layer at (0,0) size 800x600
  RenderView at (0,0) size 800x600
layer at (0,0) size 800x600
  RenderBlock {HTML} at (0,0) size 800x600
    RenderBody {BODY} at (8,8) size 784x584
      RenderBlock {P} at (0,0) size 784x21
        RenderText {#text} at (0,0) size 153x20
          text run at (0,0) width 153: "Test controls placement."
      RenderBlock (anonymous) at (0,37) size 784x74
        RenderMedia {AUDIO} at (0,0) size 200x16 [bgcolor=#0000FF]
        RenderBR {BR} at (200,16) size 0x0
        RenderBR {BR} at (0,16) size 0x20
        RenderMedia {AUDIO} at (0,37) size 320x16 [bgcolor=#0000FF]
        RenderBR {BR} at (320,53) size 0x0
        RenderBR {BR} at (0,53) size 0x20
      RenderBlock (anonymous) at (0,111) size 784x21
        RenderBR {BR} at (0,0) size 0x20
layer at (8,45) size 200x16
  RenderBlock (relative positioned) {DIV} at (0,0) size 200x16
layer at (8,45) size 200x21
  RenderBlock (positioned) {DIV} at (0,0) size 200x16
    RenderButton {INPUT} at (0,0) size 200x21
layer at (8,45) size 17x16
  RenderButton {INPUT} at (0,0) size 17x16
layer at (24,45) size 17x16
  RenderButton {INPUT} at (16,0) size 17x16
layer at (45,45) size 126x21
  RenderSlider {INPUT} at (37,0) size 126x16
layer at (45,53) size 126x21
  RenderBlock (relative positioned) {DIV} at (0,0) size 126x21
layer at (175,45) size 17x16
  RenderButton {INPUT} at (167,0) size 17x16
layer at (191,45) size 17x16
  RenderButton {INPUT} at (183,0) size 17x16
layer at (8,82) size 320x16
  RenderBlock (relative positioned) {DIV} at (0,0) size 320x16
layer at (8,82) size 320x21
  RenderBlock (positioned) {DIV} at (0,0) size 320x16
    RenderButton {INPUT} at (0,0) size 320x21
layer at (8,82) size 17x16
  RenderButton {INPUT} at (0,0) size 17x16
layer at (24,82) size 17x16
  RenderButton {INPUT} at (16,0) size 17x16
layer at (45,82) size 246x21
  RenderSlider {INPUT} at (37,0) size 246x16
layer at (45,90) size 246x21
  RenderBlock (relative positioned) {DIV} at (0,0) size 246x21
layer at (295,82) size 17x16
  RenderButton {INPUT} at (287,0) size 17x16
layer at (311,82) size 17x16
  RenderButton {INPUT} at (303,0) size 17x16
layer at (8,119) size 320x100
  RenderMedia {AUDIO} at (8,119) size 320x100 [bgcolor=#0000FF]
layer at (8,119) size 320x100
  RenderBlock (relative positioned) {DIV} at (0,0) size 320x100
layer at (8,203) size 320x21
  RenderBlock (positioned) {DIV} at (0,84) size 320x16
    RenderButton {INPUT} at (0,0) size 320x21
layer at (8,203) size 17x16
  RenderButton {INPUT} at (0,0) size 17x16
layer at (24,203) size 17x16
  RenderButton {INPUT} at (16,0) size 17x16
layer at (45,203) size 246x21
  RenderSlider {INPUT} at (37,0) size 246x16
layer at (45,211) size 246x21
  RenderBlock (relative positioned) {DIV} at (0,0) size 246x21
layer at (295,203) size 17x16
  RenderButton {INPUT} at (287,0) size 17x16
layer at (311,203) size 17x16
  RenderButton {INPUT} at (303,0) size 17x16
