layer at (0,0) size 800x600
  RenderView at (0,0) size 800x600
layer at (0,0) size 800x600
  RenderBlock {HTML} at (0,0) size 800x600
    RenderBody {BODY} at (8,8) size 784x584
      RenderBlock {P} at (0,0) size 784x18
        RenderText {#text} at (0,0) size 312x18
          text run at (0,0) width 312: "The controls should not depend on preload value."
      RenderBlock (anonymous) at (0,34) size 784x150
        RenderText {#text} at (0,0) size 0x0
layer at (8,42) size 300x150
  RenderVideo {VIDEO} at (0,0) size 300x150
layer at (8,42) size 300x150
  RenderBlock (relative positioned) {DIV} at (0,0) size 300x150
layer at (8,176) size 300x16
  RenderFlexibleBox (positioned) {DIV} at (0,134) size 300x16
    RenderButton {INPUT} at (0,0) size 16x16
    RenderFlexibleBox {DIV} at (16,0) size 252x16
      RenderSlider {INPUT} at (0,0) size 252x16
        RenderBlock {DIV} at (2,4) size 10x8
    RenderButton {INPUT} at (268,0) size 16x16
    RenderButton {INPUT} at (284,0) size 16x16
