layer at (0,0) size 800x600
  RenderView at (0,0) size 800x600
layer at (0,0) size 800x600
  RenderBlock {HTML} at (0,0) size 800x600
    RenderBody {BODY} at (8,8) size 784x584
      RenderBlock {P} at (0,0) size 784x21
        RenderText {#text} at (0,0) size 217x20
          text run at (0,0) width 217: "Test painting of transformed video"
      RenderBlock (anonymous) at (0,37) size 784x480
        RenderText {#text} at (0,139) size 4x20
          text run at (0,139) width 4: " "
        RenderBR {BR} at (210,156) size 0x0
        RenderText {#text} at (0,299) size 4x20
          text run at (0,299) width 4: " "
        RenderBR {BR} at (210,316) size 0x0
        RenderText {#text} at (0,459) size 4x20
          text run at (0,459) width 4: " "
        RenderBR {BR} at (210,476) size 0x0
layer at (12,45) size 206x156
  RenderVideo {VIDEO} at (4,0) size 206x156 [border: (3px solid #FF0000)]
layer at (12,205) size 206x156
  RenderVideo {VIDEO} at (4,160) size 206x156 [border: (3px solid #FF0000)]
layer at (12,365) size 206x156
  RenderVideo {VIDEO} at (4,320) size 206x156 [border: (3px solid #FF0000)]
