layer at (0,0) size 785x762
  RenderView at (0,0) size 785x600
layer at (0,0) size 785x600
  RenderBlock {HTML} at (0,0) size 785x600
    RenderBody {BODY} at (8,8) size 769x584
      RenderBlock {P} at (0,0) size 769x18
        RenderText {#text} at (0,0) size 153x18
          text run at (0,0) width 153: "Test controls placement."
      RenderBlock (anonymous) at (0,34) size 769x480
        RenderVideo {VIDEO} at (0,0) size 320x240
        RenderBR {BR} at (320,240) size 0x0
        RenderVideo {VIDEO} at (0,240) size 320x240
        RenderBR {BR} at (320,480) size 0x0
      RenderBlock (anonymous) at (0,514) size 769x18
        RenderBR {BR} at (0,0) size 0x18
layer at (8,42) size 320x240
  RenderBlock (relative positioned) {DIV} at (0,0) size 320x240
layer at (8,266) size 320x18
  RenderBlock (positioned) {DIV} at (0,224) size 320x16
    RenderButton {INPUT} at (0,0) size 320x18
layer at (8,266) size 17x16
  RenderButton {INPUT} at (0,0) size 17x16
layer at (24,266) size 17x16
  RenderButton {INPUT} at (16,0) size 17x16
layer at (45,266) size 246x16
  RenderSlider {INPUT} at (37,0) size 246x16
layer at (45,267) size 15x15
  RenderBlock (relative positioned) {DIV} at (0,0) size 15x15
layer at (295,266) size 17x16
  RenderButton {INPUT} at (287,0) size 17x16
layer at (311,266) size 17x16
  RenderButton {INPUT} at (303,0) size 17x16
layer at (8,282) size 320x240
  RenderBlock (relative positioned) {DIV} at (0,0) size 320x240
layer at (8,506) size 320x18
  RenderBlock (positioned) {DIV} at (0,224) size 320x16
    RenderButton {INPUT} at (0,0) size 320x18
layer at (8,506) size 17x16
  RenderButton {INPUT} at (0,0) size 17x16
layer at (24,506) size 17x16
  RenderButton {INPUT} at (16,0) size 17x16
layer at (45,506) size 246x16
  RenderSlider {INPUT} at (37,0) size 246x16
layer at (45,507) size 15x15
  RenderBlock (relative positioned) {DIV} at (0,0) size 15x15
layer at (295,506) size 17x16
  RenderButton {INPUT} at (287,0) size 17x16
layer at (311,506) size 17x16
  RenderButton {INPUT} at (303,0) size 17x16
layer at (8,522) size 320x240
  RenderVideo {VIDEO} at (8,522) size 320x240
layer at (8,522) size 320x240
  RenderBlock (relative positioned) {DIV} at (0,0) size 320x240
layer at (8,746) size 320x18 backgroundClip at (0,0) size 785x762 clip at (0,0) size 785x762 outlineClip at (0,0) size 785x762
  RenderBlock (positioned) {DIV} at (0,224) size 320x16
    RenderButton {INPUT} at (0,0) size 320x18
layer at (8,746) size 17x16
  RenderButton {INPUT} at (0,0) size 17x16
layer at (24,746) size 17x16
  RenderButton {INPUT} at (16,0) size 17x16
layer at (45,746) size 246x16
  RenderSlider {INPUT} at (37,0) size 246x16
layer at (45,747) size 15x15
  RenderBlock (relative positioned) {DIV} at (0,0) size 15x15
layer at (295,746) size 17x16
  RenderButton {INPUT} at (287,0) size 17x16
layer at (311,746) size 17x16
  RenderButton {INPUT} at (303,0) size 17x16
