layer at (0,0) size 784x692
  RenderView at (0,0) size 784x600
layer at (0,0) size 784x692
  RenderBlock {HTML} at (0,0) size 784x692
    RenderBody {BODY} at (8,8) size 768x668
      RenderTable {TABLE} at (0,0) size 768x218 [border: (2px outset #808080)]
        RenderTableSection {TBODY} at (2,2) size 764x214
          RenderTableRow {TR} at (0,0) size 764x214
            RenderTableCell {TD} at (0,0) size 202x214 [border: (1px inset #808080)] [r=0 c=0 rs=1 cs=1]
              RenderImage {IMG} at (1,1) size 100x100 [bgcolor=#008000]
              RenderImage {IMG} at (101,1) size 100x100 [bgcolor=#008000]
              RenderBR {BR} at (201,85) size 0x22
              RenderImage {IMG} at (1,107) size 100x100 [bgcolor=#008000]
              RenderImage {IMG} at (101,107) size 100x100 [bgcolor=#008000]
            RenderTableCell {TD} at (202,95) size 562x24 [border: (1px inset #808080)] [r=0 c=1 rs=1 cs=1]
              RenderText {#text} at (1,1) size 26x22
                text run at (1,1) width 26: "Foo"
      RenderTable {TABLE} at (0,218) size 768x218 [border: (2px outset #808080)]
        RenderTableSection {TBODY} at (2,2) size 764x214
          RenderTableRow {TR} at (0,0) size 764x214
            RenderTableCell {TD} at (0,0) size 202x214 [border: (1px inset #808080)] [r=0 c=0 rs=1 cs=1]
              RenderInline {SPAN} at (0,0) size 200x22
                RenderImage {IMG} at (1,1) size 100x100 [bgcolor=#008000]
                RenderImage {IMG} at (101,1) size 100x100 [bgcolor=#008000]
              RenderBR {BR} at (201,85) size 0x22
              RenderImage {IMG} at (1,107) size 100x100 [bgcolor=#008000]
              RenderImage {IMG} at (101,107) size 100x100 [bgcolor=#008000]
            RenderTableCell {TD} at (202,95) size 562x24 [border: (1px inset #808080)] [r=0 c=1 rs=1 cs=1]
              RenderText {#text} at (1,1) size 26x22
                text run at (1,1) width 26: "Foo"
      RenderBlock {P} at (0,452) size 768x216 [border: (2px solid #0000FF)]
        RenderImage {IMG} at (2,2) size 100x100 [bgcolor=#008000]
        RenderImage {IMG} at (102,2) size 100x100 [bgcolor=#008000]
        RenderBR {BR} at (202,86) size 0x22
        RenderInline {A} at (0,0) size 100x22 [color=#0000EE]
          RenderImage {IMG} at (2,108) size 100x100 [bgcolor=#008000]
        RenderImage {IMG} at (102,108) size 100x100 [bgcolor=#008000]
        RenderText {#text} at (0,0) size 0x0
