layer at (0,0) size 800x600
  RenderView at (0,0) size 800x600
layer at (0,0) size 800x84
  RenderBlock {HTML} at (0,0) size 800x84
    RenderBody {BODY} at (8,8) size 784x68
layer at (8,8) size 314x68
  RenderBlock (relative positioned) {DIV} at (0,0) size 314x68 [bgcolor=#FF0000] [border: (2px solid #000000)]
layer at (10,10) size 310x64
  RenderImage {IMG} at (2,2) size 310x64
layer at (15,31) size 300x22
  RenderBlock (relative positioned) zI: 1 {P} at (7,23) size 300x22
    RenderText zI: 1 {#text} at (28,0) size 244x22
      text run at (28,0) width 244: "There should be no red on this page"
