layer at (0,0) size 800x600
  RenderView at (0,0) size 800x600
layer at (0,0) size 800x600
  RenderBlock {HTML} at (0,0) size 800x600
    RenderBody {BODY} at (8,8) size 784x576
      RenderBlock {P} at (0,0) size 784x22
        RenderText {#text} at (0,0) size 57x22
          text run at (0,0) width 57: "Test for "
        RenderInline {I} at (0,0) size 657x22
          RenderInline {A} at (0,0) size 304x22 [color=#0000EE]
            RenderText {#text} at (57,0) size 304x22
              text run at (57,0) width 304: "http://bugs.webkit.org/show_bug.cgi?id=15091"
          RenderText {#text} at (361,0) size 353x22
            text run at (361,0) width 4: " "
            text run at (365,0) width 261: "Crash in RenderBlock::skipWhitespace "
            text run at (626,0) width 88: "during layout"
        RenderText {#text} at (714,0) size 4x22
          text run at (714,0) width 4: "."
      RenderBlock {P} at (0,38) size 784x22
        RenderText {#text} at (0,0) size 644x22
          text run at (0,0) width 644: "If Java is enabled, disable it and reload this page. You should see the word PASS at the bottom."
layer at (8,578) size 40x22
  RenderBlock (positioned) {APPLET} at (8,578) size 40x22
    RenderText {#text} at (0,0) size 40x22
      text run at (0,0) width 40: "PASS"
