layer at (0,0) size 800x600
  RenderView at (0,0) size 800x600
layer at (0,0) size 800x312
  RenderBlock {HTML} at (0,0) size 800x312
    RenderBody {BODY} at (8,16) size 784x280
      RenderBlock {P} at (0,0) size 784x22
        RenderText {#text} at (0,0) size 422x22
          text run at (0,0) width 422: "These images should all look the same, square not rectangular."
      RenderBlock {P} at (0,38) size 784x70
        RenderImage {IMG} at (0,0) size 64x64
      RenderBlock {P} at (0,124) size 784x70
        RenderImage {IMG} at (0,0) size 64x64
      RenderBlock {P} at (0,210) size 784x70
        RenderImage {IMG} at (0,0) size 64x64
