layer at (0,0) size 800x600
  RenderView at (0,0) size 800x600
layer at (0,0) size 800x600
  RenderBlock {HTML} at (0,0) size 800x600
    RenderBody {BODY} at (8,8) size 784x576
      RenderBlock {P} at (0,0) size 784x22
        RenderText {#text} at (0,0) size 620x22
          text run at (0,0) width 620: "vspace and hspace test (20 pixel white margin between blue border and yellow background)"
      RenderBlock {DIV} at (0,38) size 784x223 [border: (4px solid #0000FF)]
        RenderImage {OBJECT} at (24,24) size 233x175 [bgcolor=#FFFF00]
        RenderText {#text} at (0,0) size 0x0
      RenderBlock {P} at (0,277) size 784x22
        RenderText {#text} at (0,0) size 234x22
          text run at (0,0) width 234: "align test (aligned to the right) -->>"
      RenderImage {OBJECT} at (551,315) size 233x175
