layer at (0,0) size 800x678
  RenderView at (0,0) size 800x600
layer at (0,0) size 800x678
  RenderBlock {HTML} at (0,0) size 800x678
    RenderBody {BODY} at (8,8) size 784x662
      RenderBlock {DIV} at (0,0) size 32x662 [border: (1px solid #FF0000)]
        RenderTextControl {INPUT} at (3,3) size 168x25 [bgcolor=#FFFFFF] [border: (2px inset #000000)]
        RenderTextControl {INPUT} at (3,32) size 168x25 [bgcolor=#FFFFFF] [border: (2px inset #000000)]
        RenderText {#text} at (0,0) size 0x0
        RenderImage {IMG} at (1,59) size 27x27 [border: (1px solid #000000)]
        RenderImage {IMG} at (1,86) size 27x27 [border: (1px solid #000000)]
        RenderText {#text} at (0,0) size 0x0
        RenderButton {INPUT} at (3,115) size 47x30 [bgcolor=#C0C0C0]
          RenderBlock (anonymous) at (8,5) size 31x19
            RenderText at (0,0) size 31x19
              text run at (0,0) width 31: "input"
        RenderButton {INPUT} at (3,149) size 47x30 [bgcolor=#C0C0C0]
          RenderBlock (anonymous) at (8,5) size 31x19
            RenderText at (0,0) size 31x19
              text run at (0,0) width 31: "input"
        RenderText {#text} at (0,0) size 0x0
        RenderButton {BUTTON} at (3,183) size 56x30 [bgcolor=#C0C0C0]
          RenderBlock (anonymous) at (8,5) size 40x19
            RenderText {#text} at (0,0) size 40x19
              text run at (0,0) width 40: "button"
        RenderButton {BUTTON} at (3,217) size 56x30 [bgcolor=#C0C0C0]
          RenderBlock (anonymous) at (8,5) size 40x19
            RenderText {#text} at (0,0) size 40x19
              text run at (0,0) width 40: "button"
        RenderText {#text} at (0,0) size 0x0
        RenderMenuList {SELECT} at (3,251) size 74x25 [bgcolor=#FFFFFF]
          RenderBlock (anonymous) at (8,3) size 42x19
            RenderText at (0,0) size 37x19
              text run at (0,0) width 37: "select"
        RenderMenuList {SELECT} at (3,280) size 74x25 [bgcolor=#FFFFFF]
          RenderBlock (anonymous) at (8,3) size 42x19
            RenderText at (0,0) size 37x19
              text run at (0,0) width 37: "select"
        RenderText {#text} at (0,0) size 0x0
        RenderListBox {SELECT} at (3,309) size 59x81 [bgcolor=#FFFFFF] [border: (1px inset #808080)]
        RenderListBox {SELECT} at (3,394) size 59x81 [bgcolor=#FFFFFF] [border: (1px inset #808080)]
        RenderText {#text} at (0,0) size 0x0
        RenderBlock {INPUT} at (4,480) size 13x13
        RenderBlock {INPUT} at (4,499) size 13x13
        RenderText {#text} at (0,0) size 0x0
        RenderBlock {INPUT} at (4,518) size 13x13
        RenderBlock {INPUT} at (4,537) size 13x13
        RenderText {#text} at (0,0) size 0x0
        RenderPartObject {IFRAME} at (1,553) size 27x27 [border: (1px solid #000000)]
          layer at (0,0) size 25x25
            RenderView at (0,0) size 25x25
          layer at (0,0) size 25x8
            RenderBlock {HTML} at (0,0) size 25x8
              RenderBody {BODY} at (8,8) size 9x0
        RenderPartObject {IFRAME} at (1,580) size 27x27 [border: (1px solid #000000)]
          layer at (0,0) size 25x25
            RenderView at (0,0) size 25x25
          layer at (0,0) size 25x8
            RenderBlock {HTML} at (0,0) size 25x8
              RenderBody {BODY} at (8,8) size 9x0
        RenderText {#text} at (0,0) size 0x0
        RenderPartObject {EMBED} at (1,607) size 27x27 [border: (1px solid #000000)]
        RenderPartObject {EMBED} at (1,634) size 27x27 [border: (1px solid #000000)]
        RenderText {#text} at (0,0) size 0x0
layer at (14,14) size 162x19
  RenderBlock {DIV} at (3,3) size 162x19
layer at (14,43) size 162x19
  RenderBlock {DIV} at (3,3) size 162x19
