layer at (0,0) size 800x600
  RenderCanvas at (0,0) size 800x600
layer at (0,0) size 800x33
  RenderBlock {HTML} at (0,0) size 800x33
    RenderBody {BODY} at (8,8) size 784x17
      RenderBlock (floating) {DIV} at (0,1) size 100x100 [bgcolor=#008000]
        RenderInline {A} at (0,0) size 30x17 [color=#0000EE] [bgcolor=#000000]
          RenderText {TEXT} at (0,0) size 30x17
            text run at (0,0) width 30: "Test"
      RenderText {TEXT} at (100,0) size 35x17
        text run at (100,0) width 35: "Hello"
