layer at (0,0) size 800x600
  RenderCanvas at (0,0) size 800x600
layer at (0,0) size 800x208
  RenderBlock {HTML} at (0,0) size 800x208
    RenderBody {BODY} at (8,8) size 784x172
      RenderBlock (anonymous) at (0,0) size 784x17
        RenderInline {P} at (0,0) size 462x14 [color=#FFFFFF] [bgcolor=#FF0000]
          RenderText {TEXT} at (0,3) size 462x14
            text run at (0,3) width 462: "Ahem_font_required_for_this_test."
        RenderText {TEXT} at (0,0) size 0x0
      RenderBlock {P} at (0,31) size 784x17
        RenderText {TEXT} at (0,0) size 318x17
          text run at (0,0) width 318: "The following two boxes should look identical."
      RenderBlock {DIV} at (28,76) size 34x34 [bgcolor=#FF0000]
        RenderBlock (floating) {DIV} at (3,3) size 28x28 [color=#008000] [bgcolor=#000000]
          RenderText {TEXT} at (0,0) size 28x28
            text run at (0,0) width 28: "x"
        RenderText {TEXT} at (0,0) size 0x0
      RenderBlock {DIV} at (28,138) size 34x34 [bgcolor=#FF0000]
        RenderBlock (floating) {DIV} at (3,3) size 28x28 [color=#008000] [bgcolor=#000000]
          RenderText {TEXT} at (0,0) size 28x28
            text run at (0,0) width 28: "x"
        RenderText {TEXT} at (0,0) size 0x0
