layer at (0,0) size 800x600
  RenderCanvas at (0,0) size 800x600
layer at (0,0) size 800x8
  RenderBlock {HTML} at (0,0) size 800x8
    RenderBody {BODY} at (8,8) size 784x0
      RenderBlock (floating) {DIV} at (0,7) size 352x19
        RenderText {TEXT} at (1,1) size 188x17
          text run at (1,1) width 188: "this div disappears in Safari"
      RenderText {TEXT} at (0,0) size 0x0
      RenderText {TEXT} at (0,0) size 0x0
      RenderText {TEXT} at (0,0) size 0x0
