layer at (0,0) size 800x600
  RenderCanvas at (0,0) size 800x600
layer at (0,0) size 800x45
  RenderBlock {HTML} at (0,0) size 800x45
    RenderBody {BODY} at (8,8) size 784x29
      RenderTable {TABLE} at (0,0) size 593x29
        RenderTableSection {TBODY} at (0,0) size 0x29
          RenderTableRow {TR} at (0,0) size 0x0
            RenderTableCell {TD} at (2,2) size 285x25 [r=0 c=0 rs=1 cs=1]
              RenderTable {TABLE} at (1,1) size 283x23
                RenderTableSection {TBODY} at (0,0) size 0x23
                  RenderTableRow {TR} at (0,0) size 0x0
                    RenderTableCell {TD} at (2,2) size 279x19 [r=0 c=0 rs=1 cs=1]
                      RenderText {TEXT} at (1,1) size 277x17
                        text run at (1,1) width 277: "Look at me contributing some minwidth."
              RenderText {TEXT} at (0,0) size 0x0
            RenderTableCell {TD} at (289,13) size 302x2 [bgcolor=#FF0000] [r=0 c=1 rs=1 cs=1]
