layer at (0,0) size 808x600
  RenderCanvas at (0,0) size 800x600
layer at (0,0) size 800x8
  RenderBlock {HTML} at (0,0) size 800x8
    RenderBody {BODY} at (8,8) size 784x0
      RenderText {TEXT} at (0,0) size 0x0
layer at (8,64) size 800x122
  RenderBlock (positioned) {DIV} at (8,64) size 800x108 [bgcolor=#0000FF]
    RenderBlock (anonymous) at (0,8) size 800x0 [bgcolor=#000000]
      RenderText {TEXT} at (0,0) size 0x0 [bgcolor=#0000FF]
    RenderBlock {DIV} at (38,8) size 723x57 [bgcolor=#008000]
      RenderText {TEXT} at (0,0) size 200x17
        text run at (0,0) width 200: "some other macromedia logo"
    RenderBlock (floating) {DIV} at (0,65) size 132x49 [bgcolor=#FFFF00]
      RenderText {TEXT} at (54,16) size 24x17
        text run at (54,16) width 24: "Feh"
layer at (575,122) size 178x169
  RenderBlock (positioned) {DIV} at (567,58) size 178x169 [bgcolor=#FF0000]
    RenderText {TEXT} at (0,8) size 178x17
      text run at (0,8) width 178: "this is the pseudorNav div"
