layer at (0,0) size 800x600
  RenderCanvas at (0,0) size 800x600
layer at (0,0) size 800x164
  RenderBlock {HTML} at (0,0) size 800x164
    RenderBody {BODY} at (8,8) size 784x148
      RenderTable {TABLE} at (0,0) size 671x148 [border: (1px outset #808080)]
        RenderTableSection {TBODY} at (1,1) size 0x146
          RenderTableRow {TR} at (0,0) size 0x0
            RenderTableCell {TD} at (0,60) size 12x26 [bgcolor=#C0C0C0] [border: (1px inset #808080)] [r=0 c=0 rs=1 cs=1]
              RenderText {TEXT} at (4,4) size 4x18
                text run at (4,4) width 4: " "
            RenderTableCell {TD} at (12,0) size 657x146 [border: (1px inset #808080)] [r=0 c=1 rs=1 cs=1]
              RenderImage {IMG} at (4,4) size 102x50 [bgcolor=#FFA500]
              RenderBlock (anonymous) at (4,4) size 649x0
                RenderText {TEXT} at (0,0) size 0x0
              RenderBlock {P} at (4,4) size 649x36
                RenderText {TEXT} at (105,0) size 535x36
                  text run at (105,0) width 535: "This text should be flowing past a tall orange rectangle on the left side of the browser"
                  text run at (105,18) width 56: "window."
              RenderBlock {DIV} at (4,56) size 649x18 [bgcolor=#008000]
                RenderBR {BR} at (0,0) size 0x0
              RenderImage {IMG} at (4,74) size 102x50 [bgcolor=#FFA500]
              RenderBlock {DIV} at (4,124) size 649x18
                RenderText {TEXT} at (0,0) size 649x18
                  text run at (0,0) width 649: "This paragraph should appear below the tall orange rectangle above and to the left, and not flow past it."
