layer at (0,0) size 800x600
  RenderCanvas at (0,0) size 800x600
layer at (0,0) size 800x100
  RenderBlock {HTML} at (0,0) size 800x100
    RenderBody {BODY} at (8,8) size 784x84
      RenderBlock {DIV} at (0,0) size 110x84 [bgcolor=#808080]
        RenderImage {IMG} at (60,0) size 50x50 [bgcolor=#FFFF00]
        RenderText {TEXT} at (0,0) size 34x17
          text run at (0,0) width 34: "Blah."
        RenderImage {IMG} at (7,17) size 50x50 [bgcolor=#FF0000]
        RenderText {TEXT} at (0,67) size 102x17
          text run at (0,67) width 102: "Blah blah blah."
