layer at (0,0) size 800x600
  RenderCanvas at (0,0) size 800x600
layer at (0,0) size 800x537
  RenderBlock {HTML} at (0,0) size 800x537
    RenderBody {BODY} at (8,8) size 784x515
      RenderBlock {P} at (0,0) size 784x102
        RenderText {TEXT} at (0,0) size 780x102
          text run at (0,0) width 777: "P1: This represents the header and should be flush-left. Lorem ipsum dolor sit amet, consectetuer adipiscing elit,"
          text run at (0,17) width 776: "sed diam nonummy nibh euismod tincidunt ut laoreet dolore magna aliquam erat volutpat. Ut wisi enim ad minim"
          text run at (0,34) width 758: "veniam, quis nostrud exerci tation ullamcorper suscipit lobortis nisl ut aliquip ex ea commodo consequat. Duis"
          text run at (0,51) width 780: "autem vel eum iriure dolor in hendrerit in vulputate velit esse molestie consequat, vel illum dolore eu feugiat nulla"
          text run at (0,68) width 758: "facilisis at vero eros et accumsan et iusto odio dignissim qui blandit praesent luptatum zzril delenit augue duis"
          text run at (0,85) width 205: "dolore te feugait nulla facilisi."
      RenderBlock {DIV} at (0,116) size 784x283
        RenderBlock (floating) {H2} at (0,0) size 98x51
          RenderText {TEXT} at (37,0) size 89x51
            text run at (37,0) width 61: "H2: This"
            text run at (9,17) width 89: "should float"
            text run at (73,34) width 25: "left"
        RenderBlock (anonymous) at (0,0) size 784x0
          RenderText {TEXT} at (0,0) size 0x0
        RenderBlock {DIV} at (0,0) size 784x283
          RenderBlock {H3} at (112,0) size 672x17
            RenderText {TEXT} at (0,0) size 286x17
              text run at (0,0) width 286: "H3: This should be indented and inline"
          RenderBlock {P} at (112,31) size 672x119
            RenderText {TEXT} at (0,0) size 670x119
              text run at (0,0) width 661: "P2: This should be indented and inline. Lorem ipsum dolor sit amet, consectetuer adipiscing elit,"
              text run at (0,17) width 670: "sed diam nonummy nibh euismod tincidunt ut laoreet dolore magna aliquam erat volutpat. Ut wisi"
              text run at (0,34) width 658: "enim ad minim veniam, quis nostrud exerci tation ullamcorper suscipit lobortis nisl ut aliquip ex"
              text run at (0,51) width 624: "ea commodo consequat. Duis autem vel eum iriure dolor in hendrerit in vulputate velit esse"
              text run at (0,68) width 644: "molestie consequat, vel illum dolore eu feugiat nulla facilisis at vero eros et accumsan et iusto"
              text run at (0,85) width 628: "odio dignissim qui blandit praesent luptatum zzril delenit augue duis dolore te feugait nulla"
              text run at (0,102) width 49: "facilisi."
          RenderBlock {P} at (112,164) size 672x119
            RenderText {TEXT} at (0,0) size 666x119
              text run at (0,0) width 661: "P3: This should be indented and inline. Ut wisi enim ad minim veniam, quis nostrud exerci tation"
              text run at (0,17) width 666: "ullamcorper suscipit lobortis nisl ut aliquip ex ea commodo consequat. Duis autem vel eum iriure"
              text run at (0,34) width 634: "dolor in hendrerit in vulputate velit esse molestie consequat, vel illum dolore eu feugiat nulla"
              text run at (0,51) width 628: "facilisis at vero eros et accumsan et iusto odio dignissim qui blandit praesent luptatum zzril"
              text run at (0,68) width 624: "delenit augue duis dolore te feugait nulla facilisi. Lorem ipsum dolor sit amet, consectetuer"
              text run at (0,85) width 660: "adipiscing elit, sed diam nonummy nibh euismod tincidunt ut laoreet dolore magna aliquam erat"
              text run at (0,102) width 61: "volutpat."
      RenderBlock {P} at (0,413) size 784x102
        RenderText {TEXT} at (0,0) size 779x102
          text run at (0,0) width 768: "P4: This represents the footer and should be flush-left. Duis autem vel eum iriure dolor in hendrerit in vulputate"
          text run at (0,17) width 746: "velit esse molestie consequat, vel illum dolore eu feugiat nulla facilisis at vero eros et accumsan et iusto odio"
          text run at (0,34) width 779: "dignissim qui blandit praesent luptatum zzril delenit augue duis dolore te feugait nulla facilisi. Lorem ipsum dolor"
          text run at (0,51) width 726: "sit amet, consectetuer adipiscing elit, sed diam nonummy nibh euismod tincidunt ut laoreet dolore magna"
          text run at (0,68) width 773: "aliquam erat volutpat. Ut wisi enim ad minim veniam, quis nostrud exerci tation ullamcorper suscipit lobortis nisl"
          text run at (0,85) width 257: "ut aliquip ex ea commodo consequat."
