layer at (0,0) size 800x600
  RenderCanvas at (0,0) size 800x600
layer at (0,0) size 800x33
  RenderBlock {HTML} at (0,0) size 800x33
    RenderBody {BODY} at (8,8) size 784x17
      RenderText {TEXT} at (0,0) size 366x17
        text run at (0,0) width 366: "The two black rectangles below should look identical."
      RenderText {TEXT} at (0,0) size 0x0
      RenderText {TEXT} at (0,0) size 0x0
layer at (8,50) size 204x54
  RenderBlock (positioned) {DIV} at (8,50) size 204x54
    RenderBlock (floating) {DIV} at (2,2) size 50x50 [bgcolor=#008000]
    RenderBlock {DIV} at (152,2) size 50x50 [bgcolor=#008000]
layer at (8,114) size 204x54
  RenderBlock (positioned) {DIV} at (8,114) size 204x54
    RenderText {TEXT} at (0,0) size 0x0
    RenderText {TEXT} at (0,0) size 0x0
layer at (10,116) size 50x50
  RenderBlock (positioned) {DIV} at (2,2) size 50x50 [bgcolor=#008000]
layer at (160,116) size 50x50
  RenderBlock (positioned) {DIV} at (152,2) size 50x50 [bgcolor=#008000]
