layer at (0,0) size 785x1432
  RenderCanvas at (0,0) size 785x600
layer at (0,0) size 785x1432
  RenderBlock {HTML} at (0,0) size 785x1432
    RenderBody {BODY} at (8,8) size 769x1416
      RenderBlock {DIV} at (0,0) size 769x200
        RenderBlock (floating) {DIV} at (569,0) size 200x200 [bgcolor=#FF0000]
        RenderTable {TABLE} at (0,0) size 569x46 [border: (2px solid #008000)]
          RenderTableSection {TBODY} at (2,2) size 0x42
            RenderTableRow {TR} at (0,0) size 0x0
              RenderTableCell {TD} at (2,2) size 561x38 [r=0 c=0 rs=1 cs=1]
                RenderText {TEXT} at (8,1) size 552x36
                  text run at (8,1) width 552: "This is a table. It should sit on the same line as the float and wrap as needed to fit within"
                  text run at (403,19) width 4 RTL: "."
                  text run at (407,19) width 153: "the remaining line width"
      RenderBlock {DIV} at (0,200) size 769x200
        RenderBlock (floating) {DIV} at (569,0) size 200x200 [bgcolor=#FF0000]
      RenderBlock {DIV} at (0,408) size 769x200
        RenderBlock (floating) {DIV} at (569,0) size 200x200 [bgcolor=#FF0000]
        RenderBlock {HR} at (0,0) size 569x2 [border: (1px inset #000000)]
      RenderBlock {DIV} at (0,608) size 769x200
        RenderBlock (floating) {DIV} at (569,0) size 200x200 [bgcolor=#FF0000]
        RenderTable {TABLE} at (185,0) size 384x46 [border: (2px solid #008000)]
          RenderTableSection {TBODY} at (2,2) size 0x42
            RenderTableRow {TR} at (0,0) size 0x0
              RenderTableCell {TD} at (2,2) size 376x38 [r=0 c=0 rs=1 cs=1]
                RenderText {TEXT} at (2,1) size 373x36
                  text run at (2,1) width 373: "This is a table. It should sit on the same line as the float and"
                  text run at (39,19) width 4 RTL: "."
                  text run at (43,19) width 332: "wrap as needed to fit within the remaining line width"
      RenderBlock {DIV} at (0,808) size 769x200
        RenderBlock (floating) {DIV} at (569,0) size 200x200 [bgcolor=#FF0000]
      RenderBlock {DIV} at (0,1016) size 769x200
        RenderBlock (floating) {DIV} at (569,0) size 200x200 [bgcolor=#FF0000]
        RenderBlock {HR} at (283,0) size 286x2 [border: (1px inset #000000)]
      RenderBlock {DIV} at (0,1216) size 769x200
        RenderBlock (floating) {DIV} at (569,0) size 200x200 [bgcolor=#FF0000]
        RenderImage {IMG} at (285,0) size 284x50 [bgcolor=#008000]
layer at (8,208) size 569x55 clip at (10,210) size 550x36
  RenderBlock {DIV} at (0,0) size 569x55 [border: (2px solid #0000FF)]
    RenderText {TEXT} at (9,2) size 543x36
      text run at (9,2) width 543: "This is an overflow:scroll region. It should sit on the same line as the float and wrap as"
      text run at (269,20) width 4 RTL: "."
      text run at (273,20) width 279: "needed to fit within the remaining line width"
layer at (289,816) size 288x91 clip at (291,818) size 269x72
  RenderBlock {DIV} at (281,0) size 288x91 [border: (2px solid #0000FF)]
    RenderText {TEXT} at (4,2) size 267x72
      text run at (4,2) width 267: "This is an overflow:scroll region. It should"
      text run at (16,20) width 255: "sit on the same line as the float and wrap"
      text run at (15,38) width 256: "as needed to fit within the remaining line"
      text run at (231,56) width 4 RTL: "."
      text run at (235,56) width 36: "width"
