layer at (0,0) size 800x600
  RenderView at (0,0) size 800x600
layer at (0,0) size 800x158
  RenderBlock {HTML} at (0,0) size 800x158
    RenderBody {BODY} at (8,16) size 784x126
      RenderBlock (floating) {DIV} at (556,0) size 228x58 [bgcolor=#CC6666]
        RenderText {#text} at (20,20) size 188x18
          text run at (20,20) width 188: "DIV NUMBER 1: float:right;"
      RenderBlock (floating) {DIV} at (485,58) size 299x58 [bgcolor=#99CC66]
        RenderText {#text} at (20,20) size 259x18
          text run at (20,20) width 259: "DIV NUMBER 2: clear:right; float:right;"
      RenderBlock (floating) {DIV} at (0,0) size 219x58 [bgcolor=#6699FF]
        RenderText {#text} at (20,20) size 179x18
          text run at (20,20) width 179: "DIV NUMBER 3: float:left;"
      RenderBlock {P} at (0,0) size 784x126
        RenderText {#text} at (219,0) size 556x108
          text run at (219,0) width 320: "The first element is floated to the right. The second"
          text run at (219,18) width 337: "element clears the right float and also floats right. The"
          text run at (219,36) width 335: "third element is floated to the left, but is forced below"
          text run at (219,54) width 314: "the bottom of the first element. Yet, somehow this"
          text run at (0,72) width 476: "paragraph comes at the end of the markup, and manages to rise to the top of"
          text run at (0,90) width 400: "the page. This behavior is present in Firefox, Safari and Opera. "
        RenderInline {A} at (0,0) size 470x36 [color=#0000EE]
          RenderInline {STRONG} at (0,0) size 470x36
            RenderText {#text} at (400,90) size 470x36
              text run at (400,90) width 70: "Click here"
              text run at (0,108) width 245: "for a real world example of this bug."
