layer at (0,0) size 800x600
  RenderView at (0,0) size 800x600
layer at (0,0) size 800x88
  RenderBlock {html} at (0,0) size 800x88
    RenderBody {body} at (8,8) size 784x72
      RenderTable {table} at (0,0) size 81x72
        RenderBlock {caption} at (0,0) size 81x72
          RenderText {#text} at (19,0) size 81x72
            text run at (19,0) width 43: "PASS:"
            text run at (0,18) width 81: "Dynamically"
            text run at (21,36) width 39: "added"
            text run at (17,54) width 47: "caption"
