layer at (0,0) size 785x1904
  RenderView at (0,0) size 785x600
layer at (0,0) size 785x1904
  RenderBlock {HTML} at (0,0) size 785x1904
    RenderBody {BODY} at (8,8) size 769x1888
      RenderBlock (anonymous) at (0,0) size 769x18
        RenderText {#text} at (0,0) size 79x18
          text run at (0,0) width 79: "1 green box:"
      RenderBlock {DIV} at (0,18) size 769x26 [border: (2px solid #008000)]
        RenderBlock {DIV} at (2,2) size 765x22 [border: (2px solid #FF0000)]
          RenderText {#text} at (2,2) size 35x18
            text run at (2,2) width 35: "failed"
      RenderBlock (anonymous) at (0,44) size 769x18
        RenderText {#text} at (0,0) size 168x18
          text run at (0,0) width 12: "2 "
          text run at (12,0) width 156: "green box with word ok:"
      RenderBlock {DIV} at (0,62) size 769x26 [border: (2px solid #FF0000)]
        RenderBlock {DIV} at (2,2) size 765x22 [border: (2px solid #008000)]
          RenderText {#text} at (2,2) size 16x18
            text run at (2,2) width 16: "ok"
      RenderBlock (anonymous) at (0,88) size 769x18
        RenderText {#text} at (0,0) size 168x18
          text run at (0,0) width 168: "3 green box with word ok:"
      RenderBlock (anonymous) at (0,106) size 769x90
        RenderBR {BR} at (0,0) size 0x18
        RenderBR {BR} at (0,18) size 0x18
        RenderBR {BR} at (0,36) size 0x18
        RenderBR {BR} at (0,54) size 0x18
        RenderText {#text} at (0,72) size 168x18
          text run at (0,72) width 168: "4 green box with word ok:"
      RenderBlock (anonymous) at (0,196) size 769x90
        RenderBR {BR} at (0,0) size 0x18
        RenderBR {BR} at (0,18) size 0x18
        RenderBR {BR} at (0,36) size 0x18
        RenderBR {BR} at (0,54) size 0x18
        RenderText {#text} at (0,72) size 168x18
          text run at (0,72) width 168: "5 green box with word ok:"
      RenderBlock (anonymous) at (0,286) size 769x90
        RenderBR {BR} at (0,0) size 0x18
        RenderBR {BR} at (0,18) size 0x18
        RenderBR {BR} at (0,36) size 0x18
        RenderBR {BR} at (0,54) size 0x18
        RenderText {#text} at (0,72) size 168x18
          text run at (0,72) width 168: "6 green box with word ok:"
      RenderBlock (anonymous) at (0,376) size 769x90
        RenderBR {BR} at (0,0) size 0x18
        RenderBR {BR} at (0,18) size 0x18
        RenderBR {BR} at (0,36) size 0x18
        RenderBR {BR} at (0,54) size 0x18
        RenderText {#text} at (0,72) size 168x18
          text run at (0,72) width 168: "7 green box with word ok:"
      RenderBlock (anonymous) at (0,466) size 769x90
        RenderBR {BR} at (0,0) size 0x18
        RenderBR {BR} at (0,18) size 0x18
        RenderBR {BR} at (0,36) size 0x18
        RenderBR {BR} at (0,54) size 0x18
        RenderText {#text} at (0,72) size 215x18
          text run at (0,72) width 215: "8 double green box with word ok:"
      RenderBlock (anonymous) at (0,556) size 769x90
        RenderBR {BR} at (0,0) size 0x18
        RenderBR {BR} at (0,18) size 0x18
        RenderBR {BR} at (0,36) size 0x18
        RenderBR {BR} at (0,54) size 0x18
        RenderText {#text} at (0,72) size 168x18
          text run at (0,72) width 168: "9 green box with word ok:"
      RenderBlock (anonymous) at (0,646) size 769x90
        RenderBR {BR} at (0,0) size 0x18
        RenderBR {BR} at (0,18) size 0x18
        RenderBR {BR} at (0,36) size 0x18
        RenderBR {BR} at (0,54) size 0x18
        RenderText {#text} at (0,72) size 87x18
          text run at (0,72) width 87: "10 green box:"
      RenderBlock (anonymous) at (0,736) size 769x90
        RenderBR {BR} at (0,0) size 0x18
        RenderBR {BR} at (0,18) size 0x18
        RenderBR {BR} at (0,36) size 0x18
        RenderBR {BR} at (0,54) size 0x18
        RenderText {#text} at (0,72) size 176x18
          text run at (0,72) width 176: "11 green box with word ok:"
      RenderBlock (anonymous) at (0,826) size 769x90
        RenderBR {BR} at (0,0) size 0x18
        RenderBR {BR} at (0,18) size 0x18
        RenderBR {BR} at (0,36) size 0x18
        RenderBR {BR} at (0,54) size 0x18
        RenderText {#text} at (0,72) size 176x18
          text run at (0,72) width 176: "12 green box with word ok:"
      RenderBlock (anonymous) at (0,916) size 769x90
        RenderBR {BR} at (0,0) size 0x18
        RenderBR {BR} at (0,18) size 0x18
        RenderBR {BR} at (0,36) size 0x18
        RenderBR {BR} at (0,54) size 0x18
        RenderText {#text} at (0,72) size 87x18
          text run at (0,72) width 87: "13 green box:"
      RenderBlock (anonymous) at (0,1006) size 769x90
        RenderBR {BR} at (0,0) size 0x18
        RenderBR {BR} at (0,18) size 0x18
        RenderBR {BR} at (0,36) size 0x18
        RenderBR {BR} at (0,54) size 0x18
        RenderText {#text} at (0,72) size 176x18
          text run at (0,72) width 176: "14 green box with word ok:"
      RenderBlock (anonymous) at (0,1096) size 769x90
        RenderBR {BR} at (0,0) size 0x18
        RenderBR {BR} at (0,18) size 0x18
        RenderBR {BR} at (0,36) size 0x18
        RenderBR {BR} at (0,54) size 0x18
        RenderText {#text} at (0,72) size 176x18
          text run at (0,72) width 176: "15 green box with word ok:"
      RenderBlock (anonymous) at (0,1186) size 769x90
        RenderBR {BR} at (0,0) size 0x18
        RenderBR {BR} at (0,18) size 0x18
        RenderBR {BR} at (0,36) size 0x18
        RenderBR {BR} at (0,54) size 0x18
        RenderText {#text} at (0,72) size 176x18
          text run at (0,72) width 176: "16 green box with word ok:"
      RenderBlock (anonymous) at (0,1276) size 769x90
        RenderBR {BR} at (0,0) size 0x18
        RenderBR {BR} at (0,18) size 0x18
        RenderBR {BR} at (0,36) size 0x18
        RenderBR {BR} at (0,54) size 0x18
        RenderText {#text} at (0,72) size 176x18
          text run at (0,72) width 176: "17 green box with word ok:"
      RenderBlock (anonymous) at (0,1366) size 769x90
        RenderBR {BR} at (0,0) size 0x18
        RenderBR {BR} at (0,18) size 0x18
        RenderBR {BR} at (0,36) size 0x18
        RenderBR {BR} at (0,54) size 0x18
        RenderText {#text} at (0,72) size 176x18
          text run at (0,72) width 176: "18 green box with word ok:"
      RenderBlock (anonymous) at (0,1456) size 769x90
        RenderBR {BR} at (0,0) size 0x18
        RenderBR {BR} at (0,18) size 0x18
        RenderBR {BR} at (0,36) size 0x18
        RenderBR {BR} at (0,54) size 0x18
        RenderText {#text} at (0,72) size 176x18
          text run at (0,72) width 176: "19 green box with word ok:"
      RenderBlock (anonymous) at (0,1546) size 769x90
        RenderBR {BR} at (0,0) size 0x18
        RenderBR {BR} at (0,18) size 0x18
        RenderBR {BR} at (0,36) size 0x18
        RenderBR {BR} at (0,54) size 0x18
        RenderText {#text} at (0,72) size 87x18
          text run at (0,72) width 87: "20 green box:"
      RenderBlock (anonymous) at (0,1636) size 769x90
        RenderBR {BR} at (0,0) size 0x18
        RenderBR {BR} at (0,18) size 0x18
        RenderBR {BR} at (0,36) size 0x18
        RenderBR {BR} at (0,54) size 0x18
        RenderText {#text} at (0,72) size 217x18
          text run at (0,72) width 217: "21 two green boxes with word ok:"
      RenderBlock (anonymous) at (0,1726) size 769x90
        RenderBR {BR} at (0,0) size 0x18
        RenderBR {BR} at (0,18) size 0x18
        RenderBR {BR} at (0,36) size 0x18
        RenderBR {BR} at (0,54) size 0x18
        RenderText {#text} at (0,72) size 176x18
          text run at (0,72) width 176: "22 green box with word ok:"
      RenderBlock (anonymous) at (0,1816) size 769x72
        RenderBR {BR} at (0,0) size 0x18
        RenderBR {BR} at (0,18) size 0x18
        RenderBR {BR} at (0,36) size 0x18
        RenderBR {BR} at (0,54) size 0x18
layer at (0,114) size 785x34
  RenderBlock (positioned) {DIV} at (0,114) size 785x34 [border: (2px solid #FF0000)]
    RenderBlock {DIV} at (2,2) size 781x22 [border: (2px solid #008000)]
      RenderText {#text} at (2,2) size 16x18
        text run at (2,2) width 16: "ok"
layer at (2,206) size 781x30
  RenderBlock (positioned) {DIV} at (2,2) size 781x30 [border: (2px solid #008000)]
    RenderText {#text} at (2,2) size 16x18
      text run at (2,2) width 16: "ok"
layer at (0,294) size 785x34
  RenderBlock (positioned) {DIV} at (0,294) size 785x34 [border: (2px solid #FF0000)]
    RenderBlock {DIV} at (2,2) size 781x26 [border: (2px solid #FF0000)]
      RenderBlock {DIV} at (2,2) size 777x22 [border: (2px solid #008000)]
        RenderText {#text} at (2,2) size 16x18
          text run at (2,2) width 16: "ok"
layer at (2,386) size 781x30
  RenderBlock (positioned) {DIV} at (2,2) size 781x30 [border: (2px solid #FF0000)]
    RenderBlock {DIV} at (2,2) size 777x22 [border: (2px solid #008000)]
      RenderText {#text} at (2,2) size 16x18
        text run at (2,2) width 16: "ok"
layer at (4,478) size 777x26
  RenderBlock (positioned) {DIV} at (2,2) size 777x26 [border: (2px solid #008000)]
    RenderText {#text} at (2,2) size 16x18
      text run at (2,2) width 16: "ok"
layer at (0,564) size 785x34
  RenderBlock (positioned) {DIV} at (0,564) size 785x34 [border: (2px solid #008000)]
layer at (4,568) size 777x26
  RenderBlock (positioned) {DIV} at (2,2) size 777x26 [border: (2px solid #008000)]
    RenderText {#text} at (2,2) size 16x18
      text run at (2,2) width 16: "ok"
layer at (2,746) size 781x30
  RenderBlock (positioned) {DIV} at (2,2) size 781x30 [border: (2px solid #008000)]
layer at (0,924) size 785x34
  RenderBlock (positioned) {DIV} at (0,924) size 785x34 [border: (2px solid #FF0000)]
    RenderBlock {DIV} at (2,2) size 781x26 [border: (2px solid #FF0000)]
      RenderBlock {DIV} at (2,2) size 777x22 [border: (2px solid #008000)]
        RenderText {#text} at (2,2) size 16x18
          text run at (2,2) width 16: "ok"
layer at (0,1014) size 785x34
  RenderBlock (positioned) {DIV} at (0,1014) size 785x34 [border: (2px solid #FF0000)]
    RenderBlock {DIV} at (2,2) size 781x26 [border: (2px solid #008000)]
      RenderBlock {DIV} at (2,2) size 777x22 [border: (2px solid #FF0000)]
        RenderText {#text} at (2,2) size 35x18
          text run at (2,2) width 35: "failed"
layer at (0,1284) size 785x50
  RenderBlock (positioned) {DIV} at (0,1284) size 785x34 [border: (2px solid #FF0000)]
    RenderBlock {DIV} at (2,2) size 781x48 [border: (2px solid #FF0000)]
      RenderBlock {DIV} at (2,2) size 777x22 [border: (2px solid #FF0000)]
        RenderText {#text} at (2,2) size 20x18
          text run at (2,2) width 20: "fail"
      RenderBlock {DIV} at (2,24) size 777x22 [border: (2px solid #008000)]
        RenderText {#text} at (2,2) size 16x18
          text run at (2,2) width 16: "ok"
layer at (0,1464) size 785x50
  RenderBlock (positioned) {DIV} at (0,1464) size 785x34 [border: (2px solid #FF0000)]
    RenderBlock {DIV} at (2,2) size 781x48 [border: (2px solid #FF0000)]
      RenderBlock {DIV} at (2,2) size 777x22 [border: (2px solid #FF0000)]
        RenderText {#text} at (2,2) size 20x18
          text run at (2,2) width 20: "fail"
      RenderBlock {DIV} at (2,24) size 777x22 [border: (2px solid #008000)]
        RenderText {#text} at (2,2) size 16x18
          text run at (2,2) width 16: "ok"
layer at (0,1554) size 785x54
  RenderBlock (positioned) {DIV} at (0,1554) size 785x34 [border: (2px solid #FF0000)]
    RenderBlock {DIV} at (2,2) size 781x26 [border: (2px solid #FF0000)]
      RenderBlock {DIV} at (2,2) size 777x22 [border: (2px solid #FF0000)]
        RenderText {#text} at (2,2) size 20x18
          text run at (2,2) width 20: "fail"
    RenderBlock {DIV} at (2,28) size 781x26 [border: (2px solid #FF0000)]
      RenderBlock {DIV} at (2,2) size 777x22 [border: (2px solid #008000)]
        RenderText {#text} at (2,2) size 16x18
          text run at (2,2) width 16: "ok"
layer at (0,1644) size 785x50
  RenderBlock (positioned) {DIV} at (0,1644) size 785x34 [border: (2px solid #FF0000)]
    RenderBlock {DIV} at (2,2) size 781x48 [border: (2px solid #008000)]
      RenderBlock {DIV} at (2,2) size 777x22 [border: (2px solid #FF0000)]
        RenderText {#text} at (2,2) size 16x18
          text run at (2,2) width 16: "ok"
      RenderBlock {DIV} at (2,24) size 777x22 [border: (2px solid #008000)]
        RenderText {#text} at (2,2) size 16x18
          text run at (2,2) width 16: "ok"
layer at (0,1734) size 785x54
  RenderBlock (positioned) {DIV} at (0,1734) size 785x34 [border: (2px solid #FF0000)]
    RenderBlock {DIV} at (2,2) size 781x26 [border: (2px solid #FF0000)]
      RenderBlock {DIV} at (2,2) size 777x22 [border: (2px solid #008000)]
        RenderText {#text} at (2,2) size 16x18
          text run at (2,2) width 16: "ok"
    RenderBlock {DIV} at (2,28) size 781x26 [border: (2px solid #FF0000)]
      RenderBlock {DIV} at (2,2) size 777x22 [border: (2px solid #008000)]
        RenderText {#text} at (2,2) size 16x18
          text run at (2,2) width 16: "ok"
layer at (2,1826) size 781x30
  RenderBlock (positioned) {DIV} at (2,2) size 781x30 [border: (2px solid #008000)]
    RenderText {#text} at (2,2) size 16x18
      text run at (2,2) width 16: "ok"
