layer at (0,0) size 800x600
  RenderView at (0,0) size 800x600
layer at (0,0) size 800x600
  RenderBlock {HTML} at (0,0) size 800x600
    RenderBody {BODY} at (8,8) size 784x584
      RenderBlock {P} at (0,0) size 784x18
        RenderText {#text} at (0,0) size 53x18
          text run at (0,0) width 53: "Test for "
        RenderInline {I} at (0,0) size 687x18
          RenderInline {A} at (0,0) size 293x18 [color=#0000EE]
            RenderText {#text} at (53,0) size 293x18
              text run at (53,0) width 293: "http://bugs.webkit.org/show_bug.cgi?id=8360"
          RenderText {#text} at (346,0) size 394x18
            text run at (346,0) width 4: " "
            text run at (350,0) width 390: "Repro crash when onscroll handler deletes the scrolled object"
        RenderText {#text} at (740,0) size 4x18
          text run at (740,0) width 4: "."
      RenderBlock {P} at (0,34) size 784x18
        RenderText {#text} at (0,0) size 48x18
          text run at (0,0) width 48: "Result: "
        RenderInline {SPAN} at (0,0) size 71x18
          RenderText {#text} at (48,0) size 71x18
            text run at (48,0) width 71: "SUCCESS"
        RenderText {#text} at (0,0) size 0x0
layer at (8,76) size 200x100
  RenderBlock {DIV} at (0,68) size 200x100
layer at (8,176) size 200x100 clip at (8,176) size 185x100 scrollY 100 scrollHeight 200
  RenderBlock {DIV} at (0,168) size 200x100
    RenderBlock {DIV} at (0,0) size 185x200
    RenderBlock {DIV} at (0,200) size 185x0
