layer at (0,0) size 800x600
  RenderCanvas at (0,0) size 800x600
layer at (0,0) size 800x254
  RenderBlock {HTML} at (0,0) size 800x254
    RenderBody {BODY} at (8,8) size 784x232
      RenderBlock {DIV} at (0,0) size 784x97
        RenderBlock (floating) {DIV} at (10,10) size 120x120 [bgcolor=#FFA500]
        RenderBlock (anonymous) at (10,10) size 764x0
          RenderText {TEXT} at (0,0) size 0x0
        RenderListItem {DIV} at (10,10) size 764x77
          RenderListItem {DIV} at (10,10) size 744x57
            RenderListItem {DIV} at (10,10) size 724x37
              RenderListMarker at (128,10) size 0x14
              RenderListMarker at (128,10) size 0x14
              RenderListMarker at (128,10) size 0x14
              RenderText {TEXT} at (128,10) size 95x17
                text run at (128,10) width 95: "List item text."
      RenderBlock {UL} at (0,111) size 784x121
        RenderListItem {LI} at (40,0) size 744x121
          RenderListMarker at (160,52) size 0x14
          RenderText {TEXT} at (160,52) size 532x17
            text run at (160,52) width 532: "Foo fofodfosjlkdf dslkdjlk asdlksjald djklsd klasjdkas sdajd lsadjkl asjdlksajdk"
