layer at (0,0) size 800x600
  RenderCanvas at (0,0) size 800x600
layer at (0,0) size 800x112
  RenderBlock {HTML} at (0,0) size 800x112
    RenderBody {BODY} at (8,8) size 784x88
      RenderBlock {DIV} at (0,0) size 784x36
        RenderBlock {UL} at (0,0) size 784x36
          RenderListItem {LI} at (40,0) size 744x18
            RenderListMarker at (705,0) size 0x14
            RenderInline {A} at (0,0) size 39x18 [color=#0000EE]
              RenderText {TEXT} at (705,0) size 39x18
                text run at (705,0) width 39: "Home"
          RenderListItem {LI} at (40,18) size 744x18
            RenderListMarker at (687,0) size 0x14
            RenderInline {A} at (0,0) size 57x18 [color=#0000EE]
              RenderText {TEXT} at (687,0) size 57x18
                text run at (687,0) width 57: "Archives"
      RenderBlock {P} at (0,52) size 784x36
        RenderText {TEXT} at (0,0) size 764x36
          text run at (0,0) width 537: "This test case illustrates the correct positioning of list item bullets according to CSS3. "
          text run at (537,0) width 227: "The bullets should be on the far left,"
          text run at (0,18) width 278: "with the text of the list items on the far right."
