layer at (0,0) size 800x600
  RenderCanvas at (0,0) size 800x600
layer at (0,0) size 800x39
  RenderBlock {HTML} at (0,0) size 800x39
    RenderBody {BODY} at (8,8) size 784x23
      RenderTable {TABLE} at (0,0) size 56x23
        RenderTableSection {TBODY} at (2,2) size 0x19
          RenderTableRow {TR} at (0,0) size 0x0
            RenderTableCell {TD} at (0,1) size 16x16 [r=0 c=0 rs=1 cs=1]
              RenderListItem {LI} at (1,1) size 14x14
                RenderListMarker at (0,0) size 14x14
                RenderImage {IMG} at (14,14) size 0x0
            RenderTableCell {TD} at (16,0) size 36x19 [r=0 c=1 rs=1 cs=1]
              RenderText {TEXT} at (1,1) size 34x17
                text run at (1,1) width 34: "hello"
