layer at (0,0) size 800x600
  RenderCanvas at (0,0) size 800x600
layer at (0,0) size 800x56
  RenderBlock {HTML} at (0,0) size 800x56
    RenderBody {BODY} at (8,8) size 784x34
      RenderBlock {OL} at (0,0) size 784x34
        RenderListItem {LI} at (40,0) size 744x34
          RenderBlock (anonymous) at (0,0) size 744x17
            RenderListMarker at (0,0) size 0x14
            RenderInline {I} at (0,0) size 70x16
              RenderInline {U} at (0,0) size 70x16
                RenderText {TEXT} at (0,1) size 70x16
                  text run at (0,1) width 70: "Hello world"
            RenderText {TEXT} at (0,0) size 0x0
          RenderBlock {OL} at (0,17) size 744x17
            RenderListItem {LI} at (40,0) size 704x17
              RenderListMarker at (0,0) size 0x14
              RenderText {TEXT} at (0,0) size 61x17
                text run at (0,0) width 61: "Goodbye"
