layer at (0,0) size 800x600
  RenderCanvas at (0,0) size 800x600
layer at (0,0) size 800x96
  RenderBlock {HTML} at (0,0) size 800x96
    RenderBody {BODY} at (8,8) size 784x72
      RenderBlock {UL} at (0,0) size 784x72 [bgcolor=#808080] [border: (25px solid #008000)]
        RenderListItem {LI} at (50,0) size 734x18 [bgcolor=#000000]
          RenderListMarker at (0,0) size 0x14
          RenderText {TEXT} at (0,0) size 715x18
            text run at (0,0) width 715: "The left padding on this unordered list has been set to 25 pixels, which will require some extra test in order to test."
        RenderListItem {LI} at (50,18) size 734x54 [bgcolor=#FFFFFF] [border: (25px solid #008000)]
          RenderListMarker at (50,0) size 0x14 [bgcolor=#000000]
          RenderText {TEXT} at (50,0) size 675x54
            text run at (50,0) width 604: "Another list item might not be such a bad idea, either, considering that such things do need to be"
            text run at (50,18) width 108: "double-checked. "
            text run at (158,18) width 567: "This list item has its left padding also set to 25 pixels, which should combine with the list's"
            text run at (50,36) width 235: "padding to make 50 pixels of margin."
