layer at (0,0) size 1518x600
  RenderView at (0,0) size 785x585
layer at (0,0) size 1518x600
  RenderBlock {HTML} at (0,0) size 785x600
    RenderBody {BODY} at (8,8) size 769x576
      RenderBlock {OL} at (0,0) size 769x18
        RenderListItem {LI} at (40,0) size 729x18
          RenderListMarker at (-20,0) size 16x18
          RenderText {#text} at (0,0) size 1470x18
            text run at (0,0) width 1470: "aaaaaaaaaaaaaaaaaaaaaaaaaaaaaaaaaaaaaaaaaaaaaaaaaaaaaaaaaaaaaaaaaaaaaaaaaaaaaaaaaaaaaaaaaaaaaaaaaaaaaaaaaaaaaaaaaaaaaaaaaaaaaaaaaaaaaaaaaaaaaaaaaaaaaaaaaaaaaaaaaaaaaaaaaaaaaaaaaaaaaaaaaaaaaaaaaaaaaaaaaaaaaaaaaa"
      RenderBlock {OL} at (0,34) size 769x36
        RenderListItem {LI} at (40,0) size 729x36
          RenderListMarker at (0,0) size 16x18
          RenderText {#text} at (0,18) size 1470x18
            text run at (0,18) width 1470: "aaaaaaaaaaaaaaaaaaaaaaaaaaaaaaaaaaaaaaaaaaaaaaaaaaaaaaaaaaaaaaaaaaaaaaaaaaaaaaaaaaaaaaaaaaaaaaaaaaaaaaaaaaaaaaaaaaaaaaaaaaaaaaaaaaaaaaaaaaaaaaaaaaaaaaaaaaaaaaaaaaaaaaaaaaaaaaaaaaaaaaaaaaaaaaaaaaaaaaaaaaaaaaaaaa"
