layer at (0,0) size 800x600
  RenderView at (0,0) size 800x600
layer at (0,0) size 800x600
  RenderBlock {HTML} at (0,0) size 800x600
    RenderBody {BODY} at (8,8) size 784x576
      RenderBlock {H2} at (0,0) size 784x28
        RenderText {#text} at (0,0) size 509x28
          text run at (0,0) width 509: "The following lists have list-style-position: outside"
      RenderBlock {P} at (0,47) size 784x18
        RenderInline {U} at (0,0) size 105x18
          RenderText {#text} at (0,0) size 105x18
            text run at (0,0) width 105: "text-align: center"
      RenderBlock {UL} at (0,81) size 784x54
        RenderListItem {LI} at (40,0) size 744x18
          RenderListMarker at (253,0) size 7x18: bullet
          RenderText {#text} at (270,0) size 203x18
            text run at (270,0) width 203: "Earl Grey Tea - A fine black tea"
        RenderListItem {LI} at (40,18) size 744x18
          RenderListMarker at (220,0) size 7x18: bullet
          RenderText {#text} at (237,0) size 270x18
            text run at (237,0) width 270: "Jasmine Tea - A fabulous \"all purpose\" tea"
        RenderListItem {LI} at (40,36) size 744x18
          RenderListMarker at (219,0) size 7x18: bullet
          RenderText {#text} at (236,0) size 271x18
            text run at (236,0) width 271: "Honeybush Tea - A super fruity delight tea"
      RenderBlock (anonymous) at (0,151) size 784x18
        RenderBR {BR} at (0,0) size 0x18
      RenderBlock {P} at (0,185) size 784x18
        RenderInline {U} at (0,0) size 96x18
          RenderText {#text} at (0,0) size 96x18
            text run at (0,0) width 96: "text-align: right"
      RenderBlock {UL} at (0,219) size 784x54
        RenderListItem {LI} at (40,0) size 744x18
          RenderListMarker at (524,0) size 7x18: bullet
          RenderText {#text} at (541,0) size 203x18
            text run at (541,0) width 203: "Earl Grey Tea - A fine black tea"
        RenderListItem {LI} at (40,18) size 744x18
          RenderListMarker at (457,0) size 7x18: bullet
          RenderText {#text} at (474,0) size 270x18
            text run at (474,0) width 270: "Jasmine Tea - A fabulous \"all purpose\" tea"
        RenderListItem {LI} at (40,36) size 744x18
          RenderListMarker at (456,0) size 7x18: bullet
          RenderText {#text} at (473,0) size 271x18
            text run at (473,0) width 271: "Honeybush Tea - A super fruity delight tea"
      RenderBlock {H2} at (0,292) size 784x28
        RenderText {#text} at (0,0) size 509x28
          text run at (0,0) width 509: "The following lists have list-style-position: outside"
      RenderBlock {P} at (0,339) size 784x18
        RenderInline {U} at (0,0) size 105x18
          RenderText {#text} at (0,0) size 105x18
            text run at (0,0) width 105: "text-align: center"
      RenderBlock {UL} at (0,373) size 784x54
        RenderListItem {LI} at (40,0) size 744x18
          RenderListMarker at (253,0) size 7x18: bullet
          RenderText {#text} at (270,0) size 203x18
            text run at (270,0) width 203: "Earl Grey Tea - A fine black tea"
        RenderListItem {LI} at (40,18) size 744x18
          RenderListMarker at (220,0) size 7x18: bullet
          RenderText {#text} at (237,0) size 270x18
            text run at (237,0) width 270: "Jasmine Tea - A fabulous \"all purpose\" tea"
        RenderListItem {LI} at (40,36) size 744x18
          RenderListMarker at (219,0) size 7x18: bullet
          RenderText {#text} at (236,0) size 271x18
            text run at (236,0) width 271: "Honeybush Tea - A super fruity delight tea"
      RenderBlock (anonymous) at (0,443) size 784x18
        RenderBR {BR} at (0,0) size 0x18
      RenderBlock {P} at (0,477) size 784x18
        RenderInline {U} at (0,0) size 96x18
          RenderText {#text} at (0,0) size 96x18
            text run at (0,0) width 96: "text-align: right"
      RenderBlock {UL} at (0,511) size 784x54
        RenderListItem {LI} at (40,0) size 744x18
          RenderListMarker at (524,0) size 7x18: bullet
          RenderText {#text} at (541,0) size 203x18
            text run at (541,0) width 203: "Earl Grey Tea - A fine black tea"
        RenderListItem {LI} at (40,18) size 744x18
          RenderListMarker at (457,0) size 7x18: bullet
          RenderText {#text} at (474,0) size 270x18
            text run at (474,0) width 270: "Jasmine Tea - A fabulous \"all purpose\" tea"
        RenderListItem {LI} at (40,36) size 744x18
          RenderListMarker at (456,0) size 7x18: bullet
          RenderText {#text} at (473,0) size 271x18
            text run at (473,0) width 271: "Honeybush Tea - A super fruity delight tea"
