layer at (0,0) size 785x936
  RenderView at (0,0) size 785x600
layer at (0,0) size 785x936
  RenderBlock {HTML} at (0,0) size 785x936
    RenderBody {BODY} at (0,0) size 785x936
      RenderPartObject {IFRAME} at (0,0) size 785x477
        layer at (0,0) size 785x477
          RenderView at (0,0) size 785x477
        layer at (0,0) size 785x477
          RenderBlock {HTML} at (0,0) size 785x477
            RenderBody {BODY} at (0,5) size 785x472
              RenderBlock {DIV} at (0,0) size 785x18
                RenderText {#text} at (0,0) size 196x18
                  text run at (0,0) width 196: "CompatMode: CSS1Compat"
              RenderBlock (anonymous) at (0,23) size 785x449
                RenderBlock {DIV} at (0,32) size 131x53 [border: (1px solid #0000FF)]
                  RenderBlock {SPAN} at (1,12) size 80x0
                  RenderBR {BR} at (81,1) size 0x14
                RenderBlock {DIV} at (131,32) size 131x53 [border: (1px solid #0000FF)]
                  RenderBlock {SPAN} at (1,1) size 80x14
                    RenderText {#text} at (0,0) size 76x14
                      text run at (0,0) width 76: "disabled: \"true\","
                  RenderBR {BR} at (81,1) size 0x14
                RenderBlock {DIV} at (262,2) size 147x83 [border: (1px solid #0000FF)]
                  RenderBlock {SPAN} at (1,1) size 80x28
                    RenderText {#text} at (0,0) size 78x28
                      text run at (0,0) width 25: "style:"
                      text run at (0,14) width 78: "\"padding:10px\","
                  RenderBR {BR} at (81,15) size 0x14
                RenderBlock {DIV} at (409,22) size 127x63 [border: (1px solid #0000FF)]
                  RenderBlock {SPAN} at (1,1) size 80x28
                    RenderText {#text} at (0,0) size 72x28
                      text run at (0,0) width 25: "style:"
                      text run at (0,14) width 72: "\"padding:0px\","
                  RenderBR {BR} at (81,15) size 0x14
                RenderBlock {DIV} at (536,0) size 151x85 [border: (1px solid #0000FF)]
                  RenderBlock {SPAN} at (1,1) size 80x28
                    RenderText {#text} at (0,0) size 73x28
                      text run at (0,0) width 25: "style:"
                      text run at (0,14) width 73: "\"margin:10px\","
                  RenderBR {BR} at (81,15) size 0x14
                RenderBlock {DIV} at (0,137) size 131x65 [border: (1px solid #0000FF)]
                  RenderBlock {SPAN} at (1,1) size 80x28
                    RenderText {#text} at (0,0) size 67x28
                      text run at (0,0) width 25: "style:"
                      text run at (0,14) width 67: "\"margin:0px\","
                  RenderBR {BR} at (81,15) size 0x14
                RenderBlock {DIV} at (131,135) size 82x67 [border: (1px solid #0000FF)]
                  RenderBlock {SPAN} at (1,1) size 80x28
                    RenderText {#text} at (0,0) size 67x28
                      text run at (0,0) width 25: "style:"
                      text run at (0,14) width 67: "\"width:60px\","
                  RenderBR {BR} at (81,15) size 0x14
                RenderBlock {DIV} at (213,85) size 104x117 [border: (1px solid #0000FF)]
                  RenderBlock {SPAN} at (1,1) size 80x42
                    RenderText {#text} at (0,0) size 73x42
                      text run at (0,0) width 25: "style:"
                      text run at (0,14) width 62: "\"width:60px;"
                      text run at (0,28) width 73: "padding:20px\","
                  RenderBR {BR} at (81,29) size 0x14
                RenderBlock {DIV} at (317,125) size 82x77 [border: (1px solid #0000FF)]
                  RenderBlock {SPAN} at (1,1) size 80x42
                    RenderText {#text} at (0,0) size 62x42
                      text run at (0,0) width 25: "style:"
                      text run at (0,14) width 62: "\"width:60px;"
                      text run at (0,28) width 55: "padding:0\","
                  RenderBR {BR} at (81,29) size 0x14
                RenderBlock {DIV} at (399,101) size 131x101 [border: (1px solid #0000FF)]
                  RenderBlock {SPAN} at (1,1) size 80x28
                    RenderText {#text} at (0,0) size 69x28
                      text run at (0,0) width 25: "style:"
                      text run at (0,14) width 69: "\"height:60px\","
                  RenderBR {BR} at (81,15) size 0x14
                RenderBlock {DIV} at (530,87) size 82x115 [border: (1px solid #0000FF)]
                  RenderBlock {SPAN} at (1,1) size 80x42
                    RenderText {#text} at (0,0) size 64x42
                      text run at (0,0) width 25: "style:"
                      text run at (0,14) width 62: "\"width:60px;"
                      text run at (0,28) width 64: "height:60px\","
                  RenderBR {BR} at (81,29) size 0x14
                RenderBlock {DIV} at (612,135) size 131x67 [border: (1px solid #0000FF)]
                  RenderBlock {SPAN} at (1,1) size 80x28
                    RenderText {#text} at (0,0) size 91x28
                      text run at (0,0) width 25: "style:"
                      text run at (0,14) width 91: "\"overflow:hidden\","
                  RenderBR {BR} at (81,15) size 0x14
                RenderBlock {DIV} at (0,249) size 131x82 [border: (1px solid #0000FF)]
                  RenderBlock {SPAN} at (1,1) size 80x28
                    RenderText {#text} at (0,0) size 85x28
                      text run at (0,0) width 25: "style:"
                      text run at (0,14) width 85: "\"overflow:scroll\","
                  RenderBR {BR} at (81,15) size 0x14
                RenderBlock {DIV} at (131,202) size 82x129 [border: (1px solid #0000FF)]
                  RenderBlock {SPAN} at (1,1) size 80x56
                    RenderText {#text} at (0,0) size 86x56
                      text run at (0,0) width 25: "style:"
                      text run at (0,14) width 86: "\"overflow:hidden;"
                      text run at (0,28) width 57: "width:60px;"
                      text run at (0,42) width 64: "height:60px\","
                  RenderBR {BR} at (81,43) size 0x14
                RenderBlock {DIV} at (213,202) size 82x129 [border: (1px solid #0000FF)]
                  RenderBlock {SPAN} at (1,1) size 80x56
                    RenderText {#text} at (0,0) size 80x56
                      text run at (0,0) width 25: "style:"
                      text run at (0,14) width 80: "\"overflow:scroll;"
                      text run at (0,28) width 57: "width:60px;"
                      text run at (0,42) width 64: "height:60px\","
                  RenderBR {BR} at (81,43) size 0x14
                RenderBlock {DIV} at (295,216) size 82x115 [border: (1px solid #0000FF)]
                  RenderBlock {SPAN} at (1,1) size 80x42
                    RenderText {#text} at (0,0) size 72x42
                      text run at (0,0) width 72: "cols: \"5\", style:"
                      text run at (0,14) width 62: "\"width:60px;"
                      text run at (0,28) width 64: "height:60px\","
                  RenderBR {BR} at (81,29) size 0x14
                RenderBlock {DIV} at (377,216) size 82x115 [border: (1px solid #0000FF)]
                  RenderBlock {SPAN} at (1,1) size 80x42
                    RenderText {#text} at (0,0) size 77x42
                      text run at (0,0) width 77: "rows: \"4\", style:"
                      text run at (0,14) width 62: "\"width:60px;"
                      text run at (0,28) width 64: "height:60px\","
                  RenderBR {BR} at (81,29) size 0x14
                RenderBlock {DIV} at (459,202) size 82x129 [border: (1px solid #0000FF)]
                  RenderBlock {SPAN} at (1,1) size 80x56
                    RenderText {#text} at (0,0) size 74x56
                      text run at (0,0) width 74: "cols: \"5\", rows:"
                      text run at (0,14) width 47: "\"4\", style:"
                      text run at (0,28) width 62: "\"width:60px;"
                      text run at (0,42) width 64: "height:60px\","
                  RenderBR {BR} at (81,43) size 0x14
                RenderBlock {DIV} at (541,278) size 82x53 [border: (1px solid #0000FF)]
                  RenderBlock {SPAN} at (1,1) size 80x14
                    RenderText {#text} at (0,0) size 44x14
                      text run at (0,0) width 44: "cols: \"3\","
                  RenderBR {BR} at (81,1) size 0x14
                RenderBlock {DIV} at (623,265) size 131x66 [border: (1px solid #0000FF)]
                  RenderBlock {SPAN} at (1,1) size 80x14
                    RenderText {#text} at (0,0) size 49x14
                      text run at (0,0) width 49: "rows: \"3\","
                  RenderBR {BR} at (81,1) size 0x14
                RenderBlock {DIV} at (0,396) size 82x53 [border: (1px solid #0000FF)]
                  RenderBlock {SPAN} at (1,1) size 80x14
                    RenderText {#text} at (0,0) size 44x14
                      text run at (0,0) width 44: "cols: \"7\","
                  RenderBR {BR} at (81,1) size 0x14
                RenderBlock {DIV} at (82,331) size 131x118 [border: (1px solid #0000FF)]
                  RenderBlock {SPAN} at (1,1) size 80x14
                    RenderText {#text} at (0,0) size 49x14
                      text run at (0,0) width 49: "rows: \"7\","
                  RenderBR {BR} at (81,1) size 0x14
                RenderBlock {DIV} at (213,356) size 82x93 [border: (1px solid #0000FF)]
                  RenderBlock {SPAN} at (1,1) size 80x28
                    RenderText {#text} at (0,0) size 74x28
                      text run at (0,0) width 74: "cols: \"5\", rows:"
                      text run at (0,14) width 19: "\"4\","
                  RenderBR {BR} at (81,15) size 0x14
                RenderBlock {DIV} at (295,381) size 131x68 [border: (1px solid #0000FF)]
                  RenderBlock {SPAN} at (1,1) size 80x14
                    RenderText {#text} at (0,0) size 57x14
                      text run at (0,0) width 57: "wrap: \"off\","
                  RenderBR {BR} at (81,1) size 0x14
                RenderBlock {DIV} at (426,396) size 131x53 [border: (1px solid #0000FF)]
                  RenderBlock {SPAN} at (1,1) size 80x14
                    RenderText {#text} at (0,0) size 64x14
                      text run at (0,0) width 64: "wrap: \"hard\","
                  RenderBR {BR} at (81,1) size 0x14
                RenderBlock {DIV} at (557,396) size 131x53 [border: (1px solid #0000FF)]
                  RenderBlock {SPAN} at (1,1) size 80x14
                    RenderText {#text} at (0,0) size 61x14
                      text run at (0,0) width 61: "wrap: \"soft\","
                  RenderBR {BR} at (81,1) size 0x14
        layer at (1,76) size 129x32 clip at (2,77) size 127x30
          RenderTextControl {TEXTAREA} at (1,16) size 129x32 [bgcolor=#FFFFFF] [border: (1px solid #000000)]
            RenderBlock {DIV} at (3,3) size 123x13
              RenderText {#text} at (0,0) size 102x13
                text run at (0,0) width 102: "Lorem ipsum dolor"
        layer at (132,76) size 129x32 clip at (133,77) size 112x30 scrollHeight 69
          RenderTextControl {TEXTAREA} at (1,16) size 129x32 [bgcolor=#FFFFFF] [border: (1px solid #000000)]
            RenderBlock {DIV} at (3,3) size 108x65 [color=#545454]
              RenderText {#text} at (0,0) size 108x65
                text run at (0,0) width 102: "Lorem ipsum dolor"
                text run at (102,0) width 3: " "
                text run at (0,13) width 104: "ABCDEFGHIJKLMNO"
                text run at (0,26) width 80: "PQRSTUVWXYZ"
                text run at (80,26) width 3: " "
                text run at (0,39) width 108: "abcdefghijklmnopqr"
                text run at (0,52) width 23: "stuv"
        layer at (263,60) size 145x48 clip at (264,61) size 128x46 scrollHeight 85
          RenderTextControl {TEXTAREA} at (1,30) size 145x48 [bgcolor=#FFFFFF] [border: (1px solid #000000)]
            RenderBlock {DIV} at (11,11) size 108x65
              RenderText {#text} at (0,0) size 108x65
                text run at (0,0) width 102: "Lorem ipsum dolor"
                text run at (102,0) width 3: " "
                text run at (0,13) width 104: "ABCDEFGHIJKLMNO"
                text run at (0,26) width 80: "PQRSTUVWXYZ"
                text run at (80,26) width 3: " "
                text run at (0,39) width 108: "abcdefghijklmnopqr"
                text run at (0,52) width 23: "stuv"
        layer at (410,80) size 125x28 clip at (411,81) size 108x26 scrollHeight 65
          RenderTextControl {TEXTAREA} at (1,30) size 125x28 [bgcolor=#FFFFFF] [border: (1px solid #000000)]
            RenderBlock {DIV} at (1,1) size 108x65
              RenderText {#text} at (0,0) size 108x65
                text run at (0,0) width 102: "Lorem ipsum dolor"
                text run at (102,0) width 3: " "
                text run at (0,13) width 104: "ABCDEFGHIJKLMNO"
                text run at (0,26) width 80: "PQRSTUVWXYZ"
                text run at (80,26) width 3: " "
                text run at (0,39) width 108: "abcdefghijklmnopqr"
                text run at (0,52) width 23: "stuv"
        layer at (547,67) size 129x32 clip at (548,68) size 112x30 scrollHeight 69
          RenderTextControl {TEXTAREA} at (11,39) size 129x32 [bgcolor=#FFFFFF] [border: (1px solid #000000)]
            RenderBlock {DIV} at (3,3) size 108x65
              RenderText {#text} at (0,0) size 108x65
                text run at (0,0) width 102: "Lorem ipsum dolor"
                text run at (102,0) width 3: " "
                text run at (0,13) width 104: "ABCDEFGHIJKLMNO"
                text run at (0,26) width 80: "PQRSTUVWXYZ"
                text run at (80,26) width 3: " "
                text run at (0,39) width 108: "abcdefghijklmnopqr"
                text run at (0,52) width 23: "stuv"
        layer at (1,194) size 129x32 clip at (2,195) size 112x30 scrollHeight 69
          RenderTextControl {TEXTAREA} at (1,29) size 129x32 [bgcolor=#FFFFFF] [border: (1px solid #000000)]
            RenderBlock {DIV} at (3,3) size 108x65
              RenderText {#text} at (0,0) size 108x65
                text run at (0,0) width 102: "Lorem ipsum dolor"
                text run at (102,0) width 3: " "
                text run at (0,13) width 104: "ABCDEFGHIJKLMNO"
                text run at (0,26) width 80: "PQRSTUVWXYZ"
                text run at (80,26) width 3: " "
                text run at (0,39) width 108: "abcdefghijklmnopqr"
                text run at (0,52) width 23: "stuv"
        layer at (132,193) size 66x32 clip at (133,194) size 49x30 scrollHeight 160
          RenderTextControl {TEXTAREA} at (1,30) size 66x32 [bgcolor=#FFFFFF] [border: (1px solid #000000)]
            RenderBlock {DIV} at (3,3) size 45x156
              RenderText {#text} at (0,0) size 45x156
                text run at (0,0) width 34: "Lorem"
                text run at (34,0) width 3: " "
                text run at (0,13) width 33: "ipsum"
                text run at (33,13) width 3: " "
                text run at (0,26) width 29: "dolor"
                text run at (29,26) width 3: " "
                text run at (0,39) width 42: "ABCDEF"
                text run at (0,52) width 36: "GHIJKL"
                text run at (0,65) width 41: "MNOPQ"
                text run at (0,78) width 45: "RSTUVW"
                text run at (0,91) width 21: "XYZ"
                text run at (21,91) width 3: " "
                text run at (0,104) width 43: "abcdefg"
                text run at (0,117) width 41: "hijklmn"
                text run at (0,130) width 42: "opqrstu"
                text run at (0,143) width 6: "v"
        layer at (214,157) size 102x68 clip at (215,158) size 85x66 scrollHeight 196
          RenderTextControl {TEXTAREA} at (1,44) size 102x68 [bgcolor=#FFFFFF] [border: (1px solid #000000)]
            RenderBlock {DIV} at (21,21) size 45x156
              RenderText {#text} at (0,0) size 45x156
                text run at (0,0) width 34: "Lorem"
                text run at (34,0) width 3: " "
                text run at (0,13) width 33: "ipsum"
                text run at (33,13) width 3: " "
                text run at (0,26) width 29: "dolor"
                text run at (29,26) width 3: " "
                text run at (0,39) width 42: "ABCDEF"
                text run at (0,52) width 36: "GHIJKL"
                text run at (0,65) width 41: "MNOPQ"
                text run at (0,78) width 45: "RSTUVW"
                text run at (0,91) width 21: "XYZ"
                text run at (21,91) width 3: " "
                text run at (0,104) width 43: "abcdefg"
                text run at (0,117) width 41: "hijklmn"
                text run at (0,130) width 42: "opqrstu"
                text run at (0,143) width 6: "v"
        layer at (318,197) size 62x28 clip at (319,198) size 45x26 scrollHeight 156
          RenderTextControl {TEXTAREA} at (1,44) size 62x28 [bgcolor=#FFFFFF] [border: (1px solid #000000)]
            RenderBlock {DIV} at (1,1) size 45x156
              RenderText {#text} at (0,0) size 45x156
                text run at (0,0) width 34: "Lorem"
                text run at (34,0) width 3: " "
                text run at (0,13) width 33: "ipsum"
                text run at (33,13) width 3: " "
                text run at (0,26) width 29: "dolor"
                text run at (29,26) width 3: " "
                text run at (0,39) width 42: "ABCDEF"
                text run at (0,52) width 36: "GHIJKL"
                text run at (0,65) width 41: "MNOPQ"
                text run at (0,78) width 45: "RSTUVW"
                text run at (0,91) width 21: "XYZ"
                text run at (21,91) width 3: " "
                text run at (0,104) width 43: "abcdefg"
                text run at (0,117) width 41: "hijklmn"
                text run at (0,130) width 42: "opqrstu"
                text run at (0,143) width 6: "v"
        layer at (400,159) size 129x66 clip at (401,160) size 112x64 scrollHeight 69
          RenderTextControl {TEXTAREA} at (1,30) size 129x66 [bgcolor=#FFFFFF] [border: (1px solid #000000)]
            RenderBlock {DIV} at (3,3) size 108x65
              RenderText {#text} at (0,0) size 108x65
                text run at (0,0) width 102: "Lorem ipsum dolor"
                text run at (102,0) width 3: " "
                text run at (0,13) width 104: "ABCDEFGHIJKLMNO"
                text run at (0,26) width 80: "PQRSTUVWXYZ"
                text run at (80,26) width 3: " "
                text run at (0,39) width 108: "abcdefghijklmnopqr"
                text run at (0,52) width 23: "stuv"
        layer at (531,159) size 66x66 clip at (532,160) size 49x64 scrollHeight 160
          RenderTextControl {TEXTAREA} at (1,44) size 66x66 [bgcolor=#FFFFFF] [border: (1px solid #000000)]
            RenderBlock {DIV} at (3,3) size 45x156
              RenderText {#text} at (0,0) size 45x156
                text run at (0,0) width 34: "Lorem"
                text run at (34,0) width 3: " "
                text run at (0,13) width 33: "ipsum"
                text run at (33,13) width 3: " "
                text run at (0,26) width 29: "dolor"
                text run at (29,26) width 3: " "
                text run at (0,39) width 42: "ABCDEF"
                text run at (0,52) width 36: "GHIJKL"
                text run at (0,65) width 41: "MNOPQ"
                text run at (0,78) width 45: "RSTUVW"
                text run at (0,91) width 21: "XYZ"
                text run at (21,91) width 3: " "
                text run at (0,104) width 43: "abcdefg"
                text run at (0,117) width 41: "hijklmn"
                text run at (0,130) width 42: "opqrstu"
                text run at (0,143) width 6: "v"
        layer at (613,193) size 129x32 clip at (614,194) size 127x30 scrollHeight 69
          RenderTextControl {TEXTAREA} at (1,30) size 129x32 [bgcolor=#FFFFFF] [border: (1px solid #000000)]
            RenderBlock {DIV} at (3,3) size 123x65
              RenderText {#text} at (0,0) size 119x65
                text run at (0,0) width 102: "Lorem ipsum dolor"
                text run at (102,0) width 3: " "
                text run at (0,13) width 119: "ABCDEFGHIJKLMNOPQ"
                text run at (0,26) width 65: "RSTUVWXYZ"
                text run at (65,26) width 3: " "
                text run at (0,39) width 118: "abcdefghijklmnopqrst"
                text run at (0,52) width 13: "uv"
        layer at (1,307) size 129x47 clip at (2,308) size 112x30 scrollHeight 69
          RenderTextControl {TEXTAREA} at (1,30) size 129x47 [bgcolor=#FFFFFF] [border: (1px solid #000000)]
            RenderBlock {DIV} at (3,3) size 108x65
              RenderText {#text} at (0,0) size 108x65
                text run at (0,0) width 102: "Lorem ipsum dolor"
                text run at (102,0) width 3: " "
                text run at (0,13) width 104: "ABCDEFGHIJKLMNO"
                text run at (0,26) width 80: "PQRSTUVWXYZ"
                text run at (80,26) width 3: " "
                text run at (0,39) width 108: "abcdefghijklmnopqr"
                text run at (0,52) width 23: "stuv"
        layer at (132,288) size 66x66 clip at (133,289) size 64x64 scrollHeight 134
          RenderTextControl {TEXTAREA} at (1,58) size 66x66 [bgcolor=#FFFFFF] [border: (1px solid #000000)]
            RenderBlock {DIV} at (3,3) size 60x130
              RenderText {#text} at (0,0) size 60x130
                text run at (0,0) width 34: "Lorem"
                text run at (34,0) width 3: " "
                text run at (0,13) width 33: "ipsum"
                text run at (33,13) width 3: " "
                text run at (0,26) width 29: "dolor"
                text run at (29,26) width 3: " "
                text run at (0,39) width 58: "ABCDEFGH"
                text run at (0,52) width 52: "IJKLMNOP"
                text run at (0,65) width 60: "QRSTUVWX"
                text run at (0,78) width 14: "YZ"
                text run at (14,78) width 3: " "
                text run at (0,91) width 56: "abcdefghij"
                text run at (0,104) width 58: "klmnopqrs"
                text run at (0,117) width 17: "tuv"
        layer at (214,288) size 66x66 clip at (215,289) size 49x49 scrollHeight 160
          RenderTextControl {TEXTAREA} at (1,58) size 66x66 [bgcolor=#FFFFFF] [border: (1px solid #000000)]
            RenderBlock {DIV} at (3,3) size 45x156
              RenderText {#text} at (0,0) size 45x156
                text run at (0,0) width 34: "Lorem"
                text run at (34,0) width 3: " "
                text run at (0,13) width 33: "ipsum"
                text run at (33,13) width 3: " "
                text run at (0,26) width 29: "dolor"
                text run at (29,26) width 3: " "
                text run at (0,39) width 42: "ABCDEF"
                text run at (0,52) width 36: "GHIJKL"
                text run at (0,65) width 41: "MNOPQ"
                text run at (0,78) width 45: "RSTUVW"
                text run at (0,91) width 21: "XYZ"
                text run at (21,91) width 3: " "
                text run at (0,104) width 43: "abcdefg"
                text run at (0,117) width 41: "hijklmn"
                text run at (0,130) width 42: "opqrstu"
                text run at (0,143) width 6: "v"
        layer at (296,288) size 66x66 clip at (297,289) size 49x64 scrollHeight 160
          RenderTextControl {TEXTAREA} at (1,44) size 66x66 [bgcolor=#FFFFFF] [border: (1px solid #000000)]
            RenderBlock {DIV} at (3,3) size 45x156
              RenderText {#text} at (0,0) size 45x156
                text run at (0,0) width 34: "Lorem"
                text run at (34,0) width 3: " "
                text run at (0,13) width 33: "ipsum"
                text run at (33,13) width 3: " "
                text run at (0,26) width 29: "dolor"
                text run at (29,26) width 3: " "
                text run at (0,39) width 42: "ABCDEF"
                text run at (0,52) width 36: "GHIJKL"
                text run at (0,65) width 41: "MNOPQ"
                text run at (0,78) width 45: "RSTUVW"
                text run at (0,91) width 21: "XYZ"
                text run at (21,91) width 3: " "
                text run at (0,104) width 43: "abcdefg"
                text run at (0,117) width 41: "hijklmn"
                text run at (0,130) width 42: "opqrstu"
                text run at (0,143) width 6: "v"
        layer at (378,288) size 66x66 clip at (379,289) size 49x64 scrollHeight 160
          RenderTextControl {TEXTAREA} at (1,44) size 66x66 [bgcolor=#FFFFFF] [border: (1px solid #000000)]
            RenderBlock {DIV} at (3,3) size 45x156
              RenderText {#text} at (0,0) size 45x156
                text run at (0,0) width 34: "Lorem"
                text run at (34,0) width 3: " "
                text run at (0,13) width 33: "ipsum"
                text run at (33,13) width 3: " "
                text run at (0,26) width 29: "dolor"
                text run at (29,26) width 3: " "
                text run at (0,39) width 42: "ABCDEF"
                text run at (0,52) width 36: "GHIJKL"
                text run at (0,65) width 41: "MNOPQ"
                text run at (0,78) width 45: "RSTUVW"
                text run at (0,91) width 21: "XYZ"
                text run at (21,91) width 3: " "
                text run at (0,104) width 43: "abcdefg"
                text run at (0,117) width 41: "hijklmn"
                text run at (0,130) width 42: "opqrstu"
                text run at (0,143) width 6: "v"
        layer at (460,288) size 66x66 clip at (461,289) size 49x64 scrollHeight 160
          RenderTextControl {TEXTAREA} at (1,58) size 66x66 [bgcolor=#FFFFFF] [border: (1px solid #000000)]
            RenderBlock {DIV} at (3,3) size 45x156
              RenderText {#text} at (0,0) size 45x156
                text run at (0,0) width 34: "Lorem"
                text run at (34,0) width 3: " "
                text run at (0,13) width 33: "ipsum"
                text run at (33,13) width 3: " "
                text run at (0,26) width 29: "dolor"
                text run at (29,26) width 3: " "
                text run at (0,39) width 42: "ABCDEF"
                text run at (0,52) width 36: "GHIJKL"
                text run at (0,65) width 41: "MNOPQ"
                text run at (0,78) width 45: "RSTUVW"
                text run at (0,91) width 21: "XYZ"
                text run at (21,91) width 3: " "
                text run at (0,104) width 43: "abcdefg"
                text run at (0,117) width 41: "hijklmn"
                text run at (0,130) width 42: "opqrstu"
                text run at (0,143) width 6: "v"
        layer at (542,322) size 38x32 clip at (543,323) size 21x30 scrollHeight 407
          RenderTextControl {TEXTAREA} at (1,16) size 38x32 [bgcolor=#FFFFFF] [border: (1px solid #000000)]
            RenderBlock {DIV} at (3,3) size 17x403
              RenderText {#text} at (0,0) size 17x403
                text run at (0,0) width 13: "Lo"
                text run at (0,13) width 11: "re"
                text run at (0,26) width 11: "m"
                text run at (11,26) width 3: " "
                text run at (0,39) width 16: "ips"
                text run at (0,52) width 7: "u"
                text run at (0,65) width 11: "m"
                text run at (11,65) width 3: " "
                text run at (0,78) width 17: "dol"
                text run at (0,91) width 12: "or"
                text run at (12,91) width 3: " "
                text run at (0,104) width 14: "AB"
                text run at (0,117) width 16: "CD"
                text run at (0,130) width 12: "EF"
                text run at (0,143) width 17: "GH"
                text run at (0,156) width 14: "IJK"
                text run at (0,169) width 16: "LM"
                text run at (0,182) width 17: "NO"
                text run at (0,195) width 15: "PQ"
                text run at (0,208) width 13: "RS"
                text run at (0,221) width 15: "TU"
                text run at (0,234) width 17: "VW"
                text run at (0,247) width 14: "XY"
                text run at (0,260) width 7: "Z"
                text run at (7,260) width 3: " "
                text run at (0,273) width 13: "ab"
                text run at (0,286) width 13: "cd"
                text run at (0,299) width 11: "ef"
                text run at (0,312) width 17: "ghi"
                text run at (0,325) width 13: "jkl"
                text run at (0,338) width 11: "m"
                text run at (0,351) width 14: "no"
                text run at (0,364) width 14: "pq"
                text run at (0,377) width 15: "rst"
                text run at (0,390) width 13: "uv"
        layer at (624,309) size 129x45 clip at (625,310) size 112x43 scrollHeight 69
          RenderTextControl {TEXTAREA} at (1,16) size 129x45 [bgcolor=#FFFFFF] [border: (1px solid #000000)]
            RenderBlock {DIV} at (3,3) size 108x65
              RenderText {#text} at (0,0) size 108x65
                text run at (0,0) width 102: "Lorem ipsum dolor"
                text run at (102,0) width 3: " "
                text run at (0,13) width 104: "ABCDEFGHIJKLMNO"
                text run at (0,26) width 80: "PQRSTUVWXYZ"
                text run at (80,26) width 3: " "
                text run at (0,39) width 108: "abcdefghijklmnopqr"
                text run at (0,52) width 23: "stuv"
        layer at (1,440) size 59x32 clip at (2,441) size 42x30 scrollHeight 173
          RenderTextControl {TEXTAREA} at (1,16) size 59x32 [bgcolor=#FFFFFF] [border: (1px solid #000000)]
            RenderBlock {DIV} at (3,3) size 38x169
              RenderText {#text} at (0,0) size 38x169
                text run at (0,0) width 34: "Lorem"
                text run at (34,0) width 3: " "
                text run at (0,13) width 33: "ipsum"
                text run at (33,13) width 3: " "
                text run at (0,26) width 29: "dolor"
                text run at (29,26) width 3: " "
                text run at (0,39) width 36: "ABCDE"
                text run at (0,52) width 36: "FGHIJK"
                text run at (0,65) width 33: "LMNO"
                text run at (0,78) width 35: "PQRST"
                text run at (0,91) width 38: "UVWXY"
                text run at (0,104) width 7: "Z"
                text run at (7,104) width 3: " "
                text run at (0,117) width 36: "abcdef"
                text run at (0,130) width 30: "ghijkl"
                text run at (0,143) width 38: "mnopq"
                text run at (0,156) width 27: "rstuv"
        layer at (83,375) size 129x97 clip at (84,376) size 127x95
          RenderTextControl {TEXTAREA} at (1,16) size 129x97 [bgcolor=#FFFFFF] [border: (1px solid #000000)]
            RenderBlock {DIV} at (3,3) size 123x65
              RenderText {#text} at (0,0) size 119x65
                text run at (0,0) width 102: "Lorem ipsum dolor"
                text run at (102,0) width 3: " "
                text run at (0,13) width 119: "ABCDEFGHIJKLMNOPQ"
                text run at (0,26) width 65: "RSTUVWXYZ"
                text run at (65,26) width 3: " "
                text run at (0,39) width 118: "abcdefghijklmnopqrst"
                text run at (0,52) width 13: "uv"
        layer at (214,414) size 48x58 clip at (215,415) size 31x56 scrollHeight 277
          RenderTextControl {TEXTAREA} at (1,30) size 48x58 [bgcolor=#FFFFFF] [border: (1px solid #000000)]
            RenderBlock {DIV} at (3,3) size 27x273
              RenderText {#text} at (0,0) size 27x273
                text run at (0,0) width 24: "Lore"
                text run at (0,13) width 11: "m"
                text run at (11,13) width 3: " "
                text run at (0,26) width 23: "ipsu"
                text run at (0,39) width 11: "m"
                text run at (11,39) width 3: " "
                text run at (0,52) width 24: "dolo"
                text run at (0,65) width 5: "r"
                text run at (5,65) width 3: " "
                text run at (0,78) width 22: "ABC"
                text run at (0,91) width 21: "DEF"
                text run at (0,104) width 23: "GHIJ"
                text run at (0,117) width 23: "KLM"
                text run at (0,130) width 23: "NOP"
                text run at (0,143) width 22: "QRS"
                text run at (0,156) width 22: "TUV"
                text run at (0,169) width 24: "WXY"
                text run at (0,182) width 7: "Z"
                text run at (7,182) width 3: " "
                text run at (0,195) width 26: "abcd"
                text run at (0,208) width 24: "efgh"
                text run at (0,221) width 27: "ijklm"
                text run at (0,234) width 21: "nop"
                text run at (0,247) width 22: "qrst"
                text run at (0,260) width 13: "uv"
        layer at (296,425) size 129x47 clip at (297,426) size 127x30 scrollWidth 423
          RenderTextControl {TEXTAREA} at (1,16) size 129x47 [bgcolor=#FFFFFF] [border: (1px solid #000000)]
            RenderBlock {DIV} at (3,3) size 123x13
              RenderText {#text} at (0,0) size 421x13
                text run at (0,0) width 421: "Lorem ipsum dolor ABCDEFGHIJKLMNOPQRSTUVWXYZ abcdefghijklmnopqrstuv"
        layer at (427,440) size 129x32 clip at (428,441) size 112x30 scrollHeight 69
          RenderTextControl {TEXTAREA} at (1,16) size 129x32 [bgcolor=#FFFFFF] [border: (1px solid #000000)]
            RenderBlock {DIV} at (3,3) size 108x65
              RenderText {#text} at (0,0) size 108x65
                text run at (0,0) width 102: "Lorem ipsum dolor"
                text run at (102,0) width 3: " "
                text run at (0,13) width 104: "ABCDEFGHIJKLMNO"
                text run at (0,26) width 80: "PQRSTUVWXYZ"
                text run at (80,26) width 3: " "
                text run at (0,39) width 108: "abcdefghijklmnopqr"
                text run at (0,52) width 23: "stuv"
        layer at (558,440) size 129x32 clip at (559,441) size 112x30 scrollHeight 69
          RenderTextControl {TEXTAREA} at (1,16) size 129x32 [bgcolor=#FFFFFF] [border: (1px solid #000000)]
            RenderBlock {DIV} at (3,3) size 108x65
              RenderText {#text} at (0,0) size 108x65
                text run at (0,0) width 102: "Lorem ipsum dolor"
                text run at (102,0) width 3: " "
                text run at (0,13) width 104: "ABCDEFGHIJKLMNO"
                text run at (0,26) width 80: "PQRSTUVWXYZ"
                text run at (80,26) width 3: " "
                text run at (0,39) width 108: "abcdefghijklmnopqr"
                text run at (0,52) width 23: "stuv"
      RenderPartObject {IFRAME} at (0,477) size 785x459
        layer at (0,0) size 785x459
          RenderView at (0,0) size 785x459
        layer at (0,0) size 785x459
          RenderBlock {HTML} at (0,0) size 785x459
            RenderBody {BODY} at (0,5) size 785x454
              RenderBlock {DIV} at (0,0) size 785x18
                RenderText {#text} at (0,0) size 193x18
                  text run at (0,0) width 193: "CompatMode: BackCompat"
              RenderBlock (anonymous) at (0,23) size 785x431
                RenderBlock {DIV} at (0,46) size 131x36 [border: (1px solid #0000FF)]
                  RenderBlock {SPAN} at (1,1) size 80x0
                  RenderBR {BR} at (81,1) size 0x0
                RenderBlock {DIV} at (131,32) size 131x50 [border: (1px solid #0000FF)]
                  RenderBlock {SPAN} at (1,1) size 80x14
                    RenderText {#text} at (0,0) size 76x14
                      text run at (0,0) width 76: "disabled: \"true\","
                  RenderBR {BR} at (81,12) size 0x0
                RenderBlock {DIV} at (262,2) size 147x80 [border: (1px solid #0000FF)]
                  RenderBlock {SPAN} at (1,1) size 80x28
                    RenderText {#text} at (0,0) size 78x28
                      text run at (0,0) width 25: "style:"
                      text run at (0,14) width 78: "\"padding:10px\","
                  RenderBR {BR} at (81,26) size 0x0
                RenderBlock {DIV} at (409,22) size 127x60 [border: (1px solid #0000FF)]
                  RenderBlock {SPAN} at (1,1) size 80x28
                    RenderText {#text} at (0,0) size 72x28
                      text run at (0,0) width 25: "style:"
                      text run at (0,14) width 72: "\"padding:0px\","
                  RenderBR {BR} at (81,26) size 0x0
                RenderBlock {DIV} at (536,0) size 151x82 [border: (1px solid #0000FF)]
                  RenderBlock {SPAN} at (1,1) size 80x28
                    RenderText {#text} at (0,0) size 73x28
                      text run at (0,0) width 25: "style:"
                      text run at (0,14) width 73: "\"margin:10px\","
                  RenderBR {BR} at (81,26) size 0x0
                RenderBlock {DIV} at (0,134) size 131x62 [border: (1px solid #0000FF)]
                  RenderBlock {SPAN} at (1,1) size 80x28
                    RenderText {#text} at (0,0) size 67x28
                      text run at (0,0) width 25: "style:"
                      text run at (0,14) width 67: "\"margin:0px\","
                  RenderBR {BR} at (81,26) size 0x0
                RenderBlock {DIV} at (131,132) size 82x64 [border: (1px solid #0000FF)]
                  RenderBlock {SPAN} at (1,1) size 80x28
                    RenderText {#text} at (0,0) size 67x28
                      text run at (0,0) width 25: "style:"
                      text run at (0,14) width 67: "\"width:60px\","
                  RenderBR {BR} at (81,26) size 0x0
                RenderBlock {DIV} at (213,82) size 82x114 [border: (1px solid #0000FF)]
                  RenderBlock {SPAN} at (1,1) size 80x42
                    RenderText {#text} at (0,0) size 73x42
                      text run at (0,0) width 25: "style:"
                      text run at (0,14) width 62: "\"width:60px;"
                      text run at (0,28) width 73: "padding:20px\","
                  RenderBR {BR} at (81,40) size 0x0
                RenderBlock {DIV} at (295,122) size 82x74 [border: (1px solid #0000FF)]
                  RenderBlock {SPAN} at (1,1) size 80x42
                    RenderText {#text} at (0,0) size 62x42
                      text run at (0,0) width 25: "style:"
                      text run at (0,14) width 62: "\"width:60px;"
                      text run at (0,28) width 55: "padding:0\","
                  RenderBR {BR} at (81,40) size 0x0
                RenderBlock {DIV} at (377,104) size 131x92 [border: (1px solid #0000FF)]
                  RenderBlock {SPAN} at (1,1) size 80x28
                    RenderText {#text} at (0,0) size 69x28
                      text run at (0,0) width 25: "style:"
                      text run at (0,14) width 69: "\"height:60px\","
                  RenderBR {BR} at (81,26) size 0x0
                RenderBlock {DIV} at (508,90) size 82x106 [border: (1px solid #0000FF)]
                  RenderBlock {SPAN} at (1,1) size 80x42
                    RenderText {#text} at (0,0) size 64x42
                      text run at (0,0) width 25: "style:"
                      text run at (0,14) width 62: "\"width:60px;"
                      text run at (0,28) width 64: "height:60px\","
                  RenderBR {BR} at (81,40) size 0x0
                RenderBlock {DIV} at (590,132) size 131x64 [border: (1px solid #0000FF)]
                  RenderBlock {SPAN} at (1,1) size 80x28
                    RenderText {#text} at (0,0) size 91x28
                      text run at (0,0) width 25: "style:"
                      text run at (0,14) width 91: "\"overflow:hidden\","
                  RenderBR {BR} at (81,26) size 0x0
                RenderBlock {DIV} at (0,237) size 131x79 [border: (1px solid #0000FF)]
                  RenderBlock {SPAN} at (1,1) size 80x28
                    RenderText {#text} at (0,0) size 85x28
                      text run at (0,0) width 25: "style:"
                      text run at (0,14) width 85: "\"overflow:scroll\","
                  RenderBR {BR} at (81,26) size 0x0
                RenderBlock {DIV} at (131,196) size 82x120 [border: (1px solid #0000FF)]
                  RenderBlock {SPAN} at (1,1) size 80x56
                    RenderText {#text} at (0,0) size 86x56
                      text run at (0,0) width 25: "style:"
                      text run at (0,14) width 86: "\"overflow:hidden;"
                      text run at (0,28) width 57: "width:60px;"
                      text run at (0,42) width 64: "height:60px\","
                  RenderBR {BR} at (81,54) size 0x0
                RenderBlock {DIV} at (213,196) size 82x120 [border: (1px solid #0000FF)]
                  RenderBlock {SPAN} at (1,1) size 80x56
                    RenderText {#text} at (0,0) size 80x56
                      text run at (0,0) width 25: "style:"
                      text run at (0,14) width 80: "\"overflow:scroll;"
                      text run at (0,28) width 57: "width:60px;"
                      text run at (0,42) width 64: "height:60px\","
                  RenderBR {BR} at (81,54) size 0x0
                RenderBlock {DIV} at (295,210) size 82x106 [border: (1px solid #0000FF)]
                  RenderBlock {SPAN} at (1,1) size 80x42
                    RenderText {#text} at (0,0) size 72x42
                      text run at (0,0) width 72: "cols: \"5\", style:"
                      text run at (0,14) width 62: "\"width:60px;"
                      text run at (0,28) width 64: "height:60px\","
                  RenderBR {BR} at (81,40) size 0x0
                RenderBlock {DIV} at (377,210) size 82x106 [border: (1px solid #0000FF)]
                  RenderBlock {SPAN} at (1,1) size 80x42
                    RenderText {#text} at (0,0) size 77x42
                      text run at (0,0) width 77: "rows: \"4\", style:"
                      text run at (0,14) width 62: "\"width:60px;"
                      text run at (0,28) width 64: "height:60px\","
                  RenderBR {BR} at (81,40) size 0x0
                RenderBlock {DIV} at (459,196) size 82x120 [border: (1px solid #0000FF)]
                  RenderBlock {SPAN} at (1,1) size 80x56
                    RenderText {#text} at (0,0) size 74x56
                      text run at (0,0) width 74: "cols: \"5\", rows:"
                      text run at (0,14) width 47: "\"4\", style:"
                      text run at (0,28) width 62: "\"width:60px;"
                      text run at (0,42) width 64: "height:60px\","
                  RenderBR {BR} at (81,54) size 0x0
                RenderBlock {DIV} at (541,266) size 82x50 [border: (1px solid #0000FF)]
                  RenderBlock {SPAN} at (1,1) size 80x14
                    RenderText {#text} at (0,0) size 44x14
                      text run at (0,0) width 44: "cols: \"3\","
                  RenderBR {BR} at (81,12) size 0x0
                RenderBlock {DIV} at (623,253) size 131x63 [border: (1px solid #0000FF)]
                  RenderBlock {SPAN} at (1,1) size 80x14
                    RenderText {#text} at (0,0) size 49x14
                      text run at (0,0) width 49: "rows: \"3\","
                  RenderBR {BR} at (81,12) size 0x0
                RenderBlock {DIV} at (0,381) size 82x50 [border: (1px solid #0000FF)]
                  RenderBlock {SPAN} at (1,1) size 80x14
                    RenderText {#text} at (0,0) size 44x14
                      text run at (0,0) width 44: "cols: \"7\","
                  RenderBR {BR} at (81,12) size 0x0
                RenderBlock {DIV} at (82,316) size 131x115 [border: (1px solid #0000FF)]
                  RenderBlock {SPAN} at (1,1) size 80x14
                    RenderText {#text} at (0,0) size 49x14
                      text run at (0,0) width 49: "rows: \"7\","
                  RenderBR {BR} at (81,12) size 0x0
                RenderBlock {DIV} at (213,341) size 82x90 [border: (1px solid #0000FF)]
                  RenderBlock {SPAN} at (1,1) size 80x28
                    RenderText {#text} at (0,0) size 74x28
                      text run at (0,0) width 74: "cols: \"5\", rows:"
                      text run at (0,14) width 19: "\"4\","
                  RenderBR {BR} at (81,26) size 0x0
                RenderBlock {DIV} at (295,366) size 131x65 [border: (1px solid #0000FF)]
                  RenderBlock {SPAN} at (1,1) size 80x14
                    RenderText {#text} at (0,0) size 57x14
                      text run at (0,0) width 57: "wrap: \"off\","
                  RenderBR {BR} at (81,12) size 0x0
                RenderBlock {DIV} at (426,381) size 131x50 [border: (1px solid #0000FF)]
                  RenderBlock {SPAN} at (1,1) size 80x14
                    RenderText {#text} at (0,0) size 64x14
                      text run at (0,0) width 64: "wrap: \"hard\","
                  RenderBR {BR} at (81,12) size 0x0
                RenderBlock {DIV} at (557,381) size 131x50 [border: (1px solid #0000FF)]
                  RenderBlock {SPAN} at (1,1) size 80x14
                    RenderText {#text} at (0,0) size 61x14
                      text run at (0,0) width 61: "wrap: \"soft\","
                  RenderBR {BR} at (81,12) size 0x0
        layer at (1,76) size 129x32 clip at (2,77) size 127x30
          RenderTextControl {TEXTAREA} at (1,2) size 129x32 [bgcolor=#FFFFFF] [border: (1px solid #000000)]
            RenderBlock {DIV} at (3,3) size 123x13
              RenderText {#text} at (0,0) size 102x13
                text run at (0,0) width 102: "Lorem ipsum dolor"
        layer at (132,76) size 129x32 clip at (133,77) size 112x30 scrollHeight 69
          RenderTextControl {TEXTAREA} at (1,16) size 129x32 [bgcolor=#FFFFFF] [border: (1px solid #000000)]
            RenderBlock {DIV} at (3,3) size 108x65 [color=#545454]
              RenderText {#text} at (0,0) size 108x65
                text run at (0,0) width 102: "Lorem ipsum dolor"
                text run at (102,0) width 3: " "
                text run at (0,13) width 104: "ABCDEFGHIJKLMNO"
                text run at (0,26) width 80: "PQRSTUVWXYZ"
                text run at (80,26) width 3: " "
                text run at (0,39) width 108: "abcdefghijklmnopqr"
                text run at (0,52) width 23: "stuv"
        layer at (263,60) size 145x48 clip at (264,61) size 128x46 scrollHeight 85
          RenderTextControl {TEXTAREA} at (1,30) size 145x48 [bgcolor=#FFFFFF] [border: (1px solid #000000)]
            RenderBlock {DIV} at (11,11) size 108x65
              RenderText {#text} at (0,0) size 108x65
                text run at (0,0) width 102: "Lorem ipsum dolor"
                text run at (102,0) width 3: " "
                text run at (0,13) width 104: "ABCDEFGHIJKLMNO"
                text run at (0,26) width 80: "PQRSTUVWXYZ"
                text run at (80,26) width 3: " "
                text run at (0,39) width 108: "abcdefghijklmnopqr"
                text run at (0,52) width 23: "stuv"
        layer at (410,80) size 125x28 clip at (411,81) size 108x26 scrollHeight 65
          RenderTextControl {TEXTAREA} at (1,30) size 125x28 [bgcolor=#FFFFFF] [border: (1px solid #000000)]
            RenderBlock {DIV} at (1,1) size 108x65
              RenderText {#text} at (0,0) size 108x65
                text run at (0,0) width 102: "Lorem ipsum dolor"
                text run at (102,0) width 3: " "
                text run at (0,13) width 104: "ABCDEFGHIJKLMNO"
                text run at (0,26) width 80: "PQRSTUVWXYZ"
                text run at (80,26) width 3: " "
                text run at (0,39) width 108: "abcdefghijklmnopqr"
                text run at (0,52) width 23: "stuv"
        layer at (547,67) size 129x32 clip at (548,68) size 112x30 scrollHeight 69
          RenderTextControl {TEXTAREA} at (11,39) size 129x32 [bgcolor=#FFFFFF] [border: (1px solid #000000)]
            RenderBlock {DIV} at (3,3) size 108x65
              RenderText {#text} at (0,0) size 108x65
                text run at (0,0) width 102: "Lorem ipsum dolor"
                text run at (102,0) width 3: " "
                text run at (0,13) width 104: "ABCDEFGHIJKLMNO"
                text run at (0,26) width 80: "PQRSTUVWXYZ"
                text run at (80,26) width 3: " "
                text run at (0,39) width 108: "abcdefghijklmnopqr"
                text run at (0,52) width 23: "stuv"
        layer at (1,191) size 129x32 clip at (2,192) size 112x30 scrollHeight 69
          RenderTextControl {TEXTAREA} at (1,29) size 129x32 [bgcolor=#FFFFFF] [border: (1px solid #000000)]
            RenderBlock {DIV} at (3,3) size 108x65
              RenderText {#text} at (0,0) size 108x65
                text run at (0,0) width 102: "Lorem ipsum dolor"
                text run at (102,0) width 3: " "
                text run at (0,13) width 104: "ABCDEFGHIJKLMNO"
                text run at (0,26) width 80: "PQRSTUVWXYZ"
                text run at (80,26) width 3: " "
                text run at (0,39) width 108: "abcdefghijklmnopqr"
                text run at (0,52) width 23: "stuv"
        layer at (132,190) size 60x32 clip at (133,191) size 43x30 scrollHeight 160
          RenderTextControl {TEXTAREA} at (1,30) size 60x32 [bgcolor=#FFFFFF] [border: (1px solid #000000)]
            RenderBlock {DIV} at (3,3) size 39x156
              RenderText {#text} at (0,0) size 39x156
                text run at (0,0) width 34: "Lorem"
                text run at (34,0) width 3: " "
                text run at (0,13) width 33: "ipsum"
                text run at (33,13) width 3: " "
                text run at (0,26) width 29: "dolor"
                text run at (29,26) width 3: " "
                text run at (0,39) width 36: "ABCDE"
                text run at (0,52) width 36: "FGHIJK"
                text run at (0,65) width 39: "LMNOP"
                text run at (0,78) width 37: "QRSTU"
                text run at (0,91) width 37: "VWXYZ"
                text run at (37,91) width 2: " "
                text run at (0,104) width 36: "abcdef"
                text run at (0,117) width 30: "ghijkl"
                text run at (0,130) width 38: "mnopq"
                text run at (0,143) width 27: "rstuv"
        layer at (214,154) size 60x68 clip at (215,155) size 43x66 scrollHeight 859
          RenderTextControl {TEXTAREA} at (1,44) size 60x68 [bgcolor=#FFFFFF] [border: (1px solid #000000)]
            RenderBlock {DIV} at (21,21) size 3x819
              RenderText {#text} at (0,0) size 11x819
                text run at (0,0) width 6: "L"
                text run at (0,13) width 7: "o"
                text run at (0,26) width 5: "r"
                text run at (0,39) width 7: "e"
                text run at (0,52) width 11: "m"
                text run at (0,65) width 4: "i"
                text run at (0,78) width 7: "p"
                text run at (0,91) width 6: "s"
                text run at (0,104) width 7: "u"
                text run at (0,117) width 11: "m"
                text run at (0,130) width 7: "d"
                text run at (0,143) width 7: "o"
                text run at (0,156) width 4: "l"
                text run at (0,169) width 7: "o"
                text run at (0,182) width 5: "r"
                text run at (0,195) width 8: "A"
                text run at (0,208) width 7: "B"
                text run at (0,221) width 8: "C"
                text run at (0,234) width 9: "D"
                text run at (0,247) width 6: "E"
                text run at (0,260) width 6: "F"
                text run at (0,273) width 8: "G"
                text run at (0,286) width 9: "H"
                text run at (0,299) width 4: "I"
                text run at (0,312) width 4: "J"
                text run at (0,325) width 8: "K"
                text run at (0,338) width 6: "L"
                text run at (0,351) width 10: "M"
                text run at (0,364) width 9: "N"
                text run at (0,377) width 9: "O"
                text run at (0,390) width 7: "P"
                text run at (0,403) width 9: "Q"
                text run at (0,416) width 7: "R"
                text run at (0,429) width 6: "S"
                text run at (0,442) width 7: "T"
                text run at (0,455) width 8: "U"
                text run at (0,468) width 8: "V"
                text run at (0,481) width 10: "W"
                text run at (0,494) width 7: "X"
                text run at (0,507) width 7: "Y"
                text run at (0,520) width 7: "Z"
                text run at (0,533) width 7: "a"
                text run at (0,546) width 7: "b"
                text run at (0,559) width 6: "c"
                text run at (0,572) width 7: "d"
                text run at (0,585) width 7: "e"
                text run at (0,598) width 5: "f"
                text run at (0,611) width 7: "g"
                text run at (0,624) width 7: "h"
                text run at (0,637) width 4: "i"
                text run at (0,650) width 4: "j"
                text run at (0,663) width 7: "k"
                text run at (0,676) width 4: "l"
                text run at (0,689) width 11: "m"
                text run at (0,702) width 7: "n"
                text run at (0,715) width 7: "o"
                text run at (0,728) width 7: "p"
                text run at (0,741) width 7: "q"
                text run at (0,754) width 5: "r"
                text run at (0,767) width 6: "s"
                text run at (0,780) width 5: "t"
                text run at (0,793) width 7: "u"
                text run at (0,806) width 6: "v"
        layer at (296,194) size 60x28 clip at (297,195) size 43x26 scrollHeight 156
          RenderTextControl {TEXTAREA} at (1,44) size 60x28 [bgcolor=#FFFFFF] [border: (1px solid #000000)]
            RenderBlock {DIV} at (1,1) size 43x156
              RenderText {#text} at (0,0) size 43x156
                text run at (0,0) width 34: "Lorem"
                text run at (34,0) width 3: " "
                text run at (0,13) width 33: "ipsum"
                text run at (33,13) width 3: " "
                text run at (0,26) width 29: "dolor"
                text run at (29,26) width 3: " "
                text run at (0,39) width 42: "ABCDEF"
                text run at (0,52) width 36: "GHIJKL"
                text run at (0,65) width 41: "MNOPQ"
                text run at (0,78) width 35: "RSTUV"
                text run at (0,91) width 30: "WXYZ"
                text run at (30,91) width 3: " "
                text run at (0,104) width 43: "abcdefg"
                text run at (0,117) width 41: "hijklmn"
                text run at (0,130) width 42: "opqrstu"
                text run at (0,143) width 6: "v"
        layer at (378,162) size 129x60 clip at (379,163) size 112x58 scrollHeight 69
          RenderTextControl {TEXTAREA} at (1,30) size 129x60 [bgcolor=#FFFFFF] [border: (1px solid #000000)]
            RenderBlock {DIV} at (3,3) size 108x65
              RenderText {#text} at (0,0) size 108x65
                text run at (0,0) width 102: "Lorem ipsum dolor"
                text run at (102,0) width 3: " "
                text run at (0,13) width 104: "ABCDEFGHIJKLMNO"
                text run at (0,26) width 80: "PQRSTUVWXYZ"
                text run at (80,26) width 3: " "
                text run at (0,39) width 108: "abcdefghijklmnopqr"
                text run at (0,52) width 23: "stuv"
        layer at (509,162) size 60x60 clip at (510,163) size 43x58 scrollHeight 160
          RenderTextControl {TEXTAREA} at (1,44) size 60x60 [bgcolor=#FFFFFF] [border: (1px solid #000000)]
            RenderBlock {DIV} at (3,3) size 39x156
              RenderText {#text} at (0,0) size 39x156
                text run at (0,0) width 34: "Lorem"
                text run at (34,0) width 3: " "
                text run at (0,13) width 33: "ipsum"
                text run at (33,13) width 3: " "
                text run at (0,26) width 29: "dolor"
                text run at (29,26) width 3: " "
                text run at (0,39) width 36: "ABCDE"
                text run at (0,52) width 36: "FGHIJK"
                text run at (0,65) width 39: "LMNOP"
                text run at (0,78) width 37: "QRSTU"
                text run at (0,91) width 37: "VWXYZ"
                text run at (37,91) width 2: " "
                text run at (0,104) width 36: "abcdef"
                text run at (0,117) width 30: "ghijkl"
                text run at (0,130) width 38: "mnopq"
                text run at (0,143) width 27: "rstuv"
        layer at (591,190) size 129x32 clip at (592,191) size 127x30 scrollHeight 69
          RenderTextControl {TEXTAREA} at (1,30) size 129x32 [bgcolor=#FFFFFF] [border: (1px solid #000000)]
            RenderBlock {DIV} at (3,3) size 123x65
              RenderText {#text} at (0,0) size 119x65
                text run at (0,0) width 102: "Lorem ipsum dolor"
                text run at (102,0) width 3: " "
                text run at (0,13) width 119: "ABCDEFGHIJKLMNOPQ"
                text run at (0,26) width 65: "RSTUVWXYZ"
                text run at (65,26) width 3: " "
                text run at (0,39) width 118: "abcdefghijklmnopqrst"
                text run at (0,52) width 13: "uv"
        layer at (1,295) size 129x47 clip at (2,296) size 112x30 scrollHeight 69
          RenderTextControl {TEXTAREA} at (1,30) size 129x47 [bgcolor=#FFFFFF] [border: (1px solid #000000)]
            RenderBlock {DIV} at (3,3) size 108x65
              RenderText {#text} at (0,0) size 108x65
                text run at (0,0) width 102: "Lorem ipsum dolor"
                text run at (102,0) width 3: " "
                text run at (0,13) width 104: "ABCDEFGHIJKLMNO"
                text run at (0,26) width 80: "PQRSTUVWXYZ"
                text run at (80,26) width 3: " "
                text run at (0,39) width 108: "abcdefghijklmnopqr"
                text run at (0,52) width 23: "stuv"
        layer at (132,282) size 60x60 clip at (133,283) size 58x58 scrollHeight 134
          RenderTextControl {TEXTAREA} at (1,58) size 60x60 [bgcolor=#FFFFFF] [border: (1px solid #000000)]
            RenderBlock {DIV} at (3,3) size 54x130
              RenderText {#text} at (0,0) size 54x130
                text run at (0,0) width 34: "Lorem"
                text run at (34,0) width 3: " "
                text run at (0,13) width 33: "ipsum"
                text run at (33,13) width 3: " "
                text run at (0,26) width 29: "dolor"
                text run at (29,26) width 3: " "
                text run at (0,39) width 50: "ABCDEFG"
                text run at (0,52) width 54: "HIJKLMNO"
                text run at (0,65) width 50: "PQRSTUV"
                text run at (0,78) width 30: "WXYZ"
                text run at (30,78) width 3: " "
                text run at (0,91) width 53: "abcdefghi"
                text run at (0,104) width 51: "jklmnopq"
                text run at (0,117) width 27: "rstuv"
        layer at (214,282) size 60x60 clip at (215,283) size 43x43 scrollHeight 160
          RenderTextControl {TEXTAREA} at (1,58) size 60x60 [bgcolor=#FFFFFF] [border: (1px solid #000000)]
            RenderBlock {DIV} at (3,3) size 39x156
              RenderText {#text} at (0,0) size 39x156
                text run at (0,0) width 34: "Lorem"
                text run at (34,0) width 3: " "
                text run at (0,13) width 33: "ipsum"
                text run at (33,13) width 3: " "
                text run at (0,26) width 29: "dolor"
                text run at (29,26) width 3: " "
                text run at (0,39) width 36: "ABCDE"
                text run at (0,52) width 36: "FGHIJK"
                text run at (0,65) width 39: "LMNOP"
                text run at (0,78) width 37: "QRSTU"
                text run at (0,91) width 37: "VWXYZ"
                text run at (37,91) width 2: " "
                text run at (0,104) width 36: "abcdef"
                text run at (0,117) width 30: "ghijkl"
                text run at (0,130) width 38: "mnopq"
                text run at (0,143) width 27: "rstuv"
        layer at (296,282) size 60x60 clip at (297,283) size 43x58 scrollHeight 160
          RenderTextControl {TEXTAREA} at (1,44) size 60x60 [bgcolor=#FFFFFF] [border: (1px solid #000000)]
            RenderBlock {DIV} at (3,3) size 39x156
              RenderText {#text} at (0,0) size 39x156
                text run at (0,0) width 34: "Lorem"
                text run at (34,0) width 3: " "
                text run at (0,13) width 33: "ipsum"
                text run at (33,13) width 3: " "
                text run at (0,26) width 29: "dolor"
                text run at (29,26) width 3: " "
                text run at (0,39) width 36: "ABCDE"
                text run at (0,52) width 36: "FGHIJK"
                text run at (0,65) width 39: "LMNOP"
                text run at (0,78) width 37: "QRSTU"
                text run at (0,91) width 37: "VWXYZ"
                text run at (37,91) width 2: " "
                text run at (0,104) width 36: "abcdef"
                text run at (0,117) width 30: "ghijkl"
                text run at (0,130) width 38: "mnopq"
                text run at (0,143) width 27: "rstuv"
        layer at (378,282) size 60x60 clip at (379,283) size 43x58 scrollHeight 160
          RenderTextControl {TEXTAREA} at (1,44) size 60x60 [bgcolor=#FFFFFF] [border: (1px solid #000000)]
            RenderBlock {DIV} at (3,3) size 39x156
              RenderText {#text} at (0,0) size 39x156
                text run at (0,0) width 34: "Lorem"
                text run at (34,0) width 3: " "
                text run at (0,13) width 33: "ipsum"
                text run at (33,13) width 3: " "
                text run at (0,26) width 29: "dolor"
                text run at (29,26) width 3: " "
                text run at (0,39) width 36: "ABCDE"
                text run at (0,52) width 36: "FGHIJK"
                text run at (0,65) width 39: "LMNOP"
                text run at (0,78) width 37: "QRSTU"
                text run at (0,91) width 37: "VWXYZ"
                text run at (37,91) width 2: " "
                text run at (0,104) width 36: "abcdef"
                text run at (0,117) width 30: "ghijkl"
                text run at (0,130) width 38: "mnopq"
                text run at (0,143) width 27: "rstuv"
        layer at (460,282) size 60x60 clip at (461,283) size 43x58 scrollHeight 160
          RenderTextControl {TEXTAREA} at (1,58) size 60x60 [bgcolor=#FFFFFF] [border: (1px solid #000000)]
            RenderBlock {DIV} at (3,3) size 39x156
              RenderText {#text} at (0,0) size 39x156
                text run at (0,0) width 34: "Lorem"
                text run at (34,0) width 3: " "
                text run at (0,13) width 33: "ipsum"
                text run at (33,13) width 3: " "
                text run at (0,26) width 29: "dolor"
                text run at (29,26) width 3: " "
                text run at (0,39) width 36: "ABCDE"
                text run at (0,52) width 36: "FGHIJK"
                text run at (0,65) width 39: "LMNOP"
                text run at (0,78) width 37: "QRSTU"
                text run at (0,91) width 37: "VWXYZ"
                text run at (37,91) width 2: " "
                text run at (0,104) width 36: "abcdef"
                text run at (0,117) width 30: "ghijkl"
                text run at (0,130) width 38: "mnopq"
                text run at (0,143) width 27: "rstuv"
        layer at (542,310) size 38x32 clip at (543,311) size 21x30 scrollHeight 407
          RenderTextControl {TEXTAREA} at (1,16) size 38x32 [bgcolor=#FFFFFF] [border: (1px solid #000000)]
            RenderBlock {DIV} at (3,3) size 17x403
              RenderText {#text} at (0,0) size 17x403
                text run at (0,0) width 13: "Lo"
                text run at (0,13) width 11: "re"
                text run at (0,26) width 11: "m"
                text run at (11,26) width 3: " "
                text run at (0,39) width 16: "ips"
                text run at (0,52) width 7: "u"
                text run at (0,65) width 11: "m"
                text run at (11,65) width 3: " "
                text run at (0,78) width 17: "dol"
                text run at (0,91) width 12: "or"
                text run at (12,91) width 3: " "
                text run at (0,104) width 14: "AB"
                text run at (0,117) width 16: "CD"
                text run at (0,130) width 12: "EF"
                text run at (0,143) width 17: "GH"
                text run at (0,156) width 14: "IJK"
                text run at (0,169) width 16: "LM"
                text run at (0,182) width 17: "NO"
                text run at (0,195) width 15: "PQ"
                text run at (0,208) width 13: "RS"
                text run at (0,221) width 15: "TU"
                text run at (0,234) width 17: "VW"
                text run at (0,247) width 14: "XY"
                text run at (0,260) width 7: "Z"
                text run at (7,260) width 3: " "
                text run at (0,273) width 13: "ab"
                text run at (0,286) width 13: "cd"
                text run at (0,299) width 11: "ef"
                text run at (0,312) width 17: "ghi"
                text run at (0,325) width 13: "jkl"
                text run at (0,338) width 11: "m"
                text run at (0,351) width 14: "no"
                text run at (0,364) width 14: "pq"
                text run at (0,377) width 15: "rst"
                text run at (0,390) width 13: "uv"
        layer at (624,297) size 129x45 clip at (625,298) size 112x43 scrollHeight 69
          RenderTextControl {TEXTAREA} at (1,16) size 129x45 [bgcolor=#FFFFFF] [border: (1px solid #000000)]
            RenderBlock {DIV} at (3,3) size 108x65
              RenderText {#text} at (0,0) size 108x65
                text run at (0,0) width 102: "Lorem ipsum dolor"
                text run at (102,0) width 3: " "
                text run at (0,13) width 104: "ABCDEFGHIJKLMNO"
                text run at (0,26) width 80: "PQRSTUVWXYZ"
                text run at (80,26) width 3: " "
                text run at (0,39) width 108: "abcdefghijklmnopqr"
                text run at (0,52) width 23: "stuv"
        layer at (1,425) size 59x32 clip at (2,426) size 42x30 scrollHeight 173
          RenderTextControl {TEXTAREA} at (1,16) size 59x32 [bgcolor=#FFFFFF] [border: (1px solid #000000)]
            RenderBlock {DIV} at (3,3) size 38x169
              RenderText {#text} at (0,0) size 38x169
                text run at (0,0) width 34: "Lorem"
                text run at (34,0) width 3: " "
                text run at (0,13) width 33: "ipsum"
                text run at (33,13) width 3: " "
                text run at (0,26) width 29: "dolor"
                text run at (29,26) width 3: " "
                text run at (0,39) width 36: "ABCDE"
                text run at (0,52) width 36: "FGHIJK"
                text run at (0,65) width 33: "LMNO"
                text run at (0,78) width 35: "PQRST"
                text run at (0,91) width 38: "UVWXY"
                text run at (0,104) width 7: "Z"
                text run at (7,104) width 3: " "
                text run at (0,117) width 36: "abcdef"
                text run at (0,130) width 30: "ghijkl"
                text run at (0,143) width 38: "mnopq"
                text run at (0,156) width 27: "rstuv"
        layer at (83,360) size 129x97 clip at (84,361) size 127x95
          RenderTextControl {TEXTAREA} at (1,16) size 129x97 [bgcolor=#FFFFFF] [border: (1px solid #000000)]
            RenderBlock {DIV} at (3,3) size 123x65
              RenderText {#text} at (0,0) size 119x65
                text run at (0,0) width 102: "Lorem ipsum dolor"
                text run at (102,0) width 3: " "
                text run at (0,13) width 119: "ABCDEFGHIJKLMNOPQ"
                text run at (0,26) width 65: "RSTUVWXYZ"
                text run at (65,26) width 3: " "
                text run at (0,39) width 118: "abcdefghijklmnopqrst"
                text run at (0,52) width 13: "uv"
        layer at (214,399) size 48x58 clip at (215,400) size 31x56 scrollHeight 277
          RenderTextControl {TEXTAREA} at (1,30) size 48x58 [bgcolor=#FFFFFF] [border: (1px solid #000000)]
            RenderBlock {DIV} at (3,3) size 27x273
              RenderText {#text} at (0,0) size 27x273
                text run at (0,0) width 24: "Lore"
                text run at (0,13) width 11: "m"
                text run at (11,13) width 3: " "
                text run at (0,26) width 23: "ipsu"
                text run at (0,39) width 11: "m"
                text run at (11,39) width 3: " "
                text run at (0,52) width 24: "dolo"
                text run at (0,65) width 5: "r"
                text run at (5,65) width 3: " "
                text run at (0,78) width 22: "ABC"
                text run at (0,91) width 21: "DEF"
                text run at (0,104) width 23: "GHIJ"
                text run at (0,117) width 23: "KLM"
                text run at (0,130) width 23: "NOP"
                text run at (0,143) width 22: "QRS"
                text run at (0,156) width 22: "TUV"
                text run at (0,169) width 24: "WXY"
                text run at (0,182) width 7: "Z"
                text run at (7,182) width 3: " "
                text run at (0,195) width 26: "abcd"
                text run at (0,208) width 24: "efgh"
                text run at (0,221) width 27: "ijklm"
                text run at (0,234) width 21: "nop"
                text run at (0,247) width 22: "qrst"
                text run at (0,260) width 13: "uv"
        layer at (296,410) size 129x47 clip at (297,411) size 127x30 scrollWidth 423
          RenderTextControl {TEXTAREA} at (1,16) size 129x47 [bgcolor=#FFFFFF] [border: (1px solid #000000)]
            RenderBlock {DIV} at (3,3) size 123x13
              RenderText {#text} at (0,0) size 421x13
                text run at (0,0) width 421: "Lorem ipsum dolor ABCDEFGHIJKLMNOPQRSTUVWXYZ abcdefghijklmnopqrstuv"
        layer at (427,425) size 129x32 clip at (428,426) size 112x30 scrollHeight 69
          RenderTextControl {TEXTAREA} at (1,16) size 129x32 [bgcolor=#FFFFFF] [border: (1px solid #000000)]
            RenderBlock {DIV} at (3,3) size 108x65
              RenderText {#text} at (0,0) size 108x65
                text run at (0,0) width 102: "Lorem ipsum dolor"
                text run at (102,0) width 3: " "
                text run at (0,13) width 104: "ABCDEFGHIJKLMNO"
                text run at (0,26) width 80: "PQRSTUVWXYZ"
                text run at (80,26) width 3: " "
                text run at (0,39) width 108: "abcdefghijklmnopqr"
                text run at (0,52) width 23: "stuv"
        layer at (558,425) size 129x32 clip at (559,426) size 112x30 scrollHeight 69
          RenderTextControl {TEXTAREA} at (1,16) size 129x32 [bgcolor=#FFFFFF] [border: (1px solid #000000)]
            RenderBlock {DIV} at (3,3) size 108x65
              RenderText {#text} at (0,0) size 108x65
                text run at (0,0) width 102: "Lorem ipsum dolor"
                text run at (102,0) width 3: " "
                text run at (0,13) width 104: "ABCDEFGHIJKLMNO"
                text run at (0,26) width 80: "PQRSTUVWXYZ"
                text run at (80,26) width 3: " "
                text run at (0,39) width 108: "abcdefghijklmnopqr"
                text run at (0,52) width 23: "stuv"
      RenderText {#text} at (0,0) size 0x0
      RenderText {#text} at (0,0) size 0x0
      RenderText {#text} at (0,0) size 0x0
