layer at (0,0) size 785x1026
  RenderView at (0,0) size 785x600
layer at (0,0) size 785x1026
  RenderBlock {HTML} at (0,0) size 785x600
    RenderBody {BODY} at (8,8) size 769x584
      RenderBlock (floating) {DIV} at (0,0) size 352x777 [border: (1px solid #FF0000)]
        RenderBlock (anonymous) at (1,1) size 350x14
          RenderText {#text} at (0,-1) size 181x17
            text run at (0,-1) width 181: "Plain textarea with little content"
        RenderBlock {DIV} at (1,15) size 352x36 [border: (1px solid #FF0000)]
          RenderText {#text} at (1,20) size 14x17
            text run at (1,20) width 14: "A "
          RenderText {#text} at (182,20) size 13x17
            text run at (182,20) width 13: " B"
        RenderBlock (anonymous) at (1,51) size 350x14
          RenderText {#text} at (0,-1) size 77x17
            text run at (0,-1) width 77: "Plain textarea"
        RenderBlock {DIV} at (1,65) size 352x36 [border: (1px solid #FF0000)]
          RenderText {#text} at (1,20) size 14x17
            text run at (1,20) width 14: "A "
          RenderText {#text} at (182,20) size 13x17
            text run at (182,20) width 13: " B"
        RenderBlock (anonymous) at (1,101) size 350x14
          RenderText {#text} at (0,-1) size 97x17
            text run at (0,-1) width 97: "Disabled textarea"
        RenderBlock {DIV} at (1,115) size 352x36 [border: (1px solid #FF0000)]
          RenderText {#text} at (1,20) size 14x17
            text run at (1,20) width 14: "A "
          RenderText {#text} at (182,20) size 13x17
            text run at (182,20) width 13: " B"
        RenderBlock (anonymous) at (1,151) size 350x14
          RenderText {#text} at (0,-1) size 123x17
            text run at (0,-1) width 123: "style=\"padding:10px\""
        RenderBlock {DIV} at (1,165) size 352x56 [border: (1px solid #FF0000)]
          RenderText {#text} at (1,40) size 14x17
            text run at (1,40) width 14: "A "
          RenderText {#text} at (202,40) size 13x17
            text run at (202,40) width 13: " B"
        RenderBlock (anonymous) at (1,221) size 350x14
          RenderText {#text} at (0,-1) size 116x17
            text run at (0,-1) width 116: "style=\"padding:0px\""
        RenderBlock {DIV} at (1,235) size 352x36 [border: (1px solid #FF0000)]
          RenderText {#text} at (1,20) size 14x17
            text run at (1,20) width 14: "A "
          RenderText {#text} at (182,20) size 13x17
            text run at (182,20) width 13: " B"
        RenderBlock (anonymous) at (1,271) size 350x14
          RenderText {#text} at (0,-1) size 118x17
            text run at (0,-1) width 118: "style=\"margin:10px\""
        RenderBlock {DIV} at (1,285) size 352x52 [border: (1px solid #FF0000)]
          RenderText {#text} at (1,36) size 14x17
            text run at (1,36) width 14: "A "
          RenderText {#text} at (198,36) size 13x17
            text run at (198,36) width 13: " B"
        RenderBlock (anonymous) at (1,337) size 350x14
          RenderText {#text} at (0,-1) size 111x17
            text run at (0,-1) width 111: "style=\"margin:0px\""
        RenderBlock {DIV} at (1,351) size 352x32 [border: (1px solid #FF0000)]
          RenderText {#text} at (1,16) size 14x17
            text run at (1,16) width 14: "A "
          RenderText {#text} at (178,16) size 13x17
            text run at (178,16) width 13: " B"
        RenderBlock (anonymous) at (1,383) size 350x14
          RenderText {#text} at (0,-1) size 37x17
            text run at (0,-1) width 37: "cols=3"
        RenderBlock {DIV} at (1,397) size 352x36 [border: (1px solid #FF0000)]
          RenderText {#text} at (1,20) size 14x17
            text run at (1,20) width 14: "A "
          RenderText {#text} at (63,20) size 13x17
            text run at (63,20) width 13: " B"
        RenderBlock (anonymous) at (1,433) size 350x14
          RenderText {#text} at (0,-1) size 42x17
            text run at (0,-1) width 42: "rows=3"
        RenderBlock {DIV} at (1,447) size 352x49 [border: (1px solid #FF0000)]
          RenderText {#text} at (1,33) size 14x17
            text run at (1,33) width 14: "A "
          RenderText {#text} at (182,33) size 13x17
            text run at (182,33) width 13: " B"
        RenderBlock (anonymous) at (1,496) size 350x14
          RenderText {#text} at (0,-1) size 44x17
            text run at (0,-1) width 44: "cols=10"
        RenderBlock {DIV} at (1,510) size 352x36 [border: (1px solid #FF0000)]
          RenderText {#text} at (1,20) size 14x17
            text run at (1,20) width 14: "A "
          RenderText {#text} at (112,20) size 13x17
            text run at (112,20) width 13: " B"
        RenderBlock (anonymous) at (1,546) size 350x14
          RenderText {#text} at (0,-1) size 49x17
            text run at (0,-1) width 49: "rows=10"
        RenderBlock {DIV} at (1,560) size 352x140 [border: (1px solid #FF0000)]
          RenderText {#text} at (1,124) size 14x17
            text run at (1,124) width 14: "A "
          RenderText {#text} at (182,124) size 13x17
            text run at (182,124) width 13: " B"
        RenderBlock (anonymous) at (1,700) size 350x14
          RenderText {#text} at (0,-1) size 83x17
            text run at (0,-1) width 83: "cols=5 rows=4"
        RenderBlock {DIV} at (1,714) size 352x62 [border: (1px solid #FF0000)]
          RenderText {#text} at (1,46) size 14x17
            text run at (1,46) width 14: "A "
          RenderText {#text} at (77,46) size 13x17
            text run at (77,46) width 13: " B"
      RenderBlock (floating) {DIV} at (352,0) size 352x1018 [border: (1px solid #FF0000)]
        RenderBlock (anonymous) at (1,1) size 350x14
          RenderText {#text} at (0,-1) size 110x17
            text run at (0,-1) width 110: "style=\"width:60px\""
        RenderBlock {DIV} at (1,15) size 352x36 [border: (1px solid #FF0000)]
          RenderText {#text} at (1,20) size 14x17
            text run at (1,20) width 14: "A "
          RenderText {#text} at (75,20) size 13x17
            text run at (75,20) width 13: " B"
        RenderBlock (anonymous) at (1,51) size 350x14
          RenderText {#text} at (0,-1) size 191x17
            text run at (0,-1) width 191: "style=\"width:60px;padding:20px\""
        RenderBlock {DIV} at (1,65) size 352x76 [border: (1px solid #FF0000)]
          RenderText {#text} at (1,60) size 14x17
            text run at (1,60) width 14: "A "
          RenderText {#text} at (75,60) size 13x17
            text run at (75,60) width 13: " B"
        RenderBlock (anonymous) at (1,141) size 350x14
          RenderText {#text} at (0,-1) size 170x17
            text run at (0,-1) width 170: "style=\"width:60px;padding:0\""
        RenderBlock {DIV} at (1,155) size 352x36 [border: (1px solid #FF0000)]
          RenderText {#text} at (1,20) size 14x17
            text run at (1,20) width 14: "A "
          RenderText {#text} at (75,20) size 13x17
            text run at (75,20) width 13: " B"
        RenderBlock (anonymous) at (1,191) size 350x14
          RenderText {#text} at (0,-1) size 113x17
            text run at (0,-1) width 113: "style=\"height:60px\""
        RenderBlock {DIV} at (1,205) size 352x64 [border: (1px solid #FF0000)]
          RenderText {#text} at (1,48) size 14x17
            text run at (1,48) width 14: "A "
          RenderText {#text} at (182,48) size 13x17
            text run at (182,48) width 13: " B"
        RenderBlock (anonymous) at (1,269) size 350x14
          RenderText {#text} at (0,-1) size 181x17
            text run at (0,-1) width 181: "style=\"width:60px;height:60px\""
        RenderBlock {DIV} at (1,283) size 352x64 [border: (1px solid #FF0000)]
          RenderText {#text} at (1,48) size 14x17
            text run at (1,48) width 14: "A "
          RenderText {#text} at (75,48) size 13x17
            text run at (75,48) width 13: " B"
        RenderBlock (anonymous) at (1,347) size 350x14
          RenderText {#text} at (0,-1) size 139x17
            text run at (0,-1) width 139: "style=\"overflow:hidden\""
        RenderBlock {DIV} at (1,361) size 352x36 [border: (1px solid #FF0000)]
          RenderText {#text} at (1,20) size 14x17
            text run at (1,20) width 14: "A "
          RenderText {#text} at (182,20) size 13x17
            text run at (182,20) width 13: " B"
        RenderBlock (anonymous) at (1,397) size 350x14
          RenderText {#text} at (0,-1) size 132x17
            text run at (0,-1) width 132: "style=\"overflow:scroll\""
        RenderBlock {DIV} at (1,411) size 352x51 [border: (1px solid #FF0000)]
          RenderText {#text} at (1,35) size 14x17
            text run at (1,35) width 14: "A "
          RenderText {#text} at (182,35) size 13x17
            text run at (182,35) width 13: " B"
        RenderBlock (anonymous) at (1,462) size 350x14
          RenderText {#text} at (0,-1) size 278x17
            text run at (0,-1) width 278: "style=\"overflow:hidden;width:60px;height:60px\""
        RenderBlock {DIV} at (1,476) size 352x64 [border: (1px solid #FF0000)]
          RenderText {#text} at (1,48) size 14x17
            text run at (1,48) width 14: "A "
          RenderText {#text} at (75,48) size 13x17
            text run at (75,48) width 13: " B"
        RenderBlock (anonymous) at (1,540) size 350x14
          RenderText {#text} at (0,-1) size 271x17
            text run at (0,-1) width 271: "style=\"overflow:scroll;width:60px;height:60px\""
        RenderBlock {DIV} at (1,554) size 352x64 [border: (1px solid #FF0000)]
          RenderText {#text} at (1,48) size 14x17
            text run at (1,48) width 14: "A "
          RenderText {#text} at (75,48) size 13x17
            text run at (75,48) width 13: " B"
        RenderBlock (anonymous) at (1,618) size 350x14
          RenderText {#text} at (0,-1) size 222x17
            text run at (0,-1) width 222: "cols=5 style=\"width:60px;height:60px\""
        RenderBlock {DIV} at (1,632) size 352x64 [border: (1px solid #FF0000)]
          RenderText {#text} at (1,48) size 14x17
            text run at (1,48) width 14: "A "
          RenderText {#text} at (75,48) size 13x17
            text run at (75,48) width 13: " B"
        RenderBlock (anonymous) at (1,696) size 350x14
          RenderText {#text} at (0,-1) size 227x17
            text run at (0,-1) width 227: "rows=4 style=\"width:60px;height:60px\""
        RenderBlock {DIV} at (1,710) size 352x64 [border: (1px solid #FF0000)]
          RenderText {#text} at (1,48) size 14x17
            text run at (1,48) width 14: "A "
          RenderText {#text} at (75,48) size 13x17
            text run at (75,48) width 13: " B"
        RenderBlock (anonymous) at (1,774) size 350x14
          RenderText {#text} at (0,-1) size 268x17
            text run at (0,-1) width 268: "cols=5 rows=4 style=\"width:60px;height:60px\""
        RenderBlock {DIV} at (1,788) size 352x64 [border: (1px solid #FF0000)]
          RenderText {#text} at (1,48) size 14x17
            text run at (1,48) width 14: "A "
          RenderText {#text} at (75,48) size 13x17
            text run at (75,48) width 13: " B"
        RenderBlock (anonymous) at (1,852) size 350x14
          RenderText {#text} at (0,-1) size 65x17
            text run at (0,-1) width 65: "wrap=\"off\""
        RenderBlock {DIV} at (1,866) size 352x51 [border: (1px solid #FF0000)]
          RenderText {#text} at (1,35) size 14x17
            text run at (1,35) width 14: "A "
          RenderText {#text} at (182,35) size 13x17
            text run at (182,35) width 4: " "
            text run at (186,35) width 9: "B"
        RenderBlock (anonymous) at (1,917) size 350x14
          RenderText {#text} at (0,-1) size 73x17
            text run at (0,-1) width 73: "wrap=\"hard\""
        RenderBlock {DIV} at (1,931) size 352x36 [border: (1px solid #FF0000)]
          RenderText {#text} at (1,20) size 14x17
            text run at (1,20) width 14: "A "
          RenderText {#text} at (182,20) size 13x17
            text run at (182,20) width 4: " "
            text run at (186,20) width 9: "B"
        RenderBlock (anonymous) at (1,967) size 350x14
          RenderText {#text} at (0,-1) size 69x17
            text run at (0,-1) width 69: "wrap=\"soft\""
        RenderBlock {DIV} at (1,981) size 352x36 [border: (1px solid #FF0000)]
          RenderText {#text} at (1,20) size 14x17
            text run at (1,20) width 14: "A "
          RenderText {#text} at (182,20) size 13x17
            text run at (182,20) width 4: " "
            text run at (186,20) width 9: "B"
layer at (26,26) size 163x28 clip at (27,27) size 161x26
  RenderTextControl {TEXTAREA} at (17,3) size 163x28 [bgcolor=#FFFFFF] [border: (1px solid #000000)]
    RenderBlock {DIV} at (1,1) size 161x13
      RenderText {#text} at (3,0) size 102x13
        text run at (3,0) width 102: "Lorem ipsum dolor"
layer at (26,76) size 163x28 clip at (27,77) size 146x26 scrollHeight 52
  RenderTextControl {TEXTAREA} at (17,3) size 163x28 [bgcolor=#FFFFFF] [border: (1px solid #000000)]
    RenderBlock {DIV} at (1,1) size 146x52
      RenderText {#text} at (3,0) size 138x52
        text run at (3,0) width 102: "Lorem ipsum dolor"
        text run at (105,0) width 3: " "
        text run at (3,13) width 138: "ABCDEFGHIJKLMNOPQRST"
        text run at (3,26) width 45: "UVWXYZ"
        text run at (48,26) width 3: " "
        text run at (3,39) width 130: "abcdefghijklmnopqrstuv"
        text run at (133,39) width 3: " "
layer at (26,126) size 163x28 clip at (27,127) size 146x26 scrollHeight 52
  RenderTextControl {TEXTAREA} at (17,3) size 163x28 [bgcolor=#FFFFFF] [border: (1px solid #000000)]
    RenderBlock {DIV} at (1,1) size 146x52 [color=#545454]
      RenderText {#text} at (3,0) size 138x52
        text run at (3,0) width 102: "Lorem ipsum dolor"
        text run at (105,0) width 3: " "
        text run at (3,13) width 138: "ABCDEFGHIJKLMNOPQRST"
        text run at (3,26) width 45: "UVWXYZ"
        text run at (48,26) width 3: " "
        text run at (3,39) width 130: "abcdefghijklmnopqrstuv"
        text run at (133,39) width 3: " "
layer at (26,176) size 183x48 clip at (27,177) size 166x46 scrollHeight 62
  RenderTextControl {TEXTAREA} at (17,3) size 183x48 [bgcolor=#FFFFFF] [border: (1px solid #000000)]
    RenderBlock {DIV} at (11,11) size 146x52
      RenderText {#text} at (3,0) size 138x52
        text run at (3,0) width 102: "Lorem ipsum dolor"
        text run at (105,0) width 3: " "
        text run at (3,13) width 138: "ABCDEFGHIJKLMNOPQRST"
        text run at (3,26) width 45: "UVWXYZ"
        text run at (48,26) width 3: " "
        text run at (3,39) width 130: "abcdefghijklmnopqrstuv"
        text run at (133,39) width 3: " "
layer at (26,246) size 163x28 clip at (27,247) size 146x26 scrollHeight 52
  RenderTextControl {TEXTAREA} at (17,3) size 163x28 [bgcolor=#FFFFFF] [border: (1px solid #000000)]
    RenderBlock {DIV} at (1,1) size 146x52
      RenderText {#text} at (3,0) size 138x52
        text run at (3,0) width 102: "Lorem ipsum dolor"
        text run at (105,0) width 3: " "
        text run at (3,13) width 138: "ABCDEFGHIJKLMNOPQRST"
        text run at (3,26) width 45: "UVWXYZ"
        text run at (48,26) width 3: " "
        text run at (3,39) width 130: "abcdefghijklmnopqrstuv"
        text run at (133,39) width 3: " "
layer at (34,304) size 163x28 clip at (35,305) size 146x26 scrollHeight 52
  RenderTextControl {TEXTAREA} at (25,11) size 163x28 [bgcolor=#FFFFFF] [border: (1px solid #000000)]
    RenderBlock {DIV} at (1,1) size 146x52
      RenderText {#text} at (3,0) size 138x52
        text run at (3,0) width 102: "Lorem ipsum dolor"
        text run at (105,0) width 3: " "
        text run at (3,13) width 138: "ABCDEFGHIJKLMNOPQRST"
        text run at (3,26) width 45: "UVWXYZ"
        text run at (48,26) width 3: " "
        text run at (3,39) width 130: "abcdefghijklmnopqrstuv"
        text run at (133,39) width 3: " "
layer at (24,360) size 163x28 clip at (25,361) size 146x26 scrollHeight 52
  RenderTextControl {TEXTAREA} at (15,1) size 163x28 [bgcolor=#FFFFFF] [border: (1px solid #000000)]
    RenderBlock {DIV} at (1,1) size 146x52
      RenderText {#text} at (3,0) size 138x52
        text run at (3,0) width 102: "Lorem ipsum dolor"
        text run at (105,0) width 3: " "
        text run at (3,13) width 138: "ABCDEFGHIJKLMNOPQRST"
        text run at (3,26) width 45: "UVWXYZ"
        text run at (48,26) width 3: " "
        text run at (3,39) width 130: "abcdefghijklmnopqrstuv"
        text run at (133,39) width 3: " "
layer at (26,408) size 44x28 clip at (27,409) size 27x26 scrollHeight 312
  RenderTextControl {TEXTAREA} at (17,3) size 44x28 [bgcolor=#FFFFFF] [border: (1px solid #000000)]
    RenderBlock {DIV} at (1,1) size 27x312
      RenderText {#text} at (3,0) size 21x312
        text run at (3,0) width 18: "Lor"
        text run at (3,13) width 17: "em"
        text run at (20,13) width 3: " "
        text run at (3,26) width 16: "ips"
        text run at (3,39) width 18: "um"
        text run at (21,39) width 3: " "
        text run at (3,52) width 17: "dol"
        text run at (3,65) width 12: "or"
        text run at (15,65) width 3: " "
        text run at (3,78) width 14: "AB"
        text run at (3,91) width 16: "CD"
        text run at (3,104) width 20: "EFG"
        text run at (3,117) width 15: "HIJ"
        text run at (3,130) width 14: "KL"
        text run at (3,143) width 18: "MN"
        text run at (3,156) width 15: "OP"
        text run at (3,169) width 16: "QR"
        text run at (3,182) width 21: "STU"
        text run at (3,195) width 17: "VW"
        text run at (3,208) width 21: "XYZ"
        text run at (24,208) width 0: " "
        text run at (3,221) width 19: "abc"
        text run at (3,234) width 18: "def"
        text run at (3,247) width 21: "ghij"
        text run at (3,260) width 20: "klm"
        text run at (3,273) width 21: "nop"
        text run at (3,286) width 18: "qrs"
        text run at (3,299) width 17: "tuv"
        text run at (20,299) width 3: " "
layer at (26,458) size 163x41 clip at (27,459) size 146x39 scrollHeight 52
  RenderTextControl {TEXTAREA} at (17,3) size 163x41 [bgcolor=#FFFFFF] [border: (1px solid #000000)]
    RenderBlock {DIV} at (1,1) size 146x52
      RenderText {#text} at (3,0) size 138x52
        text run at (3,0) width 102: "Lorem ipsum dolor"
        text run at (105,0) width 3: " "
        text run at (3,13) width 138: "ABCDEFGHIJKLMNOPQRST"
        text run at (3,26) width 45: "UVWXYZ"
        text run at (48,26) width 3: " "
        text run at (3,39) width 130: "abcdefghijklmnopqrstuv"
        text run at (133,39) width 3: " "
layer at (26,521) size 93x28 clip at (27,522) size 76x26 scrollHeight 91
  RenderTextControl {TEXTAREA} at (17,3) size 93x28 [bgcolor=#FFFFFF] [border: (1px solid #000000)]
    RenderBlock {DIV} at (1,1) size 76x91
      RenderText {#text} at (3,0) size 70x91
        text run at (3,0) width 70: "Lorem ipsum"
        text run at (73,0) width 0: " "
        text run at (3,13) width 29: "dolor"
        text run at (32,13) width 3: " "
        text run at (3,26) width 65: "ABCDEFGHIJ"
        text run at (3,39) width 67: "KLMNOPQRS"
        text run at (3,52) width 52: "TUVWXYZ"
        text run at (55,52) width 3: " "
        text run at (3,65) width 66: "abcdefghijkl"
        text run at (3,78) width 65: "mnopqrstuv"
        text run at (68,78) width 3: " "
layer at (26,571) size 163x132 clip at (27,572) size 161x130
  RenderTextControl {TEXTAREA} at (17,3) size 163x132 [bgcolor=#FFFFFF] [border: (1px solid #000000)]
    RenderBlock {DIV} at (1,1) size 161x52
      RenderText {#text} at (3,0) size 153x52
        text run at (3,0) width 102: "Lorem ipsum dolor"
        text run at (105,0) width 3: " "
        text run at (3,13) width 153: "ABCDEFGHIJKLMNOPQRSTUV"
        text run at (3,26) width 30: "WXYZ"
        text run at (33,26) width 3: " "
        text run at (3,39) width 130: "abcdefghijklmnopqrstuv"
        text run at (133,39) width 3: " "
layer at (26,725) size 58x54 clip at (27,726) size 41x52 scrollHeight 169
  RenderTextControl {TEXTAREA} at (17,3) size 58x54 [bgcolor=#FFFFFF] [border: (1px solid #000000)]
    RenderBlock {DIV} at (1,1) size 41x169
      RenderText {#text} at (3,0) size 35x169
        text run at (3,0) width 34: "Lorem"
        text run at (37,0) width 1: " "
        text run at (3,13) width 33: "ipsum"
        text run at (36,13) width 2: " "
        text run at (3,26) width 29: "dolor"
        text run at (32,26) width 3: " "
        text run at (3,39) width 30: "ABCD"
        text run at (3,52) width 35: "EFGHIJ"
        text run at (3,65) width 31: "KLMN"
        text run at (3,78) width 31: "OPQR"
        text run at (3,91) width 28: "STUV"
        text run at (3,104) width 30: "WXYZ"
        text run at (33,104) width 3: " "
        text run at (3,117) width 32: "abcde"
        text run at (3,130) width 34: "fghijkl"
        text run at (3,143) width 31: "mnop"
        text run at (3,156) width 34: "qrstuv"
layer at (376,26) size 60x28 clip at (377,27) size 43x26 scrollHeight 169
  RenderTextControl {TEXTAREA} at (15,3) size 60x28 [bgcolor=#FFFFFF] [border: (1px solid #000000)]
    RenderBlock {DIV} at (1,1) size 43x169
      RenderText {#text} at (3,0) size 37x169
        text run at (3,0) width 34: "Lorem"
        text run at (37,0) width 3: " "
        text run at (3,13) width 33: "ipsum"
        text run at (36,13) width 3: " "
        text run at (3,26) width 29: "dolor"
        text run at (32,26) width 3: " "
        text run at (3,39) width 36: "ABCDE"
        text run at (3,52) width 36: "FGHIJK"
        text run at (3,65) width 33: "LMNO"
        text run at (3,78) width 35: "PQRST"
        text run at (3,91) width 32: "UVWX"
        text run at (3,104) width 14: "YZ"
        text run at (17,104) width 3: " "
        text run at (3,117) width 36: "abcdef"
        text run at (3,130) width 30: "ghijkl"
        text run at (3,143) width 31: "mnop"
        text run at (3,156) width 34: "qrstuv"
        text run at (37,156) width 3: " "
layer at (376,76) size 60x68 clip at (377,77) size 43x66 scrollHeight 839
  RenderTextControl {TEXTAREA} at (15,3) size 60x68 [bgcolor=#FFFFFF] [border: (1px solid #000000)]
    RenderBlock {DIV} at (21,21) size 6x819
      RenderText {#text} at (3,0) size 11x819
        text run at (3,0) width 6: "L"
        text run at (3,13) width 7: "o"
        text run at (3,26) width 5: "r"
        text run at (3,39) width 7: "e"
        text run at (3,52) width 11: "m"
        text run at (3,65) width 4: "i"
        text run at (3,78) width 7: "p"
        text run at (3,91) width 6: "s"
        text run at (3,104) width 7: "u"
        text run at (3,117) width 11: "m"
        text run at (3,130) width 7: "d"
        text run at (3,143) width 7: "o"
        text run at (3,156) width 4: "l"
        text run at (3,169) width 7: "o"
        text run at (3,182) width 5: "r"
        text run at (3,195) width 8: "A"
        text run at (3,208) width 7: "B"
        text run at (3,221) width 8: "C"
        text run at (3,234) width 9: "D"
        text run at (3,247) width 6: "E"
        text run at (3,260) width 6: "F"
        text run at (3,273) width 8: "G"
        text run at (3,286) width 9: "H"
        text run at (3,299) width 4: "I"
        text run at (3,312) width 4: "J"
        text run at (3,325) width 8: "K"
        text run at (3,338) width 6: "L"
        text run at (3,351) width 10: "M"
        text run at (3,364) width 9: "N"
        text run at (3,377) width 9: "O"
        text run at (3,390) width 7: "P"
        text run at (3,403) width 9: "Q"
        text run at (3,416) width 7: "R"
        text run at (3,429) width 6: "S"
        text run at (3,442) width 7: "T"
        text run at (3,455) width 8: "U"
        text run at (3,468) width 8: "V"
        text run at (3,481) width 10: "W"
        text run at (3,494) width 7: "X"
        text run at (3,507) width 7: "Y"
        text run at (3,520) width 7: "Z"
        text run at (3,533) width 7: "a"
        text run at (3,546) width 7: "b"
        text run at (3,559) width 6: "c"
        text run at (3,572) width 7: "d"
        text run at (3,585) width 7: "e"
        text run at (3,598) width 5: "f"
        text run at (3,611) width 7: "g"
        text run at (3,624) width 7: "h"
        text run at (3,637) width 4: "i"
        text run at (3,650) width 4: "j"
        text run at (3,663) width 7: "k"
        text run at (3,676) width 4: "l"
        text run at (3,689) width 11: "m"
        text run at (3,702) width 7: "n"
        text run at (3,715) width 7: "o"
        text run at (3,728) width 7: "p"
        text run at (3,741) width 7: "q"
        text run at (3,754) width 5: "r"
        text run at (3,767) width 6: "s"
        text run at (3,780) width 5: "t"
        text run at (3,793) width 7: "u"
        text run at (3,806) width 6: "v"
layer at (376,166) size 60x28 clip at (377,167) size 43x26 scrollHeight 169
  RenderTextControl {TEXTAREA} at (15,3) size 60x28 [bgcolor=#FFFFFF] [border: (1px solid #000000)]
    RenderBlock {DIV} at (1,1) size 43x169
      RenderText {#text} at (3,0) size 37x169
        text run at (3,0) width 34: "Lorem"
        text run at (37,0) width 3: " "
        text run at (3,13) width 33: "ipsum"
        text run at (36,13) width 3: " "
        text run at (3,26) width 29: "dolor"
        text run at (32,26) width 3: " "
        text run at (3,39) width 36: "ABCDE"
        text run at (3,52) width 36: "FGHIJK"
        text run at (3,65) width 33: "LMNO"
        text run at (3,78) width 35: "PQRST"
        text run at (3,91) width 32: "UVWX"
        text run at (3,104) width 14: "YZ"
        text run at (17,104) width 3: " "
        text run at (3,117) width 36: "abcdef"
        text run at (3,130) width 30: "ghijkl"
        text run at (3,143) width 31: "mnop"
        text run at (3,156) width 34: "qrstuv"
        text run at (37,156) width 3: " "
layer at (378,214) size 163x60 clip at (379,215) size 161x58
  RenderTextControl {TEXTAREA} at (17,1) size 163x60 [bgcolor=#FFFFFF] [border: (1px solid #000000)]
    RenderBlock {DIV} at (1,1) size 161x52
      RenderText {#text} at (3,0) size 153x52
        text run at (3,0) width 102: "Lorem ipsum dolor"
        text run at (105,0) width 3: " "
        text run at (3,13) width 153: "ABCDEFGHIJKLMNOPQRSTUV"
        text run at (3,26) width 30: "WXYZ"
        text run at (33,26) width 3: " "
        text run at (3,39) width 130: "abcdefghijklmnopqrstuv"
        text run at (133,39) width 3: " "
layer at (376,292) size 60x60 clip at (377,293) size 43x58 scrollHeight 169
  RenderTextControl {TEXTAREA} at (15,1) size 60x60 [bgcolor=#FFFFFF] [border: (1px solid #000000)]
    RenderBlock {DIV} at (1,1) size 43x169
      RenderText {#text} at (3,0) size 37x169
        text run at (3,0) width 34: "Lorem"
        text run at (37,0) width 3: " "
        text run at (3,13) width 33: "ipsum"
        text run at (36,13) width 3: " "
        text run at (3,26) width 29: "dolor"
        text run at (32,26) width 3: " "
        text run at (3,39) width 36: "ABCDE"
        text run at (3,52) width 36: "FGHIJK"
        text run at (3,65) width 33: "LMNO"
        text run at (3,78) width 35: "PQRST"
        text run at (3,91) width 32: "UVWX"
        text run at (3,104) width 14: "YZ"
        text run at (17,104) width 3: " "
        text run at (3,117) width 36: "abcdef"
        text run at (3,130) width 30: "ghijkl"
        text run at (3,143) width 31: "mnop"
        text run at (3,156) width 34: "qrstuv"
        text run at (37,156) width 3: " "
layer at (378,372) size 163x28 clip at (379,373) size 161x26 scrollHeight 52
  RenderTextControl {TEXTAREA} at (17,3) size 163x28 [bgcolor=#FFFFFF] [border: (1px solid #000000)]
    RenderBlock {DIV} at (1,1) size 161x52
      RenderText {#text} at (3,0) size 153x52
        text run at (3,0) width 102: "Lorem ipsum dolor"
        text run at (105,0) width 3: " "
        text run at (3,13) width 153: "ABCDEFGHIJKLMNOPQRSTUV"
        text run at (3,26) width 30: "WXYZ"
        text run at (33,26) width 3: " "
        text run at (3,39) width 130: "abcdefghijklmnopqrstuv"
        text run at (133,39) width 3: " "
layer at (378,422) size 163x43 clip at (379,423) size 146x26 scrollHeight 52
  RenderTextControl {TEXTAREA} at (17,3) size 163x43 [bgcolor=#FFFFFF] [border: (1px solid #000000)]
    RenderBlock {DIV} at (1,1) size 146x52
      RenderText {#text} at (3,0) size 138x52
        text run at (3,0) width 102: "Lorem ipsum dolor"
        text run at (105,0) width 3: " "
        text run at (3,13) width 138: "ABCDEFGHIJKLMNOPQRST"
        text run at (3,26) width 45: "UVWXYZ"
        text run at (48,26) width 3: " "
        text run at (3,39) width 130: "abcdefghijklmnopqrstuv"
        text run at (133,39) width 3: " "
layer at (376,485) size 60x60 clip at (377,486) size 58x58 scrollHeight 130
  RenderTextControl {TEXTAREA} at (15,1) size 60x60 [bgcolor=#FFFFFF] [border: (1px solid #000000)]
    RenderBlock {DIV} at (1,1) size 58x130
      RenderText {#text} at (3,0) size 51x130
        text run at (3,0) width 34: "Lorem"
        text run at (37,0) width 3: " "
        text run at (3,13) width 33: "ipsum"
        text run at (36,13) width 3: " "
        text run at (3,26) width 29: "dolor"
        text run at (32,26) width 3: " "
        text run at (3,39) width 50: "ABCDEFG"
        text run at (3,52) width 46: "HIJKLMN"
        text run at (3,65) width 51: "OPQRSTU"
        text run at (3,78) width 37: "VWXYZ"
        text run at (40,78) width 3: " "
        text run at (3,91) width 50: "abcdefgh"
        text run at (3,104) width 47: "ijklmnop"
        text run at (3,117) width 34: "qrstuv"
        text run at (37,117) width 3: " "
layer at (376,563) size 60x60 clip at (377,564) size 43x43 scrollHeight 169
  RenderTextControl {TEXTAREA} at (15,1) size 60x60 [bgcolor=#FFFFFF] [border: (1px solid #000000)]
    RenderBlock {DIV} at (1,1) size 43x169
      RenderText {#text} at (3,0) size 37x169
        text run at (3,0) width 34: "Lorem"
        text run at (37,0) width 3: " "
        text run at (3,13) width 33: "ipsum"
        text run at (36,13) width 3: " "
        text run at (3,26) width 29: "dolor"
        text run at (32,26) width 3: " "
        text run at (3,39) width 36: "ABCDE"
        text run at (3,52) width 36: "FGHIJK"
        text run at (3,65) width 33: "LMNO"
        text run at (3,78) width 35: "PQRST"
        text run at (3,91) width 32: "UVWX"
        text run at (3,104) width 14: "YZ"
        text run at (17,104) width 3: " "
        text run at (3,117) width 36: "abcdef"
        text run at (3,130) width 30: "ghijkl"
        text run at (3,143) width 31: "mnop"
        text run at (3,156) width 34: "qrstuv"
        text run at (37,156) width 3: " "
layer at (376,641) size 60x60 clip at (377,642) size 43x58 scrollHeight 169
  RenderTextControl {TEXTAREA} at (15,1) size 60x60 [bgcolor=#FFFFFF] [border: (1px solid #000000)]
    RenderBlock {DIV} at (1,1) size 43x169
      RenderText {#text} at (3,0) size 37x169
        text run at (3,0) width 34: "Lorem"
        text run at (37,0) width 3: " "
        text run at (3,13) width 33: "ipsum"
        text run at (36,13) width 3: " "
        text run at (3,26) width 29: "dolor"
        text run at (32,26) width 3: " "
        text run at (3,39) width 36: "ABCDE"
        text run at (3,52) width 36: "FGHIJK"
        text run at (3,65) width 33: "LMNO"
        text run at (3,78) width 35: "PQRST"
        text run at (3,91) width 32: "UVWX"
        text run at (3,104) width 14: "YZ"
        text run at (17,104) width 3: " "
        text run at (3,117) width 36: "abcdef"
        text run at (3,130) width 30: "ghijkl"
        text run at (3,143) width 31: "mnop"
        text run at (3,156) width 34: "qrstuv"
        text run at (37,156) width 3: " "
layer at (376,719) size 60x60 clip at (377,720) size 43x58 scrollHeight 169
  RenderTextControl {TEXTAREA} at (15,1) size 60x60 [bgcolor=#FFFFFF] [border: (1px solid #000000)]
    RenderBlock {DIV} at (1,1) size 43x169
      RenderText {#text} at (3,0) size 37x169
        text run at (3,0) width 34: "Lorem"
        text run at (37,0) width 3: " "
        text run at (3,13) width 33: "ipsum"
        text run at (36,13) width 3: " "
        text run at (3,26) width 29: "dolor"
        text run at (32,26) width 3: " "
        text run at (3,39) width 36: "ABCDE"
        text run at (3,52) width 36: "FGHIJK"
        text run at (3,65) width 33: "LMNO"
        text run at (3,78) width 35: "PQRST"
        text run at (3,91) width 32: "UVWX"
        text run at (3,104) width 14: "YZ"
        text run at (17,104) width 3: " "
        text run at (3,117) width 36: "abcdef"
        text run at (3,130) width 30: "ghijkl"
        text run at (3,143) width 31: "mnop"
        text run at (3,156) width 34: "qrstuv"
        text run at (37,156) width 3: " "
layer at (376,797) size 60x60 clip at (377,798) size 43x58 scrollHeight 169
  RenderTextControl {TEXTAREA} at (15,1) size 60x60 [bgcolor=#FFFFFF] [border: (1px solid #000000)]
    RenderBlock {DIV} at (1,1) size 43x169
      RenderText {#text} at (3,0) size 37x169
        text run at (3,0) width 34: "Lorem"
        text run at (37,0) width 3: " "
        text run at (3,13) width 33: "ipsum"
        text run at (36,13) width 3: " "
        text run at (3,26) width 29: "dolor"
        text run at (32,26) width 3: " "
        text run at (3,39) width 36: "ABCDE"
        text run at (3,52) width 36: "FGHIJK"
        text run at (3,65) width 33: "LMNO"
        text run at (3,78) width 35: "PQRST"
        text run at (3,91) width 32: "UVWX"
        text run at (3,104) width 14: "YZ"
        text run at (17,104) width 3: " "
        text run at (3,117) width 36: "abcdef"
        text run at (3,130) width 30: "ghijkl"
        text run at (3,143) width 31: "mnop"
        text run at (3,156) width 34: "qrstuv"
        text run at (37,156) width 3: " "
layer at (378,877) size 163x43 clip at (379,878) size 146x26 scrollWidth 192 scrollHeight 208
  RenderTextControl {TEXTAREA} at (17,3) size 163x43 [bgcolor=#FFFFFF] [border: (1px solid #000000)]
    RenderBlock {DIV} at (1,1) size 146x208
      RenderText {#text} at (3,0) size 189x195
        text run at (3,0) width 3: " "
        text run at (6,0) width 0: " "
        text run at (3,13) width 189: "This is a text area with wrap=\"soft\""
        text run at (192,13) width 0: " "
        text run at (3,26) width 189: "This is a text area with wrap=\"soft\""
        text run at (192,26) width 0: " "
        text run at (3,39) width 189: "This is a text area with wrap=\"soft\""
        text run at (192,39) width 0: " "
        text run at (3,52) width 189: "This is a text area with wrap=\"soft\""
        text run at (192,52) width 0: " "
        text run at (3,65) width 189: "This is a text area with wrap=\"soft\""
        text run at (192,65) width 0: " "
        text run at (3,78) width 189: "This is a text area with wrap=\"soft\""
        text run at (192,78) width 0: " "
        text run at (3,91) width 189: "This is a text area with wrap=\"soft\""
        text run at (192,91) width 0: " "
        text run at (3,104) width 189: "This is a text area with wrap=\"soft\""
        text run at (192,104) width 0: " "
        text run at (3,117) width 189: "This is a text area with wrap=\"soft\""
        text run at (192,117) width 0: " "
        text run at (3,130) width 189: "This is a text area with wrap=\"soft\""
        text run at (192,130) width 0: " "
        text run at (3,143) width 189: "This is a text area with wrap=\"soft\""
        text run at (192,143) width 0: " "
        text run at (3,156) width 189: "This is a text area with wrap=\"soft\""
        text run at (192,156) width 0: " "
        text run at (3,169) width 189: "This is a text area with wrap=\"soft\""
        text run at (192,169) width 0: " "
        text run at (3,182) width 189: "This is a text area with wrap=\"soft\""
        text run at (192,182) width 0: " "
      RenderBR {BR} at (3,195) size 0x13
layer at (378,942) size 163x28 clip at (379,943) size 146x26 scrollHeight 390
  RenderTextControl {TEXTAREA} at (17,3) size 163x28 [bgcolor=#FFFFFF] [border: (1px solid #000000)]
    RenderBlock {DIV} at (1,1) size 146x390
      RenderText {#text} at (3,0) size 125x377
        text run at (3,0) width 3: " "
        text run at (6,0) width 0: " "
        text run at (3,13) width 122: "This is a text area with"
        text run at (125,13) width 3: " "
        text run at (3,26) width 64: "wrap=\"soft\""
        text run at (67,26) width 0: " "
        text run at (3,39) width 122: "This is a text area with"
        text run at (125,39) width 3: " "
        text run at (3,52) width 64: "wrap=\"soft\""
        text run at (67,52) width 0: " "
        text run at (3,65) width 122: "This is a text area with"
        text run at (125,65) width 3: " "
        text run at (3,78) width 64: "wrap=\"soft\""
        text run at (67,78) width 0: " "
        text run at (3,91) width 122: "This is a text area with"
        text run at (125,91) width 3: " "
        text run at (3,104) width 64: "wrap=\"soft\""
        text run at (67,104) width 0: " "
        text run at (3,117) width 122: "This is a text area with"
        text run at (125,117) width 3: " "
        text run at (3,130) width 64: "wrap=\"soft\""
        text run at (67,130) width 0: " "
        text run at (3,143) width 122: "This is a text area with"
        text run at (125,143) width 3: " "
        text run at (3,156) width 64: "wrap=\"soft\""
        text run at (67,156) width 0: " "
        text run at (3,169) width 122: "This is a text area with"
        text run at (125,169) width 3: " "
        text run at (3,182) width 64: "wrap=\"soft\""
        text run at (67,182) width 0: " "
        text run at (3,195) width 122: "This is a text area with"
        text run at (125,195) width 3: " "
        text run at (3,208) width 64: "wrap=\"soft\""
        text run at (67,208) width 0: " "
        text run at (3,221) width 122: "This is a text area with"
        text run at (125,221) width 3: " "
        text run at (3,234) width 64: "wrap=\"soft\""
        text run at (67,234) width 0: " "
        text run at (3,247) width 122: "This is a text area with"
        text run at (125,247) width 3: " "
        text run at (3,260) width 64: "wrap=\"soft\""
        text run at (67,260) width 0: " "
        text run at (3,273) width 122: "This is a text area with"
        text run at (125,273) width 3: " "
        text run at (3,286) width 64: "wrap=\"soft\""
        text run at (67,286) width 0: " "
        text run at (3,299) width 122: "This is a text area with"
        text run at (125,299) width 3: " "
        text run at (3,312) width 64: "wrap=\"soft\""
        text run at (67,312) width 0: " "
        text run at (3,325) width 122: "This is a text area with"
        text run at (125,325) width 3: " "
        text run at (3,338) width 64: "wrap=\"soft\""
        text run at (67,338) width 0: " "
        text run at (3,351) width 122: "This is a text area with"
        text run at (125,351) width 3: " "
        text run at (3,364) width 64: "wrap=\"soft\""
        text run at (67,364) width 0: " "
      RenderBR {BR} at (3,377) size 0x13
layer at (378,992) size 163x28 clip at (379,993) size 146x26 scrollHeight 390
  RenderTextControl {TEXTAREA} at (17,3) size 163x28 [bgcolor=#FFFFFF] [border: (1px solid #000000)]
    RenderBlock {DIV} at (1,1) size 146x390
      RenderText {#text} at (3,0) size 125x377
        text run at (3,0) width 3: " "
        text run at (6,0) width 0: " "
        text run at (3,13) width 122: "This is a text area with"
        text run at (125,13) width 3: " "
        text run at (3,26) width 64: "wrap=\"soft\""
        text run at (67,26) width 0: " "
        text run at (3,39) width 122: "This is a text area with"
        text run at (125,39) width 3: " "
        text run at (3,52) width 64: "wrap=\"soft\""
        text run at (67,52) width 0: " "
        text run at (3,65) width 122: "This is a text area with"
        text run at (125,65) width 3: " "
        text run at (3,78) width 64: "wrap=\"soft\""
        text run at (67,78) width 0: " "
        text run at (3,91) width 122: "This is a text area with"
        text run at (125,91) width 3: " "
        text run at (3,104) width 64: "wrap=\"soft\""
        text run at (67,104) width 0: " "
        text run at (3,117) width 122: "This is a text area with"
        text run at (125,117) width 3: " "
        text run at (3,130) width 64: "wrap=\"soft\""
        text run at (67,130) width 0: " "
        text run at (3,143) width 122: "This is a text area with"
        text run at (125,143) width 3: " "
        text run at (3,156) width 64: "wrap=\"soft\""
        text run at (67,156) width 0: " "
        text run at (3,169) width 122: "This is a text area with"
        text run at (125,169) width 3: " "
        text run at (3,182) width 64: "wrap=\"soft\""
        text run at (67,182) width 0: " "
        text run at (3,195) width 122: "This is a text area with"
        text run at (125,195) width 3: " "
        text run at (3,208) width 64: "wrap=\"soft\""
        text run at (67,208) width 0: " "
        text run at (3,221) width 122: "This is a text area with"
        text run at (125,221) width 3: " "
        text run at (3,234) width 64: "wrap=\"soft\""
        text run at (67,234) width 0: " "
        text run at (3,247) width 122: "This is a text area with"
        text run at (125,247) width 3: " "
        text run at (3,260) width 64: "wrap=\"soft\""
        text run at (67,260) width 0: " "
        text run at (3,273) width 122: "This is a text area with"
        text run at (125,273) width 3: " "
        text run at (3,286) width 64: "wrap=\"soft\""
        text run at (67,286) width 0: " "
        text run at (3,299) width 122: "This is a text area with"
        text run at (125,299) width 3: " "
        text run at (3,312) width 64: "wrap=\"soft\""
        text run at (67,312) width 0: " "
        text run at (3,325) width 122: "This is a text area with"
        text run at (125,325) width 3: " "
        text run at (3,338) width 64: "wrap=\"soft\""
        text run at (67,338) width 0: " "
        text run at (3,351) width 122: "This is a text area with"
        text run at (125,351) width 3: " "
        text run at (3,364) width 64: "wrap=\"soft\""
        text run at (67,364) width 0: " "
      RenderBR {BR} at (3,377) size 0x13
