layer at (0,0) size 800x600
  RenderView at (0,0) size 800x600
layer at (0,0) size 800x154
  RenderBlock {HTML} at (0,0) size 800x154
    RenderBody {BODY} at (8,8) size 784x138
      RenderBlock {FORM} at (0,0) size 784x138
        RenderTextControl {INPUT} at (0,2) size 306x19 [bgcolor=#FFFFFF] [border: (2px inset #000000)]
        RenderBR {BR} at (306,2) size 0x18
        RenderTextControl {INPUT} at (0,25) size 306x19 [bgcolor=#FFFFFF] [border: (2px inset #000000)]
        RenderBR {BR} at (306,25) size 0x18
        RenderTextControl {INPUT} at (0,48) size 306x19 [bgcolor=#FFFFFF] [border: (2px inset #000000)]
        RenderBR {BR} at (306,48) size 0x18
        RenderTextControl {INPUT} at (0,71) size 306x19 [bgcolor=#FFFFFF] [border: (2px inset #000000)]
        RenderBR {BR} at (306,71) size 0x18
        RenderTextControl {INPUT} at (0,94) size 306x19 [bgcolor=#FFFFFF] [border: (2px inset #000000)]
        RenderBR {BR} at (306,94) size 0x18
        RenderTextControl {INPUT} at (0,117) size 306x19 [bgcolor=#FFFFFF] [border: (2px inset #000000)]
        RenderBR {BR} at (306,117) size 0x18
layer at (11,13) size 282x13
  RenderBlock {DIV} at (3,3) size 282x13
    RenderText {#text} at (1,0) size 69x13
      text run at (1,0) width 69: "2011-04-27"
layer at (11,36) size 282x13
  RenderBlock {DIV} at (3,3) size 282x13
    RenderText {#text} at (1,0) size 156x13
      text run at (1,0) width 156: "2011-04-27T01:56:20.391Z"
layer at (11,59) size 282x13
  RenderBlock {DIV} at (3,3) size 282x13
    RenderText {#text} at (1,0) size 149x13
      text run at (1,0) width 149: "2011-04-27T01:56:20.391"
layer at (11,82) size 282x13
  RenderBlock {DIV} at (3,3) size 282x13
    RenderText {#text} at (1,0) size 49x13
      text run at (1,0) width 49: "2011-04"
layer at (11,105) size 282x13
  RenderBlock {DIV} at (3,3) size 282x13
    RenderText {#text} at (1,0) size 74x13
      text run at (1,0) width 74: "01:56:20.391"
layer at (11,128) size 282x13
  RenderBlock {DIV} at (3,3) size 282x13
    RenderText {#text} at (1,0) size 58x13
      text run at (1,0) width 58: "2011-W17"
layer at (298,12) size 13x15
  RenderBlock (relative positioned) {DIV} at (290,2) size 13x15
layer at (298,35) size 13x15
  RenderBlock (relative positioned) {DIV} at (290,2) size 13x15
layer at (298,58) size 13x15
  RenderBlock (relative positioned) {DIV} at (290,2) size 13x15
layer at (298,81) size 13x15
  RenderBlock (relative positioned) {DIV} at (290,2) size 13x15
layer at (298,104) size 13x15
  RenderBlock (relative positioned) {DIV} at (290,2) size 13x15
layer at (298,127) size 13x15
  RenderBlock (relative positioned) {DIV} at (290,2) size 13x15
