layer at (0,0) size 800x600
  RenderView at (0,0) size 800x600
layer at (0,0) size 800x600
  RenderBlock {HTML} at (0,0) size 800x600
    RenderBody {BODY} at (0,0) size 800x600
      RenderBlock (floating) {FORM} at (0,0) size 103x37
        RenderFieldSet {FIELDSET} at (0,0) size 103x37 [border: (2px groove #C0C0C0)]
          RenderBlock {LEGEND} at (2,0) size 99x18
            RenderText {#text} at (0,0) size 99x18
              text run at (0,0) width 99: "Member Login:"
          RenderBlock (anonymous) at (2,18) size 99x17
            RenderTextControl {INPUT} at (0,0) size 80x17 [bgcolor=#FFFFFF] [border: (2px inset #000000)]
            RenderText {#text} at (0,0) size 0x0
      RenderBlock (floating) {DIV} at (0,37) size 800x0
layer at (4,20) size 76x13
  RenderBlock {DIV} at (2,2) size 76x13
