layer at (0,0) size 800x600
  RenderView at (0,0) size 800x600
layer at (0,0) size 800x600
  RenderBlock {HTML} at (0,0) size 800x600
    RenderBody {BODY} at (8,8) size 784x584
      RenderButton {INPUT} at (0,4) size 67x15 [bgcolor=#C0C0C0]
        RenderBlock (anonymous) at (8,2) size 51x11
          RenderText at (0,0) size 51x11
            text run at (0,0) width 51: "Test Button"
      RenderText {#text} at (67,1) size 4x18
        text run at (67,1) width 4: " "
      RenderButton {INPUT} at (71,4) size 67x15 [bgcolor=#C0C0C0]
        RenderBlock (anonymous) at (8,2) size 51x11
          RenderText at (0,0) size 51x11
            text run at (0,0) width 51: "Test Button"
      RenderText {#text} at (138,1) size 4x18
        text run at (138,1) width 4: " "
      RenderButton {INPUT} at (142,4) size 67x15 [bgcolor=#C0C0C0]
        RenderBlock (anonymous) at (8,2) size 51x11
          RenderText at (0,0) size 51x11
            text run at (0,0) width 51: "Test Button"
      RenderText {#text} at (209,1) size 4x18
        text run at (209,1) width 4: " "
      RenderButton {INPUT} at (213,4) size 67x15 [bgcolor=#C0C0C0]
        RenderBlock (anonymous) at (8,2) size 51x11
          RenderText at (0,0) size 51x11
            text run at (0,0) width 51: "Test Button"
      RenderText {#text} at (280,1) size 4x18
        text run at (280,1) width 4: " "
      RenderButton {INPUT} at (284,4) size 67x15 [bgcolor=#C0C0C0]
        RenderBlock (anonymous) at (8,2) size 51x11
          RenderText at (0,0) size 51x11
            text run at (0,0) width 51: "Test Button"
      RenderText {#text} at (351,1) size 4x18
        text run at (351,1) width 4: " "
      RenderButton {INPUT} at (355,4) size 67x15 [bgcolor=#C0C0C0]
        RenderBlock (anonymous) at (8,2) size 51x11
          RenderText at (0,0) size 51x11
            text run at (0,0) width 51: "Test Button"
      RenderText {#text} at (422,1) size 4x18
        text run at (422,1) width 4: " "
      RenderButton {INPUT} at (428,2) size 77x18 [bgcolor=#C0C0C0]
        RenderBlock (anonymous) at (8,2) size 61x13
          RenderText at (0,0) size 61x13
            text run at (0,0) width 61: "Test Button"
      RenderText {#text} at (507,1) size 4x18
        text run at (507,1) width 4: " "
      RenderButton {INPUT} at (513,2) size 77x18 [bgcolor=#C0C0C0]
        RenderBlock (anonymous) at (8,2) size 61x13
          RenderText at (0,0) size 61x13
            text run at (0,0) width 61: "Test Button"
      RenderText {#text} at (592,1) size 4x18
        text run at (592,1) width 4: " "
      RenderButton {INPUT} at (598,2) size 77x18 [bgcolor=#C0C0C0]
        RenderBlock (anonymous) at (8,2) size 61x13
          RenderText at (0,0) size 61x13
            text run at (0,0) width 61: "Test Button"
      RenderText {#text} at (677,1) size 4x18
        text run at (677,1) width 4: " "
      RenderButton {INPUT} at (683,2) size 77x18 [bgcolor=#C0C0C0]
        RenderBlock (anonymous) at (8,2) size 61x13
          RenderText at (0,0) size 61x13
            text run at (0,0) width 61: "Test Button"
      RenderText {#text} at (762,1) size 4x18
        text run at (762,1) width 4: " "
      RenderButton {INPUT} at (2,26) size 77x18 [bgcolor=#C0C0C0]
        RenderBlock (anonymous) at (8,2) size 61x13
          RenderText at (0,0) size 61x13
            text run at (0,0) width 61: "Test Button"
      RenderText {#text} at (81,25) size 4x18
        text run at (81,25) width 4: " "
      RenderButton {INPUT} at (87,24) size 89x21 [bgcolor=#C0C0C0]
        RenderBlock (anonymous) at (8,2) size 73x16
          RenderText at (0,0) size 73x16
            text run at (0,0) width 73: "Test Button"
      RenderText {#text} at (178,25) size 4x18
        text run at (178,25) width 4: " "
      RenderButton {INPUT} at (184,24) size 89x21 [bgcolor=#C0C0C0]
        RenderBlock (anonymous) at (8,2) size 73x16
          RenderText at (0,0) size 73x16
            text run at (0,0) width 73: "Test Button"
      RenderText {#text} at (275,25) size 4x18
        text run at (275,25) width 4: " "
      RenderButton {INPUT} at (281,24) size 89x21 [bgcolor=#C0C0C0]
        RenderBlock (anonymous) at (8,2) size 73x16
          RenderText at (0,0) size 73x16
            text run at (0,0) width 73: "Test Button"
      RenderText {#text} at (372,25) size 4x18
        text run at (372,25) width 4: " "
      RenderButton {INPUT} at (378,24) size 89x21 [bgcolor=#C0C0C0]
        RenderBlock (anonymous) at (8,2) size 73x16
          RenderText at (0,0) size 73x16
            text run at (0,0) width 73: "Test Button"
      RenderText {#text} at (469,25) size 4x18
        text run at (469,25) width 4: " "
      RenderButton {INPUT} at (475,24) size 89x21 [bgcolor=#C0C0C0]
        RenderBlock (anonymous) at (8,2) size 73x16
          RenderText at (0,0) size 73x16
            text run at (0,0) width 73: "Test Button"
      RenderText {#text} at (566,25) size 4x18
        text run at (566,25) width 4: " "
      RenderButton {INPUT} at (572,24) size 89x21 [bgcolor=#C0C0C0]
        RenderBlock (anonymous) at (8,2) size 73x16
          RenderText at (0,0) size 73x16
            text run at (0,0) width 73: "Test Button"
      RenderText {#text} at (0,0) size 0x0
