layer at (0,0) size 800x600
  RenderView at (0,0) size 800x600
layer at (0,0) size 800x600
  RenderBlock {HTML} at (0,0) size 800x600
    RenderBody {BODY} at (8,8) size 784x584
      RenderText {#text} at (0,0) size 509x18
        text run at (0,0) width 509: "This tests that the text color changes appropriately when the text field is disabled."
      RenderBR {BR} at (509,14) size 0x0
      RenderTextControl {INPUT} at (2,20) size 159x19 [bgcolor=#FFFFFF] [border: (2px inset #000000)]
      RenderText {#text} at (163,20) size 4x18
        text run at (163,20) width 4: " "
      RenderTextControl {INPUT} at (169,20) size 159x19 [bgcolor=#FFFFFF] [border: (2px inset #000000)]
      RenderBR {BR} at (330,34) size 0x0
      RenderTextControl {INPUT} at (2,43) size 159x19 [color=#FF0000] [bgcolor=#FFFFFF] [border: (2px inset #FF0000)]
      RenderText {#text} at (163,43) size 4x18
        text run at (163,43) width 4: " "
      RenderTextControl {INPUT} at (169,43) size 159x19 [color=#FF0000] [bgcolor=#FFFFFF] [border: (2px inset #FF0000)]
      RenderBR {BR} at (330,57) size 0x0
      RenderTextControl {INPUT} at (2,66) size 159x19 [bgcolor=#0000FF] [border: (2px inset #000000)]
      RenderText {#text} at (163,66) size 4x18
        text run at (163,66) width 4: " "
      RenderTextControl {INPUT} at (169,66) size 159x19 [bgcolor=#0000FF] [border: (2px inset #000000)]
      RenderBR {BR} at (330,80) size 0x0
      RenderTextControl {INPUT} at (2,89) size 159x19 [color=#FF0000] [bgcolor=#0000FF] [border: (2px inset #FF0000)]
      RenderText {#text} at (163,89) size 4x18
        text run at (163,89) width 4: " "
      RenderTextControl {INPUT} at (169,89) size 159x19 [color=#FF0000] [bgcolor=#0000FF] [border: (2px inset #FF0000)]
      RenderBR {BR} at (330,103) size 0x0
      RenderTextControl {INPUT} at (2,112) size 159x19 [bgcolor=#000000] [border: (2px inset #000000)]
      RenderText {#text} at (163,112) size 4x18
        text run at (163,112) width 4: " "
      RenderTextControl {INPUT} at (169,112) size 159x19 [bgcolor=#000000] [border: (2px inset #000000)]
      RenderBR {BR} at (330,126) size 0x0
      RenderTextControl {INPUT} at (2,135) size 159x19 [color=#FFFFFF] [bgcolor=#000000] [border: (2px inset #FFFFFF)]
      RenderText {#text} at (163,135) size 4x18
        text run at (163,135) width 4: " "
      RenderTextControl {INPUT} at (169,135) size 159x19 [color=#FFFFFF] [bgcolor=#000000] [border: (2px inset #FFFFFF)]
      RenderBR {BR} at (330,149) size 0x0
      RenderTextControl {INPUT} at (2,158) size 159x19 [bgcolor=#808080] [border: (2px inset #000000)]
      RenderText {#text} at (163,158) size 4x18
        text run at (163,158) width 4: " "
      RenderTextControl {INPUT} at (169,158) size 159x19 [bgcolor=#808080] [border: (2px inset #000000)]
      RenderBR {BR} at (330,172) size 0x0
      RenderTextControl {INPUT} at (2,181) size 159x19 [color=#FFFFFF] [bgcolor=#A9A9A9] [border: (2px inset #FFFFFF)]
      RenderText {#text} at (163,181) size 4x18
        text run at (163,181) width 4: " "
      RenderTextControl {INPUT} at (169,181) size 159x19 [color=#FFFFFF] [bgcolor=#A9A9A9] [border: (2px inset #FFFFFF)]
      RenderBR {BR} at (330,195) size 0x0
      RenderTextControl {INPUT} at (2,204) size 159x19 [color=#808080] [bgcolor=#000000] [border: (2px inset #808080)]
      RenderText {#text} at (163,204) size 4x18
        text run at (163,204) width 4: " "
      RenderTextControl {INPUT} at (169,204) size 159x19 [color=#808080] [bgcolor=#000000] [border: (2px inset #808080)]
      RenderBR {BR} at (330,218) size 0x0
      RenderTextControl {INPUT} at (2,227) size 159x19 [color=#FF0000] [bgcolor=#808080] [border: (2px inset #FF0000)]
      RenderText {#text} at (163,227) size 4x18
        text run at (163,227) width 4: " "
      RenderTextControl {INPUT} at (169,227) size 159x19 [color=#FF0000] [bgcolor=#808080] [border: (2px inset #FF0000)]
      RenderBR {BR} at (330,241) size 0x0
      RenderTextControl {INPUT} at (2,250) size 159x19 [color=#808080] [bgcolor=#FF0000] [border: (2px inset #808080)]
      RenderText {#text} at (163,250) size 4x18
        text run at (163,250) width 4: " "
      RenderTextControl {INPUT} at (169,250) size 159x19 [color=#808080] [bgcolor=#FF0000] [border: (2px inset #808080)]
      RenderBR {BR} at (330,264) size 0x0
layer at (13,31) size 153x13 scrollWidth 357
  RenderBlock {DIV} at (3,3) size 153x13 [color=#545454]
    RenderText {#text} at (1,0) size 355x13
      text run at (1,0) width 355: "The text in this disabled field should displayed as dimmed or grey"
layer at (180,31) size 153x13 scrollWidth 158
  RenderBlock {DIV} at (3,3) size 153x13
    RenderText {#text} at (1,0) size 156x13
      text run at (1,0) width 156: "This text field is not disabled"
layer at (13,54) size 153x13 scrollWidth 357
  RenderBlock {DIV} at (3,3) size 153x13
    RenderText {#text} at (1,0) size 355x13
      text run at (1,0) width 355: "The text in this disabled field should displayed as dimmed or grey"
layer at (180,54) size 153x13 scrollWidth 158
  RenderBlock {DIV} at (3,3) size 153x13
    RenderText {#text} at (1,0) size 156x13
      text run at (1,0) width 156: "This text field is not disabled"
layer at (13,77) size 153x13 scrollWidth 357
  RenderBlock {DIV} at (3,3) size 153x13 [color=#545454]
    RenderText {#text} at (1,0) size 355x13
      text run at (1,0) width 355: "The text in this disabled field should displayed as dimmed or grey"
layer at (180,77) size 153x13 scrollWidth 158
  RenderBlock {DIV} at (3,3) size 153x13
    RenderText {#text} at (1,0) size 156x13
      text run at (1,0) width 156: "This text field is not disabled"
layer at (13,100) size 153x13 scrollWidth 357
  RenderBlock {DIV} at (3,3) size 153x13 [color=#AB0000]
    RenderText {#text} at (1,0) size 355x13
      text run at (1,0) width 355: "The text in this disabled field should displayed as dimmed or grey"
layer at (180,100) size 153x13 scrollWidth 158
  RenderBlock {DIV} at (3,3) size 153x13
    RenderText {#text} at (1,0) size 156x13
      text run at (1,0) width 156: "This text field is not disabled"
layer at (13,123) size 153x13 scrollWidth 357
  RenderBlock {DIV} at (3,3) size 153x13 [color=#545454]
    RenderText {#text} at (1,0) size 355x13
      text run at (1,0) width 355: "The text in this disabled field should displayed as dimmed or grey"
layer at (180,123) size 153x13 scrollWidth 158
  RenderBlock {DIV} at (3,3) size 153x13
    RenderText {#text} at (1,0) size 156x13
      text run at (1,0) width 156: "This text field is not disabled"
layer at (13,146) size 153x13 scrollWidth 357
  RenderBlock {DIV} at (3,3) size 153x13 [color=#ABABAB]
    RenderText {#text} at (1,0) size 355x13
      text run at (1,0) width 355: "The text in this disabled field should displayed as dimmed or grey"
layer at (180,146) size 153x13 scrollWidth 158
  RenderBlock {DIV} at (3,3) size 153x13
    RenderText {#text} at (1,0) size 156x13
      text run at (1,0) width 156: "This text field is not disabled"
layer at (13,169) size 153x13 scrollWidth 357
  RenderBlock {DIV} at (3,3) size 153x13 [color=#545454]
    RenderText {#text} at (1,0) size 355x13
      text run at (1,0) width 355: "The text in this disabled field should displayed as dimmed or grey"
layer at (180,169) size 153x13 scrollWidth 158
  RenderBlock {DIV} at (3,3) size 153x13
    RenderText {#text} at (1,0) size 156x13
      text run at (1,0) width 156: "This text field is not disabled"
layer at (13,192) size 153x13 scrollWidth 357
  RenderBlock {DIV} at (3,3) size 153x13
    RenderText {#text} at (1,0) size 355x13
      text run at (1,0) width 355: "The text in this disabled field should displayed as dimmed or grey"
layer at (180,192) size 153x13 scrollWidth 158
  RenderBlock {DIV} at (3,3) size 153x13
    RenderText {#text} at (1,0) size 156x13
      text run at (1,0) width 156: "This text field is not disabled"
layer at (13,215) size 153x13 scrollWidth 357
  RenderBlock {DIV} at (3,3) size 153x13 [color=#2C2C2C]
    RenderText {#text} at (1,0) size 355x13
      text run at (1,0) width 355: "The text in this disabled field should displayed as dimmed or grey"
layer at (180,215) size 153x13 scrollWidth 158
  RenderBlock {DIV} at (3,3) size 153x13
    RenderText {#text} at (1,0) size 156x13
      text run at (1,0) width 156: "This text field is not disabled"
layer at (13,238) size 153x13 scrollWidth 357
  RenderBlock {DIV} at (3,3) size 153x13
    RenderText {#text} at (1,0) size 355x13
      text run at (1,0) width 355: "The text in this disabled field should displayed as dimmed or grey"
layer at (180,238) size 153x13 scrollWidth 158
  RenderBlock {DIV} at (3,3) size 153x13
    RenderText {#text} at (1,0) size 156x13
      text run at (1,0) width 156: "This text field is not disabled"
layer at (13,261) size 153x13 scrollWidth 357
  RenderBlock {DIV} at (3,3) size 153x13 [color=#2C2C2C]
    RenderText {#text} at (1,0) size 355x13
      text run at (1,0) width 355: "The text in this disabled field should displayed as dimmed or grey"
layer at (180,261) size 153x13 scrollWidth 158
  RenderBlock {DIV} at (3,3) size 153x13
    RenderText {#text} at (1,0) size 156x13
      text run at (1,0) width 156: "This text field is not disabled"
