layer at (0,0) size 800x600
  RenderView at (0,0) size 800x600
layer at (0,0) size 800x600
  RenderBlock {HTML} at (0,0) size 800x600
    RenderBody {BODY} at (8,8) size 784x584
      RenderBlock {P} at (0,0) size 784x18
        RenderText {#text} at (0,0) size 768x18
          text run at (0,0) width 768: "Bug 45940: A bug that a placeholder text is not cleared by the second focus. The first input field should not have any text."
      RenderBlock {DIV} at (0,34) size 784x23
        RenderTextControl {INPUT} at (2,2) size 125x19 [color=#FF0000] [bgcolor=#FFFFFF] [border: (2px inset #FF0000)]
        RenderText {#text} at (129,2) size 4x18
          text run at (129,2) width 4: " "
        RenderTextControl {INPUT} at (135,2) size 125x19 [bgcolor=#FFFFFF] [border: (2px inset #000000)]
        RenderText {#text} at (0,0) size 0x0
        RenderText {#text} at (0,0) size 0x0
layer at (13,47) size 119x13
  RenderBlock {DIV} at (3,3) size 119x13
layer at (146,47) size 119x13
  RenderBlock {DIV} at (3,3) size 119x13
caret: position 0 of child 0 {DIV} of child 1 {INPUT} of child 3 {DIV} of body
