layer at (0,0) size 800x600
  RenderView at (0,0) size 800x600
layer at (0,0) size 800x600
  RenderBlock {HTML} at (0,0) size 800x600
    RenderBody {BODY} at (8,8) size 784x584
      RenderText {#text} at (0,0) size 328x18
        text run at (0,0) width 328: "This tests that you can set the placeholder text color."
      RenderBR {BR} at (328,14) size 0x0
      RenderTextControl {INPUT} at (2,20) size 128x19 [bgcolor=#FFFFFF] [border: (2px inset #000000)]
      RenderText {#text} at (132,20) size 4x18
        text run at (132,20) width 4: " "
      RenderTextControl {INPUT} at (138,20) size 128x19 [bgcolor=#FFFFFF] [border: (2px inset #000000)]
        RenderBlock {DIV} at (3,3) size 122x13
          RenderBlock {DIV} at (0,0) size 8x11
          RenderBlock {DIV} at (109,0) size 13x11
      RenderText {#text} at (268,20) size 4x18
        text run at (268,20) width 4: " "
      RenderTextControl {INPUT} at (274,20) size 128x19 [bgcolor=#FFFFFF] [border: (2px inset #000000)]
      RenderText {#text} at (404,20) size 4x18
        text run at (404,20) width 4: " "
      RenderTextControl {INPUT} at (410,20) size 128x19 [bgcolor=#FFFFFF] [border: (2px inset #000000)]
      RenderText {#text} at (540,20) size 4x18
        text run at (540,20) width 4: " "
      RenderTextControl {INPUT} at (546,20) size 128x19 [bgcolor=#FFFFFF] [border: (2px inset #000000)]
      RenderText {#text} at (676,20) size 4x18
        text run at (676,20) width 4: " "
      RenderTextControl {INPUT} at (2,43) size 128x19 [bgcolor=#FFFFFF] [border: (2px inset #000000)]
      RenderText {#text} at (0,0) size 0x0
layer at (13,31) size 122x13
  RenderBlock {DIV} at (3,3) size 122x13 [color=#640000]
    RenderText {#text} at (1,0) size 22x13
      text run at (1,0) width 22: "text"
layer at (157,31) size 101x13
  RenderBlock {DIV} at (8,0) size 101x13 [color=#640000]
    RenderText {#text} at (1,0) size 35x13
      text run at (1,0) width 35: "search"
layer at (285,31) size 122x13
  RenderBlock {DIV} at (3,3) size 122x13 [color=#640000]
    RenderText {#text} at (1,0) size 51x13
      text run at (1,0) width 51: "password"
layer at (421,31) size 122x13
  RenderBlock {DIV} at (3,3) size 122x13 [color=#B80000]
    RenderText {#text} at (1,0) size 70x13
      text run at (1,0) width 70: "disabled text"
layer at (557,31) size 122x13
  RenderBlock {DIV} at (3,3) size 122x13 [color=#A9A9A9]
    RenderText {#text} at (1,0) size 38x13
      text run at (1,0) width 38: "default"
layer at (13,54) size 122x13
  RenderBlock {DIV} at (3,3) size 122x13 [color=#A9A9A9]
    RenderText {#text} at (1,0) size 86x13
      text run at (1,0) width 86: "default disabled"
