layer at (0,0) size 800x600
  RenderView at (0,0) size 800x600
layer at (0,0) size 800x600
  RenderBlock {HTML} at (0,0) size 800x600
    RenderBody {BODY} at (8,8) size 784x584
      RenderText {#text} at (0,0) size 368x18
        text run at (0,0) width 368: "This tests that aqua-style search fields do not honor height."
      RenderBR {BR} at (368,14) size 0x0
      RenderTextControl {INPUT} at (0,22) size 107x17 [bgcolor=#FFFFFF] [border: (2px inset #000000)]
        RenderBlock {DIV} at (3,3) size 101x11
          RenderBlock {DIV} at (0,0) size 8x9
          RenderBlock {DIV} at (88,0) size 13x9
      RenderText {#text} at (107,20) size 4x18
        text run at (107,20) width 4: " "
      RenderTextControl {INPUT} at (113,20) size 128x19 [bgcolor=#FFFFFF] [border: (2px inset #000000)]
        RenderBlock {DIV} at (3,3) size 122x13
          RenderBlock {DIV} at (0,0) size 8x11
          RenderBlock {DIV} at (109,0) size 13x11
      RenderText {#text} at (243,20) size 4x18
        text run at (243,20) width 4: " "
      RenderTextControl {INPUT} at (249,18) size 150x22 [bgcolor=#FFFFFF] [border: (2px inset #000000)]
        RenderBlock {DIV} at (3,3) size 144x16
          RenderBlock {DIV} at (0,0) size 10x13
          RenderBlock {DIV} at (128,0) size 16x13
      RenderText {#text} at (0,0) size 0x0
      RenderText {#text} at (0,0) size 0x0
      RenderText {#text} at (0,0) size 0x0
layer at (19,33) size 80x11
  RenderBlock {DIV} at (8,0) size 80x11
    RenderText {#text} at (1,0) size 20x11
      text run at (1,0) width 20: "mini"
layer at (132,31) size 101x13
  RenderBlock {DIV} at (8,0) size 101x13
    RenderText {#text} at (1,0) size 29x13
      text run at (1,0) width 29: "small"
layer at (270,29) size 118x16
  RenderBlock {DIV} at (10,0) size 118x16
    RenderText {#text} at (1,0) size 45x16
      text run at (1,0) width 45: "regular"
