layer at (0,0) size 800x600
  RenderView at (0,0) size 800x600
layer at (0,0) size 800x600
  RenderBlock {HTML} at (0,0) size 800x600
    RenderBody {BODY} at (8,8) size 784x584
      RenderBlock {P} at (0,0) size 784x18
        RenderText {#text} at (0,0) size 624x18
          text run at (0,0) width 624: "The following textarea elements should all be rendered on the left, with their text aligned to the left."
      RenderBlock (anonymous) at (0,34) size 784x148
        RenderText {#text} at (369,20) size 4x18
          text run at (369,20) width 4: " "
        RenderBR {BR} at (0,0) size 0x0
        RenderText {#text} at (369,58) size 4x18
          text run at (369,58) width 4: " "
        RenderBR {BR} at (0,0) size 0x0
        RenderText {#text} at (369,96) size 4x18
          text run at (369,96) width 4: " "
        RenderBR {BR} at (0,0) size 0x0
        RenderText {#text} at (0,0) size 0x0
        RenderText {#text} at (0,0) size 0x0
      RenderBlock {DIV} at (0,182) size 784x34
layer at (8,43) size 369x32 clip at (9,44) size 367x30
  RenderTextControl {TEXTAREA} at (0,1) size 369x32 [bgcolor=#FFFFFF] [border: (1px solid #000000)]
    RenderBlock {DIV} at (3,3) size 363x13
      RenderText {#text} at (0,0) size 194x13
        text run at (0,0) width 194: "This is should be aligned to the left."
layer at (8,81) size 369x32 clip at (9,82) size 367x30
  RenderTextControl {TEXTAREA} at (0,39) size 369x32 [bgcolor=#FFFFFF] [border: (1px solid #000000)]
    RenderBlock {DIV} at (3,3) size 363x13
      RenderText {#text} at (0,0) size 194x13
        text run at (0,0) width 194: "This is should be aligned to the left."
layer at (8,119) size 369x32 clip at (9,120) size 367x30
  RenderTextControl {TEXTAREA} at (0,77) size 369x32 [bgcolor=#FFFFFF] [border: (1px solid #000000)]
    RenderBlock {DIV} at (3,3) size 363x13
      RenderText {#text} at (0,0) size 194x13
        text run at (0,0) width 194: "This is should be aligned to the left."
layer at (8,157) size 369x32 clip at (9,158) size 367x30
  RenderTextControl {TEXTAREA} at (0,115) size 369x32 [bgcolor=#FFFFFF] [border: (1px solid #000000)]
    RenderBlock {DIV} at (3,3) size 363x13
      RenderText {#text} at (0,0) size 194x13
        text run at (0,0) width 194: "This is should be aligned to the left."
layer at (8,191) size 369x32 clip at (9,192) size 367x30
  RenderTextControl {TEXTAREA} at (0,1) size 369x32 [bgcolor=#FFFFFF] [border: (1px solid #000000)]
    RenderBlock {DIV} at (3,3) size 363x13
      RenderText {#text} at (0,0) size 194x13
        text run at (0,0) width 194: "This is should be aligned to the left."
