layer at (0,0) size 800x600
  RenderView at (0,0) size 800x600
layer at (0,0) size 800x600
  RenderBlock {HTML} at (0,0) size 800x600
    RenderBody {BODY} at (0,0) size 800x600
      RenderBlock {P} at (0,0) size 800x36
        RenderText {#text} at (0,0) size 104x18
          text run at (0,0) width 104: "This is a test for "
        RenderInline {I} at (0,0) size 773x36
          RenderInline {A} at (0,0) size 356x18 [color=#0000EE]
            RenderText {#text} at (104,0) size 356x18
              text run at (104,0) width 356: "http://bugzilla.opendarwin.org/show_bug.cgi?id=10177"
          RenderText {#text} at (460,0) size 773x36
            text run at (460,0) width 4: " "
            text run at (464,0) width 309: "REGRESSION: Successfully dragging text into a"
            text run at (0,18) width 84: "disabled field"
        RenderText {#text} at (84,18) size 4x18
          text run at (84,18) width 4: "."
      RenderBlock {HR} at (0,52) size 800x2 [border: (1px inset #000000)]
      RenderBlock (anonymous) at (0,62) size 800x23
        RenderTextControl {INPUT} at (2,2) size 148x19 [bgcolor=#FFFFFF] [border: (2px inset #000000)]
        RenderText {#text} at (152,2) size 64x18
          text run at (152,2) width 64: " dragging "
        RenderInline {SPAN} at (0,0) size 49x18
          RenderText {#text} at (216,2) size 49x18
            text run at (216,2) width 49: "this text"
        RenderText {#text} at (265,2) size 238x18
          text run at (265,2) width 238: " into the text field should not succeed."
        RenderText {#text} at (0,0) size 0x0
        RenderText {#text} at (0,0) size 0x0
layer at (5,67) size 142x13
  RenderBlock {DIV} at (3,3) size 142x13 [color=#545454]
selection start: position 0 of child 0 {#text} of child 7 {SPAN} of child 0 {BODY} of child 0 {HTML} of document
selection end:   position 9 of child 0 {#text} of child 7 {SPAN} of child 0 {BODY} of child 0 {HTML} of document
