layer at (0,0) size 800x600
  RenderView at (0,0) size 800x600
layer at (0,0) size 800x600
  RenderBlock {HTML} at (0,0) size 800x600
    RenderBody {BODY} at (8,8) size 784x584
      RenderTextControl {TEXTAREA} at (2,2) size 163x28 [bgcolor=#FFFFFF] [border: (1px solid #000000)]
      RenderText {#text} at (0,0) size 0x0
layer at (11,11) size 161x26
  RenderBlock {DIV} at (1,1) size 161x26
    RenderText {#text} at (3,0) size 63x13
      text run at (3,0) width 63: "Test Passed"
