layer at (0,0) size 800x600
  RenderView at (0,0) size 800x600
layer at (0,0) size 800x600
  RenderBlock {HTML} at (0,0) size 800x600
    RenderBody {BODY} at (8,8) size 784x584
      RenderBlock {DIV} at (0,0) size 784x54
        RenderText {#text} at (0,0) size 784x54
          text run at (0,0) width 773: "This text area should be drawn with a reasonable width. To meet the specified 'cols=\"88\"', it should wrap after the X in the"
          text run at (0,18) width 161: "third set of capital letters. "
          text run at (161,18) width 623: "Alternatively, to match IE, it should wrap at 66 characters (after the X in the third set of digits). See"
          text run at (0,36) width 313: "https://bugs.webkit.org/show_bug.cgi?id=15312 ."
      RenderBlock (anonymous) at (0,54) size 784x260
        RenderBR {BR} at (0,0) size 0x18
        RenderText {#text} at (0,0) size 0x0
        RenderText {#text} at (0,0) size 0x0
        RenderText {#text} at (0,0) size 0x0
layer at (8,80) size 551x242 clip at (9,81) size 549x240
  RenderTextControl {TEXTAREA} at (0,18) size 551x242 [color=#333333] [bgcolor=#FFFFFF] [border: (1px solid #333333)]
    RenderBlock {DIV} at (1,1) size 549x36
      RenderText {#text} at (3,0) size 543x24
        text run at (3,0) width 543: "1234567890abcdefghijABCDEFGHIJ1234567890abcdefghijABCDEFGHIJ12345X7890abcdefghijABCDEFGXIJ12"
        text run at (3,12) width 165: "34567890abcdefghijABCDEFGHIJ"
        text run at (168,12) width 0: " "
      RenderBR {BR} at (3,24) size 0x12
