layer at (0,0) size 800x600
  RenderView at (0,0) size 800x600
layer at (0,0) size 800x600
  RenderBlock {HTML} at (0,0) size 800x600
    RenderBody {BODY} at (8,8) size 784x584
      RenderBlock (floating) {P} at (0,16) size 672x26 [border: (2px solid #008000)]
        RenderText {#text} at (2,2) size 668x22
          text run at (2,2) width 668: "There should be 30px of word spacing between each word."
      RenderBlock {DIV} at (0,0) size 784x100
      RenderTable {TABLE} at (0,100) size 100x158
        RenderTableSection {TBODY} at (0,0) size 100x158
          RenderTableRow {TR} at (0,0) size 100x158
            RenderTableCell {TD} at (0,0) size 100x158 [r=0 c=0 rs=1 cs=1]
              RenderBlock {P} at (0,0) size 100x158 [border: (2px solid #008000)]
                RenderText {#text} at (2,2) size 90x154
                  text run at (2,2) width 41: "There"
                  text run at (2,24) width 80: "should be"
                  text run at (2,46) width 65: "15px of"
                  text run at (2,68) width 36: "word"
                  text run at (2,90) width 51: "spacing"
                  text run at (2,112) width 56: "between"
                  text run at (2,134) width 90: "each word."
