layer at (0,0) size 800x600
  RenderView at (0,0) size 800x600
layer at (0,0) size 800x600
  RenderBlock {HTML} at (0,0) size 800x600
    RenderBody {BODY} at (8,8) size 784x584
      RenderTable {TABLE} at (0,0) size 784x50 [border: (2px outset #808080)]
        RenderTableSection {TBODY} at (2,2) size 780x46
          RenderTableRow {TR} at (0,0) size 780x46
            RenderTableCell {TD} at (0,11) size 721x24 [border: (1px inset #808080)] [r=0 c=0 rs=1 cs=1]
              RenderText {#text} at (1,1) size 70x22
                text run at (1,1) width 70: "A Big Cell"
            RenderTableCell {TD} at (721,0) size 59x46 [border: (1px inset #808080)] [r=0 c=1 rs=1 cs=1]
              RenderText {#text} at (1,1) size 35x44
                text run at (1,1) width 12: "A"
                text run at (1,23) width 35: "small"
              RenderInline {SPAN} at (0,0) size 22x22
                RenderText {#text} at (36,23) size 22x22
                  text run at (36,23) width 22: "cell"
      RenderTable {TABLE} at (0,50) size 784x50 [border: (2px outset #808080)]
        RenderTableSection {TBODY} at (2,2) size 780x46
          RenderTableRow {TR} at (0,0) size 780x46
            RenderTableCell {TD} at (0,11) size 714x24 [border: (1px inset #808080)] [r=0 c=0 rs=1 cs=1]
              RenderText {#text} at (1,1) size 70x22
                text run at (1,1) width 70: "A Big Cell"
            RenderTableCell {TD} at (714,0) size 66x46 [border: (1px inset #808080)] [r=0 c=1 rs=1 cs=1]
              RenderText {#text} at (1,1) size 51x22
                text run at (1,1) width 51: "A small"
                text run at (52,1) width 0: " "
              RenderInline {SPAN} at (0,0) size 22x22
                RenderText {#text} at (1,23) size 22x22
                  text run at (1,23) width 22: "cell"
              RenderText {#text} at (23,23) size 42x22
                text run at (23,23) width 42: "block!"
      RenderTable {TABLE} at (0,100) size 784x28 [border: (2px outset #808080)]
        RenderTableSection {TBODY} at (2,2) size 780x24
          RenderTableRow {TR} at (0,0) size 780x24
            RenderTableCell {TD} at (0,0) size 705x24 [border: (1px inset #808080)] [r=0 c=0 rs=1 cs=1]
              RenderText {#text} at (1,1) size 70x22
                text run at (1,1) width 70: "A Big Cell"
            RenderTableCell {TD} at (705,0) size 75x24 [border: (1px inset #808080)] [r=0 c=1 rs=1 cs=1]
              RenderText {#text} at (1,1) size 51x22
                text run at (1,1) width 51: "A small"
              RenderInline {SPAN} at (0,0) size 22x22
                RenderText {#text} at (52,1) size 22x22
                  text run at (52,1) width 22: "cell"
