layer at (0,0) size 800x600
  RenderView at (0,0) size 800x600
layer at (0,0) size 800x160
  RenderBlock {HTML} at (0,0) size 800x160
    RenderBody {BODY} at (8,8) size 784x144
      RenderBlock {DIV} at (0,0) size 784x44
        RenderText {#text} at (0,0) size 104x22
          text run at (0,0) width 104: "Select this text. "
        RenderInline {FONT} at (0,0) size 773x36
          RenderText {#text} at (104,6) size 773x36
            text run at (104,6) width 91: "I am teeny and tiny. "
            text run at (195,6) width 317: "I am going to have lots of text but each line should retain the big height. "
            text run at (512,6) width 261: "If the lines shrink, it means that the root line box's height is"
            text run at (0,28) width 170: "not being considered and that's wrong."
        RenderText {#text} at (0,0) size 0x0
      RenderBlock {P} at (0,60) size 784x0
      RenderBlock {DIV} at (0,60) size 784x84
        RenderInline {FONT} at (0,0) size 766x84
          RenderText {#text} at (0,0) size 455x42
            text run at (0,0) width 455: "This text is absolutely enormous. "
          RenderInline {FONT} at (0,0) size 766x56
            RenderText {#text} at (455,21) size 766x56
              text run at (455,21) width 91: "I am teeny and tiny. "
              text run at (546,21) width 220: "I am going to have lots of text but each line should"
              text run at (0,63) width 94: "retain the big height. "
              text run at (94,63) width 445: "If the lines shrink, it means that the span's line box's height is not being considered and that's wrong."
          RenderText {#text} at (0,0) size 0x0
