layer at (0,0) size 800x600
  RenderView at (0,0) size 800x600
layer at (0,0) size 800x600
  RenderBlock {HTML} at (0,0) size 800x600
    RenderBody {BODY} at (8,8) size 784x584 [bgcolor=#FFFFFF]
      RenderBlock {H2} at (0,0) size 784x33
        RenderText {#text} at (0,0) size 357x33
          text run at (0,0) width 357: "Safari Whitespace/Non-ASCII Bug"
      RenderBlock {P} at (0,52) size 784x44
        RenderText {#text} at (0,0) size 748x44
          text run at (0,0) width 686: "Apart from whitespace (tab and linefeed characters), the two lists below (in red) use identical HTML. "
          text run at (686,0) width 62: "Both lists"
          text run at (0,22) width 690: "should be rendered on a single line. In Safari, however, the first list shows each item on a separate line."
      RenderBlock {P} at (0,112) size 784x44
        RenderText {#text} at (0,0) size 740x44
          text run at (0,0) width 740: "This bug only seems to occur if the bullet character is non-ASCII (has a Unicode value higher than 127). Non-"
          text run at (0,22) width 361: "breaking spaces (&#160;), however, are an exception."
      RenderBlock (anonymous) at (0,172) size 784x88
        RenderBR {BR} at (0,0) size 0x22
        RenderInline {FONT} at (0,0) size 359x66 [color=#CC0000]
          RenderText {#text} at (0,22) size 359x22
            text run at (0,22) width 74: "\x{BB} England "
            text run at (74,22) width 66: "\x{BB} Ireland "
            text run at (140,22) width 75: "\x{BB} Scotland "
            text run at (215,22) width 80: "\x{BB} Germany "
            text run at (295,22) width 64: "\x{BB} France "
          RenderBR {BR} at (359,38) size 0x0
          RenderBR {BR} at (0,44) size 0x22
          RenderText {#text} at (0,66) size 359x22
            text run at (0,66) width 74: "\x{BB} England "
            text run at (74,66) width 66: "\x{BB} Ireland "
            text run at (140,66) width 75: "\x{BB} Scotland "
            text run at (215,66) width 80: "\x{BB} Germany "
            text run at (295,66) width 64: "\x{BB} France "
        RenderText {#text} at (0,0) size 0x0
        RenderBR {BR} at (0,0) size 0x0
