layer at (0,0) size 800x600
  RenderView at (0,0) size 800x600
layer at (0,0) size 800x263
  RenderBlock {HTML} at (0,0) size 800x263
    RenderBody {BODY} at (8,18) size 784x231
      RenderBlock {H1} at (0,0) size 784x38
        RenderText {#text} at (0,0) size 524x38
          text run at (0,0) width 524: "Letter spacing lost for emphasized text"
      RenderBlock {P} at (0,56) size 784x39
        RenderText {#text} at (0,0) size 288x19
          text run at (0,0) width 288: "This example demonstrates that text inside a "
        RenderInline {CODE} at (0,0) size 8x17
          RenderText {#text} at (288,2) size 8x17
            text run at (288,2) width 8: "b"
        RenderText {#text} at (296,0) size 8x19
          text run at (296,0) width 8: ", "
        RenderInline {CODE} at (0,0) size 8x17
          RenderText {#text} at (304,2) size 8x17
            text run at (304,2) width 8: "i"
        RenderText {#text} at (312,0) size 8x19
          text run at (312,0) width 8: ", "
        RenderInline {CODE} at (0,0) size 48x17
          RenderText {#text} at (320,2) size 48x17
            text run at (320,2) width 48: "strong"
        RenderText {#text} at (368,0) size 21x19
          text run at (368,0) width 21: " or "
        RenderInline {CODE} at (0,0) size 16x17
          RenderText {#text} at (389,2) size 16x17
            text run at (389,2) width 16: "em"
        RenderText {#text} at (405,0) size 114x19
          text run at (405,0) width 114: " element loses its "
        RenderInline {CODE} at (0,0) size 112x17
          RenderText {#text} at (519,2) size 112x17
            text run at (519,2) width 112: "letter-spacing"
        RenderText {#text} at (631,0) size 747x39
          text run at (631,0) width 116: " CSS attribute that"
          text run at (0,20) width 342: "should be inherited. This was discovered in Safari 1.0."
      RenderBlock {DIV} at (0,109) size 784x122
        RenderBlock {P} at (0,0) size 784x20
          RenderText {#text} at (0,0) size 129x19
            text run at (0,0) width 129: "Text inside "
          RenderInline {B} at (0,0) size 47x20
            RenderText {#text} at (129,0) size 47x20
              text run at (129,0) width 47: "bold"
          RenderText {#text} at (176,0) size 99x19
            text run at (176,0) width 99: " element."
        RenderBlock {P} at (0,34) size 784x20
          RenderText {#text} at (0,0) size 129x19
            text run at (0,0) width 129: "Text inside "
          RenderInline {STRONG} at (0,0) size 69x20
            RenderText {#text} at (129,0) size 69x20
              text run at (129,0) width 69: "strong"
          RenderText {#text} at (198,0) size 99x19
            text run at (198,0) width 99: " element."
        RenderBlock {P} at (0,68) size 784x20
          RenderText {#text} at (0,0) size 129x19
            text run at (0,0) width 129: "Text inside "
          RenderInline {I} at (0,0) size 52x19
            RenderText {#text} at (129,0) size 52x19
              text run at (129,0) width 52: "italic"
          RenderText {#text} at (181,0) size 99x19
            text run at (181,0) width 99: " element."
        RenderBlock {P} at (0,102) size 784x20
          RenderText {#text} at (0,0) size 129x19
            text run at (0,0) width 129: "Text inside "
          RenderInline {EM} at (0,0) size 93x19
            RenderText {#text} at (129,0) size 93x19
              text run at (129,0) width 93: "emphasis"
          RenderText {#text} at (222,0) size 99x19
            text run at (222,0) width 99: " element."
