layer at (0,0) size 1188x585
  RenderView at (0,0) size 800x585
layer at (0,0) size 1188x585
  RenderBlock {HTML} at (0,0) size 800x585
    RenderBody {BODY} at (8,8) size 784x569
layer at (8,8) size 1180x482
  RenderBlock {DIV} at (0,0) size 784x404 [border: (2px solid #000000)]
    RenderText {#text} at (2,2) size 110x18
      text run at (2,2) width 110: "This is some text."
    RenderBR {BR} at (112,16) size 0x0
    RenderText {#text} at (2,20) size 110x18
      text run at (2,20) width 110: "This is some text."
    RenderBR {BR} at (112,34) size 0x0
    RenderText {#text} at (2,38) size 110x18
      text run at (2,38) width 110: "This is some text."
    RenderBR {BR} at (112,52) size 0x0
    RenderText {#text} at (2,56) size 110x18
      text run at (2,56) width 110: "This is some text."
    RenderBR {BR} at (112,70) size 0x0
    RenderText {#text} at (2,74) size 110x18
      text run at (2,74) width 110: "This is some text."
    RenderBR {BR} at (112,88) size 0x0
    RenderText {#text} at (2,92) size 110x18
      text run at (2,92) width 110: "This is some text."
    RenderBR {BR} at (112,106) size 0x0
    RenderText {#text} at (2,110) size 110x18
      text run at (2,110) width 110: "This is some text."
    RenderBR {BR} at (112,124) size 0x0
    RenderText {#text} at (2,128) size 110x18
      text run at (2,128) width 110: "This is some text."
    RenderBR {BR} at (112,142) size 0x0
    RenderText {#text} at (2,146) size 110x18
      text run at (2,146) width 110: "This is some text."
    RenderBR {BR} at (112,160) size 0x0
    RenderText {#text} at (2,164) size 110x18
      text run at (2,164) width 110: "This is some text."
    RenderBR {BR} at (112,178) size 0x0
    RenderImage {IMG} at (2,182) size 250x300 [bgcolor=#008000]
    RenderText {#text} at (252,182) size 110x18
      text run at (252,182) width 110: "This is some text."
    RenderBR {BR} at (362,196) size 0x0
    RenderText {#text} at (252,200) size 110x18
      text run at (252,200) width 110: "This is some text."
    RenderBR {BR} at (362,214) size 0x0
    RenderText {#text} at (252,218) size 110x18
      text run at (252,218) width 110: "This is some text."
    RenderBR {BR} at (362,232) size 0x0
    RenderText {#text} at (252,236) size 110x18
      text run at (252,236) width 110: "This is some text."
    RenderBR {BR} at (362,250) size 0x0
    RenderText {#text} at (252,254) size 110x18
      text run at (252,254) width 110: "This is some text."
    RenderBR {BR} at (362,268) size 0x0
    RenderText {#text} at (252,272) size 110x18
      text run at (252,272) width 110: "This is some text."
    RenderBR {BR} at (362,286) size 0x0
    RenderText {#text} at (252,290) size 110x18
      text run at (252,290) width 110: "This is some text."
    RenderBR {BR} at (362,304) size 0x0
    RenderText {#text} at (252,308) size 110x18
      text run at (252,308) width 110: "This is some text."
    RenderBR {BR} at (362,322) size 0x0
    RenderText {#text} at (252,326) size 110x18
      text run at (252,326) width 110: "This is some text."
    RenderBR {BR} at (362,340) size 0x0
    RenderText {#text} at (252,344) size 110x18
      text run at (252,344) width 110: "This is some text."
    RenderBR {BR} at (362,358) size 0x0
    RenderText {#text} at (252,362) size 110x18
      text run at (252,362) width 110: "This is some text."
    RenderBR {BR} at (362,376) size 0x0
    RenderText {#text} at (252,380) size 110x18
      text run at (252,380) width 110: "This is some text."
    RenderBR {BR} at (362,394) size 0x0
    RenderText {#text} at (252,398) size 110x18
      text run at (252,398) width 110: "This is some text."
    RenderBR {BR} at (362,412) size 0x0
    RenderText {#text} at (252,416) size 110x18
      text run at (252,416) width 110: "This is some text."
    RenderBR {BR} at (362,430) size 0x0
    RenderText {#text} at (252,434) size 110x18
      text run at (252,434) width 110: "This is some text."
    RenderBR {BR} at (362,448) size 0x0
    RenderText {#text} at (252,452) size 110x18
      text run at (252,452) width 110: "This is some text."
    RenderBR {BR} at (362,466) size 0x0
    RenderText {#text} at (252,470) size 110x18
      text run at (252,470) width 110: "This is some text."
    RenderBR {BR} at (362,484) size 0x0
    RenderText {#text} at (2,488) size 110x18
      text run at (2,488) width 110: "This is some text."
    RenderBR {BR} at (112,502) size 0x0
    RenderText {#text} at (2,506) size 110x18
      text run at (2,506) width 110: "This is some text."
    RenderBR {BR} at (112,520) size 0x0
    RenderText {#text} at (2,524) size 110x18
      text run at (2,524) width 110: "This is some text."
    RenderBR {BR} at (112,538) size 0x0
    RenderText {#text} at (2,542) size 110x18
      text run at (2,542) width 110: "This is some text."
    RenderBR {BR} at (112,556) size 0x0
    RenderText {#text} at (2,560) size 110x18
      text run at (2,560) width 110: "This is some text."
    RenderBR {BR} at (112,574) size 0x0
    RenderText {#text} at (2,578) size 110x18
      text run at (2,578) width 110: "This is some text."
    RenderBR {BR} at (112,592) size 0x0
    RenderText {#text} at (2,596) size 110x18
      text run at (2,596) width 110: "This is some text."
    RenderBR {BR} at (112,610) size 0x0
    RenderText {#text} at (2,614) size 110x18
      text run at (2,614) width 110: "This is some text."
    RenderBR {BR} at (112,628) size 0x0
    RenderText {#text} at (2,632) size 110x18
      text run at (2,632) width 110: "This is some text."
    RenderBR {BR} at (112,646) size 0x0
    RenderText {#text} at (2,650) size 110x18
      text run at (2,650) width 110: "This is some text."
    RenderBR {BR} at (112,664) size 0x0
    RenderText {#text} at (2,668) size 110x18
      text run at (2,668) width 110: "This is some text."
    RenderBR {BR} at (112,682) size 0x0
    RenderText {#text} at (2,686) size 110x18
      text run at (2,686) width 110: "This is some text."
    RenderBR {BR} at (112,700) size 0x0
    RenderText {#text} at (2,704) size 110x18
      text run at (2,704) width 110: "This is some text."
    RenderBR {BR} at (112,718) size 0x0
