layer at (0,0) size 800x600
  RenderView at (0,0) size 800x600
layer at (0,0) size 800x600
  RenderBlock {HTML} at (0,0) size 800x600
layer at (8,8) size 750x500
  RenderBody {BODY} at (8,8) size 750x500
    RenderBlock {H1} at (0,0) size 367x37
      RenderText {#text} at (0,0) size 166x37
        text run at (0,0) width 166: "Header One"
    RenderBlock (anonymous) at (0,58) size 367x198
      RenderText {#text} at (0,0) size 362x198
        text run at (0,0) width 354: "Lorem ipsum dolor sit amet, consectetuer adipiscing elit."
        text run at (0,18) width 351: "Nulla varius enim ac mi. Curabitur sollicitudin felis quis"
        text run at (0,36) width 325: "lectus. Quisque adipiscing rhoncus sem. Proin nulla"
        text run at (0,54) width 358: "purus, vulputate vel, varius ut, euismod et, nisi. Sed vitae"
        text run at (0,72) width 343: "felis vel orci sagittis aliquam. Cras convallis adipiscing"
        text run at (0,90) width 340: "sem. Nam nonummy enim. Nullam bibendum lobortis"
        text run at (0,108) width 344: "neque. Vestibulum velit orci, tempus euismod, pretium"
        text run at (0,126) width 343: "quis, interdum vitae, nulla. Phasellus eget ante et tortor"
        text run at (0,144) width 343: "condimentum vestibulum. Suspendisse hendrerit quam"
        text run at (0,162) width 362: "nec felis. Sed varius turpis vitae pede. Lorem ipsum dolor"
        text run at (0,180) width 229: "sit amet, consectetuer adipiscing elit."
    RenderBlock {H1} at (0,277) size 367x37
      RenderText {#text} at (0,0) size 169x37
        text run at (0,0) width 169: "Header Two"
    RenderBlock (anonymous) at (0,335) size 367x198
      RenderText {#text} at (0,0) size 362x198
        text run at (0,0) width 354: "Lorem ipsum dolor sit amet, consectetuer adipiscing elit."
        text run at (0,18) width 351: "Nulla varius enim ac mi. Curabitur sollicitudin felis quis"
        text run at (0,36) width 325: "lectus. Quisque adipiscing rhoncus sem. Proin nulla"
        text run at (0,54) width 358: "purus, vulputate vel, varius ut, euismod et, nisi. Sed vitae"
        text run at (0,72) width 343: "felis vel orci sagittis aliquam. Cras convallis adipiscing"
        text run at (0,90) width 340: "sem. Nam nonummy enim. Nullam bibendum lobortis"
        text run at (0,108) width 344: "neque. Vestibulum velit orci, tempus euismod, pretium"
        text run at (0,126) width 343: "quis, interdum vitae, nulla. Phasellus eget ante et tortor"
        text run at (0,144) width 343: "condimentum vestibulum. Suspendisse hendrerit quam"
        text run at (0,162) width 362: "nec felis. Sed varius turpis vitae pede. Lorem ipsum dolor"
        text run at (0,180) width 229: "sit amet, consectetuer adipiscing elit."
    RenderBlock {H1} at (0,554) size 367x37
      RenderText {#text} at (0,0) size 190x37
        text run at (0,0) width 190: "Header Three"
    RenderBlock {H1} at (0,849) size 367x37
      RenderText {#text} at (0,0) size 177x37
        text run at (0,0) width 177: "Header Four"
    RenderBlock (anonymous) at (0,907) size 367x36
      RenderText {#text} at (0,0) size 354x36
        text run at (0,0) width 354: "Lorem ipsum dolor sit amet, consectetuer adipiscing elit."
        text run at (0,18) width 154: "Nulla varius enim ac mi."
      RenderText {#text} at (0,0) size 0x0
      RenderText {#text} at (0,0) size 0x0
layer at (391,123) size 367x216
  RenderBlock {DIV} at (0,612) size 367x216
    RenderText {#text} at (0,0) size 175x396
      text run at (0,0) width 139: "Lorem ipsum dolor sit"
      text run at (0,18) width 116: "amet, consectetuer"
      text run at (0,36) width 172: "adipiscing elit. Nulla varius"
      text run at (0,54) width 137: "enim ac mi. Curabitur"
      text run at (0,72) width 173: "sollicitudin felis quis lectus."
      text run at (0,90) width 175: "Quisque adipiscing rhoncus"
      text run at (0,108) width 145: "sem. Proin nulla purus,"
      text run at (0,126) width 147: "vulputate vel, varius ut,"
      text run at (0,144) width 164: "euismod et, nisi. Sed vitae"
      text run at (0,162) width 124: "felis vel orci sagittis"
      text run at (0,180) width 147: "aliquam. Cras convallis"
      text run at (0,198) width 132: "adipiscing sem. Nam"
      text run at (0,216) width 154: "nonummy enim. Nullam"
      text run at (0,234) width 160: "bibendum lobortis neque."
      text run at (0,252) width 136: "Vestibulum velit orci,"
      text run at (0,270) width 158: "tempus euismod, pretium"
      text run at (0,288) width 167: "quis, interdum vitae, nulla."
      text run at (0,306) width 172: "Phasellus eget ante et tortor"
      text run at (0,324) width 163: "condimentum vestibulum."
      text run at (0,342) width 137: "Suspendisse hendrerit"
      text run at (0,360) width 165: "quam nec felis. Sed varius"
      text run at (0,378) width 111: "turpis vitae pede. "
    RenderText {#text} at (0,0) size 0x0
layer at (582,-93) size 173x54 backgroundClip at (0,0) size 800x600 clip at (0,0) size 800x600 outlineClip at (0,0) size 800x600
  RenderInline (relative positioned) {SPAN} at (0,0) size 173x54
    RenderText {#text} at (111,378) size 173x54
      text run at (111,378) width 42: "Lorem"
      text run at (0,396) width 131: "ipsum dolor sit amet,"
      text run at (0,414) width 173: "consectetuer adipiscing elit."
