layer at (0,0) size 1586x585
  RenderView at (0,0) size 800x585
layer at (0,0) size 1586x585
  RenderBlock {HTML} at (0,0) size 800x585
    RenderBody {BODY} at (8,8) size 784x569
layer at (8,8) size 1578x404
  RenderBlock {DIV} at (0,0) size 784x404 [border: (2px solid #000000)]
    RenderBlock (anonymous) at (2,2) size 382x180
      RenderText {#text} at (0,0) size 110x18
        text run at (0,0) width 110: "This is some text."
      RenderBR {BR} at (110,14) size 0x0
      RenderText {#text} at (0,18) size 110x18
        text run at (0,18) width 110: "This is some text."
      RenderBR {BR} at (110,32) size 0x0
      RenderText {#text} at (0,36) size 110x18
        text run at (0,36) width 110: "This is some text."
      RenderBR {BR} at (110,50) size 0x0
      RenderText {#text} at (0,54) size 110x18
        text run at (0,54) width 110: "This is some text."
      RenderBR {BR} at (110,68) size 0x0
      RenderText {#text} at (0,72) size 110x18
        text run at (0,72) width 110: "This is some text."
      RenderBR {BR} at (110,86) size 0x0
      RenderText {#text} at (0,90) size 110x18
        text run at (0,90) width 110: "This is some text."
      RenderBR {BR} at (110,104) size 0x0
      RenderText {#text} at (0,108) size 110x18
        text run at (0,108) width 110: "This is some text."
      RenderBR {BR} at (110,122) size 0x0
      RenderText {#text} at (0,126) size 110x18
        text run at (0,126) width 110: "This is some text."
      RenderBR {BR} at (110,140) size 0x0
      RenderText {#text} at (0,144) size 110x18
        text run at (0,144) width 110: "This is some text."
      RenderBR {BR} at (110,158) size 0x0
      RenderText {#text} at (0,162) size 110x18
        text run at (0,162) width 110: "This is some text."
      RenderBR {BR} at (110,176) size 0x0
    RenderImage {IMG} at (2,182) size 250x300 [bgcolor=#008000]
    RenderBlock (anonymous) at (2,482) size 382x540
      RenderText {#text} at (0,0) size 110x18
        text run at (0,0) width 110: "This is some text."
      RenderBR {BR} at (110,14) size 0x0
      RenderText {#text} at (0,18) size 110x18
        text run at (0,18) width 110: "This is some text."
      RenderBR {BR} at (110,32) size 0x0
      RenderText {#text} at (0,36) size 110x18
        text run at (0,36) width 110: "This is some text."
      RenderBR {BR} at (110,50) size 0x0
      RenderText {#text} at (0,54) size 110x18
        text run at (0,54) width 110: "This is some text."
      RenderBR {BR} at (110,68) size 0x0
      RenderText {#text} at (0,72) size 110x18
        text run at (0,72) width 110: "This is some text."
      RenderBR {BR} at (110,86) size 0x0
      RenderText {#text} at (0,90) size 110x18
        text run at (0,90) width 110: "This is some text."
      RenderBR {BR} at (110,104) size 0x0
      RenderText {#text} at (0,108) size 110x18
        text run at (0,108) width 110: "This is some text."
      RenderBR {BR} at (110,122) size 0x0
      RenderText {#text} at (0,126) size 110x18
        text run at (0,126) width 110: "This is some text."
      RenderBR {BR} at (110,140) size 0x0
      RenderText {#text} at (0,144) size 110x18
        text run at (0,144) width 110: "This is some text."
      RenderBR {BR} at (110,158) size 0x0
      RenderText {#text} at (0,162) size 110x18
        text run at (0,162) width 110: "This is some text."
      RenderBR {BR} at (110,176) size 0x0
      RenderText {#text} at (0,180) size 110x18
        text run at (0,180) width 110: "This is some text."
      RenderBR {BR} at (110,194) size 0x0
      RenderText {#text} at (0,198) size 110x18
        text run at (0,198) width 110: "This is some text."
      RenderBR {BR} at (110,212) size 0x0
      RenderText {#text} at (0,216) size 110x18
        text run at (0,216) width 110: "This is some text."
      RenderBR {BR} at (110,230) size 0x0
      RenderText {#text} at (0,234) size 110x18
        text run at (0,234) width 110: "This is some text."
      RenderBR {BR} at (110,248) size 0x0
      RenderText {#text} at (0,252) size 110x18
        text run at (0,252) width 110: "This is some text."
      RenderBR {BR} at (110,266) size 0x0
      RenderText {#text} at (0,270) size 110x18
        text run at (0,270) width 110: "This is some text."
      RenderBR {BR} at (110,284) size 0x0
      RenderText {#text} at (0,288) size 110x18
        text run at (0,288) width 110: "This is some text."
      RenderBR {BR} at (110,302) size 0x0
      RenderText {#text} at (0,306) size 110x18
        text run at (0,306) width 110: "This is some text."
      RenderBR {BR} at (110,320) size 0x0
      RenderText {#text} at (0,324) size 110x18
        text run at (0,324) width 110: "This is some text."
      RenderBR {BR} at (110,338) size 0x0
      RenderText {#text} at (0,342) size 110x18
        text run at (0,342) width 110: "This is some text."
      RenderBR {BR} at (110,356) size 0x0
      RenderText {#text} at (0,360) size 110x18
        text run at (0,360) width 110: "This is some text."
      RenderBR {BR} at (110,374) size 0x0
      RenderText {#text} at (0,378) size 110x18
        text run at (0,378) width 110: "This is some text."
      RenderBR {BR} at (110,392) size 0x0
      RenderText {#text} at (0,396) size 110x18
        text run at (0,396) width 110: "This is some text."
      RenderBR {BR} at (110,410) size 0x0
      RenderText {#text} at (0,414) size 110x18
        text run at (0,414) width 110: "This is some text."
      RenderBR {BR} at (110,428) size 0x0
      RenderText {#text} at (0,432) size 110x18
        text run at (0,432) width 110: "This is some text."
      RenderBR {BR} at (110,446) size 0x0
      RenderText {#text} at (0,450) size 110x18
        text run at (0,450) width 110: "This is some text."
      RenderBR {BR} at (110,464) size 0x0
      RenderText {#text} at (0,468) size 110x18
        text run at (0,468) width 110: "This is some text."
      RenderBR {BR} at (110,482) size 0x0
      RenderText {#text} at (0,486) size 110x18
        text run at (0,486) width 110: "This is some text."
      RenderBR {BR} at (110,500) size 0x0
      RenderText {#text} at (0,504) size 110x18
        text run at (0,504) width 110: "This is some text."
      RenderBR {BR} at (110,518) size 0x0
      RenderText {#text} at (0,522) size 110x18
        text run at (0,522) width 110: "This is some text."
      RenderBR {BR} at (110,536) size 0x0
