layer at (0,0) size 800x600
  RenderView at (0,0) size 800x600
layer at (0,0) size 800x84
  RenderBlock {HTML} at (0,0) size 800x84
    RenderBody {BODY} at (8,8) size 784x68
      RenderBlock (anonymous) at (0,0) size 784x20
        RenderText {#text} at (0,0) size 309x19
          text run at (0,0) width 309: "You should see (almost) straight vertical line below."
      RenderBlock {DIV} at (0,20) size 784x48
        RenderBlock {DIV} at (0,0) size 784x3
        RenderBlock {DIV} at (0,3) size 784x3
        RenderBlock {DIV} at (0,6) size 784x3
        RenderBlock {DIV} at (0,9) size 784x3
        RenderBlock {DIV} at (0,12) size 784x3
        RenderBlock {DIV} at (0,15) size 784x3
        RenderBlock {DIV} at (0,18) size 784x3
        RenderBlock {DIV} at (0,21) size 784x3
        RenderBlock {DIV} at (0,24) size 784x3
        RenderBlock {DIV} at (0,27) size 784x3
        RenderBlock {DIV} at (0,30) size 784x3
        RenderBlock {DIV} at (0,33) size 784x3
        RenderBlock {DIV} at (0,36) size 784x3
        RenderBlock {DIV} at (0,39) size 784x3
        RenderBlock {DIV} at (0,42) size 784x3
        RenderBlock {DIV} at (0,45) size 784x3
layer at (8,28) size 3x3
  RenderHTMLCanvas {CANVAS} at (0,0) size 3x3
layer at (8,31) size 3x3
  RenderHTMLCanvas {CANVAS} at (0,0) size 3x3
layer at (8,34) size 3x3
  RenderHTMLCanvas {CANVAS} at (0,0) size 3x3
layer at (8,37) size 3x3
  RenderHTMLCanvas {CANVAS} at (0,0) size 3x3
layer at (8,40) size 3x3
  RenderHTMLCanvas {CANVAS} at (0,0) size 3x3
layer at (8,43) size 3x3
  RenderHTMLCanvas {CANVAS} at (0,0) size 3x3
layer at (8,46) size 3x3
  RenderHTMLCanvas {CANVAS} at (0,0) size 3x3
layer at (8,49) size 3x3
  RenderHTMLCanvas {CANVAS} at (0,0) size 3x3
layer at (8,52) size 3x3
  RenderHTMLCanvas {CANVAS} at (0,0) size 3x3
layer at (8,55) size 3x3
  RenderHTMLCanvas {CANVAS} at (0,0) size 3x3
layer at (8,58) size 3x3
  RenderHTMLCanvas {CANVAS} at (0,0) size 3x3
layer at (8,61) size 3x3
  RenderHTMLCanvas {CANVAS} at (0,0) size 3x3
layer at (8,64) size 3x3
  RenderHTMLCanvas {CANVAS} at (0,0) size 3x3
layer at (8,67) size 3x3
  RenderHTMLCanvas {CANVAS} at (0,0) size 3x3
layer at (8,70) size 3x3
  RenderHTMLCanvas {CANVAS} at (0,0) size 3x3
layer at (8,73) size 3x3
  RenderHTMLCanvas {CANVAS} at (0,0) size 3x3
