layer at (0,0) size 800x600
  RenderCanvas at (0,0) size 800x600
layer at (0,0) size 800x600
  RenderBlock {HTML} at (0,0) size 800x600
    RenderBody {BODY} at (8,8) size 784x584 [color=#008000]
      RenderBlock (anonymous) at (0,0) size 784x37
        RenderText {TEXT} at (0,0) size 399x37
          text run at (0,0) width 399: "This is fixed pitch. "
        RenderInline {FONT} at (0,0) size 50x11
          RenderText {TEXT} at (399,20) size 50x11
            text run at (399,20) width 50: "This is not."
      RenderBlock (anonymous) at (0,37) size 784x30
        RenderTable {TABLE} at (0,0) size 123x30 [border: (2px outset #808080)]
          RenderTableSection {TBODY} at (2,2) size 0x26
            RenderTableRow {TR} at (0,0) size 0x0
              RenderTableCell {TD} at (2,2) size 115x22 [border: (1px inset #808080)] [r=0 c=0 rs=1 cs=1]
                RenderText {TEXT} at (2,2) size 111x18
                  text run at (2,2) width 111: "This is also not."
      RenderBlock (anonymous) at (0,67) size 784x37
        RenderInline {FONT} at (0,0) size 43x11
          RenderText {TEXT} at (0,20) size 43x11
            text run at (0,20) width 43: "More text"
        RenderText {TEXT} at (43,0) size 152x37
          text run at (43,0) width 152: " Ending."
