layer at (0,0) size 800x600
  RenderCanvas at (0,0) size 800x600
layer at (0,0) size 800x132
  RenderBlock {HTML} at (0,0) size 800x132
    RenderBody {BODY} at (8,8) size 784x116
      RenderBlock {DIV} at (0,0) size 784x36
        RenderText {TEXT} at (0,0) size 99x18
          text run at (0,0) width 99: "Select this text. "
        RenderInline {FONT} at (0,0) size 764x31
          RenderText {TEXT} at (99,4) size 764x31
            text run at (99,4) width 96: "I am teeny and tiny. "
            text run at (195,4) width 338: "I am going to have lots of text but each line should retain the big height. "
            text run at (533,4) width 231: "If the lines shrink, it means that the root line box's"
            text run at (0,22) width 221: "height is not being considered and that's wrong."
        RenderText {TEXT} at (0,0) size 0x0
      RenderBlock {P} at (0,52) size 784x0
      RenderBlock {DIV} at (0,52) size 784x64
        RenderInline {FONT} at (0,0) size 774x64
          RenderText {TEXT} at (0,0) size 378x32
            text run at (0,0) width 378: "This text is absolutely enormous. "
          RenderInline {FONT} at (0,0) size 774x45
            RenderText {TEXT} at (378,15) size 774x45
              text run at (378,15) width 96: "I am teeny and tiny. "
              text run at (474,15) width 300: "I am going to have lots of text but each line should retain the big"
              text run at (0,47) width 35: "height. "
              text run at (35,47) width 463: "If the lines shrink, it means that the span's line box's height is not being considered and that's wrong."
          RenderText {TEXT} at (0,0) size 0x0
