layer at (0,0) size 800x600
  RenderView at (0,0) size 800x600
layer at (0,0) size 800x414
  RenderBlock {html} at (0,0) size 800x414
    RenderBody {body} at (0,16) size 800x398
      RenderBlock {p} at (0,0) size 800x20
        RenderText {#text} at (0,0) size 446x20
          text run at (0,0) width 446: "The first two texts should look identical, as there is no shadow applied."
      RenderBlock (anonymous) at (0,36) size 800x155
        RenderSVGRoot {svg} at (20,124) size 780x50
          RenderSVGText {text} at (20,22) size 1600x50 contains 1 chunk(s)
            RenderSVGTSpan {tspan} at (0,0) size 200x50
              RenderSVGInlineText {#text} at (0,0) size 200x50
                chunk 1 text run 1 at (20.00,62.00) startOffset 0 endOffset 4 width 200.00: "This"
            RenderSVGInlineText {#text} at (200,0) size 50x50
              chunk 1 text run 2 at (220.00,62.00) startOffset 0 endOffset 1 width 50.00: " "
            RenderSVGTSpan {tspan} at (0,0) size 200x50
              RenderSVGInlineText {#text} at (250,0) size 200x50
                chunk 1 text run 3 at (270.00,62.00) startOffset 0 endOffset 4 width 200.00: "text"
            RenderSVGInlineText {#text} at (450,0) size 50x50
              chunk 1 text run 4 at (470.00,62.00) startOffset 0 endOffset 1 width 50.00: " "
            RenderSVGTSpan {tspan} at (0,0) size 700x50
              RenderSVGInlineText {#text} at (500,0) size 700x50
                chunk 1 text run 5 at (520.00,62.00) startOffset 0 endOffset 14 width 700.00: "casts multiple"
            RenderSVGInlineText {#text} at (1200,0) size 400x50
              chunk 1 text run 6 at (1220.00,62.00) startOffset 0 endOffset 1 width 50.00: " "
              chunk 1 text run 7 at (1270.00,62.00) startOffset 0 endOffset 7 width 350.00: "shadows"
        RenderText {#text} at (0,0) size 0x0
      RenderBlock {p} at (0,207) size 800x20
        RenderText {#text} at (0,0) size 556x20
          text run at (0,0) width 556: "The next two texts have subtle differences, as the stroke/fill is painted seperated in SVG."
      RenderBlock (anonymous) at (0,243) size 800x155
        RenderSVGRoot {svg} at (0,314) size 800x83
          RenderSVGText {text} at (20,22) size 1600x50 contains 1 chunk(s)
            RenderSVGTSpan {tspan} at (0,0) size 200x50
              RenderSVGInlineText {#text} at (0,0) size 200x50
                chunk 1 text run 1 at (20.00,62.00) startOffset 0 endOffset 4 width 200.00: "This"
            RenderSVGInlineText {#text} at (200,0) size 50x50
              chunk 1 text run 2 at (220.00,62.00) startOffset 0 endOffset 1 width 50.00: " "
            RenderSVGTSpan {tspan} at (0,0) size 200x50
              RenderSVGInlineText {#text} at (250,0) size 200x50
                chunk 1 text run 3 at (270.00,62.00) startOffset 0 endOffset 4 width 200.00: "text"
            RenderSVGInlineText {#text} at (450,0) size 50x50
              chunk 1 text run 4 at (470.00,62.00) startOffset 0 endOffset 1 width 50.00: " "
            RenderSVGTSpan {tspan} at (0,0) size 700x50
              RenderSVGInlineText {#text} at (500,0) size 700x50
                chunk 1 text run 5 at (520.00,62.00) startOffset 0 endOffset 14 width 700.00: "casts multiple"
            RenderSVGInlineText {#text} at (1200,0) size 400x50
              chunk 1 text run 6 at (1220.00,62.00) startOffset 0 endOffset 1 width 50.00: " "
              chunk 1 text run 7 at (1270.00,62.00) startOffset 0 endOffset 7 width 350.00: "shadows"
        RenderText {#text} at (0,0) size 0x0
layer at (20,52) size 780x150
  RenderBlock (positioned) {div} at (20,52) size 780x150
    RenderInline {span} at (0,0) size 200x50 [textStrokeWidth=1.00]
      RenderText {#text} at (0,0) size 200x50
        text run at (0,0) width 200: "This"
    RenderText {#text} at (200,0) size 50x50
      text run at (200,0) width 50: " "
    RenderInline {span} at (0,0) size 200x50 [textFillColor=#FFFFFF] [textStrokeWidth=1.00]
      RenderText {#text} at (250,0) size 200x50
        text run at (250,0) width 200: "text"
    RenderText {#text} at (450,0) size 50x50
      text run at (450,0) width 50: " "
    RenderInline {span} at (0,0) size 750x100
      RenderText {#text} at (500,0) size 750x100
        text run at (500,0) width 250: "casts"
        text run at (0,50) width 400: "multiple"
    RenderText {#text} at (0,100) size 350x50
      text run at (0,100) width 350: "shadows"
layer at (20,259) size 780x150
  RenderBlock (positioned) {div} at (20,259) size 780x150
    RenderInline {span} at (0,0) size 200x50 [textStrokeWidth=1.00]
      RenderText {#text} at (0,0) size 200x50
        text run at (0,0) width 200: "This"
    RenderText {#text} at (200,0) size 50x50
      text run at (200,0) width 50: " "
    RenderInline {span} at (0,0) size 200x50 [textFillColor=#FFFFFF] [textStrokeWidth=1.00]
      RenderText {#text} at (250,0) size 200x50
        text run at (250,0) width 200: "text"
    RenderText {#text} at (450,0) size 50x50
      text run at (450,0) width 50: " "
    RenderInline {span} at (0,0) size 750x100
      RenderText {#text} at (500,0) size 750x100
        text run at (500,0) width 250: "casts"
        text run at (0,50) width 400: "multiple"
    RenderText {#text} at (0,100) size 350x50
      text run at (0,100) width 350: "shadows"
