EDITING DELEGATE: shouldBeginEditingInDOMRange:range from 0 of DIV > BODY > HTML > #document to 12 of DIV > BODY > HTML > #document
EDITING DELEGATE: webViewDidBeginEditing:WebViewDidBeginEditingNotification
EDITING DELEGATE: webViewDidChangeSelection:WebViewDidChangeSelectionNotification
EDITING DELEGATE: webViewDidChangeSelection:WebViewDidChangeSelectionNotification
EDITING DELEGATE: webViewDidChangeSelection:WebViewDidChangeSelectionNotification
EDITING DELEGATE: webViewDidChange:WebViewDidChangeNotification
layer at (0,0) size 800x600
  RenderView at (0,0) size 800x600
layer at (0,0) size 800x600
  RenderBlock {HTML} at (0,0) size 800x600
    RenderBody {BODY} at (8,8) size 784x584
      RenderBlock {DIV} at (0,0) size 784x38
        RenderText {#text} at (0,0) size 378x19
          text run at (0,0) width 378: "This test uses the execCommand to Outdent the text below. "
        RenderInline {B} at (0,0) size 749x38
          RenderText {#text} at (378,0) size 749x38
            text run at (378,0) width 371: "This demonstrates a bug: the content in the blockquote"
            text run at (0,19) width 279: "that's not in a list is pulled out of position."
      RenderBlock (anonymous) at (0,38) size 784x19
        RenderBR {BR} at (0,0) size 0x19
      RenderBlock {DIV} at (0,57) size 784x222
        RenderBlock (anonymous) at (0,0) size 784x38
          RenderInline {SPAN} at (0,0) size 42x19
            RenderText {#text} at (0,0) size 42x19
              text run at (0,0) width 42: "Lorem"
          RenderBR {BR} at (42,15) size 0x0
          RenderText {#text} at (0,19) size 83x19
            text run at (0,19) width 83: "more Lorem!"
        RenderBlock {BLOCKQUOTE} at (40,38) size 744x0
        RenderBlock (anonymous) at (0,38) size 784x19
          RenderText {#text} at (0,0) size 38x19
            text run at (0,0) width 38: "ipsum"
          RenderBR {BR} at (38,15) size 0x0
        RenderBlock {BLOCKQUOTE} at (40,57) size 744x57
          RenderBlock (anonymous) at (0,0) size 744x57
            RenderText {#text} at (0,0) size 25x19
              text run at (0,0) width 25: "Foo"
            RenderBR {BR} at (25,15) size 0x0
            RenderText {#text} at (0,19) size 23x19
              text run at (0,19) width 23: "Bar"
            RenderBR {BR} at (23,34) size 0x0
            RenderText {#text} at (0,38) size 25x19
              text run at (0,38) width 25: "Baz"
            RenderBR {BR} at (25,53) size 0x0
          RenderBlock {UL} at (0,73) size 744x0
        RenderBlock (anonymous) at (0,130) size 784x38
          RenderText {#text} at (0,0) size 37x19
            text run at (0,0) width 37: "Dolor"
          RenderBR {BR} at (37,15) size 0x0
          RenderText {#text} at (0,19) size 82x19
            text run at (0,19) width 82: "Dinner time?"
          RenderBR {BR} at (82,34) size 0x0
        RenderBlock {UL} at (0,184) size 784x0
        RenderBlock (anonymous) at (0,184) size 784x38
          RenderText {#text} at (0,0) size 34x19
            text run at (0,0) width 34: "Sum!"
          RenderBR {BR} at (34,15) size 0x0
          RenderInline {SPAN} at (0,0) size 38x19
            RenderText {#text} at (0,19) size 38x19
              text run at (0,19) width 38: "Thing"
          RenderText {#text} at (0,0) size 0x0
selection start: position 0 of child 0 {#text} of child 1 {SPAN} of child 4 {DIV} of body
selection end:   position 5 of child 0 {#text} of child 17 {SPAN} of child 4 {DIV} of body
