layer at (0,0) size 800x600
  RenderView at (0,0) size 800x600
layer at (0,0) size 800x600
  RenderBlock {HTML} at (0,0) size 800x600
    RenderBody {BODY} at (8,8) size 784x584
      RenderBlock {P} at (0,0) size 784x36
        RenderText {#text} at (0,0) size 782x36
          text run at (0,0) width 782: "This test deletes the contents of a list, then it performs another delete, which should remove the empty list item. There should"
          text run at (0,18) width 163: "be two paragraphs below."
      RenderBlock {DIV} at (0,52) size 784x36
        RenderText {#text} at (0,0) size 99x18
          text run at (0,0) width 99: "Paragraph One."
        RenderBR {BR} at (99,14) size 0x0
        RenderText {#text} at (0,18) size 102x18
          text run at (0,18) width 102: "Paragraph Two."
caret: position 14 of child 0 {#text} of child 2 {DIV} of child 1 {BODY} of child 0 {HTML} of document
