layer at (0,0) size 800x600
  RenderView at (0,0) size 800x600
layer at (0,0) size 800x84
  RenderBlock {HTML} at (0,0) size 800x84
    RenderBody {BODY} at (8,14) size 784x62
      RenderBlock {P} at (0,0) size 784x16
        RenderText {#text} at (0,0) size 283x16
          text run at (0,0) width 283: "The following two lines should look the same:"
      RenderBlock {DIV} at (0,30) size 784x16
        RenderInline {SPAN} at (0,0) size 5x16
          RenderInline (generated) at (0,0) size 5x16
            RenderCounter at (0,0) size 5x16
              text run at (0,0) width 5: "\x{2022}"
      RenderBlock {DIV} at (0,46) size 784x16
        RenderText {#text} at (0,0) size 5x16
          text run at (0,0) width 5: "\x{2022}"
