layer at (0,0) size 800x600
  RenderView at (0,0) size 800x600
layer at (0,0) size 800x600
  RenderBlock {HTML} at (0,0) size 800x600
    RenderBody {BODY} at (8,8) size 784x584
      RenderBlock {P} at (0,0) size 784x38
        RenderText {#text} at (0,0) size 742x38
          text run at (0,0) width 145: "This is a test for 8250. "
          text run at (145,0) width 572: "The khtmlBeforeTextInserted event handler wasn't being told about interchange newlines. "
          text run at (717,0) width 25: "You"
          text run at (0,19) width 242: "shouldn't see anything in the text field."
      RenderBlock (anonymous) at (0,52) size 784x29
        RenderTextControl {INPUT} at (2,2) size 168x25 [border: (2px inset #000000)]
        RenderText {#text} at (0,0) size 0x0
layer at (13,65) size 162x19
  RenderBlock {DIV} at (3,3) size 162x19
caret: position 0 of child 0 {DIV} of child 2 {INPUT} of child 0 {BODY} of child 0 {HTML} of document
