layer at (0,0) size 800x600
  RenderView at (0,0) size 800x600
layer at (0,0) size 800x387
  RenderBlock {HTML} at (0,0) size 800x387
    RenderBody {BODY} at (8,8) size 784x371
      RenderBlock (anonymous) at (0,0) size 784x88
        RenderText {#text} at (0,0) size 577x22
          text run at (0,0) width 577: "Tests for basic button rendering. Creates a table with seven columns and seven rows. "
        RenderBR {BR} at (577,0) size 0x22
        RenderText {#text} at (0,22) size 551x22
          text run at (0,22) width 551: "Creates two different types of buttons, one with an image (a red dot) and another "
        RenderBR {BR} at (551,22) size 0x22
        RenderText {#text} at (0,44) size 702x22
          text run at (0,44) width 702: "with text (\"foo\") and then uses six different paddings to make sure each of the buttons render properly. "
        RenderBR {BR} at (702,44) size 0x22
        RenderBR {BR} at (0,66) size 0x22
      RenderTable {TABLE} at (0,88) size 720x283
        RenderTableSection {TBODY} at (0,0) size 720x283
          RenderTableRow {TR} at (0,0) size 720x24
            RenderTableCell {TD} at (0,0) size 179x24 [r=0 c=0 rs=1 cs=1]
              RenderText {#text} at (1,1) size 44x22
                text run at (1,1) width 44: "styling"
            RenderTableCell {TD} at (179,0) size 65x24 [r=0 c=1 rs=1 cs=1]
              RenderText {#text} at (1,1) size 63x22
                text run at (1,1) width 63: "<button>"
            RenderTableCell {TD} at (244,0) size 162x24 [r=0 c=2 rs=1 cs=1]
              RenderText {#text} at (1,1) size 160x22
                text run at (1,1) width 160: "(offsetH,W) (clientH,W)"
            RenderTableCell {TD} at (406,0) size 143x24 [r=0 c=3 rs=1 cs=1]
              RenderText {#text} at (1,1) size 141x22
                text run at (1,1) width 141: "<input type=button>"
            RenderTableCell {TD} at (549,0) size 171x24 [r=0 c=4 rs=1 cs=1]
              RenderText {#text} at (1,1) size 169x22
                text run at (1,1) width 169: "(offsetH,W) (clientH, -W)"
          RenderTableRow {TR} at (0,24) size 720x37
            RenderTableCell {TD} at (0,30) size 179x24 [r=1 c=0 rs=1 cs=1]
              RenderText {#text} at (1,1) size 57x22
                text run at (1,1) width 57: "(default)"
            RenderTableCell {TD} at (179,24) size 65x37 [r=1 c=1 rs=1 cs=1]
              RenderButton {BUTTON} at (3,3) size 22x31 [bgcolor=#C0C0C0]
                RenderBlock (anonymous) at (6,5) size 10x21
                  RenderImage {IMG} at (0,6) size 10x10
            RenderTableCell {TD} at (244,30) size 162x24 [r=1 c=2 rs=1 cs=1]
              RenderText {#text} at (1,1) size 104x22
                text run at (1,1) width 104: "(31, 12) (31, 12)"
            RenderTableCell {TD} at (406,24) size 143x37 [r=1 c=3 rs=1 cs=1]
              RenderButton {INPUT} at (3,3) size 34x31 [bgcolor=#C0C0C0]
                RenderBlock (anonymous) at (6,5) size 22x21
                  RenderText at (0,0) size 22x21
                    text run at (0,0) width 22: "foo"
            RenderTableCell {TD} at (549,30) size 171x24 [r=1 c=4 rs=1 cs=1]
              RenderText {#text} at (1,1) size 104x22
                text run at (1,1) width 104: "(31, 34) (31, 34)"
          RenderTableRow {TR} at (0,61) size 720x37
            RenderTableCell {TD} at (0,67) size 179x24 [r=2 c=0 rs=1 cs=1]
              RenderText {#text} at (1,1) size 73x22
                text run at (1,1) width 73: "padding: 0"
            RenderTableCell {TD} at (179,61) size 65x37 [r=2 c=1 rs=1 cs=1]
              RenderButton {BUTTON} at (3,3) size 22x31 [bgcolor=#C0C0C0]
                RenderBlock (anonymous) at (6,5) size 10x21
                  RenderImage {IMG} at (0,6) size 10x10
            RenderTableCell {TD} at (244,67) size 162x24 [r=2 c=2 rs=1 cs=1]
              RenderText {#text} at (1,1) size 104x22
                text run at (1,1) width 104: "(31, 12) (31, 12)"
            RenderTableCell {TD} at (406,61) size 143x37 [r=2 c=3 rs=1 cs=1]
              RenderButton {INPUT} at (3,3) size 34x31 [bgcolor=#C0C0C0]
                RenderBlock (anonymous) at (6,5) size 22x21
                  RenderText at (0,0) size 22x21
                    text run at (0,0) width 22: "foo"
            RenderTableCell {TD} at (549,67) size 171x24 [r=2 c=4 rs=1 cs=1]
              RenderText {#text} at (1,1) size 104x22
                text run at (1,1) width 104: "(31, 34) (31, 34)"
          RenderTableRow {TR} at (0,98) size 720x37
            RenderTableCell {TD} at (0,104) size 179x24 [r=3 c=0 rs=1 cs=1]
              RenderText {#text} at (1,1) size 97x22
                text run at (1,1) width 97: "padding: 10%"
            RenderTableCell {TD} at (179,98) size 65x37 [r=3 c=1 rs=1 cs=1]
              RenderButton {BUTTON} at (3,3) size 22x31 [bgcolor=#C0C0C0]
                RenderBlock (anonymous) at (6,5) size 10x21
                  RenderImage {IMG} at (0,6) size 10x10
            RenderTableCell {TD} at (244,104) size 162x24 [r=3 c=2 rs=1 cs=1]
              RenderText {#text} at (1,1) size 104x22
                text run at (1,1) width 104: "(31, 12) (31, 12)"
            RenderTableCell {TD} at (406,98) size 143x37 [r=3 c=3 rs=1 cs=1]
              RenderButton {INPUT} at (3,3) size 34x31 [bgcolor=#C0C0C0]
                RenderBlock (anonymous) at (6,5) size 22x21
                  RenderText at (0,0) size 22x21
                    text run at (0,0) width 22: "foo"
            RenderTableCell {TD} at (549,104) size 171x24 [r=3 c=4 rs=1 cs=1]
              RenderText {#text} at (1,1) size 104x22
                text run at (1,1) width 104: "(31, 34) (31, 34)"
          RenderTableRow {TR} at (0,135) size 720x37
            RenderTableCell {TD} at (0,141) size 179x24 [r=4 c=0 rs=1 cs=1]
              RenderText {#text} at (1,1) size 90x22
                text run at (1,1) width 90: "padding: 2px"
            RenderTableCell {TD} at (179,135) size 65x37 [r=4 c=1 rs=1 cs=1]
              RenderButton {BUTTON} at (3,3) size 22x31 [bgcolor=#C0C0C0]
                RenderBlock (anonymous) at (6,5) size 10x21
                  RenderImage {IMG} at (0,6) size 10x10
            RenderTableCell {TD} at (244,141) size 162x24 [r=4 c=2 rs=1 cs=1]
              RenderText {#text} at (1,1) size 104x22
                text run at (1,1) width 104: "(31, 12) (31, 12)"
            RenderTableCell {TD} at (406,135) size 143x37 [r=4 c=3 rs=1 cs=1]
              RenderButton {INPUT} at (3,3) size 34x31 [bgcolor=#C0C0C0]
                RenderBlock (anonymous) at (6,5) size 22x21
                  RenderText at (0,0) size 22x21
                    text run at (0,0) width 22: "foo"
            RenderTableCell {TD} at (549,141) size 171x24 [r=4 c=4 rs=1 cs=1]
              RenderText {#text} at (1,1) size 104x22
                text run at (1,1) width 104: "(31, 34) (31, 34)"
          RenderTableRow {TR} at (0,172) size 720x37
            RenderTableCell {TD} at (0,178) size 179x24 [r=5 c=0 rs=1 cs=1]
              RenderText {#text} at (1,1) size 177x22
                text run at (1,1) width 177: "padding: 2px 6px 3px 6px"
            RenderTableCell {TD} at (179,172) size 65x37 [r=5 c=1 rs=1 cs=1]
              RenderButton {BUTTON} at (3,3) size 22x31 [bgcolor=#C0C0C0]
                RenderBlock (anonymous) at (6,5) size 10x21
                  RenderImage {IMG} at (0,6) size 10x10
            RenderTableCell {TD} at (244,178) size 162x24 [r=5 c=2 rs=1 cs=1]
              RenderText {#text} at (1,1) size 104x22
                text run at (1,1) width 104: "(31, 12) (31, 12)"
            RenderTableCell {TD} at (406,172) size 143x37 [r=5 c=3 rs=1 cs=1]
              RenderButton {INPUT} at (3,3) size 34x31 [bgcolor=#C0C0C0]
                RenderBlock (anonymous) at (6,5) size 22x21
                  RenderText at (0,0) size 22x21
                    text run at (0,0) width 22: "foo"
            RenderTableCell {TD} at (549,178) size 171x24 [r=5 c=4 rs=1 cs=1]
              RenderText {#text} at (1,1) size 104x22
                text run at (1,1) width 104: "(31, 34) (31, 34)"
          RenderTableRow {TR} at (0,209) size 720x37
            RenderTableCell {TD} at (0,215) size 179x24 [r=6 c=0 rs=1 cs=1]
              RenderText {#text} at (1,1) size 119x22
                text run at (1,1) width 119: "padding: 3px 7px"
            RenderTableCell {TD} at (179,209) size 65x37 [r=6 c=1 rs=1 cs=1]
              RenderButton {BUTTON} at (3,3) size 22x31 [bgcolor=#C0C0C0]
                RenderBlock (anonymous) at (6,5) size 10x21
                  RenderImage {IMG} at (0,6) size 10x10
            RenderTableCell {TD} at (244,215) size 162x24 [r=6 c=2 rs=1 cs=1]
              RenderText {#text} at (1,1) size 104x22
                text run at (1,1) width 104: "(31, 12) (31, 12)"
            RenderTableCell {TD} at (406,209) size 143x37 [r=6 c=3 rs=1 cs=1]
              RenderButton {INPUT} at (3,3) size 34x31 [bgcolor=#C0C0C0]
                RenderBlock (anonymous) at (6,5) size 22x21
                  RenderText at (0,0) size 22x21
                    text run at (0,0) width 22: "foo"
            RenderTableCell {TD} at (549,215) size 171x24 [r=6 c=4 rs=1 cs=1]
              RenderText {#text} at (1,1) size 104x22
                text run at (1,1) width 104: "(31, 34) (31, 34)"
          RenderTableRow {TR} at (0,246) size 720x37
            RenderTableCell {TD} at (0,252) size 179x24 [r=7 c=0 rs=1 cs=1]
              RenderText {#text} at (1,1) size 98x22
                text run at (1,1) width 98: "padding: 20px"
            RenderTableCell {TD} at (179,246) size 65x37 [r=7 c=1 rs=1 cs=1]
              RenderButton {BUTTON} at (3,3) size 22x31 [bgcolor=#C0C0C0]
                RenderBlock (anonymous) at (6,5) size 10x21
                  RenderImage {IMG} at (0,6) size 10x10
            RenderTableCell {TD} at (244,252) size 162x24 [r=7 c=2 rs=1 cs=1]
              RenderText {#text} at (1,1) size 104x22
                text run at (1,1) width 104: "(31, 12) (31, 12)"
            RenderTableCell {TD} at (406,246) size 143x37 [r=7 c=3 rs=1 cs=1]
              RenderButton {INPUT} at (3,3) size 34x31 [bgcolor=#C0C0C0]
                RenderBlock (anonymous) at (6,5) size 22x21
                  RenderText at (0,0) size 22x21
                    text run at (0,0) width 22: "foo"
            RenderTableCell {TD} at (549,252) size 171x24 [r=7 c=4 rs=1 cs=1]
              RenderText {#text} at (1,1) size 104x22
                text run at (1,1) width 104: "(31, 34) (31, 34)"
