layer at (0,0) size 800x600
  RenderView at (0,0) size 800x600
layer at (0,0) size 800x600
  RenderBlock {HTML} at (0,0) size 800x600
    RenderBody {BODY} at (8,8) size 470x582
      RenderBlock (anonymous) at (0,0) size 470x357
        RenderText {#text} at (0,0) size 347x21
          text run at (0,0) width 347: "This tests basic inputs. Here's what you should see: "
        RenderBR {BR} at (347,16) size 0x0
        RenderBR {BR} at (0,21) size 0x21
        RenderText {#text} at (0,42) size 469x63
          text run at (0,42) width 403: "first line: the letter \"a\" and then a text input field filled with"
          text run at (0,63) width 163: "repeating \"foobarbaz\", "
          text run at (163,63) width 296: "then the word \"text\" followed by a disabled"
          text run at (0,84) width 469: "text input field filled with \"foo\" and then the letter \"b\" and then \"a\" "
        RenderBR {BR} at (469,100) size 0x0
        RenderBR {BR} at (0,105) size 0x21
        RenderText {#text} at (0,126) size 469x63
          text run at (0,126) width 464: "second line: and then a password input field that's filled and then the"
          text run at (0,147) width 469: "word \"password\" and then a disabled password field that's filled and"
          text run at (0,168) width 129: "then the letter \"b\" "
        RenderBR {BR} at (129,184) size 0x0
        RenderBR {BR} at (0,189) size 0x21
        RenderText {#text} at (0,210) size 451x42
          text run at (0,210) width 451: "third line: the letter \"a\" and then a checkbox (unchecked) with the"
          text run at (0,231) width 430: "word \"checkbox\" and then a disabled checkbox and letter \"b\" "
        RenderBR {BR} at (430,247) size 0x0
        RenderBR {BR} at (0,252) size 0x21
        RenderText {#text} at (0,273) size 443x63
          text run at (0,273) width 441: "fourth line: the last line has the letter \"a\" and then a redio button"
          text run at (0,294) width 443: "(unselected) and then the word \"radio\" and then a disabled radio"
          text run at (0,315) width 174: "button and the letter \"b\" "
        RenderBR {BR} at (174,331) size 0x0
        RenderBR {BR} at (0,336) size 0x21
      RenderBlock {DIV} at (10,367) size 450x60 [border: (1px solid #FF0000)]
        RenderText {#text} at (1,5) size 8x21
          text run at (1,5) width 8: "a"
        RenderTextControl {INPUT} at (11,3) size 166x25
        RenderText {#text} at (179,5) size 29x21
          text run at (179,5) width 29: "text "
        RenderTextControl {INPUT} at (210,3) size 166x25
        RenderText {#text} at (378,5) size 21x21
          text run at (378,5) width 13: "b "
          text run at (391,5) width 8: "a"
        RenderTextControl {INPUT} at (3,32) size 166x25
        RenderText {#text} at (171,34) size 69x21
          text run at (171,34) width 69: "password "
        RenderTextControl {INPUT} at (242,32) size 166x25
        RenderText {#text} at (410,34) size 9x21
          text run at (410,34) width 9: "b"
      RenderBlock {DIV} at (10,437) size 450x23 [border: (1px solid #FF0000)]
        RenderText {#text} at (1,1) size 8x21
          text run at (1,1) width 8: "a"
        RenderBlock {INPUT} at (12,6) size 13x13
        RenderText {#text} at (28,1) size 68x21
          text run at (28,1) width 68: "checkbox "
        RenderBlock {INPUT} at (99,6) size 13x13
        RenderText {#text} at (115,1) size 9x21
          text run at (115,1) width 9: "b"
      RenderBlock {DIV} at (10,470) size 450x23 [border: (1px solid #FF0000)]
        RenderText {#text} at (1,1) size 8x21
          text run at (1,1) width 8: "a"
        RenderBlock {INPUT} at (12,7) size 12x12
        RenderText {#text} at (27,1) size 40x21
          text run at (27,1) width 40: "radio "
        RenderBlock {INPUT} at (70,7) size 12x12
        RenderText {#text} at (85,1) size 9x21
          text run at (85,1) width 9: "b"
layer at (31,380) size 162x21 scrollWidth 209
  RenderBlock {DIV} at (2,2) size 162x21
    RenderText {#text} at (1,0) size 207x21
      text run at (1,0) width 207: "foobarbazfoobarbazfoobarbaz"
layer at (230,380) size 162x21
  RenderBlock {DIV} at (2,2) size 162x21 [color=#545454]
    RenderText {#text} at (1,0) size 21x21
      text run at (1,0) width 21: "foo"
layer at (23,409) size 162x21
  RenderBlock {DIV} at (2,2) size 162x21
    RenderText {#text} at (1,0) size 18x21
      text run at (1,0) width 18: "\x{2022}\x{2022}\x{2022}"
layer at (262,409) size 162x21
  RenderBlock {DIV} at (2,2) size 162x21 [color=#545454]
    RenderText {#text} at (1,0) size 18x21
      text run at (1,0) width 18: "\x{2022}\x{2022}\x{2022}"
