layer at (0,0) size 800x600
  RenderView at (0,0) size 800x600
layer at (0,0) size 800x600
  RenderBlock {HTML} at (0,0) size 800x600
    RenderBody {BODY} at (8,8) size 784x584
      RenderButton {INPUT} at (2,2) size 60x30 [bgcolor=#C0C0C0]
        RenderBlock (anonymous) at (8,5) size 44x19
          RenderText at (0,0) size 44x19
            text run at (0,0) width 44: "Submit"
      RenderBR {BR} at (64,21) size 0x0
      RenderButton {INPUT} at (2,36) size 53x30 [bgcolor=#C0C0C0]
        RenderBlock (anonymous) at (8,5) size 37x19
          RenderText at (0,0) size 37x19
            text run at (0,0) width 37: "Reset"
      RenderBR {BR} at (57,55) size 0x0
