layer at (0,0) size 800x600
  RenderView at (0,0) size 800x600
layer at (0,0) size 800x600
  RenderBlock {HTML} at (0,0) size 800x600
    RenderBody {BODY} at (8,8) size 784x584
      RenderBlock {P} at (0,0) size 784x19
        RenderText {#text} at (0,0) size 395x19
          text run at (0,0) width 395: "Tests that box shadow is not applied to Aqua-themed controls."
      RenderBlock {P} at (0,33) size 784x19
        RenderText {#text} at (0,0) size 260x19
          text run at (0,0) width 260: "You should not see any red on this page."
      RenderBlock {DIV} at (0,66) size 784x29
        RenderTextControl {INPUT} at (2,2) size 168x25 [bgcolor=#FFFFFF] [border: (2px inset #000000)]
          RenderBlock {DIV} at (3,3) size 162x19
            RenderBlock {DIV} at (0,14) size 0x0
            RenderBlock {DIV} at (162,14) size 0x0
        RenderText {#text} at (0,0) size 0x0
      RenderBlock {DIV} at (0,95) size 784x29
        RenderTextControl {INPUT} at (2,2) size 168x25 [bgcolor=#FFFFFF] [border: (2px inset #000000)]
          RenderBlock {DIV} at (3,3) size 162x19
            RenderBlock {DIV} at (0,14) size 0x0
            RenderBlock {DIV} at (162,14) size 0x0
        RenderText {#text} at (0,0) size 0x0
      RenderBlock {DIV} at (0,124) size 784x29
        RenderTextControl {INPUT} at (2,2) size 168x25 [bgcolor=#FFFFFF] [border: (2px inset #000000)]
          RenderBlock {DIV} at (3,3) size 162x19
            RenderBlock {DIV} at (0,14) size 0x0
            RenderBlock {DIV} at (162,14) size 0x0
        RenderText {#text} at (0,0) size 0x0
      RenderBlock (anonymous) at (0,153) size 784x42
        RenderBlock {INPUT} at (3,16) size 13x13
        RenderText {#text} at (19,13) size 4x19
          text run at (19,13) width 4: " "
        RenderBlock {INPUT} at (26,16) size 13x13
        RenderText {#text} at (42,13) size 4x19
          text run at (42,13) width 4: " "
        RenderSlider {INPUT} at (48,8) size 129x19 [bgcolor=#FFFFFF]
        RenderText {#text} at (179,13) size 4x19
          text run at (179,13) width 4: " "
        RenderFileUploadControl {INPUT} at (185,8) size 272x30
          RenderButton {INPUT} at (0,0) size 92x30 [bgcolor=#C0C0C0]
            RenderBlock (anonymous) at (8,5) size 76x19
              RenderText at (0,0) size 76x19
                text run at (0,0) width 76: "Choose File"
        RenderText {#text} at (459,13) size 4x19
          text run at (459,13) width 4: " "
        RenderButton {INPUT} at (465,2) size 74x38 [bgcolor=#C0C0C0]
          RenderBlock (anonymous) at (8,5) size 58x27
            RenderText at (0,0) size 58x27
              text run at (0,0) width 58: "Button"
        RenderText {#text} at (541,13) size 4x19
          text run at (541,13) width 4: " "
        RenderButton {INPUT} at (547,8) size 57x30 [bgcolor=#C0C0C0]
          RenderBlock (anonymous) at (8,5) size 41x19
            RenderText at (0,0) size 41x19
              text run at (0,0) width 41: "Button"
        RenderText {#text} at (606,13) size 4x19
          text run at (606,13) width 4: " "
        RenderButton {INPUT} at (610,15) size 30x23 [bgcolor=#C0C0C0]
          RenderBlock (anonymous) at (8,7) size 14x8
            RenderText at (0,0) size 14x8
              text run at (0,0) width 14: "Button"
        RenderText {#text} at (640,13) size 4x19
          text run at (640,13) width 4: " "
        RenderButton {BUTTON} at (646,2) size 74x38 [bgcolor=#C0C0C0]
          RenderBlock (anonymous) at (8,5) size 58x27
            RenderText {#text} at (0,0) size 58x27
              text run at (0,0) width 58: "Button"
        RenderText {#text} at (0,0) size 0x0
        RenderText {#text} at (0,0) size 0x0
        RenderText {#text} at (0,0) size 0x0
layer at (13,79) size 162x19
  RenderBlock {DIV} at (0,0) size 162x19
    RenderText {#text} at (1,0) size 45x19
      text run at (1,0) width 45: "Search"
layer at (13,108) size 162x19
  RenderBlock {DIV} at (0,0) size 162x19
layer at (13,137) size 162x19
  RenderBlock {DIV} at (0,0) size 162x19
layer at (56,178) size 134x24
  RenderBlock (relative positioned) {DIV} at (0,0) size 129x19
