layer at (0,0) size 800x600
  RenderView at (0,0) size 800x600
layer at (0,0) size 800x600
  RenderBlock {HTML} at (0,0) size 800x600
    RenderBody {BODY} at (8,8) size 784x584
      RenderBlock {P} at (0,0) size 784x22
        RenderText {#text} at (0,0) size 641x22
          text run at (0,0) width 641: "The following button elements should all be rendered on the left, with their text center justified."
      RenderBlock (anonymous) at (0,38) size 784x140
        RenderButton {BUTTON} at (0,2) size 300x31 [bgcolor=#C0C0C0]
          RenderBlock (anonymous) at (6,5) size 288x21
            RenderText {#text} at (28,0) size 232x21
              text run at (28,0) width 232: "This is should be center justified."
        RenderText {#text} at (300,7) size 4x22
          text run at (300,7) width 4: " "
        RenderBR {BR} at (0,0) size 0x0
        RenderButton {BUTTON} at (0,37) size 300x31 [bgcolor=#C0C0C0]
          RenderBlock (anonymous) at (6,5) size 288x21
            RenderText {#text} at (28,0) size 232x21
              text run at (28,0) width 232: "This is should be center justified."
        RenderText {#text} at (300,42) size 4x22
          text run at (300,42) width 4: " "
        RenderBR {BR} at (0,0) size 0x0
        RenderButton {BUTTON} at (0,72) size 300x31 [bgcolor=#C0C0C0]
          RenderBlock (anonymous) at (6,5) size 288x21
            RenderText {#text} at (28,0) size 232x21
              text run at (28,0) width 232: "This is should be center justified."
        RenderText {#text} at (300,77) size 4x22
          text run at (300,77) width 4: " "
        RenderBR {BR} at (0,0) size 0x0
        RenderButton {BUTTON} at (0,107) size 300x31 [bgcolor=#C0C0C0]
          RenderBlock (anonymous) at (6,5) size 288x21
            RenderText {#text} at (28,0) size 232x21
              text run at (28,0) width 232: "This is should be center justified."
        RenderText {#text} at (0,0) size 0x0
        RenderText {#text} at (0,0) size 0x0
      RenderBlock {DIV} at (0,178) size 784x35
        RenderButton {BUTTON} at (0,2) size 300x31 [bgcolor=#C0C0C0]
          RenderBlock (anonymous) at (6,5) size 288x21
            RenderText {#text} at (28,0) size 232x21
              text run at (28,0) width 232: "This is should be center justified."
