layer at (0,0) size 800x600
  RenderView at (0,0) size 800x600
layer at (0,0) size 800x129
  RenderBlock {HTML} at (0,0) size 800x129
    RenderBody {BODY} at (8,8) size 784x113
      RenderBlock {DIV} at (0,0) size 784x22
        RenderInline {A} at (0,0) size 64x22 [color=#0000EE]
          RenderText {#text} at (0,0) size 64x22
            text run at (0,0) width 64: "Bug 6584"
        RenderText {#text} at (64,0) size 402x22
          text run at (64,0) width 402: " REGRESSION: button after unclosed button gives trouble"
      RenderBlock {P} at (0,38) size 784x37
        RenderButton {BUTTON} at (2,2) size 37x33 [bgcolor=#C0C0C0]
          RenderBlock (anonymous) at (6,6) size 25x21
            RenderText {#text} at (0,0) size 25x21
              text run at (0,0) width 25: "test"
        RenderButton {BUTTON} at (43,2) size 46x33 [bgcolor=#C0C0C0]
          RenderBlock (anonymous) at (6,6) size 34x21
            RenderText {#text} at (0,0) size 34x21
              text run at (0,0) width 34: "test2"
        RenderText {#text} at (0,0) size 0x0
      RenderBlock {DIV} at (0,91) size 784x22
        RenderText {#text} at (0,0) size 655x22
          text run at (0,0) width 655: "There should be two separate buttons instead of button \"test2\" being nested inside button \"test\"."
