layer at (0,0) size 800x600
  RenderView at (0,0) size 800x600
layer at (0,0) size 800x600
  RenderBlock {HTML} at (0,0) size 800x600
    RenderBody {BODY} at (8,8) size 784x584
      RenderBlock {P} at (0,0) size 784x21
        RenderInline {A} at (0,0) size 72x21 [color=#0000EE]
          RenderText {#text} at (0,0) size 72x21
            text run at (0,0) width 72: "Bug 50521"
        RenderText {#text} at (72,0) size 656x21
          text run at (72,0) width 656: " tests whether or not HTML line breaks such as <br> are honored. The tests here will only pass if"
      RenderBlock {DIV} at (0,37) size 784x21
        RenderText {#text} at (0,0) size 317x21
          text run at (0,0) width 317: "All of the buttons below should show two lines:"
      RenderBlock {DIV} at (0,58) size 784x56
        RenderButton {BUTTON} at (2,2) size 56x52 [color=#1B1918] [bgcolor=#C0C0C0]
          RenderBlock (anonymous) at (6,6) size 44x40
            RenderText {#text} at (6,0) size 32x20
              text run at (6,0) width 32: "Test"
            RenderBR {BR} at (37,16) size 1x0
            RenderText {#text} at (0,20) size 44x20
              text run at (0,20) width 44: "button"
      RenderBlock {DIV} at (0,114) size 784x56
        RenderButton {BUTTON} at (2,2) size 56x52 [color=#1B1918] [bgcolor=#C0C0C0]
          RenderBlock (anonymous) at (6,6) size 44x40
            RenderText {#text} at (6,0) size 32x20
              text run at (6,0) width 32: "Test"
            RenderBR {BR} at (37,16) size 1x0
            RenderText {#text} at (0,20) size 44x20
              text run at (0,20) width 44: "button"
      RenderBlock {DIV} at (0,170) size 784x58
        RenderButton {BUTTON} at (2,2) size 64x54 [color=#1B1918] [bgcolor=#C0C0C0]
          RenderBlock (anonymous) at (6,6) size 52x42
            RenderInline {B} at (0,0) size 52x41
              RenderText {#text} at (9,0) size 34x20
                text run at (9,0) width 34: "Test"
              RenderBR {BR} at (42,16) size 1x0
              RenderText {#text} at (0,21) size 52x20
                text run at (0,21) width 52: "Button"
      RenderBlock {DIV} at (0,228) size 784x58
        RenderButton {BUTTON} at (2,2) size 64x54 [color=#1B1918] [bgcolor=#C0C0C0]
          RenderBlock (anonymous) at (6,6) size 52x42
            RenderInline {B} at (0,0) size 52x41
              RenderText {#text} at (9,0) size 34x20
                text run at (9,0) width 34: "Test"
              RenderBR {BR} at (42,16) size 1x0
              RenderText {#text} at (0,21) size 52x20
                text run at (0,21) width 52: "Button"
