layer at (0,0) size 800x600
  RenderView at (0,0) size 800x600
layer at (0,0) size 800x600
  RenderBlock {HTML} at (0,0) size 800x600
    RenderBody {BODY} at (8,8) size 784x584
      RenderBlock (anonymous) at (0,0) size 784x0
        RenderInline {B} at (0,0) size 0x0
          RenderInline {FORM} at (0,0) size 0x0
      RenderTable {TABLE} at (0,0) size 244x28
        RenderTableSection {TBODY} at (0,0) size 244x28
          RenderTableRow {TR} at (0,2) size 244x24
            RenderTableCell {TD} at (2,2) size 236x24 [r=0 c=0 rs=1 cs=1]
              RenderText {#text} at (1,1) size 234x22
                text run at (1,1) width 234: "This test passes if it does not crash."
            RenderTableCell {TD} at (240,5) size 2x18 [r=0 c=1 rs=1 cs=1]
              RenderBlock {P} at (1,17) size 0x0
