layer at (0,0) size 800x600
  RenderView at (0,0) size 800x600
layer at (0,0) size 800x600
  RenderBlock {HTML} at (0,0) size 800x600
    RenderBody {BODY} at (8,8) size 784x584
      RenderBlock {FORM} at (0,0) size 784x18
        RenderBlock {INPUT} at (3,3) size 12x12
        RenderBlock {INPUT} at (21,3) size 12x12
      RenderBlock (anonymous) at (0,34) size 784x44
        RenderText {#text} at (0,0) size 764x44
          text run at (0,0) width 764: "There should be two elements in the first form and one in the second. The count in form one is 2, and the count in"
          text run at (0,22) width 92: "form two is 1."
