layer at (0,0) size 800x739
  RenderView at (0,0) size 800x600
layer at (0,0) size 800x739
  RenderBlock {HTML} at (0,0) size 800x739
    RenderBody {BODY} at (8,8) size 784x723
      RenderBlock {H1} at (0,0) size 784x38
        RenderText {#text} at (0,0) size 410x38
          text run at (0,0) width 410: "Form Element Geometry Tests"
      RenderBlock {P} at (0,56) size 784x19
        RenderText {#text} at (0,0) size 544x19
          text run at (0,0) width 544: "These tests help us tune the widget classes in KWQ to have all the right fudge factors."
      RenderBlock {H2} at (0,92) size 784x29
        RenderText {#text} at (0,0) size 169x29
          text run at (0,0) width 169: "Bounding Boxes"
      RenderTable {TABLE} at (0,138) size 222x49
        RenderTableSection {TBODY} at (0,0) size 222x49
          RenderTableRow {TR} at (0,2) size 222x45
            RenderTableCell {TD} at (2,2) size 82x45 [r=0 c=0 rs=1 cs=1]
              RenderBlock {DIV} at (1,1) size 80x43 [border: (2px solid #0000FF)]
                RenderInline {FONT} at (0,0) size 76x28
                  RenderButton {INPUT} at (2,2) size 76x39 [bgcolor=#C0C0C0]
                    RenderBlock (anonymous) at (8,5) size 60x28
                      RenderText at (0,0) size 60x28
                        text run at (0,0) width 60: "button"
            RenderTableCell {TD} at (86,4) size 92x40 [r=0 c=1 rs=1 cs=1]
              RenderBlock {DIV} at (1,1) size 90x38 [border: (2px solid #0000FF)]
                RenderInline {FONT} at (0,0) size 86x28
                  RenderMenuList {SELECT} at (2,2) size 86x34 [bgcolor=#FFFFFF]
                    RenderBlock (anonymous) at (8,3) size 54x28
                      RenderText at (0,0) size 54x28
                        text run at (0,0) width 54: "menu"
              RenderBlock (anonymous) at (1,39) size 90x0
                RenderInline {FONT} at (0,0) size 0x0
            RenderTableCell {TD} at (180,15) size 19x19 [r=0 c=2 rs=1 cs=1]
              RenderBlock {DIV} at (1,1) size 17x17 [border: (2px solid #0000FF)]
                RenderInline {FONT} at (0,0) size 13x13
                  RenderBlock {INPUT} at (2,2) size 13x13
              RenderBlock (anonymous) at (1,18) size 17x0
                RenderInline {FONT} at (0,0) size 0x0
            RenderTableCell {TD} at (201,15) size 19x19 [r=0 c=3 rs=1 cs=1]
              RenderBlock {DIV} at (1,1) size 17x17 [border: (2px solid #0000FF)]
                RenderInline {FONT} at (0,0) size 13x13
                  RenderBlock {INPUT} at (2,2) size 13x13
              RenderBlock (anonymous) at (1,18) size 17x0
                RenderInline {FONT} at (0,0) size 0x0
      RenderTable {TABLE} at (0,187) size 190x40
        RenderTableSection {TBODY} at (0,0) size 190x40
          RenderTableRow {TR} at (0,2) size 190x36
            RenderTableCell {TD} at (2,2) size 62x36 [r=0 c=0 rs=1 cs=1]
              RenderBlock {DIV} at (1,1) size 60x34 [border: (2px solid #0000FF)]
                RenderButton {INPUT} at (2,2) size 56x30 [bgcolor=#C0C0C0]
                  RenderBlock (anonymous) at (8,5) size 40x19
                    RenderText at (0,0) size 40x19
                      text run at (0,0) width 40: "button"
            RenderTableCell {TD} at (66,4) size 80x31 [r=0 c=1 rs=1 cs=1]
              RenderBlock {DIV} at (1,1) size 78x29 [border: (2px solid #0000FF)]
                RenderMenuList {SELECT} at (2,2) size 74x25 [bgcolor=#FFFFFF]
                  RenderBlock (anonymous) at (8,3) size 42x19
                    RenderText at (0,0) size 36x19
                      text run at (0,0) width 36: "menu"
            RenderTableCell {TD} at (148,10) size 19x19 [r=0 c=2 rs=1 cs=1]
              RenderBlock {DIV} at (1,1) size 17x17 [border: (2px solid #0000FF)]
                RenderBlock {INPUT} at (2,2) size 13x13
            RenderTableCell {TD} at (169,10) size 19x19 [r=0 c=3 rs=1 cs=1]
              RenderBlock {DIV} at (1,1) size 17x17 [border: (2px solid #0000FF)]
                RenderBlock {INPUT} at (2,2) size 13x13
      RenderTable {TABLE} at (0,227) size 176x34
        RenderTableSection {TBODY} at (0,0) size 176x34
          RenderTableRow {TR} at (0,2) size 176x30
            RenderTableCell {TD} at (2,2) size 48x30 [r=0 c=0 rs=1 cs=1]
              RenderBlock {DIV} at (1,1) size 46x28 [border: (2px solid #0000FF)]
                RenderInline {FONT} at (0,0) size 42x13
                  RenderButton {INPUT} at (2,2) size 42x24 [bgcolor=#C0C0C0]
                    RenderBlock (anonymous) at (8,5) size 26x13
                      RenderText at (0,0) size 26x13
                        text run at (0,0) width 26: "button"
            RenderTableCell {TD} at (52,4) size 80x26 [r=0 c=1 rs=1 cs=1]
              RenderBlock {DIV} at (1,1) size 78x24 [border: (2px solid #0000FF)]
                RenderInline {FONT} at (0,0) size 74x13
                  RenderMenuList {SELECT} at (2,2) size 74x20 [bgcolor=#FFFFFF]
                    RenderBlock (anonymous) at (8,4) size 42x13
                      RenderText at (0,0) size 23x13
                        text run at (0,0) width 23: "menu"
            RenderTableCell {TD} at (134,7) size 19x19 [r=0 c=2 rs=1 cs=1]
              RenderBlock {DIV} at (1,1) size 17x17 [border: (2px solid #0000FF)]
                RenderInline {FONT} at (0,0) size 13x11
                  RenderBlock {INPUT} at (2,2) size 13x13
            RenderTableCell {TD} at (155,7) size 19x19 [r=0 c=3 rs=1 cs=1]
              RenderBlock {DIV} at (1,1) size 17x17 [border: (2px solid #0000FF)]
                RenderInline {FONT} at (0,0) size 13x11
                  RenderBlock {INPUT} at (2,2) size 13x13
      RenderTable {TABLE} at (0,261) size 621x91
        RenderTableSection {TBODY} at (0,0) size 621x91
          RenderTableRow {TR} at (0,2) size 621x87
            RenderTableCell {TD} at (2,2) size 94x31 [r=0 c=0 rs=1 cs=1]
              RenderBlock {DIV} at (1,1) size 92x29 [border: (2px solid #0000FF)]
                RenderTextControl {INPUT} at (2,2) size 88x25 [bgcolor=#FFFFFF] [border: (2px inset #000000)]
            RenderTableCell {TD} at (98,2) size 45x87 [r=0 c=1 rs=1 cs=1]
              RenderBlock {DIV} at (1,1) size 43x85 [border: (2px solid #0000FF)]
                RenderListBox {SELECT} at (2,2) size 39x81 [bgcolor=#FFFFFF] [border: (1px inset #808080)]
            RenderTableCell {TD} at (145,2) size 278x36 [r=0 c=2 rs=1 cs=1]
              RenderBlock {DIV} at (1,1) size 276x34 [border: (2px solid #0000FF)]
                RenderFileUploadControl {INPUT} at (2,2) size 272x30
                  RenderButton {INPUT} at (0,0) size 92x30 [bgcolor=#C0C0C0]
                    RenderBlock (anonymous) at (8,5) size 76x19
                      RenderText at (0,0) size 76x19
                        text run at (0,0) width 76: "Choose File"
            RenderTableCell {TD} at (425,2) size 194x50 [r=0 c=3 rs=1 cs=1]
              RenderBlock {DIV} at (1,1) size 192x48 [border: (2px solid #0000FF)]
                RenderTextControl {TEXTAREA} at (4,4) size 184x40 [bgcolor=#FFFFFF] [border: (1px solid #000000)]
      RenderBlock {H2} at (0,369) size 784x29
        RenderText {#text} at (0,0) size 198x29
          text run at (0,0) width 198: "Baseline Alignment"
      RenderBlock {DIV} at (0,415) size 784x43
        RenderInline {FONT} at (0,0) size 275x28
          RenderText {#text} at (0,7) size 41x28
            text run at (0,7) width 41: "text "
          RenderButton {INPUT} at (43,2) size 76x39 [bgcolor=#C0C0C0]
            RenderBlock (anonymous) at (8,5) size 60x28
              RenderText at (0,0) size 60x28
                text run at (0,0) width 60: "button"
          RenderText {#text} at (121,7) size 6x28
            text run at (121,7) width 6: " "
          RenderMenuList {SELECT} at (129,4) size 86x34 [bgcolor=#FFFFFF]
            RenderBlock (anonymous) at (8,3) size 54x28
              RenderText at (0,0) size 54x28
                text run at (0,0) width 54: "menu"
          RenderText {#text} at (217,7) size 6x28
            text run at (217,7) width 6: " "
          RenderBlock {INPUT} at (228,17) size 13x13
          RenderText {#text} at (246,7) size 6x28
            text run at (246,7) width 6: " "
          RenderBlock {INPUT} at (257,17) size 13x13
          RenderText {#text} at (0,0) size 0x0
      RenderBlock {DIV} at (0,458) size 784x34
        RenderText {#text} at (0,7) size 27x19
          text run at (0,7) width 27: "text "
        RenderButton {INPUT} at (29,2) size 56x30 [bgcolor=#C0C0C0]
          RenderBlock (anonymous) at (8,5) size 40x19
            RenderText at (0,0) size 40x19
              text run at (0,0) width 40: "button"
        RenderText {#text} at (87,7) size 4x19
          text run at (87,7) width 4: " "
        RenderMenuList {SELECT} at (93,4) size 74x25 [bgcolor=#FFFFFF]
          RenderBlock (anonymous) at (8,3) size 42x19
            RenderText at (0,0) size 36x19
              text run at (0,0) width 36: "menu"
        RenderText {#text} at (169,7) size 4x19
          text run at (169,7) width 4: " "
        RenderBlock {INPUT} at (176,10) size 13x13
        RenderText {#text} at (192,7) size 4x19
          text run at (192,7) width 4: " "
        RenderBlock {INPUT} at (199,10) size 13x13
        RenderText {#text} at (0,0) size 0x0
      RenderBlock {DIV} at (0,492) size 784x24
        RenderInline {FONT} at (0,0) size 178x13
          RenderText {#text} at (0,5) size 19x13
            text run at (0,5) width 19: "text "
          RenderButton {INPUT} at (19,0) size 42x24 [bgcolor=#C0C0C0]
            RenderBlock (anonymous) at (8,5) size 26x13
              RenderText at (0,0) size 26x13
                text run at (0,0) width 26: "button"
          RenderText {#text} at (61,5) size 3x13
            text run at (61,5) width 3: " "
          RenderMenuList {SELECT} at (64,1) size 74x20 [bgcolor=#FFFFFF]
            RenderBlock (anonymous) at (8,4) size 42x13
              RenderText at (0,0) size 23x13
                text run at (0,0) width 23: "menu"
          RenderText {#text} at (138,5) size 3x13
            text run at (138,5) width 3: " "
          RenderBlock {INPUT} at (143,3) size 13x13
          RenderText {#text} at (158,5) size 3x13
            text run at (158,5) width 3: " "
          RenderBlock {INPUT} at (163,3) size 13x13
          RenderText {#text} at (0,0) size 0x0
      RenderBlock {DIV} at (0,516) size 784x57
        RenderText {#text} at (0,30) size 27x19
          text run at (0,30) width 27: "text "
        RenderTextControl {INPUT} at (29,27) size 88x25 [bgcolor=#FFFFFF] [border: (2px inset #000000)]
        RenderText {#text} at (119,30) size 4x19
          text run at (119,30) width 4: " "
        RenderFileUploadControl {INPUT} at (125,25) size 272x30
          RenderButton {INPUT} at (0,0) size 92x30 [bgcolor=#C0C0C0]
            RenderBlock (anonymous) at (8,5) size 76x19
              RenderText at (0,0) size 76x19
                text run at (0,0) width 76: "Choose File"
        RenderText {#text} at (399,30) size 4x19
          text run at (399,30) width 4: " "
        RenderTextControl {TEXTAREA} at (405,2) size 184x40 [bgcolor=#FFFFFF] [border: (1px solid #000000)]
        RenderText {#text} at (0,0) size 0x0
      RenderBlock {H2} at (0,590) size 784x29
        RenderText {#text} at (0,0) size 196x29
          text run at (0,0) width 196: "Pop-up Menu Sizes"
      RenderBlock {DIV} at (0,636) size 784x38
        RenderInline {FONT} at (0,0) size 292x28
          RenderText {#text} at (0,0) size 0x0
          RenderMenuList {SELECT} at (2,2) size 74x34 [bgcolor=#FFFFFF]
            RenderBlock (anonymous) at (8,3) size 42x28
              RenderBR at (0,0) size 0x28 [bgcolor=#FFFFFF]
          RenderText {#text} at (78,5) size 6x28
            text run at (78,5) width 6: " "
          RenderMenuList {SELECT} at (86,2) size 74x34 [bgcolor=#FFFFFF]
            RenderBlock (anonymous) at (8,3) size 42x28
              RenderText at (0,0) size 5x28
                text run at (0,0) width 5: "|"
          RenderText {#text} at (162,5) size 6x28
            text run at (162,5) width 6: " "
          RenderMenuList {SELECT} at (170,2) size 120x34 [bgcolor=#FFFFFF]
            RenderBlock (anonymous) at (8,3) size 88x28
              RenderText at (0,0) size 88x28
                text run at (0,0) width 88: "xxxxxxxx"
          RenderText {#text} at (0,0) size 0x0
      RenderBlock {DIV} at (0,674) size 784x29
        RenderMenuList {SELECT} at (2,2) size 74x25 [bgcolor=#FFFFFF]
          RenderBlock (anonymous) at (8,3) size 42x19
            RenderBR at (0,0) size 0x19 [bgcolor=#FFFFFF]
        RenderText {#text} at (78,5) size 4x19
          text run at (78,5) width 4: " "
        RenderMenuList {SELECT} at (84,2) size 74x25 [bgcolor=#FFFFFF]
          RenderBlock (anonymous) at (8,3) size 42x19
            RenderText at (0,0) size 4x19
              text run at (0,0) width 4: "|"
        RenderText {#text} at (160,5) size 4x19
          text run at (160,5) width 4: " "
        RenderMenuList {SELECT} at (166,2) size 88x25 [bgcolor=#FFFFFF]
          RenderBlock (anonymous) at (8,3) size 56x19
            RenderText at (0,0) size 56x19
              text run at (0,0) width 56: "xxxxxxxx"
        RenderText {#text} at (0,0) size 0x0
      RenderBlock {DIV} at (0,703) size 784x20
        RenderInline {FONT} at (0,0) size 228x13
          RenderText {#text} at (0,0) size 0x0
          RenderMenuList {SELECT} at (0,0) size 74x20 [bgcolor=#FFFFFF]
            RenderBlock (anonymous) at (8,4) size 42x13
              RenderBR at (0,0) size 0x13 [bgcolor=#FFFFFF]
          RenderText {#text} at (74,4) size 3x13
            text run at (74,4) width 3: " "
          RenderMenuList {SELECT} at (77,0) size 74x20 [bgcolor=#FFFFFF]
            RenderBlock (anonymous) at (8,4) size 42x13
              RenderText at (0,0) size 2x13
                text run at (0,0) width 2: "|"
          RenderText {#text} at (151,4) size 3x13
            text run at (151,4) width 3: " "
          RenderMenuList {SELECT} at (154,0) size 74x20 [bgcolor=#FFFFFF]
            RenderBlock (anonymous) at (8,4) size 42x13
              RenderText at (0,0) size 40x13
                text run at (0,0) width 40: "xxxxxxxx"
          RenderText {#text} at (0,0) size 0x0
layer at (16,277) size 82x19
  RenderBlock {DIV} at (3,3) size 82x19
    RenderText {#text} at (1,0) size 53x19
      text run at (1,0) width 53: "text field"
layer at (439,277) size 182x38
  RenderBlock {DIV} at (1,1) size 182x38
    RenderText {#text} at (3,0) size 52x19
      text run at (3,0) width 52: "textarea"
layer at (40,554) size 82x19
  RenderBlock {DIV} at (3,3) size 82x19
    RenderText {#text} at (1,0) size 53x19
      text run at (1,0) width 53: "text field"
layer at (414,527) size 182x38
  RenderBlock {DIV} at (1,1) size 182x38
    RenderText {#text} at (3,0) size 52x19
      text run at (3,0) width 52: "textarea"
