layer at (0,0) size 800x600
  RenderView at (0,0) size 800x600
layer at (0,0) size 800x600
  RenderBlock {HTML} at (0,0) size 800x600
    RenderBody {BODY} at (8,8) size 784x584
      RenderText {#text} at (0,0) size 517x19
        text run at (0,0) width 517: "This tests that the whole file input control is hidden when visibility is set to hidden. "
      RenderFileUploadControl {INPUT} at (2,21) size 272x30
        RenderButton {INPUT} at (0,0) size 92x30 [bgcolor=#C0C0C0]
          RenderBlock (anonymous) at (8,5) size 76x19
            RenderText at (0,0) size 76x19
              text run at (0,0) width 76: "Choose File"
      RenderText {#text} at (0,0) size 0x0
