layer at (0,0) size 800x600
  RenderView at (0,0) size 800x600
layer at (0,0) size 800x600
  RenderBlock {HTML} at (0,0) size 800x600
    RenderBody {BODY} at (8,8) size 784x584
      RenderText {#text} at (0,0) size 463x22
        text run at (0,0) width 463: "When the label contains only white space, the containing text is used."
      RenderBR {BR} at (463,16) size 0x0
      RenderMenuList {SELECT} at (2,24) size 416x27 [bgcolor=#FFFFFF]
        RenderBlock (anonymous) at (4,2) size 388x22
          RenderText at (0,0) size 388x22
            text run at (0,0) width 388: "white space label should display empty string to match IE"
      RenderText {#text} at (0,0) size 0x0
