layer at (0,0) size 800x600
  RenderView at (0,0) size 800x600
layer at (0,0) size 800x600
  RenderBlock {HTML} at (0,0) size 800x600
    RenderBody {BODY} at (8,8) size 784x576
      RenderBlock (anonymous) at (0,0) size 784x22
        RenderText {#text} at (0,0) size 505x22
          text run at (0,0) width 505: "This tests that the value becomes visible when the text field becomes visible."
      RenderBlock {P} at (0,38) size 784x30
        RenderTextControl {INPUT} at (2,2) size 166x26
        RenderText {#text} at (0,0) size 0x0
      RenderBlock {DIV} at (0,84) size 784x0
      RenderBlock {P} at (0,84) size 784x0
layer at (12,50) size 162x22
  RenderBlock {DIV} at (2,2) size 162x22
    RenderText {#text} at (1,0) size 79x22
      text run at (1,0) width 79: "Test Passed"
