layer at (0,0) size 800x600
  RenderView at (0,0) size 800x600
layer at (0,0) size 800x600
  RenderBlock {HTML} at (0,0) size 800x600
    RenderBody {BODY} at (8,8) size 784x584
      RenderText {#text} at (0,0) size 631x22
        text run at (0,0) width 631: "This test passes if it doesn't crash and if the Submit button does not honor the first-letter style."
      RenderBR {BR} at (631,16) size 0x0
      RenderButton {INPUT} at (2,24) size 65x31 [border: (2px outset #C0C0C0)]
        RenderBlock (anonymous) at (8,4) size 49x22
          RenderText at (0,0) size 49x22
            text run at (0,0) width 49: "Submit"
      RenderText {#text} at (0,0) size 0x0
