layer at (0,0) size 800x600
  RenderView at (0,0) size 800x600
layer at (0,0) size 800x600
  RenderBlock {HTML} at (0,0) size 800x600
    RenderBody {BODY} at (8,8) size 784x578
      RenderBlock (anonymous) at (0,0) size 784x19
        RenderText {#text} at (0,0) size 768x19
          text run at (0,0) width 768: "This tests the height attribute of form elements. The only element that should honour this value is the Image type of input."
      RenderBlock {FORM} at (0,19) size 784x335
        RenderText {#text} at (0,5) size 35x19
          text run at (0,5) width 35: "input "
        RenderTextControl {INPUT} at (37,2) size 168x25 [bgcolor=#FFFFFF] [border: (2px inset #000000)]
        RenderText {#text} at (207,5) size 4x19
          text run at (207,5) width 4: " "
        RenderBR {BR} at (211,19) size 0x0
        RenderText {#text} at (0,34) size 27x19
          text run at (0,34) width 27: "text "
        RenderTextControl {INPUT} at (29,31) size 168x25 [bgcolor=#FFFFFF] [border: (2px inset #000000)]
        RenderText {#text} at (199,34) size 4x19
          text run at (199,34) width 4: " "
        RenderBR {BR} at (203,48) size 0x0
        RenderText {#text} at (0,58) size 64x19
          text run at (0,58) width 64: "checkbox "
        RenderBlock {INPUT} at (67,61) size 13x13
        RenderText {#text} at (83,58) size 4x19
          text run at (83,58) width 4: " "
        RenderBR {BR} at (87,72) size 0x0
        RenderText {#text} at (0,84) size 22x19
          text run at (0,84) width 22: "file "
        RenderFileUploadControl {INPUT} at (24,79) size 272x30
          RenderButton {INPUT} at (0,0) size 92x30 [bgcolor=#C0C0C0]
            RenderBlock (anonymous) at (8,5) size 76x19
              RenderText at (0,0) size 76x19
                text run at (0,0) width 76: "Choose File"
        RenderText {#text} at (298,84) size 4x19
          text run at (298,84) width 4: " "
        RenderBR {BR} at (302,98) size 0x0
        RenderText {#text} at (0,111) size 43x19
          text run at (0,111) width 43: "image "
        RenderImage {INPUT} at (45,122) size 10x1 [bgcolor=#C0C0C0]
        RenderText {#text} at (57,111) size 4x19
          text run at (57,111) width 4: " "
        RenderBR {BR} at (61,125) size 0x0
        RenderText {#text} at (0,130) size 36x19
          text run at (0,130) width 36: "radio "
        RenderBlock {INPUT} at (38,133) size 13x13 [bgcolor=#C0C0C0]
        RenderText {#text} at (53,130) size 4x19
          text run at (53,130) width 4: " "
        RenderBR {BR} at (57,144) size 0x0
        RenderText {#text} at (0,156) size 41x19
          text run at (0,156) width 41: "range "
        RenderSlider {INPUT} at (43,151) size 129x19 [bgcolor=#C0C0C0]
        RenderText {#text} at (174,156) size 4x19
          text run at (174,156) width 4: " "
        RenderBR {BR} at (178,170) size 0x0
        RenderText {#text} at (0,182) size 36x19
          text run at (0,182) width 36: "reset "
        RenderButton {INPUT} at (38,177) size 53x30 [bgcolor=#C0C0C0]
          RenderBlock (anonymous) at (8,5) size 37x19
            RenderText at (0,0) size 37x19
              text run at (0,0) width 37: "Reset"
        RenderText {#text} at (93,182) size 4x19
          text run at (93,182) width 4: " "
        RenderBR {BR} at (97,196) size 0x0
        RenderText {#text} at (0,216) size 46x19
          text run at (0,216) width 46: "submit "
        RenderButton {INPUT} at (48,211) size 60x30 [bgcolor=#C0C0C0]
          RenderBlock (anonymous) at (8,5) size 44x19
            RenderText at (0,0) size 44x19
              text run at (0,0) width 44: "Submit"
        RenderText {#text} at (110,216) size 4x19
          text run at (110,216) width 4: " "
        RenderBR {BR} at (114,230) size 0x0
        RenderText {#text} at (0,248) size 48x19
          text run at (0,248) width 48: "isindex "
        RenderTextControl {INPUT} at (50,245) size 168x25 [bgcolor=#FFFFFF] [border: (2px inset #000000)]
        RenderText {#text} at (220,248) size 4x19
          text run at (220,248) width 4: " "
        RenderBR {BR} at (224,262) size 0x0
        RenderText {#text} at (0,277) size 65x19
          text run at (0,277) width 65: "password "
        RenderTextControl {INPUT} at (67,274) size 168x25 [bgcolor=#FFFFFF] [border: (2px inset #000000)]
        RenderText {#text} at (237,277) size 4x19
          text run at (237,277) width 4: " "
        RenderBR {BR} at (241,291) size 0x0
        RenderText {#text} at (0,303) size 47x19
          text run at (0,303) width 47: "search "
        RenderTextControl {INPUT} at (49,303) size 178x30 [bgcolor=#C0C0C0]
          RenderBlock {DIV} at (8,0) size 162x30
            RenderBlock {DIV} at (0,14) size 0x0
            RenderBlock {DIV} at (162,14) size 0x0
        RenderText {#text} at (0,0) size 0x0
layer at (48,32) size 162x19
  RenderBlock {DIV} at (3,3) size 162x19
layer at (40,61) size 162x19
  RenderBlock {DIV} at (3,3) size 162x19
layer at (61,275) size 162x19
  RenderBlock {DIV} at (3,3) size 162x19
layer at (78,304) size 162x19
  RenderBlock {DIV} at (3,3) size 162x19
layer at (65,330) size 162x30
  RenderBlock {DIV} at (0,0) size 162x30
layer at (51,187) size 129x19
  RenderBlock (relative positioned) {DIV} at (0,0) size 129x19
