layer at (0,0) size 800x600
  RenderView at (0,0) size 800x600
layer at (0,0) size 800x600
  RenderBlock {HTML} at (0,0) size 800x600
    RenderBody {BODY} at (8,8) size 784x584
      RenderBlock {P} at (0,0) size 784x22
        RenderText {#text} at (0,0) size 598x22
          text run at (0,0) width 598: "The following 5 inputs should be all be rendered exactly the same, aligned to the left side."
      RenderBlock (anonymous) at (0,38) size 784x120
        RenderTextControl {INPUT} at (2,2) size 166x26
        RenderText {#text} at (170,4) size 4x22
          text run at (170,4) width 4: " "
        RenderBR {BR} at (0,0) size 0x0
        RenderTextControl {INPUT} at (2,32) size 166x26
        RenderText {#text} at (170,34) size 4x22
          text run at (170,34) width 4: " "
        RenderBR {BR} at (0,0) size 0x0
        RenderTextControl {INPUT} at (2,62) size 166x26
        RenderText {#text} at (170,64) size 4x22
          text run at (170,64) width 4: " "
        RenderBR {BR} at (0,0) size 0x0
        RenderTextControl {INPUT} at (2,92) size 166x26
        RenderText {#text} at (170,94) size 4x22
          text run at (170,94) width 4: " "
        RenderBR {BR} at (0,0) size 0x0
      RenderBlock {DIV} at (0,158) size 784x30
        RenderTextControl {INPUT} at (2,2) size 166x26
layer at (12,50) size 162x22
  RenderBlock {DIV} at (2,2) size 162x22
    RenderText {#text} at (1,0) size 130x22
      text run at (1,0) width 130: "The quick brown..."
layer at (12,80) size 162x22
  RenderBlock {DIV} at (2,2) size 162x22
    RenderText {#text} at (1,0) size 130x22
      text run at (1,0) width 130: "The quick brown..."
layer at (12,110) size 162x22
  RenderBlock {DIV} at (2,2) size 162x22
    RenderText {#text} at (1,0) size 130x22
      text run at (1,0) width 130: "The quick brown..."
layer at (12,140) size 162x22
  RenderBlock {DIV} at (2,2) size 162x22
    RenderText {#text} at (1,0) size 130x22
      text run at (1,0) width 130: "The quick brown..."
layer at (12,170) size 162x22
  RenderBlock {DIV} at (2,2) size 162x22
    RenderText {#text} at (1,0) size 130x22
      text run at (1,0) width 130: "The quick brown..."
