layer at (0,0) size 800x600
  RenderView at (0,0) size 800x600
layer at (0,0) size 800x600
  RenderBlock {HTML} at (0,0) size 800x600
    RenderBody {BODY} at (8,8) size 784x584
      RenderButton {INPUT} at (0,9) size 37x23 [bgcolor=#C0C0C0]
        RenderBlock (anonymous) at (6,8) size 25x7
          RenderText at (0,0) size 25x7
            text run at (0,0) width 25: "Test Button"
      RenderText {#text} at (37,6) size 4x22
        text run at (37,6) width 4: " "
      RenderButton {INPUT} at (41,8) size 43x23 [bgcolor=#C0C0C0]
        RenderBlock (anonymous) at (6,8) size 31x8
          RenderText at (0,0) size 31x8
            text run at (0,0) width 31: "Test Button"
      RenderText {#text} at (84,6) size 4x22
        text run at (84,6) width 4: " "
      RenderButton {INPUT} at (88,8) size 49x23 [bgcolor=#C0C0C0]
        RenderBlock (anonymous) at (6,7) size 37x9
          RenderText at (0,0) size 37x9
            text run at (0,0) width 37: "Test Button"
      RenderText {#text} at (137,6) size 4x22
        text run at (137,6) width 4: " "
      RenderButton {INPUT} at (141,8) size 50x23 [bgcolor=#C0C0C0]
        RenderBlock (anonymous) at (6,6) size 38x11
          RenderText at (0,0) size 38x11
            text run at (0,0) width 38: "Test Button"
      RenderText {#text} at (191,6) size 4x22
        text run at (191,6) width 4: " "
      RenderButton {INPUT} at (195,7) size 61x23 [bgcolor=#C0C0C0]
        RenderBlock (anonymous) at (6,6) size 49x12
          RenderText at (0,0) size 49x12
            text run at (0,0) width 49: "Test Button"
      RenderText {#text} at (256,6) size 4x22
        text run at (256,6) width 4: " "
      RenderButton {INPUT} at (260,7) size 66x23 [bgcolor=#C0C0C0]
        RenderBlock (anonymous) at (6,5) size 54x13
          RenderText at (0,0) size 54x13
            text run at (0,0) width 54: "Test Button"
      RenderText {#text} at (326,6) size 4x22
        text run at (326,6) width 4: " "
      RenderButton {INPUT} at (332,6) size 68x25 [bgcolor=#C0C0C0]
        RenderBlock (anonymous) at (6,5) size 56x15
          RenderText at (0,0) size 56x15
            text run at (0,0) width 56: "Test Button"
      RenderText {#text} at (402,6) size 4x22
        text run at (402,6) width 4: " "
      RenderButton {INPUT} at (408,5) size 73x26 [bgcolor=#C0C0C0]
        RenderBlock (anonymous) at (6,5) size 61x16
          RenderText at (0,0) size 61x16
            text run at (0,0) width 61: "Test Button"
      RenderText {#text} at (483,6) size 4x22
        text run at (483,6) width 4: " "
      RenderButton {INPUT} at (489,4) size 80x27 [bgcolor=#C0C0C0]
        RenderBlock (anonymous) at (6,5) size 68x17
          RenderText at (0,0) size 68x17
            text run at (0,0) width 68: "Test Button"
      RenderText {#text} at (571,6) size 4x22
        text run at (571,6) width 4: " "
      RenderButton {INPUT} at (577,3) size 85x28 [bgcolor=#C0C0C0]
        RenderBlock (anonymous) at (6,5) size 73x18
          RenderText at (0,0) size 73x18
            text run at (0,0) width 73: "Test Button"
      RenderText {#text} at (664,6) size 4x22
        text run at (664,6) width 4: " "
      RenderButton {INPUT} at (670,2) size 87x30 [bgcolor=#C0C0C0]
        RenderBlock (anonymous) at (6,5) size 75x20
          RenderText at (0,0) size 75x20
            text run at (0,0) width 75: "Test Button"
      RenderText {#text} at (759,6) size 4x22
        text run at (759,6) width 4: " "
      RenderButton {INPUT} at (2,41) size 93x31 [bgcolor=#C0C0C0]
        RenderBlock (anonymous) at (6,5) size 81x21
          RenderText at (0,0) size 81x21
            text run at (0,0) width 81: "Test Button"
      RenderText {#text} at (97,46) size 4x22
        text run at (97,46) width 4: " "
      RenderButton {INPUT} at (103,40) size 98x32 [bgcolor=#C0C0C0]
        RenderBlock (anonymous) at (6,5) size 86x22
          RenderText at (0,0) size 86x22
            text run at (0,0) width 86: "Test Button"
      RenderText {#text} at (203,46) size 4x22
        text run at (203,46) width 4: " "
      RenderButton {INPUT} at (209,39) size 104x34 [bgcolor=#C0C0C0]
        RenderBlock (anonymous) at (6,5) size 92x24
          RenderText at (0,0) size 92x24
            text run at (0,0) width 92: "Test Button"
      RenderText {#text} at (315,46) size 4x22
        text run at (315,46) width 4: " "
      RenderButton {INPUT} at (321,38) size 111x35 [bgcolor=#C0C0C0]
        RenderBlock (anonymous) at (6,5) size 99x25
          RenderText at (0,0) size 99x25
            text run at (0,0) width 99: "Test Button"
      RenderText {#text} at (434,46) size 4x22
        text run at (434,46) width 4: " "
      RenderButton {INPUT} at (440,37) size 115x36 [bgcolor=#C0C0C0]
        RenderBlock (anonymous) at (6,5) size 103x26
          RenderText at (0,0) size 103x26
            text run at (0,0) width 103: "Test Button"
      RenderText {#text} at (557,46) size 4x22
        text run at (557,46) width 4: " "
      RenderButton {INPUT} at (563,36) size 122x37 [bgcolor=#C0C0C0]
        RenderBlock (anonymous) at (6,5) size 110x27
          RenderText at (0,0) size 110x27
            text run at (0,0) width 110: "Test Button"
      RenderText {#text} at (0,0) size 0x0
