layer at (0,0) size 800x600
  RenderView at (0,0) size 800x600
layer at (0,0) size 800x600
  RenderBlock {HTML} at (0,0) size 800x600
    RenderBody {BODY} at (8,8) size 784x576
      RenderBlock (anonymous) at (0,0) size 784x44
        RenderText {#text} at (0,0) size 745x44
          text run at (0,0) width 745: "Test the changing of an input type=IMAGE to type=TEXT. This test is to make sure that the height and width"
          text run at (0,22) width 331: "attributes are ignored for the new type of TEXT."
      RenderBlock {FORM} at (0,44) size 784x52
        RenderBR {BR} at (0,0) size 0x22
        RenderText {#text} at (0,26) size 96x22
          text run at (0,26) width 96: "input element "
        RenderTextControl {INPUT} at (98,24) size 166x26
        RenderText {#text} at (0,0) size 0x0
layer at (108,78) size 162x22
  RenderBlock {DIV} at (2,2) size 162x22
