layer at (0,0) size 800x600
  RenderView at (0,0) size 800x600
layer at (0,0) size 800x600
  RenderBlock {HTML} at (0,0) size 800x600
    RenderBody {BODY} at (8,8) size 784x584
      RenderText {#text} at (0,0) size 771x44
        text run at (0,0) width 771: "This tests that leading and trailing spaces in a text field don't get lost. There should be 3 spaces before and 3 spaces"
        text run at (0,22) width 169: "after the text in the field. "
      RenderBR {BR} at (169,38) size 0x0
      RenderTextControl {INPUT} at (2,46) size 166x26
      RenderText {#text} at (0,0) size 0x0
layer at (12,56) size 162x22
  RenderBlock {DIV} at (2,2) size 162x22
    RenderText {#text} at (1,0) size 73x22
      text run at (1,0) width 73: "   foo bar   "
