layer at (0,0) size 800x600
  RenderView at (0,0) size 800x600
layer at (0,0) size 800x600
  RenderBlock {HTML} at (0,0) size 800x600
    RenderBody {BODY} at (8,8) size 784x584
      RenderBlock {P} at (0,0) size 784x22
        RenderText {#text} at (0,0) size 614x22
          text run at (0,0) width 614: "The following 4 images should be all be rendered exactly the same, aligned to the right side."
      RenderImage {INPUT} at (767,38) size 17x19
      RenderBlock (anonymous) at (0,38) size 784x132
        RenderBR {BR} at (0,0) size 0x22
        RenderBR {BR} at (0,22) size 0x22
        RenderImage {INPUT} at (767,44) size 17x19
        RenderBR {BR} at (0,44) size 0x22
        RenderBR {BR} at (0,66) size 0x22
        RenderImage {INPUT} at (767,88) size 17x19
        RenderText {#text} at (0,0) size 0x0
        RenderBR {BR} at (0,88) size 0x22
        RenderBR {BR} at (0,110) size 0x22
      RenderBlock {DIV} at (0,170) size 784x0
        RenderImage {INPUT} at (767,0) size 17x19
