layer at (0,0) size 800x600
  RenderView at (0,0) size 800x600
layer at (0,0) size 800x600
  RenderBlock {HTML} at (0,0) size 800x600
    RenderBody {BODY} at (8,8) size 784x584
      RenderMenuList {SELECT} at (0,0) size 241x20 [bgcolor=#FFFFFF]
        RenderBlock (anonymous) at (4,3) size 213x14
          RenderText at (0,0) size 213x14
            text run at (0,0) width 213: "No overflow should be allowed on popup menus!"
      RenderText {#text} at (0,0) size 0x0
