layer at (0,0) size 800x600
  RenderView at (0,0) size 800x600
layer at (0,0) size 800x600
  RenderBlock {HTML} at (0,0) size 800x600
    RenderBody {BODY} at (8,8) size 784x584
      RenderBlock {P} at (0,0) size 784x19
        RenderText {#text} at (0,0) size 409x19
          text run at (0,0) width 409: "All of these selects should have the same amount of whitespace."
      RenderBlock (anonymous) at (0,33) size 784x352
        RenderText {#text} at (0,64) size 71x19
          text run at (0,64) width 71: "Five Tabs: "
        RenderListBox {SELECT} at (73,2) size 709x81 [bgcolor=#FFFFFF] [border: (1px inset #808080)]
        RenderBR {BR} at (784,78) size 0x0
        RenderBR {BR} at (0,85) size 0x19
        RenderText {#text} at (0,104) size 86x19
          text run at (0,104) width 86: "Five Spaces: "
        RenderListBox {SELECT} at (2,125) size 709x81 [bgcolor=#FFFFFF] [border: (1px inset #808080)]
        RenderBR {BR} at (713,201) size 0x0
        RenderBR {BR} at (0,208) size 0x19
        RenderText {#text} at (0,232) size 296x19
          text run at (0,232) width 296: "Five Spaces (with leading/trailing whitespace): "
        RenderMenuList {SELECT} at (298,229) size 94x25 [bgcolor=#FFFFFF]
          RenderBlock (anonymous) at (8,3) size 78x19
            RenderText at (0,0) size 78x19
              text run at (0,0) width 78: "Five Spaces"
        RenderBR {BR} at (394,246) size 0x0
        RenderBR {BR} at (0,256) size 0x19
        RenderText {#text} at (0,280) size 281x19
          text run at (0,280) width 281: "Five Tabs (with leading/trailing whitespace): "
        RenderMenuList {SELECT} at (283,277) size 79x25 [bgcolor=#FFFFFF]
          RenderBlock (anonymous) at (8,3) size 63x19
            RenderText at (0,0) size 63x19
              text run at (0,0) width 63: "Five Tabs"
        RenderBR {BR} at (364,294) size 0x0
        RenderBR {BR} at (0,304) size 0x19
        RenderText {#text} at (0,328) size 124x19
          text run at (0,328) width 124: "Mixed Whitespace: "
        RenderMenuList {SELECT} at (126,325) size 79x25 [bgcolor=#FFFFFF]
          RenderBlock (anonymous) at (8,3) size 63x19
            RenderText at (0,0) size 63x19
              text run at (0,0) width 63: "Five Tabs"
        RenderText {#text} at (0,0) size 0x0
        RenderText {#text} at (0,0) size 0x0
        RenderText {#text} at (0,0) size 0x0
