layer at (0,0) size 800x600
  RenderView at (0,0) size 800x600
layer at (0,0) size 800x600
  RenderBlock {HTML} at (0,0) size 800x600
    RenderBody {BODY} at (8,8) size 784x584
      RenderBlock (anonymous) at (0,0) size 784x0
        RenderInline {FONT} at (0,0) size 0x0
          RenderText {#text} at (0,0) size 0x0
      RenderBlock (anonymous) at (0,0) size 784x0
      RenderBlock (anonymous) at (0,0) size 784x0
        RenderInline {FONT} at (0,0) size 0x0
      RenderBlock {CENTER} at (0,0) size 784x23
        RenderBlock (anonymous) at (0,0) size 784x0
          RenderInline {FONT} at (0,0) size 0x0
            RenderText {#text} at (0,0) size 0x0
        RenderBlock (anonymous) at (0,0) size 784x23
          RenderTable {TABLE} at (380,0) size 23x23
            RenderTableSection {TBODY} at (0,0) size 23x23
              RenderTableRow {TR} at (0,2) size 23x19
                RenderBlock {FORM} at (0,0) size 0x0
                RenderTableCell {TD} at (2,2) size 19x19 [r=0 c=0 rs=1 cs=1]
                  RenderImage {INPUT} at (3,3) size 13x13 [bgcolor=#C0C0C0]
                  RenderText {#text} at (0,0) size 0x0
                  RenderText {#text} at (0,0) size 0x0
        RenderBlock (anonymous) at (0,23) size 784x0
          RenderInline {FONT} at (0,0) size 0x0
          RenderText {#text} at (0,0) size 0x0
      RenderBlock {DIV} at (0,23) size 784x38
        RenderText {#text} at (0,0) size 777x38
          text run at (0,0) width 777: "Success! This test succeeds if the input named mover is not detached from its form when it is moved around in the DOM to"
          text run at (0,19) width 143: "come before the table."
