layer at (0,0) size 800x600
  RenderView at (0,0) size 800x600
layer at (0,0) size 800x600
  RenderBlock {HTML} at (0,0) size 800x600
    RenderBody {BODY} at (8,8) size 784x578
      RenderBlock {P} at (0,0) size 784x38
        RenderText {#text} at (0,0) size 683x38
          text run at (0,0) width 601: "This tests our ability to correctly select radio buttons when we have nested label tags. This test "
          text run at (601,0) width 82: "only works in"
          text run at (0,19) width 529: "DumpRenderTree. It can be tested manually outside of DRT just by clicking around."
      RenderBlock {FORM} at (0,52) size 784x38
        RenderBlock (anonymous) at (0,0) size 784x19
          RenderBlock {INPUT} at (3,3) size 13x13
          RenderInline {LABEL} at (0,0) size 173x19
            RenderText {#text} at (19,0) size 28x19
              text run at (19,0) width 28: "one "
            RenderBlock {INPUT} at (50,3) size 13x13
            RenderInline {LABEL} at (0,0) size 126x19
              RenderText {#text} at (66,0) size 26x19
                text run at (66,0) width 26: "two "
              RenderBlock {INPUT} at (95,3) size 13x13
              RenderInline {LABEL} at (0,0) size 81x19
                RenderText {#text} at (111,0) size 37x19
                  text run at (111,0) width 37: "three "
                RenderBlock {INPUT} at (151,3) size 13x13
                RenderInline {LABEL} at (0,0) size 25x19
                  RenderText {#text} at (167,0) size 25x19
                    text run at (167,0) width 25: "four"
                  RenderText {#text} at (0,0) size 0x0
        RenderBlock (anonymous) at (0,19) size 784x19
          RenderBlock {DIV} at (0,0) size 784x19
            RenderText {#text} at (0,0) size 107x19
              text run at (0,0) width 107: "Test Succeeded!"
        RenderBlock (anonymous) at (0,38) size 784x0
          RenderInline {LABEL} at (0,0) size 0x0
            RenderInline {LABEL} at (0,0) size 0x0
              RenderInline {LABEL} at (0,0) size 0x0
                RenderInline {LABEL} at (0,0) size 0x0
