layer at (0,0) size 800x600
  RenderView at (0,0) size 800x600
layer at (0,0) size 800x600
  RenderBlock {HTML} at (0,0) size 800x600
    RenderBody {BODY} at (8,8) size 784x576
      RenderBlock {P} at (0,0) size 784x42
        RenderText {#text} at (0,0) size 777x42
          text run at (0,0) width 449: "Test that search field text is vertically centered if the search field is "
          text run at (449,0) width 328: "taller than the text. In each of the following pairs"
          text run at (0,21) width 140: "of a search field and "
          text run at (140,21) width 379: "a text field, the vertical position of the text should be the "
          text run at (519,21) width 129: "same in both fields."
      RenderBlock {P} at (0,58) size 784x45
        RenderTextControl {INPUT} at (2,0) size 168x45 [bgcolor=#FFFFFF] [border: (2px inset #000000)]
          RenderBlock {DIV} at (3,12) size 162x21
            RenderBlock {DIV} at (0,16) size 0x0
            RenderBlock {DIV} at (151,5) size 11x11
        RenderText {#text} at (172,12) size 4x21
          text run at (172,12) width 4: " "
        RenderTextControl {INPUT} at (178,0) size 168x45 [bgcolor=#FFFFFF] [border: (2px inset #000000)]
        RenderText {#text} at (0,0) size 0x0
      RenderBlock {P} at (0,119) size 784x21
        RenderTextControl {INPUT} at (2,0) size 168x16 [bgcolor=#FFFFFF] [border: (2px inset #000000)]
          RenderBlock {DIV} at (3,3) size 162x10
            RenderBlock {DIV} at (0,16) size 0x0
            RenderBlock {DIV} at (151,5) size 11x11
        RenderText {#text} at (172,0) size 4x21
          text run at (172,0) width 4: " "
        RenderTextControl {INPUT} at (178,0) size 168x16 [bgcolor=#FFFFFF] [border: (2px inset #000000)]
        RenderText {#text} at (0,0) size 0x0
      RenderBlock {P} at (0,156) size 784x21
        RenderTextControl {INPUT} at (2,4) size 168x12 [bgcolor=#FFFFFF] [border: (2px inset #000000)]
          RenderBlock {DIV} at (3,3) size 162x6
            RenderBlock {DIV} at (0,16) size 0x0
            RenderBlock {DIV} at (151,5) size 11x11
        RenderText {#text} at (172,0) size 4x21
          text run at (172,0) width 4: " "
        RenderTextControl {INPUT} at (178,4) size 168x12 [bgcolor=#FFFFFF] [border: (2px inset #000000)]
        RenderText {#text} at (0,0) size 0x0
layer at (13,78) size 151x21
  RenderBlock {DIV} at (0,0) size 151x21
    RenderText {#text} at (1,0) size 31x21
      text run at (1,0) width 31: "Text"
layer at (189,78) size 162x21
  RenderBlock {DIV} at (3,12) size 162x21
    RenderText {#text} at (1,0) size 31x21
      text run at (1,0) width 31: "Text"
layer at (13,130) size 151x21
  RenderBlock {DIV} at (0,0) size 151x21
    RenderText {#text} at (1,0) size 31x21
      text run at (1,0) width 31: "Text"
layer at (189,130) size 162x10 scrollHeight 21
  RenderBlock {DIV} at (3,3) size 162x10
    RenderText {#text} at (1,0) size 31x21
      text run at (1,0) width 31: "Text"
layer at (13,171) size 151x21
  RenderBlock {DIV} at (0,0) size 151x21
    RenderText {#text} at (1,0) size 31x21
      text run at (1,0) width 31: "Text"
layer at (189,171) size 162x6 scrollHeight 21
  RenderBlock {DIV} at (3,3) size 162x6
    RenderText {#text} at (1,0) size 31x21
      text run at (1,0) width 31: "Text"
