layer at (0,0) size 800x600
  RenderView at (0,0) size 800x600
layer at (0,0) size 800x600
  RenderBlock {HTML} at (0,0) size 800x600
    RenderBody {BODY} at (8,8) size 784x576
      RenderBlock {P} at (0,0) size 784x21
        RenderText {#text} at (0,0) size 57x21
          text run at (0,0) width 57: "Test for "
        RenderInline {I} at (0,0) size 720x21
          RenderInline {A} at (0,0) size 304x21 [color=#0000EE]
            RenderText {#text} at (57,0) size 304x21
              text run at (57,0) width 304: "http://bugs.webkit.org/show_bug.cgi?id=11916"
          RenderText {#text} at (361,0) size 416x21
            text run at (361,0) width 4: " "
            text run at (365,0) width 412: "REGRESSION (SearchField): RTL search fields are mixed up"
        RenderText {#text} at (777,0) size 4x21
          text run at (777,0) width 4: "."
      RenderBlock {P} at (0,37) size 784x87
        RenderTextControl {INPUT} at (2,2) size 166x25
          RenderBlock {DIV} at (2,2) size 162x21
            RenderBlock {DIV} at (0,16) size 0x0
            RenderBlock {DIV} at (151,5) size 11x11
        RenderText {#text} at (170,4) size 4x21
          text run at (170,4) width 4: " "
        RenderBR {BR} at (0,0) size 0x0
        RenderTextControl {INPUT} at (2,31) size 246x25
          RenderBlock {DIV} at (2,2) size 242x21
            RenderBlock {DIV} at (0,16) size 0x0
            RenderBlock {DIV} at (231,5) size 11x11
        RenderText {#text} at (250,33) size 4x21
          text run at (250,33) width 4: " "
        RenderBR {BR} at (0,0) size 0x0
        RenderTextControl {INPUT} at (2,60) size 166x25
          RenderBlock {DIV} at (2,2) size 162x21
            RenderBlock {DIV} at (0,16) size 0x0
            RenderBlock {DIV} at (151,5) size 11x11
        RenderText {#text} at (0,0) size 0x0
      RenderBlock {P} at (0,140) size 784x21
        RenderText {#text} at (0,0) size 40x21
          text run at (0,0) width 40: "PASS"
layer at (12,49) size 151x21
  RenderBlock {DIV} at (0,0) size 151x21
    RenderText {#text} at (28,0) size 122x21
      text run at (28,0) width 20 RTL: " \x{5D5}\x{5D6}\x{5D4}\x{5D5}"
      text run at (48,0) width 22: "she"
      text run at (70,0) width 36 RTL: " \x{5D5}\x{5D4}\x{5D9}\x{5D0} \x{5D6}\x{5D4} "
      text run at (106,0) width 16: "he"
      text run at (122,0) width 28 RTL: "\x{5D4}\x{5D5}\x{5D0} \x{5D6}\x{5D4} "
layer at (12,78) size 231x21
  RenderBlock {DIV} at (0,0) size 231x21
    RenderText {#text} at (108,0) size 122x21
      text run at (108,0) width 20 RTL: " \x{5D5}\x{5D6}\x{5D4}\x{5D5}"
      text run at (128,0) width 22: "she"
      text run at (150,0) width 36 RTL: " \x{5D5}\x{5D4}\x{5D9}\x{5D0} \x{5D6}\x{5D4} "
      text run at (186,0) width 16: "he"
      text run at (202,0) width 28 RTL: "\x{5D4}\x{5D5}\x{5D0} \x{5D6}\x{5D4} "
layer at (12,107) size 151x21
  RenderBlock {DIV} at (0,0) size 151x21
caret: position 0 of child 1 {DIV} of child 0 {DIV} of child 9 {INPUT} of child 3 {P} of body
