layer at (0,0) size 800x600
  RenderView at (0,0) size 800x600
layer at (0,0) size 800x600
  RenderBlock {HTML} at (0,0) size 800x600
    RenderBody {BODY} at (8,8) size 784x584
      RenderText {#text} at (0,0) size 534x21
        text run at (0,0) width 534: "This tests that the display:none style will work on a search field's cancel button."
      RenderBR {BR} at (534,16) size 0x0
      RenderTextControl {INPUT} at (2,23) size 166x25
        RenderBlock {DIV} at (2,2) size 162x21
          RenderBlock {DIV} at (0,16) size 0x0
      RenderText {#text} at (0,0) size 0x0
layer at (12,33) size 162x21
  RenderBlock {DIV} at (0,0) size 162x21
    RenderText {#text} at (1,0) size 23x21
      text run at (1,0) width 23: "test"
