layer at (0,0) size 800x600
  RenderView at (0,0) size 800x600
layer at (0,0) size 800x600
  RenderBlock {HTML} at (0,0) size 800x600
    RenderBody {BODY} at (8,8) size 784x584
      RenderBlock {P} at (0,0) size 784x44
        RenderText {#text} at (0,0) size 57x22
          text run at (0,0) width 57: "Test for "
        RenderInline {I} at (0,0) size 702x44
          RenderInline {A} at (0,0) size 304x22 [color=#0000EE]
            RenderText {#text} at (57,0) size 304x22
              text run at (57,0) width 304: "http://bugs.webkit.org/show_bug.cgi?id=12364"
          RenderText {#text} at (361,0) size 702x44
            text run at (361,0) width 4: " "
            text run at (365,0) width 337: "REGRESSSION (NativeListBox): Selected option's"
            text run at (0,22) width 258: "background is not clipped to the list box"
        RenderText {#text} at (258,22) size 4x22
          text run at (258,22) width 4: "."
      RenderBlock (anonymous) at (0,60) size 784x85
        RenderListBox {SELECT} at (2,0) size 67x85 [bgcolor=#FFFFFF] [border: (3px solid #0000FF)]
        RenderText {#text} at (0,0) size 0x0
        RenderText {#text} at (0,0) size 0x0
