layer at (0,0) size 800x600
  RenderView at (0,0) size 800x600
layer at (0,0) size 800x600
  RenderBlock {HTML} at (0,0) size 800x600
    RenderBody {BODY} at (8,8) size 784x584
      RenderText {#text} at (0,0) size 474x19
        text run at (0,0) width 474: "This tests that empty select controls and buttons have the correct baseline."
      RenderBR {BR} at (474,14) size 0x0
      RenderMenuList {SELECT} at (2,23) size 74x25 [bgcolor=#FFFFFF]
        RenderBlock (anonymous) at (8,3) size 42x19
          RenderBR at (0,0) size 0x19 [bgcolor=#FFFFFF]
      RenderText {#text} at (78,26) size 31x19
        text run at (78,26) width 31: " test "
      RenderMenuList {SELECT} at (111,23) size 74x25 [bgcolor=#FFFFFF]
        RenderBlock (anonymous) at (8,3) size 42x19
          RenderText at (0,0) size 23x19
            text run at (0,0) width 23: "test"
      RenderText {#text} at (187,26) size 4x19
        text run at (187,26) width 4: " "
      RenderMenuList {SELECT} at (193,25) size 44x21 [color=#00008B] [bgcolor=#ADD8E6] [border: (1px solid #00008B)]
        RenderBlock (anonymous) at (1,1) size 42x19
          RenderBR at (0,0) size 0x19 [bgcolor=#ADD8E6] [border: (1px solid #00008B)]
      RenderText {#text} at (239,26) size 31x19
        text run at (239,26) width 31: " test "
      RenderMenuList {SELECT} at (272,25) size 44x21 [color=#00008B] [bgcolor=#ADD8E6] [border: (1px solid #00008B)]
        RenderBlock (anonymous) at (1,1) size 42x19
          RenderText at (0,0) size 23x19
            text run at (0,0) width 23: "test"
      RenderText {#text} at (318,26) size 4x19
        text run at (318,26) width 4: " "
      RenderButton {BUTTON} at (324,26) size 16x30 [bgcolor=#C0C0C0]
      RenderText {#text} at (342,26) size 4x19
        text run at (342,26) width 4: " "
      RenderButton {BUTTON} at (348,21) size 39x30 [bgcolor=#C0C0C0]
        RenderBlock (anonymous) at (8,5) size 23x19
          RenderText {#text} at (0,0) size 23x19
            text run at (0,0) width 23: "test"
      RenderText {#text} at (389,26) size 4x19
        text run at (389,26) width 4: " "
      RenderButton {BUTTON} at (395,22) size 16x28 [color=#00008B] [bgcolor=#ADD8E6] [border: (2px outset #C0C0C0)]
      RenderText {#text} at (413,26) size 4x19
        text run at (413,26) width 4: " "
      RenderButton {BUTTON} at (419,22) size 39x28 [color=#00008B] [bgcolor=#ADD8E6] [border: (2px outset #C0C0C0)]
        RenderBlock (anonymous) at (8,4) size 23x19
          RenderText {#text} at (0,0) size 23x19
            text run at (0,0) width 23: "test"
      RenderText {#text} at (0,0) size 0x0
