layer at (0,0) size 800x600
  RenderView at (0,0) size 800x600
layer at (0,0) size 800x600
  RenderBlock {HTML} at (0,0) size 800x600
    RenderBody {BODY} at (8,8) size 784x584
      RenderBlock {P} at (0,0) size 784x44
        RenderText {#text} at (0,0) size 57x22
          text run at (0,0) width 57: "Test for "
        RenderInline {I} at (0,0) size 763x44
          RenderInline {A} at (0,0) size 304x22 [color=#0000EE]
            RenderText {#text} at (57,0) size 304x22
              text run at (57,0) width 304: "http://bugs.webkit.org/show_bug.cgi?id=12986"
          RenderText {#text} at (361,0) size 763x44
            text run at (361,0) width 4: " "
            text run at (365,0) width 398: "REGRESSION(NativeListBox): Listboxes not updated when"
            text run at (0,22) width 126: "resized dynamically"
        RenderText {#text} at (126,22) size 4x22
          text run at (126,22) width 4: "."
      RenderBlock {P} at (0,60) size 784x22
        RenderText {#text} at (0,0) size 334x22
          text run at (0,0) width 334: "This list box should be tall enough to fit 6 options."
      RenderBlock (anonymous) at (0,98) size 784x143
        RenderListBox {SELECT} at (2,2) size 63x139 [bgcolor=#FFFFFF] [border: (1px inset #808080)]
        RenderText {#text} at (0,0) size 0x0
        RenderText {#text} at (0,0) size 0x0
