layer at (0,0) size 800x600
  RenderView at (0,0) size 800x600
layer at (0,0) size 800x600
  RenderBlock {HTML} at (0,0) size 800x600
    RenderBody {BODY} at (8,8) size 784x576
      RenderBlock {P} at (0,0) size 784x44
        RenderText {#text} at (0,0) size 57x22
          text run at (0,0) width 57: "Test for "
        RenderInline {I} at (0,0) size 742x44
          RenderInline {A} at (0,0) size 304x22 [color=#0000EE]
            RenderText {#text} at (57,0) size 304x22
              text run at (57,0) width 304: "http://bugs.webkit.org/show_bug.cgi?id=13896"
          RenderText {#text} at (361,0) size 742x44
            text run at (361,0) width 4: " "
            text run at (365,0) width 377: "REGRESSION (NativePopup): Reproductible crasher on"
            text run at (0,22) width 176: "Google Coop control panel"
        RenderText {#text} at (176,22) size 4x22
          text run at (176,22) width 4: "."
      RenderBlock {P} at (0,60) size 784x22
        RenderText {#text} at (0,0) size 190x22
          text run at (0,0) width 190: "No crash means SUCCESS."
