layer at (0,0) size 800x600
  RenderView at (0,0) size 800x600
layer at (0,0) size 800x600
  RenderBlock {HTML} at (0,0) size 800x600
    RenderBody {BODY} at (8,8) size 784x576
      RenderBlock {P} at (0,0) size 784x21
        RenderText {#text} at (0,0) size 471x21
          text run at (0,0) width 471: "If you can see the word \"Placeholder\" in the text area, then all is well."
      RenderBlock {P} at (0,37) size 784x50
layer at (10,47) size 180x46
  RenderTextControl {TEXTAREA} at (2,2) size 180x46
    RenderBlock {DIV} at (2,2) size 176x21
