layer at (0,0) size 800x600
  RenderView at (0,0) size 800x600
layer at (0,0) size 800x600
  RenderBlock {HTML} at (0,0) size 800x600
    RenderBody {BODY} at (0,0) size 800x600
      RenderBlock {P} at (0,0) size 800x40
        RenderText {#text} at (0,0) size 105x19
          text run at (0,0) width 105: "This is a test for "
        RenderInline {I} at (0,0) size 758x39
          RenderInline {A} at (0,0) size 345x19 [color=#0000EE]
            RenderText {#text} at (105,0) size 345x19
              text run at (105,0) width 345: "http://bugzilla.opendarwin.org/show_bug.cgi?id=10177"
          RenderText {#text} at (450,0) size 758x39
            text run at (450,0) width 4: " "
            text run at (454,0) width 304: "REGRESSION: Successfully dragging text into a"
            text run at (0,20) width 83: "disabled field"
        RenderText {#text} at (83,20) size 4x19
          text run at (83,20) width 4: "."
      RenderBlock {HR} at (0,54) size 800x2 [border: (1px inset #000000)]
      RenderBlock (anonymous) at (0,63) size 800x29
        RenderTextControl {INPUT} at (2,2) size 168x25 [border: (2px inset #000000)]
        RenderText {#text} at (172,5) size 64x19
          text run at (172,5) width 64: " dragging "
        RenderInline {SPAN} at (0,0) size 49x19
          RenderText {#text} at (236,5) size 49x19
            text run at (236,5) width 49: "this text"
        RenderText {#text} at (285,5) size 239x19
          text run at (285,5) width 239: " into the text field should not succeed."
        RenderText {#text} at (0,0) size 0x0
        RenderText {#text} at (0,0) size 0x0
layer at (5,68) size 162x19
  RenderBlock {DIV} at (3,3) size 162x19 [color=#545454]
selection start: position 0 of child 0 {#text} of child 7 {SPAN} of child 1 {BODY} of child 0 {HTML} of document
selection end:   position 9 of child 0 {#text} of child 7 {SPAN} of child 1 {BODY} of child 0 {HTML} of document
