layer at (0,0) size 800x780
  RenderView at (0,0) size 800x600
layer at (0,0) size 800x780
  RenderBlock {HTML} at (0,0) size 800x780
    RenderBody {BODY} at (8,8) size 784x764
      RenderBlock {DIV} at (0,0) size 784x19
        RenderText {#text} at (0,0) size 372x19
          text run at (0,0) width 372: "Test for edge cases of <textarea> rows and cols attributes."
      RenderBlock {HR} at (0,26) size 784x2 [border: (1px inset #000000)]
      RenderBlock {DIV} at (0,35) size 784x44
        RenderTextControl {TEXTAREA} at (2,2) size 184x40 [border: (1px solid #000000)]
      RenderBlock {DIV} at (0,79) size 784x25
        RenderTextControl {TEXTAREA} at (2,2) size 184x21 [border: (1px solid #000000)]
      RenderBlock {DIV} at (0,104) size 784x44
        RenderTextControl {TEXTAREA} at (2,2) size 184x40 [border: (1px solid #000000)]
      RenderBlock {DIV} at (0,148) size 784x63
        RenderTextControl {TEXTAREA} at (2,2) size 184x59 [border: (1px solid #000000)]
      RenderBlock {DIV} at (0,211) size 784x44
        RenderTextControl {TEXTAREA} at (2,2) size 184x40 [border: (1px solid #000000)]
      RenderBlock {DIV} at (0,255) size 784x44
        RenderTextControl {TEXTAREA} at (2,2) size 184x40 [border: (1px solid #000000)]
      RenderBlock {DIV} at (0,299) size 784x44
        RenderTextControl {TEXTAREA} at (2,2) size 184x40 [border: (1px solid #000000)]
      RenderBlock {DIV} at (0,343) size 784x44
        RenderTextControl {TEXTAREA} at (2,2) size 184x40 [border: (1px solid #000000)]
      RenderBlock {HR} at (0,394) size 784x2 [border: (1px inset #000000)]
      RenderBlock {DIV} at (0,403) size 784x44
        RenderTextControl {TEXTAREA} at (2,2) size 184x40 [border: (1px solid #000000)]
      RenderBlock {DIV} at (0,447) size 784x44
        RenderTextControl {TEXTAREA} at (2,2) size 32x40 [border: (1px solid #000000)]
      RenderBlock {DIV} at (0,491) size 784x44
        RenderTextControl {TEXTAREA} at (2,2) size 184x40 [border: (1px solid #000000)]
      RenderBlock {DIV} at (0,535) size 784x44
        RenderTextControl {TEXTAREA} at (2,2) size 344x40 [border: (1px solid #000000)]
      RenderBlock {DIV} at (0,579) size 784x44
        RenderTextControl {TEXTAREA} at (2,2) size 184x40 [border: (1px solid #000000)]
      RenderBlock {DIV} at (0,623) size 784x44
        RenderTextControl {TEXTAREA} at (2,2) size 184x40 [border: (1px solid #000000)]
      RenderBlock {DIV} at (0,667) size 784x44
        RenderTextControl {TEXTAREA} at (2,2) size 184x40 [border: (1px solid #000000)]
      RenderBlock {DIV} at (0,711) size 784x44
        RenderTextControl {TEXTAREA} at (2,2) size 184x40 [border: (1px solid #000000)]
      RenderBlock {HR} at (0,762) size 784x2 [border: (1px inset #000000)]
layer at (11,46) size 182x38
  RenderBlock {DIV} at (1,1) size 182x38
    RenderText {#text} at (3,0) size 86x19
      text run at (3,0) width 86: "default height"
layer at (11,90) size 182x19
  RenderBlock {DIV} at (1,1) size 182x19
    RenderText {#text} at (3,0) size 54x19
      text run at (3,0) width 54: "rows = 1"
layer at (11,115) size 182x38
  RenderBlock {DIV} at (1,1) size 182x38
    RenderText {#text} at (3,0) size 151x38
      text run at (3,0) width 151: "rows = 2; should match "
      text run at (3,19) width 86: "default height"
layer at (11,159) size 182x57
  RenderBlock {DIV} at (1,1) size 182x57
    RenderText {#text} at (3,0) size 54x19
      text run at (3,0) width 54: "rows = 3"
layer at (11,222) size 182x38
  RenderBlock {DIV} at (1,1) size 182x38
    RenderText {#text} at (3,0) size 151x38
      text run at (3,0) width 151: "rows; should be default "
      text run at (3,19) width 39: "height"
layer at (11,266) size 182x38
  RenderBlock {DIV} at (1,1) size 182x38
    RenderText {#text} at (3,0) size 175x38
      text run at (3,0) width 175: "rows = 0; should be default "
      text run at (3,19) width 39: "height"
layer at (11,310) size 182x38
  RenderBlock {DIV} at (1,1) size 182x38
    RenderText {#text} at (3,0) size 176x38
      text run at (3,0) width 176: "rows = -1; should be default"
      text run at (179,0) width 0: " "
      text run at (3,19) width 39: "height"
layer at (11,354) size 182x38
  RenderBlock {DIV} at (1,1) size 182x38
    RenderText {#text} at (3,0) size 174x38
      text run at (3,0) width 174: "rows = x; should be default "
      text run at (3,19) width 39: "height"
layer at (11,414) size 182x38
  RenderBlock {DIV} at (1,1) size 182x38
    RenderText {#text} at (3,0) size 80x19
      text run at (3,0) width 80: "default width"
layer at (11,458) size 30x38 clip at (11,458) size 14x38 scrollHeight 114
  RenderBlock {DIV} at (1,1) size 30x38
    RenderText {#text} at (3,0) size 8x114
      text run at (3,0) width 7: "c"
      text run at (3,19) width 8: "o"
      text run at (3,38) width 3: "l"
      text run at (3,57) width 8: "s "
      text run at (3,76) width 8: "= "
      text run at (3,95) width 8: "1"
layer at (11,502) size 182x38
  RenderBlock {DIV} at (1,1) size 182x38
    RenderText {#text} at (3,0) size 154x38
      text run at (3,0) width 154: "cols = 20; should match "
      text run at (3,19) width 80: "default width"
layer at (11,546) size 342x38
  RenderBlock {DIV} at (1,1) size 342x38
    RenderText {#text} at (3,0) size 57x19
      text run at (3,0) width 57: "cols = 40"
layer at (11,590) size 182x38
  RenderBlock {DIV} at (1,1) size 182x38
    RenderText {#text} at (3,0) size 146x38
      text run at (3,0) width 146: "cols; should be default "
      text run at (3,19) width 33: "width"
layer at (11,634) size 182x38
  RenderBlock {DIV} at (1,1) size 182x38
    RenderText {#text} at (3,0) size 170x38
      text run at (3,0) width 170: "cols = 0; should be default "
      text run at (3,19) width 33: "width"
layer at (11,678) size 182x38
  RenderBlock {DIV} at (1,1) size 182x38
    RenderText {#text} at (3,0) size 175x38
      text run at (3,0) width 175: "cols = -1; should be default "
      text run at (3,19) width 33: "width"
layer at (11,722) size 182x38
  RenderBlock {DIV} at (1,1) size 182x38
    RenderText {#text} at (3,0) size 169x38
      text run at (3,0) width 169: "cols = x; should be default "
      text run at (3,19) width 33: "width"
