layer at (0,0) size 800x600
  RenderView at (0,0) size 800x600
layer at (0,0) size 800x600
  RenderBlock {HTML} at (0,0) size 800x600
    RenderBody {BODY} at (8,8) size 784x584
      RenderBlock (anonymous) at (0,0) size 784x21
        RenderText {#text} at (0,0) size 181x21
          text run at (0,0) width 181: "The text should be default:"
      RenderBlock {FORM} at (0,29) size 784x49
        RenderBlock {HR} at (0,0) size 784x2 [border: (1px inset #000000)]
        RenderBlock (anonymous) at (0,10) size 784x29
          RenderInline {LABEL} at (0,0) size 517x21
            RenderText {#text} at (0,4) size 347x21
              text run at (0,4) width 347: "This is a searchable index. Enter search keywords: "
            RenderTextControl {INPUT} at (349,2) size 166x25
        RenderBlock {HR} at (0,47) size 784x2 [border: (1px inset #000000)]
      RenderBlock (anonymous) at (0,94) size 784x21
        RenderText {#text} at (0,0) size 157x21
          text run at (0,0) width 157: "The text should be red:"
      RenderBlock {FORM} at (0,123) size 784x49
        RenderBlock {HR} at (0,0) size 784x2 [border: (1px inset #000000)]
        RenderBlock (anonymous) at (0,10) size 784x29
          RenderInline {LABEL} at (0,0) size 517x21
            RenderText {#text} at (0,4) size 347x21
              text run at (0,4) width 347: "This is a searchable index. Enter search keywords: "
            RenderTextControl {INPUT} at (349,2) size 166x25 [color=#FF0000]
        RenderBlock {HR} at (0,47) size 784x2 [border: (1px inset #000000)]
      RenderBlock (anonymous) at (0,188) size 784x21
        RenderText {#text} at (0,0) size 228x21
          text run at (0,0) width 228: "The text should be gray on green:"
      RenderBlock {FORM} at (0,217) size 784x51
        RenderBlock {HR} at (0,0) size 784x2 [border: (1px inset #000000)]
        RenderBlock (anonymous) at (0,10) size 784x31
          RenderInline {LABEL} at (0,0) size 519x21
            RenderText {#text} at (0,5) size 347x21
              text run at (0,5) width 347: "This is a searchable index. Enter search keywords: "
            RenderTextControl {INPUT} at (349,2) size 168x27 [bgcolor=#008000] [border: (2px inset #000000)]
        RenderBlock {HR} at (0,49) size 784x2 [border: (1px inset #000000)]
      RenderBlock (anonymous) at (0,284) size 784x21
        RenderText {#text} at (0,0) size 224x21
          text run at (0,0) width 224: "The text should be red on Green:"
      RenderBlock {FORM} at (0,313) size 784x51
        RenderBlock {HR} at (0,0) size 784x2 [border: (1px inset #000000)]
        RenderBlock (anonymous) at (0,10) size 784x31
          RenderInline {LABEL} at (0,0) size 519x21
            RenderText {#text} at (0,5) size 347x21
              text run at (0,5) width 347: "This is a searchable index. Enter search keywords: "
            RenderTextControl {INPUT} at (349,2) size 168x27 [color=#FF0000] [bgcolor=#008000] [border: (2px inset #FF0000)]
        RenderBlock {HR} at (0,49) size 784x2 [border: (1px inset #000000)]
      RenderBlock (anonymous) at (0,380) size 784x31
        RenderTextControl {INPUT} at (2,3) size 166x25
        RenderText {#text} at (170,5) size 4x21
          text run at (170,5) width 4: " "
        RenderTextControl {INPUT} at (176,3) size 166x25 [color=#FF0000]
        RenderText {#text} at (344,5) size 4x21
          text run at (344,5) width 4: " "
        RenderTextControl {INPUT} at (350,2) size 168x27 [bgcolor=#008000] [border: (2px inset #000000)]
        RenderText {#text} at (520,5) size 4x21
          text run at (520,5) width 4: " "
        RenderTextControl {INPUT} at (526,2) size 168x27 [color=#FF0000] [bgcolor=#008000] [border: (2px inset #FF0000)]
        RenderText {#text} at (0,0) size 0x0
layer at (359,51) size 162x21
  RenderBlock {DIV} at (2,2) size 162x21
    RenderText {#text} at (1,0) size 47x21
      text run at (1,0) width 47: "default"
layer at (359,145) size 162x21
  RenderBlock {DIV} at (2,2) size 162x21
    RenderText {#text} at (1,0) size 23x21
      text run at (1,0) width 23: "red"
layer at (360,240) size 162x21
  RenderBlock {DIV} at (3,3) size 162x21
    RenderText {#text} at (1,0) size 110x21
      text run at (1,0) width 110: "default on green"
layer at (360,336) size 162x21
  RenderBlock {DIV} at (3,3) size 162x21
    RenderText {#text} at (1,0) size 86x21
      text run at (1,0) width 86: "red on green"
layer at (12,393) size 162x21
  RenderBlock {DIV} at (2,2) size 162x21
    RenderText {#text} at (1,0) size 47x21
      text run at (1,0) width 47: "default"
layer at (186,393) size 162x21
  RenderBlock {DIV} at (2,2) size 162x21
    RenderText {#text} at (1,0) size 23x21
      text run at (1,0) width 23: "red"
layer at (361,393) size 162x21
  RenderBlock {DIV} at (3,3) size 162x21
    RenderText {#text} at (1,0) size 110x21
      text run at (1,0) width 110: "default on green"
layer at (537,393) size 162x21
  RenderBlock {DIV} at (3,3) size 162x21
    RenderText {#text} at (1,0) size 86x21
      text run at (1,0) width 86: "red on green"
