layer at (0,0) size 781x817
  RenderView at (0,0) size 781x600
layer at (0,0) size 781x817
  RenderBlock {HTML} at (0,0) size 781x817
    RenderBody {BODY} at (8,8) size 765x801
      RenderBlock {DIV} at (0,0) size 765x20
        RenderInline {SPAN} at (0,0) size 325x20
          RenderText {#text} at (0,0) size 309x20
            text run at (0,0) width 309: "No font is specified. expected: yen sign, actual: \x{A5}"
          RenderInline {SPAN} at (0,0) size 8x20
            RenderText {#text} at (309,0) size 8x20
              text run at (309,0) width 8: "\x{A5}"
          RenderInline {SPAN} at (0,0) size 8x20
            RenderText {#text} at (317,0) size 8x20
              text run at (317,0) width 8: "\x{A5}"
      RenderBlock {DIV} at (0,20) size 765x20
        RenderInline {SPAN} at (0,0) size 366x20
          RenderText {#text} at (0,0) size 350x20
            text run at (0,0) width 350: "Using font \"MS PGothic\". expected: yen sign, actual: \x{A5}"
          RenderInline {SPAN} at (0,0) size 8x20
            RenderText {#text} at (350,0) size 8x20
              text run at (350,0) width 8: "\x{A5}"
          RenderInline {SPAN} at (0,0) size 8x20
            RenderText {#text} at (358,0) size 8x20
              text run at (358,0) width 8: "\x{A5}"
        RenderInline {SPAN} at (0,0) size 8x20
          RenderText {#text} at (366,0) size 8x20
            text run at (366,0) width 8: "\x{A5}"
      RenderBlock {DIV} at (0,40) size 765x20
        RenderInline {SPAN} at (0,0) size 357x20
          RenderText {#text} at (0,0) size 341x20
            text run at (0,0) width 341: "Using font \"MS Gothic\". expected: yen sign, actual: \x{A5}"
          RenderInline {SPAN} at (0,0) size 8x20
            RenderText {#text} at (341,0) size 8x20
              text run at (341,0) width 8: "\x{A5}"
          RenderInline {SPAN} at (0,0) size 8x20
            RenderText {#text} at (349,0) size 8x20
              text run at (349,0) width 8: "\x{A5}"
        RenderInline {SPAN} at (0,0) size 8x20
          RenderText {#text} at (357,0) size 8x20
            text run at (357,0) width 8: "\x{A5}"
      RenderBlock {DIV} at (0,60) size 765x20
        RenderInline {SPAN} at (0,0) size 372x20
          RenderText {#text} at (0,0) size 356x20
            text run at (0,0) width 356: "Using font \"MS PMincho\". expected: yen sign, actual: \x{A5}"
          RenderInline {SPAN} at (0,0) size 8x20
            RenderText {#text} at (356,0) size 8x20
              text run at (356,0) width 8: "\x{A5}"
          RenderInline {SPAN} at (0,0) size 8x20
            RenderText {#text} at (364,0) size 8x20
              text run at (364,0) width 8: "\x{A5}"
        RenderInline {SPAN} at (0,0) size 8x20
          RenderText {#text} at (372,0) size 8x20
            text run at (372,0) width 8: "\x{A5}"
      RenderBlock {DIV} at (0,80) size 765x20
        RenderInline {SPAN} at (0,0) size 363x20
          RenderText {#text} at (0,0) size 347x20
            text run at (0,0) width 347: "Using font \"MS Mincho\". expected: yen sign, actual: \x{A5}"
          RenderInline {SPAN} at (0,0) size 8x20
            RenderText {#text} at (347,0) size 8x20
              text run at (347,0) width 8: "\x{A5}"
          RenderInline {SPAN} at (0,0) size 8x20
            RenderText {#text} at (355,0) size 8x20
              text run at (355,0) width 8: "\x{A5}"
        RenderInline {SPAN} at (0,0) size 8x20
          RenderText {#text} at (363,0) size 8x20
            text run at (363,0) width 8: "\x{A5}"
      RenderBlock {DIV} at (0,100) size 765x20
        RenderInline {SPAN} at (0,0) size 333x20
          RenderText {#text} at (0,0) size 317x20
            text run at (0,0) width 317: "Using font \"Meiryo\". expected: yen sign, actual: \x{A5}"
          RenderInline {SPAN} at (0,0) size 8x20
            RenderText {#text} at (317,0) size 8x20
              text run at (317,0) width 8: "\x{A5}"
          RenderInline {SPAN} at (0,0) size 8x20
            RenderText {#text} at (325,0) size 8x20
              text run at (325,0) width 8: "\x{A5}"
        RenderInline {SPAN} at (0,0) size 8x20
          RenderText {#text} at (333,0) size 8x20
            text run at (333,0) width 8: "\x{A5}"
      RenderBlock {DIV} at (0,120) size 765x20
        RenderInline {SPAN} at (0,0) size 319x20
          RenderText {#text} at (0,0) size 303x20
            text run at (0,0) width 303: "Using font \"\x{FF2D}\x{FF33} \x{FF30}\x{30B4}\x{30B7}\x{30C3}\x{30AF}\". expected: yen sign, actual: \x{A5}"
          RenderInline {SPAN} at (0,0) size 8x20
            RenderText {#text} at (303,0) size 8x20
              text run at (303,0) width 8: "\x{A5}"
          RenderInline {SPAN} at (0,0) size 8x20
            RenderText {#text} at (311,0) size 8x20
              text run at (311,0) width 8: "\x{A5}"
        RenderInline {SPAN} at (0,0) size 8x20
          RenderText {#text} at (319,0) size 8x20
            text run at (319,0) width 8: "\x{A5}"
      RenderBlock {DIV} at (0,140) size 765x20
        RenderInline {SPAN} at (0,0) size 315x20
          RenderText {#text} at (0,0) size 299x20
            text run at (0,0) width 299: "Using font \"\x{FF2D}\x{FF33} \x{30B4}\x{30B7}\x{30C3}\x{30AF}\". expected: yen sign, actual: \x{A5}"
          RenderInline {SPAN} at (0,0) size 8x20
            RenderText {#text} at (299,0) size 8x20
              text run at (299,0) width 8: "\x{A5}"
          RenderInline {SPAN} at (0,0) size 8x20
            RenderText {#text} at (307,0) size 8x20
              text run at (307,0) width 8: "\x{A5}"
        RenderInline {SPAN} at (0,0) size 8x20
          RenderText {#text} at (315,0) size 8x20
            text run at (315,0) width 8: "\x{A5}"
      RenderBlock {DIV} at (0,160) size 765x20
        RenderInline {SPAN} at (0,0) size 311x20
          RenderText {#text} at (0,0) size 295x20
            text run at (0,0) width 295: "Using font \"\x{FF2D}\x{FF33} \x{FF30}\x{660E}\x{671D}\". expected: yen sign, actual: \x{A5}"
          RenderInline {SPAN} at (0,0) size 8x20
            RenderText {#text} at (295,0) size 8x20
              text run at (295,0) width 8: "\x{A5}"
          RenderInline {SPAN} at (0,0) size 8x20
            RenderText {#text} at (303,0) size 8x20
              text run at (303,0) width 8: "\x{A5}"
        RenderInline {SPAN} at (0,0) size 8x20
          RenderText {#text} at (311,0) size 8x20
            text run at (311,0) width 8: "\x{A5}"
      RenderBlock {DIV} at (0,180) size 765x20
        RenderInline {SPAN} at (0,0) size 307x20
          RenderText {#text} at (0,0) size 291x20
            text run at (0,0) width 291: "Using font \"\x{FF2D}\x{FF33} \x{660E}\x{671D}\". expected: yen sign, actual: \x{A5}"
          RenderInline {SPAN} at (0,0) size 8x20
            RenderText {#text} at (291,0) size 8x20
              text run at (291,0) width 8: "\x{A5}"
          RenderInline {SPAN} at (0,0) size 8x20
            RenderText {#text} at (299,0) size 8x20
              text run at (299,0) width 8: "\x{A5}"
        RenderInline {SPAN} at (0,0) size 8x20
          RenderText {#text} at (307,0) size 8x20
            text run at (307,0) width 8: "\x{A5}"
      RenderBlock {DIV} at (0,200) size 765x20
        RenderInline {SPAN} at (0,0) size 303x20
          RenderText {#text} at (0,0) size 287x20
            text run at (0,0) width 287: "Using font \"\x{30E1}\x{30A4}\x{30EA}\x{30AA}\". expected: yen sign, actual: \x{A5}"
          RenderInline {SPAN} at (0,0) size 8x20
            RenderText {#text} at (287,0) size 8x20
              text run at (287,0) width 8: "\x{A5}"
          RenderInline {SPAN} at (0,0) size 8x20
            RenderText {#text} at (295,0) size 8x20
              text run at (295,0) width 8: "\x{A5}"
        RenderInline {SPAN} at (0,0) size 8x20
          RenderText {#text} at (303,0) size 8x20
            text run at (303,0) width 8: "\x{A5}"
      RenderBlock {DIV} at (0,220) size 765x20
        RenderInline {SPAN} at (0,0) size 322x20
          RenderText {#text} at (0,0) size 314x20
            text run at (0,0) width 314: "Using font \"Times\". expected: backslash, actual: \\"
          RenderInline {SPAN} at (0,0) size 4x20
            RenderText {#text} at (314,0) size 4x20
              text run at (314,0) width 4: "\\"
          RenderInline {SPAN} at (0,0) size 4x20
            RenderText {#text} at (318,0) size 4x20
              text run at (318,0) width 4: "\\"
        RenderInline {SPAN} at (0,0) size 4x20
          RenderText {#text} at (322,0) size 4x20
            text run at (322,0) width 4: "\\"
      RenderBlock {DIV} at (0,240) size 765x20
        RenderInline {SPAN} at (0,0) size 324x20
          RenderText {#text} at (0,0) size 316x20
            text run at (0,0) width 316: "Using font \"foobar\". expected: backslash, actual: \\"
          RenderInline {SPAN} at (0,0) size 4x20
            RenderText {#text} at (316,0) size 4x20
              text run at (316,0) width 4: "\\"
          RenderInline {SPAN} at (0,0) size 4x20
            RenderText {#text} at (320,0) size 4x20
              text run at (320,0) width 4: "\\"
        RenderInline {SPAN} at (0,0) size 4x20
          RenderText {#text} at (324,0) size 4x20
            text run at (324,0) width 4: "\\"
      RenderBlock {DIV} at (0,260) size 765x20
        RenderInline {SPAN} at (0,0) size 470x20
          RenderText {#text} at (0,0) size 454x20
            text run at (0,0) width 454: "Using font \"*INVALID FONT NAME*\". expected: yen sign, actual: \x{A5}"
          RenderInline {SPAN} at (0,0) size 8x20
            RenderText {#text} at (454,0) size 8x20
              text run at (454,0) width 8: "\x{A5}"
          RenderInline {SPAN} at (0,0) size 8x20
            RenderText {#text} at (462,0) size 8x20
              text run at (462,0) width 8: "\x{A5}"
        RenderInline {SPAN} at (0,0) size 8x20
          RenderText {#text} at (470,0) size 8x20
            text run at (470,0) width 8: "\x{A5}"
      RenderBlock {DIV} at (0,280) size 765x20
        RenderInline {SPAN} at (0,0) size 314x20
          RenderText {#text} at (0,0) size 298x20
            text run at (0,0) width 298: "Using font \"serif\". expected: yen sign, actual: \x{A5}"
          RenderInline {SPAN} at (0,0) size 8x20
            RenderText {#text} at (298,0) size 8x20
              text run at (298,0) width 8: "\x{A5}"
          RenderInline {SPAN} at (0,0) size 8x20
            RenderText {#text} at (306,0) size 8x20
              text run at (306,0) width 8: "\x{A5}"
        RenderInline {SPAN} at (0,0) size 8x20
          RenderText {#text} at (314,0) size 8x20
            text run at (314,0) width 8: "\x{A5}"
      RenderBlock {DIV} at (0,300) size 765x21
        RenderInline {SPAN} at (0,0) size 384x21
          RenderText {#text} at (0,0) size 366x21
            text run at (0,0) width 366: "Using font \"sans-serif\". expected: yen sign, actual: \x{A5}"
          RenderInline {SPAN} at (0,0) size 9x21
            RenderText {#text} at (366,0) size 9x21
              text run at (366,0) width 9: "\x{A5}"
          RenderInline {SPAN} at (0,0) size 9x21
            RenderText {#text} at (375,0) size 9x21
              text run at (375,0) width 9: "\x{A5}"
        RenderInline {SPAN} at (0,0) size 9x21
          RenderText {#text} at (384,0) size 9x21
            text run at (384,0) width 9: "\x{A5}"
      RenderBlock {DIV} at (0,321) size 765x40
        RenderInline {SPAN} at (0,0) size 656x37
          RenderText {#text} at (0,2) size 656x37
            text run at (0,2) width 656: "Using font \"cursive\". expected: yen sign,"
            text run at (0,22) width 144: "actual: \x{A5}"
          RenderInline {SPAN} at (0,0) size 16x17
            RenderText {#text} at (144,22) size 16x17
              text run at (144,22) width 16: "\x{A5}"
          RenderInline {SPAN} at (0,0) size 16x17
            RenderText {#text} at (160,22) size 16x17
              text run at (160,22) width 16: "\x{A5}"
        RenderInline {SPAN} at (0,0) size 16x17
          RenderText {#text} at (176,22) size 16x17
            text run at (176,22) width 16: "\x{A5}"
      RenderBlock {DIV} at (0,361) size 765x40
        RenderInline {SPAN} at (0,0) size 656x37
          RenderText {#text} at (0,2) size 656x37
            text run at (0,2) width 656: "Using font \"fantasy\". expected: yen sign,"
            text run at (0,22) width 144: "actual: \x{A5}"
          RenderInline {SPAN} at (0,0) size 16x17
            RenderText {#text} at (144,22) size 16x17
              text run at (144,22) width 16: "\x{A5}"
          RenderInline {SPAN} at (0,0) size 16x17
            RenderText {#text} at (160,22) size 16x17
              text run at (160,22) width 16: "\x{A5}"
        RenderInline {SPAN} at (0,0) size 16x17
          RenderText {#text} at (176,22) size 16x17
            text run at (176,22) width 16: "\x{A5}"
      RenderBlock {DIV} at (0,401) size 765x20
        RenderInline {SPAN} at (0,0) size 440x15
          RenderText {#text} at (0,4) size 424x15
            text run at (0,4) width 424: "Using font \"monospace\". expected: yen sign, actual: \x{A5}"
          RenderInline {SPAN} at (0,0) size 8x15
            RenderText {#text} at (424,4) size 8x15
              text run at (424,4) width 8: "\x{A5}"
          RenderInline {SPAN} at (0,0) size 8x15
            RenderText {#text} at (432,4) size 8x15
              text run at (432,4) width 8: "\x{A5}"
        RenderInline {SPAN} at (0,0) size 8x15
          RenderText {#text} at (440,4) size 8x15
            text run at (440,4) width 8: "\x{A5}"
      RenderBlock {DIV} at (0,421) size 765x20
        RenderInline {SPAN} at (0,0) size 368x20
          RenderText {#text} at (0,0) size 360x20
            text run at (0,0) width 360: "Using font \"-webkit-body\". expected: backslash, actual: \\"
          RenderInline {SPAN} at (0,0) size 4x20
            RenderText {#text} at (360,0) size 4x20
              text run at (360,0) width 4: "\\"
          RenderInline {SPAN} at (0,0) size 4x20
            RenderText {#text} at (364,0) size 4x20
              text run at (364,0) width 4: "\\"
        RenderInline {SPAN} at (0,0) size 4x20
          RenderText {#text} at (368,0) size 4x20
            text run at (368,0) width 4: "\\"
      RenderBlock {DIV} at (0,441) size 765x20
        RenderInline {SPAN} at (0,0) size 341x20
          RenderText {#text} at (0,0) size 325x20
            text run at (0,0) width 325: "Using font \"caption\". expected: backslash, actual: \x{A5}"
          RenderInline {SPAN} at (0,0) size 8x20
            RenderText {#text} at (325,0) size 8x20
              text run at (325,0) width 8: "\x{A5}"
          RenderInline {SPAN} at (0,0) size 8x20
            RenderText {#text} at (333,0) size 8x20
              text run at (333,0) width 8: "\x{A5}"
      RenderBlock {DIV} at (0,461) size 765x20
        RenderInline {SPAN} at (0,0) size 322x20
          RenderText {#text} at (0,0) size 306x20
            text run at (0,0) width 306: "Using font \"icon\". expected: backslash, actual: \x{A5}"
          RenderInline {SPAN} at (0,0) size 8x20
            RenderText {#text} at (306,0) size 8x20
              text run at (306,0) width 8: "\x{A5}"
          RenderInline {SPAN} at (0,0) size 8x20
            RenderText {#text} at (314,0) size 8x20
              text run at (314,0) width 8: "\x{A5}"
      RenderBlock {DIV} at (0,481) size 765x20
        RenderInline {SPAN} at (0,0) size 330x20
          RenderText {#text} at (0,0) size 314x20
            text run at (0,0) width 314: "Using font \"menu\". expected: backslash, actual: \x{A5}"
          RenderInline {SPAN} at (0,0) size 8x20
            RenderText {#text} at (314,0) size 8x20
              text run at (314,0) width 8: "\x{A5}"
          RenderInline {SPAN} at (0,0) size 8x20
            RenderText {#text} at (322,0) size 8x20
              text run at (322,0) width 8: "\x{A5}"
      RenderBlock {DIV} at (0,501) size 765x20
        RenderInline {SPAN} at (0,0) size 377x20
          RenderText {#text} at (0,0) size 361x20
            text run at (0,0) width 361: "Using font \"message-box\". expected: backslash, actual: \x{A5}"
          RenderInline {SPAN} at (0,0) size 8x20
            RenderText {#text} at (361,0) size 8x20
              text run at (361,0) width 8: "\x{A5}"
          RenderInline {SPAN} at (0,0) size 8x20
            RenderText {#text} at (369,0) size 8x20
              text run at (369,0) width 8: "\x{A5}"
      RenderBlock {DIV} at (0,521) size 765x20
        RenderInline {SPAN} at (0,0) size 379x20
          RenderText {#text} at (0,0) size 363x20
            text run at (0,0) width 363: "Using font \"small-caption\". expected: backslash, actual: \x{A5}"
          RenderInline {SPAN} at (0,0) size 8x20
            RenderText {#text} at (363,0) size 8x20
              text run at (363,0) width 8: "\x{A5}"
          RenderInline {SPAN} at (0,0) size 8x20
            RenderText {#text} at (371,0) size 8x20
              text run at (371,0) width 8: "\x{A5}"
      RenderBlock {DIV} at (0,541) size 765x20
        RenderInline {SPAN} at (0,0) size 355x20
          RenderText {#text} at (0,0) size 339x20
            text run at (0,0) width 339: "Using font \"status-bar\". expected: backslash, actual: \x{A5}"
          RenderInline {SPAN} at (0,0) size 8x20
            RenderText {#text} at (339,0) size 8x20
              text run at (339,0) width 8: "\x{A5}"
          RenderInline {SPAN} at (0,0) size 8x20
            RenderText {#text} at (347,0) size 8x20
              text run at (347,0) width 8: "\x{A5}"
      RenderBlock {DIV} at (0,561) size 765x20
        RenderInline {SPAN} at (0,0) size 425x20
          RenderText {#text} at (0,0) size 409x20
            text run at (0,0) width 409: "Using font \"-webkit-mini-control\". expected: backslash, actual: \x{A5}"
          RenderInline {SPAN} at (0,0) size 8x20
            RenderText {#text} at (409,0) size 8x20
              text run at (409,0) width 8: "\x{A5}"
          RenderInline {SPAN} at (0,0) size 8x20
            RenderText {#text} at (417,0) size 8x20
              text run at (417,0) width 8: "\x{A5}"
      RenderBlock {DIV} at (0,581) size 765x20
        RenderInline {SPAN} at (0,0) size 430x20
          RenderText {#text} at (0,0) size 414x20
            text run at (0,0) width 414: "Using font \"-webkit-small-control\". expected: backslash, actual: \x{A5}"
          RenderInline {SPAN} at (0,0) size 8x20
            RenderText {#text} at (414,0) size 8x20
              text run at (414,0) width 8: "\x{A5}"
          RenderInline {SPAN} at (0,0) size 8x20
            RenderText {#text} at (422,0) size 8x20
              text run at (422,0) width 8: "\x{A5}"
      RenderBlock {DIV} at (0,601) size 765x20
        RenderInline {SPAN} at (0,0) size 392x20
          RenderText {#text} at (0,0) size 376x20
            text run at (0,0) width 376: "Using font \"-webkit-control\". expected: backslash, actual: \x{A5}"
          RenderInline {SPAN} at (0,0) size 8x20
            RenderText {#text} at (376,0) size 8x20
              text run at (376,0) width 8: "\x{A5}"
          RenderInline {SPAN} at (0,0) size 8x20
            RenderText {#text} at (384,0) size 8x20
              text run at (384,0) width 8: "\x{A5}"
      RenderBlock {DIV} at (0,621) size 765x20
        RenderInline {SPAN} at (0,0) size 404x20
          RenderText {#text} at (0,0) size 388x20
            text run at (0,0) width 388: "Using font \"MS Gothic, Times\". expected: yen sign, actual: \x{A5}"
          RenderInline {SPAN} at (0,0) size 8x20
            RenderText {#text} at (388,0) size 8x20
              text run at (388,0) width 8: "\x{A5}"
          RenderInline {SPAN} at (0,0) size 8x20
            RenderText {#text} at (396,0) size 8x20
              text run at (396,0) width 8: "\x{A5}"
        RenderInline {SPAN} at (0,0) size 8x20
          RenderText {#text} at (404,0) size 8x20
            text run at (404,0) width 8: "\x{A5}"
      RenderBlock {DIV} at (0,641) size 765x20
        RenderInline {SPAN} at (0,0) size 400x20
          RenderText {#text} at (0,0) size 392x20
            text run at (0,0) width 392: "Using font \"Times, MS Gothic\". expected: backslash, actual: \\"
          RenderInline {SPAN} at (0,0) size 4x20
            RenderText {#text} at (392,0) size 4x20
              text run at (392,0) width 4: "\\"
          RenderInline {SPAN} at (0,0) size 4x20
            RenderText {#text} at (396,0) size 4x20
              text run at (396,0) width 4: "\\"
        RenderInline {SPAN} at (0,0) size 4x20
          RenderText {#text} at (400,0) size 4x20
            text run at (400,0) width 4: "\\"
      RenderBlock {DIV} at (0,661) size 765x20
        RenderInline {SPAN} at (0,0) size 406x20
          RenderText {#text} at (0,0) size 390x20
            text run at (0,0) width 390: "Using font \"MS Gothic, foobar\". expected: yen sign, actual: \x{A5}"
          RenderInline {SPAN} at (0,0) size 8x20
            RenderText {#text} at (390,0) size 8x20
              text run at (390,0) width 8: "\x{A5}"
          RenderInline {SPAN} at (0,0) size 8x20
            RenderText {#text} at (398,0) size 8x20
              text run at (398,0) width 8: "\x{A5}"
        RenderInline {SPAN} at (0,0) size 8x20
          RenderText {#text} at (406,0) size 8x20
            text run at (406,0) width 8: "\x{A5}"
      RenderBlock {DIV} at (0,681) size 765x20
        RenderInline {SPAN} at (0,0) size 402x20
          RenderText {#text} at (0,0) size 394x20
            text run at (0,0) width 394: "Using font \"foobar, MS Gothic\". expected: backslash, actual: \\"
          RenderInline {SPAN} at (0,0) size 4x20
            RenderText {#text} at (394,0) size 4x20
              text run at (394,0) width 4: "\\"
          RenderInline {SPAN} at (0,0) size 4x20
            RenderText {#text} at (398,0) size 4x20
              text run at (398,0) width 4: "\\"
        RenderInline {SPAN} at (0,0) size 4x20
          RenderText {#text} at (402,0) size 4x20
            text run at (402,0) width 4: "\\"
      RenderBlock {DIV} at (0,701) size 765x20
        RenderInline {SPAN} at (0,0) size 361x20
          RenderText {#text} at (0,0) size 345x20
            text run at (0,0) width 345: "Using font \"serif, Times\". expected: yen sign, actual: \x{A5}"
          RenderInline {SPAN} at (0,0) size 8x20
            RenderText {#text} at (345,0) size 8x20
              text run at (345,0) width 8: "\x{A5}"
          RenderInline {SPAN} at (0,0) size 8x20
            RenderText {#text} at (353,0) size 8x20
              text run at (353,0) width 8: "\x{A5}"
        RenderInline {SPAN} at (0,0) size 8x20
          RenderText {#text} at (361,0) size 8x20
            text run at (361,0) width 8: "\x{A5}"
      RenderBlock {DIV} at (0,721) size 765x20
        RenderInline {SPAN} at (0,0) size 357x20
          RenderText {#text} at (0,0) size 349x20
            text run at (0,0) width 349: "Using font \"Times, serif\". expected: backslash, actual: \\"
          RenderInline {SPAN} at (0,0) size 4x20
            RenderText {#text} at (349,0) size 4x20
              text run at (349,0) width 4: "\\"
          RenderInline {SPAN} at (0,0) size 4x20
            RenderText {#text} at (353,0) size 4x20
              text run at (353,0) width 4: "\\"
        RenderInline {SPAN} at (0,0) size 4x20
          RenderText {#text} at (357,0) size 4x20
            text run at (357,0) width 4: "\\"
      RenderBlock {DIV} at (0,741) size 765x20
        RenderInline {SPAN} at (0,0) size 349x20
          RenderText {#text} at (0,0) size 333x20
            text run at (0,0) width 333: "Using font \"serif, serif\". expected: yen sign, actual: \x{A5}"
          RenderInline {SPAN} at (0,0) size 8x20
            RenderText {#text} at (333,0) size 8x20
              text run at (333,0) width 8: "\x{A5}"
          RenderInline {SPAN} at (0,0) size 8x20
            RenderText {#text} at (341,0) size 8x20
              text run at (341,0) width 8: "\x{A5}"
        RenderInline {SPAN} at (0,0) size 8x20
          RenderText {#text} at (349,0) size 8x20
            text run at (349,0) width 8: "\x{A5}"
      RenderBlock {DIV} at (0,761) size 765x20
        RenderInline {SPAN} at (0,0) size 371x20
          RenderText {#text} at (0,0) size 363x20
            text run at (0,0) width 363: "Using font \"foobar, Times\". expected: backslash, actual: \\"
          RenderInline {SPAN} at (0,0) size 4x20
            RenderText {#text} at (363,0) size 4x20
              text run at (363,0) width 4: "\\"
          RenderInline {SPAN} at (0,0) size 4x20
            RenderText {#text} at (367,0) size 4x20
              text run at (367,0) width 4: "\\"
        RenderInline {SPAN} at (0,0) size 4x20
          RenderText {#text} at (371,0) size 4x20
            text run at (371,0) width 4: "\\"
      RenderBlock {DIV} at (0,781) size 765x20
        RenderInline {SPAN} at (0,0) size 371x20
          RenderText {#text} at (0,0) size 363x20
            text run at (0,0) width 363: "Using font \"Times, foobar\". expected: backslash, actual: \\"
          RenderInline {SPAN} at (0,0) size 4x20
            RenderText {#text} at (363,0) size 4x20
              text run at (363,0) width 4: "\\"
          RenderInline {SPAN} at (0,0) size 4x20
            RenderText {#text} at (367,0) size 4x20
              text run at (367,0) width 4: "\\"
        RenderInline {SPAN} at (0,0) size 4x20
          RenderText {#text} at (371,0) size 4x20
            text run at (371,0) width 4: "\\"
