layer at (0,0) size 800x600
  RenderView at (0,0) size 800x600
layer at (0,0) size 800x600
  RenderBlock {HTML} at (0,0) size 800x600
    RenderBody {BODY} at (8,8) size 784x584
      RenderBlock {P} at (0,0) size 784x20
        RenderText {#text} at (0,0) size 754x19
          text run at (0,0) width 754: "Test appearances of spin buttons. Disabled state and read-only state should have appearances different from the normal state."
      RenderBlock {DIV} at (0,36) size 784x34
        RenderInline {LABEL} at (0,0) size 334x19
          RenderTextControl {INPUT} at (2,2) size 248x30 [bgcolor=#FFFFFF] [border: (2px inset #000000)]
            RenderBlock {DIV} at (226,2) size 15x26
            RenderBlock {DIV} at (245,3) size 0x24
          RenderText {#text} at (252,9) size 82x19
            text run at (252,9) width 82: " Normal state"
      RenderBlock {DIV} at (0,70) size 784x34
        RenderInline {LABEL} at (0,0) size 341x19
          RenderTextControl {INPUT} at (2,2) size 248x30 [bgcolor=#FFFFFF] [border: (2px inset #000000)]
            RenderBlock {DIV} at (226,2) size 15x26
            RenderBlock {DIV} at (245,3) size 0x24
          RenderText {#text} at (252,9) size 89x19
            text run at (252,9) width 89: " Disabled state"
      RenderBlock {DIV} at (0,104) size 784x34
        RenderInline {LABEL} at (0,0) size 351x19
          RenderTextControl {INPUT} at (2,2) size 248x30 [bgcolor=#FFFFFF] [border: (2px inset #000000)]
            RenderBlock {DIV} at (226,2) size 15x26
            RenderBlock {DIV} at (245,3) size 0x24
          RenderText {#text} at (252,9) size 99x19
            text run at (252,9) width 99: " Read-only state"
layer at (13,49) size 222x24
  RenderBlock {DIV} at (3,3) size 222x24
    RenderText {#text} at (1,0) size 11x23
      text run at (1,0) width 11: "0"
layer at (13,83) size 222x24
  RenderBlock {DIV} at (3,3) size 222x24 [color=#545454]
    RenderText {#text} at (1,0) size 11x23
      text run at (1,0) width 11: "0"
layer at (13,117) size 222x24
  RenderBlock {DIV} at (3,3) size 222x24
    RenderText {#text} at (1,0) size 11x23
      text run at (1,0) width 11: "0"
