layer at (0,0) size 800x600
  RenderView at (0,0) size 800x600
layer at (0,0) size 800x92
  RenderBlock {HTML} at (0,0) size 800x92
    RenderBody {BODY} at (8,8) size 784x68
      RenderTable {TABLE} at (0,0) size 59x32 [border: (1px outset #808080)]
        RenderTableSection {TBODY} at (1,1) size 57x30
          RenderTableRow {TR} at (0,2) size 57x26
            RenderTableCell {TD} at (2,2) size 53x26 [border: (1px inset #808080)] [r=0 c=0 rs=1 cs=1]
              RenderMenuList {SELECT} at (4,4) size 45x18 [bgcolor=#DDDDDD]
                RenderBlock (anonymous) at (0,0) size 45x18
                  RenderText at (4,1) size 22x16
                    text run at (4,1) width 22: "test"
      RenderBlock {P} at (0,48) size 784x20
        RenderText {#text} at (0,0) size 425x19
          text run at (0,0) width 425: "The select element in the table above must not spill outside of the table."
