layer at (0,0) size 800x600
  RenderView at (0,0) size 800x600
layer at (0,0) size 800x600
  RenderBlock {HTML} at (0,0) size 800x600
    RenderBody {BODY} at (8,8) size 784x584
      RenderBlock {P} at (0,0) size 784x19
        RenderText {#text} at (0,0) size 333x19
          text run at (0,0) width 333: "This tests to see if spaces are lost during a copy/paste"
      RenderBlock {HR} at (0,35) size 784x2 [border: (1px inset #000000)]
      RenderBlock {DIV} at (0,45) size 784x209
        RenderBlock (anonymous) at (0,0) size 784x19
          RenderText {#text} at (0,0) size 20x19
            text run at (0,0) width 20: "x x"
        RenderBlock {DIV} at (0,19) size 784x19
          RenderText {#text} at (0,0) size 24x19
            text run at (0,0) width 24: "x  x"
        RenderBlock {DIV} at (0,38) size 784x19
          RenderText {#text} at (0,0) size 28x19
            text run at (0,0) width 28: "x   x"
        RenderBlock {DIV} at (0,57) size 784x19
          RenderText {#text} at (0,0) size 32x19
            text run at (0,0) width 32: "x    x"
        RenderBlock {DIV} at (0,76) size 784x19
          RenderText {#text} at (0,0) size 36x19
            text run at (0,0) width 36: "x     x"
        RenderBlock {DIV} at (0,95) size 784x19
          RenderText {#text} at (0,0) size 40x19
            text run at (0,0) width 40: "x      x"
        RenderBlock {DIV} at (0,114) size 784x19
          RenderText {#text} at (0,0) size 44x19
            text run at (0,0) width 44: "x       x"
        RenderBlock {DIV} at (0,133) size 784x19
          RenderText {#text} at (0,0) size 48x19
            text run at (0,0) width 48: "x        x"
        RenderBlock {DIV} at (0,152) size 784x19
          RenderText {#text} at (0,0) size 52x19
            text run at (0,0) width 52: "x         x"
        RenderBlock {DIV} at (0,171) size 784x19
          RenderText {#text} at (0,0) size 56x19
            text run at (0,0) width 56: "x          x"
        RenderBlock {DIV} at (0,190) size 784x19
          RenderBR {BR} at (0,0) size 0x19
caret: position 0 of child 0 {BR} of child 10 {DIV} of child 5 {DIV} of body
