layer at (0,0) size 800x600
  RenderView at (0,0) size 800x600
layer at (0,0) size 800x600
  RenderBlock {HTML} at (0,0) size 800x600
    RenderBody {BODY} at (8,8) size 784x584
      RenderBlock {P} at (0,0) size 784x19
        RenderText {#text} at (0,0) size 365x19
          text run at (0,0) width 365: "This tests to see if trailing spaces are lost during a copy/paste"
      RenderBlock {HR} at (0,35) size 784x2 [border: (1px inset #000000)]
      RenderBlock {DIV} at (0,45) size 784x27 [border: (2px solid #FFAAAA)]
        RenderBlock {DIV} at (2,2) size 780x23 [border: (2px solid #AAAAFF)]
          RenderText {#text} at (2,2) size 547x19
            text run at (2,2) width 547: "there should be a single trailing space between the '.' and the last character in this sentence ."
caret: position 96 of child 0 {#text} of child 1 {DIV} of child 5 {DIV} of body
