layer at (0,0) size 800x600
  RenderView at (0,0) size 800x600
layer at (0,0) size 800x600
  RenderBlock {HTML} at (0,0) size 800x600
    RenderBody {BODY} at (8,8) size 784x584
      RenderBlock {P} at (0,0) size 784x38
        RenderText {#text} at (0,0) size 764x38
          text run at (0,0) width 690: "This tests for a bug where content pasted at the end of a paragraph would be inserted into the next paragraph. "
          text run at (690,0) width 74: "You should"
          text run at (0,19) width 145: "see 'helloworld' below."
      RenderBlock {DIV} at (0,54) size 784x19
        RenderText {#text} at (0,0) size 31x19
          text run at (0,0) width 31: "hello"
        RenderText {#text} at (31,0) size 37x19
          text run at (31,0) width 37: "world"
caret: position 5 of child 1 {#text} of child 2 {DIV} of body
