layer at (0,0) size 800x600
  RenderView at (0,0) size 800x600
layer at (0,0) size 800x600
  RenderBlock {HTML} at (0,0) size 800x600
    RenderBody {BODY} at (8,8) size 784x584
      RenderBlock {P} at (0,0) size 784x38
        RenderText {#text} at (0,0) size 760x38
          text run at (0,0) width 304: "This test for a bug copy/pasting underlined text. "
          text run at (304,0) width 456: "The color of the underline should be the color of the element that has the"
          text run at (0,19) width 155: "text-decoration property."
      RenderBlock {DIV} at (0,54) size 784x19
        RenderInline {SPAN} at (0,0) size 168x19 [color=#0000FF]
          RenderInline {SPAN} at (0,0) size 168x19 [color=#FF0000]
            RenderText {#text} at (0,0) size 168x19
              text run at (0,0) width 168: "This should be underlined."
      RenderBlock {DIV} at (0,73) size 784x19
        RenderInline {SPAN} at (0,0) size 168x19 [color=#0000FF]
          RenderInline {SPAN} at (0,0) size 168x19 [color=#FF0000]
            RenderText {#text} at (0,0) size 168x19
              text run at (0,0) width 168: "This should be underlined."
caret: position 26 of child 0 {#text} of child 0 {SPAN} of child 0 {SPAN} of child 4 {DIV} of body
