EDITING DELEGATE: shouldBeginEditingInDOMRange:range from 0 of DIV > BODY > HTML > #document to 3 of DIV > BODY > HTML > #document
EDITING DELEGATE: webViewDidBeginEditing:WebViewDidBeginEditingNotification
EDITING DELEGATE: webViewDidChangeSelection:WebViewDidChangeSelectionNotification
EDITING DELEGATE: webViewDidChangeSelection:WebViewDidChangeSelectionNotification
EDITING DELEGATE: webViewDidChangeSelection:WebViewDidChangeSelectionNotification
EDITING DELEGATE: webViewDidChangeSelection:WebViewDidChangeSelectionNotification
EDITING DELEGATE: webViewDidChangeSelection:WebViewDidChangeSelectionNotification
EDITING DELEGATE: webViewDidChangeSelection:WebViewDidChangeSelectionNotification
EDITING DELEGATE: webViewDidChangeSelection:WebViewDidChangeSelectionNotification
EDITING DELEGATE: shouldDeleteDOMRange:range from 1 of #text > P > CENTER > DIV > DIV > BODY > HTML > #document to 86 of #text > P > CENTER > DIV > DIV > BODY > HTML > #document
EDITING DELEGATE: webViewDidChangeSelection:WebViewDidChangeSelectionNotification
EDITING DELEGATE: shouldChangeSelectedDOMRange:(null) toDOMRange:range from 0 of P > CENTER > DIV > DIV > BODY > HTML > #document to 0 of P > CENTER > DIV > DIV > BODY > HTML > #document affinity:NSSelectionAffinityDownstream stillSelecting:FALSE
EDITING DELEGATE: webViewDidChangeSelection:WebViewDidChangeSelectionNotification
EDITING DELEGATE: webViewDidChange:WebViewDidChangeNotification
EDITING DELEGATE: shouldInsertNode:#document-fragment replacingDOMRange:range from 0 of P > CENTER > DIV > DIV > BODY > HTML > #document to 0 of P > CENTER > DIV > DIV > BODY > HTML > #document givenAction:WebViewInsertActionPasted
EDITING DELEGATE: webViewDidChangeSelection:WebViewDidChangeSelectionNotification
EDITING DELEGATE: shouldChangeSelectedDOMRange:(null) toDOMRange:range from 85 of #text > P > P > CENTER > DIV > DIV > BODY > HTML > #document to 85 of #text > P > P > CENTER > DIV > DIV > BODY > HTML > #document affinity:NSSelectionAffinityDownstream stillSelecting:FALSE
EDITING DELEGATE: webViewDidChangeSelection:WebViewDidChangeSelectionNotification
EDITING DELEGATE: webViewDidChange:WebViewDidChangeNotification
layer at (0,0) size 800x600
  RenderView at (0,0) size 800x600
layer at (0,0) size 800x600
  RenderBlock {HTML} at (0,0) size 800x600
    RenderBody {BODY} at (8,8) size 784x584
      RenderBlock {DIV} at (0,0) size 784x128 [border: (2px solid #0000FF)]
        RenderBlock {DIV} at (14,14) size 756x42
          RenderText {#text} at (0,0) size 51x21
            text run at (0,0) width 51: "Tests: "
          RenderBR {BR} at (0,0) size 0x0
          RenderText {#text} at (0,21) size 86x21
            text run at (0,21) width 86: "Bug fix for "
          RenderInline {A} at (0,0) size 192x21 [color=#0000EE]
            RenderText {#text} at (86,21) size 192x21
              text run at (86,21) width 192: "<rdar://problem/4180820>"
          RenderText {#text} at (278,21) size 390x21
            text run at (278,21) width 390: " Erroneous spacing between lines introduced on paste"
        RenderBlock (anonymous) at (14,72) size 756x42
          RenderText {#text} at (0,0) size 713x42
            text run at (0,0) width 711: "Applying block styles, like text-align, used to wrap paragraphs that needed block style changes in"
            text run at (0,21) width 324: "clones of other paragraphs in the document. "
            text run at (324,21) width 389: "This would almost always introduce unwanted styles."
      RenderBlock {DIV} at (0,152) size 784x184
        RenderBlock {DIV} at (0,0) size 784x184 [border: (2px solid #FF0000)]
          RenderBlock {CENTER} at (2,20) size 780x144
            RenderBlock {P} at (0,0) size 780x144
              RenderBlock {P} at (0,0) size 780x105
                RenderText {#text} at (2,0) size 72x21
                  text run at (2,0) width 72: "This is an"
                RenderText {#text} at (73,0) size 6x21
                  text run at (73,0) width 6: " "
                RenderInline {B} at (0,0) size 83x21
                  RenderText {#text} at (78,0) size 83x21
                    text run at (78,0) width 83: "interactive"
                RenderText {#text} at (160,0) size 6x21
                  text run at (160,0) width 6: " "
                RenderText {#text} at (165,0) size 616x42
                  text run at (165,0) width 613: "documentation site, so please help out by posting any useful information that you've"
                  text run at (777,0) width 4: " "
                  text run at (325,21) width 130: "had to search out."
                RenderBR {BR} at (454,38) size 1x0
                RenderText {#text} at (20,42) size 111x21
                  text run at (20,42) width 111: "(Adding to this"
                RenderText {#text} at (130,42) size 6x21
                  text run at (130,42) width 6: " "
                RenderInline {A} at (0,0) size 108x21 [color=#0000EE]
                  RenderText {#text} at (135,42) size 108x21
                    text run at (135,42) width 108: "wiki is so easy"
                RenderText {#text} at (242,42) size 203x21
                  text run at (242,42) width 203: ", you can't screw it up). See"
                RenderText {#text} at (444,42) size 6x21
                  text run at (444,42) width 6: " "
                RenderInline {A} at (0,0) size 115x21 [color=#0000EE]
                  RenderText {#text} at (449,42) size 115x21
                    text run at (449,42) width 115: "Wiki Reference"
                RenderText {#text} at (563,42) size 6x21
                  text run at (563,42) width 6: " "
                RenderText {#text} at (568,42) size 192x21
                  text run at (568,42) width 192: "for text formatting syntax."
                RenderBR {BR} at (759,59) size 1x0
                RenderText {#text} at (161,63) size 278x21
                  text run at (161,63) width 278: "Info for setting up your own wiki is at"
                RenderText {#text} at (439,63) size 5x21
                  text run at (439,63) width 5: " "
                RenderInline {A} at (0,0) size 170x21 [color=#0000EE]
                  RenderText {#text} at (444,63) size 170x21
                    text run at (444,63) width 170: "about howto.apple.com"
                RenderText {#text} at (614,63) size 5x21
                  text run at (614,63) width 5: "."
                RenderBR {BR} at (619,80) size 0x0
                RenderText {#text} at (96,84) size 510x21
                  text run at (96,84) width 510: "Check out a cool wiki editor application that helps in wiki generation:"
                RenderText {#text} at (605,84) size 6x21
                  text run at (605,84) width 6: " "
                RenderInline {A} at (0,0) size 74x21 [color=#0000EE]
                  RenderText {#text} at (610,84) size 74x21
                    text run at (610,84) width 74: "Wikinator"
              RenderBlock {P} at (0,123) size 780x21
                RenderText {#text} at (85,0) size 610x21
                  text run at (85,0) width 610: "Start browsing the topics below, or use the search field at the bottom of every page."
              RenderBlock (anonymous) at (0,162) size 780x0
caret: position 85 of child 0 {#text} of child 1 {P} of child 1 {P} of child 1 {CENTER} of child 1 {DIV} of child 3 {DIV} of body
