layer at (0,0) size 800x600
  RenderView at (0,0) size 800x600
layer at (0,0) size 800x600
  RenderBlock {HTML} at (0,0) size 800x600
    RenderBody {BODY} at (8,8) size 784x584
      RenderBlock {P} at (0,0) size 784x38
        RenderText {#text} at (0,0) size 719x38
          text run at (0,0) width 719: "This tests non-smartmove drag/drop. The space should be deleted on move, but not reinserted on drop, resulting in"
          text run at (0,19) width 86: "\"worldhello\"."
      RenderBlock {DIV} at (0,54) size 784x19
        RenderText {#text} at (0,0) size 41x19
          text run at (0,0) width 41: " world"
        RenderText {#text} at (41,0) size 31x19
          text run at (41,0) width 31: "hello"
selection start: position 0 of child 1 {#text} of child 3 {DIV} of body
selection end:   position 5 of child 1 {#text} of child 3 {DIV} of body
