layer at (0,0) size 800x600
  RenderView at (0,0) size 800x600
layer at (0,0) size 800x600
  RenderBlock {HTML} at (0,0) size 800x600
    RenderBody {BODY} at (8,8) size 784x584
      RenderBlock {P} at (0,0) size 784x40
        RenderText {#text} at (0,0) size 104x20
          text run at (0,0) width 104: "This is a test for "
        RenderInline {I} at (0,0) size 751x40
          RenderInline {A} at (0,0) size 348x20 [color=#0000EE]
            RenderText {#text} at (104,0) size 348x20
              text run at (104,0) width 348: "http://bugzilla.opendarwin.org/show_bug.cgi?id=8394"
          RenderText {#text} at (452,0) size 751x40
            text run at (452,0) width 4: " "
            text run at (456,0) width 295: "Editable region does not accept dropped text if"
            text run at (0,20) width 125: "there is no selection"
        RenderText {#text} at (125,20) size 4x20
          text run at (125,20) width 4: "."
      RenderBlock {P} at (0,56) size 784x20
        RenderText {#text} at (0,0) size 653x20
          text run at (0,0) width 478: "The text field should accept drag-and-dropped text, such as the link, even if "
          text run at (478,0) width 175: "no text is currently selected."
      RenderBlock {HR} at (0,92) size 784x2 [border: (1px inset #000000)]
      RenderBlock (anonymous) at (0,102) size 784x30
        RenderTextControl {INPUT} at (2,2) size 168x26 [bgcolor=#FFFFFF]
        RenderText {#text} at (172,5) size 4x20
          text run at (172,5) width 4: " "
        RenderInline {A} at (0,0) size 162x20 [color=#0000EE]
          RenderText {#text} at (176,5) size 162x20
            text run at (176,5) width 162: "drop me into the text field"
        RenderText {#text} at (0,0) size 0x0
        RenderText {#text} at (0,0) size 0x0
layer at (13,115) size 162x20
  RenderBlock {DIV} at (3,3) size 162x20
    RenderText {#text} at (1,0) size 135x20
      text run at (1,0) width 135: "http://www.ibm.com/"
selection start: position 0 of child 0 {#text} of child 0 {DIV} of child 7 {INPUT} of body
selection end:   position 19 of child 0 {#text} of child 0 {DIV} of child 7 {INPUT} of body
