EDITING DELEGATE: shouldBeginEditingInDOMRange:range from 0 of DIV > BODY > HTML > #document to 1 of DIV > BODY > HTML > #document
EDITING DELEGATE: webViewDidBeginEditing:WebViewDidBeginEditingNotification
EDITING DELEGATE: webViewDidChangeSelection:WebViewDidChangeSelectionNotification
EDITING DELEGATE: webViewDidChangeSelection:WebViewDidChangeSelectionNotification
EDITING DELEGATE: shouldChangeSelectedDOMRange:range from 3 of #text > DIV > BODY > HTML > #document to 3 of #text > DIV > BODY > HTML > #document toDOMRange:range from 3 of #text > DIV > DIV > BODY > HTML > #document to 3 of #text > DIV > DIV > BODY > HTML > #document affinity:NSSelectionAffinityDownstream stillSelecting:FALSE
EDITING DELEGATE: webViewDidChangeSelection:WebViewDidChangeSelectionNotification
EDITING DELEGATE: webViewDidChange:WebViewDidChangeNotification
layer at (0,0) size 800x600
  RenderView at (0,0) size 800x600
layer at (0,0) size 800x600
  RenderBlock {HTML} at (0,0) size 800x600
    RenderBody {BODY} at (8,8) size 784x584
      RenderBlock {P} at (0,0) size 784x38
        RenderText {#text} at (0,0) size 766x38
          text run at (0,0) width 766: "This tests for a bug where pasted content starting with an interchange newline would end up outside of the editable region"
          text run at (0,19) width 132: "where it was pasted. "
          text run at (132,19) width 208: "You should see 'foo\\nbar' below."
      RenderBlock {DIV} at (0,54) size 784x38
        RenderBlock (anonymous) at (0,0) size 784x19
          RenderText {#text} at (0,0) size 21x19
            text run at (0,0) width 21: "foo"
        RenderBlock {DIV} at (0,19) size 784x19
          RenderText {#text} at (0,0) size 20x19
            text run at (0,0) width 20: "bar"
      RenderBlock (anonymous) at (0,92) size 784x19
        RenderText {#text} at (0,0) size 78x19
          text run at (0,0) width 78: "non-editable"
caret: position 3 of child 0 {#text} of child 1 {DIV} of child 2 {DIV} of body
