layer at (0,0) size 800x600
  RenderView at (0,0) size 800x600
layer at (0,0) size 800x600
  RenderBlock {HTML} at (0,0) size 800x600
    RenderBody {BODY} at (8,8) size 784x584
      RenderBlock {DIV} at (0,0) size 784x149
        RenderBlock {DIV} at (0,0) size 784x130
          RenderBlock {P} at (0,0) size 784x19
            RenderText {#text} at (0,0) size 608x19
              text run at (0,0) width 608: "This tests pasting a blockquote into a blockquote. Nothing below should be double-blockquoted."
          RenderBlock {BLOCKQUOTE} at (0,35) size 784x76 [color=#0000FF] [border: (2px solid #0000FF)]
            RenderText {#text} at (22,0) size 23x19
              text run at (22,0) width 23: "one"
            RenderBR {BR} at (45,15) size 0x0
            RenderText {#text} at (22,19) size 24x19
              text run at (22,19) width 24: "two"
            RenderBR {BR} at (46,34) size 0x0
            RenderText {#text} at (22,38) size 31x19
              text run at (22,38) width 31: "three"
            RenderBR {BR} at (53,53) size 0x0
            RenderText {#text} at (22,57) size 24x19
              text run at (22,57) width 24: "two"
          RenderBlock (anonymous) at (0,111) size 784x0
          RenderBlock {BLOCKQUOTE} at (0,111) size 784x19 [color=#0000FF] [border: (2px solid #0000FF)]
            RenderBR {BR} at (22,0) size 0x19
        RenderBlock (anonymous) at (0,130) size 784x19
          RenderBR {BR} at (0,0) size 0x19
caret: position 3 of child 6 {#text} of child 3 {BLOCKQUOTE} of child 1 {DIV} of child 1 {DIV} of body
