layer at (0,0) size 800x600
  RenderView at (0,0) size 800x600
layer at (0,0) size 800x600
  RenderBlock {HTML} at (0,0) size 800x600
    RenderBody {BODY} at (8,8) size 784x584
      RenderBlock {P} at (0,0) size 784x38
        RenderText {#text} at (0,0) size 782x38
          text run at (0,0) width 782: "This tests pasting a nested blockquote into a blockquote. The first line below should be singly-blockquoted, and the second should"
          text run at (0,19) width 112: "be doubly-quoted."
      RenderBlock {DIV} at (0,54) size 784x38
        RenderBlock {BLOCKQUOTE} at (0,0) size 784x19 [color=#0000FF] [border: (2px solid #0000FF)]
          RenderText {#text} at (22,0) size 26x19
            text run at (22,0) width 26: "One"
          RenderText {#text} at (48,0) size 28x19
            text run at (48,0) width 28: "Two"
        RenderBlock (anonymous) at (0,19) size 784x0
          RenderInline {SPAN} at (0,0) size 0x0
        RenderBlock (anonymous) at (0,19) size 784x19
          RenderBlock {BLOCKQUOTE} at (0,0) size 784x19 [color=#0000FF] [border: (2px solid #0000FF)]
            RenderBlock {BLOCKQUOTE} at (22,0) size 762x19 [border: (2px solid #0000FF)]
              RenderBlock {DIV} at (22,0) size 740x19
                RenderText {#text} at (0,0) size 35x19
                  text run at (0,0) width 35: "Three"
        RenderBlock (anonymous) at (0,38) size 784x0
          RenderInline {SPAN} at (0,0) size 0x0
caret: position 5 of child 0 {#text} of child 0 {DIV} of child 0 {BLOCKQUOTE} of child 0 {BLOCKQUOTE} of child 1 {SPAN} of child 2 {DIV} of body
