layer at (0,0) size 800x600
  RenderView at (0,0) size 800x600
layer at (0,0) size 800x600
  RenderBlock {HTML} at (0,0) size 800x600
    RenderBody {BODY} at (8,8) size 784x584
      RenderBlock {DIV} at (0,0) size 784x56 [border: (2px solid #FF0000)]
        RenderText {#text} at (14,14) size 62x28
          text run at (14,14) width 62: "There "
        RenderText {#text} at (76,14) size 280x28
          text run at (76,14) width 280: "is a tide in the affairs of men,"
      RenderBlock {DIV} at (0,56) size 784x56 [border: (2px solid #FF0000)]
        RenderText {#text} at (14,14) size 123x28
          text run at (14,14) width 123: "Which taken"
        RenderText {#text} at (137,14) size 280x28
          text run at (137,14) width 280: "is a tide in the affairs of men,"
      RenderBlock {DIV} at (0,112) size 784x56 [border: (2px solid #FF0000)]
        RenderText {#text} at (14,14) size 123x28
          text run at (14,14) width 123: "Which taken"
        RenderText {#text} at (137,14) size 308x28
          text run at (137,14) width 308: " at the flood leads on to fortune."
      RenderBlock {DIV} at (0,168) size 784x56 [border: (2px solid #FF0000)]
        RenderText {#text} at (14,14) size 343x28
          text run at (14,14) width 343: "Omitted, all the voyage of their life,"
      RenderBlock {DIV} at (0,224) size 784x56 [border: (2px solid #FF0000)]
        RenderText {#text} at (14,14) size 350x28
          text run at (14,14) width 350: "Is bound in shallows and in miseries."
caret: position 11 of child 0 {#text} of child 3 {DIV} of body
