layer at (0,0) size 800x600
  RenderView at (0,0) size 800x600
layer at (0,0) size 800x600
  RenderBlock {HTML} at (0,0) size 800x600
    RenderBody {BODY} at (0,0) size 800x584
      RenderBlock (anonymous) at (0,0) size 800x304
        RenderPartObject {IFRAME} at (0,0) size 304x304 [border: (2px inset #000000)]
          layer at (0,0) size 300x300
            RenderView at (0,0) size 300x300
          layer at (0,0) size 300x300
            RenderBlock {HTML} at (0,0) size 300x300
              RenderBody {BODY} at (8,8) size 284x284 [bgcolor=#FFFFE0]
                RenderText {#text} at (0,0) size 51x20
                  text run at (0,0) width 51: "foo  baz"
                RenderText {#text} at (51,0) size 20x20
                  text run at (51,0) width 20: "bar"
        RenderText {#text} at (0,0) size 0x0
      RenderBlock {P} at (0,320) size 800x40
        RenderText {#text} at (0,0) size 795x40
          text run at (0,0) width 795: "This test uses the eventSender to do drag and drop. To run it manually, drag the word selected in the above subframe and drop"
          text run at (0,20) width 80: "it after 'baz'. "
          text run at (80,20) width 213: "The result should be 'foo baz bar'."
