layer at (0,0) size 784x714
  RenderView at (0,0) size 784x600
layer at (0,0) size 784x714
  RenderBlock {HTML} at (0,0) size 784x714
    RenderBody {BODY} at (8,16) size 768x682
      RenderBlock {P} at (0,0) size 768x63
        RenderText {#text} at (0,0) size 767x63
          text run at (0,0) width 493: "Following table should have 6px solid blue border around cell 3, red 5px "
          text run at (493,0) width 274: "solid border around the rest of table and"
          text run at (0,21) width 255: "green 4px solid border between cell 1 "
          text run at (255,21) width 484: "and cell 2. The red border should override the green border around the"
          text run at (0,42) width 32: "cells "
          text run at (32,42) width 533: "because it's thicker and the blue border should override the red border for the "
          text run at (565,42) width 87: "same reason."
      RenderTable {TABLE} at (0,79) size 168x35 [border: (3px solid #FF0000)]
        RenderTableSection {TBODY} at (2,3) size 163x29
          RenderTableRow {TR} at (0,0) size 163x29
            RenderTableCell {TD} at (0,0) size 54x28 [border: (3px solid #008000)] [r=0 c=0 rs=1 cs=1]
              RenderText {#text} at (4,4) size 47x21
                text run at (4,4) width 47: "Cell #1"
            RenderTableCell {TD} at (54,0) size 54x28 [border: (3px solid #008000)] [r=0 c=1 rs=1 cs=1]
              RenderText {#text} at (3,4) size 47x21
                text run at (3,4) width 47: "Cell #2"
            RenderTableCell {TD} at (108,0) size 55x29 [border: (3px solid #0000FF)] [r=0 c=2 rs=1 cs=1]
              RenderText {#text} at (4,4) size 47x21
                text run at (4,4) width 47: "Cell #3"
      RenderBlock {P} at (0,130) size 768x21
        RenderText {#text} at (0,0) size 27x21
          text run at (0,0) width 27: "See "
        RenderInline {A} at (0,0) size 238x21 [color=#0000EE]
          RenderText {#text} at (27,0) size 238x21
            text run at (27,0) width 75: "17.6.2 The "
            text run at (102,0) width 163: "collapsing border model"
        RenderText {#text} at (265,0) size 128x21
          text run at (265,0) width 128: " for following tests:"
      RenderTable {TABLE} at (0,167) size 158x287 [border: (2px solid #FFFF00)]
        RenderTableCol {COLGROUP} at (0,0) size 0x0
          RenderTableCol {COL} at (0,0) size 0x0 [border: (3px solid #000000)]
          RenderTableCol {COL} at (0,0) size 0x0
          RenderTableCol {COL} at (0,0) size 0x0
        RenderTableSection {TBODY} at (2,2) size 153x282
          RenderTableRow {TR} at (0,0) size 153x58
            RenderTableCell {TD} at (0,1) size 52x56 [border: (3px solid #FF0000)] [r=0 c=0 rs=1 cs=1]
              RenderText {#text} at (19,19) size 8x21
                text run at (19,19) width 8: "1"
            RenderTableCell {TD} at (52,0) size 50x58 [border: (3px solid #FF0000)] [r=0 c=1 rs=1 cs=1]
              RenderText {#text} at (18,19) size 8x21
                text run at (18,19) width 8: "2"
            RenderTableCell {TD} at (102,0) size 51x58 [border: (3px solid #FF0000)] [r=0 c=2 rs=1 cs=1]
              RenderText {#text} at (17,19) size 8x21
                text run at (17,19) width 8: "3"
          RenderTableRow {TR} at (0,58) size 153x58
            RenderTableCell {TD} at (0,60) size 52x54 [border: (1px solid #FF0000)] [r=1 c=0 rs=1 cs=1]
              RenderText {#text} at (19,17) size 8x21
                text run at (19,17) width 8: "4"
            RenderTableCell {TD} at (52,58) size 50x58 [border: (3px dashed #0000FF)] [r=1 c=1 rs=1 cs=1]
              RenderText {#text} at (19,19) size 8x21
                text run at (19,19) width 8: "5"
            RenderTableCell {TD} at (102,58) size 51x58 [border: (3px solid #008000)] [r=1 c=2 rs=1 cs=1]
              RenderText {#text} at (19,19) size 8x21
                text run at (19,19) width 8: "6"
          RenderTableRow {TR} at (0,116) size 153x56
            RenderTableCell {TD} at (0,117) size 52x54 [border: (1px solid #FF0000)] [r=2 c=0 rs=1 cs=1]
              RenderText {#text} at (19,17) size 8x21
                text run at (19,17) width 8: "7"
            RenderTableCell {TD} at (52,116) size 50x56 [border: (3px solid #FF0000)] [r=2 c=1 rs=1 cs=1]
              RenderText {#text} at (18,19) size 8x21
                text run at (18,19) width 8: "8"
            RenderTableCell {TD} at (102,116) size 51x56 [border: (3px solid #FF0000)] [r=2 c=2 rs=1 cs=1]
              RenderText {#text} at (17,19) size 8x21
                text run at (17,19) width 8: "9"
          RenderTableRow {TR} at (0,172) size 153x54
            RenderTableCell {TD} at (0,172) size 52x54 [border: (1px solid #FF0000)] [r=3 c=0 rs=1 cs=1]
              RenderText {#text} at (19,17) size 16x21
                text run at (19,17) width 16: "10"
            RenderTableCell {TD} at (52,172) size 50x54 [border: (1px solid #FF0000)] [r=3 c=1 rs=1 cs=1]
              RenderText {#text} at (18,17) size 16x21
                text run at (18,17) width 16: "11"
            RenderTableCell {TD} at (102,172) size 51x54 [border: (1px solid #FF0000)] [r=3 c=2 rs=1 cs=1]
              RenderText {#text} at (17,17) size 16x21
                text run at (17,17) width 16: "12"
          RenderTableRow {TR} at (0,226) size 153x56
            RenderTableCell {TD} at (0,226) size 52x56 [border: (1px solid #FF0000)] [r=4 c=0 rs=1 cs=1]
              RenderText {#text} at (19,17) size 16x21
                text run at (19,17) width 16: "13"
            RenderTableCell {TD} at (52,226) size 50x56 [border: (1px solid #FF0000)] [r=4 c=1 rs=1 cs=1]
              RenderText {#text} at (18,17) size 16x21
                text run at (18,17) width 16: "14"
            RenderTableCell {TD} at (102,226) size 51x56 [border: (1px solid #FF0000)] [r=4 c=2 rs=1 cs=1]
              RenderText {#text} at (17,17) size 16x21
                text run at (17,17) width 16: "15"
      RenderBlock {P} at (0,470) size 768x63
        RenderText {#text} at (0,0) size 385x21
          text run at (0,0) width 385: "This is an example rendering for the previous table from "
        RenderInline {A} at (0,0) size 751x42 [color=#0000EE]
          RenderText {#text} at (385,0) size 751x42
            text run at (385,0) width 366: "http://www.w3.org/TR/REC-CSS2/images/tbl-border-"
            text run at (0,21) width 70: "conflict.gif"
        RenderText {#text} at (70,21) size 9x21
          text run at (70,21) width 9: ": "
        RenderBR {BR} at (0,0) size 0x0
        RenderImage {IMG} at (0,42) size 229x21
        RenderText {#text} at (0,0) size 0x0
      RenderBlock {P} at (0,549) size 768x42
        RenderText {#text} at (0,0) size 760x42
          text run at (0,0) width 521: "Following table should have 2px solid black line between rows. There should "
          text run at (521,0) width 239: "be a total of two lines. There will be"
          text run at (0,21) width 269: "three lines if user agent doesn't support "
        RenderInline {CODE} at (0,0) size 65x16
          RenderText {#text} at (269,24) size 65x16
            text run at (269,24) width 65: "tr:first-child"
        RenderText {#text} at (334,21) size 4x21
          text run at (334,21) width 4: "."
      RenderTable {TABLE} at (0,607) size 150x75 [border: (1px none #808080)]
        RenderTableSection {TBODY} at (0,1) size 150x74
          RenderTableRow {TR} at (0,0) size 150x25 [border: (2px solid #000000) none]
            RenderTableCell {TD} at (0,0) size 50x25 [border: (1px none #000000)] [r=0 c=0 rs=1 cs=1]
              RenderText {#text} at (21,2) size 8x21
                text run at (21,2) width 8: "a"
            RenderTableCell {TD} at (50,0) size 50x25 [border: (1px none #000000)] [r=0 c=1 rs=1 cs=1]
              RenderText {#text} at (20,2) size 10x21
                text run at (20,2) width 10: "b"
            RenderTableCell {TD} at (100,0) size 50x25 [border: (1px none #000000)] [r=0 c=2 rs=1 cs=1]
              RenderText {#text} at (21,2) size 8x21
                text run at (21,2) width 8: "c"
          RenderTableRow {TR} at (0,25) size 150x25 [border: (2px solid #000000) none]
            RenderTableCell {TD} at (0,25) size 50x25 [border: (1px none #000000)] [r=1 c=0 rs=1 cs=1]
              RenderText {#text} at (21,2) size 8x21
                text run at (21,2) width 8: "3"
            RenderTableCell {TD} at (50,25) size 50x25 [border: (1px none #000000)] [r=1 c=1 rs=1 cs=1]
              RenderText {#text} at (21,2) size 8x21
                text run at (21,2) width 8: "4"
            RenderTableCell {TD} at (100,25) size 50x25 [border: (1px none #000000)] [r=1 c=2 rs=1 cs=1]
              RenderText {#text} at (21,2) size 8x21
                text run at (21,2) width 8: "5"
          RenderTableRow {TR} at (0,50) size 150x24 [border: (2px solid #000000) none]
            RenderTableCell {TD} at (0,50) size 50x24 [border: (1px none #000000)] [r=2 c=0 rs=1 cs=1]
              RenderText {#text} at (21,2) size 8x21
                text run at (21,2) width 8: "5"
            RenderTableCell {TD} at (50,50) size 50x24 [border: (1px none #000000)] [r=2 c=1 rs=1 cs=1]
              RenderText {#text} at (17,2) size 16x21
                text run at (17,2) width 16: "12"
            RenderTableCell {TD} at (100,50) size 50x24 [border: (1px none #000000)] [r=2 c=2 rs=1 cs=1]
              RenderText {#text} at (17,2) size 16x21
                text run at (17,2) width 16: "13"
