layer at (0,0) size 800x600
  RenderView at (0,0) size 800x600
layer at (0,0) size 800x600
  RenderBlock {HTML} at (0,0) size 800x600
    RenderBody {BODY} at (8,8) size 784x578
      RenderBlock {BLOCKQUOTE} at (40,0) size 704x131
        RenderBlock {CENTER} at (0,0) size 704x131
          RenderTable {TABLE} at (298,0) size 107x83 [border: (2px none #808080)]
            RenderTableSection {TBODY} at (2,2) size 102x78
              RenderTableRow {TR} at (0,0) size 102x26
                RenderTableCell {TD} at (0,0) size 35x26 [border: (3px groove #0000FF)] [r=0 c=0 rs=1 cs=1]
                  RenderText {#text} at (4,4) size 27x19
                    text run at (4,4) width 27: "EST"
                RenderTableCell {TD} at (35,0) size 67x26 [border: (3px groove #0000FF)] [r=0 c=1 rs=1 cs=1]
                  RenderText {#text} at (4,4) size 60x19
                    text run at (4,4) width 60: "9:00 a.m."
              RenderTableRow {TR} at (0,26) size 102x26
                RenderTableCell {TD} at (0,26) size 35x26 [border: (3px groove #0000FF)] [r=1 c=0 rs=1 cs=1]
                  RenderText {#text} at (4,4) size 28x19
                    text run at (4,4) width 28: "CST"
                RenderTableCell {TD} at (35,26) size 67x26 [border: (3px groove #0000FF)] [r=1 c=1 rs=1 cs=1]
                  RenderText {#text} at (4,4) size 60x19
                    text run at (4,4) width 60: "8:00 a.m."
              RenderTableRow {TR} at (0,52) size 102x26
                RenderTableCell {TD} at (0,52) size 35x26 [border: (3px groove #0000FF)] [r=2 c=0 rs=1 cs=1]
                  RenderText {#text} at (4,4) size 27x19
                    text run at (4,4) width 27: "PST"
                RenderTableCell {TD} at (35,52) size 67x26 [border: (3px groove #0000FF)] [r=2 c=1 rs=1 cs=1]
                  RenderText {#text} at (4,4) size 60x19
                    text run at (4,4) width 60: "6:00 a.m."
          RenderBlock {P} at (0,97) size 704x34
            RenderButton {INPUT} at (278,2) size 72x30 [bgcolor=#C0C0C0]
              RenderBlock (anonymous) at (8,5) size 56x19
                RenderText at (0,0) size 56x19
                  text run at (0,0) width 56: "separate"
            RenderText {#text} at (352,7) size 4x19
              text run at (352,7) width 4: " "
            RenderButton {INPUT} at (358,2) size 68x30 [bgcolor=#C0C0C0]
              RenderBlock (anonymous) at (8,5) size 52x19
                RenderText at (0,0) size 52x19
                  text run at (0,0) width 52: "collapse"
