layer at (0,0) size 800x600
  RenderView at (0,0) size 800x600
layer at (0,0) size 800x600
  RenderBlock {HTML} at (0,0) size 800x600
    RenderBody {BODY} at (8,8) size 784x584
      RenderTable {TABLE} at (0,0) size 770x110
        RenderTableSection {TBODY} at (0,0) size 770x110
          RenderTableRow {TR} at (0,0) size 770x22
            RenderTableCell {TD} at (0,44) size 130x22 [bgcolor=#008000] [r=0 c=0 rs=5 cs=1]
              RenderTable {TABLE} at (0,0) size 130x22
                RenderTableSection {TBODY} at (0,0) size 130x22
                  RenderTableRow {TR} at (0,0) size 130x22
                    RenderTableCell {TD} at (0,0) size 130x22 [r=0 c=0 rs=1 cs=1]
                      RenderImage {IMG} at (0,0) size 130x0
                      RenderBR {BR} at (130,0) size 0x0
                      RenderText {#text} at (0,0) size 8x22
                        text run at (0,0) width 8: "1"
            RenderTableCell {TD} at (130,51) size 1x7 [bgcolor=#FF0000] [r=0 c=1 rs=5 cs=1]
              RenderImage {IMG} at (0,0) size 1x7
            RenderTableCell {TD} at (131,0) size 280x22 [bgcolor=#800080] [r=0 c=2 rs=1 cs=1]
              RenderText {#text} at (0,0) size 8x22
                text run at (0,0) width 8: "3"
            RenderTableCell {TD} at (411,0) size 9x22 [bgcolor=#0000FF] [r=0 c=3 rs=1 cs=1]
              RenderText {#text} at (0,0) size 8x22
                text run at (0,0) width 8: "4"
            RenderTableCell {TD} at (420,0) size 350x22 [bgcolor=#FFA500] [r=0 c=4 rs=1 cs=1]
              RenderText {#text} at (0,0) size 8x22
                text run at (0,0) width 8: "5"
          RenderTableRow {TR} at (0,22) size 770x22
            RenderTableCell {TD} at (131,33) size 280x22 [bgcolor=#800080] [r=1 c=2 rs=2 cs=1]
              RenderImage {IMG} at (0,0) size 280x0
              RenderBR {BR} at (280,0) size 0x0
              RenderText {#text} at (0,0) size 8x22
                text run at (0,0) width 8: "3"
            RenderTableCell {TD} at (411,33) size 9x22 [bgcolor=#0000FF] [r=1 c=3 rs=2 cs=1]
              RenderText {#text} at (0,0) size 8x22
                text run at (0,0) width 8: "4"
            RenderTableCell {TD} at (420,22) size 350x22 [bgcolor=#FFA500] [r=1 c=4 rs=1 cs=1]
              RenderText {#text} at (0,0) size 8x22
                text run at (0,0) width 8: "5"
          RenderTableRow {TR} at (0,44) size 770x22
            RenderTableCell {TD} at (420,44) size 350x22 [r=2 c=4 rs=1 cs=1]
              RenderTable {TABLE} at (0,0) size 350x22 [bgcolor=#FFA500]
                RenderTableSection {TBODY} at (0,0) size 350x22
                  RenderTableRow {TR} at (0,0) size 350x22
                    RenderTableCell {TD} at (0,0) size 273x22 [r=0 c=0 rs=1 cs=1]
                      RenderImage {IMG} at (0,0) size 267x0
                      RenderBR {BR} at (267,0) size 0x0
                      RenderText {#text} at (0,0) size 8x22
                        text run at (0,0) width 8: "5"
                    RenderTableCell {TD} at (273,11) size 77x0 [r=0 c=1 rs=1 cs=1]
                      RenderImage {IMG} at (0,0) size 77x0
          RenderTableRow {TR} at (0,66) size 770x22
            RenderTableCell {TD} at (131,66) size 280x22 [bgcolor=#800080] [r=3 c=2 rs=1 cs=1]
              RenderText {#text} at (0,0) size 8x22
                text run at (0,0) width 8: "3"
            RenderTableCell {TD} at (411,66) size 9x22 [bgcolor=#0000FF] [r=3 c=3 rs=1 cs=1]
              RenderText {#text} at (0,0) size 8x22
                text run at (0,0) width 8: "4"
            RenderTableCell {TD} at (420,66) size 350x22 [bgcolor=#FFA500] [r=3 c=4 rs=1 cs=1]
              RenderText {#text} at (0,0) size 8x22
                text run at (0,0) width 8: "5"
          RenderTableRow {TR} at (0,88) size 770x22
            RenderTableCell {TD} at (131,88) size 280x22 [bgcolor=#800080] [r=4 c=2 rs=1 cs=1]
              RenderText {#text} at (0,0) size 8x22
                text run at (0,0) width 8: "3"
            RenderTableCell {TD} at (411,88) size 9x22 [bgcolor=#0000FF] [r=4 c=3 rs=1 cs=1]
              RenderText {#text} at (0,0) size 8x22
                text run at (0,0) width 8: "4"
            RenderTableCell {TD} at (420,88) size 350x22 [bgcolor=#FFA500] [r=4 c=4 rs=1 cs=1]
              RenderText {#text} at (0,0) size 8x22
                text run at (0,0) width 8: "5"
