layer at (0,0) size 800x600
  RenderView at (0,0) size 800x600
layer at (0,0) size 800x600
  RenderBlock {HTML} at (0,0) size 800x600
    RenderBody {BODY} at (8,8) size 784x584
      RenderTable {TABLE} at (0,0) size 784x132 [bgcolor=#808000]
        RenderTableSection {TBODY} at (0,0) size 784x132
          RenderTableRow {TR} at (0,0) size 784x132
            RenderTableCell {TD} at (0,0) size 78x132 [r=0 c=0 rs=1 cs=1]
              RenderText {#text} at (0,0) size 78x132
                text run at (0,0) width 57: "Dorothy"
                text run at (0,22) width 78: "Rothschild:"
                text run at (0,44) width 38: "Love,"
                text run at (0,66) width 62: "curiosity,"
                text run at (0,88) width 52: "freckles"
                text run at (0,110) width 26: "and"
            RenderTableCell {TD} at (78,0) size 706x22 [bgcolor=#008000] [r=0 c=1 rs=1 cs=1]
              RenderText {#text} at (0,0) size 211x22
                text run at (0,0) width 211: "Animal Friends Rescue Project"
