layer at (0,0) size 800x600
  RenderView at (0,0) size 800x600
layer at (0,0) size 800x600
  RenderBlock {HTML} at (0,0) size 800x600
    RenderBody {BODY} at (8,8) size 784x584
      RenderTable {TABLE} at (0,0) size 161x50
        RenderTableSection {TBODY} at (0,0) size 161x50
          RenderTableRow {TR} at (0,2) size 161x46
            RenderTableCell {TD} at (2,2) size 52x46 [r=0 c=0 rs=1 cs=1]
              RenderText {#text} at (1,1) size 50x44
                text run at (1,1) width 32: "first-"
                text run at (1,23) width 50: "column"
            RenderTableCell {TD} at (56,13) size 103x24 [bgcolor=#BBBBBB] [r=0 c=1 rs=1 cs=1]
              RenderText {#text} at (1,1) size 101x22
                text run at (1,1) width 101: "second-column"
