layer at (0,0) size 784x876
  RenderView at (0,0) size 784x600
layer at (0,0) size 784x876
  RenderBlock {HTML} at (0,0) size 784x876
    RenderBody {BODY} at (8,8) size 768x852
      RenderTable {TABLE} at (0,0) size 768x96
        RenderTableSection {TBODY} at (0,0) size 768x96
          RenderTableRow {TR} at (0,2) size 768x92
            RenderTableCell {TD} at (2,35) size 683x26 [border: (1px solid #008000)] [r=0 c=0 rs=1 cs=1]
              RenderText {#text} at (2,2) size 8x22
                text run at (2,2) width 8: "1"
            RenderTableCell {TD} at (687,2) size 65x92 [border: (1px solid #008000)] [r=0 c=1 rs=1 cs=1]
              RenderText {#text} at (2,2) size 61x88
                text run at (2,2) width 55: "See, this"
                text run at (2,24) width 35: "is the"
                text run at (2,46) width 61: "problem."
                text run at (2,68) width 51: "It will..."
            RenderTableCell {TD} at (754,35) size 12x26 [border: (1px solid #008000)] [r=0 c=2 rs=1 cs=1]
              RenderText {#text} at (2,2) size 8x22
                text run at (2,2) width 8: "3"
      RenderBlock {P} at (0,112) size 768x0
      RenderTable {TABLE} at (0,112) size 768x236
        RenderTableSection {TBODY} at (0,0) size 768x236
          RenderTableRow {TR} at (0,2) size 768x232
            RenderTableCell {TD} at (2,2) size 764x232 [border: (1px solid #008000)] [r=0 c=0 rs=1 cs=1]
              RenderTable {TABLE} at (2,2) size 760x228
                RenderTableSection {TBODY} at (0,0) size 760x228
                  RenderTableRow {TR} at (0,2) size 760x224
                    RenderTableCell {TD} at (2,101) size 675x26 [border: (1px solid #008000)] [r=0 c=0 rs=1 cs=1]
                      RenderText {#text} at (2,2) size 8x22
                        text run at (2,2) width 8: "1"
                    RenderTableCell {TD} at (679,2) size 65x224 [border: (1px solid #008000)] [r=0 c=1 rs=1 cs=1]
                      RenderText {#text} at (2,2) size 61x220
                        text run at (2,2) width 55: "See, this"
                        text run at (2,24) width 35: "is the"
                        text run at (2,46) width 61: "problem."
                        text run at (2,68) width 40: "S See,"
                        text run at (2,90) width 38: "this is"
                        text run at (2,112) width 21: "the"
                        text run at (2,134) width 61: "problem."
                        text run at (2,156) width 55: "See, this"
                        text run at (2,178) width 35: "is the"
                        text run at (2,200) width 61: "problem."
                    RenderTableCell {TD} at (746,101) size 12x26 [border: (1px solid #008000)] [r=0 c=2 rs=1 cs=1]
                      RenderText {#text} at (2,2) size 8x22
                        text run at (2,2) width 8: "3"
      RenderBlock {P} at (0,364) size 768x0
      RenderTable {TABLE} at (0,364) size 542x236
        RenderTableSection {TBODY} at (0,0) size 542x236
          RenderTableRow {TR} at (0,2) size 542x232
            RenderTableCell {TD} at (2,2) size 538x232 [border: (1px solid #008000)] [r=0 c=0 rs=1 cs=1]
              RenderTable {TABLE} at (2,2) size 534x228
                RenderTableSection {TBODY} at (0,0) size 534x228
                  RenderTableRow {TR} at (0,2) size 534x224
                    RenderTableCell {TD} at (2,101) size 449x26 [border: (1px solid #008000)] [r=0 c=0 rs=1 cs=1]
                      RenderText {#text} at (2,2) size 8x22
                        text run at (2,2) width 8: "1"
                    RenderTableCell {TD} at (453,2) size 65x224 [border: (1px solid #008000)] [r=0 c=1 rs=1 cs=1]
                      RenderText {#text} at (2,2) size 61x220
                        text run at (2,2) width 55: "See, this"
                        text run at (2,24) width 35: "is the"
                        text run at (2,46) width 61: "problem."
                        text run at (2,68) width 40: "S See,"
                        text run at (2,90) width 38: "this is"
                        text run at (2,112) width 21: "the"
                        text run at (2,134) width 61: "problem."
                        text run at (2,156) width 55: "See, this"
                        text run at (2,178) width 35: "is the"
                        text run at (2,200) width 61: "problem."
                    RenderTableCell {TD} at (520,101) size 12x26 [border: (1px solid #008000)] [r=0 c=2 rs=1 cs=1]
                      RenderText {#text} at (2,2) size 8x22
                        text run at (2,2) width 8: "3"
      RenderBlock {P} at (0,616) size 768x0
      RenderTable {TABLE} at (0,616) size 542x236
        RenderTableSection {TBODY} at (0,0) size 542x236
          RenderTableRow {TR} at (0,2) size 542x232
            RenderTableCell {TD} at (2,2) size 538x232 [border: (1px solid #008000)] [r=0 c=0 rs=1 cs=1]
              RenderBlock {DIV} at (2,2) size 534x228
                RenderTable {TABLE} at (0,0) size 534x228
                  RenderTableSection {TBODY} at (0,0) size 534x228
                    RenderTableRow {TR} at (0,2) size 534x224
                      RenderTableCell {TD} at (2,101) size 449x26 [border: (1px solid #008000)] [r=0 c=0 rs=1 cs=1]
                        RenderText {#text} at (2,2) size 8x22
                          text run at (2,2) width 8: "1"
                      RenderTableCell {TD} at (453,2) size 65x224 [border: (1px solid #008000)] [r=0 c=1 rs=1 cs=1]
                        RenderText {#text} at (2,2) size 61x220
                          text run at (2,2) width 55: "See, this"
                          text run at (2,24) width 35: "is the"
                          text run at (2,46) width 61: "problem."
                          text run at (2,68) width 40: "S See,"
                          text run at (2,90) width 38: "this is"
                          text run at (2,112) width 21: "the"
                          text run at (2,134) width 61: "problem."
                          text run at (2,156) width 55: "See, this"
                          text run at (2,178) width 35: "is the"
                          text run at (2,200) width 61: "problem."
                      RenderTableCell {TD} at (520,101) size 12x26 [border: (1px solid #008000)] [r=0 c=2 rs=1 cs=1]
                        RenderText {#text} at (2,2) size 8x22
                          text run at (2,2) width 8: "3"
      RenderBlock {P} at (0,868) size 768x0
