layer at (0,0) size 784x845
  RenderView at (0,0) size 784x600
layer at (0,0) size 784x845
  RenderBlock {HTML} at (0,0) size 784x845
    RenderBody {BODY} at (8,8) size 768x829
      RenderTable {TABLE} at (0,0) size 389x829
        RenderTableSection {TBODY} at (0,0) size 389x829
          RenderTableRow {TR} at (0,0) size 29x829
            RenderTableCell {TD} at (0,0) size 29x829 [border: (1px solid #008000)] [r=0 c=0 rs=1 cs=3]
              RenderText {#text} at (4,4) size 21x248
                text run at (4,4) width 150: "   Join Now   Sign In   "
                text run at (4,154) width 98: "   Personalize: "
              RenderInline {A} at (0,0) size 21x53
                RenderText {#text} at (4,252) size 21x53
                  text run at (4,252) width 53: "Settings"
              RenderText {#text} at (4,305) size 21x14
                text run at (4,305) width 14: " \x{2022} "
              RenderInline {A} at (0,0) size 21x55
                RenderText {#text} at (4,319) size 21x55
                  text run at (4,319) width 55: "Content"
              RenderText {#text} at (4,374) size 21x14
                text run at (4,374) width 14: " \x{2022} "
              RenderInline {A} at (0,0) size 21x49
                RenderText {#text} at (4,388) size 21x49
                  text run at (4,388) width 49: "Layout"
              RenderText {#text} at (4,437) size 21x14
                text run at (4,437) width 14: " \x{2022} "
              RenderInline {A} at (0,0) size 21x119
                RenderText {#text} at (4,451) size 21x119
                  text run at (4,451) width 119: "Colors & Themes"
              RenderText {#text} at (4,570) size 21x14
                text run at (4,570) width 14: " \x{2022} "
              RenderInline {A} at (0,0) size 21x49
                RenderText {#text} at (4,584) size 21x49
                  text run at (4,584) width 49: "Sign In"
              RenderText {#text} at (4,633) size 21x192
                text run at (4,633) width 8: "  "
                text run at (4,641) width 95: "   My Links:   "
                text run at (4,736) width 89: "  Lite \x{2022} Email"
          RenderTableRow {TR} at (0,29) size 360x829
            RenderTableCell {TD} at (29,176) size 360x-344 [border: (1px solid #008000)] [r=1 c=0 rs=1 cs=1]
            RenderTableCell {TD} at (29,8) size 360x601 [border: (1px solid #008000)] [r=1 c=1 rs=1 cs=1]
              RenderTable {TABLE} at (4,4) size 352x593
                RenderTableSection {TBODY} at (0,0) size 352x593
                  RenderTableRow {TR} at (0,2) size 348x593
                    RenderTableCell {TD} at (2,2) size 348x589 [border: (1px solid #008000)] [r=0 c=0 rs=1 cs=1]
                      RenderTable {TABLE} at (2,2) size 344x585
                        RenderTableSection {TBODY} at (0,0) size 344x585
                          RenderTableRow {TR} at (0,2) size 340x585
                            RenderTableCell {TD} at (2,170) size 340x-86 [border: (1px solid #008000)] [r=0 c=0 rs=1 cs=1]
                            RenderTableCell {TD} at (2,254) size 340x76 [border: (1px solid #008000)] [r=0 c=1 rs=1 cs=1]
                              RenderText {#text} at (2,2) size 336x72
                                text run at (2,2) width 59: "This guy"
                                text run at (23,2) width 45: "should"
                                text run at (44,2) width 57: "have the"
                                text run at (65,2) width 63: "really big"
                                text run at (86,2) width 72: "maxwidth."
                                text run at (107,2) width 15: "It "
                                text run at (107,17) width 45: "should"
                                text run at (128,2) width 41: "be big"
                                text run at (149,2) width 67: "enough to"
                                text run at (170,2) width 38: "really"
                                text run at (191,2) width 38: "really"
                                text run at (212,2) width 39: "screw"
                                text run at (233,2) width 67: "things up."
                                text run at (254,2) width 47: "That is"
                                text run at (275,2) width 44: "what I"
                                text run at (296,2) width 64: "think will"
                                text run at (317,2) width 40: "work."
                            RenderTableCell {TD} at (2,500) size 340x-85 [border: (1px solid #008000)] [r=0 c=2 rs=1 cs=1]
            RenderTableCell {TD} at (29,776) size 360x-114 [border: (1px solid #008000)] [r=1 c=2 rs=1 cs=1]
              RenderImage {IMG} at (171,-163) size 18x212
              RenderText {#text} at (0,0) size 0x0
