layer at (0,0) size 837x584
  RenderView at (0,0) size 800x584
layer at (0,0) size 800x584
  RenderBlock {HTML} at (0,0) size 800x584
    RenderBody {BODY} at (8,8) size 784x568
      RenderTable {TABLE} at (0,0) size 829x406
        RenderTableSection {TBODY} at (0,0) size 829x406
          RenderTableRow {TR} at (0,0) size 829x30
            RenderTableCell {TD} at (0,0) size 829x30 [border: (1px solid #008000)] [r=0 c=0 rs=1 cs=3]
              RenderText {#text} at (4,4) size 248x22
                text run at (4,4) width 150: "   Join Now   Sign In   "
                text run at (154,4) width 98: "   Personalize: "
              RenderInline {A} at (0,0) size 53x22
                RenderText {#text} at (252,4) size 53x22
                  text run at (252,4) width 53: "Settings"
              RenderText {#text} at (305,4) size 14x22
                text run at (305,4) width 14: " \x{2022} "
              RenderInline {A} at (0,0) size 55x22
                RenderText {#text} at (319,4) size 55x22
                  text run at (319,4) width 55: "Content"
              RenderText {#text} at (374,4) size 14x22
                text run at (374,4) width 14: " \x{2022} "
              RenderInline {A} at (0,0) size 49x22
                RenderText {#text} at (388,4) size 49x22
                  text run at (388,4) width 49: "Layout"
              RenderText {#text} at (437,4) size 14x22
                text run at (437,4) width 14: " \x{2022} "
              RenderInline {A} at (0,0) size 119x22
                RenderText {#text} at (451,4) size 119x22
                  text run at (451,4) width 119: "Colors & Themes"
              RenderText {#text} at (570,4) size 14x22
                text run at (570,4) width 14: " \x{2022} "
              RenderInline {A} at (0,0) size 49x22
                RenderText {#text} at (584,4) size 49x22
                  text run at (584,4) width 49: "Sign In"
              RenderText {#text} at (633,4) size 192x22
                text run at (633,4) width 8: "  "
                text run at (641,4) width 95: "   My Links:   "
                text run at (736,4) width 89: "  Lite \x{2022} Email"
          RenderTableRow {TR} at (0,30) size 829x376
            RenderTableCell {TD} at (0,214) size 8x8 [border: (1px solid #008000)] [r=1 c=0 rs=1 cs=1]
            RenderTableCell {TD} at (8,30) size 601x376 [border: (1px solid #008000)] [r=1 c=1 rs=1 cs=1]
              RenderTable {TABLE} at (4,4) size 593x368
                RenderTableSection {TBODY} at (0,0) size 593x368
                  RenderTableRow {TR} at (0,2) size 593x364
                    RenderTableCell {TD} at (2,2) size 589x364 [border: (1px solid #008000)] [r=0 c=0 rs=1 cs=1]
                      RenderTable {TABLE} at (2,2) size 585x360
                        RenderTableSection {TBODY} at (0,0) size 585x360
                          RenderTableRow {TR} at (0,2) size 585x356
                            RenderTableCell {TD} at (2,178) size 250x4 [border: (1px solid #008000)] [r=0 c=0 rs=1 cs=1]
                            RenderTableCell {TD} at (254,2) size 76x356 [border: (1px solid #008000)] [r=0 c=1 rs=1 cs=1]
                              RenderText {#text} at (2,2) size 72x352
                                text run at (2,2) width 59: "This guy"
                                text run at (2,24) width 45: "should"
                                text run at (2,46) width 57: "have the"
                                text run at (2,68) width 63: "really big"
                                text run at (2,90) width 72: "maxwidth."
                                text run at (2,112) width 15: "It "
                                text run at (17,112) width 45: "should"
                                text run at (2,134) width 41: "be big"
                                text run at (2,156) width 67: "enough to"
                                text run at (2,178) width 38: "really"
                                text run at (2,200) width 38: "really"
                                text run at (2,222) width 39: "screw"
                                text run at (2,244) width 67: "things up."
                                text run at (2,266) width 47: "That is"
                                text run at (2,288) width 44: "what I"
                                text run at (2,310) width 64: "think will"
                                text run at (2,332) width 40: "work."
                            RenderTableCell {TD} at (332,178) size 251x4 [border: (1px solid #008000)] [r=0 c=2 rs=1 cs=1]
            RenderTableCell {TD} at (609,205) size 220x26 [border: (1px solid #008000)] [r=1 c=2 rs=1 cs=1]
              RenderImage {IMG} at (4,4) size 212x18
              RenderText {#text} at (0,0) size 0x0
