layer at (0,0) size 800x600
  RenderView at (0,0) size 800x600
layer at (0,0) size 800x600
  RenderBlock {HTML} at (0,0) size 800x600
    RenderBody {BODY} at (8,8) size 784x584
      RenderTable {TABLE} at (0,0) size 784x66
        RenderTableSection {TBODY} at (0,0) size 784x66
          RenderTableRow {TR} at (0,0) size 784x66
layer at (8,8) size 150x66
  RenderTableCell {TD} at (0,0) size 150x66 [r=0 c=0 rs=1 cs=1]
    RenderTable {TABLE} at (0,0) size 150x66 [border: (10px outset #808080)]
      RenderTableSection {TBODY} at (10,10) size 130x46
        RenderTableRow {TR} at (0,0) size 130x46
layer at (18,18) size 130x46 clip at (19,19) size 128x44
  RenderTableCell {TD} at (0,0) size 130x46 [border: (1px inset #808080)] [r=0 c=0 rs=1 cs=1]
    RenderText {#text} at (1,1) size 75x44
      text run at (1,1) width 75: "left column"
      text run at (1,23) width 50: "content"
layer at (158,8) size 634x66
  RenderTableCell {TD} at (150,22) size 634x22 [r=0 c=1 rs=1 cs=1]
    RenderText {#text} at (0,0) size 72x22
      text run at (0,0) width 72: "second cell"
