layer at (0,0) size 800x600
  RenderView at (0,0) size 800x600
layer at (0,0) size 800x66
  RenderBlock {html} at (0,0) size 800x66
    RenderBody {body} at (8,8) size 784x50
      RenderTable {table} at (0,0) size 85x28
        RenderTableSection (anonymous) at (0,0) size 85x28
          RenderTableRow {tr} at (0,2) size 85x24
            RenderTableCell {td} at (2,2) size 81x24 [r=0 c=0 rs=1 cs=1]
              RenderText {#text} at (1,1) size 79x22
                text run at (1,1) width 79: "Hello world"
      RenderBlock (anonymous) at (0,28) size 784x22
        RenderText {#text} at (0,0) size 224x22
          text run at (0,0) width 224: "Hello also? Why isn't this visible?"
