layer at (0,0) size 800x600
  RenderView at (0,0) size 800x600
layer at (0,0) size 800x364
  RenderBlock {HTML} at (0,0) size 800x364
    RenderBody {BODY} at (8,18) size 784x338
      RenderBlock {H3} at (0,0) size 784x26
        RenderText {#text} at (0,0) size 236x26
          text run at (0,0) width 236: "ROWSPAN of 1024 - Works"
      RenderTable {TABLE} at (0,44) size 183x116 [border: (1px outset #808080)]
        RenderTableSection {TBODY} at (1,1) size 181x114
          RenderTableRow {TR} at (0,2) size 181x26
            RenderTableCell {TD} at (2,2) size 51x26 [border: (1px inset #808080)] [r=0 c=0 rs=1 cs=1]
              RenderText {#text} at (2,2) size 47x22
                text run at (2,2) width 47: "header"
            RenderTableCell {TD} at (55,44) size 8x26 [bgcolor=#000000] [border: (1px inset #808080)] [r=0 c=1 rs=1024 cs=1]
              RenderText {#text} at (2,2) size 4x22
                text run at (2,2) width 4: " "
            RenderTableCell {TD} at (65,2) size 51x26 [border: (1px inset #808080)] [r=0 c=2 rs=1 cs=1]
              RenderText {#text} at (2,2) size 47x22
                text run at (2,2) width 47: "header"
            RenderTableCell {TD} at (118,44) size 8x26 [bgcolor=#000000] [border: (1px inset #808080)] [r=0 c=3 rs=1024 cs=1]
              RenderText {#text} at (2,2) size 4x22
                text run at (2,2) width 4: " "
            RenderTableCell {TD} at (128,2) size 51x26 [border: (1px inset #808080)] [r=0 c=4 rs=1 cs=1]
              RenderText {#text} at (2,2) size 47x22
                text run at (2,2) width 47: "header"
          RenderTableRow {TR} at (0,30) size 181x26
            RenderTableCell {TD} at (2,30) size 51x26 [border: (1px inset #808080)] [r=1 c=0 rs=1 cs=1]
              RenderText {#text} at (2,2) size 45x22
                text run at (2,2) width 45: "foobar"
            RenderTableCell {TD} at (65,30) size 51x26 [border: (1px inset #808080)] [r=1 c=2 rs=1 cs=1]
              RenderText {#text} at (2,2) size 45x22
                text run at (2,2) width 45: "foobar"
            RenderTableCell {TD} at (128,30) size 51x26 [border: (1px inset #808080)] [r=1 c=4 rs=1 cs=1]
              RenderText {#text} at (2,2) size 45x22
                text run at (2,2) width 45: "foobar"
          RenderTableRow {TR} at (0,58) size 181x26
            RenderTableCell {TD} at (2,58) size 51x26 [border: (1px inset #808080)] [r=2 c=0 rs=1 cs=1]
              RenderText {#text} at (2,2) size 45x22
                text run at (2,2) width 45: "foobar"
            RenderTableCell {TD} at (65,58) size 51x26 [border: (1px inset #808080)] [r=2 c=2 rs=1 cs=1]
              RenderText {#text} at (2,2) size 45x22
                text run at (2,2) width 45: "foobar"
            RenderTableCell {TD} at (128,58) size 51x26 [border: (1px inset #808080)] [r=2 c=4 rs=1 cs=1]
              RenderText {#text} at (2,2) size 45x22
                text run at (2,2) width 45: "foobar"
          RenderTableRow {TR} at (0,86) size 181x26
            RenderTableCell {TD} at (2,86) size 51x26 [border: (1px inset #808080)] [r=3 c=0 rs=1 cs=1]
              RenderText {#text} at (2,2) size 45x22
                text run at (2,2) width 45: "foobar"
            RenderTableCell {TD} at (65,86) size 51x26 [border: (1px inset #808080)] [r=3 c=2 rs=1 cs=1]
              RenderText {#text} at (2,2) size 45x22
                text run at (2,2) width 45: "foobar"
            RenderTableCell {TD} at (128,86) size 51x26 [border: (1px inset #808080)] [r=3 c=4 rs=1 cs=1]
              RenderText {#text} at (2,2) size 45x22
                text run at (2,2) width 45: "foobar"
      RenderBlock {H3} at (0,178) size 784x26
        RenderText {#text} at (0,0) size 295x26
          text run at (0,0) width 295: "ROWSPAN of 1025 - Doesn't Work"
      RenderTable {TABLE} at (0,222) size 183x116 [border: (1px outset #808080)]
        RenderTableSection {TBODY} at (1,1) size 181x114
          RenderTableRow {TR} at (0,2) size 181x26
            RenderTableCell {TD} at (2,2) size 51x26 [border: (1px inset #808080)] [r=0 c=0 rs=1 cs=1]
              RenderText {#text} at (2,2) size 47x22
                text run at (2,2) width 47: "header"
            RenderTableCell {TD} at (55,44) size 8x26 [bgcolor=#000000] [border: (1px inset #808080)] [r=0 c=1 rs=1026 cs=1]
              RenderText {#text} at (2,2) size 4x22
                text run at (2,2) width 4: " "
            RenderTableCell {TD} at (65,2) size 51x26 [border: (1px inset #808080)] [r=0 c=2 rs=1 cs=1]
              RenderText {#text} at (2,2) size 47x22
                text run at (2,2) width 47: "header"
            RenderTableCell {TD} at (118,44) size 8x26 [bgcolor=#000000] [border: (1px inset #808080)] [r=0 c=3 rs=1026 cs=1]
              RenderText {#text} at (2,2) size 4x22
                text run at (2,2) width 4: " "
            RenderTableCell {TD} at (128,2) size 51x26 [border: (1px inset #808080)] [r=0 c=4 rs=1 cs=1]
              RenderText {#text} at (2,2) size 47x22
                text run at (2,2) width 47: "header"
          RenderTableRow {TR} at (0,30) size 181x26
            RenderTableCell {TD} at (2,30) size 51x26 [border: (1px inset #808080)] [r=1 c=0 rs=1 cs=1]
              RenderText {#text} at (2,2) size 45x22
                text run at (2,2) width 45: "foobar"
            RenderTableCell {TD} at (65,30) size 51x26 [border: (1px inset #808080)] [r=1 c=2 rs=1 cs=1]
              RenderText {#text} at (2,2) size 45x22
                text run at (2,2) width 45: "foobar"
            RenderTableCell {TD} at (128,30) size 51x26 [border: (1px inset #808080)] [r=1 c=4 rs=1 cs=1]
              RenderText {#text} at (2,2) size 45x22
                text run at (2,2) width 45: "foobar"
          RenderTableRow {TR} at (0,58) size 181x26
            RenderTableCell {TD} at (2,58) size 51x26 [border: (1px inset #808080)] [r=2 c=0 rs=1 cs=1]
              RenderText {#text} at (2,2) size 45x22
                text run at (2,2) width 45: "foobar"
            RenderTableCell {TD} at (65,58) size 51x26 [border: (1px inset #808080)] [r=2 c=2 rs=1 cs=1]
              RenderText {#text} at (2,2) size 45x22
                text run at (2,2) width 45: "foobar"
            RenderTableCell {TD} at (128,58) size 51x26 [border: (1px inset #808080)] [r=2 c=4 rs=1 cs=1]
              RenderText {#text} at (2,2) size 45x22
                text run at (2,2) width 45: "foobar"
          RenderTableRow {TR} at (0,86) size 181x26
            RenderTableCell {TD} at (2,86) size 51x26 [border: (1px inset #808080)] [r=3 c=0 rs=1 cs=1]
              RenderText {#text} at (2,2) size 45x22
                text run at (2,2) width 45: "foobar"
            RenderTableCell {TD} at (65,86) size 51x26 [border: (1px inset #808080)] [r=3 c=2 rs=1 cs=1]
              RenderText {#text} at (2,2) size 45x22
                text run at (2,2) width 45: "foobar"
            RenderTableCell {TD} at (128,86) size 51x26 [border: (1px inset #808080)] [r=3 c=4 rs=1 cs=1]
              RenderText {#text} at (2,2) size 45x22
                text run at (2,2) width 45: "foobar"
