layer at (0,0) size 800x600
  RenderView at (0,0) size 800x600
layer at (0,0) size 800x232
  RenderBlock {HTML} at (0,0) size 800x232
    RenderBody {BODY} at (8,8) size 784x216
      RenderBlock {P} at (0,0) size 784x22
        RenderText {#text} at (0,0) size 115x22
          text run at (0,0) width 115: "Testcase for bug "
        RenderInline {A} at (0,0) size 32x22 [color=#0000EE]
          RenderText {#text} at (115,0) size 32x22
            text run at (115,0) width 32: "4874"
        RenderText {#text} at (147,0) size 444x22
          text run at (147,0) width 444: " - Table with absolute bottom positioning is positioned incorrectly."
      RenderBlock {H1} at (0,43) size 784x42
        RenderText {#text} at (0,0) size 170x42
          text run at (0,0) width 170: "Look Down!"
      RenderBlock {P} at (0,106) size 784x110
        RenderText {#text} at (0,0) size 778x110
          text run at (0,0) width 543: "At the bottom of the window you should see the word \"Paragraph\" followed by "
          text run at (543,0) width 216: "three boxes containing text. The"
          text run at (0,22) width 288: "entire red border around each box should "
          text run at (288,22) width 476: "be visible without scrolling (the window should not be scrollable at all)."
          text run at (0,44) width 481: "The three boxes should be aligned at the bottom with the bottom of the "
          text run at (481,44) width 273: "window. The text \"Tall table\" should be"
          text run at (0,66) width 197: "vertically centered in its box, "
          text run at (197,66) width 514: "which should be 50px tall. The other two boxes should both be shorter than "
          text run at (711,66) width 67: "50px, and"
          text run at (0,88) width 145: "have the same height."
layer at (120,550) size 120x50
  RenderTable {TABLE} at (120,550) size 120x50 [border: (1px solid #FF0000)]
    RenderTableSection {TBODY} at (1,1) size 118x48
      RenderTableRow {TR} at (0,2) size 118x44
        RenderTableCell {TD} at (2,12) size 114x24 [r=0 c=0 rs=1 cs=1]
          RenderText {#text} at (1,1) size 64x22
            text run at (1,1) width 64: "Tall table"
layer at (240,570) size 120x30
  RenderTable {TABLE} at (240,570) size 120x30 [border: (1px solid #FF0000)]
    RenderTableSection {TBODY} at (1,1) size 118x28
      RenderTableRow {TR} at (0,2) size 118x24
        RenderTableCell {TD} at (2,2) size 114x24 [r=0 c=0 rs=1 cs=1]
          RenderText {#text} at (1,1) size 89x22
            text run at (1,1) width 89: "Normal table"
layer at (360,570) size 120x30
  RenderTable {TABLE} at (360,570) size 120x30 [border: (1px solid #FF0000)]
    RenderTableSection {TBODY} at (1,1) size 118x28
      RenderTableRow {TR} at (0,2) size 118x24
        RenderTableCell {TD} at (2,2) size 114x24 [r=0 c=0 rs=1 cs=1]
          RenderText {#text} at (1,1) size 75x22
            text run at (1,1) width 75: "Short table"
layer at (0,578) size 74x22
  RenderBlock (positioned) {P} at (0,578) size 74x22
    RenderText {#text} at (0,0) size 74x22
      text run at (0,0) width 74: "Paragraph"
