layer at (0,0) size 800x600
  RenderView at (0,0) size 800x600
layer at (0,0) size 800x600
  RenderBlock {HTML} at (0,0) size 800x600
    RenderBody {BODY} at (8,8) size 784x584
      RenderTable {TABLE} at (0,0) size 154x28
        RenderTableSection {TBODY} at (0,0) size 154x28
          RenderTableRow {TR} at (0,2) size 154x24
            RenderTableCell {TH} at (2,2) size 64x24 [r=0 c=0 rs=1 cs=1]
              RenderText {#text} at (1,1) size 62x22
                text run at (1,1) width 62: "Header 1"
            RenderTableCell {TD} at (68,2) size 41x24 [r=0 c=1 rs=1 cs=1]
              RenderText {#text} at (1,1) size 39x22
                text run at (1,1) width 39: "Cell 1"
            RenderTableCell {TD} at (111,2) size 41x24 [r=0 c=2 rs=1 cs=1]
              RenderText {#text} at (1,1) size 39x22
                text run at (1,1) width 39: "Cell 2"
      RenderBlock (anonymous) at (0,28) size 784x66
        RenderText {#text} at (0,0) size 97x22
          text run at (0,0) width 97: "h1 has index 0"
        RenderBR {BR} at (97,16) size 0x0
        RenderText {#text} at (0,22) size 95x22
          text run at (0,22) width 95: "c1 has index 1"
        RenderBR {BR} at (95,38) size 0x0
        RenderText {#text} at (0,44) size 95x22
          text run at (0,44) width 95: "c2 has index 2"
        RenderBR {BR} at (95,60) size 0x0
