layer at (0,0) size 800x600
  RenderView at (0,0) size 800x600
layer at (0,0) size 800x600
  RenderBlock {HTML} at (0,0) size 800x600
    RenderBody {BODY} at (8,8) size 784x584
      RenderTable {TABLE} at (0,0) size 244x242 [border: none]
        RenderTableCol {COLGROUP} at (0,0) size 0x0 [border: (1px solid #000000) none (1px solid #000000)]
        RenderTableCol {COLGROUP} at (0,0) size 0x0 [border: (1px solid #000000) none (1px solid #000000)]
        RenderTableSection {TBODY} at (0,0) size 243x241 [border: (1px solid #808080) none (1px solid #808080) none]
          RenderTableRow {TR} at (0,0) size 243x31
            RenderTableCell {TH} at (0,0) size 88x31 [border: (1px none #000000)] [r=0 c=0 rs=1 cs=1]
              RenderText {#text} at (12,5) size 65x22
                text run at (12,5) width 65: "Weekday"
            RenderTableCell {TH} at (88,0) size 45x31 [border: (1px none #000000)] [r=0 c=1 rs=1 cs=1]
              RenderText {#text} at (7,5) size 32x22
                text run at (7,5) width 32: "Date"
            RenderTableCell {TH} at (133,0) size 70x31 [border: (1px none #000000)] [r=0 c=2 rs=1 cs=1]
              RenderText {#text} at (4,5) size 62x22
                text run at (4,5) width 62: "Manager"
            RenderTableCell {TH} at (203,0) size 40x31 [border: (1px none #000000)] [r=0 c=3 rs=1 cs=1]
              RenderText {#text} at (7,5) size 26x22
                text run at (7,5) width 26: "Qty"
          RenderTableRow {TR} at (0,31) size 243x30
            RenderTableCell {TD} at (0,31) size 88x30 [border: none] [r=1 c=0 rs=1 cs=1]
              RenderText {#text} at (5,4) size 57x22
                text run at (5,4) width 57: "Monday"
            RenderTableCell {TD} at (88,31) size 45x30 [border: none] [r=1 c=1 rs=1 cs=1]
              RenderText {#text} at (5,4) size 36x22
                text run at (5,4) width 36: "09/11"
            RenderTableCell {TD} at (133,31) size 70x30 [r=1 c=2 rs=1 cs=1]
              RenderText {#text} at (4,4) size 44x22
                text run at (4,4) width 44: "Kelsey"
            RenderTableCell {TD} at (203,31) size 40x30 [r=1 c=3 rs=1 cs=1]
              RenderText {#text} at (4,4) size 24x22
                text run at (4,4) width 24: "639"
          RenderTableRow {TR} at (0,61) size 243x30
            RenderTableCell {TD} at (0,61) size 88x30 [border: none] [r=2 c=0 rs=1 cs=1]
              RenderText {#text} at (5,4) size 58x22
                text run at (5,4) width 58: "Tuesday"
            RenderTableCell {TD} at (88,61) size 45x30 [border: none] [r=2 c=1 rs=1 cs=1]
              RenderText {#text} at (5,4) size 36x22
                text run at (5,4) width 36: "09/12"
            RenderTableCell {TD} at (133,61) size 70x30 [r=2 c=2 rs=1 cs=1]
              RenderText {#text} at (4,4) size 54x22
                text run at (4,4) width 54: "Lindsey"
            RenderTableCell {TD} at (203,61) size 40x30 [r=2 c=3 rs=1 cs=1]
              RenderText {#text} at (4,4) size 24x22
                text run at (4,4) width 24: "596"
          RenderTableRow {TR} at (0,91) size 243x30
            RenderTableCell {TD} at (0,91) size 88x30 [border: none] [r=3 c=0 rs=1 cs=1]
              RenderText {#text} at (5,4) size 79x22
                text run at (5,4) width 79: "Wednesday"
            RenderTableCell {TD} at (88,91) size 45x30 [border: none] [r=3 c=1 rs=1 cs=1]
              RenderText {#text} at (5,4) size 36x22
                text run at (5,4) width 36: "09/13"
            RenderTableCell {TD} at (133,91) size 70x30 [r=3 c=2 rs=1 cs=1]
              RenderText {#text} at (4,4) size 46x22
                text run at (4,4) width 46: "Randy"
            RenderTableCell {TD} at (203,91) size 40x30 [r=3 c=3 rs=1 cs=1]
              RenderText {#text} at (4,4) size 32x22
                text run at (4,4) width 32: "1135"
          RenderTableRow {TR} at (0,121) size 243x30
            RenderTableCell {TD} at (0,121) size 88x30 [border: none] [r=4 c=0 rs=1 cs=1]
              RenderText {#text} at (5,4) size 67x22
                text run at (5,4) width 67: "Thursday"
            RenderTableCell {TD} at (88,121) size 45x30 [border: none] [r=4 c=1 rs=1 cs=1]
              RenderText {#text} at (5,4) size 36x22
                text run at (5,4) width 36: "09/14"
            RenderTableCell {TD} at (133,121) size 70x30 [r=4 c=2 rs=1 cs=1]
              RenderText {#text} at (4,4) size 41x22
                text run at (4,4) width 41: "Susan"
            RenderTableCell {TD} at (203,121) size 40x30 [r=4 c=3 rs=1 cs=1]
              RenderText {#text} at (4,4) size 32x22
                text run at (4,4) width 32: "1002"
          RenderTableRow {TR} at (0,151) size 243x30
            RenderTableCell {TD} at (0,151) size 88x30 [border: none] [r=5 c=0 rs=1 cs=1]
              RenderText {#text} at (5,4) size 46x22
                text run at (5,4) width 46: "Friday"
            RenderTableCell {TD} at (88,151) size 45x30 [border: none] [r=5 c=1 rs=1 cs=1]
              RenderText {#text} at (5,4) size 36x22
                text run at (5,4) width 36: "09/15"
            RenderTableCell {TD} at (133,151) size 70x30 [r=5 c=2 rs=1 cs=1]
              RenderText {#text} at (4,4) size 46x22
                text run at (4,4) width 46: "Randy"
            RenderTableCell {TD} at (203,151) size 40x30 [r=5 c=3 rs=1 cs=1]
              RenderText {#text} at (4,4) size 24x22
                text run at (4,4) width 24: "908"
          RenderTableRow {TR} at (0,181) size 243x30
            RenderTableCell {TD} at (0,181) size 88x30 [border: none] [r=6 c=0 rs=1 cs=1]
              RenderText {#text} at (5,4) size 63x22
                text run at (5,4) width 63: "Saturday"
            RenderTableCell {TD} at (88,181) size 45x30 [border: none] [r=6 c=1 rs=1 cs=1]
              RenderText {#text} at (5,4) size 36x22
                text run at (5,4) width 36: "09/16"
            RenderTableCell {TD} at (133,181) size 70x30 [r=6 c=2 rs=1 cs=1]
              RenderText {#text} at (4,4) size 54x22
                text run at (4,4) width 54: "Lindsey"
            RenderTableCell {TD} at (203,181) size 40x30 [r=6 c=3 rs=1 cs=1]
              RenderText {#text} at (4,4) size 24x22
                text run at (4,4) width 24: "371"
          RenderTableRow {TR} at (0,211) size 243x30
            RenderTableCell {TD} at (0,211) size 88x30 [border: none] [r=7 c=0 rs=1 cs=1]
              RenderText {#text} at (5,4) size 52x22
                text run at (5,4) width 52: "Sunday"
            RenderTableCell {TD} at (88,211) size 45x30 [border: none] [r=7 c=1 rs=1 cs=1]
              RenderText {#text} at (5,4) size 36x22
                text run at (5,4) width 36: "09/17"
            RenderTableCell {TD} at (133,211) size 70x30 [r=7 c=2 rs=1 cs=1]
              RenderText {#text} at (4,4) size 41x22
                text run at (4,4) width 41: "Susan"
            RenderTableCell {TD} at (203,211) size 40x30 [r=7 c=3 rs=1 cs=1]
              RenderText {#text} at (4,4) size 24x22
                text run at (4,4) width 24: "272"
