layer at (0,0) size 800x600
  RenderView at (0,0) size 800x600
layer at (0,0) size 800x600
  RenderBlock {HTML} at (0,0) size 800x600
    RenderBody {BODY} at (8,8) size 784x584
      RenderTable {TABLE} at (0,0) size 784x38 [bgcolor=#FF0000]
        RenderTableSection {TBODY} at (0,0) size 784x38
          RenderTableRow {TR} at (0,2) size 784x2
            RenderTableCell {TD} at (2,2) size 780x2 [r=0 c=0 rs=1 cs=1]
          RenderTableRow {TR} at (0,6) size 784x30
            RenderTableCell {TD} at (2,6) size 780x30 [r=1 c=0 rs=1 cs=1]
              RenderTable {TABLE} at (1,1) size 778x28 [bgcolor=#008000]
                RenderTableSection {TBODY} at (0,0) size 778x28
                  RenderTableRow {TR} at (0,2) size 778x24
                    RenderTableCell {TD} at (2,2) size 774x24 [r=0 c=0 rs=1 cs=1]
                      RenderText {#text} at (1,1) size 55x22
                        text run at (1,1) width 55: "Content"
