layer at (0,0) size 800x600
  RenderView at (0,0) size 800x600
layer at (0,0) size 800x600
  RenderBlock {HTML} at (0,0) size 800x600
    RenderBody {BODY} at (8,8) size 784x584
      RenderTable {TABLE} at (0,0) size 784x40 [bgcolor=#FF0000]
        RenderTableSection {TBODY} at (0,0) size 784x40
          RenderTableRow {TR} at (0,2) size 784x36
            RenderTableCell {TD} at (2,2) size 780x36 [r=0 c=0 rs=1 cs=1]
              RenderBlock {DIV} at (1,1) size 150x34 [bgcolor=#800080]
                RenderTable {TABLE} at (0,0) size 150x34 [bgcolor=#0000FF]
                  RenderTableSection {TBODY} at (0,0) size 150x34
                    RenderTableRow {TR} at (0,2) size 150x30
                      RenderTableCell {TD} at (2,2) size 146x30 [r=0 c=0 rs=1 cs=1]
                        RenderTable {TABLE} at (1,1) size 144x28 [bgcolor=#008000]
                          RenderTableSection {TBODY} at (0,0) size 144x28
                            RenderTableRow {TR} at (0,2) size 144x24
                              RenderTableCell {TD} at (2,2) size 140x24 [r=0 c=0 rs=1 cs=1]
                                RenderText {#text} at (1,1) size 55x22
                                  text run at (1,1) width 55: "Content"
