layer at (0,0) size 784x8688
  RenderView at (0,0) size 784x600
layer at (0,0) size 784x8688
  RenderBlock {HTML} at (0,0) size 784x8688
    RenderBody {BODY} at (8,8) size 768x8632
      RenderTable {TABLE} at (0,0) size 279x142
        RenderBlock {CAPTION} at (0,0) size 279x22
          RenderInline {A} at (0,0) size 224x22
            RenderText {#text} at (25,0) size 224x22
              text run at (25,0) width 224: "Frame=\x{201C}void\x{201D} and Rules=\x{201C}none\x{201D}"
          RenderInline (generated) at (0,0) size 5x22
            RenderText at (249,0) size 5x22
              text run at (249,0) width 5: ":"
        RenderTableSection {THEAD} at (0,22) size 279x24
          RenderTableRow {TR} at (0,0) size 279x24
            RenderTableCell {TD} at (0,0) size 93x24 [r=0 c=0 rs=1 cs=1]
              RenderText {#text} at (1,1) size 91x22
                text run at (1,1) width 91: "Row 1, Cell 1"
            RenderTableCell {TD} at (93,0) size 93x24 [r=0 c=1 rs=1 cs=1]
              RenderText {#text} at (1,1) size 91x22
                text run at (1,1) width 91: "Row 1, Cell 2"
            RenderTableCell {TD} at (186,0) size 93x24 [r=0 c=2 rs=1 cs=1]
              RenderText {#text} at (1,1) size 91x22
                text run at (1,1) width 91: "Row 1, Cell 3"
        RenderTableSection {TBODY} at (0,46) size 279x72
          RenderTableRow {TR} at (0,0) size 279x24
            RenderTableCell {TD} at (0,12) size 93x24 [r=0 c=0 rs=2 cs=1]
              RenderText {#text} at (1,1) size 91x22
                text run at (1,1) width 91: "Row 2, Cell 1"
            RenderTableCell {TD} at (93,0) size 186x24 [r=0 c=1 rs=1 cs=2]
              RenderText {#text} at (1,1) size 91x22
                text run at (1,1) width 91: "Row 2, Cell 2"
          RenderTableRow {TR} at (0,24) size 279x24
            RenderTableCell {TD} at (93,24) size 93x24 [r=1 c=1 rs=1 cs=1]
              RenderText {#text} at (1,1) size 91x22
                text run at (1,1) width 91: "Row 3, Cell 2"
            RenderTableCell {TD} at (186,36) size 93x24 [r=1 c=2 rs=2 cs=1]
              RenderText {#text} at (1,1) size 91x22
                text run at (1,1) width 91: "Row 3, Cell 3"
          RenderTableRow {TR} at (0,48) size 279x24
            RenderTableCell {TD} at (0,48) size 186x24 [r=2 c=0 rs=1 cs=2]
              RenderText {#text} at (1,1) size 91x22
                text run at (1,1) width 91: "Row 4, Cell 1"
        RenderTableSection {TFOOT} at (0,118) size 279x24
          RenderTableRow {TR} at (0,0) size 279x24
            RenderTableCell {TD} at (0,0) size 93x24 [r=0 c=0 rs=1 cs=1]
              RenderText {#text} at (1,1) size 91x22
                text run at (1,1) width 91: "Row 5, Cell 1"
            RenderTableCell {TD} at (93,0) size 93x24 [r=0 c=1 rs=1 cs=1]
              RenderText {#text} at (1,1) size 91x22
                text run at (1,1) width 91: "Row 5, Cell 2"
            RenderTableCell {TD} at (186,0) size 93x24 [r=0 c=2 rs=1 cs=1]
              RenderText {#text} at (1,1) size 91x22
                text run at (1,1) width 91: "Row 5, Cell 3"
      RenderTable {TABLE} at (0,190) size 279x143
        RenderBlock {CAPTION} at (0,0) size 279x22
          RenderInline {A} at (0,0) size 236x22
            RenderText {#text} at (19,0) size 236x22
              text run at (19,0) width 236: "Frame=\x{201C}above\x{201D} and Rules=\x{201C}none\x{201D}"
          RenderInline (generated) at (0,0) size 6x22
            RenderText at (254,0) size 6x22
              text run at (254,0) width 6: ":"
        RenderTableSection {THEAD} at (0,22) size 279x25
          RenderTableRow {TR} at (0,0) size 279x25
            RenderTableCell {TD} at (0,0) size 93x25 [border: (1px none #000000)] [r=0 c=0 rs=1 cs=1]
              RenderText {#text} at (1,2) size 91x22
                text run at (1,2) width 91: "Row 1, Cell 1"
            RenderTableCell {TD} at (93,0) size 93x25 [border: (1px none #000000)] [r=0 c=1 rs=1 cs=1]
              RenderText {#text} at (1,2) size 91x22
                text run at (1,2) width 91: "Row 1, Cell 2"
            RenderTableCell {TD} at (186,0) size 93x25 [border: (1px none #000000)] [r=0 c=2 rs=1 cs=1]
              RenderText {#text} at (1,2) size 91x22
                text run at (1,2) width 91: "Row 1, Cell 3"
        RenderTableSection {TBODY} at (0,47) size 279x72
          RenderTableRow {TR} at (0,0) size 279x24
            RenderTableCell {TD} at (0,12) size 93x24 [r=0 c=0 rs=2 cs=1]
              RenderText {#text} at (1,1) size 91x22
                text run at (1,1) width 91: "Row 2, Cell 1"
            RenderTableCell {TD} at (93,0) size 186x24 [r=0 c=1 rs=1 cs=2]
              RenderText {#text} at (1,1) size 91x22
                text run at (1,1) width 91: "Row 2, Cell 2"
          RenderTableRow {TR} at (0,24) size 279x24
            RenderTableCell {TD} at (93,24) size 93x24 [r=1 c=1 rs=1 cs=1]
              RenderText {#text} at (1,1) size 91x22
                text run at (1,1) width 91: "Row 3, Cell 2"
            RenderTableCell {TD} at (186,36) size 93x24 [r=1 c=2 rs=2 cs=1]
              RenderText {#text} at (1,1) size 91x22
                text run at (1,1) width 91: "Row 3, Cell 3"
          RenderTableRow {TR} at (0,48) size 279x24
            RenderTableCell {TD} at (0,48) size 186x24 [r=2 c=0 rs=1 cs=2]
              RenderText {#text} at (1,1) size 91x22
                text run at (1,1) width 91: "Row 4, Cell 1"
        RenderTableSection {TFOOT} at (0,119) size 279x24
          RenderTableRow {TR} at (0,0) size 279x24
            RenderTableCell {TD} at (0,0) size 93x24 [r=0 c=0 rs=1 cs=1]
              RenderText {#text} at (1,1) size 91x22
                text run at (1,1) width 91: "Row 5, Cell 1"
            RenderTableCell {TD} at (93,0) size 93x24 [r=0 c=1 rs=1 cs=1]
              RenderText {#text} at (1,1) size 91x22
                text run at (1,1) width 91: "Row 5, Cell 2"
            RenderTableCell {TD} at (186,0) size 93x24 [r=0 c=2 rs=1 cs=1]
              RenderText {#text} at (1,1) size 91x22
                text run at (1,1) width 91: "Row 5, Cell 3"
      RenderTable {TABLE} at (0,381) size 279x143 [border: none (1px solid #808080) none]
        RenderBlock {CAPTION} at (0,0) size 279x22
          RenderInline {A} at (0,0) size 236x22
            RenderText {#text} at (19,0) size 236x22
              text run at (19,0) width 236: "Frame=\x{201C}below\x{201D} and Rules=\x{201C}none\x{201D}"
          RenderInline (generated) at (0,0) size 6x22
            RenderText at (254,0) size 6x22
              text run at (254,0) width 6: ":"
        RenderTableSection {THEAD} at (0,22) size 279x24
          RenderTableRow {TR} at (0,0) size 279x24
            RenderTableCell {TD} at (0,0) size 93x24 [r=0 c=0 rs=1 cs=1]
              RenderText {#text} at (1,1) size 91x22
                text run at (1,1) width 91: "Row 1, Cell 1"
            RenderTableCell {TD} at (93,0) size 93x24 [r=0 c=1 rs=1 cs=1]
              RenderText {#text} at (1,1) size 91x22
                text run at (1,1) width 91: "Row 1, Cell 2"
            RenderTableCell {TD} at (186,0) size 93x24 [r=0 c=2 rs=1 cs=1]
              RenderText {#text} at (1,1) size 91x22
                text run at (1,1) width 91: "Row 1, Cell 3"
        RenderTableSection {TBODY} at (0,46) size 279x72
          RenderTableRow {TR} at (0,0) size 279x24
            RenderTableCell {TD} at (0,12) size 93x24 [r=0 c=0 rs=2 cs=1]
              RenderText {#text} at (1,1) size 91x22
                text run at (1,1) width 91: "Row 2, Cell 1"
            RenderTableCell {TD} at (93,0) size 186x24 [r=0 c=1 rs=1 cs=2]
              RenderText {#text} at (1,1) size 91x22
                text run at (1,1) width 91: "Row 2, Cell 2"
          RenderTableRow {TR} at (0,24) size 279x24
            RenderTableCell {TD} at (93,24) size 93x24 [r=1 c=1 rs=1 cs=1]
              RenderText {#text} at (1,1) size 91x22
                text run at (1,1) width 91: "Row 3, Cell 2"
            RenderTableCell {TD} at (186,36) size 93x24 [r=1 c=2 rs=2 cs=1]
              RenderText {#text} at (1,1) size 91x22
                text run at (1,1) width 91: "Row 3, Cell 3"
          RenderTableRow {TR} at (0,48) size 279x24
            RenderTableCell {TD} at (0,48) size 186x24 [r=2 c=0 rs=1 cs=2]
              RenderText {#text} at (1,1) size 91x22
                text run at (1,1) width 91: "Row 4, Cell 1"
        RenderTableSection {TFOOT} at (0,118) size 279x24
          RenderTableRow {TR} at (0,0) size 279x24
            RenderTableCell {TD} at (0,0) size 93x24 [r=0 c=0 rs=1 cs=1]
              RenderText {#text} at (1,1) size 91x22
                text run at (1,1) width 91: "Row 5, Cell 1"
            RenderTableCell {TD} at (93,0) size 93x24 [r=0 c=1 rs=1 cs=1]
              RenderText {#text} at (1,1) size 91x22
                text run at (1,1) width 91: "Row 5, Cell 2"
            RenderTableCell {TD} at (186,0) size 93x24 [r=0 c=2 rs=1 cs=1]
              RenderText {#text} at (1,1) size 91x22
                text run at (1,1) width 91: "Row 5, Cell 3"
      RenderTable {TABLE} at (0,572) size 279x144 [border: none none (1px solid #808080) none]
        RenderBlock {CAPTION} at (0,0) size 279x22
          RenderInline {A} at (0,0) size 238x22
            RenderText {#text} at (18,0) size 238x22
              text run at (18,0) width 238: "Frame=\x{201C}hsides\x{201D} and Rules=\x{201C}none\x{201D}"
          RenderInline (generated) at (0,0) size 6x22
            RenderText at (255,0) size 6x22
              text run at (255,0) width 6: ":"
        RenderTableSection {THEAD} at (0,22) size 279x25
          RenderTableRow {TR} at (0,0) size 279x25
            RenderTableCell {TD} at (0,0) size 93x25 [border: (1px none #000000)] [r=0 c=0 rs=1 cs=1]
              RenderText {#text} at (1,2) size 91x22
                text run at (1,2) width 91: "Row 1, Cell 1"
            RenderTableCell {TD} at (93,0) size 93x25 [border: (1px none #000000)] [r=0 c=1 rs=1 cs=1]
              RenderText {#text} at (1,2) size 91x22
                text run at (1,2) width 91: "Row 1, Cell 2"
            RenderTableCell {TD} at (186,0) size 93x25 [border: (1px none #000000)] [r=0 c=2 rs=1 cs=1]
              RenderText {#text} at (1,2) size 91x22
                text run at (1,2) width 91: "Row 1, Cell 3"
        RenderTableSection {TBODY} at (0,47) size 279x72
          RenderTableRow {TR} at (0,0) size 279x24
            RenderTableCell {TD} at (0,12) size 93x24 [r=0 c=0 rs=2 cs=1]
              RenderText {#text} at (1,1) size 91x22
                text run at (1,1) width 91: "Row 2, Cell 1"
            RenderTableCell {TD} at (93,0) size 186x24 [r=0 c=1 rs=1 cs=2]
              RenderText {#text} at (1,1) size 91x22
                text run at (1,1) width 91: "Row 2, Cell 2"
          RenderTableRow {TR} at (0,24) size 279x24
            RenderTableCell {TD} at (93,24) size 93x24 [r=1 c=1 rs=1 cs=1]
              RenderText {#text} at (1,1) size 91x22
                text run at (1,1) width 91: "Row 3, Cell 2"
            RenderTableCell {TD} at (186,36) size 93x24 [r=1 c=2 rs=2 cs=1]
              RenderText {#text} at (1,1) size 91x22
                text run at (1,1) width 91: "Row 3, Cell 3"
          RenderTableRow {TR} at (0,48) size 279x24
            RenderTableCell {TD} at (0,48) size 186x24 [r=2 c=0 rs=1 cs=2]
              RenderText {#text} at (1,1) size 91x22
                text run at (1,1) width 91: "Row 4, Cell 1"
        RenderTableSection {TFOOT} at (0,119) size 279x24
          RenderTableRow {TR} at (0,0) size 279x24
            RenderTableCell {TD} at (0,0) size 93x24 [r=0 c=0 rs=1 cs=1]
              RenderText {#text} at (1,1) size 91x22
                text run at (1,1) width 91: "Row 5, Cell 1"
            RenderTableCell {TD} at (93,0) size 93x24 [r=0 c=1 rs=1 cs=1]
              RenderText {#text} at (1,1) size 91x22
                text run at (1,1) width 91: "Row 5, Cell 2"
            RenderTableCell {TD} at (186,0) size 93x24 [r=0 c=2 rs=1 cs=1]
              RenderText {#text} at (1,1) size 91x22
                text run at (1,1) width 91: "Row 5, Cell 3"
      RenderTable {TABLE} at (0,764) size 281x142 [border: none (1px solid #808080) none none]
        RenderBlock {CAPTION} at (0,0) size 280x22
          RenderInline {A} at (0,0) size 235x22
            RenderText {#text} at (20,0) size 235x22
              text run at (20,0) width 235: "Frame=\x{201C}vsides\x{201D} and Rules=\x{201C}none\x{201D}"
          RenderInline (generated) at (0,0) size 5x22
            RenderText at (255,0) size 5x22
              text run at (255,0) width 5: ":"
        RenderTableSection {THEAD} at (0,22) size 280x24
          RenderTableRow {TR} at (0,0) size 280x24
            RenderTableCell {TD} at (0,0) size 94x24 [border: none] [r=0 c=0 rs=1 cs=1]
              RenderText {#text} at (2,1) size 91x22
                text run at (2,1) width 91: "Row 1, Cell 1"
            RenderTableCell {TD} at (94,0) size 93x24 [r=0 c=1 rs=1 cs=1]
              RenderText {#text} at (1,1) size 91x22
                text run at (1,1) width 91: "Row 1, Cell 2"
            RenderTableCell {TD} at (187,0) size 93x24 [r=0 c=2 rs=1 cs=1]
              RenderText {#text} at (1,1) size 91x22
                text run at (1,1) width 91: "Row 1, Cell 3"
        RenderTableSection {TBODY} at (0,46) size 280x72
          RenderTableRow {TR} at (0,0) size 280x24
            RenderTableCell {TD} at (0,12) size 94x24 [border: none] [r=0 c=0 rs=2 cs=1]
              RenderText {#text} at (2,1) size 91x22
                text run at (2,1) width 91: "Row 2, Cell 1"
            RenderTableCell {TD} at (94,0) size 186x24 [r=0 c=1 rs=1 cs=2]
              RenderText {#text} at (1,1) size 91x22
                text run at (1,1) width 91: "Row 2, Cell 2"
          RenderTableRow {TR} at (0,24) size 280x24
            RenderTableCell {TD} at (94,24) size 93x24 [r=1 c=1 rs=1 cs=1]
              RenderText {#text} at (1,1) size 91x22
                text run at (1,1) width 91: "Row 3, Cell 2"
            RenderTableCell {TD} at (187,36) size 93x24 [r=1 c=2 rs=2 cs=1]
              RenderText {#text} at (1,1) size 91x22
                text run at (1,1) width 91: "Row 3, Cell 3"
          RenderTableRow {TR} at (0,48) size 280x24
            RenderTableCell {TD} at (0,48) size 187x24 [border: none] [r=2 c=0 rs=1 cs=2]
              RenderText {#text} at (2,1) size 91x22
                text run at (2,1) width 91: "Row 4, Cell 1"
        RenderTableSection {TFOOT} at (0,118) size 280x24
          RenderTableRow {TR} at (0,0) size 280x24
            RenderTableCell {TD} at (0,0) size 94x24 [border: none] [r=0 c=0 rs=1 cs=1]
              RenderText {#text} at (2,1) size 91x22
                text run at (2,1) width 91: "Row 5, Cell 1"
            RenderTableCell {TD} at (94,0) size 93x24 [r=0 c=1 rs=1 cs=1]
              RenderText {#text} at (1,1) size 91x22
                text run at (1,1) width 91: "Row 5, Cell 2"
            RenderTableCell {TD} at (187,0) size 93x24 [r=0 c=2 rs=1 cs=1]
              RenderText {#text} at (1,1) size 91x22
                text run at (1,1) width 91: "Row 5, Cell 3"
      RenderTable {TABLE} at (0,954) size 280x142
        RenderBlock {CAPTION} at (0,0) size 280x22
          RenderInline {A} at (0,0) size 217x22
            RenderText {#text} at (29,0) size 217x22
              text run at (29,0) width 217: "Frame=\x{201C}lhs\x{201D} and Rules=\x{201C}none\x{201D}"
          RenderInline (generated) at (0,0) size 6x22
            RenderText at (245,0) size 6x22
              text run at (245,0) width 6: ":"
        RenderTableSection {THEAD} at (0,22) size 280x24
          RenderTableRow {TR} at (0,0) size 280x24
            RenderTableCell {TD} at (0,0) size 94x24 [border: none] [r=0 c=0 rs=1 cs=1]
              RenderText {#text} at (2,1) size 91x22
                text run at (2,1) width 91: "Row 1, Cell 1"
            RenderTableCell {TD} at (94,0) size 93x24 [r=0 c=1 rs=1 cs=1]
              RenderText {#text} at (1,1) size 91x22
                text run at (1,1) width 91: "Row 1, Cell 2"
            RenderTableCell {TD} at (187,0) size 93x24 [r=0 c=2 rs=1 cs=1]
              RenderText {#text} at (1,1) size 91x22
                text run at (1,1) width 91: "Row 1, Cell 3"
        RenderTableSection {TBODY} at (0,46) size 280x72
          RenderTableRow {TR} at (0,0) size 280x24
            RenderTableCell {TD} at (0,12) size 94x24 [border: none] [r=0 c=0 rs=2 cs=1]
              RenderText {#text} at (2,1) size 91x22
                text run at (2,1) width 91: "Row 2, Cell 1"
            RenderTableCell {TD} at (94,0) size 186x24 [r=0 c=1 rs=1 cs=2]
              RenderText {#text} at (1,1) size 91x22
                text run at (1,1) width 91: "Row 2, Cell 2"
          RenderTableRow {TR} at (0,24) size 280x24
            RenderTableCell {TD} at (94,24) size 93x24 [r=1 c=1 rs=1 cs=1]
              RenderText {#text} at (1,1) size 91x22
                text run at (1,1) width 91: "Row 3, Cell 2"
            RenderTableCell {TD} at (187,36) size 93x24 [r=1 c=2 rs=2 cs=1]
              RenderText {#text} at (1,1) size 91x22
                text run at (1,1) width 91: "Row 3, Cell 3"
          RenderTableRow {TR} at (0,48) size 280x24
            RenderTableCell {TD} at (0,48) size 187x24 [border: none] [r=2 c=0 rs=1 cs=2]
              RenderText {#text} at (2,1) size 91x22
                text run at (2,1) width 91: "Row 4, Cell 1"
        RenderTableSection {TFOOT} at (0,118) size 280x24
          RenderTableRow {TR} at (0,0) size 280x24
            RenderTableCell {TD} at (0,0) size 94x24 [border: none] [r=0 c=0 rs=1 cs=1]
              RenderText {#text} at (2,1) size 91x22
                text run at (2,1) width 91: "Row 5, Cell 1"
            RenderTableCell {TD} at (94,0) size 93x24 [r=0 c=1 rs=1 cs=1]
              RenderText {#text} at (1,1) size 91x22
                text run at (1,1) width 91: "Row 5, Cell 2"
            RenderTableCell {TD} at (187,0) size 93x24 [r=0 c=2 rs=1 cs=1]
              RenderText {#text} at (1,1) size 91x22
                text run at (1,1) width 91: "Row 5, Cell 3"
      RenderTable {TABLE} at (0,1144) size 280x142 [border: none (1px solid #808080) none]
        RenderBlock {CAPTION} at (0,0) size 279x22
          RenderInline {A} at (0,0) size 218x22
            RenderText {#text} at (28,0) size 218x22
              text run at (28,0) width 218: "Frame=\x{201C}rhs\x{201D} and Rules=\x{201C}none\x{201D}"
          RenderInline (generated) at (0,0) size 5x22
            RenderText at (246,0) size 5x22
              text run at (246,0) width 5: ":"
        RenderTableSection {THEAD} at (0,22) size 279x24
          RenderTableRow {TR} at (0,0) size 279x24
            RenderTableCell {TD} at (0,0) size 93x24 [r=0 c=0 rs=1 cs=1]
              RenderText {#text} at (1,1) size 91x22
                text run at (1,1) width 91: "Row 1, Cell 1"
            RenderTableCell {TD} at (93,0) size 93x24 [r=0 c=1 rs=1 cs=1]
              RenderText {#text} at (1,1) size 91x22
                text run at (1,1) width 91: "Row 1, Cell 2"
            RenderTableCell {TD} at (186,0) size 93x24 [r=0 c=2 rs=1 cs=1]
              RenderText {#text} at (1,1) size 91x22
                text run at (1,1) width 91: "Row 1, Cell 3"
        RenderTableSection {TBODY} at (0,46) size 279x72
          RenderTableRow {TR} at (0,0) size 279x24
            RenderTableCell {TD} at (0,12) size 93x24 [r=0 c=0 rs=2 cs=1]
              RenderText {#text} at (1,1) size 91x22
                text run at (1,1) width 91: "Row 2, Cell 1"
            RenderTableCell {TD} at (93,0) size 186x24 [r=0 c=1 rs=1 cs=2]
              RenderText {#text} at (1,1) size 91x22
                text run at (1,1) width 91: "Row 2, Cell 2"
          RenderTableRow {TR} at (0,24) size 279x24
            RenderTableCell {TD} at (93,24) size 93x24 [r=1 c=1 rs=1 cs=1]
              RenderText {#text} at (1,1) size 91x22
                text run at (1,1) width 91: "Row 3, Cell 2"
            RenderTableCell {TD} at (186,36) size 93x24 [r=1 c=2 rs=2 cs=1]
              RenderText {#text} at (1,1) size 91x22
                text run at (1,1) width 91: "Row 3, Cell 3"
          RenderTableRow {TR} at (0,48) size 279x24
            RenderTableCell {TD} at (0,48) size 186x24 [r=2 c=0 rs=1 cs=2]
              RenderText {#text} at (1,1) size 91x22
                text run at (1,1) width 91: "Row 4, Cell 1"
        RenderTableSection {TFOOT} at (0,118) size 279x24
          RenderTableRow {TR} at (0,0) size 279x24
            RenderTableCell {TD} at (0,0) size 93x24 [r=0 c=0 rs=1 cs=1]
              RenderText {#text} at (1,1) size 91x22
                text run at (1,1) width 91: "Row 5, Cell 1"
            RenderTableCell {TD} at (93,0) size 93x24 [r=0 c=1 rs=1 cs=1]
              RenderText {#text} at (1,1) size 91x22
                text run at (1,1) width 91: "Row 5, Cell 2"
            RenderTableCell {TD} at (186,0) size 93x24 [r=0 c=2 rs=1 cs=1]
              RenderText {#text} at (1,1) size 91x22
                text run at (1,1) width 91: "Row 5, Cell 3"
      RenderTable {TABLE} at (0,1334) size 281x144 [border: none]
        RenderBlock {CAPTION} at (0,0) size 280x22
          RenderInline {A} at (0,0) size 221x22
            RenderText {#text} at (27,0) size 221x22
              text run at (27,0) width 221: "Frame=\x{201C}box\x{201D} and Rules=\x{201C}none\x{201D}"
          RenderInline (generated) at (0,0) size 5x22
            RenderText at (248,0) size 5x22
              text run at (248,0) width 5: ":"
        RenderTableSection {THEAD} at (0,22) size 280x25
          RenderTableRow {TR} at (0,0) size 280x25
            RenderTableCell {TD} at (0,0) size 94x25 [border: (1px none #000000)] [r=0 c=0 rs=1 cs=1]
              RenderText {#text} at (2,2) size 91x22
                text run at (2,2) width 91: "Row 1, Cell 1"
            RenderTableCell {TD} at (94,0) size 93x25 [border: (1px none #000000)] [r=0 c=1 rs=1 cs=1]
              RenderText {#text} at (1,2) size 91x22
                text run at (1,2) width 91: "Row 1, Cell 2"
            RenderTableCell {TD} at (187,0) size 93x25 [border: (1px none #000000)] [r=0 c=2 rs=1 cs=1]
              RenderText {#text} at (1,2) size 91x22
                text run at (1,2) width 91: "Row 1, Cell 3"
        RenderTableSection {TBODY} at (0,47) size 280x72
          RenderTableRow {TR} at (0,0) size 280x24
            RenderTableCell {TD} at (0,12) size 94x24 [border: none] [r=0 c=0 rs=2 cs=1]
              RenderText {#text} at (2,1) size 91x22
                text run at (2,1) width 91: "Row 2, Cell 1"
            RenderTableCell {TD} at (94,0) size 186x24 [r=0 c=1 rs=1 cs=2]
              RenderText {#text} at (1,1) size 91x22
                text run at (1,1) width 91: "Row 2, Cell 2"
          RenderTableRow {TR} at (0,24) size 280x24
            RenderTableCell {TD} at (94,24) size 93x24 [r=1 c=1 rs=1 cs=1]
              RenderText {#text} at (1,1) size 91x22
                text run at (1,1) width 91: "Row 3, Cell 2"
            RenderTableCell {TD} at (187,36) size 93x24 [r=1 c=2 rs=2 cs=1]
              RenderText {#text} at (1,1) size 91x22
                text run at (1,1) width 91: "Row 3, Cell 3"
          RenderTableRow {TR} at (0,48) size 280x24
            RenderTableCell {TD} at (0,48) size 187x24 [border: none] [r=2 c=0 rs=1 cs=2]
              RenderText {#text} at (2,1) size 91x22
                text run at (2,1) width 91: "Row 4, Cell 1"
        RenderTableSection {TFOOT} at (0,119) size 280x24
          RenderTableRow {TR} at (0,0) size 280x24
            RenderTableCell {TD} at (0,0) size 94x24 [border: none] [r=0 c=0 rs=1 cs=1]
              RenderText {#text} at (2,1) size 91x22
                text run at (2,1) width 91: "Row 5, Cell 1"
            RenderTableCell {TD} at (94,0) size 93x24 [r=0 c=1 rs=1 cs=1]
              RenderText {#text} at (1,1) size 91x22
                text run at (1,1) width 91: "Row 5, Cell 2"
            RenderTableCell {TD} at (187,0) size 93x24 [r=0 c=2 rs=1 cs=1]
              RenderText {#text} at (1,1) size 91x22
                text run at (1,1) width 91: "Row 5, Cell 3"
      RenderTable {TABLE} at (0,1526) size 281x144 [border: none]
        RenderBlock {CAPTION} at (0,0) size 280x22
          RenderInline {A} at (0,0) size 241x22
            RenderText {#text} at (17,0) size 241x22
              text run at (17,0) width 241: "Frame=\x{201C}border\x{201D} and Rules=\x{201C}none\x{201D}"
          RenderInline (generated) at (0,0) size 6x22
            RenderText at (257,0) size 6x22
              text run at (257,0) width 6: ":"
        RenderTableSection {THEAD} at (0,22) size 280x25
          RenderTableRow {TR} at (0,0) size 280x25
            RenderTableCell {TD} at (0,0) size 94x25 [border: (1px none #000000)] [r=0 c=0 rs=1 cs=1]
              RenderText {#text} at (2,2) size 91x22
                text run at (2,2) width 91: "Row 1, Cell 1"
            RenderTableCell {TD} at (94,0) size 93x25 [border: (1px none #000000)] [r=0 c=1 rs=1 cs=1]
              RenderText {#text} at (1,2) size 91x22
                text run at (1,2) width 91: "Row 1, Cell 2"
            RenderTableCell {TD} at (187,0) size 93x25 [border: (1px none #000000)] [r=0 c=2 rs=1 cs=1]
              RenderText {#text} at (1,2) size 91x22
                text run at (1,2) width 91: "Row 1, Cell 3"
        RenderTableSection {TBODY} at (0,47) size 280x72
          RenderTableRow {TR} at (0,0) size 280x24
            RenderTableCell {TD} at (0,12) size 94x24 [border: none] [r=0 c=0 rs=2 cs=1]
              RenderText {#text} at (2,1) size 91x22
                text run at (2,1) width 91: "Row 2, Cell 1"
            RenderTableCell {TD} at (94,0) size 186x24 [r=0 c=1 rs=1 cs=2]
              RenderText {#text} at (1,1) size 91x22
                text run at (1,1) width 91: "Row 2, Cell 2"
          RenderTableRow {TR} at (0,24) size 280x24
            RenderTableCell {TD} at (94,24) size 93x24 [r=1 c=1 rs=1 cs=1]
              RenderText {#text} at (1,1) size 91x22
                text run at (1,1) width 91: "Row 3, Cell 2"
            RenderTableCell {TD} at (187,36) size 93x24 [r=1 c=2 rs=2 cs=1]
              RenderText {#text} at (1,1) size 91x22
                text run at (1,1) width 91: "Row 3, Cell 3"
          RenderTableRow {TR} at (0,48) size 280x24
            RenderTableCell {TD} at (0,48) size 187x24 [border: none] [r=2 c=0 rs=1 cs=2]
              RenderText {#text} at (2,1) size 91x22
                text run at (2,1) width 91: "Row 4, Cell 1"
        RenderTableSection {TFOOT} at (0,119) size 280x24
          RenderTableRow {TR} at (0,0) size 280x24
            RenderTableCell {TD} at (0,0) size 94x24 [border: none] [r=0 c=0 rs=1 cs=1]
              RenderText {#text} at (2,1) size 91x22
                text run at (2,1) width 91: "Row 5, Cell 1"
            RenderTableCell {TD} at (94,0) size 93x24 [r=0 c=1 rs=1 cs=1]
              RenderText {#text} at (1,1) size 91x22
                text run at (1,1) width 91: "Row 5, Cell 2"
            RenderTableCell {TD} at (187,0) size 93x24 [r=0 c=2 rs=1 cs=1]
              RenderText {#text} at (1,1) size 91x22
                text run at (1,1) width 91: "Row 5, Cell 3"
      RenderTable {TABLE} at (0,1718) size 279x144
        RenderBlock {CAPTION} at (0,0) size 279x22
          RenderInline {A} at (0,0) size 236x22
            RenderText {#text} at (19,0) size 236x22
              text run at (19,0) width 236: "Frame=\x{201C}void\x{201D} and Rules=\x{201C}groups\x{201D}"
          RenderInline (generated) at (0,0) size 5x22
            RenderText at (255,0) size 5x22
              text run at (255,0) width 5: ":"
        RenderTableSection {THEAD} at (0,22) size 279x24 [border: (1px solid #808080) none (1px solid #808080) none]
          RenderTableRow {TR} at (0,0) size 279x24
            RenderTableCell {TD} at (0,0) size 93x24 [r=0 c=0 rs=1 cs=1]
              RenderText {#text} at (1,1) size 91x22
                text run at (1,1) width 91: "Row 1, Cell 1"
            RenderTableCell {TD} at (93,0) size 93x24 [r=0 c=1 rs=1 cs=1]
              RenderText {#text} at (1,1) size 91x22
                text run at (1,1) width 91: "Row 1, Cell 2"
            RenderTableCell {TD} at (186,0) size 93x24 [r=0 c=2 rs=1 cs=1]
              RenderText {#text} at (1,1) size 91x22
                text run at (1,1) width 91: "Row 1, Cell 3"
        RenderTableSection {TBODY} at (0,46) size 279x73 [border: (1px solid #808080) none (1px solid #808080) none]
          RenderTableRow {TR} at (0,0) size 279x25
            RenderTableCell {TD} at (0,12) size 93x25 [border: (1px none #000000)] [r=0 c=0 rs=2 cs=1]
              RenderText {#text} at (1,2) size 91x22
                text run at (1,2) width 91: "Row 2, Cell 1"
            RenderTableCell {TD} at (93,0) size 186x25 [border: (1px none #000000)] [r=0 c=1 rs=1 cs=2]
              RenderText {#text} at (1,2) size 91x22
                text run at (1,2) width 91: "Row 2, Cell 2"
          RenderTableRow {TR} at (0,25) size 279x24
            RenderTableCell {TD} at (93,25) size 93x24 [r=1 c=1 rs=1 cs=1]
              RenderText {#text} at (1,1) size 91x22
                text run at (1,1) width 91: "Row 3, Cell 2"
            RenderTableCell {TD} at (186,37) size 93x24 [r=1 c=2 rs=2 cs=1]
              RenderText {#text} at (1,1) size 91x22
                text run at (1,1) width 91: "Row 3, Cell 3"
          RenderTableRow {TR} at (0,49) size 279x24
            RenderTableCell {TD} at (0,49) size 186x24 [r=2 c=0 rs=1 cs=2]
              RenderText {#text} at (1,1) size 91x22
                text run at (1,1) width 91: "Row 4, Cell 1"
        RenderTableSection {TFOOT} at (0,119) size 279x25 [border: (1px solid #808080) none (1px solid #808080) none]
          RenderTableRow {TR} at (0,0) size 279x25
            RenderTableCell {TD} at (0,0) size 93x25 [border: (1px none #000000)] [r=0 c=0 rs=1 cs=1]
              RenderText {#text} at (1,2) size 91x22
                text run at (1,2) width 91: "Row 5, Cell 1"
            RenderTableCell {TD} at (93,0) size 93x25 [border: (1px none #000000)] [r=0 c=1 rs=1 cs=1]
              RenderText {#text} at (1,2) size 91x22
                text run at (1,2) width 91: "Row 5, Cell 2"
            RenderTableCell {TD} at (186,0) size 93x25 [border: (1px none #000000)] [r=0 c=2 rs=1 cs=1]
              RenderText {#text} at (1,2) size 91x22
                text run at (1,2) width 91: "Row 5, Cell 3"
      RenderTable {TABLE} at (0,1910) size 279x145
        RenderBlock {CAPTION} at (0,0) size 279x22
          RenderInline {A} at (0,0) size 248x22
            RenderText {#text} at (13,0) size 248x22
              text run at (13,0) width 248: "Frame=\x{201C}above\x{201D} and Rules=\x{201C}groups\x{201D}"
          RenderInline (generated) at (0,0) size 6x22
            RenderText at (260,0) size 6x22
              text run at (260,0) width 6: ":"
        RenderTableSection {THEAD} at (0,22) size 279x25 [border: (1px solid #808080) none (1px solid #808080) none]
          RenderTableRow {TR} at (0,0) size 279x25
            RenderTableCell {TD} at (0,0) size 93x25 [border: (1px none #000000)] [r=0 c=0 rs=1 cs=1]
              RenderText {#text} at (1,2) size 91x22
                text run at (1,2) width 91: "Row 1, Cell 1"
            RenderTableCell {TD} at (93,0) size 93x25 [border: (1px none #000000)] [r=0 c=1 rs=1 cs=1]
              RenderText {#text} at (1,2) size 91x22
                text run at (1,2) width 91: "Row 1, Cell 2"
            RenderTableCell {TD} at (186,0) size 93x25 [border: (1px none #000000)] [r=0 c=2 rs=1 cs=1]
              RenderText {#text} at (1,2) size 91x22
                text run at (1,2) width 91: "Row 1, Cell 3"
        RenderTableSection {TBODY} at (0,47) size 279x73 [border: (1px solid #808080) none (1px solid #808080) none]
          RenderTableRow {TR} at (0,0) size 279x25
            RenderTableCell {TD} at (0,12) size 93x25 [border: (1px none #000000)] [r=0 c=0 rs=2 cs=1]
              RenderText {#text} at (1,2) size 91x22
                text run at (1,2) width 91: "Row 2, Cell 1"
            RenderTableCell {TD} at (93,0) size 186x25 [border: (1px none #000000)] [r=0 c=1 rs=1 cs=2]
              RenderText {#text} at (1,2) size 91x22
                text run at (1,2) width 91: "Row 2, Cell 2"
          RenderTableRow {TR} at (0,25) size 279x24
            RenderTableCell {TD} at (93,25) size 93x24 [r=1 c=1 rs=1 cs=1]
              RenderText {#text} at (1,1) size 91x22
                text run at (1,1) width 91: "Row 3, Cell 2"
            RenderTableCell {TD} at (186,37) size 93x24 [r=1 c=2 rs=2 cs=1]
              RenderText {#text} at (1,1) size 91x22
                text run at (1,1) width 91: "Row 3, Cell 3"
          RenderTableRow {TR} at (0,49) size 279x24
            RenderTableCell {TD} at (0,49) size 186x24 [r=2 c=0 rs=1 cs=2]
              RenderText {#text} at (1,1) size 91x22
                text run at (1,1) width 91: "Row 4, Cell 1"
        RenderTableSection {TFOOT} at (0,120) size 279x25 [border: (1px solid #808080) none (1px solid #808080) none]
          RenderTableRow {TR} at (0,0) size 279x25
            RenderTableCell {TD} at (0,0) size 93x25 [border: (1px none #000000)] [r=0 c=0 rs=1 cs=1]
              RenderText {#text} at (1,2) size 91x22
                text run at (1,2) width 91: "Row 5, Cell 1"
            RenderTableCell {TD} at (93,0) size 93x25 [border: (1px none #000000)] [r=0 c=1 rs=1 cs=1]
              RenderText {#text} at (1,2) size 91x22
                text run at (1,2) width 91: "Row 5, Cell 2"
            RenderTableCell {TD} at (186,0) size 93x25 [border: (1px none #000000)] [r=0 c=2 rs=1 cs=1]
              RenderText {#text} at (1,2) size 91x22
                text run at (1,2) width 91: "Row 5, Cell 3"
      RenderTable {TABLE} at (0,2103) size 279x145 [border: none (1px solid #808080) none]
        RenderBlock {CAPTION} at (0,0) size 279x22
          RenderInline {A} at (0,0) size 248x22
            RenderText {#text} at (13,0) size 248x22
              text run at (13,0) width 248: "Frame=\x{201C}below\x{201D} and Rules=\x{201C}groups\x{201D}"
          RenderInline (generated) at (0,0) size 6x22
            RenderText at (260,0) size 6x22
              text run at (260,0) width 6: ":"
        RenderTableSection {THEAD} at (0,22) size 279x24 [border: (1px solid #808080) none (1px solid #808080) none]
          RenderTableRow {TR} at (0,0) size 279x24
            RenderTableCell {TD} at (0,0) size 93x24 [r=0 c=0 rs=1 cs=1]
              RenderText {#text} at (1,1) size 91x22
                text run at (1,1) width 91: "Row 1, Cell 1"
            RenderTableCell {TD} at (93,0) size 93x24 [r=0 c=1 rs=1 cs=1]
              RenderText {#text} at (1,1) size 91x22
                text run at (1,1) width 91: "Row 1, Cell 2"
            RenderTableCell {TD} at (186,0) size 93x24 [r=0 c=2 rs=1 cs=1]
              RenderText {#text} at (1,1) size 91x22
                text run at (1,1) width 91: "Row 1, Cell 3"
        RenderTableSection {TBODY} at (0,46) size 279x73 [border: (1px solid #808080) none (1px solid #808080) none]
          RenderTableRow {TR} at (0,0) size 279x25
            RenderTableCell {TD} at (0,12) size 93x25 [border: (1px none #000000)] [r=0 c=0 rs=2 cs=1]
              RenderText {#text} at (1,2) size 91x22
                text run at (1,2) width 91: "Row 2, Cell 1"
            RenderTableCell {TD} at (93,0) size 186x25 [border: (1px none #000000)] [r=0 c=1 rs=1 cs=2]
              RenderText {#text} at (1,2) size 91x22
                text run at (1,2) width 91: "Row 2, Cell 2"
          RenderTableRow {TR} at (0,25) size 279x24
            RenderTableCell {TD} at (93,25) size 93x24 [r=1 c=1 rs=1 cs=1]
              RenderText {#text} at (1,1) size 91x22
                text run at (1,1) width 91: "Row 3, Cell 2"
            RenderTableCell {TD} at (186,37) size 93x24 [r=1 c=2 rs=2 cs=1]
              RenderText {#text} at (1,1) size 91x22
                text run at (1,1) width 91: "Row 3, Cell 3"
          RenderTableRow {TR} at (0,49) size 279x24
            RenderTableCell {TD} at (0,49) size 186x24 [r=2 c=0 rs=1 cs=2]
              RenderText {#text} at (1,1) size 91x22
                text run at (1,1) width 91: "Row 4, Cell 1"
        RenderTableSection {TFOOT} at (0,119) size 279x25 [border: (1px solid #808080) none (1px solid #808080) none]
          RenderTableRow {TR} at (0,0) size 279x25
            RenderTableCell {TD} at (0,0) size 93x25 [border: (1px none #000000)] [r=0 c=0 rs=1 cs=1]
              RenderText {#text} at (1,2) size 91x22
                text run at (1,2) width 91: "Row 5, Cell 1"
            RenderTableCell {TD} at (93,0) size 93x25 [border: (1px none #000000)] [r=0 c=1 rs=1 cs=1]
              RenderText {#text} at (1,2) size 91x22
                text run at (1,2) width 91: "Row 5, Cell 2"
            RenderTableCell {TD} at (186,0) size 93x25 [border: (1px none #000000)] [r=0 c=2 rs=1 cs=1]
              RenderText {#text} at (1,2) size 91x22
                text run at (1,2) width 91: "Row 5, Cell 3"
      RenderTable {TABLE} at (0,2296) size 279x146 [border: none none (1px solid #808080) none]
        RenderBlock {CAPTION} at (0,0) size 279x22
          RenderInline {A} at (0,0) size 250x22
            RenderText {#text} at (12,0) size 250x22
              text run at (12,0) width 250: "Frame=\x{201C}hsides\x{201D} and Rules=\x{201C}groups\x{201D}"
          RenderInline (generated) at (0,0) size 6x22
            RenderText at (261,0) size 6x22
              text run at (261,0) width 6: ":"
        RenderTableSection {THEAD} at (0,22) size 279x25 [border: (1px solid #808080) none (1px solid #808080) none]
          RenderTableRow {TR} at (0,0) size 279x25
            RenderTableCell {TD} at (0,0) size 93x25 [border: (1px none #000000)] [r=0 c=0 rs=1 cs=1]
              RenderText {#text} at (1,2) size 91x22
                text run at (1,2) width 91: "Row 1, Cell 1"
            RenderTableCell {TD} at (93,0) size 93x25 [border: (1px none #000000)] [r=0 c=1 rs=1 cs=1]
              RenderText {#text} at (1,2) size 91x22
                text run at (1,2) width 91: "Row 1, Cell 2"
            RenderTableCell {TD} at (186,0) size 93x25 [border: (1px none #000000)] [r=0 c=2 rs=1 cs=1]
              RenderText {#text} at (1,2) size 91x22
                text run at (1,2) width 91: "Row 1, Cell 3"
        RenderTableSection {TBODY} at (0,47) size 279x73 [border: (1px solid #808080) none (1px solid #808080) none]
          RenderTableRow {TR} at (0,0) size 279x25
            RenderTableCell {TD} at (0,12) size 93x25 [border: (1px none #000000)] [r=0 c=0 rs=2 cs=1]
              RenderText {#text} at (1,2) size 91x22
                text run at (1,2) width 91: "Row 2, Cell 1"
            RenderTableCell {TD} at (93,0) size 186x25 [border: (1px none #000000)] [r=0 c=1 rs=1 cs=2]
              RenderText {#text} at (1,2) size 91x22
                text run at (1,2) width 91: "Row 2, Cell 2"
          RenderTableRow {TR} at (0,25) size 279x24
            RenderTableCell {TD} at (93,25) size 93x24 [r=1 c=1 rs=1 cs=1]
              RenderText {#text} at (1,1) size 91x22
                text run at (1,1) width 91: "Row 3, Cell 2"
            RenderTableCell {TD} at (186,37) size 93x24 [r=1 c=2 rs=2 cs=1]
              RenderText {#text} at (1,1) size 91x22
                text run at (1,1) width 91: "Row 3, Cell 3"
          RenderTableRow {TR} at (0,49) size 279x24
            RenderTableCell {TD} at (0,49) size 186x24 [r=2 c=0 rs=1 cs=2]
              RenderText {#text} at (1,1) size 91x22
                text run at (1,1) width 91: "Row 4, Cell 1"
        RenderTableSection {TFOOT} at (0,120) size 279x25 [border: (1px solid #808080) none (1px solid #808080) none]
          RenderTableRow {TR} at (0,0) size 279x25
            RenderTableCell {TD} at (0,0) size 93x25 [border: (1px none #000000)] [r=0 c=0 rs=1 cs=1]
              RenderText {#text} at (1,2) size 91x22
                text run at (1,2) width 91: "Row 5, Cell 1"
            RenderTableCell {TD} at (93,0) size 93x25 [border: (1px none #000000)] [r=0 c=1 rs=1 cs=1]
              RenderText {#text} at (1,2) size 91x22
                text run at (1,2) width 91: "Row 5, Cell 2"
            RenderTableCell {TD} at (186,0) size 93x25 [border: (1px none #000000)] [r=0 c=2 rs=1 cs=1]
              RenderText {#text} at (1,2) size 91x22
                text run at (1,2) width 91: "Row 5, Cell 3"
      RenderTable {TABLE} at (0,2490) size 281x144 [border: none (1px solid #808080) none none]
        RenderBlock {CAPTION} at (0,0) size 280x22
          RenderInline {A} at (0,0) size 247x22
            RenderText {#text} at (14,0) size 247x22
              text run at (14,0) width 247: "Frame=\x{201C}vsides\x{201D} and Rules=\x{201C}groups\x{201D}"
          RenderInline (generated) at (0,0) size 5x22
            RenderText at (261,0) size 5x22
              text run at (261,0) width 5: ":"
        RenderTableSection {THEAD} at (0,22) size 280x24 [border: (1px solid #808080) none (1px solid #808080) none]
          RenderTableRow {TR} at (0,0) size 280x24
            RenderTableCell {TD} at (0,0) size 94x24 [border: none] [r=0 c=0 rs=1 cs=1]
              RenderText {#text} at (2,1) size 91x22
                text run at (2,1) width 91: "Row 1, Cell 1"
            RenderTableCell {TD} at (94,0) size 93x24 [r=0 c=1 rs=1 cs=1]
              RenderText {#text} at (1,1) size 91x22
                text run at (1,1) width 91: "Row 1, Cell 2"
            RenderTableCell {TD} at (187,0) size 93x24 [r=0 c=2 rs=1 cs=1]
              RenderText {#text} at (1,1) size 91x22
                text run at (1,1) width 91: "Row 1, Cell 3"
        RenderTableSection {TBODY} at (0,46) size 280x73 [border: (1px solid #808080) none (1px solid #808080) none]
          RenderTableRow {TR} at (0,0) size 280x25
            RenderTableCell {TD} at (0,12) size 94x25 [border: (1px none #000000)] [r=0 c=0 rs=2 cs=1]
              RenderText {#text} at (2,2) size 91x22
                text run at (2,2) width 91: "Row 2, Cell 1"
            RenderTableCell {TD} at (94,0) size 186x25 [border: (1px none #000000)] [r=0 c=1 rs=1 cs=2]
              RenderText {#text} at (1,2) size 91x22
                text run at (1,2) width 91: "Row 2, Cell 2"
          RenderTableRow {TR} at (0,25) size 280x24
            RenderTableCell {TD} at (94,25) size 93x24 [r=1 c=1 rs=1 cs=1]
              RenderText {#text} at (1,1) size 91x22
                text run at (1,1) width 91: "Row 3, Cell 2"
            RenderTableCell {TD} at (187,37) size 93x24 [r=1 c=2 rs=2 cs=1]
              RenderText {#text} at (1,1) size 91x22
                text run at (1,1) width 91: "Row 3, Cell 3"
          RenderTableRow {TR} at (0,49) size 280x24
            RenderTableCell {TD} at (0,49) size 187x24 [border: none] [r=2 c=0 rs=1 cs=2]
              RenderText {#text} at (2,1) size 91x22
                text run at (2,1) width 91: "Row 4, Cell 1"
        RenderTableSection {TFOOT} at (0,119) size 280x25 [border: (1px solid #808080) none (1px solid #808080) none]
          RenderTableRow {TR} at (0,0) size 280x25
            RenderTableCell {TD} at (0,0) size 94x25 [border: (1px none #000000)] [r=0 c=0 rs=1 cs=1]
              RenderText {#text} at (2,2) size 91x22
                text run at (2,2) width 91: "Row 5, Cell 1"
            RenderTableCell {TD} at (94,0) size 93x25 [border: (1px none #000000)] [r=0 c=1 rs=1 cs=1]
              RenderText {#text} at (1,2) size 91x22
                text run at (1,2) width 91: "Row 5, Cell 2"
            RenderTableCell {TD} at (187,0) size 93x25 [border: (1px none #000000)] [r=0 c=2 rs=1 cs=1]
              RenderText {#text} at (1,2) size 91x22
                text run at (1,2) width 91: "Row 5, Cell 3"
      RenderTable {TABLE} at (0,2682) size 280x144
        RenderBlock {CAPTION} at (0,0) size 280x22
          RenderInline {A} at (0,0) size 229x22
            RenderText {#text} at (23,0) size 229x22
              text run at (23,0) width 229: "Frame=\x{201C}lhs\x{201D} and Rules=\x{201C}groups\x{201D}"
          RenderInline (generated) at (0,0) size 6x22
            RenderText at (251,0) size 6x22
              text run at (251,0) width 6: ":"
        RenderTableSection {THEAD} at (0,22) size 280x24 [border: (1px solid #808080) none (1px solid #808080) none]
          RenderTableRow {TR} at (0,0) size 280x24
            RenderTableCell {TD} at (0,0) size 94x24 [border: none] [r=0 c=0 rs=1 cs=1]
              RenderText {#text} at (2,1) size 91x22
                text run at (2,1) width 91: "Row 1, Cell 1"
            RenderTableCell {TD} at (94,0) size 93x24 [r=0 c=1 rs=1 cs=1]
              RenderText {#text} at (1,1) size 91x22
                text run at (1,1) width 91: "Row 1, Cell 2"
            RenderTableCell {TD} at (187,0) size 93x24 [r=0 c=2 rs=1 cs=1]
              RenderText {#text} at (1,1) size 91x22
                text run at (1,1) width 91: "Row 1, Cell 3"
        RenderTableSection {TBODY} at (0,46) size 280x73 [border: (1px solid #808080) none (1px solid #808080) none]
          RenderTableRow {TR} at (0,0) size 280x25
            RenderTableCell {TD} at (0,12) size 94x25 [border: (1px none #000000)] [r=0 c=0 rs=2 cs=1]
              RenderText {#text} at (2,2) size 91x22
                text run at (2,2) width 91: "Row 2, Cell 1"
            RenderTableCell {TD} at (94,0) size 186x25 [border: (1px none #000000)] [r=0 c=1 rs=1 cs=2]
              RenderText {#text} at (1,2) size 91x22
                text run at (1,2) width 91: "Row 2, Cell 2"
          RenderTableRow {TR} at (0,25) size 280x24
            RenderTableCell {TD} at (94,25) size 93x24 [r=1 c=1 rs=1 cs=1]
              RenderText {#text} at (1,1) size 91x22
                text run at (1,1) width 91: "Row 3, Cell 2"
            RenderTableCell {TD} at (187,37) size 93x24 [r=1 c=2 rs=2 cs=1]
              RenderText {#text} at (1,1) size 91x22
                text run at (1,1) width 91: "Row 3, Cell 3"
          RenderTableRow {TR} at (0,49) size 280x24
            RenderTableCell {TD} at (0,49) size 187x24 [border: none] [r=2 c=0 rs=1 cs=2]
              RenderText {#text} at (2,1) size 91x22
                text run at (2,1) width 91: "Row 4, Cell 1"
        RenderTableSection {TFOOT} at (0,119) size 280x25 [border: (1px solid #808080) none (1px solid #808080) none]
          RenderTableRow {TR} at (0,0) size 280x25
            RenderTableCell {TD} at (0,0) size 94x25 [border: (1px none #000000)] [r=0 c=0 rs=1 cs=1]
              RenderText {#text} at (2,2) size 91x22
                text run at (2,2) width 91: "Row 5, Cell 1"
            RenderTableCell {TD} at (94,0) size 93x25 [border: (1px none #000000)] [r=0 c=1 rs=1 cs=1]
              RenderText {#text} at (1,2) size 91x22
                text run at (1,2) width 91: "Row 5, Cell 2"
            RenderTableCell {TD} at (187,0) size 93x25 [border: (1px none #000000)] [r=0 c=2 rs=1 cs=1]
              RenderText {#text} at (1,2) size 91x22
                text run at (1,2) width 91: "Row 5, Cell 3"
      RenderTable {TABLE} at (0,2874) size 280x144 [border: none (1px solid #808080) none]
        RenderBlock {CAPTION} at (0,0) size 279x22
          RenderInline {A} at (0,0) size 230x22
            RenderText {#text} at (22,0) size 230x22
              text run at (22,0) width 230: "Frame=\x{201C}rhs\x{201D} and Rules=\x{201C}groups\x{201D}"
          RenderInline (generated) at (0,0) size 5x22
            RenderText at (252,0) size 5x22
              text run at (252,0) width 5: ":"
        RenderTableSection {THEAD} at (0,22) size 279x24 [border: (1px solid #808080) none (1px solid #808080) none]
          RenderTableRow {TR} at (0,0) size 279x24
            RenderTableCell {TD} at (0,0) size 93x24 [r=0 c=0 rs=1 cs=1]
              RenderText {#text} at (1,1) size 91x22
                text run at (1,1) width 91: "Row 1, Cell 1"
            RenderTableCell {TD} at (93,0) size 93x24 [r=0 c=1 rs=1 cs=1]
              RenderText {#text} at (1,1) size 91x22
                text run at (1,1) width 91: "Row 1, Cell 2"
            RenderTableCell {TD} at (186,0) size 93x24 [r=0 c=2 rs=1 cs=1]
              RenderText {#text} at (1,1) size 91x22
                text run at (1,1) width 91: "Row 1, Cell 3"
        RenderTableSection {TBODY} at (0,46) size 279x73 [border: (1px solid #808080) none (1px solid #808080) none]
          RenderTableRow {TR} at (0,0) size 279x25
            RenderTableCell {TD} at (0,12) size 93x25 [border: (1px none #000000)] [r=0 c=0 rs=2 cs=1]
              RenderText {#text} at (1,2) size 91x22
                text run at (1,2) width 91: "Row 2, Cell 1"
            RenderTableCell {TD} at (93,0) size 186x25 [border: (1px none #000000)] [r=0 c=1 rs=1 cs=2]
              RenderText {#text} at (1,2) size 91x22
                text run at (1,2) width 91: "Row 2, Cell 2"
          RenderTableRow {TR} at (0,25) size 279x24
            RenderTableCell {TD} at (93,25) size 93x24 [r=1 c=1 rs=1 cs=1]
              RenderText {#text} at (1,1) size 91x22
                text run at (1,1) width 91: "Row 3, Cell 2"
            RenderTableCell {TD} at (186,37) size 93x24 [r=1 c=2 rs=2 cs=1]
              RenderText {#text} at (1,1) size 91x22
                text run at (1,1) width 91: "Row 3, Cell 3"
          RenderTableRow {TR} at (0,49) size 279x24
            RenderTableCell {TD} at (0,49) size 186x24 [r=2 c=0 rs=1 cs=2]
              RenderText {#text} at (1,1) size 91x22
                text run at (1,1) width 91: "Row 4, Cell 1"
        RenderTableSection {TFOOT} at (0,119) size 279x25 [border: (1px solid #808080) none (1px solid #808080) none]
          RenderTableRow {TR} at (0,0) size 279x25
            RenderTableCell {TD} at (0,0) size 93x25 [border: (1px none #000000)] [r=0 c=0 rs=1 cs=1]
              RenderText {#text} at (1,2) size 91x22
                text run at (1,2) width 91: "Row 5, Cell 1"
            RenderTableCell {TD} at (93,0) size 93x25 [border: (1px none #000000)] [r=0 c=1 rs=1 cs=1]
              RenderText {#text} at (1,2) size 91x22
                text run at (1,2) width 91: "Row 5, Cell 2"
            RenderTableCell {TD} at (186,0) size 93x25 [border: (1px none #000000)] [r=0 c=2 rs=1 cs=1]
              RenderText {#text} at (1,2) size 91x22
                text run at (1,2) width 91: "Row 5, Cell 3"
      RenderTable {TABLE} at (0,3066) size 281x146 [border: none]
        RenderBlock {CAPTION} at (0,0) size 280x22
          RenderInline {A} at (0,0) size 233x22
            RenderText {#text} at (21,0) size 233x22
              text run at (21,0) width 233: "Frame=\x{201C}box\x{201D} and Rules=\x{201C}groups\x{201D}"
          RenderInline (generated) at (0,0) size 5x22
            RenderText at (254,0) size 5x22
              text run at (254,0) width 5: ":"
        RenderTableSection {THEAD} at (0,22) size 280x25 [border: (1px solid #808080) none (1px solid #808080) none]
          RenderTableRow {TR} at (0,0) size 280x25
            RenderTableCell {TD} at (0,0) size 94x25 [border: (1px none #000000)] [r=0 c=0 rs=1 cs=1]
              RenderText {#text} at (2,2) size 91x22
                text run at (2,2) width 91: "Row 1, Cell 1"
            RenderTableCell {TD} at (94,0) size 93x25 [border: (1px none #000000)] [r=0 c=1 rs=1 cs=1]
              RenderText {#text} at (1,2) size 91x22
                text run at (1,2) width 91: "Row 1, Cell 2"
            RenderTableCell {TD} at (187,0) size 93x25 [border: (1px none #000000)] [r=0 c=2 rs=1 cs=1]
              RenderText {#text} at (1,2) size 91x22
                text run at (1,2) width 91: "Row 1, Cell 3"
        RenderTableSection {TBODY} at (0,47) size 280x73 [border: (1px solid #808080) none (1px solid #808080) none]
          RenderTableRow {TR} at (0,0) size 280x25
            RenderTableCell {TD} at (0,12) size 94x25 [border: (1px none #000000)] [r=0 c=0 rs=2 cs=1]
              RenderText {#text} at (2,2) size 91x22
                text run at (2,2) width 91: "Row 2, Cell 1"
            RenderTableCell {TD} at (94,0) size 186x25 [border: (1px none #000000)] [r=0 c=1 rs=1 cs=2]
              RenderText {#text} at (1,2) size 91x22
                text run at (1,2) width 91: "Row 2, Cell 2"
          RenderTableRow {TR} at (0,25) size 280x24
            RenderTableCell {TD} at (94,25) size 93x24 [r=1 c=1 rs=1 cs=1]
              RenderText {#text} at (1,1) size 91x22
                text run at (1,1) width 91: "Row 3, Cell 2"
            RenderTableCell {TD} at (187,37) size 93x24 [r=1 c=2 rs=2 cs=1]
              RenderText {#text} at (1,1) size 91x22
                text run at (1,1) width 91: "Row 3, Cell 3"
          RenderTableRow {TR} at (0,49) size 280x24
            RenderTableCell {TD} at (0,49) size 187x24 [border: none] [r=2 c=0 rs=1 cs=2]
              RenderText {#text} at (2,1) size 91x22
                text run at (2,1) width 91: "Row 4, Cell 1"
        RenderTableSection {TFOOT} at (0,120) size 280x25 [border: (1px solid #808080) none (1px solid #808080) none]
          RenderTableRow {TR} at (0,0) size 280x25
            RenderTableCell {TD} at (0,0) size 94x25 [border: (1px none #000000)] [r=0 c=0 rs=1 cs=1]
              RenderText {#text} at (2,2) size 91x22
                text run at (2,2) width 91: "Row 5, Cell 1"
            RenderTableCell {TD} at (94,0) size 93x25 [border: (1px none #000000)] [r=0 c=1 rs=1 cs=1]
              RenderText {#text} at (1,2) size 91x22
                text run at (1,2) width 91: "Row 5, Cell 2"
            RenderTableCell {TD} at (187,0) size 93x25 [border: (1px none #000000)] [r=0 c=2 rs=1 cs=1]
              RenderText {#text} at (1,2) size 91x22
                text run at (1,2) width 91: "Row 5, Cell 3"
      RenderTable {TABLE} at (0,3260) size 281x146 [border: none]
        RenderBlock {CAPTION} at (0,0) size 280x22
          RenderInline {A} at (0,0) size 253x22
            RenderText {#text} at (11,0) size 253x22
              text run at (11,0) width 253: "Frame=\x{201C}border\x{201D} and Rules=\x{201C}groups\x{201D}"
          RenderInline (generated) at (0,0) size 6x22
            RenderText at (263,0) size 6x22
              text run at (263,0) width 6: ":"
        RenderTableSection {THEAD} at (0,22) size 280x25 [border: (1px solid #808080) none (1px solid #808080) none]
          RenderTableRow {TR} at (0,0) size 280x25
            RenderTableCell {TD} at (0,0) size 94x25 [border: (1px none #000000)] [r=0 c=0 rs=1 cs=1]
              RenderText {#text} at (2,2) size 91x22
                text run at (2,2) width 91: "Row 1, Cell 1"
            RenderTableCell {TD} at (94,0) size 93x25 [border: (1px none #000000)] [r=0 c=1 rs=1 cs=1]
              RenderText {#text} at (1,2) size 91x22
                text run at (1,2) width 91: "Row 1, Cell 2"
            RenderTableCell {TD} at (187,0) size 93x25 [border: (1px none #000000)] [r=0 c=2 rs=1 cs=1]
              RenderText {#text} at (1,2) size 91x22
                text run at (1,2) width 91: "Row 1, Cell 3"
        RenderTableSection {TBODY} at (0,47) size 280x73 [border: (1px solid #808080) none (1px solid #808080) none]
          RenderTableRow {TR} at (0,0) size 280x25
            RenderTableCell {TD} at (0,12) size 94x25 [border: (1px none #000000)] [r=0 c=0 rs=2 cs=1]
              RenderText {#text} at (2,2) size 91x22
                text run at (2,2) width 91: "Row 2, Cell 1"
            RenderTableCell {TD} at (94,0) size 186x25 [border: (1px none #000000)] [r=0 c=1 rs=1 cs=2]
              RenderText {#text} at (1,2) size 91x22
                text run at (1,2) width 91: "Row 2, Cell 2"
          RenderTableRow {TR} at (0,25) size 280x24
            RenderTableCell {TD} at (94,25) size 93x24 [r=1 c=1 rs=1 cs=1]
              RenderText {#text} at (1,1) size 91x22
                text run at (1,1) width 91: "Row 3, Cell 2"
            RenderTableCell {TD} at (187,37) size 93x24 [r=1 c=2 rs=2 cs=1]
              RenderText {#text} at (1,1) size 91x22
                text run at (1,1) width 91: "Row 3, Cell 3"
          RenderTableRow {TR} at (0,49) size 280x24
            RenderTableCell {TD} at (0,49) size 187x24 [border: none] [r=2 c=0 rs=1 cs=2]
              RenderText {#text} at (2,1) size 91x22
                text run at (2,1) width 91: "Row 4, Cell 1"
        RenderTableSection {TFOOT} at (0,120) size 280x25 [border: (1px solid #808080) none (1px solid #808080) none]
          RenderTableRow {TR} at (0,0) size 280x25
            RenderTableCell {TD} at (0,0) size 94x25 [border: (1px none #000000)] [r=0 c=0 rs=1 cs=1]
              RenderText {#text} at (2,2) size 91x22
                text run at (2,2) width 91: "Row 5, Cell 1"
            RenderTableCell {TD} at (94,0) size 93x25 [border: (1px none #000000)] [r=0 c=1 rs=1 cs=1]
              RenderText {#text} at (1,2) size 91x22
                text run at (1,2) width 91: "Row 5, Cell 2"
            RenderTableCell {TD} at (187,0) size 93x25 [border: (1px none #000000)] [r=0 c=2 rs=1 cs=1]
              RenderText {#text} at (1,2) size 91x22
                text run at (1,2) width 91: "Row 5, Cell 3"
      RenderTable {TABLE} at (0,3454) size 279x146
        RenderBlock {CAPTION} at (0,0) size 279x22
          RenderInline {A} at (0,0) size 222x22
            RenderText {#text} at (26,0) size 222x22
              text run at (26,0) width 222: "Frame=\x{201C}void\x{201D} and Rules=\x{201C}rows\x{201D}"
          RenderInline (generated) at (0,0) size 5x22
            RenderText at (248,0) size 5x22
              text run at (248,0) width 5: ":"
        RenderTableSection {THEAD} at (0,22) size 279x24
          RenderTableRow {TR} at (0,0) size 279x24
            RenderTableCell {TD} at (0,0) size 93x24 [r=0 c=0 rs=1 cs=1]
              RenderText {#text} at (1,1) size 91x22
                text run at (1,1) width 91: "Row 1, Cell 1"
            RenderTableCell {TD} at (93,0) size 93x24 [r=0 c=1 rs=1 cs=1]
              RenderText {#text} at (1,1) size 91x22
                text run at (1,1) width 91: "Row 1, Cell 2"
            RenderTableCell {TD} at (186,0) size 93x24 [r=0 c=2 rs=1 cs=1]
              RenderText {#text} at (1,1) size 91x22
                text run at (1,1) width 91: "Row 1, Cell 3"
        RenderTableSection {TBODY} at (0,46) size 279x75
          RenderTableRow {TR} at (0,0) size 279x25
            RenderTableCell {TD} at (0,12) size 93x25 [border: (1px solid #808080) none none none] [r=0 c=0 rs=2 cs=1]
              RenderText {#text} at (1,2) size 91x22
                text run at (1,2) width 91: "Row 2, Cell 1"
            RenderTableCell {TD} at (93,0) size 186x25 [border: (1px solid #808080) none none none] [r=0 c=1 rs=1 cs=2]
              RenderText {#text} at (1,2) size 91x22
                text run at (1,2) width 91: "Row 2, Cell 2"
          RenderTableRow {TR} at (0,25) size 279x25
            RenderTableCell {TD} at (93,25) size 93x25 [border: (1px solid #808080) none none none] [r=1 c=1 rs=1 cs=1]
              RenderText {#text} at (1,2) size 91x22
                text run at (1,2) width 91: "Row 3, Cell 2"
            RenderTableCell {TD} at (186,37) size 93x25 [border: (1px solid #808080) none none none] [r=1 c=2 rs=2 cs=1]
              RenderText {#text} at (1,2) size 91x22
                text run at (1,2) width 91: "Row 3, Cell 3"
          RenderTableRow {TR} at (0,50) size 279x25
            RenderTableCell {TD} at (0,50) size 186x25 [border: (1px solid #808080) none none none] [r=2 c=0 rs=1 cs=2]
              RenderText {#text} at (1,2) size 91x22
                text run at (1,2) width 91: "Row 4, Cell 1"
        RenderTableSection {TFOOT} at (0,121) size 279x25
          RenderTableRow {TR} at (0,0) size 279x25
            RenderTableCell {TD} at (0,0) size 93x25 [border: (1px solid #808080) none none none] [r=0 c=0 rs=1 cs=1]
              RenderText {#text} at (1,2) size 91x22
                text run at (1,2) width 91: "Row 5, Cell 1"
            RenderTableCell {TD} at (93,0) size 93x25 [border: (1px solid #808080) none none none] [r=0 c=1 rs=1 cs=1]
              RenderText {#text} at (1,2) size 91x22
                text run at (1,2) width 91: "Row 5, Cell 2"
            RenderTableCell {TD} at (186,0) size 93x25 [border: (1px solid #808080) none none none] [r=0 c=2 rs=1 cs=1]
              RenderText {#text} at (1,2) size 91x22
                text run at (1,2) width 91: "Row 5, Cell 3"
      RenderTable {TABLE} at (0,3648) size 279x147
        RenderBlock {CAPTION} at (0,0) size 279x22
          RenderInline {A} at (0,0) size 234x22
            RenderText {#text} at (20,0) size 234x22
              text run at (20,0) width 234: "Frame=\x{201C}above\x{201D} and Rules=\x{201C}rows\x{201D}"
          RenderInline (generated) at (0,0) size 6x22
            RenderText at (253,0) size 6x22
              text run at (253,0) width 6: ":"
        RenderTableSection {THEAD} at (0,22) size 279x25
          RenderTableRow {TR} at (0,0) size 279x25
            RenderTableCell {TD} at (0,0) size 93x25 [border: (1px solid #808080) none none none] [r=0 c=0 rs=1 cs=1]
              RenderText {#text} at (1,2) size 91x22
                text run at (1,2) width 91: "Row 1, Cell 1"
            RenderTableCell {TD} at (93,0) size 93x25 [border: (1px solid #808080) none none none] [r=0 c=1 rs=1 cs=1]
              RenderText {#text} at (1,2) size 91x22
                text run at (1,2) width 91: "Row 1, Cell 2"
            RenderTableCell {TD} at (186,0) size 93x25 [border: (1px solid #808080) none none none] [r=0 c=2 rs=1 cs=1]
              RenderText {#text} at (1,2) size 91x22
                text run at (1,2) width 91: "Row 1, Cell 3"
        RenderTableSection {TBODY} at (0,47) size 279x75
          RenderTableRow {TR} at (0,0) size 279x25
            RenderTableCell {TD} at (0,12) size 93x25 [border: (1px solid #808080) none none none] [r=0 c=0 rs=2 cs=1]
              RenderText {#text} at (1,2) size 91x22
                text run at (1,2) width 91: "Row 2, Cell 1"
            RenderTableCell {TD} at (93,0) size 186x25 [border: (1px solid #808080) none none none] [r=0 c=1 rs=1 cs=2]
              RenderText {#text} at (1,2) size 91x22
                text run at (1,2) width 91: "Row 2, Cell 2"
          RenderTableRow {TR} at (0,25) size 279x25
            RenderTableCell {TD} at (93,25) size 93x25 [border: (1px solid #808080) none none none] [r=1 c=1 rs=1 cs=1]
              RenderText {#text} at (1,2) size 91x22
                text run at (1,2) width 91: "Row 3, Cell 2"
            RenderTableCell {TD} at (186,37) size 93x25 [border: (1px solid #808080) none none none] [r=1 c=2 rs=2 cs=1]
              RenderText {#text} at (1,2) size 91x22
                text run at (1,2) width 91: "Row 3, Cell 3"
          RenderTableRow {TR} at (0,50) size 279x25
            RenderTableCell {TD} at (0,50) size 186x25 [border: (1px solid #808080) none none none] [r=2 c=0 rs=1 cs=2]
              RenderText {#text} at (1,2) size 91x22
                text run at (1,2) width 91: "Row 4, Cell 1"
        RenderTableSection {TFOOT} at (0,122) size 279x25
          RenderTableRow {TR} at (0,0) size 279x25
            RenderTableCell {TD} at (0,0) size 93x25 [border: (1px solid #808080) none none none] [r=0 c=0 rs=1 cs=1]
              RenderText {#text} at (1,2) size 91x22
                text run at (1,2) width 91: "Row 5, Cell 1"
            RenderTableCell {TD} at (93,0) size 93x25 [border: (1px solid #808080) none none none] [r=0 c=1 rs=1 cs=1]
              RenderText {#text} at (1,2) size 91x22
                text run at (1,2) width 91: "Row 5, Cell 2"
            RenderTableCell {TD} at (186,0) size 93x25 [border: (1px solid #808080) none none none] [r=0 c=2 rs=1 cs=1]
              RenderText {#text} at (1,2) size 91x22
                text run at (1,2) width 91: "Row 5, Cell 3"
      RenderTable {TABLE} at (0,3843) size 279x147 [border: none (1px solid #808080) none]
        RenderBlock {CAPTION} at (0,0) size 279x22
          RenderInline {A} at (0,0) size 234x22
            RenderText {#text} at (20,0) size 234x22
              text run at (20,0) width 234: "Frame=\x{201C}below\x{201D} and Rules=\x{201C}rows\x{201D}"
          RenderInline (generated) at (0,0) size 6x22
            RenderText at (253,0) size 6x22
              text run at (253,0) width 6: ":"
        RenderTableSection {THEAD} at (0,22) size 279x24
          RenderTableRow {TR} at (0,0) size 279x24
            RenderTableCell {TD} at (0,0) size 93x24 [r=0 c=0 rs=1 cs=1]
              RenderText {#text} at (1,1) size 91x22
                text run at (1,1) width 91: "Row 1, Cell 1"
            RenderTableCell {TD} at (93,0) size 93x24 [r=0 c=1 rs=1 cs=1]
              RenderText {#text} at (1,1) size 91x22
                text run at (1,1) width 91: "Row 1, Cell 2"
            RenderTableCell {TD} at (186,0) size 93x24 [r=0 c=2 rs=1 cs=1]
              RenderText {#text} at (1,1) size 91x22
                text run at (1,1) width 91: "Row 1, Cell 3"
        RenderTableSection {TBODY} at (0,46) size 279x75
          RenderTableRow {TR} at (0,0) size 279x25
            RenderTableCell {TD} at (0,12) size 93x25 [border: (1px solid #808080) none none none] [r=0 c=0 rs=2 cs=1]
              RenderText {#text} at (1,2) size 91x22
                text run at (1,2) width 91: "Row 2, Cell 1"
            RenderTableCell {TD} at (93,0) size 186x25 [border: (1px solid #808080) none none none] [r=0 c=1 rs=1 cs=2]
              RenderText {#text} at (1,2) size 91x22
                text run at (1,2) width 91: "Row 2, Cell 2"
          RenderTableRow {TR} at (0,25) size 279x25
            RenderTableCell {TD} at (93,25) size 93x25 [border: (1px solid #808080) none none none] [r=1 c=1 rs=1 cs=1]
              RenderText {#text} at (1,2) size 91x22
                text run at (1,2) width 91: "Row 3, Cell 2"
            RenderTableCell {TD} at (186,37) size 93x25 [border: (1px solid #808080) none none none] [r=1 c=2 rs=2 cs=1]
              RenderText {#text} at (1,2) size 91x22
                text run at (1,2) width 91: "Row 3, Cell 3"
          RenderTableRow {TR} at (0,50) size 279x25
            RenderTableCell {TD} at (0,50) size 186x25 [border: (1px solid #808080) none none none] [r=2 c=0 rs=1 cs=2]
              RenderText {#text} at (1,2) size 91x22
                text run at (1,2) width 91: "Row 4, Cell 1"
        RenderTableSection {TFOOT} at (0,121) size 279x25
          RenderTableRow {TR} at (0,0) size 279x25
            RenderTableCell {TD} at (0,0) size 93x25 [border: (1px solid #808080) none none none] [r=0 c=0 rs=1 cs=1]
              RenderText {#text} at (1,2) size 91x22
                text run at (1,2) width 91: "Row 5, Cell 1"
            RenderTableCell {TD} at (93,0) size 93x25 [border: (1px solid #808080) none none none] [r=0 c=1 rs=1 cs=1]
              RenderText {#text} at (1,2) size 91x22
                text run at (1,2) width 91: "Row 5, Cell 2"
            RenderTableCell {TD} at (186,0) size 93x25 [border: (1px solid #808080) none none none] [r=0 c=2 rs=1 cs=1]
              RenderText {#text} at (1,2) size 91x22
                text run at (1,2) width 91: "Row 5, Cell 3"
      RenderTable {TABLE} at (0,4038) size 279x148 [border: none none (1px solid #808080) none]
        RenderBlock {CAPTION} at (0,0) size 279x22
          RenderInline {A} at (0,0) size 236x22
            RenderText {#text} at (19,0) size 236x22
              text run at (19,0) width 236: "Frame=\x{201C}hsides\x{201D} and Rules=\x{201C}rows\x{201D}"
          RenderInline (generated) at (0,0) size 6x22
            RenderText at (254,0) size 6x22
              text run at (254,0) width 6: ":"
        RenderTableSection {THEAD} at (0,22) size 279x25
          RenderTableRow {TR} at (0,0) size 279x25
            RenderTableCell {TD} at (0,0) size 93x25 [border: (1px solid #808080) none none none] [r=0 c=0 rs=1 cs=1]
              RenderText {#text} at (1,2) size 91x22
                text run at (1,2) width 91: "Row 1, Cell 1"
            RenderTableCell {TD} at (93,0) size 93x25 [border: (1px solid #808080) none none none] [r=0 c=1 rs=1 cs=1]
              RenderText {#text} at (1,2) size 91x22
                text run at (1,2) width 91: "Row 1, Cell 2"
            RenderTableCell {TD} at (186,0) size 93x25 [border: (1px solid #808080) none none none] [r=0 c=2 rs=1 cs=1]
              RenderText {#text} at (1,2) size 91x22
                text run at (1,2) width 91: "Row 1, Cell 3"
        RenderTableSection {TBODY} at (0,47) size 279x75
          RenderTableRow {TR} at (0,0) size 279x25
            RenderTableCell {TD} at (0,12) size 93x25 [border: (1px solid #808080) none none none] [r=0 c=0 rs=2 cs=1]
              RenderText {#text} at (1,2) size 91x22
                text run at (1,2) width 91: "Row 2, Cell 1"
            RenderTableCell {TD} at (93,0) size 186x25 [border: (1px solid #808080) none none none] [r=0 c=1 rs=1 cs=2]
              RenderText {#text} at (1,2) size 91x22
                text run at (1,2) width 91: "Row 2, Cell 2"
          RenderTableRow {TR} at (0,25) size 279x25
            RenderTableCell {TD} at (93,25) size 93x25 [border: (1px solid #808080) none none none] [r=1 c=1 rs=1 cs=1]
              RenderText {#text} at (1,2) size 91x22
                text run at (1,2) width 91: "Row 3, Cell 2"
            RenderTableCell {TD} at (186,37) size 93x25 [border: (1px solid #808080) none none none] [r=1 c=2 rs=2 cs=1]
              RenderText {#text} at (1,2) size 91x22
                text run at (1,2) width 91: "Row 3, Cell 3"
          RenderTableRow {TR} at (0,50) size 279x25
            RenderTableCell {TD} at (0,50) size 186x25 [border: (1px solid #808080) none none none] [r=2 c=0 rs=1 cs=2]
              RenderText {#text} at (1,2) size 91x22
                text run at (1,2) width 91: "Row 4, Cell 1"
        RenderTableSection {TFOOT} at (0,122) size 279x25
          RenderTableRow {TR} at (0,0) size 279x25
            RenderTableCell {TD} at (0,0) size 93x25 [border: (1px solid #808080) none none none] [r=0 c=0 rs=1 cs=1]
              RenderText {#text} at (1,2) size 91x22
                text run at (1,2) width 91: "Row 5, Cell 1"
            RenderTableCell {TD} at (93,0) size 93x25 [border: (1px solid #808080) none none none] [r=0 c=1 rs=1 cs=1]
              RenderText {#text} at (1,2) size 91x22
                text run at (1,2) width 91: "Row 5, Cell 2"
            RenderTableCell {TD} at (186,0) size 93x25 [border: (1px solid #808080) none none none] [r=0 c=2 rs=1 cs=1]
              RenderText {#text} at (1,2) size 91x22
                text run at (1,2) width 91: "Row 5, Cell 3"
      RenderTable {TABLE} at (0,4234) size 281x146 [border: none (1px solid #808080) none none]
        RenderBlock {CAPTION} at (0,0) size 280x22
          RenderInline {A} at (0,0) size 233x22
            RenderText {#text} at (21,0) size 233x22
              text run at (21,0) width 233: "Frame=\x{201C}vsides\x{201D} and Rules=\x{201C}rows\x{201D}"
          RenderInline (generated) at (0,0) size 5x22
            RenderText at (254,0) size 5x22
              text run at (254,0) width 5: ":"
        RenderTableSection {THEAD} at (0,22) size 280x24
          RenderTableRow {TR} at (0,0) size 280x24
            RenderTableCell {TD} at (0,0) size 94x24 [border: none none none (1px none #808080)] [r=0 c=0 rs=1 cs=1]
              RenderText {#text} at (2,1) size 91x22
                text run at (2,1) width 91: "Row 1, Cell 1"
            RenderTableCell {TD} at (94,0) size 93x24 [r=0 c=1 rs=1 cs=1]
              RenderText {#text} at (1,1) size 91x22
                text run at (1,1) width 91: "Row 1, Cell 2"
            RenderTableCell {TD} at (187,0) size 93x24 [r=0 c=2 rs=1 cs=1]
              RenderText {#text} at (1,1) size 91x22
                text run at (1,1) width 91: "Row 1, Cell 3"
        RenderTableSection {TBODY} at (0,46) size 280x75
          RenderTableRow {TR} at (0,0) size 280x25
            RenderTableCell {TD} at (0,12) size 94x25 [border: (1px solid #808080) none none (1px none #808080)] [r=0 c=0 rs=2 cs=1]
              RenderText {#text} at (2,2) size 91x22
                text run at (2,2) width 91: "Row 2, Cell 1"
            RenderTableCell {TD} at (94,0) size 186x25 [border: (1px solid #808080) none none none] [r=0 c=1 rs=1 cs=2]
              RenderText {#text} at (1,2) size 91x22
                text run at (1,2) width 91: "Row 2, Cell 2"
          RenderTableRow {TR} at (0,25) size 280x25
            RenderTableCell {TD} at (94,25) size 93x25 [border: (1px solid #808080) none none none] [r=1 c=1 rs=1 cs=1]
              RenderText {#text} at (1,2) size 91x22
                text run at (1,2) width 91: "Row 3, Cell 2"
            RenderTableCell {TD} at (187,37) size 93x25 [border: (1px solid #808080) none none none] [r=1 c=2 rs=2 cs=1]
              RenderText {#text} at (1,2) size 91x22
                text run at (1,2) width 91: "Row 3, Cell 3"
          RenderTableRow {TR} at (0,50) size 280x25
            RenderTableCell {TD} at (0,50) size 187x25 [border: (1px solid #808080) none none (1px none #808080)] [r=2 c=0 rs=1 cs=2]
              RenderText {#text} at (2,2) size 91x22
                text run at (2,2) width 91: "Row 4, Cell 1"
        RenderTableSection {TFOOT} at (0,121) size 280x25
          RenderTableRow {TR} at (0,0) size 280x25
            RenderTableCell {TD} at (0,0) size 94x25 [border: (1px solid #808080) none none (1px none #808080)] [r=0 c=0 rs=1 cs=1]
              RenderText {#text} at (2,2) size 91x22
                text run at (2,2) width 91: "Row 5, Cell 1"
            RenderTableCell {TD} at (94,0) size 93x25 [border: (1px solid #808080) none none none] [r=0 c=1 rs=1 cs=1]
              RenderText {#text} at (1,2) size 91x22
                text run at (1,2) width 91: "Row 5, Cell 2"
            RenderTableCell {TD} at (187,0) size 93x25 [border: (1px solid #808080) none none none] [r=0 c=2 rs=1 cs=1]
              RenderText {#text} at (1,2) size 91x22
                text run at (1,2) width 91: "Row 5, Cell 3"
      RenderTable {TABLE} at (0,4428) size 280x146
        RenderBlock {CAPTION} at (0,0) size 280x22
          RenderInline {A} at (0,0) size 215x22
            RenderText {#text} at (30,0) size 215x22
              text run at (30,0) width 215: "Frame=\x{201C}lhs\x{201D} and Rules=\x{201C}rows\x{201D}"
          RenderInline (generated) at (0,0) size 6x22
            RenderText at (244,0) size 6x22
              text run at (244,0) width 6: ":"
        RenderTableSection {THEAD} at (0,22) size 280x24
          RenderTableRow {TR} at (0,0) size 280x24
            RenderTableCell {TD} at (0,0) size 94x24 [border: none none none (1px none #808080)] [r=0 c=0 rs=1 cs=1]
              RenderText {#text} at (2,1) size 91x22
                text run at (2,1) width 91: "Row 1, Cell 1"
            RenderTableCell {TD} at (94,0) size 93x24 [r=0 c=1 rs=1 cs=1]
              RenderText {#text} at (1,1) size 91x22
                text run at (1,1) width 91: "Row 1, Cell 2"
            RenderTableCell {TD} at (187,0) size 93x24 [r=0 c=2 rs=1 cs=1]
              RenderText {#text} at (1,1) size 91x22
                text run at (1,1) width 91: "Row 1, Cell 3"
        RenderTableSection {TBODY} at (0,46) size 280x75
          RenderTableRow {TR} at (0,0) size 280x25
            RenderTableCell {TD} at (0,12) size 94x25 [border: (1px solid #808080) none none (1px none #808080)] [r=0 c=0 rs=2 cs=1]
              RenderText {#text} at (2,2) size 91x22
                text run at (2,2) width 91: "Row 2, Cell 1"
            RenderTableCell {TD} at (94,0) size 186x25 [border: (1px solid #808080) none none none] [r=0 c=1 rs=1 cs=2]
              RenderText {#text} at (1,2) size 91x22
                text run at (1,2) width 91: "Row 2, Cell 2"
          RenderTableRow {TR} at (0,25) size 280x25
            RenderTableCell {TD} at (94,25) size 93x25 [border: (1px solid #808080) none none none] [r=1 c=1 rs=1 cs=1]
              RenderText {#text} at (1,2) size 91x22
                text run at (1,2) width 91: "Row 3, Cell 2"
            RenderTableCell {TD} at (187,37) size 93x25 [border: (1px solid #808080) none none none] [r=1 c=2 rs=2 cs=1]
              RenderText {#text} at (1,2) size 91x22
                text run at (1,2) width 91: "Row 3, Cell 3"
          RenderTableRow {TR} at (0,50) size 280x25
            RenderTableCell {TD} at (0,50) size 187x25 [border: (1px solid #808080) none none (1px none #808080)] [r=2 c=0 rs=1 cs=2]
              RenderText {#text} at (2,2) size 91x22
                text run at (2,2) width 91: "Row 4, Cell 1"
        RenderTableSection {TFOOT} at (0,121) size 280x25
          RenderTableRow {TR} at (0,0) size 280x25
            RenderTableCell {TD} at (0,0) size 94x25 [border: (1px solid #808080) none none (1px none #808080)] [r=0 c=0 rs=1 cs=1]
              RenderText {#text} at (2,2) size 91x22
                text run at (2,2) width 91: "Row 5, Cell 1"
            RenderTableCell {TD} at (94,0) size 93x25 [border: (1px solid #808080) none none none] [r=0 c=1 rs=1 cs=1]
              RenderText {#text} at (1,2) size 91x22
                text run at (1,2) width 91: "Row 5, Cell 2"
            RenderTableCell {TD} at (187,0) size 93x25 [border: (1px solid #808080) none none none] [r=0 c=2 rs=1 cs=1]
              RenderText {#text} at (1,2) size 91x22
                text run at (1,2) width 91: "Row 5, Cell 3"
      RenderTable {TABLE} at (0,4622) size 280x146 [border: none (1px solid #808080) none]
        RenderBlock {CAPTION} at (0,0) size 279x22
          RenderInline {A} at (0,0) size 216x22
            RenderText {#text} at (29,0) size 216x22
              text run at (29,0) width 216: "Frame=\x{201C}rhs\x{201D} and Rules=\x{201C}rows\x{201D}"
          RenderInline (generated) at (0,0) size 5x22
            RenderText at (245,0) size 5x22
              text run at (245,0) width 5: ":"
        RenderTableSection {THEAD} at (0,22) size 279x24
          RenderTableRow {TR} at (0,0) size 279x24
            RenderTableCell {TD} at (0,0) size 93x24 [r=0 c=0 rs=1 cs=1]
              RenderText {#text} at (1,1) size 91x22
                text run at (1,1) width 91: "Row 1, Cell 1"
            RenderTableCell {TD} at (93,0) size 93x24 [r=0 c=1 rs=1 cs=1]
              RenderText {#text} at (1,1) size 91x22
                text run at (1,1) width 91: "Row 1, Cell 2"
            RenderTableCell {TD} at (186,0) size 93x24 [r=0 c=2 rs=1 cs=1]
              RenderText {#text} at (1,1) size 91x22
                text run at (1,1) width 91: "Row 1, Cell 3"
        RenderTableSection {TBODY} at (0,46) size 279x75
          RenderTableRow {TR} at (0,0) size 279x25
            RenderTableCell {TD} at (0,12) size 93x25 [border: (1px solid #808080) none none none] [r=0 c=0 rs=2 cs=1]
              RenderText {#text} at (1,2) size 91x22
                text run at (1,2) width 91: "Row 2, Cell 1"
            RenderTableCell {TD} at (93,0) size 186x25 [border: (1px solid #808080) none none none] [r=0 c=1 rs=1 cs=2]
              RenderText {#text} at (1,2) size 91x22
                text run at (1,2) width 91: "Row 2, Cell 2"
          RenderTableRow {TR} at (0,25) size 279x25
            RenderTableCell {TD} at (93,25) size 93x25 [border: (1px solid #808080) none none none] [r=1 c=1 rs=1 cs=1]
              RenderText {#text} at (1,2) size 91x22
                text run at (1,2) width 91: "Row 3, Cell 2"
            RenderTableCell {TD} at (186,37) size 93x25 [border: (1px solid #808080) none none none] [r=1 c=2 rs=2 cs=1]
              RenderText {#text} at (1,2) size 91x22
                text run at (1,2) width 91: "Row 3, Cell 3"
          RenderTableRow {TR} at (0,50) size 279x25
            RenderTableCell {TD} at (0,50) size 186x25 [border: (1px solid #808080) none none none] [r=2 c=0 rs=1 cs=2]
              RenderText {#text} at (1,2) size 91x22
                text run at (1,2) width 91: "Row 4, Cell 1"
        RenderTableSection {TFOOT} at (0,121) size 279x25
          RenderTableRow {TR} at (0,0) size 279x25
            RenderTableCell {TD} at (0,0) size 93x25 [border: (1px solid #808080) none none none] [r=0 c=0 rs=1 cs=1]
              RenderText {#text} at (1,2) size 91x22
                text run at (1,2) width 91: "Row 5, Cell 1"
            RenderTableCell {TD} at (93,0) size 93x25 [border: (1px solid #808080) none none none] [r=0 c=1 rs=1 cs=1]
              RenderText {#text} at (1,2) size 91x22
                text run at (1,2) width 91: "Row 5, Cell 2"
            RenderTableCell {TD} at (186,0) size 93x25 [border: (1px solid #808080) none none none] [r=0 c=2 rs=1 cs=1]
              RenderText {#text} at (1,2) size 91x22
                text run at (1,2) width 91: "Row 5, Cell 3"
      RenderTable {TABLE} at (0,4816) size 281x148 [border: none]
        RenderBlock {CAPTION} at (0,0) size 280x22
          RenderInline {A} at (0,0) size 219x22
            RenderText {#text} at (28,0) size 219x22
              text run at (28,0) width 219: "Frame=\x{201C}box\x{201D} and Rules=\x{201C}rows\x{201D}"
          RenderInline (generated) at (0,0) size 5x22
            RenderText at (247,0) size 5x22
              text run at (247,0) width 5: ":"
        RenderTableSection {THEAD} at (0,22) size 280x25
          RenderTableRow {TR} at (0,0) size 280x25
            RenderTableCell {TD} at (0,0) size 94x25 [border: (1px solid #808080) none none (1px none #808080)] [r=0 c=0 rs=1 cs=1]
              RenderText {#text} at (2,2) size 91x22
                text run at (2,2) width 91: "Row 1, Cell 1"
            RenderTableCell {TD} at (94,0) size 93x25 [border: (1px solid #808080) none none none] [r=0 c=1 rs=1 cs=1]
              RenderText {#text} at (1,2) size 91x22
                text run at (1,2) width 91: "Row 1, Cell 2"
            RenderTableCell {TD} at (187,0) size 93x25 [border: (1px solid #808080) none none none] [r=0 c=2 rs=1 cs=1]
              RenderText {#text} at (1,2) size 91x22
                text run at (1,2) width 91: "Row 1, Cell 3"
        RenderTableSection {TBODY} at (0,47) size 280x75
          RenderTableRow {TR} at (0,0) size 280x25
            RenderTableCell {TD} at (0,12) size 94x25 [border: (1px solid #808080) none none (1px none #808080)] [r=0 c=0 rs=2 cs=1]
              RenderText {#text} at (2,2) size 91x22
                text run at (2,2) width 91: "Row 2, Cell 1"
            RenderTableCell {TD} at (94,0) size 186x25 [border: (1px solid #808080) none none none] [r=0 c=1 rs=1 cs=2]
              RenderText {#text} at (1,2) size 91x22
                text run at (1,2) width 91: "Row 2, Cell 2"
          RenderTableRow {TR} at (0,25) size 280x25
            RenderTableCell {TD} at (94,25) size 93x25 [border: (1px solid #808080) none none none] [r=1 c=1 rs=1 cs=1]
              RenderText {#text} at (1,2) size 91x22
                text run at (1,2) width 91: "Row 3, Cell 2"
            RenderTableCell {TD} at (187,37) size 93x25 [border: (1px solid #808080) none none none] [r=1 c=2 rs=2 cs=1]
              RenderText {#text} at (1,2) size 91x22
                text run at (1,2) width 91: "Row 3, Cell 3"
          RenderTableRow {TR} at (0,50) size 280x25
            RenderTableCell {TD} at (0,50) size 187x25 [border: (1px solid #808080) none none (1px none #808080)] [r=2 c=0 rs=1 cs=2]
              RenderText {#text} at (2,2) size 91x22
                text run at (2,2) width 91: "Row 4, Cell 1"
        RenderTableSection {TFOOT} at (0,122) size 280x25
          RenderTableRow {TR} at (0,0) size 280x25
            RenderTableCell {TD} at (0,0) size 94x25 [border: (1px solid #808080) none none (1px none #808080)] [r=0 c=0 rs=1 cs=1]
              RenderText {#text} at (2,2) size 91x22
                text run at (2,2) width 91: "Row 5, Cell 1"
            RenderTableCell {TD} at (94,0) size 93x25 [border: (1px solid #808080) none none none] [r=0 c=1 rs=1 cs=1]
              RenderText {#text} at (1,2) size 91x22
                text run at (1,2) width 91: "Row 5, Cell 2"
            RenderTableCell {TD} at (187,0) size 93x25 [border: (1px solid #808080) none none none] [r=0 c=2 rs=1 cs=1]
              RenderText {#text} at (1,2) size 91x22
                text run at (1,2) width 91: "Row 5, Cell 3"
      RenderTable {TABLE} at (0,5012) size 281x148 [border: none]
        RenderBlock {CAPTION} at (0,0) size 280x22
          RenderInline {A} at (0,0) size 239x22
            RenderText {#text} at (18,0) size 239x22
              text run at (18,0) width 239: "Frame=\x{201C}border\x{201D} and Rules=\x{201C}rows\x{201D}"
          RenderInline (generated) at (0,0) size 6x22
            RenderText at (256,0) size 6x22
              text run at (256,0) width 6: ":"
        RenderTableSection {THEAD} at (0,22) size 280x25
          RenderTableRow {TR} at (0,0) size 280x25
            RenderTableCell {TD} at (0,0) size 94x25 [border: (1px solid #808080) none none (1px none #808080)] [r=0 c=0 rs=1 cs=1]
              RenderText {#text} at (2,2) size 91x22
                text run at (2,2) width 91: "Row 1, Cell 1"
            RenderTableCell {TD} at (94,0) size 93x25 [border: (1px solid #808080) none none none] [r=0 c=1 rs=1 cs=1]
              RenderText {#text} at (1,2) size 91x22
                text run at (1,2) width 91: "Row 1, Cell 2"
            RenderTableCell {TD} at (187,0) size 93x25 [border: (1px solid #808080) none none none] [r=0 c=2 rs=1 cs=1]
              RenderText {#text} at (1,2) size 91x22
                text run at (1,2) width 91: "Row 1, Cell 3"
        RenderTableSection {TBODY} at (0,47) size 280x75
          RenderTableRow {TR} at (0,0) size 280x25
            RenderTableCell {TD} at (0,12) size 94x25 [border: (1px solid #808080) none none (1px none #808080)] [r=0 c=0 rs=2 cs=1]
              RenderText {#text} at (2,2) size 91x22
                text run at (2,2) width 91: "Row 2, Cell 1"
            RenderTableCell {TD} at (94,0) size 186x25 [border: (1px solid #808080) none none none] [r=0 c=1 rs=1 cs=2]
              RenderText {#text} at (1,2) size 91x22
                text run at (1,2) width 91: "Row 2, Cell 2"
          RenderTableRow {TR} at (0,25) size 280x25
            RenderTableCell {TD} at (94,25) size 93x25 [border: (1px solid #808080) none none none] [r=1 c=1 rs=1 cs=1]
              RenderText {#text} at (1,2) size 91x22
                text run at (1,2) width 91: "Row 3, Cell 2"
            RenderTableCell {TD} at (187,37) size 93x25 [border: (1px solid #808080) none none none] [r=1 c=2 rs=2 cs=1]
              RenderText {#text} at (1,2) size 91x22
                text run at (1,2) width 91: "Row 3, Cell 3"
          RenderTableRow {TR} at (0,50) size 280x25
            RenderTableCell {TD} at (0,50) size 187x25 [border: (1px solid #808080) none none (1px none #808080)] [r=2 c=0 rs=1 cs=2]
              RenderText {#text} at (2,2) size 91x22
                text run at (2,2) width 91: "Row 4, Cell 1"
        RenderTableSection {TFOOT} at (0,122) size 280x25
          RenderTableRow {TR} at (0,0) size 280x25
            RenderTableCell {TD} at (0,0) size 94x25 [border: (1px solid #808080) none none (1px none #808080)] [r=0 c=0 rs=1 cs=1]
              RenderText {#text} at (2,2) size 91x22
                text run at (2,2) width 91: "Row 5, Cell 1"
            RenderTableCell {TD} at (94,0) size 93x25 [border: (1px solid #808080) none none none] [r=0 c=1 rs=1 cs=1]
              RenderText {#text} at (1,2) size 91x22
                text run at (1,2) width 91: "Row 5, Cell 2"
            RenderTableCell {TD} at (187,0) size 93x25 [border: (1px solid #808080) none none none] [r=0 c=2 rs=1 cs=1]
              RenderText {#text} at (1,2) size 91x22
                text run at (1,2) width 91: "Row 5, Cell 3"
      RenderTable {TABLE} at (0,5208) size 281x142
        RenderBlock {CAPTION} at (0,0) size 281x22
          RenderInline {A} at (0,0) size 216x22
            RenderText {#text} at (30,0) size 216x22
              text run at (30,0) width 216: "Frame=\x{201C}void\x{201D} and Rules=\x{201C}cols\x{201D}"
          RenderInline (generated) at (0,0) size 5x22
            RenderText at (246,0) size 5x22
              text run at (246,0) width 5: ":"
        RenderTableSection {THEAD} at (0,22) size 281x24
          RenderTableRow {TR} at (0,0) size 281x24
            RenderTableCell {TD} at (0,0) size 93x24 [r=0 c=0 rs=1 cs=1]
              RenderText {#text} at (1,1) size 91x22
                text run at (1,1) width 91: "Row 1, Cell 1"
            RenderTableCell {TD} at (93,0) size 94x24 [border: none none none (1px solid #808080)] [r=0 c=1 rs=1 cs=1]
              RenderText {#text} at (2,1) size 91x22
                text run at (2,1) width 91: "Row 1, Cell 2"
            RenderTableCell {TD} at (187,0) size 94x24 [border: none none none (1px solid #808080)] [r=0 c=2 rs=1 cs=1]
              RenderText {#text} at (2,1) size 91x22
                text run at (2,1) width 91: "Row 1, Cell 3"
        RenderTableSection {TBODY} at (0,46) size 281x72
          RenderTableRow {TR} at (0,0) size 281x24
            RenderTableCell {TD} at (0,12) size 93x24 [r=0 c=0 rs=2 cs=1]
              RenderText {#text} at (1,1) size 91x22
                text run at (1,1) width 91: "Row 2, Cell 1"
            RenderTableCell {TD} at (93,0) size 188x24 [border: none none none (1px solid #808080)] [r=0 c=1 rs=1 cs=2]
              RenderText {#text} at (2,1) size 91x22
                text run at (2,1) width 91: "Row 2, Cell 2"
          RenderTableRow {TR} at (0,24) size 281x24
            RenderTableCell {TD} at (93,24) size 94x24 [border: none none none (1px solid #808080)] [r=1 c=1 rs=1 cs=1]
              RenderText {#text} at (2,1) size 91x22
                text run at (2,1) width 91: "Row 3, Cell 2"
            RenderTableCell {TD} at (187,36) size 94x24 [border: none none none (1px solid #808080)] [r=1 c=2 rs=2 cs=1]
              RenderText {#text} at (2,1) size 91x22
                text run at (2,1) width 91: "Row 3, Cell 3"
          RenderTableRow {TR} at (0,48) size 281x24
            RenderTableCell {TD} at (0,48) size 187x24 [r=2 c=0 rs=1 cs=2]
              RenderText {#text} at (1,1) size 91x22
                text run at (1,1) width 91: "Row 4, Cell 1"
        RenderTableSection {TFOOT} at (0,118) size 281x24
          RenderTableRow {TR} at (0,0) size 281x24
            RenderTableCell {TD} at (0,0) size 93x24 [r=0 c=0 rs=1 cs=1]
              RenderText {#text} at (1,1) size 91x22
                text run at (1,1) width 91: "Row 5, Cell 1"
            RenderTableCell {TD} at (93,0) size 94x24 [border: none none none (1px solid #808080)] [r=0 c=1 rs=1 cs=1]
              RenderText {#text} at (2,1) size 91x22
                text run at (2,1) width 91: "Row 5, Cell 2"
            RenderTableCell {TD} at (187,0) size 94x24 [border: none none none (1px solid #808080)] [r=0 c=2 rs=1 cs=1]
              RenderText {#text} at (2,1) size 91x22
                text run at (2,1) width 91: "Row 5, Cell 3"
      RenderTable {TABLE} at (0,5398) size 281x143
        RenderBlock {CAPTION} at (0,0) size 281x22
          RenderInline {A} at (0,0) size 228x22
            RenderText {#text} at (24,0) size 228x22
              text run at (24,0) width 228: "Frame=\x{201C}above\x{201D} and Rules=\x{201C}cols\x{201D}"
          RenderInline (generated) at (0,0) size 6x22
            RenderText at (251,0) size 6x22
              text run at (251,0) width 6: ":"
        RenderTableSection {THEAD} at (0,22) size 281x25
          RenderTableRow {TR} at (0,0) size 281x25
            RenderTableCell {TD} at (0,0) size 93x25 [border: (1px none #808080) none none none] [r=0 c=0 rs=1 cs=1]
              RenderText {#text} at (1,2) size 91x22
                text run at (1,2) width 91: "Row 1, Cell 1"
            RenderTableCell {TD} at (93,0) size 94x25 [border: (1px none #808080) none none (1px solid #808080)] [r=0 c=1 rs=1 cs=1]
              RenderText {#text} at (2,2) size 91x22
                text run at (2,2) width 91: "Row 1, Cell 2"
            RenderTableCell {TD} at (187,0) size 94x25 [border: (1px none #808080) none none (1px solid #808080)] [r=0 c=2 rs=1 cs=1]
              RenderText {#text} at (2,2) size 91x22
                text run at (2,2) width 91: "Row 1, Cell 3"
        RenderTableSection {TBODY} at (0,47) size 281x72
          RenderTableRow {TR} at (0,0) size 281x24
            RenderTableCell {TD} at (0,12) size 93x24 [r=0 c=0 rs=2 cs=1]
              RenderText {#text} at (1,1) size 91x22
                text run at (1,1) width 91: "Row 2, Cell 1"
            RenderTableCell {TD} at (93,0) size 188x24 [border: none none none (1px solid #808080)] [r=0 c=1 rs=1 cs=2]
              RenderText {#text} at (2,1) size 91x22
                text run at (2,1) width 91: "Row 2, Cell 2"
          RenderTableRow {TR} at (0,24) size 281x24
            RenderTableCell {TD} at (93,24) size 94x24 [border: none none none (1px solid #808080)] [r=1 c=1 rs=1 cs=1]
              RenderText {#text} at (2,1) size 91x22
                text run at (2,1) width 91: "Row 3, Cell 2"
            RenderTableCell {TD} at (187,36) size 94x24 [border: none none none (1px solid #808080)] [r=1 c=2 rs=2 cs=1]
              RenderText {#text} at (2,1) size 91x22
                text run at (2,1) width 91: "Row 3, Cell 3"
          RenderTableRow {TR} at (0,48) size 281x24
            RenderTableCell {TD} at (0,48) size 187x24 [r=2 c=0 rs=1 cs=2]
              RenderText {#text} at (1,1) size 91x22
                text run at (1,1) width 91: "Row 4, Cell 1"
        RenderTableSection {TFOOT} at (0,119) size 281x24
          RenderTableRow {TR} at (0,0) size 281x24
            RenderTableCell {TD} at (0,0) size 93x24 [r=0 c=0 rs=1 cs=1]
              RenderText {#text} at (1,1) size 91x22
                text run at (1,1) width 91: "Row 5, Cell 1"
            RenderTableCell {TD} at (93,0) size 94x24 [border: none none none (1px solid #808080)] [r=0 c=1 rs=1 cs=1]
              RenderText {#text} at (2,1) size 91x22
                text run at (2,1) width 91: "Row 5, Cell 2"
            RenderTableCell {TD} at (187,0) size 94x24 [border: none none none (1px solid #808080)] [r=0 c=2 rs=1 cs=1]
              RenderText {#text} at (2,1) size 91x22
                text run at (2,1) width 91: "Row 5, Cell 3"
      RenderTable {TABLE} at (0,5589) size 281x143 [border: none (1px solid #808080) none]
        RenderBlock {CAPTION} at (0,0) size 281x22
          RenderInline {A} at (0,0) size 228x22
            RenderText {#text} at (24,0) size 228x22
              text run at (24,0) width 228: "Frame=\x{201C}below\x{201D} and Rules=\x{201C}cols\x{201D}"
          RenderInline (generated) at (0,0) size 6x22
            RenderText at (251,0) size 6x22
              text run at (251,0) width 6: ":"
        RenderTableSection {THEAD} at (0,22) size 281x24
          RenderTableRow {TR} at (0,0) size 281x24
            RenderTableCell {TD} at (0,0) size 93x24 [r=0 c=0 rs=1 cs=1]
              RenderText {#text} at (1,1) size 91x22
                text run at (1,1) width 91: "Row 1, Cell 1"
            RenderTableCell {TD} at (93,0) size 94x24 [border: none none none (1px solid #808080)] [r=0 c=1 rs=1 cs=1]
              RenderText {#text} at (2,1) size 91x22
                text run at (2,1) width 91: "Row 1, Cell 2"
            RenderTableCell {TD} at (187,0) size 94x24 [border: none none none (1px solid #808080)] [r=0 c=2 rs=1 cs=1]
              RenderText {#text} at (2,1) size 91x22
                text run at (2,1) width 91: "Row 1, Cell 3"
        RenderTableSection {TBODY} at (0,46) size 281x72
          RenderTableRow {TR} at (0,0) size 281x24
            RenderTableCell {TD} at (0,12) size 93x24 [r=0 c=0 rs=2 cs=1]
              RenderText {#text} at (1,1) size 91x22
                text run at (1,1) width 91: "Row 2, Cell 1"
            RenderTableCell {TD} at (93,0) size 188x24 [border: none none none (1px solid #808080)] [r=0 c=1 rs=1 cs=2]
              RenderText {#text} at (2,1) size 91x22
                text run at (2,1) width 91: "Row 2, Cell 2"
          RenderTableRow {TR} at (0,24) size 281x24
            RenderTableCell {TD} at (93,24) size 94x24 [border: none none none (1px solid #808080)] [r=1 c=1 rs=1 cs=1]
              RenderText {#text} at (2,1) size 91x22
                text run at (2,1) width 91: "Row 3, Cell 2"
            RenderTableCell {TD} at (187,36) size 94x24 [border: none none none (1px solid #808080)] [r=1 c=2 rs=2 cs=1]
              RenderText {#text} at (2,1) size 91x22
                text run at (2,1) width 91: "Row 3, Cell 3"
          RenderTableRow {TR} at (0,48) size 281x24
            RenderTableCell {TD} at (0,48) size 187x24 [r=2 c=0 rs=1 cs=2]
              RenderText {#text} at (1,1) size 91x22
                text run at (1,1) width 91: "Row 4, Cell 1"
        RenderTableSection {TFOOT} at (0,118) size 281x24
          RenderTableRow {TR} at (0,0) size 281x24
            RenderTableCell {TD} at (0,0) size 93x24 [r=0 c=0 rs=1 cs=1]
              RenderText {#text} at (1,1) size 91x22
                text run at (1,1) width 91: "Row 5, Cell 1"
            RenderTableCell {TD} at (93,0) size 94x24 [border: none none none (1px solid #808080)] [r=0 c=1 rs=1 cs=1]
              RenderText {#text} at (2,1) size 91x22
                text run at (2,1) width 91: "Row 5, Cell 2"
            RenderTableCell {TD} at (187,0) size 94x24 [border: none none none (1px solid #808080)] [r=0 c=2 rs=1 cs=1]
              RenderText {#text} at (2,1) size 91x22
                text run at (2,1) width 91: "Row 5, Cell 3"
      RenderTable {TABLE} at (0,5780) size 281x144 [border: none none (1px solid #808080) none]
        RenderBlock {CAPTION} at (0,0) size 281x22
          RenderInline {A} at (0,0) size 230x22
            RenderText {#text} at (23,0) size 230x22
              text run at (23,0) width 230: "Frame=\x{201C}hsides\x{201D} and Rules=\x{201C}cols\x{201D}"
          RenderInline (generated) at (0,0) size 6x22
            RenderText at (252,0) size 6x22
              text run at (252,0) width 6: ":"
        RenderTableSection {THEAD} at (0,22) size 281x25
          RenderTableRow {TR} at (0,0) size 281x25
            RenderTableCell {TD} at (0,0) size 93x25 [border: (1px none #808080) none none none] [r=0 c=0 rs=1 cs=1]
              RenderText {#text} at (1,2) size 91x22
                text run at (1,2) width 91: "Row 1, Cell 1"
            RenderTableCell {TD} at (93,0) size 94x25 [border: (1px none #808080) none none (1px solid #808080)] [r=0 c=1 rs=1 cs=1]
              RenderText {#text} at (2,2) size 91x22
                text run at (2,2) width 91: "Row 1, Cell 2"
            RenderTableCell {TD} at (187,0) size 94x25 [border: (1px none #808080) none none (1px solid #808080)] [r=0 c=2 rs=1 cs=1]
              RenderText {#text} at (2,2) size 91x22
                text run at (2,2) width 91: "Row 1, Cell 3"
        RenderTableSection {TBODY} at (0,47) size 281x72
          RenderTableRow {TR} at (0,0) size 281x24
            RenderTableCell {TD} at (0,12) size 93x24 [r=0 c=0 rs=2 cs=1]
              RenderText {#text} at (1,1) size 91x22
                text run at (1,1) width 91: "Row 2, Cell 1"
            RenderTableCell {TD} at (93,0) size 188x24 [border: none none none (1px solid #808080)] [r=0 c=1 rs=1 cs=2]
              RenderText {#text} at (2,1) size 91x22
                text run at (2,1) width 91: "Row 2, Cell 2"
          RenderTableRow {TR} at (0,24) size 281x24
            RenderTableCell {TD} at (93,24) size 94x24 [border: none none none (1px solid #808080)] [r=1 c=1 rs=1 cs=1]
              RenderText {#text} at (2,1) size 91x22
                text run at (2,1) width 91: "Row 3, Cell 2"
            RenderTableCell {TD} at (187,36) size 94x24 [border: none none none (1px solid #808080)] [r=1 c=2 rs=2 cs=1]
              RenderText {#text} at (2,1) size 91x22
                text run at (2,1) width 91: "Row 3, Cell 3"
          RenderTableRow {TR} at (0,48) size 281x24
            RenderTableCell {TD} at (0,48) size 187x24 [r=2 c=0 rs=1 cs=2]
              RenderText {#text} at (1,1) size 91x22
                text run at (1,1) width 91: "Row 4, Cell 1"
        RenderTableSection {TFOOT} at (0,119) size 281x24
          RenderTableRow {TR} at (0,0) size 281x24
            RenderTableCell {TD} at (0,0) size 93x24 [r=0 c=0 rs=1 cs=1]
              RenderText {#text} at (1,1) size 91x22
                text run at (1,1) width 91: "Row 5, Cell 1"
            RenderTableCell {TD} at (93,0) size 94x24 [border: none none none (1px solid #808080)] [r=0 c=1 rs=1 cs=1]
              RenderText {#text} at (2,1) size 91x22
                text run at (2,1) width 91: "Row 5, Cell 2"
            RenderTableCell {TD} at (187,0) size 94x24 [border: none none none (1px solid #808080)] [r=0 c=2 rs=1 cs=1]
              RenderText {#text} at (2,1) size 91x22
                text run at (2,1) width 91: "Row 5, Cell 3"
      RenderTable {TABLE} at (0,5972) size 283x142 [border: none (1px solid #808080) none none]
        RenderBlock {CAPTION} at (0,0) size 282x22
          RenderInline {A} at (0,0) size 227x22
            RenderText {#text} at (25,0) size 227x22
              text run at (25,0) width 227: "Frame=\x{201C}vsides\x{201D} and Rules=\x{201C}cols\x{201D}"
          RenderInline (generated) at (0,0) size 5x22
            RenderText at (252,0) size 5x22
              text run at (252,0) width 5: ":"
        RenderTableSection {THEAD} at (0,22) size 282x24
          RenderTableRow {TR} at (0,0) size 282x24
            RenderTableCell {TD} at (0,0) size 94x24 [border: none none none (1px solid #808080)] [r=0 c=0 rs=1 cs=1]
              RenderText {#text} at (2,1) size 91x22
                text run at (2,1) width 91: "Row 1, Cell 1"
            RenderTableCell {TD} at (94,0) size 94x24 [border: none none none (1px solid #808080)] [r=0 c=1 rs=1 cs=1]
              RenderText {#text} at (2,1) size 91x22
                text run at (2,1) width 91: "Row 1, Cell 2"
            RenderTableCell {TD} at (188,0) size 94x24 [border: none none none (1px solid #808080)] [r=0 c=2 rs=1 cs=1]
              RenderText {#text} at (2,1) size 91x22
                text run at (2,1) width 91: "Row 1, Cell 3"
        RenderTableSection {TBODY} at (0,46) size 282x72
          RenderTableRow {TR} at (0,0) size 282x24
            RenderTableCell {TD} at (0,12) size 94x24 [border: none none none (1px solid #808080)] [r=0 c=0 rs=2 cs=1]
              RenderText {#text} at (2,1) size 91x22
                text run at (2,1) width 91: "Row 2, Cell 1"
            RenderTableCell {TD} at (94,0) size 188x24 [border: none none none (1px solid #808080)] [r=0 c=1 rs=1 cs=2]
              RenderText {#text} at (2,1) size 91x22
                text run at (2,1) width 91: "Row 2, Cell 2"
          RenderTableRow {TR} at (0,24) size 282x24
            RenderTableCell {TD} at (94,24) size 94x24 [border: none none none (1px solid #808080)] [r=1 c=1 rs=1 cs=1]
              RenderText {#text} at (2,1) size 91x22
                text run at (2,1) width 91: "Row 3, Cell 2"
            RenderTableCell {TD} at (188,36) size 94x24 [border: none none none (1px solid #808080)] [r=1 c=2 rs=2 cs=1]
              RenderText {#text} at (2,1) size 91x22
                text run at (2,1) width 91: "Row 3, Cell 3"
          RenderTableRow {TR} at (0,48) size 282x24
            RenderTableCell {TD} at (0,48) size 188x24 [border: none none none (1px solid #808080)] [r=2 c=0 rs=1 cs=2]
              RenderText {#text} at (2,1) size 91x22
                text run at (2,1) width 91: "Row 4, Cell 1"
        RenderTableSection {TFOOT} at (0,118) size 282x24
          RenderTableRow {TR} at (0,0) size 282x24
            RenderTableCell {TD} at (0,0) size 94x24 [border: none none none (1px solid #808080)] [r=0 c=0 rs=1 cs=1]
              RenderText {#text} at (2,1) size 91x22
                text run at (2,1) width 91: "Row 5, Cell 1"
            RenderTableCell {TD} at (94,0) size 94x24 [border: none none none (1px solid #808080)] [r=0 c=1 rs=1 cs=1]
              RenderText {#text} at (2,1) size 91x22
                text run at (2,1) width 91: "Row 5, Cell 2"
            RenderTableCell {TD} at (188,0) size 94x24 [border: none none none (1px solid #808080)] [r=0 c=2 rs=1 cs=1]
              RenderText {#text} at (2,1) size 91x22
                text run at (2,1) width 91: "Row 5, Cell 3"
      RenderTable {TABLE} at (0,6162) size 282x142
        RenderBlock {CAPTION} at (0,0) size 282x22
          RenderInline {A} at (0,0) size 209x22
            RenderText {#text} at (34,0) size 209x22
              text run at (34,0) width 209: "Frame=\x{201C}lhs\x{201D} and Rules=\x{201C}cols\x{201D}"
          RenderInline (generated) at (0,0) size 6x22
            RenderText at (242,0) size 6x22
              text run at (242,0) width 6: ":"
        RenderTableSection {THEAD} at (0,22) size 282x24
          RenderTableRow {TR} at (0,0) size 282x24
            RenderTableCell {TD} at (0,0) size 94x24 [border: none none none (1px solid #808080)] [r=0 c=0 rs=1 cs=1]
              RenderText {#text} at (2,1) size 91x22
                text run at (2,1) width 91: "Row 1, Cell 1"
            RenderTableCell {TD} at (94,0) size 94x24 [border: none none none (1px solid #808080)] [r=0 c=1 rs=1 cs=1]
              RenderText {#text} at (2,1) size 91x22
                text run at (2,1) width 91: "Row 1, Cell 2"
            RenderTableCell {TD} at (188,0) size 94x24 [border: none none none (1px solid #808080)] [r=0 c=2 rs=1 cs=1]
              RenderText {#text} at (2,1) size 91x22
                text run at (2,1) width 91: "Row 1, Cell 3"
        RenderTableSection {TBODY} at (0,46) size 282x72
          RenderTableRow {TR} at (0,0) size 282x24
            RenderTableCell {TD} at (0,12) size 94x24 [border: none none none (1px solid #808080)] [r=0 c=0 rs=2 cs=1]
              RenderText {#text} at (2,1) size 91x22
                text run at (2,1) width 91: "Row 2, Cell 1"
            RenderTableCell {TD} at (94,0) size 188x24 [border: none none none (1px solid #808080)] [r=0 c=1 rs=1 cs=2]
              RenderText {#text} at (2,1) size 91x22
                text run at (2,1) width 91: "Row 2, Cell 2"
          RenderTableRow {TR} at (0,24) size 282x24
            RenderTableCell {TD} at (94,24) size 94x24 [border: none none none (1px solid #808080)] [r=1 c=1 rs=1 cs=1]
              RenderText {#text} at (2,1) size 91x22
                text run at (2,1) width 91: "Row 3, Cell 2"
            RenderTableCell {TD} at (188,36) size 94x24 [border: none none none (1px solid #808080)] [r=1 c=2 rs=2 cs=1]
              RenderText {#text} at (2,1) size 91x22
                text run at (2,1) width 91: "Row 3, Cell 3"
          RenderTableRow {TR} at (0,48) size 282x24
            RenderTableCell {TD} at (0,48) size 188x24 [border: none none none (1px solid #808080)] [r=2 c=0 rs=1 cs=2]
              RenderText {#text} at (2,1) size 91x22
                text run at (2,1) width 91: "Row 4, Cell 1"
        RenderTableSection {TFOOT} at (0,118) size 282x24
          RenderTableRow {TR} at (0,0) size 282x24
            RenderTableCell {TD} at (0,0) size 94x24 [border: none none none (1px solid #808080)] [r=0 c=0 rs=1 cs=1]
              RenderText {#text} at (2,1) size 91x22
                text run at (2,1) width 91: "Row 5, Cell 1"
            RenderTableCell {TD} at (94,0) size 94x24 [border: none none none (1px solid #808080)] [r=0 c=1 rs=1 cs=1]
              RenderText {#text} at (2,1) size 91x22
                text run at (2,1) width 91: "Row 5, Cell 2"
            RenderTableCell {TD} at (188,0) size 94x24 [border: none none none (1px solid #808080)] [r=0 c=2 rs=1 cs=1]
              RenderText {#text} at (2,1) size 91x22
                text run at (2,1) width 91: "Row 5, Cell 3"
      RenderTable {TABLE} at (0,6352) size 282x142 [border: none (1px solid #808080) none]
        RenderBlock {CAPTION} at (0,0) size 281x22
          RenderInline {A} at (0,0) size 210x22
            RenderText {#text} at (33,0) size 210x22
              text run at (33,0) width 210: "Frame=\x{201C}rhs\x{201D} and Rules=\x{201C}cols\x{201D}"
          RenderInline (generated) at (0,0) size 5x22
            RenderText at (243,0) size 5x22
              text run at (243,0) width 5: ":"
        RenderTableSection {THEAD} at (0,22) size 281x24
          RenderTableRow {TR} at (0,0) size 281x24
            RenderTableCell {TD} at (0,0) size 93x24 [r=0 c=0 rs=1 cs=1]
              RenderText {#text} at (1,1) size 91x22
                text run at (1,1) width 91: "Row 1, Cell 1"
            RenderTableCell {TD} at (93,0) size 94x24 [border: none none none (1px solid #808080)] [r=0 c=1 rs=1 cs=1]
              RenderText {#text} at (2,1) size 91x22
                text run at (2,1) width 91: "Row 1, Cell 2"
            RenderTableCell {TD} at (187,0) size 94x24 [border: none none none (1px solid #808080)] [r=0 c=2 rs=1 cs=1]
              RenderText {#text} at (2,1) size 91x22
                text run at (2,1) width 91: "Row 1, Cell 3"
        RenderTableSection {TBODY} at (0,46) size 281x72
          RenderTableRow {TR} at (0,0) size 281x24
            RenderTableCell {TD} at (0,12) size 93x24 [r=0 c=0 rs=2 cs=1]
              RenderText {#text} at (1,1) size 91x22
                text run at (1,1) width 91: "Row 2, Cell 1"
            RenderTableCell {TD} at (93,0) size 188x24 [border: none none none (1px solid #808080)] [r=0 c=1 rs=1 cs=2]
              RenderText {#text} at (2,1) size 91x22
                text run at (2,1) width 91: "Row 2, Cell 2"
          RenderTableRow {TR} at (0,24) size 281x24
            RenderTableCell {TD} at (93,24) size 94x24 [border: none none none (1px solid #808080)] [r=1 c=1 rs=1 cs=1]
              RenderText {#text} at (2,1) size 91x22
                text run at (2,1) width 91: "Row 3, Cell 2"
            RenderTableCell {TD} at (187,36) size 94x24 [border: none none none (1px solid #808080)] [r=1 c=2 rs=2 cs=1]
              RenderText {#text} at (2,1) size 91x22
                text run at (2,1) width 91: "Row 3, Cell 3"
          RenderTableRow {TR} at (0,48) size 281x24
            RenderTableCell {TD} at (0,48) size 187x24 [r=2 c=0 rs=1 cs=2]
              RenderText {#text} at (1,1) size 91x22
                text run at (1,1) width 91: "Row 4, Cell 1"
        RenderTableSection {TFOOT} at (0,118) size 281x24
          RenderTableRow {TR} at (0,0) size 281x24
            RenderTableCell {TD} at (0,0) size 93x24 [r=0 c=0 rs=1 cs=1]
              RenderText {#text} at (1,1) size 91x22
                text run at (1,1) width 91: "Row 5, Cell 1"
            RenderTableCell {TD} at (93,0) size 94x24 [border: none none none (1px solid #808080)] [r=0 c=1 rs=1 cs=1]
              RenderText {#text} at (2,1) size 91x22
                text run at (2,1) width 91: "Row 5, Cell 2"
            RenderTableCell {TD} at (187,0) size 94x24 [border: none none none (1px solid #808080)] [r=0 c=2 rs=1 cs=1]
              RenderText {#text} at (2,1) size 91x22
                text run at (2,1) width 91: "Row 5, Cell 3"
      RenderTable {TABLE} at (0,6542) size 283x144 [border: none]
        RenderBlock {CAPTION} at (0,0) size 282x22
          RenderInline {A} at (0,0) size 213x22
            RenderText {#text} at (32,0) size 213x22
              text run at (32,0) width 213: "Frame=\x{201C}box\x{201D} and Rules=\x{201C}cols\x{201D}"
          RenderInline (generated) at (0,0) size 5x22
            RenderText at (245,0) size 5x22
              text run at (245,0) width 5: ":"
        RenderTableSection {THEAD} at (0,22) size 282x25
          RenderTableRow {TR} at (0,0) size 282x25
            RenderTableCell {TD} at (0,0) size 94x25 [border: (1px none #808080) none none (1px solid #808080)] [r=0 c=0 rs=1 cs=1]
              RenderText {#text} at (2,2) size 91x22
                text run at (2,2) width 91: "Row 1, Cell 1"
            RenderTableCell {TD} at (94,0) size 94x25 [border: (1px none #808080) none none (1px solid #808080)] [r=0 c=1 rs=1 cs=1]
              RenderText {#text} at (2,2) size 91x22
                text run at (2,2) width 91: "Row 1, Cell 2"
            RenderTableCell {TD} at (188,0) size 94x25 [border: (1px none #808080) none none (1px solid #808080)] [r=0 c=2 rs=1 cs=1]
              RenderText {#text} at (2,2) size 91x22
                text run at (2,2) width 91: "Row 1, Cell 3"
        RenderTableSection {TBODY} at (0,47) size 282x72
          RenderTableRow {TR} at (0,0) size 282x24
            RenderTableCell {TD} at (0,12) size 94x24 [border: none none none (1px solid #808080)] [r=0 c=0 rs=2 cs=1]
              RenderText {#text} at (2,1) size 91x22
                text run at (2,1) width 91: "Row 2, Cell 1"
            RenderTableCell {TD} at (94,0) size 188x24 [border: none none none (1px solid #808080)] [r=0 c=1 rs=1 cs=2]
              RenderText {#text} at (2,1) size 91x22
                text run at (2,1) width 91: "Row 2, Cell 2"
          RenderTableRow {TR} at (0,24) size 282x24
            RenderTableCell {TD} at (94,24) size 94x24 [border: none none none (1px solid #808080)] [r=1 c=1 rs=1 cs=1]
              RenderText {#text} at (2,1) size 91x22
                text run at (2,1) width 91: "Row 3, Cell 2"
            RenderTableCell {TD} at (188,36) size 94x24 [border: none none none (1px solid #808080)] [r=1 c=2 rs=2 cs=1]
              RenderText {#text} at (2,1) size 91x22
                text run at (2,1) width 91: "Row 3, Cell 3"
          RenderTableRow {TR} at (0,48) size 282x24
            RenderTableCell {TD} at (0,48) size 188x24 [border: none none none (1px solid #808080)] [r=2 c=0 rs=1 cs=2]
              RenderText {#text} at (2,1) size 91x22
                text run at (2,1) width 91: "Row 4, Cell 1"
        RenderTableSection {TFOOT} at (0,119) size 282x24
          RenderTableRow {TR} at (0,0) size 282x24
            RenderTableCell {TD} at (0,0) size 94x24 [border: none none none (1px solid #808080)] [r=0 c=0 rs=1 cs=1]
              RenderText {#text} at (2,1) size 91x22
                text run at (2,1) width 91: "Row 5, Cell 1"
            RenderTableCell {TD} at (94,0) size 94x24 [border: none none none (1px solid #808080)] [r=0 c=1 rs=1 cs=1]
              RenderText {#text} at (2,1) size 91x22
                text run at (2,1) width 91: "Row 5, Cell 2"
            RenderTableCell {TD} at (188,0) size 94x24 [border: none none none (1px solid #808080)] [r=0 c=2 rs=1 cs=1]
              RenderText {#text} at (2,1) size 91x22
                text run at (2,1) width 91: "Row 5, Cell 3"
      RenderTable {TABLE} at (0,6734) size 283x144 [border: none]
        RenderBlock {CAPTION} at (0,0) size 282x22
          RenderInline {A} at (0,0) size 233x22
            RenderText {#text} at (22,0) size 233x22
              text run at (22,0) width 233: "Frame=\x{201C}border\x{201D} and Rules=\x{201C}cols\x{201D}"
          RenderInline (generated) at (0,0) size 6x22
            RenderText at (254,0) size 6x22
              text run at (254,0) width 6: ":"
        RenderTableSection {THEAD} at (0,22) size 282x25
          RenderTableRow {TR} at (0,0) size 282x25
            RenderTableCell {TD} at (0,0) size 94x25 [border: (1px none #808080) none none (1px solid #808080)] [r=0 c=0 rs=1 cs=1]
              RenderText {#text} at (2,2) size 91x22
                text run at (2,2) width 91: "Row 1, Cell 1"
            RenderTableCell {TD} at (94,0) size 94x25 [border: (1px none #808080) none none (1px solid #808080)] [r=0 c=1 rs=1 cs=1]
              RenderText {#text} at (2,2) size 91x22
                text run at (2,2) width 91: "Row 1, Cell 2"
            RenderTableCell {TD} at (188,0) size 94x25 [border: (1px none #808080) none none (1px solid #808080)] [r=0 c=2 rs=1 cs=1]
              RenderText {#text} at (2,2) size 91x22
                text run at (2,2) width 91: "Row 1, Cell 3"
        RenderTableSection {TBODY} at (0,47) size 282x72
          RenderTableRow {TR} at (0,0) size 282x24
            RenderTableCell {TD} at (0,12) size 94x24 [border: none none none (1px solid #808080)] [r=0 c=0 rs=2 cs=1]
              RenderText {#text} at (2,1) size 91x22
                text run at (2,1) width 91: "Row 2, Cell 1"
            RenderTableCell {TD} at (94,0) size 188x24 [border: none none none (1px solid #808080)] [r=0 c=1 rs=1 cs=2]
              RenderText {#text} at (2,1) size 91x22
                text run at (2,1) width 91: "Row 2, Cell 2"
          RenderTableRow {TR} at (0,24) size 282x24
            RenderTableCell {TD} at (94,24) size 94x24 [border: none none none (1px solid #808080)] [r=1 c=1 rs=1 cs=1]
              RenderText {#text} at (2,1) size 91x22
                text run at (2,1) width 91: "Row 3, Cell 2"
            RenderTableCell {TD} at (188,36) size 94x24 [border: none none none (1px solid #808080)] [r=1 c=2 rs=2 cs=1]
              RenderText {#text} at (2,1) size 91x22
                text run at (2,1) width 91: "Row 3, Cell 3"
          RenderTableRow {TR} at (0,48) size 282x24
            RenderTableCell {TD} at (0,48) size 188x24 [border: none none none (1px solid #808080)] [r=2 c=0 rs=1 cs=2]
              RenderText {#text} at (2,1) size 91x22
                text run at (2,1) width 91: "Row 4, Cell 1"
        RenderTableSection {TFOOT} at (0,119) size 282x24
          RenderTableRow {TR} at (0,0) size 282x24
            RenderTableCell {TD} at (0,0) size 94x24 [border: none none none (1px solid #808080)] [r=0 c=0 rs=1 cs=1]
              RenderText {#text} at (2,1) size 91x22
                text run at (2,1) width 91: "Row 5, Cell 1"
            RenderTableCell {TD} at (94,0) size 94x24 [border: none none none (1px solid #808080)] [r=0 c=1 rs=1 cs=1]
              RenderText {#text} at (2,1) size 91x22
                text run at (2,1) width 91: "Row 5, Cell 2"
            RenderTableCell {TD} at (188,0) size 94x24 [border: none none none (1px solid #808080)] [r=0 c=2 rs=1 cs=1]
              RenderText {#text} at (2,1) size 91x22
                text run at (2,1) width 91: "Row 5, Cell 3"
      RenderTable {TABLE} at (0,6926) size 281x146
        RenderBlock {CAPTION} at (0,0) size 281x22
          RenderInline {A} at (0,0) size 208x22
            RenderText {#text} at (34,0) size 208x22
              text run at (34,0) width 208: "Frame=\x{201C}void\x{201D} and Rules=\x{201C}all\x{201D}"
          RenderInline (generated) at (0,0) size 6x22
            RenderText at (241,0) size 6x22
              text run at (241,0) width 6: ":"
        RenderTableSection {THEAD} at (0,22) size 281x24
          RenderTableRow {TR} at (0,0) size 281x24
            RenderTableCell {TD} at (0,0) size 93x24 [r=0 c=0 rs=1 cs=1]
              RenderText {#text} at (1,1) size 91x22
                text run at (1,1) width 91: "Row 1, Cell 1"
            RenderTableCell {TD} at (93,0) size 94x24 [border: none] [r=0 c=1 rs=1 cs=1]
              RenderText {#text} at (2,1) size 91x22
                text run at (2,1) width 91: "Row 1, Cell 2"
            RenderTableCell {TD} at (187,0) size 94x24 [border: none] [r=0 c=2 rs=1 cs=1]
              RenderText {#text} at (2,1) size 91x22
                text run at (2,1) width 91: "Row 1, Cell 3"
        RenderTableSection {TBODY} at (0,46) size 281x75
          RenderTableRow {TR} at (0,0) size 281x25
            RenderTableCell {TD} at (0,12) size 93x25 [border: (1px solid #808080)] [r=0 c=0 rs=2 cs=1]
              RenderText {#text} at (1,2) size 91x22
                text run at (1,2) width 91: "Row 2, Cell 1"
            RenderTableCell {TD} at (93,0) size 188x25 [border: (1px solid #808080)] [r=0 c=1 rs=1 cs=2]
              RenderText {#text} at (2,2) size 91x22
                text run at (2,2) width 91: "Row 2, Cell 2"
          RenderTableRow {TR} at (0,25) size 281x25
            RenderTableCell {TD} at (93,25) size 94x25 [border: (1px solid #808080)] [r=1 c=1 rs=1 cs=1]
              RenderText {#text} at (2,2) size 91x22
                text run at (2,2) width 91: "Row 3, Cell 2"
            RenderTableCell {TD} at (187,37) size 94x25 [border: (1px solid #808080)] [r=1 c=2 rs=2 cs=1]
              RenderText {#text} at (2,2) size 91x22
                text run at (2,2) width 91: "Row 3, Cell 3"
          RenderTableRow {TR} at (0,50) size 281x25
            RenderTableCell {TD} at (0,50) size 187x25 [border: (1px solid #808080)] [r=2 c=0 rs=1 cs=2]
              RenderText {#text} at (1,2) size 91x22
                text run at (1,2) width 91: "Row 4, Cell 1"
        RenderTableSection {TFOOT} at (0,121) size 281x25
          RenderTableRow {TR} at (0,0) size 281x25
            RenderTableCell {TD} at (0,0) size 93x25 [border: (1px solid #808080)] [r=0 c=0 rs=1 cs=1]
              RenderText {#text} at (1,2) size 91x22
                text run at (1,2) width 91: "Row 5, Cell 1"
            RenderTableCell {TD} at (93,0) size 94x25 [border: (1px solid #808080)] [r=0 c=1 rs=1 cs=1]
              RenderText {#text} at (2,2) size 91x22
                text run at (2,2) width 91: "Row 5, Cell 2"
            RenderTableCell {TD} at (187,0) size 94x25 [border: (1px solid #808080)] [r=0 c=2 rs=1 cs=1]
              RenderText {#text} at (2,2) size 91x22
                text run at (2,2) width 91: "Row 5, Cell 3"
      RenderTable {TABLE} at (0,7120) size 281x147
        RenderBlock {CAPTION} at (0,0) size 281x22
          RenderInline {A} at (0,0) size 218x22
            RenderText {#text} at (29,0) size 218x22
              text run at (29,0) width 218: "Frame=\x{201C}above\x{201D} and Rules=\x{201C}all\x{201D}"
          RenderInline (generated) at (0,0) size 5x22
            RenderText at (247,0) size 5x22
              text run at (247,0) width 5: ":"
        RenderTableSection {THEAD} at (0,22) size 281x25
          RenderTableRow {TR} at (0,0) size 281x25
            RenderTableCell {TD} at (0,0) size 93x25 [border: (1px solid #808080)] [r=0 c=0 rs=1 cs=1]
              RenderText {#text} at (1,2) size 91x22
                text run at (1,2) width 91: "Row 1, Cell 1"
            RenderTableCell {TD} at (93,0) size 94x25 [border: (1px solid #808080)] [r=0 c=1 rs=1 cs=1]
              RenderText {#text} at (2,2) size 91x22
                text run at (2,2) width 91: "Row 1, Cell 2"
            RenderTableCell {TD} at (187,0) size 94x25 [border: (1px solid #808080)] [r=0 c=2 rs=1 cs=1]
              RenderText {#text} at (2,2) size 91x22
                text run at (2,2) width 91: "Row 1, Cell 3"
        RenderTableSection {TBODY} at (0,47) size 281x75
          RenderTableRow {TR} at (0,0) size 281x25
            RenderTableCell {TD} at (0,12) size 93x25 [border: (1px solid #808080)] [r=0 c=0 rs=2 cs=1]
              RenderText {#text} at (1,2) size 91x22
                text run at (1,2) width 91: "Row 2, Cell 1"
            RenderTableCell {TD} at (93,0) size 188x25 [border: (1px solid #808080)] [r=0 c=1 rs=1 cs=2]
              RenderText {#text} at (2,2) size 91x22
                text run at (2,2) width 91: "Row 2, Cell 2"
          RenderTableRow {TR} at (0,25) size 281x25
            RenderTableCell {TD} at (93,25) size 94x25 [border: (1px solid #808080)] [r=1 c=1 rs=1 cs=1]
              RenderText {#text} at (2,2) size 91x22
                text run at (2,2) width 91: "Row 3, Cell 2"
            RenderTableCell {TD} at (187,37) size 94x25 [border: (1px solid #808080)] [r=1 c=2 rs=2 cs=1]
              RenderText {#text} at (2,2) size 91x22
                text run at (2,2) width 91: "Row 3, Cell 3"
          RenderTableRow {TR} at (0,50) size 281x25
            RenderTableCell {TD} at (0,50) size 187x25 [border: (1px solid #808080)] [r=2 c=0 rs=1 cs=2]
              RenderText {#text} at (1,2) size 91x22
                text run at (1,2) width 91: "Row 4, Cell 1"
        RenderTableSection {TFOOT} at (0,122) size 281x25
          RenderTableRow {TR} at (0,0) size 281x25
            RenderTableCell {TD} at (0,0) size 93x25 [border: (1px solid #808080)] [r=0 c=0 rs=1 cs=1]
              RenderText {#text} at (1,2) size 91x22
                text run at (1,2) width 91: "Row 5, Cell 1"
            RenderTableCell {TD} at (93,0) size 94x25 [border: (1px solid #808080)] [r=0 c=1 rs=1 cs=1]
              RenderText {#text} at (2,2) size 91x22
                text run at (2,2) width 91: "Row 5, Cell 2"
            RenderTableCell {TD} at (187,0) size 94x25 [border: (1px solid #808080)] [r=0 c=2 rs=1 cs=1]
              RenderText {#text} at (2,2) size 91x22
                text run at (2,2) width 91: "Row 5, Cell 3"
      RenderTable {TABLE} at (0,7315) size 281x147 [border: none (1px solid #808080) none]
        RenderBlock {CAPTION} at (0,0) size 281x22
          RenderInline {A} at (0,0) size 218x22
            RenderText {#text} at (29,0) size 218x22
              text run at (29,0) width 218: "Frame=\x{201C}below\x{201D} and Rules=\x{201C}all\x{201D}"
          RenderInline (generated) at (0,0) size 5x22
            RenderText at (247,0) size 5x22
              text run at (247,0) width 5: ":"
        RenderTableSection {THEAD} at (0,22) size 281x24
          RenderTableRow {TR} at (0,0) size 281x24
            RenderTableCell {TD} at (0,0) size 93x24 [r=0 c=0 rs=1 cs=1]
              RenderText {#text} at (1,1) size 91x22
                text run at (1,1) width 91: "Row 1, Cell 1"
            RenderTableCell {TD} at (93,0) size 94x24 [border: none] [r=0 c=1 rs=1 cs=1]
              RenderText {#text} at (2,1) size 91x22
                text run at (2,1) width 91: "Row 1, Cell 2"
            RenderTableCell {TD} at (187,0) size 94x24 [border: none] [r=0 c=2 rs=1 cs=1]
              RenderText {#text} at (2,1) size 91x22
                text run at (2,1) width 91: "Row 1, Cell 3"
        RenderTableSection {TBODY} at (0,46) size 281x75
          RenderTableRow {TR} at (0,0) size 281x25
            RenderTableCell {TD} at (0,12) size 93x25 [border: (1px solid #808080)] [r=0 c=0 rs=2 cs=1]
              RenderText {#text} at (1,2) size 91x22
                text run at (1,2) width 91: "Row 2, Cell 1"
            RenderTableCell {TD} at (93,0) size 188x25 [border: (1px solid #808080)] [r=0 c=1 rs=1 cs=2]
              RenderText {#text} at (2,2) size 91x22
                text run at (2,2) width 91: "Row 2, Cell 2"
          RenderTableRow {TR} at (0,25) size 281x25
            RenderTableCell {TD} at (93,25) size 94x25 [border: (1px solid #808080)] [r=1 c=1 rs=1 cs=1]
              RenderText {#text} at (2,2) size 91x22
                text run at (2,2) width 91: "Row 3, Cell 2"
            RenderTableCell {TD} at (187,37) size 94x25 [border: (1px solid #808080)] [r=1 c=2 rs=2 cs=1]
              RenderText {#text} at (2,2) size 91x22
                text run at (2,2) width 91: "Row 3, Cell 3"
          RenderTableRow {TR} at (0,50) size 281x25
            RenderTableCell {TD} at (0,50) size 187x25 [border: (1px solid #808080)] [r=2 c=0 rs=1 cs=2]
              RenderText {#text} at (1,2) size 91x22
                text run at (1,2) width 91: "Row 4, Cell 1"
        RenderTableSection {TFOOT} at (0,121) size 281x25
          RenderTableRow {TR} at (0,0) size 281x25
            RenderTableCell {TD} at (0,0) size 93x25 [border: (1px solid #808080)] [r=0 c=0 rs=1 cs=1]
              RenderText {#text} at (1,2) size 91x22
                text run at (1,2) width 91: "Row 5, Cell 1"
            RenderTableCell {TD} at (93,0) size 94x25 [border: (1px solid #808080)] [r=0 c=1 rs=1 cs=1]
              RenderText {#text} at (2,2) size 91x22
                text run at (2,2) width 91: "Row 5, Cell 2"
            RenderTableCell {TD} at (187,0) size 94x25 [border: (1px solid #808080)] [r=0 c=2 rs=1 cs=1]
              RenderText {#text} at (2,2) size 91x22
                text run at (2,2) width 91: "Row 5, Cell 3"
      RenderTable {TABLE} at (0,7510) size 281x148 [border: none none (1px solid #808080) none]
        RenderBlock {CAPTION} at (0,0) size 281x22
          RenderInline {A} at (0,0) size 220x22
            RenderText {#text} at (28,0) size 220x22
              text run at (28,0) width 220: "Frame=\x{201C}hsides\x{201D} and Rules=\x{201C}all\x{201D}"
          RenderInline (generated) at (0,0) size 5x22
            RenderText at (248,0) size 5x22
              text run at (248,0) width 5: ":"
        RenderTableSection {THEAD} at (0,22) size 281x25
          RenderTableRow {TR} at (0,0) size 281x25
            RenderTableCell {TD} at (0,0) size 93x25 [border: (1px solid #808080)] [r=0 c=0 rs=1 cs=1]
              RenderText {#text} at (1,2) size 91x22
                text run at (1,2) width 91: "Row 1, Cell 1"
            RenderTableCell {TD} at (93,0) size 94x25 [border: (1px solid #808080)] [r=0 c=1 rs=1 cs=1]
              RenderText {#text} at (2,2) size 91x22
                text run at (2,2) width 91: "Row 1, Cell 2"
            RenderTableCell {TD} at (187,0) size 94x25 [border: (1px solid #808080)] [r=0 c=2 rs=1 cs=1]
              RenderText {#text} at (2,2) size 91x22
                text run at (2,2) width 91: "Row 1, Cell 3"
        RenderTableSection {TBODY} at (0,47) size 281x75
          RenderTableRow {TR} at (0,0) size 281x25
            RenderTableCell {TD} at (0,12) size 93x25 [border: (1px solid #808080)] [r=0 c=0 rs=2 cs=1]
              RenderText {#text} at (1,2) size 91x22
                text run at (1,2) width 91: "Row 2, Cell 1"
            RenderTableCell {TD} at (93,0) size 188x25 [border: (1px solid #808080)] [r=0 c=1 rs=1 cs=2]
              RenderText {#text} at (2,2) size 91x22
                text run at (2,2) width 91: "Row 2, Cell 2"
          RenderTableRow {TR} at (0,25) size 281x25
            RenderTableCell {TD} at (93,25) size 94x25 [border: (1px solid #808080)] [r=1 c=1 rs=1 cs=1]
              RenderText {#text} at (2,2) size 91x22
                text run at (2,2) width 91: "Row 3, Cell 2"
            RenderTableCell {TD} at (187,37) size 94x25 [border: (1px solid #808080)] [r=1 c=2 rs=2 cs=1]
              RenderText {#text} at (2,2) size 91x22
                text run at (2,2) width 91: "Row 3, Cell 3"
          RenderTableRow {TR} at (0,50) size 281x25
            RenderTableCell {TD} at (0,50) size 187x25 [border: (1px solid #808080)] [r=2 c=0 rs=1 cs=2]
              RenderText {#text} at (1,2) size 91x22
                text run at (1,2) width 91: "Row 4, Cell 1"
        RenderTableSection {TFOOT} at (0,122) size 281x25
          RenderTableRow {TR} at (0,0) size 281x25
            RenderTableCell {TD} at (0,0) size 93x25 [border: (1px solid #808080)] [r=0 c=0 rs=1 cs=1]
              RenderText {#text} at (1,2) size 91x22
                text run at (1,2) width 91: "Row 5, Cell 1"
            RenderTableCell {TD} at (93,0) size 94x25 [border: (1px solid #808080)] [r=0 c=1 rs=1 cs=1]
              RenderText {#text} at (2,2) size 91x22
                text run at (2,2) width 91: "Row 5, Cell 2"
            RenderTableCell {TD} at (187,0) size 94x25 [border: (1px solid #808080)] [r=0 c=2 rs=1 cs=1]
              RenderText {#text} at (2,2) size 91x22
                text run at (2,2) width 91: "Row 5, Cell 3"
      RenderTable {TABLE} at (0,7706) size 283x146 [border: none (1px solid #808080) none none]
        RenderBlock {CAPTION} at (0,0) size 282x22
          RenderInline {A} at (0,0) size 219x22
            RenderText {#text} at (29,0) size 219x22
              text run at (29,0) width 219: "Frame=\x{201C}vsides\x{201D} and Rules=\x{201C}all\x{201D}"
          RenderInline (generated) at (0,0) size 6x22
            RenderText at (247,0) size 6x22
              text run at (247,0) width 6: ":"
        RenderTableSection {THEAD} at (0,22) size 282x24
          RenderTableRow {TR} at (0,0) size 282x24
            RenderTableCell {TD} at (0,0) size 94x24 [border: none] [r=0 c=0 rs=1 cs=1]
              RenderText {#text} at (2,1) size 91x22
                text run at (2,1) width 91: "Row 1, Cell 1"
            RenderTableCell {TD} at (94,0) size 94x24 [border: none] [r=0 c=1 rs=1 cs=1]
              RenderText {#text} at (2,1) size 91x22
                text run at (2,1) width 91: "Row 1, Cell 2"
            RenderTableCell {TD} at (188,0) size 94x24 [border: none] [r=0 c=2 rs=1 cs=1]
              RenderText {#text} at (2,1) size 91x22
                text run at (2,1) width 91: "Row 1, Cell 3"
        RenderTableSection {TBODY} at (0,46) size 282x75
          RenderTableRow {TR} at (0,0) size 282x25
            RenderTableCell {TD} at (0,12) size 94x25 [border: (1px solid #808080)] [r=0 c=0 rs=2 cs=1]
              RenderText {#text} at (2,2) size 91x22
                text run at (2,2) width 91: "Row 2, Cell 1"
            RenderTableCell {TD} at (94,0) size 188x25 [border: (1px solid #808080)] [r=0 c=1 rs=1 cs=2]
              RenderText {#text} at (2,2) size 91x22
                text run at (2,2) width 91: "Row 2, Cell 2"
          RenderTableRow {TR} at (0,25) size 282x25
            RenderTableCell {TD} at (94,25) size 94x25 [border: (1px solid #808080)] [r=1 c=1 rs=1 cs=1]
              RenderText {#text} at (2,2) size 91x22
                text run at (2,2) width 91: "Row 3, Cell 2"
            RenderTableCell {TD} at (188,37) size 94x25 [border: (1px solid #808080)] [r=1 c=2 rs=2 cs=1]
              RenderText {#text} at (2,2) size 91x22
                text run at (2,2) width 91: "Row 3, Cell 3"
          RenderTableRow {TR} at (0,50) size 282x25
            RenderTableCell {TD} at (0,50) size 188x25 [border: (1px solid #808080)] [r=2 c=0 rs=1 cs=2]
              RenderText {#text} at (2,2) size 91x22
                text run at (2,2) width 91: "Row 4, Cell 1"
        RenderTableSection {TFOOT} at (0,121) size 282x25
          RenderTableRow {TR} at (0,0) size 282x25
            RenderTableCell {TD} at (0,0) size 94x25 [border: (1px solid #808080)] [r=0 c=0 rs=1 cs=1]
              RenderText {#text} at (2,2) size 91x22
                text run at (2,2) width 91: "Row 5, Cell 1"
            RenderTableCell {TD} at (94,0) size 94x25 [border: (1px solid #808080)] [r=0 c=1 rs=1 cs=1]
              RenderText {#text} at (2,2) size 91x22
                text run at (2,2) width 91: "Row 5, Cell 2"
            RenderTableCell {TD} at (188,0) size 94x25 [border: (1px solid #808080)] [r=0 c=2 rs=1 cs=1]
              RenderText {#text} at (2,2) size 91x22
                text run at (2,2) width 91: "Row 5, Cell 3"
      RenderTable {TABLE} at (0,7900) size 282x146
        RenderBlock {CAPTION} at (0,0) size 282x22
          RenderInline {A} at (0,0) size 199x22
            RenderText {#text} at (39,0) size 199x22
              text run at (39,0) width 199: "Frame=\x{201C}lhs\x{201D} and Rules=\x{201C}all\x{201D}"
          RenderInline (generated) at (0,0) size 5x22
            RenderText at (238,0) size 5x22
              text run at (238,0) width 5: ":"
        RenderTableSection {THEAD} at (0,22) size 282x24
          RenderTableRow {TR} at (0,0) size 282x24
            RenderTableCell {TD} at (0,0) size 94x24 [border: none] [r=0 c=0 rs=1 cs=1]
              RenderText {#text} at (2,1) size 91x22
                text run at (2,1) width 91: "Row 1, Cell 1"
            RenderTableCell {TD} at (94,0) size 94x24 [border: none] [r=0 c=1 rs=1 cs=1]
              RenderText {#text} at (2,1) size 91x22
                text run at (2,1) width 91: "Row 1, Cell 2"
            RenderTableCell {TD} at (188,0) size 94x24 [border: none] [r=0 c=2 rs=1 cs=1]
              RenderText {#text} at (2,1) size 91x22
                text run at (2,1) width 91: "Row 1, Cell 3"
        RenderTableSection {TBODY} at (0,46) size 282x75
          RenderTableRow {TR} at (0,0) size 282x25
            RenderTableCell {TD} at (0,12) size 94x25 [border: (1px solid #808080)] [r=0 c=0 rs=2 cs=1]
              RenderText {#text} at (2,2) size 91x22
                text run at (2,2) width 91: "Row 2, Cell 1"
            RenderTableCell {TD} at (94,0) size 188x25 [border: (1px solid #808080)] [r=0 c=1 rs=1 cs=2]
              RenderText {#text} at (2,2) size 91x22
                text run at (2,2) width 91: "Row 2, Cell 2"
          RenderTableRow {TR} at (0,25) size 282x25
            RenderTableCell {TD} at (94,25) size 94x25 [border: (1px solid #808080)] [r=1 c=1 rs=1 cs=1]
              RenderText {#text} at (2,2) size 91x22
                text run at (2,2) width 91: "Row 3, Cell 2"
            RenderTableCell {TD} at (188,37) size 94x25 [border: (1px solid #808080)] [r=1 c=2 rs=2 cs=1]
              RenderText {#text} at (2,2) size 91x22
                text run at (2,2) width 91: "Row 3, Cell 3"
          RenderTableRow {TR} at (0,50) size 282x25
            RenderTableCell {TD} at (0,50) size 188x25 [border: (1px solid #808080)] [r=2 c=0 rs=1 cs=2]
              RenderText {#text} at (2,2) size 91x22
                text run at (2,2) width 91: "Row 4, Cell 1"
        RenderTableSection {TFOOT} at (0,121) size 282x25
          RenderTableRow {TR} at (0,0) size 282x25
            RenderTableCell {TD} at (0,0) size 94x25 [border: (1px solid #808080)] [r=0 c=0 rs=1 cs=1]
              RenderText {#text} at (2,2) size 91x22
                text run at (2,2) width 91: "Row 5, Cell 1"
            RenderTableCell {TD} at (94,0) size 94x25 [border: (1px solid #808080)] [r=0 c=1 rs=1 cs=1]
              RenderText {#text} at (2,2) size 91x22
                text run at (2,2) width 91: "Row 5, Cell 2"
            RenderTableCell {TD} at (188,0) size 94x25 [border: (1px solid #808080)] [r=0 c=2 rs=1 cs=1]
              RenderText {#text} at (2,2) size 91x22
                text run at (2,2) width 91: "Row 5, Cell 3"
      RenderTable {TABLE} at (0,8094) size 282x146 [border: none (1px solid #808080) none]
        RenderBlock {CAPTION} at (0,0) size 281x22
          RenderInline {A} at (0,0) size 202x22
            RenderText {#text} at (37,0) size 202x22
              text run at (37,0) width 202: "Frame=\x{201C}rhs\x{201D} and Rules=\x{201C}all\x{201D}"
          RenderInline (generated) at (0,0) size 6x22
            RenderText at (238,0) size 6x22
              text run at (238,0) width 6: ":"
        RenderTableSection {THEAD} at (0,22) size 281x24
          RenderTableRow {TR} at (0,0) size 281x24
            RenderTableCell {TD} at (0,0) size 93x24 [r=0 c=0 rs=1 cs=1]
              RenderText {#text} at (1,1) size 91x22
                text run at (1,1) width 91: "Row 1, Cell 1"
            RenderTableCell {TD} at (93,0) size 94x24 [border: none] [r=0 c=1 rs=1 cs=1]
              RenderText {#text} at (2,1) size 91x22
                text run at (2,1) width 91: "Row 1, Cell 2"
            RenderTableCell {TD} at (187,0) size 94x24 [border: none] [r=0 c=2 rs=1 cs=1]
              RenderText {#text} at (2,1) size 91x22
                text run at (2,1) width 91: "Row 1, Cell 3"
        RenderTableSection {TBODY} at (0,46) size 281x75
          RenderTableRow {TR} at (0,0) size 281x25
            RenderTableCell {TD} at (0,12) size 93x25 [border: (1px solid #808080)] [r=0 c=0 rs=2 cs=1]
              RenderText {#text} at (1,2) size 91x22
                text run at (1,2) width 91: "Row 2, Cell 1"
            RenderTableCell {TD} at (93,0) size 188x25 [border: (1px solid #808080)] [r=0 c=1 rs=1 cs=2]
              RenderText {#text} at (2,2) size 91x22
                text run at (2,2) width 91: "Row 2, Cell 2"
          RenderTableRow {TR} at (0,25) size 281x25
            RenderTableCell {TD} at (93,25) size 94x25 [border: (1px solid #808080)] [r=1 c=1 rs=1 cs=1]
              RenderText {#text} at (2,2) size 91x22
                text run at (2,2) width 91: "Row 3, Cell 2"
            RenderTableCell {TD} at (187,37) size 94x25 [border: (1px solid #808080)] [r=1 c=2 rs=2 cs=1]
              RenderText {#text} at (2,2) size 91x22
                text run at (2,2) width 91: "Row 3, Cell 3"
          RenderTableRow {TR} at (0,50) size 281x25
            RenderTableCell {TD} at (0,50) size 187x25 [border: (1px solid #808080)] [r=2 c=0 rs=1 cs=2]
              RenderText {#text} at (1,2) size 91x22
                text run at (1,2) width 91: "Row 4, Cell 1"
        RenderTableSection {TFOOT} at (0,121) size 281x25
          RenderTableRow {TR} at (0,0) size 281x25
            RenderTableCell {TD} at (0,0) size 93x25 [border: (1px solid #808080)] [r=0 c=0 rs=1 cs=1]
              RenderText {#text} at (1,2) size 91x22
                text run at (1,2) width 91: "Row 5, Cell 1"
            RenderTableCell {TD} at (93,0) size 94x25 [border: (1px solid #808080)] [r=0 c=1 rs=1 cs=1]
              RenderText {#text} at (2,2) size 91x22
                text run at (2,2) width 91: "Row 5, Cell 2"
            RenderTableCell {TD} at (187,0) size 94x25 [border: (1px solid #808080)] [r=0 c=2 rs=1 cs=1]
              RenderText {#text} at (2,2) size 91x22
                text run at (2,2) width 91: "Row 5, Cell 3"
      RenderTable {TABLE} at (0,8288) size 283x148 [border: none]
        RenderBlock {CAPTION} at (0,0) size 282x22
          RenderInline {A} at (0,0) size 205x22
            RenderText {#text} at (36,0) size 205x22
              text run at (36,0) width 205: "Frame=\x{201C}box\x{201D} and Rules=\x{201C}all\x{201D}"
          RenderInline (generated) at (0,0) size 6x22
            RenderText at (240,0) size 6x22
              text run at (240,0) width 6: ":"
        RenderTableSection {THEAD} at (0,22) size 282x25
          RenderTableRow {TR} at (0,0) size 282x25
            RenderTableCell {TD} at (0,0) size 94x25 [border: (1px solid #808080)] [r=0 c=0 rs=1 cs=1]
              RenderText {#text} at (2,2) size 91x22
                text run at (2,2) width 91: "Row 1, Cell 1"
            RenderTableCell {TD} at (94,0) size 94x25 [border: (1px solid #808080)] [r=0 c=1 rs=1 cs=1]
              RenderText {#text} at (2,2) size 91x22
                text run at (2,2) width 91: "Row 1, Cell 2"
            RenderTableCell {TD} at (188,0) size 94x25 [border: (1px solid #808080)] [r=0 c=2 rs=1 cs=1]
              RenderText {#text} at (2,2) size 91x22
                text run at (2,2) width 91: "Row 1, Cell 3"
        RenderTableSection {TBODY} at (0,47) size 282x75
          RenderTableRow {TR} at (0,0) size 282x25
            RenderTableCell {TD} at (0,12) size 94x25 [border: (1px solid #808080)] [r=0 c=0 rs=2 cs=1]
              RenderText {#text} at (2,2) size 91x22
                text run at (2,2) width 91: "Row 2, Cell 1"
            RenderTableCell {TD} at (94,0) size 188x25 [border: (1px solid #808080)] [r=0 c=1 rs=1 cs=2]
              RenderText {#text} at (2,2) size 91x22
                text run at (2,2) width 91: "Row 2, Cell 2"
          RenderTableRow {TR} at (0,25) size 282x25
            RenderTableCell {TD} at (94,25) size 94x25 [border: (1px solid #808080)] [r=1 c=1 rs=1 cs=1]
              RenderText {#text} at (2,2) size 91x22
                text run at (2,2) width 91: "Row 3, Cell 2"
            RenderTableCell {TD} at (188,37) size 94x25 [border: (1px solid #808080)] [r=1 c=2 rs=2 cs=1]
              RenderText {#text} at (2,2) size 91x22
                text run at (2,2) width 91: "Row 3, Cell 3"
          RenderTableRow {TR} at (0,50) size 282x25
            RenderTableCell {TD} at (0,50) size 188x25 [border: (1px solid #808080)] [r=2 c=0 rs=1 cs=2]
              RenderText {#text} at (2,2) size 91x22
                text run at (2,2) width 91: "Row 4, Cell 1"
        RenderTableSection {TFOOT} at (0,122) size 282x25
          RenderTableRow {TR} at (0,0) size 282x25
            RenderTableCell {TD} at (0,0) size 94x25 [border: (1px solid #808080)] [r=0 c=0 rs=1 cs=1]
              RenderText {#text} at (2,2) size 91x22
                text run at (2,2) width 91: "Row 5, Cell 1"
            RenderTableCell {TD} at (94,0) size 94x25 [border: (1px solid #808080)] [r=0 c=1 rs=1 cs=1]
              RenderText {#text} at (2,2) size 91x22
                text run at (2,2) width 91: "Row 5, Cell 2"
            RenderTableCell {TD} at (188,0) size 94x25 [border: (1px solid #808080)] [r=0 c=2 rs=1 cs=1]
              RenderText {#text} at (2,2) size 91x22
                text run at (2,2) width 91: "Row 5, Cell 3"
      RenderTable {TABLE} at (0,8484) size 283x148 [border: none]
        RenderBlock {CAPTION} at (0,0) size 282x22
          RenderInline {A} at (0,0) size 223x22
            RenderText {#text} at (27,0) size 223x22
              text run at (27,0) width 223: "Frame=\x{201C}border\x{201D} and Rules=\x{201C}all\x{201D}"
          RenderInline (generated) at (0,0) size 5x22
            RenderText at (250,0) size 5x22
              text run at (250,0) width 5: ":"
        RenderTableSection {THEAD} at (0,22) size 282x25
          RenderTableRow {TR} at (0,0) size 282x25
            RenderTableCell {TD} at (0,0) size 94x25 [border: (1px solid #808080)] [r=0 c=0 rs=1 cs=1]
              RenderText {#text} at (2,2) size 91x22
                text run at (2,2) width 91: "Row 1, Cell 1"
            RenderTableCell {TD} at (94,0) size 94x25 [border: (1px solid #808080)] [r=0 c=1 rs=1 cs=1]
              RenderText {#text} at (2,2) size 91x22
                text run at (2,2) width 91: "Row 1, Cell 2"
            RenderTableCell {TD} at (188,0) size 94x25 [border: (1px solid #808080)] [r=0 c=2 rs=1 cs=1]
              RenderText {#text} at (2,2) size 91x22
                text run at (2,2) width 91: "Row 1, Cell 3"
        RenderTableSection {TBODY} at (0,47) size 282x75
          RenderTableRow {TR} at (0,0) size 282x25
            RenderTableCell {TD} at (0,12) size 94x25 [border: (1px solid #808080)] [r=0 c=0 rs=2 cs=1]
              RenderText {#text} at (2,2) size 91x22
                text run at (2,2) width 91: "Row 2, Cell 1"
            RenderTableCell {TD} at (94,0) size 188x25 [border: (1px solid #808080)] [r=0 c=1 rs=1 cs=2]
              RenderText {#text} at (2,2) size 91x22
                text run at (2,2) width 91: "Row 2, Cell 2"
          RenderTableRow {TR} at (0,25) size 282x25
            RenderTableCell {TD} at (94,25) size 94x25 [border: (1px solid #808080)] [r=1 c=1 rs=1 cs=1]
              RenderText {#text} at (2,2) size 91x22
                text run at (2,2) width 91: "Row 3, Cell 2"
            RenderTableCell {TD} at (188,37) size 94x25 [border: (1px solid #808080)] [r=1 c=2 rs=2 cs=1]
              RenderText {#text} at (2,2) size 91x22
                text run at (2,2) width 91: "Row 3, Cell 3"
          RenderTableRow {TR} at (0,50) size 282x25
            RenderTableCell {TD} at (0,50) size 188x25 [border: (1px solid #808080)] [r=2 c=0 rs=1 cs=2]
              RenderText {#text} at (2,2) size 91x22
                text run at (2,2) width 91: "Row 4, Cell 1"
        RenderTableSection {TFOOT} at (0,122) size 282x25
          RenderTableRow {TR} at (0,0) size 282x25
            RenderTableCell {TD} at (0,0) size 94x25 [border: (1px solid #808080)] [r=0 c=0 rs=1 cs=1]
              RenderText {#text} at (2,2) size 91x22
                text run at (2,2) width 91: "Row 5, Cell 1"
            RenderTableCell {TD} at (94,0) size 94x25 [border: (1px solid #808080)] [r=0 c=1 rs=1 cs=1]
              RenderText {#text} at (2,2) size 91x22
                text run at (2,2) width 91: "Row 5, Cell 2"
            RenderTableCell {TD} at (188,0) size 94x25 [border: (1px solid #808080)] [r=0 c=2 rs=1 cs=1]
              RenderText {#text} at (2,2) size 91x22
                text run at (2,2) width 91: "Row 5, Cell 3"
layer at (392,24) size 392x150
  RenderBlock (positioned) {TABLE} at (392,24) size 392x150
    RenderTable at (0,0) size 378x173
      RenderBlock {CAPTION} at (0,0) size 378x22
        RenderText {#text} at (69,0) size 235x22
          text run at (69,0) width 235: "Local links to specific testcase tables"
        RenderInline (generated) at (0,0) size 6x22
          RenderText at (303,0) size 6x22
            text run at (303,0) width 6: ":"
      RenderTableCol {COLGROUP} at (0,0) size 0x0
      RenderTableCol {COLGROUP} at (0,0) size 0x0
      RenderTableSection {THEAD} at (0,22) size 378x44
        RenderTableRow {TR} at (0,2) size 378x19
          RenderTableCell {TH} at (2,21) size 78x2 [r=0 c=0 rs=2 cs=2]
          RenderTableCell {TH} at (82,2) size 294x19 [r=0 c=2 rs=1 cs=9]
            RenderText {#text} at (128,1) size 38x17
              text run at (128,1) width 38: "Frame"
        RenderTableRow {TR} at (0,23) size 378x19
          RenderTableCell {TH} at (82,23) size 26x19 [r=1 c=2 rs=1 cs=1]
            RenderText {#text} at (1,1) size 24x17
              text run at (1,1) width 24: "void"
          RenderTableCell {TH} at (110,23) size 37x19 [r=1 c=3 rs=1 cs=1]
            RenderText {#text} at (1,1) size 35x17
              text run at (1,1) width 35: "above"
          RenderTableCell {TH} at (149,23) size 35x19 [r=1 c=4 rs=1 cs=1]
            RenderText {#text} at (1,1) size 33x17
              text run at (1,1) width 33: "below"
          RenderTableCell {TH} at (186,23) size 40x19 [r=1 c=5 rs=1 cs=1]
            RenderText {#text} at (1,1) size 38x17
              text run at (1,1) width 38: "hsides"
          RenderTableCell {TH} at (228,23) size 40x19 [r=1 c=6 rs=1 cs=1]
            RenderText {#text} at (1,1) size 38x17
              text run at (1,1) width 38: "vsides"
          RenderTableCell {TH} at (270,23) size 19x19 [r=1 c=7 rs=1 cs=1]
            RenderText {#text} at (1,1) size 17x17
              text run at (1,1) width 17: "lhs"
          RenderTableCell {TH} at (291,23) size 20x19 [r=1 c=8 rs=1 cs=1]
            RenderText {#text} at (1,1) size 18x17
              text run at (1,1) width 18: "rhs"
          RenderTableCell {TH} at (313,23) size 23x19 [r=1 c=9 rs=1 cs=1]
            RenderText {#text} at (1,1) size 21x17
              text run at (1,1) width 21: "box"
          RenderTableCell {TH} at (338,23) size 38x19 [r=1 c=10 rs=1 cs=1]
            RenderText {#text} at (1,1) size 36x17
              text run at (1,1) width 36: "border"
      RenderTableSection {TBODY} at (0,66) size 378x107
        RenderTableRow {TR} at (0,2) size 378x19
          RenderTableCell {TH} at (2,44) size 35x19 [r=0 c=0 rs=5 cs=1]
            RenderText {#text} at (1,1) size 33x17
              text run at (1,1) width 33: "Rules"
          RenderTableCell {TH} at (39,2) size 41x19 [r=0 c=1 rs=1 cs=1]
            RenderText {#text} at (12,1) size 28x17
              text run at (12,1) width 28: "none"
          RenderTableCell {TD} at (82,2) size 26x18 [bgcolor=#CCCCCC] [r=0 c=2 rs=1 cs=1]
            RenderInline {A} at (0,0) size 16x16 [color=#0000EE]
              RenderText {#text} at (5,1) size 16x16
                text run at (5,1) width 16: "Go"
          RenderTableCell {TD} at (110,2) size 37x18 [bgcolor=#CCCCCC] [r=0 c=3 rs=1 cs=1]
            RenderInline {A} at (0,0) size 17x16 [color=#0000EE]
              RenderText {#text} at (10,1) size 17x16
                text run at (10,1) width 17: "Go"
          RenderTableCell {TD} at (149,2) size 35x18 [bgcolor=#CCCCCC] [r=0 c=4 rs=1 cs=1]
            RenderInline {A} at (0,0) size 17x16 [color=#0000EE]
              RenderText {#text} at (9,1) size 17x16
                text run at (9,1) width 17: "Go"
          RenderTableCell {TD} at (186,2) size 40x18 [bgcolor=#CCCCCC] [r=0 c=5 rs=1 cs=1]
            RenderInline {A} at (0,0) size 16x16 [color=#0000EE]
              RenderText {#text} at (12,1) size 16x16
                text run at (12,1) width 16: "Go"
          RenderTableCell {TD} at (228,2) size 40x18 [bgcolor=#CCCCCC] [r=0 c=6 rs=1 cs=1]
            RenderInline {A} at (0,0) size 16x16 [color=#0000EE]
              RenderText {#text} at (12,1) size 16x16
                text run at (12,1) width 16: "Go"
          RenderTableCell {TD} at (270,2) size 19x18 [bgcolor=#CCCCCC] [r=0 c=7 rs=1 cs=1]
            RenderInline {A} at (0,0) size 17x16 [color=#0000EE]
              RenderText {#text} at (1,1) size 17x16
                text run at (1,1) width 17: "Go"
          RenderTableCell {TD} at (291,2) size 20x18 [bgcolor=#CCCCCC] [r=0 c=8 rs=1 cs=1]
            RenderInline {A} at (0,0) size 16x16 [color=#0000EE]
              RenderText {#text} at (2,1) size 16x16
                text run at (2,1) width 16: "Go"
          RenderTableCell {TD} at (313,2) size 23x18 [bgcolor=#CCCCCC] [r=0 c=9 rs=1 cs=1]
            RenderInline {A} at (0,0) size 17x16 [color=#0000EE]
              RenderText {#text} at (3,1) size 17x16
                text run at (3,1) width 17: "Go"
          RenderTableCell {TD} at (338,2) size 38x18 [bgcolor=#CCCCCC] [r=0 c=10 rs=1 cs=1]
            RenderInline {A} at (0,0) size 16x16 [color=#0000EE]
              RenderText {#text} at (11,1) size 16x16
                text run at (11,1) width 16: "Go"
        RenderTableRow {TR} at (0,23) size 378x19
          RenderTableCell {TH} at (39,23) size 41x19 [r=1 c=1 rs=1 cs=1]
            RenderText {#text} at (1,1) size 39x17
              text run at (1,1) width 39: "groups"
          RenderTableCell {TD} at (82,23) size 26x18 [bgcolor=#CCCCCC] [r=1 c=2 rs=1 cs=1]
            RenderInline {A} at (0,0) size 16x16 [color=#0000EE]
              RenderText {#text} at (5,1) size 16x16
                text run at (5,1) width 16: "Go"
          RenderTableCell {TD} at (110,23) size 37x18 [bgcolor=#CCCCCC] [r=1 c=3 rs=1 cs=1]
            RenderInline {A} at (0,0) size 17x16 [color=#0000EE]
              RenderText {#text} at (10,1) size 17x16
                text run at (10,1) width 17: "Go"
          RenderTableCell {TD} at (149,23) size 35x18 [bgcolor=#CCCCCC] [r=1 c=4 rs=1 cs=1]
            RenderInline {A} at (0,0) size 17x16 [color=#0000EE]
              RenderText {#text} at (9,1) size 17x16
                text run at (9,1) width 17: "Go"
          RenderTableCell {TD} at (186,23) size 40x18 [bgcolor=#CCCCCC] [r=1 c=5 rs=1 cs=1]
            RenderInline {A} at (0,0) size 16x16 [color=#0000EE]
              RenderText {#text} at (12,1) size 16x16
                text run at (12,1) width 16: "Go"
          RenderTableCell {TD} at (228,23) size 40x18 [bgcolor=#CCCCCC] [r=1 c=6 rs=1 cs=1]
            RenderInline {A} at (0,0) size 16x16 [color=#0000EE]
              RenderText {#text} at (12,1) size 16x16
                text run at (12,1) width 16: "Go"
          RenderTableCell {TD} at (270,23) size 19x18 [bgcolor=#CCCCCC] [r=1 c=7 rs=1 cs=1]
            RenderInline {A} at (0,0) size 17x16 [color=#0000EE]
              RenderText {#text} at (1,1) size 17x16
                text run at (1,1) width 17: "Go"
          RenderTableCell {TD} at (291,23) size 20x18 [bgcolor=#CCCCCC] [r=1 c=8 rs=1 cs=1]
            RenderInline {A} at (0,0) size 16x16 [color=#0000EE]
              RenderText {#text} at (2,1) size 16x16
                text run at (2,1) width 16: "Go"
          RenderTableCell {TD} at (313,23) size 23x18 [bgcolor=#CCCCCC] [r=1 c=9 rs=1 cs=1]
            RenderInline {A} at (0,0) size 17x16 [color=#0000EE]
              RenderText {#text} at (3,1) size 17x16
                text run at (3,1) width 17: "Go"
          RenderTableCell {TD} at (338,23) size 38x18 [bgcolor=#CCCCCC] [r=1 c=10 rs=1 cs=1]
            RenderInline {A} at (0,0) size 16x16 [color=#0000EE]
              RenderText {#text} at (11,1) size 16x16
                text run at (11,1) width 16: "Go"
        RenderTableRow {TR} at (0,44) size 378x19
          RenderTableCell {TH} at (39,44) size 41x19 [r=2 c=1 rs=1 cs=1]
            RenderText {#text} at (13,1) size 27x17
              text run at (13,1) width 27: "rows"
          RenderTableCell {TD} at (82,44) size 26x18 [bgcolor=#CCCCCC] [r=2 c=2 rs=1 cs=1]
            RenderInline {A} at (0,0) size 16x16 [color=#0000EE]
              RenderText {#text} at (5,1) size 16x16
                text run at (5,1) width 16: "Go"
          RenderTableCell {TD} at (110,44) size 37x18 [bgcolor=#CCCCCC] [r=2 c=3 rs=1 cs=1]
            RenderInline {A} at (0,0) size 17x16 [color=#0000EE]
              RenderText {#text} at (10,1) size 17x16
                text run at (10,1) width 17: "Go"
          RenderTableCell {TD} at (149,44) size 35x18 [bgcolor=#CCCCCC] [r=2 c=4 rs=1 cs=1]
            RenderInline {A} at (0,0) size 17x16 [color=#0000EE]
              RenderText {#text} at (9,1) size 17x16
                text run at (9,1) width 17: "Go"
          RenderTableCell {TD} at (186,44) size 40x18 [bgcolor=#CCCCCC] [r=2 c=5 rs=1 cs=1]
            RenderInline {A} at (0,0) size 16x16 [color=#0000EE]
              RenderText {#text} at (12,1) size 16x16
                text run at (12,1) width 16: "Go"
          RenderTableCell {TD} at (228,44) size 40x18 [bgcolor=#CCCCCC] [r=2 c=6 rs=1 cs=1]
            RenderInline {A} at (0,0) size 16x16 [color=#0000EE]
              RenderText {#text} at (12,1) size 16x16
                text run at (12,1) width 16: "Go"
          RenderTableCell {TD} at (270,44) size 19x18 [bgcolor=#CCCCCC] [r=2 c=7 rs=1 cs=1]
            RenderInline {A} at (0,0) size 17x16 [color=#0000EE]
              RenderText {#text} at (1,1) size 17x16
                text run at (1,1) width 17: "Go"
          RenderTableCell {TD} at (291,44) size 20x18 [bgcolor=#CCCCCC] [r=2 c=8 rs=1 cs=1]
            RenderInline {A} at (0,0) size 16x16 [color=#0000EE]
              RenderText {#text} at (2,1) size 16x16
                text run at (2,1) width 16: "Go"
          RenderTableCell {TD} at (313,44) size 23x18 [bgcolor=#CCCCCC] [r=2 c=9 rs=1 cs=1]
            RenderInline {A} at (0,0) size 17x16 [color=#0000EE]
              RenderText {#text} at (3,1) size 17x16
                text run at (3,1) width 17: "Go"
          RenderTableCell {TD} at (338,44) size 38x18 [bgcolor=#CCCCCC] [r=2 c=10 rs=1 cs=1]
            RenderInline {A} at (0,0) size 16x16 [color=#0000EE]
              RenderText {#text} at (11,1) size 16x16
                text run at (11,1) width 16: "Go"
        RenderTableRow {TR} at (0,65) size 378x19
          RenderTableCell {TH} at (39,65) size 41x19 [r=3 c=1 rs=1 cs=1]
            RenderText {#text} at (16,1) size 24x17
              text run at (16,1) width 24: "cols"
          RenderTableCell {TD} at (82,65) size 26x18 [bgcolor=#CCCCCC] [r=3 c=2 rs=1 cs=1]
            RenderInline {A} at (0,0) size 16x16 [color=#0000EE]
              RenderText {#text} at (5,1) size 16x16
                text run at (5,1) width 16: "Go"
          RenderTableCell {TD} at (110,65) size 37x18 [bgcolor=#CCCCCC] [r=3 c=3 rs=1 cs=1]
            RenderInline {A} at (0,0) size 17x16 [color=#0000EE]
              RenderText {#text} at (10,1) size 17x16
                text run at (10,1) width 17: "Go"
          RenderTableCell {TD} at (149,65) size 35x18 [bgcolor=#CCCCCC] [r=3 c=4 rs=1 cs=1]
            RenderInline {A} at (0,0) size 17x16 [color=#0000EE]
              RenderText {#text} at (9,1) size 17x16
                text run at (9,1) width 17: "Go"
          RenderTableCell {TD} at (186,65) size 40x18 [bgcolor=#CCCCCC] [r=3 c=5 rs=1 cs=1]
            RenderInline {A} at (0,0) size 16x16 [color=#0000EE]
              RenderText {#text} at (12,1) size 16x16
                text run at (12,1) width 16: "Go"
          RenderTableCell {TD} at (228,65) size 40x18 [bgcolor=#CCCCCC] [r=3 c=6 rs=1 cs=1]
            RenderInline {A} at (0,0) size 16x16 [color=#0000EE]
              RenderText {#text} at (12,1) size 16x16
                text run at (12,1) width 16: "Go"
          RenderTableCell {TD} at (270,65) size 19x18 [bgcolor=#CCCCCC] [r=3 c=7 rs=1 cs=1]
            RenderInline {A} at (0,0) size 17x16 [color=#0000EE]
              RenderText {#text} at (1,1) size 17x16
                text run at (1,1) width 17: "Go"
          RenderTableCell {TD} at (291,65) size 20x18 [bgcolor=#CCCCCC] [r=3 c=8 rs=1 cs=1]
            RenderInline {A} at (0,0) size 16x16 [color=#0000EE]
              RenderText {#text} at (2,1) size 16x16
                text run at (2,1) width 16: "Go"
          RenderTableCell {TD} at (313,65) size 23x18 [bgcolor=#CCCCCC] [r=3 c=9 rs=1 cs=1]
            RenderInline {A} at (0,0) size 17x16 [color=#0000EE]
              RenderText {#text} at (3,1) size 17x16
                text run at (3,1) width 17: "Go"
          RenderTableCell {TD} at (338,65) size 38x18 [bgcolor=#CCCCCC] [r=3 c=10 rs=1 cs=1]
            RenderInline {A} at (0,0) size 16x16 [color=#0000EE]
              RenderText {#text} at (11,1) size 16x16
                text run at (11,1) width 16: "Go"
        RenderTableRow {TR} at (0,86) size 378x19
          RenderTableCell {TH} at (39,86) size 41x19 [r=4 c=1 rs=1 cs=1]
            RenderText {#text} at (27,1) size 13x17
              text run at (27,1) width 13: "all"
          RenderTableCell {TD} at (82,86) size 26x18 [bgcolor=#CCCCCC] [r=4 c=2 rs=1 cs=1]
            RenderInline {A} at (0,0) size 16x16 [color=#0000EE]
              RenderText {#text} at (5,1) size 16x16
                text run at (5,1) width 16: "Go"
          RenderTableCell {TD} at (110,86) size 37x18 [bgcolor=#CCCCCC] [r=4 c=3 rs=1 cs=1]
            RenderInline {A} at (0,0) size 17x16 [color=#0000EE]
              RenderText {#text} at (10,1) size 17x16
                text run at (10,1) width 17: "Go"
          RenderTableCell {TD} at (149,86) size 35x18 [bgcolor=#CCCCCC] [r=4 c=4 rs=1 cs=1]
            RenderInline {A} at (0,0) size 17x16 [color=#0000EE]
              RenderText {#text} at (9,1) size 17x16
                text run at (9,1) width 17: "Go"
          RenderTableCell {TD} at (186,86) size 40x18 [bgcolor=#CCCCCC] [r=4 c=5 rs=1 cs=1]
            RenderInline {A} at (0,0) size 16x16 [color=#0000EE]
              RenderText {#text} at (12,1) size 16x16
                text run at (12,1) width 16: "Go"
          RenderTableCell {TD} at (228,86) size 40x18 [bgcolor=#CCCCCC] [r=4 c=6 rs=1 cs=1]
            RenderInline {A} at (0,0) size 16x16 [color=#0000EE]
              RenderText {#text} at (12,1) size 16x16
                text run at (12,1) width 16: "Go"
          RenderTableCell {TD} at (270,86) size 19x18 [bgcolor=#CCCCCC] [r=4 c=7 rs=1 cs=1]
            RenderInline {A} at (0,0) size 17x16 [color=#0000EE]
              RenderText {#text} at (1,1) size 17x16
                text run at (1,1) width 17: "Go"
          RenderTableCell {TD} at (291,86) size 20x18 [bgcolor=#CCCCCC] [r=4 c=8 rs=1 cs=1]
            RenderInline {A} at (0,0) size 16x16 [color=#0000EE]
              RenderText {#text} at (2,1) size 16x16
                text run at (2,1) width 16: "Go"
          RenderTableCell {TD} at (313,86) size 23x18 [bgcolor=#CCCCCC] [r=4 c=9 rs=1 cs=1]
            RenderInline {A} at (0,0) size 17x16 [color=#0000EE]
              RenderText {#text} at (3,1) size 17x16
                text run at (3,1) width 17: "Go"
          RenderTableCell {TD} at (338,86) size 38x18 [bgcolor=#CCCCCC] [r=4 c=10 rs=1 cs=1]
            RenderInline {A} at (0,0) size 16x16 [color=#0000EE]
              RenderText {#text} at (11,1) size 16x16
                text run at (11,1) width 16: "Go"
