layer at (0,0) size 800x600
  RenderView at (0,0) size 800x600
layer at (0,0) size 800x600
  RenderBlock {HTML} at (0,0) size 800x600
    RenderBody {BODY} at (8,8) size 784x584
      RenderBlock {P} at (0,0) size 784x22
        RenderText {#text} at (0,0) size 57x22
          text run at (0,0) width 57: "Test for "
        RenderInline {I} at (0,0) size 666x22
          RenderInline {A} at (0,0) size 154x22 [color=#0000EE]
            RenderText {#text} at (57,0) size 154x22
              text run at (57,0) width 154: "rdar://problem/5615307"
          RenderText {#text} at (211,0) size 512x22
            text run at (211,0) width 512: " Repro crash in WebKit!WebCore::RenderContainer::destroyLeftoverChildren"
        RenderText {#text} at (723,0) size 4x22
          text run at (723,0) width 4: "."
      RenderBlock {P} at (0,38) size 784x22
        RenderText {#text} at (0,0) size 286x22
          text run at (0,0) width 286: "There should be a line of green text below."
      RenderTable {TABLE} at (0,76) size 157x34 [color=#FF0000]
        RenderTableSection {TBODY} at (0,0) size 157x34
          RenderTableRow {TR} at (0,2) size 157x30
            RenderTableCell {TD} at (2,2) size 153x30 [r=0 c=0 rs=1 cs=1]
              RenderTable {TABLE} at (1,1) size 151x28 [color=#000000]
                RenderTableSection {TBODY} at (0,0) size 151x28
                  RenderTableRow {TR} at (0,2) size 151x24 [color=#008000]
                    RenderTableCell {TD} at (2,2) size 147x24 [r=0 c=0 rs=1 cs=1]
                      RenderText {#text} at (1,1) size 145x22
                        text run at (1,1) width 145: "This should be green."
