layer at (0,0) size 800x600
  RenderView at (0,0) size 800x600
layer at (0,0) size 800x600
  RenderBlock {HTML} at (0,0) size 800x600
    RenderBody {BODY} at (8,8) size 784x584
      RenderBlock {P} at (0,0) size 784x20
        RenderText {#text} at (0,0) size 313x19
          text run at (0,0) width 313: "This tests that the background of a table cell with "
        RenderInline {TT} at (0,0) size 136x17
          RenderText {#text} at (313,2) size 136x17
            text run at (313,2) width 136: "visibility:hidden"
        RenderText {#text} at (449,0) size 109x19
          text run at (449,0) width 109: " is never painted."
      RenderBlock {P} at (0,34) size 784x19
        RenderText {#text} at (0,0) size 470x19
          text run at (0,0) width 470: "You should see nine green squares and no red, orange or yellow squares."
      RenderTable {TABLE} at (4,67) size 27x25
        RenderTableSection {TBODY} at (0,0) size 27x25 [bgcolor=#FFFF00]
          RenderTableRow {TR} at (0,0) size 27x25 [bgcolor=#FFA500]
            RenderTableCell {TD} at (0,11) size 27x2 [bgcolor=#FF0000] [r=0 c=0 rs=1 cs=1]
      RenderTable {TABLE} at (4,96) size 27x25 [bgcolor=#FF0000]
        RenderTableSection {TBODY} at (0,0) size 27x25 [bgcolor=#FFFF00]
          RenderTableRow {TR} at (0,0) size 27x25 [bgcolor=#FFA500]
            RenderTableCell {TD} at (0,11) size 27x2 [bgcolor=#008000] [r=0 c=0 rs=1 cs=1]
      RenderTable {TABLE} at (4,125) size 27x25 [bgcolor=#FF0000]
        RenderTableSection {TBODY} at (0,0) size 27x25 [bgcolor=#FFFF00]
          RenderTableRow {TR} at (0,0) size 27x25 [bgcolor=#FFA500]
            RenderTableCell {TD} at (0,11) size 27x2 [bgcolor=#008000] [r=0 c=0 rs=1 cs=1]
      RenderTable {TABLE} at (4,154) size 27x25 [bgcolor=#FF0000]
        RenderTableSection {TBODY} at (0,0) size 27x25 [bgcolor=#FFFF00]
          RenderTableRow {TR} at (0,0) size 27x25 [bgcolor=#FFA500]
            RenderTableCell {TD} at (0,11) size 27x2 [bgcolor=#008000] [r=0 c=0 rs=1 cs=1]
      RenderTable {TABLE} at (4,183) size 27x25 [bgcolor=#008000]
        RenderTableSection {TBODY} at (0,0) size 27x25 [bgcolor=#FF0000]
          RenderTableRow {TR} at (0,0) size 27x25 [bgcolor=#FFA500]
            RenderTableCell {TD} at (0,11) size 27x2 [r=0 c=0 rs=1 cs=1]
      RenderTable {TABLE} at (4,212) size 27x25 [bgcolor=#FF0000]
        RenderTableSection {TBODY} at (0,0) size 27x25 [bgcolor=#FFFF00]
          RenderTableRow {TR} at (0,0) size 27x25 [bgcolor=#FFA500]
            RenderTableCell {TD} at (0,11) size 27x2 [bgcolor=#008000] [r=0 c=0 rs=1 cs=1]
      RenderTable {TABLE} at (4,241) size 27x25 [bgcolor=#FF0000]
        RenderTableSection {TBODY} at (0,0) size 27x25 [bgcolor=#FFFF00]
          RenderTableRow {TR} at (0,0) size 27x25 [bgcolor=#FFA500]
            RenderTableCell {TD} at (0,11) size 27x2 [bgcolor=#008000] [r=0 c=0 rs=1 cs=1]
      RenderTable {TABLE} at (4,270) size 27x25 [bgcolor=#008000]
        RenderTableSection {TBODY} at (0,0) size 27x25 [bgcolor=#FFFF00]
          RenderTableRow {TR} at (0,0) size 27x25 [bgcolor=#FFA500]
            RenderTableCell {TD} at (0,11) size 27x2 [bgcolor=#FF0000] [r=0 c=0 rs=1 cs=1]
      RenderTable {TABLE} at (4,299) size 27x25 [bgcolor=#FF0000]
        RenderTableSection {TBODY} at (0,0) size 27x25 [bgcolor=#FFFF00]
          RenderTableRow {TR} at (0,0) size 27x25 [bgcolor=#FFA500]
            RenderTableCell {TD} at (0,11) size 27x2 [bgcolor=#008000] [r=0 c=0 rs=1 cs=1]
      RenderTable {TABLE} at (4,328) size 27x25 [bgcolor=#008000]
        RenderTableSection {TBODY} at (0,0) size 27x25 [bgcolor=#FFFF00]
          RenderTableRow {TR} at (0,0) size 27x25 [bgcolor=#FFA500]
            RenderTableCell {TD} at (0,11) size 27x2 [bgcolor=#FF0000] [r=0 c=0 rs=1 cs=1]
