layer at (0,0) size 784x2544
  RenderView at (0,0) size 784x600
layer at (0,0) size 784x2544
  RenderBlock {HTML} at (0,0) size 784x2544
    RenderBody {BODY} at (8,8) size 768x2528
      RenderTable {TABLE} at (0,0) size 418x112 [border: (2px outset #808080)]
        RenderTableSection {TBODY} at (2,2) size 414x108
          RenderTableRow {TR} at (0,2) size 414x104
            RenderTableCell {TD} at (308,2) size 104x104 [border: (1px inset #808080)] [r=0 c=1 rs=1 cs=1]
              RenderBlock {DIV} at (2,2) size 100x100 [bgcolor=#800080]
      RenderBlock (anonymous) at (0,112) size 768x44
        RenderBR {BR} at (0,0) size 0x22
        RenderBR {BR} at (0,22) size 0x22
      RenderTable {TABLE} at (0,156) size 718x112 [border: (2px outset #808080)]
        RenderTableSection {TBODY} at (2,2) size 714x108
          RenderTableRow {TR} at (0,2) size 714x104
            RenderTableCell {TD} at (608,2) size 104x104 [border: (1px inset #808080)] [r=0 c=1 rs=1 cs=1]
              RenderBlock {DIV} at (2,2) size 100x100 [bgcolor=#800080]
      RenderBlock (anonymous) at (0,268) size 768x44
        RenderBR {BR} at (0,0) size 0x22
        RenderBR {BR} at (0,22) size 0x22
      RenderTable {TABLE} at (0,312) size 718x112 [border: (2px outset #808080)]
        RenderTableSection {TBODY} at (2,2) size 714x108
          RenderTableRow {TR} at (0,2) size 714x104
            RenderTableCell {TD} at (608,2) size 104x104 [border: (1px inset #808080)] [r=0 c=1 rs=1 cs=1]
              RenderBlock {DIV} at (2,2) size 100x100 [bgcolor=#800080]
      RenderBlock (anonymous) at (0,424) size 768x44
        RenderBR {BR} at (0,0) size 0x22
        RenderBR {BR} at (0,22) size 0x22
      RenderTable {TABLE} at (0,468) size 418x112 [border: (2px outset #808080)]
        RenderTableSection {TBODY} at (2,2) size 414x108
          RenderTableRow {TR} at (0,2) size 414x104
            RenderTableCell {TD} at (308,2) size 104x104 [border: (1px inset #808080)] [r=0 c=1 rs=1 cs=1]
              RenderBlock {DIV} at (2,2) size 100x100 [bgcolor=#800080]
      RenderBlock (anonymous) at (0,580) size 768x44
        RenderBR {BR} at (0,0) size 0x22
        RenderBR {BR} at (0,22) size 0x22
      RenderTable {TABLE} at (0,624) size 418x112 [border: (2px outset #808080)]
        RenderTableSection {TBODY} at (2,2) size 414x108
          RenderTableRow {TR} at (0,2) size 414x104
            RenderTableCell {TD} at (2,2) size 104x104 [border: (1px inset #808080)] [r=0 c=0 rs=1 cs=1]
              RenderBlock {DIV} at (2,2) size 100x100 [bgcolor=#800080]
      RenderBlock (anonymous) at (0,736) size 768x44
        RenderBR {BR} at (0,0) size 0x22
        RenderBR {BR} at (0,22) size 0x22
      RenderTable {TABLE} at (0,780) size 618x218 [border: (2px outset #808080)]
        RenderTableSection {TBODY} at (2,2) size 614x214
          RenderTableRow {TR} at (0,2) size 614x104
            RenderTableCell {TD} at (308,2) size 304x104 [border: (1px inset #808080)] [r=0 c=1 rs=1 cs=1]
              RenderBlock {DIV} at (2,2) size 300x100 [bgcolor=#800080]
          RenderTableRow {TR} at (0,108) size 614x104
            RenderTableCell {TD} at (2,108) size 304x104 [border: (1px inset #808080)] [r=1 c=0 rs=1 cs=1]
              RenderBlock {DIV} at (2,2) size 300x100 [bgcolor=#800080]
      RenderBlock (anonymous) at (0,998) size 768x44
        RenderBR {BR} at (0,0) size 0x22
        RenderBR {BR} at (0,22) size 0x22
      RenderTable {TABLE} at (0,1042) size 718x112 [border: (2px outset #808080)]
        RenderTableSection {TBODY} at (2,2) size 714x108
          RenderTableRow {TR} at (0,2) size 714x104
            RenderTableCell {TD} at (608,2) size 104x104 [border: (1px inset #808080)] [r=0 c=1 rs=1 cs=1]
              RenderBlock {DIV} at (2,2) size 100x100 [bgcolor=#800080]
      RenderBlock (anonymous) at (0,1154) size 768x44
        RenderBR {BR} at (0,0) size 0x22
        RenderBR {BR} at (0,22) size 0x22
      RenderTable {TABLE} at (0,1198) size 718x112 [border: (2px outset #808080)]
        RenderTableSection {TBODY} at (2,2) size 714x108
          RenderTableRow {TR} at (0,2) size 714x104
            RenderTableCell {TD} at (608,2) size 104x104 [border: (1px inset #808080)] [r=0 c=1 rs=1 cs=1]
              RenderBlock {DIV} at (2,2) size 100x100 [bgcolor=#800080]
      RenderBlock (anonymous) at (0,1310) size 768x44
        RenderBR {BR} at (0,0) size 0x22
        RenderBR {BR} at (0,22) size 0x22
      RenderTable {TABLE} at (0,1354) size 718x112 [border: (2px outset #808080)]
        RenderTableSection {TBODY} at (2,2) size 714x108
          RenderTableRow {TR} at (0,2) size 714x104
            RenderTableCell {TD} at (608,2) size 104x104 [border: (1px inset #808080)] [r=0 c=1 rs=1 cs=1]
              RenderBlock {DIV} at (2,2) size 100x100 [bgcolor=#800080]
      RenderBlock (anonymous) at (0,1466) size 768x44
        RenderBR {BR} at (0,0) size 0x22
        RenderBR {BR} at (0,22) size 0x22
      RenderTable {DIV} at (0,1510) size 400x100
        RenderTableSection (anonymous) at (0,0) size 400x100
          RenderTableRow {DIV} at (0,0) size 400x100
            RenderTableCell {DIV} at (300,0) size 100x100 [r=0 c=1 rs=1 cs=1]
              RenderBlock {DIV} at (0,0) size 100x100 [bgcolor=#800080]
      RenderBlock (anonymous) at (0,1610) size 768x44
        RenderBR {BR} at (0,0) size 0x22
        RenderBR {BR} at (0,22) size 0x22
      RenderTable {DIV} at (0,1654) size 400x100
        RenderTableSection (anonymous) at (0,0) size 400x100
          RenderTableRow {DIV} at (0,0) size 400x100
            RenderTableCell {DIV} at (300,0) size 100x100 [r=0 c=1 rs=1 cs=1]
              RenderBlock {DIV} at (0,0) size 100x100 [bgcolor=#800080]
      RenderBlock (anonymous) at (0,1754) size 768x44
        RenderBR {BR} at (0,0) size 0x22
        RenderBR {BR} at (0,22) size 0x22
      RenderTable {TABLE} at (0,1798) size 715x112 [border: (2px outset #808080)]
        RenderTableSection {TBODY} at (2,2) size 710x107
          RenderTableRow {TR} at (0,0) size 710x107
            RenderTableCell {TD} at (605,0) size 105x107 [border: (3px inset #808080)] [r=0 c=1 rs=1 cs=1]
              RenderBlock {DIV} at (2,4) size 100x100 [bgcolor=#800080]
      RenderBlock (anonymous) at (0,1910) size 768x44
        RenderBR {BR} at (0,0) size 0x22
        RenderBR {BR} at (0,22) size 0x22
      RenderTable {TABLE} at (0,1954) size 715x112 [border: (2px outset #808080)]
        RenderTableSection {TBODY} at (2,2) size 710x107
          RenderTableRow {TR} at (0,0) size 710x107
            RenderTableCell {TD} at (605,0) size 105x107 [border: (3px inset #808080)] [r=0 c=1 rs=1 cs=1]
              RenderBlock {DIV} at (2,4) size 100x100 [bgcolor=#800080]
      RenderBlock (anonymous) at (0,2066) size 768x44
        RenderBR {BR} at (0,0) size 0x22
        RenderBR {BR} at (0,22) size 0x22
      RenderTable {TABLE} at (0,2110) size 418x112 [border: (2px outset #808080)]
        RenderTableSection {TBODY} at (2,2) size 414x108
          RenderTableRow {TR} at (0,2) size 414x104
            RenderTableCell {TD} at (308,2) size 104x104 [border: (1px inset #808080)] [r=0 c=1 rs=1 cs=1]
              RenderBlock {DIV} at (2,2) size 100x100 [bgcolor=#800080]
      RenderBlock (anonymous) at (0,2222) size 768x44
        RenderBR {BR} at (0,0) size 0x22
        RenderBR {BR} at (0,22) size 0x22
      RenderTable {TABLE} at (0,2266) size 418x112 [border: (2px outset #808080)]
        RenderTableSection {TBODY} at (2,2) size 414x108
          RenderTableRow {TR} at (0,2) size 414x104
            RenderTableCell {TD} at (308,2) size 104x104 [border: (1px inset #808080)] [r=0 c=1 rs=1 cs=1]
              RenderBlock {DIV} at (2,2) size 100x100 [bgcolor=#800080]
      RenderBlock (anonymous) at (0,2378) size 768x44
        RenderBR {BR} at (0,0) size 0x22
        RenderBR {BR} at (0,22) size 0x22
      RenderTable {TABLE} at (0,2422) size 470x106
        RenderTableSection {TBODY} at (0,0) size 470x106
          RenderTableRow {TR} at (0,2) size 470x102
            RenderTableCell {TD} at (366,2) size 102x102 [r=0 c=1 rs=1 cs=1]
              RenderBlock {DIV} at (1,1) size 100x100 [bgcolor=#800080]
layer at (12,12) size 304x104 clip at (13,13) size 302x102
  RenderTableCell {TD} at (2,52) size 304x4 [bgcolor=#808080] [border: (1px inset #808080)] [r=0 c=0 rs=1 cs=1]
layer at (12,168) size 604x104 clip at (13,169) size 602x102
  RenderTableCell {TD} at (2,41) size 604x26 [bgcolor=#808080] [border: (1px inset #808080)] [r=0 c=0 rs=1 cs=1]
layer at (12,480) size 304x104 clip at (13,481) size 302x102 scrollWidth 601
  RenderTableCell {TD} at (2,51) size 304x6 [bgcolor=#808080] [border: (1px inset #808080)] [r=0 c=0 rs=1 cs=1]
    RenderBlock {DIV} at (2,-18) size 300x22 [bgcolor=#00FF00]
      RenderBlock {DIV} at (0,0) size 600x22 [bgcolor=#008000]
        RenderText {#text} at (0,0) size 29x22
          text run at (0,0) width 29: "Test"
layer at (118,636) size 304x104 clip at (119,637) size 302x102 scrollWidth 601
  RenderTableCell {TD} at (108,51) size 304x6 [bgcolor=#808080] [border: (1px inset #808080)] [r=0 c=1 rs=1 cs=1]
    RenderBlock {DIV} at (2,-18) size 300x22 [bgcolor=#00FF00]
      RenderBlock {DIV} at (0,0) size 600x22 [bgcolor=#008000]
        RenderText {#text} at (0,0) size 87x22
          text run at (0,0) width 87: "Reverse Test"
layer at (12,792) size 304x104 clip at (13,793) size 302x102 scrollWidth 601
  RenderTableCell {TD} at (2,51) size 304x6 [bgcolor=#808080] [border: (1px inset #808080)] [r=0 c=0 rs=1 cs=1]
    RenderBlock {DIV} at (2,-18) size 300x22 [bgcolor=#00FF00]
      RenderBlock {DIV} at (0,0) size 600x22 [bgcolor=#008000]
        RenderText {#text} at (0,0) size 87x22
          text run at (0,0) width 87: "Stacked Test"
layer at (318,898) size 304x104 clip at (319,899) size 302x102 scrollWidth 601
  RenderTableCell {TD} at (308,157) size 304x6 [bgcolor=#808080] [border: (1px inset #808080)] [r=1 c=1 rs=1 cs=1]
    RenderBlock {DIV} at (2,-18) size 300x22 [bgcolor=#00FF00]
      RenderBlock {DIV} at (0,0) size 600x22 [bgcolor=#008000]
        RenderText {#text} at (0,0) size 54x22
          text run at (0,0) width 54: "Reverse"
layer at (12,1054) size 604x104 clip at (13,1055) size 602x102
  RenderTableCell {TD} at (2,41) size 604x26 [bgcolor=#808080] [border: (1px inset #808080)] [r=0 c=0 rs=1 cs=1]
layer at (8,1518) size 300x100 scrollWidth 600
  RenderTableCell {DIV} at (0,39) size 300x22 [r=0 c=0 rs=1 cs=1]
    RenderBlock {DIV} at (0,0) size 300x22
      RenderBlock {DIV} at (0,0) size 600x22 [bgcolor=#FFA500]
        RenderText {#text} at (0,0) size 151x22
          text run at (0,0) width 151: "With display:table-cell"
layer at (10,1808) size 605x107 clip at (13,1811) size 602x102
  RenderTableCell {TD} at (0,39) size 605x29 [bgcolor=#808080] [border: (3px inset #808080)] [r=0 c=0 rs=1 cs=1]
    RenderBlock {DIV} at (4,4) size 600x22 [bgcolor=#FFFF00]
      RenderText {#text} at (0,0) size 230x22
        text run at (0,0) width 230: "Test with border-collapse:collapse"
layer at (10,1964) size 605x107 clip at (13,1967) size 602x102
  RenderTableCell {TD} at (0,39) size 605x29 [border: (3px inset #808080)] [r=0 c=0 rs=1 cs=1]
    RenderBlock {DIV} at (4,4) size 600x22 [bgcolor=#FFFF00]
      RenderText {#text} at (0,0) size 289x22
        text run at (0,0) width 289: "Test with border-collapse:collapse no color"
layer at (12,2122) size 304x84 clip at (13,2123) size 302x66 scrollWidth 601
  RenderTableCell {TD} at (2,33) size 304x22 [bgcolor=#808080] [border: (1px inset #808080)] [r=0 c=0 rs=1 cs=1]
    RenderBlock {DIV} at (2,-18) size 300x22 [bgcolor=#00FF00]
      RenderBlock {DIV} at (0,0) size 600x22 [bgcolor=#008000]
        RenderText {#text} at (0,0) size 161x22
          text run at (0,0) width 161: "Test with overflow:auto"
layer at (12,2278) size 304x104 clip at (13,2279) size 286x86 scrollWidth 601
  RenderTableCell {TD} at (2,43) size 304x22 [bgcolor=#808080] [border: (1px inset #808080)] [r=0 c=0 rs=1 cs=1]
    RenderBlock {DIV} at (2,-18) size 300x22 [bgcolor=#00FF00]
      RenderBlock {DIV} at (0,0) size 600x22 [bgcolor=#008000]
        RenderText {#text} at (0,0) size 167x22
          text run at (0,0) width 167: "Test with overflow:scroll"
layer at (10,2432) size 362x102 clip at (40,2462) size 302x26 scrollWidth 601
  RenderTableCell {TD} at (2,3) size 362x100 [bgcolor=#808080] [border: (30px solid #000000)] [r=0 c=0 rs=1 cs=1]
    RenderBlock {DIV} at (31,31) size 300x22 [bgcolor=#00FF00]
      RenderBlock {DIV} at (0,0) size 600x22 [bgcolor=#008000]
        RenderText {#text} at (0,0) size 161x22
          text run at (0,0) width 161: "Test with overflow:auto"
layer at (14,90) size 600x22
  RenderBlock (positioned) {DIV} at (14,90) size 600x22 [bgcolor=#00FFFF]
    RenderText {#text} at (0,0) size 222x22
      text run at (0,0) width 222: "With absolute positioning on div."
layer at (14,209) size 600x22
  RenderBlock {DIV} at (2,2) size 600x22 [bgcolor=#00FFFF]
    RenderText {#text} at (0,0) size 137x22
      text run at (0,0) width 137: "With opacity on div."
layer at (12,324) size 604x104 clip at (13,325) size 602x102
  RenderTableCell {TD} at (2,41) size 604x26 [bgcolor=#808080] [border: (1px inset #808080)] [r=0 c=0 rs=1 cs=1]
    RenderBlock {DIV} at (2,2) size 600x22 [bgcolor=#00FFFF]
      RenderText {#text} at (0,0) size 138x22
        text run at (0,0) width 138: "With opacity on cell."
layer at (14,1095) size 600x22
  RenderBlock (relative positioned) {DIV} at (2,2) size 600x22 [bgcolor=#FFA500]
    RenderText {#text} at (0,0) size 216x22
      text run at (0,0) width 216: "With relative positioning on div."
layer at (12,1210) size 604x104 clip at (13,1211) size 602x102
  RenderTableCell {TD} at (2,41) size 604x26 [bgcolor=#808080] [border: (1px inset #808080)] [r=0 c=0 rs=1 cs=1]
    RenderBlock {DIV} at (2,2) size 600x22 [bgcolor=#FFC0CB]
      RenderText {#text} at (0,0) size 217x22
        text run at (0,0) width 217: "With relative positioning on cell."
layer at (112,1366) size 604x104 clip at (113,1367) size 602x102
  RenderTableCell {TD} at (2,41) size 604x26 [bgcolor=#808080] [border: (1px inset #808080)] [r=0 c=0 rs=1 cs=1]
    RenderBlock {DIV} at (2,2) size 600x22 [bgcolor=#FFC0CB]
      RenderText {#text} at (0,0) size 308x22
        text run at (0,0) width 308: "With relative positioning and an offset on cell."
layer at (108,1662) size 300x100 scrollWidth 600
  RenderTableCell {DIV} at (0,39) size 300x22 [r=0 c=0 rs=1 cs=1]
    RenderBlock {DIV} at (0,0) size 300x22
      RenderBlock {DIV} at (0,0) size 600x22 [bgcolor=#FFA500]
        RenderText {#text} at (0,0) size 296x22
          text run at (0,0) width 296: "With display:table-cell + relative positioning"
