layer at (0,0) size 800x600
  RenderView at (0,0) size 800x600
layer at (0,0) size 800x600
  RenderBlock {HTML} at (0,0) size 800x600
    RenderBody {BODY} at (8,8) size 784x584
      RenderBlock {H3} at (0,0) size 784x26
        RenderText {#text} at (0,0) size 247x26
          text run at (0,0) width 247: "Small Percentage Heights Bug"
      RenderBlock {P} at (0,44) size 784x44
        RenderText {#text} at (0,0) size 772x44
          text run at (0,0) width 423: "In the example below, all eight cells should be the same height. "
          text run at (423,0) width 349: "It appears that any percentage heights cause cells to"
          text run at (0,22) width 176: "fill the entire table height. "
          text run at (176,22) width 563: "Note how cell 8 is correct but 2-7 are not, despite the cells all specifying height:30%."
      RenderTable {TABLE} at (0,104) size 784x112 [border: (1px outset #808080)]
        RenderTableSection {TBODY} at (1,1) size 782x110
          RenderTableRow {TR} at (0,0) size 782x110
            RenderTableCell {TD} at (0,0) size 467x110 [bgcolor=#FFFF00] [border: (1px inset #808080)] [r=0 c=0 rs=1 cs=1]
              RenderText {#text} at (185,11) size 97x22
                text run at (185,11) width 97: "Table Data #1"
              RenderBR {BR} at (281,27) size 1x0
              RenderText {#text} at (197,33) size 73x22
                text run at (197,33) width 73: "Other cells"
              RenderBR {BR} at (269,49) size 1x0
              RenderText {#text} at (165,55) size 137x22
                text run at (165,55) width 137: "should be the height"
              RenderBR {BR} at (301,71) size 1x0
              RenderText {#text} at (200,77) size 67x22
                text run at (200,77) width 67: "of this cell"
            RenderTableCell {TD} at (467,22) size 45x66 [bgcolor=#006000] [border: (1px inset #808080)] [r=0 c=1 rs=1 cs=1]
              RenderText {#text} at (11,11) size 23x44
                text run at (11,11) width 23: "TD"
                text run at (14,33) width 17: "#2"
            RenderTableCell {TD} at (512,22) size 45x66 [bgcolor=#00FFFF] [border: (1px inset #808080)] [r=0 c=2 rs=1 cs=1]
              RenderText {#text} at (11,11) size 23x44
                text run at (11,11) width 23: "TD"
                text run at (14,33) width 17: "#3"
            RenderTableCell {TD} at (557,22) size 45x66 [bgcolor=#0000FF] [border: (1px inset #808080)] [r=0 c=3 rs=1 cs=1]
              RenderText {#text} at (11,11) size 23x44
                text run at (11,11) width 23: "TD"
                text run at (14,33) width 17: "#4"
            RenderTableCell {TD} at (602,22) size 45x66 [bgcolor=#008000] [border: (1px inset #808080)] [r=0 c=4 rs=1 cs=1]
              RenderText {#text} at (11,11) size 23x44
                text run at (11,11) width 23: "TD"
                text run at (14,33) width 17: "#5"
            RenderTableCell {TD} at (647,22) size 45x66 [bgcolor=#000080] [border: (1px inset #808080)] [r=0 c=5 rs=1 cs=1]
              RenderText {#text} at (11,11) size 23x44
                text run at (11,11) width 23: "TD"
                text run at (14,33) width 17: "#6"
            RenderTableCell {TD} at (692,22) size 45x66 [bgcolor=#CACACA] [border: (1px inset #808080)] [r=0 c=6 rs=1 cs=1]
              RenderText {#text} at (11,11) size 23x44
                text run at (11,11) width 23: "TD"
                text run at (14,33) width 17: "#7"
            RenderTableCell {TD} at (737,22) size 45x66 [bgcolor=#000000] [border: (1px inset #808080)] [r=0 c=7 rs=1 cs=1]
              RenderInline {FONT} at (0,0) size 23x44 [color=#FFFFFF]
                RenderText {#text} at (11,11) size 23x44
                  text run at (11,11) width 23: "TD"
                  text run at (14,33) width 17: "#8"
