layer at (0,0) size 800x600
  RenderView at (0,0) size 800x600
layer at (0,0) size 800x600
  RenderBlock {HTML} at (0,0) size 800x600
    RenderBody {BODY} at (8,8) size 784x584
      RenderTable {TABLE} at (0,0) size 784x100 [border: (2px outset #808080)]
        RenderTableSection {TBODY} at (2,2) size 780x96
          RenderTableRow {TR} at (0,0) size 780x24
            RenderTableCell {TD} at (0,14) size 40x68 [bgcolor=#AAAAAA] [border: (1px inset #808080)] [r=0 c=0 rs=3 cs=1]
              RenderText {#text} at (1,1) size 38x66
                text run at (1,1) width 28: "Left"
                text run at (1,23) width 13: "(3"
                text run at (1,45) width 38: "rows)"
            RenderTableCell {TD} at (40,18) size 298x24 [bgcolor=#000000] [border: (1px inset #808080)] [r=0 c=1 rs=2 cs=1]
              RenderText {#text} at (1,1) size 4x22
                text run at (1,1) width 4: " "
            RenderTableCell {TD} at (338,0) size 103x24 [border: (1px inset #808080)] [r=0 c=2 rs=1 cs=10]
              RenderText {#text} at (1,1) size 101x22
                text run at (1,1) width 101: "Middle (1 row)"
            RenderTableCell {TD} at (441,18) size 299x24 [bgcolor=#000000] [border: (1px inset #808080)] [r=0 c=12 rs=2 cs=1]
              RenderText {#text} at (1,1) size 4x22
                text run at (1,1) width 4: " "
            RenderTableCell {TD} at (740,14) size 40x68 [bgcolor=#AAAAAA] [border: (1px inset #808080)] [r=0 c=13 rs=3 cs=1]
              RenderText {#text} at (1,1) size 38x66
                text run at (1,1) width 38: "Right"
                text run at (26,23) width 13: "(3"
                text run at (1,45) width 38: "rows)"
          RenderTableRow {TR} at (0,24) size 780x36
            RenderTableCell {TD} at (338,30) size 11x24 [bgcolor=#EEEEEE] [border: (1px inset #808080)] [r=1 c=2 rs=1 cs=1]
              RenderText {#text} at (1,1) size 4x22
                text run at (1,1) width 4: " "
            RenderTableCell {TD} at (349,30) size 11x24 [bgcolor=#EEEEEE] [border: (1px inset #808080)] [r=1 c=3 rs=1 cs=1]
              RenderText {#text} at (1,1) size 4x22
                text run at (1,1) width 4: " "
            RenderTableCell {TD} at (360,30) size 11x24 [bgcolor=#EEEEEE] [border: (1px inset #808080)] [r=1 c=4 rs=1 cs=1]
              RenderText {#text} at (1,1) size 4x22
                text run at (1,1) width 4: " "
            RenderTableCell {TD} at (371,30) size 11x24 [bgcolor=#EEEEEE] [border: (1px inset #808080)] [r=1 c=5 rs=1 cs=1]
              RenderText {#text} at (1,1) size 4x22
                text run at (1,1) width 4: " "
            RenderTableCell {TD} at (382,30) size 11x24 [bgcolor=#EEEEEE] [border: (1px inset #808080)] [r=1 c=6 rs=1 cs=1]
              RenderText {#text} at (1,1) size 4x22
                text run at (1,1) width 4: " "
            RenderTableCell {TD} at (393,30) size 12x24 [bgcolor=#EEEEEE] [border: (1px inset #808080)] [r=1 c=7 rs=1 cs=1]
              RenderText {#text} at (1,1) size 4x22
                text run at (1,1) width 4: " "
            RenderTableCell {TD} at (405,30) size 12x24 [bgcolor=#EEEEEE] [border: (1px inset #808080)] [r=1 c=8 rs=1 cs=1]
              RenderText {#text} at (1,1) size 4x22
                text run at (1,1) width 4: " "
            RenderTableCell {TD} at (417,30) size 12x24 [bgcolor=#EEEEEE] [border: (1px inset #808080)] [r=1 c=9 rs=1 cs=1]
              RenderText {#text} at (1,1) size 4x22
                text run at (1,1) width 4: " "
            RenderTableCell {TD} at (429,30) size 12x24 [bgcolor=#EEEEEE] [border: (1px inset #808080)] [r=1 c=10 rs=1 cs=1]
              RenderText {#text} at (1,1) size 4x22
                text run at (1,1) width 4: " "
          RenderTableRow {TR} at (0,60) size 780x36
            RenderTableCell {TD} at (40,66) size 740x24 [bgcolor=#008000] [border: (1px inset #808080)] [r=2 c=1 rs=1 cs=13]
              RenderText {#text} at (451,1) size 288x22
                text run at (451,1) width 288: "Bottom Row Overlaps with the Right Cell!"
