layer at (0,0) size 800x600
  RenderView at (0,0) size 800x600
layer at (0,0) size 800x600
  RenderBlock {HTML} at (0,0) size 800x600
    RenderBody {BODY} at (8,8) size 784x576
      RenderTable {TABLE} at (0,0) size 155x74 [border: none]
        RenderTableSection {TBODY} at (0,0) size 154x73
          RenderTableRow {TR} at (0,0) size 154x25
            RenderTableCell {TD} at (0,0) size 77x25 [border: (1px none #808080) none none (1px solid #808080)] [r=0 c=0 rs=1 cs=1]
              RenderText {#text} at (2,2) size 74x22
                text run at (2,2) width 74: "Row1 cell1"
            RenderTableCell {TD} at (77,0) size 77x25 [border: (1px none #808080) none none (1px solid #808080)] [r=0 c=1 rs=1 cs=1]
              RenderText {#text} at (2,2) size 74x22
                text run at (2,2) width 74: "Row1 cell2"
          RenderTableRow {TR} at (0,25) size 154x24
            RenderTableCell {TD} at (0,25) size 77x24 [border: none none none (1px solid #808080)] [r=1 c=0 rs=1 cs=1]
              RenderText {#text} at (2,1) size 74x22
                text run at (2,1) width 74: "Row2 cell1"
            RenderTableCell {TD} at (77,25) size 77x24 [border: none none none (1px solid #808080)] [r=1 c=1 rs=1 cs=1]
              RenderText {#text} at (2,1) size 74x22
                text run at (2,1) width 74: "Row2 cell2"
          RenderTableRow {TR} at (0,49) size 154x24
            RenderTableCell {TD} at (0,49) size 77x24 [border: none none none (1px solid #808080)] [r=2 c=0 rs=1 cs=1]
              RenderText {#text} at (2,1) size 74x22
                text run at (2,1) width 74: "Row3 cell1"
            RenderTableCell {TD} at (77,49) size 77x24 [border: none none none (1px solid #808080)] [r=2 c=1 rs=1 cs=1]
              RenderText {#text} at (2,1) size 74x22
                text run at (2,1) width 74: "Row3 cell2"
      RenderBlock {P} at (0,90) size 784x44
        RenderText {#text} at (0,0) size 770x44
          text run at (0,0) width 770: "The rules attribute is first set dynamically to rows, then to cols, so the table should show only column borders. Bug"
          text run at (0,22) width 44: "14848."
