layer at (0,0) size 800x600
  RenderView at (0,0) size 800x600
layer at (0,0) size 800x600
  RenderBlock {HTML} at (0,0) size 800x600
    RenderBody {BODY} at (8,8) size 784x584
      RenderBlock {P} at (0,0) size 784x60
        RenderText {#text} at (0,0) size 766x40
          text run at (0,0) width 766: "This tests that the background-image of a table column that spans \"covers exactly the full area of all cells that"
          text run at (0,20) width 219: "originate in the column\" as per "
        RenderInline {A} at (0,0) size 244x20 [color=#0000EE]
          RenderText {#text} at (219,20) size 244x20
            text run at (219,20) width 244: "section 17.5.1 of the CSS 2.1 spec"
        RenderText {#text} at (463,20) size 748x40
          text run at (463,20) width 285: ". This test PASSED if you do not see the"
          text run at (0,40) width 77: "word FAIL."
      RenderTable {TABLE} at (0,76) size 100x100
        RenderTableCol {COL} at (0,0) size 0x0
        RenderTableSection {TBODY} at (0,0) size 100x100
          RenderTableRow {TR} at (0,0) size 100x50
            RenderTableCell {TD} at (0,13) size 50x23 [color=#0000FF] [r=0 c=0 rs=1 cs=1]
              RenderText {#text} at (5,1) size 39x21
                text run at (5,1) width 39: "FAIL"
            RenderTableCell {TD} at (50,13) size 50x23 [color=#0000FF] [r=0 c=1 rs=1 cs=1]
              RenderText {#text} at (5,1) size 39x21
                text run at (5,1) width 39: "FAIL"
          RenderTableRow {TR} at (0,50) size 100x50
            RenderTableCell {TD} at (0,63) size 50x23 [color=#FFFF00] [r=1 c=0 rs=1 cs=1]
              RenderText {#text} at (5,1) size 39x21
                text run at (5,1) width 39: "FAIL"
            RenderTableCell {TD} at (50,63) size 50x23 [color=#FFFF00] [r=1 c=1 rs=1 cs=1]
              RenderText {#text} at (5,1) size 39x21
                text run at (5,1) width 39: "FAIL"
