layer at (0,0) size 800x600
  RenderView at (0,0) size 800x600
layer at (0,0) size 800x600
  RenderBlock {HTML} at (0,0) size 800x600
    RenderBody {BODY} at (8,8) size 784x584
      RenderBlock {P} at (0,0) size 784x60
        RenderText {#text} at (0,0) size 778x40
          text run at (0,0) width 778: "This tests that the background-image of a table column group with a span > 1 \"covers exactly the full area of all"
          text run at (0,20) width 331: "cells that originate in the column group\" as per "
        RenderInline {A} at (0,0) size 244x20 [color=#0000EE]
          RenderText {#text} at (331,20) size 244x20
            text run at (331,20) width 244: "section 17.5.1 of the CSS 2.1 spec"
        RenderText {#text} at (575,20) size 778x40
          text run at (575,20) width 203: ". This test PASSED if you do"
          text run at (0,40) width 159: "not see the word FAIL."
      RenderTable {TABLE} at (0,76) size 150x100
        RenderTableCol {COLGROUP} at (0,0) size 0x0
        RenderTableCol {COLGROUP} at (0,0) size 0x0
        RenderTableSection {TBODY} at (0,0) size 150x100
          RenderTableRow {TR} at (0,0) size 150x50
            RenderTableCell {TD} at (0,13) size 50x23 [color=#0000FF] [r=0 c=0 rs=1 cs=1]
              RenderText {#text} at (5,1) size 39x21
                text run at (5,1) width 39: "FAIL"
            RenderTableCell {TD} at (50,13) size 50x23 [color=#FFFF00] [r=0 c=1 rs=1 cs=1]
              RenderText {#text} at (5,1) size 39x21
                text run at (5,1) width 39: "FAIL"
            RenderTableCell {TD} at (100,13) size 50x23 [color=#0000FF] [r=0 c=2 rs=1 cs=1]
              RenderText {#text} at (5,1) size 39x21
                text run at (5,1) width 39: "FAIL"
          RenderTableRow {TR} at (0,50) size 150x50
            RenderTableCell {TD} at (0,63) size 50x23 [color=#FFFF00] [r=1 c=0 rs=1 cs=1]
              RenderText {#text} at (5,1) size 39x21
                text run at (5,1) width 39: "FAIL"
            RenderTableCell {TD} at (50,63) size 50x23 [color=#0000FF] [r=1 c=1 rs=1 cs=1]
              RenderText {#text} at (5,1) size 39x21
                text run at (5,1) width 39: "FAIL"
            RenderTableCell {TD} at (100,63) size 50x23 [color=#FFFF00] [r=1 c=2 rs=1 cs=1]
              RenderText {#text} at (5,1) size 39x21
                text run at (5,1) width 39: "FAIL"
