layer at (0,0) size 784x684
  RenderView at (0,0) size 784x600
layer at (0,0) size 784x684
  RenderBlock {HTML} at (0,0) size 784x684
    RenderBody {BODY} at (8,10) size 768x666
      RenderTable {TABLE} at (10,0) size 126x112 [border: (1px solid #000000)]
        RenderTableSection {THEAD} at (1,1) size 124x28
          RenderTableRow {TR} at (0,2) size 124x24
            RenderTableCell {TD} at (2,2) size 59x24 [r=0 c=0 rs=1 cs=1]
              RenderText {#text} at (1,1) size 48x22
                text run at (1,1) width 48: "Head 1"
            RenderTableCell {TD} at (63,2) size 59x24 [r=0 c=1 rs=1 cs=1]
              RenderText {#text} at (1,1) size 48x22
                text run at (1,1) width 48: "Head 2"
        RenderTableSection {TFOOT} at (1,83) size 124x28
          RenderTableRow {TR} at (0,2) size 124x24
            RenderTableCell {TD} at (2,2) size 59x24 [r=0 c=0 rs=1 cs=1]
              RenderText {#text} at (1,1) size 57x22
                text run at (1,1) width 57: "Footer 1"
            RenderTableCell {TD} at (63,2) size 59x24 [r=0 c=1 rs=1 cs=1]
              RenderText {#text} at (1,1) size 57x22
                text run at (1,1) width 57: "Footer 2"
        RenderTableSection {TBODY} at (1,29) size 124x54
          RenderTableRow {TR} at (0,2) size 124x24
            RenderTableCell {TD} at (2,2) size 59x24 [r=0 c=0 rs=1 cs=1]
              RenderText {#text} at (1,1) size 39x22
                text run at (1,1) width 39: "Cell 1"
            RenderTableCell {TD} at (63,2) size 59x24 [r=0 c=1 rs=1 cs=1]
              RenderText {#text} at (1,1) size 39x22
                text run at (1,1) width 39: "Cell 2"
          RenderTableRow {TR} at (0,28) size 124x24
            RenderTableCell {TD} at (2,28) size 59x24 [r=1 c=0 rs=1 cs=1]
              RenderText {#text} at (1,1) size 39x22
                text run at (1,1) width 39: "Cell 3"
            RenderTableCell {TD} at (63,28) size 59x24 [r=1 c=1 rs=1 cs=1]
              RenderText {#text} at (1,1) size 39x22
                text run at (1,1) width 39: "Cell 4"
      RenderBlock {P} at (0,128) size 768x22
        RenderText {#text} at (0,0) size 236x22
          text run at (0,0) width 236: "Row groups have display:table-cell"
      RenderTable {TABLE} at (10,166) size 246x70 [border: (1px solid #000000)]
        RenderTableSection (anonymous) at (1,1) size 244x36
          RenderTableRow (anonymous) at (0,2) size 244x32
            RenderTableCell {THEAD} at (2,2) size 110x32 [r=0 c=0 rs=1 cs=1]
              RenderTable at (0,0) size 110x32
                RenderTableSection (anonymous) at (0,0) size 110x32
                  RenderTableRow (anonymous) at (0,2) size 110x28
                    RenderTableCell {TR} at (2,2) size 106x28 [r=0 c=0 rs=1 cs=1]
                      RenderTable at (0,0) size 106x28
                        RenderTableSection (anonymous) at (0,0) size 106x28
                          RenderTableRow (anonymous) at (0,2) size 106x24
                            RenderTableCell {TD} at (2,2) size 50x24 [r=0 c=0 rs=1 cs=1]
                              RenderText {#text} at (1,1) size 48x22
                                text run at (1,1) width 48: "Head 1"
                            RenderTableCell {TD} at (54,2) size 50x24 [r=0 c=1 rs=1 cs=1]
                              RenderText {#text} at (1,1) size 48x22
                                text run at (1,1) width 48: "Head 2"
            RenderTableCell {TFOOT} at (114,2) size 128x32 [r=0 c=1 rs=1 cs=1]
              RenderTable at (0,0) size 128x32
                RenderTableSection (anonymous) at (0,0) size 128x32
                  RenderTableRow (anonymous) at (0,2) size 128x28
                    RenderTableCell {TR} at (2,2) size 124x28 [r=0 c=0 rs=1 cs=1]
                      RenderTable at (0,0) size 124x28
                        RenderTableSection (anonymous) at (0,0) size 124x28
                          RenderTableRow (anonymous) at (0,2) size 124x24
                            RenderTableCell {TD} at (2,2) size 59x24 [r=0 c=0 rs=1 cs=1]
                              RenderText {#text} at (1,1) size 57x22
                                text run at (1,1) width 57: "Footer 1"
                            RenderTableCell {TD} at (63,2) size 59x24 [r=0 c=1 rs=1 cs=1]
                              RenderText {#text} at (1,1) size 57x22
                                text run at (1,1) width 57: "Footer 2"
        RenderTableSection {TBODY} at (1,37) size 244x32
          RenderTableRow (anonymous) at (0,2) size 244x28
            RenderTableCell {TR} at (2,2) size 110x28 [r=0 c=0 rs=1 cs=1]
              RenderTable at (0,0) size 88x28
                RenderTableSection (anonymous) at (0,0) size 88x28
                  RenderTableRow (anonymous) at (0,2) size 88x24
                    RenderTableCell {TD} at (2,2) size 41x24 [r=0 c=0 rs=1 cs=1]
                      RenderText {#text} at (1,1) size 39x22
                        text run at (1,1) width 39: "Cell 1"
                    RenderTableCell {TD} at (45,2) size 41x24 [r=0 c=1 rs=1 cs=1]
                      RenderText {#text} at (1,1) size 39x22
                        text run at (1,1) width 39: "Cell 2"
            RenderTableCell {TR} at (114,2) size 128x28 [r=0 c=1 rs=1 cs=1]
              RenderTable at (0,0) size 88x28
                RenderTableSection (anonymous) at (0,0) size 88x28
                  RenderTableRow (anonymous) at (0,2) size 88x24
                    RenderTableCell {TD} at (2,2) size 41x24 [r=0 c=0 rs=1 cs=1]
                      RenderText {#text} at (1,1) size 39x22
                        text run at (1,1) width 39: "Cell 3"
                    RenderTableCell {TD} at (45,2) size 41x24 [r=0 c=1 rs=1 cs=1]
                      RenderText {#text} at (1,1) size 39x22
                        text run at (1,1) width 39: "Cell 4"
      RenderBlock {P} at (0,252) size 768x22
        RenderText {#text} at (0,0) size 213x22
          text run at (0,0) width 213: "Row groups have display:block"
      RenderTable {TABLE} at (10,290) size 130x122 [border: (1px solid #000000)]
        RenderTableSection (anonymous) at (1,1) size 128x60
          RenderTableRow (anonymous) at (0,2) size 128x56
            RenderTableCell (anonymous) at (2,2) size 124x56 [r=0 c=0 rs=1 cs=1]
              RenderBlock {THEAD} at (0,0) size 124x28
                RenderBlock {TR} at (0,0) size 124x28
                  RenderTable at (0,0) size 106x28
                    RenderTableSection (anonymous) at (0,0) size 106x28
                      RenderTableRow (anonymous) at (0,2) size 106x24
                        RenderTableCell {TD} at (2,2) size 50x24 [r=0 c=0 rs=1 cs=1]
                          RenderText {#text} at (1,1) size 48x22
                            text run at (1,1) width 48: "Head 1"
                        RenderTableCell {TD} at (54,2) size 50x24 [r=0 c=1 rs=1 cs=1]
                          RenderText {#text} at (1,1) size 48x22
                            text run at (1,1) width 48: "Head 2"
              RenderBlock {TFOOT} at (0,28) size 124x28
                RenderBlock {TR} at (0,0) size 124x28
                  RenderTable at (0,0) size 124x28
                    RenderTableSection (anonymous) at (0,0) size 124x28
                      RenderTableRow (anonymous) at (0,2) size 124x24
                        RenderTableCell {TD} at (2,2) size 59x24 [r=0 c=0 rs=1 cs=1]
                          RenderText {#text} at (1,1) size 57x22
                            text run at (1,1) width 57: "Footer 1"
                        RenderTableCell {TD} at (63,2) size 59x24 [r=0 c=1 rs=1 cs=1]
                          RenderText {#text} at (1,1) size 57x22
                            text run at (1,1) width 57: "Footer 2"
        RenderTableSection {TBODY} at (1,61) size 128x60
          RenderTableRow (anonymous) at (0,2) size 128x56
            RenderTableCell (anonymous) at (2,2) size 124x56 [r=0 c=0 rs=1 cs=1]
              RenderBlock {TR} at (0,0) size 124x28
                RenderTable at (0,0) size 88x28
                  RenderTableSection (anonymous) at (0,0) size 88x28
                    RenderTableRow (anonymous) at (0,2) size 88x24
                      RenderTableCell {TD} at (2,2) size 41x24 [r=0 c=0 rs=1 cs=1]
                        RenderText {#text} at (1,1) size 39x22
                          text run at (1,1) width 39: "Cell 1"
                      RenderTableCell {TD} at (45,2) size 41x24 [r=0 c=1 rs=1 cs=1]
                        RenderText {#text} at (1,1) size 39x22
                          text run at (1,1) width 39: "Cell 2"
              RenderBlock {TR} at (0,28) size 124x28
                RenderTable at (0,0) size 88x28
                  RenderTableSection (anonymous) at (0,0) size 88x28
                    RenderTableRow (anonymous) at (0,2) size 88x24
                      RenderTableCell {TD} at (2,2) size 41x24 [r=0 c=0 rs=1 cs=1]
                        RenderText {#text} at (1,1) size 39x22
                          text run at (1,1) width 39: "Cell 3"
                      RenderTableCell {TD} at (45,2) size 41x24 [r=0 c=1 rs=1 cs=1]
                        RenderText {#text} at (1,1) size 39x22
                          text run at (1,1) width 39: "Cell 4"
      RenderTable at (0,422) size 302x244
        RenderTableSection (anonymous) at (0,0) size 302x244
          RenderTableRow (anonymous) at (0,0) size 302x244
            RenderTableCell {P} at (0,0) size 302x244 [border: (1px solid #000000)] [r=0 c=0 rs=1 cs=1]
              RenderText {#text} at (1,1) size 297x242
                text run at (1,1) width 272: "Lorem ipsum dolor sit amet, consectetur"
                text run at (1,23) width 260: "adipisicing elit, sed do eiusmod tempor"
                text run at (1,45) width 297: "incididunt ut labore et dolore magna aliqua."
                text run at (1,67) width 268: "Ut enim ad minim veniam, quis nostrud"
                text run at (1,89) width 282: "exercitation ullamco laboris nisi ut aliquip"
                text run at (1,111) width 286: "ex ea commodo consequat. Duis aute irure"
                text run at (1,133) width 297: "dolor in reprehenderit in voluptate velit esse"
                text run at (1,155) width 254: "cillum dolore eu fugiat nulla pariatur."
                text run at (1,177) width 257: "Excepteur sint occaecat cupidatat non"
                text run at (1,199) width 287: "proident, sunt in culpa qui officia deserunt"
                text run at (1,221) width 181: "mollit anim id est laborum."
