layer at (0,0) size 800x600
  RenderView at (0,0) size 800x600
layer at (0,0) size 800x600
  RenderBlock {HTML} at (0,0) size 800x600
    RenderBody {BODY} at (8,8) size 784x584
      RenderBlock {P} at (0,0) size 784x60
        RenderText {#text} at (0,0) size 776x40
          text run at (0,0) width 776: "This tests that the background-image of a table row-group \"extends from the top left corner of its topmost cell in"
          text run at (0,20) width 624: "the first column to the bottom right corner of its bottommost cell in the last column\" as per "
        RenderInline {A} at (0,0) size 766x40 [color=#0000EE]
          RenderText {#text} at (624,20) size 766x40
            text run at (624,20) width 142: "section 17.5.1 of the"
            text run at (0,40) width 98: "CSS 2.1 spec"
        RenderText {#text} at (98,40) size 366x20
          text run at (98,40) width 366: ". This test PASSED if you do not see the word FAIL."
      RenderTable {TABLE} at (0,76) size 100x100
        RenderTableSection {TBODY} at (0,0) size 100x100
          RenderTableRow {TR} at (0,0) size 100x50
            RenderTableCell {TD} at (0,13) size 50x23 [color=#0000FF] [r=0 c=0 rs=1 cs=1]
              RenderText {#text} at (5,1) size 39x21
                text run at (5,1) width 39: "FAIL"
            RenderTableCell {TD} at (50,13) size 50x23 [color=#FFFF00] [r=0 c=1 rs=1 cs=1]
              RenderText {#text} at (5,1) size 39x21
                text run at (5,1) width 39: "FAIL"
          RenderTableRow {TR} at (0,50) size 100x50
            RenderTableCell {TD} at (0,63) size 50x23 [color=#FFFF00] [r=1 c=0 rs=1 cs=1]
              RenderText {#text} at (5,1) size 39x21
                text run at (5,1) width 39: "FAIL"
            RenderTableCell {TD} at (50,63) size 50x23 [color=#0000FF] [r=1 c=1 rs=1 cs=1]
              RenderText {#text} at (5,1) size 39x21
                text run at (5,1) width 39: "FAIL"
