layer at (0,0) size 800x600
  RenderView at (0,0) size 800x600
layer at (0,0) size 800x584
  RenderBlock {HTML} at (0,0) size 800x584
    RenderBody {BODY} at (8,10) size 784x566
      RenderBlock {TABLE} at (10,0) size 764x112 [border: (1px solid #000000)]
        RenderTable at (1,1) size 124x110
          RenderTableSection {THEAD} at (0,0) size 124x28
            RenderTableRow {TR} at (0,2) size 124x24
              RenderTableCell {TD} at (2,2) size 59x24 [r=0 c=0 rs=1 cs=1]
                RenderText {#text} at (1,1) size 48x22
                  text run at (1,1) width 48: "Head 1"
              RenderTableCell {TD} at (63,2) size 59x24 [r=0 c=1 rs=1 cs=1]
                RenderText {#text} at (1,1) size 48x22
                  text run at (1,1) width 48: "Head 2"
          RenderTableSection {TFOOT} at (0,82) size 124x28
            RenderTableRow {TR} at (0,2) size 124x24
              RenderTableCell {TD} at (2,2) size 59x24 [r=0 c=0 rs=1 cs=1]
                RenderText {#text} at (1,1) size 57x22
                  text run at (1,1) width 57: "Footer 1"
              RenderTableCell {TD} at (63,2) size 59x24 [r=0 c=1 rs=1 cs=1]
                RenderText {#text} at (1,1) size 57x22
                  text run at (1,1) width 57: "Footer 2"
          RenderTableSection {TBODY} at (0,28) size 124x54
            RenderTableRow {TR} at (0,2) size 124x24
              RenderTableCell {TD} at (2,2) size 59x24 [r=0 c=0 rs=1 cs=1]
                RenderText {#text} at (1,1) size 39x22
                  text run at (1,1) width 39: "Cell 1"
              RenderTableCell {TD} at (63,2) size 59x24 [r=0 c=1 rs=1 cs=1]
                RenderText {#text} at (1,1) size 39x22
                  text run at (1,1) width 39: "Cell 2"
            RenderTableRow {TR} at (0,28) size 124x24
              RenderTableCell {TD} at (2,28) size 59x24 [r=1 c=0 rs=1 cs=1]
                RenderText {#text} at (1,1) size 39x22
                  text run at (1,1) width 39: "Cell 3"
              RenderTableCell {TD} at (63,28) size 59x24 [r=1 c=1 rs=1 cs=1]
                RenderText {#text} at (1,1) size 39x22
                  text run at (1,1) width 39: "Cell 4"
      RenderBlock {TABLE} at (10,122) size 764x62 [border: (1px solid #000000)]
        RenderTable at (1,1) size 232x60
          RenderTableSection (anonymous) at (0,0) size 232x32
            RenderTableRow (anonymous) at (0,2) size 232x28
              RenderTableCell {THEAD} at (2,2) size 104x28 [r=0 c=0 rs=1 cs=1]
                RenderTable at (0,0) size 104x28
                  RenderTableSection (anonymous) at (0,0) size 104x28
                    RenderTableRow (anonymous) at (0,2) size 104x24
                      RenderTableCell {TR} at (2,2) size 100x24 [r=0 c=0 rs=1 cs=1]
                        RenderInline {TD} at (0,0) size 50x24
                          RenderText {#text} at (1,2) size 48x22
                            text run at (1,2) width 48: "Head 1"
                        RenderInline {TD} at (0,0) size 50x24
                          RenderText {#text} at (51,2) size 48x22
                            text run at (51,2) width 48: "Head 2"
              RenderTableCell {TFOOT} at (108,2) size 122x28 [r=0 c=1 rs=1 cs=1]
                RenderTable at (0,0) size 122x28
                  RenderTableSection (anonymous) at (0,0) size 122x28
                    RenderTableRow (anonymous) at (0,2) size 122x24
                      RenderTableCell {TR} at (2,2) size 118x24 [r=0 c=0 rs=1 cs=1]
                        RenderInline {TD} at (0,0) size 59x24
                          RenderText {#text} at (1,2) size 57x22
                            text run at (1,2) width 57: "Footer 1"
                        RenderInline {TD} at (0,0) size 59x24
                          RenderText {#text} at (60,2) size 57x22
                            text run at (60,2) width 57: "Footer 2"
          RenderTableSection {TBODY} at (0,32) size 232x28
            RenderTableRow (anonymous) at (0,2) size 232x24
              RenderTableCell {TR} at (2,2) size 104x24 [r=0 c=0 rs=1 cs=1]
                RenderInline {TD} at (0,0) size 41x24
                  RenderText {#text} at (1,2) size 39x22
                    text run at (1,2) width 39: "Cell 1"
                RenderInline {TD} at (0,0) size 41x24
                  RenderText {#text} at (42,2) size 39x22
                    text run at (42,2) width 39: "Cell 2"
              RenderTableCell {TR} at (108,2) size 122x24 [r=0 c=1 rs=1 cs=1]
                RenderInline {TD} at (0,0) size 41x24
                  RenderText {#text} at (1,2) size 39x22
                    text run at (1,2) width 39: "Cell 3"
                RenderInline {TD} at (0,0) size 41x24
                  RenderText {#text} at (42,2) size 39x22
                    text run at (42,2) width 39: "Cell 4"
      RenderBlock {TABLE} at (10,194) size 764x118 [border: (1px solid #000000)]
        RenderBlock {THEAD} at (1,1) size 762x28
          RenderBlock {TR} at (0,0) size 762x28
            RenderTable at (0,0) size 106x28
              RenderTableSection (anonymous) at (0,0) size 106x28
                RenderTableRow (anonymous) at (0,2) size 106x24
                  RenderTableCell {TD} at (2,2) size 50x24 [r=0 c=0 rs=1 cs=1]
                    RenderText {#text} at (1,1) size 48x22
                      text run at (1,1) width 48: "Head 1"
                  RenderTableCell {TD} at (54,2) size 50x24 [r=0 c=1 rs=1 cs=1]
                    RenderText {#text} at (1,1) size 48x22
                      text run at (1,1) width 48: "Head 2"
        RenderBlock {TFOOT} at (1,29) size 762x28
          RenderBlock {TR} at (0,0) size 762x28
            RenderTable at (0,0) size 124x28
              RenderTableSection (anonymous) at (0,0) size 124x28
                RenderTableRow (anonymous) at (0,2) size 124x24
                  RenderTableCell {TD} at (2,2) size 59x24 [r=0 c=0 rs=1 cs=1]
                    RenderText {#text} at (1,1) size 57x22
                      text run at (1,1) width 57: "Footer 1"
                  RenderTableCell {TD} at (63,2) size 59x24 [r=0 c=1 rs=1 cs=1]
                    RenderText {#text} at (1,1) size 57x22
                      text run at (1,1) width 57: "Footer 2"
        RenderTable at (1,57) size 92x60
          RenderTableSection {TBODY} at (0,0) size 92x60
            RenderTableRow (anonymous) at (0,2) size 92x56
              RenderTableCell (anonymous) at (2,2) size 88x56 [r=0 c=0 rs=1 cs=1]
                RenderBlock {TR} at (0,0) size 88x28
                  RenderTable at (0,0) size 88x28
                    RenderTableSection (anonymous) at (0,0) size 88x28
                      RenderTableRow (anonymous) at (0,2) size 88x24
                        RenderTableCell {TD} at (2,2) size 41x24 [r=0 c=0 rs=1 cs=1]
                          RenderText {#text} at (1,1) size 39x22
                            text run at (1,1) width 39: "Cell 1"
                        RenderTableCell {TD} at (45,2) size 41x24 [r=0 c=1 rs=1 cs=1]
                          RenderText {#text} at (1,1) size 39x22
                            text run at (1,1) width 39: "Cell 2"
                RenderBlock {TR} at (0,28) size 88x28
                  RenderTable at (0,0) size 88x28
                    RenderTableSection (anonymous) at (0,0) size 88x28
                      RenderTableRow (anonymous) at (0,2) size 88x24
                        RenderTableCell {TD} at (2,2) size 41x24 [r=0 c=0 rs=1 cs=1]
                          RenderText {#text} at (1,1) size 39x22
                            text run at (1,1) width 39: "Cell 3"
                        RenderTableCell {TD} at (45,2) size 41x24 [r=0 c=1 rs=1 cs=1]
                          RenderText {#text} at (1,1) size 39x22
                            text run at (1,1) width 39: "Cell 4"
      RenderTable at (0,322) size 302x244
        RenderTableSection (anonymous) at (0,0) size 302x244
          RenderTableRow (anonymous) at (0,0) size 302x244
            RenderTableCell {P} at (0,0) size 302x244 [border: (1px solid #000000)] [r=0 c=0 rs=1 cs=1]
              RenderText {#text} at (1,1) size 297x242
                text run at (1,1) width 272: "Lorem ipsum dolor sit amet, consectetur"
                text run at (1,23) width 260: "adipisicing elit, sed do eiusmod tempor"
                text run at (1,45) width 297: "incididunt ut labore et dolore magna aliqua."
                text run at (1,67) width 268: "Ut enim ad minim veniam, quis nostrud"
                text run at (1,89) width 282: "exercitation ullamco laboris nisi ut aliquip"
                text run at (1,111) width 286: "ex ea commodo consequat. Duis aute irure"
                text run at (1,133) width 297: "dolor in reprehenderit in voluptate velit esse"
                text run at (1,155) width 254: "cillum dolore eu fugiat nulla pariatur."
                text run at (1,177) width 257: "Excepteur sint occaecat cupidatat non"
                text run at (1,199) width 287: "proident, sunt in culpa qui officia deserunt"
                text run at (1,221) width 181: "mollit anim id est laborum."
