layer at (0,0) size 800x600
  RenderView at (0,0) size 800x600
layer at (0,0) size 800x600
  RenderBlock {HTML} at (0,0) size 800x600
    RenderBody {BODY} at (8,8) size 784x584
      RenderBlock {P} at (0,0) size 784x40
        RenderText {#text} at (0,0) size 775x40
          text run at (0,0) width 775: "This tests that the background image of the table row group can be shifted to the right by 50px and shifted from"
          text run at (0,20) width 474: "the top by 50px. This test PASSED if you do not see the word FAIL."
      RenderTable {TABLE} at (0,56) size 100x100
        RenderTableSection {TBODY} at (0,0) size 100x100
          RenderTableRow {TR} at (0,0) size 100x50
            RenderTableCell {TD} at (0,13) size 50x23 [color=#FFFFFF] [r=0 c=0 rs=1 cs=1]
              RenderText {#text} at (5,1) size 39x21
                text run at (5,1) width 39: "FAIL"
            RenderTableCell {TD} at (50,13) size 50x23 [color=#FFFFFF] [r=0 c=1 rs=1 cs=1]
              RenderText {#text} at (5,1) size 39x21
                text run at (5,1) width 39: "FAIL"
          RenderTableRow {TR} at (0,50) size 100x50
            RenderTableCell {TD} at (0,63) size 50x23 [color=#FFFFFF] [r=1 c=0 rs=1 cs=1]
              RenderText {#text} at (5,1) size 39x21
                text run at (5,1) width 39: "FAIL"
            RenderTableCell {TD} at (50,63) size 50x23 [color=#0000FF] [r=1 c=1 rs=1 cs=1]
              RenderText {#text} at (5,1) size 39x21
                text run at (5,1) width 39: "FAIL"
