layer at (0,0) size 800x600
  RenderView at (0,0) size 800x600
layer at (0,0) size 800x600
  RenderBlock {HTML} at (0,0) size 800x600
    RenderBody {BODY} at (8,8) size 784x584
      RenderBlock {P} at (0,0) size 784x60
        RenderText {#text} at (0,0) size 734x40
          text run at (0,0) width 734: "This tests that the background-image of a table column group \"covers exactly the full area of all cells that"
          text run at (0,20) width 264: "originate in the column group\" as per "
        RenderInline {A} at (0,0) size 244x20 [color=#0000EE]
          RenderText {#text} at (264,20) size 244x20
            text run at (264,20) width 244: "section 17.5.1 of the CSS 2.1 spec"
        RenderText {#text} at (508,20) size 767x40
          text run at (508,20) width 259: ". This test PASSED if you do not see"
          text run at (0,40) width 103: "the word FAIL."
      RenderTable {TABLE} at (0,76) size 50x100
        RenderTableCol {COLGROUP} at (0,0) size 0x0
        RenderTableSection {TBODY} at (0,0) size 50x100
          RenderTableRow {TR} at (0,0) size 50x50
            RenderTableCell {TD} at (0,13) size 50x23 [color=#0000FF] [r=0 c=0 rs=1 cs=1]
              RenderText {#text} at (5,1) size 39x21
                text run at (5,1) width 39: "FAIL"
          RenderTableRow {TR} at (0,50) size 50x50
            RenderTableCell {TD} at (0,63) size 50x23 [color=#FFFF00] [r=1 c=0 rs=1 cs=1]
              RenderText {#text} at (5,1) size 39x21
                text run at (5,1) width 39: "FAIL"
