layer at (0,0) size 800x600
  RenderView at (0,0) size 800x600
layer at (0,0) size 800x600
  RenderBlock {HTML} at (0,0) size 800x600
    RenderBody {BODY} at (8,8) size 784x584
      RenderBlock (anonymous) at (0,0) size 784x22
        RenderText {#text} at (0,0) size 92x22
          text run at (0,0) width 92: "No line break"
      RenderTable {TABLE} at (0,22) size 126x62 [bgcolor=#C0C0C0]
        RenderTableSection {TBODY} at (0,0) size 126x62
          RenderTableRow {TR} at (0,2) size 126x58
            RenderTableCell {TD} at (2,2) size 122x58 [r=0 c=0 rs=1 cs=1]
              RenderImage {IMG} at (1,1) size 20x50 [bgcolor=#ADD8E6]
              RenderText {#text} at (21,35) size 80x22
                text run at (21,35) width 80: "loremipsum"
              RenderImage {IMG} at (101,1) size 20x50 [bgcolor=#ADD8E6]
              RenderText {#text} at (0,0) size 0x0
      RenderBlock {HR} at (0,92) size 784x2 [border: (1px inset #000000)]
      RenderBlock (anonymous) at (0,102) size 784x22
        RenderText {#text} at (0,0) size 92x22
          text run at (0,0) width 92: "No line break"
      RenderTable {TABLE} at (0,124) size 106x62 [bgcolor=#C0C0C0]
        RenderTableSection {TBODY} at (0,0) size 106x62
          RenderTableRow {TR} at (0,2) size 106x58
            RenderTableCell {TD} at (2,2) size 102x58 [r=0 c=0 rs=1 cs=1]
              RenderText {#text} at (1,35) size 80x22
                text run at (1,35) width 80: "loremipsum"
              RenderImage {IMG} at (81,1) size 20x50 [bgcolor=#ADD8E6]
              RenderText {#text} at (0,0) size 0x0
      RenderBlock {HR} at (0,194) size 784x2 [border: (1px inset #000000)]
      RenderBlock (anonymous) at (0,204) size 784x22
        RenderText {#text} at (0,0) size 170x22
          text run at (0,0) width 170: "Line break after the \"a\"."
      RenderTable {TABLE} at (0,226) size 106x84 [bgcolor=#C0C0C0]
        RenderTableSection {TBODY} at (0,0) size 106x84
          RenderTableRow {TR} at (0,2) size 106x80
            RenderTableCell {TD} at (2,2) size 102x80 [r=0 c=0 rs=1 cs=1]
              RenderText {#text} at (1,1) size 80x78
                text run at (1,1) width 8: "a"
                text run at (1,57) width 80: "loremipsum"
              RenderImage {IMG} at (81,23) size 20x50 [bgcolor=#ADD8E6]
              RenderText {#text} at (0,0) size 0x0
      RenderBlock {HR} at (0,318) size 784x2 [border: (1px inset #000000)]
      RenderBlock (anonymous) at (0,328) size 784x22
        RenderText {#text} at (0,0) size 170x22
          text run at (0,0) width 170: "Line break after the \"a\"."
      RenderTable {TABLE} at (0,350) size 126x84 [bgcolor=#C0C0C0]
        RenderTableSection {TBODY} at (0,0) size 126x84
          RenderTableRow {TR} at (0,2) size 126x80
            RenderTableCell {TD} at (2,2) size 122x80 [r=0 c=0 rs=1 cs=1]
              RenderText {#text} at (1,1) size 8x22
                text run at (1,1) width 8: "a"
              RenderImage {IMG} at (1,23) size 20x50 [bgcolor=#ADD8E6]
              RenderText {#text} at (21,57) size 80x22
                text run at (21,57) width 80: "loremipsum"
              RenderImage {IMG} at (101,23) size 20x50 [bgcolor=#ADD8E6]
              RenderText {#text} at (0,0) size 0x0
      RenderBlock {HR} at (0,442) size 784x2 [border: (1px inset #000000)]
      RenderBlock (anonymous) at (0,452) size 784x22
        RenderText {#text} at (0,0) size 205x22
          text run at (0,0) width 205: "Line break after \"wideword\"."
      RenderTable {TABLE} at (0,474) size 126x84 [bgcolor=#C0C0C0]
        RenderTableSection {TBODY} at (0,0) size 126x84
          RenderTableRow {TR} at (0,2) size 126x80
            RenderTableCell {TD} at (2,2) size 122x80 [r=0 c=0 rs=1 cs=1]
              RenderText {#text} at (1,1) size 68x22
                text run at (1,1) width 68: "wideword"
              RenderImage {IMG} at (1,23) size 20x50 [bgcolor=#ADD8E6]
              RenderText {#text} at (21,57) size 80x22
                text run at (21,57) width 80: "loremipsum"
              RenderImage {IMG} at (101,23) size 20x50 [bgcolor=#ADD8E6]
              RenderText {#text} at (0,0) size 0x0
