layer at (0,0) size 800x600
  RenderView at (0,0) size 800x600
layer at (0,0) size 800x600
  RenderBlock {HTML} at (0,0) size 800x600
    RenderBody {BODY} at (8,8) size 784x584 [bgcolor=#FFFFFF]
      RenderTable {TABLE} at (0,0) size 49x140
        RenderTableSection {TBODY} at (0,0) size 49x140
          RenderTableRow {TR} at (0,2) size 49x21
            RenderTableCell {TD} at (2,2) size 45x21 [r=0 c=0 rs=1 cs=1]
              RenderText {#text} at (1,1) size 43x19
                text run at (1,1) width 43: "Row 0"
          RenderTableRow {TR} at (0,25) size 49x21
            RenderTableCell {TD} at (2,25) size 45x21 [r=1 c=0 rs=1 cs=1]
              RenderText {#text} at (1,1) size 43x19
                text run at (1,1) width 43: "Row 1"
          RenderTableRow {TR} at (0,48) size 49x21
            RenderTableCell {TD} at (2,48) size 45x21 [r=2 c=0 rs=1 cs=1]
              RenderText {#text} at (1,1) size 43x19
                text run at (1,1) width 43: "Row 2"
          RenderTableRow {TR} at (0,71) size 49x21
            RenderTableCell {TD} at (2,71) size 45x21 [r=3 c=0 rs=1 cs=1]
              RenderText {#text} at (1,1) size 43x19
                text run at (1,1) width 43: "Row 3"
          RenderTableRow {TR} at (0,94) size 49x21
            RenderTableCell {TD} at (2,94) size 45x21 [r=4 c=0 rs=1 cs=1]
              RenderText {#text} at (1,1) size 43x19
                text run at (1,1) width 43: "Row 4"
          RenderTableRow {TR} at (0,117) size 49x21
            RenderTableCell {TD} at (2,117) size 45x21 [r=5 c=0 rs=1 cs=1]
              RenderText {#text} at (1,1) size 43x19
                text run at (1,1) width 43: "Row 5"
      RenderBlock (anonymous) at (0,140) size 784x32
        RenderTextControl {INPUT} at (2,3) size 23x25 [bgcolor=#FFFFFF] [border: (2px inset #000000)]
        RenderText {#text} at (27,6) size 4x19
          text run at (27,6) width 4: " "
        RenderTextControl {INPUT} at (33,3) size 23x25 [bgcolor=#FFFFFF] [border: (2px inset #000000)]
        RenderText {#text} at (58,6) size 4x19
          text run at (58,6) width 4: " "
        RenderButton {INPUT} at (64,2) size 34x28 [bgcolor=#C0C0C0] [border: (2px outset #C0C0C0)]
          RenderBlock (anonymous) at (8,4) size 18x19
            RenderText at (0,0) size 18x19
              text run at (0,0) width 18: "go"
        RenderText {#text} at (0,0) size 0x0
layer at (13,154) size 17x19
  RenderBlock {DIV} at (3,3) size 17x19
    RenderText {#text} at (1,0) size 9x19
      text run at (1,0) width 9: "2"
layer at (44,154) size 17x19
  RenderBlock {DIV} at (3,3) size 17x19
    RenderText {#text} at (1,0) size 9x19
      text run at (1,0) width 9: "4"
