layer at (0,0) size 800x600
  RenderView at (0,0) size 800x600
layer at (0,0) size 800x600
  RenderBlock {HTML} at (0,0) size 800x600
    RenderBody {BODY} at (8,8) size 784x584
      RenderBlock {DIV} at (0,0) size 784x171
        RenderBR {BR} at (0,0) size 0x19
        RenderText {#text} at (0,19) size 326x19
          text run at (0,19) width 326: "-------------------------------------------------offsetLeft:12"
        RenderBR {BR} at (326,34) size 0x0
        RenderText {#text} at (0,38) size 326x19
          text run at (0,38) width 326: "-------------------------------------------------offsetLeft:10"
        RenderBR {BR} at (326,53) size 0x0
        RenderText {#text} at (0,57) size 318x19
          text run at (0,57) width 318: "-------------------------------------------------offsetLeft:8"
        RenderBR {BR} at (318,72) size 0x0
        RenderText {#text} at (0,76) size 318x19
          text run at (0,76) width 318: "-------------------------------------------------offsetLeft:0"
        RenderBR {BR} at (318,91) size 0x0
        RenderText {#text} at (0,95) size 326x19
          text run at (0,95) width 326: "-------------------------------------------------offsetTop:12"
        RenderBR {BR} at (326,110) size 0x0
        RenderText {#text} at (0,114) size 326x19
          text run at (0,114) width 326: "-------------------------------------------------offsetTop:10"
        RenderBR {BR} at (326,129) size 0x0
        RenderText {#text} at (0,133) size 318x19
          text run at (0,133) width 318: "-------------------------------------------------offsetTop:8"
        RenderBR {BR} at (318,148) size 0x0
        RenderText {#text} at (0,152) size 318x19
          text run at (0,152) width 318: "-------------------------------------------------offsetTop:0"
layer at (8,8) size 160x160
  RenderBlock (positioned) {DIV} at (8,8) size 160x160 [border: (5px solid #008000)]
layer at (23,23) size 100x100
  RenderBlock (relative positioned) {DIV} at (15,15) size 100x100 [border: (13px solid #0000FF)]
    RenderBlock {DIV} at (25,25) size 50x23 [border: (2px solid #FF0000)]
      RenderText {#text} at (2,2) size 18x19
        text run at (2,2) width 18: "jee"
