KRenderingPaintServer {id="" [type=LINEAR-GRADIENT] [stops=[(0.00,#800000), (1.00,#FF0000)]] [start=(0,0)] [end=(1,0)]}
layer at (0,0) size 800x600
  RenderView at (0,0) size 800x600
    RenderSVGContainer {svg} at (-0.50,-0.50) size 301x201
      RenderPath {circle} at (100,50) size 100x100 [fill={[type=SOLID] [color=#FF0000]}] [data="M200.00,100.00L199.90,103.14L199.61,106.27L199.11,109.37L198.43,112.43L197.55,115.45L196.49,118.41L195.24,121.29L193.82,124.09L192.22,126.79L190.45,129.39L188.53,131.87L186.45,134.23L184.23,136.45L181.87,138.53L179.39,140.45L176.79,142.22L174.09,143.82L171.29,145.24L168.41,146.49L165.45,147.55L162.43,148.43L159.37,149.11L156.27,149.61L153.14,149.90L150.00,150.00L146.86,149.90L143.73,149.61L140.63,149.11L137.57,148.43L134.55,147.55L131.59,146.49L128.71,145.24L125.91,143.82L123.21,142.22L120.61,140.45L118.13,138.53L115.77,136.45L113.55,134.23L111.47,131.87L109.55,129.39L107.78,126.79L106.18,124.09L104.76,121.29L103.51,118.41L102.45,115.45L101.57,112.43L100.89,109.37L100.39,106.27L100.10,103.14L100.00,100.00L100.10,96.86L100.39,93.73L100.89,90.63L101.57,87.57L102.45,84.55L103.51,81.59L104.76,78.71L106.18,75.91L107.78,73.21L109.55,70.61L111.47,68.13L113.55,65.77L115.77,63.55L118.13,61.47L120.61,59.55L123.21,57.78L125.91,56.18L128.71,54.76L131.59,53.51L134.55,52.45L137.57,51.57L140.63,50.89L143.73,50.39L146.86,50.10L150.00,50.00L153.14,50.10L156.27,50.39L159.37,50.89L162.43,51.57L165.45,52.45L168.41,53.51L171.29,54.76L174.09,56.18L176.79,57.78L179.39,59.55L181.87,61.47L184.23,63.55L186.45,65.77L188.53,68.13L190.45,70.61L192.22,73.21L193.82,75.91L195.24,78.71L196.49,81.59L197.55,84.55L198.43,87.57L199.11,90.63L199.61,93.73L199.90,96.86"]
      RenderPath {rect} at (-0.50,-0.50) size 301x201 [stroke={[type=SOLID] [color=#0000FF]}] [fill={[type=SOLID] [color=#000000]}] [data="M0.00,0.00L300.00,0.00L300.00,200.00L0.00,200.00"]
      RenderSVGText {text} at (10,30) size 800x23 [color=#0000FF]
        RenderSVGInlineText {#text} at (0,-18) size 193x23
          text run at (0,-18) width 193: "There should be a black"
      RenderSVGText {text} at (10,60) size 800x23 [color=#0000FF]
        RenderSVGInlineText {#text} at (0,-18) size 170x23
          text run at (0,-18) width 170: "rectangle with a blue"
      RenderSVGText {text} at (10,90) size 800x23 [color=#0000FF]
        RenderSVGInlineText {#text} at (0,-18) size 161x23
          text run at (0,-18) width 161: "border on this page."
