layer at (0,0) size 800x600
  RenderView at (0,0) size 800x600
layer at (0,0) size 800x462
  RenderBlock {HTML} at (0,0) size 800x462
    RenderBody {BODY} at (8,14) size 784x434
      RenderBlock {P} at (0,0) size 784x16
        RenderText {#text} at (0,0) size 485x16
          text run at (0,0) width 485: "The following two columns should be pixel perfect identical with no red visible."
      RenderTable {TABLE} at (0,30) size 78x374 [border: (3px solid #000000)]
        RenderTableSection {TBODY} at (3,3) size 72x368
          RenderTableRow {TR} at (0,0) size 72x368
            RenderTableCell {TD} at (0,0) size 36x368 [bgcolor=#FFA500] [r=0 c=0 rs=1 cs=1]
            RenderTableCell {TD} at (36,0) size 36x368 [bgcolor=#FFA500] [r=0 c=1 rs=1 cs=1]
              RenderBlock {DIV} at (0,50) size 36x268 [bgcolor=#0000FF]
                RenderBlock {DIV} at (0,0) size 36x56 [bgcolor=#FFFF00]
                  RenderText {#text} at (0,2) size 33x52
                    text run at (0,2) width 33: "A"
                RenderBlock {DIV} at (0,106) size 36x56 [bgcolor=#00FF00]
                  RenderText {#text} at (0,2) size 33x52
                    text run at (0,2) width 33: "B"
                RenderBlock {DIV} at (0,212) size 36x56 [bgcolor=#00FFFF]
                  RenderText {#text} at (0,2) size 36x52
                    text run at (0,2) width 36: "C"
      RenderBlock {P} at (0,418) size 784x16
        RenderText {#text} at (0,0) size 261x16
          text run at (0,0) width 261: "This test is meaningless if you don't pass "
        RenderInline {A} at (0,0) size 51x16 [color=#0000EE]
          RenderText {#text} at (261,0) size 51x16
            text run at (261,0) width 51: "test 006"
        RenderText {#text} at (312,0) size 3x16
          text run at (312,0) width 3: "."
layer at (11,97) size 36x268
  RenderBlock (relative positioned) {DIV} at (0,50) size 36x268 [bgcolor=#0000FF]
layer at (11,97) size 36x56
  RenderBlock (relative positioned) {DIV} at (0,0) size 36x56 [bgcolor=#FF0000]
layer at (11,97) size 36x56
  RenderBlock (relative positioned) {DIV} at (0,0) size 36x56
layer at (11,97) size 36x56
  RenderBlock (relative positioned) {DIV} at (0,0) size 36x56 [bgcolor=#FFFF00]
    RenderText {#text} at (0,2) size 33x52
      text run at (0,2) width 33: "A"
layer at (11,203) size 36x56
  RenderBlock (relative positioned) {DIV} at (0,106) size 36x56 [bgcolor=#FF0000]
layer at (11,203) size 36x56
  RenderBlock (relative positioned) {DIV} at (0,0) size 36x56 [bgcolor=#00FF00]
    RenderBlock (anonymous) at (0,0) size 36x56
      RenderText {#text} at (0,2) size 33x52
        text run at (0,2) width 33: "B"
layer at (11,309) size 36x56
  RenderBlock (relative positioned) {DIV} at (0,212) size 36x56 [bgcolor=#00FFFF]
    RenderText {#text} at (0,2) size 36x52
      text run at (0,2) width 36: "C"
