layer at (0,0) size 264x536
  RenderView at (0,0) size 96x26
layer at (0,0) size 264x536
  RenderBlock {HTML} at (0,0) size 96x536
    RenderBody {BODY} at (8,14) size 80x508
      RenderBlock {P} at (0,0) size 80x144
        RenderText {#text} at (0,0) size 80x144
          text run at (0,0) width 72: "The square"
          text run at (0,16) width 41: "should"
          text run at (0,32) width 60: "consist of"
          text run at (0,48) width 70: "exactly five"
          text run at (0,64) width 79: "equal bands,"
          text run at (0,80) width 80: "orange, lime,"
          text run at (0,96) width 48: "orange,"
          text run at (0,112) width 42: "yellow,"
          text run at (0,128) width 48: "orange."
      RenderTable {TABLE} at (0,158) size 256x256 [bgcolor=#FFA500] [border: (3px solid #000000)]
        RenderTableSection {TBODY} at (3,3) size 250x250
          RenderTableRow {TR} at (0,0) size 250x250
            RenderTableCell {TD} at (0,0) size 50x250 [r=0 c=0 rs=1 cs=1]
              RenderBlock {DIV} at (0,50) size 50x50 [bgcolor=#00FF00]
              RenderBlock {DIV} at (0,150) size 50x50 [bgcolor=#FFFF00]
            RenderTableCell {TD} at (50,0) size 50x250 [r=0 c=1 rs=1 cs=1]
              RenderBlock {DIV} at (0,50) size 50x50 [bgcolor=#00FF00]
              RenderBlock {DIV} at (0,150) size 50x50 [bgcolor=#FFFF00]
            RenderTableCell {TD} at (100,0) size 50x250 [r=0 c=2 rs=1 cs=1]
              RenderBlock {DIV} at (0,50) size 50x50 [bgcolor=#00FF00]
              RenderBlock {DIV} at (0,150) size 50x50 [bgcolor=#FFFF00]
            RenderTableCell {TD} at (150,0) size 50x250 [r=0 c=3 rs=1 cs=1]
              RenderBlock {DIV} at (0,50) size 50x50 [bgcolor=#00FF00]
              RenderBlock {DIV} at (0,150) size 50x50 [bgcolor=#FFFF00]
            RenderTableCell {TD} at (200,0) size 50x250 [r=0 c=4 rs=1 cs=1]
              RenderBlock {DIV} at (0,50) size 50x50 [bgcolor=#00FF00]
              RenderBlock {DIV} at (0,150) size 50x50 [bgcolor=#FFFF00]
      RenderBlock {P} at (0,428) size 80x80
        RenderText {#text} at (0,0) size 79x64
          text run at (0,0) width 68: "This test is"
          text run at (0,16) width 79: "meaningless"
          text run at (0,32) width 68: "if you don't"
          text run at (0,48) width 34: "pass "
        RenderInline {A} at (0,0) size 57x32 [color=#0000EE]
          RenderText {#text} at (34,48) size 57x32
            text run at (34,48) width 23: "test"
            text run at (0,64) width 24: "006"
        RenderText {#text} at (24,64) size 3x16
          text run at (24,64) width 3: "."
