layer at (0,0) size 114x520
  RenderView at (0,0) size 96x26
layer at (0,0) size 114x520
  RenderBlock {HTML} at (0,0) size 96x520
    RenderBody {BODY} at (8,14) size 80x492
      RenderBlock {P} at (0,0) size 80x128
        RenderText {#text} at (0,0) size 77x128
          text run at (0,0) width 25: "The"
          text run at (0,16) width 55: "following"
          text run at (0,32) width 77: "two columns"
          text run at (0,48) width 60: "should be"
          text run at (0,64) width 77: "pixel perfect"
          text run at (0,80) width 52: "identical"
          text run at (0,96) width 70: "with no red"
          text run at (0,112) width 41: "visible."
      RenderTable {TABLE} at (0,142) size 106x256 [bgcolor=#FF0000] [border: (3px solid #000000)]
        RenderTableSection {TBODY} at (3,3) size 100x250
          RenderTableRow {TR} at (0,0) size 100x250
            RenderTableCell {TD} at (0,0) size 50x250 [r=0 c=0 rs=1 cs=1]
              RenderBlock {DIV} at (0,0) size 50x200 [bgcolor=#FFA500]
                RenderBlock {DIV} at (0,0) size 50x50 [bgcolor=#FFFF00]
                RenderBlock {DIV} at (0,100) size 50x0 [bgcolor=#FF0000]
                RenderBlock {DIV} at (0,150) size 50x50 [bgcolor=#00FFFF]
            RenderTableCell {TD} at (50,0) size 50x250 [r=0 c=1 rs=1 cs=1]
              RenderBlock {DIV} at (0,0) size 50x50 [border: (50px solid #FFFF00) none]
              RenderBlock {DIV} at (0,50) size 50x100 [border: (100px solid #FFA500) none]
              RenderBlock {DIV} at (0,150) size 50x50 [border: (50px solid #00FFFF) none]
              RenderBlock {DIV} at (0,200) size 50x50 [border: (50px solid #00FF00) none]
      RenderBlock {P} at (0,412) size 80x80
        RenderText {#text} at (0,0) size 79x64
          text run at (0,0) width 68: "This test is"
          text run at (0,16) width 79: "meaningless"
          text run at (0,32) width 68: "if you don't"
          text run at (0,48) width 34: "pass "
        RenderInline {A} at (0,0) size 57x32 [color=#0000EE]
          RenderText {#text} at (34,48) size 57x32
            text run at (34,48) width 23: "test"
            text run at (0,64) width 24: "006"
        RenderText {#text} at (24,64) size 3x16
          text run at (24,64) width 3: "."
layer at (11,359) size 50x50
  RenderBlock (positioned) {DIV} at (11,359) size 50x50 [bgcolor=#00FF00]
