layer at (0,0) size 96x400
  RenderView at (0,0) size 96x26
layer at (0,0) size 96x400
  RenderBlock {HTML} at (0,0) size 96x400
    RenderBody {BODY} at (8,14) size 80x378
      RenderBlock {P} at (0,0) size 80x208
        RenderText {#text} at (0,0) size 78x160
          text run at (0,0) width 25: "The"
          text run at (0,16) width 55: "following"
          text run at (0,32) width 67: "box should"
          text run at (0,48) width 46: "contain"
          text run at (0,64) width 44: "exactly"
          text run at (0,80) width 78: "three bands,"
          text run at (0,96) width 70: "one yellow,"
          text run at (0,112) width 76: "one orange,"
          text run at (0,128) width 52: "and one"
          text run at (0,144) width 57: "lime, with"
        RenderInline {STRONG} at (0,0) size 72x48
          RenderText {#text} at (0,160) size 72x48
            text run at (0,160) width 72: "absolutely"
            text run at (0,176) width 45: "no red"
            text run at (0,192) width 45: "visible"
        RenderText {#text} at (45,192) size 3x16
          text run at (45,192) width 3: "."
      RenderTable {TABLE} at (0,222) size 80x156 [bgcolor=#FF0000] [border: (3px solid #000000)]
        RenderTableSection {TBODY} at (3,3) size 74x150
          RenderTableRow {TR} at (0,0) size 74x150
            RenderTableCell {TD} at (0,0) size 37x150 [r=0 c=0 rs=1 cs=1]
              RenderBlock {DIV} at (0,0) size 37x150 [bgcolor=#FFA500]
                RenderBlock {DIV} at (0,0) size 37x50 [bgcolor=#FF0000]
                  RenderBlock {DIV} at (0,0) size 37x50 [bgcolor=#FFFF00]
                RenderBlock {DIV} at (0,100) size 37x50 [bgcolor=#00FF00]
            RenderTableCell {TD} at (37,0) size 37x150 [r=0 c=1 rs=1 cs=1]
              RenderBlock {DIV} at (0,0) size 37x50 [border: (50px solid #FFFF00) none]
              RenderBlock {DIV} at (0,50) size 37x50 [border: (50px solid #FFA500) none]
              RenderBlock {DIV} at (0,100) size 37x50 [border: (50px solid #00FF00) none]
