layer at (0,0) size 96x258
  RenderView at (0,0) size 96x26
layer at (0,0) size 96x258
  RenderBlock {HTML} at (0,0) size 96x258
    RenderBody {BODY} at (8,14) size 80x230
      RenderBlock {P} at (0,0) size 80x64
        RenderText {#text} at (0,0) size 80x64
          text run at (0,0) width 38: "There"
          text run at (0,16) width 80: "should be no"
          text run at (0,32) width 67: "red on this"
          text run at (0,48) width 35: "page."
      RenderTable {TABLE} at (0,78) size 80x106 [bgcolor=#FF0000] [border: (3px solid #000000)]
        RenderTableSection {TBODY} at (3,3) size 74x100
          RenderTableRow {TR} at (0,0) size 74x100
            RenderTableCell {TD} at (0,0) size 24x100 [r=0 c=0 rs=1 cs=1]
              RenderBlock {DIV} at (0,0) size 24x55 [bgcolor=#00FF00]
                RenderBlock {DIV} at (0,0) size 24x50
              RenderBlock {DIV} at (0,55) size 24x45 [bgcolor=#00FF00]
            RenderTableCell {TD} at (24,0) size 25x100 [r=0 c=1 rs=1 cs=1]
              RenderBlock {DIV} at (0,0) size 25x50 [bgcolor=#00FF00]
                RenderBlock {DIV} at (0,0) size 25x50
              RenderBlock {DIV} at (0,50) size 25x50 [bgcolor=#00FF00]
            RenderTableCell {TD} at (49,0) size 25x100 [r=0 c=2 rs=1 cs=1]
              RenderBlock {DIV} at (0,0) size 25x45 [bgcolor=#00FF00]
                RenderBlock {DIV} at (0,0) size 25x50
              RenderBlock {DIV} at (0,45) size 25x55 [bgcolor=#00FF00]
      RenderBlock {P} at (0,198) size 80x32
        RenderText {#text} at (0,0) size 58x16
          text run at (0,0) width 58: "See also:"
        RenderInline {A} at (0,0) size 74x16 [color=#0000EE]
          RenderText {#text} at (0,16) size 74x16
            text run at (0,16) width 74: "prerequisite"
        RenderText {#text} at (74,16) size 3x16
          text run at (74,16) width 3: "."
