layer at (0,0) size 96x126
  RenderView at (0,0) size 96x26
layer at (0,0) size 96x126
  RenderBlock {HTML} at (0,0) size 96x126
    RenderBody {BODY} at (8,14) size 80x104
      RenderBlock {P} at (0,0) size 80x48
        RenderText {#text} at (0,0) size 80x48
          text run at (0,0) width 38: "There"
          text run at (0,16) width 80: "should be no"
          text run at (0,32) width 64: "red below."
      RenderBlock {DIV} at (0,62) size 80x42 [bgcolor=#FF0000] [border: (14px solid #00FF00) none (14px solid #00FF00) none]
        RenderBlock {DIV} at (0,14) size 80x14 [border: (14px solid #FF0000) none]
        RenderBlock {DIV} at (0,14) size 80x14 [border: (14px solid #00FF00) none]
