layer at (0,0) size 470x142
  RenderView at (0,0) size 96x26
layer at (0,0) size 470x142
  RenderBlock {HTML} at (0,0) size 96x142
    RenderBody {BODY} at (8,8) size 80x126
      RenderBlock (anonymous) at (0,0) size 80x16
        RenderInline {DIV} at (0,0) size 462x16 [color=#FFFFFF] [bgcolor=#FF0000]
          RenderText {#text} at (0,1) size 462x16
            text run at (0,1) width 462: "Ahem_font_required_for_this_test."
        RenderText {#text} at (0,0) size 0x0
      RenderBlock {P} at (0,30) size 80x48
        RenderText {#text} at (0,0) size 80x48
          text run at (0,0) width 38: "There"
          text run at (0,16) width 80: "should be no"
          text run at (0,32) width 64: "red below."
      RenderBlock {DIV} at (0,92) size 76x34 [bgcolor=#FF0000] [border: (3px solid #000000)]
        RenderBlock {P} at (3,3) size 70x0 [color=#00FF00]
          RenderText {#text} at (0,-1) size 70x16
            text run at (0,-1) width 70: "XXXXX"
        RenderBlock {P} at (3,17) size 70x14 [bgcolor=#00FF00]
