layer at (0,0) size 470x318
  RenderView at (0,0) size 96x26
layer at (0,0) size 470x318
  RenderBlock {HTML} at (0,0) size 96x318
    RenderBody {BODY} at (8,8) size 80x270
      RenderBlock (anonymous) at (0,0) size 80x16
        RenderInline {DIV} at (0,0) size 462x16 [color=#FFFFFF] [bgcolor=#FF0000]
          RenderText {#text} at (0,1) size 462x16
            text run at (0,1) width 462: "Ahem_font_required_for_this_test."
        RenderText {#text} at (0,0) size 0x0
      RenderBlock {P} at (0,30) size 80x80
        RenderText {#text} at (0,0) size 72x80
          text run at (0,0) width 38: "There"
          text run at (0,16) width 72: "should be a"
          text run at (0,32) width 65: "big square"
          text run at (0,48) width 51: "green H"
          text run at (0,64) width 39: "below:"
      RenderBlock {DIV} at (40,150) size 120x120 [bgcolor=#008000]
        RenderBlock {DIV} at (40,0) size 40x40 [color=#FFFFFF]
          RenderText {#text} at (0,0) size 40x41
            text run at (0,0) width 40: "X"
        RenderBlock {DIV} at (40,80) size 40x40 [color=#FFFFFF]
          RenderText {#text} at (0,0) size 40x41
            text run at (0,0) width 40: "X"
