layer at (0,0) size 800x600
  RenderView at (0,0) size 800x600
layer at (0,0) size 800x80
  RenderBlock {HTML} at (0,0) size 800x80
    RenderBody {BODY} at (8,14) size 784x58
      RenderBlock {P} at (0,0) size 784x16
        RenderText {#text} at (0,0) size 190x16
          text run at (0,0) width 190: "There should be no red below."
      RenderBlock {DIV} at (0,30) size 784x28 [bgcolor=#FF0000] [border: (14px solid #00FF00)]
        RenderBlock {DIV} at (14,28) size 756x0
          RenderBlock {DIV} at (0,0) size 756x0
          RenderBlock {DIV} at (0,0) size 756x0
        RenderBlock {DIV} at (14,14) size 756x0
          RenderBlock {DIV} at (0,0) size 756x0
          RenderBlock {DIV} at (0,0) size 756x0
