layer at (0,0) size 800x600
  RenderView at (0,0) size 800x600
layer at (0,0) size 800x152
  RenderBlock {HTML} at (0,0) size 800x152
    RenderBody {BODY} at (8,70) size 784x74
      RenderBlock {DIV} at (0,0) size 784x14 [color=#FF0000]
        RenderText {#text} at (0,-1) size 45x16
          text run at (0,-1) width 45: "XXXXX"
      RenderBlock {P} at (0,28) size 784x16
        RenderText {#text} at (0,0) size 192x16
          text run at (0,0) width 192: "There should be no red above."
      RenderBlock (anonymous) at (0,58) size 784x16
        RenderInline {DIV} at (0,0) size 217x16 [color=#FFFFFF] [bgcolor=#FF0000]
          RenderText {#text} at (0,0) size 217x16
            text run at (0,0) width 217: "Ahem_font_required_for_this_test."
        RenderText {#text} at (0,0) size 0x0
        RenderText {#text} at (0,0) size 0x0
        RenderText {#text} at (0,0) size 0x0
layer at (8,70) size 45x15
  RenderBlock (positioned) {DIV} at (0,0) size 45x14 [color=#008000]
    RenderText {#text} at (0,-1) size 45x16
      text run at (0,-1) width 45: "XXXXX"
