layer at (0,0) size 470x184
  RenderView at (0,0) size 96x26
layer at (0,0) size 470x184
  RenderBlock {HTML} at (0,0) size 96x184
    RenderBody {BODY} at (8,70) size 80x106
      RenderBlock {DIV} at (0,0) size 80x14 [color=#FF0000]
        RenderText {#text} at (0,-1) size 70x16
          text run at (0,-1) width 70: "XXXXX"
      RenderBlock {P} at (0,28) size 80x48
        RenderText {#text} at (0,0) size 80x48
          text run at (0,0) width 38: "There"
          text run at (0,16) width 80: "should be no"
          text run at (0,32) width 66: "red above."
      RenderBlock (anonymous) at (0,90) size 80x16
        RenderInline {DIV} at (0,0) size 462x16 [color=#FFFFFF] [bgcolor=#FF0000]
          RenderText {#text} at (0,1) size 462x16
            text run at (0,1) width 462: "Ahem_font_required_for_this_test."
        RenderText {#text} at (0,0) size 0x0
        RenderText {#text} at (0,0) size 0x0
        RenderText {#text} at (0,0) size 0x0
layer at (8,70) size 70x15
  RenderBlock (positioned) {DIV} at (0,0) size 70x14 [color=#008000]
    RenderText {#text} at (0,-1) size 70x16
      text run at (0,-1) width 70: "XXXXX"
