layer at (0,0) size 96x146
  RenderView at (0,0) size 96x26
layer at (0,0) size 96x146
  RenderBlock {HTML} at (0,0) size 96x146
    RenderBody {BODY} at (8,14) size 80x124
      RenderBlock {P} at (0,0) size 80x48
        RenderText {#text} at (0,0) size 80x48
          text run at (0,0) width 38: "There"
          text run at (0,16) width 80: "should be no"
          text run at (0,32) width 64: "red below."
      RenderBlock {DIV} at (0,76) size 80x48 [bgcolor=#FF0000]
        RenderBlock {DIV} at (0,0) size 80x48
          RenderBlock {DIV} at (0,0) size 80x48
            RenderBlock {DIV} at (0,0) size 80x48 [color=#FFFFFF] [bgcolor=#008000]
              RenderText {#text} at (0,0) size 60x48
                text run at (0,0) width 53: "This line"
                text run at (0,16) width 60: "should be"
                text run at (0,32) width 40: "green."
