layer at (0,0) size 800x600
  RenderView at (0,0) size 800x600
layer at (0,0) size 800x82
  RenderBlock {HTML} at (0,0) size 800x82
    RenderBody {BODY} at (8,14) size 784x60
      RenderBlock {P} at (0,0) size 784x16
        RenderText {#text} at (0,0) size 190x16
          text run at (0,0) width 190: "There should be no red below."
      RenderBlock {DIV} at (0,44) size 784x16 [bgcolor=#FF0000]
        RenderBlock {DIV} at (0,0) size 784x16
          RenderBlock {DIV} at (0,0) size 784x16
            RenderBlock {DIV} at (0,0) size 784x16 [color=#FFFFFF] [bgcolor=#008000]
              RenderText {#text} at (0,0) size 161x16
                text run at (0,0) width 161: "This line should be green."
