layer at (0,0) size 800x600
  RenderView at (0,0) size 800x600
layer at (0,0) size 800x600
  RenderBlock {HTML} at (0,0) size 800x600
    RenderBody {BODY} at (8,8) size 784x584 [color=#FFFFFF]
      RenderBlock {DIV} at (0,0) size 784x31 [bgcolor=#008000] [border: (1px solid #000000) none]
        RenderBlock {P} at (0,0) size 784x16
          RenderText {#text} at (0,0) size 396x16
            text run at (0,0) width 396: "This div should be 2em tall with a 1em gap underneath the text."
      RenderBlock {DIV} at (0,31) size 784x16 [bgcolor=#008000]
        RenderText {#text} at (0,0) size 398x16
          text run at (0,0) width 398: "I should also be green and flush with the other green div above."
