layer at (0,0) size 309x83
  RenderView at (0,0) size 96x26
layer at (0,0) size 96x83
  RenderBlock {HTML} at (0,0) size 96x83 [border: (1px solid #C0C0C0)]
    RenderBody {BODY} at (1,15) size 94x53
      RenderBlock (floating) {DIV} at (14,0) size 294x30 [bgcolor=#00FFFF]
        RenderText {#text} at (7,7) size 45x16
          text run at (7,7) width 45: "FLOAT"
      RenderBlock {DIV} at (14,0) size 66x53 [bgcolor=#FFFF00]
        RenderText {#text} at (7,30) size 47x16
          text run at (7,30) width 47: "BLOCK"
