layer at (0,0) size 309x76
  RenderView at (0,0) size 96x26
layer at (0,0) size 96x76
  RenderBlock {HTML} at (0,0) size 96x76 [border: (1px solid #C0C0C0)]
    RenderBody {BODY} at (1,1) size 94x60
      RenderBlock (floating) {DIV} at (14,0) size 294x30 [bgcolor=#00FFFF]
        RenderText {#text} at (7,7) size 45x16
          text run at (7,7) width 45: "FLOAT"
      RenderBlock {DIV} at (14,30) size 66x30 [bgcolor=#FFFF00]
        RenderText {#text} at (7,7) size 47x16
          text run at (7,7) width 47: "BLOCK"
