layer at (0,0) size 96x324
  RenderView at (0,0) size 96x26
layer at (0,0) size 96x324
  RenderBlock {HTML} at (0,0) size 96x324
    RenderBody {BODY} at (8,14) size 80x296
      RenderBlock {P} at (0,0) size 80x64
        RenderText {#text} at (0,0) size 80x64
          text run at (0,0) width 38: "There"
          text run at (0,16) width 80: "should be no"
          text run at (0,32) width 67: "red on this"
          text run at (0,48) width 35: "page."
      RenderTable {TABLE} at (0,78) size 80x156 [bgcolor=#FF0000] [border: (3px solid #000000)]
        RenderTableSection {TBODY} at (3,3) size 74x150
          RenderTableRow {TR} at (0,0) size 74x150
            RenderTableCell {TD} at (0,0) size 37x150 [bgcolor=#FF0000] [r=0 c=0 rs=1 cs=1]
              RenderBlock {DIV} at (0,0) size 37x50
                RenderBlock {DIV} at (0,0) size 37x150 [bgcolor=#00FFFF]
              RenderBlock {DIV} at (0,50) size 37x50 [bgcolor=#FFFF00]
            RenderTableCell {TD} at (37,0) size 37x150 [bgcolor=#FF0000] [r=0 c=1 rs=1 cs=1]
              RenderBlock {DIV} at (0,0) size 37x50 [border: (50px solid #00FFFF) none]
              RenderBlock {DIV} at (0,50) size 37x50 [border: (50px solid #FFFF00) none]
              RenderBlock {DIV} at (0,100) size 37x50 [border: (50px solid #00FFFF) none]
      RenderBlock {P} at (0,248) size 80x48
        RenderText {#text} at (0,0) size 55x16
          text run at (0,0) width 55: "See also"
        RenderInline {A} at (0,0) size 51x16 [color=#0000EE]
          RenderText {#text} at (0,16) size 51x16
            text run at (0,16) width 51: "test 019"
        RenderText {#text} at (51,16) size 3x16
          text run at (51,16) width 3: ","
        RenderInline {A} at (0,0) size 51x16 [color=#0000EE]
          RenderText {#text} at (0,32) size 51x16
            text run at (0,32) width 51: "test 020"
        RenderText {#text} at (51,32) size 3x16
          text run at (51,32) width 3: "."
