layer at (0,0) size 148x234
  RenderView at (0,0) size 96x26
layer at (0,0) size 148x234
  RenderBlock {HTML} at (0,0) size 96x234
    RenderBody {BODY} at (8,14) size 80x212
      RenderBlock {P} at (0,0) size 80x80
        RenderText {#text} at (0,0) size 76x80
          text run at (0,0) width 25: "The"
          text run at (0,16) width 55: "following"
          text run at (0,32) width 76: "two squares"
          text run at (0,48) width 60: "should be"
          text run at (0,64) width 55: "identical."
      RenderTable {TABLE} at (0,94) size 140x118
        RenderTableSection {TBODY} at (0,0) size 140x118
          RenderTableRow {TR} at (0,14) size 140x90
            RenderTableCell {TD} at (14,14) size 90x90 [bgcolor=#FF0000] [r=0 c=0 rs=1 cs=1]
              RenderBlock {DIV} at (0,0) size 90x90 [bgcolor=#FFFF00] [border: (3px solid #000000)]
                RenderBlock {DIV} at (3,31) size 84x0 [bgcolor=#FF0000]
                RenderBlock (floating) {DIV} at (3,31) size 42x28 [bgcolor=#FFA500]
                RenderBlock {DIV} at (3,31) size 84x0 [bgcolor=#FF0000]
                RenderBlock {DIV} at (3,59) size 84x28 [border: (28px solid #FFA500) none]
            RenderTableCell {TD} at (118,14) size 8x90 [bgcolor=#FF0000] [r=0 c=1 rs=1 cs=1]
              RenderTable {TABLE} at (0,0) size 8x90 [border: (3px solid #000000)]
                RenderTableSection {TBODY} at (3,3) size 2x84
                  RenderTableRow {TR} at (0,0) size 2x28
                    RenderTableCell {TD} at (0,14) size 2x0 [bgcolor=#FFFF00] [r=0 c=0 rs=1 cs=2]
                  RenderTableRow {TR} at (0,28) size 2x28
                    RenderTableCell {TD} at (0,42) size 1x0 [bgcolor=#FFA500] [r=1 c=0 rs=1 cs=1]
                    RenderTableCell {TD} at (1,42) size 1x0 [bgcolor=#FFFF00] [r=1 c=1 rs=1 cs=1]
                  RenderTableRow {TR} at (0,56) size 2x28
                    RenderTableCell {TD} at (0,70) size 2x0 [bgcolor=#FFA500] [r=2 c=0 rs=1 cs=2]
