layer at (0,0) size 96x406
  RenderView at (0,0) size 96x26
layer at (0,0) size 96x406
  RenderBlock {HTML} at (0,0) size 96x406
    RenderBody {BODY} at (8,14) size 80x378
      RenderBlock {P} at (0,0) size 80x64
        RenderText {#text} at (0,0) size 80x64
          text run at (0,0) width 38: "There"
          text run at (0,16) width 80: "should be no"
          text run at (0,32) width 67: "red on this"
          text run at (0,48) width 35: "page."
      RenderTable {TABLE} at (0,78) size 80x206 [bgcolor=#FF0000] [border: (3px solid #000000)]
        RenderTableSection {TBODY} at (3,3) size 74x200
          RenderTableRow {TR} at (0,0) size 74x200
            RenderTableCell {TD} at (0,0) size 37x200 [bgcolor=#FFA500] [r=0 c=0 rs=1 cs=1]
              RenderBlock {DIV} at (0,0) size 37x50 [bgcolor=#FF0000]
                RenderBlock {DIV} at (0,0) size 37x150 [bgcolor=#00FFFF]
              RenderBlock {DIV} at (0,50) size 37x50 [bgcolor=#FFFF00]
            RenderTableCell {TD} at (37,0) size 37x200 [bgcolor=#FF0000] [r=0 c=1 rs=1 cs=1]
              RenderBlock {DIV} at (0,0) size 37x50 [bgcolor=#FFA500] [border: (50px solid #00FFFF) none]
              RenderBlock {DIV} at (0,50) size 37x50 [border: (50px solid #FFFF00) none]
              RenderBlock {DIV} at (0,100) size 37x50 [border: (50px solid #00FFFF) none]
              RenderBlock {DIV} at (0,150) size 37x50 [border: (50px solid #FFA500) none]
      RenderBlock {P} at (0,298) size 80x80
        RenderText {#text} at (0,0) size 70x64
          text run at (0,0) width 68: "This test is"
          text run at (0,16) width 70: "irrelevant if"
          text run at (0,32) width 57: "you don't"
          text run at (0,48) width 34: "pass "
        RenderInline {A} at (0,0) size 57x32 [color=#0000EE]
          RenderText {#text} at (34,48) size 57x32
            text run at (34,48) width 23: "test"
            text run at (0,64) width 24: "056"
        RenderText {#text} at (24,64) size 3x16
          text run at (24,64) width 3: "."
