layer at (0,0) size 290x69
  RenderView at (0,0) size 96x26
layer at (0,0) size 96x49 layerType: background only
layer at (10,13) size 280x56
  RenderBlock (positioned) zI: -1 {DIV} at (10,13) size 280x56 [color=#FFFF00] [bgcolor=#FF0000]
    RenderText zI: -1 {#text} at (0,0) size 29x16
      text run at (0,0) width 29: "FAIL"
layer at (0,0) size 96x49 layerType: foreground only
  RenderBlock {HTML} at (0,0) size 96x49
    RenderBody {BODY} at (10,2) size 76x1
      RenderBlock {DIV} at (2,0) size 72x1
        RenderBlock {DIV} at (20,11) size 32x0
          RenderBlock {DIV} at (0,0) size 32x0
      RenderBlock (floating) {DIV} at (0,11) size 280x56 [color=#FFFFFF] [bgcolor=#008000]
        RenderText {#text} at (0,0) size 171x16
          text run at (0,0) width 171: "This block should be green."
      RenderBlock {DIV} at (50,47) size 0x0
