layer at (0,0) size 403x501
  RenderView at (0,0) size 96x26
layer at (0,0) size 403x501
  RenderBlock {HTML} at (0,0) size 96x501
    RenderBody {BODY} at (8,8) size 80x485
      RenderBlock {DIV} at (0,0) size 385x485
        RenderImage {IMG} at (0,0) size 395x275
        RenderBlock {H2} at (0,315) size 385x24
          RenderText {#text} at (0,0) size 320x23
            text run at (0,0) width 320: "This text should be on line one."
        RenderBlock (anonymous) at (0,356) size 385x32
          RenderText {#text} at (0,0) size 379x32
            text run at (0,0) width 261: "This text should be on the following lines. "
            text run at (261,0) width 118: "These lines should"
            text run at (0,16) width 74: "not overlap."
        RenderBlock {H2} at (0,428) size 385x24
          RenderText {#text} at (0,0) size 202x23
            text run at (0,0) width 202: "Here's what's weird."
        RenderBlock (anonymous) at (0,469) size 385x16
          RenderText {#text} at (0,0) size 136x16
            text run at (0,0) width 136: "The problem persists!"
