layer at (0,0) size 403x355
  RenderView at (0,0) size 96x26
layer at (0,0) size 403x355
  RenderBlock {HTML} at (0,0) size 96x355
    RenderBody {BODY} at (8,8) size 80x339
      RenderBlock {DIV} at (0,0) size 385x339
        RenderBlock {P} at (0,0) size 385x36 [border: (2px solid #0000FF)]
          RenderText {#text} at (2,2) size 368x32
            text run at (2,2) width 368: "There should be only 2em between this paragraph and the"
            text run at (2,18) width 81: "image below."
        RenderImage {IMG} at (0,64) size 395x275
