layer at (0,0) size 800x1709
  RenderView at (0,0) size 800x600
layer at (0,0) size 800x1709
  RenderBlock {HTML} at (0,0) size 800x1709
    RenderBody {BODY} at (8,20) size 784x1669 [bgcolor=#A6A972]
      RenderBlock {DIV} at (91,0) size 602x1669 [bgcolor=#FDFDE9] [border: (1px solid #000000)]
        RenderBlock {DIV} at (1,31) size 600x70
        RenderBlock {DIV} at (1,114) size 600x1483
          RenderBlock {P} at (20,0) size 560x80 [color=#333333]
            RenderText {#text} at (0,2) size 517x35
              text run at (0,2) width 517: "We are trying to understand how UVic students perform Shakespeare related research for"
              text run at (0,22) width 263: "classes as well as for their own interest. The "
            RenderInline {A} at (0,0) size 175x15
              RenderText {#text} at (263,22) size 175x15
                text run at (263,22) width 175: "Internet Shakespeare Editions"
            RenderText {#text} at (438,22) size 559x55
              text run at (438,22) width 120: " are being developed"
              text run at (0,42) width 215: "for students as well as Shakespeare "
              text run at (215,42) width 344: "scholars world wide to better understand the man, his plays"
              text run at (0,62) width 148: "and our interpretations of "
              text run at (148,62) width 33: "them."
          RenderBlock {P} at (20,93) size 560x20 [color=#333333]
            RenderText {#text} at (0,2) size 451x15
              text run at (0,2) width 451: "Please take the time to carefully review and complete the following questions."
          RenderBlock {FORM} at (20,138) size 560x1311
            RenderBlock {H2} at (0,0) size 560x16 [color=#333333]
              RenderText {#text} at (0,0) size 190x16
                text run at (0,0) width 190: "PERSONAL INFORMATION"
            RenderBlock (floating) {SPAN} at (0,26) size 325x20 [color=#333333]
              RenderText {#text} at (0,2) size 70x15
                text run at (0,2) width 70: "Your Name*"
            RenderTextControl {INPUT} at (325,26) size 186x22 [bgcolor=#FFFFFF] [border: (2px inset #000000)]
            RenderBlock (floating) {SPAN} at (0,50) size 325x20 [color=#333333]
              RenderText {#text} at (0,2) size 121x15
                text run at (0,2) width 121: "Your e-mail address*"
            RenderTextControl {INPUT} at (325,50) size 186x22 [bgcolor=#FFFFFF] [border: (2px inset #000000)]
            RenderBlock (floating) {SPAN} at (0,74) size 325x20 [color=#333333]
              RenderText {#text} at (0,2) size 126x15
                text run at (0,2) width 126: "Your degree program*"
            RenderMenuList {SELECT} at (325,74) size 180x18 [bgcolor=#FFFFFF] [border: (1px solid #000000)]
              RenderBlock (anonymous) at (1,1) size 178x16
                RenderText at (0,0) size 104x16
                  text run at (0,0) width 104: "Program options"
            RenderBlock (floating) {SPAN} at (0,94) size 325x20 [color=#333333]
              RenderText {#text} at (0,2) size 112x15
                text run at (0,2) width 112: "Your year of study*"
            RenderMenuList {SELECT} at (325,94) size 180x18 [bgcolor=#FFFFFF] [border: (1px solid #000000)]
              RenderBlock (anonymous) at (1,1) size 178x16
                RenderText at (0,0) size 149x16
                  text run at (0,0) width 149: "Years you've been here"
            RenderBlock (floating) {SPAN} at (0,114) size 325x20 [color=#333333]
              RenderText {#text} at (0,2) size 161x15
                text run at (0,2) width 161: "Shakespeare classes taken"
            RenderMenuList {SELECT} at (325,114) size 180x18 [bgcolor=#FFFFFF] [border: (1px solid #000000)]
              RenderBlock (anonymous) at (1,1) size 178x16
                RenderText at (0,0) size 87x16
                  text run at (0,0) width 87: "Number taken"
            RenderBlock {P} at (0,145) size 560x20 [color=#333333]
              RenderText {#text} at (0,2) size 150x15
                text run at (0,2) width 150: "* indicates a required field"
            RenderBlock {H2} at (0,190) size 560x16 [color=#333333]
              RenderText {#text} at (0,0) size 284x16
                text run at (0,0) width 284: "SHAKESPEARE RESEARCH QUESTIONS"
            RenderBlock (floating) {SPAN} at (0,216) size 325x20 [color=#333333]
              RenderText {#text} at (0,2) size 320x15
                text run at (0,2) width 320: "What percentage of your research time is spent online?"
            RenderMenuList {SELECT} at (325,216) size 180x18 [bgcolor=#FFFFFF] [border: (1px solid #000000)]
              RenderBlock (anonymous) at (1,1) size 178x16
                RenderText at (0,0) size 126x16
                  text run at (0,0) width 126: "Percentages of time"
            RenderBlock (floating) {SPAN} at (0,236) size 325x20 [color=#333333]
              RenderText {#text} at (0,2) size 298x35
                text run at (0,2) width 298: "What is holding you back from doing more research"
                text run at (0,22) width 41: "online?"
            RenderMenuList {SELECT} at (325,236) size 180x18 [bgcolor=#FFFFFF] [border: (1px solid #000000)]
              RenderBlock (anonymous) at (1,1) size 178x16
                RenderText at (0,0) size 56x16
                  text run at (0,0) width 56: "Reasons"
            RenderBlock (floating) {SPAN} at (0,256) size 325x20 [color=#333333]
              RenderText {#text} at (0,2) size 220x15
                text run at (0,2) width 220: "Your research is primarily focused on:"
            RenderBlock {SPAN} at (325,256) size 180x21 [color=#333333]
              RenderBlock {INPUT} at (2,2) size 13x13 [color=#000000] [bgcolor=#C0C0C0]
              RenderText {#text} at (17,3) size 33x15
                text run at (17,3) width 33: "Texts"
            RenderBlock {SPAN} at (325,277) size 180x21 [color=#333333]
              RenderBlock {INPUT} at (2,2) size 13x13 [color=#000000] [bgcolor=#C0C0C0]
              RenderText {#text} at (17,3) size 131x15
                text run at (17,3) width 131: "Performance materials"
            RenderBlock {SPAN} at (325,298) size 180x21 [color=#333333]
              RenderBlock {INPUT} at (2,2) size 13x13 [color=#000000] [bgcolor=#C0C0C0]
              RenderText {#text} at (17,3) size 18x15
                text run at (17,3) width 18: "n/a"
            RenderBlock {H2} at (0,344) size 560x16 [color=#333333]
              RenderText {#text} at (0,0) size 347x16
                text run at (0,0) width 347: "INTERNET SHAKESPEARE EDITIONS QUESTIONS"
            RenderBlock (floating) {SPAN} at (0,370) size 325x20 [color=#333333]
              RenderText {#text} at (0,2) size 314x15
                text run at (0,2) width 314: "Have you used UVic's Internet Shakespeare Editions?"
            RenderBlock {SPAN} at (325,370) size 180x21 [color=#333333]
              RenderText {#text} at (0,3) size 23x15
                text run at (0,3) width 23: "Yes"
              RenderBlock {INPUT} at (25,2) size 13x13 [color=#000000] [bgcolor=#C0C0C0]
              RenderText {#text} at (40,3) size 20x15
                text run at (40,3) width 4: " "
                text run at (44,3) width 16: "No"
              RenderBlock {INPUT} at (62,2) size 13x13 [color=#000000] [bgcolor=#C0C0C0]
              RenderText {#text} at (0,0) size 0x0
            RenderBlock {P} at (0,404) size 560x20 [color=#333333]
              RenderText {#text} at (0,2) size 371x15
                text run at (0,2) width 371: "-- If you answered no to this question, skip to the next section --"
            RenderBlock (floating) {SPAN} at (0,437) size 325x20 [color=#333333]
              RenderText {#text} at (0,2) size 278x15
                text run at (0,2) width 278: "Which area of the ISE did you find most useful?"
            RenderMenuList {SELECT} at (325,437) size 180x18 [bgcolor=#FFFFFF] [border: (1px solid #000000)]
              RenderBlock (anonymous) at (1,1) size 178x16
                RenderText at (0,0) size 120x16
                  text run at (0,0) width 120: "Sections of the ISE"
            RenderBlock (floating) {SPAN} at (0,457) size 325x20 [color=#333333]
              RenderText {#text} at (0,2) size 251x15
                text run at (0,2) width 251: "How did you find the navigation of the ISE?"
            RenderMenuList {SELECT} at (325,457) size 180x18 [bgcolor=#FFFFFF] [border: (1px solid #000000)]
              RenderBlock (anonymous) at (1,1) size 178x16
                RenderText at (0,0) size 104x16
                  text run at (0,0) width 104: "Level of difficulty"
            RenderBlock (floating) {SPAN} at (0,477) size 325x20 [color=#333333]
              RenderText {#text} at (0,2) size 214x15
                text run at (0,2) width 214: "Please describe your use of the ISE."
            RenderTextControl {TEXTAREA} at (0,500) size 502x102 [bgcolor=#FFFFFF] [border: (1px solid #000000)]
            RenderBlock {H2} at (0,627) size 560x16 [color=#333333]
              RenderText {#text} at (0,0) size 274x16
                text run at (0,0) width 274: "TOOLS IN DEVELOPMENT QUESTIONS"
            RenderBlock {P} at (0,656) size 560x60 [color=#333333]
              RenderText {#text} at (0,2) size 544x55
                text run at (0,2) width 444: "We are in the process of both making new material available and developing "
                text run at (444,2) width 100: "new tools to view"
                text run at (0,22) width 348: "and extrapolate information from Shakespeare's works. The "
                text run at (348,22) width 156: "following images are visual"
                text run at (0,42) width 336: "representations of some of the ideas being thrown around."
            RenderBlock {P} at (0,729) size 560x20 [color=#333333]
              RenderText {#text} at (0,2) size 332x15
                text run at (0,2) width 332: "Please review them carefully and provide feedback below"
            RenderBlock (floating) {SPAN} at (0,762) size 325x20 [color=#333333]
              RenderText {#text} at (0,2) size 147x15
                text run at (0,2) width 147: "Your comments on Fig. 1"
            RenderTextControl {TEXTAREA} at (0,782) size 502x102 [bgcolor=#FFFFFF] [border: (1px solid #000000)]
            RenderBlock (floating) {SPAN} at (0,889) size 325x20 [color=#333333]
              RenderText {#text} at (0,2) size 147x15
                text run at (0,2) width 147: "Your comments on Fig. 2"
            RenderTextControl {TEXTAREA} at (0,909) size 502x102 [bgcolor=#FFFFFF] [border: (1px solid #000000)]
            RenderBlock (floating) {SPAN} at (0,1016) size 325x20 [color=#333333]
              RenderText {#text} at (0,2) size 147x15
                text run at (0,2) width 147: "Your comments on Fig. 3"
            RenderTextControl {TEXTAREA} at (0,1036) size 502x102 [bgcolor=#FFFFFF] [border: (1px solid #000000)]
            RenderBlock {H2} at (0,1163) size 560x16 [color=#333333]
              RenderText {#text} at (0,0) size 133x16
                text run at (0,0) width 133: "OTHER FEEDBACK"
            RenderBlock (floating) {SPAN} at (0,1189) size 325x20 [color=#333333]
              RenderText {#text} at (0,2) size 218x15
                text run at (0,2) width 218: "Please enter any other thoughts here."
            RenderTextControl {TEXTAREA} at (0,1209) size 502x102 [bgcolor=#FFFFFF] [border: (1px solid #000000)]
          RenderBlock {P} at (20,1463) size 560x20 [color=#333333]
            RenderText {#text} at (0,2) size 223x15
              text run at (0,2) width 223: "Thank you for your time filling this out."
        RenderBlock {DIV} at (1,1617) size 600x51 [border: (1px dashed #A6A972) none]
          RenderBlock {SPAN} at (0,16) size 600x20 [color=#333333]
            RenderText {#text} at (244,2) size 112x15
              text run at (244,2) width 112: "\x{A9}2003 Kevin Davis"
layer at (448,301) size 180x16
  RenderBlock {DIV} at (3,3) size 180x16
layer at (448,325) size 180x16
  RenderBlock {DIV} at (3,3) size 180x16
layer at (121,773) size 500x100
  RenderBlock {DIV} at (1,1) size 500x100
layer at (121,1055) size 500x100
  RenderBlock {DIV} at (1,1) size 500x100
layer at (121,1182) size 500x100
  RenderBlock {DIV} at (1,1) size 500x100
layer at (121,1309) size 500x100
  RenderBlock {DIV} at (1,1) size 500x100
layer at (121,1482) size 500x100
  RenderBlock {DIV} at (1,1) size 500x100
