layer at (0,0) size 916x290
  RenderView at (0,0) size 96x26
layer at (0,0) size 916x290
  RenderBlock {HTML} at (0,0) size 96x290
    RenderBody {BODY} at (8,8) size 80x274
      RenderBlock {DIV} at (0,0) size 80x274 [border: (2px solid #0000FF)]
        RenderBlock (anonymous) at (2,2) size 76x224
          RenderText {#text} at (0,0) size 76x208
            text run at (0,0) width 67: "Resize the"
            text run at (0,16) width 50: "window."
            text run at (0,32) width 67: "Red boxes"
            text run at (0,48) width 69: "below must"
            text run at (0,64) width 20: "not"
            text run at (0,80) width 53: "overflow"
            text run at (0,96) width 75: "the blue box"
            text run at (0,112) width 74: "(or window)"
            text run at (0,128) width 56: "from the "
            text run at (56,128) width 19: "left"
            text run at (0,144) width 76: "side, though"
            text run at (0,160) width 57: "they may"
            text run at (0,176) width 53: "overflow"
            text run at (0,192) width 63: "from right."
          RenderBR {BR} at (63,205) size 0x0
          RenderBR {BR} at (0,208) size 0x16
        RenderTable {TABLE} at (2,226) size 906x26 [border: (2px solid #FF0000)]
          RenderTableSection {TBODY} at (2,2) size 902x22
            RenderTableRow {TR} at (0,2) size 902x18
              RenderTableCell {TD} at (2,2) size 898x18 [r=0 c=0 rs=1 cs=1]
                RenderText {#text} at (1,1) size 896x16
                  text run at (1,1) width 450: "Blabla blah. Blabla blah. Blabla blah. Blabla blah. Blabla blah. Blabla blah. "
                  text run at (451,1) width 446: "Blabla blah. Blabla blah. Blabla blah. Blabla blah. Blabla blah. Blabla blah."
        RenderBlock {DIV} at (2,252) size 904x20 [border: (2px solid #FF0000)]
          RenderText {#text} at (2,2) size 446x16
            text run at (2,2) width 446: "Blabla blah. Blabla blah. Blabla blah. Blabla blah. Blabla blah. Blabla blah."
