layer at (0,0) size 118x2474
  RenderView at (0,0) size 96x26
layer at (0,0) size 96x2474
  RenderBlock {HTML} at (0,0) size 96x2474
    RenderBody {BODY} at (8,8) size 80x2458
      RenderBlock {SPAN} at (0,0) size 80x196
        RenderBlock (floating) {DIV} at (0,0) size 100x100 [bgcolor=#00FF00]
          RenderText {#text} at (0,0) size 84x48
            text run at (0,0) width 84: "This is a float"
            text run at (0,16) width 81: "that is 100px"
            text run at (0,32) width 30: "high."
        RenderText {#text} at (0,100) size 66x96
          text run at (0,100) width 27: "This"
          text run at (0,116) width 66: "paragraph"
          text run at (0,132) width 35: "has a"
          text run at (0,148) width 42: "bottom"
          text run at (0,164) width 59: "margin of"
          text run at (0,180) width 34: "50px."
      RenderBlock {SPAN} at (0,246) size 80x0
      RenderBlock {SPAN} at (0,246) size 80x80
        RenderText {#text} at (0,0) size 74x80
          text run at (0,0) width 54: "This text"
          text run at (0,16) width 60: "should be"
          text run at (0,32) width 74: "immediately"
          text run at (0,48) width 60: "under the"
          text run at (0,64) width 30: "float."
      RenderBlock {HR} at (0,333) size 80x2 [border: (1px inset #000000)]
      RenderBlock {SPAN} at (0,342) size 80x196
        RenderBlock (floating) {DIV} at (0,0) size 100x100 [bgcolor=#00FF00]
          RenderText {#text} at (0,0) size 84x48
            text run at (0,0) width 84: "This is a float"
            text run at (0,16) width 81: "that is 100px"
            text run at (0,32) width 30: "high."
        RenderText {#text} at (0,100) size 66x96
          text run at (0,100) width 27: "This"
          text run at (0,116) width 66: "paragraph"
          text run at (0,132) width 35: "has a"
          text run at (0,148) width 42: "bottom"
          text run at (0,164) width 59: "margin of"
          text run at (0,180) width 34: "50px."
      RenderBlock {SPAN} at (0,588) size 80x0
      RenderBlock {SPAN} at (0,588) size 80x64
        RenderText {#text} at (0,0) size 71x64
          text run at (0,0) width 54: "This text"
          text run at (0,16) width 60: "should be"
          text run at (0,32) width 71: "10px under"
          text run at (0,48) width 54: "the float."
      RenderBlock {HR} at (0,659) size 80x2 [border: (1px inset #000000)]
      RenderBlock {SPAN} at (0,668) size 80x196
        RenderBlock (floating) {DIV} at (0,0) size 100x100 [bgcolor=#00FF00]
          RenderText {#text} at (0,0) size 84x48
            text run at (0,0) width 84: "This is a float"
            text run at (0,16) width 81: "that is 100px"
            text run at (0,32) width 30: "high."
        RenderText {#text} at (0,100) size 66x96
          text run at (0,100) width 27: "This"
          text run at (0,116) width 66: "paragraph"
          text run at (0,132) width 35: "has a"
          text run at (0,148) width 42: "bottom"
          text run at (0,164) width 59: "margin of"
          text run at (0,180) width 34: "50px."
      RenderBlock {SPAN} at (0,914) size 80x0
      RenderBlock {SPAN} at (0,864) size 80x80
        RenderText {#text} at (0,0) size 74x80
          text run at (0,0) width 54: "This text"
          text run at (0,16) width 60: "should be"
          text run at (0,32) width 74: "immediately"
          text run at (0,48) width 60: "under the"
          text run at (0,64) width 30: "float."
      RenderBlock {HR} at (0,951) size 80x2 [border: (1px inset #000000)]
      RenderBlock {SPAN} at (0,960) size 80x196
        RenderBlock (floating) {DIV} at (0,0) size 100x100 [bgcolor=#00FF00]
          RenderText {#text} at (0,0) size 84x48
            text run at (0,0) width 84: "This is a float"
            text run at (0,16) width 81: "that is 100px"
            text run at (0,32) width 30: "high."
        RenderText {#text} at (0,100) size 66x96
          text run at (0,100) width 27: "This"
          text run at (0,116) width 66: "paragraph"
          text run at (0,132) width 35: "has a"
          text run at (0,148) width 42: "bottom"
          text run at (0,164) width 59: "margin of"
          text run at (0,180) width 34: "50px."
      RenderBlock {SPAN} at (0,1206) size 80x0
      RenderBlock {SPAN} at (0,1206) size 80x80
        RenderText {#text} at (0,0) size 74x80
          text run at (0,0) width 54: "This text"
          text run at (0,16) width 60: "should be"
          text run at (0,32) width 74: "immediately"
          text run at (0,48) width 60: "under the"
          text run at (0,64) width 30: "float."
      RenderBlock {HR} at (0,1293) size 80x2 [border: (1px inset #000000)]
      RenderBlock {SPAN} at (0,1302) size 80x196
        RenderBlock (floating) {DIV} at (0,0) size 100x100 [bgcolor=#00FF00]
          RenderText {#text} at (0,0) size 84x48
            text run at (0,0) width 84: "This is a float"
            text run at (0,16) width 81: "that is 100px"
            text run at (0,32) width 30: "high."
        RenderText {#text} at (0,100) size 66x96
          text run at (0,100) width 27: "This"
          text run at (0,116) width 66: "paragraph"
          text run at (0,132) width 35: "has a"
          text run at (0,148) width 42: "bottom"
          text run at (0,164) width 59: "margin of"
          text run at (0,180) width 34: "50px."
      RenderBlock {SPAN} at (0,1548) size 80x0
      RenderBlock {SPAN} at (0,1548) size 80x64
        RenderText {#text} at (0,0) size 71x64
          text run at (0,0) width 54: "This text"
          text run at (0,16) width 60: "should be"
          text run at (0,32) width 71: "10px under"
          text run at (0,48) width 54: "the float."
      RenderBlock {HR} at (0,1619) size 80x2 [border: (1px inset #000000)]
      RenderBlock {SPAN} at (0,1628) size 80x196
        RenderBlock (floating) {DIV} at (0,0) size 100x100 [bgcolor=#00FF00]
          RenderText {#text} at (0,0) size 84x48
            text run at (0,0) width 84: "This is a float"
            text run at (0,16) width 81: "that is 100px"
            text run at (0,32) width 30: "high."
        RenderText {#text} at (0,100) size 66x96
          text run at (0,100) width 27: "This"
          text run at (0,116) width 66: "paragraph"
          text run at (0,132) width 35: "has a"
          text run at (0,148) width 42: "bottom"
          text run at (0,164) width 59: "margin of"
          text run at (0,180) width 34: "50px."
      RenderBlock {SPAN} at (0,1844) size 80x0
      RenderBlock {SPAN} at (0,1844) size 80x80
        RenderText {#text} at (0,0) size 74x80
          text run at (0,0) width 54: "This text"
          text run at (0,16) width 60: "should be"
          text run at (0,32) width 74: "immediately"
          text run at (0,48) width 60: "under the"
          text run at (0,64) width 30: "float."
      RenderBlock {HR} at (0,1931) size 80x2 [border: (1px inset #000000)]
      RenderBlock {SPAN} at (0,1940) size 80x266 [border: (10px dotted #000000)]
        RenderBlock {SPAN} at (10,10) size 60x196
          RenderBlock (floating) {DIV} at (0,0) size 100x100 [bgcolor=#00FF00]
            RenderText {#text} at (0,0) size 84x48
              text run at (0,0) width 84: "This is a float"
              text run at (0,16) width 81: "that is 100px"
              text run at (0,32) width 30: "high."
          RenderText {#text} at (0,100) size 66x96
            text run at (0,100) width 27: "This"
            text run at (0,116) width 66: "paragraph"
            text run at (0,132) width 35: "has a"
            text run at (0,148) width 42: "bottom"
            text run at (0,164) width 59: "margin of"
            text run at (0,180) width 34: "50px."
        RenderBlock {SPAN} at (10,256) size 60x0
      RenderBlock {HR} at (0,2213) size 80x2 [border: (1px inset #000000)]
      RenderBlock {SPAN} at (0,2222) size 80x236 [border: (10px dotted #000000)]
        RenderBlock {SPAN} at (10,10) size 60x196
          RenderBlock (floating) {DIV} at (0,0) size 100x100 [bgcolor=#00FF00]
            RenderText {#text} at (0,0) size 84x48
              text run at (0,0) width 84: "This is a float"
              text run at (0,16) width 81: "that is 100px"
              text run at (0,32) width 30: "high."
          RenderText {#text} at (0,100) size 66x96
            text run at (0,100) width 27: "This"
            text run at (0,116) width 66: "paragraph"
            text run at (0,132) width 35: "has a"
            text run at (0,148) width 42: "bottom"
            text run at (0,164) width 59: "margin of"
            text run at (0,180) width 34: "50px."
        RenderBlock {SPAN} at (10,226) size 60x0
