layer at (0,0) size 96x112
  RenderView at (0,0) size 96x26
layer at (0,0) size 96x112
  RenderBlock {HTML} at (0,0) size 96x112
    RenderBody {BODY} at (8,14) size 80x90
      RenderBlock {P} at (0,0) size 80x48
        RenderText {#text} at (0,0) size 80x48
          text run at (0,0) width 38: "There"
          text run at (0,16) width 80: "should be no"
          text run at (0,32) width 64: "red below."
      RenderBlock {DIV} at (0,62) size 70x28 [bgcolor=#FF0000]
        RenderBlock {DIV} at (0,0) size 70x14 [bgcolor=#0000FF]
        RenderImage {IMG} at (0,14) size 70x14 [bgcolor=#FFFF00]
