layer at (0,0) size 800x600
  RenderCanvas at (0,0) size 800x600
layer at (0,0) size 800x64
  RenderBlock {HTML} at (0,0) size 800x64
    RenderBody {BODY} at (8,8) size 784x48
      RenderBlock (anonymous) at (0,0) size 784x0
        RenderInline {B} at (0,0) size 0x0
      RenderBlock (anonymous) at (0,0) size 784x0
      RenderBlock (anonymous) at (0,0) size 784x0
        RenderInline {B} at (0,0) size 0x0
      RenderBlock {P} at (0,0) size 784x17
        RenderInline {B} at (0,0) size 37x17
          RenderText {TEXT} at (0,0) size 37x17
            text run at (0,0) width 37: "Bold "
        RenderText {TEXT} at (37,0) size 60x17
          text run at (37,0) width 60: "Not bold"
      RenderBlock (anonymous) at (0,31) size 784x17
        RenderText {TEXT} at (0,0) size 97x17
          text run at (0,0) width 97: "Also not bold."
