layer at (0,0) size 800x600
  RenderCanvas at (0,0) size 800x600
layer at (0,0) size 800x204
  RenderBlock {HTML} at (0,0) size 800x204
    RenderBody {BODY} at (8,8) size 784x188
      RenderBlock (anonymous) at (0,0) size 784x18
        RenderInline {FONT} at (0,0) size 89x18 [color=#FF0000]
          RenderInline {I} at (0,0) size 89x18
            RenderText {TEXT} at (0,0) size 89x18
              text run at (0,0) width 89: "Italic and Red"
      RenderBlock (anonymous) at (0,18) size 784x0 [color=#FF0000]
      RenderBlock (anonymous) at (0,18) size 784x0
        RenderInline {FONT} at (0,0) size 0x0 [color=#FF0000]
          RenderInline {I} at (0,0) size 0x0
        RenderInline {I} at (0,0) size 0x0
      RenderBlock (anonymous) at (0,34) size 784x18
        RenderBlock {P} at (0,0) size 784x18
          RenderInline {FONT} at (0,0) size 93x18 [color=#FF0000]
            RenderText {TEXT} at (0,0) size 93x18
              text run at (0,0) width 93: "Italic and Red "
          RenderText {TEXT} at (93,0) size 64x18
            text run at (93,0) width 64: "Just italic."
      RenderBlock (anonymous) at (0,68) size 784x18
        RenderInline {I} at (0,0) size 67x18
          RenderText {TEXT} at (0,0) size 67x18
            text run at (0,0) width 67: "Italic only."
        RenderText {TEXT} at (67,0) size 36x18
          text run at (67,0) width 36: " Plain"
      RenderBlock {P} at (0,102) size 784x18
        RenderText {TEXT} at (0,0) size 126x18
          text run at (0,0) width 126: "I should not be red. "
        RenderInline {FONT} at (0,0) size 123x18 [color=#FF0000]
          RenderText {TEXT} at (126,0) size 34x18
            text run at (126,0) width 34: "Red. "
          RenderInline {I} at (0,0) size 89x18
            RenderText {TEXT} at (160,0) size 89x18
              text run at (160,0) width 89: "Italic and red."
      RenderBlock (anonymous) at (0,136) size 784x0
        RenderInline {FONT} at (0,0) size 0x0 [color=#FF0000]
          RenderInline {I} at (0,0) size 0x0
            RenderText {TEXT} at (0,0) size 0x0
      RenderBlock (anonymous) at (0,136) size 784x0 [color=#FF0000]
      RenderBlock (anonymous) at (0,136) size 784x0
        RenderInline {FONT} at (0,0) size 0x0 [color=#FF0000]
          RenderInline {I} at (0,0) size 0x0
      RenderBlock (anonymous) at (0,136) size 784x0 [color=#FF0000]
      RenderBlock (anonymous) at (0,136) size 784x0
        RenderInline {FONT} at (0,0) size 0x0 [color=#FF0000]
      RenderBlock {P} at (0,136) size 784x18
        RenderInline {FONT} at (0,0) size 123x18 [color=#FF0000]
          RenderInline {I} at (0,0) size 93x18
            RenderText {TEXT} at (0,0) size 93x18
              text run at (0,0) width 93: "Italic and red. "
          RenderText {TEXT} at (93,0) size 30x18
            text run at (93,0) width 30: "Red."
        RenderText {TEXT} at (123,0) size 126x18
          text run at (123,0) width 126: " I should not be red."
      RenderBlock (anonymous) at (0,170) size 784x18
        RenderInline {B} at (0,0) size 131x18
          RenderText {TEXT} at (0,0) size 36x18
            text run at (0,0) width 36: "Bold "
          RenderInline {I} at (0,0) size 95x18
            RenderText {TEXT} at (36,0) size 95x18
              text run at (36,0) width 95: "Bold and italic"
        RenderInline {I} at (0,0) size 75x18
          RenderText {TEXT} at (131,0) size 75x18
            text run at (131,0) width 75: " Only Italic "
        RenderText {TEXT} at (206,0) size 32x18
          text run at (206,0) width 32: "Plain"
