layer at (0,0) size 800x600
  RenderCanvas at (0,0) size 800x600
layer at (0,0) size 800x242
  RenderBlock {HTML} at (0,0) size 800x242
    RenderBody {BODY} at (8,8) size 784x218
      RenderBlock {P} at (0,0) size 784x54
        RenderInline {FONT} at (0,0) size 291x54
          RenderText {TEXT} at (0,0) size 291x54
            text run at (0,0) width 291: "First paragraph."
      RenderBlock (anonymous) at (0,70) size 784x0
        RenderInline {FONT} at (0,0) size 0x0
          RenderText {TEXT} at (0,0) size 0x0
      RenderBlock (anonymous) at (0,100) size 784x54
        RenderBlock {P} at (0,0) size 784x54
          RenderText {TEXT} at (0,0) size 341x54
            text run at (0,0) width 341: "Second paragraph."
      RenderBlock (anonymous) at (0,200) size 784x0
        RenderInline {FONT} at (0,0) size 0x0
        RenderText {TEXT} at (0,0) size 0x0
        RenderInline {B} at (0,0) size 0x0
      RenderBlock (anonymous) at (0,200) size 784x0
      RenderBlock (anonymous) at (0,200) size 784x0
        RenderInline {B} at (0,0) size 0x0
      RenderBlock {P} at (0,200) size 784x18
        RenderInline {B} at (0,0) size 97x18
          RenderInline {I} at (0,0) size 97x18
            RenderText {TEXT} at (0,0) size 97x18
              text run at (0,0) width 97: "Bold and Italic"
        RenderInline {I} at (0,0) size 36x18
          RenderText {TEXT} at (97,0) size 36x18
            text run at (97,0) width 36: " Italic"
      RenderBlock (anonymous) at (0,234) size 784x0
        RenderInline {I} at (0,0) size 0x0
