layer at (0,0) size 800x600
  RenderCanvas at (0,0) size 800x600
layer at (0,0) size 800x50
  RenderBlock {HTML} at (0,0) size 800x50
    RenderBody {BODY} at (8,8) size 784x34
      RenderBlock (anonymous) at (0,0) size 784x0
        RenderInline {LABEL} at (0,0) size 0x0
          RenderInline {A} at (0,0) size 0x0
      RenderBlock (anonymous) at (0,0) size 784x0
      RenderBlock (anonymous) at (0,0) size 784x0
        RenderInline {LABEL} at (0,0) size 0x0
          RenderInline {A} at (0,0) size 0x0
      RenderBlock (anonymous) at (0,0) size 784x34
        RenderBlock {DIV} at (0,0) size 784x34
          RenderBlock (anonymous) at (0,0) size 784x17
            RenderInline {A} at (0,0) size 35x17
              RenderText {TEXT} at (0,0) size 35x17
                text run at (0,0) width 35: "Hello"
          RenderBlock (anonymous) at (0,17) size 784x17
            RenderBlock {DIV} at (0,0) size 784x17
              RenderText {TEXT} at (0,0) size 40x17
                text run at (0,0) width 40: "World"
          RenderBlock (anonymous) at (0,34) size 784x0
            RenderInline {A} at (0,0) size 0x0
            RenderText {TEXT} at (0,0) size 0x0
      RenderBlock (anonymous) at (0,34) size 784x0
        RenderInline {LABEL} at (0,0) size 0x0
