layer at (0,0) size 800x600
  RenderCanvas at (0,0) size 800x600
layer at (0,0) size 800x41
  RenderBlock {HTML} at (0,0) size 800x41
    RenderBody {BODY} at (8,8) size 784x18
      RenderBlock {P} at (0,0) size 784x18
        RenderText {TEXT} at (0,0) size 32x18
          text run at (0,0) width 32: "Test"
layer at (250,50) size 264x61
  RenderBlock (positioned) {DIV} at (250,50) size 264x61
    RenderText {TEXT} at (22,22) size 220x17
      text run at (22,22) width 220: "I should be absolute positioned."
