layer at (0,0) size 800x600
  RenderCanvas at (0,0) size 800x600
layer at (0,0) size 800x64
  RenderBlock {HTML} at (0,0) size 800x64
    RenderBody {BODY} at (8,8) size 784x40
      RenderBlock (anonymous) at (0,0) size 784x18
        RenderText {TEXT} at (0,0) size 599x18
          text run at (0,0) width 282: "Random tests of some bizarre combinations. "
          text run at (282,0) width 317: "H2 should allow a form inside it, but p should not."
      RenderBlock (anonymous) at (0,18) size 784x0
        RenderText {TEXT} at (0,0) size 0x0
      RenderBlock {FORM} at (0,18) size 784x22
        RenderSelect {SELECT} at (2,2) size 39x18
        RenderText {TEXT} at (0,0) size 0x0
      RenderBlock {P} at (0,56) size 784x0
layer at (470,45) size 47x50
  RenderBlock (positioned) {H2} at (470,45) size 47x50 [border: (2px solid #008000)]
    RenderBlock {FORM} at (2,2) size 43x22
      RenderSelect {SELECT} at (2,2) size 39x18
      RenderText {TEXT} at (0,0) size 0x0
layer at (470,42) size 4x4
  RenderBlock (positioned) {P} at (470,42) size 4x4 [border: (2px solid #008000)]
