layer at (0,0) size 800x600
  RenderView at (0,0) size 800x600
layer at (0,0) size 800x600
  RenderBlock {HTML} at (0,0) size 800x600
    RenderBody {BODY} at (8,8) size 784x584 [color=#FF0000]
      RenderBlock {P} at (0,0) size 784x18
        RenderText {#text} at (0,0) size 227x18
          text run at (0,0) width 227: "Should say \x{201C}NOT TEST FAILED\x{201D}"
      RenderTable {DIV} at (0,34) size 39x36
        RenderTableSection (anonymous) at (0,0) size 39x36 [color=#000000]
          RenderTableRow (anonymous) at (0,0) size 39x36
            RenderTableCell (anonymous) at (0,0) size 39x36 [r=0 c=0 rs=1 cs=1]
              RenderBlock (anonymous) at (0,0) size 39x18
                RenderInline (generated) at (0,0) size 34x18 [color=#FF0000]
                  RenderText at (0,0) size 34x18
                    text run at (0,0) width 34: "NOT"
              RenderBlock {DIV} at (0,18) size 39x18 [color=#FF0000]
                RenderText {#text} at (0,0) size 39x18
                  text run at (0,0) width 39: "TEST"
      RenderBlock (anonymous) at (0,70) size 784x18
        RenderText {#text} at (0,0) size 58x18
          text run at (0,0) width 58: "FAILED"
        RenderText {#text} at (0,0) size 0x0
