layer at (0,0) size 800x600
  RenderView at (0,0) size 800x600
layer at (0,0) size 800x600
  RenderBlock {HTML} at (0,0) size 800x600
    RenderBody {BODY} at (8,8) size 784x584
      RenderBlock {P} at (0,0) size 784x64
        RenderText {#text} at (0,0) size 782x41
          text run at (0,0) width 782: "This test checks the renderer's ability to layer multiple cells in a table on top of one another. This test has three cells that span"
          text run at (0,21) width 183: "multiple table grid slots. The "
        RenderInline {SPAN} at (0,0) size 23x22 [color=#FF0000]
          RenderText {#text} at (183,20) size 23x22
            text run at (183,20) width 23: "red"
        RenderText {#text} at (206,21) size 376x20
          text run at (206,21) width 376: " cell starts at row 1 and column 4 and spans four rows. The "
        RenderInline {SPAN} at (0,0) size 29x22 [color=#0000FF]
          RenderText {#text} at (582,20) size 29x22
            text run at (582,20) width 29: "blue"
        RenderText {#text} at (611,21) size 760x42
          text run at (611,21) width 149: " cell starts at row 2, and"
          text run at (0,43) width 253: "column 1, and spans four columns. The "
        RenderInline {SPAN} at (0,0) size 38x22 [color=#008000]
          RenderText {#text} at (253,42) size 38x22
            text run at (253,42) width 38: "green"
        RenderText {#text} at (291,43) size 196x20
          text run at (291,43) width 196: " cell spans 4 columns of row 4."
      RenderBlock {P} at (0,80) size 784x40
        RenderText {#text} at (0,0) size 764x40
          text run at (0,0) width 764: "If the test succeeds then you should see no text inside the table. If you see the text 'FAIL' inside the table, then the test has"
          text run at (0,20) width 39: "failed."
      RenderTable {TABLE} at (0,136) size 188x108 [border: (1px outset #808080)]
        RenderTableSection {TBODY} at (1,1) size 186x106
          RenderTableRow {TR} at (0,2) size 186x24
            RenderTableCell {TD} at (2,2) size 44x24 [border: (1px inset #808080)] [r=0 c=0 rs=1 cs=1]
              RenderText {#text} at (2,2) size 16x20
                text run at (2,2) width 16: "    "
            RenderTableCell {TD} at (48,2) size 44x24 [border: (1px inset #808080)] [r=0 c=1 rs=1 cs=1]
              RenderText {#text} at (2,2) size 16x20
                text run at (2,2) width 16: "    "
            RenderTableCell {TD} at (94,2) size 44x24 [border: (1px inset #808080)] [r=0 c=2 rs=1 cs=1]
              RenderText {#text} at (2,2) size 16x20
                text run at (2,2) width 16: "    "
            RenderTableCell {TD} at (140,41) size 44x24 [bgcolor=#FF0000] [border: (1px inset #808080)] [r=0 c=3 rs=4 cs=1]
              RenderBlock {DIV} at (2,2) size 40x20
                RenderText {#text} at (0,0) size 40x20
                  text run at (0,0) width 40: "          "
          RenderTableRow {TR} at (0,28) size 186x24
            RenderTableCell {TD} at (2,28) size 182x24 [bgcolor=#0000FF] [border: (1px inset #808080)] [r=1 c=0 rs=1 cs=4]
              RenderBlock {DIV} at (2,2) size 178x20
                RenderText {#text} at (138,0) size 40x20
                  text run at (138,0) width 40: "          "
          RenderTableRow {TR} at (0,54) size 186x24
            RenderTableCell {TD} at (2,54) size 44x24 [border: (1px inset #808080)] [r=2 c=0 rs=1 cs=1]
              RenderText {#text} at (2,2) size 40x20
                text run at (2,2) width 40: "          "
            RenderTableCell {TD} at (48,54) size 44x24 [border: (1px inset #808080)] [r=2 c=1 rs=1 cs=1]
              RenderText {#text} at (2,2) size 40x20
                text run at (2,2) width 40: "          "
            RenderTableCell {TD} at (94,54) size 44x24 [border: (1px inset #808080)] [r=2 c=2 rs=1 cs=1]
              RenderText {#text} at (2,2) size 40x20
                text run at (2,2) width 40: "          "
          RenderTableRow {TR} at (0,80) size 186x24
            RenderTableCell {TD} at (2,80) size 182x24 [bgcolor=#008000] [border: (1px inset #808080)] [r=3 c=0 rs=1 cs=4]
              RenderBlock {DIV} at (2,2) size 178x20 [color=#008000]
                RenderText {#text} at (138,0) size 40x20
                  text run at (138,0) width 40: "FAIL "
