layer at (0,0) size 900x630
  RenderView at (0,0) size 784x584
layer at (0,0) size 784x630
  RenderBlock {HTML} at (0,0) size 784x630
    RenderFrameSet {FRAMESET} at (0,0) size 900x630
      RenderFrameSet {FRAMESET} at (0,0) size 900x150
        RenderFrame {FRAME} at (0,0) size 450x150
          layer at (0,0) size 450x150
            RenderView at (0,0) size 450x150
          layer at (0,0) size 450x150
            RenderBlock {HTML} at (0,0) size 450x150
              RenderBody {BODY} at (8,8) size 434x126 [bgcolor=#008000]
                RenderBlock {P} at (0,0) size 434x22
                  RenderText {#text} at (0,0) size 390x22
                    text run at (0,0) width 390: "A frameset flattening test that only works inside the DRT."
                RenderBlock {P} at (0,38) size 434x44
                  RenderText {#text} at (0,0) size 400x44
                    text run at (0,0) width 400: "This frame is inside frameset 1 and should be at least 450px"
                    text run at (0,22) width 254: "wide, 150px tall and not be scrollable."
          layer at (0,0) size 450x50
            RenderBlock (positioned) {DIV} at (0,0) size 450x50
        RenderFrame {FRAME} at (450,0) size 450x150
          layer at (0,0) size 450x150
            RenderView at (0,0) size 450x150
          layer at (0,0) size 450x150
            RenderBlock {HTML} at (0,0) size 450x150
              RenderBody {BODY} at (8,8) size 434x126 [bgcolor=#FF0000]
                RenderBlock {P} at (0,0) size 434x44
                  RenderText {#text} at (0,0) size 400x44
                    text run at (0,0) width 400: "This frame is inside frameset 1 and should be at least 450px"
                    text run at (0,22) width 254: "wide, 150px tall and not be scrollable."
          layer at (0,0) size 450x150
            RenderBlock (positioned) {DIV} at (0,0) size 450x150
      RenderFrameSet {FRAMESET} at (0,150) size 900x480
        RenderFrame {FRAME} at (0,0) size 450x480
          layer at (0,0) size 450x480
            RenderView at (0,0) size 450x480
          layer at (0,0) size 450x480
            RenderBlock {HTML} at (0,0) size 450x480
              RenderBody {BODY} at (8,8) size 434x456 [bgcolor=#FFFF00]
                RenderBlock {P} at (0,0) size 434x44
                  RenderText {#text} at (0,0) size 400x44
                    text run at (0,0) width 400: "This frame is inside frameset 2 and should be at least 450px"
                    text run at (0,22) width 254: "wide, 400px tall and not be scrollable."
          layer at (0,0) size 200x450
            RenderBlock (positioned) {DIV} at (0,0) size 200x450
        RenderFrame {FRAME} at (450,0) size 450x480
          layer at (0,0) size 450x480
            RenderView at (0,0) size 450x480
          layer at (0,0) size 450x480
            RenderBlock {HTML} at (0,0) size 450x480
              RenderBody {BODY} at (8,8) size 434x456 [bgcolor=#0000FF]
                RenderBlock {P} at (0,0) size 434x44
                  RenderText {#text} at (0,0) size 400x44
                    text run at (0,0) width 400: "This frame is inside frameset 2 and should be at least 450px"
                    text run at (0,22) width 254: "wide, 400px tall and not be scrollable."
          layer at (0,0) size 450x450
            RenderBlock (positioned) {DIV} at (0,0) size 450x450
