layer at (0,0) size 800x600
  RenderView at (0,0) size 800x600
layer at (0,0) size 800x600
  RenderBlock {HTML} at (0,0) size 800x600
    RenderBody {BODY} at (8,8) size 784x584
      RenderBlock {P} at (0,0) size 784x0
      RenderBlock {P} at (0,0) size 784x0
      RenderBlock {P} at (0,0) size 784x0
      RenderBlock {P} at (0,0) size 784x0
layer at (8,200) size 792x174
  RenderBlock (positioned) {DIV} at (8,200) size 792x174
    RenderBlock {P} at (0,16) size 792x44
      RenderText {#text} at (0,0) size 762x44
        text run at (0,0) width 481: "Test for iframe flattening, with three inner frames just outside the view "
        text run at (481,0) width 281: "and of the size 200x200 px, plus one inner"
        text run at (0,22) width 149: "frame is partly visible."
    RenderBlock {P} at (0,76) size 792x44
      RenderText {#text} at (0,0) size 780x44
        text run at (0,0) width 478: "This yellow, red and blue inner frames must remain offscreen, and the "
        text run at (478,0) width 302: "green inner frames should be of size 300x300"
        text run at (0,22) width 116: "(200x200 visible)."
    RenderBlock {P} at (0,136) size 792x22
      RenderText {#text} at (0,0) size 495x22
        text run at (0,0) width 495: "NOTE: The test only works in the DRT or with frame flattening enabled."
layer at (-100,-100) size 300x300 backgroundClip at (0,0) size 800x600 clip at (0,0) size 800x600 outlineClip at (0,0) size 800x600
  RenderPartObject {IFRAME} at (-100,-100) size 300x300
    layer at (0,0) size 300x300
      RenderView at (0,0) size 300x300
    layer at (0,0) size 300x300
      RenderBlock {HTML} at (0,0) size 300x300
        RenderBody {BODY} at (8,8) size 284x284 [bgcolor=#008000]
    layer at (0,0) size 300x300
      RenderBlock (positioned) {DIV} at (0,0) size 300x300
