layer at (0,0) size 800x600
  RenderView at (0,0) size 800x600
layer at (0,0) size 800x600
  RenderBlock {HTML} at (0,0) size 800x600
    RenderBody {BODY} at (8,8) size 784x584
      RenderBlock {P} at (0,0) size 784x19
        RenderText {#text} at (0,0) size 300x19
          text run at (0,0) width 300: "This tests RebalanceWhitespace's ability to Undo."
      RenderBlock {P} at (0,35) size 784x19
        RenderText {#text} at (0,0) size 310x19
          text run at (0,0) width 310: "You should see \"( this is a test. )\", minus the quotes."
      RenderBlock {HR} at (0,70) size 784x2 [border: (1px inset #000000)]
      RenderBlock {DIV} at (0,80) size 784x27 [border: (2px solid #FFAAAA)]
        RenderBlock {DIV} at (2,2) size 780x23 [border: (2px solid #AAAAFF)]
          RenderText {#text} at (2,2) size 91x19
            text run at (2,2) width 91: "( this is a test. )"
caret: position 18 of child 0 {#text} of child 1 {DIV} of child 7 {DIV} of body
