layer at (0,0) size 800x600
  RenderCanvas at (0,0) size 800x600
layer at (0,0) size 800x45
  RenderBlock {HTML} at (0,0) size 800x45
    RenderBody {BODY} at (8,14) size 784x17
      RenderBlock {P} at (0,0) size 784x17
        RenderText {TEXT} at (0,0) size 401x17
          text run at (0,0) width 401: "This page should have one square green block and no red."
layer at (8,56) size 70x70
  RenderBlock (positioned) {DIV} at (8,56) size 70x70 [bgcolor=#FF0000]
layer at (8,56) size 70x70
  RenderBlock (positioned) {DIV} at (8,56) size 70x70 [bgcolor=#008000]
    RenderBlock {DIV} at (35,70) size 0x0 [bgcolor=#FF0000]
