layer at (0,0) size 800x600
  RenderCanvas at (0,0) size 800x600
layer at (0,0) size 800x115
  RenderBlock {HTML} at (0,0) size 800x53
    RenderBody {BODY} at (8,14) size 784x101
      RenderBlock {P} at (0,0) size 784x17
        RenderText {TEXT} at (0,0) size 401x17
          text run at (0,0) width 401: "This page should have one square green block and no red."
      RenderBlock {DIV} at (0,31) size 70x70 [bgcolor=#FF0000]
      RenderBlock (floating) {DIV} at (0,31) size 70x70 [bgcolor=#008000]
        RenderBlock {DIV} at (35,70) size 0x0 [bgcolor=#FF0000]
