layer at (0,0) size 800x600
  RenderCanvas at (0,0) size 800x600
layer at (0,0) size 800x399
  RenderBlock {HTML} at (0,0) size 800x399
    RenderBody {BODY} at (8,8) size 784x383
      RenderBlock (anonymous) at (0,0) size 784x17
        RenderInline {DIV} at (0,0) size 462x14 [color=#FFFFFF] [bgcolor=#FF0000]
          RenderText {TEXT} at (0,3) size 462x14
            text run at (0,3) width 462: "Ahem_font_required_for_this_test."
        RenderText {TEXT} at (0,0) size 0x0
      RenderBlock {P} at (0,31) size 784x17
        RenderText {TEXT} at (0,0) size 542x17
          text run at (0,0) width 542: "The following two columns should be pixel perfect identical with no red visible."
      RenderTable {TABLE} at (0,62) size 106x256 [bgcolor=#FF0000]
        RenderTableSection {TBODY} at (3,3) size 0x250 [bgcolor=#000000]
          RenderTableRow {TR} at (0,0) size 0x0
            RenderTableCell {TD} at (0,0) size 50x250 [bgcolor=#FFA500] [r=0 c=0 rs=1 cs=1]
              RenderBlock {DIV} at (0,50) size 50x50 [color=#FFFF00] [bgcolor=#FF0000]
                RenderText {TEXT} at (0,0) size 50x50
                  text run at (0,0) width 50: "X"
              RenderBlock {DIV} at (0,150) size 50x50 [color=#00FF00] [bgcolor=#FF0000]
                RenderText {TEXT} at (0,0) size 50x50
                  text run at (0,0) width 50: "X"
            RenderTableCell {TD} at (50,0) size 50x250 [r=0 c=1 rs=1 cs=1]
              RenderBlock {DIV} at (0,0) size 50x50
              RenderBlock {DIV} at (0,50) size 50x50
              RenderBlock {DIV} at (0,100) size 50x50
              RenderBlock {DIV} at (0,150) size 50x50
              RenderBlock {DIV} at (0,200) size 50x50
      RenderBlock {P} at (0,332) size 784x17
        RenderText {TEXT} at (0,0) size 605x17
          text run at (0,0) width 605: "Control: This test is meaningless if you see any red below. (You should only see orange.)"
      RenderBlock {DIV} at (0,363) size 146x20 [bgcolor=#FF0000]
        RenderBlock {DIV} at (3,3) size 140x14 [bgcolor=#000000]
