layer at (0,0) size 800x600
  RenderCanvas at (0,0) size 800x600
layer at (0,0) size 800x196
  RenderBlock {HTML} at (0,0) size 800x196
    RenderBody {BODY} at (8,14) size 784x168
      RenderBlock {P} at (0,0) size 784x17
        RenderText {TEXT} at (0,0) size 665x17
          text run at (0,0) width 665: "The following square should contain exactly two bands, one yellow, one lime, with no red visible."
      RenderTable {TABLE} at (0,31) size 106x106 [bgcolor=#FF0000]
        RenderTableSection {TBODY} at (3,3) size 0x100 [bgcolor=#000000]
          RenderTableRow {TR} at (0,0) size 0x0
            RenderTableCell {TD} at (0,0) size 50x100 [r=0 c=0 rs=1 cs=1]
              RenderBlock {DIV} at (0,0) size 50x50 [bgcolor=#FF0000]
                RenderBlock {DIV} at (0,0) size 50x50 [bgcolor=#FFFF00]
              RenderBlock {DIV} at (0,50) size 50x50 [bgcolor=#00FF00]
            RenderTableCell {TD} at (50,0) size 50x100 [r=0 c=1 rs=1 cs=1]
              RenderBlock {DIV} at (0,0) size 50x50
              RenderBlock {DIV} at (0,50) size 50x50
      RenderBlock {P} at (0,151) size 784x17
        RenderText {TEXT} at (0,0) size 285x17
          text run at (0,0) width 285: "This test is meaningless if you don't pass "
        RenderInline {A} at (0,0) size 57x17 [color=#0000EE]
          RenderText {TEXT} at (285,0) size 57x17
            text run at (285,0) width 57: "test 018"
        RenderText {TEXT} at (342,0) size 5x17
          text run at (342,0) width 5: "."
