layer at (0,0) size 800x600
  RenderCanvas at (0,0) size 800x600
layer at (0,0) size 800x246
  RenderBlock {HTML} at (0,0) size 800x246
    RenderBody {BODY} at (8,14) size 784x218
      RenderBlock {P} at (0,0) size 784x17
        RenderText {TEXT} at (0,0) size 254x17
          text run at (0,0) width 254: "There should be no red on this page."
      RenderTable {TABLE} at (0,31) size 156x156 [bgcolor=#FF0000]
        RenderTableSection {TBODY} at (3,3) size 0x150 [bgcolor=#000000]
          RenderTableRow {TR} at (0,0) size 0x0
            RenderTableCell {TD} at (0,0) size 50x150 [r=0 c=0 rs=1 cs=1]
              RenderBlock {DIV} at (0,0) size 50x105 [bgcolor=#00FF00]
                RenderBlock {DIV} at (0,0) size 50x50
              RenderBlock {DIV} at (0,105) size 50x45 [bgcolor=#00FF00]
            RenderTableCell {TD} at (50,0) size 50x150 [r=0 c=1 rs=1 cs=1]
              RenderBlock {DIV} at (0,0) size 50x100 [bgcolor=#00FF00]
                RenderBlock {DIV} at (0,0) size 50x50
              RenderBlock {DIV} at (0,100) size 50x50 [bgcolor=#00FF00]
            RenderTableCell {TD} at (100,0) size 50x150 [r=0 c=2 rs=1 cs=1]
              RenderBlock {DIV} at (0,0) size 50x95 [bgcolor=#00FF00]
                RenderBlock {DIV} at (0,0) size 50x50
              RenderBlock {DIV} at (0,95) size 50x55 [bgcolor=#00FF00]
      RenderBlock {P} at (0,201) size 784x17
        RenderText {TEXT} at (0,0) size 65x17
          text run at (0,0) width 65: "See also: "
        RenderInline {A} at (0,0) size 82x17 [color=#0000EE]
          RenderText {TEXT} at (65,0) size 82x17
            text run at (65,0) width 82: "prerequisite"
        RenderText {TEXT} at (147,0) size 5x17
          text run at (147,0) width 5: "."
