layer at (0,0) size 800x600
  RenderCanvas at (0,0) size 800x600
layer at (0,0) size 800x218
  RenderBlock {HTML} at (0,0) size 800x218
    RenderBody {BODY} at (8,16) size 784x194
      RenderBlock {P} at (0,0) size 784x18
        RenderText {TEXT} at (0,0) size 295x18
          text run at (0,0) width 295: "The following two squares should be identical."
      RenderTable {TABLE} at (0,34) size 304x160
        RenderTableSection {TBODY} at (0,0) size 0x160
          RenderTableRow {TR} at (0,0) size 0x0
            RenderTableCell {TD} at (16,16) size 128x128 [bgcolor=#FF0000] [r=0 c=0 rs=1 cs=1]
              RenderBlock {DIV} at (0,0) size 128x128 [bgcolor=#00FF00]
                RenderBlock (floating) {DIV} at (0,0) size 64x64 [bgcolor=#00FFFF]
                RenderBlock (anonymous) at (0,0) size 128x0 [bgcolor=#000000]
                  RenderText {TEXT} at (0,0) size 0x0 [bgcolor=#00FF00]
                RenderBlock {DIV} at (0,64) size 128x0 [bgcolor=#FF0000]
                RenderBlock {DIV} at (0,64) size 128x64 [bgcolor=#000000]
            RenderTableCell {TD} at (160,16) size 128x128 [bgcolor=#FF0000] [r=0 c=1 rs=1 cs=1]
              RenderTable {TABLE} at (0,0) size 128x128 [bgcolor=#000000]
                RenderTableSection {TBODY} at (0,0) size 0x128
                  RenderTableRow {TR} at (0,0) size 0x0
                    RenderTableCell {TD} at (0,32) size 64x0 [bgcolor=#00FFFF] [r=0 c=0 rs=1 cs=1]
                    RenderTableCell {TD} at (64,32) size 64x0 [bgcolor=#00FF00] [r=0 c=1 rs=1 cs=1]
                  RenderTableRow {TR} at (0,0) size 0x0
                    RenderTableCell {TD} at (0,96) size 128x0 [bgcolor=#FFFF00] [r=1 c=0 rs=1 cs=2]
