layer at (0,0) size 800x600
  RenderCanvas at (0,0) size 800x600
layer at (0,0) size 800x106
  RenderBlock {HTML} at (0,0) size 800x106
    RenderBody {BODY} at (8,16) size 784x82
      RenderBlock {P} at (0,0) size 784x18
        RenderText {TEXT} at (0,0) size 193x18
          text run at (0,0) width 193: "There should be no red below."
      RenderBlock {DIV} at (0,34) size 784x48 [bgcolor=#FF0000]
        RenderBlock {DIV} at (0,16) size 784x16 [bgcolor=#000000]
        RenderBlock {DIV} at (0,16) size 784x16 [bgcolor=#000000]
