layer at (0,0) size 800x600
  RenderCanvas at (0,0) size 800x600
layer at (0,0) size 800x202
  RenderBlock {HTML} at (0,0) size 800x202
    RenderBody {BODY} at (8,16) size 784x178
      RenderBlock {P} at (0,0) size 784x18
        RenderText {TEXT} at (0,0) size 447x18
          text run at (0,0) width 447: "The following three rectangles should be identical, with no red present."
      RenderTable {TABLE} at (0,34) size 304x144
        RenderTableSection {TBODY} at (0,0) size 0x144
          RenderTableRow {TR} at (0,0) size 0x0
            RenderTableCell {TD} at (16,16) size 128x48 [bgcolor=#FF0000] [r=0 c=0 rs=1 cs=1]
              RenderBlock {DIV} at (0,0) size 128x48 [bgcolor=#FFFF00]
                RenderBlock {DIV} at (0,0) size 128x16 [bgcolor=#000000]
                RenderBlock {DIV} at (0,32) size 128x16 [bgcolor=#000000]
            RenderTableCell {TD} at (160,16) size 128x48 [bgcolor=#FF0000] [r=0 c=1 rs=1 cs=1]
              RenderBlock {DIV} at (0,0) size 128x16 [bgcolor=#00FF00]
              RenderBlock {DIV} at (0,16) size 128x16 [bgcolor=#FFFF00]
              RenderBlock {DIV} at (0,32) size 128x16 [bgcolor=#008000]
          RenderTableRow {TR} at (0,0) size 0x0
            RenderTableCell {TD} at (16,80) size 128x48 [bgcolor=#FF0000] [r=1 c=0 rs=1 cs=1]
              RenderBlock {DIV} at (0,0) size 128x16 [bgcolor=#00FF00]
              RenderBlock {DIV} at (0,16) size 128x16 [bgcolor=#FFFF00]
              RenderBlock {DIV} at (0,32) size 128x16 [bgcolor=#008000]
            RenderTableCell {TD} at (160,104) size 128x0 [r=1 c=1 rs=1 cs=1]
