layer at (0,0) size 800x600
  RenderCanvas at (0,0) size 800x600
layer at (0,0) size 800x81
  RenderBlock {HTML} at (0,0) size 800x81
    RenderBody {BODY} at (8,14) size 784x59
      RenderBlock {P} at (0,0) size 784x17
        RenderText {TEXT} at (0,0) size 209x17
          text run at (0,0) width 209: "There should be no red below."
      RenderBlock {DIV} at (0,31) size 784x28 [bgcolor=#FF0000]
        RenderBlock {DIV} at (14,28) size 756x0 [bgcolor=#000000]
          RenderBlock {DIV} at (0,0) size 756x0
          RenderBlock {DIV} at (0,0) size 756x0
        RenderBlock {DIV} at (14,14) size 756x0 [bgcolor=#000000]
          RenderBlock {DIV} at (0,0) size 756x0
          RenderBlock {DIV} at (0,0) size 756x0
