layer at (0,0) size 800x600
  RenderCanvas at (0,0) size 800x600
layer at (0,0) size 800x154
  RenderBlock {HTML} at (0,0) size 800x154
    RenderBody {BODY} at (8,70) size 784x76
      RenderBlock {DIV} at (0,0) size 784x14 [color=#FF0000]
        RenderText {TEXT} at (0,0) size 70x14
          text run at (0,0) width 70: "XXXXX"
      RenderBlock {P} at (0,28) size 784x17
        RenderText {TEXT} at (0,0) size 209x17
          text run at (0,0) width 209: "There should be no red above."
      RenderBlock (anonymous) at (0,59) size 784x17
        RenderInline {DIV} at (0,0) size 462x14 [color=#FFFFFF] [bgcolor=#FF0000]
          RenderText {TEXT} at (0,3) size 462x14
            text run at (0,3) width 462: "Ahem_font_required_for_this_test."
        RenderText {TEXT} at (0,0) size 0x0
        RenderText {TEXT} at (0,0) size 0x0
layer at (8,70) size 70x14
  RenderBlock (positioned) {DIV} at (0,0) size 70x14 [color=#008000]
    RenderText {TEXT} at (0,0) size 70x14
      text run at (0,0) width 70: "XXXXX"
