layer at (0,0) size 800x600
  RenderCanvas at (0,0) size 800x600
layer at (0,0) size 800x107
  RenderBlock {HTML} at (0,0) size 800x107
    RenderBody {BODY} at (8,14) size 784x85
      RenderBlock {P} at (0,0) size 784x17
        RenderText {TEXT} at (0,0) size 296x17
          text run at (0,0) width 296: "The two boxes below should look identical."
      RenderTable {TABLE} at (0,31) size 190x54
        RenderTableSection {TBODY} at (0,0) size 0x54
          RenderTableRow {TR} at (0,0) size 0x0
            RenderTableCell {TD} at (2,2) size 92x50 [r=0 c=0 rs=1 cs=1]
              RenderBlock {DIV} at (1,1) size 90x48 [bgcolor=#00FFFF]
                RenderBlock {DIV} at (3,3) size 84x14 [bgcolor=#FF00FF]
                RenderBlock {DIV} at (3,31) size 84x14 [bgcolor=#FF0000]
                  RenderBlock (floating) {DIV} at (0,0) size 42x14 [bgcolor=#FFA500]
                  RenderBlock (anonymous) at (0,0) size 84x0 [bgcolor=#000000]
                    RenderText {TEXT} at (0,0) size 0x0 [bgcolor=#FF0000]
                  RenderBlock {DIV} at (0,0) size 84x14 [bgcolor=#FFFF00]
            RenderTableCell {TD} at (96,2) size 92x50 [r=0 c=1 rs=1 cs=1]
              RenderBlock {DIV} at (1,1) size 90x48
                RenderBlock {DIV} at (3,3) size 84x14
                RenderBlock {DIV} at (3,17) size 84x14
                RenderBlock {DIV} at (3,31) size 84x14
