layer at (0,0) size 800x600
  RenderCanvas at (0,0) size 800x600
layer at (0,0) size 800x600
  RenderBlock {HTML} at (0,0) size 800x600
    RenderBody {BODY} at (8,8) size 784x584
      RenderBlock {DIV} at (0,0) size 385x411
        RenderBlock {DIV} at (0,0) size 385x36
          RenderText {TEXT} at (0,0) size 364x36
            text run at (0,0) width 364: "There should be no vertical space between the two blocks"
            text run at (0,18) width 43: "below."
        RenderBlock (floating) {DIV} at (0,36) size 100x100 [bgcolor=#008000]
        RenderImage {IMG} at (0,136) size 395x275 [bgcolor=#FFFF00]
