layer at (0,0) size 800x1691
  RenderCanvas at (0,0) size 800x600
layer at (0,0) size 800x1691
  RenderBlock {HTML} at (0,0) size 800x1691
    RenderBody {BODY} at (8,20) size 784x1651 [bgcolor=#A6A972]
      RenderBlock {DIV} at (91,0) size 602x1651 [bgcolor=#FDFDE9] [border: (1px solid #000000)]
        RenderBlock {DIV} at (1,31) size 600x70
        RenderBlock {DIV} at (1,114) size 600x1465
          RenderBlock {P} at (20,0) size 560x80 [color=#333333]
            RenderText {TEXT} at (0,2) size 520x40
              text run at (0,2) width 520: "We are trying to understand how UVic students perform Shakespeare related research for"
              text run at (0,22) width 265: "classes as well as for their own interest. The "
            RenderInline {A} at (0,0) size 173x16 [border: (1px dashed #333333) none]
              RenderText {TEXT} at (265,22) size 173x20
                text run at (265,22) width 173: "Internet Shakespeare Editions"
            RenderText {TEXT} at (438,22) size 560x60
              text run at (438,22) width 122: " are being developed"
              text run at (0,42) width 210: "for students as well as Shakespeare "
              text run at (210,42) width 349: "scholars world wide to better understand the man, his plays"
              text run at (0,62) width 155: "and our interpretations of "
              text run at (155,62) width 35: "them."
          RenderBlock {P} at (20,93) size 560x20 [color=#333333]
            RenderText {TEXT} at (0,2) size 463x20
              text run at (0,2) width 463: "Please take the time to carefully review and complete the following questions."
          RenderBlock {FORM} at (20,138) size 560x1291
            RenderBlock {H2} at (0,0) size 560x16 [color=#333333]
              RenderText {TEXT} at (0,0) size 201x16
                text run at (0,0) width 201: "PERSONAL INFORMATION"
            RenderBlock (floating) {SPAN} at (0,26) size 325x20 [color=#333333]
              RenderText {TEXT} at (0,2) size 68x20
                text run at (0,2) width 68: "Your Name*"
            RenderLineEdit {INPUT} at (325,26) size 180x19
            RenderBlock (floating) {SPAN} at (0,47) size 325x20 [color=#333333]
              RenderText {TEXT} at (0,2) size 120x20
                text run at (0,2) width 120: "Your e-mail address*"
            RenderLineEdit {INPUT} at (325,47) size 180x19
            RenderBlock (floating) {SPAN} at (0,68) size 325x20 [color=#333333]
              RenderText {TEXT} at (0,2) size 128x20
                text run at (0,2) width 128: "Your degree program*"
            RenderSelect {SELECT} at (325,68) size 180x18
            RenderBlock (floating) {SPAN} at (0,88) size 325x20 [color=#333333]
              RenderText {TEXT} at (0,2) size 110x20
                text run at (0,2) width 110: "Your year of study*"
            RenderSelect {SELECT} at (325,88) size 180x18
            RenderBlock (floating) {SPAN} at (0,108) size 325x20 [color=#333333]
              RenderText {TEXT} at (0,2) size 152x20
                text run at (0,2) width 152: "Shakespeare classes taken"
            RenderSelect {SELECT} at (325,108) size 180x18
            RenderBlock {P} at (0,139) size 560x20 [color=#333333]
              RenderText {TEXT} at (0,2) size 156x20
                text run at (0,2) width 156: "* indicates a required field"
            RenderBlock {H2} at (0,184) size 560x16 [color=#333333]
              RenderText {TEXT} at (0,0) size 298x16
                text run at (0,0) width 298: "SHAKESPEARE RESEARCH QUESTIONS"
            RenderBlock (floating) {SPAN} at (0,210) size 325x20 [color=#333333]
              RenderText {TEXT} at (0,2) size 321x20
                text run at (0,2) width 321: "What percentage of your research time is spent online?"
            RenderSelect {SELECT} at (325,210) size 180x18
            RenderBlock (floating) {SPAN} at (0,230) size 325x20 [color=#333333]
              RenderText {TEXT} at (0,2) size 300x40
                text run at (0,2) width 300: "What is holding you back from doing more research"
                text run at (0,22) width 41: "online?"
            RenderSelect {SELECT} at (325,230) size 180x18
            RenderBlock (floating) {SPAN} at (0,250) size 325x20 [color=#333333]
              RenderText {TEXT} at (0,2) size 220x20
                text run at (0,2) width 220: "Your research is primarily focused on:"
            RenderBlock {SPAN} at (325,250) size 180x20 [color=#333333]
              RenderRadioButton {INPUT} at (2,3) size 12x13 [color=#000000]
              RenderText {TEXT} at (16,2) size 32x20
                text run at (16,2) width 32: "Texts"
            RenderBlock {SPAN} at (325,270) size 180x20 [color=#333333]
              RenderRadioButton {INPUT} at (2,3) size 12x13 [color=#000000]
              RenderText {TEXT} at (16,2) size 133x20
                text run at (16,2) width 133: "Performance materials"
            RenderBlock {SPAN} at (325,290) size 180x20 [color=#333333]
              RenderRadioButton {INPUT} at (2,3) size 12x13 [color=#000000]
              RenderText {TEXT} at (16,2) size 21x20
                text run at (16,2) width 21: "n/a"
            RenderBlock {H2} at (0,335) size 560x16 [color=#333333]
              RenderText {TEXT} at (0,0) size 374x16
                text run at (0,0) width 374: "INTERNET SHAKESPEARE EDITIONS QUESTIONS"
            RenderBlock (floating) {SPAN} at (0,361) size 325x20 [color=#333333]
              RenderText {TEXT} at (0,2) size 302x20
                text run at (0,2) width 302: "Have you used UVic's Internet Shakespeare Editions?"
            RenderBlock {SPAN} at (325,361) size 180x20 [color=#333333]
              RenderText {TEXT} at (0,2) size 19x20
                text run at (0,2) width 19: "Yes"
              RenderRadioButton {INPUT} at (21,3) size 12x13 [color=#000000]
              RenderText {TEXT} at (35,2) size 19x20
                text run at (35,2) width 4: " "
                text run at (39,2) width 15: "No"
              RenderRadioButton {INPUT} at (56,3) size 12x13 [color=#000000]
              RenderText {TEXT} at (0,0) size 0x0
            RenderBlock {P} at (0,394) size 560x20 [color=#333333]
              RenderText {TEXT} at (0,2) size 378x20
                text run at (0,2) width 378: "-- If you answered no to this question, skip to the next section --"
            RenderBlock (floating) {SPAN} at (0,427) size 325x20 [color=#333333]
              RenderText {TEXT} at (0,2) size 274x20
                text run at (0,2) width 274: "Which area of the ISE did you find most useful?"
            RenderSelect {SELECT} at (325,427) size 180x18
            RenderBlock (floating) {SPAN} at (0,447) size 325x20 [color=#333333]
              RenderText {TEXT} at (0,2) size 252x20
                text run at (0,2) width 252: "How did you find the navigation of the ISE?"
            RenderSelect {SELECT} at (325,447) size 180x18
            RenderBlock (floating) {SPAN} at (0,467) size 325x20 [color=#333333]
              RenderText {TEXT} at (0,2) size 206x20
                text run at (0,2) width 206: "Please describe your use of the ISE."
            RenderTextArea {TEXTAREA} at (0,490) size 500x100
            RenderBlock {H2} at (0,615) size 560x16 [color=#333333]
              RenderText {TEXT} at (0,0) size 291x16
                text run at (0,0) width 291: "TOOLS IN DEVELOPMENT QUESTIONS"
            RenderBlock {P} at (0,644) size 560x60 [color=#333333]
              RenderText {TEXT} at (0,2) size 556x60
                text run at (0,2) width 453: "We are in the process of both making new material available and developing "
                text run at (453,2) width 103: "new tools to view"
                text run at (0,22) width 354: "and extrapolate information from Shakespeare's works. The "
                text run at (354,22) width 160: "following images are visual"
                text run at (0,42) width 343: "representations of some of the ideas being thrown around."
            RenderBlock {P} at (0,717) size 560x20 [color=#333333]
              RenderText {TEXT} at (0,2) size 337x20
                text run at (0,2) width 337: "Please review them carefully and provide feedback below"
            RenderBlock (floating) {SPAN} at (0,750) size 325x20 [color=#333333]
              RenderText {TEXT} at (0,2) size 145x20
                text run at (0,2) width 145: "Your comments on Fig. 1"
            RenderTextArea {TEXTAREA} at (0,770) size 500x100
            RenderBlock (floating) {SPAN} at (0,875) size 325x20 [color=#333333]
              RenderText {TEXT} at (0,2) size 145x20
                text run at (0,2) width 145: "Your comments on Fig. 2"
            RenderTextArea {TEXTAREA} at (0,895) size 500x100
            RenderBlock (floating) {SPAN} at (0,1000) size 325x20 [color=#333333]
              RenderText {TEXT} at (0,2) size 145x20
                text run at (0,2) width 145: "Your comments on Fig. 3"
            RenderTextArea {TEXTAREA} at (0,1020) size 500x100
            RenderBlock {H2} at (0,1145) size 560x16 [color=#333333]
              RenderText {TEXT} at (0,0) size 143x16
                text run at (0,0) width 143: "OTHER FEEDBACK"
            RenderBlock (floating) {SPAN} at (0,1171) size 325x20 [color=#333333]
              RenderText {TEXT} at (0,2) size 220x20
                text run at (0,2) width 220: "Please enter any other thoughts here."
            RenderTextArea {TEXTAREA} at (0,1191) size 500x100
          RenderBlock {P} at (20,1445) size 560x20 [color=#333333]
            RenderText {TEXT} at (0,2) size 233x20
              text run at (0,2) width 233: "Thank you for your time filling this out."
        RenderBlock {DIV} at (1,1599) size 600x51 [border: (1px dashed #A6A972) none]
          RenderBlock {SPAN} at (0,16) size 600x20 [color=#333333]
            RenderText {TEXT} at (247,2) size 106x20
              text run at (247,2) width 106: "\x{A9}2003 Kevin Davis"
