layer at (0,0) size 976x600
  RenderCanvas at (0,0) size 785x585
layer at (0,0) size 976x600
  RenderBlock {HTML} at (0,0) size 785x600
    RenderBody {BODY} at (8,8) size 769x584
      RenderBlock {DIV} at (0,0) size 769x108 [border: (2px solid #0000FF)]
        RenderBlock (anonymous) at (2,2) size 765x54
          RenderText {TEXT} at (0,0) size 747x36
            text run at (0,0) width 584: "Resize the window. Red boxes below must not overflow the blue box (or window) from the "
            text run at (584,0) width 163: "left side, though they may"
            text run at (0,18) width 128: "overflow from right."
          RenderBR {BR} at (0,0) size 0x0
          RenderBR {BR} at (0,36) size 0x18
        RenderTable {TABLE} at (2,56) size 966x28 [border: (2px solid #FF0000)]
          RenderTableSection {TBODY} at (2,2) size 0x24
            RenderTableRow {TR} at (0,0) size 0x0
              RenderTableCell {TD} at (2,2) size 958x20 [r=0 c=0 rs=1 cs=1]
                RenderText {TEXT} at (1,1) size 956x18
                  text run at (1,1) width 480: "Blabla blah. Blabla blah. Blabla blah. Blabla blah. Blabla blah. Blabla blah. "
                  text run at (481,1) width 476: "Blabla blah. Blabla blah. Blabla blah. Blabla blah. Blabla blah. Blabla blah."
        RenderBlock {DIV} at (2,84) size 904x22 [border: (2px solid #FF0000)]
          RenderText {TEXT} at (2,2) size 476x18
            text run at (2,2) width 476: "Blabla blah. Blabla blah. Blabla blah. Blabla blah. Blabla blah. Blabla blah."
