layer at (0,0) size 800x600
  RenderView at (0,0) size 800x600
layer at (0,0) size 800x482
  RenderBlock {html} at (0,0) size 800x482
    RenderBody {body} at (8,16) size 784x458
      RenderBlock {p} at (0,0) size 784x40
        RenderText {#text} at (0,0) size 773x39
          text run at (0,0) width 773: "The svg area contained in the div element (red box), should fill out the whole area with a circle, which contains a radial gradient in"
          text run at (0,20) width 54: "its center"
      RenderBlock {div} at (0,56) size 402x402 [border: (1px solid #FF0000)]
        RenderSVGRoot {svg} at (48,112) size 322x322
          RenderSVGHiddenContainer {defs} at (0,0) size 0x0
            RenderSVGResourceRadialGradient {radialGradient} [id="grad"] [gradientUnits=userSpaceOnUse] [center=(200,200)] [focal=(200,200)] [radius=160.00]
              RenderSVGGradientStop {stop} [offset=0.00] [color=#000000]
              RenderSVGGradientStop {stop} [offset=1.00] [color=#FFFFFF]
          RenderSVGPath {circle} at (48,112) size 322x322 [stroke={[type=SOLID] [color=#808080]}] [fill={[type=RADIAL-GRADIENT] [id="grad"]}] [data="M360.00,200.00 L359.68,210.05 L358.74,220.05 L357.17,229.98 L354.97,239.79 L352.17,249.44 L348.76,258.90 L344.77,268.12 L340.21,277.08 L335.09,285.73 L329.44,294.05 L323.28,301.99 L316.63,309.53 L309.53,316.63 L301.99,323.28 L294.05,329.44 L285.73,335.09 L277.08,340.21 L268.12,344.77 L258.90,348.76 L249.44,352.17 L239.79,354.97 L229.98,357.17 L220.05,358.74 L210.05,359.68 L200.00,360.00 L189.95,359.68 L179.95,358.74 L170.02,357.17 L160.21,354.97 L150.56,352.17 L141.10,348.76 L131.88,344.77 L122.92,340.21 L114.27,335.09 L105.95,329.44 L98.01,323.28 L90.47,316.63 L83.37,309.53 L76.72,301.99 L70.56,294.05 L64.91,285.73 L59.79,277.08 L55.23,268.12 L51.24,258.90 L47.83,249.44 L45.03,239.79 L42.83,229.98 L41.26,220.05 L40.32,210.05 L40.00,200.00 L40.32,189.95 L41.26,179.95 L42.83,170.02 L45.03,160.21 L47.83,150.56 L51.24,141.10 L55.23,131.88 L59.79,122.92 L64.91,114.27 L70.56,105.95 L76.72,98.01 L83.37,90.47 L90.47,83.36 L98.01,76.72 L105.95,70.56 L114.27,64.91 L122.92,59.79 L131.88,55.23 L141.10,51.24 L150.56,47.83 L160.21,45.03 L170.02,42.83 L179.95,41.26 L189.95,40.32 L200.00,40.00 L210.05,40.32 L220.05,41.26 L229.98,42.83 L239.79,45.03 L249.44,47.83 L258.90,51.24 L268.12,55.23 L277.08,59.79 L285.73,64.91 L294.05,70.56 L301.99,76.72 L309.53,83.37 L316.64,90.47 L323.28,98.01 L329.44,105.95 L335.09,114.27 L340.21,122.92 L344.77,131.88 L348.76,141.10 L352.17,150.56 L354.97,160.21 L357.17,170.02 L358.74,179.95 L359.68,189.95 Z"]
        RenderText {#text} at (0,0) size 0x0
caret: position 145 of child 0 {#text} of child 1 {p} of body
