layer at (0,0) size 800x600
  RenderView at (0,0) size 800x600
layer at (0,0) size 800x120
  RenderBlock {HTML} at (0,0) size 800x120
    RenderBody {BODY} at (8,8) size 784x104
      RenderBlock {DIV} at (0,0) size 200x100
      RenderText {#text} at (200,86) size 4x18
        text run at (200,86) width 4: " "
      RenderBlock {DIV} at (204,0) size 200x100
      RenderText {#text} at (0,0) size 0x0
