layer at (0,0) size 800x600
  RenderCanvas at (0,0) size 800x600
layer at (0,0) size 800x600
  RenderBlock {HTML} at (0,0) size 800x600
    RenderBody {BODY} at (8,8) size 784x584
      RenderBlock {P} at (0,0) size 784x18
        RenderText {TEXT} at (0,0) size 53x18
          text run at (0,0) width 53: "Test for "
        RenderInline {I} at (0,0) size 655x18
          RenderInline {A} at (0,0) size 348x18 [color=#0000EE]
            RenderText {TEXT} at (53,0) size 348x18
              text run at (53,0) width 348: "http://bugzilla.opendarwin.org/show_bug.cgi?id=7761"
          RenderText {TEXT} at (401,0) size 307x18
            text run at (401,0) width 307: " Tabs in class attribute not treated as whitespace"
        RenderText {TEXT} at (708,0) size 4x18
          text run at (708,0) width 4: "."
      RenderBlock {P} at (0,34) size 784x18
        RenderText {TEXT} at (0,0) size 233x18
          text run at (0,0) width 233: "All of the following should be green:"
      RenderBlock {DIV} at (0,68) size 784x18 [color=#008000]
        RenderText {TEXT} at (0,0) size 57x18
          text run at (0,0) width 57: "Tab after"
      RenderBlock {DIV} at (0,86) size 784x18 [color=#008000]
        RenderText {TEXT} at (0,0) size 69x18
          text run at (0,0) width 69: "Tab before"
      RenderBlock {DIV} at (0,104) size 784x18 [color=#008000]
        RenderText {TEXT} at (0,0) size 86x18
          text run at (0,0) width 86: "Newline after"
      RenderBlock {DIV} at (0,122) size 784x18 [color=#008000]
        RenderText {TEXT} at (0,0) size 98x18
          text run at (0,0) width 98: "Newline before"
      RenderBlock {DIV} at (0,140) size 784x18 [color=#008000]
        RenderText {TEXT} at (0,0) size 76x18
          text run at (0,0) width 76: "Spaces after"
      RenderBlock {DIV} at (0,158) size 784x18 [color=#008000]
        RenderText {TEXT} at (0,0) size 88x18
          text run at (0,0) width 88: "Spaces before"
      RenderBlock {DIV} at (0,176) size 784x18 [color=#008000]
        RenderText {TEXT} at (0,0) size 54x18
          text run at (0,0) width 54: "CR after"
      RenderBlock {DIV} at (0,194) size 784x18 [color=#008000]
        RenderText {TEXT} at (0,0) size 66x18
          text run at (0,0) width 66: "CR before"
