layer at (0,0) size 781x1432
  RenderView at (0,0) size 781x600
layer at (0,0) size 781x1432
  RenderBlock {HTML} at (0,0) size 781x1432
    RenderBody {BODY} at (8,8) size 765x1416
      RenderBlock {DIV} at (0,0) size 765x200
        RenderBlock (floating) {DIV} at (0,0) size 200x200 [bgcolor=#FF0000]
        RenderTable {TABLE} at (200,0) size 565x48 [border: (2px solid #008000)]
          RenderTableSection {TBODY} at (2,2) size 561x44
            RenderTableRow {TR} at (0,2) size 561x40
              RenderTableCell {TD} at (2,2) size 557x40 [r=0 c=0 rs=1 cs=1]
                RenderText {#text} at (1,1) size 552x38
                  text run at (1,1) width 552: "This is a table. It should sit on the same line as the float and wrap as needed to fit within"
                  text run at (1,20) width 157: "the remaining line width."
      RenderBlock {DIV} at (0,200) size 765x200
        RenderBlock (floating) {DIV} at (0,0) size 200x200 [bgcolor=#FF0000]
      RenderBlock {DIV} at (0,408) size 765x200
        RenderBlock (floating) {DIV} at (0,0) size 200x200 [bgcolor=#FF0000]
        RenderBlock {HR} at (200,0) size 565x2 [border: (1px inset #000000)]
      RenderBlock {DIV} at (0,608) size 765x200
        RenderBlock (floating) {DIV} at (0,0) size 200x200 [bgcolor=#FF0000]
        RenderTable {TABLE} at (200,0) size 382x48 [border: (2px solid #008000)]
          RenderTableSection {TBODY} at (2,2) size 378x44
            RenderTableRow {TR} at (0,2) size 378x40
              RenderTableCell {TD} at (2,2) size 374x40 [r=0 c=0 rs=1 cs=1]
                RenderText {#text} at (1,1) size 363x38
                  text run at (1,1) width 346: "This is a table. It should sit on the same line as the float"
                  text run at (1,20) width 363: "and wrap as needed to fit within the remaining line width."
      RenderBlock {DIV} at (0,808) size 765x200
        RenderBlock (floating) {DIV} at (0,0) size 200x200 [bgcolor=#FF0000]
      RenderBlock {DIV} at (0,1016) size 765x200
        RenderBlock (floating) {DIV} at (0,0) size 200x200 [bgcolor=#FF0000]
        RenderBlock {HR} at (200,0) size 384x2 [border: (1px inset #000000)]
      RenderBlock {DIV} at (0,1216) size 765x200
        RenderBlock (floating) {DIV} at (0,0) size 200x200 [bgcolor=#FF0000]
        RenderImage {IMG} at (200,0) size 382x50 [bgcolor=#008000]
layer at (208,208) size 565x58 clip at (210,210) size 545x38
  RenderBlock {DIV} at (200,0) size 565x58 [border: (2px solid #0000FF)]
    RenderText {#text} at (2,2) size 543x38
      text run at (2,2) width 543: "This is an overflow:scroll region. It should sit on the same line as the float and wrap as"
      text run at (2,21) width 283: "needed to fit within the remaining line width."
layer at (208,816) size 386x77 clip at (210,818) size 366x57
  RenderBlock {DIV} at (200,0) size 386x77 [border: (2px solid #0000FF)]
    RenderText {#text} at (2,2) size 364x57
      text run at (2,2) width 364: "This is an overflow:scroll region. It should sit on the same"
      text run at (2,21) width 324: "line as the float and wrap as needed to fit within the"
      text run at (2,40) width 134: "remaining line width."
