layer at (0,0) size 800x600
  RenderView at (0,0) size 800x600
layer at (0,490) size 800x110
  RenderBlock {HTML} at (0,0) size 800x110 [border: (10px solid #800000)]
    RenderBody {BODY} at (18,18) size 764x74
      RenderText {#text} at (0,10) size 226x40
        text run at (0,10) width 226: "\x{653B}\x{6BBB} \x{6A5F}\x{52D5}\x{968A} "
      RenderRuby (inline) {RUBY} at (0,0) size 216x40
        RenderRubyRun (anonymous) at (226,0) size 96x60
          RenderRubyText {RT} at (0,44) size 96x36
            RenderText {#text} at (0,6) size 96x24
              text run at (0,6) width 96: "\x{3053}\x{3046}\x{304B}\x{304F}"
          RenderRubyBase (anonymous) at (0,0) size 96x60
            RenderText {#text} at (8,10) size 80x40
              text run at (8,10) width 80: "\x{653B}\x{6BBB}"
        RenderRubyRun (anonymous) at (322,0) size 120x60
          RenderRubyText {RT} at (0,44) size 120x36
            RenderText {#text} at (0,6) size 120x24
              text run at (0,6) width 120: "\x{304D}\x{3069}\x{3046}\x{305F}\x{3044}"
          RenderRubyBase (anonymous) at (0,0) size 120x60
            RenderText {#text} at (0,10) size 120x40
              text run at (0,10) width 120: "\x{6A5F}\x{52D5}\x{968A}"
      RenderText {#text} at (0,0) size 0x0
