layer at (0,0) size 784x625
  RenderView at (0,0) size 784x600
layer at (0,0) size 784x600
  RenderBlock {HTML} at (0,0) size 784x600
    RenderBody {BODY} at (8,8) size 760x584
      RenderBlock {DIV} at (0,0) size 110x584 [border: (3px solid #FFA500)]
        RenderBlock (floating) {DIV} at (11,11) size 122x122 [bgcolor=#FFA500] [border: (3px solid #FFA500)]
        RenderListItem {DIV} at (11,11) size 88x562 [border: (3px solid #FFA500)]
          RenderListItem {DIV} at (11,11) size 66x540 [border: (3px solid #FFA500)]
            RenderListItem {DIV} at (11,11) size 44x518 [border: (3px solid #FFA500)]
              RenderListMarker at (11,103) size 22x7: bullet
              RenderListMarker at (11,103) size 22x7: bullet
              RenderListMarker at (11,103) size 22x7: bullet
              RenderText {#text} at (11,132) size 22x92
                text run at (11,132) width 92: "List item text."
      RenderBlock {UL} at (126,0) size 148x584
        RenderListItem {LI} at (0,40) size 148x544 [border: (2px solid #FF0000)]
          RenderListMarker at (52,555) size 22x7: bullet
          RenderText {#text} at (52,90) size 44x402
            text run at (52,90) width 402: "Foo fofodfosjlkdf dslkdjlk asdlksjald djklsd klasjdkas sdajd"
            text run at (74,365) width 127: "lsadjkl asjdlksajdk"
