layer at (0,0) size 800x600
  RenderView at (0,0) size 800x600
layer at (0,0) size 800x600
  RenderBlock {HTML} at (0,0) size 800x600
    RenderBody {BODY} at (8,8) size 784x576
      RenderBlock {DIV} at (0,0) size 784x44
        RenderBlock {UL} at (0,0) size 784x44
          RenderListItem {LI} at (40,0) size 744x22
            RenderListMarker at (-18,0) size 7x22: bullet
            RenderInline {A} at (0,0) size 40x22 [color=#0000EE]
              RenderText {#text} at (704,0) size 40x22
                text run at (704,0) width 40: "Home"
          RenderListItem {LI} at (40,22) size 744x22
            RenderListMarker at (-18,0) size 7x22: bullet
            RenderInline {A} at (0,0) size 60x22 [color=#0000EE]
              RenderText {#text} at (684,0) size 60x22
                text run at (684,0) width 60: "Archives"
      RenderBlock {P} at (0,60) size 784x44
        RenderText {#text} at (0,0) size 762x44
          text run at (0,0) width 572: "This test case illustrates the correct positioning of list item bullets according to CSS3. "
          text run at (572,0) width 190: "The bullets should be on the"
          text run at (0,22) width 352: "far left, with the text of the list items on the far right."
