layer at (0,0) size 800x600
  RenderView at (0,0) size 800x600
layer at (0,0) size 800x600
  RenderBlock {HTML} at (0,0) size 800x600
    RenderBody {BODY} at (8,8) size 784x584
      RenderBlock {DIV} at (0,0) size 42x584
        RenderBlock {UL} at (0,0) size 42x584
          RenderListItem {LI} at (0,40) size 21x544
            RenderListMarker at (0,486) size 21x7: bullet
            RenderInline {A} at (0,0) size 21x40 [color=#0000EE]
              RenderText {#text} at (0,504) size 21x40
                text run at (0,504) width 40: "Home"
          RenderListItem {LI} at (21,40) size 21x544
            RenderListMarker at (0,466) size 21x7: bullet
            RenderInline {A} at (0,0) size 21x60 [color=#0000EE]
              RenderText {#text} at (0,484) size 21x60
                text run at (0,484) width 60: "Archives"
      RenderBlock {P} at (58,16) size 63x552
        RenderText {#text} at (0,0) size 63x551
          text run at (0,0) width 522: "This test case illustrates the correct positioning of list item bullets according to"
          text run at (21,0) width 46: "CSS3. "
          text run at (21,46) width 505: "The bullets should be on the far left, with the text of the list items on the far"
          text run at (42,0) width 37: "right."
