layer at (0,0) size 800x600
  RenderView at (0,0) size 800x600
layer at (0,0) size 800x600
  RenderBlock {HTML} at (0,0) size 800x600
    RenderBody {BODY} at (8,8) size 784x576
      RenderBlock {UL} at (0,0) size 784x66
        RenderListItem {LI} at (40,0) size 744x22
          RenderListMarker at (-18,0) size 7x22: bullet
        RenderListItem {LI} at (40,22) size 744x22
          RenderListMarker at (-18,0) size 7x22: bullet
        RenderListItem {LI} at (40,44) size 744x22
          RenderListMarker at (-18,0) size 7x22: bullet
          RenderText {#text} at (0,0) size 343x22
            text run at (0,0) width 343: "There should be two bullets with no text above me."
