layer at (0,0) size 800x600
  RenderView at (0,0) size 800x600
layer at (0,0) size 800x600
  RenderBlock {HTML} at (0,0) size 800x600
    RenderBody {BODY} at (8,8) size 784x576
      RenderBlock {OL} at (0,0) size 784x44
        RenderListItem {LI} at (40,0) size 744x44
          RenderBlock (anonymous) at (0,0) size 744x22
            RenderListMarker at (-21,0) size 16x22: "1"
            RenderInline {I} at (0,0) size 76x22
              RenderInline {U} at (0,0) size 76x22
                RenderText {#text} at (0,0) size 76x22
                  text run at (0,0) width 76: "Hello world"
            RenderText {#text} at (0,0) size 0x0
          RenderBlock {OL} at (0,22) size 744x22
            RenderListItem {LI} at (40,0) size 704x22
              RenderListMarker at (-21,0) size 16x22: "1"
              RenderText {#text} at (0,0) size 61x22
                text run at (0,0) width 61: "Goodbye"
