layer at (0,0) size 784x2132
  RenderView at (0,0) size 784x600
layer at (0,0) size 784x2132
  RenderBlock {HTML} at (0,0) size 784x2132
    RenderBody {BODY} at (8,8) size 768x2108
      RenderBlock {UL} at (0,0) size 182x150 [border: (1px solid #0000FF)]
        RenderListItem {LI} at (41,1) size 140x42 [border: (5px solid #FFA500)]
          RenderListMarker at (-18,10) size 7x22: bullet
          RenderText {#text} at (10,10) size 65x22
            text run at (10,10) width 65: "First item"
        RenderListItem {LI} at (41,43) size 140x64 [border: (5px solid #FFA500)]
          RenderListMarker at (-18,10) size 7x22: bullet
          RenderText {#text} at (10,10) size 113x44
            text run at (10,10) width 113: "Second and very"
            text run at (10,32) width 96: "very long item"
        RenderListItem {LI} at (41,107) size 140x42 [border: (5px solid #FFA500)]
          RenderListMarker at (-18,10) size 7x22: bullet
          RenderText {#text} at (10,10) size 73x22
            text run at (10,10) width 73: "Third item"
      RenderBlock {UL} at (0,166) size 182x150 [border: (1px solid #FF0000)]
        RenderListItem {LI} at (1,1) size 140x42 [border: (5px solid #FFA500)]
          RenderListMarker at (151,10) size 7x22: bullet
          RenderText {#text} at (65,10) size 65x22
            text run at (65,10) width 65: "First item"
        RenderListItem {LI} at (1,43) size 140x64 [border: (5px solid #FFA500)]
          RenderListMarker at (151,10) size 7x22: bullet
          RenderText {#text} at (17,10) size 113x44
            text run at (17,10) width 113: "Second and very"
            text run at (34,32) width 96: "very long item"
        RenderListItem {LI} at (1,107) size 140x42 [border: (5px solid #FFA500)]
          RenderListMarker at (151,10) size 7x22: bullet
          RenderText {#text} at (57,10) size 73x22
            text run at (57,10) width 73: "Third item"
      RenderBlock {UL} at (0,332) size 182x172 [border: (1px solid #0000FF)]
        RenderListItem {LI} at (41,1) size 140x42 [border: (5px solid #FFA500)]
          RenderListMarker at (9,10) size 7x22: bullet
          RenderText {#text} at (26,10) size 65x22
            text run at (26,10) width 65: "First item"
        RenderListItem {LI} at (41,43) size 140x86 [border: (5px solid #FFA500)]
          RenderListMarker at (9,10) size 7x22: bullet
          RenderText {#text} at (26,10) size 97x66
            text run at (26,10) width 79: "Second and"
            text run at (10,32) width 97: "very very long"
            text run at (10,54) width 29: "item"
        RenderListItem {LI} at (41,129) size 140x42 [border: (5px solid #FFA500)]
          RenderListMarker at (9,10) size 7x22: bullet
          RenderText {#text} at (26,10) size 73x22
            text run at (26,10) width 73: "Third item"
      RenderBlock {UL} at (0,520) size 182x172 [border: (1px solid #FF0000)]
        RenderListItem {LI} at (1,1) size 140x42 [border: (5px solid #FFA500)]
          RenderListMarker at (124,10) size 7x22: bullet
          RenderText {#text} at (49,10) size 65x22
            text run at (49,10) width 65: "First item"
        RenderListItem {LI} at (1,43) size 140x86 [border: (5px solid #FFA500)]
          RenderListMarker at (124,10) size 7x22: bullet
          RenderText {#text} at (35,10) size 97x66
            text run at (35,10) width 79: "Second and"
            text run at (33,32) width 97: "very very long"
            text run at (101,54) width 29: "item"
        RenderListItem {LI} at (1,129) size 140x42 [border: (5px solid #FFA500)]
          RenderListMarker at (124,10) size 7x22: bullet
          RenderText {#text} at (41,10) size 73x22
            text run at (41,10) width 73: "Third item"
      RenderBlock {UL} at (0,708) size 182x150 [border: (1px solid #0000FF)]
        RenderListItem {LI} at (41,1) size 140x42 [border: (5px solid #FFA500)]
          RenderListMarker at (-17,16) size 10x10
          RenderText {#text} at (10,10) size 65x22
            text run at (10,10) width 65: "First item"
        RenderListItem {LI} at (41,43) size 140x64 [border: (5px solid #FFA500)]
          RenderListMarker at (-17,16) size 10x10
          RenderText {#text} at (10,10) size 113x44
            text run at (10,10) width 113: "Second and very"
            text run at (10,32) width 96: "very long item"
        RenderListItem {LI} at (41,107) size 140x42 [border: (5px solid #FFA500)]
          RenderListMarker at (-17,16) size 10x10
          RenderText {#text} at (10,10) size 73x22
            text run at (10,10) width 73: "Third item"
      RenderBlock {UL} at (0,874) size 182x150 [border: (1px solid #FF0000)]
        RenderListItem {LI} at (1,1) size 140x42 [border: (5px solid #FFA500)]
          RenderListMarker at (147,16) size 10x10
          RenderText {#text} at (65,10) size 65x22
            text run at (65,10) width 65: "First item"
        RenderListItem {LI} at (1,43) size 140x64 [border: (5px solid #FFA500)]
          RenderListMarker at (147,16) size 10x10
          RenderText {#text} at (17,10) size 113x44
            text run at (17,10) width 113: "Second and very"
            text run at (34,32) width 96: "very long item"
        RenderListItem {LI} at (1,107) size 140x42 [border: (5px solid #FFA500)]
          RenderListMarker at (147,16) size 10x10
          RenderText {#text} at (57,10) size 73x22
            text run at (57,10) width 73: "Third item"
      RenderBlock {UL} at (0,1040) size 182x172 [border: (1px solid #0000FF)]
        RenderListItem {LI} at (41,1) size 140x42 [border: (5px solid #FFA500)]
          RenderListMarker at (10,16) size 10x10
          RenderText {#text} at (27,10) size 65x22
            text run at (27,10) width 65: "First item"
        RenderListItem {LI} at (41,43) size 140x86 [border: (5px solid #FFA500)]
          RenderListMarker at (10,16) size 10x10
          RenderText {#text} at (27,10) size 97x66
            text run at (27,10) width 79: "Second and"
            text run at (10,32) width 97: "very very long"
            text run at (10,54) width 29: "item"
        RenderListItem {LI} at (41,129) size 140x42 [border: (5px solid #FFA500)]
          RenderListMarker at (10,16) size 10x10
          RenderText {#text} at (27,10) size 73x22
            text run at (27,10) width 73: "Third item"
      RenderBlock {UL} at (0,1228) size 182x172 [border: (1px solid #FF0000)]
        RenderListItem {LI} at (1,1) size 140x42 [border: (5px solid #FFA500)]
          RenderListMarker at (120,16) size 10x10
          RenderText {#text} at (48,10) size 65x22
            text run at (48,10) width 65: "First item"
        RenderListItem {LI} at (1,43) size 140x86 [border: (5px solid #FFA500)]
          RenderListMarker at (120,16) size 10x10
          RenderText {#text} at (34,10) size 97x66
            text run at (34,10) width 79: "Second and"
            text run at (33,32) width 97: "very very long"
            text run at (101,54) width 29: "item"
        RenderListItem {LI} at (1,129) size 140x42 [border: (5px solid #FFA500)]
          RenderListMarker at (120,16) size 10x10
          RenderText {#text} at (40,10) size 73x22
            text run at (40,10) width 73: "Third item"
      RenderBlock {OL} at (0,1416) size 182x150 [border: (1px solid #0000FF)]
        RenderListItem {LI} at (41,1) size 140x42 [border: (5px solid #FFA500)]
          RenderListMarker at (-21,10) size 16x22: "1"
          RenderText {#text} at (10,10) size 65x22
            text run at (10,10) width 65: "First item"
        RenderListItem {LI} at (41,43) size 140x64 [border: (5px solid #FFA500)]
          RenderListMarker at (-21,10) size 16x22: "2"
          RenderText {#text} at (10,10) size 113x44
            text run at (10,10) width 113: "Second and very"
            text run at (10,32) width 96: "very long item"
        RenderListItem {LI} at (41,107) size 140x42 [border: (5px solid #FFA500)]
          RenderListMarker at (-21,10) size 16x22: "3"
          RenderText {#text} at (10,10) size 73x22
            text run at (10,10) width 73: "Third item"
      RenderBlock {OL} at (0,1582) size 182x150 [border: (1px solid #FF0000)]
        RenderListItem {LI} at (1,1) size 140x42 [border: (5px solid #FFA500)]
          RenderListMarker at (145,10) size 16x22: "1"
          RenderText {#text} at (65,10) size 65x22
            text run at (65,10) width 65: "First item"
        RenderListItem {LI} at (1,43) size 140x64 [border: (5px solid #FFA500)]
          RenderListMarker at (145,10) size 16x22: "2"
          RenderText {#text} at (17,10) size 113x44
            text run at (17,10) width 113: "Second and very"
            text run at (34,32) width 96: "very long item"
        RenderListItem {LI} at (1,107) size 140x42 [border: (5px solid #FFA500)]
          RenderListMarker at (145,10) size 16x22: "3"
          RenderText {#text} at (57,10) size 73x22
            text run at (57,10) width 73: "Third item"
      RenderBlock {OL} at (0,1748) size 182x172 [border: (1px solid #0000FF)]
        RenderListItem {LI} at (41,1) size 140x42 [border: (5px solid #FFA500)]
          RenderListMarker at (10,10) size 16x22: "1"
          RenderText {#text} at (26,10) size 65x22
            text run at (26,10) width 65: "First item"
        RenderListItem {LI} at (41,43) size 140x86 [border: (5px solid #FFA500)]
          RenderListMarker at (10,10) size 16x22: "2"
          RenderText {#text} at (26,10) size 97x66
            text run at (26,10) width 79: "Second and"
            text run at (10,32) width 97: "very very long"
            text run at (10,54) width 29: "item"
        RenderListItem {LI} at (41,129) size 140x42 [border: (5px solid #FFA500)]
          RenderListMarker at (10,10) size 16x22: "3"
          RenderText {#text} at (26,10) size 73x22
            text run at (26,10) width 73: "Third item"
      RenderBlock {OL} at (0,1936) size 182x172 [border: (1px solid #FF0000)]
        RenderListItem {LI} at (1,1) size 140x42 [border: (5px solid #FFA500)]
          RenderListMarker at (114,10) size 16x22: "1"
          RenderText {#text} at (49,10) size 65x22
            text run at (49,10) width 65: "First item"
        RenderListItem {LI} at (1,43) size 140x86 [border: (5px solid #FFA500)]
          RenderListMarker at (114,10) size 16x22: "2"
          RenderText {#text} at (35,10) size 97x66
            text run at (35,10) width 79: "Second and"
            text run at (33,32) width 97: "very very long"
            text run at (101,54) width 29: "item"
        RenderListItem {LI} at (1,129) size 140x42 [border: (5px solid #FFA500)]
          RenderListMarker at (114,10) size 16x22: "3"
          RenderText {#text} at (41,10) size 73x22
            text run at (41,10) width 73: "Third item"
