layer at (0,0) size 2078x584
  RenderView at (0,0) size 800x584
layer at (0,0) size 2078x584
  RenderBlock {HTML} at (0,0) size 2078x584
    RenderBody {BODY} at (8,8) size 2054x568
      RenderBlock {UL} at (0,0) size 146x182 [border: (1px solid #0000FF)]
        RenderListItem {LI} at (1,41) size 41x140 [border: (5px solid #FFA500)]
          RenderListMarker at (10,-18) size 21x7: bullet
          RenderText {#text} at (10,10) size 21x65
            text run at (10,10) width 65: "First item"
        RenderListItem {LI} at (42,41) size 62x140 [border: (5px solid #FFA500)]
          RenderListMarker at (10,-18) size 21x7: bullet
          RenderText {#text} at (10,10) size 42x113
            text run at (10,10) width 113: "Second and very"
            text run at (31,10) width 96: "very long item"
        RenderListItem {LI} at (104,41) size 41x140 [border: (5px solid #FFA500)]
          RenderListMarker at (10,-18) size 21x7: bullet
          RenderText {#text} at (10,10) size 21x73
            text run at (10,10) width 73: "Third item"
      RenderBlock {UL} at (162,0) size 146x182 [border: (1px solid #FF0000)]
        RenderListItem {LI} at (1,1) size 41x140 [border: (5px solid #FFA500)]
          RenderListMarker at (10,151) size 21x7: bullet
          RenderText {#text} at (10,65) size 21x65
            text run at (10,65) width 65: "First item"
        RenderListItem {LI} at (42,1) size 62x140 [border: (5px solid #FFA500)]
          RenderListMarker at (10,151) size 21x7: bullet
          RenderText {#text} at (10,17) size 42x113
            text run at (10,17) width 113: "Second and very"
            text run at (31,34) width 96: "very long item"
        RenderListItem {LI} at (104,1) size 41x140 [border: (5px solid #FFA500)]
          RenderListMarker at (10,151) size 21x7: bullet
          RenderText {#text} at (10,57) size 21x73
            text run at (10,57) width 73: "Third item"
      RenderBlock {UL} at (324,0) size 167x182 [border: (1px solid #0000FF)]
        RenderListItem {LI} at (1,41) size 41x140 [border: (5px solid #FFA500)]
          RenderListMarker at (10,9) size 21x7: bullet
          RenderText {#text} at (10,26) size 21x65
            text run at (10,26) width 65: "First item"
        RenderListItem {LI} at (42,41) size 83x140 [border: (5px solid #FFA500)]
          RenderListMarker at (10,9) size 21x7: bullet
          RenderText {#text} at (10,26) size 63x97
            text run at (10,26) width 79: "Second and"
            text run at (31,10) width 97: "very very long"
            text run at (52,10) width 29: "item"
        RenderListItem {LI} at (125,41) size 41x140 [border: (5px solid #FFA500)]
          RenderListMarker at (10,9) size 21x7: bullet
          RenderText {#text} at (10,26) size 21x73
            text run at (10,26) width 73: "Third item"
      RenderBlock {UL} at (507,0) size 167x182 [border: (1px solid #FF0000)]
        RenderListItem {LI} at (1,1) size 41x140 [border: (5px solid #FFA500)]
          RenderListMarker at (10,124) size 21x7: bullet
          RenderText {#text} at (10,49) size 21x65
            text run at (10,49) width 65: "First item"
        RenderListItem {LI} at (42,1) size 83x140 [border: (5px solid #FFA500)]
          RenderListMarker at (10,124) size 21x7: bullet
          RenderText {#text} at (10,35) size 63x97
            text run at (10,35) width 79: "Second and"
            text run at (31,33) width 97: "very very long"
            text run at (52,101) width 29: "item"
        RenderListItem {LI} at (125,1) size 41x140 [border: (5px solid #FFA500)]
          RenderListMarker at (10,124) size 21x7: bullet
          RenderText {#text} at (10,41) size 21x73
            text run at (10,41) width 73: "Third item"
      RenderBlock {UL} at (690,0) size 146x182 [border: (1px solid #0000FF)]
        RenderListItem {LI} at (1,41) size 41x140 [border: (5px solid #FFA500)]
          RenderListMarker at (15,-17) size 10x10
          RenderText {#text} at (10,10) size 21x65
            text run at (10,10) width 65: "First item"
        RenderListItem {LI} at (42,41) size 62x140 [border: (5px solid #FFA500)]
          RenderListMarker at (15,-17) size 10x10
          RenderText {#text} at (10,10) size 42x113
            text run at (10,10) width 113: "Second and very"
            text run at (31,10) width 96: "very long item"
        RenderListItem {LI} at (104,41) size 41x140 [border: (5px solid #FFA500)]
          RenderListMarker at (15,-17) size 10x10
          RenderText {#text} at (10,10) size 21x73
            text run at (10,10) width 73: "Third item"
      RenderBlock {UL} at (852,0) size 146x182 [border: (1px solid #FF0000)]
        RenderListItem {LI} at (1,1) size 41x140 [border: (5px solid #FFA500)]
          RenderListMarker at (15,147) size 10x10
          RenderText {#text} at (10,65) size 21x65
            text run at (10,65) width 65: "First item"
        RenderListItem {LI} at (42,1) size 62x140 [border: (5px solid #FFA500)]
          RenderListMarker at (15,147) size 10x10
          RenderText {#text} at (10,17) size 42x113
            text run at (10,17) width 113: "Second and very"
            text run at (31,34) width 96: "very long item"
        RenderListItem {LI} at (104,1) size 41x140 [border: (5px solid #FFA500)]
          RenderListMarker at (15,147) size 10x10
          RenderText {#text} at (10,57) size 21x73
            text run at (10,57) width 73: "Third item"
      RenderBlock {UL} at (1014,0) size 167x182 [border: (1px solid #0000FF)]
        RenderListItem {LI} at (1,41) size 41x140 [border: (5px solid #FFA500)]
          RenderListMarker at (15,10) size 10x10
          RenderText {#text} at (10,27) size 21x65
            text run at (10,27) width 65: "First item"
        RenderListItem {LI} at (42,41) size 83x140 [border: (5px solid #FFA500)]
          RenderListMarker at (15,10) size 10x10
          RenderText {#text} at (10,27) size 63x97
            text run at (10,27) width 79: "Second and"
            text run at (31,10) width 97: "very very long"
            text run at (52,10) width 29: "item"
        RenderListItem {LI} at (125,41) size 41x140 [border: (5px solid #FFA500)]
          RenderListMarker at (15,10) size 10x10
          RenderText {#text} at (10,27) size 21x73
            text run at (10,27) width 73: "Third item"
      RenderBlock {UL} at (1197,0) size 167x182 [border: (1px solid #FF0000)]
        RenderListItem {LI} at (1,1) size 41x140 [border: (5px solid #FFA500)]
          RenderListMarker at (15,120) size 10x10
          RenderText {#text} at (10,48) size 21x65
            text run at (10,48) width 65: "First item"
        RenderListItem {LI} at (42,1) size 83x140 [border: (5px solid #FFA500)]
          RenderListMarker at (15,120) size 10x10
          RenderText {#text} at (10,34) size 63x97
            text run at (10,34) width 79: "Second and"
            text run at (31,33) width 97: "very very long"
            text run at (52,101) width 29: "item"
        RenderListItem {LI} at (125,1) size 41x140 [border: (5px solid #FFA500)]
          RenderListMarker at (15,120) size 10x10
          RenderText {#text} at (10,40) size 21x73
            text run at (10,40) width 73: "Third item"
      RenderBlock {OL} at (1380,0) size 146x182 [border: (1px solid #0000FF)]
        RenderListItem {LI} at (1,41) size 41x140 [border: (5px solid #FFA500)]
          RenderListMarker at (10,-21) size 21x16: "1"
          RenderText {#text} at (10,10) size 21x65
            text run at (10,10) width 65: "First item"
        RenderListItem {LI} at (42,41) size 62x140 [border: (5px solid #FFA500)]
          RenderListMarker at (10,-21) size 21x16: "2"
          RenderText {#text} at (10,10) size 42x113
            text run at (10,10) width 113: "Second and very"
            text run at (31,10) width 96: "very long item"
        RenderListItem {LI} at (104,41) size 41x140 [border: (5px solid #FFA500)]
          RenderListMarker at (10,-21) size 21x16: "3"
          RenderText {#text} at (10,10) size 21x73
            text run at (10,10) width 73: "Third item"
      RenderBlock {OL} at (1542,0) size 146x182 [border: (1px solid #FF0000)]
        RenderListItem {LI} at (1,1) size 41x140 [border: (5px solid #FFA500)]
          RenderListMarker at (10,145) size 21x16: "1"
          RenderText {#text} at (10,65) size 21x65
            text run at (10,65) width 65: "First item"
        RenderListItem {LI} at (42,1) size 62x140 [border: (5px solid #FFA500)]
          RenderListMarker at (10,145) size 21x16: "2"
          RenderText {#text} at (10,17) size 42x113
            text run at (10,17) width 113: "Second and very"
            text run at (31,34) width 96: "very long item"
        RenderListItem {LI} at (104,1) size 41x140 [border: (5px solid #FFA500)]
          RenderListMarker at (10,145) size 21x16: "3"
          RenderText {#text} at (10,57) size 21x73
            text run at (10,57) width 73: "Third item"
      RenderBlock {OL} at (1704,0) size 167x182 [border: (1px solid #0000FF)]
        RenderListItem {LI} at (1,41) size 41x140 [border: (5px solid #FFA500)]
          RenderListMarker at (10,10) size 21x16: "1"
          RenderText {#text} at (10,26) size 21x65
            text run at (10,26) width 65: "First item"
        RenderListItem {LI} at (42,41) size 83x140 [border: (5px solid #FFA500)]
          RenderListMarker at (10,10) size 21x16: "2"
          RenderText {#text} at (10,26) size 63x97
            text run at (10,26) width 79: "Second and"
            text run at (31,10) width 97: "very very long"
            text run at (52,10) width 29: "item"
        RenderListItem {LI} at (125,41) size 41x140 [border: (5px solid #FFA500)]
          RenderListMarker at (10,10) size 21x16: "3"
          RenderText {#text} at (10,26) size 21x73
            text run at (10,26) width 73: "Third item"
      RenderBlock {OL} at (1887,0) size 167x182 [border: (1px solid #FF0000)]
        RenderListItem {LI} at (1,1) size 41x140 [border: (5px solid #FFA500)]
          RenderListMarker at (10,114) size 21x16: "1"
          RenderText {#text} at (10,49) size 21x65
            text run at (10,49) width 65: "First item"
        RenderListItem {LI} at (42,1) size 83x140 [border: (5px solid #FFA500)]
          RenderListMarker at (10,114) size 21x16: "2"
          RenderText {#text} at (10,35) size 63x97
            text run at (10,35) width 79: "Second and"
            text run at (31,33) width 97: "very very long"
            text run at (52,101) width 29: "item"
        RenderListItem {LI} at (125,1) size 41x140 [border: (5px solid #FFA500)]
          RenderListMarker at (10,114) size 21x16: "3"
          RenderText {#text} at (10,41) size 21x73
            text run at (10,41) width 73: "Third item"
