layer at (0,0) size 800x600
  RenderView at (0,0) size 800x600
layer at (0,0) size 800x600
  RenderBlock {HTML} at (0,0) size 800x600
    RenderBody {BODY} at (8,8) size 784x584
      RenderBlock {P} at (0,0) size 784x40
        RenderText {#text} at (0,0) size 53x19
          text run at (0,0) width 53: "Test for "
        RenderInline {I} at (0,0) size 759x39
          RenderInline {A} at (0,0) size 294x19 [color=#0000EE]
            RenderText {#text} at (53,0) size 294x19
              text run at (53,0) width 294: "http://bugs.webkit.org/show_bug.cgi?id=12746"
          RenderText {#text} at (347,0) size 759x39
            text run at (347,0) width 4: " "
            text run at (351,0) width 408: "REGRESSION (r13853): List item's first line overflows containing"
            text run at (0,20) width 18: "div"
        RenderText {#text} at (18,20) size 4x19
          text run at (18,20) width 4: "."
      RenderBlock {P} at (0,54) size 784x19
        RenderText {#text} at (0,0) size 253x19
          text run at (0,0) width 253: "Text should not overflow the yellow box."
      RenderBlock {DIV} at (0,87) size 125x38 [bgcolor=#FFFF00]
        RenderListItem {LI} at (0,0) size 125x38
          RenderListMarker at (-1,0) size 7x19: bullet
          RenderText {#text} at (14,0) size 101x38
            text run at (14,0) width 4: " "
            text run at (18,0) width 83: "Lorem ipsum"
            text run at (0,19) width 86: "dolor sit amet"
