layer at (0,0) size 800x600
  RenderView at (0,0) size 800x600
layer at (0,0) size 800x600
  RenderBlock {HTML} at (0,0) size 800x600
    RenderBody {BODY} at (8,8) size 784x576
      RenderBlock {OL} at (0,0) size 784x24
        RenderListItem {LI} at (40,0) size 744x24
          RenderListMarker at (-21,1) size 16x22: "1"
          RenderText {#text} at (0,1) size 435x22
            text run at (0,1) width 435: "This test passes if the list item and list marker are evenly aligned."
