layer at (0,0) size 784x7208
  RenderView at (0,0) size 784x600
layer at (0,0) size 784x7208
  RenderBlock {HTML} at (0,0) size 784x6856
    RenderBody {BODY} at (8,8) size 768x6829
      RenderBlock {H1} at (0,0) size 768x42
        RenderText {#text} at (0,0) size 394x41
          text run at (0,0) width 394: "CSS3 Numeric list-style-type"
      RenderBlock {P} at (0,63) size 768x84
        RenderText {#text} at (0,0) size 504x21
          text run at (0,0) width 504: "This tests that all of the numeric CSS3 list-style-types are supported as per "
        RenderInline {A} at (0,0) size 731x42 [color=#0000EE]
          RenderText {#text} at (504,0) size 731x42
            text run at (504,0) width 227: "section 4.3 of the spec. CSS3 Lists"
            text run at (0,21) width 50: "module"
        RenderText {#text} at (50,21) size 761x63
          text run at (50,21) width 699: " (Draft 7 November 2002). This test PASSED if the list item matches its bullet for every list item (below)."
          text run at (0,42) width 761: "For example, for the decimal numeric system the second <li> (which corresponds to 2 in the standard ordering of"
          text run at (0,63) width 324: "the positive integers) should be rendered as: 2. 2"
      RenderBlock {DIV} at (0,166) size 768x31
        RenderBlock {H2} at (0,0) size 768x31
          RenderText {#text} at (0,0) size 125x32
            text run at (0,0) width 125: "arabic-indic"
        RenderBlock (floating) {OL} at (0,66) size 68x210
          RenderListItem {LI} at (40,0) size 8x21
            RenderListMarker at (-17,0) size 12x21: "\x{661}"
            RenderText {#text} at (0,0) size 4x21
              text run at (0,0) width 4: "\x{661}"
          RenderListItem {LI} at (40,21) size 8x21
            RenderListMarker at (-17,0) size 12x21: "\x{662}"
            RenderText {#text} at (0,0) size 4x21
              text run at (0,0) width 4: "\x{662}"
          RenderListItem {LI} at (40,42) size 8x21
            RenderListMarker at (-17,0) size 12x21: "\x{663}"
            RenderText {#text} at (0,0) size 4x21
              text run at (0,0) width 4: "\x{663}"
          RenderListItem {LI} at (40,63) size 8x21
            RenderListMarker at (-17,0) size 12x21: "\x{664}"
            RenderText {#text} at (0,0) size 4x21
              text run at (0,0) width 4: "\x{664}"
          RenderListItem {LI} at (40,84) size 8x21
            RenderListMarker at (-17,0) size 12x21: "\x{665}"
            RenderText {#text} at (0,0) size 4x21
              text run at (0,0) width 4: "\x{665}"
          RenderListItem {LI} at (40,105) size 8x21
            RenderListMarker at (-17,0) size 12x21: "\x{666}"
            RenderText {#text} at (0,0) size 4x21
              text run at (0,0) width 4: "\x{666}"
          RenderListItem {LI} at (40,126) size 8x21
            RenderListMarker at (-17,0) size 12x21: "\x{667}"
            RenderText {#text} at (0,0) size 4x21
              text run at (0,0) width 4: "\x{667}"
          RenderListItem {LI} at (40,147) size 8x21
            RenderListMarker at (-17,0) size 12x21: "\x{668}"
            RenderText {#text} at (0,0) size 4x21
              text run at (0,0) width 4: "\x{668}"
          RenderListItem {LI} at (40,168) size 8x21
            RenderListMarker at (-17,0) size 12x21: "\x{669}"
            RenderText {#text} at (0,0) size 4x21
              text run at (0,0) width 4: "\x{669}"
          RenderListItem {LI} at (40,189) size 8x21
            RenderListMarker at (-21,0) size 16x21: "\x{661}\x{660}"
            RenderText {#text} at (0,0) size 8x21
              text run at (0,0) width 8: "\x{661}\x{660}"
        RenderBlock (floating) {OL} at (68,66) size 64x21
          RenderListItem {LI} at (40,0) size 4x21
            RenderListMarker at (-17,0) size 12x21: "\x{661}"
            RenderText {#text} at (0,0) size 4x21
              text run at (0,0) width 4: "\x{661}"
        RenderBlock (floating) {OL} at (132,66) size 365x42
          RenderListItem {LI} at (300,0) size 45x21
            RenderListMarker at (-58,0) size 53x21: "-\x{662}\x{661}\x{664}\x{667}\x{664}\x{668}\x{663}\x{666}\x{664}\x{668}"
            RenderInline (generated) at (0,0) size 5x21
              RenderText at (0,0) size 5x21
                text run at (0,0) width 5: "-"
            RenderText {#text} at (5,0) size 40x21
              text run at (5,0) width 40: "\x{662}\x{661}\x{664}\x{667}\x{664}\x{668}\x{663}\x{666}\x{664}\x{668}"
          RenderListItem {LI} at (300,21) size 45x21
            RenderListMarker at (-58,0) size 53x21: "-\x{662}\x{661}\x{664}\x{667}\x{664}\x{668}\x{663}\x{666}\x{664}\x{667}"
            RenderInline (generated) at (0,0) size 5x21
              RenderText at (0,0) size 5x21
                text run at (0,0) width 5: "-"
            RenderText {#text} at (5,0) size 40x21
              text run at (5,0) width 40: "\x{662}\x{661}\x{664}\x{667}\x{664}\x{668}\x{663}\x{666}\x{664}\x{667}"
      RenderBlock {DIV} at (0,216) size 768x273
        RenderBlock {H2} at (0,242) size 768x31
          RenderText {#text} at (0,0) size 68x32
            text run at (0,0) width 68: "binary"
        RenderBlock (floating) {OL} at (0,308) size 76x42
          RenderListItem {LI} at (40,0) size 16x21
            RenderListMarker at (-21,0) size 16x21: "1"
            RenderText {#text} at (0,0) size 8x21
              text run at (0,0) width 8: "1"
          RenderListItem {LI} at (40,21) size 16x21
            RenderListMarker at (-29,0) size 24x21: "10"
            RenderText {#text} at (0,0) size 16x21
              text run at (0,0) width 16: "10"
        RenderBlock (floating) {OL} at (76,308) size 68x21
          RenderListItem {LI} at (40,0) size 8x21
            RenderListMarker at (-21,0) size 16x21: "1"
            RenderText {#text} at (0,0) size 8x21
              text run at (0,0) width 8: "1"
        RenderBlock (floating) {OL} at (144,308) size 573x42
          RenderListItem {LI} at (300,0) size 253x21
            RenderListMarker at (-274,0) size 269x21: "-10000000000000000000000000000000"
            RenderInline (generated) at (0,0) size 5x21
              RenderText at (0,0) size 5x21
                text run at (0,0) width 5: "-"
            RenderText {#text} at (5,0) size 248x21
              text run at (5,0) width 248: "1000000000000000000000000000000"
          RenderListItem {LI} at (300,21) size 253x21
            RenderListMarker at (-266,0) size 261x21: "-1111111111111111111111111111111"
            RenderInline (generated) at (0,0) size 5x21
              RenderText at (0,0) size 5x21
                text run at (0,0) width 5: "-"
            RenderText {#text} at (5,0) size 240x21
              text run at (5,0) width 240: "111111111111111111111111111111"
      RenderBlock {DIV} at (0,508) size 768x105
        RenderBlock {H2} at (0,74) size 768x31
          RenderText {#text} at (0,0) size 75x32
            text run at (0,0) width 75: "bengali"
        RenderBlock (floating) {OL} at (0,140) size 92x210
          RenderListItem {LI} at (40,0) size 32x21
            RenderListMarker at (-29,0) size 24x21: "\x{9E7}"
            RenderText {#text} at (0,0) size 16x21
              text run at (0,0) width 16: "\x{9E7}"
          RenderListItem {LI} at (40,21) size 32x21
            RenderListMarker at (-29,0) size 24x21: "\x{9E8}"
            RenderText {#text} at (0,0) size 16x21
              text run at (0,0) width 16: "\x{9E8}"
          RenderListItem {LI} at (40,42) size 32x21
            RenderListMarker at (-29,0) size 24x21: "\x{9E9}"
            RenderText {#text} at (0,0) size 16x21
              text run at (0,0) width 16: "\x{9E9}"
          RenderListItem {LI} at (40,63) size 32x21
            RenderListMarker at (-29,0) size 24x21: "\x{9EA}"
            RenderText {#text} at (0,0) size 16x21
              text run at (0,0) width 16: "\x{9EA}"
          RenderListItem {LI} at (40,84) size 32x21
            RenderListMarker at (-29,0) size 24x21: "\x{9EB}"
            RenderText {#text} at (0,0) size 16x21
              text run at (0,0) width 16: "\x{9EB}"
          RenderListItem {LI} at (40,105) size 32x21
            RenderListMarker at (-29,0) size 24x21: "\x{9EC}"
            RenderText {#text} at (0,0) size 16x21
              text run at (0,0) width 16: "\x{9EC}"
          RenderListItem {LI} at (40,126) size 32x21
            RenderListMarker at (-29,0) size 24x21: "\x{9ED}"
            RenderText {#text} at (0,0) size 16x21
              text run at (0,0) width 16: "\x{9ED}"
          RenderListItem {LI} at (40,147) size 32x21
            RenderListMarker at (-29,0) size 24x21: "\x{9EE}"
            RenderText {#text} at (0,0) size 16x21
              text run at (0,0) width 16: "\x{9EE}"
          RenderListItem {LI} at (40,168) size 32x21
            RenderListMarker at (-29,0) size 24x21: "\x{9EF}"
            RenderText {#text} at (0,0) size 16x21
              text run at (0,0) width 16: "\x{9EF}"
          RenderListItem {LI} at (40,189) size 32x21
            RenderListMarker at (-45,0) size 40x21: "\x{9E7}\x{9E6}"
            RenderText {#text} at (0,0) size 32x21
              text run at (0,0) width 32: "\x{9E7}\x{9E6}"
        RenderBlock (floating) {OL} at (92,140) size 76x21
          RenderListItem {LI} at (40,0) size 16x21
            RenderListMarker at (-29,0) size 24x21: "\x{9E7}"
            RenderText {#text} at (0,0) size 16x21
              text run at (0,0) width 16: "\x{9E7}"
        RenderBlock (floating) {OL} at (168,140) size 485x42
          RenderListItem {LI} at (300,0) size 165x21
            RenderListMarker at (-178,0) size 173x21: "-\x{9E8}\x{9E7}\x{9EA}\x{9ED}\x{9EA}\x{9EE}\x{9E9}\x{9EC}\x{9EA}\x{9EE}"
            RenderInline (generated) at (0,0) size 5x21
              RenderText at (0,0) size 5x21
                text run at (0,0) width 5: "-"
            RenderText {#text} at (5,0) size 160x21
              text run at (5,0) width 160: "\x{9E8}\x{9E7}\x{9EA}\x{9ED}\x{9EA}\x{9EE}\x{9E9}\x{9EC}\x{9EA}\x{9EE}"
          RenderListItem {LI} at (300,21) size 165x21
            RenderListMarker at (-178,0) size 173x21: "-\x{9E8}\x{9E7}\x{9EA}\x{9ED}\x{9EA}\x{9EE}\x{9E9}\x{9EC}\x{9EA}\x{9ED}"
            RenderInline (generated) at (0,0) size 5x21
              RenderText at (0,0) size 5x21
                text run at (0,0) width 5: "-"
            RenderText {#text} at (5,0) size 160x21
              text run at (5,0) width 160: "\x{9E8}\x{9E7}\x{9EA}\x{9ED}\x{9EA}\x{9EE}\x{9E9}\x{9EC}\x{9EA}\x{9ED}"
      RenderBlock {DIV} at (0,632) size 768x273
        RenderBlock {H2} at (0,242) size 768x31
          RenderText {#text} at (0,0) size 113x32
            text run at (0,0) width 113: "cambodian"
        RenderBlock (floating) {OL} at (0,308) size 92x210
          RenderListItem {LI} at (40,0) size 32x21
            RenderListMarker at (-29,0) size 24x21: "\x{17E1}"
            RenderText {#text} at (0,0) size 16x21
              text run at (0,0) width 16: "\x{17E1}"
          RenderListItem {LI} at (40,21) size 32x21
            RenderListMarker at (-29,0) size 24x21: "\x{17E2}"
            RenderText {#text} at (0,0) size 16x21
              text run at (0,0) width 16: "\x{17E2}"
          RenderListItem {LI} at (40,42) size 32x21
            RenderListMarker at (-29,0) size 24x21: "\x{17E3}"
            RenderText {#text} at (0,0) size 16x21
              text run at (0,0) width 16: "\x{17E3}"
          RenderListItem {LI} at (40,63) size 32x21
            RenderListMarker at (-29,0) size 24x21: "\x{17E4}"
            RenderText {#text} at (0,0) size 16x21
              text run at (0,0) width 16: "\x{17E4}"
          RenderListItem {LI} at (40,84) size 32x21
            RenderListMarker at (-29,0) size 24x21: "\x{17E5}"
            RenderText {#text} at (0,0) size 16x21
              text run at (0,0) width 16: "\x{17E5}"
          RenderListItem {LI} at (40,105) size 32x21
            RenderListMarker at (-29,0) size 24x21: "\x{17E6}"
            RenderText {#text} at (0,0) size 16x21
              text run at (0,0) width 16: "\x{17E6}"
          RenderListItem {LI} at (40,126) size 32x21
            RenderListMarker at (-29,0) size 24x21: "\x{17E7}"
            RenderText {#text} at (0,0) size 16x21
              text run at (0,0) width 16: "\x{17E7}"
          RenderListItem {LI} at (40,147) size 32x21
            RenderListMarker at (-29,0) size 24x21: "\x{17E8}"
            RenderText {#text} at (0,0) size 16x21
              text run at (0,0) width 16: "\x{17E8}"
          RenderListItem {LI} at (40,168) size 32x21
            RenderListMarker at (-29,0) size 24x21: "\x{17E9}"
            RenderText {#text} at (0,0) size 16x21
              text run at (0,0) width 16: "\x{17E9}"
          RenderListItem {LI} at (40,189) size 32x21
            RenderListMarker at (-45,0) size 40x21: "\x{17E1}\x{17E0}"
            RenderText {#text} at (0,0) size 32x21
              text run at (0,0) width 32: "\x{17E1}\x{17E0}"
        RenderBlock (floating) {OL} at (92,308) size 76x21
          RenderListItem {LI} at (40,0) size 16x21
            RenderListMarker at (-29,0) size 24x21: "\x{17E1}"
            RenderText {#text} at (0,0) size 16x21
              text run at (0,0) width 16: "\x{17E1}"
        RenderBlock (floating) {OL} at (168,308) size 485x42
          RenderListItem {LI} at (300,0) size 165x21
            RenderListMarker at (-178,0) size 173x21: "-\x{17E2}\x{17E1}\x{17E4}\x{17E7}\x{17E4}\x{17E8}\x{17E3}\x{17E6}\x{17E4}\x{17E8}"
            RenderInline (generated) at (0,0) size 5x21
              RenderText at (0,0) size 5x21
                text run at (0,0) width 5: "-"
            RenderText {#text} at (5,0) size 160x21
              text run at (5,0) width 160: "\x{17E2}\x{17E1}\x{17E4}\x{17E7}\x{17E4}\x{17E8}\x{17E3}\x{17E6}\x{17E4}\x{17E8}"
          RenderListItem {LI} at (300,21) size 165x21
            RenderListMarker at (-178,0) size 173x21: "-\x{17E2}\x{17E1}\x{17E4}\x{17E7}\x{17E4}\x{17E8}\x{17E3}\x{17E6}\x{17E4}\x{17E7}"
            RenderInline (generated) at (0,0) size 5x21
              RenderText at (0,0) size 5x21
                text run at (0,0) width 5: "-"
            RenderText {#text} at (5,0) size 160x21
              text run at (5,0) width 160: "\x{17E2}\x{17E1}\x{17E4}\x{17E7}\x{17E4}\x{17E8}\x{17E3}\x{17E6}\x{17E4}\x{17E7}"
      RenderBlock {DIV} at (0,924) size 768x273
        RenderBlock {H2} at (0,242) size 768x31
          RenderText {#text} at (0,0) size 68x32
            text run at (0,0) width 68: "khmer"
        RenderBlock (floating) {OL} at (0,308) size 92x210
          RenderListItem {LI} at (40,0) size 32x21
            RenderListMarker at (-29,0) size 24x21: "\x{17E1}"
            RenderText {#text} at (0,0) size 16x21
              text run at (0,0) width 16: "\x{17E1}"
          RenderListItem {LI} at (40,21) size 32x21
            RenderListMarker at (-29,0) size 24x21: "\x{17E2}"
            RenderText {#text} at (0,0) size 16x21
              text run at (0,0) width 16: "\x{17E2}"
          RenderListItem {LI} at (40,42) size 32x21
            RenderListMarker at (-29,0) size 24x21: "\x{17E3}"
            RenderText {#text} at (0,0) size 16x21
              text run at (0,0) width 16: "\x{17E3}"
          RenderListItem {LI} at (40,63) size 32x21
            RenderListMarker at (-29,0) size 24x21: "\x{17E4}"
            RenderText {#text} at (0,0) size 16x21
              text run at (0,0) width 16: "\x{17E4}"
          RenderListItem {LI} at (40,84) size 32x21
            RenderListMarker at (-29,0) size 24x21: "\x{17E5}"
            RenderText {#text} at (0,0) size 16x21
              text run at (0,0) width 16: "\x{17E5}"
          RenderListItem {LI} at (40,105) size 32x21
            RenderListMarker at (-29,0) size 24x21: "\x{17E6}"
            RenderText {#text} at (0,0) size 16x21
              text run at (0,0) width 16: "\x{17E6}"
          RenderListItem {LI} at (40,126) size 32x21
            RenderListMarker at (-29,0) size 24x21: "\x{17E7}"
            RenderText {#text} at (0,0) size 16x21
              text run at (0,0) width 16: "\x{17E7}"
          RenderListItem {LI} at (40,147) size 32x21
            RenderListMarker at (-29,0) size 24x21: "\x{17E8}"
            RenderText {#text} at (0,0) size 16x21
              text run at (0,0) width 16: "\x{17E8}"
          RenderListItem {LI} at (40,168) size 32x21
            RenderListMarker at (-29,0) size 24x21: "\x{17E9}"
            RenderText {#text} at (0,0) size 16x21
              text run at (0,0) width 16: "\x{17E9}"
          RenderListItem {LI} at (40,189) size 32x21
            RenderListMarker at (-45,0) size 40x21: "\x{17E1}\x{17E0}"
            RenderText {#text} at (0,0) size 32x21
              text run at (0,0) width 32: "\x{17E1}\x{17E0}"
        RenderBlock (floating) {OL} at (92,308) size 76x21
          RenderListItem {LI} at (40,0) size 16x21
            RenderListMarker at (-29,0) size 24x21: "\x{17E1}"
            RenderText {#text} at (0,0) size 16x21
              text run at (0,0) width 16: "\x{17E1}"
        RenderBlock (floating) {OL} at (168,308) size 485x42
          RenderListItem {LI} at (300,0) size 165x21
            RenderListMarker at (-178,0) size 173x21: "-\x{17E2}\x{17E1}\x{17E4}\x{17E7}\x{17E4}\x{17E8}\x{17E3}\x{17E6}\x{17E4}\x{17E8}"
            RenderInline (generated) at (0,0) size 5x21
              RenderText at (0,0) size 5x21
                text run at (0,0) width 5: "-"
            RenderText {#text} at (5,0) size 160x21
              text run at (5,0) width 160: "\x{17E2}\x{17E1}\x{17E4}\x{17E7}\x{17E4}\x{17E8}\x{17E3}\x{17E6}\x{17E4}\x{17E8}"
          RenderListItem {LI} at (300,21) size 165x21
            RenderListMarker at (-178,0) size 173x21: "-\x{17E2}\x{17E1}\x{17E4}\x{17E7}\x{17E4}\x{17E8}\x{17E3}\x{17E6}\x{17E4}\x{17E7}"
            RenderInline (generated) at (0,0) size 5x21
              RenderText at (0,0) size 5x21
                text run at (0,0) width 5: "-"
            RenderText {#text} at (5,0) size 160x21
              text run at (5,0) width 160: "\x{17E2}\x{17E1}\x{17E4}\x{17E7}\x{17E4}\x{17E8}\x{17E3}\x{17E6}\x{17E4}\x{17E7}"
      RenderBlock {DIV} at (0,1216) size 768x273
        RenderBlock {H2} at (0,242) size 768x31
          RenderText {#text} at (0,0) size 81x32
            text run at (0,0) width 81: "decimal"
        RenderBlock (floating) {OL} at (0,308) size 76x210
          RenderListItem {LI} at (40,0) size 16x21
            RenderListMarker at (-21,0) size 16x21: "1"
            RenderText {#text} at (0,0) size 8x21
              text run at (0,0) width 8: "1"
          RenderListItem {LI} at (40,21) size 16x21
            RenderListMarker at (-21,0) size 16x21: "2"
            RenderText {#text} at (0,0) size 8x21
              text run at (0,0) width 8: "2"
          RenderListItem {LI} at (40,42) size 16x21
            RenderListMarker at (-21,0) size 16x21: "3"
            RenderText {#text} at (0,0) size 8x21
              text run at (0,0) width 8: "3"
          RenderListItem {LI} at (40,63) size 16x21
            RenderListMarker at (-21,0) size 16x21: "4"
            RenderText {#text} at (0,0) size 8x21
              text run at (0,0) width 8: "4"
          RenderListItem {LI} at (40,84) size 16x21
            RenderListMarker at (-21,0) size 16x21: "5"
            RenderText {#text} at (0,0) size 8x21
              text run at (0,0) width 8: "5"
          RenderListItem {LI} at (40,105) size 16x21
            RenderListMarker at (-21,0) size 16x21: "6"
            RenderText {#text} at (0,0) size 8x21
              text run at (0,0) width 8: "6"
          RenderListItem {LI} at (40,126) size 16x21
            RenderListMarker at (-21,0) size 16x21: "7"
            RenderText {#text} at (0,0) size 8x21
              text run at (0,0) width 8: "7"
          RenderListItem {LI} at (40,147) size 16x21
            RenderListMarker at (-21,0) size 16x21: "8"
            RenderText {#text} at (0,0) size 8x21
              text run at (0,0) width 8: "8"
          RenderListItem {LI} at (40,168) size 16x21
            RenderListMarker at (-21,0) size 16x21: "9"
            RenderText {#text} at (0,0) size 8x21
              text run at (0,0) width 8: "9"
          RenderListItem {LI} at (40,189) size 16x21
            RenderListMarker at (-29,0) size 24x21: "10"
            RenderText {#text} at (0,0) size 16x21
              text run at (0,0) width 16: "10"
        RenderBlock (floating) {OL} at (76,308) size 68x21
          RenderListItem {LI} at (40,0) size 8x21
            RenderListMarker at (-21,0) size 16x21: "1"
            RenderText {#text} at (0,0) size 8x21
              text run at (0,0) width 8: "1"
        RenderBlock (floating) {OL} at (144,308) size 405x42
          RenderListItem {LI} at (300,0) size 85x21
            RenderListMarker at (-98,0) size 93x21: "-2147483648"
            RenderInline (generated) at (0,0) size 5x21
              RenderText at (0,0) size 5x21
                text run at (0,0) width 5: "-"
            RenderText {#text} at (5,0) size 80x21
              text run at (5,0) width 80: "2147483648"
          RenderListItem {LI} at (300,21) size 85x21
            RenderListMarker at (-98,0) size 93x21: "-2147483647"
            RenderInline (generated) at (0,0) size 5x21
              RenderText at (0,0) size 5x21
                text run at (0,0) width 5: "-"
            RenderText {#text} at (5,0) size 80x21
              text run at (5,0) width 80: "2147483647"
      RenderBlock {DIV} at (0,1508) size 768x273
        RenderBlock {H2} at (0,242) size 768x31
          RenderText {#text} at (0,0) size 217x32
            text run at (0,0) width 217: "decimal-leading-zero"
        RenderBlock (floating) {OL} at (0,308) size 76x210
          RenderListItem {LI} at (40,0) size 16x21
            RenderListMarker at (-29,0) size 24x21: "01"
            RenderText {#text} at (0,0) size 16x21
              text run at (0,0) width 16: "01"
          RenderListItem {LI} at (40,21) size 16x21
            RenderListMarker at (-29,0) size 24x21: "02"
            RenderText {#text} at (0,0) size 16x21
              text run at (0,0) width 16: "02"
          RenderListItem {LI} at (40,42) size 16x21
            RenderListMarker at (-29,0) size 24x21: "03"
            RenderText {#text} at (0,0) size 16x21
              text run at (0,0) width 16: "03"
          RenderListItem {LI} at (40,63) size 16x21
            RenderListMarker at (-29,0) size 24x21: "04"
            RenderText {#text} at (0,0) size 16x21
              text run at (0,0) width 16: "04"
          RenderListItem {LI} at (40,84) size 16x21
            RenderListMarker at (-29,0) size 24x21: "05"
            RenderText {#text} at (0,0) size 16x21
              text run at (0,0) width 16: "05"
          RenderListItem {LI} at (40,105) size 16x21
            RenderListMarker at (-29,0) size 24x21: "06"
            RenderText {#text} at (0,0) size 16x21
              text run at (0,0) width 16: "06"
          RenderListItem {LI} at (40,126) size 16x21
            RenderListMarker at (-29,0) size 24x21: "07"
            RenderText {#text} at (0,0) size 16x21
              text run at (0,0) width 16: "07"
          RenderListItem {LI} at (40,147) size 16x21
            RenderListMarker at (-29,0) size 24x21: "08"
            RenderText {#text} at (0,0) size 16x21
              text run at (0,0) width 16: "08"
          RenderListItem {LI} at (40,168) size 16x21
            RenderListMarker at (-29,0) size 24x21: "09"
            RenderText {#text} at (0,0) size 16x21
              text run at (0,0) width 16: "09"
          RenderListItem {LI} at (40,189) size 16x21
            RenderListMarker at (-29,0) size 24x21: "10"
            RenderText {#text} at (0,0) size 16x21
              text run at (0,0) width 16: "10"
        RenderBlock (floating) {OL} at (76,308) size 76x21
          RenderListItem {LI} at (40,0) size 16x21
            RenderListMarker at (-29,0) size 24x21: "01"
            RenderText {#text} at (0,0) size 16x21
              text run at (0,0) width 16: "01"
        RenderBlock (floating) {OL} at (152,308) size 405x42
          RenderListItem {LI} at (300,0) size 85x21
            RenderListMarker at (-98,0) size 93x21: "-2147483648"
            RenderInline (generated) at (0,0) size 5x21
              RenderText at (0,0) size 5x21
                text run at (0,0) width 5: "-"
            RenderText {#text} at (5,0) size 80x21
              text run at (5,0) width 80: "2147483648"
          RenderListItem {LI} at (300,21) size 85x21
            RenderListMarker at (-98,0) size 93x21: "-2147483647"
            RenderInline (generated) at (0,0) size 5x21
              RenderText at (0,0) size 5x21
                text run at (0,0) width 5: "-"
            RenderText {#text} at (5,0) size 80x21
              text run at (5,0) width 80: "2147483647"
      RenderBlock {DIV} at (0,1800) size 768x273
        RenderBlock {H2} at (0,242) size 768x31
          RenderText {#text} at (0,0) size 115x32
            text run at (0,0) width 115: "devanagari"
        RenderBlock (floating) {OL} at (0,308) size 92x210
          RenderListItem {LI} at (40,0) size 32x21
            RenderListMarker at (-29,0) size 24x21: "\x{967}"
            RenderText {#text} at (0,0) size 16x21
              text run at (0,0) width 16: "\x{967}"
          RenderListItem {LI} at (40,21) size 32x21
            RenderListMarker at (-29,0) size 24x21: "\x{968}"
            RenderText {#text} at (0,0) size 16x21
              text run at (0,0) width 16: "\x{968}"
          RenderListItem {LI} at (40,42) size 32x21
            RenderListMarker at (-29,0) size 24x21: "\x{969}"
            RenderText {#text} at (0,0) size 16x21
              text run at (0,0) width 16: "\x{969}"
          RenderListItem {LI} at (40,63) size 32x21
            RenderListMarker at (-29,0) size 24x21: "\x{96A}"
            RenderText {#text} at (0,0) size 16x21
              text run at (0,0) width 16: "\x{96A}"
          RenderListItem {LI} at (40,84) size 32x21
            RenderListMarker at (-29,0) size 24x21: "\x{96B}"
            RenderText {#text} at (0,0) size 16x21
              text run at (0,0) width 16: "\x{96B}"
          RenderListItem {LI} at (40,105) size 32x21
            RenderListMarker at (-29,0) size 24x21: "\x{96C}"
            RenderText {#text} at (0,0) size 16x21
              text run at (0,0) width 16: "\x{96C}"
          RenderListItem {LI} at (40,126) size 32x21
            RenderListMarker at (-29,0) size 24x21: "\x{96D}"
            RenderText {#text} at (0,0) size 16x21
              text run at (0,0) width 16: "\x{96D}"
          RenderListItem {LI} at (40,147) size 32x21
            RenderListMarker at (-29,0) size 24x21: "\x{96E}"
            RenderText {#text} at (0,0) size 16x21
              text run at (0,0) width 16: "\x{96E}"
          RenderListItem {LI} at (40,168) size 32x21
            RenderListMarker at (-29,0) size 24x21: "\x{96F}"
            RenderText {#text} at (0,0) size 16x21
              text run at (0,0) width 16: "\x{96F}"
          RenderListItem {LI} at (40,189) size 32x21
            RenderListMarker at (-45,0) size 40x21: "\x{967}\x{966}"
            RenderText {#text} at (0,0) size 32x21
              text run at (0,0) width 32: "\x{967}\x{966}"
        RenderBlock (floating) {OL} at (92,308) size 76x21
          RenderListItem {LI} at (40,0) size 16x21
            RenderListMarker at (-29,0) size 24x21: "\x{967}"
            RenderText {#text} at (0,0) size 16x21
              text run at (0,0) width 16: "\x{967}"
        RenderBlock (floating) {OL} at (168,308) size 485x42
          RenderListItem {LI} at (300,0) size 165x21
            RenderListMarker at (-178,0) size 173x21: "-\x{968}\x{967}\x{96A}\x{96D}\x{96A}\x{96E}\x{969}\x{96C}\x{96A}\x{96E}"
            RenderInline (generated) at (0,0) size 5x21
              RenderText at (0,0) size 5x21
                text run at (0,0) width 5: "-"
            RenderText {#text} at (5,0) size 160x21
              text run at (5,0) width 160: "\x{968}\x{967}\x{96A}\x{96D}\x{96A}\x{96E}\x{969}\x{96C}\x{96A}\x{96E}"
          RenderListItem {LI} at (300,21) size 165x21
            RenderListMarker at (-178,0) size 173x21: "-\x{968}\x{967}\x{96A}\x{96D}\x{96A}\x{96E}\x{969}\x{96C}\x{96A}\x{96D}"
            RenderInline (generated) at (0,0) size 5x21
              RenderText at (0,0) size 5x21
                text run at (0,0) width 5: "-"
            RenderText {#text} at (5,0) size 160x21
              text run at (5,0) width 160: "\x{968}\x{967}\x{96A}\x{96D}\x{96A}\x{96E}\x{969}\x{96C}\x{96A}\x{96D}"
      RenderBlock {DIV} at (0,2092) size 768x273
        RenderBlock {H2} at (0,242) size 768x31
          RenderText {#text} at (0,0) size 83x32
            text run at (0,0) width 83: "gujarati"
        RenderBlock (floating) {OL} at (0,308) size 92x210
          RenderListItem {LI} at (40,0) size 32x21
            RenderListMarker at (-29,0) size 24x21: "\x{AE7}"
            RenderText {#text} at (0,0) size 16x21
              text run at (0,0) width 16: "\x{AE7}"
          RenderListItem {LI} at (40,21) size 32x21
            RenderListMarker at (-29,0) size 24x21: "\x{AE8}"
            RenderText {#text} at (0,0) size 16x21
              text run at (0,0) width 16: "\x{AE8}"
          RenderListItem {LI} at (40,42) size 32x21
            RenderListMarker at (-29,0) size 24x21: "\x{AE9}"
            RenderText {#text} at (0,0) size 16x21
              text run at (0,0) width 16: "\x{AE9}"
          RenderListItem {LI} at (40,63) size 32x21
            RenderListMarker at (-29,0) size 24x21: "\x{AEA}"
            RenderText {#text} at (0,0) size 16x21
              text run at (0,0) width 16: "\x{AEA}"
          RenderListItem {LI} at (40,84) size 32x21
            RenderListMarker at (-29,0) size 24x21: "\x{AEB}"
            RenderText {#text} at (0,0) size 16x21
              text run at (0,0) width 16: "\x{AEB}"
          RenderListItem {LI} at (40,105) size 32x21
            RenderListMarker at (-29,0) size 24x21: "\x{AEC}"
            RenderText {#text} at (0,0) size 16x21
              text run at (0,0) width 16: "\x{AEC}"
          RenderListItem {LI} at (40,126) size 32x21
            RenderListMarker at (-29,0) size 24x21: "\x{AED}"
            RenderText {#text} at (0,0) size 16x21
              text run at (0,0) width 16: "\x{AED}"
          RenderListItem {LI} at (40,147) size 32x21
            RenderListMarker at (-29,0) size 24x21: "\x{AEE}"
            RenderText {#text} at (0,0) size 16x21
              text run at (0,0) width 16: "\x{AEE}"
          RenderListItem {LI} at (40,168) size 32x21
            RenderListMarker at (-29,0) size 24x21: "\x{AEF}"
            RenderText {#text} at (0,0) size 16x21
              text run at (0,0) width 16: "\x{AEF}"
          RenderListItem {LI} at (40,189) size 32x21
            RenderListMarker at (-45,0) size 40x21: "\x{AE7}\x{AE6}"
            RenderText {#text} at (0,0) size 32x21
              text run at (0,0) width 32: "\x{AE7}\x{AE6}"
        RenderBlock (floating) {OL} at (92,308) size 76x21
          RenderListItem {LI} at (40,0) size 16x21
            RenderListMarker at (-29,0) size 24x21: "\x{AE7}"
            RenderText {#text} at (0,0) size 16x21
              text run at (0,0) width 16: "\x{AE7}"
        RenderBlock (floating) {OL} at (168,308) size 485x42
          RenderListItem {LI} at (300,0) size 165x21
            RenderListMarker at (-178,0) size 173x21: "-\x{AE8}\x{AE7}\x{AEA}\x{AED}\x{AEA}\x{AEE}\x{AE9}\x{AEC}\x{AEA}\x{AEE}"
            RenderInline (generated) at (0,0) size 5x21
              RenderText at (0,0) size 5x21
                text run at (0,0) width 5: "-"
            RenderText {#text} at (5,0) size 160x21
              text run at (5,0) width 160: "\x{AE8}\x{AE7}\x{AEA}\x{AED}\x{AEA}\x{AEE}\x{AE9}\x{AEC}\x{AEA}\x{AEE}"
          RenderListItem {LI} at (300,21) size 165x21
            RenderListMarker at (-178,0) size 173x21: "-\x{AE8}\x{AE7}\x{AEA}\x{AED}\x{AEA}\x{AEE}\x{AE9}\x{AEC}\x{AEA}\x{AED}"
            RenderInline (generated) at (0,0) size 5x21
              RenderText at (0,0) size 5x21
                text run at (0,0) width 5: "-"
            RenderText {#text} at (5,0) size 160x21
              text run at (5,0) width 160: "\x{AE8}\x{AE7}\x{AEA}\x{AED}\x{AEA}\x{AEE}\x{AE9}\x{AEC}\x{AEA}\x{AED}"
      RenderBlock {DIV} at (0,2384) size 768x273
        RenderBlock {H2} at (0,242) size 768x31
          RenderText {#text} at (0,0) size 102x32
            text run at (0,0) width 102: "gurmukhi"
        RenderBlock (floating) {OL} at (0,308) size 92x210
          RenderListItem {LI} at (40,0) size 32x21
            RenderListMarker at (-29,0) size 24x21: "\x{A67}"
            RenderText {#text} at (0,0) size 16x21
              text run at (0,0) width 16: "\x{A67}"
          RenderListItem {LI} at (40,21) size 32x21
            RenderListMarker at (-29,0) size 24x21: "\x{A68}"
            RenderText {#text} at (0,0) size 16x21
              text run at (0,0) width 16: "\x{A68}"
          RenderListItem {LI} at (40,42) size 32x21
            RenderListMarker at (-29,0) size 24x21: "\x{A69}"
            RenderText {#text} at (0,0) size 16x21
              text run at (0,0) width 16: "\x{A69}"
          RenderListItem {LI} at (40,63) size 32x21
            RenderListMarker at (-29,0) size 24x21: "\x{A6A}"
            RenderText {#text} at (0,0) size 16x21
              text run at (0,0) width 16: "\x{A6A}"
          RenderListItem {LI} at (40,84) size 32x21
            RenderListMarker at (-29,0) size 24x21: "\x{A6B}"
            RenderText {#text} at (0,0) size 16x21
              text run at (0,0) width 16: "\x{A6B}"
          RenderListItem {LI} at (40,105) size 32x21
            RenderListMarker at (-29,0) size 24x21: "\x{A6C}"
            RenderText {#text} at (0,0) size 16x21
              text run at (0,0) width 16: "\x{A6C}"
          RenderListItem {LI} at (40,126) size 32x21
            RenderListMarker at (-29,0) size 24x21: "\x{A6D}"
            RenderText {#text} at (0,0) size 16x21
              text run at (0,0) width 16: "\x{A6D}"
          RenderListItem {LI} at (40,147) size 32x21
            RenderListMarker at (-29,0) size 24x21: "\x{A6E}"
            RenderText {#text} at (0,0) size 16x21
              text run at (0,0) width 16: "\x{A6E}"
          RenderListItem {LI} at (40,168) size 32x21
            RenderListMarker at (-29,0) size 24x21: "\x{A6F}"
            RenderText {#text} at (0,0) size 16x21
              text run at (0,0) width 16: "\x{A6F}"
          RenderListItem {LI} at (40,189) size 32x21
            RenderListMarker at (-45,0) size 40x21: "\x{A67}\x{A66}"
            RenderText {#text} at (0,0) size 32x21
              text run at (0,0) width 32: "\x{A67}\x{A66}"
        RenderBlock (floating) {OL} at (92,308) size 76x21
          RenderListItem {LI} at (40,0) size 16x21
            RenderListMarker at (-29,0) size 24x21: "\x{A67}"
            RenderText {#text} at (0,0) size 16x21
              text run at (0,0) width 16: "\x{A67}"
        RenderBlock (floating) {OL} at (168,308) size 485x42
          RenderListItem {LI} at (300,0) size 165x21
            RenderListMarker at (-178,0) size 173x21: "-\x{A68}\x{A67}\x{A6A}\x{A6D}\x{A6A}\x{A6E}\x{A69}\x{A6C}\x{A6A}\x{A6E}"
            RenderInline (generated) at (0,0) size 5x21
              RenderText at (0,0) size 5x21
                text run at (0,0) width 5: "-"
            RenderText {#text} at (5,0) size 160x21
              text run at (5,0) width 160: "\x{A68}\x{A67}\x{A6A}\x{A6D}\x{A6A}\x{A6E}\x{A69}\x{A6C}\x{A6A}\x{A6E}"
          RenderListItem {LI} at (300,21) size 165x21
            RenderListMarker at (-178,0) size 173x21: "-\x{A68}\x{A67}\x{A6A}\x{A6D}\x{A6A}\x{A6E}\x{A69}\x{A6C}\x{A6A}\x{A6D}"
            RenderInline (generated) at (0,0) size 5x21
              RenderText at (0,0) size 5x21
                text run at (0,0) width 5: "-"
            RenderText {#text} at (5,0) size 160x21
              text run at (5,0) width 160: "\x{A68}\x{A67}\x{A6A}\x{A6D}\x{A6A}\x{A6E}\x{A69}\x{A6C}\x{A6A}\x{A6D}"
      RenderBlock {DIV} at (0,2676) size 768x273
        RenderBlock {H2} at (0,242) size 768x31
          RenderText {#text} at (0,0) size 88x32
            text run at (0,0) width 88: "kannada"
        RenderBlock (floating) {OL} at (0,308) size 92x210
          RenderListItem {LI} at (40,0) size 32x21
            RenderListMarker at (-29,0) size 24x21: "\x{CE7}"
            RenderText {#text} at (0,0) size 16x21
              text run at (0,0) width 16: "\x{CE7}"
          RenderListItem {LI} at (40,21) size 32x21
            RenderListMarker at (-29,0) size 24x21: "\x{CE8}"
            RenderText {#text} at (0,0) size 16x21
              text run at (0,0) width 16: "\x{CE8}"
          RenderListItem {LI} at (40,42) size 32x21
            RenderListMarker at (-29,0) size 24x21: "\x{CE9}"
            RenderText {#text} at (0,0) size 16x21
              text run at (0,0) width 16: "\x{CE9}"
          RenderListItem {LI} at (40,63) size 32x21
            RenderListMarker at (-29,0) size 24x21: "\x{CEA}"
            RenderText {#text} at (0,0) size 16x21
              text run at (0,0) width 16: "\x{CEA}"
          RenderListItem {LI} at (40,84) size 32x21
            RenderListMarker at (-29,0) size 24x21: "\x{CEB}"
            RenderText {#text} at (0,0) size 16x21
              text run at (0,0) width 16: "\x{CEB}"
          RenderListItem {LI} at (40,105) size 32x21
            RenderListMarker at (-29,0) size 24x21: "\x{CEC}"
            RenderText {#text} at (0,0) size 16x21
              text run at (0,0) width 16: "\x{CEC}"
          RenderListItem {LI} at (40,126) size 32x21
            RenderListMarker at (-29,0) size 24x21: "\x{CED}"
            RenderText {#text} at (0,0) size 16x21
              text run at (0,0) width 16: "\x{CED}"
          RenderListItem {LI} at (40,147) size 32x21
            RenderListMarker at (-29,0) size 24x21: "\x{CEE}"
            RenderText {#text} at (0,0) size 16x21
              text run at (0,0) width 16: "\x{CEE}"
          RenderListItem {LI} at (40,168) size 32x21
            RenderListMarker at (-29,0) size 24x21: "\x{CEF}"
            RenderText {#text} at (0,0) size 16x21
              text run at (0,0) width 16: "\x{CEF}"
          RenderListItem {LI} at (40,189) size 32x21
            RenderListMarker at (-45,0) size 40x21: "\x{CE7}\x{CE6}"
            RenderText {#text} at (0,0) size 32x21
              text run at (0,0) width 32: "\x{CE7}\x{CE6}"
        RenderBlock (floating) {OL} at (92,308) size 76x21
          RenderListItem {LI} at (40,0) size 16x21
            RenderListMarker at (-29,0) size 24x21: "\x{CE7}"
            RenderText {#text} at (0,0) size 16x21
              text run at (0,0) width 16: "\x{CE7}"
        RenderBlock (floating) {OL} at (168,308) size 485x42
          RenderListItem {LI} at (300,0) size 165x21
            RenderListMarker at (-178,0) size 173x21: "-\x{CE8}\x{CE7}\x{CEA}\x{CED}\x{CEA}\x{CEE}\x{CE9}\x{CEC}\x{CEA}\x{CEE}"
            RenderInline (generated) at (0,0) size 5x21
              RenderText at (0,0) size 5x21
                text run at (0,0) width 5: "-"
            RenderText {#text} at (5,0) size 160x21
              text run at (5,0) width 160: "\x{CE8}\x{CE7}\x{CEA}\x{CED}\x{CEA}\x{CEE}\x{CE9}\x{CEC}\x{CEA}\x{CEE}"
          RenderListItem {LI} at (300,21) size 165x21
            RenderListMarker at (-178,0) size 173x21: "-\x{CE8}\x{CE7}\x{CEA}\x{CED}\x{CEA}\x{CEE}\x{CE9}\x{CEC}\x{CEA}\x{CED}"
            RenderInline (generated) at (0,0) size 5x21
              RenderText at (0,0) size 5x21
                text run at (0,0) width 5: "-"
            RenderText {#text} at (5,0) size 160x21
              text run at (5,0) width 160: "\x{CE8}\x{CE7}\x{CEA}\x{CED}\x{CEA}\x{CEE}\x{CE9}\x{CEC}\x{CEA}\x{CED}"
      RenderBlock {DIV} at (0,2968) size 768x273
        RenderBlock {H2} at (0,242) size 768x31
          RenderText {#text} at (0,0) size 195x32
            text run at (0,0) width 195: "lower-hexadecimal"
        RenderBlock (floating) {OL} at (0,308) size 76x336
          RenderListItem {LI} at (40,0) size 16x21
            RenderListMarker at (-21,0) size 16x21: "1"
            RenderText {#text} at (0,0) size 8x21
              text run at (0,0) width 8: "1"
          RenderListItem {LI} at (40,21) size 16x21
            RenderListMarker at (-21,0) size 16x21: "2"
            RenderText {#text} at (0,0) size 8x21
              text run at (0,0) width 8: "2"
          RenderListItem {LI} at (40,42) size 16x21
            RenderListMarker at (-21,0) size 16x21: "3"
            RenderText {#text} at (0,0) size 8x21
              text run at (0,0) width 8: "3"
          RenderListItem {LI} at (40,63) size 16x21
            RenderListMarker at (-21,0) size 16x21: "4"
            RenderText {#text} at (0,0) size 8x21
              text run at (0,0) width 8: "4"
          RenderListItem {LI} at (40,84) size 16x21
            RenderListMarker at (-21,0) size 16x21: "5"
            RenderText {#text} at (0,0) size 8x21
              text run at (0,0) width 8: "5"
          RenderListItem {LI} at (40,105) size 16x21
            RenderListMarker at (-21,0) size 16x21: "6"
            RenderText {#text} at (0,0) size 8x21
              text run at (0,0) width 8: "6"
          RenderListItem {LI} at (40,126) size 16x21
            RenderListMarker at (-21,0) size 16x21: "7"
            RenderText {#text} at (0,0) size 8x21
              text run at (0,0) width 8: "7"
          RenderListItem {LI} at (40,147) size 16x21
            RenderListMarker at (-21,0) size 16x21: "8"
            RenderText {#text} at (0,0) size 8x21
              text run at (0,0) width 8: "8"
          RenderListItem {LI} at (40,168) size 16x21
            RenderListMarker at (-21,0) size 16x21: "9"
            RenderText {#text} at (0,0) size 8x21
              text run at (0,0) width 8: "9"
          RenderListItem {LI} at (40,189) size 16x21
            RenderListMarker at (-21,0) size 16x21: "a"
            RenderText {#text} at (0,0) size 8x21
              text run at (0,0) width 8: "a"
          RenderListItem {LI} at (40,210) size 16x21
            RenderListMarker at (-22,0) size 17x21: "b"
            RenderText {#text} at (0,0) size 9x21
              text run at (0,0) width 9: "b"
          RenderListItem {LI} at (40,231) size 16x21
            RenderListMarker at (-20,0) size 15x21: "c"
            RenderText {#text} at (0,0) size 7x21
              text run at (0,0) width 7: "c"
          RenderListItem {LI} at (40,252) size 16x21
            RenderListMarker at (-22,0) size 17x21: "d"
            RenderText {#text} at (0,0) size 9x21
              text run at (0,0) width 9: "d"
          RenderListItem {LI} at (40,273) size 16x21
            RenderListMarker at (-20,0) size 15x21: "e"
            RenderText {#text} at (0,0) size 7x21
              text run at (0,0) width 7: "e"
          RenderListItem {LI} at (40,294) size 16x21
            RenderListMarker at (-18,0) size 13x21: "f"
            RenderText {#text} at (0,0) size 5x21
              text run at (0,0) width 5: "f"
          RenderListItem {LI} at (40,315) size 16x21
            RenderListMarker at (-29,0) size 24x21: "10"
            RenderText {#text} at (0,0) size 16x21
              text run at (0,0) width 16: "10"
        RenderBlock (floating) {OL} at (76,308) size 68x21
          RenderListItem {LI} at (40,0) size 8x21
            RenderListMarker at (-21,0) size 16x21: "1"
            RenderText {#text} at (0,0) size 8x21
              text run at (0,0) width 8: "1"
        RenderBlock (floating) {OL} at (144,308) size 389x42
          RenderListItem {LI} at (300,0) size 69x21
            RenderListMarker at (-82,0) size 77x21: "-80000000"
            RenderInline (generated) at (0,0) size 5x21
              RenderText at (0,0) size 5x21
                text run at (0,0) width 5: "-"
            RenderText {#text} at (5,0) size 64x21
              text run at (5,0) width 64: "80000000"
          RenderListItem {LI} at (300,21) size 69x21
            RenderListMarker at (-61,0) size 56x21: "-7fffffff"
            RenderInline (generated) at (0,0) size 5x21
              RenderText at (0,0) size 5x21
                text run at (0,0) width 5: "-"
            RenderText {#text} at (5,0) size 43x21
              text run at (5,0) width 43: "7fffffff"
      RenderBlock {DIV} at (0,3260) size 768x399
        RenderBlock {H2} at (0,368) size 768x31
          RenderText {#text} at (0,0) size 31x32
            text run at (0,0) width 31: "lao"
        RenderBlock (floating) {OL} at (0,434) size 92x210
          RenderListItem {LI} at (40,0) size 32x21
            RenderListMarker at (-29,0) size 24x21: "\x{ED1}"
            RenderText {#text} at (0,0) size 16x21
              text run at (0,0) width 16: "\x{ED1}"
          RenderListItem {LI} at (40,21) size 32x21
            RenderListMarker at (-29,0) size 24x21: "\x{ED2}"
            RenderText {#text} at (0,0) size 16x21
              text run at (0,0) width 16: "\x{ED2}"
          RenderListItem {LI} at (40,42) size 32x21
            RenderListMarker at (-29,0) size 24x21: "\x{ED3}"
            RenderText {#text} at (0,0) size 16x21
              text run at (0,0) width 16: "\x{ED3}"
          RenderListItem {LI} at (40,63) size 32x21
            RenderListMarker at (-29,0) size 24x21: "\x{ED4}"
            RenderText {#text} at (0,0) size 16x21
              text run at (0,0) width 16: "\x{ED4}"
          RenderListItem {LI} at (40,84) size 32x21
            RenderListMarker at (-29,0) size 24x21: "\x{ED5}"
            RenderText {#text} at (0,0) size 16x21
              text run at (0,0) width 16: "\x{ED5}"
          RenderListItem {LI} at (40,105) size 32x21
            RenderListMarker at (-29,0) size 24x21: "\x{ED6}"
            RenderText {#text} at (0,0) size 16x21
              text run at (0,0) width 16: "\x{ED6}"
          RenderListItem {LI} at (40,126) size 32x21
            RenderListMarker at (-29,0) size 24x21: "\x{ED7}"
            RenderText {#text} at (0,0) size 16x21
              text run at (0,0) width 16: "\x{ED7}"
          RenderListItem {LI} at (40,147) size 32x21
            RenderListMarker at (-29,0) size 24x21: "\x{ED8}"
            RenderText {#text} at (0,0) size 16x21
              text run at (0,0) width 16: "\x{ED8}"
          RenderListItem {LI} at (40,168) size 32x21
            RenderListMarker at (-29,0) size 24x21: "\x{ED9}"
            RenderText {#text} at (0,0) size 16x21
              text run at (0,0) width 16: "\x{ED9}"
          RenderListItem {LI} at (40,189) size 32x21
            RenderListMarker at (-45,0) size 40x21: "\x{ED1}\x{ED0}"
            RenderText {#text} at (0,0) size 32x21
              text run at (0,0) width 32: "\x{ED1}\x{ED0}"
        RenderBlock (floating) {OL} at (92,434) size 76x21
          RenderListItem {LI} at (40,0) size 16x21
            RenderListMarker at (-29,0) size 24x21: "\x{ED1}"
            RenderText {#text} at (0,0) size 16x21
              text run at (0,0) width 16: "\x{ED1}"
        RenderBlock (floating) {OL} at (168,434) size 485x42
          RenderListItem {LI} at (300,0) size 165x21
            RenderListMarker at (-178,0) size 173x21: "-\x{ED2}\x{ED1}\x{ED4}\x{ED7}\x{ED4}\x{ED8}\x{ED3}\x{ED6}\x{ED4}\x{ED8}"
            RenderInline (generated) at (0,0) size 5x21
              RenderText at (0,0) size 5x21
                text run at (0,0) width 5: "-"
            RenderText {#text} at (5,0) size 160x21
              text run at (5,0) width 160: "\x{ED2}\x{ED1}\x{ED4}\x{ED7}\x{ED4}\x{ED8}\x{ED3}\x{ED6}\x{ED4}\x{ED8}"
          RenderListItem {LI} at (300,21) size 165x21
            RenderListMarker at (-178,0) size 173x21: "-\x{ED2}\x{ED1}\x{ED4}\x{ED7}\x{ED4}\x{ED8}\x{ED3}\x{ED6}\x{ED4}\x{ED7}"
            RenderInline (generated) at (0,0) size 5x21
              RenderText at (0,0) size 5x21
                text run at (0,0) width 5: "-"
            RenderText {#text} at (5,0) size 160x21
              text run at (5,0) width 160: "\x{ED2}\x{ED1}\x{ED4}\x{ED7}\x{ED4}\x{ED8}\x{ED3}\x{ED6}\x{ED4}\x{ED7}"
      RenderBlock {DIV} at (0,3678) size 768x273
        RenderBlock {H2} at (0,242) size 768x31
          RenderText {#text} at (0,0) size 114x32
            text run at (0,0) width 114: "malayalam"
        RenderBlock (floating) {OL} at (0,308) size 92x210
          RenderListItem {LI} at (40,0) size 32x21
            RenderListMarker at (-29,0) size 24x21: "\x{D67}"
            RenderText {#text} at (0,0) size 16x21
              text run at (0,0) width 16: "\x{D67}"
          RenderListItem {LI} at (40,21) size 32x21
            RenderListMarker at (-29,0) size 24x21: "\x{D68}"
            RenderText {#text} at (0,0) size 16x21
              text run at (0,0) width 16: "\x{D68}"
          RenderListItem {LI} at (40,42) size 32x21
            RenderListMarker at (-29,0) size 24x21: "\x{D69}"
            RenderText {#text} at (0,0) size 16x21
              text run at (0,0) width 16: "\x{D69}"
          RenderListItem {LI} at (40,63) size 32x21
            RenderListMarker at (-29,0) size 24x21: "\x{D6A}"
            RenderText {#text} at (0,0) size 16x21
              text run at (0,0) width 16: "\x{D6A}"
          RenderListItem {LI} at (40,84) size 32x21
            RenderListMarker at (-29,0) size 24x21: "\x{D6B}"
            RenderText {#text} at (0,0) size 16x21
              text run at (0,0) width 16: "\x{D6B}"
          RenderListItem {LI} at (40,105) size 32x21
            RenderListMarker at (-29,0) size 24x21: "\x{D6C}"
            RenderText {#text} at (0,0) size 16x21
              text run at (0,0) width 16: "\x{D6C}"
          RenderListItem {LI} at (40,126) size 32x21
            RenderListMarker at (-29,0) size 24x21: "\x{D6D}"
            RenderText {#text} at (0,0) size 16x21
              text run at (0,0) width 16: "\x{D6D}"
          RenderListItem {LI} at (40,147) size 32x21
            RenderListMarker at (-29,0) size 24x21: "\x{D6E}"
            RenderText {#text} at (0,0) size 16x21
              text run at (0,0) width 16: "\x{D6E}"
          RenderListItem {LI} at (40,168) size 32x21
            RenderListMarker at (-29,0) size 24x21: "\x{D6F}"
            RenderText {#text} at (0,0) size 16x21
              text run at (0,0) width 16: "\x{D6F}"
          RenderListItem {LI} at (40,189) size 32x21
            RenderListMarker at (-45,0) size 40x21: "\x{D67}\x{D66}"
            RenderText {#text} at (0,0) size 32x21
              text run at (0,0) width 32: "\x{D67}\x{D66}"
        RenderBlock (floating) {OL} at (92,308) size 76x21
          RenderListItem {LI} at (40,0) size 16x21
            RenderListMarker at (-29,0) size 24x21: "\x{D67}"
            RenderText {#text} at (0,0) size 16x21
              text run at (0,0) width 16: "\x{D67}"
        RenderBlock (floating) {OL} at (168,308) size 485x42
          RenderListItem {LI} at (300,0) size 165x21
            RenderListMarker at (-178,0) size 173x21: "-\x{D68}\x{D67}\x{D6A}\x{D6D}\x{D6A}\x{D6E}\x{D69}\x{D6C}\x{D6A}\x{D6E}"
            RenderInline (generated) at (0,0) size 5x21
              RenderText at (0,0) size 5x21
                text run at (0,0) width 5: "-"
            RenderText {#text} at (5,0) size 160x21
              text run at (5,0) width 160: "\x{D68}\x{D67}\x{D6A}\x{D6D}\x{D6A}\x{D6E}\x{D69}\x{D6C}\x{D6A}\x{D6E}"
          RenderListItem {LI} at (300,21) size 165x21
            RenderListMarker at (-178,0) size 173x21: "-\x{D68}\x{D67}\x{D6A}\x{D6D}\x{D6A}\x{D6E}\x{D69}\x{D6C}\x{D6A}\x{D6D}"
            RenderInline (generated) at (0,0) size 5x21
              RenderText at (0,0) size 5x21
                text run at (0,0) width 5: "-"
            RenderText {#text} at (5,0) size 160x21
              text run at (5,0) width 160: "\x{D68}\x{D67}\x{D6A}\x{D6D}\x{D6A}\x{D6E}\x{D69}\x{D6C}\x{D6A}\x{D6D}"
      RenderBlock {DIV} at (0,3970) size 768x273
        RenderBlock {H2} at (0,242) size 768x31
          RenderText {#text} at (0,0) size 108x32
            text run at (0,0) width 108: "mongolian"
        RenderBlock (floating) {OL} at (0,308) size 68x210
          RenderListItem {LI} at (40,0) size 8x21
            RenderListMarker at (-17,0) size 12x21: "\x{1811}"
            RenderText {#text} at (0,0) size 4x21
              text run at (0,0) width 4: "\x{1811}"
          RenderListItem {LI} at (40,21) size 8x21
            RenderListMarker at (-17,0) size 12x21: "\x{1812}"
            RenderText {#text} at (0,0) size 4x21
              text run at (0,0) width 4: "\x{1812}"
          RenderListItem {LI} at (40,42) size 8x21
            RenderListMarker at (-17,0) size 12x21: "\x{1813}"
            RenderText {#text} at (0,0) size 4x21
              text run at (0,0) width 4: "\x{1813}"
          RenderListItem {LI} at (40,63) size 8x21
            RenderListMarker at (-17,0) size 12x21: "\x{1814}"
            RenderText {#text} at (0,0) size 4x21
              text run at (0,0) width 4: "\x{1814}"
          RenderListItem {LI} at (40,84) size 8x21
            RenderListMarker at (-17,0) size 12x21: "\x{1815}"
            RenderText {#text} at (0,0) size 4x21
              text run at (0,0) width 4: "\x{1815}"
          RenderListItem {LI} at (40,105) size 8x21
            RenderListMarker at (-17,0) size 12x21: "\x{1816}"
            RenderText {#text} at (0,0) size 4x21
              text run at (0,0) width 4: "\x{1816}"
          RenderListItem {LI} at (40,126) size 8x21
            RenderListMarker at (-17,0) size 12x21: "\x{1817}"
            RenderText {#text} at (0,0) size 4x21
              text run at (0,0) width 4: "\x{1817}"
          RenderListItem {LI} at (40,147) size 8x21
            RenderListMarker at (-17,0) size 12x21: "\x{1818}"
            RenderText {#text} at (0,0) size 4x21
              text run at (0,0) width 4: "\x{1818}"
          RenderListItem {LI} at (40,168) size 8x21
            RenderListMarker at (-17,0) size 12x21: "\x{1819}"
            RenderText {#text} at (0,0) size 4x21
              text run at (0,0) width 4: "\x{1819}"
          RenderListItem {LI} at (40,189) size 8x21
            RenderListMarker at (-21,0) size 16x21: "\x{1811}\x{1810}"
            RenderText {#text} at (0,0) size 8x21
              text run at (0,0) width 8: "\x{1811}\x{1810}"
        RenderBlock (floating) {OL} at (68,308) size 64x21
          RenderListItem {LI} at (40,0) size 4x21
            RenderListMarker at (-17,0) size 12x21: "\x{1811}"
            RenderText {#text} at (0,0) size 4x21
              text run at (0,0) width 4: "\x{1811}"
        RenderBlock (floating) {OL} at (132,308) size 365x42
          RenderListItem {LI} at (300,0) size 45x21
            RenderListMarker at (-58,0) size 53x21: "-\x{1812}\x{1811}\x{1814}\x{1817}\x{1814}\x{1818}\x{1813}\x{1816}\x{1814}\x{1818}"
            RenderInline (generated) at (0,0) size 5x21
              RenderText at (0,0) size 5x21
                text run at (0,0) width 5: "-"
            RenderText {#text} at (5,0) size 40x21
              text run at (5,0) width 40: "\x{1812}\x{1811}\x{1814}\x{1817}\x{1814}\x{1818}\x{1813}\x{1816}\x{1814}\x{1818}"
          RenderListItem {LI} at (300,21) size 45x21
            RenderListMarker at (-58,0) size 53x21: "-\x{1812}\x{1811}\x{1814}\x{1817}\x{1814}\x{1818}\x{1813}\x{1816}\x{1814}\x{1817}"
            RenderInline (generated) at (0,0) size 5x21
              RenderText at (0,0) size 5x21
                text run at (0,0) width 5: "-"
            RenderText {#text} at (5,0) size 40x21
              text run at (5,0) width 40: "\x{1812}\x{1811}\x{1814}\x{1817}\x{1814}\x{1818}\x{1813}\x{1816}\x{1814}\x{1817}"
      RenderBlock {DIV} at (0,4262) size 768x273
        RenderBlock {H2} at (0,242) size 768x31
          RenderText {#text} at (0,0) size 100x32
            text run at (0,0) width 100: "myanmar"
        RenderBlock (floating) {OL} at (0,308) size 92x210
          RenderListItem {LI} at (40,0) size 32x21
            RenderListMarker at (-29,0) size 24x21: "\x{1041}"
            RenderText {#text} at (0,0) size 16x21
              text run at (0,0) width 16: "\x{1041}"
          RenderListItem {LI} at (40,21) size 32x21
            RenderListMarker at (-29,0) size 24x21: "\x{1042}"
            RenderText {#text} at (0,0) size 16x21
              text run at (0,0) width 16: "\x{1042}"
          RenderListItem {LI} at (40,42) size 32x21
            RenderListMarker at (-29,0) size 24x21: "\x{1043}"
            RenderText {#text} at (0,0) size 16x21
              text run at (0,0) width 16: "\x{1043}"
          RenderListItem {LI} at (40,63) size 32x21
            RenderListMarker at (-29,0) size 24x21: "\x{1044}"
            RenderText {#text} at (0,0) size 16x21
              text run at (0,0) width 16: "\x{1044}"
          RenderListItem {LI} at (40,84) size 32x21
            RenderListMarker at (-29,0) size 24x21: "\x{1045}"
            RenderText {#text} at (0,0) size 16x21
              text run at (0,0) width 16: "\x{1045}"
          RenderListItem {LI} at (40,105) size 32x21
            RenderListMarker at (-29,0) size 24x21: "\x{1046}"
            RenderText {#text} at (0,0) size 16x21
              text run at (0,0) width 16: "\x{1046}"
          RenderListItem {LI} at (40,126) size 32x21
            RenderListMarker at (-29,0) size 24x21: "\x{1047}"
            RenderText {#text} at (0,0) size 16x21
              text run at (0,0) width 16: "\x{1047}"
          RenderListItem {LI} at (40,147) size 32x21
            RenderListMarker at (-29,0) size 24x21: "\x{1048}"
            RenderText {#text} at (0,0) size 16x21
              text run at (0,0) width 16: "\x{1048}"
          RenderListItem {LI} at (40,168) size 32x21
            RenderListMarker at (-29,0) size 24x21: "\x{1049}"
            RenderText {#text} at (0,0) size 16x21
              text run at (0,0) width 16: "\x{1049}"
          RenderListItem {LI} at (40,189) size 32x21
            RenderListMarker at (-45,0) size 40x21: "\x{1041}\x{1040}"
            RenderText {#text} at (0,0) size 32x21
              text run at (0,0) width 32: "\x{1041}\x{1040}"
        RenderBlock (floating) {OL} at (92,308) size 76x21
          RenderListItem {LI} at (40,0) size 16x21
            RenderListMarker at (-29,0) size 24x21: "\x{1041}"
            RenderText {#text} at (0,0) size 16x21
              text run at (0,0) width 16: "\x{1041}"
        RenderBlock (floating) {OL} at (168,308) size 485x42
          RenderListItem {LI} at (300,0) size 165x21
            RenderListMarker at (-178,0) size 173x21: "-\x{1042}\x{1041}\x{1044}\x{1047}\x{1044}\x{1048}\x{1043}\x{1046}\x{1044}\x{1048}"
            RenderInline (generated) at (0,0) size 5x21
              RenderText at (0,0) size 5x21
                text run at (0,0) width 5: "-"
            RenderText {#text} at (5,0) size 160x21
              text run at (5,0) width 160: "\x{1042}\x{1041}\x{1044}\x{1047}\x{1044}\x{1048}\x{1043}\x{1046}\x{1044}\x{1048}"
          RenderListItem {LI} at (300,21) size 165x21
            RenderListMarker at (-178,0) size 173x21: "-\x{1042}\x{1041}\x{1044}\x{1047}\x{1044}\x{1048}\x{1043}\x{1046}\x{1044}\x{1047}"
            RenderInline (generated) at (0,0) size 5x21
              RenderText at (0,0) size 5x21
                text run at (0,0) width 5: "-"
            RenderText {#text} at (5,0) size 160x21
              text run at (5,0) width 160: "\x{1042}\x{1041}\x{1044}\x{1047}\x{1044}\x{1048}\x{1043}\x{1046}\x{1044}\x{1047}"
      RenderBlock {DIV} at (0,4554) size 768x273
        RenderBlock {H2} at (0,242) size 768x31
          RenderText {#text} at (0,0) size 50x32
            text run at (0,0) width 50: "octal"
        RenderBlock (floating) {OL} at (0,308) size 76x168
          RenderListItem {LI} at (40,0) size 16x21
            RenderListMarker at (-21,0) size 16x21: "1"
            RenderText {#text} at (0,0) size 8x21
              text run at (0,0) width 8: "1"
          RenderListItem {LI} at (40,21) size 16x21
            RenderListMarker at (-21,0) size 16x21: "2"
            RenderText {#text} at (0,0) size 8x21
              text run at (0,0) width 8: "2"
          RenderListItem {LI} at (40,42) size 16x21
            RenderListMarker at (-21,0) size 16x21: "3"
            RenderText {#text} at (0,0) size 8x21
              text run at (0,0) width 8: "3"
          RenderListItem {LI} at (40,63) size 16x21
            RenderListMarker at (-21,0) size 16x21: "4"
            RenderText {#text} at (0,0) size 8x21
              text run at (0,0) width 8: "4"
          RenderListItem {LI} at (40,84) size 16x21
            RenderListMarker at (-21,0) size 16x21: "5"
            RenderText {#text} at (0,0) size 8x21
              text run at (0,0) width 8: "5"
          RenderListItem {LI} at (40,105) size 16x21
            RenderListMarker at (-21,0) size 16x21: "6"
            RenderText {#text} at (0,0) size 8x21
              text run at (0,0) width 8: "6"
          RenderListItem {LI} at (40,126) size 16x21
            RenderListMarker at (-21,0) size 16x21: "7"
            RenderText {#text} at (0,0) size 8x21
              text run at (0,0) width 8: "7"
          RenderListItem {LI} at (40,147) size 16x21
            RenderListMarker at (-29,0) size 24x21: "10"
            RenderText {#text} at (0,0) size 16x21
              text run at (0,0) width 16: "10"
        RenderBlock (floating) {OL} at (76,308) size 68x21
          RenderListItem {LI} at (40,0) size 8x21
            RenderListMarker at (-21,0) size 16x21: "1"
            RenderText {#text} at (0,0) size 8x21
              text run at (0,0) width 8: "1"
        RenderBlock (floating) {OL} at (144,308) size 413x42
          RenderListItem {LI} at (300,0) size 93x21
            RenderListMarker at (-106,0) size 101x21: "-20000000000"
            RenderInline (generated) at (0,0) size 5x21
              RenderText at (0,0) size 5x21
                text run at (0,0) width 5: "-"
            RenderText {#text} at (5,0) size 88x21
              text run at (5,0) width 88: "20000000000"
          RenderListItem {LI} at (300,21) size 93x21
            RenderListMarker at (-106,0) size 101x21: "-17777777777"
            RenderInline (generated) at (0,0) size 5x21
              RenderText at (0,0) size 5x21
                text run at (0,0) width 5: "-"
            RenderText {#text} at (5,0) size 88x21
              text run at (5,0) width 88: "17777777777"
      RenderBlock {DIV} at (0,4846) size 768x231
        RenderBlock {H2} at (0,200) size 768x31
          RenderText {#text} at (0,0) size 54x32
            text run at (0,0) width 54: "oriya"
        RenderBlock (floating) {OL} at (0,266) size 92x210
          RenderListItem {LI} at (40,0) size 32x21
            RenderListMarker at (-29,0) size 24x21: "\x{B67}"
            RenderText {#text} at (0,0) size 16x21
              text run at (0,0) width 16: "\x{B67}"
          RenderListItem {LI} at (40,21) size 32x21
            RenderListMarker at (-29,0) size 24x21: "\x{B68}"
            RenderText {#text} at (0,0) size 16x21
              text run at (0,0) width 16: "\x{B68}"
          RenderListItem {LI} at (40,42) size 32x21
            RenderListMarker at (-29,0) size 24x21: "\x{B69}"
            RenderText {#text} at (0,0) size 16x21
              text run at (0,0) width 16: "\x{B69}"
          RenderListItem {LI} at (40,63) size 32x21
            RenderListMarker at (-29,0) size 24x21: "\x{B6A}"
            RenderText {#text} at (0,0) size 16x21
              text run at (0,0) width 16: "\x{B6A}"
          RenderListItem {LI} at (40,84) size 32x21
            RenderListMarker at (-29,0) size 24x21: "\x{B6B}"
            RenderText {#text} at (0,0) size 16x21
              text run at (0,0) width 16: "\x{B6B}"
          RenderListItem {LI} at (40,105) size 32x21
            RenderListMarker at (-29,0) size 24x21: "\x{B6C}"
            RenderText {#text} at (0,0) size 16x21
              text run at (0,0) width 16: "\x{B6C}"
          RenderListItem {LI} at (40,126) size 32x21
            RenderListMarker at (-29,0) size 24x21: "\x{B6D}"
            RenderText {#text} at (0,0) size 16x21
              text run at (0,0) width 16: "\x{B6D}"
          RenderListItem {LI} at (40,147) size 32x21
            RenderListMarker at (-29,0) size 24x21: "\x{B6E}"
            RenderText {#text} at (0,0) size 16x21
              text run at (0,0) width 16: "\x{B6E}"
          RenderListItem {LI} at (40,168) size 32x21
            RenderListMarker at (-29,0) size 24x21: "\x{B6F}"
            RenderText {#text} at (0,0) size 16x21
              text run at (0,0) width 16: "\x{B6F}"
          RenderListItem {LI} at (40,189) size 32x21
            RenderListMarker at (-45,0) size 40x21: "\x{B67}\x{B66}"
            RenderText {#text} at (0,0) size 32x21
              text run at (0,0) width 32: "\x{B67}\x{B66}"
        RenderBlock (floating) {OL} at (92,266) size 76x21
          RenderListItem {LI} at (40,0) size 16x21
            RenderListMarker at (-29,0) size 24x21: "\x{B67}"
            RenderText {#text} at (0,0) size 16x21
              text run at (0,0) width 16: "\x{B67}"
        RenderBlock (floating) {OL} at (168,266) size 485x42
          RenderListItem {LI} at (300,0) size 165x21
            RenderListMarker at (-178,0) size 173x21: "-\x{B68}\x{B67}\x{B6A}\x{B6D}\x{B6A}\x{B6E}\x{B69}\x{B6C}\x{B6A}\x{B6E}"
            RenderInline (generated) at (0,0) size 5x21
              RenderText at (0,0) size 5x21
                text run at (0,0) width 5: "-"
            RenderText {#text} at (5,0) size 160x21
              text run at (5,0) width 160: "\x{B68}\x{B67}\x{B6A}\x{B6D}\x{B6A}\x{B6E}\x{B69}\x{B6C}\x{B6A}\x{B6E}"
          RenderListItem {LI} at (300,21) size 165x21
            RenderListMarker at (-178,0) size 173x21: "-\x{B68}\x{B67}\x{B6A}\x{B6D}\x{B6A}\x{B6E}\x{B69}\x{B6C}\x{B6A}\x{B6D}"
            RenderInline (generated) at (0,0) size 5x21
              RenderText at (0,0) size 5x21
                text run at (0,0) width 5: "-"
            RenderText {#text} at (5,0) size 160x21
              text run at (5,0) width 160: "\x{B68}\x{B67}\x{B6A}\x{B6D}\x{B6A}\x{B6E}\x{B69}\x{B6C}\x{B6A}\x{B6D}"
      RenderBlock {DIV} at (0,5096) size 768x273
        RenderBlock {H2} at (0,242) size 768x31
          RenderText {#text} at (0,0) size 76x32
            text run at (0,0) width 76: "persian"
        RenderBlock (floating) {OL} at (0,308) size 92x210
          RenderListItem {LI} at (40,0) size 32x21
            RenderListMarker at (-29,0) size 24x21: "\x{6F1}"
            RenderText {#text} at (0,0) size 16x21
              text run at (0,0) width 16: "\x{6F1}"
          RenderListItem {LI} at (40,21) size 32x21
            RenderListMarker at (-29,0) size 24x21: "\x{6F2}"
            RenderText {#text} at (0,0) size 16x21
              text run at (0,0) width 16: "\x{6F2}"
          RenderListItem {LI} at (40,42) size 32x21
            RenderListMarker at (-29,0) size 24x21: "\x{6F3}"
            RenderText {#text} at (0,0) size 16x21
              text run at (0,0) width 16: "\x{6F3}"
          RenderListItem {LI} at (40,63) size 32x21
            RenderListMarker at (-29,0) size 24x21: "\x{6F4}"
            RenderText {#text} at (0,0) size 16x21
              text run at (0,0) width 16: "\x{6F4}"
          RenderListItem {LI} at (40,84) size 32x21
            RenderListMarker at (-29,0) size 24x21: "\x{6F5}"
            RenderText {#text} at (0,0) size 16x21
              text run at (0,0) width 16: "\x{6F5}"
          RenderListItem {LI} at (40,105) size 32x21
            RenderListMarker at (-29,0) size 24x21: "\x{6F6}"
            RenderText {#text} at (0,0) size 16x21
              text run at (0,0) width 16: "\x{6F6}"
          RenderListItem {LI} at (40,126) size 32x21
            RenderListMarker at (-29,0) size 24x21: "\x{6F7}"
            RenderText {#text} at (0,0) size 16x21
              text run at (0,0) width 16: "\x{6F7}"
          RenderListItem {LI} at (40,147) size 32x21
            RenderListMarker at (-29,0) size 24x21: "\x{6F8}"
            RenderText {#text} at (0,0) size 16x21
              text run at (0,0) width 16: "\x{6F8}"
          RenderListItem {LI} at (40,168) size 32x21
            RenderListMarker at (-29,0) size 24x21: "\x{6F9}"
            RenderText {#text} at (0,0) size 16x21
              text run at (0,0) width 16: "\x{6F9}"
          RenderListItem {LI} at (40,189) size 32x21
            RenderListMarker at (-45,0) size 40x21: "\x{6F1}\x{6F0}"
            RenderText {#text} at (0,0) size 32x21
              text run at (0,0) width 32: "\x{6F1}\x{6F0}"
        RenderBlock (floating) {OL} at (92,308) size 76x21
          RenderListItem {LI} at (40,0) size 16x21
            RenderListMarker at (-29,0) size 24x21: "\x{6F1}"
            RenderText {#text} at (0,0) size 16x21
              text run at (0,0) width 16: "\x{6F1}"
        RenderBlock (floating) {OL} at (168,308) size 485x42
          RenderListItem {LI} at (300,0) size 165x21
            RenderListMarker at (-178,0) size 173x21: "-\x{6F2}\x{6F1}\x{6F4}\x{6F7}\x{6F4}\x{6F8}\x{6F3}\x{6F6}\x{6F4}\x{6F8}"
            RenderInline (generated) at (0,0) size 5x21
              RenderText at (0,0) size 5x21
                text run at (0,0) width 5: "-"
            RenderText {#text} at (5,0) size 160x21
              text run at (5,0) width 160: "\x{6F2}\x{6F1}\x{6F4}\x{6F7}\x{6F4}\x{6F8}\x{6F3}\x{6F6}\x{6F4}\x{6F8}"
          RenderListItem {LI} at (300,21) size 165x21
            RenderListMarker at (-178,0) size 173x21: "-\x{6F2}\x{6F1}\x{6F4}\x{6F7}\x{6F4}\x{6F8}\x{6F3}\x{6F6}\x{6F4}\x{6F7}"
            RenderInline (generated) at (0,0) size 5x21
              RenderText at (0,0) size 5x21
                text run at (0,0) width 5: "-"
            RenderText {#text} at (5,0) size 160x21
              text run at (5,0) width 160: "\x{6F2}\x{6F1}\x{6F4}\x{6F7}\x{6F4}\x{6F8}\x{6F3}\x{6F6}\x{6F4}\x{6F7}"
      RenderBlock {DIV} at (0,5388) size 768x273
        RenderBlock {H2} at (0,242) size 768x31
          RenderText {#text} at (0,0) size 50x32
            text run at (0,0) width 50: "urdu"
        RenderBlock (floating) {OL} at (0,308) size 92x210
          RenderListItem {LI} at (40,0) size 32x21
            RenderListMarker at (-29,0) size 24x21: "\x{6F1}"
            RenderText {#text} at (0,0) size 16x21
              text run at (0,0) width 16: "\x{6F1}"
          RenderListItem {LI} at (40,21) size 32x21
            RenderListMarker at (-29,0) size 24x21: "\x{6F2}"
            RenderText {#text} at (0,0) size 16x21
              text run at (0,0) width 16: "\x{6F2}"
          RenderListItem {LI} at (40,42) size 32x21
            RenderListMarker at (-29,0) size 24x21: "\x{6F3}"
            RenderText {#text} at (0,0) size 16x21
              text run at (0,0) width 16: "\x{6F3}"
          RenderListItem {LI} at (40,63) size 32x21
            RenderListMarker at (-29,0) size 24x21: "\x{6F4}"
            RenderText {#text} at (0,0) size 16x21
              text run at (0,0) width 16: "\x{6F4}"
          RenderListItem {LI} at (40,84) size 32x21
            RenderListMarker at (-29,0) size 24x21: "\x{6F5}"
            RenderText {#text} at (0,0) size 16x21
              text run at (0,0) width 16: "\x{6F5}"
          RenderListItem {LI} at (40,105) size 32x21
            RenderListMarker at (-29,0) size 24x21: "\x{6F6}"
            RenderText {#text} at (0,0) size 16x21
              text run at (0,0) width 16: "\x{6F6}"
          RenderListItem {LI} at (40,126) size 32x21
            RenderListMarker at (-29,0) size 24x21: "\x{6F7}"
            RenderText {#text} at (0,0) size 16x21
              text run at (0,0) width 16: "\x{6F7}"
          RenderListItem {LI} at (40,147) size 32x21
            RenderListMarker at (-29,0) size 24x21: "\x{6F8}"
            RenderText {#text} at (0,0) size 16x21
              text run at (0,0) width 16: "\x{6F8}"
          RenderListItem {LI} at (40,168) size 32x21
            RenderListMarker at (-29,0) size 24x21: "\x{6F9}"
            RenderText {#text} at (0,0) size 16x21
              text run at (0,0) width 16: "\x{6F9}"
          RenderListItem {LI} at (40,189) size 32x21
            RenderListMarker at (-45,0) size 40x21: "\x{6F1}\x{6F0}"
            RenderText {#text} at (0,0) size 32x21
              text run at (0,0) width 32: "\x{6F1}\x{6F0}"
        RenderBlock (floating) {OL} at (92,308) size 76x21
          RenderListItem {LI} at (40,0) size 16x21
            RenderListMarker at (-29,0) size 24x21: "\x{6F1}"
            RenderText {#text} at (0,0) size 16x21
              text run at (0,0) width 16: "\x{6F1}"
        RenderBlock (floating) {OL} at (168,308) size 485x42
          RenderListItem {LI} at (300,0) size 165x21
            RenderListMarker at (-178,0) size 173x21: "-\x{6F2}\x{6F1}\x{6F4}\x{6F7}\x{6F4}\x{6F8}\x{6F3}\x{6F6}\x{6F4}\x{6F8}"
            RenderInline (generated) at (0,0) size 5x21
              RenderText at (0,0) size 5x21
                text run at (0,0) width 5: "-"
            RenderText {#text} at (5,0) size 160x21
              text run at (5,0) width 160: "\x{6F2}\x{6F1}\x{6F4}\x{6F7}\x{6F4}\x{6F8}\x{6F3}\x{6F6}\x{6F4}\x{6F8}"
          RenderListItem {LI} at (300,21) size 165x21
            RenderListMarker at (-178,0) size 173x21: "-\x{6F2}\x{6F1}\x{6F4}\x{6F7}\x{6F4}\x{6F8}\x{6F3}\x{6F6}\x{6F4}\x{6F7}"
            RenderInline (generated) at (0,0) size 5x21
              RenderText at (0,0) size 5x21
                text run at (0,0) width 5: "-"
            RenderText {#text} at (5,0) size 160x21
              text run at (5,0) width 160: "\x{6F2}\x{6F1}\x{6F4}\x{6F7}\x{6F4}\x{6F8}\x{6F3}\x{6F6}\x{6F4}\x{6F7}"
      RenderBlock {DIV} at (0,5680) size 768x273
        RenderBlock {H2} at (0,242) size 768x31
          RenderText {#text} at (0,0) size 64x32
            text run at (0,0) width 64: "telugu"
        RenderBlock (floating) {OL} at (0,308) size 92x210
          RenderListItem {LI} at (40,0) size 32x21
            RenderListMarker at (-29,0) size 24x21: "\x{C67}"
            RenderText {#text} at (0,0) size 16x21
              text run at (0,0) width 16: "\x{C67}"
          RenderListItem {LI} at (40,21) size 32x21
            RenderListMarker at (-29,0) size 24x21: "\x{C68}"
            RenderText {#text} at (0,0) size 16x21
              text run at (0,0) width 16: "\x{C68}"
          RenderListItem {LI} at (40,42) size 32x21
            RenderListMarker at (-29,0) size 24x21: "\x{C69}"
            RenderText {#text} at (0,0) size 16x21
              text run at (0,0) width 16: "\x{C69}"
          RenderListItem {LI} at (40,63) size 32x21
            RenderListMarker at (-29,0) size 24x21: "\x{C6A}"
            RenderText {#text} at (0,0) size 16x21
              text run at (0,0) width 16: "\x{C6A}"
          RenderListItem {LI} at (40,84) size 32x21
            RenderListMarker at (-29,0) size 24x21: "\x{C6B}"
            RenderText {#text} at (0,0) size 16x21
              text run at (0,0) width 16: "\x{C6B}"
          RenderListItem {LI} at (40,105) size 32x21
            RenderListMarker at (-29,0) size 24x21: "\x{C6C}"
            RenderText {#text} at (0,0) size 16x21
              text run at (0,0) width 16: "\x{C6C}"
          RenderListItem {LI} at (40,126) size 32x21
            RenderListMarker at (-29,0) size 24x21: "\x{C6D}"
            RenderText {#text} at (0,0) size 16x21
              text run at (0,0) width 16: "\x{C6D}"
          RenderListItem {LI} at (40,147) size 32x21
            RenderListMarker at (-29,0) size 24x21: "\x{C6E}"
            RenderText {#text} at (0,0) size 16x21
              text run at (0,0) width 16: "\x{C6E}"
          RenderListItem {LI} at (40,168) size 32x21
            RenderListMarker at (-29,0) size 24x21: "\x{C6F}"
            RenderText {#text} at (0,0) size 16x21
              text run at (0,0) width 16: "\x{C6F}"
          RenderListItem {LI} at (40,189) size 32x21
            RenderListMarker at (-45,0) size 40x21: "\x{C67}\x{C66}"
            RenderText {#text} at (0,0) size 32x21
              text run at (0,0) width 32: "\x{C67}\x{C66}"
        RenderBlock (floating) {OL} at (92,308) size 76x21
          RenderListItem {LI} at (40,0) size 16x21
            RenderListMarker at (-29,0) size 24x21: "\x{C67}"
            RenderText {#text} at (0,0) size 16x21
              text run at (0,0) width 16: "\x{C67}"
        RenderBlock (floating) {OL} at (168,308) size 485x42
          RenderListItem {LI} at (300,0) size 165x21
            RenderListMarker at (-178,0) size 173x21: "-\x{C68}\x{C67}\x{C6A}\x{C6D}\x{C6A}\x{C6E}\x{C69}\x{C6C}\x{C6A}\x{C6E}"
            RenderInline (generated) at (0,0) size 5x21
              RenderText at (0,0) size 5x21
                text run at (0,0) width 5: "-"
            RenderText {#text} at (5,0) size 160x21
              text run at (5,0) width 160: "\x{C68}\x{C67}\x{C6A}\x{C6D}\x{C6A}\x{C6E}\x{C69}\x{C6C}\x{C6A}\x{C6E}"
          RenderListItem {LI} at (300,21) size 165x21
            RenderListMarker at (-178,0) size 173x21: "-\x{C68}\x{C67}\x{C6A}\x{C6D}\x{C6A}\x{C6E}\x{C69}\x{C6C}\x{C6A}\x{C6D}"
            RenderInline (generated) at (0,0) size 5x21
              RenderText at (0,0) size 5x21
                text run at (0,0) width 5: "-"
            RenderText {#text} at (5,0) size 160x21
              text run at (5,0) width 160: "\x{C68}\x{C67}\x{C6A}\x{C6D}\x{C6A}\x{C6E}\x{C69}\x{C6C}\x{C6A}\x{C6D}"
      RenderBlock {DIV} at (0,5972) size 768x273
        RenderBlock {H2} at (0,242) size 768x31
          RenderText {#text} at (0,0) size 72x32
            text run at (0,0) width 72: "tibetan"
        RenderBlock (floating) {OL} at (0,308) size 92x210
          RenderListItem {LI} at (40,0) size 32x21
            RenderListMarker at (-29,0) size 24x21: "\x{F21}"
            RenderText {#text} at (0,0) size 16x21
              text run at (0,0) width 16: "\x{F21}"
          RenderListItem {LI} at (40,21) size 32x21
            RenderListMarker at (-29,0) size 24x21: "\x{F22}"
            RenderText {#text} at (0,0) size 16x21
              text run at (0,0) width 16: "\x{F22}"
          RenderListItem {LI} at (40,42) size 32x21
            RenderListMarker at (-29,0) size 24x21: "\x{F23}"
            RenderText {#text} at (0,0) size 16x21
              text run at (0,0) width 16: "\x{F23}"
          RenderListItem {LI} at (40,63) size 32x21
            RenderListMarker at (-29,0) size 24x21: "\x{F24}"
            RenderText {#text} at (0,0) size 16x21
              text run at (0,0) width 16: "\x{F24}"
          RenderListItem {LI} at (40,84) size 32x21
            RenderListMarker at (-29,0) size 24x21: "\x{F25}"
            RenderText {#text} at (0,0) size 16x21
              text run at (0,0) width 16: "\x{F25}"
          RenderListItem {LI} at (40,105) size 32x21
            RenderListMarker at (-29,0) size 24x21: "\x{F26}"
            RenderText {#text} at (0,0) size 16x21
              text run at (0,0) width 16: "\x{F26}"
          RenderListItem {LI} at (40,126) size 32x21
            RenderListMarker at (-29,0) size 24x21: "\x{F27}"
            RenderText {#text} at (0,0) size 16x21
              text run at (0,0) width 16: "\x{F27}"
          RenderListItem {LI} at (40,147) size 32x21
            RenderListMarker at (-29,0) size 24x21: "\x{F28}"
            RenderText {#text} at (0,0) size 16x21
              text run at (0,0) width 16: "\x{F28}"
          RenderListItem {LI} at (40,168) size 32x21
            RenderListMarker at (-29,0) size 24x21: "\x{F29}"
            RenderText {#text} at (0,0) size 16x21
              text run at (0,0) width 16: "\x{F29}"
          RenderListItem {LI} at (40,189) size 32x21
            RenderListMarker at (-45,0) size 40x21: "\x{F21}\x{F20}"
            RenderText {#text} at (0,0) size 32x21
              text run at (0,0) width 32: "\x{F21}\x{F20}"
        RenderBlock (floating) {OL} at (92,308) size 76x21
          RenderListItem {LI} at (40,0) size 16x21
            RenderListMarker at (-29,0) size 24x21: "\x{F21}"
            RenderText {#text} at (0,0) size 16x21
              text run at (0,0) width 16: "\x{F21}"
        RenderBlock (floating) {OL} at (168,308) size 485x42
          RenderListItem {LI} at (300,0) size 165x21
            RenderListMarker at (-178,0) size 173x21: "-\x{F22}\x{F21}\x{F24}\x{F27}\x{F24}\x{F28}\x{F23}\x{F26}\x{F24}\x{F28}"
            RenderInline (generated) at (0,0) size 5x21
              RenderText at (0,0) size 5x21
                text run at (0,0) width 5: "-"
            RenderText {#text} at (5,0) size 160x21
              text run at (5,0) width 160: "\x{F22}\x{F21}\x{F24}\x{F27}\x{F24}\x{F28}\x{F23}\x{F26}\x{F24}\x{F28}"
          RenderListItem {LI} at (300,21) size 165x21
            RenderListMarker at (-178,0) size 173x21: "-\x{F22}\x{F21}\x{F24}\x{F27}\x{F24}\x{F28}\x{F23}\x{F26}\x{F24}\x{F27}"
            RenderInline (generated) at (0,0) size 5x21
              RenderText at (0,0) size 5x21
                text run at (0,0) width 5: "-"
            RenderText {#text} at (5,0) size 160x21
              text run at (5,0) width 160: "\x{F22}\x{F21}\x{F24}\x{F27}\x{F24}\x{F28}\x{F23}\x{F26}\x{F24}\x{F27}"
      RenderBlock {DIV} at (0,6264) size 768x273
        RenderBlock {H2} at (0,242) size 768x31
          RenderText {#text} at (0,0) size 40x32
            text run at (0,0) width 40: "thai"
        RenderBlock (floating) {OL} at (0,308) size 92x210
          RenderListItem {LI} at (40,0) size 32x21
            RenderListMarker at (-29,0) size 24x21: "\x{E51}"
            RenderText {#text} at (0,0) size 16x21
              text run at (0,0) width 16: "\x{E51}"
          RenderListItem {LI} at (40,21) size 32x21
            RenderListMarker at (-29,0) size 24x21: "\x{E52}"
            RenderText {#text} at (0,0) size 16x21
              text run at (0,0) width 16: "\x{E52}"
          RenderListItem {LI} at (40,42) size 32x21
            RenderListMarker at (-29,0) size 24x21: "\x{E53}"
            RenderText {#text} at (0,0) size 16x21
              text run at (0,0) width 16: "\x{E53}"
          RenderListItem {LI} at (40,63) size 32x21
            RenderListMarker at (-29,0) size 24x21: "\x{E54}"
            RenderText {#text} at (0,0) size 16x21
              text run at (0,0) width 16: "\x{E54}"
          RenderListItem {LI} at (40,84) size 32x21
            RenderListMarker at (-29,0) size 24x21: "\x{E55}"
            RenderText {#text} at (0,0) size 16x21
              text run at (0,0) width 16: "\x{E55}"
          RenderListItem {LI} at (40,105) size 32x21
            RenderListMarker at (-29,0) size 24x21: "\x{E56}"
            RenderText {#text} at (0,0) size 16x21
              text run at (0,0) width 16: "\x{E56}"
          RenderListItem {LI} at (40,126) size 32x21
            RenderListMarker at (-29,0) size 24x21: "\x{E57}"
            RenderText {#text} at (0,0) size 16x21
              text run at (0,0) width 16: "\x{E57}"
          RenderListItem {LI} at (40,147) size 32x21
            RenderListMarker at (-29,0) size 24x21: "\x{E58}"
            RenderText {#text} at (0,0) size 16x21
              text run at (0,0) width 16: "\x{E58}"
          RenderListItem {LI} at (40,168) size 32x21
            RenderListMarker at (-29,0) size 24x21: "\x{E59}"
            RenderText {#text} at (0,0) size 16x21
              text run at (0,0) width 16: "\x{E59}"
          RenderListItem {LI} at (40,189) size 32x21
            RenderListMarker at (-45,0) size 40x21: "\x{E51}\x{E50}"
            RenderText {#text} at (0,0) size 32x21
              text run at (0,0) width 32: "\x{E51}\x{E50}"
        RenderBlock (floating) {OL} at (92,308) size 76x21
          RenderListItem {LI} at (40,0) size 16x21
            RenderListMarker at (-29,0) size 24x21: "\x{E51}"
            RenderText {#text} at (0,0) size 16x21
              text run at (0,0) width 16: "\x{E51}"
        RenderBlock (floating) {OL} at (168,308) size 485x42
          RenderListItem {LI} at (300,0) size 165x21
            RenderListMarker at (-178,0) size 173x21: "-\x{E52}\x{E51}\x{E54}\x{E57}\x{E54}\x{E58}\x{E53}\x{E56}\x{E54}\x{E58}"
            RenderInline (generated) at (0,0) size 5x21
              RenderText at (0,0) size 5x21
                text run at (0,0) width 5: "-"
            RenderText {#text} at (5,0) size 160x21
              text run at (5,0) width 160: "\x{E52}\x{E51}\x{E54}\x{E57}\x{E54}\x{E58}\x{E53}\x{E56}\x{E54}\x{E58}"
          RenderListItem {LI} at (300,21) size 165x21
            RenderListMarker at (-178,0) size 173x21: "-\x{E52}\x{E51}\x{E54}\x{E57}\x{E54}\x{E58}\x{E53}\x{E56}\x{E54}\x{E57}"
            RenderInline (generated) at (0,0) size 5x21
              RenderText at (0,0) size 5x21
                text run at (0,0) width 5: "-"
            RenderText {#text} at (5,0) size 160x21
              text run at (5,0) width 160: "\x{E52}\x{E51}\x{E54}\x{E57}\x{E54}\x{E58}\x{E53}\x{E56}\x{E54}\x{E57}"
      RenderBlock {DIV} at (0,6556) size 768x273
        RenderBlock {H2} at (0,242) size 768x31
          RenderText {#text} at (0,0) size 198x32
            text run at (0,0) width 198: "upper-hexadecimal"
        RenderBlock (floating) {OL} at (0,308) size 76x336
          RenderListItem {LI} at (40,0) size 16x21
            RenderListMarker at (-21,0) size 16x21: "1"
            RenderText {#text} at (0,0) size 8x21
              text run at (0,0) width 8: "1"
          RenderListItem {LI} at (40,21) size 16x21
            RenderListMarker at (-21,0) size 16x21: "2"
            RenderText {#text} at (0,0) size 8x21
              text run at (0,0) width 8: "2"
          RenderListItem {LI} at (40,42) size 16x21
            RenderListMarker at (-21,0) size 16x21: "3"
            RenderText {#text} at (0,0) size 8x21
              text run at (0,0) width 8: "3"
          RenderListItem {LI} at (40,63) size 16x21
            RenderListMarker at (-21,0) size 16x21: "4"
            RenderText {#text} at (0,0) size 8x21
              text run at (0,0) width 8: "4"
          RenderListItem {LI} at (40,84) size 16x21
            RenderListMarker at (-21,0) size 16x21: "5"
            RenderText {#text} at (0,0) size 8x21
              text run at (0,0) width 8: "5"
          RenderListItem {LI} at (40,105) size 16x21
            RenderListMarker at (-21,0) size 16x21: "6"
            RenderText {#text} at (0,0) size 8x21
              text run at (0,0) width 8: "6"
          RenderListItem {LI} at (40,126) size 16x21
            RenderListMarker at (-21,0) size 16x21: "7"
            RenderText {#text} at (0,0) size 8x21
              text run at (0,0) width 8: "7"
          RenderListItem {LI} at (40,147) size 16x21
            RenderListMarker at (-21,0) size 16x21: "8"
            RenderText {#text} at (0,0) size 8x21
              text run at (0,0) width 8: "8"
          RenderListItem {LI} at (40,168) size 16x21
            RenderListMarker at (-21,0) size 16x21: "9"
            RenderText {#text} at (0,0) size 8x21
              text run at (0,0) width 8: "9"
          RenderListItem {LI} at (40,189) size 16x21
            RenderListMarker at (-25,0) size 20x21: "A"
            RenderText {#text} at (0,0) size 12x21
              text run at (0,0) width 12: "A"
          RenderListItem {LI} at (40,210) size 16x21
            RenderListMarker at (-24,0) size 19x21: "B"
            RenderText {#text} at (0,0) size 11x21
              text run at (0,0) width 11: "B"
          RenderListItem {LI} at (40,231) size 16x21
            RenderListMarker at (-25,0) size 20x21: "C"
            RenderText {#text} at (0,0) size 12x21
              text run at (0,0) width 12: "C"
          RenderListItem {LI} at (40,252) size 16x21
            RenderListMarker at (-25,0) size 20x21: "D"
            RenderText {#text} at (0,0) size 12x21
              text run at (0,0) width 12: "D"
          RenderListItem {LI} at (40,273) size 16x21
            RenderListMarker at (-24,0) size 19x21: "E"
            RenderText {#text} at (0,0) size 11x21
              text run at (0,0) width 11: "E"
          RenderListItem {LI} at (40,294) size 16x21
            RenderListMarker at (-23,0) size 18x21: "F"
            RenderText {#text} at (0,0) size 10x21
              text run at (0,0) width 10: "F"
          RenderListItem {LI} at (40,315) size 16x21
            RenderListMarker at (-29,0) size 24x21: "10"
            RenderText {#text} at (0,0) size 16x21
              text run at (0,0) width 16: "10"
        RenderBlock (floating) {OL} at (76,308) size 68x21
          RenderListItem {LI} at (40,0) size 8x21
            RenderListMarker at (-21,0) size 16x21: "1"
            RenderText {#text} at (0,0) size 8x21
              text run at (0,0) width 8: "1"
        RenderBlock (floating) {OL} at (144,308) size 403x42
          RenderListItem {LI} at (300,0) size 83x21
            RenderListMarker at (-82,0) size 77x21: "-80000000"
            RenderInline (generated) at (0,0) size 5x21
              RenderText at (0,0) size 5x21
                text run at (0,0) width 5: "-"
            RenderText {#text} at (5,0) size 64x21
              text run at (5,0) width 64: "80000000"
          RenderListItem {LI} at (300,21) size 83x21
            RenderListMarker at (-96,0) size 91x21: "-7FFFFFFF"
            RenderInline (generated) at (0,0) size 5x21
              RenderText at (0,0) size 5x21
                text run at (0,0) width 5: "-"
            RenderText {#text} at (5,0) size 78x21
              text run at (5,0) width 78: "7FFFFFFF"
