layer at (0,0) size 800x600
  RenderView at (0,0) size 800x600
layer at (0,0) size 800x600
  RenderBlock {HTML} at (0,0) size 800x600
    RenderBody {BODY} at (8,8) size 784x584
      RenderBlock {P} at (0,0) size 784x20
        RenderText {#text} at (0,0) size 406x19
          text run at (0,0) width 406: "Test appearances of input-speech-button in <input type='number'>."
      RenderBlock {DIV} at (0,36) size 784x0
      RenderBlock {DIV} at (0,36) size 784x314
        RenderTable {TABLE} at (0,0) size 649x314
          RenderTableSection {TBODY} at (0,0) size 649x314
            RenderTableRow {TR} at (0,2) size 649x310
              RenderTableCell {TD} at (2,2) size 163x310 [r=0 c=0 rs=1 cs=1]
                RenderBlock {DIV} at (1,1) size 161x308
                  RenderTextControl {INPUT} at (0,0) size 103x16 [bgcolor=#FFFFFF] [border: (2px inset #000000)]
                    RenderBlock {DIV} at (86,2) size 15x12
                    RenderBlock {DIV} at (101,3) size 0x10
                  RenderBR {BR} at (103,11) size 0x0
                  RenderTextControl {INPUT} at (0,16) size 103x16 [bgcolor=#FFFFFF] [border: (2px inset #000000)]
                    RenderBlock {DIV} at (76,3) size 10x10
                    RenderBlock {DIV} at (86,2) size 15x12
                    RenderBlock {DIV} at (101,3) size 0x10
                  RenderBR {BR} at (103,27) size 0x0
                  RenderTextControl {INPUT} at (0,32) size 106x18 [bgcolor=#FFFFFF] [border: (2px inset #000000)]
                    RenderBlock {DIV} at (89,2) size 15x14
                    RenderBlock {DIV} at (104,3) size 0x12
                  RenderBR {BR} at (106,44) size 0x0
                  RenderTextControl {INPUT} at (0,50) size 106x18 [bgcolor=#FFFFFF] [border: (2px inset #000000)]
                    RenderBlock {DIV} at (78,3) size 11x11
                    RenderBlock {DIV} at (89,2) size 15x14
                    RenderBlock {DIV} at (104,3) size 0x12
                  RenderBR {BR} at (106,62) size 0x0
                  RenderTextControl {INPUT} at (0,68) size 109x19 [bgcolor=#FFFFFF] [border: (2px inset #000000)]
                    RenderBlock {DIV} at (92,2) size 15x15
                    RenderBlock {DIV} at (107,3) size 0x13
                  RenderBR {BR} at (109,81) size 0x0
                  RenderTextControl {INPUT} at (0,87) size 109x19 [bgcolor=#FFFFFF] [border: (2px inset #000000)]
                    RenderBlock {DIV} at (80,3) size 12x12
                    RenderBlock {DIV} at (92,2) size 15x15
                    RenderBlock {DIV} at (107,3) size 0x13
                  RenderBR {BR} at (109,100) size 0x0
                  RenderTextControl {INPUT} at (2,108) size 130x20 [bgcolor=#FFFFFF] [border: (2px inset #000000)]
                    RenderBlock {DIV} at (113,2) size 15x16
                    RenderBlock {DIV} at (128,3) size 0x14
                  RenderBR {BR} at (134,122) size 0x0
                  RenderTextControl {INPUT} at (2,132) size 130x20 [bgcolor=#FFFFFF] [border: (2px inset #000000)]
                    RenderBlock {DIV} at (99,3) size 14x14
                    RenderBlock {DIV} at (113,2) size 15x16
                    RenderBlock {DIV} at (128,3) size 0x14
                  RenderBR {BR} at (134,146) size 0x0
                  RenderTextControl {INPUT} at (2,156) size 133x21 [bgcolor=#FFFFFF] [border: (2px inset #000000)]
                    RenderBlock {DIV} at (116,2) size 15x17
                    RenderBlock {DIV} at (131,3) size 0x15
                  RenderBR {BR} at (137,171) size 0x0
                  RenderTextControl {INPUT} at (2,181) size 133x21 [bgcolor=#FFFFFF] [border: (2px inset #000000)]
                    RenderBlock {DIV} at (101,3) size 15x15
                    RenderBlock {DIV} at (116,2) size 15x17
                    RenderBlock {DIV} at (131,3) size 0x15
                  RenderBR {BR} at (137,196) size 0x0
                  RenderTextControl {INPUT} at (2,206) size 155x22 [bgcolor=#FFFFFF] [border: (2px inset #000000)]
                    RenderBlock {DIV} at (138,2) size 15x18
                    RenderBlock {DIV} at (153,3) size 0x16
                  RenderBR {BR} at (159,222) size 0x0
                  RenderTextControl {INPUT} at (2,232) size 155x22 [bgcolor=#FFFFFF] [border: (2px inset #000000)]
                    RenderBlock {DIV} at (122,3) size 16x16
                    RenderBlock {DIV} at (138,2) size 15x18
                    RenderBlock {DIV} at (153,3) size 0x16
                  RenderBR {BR} at (159,248) size 0x0
                  RenderTextControl {INPUT} at (2,258) size 157x22 [bgcolor=#FFFFFF] [border: (2px inset #000000)]
                    RenderBlock {DIV} at (140,2) size 15x18
                    RenderBlock {DIV} at (155,3) size 0x16
                  RenderBR {BR} at (161,274) size 0x0
                  RenderTextControl {INPUT} at (2,284) size 157x22 [bgcolor=#FFFFFF] [border: (2px inset #000000)]
                    RenderBlock {DIV} at (123,2) size 17x17
                    RenderBlock {DIV} at (140,2) size 15x18
                    RenderBlock {DIV} at (155,3) size 0x16
                  RenderBR {BR} at (161,300) size 0x0
              RenderTableCell {TD} at (167,5) size 215x304 [r=0 c=1 rs=1 cs=1]
                RenderBlock {DIV} at (1,1) size 213x302
                  RenderTextControl {INPUT} at (2,2) size 179x23 [bgcolor=#FFFFFF] [border: (2px inset #000000)]
                    RenderBlock {DIV} at (162,2) size 15x19
                    RenderBlock {DIV} at (177,3) size 0x17
                  RenderBR {BR} at (183,19) size 0x0
                  RenderTextControl {INPUT} at (2,29) size 179x23 [bgcolor=#FFFFFF] [border: (2px inset #000000)]
                    RenderBlock {DIV} at (144,2) size 18x18
                    RenderBlock {DIV} at (162,2) size 15x19
                    RenderBlock {DIV} at (177,3) size 0x17
                  RenderBR {BR} at (183,46) size 0x0
                  RenderTextControl {INPUT} at (2,56) size 182x25 [bgcolor=#FFFFFF] [border: (2px inset #000000)]
                    RenderBlock {DIV} at (165,2) size 15x21
                    RenderBlock {DIV} at (180,3) size 0x19
                  RenderBR {BR} at (186,74) size 0x0
                  RenderTextControl {INPUT} at (2,85) size 182x25 [bgcolor=#FFFFFF] [border: (2px inset #000000)]
                    RenderBlock {DIV} at (145,2) size 20x20
                    RenderBlock {DIV} at (165,2) size 15x21
                    RenderBlock {DIV} at (180,3) size 0x19
                  RenderBR {BR} at (186,103) size 0x0
                  RenderTextControl {INPUT} at (2,114) size 203x26 [bgcolor=#FFFFFF] [border: (2px inset #000000)]
                    RenderBlock {DIV} at (186,2) size 15x22
                    RenderBlock {DIV} at (201,3) size 0x20
                  RenderBR {BR} at (207,132) size 0x0
                  RenderTextControl {INPUT} at (2,144) size 203x26 [bgcolor=#FFFFFF] [border: (2px inset #000000)]
                    RenderBlock {DIV} at (165,2) size 21x21
                    RenderBlock {DIV} at (186,2) size 15x22
                    RenderBlock {DIV} at (201,3) size 0x20
                  RenderBR {BR} at (207,162) size 0x0
                  RenderTextControl {INPUT} at (2,174) size 206x28 [bgcolor=#FFFFFF] [border: (2px inset #000000)]
                    RenderBlock {DIV} at (189,2) size 15x24
                    RenderBlock {DIV} at (204,3) size 0x22
                  RenderBR {BR} at (210,194) size 0x0
                  RenderTextControl {INPUT} at (2,206) size 206x28 [bgcolor=#FFFFFF] [border: (2px inset #000000)]
                    RenderBlock {DIV} at (167,3) size 22x22
                    RenderBlock {DIV} at (189,2) size 15x24
                    RenderBlock {DIV} at (204,3) size 0x22
                  RenderBR {BR} at (210,226) size 0x0
                  RenderTextControl {INPUT} at (2,238) size 209x29 [bgcolor=#FFFFFF] [border: (2px inset #000000)]
                    RenderBlock {DIV} at (192,2) size 15x25
                    RenderBlock {DIV} at (207,3) size 0x23
                  RenderBR {BR} at (213,259) size 0x0
                  RenderTextControl {INPUT} at (2,271) size 209x29 [bgcolor=#FFFFFF] [border: (2px inset #000000)]
                    RenderBlock {DIV} at (169,3) size 23x23
                    RenderBlock {DIV} at (192,2) size 15x25
                    RenderBlock {DIV} at (207,3) size 0x23
                  RenderBR {BR} at (213,292) size 0x0
              RenderTableCell {TD} at (384,14) size 263x286 [r=0 c=2 rs=1 cs=1]
                RenderBlock {DIV} at (1,1) size 261x284
                  RenderTextControl {INPUT} at (2,2) size 230x30 [bgcolor=#FFFFFF] [border: (2px inset #000000)]
                    RenderBlock {DIV} at (213,2) size 15x26
                    RenderBlock {DIV} at (228,3) size 0x24
                  RenderBR {BR} at (234,24) size 0x0
                  RenderTextControl {INPUT} at (2,36) size 230x30 [bgcolor=#FFFFFF] [border: (2px inset #000000)]
                    RenderBlock {DIV} at (188,2) size 25x25
                    RenderBlock {DIV} at (213,2) size 15x26
                    RenderBlock {DIV} at (228,3) size 0x24
                  RenderBR {BR} at (234,58) size 0x0
                  RenderTextControl {INPUT} at (2,70) size 233x31 [bgcolor=#FFFFFF] [border: (2px inset #000000)]
                    RenderBlock {DIV} at (216,2) size 15x27
                    RenderBlock {DIV} at (231,3) size 0x25
                  RenderBR {BR} at (237,92) size 0x0
                  RenderTextControl {INPUT} at (2,105) size 233x31 [bgcolor=#FFFFFF] [border: (2px inset #000000)]
                    RenderBlock {DIV} at (190,2) size 26x26
                    RenderBlock {DIV} at (216,2) size 15x27
                    RenderBlock {DIV} at (231,3) size 0x25
                  RenderBR {BR} at (237,127) size 0x0
                  RenderTextControl {INPUT} at (2,140) size 255x32 [bgcolor=#FFFFFF] [border: (2px inset #000000)]
                    RenderBlock {DIV} at (238,2) size 15x28
                    RenderBlock {DIV} at (253,3) size 0x26
                  RenderBR {BR} at (259,163) size 0x0
                  RenderTextControl {INPUT} at (2,176) size 255x32 [bgcolor=#FFFFFF] [border: (2px inset #000000)]
                    RenderBlock {DIV} at (211,2) size 27x27
                    RenderBlock {DIV} at (238,2) size 15x28
                    RenderBlock {DIV} at (253,3) size 0x26
                  RenderBR {BR} at (259,199) size 0x0
                  RenderTextControl {INPUT} at (2,212) size 257x33 [bgcolor=#FFFFFF] [border: (2px inset #000000)]
                    RenderBlock {DIV} at (240,2) size 15x29
                    RenderBlock {DIV} at (255,3) size 0x27
                  RenderBR {BR} at (261,236) size 0x0
                  RenderTextControl {INPUT} at (2,249) size 257x33 [bgcolor=#FFFFFF] [border: (2px inset #000000)]
                    RenderBlock {DIV} at (212,2) size 28x28
                    RenderBlock {DIV} at (240,2) size 15x29
                    RenderBlock {DIV} at (255,3) size 0x27
                  RenderBR {BR} at (261,273) size 0x0
layer at (13,50) size 84x10 scrollWidth 122
  RenderBlock {DIV} at (2,3) size 84x10
    RenderText {#text} at (1,0) size 120x10
      text run at (1,0) width 120: "012345678901234567890123456789"
layer at (13,66) size 74x10 scrollWidth 122
  RenderBlock {DIV} at (2,3) size 74x10
    RenderText {#text} at (1,0) size 120x10
      text run at (1,0) width 120: "012345678901234567890123456789"
layer at (13,82) size 87x12 scrollWidth 152
  RenderBlock {DIV} at (2,3) size 87x12
    RenderText {#text} at (1,0) size 150x12
      text run at (1,0) width 150: "012345678901234567890123456789"
layer at (13,100) size 76x12 scrollWidth 152
  RenderBlock {DIV} at (2,3) size 76x12
    RenderText {#text} at (1,0) size 150x12
      text run at (1,0) width 150: "012345678901234567890123456789"
layer at (13,118) size 90x13 scrollWidth 182
  RenderBlock {DIV} at (2,3) size 90x13
    RenderText {#text} at (1,0) size 180x13
      text run at (1,0) width 180: "012345678901234567890123456789"
layer at (13,137) size 78x13 scrollWidth 182
  RenderBlock {DIV} at (2,3) size 78x13
    RenderText {#text} at (1,0) size 180x13
      text run at (1,0) width 180: "012345678901234567890123456789"
layer at (15,158) size 111x14 scrollWidth 182
  RenderBlock {DIV} at (2,3) size 111x14
    RenderText {#text} at (1,0) size 180x14
      text run at (1,0) width 180: "012345678901234567890123456789"
layer at (15,182) size 97x14 scrollWidth 182
  RenderBlock {DIV} at (2,3) size 97x14
    RenderText {#text} at (1,0) size 180x14
      text run at (1,0) width 180: "012345678901234567890123456789"
layer at (15,206) size 114x15 scrollWidth 212
  RenderBlock {DIV} at (2,3) size 114x15
    RenderText {#text} at (1,0) size 210x15
      text run at (1,0) width 210: "012345678901234567890123456789"
layer at (15,231) size 99x15 scrollWidth 212
  RenderBlock {DIV} at (2,3) size 99x15
    RenderText {#text} at (1,0) size 210x15
      text run at (1,0) width 210: "012345678901234567890123456789"
layer at (15,256) size 136x16 scrollWidth 212
  RenderBlock {DIV} at (2,3) size 136x16
    RenderText {#text} at (1,0) size 210x16
      text run at (1,0) width 210: "012345678901234567890123456789"
layer at (15,282) size 120x16 scrollWidth 212
  RenderBlock {DIV} at (2,3) size 120x16
    RenderText {#text} at (1,0) size 210x16
      text run at (1,0) width 210: "012345678901234567890123456789"
layer at (15,308) size 138x16 scrollWidth 242
  RenderBlock {DIV} at (2,3) size 138x16
    RenderText {#text} at (1,0) size 240x16
      text run at (1,0) width 240: "012345678901234567890123456789"
layer at (15,334) size 121x16 scrollWidth 242
  RenderBlock {DIV} at (2,3) size 121x16
    RenderText {#text} at (1,0) size 240x16
      text run at (1,0) width 240: "012345678901234567890123456789"
layer at (180,55) size 160x17 scrollWidth 242
  RenderBlock {DIV} at (2,3) size 160x17
    RenderText {#text} at (1,0) size 240x17
      text run at (1,0) width 240: "012345678901234567890123456789"
layer at (180,82) size 142x17 scrollWidth 242
  RenderBlock {DIV} at (2,3) size 142x17
    RenderText {#text} at (1,0) size 240x17
      text run at (1,0) width 240: "012345678901234567890123456789"
layer at (180,109) size 163x19 scrollWidth 272
  RenderBlock {DIV} at (2,3) size 163x19
    RenderText {#text} at (1,0) size 270x18
      text run at (1,0) width 270: "012345678901234567890123456789"
layer at (180,138) size 143x19 scrollWidth 272
  RenderBlock {DIV} at (2,3) size 143x19
    RenderText {#text} at (1,0) size 270x18
      text run at (1,0) width 270: "012345678901234567890123456789"
layer at (180,167) size 184x20 scrollWidth 272
  RenderBlock {DIV} at (2,3) size 184x20
    RenderText {#text} at (1,0) size 270x19
      text run at (1,0) width 270: "012345678901234567890123456789"
layer at (180,197) size 163x20 scrollWidth 272
  RenderBlock {DIV} at (2,3) size 163x20
    RenderText {#text} at (1,0) size 270x19
      text run at (1,0) width 270: "012345678901234567890123456789"
layer at (180,227) size 187x22 scrollWidth 302
  RenderBlock {DIV} at (2,3) size 187x22
    RenderText {#text} at (1,0) size 300x21
      text run at (1,0) width 300: "012345678901234567890123456789"
layer at (180,259) size 165x22 scrollWidth 302
  RenderBlock {DIV} at (2,3) size 165x22
    RenderText {#text} at (1,0) size 300x21
      text run at (1,0) width 300: "012345678901234567890123456789"
layer at (180,291) size 190x23 scrollWidth 332
  RenderBlock {DIV} at (2,3) size 190x23
    RenderText {#text} at (1,0) size 330x22
      text run at (1,0) width 330: "012345678901234567890123456789"
layer at (180,324) size 167x23 scrollWidth 332
  RenderBlock {DIV} at (2,3) size 167x23
    RenderText {#text} at (1,0) size 330x22
      text run at (1,0) width 330: "012345678901234567890123456789"
layer at (397,64) size 211x24 scrollWidth 332
  RenderBlock {DIV} at (2,3) size 211x24
    RenderText {#text} at (1,0) size 330x23
      text run at (1,0) width 330: "012345678901234567890123456789"
layer at (397,98) size 186x24 scrollWidth 332
  RenderBlock {DIV} at (2,3) size 186x24
    RenderText {#text} at (1,0) size 330x23
      text run at (1,0) width 330: "012345678901234567890123456789"
layer at (397,132) size 214x25 scrollWidth 362
  RenderBlock {DIV} at (2,3) size 214x25
    RenderText {#text} at (1,0) size 360x24
      text run at (1,0) width 360: "012345678901234567890123456789"
layer at (397,167) size 188x25 scrollWidth 362
  RenderBlock {DIV} at (2,3) size 188x25
    RenderText {#text} at (1,0) size 360x24
      text run at (1,0) width 360: "012345678901234567890123456789"
layer at (397,202) size 236x26 scrollWidth 362
  RenderBlock {DIV} at (2,3) size 236x26
    RenderText {#text} at (1,0) size 360x25
      text run at (1,0) width 360: "012345678901234567890123456789"
layer at (397,238) size 209x26 scrollWidth 362
  RenderBlock {DIV} at (2,3) size 209x26
    RenderText {#text} at (1,0) size 360x25
      text run at (1,0) width 360: "012345678901234567890123456789"
layer at (397,274) size 238x27 scrollWidth 392
  RenderBlock {DIV} at (2,3) size 238x27
    RenderText {#text} at (1,0) size 390x26
      text run at (1,0) width 390: "012345678901234567890123456789"
layer at (397,311) size 210x27 scrollWidth 392
  RenderBlock {DIV} at (2,3) size 210x27
    RenderText {#text} at (1,0) size 390x26
      text run at (1,0) width 390: "012345678901234567890123456789"
