layer at (0,0) size 800x600
  RenderView at (0,0) size 800x600
layer at (0,0) size 175x600
  RenderBlock {HTML} at (0,0) size 175x600
    RenderBody {BODY} at (8,8) size 159x584
      RenderText {#text} at (0,0) size 47x411
        text run at (0,0) width 411: "This is the first line of text."
      RenderBR {BR} at (0,411) size 47x0
      RenderImage {IMG} at (59,0) size 50x20 [bgcolor=#008000]
      RenderText {#text} at (47,20) size 47x393
        text run at (47,20) width 393: " This is the second line of "
      RenderImage {IMG} at (59,413) size 100x20 [bgcolor=#800080]
      RenderText {#text} at (47,433) size 47x76
        text run at (47,433) width 76: " text."
selection start: position 1 of child 0 {#text} of body
selection end:   position 1 of child 3 {IMG} of body
