layer at (0,0) size 800x760
  RenderCanvas at (0,0) size 800x600
layer at (0,0) size 800x760
  RenderBlock {HTML} at (0,0) size 800x760
    RenderBody {BODY} at (8,8) size 784x744 [bgcolor=#CCCCCC]
      RenderBlock {P} at (0,0) size 784x17 [bgcolor=#000000]
        RenderText {TEXT} at (0,0) size 385x17
          text run at (0,0) width 385: "The style declarations which apply to the text below are:"
      RenderBlock {PRE} at (0,31) size 784x176 [bgcolor=#000000]
        RenderText {TEXT} at (0,0) size 576x160
          text run at (0,0) width 576: "<LINK rel=\"stylesheet\" type=\"text/css\" HREF=\"../resources/linktest.css\">"
          text run at (0,16) width 152: "LI {color: purple;}"
          text run at (0,32) width 160: "UL LI {color: blue;}"
          text run at (0,48) width 184: "UL LI LI {color: gray;}"
          text run at (0,64) width 176: "LI.red {color: green;}"
          text run at (0,80) width 216: "UL LI.mar {color: #660000;}"
          text run at (0,96) width 200: "UL LI#gre {color: green;}"
          text run at (0,112) width 160: ".test {color: blue;}"
          text run at (0,128) width 176: ".test {color: purple;}"
          text run at (0,144) width 296: ".one {text-decoration: line-through;}"
      RenderBlock {HR} at (1,221) size 782x2 [bgcolor=#000000]
      RenderBlock {UL} at (0,237) size 784x136 [bgcolor=#000000]
        RenderListItem {LI} at (40,0) size 744x17 [color=#0000FF]
          RenderListMarker at (0,0) size 0x14
          RenderText {TEXT} at (0,0) size 209x17
            text run at (0,0) width 209: "This list item should be blue..."
        RenderListItem {LI} at (40,17) size 744x68 [color=#0000FF]
          RenderBlock (anonymous) at (0,0) size 744x17
            RenderListMarker at (0,0) size 0x14
            RenderText {TEXT} at (0,0) size 322x17
              text run at (0,0) width 322: "...and so should this; neither should be purple."
          RenderBlock {UL} at (0,17) size 744x51
            RenderListItem {LI} at (40,0) size 704x17 [color=#808080]
              RenderListMarker at (0,0) size 0x14
              RenderText {TEXT} at (0,0) size 209x17
                text run at (0,0) width 209: "This list item should be gray..."
            RenderListItem {LI} at (40,17) size 704x17 [color=#808080]
              RenderListMarker at (0,0) size 0x14
              RenderText {TEXT} at (0,0) size 130x17
                text run at (0,0) width 130: "...as should this...."
            RenderListItem {LI} at (40,34) size 704x17 [color=#008000]
              RenderListMarker at (0,0) size 0x14
              RenderText {TEXT} at (0,0) size 217x17
                text run at (0,0) width 217: "...but this one should be green."
        RenderListItem {LI} at (40,85) size 744x17 [color=#660000]
          RenderListMarker at (0,0) size 0x14
          RenderText {TEXT} at (0,0) size 189x17
            text run at (0,0) width 189: "This ought to be dark red..."
        RenderListItem {LI} at (40,102) size 744x17 [color=#008000]
          RenderListMarker at (0,0) size 0x14
          RenderText {TEXT} at (0,0) size 99x17
            text run at (0,0) width 99: "...this green..."
        RenderListItem {LI} at (40,119) size 744x17 [color=#0000FF]
          RenderListMarker at (0,0) size 0x14
          RenderText {TEXT} at (0,0) size 110x17
            text run at (0,0) width 110: "...and this blue."
      RenderBlock {P} at (0,387) size 784x17 [color=#0000FF] [bgcolor=#000000]
        RenderText {TEXT} at (0,0) size 291x17
          text run at (0,0) width 291: "This sentence should be blue (STYLE attr.)."
      RenderBlock {P} at (0,418) size 784x17 [color=#800080] [bgcolor=#000000]
        RenderText {TEXT} at (0,0) size 222x17
          text run at (0,0) width 222: "This sentence should be purple ["
        RenderInline {CODE} at (0,0) size 96x16
          RenderText {TEXT} at (222,1) size 96x16
            text run at (222,1) width 96: "class=\"test\""
        RenderText {TEXT} at (318,0) size 10x17
          text run at (318,0) width 10: "]."
      RenderBlock {P} at (0,449) size 784x17 [bgcolor=#000000]
        RenderText {TEXT} at (0,0) size 736x17
          text run at (0,0) width 736: "This text should be stricken (overriding the imported underline; only works if LINKed sheets are supported)."
      RenderTable {TABLE} at (0,480) size 758x264 [bgcolor=#000000]
        RenderTableSection {TBODY} at (1,1) size 0x262
          RenderTableRow {TR} at (0,0) size 0x0
            RenderTableCell {TD} at (0,0) size 756x25 [bgcolor=#C0C0C0] [r=0 c=0 rs=1 cs=2]
              RenderInline {STRONG} at (0,0) size 164x17 [bgcolor=#000000]
                RenderText {TEXT} at (4,4) size 164x17
                  text run at (4,4) width 164: "TABLE Testing Section"
          RenderTableRow {TR} at (0,0) size 0x0
            RenderTableCell {TD} at (0,131) size 12x25 [bgcolor=#C0C0C0] [r=1 c=0 rs=1 cs=1]
              RenderText {TEXT} at (4,4) size 4x17
                text run at (4,4) width 4: "\x{A0}"
            RenderTableCell {TD} at (12,25) size 744x237 [r=1 c=1 rs=1 cs=1]
              RenderBlock {UL} at (4,4) size 736x136
                RenderListItem {LI} at (40,0) size 696x17 [color=#0000FF]
                  RenderListMarker at (0,0) size 0x14
                  RenderText {TEXT} at (0,0) size 209x17
                    text run at (0,0) width 209: "This list item should be blue..."
                RenderListItem {LI} at (40,17) size 696x68 [color=#0000FF]
                  RenderBlock (anonymous) at (0,0) size 696x17
                    RenderListMarker at (0,0) size 0x14
                    RenderText {TEXT} at (0,0) size 322x17
                      text run at (0,0) width 322: "...and so should this; neither should be purple."
                  RenderBlock {UL} at (0,17) size 696x51
                    RenderListItem {LI} at (40,0) size 656x17 [color=#808080]
                      RenderListMarker at (0,0) size 0x14
                      RenderText {TEXT} at (0,0) size 209x17
                        text run at (0,0) width 209: "This list item should be gray..."
                    RenderListItem {LI} at (40,17) size 656x17 [color=#808080]
                      RenderListMarker at (0,0) size 0x14
                      RenderText {TEXT} at (0,0) size 130x17
                        text run at (0,0) width 130: "...as should this...."
                    RenderListItem {LI} at (40,34) size 656x17 [color=#008000]
                      RenderListMarker at (0,0) size 0x14
                      RenderText {TEXT} at (0,0) size 217x17
                        text run at (0,0) width 217: "...but this one should be green."
                RenderListItem {LI} at (40,85) size 696x17 [color=#660000]
                  RenderListMarker at (0,0) size 0x14
                  RenderText {TEXT} at (0,0) size 189x17
                    text run at (0,0) width 189: "This ought to be dark red..."
                RenderListItem {LI} at (40,102) size 696x17 [color=#008000]
                  RenderListMarker at (0,0) size 0x14
                  RenderText {TEXT} at (0,0) size 99x17
                    text run at (0,0) width 99: "...this green..."
                RenderListItem {LI} at (40,119) size 696x17 [color=#0000FF]
                  RenderListMarker at (0,0) size 0x14
                  RenderText {TEXT} at (0,0) size 110x17
                    text run at (0,0) width 110: "...and this blue."
              RenderBlock {P} at (4,154) size 736x17 [color=#0000FF]
                RenderText {TEXT} at (0,0) size 291x17
                  text run at (0,0) width 291: "This sentence should be blue (STYLE attr.)."
              RenderBlock {P} at (4,185) size 736x17 [color=#800080]
                RenderText {TEXT} at (0,0) size 222x17
                  text run at (0,0) width 222: "This sentence should be purple ["
                RenderInline {CODE} at (0,0) size 96x16
                  RenderText {TEXT} at (222,1) size 96x16
                    text run at (222,1) width 96: "class=\"test\""
                RenderText {TEXT} at (318,0) size 10x17
                  text run at (318,0) width 10: "]."
              RenderBlock {P} at (4,216) size 736x17
                RenderText {TEXT} at (0,0) size 736x17
                  text run at (0,0) width 736: "This text should be stricken (overriding the imported underline; only works if LINKed sheets are supported)."
