layer at (0,0) size 800x600
  RenderView at (0,0) size 800x600
layer at (0,0) size 800x403
  RenderBlock {HTML} at (0,0) size 800x403
    RenderBody {BODY} at (8,16) size 784x371
      RenderBlock {P} at (0,0) size 784x19
        RenderText {#text} at (0,0) size 608x19
          text run at (0,0) width 608: "The following two blocks should look identical (to the pixel), and they should both say \"PASS\":"
      RenderBlock {P} at (0,35) size 784x160
        RenderEmbeddedObject {OBJECT} at (0,0) size 306x156 [border: (3px inset #000080)]
          layer at (0,0) size 300x150
            RenderView at (0,0) size 300x150
          layer at (0,0) size 300x150
            RenderSVGRoot {svg} at (0,0) size 180x150
              RenderSVGText {text} at (0,-1) size 3x3 contains 1 chunk(s)
                RenderSVGInlineText {#text} at (0,0) size 3x3
                  chunk 1 text run 1 at (0.00,0.80) startOffset 0 endOffset 4 width 2.37: "PASS"
      RenderBlock {P} at (0,211) size 784x160
        RenderEmbeddedObject {OBJECT} at (0,0) size 306x156 [border: (3px inset #000080)]
          layer at (0,0) size 300x150
            RenderView at (0,0) size 300x150
          layer at (0,0) size 300x150
            RenderSVGRoot {svg} at (0,39) size 143x68
              RenderSVGText {text} at (0,-100) size 2367x1117 contains 1 chunk(s)
                RenderSVGInlineText {#text} at (0,0) size 2367x1117
                  chunk 1 text run 1 at (0.00,800.00) startOffset 0 endOffset 4 width 2366.67: "PASS"
