layer at (0,0) size 785x722
  RenderView at (0,0) size 785x600
layer at (0,0) size 785x722
  RenderBlock {HTML} at (0,0) size 785x722
    RenderBody {BODY} at (8,8) size 769x700
      RenderBlock {DIV} at (0,0) size 769x0
        RenderInline {SPAN} at (0,0) size 0x0
          RenderText {#text} at (0,0) size 0x0
          RenderInline {SPAN} at (0,0) size 0x0
            RenderText {#text} at (0,0) size 0x0
          RenderText {#text} at (0,0) size 0x0
          RenderInline {SPAN} at (0,0) size 0x0
            RenderText {#text} at (0,0) size 0x0
          RenderText {#text} at (0,0) size 0x0
          RenderInline {SPAN} at (0,0) size 0x0
            RenderText {#text} at (0,0) size 0x0
          RenderText {#text} at (0,0) size 0x0
        RenderText {#text} at (0,0) size 0x0
        RenderInline {SPAN} at (0,0) size 0x0
          RenderText {#text} at (0,0) size 0x0
          RenderInline {SPAN} at (0,0) size 0x0
            RenderText {#text} at (0,0) size 0x0
            RenderInline {SPAN} at (0,0) size 0x0
              RenderText {#text} at (0,0) size 0x0
            RenderText {#text} at (0,0) size 0x0
            RenderInline {SPAN} at (0,0) size 0x0
              RenderText {#text} at (0,0) size 0x0
            RenderText {#text} at (0,0) size 0x0
          RenderText {#text} at (0,0) size 0x0
          RenderInline {SPAN} at (0,0) size 0x0
            RenderText {#text} at (0,0) size 0x0
            RenderInline {SPAN} at (0,0) size 0x0
              RenderText {#text} at (0,0) size 0x0
            RenderText {#text} at (0,0) size 0x0
          RenderText {#text} at (0,0) size 0x0
        RenderText {#text} at (0,0) size 0x0
        RenderInline {SPAN} at (0,0) size 0x0
          RenderText {#text} at (0,0) size 0x0
          RenderInline {SPAN} at (0,0) size 0x0
            RenderText {#text} at (0,0) size 0x0
            RenderInline {SPAN} at (0,0) size 0x0
              RenderText {#text} at (0,0) size 0x0
              RenderInline {SPAN} at (0,0) size 0x0
                RenderText {#text} at (0,0) size 0x0
              RenderText {#text} at (0,0) size 0x0
              RenderInline {SPAN} at (0,0) size 0x0
                RenderText {#text} at (0,0) size 0x0
              RenderText {#text} at (0,0) size 0x0
              RenderInline {SPAN} at (0,0) size 0x0
                RenderText {#text} at (0,0) size 0x0
              RenderText {#text} at (0,0) size 0x0
            RenderText {#text} at (0,0) size 0x0
            RenderInline {SPAN} at (0,0) size 0x0
              RenderText {#text} at (0,0) size 0x0
              RenderInline {SPAN} at (0,0) size 0x0
                RenderText {#text} at (0,0) size 0x0
              RenderText {#text} at (0,0) size 0x0
            RenderText {#text} at (0,0) size 0x0
          RenderText {#text} at (0,0) size 0x0
        RenderText {#text} at (0,0) size 0x0
        RenderInline {SPAN} at (0,0) size 0x0
          RenderText {#text} at (0,0) size 0x0
        RenderText {#text} at (0,0) size 0x0
      RenderBlock {DIV} at (0,0) size 769x700
        RenderBlock (anonymous) at (0,0) size 769x16
          RenderText {#text} at (0,0) size 0x16
            text run at (0,0) width 0: " "
        RenderBlock {P} at (0,30) size 769x320
          RenderInline {B} at (0,0) size 104x16
            RenderText {#text} at (0,0) size 104x16
              text run at (0,0) width 104: "Tree Walker: "
          RenderBR {BR} at (104,13) size 0x0
          RenderText {#text} at (0,16) size 8x16
            text run at (0,16) width 8: "A"
          RenderBR {BR} at (8,29) size 0x0
          RenderText {#text} at (0,32) size 40x16
            text run at (0,32) width 40: "  A.1"
          RenderBR {BR} at (40,45) size 0x0
          RenderText {#text} at (0,48) size 40x16
            text run at (0,48) width 40: "  A.2"
          RenderBR {BR} at (40,61) size 0x0
          RenderText {#text} at (0,64) size 40x16
            text run at (0,64) width 40: "  A.3"
          RenderBR {BR} at (40,77) size 0x0
          RenderText {#text} at (0,80) size 8x16
            text run at (0,80) width 8: "B"
          RenderBR {BR} at (8,93) size 0x0
          RenderText {#text} at (0,96) size 40x16
            text run at (0,96) width 40: "  B.1"
          RenderBR {BR} at (40,109) size 0x0
          RenderText {#text} at (0,112) size 72x16
            text run at (0,112) width 72: "    B.1.1"
          RenderBR {BR} at (72,125) size 0x0
          RenderText {#text} at (0,128) size 72x16
            text run at (0,128) width 72: "    B.1.2"
          RenderBR {BR} at (72,141) size 0x0
          RenderText {#text} at (0,144) size 40x16
            text run at (0,144) width 40: "  B.2"
          RenderBR {BR} at (40,157) size 0x0
          RenderText {#text} at (0,160) size 72x16
            text run at (0,160) width 72: "    B.2.1"
          RenderBR {BR} at (72,173) size 0x0
          RenderText {#text} at (0,176) size 8x16
            text run at (0,176) width 8: "C"
          RenderBR {BR} at (8,189) size 0x0
          RenderText {#text} at (0,192) size 40x16
            text run at (0,192) width 40: "  C.1"
          RenderBR {BR} at (40,205) size 0x0
          RenderText {#text} at (0,208) size 72x16
            text run at (0,208) width 72: "    C.1.1"
          RenderBR {BR} at (72,221) size 0x0
          RenderText {#text} at (0,224) size 104x16
            text run at (0,224) width 104: "      C.1.1.1"
          RenderBR {BR} at (104,237) size 0x0
          RenderText {#text} at (0,240) size 104x16
            text run at (0,240) width 104: "      C.1.1.2"
          RenderBR {BR} at (104,253) size 0x0
          RenderText {#text} at (0,256) size 104x16
            text run at (0,256) width 104: "      C.1.1.3"
          RenderBR {BR} at (104,269) size 0x0
          RenderText {#text} at (0,272) size 72x16
            text run at (0,272) width 72: "    C.1.2"
          RenderBR {BR} at (72,285) size 0x0
          RenderText {#text} at (0,288) size 88x16
            text run at (0,288) width 88: "      C.2.1"
          RenderBR {BR} at (88,301) size 0x0
          RenderText {#text} at (0,304) size 8x16
            text run at (0,304) width 8: "D"
          RenderBR {BR} at (8,317) size 0x0
        RenderBlock {P} at (0,364) size 769x336
          RenderInline {B} at (0,0) size 104x16
            RenderText {#text} at (0,0) size 104x16
              text run at (0,0) width 104: "Tree Walker: "
          RenderBR {BR} at (104,13) size 0x0
          RenderText {#text} at (0,16) size 8x16
            text run at (0,16) width 8: "D"
          RenderBR {BR} at (8,29) size 0x0
          RenderText {#text} at (0,32) size 88x16
            text run at (0,32) width 88: "      C.2.1"
          RenderBR {BR} at (88,45) size 0x0
          RenderText {#text} at (0,48) size 72x16
            text run at (0,48) width 72: "    C.1.2"
          RenderBR {BR} at (72,61) size 0x0
          RenderText {#text} at (0,64) size 104x16
            text run at (0,64) width 104: "      C.1.1.3"
          RenderBR {BR} at (104,77) size 0x0
          RenderText {#text} at (0,80) size 104x16
            text run at (0,80) width 104: "      C.1.1.2"
          RenderBR {BR} at (104,93) size 0x0
          RenderText {#text} at (0,96) size 104x16
            text run at (0,96) width 104: "      C.1.1.1"
          RenderBR {BR} at (104,109) size 0x0
          RenderText {#text} at (0,112) size 72x16
            text run at (0,112) width 72: "    C.1.1"
          RenderBR {BR} at (72,125) size 0x0
          RenderText {#text} at (0,128) size 40x16
            text run at (0,128) width 40: "  C.1"
          RenderBR {BR} at (40,141) size 0x0
          RenderText {#text} at (0,144) size 8x16
            text run at (0,144) width 8: "C"
          RenderBR {BR} at (8,157) size 0x0
          RenderText {#text} at (0,160) size 72x16
            text run at (0,160) width 72: "    B.2.1"
          RenderBR {BR} at (72,173) size 0x0
          RenderText {#text} at (0,176) size 40x16
            text run at (0,176) width 40: "  B.2"
          RenderBR {BR} at (40,189) size 0x0
          RenderText {#text} at (0,192) size 72x16
            text run at (0,192) width 72: "    B.1.2"
          RenderBR {BR} at (72,205) size 0x0
          RenderText {#text} at (0,208) size 72x16
            text run at (0,208) width 72: "    B.1.1"
          RenderBR {BR} at (72,221) size 0x0
          RenderText {#text} at (0,224) size 40x16
            text run at (0,224) width 40: "  B.1"
          RenderBR {BR} at (40,237) size 0x0
          RenderText {#text} at (0,240) size 8x16
            text run at (0,240) width 8: "B"
          RenderBR {BR} at (8,253) size 0x0
          RenderText {#text} at (0,256) size 40x16
            text run at (0,256) width 40: "  A.3"
          RenderBR {BR} at (40,269) size 0x0
          RenderText {#text} at (0,272) size 40x16
            text run at (0,272) width 40: "  A.2"
          RenderBR {BR} at (40,285) size 0x0
          RenderText {#text} at (0,288) size 40x16
            text run at (0,288) width 40: "  A.1"
          RenderBR {BR} at (40,301) size 0x0
          RenderText {#text} at (0,304) size 8x16
            text run at (0,304) width 8: "A"
          RenderBR {BR} at (8,317) size 0x0
          RenderText {#text} at (0,320) size 0x16
            text run at (0,320) width 0: " "
