layer at (0,0) size 800x628
  RenderView at (0,0) size 800x600
layer at (0,0) size 800x628
  RenderBlock {HTML} at (0,0) size 800x628
    RenderBody {BODY} at (8,8) size 784x612 [bgcolor=#CCCCCC]
      RenderBlock {P} at (0,0) size 784x16
        RenderText {#text} at (0,0) size 352x16
          text run at (0,0) width 352: "The style declarations which apply to the text below are:"
      RenderBlock {PRE} at (0,30) size 784x96
        RenderText {#text} at (0,0) size 100x96
          text run at (0,0) width 68: "A {color: green;}"
          text run at (68,0) width 0: " "
          text run at (0,16) width 92: "A:link {color: purple;}"
          text run at (92,16) width 0: " "
          text run at (0,32) width 96: "A:visited {color: lime;}"
          text run at (96,32) width 0: " "
          text run at (0,48) width 100: "A:active {color: maroon;}"
          text run at (100,48) width 0: " "
          text run at (0,64) width 88: "#one {color: #006600;}"
          text run at (88,64) width 0: " "
          text run at (0,80) width 0: " "
      RenderBlock {HR} at (0,140) size 784x2 [border: (1px inset #000000)]
      RenderBlock {P} at (0,156) size 784x16
        RenderText {#text} at (0,0) size 500x16
          text run at (0,0) width 500: "The following anchors should appear as described; none of them should be red."
      RenderBlock {UL} at (0,186) size 784x128
        RenderListItem {LI} at (40,0) size 744x96
          RenderBlock (anonymous) at (0,0) size 744x16
            RenderListMarker at (-16,0) size 6x16: bullet
            RenderText {#text} at (0,0) size 553x16
              text run at (0,0) width 553: "Purple unvisited, lime (light green) visited, maroon (dark red) while active (being clicked):"
          RenderBlock {UL} at (0,16) size 744x80
            RenderListItem {LI} at (40,0) size 704x16
              RenderListMarker at (-16,0) size 6x16: white bullet
              RenderInline {A} at (0,0) size 107x16 [color=#800080]
                RenderText {#text} at (0,0) size 107x16
                  text run at (0,0) width 107: "W3C Web server"
              RenderText {#text} at (0,0) size 0x0
            RenderListItem {LI} at (40,16) size 704x16
              RenderListMarker at (-16,0) size 6x16: white bullet
              RenderInline {A} at (0,0) size 108x16 [color=#800080]
                RenderText {#text} at (0,0) size 108x16
                  text run at (0,0) width 108: "NIST Web server"
              RenderText {#text} at (0,0) size 0x0
            RenderListItem {LI} at (40,32) size 704x16
              RenderListMarker at (-16,0) size 6x16: white bullet
              RenderInline {A} at (0,0) size 119x16 [color=#800080]
                RenderText {#text} at (0,0) size 119x16
                  text run at (0,0) width 119: "CWRU Web server"
              RenderText {#text} at (0,0) size 0x0
            RenderListItem {LI} at (40,48) size 704x16
              RenderListMarker at (-16,0) size 6x16: white bullet
              RenderInline {A} at (0,0) size 45x16 [color=#800080]
                RenderText {#text} at (0,0) size 45x16
                  text run at (0,0) width 45: "Yahoo!"
              RenderText {#text} at (0,0) size 0x0
            RenderListItem {LI} at (40,64) size 704x16
              RenderListMarker at (-16,0) size 6x16: white bullet
              RenderInline {A} at (0,0) size 56x16 [color=#800080]
                RenderText {#text} at (0,0) size 56x16
                  text run at (0,0) width 56: "Erewhon"
              RenderText {#text} at (56,0) size 215x16
                text run at (56,0) width 215: " (don't click on it, it goes nowhere)"
        RenderListItem {LI} at (40,96) size 744x32
          RenderBlock (anonymous) at (0,0) size 744x16
            RenderListMarker at (-16,0) size 6x16: bullet
            RenderText {#text} at (0,0) size 202x16
              text run at (0,0) width 202: "Dark green in any circumstance:"
          RenderBlock {UL} at (0,16) size 744x16
            RenderListItem {LI} at (40,0) size 704x16
              RenderListMarker at (-16,0) size 6x16: white bullet
              RenderInline {A} at (0,0) size 119x16 [color=#006600]
                RenderText {#text} at (0,0) size 119x16
                  text run at (0,0) width 119: "CWRU Web server"
              RenderText {#text} at (0,0) size 0x0
      RenderBlock {P} at (0,328) size 784x32
        RenderText {#text} at (0,0) size 116x16
          text run at (0,0) width 116: "The quoted word \""
        RenderInline {A} at (0,0) size 44x16 [color=#008000]
          RenderText {#text} at (116,0) size 44x16
            text run at (116,0) width 44: "anchor"
        RenderText {#text} at (160,0) size 727x32
          text run at (160,0) width 371: "\" should be green, NOT purple, since it's part of an anchor. "
          text run at (531,0) width 196: "It's a named anchor, and styles"
          text run at (0,16) width 350: "declared for the A tag are applied to them under CSS1. "
          text run at (350,16) width 317: "It also should NOT turn orange when clicked upon."
      RenderTable {TABLE} at (0,374) size 784x238 [border: (1px outset #808080)]
        RenderTableSection {TBODY} at (1,1) size 782x236
          RenderTableRow {TR} at (0,0) size 782x24
            RenderTableCell {TD} at (0,0) size 782x24 [bgcolor=#C0C0C0] [border: (1px inset #808080)] [r=0 c=0 rs=1 cs=2]
              RenderInline {STRONG} at (0,0) size 157x16
                RenderText {#text} at (4,4) size 157x16
                  text run at (4,4) width 157: "TABLE Testing Section"
          RenderTableRow {TR} at (0,24) size 782x212
            RenderTableCell {TD} at (0,118) size 12x24 [bgcolor=#C0C0C0] [border: (1px inset #808080)] [r=1 c=0 rs=1 cs=1]
              RenderText {#text} at (4,4) size 4x16
                text run at (4,4) width 4: " "
            RenderTableCell {TD} at (12,24) size 770x212 [border: (1px inset #808080)] [r=1 c=1 rs=1 cs=1]
              RenderBlock {P} at (4,4) size 762x16
                RenderText {#text} at (0,0) size 500x16
                  text run at (0,0) width 500: "The following anchors should appear as described; none of them should be red."
              RenderBlock {UL} at (4,34) size 762x128
                RenderListItem {LI} at (40,0) size 722x96
                  RenderBlock (anonymous) at (0,0) size 722x16
                    RenderListMarker at (-16,0) size 6x16: bullet
                    RenderText {#text} at (0,0) size 553x16
                      text run at (0,0) width 553: "Purple unvisited, lime (light green) visited, maroon (dark red) while active (being clicked):"
                  RenderBlock {UL} at (0,16) size 722x80
                    RenderListItem {LI} at (40,0) size 682x16
                      RenderListMarker at (-16,0) size 6x16: white bullet
                      RenderInline {A} at (0,0) size 107x16 [color=#800080]
                        RenderText {#text} at (0,0) size 107x16
                          text run at (0,0) width 107: "W3C Web server"
                      RenderText {#text} at (0,0) size 0x0
                    RenderListItem {LI} at (40,16) size 682x16
                      RenderListMarker at (-16,0) size 6x16: white bullet
                      RenderInline {A} at (0,0) size 108x16 [color=#800080]
                        RenderText {#text} at (0,0) size 108x16
                          text run at (0,0) width 108: "NIST Web server"
                      RenderText {#text} at (0,0) size 0x0
                    RenderListItem {LI} at (40,32) size 682x16
                      RenderListMarker at (-16,0) size 6x16: white bullet
                      RenderInline {A} at (0,0) size 119x16 [color=#800080]
                        RenderText {#text} at (0,0) size 119x16
                          text run at (0,0) width 119: "CWRU Web server"
                      RenderText {#text} at (0,0) size 0x0
                    RenderListItem {LI} at (40,48) size 682x16
                      RenderListMarker at (-16,0) size 6x16: white bullet
                      RenderInline {A} at (0,0) size 45x16 [color=#800080]
                        RenderText {#text} at (0,0) size 45x16
                          text run at (0,0) width 45: "Yahoo!"
                      RenderText {#text} at (0,0) size 0x0
                    RenderListItem {LI} at (40,64) size 682x16
                      RenderListMarker at (-16,0) size 6x16: white bullet
                      RenderInline {A} at (0,0) size 56x16 [color=#800080]
                        RenderText {#text} at (0,0) size 56x16
                          text run at (0,0) width 56: "Erewhon"
                      RenderText {#text} at (56,0) size 215x16
                        text run at (56,0) width 215: " (don't click on it, it goes nowhere)"
                RenderListItem {LI} at (40,96) size 722x32
                  RenderBlock (anonymous) at (0,0) size 722x16
                    RenderListMarker at (-16,0) size 6x16: bullet
                    RenderText {#text} at (0,0) size 202x16
                      text run at (0,0) width 202: "Dark green in any circumstance:"
                  RenderBlock {UL} at (0,16) size 722x16
                    RenderListItem {LI} at (40,0) size 682x16
                      RenderListMarker at (-16,0) size 6x16: white bullet
                      RenderInline {A} at (0,0) size 119x16 [color=#006600]
                        RenderText {#text} at (0,0) size 119x16
                          text run at (0,0) width 119: "CWRU Web server"
                      RenderText {#text} at (0,0) size 0x0
              RenderBlock {P} at (4,176) size 762x32
                RenderText {#text} at (0,0) size 116x16
                  text run at (0,0) width 116: "The quoted word \""
                RenderInline {A} at (0,0) size 44x16 [color=#008000]
                  RenderText {#text} at (116,0) size 44x16
                    text run at (116,0) width 44: "anchor"
                RenderText {#text} at (160,0) size 727x32
                  text run at (160,0) width 371: "\" should be green, NOT purple, since it's part of an anchor. "
                  text run at (531,0) width 196: "It's a named anchor, and styles"
                  text run at (0,16) width 350: "declared for the A tag are applied to them under CSS1. "
                  text run at (350,16) width 317: "It also should NOT turn orange when clicked upon."
