layer at (0,0) size 800x904
  RenderView at (0,0) size 800x600
layer at (0,0) size 800x904
  RenderBlock {HTML} at (0,0) size 800x904
    RenderBody {BODY} at (8,8) size 784x888 [bgcolor=#CCCCCC]
      RenderBlock {P} at (0,0) size 784x16
        RenderInline (generated) at (0,0) size 9x16 [color=#800000]
          RenderText {#text} at (0,0) size 9x16
            text run at (0,0) width 9: "T"
        RenderText {#text} at (9,0) size 343x16
          text run at (9,0) width 343: "he style declarations which apply to the text below are:"
      RenderBlock {PRE} at (0,30) size 784x112
        RenderText {#text} at (0,0) size 184x112
          text run at (0,0) width 112: "P:first-line {color: green;}"
          text run at (112,0) width 0: " "
          text run at (0,16) width 124: "P:first-letter {color: maroon;}"
          text run at (124,16) width 0: " "
          text run at (0,32) width 136: ".two:first-line {font-size: 200%;}"
          text run at (136,32) width 0: " "
          text run at (0,48) width 144: ".two:first-letter {font-size: 350%;}"
          text run at (144,48) width 0: " "
          text run at (0,64) width 156: "P.three:first-letter {font-size: 350%;}"
          text run at (156,64) width 0: " "
          text run at (0,80) width 184: "P.three:first-line {font-variant: small-caps;}"
          text run at (184,80) width 0: " "
          text run at (0,96) width 0: " "
      RenderBlock {HR} at (0,156) size 784x2 [border: (1px inset #000000)]
      RenderBlock {P} at (0,172) size 784x48
        RenderInline (generated) at (0,0) size 9x16 [color=#800000]
          RenderText {#text} at (0,0) size 9x16
            text run at (0,0) width 9: "T"
        RenderText {#text} at (9,0) size 779x48
          text run at (9,0) width 762: "he first letter of this paragraph, and only that one, should be maroon (dark red), while the entire first line should be green. "
          text run at (771,0) width 8: "If"
          text run at (0,16) width 503: "this precise combination does not occur, then the user agent has failed this test. "
          text run at (503,16) width 224: "Remember that in order to ensure a"
          text run at (0,32) width 442: "complete test, the paragraph must be displayed on more than one line."
      RenderBlock {P} at (0,234) size 784x156
        RenderInline (generated) at (0,0) size 60x100 [color=#800000]
          RenderText {#text} at (0,4) size 60x100
            text run at (0,4) width 60: "T"
        RenderText {#text} at (60,68) size 774x88
          text run at (60,68) width 714: "he first letter of this paragraph, and only that one, should"
          text run at (0,108) width 754: "be 350% bigger than the rest of the first line of this paragraph and maroon (dark red), while the entire first line should be"
          text run at (0,124) width 234: "200% bigger than normal and green. "
          text run at (234,124) width 511: "If this precise combination does not occur, then the user agent has failed this test."
          text run at (0,140) width 670: "Remember that in order to ensure a complete test, the paragraph must be displayed on more than one line."
      RenderBlock {P} at (0,404) size 784x102
        RenderInline (generated) at (0,0) size 63x51 [color=#800000]
          RenderText {#text} at (0,1) size 63x51
            text run at (0,1) width 63: "\"W"
        RenderText {#text} at (63,33) size 782x69
          text run at (63,33) width 418: "e should check for quotation support,\" it was said. "
          text run at (481,33) width 262: "The first two characters in this"
          text run at (0,54) width 782: "paragraph-- a double-quote mark and a capital 'W'-- should be 350% bigger than the rest of the paragraph, and maroon (dark"
          text run at (0,70) width 33: "red). "
          text run at (33,70) width 742: "Note that the inclusion of both the quotation mark and the 'W' in the first-letter style is not required under CSS1, but it is"
          text run at (0,86) width 97: "recommended. "
          text run at (97,86) width 447: "In addition, the entire first line should be in a small-caps font and green."
      RenderTable {TABLE} at (0,520) size 784x368 [border: (1px outset #808080)]
        RenderTableSection {TBODY} at (1,1) size 782x366
          RenderTableRow {TR} at (0,0) size 782x24
            RenderTableCell {TD} at (0,0) size 782x24 [bgcolor=#C0C0C0] [border: (1px inset #808080)] [r=0 c=0 rs=1 cs=2]
              RenderInline {STRONG} at (0,0) size 157x16
                RenderText {#text} at (4,4) size 157x16
                  text run at (4,4) width 157: "TABLE Testing Section"
          RenderTableRow {TR} at (0,24) size 782x342
            RenderTableCell {TD} at (0,183) size 12x24 [bgcolor=#C0C0C0] [border: (1px inset #808080)] [r=1 c=0 rs=1 cs=1]
              RenderText {#text} at (4,4) size 4x16
                text run at (4,4) width 4: " "
            RenderTableCell {TD} at (12,24) size 770x342 [border: (1px inset #808080)] [r=1 c=1 rs=1 cs=1]
              RenderBlock {P} at (4,4) size 762x48
                RenderInline (generated) at (0,0) size 9x16 [color=#800000]
                  RenderText {#text} at (0,0) size 9x16
                    text run at (0,0) width 9: "T"
                RenderText {#text} at (9,0) size 724x48
                  text run at (9,0) width 714: "he first letter of this paragraph, and only that one, should be maroon (dark red), while the entire first line should be"
                  text run at (0,16) width 44: "green. "
                  text run at (44,16) width 515: "If this precise combination does not occur, then the user agent has failed this test. "
                  text run at (559,16) width 165: "Remember that in order to"
                  text run at (0,32) width 501: "ensure a complete test, the paragraph must be displayed on more than one line."
              RenderBlock {P} at (4,66) size 762x156
                RenderInline (generated) at (0,0) size 60x100 [color=#800000]
                  RenderText {#text} at (0,4) size 60x100
                    text run at (0,4) width 60: "T"
                RenderText {#text} at (60,68) size 753x88
                  text run at (60,68) width 622: "he first letter of this paragraph, and only that one,"
                  text run at (0,108) width 735: "should be 350% bigger than the rest of the first line of this paragraph and maroon (dark red), while the entire first line"
                  text run at (0,124) width 298: "should be 200% bigger than normal and green. "
                  text run at (298,124) width 455: "If this precise combination does not occur, then the user agent has failed"
                  text run at (0,140) width 56: "this test. "
                  text run at (56,140) width 670: "Remember that in order to ensure a complete test, the paragraph must be displayed on more than one line."
              RenderBlock {P} at (4,236) size 762x102
                RenderInline (generated) at (0,0) size 63x51 [color=#800000]
                  RenderText {#text} at (0,1) size 63x51
                    text run at (0,1) width 63: "\"W"
                RenderText {#text} at (63,33) size 745x69
                  text run at (63,33) width 418: "e should check for quotation support,\" it was said. "
                  text run at (481,33) width 262: "The first two characters in this"
                  text run at (0,54) width 745: "paragraph-- a double-quote mark and a capital 'W'-- should be 350% bigger than the rest of the paragraph, and maroon"
                  text run at (0,70) width 70: "(dark red). "
                  text run at (70,70) width 652: "Note that the inclusion of both the quotation mark and the 'W' in the first-letter style is not required under"
                  text run at (0,86) width 187: "CSS1, but it is recommended. "
                  text run at (187,86) width 447: "In addition, the entire first line should be in a small-caps font and green."
