layer at (0,0) size 140x2932
  RenderView at (0,0) size 96x26
layer at (0,0) size 140x2932
  RenderBlock {HTML} at (0,0) size 96x2932
    RenderBody {BODY} at (8,8) size 80x2916 [bgcolor=#CCCCCC]
      RenderBlock {P} at (0,0) size 80x80
        RenderText {#text} at (0,0) size 77x80
          text run at (0,0) width 62: "The style"
          text run at (0,16) width 77: "declarations"
          text run at (0,32) width 74: "which apply"
          text run at (0,48) width 63: "to the text"
          text run at (0,64) width 64: "below are:"
      RenderBlock {PRE} at (0,94) size 80x64
        RenderText {#text} at (0,0) size 132x64
          text run at (0,0) width 132: "P:first-line {font-weight: bold;}"
          text run at (132,0) width 0: " "
          text run at (0,16) width 128: "P.two:first-line {color: green;}"
          text run at (128,16) width 0: " "
          text run at (0,32) width 128: "P:first-line.three {color: red;}"
          text run at (128,32) width 0: " "
          text run at (0,48) width 0: " "
      RenderBlock {HR} at (0,172) size 80x2 [border: (1px inset #000000)]
      RenderBlock {P} at (0,188) size 80x320
        RenderText {#text} at (0,0) size 79x320
          text run at (0,0) width 56: "The first"
          text run at (0,16) width 64: "line of this"
          text run at (0,32) width 58: "sentence"
          text run at (0,48) width 60: "should be"
          text run at (0,64) width 64: "boldfaced."
          text run at (0,80) width 68: "This test is"
          text run at (0,96) width 52: "included"
          text run at (0,112) width 55: "simply to"
          text run at (0,128) width 67: "establish a"
          text run at (0,144) width 73: "baseline for"
          text run at (0,160) width 79: "the following"
          text run at (0,176) width 70: "tests, since"
          text run at (0,192) width 60: "if this test"
          text run at (0,208) width 60: "fails, then"
          text run at (0,224) width 64: "the rest of"
          text run at (0,240) width 74: "the tests on"
          text run at (0,256) width 58: "this page"
          text run at (0,272) width 21: "are"
          text run at (0,288) width 74: "expected to"
          text run at (0,304) width 68: "fail as well."
      RenderBlock {P} at (0,522) size 80x352
        RenderText {#text} at (0,0) size 80x320
          text run at (0,0) width 56: "The first"
          text run at (0,16) width 64: "line of this"
          text run at (0,32) width 58: "sentence"
          text run at (0,48) width 60: "should be"
          text run at (0,64) width 61: "boldfaced"
          text run at (0,80) width 68: "and green,"
          text run at (0,96) width 76: "thanks to its"
          text run at (0,112) width 57: "selector. "
          text run at (57,112) width 8: "If"
          text run at (0,128) width 60: "this is not"
          text run at (0,144) width 57: "the case,"
          text run at (0,160) width 52: "then the"
          text run at (0,176) width 67: "user agent"
          text run at (0,192) width 61: "may have"
          text run at (0,208) width 50: "failed to"
          text run at (0,224) width 52: "properly"
          text run at (0,240) width 60: "parse the"
          text run at (0,256) width 70: "selector, or"
          text run at (0,272) width 80: "it may simply"
          text run at (0,288) width 71: "not support"
          text run at (0,304) width 24: "the "
        RenderInline {TT} at (0,0) size 44x16
          RenderText {#text} at (24,304) size 44x16
            text run at (24,304) width 44: ":first-line"
        RenderText {#text} at (0,320) size 53x32
          text run at (0,320) width 50: "pseudo-"
          text run at (0,336) width 53: "element."
      RenderBlock {P} at (0,888) size 80x608
        RenderText {#text} at (0,0) size 80x608
          text run at (0,0) width 56: "The first"
          text run at (0,16) width 64: "line of this"
          text run at (0,32) width 58: "sentence"
          text run at (0,48) width 60: "should be"
          text run at (0,64) width 68: "boldfaced. "
          text run at (68,64) width 8: "If"
          text run at (0,80) width 49: "it is red,"
          text run at (0,96) width 52: "then the"
          text run at (0,112) width 67: "user agent"
          text run at (0,128) width 76: "has violated"
          text run at (0,144) width 20: "the"
          text run at (0,160) width 78: "specification"
          text run at (0,176) width 66: "in allowing"
          text run at (0,192) width 50: "pseudo-"
          text run at (0,208) width 73: "elements at"
          text run at (0,224) width 80: "a point other"
          text run at (0,240) width 80: "than the end"
          text run at (0,256) width 24: "of a"
          text run at (0,272) width 57: "selector. "
          text run at (57,272) width 8: "If"
          text run at (0,288) width 58: "neither is"
          text run at (0,304) width 57: "the case,"
          text run at (0,320) width 52: "then the"
          text run at (0,336) width 67: "user agent"
          text run at (0,352) width 23: "has"
          text run at (0,368) width 54: "correctly"
          text run at (0,384) width 72: "ignored the"
          text run at (0,400) width 55: "incorrect"
          text run at (0,416) width 75: "selector, but"
          text run at (0,432) width 23: "has"
          text run at (0,448) width 73: "suppressed"
          text run at (0,464) width 73: "other styles"
          text run at (0,480) width 61: "which are"
          text run at (0,496) width 60: "valid, and"
          text run at (0,512) width 58: "therefore"
          text run at (0,528) width 48: "must be"
          text run at (0,544) width 70: "considered"
          text run at (0,560) width 47: "to have"
          text run at (0,576) width 58: "failed the"
          text run at (0,592) width 26: "test."
      RenderTable {TABLE} at (0,1510) size 100x1406 [border: (1px outset #808080)]
        RenderTableSection {TBODY} at (1,1) size 98x1404
          RenderTableRow {TR} at (0,0) size 98x56
            RenderTableCell {TD} at (0,0) size 98x56 [bgcolor=#C0C0C0] [border: (1px inset #808080)] [r=0 c=0 rs=1 cs=2]
              RenderInline {STRONG} at (0,0) size 53x48
                RenderText {#text} at (4,4) size 53x48
                  text run at (4,4) width 45: "TABLE"
                  text run at (4,20) width 51: "Testing"
                  text run at (4,36) width 53: "Section"
          RenderTableRow {TR} at (0,56) size 98x1348
            RenderTableCell {TD} at (0,718) size 12x24 [bgcolor=#C0C0C0] [border: (1px inset #808080)] [r=1 c=0 rs=1 cs=1]
              RenderText {#text} at (4,4) size 4x16
                text run at (4,4) width 4: " "
            RenderTableCell {TD} at (12,56) size 86x1348 [border: (1px inset #808080)] [r=1 c=1 rs=1 cs=1]
              RenderBlock {P} at (4,4) size 78x336
                RenderText {#text} at (0,0) size 74x336
                  text run at (0,0) width 56: "The first"
                  text run at (0,16) width 64: "line of this"
                  text run at (0,32) width 58: "sentence"
                  text run at (0,48) width 60: "should be"
                  text run at (0,64) width 64: "boldfaced."
                  text run at (0,80) width 68: "This test is"
                  text run at (0,96) width 52: "included"
                  text run at (0,112) width 55: "simply to"
                  text run at (0,128) width 67: "establish a"
                  text run at (0,144) width 73: "baseline for"
                  text run at (0,160) width 20: "the"
                  text run at (0,176) width 55: "following"
                  text run at (0,192) width 70: "tests, since"
                  text run at (0,208) width 60: "if this test"
                  text run at (0,224) width 60: "fails, then"
                  text run at (0,240) width 64: "the rest of"
                  text run at (0,256) width 74: "the tests on"
                  text run at (0,272) width 58: "this page"
                  text run at (0,288) width 21: "are"
                  text run at (0,304) width 74: "expected to"
                  text run at (0,320) width 68: "fail as well."
              RenderBlock {P} at (4,354) size 78x368
                RenderText {#text} at (0,0) size 76x320
                  text run at (0,0) width 56: "The first"
                  text run at (0,16) width 64: "line of this"
                  text run at (0,32) width 58: "sentence"
                  text run at (0,48) width 60: "should be"
                  text run at (0,64) width 61: "boldfaced"
                  text run at (0,80) width 68: "and green,"
                  text run at (0,96) width 76: "thanks to its"
                  text run at (0,112) width 57: "selector. "
                  text run at (57,112) width 8: "If"
                  text run at (0,128) width 60: "this is not"
                  text run at (0,144) width 57: "the case,"
                  text run at (0,160) width 52: "then the"
                  text run at (0,176) width 67: "user agent"
                  text run at (0,192) width 61: "may have"
                  text run at (0,208) width 50: "failed to"
                  text run at (0,224) width 52: "properly"
                  text run at (0,240) width 60: "parse the"
                  text run at (0,256) width 70: "selector, or"
                  text run at (0,272) width 37: "it may"
                  text run at (0,288) width 63: "simply not"
                  text run at (0,304) width 71: "support the"
                RenderInline {TT} at (0,0) size 44x16
                  RenderText {#text} at (0,320) size 44x16
                    text run at (0,320) width 44: ":first-line"
                RenderText {#text} at (0,336) size 53x32
                  text run at (0,336) width 50: "pseudo-"
                  text run at (0,352) width 53: "element."
              RenderBlock {P} at (4,736) size 78x608
                RenderText {#text} at (0,0) size 78x608
                  text run at (0,0) width 56: "The first"
                  text run at (0,16) width 64: "line of this"
                  text run at (0,32) width 58: "sentence"
                  text run at (0,48) width 60: "should be"
                  text run at (0,64) width 68: "boldfaced. "
                  text run at (68,64) width 8: "If"
                  text run at (0,80) width 49: "it is red,"
                  text run at (0,96) width 52: "then the"
                  text run at (0,112) width 67: "user agent"
                  text run at (0,128) width 76: "has violated"
                  text run at (0,144) width 20: "the"
                  text run at (0,160) width 78: "specification"
                  text run at (0,176) width 66: "in allowing"
                  text run at (0,192) width 50: "pseudo-"
                  text run at (0,208) width 73: "elements at"
                  text run at (0,224) width 43: "a point"
                  text run at (0,240) width 65: "other than"
                  text run at (0,256) width 76: "the end of a"
                  text run at (0,272) width 57: "selector. "
                  text run at (57,272) width 8: "If"
                  text run at (0,288) width 58: "neither is"
                  text run at (0,304) width 57: "the case,"
                  text run at (0,320) width 52: "then the"
                  text run at (0,336) width 67: "user agent"
                  text run at (0,352) width 23: "has"
                  text run at (0,368) width 54: "correctly"
                  text run at (0,384) width 72: "ignored the"
                  text run at (0,400) width 55: "incorrect"
                  text run at (0,416) width 75: "selector, but"
                  text run at (0,432) width 23: "has"
                  text run at (0,448) width 73: "suppressed"
                  text run at (0,464) width 73: "other styles"
                  text run at (0,480) width 61: "which are"
                  text run at (0,496) width 60: "valid, and"
                  text run at (0,512) width 58: "therefore"
                  text run at (0,528) width 48: "must be"
                  text run at (0,544) width 70: "considered"
                  text run at (0,560) width 47: "to have"
                  text run at (0,576) width 58: "failed the"
                  text run at (0,592) width 26: "test."
