layer at (0,0) size 800x600
  RenderView at (0,0) size 800x600
layer at (0,0) size 800x600
  RenderBlock {HTML} at (0,0) size 800x600
    RenderBody {BODY} at (8,8) size 784x584
      RenderBlock {P} at (0,0) size 784x22
        RenderText {#text} at (0,0) size 57x22
          text run at (0,0) width 57: "Test for "
        RenderInline {I} at (0,0) size 664x22
          RenderInline {A} at (0,0) size 352x22 [color=#0000EE]
            RenderText {#text} at (57,0) size 352x22
              text run at (57,0) width 352: "http://bugzilla.opendarwin.org/show_bug.cgi?id=7761"
          RenderText {#text} at (409,0) size 312x22
            text run at (409,0) width 312: " Tabs in class attribute not treated as whitespace"
        RenderText {#text} at (721,0) size 4x22
          text run at (721,0) width 4: "."
      RenderBlock {P} at (0,38) size 784x22
        RenderText {#text} at (0,0) size 244x22
          text run at (0,0) width 244: "All of the following should be green:"
      RenderBlock {DIV} at (0,76) size 784x22 [color=#008000]
        RenderText {#text} at (0,0) size 64x22
          text run at (0,0) width 64: "Tab after"
      RenderBlock {DIV} at (0,98) size 784x22 [color=#008000]
        RenderText {#text} at (0,0) size 75x22
          text run at (0,0) width 75: "Tab before"
      RenderBlock {DIV} at (0,120) size 784x22 [color=#008000]
        RenderText {#text} at (0,0) size 91x22
          text run at (0,0) width 91: "Newline after"
      RenderBlock {DIV} at (0,142) size 784x22 [color=#008000]
        RenderText {#text} at (0,0) size 102x22
          text run at (0,0) width 102: "Newline before"
      RenderBlock {DIV} at (0,164) size 784x22 [color=#008000]
        RenderText {#text} at (0,0) size 82x22
          text run at (0,0) width 82: "Spaces after"
      RenderBlock {DIV} at (0,186) size 784x22 [color=#008000]
        RenderText {#text} at (0,0) size 93x22
          text run at (0,0) width 93: "Spaces before"
      RenderBlock {DIV} at (0,208) size 784x22 [color=#008000]
        RenderText {#text} at (0,0) size 60x22
          text run at (0,0) width 60: "CR after"
      RenderBlock {DIV} at (0,230) size 784x22 [color=#008000]
        RenderText {#text} at (0,0) size 71x22
          text run at (0,0) width 71: "CR before"
