layer at (0,0) size 800x742
  RenderView at (0,0) size 800x600
layer at (0,0) size 800x742
  RenderBlock {HTML} at (0,0) size 800x742
    RenderBody {BODY} at (8,8) size 784x726 [bgcolor=#CCCCCC]
      RenderBlock {P} at (0,0) size 784x16
        RenderText {#text} at (0,0) size 352x16
          text run at (0,0) width 352: "The style declarations which apply to the text below are:"
      RenderBlock {PRE} at (0,30) size 784x80
        RenderText {#text} at (0,0) size 284x80
          text run at (0,0) width 88: ".one {display: block;}"
          text run at (88,0) width 0: " "
          text run at (0,16) width 92: ".two {display: inline;}"
          text run at (92,16) width 0: " "
          text run at (0,32) width 284: ".three {display: list-item; list-style-type: square; margin-left: 3em;}"
          text run at (284,32) width 0: " "
          text run at (0,48) width 136: ".four {display: none; color: red;}"
          text run at (136,48) width 0: " "
          text run at (0,64) width 76: "I {display: block;}"
          text run at (76,64) width 0: " "
      RenderBlock {HR} at (0,124) size 784x2 [border: (1px inset #000000)]
      RenderBlock {P} at (0,140) size 784x16
        RenderText {#text} at (0,0) size 291x16
          text run at (0,0) width 291: "This sentence should be a block-level element."
      RenderBlock (anonymous) at (0,170) size 784x48
        RenderInline {P} at (0,0) size 455x16
          RenderText {#text} at (0,0) size 455x16
            text run at (0,0) width 455: "This sentence should be part of an inline element, as are the next three. "
        RenderInline {P} at (0,0) size 767x48
          RenderText {#text} at (455,0) size 767x48
            text run at (455,0) width 280: "This sentence and the next two are part of a"
            text run at (0,16) width 144: "second inline element. "
            text run at (144,16) width 623: "They should therefore appear, along with the sentence above, to be all one paragraph which is four"
            text run at (0,32) width 103: "sentences long. "
            text run at (103,32) width 250: "If this is not the case, then the keyword "
          RenderInline {CODE} at (0,0) size 24x16
            RenderText {#text} at (353,32) size 24x16
              text run at (353,32) width 24: "inline"
          RenderText {#text} at (377,32) size 107x16
            text run at (377,32) width 107: " is being ignored."
        RenderText {#text} at (0,0) size 0x0
      RenderListItem {P} at (42,232) size 742x48
        RenderListMarker at (-16,0) size 6x16: black square
        RenderText {#text} at (0,0) size 742x16
          text run at (0,0) width 742: "This sentence should be treated as a list-item, and therefore be rendered however this user agent displays list items (if"
        RenderInline {CODE} at (0,0) size 60x16
          RenderText {#text} at (0,16) size 60x16
            text run at (0,16) width 60: "list-style-type"
        RenderText {#text} at (60,16) size 708x32
          text run at (60,16) width 357: " is supported, there will be a square for the item marker). "
          text run at (417,16) width 291: "A 3em left margin has been applied in order to"
          text run at (0,32) width 311: "ensure that there is space for the list-item marker."
      RenderBlock {P} at (0,294) size 784x16
        RenderText {#text} at (0,0) size 447x16
          text run at (0,0) width 447: "The next paragraph should be invisible (if it's visible, you'll see red text)."
      RenderBlock {P} at (0,324) size 784x16
        RenderText {#text} at (0,0) size 247x16
          text run at (0,0) width 247: "There should be no text after the colon:"
        RenderText {#text} at (0,0) size 0x0
      RenderBlock {P} at (0,354) size 784x48
        RenderBlock (anonymous) at (0,0) size 784x16
          RenderText {#text} at (0,0) size 110x16
            text run at (0,0) width 110: "The italicized text"
        RenderBlock {I} at (0,16) size 784x16
          RenderText {#text} at (0,0) size 107x16
            text run at (0,0) width 107: "in this paragraph"
        RenderBlock (anonymous) at (0,32) size 784x16
          RenderText {#text} at (0,0) size 198x16
            text run at (0,0) width 198: "should be a block-level element."
      RenderTable {TABLE} at (0,416) size 784x310 [border: (1px outset #808080)]
        RenderTableSection {TBODY} at (1,1) size 782x308
          RenderTableRow {TR} at (0,0) size 782x24
            RenderTableCell {TD} at (0,0) size 782x24 [bgcolor=#C0C0C0] [border: (1px inset #808080)] [r=0 c=0 rs=1 cs=2]
              RenderInline {STRONG} at (0,0) size 157x16
                RenderText {#text} at (4,4) size 157x16
                  text run at (4,4) width 157: "TABLE Testing Section"
          RenderTableRow {TR} at (0,24) size 782x284
            RenderTableCell {TD} at (0,154) size 12x24 [bgcolor=#C0C0C0] [border: (1px inset #808080)] [r=1 c=0 rs=1 cs=1]
              RenderText {#text} at (4,4) size 4x16
                text run at (4,4) width 4: " "
            RenderTableCell {TD} at (12,24) size 770x284 [border: (1px inset #808080)] [r=1 c=1 rs=1 cs=1]
              RenderBlock {P} at (4,4) size 762x16
                RenderText {#text} at (0,0) size 291x16
                  text run at (0,0) width 291: "This sentence should be a block-level element."
              RenderBlock (anonymous) at (4,34) size 762x48
                RenderInline {P} at (0,0) size 455x16
                  RenderText {#text} at (0,0) size 455x16
                    text run at (0,0) width 455: "This sentence should be part of an inline element, as are the next three. "
                RenderInline {P} at (0,0) size 739x48
                  RenderText {#text} at (455,0) size 739x48
                    text run at (455,0) width 280: "This sentence and the next two are part of a"
                    text run at (0,16) width 144: "second inline element. "
                    text run at (144,16) width 595: "They should therefore appear, along with the sentence above, to be all one paragraph which is"
                    text run at (0,32) width 131: "four sentences long. "
                    text run at (131,32) width 250: "If this is not the case, then the keyword "
                  RenderInline {CODE} at (0,0) size 24x16
                    RenderText {#text} at (381,32) size 24x16
                      text run at (381,32) width 24: "inline"
                  RenderText {#text} at (405,32) size 107x16
                    text run at (405,32) width 107: " is being ignored."
                RenderText {#text} at (0,0) size 0x0
              RenderListItem {P} at (46,96) size 720x48
                RenderListMarker at (-16,0) size 6x16: black square
                RenderText {#text} at (0,0) size 689x32
                  text run at (0,0) width 689: "This sentence should be treated as a list-item, and therefore be rendered however this user agent displays list"
                  text run at (0,16) width 53: "items (if "
                RenderInline {CODE} at (0,0) size 60x16
                  RenderText {#text} at (53,16) size 60x16
                    text run at (53,16) width 60: "list-style-type"
                RenderText {#text} at (113,16) size 707x32
                  text run at (113,16) width 357: " is supported, there will be a square for the item marker). "
                  text run at (470,16) width 237: "A 3em left margin has been applied in"
                  text run at (0,32) width 365: "order to ensure that there is space for the list-item marker."
              RenderBlock {P} at (4,158) size 762x16
                RenderText {#text} at (0,0) size 447x16
                  text run at (0,0) width 447: "The next paragraph should be invisible (if it's visible, you'll see red text)."
              RenderBlock {P} at (4,188) size 762x16
                RenderText {#text} at (0,0) size 247x16
                  text run at (0,0) width 247: "There should be no text after the colon:"
                RenderText {#text} at (0,0) size 0x0
              RenderBlock {P} at (4,218) size 762x48
                RenderBlock (anonymous) at (0,0) size 762x16
                  RenderText {#text} at (0,0) size 110x16
                    text run at (0,0) width 110: "The italicized text"
                RenderBlock {I} at (0,16) size 762x16
                  RenderText {#text} at (0,0) size 107x16
                    text run at (0,0) width 107: "in this paragraph"
                RenderBlock (anonymous) at (0,32) size 762x16
                  RenderText {#text} at (0,0) size 198x16
                    text run at (0,0) width 198: "should be a block-level element."
