layer at (0,0) size 800x1585
  RenderView at (0,0) size 800x600
layer at (0,0) size 800x1585
  RenderBlock {HTML} at (0,0) size 800x1585
    RenderBody {BODY} at (8,8) size 784x1569 [bgcolor=#CCCCCC]
      RenderBlock {P} at (0,0) size 784x19
        RenderText {#text} at (0,0) size 354x19
          text run at (0,0) width 354: "The style declarations which apply to the text below are:"
      RenderBlock {PRE} at (0,33) size 784x190
        RenderText {#text} at (0,1) size 304x188
          text run at (0,1) width 232: ".one {list-style-type: disc;}"
          text run at (232,1) width 0: " "
          text run at (0,20) width 248: ".two {list-style-type: circle;}"
          text run at (248,20) width 0: " "
          text run at (0,39) width 264: ".three {list-style-type: square;}"
          text run at (264,39) width 0: " "
          text run at (0,58) width 296: ".four {list-style-type: lower-roman;}"
          text run at (296,58) width 0: " "
          text run at (0,77) width 296: ".five {list-style-type: upper-roman;}"
          text run at (296,77) width 0: " "
          text run at (0,96) width 288: ".six {list-style-type: lower-alpha;}"
          text run at (288,96) width 0: " "
          text run at (0,115) width 304: ".seven {list-style-type: upper-alpha;}"
          text run at (304,115) width 0: " "
          text run at (0,134) width 272: ".eight {list-style-type: decimal;}"
          text run at (272,134) width 0: " "
          text run at (0,153) width 240: ".nine {list-style-type: none;}"
          text run at (240,153) width 0: " "
          text run at (0,172) width 0: " "
      RenderBlock {HR} at (0,237) size 784x2 [border: (1px inset #000000)]
      RenderBlock {UL} at (0,253) size 784x57
        RenderListItem {LI} at (40,0) size 744x19
          RenderListMarker at (-17,0) size 7x19: bullet
          RenderText {#text} at (0,0) size 60x19
            text run at (0,0) width 60: "This list..."
        RenderListItem {LI} at (40,19) size 744x19
          RenderListMarker at (-17,0) size 7x19: bullet
          RenderText {#text} at (0,0) size 115x19
            text run at (0,0) width 115: "...should feature..."
        RenderListItem {LI} at (40,38) size 744x19
          RenderListMarker at (-17,0) size 7x19: bullet
          RenderText {#text} at (0,0) size 135x19
            text run at (0,0) width 135: "...discs for each item."
      RenderBlock {UL} at (0,324) size 784x57
        RenderListItem {LI} at (40,0) size 744x19
          RenderListMarker at (-17,0) size 7x19: white bullet
          RenderText {#text} at (0,0) size 60x19
            text run at (0,0) width 60: "This list..."
        RenderListItem {LI} at (40,19) size 744x19
          RenderListMarker at (-17,0) size 7x19: white bullet
          RenderText {#text} at (0,0) size 115x19
            text run at (0,0) width 115: "...should feature..."
        RenderListItem {LI} at (40,38) size 744x19
          RenderListMarker at (-17,0) size 7x19: white bullet
          RenderText {#text} at (0,0) size 143x19
            text run at (0,0) width 143: "...circles for each item."
      RenderBlock {UL} at (0,395) size 784x57
        RenderListItem {LI} at (40,0) size 744x19
          RenderListMarker at (-17,0) size 7x19: black square
          RenderText {#text} at (0,0) size 60x19
            text run at (0,0) width 60: "This list..."
        RenderListItem {LI} at (40,19) size 744x19
          RenderListMarker at (-17,0) size 7x19: black square
          RenderText {#text} at (0,0) size 115x19
            text run at (0,0) width 115: "...should feature..."
        RenderListItem {LI} at (40,38) size 744x19
          RenderListMarker at (-17,0) size 7x19: black square
          RenderText {#text} at (0,0) size 154x19
            text run at (0,0) width 154: "...squares for each item."
      RenderBlock {OL} at (0,466) size 784x57
        RenderListItem {LI} at (40,0) size 744x19
          RenderListMarker at (-15,0) size 11x19: "i"
          RenderText {#text} at (0,0) size 60x19
            text run at (0,0) width 60: "This list..."
        RenderListItem {LI} at (40,19) size 744x19
          RenderListMarker at (-18,0) size 14x19: "ii"
          RenderText {#text} at (0,0) size 115x19
            text run at (0,0) width 115: "...should feature..."
        RenderListItem {LI} at (40,38) size 744x19
          RenderListMarker at (-21,0) size 17x19: "iii"
          RenderText {#text} at (0,0) size 280x19
            text run at (0,0) width 280: "...lowercase Roman numerals for each item."
      RenderBlock {OL} at (0,537) size 784x57
        RenderListItem {LI} at (40,0) size 744x19
          RenderListMarker at (-16,0) size 12x19: "I"
          RenderText {#text} at (0,0) size 60x19
            text run at (0,0) width 60: "This list..."
        RenderListItem {LI} at (40,19) size 744x19
          RenderListMarker at (-20,0) size 16x19: "II"
          RenderText {#text} at (0,0) size 115x19
            text run at (0,0) width 115: "...should feature..."
        RenderListItem {LI} at (40,38) size 744x19
          RenderListMarker at (-24,0) size 20x19: "III"
          RenderText {#text} at (0,0) size 283x19
            text run at (0,0) width 283: "...uppercase Roman numerals for each item."
      RenderBlock {OL} at (0,608) size 784x57
        RenderListItem {LI} at (40,0) size 744x19
          RenderListMarker at (-20,0) size 16x19: "a"
          RenderText {#text} at (0,0) size 60x19
            text run at (0,0) width 60: "This list..."
        RenderListItem {LI} at (40,19) size 744x19
          RenderListMarker at (-20,0) size 16x19: "b"
          RenderText {#text} at (0,0) size 115x19
            text run at (0,0) width 115: "...should feature..."
        RenderListItem {LI} at (40,38) size 744x19
          RenderListMarker at (-19,0) size 15x19: "c"
          RenderText {#text} at (0,0) size 210x19
            text run at (0,0) width 210: "...lowercase letters for each item."
      RenderBlock {OL} at (0,679) size 784x57
        RenderListItem {LI} at (40,0) size 744x19
          RenderListMarker at (-21,0) size 17x19: "A"
          RenderText {#text} at (0,0) size 60x19
            text run at (0,0) width 60: "This list..."
        RenderListItem {LI} at (40,19) size 744x19
          RenderListMarker at (-21,0) size 17x19: "B"
          RenderText {#text} at (0,0) size 115x19
            text run at (0,0) width 115: "...should feature..."
        RenderListItem {LI} at (40,38) size 744x19
          RenderListMarker at (-22,0) size 18x19: "C"
          RenderText {#text} at (0,0) size 213x19
            text run at (0,0) width 213: "...uppercase letters for each item."
      RenderBlock {OL} at (0,750) size 784x57
        RenderListItem {LI} at (40,0) size 744x19
          RenderListMarker at (-21,0) size 17x19: "A"
          RenderText {#text} at (0,0) size 155x19
            text run at (0,0) width 155: "This list should feature..."
        RenderListItem {LI} at (40,19) size 744x19
          RenderListMarker at (-21,0) size 17x19: "B"
          RenderText {#text} at (0,0) size 150x19
            text run at (0,0) width 150: "...letters for each item..."
        RenderListItem {LI} at (40,38) size 744x19
          RenderListMarker at (-20,0) size 16x19: "3"
          RenderText {#text} at (0,0) size 112x19
            text run at (0,0) width 112: "...except this one."
      RenderBlock {UL} at (0,821) size 784x57
        RenderListItem {LI} at (40,0) size 744x19
          RenderText {#text} at (0,0) size 60x19
            text run at (0,0) width 60: "This list..."
        RenderListItem {LI} at (40,19) size 744x19
          RenderText {#text} at (0,0) size 115x19
            text run at (0,0) width 115: "...should feature..."
        RenderListItem {LI} at (40,38) size 744x19
          RenderText {#text} at (0,0) size 150x19
            text run at (0,0) width 150: "...nothing for each item."
      RenderTable {TABLE} at (0,892) size 345x677 [border: (1px outset #808080)]
        RenderTableSection {TBODY} at (1,1) size 343x675
          RenderTableRow {TR} at (0,0) size 343x28
            RenderTableCell {TD} at (0,0) size 343x28 [bgcolor=#C0C0C0] [border: (1px inset #808080)] [r=0 c=0 rs=1 cs=2]
              RenderInline {STRONG} at (0,0) size 159x20
                RenderText {#text} at (4,4) size 159x20
                  text run at (4,4) width 159: "TABLE Testing Section"
          RenderTableRow {TR} at (0,28) size 343x647
            RenderTableCell {TD} at (0,338) size 12x27 [bgcolor=#C0C0C0] [border: (1px inset #808080)] [r=1 c=0 rs=1 cs=1]
              RenderText {#text} at (4,4) size 4x19
                text run at (4,4) width 4: " "
            RenderTableCell {TD} at (12,28) size 331x647 [border: (1px inset #808080)] [r=1 c=1 rs=1 cs=1]
              RenderBlock {UL} at (4,4) size 323x57
                RenderListItem {LI} at (40,0) size 283x19
                  RenderListMarker at (-17,0) size 7x19: bullet
                  RenderText {#text} at (0,0) size 60x19
                    text run at (0,0) width 60: "This list..."
                RenderListItem {LI} at (40,19) size 283x19
                  RenderListMarker at (-17,0) size 7x19: bullet
                  RenderText {#text} at (0,0) size 115x19
                    text run at (0,0) width 115: "...should feature..."
                RenderListItem {LI} at (40,38) size 283x19
                  RenderListMarker at (-17,0) size 7x19: bullet
                  RenderText {#text} at (0,0) size 135x19
                    text run at (0,0) width 135: "...discs for each item."
              RenderBlock {UL} at (4,75) size 323x57
                RenderListItem {LI} at (40,0) size 283x19
                  RenderListMarker at (-17,0) size 7x19: white bullet
                  RenderText {#text} at (0,0) size 60x19
                    text run at (0,0) width 60: "This list..."
                RenderListItem {LI} at (40,19) size 283x19
                  RenderListMarker at (-17,0) size 7x19: white bullet
                  RenderText {#text} at (0,0) size 115x19
                    text run at (0,0) width 115: "...should feature..."
                RenderListItem {LI} at (40,38) size 283x19
                  RenderListMarker at (-17,0) size 7x19: white bullet
                  RenderText {#text} at (0,0) size 143x19
                    text run at (0,0) width 143: "...circles for each item."
              RenderBlock {UL} at (4,146) size 323x57
                RenderListItem {LI} at (40,0) size 283x19
                  RenderListMarker at (-17,0) size 7x19: black square
                  RenderText {#text} at (0,0) size 60x19
                    text run at (0,0) width 60: "This list..."
                RenderListItem {LI} at (40,19) size 283x19
                  RenderListMarker at (-17,0) size 7x19: black square
                  RenderText {#text} at (0,0) size 115x19
                    text run at (0,0) width 115: "...should feature..."
                RenderListItem {LI} at (40,38) size 283x19
                  RenderListMarker at (-17,0) size 7x19: black square
                  RenderText {#text} at (0,0) size 154x19
                    text run at (0,0) width 154: "...squares for each item."
              RenderBlock {OL} at (4,217) size 323x57
                RenderListItem {LI} at (40,0) size 283x19
                  RenderListMarker at (-15,0) size 11x19: "i"
                  RenderText {#text} at (0,0) size 60x19
                    text run at (0,0) width 60: "This list..."
                RenderListItem {LI} at (40,19) size 283x19
                  RenderListMarker at (-18,0) size 14x19: "ii"
                  RenderText {#text} at (0,0) size 115x19
                    text run at (0,0) width 115: "...should feature..."
                RenderListItem {LI} at (40,38) size 283x19
                  RenderListMarker at (-21,0) size 17x19: "iii"
                  RenderText {#text} at (0,0) size 280x19
                    text run at (0,0) width 280: "...lowercase Roman numerals for each item."
              RenderBlock {OL} at (4,288) size 323x57
                RenderListItem {LI} at (40,0) size 283x19
                  RenderListMarker at (-16,0) size 12x19: "I"
                  RenderText {#text} at (0,0) size 60x19
                    text run at (0,0) width 60: "This list..."
                RenderListItem {LI} at (40,19) size 283x19
                  RenderListMarker at (-20,0) size 16x19: "II"
                  RenderText {#text} at (0,0) size 115x19
                    text run at (0,0) width 115: "...should feature..."
                RenderListItem {LI} at (40,38) size 283x19
                  RenderListMarker at (-24,0) size 20x19: "III"
                  RenderText {#text} at (0,0) size 283x19
                    text run at (0,0) width 283: "...uppercase Roman numerals for each item."
              RenderBlock {OL} at (4,359) size 323x57
                RenderListItem {LI} at (40,0) size 283x19
                  RenderListMarker at (-20,0) size 16x19: "a"
                  RenderText {#text} at (0,0) size 60x19
                    text run at (0,0) width 60: "This list..."
                RenderListItem {LI} at (40,19) size 283x19
                  RenderListMarker at (-20,0) size 16x19: "b"
                  RenderText {#text} at (0,0) size 115x19
                    text run at (0,0) width 115: "...should feature..."
                RenderListItem {LI} at (40,38) size 283x19
                  RenderListMarker at (-19,0) size 15x19: "c"
                  RenderText {#text} at (0,0) size 210x19
                    text run at (0,0) width 210: "...lowercase letters for each item."
              RenderBlock {OL} at (4,430) size 323x57
                RenderListItem {LI} at (40,0) size 283x19
                  RenderListMarker at (-21,0) size 17x19: "A"
                  RenderText {#text} at (0,0) size 60x19
                    text run at (0,0) width 60: "This list..."
                RenderListItem {LI} at (40,19) size 283x19
                  RenderListMarker at (-21,0) size 17x19: "B"
                  RenderText {#text} at (0,0) size 115x19
                    text run at (0,0) width 115: "...should feature..."
                RenderListItem {LI} at (40,38) size 283x19
                  RenderListMarker at (-22,0) size 18x19: "C"
                  RenderText {#text} at (0,0) size 213x19
                    text run at (0,0) width 213: "...uppercase letters for each item."
              RenderBlock {OL} at (4,501) size 323x57
                RenderListItem {LI} at (40,0) size 283x19
                  RenderListMarker at (-21,0) size 17x19: "A"
                  RenderText {#text} at (0,0) size 155x19
                    text run at (0,0) width 155: "This list should feature..."
                RenderListItem {LI} at (40,19) size 283x19
                  RenderListMarker at (-21,0) size 17x19: "B"
                  RenderText {#text} at (0,0) size 150x19
                    text run at (0,0) width 150: "...letters for each item..."
                RenderListItem {LI} at (40,38) size 283x19
                  RenderListMarker at (-20,0) size 16x19: "3"
                  RenderText {#text} at (0,0) size 112x19
                    text run at (0,0) width 112: "...except this one."
              RenderBlock {UL} at (4,572) size 323x57
                RenderListItem {LI} at (40,0) size 283x19
                  RenderText {#text} at (0,0) size 60x19
                    text run at (0,0) width 60: "This list..."
                RenderListItem {LI} at (40,19) size 283x19
                  RenderText {#text} at (0,0) size 115x19
                    text run at (0,0) width 115: "...should feature..."
                RenderListItem {LI} at (40,38) size 283x19
                  RenderText {#text} at (0,0) size 150x19
                    text run at (0,0) width 150: "...nothing for each item."
