layer at (0,0) size 800x600
  RenderView at (0,0) size 800x600
layer at (0,0) size 800x600
  RenderBlock {HTML} at (0,0) size 800x600
    RenderBody {BODY} at (8,8) size 784x584 [bgcolor=#CCCCCC]
      RenderBlock {P} at (0,0) size 784x16
        RenderText {#text} at (0,0) size 352x16
          text run at (0,0) width 352: "The style declarations which apply to the text below are:"
      RenderBlock {PRE} at (0,30) size 784x32
        RenderText {#text} at (0,0) size 248x32
          text run at (0,0) width 152: ".one {list-style: upper-alpha inside;}"
          text run at (152,0) width 0: " "
          text run at (0,16) width 248: ".two {list-style: url(../resources/oransqr.gif) disc outside;}"
          text run at (248,16) width 0: " "
      RenderBlock {HR} at (0,76) size 784x2 [border: (1px inset #000000)]
      RenderBlock {UL} at (0,92) size 784x32
        RenderListItem {LI} at (40,0) size 744x32
          RenderListMarker at (0,0) size 16x16: "A"
          RenderText {#text} at (16,0) size 717x32
            text run at (16,0) width 701: "The text in this item should not behave as expected; that is, it should line up with the capital-A on the left margin,"
            text run at (0,16) width 284: "leaving no blank space beneath the capital-A."
      RenderBlock {UL} at (0,138) size 784x34
        RenderListItem {LI} at (40,0) size 744x34
          RenderListMarker at (-22,0) size 15x15
          RenderText {#text} at (0,2) size 727x32
            text run at (0,2) width 473: "The text in this item have an orange square for its bullet; failing that, a disc. "
            text run at (473,2) width 254: "Also, the bullet should be outside the text"
            text run at (0,18) width 258: "block, as the list has been set to 'outside'."
      RenderTable {TABLE} at (0,186) size 784x128 [border: (1px outset #808080)]
        RenderTableSection {TBODY} at (1,1) size 782x126
          RenderTableRow {TR} at (0,0) size 782x24
            RenderTableCell {TD} at (0,0) size 782x24 [bgcolor=#C0C0C0] [border: (1px inset #808080)] [r=0 c=0 rs=1 cs=2]
              RenderInline {STRONG} at (0,0) size 157x16
                RenderText {#text} at (4,4) size 157x16
                  text run at (4,4) width 157: "TABLE Testing Section"
          RenderTableRow {TR} at (0,24) size 782x102
            RenderTableCell {TD} at (0,63) size 12x24 [bgcolor=#C0C0C0] [border: (1px inset #808080)] [r=1 c=0 rs=1 cs=1]
              RenderText {#text} at (4,4) size 4x16
                text run at (4,4) width 4: " "
            RenderTableCell {TD} at (12,24) size 770x102 [border: (1px inset #808080)] [r=1 c=1 rs=1 cs=1]
              RenderBlock {UL} at (4,4) size 762x32
                RenderListItem {LI} at (40,0) size 722x32
                  RenderListMarker at (0,0) size 16x16: "A"
                  RenderText {#text} at (16,0) size 717x32
                    text run at (16,0) width 701: "The text in this item should not behave as expected; that is, it should line up with the capital-A on the left margin,"
                    text run at (0,16) width 284: "leaving no blank space beneath the capital-A."
              RenderBlock {UL} at (4,50) size 762x34
                RenderListItem {LI} at (40,0) size 722x34
                  RenderListMarker at (-22,0) size 15x15
                  RenderText {#text} at (0,2) size 700x32
                    text run at (0,2) width 473: "The text in this item have an orange square for its bullet; failing that, a disc. "
                    text run at (473,2) width 227: "Also, the bullet should be outside the"
                    text run at (0,18) width 285: "text block, as the list has been set to 'outside'."
