layer at (0,0) size 934x600
  RenderView at (0,0) size 800x600
layer at (0,0) size 934x600
  RenderBlock {HTML} at (0,0) size 800x600
    RenderBody {BODY} at (8,8) size 784x584 [bgcolor=#CCCCCC]
      RenderBlock {P} at (0,0) size 784x19
        RenderText {#text} at (0,0) size 354x19
          text run at (0,0) width 354: "The style declarations which apply to the text below are:"
      RenderBlock {PRE} at (0,33) size 784x76
        RenderText {#text} at (0,1) size 232x74
          text run at (0,1) width 192: ".one {white-space: pre;}"
          text run at (192,1) width 0: " "
          text run at (0,20) width 216: ".two {white-space: nowrap;}"
          text run at (216,20) width 0: " "
          text run at (0,39) width 232: ".three {white-space: normal;}"
          text run at (232,39) width 0: " "
          text run at (0,58) width 0: " "
      RenderBlock {HR} at (0,123) size 784x2 [border: (1px inset #000000)]
      RenderBlock {P} at (0,139) size 784x95
        RenderText {#text} at (0,0) size 572x95
          text run at (0,0) width 0: " "
          text run at (0,19) width 572: "This sentence should     show extra space  where there    would ordinarily         not be any."
          text run at (572,19) width 0: " "
          text run at (0,38) width 302: "     There should also be preservation of returns"
          text run at (302,38) width 0: " "
          text run at (0,57) width 103: "as this sentence"
          text run at (103,57) width 0: " "
          text run at (0,76) width 187: "     very clearly demonstrates."
          text run at (187,76) width 0: " "
      RenderBlock {P} at (0,248) size 784x19
        RenderText {#text} at (0,0) size 904x19
          text run at (0,0) width 904: "This sentence should not word-wrap, no matter how long the sentence is, as it has been set to nowrap and that should have the obvious effect."
      RenderBlock {P} at (0,281) size 784x38
        RenderText {#text} at (0,0) size 302x38
          text run at (0,0) width 0: " "
          text run at (0,19) width 302: "This sentence      should     show extra   space, "
        RenderInline {SPAN} at (0,0) size 158x19
          RenderText {#text} at (302,19) size 158x19
            text run at (302,19) width 85: "except in the "
            text run at (387,19) width 73: "second half"
        RenderText {#text} at (460,19) size 4x19
          text run at (460,19) width 4: "."
          text run at (464,19) width 0: " "
      RenderTable {TABLE} at (0,333) size 926x218 [border: (1px outset #808080)]
        RenderTableSection {TBODY} at (1,1) size 924x216
          RenderTableRow {TR} at (0,0) size 924x28
            RenderTableCell {TD} at (0,0) size 924x28 [bgcolor=#C0C0C0] [border: (1px inset #808080)] [r=0 c=0 rs=1 cs=2]
              RenderInline {STRONG} at (0,0) size 159x20
                RenderText {#text} at (4,4) size 159x20
                  text run at (4,4) width 159: "TABLE Testing Section"
          RenderTableRow {TR} at (0,28) size 924x188
            RenderTableCell {TD} at (0,108) size 12x27 [bgcolor=#C0C0C0] [border: (1px inset #808080)] [r=1 c=0 rs=1 cs=1]
              RenderText {#text} at (4,4) size 4x19
                text run at (4,4) width 4: " "
            RenderTableCell {TD} at (12,28) size 912x188 [border: (1px inset #808080)] [r=1 c=1 rs=1 cs=1]
              RenderBlock {P} at (4,4) size 904x95
                RenderText {#text} at (0,0) size 572x95
                  text run at (0,0) width 0: " "
                  text run at (0,19) width 572: "This sentence should     show extra space  where there    would ordinarily         not be any."
                  text run at (572,19) width 0: " "
                  text run at (0,38) width 302: "     There should also be preservation of returns"
                  text run at (302,38) width 0: " "
                  text run at (0,57) width 103: "as this sentence"
                  text run at (103,57) width 0: " "
                  text run at (0,76) width 187: "     very clearly demonstrates."
                  text run at (187,76) width 0: " "
              RenderBlock {P} at (4,113) size 904x19
                RenderText {#text} at (0,0) size 904x19
                  text run at (0,0) width 904: "This sentence should not word-wrap, no matter how long the sentence is, as it has been set to nowrap and that should have the obvious effect."
              RenderBlock {P} at (4,146) size 904x38
                RenderText {#text} at (0,0) size 302x38
                  text run at (0,0) width 0: " "
                  text run at (0,19) width 302: "This sentence      should     show extra   space, "
                RenderInline {SPAN} at (0,0) size 158x19
                  RenderText {#text} at (302,19) size 158x19
                    text run at (302,19) width 85: "except in the "
                    text run at (387,19) width 73: "second half"
                RenderText {#text} at (460,19) size 4x19
                  text run at (460,19) width 4: "."
                  text run at (464,19) width 0: " "
