layer at (0,0) size 800x600
  RenderCanvas at (0,0) size 800x600
layer at (0,0) size 800x600
  RenderBlock {HTML} at (0,0) size 800x600
    RenderBody {BODY} at (8,8) size 784x584
      RenderText {TEXT} at (0,0) size 422x18
        text run at (0,0) width 422: "This test should not crash and should display an X on the next line:"
      RenderBR {BR} at (0,0) size 0x0
      RenderText {TEXT} at (0,18) size 12x18
        text run at (0,18) width 12: "X"
      RenderBR {BR} at (0,0) size 0x0
