layer at (0,0) size 800x600
  RenderView at (0,0) size 800x600
layer at (0,0) size 800x600
  RenderBlock {HTML} at (0,0) size 800x600
    RenderBody {BODY} at (8,8) size 784x576
      RenderBlock {P} at (0,0) size 784x18
        RenderText {#text} at (0,0) size 53x18
          text run at (0,0) width 53: "Test for "
        RenderInline {I} at (0,0) size 699x18
          RenderInline {A} at (0,0) size 301x18 [color=#0000EE]
            RenderText {#text} at (53,0) size 301x18
              text run at (53,0) width 301: "http://bugs.webkit.org/show_bug.cgi?id=11916"
          RenderText {#text} at (354,0) size 398x18
            text run at (354,0) width 4: " "
            text run at (358,0) width 394: "REGRESSION (SearchField): RTL search fields are mixed up"
        RenderText {#text} at (752,0) size 4x18
          text run at (752,0) width 4: "."
      RenderBlock {P} at (0,34) size 784x69
        RenderTextControl {INPUT} at (2,2) size 152x19 [bgcolor=#FFFFFF] [border: (2px inset #000000)]
          RenderBlock {DIV} at (3,3) size 146x13
            RenderBlock {DIV} at (0,0) size 22x11
            RenderBlock {DIV} at (133,0) size 13x11
        RenderText {#text} at (156,2) size 4x18
          text run at (156,2) width 4: " "
        RenderBR {BR} at (0,0) size 0x0
        RenderTextControl {INPUT} at (2,25) size 221x19 [bgcolor=#FFFFFF] [border: (2px inset #000000)]
          RenderBlock {DIV} at (3,3) size 215x13
            RenderBlock {DIV} at (0,0) size 22x11
            RenderBlock {DIV} at (202,0) size 13x11
        RenderText {#text} at (225,25) size 4x18
          text run at (225,25) width 4: " "
        RenderBR {BR} at (0,0) size 0x0
        RenderTextControl {INPUT} at (2,48) size 152x19 [bgcolor=#FFFFFF] [border: (2px inset #000000)]
          RenderBlock {DIV} at (3,3) size 146x13
            RenderBlock {DIV} at (0,0) size 22x11
            RenderBlock {DIV} at (133,0) size 13x11
        RenderText {#text} at (0,0) size 0x0
      RenderBlock {P} at (0,119) size 784x18
        RenderText {#text} at (0,0) size 39x18
          text run at (0,0) width 39: "PASS"
layer at (35,47) size 111x13 scrollX 24 scrollWidth 135
  RenderBlock {DIV} at (22,0) size 111x13
    RenderText {#text} at (-24,0) size 134x13
      text run at (-24,0) width 22 RTL: " \x{5D5}\x{5D6}\x{5D4}\x{5D5}"
      text run at (-2,0) width 19: "she"
      text run at (17,0) width 43 RTL: " \x{5D5}\x{5D4}\x{5D9}\x{5D0} \x{5D6}\x{5D4} "
      text run at (60,0) width 13: "he"
      text run at (73,0) width 37 RTL: "\x{5D4}\x{5D5}\x{5D0} \x{5D6}\x{5D4} "
layer at (35,70) size 180x13
  RenderBlock {DIV} at (22,0) size 180x13
    RenderText {#text} at (45,0) size 134x13
      text run at (45,0) width 22 RTL: " \x{5D5}\x{5D6}\x{5D4}\x{5D5}"
      text run at (67,0) width 19: "she"
      text run at (86,0) width 43 RTL: " \x{5D5}\x{5D4}\x{5D9}\x{5D0} \x{5D6}\x{5D4} "
      text run at (129,0) width 13: "he"
      text run at (142,0) width 37 RTL: "\x{5D4}\x{5D5}\x{5D0} \x{5D6}\x{5D4} "
layer at (35,93) size 111x13
  RenderBlock {DIV} at (22,0) size 111x13
caret: position 0 of child 1 {DIV} of child 0 {DIV} of child 9 {INPUT} of child 3 {P} of child 1 {BODY} of child 0 {HTML} of document
