layer at (0,0) size 800x600
  RenderView at (0,0) size 800x600
layer at (0,0) size 800x600
  RenderBlock {HTML} at (0,0) size 800x600
    RenderBody {BODY} at (8,8) size 784x584
      RenderBlock (anonymous) at (0,0) size 784x133
        RenderText {#text} at (0,0) size 502x20
          text run at (0,0) width 502: "This tests that typing in a scrolled textarea does not cause unnecessary scrolling."
        RenderBR {BR} at (502,17) size 0x0
        RenderText {#text} at (145,112) size 4x20
          text run at (145,112) width 4: " "
        RenderBR {BR} at (149,129) size 0x0
      RenderBlock {DIV} at (0,133) size 784x0
layer at (10,31) size 141x104 clip at (11,32) size 124x102 scrollY 196 scrollHeight 298
  RenderTextControl {TEXTAREA} at (2,23) size 141x104 [bgcolor=#FFFFFF] [border: (1px solid #000000)]
    RenderBlock {DIV} at (3,3) size 120x294
      RenderText {#text} at (0,0) size 34x280
        text run at (0,0) width 6: "1"
        text run at (6,0) width 0: " "
        text run at (0,14) width 6: "2"
        text run at (6,14) width 0: " "
        text run at (0,28) width 6: "3"
        text run at (6,28) width 0: " "
        text run at (0,42) width 6: "4"
        text run at (6,42) width 0: " "
        text run at (0,56) width 6: "5"
        text run at (6,56) width 0: " "
        text run at (0,70) width 6: "6"
        text run at (6,70) width 0: " "
        text run at (0,84) width 6: "7"
        text run at (6,84) width 0: " "
        text run at (0,98) width 6: "8"
        text run at (6,98) width 0: " "
        text run at (0,112) width 6: "9"
        text run at (6,112) width 0: " "
        text run at (0,126) width 12: "10"
        text run at (12,126) width 0: " "
        text run at (0,140) width 12: "11"
        text run at (12,140) width 0: " "
        text run at (0,154) width 12: "12"
        text run at (12,154) width 0: " "
        text run at (0,168) width 12: "13"
        text run at (12,168) width 0: " "
        text run at (0,182) width 12: "14"
        text run at (12,182) width 0: " "
        text run at (0,196) width 12: "15"
        text run at (12,196) width 0: " "
        text run at (0,210) width 12: "16"
        text run at (12,210) width 0: " "
        text run at (0,224) width 12: "17"
        text run at (12,224) width 0: " "
        text run at (0,238) width 34: "18 Pass"
        text run at (34,238) width 0: " "
        text run at (0,252) width 12: "19"
        text run at (12,252) width 0: " "
        text run at (0,266) width 12: "20"
        text run at (12,266) width 0: " "
      RenderBR {BR} at (0,280) size 0x14
caret: position 49 of child 0 {#text} of child 0 {DIV} of child 3 {TEXTAREA} of child 1 {BODY} of child 0 {HTML} of document
