layer at (0,0) size 800x600
  RenderView at (0,0) size 800x600
layer at (0,0) size 800x600
  RenderBlock {HTML} at (0,0) size 800x600
    RenderBody {BODY} at (8,8) size 784x584
      RenderText {#text} at (0,0) size 442x20
        text run at (0,0) width 442: "This tests that a scrollbar will appear when text overflows the textarea "
      RenderBR {BR} at (442,17) size 0x0
      RenderText {#text} at (0,0) size 0x0
      RenderText {#text} at (0,0) size 0x0
      RenderText {#text} at (0,0) size 0x0
layer at (10,31) size 141x90 clip at (11,32) size 124x88 scrollHeight 130
  RenderTextControl {TEXTAREA} at (2,23) size 141x90 [bgcolor=#FFFFFF] [border: (1px solid #000000)]
    RenderBlock {DIV} at (3,3) size 120x126
      RenderText {#text} at (0,0) size 6x56
        text run at (0,0) width 6: "1"
        text run at (6,0) width 0: " "
        text run at (0,14) width 6: "2"
        text run at (6,14) width 0: " "
        text run at (0,28) width 6: "3"
        text run at (6,28) width 0: " "
        text run at (0,42) width 6: "4"
        text run at (6,42) width 0: " "
      RenderText {#text} at (0,56) size 6x14
        text run at (0,56) width 6: "5"
      RenderText {#text} at (6,56) size 0x14
        text run at (6,56) width 0: " "
      RenderText {#text} at (0,70) size 6x14
        text run at (0,70) width 6: "6"
      RenderText {#text} at (6,70) size 0x14
        text run at (6,70) width 0: " "
      RenderText {#text} at (0,84) size 6x14
        text run at (0,84) width 6: "7"
      RenderText {#text} at (6,84) size 0x14
        text run at (6,84) width 0: " "
      RenderText {#text} at (0,98) size 6x14
        text run at (0,98) width 6: "8"
      RenderText {#text} at (6,98) size 0x14
        text run at (6,98) width 0: " "
      RenderText {#text} at (0,112) size 0x14
        text run at (0,112) width 0: " "
caret: position 0 of child 9 {#text} of child 0 {DIV} of child 3 {TEXTAREA} of child 1 {BODY} of child 0 {HTML} of document
