layer at (0,0) size 800x600
  RenderView at (0,0) size 800x600
layer at (0,0) size 800x600
  RenderBlock {HTML} at (0,0) size 800x600
    RenderBody {BODY} at (8,8) size 784x584
      RenderBlock {P} at (0,0) size 784x21
        RenderText {#text} at (0,0) size 624x20
          text run at (0,0) width 624: "The following textarea elements should all be rendered on the left, with their text aligned to the left."
      RenderBlock (anonymous) at (0,37) size 784x164
        RenderText {#text} at (325,21) size 4x20
          text run at (325,21) width 4: " "
        RenderBR {BR} at (0,0) size 0x0
        RenderText {#text} at (325,63) size 4x20
          text run at (325,63) width 4: " "
        RenderBR {BR} at (0,0) size 0x0
        RenderText {#text} at (325,105) size 4x20
          text run at (325,105) width 4: " "
        RenderBR {BR} at (0,0) size 0x0
        RenderText {#text} at (0,0) size 0x0
        RenderText {#text} at (0,0) size 0x0
      RenderBlock {DIV} at (0,201) size 784x38
layer at (10,47) size 321x34 clip at (11,48) size 319x32
  RenderTextControl {TEXTAREA} at (2,2) size 321x34 [bgcolor=#FFFFFF] [border: (1px solid #000000)]
    RenderBlock {DIV} at (3,3) size 315x14
      RenderText {#text} at (0,0) size 165x14
        text run at (0,0) width 165: "This is should be aligned to the left."
layer at (10,89) size 321x34 clip at (11,90) size 319x32
  RenderTextControl {TEXTAREA} at (2,44) size 321x34 [bgcolor=#FFFFFF] [border: (1px solid #000000)]
    RenderBlock {DIV} at (3,3) size 315x14
      RenderText {#text} at (0,0) size 165x14
        text run at (0,0) width 165: "This is should be aligned to the left."
layer at (10,131) size 321x34 clip at (11,132) size 319x32
  RenderTextControl {TEXTAREA} at (2,86) size 321x34 [bgcolor=#FFFFFF] [border: (1px solid #000000)]
    RenderBlock {DIV} at (3,3) size 315x14
      RenderText {#text} at (0,0) size 165x14
        text run at (0,0) width 165: "This is should be aligned to the left."
layer at (10,173) size 321x34 clip at (11,174) size 319x32
  RenderTextControl {TEXTAREA} at (2,128) size 321x34 [bgcolor=#FFFFFF] [border: (1px solid #000000)]
    RenderBlock {DIV} at (3,3) size 315x14
      RenderText {#text} at (0,0) size 165x14
        text run at (0,0) width 165: "This is should be aligned to the left."
layer at (10,211) size 321x34 clip at (11,212) size 319x32
  RenderTextControl {TEXTAREA} at (2,2) size 321x34 [bgcolor=#FFFFFF] [border: (1px solid #000000)]
    RenderBlock {DIV} at (3,3) size 315x14
      RenderText {#text} at (0,0) size 165x14
        text run at (0,0) width 165: "This is should be aligned to the left."
