layer at (0,0) size 800x600
  RenderView at (0,0) size 800x600
layer at (0,0) size 800x600
  RenderBlock {HTML} at (0,0) size 800x600
    RenderBody {BODY} at (8,8) size 784x584
      RenderBlock {P} at (0,0) size 784x16
        RenderText {#text} at (0,0) size 352x16
          text run at (0,0) width 352: "The style declarations which apply to the text below are:"
      RenderBlock {PRE} at (0,30) size 784x64
        RenderText {#text} at (0,0) size 324x64
          text run at (0,0) width 324: "<LINK rel=\"stylesheet\" type=\"text/css\" media=\"screen\" href=\"../resources/bg.gif\">"
          text run at (324,0) width 0: " "
          text run at (0,16) width 148: "@import url(../resources/sec642.css);"
          text run at (148,16) width 0: " "
          text run at (0,32) width 176: "BODY {background: url(../resources/bg.gif);}"
          text run at (176,32) width 0: " "
          text run at (0,48) width 0: " "
      RenderBlock {HR} at (0,108) size 784x2 [border: (1px inset #000000)]
      RenderBlock {P} at (0,124) size 784x16
        RenderText {#text} at (0,0) size 390x16
          text run at (0,0) width 390: "This page should have a green grid pattern as its background."
      RenderBlock {P} at (0,154) size 784x48 [bgcolor=#FFFFFF]
        RenderText {#text} at (0,0) size 772x48
          text run at (0,0) width 612: "This paragraph should have a white background, but NO image should appear in the background. "
          text run at (612,0) width 160: "If an image, in this case a"
          text run at (0,16) width 758: "red square-- or, indeed, any red at all-- is seen there, then the browser has incorrectly interpreted a URL in relation to the"
          text run at (0,32) width 267: "document's URL, not the stylesheet's URL."
      RenderBlock {P} at (0,216) size 784x48 [bgcolor=#FFFFFF]
        RenderText {#text} at (0,0) size 772x48
          text run at (0,0) width 612: "This paragraph should have a white background, but NO image should appear in the background. "
          text run at (612,0) width 160: "If an image, in this case a"
          text run at (0,16) width 758: "red square-- or, indeed, any red at all-- is seen there, then the browser has incorrectly interpreted a URL in relation to the"
          text run at (0,32) width 267: "document's URL, not the stylesheet's URL."
      RenderTable {TABLE} at (0,278) size 784x174 [border: (1px outset #808080)]
        RenderTableSection {TBODY} at (1,1) size 782x172
          RenderTableRow {TR} at (0,0) size 782x24
            RenderTableCell {TD} at (0,0) size 782x24 [bgcolor=#C0C0C0] [border: (1px inset #808080)] [r=0 c=0 rs=1 cs=2]
              RenderInline {STRONG} at (0,0) size 157x16
                RenderText {#text} at (4,4) size 157x16
                  text run at (4,4) width 157: "TABLE Testing Section"
          RenderTableRow {TR} at (0,24) size 782x148
            RenderTableCell {TD} at (0,86) size 12x24 [bgcolor=#C0C0C0] [border: (1px inset #808080)] [r=1 c=0 rs=1 cs=1]
              RenderText {#text} at (4,4) size 4x16
                text run at (4,4) width 4: " "
            RenderTableCell {TD} at (12,24) size 770x148 [border: (1px inset #808080)] [r=1 c=1 rs=1 cs=1]
              RenderBlock {P} at (4,4) size 762x16
                RenderText {#text} at (0,0) size 390x16
                  text run at (0,0) width 390: "This page should have a green grid pattern as its background."
              RenderBlock {P} at (4,34) size 762x48 [bgcolor=#FFFFFF]
                RenderText {#text} at (0,0) size 760x48
                  text run at (0,0) width 612: "This paragraph should have a white background, but NO image should appear in the background. "
                  text run at (612,0) width 148: "If an image, in this case"
                  text run at (0,16) width 746: "a red square-- or, indeed, any red at all-- is seen there, then the browser has incorrectly interpreted a URL in relation to"
                  text run at (0,32) width 291: "the document's URL, not the stylesheet's URL."
              RenderBlock {P} at (4,96) size 762x48 [bgcolor=#FFFFFF]
                RenderText {#text} at (0,0) size 760x48
                  text run at (0,0) width 612: "This paragraph should have a white background, but NO image should appear in the background. "
                  text run at (612,0) width 148: "If an image, in this case"
                  text run at (0,16) width 746: "a red square-- or, indeed, any red at all-- is seen there, then the browser has incorrectly interpreted a URL in relation to"
                  text run at (0,32) width 291: "the document's URL, not the stylesheet's URL."
