layer at (0,0) size 800x600
  RenderView at (0,0) size 800x600
layer at (0,0) size 800x600
  RenderBlock {HTML} at (0,0) size 800x600
    RenderBody {BODY} at (8,8) size 784x576
      RenderBlock {P} at (0,0) size 784x38
        RenderText {#text} at (0,0) size 780x38
          text run at (0,0) width 328: "This test verifies we can render bold Bengali properly. "
          text run at (328,0) width 452: "(This is complicated on Linux because it's typically covered by fake-bolded"
          text run at (0,19) width 370: "FreeSans even though there's also a FreeSansBold available.)"
      RenderBlock {P} at (0,54) size 784x19
        RenderText {#text} at (0,0) size 704x19
          text run at (0,0) width 459: "The test passes if the two words below look similar, but the top one is bold. "
          text run at (459,0) width 245: "There should be no missing-glyph boxes."
      RenderBlock {P} at (0,89) size 784x19
        RenderInline {B} at (0,0) size 85x19
          RenderText {#text} at (0,0) size 85x19
            text run at (0,0) width 85: "\x{9AC}\x{9BE}\x{982}\x{9B2}\x{9BE}"
      RenderBlock {P} at (0,124) size 784x0
      RenderBlock {P} at (0,124) size 784x19
        RenderText {#text} at (0,0) size 85x19
          text run at (0,0) width 85: "\x{9AC}\x{9BE}\x{982}\x{9B2}\x{9BE}"
