layer at (0,0) size 800x600
  RenderCanvas at (0,0) size 800x600
layer at (0,0) size 800x600
  RenderBlock {HTML} at (0,0) size 800x600
    RenderBody {BODY} at (8,8) size 784x576
      RenderBlock {H1} at (0,0) size 784x37
        RenderText {TEXT} at (0,0) size 234x37
          text run at (0,0) width 234: "Min-Width Tests"
      RenderTable {TABLE} at (0,58) size 784x24 [border: (2px outset #808080)]
        RenderTableSection {TBODY} at (2,2) size 0x20
          RenderTableRow {TR} at (0,0) size 0x0
            RenderTableCell {TD} at (0,0) size 57x20 [border: (1px inset #808080)] [r=0 c=0 rs=1 cs=1]
              RenderSelect {SELECT} at (3,1) size 51x18
            RenderTableCell {TD} at (57,9) size 723x2 [border: (1px inset #808080)] [r=0 c=1 rs=1 cs=1]
      RenderBlock {P} at (0,98) size 784x24
        RenderTable {TABLE} at (0,0) size 784x24 [border: (2px outset #808080)]
          RenderTableSection {TBODY} at (2,2) size 0x20
            RenderTableRow {TR} at (0,0) size 0x0
              RenderTableCell {TD} at (0,0) size 20x20 [border: (1px inset #808080)] [r=0 c=0 rs=1 cs=1]
                RenderBlock {INPUT} at (4,4) size 12x12
              RenderTableCell {TD} at (20,9) size 760x2 [border: (1px inset #808080)] [r=0 c=1 rs=1 cs=1]
      RenderBlock {P} at (0,138) size 784x24
        RenderTable {TABLE} at (0,0) size 784x24 [border: (2px outset #808080)]
          RenderTableSection {TBODY} at (2,2) size 0x20
            RenderTableRow {TR} at (0,0) size 0x0
              RenderTableCell {TD} at (0,0) size 20x20 [border: (1px inset #808080)] [r=0 c=0 rs=1 cs=1]
                RenderBlock {INPUT} at (4,4) size 12x12
              RenderTableCell {TD} at (20,9) size 760x2 [border: (1px inset #808080)] [r=0 c=1 rs=1 cs=1]
      RenderBlock {P} at (0,178) size 784x28
        RenderTable {TABLE} at (0,0) size 784x28 [border: (2px outset #808080)]
          RenderTableSection {TBODY} at (2,2) size 0x24
            RenderTableRow {TR} at (0,0) size 0x0
              RenderTableCell {TD} at (0,0) size 42x24 [border: (1px inset #808080)] [r=0 c=0 rs=1 cs=1]
                RenderButton {INPUT} at (3,3) size 36x18
                  RenderBlock (anonymous) at (8,2) size 20x13
                    RenderText at (0,0) size 20x13
                      text run at (0,0) width 20: "Foo"
              RenderTableCell {TD} at (42,11) size 738x2 [border: (1px inset #808080)] [r=0 c=1 rs=1 cs=1]
      RenderBlock {P} at (0,222) size 784x66
        RenderTable {TABLE} at (0,0) size 784x24 [border: (2px outset #808080)]
          RenderTableSection {TBODY} at (2,2) size 0x20
            RenderTableRow {TR} at (0,0) size 0x0
              RenderTableCell {TD} at (0,0) size 42x20 [border: (1px inset #808080)] [r=0 c=0 rs=1 cs=1]
                RenderButton {INPUT} at (3,1) size 36x18
                  RenderBlock (anonymous) at (8,2) size 20x13
                    RenderText at (0,0) size 20x13
                      text run at (0,0) width 20: "Foo"
              RenderTableCell {TD} at (42,9) size 738x2 [border: (1px inset #808080)] [r=0 c=1 rs=1 cs=1]
        RenderTable {TABLE} at (0,24) size 784x24 [border: (2px outset #808080)]
          RenderTableSection {TBODY} at (2,2) size 0x20
            RenderTableRow {TR} at (0,0) size 0x0
              RenderTableCell {TD} at (0,0) size 60x20 [border: (1px inset #808080)] [r=0 c=0 rs=1 cs=1]
                RenderButton {INPUT} at (3,1) size 54x18
                  RenderBlock (anonymous) at (8,-4) size 38x26
                    RenderText at (0,0) size 38x26
                      text run at (0,0) width 38: "Submit"
                      text run at (3,13) width 31: "a bug"
              RenderTableCell {TD} at (60,9) size 720x2 [border: (1px inset #808080)] [r=0 c=1 rs=1 cs=1]
        RenderBlock (anonymous) at (0,48) size 784x18
          RenderButton {INPUT} at (2,0) size 36x18
            RenderBlock (anonymous) at (8,2) size 20x13
              RenderText at (0,0) size 20x13
                text run at (0,0) width 20: "Foo"
