layer at (0,0) size 800x600
  RenderCanvas at (0,0) size 800x600
layer at (0,0) size 800x600
  RenderBlock {HTML} at (0,0) size 800x600
    RenderBody {BODY} at (8,8) size 784x584
      RenderFieldSet {FIELDSET} at (2,0) size 115x71 [border: (2px groove #C0C0C0)]
        RenderLegend {LEGEND} at (14,0) size 87x18
          RenderText {TEXT} at (2,0) size 83x18
            text run at (2,0) width 83: "Number One"
        RenderBlock (anonymous) at (14,23) size 87x36
          RenderText {TEXT} at (0,0) size 80x18
            text run at (0,0) width 80: "Hello world."
          RenderBR {BR} at (0,0) size 0x0
          RenderText {TEXT} at (0,18) size 80x18
            text run at (0,18) width 80: "Hello world."
      RenderText {TEXT} at (119,41) size 4x18
        text run at (119,41) width 4: " "
      RenderFieldSet {FIELDSET} at (125,18) size 118x53 [border: (2px groove #C0C0C0)]
        RenderLegend {LEGEND} at (14,0) size 90x18
          RenderText {TEXT} at (2,0) size 86x18
            text run at (2,0) width 86: "Number Two"
        RenderBlock (anonymous) at (14,23) size 90x18
          RenderText {TEXT} at (0,0) size 80x18
            text run at (0,0) width 80: "Hello world."
      RenderText {TEXT} at (0,0) size 0x0
