EDITING DELEGATE: webViewDidChangeSelection:WebViewDidChangeSelectionNotification
EDITING DELEGATE: shouldChangeSelectedDOMRange:range from 0 of #text > DIV to 0 of #text > DIV toDOMRange:range from 3 of #text > DIV to 3 of #text > DIV affinity:NSSelectionAffinityDownstream stillSelecting:FALSE
EDITING DELEGATE: webViewDidChangeSelection:WebViewDidChangeSelectionNotification
EDITING DELEGATE: webViewDidChange:WebViewDidChangeNotification
layer at (0,0) size 800x600
  RenderCanvas at (0,0) size 800x600
layer at (0,0) size 800x600
  RenderBlock {HTML} at (0,0) size 800x600
    RenderBody {BODY} at (8,8) size 784x584
      RenderTextField {INPUT} at (2,2) size 148x19 [bgcolor=#FFFFFF] [border: (2px inset #000000)]
      RenderText {TEXT} at (0,0) size 0x0
layer at (13,13) size 142x13
  RenderBlock {DIV} at (3,3) size 142x13
    RenderText {TEXT} at (1,0) size 18x13
      text run at (1,0) width 18: "foo"
caret: position 3 of child 0 {TEXT} of child 0 {DIV} of child 0 {INPUT} of child 0 {BODY} of child 0 {HTML} of document
