layer at (0,0) size 800x600
  RenderCanvas at (0,0) size 800x600
layer at (0,0) size 800x600
  RenderBlock {HTML} at (0,0) size 800x600
    RenderBody {BODY} at (8,8) size 784x584
      RenderText {TEXT} at (18,0) size 491x18
        text run at (18,0) width 491: " This checkbox should look 50% transparent and should be in the mixed state."
      RenderText {TEXT} at (0,0) size 0x0
      RenderText {TEXT} at (0,0) size 0x0
      RenderText {TEXT} at (0,0) size 0x0
layer at (11,12) size 12x12
  RenderBlock {INPUT} at (3,4) size 12x12
