layer at (0,0) size 800x600
  RenderCanvas at (0,0) size 800x600
layer at (0,0) size 800x600
  RenderBlock {HTML} at (0,0) size 800x600
    RenderBody {BODY} at (8,8) size 784x584
      RenderText {TEXT} at (0,0) size 344x18
        text run at (0,0) width 344: "This tests that the new text fields use the correct width."
      RenderBR {BR} at (0,0) size 0x0
      RenderTextField {INPUT} at (2,20) size 146x19
      RenderBR {BR} at (0,0) size 0x0
      RenderTextField {INPUT} at (2,43) size 200x19
      RenderBR {BR} at (0,0) size 0x0
      RenderTextField {INPUT} at (2,66) size 356x19
      RenderBR {BR} at (0,0) size 0x0
      RenderTextField {INPUT} at (2,89) size 200x19
      RenderBR {BR} at (0,0) size 0x0
      RenderTextField {INPUT} at (2,112) size 76x19
      RenderBR {BR} at (0,0) size 0x0
layer at (13,31) size 140x13
  RenderBlock {DIV} at (3,3) size 140x13
layer at (13,54) size 194x13
  RenderBlock {DIV} at (3,3) size 194x13
    RenderText {TEXT} at (0,0) size 103x13
      text run at (0,0) width 103: "styled width 200px"
layer at (13,77) size 350x13
  RenderBlock {DIV} at (3,3) size 350x13
    RenderText {TEXT} at (0,0) size 39x13
      text run at (0,0) width 39: "size 50"
layer at (13,100) size 194x13
  RenderBlock {DIV} at (3,3) size 194x13
    RenderText {TEXT} at (0,0) size 161x13
      text run at (0,0) width 161: "styled width 200px & size=10"
layer at (13,123) size 70x13
  RenderBlock {DIV} at (3,3) size 70x13
    RenderText {TEXT} at (0,0) size 39x13
      text run at (0,0) width 39: "size 10"
