layer at (0,0) size 800x600
  RenderView at (0,0) size 800x600
layer at (0,0) size 800x600
  RenderBlock {HTML} at (0,0) size 800x600
    RenderBody {BODY} at (8,8) size 784x576
      RenderBlock (anonymous) at (0,0) size 784x18
        RenderText {#text} at (0,0) size 762x18
          text run at (0,0) width 762: "This tests the height attribute of form elements. The only element that should honour this value is the Image type of input."
      RenderBlock {FORM} at (0,18) size 784x255
        RenderText {#text} at (0,2) size 36x18
          text run at (0,2) width 36: "input "
        RenderTextField {INPUT} at (38,2) size 148x19 [bgcolor=#FFFFFF] [border: (2px inset #000000)]
        RenderText {#text} at (188,2) size 4x18
          text run at (188,2) width 4: " "
        RenderBR {BR} at (192,16) size 0x0
        RenderText {#text} at (0,25) size 27x18
          text run at (0,25) width 27: "text "
        RenderTextField {INPUT} at (29,25) size 148x19 [bgcolor=#FFFFFF] [border: (2px inset #000000)]
        RenderText {#text} at (179,25) size 4x18
          text run at (179,25) width 4: " "
        RenderBR {BR} at (183,39) size 0x0
        RenderText {#text} at (0,46) size 65x18
          text run at (0,46) width 65: "checkbox "
        RenderBlock {INPUT} at (68,50) size 12x12
        RenderText {#text} at (83,46) size 4x18
          text run at (83,46) width 4: " "
        RenderBR {BR} at (87,60) size 0x0
        RenderText {#text} at (0,65) size 24x18
          text run at (0,65) width 24: "file "
        RenderFileButton {INPUT} at (24,66) size 234x18
        RenderText {#text} at (258,65) size 4x18
          text run at (258,65) width 4: " "
        RenderBR {BR} at (262,79) size 0x0
        RenderText {#text} at (0,84) size 42x18
          text run at (0,84) width 42: "image "
        RenderImageButton {INPUT} at (42,97) size 10x1
        RenderText {#text} at (52,84) size 4x18
          text run at (52,84) width 4: " "
        RenderBR {BR} at (56,98) size 0x0
        RenderText {#text} at (0,102) size 36x18
          text run at (0,102) width 36: "radio "
        RenderBlock {INPUT} at (39,105) size 12x13
        RenderText {#text} at (54,102) size 4x18
          text run at (54,102) width 4: " "
        RenderBR {BR} at (58,116) size 0x0
        RenderText {#text} at (0,124) size 39x18
          text run at (0,124) width 39: "range "
        DeprecatedSlider {INPUT} at (41,123) size 129x15 [bgcolor=#FFFFFF]
        RenderText {#text} at (172,124) size 4x18
          text run at (172,124) width 4: " "
        RenderBR {BR} at (176,138) size 0x0
        RenderText {#text} at (0,143) size 33x18
          text run at (0,143) width 33: "reset "
        RenderButton {INPUT} at (35,144) size 45x18 [bgcolor=#C0C0C0]
          RenderBlock (anonymous) at (8,2) size 29x13
            RenderText at (0,0) size 29x13
              text run at (0,0) width 29: "Reset"
        RenderText {#text} at (82,143) size 4x18
          text run at (82,143) width 4: " "
        RenderBR {BR} at (86,157) size 0x0
        RenderText {#text} at (0,165) size 46x18
          text run at (0,165) width 46: "submit "
        RenderButton {INPUT} at (48,166) size 54x18 [bgcolor=#C0C0C0]
          RenderBlock (anonymous) at (8,2) size 38x13
            RenderText at (0,0) size 38x13
              text run at (0,0) width 38: "Submit"
        RenderText {#text} at (104,165) size 4x18
          text run at (104,165) width 4: " "
        RenderBR {BR} at (108,179) size 0x0
        RenderText {#text} at (0,188) size 49x18
          text run at (0,188) width 49: "isindex "
        RenderTextField {INPUT} at (51,188) size 148x19 [bgcolor=#FFFFFF] [border: (2px inset #000000)]
        RenderText {#text} at (201,188) size 4x18
          text run at (201,188) width 4: " "
        RenderBR {BR} at (205,202) size 0x0
        RenderText {#text} at (0,211) size 64x18
          text run at (0,211) width 64: "password "
        RenderLineEdit {INPUT} at (66,211) size 148x19
        RenderText {#text} at (216,211) size 4x18
          text run at (216,211) width 4: " "
        RenderBR {BR} at (220,225) size 0x0
        RenderText {#text} at (0,234) size 44x18
          text run at (0,234) width 44: "search "
        RenderLineEdit {INPUT} at (46,234) size 148x19
        RenderText {#text} at (0,0) size 0x0
layer at (49,31) size 142x13
  RenderBlock {DIV} at (3,3) size 142x13
layer at (40,54) size 142x13
  RenderBlock {DIV} at (3,3) size 142x13
layer at (62,217) size 142x13
  RenderBlock {DIV} at (3,3) size 142x13
