layer at (0,0) size 800x600
  RenderCanvas at (0,0) size 800x600
layer at (0,0) size 800x600
  RenderBlock {HTML} at (0,0) size 800x600
    RenderBody {BODY} at (8,8) size 784x584 [bgcolor=#800080]
      RenderText {TEXT} at (0,0) size 473x18
        text run at (0,0) width 473: "This tests that the default background color for the new text fields is white. "
      RenderBR {BR} at (0,0) size 0x0
      RenderTextField {INPUT} at (2,20) size 146x19 [bgcolor=#FFFFFF]
      RenderText {TEXT} at (0,0) size 0x0
      RenderText {TEXT} at (0,0) size 0x0
layer at (13,31) size 140x13
  RenderBlock {DIV} at (3,3) size 140x13
    RenderText {TEXT} at (0,0) size 116x13
      text run at (0,0) width 116: "This should be white."
