EDITING DELEGATE: webViewDidChangeSelection:WebViewDidChangeSelectionNotification
EDITING DELEGATE: shouldChangeSelectedDOMRange:range from 0 of #text > DIV to 0 of #text > DIV toDOMRange:range from 5 of #text > DIV to 5 of #text > DIV affinity:NSSelectionAffinityDownstream stillSelecting:FALSE
EDITING DELEGATE: webViewDidChangeSelection:WebViewDidChangeSelectionNotification
EDITING DELEGATE: webViewDidChange:WebViewDidChangeNotification
EDITING DELEGATE: webViewDidChangeSelection:WebViewDidChangeSelectionNotification
EDITING DELEGATE: webViewDidChangeSelection:WebViewDidChangeSelectionNotification
EDITING DELEGATE: shouldChangeSelectedDOMRange:range from 0 of #text > DIV to 0 of #text > DIV toDOMRange:range from 5 of #text > DIV to 5 of #text > DIV affinity:NSSelectionAffinityDownstream stillSelecting:FALSE
EDITING DELEGATE: webViewDidChangeSelection:WebViewDidChangeSelectionNotification
EDITING DELEGATE: webViewDidChange:WebViewDidChangeNotification
EDITING DELEGATE: webViewDidChangeSelection:WebViewDidChangeSelectionNotification
EDITING DELEGATE: webViewDidChangeSelection:WebViewDidChangeSelectionNotification
EDITING DELEGATE: shouldChangeSelectedDOMRange:range from 0 of #text > DIV to 0 of #text > DIV toDOMRange:range from 3 of #text > DIV to 3 of #text > DIV affinity:NSSelectionAffinityDownstream stillSelecting:FALSE
EDITING DELEGATE: webViewDidChangeSelection:WebViewDidChangeSelectionNotification
EDITING DELEGATE: webViewDidChange:WebViewDidChangeNotification
EDITING DELEGATE: webViewDidChangeSelection:WebViewDidChangeSelectionNotification
EDITING DELEGATE: webViewDidChangeSelection:WebViewDidChangeSelectionNotification
EDITING DELEGATE: shouldChangeSelectedDOMRange:range from 0 of #text > DIV to 0 of #text > DIV toDOMRange:range from 3 of #text > DIV to 3 of #text > DIV affinity:NSSelectionAffinityDownstream stillSelecting:FALSE
EDITING DELEGATE: webViewDidChangeSelection:WebViewDidChangeSelectionNotification
EDITING DELEGATE: webViewDidChange:WebViewDidChangeNotification
EDITING DELEGATE: webViewDidChangeSelection:WebViewDidChangeSelectionNotification
EDITING DELEGATE: webViewDidChangeSelection:WebViewDidChangeSelectionNotification
EDITING DELEGATE: shouldChangeSelectedDOMRange:range from 0 of #text > DIV to 0 of #text > DIV toDOMRange:range from 7 of #text > DIV to 7 of #text > DIV affinity:NSSelectionAffinityDownstream stillSelecting:FALSE
EDITING DELEGATE: webViewDidChangeSelection:WebViewDidChangeSelectionNotification
EDITING DELEGATE: webViewDidChange:WebViewDidChangeNotification
EDITING DELEGATE: webViewDidChangeSelection:WebViewDidChangeSelectionNotification
EDITING DELEGATE: webViewDidChangeSelection:WebViewDidChangeSelectionNotification
EDITING DELEGATE: shouldChangeSelectedDOMRange:range from 0 of #text > DIV to 0 of #text > DIV toDOMRange:range from 7 of #text > DIV to 7 of #text > DIV affinity:NSSelectionAffinityDownstream stillSelecting:FALSE
EDITING DELEGATE: webViewDidChangeSelection:WebViewDidChangeSelectionNotification
EDITING DELEGATE: webViewDidChange:WebViewDidChangeNotification
EDITING DELEGATE: webViewDidChangeSelection:WebViewDidChangeSelectionNotification
EDITING DELEGATE: webViewDidChangeSelection:WebViewDidChangeSelectionNotification
EDITING DELEGATE: shouldChangeSelectedDOMRange:range from 0 of #text > DIV to 0 of #text > DIV toDOMRange:range from 3 of #text > DIV to 3 of #text > DIV affinity:NSSelectionAffinityDownstream stillSelecting:FALSE
EDITING DELEGATE: webViewDidChangeSelection:WebViewDidChangeSelectionNotification
EDITING DELEGATE: webViewDidChange:WebViewDidChangeNotification
EDITING DELEGATE: webViewDidChangeSelection:WebViewDidChangeSelectionNotification
EDITING DELEGATE: webViewDidChangeSelection:WebViewDidChangeSelectionNotification
EDITING DELEGATE: shouldChangeSelectedDOMRange:range from 0 of #text > DIV to 0 of #text > DIV toDOMRange:range from 3 of #text > DIV to 3 of #text > DIV affinity:NSSelectionAffinityDownstream stillSelecting:FALSE
EDITING DELEGATE: webViewDidChangeSelection:WebViewDidChangeSelectionNotification
EDITING DELEGATE: webViewDidChange:WebViewDidChangeNotification
EDITING DELEGATE: webViewDidChangeSelection:WebViewDidChangeSelectionNotification
EDITING DELEGATE: webViewDidChangeSelection:WebViewDidChangeSelectionNotification
EDITING DELEGATE: shouldChangeSelectedDOMRange:range from 0 of #text > DIV to 0 of #text > DIV toDOMRange:range from 6 of #text > DIV to 6 of #text > DIV affinity:NSSelectionAffinityDownstream stillSelecting:FALSE
EDITING DELEGATE: webViewDidChangeSelection:WebViewDidChangeSelectionNotification
EDITING DELEGATE: webViewDidChange:WebViewDidChangeNotification
EDITING DELEGATE: webViewDidChangeSelection:WebViewDidChangeSelectionNotification
layer at (0,0) size 800x600
  RenderCanvas at (0,0) size 800x600
layer at (0,0) size 800x600
  RenderBlock {HTML} at (0,0) size 800x600
    RenderBody {BODY} at (8,8) size 784x584
      RenderTable {TABLE} at (0,0) size 485x245
        RenderTableSection {TBODY} at (0,0) size 0x245
          RenderTableRow {TR} at (0,0) size 0x0
            RenderTableCell {TD} at (2,2) size 49x25 [r=0 c=0 rs=1 cs=1]
              RenderTextField {INPUT} at (3,3) size 43x19 [bgcolor=#FFFFFF] [border: (2px inset #000000)]
            RenderTableCell {TD} at (53,7) size 96x15 [color=#808080] [r=0 c=1 rs=1 cs=1]
              RenderInline (generated) at (0,0) size 56x13
                RenderText at (4,1) size 56x13
                  text run at (4,1) width 56: "expected: "
              RenderText {TEXT} at (60,1) size 21x13
                text run at (60,1) width 21: "123"
            RenderTableCell {TD} at (151,7) size 332x15 [r=0 c=2 rs=1 cs=1]
              RenderText {TEXT} at (1,1) size 330x13
                text run at (1,1) width 330: "set value attribute that violates maxlength (with pasted value)"
          RenderTableRow {TR} at (0,0) size 0x0
            RenderTableCell {TD} at (2,29) size 49x25 [r=1 c=0 rs=1 cs=1]
              RenderTextField {INPUT} at (3,3) size 43x19 [bgcolor=#FFFFFF] [border: (2px inset #000000)]
            RenderTableCell {TD} at (53,34) size 96x15 [color=#808080] [r=1 c=1 rs=1 cs=1]
              RenderInline (generated) at (0,0) size 56x13
                RenderText at (4,1) size 56x13
                  text run at (4,1) width 56: "expected: "
              RenderText {TEXT} at (60,1) size 28x13
                text run at (60,1) width 28: "1234"
            RenderTableCell {TD} at (151,34) size 332x15 [r=1 c=2 rs=1 cs=1]
              RenderText {TEXT} at (1,1) size 330x13
                text run at (1,1) width 330: "set value property that violates maxlength (with pasted value)"
          RenderTableRow {TR} at (0,0) size 0x0
            RenderTableCell {TD} at (2,56) size 49x25 [r=2 c=0 rs=1 cs=1]
              RenderTextField {INPUT} at (3,3) size 43x19 [bgcolor=#FFFFFF] [border: (2px inset #000000)]
            RenderTableCell {TD} at (53,61) size 96x15 [color=#808080] [r=2 c=1 rs=1 cs=1]
              RenderInline (generated) at (0,0) size 56x13
                RenderText at (4,1) size 56x13
                  text run at (4,1) width 56: "expected: "
              RenderText {TEXT} at (60,1) size 28x13
                text run at (60,1) width 28: "1234"
            RenderTableCell {TD} at (151,61) size 332x15 [r=2 c=2 rs=1 cs=1]
              RenderText {TEXT} at (1,1) size 302x13
                text run at (1,1) width 302: "set maxlength attribute that is smaller than pasted value"
          RenderTableRow {TR} at (0,0) size 0x0
            RenderTableCell {TD} at (2,83) size 49x25 [r=3 c=0 rs=1 cs=1]
              RenderTextField {INPUT} at (3,3) size 43x19 [bgcolor=#FFFFFF] [border: (2px inset #000000)]
            RenderTableCell {TD} at (53,88) size 96x15 [color=#808080] [r=3 c=1 rs=1 cs=1]
              RenderInline (generated) at (0,0) size 56x13
                RenderText at (4,1) size 56x13
                  text run at (4,1) width 56: "expected: "
              RenderText {TEXT} at (60,1) size 28x13
                text run at (60,1) width 28: "1234"
            RenderTableCell {TD} at (151,88) size 332x15 [r=3 c=2 rs=1 cs=1]
              RenderText {TEXT} at (1,1) size 304x13
                text run at (1,1) width 304: "set maxLength property that is smaller than pasted value"
          RenderTableRow {TR} at (0,0) size 0x0
            RenderTableCell {TD} at (2,110) size 49x25 [r=4 c=0 rs=1 cs=1]
              RenderTextField {INPUT} at (3,3) size 43x19 [bgcolor=#FFFFFF] [border: (2px inset #000000)]
            RenderTableCell {TD} at (53,115) size 96x15 [color=#808080] [r=4 c=1 rs=1 cs=1]
              RenderInline (generated) at (0,0) size 56x13
                RenderText at (4,1) size 56x13
                  text run at (4,1) width 56: "expected: "
              RenderText {TEXT} at (60,1) size 21x13
                text run at (60,1) width 21: "123"
            RenderTableCell {TD} at (151,115) size 332x15 [r=4 c=2 rs=1 cs=1]
              RenderText {TEXT} at (1,1) size 330x13
                text run at (1,1) width 330: "set value attribute that violates maxlength (with pasted value)"
          RenderTableRow {TR} at (0,0) size 0x0
            RenderTableCell {TD} at (2,137) size 49x25 [r=5 c=0 rs=1 cs=1]
              RenderTextField {INPUT} at (3,3) size 43x19 [bgcolor=#FFFFFF] [border: (2px inset #000000)]
            RenderTableCell {TD} at (53,142) size 96x15 [color=#808080] [r=5 c=1 rs=1 cs=1]
              RenderInline (generated) at (0,0) size 56x13
                RenderText at (4,1) size 56x13
                  text run at (4,1) width 56: "expected: "
              RenderText {TEXT} at (60,1) size 28x13
                text run at (60,1) width 28: "12x\x{305}\x{332}4"
            RenderTableCell {TD} at (151,142) size 332x15 [r=5 c=2 rs=1 cs=1]
              RenderText {TEXT} at (1,1) size 330x13
                text run at (1,1) width 330: "set value property that violates maxlength (with pasted value)"
          RenderTableRow {TR} at (0,0) size 0x0
            RenderTableCell {TD} at (2,164) size 49x25 [r=6 c=0 rs=1 cs=1]
              RenderTextField {INPUT} at (3,3) size 43x19 [bgcolor=#FFFFFF] [border: (2px inset #000000)]
            RenderTableCell {TD} at (53,169) size 96x15 [color=#808080] [r=6 c=1 rs=1 cs=1]
              RenderInline (generated) at (0,0) size 56x13
                RenderText at (4,1) size 56x13
                  text run at (4,1) width 56: "expected: "
              RenderText {TEXT} at (60,1) size 28x13
                text run at (60,1) width 28: "12x\x{305}\x{332}4"
            RenderTableCell {TD} at (151,169) size 332x15 [r=6 c=2 rs=1 cs=1]
              RenderText {TEXT} at (1,1) size 302x13
                text run at (1,1) width 302: "set maxlength attribute that is smaller than pasted value"
          RenderTableRow {TR} at (0,0) size 0x0
            RenderTableCell {TD} at (2,191) size 49x25 [r=7 c=0 rs=1 cs=1]
              RenderTextField {INPUT} at (3,3) size 43x19 [bgcolor=#FFFFFF] [border: (2px inset #000000)]
            RenderTableCell {TD} at (53,196) size 96x15 [color=#808080] [r=7 c=1 rs=1 cs=1]
              RenderInline (generated) at (0,0) size 56x13
                RenderText at (4,1) size 56x13
                  text run at (4,1) width 56: "expected: "
              RenderText {TEXT} at (60,1) size 28x13
                text run at (60,1) width 28: "12x\x{305}\x{332}4"
            RenderTableCell {TD} at (151,196) size 332x15 [r=7 c=2 rs=1 cs=1]
              RenderText {TEXT} at (1,1) size 304x13
                text run at (1,1) width 304: "set maxLength property that is smaller than pasted value"
          RenderTableRow {TR} at (0,0) size 0x0
            RenderTableCell {TD} at (2,218) size 49x25 [r=8 c=0 rs=1 cs=1]
              RenderTextField {INPUT} at (3,3) size 43x19 [bgcolor=#FFFFFF] [border: (2px inset #000000)]
            RenderTableCell {TD} at (53,223) size 96x15 [color=#808080] [r=8 c=1 rs=1 cs=1]
              RenderInline (generated) at (0,0) size 56x13
                RenderText at (4,1) size 56x13
                  text run at (4,1) width 56: "expected: "
              RenderText {TEXT} at (60,1) size 28x13
                text run at (60,1) width 28: "12x\x{305}\x{332}4"
            RenderTableCell {TD} at (151,223) size 332x15 [r=8 c=2 rs=1 cs=1]
              RenderText {TEXT} at (1,1) size 119x13
                text run at (1,1) width 119: "pasting too much text"
layer at (16,16) size 37x13
  RenderBlock {DIV} at (3,3) size 37x13
    RenderText {TEXT} at (1,0) size 21x13
      text run at (1,0) width 21: "123"
layer at (16,43) size 37x13
  RenderBlock {DIV} at (3,3) size 37x13
    RenderText {TEXT} at (1,0) size 28x13
      text run at (1,0) width 28: "1234"
layer at (16,70) size 37x13
  RenderBlock {DIV} at (3,3) size 37x13
    RenderText {TEXT} at (1,0) size 28x13
      text run at (1,0) width 28: "1234"
layer at (16,97) size 37x13
  RenderBlock {DIV} at (3,3) size 37x13
    RenderText {TEXT} at (1,0) size 28x13
      text run at (1,0) width 28: "1234"
layer at (16,124) size 37x13
  RenderBlock {DIV} at (3,3) size 37x13
    RenderText {TEXT} at (1,0) size 21x13
      text run at (1,0) width 21: "123"
layer at (16,151) size 37x13
  RenderBlock {DIV} at (3,3) size 37x13
    RenderText {TEXT} at (1,0) size 28x13
      text run at (1,0) width 28: "12x\x{305}\x{332}4"
layer at (16,178) size 37x13
  RenderBlock {DIV} at (3,3) size 37x13
    RenderText {TEXT} at (1,0) size 28x13
      text run at (1,0) width 28: "12x\x{305}\x{332}4"
layer at (16,205) size 37x13
  RenderBlock {DIV} at (3,3) size 37x13
    RenderText {TEXT} at (1,0) size 28x13
      text run at (1,0) width 28: "12x\x{305}\x{332}4"
layer at (16,232) size 37x13
  RenderBlock {DIV} at (3,3) size 37x13
    RenderText {TEXT} at (1,0) size 28x13
      text run at (1,0) width 28: "12x\x{305}\x{332}4"
