EDITING DELEGATE: webViewDidChangeSelection:WebViewDidChangeSelectionNotification
EDITING DELEGATE: shouldChangeSelectedDOMRange:range from 0 of #text > DIV to 0 of #text > DIV toDOMRange:range from 5 of #text > DIV to 5 of #text > DIV affinity:NSSelectionAffinityDownstream stillSelecting:FALSE
EDITING DELEGATE: webViewDidChangeSelection:WebViewDidChangeSelectionNotification
EDITING DELEGATE: webViewDidChange:WebViewDidChangeNotification
layer at (0,0) size 800x600
  RenderCanvas at (0,0) size 800x600
layer at (0,0) size 800x600
  RenderBlock {HTML} at (0,0) size 800x600
    RenderBody {BODY} at (8,8) size 784x584
      RenderBlock {P} at (0,0) size 784x18
        RenderText {TEXT} at (0,0) size 540x18
          text run at (0,0) width 540: "The string pasted into the text field should be truncated at the maxlength, 5 characters."
      RenderBlock (anonymous) at (0,34) size 784x23
        RenderTextField {INPUT} at (2,2) size 148x19 [bgcolor=#FFFFFF] [border: (2px inset #000000)]
        RenderText {TEXT} at (0,0) size 0x0
layer at (13,47) size 142x13
  RenderBlock {DIV} at (3,3) size 142x13
    RenderText {TEXT} at (1,0) size 35x13
      text run at (1,0) width 35: "12345"
caret: position 5 of child 0 {TEXT} of child 0 {DIV} of child 2 {INPUT} of child 0 {BODY} of child 0 {HTML} of document
