EDITING DELEGATE: shouldChangeSelectedDOMRange:(null) toDOMRange:range from 0 of #text > DIV to 15 of #text > DIV affinity:NSSelectionAffinityDownstream stillSelecting:FALSE
EDITING DELEGATE: webViewDidChangeSelection:WebViewDidChangeSelectionNotification
EDITING DELEGATE: webViewDidChangeSelection:WebViewDidChangeSelectionNotification
EDITING DELEGATE: shouldChangeSelectedDOMRange:(null) toDOMRange:range from 0 of #text > DIV to 15 of #text > DIV affinity:NSSelectionAffinityDownstream stillSelecting:FALSE
EDITING DELEGATE: webViewDidChangeSelection:WebViewDidChangeSelectionNotification
layer at (0,0) size 800x600
  RenderCanvas at (0,0) size 800x600
layer at (0,0) size 800x600
  RenderBlock {HTML} at (0,0) size 800x600
    RenderBody {BODY} at (8,8) size 784x576
      RenderBlock (anonymous) at (0,0) size 784x18
        RenderText {TEXT} at (0,0) size 755x18
          text run at (0,0) width 755: "This test uses the new text field to test focus() and blur() and to make sure that onFocus and onBlur events fire correctly."
      RenderBlock {P} at (0,34) size 784x18
        RenderTextField {INPUT} at (0,1) size 154x17
        RenderText {TEXT} at (154,0) size 4x18
          text run at (154,0) width 4: " "
        RenderTextField {INPUT} at (158,1) size 154x17
        RenderText {TEXT} at (0,0) size 0x0
      RenderBlock {DIV} at (0,68) size 784x72
        RenderBR {BR} at (0,0) size 0x18
        RenderText {TEXT} at (0,18) size 322x18
          text run at (0,18) width 322: "Test Passed. Text field 1's onFocus event has fired."
        RenderBR {BR} at (0,0) size 0x0
        RenderText {TEXT} at (0,36) size 312x18
          text run at (0,36) width 312: "Test Passed. Text field 1's onBlur event has fired."
        RenderBR {BR} at (0,0) size 0x0
        RenderText {TEXT} at (0,54) size 322x18
          text run at (0,54) width 322: "Test Passed. Text field 2's onFocus event has fired."
      RenderBlock {P} at (0,156) size 784x0
layer at (8,43) size 154x17
  RenderBlock {DIV} at (0,0) size 154x17
    RenderText {TEXT} at (2,2) size 82x13
      text run at (2,2) width 82: "My Text Field 1"
layer at (166,43) size 154x17
  RenderBlock {DIV} at (0,0) size 154x17
    RenderText {TEXT} at (2,2) size 82x13
      text run at (2,2) width 82: "My Text Field 2"
selection start: position 0 of child 0 {TEXT} of document
selection end:   position 15 of child 0 {TEXT} of document
