EDITING DELEGATE: shouldChangeSelectedDOMRange:(null) toDOMRange:range from 0 of #text > DIV to 0 of #text > DIV affinity:NSSelectionAffinityDownstream stillSelecting:FALSE
EDITING DELEGATE: webViewDidChangeSelection:WebViewDidChangeSelectionNotification
EDITING DELEGATE: shouldChangeSelectedDOMRange:range from 0 of #text > DIV to 0 of #text > DIV toDOMRange:range from 0 of #text > DIV to 4 of #text > DIV affinity:NSSelectionAffinityDownstream stillSelecting:FALSE
EDITING DELEGATE: webViewDidChangeSelection:WebViewDidChangeSelectionNotification
layer at (0,0) size 800x600
  RenderCanvas at (0,0) size 800x600
layer at (0,0) size 800x600
  RenderBlock {HTML} at (0,0) size 800x600
    RenderBody {BODY} at (8,8) size 784x576
      RenderBlock (anonymous) at (0,0) size 784x23
        RenderTextField {INPUT} at (2,2) size 148x19 [bgcolor=#FFFFFF] [border: (2px inset #000000)]
        RenderText {TEXT} at (0,0) size 0x0
      RenderBlock {P} at (0,39) size 784x18
        RenderText {TEXT} at (0,0) size 567x18
          text run at (0,0) width 567: "Tests double-clicking on a word. If the test succeeds, the word \"word\" should be selected."
layer at (13,13) size 142x13
  RenderBlock {DIV} at (3,3) size 142x13
    RenderText {TEXT} at (1,0) size 72x13
      text run at (1,0) width 72: "word another"
selection start: position 0 of child 0 {TEXT} of document
selection end:   position 4 of child 0 {TEXT} of document
