EDITING DELEGATE: webViewDidChangeSelection:WebViewDidChangeSelectionNotification
EDITING DELEGATE: webViewDidChangeSelection:WebViewDidChangeSelectionNotification
EDITING DELEGATE: shouldDeleteDOMRange:range from 5 of #text > DIV to 12 of #text > DIV
EDITING DELEGATE: shouldDeleteDOMRange:range from 5 of #text > DIV to 12 of #text > DIV
EDITING DELEGATE: webViewDidChangeSelection:WebViewDidChangeSelectionNotification
EDITING DELEGATE: shouldChangeSelectedDOMRange:range from 5 of #text > DIV to 5 of #text > DIV toDOMRange:range from 5 of #text > DIV to 5 of #text > DIV affinity:NSSelectionAffinityDownstream stillSelecting:FALSE
EDITING DELEGATE: webViewDidChangeSelection:WebViewDidChangeSelectionNotification
EDITING DELEGATE: webViewDidChange:WebViewDidChangeNotification
layer at (0,0) size 800x600
  RenderCanvas at (0,0) size 800x600
layer at (0,0) size 800x600
  RenderBlock {HTML} at (0,0) size 800x600
    RenderBody {BODY} at (8,8) size 784x576
      RenderBlock (anonymous) at (0,0) size 784x23
        RenderTextField {INPUT} at (2,2) size 148x19 [bgcolor=#FFFFFF] [border: (2px inset #000000)]
        RenderText {TEXT} at (0,0) size 0x0
      RenderBlock {P} at (0,39) size 784x18
        RenderText {TEXT} at (0,0) size 644x18
          text run at (0,0) width 644: "Tests option-deleting a word. If the test succeeds, the word \"word\" should end up with a space after it."
layer at (13,13) size 142x13
  RenderBlock {DIV} at (3,3) size 142x13
    RenderText {TEXT} at (1,0) size 30x13
      text run at (1,0) width 30: "word "
caret: position 5 of child 0 {TEXT} of child 0 {DIV} of child 0 {INPUT} of child 0 {BODY} of child 0 {HTML} of document
