layer at (0,0) size 800x600
  RenderView at (0,0) size 800x600
layer at (0,0) size 800x600
  RenderBlock {HTML} at (0,0) size 800x600
    RenderBody {BODY} at (8,8) size 784x584
      RenderText {#text} at (0,0) size 585x18
        text run at (0,0) width 585: "This tests that select all works in a readonly text field, without selecting the surrounding text. "
      RenderBR {BR} at (0,0) size 0x0
      RenderTextControl {INPUT} at (2,20) size 148x19 [bgcolor=#FFFFFF] [border: (2px inset #000000)]
      RenderText {#text} at (0,0) size 0x0
      RenderText {#text} at (0,0) size 0x0
layer at (13,31) size 142x13 scrollWidth 153
  RenderBlock {DIV} at (3,3) size 142x13
    RenderText {#text} at (1,0) size 152x13
      text run at (1,0) width 152: "This text should be selected"
selection start: position 0 of child 0 {#text} of child 0 {DIV} of child 3 {INPUT} of child 1 {BODY} of child 0 {HTML} of document
selection end:   position 28 of child 0 {#text} of child 0 {DIV} of child 3 {INPUT} of child 1 {BODY} of child 0 {HTML} of document
