EDITING DELEGATE: shouldChangeSelectedDOMRange:(null) toDOMRange:range from 0 of DIV to 0 of DIV affinity:NSSelectionAffinityDownstream stillSelecting:FALSE
EDITING DELEGATE: webViewDidChangeSelection:WebViewDidChangeSelectionNotification
layer at (0,0) size 800x600
  RenderCanvas at (0,0) size 800x600
layer at (0,0) size 800x600
  RenderBlock {HTML} at (0,0) size 800x600
    RenderBody {BODY} at (8,8) size 784x576
      RenderBlock (anonymous) at (0,0) size 784x23
        RenderTextField {INPUT} at (2,2) size 148x19 [bgcolor=#FFFFFF] [border: (2px inset #000000)]
        RenderText {TEXT} at (0,0) size 0x0
      RenderBlock {P} at (0,39) size 784x36
        RenderText {TEXT} at (0,0) size 776x36
          text run at (0,0) width 776: "Tests clicking on an input element that has a value that self-destructs. If the test succeeds, there should be a blinking caret in"
          text run at (0,18) width 82: "the text field."
layer at (13,13) size 142x13
  RenderBlock {DIV} at (3,3) size 142x13
caret: position 0 of child 0 {DIV} of child 0 {INPUT} of child 0 {BODY} of child 0 {HTML} of document
