EDITING DELEGATE: shouldChangeSelectedDOMRange:(null) toDOMRange:range from 7 of #text > DIV to 7 of #text > DIV affinity:NSSelectionAffinityDownstream stillSelecting:FALSE
EDITING DELEGATE: webViewDidChangeSelection:WebViewDidChangeSelectionNotification
EDITING DELEGATE: shouldChangeSelectedDOMRange:range from 7 of #text > DIV to 7 of #text > DIV toDOMRange:range from 7 of #text > DIV to 8 of #text > DIV affinity:NSSelectionAffinityDownstream stillSelecting:FALSE
EDITING DELEGATE: webViewDidChangeSelection:WebViewDidChangeSelectionNotification
EDITING DELEGATE: shouldChangeSelectedDOMRange:range from 7 of #text > DIV to 8 of #text > DIV toDOMRange:range from 7 of #text > DIV to 24 of #text > DIV affinity:NSSelectionAffinityDownstream stillSelecting:FALSE
EDITING DELEGATE: webViewDidChangeSelection:WebViewDidChangeSelectionNotification
layer at (0,0) size 800x600
  RenderCanvas at (0,0) size 800x600
layer at (0,0) size 800x600
  RenderBlock {HTML} at (0,0) size 800x600
    RenderBody {BODY} at (8,8) size 784x576
      RenderBlock (anonymous) at (0,0) size 784x23
        RenderTextField {INPUT} at (2,2) size 148x19 [bgcolor=#FFFFFF] [border: (2px inset #000000)]
        RenderText {TEXT} at (0,0) size 0x0
      RenderBlock {P} at (0,39) size 784x18
        RenderText {TEXT} at (0,0) size 732x18
          text run at (0,0) width 732: "Tests drag-selecting down. If the test succeeds, the text from the center to the end of the text field should be selected."
layer at (13,13) size 142x13
  RenderBlock {DIV} at (3,3) size 142x13
    RenderText {TEXT} at (1,0) size 124x13
      text run at (1,0) width 124: "This is a bunch of text."
selection start: position 7 of child 0 {TEXT} of child 0 {DIV} of child 0 {INPUT} of child 0 {BODY} of child 0 {HTML} of document
selection end:   position 24 of child 0 {TEXT} of child 0 {DIV} of child 0 {INPUT} of child 0 {BODY} of child 0 {HTML} of document
