layer at (0,0) size 800x600
  RenderView at (0,0) size 800x600
layer at (0,0) size 800x600
  RenderBlock {HTML} at (0,0) size 800x600
    RenderBody {BODY} at (8,8) size 784x584
      RenderText {#text} at (0,0) size 444x18
        text run at (0,0) width 444: "This tests that deselecting an option won't cause unnecessary scrolling."
      RenderBR {BR} at (444,14) size 0x0
      RenderListBox {SELECT} at (2,20) size 88x71 [bgcolor=#FFFFFF] [border: (1px inset #808080)]
      RenderText {#text} at (0,0) size 0x0
      RenderText {#text} at (0,0) size 0x0
      RenderText {#text} at (0,0) size 0x0
