EDITING DELEGATE: webViewDidChangeSelection:WebViewDidChangeSelectionNotification
EDITING DELEGATE: shouldChangeSelectedDOMRange:(null) toDOMRange:range from 57 of #text > DIV to 57 of #text > DIV affinity:NSSelectionAffinityDownstream stillSelecting:FALSE
EDITING DELEGATE: webViewDidChangeSelection:WebViewDidChangeSelectionNotification
EDITING DELEGATE: webViewDidChange:WebViewDidChangeNotification
layer at (0,0) size 800x600
  RenderView at (0,0) size 800x600
layer at (0,0) size 800x600
  RenderBlock {HTML} at (0,0) size 800x600
    RenderBody {BODY} at (8,8) size 784x584
      RenderBlock {P} at (0,0) size 784x18
        RenderText {#text} at (0,0) size 757x18
          text run at (0,0) width 757: "This tests for a bug where text pasted into a textarea would appear one character before the position where it was pasted."
      RenderBlock (anonymous) at (0,34) size 784x71
        RenderTextField {TEXTAREA} at (2,2) size 163x67 [bgcolor=#FFFFFF] [border: (1px solid #000000)]
        RenderText {#text} at (0,0) size 0x0
layer at (11,45) size 161x65
  RenderBlock {DIV} at (1,1) size 161x65
    RenderText {#text} at (3,0) size 7x13
      text run at (3,0) width 7: "x"
    RenderText {#text} at (10,0) size 140x39
      text run at (10,0) width 133: "(There should be one 'x' "
      text run at (3,13) width 112: "before and after this "
      text run at (3,26) width 55: "sentence.)"
    RenderText {#text} at (58,26) size 7x13
      text run at (58,26) width 7: "x"
caret: position 57 of child 1 {#text} of child 0 {DIV} of child 2 {TEXTAREA} of child 0 {BODY} of child 0 {HTML} of document
