EDITING DELEGATE: webViewDidChangeSelection:WebViewDidChangeSelectionNotification
EDITING DELEGATE: webViewDidChangeSelection:WebViewDidChangeSelectionNotification
EDITING DELEGATE: webViewDidChangeSelection:WebViewDidChangeSelectionNotification
EDITING DELEGATE: shouldInsertNode:#document-fragment replacingDOMRange:range from 0 of DIV to 0 of DIV givenAction:WebViewInsertActionPasted
EDITING DELEGATE: shouldChangeSelectedDOMRange:range from 0 of #text > DIV to 0 of #text > DIV toDOMRange:range from 94 of #text > DIV to 94 of #text > DIV affinity:NSSelectionAffinityDownstream stillSelecting:FALSE
EDITING DELEGATE: webViewDidChangeSelection:WebViewDidChangeSelectionNotification
EDITING DELEGATE: webViewDidChange:WebViewDidChangeNotification
layer at (0,0) size 800x600
  RenderCanvas at (0,0) size 800x600
layer at (0,0) size 800x600
  RenderBlock {HTML} at (0,0) size 800x600
    RenderBody {BODY} at (8,8) size 784x576
      RenderBlock (anonymous) at (0,0) size 784x23
        RenderTextField {INPUT} at (0,2) size 600x19 [bgcolor=#FFFFFF] [border: (2px inset #000000)]
        RenderText {TEXT} at (600,2) size 4x18
          text run at (600,2) width 4: " "
        RenderBR {BR} at (0,0) size 0x0
      RenderBlock {DIV} at (0,23) size 784x18
        RenderText {TEXT} at (0,0) size 32x18
          text run at (0,0) width 32: "This "
        RenderInline {B} at (0,0) size 66x18
          RenderText {TEXT} at (32,0) size 43x18
            text run at (32,0) width 43: "styled "
          RenderInline {I} at (0,0) size 23x18
            RenderText {TEXT} at (75,0) size 23x18
              text run at (75,0) width 23: "text"
        RenderText {TEXT} at (98,0) size 35x18
          text run at (98,0) width 35: ", and "
        RenderInline {A} at (0,0) size 24x18 [color=#0000EE]
          RenderText {TEXT} at (133,0) size 24x18
            text run at (133,0) width 24: "link"
        RenderText {TEXT} at (157,0) size 403x18
          text run at (157,0) width 205: " will be pasted into the textfield. "
          text run at (362,0) width 198: "All richness should be stripped."
      RenderBlock {OL} at (0,57) size 784x36
        RenderListItem {LI} at (40,0) size 744x18
          RenderListMarker at (0,0) size 0x14
          RenderText {TEXT} at (0,0) size 328x18
            text run at (0,0) width 328: "Success: document.execCommand(\"Copy\") == true"
        RenderListItem {LI} at (40,18) size 744x18
          RenderListMarker at (0,0) size 0x14
          RenderText {TEXT} at (0,0) size 326x18
            text run at (0,0) width 326: "Success: document.execCommand(\"Paste\") == true"
layer at (11,13) size 594x13
  RenderBlock {DIV} at (3,3) size 594x13
    RenderText {TEXT} at (1,0) size 480x13
      text run at (1,0) width 480: "This styled text, and link will be pasted into the textfield. All richness should be stripped."
caret: position 94 of child 0 {TEXT} of child 0 {DIV} of child 0 {INPUT} of child 1 {BODY} of child 0 {HTML} of document
