layer at (0,0) size 800x600
  RenderView at (0,0) size 800x600
layer at (0,0) size 800x600
  RenderBlock {HTML} at (0,0) size 800x600
    RenderBody {BODY} at (8,8) size 784x584
      RenderText {#text} at (0,0) size 462x18
        text run at (0,0) width 462: "This tests that empty select controls and buttons have the correct baseline."
      RenderBR {BR} at (462,14) size 0x0
      RenderMenuList {SELECT} at (2,20) size 36x18 [bgcolor=#FFFFFF]
      RenderText {#text} at (40,19) size 29x18
        text run at (40,19) width 29: " test "
      RenderMenuList {SELECT} at (71,20) size 51x18 [bgcolor=#FFFFFF]
        RenderBlock (anonymous) at (8,2) size 20x13
          RenderText at (0,0) size 20x13
            text run at (0,0) width 20: "test"
      RenderText {#text} at (124,19) size 4x18
        text run at (124,19) width 4: " "
      RenderMenuList {SELECT} at (130,20) size 36x18 [color=#00008B] [bgcolor=#ADD8E6] [border: (1px solid #00008B)]
      RenderText {#text} at (168,19) size 29x18
        text run at (168,19) width 29: " test "
      RenderMenuList {SELECT} at (199,20) size 51x18 [color=#00008B] [bgcolor=#ADD8E6] [border: (1px solid #00008B)]
        RenderBlock (anonymous) at (9,2) size 20x13
          RenderText at (0,0) size 20x13
            text run at (0,0) width 20: "test"
      RenderText {#text} at (252,19) size 4x18
        text run at (252,19) width 4: " "
      RenderButton {BUTTON} at (258,20) size 16x18 [bgcolor=#C0C0C0] [border: (2px outset #C0C0C0) none (2px outset #C0C0C0)]
      RenderText {#text} at (276,19) size 4x18
        text run at (276,19) width 4: " "
      RenderButton {BUTTON} at (282,20) size 36x18 [bgcolor=#C0C0C0] [border: (2px outset #C0C0C0) none (2px outset #C0C0C0)]
        RenderBlock (anonymous) at (8,2) size 20x13
          RenderText {#text} at (0,0) size 20x13
            text run at (0,0) width 20: "test"
      RenderText {#text} at (320,19) size 4x18
        text run at (320,19) width 4: " "
      RenderButton {BUTTON} at (324,18) size 16x22 [color=#00008B] [bgcolor=#ADD8E6] [border: (2px outset #C0C0C0)]
      RenderText {#text} at (340,19) size 4x18
        text run at (340,19) width 4: " "
      RenderButton {BUTTON} at (344,18) size 36x22 [color=#00008B] [bgcolor=#ADD8E6] [border: (2px outset #C0C0C0)]
        RenderBlock (anonymous) at (8,4) size 20x13
          RenderText {#text} at (0,0) size 20x13
            text run at (0,0) width 20: "test"
      RenderText {#text} at (0,0) size 0x0
