layer at (0,0) size 800x600
  RenderView at (0,0) size 800x600
layer at (0,0) size 800x600
  RenderBlock {HTML} at (0,0) size 800x600
    RenderBody {BODY} at (8,8) size 784x584
      RenderText {#text} at (0,0) size 558x18
        text run at (0,0) width 250: "This tests that styled popups look right. "
        text run at (250,0) width 308: "(Aqua for now- later, we will honor the styling). "
      RenderBR {BR} at (0,0) size 0x0
      RenderMenuList {SELECT} at (2,20) size 51x18 [bgcolor=#FF0000] [border: (1px solid #000000)]
        RenderBlock (anonymous) at (9,2) size 20x13
          RenderText at (0,0) size 20x13
            text run at (0,0) width 20: "test"
