EDITING DELEGATE: webViewDidChangeSelection:WebViewDidChangeSelectionNotification
EDITING DELEGATE: webViewDidChangeSelection:WebViewDidChangeSelectionNotification
EDITING DELEGATE: webViewDidChangeSelection:WebViewDidChangeSelectionNotification
layer at (0,0) size 800x600
  RenderCanvas at (0,0) size 800x600
layer at (0,0) size 800x600
  RenderBlock {HTML} at (0,0) size 800x600
    RenderBody {BODY} at (8,8) size 784x584
      RenderText {#text} at (0,0) size 442x18
        text run at (0,0) width 442: "This tests that you can tab out of a text field if an iframe comes after it."
      RenderBR {BR} at (442,14) size 0x0
      RenderTextField {INPUT} at (2,156) size 148x19 [bgcolor=#FFFFFF] [border: (2px inset #000000)]
      RenderText {#text} at (152,156) size 4x18
        text run at (152,156) width 4: " "
      RenderPartObject {IFRAME} at (156,18) size 302x152 [border: (1px solid #000000)]
        layer at (0,0) size 300x150
          RenderCanvas at (0,0) size 300x150
        layer at (0,0) size 300x8
          RenderBlock {HTML} at (0,0) size 300x8
            RenderBody {BODY} at (8,8) size 284x0
      RenderText {#text} at (458,156) size 4x18
        text run at (458,156) width 4: " "
      RenderTextField {INPUT} at (464,156) size 148x19 [bgcolor=#FFFFFF] [border: (2px inset #000000)]
      RenderText {#text} at (0,0) size 0x0
      RenderText {#text} at (0,0) size 0x0
layer at (13,167) size 142x13
  RenderBlock {DIV} at (3,3) size 142x13
layer at (475,167) size 142x13
  RenderBlock {DIV} at (3,3) size 142x13
    RenderText {#text} at (1,0) size 123x13
      text run at (1,0) width 123: "This should have focus"
selection start: position 0 of child 0 {#text} of child 0 {DIV} of child 7 {INPUT} of child 1 {BODY} of child 0 {HTML} of document
selection end:   position 22 of child 0 {#text} of child 0 {DIV} of child 7 {INPUT} of child 1 {BODY} of child 0 {HTML} of document
