layer at (0,0) size 800x600
  RenderView at (0,0) size 800x600
layer at (0,0) size 800x600
  RenderBlock {HTML} at (0,0) size 800x600
    RenderBody {BODY} at (8,8) size 784x584
      RenderBlock {FORM} at (0,0) size 784x22
        RenderButton {INPUT} at (2,2) size 42x18 [bgcolor=#C0C0C0]
          RenderBlock (anonymous) at (8,2) size 26x13
            RenderText at (0,0) size 26x13
              text run at (0,0) width 26: "form"
        RenderText {#text} at (0,0) size 0x0
      RenderBlock {DIV} at (0,38) size 784x36
        RenderText {#text} at (0,0) size 765x36
          text run at (0,0) width 288: "This tests Targetted frame submission works. "
          text run at (288,0) width 477: "If the test is successful, the text \"SUCCESS\" should be shown in the iframe"
          text run at (0,18) width 43: "below."
      RenderBlock (anonymous) at (0,74) size 784x150
        RenderPartObject {IFRAME} at (0,0) size 300x150
          layer at (0,0) size 300x150
            RenderView at (0,0) size 300x150
          layer at (0,0) size 300x34
            RenderBlock {HTML} at (0,0) size 300x34
              RenderBody {BODY} at (8,8) size 284x18
                RenderText {#text} at (0,0) size 71x18
                  text run at (0,0) width 71: "SUCCESS"
        RenderText {#text} at (0,0) size 0x0
        RenderText {#text} at (0,0) size 0x0
        RenderText {#text} at (0,0) size 0x0
