layer at (0,0) size 800x600
  RenderView at (0,0) size 800x600
layer at (0,0) size 800x600
  RenderBlock {HTML} at (0,0) size 800x600
    RenderBody {BODY} at (8,8) size 784x584
      RenderTextField {TEXTAREA} at (0,0) size 200x200 [bgcolor=#FFFFFF] [border: (1px solid #000000)]
      RenderText {#text} at (200,186) size 4x18
        text run at (200,186) width 4: " "
      RenderText {#text} at (204,186) size 52x18
        text run at (204,186) width 52: "183 312"
layer at (9,9) size 198x198 clip at (9,9) size 183x198 scrollHeight 312
  RenderBlock {DIV} at (1,1) size 198x198
    RenderText {#text} at (3,0) size 84x299
      text run at (3,0) width 84: "Lots of content."
      text run at (87,0) width 0: " "
      text run at (3,13) width 84: "Lots of content."
      text run at (87,13) width 0: " "
      text run at (3,26) width 84: "Lots of content."
      text run at (87,26) width 0: " "
      text run at (3,39) width 84: "Lots of content."
      text run at (87,39) width 0: " "
      text run at (3,52) width 0: " "
      text run at (3,65) width 84: "Lots of content."
      text run at (87,65) width 0: " "
      text run at (3,78) width 84: "Lots of content."
      text run at (87,78) width 0: " "
      text run at (3,91) width 0: " "
      text run at (3,104) width 84: "Lots of content."
      text run at (87,104) width 0: " "
      text run at (3,117) width 84: "Lots of content."
      text run at (87,117) width 0: " "
      text run at (3,130) width 0: " "
      text run at (3,143) width 84: "Lots of content."
      text run at (87,143) width 0: " "
      text run at (3,156) width 84: "Lots of content."
      text run at (87,156) width 0: " "
      text run at (3,169) width 0: " "
      text run at (3,182) width 84: "Lots of content."
      text run at (87,182) width 0: " "
      text run at (3,195) width 84: "Lots of content."
      text run at (87,195) width 0: " "
      text run at (3,208) width 0: " "
      text run at (3,221) width 84: "Lots of content."
      text run at (87,221) width 0: " "
      text run at (3,234) width 84: "Lots of content."
      text run at (87,234) width 0: " "
      text run at (3,247) width 0: " "
      text run at (3,260) width 84: "Lots of content."
      text run at (87,260) width 0: " "
      text run at (3,273) width 84: "Lots of content."
      text run at (87,273) width 0: " "
      text run at (3,286) width 0: " "
    RenderBR {BR} at (3,299) size 0x13
