layer at (0,0) size 800x600
  RenderView at (0,0) size 800x600
layer at (0,0) size 800x383
  RenderBlock {HTML} at (0,0) size 800x383
    RenderBody {BODY} at (8,14) size 784x361
      RenderBlock {P} at (0,0) size 784x40
        RenderText {#text} at (0,0) size 316x19
          text run at (0,0) width 295: "This is a test of generated content in <button> "
          text run at (295,0) width 21: "for "
        RenderInline {I} at (0,0) size 753x39
          RenderInline {A} at (0,0) size 337x19 [color=#0000EE]
            RenderText {#text} at (316,0) size 337x19
              text run at (316,0) width 337: "http://bugzilla.opendarwin.org/show_bug.cgi?id=9561"
          RenderText {#text} at (653,0) size 753x39
            text run at (653,0) width 4: " "
            text run at (657,0) width 96: "REGRESSION:"
            text run at (0,20) width 429: "Content property on :before of button causes hang on click or hover"
        RenderText {#text} at (429,20) size 4x19
          text run at (429,20) width 4: "."
      RenderBlock {HR} at (0,54) size 784x2 [border: (1px inset #000000)]
      RenderBlock (anonymous) at (0,63) size 784x298
        RenderButton {BUTTON} at (2,2) size 57x30 [color=#0000FF] [bgcolor=#C0C0C0]
          RenderBlock (anonymous) at (8,5) size 41x19
            RenderInline (generated) at (0,0) size 41x19
              RenderText at (0,0) size 41x19
                text run at (0,0) width 41: "before"
        RenderText {#text} at (61,7) size 4x19
          text run at (61,7) width 4: " "
        RenderButton {BUTTON} at (67,2) size 97x30 [color=#0000FF] [bgcolor=#C0C0C0]
          RenderBlock (anonymous) at (8,5) size 81x19
            RenderInline (generated) at (0,0) size 41x19
              RenderText at (0,0) size 41x19
                text run at (0,0) width 41: "before"
            RenderText {#text} at (41,0) size 40x19
              text run at (41,0) width 40: "button"
        RenderText {#text} at (166,7) size 4x19
          text run at (166,7) width 4: " "
        RenderBR {BR} at (0,0) size 0x0
        RenderButton {BUTTON} at (2,36) size 45x30 [color=#0000FF] [bgcolor=#C0C0C0]
          RenderBlock (anonymous) at (8,5) size 29x19
            RenderInline (generated) at (0,0) size 29x19
              RenderText at (0,0) size 29x19
                text run at (0,0) width 29: "after"
        RenderText {#text} at (49,41) size 4x19
          text run at (49,41) width 4: " "
        RenderButton {BUTTON} at (55,36) size 85x30 [color=#0000FF] [bgcolor=#C0C0C0]
          RenderBlock (anonymous) at (8,5) size 69x19
            RenderText {#text} at (0,0) size 40x19
              text run at (0,0) width 40: "button"
            RenderInline (generated) at (0,0) size 29x19
              RenderText at (40,0) size 29x19
                text run at (40,0) width 29: "after"
        RenderText {#text} at (142,41) size 4x19
          text run at (142,41) width 4: " "
        RenderBR {BR} at (0,0) size 0x0
        RenderButton {BUTTON} at (2,70) size 16x30 [bgcolor=#C0C0C0]
          RenderBlock (anonymous) at (8,15) size 0x0
        RenderText {#text} at (20,88) size 4x19
          text run at (20,88) width 4: " "
        RenderButton {BUTTON} at (26,83) size 56x30 [bgcolor=#C0C0C0]
          RenderBlock (anonymous) at (8,5) size 40x19
            RenderText {#text} at (0,0) size 40x19
              text run at (0,0) width 40: "button"
        RenderText {#text} at (84,88) size 4x19
          text run at (84,88) width 4: " "
        RenderBR {BR} at (0,0) size 0x0
        RenderButton {BUTTON} at (2,117) size 16x30 [bgcolor=#C0C0C0]
          RenderBlock (anonymous) at (8,15) size 0x0
        RenderText {#text} at (20,135) size 4x19
          text run at (20,135) width 4: " "
        RenderButton {BUTTON} at (26,130) size 56x30 [bgcolor=#C0C0C0]
          RenderBlock (anonymous) at (8,5) size 40x19
            RenderText {#text} at (0,0) size 40x19
              text run at (0,0) width 40: "button"
        RenderText {#text} at (84,135) size 4x19
          text run at (84,135) width 4: " "
        RenderBR {BR} at (0,0) size 0x0
        RenderButton {BUTTON} at (2,164) size 57x30 [bgcolor=#C0C0C0]
          RenderBlock (anonymous) at (8,5) size 41x19
            RenderInline (generated) at (0,0) size 41x19
              RenderText at (0,0) size 41x19
                text run at (0,0) width 41: "before"
        RenderText {#text} at (61,169) size 4x19
          text run at (61,169) width 4: " "
        RenderButton {BUTTON} at (67,164) size 97x30 [bgcolor=#C0C0C0]
          RenderBlock (anonymous) at (8,5) size 81x19
            RenderInline (generated) at (0,0) size 41x19
              RenderText at (0,0) size 41x19
                text run at (0,0) width 41: "before"
            RenderText {#text} at (41,0) size 40x19
              text run at (41,0) width 40: "button"
        RenderText {#text} at (166,169) size 4x19
          text run at (166,169) width 4: " "
        RenderBR {BR} at (0,0) size 0x0
        RenderButton {BUTTON} at (2,198) size 45x30 [bgcolor=#C0C0C0]
          RenderBlock (anonymous) at (8,5) size 29x19
            RenderInline (generated) at (0,0) size 29x19
              RenderText at (0,0) size 29x19
                text run at (0,0) width 29: "after"
        RenderText {#text} at (49,203) size 4x19
          text run at (49,203) width 4: " "
        RenderButton {BUTTON} at (55,198) size 85x30 [bgcolor=#C0C0C0]
          RenderBlock (anonymous) at (8,5) size 69x19
            RenderText {#text} at (0,0) size 40x19
              text run at (0,0) width 40: "button"
            RenderInline (generated) at (0,0) size 29x19
              RenderText at (40,0) size 29x19
                text run at (40,0) width 29: "after"
        RenderText {#text} at (142,203) size 4x19
          text run at (142,203) width 4: " "
        RenderBR {BR} at (0,0) size 0x0
        RenderButton {BUTTON} at (2,232) size 57x30 [bgcolor=#C0C0C0]
          RenderBlock (anonymous) at (8,5) size 41x19
            RenderInline (generated) at (0,0) size 41x19
              RenderText at (0,0) size 41x19
                text run at (0,0) width 41: "before"
        RenderText {#text} at (61,237) size 4x19
          text run at (61,237) width 4: " "
        RenderButton {BUTTON} at (67,232) size 97x30 [bgcolor=#C0C0C0]
          RenderBlock (anonymous) at (8,5) size 81x19
            RenderInline (generated) at (0,0) size 41x19
              RenderText at (0,0) size 41x19
                text run at (0,0) width 41: "before"
            RenderText {#text} at (41,0) size 40x19
              text run at (41,0) width 40: "button"
        RenderText {#text} at (166,237) size 4x19
          text run at (166,237) width 4: " "
        RenderBR {BR} at (0,0) size 0x0
        RenderButton {BUTTON} at (2,266) size 45x30 [bgcolor=#C0C0C0]
          RenderBlock (anonymous) at (8,5) size 29x19
            RenderInline (generated) at (0,0) size 29x19
              RenderText at (0,0) size 29x19
                text run at (0,0) width 29: "after"
        RenderText {#text} at (49,271) size 4x19
          text run at (49,271) width 4: " "
        RenderButton {BUTTON} at (55,266) size 85x30 [bgcolor=#C0C0C0]
          RenderBlock (anonymous) at (8,5) size 69x19
            RenderText {#text} at (0,0) size 40x19
              text run at (0,0) width 40: "button"
            RenderInline (generated) at (0,0) size 29x19
              RenderText at (40,0) size 29x19
                text run at (40,0) width 29: "after"
        RenderText {#text} at (142,271) size 4x19
          text run at (142,271) width 4: " "
        RenderBR {BR} at (0,0) size 0x0
