layer at (0,0) size 800x600
  RenderView at (0,0) size 800x600
layer at (0,0) size 800x600
  RenderBlock {HTML} at (0,0) size 800x600
    RenderBody {BODY} at (8,8) size 784x578
      RenderBlock {FORM} at (0,0) size 784x75
        RenderBlock (anonymous) at (0,0) size 784x73
          RenderBlock {INPUT} at (3,3) size 13x13
          RenderInline {B} at (0,0) size 74x20
            RenderText {#text} at (19,0) size 74x20
              text run at (19,0) width 74: "Attach File"
          RenderBR {BR} at (93,14) size 0x0
          RenderBR {BR} at (0,20) size 0x19
          RenderText {#text} at (0,46) size 86x19
            text run at (0,46) width 86: "  Select File:  "
          RenderFileUploadControl {INPUT} at (88,41) size 272x30
            RenderButton {INPUT} at (0,0) size 92x30 [color=#808080] [bgcolor=#C0C0C0]
              RenderBlock (anonymous) at (8,5) size 76x19
                RenderText at (0,0) size 76x19
                  text run at (0,0) width 76: "Choose File"
          RenderBR {BR} at (362,60) size 0x0
        RenderTable {TABLE} at (0,73) size 4x2
          RenderTableSection {TBODY} at (0,0) size 4x2
