layer at (0,0) size 1222x600
  RenderView at (0,0) size 800x600
layer at (0,0) size 1222x600
  RenderBlock {HTML} at (0,0) size 800x600
    RenderBody {BODY} at (8,8) size 784x584
      RenderTable {TABLE} at (0,0) size 1214x146
        RenderTableSection {TBODY} at (0,0) size 1214x146
          RenderTableRow {TR} at (0,2) size 1214x22
            RenderTableCell {TH} at (2,12) size 82x2 [r=0 c=0 rs=1 cs=1]
            RenderTableCell {TH} at (86,12) size 280x2 [r=0 c=1 rs=1 cs=1]
            RenderTableCell {TH} at (368,2) size 280x22 [r=0 c=2 rs=1 cs=1]
              RenderText {#text} at (94,1) size 92x20
                text run at (94,1) width 92: "text-align:left"
            RenderTableCell {TH} at (650,2) size 280x22 [r=0 c=3 rs=1 cs=1]
              RenderText {#text} at (83,1) size 113x20
                text run at (83,1) width 113: "text-align:center"
            RenderTableCell {TH} at (932,2) size 280x22 [r=0 c=4 rs=1 cs=1]
              RenderText {#text} at (89,1) size 102x20
                text run at (89,1) width 102: "text-align:right"
          RenderTableRow {TR} at (0,26) size 1214x38
            RenderTableCell {TH} at (2,44) size 82x2 [r=1 c=0 rs=1 cs=1]
            RenderTableCell {TD} at (86,26) size 280x38 [border: (1px solid #000000)] [r=1 c=1 rs=1 cs=1]
              RenderFileUploadControl {INPUT} at (4,4) size 272x30
                RenderButton {INPUT} at (0,0) size 92x30 [bgcolor=#C0C0C0]
                  RenderBlock (anonymous) at (8,5) size 76x19
                    RenderText at (0,0) size 76x19
                      text run at (0,0) width 76: "Choose File"
            RenderTableCell {TD} at (368,26) size 280x38 [border: (1px solid #000000)] [r=1 c=2 rs=1 cs=1]
              RenderFileUploadControl {INPUT} at (4,4) size 272x30
                RenderButton {INPUT} at (0,0) size 92x30 [bgcolor=#C0C0C0]
                  RenderBlock (anonymous) at (8,5) size 76x19
                    RenderText at (0,0) size 76x19
                      text run at (0,0) width 76: "Choose File"
            RenderTableCell {TD} at (650,26) size 280x38 [border: (1px solid #000000)] [r=1 c=3 rs=1 cs=1]
              RenderFileUploadControl {INPUT} at (4,4) size 272x30
                RenderButton {INPUT} at (0,0) size 92x30 [bgcolor=#C0C0C0]
                  RenderBlock (anonymous) at (8,5) size 76x19
                    RenderText at (0,0) size 76x19
                      text run at (0,0) width 76: "Choose File"
            RenderTableCell {TD} at (932,26) size 280x38 [border: (1px solid #000000)] [r=1 c=4 rs=1 cs=1]
              RenderFileUploadControl {INPUT} at (4,4) size 272x30
                RenderButton {INPUT} at (0,0) size 92x30 [bgcolor=#C0C0C0]
                  RenderBlock (anonymous) at (8,5) size 76x19
                    RenderText at (0,0) size 76x19
                      text run at (0,0) width 76: "Choose File"
          RenderTableRow {TR} at (0,66) size 1214x38
            RenderTableCell {TH} at (2,74) size 82x22 [r=2 c=0 rs=1 cs=1]
              RenderText {#text} at (1,1) size 80x20
                text run at (1,1) width 80: "direction:ltr"
            RenderTableCell {TD} at (86,66) size 280x38 [border: (1px solid #000000)] [r=2 c=1 rs=1 cs=1]
              RenderFileUploadControl {INPUT} at (4,4) size 272x30
                RenderButton {INPUT} at (0,0) size 92x30 [bgcolor=#C0C0C0]
                  RenderBlock (anonymous) at (8,5) size 76x19
                    RenderText at (0,0) size 76x19
                      text run at (0,0) width 76: "Choose File"
            RenderTableCell {TD} at (368,66) size 280x38 [border: (1px solid #000000)] [r=2 c=2 rs=1 cs=1]
              RenderFileUploadControl {INPUT} at (4,4) size 272x30
                RenderButton {INPUT} at (0,0) size 92x30 [bgcolor=#C0C0C0]
                  RenderBlock (anonymous) at (8,5) size 76x19
                    RenderText at (0,0) size 76x19
                      text run at (0,0) width 76: "Choose File"
            RenderTableCell {TD} at (650,66) size 280x38 [border: (1px solid #000000)] [r=2 c=3 rs=1 cs=1]
              RenderFileUploadControl {INPUT} at (4,4) size 272x30
                RenderButton {INPUT} at (0,0) size 92x30 [bgcolor=#C0C0C0]
                  RenderBlock (anonymous) at (8,5) size 76x19
                    RenderText at (0,0) size 76x19
                      text run at (0,0) width 76: "Choose File"
            RenderTableCell {TD} at (932,66) size 280x38 [border: (1px solid #000000)] [r=2 c=4 rs=1 cs=1]
              RenderFileUploadControl {INPUT} at (4,4) size 272x30
                RenderButton {INPUT} at (0,0) size 92x30 [bgcolor=#C0C0C0]
                  RenderBlock (anonymous) at (8,5) size 76x19
                    RenderText at (0,0) size 76x19
                      text run at (0,0) width 76: "Choose File"
          RenderTableRow {TR} at (0,106) size 1214x38
            RenderTableCell {TH} at (2,114) size 82x22 [r=3 c=0 rs=1 cs=1]
              RenderText {#text} at (1,1) size 80x20
                text run at (1,1) width 80: "direction:rtl"
            RenderTableCell {TD} at (86,106) size 280x38 [border: (1px solid #000000)] [r=3 c=1 rs=1 cs=1]
              RenderFileUploadControl {INPUT} at (4,4) size 272x30
                RenderButton {INPUT} at (180,0) size 92x30 [bgcolor=#C0C0C0]
                  RenderBlock (anonymous) at (8,5) size 76x19
                    RenderText at (0,0) size 76x19
                      text run at (0,0) width 76: "Choose File"
            RenderTableCell {TD} at (368,106) size 280x38 [border: (1px solid #000000)] [r=3 c=2 rs=1 cs=1]
              RenderFileUploadControl {INPUT} at (4,4) size 272x30
                RenderButton {INPUT} at (180,0) size 92x30 [bgcolor=#C0C0C0]
                  RenderBlock (anonymous) at (8,5) size 76x19
                    RenderText at (0,0) size 76x19
                      text run at (0,0) width 76: "Choose File"
            RenderTableCell {TD} at (650,106) size 280x38 [border: (1px solid #000000)] [r=3 c=3 rs=1 cs=1]
              RenderFileUploadControl {INPUT} at (4,4) size 272x30
                RenderButton {INPUT} at (180,0) size 92x30 [bgcolor=#C0C0C0]
                  RenderBlock (anonymous) at (8,5) size 76x19
                    RenderText at (0,0) size 76x19
                      text run at (0,0) width 76: "Choose File"
            RenderTableCell {TD} at (932,106) size 280x38 [border: (1px solid #000000)] [r=3 c=4 rs=1 cs=1]
              RenderFileUploadControl {INPUT} at (4,4) size 272x30
                RenderButton {INPUT} at (180,0) size 92x30 [bgcolor=#C0C0C0]
                  RenderBlock (anonymous) at (8,5) size 76x19
                    RenderText at (0,0) size 76x19
                      text run at (0,0) width 76: "Choose File"
