layer at (0,0) size 784x2822
  RenderView at (0,0) size 784x600
layer at (0,0) size 784x2822
  RenderBlock {HTML} at (0,0) size 784x2822
    RenderBody {BODY} at (8,8) size 768x2798
      RenderBlock {H1} at (0,0) size 768x42
        RenderText {#text} at (0,0) size 432x41
          text run at (0,0) width 432: "Example 4: Some simple tables."
      RenderTable {TABLE} at (0,63) size 496x112 [border: (1px outset #808080)]
        RenderTableSection {TBODY} at (1,1) size 494x110
          RenderTableRow {TR} at (0,2) size 494x25
            RenderTableCell {TH} at (2,2) size 72x25 [border: (1px inset #808080)] [r=0 c=0 rs=1 cs=1]
              RenderText {#text} at (14,2) size 44x21
                text run at (14,2) width 44: "Color "
            RenderTableCell {TH} at (76,2) size 416x25 [border: (1px inset #808080)] [r=0 c=1 rs=1 cs=1]
              RenderText {#text} at (176,2) size 64x21
                text run at (176,2) width 64: "Meaning "
          RenderTableRow {TR} at (0,29) size 494x25
            RenderTableCell {TD} at (2,29) size 72x25 [bgcolor=#90EE90] [border: (1px inset #808080)] [r=1 c=0 rs=1 cs=1]
              RenderText {#text} at (2,2) size 68x21
                text run at (2,2) width 68: "lightgreen"
            RenderTableCell {TD} at (76,29) size 416x25 [border: (1px inset #808080)] [r=1 c=1 rs=1 cs=1]
              RenderText {#text} at (2,2) size 315x21
                text run at (2,2) width 315: "Light green is used on cells that have a colspan"
          RenderTableRow {TR} at (0,56) size 494x25
            RenderTableCell {TD} at (2,56) size 72x25 [bgcolor=#F0E68C] [border: (1px inset #808080)] [r=2 c=0 rs=1 cs=1]
              RenderText {#text} at (2,2) size 39x21
                text run at (2,2) width 39: "khaki"
            RenderTableCell {TD} at (76,56) size 416x25 [border: (1px inset #808080)] [r=2 c=1 rs=1 cs=1]
              RenderText {#text} at (2,2) size 286x21
                text run at (2,2) width 286: "Khaki is used on cells that have a rowspan"
          RenderTableRow {TR} at (0,83) size 494x25
            RenderTableCell {TD} at (2,83) size 72x25 [bgcolor=#D3D3D3] [border: (1px inset #808080)] [r=3 c=0 rs=1 cs=1]
              RenderText {#text} at (2,2) size 60x21
                text run at (2,2) width 60: "lightgrey"
            RenderTableCell {TD} at (76,83) size 416x25 [border: (1px inset #808080)] [r=3 c=1 rs=1 cs=1]
              RenderText {#text} at (2,2) size 319x21
                text run at (2,2) width 319: "Light grey is used on cells that have a rowspan "
              RenderInline {B} at (0,0) size 26x21
                RenderText {#text} at (321,2) size 26x21
                  text run at (321,2) width 26: "and"
              RenderText {#text} at (347,2) size 67x21
                text run at (347,2) width 67: " a colspan"
      RenderBlock (anonymous) at (0,175) size 768x42
        RenderBR {BR} at (0,0) size 0x21
        RenderText {#text} at (0,21) size 4x21
          text run at (0,21) width 4: " "
      RenderTable {TABLE} at (0,217) size 768x148 [border: (1px outset #808080)]
        RenderBlock {CAPTION} at (0,0) size 766x21
          RenderText {#text} at (110,0) size 546x21
            text run at (110,0) width 546: "Table 1 has this caption at the top.  It is defined to be 100% of it's parent's width."
        RenderTableSection {TBODY} at (1,22) size 766x125
          RenderTableRow {TR} at (0,2) size 766x46
            RenderTableCell {TD} at (2,12) size 396x25 [bgcolor=#90EE90] [border: (1px inset #808080)] [r=0 c=0 rs=1 cs=2]
              RenderText {#text} at (2,2) size 27x21
                text run at (2,2) width 27: "Cell"
            RenderTableCell {TD} at (400,2) size 364x46 [border: (1px inset #808080)] [r=0 c=2 rs=1 cs=1]
              RenderText {#text} at (2,2) size 352x42
                text run at (2,2) width 352: "Stuff to test out table cell layout. This should be long"
                text run at (2,23) width 54: "enough."
          RenderTableRow {TR} at (0,50) size 766x25
            RenderTableCell {TD} at (2,50) size 31x25 [border: (1px inset #808080)] [r=1 c=0 rs=1 cs=1]
              RenderText {#text} at (2,2) size 27x21
                text run at (2,2) width 27: "Cell"
            RenderTableCell {TD} at (35,50) size 729x25 [bgcolor=#90EE90] [border: (1px inset #808080)] [r=1 c=1 rs=1 cs=2]
              RenderText {#text} at (2,2) size 410x21
                text run at (2,2) width 410: "Stuff to test out table cell layout. This should be long enough."
          RenderTableRow {TR} at (0,77) size 766x46
            RenderTableCell {TD} at (2,87) size 31x25 [border: (1px inset #808080)] [r=2 c=0 rs=1 cs=1]
              RenderText {#text} at (2,2) size 27x21
                text run at (2,2) width 27: "Cell"
            RenderTableCell {TD} at (35,77) size 363x46 [border: (1px inset #808080)] [r=2 c=1 rs=1 cs=1]
              RenderText {#text} at (2,2) size 352x42
                text run at (2,2) width 352: "Stuff to test out table cell layout. This should be long"
                text run at (2,23) width 54: "enough."
            RenderTableCell {TD} at (400,87) size 364x25 [border: (1px inset #808080)] [r=2 c=2 rs=1 cs=1]
              RenderText {#text} at (2,2) size 27x21
                text run at (2,2) width 27: "Cell"
      RenderBlock (anonymous) at (0,365) size 768x42
        RenderBR {BR} at (0,0) size 0x21
        RenderText {#text} at (0,21) size 4x21
          text run at (0,21) width 4: " "
      RenderTable {TABLE} at (0,407) size 523x106 [border: (1px outset #808080)]
        RenderBlock {CAPTION} at (0,0) size 521x21
          RenderText {#text} at (88,0) size 345x21
            text run at (88,0) width 345: "Table 2 has auto-width (no width param specified.)"
        RenderTableSection {TBODY} at (1,22) size 521x83
          RenderTableRow {TR} at (0,2) size 521x25
            RenderTableCell {TD} at (2,2) size 31x25 [border: (1px inset #808080)] [r=0 c=0 rs=1 cs=1]
              RenderText {#text} at (2,2) size 27x21
                text run at (2,2) width 27: "Cell"
            RenderTableCell {TD} at (35,15) size 484x25 [bgcolor=#D3D3D3] [border: (1px inset #808080)] [r=0 c=1 rs=2 cs=2]
              RenderText {#text} at (2,2) size 410x21
                text run at (2,2) width 410: "Stuff to test out table cell layout. This should be long enough."
          RenderTableRow {TR} at (0,29) size 521x25
            RenderTableCell {TD} at (2,29) size 31x25 [border: (1px inset #808080)] [r=1 c=0 rs=1 cs=1]
              RenderText {#text} at (2,2) size 27x21
                text run at (2,2) width 27: "Cell"
          RenderTableRow {TR} at (0,56) size 521x25
            RenderTableCell {TD} at (2,56) size 31x25 [border: (1px inset #808080)] [r=2 c=0 rs=1 cs=1]
              RenderText {#text} at (2,2) size 27x21
                text run at (2,2) width 27: "Cell"
            RenderTableCell {TD} at (35,56) size 414x25 [border: (1px inset #808080)] [r=2 c=1 rs=1 cs=1]
              RenderText {#text} at (2,2) size 410x21
                text run at (2,2) width 410: "Stuff to test out table cell layout. This should be long enough."
            RenderTableCell {TD} at (451,56) size 68x25 [border: (1px inset #808080)] [r=2 c=2 rs=1 cs=1]
              RenderText {#text} at (2,2) size 64x21
                text run at (2,2) width 64: "more text"
      RenderBlock (anonymous) at (0,513) size 768x21
        RenderText {#text} at (0,0) size 4x21
          text run at (0,0) width 4: " "
      RenderTable {TABLE} at (0,534) size 523x106 [border: (1px outset #808080)]
        RenderBlock {CAPTION} at (0,0) size 521x21
          RenderText {#text} at (51,0) size 419x21
            text run at (51,0) width 419: "Table 3 is the same as Table 2, but with equal column widths. "
        RenderTableSection {TBODY} at (1,22) size 521x83
          RenderTableRow {TR} at (0,2) size 521x25
            RenderTableCell {TD} at (2,2) size 31x25 [border: (1px inset #808080)] [r=0 c=0 rs=1 cs=1]
              RenderText {#text} at (2,2) size 27x21
                text run at (2,2) width 27: "Cell"
            RenderTableCell {TD} at (35,15) size 484x25 [bgcolor=#D3D3D3] [border: (1px inset #808080)] [r=0 c=1 rs=2 cs=2]
              RenderText {#text} at (2,2) size 410x21
                text run at (2,2) width 410: "Stuff to test out table cell layout. This should be long enough."
          RenderTableRow {TR} at (0,29) size 521x25
            RenderTableCell {TD} at (2,29) size 31x25 [border: (1px inset #808080)] [r=1 c=0 rs=1 cs=1]
              RenderText {#text} at (2,2) size 27x21
                text run at (2,2) width 27: "Cell"
          RenderTableRow {TR} at (0,56) size 521x25
            RenderTableCell {TD} at (2,56) size 31x25 [border: (1px inset #808080)] [r=2 c=0 rs=1 cs=1]
              RenderText {#text} at (2,2) size 27x21
                text run at (2,2) width 27: "Cell"
            RenderTableCell {TD} at (35,56) size 414x25 [border: (1px inset #808080)] [r=2 c=1 rs=1 cs=1]
              RenderText {#text} at (2,2) size 410x21
                text run at (2,2) width 410: "Stuff to test out table cell layout. This should be long enough."
            RenderTableCell {TD} at (451,56) size 68x25 [border: (1px inset #808080)] [r=2 c=2 rs=1 cs=1]
              RenderText {#text} at (2,2) size 64x21
                text run at (2,2) width 64: "more text"
      RenderBlock (anonymous) at (0,640) size 768x42
        RenderBR {BR} at (0,0) size 0x21
        RenderText {#text} at (0,21) size 4x21
          text run at (0,21) width 4: " "
      RenderTable {TABLE} at (0,682) size 252x198 [border: (1px none #808080)]
        RenderBlock {CAPTION} at (0,135) size 250x63
          RenderText {#text} at (1,0) size 248x63
            text run at (1,0) width 248: "Table 4 has this bottom caption. The"
            text run at (12,21) width 226: "table has specified column widths"
            text run at (46,42) width 158: "and collapsing borders."
        RenderTableCol {COLGROUP} at (0,0) size 0x0
          RenderTableCol {COL} at (0,0) size 0x0 [border: (2px dashed #0000FF) none (2px solid #000000)]
          RenderTableCol {COL} at (0,0) size 0x0 [border: (1px solid #FF0000) none]
          RenderTableCol {COL} at (0,0) size 0x0 [border: (2px solid #000000) none]
        RenderTableSection {THEAD} at (1,1) size 250x29 [border: none (6px solid #000000) none]
          RenderTableRow {TR} at (0,0) size 250x29 [border: (2px solid #000000)]
            RenderTableCell {TH} at (0,0) size 90x29 [border: (1px none #000000) none (3px none #000000)] [r=0 c=0 rs=1 cs=1]
              RenderText {#text} at (23,3) size 45x21
                text run at (23,3) width 45: "Player"
            RenderTableCell {TH} at (90,0) size 80x29 [border: (1px none #000000) none (3px none #000000)] [r=0 c=1 rs=1 cs=1]
              RenderText {#text} at (10,3) size 60x21
                text run at (10,3) width 60: "Ranking"
            RenderTableCell {TH} at (170,0) size 80x29 [border: (1px none #000000)] [r=0 c=2 rs=1 cs=1]
              RenderText {#text} at (14,3) size 51x21
                text run at (14,3) width 51: "Record"
        RenderTableSection {TBODY} at (1,30) size 250x104
          RenderTableRow {TR} at (0,0) size 250x29 [border: (2px solid #000000)]
            RenderTableCell {TD} at (0,0) size 90x29 [border: (3px none #000000)] [r=0 c=0 rs=1 cs=1]
              RenderText {#text} at (3,5) size 80x21
                text run at (3,5) width 80: "Steve Clark"
            RenderTableCell {TD} at (90,0) size 80x29 [border: (3px none #000000)] [r=0 c=1 rs=1 cs=1]
              RenderText {#text} at (36,5) size 9x21
                text run at (36,5) width 9: "1"
            RenderTableCell {TD} at (170,0) size 80x29 [border: (3px none #000000)] [r=0 c=2 rs=1 cs=1]
              RenderText {#text} at (25,5) size 30x21
                text run at (25,5) width 30: "77-0"
          RenderTableRow {TR} at (0,29) size 250x27 [border: (2px solid #000000)]
            RenderTableCell {TD} at (0,29) size 90x27 [border: (1px none #000000)] [r=1 c=0 rs=1 cs=1]
              RenderText {#text} at (3,3) size 76x21
                text run at (3,3) width 76: "Cliff Swain"
            RenderTableCell {TD} at (90,29) size 80x27 [border: (1px none #000000)] [r=1 c=1 rs=1 cs=1]
              RenderText {#text} at (36,3) size 9x21
                text run at (36,3) width 9: "2"
            RenderTableCell {TD} at (170,29) size 80x27 [border: (1px none #000000)] [r=1 c=2 rs=1 cs=1]
              RenderText {#text} at (21,3) size 38x21
                text run at (21,3) width 38: "67-10"
          RenderTableRow {TR} at (0,56) size 250x48 [border: (2px solid #000000)]
            RenderTableCell {TD} at (0,56) size 90x48 [border: (1px none #000000)] [r=2 c=0 rs=1 cs=1]
              RenderText {#text} at (3,3) size 45x42
                text run at (3,3) width 43: "Marty"
                text run at (3,24) width 45: "Hogan"
            RenderTableCell {TD} at (90,66) size 80x27 [border: (1px none #000000)] [r=2 c=1 rs=1 cs=1]
              RenderText {#text} at (36,3) size 9x21
                text run at (36,3) width 9: "3"
            RenderTableCell {TD} at (170,66) size 80x27 [border: (1px none #000000)] [r=2 c=2 rs=1 cs=1]
              RenderText {#text} at (21,3) size 38x21
                text run at (21,3) width 38: "57-15"
      RenderBlock (anonymous) at (0,880) size 768x21
        RenderBR {BR} at (0,0) size 0x21
      RenderTable {TABLE} at (0,901) size 194x484
        RenderBlock {CAPTION} at (0,442) size 194x42
          RenderText {#text} at (21,0) size 152x42
            text run at (21,0) width 152: "Table 5 has a scrolling"
            text run at (75,21) width 44: "tbody."
        RenderTableSection {THEAD} at (0,0) size 194x20
          RenderTableRow {TR} at (0,2) size 194x16
            RenderTableCell {TD} at (2,2) size 94x16 [r=0 c=0 rs=1 cs=2]
              RenderText {#text} at (1,1) size 47x14
                text run at (1,1) width 47: "HEADER"
        RenderTableSection {TBODY} at (0,20) size 194x402 [border: (1px solid #000000)]
          RenderTableRow {TR} at (0,2) size 194x23
            RenderTableCell {TD} at (2,2) size 46x23 [r=0 c=0 rs=1 cs=1]
              RenderText {#text} at (1,1) size 43x21
                text run at (1,1) width 43: "cell-00"
            RenderTableCell {TD} at (50,2) size 46x23 [r=0 c=1 rs=1 cs=1]
              RenderText {#text} at (1,1) size 43x21
                text run at (1,1) width 43: "cell-01"
            RenderTableCell {TD} at (98,2) size 46x23 [r=0 c=2 rs=1 cs=1]
              RenderText {#text} at (1,1) size 43x21
                text run at (1,1) width 43: "cell-02"
            RenderTableCell {TD} at (146,2) size 46x23 [r=0 c=3 rs=1 cs=1]
              RenderText {#text} at (1,1) size 43x21
                text run at (1,1) width 43: "cell-03"
          RenderTableRow {TR} at (0,27) size 194x23
            RenderTableCell {TD} at (2,27) size 46x23 [r=1 c=0 rs=1 cs=1]
              RenderText {#text} at (1,1) size 43x21
                text run at (1,1) width 43: "cell-10"
            RenderTableCell {TD} at (50,27) size 46x23 [r=1 c=1 rs=1 cs=1]
              RenderText {#text} at (1,1) size 43x21
                text run at (1,1) width 43: "cell-11"
            RenderTableCell {TD} at (98,27) size 46x23 [r=1 c=2 rs=1 cs=1]
              RenderText {#text} at (1,1) size 43x21
                text run at (1,1) width 43: "cell-12"
            RenderTableCell {TD} at (146,27) size 46x23 [r=1 c=3 rs=1 cs=1]
              RenderText {#text} at (1,1) size 43x21
                text run at (1,1) width 43: "cell-13"
          RenderTableRow {TR} at (0,52) size 194x23
            RenderTableCell {TD} at (2,52) size 46x23 [r=2 c=0 rs=1 cs=1]
              RenderText {#text} at (1,1) size 43x21
                text run at (1,1) width 43: "cell-20"
            RenderTableCell {TD} at (50,52) size 46x23 [r=2 c=1 rs=1 cs=1]
              RenderText {#text} at (1,1) size 43x21
                text run at (1,1) width 43: "cell-21"
            RenderTableCell {TD} at (98,52) size 46x23 [r=2 c=2 rs=1 cs=1]
              RenderText {#text} at (1,1) size 43x21
                text run at (1,1) width 43: "cell-22"
            RenderTableCell {TD} at (146,52) size 46x23 [r=2 c=3 rs=1 cs=1]
              RenderText {#text} at (1,1) size 43x21
                text run at (1,1) width 43: "cell-23"
          RenderTableRow {TR} at (0,77) size 194x23
            RenderTableCell {TD} at (2,77) size 46x23 [r=3 c=0 rs=1 cs=1]
              RenderText {#text} at (1,1) size 43x21
                text run at (1,1) width 43: "cell-30"
            RenderTableCell {TD} at (50,77) size 46x23 [r=3 c=1 rs=1 cs=1]
              RenderText {#text} at (1,1) size 43x21
                text run at (1,1) width 43: "cell-31"
            RenderTableCell {TD} at (98,77) size 46x23 [r=3 c=2 rs=1 cs=1]
              RenderText {#text} at (1,1) size 43x21
                text run at (1,1) width 43: "cell-32"
            RenderTableCell {TD} at (146,77) size 46x23 [r=3 c=3 rs=1 cs=1]
              RenderText {#text} at (1,1) size 43x21
                text run at (1,1) width 43: "cell-33"
          RenderTableRow {TR} at (0,102) size 194x23
            RenderTableCell {TD} at (2,102) size 46x23 [r=4 c=0 rs=1 cs=1]
              RenderText {#text} at (1,1) size 43x21
                text run at (1,1) width 43: "cell-40"
            RenderTableCell {TD} at (50,102) size 46x23 [r=4 c=1 rs=1 cs=1]
              RenderText {#text} at (1,1) size 43x21
                text run at (1,1) width 43: "cell-41"
            RenderTableCell {TD} at (98,102) size 46x23 [r=4 c=2 rs=1 cs=1]
              RenderText {#text} at (1,1) size 43x21
                text run at (1,1) width 43: "cell-42"
            RenderTableCell {TD} at (146,102) size 46x23 [r=4 c=3 rs=1 cs=1]
              RenderText {#text} at (1,1) size 43x21
                text run at (1,1) width 43: "cell-43"
          RenderTableRow {TR} at (0,127) size 194x23
            RenderTableCell {TD} at (2,127) size 46x23 [r=5 c=0 rs=1 cs=1]
              RenderText {#text} at (1,1) size 43x21
                text run at (1,1) width 43: "cell-50"
            RenderTableCell {TD} at (50,127) size 46x23 [r=5 c=1 rs=1 cs=1]
              RenderText {#text} at (1,1) size 43x21
                text run at (1,1) width 43: "cell-51"
            RenderTableCell {TD} at (98,127) size 46x23 [r=5 c=2 rs=1 cs=1]
              RenderText {#text} at (1,1) size 43x21
                text run at (1,1) width 43: "cell-52"
            RenderTableCell {TD} at (146,127) size 46x23 [r=5 c=3 rs=1 cs=1]
              RenderText {#text} at (1,1) size 43x21
                text run at (1,1) width 43: "cell-53"
          RenderTableRow {TR} at (0,152) size 194x23
            RenderTableCell {TD} at (2,152) size 46x23 [r=6 c=0 rs=1 cs=1]
              RenderText {#text} at (1,1) size 43x21
                text run at (1,1) width 43: "cell-60"
            RenderTableCell {TD} at (50,152) size 46x23 [r=6 c=1 rs=1 cs=1]
              RenderText {#text} at (1,1) size 43x21
                text run at (1,1) width 43: "cell-61"
            RenderTableCell {TD} at (98,152) size 46x23 [r=6 c=2 rs=1 cs=1]
              RenderText {#text} at (1,1) size 43x21
                text run at (1,1) width 43: "cell-62"
            RenderTableCell {TD} at (146,152) size 46x23 [r=6 c=3 rs=1 cs=1]
              RenderText {#text} at (1,1) size 43x21
                text run at (1,1) width 43: "cell-63"
          RenderTableRow {TR} at (0,177) size 194x23
            RenderTableCell {TD} at (2,177) size 46x23 [r=7 c=0 rs=1 cs=1]
              RenderText {#text} at (1,1) size 43x21
                text run at (1,1) width 43: "cell-70"
            RenderTableCell {TD} at (50,177) size 46x23 [r=7 c=1 rs=1 cs=1]
              RenderText {#text} at (1,1) size 43x21
                text run at (1,1) width 43: "cell-71"
            RenderTableCell {TD} at (98,177) size 46x23 [r=7 c=2 rs=1 cs=1]
              RenderText {#text} at (1,1) size 43x21
                text run at (1,1) width 43: "cell-72"
            RenderTableCell {TD} at (146,177) size 46x23 [r=7 c=3 rs=1 cs=1]
              RenderText {#text} at (1,1) size 43x21
                text run at (1,1) width 43: "cell-73"
          RenderTableRow {TR} at (0,202) size 194x23
            RenderTableCell {TD} at (2,202) size 46x23 [r=8 c=0 rs=1 cs=1]
              RenderText {#text} at (1,1) size 43x21
                text run at (1,1) width 43: "cell-80"
            RenderTableCell {TD} at (50,202) size 46x23 [r=8 c=1 rs=1 cs=1]
              RenderText {#text} at (1,1) size 43x21
                text run at (1,1) width 43: "cell-81"
            RenderTableCell {TD} at (98,202) size 46x23 [r=8 c=2 rs=1 cs=1]
              RenderText {#text} at (1,1) size 43x21
                text run at (1,1) width 43: "cell-82"
            RenderTableCell {TD} at (146,202) size 46x23 [r=8 c=3 rs=1 cs=1]
              RenderText {#text} at (1,1) size 43x21
                text run at (1,1) width 43: "cell-83"
          RenderTableRow {TR} at (0,227) size 194x23
            RenderTableCell {TD} at (2,227) size 46x23 [r=9 c=0 rs=1 cs=1]
              RenderText {#text} at (1,1) size 43x21
                text run at (1,1) width 43: "cell-90"
            RenderTableCell {TD} at (50,227) size 46x23 [r=9 c=1 rs=1 cs=1]
              RenderText {#text} at (1,1) size 43x21
                text run at (1,1) width 43: "cell-91"
            RenderTableCell {TD} at (98,227) size 46x23 [r=9 c=2 rs=1 cs=1]
              RenderText {#text} at (1,1) size 43x21
                text run at (1,1) width 43: "cell-92"
            RenderTableCell {TD} at (146,227) size 46x23 [r=9 c=3 rs=1 cs=1]
              RenderText {#text} at (1,1) size 43x21
                text run at (1,1) width 43: "cell-93"
          RenderTableRow {TR} at (0,252) size 194x23
            RenderTableCell {TD} at (2,252) size 46x23 [r=10 c=0 rs=1 cs=1]
              RenderText {#text} at (1,1) size 43x21
                text run at (1,1) width 43: "cell-a0"
            RenderTableCell {TD} at (50,252) size 46x23 [r=10 c=1 rs=1 cs=1]
              RenderText {#text} at (1,1) size 43x21
                text run at (1,1) width 43: "cell-a1"
            RenderTableCell {TD} at (98,252) size 46x23 [r=10 c=2 rs=1 cs=1]
              RenderText {#text} at (1,1) size 43x21
                text run at (1,1) width 43: "cell-a2"
            RenderTableCell {TD} at (146,252) size 46x23 [r=10 c=3 rs=1 cs=1]
              RenderText {#text} at (1,1) size 43x21
                text run at (1,1) width 43: "cell-a3"
          RenderTableRow {TR} at (0,277) size 194x23
            RenderTableCell {TD} at (2,277) size 46x23 [r=11 c=0 rs=1 cs=1]
              RenderText {#text} at (1,1) size 44x21
                text run at (1,1) width 44: "cell-b0"
            RenderTableCell {TD} at (50,277) size 46x23 [r=11 c=1 rs=1 cs=1]
              RenderText {#text} at (1,1) size 44x21
                text run at (1,1) width 44: "cell-b1"
            RenderTableCell {TD} at (98,277) size 46x23 [r=11 c=2 rs=1 cs=1]
              RenderText {#text} at (1,1) size 44x21
                text run at (1,1) width 44: "cell-b2"
            RenderTableCell {TD} at (146,277) size 46x23 [r=11 c=3 rs=1 cs=1]
              RenderText {#text} at (1,1) size 44x21
                text run at (1,1) width 44: "cell-b3"
          RenderTableRow {TR} at (0,302) size 194x23
            RenderTableCell {TD} at (2,302) size 46x23 [r=12 c=0 rs=1 cs=1]
              RenderText {#text} at (1,1) size 42x21
                text run at (1,1) width 42: "cell-c0"
            RenderTableCell {TD} at (50,302) size 46x23 [r=12 c=1 rs=1 cs=1]
              RenderText {#text} at (1,1) size 42x21
                text run at (1,1) width 42: "cell-c1"
            RenderTableCell {TD} at (98,302) size 46x23 [r=12 c=2 rs=1 cs=1]
              RenderText {#text} at (1,1) size 42x21
                text run at (1,1) width 42: "cell-c2"
            RenderTableCell {TD} at (146,302) size 46x23 [r=12 c=3 rs=1 cs=1]
              RenderText {#text} at (1,1) size 42x21
                text run at (1,1) width 42: "cell-c3"
          RenderTableRow {TR} at (0,327) size 194x23
            RenderTableCell {TD} at (2,327) size 46x23 [r=13 c=0 rs=1 cs=1]
              RenderText {#text} at (1,1) size 44x21
                text run at (1,1) width 44: "cell-d0"
            RenderTableCell {TD} at (50,327) size 46x23 [r=13 c=1 rs=1 cs=1]
              RenderText {#text} at (1,1) size 44x21
                text run at (1,1) width 44: "cell-d1"
            RenderTableCell {TD} at (98,327) size 46x23 [r=13 c=2 rs=1 cs=1]
              RenderText {#text} at (1,1) size 44x21
                text run at (1,1) width 44: "cell-d2"
            RenderTableCell {TD} at (146,327) size 46x23 [r=13 c=3 rs=1 cs=1]
              RenderText {#text} at (1,1) size 44x21
                text run at (1,1) width 44: "cell-d3"
          RenderTableRow {TR} at (0,352) size 194x23
            RenderTableCell {TD} at (2,352) size 46x23 [r=14 c=0 rs=1 cs=1]
              RenderText {#text} at (1,1) size 42x21
                text run at (1,1) width 42: "cell-e0"
            RenderTableCell {TD} at (50,352) size 46x23 [r=14 c=1 rs=1 cs=1]
              RenderText {#text} at (1,1) size 42x21
                text run at (1,1) width 42: "cell-e1"
            RenderTableCell {TD} at (98,352) size 46x23 [r=14 c=2 rs=1 cs=1]
              RenderText {#text} at (1,1) size 42x21
                text run at (1,1) width 42: "cell-e2"
            RenderTableCell {TD} at (146,352) size 46x23 [r=14 c=3 rs=1 cs=1]
              RenderText {#text} at (1,1) size 42x21
                text run at (1,1) width 42: "cell-e3"
          RenderTableRow {TR} at (0,377) size 194x23
            RenderTableCell {TD} at (2,377) size 46x23 [r=15 c=0 rs=1 cs=1]
              RenderText {#text} at (1,1) size 40x21
                text run at (1,1) width 40: "cell-f0"
            RenderTableCell {TD} at (50,377) size 46x23 [r=15 c=1 rs=1 cs=1]
              RenderText {#text} at (1,1) size 40x21
                text run at (1,1) width 40: "cell-f1"
            RenderTableCell {TD} at (98,377) size 46x23 [r=15 c=2 rs=1 cs=1]
              RenderText {#text} at (1,1) size 40x21
                text run at (1,1) width 40: "cell-f2"
            RenderTableCell {TD} at (146,377) size 46x23 [r=15 c=3 rs=1 cs=1]
              RenderText {#text} at (1,1) size 40x21
                text run at (1,1) width 40: "cell-f3"
        RenderTableSection {TFOOT} at (0,422) size 194x20
          RenderTableRow {TR} at (0,2) size 194x16
            RenderTableCell {TD} at (2,2) size 94x16 [r=0 c=0 rs=1 cs=2]
              RenderText {#text} at (1,1) size 47x14
                text run at (1,1) width 47: "FOOTER"
        RenderBlock {CAPTION} at (0,0) size 0x0
          RenderText {#text} at (0,0) size 0x0
      RenderBlock (anonymous) at (0,1385) size 768x42
        RenderBR {BR} at (0,0) size 0x21
        RenderText {#text} at (0,21) size 653x21
          text run at (0,21) width 653: "This is a table formed from a list with display of table-row and list items with display of table-cell."
      RenderTable at (0,1427) size 216x21
        RenderTableSection (anonymous) at (0,0) size 216x21
          RenderTableRow {UL} at (0,0) size 216x21 [bgcolor=#FFA500]
            RenderTableCell {LI} at (0,0) size 35x21 [r=0 c=0 rs=1 cs=1]
              RenderText {#text} at (0,0) size 35x21
                text run at (0,0) width 35: "ONE"
            RenderTableCell {LI} at (35,0) size 39x21 [r=0 c=1 rs=1 cs=1]
              RenderText {#text} at (0,0) size 39x21
                text run at (0,0) width 39: "TWO"
            RenderTableCell {LI} at (74,0) size 57x21 [r=0 c=2 rs=1 cs=1]
              RenderText {#text} at (0,0) size 57x21
                text run at (0,0) width 57: "THREE"
            RenderTableCell {LI} at (131,0) size 46x21 [r=0 c=3 rs=1 cs=1]
              RenderText {#text} at (0,0) size 46x21
                text run at (0,0) width 46: "FOUR"
            RenderTableCell {LI} at (177,0) size 39x21 [r=0 c=4 rs=1 cs=1]
              RenderText {#text} at (0,0) size 39x21
                text run at (0,0) width 39: "FIVE"
      RenderBlock (anonymous) at (0,1448) size 768x42
        RenderBR {BR} at (0,0) size 0x21
        RenderText {#text} at (0,21) size 703x21
          text run at (0,21) width 703: "This is a table formed from a list with display of table-row-group and list items with display of table-cell. "
        RenderBR {BR} at (0,0) size 0x0
      RenderTable at (0,1490) size 243x21
        RenderTableSection {UL} at (0,0) size 243x21
          RenderTableRow (anonymous) at (0,0) size 243x21
            RenderTableCell {LI} at (0,0) size 35x21 [bgcolor=#FFA500] [r=0 c=0 rs=1 cs=1]
              RenderText {#text} at (0,0) size 35x21
                text run at (0,0) width 35: "ONE"
            RenderTableCell {LI} at (35,0) size 39x21 [bgcolor=#FFA500] [r=0 c=1 rs=1 cs=1]
              RenderText {#text} at (0,0) size 39x21
                text run at (0,0) width 39: "TWO"
            RenderTableCell {LI} at (74,0) size 57x21 [bgcolor=#FFA500] [r=0 c=2 rs=1 cs=1]
              RenderText {#text} at (0,0) size 57x21
                text run at (0,0) width 57: "THREE"
            RenderTableCell {LI} at (131,0) size 46x21 [bgcolor=#FFA500] [r=0 c=3 rs=1 cs=1]
              RenderText {#text} at (0,0) size 46x21
                text run at (0,0) width 46: "FOUR"
            RenderTableCell {LI} at (177,0) size 39x21 [bgcolor=#FFA500] [r=0 c=4 rs=1 cs=1]
              RenderText {#text} at (0,0) size 39x21
                text run at (0,0) width 39: "FIVE"
            RenderTableCell {LI} at (216,0) size 27x21 [bgcolor=#FFA500] [r=0 c=5 rs=1 cs=1]
              RenderText {#text} at (0,0) size 27x21
                text run at (0,0) width 27: "SIX"
      RenderBlock (anonymous) at (0,1511) size 768x42
        RenderBR {BR} at (0,0) size 0x21
        RenderText {#text} at (0,21) size 435x21
          text run at (0,21) width 435: "This is like the previous table plus the list's overflow property set"
      RenderTable at (0,1553) size 243x21
        RenderTableSection {UL} at (0,0) size 243x21
          RenderTableRow (anonymous) at (0,0) size 243x21
            RenderTableCell {LI} at (0,0) size 35x21 [bgcolor=#FFA500] [r=0 c=0 rs=1 cs=1]
              RenderText {#text} at (0,0) size 35x21
                text run at (0,0) width 35: "ONE"
            RenderTableCell {LI} at (35,0) size 39x21 [bgcolor=#FFA500] [r=0 c=1 rs=1 cs=1]
              RenderText {#text} at (0,0) size 39x21
                text run at (0,0) width 39: "TWO"
            RenderTableCell {LI} at (74,0) size 57x21 [bgcolor=#FFA500] [r=0 c=2 rs=1 cs=1]
              RenderText {#text} at (0,0) size 57x21
                text run at (0,0) width 57: "THREE"
            RenderTableCell {LI} at (131,0) size 46x21 [bgcolor=#FFA500] [r=0 c=3 rs=1 cs=1]
              RenderText {#text} at (0,0) size 46x21
                text run at (0,0) width 46: "FOUR"
            RenderTableCell {LI} at (177,0) size 39x21 [bgcolor=#FFA500] [r=0 c=4 rs=1 cs=1]
              RenderText {#text} at (0,0) size 39x21
                text run at (0,0) width 39: "FIVE"
            RenderTableCell {LI} at (216,0) size 27x21 [bgcolor=#FFA500] [r=0 c=5 rs=1 cs=1]
              RenderText {#text} at (0,0) size 27x21
                text run at (0,0) width 27: "SIX"
      RenderBlock (anonymous) at (0,1574) size 768x21
        RenderBR {BR} at (0,0) size 0x21
      RenderBlock {P} at (0,1611) size 768x254
        RenderBlock (anonymous) at (0,0) size 768x21
          RenderText {#text} at (0,0) size 454x21
            text run at (0,0) width 454: "The following table will have its rows and columns in red collapsed "
          RenderBR {BR} at (0,0) size 0x0
        RenderTable {TABLE} at (0,21) size 144x106 [bgcolor=#FFA500] [border: (1px outset #808080)]
          RenderBlock {CAPTION} at (0,0) size 142x21
            RenderInline {B} at (0,0) size 44x21
              RenderText {#text} at (49,0) size 44x21
                text run at (49,0) width 44: "before"
          RenderTableCol {COLGROUP} at (0,0) size 0x0
            RenderTableCol {COL} at (0,0) size 0x0
            RenderTableCol {COL} at (0,0) size 0x0
            RenderTableCol {COL} at (0,0) size 0x0
          RenderTableSection {TBODY} at (1,22) size 142x83
            RenderTableRow {TR} at (0,2) size 142x25
              RenderTableCell {TD} at (2,2) size 32x25 [border: (1px inset #808080)] [r=0 c=0 rs=1 cs=1]
                RenderText {#text} at (2,2) size 28x21
                  text run at (2,2) width 28: "C11"
              RenderTableCell {TD} at (36,2) size 32x25 [bgcolor=#FF0000] [border: (1px inset #808080)] [r=0 c=1 rs=1 cs=1]
                RenderText {#text} at (2,2) size 28x21
                  text run at (2,2) width 28: "C12"
              RenderTableCell {TD} at (70,2) size 70x25 [border: (1px inset #808080)] [r=0 c=2 rs=1 cs=1]
                RenderText {#text} at (2,2) size 66x21
                  text run at (2,2) width 66: "C13 large"
            RenderTableRow {TR} at (0,29) size 142x25 [bgcolor=#FF0000]
              RenderTableCell {TD} at (2,29) size 32x25 [border: (1px inset #808080)] [r=1 c=0 rs=1 cs=1]
                RenderText {#text} at (2,2) size 28x21
                  text run at (2,2) width 28: "C21"
              RenderTableCell {TD} at (36,29) size 32x25 [border: (1px inset #808080)] [r=1 c=1 rs=1 cs=1]
                RenderText {#text} at (2,2) size 28x21
                  text run at (2,2) width 28: "C22"
              RenderTableCell {TD} at (70,29) size 70x25 [border: (1px inset #808080)] [r=1 c=2 rs=1 cs=1]
                RenderText {#text} at (2,2) size 28x21
                  text run at (2,2) width 28: "C23"
            RenderTableRow {TR} at (0,56) size 142x25
              RenderTableCell {TD} at (2,56) size 32x25 [border: (1px inset #808080)] [r=2 c=0 rs=1 cs=1]
                RenderText {#text} at (2,2) size 28x21
                  text run at (2,2) width 28: "C31"
              RenderTableCell {TD} at (36,56) size 32x25 [bgcolor=#FF0000] [border: (1px inset #808080)] [r=2 c=1 rs=1 cs=1]
                RenderText {#text} at (2,2) size 28x21
                  text run at (2,2) width 28: "C32"
              RenderTableCell {TD} at (70,56) size 70x25 [border: (1px inset #808080)] [r=2 c=2 rs=1 cs=1]
                RenderText {#text} at (2,2) size 28x21
                  text run at (2,2) width 28: "C33"
        RenderBlock (anonymous) at (0,127) size 768x21
          RenderBR {BR} at (0,0) size 0x21
        RenderTable {TABLE} at (0,148) size 144x106 [bgcolor=#FFA500] [border: (1px outset #808080)]
          RenderBlock {CAPTION} at (0,0) size 142x21
            RenderInline {B} at (0,0) size 32x21
              RenderText {#text} at (55,0) size 32x21
                text run at (55,0) width 32: "after"
          RenderTableCol {COLGROUP} at (0,0) size 0x0
            RenderTableCol {COL} at (0,0) size 0x0
            RenderTableCol {COL} at (0,0) size 0x0
            RenderTableCol {COL} at (0,0) size 0x0
          RenderTableSection {TBODY} at (1,22) size 142x83
            RenderTableRow {TR} at (0,2) size 142x25
              RenderTableCell {TD} at (2,2) size 32x25 [border: (1px inset #808080)] [r=0 c=0 rs=1 cs=1]
                RenderText {#text} at (2,2) size 28x21
                  text run at (2,2) width 28: "C11"
              RenderTableCell {TD} at (36,2) size 32x25 [border: (1px inset #808080)] [r=0 c=1 rs=1 cs=1]
                RenderText {#text} at (2,2) size 28x21
                  text run at (2,2) width 28: "C12"
              RenderTableCell {TD} at (70,2) size 70x25 [border: (1px inset #808080)] [r=0 c=2 rs=1 cs=1]
                RenderText {#text} at (2,2) size 66x21
                  text run at (2,2) width 66: "C13 large"
            RenderTableRow {TR} at (0,29) size 142x25
              RenderTableCell {TD} at (2,29) size 32x25 [border: (1px inset #808080)] [r=1 c=0 rs=1 cs=1]
                RenderText {#text} at (2,2) size 28x21
                  text run at (2,2) width 28: "C21"
              RenderTableCell {TD} at (36,29) size 32x25 [border: (1px inset #808080)] [r=1 c=1 rs=1 cs=1]
                RenderText {#text} at (2,2) size 28x21
                  text run at (2,2) width 28: "C22"
              RenderTableCell {TD} at (70,29) size 70x25 [border: (1px inset #808080)] [r=1 c=2 rs=1 cs=1]
                RenderText {#text} at (2,2) size 28x21
                  text run at (2,2) width 28: "C23"
            RenderTableRow {TR} at (0,56) size 142x25
              RenderTableCell {TD} at (2,56) size 32x25 [border: (1px inset #808080)] [r=2 c=0 rs=1 cs=1]
                RenderText {#text} at (2,2) size 28x21
                  text run at (2,2) width 28: "C31"
              RenderTableCell {TD} at (36,56) size 32x25 [border: (1px inset #808080)] [r=2 c=1 rs=1 cs=1]
                RenderText {#text} at (2,2) size 28x21
                  text run at (2,2) width 28: "C32"
              RenderTableCell {TD} at (70,56) size 70x25 [border: (1px inset #808080)] [r=2 c=2 rs=1 cs=1]
                RenderText {#text} at (2,2) size 28x21
                  text run at (2,2) width 28: "C33"
      RenderBlock {P} at (0,1881) size 768x288
        RenderBlock (anonymous) at (0,0) size 768x42
          RenderText {#text} at (0,0) size 719x42
            text run at (0,0) width 719: "The following table will have its 2nd row and 2nd col collapsed. A window resize may be necessary to see it"
            text run at (0,21) width 67: "properly. "
          RenderBR {BR} at (67,37) size 0x0
        RenderTable {TABLE} at (0,42) size 194x123 [bgcolor=#FFA500] [border: (1px outset #808080)]
          RenderBlock {CAPTION} at (0,0) size 192x21
            RenderInline {B} at (0,0) size 44x21
              RenderText {#text} at (74,0) size 44x21
                text run at (74,0) width 44: "before"
          RenderTableCol {COLGROUP} at (0,0) size 0x0
            RenderTableCol {COL} at (0,0) size 0x0
            RenderTableCol {COL} at (0,0) size 0x0
            RenderTableCol {COL} at (0,0) size 0x0
            RenderTableCol {COL} at (0,0) size 0x0
          RenderTableSection {TBODY} at (1,22) size 192x100
            RenderTableRow {TR} at (0,0) size 192x25
              RenderTableCell {TD} at (0,0) size 32x25 [border: (1px inset #808080)] [r=0 c=0 rs=1 cs=1]
                RenderText {#text} at (2,2) size 28x21
                  text run at (2,2) width 28: "C11"
              RenderTableCell {TD} at (32,0) size 64x25 [border: (1px inset #808080)] [r=0 c=1 rs=1 cs=1]
                RenderText {#text} at (2,2) size 28x21
                  text run at (2,2) width 28: "C12"
              RenderTableCell {TD} at (96,0) size 64x25 [border: (1px inset #808080)] [r=0 c=2 rs=1 cs=1]
                RenderText {#text} at (2,2) size 28x21
                  text run at (2,2) width 28: "C13"
              RenderTableCell {TD} at (160,0) size 32x25 [border: (1px inset #808080)] [r=0 c=3 rs=1 cs=1]
                RenderText {#text} at (2,2) size 28x21
                  text run at (2,2) width 28: "C14"
            RenderTableRow {TR} at (0,25) size 192x25
              RenderTableCell {TD} at (0,25) size 32x25 [border: (1px inset #808080)] [r=1 c=0 rs=1 cs=1]
                RenderText {#text} at (2,2) size 28x21
                  text run at (2,2) width 28: "C21"
              RenderTableCell {TD} at (32,37) size 128x25 [border: (1px inset #808080)] [r=1 c=1 rs=2 cs=2]
                RenderText {#text} at (2,2) size 124x21
                  text run at (2,2) width 124: "C12 C13 C22 C23"
              RenderTableCell {TD} at (160,25) size 32x25 [border: (1px inset #808080)] [r=1 c=3 rs=1 cs=1]
                RenderText {#text} at (2,2) size 28x21
                  text run at (2,2) width 28: "C14"
            RenderTableRow {TR} at (0,50) size 192x25
              RenderTableCell {TD} at (0,50) size 32x25 [border: (1px inset #808080)] [r=2 c=0 rs=1 cs=1]
                RenderText {#text} at (2,2) size 28x21
                  text run at (2,2) width 28: "C31"
              RenderTableCell {TD} at (160,50) size 32x25 [border: (1px inset #808080)] [r=2 c=3 rs=1 cs=1]
                RenderText {#text} at (2,2) size 28x21
                  text run at (2,2) width 28: "C34"
            RenderTableRow {TR} at (0,75) size 192x25
              RenderTableCell {TD} at (0,75) size 32x25 [border: (1px inset #808080)] [r=3 c=0 rs=1 cs=1]
                RenderText {#text} at (2,2) size 28x21
                  text run at (2,2) width 28: "C41"
              RenderTableCell {TD} at (32,75) size 64x25 [border: (1px inset #808080)] [r=3 c=1 rs=1 cs=1]
                RenderText {#text} at (2,2) size 28x21
                  text run at (2,2) width 28: "C42"
              RenderTableCell {TD} at (96,75) size 64x25 [border: (1px inset #808080)] [r=3 c=2 rs=1 cs=1]
                RenderText {#text} at (2,2) size 28x21
                  text run at (2,2) width 28: "C43"
              RenderTableCell {TD} at (160,75) size 32x25 [border: (1px inset #808080)] [r=3 c=3 rs=1 cs=1]
                RenderText {#text} at (2,2) size 28x21
                  text run at (2,2) width 28: "C44"
        RenderTable {TABLE} at (0,165) size 194x123 [bgcolor=#FFA500] [border: (1px outset #808080)]
          RenderBlock {CAPTION} at (0,0) size 192x21
            RenderInline {B} at (0,0) size 32x21
              RenderText {#text} at (80,0) size 32x21
                text run at (80,0) width 32: "after"
          RenderTableCol {COLGROUP} at (0,0) size 0x0
            RenderTableCol {COL} at (0,0) size 0x0
            RenderTableCol {COL} at (0,0) size 0x0
            RenderTableCol {COL} at (0,0) size 0x0
            RenderTableCol {COL} at (0,0) size 0x0
          RenderTableSection {TBODY} at (1,22) size 192x100
            RenderTableRow {TR} at (0,0) size 192x25
              RenderTableCell {TD} at (0,0) size 32x25 [border: (1px inset #808080)] [r=0 c=0 rs=1 cs=1]
                RenderText {#text} at (2,2) size 28x21
                  text run at (2,2) width 28: "C11"
              RenderTableCell {TD} at (32,0) size 64x25 [border: (1px inset #808080)] [r=0 c=1 rs=1 cs=1]
                RenderText {#text} at (2,2) size 28x21
                  text run at (2,2) width 28: "C12"
              RenderTableCell {TD} at (96,0) size 64x25 [border: (1px inset #808080)] [r=0 c=2 rs=1 cs=1]
                RenderText {#text} at (2,2) size 28x21
                  text run at (2,2) width 28: "C13"
              RenderTableCell {TD} at (160,0) size 32x25 [border: (1px inset #808080)] [r=0 c=3 rs=1 cs=1]
                RenderText {#text} at (2,2) size 28x21
                  text run at (2,2) width 28: "C14"
            RenderTableRow {TR} at (0,25) size 192x25
              RenderTableCell {TD} at (0,25) size 32x25 [border: (1px inset #808080)] [r=1 c=0 rs=1 cs=1]
                RenderText {#text} at (2,2) size 28x21
                  text run at (2,2) width 28: "C21"
              RenderTableCell {TD} at (32,37) size 128x25 [border: (1px inset #808080)] [r=1 c=1 rs=2 cs=2]
                RenderText {#text} at (2,2) size 124x21
                  text run at (2,2) width 124: "C12 C13 C22 C23"
              RenderTableCell {TD} at (160,25) size 32x25 [border: (1px inset #808080)] [r=1 c=3 rs=1 cs=1]
                RenderText {#text} at (2,2) size 28x21
                  text run at (2,2) width 28: "C14"
            RenderTableRow {TR} at (0,50) size 192x25
              RenderTableCell {TD} at (0,50) size 32x25 [border: (1px inset #808080)] [r=2 c=0 rs=1 cs=1]
                RenderText {#text} at (2,2) size 28x21
                  text run at (2,2) width 28: "C31"
              RenderTableCell {TD} at (160,50) size 32x25 [border: (1px inset #808080)] [r=2 c=3 rs=1 cs=1]
                RenderText {#text} at (2,2) size 28x21
                  text run at (2,2) width 28: "C34"
            RenderTableRow {TR} at (0,75) size 192x25
              RenderTableCell {TD} at (0,75) size 32x25 [border: (1px inset #808080)] [r=3 c=0 rs=1 cs=1]
                RenderText {#text} at (2,2) size 28x21
                  text run at (2,2) width 28: "C41"
              RenderTableCell {TD} at (32,75) size 64x25 [border: (1px inset #808080)] [r=3 c=1 rs=1 cs=1]
                RenderText {#text} at (2,2) size 28x21
                  text run at (2,2) width 28: "C42"
              RenderTableCell {TD} at (96,75) size 64x25 [border: (1px inset #808080)] [r=3 c=2 rs=1 cs=1]
                RenderText {#text} at (2,2) size 28x21
                  text run at (2,2) width 28: "C43"
              RenderTableCell {TD} at (160,75) size 32x25 [border: (1px inset #808080)] [r=3 c=3 rs=1 cs=1]
                RenderText {#text} at (2,2) size 28x21
                  text run at (2,2) width 28: "C44"
      RenderBlock {P} at (0,2185) size 768x309
        RenderBlock (anonymous) at (0,0) size 768x21
          RenderText {#text} at (0,0) size 483x21
            text run at (0,0) width 483: "The following table will have its 1st row group collapsed (rows 1 and 2) "
          RenderBR {BR} at (483,16) size 0x0
        RenderTable {TABLE} at (0,21) size 130x123 [bgcolor=#FFA500] [border: (1px outset #808080)]
          RenderBlock {CAPTION} at (0,0) size 128x21
            RenderInline {B} at (0,0) size 44x21
              RenderText {#text} at (42,0) size 44x21
                text run at (42,0) width 44: "before"
          RenderTableSection {TBODY} at (1,22) size 128x50 [bgcolor=#FF0000]
            RenderTableRow {TR} at (0,0) size 128x25
              RenderTableCell {TD} at (0,0) size 32x25 [border: (1px inset #808080)] [r=0 c=0 rs=1 cs=1]
                RenderText {#text} at (2,2) size 28x21
                  text run at (2,2) width 28: "C11"
              RenderTableCell {TD} at (32,0) size 32x25 [border: (1px inset #808080)] [r=0 c=1 rs=1 cs=1]
                RenderText {#text} at (2,2) size 28x21
                  text run at (2,2) width 28: "C12"
              RenderTableCell {TD} at (64,0) size 32x25 [border: (1px inset #808080)] [r=0 c=2 rs=1 cs=1]
                RenderText {#text} at (2,2) size 28x21
                  text run at (2,2) width 28: "C13"
              RenderTableCell {TD} at (96,0) size 32x25 [border: (1px inset #808080)] [r=0 c=3 rs=1 cs=1]
                RenderText {#text} at (2,2) size 28x21
                  text run at (2,2) width 28: "C14"
            RenderTableRow {TR} at (0,25) size 128x25
              RenderTableCell {TD} at (0,25) size 32x25 [border: (1px inset #808080)] [r=1 c=0 rs=1 cs=1]
                RenderText {#text} at (2,2) size 28x21
                  text run at (2,2) width 28: "C21"
              RenderTableCell {TD} at (32,25) size 32x25 [border: (1px inset #808080)] [r=1 c=1 rs=1 cs=1]
                RenderText {#text} at (2,2) size 28x21
                  text run at (2,2) width 28: "C22"
              RenderTableCell {TD} at (64,25) size 32x25 [border: (1px inset #808080)] [r=1 c=2 rs=1 cs=1]
                RenderText {#text} at (2,2) size 28x21
                  text run at (2,2) width 28: "C23"
              RenderTableCell {TD} at (96,25) size 32x25 [border: (1px inset #808080)] [r=1 c=3 rs=1 cs=1]
                RenderText {#text} at (2,2) size 28x21
                  text run at (2,2) width 28: "C24"
          RenderTableSection {TBODY} at (1,72) size 128x50
            RenderTableRow {TR} at (0,0) size 128x25
              RenderTableCell {TD} at (0,0) size 32x25 [border: (1px inset #808080)] [r=0 c=0 rs=1 cs=1]
                RenderText {#text} at (2,2) size 28x21
                  text run at (2,2) width 28: "C31"
              RenderTableCell {TD} at (32,0) size 32x25 [border: (1px inset #808080)] [r=0 c=1 rs=1 cs=1]
                RenderText {#text} at (2,2) size 28x21
                  text run at (2,2) width 28: "C32"
              RenderTableCell {TD} at (64,0) size 32x25 [border: (1px inset #808080)] [r=0 c=2 rs=1 cs=1]
                RenderText {#text} at (2,2) size 28x21
                  text run at (2,2) width 28: "C33"
              RenderTableCell {TD} at (96,0) size 32x25 [border: (1px inset #808080)] [r=0 c=3 rs=1 cs=1]
                RenderText {#text} at (2,2) size 28x21
                  text run at (2,2) width 28: "C34"
            RenderTableRow {TR} at (0,25) size 128x25
              RenderTableCell {TD} at (0,25) size 32x25 [border: (1px inset #808080)] [r=1 c=0 rs=1 cs=1]
                RenderText {#text} at (2,2) size 28x21
                  text run at (2,2) width 28: "C41"
              RenderTableCell {TD} at (32,25) size 32x25 [border: (1px inset #808080)] [r=1 c=1 rs=1 cs=1]
                RenderText {#text} at (2,2) size 28x21
                  text run at (2,2) width 28: "C42"
              RenderTableCell {TD} at (64,25) size 32x25 [border: (1px inset #808080)] [r=1 c=2 rs=1 cs=1]
                RenderText {#text} at (2,2) size 28x21
                  text run at (2,2) width 28: "C43"
              RenderTableCell {TD} at (96,25) size 32x25 [border: (1px inset #808080)] [r=1 c=3 rs=1 cs=1]
                RenderText {#text} at (2,2) size 28x21
                  text run at (2,2) width 28: "C44"
        RenderBlock (anonymous) at (0,144) size 768x21
          RenderBR {BR} at (0,0) size 0x21
        RenderTable {TABLE} at (0,165) size 130x123 [bgcolor=#FFA500] [border: (1px outset #808080)]
          RenderBlock {CAPTION} at (0,0) size 128x21
            RenderInline {B} at (0,0) size 32x21
              RenderText {#text} at (48,0) size 32x21
                text run at (48,0) width 32: "after"
          RenderTableSection {TBODY} at (1,22) size 128x50
            RenderTableRow {TR} at (0,0) size 128x25
              RenderTableCell {TD} at (0,0) size 32x25 [border: (1px inset #808080)] [r=0 c=0 rs=1 cs=1]
                RenderText {#text} at (2,2) size 28x21
                  text run at (2,2) width 28: "C11"
              RenderTableCell {TD} at (32,0) size 32x25 [border: (1px inset #808080)] [r=0 c=1 rs=1 cs=1]
                RenderText {#text} at (2,2) size 28x21
                  text run at (2,2) width 28: "C12"
              RenderTableCell {TD} at (64,0) size 32x25 [border: (1px inset #808080)] [r=0 c=2 rs=1 cs=1]
                RenderText {#text} at (2,2) size 28x21
                  text run at (2,2) width 28: "C13"
              RenderTableCell {TD} at (96,0) size 32x25 [border: (1px inset #808080)] [r=0 c=3 rs=1 cs=1]
                RenderText {#text} at (2,2) size 28x21
                  text run at (2,2) width 28: "C14"
            RenderTableRow {TR} at (0,25) size 128x25
              RenderTableCell {TD} at (0,25) size 32x25 [border: (1px inset #808080)] [r=1 c=0 rs=1 cs=1]
                RenderText {#text} at (2,2) size 28x21
                  text run at (2,2) width 28: "C21"
              RenderTableCell {TD} at (32,25) size 32x25 [border: (1px inset #808080)] [r=1 c=1 rs=1 cs=1]
                RenderText {#text} at (2,2) size 28x21
                  text run at (2,2) width 28: "C22"
              RenderTableCell {TD} at (64,25) size 32x25 [border: (1px inset #808080)] [r=1 c=2 rs=1 cs=1]
                RenderText {#text} at (2,2) size 28x21
                  text run at (2,2) width 28: "C23"
              RenderTableCell {TD} at (96,25) size 32x25 [border: (1px inset #808080)] [r=1 c=3 rs=1 cs=1]
                RenderText {#text} at (2,2) size 28x21
                  text run at (2,2) width 28: "C24"
          RenderTableSection {TBODY} at (1,72) size 128x50
            RenderTableRow {TR} at (0,0) size 128x25
              RenderTableCell {TD} at (0,0) size 32x25 [border: (1px inset #808080)] [r=0 c=0 rs=1 cs=1]
                RenderText {#text} at (2,2) size 28x21
                  text run at (2,2) width 28: "C31"
              RenderTableCell {TD} at (32,0) size 32x25 [border: (1px inset #808080)] [r=0 c=1 rs=1 cs=1]
                RenderText {#text} at (2,2) size 28x21
                  text run at (2,2) width 28: "C32"
              RenderTableCell {TD} at (64,0) size 32x25 [border: (1px inset #808080)] [r=0 c=2 rs=1 cs=1]
                RenderText {#text} at (2,2) size 28x21
                  text run at (2,2) width 28: "C33"
              RenderTableCell {TD} at (96,0) size 32x25 [border: (1px inset #808080)] [r=0 c=3 rs=1 cs=1]
                RenderText {#text} at (2,2) size 28x21
                  text run at (2,2) width 28: "C34"
            RenderTableRow {TR} at (0,25) size 128x25
              RenderTableCell {TD} at (0,25) size 32x25 [border: (1px inset #808080)] [r=1 c=0 rs=1 cs=1]
                RenderText {#text} at (2,2) size 28x21
                  text run at (2,2) width 28: "C41"
              RenderTableCell {TD} at (32,25) size 32x25 [border: (1px inset #808080)] [r=1 c=1 rs=1 cs=1]
                RenderText {#text} at (2,2) size 28x21
                  text run at (2,2) width 28: "C42"
              RenderTableCell {TD} at (64,25) size 32x25 [border: (1px inset #808080)] [r=1 c=2 rs=1 cs=1]
                RenderText {#text} at (2,2) size 28x21
                  text run at (2,2) width 28: "C43"
              RenderTableCell {TD} at (96,25) size 32x25 [border: (1px inset #808080)] [r=1 c=3 rs=1 cs=1]
                RenderText {#text} at (2,2) size 28x21
                  text run at (2,2) width 28: "C44"
        RenderBlock (anonymous) at (0,288) size 768x21
          RenderBR {BR} at (0,0) size 0x21
      RenderBlock {P} at (0,2510) size 768x288
        RenderBlock (anonymous) at (0,0) size 768x42
          RenderText {#text} at (0,0) size 747x42
            text run at (0,0) width 592: "The following table is similar to a previous table except that the direction is right-to-left. "
            text run at (592,0) width 155: "It will have its 2nd row"
            text run at (0,21) width 512: "and 2nd col collapsed. A window resize may be necessary to see it properly. "
          RenderBR {BR} at (512,37) size 0x0
        RenderTable {TABLE} at (0,42) size 194x123 [bgcolor=#FFA500] [border: (1px outset #808080)]
          RenderBlock {CAPTION} at (0,0) size 192x21
            RenderInline {B} at (0,0) size 44x21
              RenderText {#text} at (74,0) size 44x21
                text run at (74,0) width 44: "before"
          RenderTableCol {COLGROUP} at (0,0) size 0x0
            RenderTableCol {COL} at (0,0) size 0x0
            RenderTableCol {COL} at (0,0) size 0x0
            RenderTableCol {COL} at (0,0) size 0x0
            RenderTableCol {COL} at (0,0) size 0x0
          RenderTableSection {TBODY} at (1,22) size 192x100
            RenderTableRow {TR} at (0,0) size 192x25
              RenderTableCell {TD} at (160,0) size 32x25 [border: (1px inset #808080)] [r=0 c=0 rs=1 cs=1]
                RenderText {#text} at (2,2) size 28x21
                  text run at (2,2) width 28: "C11"
              RenderTableCell {TD} at (96,0) size 64x25 [border: (1px inset #808080)] [r=0 c=1 rs=1 cs=1]
                RenderText {#text} at (34,2) size 28x21
                  text run at (34,2) width 28: "C12"
              RenderTableCell {TD} at (32,0) size 64x25 [border: (1px inset #808080)] [r=0 c=2 rs=1 cs=1]
                RenderText {#text} at (34,2) size 28x21
                  text run at (34,2) width 28: "C13"
              RenderTableCell {TD} at (0,0) size 32x25 [border: (1px inset #808080)] [r=0 c=3 rs=1 cs=1]
                RenderText {#text} at (2,2) size 28x21
                  text run at (2,2) width 28: "C14"
            RenderTableRow {TR} at (0,25) size 192x25
              RenderTableCell {TD} at (160,25) size 32x25 [border: (1px inset #808080)] [r=1 c=0 rs=1 cs=1]
                RenderText {#text} at (2,2) size 28x21
                  text run at (2,2) width 28: "C21"
              RenderTableCell {TD} at (32,37) size 128x25 [border: (1px inset #808080)] [r=1 c=1 rs=2 cs=2]
                RenderText {#text} at (2,2) size 124x21
                  text run at (2,2) width 124: "C12 C13 C22 C23"
              RenderTableCell {TD} at (0,25) size 32x25 [border: (1px inset #808080)] [r=1 c=3 rs=1 cs=1]
                RenderText {#text} at (2,2) size 28x21
                  text run at (2,2) width 28: "C14"
            RenderTableRow {TR} at (0,50) size 192x25
              RenderTableCell {TD} at (160,50) size 32x25 [border: (1px inset #808080)] [r=2 c=0 rs=1 cs=1]
                RenderText {#text} at (2,2) size 28x21
                  text run at (2,2) width 28: "C31"
              RenderTableCell {TD} at (0,50) size 32x25 [border: (1px inset #808080)] [r=2 c=3 rs=1 cs=1]
                RenderText {#text} at (2,2) size 28x21
                  text run at (2,2) width 28: "C34"
            RenderTableRow {TR} at (0,75) size 192x25
              RenderTableCell {TD} at (160,75) size 32x25 [border: (1px inset #808080)] [r=3 c=0 rs=1 cs=1]
                RenderText {#text} at (2,2) size 28x21
                  text run at (2,2) width 28: "C41"
              RenderTableCell {TD} at (96,75) size 64x25 [border: (1px inset #808080)] [r=3 c=1 rs=1 cs=1]
                RenderText {#text} at (34,2) size 28x21
                  text run at (34,2) width 28: "C42"
              RenderTableCell {TD} at (32,75) size 64x25 [border: (1px inset #808080)] [r=3 c=2 rs=1 cs=1]
                RenderText {#text} at (34,2) size 28x21
                  text run at (34,2) width 28: "C43"
              RenderTableCell {TD} at (0,75) size 32x25 [border: (1px inset #808080)] [r=3 c=3 rs=1 cs=1]
                RenderText {#text} at (2,2) size 28x21
                  text run at (2,2) width 28: "C44"
        RenderTable {TABLE} at (0,165) size 194x123 [bgcolor=#FFA500] [border: (1px outset #808080)]
          RenderBlock {CAPTION} at (0,0) size 192x21
            RenderInline {B} at (0,0) size 32x21
              RenderText {#text} at (80,0) size 32x21
                text run at (80,0) width 32: "after"
          RenderTableCol {COLGROUP} at (0,0) size 0x0
            RenderTableCol {COL} at (0,0) size 0x0
            RenderTableCol {COL} at (0,0) size 0x0
            RenderTableCol {COL} at (0,0) size 0x0
            RenderTableCol {COL} at (0,0) size 0x0
          RenderTableSection {TBODY} at (1,22) size 192x100
            RenderTableRow {TR} at (0,0) size 192x25
              RenderTableCell {TD} at (160,0) size 32x25 [border: (1px inset #808080)] [r=0 c=0 rs=1 cs=1]
                RenderText {#text} at (2,2) size 28x21
                  text run at (2,2) width 28: "C11"
              RenderTableCell {TD} at (96,0) size 64x25 [border: (1px inset #808080)] [r=0 c=1 rs=1 cs=1]
                RenderText {#text} at (34,2) size 28x21
                  text run at (34,2) width 28: "C12"
              RenderTableCell {TD} at (32,0) size 64x25 [border: (1px inset #808080)] [r=0 c=2 rs=1 cs=1]
                RenderText {#text} at (34,2) size 28x21
                  text run at (34,2) width 28: "C13"
              RenderTableCell {TD} at (0,0) size 32x25 [border: (1px inset #808080)] [r=0 c=3 rs=1 cs=1]
                RenderText {#text} at (2,2) size 28x21
                  text run at (2,2) width 28: "C14"
            RenderTableRow {TR} at (0,25) size 192x25
              RenderTableCell {TD} at (160,25) size 32x25 [border: (1px inset #808080)] [r=1 c=0 rs=1 cs=1]
                RenderText {#text} at (2,2) size 28x21
                  text run at (2,2) width 28: "C21"
              RenderTableCell {TD} at (32,37) size 128x25 [border: (1px inset #808080)] [r=1 c=1 rs=2 cs=2]
                RenderText {#text} at (2,2) size 124x21
                  text run at (2,2) width 124: "C12 C13 C22 C23"
              RenderTableCell {TD} at (0,25) size 32x25 [border: (1px inset #808080)] [r=1 c=3 rs=1 cs=1]
                RenderText {#text} at (2,2) size 28x21
                  text run at (2,2) width 28: "C14"
            RenderTableRow {TR} at (0,50) size 192x25
              RenderTableCell {TD} at (160,50) size 32x25 [border: (1px inset #808080)] [r=2 c=0 rs=1 cs=1]
                RenderText {#text} at (2,2) size 28x21
                  text run at (2,2) width 28: "C31"
              RenderTableCell {TD} at (0,50) size 32x25 [border: (1px inset #808080)] [r=2 c=3 rs=1 cs=1]
                RenderText {#text} at (2,2) size 28x21
                  text run at (2,2) width 28: "C34"
            RenderTableRow {TR} at (0,75) size 192x25
              RenderTableCell {TD} at (160,75) size 32x25 [border: (1px inset #808080)] [r=3 c=0 rs=1 cs=1]
                RenderText {#text} at (2,2) size 28x21
                  text run at (2,2) width 28: "C41"
              RenderTableCell {TD} at (96,75) size 64x25 [border: (1px inset #808080)] [r=3 c=1 rs=1 cs=1]
                RenderText {#text} at (34,2) size 28x21
                  text run at (34,2) width 28: "C42"
              RenderTableCell {TD} at (32,75) size 64x25 [border: (1px inset #808080)] [r=3 c=2 rs=1 cs=1]
                RenderText {#text} at (34,2) size 28x21
                  text run at (34,2) width 28: "C43"
              RenderTableCell {TD} at (0,75) size 32x25 [border: (1px inset #808080)] [r=3 c=3 rs=1 cs=1]
                RenderText {#text} at (2,2) size 28x21
                  text run at (2,2) width 28: "C44"
