layer at (0,0) size 800x600
  RenderView at (0,0) size 800x600
layer at (0,0) size 800x96
  RenderBlock {HTML} at (0,0) size 800x96
    RenderBody {BODY} at (8,16) size 784x64
      RenderBlock {UL} at (0,0) size 784x64
        RenderListItem {LI} at (40,0) size 744x64
          RenderBlock {FORM} at (0,0) size 744x29
            RenderBlock {P} at (0,0) size 744x29
              RenderListMarker at (-18,5) size 7x19: bullet
              RenderTextControl {INPUT} at (2,2) size 374x25 [bgcolor=#FFFFFF] [border: (2px inset #000000)]
              RenderText {#text} at (0,0) size 0x0
          RenderBlock {P} at (0,45) size 744x19
            RenderText {#text} at (0,0) size 332x19
              text run at (0,0) width 332: "There should be an input field above this line of text."
layer at (53,21) size 368x19
  RenderBlock {DIV} at (3,3) size 368x19
    RenderText {#text} at (1,0) size 75x19
      text run at (1,0) width 75: "blah blubb"
