layer at (0,0) size 781x607
  RenderView at (0,0) size 781x600
layer at (0,0) size 781x607
  RenderBlock {HTML} at (0,0) size 781x607
    RenderBody {BODY} at (8,8) size 765x583
      RenderBlock {H2} at (0,0) size 765x28
        RenderText {#text} at (0,0) size 509x28
          text run at (0,0) width 509: "The following lists have list-style-position: outside"
      RenderBlock {P} at (0,47) size 765x19
        RenderInline {U} at (0,0) size 105x19
          RenderText {#text} at (0,0) size 105x19
            text run at (0,0) width 105: "text-align: center"
      RenderBlock {UL} at (0,82) size 765x57
        RenderListItem {LI} at (40,0) size 725x19
          RenderListMarker at (243,0) size 7x19: bullet
          RenderText {#text} at (261,0) size 203x19
            text run at (261,0) width 203: "Earl Grey Tea - A fine black tea"
        RenderListItem {LI} at (40,19) size 725x19
          RenderListMarker at (209,0) size 7x19: bullet
          RenderText {#text} at (227,0) size 270x19
            text run at (227,0) width 270: "Jasmine Tea - A fabulous \"all purpose\" tea"
        RenderListItem {LI} at (40,38) size 725x19
          RenderListMarker at (209,0) size 7x19: bullet
          RenderText {#text} at (227,0) size 271x19
            text run at (227,0) width 271: "Honeybush Tea - A super fruity delight tea"
      RenderBlock (anonymous) at (0,155) size 765x19
        RenderBR {BR} at (0,0) size 0x19
      RenderBlock {P} at (0,190) size 765x19
        RenderInline {U} at (0,0) size 96x19
          RenderText {#text} at (0,0) size 96x19
            text run at (0,0) width 96: "text-align: right"
      RenderBlock {UL} at (0,225) size 765x57
        RenderListItem {LI} at (40,0) size 725x19
          RenderListMarker at (504,0) size 7x19: bullet
          RenderText {#text} at (522,0) size 203x19
            text run at (522,0) width 203: "Earl Grey Tea - A fine black tea"
        RenderListItem {LI} at (40,19) size 725x19
          RenderListMarker at (437,0) size 7x19: bullet
          RenderText {#text} at (455,0) size 270x19
            text run at (455,0) width 270: "Jasmine Tea - A fabulous \"all purpose\" tea"
        RenderListItem {LI} at (40,38) size 725x19
          RenderListMarker at (436,0) size 7x19: bullet
          RenderText {#text} at (454,0) size 271x19
            text run at (454,0) width 271: "Honeybush Tea - A super fruity delight tea"
      RenderBlock {H2} at (0,301) size 765x28
        RenderText {#text} at (0,0) size 509x28
          text run at (0,0) width 509: "The following lists have list-style-position: outside"
      RenderBlock {P} at (0,348) size 765x19
        RenderInline {U} at (0,0) size 105x19
          RenderText {#text} at (0,0) size 105x19
            text run at (0,0) width 105: "text-align: center"
      RenderBlock {UL} at (0,383) size 765x57
        RenderListItem {LI} at (40,0) size 725x19
          RenderListMarker at (243,0) size 7x19: bullet
          RenderText {#text} at (261,0) size 203x19
            text run at (261,0) width 203: "Earl Grey Tea - A fine black tea"
        RenderListItem {LI} at (40,19) size 725x19
          RenderListMarker at (209,0) size 7x19: bullet
          RenderText {#text} at (227,0) size 270x19
            text run at (227,0) width 270: "Jasmine Tea - A fabulous \"all purpose\" tea"
        RenderListItem {LI} at (40,38) size 725x19
          RenderListMarker at (209,0) size 7x19: bullet
          RenderText {#text} at (227,0) size 271x19
            text run at (227,0) width 271: "Honeybush Tea - A super fruity delight tea"
      RenderBlock (anonymous) at (0,456) size 765x19
        RenderBR {BR} at (0,0) size 0x19
      RenderBlock {P} at (0,491) size 765x19
        RenderInline {U} at (0,0) size 96x19
          RenderText {#text} at (0,0) size 96x19
            text run at (0,0) width 96: "text-align: right"
      RenderBlock {UL} at (0,526) size 765x57
        RenderListItem {LI} at (40,0) size 725x19
          RenderListMarker at (504,0) size 7x19: bullet
          RenderText {#text} at (522,0) size 203x19
            text run at (522,0) width 203: "Earl Grey Tea - A fine black tea"
        RenderListItem {LI} at (40,19) size 725x19
          RenderListMarker at (437,0) size 7x19: bullet
          RenderText {#text} at (455,0) size 270x19
            text run at (455,0) width 270: "Jasmine Tea - A fabulous \"all purpose\" tea"
        RenderListItem {LI} at (40,38) size 725x19
          RenderListMarker at (436,0) size 7x19: bullet
          RenderText {#text} at (454,0) size 271x19
            text run at (454,0) width 271: "Honeybush Tea - A super fruity delight tea"
