layer at (0,0) size 781x13382
  RenderView at (0,0) size 781x600
layer at (0,0) size 781x13382
  RenderBlock {HTML} at (0,0) size 781x13126
    RenderBody {BODY} at (8,8) size 765x13099
      RenderBlock {H1} at (0,0) size 765x42
        RenderText {#text} at (0,0) size 437x42
          text run at (0,0) width 437: "CSS3 Alphabetic list-style-types"
      RenderBlock {P} at (0,63) size 765x80
        RenderText {#text} at (0,0) size 482x20
          text run at (0,0) width 482: "This tests that all of the alphabetic CSS3 list-style-types are supported as per "
        RenderInline {A} at (0,0) size 270x20 [color=#0000EE]
          RenderText {#text} at (482,0) size 270x20
            text run at (482,0) width 270: "section 4.4 of the spec. CSS3 Lists module"
        RenderText {#text} at (0,20) size 747x60
          text run at (0,20) width 747: "(Draft 7 November 2002). This test PASSED if the list item matches its bullet for every list item (below). For example,"
          text run at (0,40) width 727: "for the upper-greek alphabet the third <li> (which corresponds to Gamma in the lexicographic ordering of the upper"
          text run at (0,60) width 278: "greek alphabet) should be rendered as: \x{393}. \x{393}."
      RenderBlock {P} at (0,159) size 765x20
        RenderText {#text} at (0,0) size 403x20
          text run at (0,0) width 355: "Note, some list-style-types may use a suffix other than a "
          text run at (355,0) width 48: "dot ('.')."
      RenderBlock {DIV} at (0,198) size 765x33
        RenderBlock {H2} at (0,0) size 765x33
          RenderText {#text} at (0,0) size 43x33
            text run at (0,0) width 43: "afar"
        RenderBlock (floating) {OL} at (0,68) size 64x180
          RenderListItem {LI} at (40,0) size 4x20
            RenderListMarker at (-17,0) size 12x20: "\x{1200}"
            RenderText {#text} at (0,0) size 4x20
              text run at (0,0) width 4: "\x{1200}"
          RenderListItem {LI} at (40,20) size 4x20
            RenderListMarker at (-17,0) size 12x20: "\x{1208}"
            RenderText {#text} at (0,0) size 4x20
              text run at (0,0) width 4: "\x{1208}"
          RenderListItem {LI} at (40,40) size 4x20
            RenderListMarker at (-17,0) size 12x20: "\x{1210}"
            RenderText {#text} at (0,0) size 4x20
              text run at (0,0) width 4: "\x{1210}"
          RenderListItem {LI} at (40,60) size 4x20
            RenderListMarker at (-17,0) size 12x20: "\x{1218}"
            RenderText {#text} at (0,0) size 4x20
              text run at (0,0) width 4: "\x{1218}"
          RenderListItem {LI} at (40,80) size 4x20
            RenderListMarker at (-17,0) size 12x20: "\x{1228}"
            RenderText {#text} at (0,0) size 4x20
              text run at (0,0) width 4: "\x{1228}"
          RenderListItem {LI} at (40,100) size 4x20
            RenderListMarker at (-17,0) size 12x20: "\x{1230}"
            RenderText {#text} at (0,0) size 4x20
              text run at (0,0) width 4: "\x{1230}"
          RenderListItem {LI} at (40,120) size 4x20
            RenderListMarker at (-17,0) size 12x20: "\x{1260}"
            RenderText {#text} at (0,0) size 4x20
              text run at (0,0) width 4: "\x{1260}"
          RenderListItem {LI} at (40,140) size 4x20
            RenderListMarker at (-17,0) size 12x20: "\x{1270}"
            RenderText {#text} at (0,0) size 4x20
              text run at (0,0) width 4: "\x{1270}"
          RenderListItem {LI} at (40,160) size 4x20
            RenderListMarker at (-17,0) size 12x20: "\x{1290}"
            RenderText {#text} at (0,0) size 4x20
              text run at (0,0) width 4: "\x{1290}"
        RenderBlock (floating) {OL} at (64,68) size 64x180
          RenderListItem {LI} at (40,0) size 4x20
            RenderListMarker at (-17,0) size 12x20: "\x{12A0}"
            RenderText {#text} at (0,0) size 4x20
              text run at (0,0) width 4: "\x{12A0}"
          RenderListItem {LI} at (40,20) size 4x20
            RenderListMarker at (-17,0) size 12x20: "\x{12A8}"
            RenderText {#text} at (0,0) size 4x20
              text run at (0,0) width 4: "\x{12A8}"
          RenderListItem {LI} at (40,40) size 4x20
            RenderListMarker at (-17,0) size 12x20: "\x{12C8}"
            RenderText {#text} at (0,0) size 4x20
              text run at (0,0) width 4: "\x{12C8}"
          RenderListItem {LI} at (40,60) size 4x20
            RenderListMarker at (-17,0) size 12x20: "\x{12D0}"
            RenderText {#text} at (0,0) size 4x20
              text run at (0,0) width 4: "\x{12D0}"
          RenderListItem {LI} at (40,80) size 4x20
            RenderListMarker at (-17,0) size 12x20: "\x{12E8}"
            RenderText {#text} at (0,0) size 4x20
              text run at (0,0) width 4: "\x{12E8}"
          RenderListItem {LI} at (40,100) size 4x20
            RenderListMarker at (-17,0) size 12x20: "\x{12F0}"
            RenderText {#text} at (0,0) size 4x20
              text run at (0,0) width 4: "\x{12F0}"
          RenderListItem {LI} at (40,120) size 4x20
            RenderListMarker at (-17,0) size 12x20: "\x{1308}"
            RenderText {#text} at (0,0) size 4x20
              text run at (0,0) width 4: "\x{1308}"
          RenderListItem {LI} at (40,140) size 4x20
            RenderListMarker at (-17,0) size 12x20: "\x{1338}"
            RenderText {#text} at (0,0) size 4x20
              text run at (0,0) width 4: "\x{1338}"
          RenderListItem {LI} at (40,160) size 4x20
            RenderListMarker at (-17,0) size 12x20: "\x{1348}"
            RenderText {#text} at (0,0) size 4x20
              text run at (0,0) width 4: "\x{1348}"
      RenderBlock {DIV} at (0,250) size 765x245
        RenderBlock {H2} at (0,212) size 765x33
          RenderText {#text} at (0,0) size 248x33
            text run at (0,0) width 248: "ethiopic-halehame-aa-et"
        RenderBlock (floating) {OL} at (0,280) size 64x180
          RenderListItem {LI} at (40,0) size 4x20
            RenderListMarker at (-17,0) size 12x20: "\x{1200}"
            RenderText {#text} at (0,0) size 4x20
              text run at (0,0) width 4: "\x{1200}"
          RenderListItem {LI} at (40,20) size 4x20
            RenderListMarker at (-17,0) size 12x20: "\x{1208}"
            RenderText {#text} at (0,0) size 4x20
              text run at (0,0) width 4: "\x{1208}"
          RenderListItem {LI} at (40,40) size 4x20
            RenderListMarker at (-17,0) size 12x20: "\x{1210}"
            RenderText {#text} at (0,0) size 4x20
              text run at (0,0) width 4: "\x{1210}"
          RenderListItem {LI} at (40,60) size 4x20
            RenderListMarker at (-17,0) size 12x20: "\x{1218}"
            RenderText {#text} at (0,0) size 4x20
              text run at (0,0) width 4: "\x{1218}"
          RenderListItem {LI} at (40,80) size 4x20
            RenderListMarker at (-17,0) size 12x20: "\x{1228}"
            RenderText {#text} at (0,0) size 4x20
              text run at (0,0) width 4: "\x{1228}"
          RenderListItem {LI} at (40,100) size 4x20
            RenderListMarker at (-17,0) size 12x20: "\x{1230}"
            RenderText {#text} at (0,0) size 4x20
              text run at (0,0) width 4: "\x{1230}"
          RenderListItem {LI} at (40,120) size 4x20
            RenderListMarker at (-17,0) size 12x20: "\x{1260}"
            RenderText {#text} at (0,0) size 4x20
              text run at (0,0) width 4: "\x{1260}"
          RenderListItem {LI} at (40,140) size 4x20
            RenderListMarker at (-17,0) size 12x20: "\x{1270}"
            RenderText {#text} at (0,0) size 4x20
              text run at (0,0) width 4: "\x{1270}"
          RenderListItem {LI} at (40,160) size 4x20
            RenderListMarker at (-17,0) size 12x20: "\x{1290}"
            RenderText {#text} at (0,0) size 4x20
              text run at (0,0) width 4: "\x{1290}"
        RenderBlock (floating) {OL} at (64,280) size 64x180
          RenderListItem {LI} at (40,0) size 4x20
            RenderListMarker at (-17,0) size 12x20: "\x{12A0}"
            RenderText {#text} at (0,0) size 4x20
              text run at (0,0) width 4: "\x{12A0}"
          RenderListItem {LI} at (40,20) size 4x20
            RenderListMarker at (-17,0) size 12x20: "\x{12A8}"
            RenderText {#text} at (0,0) size 4x20
              text run at (0,0) width 4: "\x{12A8}"
          RenderListItem {LI} at (40,40) size 4x20
            RenderListMarker at (-17,0) size 12x20: "\x{12C8}"
            RenderText {#text} at (0,0) size 4x20
              text run at (0,0) width 4: "\x{12C8}"
          RenderListItem {LI} at (40,60) size 4x20
            RenderListMarker at (-17,0) size 12x20: "\x{12D0}"
            RenderText {#text} at (0,0) size 4x20
              text run at (0,0) width 4: "\x{12D0}"
          RenderListItem {LI} at (40,80) size 4x20
            RenderListMarker at (-17,0) size 12x20: "\x{12E8}"
            RenderText {#text} at (0,0) size 4x20
              text run at (0,0) width 4: "\x{12E8}"
          RenderListItem {LI} at (40,100) size 4x20
            RenderListMarker at (-17,0) size 12x20: "\x{12F0}"
            RenderText {#text} at (0,0) size 4x20
              text run at (0,0) width 4: "\x{12F0}"
          RenderListItem {LI} at (40,120) size 4x20
            RenderListMarker at (-17,0) size 12x20: "\x{1308}"
            RenderText {#text} at (0,0) size 4x20
              text run at (0,0) width 4: "\x{1308}"
          RenderListItem {LI} at (40,140) size 4x20
            RenderListMarker at (-17,0) size 12x20: "\x{1338}"
            RenderText {#text} at (0,0) size 4x20
              text run at (0,0) width 4: "\x{1338}"
          RenderListItem {LI} at (40,160) size 4x20
            RenderListMarker at (-17,0) size 12x20: "\x{1348}"
            RenderText {#text} at (0,0) size 4x20
              text run at (0,0) width 4: "\x{1348}"
      RenderBlock {DIV} at (0,514) size 765x245
        RenderBlock {H2} at (0,212) size 765x33
          RenderText {#text} at (0,0) size 251x33
            text run at (0,0) width 251: "ethiopic-halehame-aa-er"
        RenderBlock (floating) {OL} at (0,280) size 64x180
          RenderListItem {LI} at (40,0) size 4x20
            RenderListMarker at (-17,0) size 12x20: "\x{1200}"
            RenderText {#text} at (0,0) size 4x20
              text run at (0,0) width 4: "\x{1200}"
          RenderListItem {LI} at (40,20) size 4x20
            RenderListMarker at (-17,0) size 12x20: "\x{1208}"
            RenderText {#text} at (0,0) size 4x20
              text run at (0,0) width 4: "\x{1208}"
          RenderListItem {LI} at (40,40) size 4x20
            RenderListMarker at (-17,0) size 12x20: "\x{1210}"
            RenderText {#text} at (0,0) size 4x20
              text run at (0,0) width 4: "\x{1210}"
          RenderListItem {LI} at (40,60) size 4x20
            RenderListMarker at (-17,0) size 12x20: "\x{1218}"
            RenderText {#text} at (0,0) size 4x20
              text run at (0,0) width 4: "\x{1218}"
          RenderListItem {LI} at (40,80) size 4x20
            RenderListMarker at (-17,0) size 12x20: "\x{1228}"
            RenderText {#text} at (0,0) size 4x20
              text run at (0,0) width 4: "\x{1228}"
          RenderListItem {LI} at (40,100) size 4x20
            RenderListMarker at (-17,0) size 12x20: "\x{1230}"
            RenderText {#text} at (0,0) size 4x20
              text run at (0,0) width 4: "\x{1230}"
          RenderListItem {LI} at (40,120) size 4x20
            RenderListMarker at (-17,0) size 12x20: "\x{1260}"
            RenderText {#text} at (0,0) size 4x20
              text run at (0,0) width 4: "\x{1260}"
          RenderListItem {LI} at (40,140) size 4x20
            RenderListMarker at (-17,0) size 12x20: "\x{1270}"
            RenderText {#text} at (0,0) size 4x20
              text run at (0,0) width 4: "\x{1270}"
          RenderListItem {LI} at (40,160) size 4x20
            RenderListMarker at (-17,0) size 12x20: "\x{1290}"
            RenderText {#text} at (0,0) size 4x20
              text run at (0,0) width 4: "\x{1290}"
        RenderBlock (floating) {OL} at (64,280) size 64x180
          RenderListItem {LI} at (40,0) size 4x20
            RenderListMarker at (-17,0) size 12x20: "\x{12A0}"
            RenderText {#text} at (0,0) size 4x20
              text run at (0,0) width 4: "\x{12A0}"
          RenderListItem {LI} at (40,20) size 4x20
            RenderListMarker at (-17,0) size 12x20: "\x{12A8}"
            RenderText {#text} at (0,0) size 4x20
              text run at (0,0) width 4: "\x{12A8}"
          RenderListItem {LI} at (40,40) size 4x20
            RenderListMarker at (-17,0) size 12x20: "\x{12C8}"
            RenderText {#text} at (0,0) size 4x20
              text run at (0,0) width 4: "\x{12C8}"
          RenderListItem {LI} at (40,60) size 4x20
            RenderListMarker at (-17,0) size 12x20: "\x{12D0}"
            RenderText {#text} at (0,0) size 4x20
              text run at (0,0) width 4: "\x{12D0}"
          RenderListItem {LI} at (40,80) size 4x20
            RenderListMarker at (-17,0) size 12x20: "\x{12E8}"
            RenderText {#text} at (0,0) size 4x20
              text run at (0,0) width 4: "\x{12E8}"
          RenderListItem {LI} at (40,100) size 4x20
            RenderListMarker at (-17,0) size 12x20: "\x{12F0}"
            RenderText {#text} at (0,0) size 4x20
              text run at (0,0) width 4: "\x{12F0}"
          RenderListItem {LI} at (40,120) size 4x20
            RenderListMarker at (-17,0) size 12x20: "\x{1308}"
            RenderText {#text} at (0,0) size 4x20
              text run at (0,0) width 4: "\x{1308}"
          RenderListItem {LI} at (40,140) size 4x20
            RenderListMarker at (-17,0) size 12x20: "\x{1338}"
            RenderText {#text} at (0,0) size 4x20
              text run at (0,0) width 4: "\x{1338}"
          RenderListItem {LI} at (40,160) size 4x20
            RenderListMarker at (-17,0) size 12x20: "\x{1348}"
            RenderText {#text} at (0,0) size 4x20
              text run at (0,0) width 4: "\x{1348}"
      RenderBlock {DIV} at (0,778) size 765x245
        RenderBlock {H2} at (0,212) size 765x33
          RenderText {#text} at (0,0) size 86x33
            text run at (0,0) width 86: "amharic"
        RenderBlock (floating) {OL} at (0,280) size 64x220
          RenderListItem {LI} at (40,0) size 4x20
            RenderListMarker at (-17,0) size 12x20: "\x{1200}"
            RenderText {#text} at (0,0) size 4x20
              text run at (0,0) width 4: "\x{1200}"
          RenderListItem {LI} at (40,20) size 4x20
            RenderListMarker at (-17,0) size 12x20: "\x{1208}"
            RenderText {#text} at (0,0) size 4x20
              text run at (0,0) width 4: "\x{1208}"
          RenderListItem {LI} at (40,40) size 4x20
            RenderListMarker at (-17,0) size 12x20: "\x{1210}"
            RenderText {#text} at (0,0) size 4x20
              text run at (0,0) width 4: "\x{1210}"
          RenderListItem {LI} at (40,60) size 4x20
            RenderListMarker at (-17,0) size 12x20: "\x{1218}"
            RenderText {#text} at (0,0) size 4x20
              text run at (0,0) width 4: "\x{1218}"
          RenderListItem {LI} at (40,80) size 4x20
            RenderListMarker at (-17,0) size 12x20: "\x{1220}"
            RenderText {#text} at (0,0) size 4x20
              text run at (0,0) width 4: "\x{1220}"
          RenderListItem {LI} at (40,100) size 4x20
            RenderListMarker at (-17,0) size 12x20: "\x{1228}"
            RenderText {#text} at (0,0) size 4x20
              text run at (0,0) width 4: "\x{1228}"
          RenderListItem {LI} at (40,120) size 4x20
            RenderListMarker at (-17,0) size 12x20: "\x{1230}"
            RenderText {#text} at (0,0) size 4x20
              text run at (0,0) width 4: "\x{1230}"
          RenderListItem {LI} at (40,140) size 4x20
            RenderListMarker at (-17,0) size 12x20: "\x{1238}"
            RenderText {#text} at (0,0) size 4x20
              text run at (0,0) width 4: "\x{1238}"
          RenderListItem {LI} at (40,160) size 4x20
            RenderListMarker at (-17,0) size 12x20: "\x{1240}"
            RenderText {#text} at (0,0) size 4x20
              text run at (0,0) width 4: "\x{1240}"
          RenderListItem {LI} at (40,180) size 4x20
            RenderListMarker at (-17,0) size 12x20: "\x{1260}"
            RenderText {#text} at (0,0) size 4x20
              text run at (0,0) width 4: "\x{1260}"
          RenderListItem {LI} at (40,200) size 4x20
            RenderListMarker at (-17,0) size 12x20: "\x{1270}"
            RenderText {#text} at (0,0) size 4x20
              text run at (0,0) width 4: "\x{1270}"
        RenderBlock (floating) {OL} at (64,280) size 64x220
          RenderListItem {LI} at (40,0) size 4x20
            RenderListMarker at (-17,0) size 12x20: "\x{1278}"
            RenderText {#text} at (0,0) size 4x20
              text run at (0,0) width 4: "\x{1278}"
          RenderListItem {LI} at (40,20) size 4x20
            RenderListMarker at (-17,0) size 12x20: "\x{1280}"
            RenderText {#text} at (0,0) size 4x20
              text run at (0,0) width 4: "\x{1280}"
          RenderListItem {LI} at (40,40) size 4x20
            RenderListMarker at (-17,0) size 12x20: "\x{1290}"
            RenderText {#text} at (0,0) size 4x20
              text run at (0,0) width 4: "\x{1290}"
          RenderListItem {LI} at (40,60) size 4x20
            RenderListMarker at (-17,0) size 12x20: "\x{1298}"
            RenderText {#text} at (0,0) size 4x20
              text run at (0,0) width 4: "\x{1298}"
          RenderListItem {LI} at (40,80) size 4x20
            RenderListMarker at (-17,0) size 12x20: "\x{12A0}"
            RenderText {#text} at (0,0) size 4x20
              text run at (0,0) width 4: "\x{12A0}"
          RenderListItem {LI} at (40,100) size 4x20
            RenderListMarker at (-17,0) size 12x20: "\x{12A8}"
            RenderText {#text} at (0,0) size 4x20
              text run at (0,0) width 4: "\x{12A8}"
          RenderListItem {LI} at (40,120) size 4x20
            RenderListMarker at (-17,0) size 12x20: "\x{12B8}"
            RenderText {#text} at (0,0) size 4x20
              text run at (0,0) width 4: "\x{12B8}"
          RenderListItem {LI} at (40,140) size 4x20
            RenderListMarker at (-17,0) size 12x20: "\x{12C8}"
            RenderText {#text} at (0,0) size 4x20
              text run at (0,0) width 4: "\x{12C8}"
          RenderListItem {LI} at (40,160) size 4x20
            RenderListMarker at (-17,0) size 12x20: "\x{12D0}"
            RenderText {#text} at (0,0) size 4x20
              text run at (0,0) width 4: "\x{12D0}"
          RenderListItem {LI} at (40,180) size 4x20
            RenderListMarker at (-17,0) size 12x20: "\x{12D8}"
            RenderText {#text} at (0,0) size 4x20
              text run at (0,0) width 4: "\x{12D8}"
          RenderListItem {LI} at (40,200) size 4x20
            RenderListMarker at (-17,0) size 12x20: "\x{12E0}"
            RenderText {#text} at (0,0) size 4x20
              text run at (0,0) width 4: "\x{12E0}"
        RenderBlock (floating) {OL} at (128,280) size 64x220
          RenderListItem {LI} at (40,0) size 4x20
            RenderListMarker at (-17,0) size 12x20: "\x{12E8}"
            RenderText {#text} at (0,0) size 4x20
              text run at (0,0) width 4: "\x{12E8}"
          RenderListItem {LI} at (40,20) size 4x20
            RenderListMarker at (-17,0) size 12x20: "\x{12F0}"
            RenderText {#text} at (0,0) size 4x20
              text run at (0,0) width 4: "\x{12F0}"
          RenderListItem {LI} at (40,40) size 4x20
            RenderListMarker at (-17,0) size 12x20: "\x{1300}"
            RenderText {#text} at (0,0) size 4x20
              text run at (0,0) width 4: "\x{1300}"
          RenderListItem {LI} at (40,60) size 4x20
            RenderListMarker at (-17,0) size 12x20: "\x{1308}"
            RenderText {#text} at (0,0) size 4x20
              text run at (0,0) width 4: "\x{1308}"
          RenderListItem {LI} at (40,80) size 4x20
            RenderListMarker at (-17,0) size 12x20: "\x{1320}"
            RenderText {#text} at (0,0) size 4x20
              text run at (0,0) width 4: "\x{1320}"
          RenderListItem {LI} at (40,100) size 4x20
            RenderListMarker at (-17,0) size 12x20: "\x{1328}"
            RenderText {#text} at (0,0) size 4x20
              text run at (0,0) width 4: "\x{1328}"
          RenderListItem {LI} at (40,120) size 4x20
            RenderListMarker at (-17,0) size 12x20: "\x{1330}"
            RenderText {#text} at (0,0) size 4x20
              text run at (0,0) width 4: "\x{1330}"
          RenderListItem {LI} at (40,140) size 4x20
            RenderListMarker at (-17,0) size 12x20: "\x{1338}"
            RenderText {#text} at (0,0) size 4x20
              text run at (0,0) width 4: "\x{1338}"
          RenderListItem {LI} at (40,160) size 4x20
            RenderListMarker at (-17,0) size 12x20: "\x{1340}"
            RenderText {#text} at (0,0) size 4x20
              text run at (0,0) width 4: "\x{1340}"
          RenderListItem {LI} at (40,180) size 4x20
            RenderListMarker at (-17,0) size 12x20: "\x{1348}"
            RenderText {#text} at (0,0) size 4x20
              text run at (0,0) width 4: "\x{1348}"
          RenderListItem {LI} at (40,200) size 4x20
            RenderListMarker at (-17,0) size 12x20: "\x{1350}"
            RenderText {#text} at (0,0) size 4x20
              text run at (0,0) width 4: "\x{1350}"
      RenderBlock {DIV} at (0,1042) size 765x285
        RenderBlock {H2} at (0,252) size 765x33
          RenderText {#text} at (0,0) size 256x33
            text run at (0,0) width 256: "ethiopic-halehame-am-et"
        RenderBlock (floating) {OL} at (0,320) size 64x220
          RenderListItem {LI} at (40,0) size 4x20
            RenderListMarker at (-17,0) size 12x20: "\x{1200}"
            RenderText {#text} at (0,0) size 4x20
              text run at (0,0) width 4: "\x{1200}"
          RenderListItem {LI} at (40,20) size 4x20
            RenderListMarker at (-17,0) size 12x20: "\x{1208}"
            RenderText {#text} at (0,0) size 4x20
              text run at (0,0) width 4: "\x{1208}"
          RenderListItem {LI} at (40,40) size 4x20
            RenderListMarker at (-17,0) size 12x20: "\x{1210}"
            RenderText {#text} at (0,0) size 4x20
              text run at (0,0) width 4: "\x{1210}"
          RenderListItem {LI} at (40,60) size 4x20
            RenderListMarker at (-17,0) size 12x20: "\x{1218}"
            RenderText {#text} at (0,0) size 4x20
              text run at (0,0) width 4: "\x{1218}"
          RenderListItem {LI} at (40,80) size 4x20
            RenderListMarker at (-17,0) size 12x20: "\x{1220}"
            RenderText {#text} at (0,0) size 4x20
              text run at (0,0) width 4: "\x{1220}"
          RenderListItem {LI} at (40,100) size 4x20
            RenderListMarker at (-17,0) size 12x20: "\x{1228}"
            RenderText {#text} at (0,0) size 4x20
              text run at (0,0) width 4: "\x{1228}"
          RenderListItem {LI} at (40,120) size 4x20
            RenderListMarker at (-17,0) size 12x20: "\x{1230}"
            RenderText {#text} at (0,0) size 4x20
              text run at (0,0) width 4: "\x{1230}"
          RenderListItem {LI} at (40,140) size 4x20
            RenderListMarker at (-17,0) size 12x20: "\x{1238}"
            RenderText {#text} at (0,0) size 4x20
              text run at (0,0) width 4: "\x{1238}"
          RenderListItem {LI} at (40,160) size 4x20
            RenderListMarker at (-17,0) size 12x20: "\x{1240}"
            RenderText {#text} at (0,0) size 4x20
              text run at (0,0) width 4: "\x{1240}"
          RenderListItem {LI} at (40,180) size 4x20
            RenderListMarker at (-17,0) size 12x20: "\x{1260}"
            RenderText {#text} at (0,0) size 4x20
              text run at (0,0) width 4: "\x{1260}"
          RenderListItem {LI} at (40,200) size 4x20
            RenderListMarker at (-17,0) size 12x20: "\x{1270}"
            RenderText {#text} at (0,0) size 4x20
              text run at (0,0) width 4: "\x{1270}"
        RenderBlock (floating) {OL} at (64,320) size 64x220
          RenderListItem {LI} at (40,0) size 4x20
            RenderListMarker at (-17,0) size 12x20: "\x{1278}"
            RenderText {#text} at (0,0) size 4x20
              text run at (0,0) width 4: "\x{1278}"
          RenderListItem {LI} at (40,20) size 4x20
            RenderListMarker at (-17,0) size 12x20: "\x{1280}"
            RenderText {#text} at (0,0) size 4x20
              text run at (0,0) width 4: "\x{1280}"
          RenderListItem {LI} at (40,40) size 4x20
            RenderListMarker at (-17,0) size 12x20: "\x{1290}"
            RenderText {#text} at (0,0) size 4x20
              text run at (0,0) width 4: "\x{1290}"
          RenderListItem {LI} at (40,60) size 4x20
            RenderListMarker at (-17,0) size 12x20: "\x{1298}"
            RenderText {#text} at (0,0) size 4x20
              text run at (0,0) width 4: "\x{1298}"
          RenderListItem {LI} at (40,80) size 4x20
            RenderListMarker at (-17,0) size 12x20: "\x{12A0}"
            RenderText {#text} at (0,0) size 4x20
              text run at (0,0) width 4: "\x{12A0}"
          RenderListItem {LI} at (40,100) size 4x20
            RenderListMarker at (-17,0) size 12x20: "\x{12A8}"
            RenderText {#text} at (0,0) size 4x20
              text run at (0,0) width 4: "\x{12A8}"
          RenderListItem {LI} at (40,120) size 4x20
            RenderListMarker at (-17,0) size 12x20: "\x{12B8}"
            RenderText {#text} at (0,0) size 4x20
              text run at (0,0) width 4: "\x{12B8}"
          RenderListItem {LI} at (40,140) size 4x20
            RenderListMarker at (-17,0) size 12x20: "\x{12C8}"
            RenderText {#text} at (0,0) size 4x20
              text run at (0,0) width 4: "\x{12C8}"
          RenderListItem {LI} at (40,160) size 4x20
            RenderListMarker at (-17,0) size 12x20: "\x{12D0}"
            RenderText {#text} at (0,0) size 4x20
              text run at (0,0) width 4: "\x{12D0}"
          RenderListItem {LI} at (40,180) size 4x20
            RenderListMarker at (-17,0) size 12x20: "\x{12D8}"
            RenderText {#text} at (0,0) size 4x20
              text run at (0,0) width 4: "\x{12D8}"
          RenderListItem {LI} at (40,200) size 4x20
            RenderListMarker at (-17,0) size 12x20: "\x{12E0}"
            RenderText {#text} at (0,0) size 4x20
              text run at (0,0) width 4: "\x{12E0}"
        RenderBlock (floating) {OL} at (128,320) size 64x220
          RenderListItem {LI} at (40,0) size 4x20
            RenderListMarker at (-17,0) size 12x20: "\x{12E8}"
            RenderText {#text} at (0,0) size 4x20
              text run at (0,0) width 4: "\x{12E8}"
          RenderListItem {LI} at (40,20) size 4x20
            RenderListMarker at (-17,0) size 12x20: "\x{12F0}"
            RenderText {#text} at (0,0) size 4x20
              text run at (0,0) width 4: "\x{12F0}"
          RenderListItem {LI} at (40,40) size 4x20
            RenderListMarker at (-17,0) size 12x20: "\x{1300}"
            RenderText {#text} at (0,0) size 4x20
              text run at (0,0) width 4: "\x{1300}"
          RenderListItem {LI} at (40,60) size 4x20
            RenderListMarker at (-17,0) size 12x20: "\x{1308}"
            RenderText {#text} at (0,0) size 4x20
              text run at (0,0) width 4: "\x{1308}"
          RenderListItem {LI} at (40,80) size 4x20
            RenderListMarker at (-17,0) size 12x20: "\x{1320}"
            RenderText {#text} at (0,0) size 4x20
              text run at (0,0) width 4: "\x{1320}"
          RenderListItem {LI} at (40,100) size 4x20
            RenderListMarker at (-17,0) size 12x20: "\x{1328}"
            RenderText {#text} at (0,0) size 4x20
              text run at (0,0) width 4: "\x{1328}"
          RenderListItem {LI} at (40,120) size 4x20
            RenderListMarker at (-17,0) size 12x20: "\x{1330}"
            RenderText {#text} at (0,0) size 4x20
              text run at (0,0) width 4: "\x{1330}"
          RenderListItem {LI} at (40,140) size 4x20
            RenderListMarker at (-17,0) size 12x20: "\x{1338}"
            RenderText {#text} at (0,0) size 4x20
              text run at (0,0) width 4: "\x{1338}"
          RenderListItem {LI} at (40,160) size 4x20
            RenderListMarker at (-17,0) size 12x20: "\x{1340}"
            RenderText {#text} at (0,0) size 4x20
              text run at (0,0) width 4: "\x{1340}"
          RenderListItem {LI} at (40,180) size 4x20
            RenderListMarker at (-17,0) size 12x20: "\x{1348}"
            RenderText {#text} at (0,0) size 4x20
              text run at (0,0) width 4: "\x{1348}"
          RenderListItem {LI} at (40,200) size 4x20
            RenderListMarker at (-17,0) size 12x20: "\x{1350}"
            RenderText {#text} at (0,0) size 4x20
              text run at (0,0) width 4: "\x{1350}"
      RenderBlock {DIV} at (0,1346) size 765x285
        RenderBlock {H2} at (0,252) size 765x33
          RenderText {#text} at (0,0) size 177x33
            text run at (0,0) width 177: "amharic-abegede"
        RenderBlock (floating) {OL} at (0,320) size 64x220
          RenderListItem {LI} at (40,0) size 4x20
            RenderListMarker at (-17,0) size 12x20: "\x{12A0}"
            RenderText {#text} at (0,0) size 4x20
              text run at (0,0) width 4: "\x{12A0}"
          RenderListItem {LI} at (40,20) size 4x20
            RenderListMarker at (-17,0) size 12x20: "\x{1260}"
            RenderText {#text} at (0,0) size 4x20
              text run at (0,0) width 4: "\x{1260}"
          RenderListItem {LI} at (40,40) size 4x20
            RenderListMarker at (-17,0) size 12x20: "\x{1308}"
            RenderText {#text} at (0,0) size 4x20
              text run at (0,0) width 4: "\x{1308}"
          RenderListItem {LI} at (40,60) size 4x20
            RenderListMarker at (-17,0) size 12x20: "\x{12F0}"
            RenderText {#text} at (0,0) size 4x20
              text run at (0,0) width 4: "\x{12F0}"
          RenderListItem {LI} at (40,80) size 4x20
            RenderListMarker at (-17,0) size 12x20: "\x{1300}"
            RenderText {#text} at (0,0) size 4x20
              text run at (0,0) width 4: "\x{1300}"
          RenderListItem {LI} at (40,100) size 4x20
            RenderListMarker at (-17,0) size 12x20: "\x{1200}"
            RenderText {#text} at (0,0) size 4x20
              text run at (0,0) width 4: "\x{1200}"
          RenderListItem {LI} at (40,120) size 4x20
            RenderListMarker at (-17,0) size 12x20: "\x{12C8}"
            RenderText {#text} at (0,0) size 4x20
              text run at (0,0) width 4: "\x{12C8}"
          RenderListItem {LI} at (40,140) size 4x20
            RenderListMarker at (-17,0) size 12x20: "\x{12D8}"
            RenderText {#text} at (0,0) size 4x20
              text run at (0,0) width 4: "\x{12D8}"
          RenderListItem {LI} at (40,160) size 4x20
            RenderListMarker at (-17,0) size 12x20: "\x{12E0}"
            RenderText {#text} at (0,0) size 4x20
              text run at (0,0) width 4: "\x{12E0}"
          RenderListItem {LI} at (40,180) size 4x20
            RenderListMarker at (-17,0) size 12x20: "\x{1210}"
            RenderText {#text} at (0,0) size 4x20
              text run at (0,0) width 4: "\x{1210}"
          RenderListItem {LI} at (40,200) size 4x20
            RenderListMarker at (-17,0) size 12x20: "\x{1320}"
            RenderText {#text} at (0,0) size 4x20
              text run at (0,0) width 4: "\x{1320}"
        RenderBlock (floating) {OL} at (64,320) size 64x220
          RenderListItem {LI} at (40,0) size 4x20
            RenderListMarker at (-17,0) size 12x20: "\x{1328}"
            RenderText {#text} at (0,0) size 4x20
              text run at (0,0) width 4: "\x{1328}"
          RenderListItem {LI} at (40,20) size 4x20
            RenderListMarker at (-17,0) size 12x20: "\x{12E8}"
            RenderText {#text} at (0,0) size 4x20
              text run at (0,0) width 4: "\x{12E8}"
          RenderListItem {LI} at (40,40) size 4x20
            RenderListMarker at (-17,0) size 12x20: "\x{12A8}"
            RenderText {#text} at (0,0) size 4x20
              text run at (0,0) width 4: "\x{12A8}"
          RenderListItem {LI} at (40,60) size 4x20
            RenderListMarker at (-17,0) size 12x20: "\x{12B8}"
            RenderText {#text} at (0,0) size 4x20
              text run at (0,0) width 4: "\x{12B8}"
          RenderListItem {LI} at (40,80) size 4x20
            RenderListMarker at (-17,0) size 12x20: "\x{1208}"
            RenderText {#text} at (0,0) size 4x20
              text run at (0,0) width 4: "\x{1208}"
          RenderListItem {LI} at (40,100) size 4x20
            RenderListMarker at (-17,0) size 12x20: "\x{1218}"
            RenderText {#text} at (0,0) size 4x20
              text run at (0,0) width 4: "\x{1218}"
          RenderListItem {LI} at (40,120) size 4x20
            RenderListMarker at (-17,0) size 12x20: "\x{1290}"
            RenderText {#text} at (0,0) size 4x20
              text run at (0,0) width 4: "\x{1290}"
          RenderListItem {LI} at (40,140) size 4x20
            RenderListMarker at (-17,0) size 12x20: "\x{1298}"
            RenderText {#text} at (0,0) size 4x20
              text run at (0,0) width 4: "\x{1298}"
          RenderListItem {LI} at (40,160) size 4x20
            RenderListMarker at (-17,0) size 12x20: "\x{1220}"
            RenderText {#text} at (0,0) size 4x20
              text run at (0,0) width 4: "\x{1220}"
          RenderListItem {LI} at (40,180) size 4x20
            RenderListMarker at (-17,0) size 12x20: "\x{12D0}"
            RenderText {#text} at (0,0) size 4x20
              text run at (0,0) width 4: "\x{12D0}"
          RenderListItem {LI} at (40,200) size 4x20
            RenderListMarker at (-17,0) size 12x20: "\x{1348}"
            RenderText {#text} at (0,0) size 4x20
              text run at (0,0) width 4: "\x{1348}"
        RenderBlock (floating) {OL} at (128,320) size 64x220
          RenderListItem {LI} at (40,0) size 4x20
            RenderListMarker at (-17,0) size 12x20: "\x{1338}"
            RenderText {#text} at (0,0) size 4x20
              text run at (0,0) width 4: "\x{1338}"
          RenderListItem {LI} at (40,20) size 4x20
            RenderListMarker at (-17,0) size 12x20: "\x{1240}"
            RenderText {#text} at (0,0) size 4x20
              text run at (0,0) width 4: "\x{1240}"
          RenderListItem {LI} at (40,40) size 4x20
            RenderListMarker at (-17,0) size 12x20: "\x{1228}"
            RenderText {#text} at (0,0) size 4x20
              text run at (0,0) width 4: "\x{1228}"
          RenderListItem {LI} at (40,60) size 4x20
            RenderListMarker at (-17,0) size 12x20: "\x{1230}"
            RenderText {#text} at (0,0) size 4x20
              text run at (0,0) width 4: "\x{1230}"
          RenderListItem {LI} at (40,80) size 4x20
            RenderListMarker at (-17,0) size 12x20: "\x{1238}"
            RenderText {#text} at (0,0) size 4x20
              text run at (0,0) width 4: "\x{1238}"
          RenderListItem {LI} at (40,100) size 4x20
            RenderListMarker at (-17,0) size 12x20: "\x{1270}"
            RenderText {#text} at (0,0) size 4x20
              text run at (0,0) width 4: "\x{1270}"
          RenderListItem {LI} at (40,120) size 4x20
            RenderListMarker at (-17,0) size 12x20: "\x{1278}"
            RenderText {#text} at (0,0) size 4x20
              text run at (0,0) width 4: "\x{1278}"
          RenderListItem {LI} at (40,140) size 4x20
            RenderListMarker at (-17,0) size 12x20: "\x{1280}"
            RenderText {#text} at (0,0) size 4x20
              text run at (0,0) width 4: "\x{1280}"
          RenderListItem {LI} at (40,160) size 4x20
            RenderListMarker at (-17,0) size 12x20: "\x{1340}"
            RenderText {#text} at (0,0) size 4x20
              text run at (0,0) width 4: "\x{1340}"
          RenderListItem {LI} at (40,180) size 4x20
            RenderListMarker at (-17,0) size 12x20: "\x{1330}"
            RenderText {#text} at (0,0) size 4x20
              text run at (0,0) width 4: "\x{1330}"
          RenderListItem {LI} at (40,200) size 4x20
            RenderListMarker at (-17,0) size 12x20: "\x{1350}"
            RenderText {#text} at (0,0) size 4x20
              text run at (0,0) width 4: "\x{1350}"
      RenderBlock {DIV} at (0,1650) size 765x285
        RenderBlock {H2} at (0,252) size 765x33
          RenderText {#text} at (0,0) size 240x33
            text run at (0,0) width 240: "ethiopic-abegede-am-et"
        RenderBlock (floating) {OL} at (0,320) size 64x220
          RenderListItem {LI} at (40,0) size 4x20
            RenderListMarker at (-17,0) size 12x20: "\x{12A0}"
            RenderText {#text} at (0,0) size 4x20
              text run at (0,0) width 4: "\x{12A0}"
          RenderListItem {LI} at (40,20) size 4x20
            RenderListMarker at (-17,0) size 12x20: "\x{1260}"
            RenderText {#text} at (0,0) size 4x20
              text run at (0,0) width 4: "\x{1260}"
          RenderListItem {LI} at (40,40) size 4x20
            RenderListMarker at (-17,0) size 12x20: "\x{1308}"
            RenderText {#text} at (0,0) size 4x20
              text run at (0,0) width 4: "\x{1308}"
          RenderListItem {LI} at (40,60) size 4x20
            RenderListMarker at (-17,0) size 12x20: "\x{12F0}"
            RenderText {#text} at (0,0) size 4x20
              text run at (0,0) width 4: "\x{12F0}"
          RenderListItem {LI} at (40,80) size 4x20
            RenderListMarker at (-17,0) size 12x20: "\x{1300}"
            RenderText {#text} at (0,0) size 4x20
              text run at (0,0) width 4: "\x{1300}"
          RenderListItem {LI} at (40,100) size 4x20
            RenderListMarker at (-17,0) size 12x20: "\x{1200}"
            RenderText {#text} at (0,0) size 4x20
              text run at (0,0) width 4: "\x{1200}"
          RenderListItem {LI} at (40,120) size 4x20
            RenderListMarker at (-17,0) size 12x20: "\x{12C8}"
            RenderText {#text} at (0,0) size 4x20
              text run at (0,0) width 4: "\x{12C8}"
          RenderListItem {LI} at (40,140) size 4x20
            RenderListMarker at (-17,0) size 12x20: "\x{12D8}"
            RenderText {#text} at (0,0) size 4x20
              text run at (0,0) width 4: "\x{12D8}"
          RenderListItem {LI} at (40,160) size 4x20
            RenderListMarker at (-17,0) size 12x20: "\x{12E0}"
            RenderText {#text} at (0,0) size 4x20
              text run at (0,0) width 4: "\x{12E0}"
          RenderListItem {LI} at (40,180) size 4x20
            RenderListMarker at (-17,0) size 12x20: "\x{1210}"
            RenderText {#text} at (0,0) size 4x20
              text run at (0,0) width 4: "\x{1210}"
          RenderListItem {LI} at (40,200) size 4x20
            RenderListMarker at (-17,0) size 12x20: "\x{1320}"
            RenderText {#text} at (0,0) size 4x20
              text run at (0,0) width 4: "\x{1320}"
        RenderBlock (floating) {OL} at (64,320) size 64x220
          RenderListItem {LI} at (40,0) size 4x20
            RenderListMarker at (-17,0) size 12x20: "\x{1328}"
            RenderText {#text} at (0,0) size 4x20
              text run at (0,0) width 4: "\x{1328}"
          RenderListItem {LI} at (40,20) size 4x20
            RenderListMarker at (-17,0) size 12x20: "\x{12E8}"
            RenderText {#text} at (0,0) size 4x20
              text run at (0,0) width 4: "\x{12E8}"
          RenderListItem {LI} at (40,40) size 4x20
            RenderListMarker at (-17,0) size 12x20: "\x{12A8}"
            RenderText {#text} at (0,0) size 4x20
              text run at (0,0) width 4: "\x{12A8}"
          RenderListItem {LI} at (40,60) size 4x20
            RenderListMarker at (-17,0) size 12x20: "\x{12B8}"
            RenderText {#text} at (0,0) size 4x20
              text run at (0,0) width 4: "\x{12B8}"
          RenderListItem {LI} at (40,80) size 4x20
            RenderListMarker at (-17,0) size 12x20: "\x{1208}"
            RenderText {#text} at (0,0) size 4x20
              text run at (0,0) width 4: "\x{1208}"
          RenderListItem {LI} at (40,100) size 4x20
            RenderListMarker at (-17,0) size 12x20: "\x{1218}"
            RenderText {#text} at (0,0) size 4x20
              text run at (0,0) width 4: "\x{1218}"
          RenderListItem {LI} at (40,120) size 4x20
            RenderListMarker at (-17,0) size 12x20: "\x{1290}"
            RenderText {#text} at (0,0) size 4x20
              text run at (0,0) width 4: "\x{1290}"
          RenderListItem {LI} at (40,140) size 4x20
            RenderListMarker at (-17,0) size 12x20: "\x{1298}"
            RenderText {#text} at (0,0) size 4x20
              text run at (0,0) width 4: "\x{1298}"
          RenderListItem {LI} at (40,160) size 4x20
            RenderListMarker at (-17,0) size 12x20: "\x{1220}"
            RenderText {#text} at (0,0) size 4x20
              text run at (0,0) width 4: "\x{1220}"
          RenderListItem {LI} at (40,180) size 4x20
            RenderListMarker at (-17,0) size 12x20: "\x{12D0}"
            RenderText {#text} at (0,0) size 4x20
              text run at (0,0) width 4: "\x{12D0}"
          RenderListItem {LI} at (40,200) size 4x20
            RenderListMarker at (-17,0) size 12x20: "\x{1348}"
            RenderText {#text} at (0,0) size 4x20
              text run at (0,0) width 4: "\x{1348}"
        RenderBlock (floating) {OL} at (128,320) size 64x220
          RenderListItem {LI} at (40,0) size 4x20
            RenderListMarker at (-17,0) size 12x20: "\x{1338}"
            RenderText {#text} at (0,0) size 4x20
              text run at (0,0) width 4: "\x{1338}"
          RenderListItem {LI} at (40,20) size 4x20
            RenderListMarker at (-17,0) size 12x20: "\x{1240}"
            RenderText {#text} at (0,0) size 4x20
              text run at (0,0) width 4: "\x{1240}"
          RenderListItem {LI} at (40,40) size 4x20
            RenderListMarker at (-17,0) size 12x20: "\x{1228}"
            RenderText {#text} at (0,0) size 4x20
              text run at (0,0) width 4: "\x{1228}"
          RenderListItem {LI} at (40,60) size 4x20
            RenderListMarker at (-17,0) size 12x20: "\x{1230}"
            RenderText {#text} at (0,0) size 4x20
              text run at (0,0) width 4: "\x{1230}"
          RenderListItem {LI} at (40,80) size 4x20
            RenderListMarker at (-17,0) size 12x20: "\x{1238}"
            RenderText {#text} at (0,0) size 4x20
              text run at (0,0) width 4: "\x{1238}"
          RenderListItem {LI} at (40,100) size 4x20
            RenderListMarker at (-17,0) size 12x20: "\x{1270}"
            RenderText {#text} at (0,0) size 4x20
              text run at (0,0) width 4: "\x{1270}"
          RenderListItem {LI} at (40,120) size 4x20
            RenderListMarker at (-17,0) size 12x20: "\x{1278}"
            RenderText {#text} at (0,0) size 4x20
              text run at (0,0) width 4: "\x{1278}"
          RenderListItem {LI} at (40,140) size 4x20
            RenderListMarker at (-17,0) size 12x20: "\x{1280}"
            RenderText {#text} at (0,0) size 4x20
              text run at (0,0) width 4: "\x{1280}"
          RenderListItem {LI} at (40,160) size 4x20
            RenderListMarker at (-17,0) size 12x20: "\x{1340}"
            RenderText {#text} at (0,0) size 4x20
              text run at (0,0) width 4: "\x{1340}"
          RenderListItem {LI} at (40,180) size 4x20
            RenderListMarker at (-17,0) size 12x20: "\x{1330}"
            RenderText {#text} at (0,0) size 4x20
              text run at (0,0) width 4: "\x{1330}"
          RenderListItem {LI} at (40,200) size 4x20
            RenderListMarker at (-17,0) size 12x20: "\x{1350}"
            RenderText {#text} at (0,0) size 4x20
              text run at (0,0) width 4: "\x{1350}"
      RenderBlock {DIV} at (0,1954) size 765x285
        RenderBlock {H2} at (0,252) size 765x33
          RenderText {#text} at (0,0) size 195x33
            text run at (0,0) width 195: "cjk-earthly-branch"
        RenderBlock (floating) {OL} at (0,320) size 64x240
          RenderListItem {LI} at (40,0) size 4x20
            RenderListMarker at (-17,0) size 12x20: "\x{5B50}"
            RenderText {#text} at (0,0) size 4x20
              text run at (0,0) width 4: "\x{5B50}"
          RenderListItem {LI} at (40,20) size 4x20
            RenderListMarker at (-17,0) size 12x20: "\x{4E11}"
            RenderText {#text} at (0,0) size 4x20
              text run at (0,0) width 4: "\x{4E11}"
          RenderListItem {LI} at (40,40) size 4x20
            RenderListMarker at (-17,0) size 12x20: "\x{5BC5}"
            RenderText {#text} at (0,0) size 4x20
              text run at (0,0) width 4: "\x{5BC5}"
          RenderListItem {LI} at (40,60) size 4x20
            RenderListMarker at (-17,0) size 12x20: "\x{536F}"
            RenderText {#text} at (0,0) size 4x20
              text run at (0,0) width 4: "\x{536F}"
          RenderListItem {LI} at (40,80) size 4x20
            RenderListMarker at (-17,0) size 12x20: "\x{8FB0}"
            RenderText {#text} at (0,0) size 4x20
              text run at (0,0) width 4: "\x{8FB0}"
          RenderListItem {LI} at (40,100) size 4x20
            RenderListMarker at (-17,0) size 12x20: "\x{5DF3}"
            RenderText {#text} at (0,0) size 4x20
              text run at (0,0) width 4: "\x{5DF3}"
          RenderListItem {LI} at (40,120) size 4x20
            RenderListMarker at (-17,0) size 12x20: "\x{5348}"
            RenderText {#text} at (0,0) size 4x20
              text run at (0,0) width 4: "\x{5348}"
          RenderListItem {LI} at (40,140) size 4x20
            RenderListMarker at (-17,0) size 12x20: "\x{672A}"
            RenderText {#text} at (0,0) size 4x20
              text run at (0,0) width 4: "\x{672A}"
          RenderListItem {LI} at (40,160) size 4x20
            RenderListMarker at (-17,0) size 12x20: "\x{7533}"
            RenderText {#text} at (0,0) size 4x20
              text run at (0,0) width 4: "\x{7533}"
          RenderListItem {LI} at (40,180) size 4x20
            RenderListMarker at (-17,0) size 12x20: "\x{9149}"
            RenderText {#text} at (0,0) size 4x20
              text run at (0,0) width 4: "\x{9149}"
          RenderListItem {LI} at (40,200) size 4x20
            RenderListMarker at (-17,0) size 12x20: "\x{620C}"
            RenderText {#text} at (0,0) size 4x20
              text run at (0,0) width 4: "\x{620C}"
          RenderListItem {LI} at (40,220) size 4x20
            RenderListMarker at (-17,0) size 12x20: "\x{4EA5}"
            RenderText {#text} at (0,0) size 4x20
              text run at (0,0) width 4: "\x{4EA5}"
      RenderBlock {DIV} at (0,2258) size 765x305
        RenderBlock {H2} at (0,272) size 765x33
          RenderText {#text} at (0,0) size 187x33
            text run at (0,0) width 187: "cjk-heavenly-stem"
        RenderBlock (floating) {OL} at (0,340) size 64x200
          RenderListItem {LI} at (40,0) size 4x20
            RenderListMarker at (-17,0) size 12x20: "\x{7532}"
            RenderText {#text} at (0,0) size 4x20
              text run at (0,0) width 4: "\x{7532}"
          RenderListItem {LI} at (40,20) size 4x20
            RenderListMarker at (-17,0) size 12x20: "\x{4E59}"
            RenderText {#text} at (0,0) size 4x20
              text run at (0,0) width 4: "\x{4E59}"
          RenderListItem {LI} at (40,40) size 4x20
            RenderListMarker at (-17,0) size 12x20: "\x{4E19}"
            RenderText {#text} at (0,0) size 4x20
              text run at (0,0) width 4: "\x{4E19}"
          RenderListItem {LI} at (40,60) size 4x20
            RenderListMarker at (-17,0) size 12x20: "\x{4E01}"
            RenderText {#text} at (0,0) size 4x20
              text run at (0,0) width 4: "\x{4E01}"
          RenderListItem {LI} at (40,80) size 4x20
            RenderListMarker at (-17,0) size 12x20: "\x{620A}"
            RenderText {#text} at (0,0) size 4x20
              text run at (0,0) width 4: "\x{620A}"
          RenderListItem {LI} at (40,100) size 4x20
            RenderListMarker at (-17,0) size 12x20: "\x{5DF1}"
            RenderText {#text} at (0,0) size 4x20
              text run at (0,0) width 4: "\x{5DF1}"
          RenderListItem {LI} at (40,120) size 4x20
            RenderListMarker at (-17,0) size 12x20: "\x{5E9A}"
            RenderText {#text} at (0,0) size 4x20
              text run at (0,0) width 4: "\x{5E9A}"
          RenderListItem {LI} at (40,140) size 4x20
            RenderListMarker at (-17,0) size 12x20: "\x{8F9B}"
            RenderText {#text} at (0,0) size 4x20
              text run at (0,0) width 4: "\x{8F9B}"
          RenderListItem {LI} at (40,160) size 4x20
            RenderListMarker at (-17,0) size 12x20: "\x{58EC}"
            RenderText {#text} at (0,0) size 4x20
              text run at (0,0) width 4: "\x{58EC}"
          RenderListItem {LI} at (40,180) size 4x20
            RenderListMarker at (-17,0) size 12x20: "\x{7678}"
            RenderText {#text} at (0,0) size 4x20
              text run at (0,0) width 4: "\x{7678}"
      RenderBlock {DIV} at (0,2582) size 765x265
        RenderBlock {H2} at (0,232) size 765x33
          RenderText {#text} at (0,0) size 82x33
            text run at (0,0) width 82: "ethiopic"
        RenderBlock (floating) {OL} at (0,300) size 64x260
          RenderListItem {LI} at (40,0) size 4x20
            RenderListMarker at (-17,0) size 12x20: "\x{1200}"
            RenderText {#text} at (0,0) size 4x20
              text run at (0,0) width 4: "\x{1200}"
          RenderListItem {LI} at (40,20) size 4x20
            RenderListMarker at (-17,0) size 12x20: "\x{1208}"
            RenderText {#text} at (0,0) size 4x20
              text run at (0,0) width 4: "\x{1208}"
          RenderListItem {LI} at (40,40) size 4x20
            RenderListMarker at (-17,0) size 12x20: "\x{1210}"
            RenderText {#text} at (0,0) size 4x20
              text run at (0,0) width 4: "\x{1210}"
          RenderListItem {LI} at (40,60) size 4x20
            RenderListMarker at (-17,0) size 12x20: "\x{1218}"
            RenderText {#text} at (0,0) size 4x20
              text run at (0,0) width 4: "\x{1218}"
          RenderListItem {LI} at (40,80) size 4x20
            RenderListMarker at (-17,0) size 12x20: "\x{1220}"
            RenderText {#text} at (0,0) size 4x20
              text run at (0,0) width 4: "\x{1220}"
          RenderListItem {LI} at (40,100) size 4x20
            RenderListMarker at (-17,0) size 12x20: "\x{1228}"
            RenderText {#text} at (0,0) size 4x20
              text run at (0,0) width 4: "\x{1228}"
          RenderListItem {LI} at (40,120) size 4x20
            RenderListMarker at (-17,0) size 12x20: "\x{1230}"
            RenderText {#text} at (0,0) size 4x20
              text run at (0,0) width 4: "\x{1230}"
          RenderListItem {LI} at (40,140) size 4x20
            RenderListMarker at (-17,0) size 12x20: "\x{1240}"
            RenderText {#text} at (0,0) size 4x20
              text run at (0,0) width 4: "\x{1240}"
          RenderListItem {LI} at (40,160) size 4x20
            RenderListMarker at (-17,0) size 12x20: "\x{1260}"
            RenderText {#text} at (0,0) size 4x20
              text run at (0,0) width 4: "\x{1260}"
          RenderListItem {LI} at (40,180) size 4x20
            RenderListMarker at (-17,0) size 12x20: "\x{1270}"
            RenderText {#text} at (0,0) size 4x20
              text run at (0,0) width 4: "\x{1270}"
          RenderListItem {LI} at (40,200) size 4x20
            RenderListMarker at (-17,0) size 12x20: "\x{1280}"
            RenderText {#text} at (0,0) size 4x20
              text run at (0,0) width 4: "\x{1280}"
          RenderListItem {LI} at (40,220) size 4x20
            RenderListMarker at (-17,0) size 12x20: "\x{1290}"
            RenderText {#text} at (0,0) size 4x20
              text run at (0,0) width 4: "\x{1290}"
          RenderListItem {LI} at (40,240) size 4x20
            RenderListMarker at (-17,0) size 12x20: "\x{12A0}"
            RenderText {#text} at (0,0) size 4x20
              text run at (0,0) width 4: "\x{12A0}"
        RenderBlock (floating) {OL} at (64,300) size 64x260
          RenderListItem {LI} at (40,0) size 4x20
            RenderListMarker at (-17,0) size 12x20: "\x{12A8}"
            RenderText {#text} at (0,0) size 4x20
              text run at (0,0) width 4: "\x{12A8}"
          RenderListItem {LI} at (40,20) size 4x20
            RenderListMarker at (-17,0) size 12x20: "\x{12C8}"
            RenderText {#text} at (0,0) size 4x20
              text run at (0,0) width 4: "\x{12C8}"
          RenderListItem {LI} at (40,40) size 4x20
            RenderListMarker at (-17,0) size 12x20: "\x{12D0}"
            RenderText {#text} at (0,0) size 4x20
              text run at (0,0) width 4: "\x{12D0}"
          RenderListItem {LI} at (40,60) size 4x20
            RenderListMarker at (-17,0) size 12x20: "\x{12D8}"
            RenderText {#text} at (0,0) size 4x20
              text run at (0,0) width 4: "\x{12D8}"
          RenderListItem {LI} at (40,80) size 4x20
            RenderListMarker at (-17,0) size 12x20: "\x{12E8}"
            RenderText {#text} at (0,0) size 4x20
              text run at (0,0) width 4: "\x{12E8}"
          RenderListItem {LI} at (40,100) size 4x20
            RenderListMarker at (-17,0) size 12x20: "\x{12F0}"
            RenderText {#text} at (0,0) size 4x20
              text run at (0,0) width 4: "\x{12F0}"
          RenderListItem {LI} at (40,120) size 4x20
            RenderListMarker at (-17,0) size 12x20: "\x{1308}"
            RenderText {#text} at (0,0) size 4x20
              text run at (0,0) width 4: "\x{1308}"
          RenderListItem {LI} at (40,140) size 4x20
            RenderListMarker at (-17,0) size 12x20: "\x{1320}"
            RenderText {#text} at (0,0) size 4x20
              text run at (0,0) width 4: "\x{1320}"
          RenderListItem {LI} at (40,160) size 4x20
            RenderListMarker at (-17,0) size 12x20: "\x{1330}"
            RenderText {#text} at (0,0) size 4x20
              text run at (0,0) width 4: "\x{1330}"
          RenderListItem {LI} at (40,180) size 4x20
            RenderListMarker at (-17,0) size 12x20: "\x{1338}"
            RenderText {#text} at (0,0) size 4x20
              text run at (0,0) width 4: "\x{1338}"
          RenderListItem {LI} at (40,200) size 4x20
            RenderListMarker at (-17,0) size 12x20: "\x{1340}"
            RenderText {#text} at (0,0) size 4x20
              text run at (0,0) width 4: "\x{1340}"
          RenderListItem {LI} at (40,220) size 4x20
            RenderListMarker at (-17,0) size 12x20: "\x{1348}"
            RenderText {#text} at (0,0) size 4x20
              text run at (0,0) width 4: "\x{1348}"
          RenderListItem {LI} at (40,240) size 4x20
            RenderListMarker at (-17,0) size 12x20: "\x{1350}"
            RenderText {#text} at (0,0) size 4x20
              text run at (0,0) width 4: "\x{1350}"
      RenderBlock {DIV} at (0,2866) size 765x325
        RenderBlock {H2} at (0,292) size 765x33
          RenderText {#text} at (0,0) size 231x33
            text run at (0,0) width 231: "ethiopic-halehame-gez"
        RenderBlock (floating) {OL} at (0,360) size 64x260
          RenderListItem {LI} at (40,0) size 4x20
            RenderListMarker at (-17,0) size 12x20: "\x{1200}"
            RenderText {#text} at (0,0) size 4x20
              text run at (0,0) width 4: "\x{1200}"
          RenderListItem {LI} at (40,20) size 4x20
            RenderListMarker at (-17,0) size 12x20: "\x{1208}"
            RenderText {#text} at (0,0) size 4x20
              text run at (0,0) width 4: "\x{1208}"
          RenderListItem {LI} at (40,40) size 4x20
            RenderListMarker at (-17,0) size 12x20: "\x{1210}"
            RenderText {#text} at (0,0) size 4x20
              text run at (0,0) width 4: "\x{1210}"
          RenderListItem {LI} at (40,60) size 4x20
            RenderListMarker at (-17,0) size 12x20: "\x{1218}"
            RenderText {#text} at (0,0) size 4x20
              text run at (0,0) width 4: "\x{1218}"
          RenderListItem {LI} at (40,80) size 4x20
            RenderListMarker at (-17,0) size 12x20: "\x{1220}"
            RenderText {#text} at (0,0) size 4x20
              text run at (0,0) width 4: "\x{1220}"
          RenderListItem {LI} at (40,100) size 4x20
            RenderListMarker at (-17,0) size 12x20: "\x{1228}"
            RenderText {#text} at (0,0) size 4x20
              text run at (0,0) width 4: "\x{1228}"
          RenderListItem {LI} at (40,120) size 4x20
            RenderListMarker at (-17,0) size 12x20: "\x{1230}"
            RenderText {#text} at (0,0) size 4x20
              text run at (0,0) width 4: "\x{1230}"
          RenderListItem {LI} at (40,140) size 4x20
            RenderListMarker at (-17,0) size 12x20: "\x{1240}"
            RenderText {#text} at (0,0) size 4x20
              text run at (0,0) width 4: "\x{1240}"
          RenderListItem {LI} at (40,160) size 4x20
            RenderListMarker at (-17,0) size 12x20: "\x{1260}"
            RenderText {#text} at (0,0) size 4x20
              text run at (0,0) width 4: "\x{1260}"
          RenderListItem {LI} at (40,180) size 4x20
            RenderListMarker at (-17,0) size 12x20: "\x{1270}"
            RenderText {#text} at (0,0) size 4x20
              text run at (0,0) width 4: "\x{1270}"
          RenderListItem {LI} at (40,200) size 4x20
            RenderListMarker at (-17,0) size 12x20: "\x{1280}"
            RenderText {#text} at (0,0) size 4x20
              text run at (0,0) width 4: "\x{1280}"
          RenderListItem {LI} at (40,220) size 4x20
            RenderListMarker at (-17,0) size 12x20: "\x{1290}"
            RenderText {#text} at (0,0) size 4x20
              text run at (0,0) width 4: "\x{1290}"
          RenderListItem {LI} at (40,240) size 4x20
            RenderListMarker at (-17,0) size 12x20: "\x{12A0}"
            RenderText {#text} at (0,0) size 4x20
              text run at (0,0) width 4: "\x{12A0}"
        RenderBlock (floating) {OL} at (64,360) size 64x260
          RenderListItem {LI} at (40,0) size 4x20
            RenderListMarker at (-17,0) size 12x20: "\x{12A8}"
            RenderText {#text} at (0,0) size 4x20
              text run at (0,0) width 4: "\x{12A8}"
          RenderListItem {LI} at (40,20) size 4x20
            RenderListMarker at (-17,0) size 12x20: "\x{12C8}"
            RenderText {#text} at (0,0) size 4x20
              text run at (0,0) width 4: "\x{12C8}"
          RenderListItem {LI} at (40,40) size 4x20
            RenderListMarker at (-17,0) size 12x20: "\x{12D0}"
            RenderText {#text} at (0,0) size 4x20
              text run at (0,0) width 4: "\x{12D0}"
          RenderListItem {LI} at (40,60) size 4x20
            RenderListMarker at (-17,0) size 12x20: "\x{12D8}"
            RenderText {#text} at (0,0) size 4x20
              text run at (0,0) width 4: "\x{12D8}"
          RenderListItem {LI} at (40,80) size 4x20
            RenderListMarker at (-17,0) size 12x20: "\x{12E8}"
            RenderText {#text} at (0,0) size 4x20
              text run at (0,0) width 4: "\x{12E8}"
          RenderListItem {LI} at (40,100) size 4x20
            RenderListMarker at (-17,0) size 12x20: "\x{12F0}"
            RenderText {#text} at (0,0) size 4x20
              text run at (0,0) width 4: "\x{12F0}"
          RenderListItem {LI} at (40,120) size 4x20
            RenderListMarker at (-17,0) size 12x20: "\x{1308}"
            RenderText {#text} at (0,0) size 4x20
              text run at (0,0) width 4: "\x{1308}"
          RenderListItem {LI} at (40,140) size 4x20
            RenderListMarker at (-17,0) size 12x20: "\x{1320}"
            RenderText {#text} at (0,0) size 4x20
              text run at (0,0) width 4: "\x{1320}"
          RenderListItem {LI} at (40,160) size 4x20
            RenderListMarker at (-17,0) size 12x20: "\x{1330}"
            RenderText {#text} at (0,0) size 4x20
              text run at (0,0) width 4: "\x{1330}"
          RenderListItem {LI} at (40,180) size 4x20
            RenderListMarker at (-17,0) size 12x20: "\x{1338}"
            RenderText {#text} at (0,0) size 4x20
              text run at (0,0) width 4: "\x{1338}"
          RenderListItem {LI} at (40,200) size 4x20
            RenderListMarker at (-17,0) size 12x20: "\x{1340}"
            RenderText {#text} at (0,0) size 4x20
              text run at (0,0) width 4: "\x{1340}"
          RenderListItem {LI} at (40,220) size 4x20
            RenderListMarker at (-17,0) size 12x20: "\x{1348}"
            RenderText {#text} at (0,0) size 4x20
              text run at (0,0) width 4: "\x{1348}"
          RenderListItem {LI} at (40,240) size 4x20
            RenderListMarker at (-17,0) size 12x20: "\x{1350}"
            RenderText {#text} at (0,0) size 4x20
              text run at (0,0) width 4: "\x{1350}"
      RenderBlock {DIV} at (0,3210) size 765x325
        RenderBlock {H2} at (0,292) size 765x33
          RenderText {#text} at (0,0) size 173x33
            text run at (0,0) width 173: "ethiopic-abegede"
        RenderBlock (floating) {OL} at (0,360) size 64x260
          RenderListItem {LI} at (40,0) size 4x20
            RenderListMarker at (-17,0) size 12x20: "\x{12A0}"
            RenderText {#text} at (0,0) size 4x20
              text run at (0,0) width 4: "\x{12A0}"
          RenderListItem {LI} at (40,20) size 4x20
            RenderListMarker at (-17,0) size 12x20: "\x{1260}"
            RenderText {#text} at (0,0) size 4x20
              text run at (0,0) width 4: "\x{1260}"
          RenderListItem {LI} at (40,40) size 4x20
            RenderListMarker at (-17,0) size 12x20: "\x{1308}"
            RenderText {#text} at (0,0) size 4x20
              text run at (0,0) width 4: "\x{1308}"
          RenderListItem {LI} at (40,60) size 4x20
            RenderListMarker at (-17,0) size 12x20: "\x{12F0}"
            RenderText {#text} at (0,0) size 4x20
              text run at (0,0) width 4: "\x{12F0}"
          RenderListItem {LI} at (40,80) size 4x20
            RenderListMarker at (-17,0) size 12x20: "\x{1200}"
            RenderText {#text} at (0,0) size 4x20
              text run at (0,0) width 4: "\x{1200}"
          RenderListItem {LI} at (40,100) size 4x20
            RenderListMarker at (-17,0) size 12x20: "\x{12C8}"
            RenderText {#text} at (0,0) size 4x20
              text run at (0,0) width 4: "\x{12C8}"
          RenderListItem {LI} at (40,120) size 4x20
            RenderListMarker at (-17,0) size 12x20: "\x{12D8}"
            RenderText {#text} at (0,0) size 4x20
              text run at (0,0) width 4: "\x{12D8}"
          RenderListItem {LI} at (40,140) size 4x20
            RenderListMarker at (-17,0) size 12x20: "\x{1210}"
            RenderText {#text} at (0,0) size 4x20
              text run at (0,0) width 4: "\x{1210}"
          RenderListItem {LI} at (40,160) size 4x20
            RenderListMarker at (-17,0) size 12x20: "\x{1320}"
            RenderText {#text} at (0,0) size 4x20
              text run at (0,0) width 4: "\x{1320}"
          RenderListItem {LI} at (40,180) size 4x20
            RenderListMarker at (-17,0) size 12x20: "\x{12E8}"
            RenderText {#text} at (0,0) size 4x20
              text run at (0,0) width 4: "\x{12E8}"
          RenderListItem {LI} at (40,200) size 4x20
            RenderListMarker at (-17,0) size 12x20: "\x{12A8}"
            RenderText {#text} at (0,0) size 4x20
              text run at (0,0) width 4: "\x{12A8}"
          RenderListItem {LI} at (40,220) size 4x20
            RenderListMarker at (-17,0) size 12x20: "\x{1208}"
            RenderText {#text} at (0,0) size 4x20
              text run at (0,0) width 4: "\x{1208}"
          RenderListItem {LI} at (40,240) size 4x20
            RenderListMarker at (-17,0) size 12x20: "\x{1218}"
            RenderText {#text} at (0,0) size 4x20
              text run at (0,0) width 4: "\x{1218}"
        RenderBlock (floating) {OL} at (64,360) size 64x260
          RenderListItem {LI} at (40,0) size 4x20
            RenderListMarker at (-17,0) size 12x20: "\x{1290}"
            RenderText {#text} at (0,0) size 4x20
              text run at (0,0) width 4: "\x{1290}"
          RenderListItem {LI} at (40,20) size 4x20
            RenderListMarker at (-17,0) size 12x20: "\x{1220}"
            RenderText {#text} at (0,0) size 4x20
              text run at (0,0) width 4: "\x{1220}"
          RenderListItem {LI} at (40,40) size 4x20
            RenderListMarker at (-17,0) size 12x20: "\x{12D0}"
            RenderText {#text} at (0,0) size 4x20
              text run at (0,0) width 4: "\x{12D0}"
          RenderListItem {LI} at (40,60) size 4x20
            RenderListMarker at (-17,0) size 12x20: "\x{1348}"
            RenderText {#text} at (0,0) size 4x20
              text run at (0,0) width 4: "\x{1348}"
          RenderListItem {LI} at (40,80) size 4x20
            RenderListMarker at (-17,0) size 12x20: "\x{1338}"
            RenderText {#text} at (0,0) size 4x20
              text run at (0,0) width 4: "\x{1338}"
          RenderListItem {LI} at (40,100) size 4x20
            RenderListMarker at (-17,0) size 12x20: "\x{1240}"
            RenderText {#text} at (0,0) size 4x20
              text run at (0,0) width 4: "\x{1240}"
          RenderListItem {LI} at (40,120) size 4x20
            RenderListMarker at (-17,0) size 12x20: "\x{1228}"
            RenderText {#text} at (0,0) size 4x20
              text run at (0,0) width 4: "\x{1228}"
          RenderListItem {LI} at (40,140) size 4x20
            RenderListMarker at (-17,0) size 12x20: "\x{1230}"
            RenderText {#text} at (0,0) size 4x20
              text run at (0,0) width 4: "\x{1230}"
          RenderListItem {LI} at (40,160) size 4x20
            RenderListMarker at (-17,0) size 12x20: "\x{1270}"
            RenderText {#text} at (0,0) size 4x20
              text run at (0,0) width 4: "\x{1270}"
          RenderListItem {LI} at (40,180) size 4x20
            RenderListMarker at (-17,0) size 12x20: "\x{1280}"
            RenderText {#text} at (0,0) size 4x20
              text run at (0,0) width 4: "\x{1280}"
          RenderListItem {LI} at (40,200) size 4x20
            RenderListMarker at (-17,0) size 12x20: "\x{1340}"
            RenderText {#text} at (0,0) size 4x20
              text run at (0,0) width 4: "\x{1340}"
          RenderListItem {LI} at (40,220) size 4x20
            RenderListMarker at (-17,0) size 12x20: "\x{1330}"
            RenderText {#text} at (0,0) size 4x20
              text run at (0,0) width 4: "\x{1330}"
          RenderListItem {LI} at (40,240) size 4x20
            RenderListMarker at (-17,0) size 12x20: "\x{1350}"
            RenderText {#text} at (0,0) size 4x20
              text run at (0,0) width 4: "\x{1350}"
      RenderBlock {DIV} at (0,3554) size 765x325
        RenderBlock {H2} at (0,292) size 765x33
          RenderText {#text} at (0,0) size 215x33
            text run at (0,0) width 215: "ethiopic-abegede-gez"
        RenderBlock (floating) {OL} at (0,360) size 64x260
          RenderListItem {LI} at (40,0) size 4x20
            RenderListMarker at (-17,0) size 12x20: "\x{12A0}"
            RenderText {#text} at (0,0) size 4x20
              text run at (0,0) width 4: "\x{12A0}"
          RenderListItem {LI} at (40,20) size 4x20
            RenderListMarker at (-17,0) size 12x20: "\x{1260}"
            RenderText {#text} at (0,0) size 4x20
              text run at (0,0) width 4: "\x{1260}"
          RenderListItem {LI} at (40,40) size 4x20
            RenderListMarker at (-17,0) size 12x20: "\x{1308}"
            RenderText {#text} at (0,0) size 4x20
              text run at (0,0) width 4: "\x{1308}"
          RenderListItem {LI} at (40,60) size 4x20
            RenderListMarker at (-17,0) size 12x20: "\x{12F0}"
            RenderText {#text} at (0,0) size 4x20
              text run at (0,0) width 4: "\x{12F0}"
          RenderListItem {LI} at (40,80) size 4x20
            RenderListMarker at (-17,0) size 12x20: "\x{1200}"
            RenderText {#text} at (0,0) size 4x20
              text run at (0,0) width 4: "\x{1200}"
          RenderListItem {LI} at (40,100) size 4x20
            RenderListMarker at (-17,0) size 12x20: "\x{12C8}"
            RenderText {#text} at (0,0) size 4x20
              text run at (0,0) width 4: "\x{12C8}"
          RenderListItem {LI} at (40,120) size 4x20
            RenderListMarker at (-17,0) size 12x20: "\x{12D8}"
            RenderText {#text} at (0,0) size 4x20
              text run at (0,0) width 4: "\x{12D8}"
          RenderListItem {LI} at (40,140) size 4x20
            RenderListMarker at (-17,0) size 12x20: "\x{1210}"
            RenderText {#text} at (0,0) size 4x20
              text run at (0,0) width 4: "\x{1210}"
          RenderListItem {LI} at (40,160) size 4x20
            RenderListMarker at (-17,0) size 12x20: "\x{1320}"
            RenderText {#text} at (0,0) size 4x20
              text run at (0,0) width 4: "\x{1320}"
          RenderListItem {LI} at (40,180) size 4x20
            RenderListMarker at (-17,0) size 12x20: "\x{12E8}"
            RenderText {#text} at (0,0) size 4x20
              text run at (0,0) width 4: "\x{12E8}"
          RenderListItem {LI} at (40,200) size 4x20
            RenderListMarker at (-17,0) size 12x20: "\x{12A8}"
            RenderText {#text} at (0,0) size 4x20
              text run at (0,0) width 4: "\x{12A8}"
          RenderListItem {LI} at (40,220) size 4x20
            RenderListMarker at (-17,0) size 12x20: "\x{1208}"
            RenderText {#text} at (0,0) size 4x20
              text run at (0,0) width 4: "\x{1208}"
          RenderListItem {LI} at (40,240) size 4x20
            RenderListMarker at (-17,0) size 12x20: "\x{1218}"
            RenderText {#text} at (0,0) size 4x20
              text run at (0,0) width 4: "\x{1218}"
        RenderBlock (floating) {OL} at (64,360) size 64x260
          RenderListItem {LI} at (40,0) size 4x20
            RenderListMarker at (-17,0) size 12x20: "\x{1290}"
            RenderText {#text} at (0,0) size 4x20
              text run at (0,0) width 4: "\x{1290}"
          RenderListItem {LI} at (40,20) size 4x20
            RenderListMarker at (-17,0) size 12x20: "\x{1220}"
            RenderText {#text} at (0,0) size 4x20
              text run at (0,0) width 4: "\x{1220}"
          RenderListItem {LI} at (40,40) size 4x20
            RenderListMarker at (-17,0) size 12x20: "\x{12D0}"
            RenderText {#text} at (0,0) size 4x20
              text run at (0,0) width 4: "\x{12D0}"
          RenderListItem {LI} at (40,60) size 4x20
            RenderListMarker at (-17,0) size 12x20: "\x{1348}"
            RenderText {#text} at (0,0) size 4x20
              text run at (0,0) width 4: "\x{1348}"
          RenderListItem {LI} at (40,80) size 4x20
            RenderListMarker at (-17,0) size 12x20: "\x{1338}"
            RenderText {#text} at (0,0) size 4x20
              text run at (0,0) width 4: "\x{1338}"
          RenderListItem {LI} at (40,100) size 4x20
            RenderListMarker at (-17,0) size 12x20: "\x{1240}"
            RenderText {#text} at (0,0) size 4x20
              text run at (0,0) width 4: "\x{1240}"
          RenderListItem {LI} at (40,120) size 4x20
            RenderListMarker at (-17,0) size 12x20: "\x{1228}"
            RenderText {#text} at (0,0) size 4x20
              text run at (0,0) width 4: "\x{1228}"
          RenderListItem {LI} at (40,140) size 4x20
            RenderListMarker at (-17,0) size 12x20: "\x{1230}"
            RenderText {#text} at (0,0) size 4x20
              text run at (0,0) width 4: "\x{1230}"
          RenderListItem {LI} at (40,160) size 4x20
            RenderListMarker at (-17,0) size 12x20: "\x{1270}"
            RenderText {#text} at (0,0) size 4x20
              text run at (0,0) width 4: "\x{1270}"
          RenderListItem {LI} at (40,180) size 4x20
            RenderListMarker at (-17,0) size 12x20: "\x{1280}"
            RenderText {#text} at (0,0) size 4x20
              text run at (0,0) width 4: "\x{1280}"
          RenderListItem {LI} at (40,200) size 4x20
            RenderListMarker at (-17,0) size 12x20: "\x{1340}"
            RenderText {#text} at (0,0) size 4x20
              text run at (0,0) width 4: "\x{1340}"
          RenderListItem {LI} at (40,220) size 4x20
            RenderListMarker at (-17,0) size 12x20: "\x{1330}"
            RenderText {#text} at (0,0) size 4x20
              text run at (0,0) width 4: "\x{1330}"
          RenderListItem {LI} at (40,240) size 4x20
            RenderListMarker at (-17,0) size 12x20: "\x{1350}"
            RenderText {#text} at (0,0) size 4x20
              text run at (0,0) width 4: "\x{1350}"
      RenderBlock {DIV} at (0,3898) size 765x325
        RenderBlock {H2} at (0,292) size 765x33
          RenderText {#text} at (0,0) size 181x33
            text run at (0,0) width 181: "hangul-consonant"
        RenderBlock (floating) {OL} at (0,360) size 64x140
          RenderListItem {LI} at (40,0) size 4x20
            RenderListMarker at (-17,0) size 12x20: "\x{3131}"
            RenderText {#text} at (0,0) size 4x20
              text run at (0,0) width 4: "\x{3131}"
          RenderListItem {LI} at (40,20) size 4x20
            RenderListMarker at (-17,0) size 12x20: "\x{3134}"
            RenderText {#text} at (0,0) size 4x20
              text run at (0,0) width 4: "\x{3134}"
          RenderListItem {LI} at (40,40) size 4x20
            RenderListMarker at (-17,0) size 12x20: "\x{3137}"
            RenderText {#text} at (0,0) size 4x20
              text run at (0,0) width 4: "\x{3137}"
          RenderListItem {LI} at (40,60) size 4x20
            RenderListMarker at (-17,0) size 12x20: "\x{3139}"
            RenderText {#text} at (0,0) size 4x20
              text run at (0,0) width 4: "\x{3139}"
          RenderListItem {LI} at (40,80) size 4x20
            RenderListMarker at (-17,0) size 12x20: "\x{3141}"
            RenderText {#text} at (0,0) size 4x20
              text run at (0,0) width 4: "\x{3141}"
          RenderListItem {LI} at (40,100) size 4x20
            RenderListMarker at (-17,0) size 12x20: "\x{3142}"
            RenderText {#text} at (0,0) size 4x20
              text run at (0,0) width 4: "\x{3142}"
          RenderListItem {LI} at (40,120) size 4x20
            RenderListMarker at (-17,0) size 12x20: "\x{3145}"
            RenderText {#text} at (0,0) size 4x20
              text run at (0,0) width 4: "\x{3145}"
        RenderBlock (floating) {OL} at (64,360) size 64x140
          RenderListItem {LI} at (40,0) size 4x20
            RenderListMarker at (-17,0) size 12x20: "\x{3147}"
            RenderText {#text} at (0,0) size 4x20
              text run at (0,0) width 4: "\x{3147}"
          RenderListItem {LI} at (40,20) size 4x20
            RenderListMarker at (-17,0) size 12x20: "\x{3148}"
            RenderText {#text} at (0,0) size 4x20
              text run at (0,0) width 4: "\x{3148}"
          RenderListItem {LI} at (40,40) size 4x20
            RenderListMarker at (-17,0) size 12x20: "\x{314A}"
            RenderText {#text} at (0,0) size 4x20
              text run at (0,0) width 4: "\x{314A}"
          RenderListItem {LI} at (40,60) size 4x20
            RenderListMarker at (-17,0) size 12x20: "\x{314B}"
            RenderText {#text} at (0,0) size 4x20
              text run at (0,0) width 4: "\x{314B}"
          RenderListItem {LI} at (40,80) size 4x20
            RenderListMarker at (-17,0) size 12x20: "\x{314C}"
            RenderText {#text} at (0,0) size 4x20
              text run at (0,0) width 4: "\x{314C}"
          RenderListItem {LI} at (40,100) size 4x20
            RenderListMarker at (-17,0) size 12x20: "\x{314D}"
            RenderText {#text} at (0,0) size 4x20
              text run at (0,0) width 4: "\x{314D}"
          RenderListItem {LI} at (40,120) size 4x20
            RenderListMarker at (-17,0) size 12x20: "\x{314E}"
            RenderText {#text} at (0,0) size 4x20
              text run at (0,0) width 4: "\x{314E}"
      RenderBlock {DIV} at (0,4242) size 765x205
        RenderBlock {H2} at (0,172) size 765x33
          RenderText {#text} at (0,0) size 70x33
            text run at (0,0) width 70: "hangul"
        RenderBlock (floating) {OL} at (0,240) size 64x140
          RenderListItem {LI} at (40,0) size 4x20
            RenderListMarker at (-17,0) size 12x20: "\x{AC00}"
            RenderText {#text} at (0,0) size 4x20
              text run at (0,0) width 4: "\x{AC00}"
          RenderListItem {LI} at (40,20) size 4x20
            RenderListMarker at (-17,0) size 12x20: "\x{B098}"
            RenderText {#text} at (0,0) size 4x20
              text run at (0,0) width 4: "\x{B098}"
          RenderListItem {LI} at (40,40) size 4x20
            RenderListMarker at (-17,0) size 12x20: "\x{B2E4}"
            RenderText {#text} at (0,0) size 4x20
              text run at (0,0) width 4: "\x{B2E4}"
          RenderListItem {LI} at (40,60) size 4x20
            RenderListMarker at (-17,0) size 12x20: "\x{B77C}"
            RenderText {#text} at (0,0) size 4x20
              text run at (0,0) width 4: "\x{B77C}"
          RenderListItem {LI} at (40,80) size 4x20
            RenderListMarker at (-17,0) size 12x20: "\x{B9C8}"
            RenderText {#text} at (0,0) size 4x20
              text run at (0,0) width 4: "\x{B9C8}"
          RenderListItem {LI} at (40,100) size 4x20
            RenderListMarker at (-17,0) size 12x20: "\x{BC14}"
            RenderText {#text} at (0,0) size 4x20
              text run at (0,0) width 4: "\x{BC14}"
          RenderListItem {LI} at (40,120) size 4x20
            RenderListMarker at (-17,0) size 12x20: "\x{C0AC}"
            RenderText {#text} at (0,0) size 4x20
              text run at (0,0) width 4: "\x{C0AC}"
        RenderBlock (floating) {OL} at (64,240) size 64x140
          RenderListItem {LI} at (40,0) size 4x20
            RenderListMarker at (-17,0) size 12x20: "\x{C544}"
            RenderText {#text} at (0,0) size 4x20
              text run at (0,0) width 4: "\x{C544}"
          RenderListItem {LI} at (40,20) size 4x20
            RenderListMarker at (-17,0) size 12x20: "\x{C790}"
            RenderText {#text} at (0,0) size 4x20
              text run at (0,0) width 4: "\x{C790}"
          RenderListItem {LI} at (40,40) size 4x20
            RenderListMarker at (-17,0) size 12x20: "\x{CC28}"
            RenderText {#text} at (0,0) size 4x20
              text run at (0,0) width 4: "\x{CC28}"
          RenderListItem {LI} at (40,60) size 4x20
            RenderListMarker at (-17,0) size 12x20: "\x{CE74}"
            RenderText {#text} at (0,0) size 4x20
              text run at (0,0) width 4: "\x{CE74}"
          RenderListItem {LI} at (40,80) size 4x20
            RenderListMarker at (-17,0) size 12x20: "\x{D0C0}"
            RenderText {#text} at (0,0) size 4x20
              text run at (0,0) width 4: "\x{D0C0}"
          RenderListItem {LI} at (40,100) size 4x20
            RenderListMarker at (-17,0) size 12x20: "\x{D30C}"
            RenderText {#text} at (0,0) size 4x20
              text run at (0,0) width 4: "\x{D30C}"
          RenderListItem {LI} at (40,120) size 4x20
            RenderListMarker at (-17,0) size 12x20: "\x{D558}"
            RenderText {#text} at (0,0) size 4x20
              text run at (0,0) width 4: "\x{D558}"
      RenderBlock {DIV} at (0,4466) size 765x205
        RenderBlock {H2} at (0,172) size 765x33
          RenderText {#text} at (0,0) size 155x33
            text run at (0,0) width 155: "hiragana-iroha"
        RenderBlock (floating) {OL} at (0,240) size 64x200
          RenderListItem {LI} at (40,0) size 4x20
            RenderListMarker at (-17,0) size 12x20: "\x{3044}"
            RenderText {#text} at (0,0) size 4x20
              text run at (0,0) width 4: "\x{3044}"
          RenderListItem {LI} at (40,20) size 4x20
            RenderListMarker at (-17,0) size 12x20: "\x{308D}"
            RenderText {#text} at (0,0) size 4x20
              text run at (0,0) width 4: "\x{308D}"
          RenderListItem {LI} at (40,40) size 4x20
            RenderListMarker at (-17,0) size 12x20: "\x{306F}"
            RenderText {#text} at (0,0) size 4x20
              text run at (0,0) width 4: "\x{306F}"
          RenderListItem {LI} at (40,60) size 4x20
            RenderListMarker at (-17,0) size 12x20: "\x{306B}"
            RenderText {#text} at (0,0) size 4x20
              text run at (0,0) width 4: "\x{306B}"
          RenderListItem {LI} at (40,80) size 4x20
            RenderListMarker at (-17,0) size 12x20: "\x{307B}"
            RenderText {#text} at (0,0) size 4x20
              text run at (0,0) width 4: "\x{307B}"
          RenderListItem {LI} at (40,100) size 4x20
            RenderListMarker at (-17,0) size 12x20: "\x{3078}"
            RenderText {#text} at (0,0) size 4x20
              text run at (0,0) width 4: "\x{3078}"
          RenderListItem {LI} at (40,120) size 4x20
            RenderListMarker at (-17,0) size 12x20: "\x{3068}"
            RenderText {#text} at (0,0) size 4x20
              text run at (0,0) width 4: "\x{3068}"
          RenderListItem {LI} at (40,140) size 4x20
            RenderListMarker at (-17,0) size 12x20: "\x{3061}"
            RenderText {#text} at (0,0) size 4x20
              text run at (0,0) width 4: "\x{3061}"
          RenderListItem {LI} at (40,160) size 4x20
            RenderListMarker at (-17,0) size 12x20: "\x{308A}"
            RenderText {#text} at (0,0) size 4x20
              text run at (0,0) width 4: "\x{308A}"
          RenderListItem {LI} at (40,180) size 4x20
            RenderListMarker at (-17,0) size 12x20: "\x{306C}"
            RenderText {#text} at (0,0) size 4x20
              text run at (0,0) width 4: "\x{306C}"
        RenderBlock (floating) {OL} at (64,240) size 64x200
          RenderListItem {LI} at (40,0) size 4x20
            RenderListMarker at (-17,0) size 12x20: "\x{308B}"
            RenderText {#text} at (0,0) size 4x20
              text run at (0,0) width 4: "\x{308B}"
          RenderListItem {LI} at (40,20) size 4x20
            RenderListMarker at (-17,0) size 12x20: "\x{3092}"
            RenderText {#text} at (0,0) size 4x20
              text run at (0,0) width 4: "\x{3092}"
          RenderListItem {LI} at (40,40) size 4x20
            RenderListMarker at (-17,0) size 12x20: "\x{308F}"
            RenderText {#text} at (0,0) size 4x20
              text run at (0,0) width 4: "\x{308F}"
          RenderListItem {LI} at (40,60) size 4x20
            RenderListMarker at (-17,0) size 12x20: "\x{304B}"
            RenderText {#text} at (0,0) size 4x20
              text run at (0,0) width 4: "\x{304B}"
          RenderListItem {LI} at (40,80) size 4x20
            RenderListMarker at (-17,0) size 12x20: "\x{3088}"
            RenderText {#text} at (0,0) size 4x20
              text run at (0,0) width 4: "\x{3088}"
          RenderListItem {LI} at (40,100) size 4x20
            RenderListMarker at (-17,0) size 12x20: "\x{305F}"
            RenderText {#text} at (0,0) size 4x20
              text run at (0,0) width 4: "\x{305F}"
          RenderListItem {LI} at (40,120) size 4x20
            RenderListMarker at (-17,0) size 12x20: "\x{308C}"
            RenderText {#text} at (0,0) size 4x20
              text run at (0,0) width 4: "\x{308C}"
          RenderListItem {LI} at (40,140) size 4x20
            RenderListMarker at (-17,0) size 12x20: "\x{305D}"
            RenderText {#text} at (0,0) size 4x20
              text run at (0,0) width 4: "\x{305D}"
          RenderListItem {LI} at (40,160) size 4x20
            RenderListMarker at (-17,0) size 12x20: "\x{3064}"
            RenderText {#text} at (0,0) size 4x20
              text run at (0,0) width 4: "\x{3064}"
          RenderListItem {LI} at (40,180) size 4x20
            RenderListMarker at (-17,0) size 12x20: "\x{306D}"
            RenderText {#text} at (0,0) size 4x20
              text run at (0,0) width 4: "\x{306D}"
        RenderBlock (floating) {OL} at (128,240) size 64x200
          RenderListItem {LI} at (40,0) size 4x20
            RenderListMarker at (-17,0) size 12x20: "\x{306A}"
            RenderText {#text} at (0,0) size 4x20
              text run at (0,0) width 4: "\x{306A}"
          RenderListItem {LI} at (40,20) size 4x20
            RenderListMarker at (-17,0) size 12x20: "\x{3089}"
            RenderText {#text} at (0,0) size 4x20
              text run at (0,0) width 4: "\x{3089}"
          RenderListItem {LI} at (40,40) size 4x20
            RenderListMarker at (-17,0) size 12x20: "\x{3080}"
            RenderText {#text} at (0,0) size 4x20
              text run at (0,0) width 4: "\x{3080}"
          RenderListItem {LI} at (40,60) size 4x20
            RenderListMarker at (-17,0) size 12x20: "\x{3046}"
            RenderText {#text} at (0,0) size 4x20
              text run at (0,0) width 4: "\x{3046}"
          RenderListItem {LI} at (40,80) size 4x20
            RenderListMarker at (-17,0) size 12x20: "\x{3090}"
            RenderText {#text} at (0,0) size 4x20
              text run at (0,0) width 4: "\x{3090}"
          RenderListItem {LI} at (40,100) size 4x20
            RenderListMarker at (-17,0) size 12x20: "\x{306E}"
            RenderText {#text} at (0,0) size 4x20
              text run at (0,0) width 4: "\x{306E}"
          RenderListItem {LI} at (40,120) size 4x20
            RenderListMarker at (-17,0) size 12x20: "\x{304A}"
            RenderText {#text} at (0,0) size 4x20
              text run at (0,0) width 4: "\x{304A}"
          RenderListItem {LI} at (40,140) size 4x20
            RenderListMarker at (-17,0) size 12x20: "\x{304F}"
            RenderText {#text} at (0,0) size 4x20
              text run at (0,0) width 4: "\x{304F}"
          RenderListItem {LI} at (40,160) size 4x20
            RenderListMarker at (-17,0) size 12x20: "\x{3084}"
            RenderText {#text} at (0,0) size 4x20
              text run at (0,0) width 4: "\x{3084}"
          RenderListItem {LI} at (40,180) size 4x20
            RenderListMarker at (-17,0) size 12x20: "\x{307E}"
            RenderText {#text} at (0,0) size 4x20
              text run at (0,0) width 4: "\x{307E}"
        RenderBlock (floating) {OL} at (192,240) size 64x200
          RenderListItem {LI} at (40,0) size 4x20
            RenderListMarker at (-17,0) size 12x20: "\x{3051}"
            RenderText {#text} at (0,0) size 4x20
              text run at (0,0) width 4: "\x{3051}"
          RenderListItem {LI} at (40,20) size 4x20
            RenderListMarker at (-17,0) size 12x20: "\x{3075}"
            RenderText {#text} at (0,0) size 4x20
              text run at (0,0) width 4: "\x{3075}"
          RenderListItem {LI} at (40,40) size 4x20
            RenderListMarker at (-17,0) size 12x20: "\x{3053}"
            RenderText {#text} at (0,0) size 4x20
              text run at (0,0) width 4: "\x{3053}"
          RenderListItem {LI} at (40,60) size 4x20
            RenderListMarker at (-17,0) size 12x20: "\x{3048}"
            RenderText {#text} at (0,0) size 4x20
              text run at (0,0) width 4: "\x{3048}"
          RenderListItem {LI} at (40,80) size 4x20
            RenderListMarker at (-17,0) size 12x20: "\x{3066}"
            RenderText {#text} at (0,0) size 4x20
              text run at (0,0) width 4: "\x{3066}"
          RenderListItem {LI} at (40,100) size 4x20
            RenderListMarker at (-17,0) size 12x20: "\x{3042}"
            RenderText {#text} at (0,0) size 4x20
              text run at (0,0) width 4: "\x{3042}"
          RenderListItem {LI} at (40,120) size 4x20
            RenderListMarker at (-17,0) size 12x20: "\x{3055}"
            RenderText {#text} at (0,0) size 4x20
              text run at (0,0) width 4: "\x{3055}"
          RenderListItem {LI} at (40,140) size 4x20
            RenderListMarker at (-17,0) size 12x20: "\x{304D}"
            RenderText {#text} at (0,0) size 4x20
              text run at (0,0) width 4: "\x{304D}"
          RenderListItem {LI} at (40,160) size 4x20
            RenderListMarker at (-17,0) size 12x20: "\x{3086}"
            RenderText {#text} at (0,0) size 4x20
              text run at (0,0) width 4: "\x{3086}"
          RenderListItem {LI} at (40,180) size 4x20
            RenderListMarker at (-17,0) size 12x20: "\x{3081}"
            RenderText {#text} at (0,0) size 4x20
              text run at (0,0) width 4: "\x{3081}"
        RenderBlock (floating) {OL} at (256,240) size 64x140
          RenderListItem {LI} at (40,0) size 4x20
            RenderListMarker at (-17,0) size 12x20: "\x{307F}"
            RenderText {#text} at (0,0) size 4x20
              text run at (0,0) width 4: "\x{307F}"
          RenderListItem {LI} at (40,20) size 4x20
            RenderListMarker at (-17,0) size 12x20: "\x{3057}"
            RenderText {#text} at (0,0) size 4x20
              text run at (0,0) width 4: "\x{3057}"
          RenderListItem {LI} at (40,40) size 4x20
            RenderListMarker at (-17,0) size 12x20: "\x{3091}"
            RenderText {#text} at (0,0) size 4x20
              text run at (0,0) width 4: "\x{3091}"
          RenderListItem {LI} at (40,60) size 4x20
            RenderListMarker at (-17,0) size 12x20: "\x{3072}"
            RenderText {#text} at (0,0) size 4x20
              text run at (0,0) width 4: "\x{3072}"
          RenderListItem {LI} at (40,80) size 4x20
            RenderListMarker at (-17,0) size 12x20: "\x{3082}"
            RenderText {#text} at (0,0) size 4x20
              text run at (0,0) width 4: "\x{3082}"
          RenderListItem {LI} at (40,100) size 4x20
            RenderListMarker at (-17,0) size 12x20: "\x{305B}"
            RenderText {#text} at (0,0) size 4x20
              text run at (0,0) width 4: "\x{305B}"
          RenderListItem {LI} at (40,120) size 4x20
            RenderListMarker at (-17,0) size 12x20: "\x{3059}"
            RenderText {#text} at (0,0) size 4x20
              text run at (0,0) width 4: "\x{3059}"
      RenderBlock {DIV} at (0,4690) size 765x265
        RenderBlock {H2} at (0,232) size 765x33
          RenderText {#text} at (0,0) size 92x33
            text run at (0,0) width 92: "hiragana"
        RenderBlock (floating) {OL} at (0,300) size 64x240
          RenderListItem {LI} at (40,0) size 4x20
            RenderListMarker at (-17,0) size 12x20: "\x{3042}"
            RenderText {#text} at (0,0) size 4x20
              text run at (0,0) width 4: "\x{3042}"
          RenderListItem {LI} at (40,20) size 4x20
            RenderListMarker at (-17,0) size 12x20: "\x{3044}"
            RenderText {#text} at (0,0) size 4x20
              text run at (0,0) width 4: "\x{3044}"
          RenderListItem {LI} at (40,40) size 4x20
            RenderListMarker at (-17,0) size 12x20: "\x{3046}"
            RenderText {#text} at (0,0) size 4x20
              text run at (0,0) width 4: "\x{3046}"
          RenderListItem {LI} at (40,60) size 4x20
            RenderListMarker at (-17,0) size 12x20: "\x{3048}"
            RenderText {#text} at (0,0) size 4x20
              text run at (0,0) width 4: "\x{3048}"
          RenderListItem {LI} at (40,80) size 4x20
            RenderListMarker at (-17,0) size 12x20: "\x{304A}"
            RenderText {#text} at (0,0) size 4x20
              text run at (0,0) width 4: "\x{304A}"
          RenderListItem {LI} at (40,100) size 4x20
            RenderListMarker at (-17,0) size 12x20: "\x{304B}"
            RenderText {#text} at (0,0) size 4x20
              text run at (0,0) width 4: "\x{304B}"
          RenderListItem {LI} at (40,120) size 4x20
            RenderListMarker at (-17,0) size 12x20: "\x{304D}"
            RenderText {#text} at (0,0) size 4x20
              text run at (0,0) width 4: "\x{304D}"
          RenderListItem {LI} at (40,140) size 4x20
            RenderListMarker at (-17,0) size 12x20: "\x{304F}"
            RenderText {#text} at (0,0) size 4x20
              text run at (0,0) width 4: "\x{304F}"
          RenderListItem {LI} at (40,160) size 4x20
            RenderListMarker at (-17,0) size 12x20: "\x{3051}"
            RenderText {#text} at (0,0) size 4x20
              text run at (0,0) width 4: "\x{3051}"
          RenderListItem {LI} at (40,180) size 4x20
            RenderListMarker at (-17,0) size 12x20: "\x{3053}"
            RenderText {#text} at (0,0) size 4x20
              text run at (0,0) width 4: "\x{3053}"
          RenderListItem {LI} at (40,200) size 4x20
            RenderListMarker at (-17,0) size 12x20: "\x{3055}"
            RenderText {#text} at (0,0) size 4x20
              text run at (0,0) width 4: "\x{3055}"
          RenderListItem {LI} at (40,220) size 4x20
            RenderListMarker at (-17,0) size 12x20: "\x{3057}"
            RenderText {#text} at (0,0) size 4x20
              text run at (0,0) width 4: "\x{3057}"
        RenderBlock (floating) {OL} at (64,300) size 64x240
          RenderListItem {LI} at (40,0) size 4x20
            RenderListMarker at (-17,0) size 12x20: "\x{3059}"
            RenderText {#text} at (0,0) size 4x20
              text run at (0,0) width 4: "\x{3059}"
          RenderListItem {LI} at (40,20) size 4x20
            RenderListMarker at (-17,0) size 12x20: "\x{305B}"
            RenderText {#text} at (0,0) size 4x20
              text run at (0,0) width 4: "\x{305B}"
          RenderListItem {LI} at (40,40) size 4x20
            RenderListMarker at (-17,0) size 12x20: "\x{305D}"
            RenderText {#text} at (0,0) size 4x20
              text run at (0,0) width 4: "\x{305D}"
          RenderListItem {LI} at (40,60) size 4x20
            RenderListMarker at (-17,0) size 12x20: "\x{305F}"
            RenderText {#text} at (0,0) size 4x20
              text run at (0,0) width 4: "\x{305F}"
          RenderListItem {LI} at (40,80) size 4x20
            RenderListMarker at (-17,0) size 12x20: "\x{3061}"
            RenderText {#text} at (0,0) size 4x20
              text run at (0,0) width 4: "\x{3061}"
          RenderListItem {LI} at (40,100) size 4x20
            RenderListMarker at (-17,0) size 12x20: "\x{3064}"
            RenderText {#text} at (0,0) size 4x20
              text run at (0,0) width 4: "\x{3064}"
          RenderListItem {LI} at (40,120) size 4x20
            RenderListMarker at (-17,0) size 12x20: "\x{3066}"
            RenderText {#text} at (0,0) size 4x20
              text run at (0,0) width 4: "\x{3066}"
          RenderListItem {LI} at (40,140) size 4x20
            RenderListMarker at (-17,0) size 12x20: "\x{3068}"
            RenderText {#text} at (0,0) size 4x20
              text run at (0,0) width 4: "\x{3068}"
          RenderListItem {LI} at (40,160) size 4x20
            RenderListMarker at (-17,0) size 12x20: "\x{306A}"
            RenderText {#text} at (0,0) size 4x20
              text run at (0,0) width 4: "\x{306A}"
          RenderListItem {LI} at (40,180) size 4x20
            RenderListMarker at (-17,0) size 12x20: "\x{306B}"
            RenderText {#text} at (0,0) size 4x20
              text run at (0,0) width 4: "\x{306B}"
          RenderListItem {LI} at (40,200) size 4x20
            RenderListMarker at (-17,0) size 12x20: "\x{306C}"
            RenderText {#text} at (0,0) size 4x20
              text run at (0,0) width 4: "\x{306C}"
          RenderListItem {LI} at (40,220) size 4x20
            RenderListMarker at (-17,0) size 12x20: "\x{306D}"
            RenderText {#text} at (0,0) size 4x20
              text run at (0,0) width 4: "\x{306D}"
        RenderBlock (floating) {OL} at (128,300) size 64x240
          RenderListItem {LI} at (40,0) size 4x20
            RenderListMarker at (-17,0) size 12x20: "\x{306E}"
            RenderText {#text} at (0,0) size 4x20
              text run at (0,0) width 4: "\x{306E}"
          RenderListItem {LI} at (40,20) size 4x20
            RenderListMarker at (-17,0) size 12x20: "\x{306F}"
            RenderText {#text} at (0,0) size 4x20
              text run at (0,0) width 4: "\x{306F}"
          RenderListItem {LI} at (40,40) size 4x20
            RenderListMarker at (-17,0) size 12x20: "\x{3072}"
            RenderText {#text} at (0,0) size 4x20
              text run at (0,0) width 4: "\x{3072}"
          RenderListItem {LI} at (40,60) size 4x20
            RenderListMarker at (-17,0) size 12x20: "\x{3075}"
            RenderText {#text} at (0,0) size 4x20
              text run at (0,0) width 4: "\x{3075}"
          RenderListItem {LI} at (40,80) size 4x20
            RenderListMarker at (-17,0) size 12x20: "\x{3078}"
            RenderText {#text} at (0,0) size 4x20
              text run at (0,0) width 4: "\x{3078}"
          RenderListItem {LI} at (40,100) size 4x20
            RenderListMarker at (-17,0) size 12x20: "\x{307B}"
            RenderText {#text} at (0,0) size 4x20
              text run at (0,0) width 4: "\x{307B}"
          RenderListItem {LI} at (40,120) size 4x20
            RenderListMarker at (-17,0) size 12x20: "\x{307E}"
            RenderText {#text} at (0,0) size 4x20
              text run at (0,0) width 4: "\x{307E}"
          RenderListItem {LI} at (40,140) size 4x20
            RenderListMarker at (-17,0) size 12x20: "\x{307F}"
            RenderText {#text} at (0,0) size 4x20
              text run at (0,0) width 4: "\x{307F}"
          RenderListItem {LI} at (40,160) size 4x20
            RenderListMarker at (-17,0) size 12x20: "\x{3080}"
            RenderText {#text} at (0,0) size 4x20
              text run at (0,0) width 4: "\x{3080}"
          RenderListItem {LI} at (40,180) size 4x20
            RenderListMarker at (-17,0) size 12x20: "\x{3081}"
            RenderText {#text} at (0,0) size 4x20
              text run at (0,0) width 4: "\x{3081}"
          RenderListItem {LI} at (40,200) size 4x20
            RenderListMarker at (-17,0) size 12x20: "\x{3082}"
            RenderText {#text} at (0,0) size 4x20
              text run at (0,0) width 4: "\x{3082}"
          RenderListItem {LI} at (40,220) size 4x20
            RenderListMarker at (-17,0) size 12x20: "\x{3084}"
            RenderText {#text} at (0,0) size 4x20
              text run at (0,0) width 4: "\x{3084}"
        RenderBlock (floating) {OL} at (192,300) size 64x240
          RenderListItem {LI} at (40,0) size 4x20
            RenderListMarker at (-17,0) size 12x20: "\x{3086}"
            RenderText {#text} at (0,0) size 4x20
              text run at (0,0) width 4: "\x{3086}"
          RenderListItem {LI} at (40,20) size 4x20
            RenderListMarker at (-17,0) size 12x20: "\x{3088}"
            RenderText {#text} at (0,0) size 4x20
              text run at (0,0) width 4: "\x{3088}"
          RenderListItem {LI} at (40,40) size 4x20
            RenderListMarker at (-17,0) size 12x20: "\x{3089}"
            RenderText {#text} at (0,0) size 4x20
              text run at (0,0) width 4: "\x{3089}"
          RenderListItem {LI} at (40,60) size 4x20
            RenderListMarker at (-17,0) size 12x20: "\x{308A}"
            RenderText {#text} at (0,0) size 4x20
              text run at (0,0) width 4: "\x{308A}"
          RenderListItem {LI} at (40,80) size 4x20
            RenderListMarker at (-17,0) size 12x20: "\x{308B}"
            RenderText {#text} at (0,0) size 4x20
              text run at (0,0) width 4: "\x{308B}"
          RenderListItem {LI} at (40,100) size 4x20
            RenderListMarker at (-17,0) size 12x20: "\x{308C}"
            RenderText {#text} at (0,0) size 4x20
              text run at (0,0) width 4: "\x{308C}"
          RenderListItem {LI} at (40,120) size 4x20
            RenderListMarker at (-17,0) size 12x20: "\x{308D}"
            RenderText {#text} at (0,0) size 4x20
              text run at (0,0) width 4: "\x{308D}"
          RenderListItem {LI} at (40,140) size 4x20
            RenderListMarker at (-17,0) size 12x20: "\x{308F}"
            RenderText {#text} at (0,0) size 4x20
              text run at (0,0) width 4: "\x{308F}"
          RenderListItem {LI} at (40,160) size 4x20
            RenderListMarker at (-17,0) size 12x20: "\x{3090}"
            RenderText {#text} at (0,0) size 4x20
              text run at (0,0) width 4: "\x{3090}"
          RenderListItem {LI} at (40,180) size 4x20
            RenderListMarker at (-17,0) size 12x20: "\x{3091}"
            RenderText {#text} at (0,0) size 4x20
              text run at (0,0) width 4: "\x{3091}"
          RenderListItem {LI} at (40,200) size 4x20
            RenderListMarker at (-17,0) size 12x20: "\x{3092}"
            RenderText {#text} at (0,0) size 4x20
              text run at (0,0) width 4: "\x{3092}"
          RenderListItem {LI} at (40,220) size 4x20
            RenderListMarker at (-17,0) size 12x20: "\x{3093}"
            RenderText {#text} at (0,0) size 4x20
              text run at (0,0) width 4: "\x{3093}"
      RenderBlock {DIV} at (0,4974) size 765x305
        RenderBlock {H2} at (0,272) size 765x33
          RenderText {#text} at (0,0) size 158x33
            text run at (0,0) width 158: "katakana-iroha"
        RenderBlock (floating) {OL} at (0,340) size 64x200
          RenderListItem {LI} at (40,0) size 4x20
            RenderListMarker at (-17,0) size 12x20: "\x{30A4}"
            RenderText {#text} at (0,0) size 4x20
              text run at (0,0) width 4: "\x{30A4}"
          RenderListItem {LI} at (40,20) size 4x20
            RenderListMarker at (-17,0) size 12x20: "\x{30ED}"
            RenderText {#text} at (0,0) size 4x20
              text run at (0,0) width 4: "\x{30ED}"
          RenderListItem {LI} at (40,40) size 4x20
            RenderListMarker at (-17,0) size 12x20: "\x{30CF}"
            RenderText {#text} at (0,0) size 4x20
              text run at (0,0) width 4: "\x{30CF}"
          RenderListItem {LI} at (40,60) size 4x20
            RenderListMarker at (-17,0) size 12x20: "\x{30CB}"
            RenderText {#text} at (0,0) size 4x20
              text run at (0,0) width 4: "\x{30CB}"
          RenderListItem {LI} at (40,80) size 4x20
            RenderListMarker at (-17,0) size 12x20: "\x{30DB}"
            RenderText {#text} at (0,0) size 4x20
              text run at (0,0) width 4: "\x{30DB}"
          RenderListItem {LI} at (40,100) size 4x20
            RenderListMarker at (-17,0) size 12x20: "\x{30D8}"
            RenderText {#text} at (0,0) size 4x20
              text run at (0,0) width 4: "\x{30D8}"
          RenderListItem {LI} at (40,120) size 4x20
            RenderListMarker at (-17,0) size 12x20: "\x{30C8}"
            RenderText {#text} at (0,0) size 4x20
              text run at (0,0) width 4: "\x{30C8}"
          RenderListItem {LI} at (40,140) size 4x20
            RenderListMarker at (-17,0) size 12x20: "\x{30C1}"
            RenderText {#text} at (0,0) size 4x20
              text run at (0,0) width 4: "\x{30C1}"
          RenderListItem {LI} at (40,160) size 4x20
            RenderListMarker at (-17,0) size 12x20: "\x{30EA}"
            RenderText {#text} at (0,0) size 4x20
              text run at (0,0) width 4: "\x{30EA}"
          RenderListItem {LI} at (40,180) size 4x20
            RenderListMarker at (-17,0) size 12x20: "\x{30CC}"
            RenderText {#text} at (0,0) size 4x20
              text run at (0,0) width 4: "\x{30CC}"
        RenderBlock (floating) {OL} at (64,340) size 64x200
          RenderListItem {LI} at (40,0) size 4x20
            RenderListMarker at (-17,0) size 12x20: "\x{30EB}"
            RenderText {#text} at (0,0) size 4x20
              text run at (0,0) width 4: "\x{30EB}"
          RenderListItem {LI} at (40,20) size 4x20
            RenderListMarker at (-17,0) size 12x20: "\x{30F2}"
            RenderText {#text} at (0,0) size 4x20
              text run at (0,0) width 4: "\x{30F2}"
          RenderListItem {LI} at (40,40) size 4x20
            RenderListMarker at (-17,0) size 12x20: "\x{30EF}"
            RenderText {#text} at (0,0) size 4x20
              text run at (0,0) width 4: "\x{30EF}"
          RenderListItem {LI} at (40,60) size 4x20
            RenderListMarker at (-17,0) size 12x20: "\x{30AB}"
            RenderText {#text} at (0,0) size 4x20
              text run at (0,0) width 4: "\x{30AB}"
          RenderListItem {LI} at (40,80) size 4x20
            RenderListMarker at (-17,0) size 12x20: "\x{30E8}"
            RenderText {#text} at (0,0) size 4x20
              text run at (0,0) width 4: "\x{30E8}"
          RenderListItem {LI} at (40,100) size 4x20
            RenderListMarker at (-17,0) size 12x20: "\x{30BF}"
            RenderText {#text} at (0,0) size 4x20
              text run at (0,0) width 4: "\x{30BF}"
          RenderListItem {LI} at (40,120) size 4x20
            RenderListMarker at (-17,0) size 12x20: "\x{30EC}"
            RenderText {#text} at (0,0) size 4x20
              text run at (0,0) width 4: "\x{30EC}"
          RenderListItem {LI} at (40,140) size 4x20
            RenderListMarker at (-17,0) size 12x20: "\x{30BD}"
            RenderText {#text} at (0,0) size 4x20
              text run at (0,0) width 4: "\x{30BD}"
          RenderListItem {LI} at (40,160) size 4x20
            RenderListMarker at (-17,0) size 12x20: "\x{30C4}"
            RenderText {#text} at (0,0) size 4x20
              text run at (0,0) width 4: "\x{30C4}"
          RenderListItem {LI} at (40,180) size 4x20
            RenderListMarker at (-17,0) size 12x20: "\x{30CD}"
            RenderText {#text} at (0,0) size 4x20
              text run at (0,0) width 4: "\x{30CD}"
        RenderBlock (floating) {OL} at (128,340) size 64x200
          RenderListItem {LI} at (40,0) size 4x20
            RenderListMarker at (-17,0) size 12x20: "\x{30CA}"
            RenderText {#text} at (0,0) size 4x20
              text run at (0,0) width 4: "\x{30CA}"
          RenderListItem {LI} at (40,20) size 4x20
            RenderListMarker at (-17,0) size 12x20: "\x{30E9}"
            RenderText {#text} at (0,0) size 4x20
              text run at (0,0) width 4: "\x{30E9}"
          RenderListItem {LI} at (40,40) size 4x20
            RenderListMarker at (-17,0) size 12x20: "\x{30E0}"
            RenderText {#text} at (0,0) size 4x20
              text run at (0,0) width 4: "\x{30E0}"
          RenderListItem {LI} at (40,60) size 4x20
            RenderListMarker at (-17,0) size 12x20: "\x{30A6}"
            RenderText {#text} at (0,0) size 4x20
              text run at (0,0) width 4: "\x{30A6}"
          RenderListItem {LI} at (40,80) size 4x20
            RenderListMarker at (-17,0) size 12x20: "\x{30F0}"
            RenderText {#text} at (0,0) size 4x20
              text run at (0,0) width 4: "\x{30F0}"
          RenderListItem {LI} at (40,100) size 4x20
            RenderListMarker at (-17,0) size 12x20: "\x{30CE}"
            RenderText {#text} at (0,0) size 4x20
              text run at (0,0) width 4: "\x{30CE}"
          RenderListItem {LI} at (40,120) size 4x20
            RenderListMarker at (-17,0) size 12x20: "\x{30AA}"
            RenderText {#text} at (0,0) size 4x20
              text run at (0,0) width 4: "\x{30AA}"
          RenderListItem {LI} at (40,140) size 4x20
            RenderListMarker at (-17,0) size 12x20: "\x{30AF}"
            RenderText {#text} at (0,0) size 4x20
              text run at (0,0) width 4: "\x{30AF}"
          RenderListItem {LI} at (40,160) size 4x20
            RenderListMarker at (-17,0) size 12x20: "\x{30E4}"
            RenderText {#text} at (0,0) size 4x20
              text run at (0,0) width 4: "\x{30E4}"
          RenderListItem {LI} at (40,180) size 4x20
            RenderListMarker at (-17,0) size 12x20: "\x{30DE}"
            RenderText {#text} at (0,0) size 4x20
              text run at (0,0) width 4: "\x{30DE}"
        RenderBlock (floating) {OL} at (192,340) size 64x200
          RenderListItem {LI} at (40,0) size 4x20
            RenderListMarker at (-17,0) size 12x20: "\x{30B1}"
            RenderText {#text} at (0,0) size 4x20
              text run at (0,0) width 4: "\x{30B1}"
          RenderListItem {LI} at (40,20) size 4x20
            RenderListMarker at (-17,0) size 12x20: "\x{30D5}"
            RenderText {#text} at (0,0) size 4x20
              text run at (0,0) width 4: "\x{30D5}"
          RenderListItem {LI} at (40,40) size 4x20
            RenderListMarker at (-17,0) size 12x20: "\x{30B3}"
            RenderText {#text} at (0,0) size 4x20
              text run at (0,0) width 4: "\x{30B3}"
          RenderListItem {LI} at (40,60) size 4x20
            RenderListMarker at (-17,0) size 12x20: "\x{30A8}"
            RenderText {#text} at (0,0) size 4x20
              text run at (0,0) width 4: "\x{30A8}"
          RenderListItem {LI} at (40,80) size 4x20
            RenderListMarker at (-17,0) size 12x20: "\x{30C6}"
            RenderText {#text} at (0,0) size 4x20
              text run at (0,0) width 4: "\x{30C6}"
          RenderListItem {LI} at (40,100) size 4x20
            RenderListMarker at (-17,0) size 12x20: "\x{30A2}"
            RenderText {#text} at (0,0) size 4x20
              text run at (0,0) width 4: "\x{30A2}"
          RenderListItem {LI} at (40,120) size 4x20
            RenderListMarker at (-17,0) size 12x20: "\x{30B5}"
            RenderText {#text} at (0,0) size 4x20
              text run at (0,0) width 4: "\x{30B5}"
          RenderListItem {LI} at (40,140) size 4x20
            RenderListMarker at (-17,0) size 12x20: "\x{30AD}"
            RenderText {#text} at (0,0) size 4x20
              text run at (0,0) width 4: "\x{30AD}"
          RenderListItem {LI} at (40,160) size 4x20
            RenderListMarker at (-17,0) size 12x20: "\x{30E6}"
            RenderText {#text} at (0,0) size 4x20
              text run at (0,0) width 4: "\x{30E6}"
          RenderListItem {LI} at (40,180) size 4x20
            RenderListMarker at (-17,0) size 12x20: "\x{30E1}"
            RenderText {#text} at (0,0) size 4x20
              text run at (0,0) width 4: "\x{30E1}"
        RenderBlock (floating) {OL} at (256,340) size 64x140
          RenderListItem {LI} at (40,0) size 4x20
            RenderListMarker at (-17,0) size 12x20: "\x{30DF}"
            RenderText {#text} at (0,0) size 4x20
              text run at (0,0) width 4: "\x{30DF}"
          RenderListItem {LI} at (40,20) size 4x20
            RenderListMarker at (-17,0) size 12x20: "\x{30B7}"
            RenderText {#text} at (0,0) size 4x20
              text run at (0,0) width 4: "\x{30B7}"
          RenderListItem {LI} at (40,40) size 4x20
            RenderListMarker at (-17,0) size 12x20: "\x{30F1}"
            RenderText {#text} at (0,0) size 4x20
              text run at (0,0) width 4: "\x{30F1}"
          RenderListItem {LI} at (40,60) size 4x20
            RenderListMarker at (-17,0) size 12x20: "\x{30D2}"
            RenderText {#text} at (0,0) size 4x20
              text run at (0,0) width 4: "\x{30D2}"
          RenderListItem {LI} at (40,80) size 4x20
            RenderListMarker at (-17,0) size 12x20: "\x{30E2}"
            RenderText {#text} at (0,0) size 4x20
              text run at (0,0) width 4: "\x{30E2}"
          RenderListItem {LI} at (40,100) size 4x20
            RenderListMarker at (-17,0) size 12x20: "\x{30BB}"
            RenderText {#text} at (0,0) size 4x20
              text run at (0,0) width 4: "\x{30BB}"
          RenderListItem {LI} at (40,120) size 4x20
            RenderListMarker at (-17,0) size 12x20: "\x{30B9}"
            RenderText {#text} at (0,0) size 4x20
              text run at (0,0) width 4: "\x{30B9}"
      RenderBlock {DIV} at (0,5298) size 765x265
        RenderBlock {H2} at (0,232) size 765x33
          RenderText {#text} at (0,0) size 95x33
            text run at (0,0) width 95: "katakana"
        RenderBlock (floating) {OL} at (0,300) size 64x240
          RenderListItem {LI} at (40,0) size 4x20
            RenderListMarker at (-17,0) size 12x20: "\x{30A2}"
            RenderText {#text} at (0,0) size 4x20
              text run at (0,0) width 4: "\x{30A2}"
          RenderListItem {LI} at (40,20) size 4x20
            RenderListMarker at (-17,0) size 12x20: "\x{30A4}"
            RenderText {#text} at (0,0) size 4x20
              text run at (0,0) width 4: "\x{30A4}"
          RenderListItem {LI} at (40,40) size 4x20
            RenderListMarker at (-17,0) size 12x20: "\x{30A6}"
            RenderText {#text} at (0,0) size 4x20
              text run at (0,0) width 4: "\x{30A6}"
          RenderListItem {LI} at (40,60) size 4x20
            RenderListMarker at (-17,0) size 12x20: "\x{30A8}"
            RenderText {#text} at (0,0) size 4x20
              text run at (0,0) width 4: "\x{30A8}"
          RenderListItem {LI} at (40,80) size 4x20
            RenderListMarker at (-17,0) size 12x20: "\x{30AA}"
            RenderText {#text} at (0,0) size 4x20
              text run at (0,0) width 4: "\x{30AA}"
          RenderListItem {LI} at (40,100) size 4x20
            RenderListMarker at (-17,0) size 12x20: "\x{30AB}"
            RenderText {#text} at (0,0) size 4x20
              text run at (0,0) width 4: "\x{30AB}"
          RenderListItem {LI} at (40,120) size 4x20
            RenderListMarker at (-17,0) size 12x20: "\x{30AD}"
            RenderText {#text} at (0,0) size 4x20
              text run at (0,0) width 4: "\x{30AD}"
          RenderListItem {LI} at (40,140) size 4x20
            RenderListMarker at (-17,0) size 12x20: "\x{30AF}"
            RenderText {#text} at (0,0) size 4x20
              text run at (0,0) width 4: "\x{30AF}"
          RenderListItem {LI} at (40,160) size 4x20
            RenderListMarker at (-17,0) size 12x20: "\x{30B1}"
            RenderText {#text} at (0,0) size 4x20
              text run at (0,0) width 4: "\x{30B1}"
          RenderListItem {LI} at (40,180) size 4x20
            RenderListMarker at (-17,0) size 12x20: "\x{30B3}"
            RenderText {#text} at (0,0) size 4x20
              text run at (0,0) width 4: "\x{30B3}"
          RenderListItem {LI} at (40,200) size 4x20
            RenderListMarker at (-17,0) size 12x20: "\x{30B5}"
            RenderText {#text} at (0,0) size 4x20
              text run at (0,0) width 4: "\x{30B5}"
          RenderListItem {LI} at (40,220) size 4x20
            RenderListMarker at (-17,0) size 12x20: "\x{30B7}"
            RenderText {#text} at (0,0) size 4x20
              text run at (0,0) width 4: "\x{30B7}"
        RenderBlock (floating) {OL} at (64,300) size 64x240
          RenderListItem {LI} at (40,0) size 4x20
            RenderListMarker at (-17,0) size 12x20: "\x{30B9}"
            RenderText {#text} at (0,0) size 4x20
              text run at (0,0) width 4: "\x{30B9}"
          RenderListItem {LI} at (40,20) size 4x20
            RenderListMarker at (-17,0) size 12x20: "\x{30BB}"
            RenderText {#text} at (0,0) size 4x20
              text run at (0,0) width 4: "\x{30BB}"
          RenderListItem {LI} at (40,40) size 4x20
            RenderListMarker at (-17,0) size 12x20: "\x{30BD}"
            RenderText {#text} at (0,0) size 4x20
              text run at (0,0) width 4: "\x{30BD}"
          RenderListItem {LI} at (40,60) size 4x20
            RenderListMarker at (-17,0) size 12x20: "\x{30BF}"
            RenderText {#text} at (0,0) size 4x20
              text run at (0,0) width 4: "\x{30BF}"
          RenderListItem {LI} at (40,80) size 4x20
            RenderListMarker at (-17,0) size 12x20: "\x{30C1}"
            RenderText {#text} at (0,0) size 4x20
              text run at (0,0) width 4: "\x{30C1}"
          RenderListItem {LI} at (40,100) size 4x20
            RenderListMarker at (-17,0) size 12x20: "\x{30C4}"
            RenderText {#text} at (0,0) size 4x20
              text run at (0,0) width 4: "\x{30C4}"
          RenderListItem {LI} at (40,120) size 4x20
            RenderListMarker at (-17,0) size 12x20: "\x{30C6}"
            RenderText {#text} at (0,0) size 4x20
              text run at (0,0) width 4: "\x{30C6}"
          RenderListItem {LI} at (40,140) size 4x20
            RenderListMarker at (-17,0) size 12x20: "\x{30C8}"
            RenderText {#text} at (0,0) size 4x20
              text run at (0,0) width 4: "\x{30C8}"
          RenderListItem {LI} at (40,160) size 4x20
            RenderListMarker at (-17,0) size 12x20: "\x{30CA}"
            RenderText {#text} at (0,0) size 4x20
              text run at (0,0) width 4: "\x{30CA}"
          RenderListItem {LI} at (40,180) size 4x20
            RenderListMarker at (-17,0) size 12x20: "\x{30CB}"
            RenderText {#text} at (0,0) size 4x20
              text run at (0,0) width 4: "\x{30CB}"
          RenderListItem {LI} at (40,200) size 4x20
            RenderListMarker at (-17,0) size 12x20: "\x{30CC}"
            RenderText {#text} at (0,0) size 4x20
              text run at (0,0) width 4: "\x{30CC}"
          RenderListItem {LI} at (40,220) size 4x20
            RenderListMarker at (-17,0) size 12x20: "\x{30CD}"
            RenderText {#text} at (0,0) size 4x20
              text run at (0,0) width 4: "\x{30CD}"
        RenderBlock (floating) {OL} at (128,300) size 64x240
          RenderListItem {LI} at (40,0) size 4x20
            RenderListMarker at (-17,0) size 12x20: "\x{30CE}"
            RenderText {#text} at (0,0) size 4x20
              text run at (0,0) width 4: "\x{30CE}"
          RenderListItem {LI} at (40,20) size 4x20
            RenderListMarker at (-17,0) size 12x20: "\x{30CF}"
            RenderText {#text} at (0,0) size 4x20
              text run at (0,0) width 4: "\x{30CF}"
          RenderListItem {LI} at (40,40) size 4x20
            RenderListMarker at (-17,0) size 12x20: "\x{30D2}"
            RenderText {#text} at (0,0) size 4x20
              text run at (0,0) width 4: "\x{30D2}"
          RenderListItem {LI} at (40,60) size 4x20
            RenderListMarker at (-17,0) size 12x20: "\x{30D5}"
            RenderText {#text} at (0,0) size 4x20
              text run at (0,0) width 4: "\x{30D5}"
          RenderListItem {LI} at (40,80) size 4x20
            RenderListMarker at (-17,0) size 12x20: "\x{30D8}"
            RenderText {#text} at (0,0) size 4x20
              text run at (0,0) width 4: "\x{30D8}"
          RenderListItem {LI} at (40,100) size 4x20
            RenderListMarker at (-17,0) size 12x20: "\x{30DB}"
            RenderText {#text} at (0,0) size 4x20
              text run at (0,0) width 4: "\x{30DB}"
          RenderListItem {LI} at (40,120) size 4x20
            RenderListMarker at (-17,0) size 12x20: "\x{30DE}"
            RenderText {#text} at (0,0) size 4x20
              text run at (0,0) width 4: "\x{30DE}"
          RenderListItem {LI} at (40,140) size 4x20
            RenderListMarker at (-17,0) size 12x20: "\x{30DF}"
            RenderText {#text} at (0,0) size 4x20
              text run at (0,0) width 4: "\x{30DF}"
          RenderListItem {LI} at (40,160) size 4x20
            RenderListMarker at (-17,0) size 12x20: "\x{30E0}"
            RenderText {#text} at (0,0) size 4x20
              text run at (0,0) width 4: "\x{30E0}"
          RenderListItem {LI} at (40,180) size 4x20
            RenderListMarker at (-17,0) size 12x20: "\x{30E1}"
            RenderText {#text} at (0,0) size 4x20
              text run at (0,0) width 4: "\x{30E1}"
          RenderListItem {LI} at (40,200) size 4x20
            RenderListMarker at (-17,0) size 12x20: "\x{30E2}"
            RenderText {#text} at (0,0) size 4x20
              text run at (0,0) width 4: "\x{30E2}"
          RenderListItem {LI} at (40,220) size 4x20
            RenderListMarker at (-17,0) size 12x20: "\x{30E4}"
            RenderText {#text} at (0,0) size 4x20
              text run at (0,0) width 4: "\x{30E4}"
        RenderBlock (floating) {OL} at (192,300) size 64x240
          RenderListItem {LI} at (40,0) size 4x20
            RenderListMarker at (-17,0) size 12x20: "\x{30E6}"
            RenderText {#text} at (0,0) size 4x20
              text run at (0,0) width 4: "\x{30E6}"
          RenderListItem {LI} at (40,20) size 4x20
            RenderListMarker at (-17,0) size 12x20: "\x{30E8}"
            RenderText {#text} at (0,0) size 4x20
              text run at (0,0) width 4: "\x{30E8}"
          RenderListItem {LI} at (40,40) size 4x20
            RenderListMarker at (-17,0) size 12x20: "\x{30E9}"
            RenderText {#text} at (0,0) size 4x20
              text run at (0,0) width 4: "\x{30E9}"
          RenderListItem {LI} at (40,60) size 4x20
            RenderListMarker at (-17,0) size 12x20: "\x{30EA}"
            RenderText {#text} at (0,0) size 4x20
              text run at (0,0) width 4: "\x{30EA}"
          RenderListItem {LI} at (40,80) size 4x20
            RenderListMarker at (-17,0) size 12x20: "\x{30EB}"
            RenderText {#text} at (0,0) size 4x20
              text run at (0,0) width 4: "\x{30EB}"
          RenderListItem {LI} at (40,100) size 4x20
            RenderListMarker at (-17,0) size 12x20: "\x{30EC}"
            RenderText {#text} at (0,0) size 4x20
              text run at (0,0) width 4: "\x{30EC}"
          RenderListItem {LI} at (40,120) size 4x20
            RenderListMarker at (-17,0) size 12x20: "\x{30ED}"
            RenderText {#text} at (0,0) size 4x20
              text run at (0,0) width 4: "\x{30ED}"
          RenderListItem {LI} at (40,140) size 4x20
            RenderListMarker at (-17,0) size 12x20: "\x{30EF}"
            RenderText {#text} at (0,0) size 4x20
              text run at (0,0) width 4: "\x{30EF}"
          RenderListItem {LI} at (40,160) size 4x20
            RenderListMarker at (-17,0) size 12x20: "\x{30F0}"
            RenderText {#text} at (0,0) size 4x20
              text run at (0,0) width 4: "\x{30F0}"
          RenderListItem {LI} at (40,180) size 4x20
            RenderListMarker at (-17,0) size 12x20: "\x{30F1}"
            RenderText {#text} at (0,0) size 4x20
              text run at (0,0) width 4: "\x{30F1}"
          RenderListItem {LI} at (40,200) size 4x20
            RenderListMarker at (-17,0) size 12x20: "\x{30F2}"
            RenderText {#text} at (0,0) size 4x20
              text run at (0,0) width 4: "\x{30F2}"
          RenderListItem {LI} at (40,220) size 4x20
            RenderListMarker at (-17,0) size 12x20: "\x{30F3}"
            RenderText {#text} at (0,0) size 4x20
              text run at (0,0) width 4: "\x{30F3}"
      RenderBlock {DIV} at (0,5582) size 765x305
        RenderBlock {H2} at (0,272) size 765x33
          RenderText {#text} at (0,0) size 123x33
            text run at (0,0) width 123: "lower-alpha"
        RenderBlock (floating) {OL} at (0,340) size 72x260
          RenderListItem {LI} at (40,0) size 12x20
            RenderListMarker at (-20,0) size 15x20: "a"
            RenderText {#text} at (0,0) size 7x20
              text run at (0,0) width 7: "a"
          RenderListItem {LI} at (40,20) size 12x20
            RenderListMarker at (-21,0) size 16x20: "b"
            RenderText {#text} at (0,0) size 8x20
              text run at (0,0) width 8: "b"
          RenderListItem {LI} at (40,40) size 12x20
            RenderListMarker at (-20,0) size 15x20: "c"
            RenderText {#text} at (0,0) size 7x20
              text run at (0,0) width 7: "c"
          RenderListItem {LI} at (40,60) size 12x20
            RenderListMarker at (-21,0) size 16x20: "d"
            RenderText {#text} at (0,0) size 8x20
              text run at (0,0) width 8: "d"
          RenderListItem {LI} at (40,80) size 12x20
            RenderListMarker at (-20,0) size 15x20: "e"
            RenderText {#text} at (0,0) size 7x20
              text run at (0,0) width 7: "e"
          RenderListItem {LI} at (40,100) size 12x20
            RenderListMarker at (-18,0) size 13x20: "f"
            RenderText {#text} at (0,0) size 5x20
              text run at (0,0) width 5: "f"
          RenderListItem {LI} at (40,120) size 12x20
            RenderListMarker at (-21,0) size 16x20: "g"
            RenderText {#text} at (0,0) size 8x20
              text run at (0,0) width 8: "g"
          RenderListItem {LI} at (40,140) size 12x20
            RenderListMarker at (-21,0) size 16x20: "h"
            RenderText {#text} at (0,0) size 8x20
              text run at (0,0) width 8: "h"
          RenderListItem {LI} at (40,160) size 12x20
            RenderListMarker at (-17,0) size 12x20: "i"
            RenderText {#text} at (0,0) size 4x20
              text run at (0,0) width 4: "i"
          RenderListItem {LI} at (40,180) size 12x20
            RenderListMarker at (-17,0) size 12x20: "j"
            RenderText {#text} at (0,0) size 4x20
              text run at (0,0) width 4: "j"
          RenderListItem {LI} at (40,200) size 12x20
            RenderListMarker at (-21,0) size 16x20: "k"
            RenderText {#text} at (0,0) size 8x20
              text run at (0,0) width 8: "k"
          RenderListItem {LI} at (40,220) size 12x20
            RenderListMarker at (-17,0) size 12x20: "l"
            RenderText {#text} at (0,0) size 4x20
              text run at (0,0) width 4: "l"
          RenderListItem {LI} at (40,240) size 12x20
            RenderListMarker at (-25,0) size 20x20: "m"
            RenderText {#text} at (0,0) size 12x20
              text run at (0,0) width 12: "m"
        RenderBlock (floating) {OL} at (72,340) size 72x260
          RenderListItem {LI} at (40,0) size 12x20
            RenderListMarker at (-21,0) size 16x20: "n"
            RenderText {#text} at (0,0) size 8x20
              text run at (0,0) width 8: "n"
          RenderListItem {LI} at (40,20) size 12x20
            RenderListMarker at (-21,0) size 16x20: "o"
            RenderText {#text} at (0,0) size 8x20
              text run at (0,0) width 8: "o"
          RenderListItem {LI} at (40,40) size 12x20
            RenderListMarker at (-21,0) size 16x20: "p"
            RenderText {#text} at (0,0) size 8x20
              text run at (0,0) width 8: "p"
          RenderListItem {LI} at (40,60) size 12x20
            RenderListMarker at (-21,0) size 16x20: "q"
            RenderText {#text} at (0,0) size 8x20
              text run at (0,0) width 8: "q"
          RenderListItem {LI} at (40,80) size 12x20
            RenderListMarker at (-18,0) size 13x20: "r"
            RenderText {#text} at (0,0) size 5x20
              text run at (0,0) width 5: "r"
          RenderListItem {LI} at (40,100) size 12x20
            RenderListMarker at (-19,0) size 14x20: "s"
            RenderText {#text} at (0,0) size 6x20
              text run at (0,0) width 6: "s"
          RenderListItem {LI} at (40,120) size 12x20
            RenderListMarker at (-17,0) size 12x20: "t"
            RenderText {#text} at (0,0) size 4x20
              text run at (0,0) width 4: "t"
          RenderListItem {LI} at (40,140) size 12x20
            RenderListMarker at (-21,0) size 16x20: "u"
            RenderText {#text} at (0,0) size 8x20
              text run at (0,0) width 8: "u"
          RenderListItem {LI} at (40,160) size 12x20
            RenderListMarker at (-21,0) size 16x20: "v"
            RenderText {#text} at (0,0) size 8x20
              text run at (0,0) width 8: "v"
          RenderListItem {LI} at (40,180) size 12x20
            RenderListMarker at (-25,0) size 20x20: "w"
            RenderText {#text} at (0,0) size 12x20
              text run at (0,0) width 12: "w"
          RenderListItem {LI} at (40,200) size 12x20
            RenderListMarker at (-21,0) size 16x20: "x"
            RenderText {#text} at (0,0) size 8x20
              text run at (0,0) width 8: "x"
          RenderListItem {LI} at (40,220) size 12x20
            RenderListMarker at (-21,0) size 16x20: "y"
            RenderText {#text} at (0,0) size 8x20
              text run at (0,0) width 8: "y"
          RenderListItem {LI} at (40,240) size 12x20
            RenderListMarker at (-20,0) size 15x20: "z"
            RenderText {#text} at (0,0) size 7x20
              text run at (0,0) width 7: "z"
      RenderBlock {DIV} at (0,5906) size 765x325
        RenderBlock {H2} at (0,292) size 765x33
          RenderText {#text} at (0,0) size 113x33
            text run at (0,0) width 113: "lower-latin"
        RenderBlock (floating) {OL} at (0,360) size 72x260
          RenderListItem {LI} at (40,0) size 12x20
            RenderListMarker at (-20,0) size 15x20: "a"
            RenderText {#text} at (0,0) size 7x20
              text run at (0,0) width 7: "a"
          RenderListItem {LI} at (40,20) size 12x20
            RenderListMarker at (-21,0) size 16x20: "b"
            RenderText {#text} at (0,0) size 8x20
              text run at (0,0) width 8: "b"
          RenderListItem {LI} at (40,40) size 12x20
            RenderListMarker at (-20,0) size 15x20: "c"
            RenderText {#text} at (0,0) size 7x20
              text run at (0,0) width 7: "c"
          RenderListItem {LI} at (40,60) size 12x20
            RenderListMarker at (-21,0) size 16x20: "d"
            RenderText {#text} at (0,0) size 8x20
              text run at (0,0) width 8: "d"
          RenderListItem {LI} at (40,80) size 12x20
            RenderListMarker at (-20,0) size 15x20: "e"
            RenderText {#text} at (0,0) size 7x20
              text run at (0,0) width 7: "e"
          RenderListItem {LI} at (40,100) size 12x20
            RenderListMarker at (-18,0) size 13x20: "f"
            RenderText {#text} at (0,0) size 5x20
              text run at (0,0) width 5: "f"
          RenderListItem {LI} at (40,120) size 12x20
            RenderListMarker at (-21,0) size 16x20: "g"
            RenderText {#text} at (0,0) size 8x20
              text run at (0,0) width 8: "g"
          RenderListItem {LI} at (40,140) size 12x20
            RenderListMarker at (-21,0) size 16x20: "h"
            RenderText {#text} at (0,0) size 8x20
              text run at (0,0) width 8: "h"
          RenderListItem {LI} at (40,160) size 12x20
            RenderListMarker at (-17,0) size 12x20: "i"
            RenderText {#text} at (0,0) size 4x20
              text run at (0,0) width 4: "i"
          RenderListItem {LI} at (40,180) size 12x20
            RenderListMarker at (-17,0) size 12x20: "j"
            RenderText {#text} at (0,0) size 4x20
              text run at (0,0) width 4: "j"
          RenderListItem {LI} at (40,200) size 12x20
            RenderListMarker at (-21,0) size 16x20: "k"
            RenderText {#text} at (0,0) size 8x20
              text run at (0,0) width 8: "k"
          RenderListItem {LI} at (40,220) size 12x20
            RenderListMarker at (-17,0) size 12x20: "l"
            RenderText {#text} at (0,0) size 4x20
              text run at (0,0) width 4: "l"
          RenderListItem {LI} at (40,240) size 12x20
            RenderListMarker at (-25,0) size 20x20: "m"
            RenderText {#text} at (0,0) size 12x20
              text run at (0,0) width 12: "m"
        RenderBlock (floating) {OL} at (72,360) size 72x260
          RenderListItem {LI} at (40,0) size 12x20
            RenderListMarker at (-21,0) size 16x20: "n"
            RenderText {#text} at (0,0) size 8x20
              text run at (0,0) width 8: "n"
          RenderListItem {LI} at (40,20) size 12x20
            RenderListMarker at (-21,0) size 16x20: "o"
            RenderText {#text} at (0,0) size 8x20
              text run at (0,0) width 8: "o"
          RenderListItem {LI} at (40,40) size 12x20
            RenderListMarker at (-21,0) size 16x20: "p"
            RenderText {#text} at (0,0) size 8x20
              text run at (0,0) width 8: "p"
          RenderListItem {LI} at (40,60) size 12x20
            RenderListMarker at (-21,0) size 16x20: "q"
            RenderText {#text} at (0,0) size 8x20
              text run at (0,0) width 8: "q"
          RenderListItem {LI} at (40,80) size 12x20
            RenderListMarker at (-18,0) size 13x20: "r"
            RenderText {#text} at (0,0) size 5x20
              text run at (0,0) width 5: "r"
          RenderListItem {LI} at (40,100) size 12x20
            RenderListMarker at (-19,0) size 14x20: "s"
            RenderText {#text} at (0,0) size 6x20
              text run at (0,0) width 6: "s"
          RenderListItem {LI} at (40,120) size 12x20
            RenderListMarker at (-17,0) size 12x20: "t"
            RenderText {#text} at (0,0) size 4x20
              text run at (0,0) width 4: "t"
          RenderListItem {LI} at (40,140) size 12x20
            RenderListMarker at (-21,0) size 16x20: "u"
            RenderText {#text} at (0,0) size 8x20
              text run at (0,0) width 8: "u"
          RenderListItem {LI} at (40,160) size 12x20
            RenderListMarker at (-21,0) size 16x20: "v"
            RenderText {#text} at (0,0) size 8x20
              text run at (0,0) width 8: "v"
          RenderListItem {LI} at (40,180) size 12x20
            RenderListMarker at (-25,0) size 20x20: "w"
            RenderText {#text} at (0,0) size 12x20
              text run at (0,0) width 12: "w"
          RenderListItem {LI} at (40,200) size 12x20
            RenderListMarker at (-21,0) size 16x20: "x"
            RenderText {#text} at (0,0) size 8x20
              text run at (0,0) width 8: "x"
          RenderListItem {LI} at (40,220) size 12x20
            RenderListMarker at (-21,0) size 16x20: "y"
            RenderText {#text} at (0,0) size 8x20
              text run at (0,0) width 8: "y"
          RenderListItem {LI} at (40,240) size 12x20
            RenderListMarker at (-20,0) size 15x20: "z"
            RenderText {#text} at (0,0) size 7x20
              text run at (0,0) width 7: "z"
      RenderBlock {DIV} at (0,6250) size 765x325
        RenderBlock {H2} at (0,292) size 765x33
          RenderText {#text} at (0,0) size 124x33
            text run at (0,0) width 124: "lower-greek"
        RenderBlock (floating) {OL} at (0,360) size 70x240
          RenderListItem {LI} at (40,0) size 10x20
            RenderListMarker at (-23,0) size 18x20: "\x{3B1}"
            RenderText {#text} at (0,0) size 10x20
              text run at (0,0) width 10: "\x{3B1}"
          RenderListItem {LI} at (40,20) size 10x20
            RenderListMarker at (-22,0) size 17x20: "\x{3B2}"
            RenderText {#text} at (0,0) size 9x20
              text run at (0,0) width 9: "\x{3B2}"
          RenderListItem {LI} at (40,40) size 10x20
            RenderListMarker at (-20,0) size 15x20: "\x{3B3}"
            RenderText {#text} at (0,0) size 7x20
              text run at (0,0) width 7: "\x{3B3}"
          RenderListItem {LI} at (40,60) size 10x20
            RenderListMarker at (-21,0) size 16x20: "\x{3B4}"
            RenderText {#text} at (0,0) size 8x20
              text run at (0,0) width 8: "\x{3B4}"
          RenderListItem {LI} at (40,80) size 10x20
            RenderListMarker at (-20,0) size 15x20: "\x{3B5}"
            RenderText {#text} at (0,0) size 7x20
              text run at (0,0) width 7: "\x{3B5}"
          RenderListItem {LI} at (40,100) size 10x20
            RenderListMarker at (-21,0) size 16x20: "\x{3B6}"
            RenderText {#text} at (0,0) size 8x20
              text run at (0,0) width 8: "\x{3B6}"
          RenderListItem {LI} at (40,120) size 10x20
            RenderListMarker at (-23,0) size 18x20: "\x{3B7}"
            RenderText {#text} at (0,0) size 10x20
              text run at (0,0) width 10: "\x{3B7}"
          RenderListItem {LI} at (40,140) size 10x20
            RenderListMarker at (-21,0) size 16x20: "\x{3B8}"
            RenderText {#text} at (0,0) size 8x20
              text run at (0,0) width 8: "\x{3B8}"
          RenderListItem {LI} at (40,160) size 10x20
            RenderListMarker at (-18,0) size 13x20: "\x{3B9}"
            RenderText {#text} at (0,0) size 5x20
              text run at (0,0) width 5: "\x{3B9}"
          RenderListItem {LI} at (40,180) size 10x20
            RenderListMarker at (-22,0) size 17x20: "\x{3BA}"
            RenderText {#text} at (0,0) size 9x20
              text run at (0,0) width 9: "\x{3BA}"
          RenderListItem {LI} at (40,200) size 10x20
            RenderListMarker at (-22,0) size 17x20: "\x{3BB}"
            RenderText {#text} at (0,0) size 9x20
              text run at (0,0) width 9: "\x{3BB}"
          RenderListItem {LI} at (40,220) size 10x20
            RenderListMarker at (-21,0) size 16x20: "\x{3BC}"
            RenderText {#text} at (0,0) size 8x20
              text run at (0,0) width 8: "\x{3BC}"
        RenderBlock (floating) {OL} at (70,360) size 71x240
          RenderListItem {LI} at (40,0) size 11x20
            RenderListMarker at (-21,0) size 16x20: "\x{3BD}"
            RenderText {#text} at (0,0) size 8x20
              text run at (0,0) width 8: "\x{3BD}"
          RenderListItem {LI} at (40,20) size 11x20
            RenderListMarker at (-21,0) size 16x20: "\x{3BE}"
            RenderText {#text} at (0,0) size 8x20
              text run at (0,0) width 8: "\x{3BE}"
          RenderListItem {LI} at (40,40) size 11x20
            RenderListMarker at (-22,0) size 17x20: "\x{3BF}"
            RenderText {#text} at (0,0) size 9x20
              text run at (0,0) width 9: "\x{3BF}"
          RenderListItem {LI} at (40,60) size 11x20
            RenderListMarker at (-22,0) size 17x20: "\x{3C0}"
            RenderText {#text} at (0,0) size 9x20
              text run at (0,0) width 9: "\x{3C0}"
          RenderListItem {LI} at (40,80) size 11x20
            RenderListMarker at (-22,0) size 17x20: "\x{3C1}"
            RenderText {#text} at (0,0) size 9x20
              text run at (0,0) width 9: "\x{3C1}"
          RenderListItem {LI} at (40,100) size 11x20
            RenderListMarker at (-23,0) size 18x20: "\x{3C3}"
            RenderText {#text} at (0,0) size 10x20
              text run at (0,0) width 10: "\x{3C3}"
          RenderListItem {LI} at (40,120) size 11x20
            RenderListMarker at (-20,0) size 15x20: "\x{3C4}"
            RenderText {#text} at (0,0) size 7x20
              text run at (0,0) width 7: "\x{3C4}"
          RenderListItem {LI} at (40,140) size 11x20
            RenderListMarker at (-22,0) size 17x20: "\x{3C5}"
            RenderText {#text} at (0,0) size 9x20
              text run at (0,0) width 9: "\x{3C5}"
          RenderListItem {LI} at (40,160) size 11x20
            RenderListMarker at (-21,0) size 16x20: "\x{3C6}"
            RenderText {#text} at (0,0) size 8x20
              text run at (0,0) width 8: "\x{3C6}"
          RenderListItem {LI} at (40,180) size 11x20
            RenderListMarker at (-22,0) size 17x20: "\x{3C7}"
            RenderText {#text} at (0,0) size 9x20
              text run at (0,0) width 9: "\x{3C7}"
          RenderListItem {LI} at (40,200) size 11x20
            RenderListMarker at (-24,0) size 19x20: "\x{3C8}"
            RenderText {#text} at (0,0) size 11x20
              text run at (0,0) width 11: "\x{3C8}"
          RenderListItem {LI} at (40,220) size 11x20
            RenderListMarker at (-24,0) size 19x20: "\x{3C9}"
            RenderText {#text} at (0,0) size 11x20
              text run at (0,0) width 11: "\x{3C9}"
      RenderBlock {DIV} at (0,6594) size 765x305
        RenderBlock {H2} at (0,272) size 765x33
          RenderText {#text} at (0,0) size 174x33
            text run at (0,0) width 174: "lower-norwegian"
        RenderBlock (floating) {OL} at (0,340) size 68x240
          RenderListItem {LI} at (40,0) size 8x20
            RenderListMarker at (-20,0) size 15x20: "a"
            RenderText {#text} at (0,0) size 7x20
              text run at (0,0) width 7: "a"
          RenderListItem {LI} at (40,20) size 8x20
            RenderListMarker at (-21,0) size 16x20: "b"
            RenderText {#text} at (0,0) size 8x20
              text run at (0,0) width 8: "b"
          RenderListItem {LI} at (40,40) size 8x20
            RenderListMarker at (-20,0) size 15x20: "c"
            RenderText {#text} at (0,0) size 7x20
              text run at (0,0) width 7: "c"
          RenderListItem {LI} at (40,60) size 8x20
            RenderListMarker at (-21,0) size 16x20: "d"
            RenderText {#text} at (0,0) size 8x20
              text run at (0,0) width 8: "d"
          RenderListItem {LI} at (40,80) size 8x20
            RenderListMarker at (-20,0) size 15x20: "e"
            RenderText {#text} at (0,0) size 7x20
              text run at (0,0) width 7: "e"
          RenderListItem {LI} at (40,100) size 8x20
            RenderListMarker at (-18,0) size 13x20: "f"
            RenderText {#text} at (0,0) size 5x20
              text run at (0,0) width 5: "f"
          RenderListItem {LI} at (40,120) size 8x20
            RenderListMarker at (-21,0) size 16x20: "g"
            RenderText {#text} at (0,0) size 8x20
              text run at (0,0) width 8: "g"
          RenderListItem {LI} at (40,140) size 8x20
            RenderListMarker at (-21,0) size 16x20: "h"
            RenderText {#text} at (0,0) size 8x20
              text run at (0,0) width 8: "h"
          RenderListItem {LI} at (40,160) size 8x20
            RenderListMarker at (-17,0) size 12x20: "i"
            RenderText {#text} at (0,0) size 4x20
              text run at (0,0) width 4: "i"
          RenderListItem {LI} at (40,180) size 8x20
            RenderListMarker at (-17,0) size 12x20: "j"
            RenderText {#text} at (0,0) size 4x20
              text run at (0,0) width 4: "j"
          RenderListItem {LI} at (40,200) size 8x20
            RenderListMarker at (-21,0) size 16x20: "k"
            RenderText {#text} at (0,0) size 8x20
              text run at (0,0) width 8: "k"
          RenderListItem {LI} at (40,220) size 8x20
            RenderListMarker at (-17,0) size 12x20: "l"
            RenderText {#text} at (0,0) size 4x20
              text run at (0,0) width 4: "l"
        RenderBlock (floating) {OL} at (68,340) size 72x240
          RenderListItem {LI} at (40,0) size 12x20
            RenderListMarker at (-25,0) size 20x20: "m"
            RenderText {#text} at (0,0) size 12x20
              text run at (0,0) width 12: "m"
          RenderListItem {LI} at (40,20) size 12x20
            RenderListMarker at (-21,0) size 16x20: "n"
            RenderText {#text} at (0,0) size 8x20
              text run at (0,0) width 8: "n"
          RenderListItem {LI} at (40,40) size 12x20
            RenderListMarker at (-21,0) size 16x20: "o"
            RenderText {#text} at (0,0) size 8x20
              text run at (0,0) width 8: "o"
          RenderListItem {LI} at (40,60) size 12x20
            RenderListMarker at (-21,0) size 16x20: "p"
            RenderText {#text} at (0,0) size 8x20
              text run at (0,0) width 8: "p"
          RenderListItem {LI} at (40,80) size 12x20
            RenderListMarker at (-21,0) size 16x20: "q"
            RenderText {#text} at (0,0) size 8x20
              text run at (0,0) width 8: "q"
          RenderListItem {LI} at (40,100) size 12x20
            RenderListMarker at (-18,0) size 13x20: "r"
            RenderText {#text} at (0,0) size 5x20
              text run at (0,0) width 5: "r"
          RenderListItem {LI} at (40,120) size 12x20
            RenderListMarker at (-19,0) size 14x20: "s"
            RenderText {#text} at (0,0) size 6x20
              text run at (0,0) width 6: "s"
          RenderListItem {LI} at (40,140) size 12x20
            RenderListMarker at (-17,0) size 12x20: "t"
            RenderText {#text} at (0,0) size 4x20
              text run at (0,0) width 4: "t"
          RenderListItem {LI} at (40,160) size 12x20
            RenderListMarker at (-21,0) size 16x20: "u"
            RenderText {#text} at (0,0) size 8x20
              text run at (0,0) width 8: "u"
          RenderListItem {LI} at (40,180) size 12x20
            RenderListMarker at (-21,0) size 16x20: "v"
            RenderText {#text} at (0,0) size 8x20
              text run at (0,0) width 8: "v"
          RenderListItem {LI} at (40,200) size 12x20
            RenderListMarker at (-25,0) size 20x20: "w"
            RenderText {#text} at (0,0) size 12x20
              text run at (0,0) width 12: "w"
          RenderListItem {LI} at (40,220) size 12x20
            RenderListMarker at (-21,0) size 16x20: "x"
            RenderText {#text} at (0,0) size 8x20
              text run at (0,0) width 8: "x"
        RenderBlock (floating) {OL} at (140,340) size 71x100
          RenderListItem {LI} at (40,0) size 11x20
            RenderListMarker at (-21,0) size 16x20: "y"
            RenderText {#text} at (0,0) size 8x20
              text run at (0,0) width 8: "y"
          RenderListItem {LI} at (40,20) size 11x20
            RenderListMarker at (-20,0) size 15x20: "z"
            RenderText {#text} at (0,0) size 7x20
              text run at (0,0) width 7: "z"
          RenderListItem {LI} at (40,40) size 11x20
            RenderListMarker at (-24,0) size 19x20: "\x{E6}"
            RenderText {#text} at (0,0) size 11x20
              text run at (0,0) width 11: "\x{E6}"
          RenderListItem {LI} at (40,60) size 11x20
            RenderListMarker at (-21,0) size 16x20: "\x{F8}"
            RenderText {#text} at (0,0) size 8x20
              text run at (0,0) width 8: "\x{F8}"
          RenderListItem {LI} at (40,80) size 11x20
            RenderListMarker at (-20,0) size 15x20: "\x{E5}"
            RenderText {#text} at (0,0) size 7x20
              text run at (0,0) width 7: "\x{E5}"
      RenderBlock {DIV} at (0,6918) size 765x305
        RenderBlock {H2} at (0,272) size 765x33
          RenderText {#text} at (0,0) size 67x33
            text run at (0,0) width 67: "oromo"
        RenderBlock (floating) {OL} at (0,340) size 64x200
          RenderListItem {LI} at (40,0) size 4x20
            RenderListMarker at (-17,0) size 12x20: "\x{1200}"
            RenderText {#text} at (0,0) size 4x20
              text run at (0,0) width 4: "\x{1200}"
          RenderListItem {LI} at (40,20) size 4x20
            RenderListMarker at (-17,0) size 12x20: "\x{1208}"
            RenderText {#text} at (0,0) size 4x20
              text run at (0,0) width 4: "\x{1208}"
          RenderListItem {LI} at (40,40) size 4x20
            RenderListMarker at (-17,0) size 12x20: "\x{1218}"
            RenderText {#text} at (0,0) size 4x20
              text run at (0,0) width 4: "\x{1218}"
          RenderListItem {LI} at (40,60) size 4x20
            RenderListMarker at (-17,0) size 12x20: "\x{1228}"
            RenderText {#text} at (0,0) size 4x20
              text run at (0,0) width 4: "\x{1228}"
          RenderListItem {LI} at (40,80) size 4x20
            RenderListMarker at (-17,0) size 12x20: "\x{1230}"
            RenderText {#text} at (0,0) size 4x20
              text run at (0,0) width 4: "\x{1230}"
          RenderListItem {LI} at (40,100) size 4x20
            RenderListMarker at (-17,0) size 12x20: "\x{1238}"
            RenderText {#text} at (0,0) size 4x20
              text run at (0,0) width 4: "\x{1238}"
          RenderListItem {LI} at (40,120) size 4x20
            RenderListMarker at (-17,0) size 12x20: "\x{1240}"
            RenderText {#text} at (0,0) size 4x20
              text run at (0,0) width 4: "\x{1240}"
          RenderListItem {LI} at (40,140) size 4x20
            RenderListMarker at (-17,0) size 12x20: "\x{1260}"
            RenderText {#text} at (0,0) size 4x20
              text run at (0,0) width 4: "\x{1260}"
          RenderListItem {LI} at (40,160) size 4x20
            RenderListMarker at (-17,0) size 12x20: "\x{1270}"
            RenderText {#text} at (0,0) size 4x20
              text run at (0,0) width 4: "\x{1270}"
          RenderListItem {LI} at (40,180) size 4x20
            RenderListMarker at (-17,0) size 12x20: "\x{1278}"
            RenderText {#text} at (0,0) size 4x20
              text run at (0,0) width 4: "\x{1278}"
        RenderBlock (floating) {OL} at (64,340) size 64x200
          RenderListItem {LI} at (40,0) size 4x20
            RenderListMarker at (-17,0) size 12x20: "\x{1290}"
            RenderText {#text} at (0,0) size 4x20
              text run at (0,0) width 4: "\x{1290}"
          RenderListItem {LI} at (40,20) size 4x20
            RenderListMarker at (-17,0) size 12x20: "\x{1298}"
            RenderText {#text} at (0,0) size 4x20
              text run at (0,0) width 4: "\x{1298}"
          RenderListItem {LI} at (40,40) size 4x20
            RenderListMarker at (-17,0) size 12x20: "\x{12A0}"
            RenderText {#text} at (0,0) size 4x20
              text run at (0,0) width 4: "\x{12A0}"
          RenderListItem {LI} at (40,60) size 4x20
            RenderListMarker at (-17,0) size 12x20: "\x{12A8}"
            RenderText {#text} at (0,0) size 4x20
              text run at (0,0) width 4: "\x{12A8}"
          RenderListItem {LI} at (40,80) size 4x20
            RenderListMarker at (-17,0) size 12x20: "\x{12C8}"
            RenderText {#text} at (0,0) size 4x20
              text run at (0,0) width 4: "\x{12C8}"
          RenderListItem {LI} at (40,100) size 4x20
            RenderListMarker at (-17,0) size 12x20: "\x{12E8}"
            RenderText {#text} at (0,0) size 4x20
              text run at (0,0) width 4: "\x{12E8}"
          RenderListItem {LI} at (40,120) size 4x20
            RenderListMarker at (-17,0) size 12x20: "\x{12F0}"
            RenderText {#text} at (0,0) size 4x20
              text run at (0,0) width 4: "\x{12F0}"
          RenderListItem {LI} at (40,140) size 4x20
            RenderListMarker at (-17,0) size 12x20: "\x{12F8}"
            RenderText {#text} at (0,0) size 4x20
              text run at (0,0) width 4: "\x{12F8}"
          RenderListItem {LI} at (40,160) size 4x20
            RenderListMarker at (-17,0) size 12x20: "\x{1300}"
            RenderText {#text} at (0,0) size 4x20
              text run at (0,0) width 4: "\x{1300}"
          RenderListItem {LI} at (40,180) size 4x20
            RenderListMarker at (-17,0) size 12x20: "\x{1308}"
            RenderText {#text} at (0,0) size 4x20
              text run at (0,0) width 4: "\x{1308}"
        RenderBlock (floating) {OL} at (128,340) size 64x100
          RenderListItem {LI} at (40,0) size 4x20
            RenderListMarker at (-17,0) size 12x20: "\x{1320}"
            RenderText {#text} at (0,0) size 4x20
              text run at (0,0) width 4: "\x{1320}"
          RenderListItem {LI} at (40,20) size 4x20
            RenderListMarker at (-17,0) size 12x20: "\x{1328}"
            RenderText {#text} at (0,0) size 4x20
              text run at (0,0) width 4: "\x{1328}"
          RenderListItem {LI} at (40,40) size 4x20
            RenderListMarker at (-17,0) size 12x20: "\x{1338}"
            RenderText {#text} at (0,0) size 4x20
              text run at (0,0) width 4: "\x{1338}"
          RenderListItem {LI} at (40,60) size 4x20
            RenderListMarker at (-17,0) size 12x20: "\x{1330}"
            RenderText {#text} at (0,0) size 4x20
              text run at (0,0) width 4: "\x{1330}"
          RenderListItem {LI} at (40,80) size 4x20
            RenderListMarker at (-17,0) size 12x20: "\x{1348}"
            RenderText {#text} at (0,0) size 4x20
              text run at (0,0) width 4: "\x{1348}"
      RenderBlock {DIV} at (0,7242) size 765x265
        RenderBlock {H2} at (0,232) size 765x33
          RenderText {#text} at (0,0) size 256x33
            text run at (0,0) width 256: "ethiopic-halehame-om-et"
        RenderBlock (floating) {OL} at (0,300) size 64x200
          RenderListItem {LI} at (40,0) size 4x20
            RenderListMarker at (-17,0) size 12x20: "\x{1200}"
            RenderText {#text} at (0,0) size 4x20
              text run at (0,0) width 4: "\x{1200}"
          RenderListItem {LI} at (40,20) size 4x20
            RenderListMarker at (-17,0) size 12x20: "\x{1208}"
            RenderText {#text} at (0,0) size 4x20
              text run at (0,0) width 4: "\x{1208}"
          RenderListItem {LI} at (40,40) size 4x20
            RenderListMarker at (-17,0) size 12x20: "\x{1218}"
            RenderText {#text} at (0,0) size 4x20
              text run at (0,0) width 4: "\x{1218}"
          RenderListItem {LI} at (40,60) size 4x20
            RenderListMarker at (-17,0) size 12x20: "\x{1228}"
            RenderText {#text} at (0,0) size 4x20
              text run at (0,0) width 4: "\x{1228}"
          RenderListItem {LI} at (40,80) size 4x20
            RenderListMarker at (-17,0) size 12x20: "\x{1230}"
            RenderText {#text} at (0,0) size 4x20
              text run at (0,0) width 4: "\x{1230}"
          RenderListItem {LI} at (40,100) size 4x20
            RenderListMarker at (-17,0) size 12x20: "\x{1238}"
            RenderText {#text} at (0,0) size 4x20
              text run at (0,0) width 4: "\x{1238}"
          RenderListItem {LI} at (40,120) size 4x20
            RenderListMarker at (-17,0) size 12x20: "\x{1240}"
            RenderText {#text} at (0,0) size 4x20
              text run at (0,0) width 4: "\x{1240}"
          RenderListItem {LI} at (40,140) size 4x20
            RenderListMarker at (-17,0) size 12x20: "\x{1260}"
            RenderText {#text} at (0,0) size 4x20
              text run at (0,0) width 4: "\x{1260}"
          RenderListItem {LI} at (40,160) size 4x20
            RenderListMarker at (-17,0) size 12x20: "\x{1270}"
            RenderText {#text} at (0,0) size 4x20
              text run at (0,0) width 4: "\x{1270}"
          RenderListItem {LI} at (40,180) size 4x20
            RenderListMarker at (-17,0) size 12x20: "\x{1278}"
            RenderText {#text} at (0,0) size 4x20
              text run at (0,0) width 4: "\x{1278}"
        RenderBlock (floating) {OL} at (64,300) size 64x200
          RenderListItem {LI} at (40,0) size 4x20
            RenderListMarker at (-17,0) size 12x20: "\x{1290}"
            RenderText {#text} at (0,0) size 4x20
              text run at (0,0) width 4: "\x{1290}"
          RenderListItem {LI} at (40,20) size 4x20
            RenderListMarker at (-17,0) size 12x20: "\x{1298}"
            RenderText {#text} at (0,0) size 4x20
              text run at (0,0) width 4: "\x{1298}"
          RenderListItem {LI} at (40,40) size 4x20
            RenderListMarker at (-17,0) size 12x20: "\x{12A0}"
            RenderText {#text} at (0,0) size 4x20
              text run at (0,0) width 4: "\x{12A0}"
          RenderListItem {LI} at (40,60) size 4x20
            RenderListMarker at (-17,0) size 12x20: "\x{12A8}"
            RenderText {#text} at (0,0) size 4x20
              text run at (0,0) width 4: "\x{12A8}"
          RenderListItem {LI} at (40,80) size 4x20
            RenderListMarker at (-17,0) size 12x20: "\x{12C8}"
            RenderText {#text} at (0,0) size 4x20
              text run at (0,0) width 4: "\x{12C8}"
          RenderListItem {LI} at (40,100) size 4x20
            RenderListMarker at (-17,0) size 12x20: "\x{12E8}"
            RenderText {#text} at (0,0) size 4x20
              text run at (0,0) width 4: "\x{12E8}"
          RenderListItem {LI} at (40,120) size 4x20
            RenderListMarker at (-17,0) size 12x20: "\x{12F0}"
            RenderText {#text} at (0,0) size 4x20
              text run at (0,0) width 4: "\x{12F0}"
          RenderListItem {LI} at (40,140) size 4x20
            RenderListMarker at (-17,0) size 12x20: "\x{12F8}"
            RenderText {#text} at (0,0) size 4x20
              text run at (0,0) width 4: "\x{12F8}"
          RenderListItem {LI} at (40,160) size 4x20
            RenderListMarker at (-17,0) size 12x20: "\x{1300}"
            RenderText {#text} at (0,0) size 4x20
              text run at (0,0) width 4: "\x{1300}"
          RenderListItem {LI} at (40,180) size 4x20
            RenderListMarker at (-17,0) size 12x20: "\x{1308}"
            RenderText {#text} at (0,0) size 4x20
              text run at (0,0) width 4: "\x{1308}"
        RenderBlock (floating) {OL} at (128,300) size 64x100
          RenderListItem {LI} at (40,0) size 4x20
            RenderListMarker at (-17,0) size 12x20: "\x{1320}"
            RenderText {#text} at (0,0) size 4x20
              text run at (0,0) width 4: "\x{1320}"
          RenderListItem {LI} at (40,20) size 4x20
            RenderListMarker at (-17,0) size 12x20: "\x{1328}"
            RenderText {#text} at (0,0) size 4x20
              text run at (0,0) width 4: "\x{1328}"
          RenderListItem {LI} at (40,40) size 4x20
            RenderListMarker at (-17,0) size 12x20: "\x{1338}"
            RenderText {#text} at (0,0) size 4x20
              text run at (0,0) width 4: "\x{1338}"
          RenderListItem {LI} at (40,60) size 4x20
            RenderListMarker at (-17,0) size 12x20: "\x{1330}"
            RenderText {#text} at (0,0) size 4x20
              text run at (0,0) width 4: "\x{1330}"
          RenderListItem {LI} at (40,80) size 4x20
            RenderListMarker at (-17,0) size 12x20: "\x{1348}"
            RenderText {#text} at (0,0) size 4x20
              text run at (0,0) width 4: "\x{1348}"
      RenderBlock {DIV} at (0,7526) size 765x265
        RenderBlock {H2} at (0,232) size 765x33
          RenderText {#text} at (0,0) size 73x33
            text run at (0,0) width 73: "sidama"
        RenderBlock (floating) {OL} at (0,300) size 64x260
          RenderListItem {LI} at (40,0) size 4x20
            RenderListMarker at (-17,0) size 12x20: "\x{1200}"
            RenderText {#text} at (0,0) size 4x20
              text run at (0,0) width 4: "\x{1200}"
          RenderListItem {LI} at (40,20) size 4x20
            RenderListMarker at (-17,0) size 12x20: "\x{1208}"
            RenderText {#text} at (0,0) size 4x20
              text run at (0,0) width 4: "\x{1208}"
          RenderListItem {LI} at (40,40) size 4x20
            RenderListMarker at (-17,0) size 12x20: "\x{1210}"
            RenderText {#text} at (0,0) size 4x20
              text run at (0,0) width 4: "\x{1210}"
          RenderListItem {LI} at (40,60) size 4x20
            RenderListMarker at (-17,0) size 12x20: "\x{1218}"
            RenderText {#text} at (0,0) size 4x20
              text run at (0,0) width 4: "\x{1218}"
          RenderListItem {LI} at (40,80) size 4x20
            RenderListMarker at (-17,0) size 12x20: "\x{1228}"
            RenderText {#text} at (0,0) size 4x20
              text run at (0,0) width 4: "\x{1228}"
          RenderListItem {LI} at (40,100) size 4x20
            RenderListMarker at (-17,0) size 12x20: "\x{1230}"
            RenderText {#text} at (0,0) size 4x20
              text run at (0,0) width 4: "\x{1230}"
          RenderListItem {LI} at (40,120) size 4x20
            RenderListMarker at (-17,0) size 12x20: "\x{1238}"
            RenderText {#text} at (0,0) size 4x20
              text run at (0,0) width 4: "\x{1238}"
          RenderListItem {LI} at (40,140) size 4x20
            RenderListMarker at (-17,0) size 12x20: "\x{1240}"
            RenderText {#text} at (0,0) size 4x20
              text run at (0,0) width 4: "\x{1240}"
          RenderListItem {LI} at (40,160) size 4x20
            RenderListMarker at (-17,0) size 12x20: "\x{1260}"
            RenderText {#text} at (0,0) size 4x20
              text run at (0,0) width 4: "\x{1260}"
          RenderListItem {LI} at (40,180) size 4x20
            RenderListMarker at (-17,0) size 12x20: "\x{1270}"
            RenderText {#text} at (0,0) size 4x20
              text run at (0,0) width 4: "\x{1270}"
          RenderListItem {LI} at (40,200) size 4x20
            RenderListMarker at (-17,0) size 12x20: "\x{1278}"
            RenderText {#text} at (0,0) size 4x20
              text run at (0,0) width 4: "\x{1278}"
          RenderListItem {LI} at (40,220) size 4x20
            RenderListMarker at (-17,0) size 12x20: "\x{1290}"
            RenderText {#text} at (0,0) size 4x20
              text run at (0,0) width 4: "\x{1290}"
          RenderListItem {LI} at (40,240) size 4x20
            RenderListMarker at (-17,0) size 12x20: "\x{1298}"
            RenderText {#text} at (0,0) size 4x20
              text run at (0,0) width 4: "\x{1298}"
        RenderBlock (floating) {OL} at (64,300) size 64x260
          RenderListItem {LI} at (40,0) size 4x20
            RenderListMarker at (-17,0) size 12x20: "\x{12A0}"
            RenderText {#text} at (0,0) size 4x20
              text run at (0,0) width 4: "\x{12A0}"
          RenderListItem {LI} at (40,20) size 4x20
            RenderListMarker at (-17,0) size 12x20: "\x{12A8}"
            RenderText {#text} at (0,0) size 4x20
              text run at (0,0) width 4: "\x{12A8}"
          RenderListItem {LI} at (40,40) size 4x20
            RenderListMarker at (-17,0) size 12x20: "\x{12C8}"
            RenderText {#text} at (0,0) size 4x20
              text run at (0,0) width 4: "\x{12C8}"
          RenderListItem {LI} at (40,60) size 4x20
            RenderListMarker at (-17,0) size 12x20: "\x{12E8}"
            RenderText {#text} at (0,0) size 4x20
              text run at (0,0) width 4: "\x{12E8}"
          RenderListItem {LI} at (40,80) size 4x20
            RenderListMarker at (-17,0) size 12x20: "\x{12F0}"
            RenderText {#text} at (0,0) size 4x20
              text run at (0,0) width 4: "\x{12F0}"
          RenderListItem {LI} at (40,100) size 4x20
            RenderListMarker at (-17,0) size 12x20: "\x{12F8}"
            RenderText {#text} at (0,0) size 4x20
              text run at (0,0) width 4: "\x{12F8}"
          RenderListItem {LI} at (40,120) size 4x20
            RenderListMarker at (-17,0) size 12x20: "\x{1300}"
            RenderText {#text} at (0,0) size 4x20
              text run at (0,0) width 4: "\x{1300}"
          RenderListItem {LI} at (40,140) size 4x20
            RenderListMarker at (-17,0) size 12x20: "\x{1308}"
            RenderText {#text} at (0,0) size 4x20
              text run at (0,0) width 4: "\x{1308}"
          RenderListItem {LI} at (40,160) size 4x20
            RenderListMarker at (-17,0) size 12x20: "\x{1320}"
            RenderText {#text} at (0,0) size 4x20
              text run at (0,0) width 4: "\x{1320}"
          RenderListItem {LI} at (40,180) size 4x20
            RenderListMarker at (-17,0) size 12x20: "\x{1328}"
            RenderText {#text} at (0,0) size 4x20
              text run at (0,0) width 4: "\x{1328}"
          RenderListItem {LI} at (40,200) size 4x20
            RenderListMarker at (-17,0) size 12x20: "\x{1338}"
            RenderText {#text} at (0,0) size 4x20
              text run at (0,0) width 4: "\x{1338}"
          RenderListItem {LI} at (40,220) size 4x20
            RenderListMarker at (-17,0) size 12x20: "\x{1330}"
            RenderText {#text} at (0,0) size 4x20
              text run at (0,0) width 4: "\x{1330}"
          RenderListItem {LI} at (40,240) size 4x20
            RenderListMarker at (-17,0) size 12x20: "\x{1348}"
            RenderText {#text} at (0,0) size 4x20
              text run at (0,0) width 4: "\x{1348}"
      RenderBlock {DIV} at (0,7810) size 765x325
        RenderBlock {H2} at (0,292) size 765x33
          RenderText {#text} at (0,0) size 253x33
            text run at (0,0) width 253: "ethiopic-halehame-sid-et"
        RenderBlock (floating) {OL} at (0,360) size 64x260
          RenderListItem {LI} at (40,0) size 4x20
            RenderListMarker at (-17,0) size 12x20: "\x{1200}"
            RenderText {#text} at (0,0) size 4x20
              text run at (0,0) width 4: "\x{1200}"
          RenderListItem {LI} at (40,20) size 4x20
            RenderListMarker at (-17,0) size 12x20: "\x{1208}"
            RenderText {#text} at (0,0) size 4x20
              text run at (0,0) width 4: "\x{1208}"
          RenderListItem {LI} at (40,40) size 4x20
            RenderListMarker at (-17,0) size 12x20: "\x{1210}"
            RenderText {#text} at (0,0) size 4x20
              text run at (0,0) width 4: "\x{1210}"
          RenderListItem {LI} at (40,60) size 4x20
            RenderListMarker at (-17,0) size 12x20: "\x{1218}"
            RenderText {#text} at (0,0) size 4x20
              text run at (0,0) width 4: "\x{1218}"
          RenderListItem {LI} at (40,80) size 4x20
            RenderListMarker at (-17,0) size 12x20: "\x{1228}"
            RenderText {#text} at (0,0) size 4x20
              text run at (0,0) width 4: "\x{1228}"
          RenderListItem {LI} at (40,100) size 4x20
            RenderListMarker at (-17,0) size 12x20: "\x{1230}"
            RenderText {#text} at (0,0) size 4x20
              text run at (0,0) width 4: "\x{1230}"
          RenderListItem {LI} at (40,120) size 4x20
            RenderListMarker at (-17,0) size 12x20: "\x{1238}"
            RenderText {#text} at (0,0) size 4x20
              text run at (0,0) width 4: "\x{1238}"
          RenderListItem {LI} at (40,140) size 4x20
            RenderListMarker at (-17,0) size 12x20: "\x{1240}"
            RenderText {#text} at (0,0) size 4x20
              text run at (0,0) width 4: "\x{1240}"
          RenderListItem {LI} at (40,160) size 4x20
            RenderListMarker at (-17,0) size 12x20: "\x{1260}"
            RenderText {#text} at (0,0) size 4x20
              text run at (0,0) width 4: "\x{1260}"
          RenderListItem {LI} at (40,180) size 4x20
            RenderListMarker at (-17,0) size 12x20: "\x{1270}"
            RenderText {#text} at (0,0) size 4x20
              text run at (0,0) width 4: "\x{1270}"
          RenderListItem {LI} at (40,200) size 4x20
            RenderListMarker at (-17,0) size 12x20: "\x{1278}"
            RenderText {#text} at (0,0) size 4x20
              text run at (0,0) width 4: "\x{1278}"
          RenderListItem {LI} at (40,220) size 4x20
            RenderListMarker at (-17,0) size 12x20: "\x{1290}"
            RenderText {#text} at (0,0) size 4x20
              text run at (0,0) width 4: "\x{1290}"
          RenderListItem {LI} at (40,240) size 4x20
            RenderListMarker at (-17,0) size 12x20: "\x{1298}"
            RenderText {#text} at (0,0) size 4x20
              text run at (0,0) width 4: "\x{1298}"
        RenderBlock (floating) {OL} at (64,360) size 64x260
          RenderListItem {LI} at (40,0) size 4x20
            RenderListMarker at (-17,0) size 12x20: "\x{12A0}"
            RenderText {#text} at (0,0) size 4x20
              text run at (0,0) width 4: "\x{12A0}"
          RenderListItem {LI} at (40,20) size 4x20
            RenderListMarker at (-17,0) size 12x20: "\x{12A8}"
            RenderText {#text} at (0,0) size 4x20
              text run at (0,0) width 4: "\x{12A8}"
          RenderListItem {LI} at (40,40) size 4x20
            RenderListMarker at (-17,0) size 12x20: "\x{12C8}"
            RenderText {#text} at (0,0) size 4x20
              text run at (0,0) width 4: "\x{12C8}"
          RenderListItem {LI} at (40,60) size 4x20
            RenderListMarker at (-17,0) size 12x20: "\x{12E8}"
            RenderText {#text} at (0,0) size 4x20
              text run at (0,0) width 4: "\x{12E8}"
          RenderListItem {LI} at (40,80) size 4x20
            RenderListMarker at (-17,0) size 12x20: "\x{12F0}"
            RenderText {#text} at (0,0) size 4x20
              text run at (0,0) width 4: "\x{12F0}"
          RenderListItem {LI} at (40,100) size 4x20
            RenderListMarker at (-17,0) size 12x20: "\x{12F8}"
            RenderText {#text} at (0,0) size 4x20
              text run at (0,0) width 4: "\x{12F8}"
          RenderListItem {LI} at (40,120) size 4x20
            RenderListMarker at (-17,0) size 12x20: "\x{1300}"
            RenderText {#text} at (0,0) size 4x20
              text run at (0,0) width 4: "\x{1300}"
          RenderListItem {LI} at (40,140) size 4x20
            RenderListMarker at (-17,0) size 12x20: "\x{1308}"
            RenderText {#text} at (0,0) size 4x20
              text run at (0,0) width 4: "\x{1308}"
          RenderListItem {LI} at (40,160) size 4x20
            RenderListMarker at (-17,0) size 12x20: "\x{1320}"
            RenderText {#text} at (0,0) size 4x20
              text run at (0,0) width 4: "\x{1320}"
          RenderListItem {LI} at (40,180) size 4x20
            RenderListMarker at (-17,0) size 12x20: "\x{1328}"
            RenderText {#text} at (0,0) size 4x20
              text run at (0,0) width 4: "\x{1328}"
          RenderListItem {LI} at (40,200) size 4x20
            RenderListMarker at (-17,0) size 12x20: "\x{1338}"
            RenderText {#text} at (0,0) size 4x20
              text run at (0,0) width 4: "\x{1338}"
          RenderListItem {LI} at (40,220) size 4x20
            RenderListMarker at (-17,0) size 12x20: "\x{1330}"
            RenderText {#text} at (0,0) size 4x20
              text run at (0,0) width 4: "\x{1330}"
          RenderListItem {LI} at (40,240) size 4x20
            RenderListMarker at (-17,0) size 12x20: "\x{1348}"
            RenderText {#text} at (0,0) size 4x20
              text run at (0,0) width 4: "\x{1348}"
      RenderBlock {DIV} at (0,8154) size 765x325
        RenderBlock {H2} at (0,292) size 765x33
          RenderText {#text} at (0,0) size 67x33
            text run at (0,0) width 67: "somali"
        RenderBlock (floating) {OL} at (0,360) size 64x220
          RenderListItem {LI} at (40,0) size 4x20
            RenderListMarker at (-17,0) size 12x20: "\x{1200}"
            RenderText {#text} at (0,0) size 4x20
              text run at (0,0) width 4: "\x{1200}"
          RenderListItem {LI} at (40,20) size 4x20
            RenderListMarker at (-17,0) size 12x20: "\x{1208}"
            RenderText {#text} at (0,0) size 4x20
              text run at (0,0) width 4: "\x{1208}"
          RenderListItem {LI} at (40,40) size 4x20
            RenderListMarker at (-17,0) size 12x20: "\x{1210}"
            RenderText {#text} at (0,0) size 4x20
              text run at (0,0) width 4: "\x{1210}"
          RenderListItem {LI} at (40,60) size 4x20
            RenderListMarker at (-17,0) size 12x20: "\x{1218}"
            RenderText {#text} at (0,0) size 4x20
              text run at (0,0) width 4: "\x{1218}"
          RenderListItem {LI} at (40,80) size 4x20
            RenderListMarker at (-17,0) size 12x20: "\x{1228}"
            RenderText {#text} at (0,0) size 4x20
              text run at (0,0) width 4: "\x{1228}"
          RenderListItem {LI} at (40,100) size 4x20
            RenderListMarker at (-17,0) size 12x20: "\x{1230}"
            RenderText {#text} at (0,0) size 4x20
              text run at (0,0) width 4: "\x{1230}"
          RenderListItem {LI} at (40,120) size 4x20
            RenderListMarker at (-17,0) size 12x20: "\x{1238}"
            RenderText {#text} at (0,0) size 4x20
              text run at (0,0) width 4: "\x{1238}"
          RenderListItem {LI} at (40,140) size 4x20
            RenderListMarker at (-17,0) size 12x20: "\x{1240}"
            RenderText {#text} at (0,0) size 4x20
              text run at (0,0) width 4: "\x{1240}"
          RenderListItem {LI} at (40,160) size 4x20
            RenderListMarker at (-17,0) size 12x20: "\x{1260}"
            RenderText {#text} at (0,0) size 4x20
              text run at (0,0) width 4: "\x{1260}"
          RenderListItem {LI} at (40,180) size 4x20
            RenderListMarker at (-17,0) size 12x20: "\x{1270}"
            RenderText {#text} at (0,0) size 4x20
              text run at (0,0) width 4: "\x{1270}"
          RenderListItem {LI} at (40,200) size 4x20
            RenderListMarker at (-17,0) size 12x20: "\x{1290}"
            RenderText {#text} at (0,0) size 4x20
              text run at (0,0) width 4: "\x{1290}"
        RenderBlock (floating) {OL} at (64,360) size 64x220
          RenderListItem {LI} at (40,0) size 4x20
            RenderListMarker at (-17,0) size 12x20: "\x{12A0}"
            RenderText {#text} at (0,0) size 4x20
              text run at (0,0) width 4: "\x{12A0}"
          RenderListItem {LI} at (40,20) size 4x20
            RenderListMarker at (-17,0) size 12x20: "\x{12A8}"
            RenderText {#text} at (0,0) size 4x20
              text run at (0,0) width 4: "\x{12A8}"
          RenderListItem {LI} at (40,40) size 4x20
            RenderListMarker at (-17,0) size 12x20: "\x{12B8}"
            RenderText {#text} at (0,0) size 4x20
              text run at (0,0) width 4: "\x{12B8}"
          RenderListItem {LI} at (40,60) size 4x20
            RenderListMarker at (-17,0) size 12x20: "\x{12C8}"
            RenderText {#text} at (0,0) size 4x20
              text run at (0,0) width 4: "\x{12C8}"
          RenderListItem {LI} at (40,80) size 4x20
            RenderListMarker at (-17,0) size 12x20: "\x{12D0}"
            RenderText {#text} at (0,0) size 4x20
              text run at (0,0) width 4: "\x{12D0}"
          RenderListItem {LI} at (40,100) size 4x20
            RenderListMarker at (-17,0) size 12x20: "\x{12E8}"
            RenderText {#text} at (0,0) size 4x20
              text run at (0,0) width 4: "\x{12E8}"
          RenderListItem {LI} at (40,120) size 4x20
            RenderListMarker at (-17,0) size 12x20: "\x{12F0}"
            RenderText {#text} at (0,0) size 4x20
              text run at (0,0) width 4: "\x{12F0}"
          RenderListItem {LI} at (40,140) size 4x20
            RenderListMarker at (-17,0) size 12x20: "\x{1300}"
            RenderText {#text} at (0,0) size 4x20
              text run at (0,0) width 4: "\x{1300}"
          RenderListItem {LI} at (40,160) size 4x20
            RenderListMarker at (-17,0) size 12x20: "\x{1308}"
            RenderText {#text} at (0,0) size 4x20
              text run at (0,0) width 4: "\x{1308}"
          RenderListItem {LI} at (40,180) size 4x20
            RenderListMarker at (-17,0) size 12x20: "\x{1338}"
            RenderText {#text} at (0,0) size 4x20
              text run at (0,0) width 4: "\x{1338}"
          RenderListItem {LI} at (40,200) size 4x20
            RenderListMarker at (-17,0) size 12x20: "\x{1348}"
            RenderText {#text} at (0,0) size 4x20
              text run at (0,0) width 4: "\x{1348}"
      RenderBlock {DIV} at (0,8498) size 765x285
        RenderBlock {H2} at (0,252) size 765x33
          RenderText {#text} at (0,0) size 245x33
            text run at (0,0) width 245: "ethiopic-halehame-so-et"
        RenderBlock (floating) {OL} at (0,320) size 64x220
          RenderListItem {LI} at (40,0) size 4x20
            RenderListMarker at (-17,0) size 12x20: "\x{1200}"
            RenderText {#text} at (0,0) size 4x20
              text run at (0,0) width 4: "\x{1200}"
          RenderListItem {LI} at (40,20) size 4x20
            RenderListMarker at (-17,0) size 12x20: "\x{1208}"
            RenderText {#text} at (0,0) size 4x20
              text run at (0,0) width 4: "\x{1208}"
          RenderListItem {LI} at (40,40) size 4x20
            RenderListMarker at (-17,0) size 12x20: "\x{1210}"
            RenderText {#text} at (0,0) size 4x20
              text run at (0,0) width 4: "\x{1210}"
          RenderListItem {LI} at (40,60) size 4x20
            RenderListMarker at (-17,0) size 12x20: "\x{1218}"
            RenderText {#text} at (0,0) size 4x20
              text run at (0,0) width 4: "\x{1218}"
          RenderListItem {LI} at (40,80) size 4x20
            RenderListMarker at (-17,0) size 12x20: "\x{1228}"
            RenderText {#text} at (0,0) size 4x20
              text run at (0,0) width 4: "\x{1228}"
          RenderListItem {LI} at (40,100) size 4x20
            RenderListMarker at (-17,0) size 12x20: "\x{1230}"
            RenderText {#text} at (0,0) size 4x20
              text run at (0,0) width 4: "\x{1230}"
          RenderListItem {LI} at (40,120) size 4x20
            RenderListMarker at (-17,0) size 12x20: "\x{1238}"
            RenderText {#text} at (0,0) size 4x20
              text run at (0,0) width 4: "\x{1238}"
          RenderListItem {LI} at (40,140) size 4x20
            RenderListMarker at (-17,0) size 12x20: "\x{1240}"
            RenderText {#text} at (0,0) size 4x20
              text run at (0,0) width 4: "\x{1240}"
          RenderListItem {LI} at (40,160) size 4x20
            RenderListMarker at (-17,0) size 12x20: "\x{1260}"
            RenderText {#text} at (0,0) size 4x20
              text run at (0,0) width 4: "\x{1260}"
          RenderListItem {LI} at (40,180) size 4x20
            RenderListMarker at (-17,0) size 12x20: "\x{1270}"
            RenderText {#text} at (0,0) size 4x20
              text run at (0,0) width 4: "\x{1270}"
          RenderListItem {LI} at (40,200) size 4x20
            RenderListMarker at (-17,0) size 12x20: "\x{1290}"
            RenderText {#text} at (0,0) size 4x20
              text run at (0,0) width 4: "\x{1290}"
        RenderBlock (floating) {OL} at (64,320) size 64x220
          RenderListItem {LI} at (40,0) size 4x20
            RenderListMarker at (-17,0) size 12x20: "\x{12A0}"
            RenderText {#text} at (0,0) size 4x20
              text run at (0,0) width 4: "\x{12A0}"
          RenderListItem {LI} at (40,20) size 4x20
            RenderListMarker at (-17,0) size 12x20: "\x{12A8}"
            RenderText {#text} at (0,0) size 4x20
              text run at (0,0) width 4: "\x{12A8}"
          RenderListItem {LI} at (40,40) size 4x20
            RenderListMarker at (-17,0) size 12x20: "\x{12B8}"
            RenderText {#text} at (0,0) size 4x20
              text run at (0,0) width 4: "\x{12B8}"
          RenderListItem {LI} at (40,60) size 4x20
            RenderListMarker at (-17,0) size 12x20: "\x{12C8}"
            RenderText {#text} at (0,0) size 4x20
              text run at (0,0) width 4: "\x{12C8}"
          RenderListItem {LI} at (40,80) size 4x20
            RenderListMarker at (-17,0) size 12x20: "\x{12D0}"
            RenderText {#text} at (0,0) size 4x20
              text run at (0,0) width 4: "\x{12D0}"
          RenderListItem {LI} at (40,100) size 4x20
            RenderListMarker at (-17,0) size 12x20: "\x{12E8}"
            RenderText {#text} at (0,0) size 4x20
              text run at (0,0) width 4: "\x{12E8}"
          RenderListItem {LI} at (40,120) size 4x20
            RenderListMarker at (-17,0) size 12x20: "\x{12F0}"
            RenderText {#text} at (0,0) size 4x20
              text run at (0,0) width 4: "\x{12F0}"
          RenderListItem {LI} at (40,140) size 4x20
            RenderListMarker at (-17,0) size 12x20: "\x{1300}"
            RenderText {#text} at (0,0) size 4x20
              text run at (0,0) width 4: "\x{1300}"
          RenderListItem {LI} at (40,160) size 4x20
            RenderListMarker at (-17,0) size 12x20: "\x{1308}"
            RenderText {#text} at (0,0) size 4x20
              text run at (0,0) width 4: "\x{1308}"
          RenderListItem {LI} at (40,180) size 4x20
            RenderListMarker at (-17,0) size 12x20: "\x{1338}"
            RenderText {#text} at (0,0) size 4x20
              text run at (0,0) width 4: "\x{1338}"
          RenderListItem {LI} at (40,200) size 4x20
            RenderListMarker at (-17,0) size 12x20: "\x{1348}"
            RenderText {#text} at (0,0) size 4x20
              text run at (0,0) width 4: "\x{1348}"
      RenderBlock {DIV} at (0,8802) size 765x285
        RenderBlock {H2} at (0,252) size 765x33
          RenderText {#text} at (0,0) size 49x33
            text run at (0,0) width 49: "tigre"
        RenderBlock (floating) {OL} at (0,320) size 64x240
          RenderListItem {LI} at (40,0) size 4x20
            RenderListMarker at (-17,0) size 12x20: "\x{1200}"
            RenderText {#text} at (0,0) size 4x20
              text run at (0,0) width 4: "\x{1200}"
          RenderListItem {LI} at (40,20) size 4x20
            RenderListMarker at (-17,0) size 12x20: "\x{1208}"
            RenderText {#text} at (0,0) size 4x20
              text run at (0,0) width 4: "\x{1208}"
          RenderListItem {LI} at (40,40) size 4x20
            RenderListMarker at (-17,0) size 12x20: "\x{1210}"
            RenderText {#text} at (0,0) size 4x20
              text run at (0,0) width 4: "\x{1210}"
          RenderListItem {LI} at (40,60) size 4x20
            RenderListMarker at (-17,0) size 12x20: "\x{1218}"
            RenderText {#text} at (0,0) size 4x20
              text run at (0,0) width 4: "\x{1218}"
          RenderListItem {LI} at (40,80) size 4x20
            RenderListMarker at (-17,0) size 12x20: "\x{1228}"
            RenderText {#text} at (0,0) size 4x20
              text run at (0,0) width 4: "\x{1228}"
          RenderListItem {LI} at (40,100) size 4x20
            RenderListMarker at (-17,0) size 12x20: "\x{1230}"
            RenderText {#text} at (0,0) size 4x20
              text run at (0,0) width 4: "\x{1230}"
          RenderListItem {LI} at (40,120) size 4x20
            RenderListMarker at (-17,0) size 12x20: "\x{1238}"
            RenderText {#text} at (0,0) size 4x20
              text run at (0,0) width 4: "\x{1238}"
          RenderListItem {LI} at (40,140) size 4x20
            RenderListMarker at (-17,0) size 12x20: "\x{1240}"
            RenderText {#text} at (0,0) size 4x20
              text run at (0,0) width 4: "\x{1240}"
          RenderListItem {LI} at (40,160) size 4x20
            RenderListMarker at (-17,0) size 12x20: "\x{1260}"
            RenderText {#text} at (0,0) size 4x20
              text run at (0,0) width 4: "\x{1260}"
          RenderListItem {LI} at (40,180) size 4x20
            RenderListMarker at (-17,0) size 12x20: "\x{1270}"
            RenderText {#text} at (0,0) size 4x20
              text run at (0,0) width 4: "\x{1270}"
          RenderListItem {LI} at (40,200) size 4x20
            RenderListMarker at (-17,0) size 12x20: "\x{1278}"
            RenderText {#text} at (0,0) size 4x20
              text run at (0,0) width 4: "\x{1278}"
          RenderListItem {LI} at (40,220) size 4x20
            RenderListMarker at (-17,0) size 12x20: "\x{1290}"
            RenderText {#text} at (0,0) size 4x20
              text run at (0,0) width 4: "\x{1290}"
        RenderBlock (floating) {OL} at (64,320) size 64x240
          RenderListItem {LI} at (40,0) size 4x20
            RenderListMarker at (-17,0) size 12x20: "\x{12A0}"
            RenderText {#text} at (0,0) size 4x20
              text run at (0,0) width 4: "\x{12A0}"
          RenderListItem {LI} at (40,20) size 4x20
            RenderListMarker at (-17,0) size 12x20: "\x{12A8}"
            RenderText {#text} at (0,0) size 4x20
              text run at (0,0) width 4: "\x{12A8}"
          RenderListItem {LI} at (40,40) size 4x20
            RenderListMarker at (-17,0) size 12x20: "\x{12C8}"
            RenderText {#text} at (0,0) size 4x20
              text run at (0,0) width 4: "\x{12C8}"
          RenderListItem {LI} at (40,60) size 4x20
            RenderListMarker at (-17,0) size 12x20: "\x{12D0}"
            RenderText {#text} at (0,0) size 4x20
              text run at (0,0) width 4: "\x{12D0}"
          RenderListItem {LI} at (40,80) size 4x20
            RenderListMarker at (-17,0) size 12x20: "\x{12D8}"
            RenderText {#text} at (0,0) size 4x20
              text run at (0,0) width 4: "\x{12D8}"
          RenderListItem {LI} at (40,100) size 4x20
            RenderListMarker at (-17,0) size 12x20: "\x{12E8}"
            RenderText {#text} at (0,0) size 4x20
              text run at (0,0) width 4: "\x{12E8}"
          RenderListItem {LI} at (40,120) size 4x20
            RenderListMarker at (-17,0) size 12x20: "\x{12F0}"
            RenderText {#text} at (0,0) size 4x20
              text run at (0,0) width 4: "\x{12F0}"
          RenderListItem {LI} at (40,140) size 4x20
            RenderListMarker at (-17,0) size 12x20: "\x{1300}"
            RenderText {#text} at (0,0) size 4x20
              text run at (0,0) width 4: "\x{1300}"
          RenderListItem {LI} at (40,160) size 4x20
            RenderListMarker at (-17,0) size 12x20: "\x{1308}"
            RenderText {#text} at (0,0) size 4x20
              text run at (0,0) width 4: "\x{1308}"
          RenderListItem {LI} at (40,180) size 4x20
            RenderListMarker at (-17,0) size 12x20: "\x{1320}"
            RenderText {#text} at (0,0) size 4x20
              text run at (0,0) width 4: "\x{1320}"
          RenderListItem {LI} at (40,200) size 4x20
            RenderListMarker at (-17,0) size 12x20: "\x{1328}"
            RenderText {#text} at (0,0) size 4x20
              text run at (0,0) width 4: "\x{1328}"
          RenderListItem {LI} at (40,220) size 4x20
            RenderListMarker at (-17,0) size 12x20: "\x{1338}"
            RenderText {#text} at (0,0) size 4x20
              text run at (0,0) width 4: "\x{1338}"
        RenderBlock (floating) {OL} at (128,320) size 64x60
          RenderListItem {LI} at (40,0) size 4x20
            RenderListMarker at (-17,0) size 12x20: "\x{1330}"
            RenderText {#text} at (0,0) size 4x20
              text run at (0,0) width 4: "\x{1330}"
          RenderListItem {LI} at (40,20) size 4x20
            RenderListMarker at (-17,0) size 12x20: "\x{1348}"
            RenderText {#text} at (0,0) size 4x20
              text run at (0,0) width 4: "\x{1348}"
          RenderListItem {LI} at (40,40) size 4x20
            RenderListMarker at (-17,0) size 12x20: "\x{1350}"
            RenderText {#text} at (0,0) size 4x20
              text run at (0,0) width 4: "\x{1350}"
      RenderBlock {DIV} at (0,9106) size 765x305
        RenderBlock {H2} at (0,272) size 765x33
          RenderText {#text} at (0,0) size 224x33
            text run at (0,0) width 224: "ethiopic-halehame-tig"
        RenderBlock (floating) {OL} at (0,340) size 64x240
          RenderListItem {LI} at (40,0) size 4x20
            RenderListMarker at (-17,0) size 12x20: "\x{1200}"
            RenderText {#text} at (0,0) size 4x20
              text run at (0,0) width 4: "\x{1200}"
          RenderListItem {LI} at (40,20) size 4x20
            RenderListMarker at (-17,0) size 12x20: "\x{1208}"
            RenderText {#text} at (0,0) size 4x20
              text run at (0,0) width 4: "\x{1208}"
          RenderListItem {LI} at (40,40) size 4x20
            RenderListMarker at (-17,0) size 12x20: "\x{1210}"
            RenderText {#text} at (0,0) size 4x20
              text run at (0,0) width 4: "\x{1210}"
          RenderListItem {LI} at (40,60) size 4x20
            RenderListMarker at (-17,0) size 12x20: "\x{1218}"
            RenderText {#text} at (0,0) size 4x20
              text run at (0,0) width 4: "\x{1218}"
          RenderListItem {LI} at (40,80) size 4x20
            RenderListMarker at (-17,0) size 12x20: "\x{1228}"
            RenderText {#text} at (0,0) size 4x20
              text run at (0,0) width 4: "\x{1228}"
          RenderListItem {LI} at (40,100) size 4x20
            RenderListMarker at (-17,0) size 12x20: "\x{1230}"
            RenderText {#text} at (0,0) size 4x20
              text run at (0,0) width 4: "\x{1230}"
          RenderListItem {LI} at (40,120) size 4x20
            RenderListMarker at (-17,0) size 12x20: "\x{1238}"
            RenderText {#text} at (0,0) size 4x20
              text run at (0,0) width 4: "\x{1238}"
          RenderListItem {LI} at (40,140) size 4x20
            RenderListMarker at (-17,0) size 12x20: "\x{1240}"
            RenderText {#text} at (0,0) size 4x20
              text run at (0,0) width 4: "\x{1240}"
          RenderListItem {LI} at (40,160) size 4x20
            RenderListMarker at (-17,0) size 12x20: "\x{1260}"
            RenderText {#text} at (0,0) size 4x20
              text run at (0,0) width 4: "\x{1260}"
          RenderListItem {LI} at (40,180) size 4x20
            RenderListMarker at (-17,0) size 12x20: "\x{1270}"
            RenderText {#text} at (0,0) size 4x20
              text run at (0,0) width 4: "\x{1270}"
          RenderListItem {LI} at (40,200) size 4x20
            RenderListMarker at (-17,0) size 12x20: "\x{1278}"
            RenderText {#text} at (0,0) size 4x20
              text run at (0,0) width 4: "\x{1278}"
          RenderListItem {LI} at (40,220) size 4x20
            RenderListMarker at (-17,0) size 12x20: "\x{1290}"
            RenderText {#text} at (0,0) size 4x20
              text run at (0,0) width 4: "\x{1290}"
        RenderBlock (floating) {OL} at (64,340) size 64x240
          RenderListItem {LI} at (40,0) size 4x20
            RenderListMarker at (-17,0) size 12x20: "\x{12A0}"
            RenderText {#text} at (0,0) size 4x20
              text run at (0,0) width 4: "\x{12A0}"
          RenderListItem {LI} at (40,20) size 4x20
            RenderListMarker at (-17,0) size 12x20: "\x{12A8}"
            RenderText {#text} at (0,0) size 4x20
              text run at (0,0) width 4: "\x{12A8}"
          RenderListItem {LI} at (40,40) size 4x20
            RenderListMarker at (-17,0) size 12x20: "\x{12C8}"
            RenderText {#text} at (0,0) size 4x20
              text run at (0,0) width 4: "\x{12C8}"
          RenderListItem {LI} at (40,60) size 4x20
            RenderListMarker at (-17,0) size 12x20: "\x{12D0}"
            RenderText {#text} at (0,0) size 4x20
              text run at (0,0) width 4: "\x{12D0}"
          RenderListItem {LI} at (40,80) size 4x20
            RenderListMarker at (-17,0) size 12x20: "\x{12D8}"
            RenderText {#text} at (0,0) size 4x20
              text run at (0,0) width 4: "\x{12D8}"
          RenderListItem {LI} at (40,100) size 4x20
            RenderListMarker at (-17,0) size 12x20: "\x{12E8}"
            RenderText {#text} at (0,0) size 4x20
              text run at (0,0) width 4: "\x{12E8}"
          RenderListItem {LI} at (40,120) size 4x20
            RenderListMarker at (-17,0) size 12x20: "\x{12F0}"
            RenderText {#text} at (0,0) size 4x20
              text run at (0,0) width 4: "\x{12F0}"
          RenderListItem {LI} at (40,140) size 4x20
            RenderListMarker at (-17,0) size 12x20: "\x{1300}"
            RenderText {#text} at (0,0) size 4x20
              text run at (0,0) width 4: "\x{1300}"
          RenderListItem {LI} at (40,160) size 4x20
            RenderListMarker at (-17,0) size 12x20: "\x{1308}"
            RenderText {#text} at (0,0) size 4x20
              text run at (0,0) width 4: "\x{1308}"
          RenderListItem {LI} at (40,180) size 4x20
            RenderListMarker at (-17,0) size 12x20: "\x{1320}"
            RenderText {#text} at (0,0) size 4x20
              text run at (0,0) width 4: "\x{1320}"
          RenderListItem {LI} at (40,200) size 4x20
            RenderListMarker at (-17,0) size 12x20: "\x{1328}"
            RenderText {#text} at (0,0) size 4x20
              text run at (0,0) width 4: "\x{1328}"
          RenderListItem {LI} at (40,220) size 4x20
            RenderListMarker at (-17,0) size 12x20: "\x{1338}"
            RenderText {#text} at (0,0) size 4x20
              text run at (0,0) width 4: "\x{1338}"
        RenderBlock (floating) {OL} at (128,340) size 64x60
          RenderListItem {LI} at (40,0) size 4x20
            RenderListMarker at (-17,0) size 12x20: "\x{1330}"
            RenderText {#text} at (0,0) size 4x20
              text run at (0,0) width 4: "\x{1330}"
          RenderListItem {LI} at (40,20) size 4x20
            RenderListMarker at (-17,0) size 12x20: "\x{1348}"
            RenderText {#text} at (0,0) size 4x20
              text run at (0,0) width 4: "\x{1348}"
          RenderListItem {LI} at (40,40) size 4x20
            RenderListMarker at (-17,0) size 12x20: "\x{1350}"
            RenderText {#text} at (0,0) size 4x20
              text run at (0,0) width 4: "\x{1350}"
      RenderBlock {DIV} at (0,9430) size 765x305
        RenderBlock {H2} at (0,272) size 765x33
          RenderText {#text} at (0,0) size 112x33
            text run at (0,0) width 112: "tigrinya-er"
        RenderBlock (floating) {OL} at (0,340) size 64x200
          RenderListItem {LI} at (40,0) size 4x20
            RenderListMarker at (-17,0) size 12x20: "\x{1200}"
            RenderText {#text} at (0,0) size 4x20
              text run at (0,0) width 4: "\x{1200}"
          RenderListItem {LI} at (40,20) size 4x20
            RenderListMarker at (-17,0) size 12x20: "\x{1208}"
            RenderText {#text} at (0,0) size 4x20
              text run at (0,0) width 4: "\x{1208}"
          RenderListItem {LI} at (40,40) size 4x20
            RenderListMarker at (-17,0) size 12x20: "\x{1210}"
            RenderText {#text} at (0,0) size 4x20
              text run at (0,0) width 4: "\x{1210}"
          RenderListItem {LI} at (40,60) size 4x20
            RenderListMarker at (-17,0) size 12x20: "\x{1218}"
            RenderText {#text} at (0,0) size 4x20
              text run at (0,0) width 4: "\x{1218}"
          RenderListItem {LI} at (40,80) size 4x20
            RenderListMarker at (-17,0) size 12x20: "\x{1228}"
            RenderText {#text} at (0,0) size 4x20
              text run at (0,0) width 4: "\x{1228}"
          RenderListItem {LI} at (40,100) size 4x20
            RenderListMarker at (-17,0) size 12x20: "\x{1230}"
            RenderText {#text} at (0,0) size 4x20
              text run at (0,0) width 4: "\x{1230}"
          RenderListItem {LI} at (40,120) size 4x20
            RenderListMarker at (-17,0) size 12x20: "\x{1238}"
            RenderText {#text} at (0,0) size 4x20
              text run at (0,0) width 4: "\x{1238}"
          RenderListItem {LI} at (40,140) size 4x20
            RenderListMarker at (-17,0) size 12x20: "\x{1240}"
            RenderText {#text} at (0,0) size 4x20
              text run at (0,0) width 4: "\x{1240}"
          RenderListItem {LI} at (40,160) size 4x20
            RenderListMarker at (-17,0) size 12x20: "\x{1250}"
            RenderText {#text} at (0,0) size 4x20
              text run at (0,0) width 4: "\x{1250}"
          RenderListItem {LI} at (40,180) size 4x20
            RenderListMarker at (-17,0) size 12x20: "\x{1260}"
            RenderText {#text} at (0,0) size 4x20
              text run at (0,0) width 4: "\x{1260}"
        RenderBlock (floating) {OL} at (64,340) size 64x200
          RenderListItem {LI} at (40,0) size 4x20
            RenderListMarker at (-17,0) size 12x20: "\x{1270}"
            RenderText {#text} at (0,0) size 4x20
              text run at (0,0) width 4: "\x{1270}"
          RenderListItem {LI} at (40,20) size 4x20
            RenderListMarker at (-17,0) size 12x20: "\x{1278}"
            RenderText {#text} at (0,0) size 4x20
              text run at (0,0) width 4: "\x{1278}"
          RenderListItem {LI} at (40,40) size 4x20
            RenderListMarker at (-17,0) size 12x20: "\x{1290}"
            RenderText {#text} at (0,0) size 4x20
              text run at (0,0) width 4: "\x{1290}"
          RenderListItem {LI} at (40,60) size 4x20
            RenderListMarker at (-17,0) size 12x20: "\x{1298}"
            RenderText {#text} at (0,0) size 4x20
              text run at (0,0) width 4: "\x{1298}"
          RenderListItem {LI} at (40,80) size 4x20
            RenderListMarker at (-17,0) size 12x20: "\x{12A0}"
            RenderText {#text} at (0,0) size 4x20
              text run at (0,0) width 4: "\x{12A0}"
          RenderListItem {LI} at (40,100) size 4x20
            RenderListMarker at (-17,0) size 12x20: "\x{12A8}"
            RenderText {#text} at (0,0) size 4x20
              text run at (0,0) width 4: "\x{12A8}"
          RenderListItem {LI} at (40,120) size 4x20
            RenderListMarker at (-17,0) size 12x20: "\x{12B8}"
            RenderText {#text} at (0,0) size 4x20
              text run at (0,0) width 4: "\x{12B8}"
          RenderListItem {LI} at (40,140) size 4x20
            RenderListMarker at (-17,0) size 12x20: "\x{12C8}"
            RenderText {#text} at (0,0) size 4x20
              text run at (0,0) width 4: "\x{12C8}"
          RenderListItem {LI} at (40,160) size 4x20
            RenderListMarker at (-17,0) size 12x20: "\x{12D0}"
            RenderText {#text} at (0,0) size 4x20
              text run at (0,0) width 4: "\x{12D0}"
          RenderListItem {LI} at (40,180) size 4x20
            RenderListMarker at (-17,0) size 12x20: "\x{12D8}"
            RenderText {#text} at (0,0) size 4x20
              text run at (0,0) width 4: "\x{12D8}"
        RenderBlock (floating) {OL} at (128,340) size 64x200
          RenderListItem {LI} at (40,0) size 4x20
            RenderListMarker at (-17,0) size 12x20: "\x{12E0}"
            RenderText {#text} at (0,0) size 4x20
              text run at (0,0) width 4: "\x{12E0}"
          RenderListItem {LI} at (40,20) size 4x20
            RenderListMarker at (-17,0) size 12x20: "\x{12E8}"
            RenderText {#text} at (0,0) size 4x20
              text run at (0,0) width 4: "\x{12E8}"
          RenderListItem {LI} at (40,40) size 4x20
            RenderListMarker at (-17,0) size 12x20: "\x{12F0}"
            RenderText {#text} at (0,0) size 4x20
              text run at (0,0) width 4: "\x{12F0}"
          RenderListItem {LI} at (40,60) size 4x20
            RenderListMarker at (-17,0) size 12x20: "\x{1300}"
            RenderText {#text} at (0,0) size 4x20
              text run at (0,0) width 4: "\x{1300}"
          RenderListItem {LI} at (40,80) size 4x20
            RenderListMarker at (-17,0) size 12x20: "\x{1308}"
            RenderText {#text} at (0,0) size 4x20
              text run at (0,0) width 4: "\x{1308}"
          RenderListItem {LI} at (40,100) size 4x20
            RenderListMarker at (-17,0) size 12x20: "\x{1320}"
            RenderText {#text} at (0,0) size 4x20
              text run at (0,0) width 4: "\x{1320}"
          RenderListItem {LI} at (40,120) size 4x20
            RenderListMarker at (-17,0) size 12x20: "\x{1328}"
            RenderText {#text} at (0,0) size 4x20
              text run at (0,0) width 4: "\x{1328}"
          RenderListItem {LI} at (40,140) size 4x20
            RenderListMarker at (-17,0) size 12x20: "\x{1330}"
            RenderText {#text} at (0,0) size 4x20
              text run at (0,0) width 4: "\x{1330}"
          RenderListItem {LI} at (40,160) size 4x20
            RenderListMarker at (-17,0) size 12x20: "\x{1338}"
            RenderText {#text} at (0,0) size 4x20
              text run at (0,0) width 4: "\x{1338}"
          RenderListItem {LI} at (40,180) size 4x20
            RenderListMarker at (-17,0) size 12x20: "\x{1348}"
            RenderText {#text} at (0,0) size 4x20
              text run at (0,0) width 4: "\x{1348}"
        RenderBlock (floating) {OL} at (192,340) size 64x20
          RenderListItem {LI} at (40,0) size 4x20
            RenderListMarker at (-17,0) size 12x20: "\x{1350}"
            RenderText {#text} at (0,0) size 4x20
              text run at (0,0) width 4: "\x{1350}"
      RenderBlock {DIV} at (0,9754) size 765x265
        RenderBlock {H2} at (0,232) size 765x33
          RenderText {#text} at (0,0) size 242x33
            text run at (0,0) width 242: "ethiopic-halehame-ti-er"
        RenderBlock (floating) {OL} at (0,300) size 64x200
          RenderListItem {LI} at (40,0) size 4x20
            RenderListMarker at (-17,0) size 12x20: "\x{1200}"
            RenderText {#text} at (0,0) size 4x20
              text run at (0,0) width 4: "\x{1200}"
          RenderListItem {LI} at (40,20) size 4x20
            RenderListMarker at (-17,0) size 12x20: "\x{1208}"
            RenderText {#text} at (0,0) size 4x20
              text run at (0,0) width 4: "\x{1208}"
          RenderListItem {LI} at (40,40) size 4x20
            RenderListMarker at (-17,0) size 12x20: "\x{1210}"
            RenderText {#text} at (0,0) size 4x20
              text run at (0,0) width 4: "\x{1210}"
          RenderListItem {LI} at (40,60) size 4x20
            RenderListMarker at (-17,0) size 12x20: "\x{1218}"
            RenderText {#text} at (0,0) size 4x20
              text run at (0,0) width 4: "\x{1218}"
          RenderListItem {LI} at (40,80) size 4x20
            RenderListMarker at (-17,0) size 12x20: "\x{1228}"
            RenderText {#text} at (0,0) size 4x20
              text run at (0,0) width 4: "\x{1228}"
          RenderListItem {LI} at (40,100) size 4x20
            RenderListMarker at (-17,0) size 12x20: "\x{1230}"
            RenderText {#text} at (0,0) size 4x20
              text run at (0,0) width 4: "\x{1230}"
          RenderListItem {LI} at (40,120) size 4x20
            RenderListMarker at (-17,0) size 12x20: "\x{1238}"
            RenderText {#text} at (0,0) size 4x20
              text run at (0,0) width 4: "\x{1238}"
          RenderListItem {LI} at (40,140) size 4x20
            RenderListMarker at (-17,0) size 12x20: "\x{1240}"
            RenderText {#text} at (0,0) size 4x20
              text run at (0,0) width 4: "\x{1240}"
          RenderListItem {LI} at (40,160) size 4x20
            RenderListMarker at (-17,0) size 12x20: "\x{1250}"
            RenderText {#text} at (0,0) size 4x20
              text run at (0,0) width 4: "\x{1250}"
          RenderListItem {LI} at (40,180) size 4x20
            RenderListMarker at (-17,0) size 12x20: "\x{1260}"
            RenderText {#text} at (0,0) size 4x20
              text run at (0,0) width 4: "\x{1260}"
        RenderBlock (floating) {OL} at (64,300) size 64x200
          RenderListItem {LI} at (40,0) size 4x20
            RenderListMarker at (-17,0) size 12x20: "\x{1270}"
            RenderText {#text} at (0,0) size 4x20
              text run at (0,0) width 4: "\x{1270}"
          RenderListItem {LI} at (40,20) size 4x20
            RenderListMarker at (-17,0) size 12x20: "\x{1278}"
            RenderText {#text} at (0,0) size 4x20
              text run at (0,0) width 4: "\x{1278}"
          RenderListItem {LI} at (40,40) size 4x20
            RenderListMarker at (-17,0) size 12x20: "\x{1290}"
            RenderText {#text} at (0,0) size 4x20
              text run at (0,0) width 4: "\x{1290}"
          RenderListItem {LI} at (40,60) size 4x20
            RenderListMarker at (-17,0) size 12x20: "\x{1298}"
            RenderText {#text} at (0,0) size 4x20
              text run at (0,0) width 4: "\x{1298}"
          RenderListItem {LI} at (40,80) size 4x20
            RenderListMarker at (-17,0) size 12x20: "\x{12A0}"
            RenderText {#text} at (0,0) size 4x20
              text run at (0,0) width 4: "\x{12A0}"
          RenderListItem {LI} at (40,100) size 4x20
            RenderListMarker at (-17,0) size 12x20: "\x{12A8}"
            RenderText {#text} at (0,0) size 4x20
              text run at (0,0) width 4: "\x{12A8}"
          RenderListItem {LI} at (40,120) size 4x20
            RenderListMarker at (-17,0) size 12x20: "\x{12B8}"
            RenderText {#text} at (0,0) size 4x20
              text run at (0,0) width 4: "\x{12B8}"
          RenderListItem {LI} at (40,140) size 4x20
            RenderListMarker at (-17,0) size 12x20: "\x{12C8}"
            RenderText {#text} at (0,0) size 4x20
              text run at (0,0) width 4: "\x{12C8}"
          RenderListItem {LI} at (40,160) size 4x20
            RenderListMarker at (-17,0) size 12x20: "\x{12D0}"
            RenderText {#text} at (0,0) size 4x20
              text run at (0,0) width 4: "\x{12D0}"
          RenderListItem {LI} at (40,180) size 4x20
            RenderListMarker at (-17,0) size 12x20: "\x{12D8}"
            RenderText {#text} at (0,0) size 4x20
              text run at (0,0) width 4: "\x{12D8}"
        RenderBlock (floating) {OL} at (128,300) size 64x200
          RenderListItem {LI} at (40,0) size 4x20
            RenderListMarker at (-17,0) size 12x20: "\x{12E0}"
            RenderText {#text} at (0,0) size 4x20
              text run at (0,0) width 4: "\x{12E0}"
          RenderListItem {LI} at (40,20) size 4x20
            RenderListMarker at (-17,0) size 12x20: "\x{12E8}"
            RenderText {#text} at (0,0) size 4x20
              text run at (0,0) width 4: "\x{12E8}"
          RenderListItem {LI} at (40,40) size 4x20
            RenderListMarker at (-17,0) size 12x20: "\x{12F0}"
            RenderText {#text} at (0,0) size 4x20
              text run at (0,0) width 4: "\x{12F0}"
          RenderListItem {LI} at (40,60) size 4x20
            RenderListMarker at (-17,0) size 12x20: "\x{1300}"
            RenderText {#text} at (0,0) size 4x20
              text run at (0,0) width 4: "\x{1300}"
          RenderListItem {LI} at (40,80) size 4x20
            RenderListMarker at (-17,0) size 12x20: "\x{1308}"
            RenderText {#text} at (0,0) size 4x20
              text run at (0,0) width 4: "\x{1308}"
          RenderListItem {LI} at (40,100) size 4x20
            RenderListMarker at (-17,0) size 12x20: "\x{1320}"
            RenderText {#text} at (0,0) size 4x20
              text run at (0,0) width 4: "\x{1320}"
          RenderListItem {LI} at (40,120) size 4x20
            RenderListMarker at (-17,0) size 12x20: "\x{1328}"
            RenderText {#text} at (0,0) size 4x20
              text run at (0,0) width 4: "\x{1328}"
          RenderListItem {LI} at (40,140) size 4x20
            RenderListMarker at (-17,0) size 12x20: "\x{1330}"
            RenderText {#text} at (0,0) size 4x20
              text run at (0,0) width 4: "\x{1330}"
          RenderListItem {LI} at (40,160) size 4x20
            RenderListMarker at (-17,0) size 12x20: "\x{1338}"
            RenderText {#text} at (0,0) size 4x20
              text run at (0,0) width 4: "\x{1338}"
          RenderListItem {LI} at (40,180) size 4x20
            RenderListMarker at (-17,0) size 12x20: "\x{1348}"
            RenderText {#text} at (0,0) size 4x20
              text run at (0,0) width 4: "\x{1348}"
        RenderBlock (floating) {OL} at (192,300) size 64x20
          RenderListItem {LI} at (40,0) size 4x20
            RenderListMarker at (-17,0) size 12x20: "\x{1350}"
            RenderText {#text} at (0,0) size 4x20
              text run at (0,0) width 4: "\x{1350}"
      RenderBlock {DIV} at (0,10038) size 765x265
        RenderBlock {H2} at (0,232) size 765x33
          RenderText {#text} at (0,0) size 203x33
            text run at (0,0) width 203: "tigrinya-er-abegede"
        RenderBlock (floating) {OL} at (0,300) size 64x200
          RenderListItem {LI} at (40,0) size 4x20
            RenderListMarker at (-17,0) size 12x20: "\x{12A0}"
            RenderText {#text} at (0,0) size 4x20
              text run at (0,0) width 4: "\x{12A0}"
          RenderListItem {LI} at (40,20) size 4x20
            RenderListMarker at (-17,0) size 12x20: "\x{1260}"
            RenderText {#text} at (0,0) size 4x20
              text run at (0,0) width 4: "\x{1260}"
          RenderListItem {LI} at (40,40) size 4x20
            RenderListMarker at (-17,0) size 12x20: "\x{1308}"
            RenderText {#text} at (0,0) size 4x20
              text run at (0,0) width 4: "\x{1308}"
          RenderListItem {LI} at (40,60) size 4x20
            RenderListMarker at (-17,0) size 12x20: "\x{12F0}"
            RenderText {#text} at (0,0) size 4x20
              text run at (0,0) width 4: "\x{12F0}"
          RenderListItem {LI} at (40,80) size 4x20
            RenderListMarker at (-17,0) size 12x20: "\x{1300}"
            RenderText {#text} at (0,0) size 4x20
              text run at (0,0) width 4: "\x{1300}"
          RenderListItem {LI} at (40,100) size 4x20
            RenderListMarker at (-17,0) size 12x20: "\x{1200}"
            RenderText {#text} at (0,0) size 4x20
              text run at (0,0) width 4: "\x{1200}"
          RenderListItem {LI} at (40,120) size 4x20
            RenderListMarker at (-17,0) size 12x20: "\x{12C8}"
            RenderText {#text} at (0,0) size 4x20
              text run at (0,0) width 4: "\x{12C8}"
          RenderListItem {LI} at (40,140) size 4x20
            RenderListMarker at (-17,0) size 12x20: "\x{12D8}"
            RenderText {#text} at (0,0) size 4x20
              text run at (0,0) width 4: "\x{12D8}"
          RenderListItem {LI} at (40,160) size 4x20
            RenderListMarker at (-17,0) size 12x20: "\x{12E0}"
            RenderText {#text} at (0,0) size 4x20
              text run at (0,0) width 4: "\x{12E0}"
          RenderListItem {LI} at (40,180) size 4x20
            RenderListMarker at (-17,0) size 12x20: "\x{1210}"
            RenderText {#text} at (0,0) size 4x20
              text run at (0,0) width 4: "\x{1210}"
        RenderBlock (floating) {OL} at (64,300) size 64x200
          RenderListItem {LI} at (40,0) size 4x20
            RenderListMarker at (-17,0) size 12x20: "\x{1320}"
            RenderText {#text} at (0,0) size 4x20
              text run at (0,0) width 4: "\x{1320}"
          RenderListItem {LI} at (40,20) size 4x20
            RenderListMarker at (-17,0) size 12x20: "\x{1328}"
            RenderText {#text} at (0,0) size 4x20
              text run at (0,0) width 4: "\x{1328}"
          RenderListItem {LI} at (40,40) size 4x20
            RenderListMarker at (-17,0) size 12x20: "\x{12E8}"
            RenderText {#text} at (0,0) size 4x20
              text run at (0,0) width 4: "\x{12E8}"
          RenderListItem {LI} at (40,60) size 4x20
            RenderListMarker at (-17,0) size 12x20: "\x{12A8}"
            RenderText {#text} at (0,0) size 4x20
              text run at (0,0) width 4: "\x{12A8}"
          RenderListItem {LI} at (40,80) size 4x20
            RenderListMarker at (-17,0) size 12x20: "\x{12B8}"
            RenderText {#text} at (0,0) size 4x20
              text run at (0,0) width 4: "\x{12B8}"
          RenderListItem {LI} at (40,100) size 4x20
            RenderListMarker at (-17,0) size 12x20: "\x{1208}"
            RenderText {#text} at (0,0) size 4x20
              text run at (0,0) width 4: "\x{1208}"
          RenderListItem {LI} at (40,120) size 4x20
            RenderListMarker at (-17,0) size 12x20: "\x{1218}"
            RenderText {#text} at (0,0) size 4x20
              text run at (0,0) width 4: "\x{1218}"
          RenderListItem {LI} at (40,140) size 4x20
            RenderListMarker at (-17,0) size 12x20: "\x{1290}"
            RenderText {#text} at (0,0) size 4x20
              text run at (0,0) width 4: "\x{1290}"
          RenderListItem {LI} at (40,160) size 4x20
            RenderListMarker at (-17,0) size 12x20: "\x{1298}"
            RenderText {#text} at (0,0) size 4x20
              text run at (0,0) width 4: "\x{1298}"
          RenderListItem {LI} at (40,180) size 4x20
            RenderListMarker at (-17,0) size 12x20: "\x{12D0}"
            RenderText {#text} at (0,0) size 4x20
              text run at (0,0) width 4: "\x{12D0}"
        RenderBlock (floating) {OL} at (128,300) size 64x200
          RenderListItem {LI} at (40,0) size 4x20
            RenderListMarker at (-17,0) size 12x20: "\x{1348}"
            RenderText {#text} at (0,0) size 4x20
              text run at (0,0) width 4: "\x{1348}"
          RenderListItem {LI} at (40,20) size 4x20
            RenderListMarker at (-17,0) size 12x20: "\x{1338}"
            RenderText {#text} at (0,0) size 4x20
              text run at (0,0) width 4: "\x{1338}"
          RenderListItem {LI} at (40,40) size 4x20
            RenderListMarker at (-17,0) size 12x20: "\x{1240}"
            RenderText {#text} at (0,0) size 4x20
              text run at (0,0) width 4: "\x{1240}"
          RenderListItem {LI} at (40,60) size 4x20
            RenderListMarker at (-17,0) size 12x20: "\x{1250}"
            RenderText {#text} at (0,0) size 4x20
              text run at (0,0) width 4: "\x{1250}"
          RenderListItem {LI} at (40,80) size 4x20
            RenderListMarker at (-17,0) size 12x20: "\x{1228}"
            RenderText {#text} at (0,0) size 4x20
              text run at (0,0) width 4: "\x{1228}"
          RenderListItem {LI} at (40,100) size 4x20
            RenderListMarker at (-17,0) size 12x20: "\x{1230}"
            RenderText {#text} at (0,0) size 4x20
              text run at (0,0) width 4: "\x{1230}"
          RenderListItem {LI} at (40,120) size 4x20
            RenderListMarker at (-17,0) size 12x20: "\x{1238}"
            RenderText {#text} at (0,0) size 4x20
              text run at (0,0) width 4: "\x{1238}"
          RenderListItem {LI} at (40,140) size 4x20
            RenderListMarker at (-17,0) size 12x20: "\x{1270}"
            RenderText {#text} at (0,0) size 4x20
              text run at (0,0) width 4: "\x{1270}"
          RenderListItem {LI} at (40,160) size 4x20
            RenderListMarker at (-17,0) size 12x20: "\x{1278}"
            RenderText {#text} at (0,0) size 4x20
              text run at (0,0) width 4: "\x{1278}"
          RenderListItem {LI} at (40,180) size 4x20
            RenderListMarker at (-17,0) size 12x20: "\x{1330}"
            RenderText {#text} at (0,0) size 4x20
              text run at (0,0) width 4: "\x{1330}"
        RenderBlock (floating) {OL} at (192,300) size 64x20
          RenderListItem {LI} at (40,0) size 4x20
            RenderListMarker at (-17,0) size 12x20: "\x{1350}"
            RenderText {#text} at (0,0) size 4x20
              text run at (0,0) width 4: "\x{1350}"
      RenderBlock {DIV} at (0,10322) size 765x265
        RenderBlock {H2} at (0,232) size 765x33
          RenderText {#text} at (0,0) size 226x33
            text run at (0,0) width 226: "ethiopic-abegede-ti-er"
        RenderBlock (floating) {OL} at (0,300) size 64x200
          RenderListItem {LI} at (40,0) size 4x20
            RenderListMarker at (-17,0) size 12x20: "\x{12A0}"
            RenderText {#text} at (0,0) size 4x20
              text run at (0,0) width 4: "\x{12A0}"
          RenderListItem {LI} at (40,20) size 4x20
            RenderListMarker at (-17,0) size 12x20: "\x{1260}"
            RenderText {#text} at (0,0) size 4x20
              text run at (0,0) width 4: "\x{1260}"
          RenderListItem {LI} at (40,40) size 4x20
            RenderListMarker at (-17,0) size 12x20: "\x{1308}"
            RenderText {#text} at (0,0) size 4x20
              text run at (0,0) width 4: "\x{1308}"
          RenderListItem {LI} at (40,60) size 4x20
            RenderListMarker at (-17,0) size 12x20: "\x{12F0}"
            RenderText {#text} at (0,0) size 4x20
              text run at (0,0) width 4: "\x{12F0}"
          RenderListItem {LI} at (40,80) size 4x20
            RenderListMarker at (-17,0) size 12x20: "\x{1300}"
            RenderText {#text} at (0,0) size 4x20
              text run at (0,0) width 4: "\x{1300}"
          RenderListItem {LI} at (40,100) size 4x20
            RenderListMarker at (-17,0) size 12x20: "\x{1200}"
            RenderText {#text} at (0,0) size 4x20
              text run at (0,0) width 4: "\x{1200}"
          RenderListItem {LI} at (40,120) size 4x20
            RenderListMarker at (-17,0) size 12x20: "\x{12C8}"
            RenderText {#text} at (0,0) size 4x20
              text run at (0,0) width 4: "\x{12C8}"
          RenderListItem {LI} at (40,140) size 4x20
            RenderListMarker at (-17,0) size 12x20: "\x{12D8}"
            RenderText {#text} at (0,0) size 4x20
              text run at (0,0) width 4: "\x{12D8}"
          RenderListItem {LI} at (40,160) size 4x20
            RenderListMarker at (-17,0) size 12x20: "\x{12E0}"
            RenderText {#text} at (0,0) size 4x20
              text run at (0,0) width 4: "\x{12E0}"
          RenderListItem {LI} at (40,180) size 4x20
            RenderListMarker at (-17,0) size 12x20: "\x{1210}"
            RenderText {#text} at (0,0) size 4x20
              text run at (0,0) width 4: "\x{1210}"
        RenderBlock (floating) {OL} at (64,300) size 64x200
          RenderListItem {LI} at (40,0) size 4x20
            RenderListMarker at (-17,0) size 12x20: "\x{1320}"
            RenderText {#text} at (0,0) size 4x20
              text run at (0,0) width 4: "\x{1320}"
          RenderListItem {LI} at (40,20) size 4x20
            RenderListMarker at (-17,0) size 12x20: "\x{1328}"
            RenderText {#text} at (0,0) size 4x20
              text run at (0,0) width 4: "\x{1328}"
          RenderListItem {LI} at (40,40) size 4x20
            RenderListMarker at (-17,0) size 12x20: "\x{12E8}"
            RenderText {#text} at (0,0) size 4x20
              text run at (0,0) width 4: "\x{12E8}"
          RenderListItem {LI} at (40,60) size 4x20
            RenderListMarker at (-17,0) size 12x20: "\x{12A8}"
            RenderText {#text} at (0,0) size 4x20
              text run at (0,0) width 4: "\x{12A8}"
          RenderListItem {LI} at (40,80) size 4x20
            RenderListMarker at (-17,0) size 12x20: "\x{12B8}"
            RenderText {#text} at (0,0) size 4x20
              text run at (0,0) width 4: "\x{12B8}"
          RenderListItem {LI} at (40,100) size 4x20
            RenderListMarker at (-17,0) size 12x20: "\x{1208}"
            RenderText {#text} at (0,0) size 4x20
              text run at (0,0) width 4: "\x{1208}"
          RenderListItem {LI} at (40,120) size 4x20
            RenderListMarker at (-17,0) size 12x20: "\x{1218}"
            RenderText {#text} at (0,0) size 4x20
              text run at (0,0) width 4: "\x{1218}"
          RenderListItem {LI} at (40,140) size 4x20
            RenderListMarker at (-17,0) size 12x20: "\x{1290}"
            RenderText {#text} at (0,0) size 4x20
              text run at (0,0) width 4: "\x{1290}"
          RenderListItem {LI} at (40,160) size 4x20
            RenderListMarker at (-17,0) size 12x20: "\x{1298}"
            RenderText {#text} at (0,0) size 4x20
              text run at (0,0) width 4: "\x{1298}"
          RenderListItem {LI} at (40,180) size 4x20
            RenderListMarker at (-17,0) size 12x20: "\x{12D0}"
            RenderText {#text} at (0,0) size 4x20
              text run at (0,0) width 4: "\x{12D0}"
        RenderBlock (floating) {OL} at (128,300) size 64x200
          RenderListItem {LI} at (40,0) size 4x20
            RenderListMarker at (-17,0) size 12x20: "\x{1348}"
            RenderText {#text} at (0,0) size 4x20
              text run at (0,0) width 4: "\x{1348}"
          RenderListItem {LI} at (40,20) size 4x20
            RenderListMarker at (-17,0) size 12x20: "\x{1338}"
            RenderText {#text} at (0,0) size 4x20
              text run at (0,0) width 4: "\x{1338}"
          RenderListItem {LI} at (40,40) size 4x20
            RenderListMarker at (-17,0) size 12x20: "\x{1240}"
            RenderText {#text} at (0,0) size 4x20
              text run at (0,0) width 4: "\x{1240}"
          RenderListItem {LI} at (40,60) size 4x20
            RenderListMarker at (-17,0) size 12x20: "\x{1250}"
            RenderText {#text} at (0,0) size 4x20
              text run at (0,0) width 4: "\x{1250}"
          RenderListItem {LI} at (40,80) size 4x20
            RenderListMarker at (-17,0) size 12x20: "\x{1228}"
            RenderText {#text} at (0,0) size 4x20
              text run at (0,0) width 4: "\x{1228}"
          RenderListItem {LI} at (40,100) size 4x20
            RenderListMarker at (-17,0) size 12x20: "\x{1230}"
            RenderText {#text} at (0,0) size 4x20
              text run at (0,0) width 4: "\x{1230}"
          RenderListItem {LI} at (40,120) size 4x20
            RenderListMarker at (-17,0) size 12x20: "\x{1238}"
            RenderText {#text} at (0,0) size 4x20
              text run at (0,0) width 4: "\x{1238}"
          RenderListItem {LI} at (40,140) size 4x20
            RenderListMarker at (-17,0) size 12x20: "\x{1270}"
            RenderText {#text} at (0,0) size 4x20
              text run at (0,0) width 4: "\x{1270}"
          RenderListItem {LI} at (40,160) size 4x20
            RenderListMarker at (-17,0) size 12x20: "\x{1278}"
            RenderText {#text} at (0,0) size 4x20
              text run at (0,0) width 4: "\x{1278}"
          RenderListItem {LI} at (40,180) size 4x20
            RenderListMarker at (-17,0) size 12x20: "\x{1330}"
            RenderText {#text} at (0,0) size 4x20
              text run at (0,0) width 4: "\x{1330}"
        RenderBlock (floating) {OL} at (192,300) size 64x20
          RenderListItem {LI} at (40,0) size 4x20
            RenderListMarker at (-17,0) size 12x20: "\x{1350}"
            RenderText {#text} at (0,0) size 4x20
              text run at (0,0) width 4: "\x{1350}"
      RenderBlock {DIV} at (0,10606) size 765x265
        RenderBlock {H2} at (0,232) size 765x33
          RenderText {#text} at (0,0) size 109x33
            text run at (0,0) width 109: "tigrinya-et"
        RenderBlock (floating) {OL} at (0,300) size 64x240
          RenderListItem {LI} at (40,0) size 4x20
            RenderListMarker at (-17,0) size 12x20: "\x{1200}"
            RenderText {#text} at (0,0) size 4x20
              text run at (0,0) width 4: "\x{1200}"
          RenderListItem {LI} at (40,20) size 4x20
            RenderListMarker at (-17,0) size 12x20: "\x{1208}"
            RenderText {#text} at (0,0) size 4x20
              text run at (0,0) width 4: "\x{1208}"
          RenderListItem {LI} at (40,40) size 4x20
            RenderListMarker at (-17,0) size 12x20: "\x{1210}"
            RenderText {#text} at (0,0) size 4x20
              text run at (0,0) width 4: "\x{1210}"
          RenderListItem {LI} at (40,60) size 4x20
            RenderListMarker at (-17,0) size 12x20: "\x{1218}"
            RenderText {#text} at (0,0) size 4x20
              text run at (0,0) width 4: "\x{1218}"
          RenderListItem {LI} at (40,80) size 4x20
            RenderListMarker at (-17,0) size 12x20: "\x{1220}"
            RenderText {#text} at (0,0) size 4x20
              text run at (0,0) width 4: "\x{1220}"
          RenderListItem {LI} at (40,100) size 4x20
            RenderListMarker at (-17,0) size 12x20: "\x{1228}"
            RenderText {#text} at (0,0) size 4x20
              text run at (0,0) width 4: "\x{1228}"
          RenderListItem {LI} at (40,120) size 4x20
            RenderListMarker at (-17,0) size 12x20: "\x{1230}"
            RenderText {#text} at (0,0) size 4x20
              text run at (0,0) width 4: "\x{1230}"
          RenderListItem {LI} at (40,140) size 4x20
            RenderListMarker at (-17,0) size 12x20: "\x{1238}"
            RenderText {#text} at (0,0) size 4x20
              text run at (0,0) width 4: "\x{1238}"
          RenderListItem {LI} at (40,160) size 4x20
            RenderListMarker at (-17,0) size 12x20: "\x{1240}"
            RenderText {#text} at (0,0) size 4x20
              text run at (0,0) width 4: "\x{1240}"
          RenderListItem {LI} at (40,180) size 4x20
            RenderListMarker at (-17,0) size 12x20: "\x{1250}"
            RenderText {#text} at (0,0) size 4x20
              text run at (0,0) width 4: "\x{1250}"
          RenderListItem {LI} at (40,200) size 4x20
            RenderListMarker at (-17,0) size 12x20: "\x{1260}"
            RenderText {#text} at (0,0) size 4x20
              text run at (0,0) width 4: "\x{1260}"
          RenderListItem {LI} at (40,220) size 4x20
            RenderListMarker at (-17,0) size 12x20: "\x{1270}"
            RenderText {#text} at (0,0) size 4x20
              text run at (0,0) width 4: "\x{1270}"
        RenderBlock (floating) {OL} at (64,300) size 64x240
          RenderListItem {LI} at (40,0) size 4x20
            RenderListMarker at (-17,0) size 12x20: "\x{1278}"
            RenderText {#text} at (0,0) size 4x20
              text run at (0,0) width 4: "\x{1278}"
          RenderListItem {LI} at (40,20) size 4x20
            RenderListMarker at (-17,0) size 12x20: "\x{1280}"
            RenderText {#text} at (0,0) size 4x20
              text run at (0,0) width 4: "\x{1280}"
          RenderListItem {LI} at (40,40) size 4x20
            RenderListMarker at (-17,0) size 12x20: "\x{1290}"
            RenderText {#text} at (0,0) size 4x20
              text run at (0,0) width 4: "\x{1290}"
          RenderListItem {LI} at (40,60) size 4x20
            RenderListMarker at (-17,0) size 12x20: "\x{1298}"
            RenderText {#text} at (0,0) size 4x20
              text run at (0,0) width 4: "\x{1298}"
          RenderListItem {LI} at (40,80) size 4x20
            RenderListMarker at (-17,0) size 12x20: "\x{12A0}"
            RenderText {#text} at (0,0) size 4x20
              text run at (0,0) width 4: "\x{12A0}"
          RenderListItem {LI} at (40,100) size 4x20
            RenderListMarker at (-17,0) size 12x20: "\x{12A8}"
            RenderText {#text} at (0,0) size 4x20
              text run at (0,0) width 4: "\x{12A8}"
          RenderListItem {LI} at (40,120) size 4x20
            RenderListMarker at (-17,0) size 12x20: "\x{12B8}"
            RenderText {#text} at (0,0) size 4x20
              text run at (0,0) width 4: "\x{12B8}"
          RenderListItem {LI} at (40,140) size 4x20
            RenderListMarker at (-17,0) size 12x20: "\x{12C8}"
            RenderText {#text} at (0,0) size 4x20
              text run at (0,0) width 4: "\x{12C8}"
          RenderListItem {LI} at (40,160) size 4x20
            RenderListMarker at (-17,0) size 12x20: "\x{12D0}"
            RenderText {#text} at (0,0) size 4x20
              text run at (0,0) width 4: "\x{12D0}"
          RenderListItem {LI} at (40,180) size 4x20
            RenderListMarker at (-17,0) size 12x20: "\x{12D8}"
            RenderText {#text} at (0,0) size 4x20
              text run at (0,0) width 4: "\x{12D8}"
          RenderListItem {LI} at (40,200) size 4x20
            RenderListMarker at (-17,0) size 12x20: "\x{12E0}"
            RenderText {#text} at (0,0) size 4x20
              text run at (0,0) width 4: "\x{12E0}"
          RenderListItem {LI} at (40,220) size 4x20
            RenderListMarker at (-17,0) size 12x20: "\x{12E8}"
            RenderText {#text} at (0,0) size 4x20
              text run at (0,0) width 4: "\x{12E8}"
        RenderBlock (floating) {OL} at (128,300) size 64x200
          RenderListItem {LI} at (40,0) size 4x20
            RenderListMarker at (-17,0) size 12x20: "\x{12F0}"
            RenderText {#text} at (0,0) size 4x20
              text run at (0,0) width 4: "\x{12F0}"
          RenderListItem {LI} at (40,20) size 4x20
            RenderListMarker at (-17,0) size 12x20: "\x{1300}"
            RenderText {#text} at (0,0) size 4x20
              text run at (0,0) width 4: "\x{1300}"
          RenderListItem {LI} at (40,40) size 4x20
            RenderListMarker at (-17,0) size 12x20: "\x{1308}"
            RenderText {#text} at (0,0) size 4x20
              text run at (0,0) width 4: "\x{1308}"
          RenderListItem {LI} at (40,60) size 4x20
            RenderListMarker at (-17,0) size 12x20: "\x{1320}"
            RenderText {#text} at (0,0) size 4x20
              text run at (0,0) width 4: "\x{1320}"
          RenderListItem {LI} at (40,80) size 4x20
            RenderListMarker at (-17,0) size 12x20: "\x{1328}"
            RenderText {#text} at (0,0) size 4x20
              text run at (0,0) width 4: "\x{1328}"
          RenderListItem {LI} at (40,100) size 4x20
            RenderListMarker at (-17,0) size 12x20: "\x{1330}"
            RenderText {#text} at (0,0) size 4x20
              text run at (0,0) width 4: "\x{1330}"
          RenderListItem {LI} at (40,120) size 4x20
            RenderListMarker at (-17,0) size 12x20: "\x{1338}"
            RenderText {#text} at (0,0) size 4x20
              text run at (0,0) width 4: "\x{1338}"
          RenderListItem {LI} at (40,140) size 4x20
            RenderListMarker at (-17,0) size 12x20: "\x{1340}"
            RenderText {#text} at (0,0) size 4x20
              text run at (0,0) width 4: "\x{1340}"
          RenderListItem {LI} at (40,160) size 4x20
            RenderListMarker at (-17,0) size 12x20: "\x{1348}"
            RenderText {#text} at (0,0) size 4x20
              text run at (0,0) width 4: "\x{1348}"
          RenderListItem {LI} at (40,180) size 4x20
            RenderListMarker at (-17,0) size 12x20: "\x{1350}"
            RenderText {#text} at (0,0) size 4x20
              text run at (0,0) width 4: "\x{1350}"
      RenderBlock {DIV} at (0,10890) size 765x305
        RenderBlock {H2} at (0,272) size 765x33
          RenderText {#text} at (0,0) size 239x33
            text run at (0,0) width 239: "ethiopic-halehame-ti-et"
        RenderBlock (floating) {OL} at (0,340) size 64x240
          RenderListItem {LI} at (40,0) size 4x20
            RenderListMarker at (-17,0) size 12x20: "\x{1200}"
            RenderText {#text} at (0,0) size 4x20
              text run at (0,0) width 4: "\x{1200}"
          RenderListItem {LI} at (40,20) size 4x20
            RenderListMarker at (-17,0) size 12x20: "\x{1208}"
            RenderText {#text} at (0,0) size 4x20
              text run at (0,0) width 4: "\x{1208}"
          RenderListItem {LI} at (40,40) size 4x20
            RenderListMarker at (-17,0) size 12x20: "\x{1210}"
            RenderText {#text} at (0,0) size 4x20
              text run at (0,0) width 4: "\x{1210}"
          RenderListItem {LI} at (40,60) size 4x20
            RenderListMarker at (-17,0) size 12x20: "\x{1218}"
            RenderText {#text} at (0,0) size 4x20
              text run at (0,0) width 4: "\x{1218}"
          RenderListItem {LI} at (40,80) size 4x20
            RenderListMarker at (-17,0) size 12x20: "\x{1220}"
            RenderText {#text} at (0,0) size 4x20
              text run at (0,0) width 4: "\x{1220}"
          RenderListItem {LI} at (40,100) size 4x20
            RenderListMarker at (-17,0) size 12x20: "\x{1228}"
            RenderText {#text} at (0,0) size 4x20
              text run at (0,0) width 4: "\x{1228}"
          RenderListItem {LI} at (40,120) size 4x20
            RenderListMarker at (-17,0) size 12x20: "\x{1230}"
            RenderText {#text} at (0,0) size 4x20
              text run at (0,0) width 4: "\x{1230}"
          RenderListItem {LI} at (40,140) size 4x20
            RenderListMarker at (-17,0) size 12x20: "\x{1238}"
            RenderText {#text} at (0,0) size 4x20
              text run at (0,0) width 4: "\x{1238}"
          RenderListItem {LI} at (40,160) size 4x20
            RenderListMarker at (-17,0) size 12x20: "\x{1240}"
            RenderText {#text} at (0,0) size 4x20
              text run at (0,0) width 4: "\x{1240}"
          RenderListItem {LI} at (40,180) size 4x20
            RenderListMarker at (-17,0) size 12x20: "\x{1250}"
            RenderText {#text} at (0,0) size 4x20
              text run at (0,0) width 4: "\x{1250}"
          RenderListItem {LI} at (40,200) size 4x20
            RenderListMarker at (-17,0) size 12x20: "\x{1260}"
            RenderText {#text} at (0,0) size 4x20
              text run at (0,0) width 4: "\x{1260}"
          RenderListItem {LI} at (40,220) size 4x20
            RenderListMarker at (-17,0) size 12x20: "\x{1270}"
            RenderText {#text} at (0,0) size 4x20
              text run at (0,0) width 4: "\x{1270}"
        RenderBlock (floating) {OL} at (64,340) size 64x240
          RenderListItem {LI} at (40,0) size 4x20
            RenderListMarker at (-17,0) size 12x20: "\x{1278}"
            RenderText {#text} at (0,0) size 4x20
              text run at (0,0) width 4: "\x{1278}"
          RenderListItem {LI} at (40,20) size 4x20
            RenderListMarker at (-17,0) size 12x20: "\x{1280}"
            RenderText {#text} at (0,0) size 4x20
              text run at (0,0) width 4: "\x{1280}"
          RenderListItem {LI} at (40,40) size 4x20
            RenderListMarker at (-17,0) size 12x20: "\x{1290}"
            RenderText {#text} at (0,0) size 4x20
              text run at (0,0) width 4: "\x{1290}"
          RenderListItem {LI} at (40,60) size 4x20
            RenderListMarker at (-17,0) size 12x20: "\x{1298}"
            RenderText {#text} at (0,0) size 4x20
              text run at (0,0) width 4: "\x{1298}"
          RenderListItem {LI} at (40,80) size 4x20
            RenderListMarker at (-17,0) size 12x20: "\x{12A0}"
            RenderText {#text} at (0,0) size 4x20
              text run at (0,0) width 4: "\x{12A0}"
          RenderListItem {LI} at (40,100) size 4x20
            RenderListMarker at (-17,0) size 12x20: "\x{12A8}"
            RenderText {#text} at (0,0) size 4x20
              text run at (0,0) width 4: "\x{12A8}"
          RenderListItem {LI} at (40,120) size 4x20
            RenderListMarker at (-17,0) size 12x20: "\x{12B8}"
            RenderText {#text} at (0,0) size 4x20
              text run at (0,0) width 4: "\x{12B8}"
          RenderListItem {LI} at (40,140) size 4x20
            RenderListMarker at (-17,0) size 12x20: "\x{12C8}"
            RenderText {#text} at (0,0) size 4x20
              text run at (0,0) width 4: "\x{12C8}"
          RenderListItem {LI} at (40,160) size 4x20
            RenderListMarker at (-17,0) size 12x20: "\x{12D0}"
            RenderText {#text} at (0,0) size 4x20
              text run at (0,0) width 4: "\x{12D0}"
          RenderListItem {LI} at (40,180) size 4x20
            RenderListMarker at (-17,0) size 12x20: "\x{12D8}"
            RenderText {#text} at (0,0) size 4x20
              text run at (0,0) width 4: "\x{12D8}"
          RenderListItem {LI} at (40,200) size 4x20
            RenderListMarker at (-17,0) size 12x20: "\x{12E0}"
            RenderText {#text} at (0,0) size 4x20
              text run at (0,0) width 4: "\x{12E0}"
          RenderListItem {LI} at (40,220) size 4x20
            RenderListMarker at (-17,0) size 12x20: "\x{12E8}"
            RenderText {#text} at (0,0) size 4x20
              text run at (0,0) width 4: "\x{12E8}"
        RenderBlock (floating) {OL} at (128,340) size 64x200
          RenderListItem {LI} at (40,0) size 4x20
            RenderListMarker at (-17,0) size 12x20: "\x{12F0}"
            RenderText {#text} at (0,0) size 4x20
              text run at (0,0) width 4: "\x{12F0}"
          RenderListItem {LI} at (40,20) size 4x20
            RenderListMarker at (-17,0) size 12x20: "\x{1300}"
            RenderText {#text} at (0,0) size 4x20
              text run at (0,0) width 4: "\x{1300}"
          RenderListItem {LI} at (40,40) size 4x20
            RenderListMarker at (-17,0) size 12x20: "\x{1308}"
            RenderText {#text} at (0,0) size 4x20
              text run at (0,0) width 4: "\x{1308}"
          RenderListItem {LI} at (40,60) size 4x20
            RenderListMarker at (-17,0) size 12x20: "\x{1320}"
            RenderText {#text} at (0,0) size 4x20
              text run at (0,0) width 4: "\x{1320}"
          RenderListItem {LI} at (40,80) size 4x20
            RenderListMarker at (-17,0) size 12x20: "\x{1328}"
            RenderText {#text} at (0,0) size 4x20
              text run at (0,0) width 4: "\x{1328}"
          RenderListItem {LI} at (40,100) size 4x20
            RenderListMarker at (-17,0) size 12x20: "\x{1330}"
            RenderText {#text} at (0,0) size 4x20
              text run at (0,0) width 4: "\x{1330}"
          RenderListItem {LI} at (40,120) size 4x20
            RenderListMarker at (-17,0) size 12x20: "\x{1338}"
            RenderText {#text} at (0,0) size 4x20
              text run at (0,0) width 4: "\x{1338}"
          RenderListItem {LI} at (40,140) size 4x20
            RenderListMarker at (-17,0) size 12x20: "\x{1340}"
            RenderText {#text} at (0,0) size 4x20
              text run at (0,0) width 4: "\x{1340}"
          RenderListItem {LI} at (40,160) size 4x20
            RenderListMarker at (-17,0) size 12x20: "\x{1348}"
            RenderText {#text} at (0,0) size 4x20
              text run at (0,0) width 4: "\x{1348}"
          RenderListItem {LI} at (40,180) size 4x20
            RenderListMarker at (-17,0) size 12x20: "\x{1350}"
            RenderText {#text} at (0,0) size 4x20
              text run at (0,0) width 4: "\x{1350}"
      RenderBlock {DIV} at (0,11214) size 765x305
        RenderBlock {H2} at (0,272) size 765x33
          RenderText {#text} at (0,0) size 200x33
            text run at (0,0) width 200: "tigrinya-et-abegede"
        RenderBlock (floating) {OL} at (0,340) size 64x200
          RenderListItem {LI} at (40,0) size 4x20
            RenderListMarker at (-17,0) size 12x20: "\x{12A0}"
            RenderText {#text} at (0,0) size 4x20
              text run at (0,0) width 4: "\x{12A0}"
          RenderListItem {LI} at (40,20) size 4x20
            RenderListMarker at (-17,0) size 12x20: "\x{1260}"
            RenderText {#text} at (0,0) size 4x20
              text run at (0,0) width 4: "\x{1260}"
          RenderListItem {LI} at (40,40) size 4x20
            RenderListMarker at (-17,0) size 12x20: "\x{1308}"
            RenderText {#text} at (0,0) size 4x20
              text run at (0,0) width 4: "\x{1308}"
          RenderListItem {LI} at (40,60) size 4x20
            RenderListMarker at (-17,0) size 12x20: "\x{12F0}"
            RenderText {#text} at (0,0) size 4x20
              text run at (0,0) width 4: "\x{12F0}"
          RenderListItem {LI} at (40,80) size 4x20
            RenderListMarker at (-17,0) size 12x20: "\x{1300}"
            RenderText {#text} at (0,0) size 4x20
              text run at (0,0) width 4: "\x{1300}"
          RenderListItem {LI} at (40,100) size 4x20
            RenderListMarker at (-17,0) size 12x20: "\x{1200}"
            RenderText {#text} at (0,0) size 4x20
              text run at (0,0) width 4: "\x{1200}"
          RenderListItem {LI} at (40,120) size 4x20
            RenderListMarker at (-17,0) size 12x20: "\x{12C8}"
            RenderText {#text} at (0,0) size 4x20
              text run at (0,0) width 4: "\x{12C8}"
          RenderListItem {LI} at (40,140) size 4x20
            RenderListMarker at (-17,0) size 12x20: "\x{12D8}"
            RenderText {#text} at (0,0) size 4x20
              text run at (0,0) width 4: "\x{12D8}"
          RenderListItem {LI} at (40,160) size 4x20
            RenderListMarker at (-17,0) size 12x20: "\x{12E0}"
            RenderText {#text} at (0,0) size 4x20
              text run at (0,0) width 4: "\x{12E0}"
          RenderListItem {LI} at (40,180) size 4x20
            RenderListMarker at (-17,0) size 12x20: "\x{1210}"
            RenderText {#text} at (0,0) size 4x20
              text run at (0,0) width 4: "\x{1210}"
        RenderBlock (floating) {OL} at (64,340) size 64x200
          RenderListItem {LI} at (40,0) size 4x20
            RenderListMarker at (-17,0) size 12x20: "\x{1320}"
            RenderText {#text} at (0,0) size 4x20
              text run at (0,0) width 4: "\x{1320}"
          RenderListItem {LI} at (40,20) size 4x20
            RenderListMarker at (-17,0) size 12x20: "\x{1328}"
            RenderText {#text} at (0,0) size 4x20
              text run at (0,0) width 4: "\x{1328}"
          RenderListItem {LI} at (40,40) size 4x20
            RenderListMarker at (-17,0) size 12x20: "\x{12E8}"
            RenderText {#text} at (0,0) size 4x20
              text run at (0,0) width 4: "\x{12E8}"
          RenderListItem {LI} at (40,60) size 4x20
            RenderListMarker at (-17,0) size 12x20: "\x{12A8}"
            RenderText {#text} at (0,0) size 4x20
              text run at (0,0) width 4: "\x{12A8}"
          RenderListItem {LI} at (40,80) size 4x20
            RenderListMarker at (-17,0) size 12x20: "\x{12B8}"
            RenderText {#text} at (0,0) size 4x20
              text run at (0,0) width 4: "\x{12B8}"
          RenderListItem {LI} at (40,100) size 4x20
            RenderListMarker at (-17,0) size 12x20: "\x{1208}"
            RenderText {#text} at (0,0) size 4x20
              text run at (0,0) width 4: "\x{1208}"
          RenderListItem {LI} at (40,120) size 4x20
            RenderListMarker at (-17,0) size 12x20: "\x{1218}"
            RenderText {#text} at (0,0) size 4x20
              text run at (0,0) width 4: "\x{1218}"
          RenderListItem {LI} at (40,140) size 4x20
            RenderListMarker at (-17,0) size 12x20: "\x{1290}"
            RenderText {#text} at (0,0) size 4x20
              text run at (0,0) width 4: "\x{1290}"
          RenderListItem {LI} at (40,160) size 4x20
            RenderListMarker at (-17,0) size 12x20: "\x{1298}"
            RenderText {#text} at (0,0) size 4x20
              text run at (0,0) width 4: "\x{1298}"
          RenderListItem {LI} at (40,180) size 4x20
            RenderListMarker at (-17,0) size 12x20: "\x{1220}"
            RenderText {#text} at (0,0) size 4x20
              text run at (0,0) width 4: "\x{1220}"
        RenderBlock (floating) {OL} at (128,340) size 64x200
          RenderListItem {LI} at (40,0) size 4x20
            RenderListMarker at (-17,0) size 12x20: "\x{12D0}"
            RenderText {#text} at (0,0) size 4x20
              text run at (0,0) width 4: "\x{12D0}"
          RenderListItem {LI} at (40,20) size 4x20
            RenderListMarker at (-17,0) size 12x20: "\x{1348}"
            RenderText {#text} at (0,0) size 4x20
              text run at (0,0) width 4: "\x{1348}"
          RenderListItem {LI} at (40,40) size 4x20
            RenderListMarker at (-17,0) size 12x20: "\x{1338}"
            RenderText {#text} at (0,0) size 4x20
              text run at (0,0) width 4: "\x{1338}"
          RenderListItem {LI} at (40,60) size 4x20
            RenderListMarker at (-17,0) size 12x20: "\x{1240}"
            RenderText {#text} at (0,0) size 4x20
              text run at (0,0) width 4: "\x{1240}"
          RenderListItem {LI} at (40,80) size 4x20
            RenderListMarker at (-17,0) size 12x20: "\x{1250}"
            RenderText {#text} at (0,0) size 4x20
              text run at (0,0) width 4: "\x{1250}"
          RenderListItem {LI} at (40,100) size 4x20
            RenderListMarker at (-17,0) size 12x20: "\x{1228}"
            RenderText {#text} at (0,0) size 4x20
              text run at (0,0) width 4: "\x{1228}"
          RenderListItem {LI} at (40,120) size 4x20
            RenderListMarker at (-17,0) size 12x20: "\x{1230}"
            RenderText {#text} at (0,0) size 4x20
              text run at (0,0) width 4: "\x{1230}"
          RenderListItem {LI} at (40,140) size 4x20
            RenderListMarker at (-17,0) size 12x20: "\x{1238}"
            RenderText {#text} at (0,0) size 4x20
              text run at (0,0) width 4: "\x{1238}"
          RenderListItem {LI} at (40,160) size 4x20
            RenderListMarker at (-17,0) size 12x20: "\x{1270}"
            RenderText {#text} at (0,0) size 4x20
              text run at (0,0) width 4: "\x{1270}"
          RenderListItem {LI} at (40,180) size 4x20
            RenderListMarker at (-17,0) size 12x20: "\x{1278}"
            RenderText {#text} at (0,0) size 4x20
              text run at (0,0) width 4: "\x{1278}"
        RenderBlock (floating) {OL} at (192,340) size 64x80
          RenderListItem {LI} at (40,0) size 4x20
            RenderListMarker at (-17,0) size 12x20: "\x{1280}"
            RenderText {#text} at (0,0) size 4x20
              text run at (0,0) width 4: "\x{1280}"
          RenderListItem {LI} at (40,20) size 4x20
            RenderListMarker at (-17,0) size 12x20: "\x{1340}"
            RenderText {#text} at (0,0) size 4x20
              text run at (0,0) width 4: "\x{1340}"
          RenderListItem {LI} at (40,40) size 4x20
            RenderListMarker at (-17,0) size 12x20: "\x{1330}"
            RenderText {#text} at (0,0) size 4x20
              text run at (0,0) width 4: "\x{1330}"
          RenderListItem {LI} at (40,60) size 4x20
            RenderListMarker at (-17,0) size 12x20: "\x{1350}"
            RenderText {#text} at (0,0) size 4x20
              text run at (0,0) width 4: "\x{1350}"
      RenderBlock {DIV} at (0,11538) size 765x265
        RenderBlock {H2} at (0,232) size 765x33
          RenderText {#text} at (0,0) size 223x33
            text run at (0,0) width 223: "ethiopic-abegede-ti-et"
        RenderBlock (floating) {OL} at (0,300) size 64x200
          RenderListItem {LI} at (40,0) size 4x20
            RenderListMarker at (-17,0) size 12x20: "\x{12A0}"
            RenderText {#text} at (0,0) size 4x20
              text run at (0,0) width 4: "\x{12A0}"
          RenderListItem {LI} at (40,20) size 4x20
            RenderListMarker at (-17,0) size 12x20: "\x{1260}"
            RenderText {#text} at (0,0) size 4x20
              text run at (0,0) width 4: "\x{1260}"
          RenderListItem {LI} at (40,40) size 4x20
            RenderListMarker at (-17,0) size 12x20: "\x{1308}"
            RenderText {#text} at (0,0) size 4x20
              text run at (0,0) width 4: "\x{1308}"
          RenderListItem {LI} at (40,60) size 4x20
            RenderListMarker at (-17,0) size 12x20: "\x{12F0}"
            RenderText {#text} at (0,0) size 4x20
              text run at (0,0) width 4: "\x{12F0}"
          RenderListItem {LI} at (40,80) size 4x20
            RenderListMarker at (-17,0) size 12x20: "\x{1300}"
            RenderText {#text} at (0,0) size 4x20
              text run at (0,0) width 4: "\x{1300}"
          RenderListItem {LI} at (40,100) size 4x20
            RenderListMarker at (-17,0) size 12x20: "\x{1200}"
            RenderText {#text} at (0,0) size 4x20
              text run at (0,0) width 4: "\x{1200}"
          RenderListItem {LI} at (40,120) size 4x20
            RenderListMarker at (-17,0) size 12x20: "\x{12C8}"
            RenderText {#text} at (0,0) size 4x20
              text run at (0,0) width 4: "\x{12C8}"
          RenderListItem {LI} at (40,140) size 4x20
            RenderListMarker at (-17,0) size 12x20: "\x{12D8}"
            RenderText {#text} at (0,0) size 4x20
              text run at (0,0) width 4: "\x{12D8}"
          RenderListItem {LI} at (40,160) size 4x20
            RenderListMarker at (-17,0) size 12x20: "\x{12E0}"
            RenderText {#text} at (0,0) size 4x20
              text run at (0,0) width 4: "\x{12E0}"
          RenderListItem {LI} at (40,180) size 4x20
            RenderListMarker at (-17,0) size 12x20: "\x{1210}"
            RenderText {#text} at (0,0) size 4x20
              text run at (0,0) width 4: "\x{1210}"
        RenderBlock (floating) {OL} at (64,300) size 64x200
          RenderListItem {LI} at (40,0) size 4x20
            RenderListMarker at (-17,0) size 12x20: "\x{1320}"
            RenderText {#text} at (0,0) size 4x20
              text run at (0,0) width 4: "\x{1320}"
          RenderListItem {LI} at (40,20) size 4x20
            RenderListMarker at (-17,0) size 12x20: "\x{1328}"
            RenderText {#text} at (0,0) size 4x20
              text run at (0,0) width 4: "\x{1328}"
          RenderListItem {LI} at (40,40) size 4x20
            RenderListMarker at (-17,0) size 12x20: "\x{12E8}"
            RenderText {#text} at (0,0) size 4x20
              text run at (0,0) width 4: "\x{12E8}"
          RenderListItem {LI} at (40,60) size 4x20
            RenderListMarker at (-17,0) size 12x20: "\x{12A8}"
            RenderText {#text} at (0,0) size 4x20
              text run at (0,0) width 4: "\x{12A8}"
          RenderListItem {LI} at (40,80) size 4x20
            RenderListMarker at (-17,0) size 12x20: "\x{12B8}"
            RenderText {#text} at (0,0) size 4x20
              text run at (0,0) width 4: "\x{12B8}"
          RenderListItem {LI} at (40,100) size 4x20
            RenderListMarker at (-17,0) size 12x20: "\x{1208}"
            RenderText {#text} at (0,0) size 4x20
              text run at (0,0) width 4: "\x{1208}"
          RenderListItem {LI} at (40,120) size 4x20
            RenderListMarker at (-17,0) size 12x20: "\x{1218}"
            RenderText {#text} at (0,0) size 4x20
              text run at (0,0) width 4: "\x{1218}"
          RenderListItem {LI} at (40,140) size 4x20
            RenderListMarker at (-17,0) size 12x20: "\x{1290}"
            RenderText {#text} at (0,0) size 4x20
              text run at (0,0) width 4: "\x{1290}"
          RenderListItem {LI} at (40,160) size 4x20
            RenderListMarker at (-17,0) size 12x20: "\x{1298}"
            RenderText {#text} at (0,0) size 4x20
              text run at (0,0) width 4: "\x{1298}"
          RenderListItem {LI} at (40,180) size 4x20
            RenderListMarker at (-17,0) size 12x20: "\x{1220}"
            RenderText {#text} at (0,0) size 4x20
              text run at (0,0) width 4: "\x{1220}"
        RenderBlock (floating) {OL} at (128,300) size 64x200
          RenderListItem {LI} at (40,0) size 4x20
            RenderListMarker at (-17,0) size 12x20: "\x{12D0}"
            RenderText {#text} at (0,0) size 4x20
              text run at (0,0) width 4: "\x{12D0}"
          RenderListItem {LI} at (40,20) size 4x20
            RenderListMarker at (-17,0) size 12x20: "\x{1348}"
            RenderText {#text} at (0,0) size 4x20
              text run at (0,0) width 4: "\x{1348}"
          RenderListItem {LI} at (40,40) size 4x20
            RenderListMarker at (-17,0) size 12x20: "\x{1338}"
            RenderText {#text} at (0,0) size 4x20
              text run at (0,0) width 4: "\x{1338}"
          RenderListItem {LI} at (40,60) size 4x20
            RenderListMarker at (-17,0) size 12x20: "\x{1240}"
            RenderText {#text} at (0,0) size 4x20
              text run at (0,0) width 4: "\x{1240}"
          RenderListItem {LI} at (40,80) size 4x20
            RenderListMarker at (-17,0) size 12x20: "\x{1250}"
            RenderText {#text} at (0,0) size 4x20
              text run at (0,0) width 4: "\x{1250}"
          RenderListItem {LI} at (40,100) size 4x20
            RenderListMarker at (-17,0) size 12x20: "\x{1228}"
            RenderText {#text} at (0,0) size 4x20
              text run at (0,0) width 4: "\x{1228}"
          RenderListItem {LI} at (40,120) size 4x20
            RenderListMarker at (-17,0) size 12x20: "\x{1230}"
            RenderText {#text} at (0,0) size 4x20
              text run at (0,0) width 4: "\x{1230}"
          RenderListItem {LI} at (40,140) size 4x20
            RenderListMarker at (-17,0) size 12x20: "\x{1238}"
            RenderText {#text} at (0,0) size 4x20
              text run at (0,0) width 4: "\x{1238}"
          RenderListItem {LI} at (40,160) size 4x20
            RenderListMarker at (-17,0) size 12x20: "\x{1270}"
            RenderText {#text} at (0,0) size 4x20
              text run at (0,0) width 4: "\x{1270}"
          RenderListItem {LI} at (40,180) size 4x20
            RenderListMarker at (-17,0) size 12x20: "\x{1278}"
            RenderText {#text} at (0,0) size 4x20
              text run at (0,0) width 4: "\x{1278}"
        RenderBlock (floating) {OL} at (192,300) size 64x80
          RenderListItem {LI} at (40,0) size 4x20
            RenderListMarker at (-17,0) size 12x20: "\x{1280}"
            RenderText {#text} at (0,0) size 4x20
              text run at (0,0) width 4: "\x{1280}"
          RenderListItem {LI} at (40,20) size 4x20
            RenderListMarker at (-17,0) size 12x20: "\x{1340}"
            RenderText {#text} at (0,0) size 4x20
              text run at (0,0) width 4: "\x{1340}"
          RenderListItem {LI} at (40,40) size 4x20
            RenderListMarker at (-17,0) size 12x20: "\x{1330}"
            RenderText {#text} at (0,0) size 4x20
              text run at (0,0) width 4: "\x{1330}"
          RenderListItem {LI} at (40,60) size 4x20
            RenderListMarker at (-17,0) size 12x20: "\x{1350}"
            RenderText {#text} at (0,0) size 4x20
              text run at (0,0) width 4: "\x{1350}"
      RenderBlock {DIV} at (0,11822) size 765x265
        RenderBlock {H2} at (0,232) size 765x33
          RenderText {#text} at (0,0) size 126x33
            text run at (0,0) width 126: "upper-alpha"
        RenderBlock (floating) {OL} at (0,300) size 74x260
          RenderListItem {LI} at (40,0) size 14x20
            RenderListMarker at (-25,0) size 20x20: "A"
            RenderText {#text} at (0,0) size 12x20
              text run at (0,0) width 12: "A"
          RenderListItem {LI} at (40,20) size 14x20
            RenderListMarker at (-24,0) size 19x20: "B"
            RenderText {#text} at (0,0) size 11x20
              text run at (0,0) width 11: "B"
          RenderListItem {LI} at (40,40) size 14x20
            RenderListMarker at (-24,0) size 19x20: "C"
            RenderText {#text} at (0,0) size 11x20
              text run at (0,0) width 11: "C"
          RenderListItem {LI} at (40,60) size 14x20
            RenderListMarker at (-25,0) size 20x20: "D"
            RenderText {#text} at (0,0) size 12x20
              text run at (0,0) width 12: "D"
          RenderListItem {LI} at (40,80) size 14x20
            RenderListMarker at (-23,0) size 18x20: "E"
            RenderText {#text} at (0,0) size 10x20
              text run at (0,0) width 10: "E"
          RenderListItem {LI} at (40,100) size 14x20
            RenderListMarker at (-22,0) size 17x20: "F"
            RenderText {#text} at (0,0) size 9x20
              text run at (0,0) width 9: "F"
          RenderListItem {LI} at (40,120) size 14x20
            RenderListMarker at (-25,0) size 20x20: "G"
            RenderText {#text} at (0,0) size 12x20
              text run at (0,0) width 12: "G"
          RenderListItem {LI} at (40,140) size 14x20
            RenderListMarker at (-25,0) size 20x20: "H"
            RenderText {#text} at (0,0) size 12x20
              text run at (0,0) width 12: "H"
          RenderListItem {LI} at (40,160) size 14x20
            RenderListMarker at (-18,0) size 13x20: "I"
            RenderText {#text} at (0,0) size 5x20
              text run at (0,0) width 5: "I"
          RenderListItem {LI} at (40,180) size 14x20
            RenderListMarker at (-19,0) size 14x20: "J"
            RenderText {#text} at (0,0) size 6x20
              text run at (0,0) width 6: "J"
          RenderListItem {LI} at (40,200) size 14x20
            RenderListMarker at (-25,0) size 20x20: "K"
            RenderText {#text} at (0,0) size 12x20
              text run at (0,0) width 12: "K"
          RenderListItem {LI} at (40,220) size 14x20
            RenderListMarker at (-23,0) size 18x20: "L"
            RenderText {#text} at (0,0) size 10x20
              text run at (0,0) width 10: "L"
          RenderListItem {LI} at (40,240) size 14x20
            RenderListMarker at (-27,0) size 22x20: "M"
            RenderText {#text} at (0,0) size 14x20
              text run at (0,0) width 14: "M"
        RenderBlock (floating) {OL} at (74,300) size 75x260
          RenderListItem {LI} at (40,0) size 15x20
            RenderListMarker at (-25,0) size 20x20: "N"
            RenderText {#text} at (0,0) size 12x20
              text run at (0,0) width 12: "N"
          RenderListItem {LI} at (40,20) size 15x20
            RenderListMarker at (-25,0) size 20x20: "O"
            RenderText {#text} at (0,0) size 12x20
              text run at (0,0) width 12: "O"
          RenderListItem {LI} at (40,40) size 15x20
            RenderListMarker at (-22,0) size 17x20: "P"
            RenderText {#text} at (0,0) size 9x20
              text run at (0,0) width 9: "P"
          RenderListItem {LI} at (40,60) size 15x20
            RenderListMarker at (-25,0) size 20x20: "Q"
            RenderText {#text} at (0,0) size 12x20
              text run at (0,0) width 12: "Q"
          RenderListItem {LI} at (40,80) size 15x20
            RenderListMarker at (-24,0) size 19x20: "R"
            RenderText {#text} at (0,0) size 11x20
              text run at (0,0) width 11: "R"
          RenderListItem {LI} at (40,100) size 15x20
            RenderListMarker at (-22,0) size 17x20: "S"
            RenderText {#text} at (0,0) size 9x20
              text run at (0,0) width 9: "S"
          RenderListItem {LI} at (40,120) size 15x20
            RenderListMarker at (-23,0) size 18x20: "T"
            RenderText {#text} at (0,0) size 10x20
              text run at (0,0) width 10: "T"
          RenderListItem {LI} at (40,140) size 15x20
            RenderListMarker at (-25,0) size 20x20: "U"
            RenderText {#text} at (0,0) size 12x20
              text run at (0,0) width 12: "U"
          RenderListItem {LI} at (40,160) size 15x20
            RenderListMarker at (-25,0) size 20x20: "V"
            RenderText {#text} at (0,0) size 12x20
              text run at (0,0) width 12: "V"
          RenderListItem {LI} at (40,180) size 15x20
            RenderListMarker at (-28,0) size 23x20: "W"
            RenderText {#text} at (0,0) size 15x20
              text run at (0,0) width 15: "W"
          RenderListItem {LI} at (40,200) size 15x20
            RenderListMarker at (-25,0) size 20x20: "X"
            RenderText {#text} at (0,0) size 12x20
              text run at (0,0) width 12: "X"
          RenderListItem {LI} at (40,220) size 15x20
            RenderListMarker at (-25,0) size 20x20: "Y"
            RenderText {#text} at (0,0) size 12x20
              text run at (0,0) width 12: "Y"
          RenderListItem {LI} at (40,240) size 15x20
            RenderListMarker at (-23,0) size 18x20: "Z"
            RenderText {#text} at (0,0) size 10x20
              text run at (0,0) width 10: "Z"
      RenderBlock {DIV} at (0,12106) size 765x325
        RenderBlock {H2} at (0,292) size 765x33
          RenderText {#text} at (0,0) size 116x33
            text run at (0,0) width 116: "upper-latin"
        RenderBlock (floating) {OL} at (0,360) size 74x260
          RenderListItem {LI} at (40,0) size 14x20
            RenderListMarker at (-25,0) size 20x20: "A"
            RenderText {#text} at (0,0) size 12x20
              text run at (0,0) width 12: "A"
          RenderListItem {LI} at (40,20) size 14x20
            RenderListMarker at (-24,0) size 19x20: "B"
            RenderText {#text} at (0,0) size 11x20
              text run at (0,0) width 11: "B"
          RenderListItem {LI} at (40,40) size 14x20
            RenderListMarker at (-24,0) size 19x20: "C"
            RenderText {#text} at (0,0) size 11x20
              text run at (0,0) width 11: "C"
          RenderListItem {LI} at (40,60) size 14x20
            RenderListMarker at (-25,0) size 20x20: "D"
            RenderText {#text} at (0,0) size 12x20
              text run at (0,0) width 12: "D"
          RenderListItem {LI} at (40,80) size 14x20
            RenderListMarker at (-23,0) size 18x20: "E"
            RenderText {#text} at (0,0) size 10x20
              text run at (0,0) width 10: "E"
          RenderListItem {LI} at (40,100) size 14x20
            RenderListMarker at (-22,0) size 17x20: "F"
            RenderText {#text} at (0,0) size 9x20
              text run at (0,0) width 9: "F"
          RenderListItem {LI} at (40,120) size 14x20
            RenderListMarker at (-25,0) size 20x20: "G"
            RenderText {#text} at (0,0) size 12x20
              text run at (0,0) width 12: "G"
          RenderListItem {LI} at (40,140) size 14x20
            RenderListMarker at (-25,0) size 20x20: "H"
            RenderText {#text} at (0,0) size 12x20
              text run at (0,0) width 12: "H"
          RenderListItem {LI} at (40,160) size 14x20
            RenderListMarker at (-18,0) size 13x20: "I"
            RenderText {#text} at (0,0) size 5x20
              text run at (0,0) width 5: "I"
          RenderListItem {LI} at (40,180) size 14x20
            RenderListMarker at (-19,0) size 14x20: "J"
            RenderText {#text} at (0,0) size 6x20
              text run at (0,0) width 6: "J"
          RenderListItem {LI} at (40,200) size 14x20
            RenderListMarker at (-25,0) size 20x20: "K"
            RenderText {#text} at (0,0) size 12x20
              text run at (0,0) width 12: "K"
          RenderListItem {LI} at (40,220) size 14x20
            RenderListMarker at (-23,0) size 18x20: "L"
            RenderText {#text} at (0,0) size 10x20
              text run at (0,0) width 10: "L"
          RenderListItem {LI} at (40,240) size 14x20
            RenderListMarker at (-27,0) size 22x20: "M"
            RenderText {#text} at (0,0) size 14x20
              text run at (0,0) width 14: "M"
        RenderBlock (floating) {OL} at (74,360) size 75x260
          RenderListItem {LI} at (40,0) size 15x20
            RenderListMarker at (-25,0) size 20x20: "N"
            RenderText {#text} at (0,0) size 12x20
              text run at (0,0) width 12: "N"
          RenderListItem {LI} at (40,20) size 15x20
            RenderListMarker at (-25,0) size 20x20: "O"
            RenderText {#text} at (0,0) size 12x20
              text run at (0,0) width 12: "O"
          RenderListItem {LI} at (40,40) size 15x20
            RenderListMarker at (-22,0) size 17x20: "P"
            RenderText {#text} at (0,0) size 9x20
              text run at (0,0) width 9: "P"
          RenderListItem {LI} at (40,60) size 15x20
            RenderListMarker at (-25,0) size 20x20: "Q"
            RenderText {#text} at (0,0) size 12x20
              text run at (0,0) width 12: "Q"
          RenderListItem {LI} at (40,80) size 15x20
            RenderListMarker at (-24,0) size 19x20: "R"
            RenderText {#text} at (0,0) size 11x20
              text run at (0,0) width 11: "R"
          RenderListItem {LI} at (40,100) size 15x20
            RenderListMarker at (-22,0) size 17x20: "S"
            RenderText {#text} at (0,0) size 9x20
              text run at (0,0) width 9: "S"
          RenderListItem {LI} at (40,120) size 15x20
            RenderListMarker at (-23,0) size 18x20: "T"
            RenderText {#text} at (0,0) size 10x20
              text run at (0,0) width 10: "T"
          RenderListItem {LI} at (40,140) size 15x20
            RenderListMarker at (-25,0) size 20x20: "U"
            RenderText {#text} at (0,0) size 12x20
              text run at (0,0) width 12: "U"
          RenderListItem {LI} at (40,160) size 15x20
            RenderListMarker at (-25,0) size 20x20: "V"
            RenderText {#text} at (0,0) size 12x20
              text run at (0,0) width 12: "V"
          RenderListItem {LI} at (40,180) size 15x20
            RenderListMarker at (-28,0) size 23x20: "W"
            RenderText {#text} at (0,0) size 15x20
              text run at (0,0) width 15: "W"
          RenderListItem {LI} at (40,200) size 15x20
            RenderListMarker at (-25,0) size 20x20: "X"
            RenderText {#text} at (0,0) size 12x20
              text run at (0,0) width 12: "X"
          RenderListItem {LI} at (40,220) size 15x20
            RenderListMarker at (-25,0) size 20x20: "Y"
            RenderText {#text} at (0,0) size 12x20
              text run at (0,0) width 12: "Y"
          RenderListItem {LI} at (40,240) size 15x20
            RenderListMarker at (-23,0) size 18x20: "Z"
            RenderText {#text} at (0,0) size 10x20
              text run at (0,0) width 10: "Z"
      RenderBlock {DIV} at (0,12450) size 765x325
        RenderBlock {H2} at (0,292) size 765x33
          RenderText {#text} at (0,0) size 127x33
            text run at (0,0) width 127: "upper-greek"
        RenderBlock (floating) {OL} at (0,360) size 74x240
          RenderListItem {LI} at (40,0) size 14x20
            RenderListMarker at (-25,0) size 20x20: "\x{391}"
            RenderText {#text} at (0,0) size 12x20
              text run at (0,0) width 12: "\x{391}"
          RenderListItem {LI} at (40,20) size 14x20
            RenderListMarker at (-24,0) size 19x20: "\x{392}"
            RenderText {#text} at (0,0) size 11x20
              text run at (0,0) width 11: "\x{392}"
          RenderListItem {LI} at (40,40) size 14x20
            RenderListMarker at (-23,0) size 18x20: "\x{393}"
            RenderText {#text} at (0,0) size 10x20
              text run at (0,0) width 10: "\x{393}"
          RenderListItem {LI} at (40,60) size 14x20
            RenderListMarker at (-23,0) size 18x20: "\x{394}"
            RenderText {#text} at (0,0) size 10x20
              text run at (0,0) width 10: "\x{394}"
          RenderListItem {LI} at (40,80) size 14x20
            RenderListMarker at (-23,0) size 18x20: "\x{395}"
            RenderText {#text} at (0,0) size 10x20
              text run at (0,0) width 10: "\x{395}"
          RenderListItem {LI} at (40,100) size 14x20
            RenderListMarker at (-23,0) size 18x20: "\x{396}"
            RenderText {#text} at (0,0) size 10x20
              text run at (0,0) width 10: "\x{396}"
          RenderListItem {LI} at (40,120) size 14x20
            RenderListMarker at (-25,0) size 20x20: "\x{397}"
            RenderText {#text} at (0,0) size 12x20
              text run at (0,0) width 12: "\x{397}"
          RenderListItem {LI} at (40,140) size 14x20
            RenderListMarker at (-25,0) size 20x20: "\x{398}"
            RenderText {#text} at (0,0) size 12x20
              text run at (0,0) width 12: "\x{398}"
          RenderListItem {LI} at (40,160) size 14x20
            RenderListMarker at (-18,0) size 13x20: "\x{399}"
            RenderText {#text} at (0,0) size 5x20
              text run at (0,0) width 5: "\x{399}"
          RenderListItem {LI} at (40,180) size 14x20
            RenderListMarker at (-25,0) size 20x20: "\x{39A}"
            RenderText {#text} at (0,0) size 12x20
              text run at (0,0) width 12: "\x{39A}"
          RenderListItem {LI} at (40,200) size 14x20
            RenderListMarker at (-24,0) size 19x20: "\x{39B}"
            RenderText {#text} at (0,0) size 11x20
              text run at (0,0) width 11: "\x{39B}"
          RenderListItem {LI} at (40,220) size 14x20
            RenderListMarker at (-27,0) size 22x20: "\x{39C}"
            RenderText {#text} at (0,0) size 14x20
              text run at (0,0) width 14: "\x{39C}"
        RenderBlock (floating) {OL} at (74,360) size 73x240
          RenderListItem {LI} at (40,0) size 13x20
            RenderListMarker at (-25,0) size 20x20: "\x{39D}"
            RenderText {#text} at (0,0) size 12x20
              text run at (0,0) width 12: "\x{39D}"
          RenderListItem {LI} at (40,20) size 13x20
            RenderListMarker at (-23,0) size 18x20: "\x{39E}"
            RenderText {#text} at (0,0) size 10x20
              text run at (0,0) width 10: "\x{39E}"
          RenderListItem {LI} at (40,40) size 13x20
            RenderListMarker at (-25,0) size 20x20: "\x{39F}"
            RenderText {#text} at (0,0) size 12x20
              text run at (0,0) width 12: "\x{39F}"
          RenderListItem {LI} at (40,60) size 13x20
            RenderListMarker at (-25,0) size 20x20: "\x{3A0}"
            RenderText {#text} at (0,0) size 12x20
              text run at (0,0) width 12: "\x{3A0}"
          RenderListItem {LI} at (40,80) size 13x20
            RenderListMarker at (-22,0) size 17x20: "\x{3A1}"
            RenderText {#text} at (0,0) size 9x20
              text run at (0,0) width 9: "\x{3A1}"
          RenderListItem {LI} at (40,100) size 13x20
            RenderListMarker at (-22,0) size 17x20: "\x{3A3}"
            RenderText {#text} at (0,0) size 9x20
              text run at (0,0) width 9: "\x{3A3}"
          RenderListItem {LI} at (40,120) size 13x20
            RenderListMarker at (-23,0) size 18x20: "\x{3A4}"
            RenderText {#text} at (0,0) size 10x20
              text run at (0,0) width 10: "\x{3A4}"
          RenderListItem {LI} at (40,140) size 13x20
            RenderListMarker at (-24,0) size 19x20: "\x{3A5}"
            RenderText {#text} at (0,0) size 11x20
              text run at (0,0) width 11: "\x{3A5}"
          RenderListItem {LI} at (40,160) size 13x20
            RenderListMarker at (-25,0) size 20x20: "\x{3A6}"
            RenderText {#text} at (0,0) size 12x20
              text run at (0,0) width 12: "\x{3A6}"
          RenderListItem {LI} at (40,180) size 13x20
            RenderListMarker at (-25,0) size 20x20: "\x{3A7}"
            RenderText {#text} at (0,0) size 12x20
              text run at (0,0) width 12: "\x{3A7}"
          RenderListItem {LI} at (40,200) size 13x20
            RenderListMarker at (-26,0) size 21x20: "\x{3A8}"
            RenderText {#text} at (0,0) size 13x20
              text run at (0,0) width 13: "\x{3A8}"
          RenderListItem {LI} at (40,220) size 13x20
            RenderListMarker at (-25,0) size 20x20: "\x{3A9}"
            RenderText {#text} at (0,0) size 12x20
              text run at (0,0) width 12: "\x{3A9}"
      RenderBlock {DIV} at (0,12794) size 765x305
        RenderBlock {H2} at (0,272) size 765x33
          RenderText {#text} at (0,0) size 177x33
            text run at (0,0) width 177: "upper-norwegian"
        RenderBlock (floating) {OL} at (0,340) size 72x240
          RenderListItem {LI} at (40,0) size 12x20
            RenderListMarker at (-25,0) size 20x20: "A"
            RenderText {#text} at (0,0) size 12x20
              text run at (0,0) width 12: "A"
          RenderListItem {LI} at (40,20) size 12x20
            RenderListMarker at (-24,0) size 19x20: "B"
            RenderText {#text} at (0,0) size 11x20
              text run at (0,0) width 11: "B"
          RenderListItem {LI} at (40,40) size 12x20
            RenderListMarker at (-24,0) size 19x20: "C"
            RenderText {#text} at (0,0) size 11x20
              text run at (0,0) width 11: "C"
          RenderListItem {LI} at (40,60) size 12x20
            RenderListMarker at (-25,0) size 20x20: "D"
            RenderText {#text} at (0,0) size 12x20
              text run at (0,0) width 12: "D"
          RenderListItem {LI} at (40,80) size 12x20
            RenderListMarker at (-23,0) size 18x20: "E"
            RenderText {#text} at (0,0) size 10x20
              text run at (0,0) width 10: "E"
          RenderListItem {LI} at (40,100) size 12x20
            RenderListMarker at (-22,0) size 17x20: "F"
            RenderText {#text} at (0,0) size 9x20
              text run at (0,0) width 9: "F"
          RenderListItem {LI} at (40,120) size 12x20
            RenderListMarker at (-25,0) size 20x20: "G"
            RenderText {#text} at (0,0) size 12x20
              text run at (0,0) width 12: "G"
          RenderListItem {LI} at (40,140) size 12x20
            RenderListMarker at (-25,0) size 20x20: "H"
            RenderText {#text} at (0,0) size 12x20
              text run at (0,0) width 12: "H"
          RenderListItem {LI} at (40,160) size 12x20
            RenderListMarker at (-18,0) size 13x20: "I"
            RenderText {#text} at (0,0) size 5x20
              text run at (0,0) width 5: "I"
          RenderListItem {LI} at (40,180) size 12x20
            RenderListMarker at (-19,0) size 14x20: "J"
            RenderText {#text} at (0,0) size 6x20
              text run at (0,0) width 6: "J"
          RenderListItem {LI} at (40,200) size 12x20
            RenderListMarker at (-25,0) size 20x20: "K"
            RenderText {#text} at (0,0) size 12x20
              text run at (0,0) width 12: "K"
          RenderListItem {LI} at (40,220) size 12x20
            RenderListMarker at (-23,0) size 18x20: "L"
            RenderText {#text} at (0,0) size 10x20
              text run at (0,0) width 10: "L"
        RenderBlock (floating) {OL} at (72,340) size 75x240
          RenderListItem {LI} at (40,0) size 15x20
            RenderListMarker at (-27,0) size 22x20: "M"
            RenderText {#text} at (0,0) size 14x20
              text run at (0,0) width 14: "M"
          RenderListItem {LI} at (40,20) size 15x20
            RenderListMarker at (-25,0) size 20x20: "N"
            RenderText {#text} at (0,0) size 12x20
              text run at (0,0) width 12: "N"
          RenderListItem {LI} at (40,40) size 15x20
            RenderListMarker at (-25,0) size 20x20: "O"
            RenderText {#text} at (0,0) size 12x20
              text run at (0,0) width 12: "O"
          RenderListItem {LI} at (40,60) size 15x20
            RenderListMarker at (-22,0) size 17x20: "P"
            RenderText {#text} at (0,0) size 9x20
              text run at (0,0) width 9: "P"
          RenderListItem {LI} at (40,80) size 15x20
            RenderListMarker at (-25,0) size 20x20: "Q"
            RenderText {#text} at (0,0) size 12x20
              text run at (0,0) width 12: "Q"
          RenderListItem {LI} at (40,100) size 15x20
            RenderListMarker at (-24,0) size 19x20: "R"
            RenderText {#text} at (0,0) size 11x20
              text run at (0,0) width 11: "R"
          RenderListItem {LI} at (40,120) size 15x20
            RenderListMarker at (-22,0) size 17x20: "S"
            RenderText {#text} at (0,0) size 9x20
              text run at (0,0) width 9: "S"
          RenderListItem {LI} at (40,140) size 15x20
            RenderListMarker at (-23,0) size 18x20: "T"
            RenderText {#text} at (0,0) size 10x20
              text run at (0,0) width 10: "T"
          RenderListItem {LI} at (40,160) size 15x20
            RenderListMarker at (-25,0) size 20x20: "U"
            RenderText {#text} at (0,0) size 12x20
              text run at (0,0) width 12: "U"
          RenderListItem {LI} at (40,180) size 15x20
            RenderListMarker at (-25,0) size 20x20: "V"
            RenderText {#text} at (0,0) size 12x20
              text run at (0,0) width 12: "V"
          RenderListItem {LI} at (40,200) size 15x20
            RenderListMarker at (-28,0) size 23x20: "W"
            RenderText {#text} at (0,0) size 15x20
              text run at (0,0) width 15: "W"
          RenderListItem {LI} at (40,220) size 15x20
            RenderListMarker at (-25,0) size 20x20: "X"
            RenderText {#text} at (0,0) size 12x20
              text run at (0,0) width 12: "X"
        RenderBlock (floating) {OL} at (147,340) size 74x100
          RenderListItem {LI} at (40,0) size 14x20
            RenderListMarker at (-25,0) size 20x20: "Y"
            RenderText {#text} at (0,0) size 12x20
              text run at (0,0) width 12: "Y"
          RenderListItem {LI} at (40,20) size 14x20
            RenderListMarker at (-23,0) size 18x20: "Z"
            RenderText {#text} at (0,0) size 10x20
              text run at (0,0) width 10: "Z"
          RenderListItem {LI} at (40,40) size 14x20
            RenderListMarker at (-27,0) size 22x20: "\x{C6}"
            RenderText {#text} at (0,0) size 14x20
              text run at (0,0) width 14: "\x{C6}"
          RenderListItem {LI} at (40,60) size 14x20
            RenderListMarker at (-25,0) size 20x20: "\x{D8}"
            RenderText {#text} at (0,0) size 12x20
              text run at (0,0) width 12: "\x{D8}"
          RenderListItem {LI} at (40,80) size 14x20
            RenderListMarker at (-25,0) size 20x20: "\x{C5}"
            RenderText {#text} at (0,0) size 12x20
              text run at (0,0) width 12: "\x{C5}"
