layer at (0,0) size 800x600
  RenderView at (0,0) size 800x600
layer at (0,0) size 800x600
  RenderBlock {HTML} at (0,0) size 800x600
    RenderBody {BODY} at (8,8) size 784x584
      RenderBlock {DIR} at (0,0) size 784x104
        RenderBlock (anonymous) at (40,0) size 744x19
          RenderText {#text} at (0,0) size 27x19
            text run at (0,0) width 27: "One"
        RenderBlock {DIR} at (40,33) size 744x71
          RenderBlock (anonymous) at (40,0) size 704x19
            RenderText {#text} at (0,0) size 27x19
              text run at (0,0) width 27: "Two"
          RenderBlock {DIR} at (40,33) size 704x38
            RenderBlock (anonymous) at (40,0) size 664x19
              RenderText {#text} at (0,0) size 38x19
                text run at (0,0) width 38: "Three"
            RenderBlock {CENTER} at (40,19) size 664x19
              RenderText {#text} at (317,0) size 30x19
                text run at (317,0) width 30: "Four"
      RenderBlock {PRE} at (0,118) size 784x344
        RenderText {#text} at (0,1) size 64x17
          text run at (0,1) width 64: "Pre text"
          text run at (64,1) width 0: " "
        RenderPartObject {OBJECT} at (0,19) size 300x300 [bgcolor=#008000]
        RenderText {#text} at (300,307) size 300x36
          text run at (300,307) width 0: " "
          text run at (0,326) width 104: "Also pre text"
          text run at (104,326) width 0: " "
      RenderBlock (anonymous) at (0,476) size 784x19
        RenderInline {NOBR} at (0,0) size 135x19 [bgcolor=#CCCCCC]
          RenderText {#text} at (0,0) size 135x19
            text run at (0,0) width 135: "This text won't break."
      RenderBlock (anonymous) at (0,509) size 784x19
        RenderBlock {PRE} at (0,0) size 784x19
          RenderText {#text} at (0,1) size 208x17
            text run at (0,1) width 208: "This will be preformatted."
      RenderBlock (anonymous) at (0,542) size 784x19
        RenderInline {NOBR} at (0,0) size 230x19 [bgcolor=#CCCCCC]
          RenderText {#text} at (0,0) size 230x19
            text run at (0,0) width 230: "Now we're back to nonbreaking text."
        RenderText {#text} at (0,0) size 0x0
