layer at (0,0) size 800x2008
  RenderView at (0,0) size 800x600
layer at (0,0) size 800x2008
  RenderBlock {HTML} at (0,0) size 800x2008
    RenderBody {BODY} at (8,8) size 784x1992
      RenderBlock (anonymous) at (0,0) size 784x19
        RenderText {#text} at (0,0) size 80x19
          text run at (0,0) width 80: "1 green box:"
      RenderBlock {DIV} at (0,19) size 784x27 [border: (2px solid #008000)]
        RenderBlock {DIV} at (2,2) size 780x23 [border: (2px solid #FF0000)]
          RenderText {#text} at (2,2) size 34x19
            text run at (2,2) width 34: "failed"
      RenderBlock (anonymous) at (0,46) size 784x19
        RenderText {#text} at (0,0) size 163x19
          text run at (0,0) width 12: "2 "
          text run at (12,0) width 151: "green box with word ok:"
      RenderBlock {DIV} at (0,65) size 784x27 [border: (2px solid #FF0000)]
        RenderBlock {DIV} at (2,2) size 780x23 [border: (2px solid #008000)]
          RenderText {#text} at (2,2) size 15x19
            text run at (2,2) width 15: "ok"
      RenderBlock (anonymous) at (0,92) size 784x19
        RenderText {#text} at (0,0) size 163x19
          text run at (0,0) width 163: "3 green box with word ok:"
      RenderBlock (anonymous) at (0,111) size 784x95
        RenderBR {BR} at (0,0) size 0x19
        RenderBR {BR} at (0,19) size 0x19
        RenderBR {BR} at (0,38) size 0x19
        RenderBR {BR} at (0,57) size 0x19
        RenderText {#text} at (0,76) size 163x19
          text run at (0,76) width 163: "4 green box with word ok:"
      RenderBlock (anonymous) at (0,206) size 784x95
        RenderBR {BR} at (0,0) size 0x19
        RenderBR {BR} at (0,19) size 0x19
        RenderBR {BR} at (0,38) size 0x19
        RenderBR {BR} at (0,57) size 0x19
        RenderText {#text} at (0,76) size 163x19
          text run at (0,76) width 163: "5 green box with word ok:"
      RenderBlock (anonymous) at (0,301) size 784x95
        RenderBR {BR} at (0,0) size 0x19
        RenderBR {BR} at (0,19) size 0x19
        RenderBR {BR} at (0,38) size 0x19
        RenderBR {BR} at (0,57) size 0x19
        RenderText {#text} at (0,76) size 163x19
          text run at (0,76) width 163: "6 green box with word ok:"
      RenderBlock (anonymous) at (0,396) size 784x95
        RenderBR {BR} at (0,0) size 0x19
        RenderBR {BR} at (0,19) size 0x19
        RenderBR {BR} at (0,38) size 0x19
        RenderBR {BR} at (0,57) size 0x19
        RenderText {#text} at (0,76) size 163x19
          text run at (0,76) width 163: "7 green box with word ok:"
      RenderBlock (anonymous) at (0,491) size 784x95
        RenderBR {BR} at (0,0) size 0x19
        RenderBR {BR} at (0,19) size 0x19
        RenderBR {BR} at (0,38) size 0x19
        RenderBR {BR} at (0,57) size 0x19
        RenderText {#text} at (0,76) size 210x19
          text run at (0,76) width 210: "8 double green box with word ok:"
      RenderBlock (anonymous) at (0,586) size 784x95
        RenderBR {BR} at (0,0) size 0x19
        RenderBR {BR} at (0,19) size 0x19
        RenderBR {BR} at (0,38) size 0x19
        RenderBR {BR} at (0,57) size 0x19
        RenderText {#text} at (0,76) size 163x19
          text run at (0,76) width 163: "9 green box with word ok:"
      RenderBlock (anonymous) at (0,681) size 784x95
        RenderBR {BR} at (0,0) size 0x19
        RenderBR {BR} at (0,19) size 0x19
        RenderBR {BR} at (0,38) size 0x19
        RenderBR {BR} at (0,57) size 0x19
        RenderText {#text} at (0,76) size 88x19
          text run at (0,76) width 88: "10 green box:"
      RenderBlock (anonymous) at (0,776) size 784x95
        RenderBR {BR} at (0,0) size 0x19
        RenderBR {BR} at (0,19) size 0x19
        RenderBR {BR} at (0,38) size 0x19
        RenderBR {BR} at (0,57) size 0x19
        RenderText {#text} at (0,76) size 171x19
          text run at (0,76) width 171: "11 green box with word ok:"
      RenderBlock (anonymous) at (0,871) size 784x95
        RenderBR {BR} at (0,0) size 0x19
        RenderBR {BR} at (0,19) size 0x19
        RenderBR {BR} at (0,38) size 0x19
        RenderBR {BR} at (0,57) size 0x19
        RenderText {#text} at (0,76) size 171x19
          text run at (0,76) width 171: "12 green box with word ok:"
      RenderBlock (anonymous) at (0,966) size 784x95
        RenderBR {BR} at (0,0) size 0x19
        RenderBR {BR} at (0,19) size 0x19
        RenderBR {BR} at (0,38) size 0x19
        RenderBR {BR} at (0,57) size 0x19
        RenderText {#text} at (0,76) size 88x19
          text run at (0,76) width 88: "13 green box:"
      RenderBlock (anonymous) at (0,1061) size 784x95
        RenderBR {BR} at (0,0) size 0x19
        RenderBR {BR} at (0,19) size 0x19
        RenderBR {BR} at (0,38) size 0x19
        RenderBR {BR} at (0,57) size 0x19
        RenderText {#text} at (0,76) size 171x19
          text run at (0,76) width 171: "14 green box with word ok:"
      RenderBlock (anonymous) at (0,1156) size 784x95
        RenderBR {BR} at (0,0) size 0x19
        RenderBR {BR} at (0,19) size 0x19
        RenderBR {BR} at (0,38) size 0x19
        RenderBR {BR} at (0,57) size 0x19
        RenderText {#text} at (0,76) size 171x19
          text run at (0,76) width 171: "15 green box with word ok:"
      RenderBlock (anonymous) at (0,1251) size 784x95
        RenderBR {BR} at (0,0) size 0x19
        RenderBR {BR} at (0,19) size 0x19
        RenderBR {BR} at (0,38) size 0x19
        RenderBR {BR} at (0,57) size 0x19
        RenderText {#text} at (0,76) size 171x19
          text run at (0,76) width 171: "16 green box with word ok:"
      RenderBlock (anonymous) at (0,1346) size 784x95
        RenderBR {BR} at (0,0) size 0x19
        RenderBR {BR} at (0,19) size 0x19
        RenderBR {BR} at (0,38) size 0x19
        RenderBR {BR} at (0,57) size 0x19
        RenderText {#text} at (0,76) size 171x19
          text run at (0,76) width 171: "17 green box with word ok:"
      RenderBlock (anonymous) at (0,1441) size 784x95
        RenderBR {BR} at (0,0) size 0x19
        RenderBR {BR} at (0,19) size 0x19
        RenderBR {BR} at (0,38) size 0x19
        RenderBR {BR} at (0,57) size 0x19
        RenderText {#text} at (0,76) size 171x19
          text run at (0,76) width 171: "18 green box with word ok:"
      RenderBlock (anonymous) at (0,1536) size 784x95
        RenderBR {BR} at (0,0) size 0x19
        RenderBR {BR} at (0,19) size 0x19
        RenderBR {BR} at (0,38) size 0x19
        RenderBR {BR} at (0,57) size 0x19
        RenderText {#text} at (0,76) size 171x19
          text run at (0,76) width 171: "19 green box with word ok:"
      RenderBlock (anonymous) at (0,1631) size 784x95
        RenderBR {BR} at (0,0) size 0x19
        RenderBR {BR} at (0,19) size 0x19
        RenderBR {BR} at (0,38) size 0x19
        RenderBR {BR} at (0,57) size 0x19
        RenderText {#text} at (0,76) size 88x19
          text run at (0,76) width 88: "20 green box:"
      RenderBlock (anonymous) at (0,1726) size 784x95
        RenderBR {BR} at (0,0) size 0x19
        RenderBR {BR} at (0,19) size 0x19
        RenderBR {BR} at (0,38) size 0x19
        RenderBR {BR} at (0,57) size 0x19
        RenderText {#text} at (0,76) size 212x19
          text run at (0,76) width 212: "21 two green boxes with word ok:"
      RenderBlock (anonymous) at (0,1821) size 784x95
        RenderBR {BR} at (0,0) size 0x19
        RenderBR {BR} at (0,19) size 0x19
        RenderBR {BR} at (0,38) size 0x19
        RenderBR {BR} at (0,57) size 0x19
        RenderText {#text} at (0,76) size 171x19
          text run at (0,76) width 171: "22 green box with word ok:"
      RenderBlock (anonymous) at (0,1916) size 784x76
        RenderBR {BR} at (0,0) size 0x19
        RenderBR {BR} at (0,19) size 0x19
        RenderBR {BR} at (0,38) size 0x19
        RenderBR {BR} at (0,57) size 0x19
layer at (0,119) size 800x34
  RenderBlock (positioned) {DIV} at (0,119) size 800x34 [border: (2px solid #FF0000)]
    RenderBlock {DIV} at (2,2) size 796x23 [border: (2px solid #008000)]
      RenderText {#text} at (2,2) size 15x19
        text run at (2,2) width 15: "ok"
layer at (2,216) size 796x30
  RenderBlock (positioned) {DIV} at (2,2) size 796x30 [border: (2px solid #008000)]
    RenderText {#text} at (2,2) size 15x19
      text run at (2,2) width 15: "ok"
layer at (0,309) size 800x34
  RenderBlock (positioned) {DIV} at (0,309) size 800x34 [border: (2px solid #FF0000)]
    RenderBlock {DIV} at (2,2) size 796x27 [border: (2px solid #FF0000)]
      RenderBlock {DIV} at (2,2) size 792x23 [border: (2px solid #008000)]
        RenderText {#text} at (2,2) size 15x19
          text run at (2,2) width 15: "ok"
layer at (2,406) size 796x30
  RenderBlock (positioned) {DIV} at (2,2) size 796x30 [border: (2px solid #FF0000)]
    RenderBlock {DIV} at (2,2) size 792x23 [border: (2px solid #008000)]
      RenderText {#text} at (2,2) size 15x19
        text run at (2,2) width 15: "ok"
layer at (4,503) size 792x26
  RenderBlock (positioned) {DIV} at (2,2) size 792x26 [border: (2px solid #008000)]
    RenderText {#text} at (2,2) size 15x19
      text run at (2,2) width 15: "ok"
layer at (0,594) size 800x34
  RenderBlock (positioned) {DIV} at (0,594) size 800x34 [border: (2px solid #008000)]
layer at (4,598) size 792x26
  RenderBlock (positioned) {DIV} at (2,2) size 792x26 [border: (2px solid #008000)]
    RenderText {#text} at (2,2) size 15x19
      text run at (2,2) width 15: "ok"
layer at (2,786) size 796x30
  RenderBlock (positioned) {DIV} at (2,2) size 796x30 [border: (2px solid #008000)]
layer at (0,974) size 800x34
  RenderBlock (positioned) {DIV} at (0,974) size 800x34 [border: (2px solid #FF0000)]
    RenderBlock {DIV} at (2,2) size 796x27 [border: (2px solid #FF0000)]
      RenderBlock {DIV} at (2,2) size 792x23 [border: (2px solid #008000)]
        RenderText {#text} at (2,2) size 15x19
          text run at (2,2) width 15: "ok"
layer at (0,1069) size 800x34
  RenderBlock (positioned) {DIV} at (0,1069) size 800x34 [border: (2px solid #FF0000)]
    RenderBlock {DIV} at (2,2) size 796x27 [border: (2px solid #008000)]
      RenderBlock {DIV} at (2,2) size 792x23 [border: (2px solid #FF0000)]
        RenderText {#text} at (2,2) size 34x19
          text run at (2,2) width 34: "failed"
layer at (0,1354) size 800x52
  RenderBlock (positioned) {DIV} at (0,1354) size 800x34 [border: (2px solid #FF0000)]
    RenderBlock {DIV} at (2,2) size 796x50 [border: (2px solid #FF0000)]
      RenderBlock {DIV} at (2,2) size 792x23 [border: (2px solid #FF0000)]
        RenderText {#text} at (2,2) size 18x19
          text run at (2,2) width 18: "fail"
      RenderBlock {DIV} at (2,25) size 792x23 [border: (2px solid #008000)]
        RenderText {#text} at (2,2) size 15x19
          text run at (2,2) width 15: "ok"
layer at (0,1544) size 800x52
  RenderBlock (positioned) {DIV} at (0,1544) size 800x34 [border: (2px solid #FF0000)]
    RenderBlock {DIV} at (2,2) size 796x50 [border: (2px solid #FF0000)]
      RenderBlock {DIV} at (2,2) size 792x23 [border: (2px solid #FF0000)]
        RenderText {#text} at (2,2) size 18x19
          text run at (2,2) width 18: "fail"
      RenderBlock {DIV} at (2,25) size 792x23 [border: (2px solid #008000)]
        RenderText {#text} at (2,2) size 15x19
          text run at (2,2) width 15: "ok"
layer at (0,1639) size 800x56
  RenderBlock (positioned) {DIV} at (0,1639) size 800x34 [border: (2px solid #FF0000)]
    RenderBlock {DIV} at (2,2) size 796x27 [border: (2px solid #FF0000)]
      RenderBlock {DIV} at (2,2) size 792x23 [border: (2px solid #FF0000)]
        RenderText {#text} at (2,2) size 18x19
          text run at (2,2) width 18: "fail"
    RenderBlock {DIV} at (2,29) size 796x27 [border: (2px solid #FF0000)]
      RenderBlock {DIV} at (2,2) size 792x23 [border: (2px solid #008000)]
        RenderText {#text} at (2,2) size 15x19
          text run at (2,2) width 15: "ok"
layer at (0,1734) size 800x52
  RenderBlock (positioned) {DIV} at (0,1734) size 800x34 [border: (2px solid #FF0000)]
    RenderBlock {DIV} at (2,2) size 796x50 [border: (2px solid #008000)]
      RenderBlock {DIV} at (2,2) size 792x23 [border: (2px solid #FF0000)]
        RenderText {#text} at (2,2) size 15x19
          text run at (2,2) width 15: "ok"
      RenderBlock {DIV} at (2,25) size 792x23 [border: (2px solid #008000)]
        RenderText {#text} at (2,2) size 15x19
          text run at (2,2) width 15: "ok"
layer at (0,1829) size 800x56
  RenderBlock (positioned) {DIV} at (0,1829) size 800x34 [border: (2px solid #FF0000)]
    RenderBlock {DIV} at (2,2) size 796x27 [border: (2px solid #FF0000)]
      RenderBlock {DIV} at (2,2) size 792x23 [border: (2px solid #008000)]
        RenderText {#text} at (2,2) size 15x19
          text run at (2,2) width 15: "ok"
    RenderBlock {DIV} at (2,29) size 796x27 [border: (2px solid #FF0000)]
      RenderBlock {DIV} at (2,2) size 792x23 [border: (2px solid #008000)]
        RenderText {#text} at (2,2) size 15x19
          text run at (2,2) width 15: "ok"
layer at (2,1926) size 796x30
  RenderBlock (positioned) {DIV} at (2,2) size 796x30 [border: (2px solid #008000)]
    RenderText {#text} at (2,2) size 15x19
      text run at (2,2) width 15: "ok"
