layer at (0,0) size 785x2543
  RenderView at (0,0) size 785x600
layer at (0,0) size 785x2543
  RenderBlock {HTML} at (0,0) size 785x2543
    RenderBody {BODY} at (8,8) size 769x2519
      RenderBlock (anonymous) at (0,0) size 769x36
        RenderText {#text} at (0,0) size 760x36
          text run at (0,0) width 760: "In this test, all of the spanning elements have their spans turned off dynamically, and so they should just be in the column"
          text run at (0,18) width 33: "flow."
        RenderText {#text} at (0,0) size 0x0
layer at (8,60) size 760x367
  RenderBlock {DIV} at (0,52) size 760x367 [border: (5px solid #800000)]
    RenderBlock (anonymous multi-column span) at (5,5) size 750x0
layer at (13,84) size 750x338
  RenderBlock (anonymous multi-column) at (5,24) size 750x338
    RenderBlock {H2} at (0,0) size 367x28 [bgcolor=#EEEEEE]
      RenderText {#text} at (0,0) size 276x28
        text run at (0,0) width 276: "This is a spanning element."
    RenderBlock (anonymous) at (0,47) size 367x615
      RenderText {#text} at (0,0) size 363x615
        text run at (0,0) width 354: "Lorem ipsum dolor sit amet, consectetuer adipiscing elit."
        text run at (0,18) width 351: "Nulla varius enim ac mi. Curabitur sollicitudin felis quis"
        text run at (0,36) width 325: "lectus. Quisque adipiscing rhoncus sem. Proin nulla"
        text run at (0,54) width 358: "purus, vulputate vel, varius ut, euismod et, nisi. Sed vitae"
        text run at (0,72) width 343: "felis vel orci sagittis aliquam. Cras convallis adipiscing"
        text run at (0,90) width 340: "sem. Nam nonummy enim. Nullam bibendum lobortis"
        text run at (0,108) width 344: "neque. Vestibulum velit orci, tempus euismod, pretium"
        text run at (0,126) width 343: "quis, interdum vitae, nulla. Phasellus eget ante et tortor"
        text run at (0,144) width 343: "condimentum vestibulum. Suspendisse hendrerit quam"
        text run at (0,162) width 362: "nec felis. Sed varius turpis vitae pede. Lorem ipsum dolor"
        text run at (0,180) width 233: "sit amet, consectetuer adipiscing elit. "
        text run at (233,180) width 121: "Lorem ipsum dolor"
        text run at (0,198) width 363: "sit amet, consectetuer adipiscing elit. Nulla varius enim ac"
        text run at (0,216) width 318: "mi. Curabitur sollicitudin felis quis lectus. Quisque"
        text run at (0,234) width 356: "adipiscing rhoncus sem. Proin nulla purus, vulputate vel,"
        text run at (0,252) width 354: "varius ut, euismod et, nisi. Sed vitae felis vel orci sagittis"
        text run at (0,270) width 351: "aliquam. Cras convallis adipiscing sem. Nam nonummy"
        text run at (0,291) width 358: "enim. Nullam bibendum lobortis neque. Vestibulum velit"
        text run at (0,309) width 361: "orci, tempus euismod, pretium quis, interdum vitae, nulla."
        text run at (0,327) width 339: "Phasellus eget ante et tortor condimentum vestibulum."
        text run at (0,345) width 345: "Suspendisse hendrerit quam nec felis. Sed varius turpis"
        text run at (0,363) width 331: "vitae pede. Lorem ipsum dolor sit amet, consectetuer"
        text run at (0,381) width 95: "adipiscing elit. "
        text run at (95,381) width 259: "Lorem ipsum dolor sit amet, consectetuer"
        text run at (0,399) width 313: "adipiscing elit. Nulla varius enim ac mi. Curabitur"
        text run at (0,417) width 352: "sollicitudin felis quis lectus. Quisque adipiscing rhoncus"
        text run at (0,435) width 353: "sem. Proin nulla purus, vulputate vel, varius ut, euismod"
        text run at (0,453) width 326: "et, nisi. Sed vitae felis vel orci sagittis aliquam. Cras"
        text run at (0,471) width 350: "convallis adipiscing sem. Nam nonummy enim. Nullam"
        text run at (0,489) width 349: "bibendum lobortis neque. Vestibulum velit orci, tempus"
        text run at (0,507) width 343: "euismod, pretium quis, interdum vitae, nulla. Phasellus"
        text run at (0,525) width 357: "eget ante et tortor condimentum vestibulum. Suspendisse"
        text run at (0,543) width 336: "hendrerit quam nec felis. Sed varius turpis vitae pede."
        text run at (0,561) width 354: "Lorem ipsum dolor sit amet, consectetuer adipiscing elit."
        text run at (0,579) width 354: "Lorem ipsum dolor sit amet, consectetuer adipiscing elit."
        text run at (0,597) width 154: "Nulla varius enim ac mi."
layer at (8,443) size 760x382
  RenderBlock {DIV} at (0,435) size 760x382 [border: (5px solid #800000)]
    RenderBlock (anonymous multi-column span) at (5,311) size 750x0
layer at (13,448) size 750x306
  RenderBlock (anonymous multi-column) at (5,5) size 750x306
    RenderText {#text} at (0,0) size 363x612
      text run at (0,0) width 354: "Lorem ipsum dolor sit amet, consectetuer adipiscing elit."
      text run at (0,18) width 351: "Nulla varius enim ac mi. Curabitur sollicitudin felis quis"
      text run at (0,36) width 325: "lectus. Quisque adipiscing rhoncus sem. Proin nulla"
      text run at (0,54) width 358: "purus, vulputate vel, varius ut, euismod et, nisi. Sed vitae"
      text run at (0,72) width 343: "felis vel orci sagittis aliquam. Cras convallis adipiscing"
      text run at (0,90) width 340: "sem. Nam nonummy enim. Nullam bibendum lobortis"
      text run at (0,108) width 344: "neque. Vestibulum velit orci, tempus euismod, pretium"
      text run at (0,126) width 343: "quis, interdum vitae, nulla. Phasellus eget ante et tortor"
      text run at (0,144) width 343: "condimentum vestibulum. Suspendisse hendrerit quam"
      text run at (0,162) width 362: "nec felis. Sed varius turpis vitae pede. Lorem ipsum dolor"
      text run at (0,180) width 233: "sit amet, consectetuer adipiscing elit. "
      text run at (233,180) width 121: "Lorem ipsum dolor"
      text run at (0,198) width 363: "sit amet, consectetuer adipiscing elit. Nulla varius enim ac"
      text run at (0,216) width 318: "mi. Curabitur sollicitudin felis quis lectus. Quisque"
      text run at (0,234) width 356: "adipiscing rhoncus sem. Proin nulla purus, vulputate vel,"
      text run at (0,252) width 354: "varius ut, euismod et, nisi. Sed vitae felis vel orci sagittis"
      text run at (0,270) width 351: "aliquam. Cras convallis adipiscing sem. Nam nonummy"
      text run at (0,288) width 358: "enim. Nullam bibendum lobortis neque. Vestibulum velit"
      text run at (0,306) width 361: "orci, tempus euismod, pretium quis, interdum vitae, nulla."
      text run at (0,324) width 339: "Phasellus eget ante et tortor condimentum vestibulum."
      text run at (0,342) width 345: "Suspendisse hendrerit quam nec felis. Sed varius turpis"
      text run at (0,360) width 331: "vitae pede. Lorem ipsum dolor sit amet, consectetuer"
      text run at (0,378) width 95: "adipiscing elit. "
      text run at (95,378) width 259: "Lorem ipsum dolor sit amet, consectetuer"
      text run at (0,396) width 313: "adipiscing elit. Nulla varius enim ac mi. Curabitur"
      text run at (0,414) width 352: "sollicitudin felis quis lectus. Quisque adipiscing rhoncus"
      text run at (0,432) width 353: "sem. Proin nulla purus, vulputate vel, varius ut, euismod"
      text run at (0,450) width 326: "et, nisi. Sed vitae felis vel orci sagittis aliquam. Cras"
      text run at (0,468) width 350: "convallis adipiscing sem. Nam nonummy enim. Nullam"
      text run at (0,486) width 349: "bibendum lobortis neque. Vestibulum velit orci, tempus"
      text run at (0,504) width 343: "euismod, pretium quis, interdum vitae, nulla. Phasellus"
      text run at (0,522) width 357: "eget ante et tortor condimentum vestibulum. Suspendisse"
      text run at (0,540) width 336: "hendrerit quam nec felis. Sed varius turpis vitae pede."
      text run at (0,558) width 354: "Lorem ipsum dolor sit amet, consectetuer adipiscing elit."
      text run at (0,576) width 354: "Lorem ipsum dolor sit amet, consectetuer adipiscing elit."
      text run at (0,594) width 154: "Nulla varius enim ac mi."
layer at (13,773) size 750x28
  RenderBlock (anonymous multi-column) at (5,330) size 750x28
    RenderBlock {H2} at (0,0) size 367x28 [bgcolor=#EEEEEE]
      RenderText {#text} at (0,0) size 276x28
        text run at (0,0) width 276: "This is a spanning element."
layer at (8,841) size 760x417
  RenderBlock {DIV} at (0,833) size 760x417 [border: (5px solid #800000)]
    RenderBlock (anonymous multi-column span) at (5,163) size 750x0
layer at (13,862) size 750x126
  RenderBlock (anonymous multi-column) at (5,21) size 750x126
    RenderBlock {P} at (0,0) size 367x234
      RenderText {#text} at (0,0) size 363x234
        text run at (0,0) width 354: "Lorem ipsum dolor sit amet, consectetuer adipiscing elit."
        text run at (0,18) width 351: "Nulla varius enim ac mi. Curabitur sollicitudin felis quis"
        text run at (0,36) width 325: "lectus. Quisque adipiscing rhoncus sem. Proin nulla"
        text run at (0,54) width 358: "purus, vulputate vel, varius ut, euismod et, nisi. Sed vitae"
        text run at (0,72) width 343: "felis vel orci sagittis aliquam. Cras convallis adipiscing"
        text run at (0,90) width 340: "sem. Nam nonummy enim. Nullam bibendum lobortis"
        text run at (0,108) width 344: "neque. Vestibulum velit orci, tempus euismod, pretium"
        text run at (0,126) width 343: "quis, interdum vitae, nulla. Phasellus eget ante et tortor"
        text run at (0,144) width 343: "condimentum vestibulum. Suspendisse hendrerit quam"
        text run at (0,162) width 362: "nec felis. Sed varius turpis vitae pede. Lorem ipsum dolor"
        text run at (0,180) width 233: "sit amet, consectetuer adipiscing elit. "
        text run at (233,180) width 121: "Lorem ipsum dolor"
        text run at (0,198) width 363: "sit amet, consectetuer adipiscing elit. Nulla varius enim ac"
        text run at (0,216) width 20: "mi."
layer at (13,1007) size 750x230
  RenderBlock (anonymous multi-column) at (5,166) size 750x230
    RenderBlock {H2} at (0,0) size 367x28 [bgcolor=#EEEEEE]
      RenderText {#text} at (0,0) size 276x28
        text run at (0,0) width 276: "This is a spanning element."
    RenderBlock {P} at (0,47) size 367x399
      RenderText {#text} at (0,0) size 363x399
        text run at (0,0) width 354: "Lorem ipsum dolor sit amet, consectetuer adipiscing elit."
        text run at (0,18) width 351: "Nulla varius enim ac mi. Curabitur sollicitudin felis quis"
        text run at (0,36) width 325: "lectus. Quisque adipiscing rhoncus sem. Proin nulla"
        text run at (0,54) width 358: "purus, vulputate vel, varius ut, euismod et, nisi. Sed vitae"
        text run at (0,72) width 343: "felis vel orci sagittis aliquam. Cras convallis adipiscing"
        text run at (0,90) width 340: "sem. Nam nonummy enim. Nullam bibendum lobortis"
        text run at (0,108) width 344: "neque. Vestibulum velit orci, tempus euismod, pretium"
        text run at (0,126) width 343: "quis, interdum vitae, nulla. Phasellus eget ante et tortor"
        text run at (0,144) width 343: "condimentum vestibulum. Suspendisse hendrerit quam"
        text run at (0,162) width 362: "nec felis. Sed varius turpis vitae pede. Lorem ipsum dolor"
        text run at (0,183) width 233: "sit amet, consectetuer adipiscing elit. "
        text run at (233,183) width 121: "Lorem ipsum dolor"
        text run at (0,201) width 363: "sit amet, consectetuer adipiscing elit. Nulla varius enim ac"
        text run at (0,219) width 318: "mi. Curabitur sollicitudin felis quis lectus. Quisque"
        text run at (0,237) width 356: "adipiscing rhoncus sem. Proin nulla purus, vulputate vel,"
        text run at (0,255) width 354: "varius ut, euismod et, nisi. Sed vitae felis vel orci sagittis"
        text run at (0,273) width 351: "aliquam. Cras convallis adipiscing sem. Nam nonummy"
        text run at (0,291) width 358: "enim. Nullam bibendum lobortis neque. Vestibulum velit"
        text run at (0,309) width 361: "orci, tempus euismod, pretium quis, interdum vitae, nulla."
        text run at (0,327) width 339: "Phasellus eget ante et tortor condimentum vestibulum."
        text run at (0,345) width 345: "Suspendisse hendrerit quam nec felis. Sed varius turpis"
        text run at (0,363) width 331: "vitae pede. Lorem ipsum dolor sit amet, consectetuer"
        text run at (0,381) width 91: "adipiscing elit."
layer at (8,1274) size 760x410
  RenderBlock {DIV} at (0,1266) size 760x410 [border: (5px solid #800000)]
    RenderBlock (anonymous multi-column span) at (5,131) size 750x0
layer at (13,1279) size 750x126
  RenderBlock (anonymous multi-column) at (5,5) size 750x126
    RenderBlock (anonymous) at (0,0) size 367x234
      RenderText {#text} at (0,0) size 363x234
        text run at (0,0) width 354: "Lorem ipsum dolor sit amet, consectetuer adipiscing elit."
        text run at (0,18) width 351: "Nulla varius enim ac mi. Curabitur sollicitudin felis quis"
        text run at (0,36) width 325: "lectus. Quisque adipiscing rhoncus sem. Proin nulla"
        text run at (0,54) width 358: "purus, vulputate vel, varius ut, euismod et, nisi. Sed vitae"
        text run at (0,72) width 343: "felis vel orci sagittis aliquam. Cras convallis adipiscing"
        text run at (0,90) width 340: "sem. Nam nonummy enim. Nullam bibendum lobortis"
        text run at (0,108) width 344: "neque. Vestibulum velit orci, tempus euismod, pretium"
        text run at (0,126) width 343: "quis, interdum vitae, nulla. Phasellus eget ante et tortor"
        text run at (0,144) width 343: "condimentum vestibulum. Suspendisse hendrerit quam"
        text run at (0,162) width 362: "nec felis. Sed varius turpis vitae pede. Lorem ipsum dolor"
        text run at (0,180) width 233: "sit amet, consectetuer adipiscing elit. "
        text run at (233,180) width 121: "Lorem ipsum dolor"
        text run at (0,198) width 363: "sit amet, consectetuer adipiscing elit. Nulla varius enim ac"
        text run at (0,216) width 20: "mi."
layer at (13,1424) size 750x239
  RenderBlock (anonymous multi-column) at (5,150) size 750x239
    RenderBlock {H2} at (0,0) size 367x28 [bgcolor=#EEEEEE]
      RenderText {#text} at (0,0) size 276x28
        text run at (0,0) width 276: "This is a spanning element."
    RenderBlock (anonymous) at (0,47) size 367x210
      RenderInline {SPAN} at (0,0) size 42x18
        RenderText {#text} at (0,0) size 42x18
          text run at (0,0) width 42: "Lorem"
      RenderText {#text} at (42,0) size 362x210
        text run at (42,0) width 312: " ipsum dolor sit amet, consectetuer adipiscing elit."
        text run at (0,18) width 351: "Nulla varius enim ac mi. Curabitur sollicitudin felis quis"
        text run at (0,36) width 325: "lectus. Quisque adipiscing rhoncus sem. Proin nulla"
        text run at (0,54) width 358: "purus, vulputate vel, varius ut, euismod et, nisi. Sed vitae"
        text run at (0,72) width 343: "felis vel orci sagittis aliquam. Cras convallis adipiscing"
        text run at (0,90) width 340: "sem. Nam nonummy enim. Nullam bibendum lobortis"
        text run at (0,108) width 344: "neque. Vestibulum velit orci, tempus euismod, pretium"
        text run at (0,126) width 343: "quis, interdum vitae, nulla. Phasellus eget ante et tortor"
        text run at (0,144) width 343: "condimentum vestibulum. Suspendisse hendrerit quam"
        text run at (0,162) width 362: "nec felis. Sed varius turpis vitae pede. Lorem ipsum dolor"
        text run at (0,192) width 229: "sit amet, consectetuer adipiscing elit."
    RenderBlock {P} at (0,273) size 367x198
      RenderText {#text} at (0,0) size 362x198
        text run at (0,0) width 354: "Lorem ipsum dolor sit amet, consectetuer adipiscing elit."
        text run at (0,18) width 351: "Nulla varius enim ac mi. Curabitur sollicitudin felis quis"
        text run at (0,36) width 325: "lectus. Quisque adipiscing rhoncus sem. Proin nulla"
        text run at (0,54) width 358: "purus, vulputate vel, varius ut, euismod et, nisi. Sed vitae"
        text run at (0,72) width 343: "felis vel orci sagittis aliquam. Cras convallis adipiscing"
        text run at (0,90) width 340: "sem. Nam nonummy enim. Nullam bibendum lobortis"
        text run at (0,108) width 344: "neque. Vestibulum velit orci, tempus euismod, pretium"
        text run at (0,126) width 343: "quis, interdum vitae, nulla. Phasellus eget ante et tortor"
        text run at (0,144) width 343: "condimentum vestibulum. Suspendisse hendrerit quam"
        text run at (0,162) width 362: "nec felis. Sed varius turpis vitae pede. Lorem ipsum dolor"
        text run at (0,180) width 229: "sit amet, consectetuer adipiscing elit."
layer at (8,1700) size 760x392
  RenderBlock {DIV} at (0,1692) size 760x392 [border: (5px solid #800000)]
    RenderBlock (anonymous multi-column span) at (5,221) size 750x0
layer at (13,1705) size 750x216
  RenderBlock (anonymous multi-column) at (5,5) size 750x216
    RenderBlock (anonymous) at (0,0) size 367x198
      RenderInline {SPAN} at (0,0) size 362x198
        RenderText {#text} at (0,0) size 362x198
          text run at (0,0) width 354: "Lorem ipsum dolor sit amet, consectetuer adipiscing elit."
          text run at (0,18) width 351: "Nulla varius enim ac mi. Curabitur sollicitudin felis quis"
          text run at (0,36) width 325: "lectus. Quisque adipiscing rhoncus sem. Proin nulla"
          text run at (0,54) width 358: "purus, vulputate vel, varius ut, euismod et, nisi. Sed vitae"
          text run at (0,72) width 343: "felis vel orci sagittis aliquam. Cras convallis adipiscing"
          text run at (0,90) width 340: "sem. Nam nonummy enim. Nullam bibendum lobortis"
          text run at (0,108) width 344: "neque. Vestibulum velit orci, tempus euismod, pretium"
          text run at (0,126) width 343: "quis, interdum vitae, nulla. Phasellus eget ante et tortor"
          text run at (0,144) width 343: "condimentum vestibulum. Suspendisse hendrerit quam"
          text run at (0,162) width 362: "nec felis. Sed varius turpis vitae pede. Lorem ipsum dolor"
          text run at (0,180) width 229: "sit amet, consectetuer adipiscing elit."
    RenderBlock (anonymous) at (0,198) size 367x36
      RenderBlock {SPAN} at (0,0) size 367x36
        RenderText {#text} at (0,0) size 354x36
          text run at (0,0) width 354: "Lorem ipsum dolor sit amet, consectetuer adipiscing elit."
          text run at (0,18) width 154: "Nulla varius enim ac mi."
    RenderBlock (anonymous) at (0,234) size 367x198
      RenderInline {SPAN} at (0,0) size 42x18
        RenderText {#text} at (0,0) size 42x18
          text run at (0,0) width 42: "Lorem"
      RenderText {#text} at (42,0) size 362x198
        text run at (42,0) width 312: " ipsum dolor sit amet, consectetuer adipiscing elit."
        text run at (0,18) width 351: "Nulla varius enim ac mi. Curabitur sollicitudin felis quis"
        text run at (0,36) width 325: "lectus. Quisque adipiscing rhoncus sem. Proin nulla"
        text run at (0,54) width 358: "purus, vulputate vel, varius ut, euismod et, nisi. Sed vitae"
        text run at (0,72) width 343: "felis vel orci sagittis aliquam. Cras convallis adipiscing"
        text run at (0,90) width 340: "sem. Nam nonummy enim. Nullam bibendum lobortis"
        text run at (0,108) width 344: "neque. Vestibulum velit orci, tempus euismod, pretium"
        text run at (0,126) width 343: "quis, interdum vitae, nulla. Phasellus eget ante et tortor"
        text run at (0,144) width 343: "condimentum vestibulum. Suspendisse hendrerit quam"
        text run at (0,162) width 362: "nec felis. Sed varius turpis vitae pede. Lorem ipsum dolor"
        text run at (0,180) width 229: "sit amet, consectetuer adipiscing elit."
layer at (13,1940) size 750x131
  RenderBlock (anonymous multi-column) at (5,240) size 750x131
    RenderBlock {H2} at (0,0) size 367x28 [bgcolor=#EEEEEE]
      RenderText {#text} at (0,0) size 276x28
        text run at (0,0) width 276: "This is a spanning element."
    RenderBlock {P} at (0,47) size 367x210
      RenderText {#text} at (0,0) size 362x210
        text run at (0,0) width 354: "Lorem ipsum dolor sit amet, consectetuer adipiscing elit."
        text run at (0,18) width 351: "Nulla varius enim ac mi. Curabitur sollicitudin felis quis"
        text run at (0,36) width 325: "lectus. Quisque adipiscing rhoncus sem. Proin nulla"
        text run at (0,54) width 358: "purus, vulputate vel, varius ut, euismod et, nisi. Sed vitae"
        text run at (0,84) width 343: "felis vel orci sagittis aliquam. Cras convallis adipiscing"
        text run at (0,102) width 340: "sem. Nam nonummy enim. Nullam bibendum lobortis"
        text run at (0,120) width 344: "neque. Vestibulum velit orci, tempus euismod, pretium"
        text run at (0,138) width 343: "quis, interdum vitae, nulla. Phasellus eget ante et tortor"
        text run at (0,156) width 343: "condimentum vestibulum. Suspendisse hendrerit quam"
        text run at (0,174) width 362: "nec felis. Sed varius turpis vitae pede. Lorem ipsum dolor"
        text run at (0,192) width 229: "sit amet, consectetuer adipiscing elit."
layer at (8,2108) size 760x419
  RenderBlock {DIV} at (0,2100) size 760x419 [border: (5px solid #800000)]
    RenderBlock (anonymous multi-column span) at (5,271) size 750x0
layer at (13,2129) size 750x234
  RenderBlock (anonymous multi-column) at (5,21) size 750x234
    RenderBlock {P} at (0,0) size 367x198
      RenderText {#text} at (0,0) size 362x198
        text run at (0,0) width 354: "Lorem ipsum dolor sit amet, consectetuer adipiscing elit."
        text run at (0,18) width 351: "Nulla varius enim ac mi. Curabitur sollicitudin felis quis"
        text run at (0,36) width 325: "lectus. Quisque adipiscing rhoncus sem. Proin nulla"
        text run at (0,54) width 358: "purus, vulputate vel, varius ut, euismod et, nisi. Sed vitae"
        text run at (0,72) width 343: "felis vel orci sagittis aliquam. Cras convallis adipiscing"
        text run at (0,90) width 340: "sem. Nam nonummy enim. Nullam bibendum lobortis"
        text run at (0,108) width 344: "neque. Vestibulum velit orci, tempus euismod, pretium"
        text run at (0,126) width 343: "quis, interdum vitae, nulla. Phasellus eget ante et tortor"
        text run at (0,144) width 343: "condimentum vestibulum. Suspendisse hendrerit quam"
        text run at (0,162) width 362: "nec felis. Sed varius turpis vitae pede. Lorem ipsum dolor"
        text run at (0,180) width 229: "sit amet, consectetuer adipiscing elit."
    RenderBlock {P} at (0,214) size 367x38
      RenderText {#text} at (0,0) size 354x38
        text run at (0,0) width 354: "Lorem ipsum dolor sit amet, consectetuer adipiscing elit."
        text run at (0,20) width 154: "Nulla varius enim ac mi."
    RenderBlock {P} at (0,268) size 367x198
      RenderText {#text} at (0,0) size 362x198
        text run at (0,0) width 354: "Lorem ipsum dolor sit amet, consectetuer adipiscing elit."
        text run at (0,18) width 351: "Nulla varius enim ac mi. Curabitur sollicitudin felis quis"
        text run at (0,36) width 325: "lectus. Quisque adipiscing rhoncus sem. Proin nulla"
        text run at (0,54) width 358: "purus, vulputate vel, varius ut, euismod et, nisi. Sed vitae"
        text run at (0,72) width 343: "felis vel orci sagittis aliquam. Cras convallis adipiscing"
        text run at (0,90) width 340: "sem. Nam nonummy enim. Nullam bibendum lobortis"
        text run at (0,108) width 344: "neque. Vestibulum velit orci, tempus euismod, pretium"
        text run at (0,126) width 343: "quis, interdum vitae, nulla. Phasellus eget ante et tortor"
        text run at (0,144) width 343: "condimentum vestibulum. Suspendisse hendrerit quam"
        text run at (0,162) width 362: "nec felis. Sed varius turpis vitae pede. Lorem ipsum dolor"
        text run at (0,180) width 229: "sit amet, consectetuer adipiscing elit."
layer at (13,2382) size 750x140
  RenderBlock (anonymous multi-column) at (5,274) size 750x140
    RenderBlock {H2} at (0,0) size 367x28 [bgcolor=#EEEEEE]
      RenderText {#text} at (0,0) size 276x28
        text run at (0,0) width 276: "This is a spanning element."
    RenderBlock (anonymous) at (0,47) size 367x18
      RenderInline {SPAN} at (0,0) size 354x18
        RenderText {#text} at (0,0) size 354x18
          text run at (0,0) width 354: "Lorem ipsum dolor sit amet, consectetuer adipiscing elit."
    RenderBlock (anonymous) at (0,65) size 367x18
      RenderBlock {SPAN} at (0,0) size 367x18
        RenderText {#text} at (0,0) size 154x18
          text run at (0,0) width 154: "Nulla varius enim ac mi."
    RenderBlock (anonymous) at (0,83) size 367x183
      RenderInline {SPAN} at (0,0) size 362x183
        RenderText {#text} at (0,0) size 362x183
          text run at (0,0) width 362: "Curabitur sollicitudin felis quis lectus. Quisque adipiscing"
          text run at (0,18) width 350: "rhoncus sem. Proin nulla purus, vulputate vel, varius ut,"
          text run at (0,36) width 350: "euismod et, nisi. Sed vitae felis vel orci sagittis aliquam."
          text run at (0,57) width 332: "Cras convallis adipiscing sem. Nam nonummy enim."
          text run at (0,75) width 351: "Nullam bibendum lobortis neque. Vestibulum velit orci,"
          text run at (0,93) width 329: "tempus euismod, pretium quis, interdum vitae, nulla."
          text run at (0,111) width 339: "Phasellus eget ante et tortor condimentum vestibulum."
          text run at (0,129) width 345: "Suspendisse hendrerit quam nec felis. Sed varius turpis"
          text run at (0,147) width 331: "vitae pede. Lorem ipsum dolor sit amet, consectetuer"
          text run at (0,165) width 91: "adipiscing elit."
      RenderText {#text} at (0,0) size 0x0
