layer at (0,0) size 785x1278
  RenderView at (0,0) size 785x600
layer at (0,0) size 785x1278
  RenderBlock {HTML} at (0,0) size 785x1278
    RenderBody {BODY} at (8,16) size 769x1246
layer at (8,16) size 760x398
  RenderBlock {DIV} at (0,0) size 760x398 [border: (5px solid #800000)]
    RenderBlock (anonymous multi-column span) at (5,24) size 750x28
      RenderBlock {H2} at (0,0) size 750x28 [bgcolor=#EEEEEE]
        RenderText {#text} at (0,0) size 664x28
          text run at (0,0) width 664: "This is a spanning element at the beginning of the columns block."
layer at (13,87) size 750x322
  RenderBlock (anonymous multi-column) at (5,71) size 750x322
    RenderBlock {SPAN} at (0,0) size 367x198 [color=#FFFFFF] [bgcolor=#000000]
      RenderText {#text} at (0,0) size 362x198
        text run at (0,0) width 354: "Lorem ipsum dolor sit amet, consectetuer adipiscing elit."
        text run at (0,18) width 351: "Nulla varius enim ac mi. Curabitur sollicitudin felis quis"
        text run at (0,36) width 325: "lectus. Quisque adipiscing rhoncus sem. Proin nulla"
        text run at (0,54) width 358: "purus, vulputate vel, varius ut, euismod et, nisi. Sed vitae"
        text run at (0,72) width 343: "felis vel orci sagittis aliquam. Cras convallis adipiscing"
        text run at (0,90) width 340: "sem. Nam nonummy enim. Nullam bibendum lobortis"
        text run at (0,108) width 344: "neque. Vestibulum velit orci, tempus euismod, pretium"
        text run at (0,126) width 343: "quis, interdum vitae, nulla. Phasellus eget ante et tortor"
        text run at (0,144) width 343: "condimentum vestibulum. Suspendisse hendrerit quam"
        text run at (0,162) width 362: "nec felis. Sed varius turpis vitae pede. Lorem ipsum dolor"
        text run at (0,180) width 229: "sit amet, consectetuer adipiscing elit."
    RenderBlock (anonymous) at (0,214) size 367x414
      RenderText {#text} at (0,0) size 363x414
        text run at (0,0) width 354: "Lorem ipsum dolor sit amet, consectetuer adipiscing elit."
        text run at (0,18) width 351: "Nulla varius enim ac mi. Curabitur sollicitudin felis quis"
        text run at (0,36) width 325: "lectus. Quisque adipiscing rhoncus sem. Proin nulla"
        text run at (0,54) width 358: "purus, vulputate vel, varius ut, euismod et, nisi. Sed vitae"
        text run at (0,72) width 343: "felis vel orci sagittis aliquam. Cras convallis adipiscing"
        text run at (0,90) width 340: "sem. Nam nonummy enim. Nullam bibendum lobortis"
        text run at (0,108) width 344: "neque. Vestibulum velit orci, tempus euismod, pretium"
        text run at (0,126) width 343: "quis, interdum vitae, nulla. Phasellus eget ante et tortor"
        text run at (0,144) width 343: "condimentum vestibulum. Suspendisse hendrerit quam"
        text run at (0,162) width 362: "nec felis. Sed varius turpis vitae pede. Lorem ipsum dolor"
        text run at (0,180) width 233: "sit amet, consectetuer adipiscing elit. "
        text run at (233,180) width 121: "Lorem ipsum dolor"
        text run at (0,198) width 363: "sit amet, consectetuer adipiscing elit. Nulla varius enim ac"
        text run at (0,216) width 318: "mi. Curabitur sollicitudin felis quis lectus. Quisque"
        text run at (0,234) width 356: "adipiscing rhoncus sem. Proin nulla purus, vulputate vel,"
        text run at (0,252) width 354: "varius ut, euismod et, nisi. Sed vitae felis vel orci sagittis"
        text run at (0,270) width 351: "aliquam. Cras convallis adipiscing sem. Nam nonummy"
        text run at (0,288) width 358: "enim. Nullam bibendum lobortis neque. Vestibulum velit"
        text run at (0,306) width 361: "orci, tempus euismod, pretium quis, interdum vitae, nulla."
        text run at (0,324) width 339: "Phasellus eget ante et tortor condimentum vestibulum."
        text run at (0,342) width 345: "Suspendisse hendrerit quam nec felis. Sed varius turpis"
        text run at (0,360) width 331: "vitae pede. Lorem ipsum dolor sit amet, consectetuer"
        text run at (0,378) width 95: "adipiscing elit. "
        text run at (95,378) width 259: "Lorem ipsum dolor sit amet, consectetuer"
        text run at (0,396) width 249: "adipiscing elit. Nulla varius enim ac mi."
layer at (8,430) size 760x400
  RenderBlock {DIV} at (0,414) size 760x400 [border: (5px solid #800000)]
    RenderBlock (anonymous multi-column span) at (5,348) size 750x28
      RenderBlock {H2} at (0,0) size 750x28 [bgcolor=#EEEEEE]
        RenderText {#text} at (0,0) size 600x28
          text run at (0,0) width 600: "This is a spanning element at the end of the columns block."
layer at (13,435) size 750x324
  RenderBlock (anonymous multi-column) at (5,5) size 750x324
    RenderBlock (anonymous) at (0,0) size 367x396
      RenderText {#text} at (0,0) size 363x396
        text run at (0,0) width 354: "Lorem ipsum dolor sit amet, consectetuer adipiscing elit."
        text run at (0,18) width 351: "Nulla varius enim ac mi. Curabitur sollicitudin felis quis"
        text run at (0,36) width 325: "lectus. Quisque adipiscing rhoncus sem. Proin nulla"
        text run at (0,54) width 358: "purus, vulputate vel, varius ut, euismod et, nisi. Sed vitae"
        text run at (0,72) width 343: "felis vel orci sagittis aliquam. Cras convallis adipiscing"
        text run at (0,90) width 340: "sem. Nam nonummy enim. Nullam bibendum lobortis"
        text run at (0,108) width 344: "neque. Vestibulum velit orci, tempus euismod, pretium"
        text run at (0,126) width 343: "quis, interdum vitae, nulla. Phasellus eget ante et tortor"
        text run at (0,144) width 343: "condimentum vestibulum. Suspendisse hendrerit quam"
        text run at (0,162) width 362: "nec felis. Sed varius turpis vitae pede. Lorem ipsum dolor"
        text run at (0,180) width 233: "sit amet, consectetuer adipiscing elit. "
        text run at (233,180) width 121: "Lorem ipsum dolor"
        text run at (0,198) width 363: "sit amet, consectetuer adipiscing elit. Nulla varius enim ac"
        text run at (0,216) width 318: "mi. Curabitur sollicitudin felis quis lectus. Quisque"
        text run at (0,234) width 356: "adipiscing rhoncus sem. Proin nulla purus, vulputate vel,"
        text run at (0,252) width 354: "varius ut, euismod et, nisi. Sed vitae felis vel orci sagittis"
        text run at (0,270) width 351: "aliquam. Cras convallis adipiscing sem. Nam nonummy"
        text run at (0,288) width 358: "enim. Nullam bibendum lobortis neque. Vestibulum velit"
        text run at (0,306) width 361: "orci, tempus euismod, pretium quis, interdum vitae, nulla."
        text run at (0,324) width 339: "Phasellus eget ante et tortor condimentum vestibulum."
        text run at (0,342) width 345: "Suspendisse hendrerit quam nec felis. Sed varius turpis"
        text run at (0,360) width 331: "vitae pede. Lorem ipsum dolor sit amet, consectetuer"
        text run at (0,378) width 91: "adipiscing elit."
    RenderBlock {SPAN} at (0,412) size 367x234 [color=#FFFFFF] [bgcolor=#000000]
      RenderText {#text} at (0,0) size 363x234
        text run at (0,0) width 354: "Lorem ipsum dolor sit amet, consectetuer adipiscing elit."
        text run at (0,18) width 351: "Nulla varius enim ac mi. Curabitur sollicitudin felis quis"
        text run at (0,36) width 325: "lectus. Quisque adipiscing rhoncus sem. Proin nulla"
        text run at (0,54) width 358: "purus, vulputate vel, varius ut, euismod et, nisi. Sed vitae"
        text run at (0,72) width 343: "felis vel orci sagittis aliquam. Cras convallis adipiscing"
        text run at (0,90) width 340: "sem. Nam nonummy enim. Nullam bibendum lobortis"
        text run at (0,108) width 344: "neque. Vestibulum velit orci, tempus euismod, pretium"
        text run at (0,126) width 343: "quis, interdum vitae, nulla. Phasellus eget ante et tortor"
        text run at (0,144) width 343: "condimentum vestibulum. Suspendisse hendrerit quam"
        text run at (0,162) width 362: "nec felis. Sed varius turpis vitae pede. Lorem ipsum dolor"
        text run at (0,180) width 233: "sit amet, consectetuer adipiscing elit. "
        text run at (233,180) width 121: "Lorem ipsum dolor"
        text run at (0,198) width 363: "sit amet, consectetuer adipiscing elit. Nulla varius enim ac"
        text run at (0,216) width 20: "mi."
layer at (8,846) size 760x416
  RenderBlock {DIV} at (0,830) size 760x416 [border: (5px solid #800000)]
    RenderBlock (anonymous multi-column span) at (5,150) size 750x28
      RenderBlock {H2} at (0,0) size 750x28 [bgcolor=#EEEEEE]
        RenderText {#text} at (0,0) size 634x28
          text run at (0,0) width 634: "This is a spanning element in the middle of the columns block."
layer at (13,851) size 750x126
  RenderBlock (anonymous multi-column) at (5,5) size 750x126
    RenderBlock (anonymous) at (0,0) size 367x198
      RenderText {#text} at (0,0) size 362x198
        text run at (0,0) width 354: "Lorem ipsum dolor sit amet, consectetuer adipiscing elit."
        text run at (0,18) width 351: "Nulla varius enim ac mi. Curabitur sollicitudin felis quis"
        text run at (0,36) width 325: "lectus. Quisque adipiscing rhoncus sem. Proin nulla"
        text run at (0,54) width 358: "purus, vulputate vel, varius ut, euismod et, nisi. Sed vitae"
        text run at (0,72) width 343: "felis vel orci sagittis aliquam. Cras convallis adipiscing"
        text run at (0,90) width 340: "sem. Nam nonummy enim. Nullam bibendum lobortis"
        text run at (0,108) width 344: "neque. Vestibulum velit orci, tempus euismod, pretium"
        text run at (0,126) width 343: "quis, interdum vitae, nulla. Phasellus eget ante et tortor"
        text run at (0,144) width 343: "condimentum vestibulum. Suspendisse hendrerit quam"
        text run at (0,162) width 362: "nec felis. Sed varius turpis vitae pede. Lorem ipsum dolor"
        text run at (0,180) width 229: "sit amet, consectetuer adipiscing elit."
    RenderBlock {SPAN} at (0,214) size 367x36 [color=#FFFFFF] [bgcolor=#000000]
      RenderText {#text} at (0,0) size 354x36
        text run at (0,0) width 354: "Lorem ipsum dolor sit amet, consectetuer adipiscing elit."
        text run at (0,18) width 154: "Nulla varius enim ac mi."
layer at (13,1043) size 750x214
  RenderBlock (anonymous multi-column) at (5,197) size 750x214
    RenderBlock {SPAN} at (0,0) size 367x198 [color=#FFFFFF] [bgcolor=#000000]
      RenderText {#text} at (0,0) size 362x198
        text run at (0,0) width 354: "Lorem ipsum dolor sit amet, consectetuer adipiscing elit."
        text run at (0,18) width 351: "Nulla varius enim ac mi. Curabitur sollicitudin felis quis"
        text run at (0,36) width 325: "lectus. Quisque adipiscing rhoncus sem. Proin nulla"
        text run at (0,54) width 358: "purus, vulputate vel, varius ut, euismod et, nisi. Sed vitae"
        text run at (0,72) width 343: "felis vel orci sagittis aliquam. Cras convallis adipiscing"
        text run at (0,90) width 340: "sem. Nam nonummy enim. Nullam bibendum lobortis"
        text run at (0,108) width 344: "neque. Vestibulum velit orci, tempus euismod, pretium"
        text run at (0,126) width 343: "quis, interdum vitae, nulla. Phasellus eget ante et tortor"
        text run at (0,144) width 343: "condimentum vestibulum. Suspendisse hendrerit quam"
        text run at (0,162) width 362: "nec felis. Sed varius turpis vitae pede. Lorem ipsum dolor"
        text run at (0,180) width 229: "sit amet, consectetuer adipiscing elit."
    RenderBlock (anonymous) at (0,214) size 367x198
      RenderText {#text} at (0,0) size 362x198
        text run at (0,0) width 354: "Lorem ipsum dolor sit amet, consectetuer adipiscing elit."
        text run at (0,18) width 351: "Nulla varius enim ac mi. Curabitur sollicitudin felis quis"
        text run at (0,36) width 325: "lectus. Quisque adipiscing rhoncus sem. Proin nulla"
        text run at (0,54) width 358: "purus, vulputate vel, varius ut, euismod et, nisi. Sed vitae"
        text run at (0,72) width 343: "felis vel orci sagittis aliquam. Cras convallis adipiscing"
        text run at (0,90) width 340: "sem. Nam nonummy enim. Nullam bibendum lobortis"
        text run at (0,108) width 344: "neque. Vestibulum velit orci, tempus euismod, pretium"
        text run at (0,126) width 343: "quis, interdum vitae, nulla. Phasellus eget ante et tortor"
        text run at (0,144) width 343: "condimentum vestibulum. Suspendisse hendrerit quam"
        text run at (0,162) width 362: "nec felis. Sed varius turpis vitae pede. Lorem ipsum dolor"
        text run at (0,180) width 229: "sit amet, consectetuer adipiscing elit."
