KRenderingPaintServer {id="gradient" [type=LINEAR-GRADIENT] [stops=[(0.00,#FFFF00), (1.00,#008000)]] [start=(0,0)] [end=(1,0)]}
layer at (0,0) size 800x600
  RenderView at (0,0) size 800x600
layer at (0,0) size 800x0
  RenderBlock {html} at (0,0) size 800x0
layer at (48,38) size 722x542 layerType: background only
layer at (49,39) size 720x540
  RenderSVGRoot {svg} at (49,-51) size 720x720
    RenderSVGHiddenContainer {linearGradient} at (0,0) size 0x0
      RenderSVGGradientStop {stop} at (0,0) size 0x0
      RenderSVGGradientStop {stop} at (0,0) size 0x0
    RenderPath {rect} at (49,-51) size 720x720 [fill={[type=LINEAR-GRADIENT] [stops=[(0.00,#FFFF00), (1.00,#008000)]] [start=(0,0)] [end=(1,0)]}] [data="M0.00,0.00L100.00,0.00L100.00,100.00L0.00,100.00"]
    RenderPath {circle} at (193,93) size 432x432 [fill={[type=LINEAR-GRADIENT] [stops=[(0.00,#FFFF00), (1.00,#008000)]] [start=(0,0)] [end=(1,0)]}] [data="M80.00,50.00L79.94,51.88L79.76,53.76L79.47,55.62L79.06,57.46L78.53,59.27L77.89,61.04L77.14,62.77L76.29,64.45L75.33,66.07L74.27,67.63L73.12,69.12L71.87,70.54L70.54,71.87L69.12,73.12L67.63,74.27L66.07,75.33L64.45,76.29L62.77,77.14L61.04,77.89L59.27,78.53L57.46,79.06L55.62,79.47L53.76,79.76L51.88,79.94L50.00,80.00L48.12,79.94L46.24,79.76L44.38,79.47L42.54,79.06L40.73,78.53L38.96,77.89L37.23,77.14L35.55,76.29L33.93,75.33L32.37,74.27L30.88,73.12L29.46,71.87L28.13,70.54L26.88,69.12L25.73,67.63L24.67,66.07L23.71,64.45L22.86,62.77L22.11,61.04L21.47,59.27L20.94,57.46L20.53,55.62L20.24,53.76L20.06,51.88L20.00,50.00L20.06,48.12L20.24,46.24L20.53,44.38L20.94,42.54L21.47,40.73L22.11,38.96L22.86,37.23L23.71,35.55L24.67,33.93L25.73,32.37L26.88,30.88L28.13,29.46L29.46,28.13L30.88,26.88L32.37,25.73L33.93,24.67L35.55,23.71L37.23,22.86L38.96,22.11L40.73,21.47L42.54,20.94L44.38,20.53L46.24,20.24L48.12,20.06L50.00,20.00L51.88,20.06L53.76,20.24L55.62,20.53L57.46,20.94L59.27,21.47L61.04,22.11L62.77,22.86L64.45,23.71L66.07,24.67L67.63,25.73L69.12,26.88L70.54,28.13L71.87,29.46L73.12,30.88L74.27,32.37L75.33,33.93L76.29,35.55L77.14,37.23L77.89,38.96L78.53,40.73L79.06,42.54L79.47,44.38L79.76,46.24L79.94,48.12"]
layer at (48,38) size 722x542 layerType: foreground only
  RenderBody {body} at (48,38) size 722x542 [border: (1px solid #000000)]
    RenderBlock {form} at (1,1) size 720x128
      RenderFieldSet {fieldset} at (2,0) size 716x128 [border: (2px groove #C0C0C0)]
        RenderLegend {legend} at (14,0) size 88x18
          RenderText {#text} at (2,0) size 84x18
            text run at (2,0) width 84: "HTML Form"
        RenderBlock {p} at (14,39) size 688x23
          RenderInline {label} at (0,0) size 107x18
            RenderText {#text} at (0,2) size 107x18
              text run at (0,2) width 107: "Enter something:"
          RenderText {#text} at (107,2) size 4x18
            text run at (107,2) width 4: " "
          RenderTextControl {input} at (113,2) size 148x19 [bgcolor=#FFFFFF] [border: (2px inset #000000)]
          RenderText {#text} at (0,0) size 0x0
        RenderBlock {p} at (14,78) size 688x22
          RenderButton {button} at (2,2) size 63x18 [bgcolor=#C0C0C0] [border: (2px outset #C0C0C0) none (2px outset #C0C0C0)]
            RenderBlock (anonymous) at (8,2) size 47x13
              RenderText {#text} at (0,0) size 47x13
                text run at (0,0) width 47: "Activate!"
layer at (181,83) size 142x13
  RenderBlock {div} at (3,3) size 142x13
