layer at (0,0) size 800x600
  RenderView at (0,0) size 800x600
    RenderSVGContainer {svg} at (20,2) size 47x23
      RenderSVGText {text} at (20,20) size 800x23
        RenderSVGInlineText {#text} at (0,-18) size 47x23
          text run at (0,-18) width 47: "PASS"
