layer at (0,0) size 800x600
  RenderView at (0,0) size 800x600
layer at (0,0) size 800x600
  RenderBlock {HTML} at (0,0) size 800x600
    RenderBody {BODY} at (8,8) size 784x576
      RenderBlock {P} at (0,0) size 784x19
        RenderText {#text} at (0,0) size 465x19
          text run at (0,0) width 465: "This test should be run in DumpRenderTree, as it requires a special fonts.conf"
      RenderBlock {OL} at (0,35) size 784x461
        RenderListItem {LI} at (40,0) size 744x54
          RenderBlock {P} at (0,0) size 744x19
            RenderListMarker at (-21,0) size 16x19: "1"
            RenderText {#text} at (0,0) size 318x19
              text run at (0,0) width 318: "The following text should render without anti-aliasing:"
          RenderBlock {P} at (0,35) size 744x19
            RenderText {#text} at (0,0) size 154x19
              text run at (0,0) width 154: "Non anti-aliased sans."
        RenderListItem {LI} at (40,70) size 744x73
          RenderBlock {P} at (0,0) size 744x38
            RenderListMarker at (-21,0) size 16x19: "2"
            RenderText {#text} at (0,0) size 710x38
              text run at (0,0) width 360: "The following text should be slightly-hinted Liberation Serif. "
              text run at (360,0) width 57: "The dots "
              text run at (417,0) width 293: "should be equally spaced, and letters in the word"
              text run at (0,19) width 146: "\"government\" should be "
              text run at (146,19) width 101: "naturally spaced."
          RenderBlock {P} at (0,54) size 744x19
            RenderText {#text} at (0,0) size 207x19
              text run at (0,0) width 207: "government ................................"
        RenderListItem {LI} at (40,159) size 744x73
          RenderBlock {P} at (0,0) size 744x38
            RenderListMarker at (-21,0) size 16x19: "3"
            RenderText {#text} at (0,0) size 742x38
              text run at (0,0) width 419: "The following text should be unhinted Liberation Sans. The fontconfig "
              text run at (419,0) width 323: "configuration for this is contradictory, setting both full-"
              text run at (0,19) width 42: "hinting "
              text run at (42,19) width 245: "and no-hinting. The latter should win out."
          RenderBlock {P} at (0,54) size 744x19
            RenderText {#text} at (0,0) size 553x19
              text run at (0,0) width 386: "Here is Tigger doing what tiggers do best \x{2026} operating "
              text run at (386,0) width 167: "hydraulic exoskeletons."
        RenderListItem {LI} at (40,248) size 744x54
          RenderBlock {P} at (0,0) size 744x19
            RenderListMarker at (-21,0) size 16x19: "4"
            RenderText {#text} at (0,0) size 595x19
              text run at (0,0) width 329: "The following text should show a difference caused by "
              text run at (329,0) width 266: "forcing autohinting. Note: the effect is subtle."
          RenderBlock {P} at (0,35) size 744x19
            RenderInline {SPAN} at (0,0) size 46x12
              RenderText {#text} at (0,6) size 46x12
                text run at (0,6) width 46: "autohinted"
            RenderText {#text} at (46,0) size 4x19
              text run at (46,0) width 4: " "
            RenderInline {I} at (0,0) size 14x19
              RenderText {#text} at (50,0) size 14x19
                text run at (50,0) width 14: "vs"
            RenderText {#text} at (64,0) size 4x19
              text run at (64,0) width 4: " "
            RenderInline {SPAN} at (0,0) size 58x12
              RenderText {#text} at (68,6) size 58x12
                text run at (68,6) width 58: "not-autohinted"
        RenderListItem {LI} at (40,318) size 744x73
          RenderBlock {P} at (0,0) size 744x38
            RenderListMarker at (-21,0) size 16x19: "5"
            RenderText {#text} at (0,0) size 512x19
              text run at (0,0) width 380: "The following text should be the same. It verifies that, given the "
              text run at (380,0) width 132: "contradictory settings "
            RenderInline {TT} at (0,0) size 64x15
              RenderText {#text} at (512,4) size 64x15
                text run at (512,4) width 64: "hintfull"
            RenderText {#text} at (576,0) size 30x19
              text run at (576,0) width 30: " and "
            RenderInline {TT} at (0,0) size 64x15
              RenderText {#text} at (606,4) size 64x15
                text run at (606,4) width 64: "autohint"
            RenderText {#text} at (670,0) size 730x38
              text run at (670,0) width 30: ", the "
              text run at (700,0) width 30: "latter"
              text run at (0,19) width 53: "wins out:"
          RenderBlock {P} at (0,54) size 744x19
            RenderInline {SPAN} at (0,0) size 46x12
              RenderText {#text} at (0,6) size 46x12
                text run at (0,6) width 46: "autohinted"
            RenderText {#text} at (46,0) size 4x19
              text run at (46,0) width 4: " "
            RenderInline {I} at (0,0) size 14x19
              RenderText {#text} at (50,0) size 14x19
                text run at (50,0) width 14: "vs"
            RenderText {#text} at (64,0) size 4x19
              text run at (64,0) width 4: " "
            RenderInline {SPAN} at (0,0) size 89x12
              RenderText {#text} at (68,6) size 89x12
                text run at (68,6) width 89: "hopefully autohinted"
        RenderListItem {LI} at (40,407) size 744x54
          RenderBlock {P} at (0,0) size 744x19
            RenderListMarker at (-21,0) size 16x19: "6"
            RenderText {#text} at (0,0) size 590x19
              text run at (0,0) width 414: "The following text should show that fontconfig can be used to enable "
              text run at (414,0) width 176: "or disable subpixel rendering."
          RenderBlock {P} at (0,35) size 744x19
            RenderInline {SPAN} at (0,0) size 57x19
              RenderText {#text} at (0,0) size 57x19
                text run at (0,0) width 57: "subpixel"
            RenderText {#text} at (57,0) size 4x19
              text run at (57,0) width 4: " "
            RenderInline {I} at (0,0) size 14x19
              RenderText {#text} at (61,0) size 14x19
                text run at (61,0) width 14: "vs"
            RenderText {#text} at (75,0) size 4x19
              text run at (75,0) width 4: " "
            RenderInline {SPAN} at (0,0) size 78x19
              RenderText {#text} at (79,0) size 78x19
                text run at (79,0) width 78: "no subpixel"
