layer at (0,0) size 800x600
  RenderView at (0,0) size 800x600
layer at (0,0) size 800x600
  RenderBlock {HTML} at (0,0) size 800x600
    RenderBody {BODY} at (8,8) size 784x576
      RenderBlock {P} at (0,0) size 784x38
        RenderText {#text} at (0,0) size 761x38
          text run at (0,0) width 434: "This text should be rendered with subpixel anti-aliasing turned on if your "
          text run at (434,0) width 327: "XSettings specifies that. This should always be true for"
          text run at (0,19) width 63: "this test in "
          text run at (63,19) width 113: "DumpRenderTree."
