layer at (0,0) size 800x600
  RenderView at (0,0) size 800x600
    RenderSVGContainer {svg} at (20,56) size 100.21x156.13
      RenderSVGContainer {g} at (0,0) size 0x0 [transform={m=((0.00,0.00)(0.00,0.00)) t=(0.00,0.00)}]
      RenderSVGContainer {g} at (20,56) size 41x18 [transform={m=((1.00,0.00)(0.00,1.00)) t=(15.00,15.00)}]
        RenderSVGText {text} at (50,150) size 800x36
          RenderSVGInlineText {#text} at (0,-28) size 82x36
            text run at (0,-28) width 82: "Passed"
      RenderSVGContainer {g} at (49.50,141.42) size 70.71x70.71 [transform={m=((0.71,0.71)(-0.71,0.71)) t=(0.00,0.00)}]
        RenderPath {rect} at (49.50,141.42) size 70.71x70.71 [transform={m=((1.00,0.00)(0.00,1.00)) t=(100.00,0.00)}] [data="M50.00,50.00L120.00,50.00L120.00,80.00L50.00,80.00"]
