KCanvasResource {id="myclip" [type=CLIPPER] [clip data=[[winding=NON-ZERO] [path=M0.00,0.00L100.00,0.00L100.00,100.00L0.00,100.00]]]}
layer at (0,0) size 800x600
  RenderView at (0,0) size 800x600
    RenderSVGContainer {svg} at (0,0) size 542x410
      RenderSVGHiddenContainer {defs} at (0,0) size 0x0
      RenderImage {image} at (0,0) size 503x410
      RenderSVGText {text} at (0,125) size 800x18
        RenderSVGInlineText {#text} at (0,-14) size 542x18
          text run at (0,-14) width 542: "You should see a solid green block above (a blurred and clipped green checkerboard)."
