KCanvasResource {id="marker1" [type=MARKER] [angle=0.00] [ref x=5.00 y=5.00]}
KCanvasResource {id="marker2" [type=MARKER] [angle=0.00] [ref x=5.00 y=5.00]}
KCanvasResource {id="marker3" [type=MARKER] [angle=0.00] [ref x=5.00 y=5.00]}
layer at (0,0) size 800x600
  RenderView at (0,0) size 800x600
    RenderSVGContainer {svg} at (0,0) size 643.33x283.33
      RenderSVGContainer {g} at (0,0) size 643.33x283.33
        RenderSVGText {text} at (0,20) size 800x18
          RenderSVGInlineText {#text} at (0,-14) size 386x18
            text run at (0,-14) width 386: "This should show three markers on the path for start/mid/end."
        RenderSVGText {text} at (0,40) size 800x18
          RenderSVGInlineText {#text} at (0,-14) size 364x18
            text run at (0,-14) width 364: "Start marker has no markerWidth/markerHeight specified."
        RenderSVGText {text} at (0,60) size 800x18
          RenderSVGInlineText {#text} at (0,-14) size 270x18
            text run at (0,-14) width 270: "Mid marker has no markerWidth specified."
        RenderSVGText {text} at (0,80) size 800x18
          RenderSVGInlineText {#text} at (0,-14) size 274x18
            text run at (0,-14) width 274: "End marker has no markerHeight specified."
        RenderSVGContainer {marker} at (0,0) size 5x5
          RenderPath {rect} at (0,0) size 5x5 [fill={[type=SOLID] [color=#008000]}] [data="M0.00,0.00L10.00,0.00L10.00,10.00L0.00,10.00"]
        RenderSVGContainer {marker} at (0,0) size 5x5
          RenderPath {rect} at (0,0) size 5x5 [fill={[type=SOLID] [color=#008000]}] [data="M0.00,0.00L10.00,0.00L10.00,10.00L0.00,10.00"]
        RenderSVGContainer {marker} at (0,0) size 5x5
          RenderPath {rect} at (0,0) size 5x5 [fill={[type=SOLID] [color=#008000]}] [data="M0.00,0.00L10.00,0.00L10.00,10.00L0.00,10.00"]
        RenderPath {path} at (216.67,200) size 83.33x83.33 [start marker=#marker1] [middle marker=#marker2] [end marker=#marker3] [data="M130.00,120.00L180.00,120.00L180.00,170.00"]
