layer at (0,0) size 785x742
  RenderView at (0,0) size 785x600
layer at (0,0) size 785x742
  RenderBlock {html} at (0,0) size 785x742
    RenderBody {body} at (8,18) size 769x716
      RenderBlock (anonymous) at (0,0) size 769x0
        RenderInline {parsererror} at (0,0) size 0x0 [bgcolor=#FFDDDD] [border: (2px solid #CC7777)]
      RenderBlock (anonymous) at (0,0) size 769x94
        RenderBlock {h3} at (0,0) size 769x22
          RenderText {#text} at (0,0) size 324x22
            text run at (0,0) width 324: "This page contains the following errors:"
        RenderBlock {div} at (0,40) size 769x14
          RenderText {#text} at (0,0) size 567x14
            text run at (0,0) width 567: "error on line 6 at column 62: Namespace prefix xlink for href on a is not defined"
            text run at (567,0) width 0: " "
        RenderBlock {h3} at (0,72) size 769x22
          RenderText {#text} at (0,0) size 429x22
            text run at (0,0) width 429: "Below is a rendering of the page up to the first error."
      RenderBlock (anonymous) at (0,112) size 769x604
        RenderInline {parsererror} at (0,0) size 0x0 [bgcolor=#FFDDDD] [border: (2px solid #CC7777)]
        RenderSVGRoot {svg} at (8,130) size 193x124
          RenderSVGText {text} at (0,120) size 193x18 contains 1 chunk(s)
            RenderSVGInlineText {#text} at (0,-14) size 193x18
              chunk 1 text run 1 at (0.00,120.00) startOffset 0 endOffset 29 width 193.00: "You should see an error above"
          RenderPath {rect} at (8,130) size 100x100 [fill={[type=SOLID] [color=#000000]}] [data="M0.00,0.00L100.00,0.00L100.00,100.00L0.00,100.00"]
          RenderSVGContainer {a} at (8,130) size 100x100
            RenderPath {rect} at (8,130) size 100x100 [fill={[type=SOLID] [color=#000000]}] [data="M0.00,0.00L100.00,0.00L100.00,100.00L0.00,100.00"]
