layer at (0,0) size 800x600
  RenderView at (0,0) size 800x600
layer at (0,0) size 800x273
  RenderBlock {html} at (0,0) size 800x273
    RenderBody {body} at (8,21) size 784x236
      RenderBlock {h1} at (0,0) size 784x37
        RenderText {#text} at (0,0) size 115x37
          text run at (0,0) width 115: "Test for "
        RenderInline {a} at (0,0) size 143x37 [color=#0000EE]
          RenderText {#text} at (115,0) size 143x37
            text run at (115,0) width 143: "Bug 42352"
      RenderBlock {p} at (0,58) size 784x18
        RenderText {#text} at (0,0) size 506x18
          text run at (0,0) width 506: "Following text should be rendered as usual. Only \"A\" has a glyph in SVG Font."
      RenderBlock {p} at (0,92) size 784x16
        RenderText {#text} at (0,0) size 37x15
          text run at (0,0) width 37: "XXA"
      RenderBlock {p} at (0,124) size 784x16
        RenderText {#text} at (0,0) size 37x15
          text run at (0,0) width 37: "XAX"
      RenderBlock {p} at (0,156) size 784x16
        RenderText {#text} at (0,0) size 37x15
          text run at (0,0) width 37: "AXX"
      RenderBlock {p} at (0,188) size 784x16
        RenderText {#text} at (0,0) size 36x15
          text run at (0,0) width 36: "XXX"
      RenderBlock {p} at (0,220) size 784x16
        RenderText {#text} at (0,0) size 38x15
          text run at (0,0) width 38: "AAA"
