layer at (0,0) size 800x600
  RenderView at (0,0) size 800x600
    RenderSVGContainer {svg} at (40,12) size 86x36
      RenderSVGText {text} at (20,20) size 800x18
        RenderSVGInlineText {#text} at (0,-14) size 43x18
          text run at (0,-14) width 43: "Passed"
