layer at (0,0) size 800x600
  RenderView at (0,0) size 800x600
    RenderSVGContainer {svg} at (33.33,10) size 83.33x30
      RenderSVGHiddenContainer {defs} at (0,0) size 0x0
        RenderSVGText {text} at (0,0) size 800x18
          RenderSVGInlineText {#text} at (0,-14) size 44x18
            text run at (0,-14) width 44: "Failure"
        RenderSVGText {text} at (0,0) size 800x18
          RenderSVGInlineText {#text} at (0,-14) size 50x18
            text run at (0,-14) width 50: "Success"
      RenderSVGText {text} at (20,20) size 800x18
        RenderSVGInline {tref} at (0,0) size 50x18
          RenderSVGInlineText {#text} at (0,-14) size 50x18
            text run at (0,-14) width 50: "Success"
        RenderSVGInlineText {#text} at (0,0) size 0x0
