CONSOLE MESSAGE: line 20: Warning: Problem parsing viewBox="0"
CONSOLE MESSAGE: line 23: Warning: Problem parsing viewBox="0 0"
CONSOLE MESSAGE: line 26: Warning: Problem parsing viewBox="0 0 30"
CONSOLE MESSAGE: line 29: Warning: Problem parsing viewBox="0 0 30 40 50"
CONSOLE MESSAGE: line 32: Warning: Problem parsing viewBox="0 0 30 40,"
CONSOLE MESSAGE: line 35: Warning: Problem parsing viewBox=",0 0 30 40"
CONSOLE MESSAGE: line 38: Error: A negative value for ViewBox width is not allowed
CONSOLE MESSAGE: line 41: Error: A negative value for ViewBox height is not allowed
CONSOLE MESSAGE: line 44: Warning: Problem parsing viewBox="0 0 30, , 40"
CONSOLE MESSAGE: line 47: Warning: Problem parsing viewBox="0 0 30% 40"
layer at (0,0) size 800x600
  RenderView at (0,0) size 800x600
    RenderSVGContainer {svg} at (0,36.67) size 800x363.33
      RenderSVGContainer {g} at (0,36.67) size 800x363.33
        RenderSVGContainer {g} at (0,36.67) size 800x363.33
          RenderSVGText {text} at (0,30) size 800x10
            RenderSVGInlineText {#text} at (0,-8) size 420x10
              text run at (0,-8) width 420: "All svgs below should look the same, since all have viewBox with syntax errors and default should be chosen."
          RenderSVGContainer {g} at (0,83.33) size 50x66.67 [transform={m=((1.00,0.00)(0.00,1.00)) t=(0.00,50.00)}]
            RenderSVGContainer {svg} at (0,83.33) size 50x66.67
              RenderPath {rect} at (0,83.33) size 50x66.67 [stroke={[type=SOLID] [color=#FF0000]}] [fill={[type=SOLID] [color=#000000]}] [data="M0.50,0.50L29.50,0.50L29.50,39.50L0.50,39.50"]
              RenderSVGContainer {g} at (8.33,100) size 33.33x33.33 [transform={m=((1.00,0.00)(0.00,1.00)) t=(0.00,5.00)}]
                RenderPath {circle} at (8.33,100) size 33.33x33.33 [fill={[type=SOLID] [color=#FFFF00]}] [data="M25.00,15.00L24.98,15.63L24.92,16.25L24.82,16.87L24.69,17.49L24.51,18.09L24.30,18.68L24.05,19.26L23.76,19.82L23.44,20.36L23.09,20.88L22.71,21.37L22.29,21.85L21.85,22.29L21.37,22.71L20.88,23.09L20.36,23.44L19.82,23.76L19.26,24.05L18.68,24.30L18.09,24.51L17.49,24.69L16.87,24.82L16.25,24.92L15.63,24.98L15.00,25.00L14.37,24.98L13.75,24.92L13.13,24.82L12.51,24.69L11.91,24.51L11.32,24.30L10.74,24.05L10.18,23.76L9.64,23.44L9.12,23.09L8.63,22.71L8.15,22.29L7.71,21.85L7.29,21.37L6.91,20.88L6.56,20.36L6.24,19.82L5.95,19.26L5.70,18.68L5.49,18.09L5.31,17.49L5.18,16.87L5.08,16.25L5.02,15.63L5.00,15.00L5.02,14.37L5.08,13.75L5.18,13.13L5.31,12.51L5.49,11.91L5.70,11.32L5.95,10.74L6.24,10.18L6.56,9.64L6.91,9.12L7.29,8.63L7.71,8.15L8.15,7.71L8.63,7.29L9.12,6.91L9.64,6.56L10.18,6.24L10.74,5.95L11.32,5.70L11.91,5.49L12.51,5.31L13.13,5.18L13.75,5.08L14.37,5.02L15.00,5.00L15.63,5.02L16.25,5.08L16.87,5.18L17.49,5.31L18.09,5.49L18.68,5.70L19.26,5.95L19.82,6.24L20.36,6.56L20.88,6.91L21.37,7.29L21.85,7.71L22.29,8.15L22.71,8.63L23.09,9.12L23.44,9.64L23.76,10.18L24.05,10.74L24.30,11.32L24.51,11.91L24.69,12.51L24.82,13.13L24.92,13.75L24.98,14.37"]
                RenderPath {circle} at (17.50,109.17) size 5x5 [fill={[type=SOLID] [color=#000000]}] [data="M13.50,12.00L13.50,12.09L13.49,12.19L13.47,12.28L13.45,12.37L13.43,12.46L13.39,12.55L13.36,12.64L13.31,12.72L13.27,12.80L13.21,12.88L13.16,12.96L13.09,13.03L13.03,13.09L12.96,13.16L12.88,13.21L12.80,13.27L12.72,13.31L12.64,13.36L12.55,13.39L12.46,13.43L12.37,13.45L12.28,13.47L12.19,13.49L12.09,13.50L12.00,13.50L11.91,13.50L11.81,13.49L11.72,13.47L11.63,13.45L11.54,13.43L11.45,13.39L11.36,13.36L11.28,13.31L11.20,13.27L11.12,13.21L11.04,13.16L10.97,13.09L10.91,13.03L10.84,12.96L10.79,12.88L10.73,12.80L10.69,12.72L10.64,12.64L10.61,12.55L10.57,12.46L10.55,12.37L10.53,12.28L10.51,12.19L10.50,12.09L10.50,12.00L10.50,11.91L10.51,11.81L10.53,11.72L10.55,11.63L10.57,11.54L10.61,11.45L10.64,11.36L10.69,11.28L10.73,11.20L10.79,11.12L10.84,11.04L10.91,10.97L10.97,10.91L11.04,10.84L11.12,10.79L11.20,10.73L11.28,10.69L11.36,10.64L11.45,10.61L11.54,10.57L11.63,10.55L11.72,10.53L11.81,10.51L11.91,10.50L12.00,10.50L12.09,10.50L12.19,10.51L12.28,10.53L12.37,10.55L12.46,10.57L12.55,10.61L12.64,10.64L12.72,10.69L12.80,10.73L12.88,10.79L12.96,10.84L13.03,10.91L13.09,10.97L13.16,11.04L13.21,11.12L13.27,11.20L13.31,11.28L13.36,11.36L13.39,11.45L13.43,11.54L13.45,11.63L13.47,11.72L13.49,11.81L13.50,11.91"]
                RenderPath {circle} at (25.83,109.17) size 5x5 [fill={[type=SOLID] [color=#000000]}] [data="M18.50,12.00L18.50,12.09L18.49,12.19L18.47,12.28L18.45,12.37L18.43,12.46L18.39,12.55L18.36,12.64L18.31,12.72L18.27,12.80L18.21,12.88L18.16,12.96L18.09,13.03L18.03,13.09L17.96,13.16L17.88,13.21L17.80,13.27L17.72,13.31L17.64,13.36L17.55,13.39L17.46,13.43L17.37,13.45L17.28,13.47L17.19,13.49L17.09,13.50L17.00,13.50L16.91,13.50L16.81,13.49L16.72,13.47L16.63,13.45L16.54,13.43L16.45,13.39L16.36,13.36L16.28,13.31L16.20,13.27L16.12,13.21L16.04,13.16L15.97,13.09L15.91,13.03L15.84,12.96L15.79,12.88L15.73,12.80L15.69,12.72L15.64,12.64L15.61,12.55L15.57,12.46L15.55,12.37L15.53,12.28L15.51,12.19L15.50,12.09L15.50,12.00L15.50,11.91L15.51,11.81L15.53,11.72L15.55,11.63L15.57,11.54L15.61,11.45L15.64,11.36L15.69,11.28L15.73,11.20L15.79,11.12L15.84,11.04L15.91,10.97L15.97,10.91L16.04,10.84L16.12,10.79L16.20,10.73L16.28,10.69L16.36,10.64L16.45,10.61L16.54,10.57L16.63,10.55L16.72,10.53L16.81,10.51L16.91,10.50L17.00,10.50L17.09,10.50L17.19,10.51L17.28,10.53L17.37,10.55L17.46,10.57L17.55,10.61L17.64,10.64L17.72,10.69L17.80,10.73L17.88,10.79L17.96,10.84L18.03,10.91L18.09,10.97L18.16,11.04L18.21,11.12L18.27,11.20L18.31,11.28L18.36,11.36L18.39,11.45L18.43,11.54L18.45,11.63L18.47,11.72L18.49,11.81L18.50,11.91"]
                RenderPath {path} at (15.63,122.03) size 18.75x10.10 [stroke={[type=SOLID] [color=#000000] [stroke width=2.00]}] [fill={[type=SOLID] [color=#000000]}] [data="M10.00,19.00L15.00,23.00L20.00,19.00"]
          RenderSVGContainer {g} at (83.33,83.33) size 50x66.67 [transform={m=((1.00,0.00)(0.00,1.00)) t=(50.00,50.00)}]
            RenderSVGContainer {svg} at (83.33,83.33) size 50x66.67
              RenderPath {rect} at (83.33,83.33) size 50x66.67 [stroke={[type=SOLID] [color=#FF0000]}] [fill={[type=SOLID] [color=#000000]}] [data="M0.50,0.50L29.50,0.50L29.50,39.50L0.50,39.50"]
              RenderSVGContainer {g} at (91.67,100) size 33.33x33.33 [transform={m=((1.00,0.00)(0.00,1.00)) t=(0.00,5.00)}]
                RenderPath {circle} at (91.67,100) size 33.33x33.33 [fill={[type=SOLID] [color=#FFFF00]}] [data="M25.00,15.00L24.98,15.63L24.92,16.25L24.82,16.87L24.69,17.49L24.51,18.09L24.30,18.68L24.05,19.26L23.76,19.82L23.44,20.36L23.09,20.88L22.71,21.37L22.29,21.85L21.85,22.29L21.37,22.71L20.88,23.09L20.36,23.44L19.82,23.76L19.26,24.05L18.68,24.30L18.09,24.51L17.49,24.69L16.87,24.82L16.25,24.92L15.63,24.98L15.00,25.00L14.37,24.98L13.75,24.92L13.13,24.82L12.51,24.69L11.91,24.51L11.32,24.30L10.74,24.05L10.18,23.76L9.64,23.44L9.12,23.09L8.63,22.71L8.15,22.29L7.71,21.85L7.29,21.37L6.91,20.88L6.56,20.36L6.24,19.82L5.95,19.26L5.70,18.68L5.49,18.09L5.31,17.49L5.18,16.87L5.08,16.25L5.02,15.63L5.00,15.00L5.02,14.37L5.08,13.75L5.18,13.13L5.31,12.51L5.49,11.91L5.70,11.32L5.95,10.74L6.24,10.18L6.56,9.64L6.91,9.12L7.29,8.63L7.71,8.15L8.15,7.71L8.63,7.29L9.12,6.91L9.64,6.56L10.18,6.24L10.74,5.95L11.32,5.70L11.91,5.49L12.51,5.31L13.13,5.18L13.75,5.08L14.37,5.02L15.00,5.00L15.63,5.02L16.25,5.08L16.87,5.18L17.49,5.31L18.09,5.49L18.68,5.70L19.26,5.95L19.82,6.24L20.36,6.56L20.88,6.91L21.37,7.29L21.85,7.71L22.29,8.15L22.71,8.63L23.09,9.12L23.44,9.64L23.76,10.18L24.05,10.74L24.30,11.32L24.51,11.91L24.69,12.51L24.82,13.13L24.92,13.75L24.98,14.37"]
                RenderPath {circle} at (100.83,109.17) size 5x5 [fill={[type=SOLID] [color=#000000]}] [data="M13.50,12.00L13.50,12.09L13.49,12.19L13.47,12.28L13.45,12.37L13.43,12.46L13.39,12.55L13.36,12.64L13.31,12.72L13.27,12.80L13.21,12.88L13.16,12.96L13.09,13.03L13.03,13.09L12.96,13.16L12.88,13.21L12.80,13.27L12.72,13.31L12.64,13.36L12.55,13.39L12.46,13.43L12.37,13.45L12.28,13.47L12.19,13.49L12.09,13.50L12.00,13.50L11.91,13.50L11.81,13.49L11.72,13.47L11.63,13.45L11.54,13.43L11.45,13.39L11.36,13.36L11.28,13.31L11.20,13.27L11.12,13.21L11.04,13.16L10.97,13.09L10.91,13.03L10.84,12.96L10.79,12.88L10.73,12.80L10.69,12.72L10.64,12.64L10.61,12.55L10.57,12.46L10.55,12.37L10.53,12.28L10.51,12.19L10.50,12.09L10.50,12.00L10.50,11.91L10.51,11.81L10.53,11.72L10.55,11.63L10.57,11.54L10.61,11.45L10.64,11.36L10.69,11.28L10.73,11.20L10.79,11.12L10.84,11.04L10.91,10.97L10.97,10.91L11.04,10.84L11.12,10.79L11.20,10.73L11.28,10.69L11.36,10.64L11.45,10.61L11.54,10.57L11.63,10.55L11.72,10.53L11.81,10.51L11.91,10.50L12.00,10.50L12.09,10.50L12.19,10.51L12.28,10.53L12.37,10.55L12.46,10.57L12.55,10.61L12.64,10.64L12.72,10.69L12.80,10.73L12.88,10.79L12.96,10.84L13.03,10.91L13.09,10.97L13.16,11.04L13.21,11.12L13.27,11.20L13.31,11.28L13.36,11.36L13.39,11.45L13.43,11.54L13.45,11.63L13.47,11.72L13.49,11.81L13.50,11.91"]
                RenderPath {circle} at (109.17,109.17) size 5x5 [fill={[type=SOLID] [color=#000000]}] [data="M18.50,12.00L18.50,12.09L18.49,12.19L18.47,12.28L18.45,12.37L18.43,12.46L18.39,12.55L18.36,12.64L18.31,12.72L18.27,12.80L18.21,12.88L18.16,12.96L18.09,13.03L18.03,13.09L17.96,13.16L17.88,13.21L17.80,13.27L17.72,13.31L17.64,13.36L17.55,13.39L17.46,13.43L17.37,13.45L17.28,13.47L17.19,13.49L17.09,13.50L17.00,13.50L16.91,13.50L16.81,13.49L16.72,13.47L16.63,13.45L16.54,13.43L16.45,13.39L16.36,13.36L16.28,13.31L16.20,13.27L16.12,13.21L16.04,13.16L15.97,13.09L15.91,13.03L15.84,12.96L15.79,12.88L15.73,12.80L15.69,12.72L15.64,12.64L15.61,12.55L15.57,12.46L15.55,12.37L15.53,12.28L15.51,12.19L15.50,12.09L15.50,12.00L15.50,11.91L15.51,11.81L15.53,11.72L15.55,11.63L15.57,11.54L15.61,11.45L15.64,11.36L15.69,11.28L15.73,11.20L15.79,11.12L15.84,11.04L15.91,10.97L15.97,10.91L16.04,10.84L16.12,10.79L16.20,10.73L16.28,10.69L16.36,10.64L16.45,10.61L16.54,10.57L16.63,10.55L16.72,10.53L16.81,10.51L16.91,10.50L17.00,10.50L17.09,10.50L17.19,10.51L17.28,10.53L17.37,10.55L17.46,10.57L17.55,10.61L17.64,10.64L17.72,10.69L17.80,10.73L17.88,10.79L17.96,10.84L18.03,10.91L18.09,10.97L18.16,11.04L18.21,11.12L18.27,11.20L18.31,11.28L18.36,11.36L18.39,11.45L18.43,11.54L18.45,11.63L18.47,11.72L18.49,11.81L18.50,11.91"]
                RenderPath {path} at (98.96,122.03) size 18.75x10.10 [stroke={[type=SOLID] [color=#000000] [stroke width=2.00]}] [fill={[type=SOLID] [color=#000000]}] [data="M10.00,19.00L15.00,23.00L20.00,19.00"]
          RenderSVGContainer {g} at (166.67,83.33) size 50x66.67 [transform={m=((1.00,0.00)(0.00,1.00)) t=(100.00,50.00)}]
            RenderSVGContainer {svg} at (166.67,83.33) size 50x66.67
              RenderPath {rect} at (166.67,83.33) size 50x66.67 [stroke={[type=SOLID] [color=#FF0000]}] [fill={[type=SOLID] [color=#000000]}] [data="M0.50,0.50L29.50,0.50L29.50,39.50L0.50,39.50"]
              RenderSVGContainer {g} at (175.00,100) size 33.33x33.33 [transform={m=((1.00,0.00)(0.00,1.00)) t=(0.00,5.00)}]
                RenderPath {circle} at (175.00,100) size 33.33x33.33 [fill={[type=SOLID] [color=#FFFF00]}] [data="M25.00,15.00L24.98,15.63L24.92,16.25L24.82,16.87L24.69,17.49L24.51,18.09L24.30,18.68L24.05,19.26L23.76,19.82L23.44,20.36L23.09,20.88L22.71,21.37L22.29,21.85L21.85,22.29L21.37,22.71L20.88,23.09L20.36,23.44L19.82,23.76L19.26,24.05L18.68,24.30L18.09,24.51L17.49,24.69L16.87,24.82L16.25,24.92L15.63,24.98L15.00,25.00L14.37,24.98L13.75,24.92L13.13,24.82L12.51,24.69L11.91,24.51L11.32,24.30L10.74,24.05L10.18,23.76L9.64,23.44L9.12,23.09L8.63,22.71L8.15,22.29L7.71,21.85L7.29,21.37L6.91,20.88L6.56,20.36L6.24,19.82L5.95,19.26L5.70,18.68L5.49,18.09L5.31,17.49L5.18,16.87L5.08,16.25L5.02,15.63L5.00,15.00L5.02,14.37L5.08,13.75L5.18,13.13L5.31,12.51L5.49,11.91L5.70,11.32L5.95,10.74L6.24,10.18L6.56,9.64L6.91,9.12L7.29,8.63L7.71,8.15L8.15,7.71L8.63,7.29L9.12,6.91L9.64,6.56L10.18,6.24L10.74,5.95L11.32,5.70L11.91,5.49L12.51,5.31L13.13,5.18L13.75,5.08L14.37,5.02L15.00,5.00L15.63,5.02L16.25,5.08L16.87,5.18L17.49,5.31L18.09,5.49L18.68,5.70L19.26,5.95L19.82,6.24L20.36,6.56L20.88,6.91L21.37,7.29L21.85,7.71L22.29,8.15L22.71,8.63L23.09,9.12L23.44,9.64L23.76,10.18L24.05,10.74L24.30,11.32L24.51,11.91L24.69,12.51L24.82,13.13L24.92,13.75L24.98,14.37"]
                RenderPath {circle} at (184.17,109.17) size 5x5 [fill={[type=SOLID] [color=#000000]}] [data="M13.50,12.00L13.50,12.09L13.49,12.19L13.47,12.28L13.45,12.37L13.43,12.46L13.39,12.55L13.36,12.64L13.31,12.72L13.27,12.80L13.21,12.88L13.16,12.96L13.09,13.03L13.03,13.09L12.96,13.16L12.88,13.21L12.80,13.27L12.72,13.31L12.64,13.36L12.55,13.39L12.46,13.43L12.37,13.45L12.28,13.47L12.19,13.49L12.09,13.50L12.00,13.50L11.91,13.50L11.81,13.49L11.72,13.47L11.63,13.45L11.54,13.43L11.45,13.39L11.36,13.36L11.28,13.31L11.20,13.27L11.12,13.21L11.04,13.16L10.97,13.09L10.91,13.03L10.84,12.96L10.79,12.88L10.73,12.80L10.69,12.72L10.64,12.64L10.61,12.55L10.57,12.46L10.55,12.37L10.53,12.28L10.51,12.19L10.50,12.09L10.50,12.00L10.50,11.91L10.51,11.81L10.53,11.72L10.55,11.63L10.57,11.54L10.61,11.45L10.64,11.36L10.69,11.28L10.73,11.20L10.79,11.12L10.84,11.04L10.91,10.97L10.97,10.91L11.04,10.84L11.12,10.79L11.20,10.73L11.28,10.69L11.36,10.64L11.45,10.61L11.54,10.57L11.63,10.55L11.72,10.53L11.81,10.51L11.91,10.50L12.00,10.50L12.09,10.50L12.19,10.51L12.28,10.53L12.37,10.55L12.46,10.57L12.55,10.61L12.64,10.64L12.72,10.69L12.80,10.73L12.88,10.79L12.96,10.84L13.03,10.91L13.09,10.97L13.16,11.04L13.21,11.12L13.27,11.20L13.31,11.28L13.36,11.36L13.39,11.45L13.43,11.54L13.45,11.63L13.47,11.72L13.49,11.81L13.50,11.91"]
                RenderPath {circle} at (192.50,109.17) size 5x5 [fill={[type=SOLID] [color=#000000]}] [data="M18.50,12.00L18.50,12.09L18.49,12.19L18.47,12.28L18.45,12.37L18.43,12.46L18.39,12.55L18.36,12.64L18.31,12.72L18.27,12.80L18.21,12.88L18.16,12.96L18.09,13.03L18.03,13.09L17.96,13.16L17.88,13.21L17.80,13.27L17.72,13.31L17.64,13.36L17.55,13.39L17.46,13.43L17.37,13.45L17.28,13.47L17.19,13.49L17.09,13.50L17.00,13.50L16.91,13.50L16.81,13.49L16.72,13.47L16.63,13.45L16.54,13.43L16.45,13.39L16.36,13.36L16.28,13.31L16.20,13.27L16.12,13.21L16.04,13.16L15.97,13.09L15.91,13.03L15.84,12.96L15.79,12.88L15.73,12.80L15.69,12.72L15.64,12.64L15.61,12.55L15.57,12.46L15.55,12.37L15.53,12.28L15.51,12.19L15.50,12.09L15.50,12.00L15.50,11.91L15.51,11.81L15.53,11.72L15.55,11.63L15.57,11.54L15.61,11.45L15.64,11.36L15.69,11.28L15.73,11.20L15.79,11.12L15.84,11.04L15.91,10.97L15.97,10.91L16.04,10.84L16.12,10.79L16.20,10.73L16.28,10.69L16.36,10.64L16.45,10.61L16.54,10.57L16.63,10.55L16.72,10.53L16.81,10.51L16.91,10.50L17.00,10.50L17.09,10.50L17.19,10.51L17.28,10.53L17.37,10.55L17.46,10.57L17.55,10.61L17.64,10.64L17.72,10.69L17.80,10.73L17.88,10.79L17.96,10.84L18.03,10.91L18.09,10.97L18.16,11.04L18.21,11.12L18.27,11.20L18.31,11.28L18.36,11.36L18.39,11.45L18.43,11.54L18.45,11.63L18.47,11.72L18.49,11.81L18.50,11.91"]
                RenderPath {path} at (182.29,122.03) size 18.75x10.10 [stroke={[type=SOLID] [color=#000000] [stroke width=2.00]}] [fill={[type=SOLID] [color=#000000]}] [data="M10.00,19.00L15.00,23.00L20.00,19.00"]
          RenderSVGContainer {g} at (250,83.33) size 50x66.67 [transform={m=((1.00,0.00)(0.00,1.00)) t=(150.00,50.00)}]
            RenderSVGContainer {svg} at (250,83.33) size 50x66.67
              RenderPath {rect} at (250,83.33) size 50x66.67 [stroke={[type=SOLID] [color=#FF0000]}] [fill={[type=SOLID] [color=#000000]}] [data="M0.50,0.50L29.50,0.50L29.50,39.50L0.50,39.50"]
              RenderSVGContainer {g} at (258.33,100) size 33.33x33.33 [transform={m=((1.00,0.00)(0.00,1.00)) t=(0.00,5.00)}]
                RenderPath {circle} at (258.33,100) size 33.33x33.33 [fill={[type=SOLID] [color=#FFFF00]}] [data="M25.00,15.00L24.98,15.63L24.92,16.25L24.82,16.87L24.69,17.49L24.51,18.09L24.30,18.68L24.05,19.26L23.76,19.82L23.44,20.36L23.09,20.88L22.71,21.37L22.29,21.85L21.85,22.29L21.37,22.71L20.88,23.09L20.36,23.44L19.82,23.76L19.26,24.05L18.68,24.30L18.09,24.51L17.49,24.69L16.87,24.82L16.25,24.92L15.63,24.98L15.00,25.00L14.37,24.98L13.75,24.92L13.13,24.82L12.51,24.69L11.91,24.51L11.32,24.30L10.74,24.05L10.18,23.76L9.64,23.44L9.12,23.09L8.63,22.71L8.15,22.29L7.71,21.85L7.29,21.37L6.91,20.88L6.56,20.36L6.24,19.82L5.95,19.26L5.70,18.68L5.49,18.09L5.31,17.49L5.18,16.87L5.08,16.25L5.02,15.63L5.00,15.00L5.02,14.37L5.08,13.75L5.18,13.13L5.31,12.51L5.49,11.91L5.70,11.32L5.95,10.74L6.24,10.18L6.56,9.64L6.91,9.12L7.29,8.63L7.71,8.15L8.15,7.71L8.63,7.29L9.12,6.91L9.64,6.56L10.18,6.24L10.74,5.95L11.32,5.70L11.91,5.49L12.51,5.31L13.13,5.18L13.75,5.08L14.37,5.02L15.00,5.00L15.63,5.02L16.25,5.08L16.87,5.18L17.49,5.31L18.09,5.49L18.68,5.70L19.26,5.95L19.82,6.24L20.36,6.56L20.88,6.91L21.37,7.29L21.85,7.71L22.29,8.15L22.71,8.63L23.09,9.12L23.44,9.64L23.76,10.18L24.05,10.74L24.30,11.32L24.51,11.91L24.69,12.51L24.82,13.13L24.92,13.75L24.98,14.37"]
                RenderPath {circle} at (267.50,109.17) size 5x5 [fill={[type=SOLID] [color=#000000]}] [data="M13.50,12.00L13.50,12.09L13.49,12.19L13.47,12.28L13.45,12.37L13.43,12.46L13.39,12.55L13.36,12.64L13.31,12.72L13.27,12.80L13.21,12.88L13.16,12.96L13.09,13.03L13.03,13.09L12.96,13.16L12.88,13.21L12.80,13.27L12.72,13.31L12.64,13.36L12.55,13.39L12.46,13.43L12.37,13.45L12.28,13.47L12.19,13.49L12.09,13.50L12.00,13.50L11.91,13.50L11.81,13.49L11.72,13.47L11.63,13.45L11.54,13.43L11.45,13.39L11.36,13.36L11.28,13.31L11.20,13.27L11.12,13.21L11.04,13.16L10.97,13.09L10.91,13.03L10.84,12.96L10.79,12.88L10.73,12.80L10.69,12.72L10.64,12.64L10.61,12.55L10.57,12.46L10.55,12.37L10.53,12.28L10.51,12.19L10.50,12.09L10.50,12.00L10.50,11.91L10.51,11.81L10.53,11.72L10.55,11.63L10.57,11.54L10.61,11.45L10.64,11.36L10.69,11.28L10.73,11.20L10.79,11.12L10.84,11.04L10.91,10.97L10.97,10.91L11.04,10.84L11.12,10.79L11.20,10.73L11.28,10.69L11.36,10.64L11.45,10.61L11.54,10.57L11.63,10.55L11.72,10.53L11.81,10.51L11.91,10.50L12.00,10.50L12.09,10.50L12.19,10.51L12.28,10.53L12.37,10.55L12.46,10.57L12.55,10.61L12.64,10.64L12.72,10.69L12.80,10.73L12.88,10.79L12.96,10.84L13.03,10.91L13.09,10.97L13.16,11.04L13.21,11.12L13.27,11.20L13.31,11.28L13.36,11.36L13.39,11.45L13.43,11.54L13.45,11.63L13.47,11.72L13.49,11.81L13.50,11.91"]
                RenderPath {circle} at (275.83,109.17) size 5x5 [fill={[type=SOLID] [color=#000000]}] [data="M18.50,12.00L18.50,12.09L18.49,12.19L18.47,12.28L18.45,12.37L18.43,12.46L18.39,12.55L18.36,12.64L18.31,12.72L18.27,12.80L18.21,12.88L18.16,12.96L18.09,13.03L18.03,13.09L17.96,13.16L17.88,13.21L17.80,13.27L17.72,13.31L17.64,13.36L17.55,13.39L17.46,13.43L17.37,13.45L17.28,13.47L17.19,13.49L17.09,13.50L17.00,13.50L16.91,13.50L16.81,13.49L16.72,13.47L16.63,13.45L16.54,13.43L16.45,13.39L16.36,13.36L16.28,13.31L16.20,13.27L16.12,13.21L16.04,13.16L15.97,13.09L15.91,13.03L15.84,12.96L15.79,12.88L15.73,12.80L15.69,12.72L15.64,12.64L15.61,12.55L15.57,12.46L15.55,12.37L15.53,12.28L15.51,12.19L15.50,12.09L15.50,12.00L15.50,11.91L15.51,11.81L15.53,11.72L15.55,11.63L15.57,11.54L15.61,11.45L15.64,11.36L15.69,11.28L15.73,11.20L15.79,11.12L15.84,11.04L15.91,10.97L15.97,10.91L16.04,10.84L16.12,10.79L16.20,10.73L16.28,10.69L16.36,10.64L16.45,10.61L16.54,10.57L16.63,10.55L16.72,10.53L16.81,10.51L16.91,10.50L17.00,10.50L17.09,10.50L17.19,10.51L17.28,10.53L17.37,10.55L17.46,10.57L17.55,10.61L17.64,10.64L17.72,10.69L17.80,10.73L17.88,10.79L17.96,10.84L18.03,10.91L18.09,10.97L18.16,11.04L18.21,11.12L18.27,11.20L18.31,11.28L18.36,11.36L18.39,11.45L18.43,11.54L18.45,11.63L18.47,11.72L18.49,11.81L18.50,11.91"]
                RenderPath {path} at (265.63,122.03) size 18.75x10.10 [stroke={[type=SOLID] [color=#000000] [stroke width=2.00]}] [fill={[type=SOLID] [color=#000000]}] [data="M10.00,19.00L15.00,23.00L20.00,19.00"]
          RenderSVGContainer {g} at (333.33,83.33) size 50x66.67 [transform={m=((1.00,0.00)(0.00,1.00)) t=(200.00,50.00)}]
            RenderSVGContainer {svg} at (333.33,83.33) size 50x66.67
              RenderPath {rect} at (333.33,83.33) size 50x66.67 [stroke={[type=SOLID] [color=#FF0000]}] [fill={[type=SOLID] [color=#000000]}] [data="M0.50,0.50L29.50,0.50L29.50,39.50L0.50,39.50"]
              RenderSVGContainer {g} at (341.67,100) size 33.33x33.33 [transform={m=((1.00,0.00)(0.00,1.00)) t=(0.00,5.00)}]
                RenderPath {circle} at (341.67,100) size 33.33x33.33 [fill={[type=SOLID] [color=#FFFF00]}] [data="M25.00,15.00L24.98,15.63L24.92,16.25L24.82,16.87L24.69,17.49L24.51,18.09L24.30,18.68L24.05,19.26L23.76,19.82L23.44,20.36L23.09,20.88L22.71,21.37L22.29,21.85L21.85,22.29L21.37,22.71L20.88,23.09L20.36,23.44L19.82,23.76L19.26,24.05L18.68,24.30L18.09,24.51L17.49,24.69L16.87,24.82L16.25,24.92L15.63,24.98L15.00,25.00L14.37,24.98L13.75,24.92L13.13,24.82L12.51,24.69L11.91,24.51L11.32,24.30L10.74,24.05L10.18,23.76L9.64,23.44L9.12,23.09L8.63,22.71L8.15,22.29L7.71,21.85L7.29,21.37L6.91,20.88L6.56,20.36L6.24,19.82L5.95,19.26L5.70,18.68L5.49,18.09L5.31,17.49L5.18,16.87L5.08,16.25L5.02,15.63L5.00,15.00L5.02,14.37L5.08,13.75L5.18,13.13L5.31,12.51L5.49,11.91L5.70,11.32L5.95,10.74L6.24,10.18L6.56,9.64L6.91,9.12L7.29,8.63L7.71,8.15L8.15,7.71L8.63,7.29L9.12,6.91L9.64,6.56L10.18,6.24L10.74,5.95L11.32,5.70L11.91,5.49L12.51,5.31L13.13,5.18L13.75,5.08L14.37,5.02L15.00,5.00L15.63,5.02L16.25,5.08L16.87,5.18L17.49,5.31L18.09,5.49L18.68,5.70L19.26,5.95L19.82,6.24L20.36,6.56L20.88,6.91L21.37,7.29L21.85,7.71L22.29,8.15L22.71,8.63L23.09,9.12L23.44,9.64L23.76,10.18L24.05,10.74L24.30,11.32L24.51,11.91L24.69,12.51L24.82,13.13L24.92,13.75L24.98,14.37"]
                RenderPath {circle} at (350.83,109.17) size 5x5 [fill={[type=SOLID] [color=#000000]}] [data="M13.50,12.00L13.50,12.09L13.49,12.19L13.47,12.28L13.45,12.37L13.43,12.46L13.39,12.55L13.36,12.64L13.31,12.72L13.27,12.80L13.21,12.88L13.16,12.96L13.09,13.03L13.03,13.09L12.96,13.16L12.88,13.21L12.80,13.27L12.72,13.31L12.64,13.36L12.55,13.39L12.46,13.43L12.37,13.45L12.28,13.47L12.19,13.49L12.09,13.50L12.00,13.50L11.91,13.50L11.81,13.49L11.72,13.47L11.63,13.45L11.54,13.43L11.45,13.39L11.36,13.36L11.28,13.31L11.20,13.27L11.12,13.21L11.04,13.16L10.97,13.09L10.91,13.03L10.84,12.96L10.79,12.88L10.73,12.80L10.69,12.72L10.64,12.64L10.61,12.55L10.57,12.46L10.55,12.37L10.53,12.28L10.51,12.19L10.50,12.09L10.50,12.00L10.50,11.91L10.51,11.81L10.53,11.72L10.55,11.63L10.57,11.54L10.61,11.45L10.64,11.36L10.69,11.28L10.73,11.20L10.79,11.12L10.84,11.04L10.91,10.97L10.97,10.91L11.04,10.84L11.12,10.79L11.20,10.73L11.28,10.69L11.36,10.64L11.45,10.61L11.54,10.57L11.63,10.55L11.72,10.53L11.81,10.51L11.91,10.50L12.00,10.50L12.09,10.50L12.19,10.51L12.28,10.53L12.37,10.55L12.46,10.57L12.55,10.61L12.64,10.64L12.72,10.69L12.80,10.73L12.88,10.79L12.96,10.84L13.03,10.91L13.09,10.97L13.16,11.04L13.21,11.12L13.27,11.20L13.31,11.28L13.36,11.36L13.39,11.45L13.43,11.54L13.45,11.63L13.47,11.72L13.49,11.81L13.50,11.91"]
                RenderPath {circle} at (359.17,109.17) size 5x5 [fill={[type=SOLID] [color=#000000]}] [data="M18.50,12.00L18.50,12.09L18.49,12.19L18.47,12.28L18.45,12.37L18.43,12.46L18.39,12.55L18.36,12.64L18.31,12.72L18.27,12.80L18.21,12.88L18.16,12.96L18.09,13.03L18.03,13.09L17.96,13.16L17.88,13.21L17.80,13.27L17.72,13.31L17.64,13.36L17.55,13.39L17.46,13.43L17.37,13.45L17.28,13.47L17.19,13.49L17.09,13.50L17.00,13.50L16.91,13.50L16.81,13.49L16.72,13.47L16.63,13.45L16.54,13.43L16.45,13.39L16.36,13.36L16.28,13.31L16.20,13.27L16.12,13.21L16.04,13.16L15.97,13.09L15.91,13.03L15.84,12.96L15.79,12.88L15.73,12.80L15.69,12.72L15.64,12.64L15.61,12.55L15.57,12.46L15.55,12.37L15.53,12.28L15.51,12.19L15.50,12.09L15.50,12.00L15.50,11.91L15.51,11.81L15.53,11.72L15.55,11.63L15.57,11.54L15.61,11.45L15.64,11.36L15.69,11.28L15.73,11.20L15.79,11.12L15.84,11.04L15.91,10.97L15.97,10.91L16.04,10.84L16.12,10.79L16.20,10.73L16.28,10.69L16.36,10.64L16.45,10.61L16.54,10.57L16.63,10.55L16.72,10.53L16.81,10.51L16.91,10.50L17.00,10.50L17.09,10.50L17.19,10.51L17.28,10.53L17.37,10.55L17.46,10.57L17.55,10.61L17.64,10.64L17.72,10.69L17.80,10.73L17.88,10.79L17.96,10.84L18.03,10.91L18.09,10.97L18.16,11.04L18.21,11.12L18.27,11.20L18.31,11.28L18.36,11.36L18.39,11.45L18.43,11.54L18.45,11.63L18.47,11.72L18.49,11.81L18.50,11.91"]
                RenderPath {path} at (348.96,122.03) size 18.75x10.10 [stroke={[type=SOLID] [color=#000000] [stroke width=2.00]}] [fill={[type=SOLID] [color=#000000]}] [data="M10.00,19.00L15.00,23.00L20.00,19.00"]
          RenderSVGContainer {g} at (416.67,83.33) size 50x66.67 [transform={m=((1.00,0.00)(0.00,1.00)) t=(250.00,50.00)}]
            RenderSVGContainer {svg} at (416.67,83.33) size 50x66.67
              RenderPath {rect} at (416.67,83.33) size 50x66.67 [stroke={[type=SOLID] [color=#FF0000]}] [fill={[type=SOLID] [color=#000000]}] [data="M0.50,0.50L29.50,0.50L29.50,39.50L0.50,39.50"]
              RenderSVGContainer {g} at (425,100) size 33.33x33.33 [transform={m=((1.00,0.00)(0.00,1.00)) t=(0.00,5.00)}]
                RenderPath {circle} at (425,100) size 33.33x33.33 [fill={[type=SOLID] [color=#FFFF00]}] [data="M25.00,15.00L24.98,15.63L24.92,16.25L24.82,16.87L24.69,17.49L24.51,18.09L24.30,18.68L24.05,19.26L23.76,19.82L23.44,20.36L23.09,20.88L22.71,21.37L22.29,21.85L21.85,22.29L21.37,22.71L20.88,23.09L20.36,23.44L19.82,23.76L19.26,24.05L18.68,24.30L18.09,24.51L17.49,24.69L16.87,24.82L16.25,24.92L15.63,24.98L15.00,25.00L14.37,24.98L13.75,24.92L13.13,24.82L12.51,24.69L11.91,24.51L11.32,24.30L10.74,24.05L10.18,23.76L9.64,23.44L9.12,23.09L8.63,22.71L8.15,22.29L7.71,21.85L7.29,21.37L6.91,20.88L6.56,20.36L6.24,19.82L5.95,19.26L5.70,18.68L5.49,18.09L5.31,17.49L5.18,16.87L5.08,16.25L5.02,15.63L5.00,15.00L5.02,14.37L5.08,13.75L5.18,13.13L5.31,12.51L5.49,11.91L5.70,11.32L5.95,10.74L6.24,10.18L6.56,9.64L6.91,9.12L7.29,8.63L7.71,8.15L8.15,7.71L8.63,7.29L9.12,6.91L9.64,6.56L10.18,6.24L10.74,5.95L11.32,5.70L11.91,5.49L12.51,5.31L13.13,5.18L13.75,5.08L14.37,5.02L15.00,5.00L15.63,5.02L16.25,5.08L16.87,5.18L17.49,5.31L18.09,5.49L18.68,5.70L19.26,5.95L19.82,6.24L20.36,6.56L20.88,6.91L21.37,7.29L21.85,7.71L22.29,8.15L22.71,8.63L23.09,9.12L23.44,9.64L23.76,10.18L24.05,10.74L24.30,11.32L24.51,11.91L24.69,12.51L24.82,13.13L24.92,13.75L24.98,14.37"]
                RenderPath {circle} at (434.17,109.17) size 5x5 [fill={[type=SOLID] [color=#000000]}] [data="M13.50,12.00L13.50,12.09L13.49,12.19L13.47,12.28L13.45,12.37L13.43,12.46L13.39,12.55L13.36,12.64L13.31,12.72L13.27,12.80L13.21,12.88L13.16,12.96L13.09,13.03L13.03,13.09L12.96,13.16L12.88,13.21L12.80,13.27L12.72,13.31L12.64,13.36L12.55,13.39L12.46,13.43L12.37,13.45L12.28,13.47L12.19,13.49L12.09,13.50L12.00,13.50L11.91,13.50L11.81,13.49L11.72,13.47L11.63,13.45L11.54,13.43L11.45,13.39L11.36,13.36L11.28,13.31L11.20,13.27L11.12,13.21L11.04,13.16L10.97,13.09L10.91,13.03L10.84,12.96L10.79,12.88L10.73,12.80L10.69,12.72L10.64,12.64L10.61,12.55L10.57,12.46L10.55,12.37L10.53,12.28L10.51,12.19L10.50,12.09L10.50,12.00L10.50,11.91L10.51,11.81L10.53,11.72L10.55,11.63L10.57,11.54L10.61,11.45L10.64,11.36L10.69,11.28L10.73,11.20L10.79,11.12L10.84,11.04L10.91,10.97L10.97,10.91L11.04,10.84L11.12,10.79L11.20,10.73L11.28,10.69L11.36,10.64L11.45,10.61L11.54,10.57L11.63,10.55L11.72,10.53L11.81,10.51L11.91,10.50L12.00,10.50L12.09,10.50L12.19,10.51L12.28,10.53L12.37,10.55L12.46,10.57L12.55,10.61L12.64,10.64L12.72,10.69L12.80,10.73L12.88,10.79L12.96,10.84L13.03,10.91L13.09,10.97L13.16,11.04L13.21,11.12L13.27,11.20L13.31,11.28L13.36,11.36L13.39,11.45L13.43,11.54L13.45,11.63L13.47,11.72L13.49,11.81L13.50,11.91"]
                RenderPath {circle} at (442.50,109.17) size 5x5 [fill={[type=SOLID] [color=#000000]}] [data="M18.50,12.00L18.50,12.09L18.49,12.19L18.47,12.28L18.45,12.37L18.43,12.46L18.39,12.55L18.36,12.64L18.31,12.72L18.27,12.80L18.21,12.88L18.16,12.96L18.09,13.03L18.03,13.09L17.96,13.16L17.88,13.21L17.80,13.27L17.72,13.31L17.64,13.36L17.55,13.39L17.46,13.43L17.37,13.45L17.28,13.47L17.19,13.49L17.09,13.50L17.00,13.50L16.91,13.50L16.81,13.49L16.72,13.47L16.63,13.45L16.54,13.43L16.45,13.39L16.36,13.36L16.28,13.31L16.20,13.27L16.12,13.21L16.04,13.16L15.97,13.09L15.91,13.03L15.84,12.96L15.79,12.88L15.73,12.80L15.69,12.72L15.64,12.64L15.61,12.55L15.57,12.46L15.55,12.37L15.53,12.28L15.51,12.19L15.50,12.09L15.50,12.00L15.50,11.91L15.51,11.81L15.53,11.72L15.55,11.63L15.57,11.54L15.61,11.45L15.64,11.36L15.69,11.28L15.73,11.20L15.79,11.12L15.84,11.04L15.91,10.97L15.97,10.91L16.04,10.84L16.12,10.79L16.20,10.73L16.28,10.69L16.36,10.64L16.45,10.61L16.54,10.57L16.63,10.55L16.72,10.53L16.81,10.51L16.91,10.50L17.00,10.50L17.09,10.50L17.19,10.51L17.28,10.53L17.37,10.55L17.46,10.57L17.55,10.61L17.64,10.64L17.72,10.69L17.80,10.73L17.88,10.79L17.96,10.84L18.03,10.91L18.09,10.97L18.16,11.04L18.21,11.12L18.27,11.20L18.31,11.28L18.36,11.36L18.39,11.45L18.43,11.54L18.45,11.63L18.47,11.72L18.49,11.81L18.50,11.91"]
                RenderPath {path} at (432.29,122.03) size 18.75x10.10 [stroke={[type=SOLID] [color=#000000] [stroke width=2.00]}] [fill={[type=SOLID] [color=#000000]}] [data="M10.00,19.00L15.00,23.00L20.00,19.00"]
          RenderSVGContainer {g} at (500,83.33) size 50x66.67 [transform={m=((1.00,0.00)(0.00,1.00)) t=(300.00,50.00)}]
            RenderSVGContainer {svg} at (500,83.33) size 50x66.67
              RenderPath {rect} at (500,83.33) size 50x66.67 [stroke={[type=SOLID] [color=#FF0000]}] [fill={[type=SOLID] [color=#000000]}] [data="M0.50,0.50L29.50,0.50L29.50,39.50L0.50,39.50"]
              RenderSVGContainer {g} at (508.33,100) size 33.33x33.33 [transform={m=((1.00,0.00)(0.00,1.00)) t=(0.00,5.00)}]
                RenderPath {circle} at (508.33,100) size 33.33x33.33 [fill={[type=SOLID] [color=#FFFF00]}] [data="M25.00,15.00L24.98,15.63L24.92,16.25L24.82,16.87L24.69,17.49L24.51,18.09L24.30,18.68L24.05,19.26L23.76,19.82L23.44,20.36L23.09,20.88L22.71,21.37L22.29,21.85L21.85,22.29L21.37,22.71L20.88,23.09L20.36,23.44L19.82,23.76L19.26,24.05L18.68,24.30L18.09,24.51L17.49,24.69L16.87,24.82L16.25,24.92L15.63,24.98L15.00,25.00L14.37,24.98L13.75,24.92L13.13,24.82L12.51,24.69L11.91,24.51L11.32,24.30L10.74,24.05L10.18,23.76L9.64,23.44L9.12,23.09L8.63,22.71L8.15,22.29L7.71,21.85L7.29,21.37L6.91,20.88L6.56,20.36L6.24,19.82L5.95,19.26L5.70,18.68L5.49,18.09L5.31,17.49L5.18,16.87L5.08,16.25L5.02,15.63L5.00,15.00L5.02,14.37L5.08,13.75L5.18,13.13L5.31,12.51L5.49,11.91L5.70,11.32L5.95,10.74L6.24,10.18L6.56,9.64L6.91,9.12L7.29,8.63L7.71,8.15L8.15,7.71L8.63,7.29L9.12,6.91L9.64,6.56L10.18,6.24L10.74,5.95L11.32,5.70L11.91,5.49L12.51,5.31L13.13,5.18L13.75,5.08L14.37,5.02L15.00,5.00L15.63,5.02L16.25,5.08L16.87,5.18L17.49,5.31L18.09,5.49L18.68,5.70L19.26,5.95L19.82,6.24L20.36,6.56L20.88,6.91L21.37,7.29L21.85,7.71L22.29,8.15L22.71,8.63L23.09,9.12L23.44,9.64L23.76,10.18L24.05,10.74L24.30,11.32L24.51,11.91L24.69,12.51L24.82,13.13L24.92,13.75L24.98,14.37"]
                RenderPath {circle} at (517.50,109.17) size 5x5 [fill={[type=SOLID] [color=#000000]}] [data="M13.50,12.00L13.50,12.09L13.49,12.19L13.47,12.28L13.45,12.37L13.43,12.46L13.39,12.55L13.36,12.64L13.31,12.72L13.27,12.80L13.21,12.88L13.16,12.96L13.09,13.03L13.03,13.09L12.96,13.16L12.88,13.21L12.80,13.27L12.72,13.31L12.64,13.36L12.55,13.39L12.46,13.43L12.37,13.45L12.28,13.47L12.19,13.49L12.09,13.50L12.00,13.50L11.91,13.50L11.81,13.49L11.72,13.47L11.63,13.45L11.54,13.43L11.45,13.39L11.36,13.36L11.28,13.31L11.20,13.27L11.12,13.21L11.04,13.16L10.97,13.09L10.91,13.03L10.84,12.96L10.79,12.88L10.73,12.80L10.69,12.72L10.64,12.64L10.61,12.55L10.57,12.46L10.55,12.37L10.53,12.28L10.51,12.19L10.50,12.09L10.50,12.00L10.50,11.91L10.51,11.81L10.53,11.72L10.55,11.63L10.57,11.54L10.61,11.45L10.64,11.36L10.69,11.28L10.73,11.20L10.79,11.12L10.84,11.04L10.91,10.97L10.97,10.91L11.04,10.84L11.12,10.79L11.20,10.73L11.28,10.69L11.36,10.64L11.45,10.61L11.54,10.57L11.63,10.55L11.72,10.53L11.81,10.51L11.91,10.50L12.00,10.50L12.09,10.50L12.19,10.51L12.28,10.53L12.37,10.55L12.46,10.57L12.55,10.61L12.64,10.64L12.72,10.69L12.80,10.73L12.88,10.79L12.96,10.84L13.03,10.91L13.09,10.97L13.16,11.04L13.21,11.12L13.27,11.20L13.31,11.28L13.36,11.36L13.39,11.45L13.43,11.54L13.45,11.63L13.47,11.72L13.49,11.81L13.50,11.91"]
                RenderPath {circle} at (525.83,109.17) size 5x5 [fill={[type=SOLID] [color=#000000]}] [data="M18.50,12.00L18.50,12.09L18.49,12.19L18.47,12.28L18.45,12.37L18.43,12.46L18.39,12.55L18.36,12.64L18.31,12.72L18.27,12.80L18.21,12.88L18.16,12.96L18.09,13.03L18.03,13.09L17.96,13.16L17.88,13.21L17.80,13.27L17.72,13.31L17.64,13.36L17.55,13.39L17.46,13.43L17.37,13.45L17.28,13.47L17.19,13.49L17.09,13.50L17.00,13.50L16.91,13.50L16.81,13.49L16.72,13.47L16.63,13.45L16.54,13.43L16.45,13.39L16.36,13.36L16.28,13.31L16.20,13.27L16.12,13.21L16.04,13.16L15.97,13.09L15.91,13.03L15.84,12.96L15.79,12.88L15.73,12.80L15.69,12.72L15.64,12.64L15.61,12.55L15.57,12.46L15.55,12.37L15.53,12.28L15.51,12.19L15.50,12.09L15.50,12.00L15.50,11.91L15.51,11.81L15.53,11.72L15.55,11.63L15.57,11.54L15.61,11.45L15.64,11.36L15.69,11.28L15.73,11.20L15.79,11.12L15.84,11.04L15.91,10.97L15.97,10.91L16.04,10.84L16.12,10.79L16.20,10.73L16.28,10.69L16.36,10.64L16.45,10.61L16.54,10.57L16.63,10.55L16.72,10.53L16.81,10.51L16.91,10.50L17.00,10.50L17.09,10.50L17.19,10.51L17.28,10.53L17.37,10.55L17.46,10.57L17.55,10.61L17.64,10.64L17.72,10.69L17.80,10.73L17.88,10.79L17.96,10.84L18.03,10.91L18.09,10.97L18.16,11.04L18.21,11.12L18.27,11.20L18.31,11.28L18.36,11.36L18.39,11.45L18.43,11.54L18.45,11.63L18.47,11.72L18.49,11.81L18.50,11.91"]
                RenderPath {path} at (515.63,122.03) size 18.75x10.10 [stroke={[type=SOLID] [color=#000000] [stroke width=2.00]}] [fill={[type=SOLID] [color=#000000]}] [data="M10.00,19.00L15.00,23.00L20.00,19.00"]
          RenderSVGContainer {g} at (583.33,83.33) size 50x66.67 [transform={m=((1.00,0.00)(0.00,1.00)) t=(350.00,50.00)}]
            RenderSVGContainer {svg} at (583.33,83.33) size 50x66.67
              RenderPath {rect} at (583.33,83.33) size 50x66.67 [stroke={[type=SOLID] [color=#FF0000]}] [fill={[type=SOLID] [color=#000000]}] [data="M0.50,0.50L29.50,0.50L29.50,39.50L0.50,39.50"]
              RenderSVGContainer {g} at (591.67,100) size 33.33x33.33 [transform={m=((1.00,0.00)(0.00,1.00)) t=(0.00,5.00)}]
                RenderPath {circle} at (591.67,100) size 33.33x33.33 [fill={[type=SOLID] [color=#FFFF00]}] [data="M25.00,15.00L24.98,15.63L24.92,16.25L24.82,16.87L24.69,17.49L24.51,18.09L24.30,18.68L24.05,19.26L23.76,19.82L23.44,20.36L23.09,20.88L22.71,21.37L22.29,21.85L21.85,22.29L21.37,22.71L20.88,23.09L20.36,23.44L19.82,23.76L19.26,24.05L18.68,24.30L18.09,24.51L17.49,24.69L16.87,24.82L16.25,24.92L15.63,24.98L15.00,25.00L14.37,24.98L13.75,24.92L13.13,24.82L12.51,24.69L11.91,24.51L11.32,24.30L10.74,24.05L10.18,23.76L9.64,23.44L9.12,23.09L8.63,22.71L8.15,22.29L7.71,21.85L7.29,21.37L6.91,20.88L6.56,20.36L6.24,19.82L5.95,19.26L5.70,18.68L5.49,18.09L5.31,17.49L5.18,16.87L5.08,16.25L5.02,15.63L5.00,15.00L5.02,14.37L5.08,13.75L5.18,13.13L5.31,12.51L5.49,11.91L5.70,11.32L5.95,10.74L6.24,10.18L6.56,9.64L6.91,9.12L7.29,8.63L7.71,8.15L8.15,7.71L8.63,7.29L9.12,6.91L9.64,6.56L10.18,6.24L10.74,5.95L11.32,5.70L11.91,5.49L12.51,5.31L13.13,5.18L13.75,5.08L14.37,5.02L15.00,5.00L15.63,5.02L16.25,5.08L16.87,5.18L17.49,5.31L18.09,5.49L18.68,5.70L19.26,5.95L19.82,6.24L20.36,6.56L20.88,6.91L21.37,7.29L21.85,7.71L22.29,8.15L22.71,8.63L23.09,9.12L23.44,9.64L23.76,10.18L24.05,10.74L24.30,11.32L24.51,11.91L24.69,12.51L24.82,13.13L24.92,13.75L24.98,14.37"]
                RenderPath {circle} at (600.83,109.17) size 5x5 [fill={[type=SOLID] [color=#000000]}] [data="M13.50,12.00L13.50,12.09L13.49,12.19L13.47,12.28L13.45,12.37L13.43,12.46L13.39,12.55L13.36,12.64L13.31,12.72L13.27,12.80L13.21,12.88L13.16,12.96L13.09,13.03L13.03,13.09L12.96,13.16L12.88,13.21L12.80,13.27L12.72,13.31L12.64,13.36L12.55,13.39L12.46,13.43L12.37,13.45L12.28,13.47L12.19,13.49L12.09,13.50L12.00,13.50L11.91,13.50L11.81,13.49L11.72,13.47L11.63,13.45L11.54,13.43L11.45,13.39L11.36,13.36L11.28,13.31L11.20,13.27L11.12,13.21L11.04,13.16L10.97,13.09L10.91,13.03L10.84,12.96L10.79,12.88L10.73,12.80L10.69,12.72L10.64,12.64L10.61,12.55L10.57,12.46L10.55,12.37L10.53,12.28L10.51,12.19L10.50,12.09L10.50,12.00L10.50,11.91L10.51,11.81L10.53,11.72L10.55,11.63L10.57,11.54L10.61,11.45L10.64,11.36L10.69,11.28L10.73,11.20L10.79,11.12L10.84,11.04L10.91,10.97L10.97,10.91L11.04,10.84L11.12,10.79L11.20,10.73L11.28,10.69L11.36,10.64L11.45,10.61L11.54,10.57L11.63,10.55L11.72,10.53L11.81,10.51L11.91,10.50L12.00,10.50L12.09,10.50L12.19,10.51L12.28,10.53L12.37,10.55L12.46,10.57L12.55,10.61L12.64,10.64L12.72,10.69L12.80,10.73L12.88,10.79L12.96,10.84L13.03,10.91L13.09,10.97L13.16,11.04L13.21,11.12L13.27,11.20L13.31,11.28L13.36,11.36L13.39,11.45L13.43,11.54L13.45,11.63L13.47,11.72L13.49,11.81L13.50,11.91"]
                RenderPath {circle} at (609.17,109.17) size 5x5 [fill={[type=SOLID] [color=#000000]}] [data="M18.50,12.00L18.50,12.09L18.49,12.19L18.47,12.28L18.45,12.37L18.43,12.46L18.39,12.55L18.36,12.64L18.31,12.72L18.27,12.80L18.21,12.88L18.16,12.96L18.09,13.03L18.03,13.09L17.96,13.16L17.88,13.21L17.80,13.27L17.72,13.31L17.64,13.36L17.55,13.39L17.46,13.43L17.37,13.45L17.28,13.47L17.19,13.49L17.09,13.50L17.00,13.50L16.91,13.50L16.81,13.49L16.72,13.47L16.63,13.45L16.54,13.43L16.45,13.39L16.36,13.36L16.28,13.31L16.20,13.27L16.12,13.21L16.04,13.16L15.97,13.09L15.91,13.03L15.84,12.96L15.79,12.88L15.73,12.80L15.69,12.72L15.64,12.64L15.61,12.55L15.57,12.46L15.55,12.37L15.53,12.28L15.51,12.19L15.50,12.09L15.50,12.00L15.50,11.91L15.51,11.81L15.53,11.72L15.55,11.63L15.57,11.54L15.61,11.45L15.64,11.36L15.69,11.28L15.73,11.20L15.79,11.12L15.84,11.04L15.91,10.97L15.97,10.91L16.04,10.84L16.12,10.79L16.20,10.73L16.28,10.69L16.36,10.64L16.45,10.61L16.54,10.57L16.63,10.55L16.72,10.53L16.81,10.51L16.91,10.50L17.00,10.50L17.09,10.50L17.19,10.51L17.28,10.53L17.37,10.55L17.46,10.57L17.55,10.61L17.64,10.64L17.72,10.69L17.80,10.73L17.88,10.79L17.96,10.84L18.03,10.91L18.09,10.97L18.16,11.04L18.21,11.12L18.27,11.20L18.31,11.28L18.36,11.36L18.39,11.45L18.43,11.54L18.45,11.63L18.47,11.72L18.49,11.81L18.50,11.91"]
                RenderPath {path} at (598.96,122.03) size 18.75x10.10 [stroke={[type=SOLID] [color=#000000] [stroke width=2.00]}] [fill={[type=SOLID] [color=#000000]}] [data="M10.00,19.00L15.00,23.00L20.00,19.00"]
          RenderSVGContainer {g} at (666.67,83.33) size 50x66.67 [transform={m=((1.00,0.00)(0.00,1.00)) t=(400.00,50.00)}]
            RenderSVGContainer {svg} at (666.67,83.33) size 50x66.67
              RenderPath {rect} at (666.67,83.33) size 50x66.67 [stroke={[type=SOLID] [color=#FF0000]}] [fill={[type=SOLID] [color=#000000]}] [data="M0.50,0.50L29.50,0.50L29.50,39.50L0.50,39.50"]
              RenderSVGContainer {g} at (675.00,100) size 33.33x33.33 [transform={m=((1.00,0.00)(0.00,1.00)) t=(0.00,5.00)}]
                RenderPath {circle} at (675.00,100) size 33.33x33.33 [fill={[type=SOLID] [color=#FFFF00]}] [data="M25.00,15.00L24.98,15.63L24.92,16.25L24.82,16.87L24.69,17.49L24.51,18.09L24.30,18.68L24.05,19.26L23.76,19.82L23.44,20.36L23.09,20.88L22.71,21.37L22.29,21.85L21.85,22.29L21.37,22.71L20.88,23.09L20.36,23.44L19.82,23.76L19.26,24.05L18.68,24.30L18.09,24.51L17.49,24.69L16.87,24.82L16.25,24.92L15.63,24.98L15.00,25.00L14.37,24.98L13.75,24.92L13.13,24.82L12.51,24.69L11.91,24.51L11.32,24.30L10.74,24.05L10.18,23.76L9.64,23.44L9.12,23.09L8.63,22.71L8.15,22.29L7.71,21.85L7.29,21.37L6.91,20.88L6.56,20.36L6.24,19.82L5.95,19.26L5.70,18.68L5.49,18.09L5.31,17.49L5.18,16.87L5.08,16.25L5.02,15.63L5.00,15.00L5.02,14.37L5.08,13.75L5.18,13.13L5.31,12.51L5.49,11.91L5.70,11.32L5.95,10.74L6.24,10.18L6.56,9.64L6.91,9.12L7.29,8.63L7.71,8.15L8.15,7.71L8.63,7.29L9.12,6.91L9.64,6.56L10.18,6.24L10.74,5.95L11.32,5.70L11.91,5.49L12.51,5.31L13.13,5.18L13.75,5.08L14.37,5.02L15.00,5.00L15.63,5.02L16.25,5.08L16.87,5.18L17.49,5.31L18.09,5.49L18.68,5.70L19.26,5.95L19.82,6.24L20.36,6.56L20.88,6.91L21.37,7.29L21.85,7.71L22.29,8.15L22.71,8.63L23.09,9.12L23.44,9.64L23.76,10.18L24.05,10.74L24.30,11.32L24.51,11.91L24.69,12.51L24.82,13.13L24.92,13.75L24.98,14.37"]
                RenderPath {circle} at (684.17,109.17) size 5x5 [fill={[type=SOLID] [color=#000000]}] [data="M13.50,12.00L13.50,12.09L13.49,12.19L13.47,12.28L13.45,12.37L13.43,12.46L13.39,12.55L13.36,12.64L13.31,12.72L13.27,12.80L13.21,12.88L13.16,12.96L13.09,13.03L13.03,13.09L12.96,13.16L12.88,13.21L12.80,13.27L12.72,13.31L12.64,13.36L12.55,13.39L12.46,13.43L12.37,13.45L12.28,13.47L12.19,13.49L12.09,13.50L12.00,13.50L11.91,13.50L11.81,13.49L11.72,13.47L11.63,13.45L11.54,13.43L11.45,13.39L11.36,13.36L11.28,13.31L11.20,13.27L11.12,13.21L11.04,13.16L10.97,13.09L10.91,13.03L10.84,12.96L10.79,12.88L10.73,12.80L10.69,12.72L10.64,12.64L10.61,12.55L10.57,12.46L10.55,12.37L10.53,12.28L10.51,12.19L10.50,12.09L10.50,12.00L10.50,11.91L10.51,11.81L10.53,11.72L10.55,11.63L10.57,11.54L10.61,11.45L10.64,11.36L10.69,11.28L10.73,11.20L10.79,11.12L10.84,11.04L10.91,10.97L10.97,10.91L11.04,10.84L11.12,10.79L11.20,10.73L11.28,10.69L11.36,10.64L11.45,10.61L11.54,10.57L11.63,10.55L11.72,10.53L11.81,10.51L11.91,10.50L12.00,10.50L12.09,10.50L12.19,10.51L12.28,10.53L12.37,10.55L12.46,10.57L12.55,10.61L12.64,10.64L12.72,10.69L12.80,10.73L12.88,10.79L12.96,10.84L13.03,10.91L13.09,10.97L13.16,11.04L13.21,11.12L13.27,11.20L13.31,11.28L13.36,11.36L13.39,11.45L13.43,11.54L13.45,11.63L13.47,11.72L13.49,11.81L13.50,11.91"]
                RenderPath {circle} at (692.50,109.17) size 5x5 [fill={[type=SOLID] [color=#000000]}] [data="M18.50,12.00L18.50,12.09L18.49,12.19L18.47,12.28L18.45,12.37L18.43,12.46L18.39,12.55L18.36,12.64L18.31,12.72L18.27,12.80L18.21,12.88L18.16,12.96L18.09,13.03L18.03,13.09L17.96,13.16L17.88,13.21L17.80,13.27L17.72,13.31L17.64,13.36L17.55,13.39L17.46,13.43L17.37,13.45L17.28,13.47L17.19,13.49L17.09,13.50L17.00,13.50L16.91,13.50L16.81,13.49L16.72,13.47L16.63,13.45L16.54,13.43L16.45,13.39L16.36,13.36L16.28,13.31L16.20,13.27L16.12,13.21L16.04,13.16L15.97,13.09L15.91,13.03L15.84,12.96L15.79,12.88L15.73,12.80L15.69,12.72L15.64,12.64L15.61,12.55L15.57,12.46L15.55,12.37L15.53,12.28L15.51,12.19L15.50,12.09L15.50,12.00L15.50,11.91L15.51,11.81L15.53,11.72L15.55,11.63L15.57,11.54L15.61,11.45L15.64,11.36L15.69,11.28L15.73,11.20L15.79,11.12L15.84,11.04L15.91,10.97L15.97,10.91L16.04,10.84L16.12,10.79L16.20,10.73L16.28,10.69L16.36,10.64L16.45,10.61L16.54,10.57L16.63,10.55L16.72,10.53L16.81,10.51L16.91,10.50L17.00,10.50L17.09,10.50L17.19,10.51L17.28,10.53L17.37,10.55L17.46,10.57L17.55,10.61L17.64,10.64L17.72,10.69L17.80,10.73L17.88,10.79L17.96,10.84L18.03,10.91L18.09,10.97L18.16,11.04L18.21,11.12L18.27,11.20L18.31,11.28L18.36,11.36L18.39,11.45L18.43,11.54L18.45,11.63L18.47,11.72L18.49,11.81L18.50,11.91"]
                RenderPath {path} at (682.29,122.03) size 18.75x10.10 [stroke={[type=SOLID] [color=#000000] [stroke width=2.00]}] [fill={[type=SOLID] [color=#000000]}] [data="M10.00,19.00L15.00,23.00L20.00,19.00"]
          RenderSVGContainer {g} at (750,83.33) size 50x66.67 [transform={m=((1.00,0.00)(0.00,1.00)) t=(450.00,50.00)}]
            RenderSVGContainer {svg} at (750,83.33) size 50x66.67
              RenderPath {rect} at (750,83.33) size 50x66.67 [stroke={[type=SOLID] [color=#FF0000]}] [fill={[type=SOLID] [color=#000000]}] [data="M0.50,0.50L29.50,0.50L29.50,39.50L0.50,39.50"]
              RenderSVGContainer {g} at (758.33,100) size 33.33x33.33 [transform={m=((1.00,0.00)(0.00,1.00)) t=(0.00,5.00)}]
                RenderPath {circle} at (758.33,100) size 33.33x33.33 [fill={[type=SOLID] [color=#FFFF00]}] [data="M25.00,15.00L24.98,15.63L24.92,16.25L24.82,16.87L24.69,17.49L24.51,18.09L24.30,18.68L24.05,19.26L23.76,19.82L23.44,20.36L23.09,20.88L22.71,21.37L22.29,21.85L21.85,22.29L21.37,22.71L20.88,23.09L20.36,23.44L19.82,23.76L19.26,24.05L18.68,24.30L18.09,24.51L17.49,24.69L16.87,24.82L16.25,24.92L15.63,24.98L15.00,25.00L14.37,24.98L13.75,24.92L13.13,24.82L12.51,24.69L11.91,24.51L11.32,24.30L10.74,24.05L10.18,23.76L9.64,23.44L9.12,23.09L8.63,22.71L8.15,22.29L7.71,21.85L7.29,21.37L6.91,20.88L6.56,20.36L6.24,19.82L5.95,19.26L5.70,18.68L5.49,18.09L5.31,17.49L5.18,16.87L5.08,16.25L5.02,15.63L5.00,15.00L5.02,14.37L5.08,13.75L5.18,13.13L5.31,12.51L5.49,11.91L5.70,11.32L5.95,10.74L6.24,10.18L6.56,9.64L6.91,9.12L7.29,8.63L7.71,8.15L8.15,7.71L8.63,7.29L9.12,6.91L9.64,6.56L10.18,6.24L10.74,5.95L11.32,5.70L11.91,5.49L12.51,5.31L13.13,5.18L13.75,5.08L14.37,5.02L15.00,5.00L15.63,5.02L16.25,5.08L16.87,5.18L17.49,5.31L18.09,5.49L18.68,5.70L19.26,5.95L19.82,6.24L20.36,6.56L20.88,6.91L21.37,7.29L21.85,7.71L22.29,8.15L22.71,8.63L23.09,9.12L23.44,9.64L23.76,10.18L24.05,10.74L24.30,11.32L24.51,11.91L24.69,12.51L24.82,13.13L24.92,13.75L24.98,14.37"]
                RenderPath {circle} at (767.50,109.17) size 5x5 [fill={[type=SOLID] [color=#000000]}] [data="M13.50,12.00L13.50,12.09L13.49,12.19L13.47,12.28L13.45,12.37L13.43,12.46L13.39,12.55L13.36,12.64L13.31,12.72L13.27,12.80L13.21,12.88L13.16,12.96L13.09,13.03L13.03,13.09L12.96,13.16L12.88,13.21L12.80,13.27L12.72,13.31L12.64,13.36L12.55,13.39L12.46,13.43L12.37,13.45L12.28,13.47L12.19,13.49L12.09,13.50L12.00,13.50L11.91,13.50L11.81,13.49L11.72,13.47L11.63,13.45L11.54,13.43L11.45,13.39L11.36,13.36L11.28,13.31L11.20,13.27L11.12,13.21L11.04,13.16L10.97,13.09L10.91,13.03L10.84,12.96L10.79,12.88L10.73,12.80L10.69,12.72L10.64,12.64L10.61,12.55L10.57,12.46L10.55,12.37L10.53,12.28L10.51,12.19L10.50,12.09L10.50,12.00L10.50,11.91L10.51,11.81L10.53,11.72L10.55,11.63L10.57,11.54L10.61,11.45L10.64,11.36L10.69,11.28L10.73,11.20L10.79,11.12L10.84,11.04L10.91,10.97L10.97,10.91L11.04,10.84L11.12,10.79L11.20,10.73L11.28,10.69L11.36,10.64L11.45,10.61L11.54,10.57L11.63,10.55L11.72,10.53L11.81,10.51L11.91,10.50L12.00,10.50L12.09,10.50L12.19,10.51L12.28,10.53L12.37,10.55L12.46,10.57L12.55,10.61L12.64,10.64L12.72,10.69L12.80,10.73L12.88,10.79L12.96,10.84L13.03,10.91L13.09,10.97L13.16,11.04L13.21,11.12L13.27,11.20L13.31,11.28L13.36,11.36L13.39,11.45L13.43,11.54L13.45,11.63L13.47,11.72L13.49,11.81L13.50,11.91"]
                RenderPath {circle} at (775.83,109.17) size 5x5 [fill={[type=SOLID] [color=#000000]}] [data="M18.50,12.00L18.50,12.09L18.49,12.19L18.47,12.28L18.45,12.37L18.43,12.46L18.39,12.55L18.36,12.64L18.31,12.72L18.27,12.80L18.21,12.88L18.16,12.96L18.09,13.03L18.03,13.09L17.96,13.16L17.88,13.21L17.80,13.27L17.72,13.31L17.64,13.36L17.55,13.39L17.46,13.43L17.37,13.45L17.28,13.47L17.19,13.49L17.09,13.50L17.00,13.50L16.91,13.50L16.81,13.49L16.72,13.47L16.63,13.45L16.54,13.43L16.45,13.39L16.36,13.36L16.28,13.31L16.20,13.27L16.12,13.21L16.04,13.16L15.97,13.09L15.91,13.03L15.84,12.96L15.79,12.88L15.73,12.80L15.69,12.72L15.64,12.64L15.61,12.55L15.57,12.46L15.55,12.37L15.53,12.28L15.51,12.19L15.50,12.09L15.50,12.00L15.50,11.91L15.51,11.81L15.53,11.72L15.55,11.63L15.57,11.54L15.61,11.45L15.64,11.36L15.69,11.28L15.73,11.20L15.79,11.12L15.84,11.04L15.91,10.97L15.97,10.91L16.04,10.84L16.12,10.79L16.20,10.73L16.28,10.69L16.36,10.64L16.45,10.61L16.54,10.57L16.63,10.55L16.72,10.53L16.81,10.51L16.91,10.50L17.00,10.50L17.09,10.50L17.19,10.51L17.28,10.53L17.37,10.55L17.46,10.57L17.55,10.61L17.64,10.64L17.72,10.69L17.80,10.73L17.88,10.79L17.96,10.84L18.03,10.91L18.09,10.97L18.16,11.04L18.21,11.12L18.27,11.20L18.31,11.28L18.36,11.36L18.39,11.45L18.43,11.54L18.45,11.63L18.47,11.72L18.49,11.81L18.50,11.91"]
                RenderPath {path} at (765.63,122.03) size 18.75x10.10 [stroke={[type=SOLID] [color=#000000] [stroke width=2.00]}] [fill={[type=SOLID] [color=#000000]}] [data="M10.00,19.00L15.00,23.00L20.00,19.00"]
          RenderSVGText {text} at (0,190) size 800x10
            RenderSVGInlineText {#text} at (0,-8) size 243x10
              text run at (0,-8) width 243: "All svgs below should look the same, all have valid viewBoxes."
          RenderSVGContainer {g} at (0,333.33) size 50x66.67 [transform={m=((1.00,0.00)(0.00,1.00)) t=(0.00,200.00)}]
            RenderSVGContainer {svg} at (0,333.33) size 50x100
              RenderPath {rect} at (0,333.33) size 50x100 [stroke={[type=SOLID] [color=#FF0000]}] [fill={[type=SOLID] [color=#000000]}] [data="M0.50,0.50L29.50,0.50L29.50,39.50L0.50,39.50"]
              RenderSVGContainer {g} at (8.33,358.33) size 33.33x50 [transform={m=((1.00,0.00)(0.00,1.00)) t=(0.00,5.00)}]
                RenderPath {circle} at (8.33,358.33) size 33.33x50 [fill={[type=SOLID] [color=#FFFF00]}] [data="M25.00,15.00L24.98,15.63L24.92,16.25L24.82,16.87L24.69,17.49L24.51,18.09L24.30,18.68L24.05,19.26L23.76,19.82L23.44,20.36L23.09,20.88L22.71,21.37L22.29,21.85L21.85,22.29L21.37,22.71L20.88,23.09L20.36,23.44L19.82,23.76L19.26,24.05L18.68,24.30L18.09,24.51L17.49,24.69L16.87,24.82L16.25,24.92L15.63,24.98L15.00,25.00L14.37,24.98L13.75,24.92L13.13,24.82L12.51,24.69L11.91,24.51L11.32,24.30L10.74,24.05L10.18,23.76L9.64,23.44L9.12,23.09L8.63,22.71L8.15,22.29L7.71,21.85L7.29,21.37L6.91,20.88L6.56,20.36L6.24,19.82L5.95,19.26L5.70,18.68L5.49,18.09L5.31,17.49L5.18,16.87L5.08,16.25L5.02,15.63L5.00,15.00L5.02,14.37L5.08,13.75L5.18,13.13L5.31,12.51L5.49,11.91L5.70,11.32L5.95,10.74L6.24,10.18L6.56,9.64L6.91,9.12L7.29,8.63L7.71,8.15L8.15,7.71L8.63,7.29L9.12,6.91L9.64,6.56L10.18,6.24L10.74,5.95L11.32,5.70L11.91,5.49L12.51,5.31L13.13,5.18L13.75,5.08L14.37,5.02L15.00,5.00L15.63,5.02L16.25,5.08L16.87,5.18L17.49,5.31L18.09,5.49L18.68,5.70L19.26,5.95L19.82,6.24L20.36,6.56L20.88,6.91L21.37,7.29L21.85,7.71L22.29,8.15L22.71,8.63L23.09,9.12L23.44,9.64L23.76,10.18L24.05,10.74L24.30,11.32L24.51,11.91L24.69,12.51L24.82,13.13L24.92,13.75L24.98,14.37"]
                RenderPath {circle} at (17.50,372.08) size 5x7.50 [fill={[type=SOLID] [color=#000000]}] [data="M13.50,12.00L13.50,12.09L13.49,12.19L13.47,12.28L13.45,12.37L13.43,12.46L13.39,12.55L13.36,12.64L13.31,12.72L13.27,12.80L13.21,12.88L13.16,12.96L13.09,13.03L13.03,13.09L12.96,13.16L12.88,13.21L12.80,13.27L12.72,13.31L12.64,13.36L12.55,13.39L12.46,13.43L12.37,13.45L12.28,13.47L12.19,13.49L12.09,13.50L12.00,13.50L11.91,13.50L11.81,13.49L11.72,13.47L11.63,13.45L11.54,13.43L11.45,13.39L11.36,13.36L11.28,13.31L11.20,13.27L11.12,13.21L11.04,13.16L10.97,13.09L10.91,13.03L10.84,12.96L10.79,12.88L10.73,12.80L10.69,12.72L10.64,12.64L10.61,12.55L10.57,12.46L10.55,12.37L10.53,12.28L10.51,12.19L10.50,12.09L10.50,12.00L10.50,11.91L10.51,11.81L10.53,11.72L10.55,11.63L10.57,11.54L10.61,11.45L10.64,11.36L10.69,11.28L10.73,11.20L10.79,11.12L10.84,11.04L10.91,10.97L10.97,10.91L11.04,10.84L11.12,10.79L11.20,10.73L11.28,10.69L11.36,10.64L11.45,10.61L11.54,10.57L11.63,10.55L11.72,10.53L11.81,10.51L11.91,10.50L12.00,10.50L12.09,10.50L12.19,10.51L12.28,10.53L12.37,10.55L12.46,10.57L12.55,10.61L12.64,10.64L12.72,10.69L12.80,10.73L12.88,10.79L12.96,10.84L13.03,10.91L13.09,10.97L13.16,11.04L13.21,11.12L13.27,11.20L13.31,11.28L13.36,11.36L13.39,11.45L13.43,11.54L13.45,11.63L13.47,11.72L13.49,11.81L13.50,11.91"]
                RenderPath {circle} at (25.83,372.08) size 5x7.50 [fill={[type=SOLID] [color=#000000]}] [data="M18.50,12.00L18.50,12.09L18.49,12.19L18.47,12.28L18.45,12.37L18.43,12.46L18.39,12.55L18.36,12.64L18.31,12.72L18.27,12.80L18.21,12.88L18.16,12.96L18.09,13.03L18.03,13.09L17.96,13.16L17.88,13.21L17.80,13.27L17.72,13.31L17.64,13.36L17.55,13.39L17.46,13.43L17.37,13.45L17.28,13.47L17.19,13.49L17.09,13.50L17.00,13.50L16.91,13.50L16.81,13.49L16.72,13.47L16.63,13.45L16.54,13.43L16.45,13.39L16.36,13.36L16.28,13.31L16.20,13.27L16.12,13.21L16.04,13.16L15.97,13.09L15.91,13.03L15.84,12.96L15.79,12.88L15.73,12.80L15.69,12.72L15.64,12.64L15.61,12.55L15.57,12.46L15.55,12.37L15.53,12.28L15.51,12.19L15.50,12.09L15.50,12.00L15.50,11.91L15.51,11.81L15.53,11.72L15.55,11.63L15.57,11.54L15.61,11.45L15.64,11.36L15.69,11.28L15.73,11.20L15.79,11.12L15.84,11.04L15.91,10.97L15.97,10.91L16.04,10.84L16.12,10.79L16.20,10.73L16.28,10.69L16.36,10.64L16.45,10.61L16.54,10.57L16.63,10.55L16.72,10.53L16.81,10.51L16.91,10.50L17.00,10.50L17.09,10.50L17.19,10.51L17.28,10.53L17.37,10.55L17.46,10.57L17.55,10.61L17.64,10.64L17.72,10.69L17.80,10.73L17.88,10.79L17.96,10.84L18.03,10.91L18.09,10.97L18.16,11.04L18.21,11.12L18.27,11.20L18.31,11.28L18.36,11.36L18.39,11.45L18.43,11.54L18.45,11.63L18.47,11.72L18.49,11.81L18.50,11.91"]
                RenderPath {path} at (15.63,391.38) size 18.75x15.15 [stroke={[type=SOLID] [color=#000000] [stroke width=2.00]}] [fill={[type=SOLID] [color=#000000]}] [data="M10.00,19.00L15.00,23.00L20.00,19.00"]
          RenderSVGContainer {g} at (83.33,333.33) size 50x66.67 [transform={m=((1.00,0.00)(0.00,1.00)) t=(50.00,200.00)}]
            RenderSVGContainer {svg} at (83.33,333.33) size 50x100
              RenderPath {rect} at (83.33,333.33) size 50x100 [stroke={[type=SOLID] [color=#FF0000]}] [fill={[type=SOLID] [color=#000000]}] [data="M0.50,0.50L29.50,0.50L29.50,39.50L0.50,39.50"]
              RenderSVGContainer {g} at (91.67,358.33) size 33.33x50 [transform={m=((1.00,0.00)(0.00,1.00)) t=(0.00,5.00)}]
                RenderPath {circle} at (91.67,358.33) size 33.33x50 [fill={[type=SOLID] [color=#FFFF00]}] [data="M25.00,15.00L24.98,15.63L24.92,16.25L24.82,16.87L24.69,17.49L24.51,18.09L24.30,18.68L24.05,19.26L23.76,19.82L23.44,20.36L23.09,20.88L22.71,21.37L22.29,21.85L21.85,22.29L21.37,22.71L20.88,23.09L20.36,23.44L19.82,23.76L19.26,24.05L18.68,24.30L18.09,24.51L17.49,24.69L16.87,24.82L16.25,24.92L15.63,24.98L15.00,25.00L14.37,24.98L13.75,24.92L13.13,24.82L12.51,24.69L11.91,24.51L11.32,24.30L10.74,24.05L10.18,23.76L9.64,23.44L9.12,23.09L8.63,22.71L8.15,22.29L7.71,21.85L7.29,21.37L6.91,20.88L6.56,20.36L6.24,19.82L5.95,19.26L5.70,18.68L5.49,18.09L5.31,17.49L5.18,16.87L5.08,16.25L5.02,15.63L5.00,15.00L5.02,14.37L5.08,13.75L5.18,13.13L5.31,12.51L5.49,11.91L5.70,11.32L5.95,10.74L6.24,10.18L6.56,9.64L6.91,9.12L7.29,8.63L7.71,8.15L8.15,7.71L8.63,7.29L9.12,6.91L9.64,6.56L10.18,6.24L10.74,5.95L11.32,5.70L11.91,5.49L12.51,5.31L13.13,5.18L13.75,5.08L14.37,5.02L15.00,5.00L15.63,5.02L16.25,5.08L16.87,5.18L17.49,5.31L18.09,5.49L18.68,5.70L19.26,5.95L19.82,6.24L20.36,6.56L20.88,6.91L21.37,7.29L21.85,7.71L22.29,8.15L22.71,8.63L23.09,9.12L23.44,9.64L23.76,10.18L24.05,10.74L24.30,11.32L24.51,11.91L24.69,12.51L24.82,13.13L24.92,13.75L24.98,14.37"]
                RenderPath {circle} at (100.83,372.08) size 5x7.50 [fill={[type=SOLID] [color=#000000]}] [data="M13.50,12.00L13.50,12.09L13.49,12.19L13.47,12.28L13.45,12.37L13.43,12.46L13.39,12.55L13.36,12.64L13.31,12.72L13.27,12.80L13.21,12.88L13.16,12.96L13.09,13.03L13.03,13.09L12.96,13.16L12.88,13.21L12.80,13.27L12.72,13.31L12.64,13.36L12.55,13.39L12.46,13.43L12.37,13.45L12.28,13.47L12.19,13.49L12.09,13.50L12.00,13.50L11.91,13.50L11.81,13.49L11.72,13.47L11.63,13.45L11.54,13.43L11.45,13.39L11.36,13.36L11.28,13.31L11.20,13.27L11.12,13.21L11.04,13.16L10.97,13.09L10.91,13.03L10.84,12.96L10.79,12.88L10.73,12.80L10.69,12.72L10.64,12.64L10.61,12.55L10.57,12.46L10.55,12.37L10.53,12.28L10.51,12.19L10.50,12.09L10.50,12.00L10.50,11.91L10.51,11.81L10.53,11.72L10.55,11.63L10.57,11.54L10.61,11.45L10.64,11.36L10.69,11.28L10.73,11.20L10.79,11.12L10.84,11.04L10.91,10.97L10.97,10.91L11.04,10.84L11.12,10.79L11.20,10.73L11.28,10.69L11.36,10.64L11.45,10.61L11.54,10.57L11.63,10.55L11.72,10.53L11.81,10.51L11.91,10.50L12.00,10.50L12.09,10.50L12.19,10.51L12.28,10.53L12.37,10.55L12.46,10.57L12.55,10.61L12.64,10.64L12.72,10.69L12.80,10.73L12.88,10.79L12.96,10.84L13.03,10.91L13.09,10.97L13.16,11.04L13.21,11.12L13.27,11.20L13.31,11.28L13.36,11.36L13.39,11.45L13.43,11.54L13.45,11.63L13.47,11.72L13.49,11.81L13.50,11.91"]
                RenderPath {circle} at (109.17,372.08) size 5x7.50 [fill={[type=SOLID] [color=#000000]}] [data="M18.50,12.00L18.50,12.09L18.49,12.19L18.47,12.28L18.45,12.37L18.43,12.46L18.39,12.55L18.36,12.64L18.31,12.72L18.27,12.80L18.21,12.88L18.16,12.96L18.09,13.03L18.03,13.09L17.96,13.16L17.88,13.21L17.80,13.27L17.72,13.31L17.64,13.36L17.55,13.39L17.46,13.43L17.37,13.45L17.28,13.47L17.19,13.49L17.09,13.50L17.00,13.50L16.91,13.50L16.81,13.49L16.72,13.47L16.63,13.45L16.54,13.43L16.45,13.39L16.36,13.36L16.28,13.31L16.20,13.27L16.12,13.21L16.04,13.16L15.97,13.09L15.91,13.03L15.84,12.96L15.79,12.88L15.73,12.80L15.69,12.72L15.64,12.64L15.61,12.55L15.57,12.46L15.55,12.37L15.53,12.28L15.51,12.19L15.50,12.09L15.50,12.00L15.50,11.91L15.51,11.81L15.53,11.72L15.55,11.63L15.57,11.54L15.61,11.45L15.64,11.36L15.69,11.28L15.73,11.20L15.79,11.12L15.84,11.04L15.91,10.97L15.97,10.91L16.04,10.84L16.12,10.79L16.20,10.73L16.28,10.69L16.36,10.64L16.45,10.61L16.54,10.57L16.63,10.55L16.72,10.53L16.81,10.51L16.91,10.50L17.00,10.50L17.09,10.50L17.19,10.51L17.28,10.53L17.37,10.55L17.46,10.57L17.55,10.61L17.64,10.64L17.72,10.69L17.80,10.73L17.88,10.79L17.96,10.84L18.03,10.91L18.09,10.97L18.16,11.04L18.21,11.12L18.27,11.20L18.31,11.28L18.36,11.36L18.39,11.45L18.43,11.54L18.45,11.63L18.47,11.72L18.49,11.81L18.50,11.91"]
                RenderPath {path} at (98.96,391.38) size 18.75x15.15 [stroke={[type=SOLID] [color=#000000] [stroke width=2.00]}] [fill={[type=SOLID] [color=#000000]}] [data="M10.00,19.00L15.00,23.00L20.00,19.00"]
          RenderSVGContainer {g} at (166.67,333.33) size 50x66.67 [transform={m=((1.00,0.00)(0.00,1.00)) t=(100.00,200.00)}]
            RenderSVGContainer {svg} at (166.67,333.33) size 50x100
              RenderPath {rect} at (166.67,333.33) size 50x100 [stroke={[type=SOLID] [color=#FF0000]}] [fill={[type=SOLID] [color=#000000]}] [data="M0.50,0.50L29.50,0.50L29.50,39.50L0.50,39.50"]
              RenderSVGContainer {g} at (175.00,358.33) size 33.33x50 [transform={m=((1.00,0.00)(0.00,1.00)) t=(0.00,5.00)}]
                RenderPath {circle} at (175.00,358.33) size 33.33x50 [fill={[type=SOLID] [color=#FFFF00]}] [data="M25.00,15.00L24.98,15.63L24.92,16.25L24.82,16.87L24.69,17.49L24.51,18.09L24.30,18.68L24.05,19.26L23.76,19.82L23.44,20.36L23.09,20.88L22.71,21.37L22.29,21.85L21.85,22.29L21.37,22.71L20.88,23.09L20.36,23.44L19.82,23.76L19.26,24.05L18.68,24.30L18.09,24.51L17.49,24.69L16.87,24.82L16.25,24.92L15.63,24.98L15.00,25.00L14.37,24.98L13.75,24.92L13.13,24.82L12.51,24.69L11.91,24.51L11.32,24.30L10.74,24.05L10.18,23.76L9.64,23.44L9.12,23.09L8.63,22.71L8.15,22.29L7.71,21.85L7.29,21.37L6.91,20.88L6.56,20.36L6.24,19.82L5.95,19.26L5.70,18.68L5.49,18.09L5.31,17.49L5.18,16.87L5.08,16.25L5.02,15.63L5.00,15.00L5.02,14.37L5.08,13.75L5.18,13.13L5.31,12.51L5.49,11.91L5.70,11.32L5.95,10.74L6.24,10.18L6.56,9.64L6.91,9.12L7.29,8.63L7.71,8.15L8.15,7.71L8.63,7.29L9.12,6.91L9.64,6.56L10.18,6.24L10.74,5.95L11.32,5.70L11.91,5.49L12.51,5.31L13.13,5.18L13.75,5.08L14.37,5.02L15.00,5.00L15.63,5.02L16.25,5.08L16.87,5.18L17.49,5.31L18.09,5.49L18.68,5.70L19.26,5.95L19.82,6.24L20.36,6.56L20.88,6.91L21.37,7.29L21.85,7.71L22.29,8.15L22.71,8.63L23.09,9.12L23.44,9.64L23.76,10.18L24.05,10.74L24.30,11.32L24.51,11.91L24.69,12.51L24.82,13.13L24.92,13.75L24.98,14.37"]
                RenderPath {circle} at (184.17,372.08) size 5x7.50 [fill={[type=SOLID] [color=#000000]}] [data="M13.50,12.00L13.50,12.09L13.49,12.19L13.47,12.28L13.45,12.37L13.43,12.46L13.39,12.55L13.36,12.64L13.31,12.72L13.27,12.80L13.21,12.88L13.16,12.96L13.09,13.03L13.03,13.09L12.96,13.16L12.88,13.21L12.80,13.27L12.72,13.31L12.64,13.36L12.55,13.39L12.46,13.43L12.37,13.45L12.28,13.47L12.19,13.49L12.09,13.50L12.00,13.50L11.91,13.50L11.81,13.49L11.72,13.47L11.63,13.45L11.54,13.43L11.45,13.39L11.36,13.36L11.28,13.31L11.20,13.27L11.12,13.21L11.04,13.16L10.97,13.09L10.91,13.03L10.84,12.96L10.79,12.88L10.73,12.80L10.69,12.72L10.64,12.64L10.61,12.55L10.57,12.46L10.55,12.37L10.53,12.28L10.51,12.19L10.50,12.09L10.50,12.00L10.50,11.91L10.51,11.81L10.53,11.72L10.55,11.63L10.57,11.54L10.61,11.45L10.64,11.36L10.69,11.28L10.73,11.20L10.79,11.12L10.84,11.04L10.91,10.97L10.97,10.91L11.04,10.84L11.12,10.79L11.20,10.73L11.28,10.69L11.36,10.64L11.45,10.61L11.54,10.57L11.63,10.55L11.72,10.53L11.81,10.51L11.91,10.50L12.00,10.50L12.09,10.50L12.19,10.51L12.28,10.53L12.37,10.55L12.46,10.57L12.55,10.61L12.64,10.64L12.72,10.69L12.80,10.73L12.88,10.79L12.96,10.84L13.03,10.91L13.09,10.97L13.16,11.04L13.21,11.12L13.27,11.20L13.31,11.28L13.36,11.36L13.39,11.45L13.43,11.54L13.45,11.63L13.47,11.72L13.49,11.81L13.50,11.91"]
                RenderPath {circle} at (192.50,372.08) size 5x7.50 [fill={[type=SOLID] [color=#000000]}] [data="M18.50,12.00L18.50,12.09L18.49,12.19L18.47,12.28L18.45,12.37L18.43,12.46L18.39,12.55L18.36,12.64L18.31,12.72L18.27,12.80L18.21,12.88L18.16,12.96L18.09,13.03L18.03,13.09L17.96,13.16L17.88,13.21L17.80,13.27L17.72,13.31L17.64,13.36L17.55,13.39L17.46,13.43L17.37,13.45L17.28,13.47L17.19,13.49L17.09,13.50L17.00,13.50L16.91,13.50L16.81,13.49L16.72,13.47L16.63,13.45L16.54,13.43L16.45,13.39L16.36,13.36L16.28,13.31L16.20,13.27L16.12,13.21L16.04,13.16L15.97,13.09L15.91,13.03L15.84,12.96L15.79,12.88L15.73,12.80L15.69,12.72L15.64,12.64L15.61,12.55L15.57,12.46L15.55,12.37L15.53,12.28L15.51,12.19L15.50,12.09L15.50,12.00L15.50,11.91L15.51,11.81L15.53,11.72L15.55,11.63L15.57,11.54L15.61,11.45L15.64,11.36L15.69,11.28L15.73,11.20L15.79,11.12L15.84,11.04L15.91,10.97L15.97,10.91L16.04,10.84L16.12,10.79L16.20,10.73L16.28,10.69L16.36,10.64L16.45,10.61L16.54,10.57L16.63,10.55L16.72,10.53L16.81,10.51L16.91,10.50L17.00,10.50L17.09,10.50L17.19,10.51L17.28,10.53L17.37,10.55L17.46,10.57L17.55,10.61L17.64,10.64L17.72,10.69L17.80,10.73L17.88,10.79L17.96,10.84L18.03,10.91L18.09,10.97L18.16,11.04L18.21,11.12L18.27,11.20L18.31,11.28L18.36,11.36L18.39,11.45L18.43,11.54L18.45,11.63L18.47,11.72L18.49,11.81L18.50,11.91"]
                RenderPath {path} at (182.29,391.38) size 18.75x15.15 [stroke={[type=SOLID] [color=#000000] [stroke width=2.00]}] [fill={[type=SOLID] [color=#000000]}] [data="M10.00,19.00L15.00,23.00L20.00,19.00"]
          RenderSVGContainer {g} at (250,333.33) size 50x66.67 [transform={m=((1.00,0.00)(0.00,1.00)) t=(150.00,200.00)}]
            RenderSVGContainer {svg} at (250,333.33) size 50x100
              RenderPath {rect} at (250,333.33) size 50x100 [stroke={[type=SOLID] [color=#FF0000]}] [fill={[type=SOLID] [color=#000000]}] [data="M0.50,0.50L29.50,0.50L29.50,39.50L0.50,39.50"]
              RenderSVGContainer {g} at (258.33,358.33) size 33.33x50 [transform={m=((1.00,0.00)(0.00,1.00)) t=(0.00,5.00)}]
                RenderPath {circle} at (258.33,358.33) size 33.33x50 [fill={[type=SOLID] [color=#FFFF00]}] [data="M25.00,15.00L24.98,15.63L24.92,16.25L24.82,16.87L24.69,17.49L24.51,18.09L24.30,18.68L24.05,19.26L23.76,19.82L23.44,20.36L23.09,20.88L22.71,21.37L22.29,21.85L21.85,22.29L21.37,22.71L20.88,23.09L20.36,23.44L19.82,23.76L19.26,24.05L18.68,24.30L18.09,24.51L17.49,24.69L16.87,24.82L16.25,24.92L15.63,24.98L15.00,25.00L14.37,24.98L13.75,24.92L13.13,24.82L12.51,24.69L11.91,24.51L11.32,24.30L10.74,24.05L10.18,23.76L9.64,23.44L9.12,23.09L8.63,22.71L8.15,22.29L7.71,21.85L7.29,21.37L6.91,20.88L6.56,20.36L6.24,19.82L5.95,19.26L5.70,18.68L5.49,18.09L5.31,17.49L5.18,16.87L5.08,16.25L5.02,15.63L5.00,15.00L5.02,14.37L5.08,13.75L5.18,13.13L5.31,12.51L5.49,11.91L5.70,11.32L5.95,10.74L6.24,10.18L6.56,9.64L6.91,9.12L7.29,8.63L7.71,8.15L8.15,7.71L8.63,7.29L9.12,6.91L9.64,6.56L10.18,6.24L10.74,5.95L11.32,5.70L11.91,5.49L12.51,5.31L13.13,5.18L13.75,5.08L14.37,5.02L15.00,5.00L15.63,5.02L16.25,5.08L16.87,5.18L17.49,5.31L18.09,5.49L18.68,5.70L19.26,5.95L19.82,6.24L20.36,6.56L20.88,6.91L21.37,7.29L21.85,7.71L22.29,8.15L22.71,8.63L23.09,9.12L23.44,9.64L23.76,10.18L24.05,10.74L24.30,11.32L24.51,11.91L24.69,12.51L24.82,13.13L24.92,13.75L24.98,14.37"]
                RenderPath {circle} at (267.50,372.08) size 5x7.50 [fill={[type=SOLID] [color=#000000]}] [data="M13.50,12.00L13.50,12.09L13.49,12.19L13.47,12.28L13.45,12.37L13.43,12.46L13.39,12.55L13.36,12.64L13.31,12.72L13.27,12.80L13.21,12.88L13.16,12.96L13.09,13.03L13.03,13.09L12.96,13.16L12.88,13.21L12.80,13.27L12.72,13.31L12.64,13.36L12.55,13.39L12.46,13.43L12.37,13.45L12.28,13.47L12.19,13.49L12.09,13.50L12.00,13.50L11.91,13.50L11.81,13.49L11.72,13.47L11.63,13.45L11.54,13.43L11.45,13.39L11.36,13.36L11.28,13.31L11.20,13.27L11.12,13.21L11.04,13.16L10.97,13.09L10.91,13.03L10.84,12.96L10.79,12.88L10.73,12.80L10.69,12.72L10.64,12.64L10.61,12.55L10.57,12.46L10.55,12.37L10.53,12.28L10.51,12.19L10.50,12.09L10.50,12.00L10.50,11.91L10.51,11.81L10.53,11.72L10.55,11.63L10.57,11.54L10.61,11.45L10.64,11.36L10.69,11.28L10.73,11.20L10.79,11.12L10.84,11.04L10.91,10.97L10.97,10.91L11.04,10.84L11.12,10.79L11.20,10.73L11.28,10.69L11.36,10.64L11.45,10.61L11.54,10.57L11.63,10.55L11.72,10.53L11.81,10.51L11.91,10.50L12.00,10.50L12.09,10.50L12.19,10.51L12.28,10.53L12.37,10.55L12.46,10.57L12.55,10.61L12.64,10.64L12.72,10.69L12.80,10.73L12.88,10.79L12.96,10.84L13.03,10.91L13.09,10.97L13.16,11.04L13.21,11.12L13.27,11.20L13.31,11.28L13.36,11.36L13.39,11.45L13.43,11.54L13.45,11.63L13.47,11.72L13.49,11.81L13.50,11.91"]
                RenderPath {circle} at (275.83,372.08) size 5x7.50 [fill={[type=SOLID] [color=#000000]}] [data="M18.50,12.00L18.50,12.09L18.49,12.19L18.47,12.28L18.45,12.37L18.43,12.46L18.39,12.55L18.36,12.64L18.31,12.72L18.27,12.80L18.21,12.88L18.16,12.96L18.09,13.03L18.03,13.09L17.96,13.16L17.88,13.21L17.80,13.27L17.72,13.31L17.64,13.36L17.55,13.39L17.46,13.43L17.37,13.45L17.28,13.47L17.19,13.49L17.09,13.50L17.00,13.50L16.91,13.50L16.81,13.49L16.72,13.47L16.63,13.45L16.54,13.43L16.45,13.39L16.36,13.36L16.28,13.31L16.20,13.27L16.12,13.21L16.04,13.16L15.97,13.09L15.91,13.03L15.84,12.96L15.79,12.88L15.73,12.80L15.69,12.72L15.64,12.64L15.61,12.55L15.57,12.46L15.55,12.37L15.53,12.28L15.51,12.19L15.50,12.09L15.50,12.00L15.50,11.91L15.51,11.81L15.53,11.72L15.55,11.63L15.57,11.54L15.61,11.45L15.64,11.36L15.69,11.28L15.73,11.20L15.79,11.12L15.84,11.04L15.91,10.97L15.97,10.91L16.04,10.84L16.12,10.79L16.20,10.73L16.28,10.69L16.36,10.64L16.45,10.61L16.54,10.57L16.63,10.55L16.72,10.53L16.81,10.51L16.91,10.50L17.00,10.50L17.09,10.50L17.19,10.51L17.28,10.53L17.37,10.55L17.46,10.57L17.55,10.61L17.64,10.64L17.72,10.69L17.80,10.73L17.88,10.79L17.96,10.84L18.03,10.91L18.09,10.97L18.16,11.04L18.21,11.12L18.27,11.20L18.31,11.28L18.36,11.36L18.39,11.45L18.43,11.54L18.45,11.63L18.47,11.72L18.49,11.81L18.50,11.91"]
                RenderPath {path} at (265.63,391.38) size 18.75x15.15 [stroke={[type=SOLID] [color=#000000] [stroke width=2.00]}] [fill={[type=SOLID] [color=#000000]}] [data="M10.00,19.00L15.00,23.00L20.00,19.00"]
          RenderSVGContainer {g} at (333.33,333.33) size 50x66.67 [transform={m=((1.00,0.00)(0.00,1.00)) t=(200.00,200.00)}]
            RenderSVGContainer {svg} at (333.33,335.83) size 50x100
              RenderPath {rect} at (333.33,335.83) size 50x100 [stroke={[type=SOLID] [color=#FF0000]}] [fill={[type=SOLID] [color=#000000]}] [data="M0.50,0.50L29.50,0.50L29.50,39.50L0.50,39.50"]
              RenderSVGContainer {g} at (341.67,360.83) size 33.33x50 [transform={m=((1.00,0.00)(0.00,1.00)) t=(0.00,5.00)}]
                RenderPath {circle} at (341.67,360.83) size 33.33x50 [fill={[type=SOLID] [color=#FFFF00]}] [data="M25.00,15.00L24.98,15.63L24.92,16.25L24.82,16.87L24.69,17.49L24.51,18.09L24.30,18.68L24.05,19.26L23.76,19.82L23.44,20.36L23.09,20.88L22.71,21.37L22.29,21.85L21.85,22.29L21.37,22.71L20.88,23.09L20.36,23.44L19.82,23.76L19.26,24.05L18.68,24.30L18.09,24.51L17.49,24.69L16.87,24.82L16.25,24.92L15.63,24.98L15.00,25.00L14.37,24.98L13.75,24.92L13.13,24.82L12.51,24.69L11.91,24.51L11.32,24.30L10.74,24.05L10.18,23.76L9.64,23.44L9.12,23.09L8.63,22.71L8.15,22.29L7.71,21.85L7.29,21.37L6.91,20.88L6.56,20.36L6.24,19.82L5.95,19.26L5.70,18.68L5.49,18.09L5.31,17.49L5.18,16.87L5.08,16.25L5.02,15.63L5.00,15.00L5.02,14.37L5.08,13.75L5.18,13.13L5.31,12.51L5.49,11.91L5.70,11.32L5.95,10.74L6.24,10.18L6.56,9.64L6.91,9.12L7.29,8.63L7.71,8.15L8.15,7.71L8.63,7.29L9.12,6.91L9.64,6.56L10.18,6.24L10.74,5.95L11.32,5.70L11.91,5.49L12.51,5.31L13.13,5.18L13.75,5.08L14.37,5.02L15.00,5.00L15.63,5.02L16.25,5.08L16.87,5.18L17.49,5.31L18.09,5.49L18.68,5.70L19.26,5.95L19.82,6.24L20.36,6.56L20.88,6.91L21.37,7.29L21.85,7.71L22.29,8.15L22.71,8.63L23.09,9.12L23.44,9.64L23.76,10.18L24.05,10.74L24.30,11.32L24.51,11.91L24.69,12.51L24.82,13.13L24.92,13.75L24.98,14.37"]
                RenderPath {circle} at (350.83,374.58) size 5x7.50 [fill={[type=SOLID] [color=#000000]}] [data="M13.50,12.00L13.50,12.09L13.49,12.19L13.47,12.28L13.45,12.37L13.43,12.46L13.39,12.55L13.36,12.64L13.31,12.72L13.27,12.80L13.21,12.88L13.16,12.96L13.09,13.03L13.03,13.09L12.96,13.16L12.88,13.21L12.80,13.27L12.72,13.31L12.64,13.36L12.55,13.39L12.46,13.43L12.37,13.45L12.28,13.47L12.19,13.49L12.09,13.50L12.00,13.50L11.91,13.50L11.81,13.49L11.72,13.47L11.63,13.45L11.54,13.43L11.45,13.39L11.36,13.36L11.28,13.31L11.20,13.27L11.12,13.21L11.04,13.16L10.97,13.09L10.91,13.03L10.84,12.96L10.79,12.88L10.73,12.80L10.69,12.72L10.64,12.64L10.61,12.55L10.57,12.46L10.55,12.37L10.53,12.28L10.51,12.19L10.50,12.09L10.50,12.00L10.50,11.91L10.51,11.81L10.53,11.72L10.55,11.63L10.57,11.54L10.61,11.45L10.64,11.36L10.69,11.28L10.73,11.20L10.79,11.12L10.84,11.04L10.91,10.97L10.97,10.91L11.04,10.84L11.12,10.79L11.20,10.73L11.28,10.69L11.36,10.64L11.45,10.61L11.54,10.57L11.63,10.55L11.72,10.53L11.81,10.51L11.91,10.50L12.00,10.50L12.09,10.50L12.19,10.51L12.28,10.53L12.37,10.55L12.46,10.57L12.55,10.61L12.64,10.64L12.72,10.69L12.80,10.73L12.88,10.79L12.96,10.84L13.03,10.91L13.09,10.97L13.16,11.04L13.21,11.12L13.27,11.20L13.31,11.28L13.36,11.36L13.39,11.45L13.43,11.54L13.45,11.63L13.47,11.72L13.49,11.81L13.50,11.91"]
                RenderPath {circle} at (359.17,374.58) size 5x7.50 [fill={[type=SOLID] [color=#000000]}] [data="M18.50,12.00L18.50,12.09L18.49,12.19L18.47,12.28L18.45,12.37L18.43,12.46L18.39,12.55L18.36,12.64L18.31,12.72L18.27,12.80L18.21,12.88L18.16,12.96L18.09,13.03L18.03,13.09L17.96,13.16L17.88,13.21L17.80,13.27L17.72,13.31L17.64,13.36L17.55,13.39L17.46,13.43L17.37,13.45L17.28,13.47L17.19,13.49L17.09,13.50L17.00,13.50L16.91,13.50L16.81,13.49L16.72,13.47L16.63,13.45L16.54,13.43L16.45,13.39L16.36,13.36L16.28,13.31L16.20,13.27L16.12,13.21L16.04,13.16L15.97,13.09L15.91,13.03L15.84,12.96L15.79,12.88L15.73,12.80L15.69,12.72L15.64,12.64L15.61,12.55L15.57,12.46L15.55,12.37L15.53,12.28L15.51,12.19L15.50,12.09L15.50,12.00L15.50,11.91L15.51,11.81L15.53,11.72L15.55,11.63L15.57,11.54L15.61,11.45L15.64,11.36L15.69,11.28L15.73,11.20L15.79,11.12L15.84,11.04L15.91,10.97L15.97,10.91L16.04,10.84L16.12,10.79L16.20,10.73L16.28,10.69L16.36,10.64L16.45,10.61L16.54,10.57L16.63,10.55L16.72,10.53L16.81,10.51L16.91,10.50L17.00,10.50L17.09,10.50L17.19,10.51L17.28,10.53L17.37,10.55L17.46,10.57L17.55,10.61L17.64,10.64L17.72,10.69L17.80,10.73L17.88,10.79L17.96,10.84L18.03,10.91L18.09,10.97L18.16,11.04L18.21,11.12L18.27,11.20L18.31,11.28L18.36,11.36L18.39,11.45L18.43,11.54L18.45,11.63L18.47,11.72L18.49,11.81L18.50,11.91"]
                RenderPath {path} at (348.96,393.88) size 18.75x15.15 [stroke={[type=SOLID] [color=#000000] [stroke width=2.00]}] [fill={[type=SOLID] [color=#000000]}] [data="M10.00,19.00L15.00,23.00L20.00,19.00"]
          RenderSVGContainer {g} at (416.67,333.33) size 50x66.67 [transform={m=((1.00,0.00)(0.00,1.00)) t=(250.00,200.00)}]
            RenderSVGContainer {svg} at (416.67,333.33) size 50x100
              RenderPath {rect} at (416.67,333.33) size 50x100 [stroke={[type=SOLID] [color=#FF0000]}] [fill={[type=SOLID] [color=#000000]}] [data="M0.50,0.50L29.50,0.50L29.50,39.50L0.50,39.50"]
              RenderSVGContainer {g} at (425,358.33) size 33.33x50 [transform={m=((1.00,0.00)(0.00,1.00)) t=(0.00,5.00)}]
                RenderPath {circle} at (425,358.33) size 33.33x50 [fill={[type=SOLID] [color=#FFFF00]}] [data="M25.00,15.00L24.98,15.63L24.92,16.25L24.82,16.87L24.69,17.49L24.51,18.09L24.30,18.68L24.05,19.26L23.76,19.82L23.44,20.36L23.09,20.88L22.71,21.37L22.29,21.85L21.85,22.29L21.37,22.71L20.88,23.09L20.36,23.44L19.82,23.76L19.26,24.05L18.68,24.30L18.09,24.51L17.49,24.69L16.87,24.82L16.25,24.92L15.63,24.98L15.00,25.00L14.37,24.98L13.75,24.92L13.13,24.82L12.51,24.69L11.91,24.51L11.32,24.30L10.74,24.05L10.18,23.76L9.64,23.44L9.12,23.09L8.63,22.71L8.15,22.29L7.71,21.85L7.29,21.37L6.91,20.88L6.56,20.36L6.24,19.82L5.95,19.26L5.70,18.68L5.49,18.09L5.31,17.49L5.18,16.87L5.08,16.25L5.02,15.63L5.00,15.00L5.02,14.37L5.08,13.75L5.18,13.13L5.31,12.51L5.49,11.91L5.70,11.32L5.95,10.74L6.24,10.18L6.56,9.64L6.91,9.12L7.29,8.63L7.71,8.15L8.15,7.71L8.63,7.29L9.12,6.91L9.64,6.56L10.18,6.24L10.74,5.95L11.32,5.70L11.91,5.49L12.51,5.31L13.13,5.18L13.75,5.08L14.37,5.02L15.00,5.00L15.63,5.02L16.25,5.08L16.87,5.18L17.49,5.31L18.09,5.49L18.68,5.70L19.26,5.95L19.82,6.24L20.36,6.56L20.88,6.91L21.37,7.29L21.85,7.71L22.29,8.15L22.71,8.63L23.09,9.12L23.44,9.64L23.76,10.18L24.05,10.74L24.30,11.32L24.51,11.91L24.69,12.51L24.82,13.13L24.92,13.75L24.98,14.37"]
                RenderPath {circle} at (434.17,372.08) size 5x7.50 [fill={[type=SOLID] [color=#000000]}] [data="M13.50,12.00L13.50,12.09L13.49,12.19L13.47,12.28L13.45,12.37L13.43,12.46L13.39,12.55L13.36,12.64L13.31,12.72L13.27,12.80L13.21,12.88L13.16,12.96L13.09,13.03L13.03,13.09L12.96,13.16L12.88,13.21L12.80,13.27L12.72,13.31L12.64,13.36L12.55,13.39L12.46,13.43L12.37,13.45L12.28,13.47L12.19,13.49L12.09,13.50L12.00,13.50L11.91,13.50L11.81,13.49L11.72,13.47L11.63,13.45L11.54,13.43L11.45,13.39L11.36,13.36L11.28,13.31L11.20,13.27L11.12,13.21L11.04,13.16L10.97,13.09L10.91,13.03L10.84,12.96L10.79,12.88L10.73,12.80L10.69,12.72L10.64,12.64L10.61,12.55L10.57,12.46L10.55,12.37L10.53,12.28L10.51,12.19L10.50,12.09L10.50,12.00L10.50,11.91L10.51,11.81L10.53,11.72L10.55,11.63L10.57,11.54L10.61,11.45L10.64,11.36L10.69,11.28L10.73,11.20L10.79,11.12L10.84,11.04L10.91,10.97L10.97,10.91L11.04,10.84L11.12,10.79L11.20,10.73L11.28,10.69L11.36,10.64L11.45,10.61L11.54,10.57L11.63,10.55L11.72,10.53L11.81,10.51L11.91,10.50L12.00,10.50L12.09,10.50L12.19,10.51L12.28,10.53L12.37,10.55L12.46,10.57L12.55,10.61L12.64,10.64L12.72,10.69L12.80,10.73L12.88,10.79L12.96,10.84L13.03,10.91L13.09,10.97L13.16,11.04L13.21,11.12L13.27,11.20L13.31,11.28L13.36,11.36L13.39,11.45L13.43,11.54L13.45,11.63L13.47,11.72L13.49,11.81L13.50,11.91"]
                RenderPath {circle} at (442.50,372.08) size 5x7.50 [fill={[type=SOLID] [color=#000000]}] [data="M18.50,12.00L18.50,12.09L18.49,12.19L18.47,12.28L18.45,12.37L18.43,12.46L18.39,12.55L18.36,12.64L18.31,12.72L18.27,12.80L18.21,12.88L18.16,12.96L18.09,13.03L18.03,13.09L17.96,13.16L17.88,13.21L17.80,13.27L17.72,13.31L17.64,13.36L17.55,13.39L17.46,13.43L17.37,13.45L17.28,13.47L17.19,13.49L17.09,13.50L17.00,13.50L16.91,13.50L16.81,13.49L16.72,13.47L16.63,13.45L16.54,13.43L16.45,13.39L16.36,13.36L16.28,13.31L16.20,13.27L16.12,13.21L16.04,13.16L15.97,13.09L15.91,13.03L15.84,12.96L15.79,12.88L15.73,12.80L15.69,12.72L15.64,12.64L15.61,12.55L15.57,12.46L15.55,12.37L15.53,12.28L15.51,12.19L15.50,12.09L15.50,12.00L15.50,11.91L15.51,11.81L15.53,11.72L15.55,11.63L15.57,11.54L15.61,11.45L15.64,11.36L15.69,11.28L15.73,11.20L15.79,11.12L15.84,11.04L15.91,10.97L15.97,10.91L16.04,10.84L16.12,10.79L16.20,10.73L16.28,10.69L16.36,10.64L16.45,10.61L16.54,10.57L16.63,10.55L16.72,10.53L16.81,10.51L16.91,10.50L17.00,10.50L17.09,10.50L17.19,10.51L17.28,10.53L17.37,10.55L17.46,10.57L17.55,10.61L17.64,10.64L17.72,10.69L17.80,10.73L17.88,10.79L17.96,10.84L18.03,10.91L18.09,10.97L18.16,11.04L18.21,11.12L18.27,11.20L18.31,11.28L18.36,11.36L18.39,11.45L18.43,11.54L18.45,11.63L18.47,11.72L18.49,11.81L18.50,11.91"]
                RenderPath {path} at (432.29,391.38) size 18.75x15.15 [stroke={[type=SOLID] [color=#000000] [stroke width=2.00]}] [fill={[type=SOLID] [color=#000000]}] [data="M10.00,19.00L15.00,23.00L20.00,19.00"]
          RenderSVGContainer {g} at (500,333.33) size 50x66.67 [transform={m=((1.00,0.00)(0.00,1.00)) t=(300.00,200.00)}]
            RenderSVGContainer {svg} at (500,333.33) size 50x100
              RenderPath {rect} at (500,333.33) size 50x100 [stroke={[type=SOLID] [color=#FF0000]}] [fill={[type=SOLID] [color=#000000]}] [data="M0.50,0.50L29.50,0.50L29.50,39.50L0.50,39.50"]
              RenderSVGContainer {g} at (508.33,358.33) size 33.33x50 [transform={m=((1.00,0.00)(0.00,1.00)) t=(0.00,5.00)}]
                RenderPath {circle} at (508.33,358.33) size 33.33x50 [fill={[type=SOLID] [color=#FFFF00]}] [data="M25.00,15.00L24.98,15.63L24.92,16.25L24.82,16.87L24.69,17.49L24.51,18.09L24.30,18.68L24.05,19.26L23.76,19.82L23.44,20.36L23.09,20.88L22.71,21.37L22.29,21.85L21.85,22.29L21.37,22.71L20.88,23.09L20.36,23.44L19.82,23.76L19.26,24.05L18.68,24.30L18.09,24.51L17.49,24.69L16.87,24.82L16.25,24.92L15.63,24.98L15.00,25.00L14.37,24.98L13.75,24.92L13.13,24.82L12.51,24.69L11.91,24.51L11.32,24.30L10.74,24.05L10.18,23.76L9.64,23.44L9.12,23.09L8.63,22.71L8.15,22.29L7.71,21.85L7.29,21.37L6.91,20.88L6.56,20.36L6.24,19.82L5.95,19.26L5.70,18.68L5.49,18.09L5.31,17.49L5.18,16.87L5.08,16.25L5.02,15.63L5.00,15.00L5.02,14.37L5.08,13.75L5.18,13.13L5.31,12.51L5.49,11.91L5.70,11.32L5.95,10.74L6.24,10.18L6.56,9.64L6.91,9.12L7.29,8.63L7.71,8.15L8.15,7.71L8.63,7.29L9.12,6.91L9.64,6.56L10.18,6.24L10.74,5.95L11.32,5.70L11.91,5.49L12.51,5.31L13.13,5.18L13.75,5.08L14.37,5.02L15.00,5.00L15.63,5.02L16.25,5.08L16.87,5.18L17.49,5.31L18.09,5.49L18.68,5.70L19.26,5.95L19.82,6.24L20.36,6.56L20.88,6.91L21.37,7.29L21.85,7.71L22.29,8.15L22.71,8.63L23.09,9.12L23.44,9.64L23.76,10.18L24.05,10.74L24.30,11.32L24.51,11.91L24.69,12.51L24.82,13.13L24.92,13.75L24.98,14.37"]
                RenderPath {circle} at (517.50,372.08) size 5x7.50 [fill={[type=SOLID] [color=#000000]}] [data="M13.50,12.00L13.50,12.09L13.49,12.19L13.47,12.28L13.45,12.37L13.43,12.46L13.39,12.55L13.36,12.64L13.31,12.72L13.27,12.80L13.21,12.88L13.16,12.96L13.09,13.03L13.03,13.09L12.96,13.16L12.88,13.21L12.80,13.27L12.72,13.31L12.64,13.36L12.55,13.39L12.46,13.43L12.37,13.45L12.28,13.47L12.19,13.49L12.09,13.50L12.00,13.50L11.91,13.50L11.81,13.49L11.72,13.47L11.63,13.45L11.54,13.43L11.45,13.39L11.36,13.36L11.28,13.31L11.20,13.27L11.12,13.21L11.04,13.16L10.97,13.09L10.91,13.03L10.84,12.96L10.79,12.88L10.73,12.80L10.69,12.72L10.64,12.64L10.61,12.55L10.57,12.46L10.55,12.37L10.53,12.28L10.51,12.19L10.50,12.09L10.50,12.00L10.50,11.91L10.51,11.81L10.53,11.72L10.55,11.63L10.57,11.54L10.61,11.45L10.64,11.36L10.69,11.28L10.73,11.20L10.79,11.12L10.84,11.04L10.91,10.97L10.97,10.91L11.04,10.84L11.12,10.79L11.20,10.73L11.28,10.69L11.36,10.64L11.45,10.61L11.54,10.57L11.63,10.55L11.72,10.53L11.81,10.51L11.91,10.50L12.00,10.50L12.09,10.50L12.19,10.51L12.28,10.53L12.37,10.55L12.46,10.57L12.55,10.61L12.64,10.64L12.72,10.69L12.80,10.73L12.88,10.79L12.96,10.84L13.03,10.91L13.09,10.97L13.16,11.04L13.21,11.12L13.27,11.20L13.31,11.28L13.36,11.36L13.39,11.45L13.43,11.54L13.45,11.63L13.47,11.72L13.49,11.81L13.50,11.91"]
                RenderPath {circle} at (525.83,372.08) size 5x7.50 [fill={[type=SOLID] [color=#000000]}] [data="M18.50,12.00L18.50,12.09L18.49,12.19L18.47,12.28L18.45,12.37L18.43,12.46L18.39,12.55L18.36,12.64L18.31,12.72L18.27,12.80L18.21,12.88L18.16,12.96L18.09,13.03L18.03,13.09L17.96,13.16L17.88,13.21L17.80,13.27L17.72,13.31L17.64,13.36L17.55,13.39L17.46,13.43L17.37,13.45L17.28,13.47L17.19,13.49L17.09,13.50L17.00,13.50L16.91,13.50L16.81,13.49L16.72,13.47L16.63,13.45L16.54,13.43L16.45,13.39L16.36,13.36L16.28,13.31L16.20,13.27L16.12,13.21L16.04,13.16L15.97,13.09L15.91,13.03L15.84,12.96L15.79,12.88L15.73,12.80L15.69,12.72L15.64,12.64L15.61,12.55L15.57,12.46L15.55,12.37L15.53,12.28L15.51,12.19L15.50,12.09L15.50,12.00L15.50,11.91L15.51,11.81L15.53,11.72L15.55,11.63L15.57,11.54L15.61,11.45L15.64,11.36L15.69,11.28L15.73,11.20L15.79,11.12L15.84,11.04L15.91,10.97L15.97,10.91L16.04,10.84L16.12,10.79L16.20,10.73L16.28,10.69L16.36,10.64L16.45,10.61L16.54,10.57L16.63,10.55L16.72,10.53L16.81,10.51L16.91,10.50L17.00,10.50L17.09,10.50L17.19,10.51L17.28,10.53L17.37,10.55L17.46,10.57L17.55,10.61L17.64,10.64L17.72,10.69L17.80,10.73L17.88,10.79L17.96,10.84L18.03,10.91L18.09,10.97L18.16,11.04L18.21,11.12L18.27,11.20L18.31,11.28L18.36,11.36L18.39,11.45L18.43,11.54L18.45,11.63L18.47,11.72L18.49,11.81L18.50,11.91"]
                RenderPath {path} at (515.63,391.38) size 18.75x15.15 [stroke={[type=SOLID] [color=#000000] [stroke width=2.00]}] [fill={[type=SOLID] [color=#000000]}] [data="M10.00,19.00L15.00,23.00L20.00,19.00"]
          RenderSVGContainer {g} at (583.33,333.33) size 50x66.67 [transform={m=((1.00,0.00)(0.00,1.00)) t=(350.00,200.00)}]
            RenderSVGContainer {svg} at (583.33,333.33) size 50x100
              RenderPath {rect} at (583.33,333.33) size 50x100 [stroke={[type=SOLID] [color=#FF0000]}] [fill={[type=SOLID] [color=#000000]}] [data="M0.50,0.50L29.50,0.50L29.50,39.50L0.50,39.50"]
              RenderSVGContainer {g} at (591.67,358.33) size 33.33x50 [transform={m=((1.00,0.00)(0.00,1.00)) t=(0.00,5.00)}]
                RenderPath {circle} at (591.67,358.33) size 33.33x50 [fill={[type=SOLID] [color=#FFFF00]}] [data="M25.00,15.00L24.98,15.63L24.92,16.25L24.82,16.87L24.69,17.49L24.51,18.09L24.30,18.68L24.05,19.26L23.76,19.82L23.44,20.36L23.09,20.88L22.71,21.37L22.29,21.85L21.85,22.29L21.37,22.71L20.88,23.09L20.36,23.44L19.82,23.76L19.26,24.05L18.68,24.30L18.09,24.51L17.49,24.69L16.87,24.82L16.25,24.92L15.63,24.98L15.00,25.00L14.37,24.98L13.75,24.92L13.13,24.82L12.51,24.69L11.91,24.51L11.32,24.30L10.74,24.05L10.18,23.76L9.64,23.44L9.12,23.09L8.63,22.71L8.15,22.29L7.71,21.85L7.29,21.37L6.91,20.88L6.56,20.36L6.24,19.82L5.95,19.26L5.70,18.68L5.49,18.09L5.31,17.49L5.18,16.87L5.08,16.25L5.02,15.63L5.00,15.00L5.02,14.37L5.08,13.75L5.18,13.13L5.31,12.51L5.49,11.91L5.70,11.32L5.95,10.74L6.24,10.18L6.56,9.64L6.91,9.12L7.29,8.63L7.71,8.15L8.15,7.71L8.63,7.29L9.12,6.91L9.64,6.56L10.18,6.24L10.74,5.95L11.32,5.70L11.91,5.49L12.51,5.31L13.13,5.18L13.75,5.08L14.37,5.02L15.00,5.00L15.63,5.02L16.25,5.08L16.87,5.18L17.49,5.31L18.09,5.49L18.68,5.70L19.26,5.95L19.82,6.24L20.36,6.56L20.88,6.91L21.37,7.29L21.85,7.71L22.29,8.15L22.71,8.63L23.09,9.12L23.44,9.64L23.76,10.18L24.05,10.74L24.30,11.32L24.51,11.91L24.69,12.51L24.82,13.13L24.92,13.75L24.98,14.37"]
                RenderPath {circle} at (600.83,372.08) size 5x7.50 [fill={[type=SOLID] [color=#000000]}] [data="M13.50,12.00L13.50,12.09L13.49,12.19L13.47,12.28L13.45,12.37L13.43,12.46L13.39,12.55L13.36,12.64L13.31,12.72L13.27,12.80L13.21,12.88L13.16,12.96L13.09,13.03L13.03,13.09L12.96,13.16L12.88,13.21L12.80,13.27L12.72,13.31L12.64,13.36L12.55,13.39L12.46,13.43L12.37,13.45L12.28,13.47L12.19,13.49L12.09,13.50L12.00,13.50L11.91,13.50L11.81,13.49L11.72,13.47L11.63,13.45L11.54,13.43L11.45,13.39L11.36,13.36L11.28,13.31L11.20,13.27L11.12,13.21L11.04,13.16L10.97,13.09L10.91,13.03L10.84,12.96L10.79,12.88L10.73,12.80L10.69,12.72L10.64,12.64L10.61,12.55L10.57,12.46L10.55,12.37L10.53,12.28L10.51,12.19L10.50,12.09L10.50,12.00L10.50,11.91L10.51,11.81L10.53,11.72L10.55,11.63L10.57,11.54L10.61,11.45L10.64,11.36L10.69,11.28L10.73,11.20L10.79,11.12L10.84,11.04L10.91,10.97L10.97,10.91L11.04,10.84L11.12,10.79L11.20,10.73L11.28,10.69L11.36,10.64L11.45,10.61L11.54,10.57L11.63,10.55L11.72,10.53L11.81,10.51L11.91,10.50L12.00,10.50L12.09,10.50L12.19,10.51L12.28,10.53L12.37,10.55L12.46,10.57L12.55,10.61L12.64,10.64L12.72,10.69L12.80,10.73L12.88,10.79L12.96,10.84L13.03,10.91L13.09,10.97L13.16,11.04L13.21,11.12L13.27,11.20L13.31,11.28L13.36,11.36L13.39,11.45L13.43,11.54L13.45,11.63L13.47,11.72L13.49,11.81L13.50,11.91"]
                RenderPath {circle} at (609.17,372.08) size 5x7.50 [fill={[type=SOLID] [color=#000000]}] [data="M18.50,12.00L18.50,12.09L18.49,12.19L18.47,12.28L18.45,12.37L18.43,12.46L18.39,12.55L18.36,12.64L18.31,12.72L18.27,12.80L18.21,12.88L18.16,12.96L18.09,13.03L18.03,13.09L17.96,13.16L17.88,13.21L17.80,13.27L17.72,13.31L17.64,13.36L17.55,13.39L17.46,13.43L17.37,13.45L17.28,13.47L17.19,13.49L17.09,13.50L17.00,13.50L16.91,13.50L16.81,13.49L16.72,13.47L16.63,13.45L16.54,13.43L16.45,13.39L16.36,13.36L16.28,13.31L16.20,13.27L16.12,13.21L16.04,13.16L15.97,13.09L15.91,13.03L15.84,12.96L15.79,12.88L15.73,12.80L15.69,12.72L15.64,12.64L15.61,12.55L15.57,12.46L15.55,12.37L15.53,12.28L15.51,12.19L15.50,12.09L15.50,12.00L15.50,11.91L15.51,11.81L15.53,11.72L15.55,11.63L15.57,11.54L15.61,11.45L15.64,11.36L15.69,11.28L15.73,11.20L15.79,11.12L15.84,11.04L15.91,10.97L15.97,10.91L16.04,10.84L16.12,10.79L16.20,10.73L16.28,10.69L16.36,10.64L16.45,10.61L16.54,10.57L16.63,10.55L16.72,10.53L16.81,10.51L16.91,10.50L17.00,10.50L17.09,10.50L17.19,10.51L17.28,10.53L17.37,10.55L17.46,10.57L17.55,10.61L17.64,10.64L17.72,10.69L17.80,10.73L17.88,10.79L17.96,10.84L18.03,10.91L18.09,10.97L18.16,11.04L18.21,11.12L18.27,11.20L18.31,11.28L18.36,11.36L18.39,11.45L18.43,11.54L18.45,11.63L18.47,11.72L18.49,11.81L18.50,11.91"]
                RenderPath {path} at (598.96,391.38) size 18.75x15.15 [stroke={[type=SOLID] [color=#000000] [stroke width=2.00]}] [fill={[type=SOLID] [color=#000000]}] [data="M10.00,19.00L15.00,23.00L20.00,19.00"]
