layer at (0,0) size 800x600
  RenderView at (0,0) size 800x600
layer at (0,0) size 800x600
  RenderBlock {HTML} at (0,0) size 800x600
    RenderBody {BODY} at (8,8) size 784x578
      RenderBlock {FORM} at (0,0) size 784x57
        RenderTextControl {TEXTAREA} at (2,2) size 183x40 [bgcolor=#FFFFFF] [border: (1px solid #000000)]
        RenderText {#text} at (187,30) size 4x19
          text run at (187,30) width 4: " "
        RenderTextControl {TEXTAREA} at (193,2) size 183x40 [bgcolor=#FFFFFF] [border: (1px solid #000000)]
        RenderText {#text} at (378,30) size 4x19
          text run at (378,30) width 4: " "
        RenderButton {INPUT} at (384,25) size 53x30 [bgcolor=#C0C0C0]
          RenderBlock (anonymous) at (8,5) size 37x19
            RenderText at (0,0) size 37x19
              text run at (0,0) width 37: "Reset"
        RenderText {#text} at (0,0) size 0x0
      RenderBlock {P} at (0,71) size 784x76
        RenderText {#text} at (0,0) size 366x19
          text run at (0,0) width 366: "This test verifies that textarea controls are properly reset. "
        RenderBR {BR} at (366,14) size 0x0
        RenderText {#text} at (0,19) size 460x19
          text run at (0,19) width 460: "You should see two element IDs below, and the word \"SUCCESS\" twice: "
        RenderBR {BR} at (460,33) size 0x0
        RenderText {#text} at (0,38) size 167x19
          text run at (0,38) width 167: "noDefaultText: SUCCESS "
        RenderBR {BR} at (167,52) size 0x0
        RenderText {#text} at (0,57) size 170x19
          text run at (0,57) width 170: "hasDefaultText: SUCCESS"
        RenderText {#text} at (0,0) size 0x0
        RenderText {#text} at (0,0) size 0x0
layer at (11,11) size 181x38
  RenderBlock {DIV} at (1,1) size 181x38
layer at (202,11) size 181x38
  RenderBlock {DIV} at (1,1) size 181x38
    RenderText {#text} at (3,0) size 77x19
      text run at (3,0) width 77: "Default Text"
