layer at (0,0) size 934x584
  RenderView at (0,0) size 800x584
layer at (-134,0) size 934x584 backgroundClip at (0,0) size 934x584 clip at (0,0) size 934x584 outlineClip at (0,0) size 934x584
  RenderBlock {HTML} at (0,0) size 934x584
    RenderBody {BODY} at (8,8) size 918x568
layer at (341,8) size 451x568
  RenderBlock {DIV} at (0,0) size 451x568 [border: (5px solid #0000FF)]
    RenderBlock (anonymous) at (5,5) size 441x271
      RenderText {#text} at (0,0) size 21x115
        text run at (0,0) width 115: "This is some text."
      RenderBR {BR} at (16,115) size 0x0
      RenderText {#text} at (21,0) size 21x115
        text run at (21,0) width 115: "This is some text."
      RenderBR {BR} at (37,115) size 0x0
      RenderText {#text} at (42,0) size 21x115
        text run at (42,0) width 115: "This is some text."
      RenderBR {BR} at (58,115) size 0x0
      RenderText {#text} at (63,0) size 21x115
        text run at (63,0) width 115: "This is some text."
      RenderBR {BR} at (79,115) size 0x0
      RenderText {#text} at (84,0) size 21x115
        text run at (84,0) width 115: "This is some text."
      RenderBR {BR} at (100,115) size 0x0
      RenderText {#text} at (105,0) size 21x115
        text run at (105,0) width 115: "This is some text."
      RenderBR {BR} at (121,115) size 0x0
      RenderText {#text} at (126,0) size 21x115
        text run at (126,0) width 115: "This is some text."
      RenderBR {BR} at (142,115) size 0x0
      RenderText {#text} at (147,0) size 21x115
        text run at (147,0) width 115: "This is some text."
      RenderBR {BR} at (163,115) size 0x0
      RenderText {#text} at (168,0) size 21x115
        text run at (168,0) width 115: "This is some text."
      RenderBR {BR} at (184,115) size 0x0
      RenderText {#text} at (189,0) size 21x115
        text run at (189,0) width 115: "This is some text."
      RenderBR {BR} at (205,115) size 0x0
      RenderText {#text} at (210,0) size 21x115
        text run at (210,0) width 115: "This is some text."
      RenderBR {BR} at (226,115) size 0x0
      RenderText {#text} at (231,0) size 21x115
        text run at (231,0) width 115: "This is some text."
      RenderBR {BR} at (247,115) size 0x0
      RenderText {#text} at (252,0) size 21x115
        text run at (252,0) width 115: "This is some text."
      RenderBR {BR} at (268,115) size 0x0
      RenderText {#text} at (273,0) size 21x115
        text run at (273,0) width 115: "This is some text."
      RenderBR {BR} at (289,115) size 0x0
      RenderText {#text} at (294,0) size 21x115
        text run at (294,0) width 115: "This is some text."
      RenderBR {BR} at (310,115) size 0x0
      RenderText {#text} at (315,0) size 21x115
        text run at (315,0) width 115: "This is some text."
      RenderBR {BR} at (331,115) size 0x0
      RenderText {#text} at (336,0) size 21x115
        text run at (336,0) width 115: "This is some text."
      RenderBR {BR} at (352,115) size 0x0
      RenderText {#text} at (357,0) size 21x115
        text run at (357,0) width 115: "This is some text."
      RenderBR {BR} at (373,115) size 0x0
      RenderText {#text} at (378,0) size 21x115
        text run at (378,0) width 115: "This is some text."
      RenderBR {BR} at (394,115) size 0x0
      RenderText {#text} at (399,0) size 21x115
        text run at (399,0) width 115: "This is some text."
      RenderBR {BR} at (415,115) size 0x0
      RenderText {#text} at (420,0) size 21x115
        text run at (420,0) width 115: "This is some text."
      RenderBR {BR} at (436,115) size 0x0
    RenderBlock {DIV} at (446,5) size 168x271
      RenderText {#text} at (0,0) size 42x220
        text run at (0,0) width 220: "This text should be in the second"
        text run at (21,0) width 54: "column."
      RenderBR {BR} at (37,54) size 0x0
      RenderText {#text} at (42,0) size 42x220
        text run at (42,0) width 220: "This text should be in the second"
        text run at (63,0) width 54: "column."
      RenderBR {BR} at (79,54) size 0x0
      RenderText {#text} at (84,0) size 42x220
        text run at (84,0) width 220: "This text should be in the second"
        text run at (105,0) width 54: "column."
      RenderBR {BR} at (121,54) size 0x0
      RenderText {#text} at (126,0) size 42x220
        text run at (126,0) width 220: "This text should be in the second"
        text run at (147,0) width 54: "column."
      RenderBR {BR} at (163,54) size 0x0
layer at (-126,8) size 451x568 backgroundClip at (0,0) size 934x584 clip at (0,0) size 934x584 outlineClip at (0,0) size 934x584
  RenderBlock {DIV} at (467,0) size 451x568 [border: (5px solid #0000FF)]
    RenderBlock (anonymous) at (5,5) size 84x271
      RenderText {#text} at (0,0) size 21x259
        text run at (0,0) width 259: "This text should be in the first column."
      RenderBR {BR} at (16,259) size 0x0
      RenderText {#text} at (21,0) size 21x259
        text run at (21,0) width 259: "This text should be in the first column."
      RenderBR {BR} at (37,259) size 0x0
      RenderText {#text} at (42,0) size 21x259
        text run at (42,0) width 259: "This text should be in the first column."
      RenderBR {BR} at (58,259) size 0x0
      RenderText {#text} at (63,0) size 21x259
        text run at (63,0) width 259: "This text should be in the first column."
      RenderBR {BR} at (79,259) size 0x0
    RenderBlock {DIV} at (446,5) size 441x271
      RenderText {#text} at (0,0) size 21x115
        text run at (0,0) width 115: "This is some text."
      RenderBR {BR} at (16,115) size 0x0
      RenderText {#text} at (21,0) size 21x115
        text run at (21,0) width 115: "This is some text."
      RenderBR {BR} at (37,115) size 0x0
      RenderText {#text} at (42,0) size 21x115
        text run at (42,0) width 115: "This is some text."
      RenderBR {BR} at (58,115) size 0x0
      RenderText {#text} at (63,0) size 21x115
        text run at (63,0) width 115: "This is some text."
      RenderBR {BR} at (79,115) size 0x0
      RenderText {#text} at (84,0) size 21x115
        text run at (84,0) width 115: "This is some text."
      RenderBR {BR} at (100,115) size 0x0
      RenderText {#text} at (105,0) size 21x115
        text run at (105,0) width 115: "This is some text."
      RenderBR {BR} at (121,115) size 0x0
      RenderText {#text} at (126,0) size 21x115
        text run at (126,0) width 115: "This is some text."
      RenderBR {BR} at (142,115) size 0x0
      RenderText {#text} at (147,0) size 21x115
        text run at (147,0) width 115: "This is some text."
      RenderBR {BR} at (163,115) size 0x0
      RenderText {#text} at (168,0) size 21x115
        text run at (168,0) width 115: "This is some text."
      RenderBR {BR} at (184,115) size 0x0
      RenderText {#text} at (189,0) size 21x115
        text run at (189,0) width 115: "This is some text."
      RenderBR {BR} at (205,115) size 0x0
      RenderText {#text} at (210,0) size 21x115
        text run at (210,0) width 115: "This is some text."
      RenderBR {BR} at (226,115) size 0x0
      RenderText {#text} at (231,0) size 21x115
        text run at (231,0) width 115: "This is some text."
      RenderBR {BR} at (247,115) size 0x0
      RenderText {#text} at (252,0) size 21x115
        text run at (252,0) width 115: "This is some text."
      RenderBR {BR} at (268,115) size 0x0
      RenderText {#text} at (273,0) size 21x115
        text run at (273,0) width 115: "This is some text."
      RenderBR {BR} at (289,115) size 0x0
      RenderText {#text} at (294,0) size 21x115
        text run at (294,0) width 115: "This is some text."
      RenderBR {BR} at (310,115) size 0x0
      RenderText {#text} at (315,0) size 21x115
        text run at (315,0) width 115: "This is some text."
      RenderBR {BR} at (331,115) size 0x0
      RenderText {#text} at (336,0) size 21x115
        text run at (336,0) width 115: "This is some text."
      RenderBR {BR} at (352,115) size 0x0
      RenderText {#text} at (357,0) size 21x115
        text run at (357,0) width 115: "This is some text."
      RenderBR {BR} at (373,115) size 0x0
      RenderText {#text} at (378,0) size 21x115
        text run at (378,0) width 115: "This is some text."
      RenderBR {BR} at (394,115) size 0x0
      RenderText {#text} at (399,0) size 21x115
        text run at (399,0) width 115: "This is some text."
      RenderBR {BR} at (415,115) size 0x0
      RenderText {#text} at (420,0) size 21x115
        text run at (420,0) width 115: "This is some text."
      RenderBR {BR} at (436,115) size 0x0
