layer at (0,0) size 992x584
  RenderView at (0,0) size 800x584
layer at (-192,0) size 992x584 backgroundClip at (0,0) size 992x584 clip at (0,0) size 992x584 outlineClip at (0,0) size 992x584
  RenderBlock {HTML} at (0,0) size 992x584
    RenderBody {BODY} at (8,8) size 976x568
layer at (-184,8) size 976x568 backgroundClip at (0,0) size 992x584 clip at (0,0) size 992x584 outlineClip at (0,0) size 992x584
  RenderBlock {DIV} at (0,0) size 976x568 [border: (5px solid #000000)]
    RenderText {#text} at (5,15) size 2856x168
      text run at (5,15) width 150: "Lorem ipsum dolor sit"
      text run at (26,15) width 125: "amet, consectetuer"
      text run at (47,15) width 137: "adipiscing elit. Nulla"
      text run at (68,15) width 123: "varius enim ac mi."
      text run at (89,15) width 147: "Curabitur sollicitudin"
      text run at (110,15) width 164: "felis quis lectus. Quisque"
      text run at (131,15) width 161: "adipiscing rhoncus sem."
      text run at (152,15) width 124: "Proin nulla purus,"
      text run at (173,15) width 159: "vulputate vel, varius ut,"
      text run at (194,15) width 136: "euismod et, nisi. Sed"
      text run at (215,15) width 165: "vitae felis vel orci sagittis"
      text run at (236,15) width 158: "aliquam. Cras convallis"
      text run at (257,15) width 139: "adipiscing sem. Nam"
      text run at (278,15) width 164: "nonummy enim. Nullam"
      text run at (299,15) width 124: "bibendum lobortis"
      text run at (320,15) width 159: "neque. Vestibulum velit"
      text run at (341,15) width 147: "orci, tempus euismod,"
      text run at (362,15) width 157: "pretium quis, interdum"
      text run at (383,15) width 145: "vitae, nulla. Phasellus"
      text run at (404,15) width 120: "eget ante et tortor"
      text run at (425,15) width 93: "condimentum"
      text run at (446,15) width 163: "vestibulum. Suspendisse"
      text run at (467,15) width 168: "hendrerit quam nec felis."
      text run at (488,15) width 151: "Sed varius turpis vitae"
      text run at (509,15) width 131: "pede. Lorem ipsum"
      text run at (530,15) width 96: "dolor sit amet,"
      text run at (551,15) width 156: "consectetuer adipiscing"
      text run at (572,15) width 139: "elit. Proin bibendum"
      text run at (593,15) width 133: "justo ac enim. Class"
      text run at (614,15) width 162: "aptent taciti sociosqu ad"
      text run at (635,15) width 126: "litora torquent per"
      text run at (656,15) width 132: "conubia nostra, per"
      text run at (677,15) width 167: "inceptos hymenaeos. Sed"
      text run at (698,15) width 139: "leo nulla, rutrum eu,"
      text run at (719,15) width 153: "dictum ut, posuere vel,"
      text run at (740,15) width 166: "arcu. Nam libero. Morbi"
      text run at (761,15) width 101: "orci. Maecenas"
      text run at (782,15) width 161: "pellentesque. Curabitur"
      text run at (803,15) width 149: "erat erat, ullamcorper"
      text run at (824,15) width 159: "at, gravida vitae, iaculis"
      text run at (845,15) width 165: "vitae, elit. Nullam quam."
      text run at (866,15) width 132: "Quisque orci lectus,"
      text run at (887,15) width 107: "ullamcorper eu,"
      text run at (908,15) width 166: "imperdiet sed, accumsan"
      text run at (929,15) width 165: "et, ligula. Duis diam nisl,"
      text run at (950,15) width 114: "sagittis a, blandit"
      text run at (971,15) width 157: "volutpat, interdum sed,"
      text run at (992,15) width 161: "velit. Vestibulum quam."
      text run at (1013,15) width 164: "Nulla a purus. Phasellus"
      text run at (1034,15) width 148: "semper semper lectus."
      text run at (1055,15) width 143: "Nulla porttitor, dolor"
      text run at (1076,15) width 124: "dictum scelerisque"
      text run at (1097,15) width 121: "luctus, velit ipsum"
      text run at (1118,15) width 125: "lobortis mauris, ac"
      text run at (1139,15) width 152: "pretium enim nunc vel"
      text run at (1160,15) width 155: "risus. Proin gravida mi"
      text run at (1181,15) width 141: "ut sem cursus mattis."
      text run at (1202,15) width 152: "Fusce laoreet, nisi quis"
      text run at (1223,15) width 139: "luctus volutpat, arcu"
      text run at (1244,15) width 165: "pede tincidunt enim, nec"
      text run at (1265,15) width 156: "malesuada urna nisl eu"
      text run at (1286,15) width 147: "enim. Vivamus varius"
      text run at (1307,15) width 108: "augue ac purus."
      text run at (1328,15) width 160: "Vestibulum vestibulum."
      text run at (1349,15) width 137: "Phasellus et est vitae"
      text run at (1370,15) width 163: "ante accumsan rhoncus."
      text run at (1391,15) width 161: "Morbi convallis, arcu at"
      text run at (1412,15) width 154: "hendrerit gravida, sem"
      text run at (1433,15) width 167: "diam dignissim risus, sed"
      text run at (1454,15) width 141: "aliquet erat mi ut mi."
      text run at (1475,15) width 161: "Nunc cursus lacinia elit."
      text run at (1496,15) width 145: "Nunc nisi. Quisque at"
      text run at (1517,15) width 164: "erat. Vestibulum dictum"
      text run at (1538,15) width 155: "quam vitae nibh. Nunc"
      text run at (1559,15) width 128: "vitae ante non odio"
      text run at (1580,15) width 119: "interdum blandit."
      text run at (1601,15) width 140: "Curabitur leo quam,"
      text run at (1622,15) width 155: "fermentum sed, feugiat"
      text run at (1643,15) width 164: "in, ullamcorper id, nibh."
      text run at (1664,15) width 167: "Suspendisse ac turpis. In"
      text run at (1685,15) width 149: "iaculis sollicitudin dui."
      text run at (1706,15) width 166: "Aenean vitae lectus vitae"
      text run at (1727,15) width 121: "nulla pellentesque"
      text run at (1748,15) width 118: "sollicitudin. Nunc"
      text run at (1769,15) width 162: "gravida pharetra lectus."
      text run at (1790,15) width 124: "Etiam lacus ligula,"
      text run at (1811,15) width 168: "placerat ut, dictum vitae,"
      text run at (1832,15) width 153: "tempus vel, risus. Cras"
      text run at (1853,15) width 168: "rhoncus. Praesent varius"
      text run at (1874,15) width 134: "ultricies orci. Donec"
      text run at (1895,15) width 158: "mattis, neque ut ornare"
      text run at (1916,15) width 127: "fringilla, ante urna"
      text run at (1937,15) width 114: "placerat eros, vel"
      text run at (1958,15) width 155: "commodo nisi tortor ut"
      text run at (1979,15) width 148: "mauris. Morbi magna"
      text run at (2000,15) width 136: "dui, sagittis sit amet,"
      text run at (2021,15) width 159: "tincidunt et, elementum"
      text run at (2042,15) width 121: "eget, quam. Fusce"
      text run at (2063,15) width 148: "molestie nisl vitae nisi."
      text run at (2084,15) width 141: "Vestibulum a sapien."
      text run at (2105,15) width 138: "Phasellus ante lacus,"
      text run at (2126,15) width 154: "vehicula non, cursus a,"
      text run at (2147,15) width 125: "tempor ut, magna."
      text run at (2168,15) width 136: "Suspendisse potenti."
      text run at (2189,15) width 126: "Fusce aliquet, odio"
      text run at (2210,15) width 117: "viverra vulputate"
      text run at (2231,15) width 165: "dictum, enim odio luctus"
      text run at (2252,15) width 139: "purus, ut scelerisque"
      text run at (2273,15) width 133: "quam nulla non est."
      text run at (2294,15) width 168: "Donec eros lacus, egestas"
      text run at (2315,15) width 120: "vitae, lacinia quis,"
      text run at (2336,15) width 125: "tempor quis, pede."
      text run at (2357,15) width 154: "Morbi orci erat, iaculis"
      text run at (2378,15) width 168: "id, ornare ac, elementum"
      text run at (2399,15) width 142: "at, sem. Nunc ornare"
      text run at (2420,15) width 126: "sodales nisi. Morbi"
      text run at (2441,15) width 164: "interdum commodo nisl."
      text run at (2462,15) width 159: "Fusce eget eros non nisi"
      text run at (2483,15) width 131: "ornare facilisis. Sed"
      text run at (2504,15) width 168: "placerat, est non posuere"
      text run at (2525,15) width 131: "posuere, purus sem"
      text run at (2546,15) width 122: "dignissim libero, a"
      text run at (2567,15) width 151: "viverra tellus dolor vel"
      text run at (2588,15) width 129: "lorem. Cras augue."
      text run at (2609,15) width 98: "Etiam ultricies"
      text run at (2630,15) width 158: "consequat odio. Mauris"
      text run at (2651,15) width 168: "ac libero. Etiam posuere,"
      text run at (2672,15) width 135: "libero vitae euismod"
      text run at (2693,15) width 117: "gravida, urna elit"
      text run at (2714,15) width 142: "imperdiet magna, vel"
      text run at (2735,15) width 128: "cursus elit felis non"
      text run at (2756,15) width 163: "mauris. Donec orci erat,"
      text run at (2777,15) width 147: "porta id, dignissim ut,"
      text run at (2798,15) width 135: "posuere dictum, leo."
      text run at (2819,15) width 158: "Suspendisse scelerisque"
      text run at (2840,15) width 89: "egestas nulla."
