layer at (0,0) size 784x1208
  RenderView at (0,0) size 784x600
layer at (0,0) size 784x600
  RenderBlock {HTML} at (0,0) size 784x600
    RenderBody {BODY} at (8,8) size 768x1200
layer at (372,8) size 404x1200
  RenderBlock {DIV} at (0,0) size 404x1200 [border: (2px solid #000000)]
    RenderText {#text} at (2,2) size 22x115
      text run at (2,2) width 115: "This is some text."
    RenderBR {BR} at (18,117) size 0x0
    RenderText {#text} at (24,2) size 22x115
      text run at (24,2) width 115: "This is some text."
    RenderBR {BR} at (40,117) size 0x0
    RenderText {#text} at (46,2) size 22x115
      text run at (46,2) width 115: "This is some text."
    RenderBR {BR} at (62,117) size 0x0
    RenderText {#text} at (68,2) size 22x115
      text run at (68,2) width 115: "This is some text."
    RenderBR {BR} at (84,117) size 0x0
    RenderText {#text} at (90,2) size 22x115
      text run at (90,2) width 115: "This is some text."
    RenderBR {BR} at (106,117) size 0x0
    RenderText {#text} at (112,2) size 22x115
      text run at (112,2) width 115: "This is some text."
    RenderBR {BR} at (128,117) size 0x0
    RenderText {#text} at (134,2) size 22x115
      text run at (134,2) width 115: "This is some text."
    RenderBR {BR} at (150,117) size 0x0
    RenderText {#text} at (156,2) size 22x115
      text run at (156,2) width 115: "This is some text."
    RenderBR {BR} at (172,117) size 0x0
    RenderText {#text} at (178,2) size 22x115
      text run at (178,2) width 115: "This is some text."
    RenderBR {BR} at (194,117) size 0x0
    RenderText {#text} at (200,2) size 22x115
      text run at (200,2) width 115: "This is some text."
    RenderBR {BR} at (216,117) size 0x0
    RenderImage {IMG} at (402,2) size 300x250 [bgcolor=#008000]
    RenderText {#text} at (402,252) size 22x115
      text run at (402,252) width 115: "This is some text."
    RenderBR {BR} at (418,367) size 0x0
    RenderText {#text} at (424,252) size 22x115
      text run at (424,252) width 115: "This is some text."
    RenderBR {BR} at (440,367) size 0x0
    RenderText {#text} at (446,252) size 22x115
      text run at (446,252) width 115: "This is some text."
    RenderBR {BR} at (462,367) size 0x0
    RenderText {#text} at (468,252) size 22x115
      text run at (468,252) width 115: "This is some text."
    RenderBR {BR} at (484,367) size 0x0
    RenderText {#text} at (490,252) size 22x115
      text run at (490,252) width 115: "This is some text."
    RenderBR {BR} at (506,367) size 0x0
    RenderText {#text} at (512,252) size 22x115
      text run at (512,252) width 115: "This is some text."
    RenderBR {BR} at (528,367) size 0x0
    RenderText {#text} at (534,252) size 22x115
      text run at (534,252) width 115: "This is some text."
    RenderBR {BR} at (550,367) size 0x0
    RenderText {#text} at (556,252) size 22x115
      text run at (556,252) width 115: "This is some text."
    RenderBR {BR} at (572,367) size 0x0
    RenderText {#text} at (578,252) size 22x115
      text run at (578,252) width 115: "This is some text."
    RenderBR {BR} at (594,367) size 0x0
    RenderText {#text} at (600,252) size 22x115
      text run at (600,252) width 115: "This is some text."
    RenderBR {BR} at (616,367) size 0x0
    RenderText {#text} at (622,252) size 22x115
      text run at (622,252) width 115: "This is some text."
    RenderBR {BR} at (638,367) size 0x0
    RenderText {#text} at (644,252) size 22x115
      text run at (644,252) width 115: "This is some text."
    RenderBR {BR} at (660,367) size 0x0
    RenderText {#text} at (666,252) size 22x115
      text run at (666,252) width 115: "This is some text."
    RenderBR {BR} at (682,367) size 0x0
    RenderText {#text} at (688,252) size 22x115
      text run at (688,252) width 115: "This is some text."
    RenderBR {BR} at (704,367) size 0x0
    RenderText {#text} at (710,2) size 22x115
      text run at (710,2) width 115: "This is some text."
    RenderBR {BR} at (726,117) size 0x0
    RenderText {#text} at (732,2) size 22x115
      text run at (732,2) width 115: "This is some text."
    RenderBR {BR} at (748,117) size 0x0
    RenderText {#text} at (754,2) size 22x115
      text run at (754,2) width 115: "This is some text."
    RenderBR {BR} at (770,117) size 0x0
    RenderText {#text} at (776,2) size 22x115
      text run at (776,2) width 115: "This is some text."
    RenderBR {BR} at (792,117) size 0x0
    RenderText {#text} at (802,2) size 22x115
      text run at (802,2) width 115: "This is some text."
    RenderBR {BR} at (818,117) size 0x0
    RenderText {#text} at (824,2) size 22x115
      text run at (824,2) width 115: "This is some text."
    RenderBR {BR} at (840,117) size 0x0
    RenderText {#text} at (846,2) size 22x115
      text run at (846,2) width 115: "This is some text."
    RenderBR {BR} at (862,117) size 0x0
    RenderText {#text} at (868,2) size 22x115
      text run at (868,2) width 115: "This is some text."
    RenderBR {BR} at (884,117) size 0x0
    RenderText {#text} at (890,2) size 22x115
      text run at (890,2) width 115: "This is some text."
    RenderBR {BR} at (906,117) size 0x0
    RenderText {#text} at (912,2) size 22x115
      text run at (912,2) width 115: "This is some text."
    RenderBR {BR} at (928,117) size 0x0
    RenderText {#text} at (934,2) size 22x115
      text run at (934,2) width 115: "This is some text."
    RenderBR {BR} at (950,117) size 0x0
    RenderText {#text} at (956,2) size 22x115
      text run at (956,2) width 115: "This is some text."
    RenderBR {BR} at (972,117) size 0x0
    RenderText {#text} at (978,2) size 22x115
      text run at (978,2) width 115: "This is some text."
    RenderBR {BR} at (994,117) size 0x0
    RenderText {#text} at (1000,2) size 22x115
      text run at (1000,2) width 115: "This is some text."
    RenderBR {BR} at (1016,117) size 0x0
    RenderText {#text} at (1022,2) size 22x115
      text run at (1022,2) width 115: "This is some text."
    RenderBR {BR} at (1038,117) size 0x0
    RenderText {#text} at (1044,2) size 22x115
      text run at (1044,2) width 115: "This is some text."
    RenderBR {BR} at (1060,117) size 0x0
