layer at (0,0) size 800x868
  RenderCanvas at (0,0) size 800x600
layer at (0,0) size 800x868
  RenderBlock {HTML} at (0,0) size 800x868
    RenderBody {BODY} at (8,8) size 784x839
layer at (8,8) size 512x839
  RenderBlock (relative positioned) {DIV} at (0,0) size 512x839
    RenderBlock {H2} at (0,0) size 512x29
      RenderText {TEXT} at (0,-4) size 89x29
        text run at (0,-4) width 89: "Bug 1"
    RenderBlock {P} at (0,55) size 512x232
      RenderText {TEXT} at (0,2) size 498x145
        text run at (0,2) width 452: "Safari public beta does not support CSS absolute"
        text run at (0,31) width 498: "positioning correctly (if at all). Immediately following"
        text run at (0,60) width 457: "the text position marked by the dagger, there is a"
        text run at (0,89) width 487: "<span> element that is positioned to the right of the"
        text run at (0,118) width 389: "<div> block that contains this paragraph\x{2020}"
      RenderText {TEXT} at (389,118) size 496x116
        text run at (389,118) width 98: ". In IE 5.x,"
        text run at (0,147) width 467: "Mozilla 1.2, and Chimera 0.6+, the contents of the"
        text run at (0,176) width 496: "<span> element appears in the margin directly to the"
        text run at (0,205) width 178: "right of the dagger."
    RenderBlock {P} at (0,308) size 512x87
      RenderText {TEXT} at (0,2) size 504x87
        text run at (0,2) width 504: "I should note that Chimera 0.6 rendered this test with"
        text run at (0,31) width 483: "the marginal note shifted down by one line; this has"
        text run at (0,60) width 299: "been fixed in subsequent builds."
    RenderBlock {H2} at (0,421) size 512x29
      RenderText {TEXT} at (0,-4) size 94x29
        text run at (0,-4) width 94: "Bug 2"
    RenderBlock {P} at (0,476) size 512x58
      RenderText {TEXT} at (0,6) size 494x58
        text run at (0,6) width 494: "Fonts also render substantially smaller than other browsers, which is not a good thing"
        text run at (0,35) width 469: "when you consider that most sites specify fonts that are too small in the first place."
    RenderBlock {P} at (0,555) size 512x87
      RenderText {TEXT} at (0,2) size 506x87
        text run at (0,2) width 506: "At the very least, the preferences panel needs a default"
        text run at (0,31) width 483: "text-zoom setting to enable compatibility with other"
        text run at (0,60) width 90: "browsers."
    RenderBlock {H2} at (0,668) size 512x29
      RenderText {TEXT} at (0,-4) size 93x29
        text run at (0,-4) width 93: "Bug 3"
    RenderBlock {P} at (0,723) size 512x116
      RenderText {TEXT} at (0,2) size 71x29
        text run at (0,2) width 71: "Worse, "
      RenderInline {I} at (0,0) size 487x53
        RenderText {TEXT} at (71,2) size 487x58
          text run at (71,2) width 416: "the \"make text bigger\" button does not scale"
          text run at (0,31) width 325: "line-height when it scales font-size"
      RenderText {TEXT} at (325,31) size 494x87
        text run at (325,31) width 169: " (hit it a few times"
        text run at (0,60) width 486: "on this page). This is a crippling flaw for people who"
        text run at (0,89) width 424: "need to enlarge the fonts to read comfortably."
layer at (538,171) size 200x49 backgroundClip at (546,179) size 200x49
  RenderBlock (positioned) {SPAN} at (538,171) size 200x48
    RenderText {TEXT} at (0,-1) size 199x48
      text run at (0,-1) width 199: "\x{2190} this should be to the right of"
      text run at (0,15) width 177: "the paragraph, lining up with"
      text run at (0,31) width 67: "the dagger"
