layer at (0,0) size 800x5251
  RenderCanvas at (0,0) size 800x600
layer at (0,0) size 800x5251 layerType: background only
layer at (82,1476) size 200x200
  RenderBlock (positioned) zI: -3000000 {P} at (60,60) size 200x200 [color=#FFFFFF] [bgcolor=#990066]
    RenderText zI: -3000000 {TEXT} at (71,41) size 57x80
      text run at (71,41) width 57: "8"
layer at (32,1626) size 200x200
  RenderBlock (positioned) zI: -2000000 {P} at (10,210) size 200x200 [color=#FFFFFF] [bgcolor=#660099]
    RenderText zI: -2000000 {TEXT} at (71,41) size 57x80
      text run at (71,41) width 57: "7"
layer at (82,1776) size 200x200
  RenderBlock (positioned) zI: -1000000 {P} at (60,360) size 200x200 [color=#FFFFFF] [bgcolor=#0000FF]
    RenderText zI: -1000000 {TEXT} at (71,41) size 57x80
      text run at (71,41) width 57: "6"
layer at (82,2110) size 200x200
  RenderBlock (positioned) zI: -40 {P} at (60,60) size 200x200 [color=#FFFFFF] [bgcolor=#990066]
    RenderText zI: -40 {TEXT} at (71,41) size 57x80
      text run at (71,41) width 57: "8"
layer at (32,2260) size 200x200
  RenderBlock (positioned) zI: -30 {P} at (10,210) size 200x200 [color=#FFFFFF] [bgcolor=#660099]
    RenderText zI: -30 {TEXT} at (71,41) size 57x80
      text run at (71,41) width 57: "7"
layer at (82,842) size 519x200
  RenderBlock (positioned) zI: -3 {P} at (60,60) size 200x200 [color=#FFFFFF] [bgcolor=#990066]
    RenderText zI: -3 {TEXT} at (50,41) size 469x80
      text run at (50,41) width 469: "\x{A0}8\x{A0}hide\x{A0}me"
layer at (32,2894) size 200x200
  RenderBlock (positioned) zI: -3 {P} at (10,210) size 200x200 [color=#FFFFFF] [bgcolor=#660099]
    RenderText zI: -3 {TEXT} at (71,41) size 57x80
      text run at (71,41) width 57: "7"
layer at (82,2744) size 200x200
  RenderBlock (positioned) zI: -3 {P} at (60,60) size 200x200 [color=#FFFFFF] [bgcolor=#990066]
    RenderText zI: -3 {TEXT} at (71,41) size 57x80
      text run at (71,41) width 57: "8"
layer at (82,3378) size 200x200
  RenderBlock (positioned) zI: -3 {P} at (60,60) size 200x200 [color=#FFFFFF] [bgcolor=#990066]
    RenderText zI: -3 {TEXT} at (71,41) size 57x80
      text run at (71,41) width 57: "8"
layer at (82,4012) size 200x200
  RenderBlock (positioned) zI: -3 {P} at (60,60) size 200x200 [color=#FFFFFF] [bgcolor=#990066]
    RenderText zI: -3 {TEXT} at (71,41) size 57x80
      text run at (71,41) width 57: "8"
layer at (82,4677) size 200x200
  RenderBlock (positioned) zI: -3 {P} at (60,60) size 200x200 [color=#FFFFFF] [bgcolor=#990066]
    RenderText zI: -3 {TEXT} at (71,41) size 57x80
      text run at (71,41) width 57: "8"
layer at (32,992) size 200x200
  RenderBlock (positioned) zI: -2 {P} at (10,210) size 200x200 [color=#FFFFFF] [bgcolor=#660099]
    RenderText zI: -2 {TEXT} at (71,41) size 57x80
      text run at (71,41) width 57: "7"
layer at (232,2460) size 200x200
  RenderBlock (positioned) zI: -2 {P} at (210,410) size 200x200 [color=#FFFFFF] [bgcolor=#009999]
    RenderText zI: -2 {TEXT} at (71,41) size 57x80
      text run at (71,41) width 57: "5"
layer at (82,2410) size 200x200
  RenderBlock (positioned) zI: -2 {P} at (60,360) size 200x200 [color=#FFFFFF] [bgcolor=#0000FF]
    RenderText zI: -2 {TEXT} at (71,41) size 57x80
      text run at (71,41) width 57: "6"
layer at (32,3528) size 200x200
  RenderBlock (positioned) zI: -2 {P} at (10,210) size 200x200 [color=#FFFFFF] [bgcolor=#660099]
    RenderText zI: -2 {TEXT} at (71,41) size 57x80
      text run at (71,41) width 57: "7"
layer at (32,4162) size 200x200
  RenderBlock (positioned) zI: -2 {P} at (0,200) size 200x200 [color=#FFFFFF] [bgcolor=#660099]
    RenderText zI: -2 {TEXT} at (71,41) size 57x80
      text run at (71,41) width 57: "7"
layer at (32,4827) size 200x200
  RenderBlock (positioned) zI: -2 {P} at (0,200) size 200x200 [color=#FFFFFF] [bgcolor=#660099]
    RenderText zI: -2 {TEXT} at (71,41) size 57x80
      text run at (71,41) width 57: "7"
layer at (82,1142) size 200x200
  RenderBlock (positioned) zI: -1 {P} at (60,360) size 200x200 [color=#FFFFFF] [bgcolor=#0000FF]
    RenderText zI: -1 {TEXT} at (71,41) size 57x80
      text run at (71,41) width 57: "6"
layer at (82,4312) size 200x200
  RenderBlock (positioned) zI: -1 {P} at (60,360) size 200x200 [color=#FFFFFF] [bgcolor=#0000FF]
    RenderText zI: -1 {TEXT} at (71,41) size 57x80
      text run at (71,41) width 57: "6"
layer at (82,4977) size 200x200
  RenderBlock (positioned) zI: -1 {P} at (60,360) size 200x200 [color=#FFFFFF] [bgcolor=#0000FF]
    RenderText zI: -1 {TEXT} at (71,41) size 57x80
      text run at (71,41) width 57: "6"
layer at (0,0) size 800x5251 layerType: foreground only
  RenderBlock {HTML} at (0,0) size 800x5251
    RenderBody {BODY} at (8,18) size 784x5219
      RenderBlock {H1} at (0,0) size 784x33
        RenderText {TEXT} at (0,0) size 305x33
          text run at (0,0) width 305: "Layered Presentation"
      RenderBlock {P} at (0,51) size 784x34
        RenderText {TEXT} at (0,0) size 750x34
          text run at (0,0) width 436: "Robert O'Callahan pointed out to me some mistakes in this test "
          text run at (436,0) width 314: "that I have not yet had the time to examine or"
          text run at (0,17) width 53: "correct."
      RenderBlock {P} at (0,99) size 784x17
        RenderText {TEXT} at (0,0) size 504x17
          text run at (0,0) width 504: "In each of the following, 1 should be the top layer and 8 the bottom layer:"
      RenderBlock {P} at (0,4568) size 784x17
        RenderText {TEXT} at (0,0) size 382x17
          text run at (0,0) width 382: "Using assumed default value of z-index (may not pass):"
layer at (22,148) size 620x620
  RenderBlock (relative positioned) {DIV} at (14,130) size 620x620
    RenderText {TEXT} at (0,0) size 0x0
    RenderText {TEXT} at (0,0) size 0x0
    RenderText {TEXT} at (0,0) size 0x0
    RenderText {TEXT} at (0,0) size 0x0
    RenderText {TEXT} at (0,0) size 0x0
    RenderText {TEXT} at (0,0) size 0x0
    RenderText {TEXT} at (0,0) size 0x0
    RenderText {TEXT} at (0,0) size 0x0
layer at (82,208) size 519x200
  RenderBlock (positioned) {P} at (60,60) size 200x200 [color=#FFFFFF] [bgcolor=#990066]
    RenderText {TEXT} at (50,41) size 469x80
      text run at (50,41) width 469: "\x{A0}8\x{A0}hide\x{A0}me"
layer at (32,358) size 200x200
  RenderBlock (positioned) {P} at (10,210) size 200x200 [color=#FFFFFF] [bgcolor=#660099]
    RenderText {TEXT} at (71,41) size 57x80
      text run at (71,41) width 57: "7"
layer at (82,508) size 200x200
  RenderBlock (positioned) {P} at (60,360) size 200x200 [color=#FFFFFF] [bgcolor=#0000FF]
    RenderText {TEXT} at (71,41) size 57x80
      text run at (71,41) width 57: "6"
layer at (232,558) size 200x200
  RenderBlock (positioned) {P} at (210,410) size 200x200 [color=#FFFFFF] [bgcolor=#009999]
    RenderText {TEXT} at (71,41) size 57x80
      text run at (71,41) width 57: "5"
layer at (382,508) size 200x200
  RenderBlock (positioned) {P} at (360,360) size 200x200 [color=#FFFFFF] [bgcolor=#00CC00]
    RenderText {TEXT} at (71,41) size 57x80
      text run at (71,41) width 57: "4"
layer at (432,358) size 200x200
  RenderBlock (positioned) {P} at (410,210) size 200x200 [color=#FFFFFF] [bgcolor=#CCCC00]
    RenderText {TEXT} at (71,41) size 57x80
      text run at (71,41) width 57: "3"
layer at (382,208) size 200x200
  RenderBlock (positioned) {P} at (360,60) size 200x200 [color=#FFFFFF] [bgcolor=#FF9900]
    RenderText {TEXT} at (71,41) size 57x80
      text run at (71,41) width 57: "2"
layer at (232,158) size 200x200
  RenderBlock (positioned) {P} at (210,10) size 200x200 [color=#FFFFFF] [bgcolor=#FF0000]
    RenderText {TEXT} at (71,41) size 57x80
      text run at (71,41) width 57: "1"
layer at (22,782) size 620x620
  RenderBlock (relative positioned) {DIV} at (14,764) size 620x620
    RenderText {TEXT} at (0,0) size 0x0
    RenderText {TEXT} at (0,0) size 0x0
    RenderText {TEXT} at (0,0) size 0x0
    RenderText {TEXT} at (0,0) size 0x0
    RenderText {TEXT} at (0,0) size 0x0
    RenderText {TEXT} at (0,0) size 0x0
    RenderText {TEXT} at (0,0) size 0x0
    RenderText {TEXT} at (0,0) size 0x0
layer at (232,1192) size 200x200
  RenderBlock (positioned) {P} at (210,410) size 200x200 [color=#FFFFFF] [bgcolor=#009999]
    RenderText {TEXT} at (71,41) size 57x80
      text run at (71,41) width 57: "5"
layer at (22,1416) size 620x620
  RenderBlock (relative positioned) {DIV} at (14,1398) size 620x620
    RenderText {TEXT} at (0,0) size 0x0
    RenderText {TEXT} at (0,0) size 0x0
    RenderText {TEXT} at (0,0) size 0x0
    RenderText {TEXT} at (0,0) size 0x0
    RenderText {TEXT} at (0,0) size 0x0
    RenderText {TEXT} at (0,0) size 0x0
    RenderText {TEXT} at (0,0) size 0x0
    RenderText {TEXT} at (0,0) size 0x0
layer at (232,1826) size 200x200
  RenderBlock (positioned) {P} at (210,410) size 200x200 [color=#FFFFFF] [bgcolor=#009999]
    RenderText {TEXT} at (71,41) size 57x80
      text run at (71,41) width 57: "5"
layer at (22,2050) size 620x620
  RenderBlock (relative positioned) {DIV} at (14,2032) size 620x620
    RenderText {TEXT} at (0,0) size 0x0
    RenderText {TEXT} at (0,0) size 0x0
    RenderText {TEXT} at (0,0) size 0x0
    RenderText {TEXT} at (0,0) size 0x0
    RenderText {TEXT} at (0,0) size 0x0
    RenderText {TEXT} at (0,0) size 0x0
    RenderText {TEXT} at (0,0) size 0x0
    RenderText {TEXT} at (0,0) size 0x0
    RenderText {TEXT} at (0,0) size 0x0
layer at (382,2410) size 200x200
  RenderBlock (positioned) {P} at (360,360) size 200x200 [color=#FFFFFF] [bgcolor=#00CC00]
    RenderText {TEXT} at (71,41) size 57x80
      text run at (71,41) width 57: "4"
layer at (432,2260) size 200x200
  RenderBlock (positioned) {P} at (410,210) size 200x200 [color=#FFFFFF] [bgcolor=#CCCC00]
    RenderText {TEXT} at (71,41) size 57x80
      text run at (71,41) width 57: "3"
layer at (22,2684) size 620x620
  RenderBlock (relative positioned) {DIV} at (14,2666) size 620x620
    RenderText {TEXT} at (0,0) size 0x0
    RenderText {TEXT} at (0,0) size 0x0
    RenderText {TEXT} at (0,0) size 0x0
    RenderText {TEXT} at (0,0) size 0x0
    RenderText {TEXT} at (0,0) size 0x0
    RenderText {TEXT} at (0,0) size 0x0
    RenderText {TEXT} at (0,0) size 0x0
    RenderText {TEXT} at (0,0) size 0x0
layer at (82,3044) size 200x200
  RenderBlock (positioned) {P} at (60,360) size 200x200 [color=#FFFFFF] [bgcolor=#0000FF]
    RenderText {TEXT} at (71,41) size 57x80
      text run at (71,41) width 57: "6"
layer at (232,3094) size 200x200
  RenderBlock (positioned) {P} at (210,410) size 200x200 [color=#FFFFFF] [bgcolor=#009999]
    RenderText {TEXT} at (71,41) size 57x80
      text run at (71,41) width 57: "5"
layer at (382,3044) size 200x200
  RenderBlock (positioned) {P} at (360,360) size 200x200 [color=#FFFFFF] [bgcolor=#00CC00]
    RenderText {TEXT} at (71,41) size 57x80
      text run at (71,41) width 57: "4"
layer at (22,3318) size 620x620
  RenderBlock (relative positioned) {DIV} at (14,3300) size 620x620
    RenderText {TEXT} at (0,0) size 0x0
    RenderText {TEXT} at (0,0) size 0x0
    RenderText {TEXT} at (0,0) size 0x0
    RenderText {TEXT} at (0,0) size 0x0
    RenderText {TEXT} at (0,0) size 0x0
    RenderText {TEXT} at (0,0) size 0x0
layer at (32,3328) size 600x600 layerType: background only
layer at (82,3678) size 200x200
  RenderBlock (positioned) zI: -9 {P} at (50,350) size 200x200 [color=#FFFFFF] [bgcolor=#0000FF]
    RenderText zI: -9 {TEXT} at (71,41) size 57x80
      text run at (71,41) width 57: "6"
layer at (32,3328) size 600x600 layerType: foreground only
  RenderBlock (positioned) {DIV} at (10,10) size 600x600
    RenderText {TEXT} at (0,0) size 0x0
    RenderText {TEXT} at (0,0) size 0x0
    RenderText {TEXT} at (0,0) size 0x0
layer at (232,3728) size 200x200
  RenderBlock (positioned) {P} at (200,400) size 200x200 [color=#FFFFFF] [bgcolor=#009999]
    RenderText {TEXT} at (71,41) size 57x80
      text run at (71,41) width 57: "5"
layer at (382,3678) size 200x200
  RenderBlock (positioned) zI: 9 {P} at (350,350) size 200x200 [color=#FFFFFF] [bgcolor=#00CC00]
    RenderText zI: 9 {TEXT} at (71,41) size 57x80
      text run at (71,41) width 57: "4"
layer at (22,3952) size 620x620
  RenderBlock (relative positioned) {DIV} at (14,3934) size 620x620
    RenderText {TEXT} at (0,0) size 0x0
    RenderText {TEXT} at (0,0) size 0x0
    RenderText {TEXT} at (0,0) size 0x0
    RenderText {TEXT} at (0,0) size 0x0
    RenderText {TEXT} at (0,0) size 0x0
    RenderText {TEXT} at (0,0) size 0x0
layer at (32,3962) size 600x600
  RenderBlock (positioned) {DIV} at (10,10) size 600x600
    RenderText {TEXT} at (0,0) size 0x0
    RenderText {TEXT} at (0,0) size 0x0
    RenderText {TEXT} at (0,0) size 0x0
layer at (232,4362) size 200x200
  RenderBlock (positioned) {P} at (210,410) size 200x200 [color=#FFFFFF] [bgcolor=#009999]
    RenderText {TEXT} at (71,41) size 57x80
      text run at (71,41) width 57: "5"
layer at (22,4617) size 620x620
  RenderBlock (relative positioned) {DIV} at (14,4599) size 620x620
    RenderText {TEXT} at (0,0) size 0x0
    RenderText {TEXT} at (0,0) size 0x0
    RenderText {TEXT} at (0,0) size 0x0
    RenderText {TEXT} at (0,0) size 0x0
    RenderText {TEXT} at (0,0) size 0x0
    RenderText {TEXT} at (0,0) size 0x0
layer at (32,4627) size 600x600
  RenderBlock (positioned) {DIV} at (10,10) size 600x600
    RenderText {TEXT} at (0,0) size 0x0
    RenderText {TEXT} at (0,0) size 0x0
    RenderText {TEXT} at (0,0) size 0x0
layer at (232,5027) size 200x200
  RenderBlock (positioned) {P} at (210,410) size 200x200 [color=#FFFFFF] [bgcolor=#009999]
    RenderText {TEXT} at (71,41) size 57x80
      text run at (71,41) width 57: "5"
layer at (382,1142) size 200x200
  RenderBlock (positioned) zI: 1 {P} at (360,360) size 200x200 [color=#FFFFFF] [bgcolor=#00CC00]
    RenderText zI: 1 {TEXT} at (71,41) size 57x80
      text run at (71,41) width 57: "4"
layer at (382,4312) size 200x200
  RenderBlock (positioned) zI: 1 {P} at (350,350) size 200x200 [color=#FFFFFF] [bgcolor=#00CC00]
    RenderText zI: 1 {TEXT} at (71,41) size 57x80
      text run at (71,41) width 57: "4"
layer at (382,4977) size 200x200
  RenderBlock (positioned) zI: 1 {P} at (350,350) size 200x200 [color=#FFFFFF] [bgcolor=#00CC00]
    RenderText zI: 1 {TEXT} at (71,41) size 57x80
      text run at (71,41) width 57: "4"
layer at (432,992) size 200x200
  RenderBlock (positioned) zI: 2 {P} at (410,210) size 200x200 [color=#FFFFFF] [bgcolor=#CCCC00]
    RenderText zI: 2 {TEXT} at (71,41) size 57x80
      text run at (71,41) width 57: "3"
layer at (382,2110) size 200x200
  RenderBlock (positioned) zI: 2 {P} at (360,60) size 200x200 [color=#FFFFFF] [bgcolor=#FF9900]
    RenderText zI: 2 {TEXT} at (71,41) size 57x80
      text run at (71,41) width 57: "2"
layer at (432,3528) size 200x200
  RenderBlock (positioned) zI: 2 {P} at (410,210) size 200x200 [color=#FFFFFF] [bgcolor=#CCCC00]
    RenderText zI: 2 {TEXT} at (71,41) size 57x80
      text run at (71,41) width 57: "3"
layer at (432,4162) size 200x200
  RenderBlock (positioned) zI: 2 {P} at (410,210) size 200x200 [color=#FFFFFF] [bgcolor=#CCCC00]
    RenderText zI: 2 {TEXT} at (71,41) size 57x80
      text run at (71,41) width 57: "3"
layer at (432,4827) size 200x200
  RenderBlock (positioned) zI: 2 {P} at (410,210) size 200x200 [color=#FFFFFF] [bgcolor=#CCCC00]
    RenderText zI: 2 {TEXT} at (71,41) size 57x80
      text run at (71,41) width 57: "3"
layer at (382,842) size 200x200
  RenderBlock (positioned) zI: 3 {P} at (360,60) size 200x200 [color=#FFFFFF] [bgcolor=#FF9900]
    RenderText zI: 3 {TEXT} at (71,41) size 57x80
      text run at (71,41) width 57: "2"
layer at (232,2060) size 200x200
  RenderBlock (positioned) zI: 3 {P} at (210,10) size 200x200 [color=#FFFFFF] [bgcolor=#FF0000]
    RenderText zI: 3 {TEXT} at (71,41) size 57x80
      text run at (71,41) width 57: "1"
layer at (382,3378) size 200x200
  RenderBlock (positioned) zI: 3 {P} at (360,60) size 200x200 [color=#FFFFFF] [bgcolor=#FF9900]
    RenderText zI: 3 {TEXT} at (71,41) size 57x80
      text run at (71,41) width 57: "2"
layer at (382,4012) size 200x200
  RenderBlock (positioned) zI: 3 {P} at (350,50) size 200x200 [color=#FFFFFF] [bgcolor=#FF9900]
    RenderText zI: 3 {TEXT} at (71,41) size 57x80
      text run at (71,41) width 57: "2"
layer at (382,4677) size 200x200
  RenderBlock (positioned) zI: 3 {P} at (350,50) size 200x200 [color=#FFFFFF] [bgcolor=#FF9900]
    RenderText zI: 3 {TEXT} at (71,41) size 57x80
      text run at (71,41) width 57: "2"
layer at (232,792) size 200x200
  RenderBlock (positioned) zI: 4 {P} at (210,10) size 200x200 [color=#FFFFFF] [bgcolor=#FF0000]
    RenderText zI: 4 {TEXT} at (71,41) size 57x80
      text run at (71,41) width 57: "1"
layer at (432,2894) size 200x200
  RenderBlock (positioned) zI: 4 {P} at (410,210) size 200x200 [color=#FFFFFF] [bgcolor=#CCCC00]
    RenderText zI: 4 {TEXT} at (71,41) size 57x80
      text run at (71,41) width 57: "3"
layer at (382,2744) size 200x200
  RenderBlock (positioned) zI: 4 {P} at (360,60) size 200x200 [color=#FFFFFF] [bgcolor=#FF9900]
    RenderText zI: 4 {TEXT} at (71,41) size 57x80
      text run at (71,41) width 57: "2"
layer at (232,2694) size 200x200
  RenderBlock (positioned) zI: 4 {P} at (210,10) size 200x200 [color=#FFFFFF] [bgcolor=#FF0000]
    RenderText zI: 4 {TEXT} at (71,41) size 57x80
      text run at (71,41) width 57: "1"
layer at (232,3328) size 200x200
  RenderBlock (positioned) zI: 4 {P} at (210,10) size 200x200 [color=#FFFFFF] [bgcolor=#FF0000]
    RenderText zI: 4 {TEXT} at (71,41) size 57x80
      text run at (71,41) width 57: "1"
layer at (232,3962) size 200x200
  RenderBlock (positioned) zI: 4 {P} at (210,10) size 200x200 [color=#FFFFFF] [bgcolor=#FF0000]
    RenderText zI: 4 {TEXT} at (71,41) size 57x80
      text run at (71,41) width 57: "1"
layer at (232,4627) size 200x200
  RenderBlock (positioned) zI: 4 {P} at (210,10) size 200x200 [color=#FFFFFF] [bgcolor=#FF0000]
    RenderText zI: 4 {TEXT} at (71,41) size 57x80
      text run at (71,41) width 57: "1"
layer at (382,1776) size 200x200
  RenderBlock (positioned) zI: 1000000 {P} at (360,360) size 200x200 [color=#FFFFFF] [bgcolor=#00CC00]
    RenderText zI: 1000000 {TEXT} at (71,41) size 57x80
      text run at (71,41) width 57: "4"
layer at (432,1626) size 200x200
  RenderBlock (positioned) zI: 2000000 {P} at (410,210) size 200x200 [color=#FFFFFF] [bgcolor=#CCCC00]
    RenderText zI: 2000000 {TEXT} at (71,41) size 57x80
      text run at (71,41) width 57: "3"
layer at (382,1476) size 200x200
  RenderBlock (positioned) zI: 3000000 {P} at (360,60) size 200x200 [color=#FFFFFF] [bgcolor=#FF9900]
    RenderText zI: 3000000 {TEXT} at (71,41) size 57x80
      text run at (71,41) width 57: "2"
layer at (232,1426) size 200x200
  RenderBlock (positioned) zI: 4000000 {P} at (210,10) size 200x200 [color=#FFFFFF] [bgcolor=#FF0000]
    RenderText zI: 4000000 {TEXT} at (71,41) size 57x80
      text run at (71,41) width 57: "1"
