layer at (0,0) size 800x600
  RenderCanvas at (0,0) size 800x600
layer at (0,0) size 800x98
  RenderBlock {HTML} at (0,0) size 800x98
    RenderBody {BODY} at (8,8) size 784x82
      RenderBlock {DIV} at (0,0) size 770x82 [bgcolor=#000000]
layer at (8,8) size 770x82
  RenderBlock (relative positioned) {DIV} at (0,0) size 770x82 [bgcolor=#FF0000]
    RenderTable {TABLE} at (0,0) size 105x65 [bgcolor=#000000]
      RenderTableSection {TBODY} at (0,0) size 0x65
        RenderTableRow {TR} at (0,0) size 0x0
          RenderTableCell {TD} at (2,2) size 101x19 [r=0 c=0 rs=1 cs=1]
            RenderText {TEXT} at (1,1) size 99x17
              text run at (1,1) width 99: "Some content."
        RenderTableRow {TR} at (0,0) size 0x0
          RenderTableCell {TD} at (2,23) size 101x19 [r=1 c=0 rs=1 cs=1]
            RenderText {TEXT} at (1,1) size 97x17
              text run at (1,1) width 97: "more content."
        RenderTableRow {TR} at (0,0) size 0x0
          RenderTableCell {TD} at (2,44) size 101x19 [r=2 c=0 rs=1 cs=1]
            RenderText {TEXT} at (1,1) size 77x17
              text run at (1,1) width 77: "even more."
    RenderBlock {DIV} at (0,65) size 770x17 [color=#FFFFFF] [bgcolor=#008000]
      RenderText {TEXT} at (0,0) size 160x17
        text run at (0,0) width 160: "Hello. Here I am below."
