layer at (0,0) size 800x600
  RenderCanvas at (0,0) size 800x600
layer at (0,0) size 800x600 layerType: background only
layer at (8,8) size 35x18
  RenderBlock (positioned) zI: -1 {DIV} at (8,8) size 35x18
    RenderText zI: -1 {TEXT} at (0,0) size 35x18
      text run at (0,0) width 35: "Hello"
layer at (0,0) size 800x600 layerType: foreground only
  RenderBlock {HTML} at (0,0) size 800x600
    RenderBody {BODY} at (8,8) size 784x584
      RenderText {TEXT} at (0,0) size 0x0
