layer at (0,0) size 800x2048
  RenderCanvas at (0,0) size 800x600
layer at (0,0) size 800x33
  RenderBlock {HTML} at (0,0) size 800x33
    RenderBody {BODY} at (8,8) size 784x17
      RenderBlock (anonymous) at (0,0) size 784x17
        RenderText {TEXT} at (0,0) size 132x17
          text run at (0,0) width 132: "Content at the end."
        RenderText {TEXT} at (0,0) size 0x0
layer at (8,8) size 18x2040
  RenderBlock (positioned) {DIV} at (0,0) size 18x2040
    RenderText {TEXT} at (0,0) size 9x17
      text run at (0,0) width 9: "1"
    RenderBR {BR} at (0,0) size 0x0
    RenderText {TEXT} at (0,17) size 9x17
      text run at (0,17) width 9: "2"
    RenderBR {BR} at (0,0) size 0x0
    RenderText {TEXT} at (0,34) size 9x17
      text run at (0,34) width 9: "3"
    RenderBR {BR} at (0,0) size 0x0
    RenderText {TEXT} at (0,51) size 9x17
      text run at (0,51) width 9: "4"
    RenderBR {BR} at (0,0) size 0x0
    RenderText {TEXT} at (0,68) size 9x17
      text run at (0,68) width 9: "5"
    RenderBR {BR} at (0,0) size 0x0
    RenderText {TEXT} at (0,85) size 9x17
      text run at (0,85) width 9: "6"
    RenderBR {BR} at (0,0) size 0x0
    RenderText {TEXT} at (0,102) size 9x17
      text run at (0,102) width 9: "7"
    RenderBR {BR} at (0,0) size 0x0
    RenderText {TEXT} at (0,119) size 9x17
      text run at (0,119) width 9: "8"
    RenderBR {BR} at (0,0) size 0x0
    RenderText {TEXT} at (0,136) size 9x17
      text run at (0,136) width 9: "9"
    RenderBR {BR} at (0,0) size 0x0
    RenderText {TEXT} at (0,153) size 18x17
      text run at (0,153) width 18: "10"
    RenderBR {BR} at (0,0) size 0x0
    RenderText {TEXT} at (0,170) size 18x17
      text run at (0,170) width 18: "11"
    RenderBR {BR} at (0,0) size 0x0
    RenderText {TEXT} at (0,187) size 18x17
      text run at (0,187) width 18: "12"
    RenderBR {BR} at (0,0) size 0x0
    RenderText {TEXT} at (0,204) size 18x17
      text run at (0,204) width 18: "13"
    RenderBR {BR} at (0,0) size 0x0
    RenderText {TEXT} at (0,221) size 18x17
      text run at (0,221) width 18: "14"
    RenderBR {BR} at (0,0) size 0x0
    RenderText {TEXT} at (0,238) size 18x17
      text run at (0,238) width 18: "15"
    RenderBR {BR} at (0,0) size 0x0
    RenderText {TEXT} at (0,255) size 18x17
      text run at (0,255) width 18: "16"
    RenderBR {BR} at (0,0) size 0x0
    RenderText {TEXT} at (0,272) size 18x17
      text run at (0,272) width 18: "17"
    RenderBR {BR} at (0,0) size 0x0
    RenderText {TEXT} at (0,289) size 18x17
      text run at (0,289) width 18: "18"
    RenderBR {BR} at (0,0) size 0x0
    RenderText {TEXT} at (0,306) size 18x17
      text run at (0,306) width 18: "19"
    RenderBR {BR} at (0,0) size 0x0
    RenderText {TEXT} at (0,323) size 18x17
      text run at (0,323) width 18: "20"
    RenderBR {BR} at (0,0) size 0x0
    RenderText {TEXT} at (0,340) size 9x17
      text run at (0,340) width 9: "1"
    RenderBR {BR} at (0,0) size 0x0
    RenderText {TEXT} at (0,357) size 9x17
      text run at (0,357) width 9: "2"
    RenderBR {BR} at (0,0) size 0x0
    RenderText {TEXT} at (0,374) size 9x17
      text run at (0,374) width 9: "3"
    RenderBR {BR} at (0,0) size 0x0
    RenderText {TEXT} at (0,391) size 9x17
      text run at (0,391) width 9: "4"
    RenderBR {BR} at (0,0) size 0x0
    RenderText {TEXT} at (0,408) size 9x17
      text run at (0,408) width 9: "5"
    RenderBR {BR} at (0,0) size 0x0
    RenderText {TEXT} at (0,425) size 9x17
      text run at (0,425) width 9: "6"
    RenderBR {BR} at (0,0) size 0x0
    RenderText {TEXT} at (0,442) size 9x17
      text run at (0,442) width 9: "7"
    RenderBR {BR} at (0,0) size 0x0
    RenderText {TEXT} at (0,459) size 9x17
      text run at (0,459) width 9: "8"
    RenderBR {BR} at (0,0) size 0x0
    RenderText {TEXT} at (0,476) size 9x17
      text run at (0,476) width 9: "9"
    RenderBR {BR} at (0,0) size 0x0
    RenderText {TEXT} at (0,493) size 18x17
      text run at (0,493) width 18: "10"
    RenderBR {BR} at (0,0) size 0x0
    RenderText {TEXT} at (0,510) size 18x17
      text run at (0,510) width 18: "11"
    RenderBR {BR} at (0,0) size 0x0
    RenderText {TEXT} at (0,527) size 18x17
      text run at (0,527) width 18: "12"
    RenderBR {BR} at (0,0) size 0x0
    RenderText {TEXT} at (0,544) size 18x17
      text run at (0,544) width 18: "13"
    RenderBR {BR} at (0,0) size 0x0
    RenderText {TEXT} at (0,561) size 18x17
      text run at (0,561) width 18: "14"
    RenderBR {BR} at (0,0) size 0x0
    RenderText {TEXT} at (0,578) size 18x17
      text run at (0,578) width 18: "15"
    RenderBR {BR} at (0,0) size 0x0
    RenderText {TEXT} at (0,595) size 18x17
      text run at (0,595) width 18: "16"
    RenderBR {BR} at (0,0) size 0x0
    RenderText {TEXT} at (0,612) size 18x17
      text run at (0,612) width 18: "17"
    RenderBR {BR} at (0,0) size 0x0
    RenderText {TEXT} at (0,629) size 18x17
      text run at (0,629) width 18: "18"
    RenderBR {BR} at (0,0) size 0x0
    RenderText {TEXT} at (0,646) size 18x17
      text run at (0,646) width 18: "19"
    RenderBR {BR} at (0,0) size 0x0
    RenderText {TEXT} at (0,663) size 18x17
      text run at (0,663) width 18: "20"
    RenderBR {BR} at (0,0) size 0x0
    RenderText {TEXT} at (0,680) size 9x17
      text run at (0,680) width 9: "1"
    RenderBR {BR} at (0,0) size 0x0
    RenderText {TEXT} at (0,697) size 9x17
      text run at (0,697) width 9: "2"
    RenderBR {BR} at (0,0) size 0x0
    RenderText {TEXT} at (0,714) size 9x17
      text run at (0,714) width 9: "3"
    RenderBR {BR} at (0,0) size 0x0
    RenderText {TEXT} at (0,731) size 9x17
      text run at (0,731) width 9: "4"
    RenderBR {BR} at (0,0) size 0x0
    RenderText {TEXT} at (0,748) size 9x17
      text run at (0,748) width 9: "5"
    RenderBR {BR} at (0,0) size 0x0
    RenderText {TEXT} at (0,765) size 9x17
      text run at (0,765) width 9: "6"
    RenderBR {BR} at (0,0) size 0x0
    RenderText {TEXT} at (0,782) size 9x17
      text run at (0,782) width 9: "7"
    RenderBR {BR} at (0,0) size 0x0
    RenderText {TEXT} at (0,799) size 9x17
      text run at (0,799) width 9: "8"
    RenderBR {BR} at (0,0) size 0x0
    RenderText {TEXT} at (0,816) size 9x17
      text run at (0,816) width 9: "9"
    RenderBR {BR} at (0,0) size 0x0
    RenderText {TEXT} at (0,833) size 18x17
      text run at (0,833) width 18: "10"
    RenderBR {BR} at (0,0) size 0x0
    RenderText {TEXT} at (0,850) size 18x17
      text run at (0,850) width 18: "11"
    RenderBR {BR} at (0,0) size 0x0
    RenderText {TEXT} at (0,867) size 18x17
      text run at (0,867) width 18: "12"
    RenderBR {BR} at (0,0) size 0x0
    RenderText {TEXT} at (0,884) size 18x17
      text run at (0,884) width 18: "13"
    RenderBR {BR} at (0,0) size 0x0
    RenderText {TEXT} at (0,901) size 18x17
      text run at (0,901) width 18: "14"
    RenderBR {BR} at (0,0) size 0x0
    RenderText {TEXT} at (0,918) size 18x17
      text run at (0,918) width 18: "15"
    RenderBR {BR} at (0,0) size 0x0
    RenderText {TEXT} at (0,935) size 18x17
      text run at (0,935) width 18: "16"
    RenderBR {BR} at (0,0) size 0x0
    RenderText {TEXT} at (0,952) size 18x17
      text run at (0,952) width 18: "17"
    RenderBR {BR} at (0,0) size 0x0
    RenderText {TEXT} at (0,969) size 18x17
      text run at (0,969) width 18: "18"
    RenderBR {BR} at (0,0) size 0x0
    RenderText {TEXT} at (0,986) size 18x17
      text run at (0,986) width 18: "19"
    RenderBR {BR} at (0,0) size 0x0
    RenderText {TEXT} at (0,1003) size 18x17
      text run at (0,1003) width 18: "20"
    RenderBR {BR} at (0,0) size 0x0
    RenderText {TEXT} at (0,1020) size 9x17
      text run at (0,1020) width 9: "1"
    RenderBR {BR} at (0,0) size 0x0
    RenderText {TEXT} at (0,1037) size 9x17
      text run at (0,1037) width 9: "2"
    RenderBR {BR} at (0,0) size 0x0
    RenderText {TEXT} at (0,1054) size 9x17
      text run at (0,1054) width 9: "3"
    RenderBR {BR} at (0,0) size 0x0
    RenderText {TEXT} at (0,1071) size 9x17
      text run at (0,1071) width 9: "4"
    RenderBR {BR} at (0,0) size 0x0
    RenderText {TEXT} at (0,1088) size 9x17
      text run at (0,1088) width 9: "5"
    RenderBR {BR} at (0,0) size 0x0
    RenderText {TEXT} at (0,1105) size 9x17
      text run at (0,1105) width 9: "6"
    RenderBR {BR} at (0,0) size 0x0
    RenderText {TEXT} at (0,1122) size 9x17
      text run at (0,1122) width 9: "7"
    RenderBR {BR} at (0,0) size 0x0
    RenderText {TEXT} at (0,1139) size 9x17
      text run at (0,1139) width 9: "8"
    RenderBR {BR} at (0,0) size 0x0
    RenderText {TEXT} at (0,1156) size 9x17
      text run at (0,1156) width 9: "9"
    RenderBR {BR} at (0,0) size 0x0
    RenderText {TEXT} at (0,1173) size 18x17
      text run at (0,1173) width 18: "10"
    RenderBR {BR} at (0,0) size 0x0
    RenderText {TEXT} at (0,1190) size 18x17
      text run at (0,1190) width 18: "11"
    RenderBR {BR} at (0,0) size 0x0
    RenderText {TEXT} at (0,1207) size 18x17
      text run at (0,1207) width 18: "12"
    RenderBR {BR} at (0,0) size 0x0
    RenderText {TEXT} at (0,1224) size 18x17
      text run at (0,1224) width 18: "13"
    RenderBR {BR} at (0,0) size 0x0
    RenderText {TEXT} at (0,1241) size 18x17
      text run at (0,1241) width 18: "14"
    RenderBR {BR} at (0,0) size 0x0
    RenderText {TEXT} at (0,1258) size 18x17
      text run at (0,1258) width 18: "15"
    RenderBR {BR} at (0,0) size 0x0
    RenderText {TEXT} at (0,1275) size 18x17
      text run at (0,1275) width 18: "16"
    RenderBR {BR} at (0,0) size 0x0
    RenderText {TEXT} at (0,1292) size 18x17
      text run at (0,1292) width 18: "17"
    RenderBR {BR} at (0,0) size 0x0
    RenderText {TEXT} at (0,1309) size 18x17
      text run at (0,1309) width 18: "18"
    RenderBR {BR} at (0,0) size 0x0
    RenderText {TEXT} at (0,1326) size 18x17
      text run at (0,1326) width 18: "19"
    RenderBR {BR} at (0,0) size 0x0
    RenderText {TEXT} at (0,1343) size 18x17
      text run at (0,1343) width 18: "20"
    RenderBR {BR} at (0,0) size 0x0
    RenderText {TEXT} at (0,1360) size 9x17
      text run at (0,1360) width 9: "1"
    RenderBR {BR} at (0,0) size 0x0
    RenderText {TEXT} at (0,1377) size 9x17
      text run at (0,1377) width 9: "2"
    RenderBR {BR} at (0,0) size 0x0
    RenderText {TEXT} at (0,1394) size 9x17
      text run at (0,1394) width 9: "3"
    RenderBR {BR} at (0,0) size 0x0
    RenderText {TEXT} at (0,1411) size 9x17
      text run at (0,1411) width 9: "4"
    RenderBR {BR} at (0,0) size 0x0
    RenderText {TEXT} at (0,1428) size 9x17
      text run at (0,1428) width 9: "5"
    RenderBR {BR} at (0,0) size 0x0
    RenderText {TEXT} at (0,1445) size 9x17
      text run at (0,1445) width 9: "6"
    RenderBR {BR} at (0,0) size 0x0
    RenderText {TEXT} at (0,1462) size 9x17
      text run at (0,1462) width 9: "7"
    RenderBR {BR} at (0,0) size 0x0
    RenderText {TEXT} at (0,1479) size 9x17
      text run at (0,1479) width 9: "8"
    RenderBR {BR} at (0,0) size 0x0
    RenderText {TEXT} at (0,1496) size 9x17
      text run at (0,1496) width 9: "9"
    RenderBR {BR} at (0,0) size 0x0
    RenderText {TEXT} at (0,1513) size 18x17
      text run at (0,1513) width 18: "10"
    RenderBR {BR} at (0,0) size 0x0
    RenderText {TEXT} at (0,1530) size 18x17
      text run at (0,1530) width 18: "11"
    RenderBR {BR} at (0,0) size 0x0
    RenderText {TEXT} at (0,1547) size 18x17
      text run at (0,1547) width 18: "12"
    RenderBR {BR} at (0,0) size 0x0
    RenderText {TEXT} at (0,1564) size 18x17
      text run at (0,1564) width 18: "13"
    RenderBR {BR} at (0,0) size 0x0
    RenderText {TEXT} at (0,1581) size 18x17
      text run at (0,1581) width 18: "14"
    RenderBR {BR} at (0,0) size 0x0
    RenderText {TEXT} at (0,1598) size 18x17
      text run at (0,1598) width 18: "15"
    RenderBR {BR} at (0,0) size 0x0
    RenderText {TEXT} at (0,1615) size 18x17
      text run at (0,1615) width 18: "16"
    RenderBR {BR} at (0,0) size 0x0
    RenderText {TEXT} at (0,1632) size 18x17
      text run at (0,1632) width 18: "17"
    RenderBR {BR} at (0,0) size 0x0
    RenderText {TEXT} at (0,1649) size 18x17
      text run at (0,1649) width 18: "18"
    RenderBR {BR} at (0,0) size 0x0
    RenderText {TEXT} at (0,1666) size 18x17
      text run at (0,1666) width 18: "19"
    RenderBR {BR} at (0,0) size 0x0
    RenderText {TEXT} at (0,1683) size 18x17
      text run at (0,1683) width 18: "20"
    RenderBR {BR} at (0,0) size 0x0
    RenderText {TEXT} at (0,1700) size 9x17
      text run at (0,1700) width 9: "1"
    RenderBR {BR} at (0,0) size 0x0
    RenderText {TEXT} at (0,1717) size 9x17
      text run at (0,1717) width 9: "2"
    RenderBR {BR} at (0,0) size 0x0
    RenderText {TEXT} at (0,1734) size 9x17
      text run at (0,1734) width 9: "3"
    RenderBR {BR} at (0,0) size 0x0
    RenderText {TEXT} at (0,1751) size 9x17
      text run at (0,1751) width 9: "4"
    RenderBR {BR} at (0,0) size 0x0
    RenderText {TEXT} at (0,1768) size 9x17
      text run at (0,1768) width 9: "5"
    RenderBR {BR} at (0,0) size 0x0
    RenderText {TEXT} at (0,1785) size 9x17
      text run at (0,1785) width 9: "6"
    RenderBR {BR} at (0,0) size 0x0
    RenderText {TEXT} at (0,1802) size 9x17
      text run at (0,1802) width 9: "7"
    RenderBR {BR} at (0,0) size 0x0
    RenderText {TEXT} at (0,1819) size 9x17
      text run at (0,1819) width 9: "8"
    RenderBR {BR} at (0,0) size 0x0
    RenderText {TEXT} at (0,1836) size 9x17
      text run at (0,1836) width 9: "9"
    RenderBR {BR} at (0,0) size 0x0
    RenderText {TEXT} at (0,1853) size 18x17
      text run at (0,1853) width 18: "10"
    RenderBR {BR} at (0,0) size 0x0
    RenderText {TEXT} at (0,1870) size 18x17
      text run at (0,1870) width 18: "11"
    RenderBR {BR} at (0,0) size 0x0
    RenderText {TEXT} at (0,1887) size 18x17
      text run at (0,1887) width 18: "12"
    RenderBR {BR} at (0,0) size 0x0
    RenderText {TEXT} at (0,1904) size 18x17
      text run at (0,1904) width 18: "13"
    RenderBR {BR} at (0,0) size 0x0
    RenderText {TEXT} at (0,1921) size 18x17
      text run at (0,1921) width 18: "14"
    RenderBR {BR} at (0,0) size 0x0
    RenderText {TEXT} at (0,1938) size 18x17
      text run at (0,1938) width 18: "15"
    RenderBR {BR} at (0,0) size 0x0
    RenderText {TEXT} at (0,1955) size 18x17
      text run at (0,1955) width 18: "16"
    RenderBR {BR} at (0,0) size 0x0
    RenderText {TEXT} at (0,1972) size 18x17
      text run at (0,1972) width 18: "17"
    RenderBR {BR} at (0,0) size 0x0
    RenderText {TEXT} at (0,1989) size 18x17
      text run at (0,1989) width 18: "18"
    RenderBR {BR} at (0,0) size 0x0
    RenderText {TEXT} at (0,2006) size 18x17
      text run at (0,2006) width 18: "19"
    RenderBR {BR} at (0,0) size 0x0
    RenderText {TEXT} at (0,2023) size 18x17
      text run at (0,2023) width 18: "20"
    RenderBR {BR} at (0,0) size 0x0
    RenderText {TEXT} at (0,0) size 0x0
