layer at (0,0) size 800x600
  RenderCanvas at (0,0) size 800x600
layer at (0,0) size 800x600
  RenderBlock {HTML} at (0,0) size 800x600
    RenderBody {BODY} at (8,8) size 784x584
layer at (8,25) size 566x22
  RenderBlock (positioned) {DIV} at (8,25) size 566x22 [border: (2px solid #008000)]
    RenderInline {SPAN} at (0,0) size 0x0
      RenderText {TEXT} at (0,0) size 0x0
    RenderText {TEXT} at (0,0) size 0x0
    RenderInline {SPAN} at (0,0) size 0x0
      RenderText {TEXT} at (0,0) size 0x0
    RenderText {TEXT} at (0,0) size 0x0
    RenderInline {SPAN} at (0,0) size 0x0
      RenderText {TEXT} at (0,0) size 0x0
    RenderText {TEXT} at (0,0) size 0x0
    RenderInline {SPAN} at (0,0) size 0x0
      RenderText {TEXT} at (0,0) size 0x0
    RenderText {TEXT} at (0,0) size 0x0
    RenderInline {SPAN} at (0,0) size 0x0
      RenderText {TEXT} at (0,0) size 0x0
    RenderText {TEXT} at (0,0) size 0x0
    RenderInline {SPAN} at (0,0) size 0x0
      RenderText {TEXT} at (0,0) size 0x0
    RenderText {TEXT} at (0,0) size 0x0
    RenderInline {SPAN} at (0,0) size 0x0
      RenderText {TEXT} at (0,0) size 0x0
    RenderText {TEXT} at (0,0) size 0x0
    RenderInline {SPAN} at (0,0) size 0x0
      RenderText {TEXT} at (0,0) size 0x0
    RenderText {TEXT} at (0,0) size 0x0
    RenderInline {SPAN} at (0,0) size 0x0
      RenderText {TEXT} at (0,0) size 0x0
    RenderText {TEXT} at (0,0) size 0x0
    RenderInline {SPAN} at (0,0) size 0x0
      RenderText {TEXT} at (0,0) size 0x0
    RenderText {TEXT} at (0,0) size 0x0
    RenderInline {SPAN} at (0,0) size 0x0
      RenderText {TEXT} at (0,0) size 0x0
    RenderText {TEXT} at (0,0) size 0x0
    RenderInline {SPAN} at (0,0) size 0x0
      RenderText {TEXT} at (0,0) size 0x0
    RenderText {TEXT} at (0,0) size 0x0
    RenderInline {SPAN} at (0,0) size 0x0
      RenderText {TEXT} at (0,0) size 0x0
    RenderText {TEXT} at (0,0) size 0x0
    RenderInline {SPAN} at (0,0) size 0x0
      RenderText {TEXT} at (0,0) size 0x0
    RenderText {TEXT} at (0,0) size 0x0
    RenderInline {SPAN} at (0,0) size 0x0
      RenderText {TEXT} at (0,0) size 0x0
    RenderText {TEXT} at (0,0) size 0x0
    RenderInline {SPAN} at (0,0) size 0x0
      RenderText {TEXT} at (0,0) size 0x0
    RenderText {TEXT} at (0,0) size 0x0
    RenderInline {SPAN} at (0,0) size 0x0
      RenderText {TEXT} at (0,0) size 0x0
    RenderInline {SPAN} at (0,0) size 562x18
      RenderText {TEXT} at (2,2) size 562x18
        text run at (2,2) width 562: "The green border should fit snugly. No extra space should appear before or after this text."
    RenderText {TEXT} at (0,0) size 0x0
