layer at (0,0) size 800x600
  RenderCanvas at (0,0) size 800x600
layer at (0,0) size 800x33
  RenderBlock {HTML} at (0,0) size 800x33
    RenderBody {BODY} at (8,8) size 784x17
      RenderText {TEXT} at (0,0) size 592x17
        text run at (0,0) width 170: "There should be two 100"
        text run at (170,0) width 191: "x100 green squares below. "
        text run at (361,0) width 231: "They should be vertically stacked."
      RenderText {TEXT} at (0,0) size 0x0
layer at (10,40) size 100x100
  RenderBlock (positioned) {DIV} at (10,40) size 100x100 [bgcolor=#008000]
    RenderBlock {DIV} at (0,0) size 100x0 [bgcolor=#000000]
layer at (10,150) size 100x100
  RenderBlock (positioned) {DIV} at (10,150) size 100x100 [bgcolor=#008000]
    RenderBlock {DIV} at (0,0) size 100x0 [bgcolor=#000000]
