layer at (0,0) size 800x600
  RenderView at (0,0) size 800x600
layer at (0,0) size 800x600
  RenderBlock {HTML} at (0,0) size 800x600
    RenderBody {BODY} at (8,8) size 784x584
      RenderBlock {P} at (0,0) size 784x18
        RenderText {#text} at (0,0) size 276x18
          text run at (0,0) width 276: "The two boxes below should look identical."
      RenderBlock (anonymous) at (0,34) size 784x18
        RenderText {#text} at (0,0) size 165x18
          text run at (0,0) width 165: "\\ No newline at end of file"
layer at (8,42) size 200x200
  RenderBlock (positioned) {DIV} at (8,42) size 200x200 [bgcolor=#0000FF]
layer at (8,42) size 100x50
  RenderBlock (positioned) {DIV} at (0,0) size 100x50 [bgcolor=#008000]
layer at (300,42) size 200x200
  RenderBlock (positioned) {DIV} at (300,42) size 200x200 [bgcolor=#0000FF]
layer at (300,42) size 100x50
  RenderBlock (positioned) {DIV} at (0,0) size 100x50 [bgcolor=#008000]
