layer at (0,0) size 800x600
  RenderView at (0,0) size 800x600
layer at (0,0) size 800x600
  RenderBlock {HTML} at (0,0) size 800x600
    RenderBody {BODY} at (8,8) size 784x584 [bgcolor=#CCCCCC]
      RenderBlock {P} at (0,0) size 784x16
        RenderText {#text} at (0,0) size 352x16
          text run at (0,0) width 352: "The style declarations which apply to the text below are:"
      RenderBlock {PRE} at (0,30) size 784x64
        RenderText {#text} at (0,0) size 124x64
          text run at (0,0) width 104: ".one {font-style: italic;}"
          text run at (104,0) width 0: " "
          text run at (0,16) width 108: ".two {font-style: oblique;}"
          text run at (108,16) width 0: " "
          text run at (0,32) width 124: ".three, I {font-style: normal;}"
          text run at (124,32) width 0: " "
          text run at (0,48) width 0: " "
      RenderBlock {HR} at (0,108) size 784x2 [border: (1px inset #000000)]
      RenderBlock {P} at (0,124) size 784x16
        RenderText {#text} at (0,0) size 495x16
          text run at (0,0) width 495: "This paragraph should be in italics, but the last word of the sentence should be "
        RenderInline {SPAN} at (0,0) size 43x16
          RenderText {#text} at (495,0) size 43x16
            text run at (495,0) width 43: "normal"
        RenderText {#text} at (538,0) size 3x16
          text run at (538,0) width 3: "."
      RenderBlock {P} at (0,154) size 784x16
        RenderText {#text} at (0,0) size 212x16
          text run at (0,0) width 212: "This paragraph should be oblique."
      RenderBlock {P} at (0,184) size 784x16
        RenderInline {I} at (0,0) size 211x16
          RenderText {#text} at (0,0) size 211x16
            text run at (0,0) width 211: "This paragraph should be normal."
        RenderText {#text} at (0,0) size 0x0
      RenderTable {TABLE} at (0,214) size 563x110 [border: (1px outset #808080)]
        RenderTableSection {TBODY} at (1,1) size 561x108
          RenderTableRow {TR} at (0,0) size 561x24
            RenderTableCell {TD} at (0,0) size 561x24 [bgcolor=#C0C0C0] [border: (1px inset #808080)] [r=0 c=0 rs=1 cs=2]
              RenderInline {STRONG} at (0,0) size 157x16
                RenderText {#text} at (4,4) size 157x16
                  text run at (4,4) width 157: "TABLE Testing Section"
          RenderTableRow {TR} at (0,24) size 561x84
            RenderTableCell {TD} at (0,54) size 12x24 [bgcolor=#C0C0C0] [border: (1px inset #808080)] [r=1 c=0 rs=1 cs=1]
              RenderText {#text} at (4,4) size 4x16
                text run at (4,4) width 4: " "
            RenderTableCell {TD} at (12,24) size 549x84 [border: (1px inset #808080)] [r=1 c=1 rs=1 cs=1]
              RenderBlock {P} at (4,4) size 541x16
                RenderText {#text} at (0,0) size 495x16
                  text run at (0,0) width 495: "This paragraph should be in italics, but the last word of the sentence should be "
                RenderInline {SPAN} at (0,0) size 43x16
                  RenderText {#text} at (495,0) size 43x16
                    text run at (495,0) width 43: "normal"
                RenderText {#text} at (538,0) size 3x16
                  text run at (538,0) width 3: "."
              RenderBlock {P} at (4,34) size 541x16
                RenderText {#text} at (0,0) size 212x16
                  text run at (0,0) width 212: "This paragraph should be oblique."
              RenderBlock {P} at (4,64) size 541x16
                RenderInline {I} at (0,0) size 211x16
                  RenderText {#text} at (0,0) size 211x16
                    text run at (0,0) width 211: "This paragraph should be normal."
                RenderText {#text} at (0,0) size 0x0
