layer at (0,0) size 800x1144
  RenderView at (0,0) size 800x600
layer at (0,0) size 800x1144
  RenderBlock {HTML} at (0,0) size 800x1144
    RenderBody {BODY} at (8,8) size 784x1128 [bgcolor=#CCCCCC]
      RenderBlock {P} at (0,0) size 784x16
        RenderText {#text} at (0,0) size 352x16
          text run at (0,0) width 352: "The style declarations which apply to the text below are:"
      RenderBlock {PRE} at (0,30) size 784x144
        RenderText {#text} at (0,0) size 156x144
          text run at (0,0) width 108: "DIV.a {font-family: serif;}"
          text run at (108,0) width 0: " "
          text run at (0,16) width 124: "DIV.b {font-family: monospace;}"
          text run at (124,16) width 0: " "
          text run at (0,32) width 104: ".one {font-family: serif;}"
          text run at (104,32) width 0: " "
          text run at (0,48) width 124: ".two {font-family: sans-serif;}"
          text run at (124,48) width 0: " "
          text run at (0,64) width 120: ".three {font-family: cursive;}"
          text run at (120,64) width 0: " "
          text run at (0,80) width 116: ".four {font-family: fantasy;}"
          text run at (116,80) width 0: " "
          text run at (0,96) width 124: ".five {font-family: monospace;}"
          text run at (124,96) width 0: " "
          text run at (0,112) width 156: ".six {font-family: sans-serif,cursive;}"
          text run at (156,112) width 0: " "
          text run at (0,128) width 152: ".seven {font-family: monospace,serif;}"
          text run at (152,128) width 0: " "
      RenderBlock {HR} at (0,188) size 784x2 [border: (1px inset #000000)]
      RenderBlock {DIV} at (0,204) size 784x166
        RenderBlock {P} at (0,0) size 784x16
          RenderText {#text} at (0,0) size 572x16
            text run at (0,0) width 572: "This sentence is normal for the first division, which is the next five sentences; it should be a serif font."
        RenderBlock {P} at (0,30) size 784x16
          RenderText {#text} at (0,0) size 217x16
            text run at (0,0) width 217: "This sentence should be in a serif font."
        RenderBlock {P} at (0,60) size 784x16
          RenderText {#text} at (0,0) size 276x16
            text run at (0,0) width 276: "This sentence should be in a sans-serif font."
        RenderBlock {P} at (0,90) size 784x16
          RenderText {#text} at (0,0) size 234x16
            text run at (0,0) width 234: "This sentence should be in a cursive font."
        RenderBlock {P} at (0,120) size 784x16
          RenderText {#text} at (0,0) size 234x16
            text run at (0,0) width 234: "This sentence should be in a fantasy font."
        RenderBlock {P} at (0,150) size 784x16
          RenderText {#text} at (0,0) size 176x16
            text run at (0,0) width 176: "This sentence should be in a monospace font."
      RenderBlock {HR} at (0,384) size 784x2 [border: (1px inset #000000)]
      RenderBlock {P} at (0,400) size 784x16
        RenderText {#text} at (0,0) size 351x16
          text run at (0,0) width 351: "This sentence should be in a sans-serif font, not cursive."
      RenderBlock {P} at (0,430) size 784x16
        RenderText {#text} at (0,0) size 220x16
          text run at (0,0) width 220: "This sentence should be in a monospace font, not serif."
      RenderBlock {HR} at (0,460) size 784x2 [border: (1px inset #000000)]
      RenderBlock {DIV} at (0,476) size 784x166
        RenderBlock {P} at (0,0) size 784x16
          RenderText {#text} at (0,0) size 448x16
            text run at (0,0) width 448: "This sentence is normal for the first division, which is the next five sentences; it should be a monospace font."
        RenderBlock {P} at (0,30) size 784x16
          RenderText {#text} at (0,0) size 217x16
            text run at (0,0) width 217: "This sentence should be in a serif font."
        RenderBlock {P} at (0,60) size 784x16
          RenderText {#text} at (0,0) size 276x16
            text run at (0,0) width 276: "This sentence should be in a sans-serif font."
        RenderBlock {P} at (0,90) size 784x16
          RenderText {#text} at (0,0) size 168x16
            text run at (0,0) width 168: "This sentence should be in a cursive font."
        RenderBlock {P} at (0,120) size 784x16
          RenderText {#text} at (0,0) size 168x16
            text run at (0,0) width 168: "This sentence should be in a fantasy font."
        RenderBlock {P} at (0,150) size 784x16
          RenderText {#text} at (0,0) size 176x16
            text run at (0,0) width 176: "This sentence should be in a monospace font."
      RenderTable {TABLE} at (0,656) size 594x472 [border: (1px outset #808080)]
        RenderTableSection {TBODY} at (1,1) size 592x470
          RenderTableRow {TR} at (0,0) size 592x24
            RenderTableCell {TD} at (0,0) size 592x24 [bgcolor=#C0C0C0] [border: (1px inset #808080)] [r=0 c=0 rs=1 cs=2]
              RenderInline {STRONG} at (0,0) size 157x16
                RenderText {#text} at (4,4) size 157x16
                  text run at (4,4) width 157: "TABLE Testing Section"
          RenderTableRow {TR} at (0,24) size 592x446
            RenderTableCell {TD} at (0,235) size 12x24 [bgcolor=#C0C0C0] [border: (1px inset #808080)] [r=1 c=0 rs=1 cs=1]
              RenderText {#text} at (4,4) size 4x16
                text run at (4,4) width 4: " "
            RenderTableCell {TD} at (12,24) size 580x446 [border: (1px inset #808080)] [r=1 c=1 rs=1 cs=1]
              RenderBlock {DIV} at (4,4) size 572x166
                RenderBlock {P} at (0,0) size 572x16
                  RenderText {#text} at (0,0) size 572x16
                    text run at (0,0) width 572: "This sentence is normal for the first division, which is the next five sentences; it should be a serif font."
                RenderBlock {P} at (0,30) size 572x16
                  RenderText {#text} at (0,0) size 217x16
                    text run at (0,0) width 217: "This sentence should be in a serif font."
                RenderBlock {P} at (0,60) size 572x16
                  RenderText {#text} at (0,0) size 276x16
                    text run at (0,0) width 276: "This sentence should be in a sans-serif font."
                RenderBlock {P} at (0,90) size 572x16
                  RenderText {#text} at (0,0) size 234x16
                    text run at (0,0) width 234: "This sentence should be in a cursive font."
                RenderBlock {P} at (0,120) size 572x16
                  RenderText {#text} at (0,0) size 234x16
                    text run at (0,0) width 234: "This sentence should be in a fantasy font."
                RenderBlock {P} at (0,150) size 572x16
                  RenderText {#text} at (0,0) size 176x16
                    text run at (0,0) width 176: "This sentence should be in a monospace font."
              RenderBlock {HR} at (4,184) size 572x2 [border: (1px inset #000000)]
              RenderBlock {P} at (4,200) size 572x16
                RenderText {#text} at (0,0) size 351x16
                  text run at (0,0) width 351: "This sentence should be in a sans-serif font, not cursive."
              RenderBlock {P} at (4,230) size 572x16
                RenderText {#text} at (0,0) size 220x16
                  text run at (0,0) width 220: "This sentence should be in a monospace font, not serif."
              RenderBlock {HR} at (4,260) size 572x2 [border: (1px inset #000000)]
              RenderBlock {DIV} at (4,276) size 572x166
                RenderBlock {P} at (0,0) size 572x16
                  RenderText {#text} at (0,0) size 448x16
                    text run at (0,0) width 448: "This sentence is normal for the first division, which is the next five sentences; it should be a monospace font."
                RenderBlock {P} at (0,30) size 572x16
                  RenderText {#text} at (0,0) size 217x16
                    text run at (0,0) width 217: "This sentence should be in a serif font."
                RenderBlock {P} at (0,60) size 572x16
                  RenderText {#text} at (0,0) size 276x16
                    text run at (0,0) width 276: "This sentence should be in a sans-serif font."
                RenderBlock {P} at (0,90) size 572x16
                  RenderText {#text} at (0,0) size 168x16
                    text run at (0,0) width 168: "This sentence should be in a cursive font."
                RenderBlock {P} at (0,120) size 572x16
                  RenderText {#text} at (0,0) size 168x16
                    text run at (0,0) width 168: "This sentence should be in a fantasy font."
                RenderBlock {P} at (0,150) size 572x16
                  RenderText {#text} at (0,0) size 176x16
                    text run at (0,0) width 176: "This sentence should be in a monospace font."
