layer at (0,0) size 800x600
  RenderView at (0,0) size 800x600
layer at (0,0) size 800x600
  RenderBlock {HTML} at (0,0) size 800x600
    RenderBody {BODY} at (8,8) size 784x584 [bgcolor=#CCCCCC]
      RenderBlock {P} at (0,0) size 784x19
        RenderText {#text} at (0,0) size 354x19
          text run at (0,0) width 354: "The style declarations which apply to the text below are:"
      RenderBlock {PRE} at (0,33) size 784x57
        RenderText {#text} at (0,1) size 256x55
          text run at (0,1) width 256: ".one {font-variant: small-caps;}"
          text run at (256,1) width 0: " "
          text run at (0,20) width 224: ".two {font-variant: normal;}"
          text run at (224,20) width 0: " "
          text run at (0,39) width 0: " "
      RenderBlock {HR} at (0,104) size 784x2 [border: (1px inset #000000)]
      RenderBlock {P} at (0,120) size 784x19
        RenderText {#text} at (0,0) size 253x19
          text run at (0,0) width 253: "This Paragraph should be in Small Caps."
      RenderBlock {P} at (0,153) size 784x19
        RenderText {#text} at (0,0) size 539x19
          text run at (0,0) width 539: "This Paragraph should be in Small Caps, but the Last Word in the Sentence should be "
        RenderInline {SPAN} at (0,0) size 46x19
          RenderText {#text} at (539,0) size 46x19
            text run at (539,0) width 46: "Normal"
        RenderText {#text} at (585,0) size 4x19
          text run at (585,0) width 4: "."
      RenderTable {TABLE} at (0,186) size 611x90 [border: (1px outset #808080)]
        RenderTableSection {TBODY} at (1,1) size 609x88
          RenderTableRow {TR} at (0,0) size 609x28
            RenderTableCell {TD} at (0,0) size 609x28 [bgcolor=#C0C0C0] [border: (1px inset #808080)] [r=0 c=0 rs=1 cs=2]
              RenderInline {STRONG} at (0,0) size 159x20
                RenderText {#text} at (4,4) size 159x20
                  text run at (4,4) width 159: "TABLE Testing Section"
          RenderTableRow {TR} at (0,28) size 609x60
            RenderTableCell {TD} at (0,44) size 12x27 [bgcolor=#C0C0C0] [border: (1px inset #808080)] [r=1 c=0 rs=1 cs=1]
              RenderText {#text} at (4,4) size 4x19
                text run at (4,4) width 4: " "
            RenderTableCell {TD} at (12,28) size 597x60 [border: (1px inset #808080)] [r=1 c=1 rs=1 cs=1]
              RenderBlock {P} at (4,4) size 589x19
                RenderText {#text} at (0,0) size 253x19
                  text run at (0,0) width 253: "This Paragraph should be in Small Caps."
              RenderBlock {P} at (4,37) size 589x19
                RenderText {#text} at (0,0) size 539x19
                  text run at (0,0) width 539: "This Paragraph should be in Small Caps, but the Last Word in the Sentence should be "
                RenderInline {SPAN} at (0,0) size 46x19
                  RenderText {#text} at (539,0) size 46x19
                    text run at (539,0) width 46: "Normal"
                RenderText {#text} at (585,0) size 4x19
                  text run at (585,0) width 4: "."
