layer at (0,0) size 203x26577
  RenderView at (0,0) size 96x26
layer at (0,0) size 203x26577
  RenderBlock {HTML} at (0,0) size 96x26577
    RenderBody {BODY} at (8,8) size 80x26561 [bgcolor=#CCCCCC]
      RenderBlock {P} at (0,0) size 80x70
        RenderText {#text} at (0,0) size 78x70
          text run at (0,0) width 49: "The style"
          text run at (0,14) width 67: "declarations"
          text run at (0,28) width 78: "which apply to"
          text run at (0,42) width 75: "the text below"
          text run at (0,56) width 21: "are:"
      RenderBlock {PRE} at (0,82) size 80x168
        RenderText {#text} at (0,0) size 171x168
          text run at (0,0) width 69: "BODY {font-size: 12px;}"
          text run at (69,0) width 0: " "
          text run at (0,14) width 138: ".one {font: italic small-caps 13pt Helvetica;}"
          text run at (138,14) width 0: " "
          text run at (0,28) width 87: ".two {font: 150%/150% serif;}"
          text run at (87,28) width 0: " "
          text run at (0,42) width 108: ".three {font: 150%/150% sans-serif;}"
          text run at (108,42) width 0: " "
          text run at (0,56) width 99: ".four {font: small/200% cursive;}"
          text run at (99,56) width 0: " "
          text run at (0,70) width 171: ".five {font: italic small-caps 900 150%/150% sans-serif;}"
          text run at (171,70) width 0: " "
          text run at (0,84) width 168: ".six {font: italic small-caps 100 150%/300% sans-serif;}"
          text run at (168,84) width 0: " "
          text run at (0,98) width 168: ".seven {font: italic small-caps 900 150%/2em monospace;}"
          text run at (168,98) width 0: " "
          text run at (0,112) width 171: ".eight {font: italic small-caps 500 150%/1in sans-serif;}"
          text run at (171,112) width 0: " "
          text run at (0,126) width 162: ".nine {font: oblique normal 700 18px/200% sans-serif;}"
          text run at (162,126) width 0: " "
          text run at (0,140) width 129: ".ten {font: normal 400 80%/2.5 sans-serif;}"
          text run at (129,140) width 0: " "
          text run at (0,154) width 114: "SPAN.color {background-color: silver;}"
          text run at (114,154) width 0: " "
      RenderBlock {HR} at (0,262) size 80x2 [border: (1px inset #000000)]
      RenderBlock {P} at (0,276) size 80x182
        RenderText {#text} at (0,0) size 73x182
          text run at (0,0) width 70: "This element"
          text run at (0,14) width 61: "is unstyled,"
          text run at (0,28) width 61: "and should"
          text run at (0,42) width 71: "inherit a font-"
          text run at (0,56) width 65: "size of 12px"
          text run at (0,70) width 44: "from the"
          text run at (0,84) width 34: "BODY"
          text run at (0,98) width 50: "element. "
          text run at (50,98) width 23: "This"
          text run at (0,112) width 63: "is the \"base"
          text run at (0,126) width 49: "font size\""
          text run at (0,140) width 69: "referred to in"
          text run at (0,154) width 69: "the following"
          text run at (0,168) width 28: "tests."
      RenderBlock {P} at (0,475) size 80x180
        RenderText {#text} at (0,0) size 91x179
          text run at (0,0) width 37: "This"
          text run at (0,20) width 77: "element"
          text run at (0,40) width 69: "should"
          text run at (0,60) width 70: "be 13pt."
          text run at (0,80) width 91: "Helvetica"
          text run at (0,100) width 75: "which is"
          text run at (0,120) width 79: "in small-"
          text run at (0,140) width 34: "cap"
          text run at (0,160) width 65: "italics."
      RenderBlock {P} at (0,673) size 80x675
        RenderText {#text} at (0,3) size 98x668
          text run at (0,3) width 32: "This"
          text run at (0,30) width 57: "element"
          text run at (0,57) width 70: "should be"
          text run at (0,84) width 64: "in a serif"
          text run at (0,111) width 39: "font. "
          text run at (39,111) width 18: "Its"
          text run at (0,138) width 63: "font-size"
          text run at (0,165) width 70: "should be"
          text run at (0,192) width 69: "150% the"
          text run at (0,219) width 66: "base font"
          text run at (0,246) width 64: "size, and"
          text run at (0,273) width 55: "its line-"
          text run at (0,300) width 45: "height"
          text run at (0,327) width 48: "should"
          text run at (0,354) width 62: "150% of"
          text run at (0,381) width 71: "that value"
          text run at (0,408) width 73: "(18px and"
          text run at (0,435) width 41: "27px,"
          text run at (0,462) width 98: "respectively)."
          text run at (0,489) width 71: "Extra text"
          text run at (0,516) width 79: "is included"
          text run at (0,543) width 48: "for the"
          text run at (0,570) width 64: "purposes"
          text run at (0,597) width 68: "of testing"
          text run at (0,624) width 68: "this more"
          text run at (0,651) width 82: "effectively."
      RenderBlock {P} at (0,1366) size 80x729
        RenderText {#text} at (0,3) size 106x722
          text run at (0,3) width 34: "This"
          text run at (0,30) width 64: "element"
          text run at (0,57) width 78: "should be"
          text run at (0,84) width 78: "in a sans-"
          text run at (0,111) width 74: "serif font."
          text run at (0,138) width 60: "Its font-"
          text run at (0,165) width 32: "size"
          text run at (0,192) width 78: "should be"
          text run at (0,219) width 76: "150% the"
          text run at (0,246) width 74: "base font"
          text run at (0,273) width 72: "size, and"
          text run at (0,300) width 57: "its line-"
          text run at (0,327) width 49: "height"
          text run at (0,354) width 53: "should"
          text run at (0,381) width 66: "150% of"
          text run at (0,408) width 78: "that value"
          text run at (0,435) width 80: "(18px and"
          text run at (0,462) width 44: "27px,"
          text run at (0,489) width 106: "respectively)."
          text run at (0,516) width 76: "Extra text"
          text run at (0,543) width 13: "is"
          text run at (0,570) width 67: "included"
          text run at (0,597) width 51: "for the"
          text run at (0,624) width 74: "purposes"
          text run at (0,651) width 73: "of testing"
          text run at (0,678) width 74: "this more"
          text run at (0,705) width 85: "effectively."
      RenderBlock {P} at (0,2113) size 80x506
        RenderText {#text} at (0,5) size 79x210
          text run at (0,5) width 56: "This element"
          text run at (0,27) width 63: "should be in a"
          text run at (0,49) width 58: "cursive font,"
          text run at (0,71) width 60: "'small' in size,"
          text run at (0,93) width 79: "with a line-height"
          text run at (0,115) width 77: "200% the height"
          text run at (0,137) width 57: "of the text's"
          text run at (0,159) width 52: "actual size. "
          text run at (52,159) width 16: "For"
          text run at (0,181) width 67: "example, if the"
          text run at (0,203) width 67: "font-size value"
        RenderInline {CODE} at (0,0) size 15x12
          RenderText {#text} at (0,225) size 15x12
            text run at (0,225) width 15: "small"
        RenderText {#text} at (15,225) size 78x276
          text run at (15,225) width 57: " is calculated"
          text run at (0,247) width 63: "at 10px, then"
          text run at (0,269) width 66: "the line-height"
          text run at (0,291) width 74: "should be 20px."
          text run at (0,313) width 71: "The actual value"
          text run at (0,335) width 72: "of the font-size"
          text run at (0,357) width 29: "is UA-"
          text run at (0,379) width 52: "dependent."
          text run at (0,401) width 58: "Extra text is"
          text run at (0,423) width 72: "included for the"
          text run at (0,445) width 55: "purposes of"
          text run at (0,467) width 78: "testing this more"
          text run at (0,489) width 50: "effectively."
      RenderBlock {P} at (0,2637) size 80x1188
        RenderText {#text} at (0,3) size 148x1181
          text run at (0,3) width 41: "This"
          text run at (0,30) width 86: "element"
          text run at (0,57) width 76: "should"
          text run at (0,84) width 66: "be in a"
          text run at (0,111) width 56: "sans-"
          text run at (0,138) width 53: "serif"
          text run at (0,165) width 54: "font,"
          text run at (0,192) width 99: "italicized"
          text run at (0,219) width 39: "and"
          text run at (0,246) width 62: "small"
          text run at (0,273) width 55: "caps,"
          text run at (0,300) width 64: "with a"
          text run at (0,327) width 72: "weight"
          text run at (0,354) width 65: "of 900."
          text run at (0,381) width 28: "Its"
          text run at (0,408) width 55: "font-"
          text run at (0,435) width 40: "size"
          text run at (0,462) width 76: "should"
          text run at (0,489) width 76: "be 150%"
          text run at (0,516) width 36: "the"
          text run at (0,543) width 50: "base"
          text run at (0,570) width 49: "font"
          text run at (0,597) width 45: "size,"
          text run at (0,624) width 72: "and its"
          text run at (0,651) width 47: "line-"
          text run at (0,678) width 68: "height"
          text run at (0,705) width 76: "should"
          text run at (0,732) width 76: "be 150%"
          text run at (0,759) width 78: "of that"
          text run at (0,786) width 61: "value"
          text run at (0,813) width 50: "(18px"
          text run at (0,840) width 39: "and"
          text run at (0,867) width 49: "27px,"
          text run at (0,894) width 148: "respectively)."
          text run at (0,921) width 61: "Extra"
          text run at (0,948) width 68: "text is"
          text run at (0,975) width 93: "included"
          text run at (0,1002) width 79: "for the"
          text run at (0,1029) width 100: "purposes"
          text run at (0,1056) width 25: "of"
          text run at (0,1083) width 78: "testing"
          text run at (0,1110) width 41: "this"
          text run at (0,1137) width 54: "more"
          text run at (0,1164) width 127: "effectively."
      RenderBlock {P} at (0,3843) size 80x2376
        RenderText {#text} at (0,17) size 147x2342
          text run at (0,17) width 41: "This"
          text run at (0,71) width 85: "element"
          text run at (0,125) width 75: "should"
          text run at (0,179) width 64: "be in a"
          text run at (0,233) width 55: "sans-"
          text run at (0,287) width 53: "serif"
          text run at (0,341) width 54: "font,"
          text run at (0,395) width 97: "italicized"
          text run at (0,449) width 38: "and"
          text run at (0,503) width 59: "small"
          text run at (0,557) width 54: "caps,"
          text run at (0,611) width 63: "with a"
          text run at (0,665) width 72: "weight"
          text run at (0,719) width 65: "of 100."
          text run at (0,773) width 28: "Its"
          text run at (0,827) width 55: "font-"
          text run at (0,881) width 40: "size"
          text run at (0,935) width 75: "should"
          text run at (0,989) width 75: "be 150%"
          text run at (0,1043) width 36: "the"
          text run at (0,1097) width 48: "base"
          text run at (0,1151) width 49: "font"
          text run at (0,1205) width 45: "size,"
          text run at (0,1259) width 71: "and its"
          text run at (0,1313) width 46: "line-"
          text run at (0,1367) width 68: "height"
          text run at (0,1421) width 75: "should"
          text run at (0,1475) width 75: "be 300%"
          text run at (0,1529) width 77: "of that"
          text run at (0,1583) width 59: "value"
          text run at (0,1637) width 50: "(18px"
          text run at (0,1691) width 38: "and"
          text run at (0,1745) width 49: "54px,"
          text run at (0,1799) width 147: "respectively)."
          text run at (0,1853) width 60: "Extra"
          text run at (0,1907) width 68: "text is"
          text run at (0,1961) width 92: "included"
          text run at (0,2015) width 79: "for the"
          text run at (0,2069) width 100: "purposes"
          text run at (0,2123) width 25: "of"
          text run at (0,2177) width 78: "testing"
          text run at (0,2231) width 41: "this"
          text run at (0,2285) width 54: "more"
          text run at (0,2339) width 126: "effectively."
      RenderBlock {P} at (0,6237) size 80x1692
        RenderText {#text} at (0,8) size 148x1676
          text run at (0,8) width 41: "This"
          text run at (0,44) width 86: "element"
          text run at (0,80) width 76: "should"
          text run at (0,116) width 66: "be in a"
          text run at (0,152) width 118: "monospace"
          text run at (0,188) width 54: "font,"
          text run at (0,224) width 99: "italicized"
          text run at (0,260) width 39: "and"
          text run at (0,296) width 62: "small"
          text run at (0,332) width 55: "caps,"
          text run at (0,368) width 64: "with a"
          text run at (0,404) width 72: "weight"
          text run at (0,440) width 65: "of 900."
          text run at (0,476) width 28: "Its"
          text run at (0,512) width 55: "font-"
          text run at (0,548) width 40: "size"
          text run at (0,584) width 76: "should"
          text run at (0,620) width 76: "be 150%"
          text run at (0,656) width 36: "the"
          text run at (0,692) width 50: "base"
          text run at (0,728) width 49: "font"
          text run at (0,764) width 45: "size,"
          text run at (0,800) width 72: "and its"
          text run at (0,836) width 47: "line-"
          text run at (0,872) width 68: "height"
          text run at (0,908) width 76: "should"
          text run at (0,944) width 72: "be 2em,"
          text run at (0,980) width 27: "or"
          text run at (0,1016) width 58: "twice"
          text run at (0,1052) width 36: "the"
          text run at (0,1088) width 102: "element's"
          text run at (0,1124) width 49: "font"
          text run at (0,1160) width 40: "size"
          text run at (0,1196) width 50: "(18px"
          text run at (0,1232) width 39: "and"
          text run at (0,1268) width 49: "36px,"
          text run at (0,1304) width 148: "respectively)."
          text run at (0,1340) width 61: "Extra"
          text run at (0,1376) width 68: "text is"
          text run at (0,1412) width 93: "included"
          text run at (0,1448) width 79: "for the"
          text run at (0,1484) width 100: "purposes"
          text run at (0,1520) width 25: "of"
          text run at (0,1556) width 78: "testing"
          text run at (0,1592) width 41: "this"
          text run at (0,1628) width 54: "more"
          text run at (0,1664) width 127: "effectively."
      RenderBlock {P} at (0,7947) size 80x3744
        RenderText {#text} at (0,38) size 126x3668
          text run at (0,38) width 41: "This"
          text run at (0,134) width 85: "element"
          text run at (0,230) width 75: "should"
          text run at (0,326) width 64: "be in a"
          text run at (0,422) width 55: "sans-"
          text run at (0,518) width 53: "serif"
          text run at (0,614) width 54: "font,"
          text run at (0,710) width 97: "italicized"
          text run at (0,806) width 38: "and"
          text run at (0,902) width 59: "small"
          text run at (0,998) width 54: "caps,"
          text run at (0,1094) width 63: "with a"
          text run at (0,1190) width 72: "weight"
          text run at (0,1286) width 65: "of 500."
          text run at (0,1382) width 28: "Its"
          text run at (0,1478) width 55: "font-"
          text run at (0,1574) width 40: "size"
          text run at (0,1670) width 75: "should"
          text run at (0,1766) width 75: "be 150%"
          text run at (0,1862) width 36: "the"
          text run at (0,1958) width 48: "base"
          text run at (0,2054) width 49: "font"
          text run at (0,2150) width 77: "size, or"
          text run at (0,2246) width 49: "18px,"
          text run at (0,2342) width 71: "and its"
          text run at (0,2438) width 46: "line-"
          text run at (0,2534) width 68: "height"
          text run at (0,2630) width 75: "should"
          text run at (0,2726) width 62: "be 1in."
          text run at (0,2822) width 60: "Extra"
          text run at (0,2918) width 68: "text is"
          text run at (0,3014) width 92: "included"
          text run at (0,3110) width 79: "for the"
          text run at (0,3206) width 100: "purposes"
          text run at (0,3302) width 25: "of"
          text run at (0,3398) width 78: "testing"
          text run at (0,3494) width 41: "this"
          text run at (0,3590) width 54: "more"
          text run at (0,3686) width 126: "effectively."
      RenderBlock {P} at (0,11709) size 80x1368
        RenderText {#text} at (0,8) size 93x1352
          text run at (0,8) width 37: "This"
          text run at (0,44) width 68: "element"
          text run at (0,80) width 59: "should"
          text run at (0,116) width 57: "be in a"
          text run at (0,152) width 47: "sans-"
          text run at (0,188) width 38: "serif"
          text run at (0,224) width 39: "font,"
          text run at (0,260) width 64: "oblique"
          text run at (0,296) width 65: "and not"
          text run at (0,332) width 52: "small-"
          text run at (0,368) width 46: "caps,"
          text run at (0,404) width 51: "with a"
          text run at (0,440) width 79: "weight of"
          text run at (0,476) width 40: "700. "
          text run at (40,476) width 21: "Its"
          text run at (0,512) width 74: "font-size"
          text run at (0,548) width 59: "should"
          text run at (0,584) width 46: "be 18"
          text run at (0,620) width 56: "pixels,"
          text run at (0,656) width 58: "and its"
          text run at (0,692) width 37: "line-"
          text run at (0,728) width 54: "height"
          text run at (0,764) width 59: "should"
          text run at (0,800) width 67: "be 36px"
          text run at (0,836) width 52: "(200%"
          text run at (0,872) width 32: "this"
          text run at (0,908) width 82: "element's"
          text run at (0,944) width 34: "font"
          text run at (0,980) width 45: "size)."
          text run at (0,1016) width 45: "Extra"
          text run at (0,1052) width 52: "text is"
          text run at (0,1088) width 74: "included"
          text run at (0,1124) width 56: "for the"
          text run at (0,1160) width 81: "purposes"
          text run at (0,1196) width 17: "of"
          text run at (0,1232) width 59: "testing"
          text run at (0,1268) width 32: "this"
          text run at (0,1304) width 44: "more"
          text run at (0,1340) width 93: "effectively."
      RenderBlock {P} at (0,13095) size 80x400
        RenderText {#text} at (0,6) size 80x387
          text run at (0,6) width 59: "This element"
          text run at (0,31) width 66: "should be in a"
          text run at (0,56) width 68: "sans-serif font,"
          text run at (0,81) width 72: "with a weight of"
          text run at (0,106) width 24: "400. "
          text run at (24,106) width 53: "Its font-size"
          text run at (0,131) width 70: "should be 80%"
          text run at (0,156) width 50: "of 12px, or"
          text run at (0,181) width 63: "9.6px, and its"
          text run at (0,206) width 80: "line-height shoud"
          text run at (0,231) width 57: "be 2.5 times"
          text run at (0,256) width 62: "that, or 24px."
          text run at (0,281) width 54: "Extra text is"
          text run at (0,306) width 72: "included for the"
          text run at (0,331) width 55: "purposes of"
          text run at (0,356) width 76: "testing this more"
          text run at (0,381) width 49: "effectively."
      RenderBlock {P} at (0,13513) size 80x3186
        RenderInline {SPAN} at (0,0) size 147x3152 [bgcolor=#C0C0C0]
          RenderText {#text} at (0,17) size 147x3152
            text run at (0,17) width 41: "This"
            text run at (0,71) width 85: "element"
            text run at (0,125) width 75: "should"
            text run at (0,179) width 64: "be in a"
            text run at (0,233) width 55: "sans-"
            text run at (0,287) width 53: "serif"
            text run at (0,341) width 54: "font,"
            text run at (0,395) width 97: "italicized"
            text run at (0,449) width 38: "and"
            text run at (0,503) width 59: "small"
            text run at (0,557) width 54: "caps,"
            text run at (0,611) width 63: "with a"
            text run at (0,665) width 72: "weight"
            text run at (0,719) width 65: "of 100."
            text run at (0,773) width 28: "Its"
            text run at (0,827) width 55: "font-"
            text run at (0,881) width 40: "size"
            text run at (0,935) width 75: "should"
            text run at (0,989) width 75: "be 150%"
            text run at (0,1043) width 36: "the"
            text run at (0,1097) width 48: "base"
            text run at (0,1151) width 49: "font"
            text run at (0,1205) width 45: "size,"
            text run at (0,1259) width 71: "and its"
            text run at (0,1313) width 46: "line-"
            text run at (0,1367) width 68: "height"
            text run at (0,1421) width 75: "should"
            text run at (0,1475) width 75: "be 300%"
            text run at (0,1529) width 77: "of that"
            text run at (0,1583) width 59: "value"
            text run at (0,1637) width 50: "(18px"
            text run at (0,1691) width 38: "and"
            text run at (0,1745) width 49: "54px,"
            text run at (0,1799) width 147: "respectively)."
            text run at (0,1853) width 36: "The"
            text run at (0,1907) width 46: "text"
            text run at (0,1961) width 75: "should"
            text run at (0,2015) width 66: "have a"
            text run at (0,2069) width 64: "silver"
            text run at (0,2123) width 134: "background."
            text run at (0,2177) width 36: "The"
            text run at (0,2231) width 129: "background"
            text run at (0,2285) width 64: "color"
            text run at (0,2339) width 37: "has"
            text run at (0,2393) width 49: "been"
            text run at (0,2447) width 67: "set on"
            text run at (0,2501) width 25: "an"
            text run at (0,2555) width 58: "inline"
            text run at (0,2609) width 85: "element"
            text run at (0,2663) width 38: "and"
            text run at (0,2717) width 75: "should"
            text run at (0,2771) width 111: "therefore"
            text run at (0,2825) width 49: "only"
            text run at (0,2879) width 64: "cover"
            text run at (0,2933) width 36: "the"
            text run at (0,2987) width 51: "text,"
            text run at (0,3041) width 79: "not the"
            text run at (0,3095) width 94: "interline"
            text run at (0,3149) width 86: "spacing."
        RenderText {#text} at (0,0) size 0x0
      RenderTable {TABLE} at (0,16717) size 195x9844 [border: (1px outset #808080)]
        RenderTableSection {TBODY} at (1,1) size 193x9842
          RenderTableRow {TR} at (0,0) size 193x24
            RenderTableCell {TD} at (0,0) size 193x24 [bgcolor=#C0C0C0] [border: (1px inset #808080)] [r=0 c=0 rs=1 cs=2]
              RenderInline {STRONG} at (0,0) size 157x16
                RenderText {#text} at (4,4) size 157x16
                  text run at (4,4) width 157: "TABLE Testing Section"
          RenderTableRow {TR} at (0,24) size 193x9818
            RenderTableCell {TD} at (0,4921) size 12x24 [bgcolor=#C0C0C0] [border: (1px inset #808080)] [r=1 c=0 rs=1 cs=1]
              RenderText {#text} at (4,4) size 4x16
                text run at (4,4) width 4: " "
            RenderTableCell {TD} at (12,24) size 181x9818 [border: (1px inset #808080)] [r=1 c=1 rs=1 cs=1]
              RenderBlock {P} at (4,4) size 173x96
                RenderText {#text} at (0,0) size 168x96
                  text run at (0,0) width 154: "This element is unstyled,"
                  text run at (0,16) width 156: "and should inherit a font-"
                  text run at (0,32) width 132: "size of 12px from the"
                  text run at (0,48) width 100: "BODY element. "
                  text run at (100,48) width 65: "This is the"
                  text run at (0,64) width 168: "\"base font size\" referred to"
                  text run at (0,80) width 131: "in the following tests."
              RenderBlock {P} at (4,117) size 173x100
                RenderText {#text} at (0,0) size 171x99
                  text run at (0,0) width 119: "This element"
                  text run at (0,20) width 144: "should be 13pt."
                  text run at (0,40) width 171: "Helvetica which is"
                  text run at (0,60) width 113: "in small-cap"
                  text run at (0,80) width 65: "italics."
              RenderBlock {P} at (4,238) size 173x403
                RenderText {#text} at (0,4) size 173x395
                  text run at (0,4) width 172: "This element should"
                  text run at (0,35) width 148: "be in a serif font. "
                  text run at (148,35) width 21: "Its"
                  text run at (0,66) width 162: "font-size should be"
                  text run at (0,97) width 164: "150% the base font"
                  text run at (0,128) width 142: "size, and its line-"
                  text run at (0,159) width 173: "height should 150%"
                  text run at (0,190) width 162: "of that value (18px"
                  text run at (0,221) width 85: "and 27px,"
                  text run at (0,252) width 119: "respectively). "
                  text run at (119,252) width 46: "Extra"
                  text run at (0,283) width 160: "text is included for"
                  text run at (0,314) width 130: "the purposes of"
                  text run at (0,345) width 141: "testing this more"
                  text run at (0,376) width 95: "effectively."
              RenderBlock {P} at (4,662) size 173x496
                RenderText {#text} at (0,4) size 171x488
                  text run at (0,4) width 124: "This element"
                  text run at (0,35) width 135: "should be in a"
                  text run at (0,66) width 148: "sans-serif font. "
                  text run at (148,66) width 23: "Its"
                  text run at (0,97) width 152: "font-size should"
                  text run at (0,128) width 121: "be 150% the"
                  text run at (0,159) width 140: "base font size,"
                  text run at (0,190) width 170: "and its line-height"
                  text run at (0,221) width 149: "should 150% of"
                  text run at (0,252) width 154: "that value (18px"
                  text run at (0,283) width 95: "and 27px,"
                  text run at (0,314) width 128: "respectively)."
                  text run at (0,345) width 113: "Extra text is"
                  text run at (0,376) width 148: "included for the"
                  text run at (0,407) width 113: "purposes of"
                  text run at (0,438) width 159: "testing this more"
                  text run at (0,469) width 103: "effectively."
              RenderBlock {P} at (4,1179) size 173x220
                RenderText {#text} at (0,5) size 168x100
                  text run at (0,5) width 157: "This element should be in a cursive"
                  text run at (0,27) width 168: "font, 'small' in size, with a line-height"
                  text run at (0,49) width 166: "200% the height of the text's actual"
                  text run at (0,71) width 23: "size. "
                  text run at (23,71) width 130: "For example, if the font-size"
                  text run at (0,93) width 26: "value "
                RenderInline {CODE} at (0,0) size 15x12
                  RenderText {#text} at (26,93) size 15x12
                    text run at (26,93) width 15: "small"
                RenderText {#text} at (41,93) size 170x122
                  text run at (41,93) width 123: " is calculated at 10px, then"
                  text run at (0,115) width 146: "the line-height should be 20px. "
                  text run at (146,115) width 16: "The"
                  text run at (0,137) width 159: "actual value of the font-size is UA-"
                  text run at (0,159) width 55: "dependent. "
                  text run at (55,159) width 115: "Extra text is included for"
                  text run at (0,181) width 154: "the purposes of testing this more"
                  text run at (0,203) width 50: "effectively."
              RenderBlock {P} at (4,1420) size 173x744
                RenderText {#text} at (0,4) size 173x736
                  text run at (0,4) width 155: "This element"
                  text run at (0,35) width 171: "should be in a"
                  text run at (0,66) width 127: "sans-serif"
                  text run at (0,97) width 63: "font,"
                  text run at (0,128) width 167: "italicized and"
                  text run at (0,159) width 143: "small caps,"
                  text run at (0,190) width 165: "with a weight"
                  text run at (0,221) width 83: "of 900. "
                  text run at (83,221) width 33: "Its"
                  text run at (0,252) width 111: "font-size"
                  text run at (0,283) width 123: "should be"
                  text run at (0,314) width 167: "150% the base"
                  text run at (0,345) width 167: "font size, and"
                  text run at (0,376) width 173: "its line-height"
                  text run at (0,407) width 123: "should be"
                  text run at (0,438) width 152: "150% of that"
                  text run at (0,469) width 136: "value (18px"
                  text run at (0,500) width 109: "and 27px,"
                  text run at (0,531) width 173: "respectively)."
                  text run at (0,562) width 157: "Extra text is"
                  text run at (0,593) width 158: "included for"
                  text run at (0,624) width 164: "the purposes"
                  text run at (0,655) width 126: "of testing"
                  text run at (0,686) width 117: "this more"
                  text run at (0,717) width 149: "effectively."
              RenderBlock {P} at (4,2185) size 173x1512
                RenderText {#text} at (0,20) size 172x1472
                  text run at (0,20) width 154: "This element"
                  text run at (0,83) width 168: "should be in a"
                  text run at (0,146) width 126: "sans-serif"
                  text run at (0,209) width 63: "font,"
                  text run at (0,272) width 164: "italicized and"
                  text run at (0,335) width 139: "small caps,"
                  text run at (0,398) width 164: "with a weight"
                  text run at (0,461) width 83: "of 100. "
                  text run at (83,461) width 33: "Its"
                  text run at (0,524) width 111: "font-size"
                  text run at (0,587) width 121: "should be"
                  text run at (0,650) width 165: "150% the base"
                  text run at (0,713) width 166: "font size, and"
                  text run at (0,776) width 172: "its line-height"
                  text run at (0,839) width 121: "should be"
                  text run at (0,902) width 151: "300% of that"
                  text run at (0,965) width 134: "value (18px"
                  text run at (0,1028) width 108: "and 54px,"
                  text run at (0,1091) width 172: "respectively)."
                  text run at (0,1154) width 156: "Extra text is"
                  text run at (0,1217) width 157: "included for"
                  text run at (0,1280) width 164: "the purposes"
                  text run at (0,1343) width 126: "of testing"
                  text run at (0,1406) width 117: "this more"
                  text run at (0,1469) width 148: "effectively."
              RenderBlock {P} at (4,3718) size 173x1092
                RenderText {#text} at (0,9) size 173x1073
                  text run at (0,9) width 155: "This element"
                  text run at (0,51) width 171: "should be in a"
                  text run at (0,93) width 137: "monospace"
                  text run at (0,135) width 63: "font,"
                  text run at (0,177) width 167: "italicized and"
                  text run at (0,219) width 143: "small caps,"
                  text run at (0,261) width 165: "with a weight"
                  text run at (0,303) width 83: "of 900. "
                  text run at (83,303) width 33: "Its"
                  text run at (0,345) width 111: "font-size"
                  text run at (0,387) width 123: "should be"
                  text run at (0,429) width 167: "150% the base"
                  text run at (0,471) width 167: "font size, and"
                  text run at (0,513) width 173: "its line-height"
                  text run at (0,555) width 123: "should be"
                  text run at (0,597) width 161: "2em, or twice"
                  text run at (0,639) width 168: "the element's"
                  text run at (0,681) width 110: "font size"
                  text run at (0,723) width 110: "(18px and"
                  text run at (0,765) width 58: "36px,"
                  text run at (0,807) width 173: "respectively)."
                  text run at (0,849) width 157: "Extra text is"
                  text run at (0,891) width 158: "included for"
                  text run at (0,933) width 164: "the purposes"
                  text run at (0,975) width 126: "of testing"
                  text run at (0,1017) width 117: "this more"
                  text run at (0,1059) width 149: "effectively."
              RenderBlock {P} at (4,4831) size 173x2016
                RenderText {#text} at (0,36) size 168x1943
                  text run at (0,36) width 154: "This element"
                  text run at (0,132) width 168: "should be in a"
                  text run at (0,228) width 126: "sans-serif"
                  text run at (0,324) width 63: "font,"
                  text run at (0,420) width 164: "italicized and"
                  text run at (0,516) width 139: "small caps,"
                  text run at (0,612) width 164: "with a weight"
                  text run at (0,708) width 83: "of 500. "
                  text run at (83,708) width 33: "Its"
                  text run at (0,804) width 111: "font-size"
                  text run at (0,900) width 121: "should be"
                  text run at (0,996) width 165: "150% the base"
                  text run at (0,1092) width 153: "font size, or"
                  text run at (0,1188) width 147: "18px, and its"
                  text run at (0,1284) width 133: "line-height"
                  text run at (0,1380) width 166: "should be 1in."
                  text run at (0,1476) width 156: "Extra text is"
                  text run at (0,1572) width 157: "included for"
                  text run at (0,1668) width 164: "the purposes"
                  text run at (0,1764) width 126: "of testing"
                  text run at (0,1860) width 117: "this more"
                  text run at (0,1956) width 148: "effectively."
              RenderBlock {P} at (4,6868) size 173x576
                RenderText {#text} at (0,8) size 173x560
                  text run at (0,8) width 110: "This element"
                  text run at (0,44) width 173: "should be in a sans-"
                  text run at (0,80) width 151: "serif font, oblique"
                  text run at (0,116) width 168: "and not small-caps,"
                  text run at (0,152) width 135: "with a weight of"
                  text run at (0,188) width 40: "700. "
                  text run at (40,188) width 100: "Its font-size"
                  text run at (0,224) width 171: "should be 18 pixels,"
                  text run at (0,260) width 154: "and its line-height"
                  text run at (0,296) width 131: "should be 36px"
                  text run at (0,332) width 89: "(200% this"
                  text run at (0,368) width 171: "element's font size)."
                  text run at (0,404) width 102: "Extra text is"
                  text run at (0,440) width 135: "included for the"
                  text run at (0,476) width 167: "purposes of testing"
                  text run at (0,512) width 81: "this more"
                  text run at (0,548) width 93: "effectively."
              RenderBlock {P} at (4,7462) size 173x189
                RenderText {#text} at (0,7) size 171x174
                  text run at (0,7) width 170: "This element should be in a sans-serif"
                  text run at (0,34) width 128: "font, with a weight of 400. "
                  text run at (128,34) width 39: "Its font-"
                  text run at (0,61) width 144: "size should be 80% of 12px, or"
                  text run at (0,88) width 160: "9.6px, and its line-height shoud be"
                  text run at (0,115) width 113: "2.5 times that, or 24px. "
                  text run at (113,115) width 58: "Extra text is"
                  text run at (0,142) width 165: "included for the purposes of testing"
                  text run at (0,169) width 96: "this more effectively."
              RenderBlock {P} at (4,7672) size 173x2142
                RenderInline {SPAN} at (0,0) size 172x2102 [bgcolor=#C0C0C0]
                  RenderText {#text} at (0,20) size 172x2102
                    text run at (0,20) width 154: "This element"
                    text run at (0,83) width 168: "should be in a"
                    text run at (0,146) width 126: "sans-serif"
                    text run at (0,209) width 63: "font,"
                    text run at (0,272) width 164: "italicized and"
                    text run at (0,335) width 139: "small caps,"
                    text run at (0,398) width 164: "with a weight"
                    text run at (0,461) width 83: "of 100. "
                    text run at (83,461) width 33: "Its"
                    text run at (0,524) width 111: "font-size"
                    text run at (0,587) width 121: "should be"
                    text run at (0,650) width 165: "150% the base"
                    text run at (0,713) width 166: "font size, and"
                    text run at (0,776) width 172: "its line-height"
                    text run at (0,839) width 121: "should be"
                    text run at (0,902) width 151: "300% of that"
                    text run at (0,965) width 134: "value (18px"
                    text run at (0,1028) width 108: "and 54px,"
                    text run at (0,1091) width 172: "respectively)."
                    text run at (0,1154) width 102: "The text"
                    text run at (0,1217) width 170: "should have a"
                    text run at (0,1280) width 75: "silver"
                    text run at (0,1343) width 155: "background."
                    text run at (0,1406) width 42: "The"
                    text run at (0,1469) width 149: "background"
                    text run at (0,1532) width 123: "color has"
                    text run at (0,1595) width 141: "been set on"
                    text run at (0,1658) width 103: "an inline"
                    text run at (0,1721) width 150: "element and"
                    text run at (0,1784) width 87: "should"
                    text run at (0,1847) width 129: "therefore"
                    text run at (0,1910) width 137: "only cover"
                    text run at (0,1973) width 158: "the text, not"
                    text run at (0,2036) width 158: "the interline"
                    text run at (0,2099) width 100: "spacing."
                RenderText {#text} at (0,0) size 0x0
