layer at (0,0) size 800x2642
  RenderView at (0,0) size 800x600
layer at (0,0) size 800x2642
  RenderBlock {HTML} at (0,0) size 800x2642
    RenderBody {BODY} at (8,8) size 784x2626 [bgcolor=#CCCCCC]
      RenderBlock {P} at (0,0) size 784x16
        RenderText {#text} at (0,0) size 352x16
          text run at (0,0) width 352: "The style declarations which apply to the text below are:"
      RenderBlock {PRE} at (0,30) size 784x320
        RenderText {#text} at (0,0) size 112x320
          text run at (0,0) width 100: ".one {font-size: medium;}"
          text run at (100,0) width 0: " "
          text run at (0,16) width 100: ".two {font-size: larger;}"
          text run at (100,16) width 0: " "
          text run at (0,32) width 112: ".three {font-size: smaller;}"
          text run at (112,32) width 0: " "
          text run at (0,48) width 112: ".four {font-size: xx-small;}"
          text run at (112,48) width 0: " "
          text run at (0,64) width 108: ".five {font-size: x-small;}"
          text run at (108,64) width 0: " "
          text run at (0,80) width 96: ".six {font-size: small;}"
          text run at (96,80) width 0: " "
          text run at (0,96) width 104: ".seven {font-size: large;}"
          text run at (104,96) width 0: " "
          text run at (0,112) width 112: ".eight {font-size: x-large;}"
          text run at (112,112) width 0: " "
          text run at (0,128) width 112: ".nine {font-size: xx-large;}"
          text run at (112,128) width 0: " "
          text run at (0,144) width 88: ".a {font-size: 0.5in;}"
          text run at (88,144) width 0: " "
          text run at (0,160) width 80: ".b {font-size: 1cm;}"
          text run at (80,160) width 0: " "
          text run at (0,176) width 84: ".c {font-size: 10mm;}"
          text run at (84,176) width 0: " "
          text run at (0,192) width 84: ".d {font-size: 18pt;}"
          text run at (84,192) width 0: " "
          text run at (0,208) width 88: ".e {font-size: 1.5pc;}"
          text run at (88,208) width 0: " "
          text run at (0,224) width 80: ".f {font-size: 2em;}"
          text run at (80,224) width 0: " "
          text run at (0,240) width 80: ".g {font-size: 3ex;}"
          text run at (80,240) width 0: " "
          text run at (0,256) width 84: ".h {font-size: 25px;}"
          text run at (84,256) width 0: " "
          text run at (0,272) width 84: ".i {font-size: 200%;}"
          text run at (84,272) width 0: " "
          text run at (0,288) width 92: ".j {font-size: -0.5in;}"
          text run at (92,288) width 0: " "
          text run at (0,304) width 0: " "
      RenderBlock {HR} at (0,364) size 784x2 [border: (1px inset #000000)]
      RenderBlock {P} at (0,380) size 784x16
        RenderText {#text} at (0,0) size 693x16
          text run at (0,0) width 693: "This paragraph element is unstyled, so the size of the font in this element is the default size for this user agent."
      RenderBlock {P} at (0,410) size 784x16
        RenderText {#text} at (0,0) size 194x16
          text run at (0,0) width 194: "This sentence has been set to "
        RenderInline {CODE} at (0,0) size 24x16
          RenderText {#text} at (194,0) size 24x16
            text run at (194,0) width 24: "medium"
        RenderText {#text} at (218,0) size 359x16
          text run at (218,0) width 359: ", which may or may not be the same size as unstyled text."
      RenderBlock {P} at (0,442) size 784x20
        RenderText {#text} at (0,0) size 359x19
          text run at (0,0) width 359: "This sentence should be larger than unstyled text."
      RenderBlock {P} at (0,478) size 784x14
        RenderText {#text} at (0,0) size 277x14
          text run at (0,0) width 277: "This sentence should be smaller than unstyled text."
      RenderBlock {P} at (0,503) size 784x16
        RenderText {#text} at (0,4) size 337x11
          text run at (0,4) width 337: "This sentence should be very small, but the last word in the sentence should be "
        RenderInline {SPAN} at (0,0) size 48x16
          RenderText {#text} at (337,0) size 48x16
            text run at (337,0) width 48: "medium"
        RenderText {#text} at (385,4) size 3x11
          text run at (385,4) width 3: "."
      RenderBlock {P} at (0,528) size 784x16
        RenderText {#text} at (0,4) size 343x11
          text run at (0,4) width 343: "This sentence should be rather small, but the last word in the sentence should be "
        RenderInline {SPAN} at (0,0) size 48x16
          RenderText {#text} at (343,0) size 48x16
            text run at (343,0) width 48: "medium"
        RenderText {#text} at (391,4) size 3x11
          text run at (391,4) width 3: "."
      RenderBlock {P} at (0,555) size 784x16
        RenderText {#text} at (0,3) size 342x12
          text run at (0,3) width 342: "This sentence should be small, but the last word in the sentence should be "
        RenderInline {SPAN} at (0,0) size 48x16
          RenderText {#text} at (342,0) size 48x16
            text run at (342,0) width 48: "medium"
        RenderText {#text} at (390,3) size 3x12
          text run at (390,3) width 3: "."
      RenderBlock {P} at (0,588) size 784x20
        RenderText {#text} at (0,0) size 542x19
          text run at (0,0) width 542: "This sentence should be large, but the last word in the sentence should be "
        RenderInline {SPAN} at (0,0) size 48x16
          RenderText {#text} at (542,3) size 48x16
            text run at (542,3) width 48: "medium"
        RenderText {#text} at (590,0) size 4x19
          text run at (590,0) width 4: "."
      RenderBlock {P} at (0,629) size 784x48
        RenderText {#text} at (0,0) size 774x23
          text run at (0,0) width 774: "This sentence should be rather large, but the last word in the sentence should be"
        RenderInline {SPAN} at (0,0) size 48x16
          RenderText {#text} at (0,31) size 48x16
            text run at (0,31) width 48: "medium"
        RenderText {#text} at (48,24) size 6x23
          text run at (48,24) width 6: "."
      RenderBlock {P} at (0,705) size 784x64
        RenderText {#text} at (0,1) size 744x62
          text run at (0,1) width 744: "This sentence should be very large, but the last word in the"
          text run at (0,33) width 256: "sentence should be "
        RenderInline {SPAN} at (0,0) size 48x16
          RenderText {#text} at (256,46) size 48x16
            text run at (256,46) width 48: "medium"
        RenderText {#text} at (304,33) size 8x30
          text run at (304,33) width 8: "."
      RenderBlock {P} at (0,817) size 784x106
        RenderText {#text} at (0,1) size 783x103
          text run at (0,1) width 783: "This sentence should be half an inch"
          text run at (0,54) width 75: "tall."
      RenderBlock {P} at (0,971) size 784x42
        RenderText {#text} at (0,1) size 744x40
          text run at (0,1) width 744: "This sentence should be one centimeter tall."
      RenderBlock {P} at (0,1050) size 784x42
        RenderText {#text} at (0,1) size 737x40
          text run at (0,1) width 737: "This sentence should be ten millimeters tall."
      RenderBlock {P} at (0,1129) size 784x27
        RenderText {#text} at (0,0) size 468x26
          text run at (0,0) width 468: "This sentence should be eighteen points tall."
      RenderBlock {P} at (0,1180) size 784x27
        RenderText {#text} at (0,0) size 546x26
          text run at (0,0) width 546: "This sentence should be one and one half picas tall."
      RenderBlock {P} at (0,1235) size 784x32
        RenderText {#text} at (0,1) size 460x30
          text run at (0,1) width 460: "This sentence should be two em tall."
      RenderBlock {P} at (0,1295) size 784x27
        RenderText {#text} at (0,0) size 394x26
          text run at (0,0) width 394: "This sentence should be three ex tall."
      RenderBlock {P} at (0,1347) size 784x28
        RenderText {#text} at (0,0) size 505x27
          text run at (0,0) width 505: "This sentence should be twenty-five pixels tall."
      RenderBlock {P} at (0,1403) size 784x32
        RenderText {#text} at (0,1) size 541x30
          text run at (0,1) width 541: "This sentence should be twice normal size."
      RenderBlock {P} at (0,1463) size 784x16
        RenderText {#text} at (0,0) size 677x16
          text run at (0,0) width 677: "This sentence should be normal size, since no negative values are allowed and therefore should be ignored."
      RenderTable {TABLE} at (0,1493) size 784x1133 [border: (1px outset #808080)]
        RenderTableSection {TBODY} at (1,1) size 782x1131
          RenderTableRow {TR} at (0,0) size 782x24
            RenderTableCell {TD} at (0,0) size 782x24 [bgcolor=#C0C0C0] [border: (1px inset #808080)] [r=0 c=0 rs=1 cs=2]
              RenderInline {STRONG} at (0,0) size 157x16
                RenderText {#text} at (4,4) size 157x16
                  text run at (4,4) width 157: "TABLE Testing Section"
          RenderTableRow {TR} at (0,24) size 782x1107
            RenderTableCell {TD} at (0,565) size 12x24 [bgcolor=#C0C0C0] [border: (1px inset #808080)] [r=1 c=0 rs=1 cs=1]
              RenderText {#text} at (4,4) size 4x16
                text run at (4,4) width 4: " "
            RenderTableCell {TD} at (12,24) size 770x1107 [border: (1px inset #808080)] [r=1 c=1 rs=1 cs=1]
              RenderBlock {P} at (4,4) size 762x16
                RenderText {#text} at (0,0) size 693x16
                  text run at (0,0) width 693: "This paragraph element is unstyled, so the size of the font in this element is the default size for this user agent."
              RenderBlock {P} at (4,34) size 762x16
                RenderText {#text} at (0,0) size 194x16
                  text run at (0,0) width 194: "This sentence has been set to "
                RenderInline {CODE} at (0,0) size 24x16
                  RenderText {#text} at (194,0) size 24x16
                    text run at (194,0) width 24: "medium"
                RenderText {#text} at (218,0) size 359x16
                  text run at (218,0) width 359: ", which may or may not be the same size as unstyled text."
              RenderBlock {P} at (4,66) size 762x20
                RenderText {#text} at (0,0) size 359x19
                  text run at (0,0) width 359: "This sentence should be larger than unstyled text."
              RenderBlock {P} at (4,102) size 762x14
                RenderText {#text} at (0,0) size 277x14
                  text run at (0,0) width 277: "This sentence should be smaller than unstyled text."
              RenderBlock {P} at (4,127) size 762x16
                RenderText {#text} at (0,4) size 337x11
                  text run at (0,4) width 337: "This sentence should be very small, but the last word in the sentence should be "
                RenderInline {SPAN} at (0,0) size 48x16
                  RenderText {#text} at (337,0) size 48x16
                    text run at (337,0) width 48: "medium"
                RenderText {#text} at (385,4) size 3x11
                  text run at (385,4) width 3: "."
              RenderBlock {P} at (4,152) size 762x16
                RenderText {#text} at (0,4) size 343x11
                  text run at (0,4) width 343: "This sentence should be rather small, but the last word in the sentence should be "
                RenderInline {SPAN} at (0,0) size 48x16
                  RenderText {#text} at (343,0) size 48x16
                    text run at (343,0) width 48: "medium"
                RenderText {#text} at (391,4) size 3x11
                  text run at (391,4) width 3: "."
              RenderBlock {P} at (4,179) size 762x16
                RenderText {#text} at (0,3) size 342x12
                  text run at (0,3) width 342: "This sentence should be small, but the last word in the sentence should be "
                RenderInline {SPAN} at (0,0) size 48x16
                  RenderText {#text} at (342,0) size 48x16
                    text run at (342,0) width 48: "medium"
                RenderText {#text} at (390,3) size 3x12
                  text run at (390,3) width 3: "."
              RenderBlock {P} at (4,212) size 762x20
                RenderText {#text} at (0,0) size 542x19
                  text run at (0,0) width 542: "This sentence should be large, but the last word in the sentence should be "
                RenderInline {SPAN} at (0,0) size 48x16
                  RenderText {#text} at (542,3) size 48x16
                    text run at (542,3) width 48: "medium"
                RenderText {#text} at (590,0) size 4x19
                  text run at (590,0) width 4: "."
              RenderBlock {P} at (4,253) size 762x48
                RenderText {#text} at (0,0) size 744x47
                  text run at (0,0) width 744: "This sentence should be rather large, but the last word in the sentence should"
                  text run at (0,24) width 30: "be "
                RenderInline {SPAN} at (0,0) size 48x16
                  RenderText {#text} at (30,31) size 48x16
                    text run at (30,31) width 48: "medium"
                RenderText {#text} at (78,24) size 6x23
                  text run at (78,24) width 6: "."
              RenderBlock {P} at (4,329) size 762x64
                RenderText {#text} at (0,1) size 744x62
                  text run at (0,1) width 744: "This sentence should be very large, but the last word in the"
                  text run at (0,33) width 256: "sentence should be "
                RenderInline {SPAN} at (0,0) size 48x16
                  RenderText {#text} at (256,46) size 48x16
                    text run at (256,46) width 48: "medium"
                RenderText {#text} at (304,33) size 8x30
                  text run at (304,33) width 8: "."
              RenderBlock {P} at (4,441) size 762x106
                RenderText {#text} at (0,1) size 681x103
                  text run at (0,1) width 681: "This sentence should be half an"
                  text run at (0,54) width 177: "inch tall."
              RenderBlock {P} at (4,595) size 762x42
                RenderText {#text} at (0,1) size 744x40
                  text run at (0,1) width 744: "This sentence should be one centimeter tall."
              RenderBlock {P} at (4,674) size 762x42
                RenderText {#text} at (0,1) size 737x40
                  text run at (0,1) width 737: "This sentence should be ten millimeters tall."
              RenderBlock {P} at (4,753) size 762x27
                RenderText {#text} at (0,0) size 468x26
                  text run at (0,0) width 468: "This sentence should be eighteen points tall."
              RenderBlock {P} at (4,804) size 762x27
                RenderText {#text} at (0,0) size 546x26
                  text run at (0,0) width 546: "This sentence should be one and one half picas tall."
              RenderBlock {P} at (4,859) size 762x32
                RenderText {#text} at (0,1) size 460x30
                  text run at (0,1) width 460: "This sentence should be two em tall."
              RenderBlock {P} at (4,919) size 762x27
                RenderText {#text} at (0,0) size 394x26
                  text run at (0,0) width 394: "This sentence should be three ex tall."
              RenderBlock {P} at (4,971) size 762x28
                RenderText {#text} at (0,0) size 505x27
                  text run at (0,0) width 505: "This sentence should be twenty-five pixels tall."
              RenderBlock {P} at (4,1027) size 762x32
                RenderText {#text} at (0,1) size 541x30
                  text run at (0,1) width 541: "This sentence should be twice normal size."
              RenderBlock {P} at (4,1087) size 762x16
                RenderText {#text} at (0,0) size 677x16
                  text run at (0,0) width 677: "This sentence should be normal size, since no negative values are allowed and therefore should be ignored."
