layer at (0,0) size 1104x585
  RenderView at (0,0) size 800x585
layer at (0,0) size 1104x585
  RenderBlock {HTML} at (0,0) size 800x585
    RenderBody {BODY} at (8,8) size 784x564
      RenderBlock {DIV} at (0,0) size 784x19
        RenderText {#text} at (0,1) size 255x18
          text run at (0,1) width 255: "\x{FFFD}\x{FFFD}\x{FFFD}\x{FFFD}\x{FFFD}\x{FFFD}\x{FFFD}\x{FFFD}\x{FFFD}hell\x{FFFD}\x{FFFD}\x{FFFD}\x{FFFD}\x{FFFD}o"
      RenderBlock {PRE} at (0,32) size 784x15
        RenderText {#text} at (0,0) size 1048x15
          text run at (0,0) width 1048: "The null characters should be stripped out of the sting above and it should have a length of 5. And the DOM thinks the length is..."
        RenderText {#text} at (1048,0) size 48x15
          text run at (1048,0) width 48: "19 :-("
