layer at (0,0) size 800x600
  RenderView at (0,0) size 800x600
    KCanvasContainer {svg} at (0,0) size 400x200
      KCanvasItem {rect} at (0,0) size 400x200 [stroke={[type=SOLID] [color=#0000FF] [stroke width=10.00]}] [data="M5.00,5.00L3995.00,5.00L3995.00,1995.00L5.00,1995.00"]
      KCanvasContainer {g} at (35,14.90) size 338.20x148.26
        KCanvasContainer {g} at (35,14.90) size 81.80x144.94 [transform={m=((1.00,0.00)(0.00,1.00)) t=(400.00,0.00)}]
          RenderSVGText {text} at (-50,300) size 800x182
            RenderSVGInlineText {#text} at (0,-151) size 818x182
              text run at (0,-151) width 818: "Abs. units:"
          KCanvasItem {rect} at (38.08,38.08) size 39.84x21.84 [stroke={[type=SOLID] [color=#FF0000] [stroke width=38.40]}] [fill={[type=SOLID] [color=#0000FF]}] [data="M0.00,400.00L360.00,400.00L360.00,580.00L0.00,580.00"]
          KCanvasItem {rect} at (38.08,73.08) size 42.24x23.04 [stroke={[type=SOLID] [color=#FF0000] [stroke width=38.40]}] [fill={[type=SOLID] [color=#0000FF]}] [data="M0.00,750.00L384.00,750.00L384.00,942.00L0.00,942.00"]
          KCanvasContainer {g} at (36.16,116.16) size 79.68x43.68 [transform={m=((2.00,0.00)(0.00,2.00)) t=(0.00,0.00)}]
            KCanvasItem {rect} at (36.16,116.16) size 79.68x43.68 [stroke={[type=SOLID] [color=#FF0000] [stroke width=38.40]}] [fill={[type=SOLID] [color=#0000FF]}] [data="M0.00,600.00L360.00,600.00L360.00,780.00L0.00,780.00"]
        KCanvasContainer {g} at (155,14.90) size 83.75x146.35 [transform={m=((1.00,0.00)(0.00,1.00)) t=(1600.00,0.00)}]
          RenderSVGText {text} at (-50,300) size 800x182
            RenderSVGInlineText {#text} at (0,-151) size 778x182
              text run at (0,-151) width 778: "Rel. units:"
          KCanvasItem {rect} at (158.12,38.12) size 41.25x22.50 [stroke={[type=SOLID] [color=#FF0000] [stroke width=37.50]}] [fill={[type=SOLID] [color=#0000FF]}] [data="M0.00,400.00L375.00,400.00L375.00,587.50L0.00,587.50"]
          KCanvasItem {rect} at (158.12,73.12) size 41.25x22.50 [stroke={[type=SOLID] [color=#FF0000] [stroke width=37.50]}] [fill={[type=SOLID] [color=#0000FF]}] [data="M0.00,750.00L375.00,750.00L375.00,937.50L0.00,937.50"]
          KCanvasContainer {g} at (156.25,116.25) size 82.50x45 [transform={m=((2.00,0.00)(0.00,2.00)) t=(0.00,0.00)}]
            KCanvasItem {rect} at (156.25,116.25) size 82.50x45 [stroke={[type=SOLID] [color=#FF0000] [stroke width=37.50]}] [fill={[type=SOLID] [color=#0000FF]}] [data="M0.00,600.00L375.00,600.00L375.00,787.50L0.00,787.50"]
        KCanvasContainer {g} at (275,14.90) size 98.20x148.26 [transform={m=((1.00,0.00)(0.00,1.00)) t=(2800.00,0.00)}]
          RenderSVGText {text} at (-50,300) size 800x182
            RenderSVGInlineText {#text} at (0,-151) size 982x182
              text run at (0,-151) width 982: "Percentages:"
          KCanvasItem {rect} at (278.42,38.42) size 43.16x23.16 [stroke={[type=SOLID] [color=#FF0000] [stroke width=31.62]}] [fill={[type=SOLID] [color=#0000FF]}] [data="M0.00,400.00L400.00,400.00L400.00,600.00L0.00,600.00"]
          KCanvasItem {rect} at (278.42,73.42) size 43.16x23.16 [stroke={[type=SOLID] [color=#FF0000] [stroke width=31.62]}] [fill={[type=SOLID] [color=#0000FF]}] [data="M0.00,750.00L400.00,750.00L400.00,950.00L0.00,950.00"]
          KCanvasContainer {g} at (276.84,116.84) size 86.32x46.32 [transform={m=((2.00,0.00)(0.00,2.00)) t=(0.00,0.00)}]
            KCanvasItem {rect} at (276.84,116.84) size 86.32x46.32 [stroke={[type=SOLID] [color=#FF0000] [stroke width=31.62]}] [fill={[type=SOLID] [color=#0000FF]}] [data="M0.00,600.00L400.00,600.00L400.00,800.00L0.00,800.00"]
