KRenderingPaintServer {id="MyGradient" [type=LINEAR-GRADIENT] [stops=[(0.00,#00FF00), (1.00,#000000)]] [bounding box mode=0] [start=(10,0)] [end=(590,0)]}
KCanvasResource {id="Identity" [type=FILTER]  [bounding box=at (0,0) size 1x1] [effect bounding box mode=0] [effects=[[type=COMPONENT-TRANSFER]  [subregion="at (0,0) size 650x420"] [red func=[type=IDENTITY]] [green func=[type=IDENTITY]] [blue func=[type=IDENTITY]] [alpha func=[type=IDENTITY]]]]}
KCanvasResource {id="DiscreteBlank" [type=FILTER]  [bounding box=at (0,0) size 1x1] [effect bounding box mode=0] [effects=[[type=COMPONENT-TRANSFER]  [subregion="at (0,0) size 650x420"] [red func=[type=IDENTITY]] [green func=[type=LINEAR] [slope=1.00] [intercept=0.00]] [blue func=[type=IDENTITY]] [alpha func=[type=IDENTITY]]]]}
KCanvasResource {id="DiscreteFull" [type=FILTER]  [bounding box=at (0,0) size 1x1] [effect bounding box mode=0] [effects=[[type=COMPONENT-TRANSFER]  [subregion="at (0,0) size 650x420"] [red func=[type=IDENTITY]] [green func=[type=LINEAR] [slope=-1.00] [intercept=1.00]] [blue func=[type=IDENTITY]] [alpha func=[type=IDENTITY]]]]}
KCanvasResource {id="DiscreteOrd" [type=FILTER]  [bounding box=at (0,0) size 1x1] [effect bounding box mode=0] [effects=[[type=COMPONENT-TRANSFER]  [subregion="at (0,0) size 650x420"] [red func=[type=IDENTITY]] [green func=[type=LINEAR] [slope=0.50] [intercept=0.25]] [blue func=[type=IDENTITY]] [alpha func=[type=IDENTITY]]]]}
layer at (0,0) size 800x600
  RenderView at (0,0) size 800x600
    KCanvasContainer {svg} at (0.83,0.83) size 1081.67x698.33
      KCanvasContainer {g} at (0.83,0.83) size 1081.67x698.33
        KCanvasContainer {svg} at (0.58,8.27) size 748.85x483.46
          KCanvasContainer {defs} at (0,7.69) size 0x0
          KCanvasItem {rect} at (0.58,8.27) size 748.85x483.46 [stroke={[type=SOLID] [color=#0000FF]}] [data="M1.00,1.00L649.00,1.00L649.00,419.00L1.00,419.00"]
          KCanvasContainer {g} at (0.58,8.27) size 748.85x483.46
            KCanvasItem {rect} at (0.58,8.27) size 748.85x483.46 [stroke={[type=SOLID] [color=#0000FF]}] [data="M1.00,1.00L649.00,1.00L649.00,419.00L1.00,419.00"]
            KCanvasItem {rect} at (23.08,19.23) size 669.23x46.15 [fill={[type=LINEAR-GRADIENT] [stops=[(0.00,#00FF00), (1.00,#000000)]] [bounding box mode=0] [start=(10,0)] [end=(590,0)]}] [filter=#Identity] [data="M20.00,10.00L600.00,10.00L600.00,50.00L20.00,50.00"]
            RenderSVGText {text} at (0,0) size 800x18
              RenderText {#text} at (0,0) size 101x18
                text run at (0,0) width 101: "type: identity"
            KCanvasItem {rect} at (23.08,134.62) size 669.23x46.15 [fill={[type=LINEAR-GRADIENT] [stops=[(0.00,#00FF00), (1.00,#000000)]] [bounding box mode=0] [start=(10,0)] [end=(590,0)]}] [filter=#DiscreteBlank] [data="M20.00,110.00L600.00,110.00L600.00,150.00L20.00,150.00"]
            RenderSVGText {text} at (0,0) size 800x18
              RenderText {#text} at (0,0) size 452x18
                text run at (0,0) width 452: "type: linear slope=1 intercept=0 -- Result should be identity"
            KCanvasItem {rect} at (23.08,250) size 669.23x46.15 [fill={[type=LINEAR-GRADIENT] [stops=[(0.00,#00FF00), (1.00,#000000)]] [bounding box mode=0] [start=(10,0)] [end=(590,0)]}] [filter=#DiscreteFull] [data="M20.00,210.00L600.00,210.00L600.00,250.00L20.00,250.00"]
            RenderSVGText {text} at (0,0) size 800x18
              RenderText {#text} at (0,0) size 469x18
                text run at (0,0) width 469: "type: linear slope=-1 intercept=0 -- Should invert the gradient"
            KCanvasItem {rect} at (23.08,365.38) size 669.23x46.15 [fill={[type=LINEAR-GRADIENT] [stops=[(0.00,#00FF00), (1.00,#000000)]] [bounding box mode=0] [start=(10,0)] [end=(590,0)]}] [filter=#DiscreteOrd] [data="M20.00,310.00L600.00,310.00L600.00,350.00L20.00,350.00"]
            RenderSVGText {text} at (0,0) size 800x18
              RenderText {#text} at (0,0) size 599x18
                text run at (0,0) width 599: "type: linear slope=0.5 intercept=0.25 -- Result should be less extreme gradient"
