layer at (0,0) size 800x600
  RenderView at (0,0) size 800x600
    KCanvasContainer {svg} at (9.50,9.50) size 581x381
      RenderForeignObject {foreignObject} at (0,0) size 580x380
        RenderBlock {xhtml:div} at (0,0) size 580x18
          RenderText {#text} at (0,0) size 78x18
            text run at (0,0) width 78: "This is a test"
        RenderBlock (anonymous) at (0,18) size 580x40
          RenderInline {xhtml:a} at (0,0) size 66x18 [color=#0000EE]
            RenderText {#text} at (0,0) size 66x18
              text run at (0,0) width 66: "and a link."
          RenderBR {xhtml:br} at (66,0) size 0x18
          RenderButton {xhtml:input} at (2,20) size 51x18 [bgcolor=#C0C0C0]
            RenderBlock (anonymous) at (8,2) size 35x13
              RenderText {#text} at (0,0) size 35x13
                text run at (0,0) width 35: "Button"
          RenderText {#text} at (0,0) size 0x0
      KCanvasItem {rect} at (9.50,9.50) size 581x381 [stroke={[type=SOLID] [color=#008000]}] [data="M10.00,10.00L590.00,10.00L590.00,390.00L10.00,390.00"]
layer at (0,0) size 580x380
  RenderForeignObject {foreignObject} at (0,0) size 580x380
    RenderBlock {xhtml:div} at (0,0) size 580x18
      RenderText {#text} at (0,0) size 78x18
        text run at (0,0) width 78: "This is a test"
    RenderBlock (anonymous) at (0,18) size 580x40
      RenderInline {xhtml:a} at (0,0) size 66x18 [color=#0000EE]
        RenderText {#text} at (0,0) size 66x18
          text run at (0,0) width 66: "and a link."
      RenderBR {xhtml:br} at (66,0) size 0x18
      RenderButton {xhtml:input} at (2,20) size 51x18 [bgcolor=#C0C0C0]
        RenderBlock (anonymous) at (8,2) size 35x13
          RenderText {#text} at (0,0) size 35x13
            text run at (0,0) width 35: "Button"
      RenderText {#text} at (0,0) size 0x0
