layer at (0,0) size 800x600
  RenderView at (0,0) size 800x600
    RenderSVGContainer {svg} at (8.50,10) size 506.50x144
      RenderPath {path} at (8.50,10) size 213x101.50 [stroke={[type=SOLID] [color=#000000] [stroke width=3.00]}] [fill={[type=SOLID] [color=#008000]}] [data="M10.00,10.00L10.00,110.00L110.00,110.00L110.00,10.00M120.00,10.00L120.00,110.00L220.00,110.00L220.00,10.00"]
      RenderSVGText {text} at (10,150) size 800x18
        RenderSVGInlineText {#text} at (0,-14) size 505x18
          text run at (0,-14) width 505: "There should be 2 green squares above this (when run under DumpRenderTree)"
caret: position 0 of child 0 {#text} of child 5 {text} of child 0 {svg} of document
