EDITING DELEGATE: shouldChangeSelectedDOMRange:(null) toDOMRange:range from 0 of text > svg > #document to 0 of text > svg > #document affinity:NSSelectionAffinityDownstream stillSelecting:FALSE
EDITING DELEGATE: webViewDidChangeSelection:WebViewDidChangeSelectionNotification
EDITING DELEGATE: webViewDidChangeSelection:WebViewDidChangeSelectionNotification
layer at (0,0) size 800x600
  RenderCanvas at (0,0) size 800x600
layer at (0,0) size 800x600
  RenderBlock {HTML} at (0,0) size 800x600
    RenderBody {BODY} at (8,8) size 784x576
      RenderBlock {P} at (0,0) size 784x18
        RenderText {TEXT} at (0,0) size 560x18
          text run at (0,0) width 560: "If you see this, then SVG hit testing on paths works - the arrow was successfully clicked."
