KCanvasResource {id="clip1" [type=CLIPPER] [clip data=[[winding=NON-ZERO] [path=M40.00,40.00L39.98,40.63L39.92,41.25L39.82,41.87L39.69,42.49L39.51,43.09L39.30,43.68L39.05,44.26L38.76,44.82L38.44,45.36L38.09,45.88L37.71,46.37L37.29,46.85L36.85,47.29L36.37,47.71L35.88,48.09L35.36,48.44L34.82,48.76L34.26,49.05L33.68,49.30L33.09,49.51L32.49,49.69L31.87,49.82L31.25,49.92L30.63,49.98L30.00,50.00L29.37,49.98L28.75,49.92L28.13,49.82L27.51,49.69L26.91,49.51L26.32,49.30L25.74,49.05L25.18,48.76L24.64,48.44L24.12,48.09L23.63,47.71L23.15,47.29L22.71,46.85L22.29,46.37L21.91,45.88L21.56,45.36L21.24,44.82L20.95,44.26L20.70,43.68L20.49,43.09L20.31,42.49L20.18,41.87L20.08,41.25L20.02,40.63L20.00,40.00L20.02,39.37L20.08,38.75L20.18,38.13L20.31,37.51L20.49,36.91L20.70,36.32L20.95,35.74L21.24,35.18L21.56,34.64L21.91,34.12L22.29,33.63L22.71,33.15L23.15,32.71L23.63,32.29L24.12,31.91L24.64,31.56L25.18,31.24L25.74,30.95L26.32,30.70L26.91,30.49L27.51,30.31L28.13,30.18L28.75,30.08L29.37,30.02L30.00,30.00L30.63,30.02L31.25,30.08L31.87,30.18L32.49,30.31L33.09,30.49L33.68,30.70L34.26,30.95L34.82,31.24L35.36,31.56L35.88,31.91L36.37,32.29L36.85,32.71L37.29,33.15L37.71,33.63L38.09,34.12L38.44,34.64L38.76,35.18L39.05,35.74L39.30,36.32L39.51,36.91L39.69,37.51L39.82,38.13L39.92,38.75L39.98,39.37]]]}
KRenderingPaintServer {id="grad" [type=LINEAR-GRADIENT] [stops=[(0.00,#008000)]] [start=(0,0)] [end=(100,0)]}
KCanvasResource {id="blurxy" [type=FILTER]  [bounding box=at (-10.00%,-10.00%) size 120.00%x120.00%] [effects=[[type=GAUSSIAN-BLUR]  [subregion="at (0,0) size 480x360"] [std dev. x=5.00 y=1.00]]]}
KCanvasResource {id="marker1" [type=MARKER] [angle=0.00] [ref x=5.00 y=5.00]}
layer at (0,0) size 800x600
  RenderView at (0,0) size 800x600
    KCanvasContainer {svg} at (0,0) size 334.17x150.83
      KCanvasContainer {defs} at (0,0) size 0x0
      KCanvasContainer {marker} at (0,0) size 3.33x3.33
        KCanvasItem {rect} at (0,0) size 3.33x3.33 [fill={[type=SOLID] [color=#FF0000]}] [data="M0.00,0.00L10.00,0.00L10.00,10.00L0.00,10.00"]
      RenderSVGText {text} at (0,0) size 800x18
        RenderText {#text} at (0,0) size 294x18
          text run at (0,0) width 294: "The rect should be opaque green, black stroke,"
      RenderSVGText {text} at (0,0) size 800x18
        RenderText {#text} at (0,0) size 167x18
          text run at (0,0) width 167: "no markers and no dashes."
      KCanvasItem {path} at (49.17,65.83) size 85x85 [stroke={[type=SOLID] [color=#000000]}] [fill={[type=SOLID] [color=#008000]}] [data="M30.00,40.00L80.00,40.00L80.00,90.00L30.00,90.00"]
      KCanvasItem {circle} at (265.83,65.83) size 68.33x68.33 [stroke={[type=SOLID] [color=#000000]}] [fill={[type=LINEAR-GRADIENT] [stops=[(0.00,#008000)]] [start=(0,0)] [end=(100,0)]}] [data="M200.00,60.00L199.96,61.26L199.84,62.51L199.65,63.75L199.37,64.97L199.02,66.18L198.60,67.36L198.10,68.52L197.53,69.64L196.89,70.72L196.18,71.76L195.41,72.75L194.58,73.69L193.69,74.58L192.75,75.41L191.76,76.18L190.72,76.89L189.64,77.53L188.52,78.10L187.36,78.60L186.18,79.02L184.97,79.37L183.75,79.65L182.51,79.84L181.26,79.96L180.00,80.00L178.74,79.96L177.49,79.84L176.25,79.65L175.03,79.37L173.82,79.02L172.64,78.60L171.48,78.10L170.36,77.53L169.28,76.89L168.24,76.18L167.25,75.41L166.31,74.58L165.42,73.69L164.59,72.75L163.82,71.76L163.11,70.72L162.47,69.64L161.90,68.52L161.40,67.36L160.98,66.18L160.63,64.97L160.35,63.75L160.16,62.51L160.04,61.26L160.00,60.00L160.04,58.74L160.16,57.49L160.35,56.25L160.63,55.03L160.98,53.82L161.40,52.64L161.90,51.48L162.47,50.36L163.11,49.28L163.82,48.24L164.59,47.25L165.42,46.31L166.31,45.42L167.25,44.59L168.24,43.82L169.28,43.11L170.36,42.47L171.48,41.90L172.64,41.40L173.82,40.98L175.03,40.63L176.25,40.35L177.49,40.16L178.74,40.04L180.00,40.00L181.26,40.04L182.51,40.16L183.75,40.35L184.97,40.63L186.18,40.98L187.36,41.40L188.52,41.90L189.64,42.47L190.72,43.11L191.76,43.82L192.75,44.59L193.69,45.42L194.58,46.31L195.41,47.25L196.18,48.24L196.89,49.28L197.53,50.36L198.10,51.48L198.60,52.64L199.02,53.82L199.37,55.03L199.65,56.25L199.84,57.49L199.96,58.74"]
      RenderSVGText {text} at (0,0) size 800x18
        RenderText {#text} at (0,0) size 278x18
          text run at (0,0) width 278: "The circle should be opaque green, no filter,"
      RenderSVGText {text} at (0,0) size 800x18
        RenderText {#text} at (0,0) size 105x18
          text run at (0,0) width 105: "green stop color."
