layer at (0,0) size 800x600
  RenderView at (0,0) size 800x600
    RenderSVGContainer {svg} at (0,0) size 656x194
      RenderSVGContainer {g} at (0,0) size 656x194
        RenderPath {rect} at (0,0) size 100x100 [fill={[type=SOLID] [color=#FF0000]}] [data="M0.00,0.00L100.00,0.00L100.00,100.00L0.00,100.00"]
        RenderPath {rect} at (0,0) size 100x100 [fill={[type=SOLID] [color=#FFA500]}] [data="M0.00,0.00L100.00,0.00L100.00,100.00L0.00,100.00"]
        RenderSVGContainer {g} at (10,116) size 646x78
          RenderSVGText {text} at (10,130) size 800x18
            RenderSVGInlineText {#text} at (0,-14) size 223x18
              text run at (0,-14) width 223: "The above rect should be BLACK."
          RenderSVGText {text} at (10,150) size 800x18
            RenderSVGInlineText {#text} at (0,-14) size 646x18
              text run at (0,-14) width 646: "SVG 1.1 FULL says there should be a \"highly perceivable error\" message when an invalid fill is used."
          RenderSVGText {text} at (10,170) size 800x18
            RenderSVGInlineText {#text} at (0,-14) size 468x18
              text run at (0,-14) width 468: "Browsers don't display such an error, instead use some sort of fill-fallback."
          RenderSVGText {text} at (10,190) size 800x18
            RenderSVGInlineText {#text} at (0,-14) size 546x18
              text run at (0,-14) width 471: "Opera falls back to 'black' (default), Firefox to 'none', and Safari to 'black'. "
              text run at (471,-14) width 75: "Bug 11017."
