KRenderingPaintServer {id="cycle2" [type=PATTERN] [bbox=at (20,20) size 1x1]}
KRenderingPaintServer {id="cycle1" [type=PATTERN] [bbox=at (20,20) size 1x1]}
layer at (0,0) size 800x600
  RenderView at (0,0) size 800x600
    RenderSVGContainer {svg} at (0,0) size 810x154
      RenderSVGHiddenContainer {defs} at (0,0) size 0x0
        RenderSVGContainer {pattern} at (-0.50,-0.50) size 51x31
          RenderPath {rect} at (-0.50,-0.50) size 51x31 [stroke={[type=SOLID] [color=#008000]}] [fill={[type=SOLID] [color=#0000FF]}] [data="M0.00,0.00L50.00,0.00L50.00,30.00L0.00,30.00"]
        RenderSVGContainer {pattern} at (0,0) size 0x0
      RenderPath {rect} at (0,0) size 100x100 [fill={[type=SOLID] [color=#000000]}] [data="M0.00,0.00L100.00,0.00L100.00,100.00L0.00,100.00"]
      RenderSVGText {text} at (10,150) size 800x18
        RenderSVGInlineText {#text} at (0,-14) size 800x18
          text run at (0,-14) width 800: "The square above should be BLACK (since webkit correctly ignores cycles, but doesn\"t support proper fill fallback yet 12062)"
