layer at (0,0) size 800x600
  RenderView at (0,0) size 800x600
    RenderSVGContainer {svg} at (0,76) size 532x520
      RenderSVGText {text} at (110,90) size 800x18
        RenderSVGInlineText {#text} at (0,-14) size 107x18
          text run at (0,-14) width 107: "Visibility: visible"
      RenderSVGText {text} at (340,90) size 800x18
        RenderSVGInlineText {#text} at (0,-14) size 109x18
          text run at (0,-14) width 109: "Visibility: hidden"
      RenderSVGContainer {g} at (0,94) size 532x502
        RenderSVGText {text} at (0,130) size 800x18
          RenderSVGInlineText {#text} at (0,-14) size 88x18
            text run at (0,-14) width 88: "visiblePainted"
        RenderSVGText {text} at (100,130) size 800x46
          RenderSVGInlineText {#text} at (0,-36) size 20x46
            text run at (0,-36) width 20: "#"
        RenderSVGText {text} at (105,120) size 800x18
          RenderSVGInlineText {#text} at (0,-14) size 28x18
            text run at (0,-14) width 28: "miss"
        RenderSVGText {text} at (157,130) size 800x46
          RenderSVGInlineText {#text} at (0,-36) size 20x46
            text run at (0,-36) width 20: "#"
        RenderSVGText {text} at (162,120) size 800x18
          RenderSVGInlineText {#text} at (0,-14) size 27x18
            text run at (0,-14) width 27: "HIT"
        RenderSVGText {text} at (214,130) size 800x46
          RenderSVGInlineText {#text} at (0,-36) size 20x46
            text run at (0,-36) width 20: "#"
        RenderSVGText {text} at (219,120) size 800x18
          RenderSVGInlineText {#text} at (0,-14) size 27x18
            text run at (0,-14) width 27: "HIT"
        RenderSVGText {text} at (271,130) size 800x46
          RenderSVGInlineText {#text} at (0,-36) size 20x46
            text run at (0,-36) width 20: "#"
        RenderSVGText {text} at (276,120) size 800x18
          RenderSVGInlineText {#text} at (0,-14) size 27x18
            text run at (0,-14) width 27: "HIT"
        RenderSVGText {text} at (328,130) size 800x46
          RenderSVGInlineText {#text} at (0,-36) size 20x46
            text run at (0,-36) width 20: "#"
        RenderSVGText {text} at (333,120) size 800x18
          RenderSVGInlineText {#text} at (0,-14) size 28x18
            text run at (0,-14) width 28: "miss"
        RenderSVGText {text} at (385,130) size 800x46
          RenderSVGInlineText {#text} at (0,-36) size 20x46
            text run at (0,-36) width 20: "#"
        RenderSVGText {text} at (390,120) size 800x18
          RenderSVGInlineText {#text} at (0,-14) size 28x18
            text run at (0,-14) width 28: "miss"
        RenderSVGText {text} at (442,130) size 800x46
          RenderSVGInlineText {#text} at (0,-36) size 20x46
            text run at (0,-36) width 20: "#"
        RenderSVGText {text} at (447,120) size 800x18
          RenderSVGInlineText {#text} at (0,-14) size 28x18
            text run at (0,-14) width 28: "miss"
        RenderSVGText {text} at (499,130) size 800x46
          RenderSVGInlineText {#text} at (0,-36) size 20x46
            text run at (0,-36) width 20: "#"
        RenderSVGText {text} at (504,120) size 800x18
          RenderSVGInlineText {#text} at (0,-14) size 28x18
            text run at (0,-14) width 28: "miss"
        RenderSVGText {text} at (0,187) size 800x18
          RenderSVGInlineText {#text} at (0,-14) size 62x18
            text run at (0,-14) width 62: "visibleFill"
        RenderSVGText {text} at (100,187) size 800x46
          RenderSVGInlineText {#text} at (0,-36) size 20x46
            text run at (0,-36) width 20: "#"
        RenderSVGText {text} at (105,177) size 800x18
          RenderSVGInlineText {#text} at (0,-14) size 27x18
            text run at (0,-14) width 27: "HIT"
        RenderSVGText {text} at (157,187) size 800x46
          RenderSVGInlineText {#text} at (0,-36) size 20x46
            text run at (0,-36) width 20: "#"
        RenderSVGText {text} at (162,177) size 800x18
          RenderSVGInlineText {#text} at (0,-14) size 27x18
            text run at (0,-14) width 27: "HIT"
        RenderSVGText {text} at (214,187) size 800x46
          RenderSVGInlineText {#text} at (0,-36) size 20x46
            text run at (0,-36) width 20: "#"
        RenderSVGText {text} at (219,177) size 800x18
          RenderSVGInlineText {#text} at (0,-14) size 27x18
            text run at (0,-14) width 27: "HIT"
        RenderSVGText {text} at (271,187) size 800x46
          RenderSVGInlineText {#text} at (0,-36) size 20x46
            text run at (0,-36) width 20: "#"
        RenderSVGText {text} at (276,177) size 800x18
          RenderSVGInlineText {#text} at (0,-14) size 27x18
            text run at (0,-14) width 27: "HIT"
        RenderSVGText {text} at (328,187) size 800x46
          RenderSVGInlineText {#text} at (0,-36) size 20x46
            text run at (0,-36) width 20: "#"
        RenderSVGText {text} at (333,177) size 800x18
          RenderSVGInlineText {#text} at (0,-14) size 28x18
            text run at (0,-14) width 28: "miss"
        RenderSVGText {text} at (385,187) size 800x46
          RenderSVGInlineText {#text} at (0,-36) size 20x46
            text run at (0,-36) width 20: "#"
        RenderSVGText {text} at (390,177) size 800x18
          RenderSVGInlineText {#text} at (0,-14) size 28x18
            text run at (0,-14) width 28: "miss"
        RenderSVGText {text} at (442,187) size 800x46
          RenderSVGInlineText {#text} at (0,-36) size 20x46
            text run at (0,-36) width 20: "#"
        RenderSVGText {text} at (447,177) size 800x18
          RenderSVGInlineText {#text} at (0,-14) size 28x18
            text run at (0,-14) width 28: "miss"
        RenderSVGText {text} at (499,187) size 800x46
          RenderSVGInlineText {#text} at (0,-36) size 20x46
            text run at (0,-36) width 20: "#"
        RenderSVGText {text} at (504,177) size 800x18
          RenderSVGInlineText {#text} at (0,-14) size 28x18
            text run at (0,-14) width 28: "miss"
        RenderSVGText {text} at (0,244) size 800x18
          RenderSVGInlineText {#text} at (0,-14) size 82x18
            text run at (0,-14) width 82: "visibleStroke"
        RenderSVGText {text} at (100,244) size 800x46
          RenderSVGInlineText {#text} at (0,-36) size 20x46
            text run at (0,-36) width 20: "#"
        RenderSVGText {text} at (105,234) size 800x18
          RenderSVGInlineText {#text} at (0,-14) size 27x18
            text run at (0,-14) width 27: "HIT"
        RenderSVGText {text} at (157,244) size 800x46
          RenderSVGInlineText {#text} at (0,-36) size 20x46
            text run at (0,-36) width 20: "#"
        RenderSVGText {text} at (162,234) size 800x18
          RenderSVGInlineText {#text} at (0,-14) size 27x18
            text run at (0,-14) width 27: "HIT"
        RenderSVGText {text} at (214,244) size 800x46
          RenderSVGInlineText {#text} at (0,-36) size 20x46
            text run at (0,-36) width 20: "#"
        RenderSVGText {text} at (219,234) size 800x18
          RenderSVGInlineText {#text} at (0,-14) size 27x18
            text run at (0,-14) width 27: "HIT"
        RenderSVGText {text} at (271,244) size 800x46
          RenderSVGInlineText {#text} at (0,-36) size 20x46
            text run at (0,-36) width 20: "#"
        RenderSVGText {text} at (276,234) size 800x18
          RenderSVGInlineText {#text} at (0,-14) size 27x18
            text run at (0,-14) width 27: "HIT"
        RenderSVGText {text} at (328,244) size 800x46
          RenderSVGInlineText {#text} at (0,-36) size 20x46
            text run at (0,-36) width 20: "#"
        RenderSVGText {text} at (333,234) size 800x18
          RenderSVGInlineText {#text} at (0,-14) size 28x18
            text run at (0,-14) width 28: "miss"
        RenderSVGText {text} at (385,244) size 800x46
          RenderSVGInlineText {#text} at (0,-36) size 20x46
            text run at (0,-36) width 20: "#"
        RenderSVGText {text} at (390,234) size 800x18
          RenderSVGInlineText {#text} at (0,-14) size 28x18
            text run at (0,-14) width 28: "miss"
        RenderSVGText {text} at (442,244) size 800x46
          RenderSVGInlineText {#text} at (0,-36) size 20x46
            text run at (0,-36) width 20: "#"
        RenderSVGText {text} at (447,234) size 800x18
          RenderSVGInlineText {#text} at (0,-14) size 28x18
            text run at (0,-14) width 28: "miss"
        RenderSVGText {text} at (499,244) size 800x46
          RenderSVGInlineText {#text} at (0,-36) size 20x46
            text run at (0,-36) width 20: "#"
        RenderSVGText {text} at (504,234) size 800x18
          RenderSVGInlineText {#text} at (0,-14) size 28x18
            text run at (0,-14) width 28: "miss"
        RenderSVGText {text} at (0,301) size 800x18
          RenderSVGInlineText {#text} at (0,-14) size 41x18
            text run at (0,-14) width 41: "visible"
        RenderSVGText {text} at (100,301) size 800x46
          RenderSVGInlineText {#text} at (0,-36) size 20x46
            text run at (0,-36) width 20: "#"
        RenderSVGText {text} at (105,291) size 800x18
          RenderSVGInlineText {#text} at (0,-14) size 27x18
            text run at (0,-14) width 27: "HIT"
        RenderSVGText {text} at (157,301) size 800x46
          RenderSVGInlineText {#text} at (0,-36) size 20x46
            text run at (0,-36) width 20: "#"
        RenderSVGText {text} at (162,291) size 800x18
          RenderSVGInlineText {#text} at (0,-14) size 27x18
            text run at (0,-14) width 27: "HIT"
        RenderSVGText {text} at (214,301) size 800x46
          RenderSVGInlineText {#text} at (0,-36) size 20x46
            text run at (0,-36) width 20: "#"
        RenderSVGText {text} at (219,291) size 800x18
          RenderSVGInlineText {#text} at (0,-14) size 27x18
            text run at (0,-14) width 27: "HIT"
        RenderSVGText {text} at (271,301) size 800x46
          RenderSVGInlineText {#text} at (0,-36) size 20x46
            text run at (0,-36) width 20: "#"
        RenderSVGText {text} at (276,291) size 800x18
          RenderSVGInlineText {#text} at (0,-14) size 27x18
            text run at (0,-14) width 27: "HIT"
        RenderSVGText {text} at (328,301) size 800x46
          RenderSVGInlineText {#text} at (0,-36) size 20x46
            text run at (0,-36) width 20: "#"
        RenderSVGText {text} at (333,291) size 800x18
          RenderSVGInlineText {#text} at (0,-14) size 28x18
            text run at (0,-14) width 28: "miss"
        RenderSVGText {text} at (385,301) size 800x46
          RenderSVGInlineText {#text} at (0,-36) size 20x46
            text run at (0,-36) width 20: "#"
        RenderSVGText {text} at (390,291) size 800x18
          RenderSVGInlineText {#text} at (0,-14) size 28x18
            text run at (0,-14) width 28: "miss"
        RenderSVGText {text} at (442,301) size 800x46
          RenderSVGInlineText {#text} at (0,-36) size 20x46
            text run at (0,-36) width 20: "#"
        RenderSVGText {text} at (447,291) size 800x18
          RenderSVGInlineText {#text} at (0,-14) size 28x18
            text run at (0,-14) width 28: "miss"
        RenderSVGText {text} at (499,301) size 800x46
          RenderSVGInlineText {#text} at (0,-36) size 20x46
            text run at (0,-36) width 20: "#"
        RenderSVGText {text} at (504,291) size 800x18
          RenderSVGInlineText {#text} at (0,-14) size 28x18
            text run at (0,-14) width 28: "miss"
        RenderSVGText {text} at (0,358) size 800x18
          RenderSVGInlineText {#text} at (0,-14) size 46x18
            text run at (0,-14) width 46: "painted"
        RenderSVGText {text} at (100,358) size 800x46
          RenderSVGInlineText {#text} at (0,-36) size 20x46
            text run at (0,-36) width 20: "#"
        RenderSVGText {text} at (105,348) size 800x18
          RenderSVGInlineText {#text} at (0,-14) size 28x18
            text run at (0,-14) width 28: "miss"
        RenderSVGText {text} at (157,358) size 800x46
          RenderSVGInlineText {#text} at (0,-36) size 20x46
            text run at (0,-36) width 20: "#"
        RenderSVGText {text} at (162,348) size 800x18
          RenderSVGInlineText {#text} at (0,-14) size 27x18
            text run at (0,-14) width 27: "HIT"
        RenderSVGText {text} at (214,358) size 800x46
          RenderSVGInlineText {#text} at (0,-36) size 20x46
            text run at (0,-36) width 20: "#"
        RenderSVGText {text} at (219,348) size 800x18
          RenderSVGInlineText {#text} at (0,-14) size 27x18
            text run at (0,-14) width 27: "HIT"
        RenderSVGText {text} at (271,358) size 800x46
          RenderSVGInlineText {#text} at (0,-36) size 20x46
            text run at (0,-36) width 20: "#"
        RenderSVGText {text} at (276,348) size 800x18
          RenderSVGInlineText {#text} at (0,-14) size 27x18
            text run at (0,-14) width 27: "HIT"
        RenderSVGText {text} at (328,358) size 800x46
          RenderSVGInlineText {#text} at (0,-36) size 20x46
            text run at (0,-36) width 20: "#"
        RenderSVGText {text} at (333,348) size 800x18
          RenderSVGInlineText {#text} at (0,-14) size 28x18
            text run at (0,-14) width 28: "miss"
        RenderSVGText {text} at (385,358) size 800x46
          RenderSVGInlineText {#text} at (0,-36) size 20x46
            text run at (0,-36) width 20: "#"
        RenderSVGText {text} at (390,348) size 800x18
          RenderSVGInlineText {#text} at (0,-14) size 28x18
            text run at (0,-14) width 28: "miss"
        RenderSVGText {text} at (442,358) size 800x46
          RenderSVGInlineText {#text} at (0,-36) size 20x46
            text run at (0,-36) width 20: "#"
        RenderSVGText {text} at (447,348) size 800x18
          RenderSVGInlineText {#text} at (0,-14) size 28x18
            text run at (0,-14) width 28: "miss"
        RenderSVGText {text} at (499,358) size 800x46
          RenderSVGInlineText {#text} at (0,-36) size 20x46
            text run at (0,-36) width 20: "#"
        RenderSVGText {text} at (504,348) size 800x18
          RenderSVGInlineText {#text} at (0,-14) size 28x18
            text run at (0,-14) width 28: "miss"
        RenderSVGText {text} at (0,415) size 800x18
          RenderSVGInlineText {#text} at (0,-14) size 17x18
            text run at (0,-14) width 17: "fill"
        RenderSVGText {text} at (100,415) size 800x46
          RenderSVGInlineText {#text} at (0,-36) size 20x46
            text run at (0,-36) width 20: "#"
        RenderSVGText {text} at (105,405) size 800x18
          RenderSVGInlineText {#text} at (0,-14) size 27x18
            text run at (0,-14) width 27: "HIT"
        RenderSVGText {text} at (157,415) size 800x46
          RenderSVGInlineText {#text} at (0,-36) size 20x46
            text run at (0,-36) width 20: "#"
        RenderSVGText {text} at (162,405) size 800x18
          RenderSVGInlineText {#text} at (0,-14) size 27x18
            text run at (0,-14) width 27: "HIT"
        RenderSVGText {text} at (214,415) size 800x46
          RenderSVGInlineText {#text} at (0,-36) size 20x46
            text run at (0,-36) width 20: "#"
        RenderSVGText {text} at (219,405) size 800x18
          RenderSVGInlineText {#text} at (0,-14) size 27x18
            text run at (0,-14) width 27: "HIT"
        RenderSVGText {text} at (271,415) size 800x46
          RenderSVGInlineText {#text} at (0,-36) size 20x46
            text run at (0,-36) width 20: "#"
        RenderSVGText {text} at (276,405) size 800x18
          RenderSVGInlineText {#text} at (0,-14) size 27x18
            text run at (0,-14) width 27: "HIT"
        RenderSVGText {text} at (328,415) size 800x46
          RenderSVGInlineText {#text} at (0,-36) size 20x46
            text run at (0,-36) width 20: "#"
        RenderSVGText {text} at (333,405) size 800x18
          RenderSVGInlineText {#text} at (0,-14) size 28x18
            text run at (0,-14) width 28: "miss"
        RenderSVGText {text} at (385,415) size 800x46
          RenderSVGInlineText {#text} at (0,-36) size 20x46
            text run at (0,-36) width 20: "#"
        RenderSVGText {text} at (390,405) size 800x18
          RenderSVGInlineText {#text} at (0,-14) size 28x18
            text run at (0,-14) width 28: "miss"
        RenderSVGText {text} at (442,415) size 800x46
          RenderSVGInlineText {#text} at (0,-36) size 20x46
            text run at (0,-36) width 20: "#"
        RenderSVGText {text} at (447,405) size 800x18
          RenderSVGInlineText {#text} at (0,-14) size 28x18
            text run at (0,-14) width 28: "miss"
        RenderSVGText {text} at (499,415) size 800x46
          RenderSVGInlineText {#text} at (0,-36) size 20x46
            text run at (0,-36) width 20: "#"
        RenderSVGText {text} at (504,405) size 800x18
          RenderSVGInlineText {#text} at (0,-14) size 28x18
            text run at (0,-14) width 28: "miss"
        RenderSVGText {text} at (0,472) size 800x18
          RenderSVGInlineText {#text} at (0,-14) size 38x18
            text run at (0,-14) width 38: "stroke"
        RenderSVGText {text} at (100,472) size 800x46
          RenderSVGInlineText {#text} at (0,-36) size 20x46
            text run at (0,-36) width 20: "#"
        RenderSVGText {text} at (105,462) size 800x18
          RenderSVGInlineText {#text} at (0,-14) size 27x18
            text run at (0,-14) width 27: "HIT"
        RenderSVGText {text} at (157,472) size 800x46
          RenderSVGInlineText {#text} at (0,-36) size 20x46
            text run at (0,-36) width 20: "#"
        RenderSVGText {text} at (162,462) size 800x18
          RenderSVGInlineText {#text} at (0,-14) size 27x18
            text run at (0,-14) width 27: "HIT"
        RenderSVGText {text} at (214,472) size 800x46
          RenderSVGInlineText {#text} at (0,-36) size 20x46
            text run at (0,-36) width 20: "#"
        RenderSVGText {text} at (219,462) size 800x18
          RenderSVGInlineText {#text} at (0,-14) size 27x18
            text run at (0,-14) width 27: "HIT"
        RenderSVGText {text} at (271,472) size 800x46
          RenderSVGInlineText {#text} at (0,-36) size 20x46
            text run at (0,-36) width 20: "#"
        RenderSVGText {text} at (276,462) size 800x18
          RenderSVGInlineText {#text} at (0,-14) size 27x18
            text run at (0,-14) width 27: "HIT"
        RenderSVGText {text} at (328,472) size 800x46
          RenderSVGInlineText {#text} at (0,-36) size 20x46
            text run at (0,-36) width 20: "#"
        RenderSVGText {text} at (333,462) size 800x18
          RenderSVGInlineText {#text} at (0,-14) size 28x18
            text run at (0,-14) width 28: "miss"
        RenderSVGText {text} at (385,472) size 800x46
          RenderSVGInlineText {#text} at (0,-36) size 20x46
            text run at (0,-36) width 20: "#"
        RenderSVGText {text} at (390,462) size 800x18
          RenderSVGInlineText {#text} at (0,-14) size 28x18
            text run at (0,-14) width 28: "miss"
        RenderSVGText {text} at (442,472) size 800x46
          RenderSVGInlineText {#text} at (0,-36) size 20x46
            text run at (0,-36) width 20: "#"
        RenderSVGText {text} at (447,462) size 800x18
          RenderSVGInlineText {#text} at (0,-14) size 28x18
            text run at (0,-14) width 28: "miss"
        RenderSVGText {text} at (499,472) size 800x46
          RenderSVGInlineText {#text} at (0,-36) size 20x46
            text run at (0,-36) width 20: "#"
        RenderSVGText {text} at (504,462) size 800x18
          RenderSVGInlineText {#text} at (0,-14) size 28x18
            text run at (0,-14) width 28: "miss"
        RenderSVGText {text} at (0,529) size 800x18
          RenderSVGInlineText {#text} at (0,-14) size 15x18
            text run at (0,-14) width 15: "all"
        RenderSVGText {text} at (100,529) size 800x46
          RenderSVGInlineText {#text} at (0,-36) size 20x46
            text run at (0,-36) width 20: "#"
        RenderSVGText {text} at (105,519) size 800x18
          RenderSVGInlineText {#text} at (0,-14) size 27x18
            text run at (0,-14) width 27: "HIT"
        RenderSVGText {text} at (157,529) size 800x46
          RenderSVGInlineText {#text} at (0,-36) size 20x46
            text run at (0,-36) width 20: "#"
        RenderSVGText {text} at (162,519) size 800x18
          RenderSVGInlineText {#text} at (0,-14) size 27x18
            text run at (0,-14) width 27: "HIT"
        RenderSVGText {text} at (214,529) size 800x46
          RenderSVGInlineText {#text} at (0,-36) size 20x46
            text run at (0,-36) width 20: "#"
        RenderSVGText {text} at (219,519) size 800x18
          RenderSVGInlineText {#text} at (0,-14) size 27x18
            text run at (0,-14) width 27: "HIT"
        RenderSVGText {text} at (271,529) size 800x46
          RenderSVGInlineText {#text} at (0,-36) size 20x46
            text run at (0,-36) width 20: "#"
        RenderSVGText {text} at (276,519) size 800x18
          RenderSVGInlineText {#text} at (0,-14) size 27x18
            text run at (0,-14) width 27: "HIT"
        RenderSVGText {text} at (328,529) size 800x46
          RenderSVGInlineText {#text} at (0,-36) size 20x46
            text run at (0,-36) width 20: "#"
        RenderSVGText {text} at (333,519) size 800x18
          RenderSVGInlineText {#text} at (0,-14) size 28x18
            text run at (0,-14) width 28: "miss"
        RenderSVGText {text} at (385,529) size 800x46
          RenderSVGInlineText {#text} at (0,-36) size 20x46
            text run at (0,-36) width 20: "#"
        RenderSVGText {text} at (390,519) size 800x18
          RenderSVGInlineText {#text} at (0,-14) size 28x18
            text run at (0,-14) width 28: "miss"
        RenderSVGText {text} at (442,529) size 800x46
          RenderSVGInlineText {#text} at (0,-36) size 20x46
            text run at (0,-36) width 20: "#"
        RenderSVGText {text} at (447,519) size 800x18
          RenderSVGInlineText {#text} at (0,-14) size 28x18
            text run at (0,-14) width 28: "miss"
        RenderSVGText {text} at (499,529) size 800x46
          RenderSVGInlineText {#text} at (0,-36) size 20x46
            text run at (0,-36) width 20: "#"
        RenderSVGText {text} at (504,519) size 800x18
          RenderSVGInlineText {#text} at (0,-14) size 28x18
            text run at (0,-14) width 28: "miss"
        RenderSVGText {text} at (0,586) size 800x18
          RenderSVGInlineText {#text} at (0,-14) size 31x18
            text run at (0,-14) width 31: "none"
        RenderSVGText {text} at (100,586) size 800x46
          RenderSVGInlineText {#text} at (0,-36) size 20x46
            text run at (0,-36) width 20: "#"
        RenderSVGText {text} at (105,576) size 800x18
          RenderSVGInlineText {#text} at (0,-14) size 28x18
            text run at (0,-14) width 28: "miss"
        RenderSVGText {text} at (157,586) size 800x46
          RenderSVGInlineText {#text} at (0,-36) size 20x46
            text run at (0,-36) width 20: "#"
        RenderSVGText {text} at (162,576) size 800x18
          RenderSVGInlineText {#text} at (0,-14) size 28x18
            text run at (0,-14) width 28: "miss"
        RenderSVGText {text} at (214,586) size 800x46
          RenderSVGInlineText {#text} at (0,-36) size 20x46
            text run at (0,-36) width 20: "#"
        RenderSVGText {text} at (219,576) size 800x18
          RenderSVGInlineText {#text} at (0,-14) size 28x18
            text run at (0,-14) width 28: "miss"
        RenderSVGText {text} at (271,586) size 800x46
          RenderSVGInlineText {#text} at (0,-36) size 20x46
            text run at (0,-36) width 20: "#"
        RenderSVGText {text} at (276,576) size 800x18
          RenderSVGInlineText {#text} at (0,-14) size 28x18
            text run at (0,-14) width 28: "miss"
        RenderSVGText {text} at (328,586) size 800x46
          RenderSVGInlineText {#text} at (0,-36) size 20x46
            text run at (0,-36) width 20: "#"
        RenderSVGText {text} at (333,576) size 800x18
          RenderSVGInlineText {#text} at (0,-14) size 28x18
            text run at (0,-14) width 28: "miss"
        RenderSVGText {text} at (385,586) size 800x46
          RenderSVGInlineText {#text} at (0,-36) size 20x46
            text run at (0,-36) width 20: "#"
        RenderSVGText {text} at (390,576) size 800x18
          RenderSVGInlineText {#text} at (0,-14) size 28x18
            text run at (0,-14) width 28: "miss"
        RenderSVGText {text} at (442,586) size 800x46
          RenderSVGInlineText {#text} at (0,-36) size 20x46
            text run at (0,-36) width 20: "#"
        RenderSVGText {text} at (447,576) size 800x18
          RenderSVGInlineText {#text} at (0,-14) size 28x18
            text run at (0,-14) width 28: "miss"
        RenderSVGText {text} at (499,586) size 800x46
          RenderSVGInlineText {#text} at (0,-36) size 20x46
            text run at (0,-36) width 20: "#"
        RenderSVGText {text} at (504,576) size 800x18
          RenderSVGInlineText {#text} at (0,-14) size 28x18
            text run at (0,-14) width 28: "miss"
selection start: position 0 of child 0 {#text} of child 5 {text} of child 0 {svg} of document
selection end:   position 0 of child 0 {text} of child 7 {g} of child 0 {svg} of document
