layer at (0,0) size 800x600
  RenderView at (0,0) size 800x600
    KCanvasContainer {svg} at (0,4) size 552x605
      RenderSVGText {text} at (110,90) size 800x18
        RenderSVGInlineText {#text} at (0,-14) size 107x18
          text run at (0,-14) width 107: "Visibility: visible"
      RenderSVGText {text} at (340,90) size 800x18
        RenderSVGInlineText {#text} at (0,-14) size 109x18
          text run at (0,-14) width 109: "Visibility: hidden"
      RenderSVGText {text} at (10,18) size 800x18
        RenderSVGInlineText {#text} at (0,-14) size 60x18
          text run at (0,-14) width 60: "Example:"
      RenderSVGText {text} at (5,40) size 800x18
        RenderSVGInlineText {#text} at (0,-14) size 49x18
          text run at (0,-14) width 49: "Hit Fill:"
      RenderSVGText {text} at (5,60) size 800x18
        RenderSVGInlineText {#text} at (0,-14) size 69x18
          text run at (0,-14) width 69: "Hit Stroke:"
      KCanvasContainer {g} at (0,20) size 552x589
        KCanvasItem {rect} at (80,20) size 50x50 [fill={[type=SOLID] [color=#FFA500]}] [data="M80.00,20.00L130.00,20.00L130.00,70.00L80.00,70.00"]
        RenderSVGText {text} at (85,40) size 800x18
          RenderSVGInlineText {#text} at (0,-14) size 27x18
            text run at (0,-14) width 27: "HIT"
        RenderSVGText {text} at (85,60) size 800x18
          RenderSVGInlineText {#text} at (0,-14) size 28x18
            text run at (0,-14) width 28: "miss"
        RenderSVGText {text} at (0,130) size 800x18
          RenderSVGInlineText {#text} at (0,-14) size 88x18
            text run at (0,-14) width 88: "visiblePainted"
        KCanvasItem {rect} at (100,100) size 50x50 [data="M100.00,100.00L150.00,100.00L150.00,150.00L100.00,150.00"]
        RenderSVGText {text} at (105,120) size 800x18
          RenderSVGInlineText {#text} at (0,-14) size 28x18
            text run at (0,-14) width 28: "miss"
        RenderSVGText {text} at (105,140) size 800x18
          RenderSVGInlineText {#text} at (0,-14) size 28x18
            text run at (0,-14) width 28: "miss"
        KCanvasItem {rect} at (154,97) size 56x56 [stroke={[type=SOLID] [color=#0000FF] [stroke width=6.00]}] [data="M157.00,100.00L207.00,100.00L207.00,150.00L157.00,150.00"]
        RenderSVGText {text} at (162,120) size 800x18
          RenderSVGInlineText {#text} at (0,-14) size 27x18
            text run at (0,-14) width 27: "HIT"
        RenderSVGText {text} at (162,140) size 800x18
          RenderSVGInlineText {#text} at (0,-14) size 27x18
            text run at (0,-14) width 27: "HIT"
        KCanvasItem {rect} at (214,100) size 50x50 [fill={[type=SOLID] [color=#FFA500]}] [data="M214.00,100.00L264.00,100.00L264.00,150.00L214.00,150.00"]
        RenderSVGText {text} at (219,120) size 800x18
          RenderSVGInlineText {#text} at (0,-14) size 27x18
            text run at (0,-14) width 27: "HIT"
        RenderSVGText {text} at (219,140) size 800x18
          RenderSVGInlineText {#text} at (0,-14) size 27x18
            text run at (0,-14) width 27: "HIT"
        KCanvasItem {rect} at (268,97) size 56x56 [stroke={[type=SOLID] [color=#0000FF] [stroke width=6.00]}] [fill={[type=SOLID] [color=#FFA500]}] [data="M271.00,100.00L321.00,100.00L321.00,150.00L271.00,150.00"]
        RenderSVGText {text} at (276,120) size 800x18
          RenderSVGInlineText {#text} at (0,-14) size 27x18
            text run at (0,-14) width 27: "HIT"
        RenderSVGText {text} at (276,140) size 800x18
          RenderSVGInlineText {#text} at (0,-14) size 27x18
            text run at (0,-14) width 27: "HIT"
        KCanvasItem {rect} at (328,100) size 50x50 [data="M328.00,100.00L378.00,100.00L378.00,150.00L328.00,150.00"]
        RenderSVGText {text} at (333,120) size 800x18
          RenderSVGInlineText {#text} at (0,-14) size 28x18
            text run at (0,-14) width 28: "miss"
        RenderSVGText {text} at (333,140) size 800x18
          RenderSVGInlineText {#text} at (0,-14) size 28x18
            text run at (0,-14) width 28: "miss"
        KCanvasItem {rect} at (382,97) size 56x56 [stroke={[type=SOLID] [color=#0000FF] [stroke width=6.00]}] [data="M385.00,100.00L435.00,100.00L435.00,150.00L385.00,150.00"]
        RenderSVGText {text} at (390,120) size 800x18
          RenderSVGInlineText {#text} at (0,-14) size 28x18
            text run at (0,-14) width 28: "miss"
        RenderSVGText {text} at (390,140) size 800x18
          RenderSVGInlineText {#text} at (0,-14) size 28x18
            text run at (0,-14) width 28: "miss"
        KCanvasItem {rect} at (442,100) size 50x50 [fill={[type=SOLID] [color=#FFA500]}] [data="M442.00,100.00L492.00,100.00L492.00,150.00L442.00,150.00"]
        RenderSVGText {text} at (447,120) size 800x18
          RenderSVGInlineText {#text} at (0,-14) size 28x18
            text run at (0,-14) width 28: "miss"
        RenderSVGText {text} at (447,140) size 800x18
          RenderSVGInlineText {#text} at (0,-14) size 28x18
            text run at (0,-14) width 28: "miss"
        KCanvasItem {rect} at (496,97) size 56x56 [stroke={[type=SOLID] [color=#0000FF] [stroke width=6.00]}] [fill={[type=SOLID] [color=#FFA500]}] [data="M499.00,100.00L549.00,100.00L549.00,150.00L499.00,150.00"]
        RenderSVGText {text} at (504,120) size 800x18
          RenderSVGInlineText {#text} at (0,-14) size 28x18
            text run at (0,-14) width 28: "miss"
        RenderSVGText {text} at (504,140) size 800x18
          RenderSVGInlineText {#text} at (0,-14) size 28x18
            text run at (0,-14) width 28: "miss"
        RenderSVGText {text} at (0,187) size 800x18
          RenderSVGInlineText {#text} at (0,-14) size 62x18
            text run at (0,-14) width 62: "visibleFill"
        KCanvasItem {rect} at (100,157) size 50x50 [data="M100.00,157.00L150.00,157.00L150.00,207.00L100.00,207.00"]
        RenderSVGText {text} at (105,177) size 800x18
          RenderSVGInlineText {#text} at (0,-14) size 27x18
            text run at (0,-14) width 27: "HIT"
        RenderSVGText {text} at (105,197) size 800x18
          RenderSVGInlineText {#text} at (0,-14) size 27x18
            text run at (0,-14) width 27: "HIT"
        KCanvasItem {rect} at (154,154) size 56x56 [stroke={[type=SOLID] [color=#0000FF] [stroke width=6.00]}] [data="M157.00,157.00L207.00,157.00L207.00,207.00L157.00,207.00"]
        RenderSVGText {text} at (162,177) size 800x18
          RenderSVGInlineText {#text} at (0,-14) size 27x18
            text run at (0,-14) width 27: "HIT"
        RenderSVGText {text} at (162,197) size 800x18
          RenderSVGInlineText {#text} at (0,-14) size 27x18
            text run at (0,-14) width 27: "HIT"
        KCanvasItem {rect} at (214,157) size 50x50 [fill={[type=SOLID] [color=#FFA500]}] [data="M214.00,157.00L264.00,157.00L264.00,207.00L214.00,207.00"]
        RenderSVGText {text} at (219,177) size 800x18
          RenderSVGInlineText {#text} at (0,-14) size 27x18
            text run at (0,-14) width 27: "HIT"
        RenderSVGText {text} at (219,197) size 800x18
          RenderSVGInlineText {#text} at (0,-14) size 27x18
            text run at (0,-14) width 27: "HIT"
        KCanvasItem {rect} at (268,154) size 56x56 [stroke={[type=SOLID] [color=#0000FF] [stroke width=6.00]}] [fill={[type=SOLID] [color=#FFA500]}] [data="M271.00,157.00L321.00,157.00L321.00,207.00L271.00,207.00"]
        RenderSVGText {text} at (276,177) size 800x18
          RenderSVGInlineText {#text} at (0,-14) size 27x18
            text run at (0,-14) width 27: "HIT"
        RenderSVGText {text} at (276,197) size 800x18
          RenderSVGInlineText {#text} at (0,-14) size 27x18
            text run at (0,-14) width 27: "HIT"
        KCanvasItem {rect} at (328,157) size 50x50 [data="M328.00,157.00L378.00,157.00L378.00,207.00L328.00,207.00"]
        RenderSVGText {text} at (333,177) size 800x18
          RenderSVGInlineText {#text} at (0,-14) size 28x18
            text run at (0,-14) width 28: "miss"
        RenderSVGText {text} at (333,197) size 800x18
          RenderSVGInlineText {#text} at (0,-14) size 28x18
            text run at (0,-14) width 28: "miss"
        KCanvasItem {rect} at (382,154) size 56x56 [stroke={[type=SOLID] [color=#0000FF] [stroke width=6.00]}] [data="M385.00,157.00L435.00,157.00L435.00,207.00L385.00,207.00"]
        RenderSVGText {text} at (390,177) size 800x18
          RenderSVGInlineText {#text} at (0,-14) size 28x18
            text run at (0,-14) width 28: "miss"
        RenderSVGText {text} at (390,197) size 800x18
          RenderSVGInlineText {#text} at (0,-14) size 28x18
            text run at (0,-14) width 28: "miss"
        KCanvasItem {rect} at (442,157) size 50x50 [fill={[type=SOLID] [color=#FFA500]}] [data="M442.00,157.00L492.00,157.00L492.00,207.00L442.00,207.00"]
        RenderSVGText {text} at (447,177) size 800x18
          RenderSVGInlineText {#text} at (0,-14) size 28x18
            text run at (0,-14) width 28: "miss"
        RenderSVGText {text} at (447,197) size 800x18
          RenderSVGInlineText {#text} at (0,-14) size 28x18
            text run at (0,-14) width 28: "miss"
        KCanvasItem {rect} at (496,154) size 56x56 [stroke={[type=SOLID] [color=#0000FF] [stroke width=6.00]}] [fill={[type=SOLID] [color=#FFA500]}] [data="M499.00,157.00L549.00,157.00L549.00,207.00L499.00,207.00"]
        RenderSVGText {text} at (504,177) size 800x18
          RenderSVGInlineText {#text} at (0,-14) size 28x18
            text run at (0,-14) width 28: "miss"
        RenderSVGText {text} at (504,197) size 800x18
          RenderSVGInlineText {#text} at (0,-14) size 28x18
            text run at (0,-14) width 28: "miss"
        RenderSVGText {text} at (0,244) size 800x18
          RenderSVGInlineText {#text} at (0,-14) size 82x18
            text run at (0,-14) width 82: "visibleStroke"
        KCanvasItem {rect} at (100,214) size 50x50 [data="M100.00,214.00L150.00,214.00L150.00,264.00L100.00,264.00"]
        RenderSVGText {text} at (105,234) size 800x18
          RenderSVGInlineText {#text} at (0,-14) size 27x18
            text run at (0,-14) width 27: "HIT"
        RenderSVGText {text} at (105,254) size 800x18
          RenderSVGInlineText {#text} at (0,-14) size 27x18
            text run at (0,-14) width 27: "HIT"
        KCanvasItem {rect} at (154,211) size 56x56 [stroke={[type=SOLID] [color=#0000FF] [stroke width=6.00]}] [data="M157.00,214.00L207.00,214.00L207.00,264.00L157.00,264.00"]
        RenderSVGText {text} at (162,234) size 800x18
          RenderSVGInlineText {#text} at (0,-14) size 27x18
            text run at (0,-14) width 27: "HIT"
        RenderSVGText {text} at (162,254) size 800x18
          RenderSVGInlineText {#text} at (0,-14) size 27x18
            text run at (0,-14) width 27: "HIT"
        KCanvasItem {rect} at (214,214) size 50x50 [fill={[type=SOLID] [color=#FFA500]}] [data="M214.00,214.00L264.00,214.00L264.00,264.00L214.00,264.00"]
        RenderSVGText {text} at (219,234) size 800x18
          RenderSVGInlineText {#text} at (0,-14) size 27x18
            text run at (0,-14) width 27: "HIT"
        RenderSVGText {text} at (219,254) size 800x18
          RenderSVGInlineText {#text} at (0,-14) size 27x18
            text run at (0,-14) width 27: "HIT"
        KCanvasItem {rect} at (268,211) size 56x56 [stroke={[type=SOLID] [color=#0000FF] [stroke width=6.00]}] [fill={[type=SOLID] [color=#FFA500]}] [data="M271.00,214.00L321.00,214.00L321.00,264.00L271.00,264.00"]
        RenderSVGText {text} at (276,234) size 800x18
          RenderSVGInlineText {#text} at (0,-14) size 27x18
            text run at (0,-14) width 27: "HIT"
        RenderSVGText {text} at (276,254) size 800x18
          RenderSVGInlineText {#text} at (0,-14) size 27x18
            text run at (0,-14) width 27: "HIT"
        KCanvasItem {rect} at (328,214) size 50x50 [data="M328.00,214.00L378.00,214.00L378.00,264.00L328.00,264.00"]
        RenderSVGText {text} at (333,234) size 800x18
          RenderSVGInlineText {#text} at (0,-14) size 28x18
            text run at (0,-14) width 28: "miss"
        RenderSVGText {text} at (333,254) size 800x18
          RenderSVGInlineText {#text} at (0,-14) size 28x18
            text run at (0,-14) width 28: "miss"
        KCanvasItem {rect} at (382,211) size 56x56 [stroke={[type=SOLID] [color=#0000FF] [stroke width=6.00]}] [data="M385.00,214.00L435.00,214.00L435.00,264.00L385.00,264.00"]
        RenderSVGText {text} at (390,234) size 800x18
          RenderSVGInlineText {#text} at (0,-14) size 28x18
            text run at (0,-14) width 28: "miss"
        RenderSVGText {text} at (390,254) size 800x18
          RenderSVGInlineText {#text} at (0,-14) size 28x18
            text run at (0,-14) width 28: "miss"
        KCanvasItem {rect} at (442,214) size 50x50 [fill={[type=SOLID] [color=#FFA500]}] [data="M442.00,214.00L492.00,214.00L492.00,264.00L442.00,264.00"]
        RenderSVGText {text} at (447,234) size 800x18
          RenderSVGInlineText {#text} at (0,-14) size 28x18
            text run at (0,-14) width 28: "miss"
        RenderSVGText {text} at (447,254) size 800x18
          RenderSVGInlineText {#text} at (0,-14) size 28x18
            text run at (0,-14) width 28: "miss"
        KCanvasItem {rect} at (496,211) size 56x56 [stroke={[type=SOLID] [color=#0000FF] [stroke width=6.00]}] [fill={[type=SOLID] [color=#FFA500]}] [data="M499.00,214.00L549.00,214.00L549.00,264.00L499.00,264.00"]
        RenderSVGText {text} at (504,234) size 800x18
          RenderSVGInlineText {#text} at (0,-14) size 28x18
            text run at (0,-14) width 28: "miss"
        RenderSVGText {text} at (504,254) size 800x18
          RenderSVGInlineText {#text} at (0,-14) size 28x18
            text run at (0,-14) width 28: "miss"
        RenderSVGText {text} at (0,301) size 800x18
          RenderSVGInlineText {#text} at (0,-14) size 41x18
            text run at (0,-14) width 41: "visible"
        KCanvasItem {rect} at (100,271) size 50x50 [data="M100.00,271.00L150.00,271.00L150.00,321.00L100.00,321.00"]
        RenderSVGText {text} at (105,291) size 800x18
          RenderSVGInlineText {#text} at (0,-14) size 27x18
            text run at (0,-14) width 27: "HIT"
        RenderSVGText {text} at (105,311) size 800x18
          RenderSVGInlineText {#text} at (0,-14) size 27x18
            text run at (0,-14) width 27: "HIT"
        KCanvasItem {rect} at (154,268) size 56x56 [stroke={[type=SOLID] [color=#0000FF] [stroke width=6.00]}] [data="M157.00,271.00L207.00,271.00L207.00,321.00L157.00,321.00"]
        RenderSVGText {text} at (162,291) size 800x18
          RenderSVGInlineText {#text} at (0,-14) size 27x18
            text run at (0,-14) width 27: "HIT"
        RenderSVGText {text} at (162,311) size 800x18
          RenderSVGInlineText {#text} at (0,-14) size 27x18
            text run at (0,-14) width 27: "HIT"
        KCanvasItem {rect} at (214,271) size 50x50 [fill={[type=SOLID] [color=#FFA500]}] [data="M214.00,271.00L264.00,271.00L264.00,321.00L214.00,321.00"]
        RenderSVGText {text} at (219,291) size 800x18
          RenderSVGInlineText {#text} at (0,-14) size 27x18
            text run at (0,-14) width 27: "HIT"
        RenderSVGText {text} at (219,311) size 800x18
          RenderSVGInlineText {#text} at (0,-14) size 27x18
            text run at (0,-14) width 27: "HIT"
        KCanvasItem {rect} at (268,268) size 56x56 [stroke={[type=SOLID] [color=#0000FF] [stroke width=6.00]}] [fill={[type=SOLID] [color=#FFA500]}] [data="M271.00,271.00L321.00,271.00L321.00,321.00L271.00,321.00"]
        RenderSVGText {text} at (276,291) size 800x18
          RenderSVGInlineText {#text} at (0,-14) size 27x18
            text run at (0,-14) width 27: "HIT"
        RenderSVGText {text} at (276,311) size 800x18
          RenderSVGInlineText {#text} at (0,-14) size 27x18
            text run at (0,-14) width 27: "HIT"
        KCanvasItem {rect} at (328,271) size 50x50 [data="M328.00,271.00L378.00,271.00L378.00,321.00L328.00,321.00"]
        RenderSVGText {text} at (333,291) size 800x18
          RenderSVGInlineText {#text} at (0,-14) size 28x18
            text run at (0,-14) width 28: "miss"
        RenderSVGText {text} at (333,311) size 800x18
          RenderSVGInlineText {#text} at (0,-14) size 28x18
            text run at (0,-14) width 28: "miss"
        KCanvasItem {rect} at (382,268) size 56x56 [stroke={[type=SOLID] [color=#0000FF] [stroke width=6.00]}] [data="M385.00,271.00L435.00,271.00L435.00,321.00L385.00,321.00"]
        RenderSVGText {text} at (390,291) size 800x18
          RenderSVGInlineText {#text} at (0,-14) size 28x18
            text run at (0,-14) width 28: "miss"
        RenderSVGText {text} at (390,311) size 800x18
          RenderSVGInlineText {#text} at (0,-14) size 28x18
            text run at (0,-14) width 28: "miss"
        KCanvasItem {rect} at (442,271) size 50x50 [fill={[type=SOLID] [color=#FFA500]}] [data="M442.00,271.00L492.00,271.00L492.00,321.00L442.00,321.00"]
        RenderSVGText {text} at (447,291) size 800x18
          RenderSVGInlineText {#text} at (0,-14) size 28x18
            text run at (0,-14) width 28: "miss"
        RenderSVGText {text} at (447,311) size 800x18
          RenderSVGInlineText {#text} at (0,-14) size 28x18
            text run at (0,-14) width 28: "miss"
        KCanvasItem {rect} at (496,268) size 56x56 [stroke={[type=SOLID] [color=#0000FF] [stroke width=6.00]}] [fill={[type=SOLID] [color=#FFA500]}] [data="M499.00,271.00L549.00,271.00L549.00,321.00L499.00,321.00"]
        RenderSVGText {text} at (504,291) size 800x18
          RenderSVGInlineText {#text} at (0,-14) size 28x18
            text run at (0,-14) width 28: "miss"
        RenderSVGText {text} at (504,311) size 800x18
          RenderSVGInlineText {#text} at (0,-14) size 28x18
            text run at (0,-14) width 28: "miss"
        RenderSVGText {text} at (0,358) size 800x18
          RenderSVGInlineText {#text} at (0,-14) size 46x18
            text run at (0,-14) width 46: "painted"
        KCanvasItem {rect} at (100,328) size 50x50 [data="M100.00,328.00L150.00,328.00L150.00,378.00L100.00,378.00"]
        RenderSVGText {text} at (105,348) size 800x18
          RenderSVGInlineText {#text} at (0,-14) size 28x18
            text run at (0,-14) width 28: "miss"
        RenderSVGText {text} at (105,368) size 800x18
          RenderSVGInlineText {#text} at (0,-14) size 28x18
            text run at (0,-14) width 28: "miss"
        KCanvasItem {rect} at (154,325) size 56x56 [stroke={[type=SOLID] [color=#0000FF] [stroke width=6.00]}] [data="M157.00,328.00L207.00,328.00L207.00,378.00L157.00,378.00"]
        RenderSVGText {text} at (162,348) size 800x18
          RenderSVGInlineText {#text} at (0,-14) size 27x18
            text run at (0,-14) width 27: "HIT"
        RenderSVGText {text} at (162,368) size 800x18
          RenderSVGInlineText {#text} at (0,-14) size 27x18
            text run at (0,-14) width 27: "HIT"
        KCanvasItem {rect} at (214,328) size 50x50 [fill={[type=SOLID] [color=#FFA500]}] [data="M214.00,328.00L264.00,328.00L264.00,378.00L214.00,378.00"]
        RenderSVGText {text} at (219,348) size 800x18
          RenderSVGInlineText {#text} at (0,-14) size 27x18
            text run at (0,-14) width 27: "HIT"
        RenderSVGText {text} at (219,368) size 800x18
          RenderSVGInlineText {#text} at (0,-14) size 27x18
            text run at (0,-14) width 27: "HIT"
        KCanvasItem {rect} at (268,325) size 56x56 [stroke={[type=SOLID] [color=#0000FF] [stroke width=6.00]}] [fill={[type=SOLID] [color=#FFA500]}] [data="M271.00,328.00L321.00,328.00L321.00,378.00L271.00,378.00"]
        RenderSVGText {text} at (276,348) size 800x18
          RenderSVGInlineText {#text} at (0,-14) size 27x18
            text run at (0,-14) width 27: "HIT"
        RenderSVGText {text} at (276,368) size 800x18
          RenderSVGInlineText {#text} at (0,-14) size 27x18
            text run at (0,-14) width 27: "HIT"
        KCanvasItem {rect} at (328,328) size 50x50 [data="M328.00,328.00L378.00,328.00L378.00,378.00L328.00,378.00"]
        RenderSVGText {text} at (333,348) size 800x18
          RenderSVGInlineText {#text} at (0,-14) size 28x18
            text run at (0,-14) width 28: "miss"
        RenderSVGText {text} at (333,368) size 800x18
          RenderSVGInlineText {#text} at (0,-14) size 28x18
            text run at (0,-14) width 28: "miss"
        KCanvasItem {rect} at (382,325) size 56x56 [stroke={[type=SOLID] [color=#0000FF] [stroke width=6.00]}] [data="M385.00,328.00L435.00,328.00L435.00,378.00L385.00,378.00"]
        RenderSVGText {text} at (390,348) size 800x18
          RenderSVGInlineText {#text} at (0,-14) size 27x18
            text run at (0,-14) width 27: "HIT"
        RenderSVGText {text} at (390,368) size 800x18
          RenderSVGInlineText {#text} at (0,-14) size 27x18
            text run at (0,-14) width 27: "HIT"
        KCanvasItem {rect} at (442,328) size 50x50 [fill={[type=SOLID] [color=#FFA500]}] [data="M442.00,328.00L492.00,328.00L492.00,378.00L442.00,378.00"]
        RenderSVGText {text} at (447,348) size 800x18
          RenderSVGInlineText {#text} at (0,-14) size 27x18
            text run at (0,-14) width 27: "HIT"
        RenderSVGText {text} at (447,368) size 800x18
          RenderSVGInlineText {#text} at (0,-14) size 27x18
            text run at (0,-14) width 27: "HIT"
        KCanvasItem {rect} at (496,325) size 56x56 [stroke={[type=SOLID] [color=#0000FF] [stroke width=6.00]}] [fill={[type=SOLID] [color=#FFA500]}] [data="M499.00,328.00L549.00,328.00L549.00,378.00L499.00,378.00"]
        RenderSVGText {text} at (504,348) size 800x18
          RenderSVGInlineText {#text} at (0,-14) size 27x18
            text run at (0,-14) width 27: "HIT"
        RenderSVGText {text} at (504,368) size 800x18
          RenderSVGInlineText {#text} at (0,-14) size 27x18
            text run at (0,-14) width 27: "HIT"
        RenderSVGText {text} at (0,415) size 800x18
          RenderSVGInlineText {#text} at (0,-14) size 17x18
            text run at (0,-14) width 17: "fill"
        KCanvasItem {rect} at (100,385) size 50x50 [data="M100.00,385.00L150.00,385.00L150.00,435.00L100.00,435.00"]
        RenderSVGText {text} at (105,405) size 800x18
          RenderSVGInlineText {#text} at (0,-14) size 27x18
            text run at (0,-14) width 27: "HIT"
        RenderSVGText {text} at (105,425) size 800x18
          RenderSVGInlineText {#text} at (0,-14) size 27x18
            text run at (0,-14) width 27: "HIT"
        KCanvasItem {rect} at (154,382) size 56x56 [stroke={[type=SOLID] [color=#0000FF] [stroke width=6.00]}] [data="M157.00,385.00L207.00,385.00L207.00,435.00L157.00,435.00"]
        RenderSVGText {text} at (162,405) size 800x18
          RenderSVGInlineText {#text} at (0,-14) size 27x18
            text run at (0,-14) width 27: "HIT"
        RenderSVGText {text} at (162,425) size 800x18
          RenderSVGInlineText {#text} at (0,-14) size 27x18
            text run at (0,-14) width 27: "HIT"
        KCanvasItem {rect} at (214,385) size 50x50 [fill={[type=SOLID] [color=#FFA500]}] [data="M214.00,385.00L264.00,385.00L264.00,435.00L214.00,435.00"]
        RenderSVGText {text} at (219,405) size 800x18
          RenderSVGInlineText {#text} at (0,-14) size 27x18
            text run at (0,-14) width 27: "HIT"
        RenderSVGText {text} at (219,425) size 800x18
          RenderSVGInlineText {#text} at (0,-14) size 27x18
            text run at (0,-14) width 27: "HIT"
        KCanvasItem {rect} at (268,382) size 56x56 [stroke={[type=SOLID] [color=#0000FF] [stroke width=6.00]}] [fill={[type=SOLID] [color=#FFA500]}] [data="M271.00,385.00L321.00,385.00L321.00,435.00L271.00,435.00"]
        RenderSVGText {text} at (276,405) size 800x18
          RenderSVGInlineText {#text} at (0,-14) size 27x18
            text run at (0,-14) width 27: "HIT"
        RenderSVGText {text} at (276,425) size 800x18
          RenderSVGInlineText {#text} at (0,-14) size 27x18
            text run at (0,-14) width 27: "HIT"
        KCanvasItem {rect} at (328,385) size 50x50 [data="M328.00,385.00L378.00,385.00L378.00,435.00L328.00,435.00"]
        RenderSVGText {text} at (333,405) size 800x18
          RenderSVGInlineText {#text} at (0,-14) size 27x18
            text run at (0,-14) width 27: "HIT"
        RenderSVGText {text} at (333,425) size 800x18
          RenderSVGInlineText {#text} at (0,-14) size 27x18
            text run at (0,-14) width 27: "HIT"
        KCanvasItem {rect} at (382,382) size 56x56 [stroke={[type=SOLID] [color=#0000FF] [stroke width=6.00]}] [data="M385.00,385.00L435.00,385.00L435.00,435.00L385.00,435.00"]
        RenderSVGText {text} at (390,405) size 800x18
          RenderSVGInlineText {#text} at (0,-14) size 27x18
            text run at (0,-14) width 27: "HIT"
        RenderSVGText {text} at (390,425) size 800x18
          RenderSVGInlineText {#text} at (0,-14) size 27x18
            text run at (0,-14) width 27: "HIT"
        KCanvasItem {rect} at (442,385) size 50x50 [fill={[type=SOLID] [color=#FFA500]}] [data="M442.00,385.00L492.00,385.00L492.00,435.00L442.00,435.00"]
        RenderSVGText {text} at (447,405) size 800x18
          RenderSVGInlineText {#text} at (0,-14) size 27x18
            text run at (0,-14) width 27: "HIT"
        RenderSVGText {text} at (447,425) size 800x18
          RenderSVGInlineText {#text} at (0,-14) size 27x18
            text run at (0,-14) width 27: "HIT"
        KCanvasItem {rect} at (496,382) size 56x56 [stroke={[type=SOLID] [color=#0000FF] [stroke width=6.00]}] [fill={[type=SOLID] [color=#FFA500]}] [data="M499.00,385.00L549.00,385.00L549.00,435.00L499.00,435.00"]
        RenderSVGText {text} at (504,405) size 800x18
          RenderSVGInlineText {#text} at (0,-14) size 27x18
            text run at (0,-14) width 27: "HIT"
        RenderSVGText {text} at (504,425) size 800x18
          RenderSVGInlineText {#text} at (0,-14) size 27x18
            text run at (0,-14) width 27: "HIT"
        RenderSVGText {text} at (0,472) size 800x18
          RenderSVGInlineText {#text} at (0,-14) size 38x18
            text run at (0,-14) width 38: "stroke"
        KCanvasItem {rect} at (100,442) size 50x50 [data="M100.00,442.00L150.00,442.00L150.00,492.00L100.00,492.00"]
        RenderSVGText {text} at (105,462) size 800x18
          RenderSVGInlineText {#text} at (0,-14) size 27x18
            text run at (0,-14) width 27: "HIT"
        RenderSVGText {text} at (105,482) size 800x18
          RenderSVGInlineText {#text} at (0,-14) size 27x18
            text run at (0,-14) width 27: "HIT"
        KCanvasItem {rect} at (154,439) size 56x56 [stroke={[type=SOLID] [color=#0000FF] [stroke width=6.00]}] [data="M157.00,442.00L207.00,442.00L207.00,492.00L157.00,492.00"]
        RenderSVGText {text} at (162,462) size 800x18
          RenderSVGInlineText {#text} at (0,-14) size 27x18
            text run at (0,-14) width 27: "HIT"
        RenderSVGText {text} at (162,482) size 800x18
          RenderSVGInlineText {#text} at (0,-14) size 27x18
            text run at (0,-14) width 27: "HIT"
        KCanvasItem {rect} at (214,442) size 50x50 [fill={[type=SOLID] [color=#FFA500]}] [data="M214.00,442.00L264.00,442.00L264.00,492.00L214.00,492.00"]
        RenderSVGText {text} at (219,462) size 800x18
          RenderSVGInlineText {#text} at (0,-14) size 27x18
            text run at (0,-14) width 27: "HIT"
        RenderSVGText {text} at (219,482) size 800x18
          RenderSVGInlineText {#text} at (0,-14) size 27x18
            text run at (0,-14) width 27: "HIT"
        KCanvasItem {rect} at (268,439) size 56x56 [stroke={[type=SOLID] [color=#0000FF] [stroke width=6.00]}] [fill={[type=SOLID] [color=#FFA500]}] [data="M271.00,442.00L321.00,442.00L321.00,492.00L271.00,492.00"]
        RenderSVGText {text} at (276,462) size 800x18
          RenderSVGInlineText {#text} at (0,-14) size 27x18
            text run at (0,-14) width 27: "HIT"
        RenderSVGText {text} at (276,482) size 800x18
          RenderSVGInlineText {#text} at (0,-14) size 27x18
            text run at (0,-14) width 27: "HIT"
        KCanvasItem {rect} at (328,442) size 50x50 [data="M328.00,442.00L378.00,442.00L378.00,492.00L328.00,492.00"]
        RenderSVGText {text} at (333,462) size 800x18
          RenderSVGInlineText {#text} at (0,-14) size 27x18
            text run at (0,-14) width 27: "HIT"
        RenderSVGText {text} at (333,482) size 800x18
          RenderSVGInlineText {#text} at (0,-14) size 27x18
            text run at (0,-14) width 27: "HIT"
        KCanvasItem {rect} at (382,439) size 56x56 [stroke={[type=SOLID] [color=#0000FF] [stroke width=6.00]}] [data="M385.00,442.00L435.00,442.00L435.00,492.00L385.00,492.00"]
        RenderSVGText {text} at (390,462) size 800x18
          RenderSVGInlineText {#text} at (0,-14) size 27x18
            text run at (0,-14) width 27: "HIT"
        RenderSVGText {text} at (390,482) size 800x18
          RenderSVGInlineText {#text} at (0,-14) size 27x18
            text run at (0,-14) width 27: "HIT"
        KCanvasItem {rect} at (442,442) size 50x50 [fill={[type=SOLID] [color=#FFA500]}] [data="M442.00,442.00L492.00,442.00L492.00,492.00L442.00,492.00"]
        RenderSVGText {text} at (447,462) size 800x18
          RenderSVGInlineText {#text} at (0,-14) size 27x18
            text run at (0,-14) width 27: "HIT"
        RenderSVGText {text} at (447,482) size 800x18
          RenderSVGInlineText {#text} at (0,-14) size 27x18
            text run at (0,-14) width 27: "HIT"
        KCanvasItem {rect} at (496,439) size 56x56 [stroke={[type=SOLID] [color=#0000FF] [stroke width=6.00]}] [fill={[type=SOLID] [color=#FFA500]}] [data="M499.00,442.00L549.00,442.00L549.00,492.00L499.00,492.00"]
        RenderSVGText {text} at (504,462) size 800x18
          RenderSVGInlineText {#text} at (0,-14) size 27x18
            text run at (0,-14) width 27: "HIT"
        RenderSVGText {text} at (504,482) size 800x18
          RenderSVGInlineText {#text} at (0,-14) size 27x18
            text run at (0,-14) width 27: "HIT"
        RenderSVGText {text} at (0,529) size 800x18
          RenderSVGInlineText {#text} at (0,-14) size 15x18
            text run at (0,-14) width 15: "all"
        KCanvasItem {rect} at (100,499) size 50x50 [data="M100.00,499.00L150.00,499.00L150.00,549.00L100.00,549.00"]
        RenderSVGText {text} at (105,519) size 800x18
          RenderSVGInlineText {#text} at (0,-14) size 27x18
            text run at (0,-14) width 27: "HIT"
        RenderSVGText {text} at (105,539) size 800x18
          RenderSVGInlineText {#text} at (0,-14) size 27x18
            text run at (0,-14) width 27: "HIT"
        KCanvasItem {rect} at (154,496) size 56x56 [stroke={[type=SOLID] [color=#0000FF] [stroke width=6.00]}] [data="M157.00,499.00L207.00,499.00L207.00,549.00L157.00,549.00"]
        RenderSVGText {text} at (162,519) size 800x18
          RenderSVGInlineText {#text} at (0,-14) size 27x18
            text run at (0,-14) width 27: "HIT"
        RenderSVGText {text} at (162,539) size 800x18
          RenderSVGInlineText {#text} at (0,-14) size 27x18
            text run at (0,-14) width 27: "HIT"
        KCanvasItem {rect} at (214,499) size 50x50 [fill={[type=SOLID] [color=#FFA500]}] [data="M214.00,499.00L264.00,499.00L264.00,549.00L214.00,549.00"]
        RenderSVGText {text} at (219,519) size 800x18
          RenderSVGInlineText {#text} at (0,-14) size 27x18
            text run at (0,-14) width 27: "HIT"
        RenderSVGText {text} at (219,539) size 800x18
          RenderSVGInlineText {#text} at (0,-14) size 27x18
            text run at (0,-14) width 27: "HIT"
        KCanvasItem {rect} at (268,496) size 56x56 [stroke={[type=SOLID] [color=#0000FF] [stroke width=6.00]}] [fill={[type=SOLID] [color=#FFA500]}] [data="M271.00,499.00L321.00,499.00L321.00,549.00L271.00,549.00"]
        RenderSVGText {text} at (276,519) size 800x18
          RenderSVGInlineText {#text} at (0,-14) size 27x18
            text run at (0,-14) width 27: "HIT"
        RenderSVGText {text} at (276,539) size 800x18
          RenderSVGInlineText {#text} at (0,-14) size 27x18
            text run at (0,-14) width 27: "HIT"
        KCanvasItem {rect} at (328,499) size 50x50 [data="M328.00,499.00L378.00,499.00L378.00,549.00L328.00,549.00"]
        RenderSVGText {text} at (333,519) size 800x18
          RenderSVGInlineText {#text} at (0,-14) size 27x18
            text run at (0,-14) width 27: "HIT"
        RenderSVGText {text} at (333,539) size 800x18
          RenderSVGInlineText {#text} at (0,-14) size 27x18
            text run at (0,-14) width 27: "HIT"
        KCanvasItem {rect} at (382,496) size 56x56 [stroke={[type=SOLID] [color=#0000FF] [stroke width=6.00]}] [data="M385.00,499.00L435.00,499.00L435.00,549.00L385.00,549.00"]
        RenderSVGText {text} at (390,519) size 800x18
          RenderSVGInlineText {#text} at (0,-14) size 27x18
            text run at (0,-14) width 27: "HIT"
        RenderSVGText {text} at (390,539) size 800x18
          RenderSVGInlineText {#text} at (0,-14) size 27x18
            text run at (0,-14) width 27: "HIT"
        KCanvasItem {rect} at (442,499) size 50x50 [fill={[type=SOLID] [color=#FFA500]}] [data="M442.00,499.00L492.00,499.00L492.00,549.00L442.00,549.00"]
        RenderSVGText {text} at (447,519) size 800x18
          RenderSVGInlineText {#text} at (0,-14) size 27x18
            text run at (0,-14) width 27: "HIT"
        RenderSVGText {text} at (447,539) size 800x18
          RenderSVGInlineText {#text} at (0,-14) size 27x18
            text run at (0,-14) width 27: "HIT"
        KCanvasItem {rect} at (496,496) size 56x56 [stroke={[type=SOLID] [color=#0000FF] [stroke width=6.00]}] [fill={[type=SOLID] [color=#FFA500]}] [data="M499.00,499.00L549.00,499.00L549.00,549.00L499.00,549.00"]
        RenderSVGText {text} at (504,519) size 800x18
          RenderSVGInlineText {#text} at (0,-14) size 27x18
            text run at (0,-14) width 27: "HIT"
        RenderSVGText {text} at (504,539) size 800x18
          RenderSVGInlineText {#text} at (0,-14) size 27x18
            text run at (0,-14) width 27: "HIT"
        RenderSVGText {text} at (0,586) size 800x18
          RenderSVGInlineText {#text} at (0,-14) size 31x18
            text run at (0,-14) width 31: "none"
        KCanvasItem {rect} at (100,556) size 50x50 [data="M100.00,556.00L150.00,556.00L150.00,606.00L100.00,606.00"]
        RenderSVGText {text} at (105,576) size 800x18
          RenderSVGInlineText {#text} at (0,-14) size 28x18
            text run at (0,-14) width 28: "miss"
        RenderSVGText {text} at (105,596) size 800x18
          RenderSVGInlineText {#text} at (0,-14) size 28x18
            text run at (0,-14) width 28: "miss"
        KCanvasItem {rect} at (154,553) size 56x56 [stroke={[type=SOLID] [color=#0000FF] [stroke width=6.00]}] [data="M157.00,556.00L207.00,556.00L207.00,606.00L157.00,606.00"]
        RenderSVGText {text} at (162,576) size 800x18
          RenderSVGInlineText {#text} at (0,-14) size 28x18
            text run at (0,-14) width 28: "miss"
        RenderSVGText {text} at (162,596) size 800x18
          RenderSVGInlineText {#text} at (0,-14) size 28x18
            text run at (0,-14) width 28: "miss"
        KCanvasItem {rect} at (214,556) size 50x50 [fill={[type=SOLID] [color=#FFA500]}] [data="M214.00,556.00L264.00,556.00L264.00,606.00L214.00,606.00"]
        RenderSVGText {text} at (219,576) size 800x18
          RenderSVGInlineText {#text} at (0,-14) size 28x18
            text run at (0,-14) width 28: "miss"
        RenderSVGText {text} at (219,596) size 800x18
          RenderSVGInlineText {#text} at (0,-14) size 28x18
            text run at (0,-14) width 28: "miss"
        KCanvasItem {rect} at (268,553) size 56x56 [stroke={[type=SOLID] [color=#0000FF] [stroke width=6.00]}] [fill={[type=SOLID] [color=#FFA500]}] [data="M271.00,556.00L321.00,556.00L321.00,606.00L271.00,606.00"]
        RenderSVGText {text} at (276,576) size 800x18
          RenderSVGInlineText {#text} at (0,-14) size 28x18
            text run at (0,-14) width 28: "miss"
        RenderSVGText {text} at (276,596) size 800x18
          RenderSVGInlineText {#text} at (0,-14) size 28x18
            text run at (0,-14) width 28: "miss"
        KCanvasItem {rect} at (328,556) size 50x50 [data="M328.00,556.00L378.00,556.00L378.00,606.00L328.00,606.00"]
        RenderSVGText {text} at (333,576) size 800x18
          RenderSVGInlineText {#text} at (0,-14) size 28x18
            text run at (0,-14) width 28: "miss"
        RenderSVGText {text} at (333,596) size 800x18
          RenderSVGInlineText {#text} at (0,-14) size 28x18
            text run at (0,-14) width 28: "miss"
        KCanvasItem {rect} at (382,553) size 56x56 [stroke={[type=SOLID] [color=#0000FF] [stroke width=6.00]}] [data="M385.00,556.00L435.00,556.00L435.00,606.00L385.00,606.00"]
        RenderSVGText {text} at (390,576) size 800x18
          RenderSVGInlineText {#text} at (0,-14) size 28x18
            text run at (0,-14) width 28: "miss"
        RenderSVGText {text} at (390,596) size 800x18
          RenderSVGInlineText {#text} at (0,-14) size 28x18
            text run at (0,-14) width 28: "miss"
        KCanvasItem {rect} at (442,556) size 50x50 [fill={[type=SOLID] [color=#FFA500]}] [data="M442.00,556.00L492.00,556.00L492.00,606.00L442.00,606.00"]
        RenderSVGText {text} at (447,576) size 800x18
          RenderSVGInlineText {#text} at (0,-14) size 28x18
            text run at (0,-14) width 28: "miss"
        RenderSVGText {text} at (447,596) size 800x18
          RenderSVGInlineText {#text} at (0,-14) size 28x18
            text run at (0,-14) width 28: "miss"
        KCanvasItem {rect} at (496,553) size 56x56 [stroke={[type=SOLID] [color=#0000FF] [stroke width=6.00]}] [fill={[type=SOLID] [color=#FFA500]}] [data="M499.00,556.00L549.00,556.00L549.00,606.00L499.00,606.00"]
        RenderSVGText {text} at (504,576) size 800x18
          RenderSVGInlineText {#text} at (0,-14) size 28x18
            text run at (0,-14) width 28: "miss"
        RenderSVGText {text} at (504,596) size 800x18
          RenderSVGInlineText {#text} at (0,-14) size 28x18
            text run at (0,-14) width 28: "miss"
selection start: position 0 of child 0 {#text} of child 5 {text} of child 0 {svg} of document
selection end:   position 0 of child 7 {text} of child 0 {svg} of document
