KCanvasResource {id="mark" [type=MARKER] [angle=0.00] [ref x=4.00 y=4.00]}
layer at (0,0) size 800x600
  RenderView at (0,0) size 800x600
    RenderSVGContainer {svg} at (-0.83,10) size 622.50x275.20
      RenderSVGHiddenContainer {defs} at (0,0) size 0x0
        RenderSVGContainer {marker} at (0.19,0.19) size 2.62x2.62
          RenderPath {circle} at (0.19,0.19) size 2.62x2.62 [stroke={[type=SOLID] [color=#FF0000]}] [data="M7.00,4.00L6.99,4.19L6.98,4.38L6.95,4.56L6.91,4.75L6.85,4.93L6.79,5.10L6.71,5.28L6.63,5.45L6.53,5.61L6.43,5.76L6.31,5.91L6.19,6.05L6.05,6.19L5.91,6.31L5.76,6.43L5.61,6.53L5.45,6.63L5.28,6.71L5.10,6.79L4.93,6.85L4.75,6.91L4.56,6.95L4.38,6.98L4.19,6.99L4.00,7.00L3.81,6.99L3.62,6.98L3.44,6.95L3.25,6.91L3.07,6.85L2.90,6.79L2.72,6.71L2.55,6.63L2.39,6.53L2.24,6.43L2.09,6.31L1.95,6.19L1.81,6.05L1.69,5.91L1.57,5.76L1.47,5.61L1.37,5.45L1.29,5.28L1.21,5.10L1.15,4.93L1.09,4.75L1.05,4.56L1.02,4.38L1.01,4.19L1.00,4.00L1.01,3.81L1.02,3.62L1.05,3.44L1.09,3.25L1.15,3.07L1.21,2.90L1.29,2.72L1.37,2.55L1.47,2.39L1.57,2.24L1.69,2.09L1.81,1.95L1.95,1.81L2.09,1.69L2.24,1.57L2.39,1.47L2.55,1.37L2.72,1.29L2.90,1.21L3.07,1.15L3.25,1.09L3.44,1.05L3.62,1.02L3.81,1.01L4.00,1.00L4.19,1.01L4.38,1.02L4.56,1.05L4.75,1.09L4.93,1.15L5.10,1.21L5.28,1.29L5.45,1.37L5.61,1.47L5.76,1.57L5.91,1.69L6.05,1.81L6.19,1.95L6.31,2.09L6.43,2.24L6.53,2.39L6.63,2.55L6.71,2.72L6.79,2.90L6.85,3.07L6.91,3.25L6.95,3.44L6.98,3.62L6.99,3.81"]
      RenderSVGContainer {g} at (-0.83,10) size 622.50x275.20 [start marker=#mark] [middle marker=#mark] [end marker=#mark]
        RenderSVGText {text} at (0,20) size 800x18
          RenderSVGInlineText {#text} at (0,-14) size 373x18
            text run at (0,-14) width 373: "The first row of shapes should have no marker decorations,"
        RenderSVGText {text} at (0,40) size 800x18
          RenderSVGInlineText {#text} at (0,-14) size 215x18
            text run at (0,-14) width 215: "the second row should have them."
        RenderPath {rect} at (-0.83,82.50) size 85x85 [stroke={[type=SOLID] [color=#000000]}] [start marker=#mark] [middle marker=#mark] [end marker=#mark] [data="M0.00,50.00L50.00,50.00L50.00,100.00L0.00,100.00"]
        RenderPath {circle} at (90.83,84.17) size 85.00x85.00 [stroke={[type=SOLID] [color=#000000]}] [start marker=#mark] [middle marker=#mark] [end marker=#mark] [data="M105.00,76.00L104.95,77.57L104.80,79.13L104.56,80.68L104.21,82.22L103.78,83.73L103.24,85.20L102.62,86.64L101.91,88.04L101.11,89.40L100.23,90.69L99.26,91.94L98.22,93.11L97.11,94.22L95.94,95.26L94.69,96.23L93.40,97.11L92.04,97.91L90.64,98.62L89.20,99.24L87.73,99.78L86.22,100.21L84.68,100.56L83.13,100.80L81.57,100.95L80.00,101.00L78.43,100.95L76.87,100.80L75.32,100.56L73.78,100.21L72.27,99.78L70.80,99.24L69.36,98.62L67.96,97.91L66.60,97.11L65.31,96.23L64.06,95.26L62.89,94.22L61.78,93.11L60.74,91.94L59.77,90.69L58.89,89.40L58.09,88.04L57.38,86.64L56.76,85.20L56.22,83.73L55.79,82.22L55.44,80.68L55.20,79.13L55.05,77.57L55.00,76.00L55.05,74.43L55.20,72.87L55.44,71.32L55.79,69.78L56.22,68.27L56.76,66.80L57.38,65.36L58.09,63.96L58.89,62.60L59.77,61.31L60.74,60.06L61.78,58.89L62.89,57.78L64.06,56.74L65.31,55.77L66.60,54.89L67.96,54.09L69.36,53.38L70.80,52.76L72.27,52.22L73.78,51.79L75.32,51.44L76.87,51.20L78.43,51.05L80.00,51.00L81.57,51.05L83.13,51.20L84.68,51.44L86.22,51.79L87.73,52.22L89.20,52.76L90.64,53.38L92.04,54.09L93.40,54.89L94.69,55.77L95.94,56.74L97.11,57.78L98.22,58.89L99.26,60.06L100.23,61.31L101.11,62.60L101.91,63.96L102.62,65.36L103.24,66.80L103.78,68.27L104.21,69.78L104.56,71.32L104.80,72.87L104.95,74.43"]
        RenderPath {ellipse} at (182.50,84.17) size 101.67x85.00 [stroke={[type=SOLID] [color=#000000]}] [start marker=#mark] [middle marker=#mark] [end marker=#mark] [data="M170.00,76.00L169.94,77.57L169.76,79.13L169.47,80.68L169.06,82.22L168.53,83.73L167.89,85.20L167.14,86.64L166.29,88.04L165.33,89.40L164.27,90.69L163.12,91.94L161.87,93.11L160.54,94.22L159.12,95.26L157.63,96.23L156.07,97.11L154.45,97.91L152.77,98.62L151.04,99.24L149.27,99.78L147.46,100.21L145.62,100.56L143.76,100.80L141.88,100.95L140.00,101.00L138.12,100.95L136.24,100.80L134.38,100.56L132.54,100.21L130.73,99.78L128.96,99.24L127.23,98.62L125.55,97.91L123.93,97.11L122.37,96.23L120.88,95.26L119.46,94.22L118.13,93.11L116.88,91.94L115.73,90.69L114.67,89.40L113.71,88.04L112.86,86.64L112.11,85.20L111.47,83.73L110.94,82.22L110.53,80.68L110.24,79.13L110.06,77.57L110.00,76.00L110.06,74.43L110.24,72.87L110.53,71.32L110.94,69.78L111.47,68.27L112.11,66.80L112.86,65.36L113.71,63.96L114.67,62.60L115.73,61.31L116.88,60.06L118.13,58.89L119.46,57.78L120.88,56.74L122.37,55.77L123.93,54.89L125.55,54.09L127.23,53.38L128.96,52.76L130.73,52.22L132.54,51.79L134.38,51.44L136.24,51.20L138.12,51.05L140.00,51.00L141.88,51.05L143.76,51.20L145.62,51.44L147.46,51.79L149.27,52.22L151.04,52.76L152.77,53.38L154.45,54.09L156.07,54.89L157.63,55.77L159.12,56.74L160.54,57.78L161.87,58.89L163.12,60.06L164.27,61.31L165.33,62.60L166.29,63.96L167.14,65.36L167.89,66.80L168.53,68.27L169.06,69.78L169.47,71.32L169.76,72.87L169.94,74.43"]
        RenderPath {line} at (-0.83,200) size 1.67x83.33 [stroke={[type=SOLID] [color=#000000]}] [start marker=#mark] [middle marker=#mark] [end marker=#mark] [data="M0.00,120.00L0.00,170.00"]
        RenderPath {polyline} at (50,199.17) size 84.68x84.54 [stroke={[type=SOLID] [color=#000000]}] [start marker=#mark] [middle marker=#mark] [end marker=#mark] [data="M30.00,120.00L80.00,120.00L55.00,170.00"]
        RenderPath {polygon} at (165.32,199.17) size 86.03x86.03 [stroke={[type=SOLID] [color=#000000]}] [start marker=#mark] [middle marker=#mark] [end marker=#mark] [data="M100.00,120.00L150.00,120.00L125.00,170.00"]
        RenderPath {path} at (282.50,199.17) size 85.52x85 [stroke={[type=SOLID] [color=#000000]}] [start marker=#mark] [middle marker=#mark] [end marker=#mark] [data="M170.00,120.00L220.00,120.00L195.00,170.00C185.00,170.00,170.00,140.00,170.00,120.00"]
