layer at (0,0) size 480x360
  RenderCanvas at (0,0) size 480x360
layer at (0,0) size 480x304
  RenderBlock {HTML} at (0,0) size 480x304
    RenderBody {BODY} at (8,16) size 464x272
      RenderBlock {P} at (0,0) size 464x18
        RenderText {TEXT} at (0,0) size 135x18
          text run at (0,0) width 135: "This is a test of CDF:"
      RenderBlock (anonymous) at (0,34) size 464x204
        KCanvasContainer {svg} at (8,50) size 200x200
          KCanvasItem {rect} at (8,50) size 200x200 [fill={[type=SOLID] [color=#0000FF]}] [data="M0.00,0.00L200.00,0.00L200.00,200.00L0.00,200.00"]
        RenderText {TEXT} at (0,0) size 0x0
      RenderBlock {P} at (0,254) size 464x18
        RenderText {TEXT} at (0,0) size 269x18
          text run at (0,0) width 269: "You should see an SVG image above this!"
