KCanvasResource {id="myclip" [type=CLIPPER] [clip data=[[winding=NON-ZERO] [path=M200.00,100.00L300.00,100.00L300.00,200.00L200.00,200.00]]]}
layer at (0,0) size 800x600
  RenderView at (0,0) size 800x600
    KCanvasContainer {svg} at (0,0) size 0x0
      KCanvasContainer {defs} at (0,0) size 0x0
      KCanvasContainer {g} at (0,0) size 0x0
        RenderSVGText {text} at (0,0) size 785x63
          RenderText {#text} at (0,0) size 133x63
            text run at (0,0) width 133: "PASS"
        RenderSVGText {text} at (0,0) size 785x63
          RenderText {#text} at (0,0) size 648x63
            text run at (0,0) width 648: "FAIL (should be clipped out)"
