layer at (0,0) size 800x600
  RenderView at (0,0) size 800x600
    KCanvasContainer {svg} at (140,84) size 172x72
      KCanvasContainer {g} at (140,84) size 172x72 [transform={m=((1.00,0.00)(0.00,1.00)) t=(10.00,10.00)}]
        KCanvasContainer {svg} at (140,84) size 172x72
          RenderSVGText {text} at (70,70) size 800x18
            RenderSVGInlineText {#text} at (0,-14) size 43x18
              text run at (0,-14) width 43: "Passed"
