KCanvasResource {id="myfilter" [type=FILTER]  [bounding box=at (-10.00%,-10.00%) size 120.00%x120.00%] [effects=[[type=GAUSSIAN-BLUR]  [subregion="at (0,0) size 800x600"] [std dev. x=3.00 y=3.00]]]}
layer at (0,0) size 800x600
  RenderView at (0,0) size 800x600
    KCanvasContainer {svg} at (0,0) size 0x0
      KCanvasContainer {defs} at (0,0) size 0x0
      RenderSVGText {text} at (0,0) size 800x63
        RenderText {#text} at (0,0) size 567x63
          text run at (0,0) width 567: "This text should be blury."
