layer at (0,0) size 800x600
  RenderView at (0,0) size 800x600
    RenderSVGContainer {svg} at (-0.10,-50.10) size 500.10x194.78
      RenderSVGContainer {defs} at (-0.10,-50.10) size 120.21x120.21
        RenderSVGContainer {g} at (-0.10,-50.10) size 120.21x120.21 [transform={m=((0.71,-0.71)(0.71,0.71)) t=(5.25,22.68)}]
          RenderPath {rect} at (3.43,-46.57) size 113.14x113.14 [stroke={[type=SOLID] [color=#000080] [stroke width=5.00]}] [fill={[type=SOLID] [color=#FF0000]}] [data="M0.00,0.00L60.00,0.00L60.00,10.00L0.00,10.00"]
          RenderPath {circle} at (31.72,-18.28) size 56.57x56.57 [opacity=0.50] [fill={[type=SOLID] [color=#008000]}] [data="M40.00,5.00L39.98,5.63L39.92,6.25L39.82,6.87L39.69,7.49L39.51,8.09L39.30,8.68L39.05,9.26L38.76,9.82L38.44,10.36L38.09,10.88L37.71,11.37L37.29,11.85L36.85,12.29L36.37,12.71L35.88,13.09L35.36,13.44L34.82,13.76L34.26,14.05L33.68,14.30L33.09,14.51L32.49,14.69L31.87,14.82L31.25,14.92L30.63,14.98L30.00,15.00L29.37,14.98L28.75,14.92L28.13,14.82L27.51,14.69L26.91,14.51L26.32,14.30L25.74,14.05L25.18,13.76L24.64,13.44L24.12,13.09L23.63,12.71L23.15,12.29L22.71,11.85L22.29,11.37L21.91,10.88L21.56,10.36L21.24,9.82L20.95,9.26L20.70,8.68L20.49,8.09L20.31,7.49L20.18,6.87L20.08,6.25L20.02,5.63L20.00,5.00L20.02,4.37L20.08,3.75L20.18,3.13L20.31,2.51L20.49,1.91L20.70,1.32L20.95,0.74L21.24,0.18L21.56,-0.36L21.91,-0.88L22.29,-1.37L22.71,-1.85L23.15,-2.29L23.63,-2.71L24.12,-3.09L24.64,-3.44L25.18,-3.76L25.74,-4.05L26.32,-4.30L26.91,-4.51L27.51,-4.69L28.13,-4.82L28.75,-4.92L29.37,-4.98L30.00,-5.00L30.63,-4.98L31.25,-4.92L31.87,-4.82L32.49,-4.69L33.09,-4.51L33.68,-4.30L34.26,-4.05L34.82,-3.76L35.36,-3.44L35.88,-3.09L36.37,-2.71L36.85,-2.29L37.29,-1.85L37.71,-1.37L38.09,-0.88L38.44,-0.36L38.76,0.18L39.05,0.74L39.30,1.32L39.51,1.91L39.69,2.51L39.82,3.13L39.92,3.75L39.98,4.37"]
      RenderSVGContainer {g} at (225.32,-24.68) size 169.35x169.35 [transform={m=((1.00,0.00)(0.00,1.00)) t=(125.00,25.00)}]
        RenderSVGContainer {g} at (225.32,-24.68) size 169.35x169.35 [transform={m=((0.77,0.64)(-0.64,0.77)) t=(10.23,-18.11)}]
          RenderSVGContainer {g} at (243.50,34.41) size 132.99x51.18 [transform={m=((0.71,-0.71)(0.71,0.71)) t=(5.25,22.68)}]
            RenderPath {rect} at (243.94,39.39) size 132.12x41.22 [stroke={[type=SOLID] [color=#000080] [stroke width=5.00]}] [fill={[type=SOLID] [color=#FF0000]}] [data="M0.00,0.00L60.00,0.00L60.00,10.00L0.00,10.00"]
            RenderPath {circle} at (288.33,38.33) size 43.33x43.33 [opacity=0.50] [fill={[type=SOLID] [color=#008000]}] [data="M40.00,5.00L39.98,5.63L39.92,6.25L39.82,6.87L39.69,7.49L39.51,8.09L39.30,8.68L39.05,9.26L38.76,9.82L38.44,10.36L38.09,10.88L37.71,11.37L37.29,11.85L36.85,12.29L36.37,12.71L35.88,13.09L35.36,13.44L34.82,13.76L34.26,14.05L33.68,14.30L33.09,14.51L32.49,14.69L31.87,14.82L31.25,14.92L30.63,14.98L30.00,15.00L29.37,14.98L28.75,14.92L28.13,14.82L27.51,14.69L26.91,14.51L26.32,14.30L25.74,14.05L25.18,13.76L24.64,13.44L24.12,13.09L23.63,12.71L23.15,12.29L22.71,11.85L22.29,11.37L21.91,10.88L21.56,10.36L21.24,9.82L20.95,9.26L20.70,8.68L20.49,8.09L20.31,7.49L20.18,6.87L20.08,6.25L20.02,5.63L20.00,5.00L20.02,4.37L20.08,3.75L20.18,3.13L20.31,2.51L20.49,1.91L20.70,1.32L20.95,0.74L21.24,0.18L21.56,-0.36L21.91,-0.88L22.29,-1.37L22.71,-1.85L23.15,-2.29L23.63,-2.71L24.12,-3.09L24.64,-3.44L25.18,-3.76L25.74,-4.05L26.32,-4.30L26.91,-4.51L27.51,-4.69L28.13,-4.82L28.75,-4.92L29.37,-4.98L30.00,-5.00L30.63,-4.98L31.25,-4.92L31.87,-4.82L32.49,-4.69L33.09,-4.51L33.68,-4.30L34.26,-4.05L34.82,-3.76L35.36,-3.44L35.88,-3.09L36.37,-2.71L36.85,-2.29L37.29,-1.85L37.71,-1.37L38.09,-0.88L38.44,-0.36L38.76,0.18L39.05,0.74L39.30,1.32L39.51,1.91L39.69,2.51L39.82,3.13L39.92,3.75L39.98,4.37"]
      RenderSVGText {text} at (10,60) size 800x18
        RenderSVGInlineText {#text} at (0,-14) size 240x18
          text run at (0,-14) width 240: "The two objects should look identical."
      RenderSVGContainer {g} at (25.32,-24.68) size 169.35x169.35 [transform={m=((0.77,0.64)(-0.64,0.77)) t=(32.15,-28.33)}]
        RenderSVGContainer {use} at (25.32,-24.68) size 169.35x169.35
          RenderSVGContainer {g} at (25.32,-24.68) size 169.35x169.35 [transform={m=((1.00,0.00)(0.00,1.00)) t=(25.00,25.00)}]
            RenderSVGContainer {g} at (43.50,34.41) size 132.99x51.18 [transform={m=((0.71,-0.71)(0.71,0.71)) t=(5.25,22.68)}]
              RenderPath {rect} at (43.94,39.39) size 132.12x41.22 [stroke={[type=SOLID] [color=#000080] [stroke width=5.00]}] [fill={[type=SOLID] [color=#FF0000]}] [data="M0.00,0.00L60.00,0.00L60.00,10.00L0.00,10.00"]
              RenderPath {circle} at (88.33,38.33) size 43.33x43.33 [opacity=0.50] [fill={[type=SOLID] [color=#008000]}] [data="M40.00,5.00L39.98,5.63L39.92,6.25L39.82,6.87L39.69,7.49L39.51,8.09L39.30,8.68L39.05,9.26L38.76,9.82L38.44,10.36L38.09,10.88L37.71,11.37L37.29,11.85L36.85,12.29L36.37,12.71L35.88,13.09L35.36,13.44L34.82,13.76L34.26,14.05L33.68,14.30L33.09,14.51L32.49,14.69L31.87,14.82L31.25,14.92L30.63,14.98L30.00,15.00L29.37,14.98L28.75,14.92L28.13,14.82L27.51,14.69L26.91,14.51L26.32,14.30L25.74,14.05L25.18,13.76L24.64,13.44L24.12,13.09L23.63,12.71L23.15,12.29L22.71,11.85L22.29,11.37L21.91,10.88L21.56,10.36L21.24,9.82L20.95,9.26L20.70,8.68L20.49,8.09L20.31,7.49L20.18,6.87L20.08,6.25L20.02,5.63L20.00,5.00L20.02,4.37L20.08,3.75L20.18,3.13L20.31,2.51L20.49,1.91L20.70,1.32L20.95,0.74L21.24,0.18L21.56,-0.36L21.91,-0.88L22.29,-1.37L22.71,-1.85L23.15,-2.29L23.63,-2.71L24.12,-3.09L24.64,-3.44L25.18,-3.76L25.74,-4.05L26.32,-4.30L26.91,-4.51L27.51,-4.69L28.13,-4.82L28.75,-4.92L29.37,-4.98L30.00,-5.00L30.63,-4.98L31.25,-4.92L31.87,-4.82L32.49,-4.69L33.09,-4.51L33.68,-4.30L34.26,-4.05L34.82,-3.76L35.36,-3.44L35.88,-3.09L36.37,-2.71L36.85,-2.29L37.29,-1.85L37.71,-1.37L38.09,-0.88L38.44,-0.36L38.76,0.18L39.05,0.74L39.30,1.32L39.51,1.91L39.69,2.51L39.82,3.13L39.92,3.75L39.98,4.37"]
