layer at (0,0) size 800x600
  RenderView at (0,0) size 800x600
    RenderSVGContainer {svg} at (20,92) size 278x36
      RenderSVGHiddenContainer {defs} at (0,0) size 0x0
        RenderSVGContainer {g} at (0,0) size 0x0
        RenderSVGContainer {g} at (-2.50,-2.50) size 65x15
          RenderPath {rect} at (-2.50,-2.50) size 65x15 [stroke={[type=SOLID] [color=#000080] [stroke width=5.00]}] [fill={[type=SOLID] [color=#FF0000]}] [data="M0.00,0.00L60.00,0.00L60.00,10.00L0.00,10.00"]
      RenderSVGText {text} at (10,60) size 800x18
        RenderSVGInlineText {#text} at (0,-14) size 139x18
          text run at (0,-14) width 139: "This should not crash."
