layer at (0,0) size 800x600
  RenderView at (0,0) size 800x600
    RenderSVGContainer {svg} at (20,40) size 480x88
      RenderSVGHiddenContainer {defs} at (0,0) size 0x0
        RenderSVGContainer {g} at (20,-5) size 20x20
          RenderPath {circle} at (20,-5) size 20x20 [opacity=0.50] [fill={[type=SOLID] [color=#008000]}] [data="M40.00,5.00L39.98,5.63L39.92,6.25L39.82,6.87L39.69,7.49L39.51,8.09L39.30,8.68L39.05,9.26L38.76,9.82L38.44,10.36L38.09,10.88L37.71,11.37L37.29,11.85L36.85,12.29L36.37,12.71L35.88,13.09L35.36,13.44L34.82,13.76L34.26,14.05L33.68,14.30L33.09,14.51L32.49,14.69L31.87,14.82L31.25,14.92L30.63,14.98L30.00,15.00L29.37,14.98L28.75,14.92L28.13,14.82L27.51,14.69L26.91,14.51L26.32,14.30L25.74,14.05L25.18,13.76L24.64,13.44L24.12,13.09L23.63,12.71L23.15,12.29L22.71,11.85L22.29,11.37L21.91,10.88L21.56,10.36L21.24,9.82L20.95,9.26L20.70,8.68L20.49,8.09L20.31,7.49L20.18,6.87L20.08,6.25L20.02,5.63L20.00,5.00L20.02,4.37L20.08,3.75L20.18,3.13L20.31,2.51L20.49,1.91L20.70,1.32L20.95,0.74L21.24,0.18L21.56,-0.36L21.91,-0.88L22.29,-1.37L22.71,-1.85L23.15,-2.29L23.63,-2.71L24.12,-3.09L24.64,-3.44L25.18,-3.76L25.74,-4.05L26.32,-4.30L26.91,-4.51L27.51,-4.69L28.13,-4.82L28.75,-4.92L29.37,-4.98L30.00,-5.00L30.63,-4.98L31.25,-4.92L31.87,-4.82L32.49,-4.69L33.09,-4.51L33.68,-4.30L34.26,-4.05L34.82,-3.76L35.36,-3.44L35.88,-3.09L36.37,-2.71L36.85,-2.29L37.29,-1.85L37.71,-1.37L38.09,-0.88L38.44,-0.36L38.76,0.18L39.05,0.74L39.30,1.32L39.51,1.91L39.69,2.51L39.82,3.13L39.92,3.75L39.98,4.37"]
        RenderSVGContainer {g} at (-2.50,-5) size 65x20
          RenderPath {rect} at (-2.50,-2.50) size 65x15 [stroke={[type=SOLID] [color=#000080] [stroke width=5.00]}] [fill={[type=SOLID] [color=#FF0000]}] [data="M0.00,0.00L60.00,0.00L60.00,10.00L0.00,10.00"]
          RenderSVGContainer {use} at (20,-5) size 20x20
            RenderSVGContainer {g} at (20,-5) size 20x20
              RenderSVGContainer {g} at (20,-5) size 20x20
                RenderPath {circle} at (20,-5) size 20x20 [opacity=0.50] [fill={[type=SOLID] [color=#008000]}] [data="M40.00,5.00L39.98,5.63L39.92,6.25L39.82,6.87L39.69,7.49L39.51,8.09L39.30,8.68L39.05,9.26L38.76,9.82L38.44,10.36L38.09,10.88L37.71,11.37L37.29,11.85L36.85,12.29L36.37,12.71L35.88,13.09L35.36,13.44L34.82,13.76L34.26,14.05L33.68,14.30L33.09,14.51L32.49,14.69L31.87,14.82L31.25,14.92L30.63,14.98L30.00,15.00L29.37,14.98L28.75,14.92L28.13,14.82L27.51,14.69L26.91,14.51L26.32,14.30L25.74,14.05L25.18,13.76L24.64,13.44L24.12,13.09L23.63,12.71L23.15,12.29L22.71,11.85L22.29,11.37L21.91,10.88L21.56,10.36L21.24,9.82L20.95,9.26L20.70,8.68L20.49,8.09L20.31,7.49L20.18,6.87L20.08,6.25L20.02,5.63L20.00,5.00L20.02,4.37L20.08,3.75L20.18,3.13L20.31,2.51L20.49,1.91L20.70,1.32L20.95,0.74L21.24,0.18L21.56,-0.36L21.91,-0.88L22.29,-1.37L22.71,-1.85L23.15,-2.29L23.63,-2.71L24.12,-3.09L24.64,-3.44L25.18,-3.76L25.74,-4.05L26.32,-4.30L26.91,-4.51L27.51,-4.69L28.13,-4.82L28.75,-4.92L29.37,-4.98L30.00,-5.00L30.63,-4.98L31.25,-4.92L31.87,-4.82L32.49,-4.69L33.09,-4.51L33.68,-4.30L34.26,-4.05L34.82,-3.76L35.36,-3.44L35.88,-3.09L36.37,-2.71L36.85,-2.29L37.29,-1.85L37.71,-1.37L38.09,-0.88L38.44,-0.36L38.76,0.18L39.05,0.74L39.30,1.32L39.51,1.91L39.69,2.51L39.82,3.13L39.92,3.75L39.98,4.37"]
          RenderPath {circle} at (25,0) size 10x10 [opacity=0.50] [fill={[type=SOLID] [color=#FFFF00]}] [data="M35.00,5.00L34.99,5.31L34.96,5.63L34.91,5.94L34.84,6.24L34.76,6.55L34.65,6.84L34.52,7.13L34.38,7.41L34.22,7.68L34.05,7.94L33.85,8.19L33.64,8.42L33.42,8.64L33.19,8.85L32.94,9.05L32.68,9.22L32.41,9.38L32.13,9.52L31.84,9.65L31.55,9.76L31.24,9.84L30.94,9.91L30.63,9.96L30.31,9.99L30.00,10.00L29.69,9.99L29.37,9.96L29.06,9.91L28.76,9.84L28.45,9.76L28.16,9.65L27.87,9.52L27.59,9.38L27.32,9.22L27.06,9.05L26.81,8.85L26.58,8.64L26.36,8.42L26.15,8.19L25.95,7.94L25.78,7.68L25.62,7.41L25.48,7.13L25.35,6.84L25.24,6.55L25.16,6.24L25.09,5.94L25.04,5.63L25.01,5.31L25.00,5.00L25.01,4.69L25.04,4.37L25.09,4.06L25.16,3.76L25.24,3.45L25.35,3.16L25.48,2.87L25.62,2.59L25.78,2.32L25.95,2.06L26.15,1.81L26.36,1.58L26.58,1.36L26.81,1.15L27.06,0.95L27.32,0.78L27.59,0.62L27.87,0.48L28.16,0.35L28.45,0.24L28.76,0.16L29.06,0.09L29.37,0.04L29.69,0.01L30.00,0.00L30.31,0.01L30.63,0.04L30.94,0.09L31.24,0.16L31.55,0.24L31.84,0.35L32.13,0.48L32.41,0.62L32.68,0.78L32.94,0.95L33.19,1.15L33.42,1.36L33.64,1.58L33.85,1.81L34.05,2.06L34.22,2.32L34.38,2.59L34.52,2.87L34.65,3.16L34.76,3.45L34.84,3.76L34.91,4.06L34.96,4.37L34.99,4.69"]
        RenderSVGContainer {use} at (-2.50,-5) size 65x20
          RenderSVGContainer {g} at (-2.50,-5) size 65x20
            RenderSVGContainer {g} at (-2.50,-5) size 65x20
              RenderPath {rect} at (-2.50,-2.50) size 65x15 [stroke={[type=SOLID] [color=#000080] [stroke width=5.00]}] [fill={[type=SOLID] [color=#FF0000]}] [data="M0.00,0.00L60.00,0.00L60.00,10.00L0.00,10.00"]
              RenderSVGContainer {g} at (20,-5) size 20x20
                RenderSVGContainer {g} at (20,-5) size 20x20
                  RenderPath {circle} at (20,-5) size 20x20 [opacity=0.50] [fill={[type=SOLID] [color=#008000]}] [data="M40.00,5.00L39.98,5.63L39.92,6.25L39.82,6.87L39.69,7.49L39.51,8.09L39.30,8.68L39.05,9.26L38.76,9.82L38.44,10.36L38.09,10.88L37.71,11.37L37.29,11.85L36.85,12.29L36.37,12.71L35.88,13.09L35.36,13.44L34.82,13.76L34.26,14.05L33.68,14.30L33.09,14.51L32.49,14.69L31.87,14.82L31.25,14.92L30.63,14.98L30.00,15.00L29.37,14.98L28.75,14.92L28.13,14.82L27.51,14.69L26.91,14.51L26.32,14.30L25.74,14.05L25.18,13.76L24.64,13.44L24.12,13.09L23.63,12.71L23.15,12.29L22.71,11.85L22.29,11.37L21.91,10.88L21.56,10.36L21.24,9.82L20.95,9.26L20.70,8.68L20.49,8.09L20.31,7.49L20.18,6.87L20.08,6.25L20.02,5.63L20.00,5.00L20.02,4.37L20.08,3.75L20.18,3.13L20.31,2.51L20.49,1.91L20.70,1.32L20.95,0.74L21.24,0.18L21.56,-0.36L21.91,-0.88L22.29,-1.37L22.71,-1.85L23.15,-2.29L23.63,-2.71L24.12,-3.09L24.64,-3.44L25.18,-3.76L25.74,-4.05L26.32,-4.30L26.91,-4.51L27.51,-4.69L28.13,-4.82L28.75,-4.92L29.37,-4.98L30.00,-5.00L30.63,-4.98L31.25,-4.92L31.87,-4.82L32.49,-4.69L33.09,-4.51L33.68,-4.30L34.26,-4.05L34.82,-3.76L35.36,-3.44L35.88,-3.09L36.37,-2.71L36.85,-2.29L37.29,-1.85L37.71,-1.37L38.09,-0.88L38.44,-0.36L38.76,0.18L39.05,0.74L39.30,1.32L39.51,1.91L39.69,2.51L39.82,3.13L39.92,3.75L39.98,4.37"]
              RenderPath {circle} at (25,0) size 10x10 [opacity=0.50] [fill={[type=SOLID] [color=#FFFF00]}] [data="M35.00,5.00L34.99,5.31L34.96,5.63L34.91,5.94L34.84,6.24L34.76,6.55L34.65,6.84L34.52,7.13L34.38,7.41L34.22,7.68L34.05,7.94L33.85,8.19L33.64,8.42L33.42,8.64L33.19,8.85L32.94,9.05L32.68,9.22L32.41,9.38L32.13,9.52L31.84,9.65L31.55,9.76L31.24,9.84L30.94,9.91L30.63,9.96L30.31,9.99L30.00,10.00L29.69,9.99L29.37,9.96L29.06,9.91L28.76,9.84L28.45,9.76L28.16,9.65L27.87,9.52L27.59,9.38L27.32,9.22L27.06,9.05L26.81,8.85L26.58,8.64L26.36,8.42L26.15,8.19L25.95,7.94L25.78,7.68L25.62,7.41L25.48,7.13L25.35,6.84L25.24,6.55L25.16,6.24L25.09,5.94L25.04,5.63L25.01,5.31L25.00,5.00L25.01,4.69L25.04,4.37L25.09,4.06L25.16,3.76L25.24,3.45L25.35,3.16L25.48,2.87L25.62,2.59L25.78,2.32L25.95,2.06L26.15,1.81L26.36,1.58L26.58,1.36L26.81,1.15L27.06,0.95L27.32,0.78L27.59,0.62L27.87,0.48L28.16,0.35L28.45,0.24L28.76,0.16L29.06,0.09L29.37,0.04L29.69,0.01L30.00,0.00L30.31,0.01L30.63,0.04L30.94,0.09L31.24,0.16L31.55,0.24L31.84,0.35L32.13,0.48L32.41,0.62L32.68,0.78L32.94,0.95L33.19,1.15L33.42,1.36L33.64,1.58L33.85,1.81L34.05,2.06L34.22,2.32L34.38,2.59L34.52,2.87L34.65,3.16L34.76,3.45L34.84,3.76L34.91,4.06L34.96,4.37L34.99,4.69"]
      RenderSVGContainer {g} at (245,40) size 130x40 [transform={m=((1.00,0.00)(0.00,1.00)) t=(125.00,25.00)}]
        RenderSVGContainer {g} at (245,40) size 130x40
          RenderPath {rect} at (245,45) size 130x30 [stroke={[type=SOLID] [color=#000080] [stroke width=5.00]}] [fill={[type=SOLID] [color=#FF0000]}] [data="M0.00,0.00L60.00,0.00L60.00,10.00L0.00,10.00"]
          RenderPath {circle} at (290,40) size 40x40 [opacity=0.50] [fill={[type=SOLID] [color=#008000]}] [data="M40.00,5.00L39.98,5.63L39.92,6.25L39.82,6.87L39.69,7.49L39.51,8.09L39.30,8.68L39.05,9.26L38.76,9.82L38.44,10.36L38.09,10.88L37.71,11.37L37.29,11.85L36.85,12.29L36.37,12.71L35.88,13.09L35.36,13.44L34.82,13.76L34.26,14.05L33.68,14.30L33.09,14.51L32.49,14.69L31.87,14.82L31.25,14.92L30.63,14.98L30.00,15.00L29.37,14.98L28.75,14.92L28.13,14.82L27.51,14.69L26.91,14.51L26.32,14.30L25.74,14.05L25.18,13.76L24.64,13.44L24.12,13.09L23.63,12.71L23.15,12.29L22.71,11.85L22.29,11.37L21.91,10.88L21.56,10.36L21.24,9.82L20.95,9.26L20.70,8.68L20.49,8.09L20.31,7.49L20.18,6.87L20.08,6.25L20.02,5.63L20.00,5.00L20.02,4.37L20.08,3.75L20.18,3.13L20.31,2.51L20.49,1.91L20.70,1.32L20.95,0.74L21.24,0.18L21.56,-0.36L21.91,-0.88L22.29,-1.37L22.71,-1.85L23.15,-2.29L23.63,-2.71L24.12,-3.09L24.64,-3.44L25.18,-3.76L25.74,-4.05L26.32,-4.30L26.91,-4.51L27.51,-4.69L28.13,-4.82L28.75,-4.92L29.37,-4.98L30.00,-5.00L30.63,-4.98L31.25,-4.92L31.87,-4.82L32.49,-4.69L33.09,-4.51L33.68,-4.30L34.26,-4.05L34.82,-3.76L35.36,-3.44L35.88,-3.09L36.37,-2.71L36.85,-2.29L37.29,-1.85L37.71,-1.37L38.09,-0.88L38.44,-0.36L38.76,0.18L39.05,0.74L39.30,1.32L39.51,1.91L39.69,2.51L39.82,3.13L39.92,3.75L39.98,4.37"]
          RenderPath {circle} at (300,50) size 20x20 [opacity=0.50] [fill={[type=SOLID] [color=#FFFF00]}] [data="M35.00,5.00L34.99,5.31L34.96,5.63L34.91,5.94L34.84,6.24L34.76,6.55L34.65,6.84L34.52,7.13L34.38,7.41L34.22,7.68L34.05,7.94L33.85,8.19L33.64,8.42L33.42,8.64L33.19,8.85L32.94,9.05L32.68,9.22L32.41,9.38L32.13,9.52L31.84,9.65L31.55,9.76L31.24,9.84L30.94,9.91L30.63,9.96L30.31,9.99L30.00,10.00L29.69,9.99L29.37,9.96L29.06,9.91L28.76,9.84L28.45,9.76L28.16,9.65L27.87,9.52L27.59,9.38L27.32,9.22L27.06,9.05L26.81,8.85L26.58,8.64L26.36,8.42L26.15,8.19L25.95,7.94L25.78,7.68L25.62,7.41L25.48,7.13L25.35,6.84L25.24,6.55L25.16,6.24L25.09,5.94L25.04,5.63L25.01,5.31L25.00,5.00L25.01,4.69L25.04,4.37L25.09,4.06L25.16,3.76L25.24,3.45L25.35,3.16L25.48,2.87L25.62,2.59L25.78,2.32L25.95,2.06L26.15,1.81L26.36,1.58L26.58,1.36L26.81,1.15L27.06,0.95L27.32,0.78L27.59,0.62L27.87,0.48L28.16,0.35L28.45,0.24L28.76,0.16L29.06,0.09L29.37,0.04L29.69,0.01L30.00,0.00L30.31,0.01L30.63,0.04L30.94,0.09L31.24,0.16L31.55,0.24L31.84,0.35L32.13,0.48L32.41,0.62L32.68,0.78L32.94,0.95L33.19,1.15L33.42,1.36L33.64,1.58L33.85,1.81L34.05,2.06L34.22,2.32L34.38,2.59L34.52,2.87L34.65,3.16L34.76,3.45L34.84,3.76L34.91,4.06L34.96,4.37L34.99,4.69"]
      RenderSVGText {text} at (10,60) size 800x18
        RenderSVGInlineText {#text} at (0,-14) size 240x18
          text run at (0,-14) width 240: "The two objects should look identical."
      RenderSVGContainer {use} at (45,40) size 130x40
        RenderSVGContainer {g} at (45,40) size 130x40 [transform={m=((1.00,0.00)(0.00,1.00)) t=(25.00,25.00)}]
          RenderSVGContainer {g} at (45,40) size 130x40
            RenderSVGContainer {g} at (45,40) size 130x40
              RenderPath {rect} at (45,45) size 130x30 [stroke={[type=SOLID] [color=#000080] [stroke width=5.00]}] [fill={[type=SOLID] [color=#FF0000]}] [data="M0.00,0.00L60.00,0.00L60.00,10.00L0.00,10.00"]
              RenderSVGContainer {g} at (90,40) size 40x40
                RenderSVGContainer {g} at (90,40) size 40x40
                  RenderPath {circle} at (90,40) size 40x40 [opacity=0.50] [fill={[type=SOLID] [color=#008000]}] [data="M40.00,5.00L39.98,5.63L39.92,6.25L39.82,6.87L39.69,7.49L39.51,8.09L39.30,8.68L39.05,9.26L38.76,9.82L38.44,10.36L38.09,10.88L37.71,11.37L37.29,11.85L36.85,12.29L36.37,12.71L35.88,13.09L35.36,13.44L34.82,13.76L34.26,14.05L33.68,14.30L33.09,14.51L32.49,14.69L31.87,14.82L31.25,14.92L30.63,14.98L30.00,15.00L29.37,14.98L28.75,14.92L28.13,14.82L27.51,14.69L26.91,14.51L26.32,14.30L25.74,14.05L25.18,13.76L24.64,13.44L24.12,13.09L23.63,12.71L23.15,12.29L22.71,11.85L22.29,11.37L21.91,10.88L21.56,10.36L21.24,9.82L20.95,9.26L20.70,8.68L20.49,8.09L20.31,7.49L20.18,6.87L20.08,6.25L20.02,5.63L20.00,5.00L20.02,4.37L20.08,3.75L20.18,3.13L20.31,2.51L20.49,1.91L20.70,1.32L20.95,0.74L21.24,0.18L21.56,-0.36L21.91,-0.88L22.29,-1.37L22.71,-1.85L23.15,-2.29L23.63,-2.71L24.12,-3.09L24.64,-3.44L25.18,-3.76L25.74,-4.05L26.32,-4.30L26.91,-4.51L27.51,-4.69L28.13,-4.82L28.75,-4.92L29.37,-4.98L30.00,-5.00L30.63,-4.98L31.25,-4.92L31.87,-4.82L32.49,-4.69L33.09,-4.51L33.68,-4.30L34.26,-4.05L34.82,-3.76L35.36,-3.44L35.88,-3.09L36.37,-2.71L36.85,-2.29L37.29,-1.85L37.71,-1.37L38.09,-0.88L38.44,-0.36L38.76,0.18L39.05,0.74L39.30,1.32L39.51,1.91L39.69,2.51L39.82,3.13L39.92,3.75L39.98,4.37"]
              RenderPath {circle} at (100,50) size 20x20 [opacity=0.50] [fill={[type=SOLID] [color=#FFFF00]}] [data="M35.00,5.00L34.99,5.31L34.96,5.63L34.91,5.94L34.84,6.24L34.76,6.55L34.65,6.84L34.52,7.13L34.38,7.41L34.22,7.68L34.05,7.94L33.85,8.19L33.64,8.42L33.42,8.64L33.19,8.85L32.94,9.05L32.68,9.22L32.41,9.38L32.13,9.52L31.84,9.65L31.55,9.76L31.24,9.84L30.94,9.91L30.63,9.96L30.31,9.99L30.00,10.00L29.69,9.99L29.37,9.96L29.06,9.91L28.76,9.84L28.45,9.76L28.16,9.65L27.87,9.52L27.59,9.38L27.32,9.22L27.06,9.05L26.81,8.85L26.58,8.64L26.36,8.42L26.15,8.19L25.95,7.94L25.78,7.68L25.62,7.41L25.48,7.13L25.35,6.84L25.24,6.55L25.16,6.24L25.09,5.94L25.04,5.63L25.01,5.31L25.00,5.00L25.01,4.69L25.04,4.37L25.09,4.06L25.16,3.76L25.24,3.45L25.35,3.16L25.48,2.87L25.62,2.59L25.78,2.32L25.95,2.06L26.15,1.81L26.36,1.58L26.58,1.36L26.81,1.15L27.06,0.95L27.32,0.78L27.59,0.62L27.87,0.48L28.16,0.35L28.45,0.24L28.76,0.16L29.06,0.09L29.37,0.04L29.69,0.01L30.00,0.00L30.31,0.01L30.63,0.04L30.94,0.09L31.24,0.16L31.55,0.24L31.84,0.35L32.13,0.48L32.41,0.62L32.68,0.78L32.94,0.95L33.19,1.15L33.42,1.36L33.64,1.58L33.85,1.81L34.05,2.06L34.22,2.32L34.38,2.59L34.52,2.87L34.65,3.16L34.76,3.45L34.84,3.76L34.91,4.06L34.96,4.37L34.99,4.69"]
