KRenderingPaintServer {id="pat00" [type=PATTERN] [bbox=at (0,0) size 1x1]}
KRenderingPaintServer {id="pat01" [type=PATTERN] [bbox=at (0,0) size 1x1]}
layer at (0,0) size 800x600
  RenderView at (0,0) size 800x600
    RenderSVGContainer {svg} at (10,6) size 75x118
      RenderSVGHiddenContainer {defs} at (0,0) size 0x0
        RenderSVGContainer {pattern} at (0,0) size 0x0
        RenderSVGContainer {pattern} at (0,0) size 0x0
        RenderPath {path} at (-1.85,-1.05) size 203.87x92.12 [stroke={[type=SOLID] [color=#B42D25] [stroke width=2.00]}] [fill={[type=SOLID] [color=#000000]}] [data="M0.00,50.00L100.00,0.00L200.00,20.00L150.00,70.00L50.00,90.00"]
      RenderSVGContainer {g} at (10,6) size 66x18 [transform={m=((1.00,0.00)(0.00,1.00)) t=(10.00,10.00)}]
        RenderSVGText {text} at (0,10) size 800x18
          RenderSVGInlineText {#text} at (0,-14) size 66x18
            text run at (0,-14) width 66: "coniferous"
      RenderSVGContainer {g} at (10,106) size 75x18 [transform={m=((1.00,0.00)(0.00,1.00)) t=(10.00,110.00)}]
        RenderSVGText {text} at (0,10) size 800x18
          RenderSVGInlineText {#text} at (0,-14) size 75x18
            text run at (0,-14) width 75: "broadLeave"
