layer at (0,0) size 800x600
  RenderView at (0,0) size 800x600
    RenderSVGContainer {svg} at (0.50,0.50) size 479x359
      RenderSVGHiddenContainer {defs} at (0,0) size 0x0
        RenderSVGContainer {g} at (240,1) size 239x358
          RenderPath {rect} at (240,1) size 239x358 [fill={[type=SOLID] [color=#000000]}] [data="M240.00,1.00L479.00,1.00L479.00,359.00L240.00,359.00"]
          RenderPath {circle} at (0,0) size 0x0 [fill={[type=SOLID] [color=#000000]}] [data=""]
      RenderSVGText {text} at (100,50) size 800x18
        RenderSVGInlineText {#text} at (0,-14) size 70x18
          text run at (0,-14) width 70: "Test failed."
      RenderPath {rect} at (0.50,0.50) size 479x359 [stroke={[type=SOLID] [color=#000000]}] [data="M1.00,1.00L479.00,1.00L479.00,359.00L1.00,359.00"]
caret: position 12 of child 0 {#text} of child 3 {text} of child 0 {svg} of document
