layer at (0,0) size 800x600
  RenderView at (0,0) size 800x600
    RenderSVGContainer {svg} at (0.50,0.50) size 479x359
      RenderSVGHiddenContainer {defs} at (0,0) size 0x0
        RenderPath {rect} at (240,1) size 239x358 [fill={[type=SOLID] [color=#000000]}] [data="M240.00,1.00L479.00,1.00L479.00,359.00L240.00,359.00"]
      RenderSVGContainer {use} at (240,1) size 239x358
        RenderSVGContainer {g} at (240,1) size 239x358
          RenderPath {rect} at (240,1) size 239x358 [fill={[type=SOLID] [color=#808080]}] [data="M240.00,1.00L479.00,1.00L479.00,359.00L240.00,359.00"]
      RenderSVGText {text} at (0,0) size 800x18
        RenderSVGInlineText {#text} at (0,-14) size 216x18
          text run at (0,-14) width 216: "Click on the grey rectangle to start"
      RenderSVGText {text} at (0,0) size 800x18
        RenderSVGInlineText {#text} at (0,-14) size 220x18
          text run at (0,-14) width 220: "Test for correspondingUseElement"
      RenderSVGText {text} at (0,0) size 800x18
        RenderSVGInlineText {#text} at (0,-14) size 195x18
          text run at (0,-14) width 195: "Test for correspondingElement"
      RenderPath {rect} at (0.50,0.50) size 479x359 [stroke={[type=SOLID] [color=#000000]}] [data="M1.00,1.00L479.00,1.00L479.00,359.00L1.00,359.00"]
