CONSOLE MESSAGE: line 17: TypeError: Undefined value
layer at (0,0) size 800x600
  RenderView at (0,0) size 800x600
    RenderSVGContainer {svg} at (60,120) size 296x26
      RenderSVGHiddenContainer {defs} at (0,0) size 0x0
      RenderSVGText {text} at (30,70) size 800x13
        RenderSVGInlineText {#text} at (0,-10) size 148x13
          text run at (0,-10) width 148: "You should shapes _above_ this text"
