layer at (0,0) size 800x600
  RenderCanvas at (0,0) size 800x600
layer at (0,0) size 800x144
  RenderBlock {HTML} at (0,0) size 800x144
    RenderBody {BODY} at (8,13) size 784x123
      RenderBlock {PRE} at (0,0) size 784x45
        RenderText {TEXT} at (0,0) size 168x45
          text run at (0,0) width 120: "table width=50%"
          text run at (0,15) width 96: "  td nowrap "
          text run at (0,30) width 168: "    input width=100% "
      RenderTable {TABLE} at (0,58) size 392x47 [bgcolor=#C0C0C0] [border: (1px outset #808080)]
        RenderTableSection {TBODY} at (1,1) size 0x45
          RenderTableRow {TR} at (0,0) size 0x0
            RenderTableCell {TD} at (2,2) size 386x41 [bgcolor=#AABBFF] [border: (1px inset #808080)] [r=0 c=0 rs=1 cs=1]
              RenderLineEdit {INPUT} at (9,11) size 368x19
              RenderText {TEXT} at (0,0) size 0x0
      RenderBlock (anonymous) at (0,105) size 784x18
        RenderBR {BR} at (0,0) size 0x18
