layer at (0,0) size 800x600
  RenderCanvas at (0,0) size 800x600
layer at (0,0) size 800x600
  RenderBlock {HTML} at (0,0) size 800x600
    RenderBody {BODY} at (8,8) size 784x584
      RenderTable {TABLE} at (0,0) size 784x24
        RenderTableSection {TBODY} at (0,0) size 0x24
          RenderTableRow {TR} at (0,0) size 0x0
            RenderTableCell {TD} at (2,2) size 634x20 [r=0 c=0 rs=1 cs=1]
            RenderTableCell {TD} at (638,2) size 144x20 [r=0 c=1 rs=1 cs=1]
              RenderText {TEXT} at (1,1) size 21x18
                text run at (1,1) width 21: "test"
layer at (277,11) size 100x18
  RenderBlock {DIV} at (267,1) size 100x18
    RenderText {TEXT} at (0,0) size 56x18
      text run at (0,0) width 56: "ddddddd"
