layer at (0,0) size 800x600
  RenderCanvas at (0,0) size 800x600
layer at (0,0) size 800x600
  RenderBlock {HTML} at (0,0) size 800x600
    RenderBody {BODY} at (8,8) size 784x576
      RenderBlock {FORM} at (0,0) size 784x194
        RenderBlock {HR} at (0,0) size 602x2 [border: (1px inset #000000)]
        RenderTable {TABLE} at (0,10) size 600x184
          RenderTableSection {TBODY} at (0,0) size 0x184
            RenderTableRow {TR} at (0,0) size 0x0
              RenderTableCell {TD} at (2,2) size 594x44 [r=0 c=0 rs=1 cs=3]
                RenderImage {IMG} at (7,1) size 579x42
                RenderText {TEXT} at (0,0) size 0x0
            RenderTableRow {TR} at (0,0) size 0x0
              RenderTableCell {TD} at (2,55) size 594x40 [bgcolor=#99CCCC] [r=1 c=0 rs=1 cs=3]
                RenderInline {FONT} at (0,0) size 127x15
                  RenderInline {B} at (0,0) size 127x15
                    RenderText {TEXT} at (48,5) size 127x15
                      text run at (48,5) width 127: "Search the Web with"
                RenderText {TEXT} at (175,3) size 4x18
                  text run at (175,3) width 4: " "
                RenderSelect {SELECT} at (181,4) size 80x18
                RenderTextField {INPUT} at (265,3) size 218x19 [bgcolor=#FFFFFF] [border: (2px inset #000000)]
                RenderText {TEXT} at (485,3) size 4x18
                  text run at (485,3) width 4: " "
                RenderButton {INPUT} at (491,4) size 52x18 [bgcolor=#C0C0C0]
                  RenderBlock (anonymous) at (8,2) size 36x13
                    RenderText at (0,0) size 36x13
                      text run at (0,0) width 36: "Search"
                RenderBR {BR} at (0,0) size 0x0
                RenderInline {SMALL} at (0,0) size 560x15
                  RenderInline {A} at (0,0) size 98x15 [color=#0000EE]
                    RenderText {TEXT} at (17,24) size 98x15
                      text run at (17,24) width 98: "Classifieds< /A>   "
                  RenderInline {A} at (0,0) size 58x15 [color=#0000EE]
                    RenderText {TEXT} at (115,24) size 58x15
                      text run at (115,24) width 22: "Net "
                      text run at (137,24) width 36: "Search"
                  RenderText {TEXT} at (173,24) size 9x15
                    text run at (173,24) width 9: "   "
                  RenderInline {A} at (0,0) size 82x15 [color=#0000EE]
                    RenderText {TEXT} at (182,24) size 82x15
                      text run at (182,24) width 56: "Find Web "
                      text run at (238,24) width 26: "Sites"
                  RenderText {TEXT} at (264,24) size 9x15
                    text run at (264,24) width 3: " "
                    text run at (267,24) width 6: "  "
                  RenderInline {A} at (0,0) size 66x15 [color=#0000EE]
                    RenderText {TEXT} at (273,24) size 66x15
                      text run at (273,24) width 39: "What's "
                      text run at (312,24) width 27: "Cool"
                  RenderText {TEXT} at (339,24) size 9x15
                    text run at (339,24) width 9: "   "
                  RenderInline {A} at (0,0) size 63x15 [color=#0000EE]
                    RenderText {TEXT} at (348,24) size 63x15
                      text run at (348,24) width 63: "What's New"
                  RenderText {TEXT} at (411,24) size 9x15
                    text run at (411,24) width 9: "   "
                  RenderInline {A} at (0,0) size 75x15 [color=#0000EE]
                    RenderText {TEXT} at (420,24) size 75x15
                      text run at (420,24) width 75: "People Finder"
                  RenderText {TEXT} at (495,24) size 9x15
                    text run at (495,24) width 9: "   "
                  RenderInline {A} at (0,0) size 73x15 [color=#0000EE]
                    RenderText {TEXT} at (504,24) size 73x15
                      text run at (504,24) width 73: "Yellow Pages"
                  RenderText {TEXT} at (0,0) size 0x0
                RenderText {TEXT} at (0,0) size 0x0
            RenderTableRow {TR} at (0,0) size 0x0
              RenderTableCell {TD} at (2,114) size 159x32 [r=2 c=0 rs=1 cs=1]
                RenderInline {A} at (0,0) size 115x30 [color=#0000EE]
                  RenderInline {FONT} at (0,0) size 115x30 [color=#CC0033]
                    RenderText {TEXT} at (22,1) size 115x30
                      text run at (22,1) width 115: "Download Netscape"
                      text run at (26,16) width 106: "Communicator 4.5"
              RenderTableCell {TD} at (163,105) size 270x50 [r=2 c=1 rs=1 cs=1]
                RenderInline {A} at (0,0) size 232x27 [color=#0000EE]
                  RenderImage {IMG} at (19,1) size 232x35 [border: (1px solid #0000EE)]
                  RenderBR {BR} at (0,0) size 0x0
                  RenderInline {FONT} at (0,0) size 46x13
                    RenderText {TEXT} at (112,36) size 46x13
                      text run at (112,36) width 46: "Click Here!"
                RenderBR {BR} at (0,0) size 0x0
              RenderTableCell {TD} at (435,121) size 161x17 [r=2 c=2 rs=1 cs=1]
                RenderInline {A} at (0,0) size 129x15 [color=#0000EE]
                  RenderInline {FONT} at (0,0) size 129x15 [color=#0066FF]
                    RenderText {TEXT} at (16,1) size 129x15
                      text run at (16,1) width 129: "Hassle-Free Upgrades"
                RenderText {TEXT} at (0,0) size 0x0
            RenderTableRow {TR} at (0,0) size 0x0
              RenderTableCell {TD} at (2,157) size 594x20 [r=3 c=0 rs=1 cs=3]
                RenderInline {A} at (0,0) size 47x18 [color=#0000EE]
                  RenderInline {FONT} at (0,0) size 47x15 [color=#0066FF]
                    RenderInline {B} at (0,0) size 47x15
                      RenderText {TEXT} at (18,3) size 47x15
                        text run at (18,3) width 47: "Contact"
                RenderInline {FONT} at (0,0) size 0x15 [color=#0066FF]
                RenderText {TEXT} at (65,1) size 12x18
                  text run at (65,1) width 12: " : "
                RenderInline {SMALL} at (0,0) size 498x15
                  RenderInline {A} at (0,0) size 76x15 [color=#0000EE]
                    RenderText {TEXT} at (77,3) size 76x15
                      text run at (77,3) width 76: "Address Book"
                  RenderText {TEXT} at (153,3) size 10x15
                    text run at (153,3) width 10: " - "
                  RenderInline {A} at (0,0) size 64x15 [color=#0000EE]
                    RenderText {TEXT} at (163,3) size 64x15
                      text run at (163,3) width 64: "Discussions"
                  RenderText {TEXT} at (227,3) size 10x15
                    text run at (227,3) width 10: " - "
                  RenderInline {A} at (0,0) size 98x15 [color=#0000EE]
                    RenderText {TEXT} at (237,3) size 98x15
                      text run at (237,3) width 98: "Instant Messenger"
                  RenderText {TEXT} at (335,3) size 10x15
                    text run at (335,3) width 10: " - "
                  RenderInline {A} at (0,0) size 79x15 [color=#0000EE]
                    RenderText {TEXT} at (345,3) size 79x15
                      text run at (345,3) width 79: "Long Distance"
                  RenderText {TEXT} at (424,3) size 10x15
                    text run at (424,3) width 10: " - "
                  RenderInline {A} at (0,0) size 50x15 [color=#0000EE]
                    RenderText {TEXT} at (434,3) size 50x15
                      text run at (434,3) width 50: "Members"
                  RenderText {TEXT} at (484,3) size 10x15
                    text run at (484,3) width 10: " - "
                  RenderInline {A} at (0,0) size 81x15 [color=#0000EE]
                    RenderText {TEXT} at (494,3) size 81x15
                      text run at (494,3) width 81: "WebMail< /A>"
                RenderInline {A} at (0,0) size 0x0 [color=#0000EE]
                  RenderText {TEXT} at (0,0) size 0x0
            RenderTableRow {TR} at (0,0) size 0x0
              RenderTableCell {TD} at (2,179) size 596x3 [bgcolor=#99CCCC] [r=4 c=0 rs=1 cs=4]
                RenderTable {TABLE} at (1,1) size 1x1
                  RenderTableSection {TBODY} at (0,0) size 0x1
                    RenderTableRow {TR} at (0,0) size 0x0
                      RenderTableCell {TD} at (0,0) size 1x0 [r=0 c=0 rs=1 cs=1]
layer at (278,79) size 212x13
  RenderBlock {DIV} at (3,3) size 212x13
