layer at (0,0) size 800x600
  RenderCanvas at (0,0) size 800x600
layer at (0,0) size 800x600
  RenderBlock {HTML} at (0,0) size 800x600
    RenderBody {BODY} at (8,8) size 784x576
      RenderBlock {FORM} at (0,0) size 784x27
        RenderTable {TABLE} at (0,0) size 693x27 [bgcolor=#FFE030] [border: (1px outset #808080)]
          RenderTableSection {TBODY} at (1,1) size 0x25
            RenderTableRow {TR} at (0,0) size 0x0
              RenderTableCell {TD} at (0,0) size 691x25 [border: (1px inset #808080)] [r=0 c=0 rs=1 cs=1]
                RenderInline {NOBR} at (0,0) size 689x18
                  RenderLineEdit {INPUT} at (3,3) size 217x19
                  RenderText {TEXT} at (222,3) size 13x18
                    text run at (222,3) width 13: " - "
                  RenderLineEdit {INPUT} at (237,3) size 217x19
                  RenderText {TEXT} at (456,3) size 13x18
                    text run at (456,3) width 13: " - "
                  RenderLineEdit {INPUT} at (471,3) size 217x19
                RenderText {TEXT} at (0,0) size 0x0
            RenderTableRow {TR} at (0,0) size 0x0
