layer at (0,0) size 800x600
  RenderCanvas at (0,0) size 800x600
layer at (0,0) size 800x600
  RenderBlock {HTML} at (0,0) size 800x600
    RenderBody {BODY} at (8,8) size 784x584
      RenderBlock (anonymous) at (0,0) size 784x18
        RenderText {TEXT} at (0,0) size 72x18
          text run at (0,0) width 72: "dom access"
      RenderTable {TABLE} at (0,18) size 64x34 [border: (1px outset #808080)]
        RenderTableSection {TBODY} at (1,1) size 0x32
          RenderTableRow {TR} at (0,0) size 0x0
            RenderTableCell {TD} at (1,1) size 60x30 [border: (5px solid #008000)] [r=0 c=0 rs=1 cs=1]
              RenderText {TEXT} at (6,6) size 48x18
                text run at (6,6) width 48: "100000"
      RenderBlock (anonymous) at (0,52) size 784x18
        RenderText {TEXT} at (0,0) size 58x18
          text run at (0,0) width 58: "reference"
      RenderTable {TABLE} at (0,70) size 64x34 [border: (1px outset #808080)]
        RenderTableSection {TBODY} at (1,1) size 0x32
          RenderTableRow {TR} at (0,0) size 0x0
            RenderTableCell {TD} at (1,1) size 60x30 [border: (5px solid #008000)] [r=0 c=0 rs=1 cs=1]
              RenderText {TEXT} at (6,6) size 48x18
                text run at (6,6) width 48: "100000"
