layer at (0,0) size 800x600
  RenderCanvas at (0,0) size 800x600
layer at (0,0) size 800x600
  RenderBlock {HTML} at (0,0) size 800x600
    RenderBody {BODY} at (8,8) size 784x584
      RenderBlock (anonymous) at (0,0) size 784x18
        RenderText {#text} at (0,0) size 285x18
          text run at (0,0) width 285: "border=\"0\" cellspacing=\"0\" cellpadding=\"0\""
      RenderTable {TABLE} at (0,18) size 784x32 [bgcolor=#DDDD33]
        RenderTableSection {TBODY} at (0,0) size 784x32
          RenderTableRow {TR} at (0,0) size 784x32
            RenderTableCell {TD} at (0,16) size 12x0 [r=0 c=0 rs=1 cs=1]
            RenderTableCell {TD} at (12,0) size 760x32 [r=0 c=1 rs=1 cs=1]
              RenderTextArea {TEXTAREA} at (0,2) size 760x28
            RenderTableCell {TD} at (772,16) size 12x0 [r=0 c=2 rs=1 cs=1]
      RenderBlock (anonymous) at (0,50) size 784x18
        RenderText {#text} at (0,0) size 209x18
          text run at (0,0) width 209: "cellspacing=\"0\" cellpadding=\"0\""
      RenderTable {TABLE} at (0,68) size 784x32 [bgcolor=#CCCCFF]
        RenderTableSection {TBODY} at (0,0) size 784x32
          RenderTableRow {TR} at (0,0) size 784x32
            RenderTableCell {TD} at (0,16) size 12x0 [r=0 c=0 rs=1 cs=1]
            RenderTableCell {TD} at (12,0) size 760x32 [r=0 c=1 rs=1 cs=1]
              RenderTextArea {TEXTAREA} at (0,2) size 760x28
            RenderTableCell {TD} at (772,16) size 12x0 [r=0 c=2 rs=1 cs=1]
      RenderBlock (anonymous) at (0,100) size 784x18
        RenderText {#text} at (0,0) size 104x18
          text run at (0,0) width 104: "cellpadding=\"0\""
      RenderTable {TABLE} at (0,118) size 784x36 [bgcolor=#FF9999]
        RenderTableSection {TBODY} at (0,0) size 784x36
          RenderTableRow {TR} at (0,2) size 784x32
            RenderTableCell {TD} at (2,18) size 12x0 [r=0 c=0 rs=1 cs=1]
            RenderTableCell {TD} at (16,2) size 752x32 [r=0 c=1 rs=1 cs=1]
              RenderTextArea {TEXTAREA} at (0,2) size 752x28
            RenderTableCell {TD} at (770,18) size 12x0 [r=0 c=2 rs=1 cs=1]
      RenderBlock (anonymous) at (0,154) size 784x18
        RenderText {#text} at (0,0) size 180x18
          text run at (0,0) width 180: "border=\"0\" cellpadding=\"0\""
      RenderTable {TABLE} at (0,172) size 784x36 [bgcolor=#AAEEBB]
        RenderTableSection {TBODY} at (0,0) size 784x36
          RenderTableRow {TR} at (0,2) size 784x32
            RenderTableCell {TD} at (2,18) size 12x0 [r=0 c=0 rs=1 cs=1]
            RenderTableCell {TD} at (16,2) size 752x32 [r=0 c=1 rs=1 cs=1]
              RenderTextArea {TEXTAREA} at (0,2) size 752x28
            RenderTableCell {TD} at (770,18) size 12x0 [r=0 c=2 rs=1 cs=1]
      RenderBlock (anonymous) at (0,208) size 784x18
        RenderInline {FONT} at (0,0) size 29x18 [color=#0000FF]
          RenderText {#text} at (0,0) size 29x18
            text run at (0,0) width 29: "right"
        RenderText {#text} at (29,0) size 76x18
          text run at (29,0) width 76: " border=\"0\""
      RenderTable {TABLE} at (0,226) size 784x38 [bgcolor=#FFCCEE]
        RenderTableSection {TBODY} at (0,0) size 784x38
          RenderTableRow {TR} at (0,2) size 784x34
            RenderTableCell {TD} at (2,18) size 14x2 [r=0 c=0 rs=1 cs=1]
            RenderTableCell {TD} at (18,2) size 748x34 [r=0 c=1 rs=1 cs=1]
              RenderTextArea {TEXTAREA} at (1,3) size 746x28
            RenderTableCell {TD} at (768,18) size 14x2 [r=0 c=2 rs=1 cs=1]
      RenderBlock (anonymous) at (0,264) size 784x18
        RenderInline {FONT} at (0,0) size 29x18 [color=#0000FF]
          RenderText {#text} at (0,0) size 29x18
            text run at (0,0) width 29: "right"
        RenderText {#text} at (29,0) size 108x18
          text run at (29,0) width 108: " cellpadding=\"1\""
      RenderTable {TABLE} at (0,282) size 784x38 [bgcolor=#66DDFF]
        RenderTableSection {TBODY} at (0,0) size 784x38
          RenderTableRow {TR} at (0,2) size 784x34
            RenderTableCell {TD} at (2,18) size 14x2 [r=0 c=0 rs=1 cs=1]
            RenderTableCell {TD} at (18,2) size 748x34 [r=0 c=1 rs=1 cs=1]
              RenderTextArea {TEXTAREA} at (1,3) size 746x28
            RenderTableCell {TD} at (768,18) size 14x2 [r=0 c=2 rs=1 cs=1]
      RenderBlock (anonymous) at (0,320) size 784x18
        RenderInline {FONT} at (0,0) size 29x18 [color=#0000FF]
          RenderText {#text} at (0,0) size 29x18
            text run at (0,0) width 29: "right"
        RenderText {#text} at (29,0) size 289x18
          text run at (29,0) width 289: " border=\"1\" cellspacing=\"0\" cellpadding=\"0\""
      RenderTable {TABLE} at (0,338) size 784x36 [bgcolor=#EEEEEE] [border: (1px outset #808080)]
        RenderTableSection {TBODY} at (1,1) size 782x34
          RenderTableRow {TR} at (0,0) size 782x34
            RenderTableCell {TD} at (0,16) size 12x2 [border: (1px inset #808080)] [r=0 c=0 rs=1 cs=1]
            RenderTableCell {TD} at (12,0) size 758x34 [border: (1px inset #808080)] [r=0 c=1 rs=1 cs=1]
              RenderTextArea {TEXTAREA} at (1,3) size 756x28
            RenderTableCell {TD} at (770,16) size 12x2 [border: (1px inset #808080)] [r=0 c=2 rs=1 cs=1]
      RenderBlock (anonymous) at (0,374) size 784x18
        RenderInline {FONT} at (0,0) size 29x18 [color=#0000FF]
          RenderText {#text} at (0,0) size 29x18
            text run at (0,0) width 29: "right"
        RenderText {#text} at (29,0) size 181x18
          text run at (29,0) width 181: " border=\"1\" cellspacing=\"0\""
      RenderTable {TABLE} at (0,392) size 784x38 [bgcolor=#FFCC66] [border: (1px outset #808080)]
        RenderTableSection {TBODY} at (1,1) size 782x36
          RenderTableRow {TR} at (0,0) size 782x36
            RenderTableCell {TD} at (0,16) size 14x4 [border: (1px inset #808080)] [r=0 c=0 rs=1 cs=1]
            RenderTableCell {TD} at (14,0) size 754x36 [border: (1px inset #808080)] [r=0 c=1 rs=1 cs=1]
              RenderTextArea {TEXTAREA} at (2,4) size 750x28
            RenderTableCell {TD} at (768,16) size 14x4 [border: (1px inset #808080)] [r=0 c=2 rs=1 cs=1]
      RenderBlock (anonymous) at (0,430) size 784x18
        RenderInline {FONT} at (0,0) size 29x18 [color=#0000FF]
          RenderText {#text} at (0,0) size 29x18
            text run at (0,0) width 29: "right"
        RenderText {#text} at (29,0) size 76x18
          text run at (29,0) width 76: " border=\"1\""
      RenderTable {TABLE} at (0,448) size 784x42 [bgcolor=#CCFF33] [border: (1px outset #808080)]
        RenderTableSection {TBODY} at (1,1) size 782x40
          RenderTableRow {TR} at (0,2) size 782x36
            RenderTableCell {TD} at (2,18) size 14x4 [border: (1px inset #808080)] [r=0 c=0 rs=1 cs=1]
            RenderTableCell {TD} at (18,2) size 746x36 [border: (1px inset #808080)] [r=0 c=1 rs=1 cs=1]
              RenderTextArea {TEXTAREA} at (2,4) size 742x28
            RenderTableCell {TD} at (766,18) size 14x4 [border: (1px inset #808080)] [r=0 c=2 rs=1 cs=1]
