layer at (0,0) size 800x600
  RenderCanvas at (0,0) size 800x600
layer at (0,0) size 800x600
  RenderBlock {HTML} at (0,0) size 800x600
    RenderBody {BODY} at (8,8) size 784x584 [bgcolor=#FFFFFF]
      RenderTable {TABLE} at (0,0) size 784x584 [border: (1px outset #808080)]
        RenderTableSection {TBODY} at (1,1) size 0x582
          RenderTableRow {TR} at (0,0) size 0x0
            RenderTableCell {TD} at (2,280) size 66x22 [border: (1px inset #808080)] [r=0 c=0 rs=1 cs=1]
              RenderText {TEXT} at (2,2) size 32x18
                text run at (2,2) width 32: "Hurz"
            RenderTableCell {TD} at (70,280) size 710x22 [border: (1px inset #808080)] [r=0 c=1 rs=1 cs=1]
              RenderText {TEXT} at (2,2) size 378x18
                text run at (2,2) width 294: "very long text that forces the browser window "
                text run at (296,2) width 84: "to be scrolled"
