layer at (0,0) size 800x600
  RenderCanvas at (0,0) size 800x600
layer at (0,0) size 800x600
  RenderBlock {HTML} at (0,0) size 800x600
    RenderBody {BODY} at (8,8) size 784x584
      RenderBlock {H3} at (0,0) size 784x22
        RenderText {TEXT} at (0,0) size 163x22
          text run at (0,0) width 163: "Thead/Tfoot/Tbody"
      RenderBlock {PRE} at (0,40) size 784x135
        RenderInline {FONT} at (0,0) size 424x135
          RenderText {TEXT} at (0,0) size 8x15
            text run at (0,0) width 8: " "
          RenderInline {B} at (0,0) size 40x15
            RenderText {TEXT} at (0,15) size 40x15
              text run at (0,15) width 40: "thead"
          RenderText {TEXT} at (40,15) size 424x30
            text run at (40,15) width 104: " Row 1;      "
            text run at (0,30) width 424: "      background-color: cyan;     text-align: center;"
          RenderBR {BR} at (0,0) size 0x0
          RenderText {TEXT} at (0,0) size 0x0
          RenderInline {B} at (0,0) size 40x15
            RenderText {TEXT} at (0,60) size 40x15
              text run at (0,60) width 40: "tbody"
          RenderText {TEXT} at (40,60) size 416x30
            text run at (40,60) width 104: " Rows 2,3,4; "
            text run at (0,75) width 416: "      background-color: #9999ff;  text-align: right;"
          RenderBR {BR} at (0,0) size 0x0
          RenderText {TEXT} at (0,0) size 0x0
          RenderInline {B} at (0,0) size 40x15
            RenderText {TEXT} at (0,105) size 40x15
              text run at (0,105) width 40: "tfoot"
          RenderText {TEXT} at (40,105) size 424x30
            text run at (40,105) width 104: " Rows 5, 6;  "
            text run at (0,120) width 424: "      background-color: #ff99ff;  text-align: center;"
      RenderTable {TABLE} at (0,188) size 784x218 [border: (1px outset #808080)]
        RenderTableSection {THEAD} at (1,1) size 0x38 [bgcolor=#00FFFF]
          RenderTableRow {TR} at (0,0) size 0x0
            RenderTableCell {TD} at (4,4) size 137x30 [border: (1px inset #808080)] [r=0 c=0 rs=1 cs=1]
              RenderText {TEXT} at (6,6) size 38x18
                text run at (6,6) width 38: "R1C1"
            RenderTableCell {TD} at (145,4) size 137x30 [border: (1px inset #808080)] [r=0 c=1 rs=1 cs=1]
              RenderText {TEXT} at (6,6) size 38x18
                text run at (6,6) width 38: "R1C2"
            RenderTableCell {TD} at (286,4) size 173x30 [border: (1px inset #808080)] [r=0 c=2 rs=1 cs=1]
              RenderText {TEXT} at (6,6) size 38x18
                text run at (6,6) width 38: "R1C3"
            RenderTableCell {TD} at (463,4) size 173x30 [border: (1px inset #808080)] [r=0 c=3 rs=2 cs=1]
              RenderText {TEXT} at (6,6) size 51x18
                text run at (6,6) width 51: "R1-2C4"
            RenderTableCell {TD} at (640,4) size 138x30 [border: (1px inset #808080)] [r=0 c=4 rs=1 cs=1]
              RenderText {TEXT} at (6,6) size 38x18
                text run at (6,6) width 38: "R1C5"
        RenderTableSection {TBODY} at (1,39) size 0x106 [bgcolor=#9999FF]
          RenderTableRow {TR} at (0,0) size 0x0
            RenderTableCell {TD} at (4,4) size 137x30 [border: (1px inset #808080)] [r=0 c=0 rs=1 cs=1]
              RenderText {TEXT} at (6,6) size 38x18
                text run at (6,6) width 38: "R2C1"
            RenderTableCell {TD} at (145,4) size 137x30 [border: (1px inset #808080)] [r=0 c=1 rs=1 cs=1]
              RenderText {TEXT} at (6,6) size 38x18
                text run at (6,6) width 38: "R2C3"
            RenderTableCell {TD} at (286,4) size 173x30 [border: (1px inset #808080)] [r=0 c=2 rs=1 cs=1]
              RenderText {TEXT} at (6,6) size 38x18
                text run at (6,6) width 38: "R2C3"
            RenderTableCell {TD} at (463,4) size 173x30 [border: (1px inset #808080)] [r=0 c=3 rs=1 cs=1]
              RenderText {TEXT} at (6,6) size 38x18
                text run at (6,6) width 38: "R2C5"
          RenderTableRow {TR} at (0,0) size 0x0
            RenderTableCell {TD} at (4,38) size 137x30 [border: (1px inset #808080)] [r=1 c=0 rs=1 cs=1]
              RenderText {TEXT} at (6,6) size 38x18
                text run at (6,6) width 38: "R3C1"
            RenderTableCell {TD} at (145,38) size 137x30 [border: (1px inset #808080)] [r=1 c=1 rs=1 cs=1]
              RenderText {TEXT} at (6,6) size 38x18
                text run at (6,6) width 38: "R3C2"
            RenderTableCell {TD} at (286,38) size 492x30 [border: (1px inset #808080)] [r=1 c=2 rs=1 cs=3]
              RenderText {TEXT} at (6,6) size 51x18
                text run at (6,6) width 51: "R3C3-5"
          RenderTableRow {TR} at (0,0) size 0x0
            RenderTableCell {TD} at (4,72) size 455x30 [border: (1px inset #808080)] [r=2 c=0 rs=1 cs=3]
              RenderText {TEXT} at (6,6) size 51x18
                text run at (6,6) width 51: "R4C1-3"
            RenderTableCell {TD} at (463,72) size 173x30 [border: (1px inset #808080)] [r=2 c=3 rs=3 cs=1]
              RenderText {TEXT} at (6,6) size 51x18
                text run at (6,6) width 51: "R4-6C4"
            RenderTableCell {TD} at (640,72) size 138x30 [border: (1px inset #808080)] [r=2 c=4 rs=1 cs=1]
              RenderText {TEXT} at (6,6) size 38x18
                text run at (6,6) width 38: "R4C5"
        RenderTableSection {TFOOT} at (1,145) size 0x72 [bgcolor=#FF99FF]
          RenderTableRow {TR} at (0,0) size 0x0
            RenderTableCell {TD} at (4,4) size 137x30 [border: (1px inset #808080)] [r=0 c=0 rs=1 cs=1]
              RenderText {TEXT} at (6,6) size 38x18
                text run at (6,6) width 38: "R5C1"
            RenderTableCell {TD} at (145,4) size 137x30 [border: (1px inset #808080)] [r=0 c=1 rs=1 cs=1]
              RenderText {TEXT} at (6,6) size 38x18
                text run at (6,6) width 38: "R5C2"
            RenderTableCell {TD} at (286,21) size 173x30 [border: (1px inset #808080)] [r=0 c=2 rs=2 cs=1]
              RenderText {TEXT} at (6,6) size 51x18
                text run at (6,6) width 51: "R5-6C3"
            RenderTableCell {TD} at (463,4) size 173x30 [border: (1px inset #808080)] [r=0 c=3 rs=1 cs=1]
              RenderText {TEXT} at (6,6) size 38x18
                text run at (6,6) width 38: "R5C5"
          RenderTableRow {TR} at (0,0) size 0x0
            RenderTableCell {TD} at (4,38) size 137x30 [border: (1px inset #808080)] [r=1 c=0 rs=1 cs=1]
              RenderText {TEXT} at (6,6) size 38x18
                text run at (6,6) width 38: "R6C1"
            RenderTableCell {TD} at (145,38) size 137x30 [border: (1px inset #808080)] [r=1 c=1 rs=1 cs=1]
              RenderText {TEXT} at (6,6) size 38x18
                text run at (6,6) width 38: "R6C2"
            RenderTableCell {TD} at (463,38) size 173x30 [border: (1px inset #808080)] [r=1 c=3 rs=1 cs=1]
              RenderText {TEXT} at (6,6) size 38x18
                text run at (6,6) width 38: "R6C5"
