layer at (0,0) size 800x600
  RenderCanvas at (0,0) size 800x600
layer at (0,0) size 800x138
  RenderBlock {HTML} at (0,0) size 800x138
    RenderBody {BODY} at (8,16) size 784x114
      RenderBlock {P} at (0,0) size 784x18
        RenderText {TEXT} at (0,0) size 328x18
          text run at (0,0) width 328: "There should be a green block under this paragraph."
      RenderTable {table} at (0,34) size 80x80 [bgcolor=#008000]
