layer at (0,0) size 800x600
  RenderCanvas at (0,0) size 800x600
layer at (0,0) size 800x600
  RenderBlock {HTML} at (0,0) size 800x600
    RenderBody {BODY} at (8,8) size 784x584
      RenderBlock (anonymous) at (0,0) size 784x18
        RenderText {TEXT} at (0,0) size 265x18
          text run at (0,0) width 265: "two and words should be on the same line"
      RenderTable {TABLE} at (0,18) size 600x36
        RenderTableSection {TBODY} at (0,0) size 0x36
          RenderTableRow {TR} at (0,0) size 0x0
            RenderTableCell {TD} at (0,0) size 150x18 [r=0 c=0 rs=1 cs=1]
              RenderText {TEXT} at (0,0) size 67x18
                text run at (0,0) width 67: "two words"
            RenderTableCell {TD} at (150,0) size 450x18 [r=0 c=1 rs=1 cs=1]
              RenderText {TEXT} at (0,0) size 27x18
                text run at (0,0) width 27: "blah"
          RenderTableRow {TR} at (0,0) size 0x0
            RenderTableCell {TD} at (0,18) size 600x18 [r=1 c=0 rs=1 cs=2]
              RenderText {TEXT} at (0,0) size 27x18
                text run at (0,0) width 27: "blah"
