layer at (0,0) size 800x600
  RenderCanvas at (0,0) size 800x600
layer at (0,0) size 800x600
  RenderBlock {HTML} at (0,0) size 800x600
    RenderBody {BODY} at (8,8) size 784x584
      RenderBlock {H3} at (0,0) size 784x22
        RenderText {TEXT} at (0,0) size 200x22
          text run at (0,0) width 200: "With long hidden values"
      RenderTable {TABLE} at (0,40) size 196x65 [border: (1px solid #FF0000)]
        RenderTableSection {TBODY} at (1,1) size 0x63
          RenderTableRow {TR} at (0,0) size 0x0
            RenderTableCell {TD} at (2,2) size 190x59 [r=0 c=0 rs=1 cs=1]
              RenderBlock {FORM} at (1,1) size 188x41
                RenderLineEdit {INPUT} at (2,2) size 99x19
                RenderText {TEXT} at (103,2) size 4x18
                  text run at (103,2) width 4: " "
                RenderButton {INPUT} at (109,3) size 37x18 [bgcolor=#C0C0C0]
                  RenderBlock (anonymous) at (8,2) size 21x13
                    RenderText at (0,0) size 21x13
                      text run at (0,0) width 21: " Go "
                RenderText {TEXT} at (148,2) size 4x18
                  text run at (148,2) width 4: " "
                RenderBR {BR} at (0,0) size 0x0
                RenderText {TEXT} at (0,23) size 188x18
                  text run at (0,23) width 188: "Enter City Name or Zip Code"
          RenderTableRow {TR} at (0,0) size 0x0
      RenderBlock {HR} at (0,113) size 784x2 [border: (1px inset #000000)]
      RenderBlock {H3} at (0,133) size 784x22
        RenderText {TEXT} at (0,0) size 206x22
          text run at (0,0) width 206: "With short hidden values"
      RenderTable {TABLE} at (0,173) size 196x65 [border: (1px solid #FF0000)]
        RenderTableSection {TBODY} at (1,1) size 0x63
          RenderTableRow {TR} at (0,0) size 0x0
            RenderTableCell {TD} at (2,2) size 190x59 [r=0 c=0 rs=1 cs=1]
              RenderBlock {FORM} at (1,1) size 188x41
                RenderLineEdit {INPUT} at (2,2) size 99x19
                RenderText {TEXT} at (103,2) size 4x18
                  text run at (103,2) width 4: " "
                RenderButton {INPUT} at (109,3) size 37x18 [bgcolor=#C0C0C0]
                  RenderBlock (anonymous) at (8,2) size 21x13
                    RenderText at (0,0) size 21x13
                      text run at (0,0) width 21: " Go "
                RenderText {TEXT} at (148,2) size 4x18
                  text run at (148,2) width 4: " "
                RenderBR {BR} at (0,0) size 0x0
                RenderText {TEXT} at (0,23) size 188x18
                  text run at (0,23) width 188: "Enter City Name or Zip Code"
          RenderTableRow {TR} at (0,0) size 0x0
