layer at (0,0) size 800x600
  RenderCanvas at (0,0) size 800x600
layer at (0,0) size 800x96
  RenderBlock {HTML} at (0,0) size 800x96
    RenderBody {BODY} at (8,8) size 784x80
      RenderTable {TABLE} at (0,0) size 266x80 [border: (4px outset #808080)]
        RenderTableSection {TBODY} at (4,28) size 0x24
          RenderTableRow {TR} at (0,0) size 0x0
            RenderTableCell {TD} at (2,2) size 30x20 [r=0 c=0 rs=1 cs=1]
              RenderText {TEXT} at (1,1) size 28x18
                text run at (1,1) width 28: "r0c0"
            RenderTableCell {TD} at (34,2) size 30x20 [r=0 c=1 rs=1 cs=1]
              RenderText {TEXT} at (1,1) size 28x18
                text run at (1,1) width 28: "r0c1"
            RenderTableCell {TD} at (66,2) size 30x20 [r=0 c=2 rs=1 cs=1]
              RenderText {TEXT} at (1,1) size 28x18
                text run at (1,1) width 28: "r0c2"
            RenderTableCell {TD} at (98,2) size 30x20 [r=0 c=3 rs=1 cs=1]
              RenderText {TEXT} at (1,1) size 28x18
                text run at (1,1) width 28: "r0c3"
            RenderTableCell {TD} at (130,2) size 30x20 [r=0 c=4 rs=1 cs=1]
              RenderText {TEXT} at (1,1) size 28x18
                text run at (1,1) width 28: "r0c4"
            RenderTableCell {TD} at (162,2) size 30x20 [r=0 c=5 rs=1 cs=1]
              RenderText {TEXT} at (1,1) size 28x18
                text run at (1,1) width 28: "r0c5"
            RenderTableCell {TD} at (194,2) size 30x20 [r=0 c=6 rs=1 cs=1]
              RenderText {TEXT} at (1,1) size 28x18
                text run at (1,1) width 28: "r0c6"
            RenderTableCell {TD} at (226,2) size 30x20 [r=0 c=7 rs=1 cs=1]
              RenderText {TEXT} at (1,1) size 28x18
                text run at (1,1) width 28: "r0c7"
        RenderTableSection {THEAD} at (4,4) size 0x24
          RenderTableRow {TR} at (0,0) size 0x0
            RenderTableCell {TD} at (2,2) size 30x20 [r=0 c=0 rs=1 cs=1]
              RenderText {TEXT} at (1,1) size 16x18
                text run at (1,1) width 16: "h0"
            RenderTableCell {TD} at (34,2) size 30x20 [r=0 c=1 rs=1 cs=1]
              RenderText {TEXT} at (1,1) size 16x18
                text run at (1,1) width 16: "h1"
            RenderTableCell {TD} at (66,2) size 30x20 [r=0 c=2 rs=1 cs=1]
              RenderText {TEXT} at (1,1) size 16x18
                text run at (1,1) width 16: "h2"
            RenderTableCell {TD} at (98,2) size 30x20 [r=0 c=3 rs=1 cs=1]
              RenderText {TEXT} at (1,1) size 16x18
                text run at (1,1) width 16: "h3"
            RenderTableCell {TD} at (130,2) size 30x20 [r=0 c=4 rs=1 cs=1]
              RenderText {TEXT} at (1,1) size 16x18
                text run at (1,1) width 16: "h4"
            RenderTableCell {TD} at (162,2) size 30x20 [r=0 c=5 rs=1 cs=1]
              RenderText {TEXT} at (1,1) size 16x18
                text run at (1,1) width 16: "h5"
            RenderTableCell {TD} at (194,2) size 30x20 [r=0 c=6 rs=1 cs=1]
              RenderText {TEXT} at (1,1) size 16x18
                text run at (1,1) width 16: "h6"
            RenderTableCell {TD} at (226,2) size 30x20 [r=0 c=7 rs=1 cs=1]
              RenderText {TEXT} at (1,1) size 16x18
                text run at (1,1) width 16: "h7"
        RenderTableSection {TFOOT} at (4,52) size 0x24
          RenderTableRow {TR} at (0,0) size 0x0
            RenderTableCell {TD} at (2,2) size 30x20 [r=0 c=0 rs=1 cs=1]
              RenderText {TEXT} at (1,1) size 13x18
                text run at (1,1) width 13: "f0"
            RenderTableCell {TD} at (34,2) size 30x20 [r=0 c=1 rs=1 cs=1]
              RenderText {TEXT} at (1,1) size 13x18
                text run at (1,1) width 13: "f1"
            RenderTableCell {TD} at (66,2) size 30x20 [r=0 c=2 rs=1 cs=1]
              RenderText {TEXT} at (1,1) size 13x18
                text run at (1,1) width 13: "f2"
            RenderTableCell {TD} at (98,2) size 30x20 [r=0 c=3 rs=1 cs=1]
              RenderText {TEXT} at (1,1) size 13x18
                text run at (1,1) width 13: "f3"
            RenderTableCell {TD} at (130,2) size 30x20 [r=0 c=4 rs=1 cs=1]
              RenderText {TEXT} at (1,1) size 13x18
                text run at (1,1) width 13: "f4"
            RenderTableCell {TD} at (162,2) size 30x20 [r=0 c=5 rs=1 cs=1]
              RenderText {TEXT} at (1,1) size 13x18
                text run at (1,1) width 13: "f5"
            RenderTableCell {TD} at (194,2) size 30x20 [r=0 c=6 rs=1 cs=1]
              RenderText {TEXT} at (1,1) size 13x18
                text run at (1,1) width 13: "f6"
            RenderTableCell {TD} at (226,2) size 30x20 [r=0 c=7 rs=1 cs=1]
              RenderText {TEXT} at (1,1) size 13x18
                text run at (1,1) width 13: "f7"
