layer at (0,0) size 800x600
  RenderCanvas at (0,0) size 800x600
layer at (0,0) size 800x600
  RenderBlock {HTML} at (0,0) size 800x600
    RenderBody {BODY} at (8,8) size 784x584
      RenderBlock (anonymous) at (0,0) size 784x18
        RenderText {TEXT} at (0,0) size 488x18
          text run at (0,0) width 488: "BUG: Inside a cell, \"height:x%\" is ignored. It looks like 'auto' is used instead."
        RenderBR {BR} at (0,0) size 0x0
      RenderListItem {LI} at (0,18) size 784x18
        RenderListMarker at (-1,0) size 7x18
        RenderText {TEXT} at (14,0) size 260x18
          text run at (14,0) width 260: "Absolute units work correctly (eg. 50px)."
      RenderListItem {LI} at (0,36) size 784x490
        RenderBlock (anonymous) at (0,0) size 784x18
          RenderListMarker at (-1,0) size 7x18
          RenderText {TEXT} at (14,0) size 181x18
            text run at (14,0) width 181: "\"width:x%\" works correctly."
        RenderBlock {HR} at (0,26) size 784x2 [border: (1px inset #000000)]
        RenderTable {TABLE} at (0,36) size 784x100
          RenderTableSection {TBODY} at (0,0) size 0x100
            RenderTableRow {TR} at (0,0) size 0x0
              RenderTableCell {TD} at (2,2) size 780x75 [bgcolor=#FF0000] [r=0 c=0 rs=1 cs=1]
                RenderTextArea {TEXTAREA} at (1,1) size 622x73
                RenderText {TEXT} at (0,0) size 0x0
        RenderBlock {HR} at (0,144) size 784x2 [border: (1px inset #000000)]
        RenderTable {TABLE} at (0,154) size 784x100
          RenderTableSection {TBODY} at (0,0) size 0x100
            RenderTableRow {TR} at (0,0) size 0x0
              RenderTableCell {TD} at (2,9) size 780x82 [bgcolor=#FF0000] [r=0 c=0 rs=1 cs=1]
                RenderTextArea {TEXTAREA} at (1,1) size 622x80
                RenderText {TEXT} at (0,0) size 0x0
        RenderBlock {HR} at (0,262) size 784x2 [border: (1px inset #000000)]
        RenderTable {TABLE} at (0,272) size 784x100
          RenderTableSection {TBODY} at (0,0) size 0x100
            RenderTableRow {TR} at (0,0) size 0x0
              RenderTableCell {TD} at (2,2) size 780x77 [bgcolor=#FF0000] [r=0 c=0 rs=1 cs=1]
                RenderBlock {P} at (1,1) size 622x75 [bgcolor=#FFFFE0]
                  RenderText {TEXT} at (0,0) size 229x18
                    text run at (0,0) width 229: "BUG: the height of the P is not 80%"
        RenderBlock {HR} at (0,380) size 784x2 [border: (1px inset #000000)]
        RenderTable {TABLE} at (0,390) size 784x100
          RenderTableSection {TBODY} at (0,0) size 0x100
            RenderTableRow {TR} at (0,0) size 0x0
              RenderTableCell {TD} at (2,9) size 780x82 [bgcolor=#FF0000] [r=0 c=0 rs=1 cs=1]
                RenderBlock {P} at (1,1) size 622x80 [bgcolor=#FFFFE0]
                  RenderText {TEXT} at (0,0) size 222x18
                    text run at (0,0) width 222: "OK: the height of the P is 80 pixels"
