layer at (0,0) size 800x600
  RenderView at (0,0) size 800x600
layer at (0,0) size 800x600
  RenderBlock {HTML} at (0,0) size 800x600
    RenderBody {BODY} at (8,8) size 784x584
      RenderTable {TABLE} at (0,0) size 718x38 [border: (1px outset #808080)]
        RenderTableSection {TBODY} at (1,1) size 716x36
          RenderTableRow {TR} at (0,2) size 716x32
            RenderTableCell {TD} at (2,2) size 712x32 [border: (1px inset #808080)] [r=0 c=0 rs=1 cs=1]
              RenderTable {TABLE} at (2,2) size 708x28 [border: (1px outset #808080)]
                RenderTableSection {TBODY} at (1,1) size 706x26
                  RenderTableRow {TR} at (0,2) size 706x22
                    RenderTableCell {TD} at (2,2) size 200x22 [border: (1px inset #808080)] [r=0 c=0 rs=1 cs=1]
                      RenderText {#text} at (2,2) size 34x18
                        text run at (2,2) width 34: "cell 1"
                    RenderTableCell {TD} at (204,2) size 500x22 [border: (1px inset #808080)] [r=0 c=1 rs=1 cs=1]
                      RenderText {#text} at (2,2) size 34x18
                        text run at (2,2) width 34: "cell 2"
