layer at (0,0) size 800x600
  RenderView at (0,0) size 800x600
layer at (0,0) size 800x600
  RenderBlock {HTML} at (0,0) size 800x600
    RenderBody {BODY} at (8,8) size 784x584 [bgcolor=#FFFFFF]
      RenderBlock (anonymous) at (0,0) size 784x18
        RenderText {#text} at (0,0) size 716x18
          text run at (0,0) width 716: "The bug causes the nested table containing the textarea to be positioned away from the left edge of the outer table "
        RenderBR {BR} at (716,14) size 0x0
      RenderTable {TABLE} at (242,18) size 300x52 [border: (1px outset #808080)]
        RenderTableSection {TBODY} at (1,1) size 298x50
          RenderTableRow {TR} at (0,2) size 298x46
            RenderTableCell {TD} at (2,2) size 294x46 [border: (1px inset #808080)] [r=0 c=0 rs=1 cs=1]
              RenderTable {TABLE} at (2,2) size 76x42 [border: (1px outset #808080)]
                RenderBlock {FORM} at (0,0) size 0x0
                RenderTableSection {TBODY} at (1,1) size 74x40
                  RenderTableRow {TR} at (0,2) size 74x36
                    RenderTableCell {TD} at (2,2) size 70x36 [border: (1px inset #808080)] [r=0 c=0 rs=1 cs=1]
                      RenderTextArea {TEXTAREA} at (4,4) size 62x28
                      RenderText {#text} at (0,0) size 0x0
