layer at (0,0) size 800x600
  RenderCanvas at (0,0) size 800x600
layer at (0,0) size 800x600
  RenderBlock {HTML} at (0,0) size 800x600
    RenderBody {BODY} at (8,8) size 784x584
      RenderTable {TABLE} at (0,0) size 622x400 [border: (4px outset #808080)]
        RenderTableSection {TBODY} at (4,4) size 0x392
          RenderTableRow {TR} at (0,0) size 0x0
            RenderTableCell {TD} at (2,176) size 203x40 [border: (1px inset #808080)] [r=0 c=0 rs=2 cs=1]
              RenderText {TEXT} at (2,2) size 196x36
                text run at (2,2) width 196: "1 Some sample text for the first"
                text run at (2,20) width 188: "column. Notice its formatting."
            RenderTableCell {TD} at (207,69) size 405x58 [border: (1px inset #808080)] [r=0 c=1 rs=1 cs=1]
              RenderText {TEXT} at (2,2) size 401x54
                text run at (2,2) width 398: "2 Here is some sample text to demonstrate the problem. Is there"
                text run at (2,20) width 401: "some setting in Navigator that will make this work correctly ? If"
                text run at (2,38) width 220: "so I haven't found it. Is this a bug ?"
          RenderTableRow {TR} at (0,0) size 0x0
            RenderTableCell {TD} at (207,264) size 405x58 [border: (1px inset #808080)] [r=1 c=1 rs=1 cs=1]
              RenderText {TEXT} at (2,2) size 401x54
                text run at (2,2) width 398: "3 Here is some sample text to demonstrate the problem. Is there"
                text run at (2,20) width 401: "some setting in Navigator that will make this work correctly ? If"
                text run at (2,38) width 220: "so I haven't found it. Is this a bug ?"
