layer at (0,0) size 800x600
  RenderCanvas at (0,0) size 800x600
layer at (0,0) size 800x600
  RenderBlock {HTML} at (0,0) size 800x600
    RenderBody {BODY} at (8,8) size 784x584 [bgcolor=#000066]
      RenderBlock (anonymous) at (0,0) size 784x0
        RenderInline {BASEFONT} at (0,0) size 0x0
        RenderText {TEXT} at (0,0) size 0x0
      RenderTable {TABLE} at (0,0) size 613x95
        RenderTableSection {TBODY} at (0,0) size 0x95
          RenderTableRow {TR} at (0,0) size 0x0
            RenderTableCell {TD} at (0,5) size 126x85 [r=0 c=0 rs=2 cs=1]
              RenderInline {A} at (0,0) size 126x14 [color=#0000EE]
                RenderImage {IMG} at (0,0) size 126x85
              RenderText {TEXT} at (0,0) size 0x0
            RenderTableCell {TD} at (126,0) size 487x70 [r=0 c=1 rs=1 cs=3]
              RenderInline {NOBR} at (0,0) size 19x14
                RenderPartObject {IFRAME} at (0,0) size 468x60
                  layer at (0,0) size 468x60
                    RenderCanvas at (0,0) size 468x60
                  layer at (0,0) size 468x60
                    RenderBlock {HTML} at (0,0) size 468x60
                      RenderBody {BODY} at (0,0) size 468x60
                        RenderInline {A} at (0,0) size 468x14 [color=#0000EE]
                          RenderText {TEXT} at (0,0) size 0x0
                          RenderImage {IMG} at (0,0) size 468x60
                        RenderText {TEXT} at (0,0) size 0x0
                        RenderText {TEXT} at (0,0) size 0x0
                        RenderText {TEXT} at (0,0) size 0x0
                RenderInline {A} at (0,0) size 19x14 [color=#0000EE]
                  RenderImage {IMG} at (468,0) size 19x60
              RenderBR {BR} at (0,0) size 0x0
              RenderImage {IMG} at (0,60) size 470x10
              RenderBR {BR} at (0,0) size 0x0
          RenderBlock {FORM} at (0,0) size 613x0
          RenderTableRow {TR} at (0,0) size 0x0
            RenderTableCell {TD} at (126,70) size 242x25 [bgcolor=#CCCCCC] [r=1 c=1 rs=1 cs=1]
              RenderImage {IMG} at (0,0) size 232x25
            RenderTableCell {TD} at (368,71) size 112x23 [bgcolor=#CCCCCC] [r=1 c=2 rs=1 cs=1]
              RenderTextField {INPUT} at (4,2) size 78x19 [bgcolor=#FFFFFF] [border: (2px inset #000000)]
              RenderImageButton {INPUT} at (84,4) size 25x18
            RenderTableCell {TD} at (480,70) size 133x25 [bgcolor=#CCCCCC] [r=1 c=3 rs=1 cs=1]
              RenderBlock {INPUT} at (3,4) size 12x13
              RenderImage {IMG} at (18,0) size 40x25
              RenderBlock {INPUT} at (61,4) size 12x13
              RenderText {TEXT} at (76,1) size 4x18
                text run at (76,1) width 4: " "
              RenderImage {IMG} at (80,0) size 46x25
layer at (383,84) size 72x13
  RenderBlock {DIV} at (3,3) size 72x13
