layer at (0,0) size 785x642
  RenderCanvas at (0,0) size 785x600
layer at (0,0) size 785x642
  RenderBlock {HTML} at (0,0) size 785x642
    RenderBody {BODY} at (8,8) size 769x626 [bgcolor=#FFFFFF]
      RenderTable {TABLE} at (0,0) size 308x52 [border: (1px outset #808080)]
        RenderTableCol {COLGROUP} at (0,0) size 0x0
          RenderTableCol {COL} at (0,0) size 0x0
          RenderTableCol {COL} at (0,0) size 0x0
        RenderTableSection {TBODY} at (1,1) size 0x50
          RenderTableRow {TR} at (0,0) size 0x0
          RenderTableRow {TR} at (0,0) size 0x0
      RenderTable {TABLE} at (0,52) size 308x52 [border: (1px outset #808080)]
        RenderTableCol {COLGROUP} at (0,0) size 0x0
          RenderTableCol {COL} at (0,0) size 0x0
          RenderTableCol {COL} at (0,0) size 0x0
        RenderTableSection {TBODY} at (1,1) size 0x50
          RenderTableRow {TR} at (0,0) size 0x0
          RenderTableRow {TR} at (0,0) size 0x0
      RenderTable {TABLE} at (0,104) size 300x52 [border: (1px outset #808080)]
        RenderTableSection {TBODY} at (1,1) size 0x50
          RenderTableRow {TR} at (0,0) size 0x0
          RenderTableRow {TR} at (0,0) size 0x0
      RenderTable {TABLE} at (0,156) size 300x52 [border: (1px outset #808080)]
        RenderTableSection {TBODY} at (1,1) size 0x50
          RenderTableRow {TR} at (0,0) size 0x0
          RenderTableRow {TR} at (0,0) size 0x0
      RenderTable {TABLE} at (0,208) size 300x72 [border: (1px outset #808080)]
        RenderTableSection {TBODY} at (1,1) size 0x70
          RenderTableRow {TR} at (0,0) size 0x0
          RenderTableRow {TR} at (0,0) size 0x0
      RenderTable {TABLE} at (0,280) size 300x72 [border: (1px outset #808080)]
        RenderTableSection {TBODY} at (1,1) size 0x70
          RenderTableRow {TR} at (0,0) size 0x0
          RenderTableRow {TR} at (0,0) size 0x0
      RenderTable {TABLE} at (0,352) size 300x94 [border: (1px outset #808080)]
        RenderTableSection {TBODY} at (1,1) size 0x92
          RenderTableRow {TR} at (0,0) size 0x0
          RenderTableRow {TR} at (0,0) size 0x0
      RenderTable {TABLE} at (0,536) size 300x90 [border: (1px outset #808080)]
        RenderTableSection {TBODY} at (1,1) size 0x88
          RenderTableRow {TR} at (0,0) size 0x0
          RenderTableRow {TR} at (0,0) size 0x0
layer at (11,11) size 200x22 clip at (12,12) size 198x20
  RenderTableCell {TD} at (2,2) size 200x22 [bgcolor=#0000FF] [border: (1px inset #808080)] [r=0 c=0 rs=1 cs=1]
    RenderText {TEXT} at (2,2) size 4x18
      text run at (2,2) width 4: " "
layer at (213,11) size 100x22 clip at (214,12) size 98x20
  RenderTableCell {TD} at (204,2) size 100x22 [bgcolor=#0000FF] [border: (1px inset #808080)] [r=0 c=1 rs=1 cs=1]
    RenderText {TEXT} at (2,2) size 4x18
      text run at (2,2) width 4: " "
layer at (11,35) size 200x22 clip at (12,36) size 198x20
  RenderTableCell {TD} at (2,26) size 200x22 [bgcolor=#0000FF] [border: (1px inset #808080)] [r=1 c=0 rs=1 cs=1]
    RenderText {TEXT} at (2,2) size 4x18
      text run at (2,2) width 4: " "
layer at (213,35) size 100x22 clip at (214,36) size 98x20
  RenderTableCell {TD} at (204,26) size 100x22 [bgcolor=#0000FF] [border: (1px inset #808080)] [r=1 c=1 rs=1 cs=1]
    RenderText {TEXT} at (2,2) size 4x18
      text run at (2,2) width 4: " "
layer at (11,63) size 200x22 clip at (12,64) size 198x20
  RenderTableCell {TD} at (2,2) size 200x22 [bgcolor=#0000FF] [border: (1px inset #808080)] [r=0 c=0 rs=1 cs=1]
    RenderText {TEXT} at (2,2) size 4x18
      text run at (2,2) width 4: " "
layer at (213,63) size 100x22 clip at (214,64) size 98x20
  RenderTableCell {TD} at (204,2) size 100x22 [bgcolor=#0000FF] [border: (1px inset #808080)] [r=0 c=1 rs=1 cs=1]
    RenderText {TEXT} at (2,2) size 4x18
      text run at (2,2) width 4: " "
layer at (11,87) size 200x22 clip at (12,88) size 198x20
  RenderTableCell {TD} at (2,26) size 200x22 [bgcolor=#0000FF] [border: (1px inset #808080)] [r=1 c=0 rs=1 cs=1]
    RenderText {TEXT} at (2,2) size 4x18
      text run at (2,2) width 4: " "
layer at (213,87) size 100x22 clip at (214,88) size 98x20
  RenderTableCell {TD} at (204,26) size 100x22 [bgcolor=#0000FF] [border: (1px inset #808080)] [r=1 c=1 rs=1 cs=1]
    RenderText {TEXT} at (2,2) size 4x18
      text run at (2,2) width 4: " "
layer at (11,115) size 186x22 clip at (12,116) size 184x20
  RenderTableCell {TD} at (2,2) size 186x22 [bgcolor=#0000FF] [border: (1px inset #808080)] [r=0 c=0 rs=1 cs=1]
    RenderText {TEXT} at (2,2) size 4x18
      text run at (2,2) width 4: " "
layer at (199,115) size 106x22 clip at (200,116) size 104x20
  RenderTableCell {TD} at (190,2) size 106x22 [bgcolor=#0000FF] [border: (1px inset #808080)] [r=0 c=1 rs=1 cs=1]
    RenderText {TEXT} at (2,2) size 4x18
      text run at (2,2) width 4: " "
layer at (11,139) size 186x22 clip at (12,140) size 184x20
  RenderTableCell {TD} at (2,26) size 186x22 [bgcolor=#0000FF] [border: (1px inset #808080)] [r=1 c=0 rs=1 cs=1]
    RenderText {TEXT} at (2,2) size 4x18
      text run at (2,2) width 4: " "
layer at (199,139) size 106x22 clip at (200,140) size 104x20
  RenderTableCell {TD} at (190,26) size 106x22 [bgcolor=#0000FF] [border: (1px inset #808080)] [r=1 c=1 rs=1 cs=1]
    RenderText {TEXT} at (2,2) size 4x18
      text run at (2,2) width 4: " "
layer at (11,167) size 150x22 clip at (12,168) size 148x20
  RenderTableCell {TD} at (2,2) size 150x22 [bgcolor=#0000FF] [border: (1px inset #808080)] [r=0 c=0 rs=1 cs=1]
    RenderText {TEXT} at (2,2) size 4x18
      text run at (2,2) width 4: " "
layer at (163,167) size 142x22 clip at (164,168) size 140x20
  RenderTableCell {TD} at (154,2) size 142x22 [bgcolor=#0000FF] [border: (1px inset #808080)] [r=0 c=1 rs=1 cs=1]
    RenderText {TEXT} at (2,2) size 4x18
      text run at (2,2) width 4: " "
layer at (11,191) size 150x22 clip at (12,192) size 148x20
  RenderTableCell {TD} at (2,26) size 150x22 [bgcolor=#0000FF] [border: (1px inset #808080)] [r=1 c=0 rs=1 cs=1]
    RenderText {TEXT} at (2,2) size 4x18
      text run at (2,2) width 4: " "
layer at (163,191) size 142x22 clip at (164,192) size 140x20
  RenderTableCell {TD} at (154,26) size 142x22 [bgcolor=#0000FF] [border: (1px inset #808080)] [r=1 c=1 rs=1 cs=1]
    RenderText {TEXT} at (2,2) size 4x18
      text run at (2,2) width 4: " "
layer at (11,219) size 150x42 clip at (12,220) size 148x40 scrollWidth 201
  RenderTableCell {TD} at (2,2) size 150x42 [bgcolor=#0000FF] [border: (1px inset #808080)] [r=0 c=0 rs=1 cs=1]
    RenderBlock {FORM} at (2,2) size 146x22
      RenderButton {BUTTON} at (0,2) size 200x18 [bgcolor=#C0C0C0] [border: (2px outset #C0C0C0) none (2px outset #C0C0C0)]
        RenderBlock (anonymous) at (8,2) size 184x13
          RenderText {TEXT} at (74,0) size 36x13
            text run at (74,0) width 36: "button"
layer at (163,219) size 142x42 clip at (164,220) size 140x40
  RenderTableCell {TD} at (154,12) size 142x22 [bgcolor=#0000FF] [border: (1px inset #808080)] [r=0 c=1 rs=1 cs=1]
    RenderText {TEXT} at (2,2) size 4x18
      text run at (2,2) width 4: " "
layer at (11,263) size 150x22 clip at (12,264) size 148x20
  RenderTableCell {TD} at (2,46) size 150x22 [bgcolor=#0000FF] [border: (1px inset #808080)] [r=1 c=0 rs=1 cs=1]
    RenderText {TEXT} at (2,2) size 4x18
      text run at (2,2) width 4: " "
layer at (163,263) size 142x22 clip at (164,264) size 140x20
  RenderTableCell {TD} at (154,46) size 142x22 [bgcolor=#0000FF] [border: (1px inset #808080)] [r=1 c=1 rs=1 cs=1]
    RenderText {TEXT} at (2,2) size 4x18
      text run at (2,2) width 4: " "
layer at (11,291) size 280x42 clip at (12,292) size 278x40
  RenderTableCell {TD} at (2,2) size 280x42 [bgcolor=#0000FF] [border: (1px inset #808080)] [r=0 c=0 rs=1 cs=1]
    RenderBlock {FORM} at (2,2) size 276x22
      RenderButton {BUTTON} at (0,2) size 200x18 [bgcolor=#C0C0C0] [border: (2px outset #C0C0C0) none (2px outset #C0C0C0)]
        RenderBlock (anonymous) at (8,2) size 184x13
          RenderText {TEXT} at (74,0) size 36x13
            text run at (74,0) width 36: "button"
layer at (293,291) size 12x42 clip at (294,292) size 10x40
  RenderTableCell {TD} at (284,12) size 12x22 [bgcolor=#0000FF] [border: (1px inset #808080)] [r=0 c=1 rs=1 cs=1]
    RenderText {TEXT} at (2,2) size 4x18
      text run at (2,2) width 4: " "
layer at (11,335) size 280x22 clip at (12,336) size 278x20
  RenderTableCell {TD} at (2,46) size 280x22 [bgcolor=#0000FF] [border: (1px inset #808080)] [r=1 c=0 rs=1 cs=1]
    RenderText {TEXT} at (2,2) size 4x18
      text run at (2,2) width 4: " "
layer at (293,335) size 12x22 clip at (294,336) size 10x20
  RenderTableCell {TD} at (284,46) size 12x22 [bgcolor=#0000FF] [border: (1px inset #808080)] [r=1 c=1 rs=1 cs=1]
    RenderText {TEXT} at (2,2) size 4x18
      text run at (2,2) width 4: " "
layer at (11,363) size 150x46 clip at (12,364) size 148x44 scrollWidth 216
  RenderTableCell {TD} at (2,2) size 150x46 [bgcolor=#0000FF] [border: (1px inset #808080)] [r=0 c=0 rs=1 cs=1]
    RenderBlock {DIV} at (11,11) size 206x24 [border: (3px solid #000000)]
      RenderText {TEXT} at (3,3) size 20x18
        text run at (3,3) width 20: "div"
layer at (163,363) size 142x46 clip at (164,364) size 140x44
  RenderTableCell {TD} at (154,5) size 142x40 [bgcolor=#0000FF] [border: (1px inset #808080)] [r=0 c=1 rs=1 cs=1]
    RenderText {TEXT} at (11,11) size 4x18
      text run at (11,11) width 4: " "
layer at (11,411) size 150x40 clip at (12,412) size 148x38
  RenderTableCell {TD} at (2,50) size 150x40 [bgcolor=#0000FF] [border: (1px inset #808080)] [r=1 c=0 rs=1 cs=1]
    RenderText {TEXT} at (11,11) size 4x18
      text run at (11,11) width 4: " "
layer at (163,411) size 142x40 clip at (164,412) size 140x38
  RenderTableCell {TD} at (154,50) size 142x40 [bgcolor=#0000FF] [border: (1px inset #808080)] [r=1 c=1 rs=1 cs=1]
    RenderText {TEXT} at (11,11) size 4x18
      text run at (11,11) width 4: " "
layer at (8,454) size 300x90 clip at (9,455) size 298x88
  RenderTable {TABLE} at (0,446) size 300x90 [border: (1px outset #808080)]
    RenderTableSection {TBODY} at (1,1) size 0x88
      RenderTableRow {TR} at (0,0) size 0x0
      RenderTableRow {TR} at (0,0) size 0x0
layer at (11,457) size 150x60 clip at (12,458) size 148x58 scrollWidth 207
  RenderTableCell {TD} at (2,2) size 150x60 [bgcolor=#0000FF] [border: (1px inset #808080)] [r=0 c=0 rs=1 cs=1]
    RenderBlock {P} at (2,18) size 206x24 [border: (3px solid #000000)]
      RenderText {TEXT} at (3,3) size 27x18
        text run at (3,3) width 27: "para"
layer at (163,457) size 142x60 clip at (164,458) size 140x58
  RenderTableCell {TD} at (154,21) size 142x22 [bgcolor=#0000FF] [border: (1px inset #808080)] [r=0 c=1 rs=1 cs=1]
    RenderText {TEXT} at (2,2) size 4x18
      text run at (2,2) width 4: " "
layer at (11,519) size 150x22 clip at (12,520) size 148x20
  RenderTableCell {TD} at (2,64) size 150x22 [bgcolor=#0000FF] [border: (1px inset #808080)] [r=1 c=0 rs=1 cs=1]
    RenderText {TEXT} at (2,2) size 4x18
      text run at (2,2) width 4: " "
layer at (163,519) size 142x22 clip at (164,520) size 140x20
  RenderTableCell {TD} at (154,64) size 142x22 [bgcolor=#0000FF] [border: (1px inset #808080)] [r=1 c=1 rs=1 cs=1]
    RenderText {TEXT} at (2,2) size 4x18
      text run at (2,2) width 4: " "
layer at (11,547) size 252x60 clip at (12,548) size 250x58
  RenderTableCell {TD} at (2,2) size 252x60 [bgcolor=#0000FF] [border: (1px inset #808080)] [r=0 c=0 rs=1 cs=1]
    RenderBlock {P} at (2,18) size 206x24 [border: (3px solid #000000)]
      RenderText {TEXT} at (3,3) size 27x18
        text run at (3,3) width 27: "para"
layer at (265,547) size 40x60 clip at (266,548) size 38x58
  RenderTableCell {TD} at (256,21) size 40x22 [bgcolor=#0000FF] [border: (1px inset #808080)] [r=0 c=1 rs=1 cs=1]
    RenderText {TEXT} at (2,2) size 4x18
      text run at (2,2) width 4: " "
layer at (11,609) size 252x22 clip at (12,610) size 250x20
  RenderTableCell {TD} at (2,64) size 252x22 [bgcolor=#0000FF] [border: (1px inset #808080)] [r=1 c=0 rs=1 cs=1]
    RenderText {TEXT} at (2,2) size 4x18
      text run at (2,2) width 4: " "
layer at (265,609) size 40x22 clip at (266,610) size 38x20
  RenderTableCell {TD} at (256,64) size 40x22 [bgcolor=#0000FF] [border: (1px inset #808080)] [r=1 c=1 rs=1 cs=1]
    RenderText {TEXT} at (2,2) size 4x18
      text run at (2,2) width 4: " "
