layer at (0,0) size 800x600
  RenderCanvas at (0,0) size 800x600
layer at (0,0) size 800x600
  RenderBlock {HTML} at (0,0) size 800x600
    RenderBody {BODY} at (8,8) size 784x584
      RenderTable {TABLE} at (0,0) size 627x46 [border: (1px outset #808080)]
        RenderTableSection {TBODY} at (1,1) size 0x44
          RenderTableRow {TR} at (0,0) size 0x0
            RenderTableCell {TD} at (2,2) size 621x40 [border: (1px inset #808080)] [r=0 c=0 rs=1 cs=2]
              RenderText {TEXT} at (2,2) size 584x36
                text run at (2,2) width 434: "This is some text, this is some text, this is some text, this is some text "
                text run at (436,2) width 150: "This is some text, this is"
                text run at (2,20) width 276: "some text, this is some text, this is some text"
