layer at (0,0) size 800x600
  RenderCanvas at (0,0) size 800x600
layer at (0,0) size 800x600
  RenderBlock {HTML} at (0,0) size 800x600
    RenderBody {BODY} at (8,8) size 784x584 [bgcolor=#FFFFFF]
      RenderBlock {P} at (0,0) size 784x36
        RenderText {TEXT} at (0,0) size 251x18
          text run at (0,0) width 251: "The table below is inside a div tag with "
        RenderInline {B} at (0,0) size 56x18
          RenderText {TEXT} at (251,0) size 56x18
            text run at (251,0) width 56: "absolute"
        RenderText {TEXT} at (307,0) size 771x36
          text run at (307,0) width 151: " positioning for top and "
          text run at (458,0) width 138: "left but not for width. "
          text run at (596,0) width 175: "The table should push it out"
          text run at (0,18) width 309: "to 100% but it doesn't. Instead the layer collapses"
      RenderBlock {P} at (0,52) size 784x72
        RenderBR {BR} at (0,0) size 0x18
        RenderBR {BR} at (0,18) size 0x18
        RenderBR {BR} at (0,36) size 0x18
        RenderBR {BR} at (0,54) size 0x18
      RenderBlock {P} at (0,140) size 784x36
        RenderText {TEXT} at (0,0) size 260x18
          text run at (0,0) width 260: "The next table is inside a div tag set with "
        RenderInline {B} at (0,0) size 50x18
          RenderText {TEXT} at (260,0) size 50x18
            text run at (260,0) width 50: "relative"
        RenderText {TEXT} at (310,0) size 82x18
          text run at (310,0) width 82: " positioning. "
        RenderBR {BR} at (0,0) size 0x0
        RenderText {TEXT} at (0,18) size 140x18
          text run at (0,18) width 140: "No width has been set"
layer at (8,70) size 792x28
  RenderBlock (positioned) {DIV} at (8,70) size 792x28 [bgcolor=#CCFFCC]
    RenderTable {TABLE} at (0,0) size 792x28 [border: (1px outset #808080)]
      RenderTableSection {TBODY} at (1,1) size 0x26
        RenderTableRow {TR} at (0,0) size 0x0
          RenderTableCell {TD} at (2,2) size 786x22 [border: (1px inset #808080)] [r=0 c=0 rs=1 cs=1]
            RenderText {TEXT} at (2,2) size 130x18
              text run at (2,2) width 130: "Table width = 100%"
layer at (8,200) size 784x28
  RenderBlock (relative positioned) {DIV} at (0,192) size 784x28 [bgcolor=#CC0066]
    RenderTable {TABLE} at (0,0) size 784x28 [border: (1px outset #808080)]
      RenderTableSection {TBODY} at (1,1) size 0x26
        RenderTableRow {TR} at (0,0) size 0x0
          RenderTableCell {TD} at (2,2) size 778x22 [border: (1px inset #808080)] [r=0 c=0 rs=1 cs=1]
            RenderText {TEXT} at (2,2) size 130x18
              text run at (2,2) width 130: "Table width = 100%"
