layer at (0,0) size 800x600
  RenderCanvas at (0,0) size 800x600
layer at (0,0) size 800x160
  RenderBlock {HTML} at (0,0) size 800x160
    RenderBody {BODY} at (8,8) size 784x144
      RenderTable {TABLE} at (0,0) size 96x52 [border: (1px outset #808080)]
        RenderTableSection {TBODY} at (1,1) size 94x50
          RenderTableRow {TR} at (0,2) size 94x46
            RenderTableCell {TD} at (2,2) size 90x46 [border: (1px inset #808080)] [r=0 c=0 rs=1 cs=1]
              RenderBlock {DIV} at (2,2) size 86x42 [border: (3px dotted #00FF00)]
                RenderText {#text} at (3,3) size 107x36
                  text run at (3,3) width 71: "Truncated?"
                  text run at (3,21) width 107: " It should not be!"
      RenderBlock {P} at (0,68) size 784x18
        RenderText {#text} at (0,0) size 738x18
          text run at (0,0) width 463: "According to the rules of CSS, the text above should spill right out of the "
          text run at (463,0) width 275: "table, as it does in the table-less case below:"
      RenderBlock {DIV} at (0,102) size 86x42 [border: (3px dotted #00FF00)]
        RenderText {#text} at (3,3) size 107x36
          text run at (3,3) width 71: "Truncated?"
          text run at (3,21) width 107: " It should not be!"
