layer at (0,0) size 800x600
  RenderCanvas at (0,0) size 800x600
layer at (0,0) size 800x600
  RenderBlock {HTML} at (0,0) size 800x600
    RenderBody {BODY} at (8,8) size 784x584 [bgcolor=#FFFFFF]
      RenderTable {TABLE} at (0,0) size 642x172 [border: (1px outset #808080)]
        RenderTableSection {TBODY} at (1,1) size 0x170
          RenderTableRow {TR} at (0,0) size 0x0
            RenderTableCell {TD} at (2,80) size 124x10 [border: (1px inset #808080)] [r=0 c=0 rs=1 cs=1]
              RenderTable {TABLE} at (2,2) size 120x6
                RenderTableSection {TBODY} at (0,0) size 0x6
                  RenderTableRow {TR} at (0,0) size 0x0
                    RenderBlock {FORM} at (0,0) size 0x0
                    RenderTableCell {TD} at (2,2) size 116x2 [r=0 c=0 rs=1 cs=1]
            RenderTableCell {TD} at (128,2) size 510x166 [border: (1px inset #808080)] [r=0 c=1 rs=1 cs=1]
              RenderTable {TABLE} at (2,2) size 506x162 [border: (1px outset #808080)]
                RenderTableSection {TBODY} at (1,1) size 0x160
                  RenderTableRow {TR} at (0,0) size 0x0
                    RenderTableCell {TD} at (2,2) size 500x156 [border: (1px inset #808080)] [r=0 c=0 rs=1 cs=1]
                      RenderTable {TABLE} at (2,2) size 496x80
                        RenderTableSection {TBODY} at (0,0) size 0x80
                          RenderTableRow {TR} at (0,0) size 0x0
                            RenderTableCell {TD} at (10,10) size 476x60 [r=0 c=0 rs=1 cs=1]
                              RenderInline {A} at (0,0) size 468x14 [color=#0000EE]
                                RenderImage {IMG} at (0,0) size 468x60
                      RenderBlock (anonymous) at (2,82) size 496x72
                        RenderText {TEXT} at (0,0) size 480x72
                          text run at (0,0) width 296: "Your donation to protect our wildlife was paid "
                          text run at (296,0) width 166: "for by the sponsors on this"
                          text run at (0,18) width 109: "page, so it's free. "
                          text run at (109,18) width 371: "100% of each donation is distributed through organizations"
                          text run at (0,36) width 353: "working hard to protect our wildlife. You can view live "
                          text run at (353,36) width 108: "donation totals in"
                          text run at (0,54) width 207: "support of this cause by clicking."
