layer at (0,0) size 800x600
  RenderCanvas at (0,0) size 800x600
layer at (0,0) size 800x92
  RenderBlock {HTML} at (0,0) size 800x92
    RenderBody {BODY} at (8,19) size 784x65
      RenderBlock {H2} at (0,0) size 784x28
        RenderText {TEXT} at (0,0) size 204x28
          text run at (0,0) width 204: "table-column-group"
      RenderTable {DIV} at (0,47) size 70x18
        RenderTableCol {DIV} at (0,0) size 0x0
          RenderTableCol {DIV} at (0,0) size 0x0
          RenderTableCol {DIV} at (0,0) size 0x0
        RenderTableSection at (0,0) size 0x18
          RenderTableRow {DIV} at (0,0) size 0x0
            RenderTableCell {DIV} at (0,0) size 35x18 [r=0 c=0 rs=1 cs=1]
              RenderText {TEXT} at (0,0) size 35x18
                text run at (0,0) width 35: "white"
            RenderTableCell {DIV} at (35,0) size 35x18 [r=0 c=1 rs=1 cs=1]
              RenderText {TEXT} at (0,0) size 35x18
                text run at (0,0) width 35: "white"
