layer at (0,0) size 800x600
  RenderCanvas at (0,0) size 800x600
layer at (0,0) size 800x600
  RenderBlock {HTML} at (0,0) size 800x600
    RenderBody {BODY} at (8,8) size 784x584
      RenderTable {TABLE} at (0,0) size 784x584
        RenderTableSection {TBODY} at (0,0) size 0x584
          RenderTableRow {TR} at (0,0) size 0x0
            RenderTableCell {TD} at (2,282) size 780x20 [r=0 c=0 rs=1 cs=1]
              RenderText {TEXT} at (361,1) size 57x18
                text run at (361,1) width 57: "Centered"
