layer at (0,0) size 800x600
  RenderCanvas at (0,0) size 800x600
layer at (0,0) size 800x600
  RenderBlock {HTML} at (0,0) size 800x600
    RenderBody {BODY} at (8,8) size 784x584 [bgcolor=#3333FF]
      RenderBlock {CENTER} at (0,0) size 784x69
        RenderTable {TABLE} at (170,0) size 443x69 [bgcolor=#FFFFFF] [border: (2px outset #808080)]
          RenderBlock {CAPTION} at (0,0) size 439x21
            RenderInline {B} at (0,0) size 130x18
              RenderInline {FONT} at (0,0) size 130x20 [color=#C0C0C0]
                RenderText {TEXT} at (154,0) size 130x21
                  text run at (154,0) width 130: "Future Bugzilla"
            RenderText {TEXT} at (0,0) size 0x0
          RenderTableSection {TBODY} at (2,23) size 0x44
            RenderTableRow {TR} at (0,0) size 0x0
              RenderTableCell {TD} at (2,2) size 41x19 [bgcolor=#009900] [border: (1px inset #808080)] [r=0 c=0 rs=1 cs=1]
                RenderBlock {DIV} at (2,2) size 37x15
                  RenderInline {B} at (0,0) size 37x15
                    RenderInline {FONT} at (0,0) size 37x15
                      RenderText {TEXT} at (0,0) size 37x15
                        text run at (0,0) width 37: "Credit"
              RenderTableCell {TD} at (45,2) size 39x19 [bgcolor=#009900] [border: (1px inset #808080)] [r=0 c=1 rs=1 cs=1]
                RenderInline {B} at (0,0) size 25x15
                  RenderInline {FONT} at (0,0) size 25x15
                    RenderText {TEXT} at (2,2) size 25x15
                      text run at (2,2) width 25: "Bug"
              RenderTableCell {TD} at (86,2) size 144x19 [bgcolor=#009900] [border: (1px inset #808080)] [r=0 c=2 rs=1 cs=1]
                RenderInline {B} at (0,0) size 60x15
                  RenderInline {FONT} at (0,0) size 60x15
                    RenderText {TEXT} at (2,2) size 60x15
                      text run at (2,2) width 60: "Summary"
              RenderTableCell {TD} at (232,2) size 61x19 [bgcolor=#009900] [border: (1px inset #808080)] [r=0 c=3 rs=1 cs=1]
                RenderInline {B} at (0,0) size 39x15
                  RenderInline {FONT} at (0,0) size 39x15
                    RenderText {TEXT} at (2,2) size 39x15
                      text run at (2,2) width 39: "Status"
              RenderTableCell {TD} at (295,2) size 71x19 [bgcolor=#009900] [border: (1px inset #808080)] [r=0 c=4 rs=1 cs=1]
                RenderInline {B} at (0,0) size 67x15
                  RenderInline {FONT} at (0,0) size 67x15
                    RenderText {TEXT} at (2,2) size 67x15
                      text run at (2,2) width 67: "Resolution"
              RenderTableCell {TD} at (368,2) size 69x19 [bgcolor=#009900] [border: (1px inset #808080)] [r=0 c=5 rs=1 cs=1]
                RenderInline {B} at (0,0) size 65x15
                  RenderInline {FONT} at (0,0) size 65x15
                    RenderText {TEXT} at (2,2) size 65x15
                      text run at (2,2) width 65: "Date (-8/-7)"
            RenderTableRow {TR} at (0,0) size 0x0
              RenderTableCell {TD} at (2,23) size 41x19 [bgcolor=#FF0000] [border: (1px inset #808080)] [r=1 c=0 rs=1 cs=1]
                RenderInline {B} at (0,0) size 7x15
                  RenderInline {FONT} at (0,0) size 7x15
                    RenderText {TEXT} at (2,2) size 7x15
                      text run at (2,2) width 7: "1"
              RenderTableCell {TD} at (45,23) size 39x19 [bgcolor=#FF0000] [border: (1px inset #808080)] [r=1 c=1 rs=1 cs=1]
                RenderInline {B} at (0,0) size 35x15
                  RenderInline {FONT} at (0,0) size 35x15
                    RenderText {TEXT} at (0,0) size 0x0
                    RenderInline {A} at (0,0) size 35x15
                      RenderText {TEXT} at (2,2) size 35x15
                        text run at (2,2) width 35: "10000"
                    RenderText {TEXT} at (0,0) size 0x0
              RenderTableCell {TD} at (86,23) size 144x19 [bgcolor=#FF0000] [border: (1px inset #808080)] [r=1 c=2 rs=1 cs=1]
                RenderInline {B} at (0,0) size 140x15
                  RenderInline {FONT} at (0,0) size 140x15
                    RenderText {TEXT} at (2,2) size 140x15
                      text run at (2,2) width 140: "JWZ returns to Mozilla"
              RenderTableCell {TD} at (232,23) size 61x19 [bgcolor=#FF0000] [border: (1px inset #808080)] [r=1 c=3 rs=1 cs=1]
                RenderInline {B} at (0,0) size 57x15
                  RenderInline {FONT} at (0,0) size 57x15
                    RenderText {TEXT} at (2,2) size 57x15
                      text run at (2,2) width 57: "Resolved"
              RenderTableCell {TD} at (295,23) size 71x19 [bgcolor=#FF0000] [border: (1px inset #808080)] [r=1 c=4 rs=1 cs=1]
                RenderInline {B} at (0,0) size 58x15
                  RenderInline {FONT} at (0,0) size 58x15
                    RenderText {TEXT} at (2,2) size 58x15
                      text run at (2,2) width 58: "Duplicate"
              RenderTableCell {TD} at (368,23) size 69x19 [bgcolor=#FF0000] [border: (1px inset #808080)] [r=1 c=5 rs=1 cs=1]
                RenderInline {B} at (0,0) size 37x15
                  RenderInline {FONT} at (0,0) size 37x15
                    RenderText {TEXT} at (2,2) size 37x15
                      text run at (2,2) width 37: "July 1"
