layer at (0,0) size 800x600
  RenderCanvas at (0,0) size 800x600
layer at (0,0) size 800x136
  RenderBlock {HTML} at (0,0) size 800x136
    RenderBody {BODY} at (0,0) size 800x136
layer at (0,0) size 266x136 clip at (3,3) size 260x130 scrollHeight 176
  RenderBlock {DIV} at (0,0) size 266x136 [border: (3px solid #008000)]
    RenderTable {TABLE} at (16,3) size 64x176
      RenderTableSection {TBODY} at (0,0) size 0x176
        RenderTableRow {TR} at (0,0) size 0x0
          RenderTableCell {TD} at (0,0) size 64x176 [r=0 c=0 rs=1 cs=1]
            RenderText {TEXT} at (0,0) size 64x160
              text run at (0,0) width 64: "This____"
              text run at (0,16) width 64: "text____"
              text run at (0,32) width 64: "should__"
              text run at (0,48) width 64: "be______"
              text run at (0,64) width 64: "wrapped,"
              text run at (0,80) width 64: "one_____"
              text run at (0,96) width 64: "word____"
              text run at (0,112) width 64: "to______"
              text run at (0,128) width 64: "a_______"
              text run at (0,144) width 64: "line.___"
            RenderInline {SPAN} at (0,0) size 56x14 [color=#FFFF00] [bgcolor=#FF0000]
              RenderText {TEXT} at (0,161) size 56x16
                text run at (0,161) width 56: "_FAIL!__"
            RenderText {TEXT} at (0,0) size 0x0
