layer at (0,0) size 785x1507
  RenderCanvas at (0,0) size 785x600
layer at (0,0) size 785x1507
  RenderBlock {HTML} at (0,0) size 785x1507
    RenderBody {BODY} at (8,8) size 769x1491
      RenderTable {TABLE} at (0,0) size 227x497
        RenderTableSection {TBODY} at (0,0) size 0x497
          RenderTableRow {TR} at (0,0) size 0x0
            RenderTableCell {TD} at (2,2) size 223x20 [r=0 c=0 rs=1 cs=1]
              RenderText {TEXT} at (1,1) size 221x18
                text run at (1,1) width 221: "Occasional height/width on images"
          RenderBlock {FORM} at (0,0) size 227x0
          RenderTableRow {TR} at (0,0) size 0x0
            RenderTableCell {TD} at (2,24) size 223x34 [r=1 c=0 rs=1 cs=1]
              RenderImage {IMG} at (1,1) size 75x32
          RenderBlock {FORM} at (0,0) size 227x0
          RenderTableRow {TR} at (0,0) size 0x0
            RenderTableCell {TD} at (2,60) size 223x24 [r=2 c=0 rs=1 cs=1]
              RenderImage {IMG} at (1,1) size 44x22
          RenderBlock {FORM} at (0,0) size 227x0
          RenderTableRow {TR} at (0,0) size 0x0
            RenderTableCell {TD} at (2,86) size 223x15 [r=3 c=0 rs=1 cs=1]
              RenderImage {IMG} at (1,1) size 89x13
          RenderBlock {FORM} at (0,0) size 227x0
          RenderTableRow {TR} at (0,0) size 0x0
            RenderTableCell {TD} at (2,103) size 223x15 [r=4 c=0 rs=1 cs=1]
              RenderImage {IMG} at (1,1) size 89x13
          RenderBlock {FORM} at (0,0) size 227x0
          RenderTableRow {TR} at (0,0) size 0x0
            RenderTableCell {TD} at (2,120) size 223x31 [r=5 c=0 rs=1 cs=1]
              RenderImage {IMG} at (1,1) size 31x29
          RenderBlock {FORM} at (0,0) size 227x0
          RenderTableRow {TR} at (0,0) size 0x0
            RenderTableCell {TD} at (2,153) size 223x23 [r=6 c=0 rs=1 cs=1]
              RenderImage {IMG} at (1,1) size 62x21
          RenderBlock {FORM} at (0,0) size 227x0
          RenderTableRow {TR} at (0,0) size 0x0
            RenderTableCell {TD} at (2,178) size 223x17 [r=7 c=0 rs=1 cs=1]
              RenderImage {IMG} at (1,1) size 70x15
          RenderBlock {FORM} at (0,0) size 227x0
          RenderTableRow {TR} at (0,0) size 0x0
            RenderTableCell {TD} at (2,197) size 223x28 [r=8 c=0 rs=1 cs=1]
              RenderImage {IMG} at (1,1) size 42x26
          RenderBlock {FORM} at (0,0) size 227x0
          RenderTableRow {TR} at (0,0) size 0x0
            RenderTableCell {TD} at (2,227) size 223x17 [r=9 c=0 rs=1 cs=1]
              RenderImage {IMG} at (1,1) size 84x15
          RenderBlock {FORM} at (0,0) size 227x0
          RenderTableRow {TR} at (0,0) size 0x0
            RenderTableCell {TD} at (2,246) size 223x17 [r=10 c=0 rs=1 cs=1]
              RenderImage {IMG} at (1,1) size 90x15
          RenderBlock {FORM} at (0,0) size 227x0
          RenderTableRow {TR} at (0,0) size 0x0
            RenderTableCell {TD} at (2,265) size 223x34 [r=11 c=0 rs=1 cs=1]
              RenderImage {IMG} at (1,1) size 59x32
          RenderBlock {FORM} at (0,0) size 227x0
          RenderTableRow {TR} at (0,0) size 0x0
            RenderTableCell {TD} at (2,301) size 223x17 [r=12 c=0 rs=1 cs=1]
              RenderImage {IMG} at (1,1) size 90x15
          RenderBlock {FORM} at (0,0) size 227x0
          RenderTableRow {TR} at (0,0) size 0x0
            RenderTableCell {TD} at (2,320) size 223x17 [r=13 c=0 rs=1 cs=1]
              RenderImage {IMG} at (1,1) size 90x15
          RenderBlock {FORM} at (0,0) size 227x0
          RenderTableRow {TR} at (0,0) size 0x0
            RenderTableCell {TD} at (2,339) size 223x21 [r=14 c=0 rs=1 cs=1]
              RenderImage {IMG} at (1,1) size 83x19
          RenderBlock {FORM} at (0,0) size 227x0
          RenderTableRow {TR} at (0,0) size 0x0
            RenderTableCell {TD} at (2,362) size 223x33 [r=15 c=0 rs=1 cs=1]
              RenderImage {IMG} at (1,1) size 54x31
          RenderBlock {FORM} at (0,0) size 227x0
          RenderTableRow {TR} at (0,0) size 0x0
            RenderTableCell {TD} at (2,397) size 223x27 [r=16 c=0 rs=1 cs=1]
              RenderImage {IMG} at (1,1) size 56x25
          RenderBlock {FORM} at (0,0) size 227x0
          RenderTableRow {TR} at (0,0) size 0x0
            RenderTableCell {TD} at (2,426) size 223x17 [r=17 c=0 rs=1 cs=1]
              RenderImage {IMG} at (1,1) size 53x15
          RenderBlock {FORM} at (0,0) size 227x0
          RenderTableRow {TR} at (0,0) size 0x0
            RenderTableCell {TD} at (2,445) size 223x31 [r=18 c=0 rs=1 cs=1]
              RenderImage {IMG} at (1,1) size 31x29
          RenderBlock {FORM} at (0,0) size 227x0
          RenderTableRow {TR} at (0,0) size 0x0
            RenderTableCell {TD} at (2,478) size 223x17 [r=19 c=0 rs=1 cs=1]
              RenderImage {IMG} at (1,1) size 53x15
      RenderTable {TABLE} at (0,497) size 265x497
        RenderTableSection {TBODY} at (0,0) size 0x497
          RenderTableRow {TR} at (0,0) size 0x0
            RenderTableCell {TD} at (2,2) size 261x20 [r=0 c=0 rs=1 cs=1]
              RenderText {TEXT} at (1,1) size 259x18
                text run at (1,1) width 259: "Images with height/width never specified"
          RenderBlock {FORM} at (0,0) size 265x0
          RenderTableRow {TR} at (0,0) size 0x0
            RenderTableCell {TD} at (2,24) size 261x34 [r=1 c=0 rs=1 cs=1]
              RenderImage {IMG} at (1,1) size 75x32
          RenderBlock {FORM} at (0,0) size 265x0
          RenderTableRow {TR} at (0,0) size 0x0
            RenderTableCell {TD} at (2,60) size 261x24 [r=2 c=0 rs=1 cs=1]
              RenderImage {IMG} at (1,1) size 44x22
          RenderBlock {FORM} at (0,0) size 265x0
          RenderTableRow {TR} at (0,0) size 0x0
            RenderTableCell {TD} at (2,86) size 261x15 [r=3 c=0 rs=1 cs=1]
              RenderImage {IMG} at (1,1) size 89x13
          RenderBlock {FORM} at (0,0) size 265x0
          RenderTableRow {TR} at (0,0) size 0x0
            RenderTableCell {TD} at (2,103) size 261x15 [r=4 c=0 rs=1 cs=1]
              RenderImage {IMG} at (1,1) size 89x13
          RenderBlock {FORM} at (0,0) size 265x0
          RenderTableRow {TR} at (0,0) size 0x0
            RenderTableCell {TD} at (2,120) size 261x31 [r=5 c=0 rs=1 cs=1]
              RenderImage {IMG} at (1,1) size 31x29
          RenderBlock {FORM} at (0,0) size 265x0
          RenderTableRow {TR} at (0,0) size 0x0
            RenderTableCell {TD} at (2,153) size 261x23 [r=6 c=0 rs=1 cs=1]
              RenderImage {IMG} at (1,1) size 62x21
          RenderBlock {FORM} at (0,0) size 265x0
          RenderTableRow {TR} at (0,0) size 0x0
            RenderTableCell {TD} at (2,178) size 261x17 [r=7 c=0 rs=1 cs=1]
              RenderImage {IMG} at (1,1) size 70x15
          RenderBlock {FORM} at (0,0) size 265x0
          RenderTableRow {TR} at (0,0) size 0x0
            RenderTableCell {TD} at (2,197) size 261x28 [r=8 c=0 rs=1 cs=1]
              RenderImage {IMG} at (1,1) size 42x26
          RenderBlock {FORM} at (0,0) size 265x0
          RenderTableRow {TR} at (0,0) size 0x0
            RenderTableCell {TD} at (2,227) size 261x17 [r=9 c=0 rs=1 cs=1]
              RenderImage {IMG} at (1,1) size 84x15
          RenderBlock {FORM} at (0,0) size 265x0
          RenderTableRow {TR} at (0,0) size 0x0
            RenderTableCell {TD} at (2,246) size 261x17 [r=10 c=0 rs=1 cs=1]
              RenderImage {IMG} at (1,1) size 90x15
          RenderBlock {FORM} at (0,0) size 265x0
          RenderTableRow {TR} at (0,0) size 0x0
            RenderTableCell {TD} at (2,265) size 261x34 [r=11 c=0 rs=1 cs=1]
              RenderImage {IMG} at (1,1) size 59x32
          RenderBlock {FORM} at (0,0) size 265x0
          RenderTableRow {TR} at (0,0) size 0x0
            RenderTableCell {TD} at (2,301) size 261x17 [r=12 c=0 rs=1 cs=1]
              RenderImage {IMG} at (1,1) size 90x15
          RenderBlock {FORM} at (0,0) size 265x0
          RenderTableRow {TR} at (0,0) size 0x0
            RenderTableCell {TD} at (2,320) size 261x17 [r=13 c=0 rs=1 cs=1]
              RenderImage {IMG} at (1,1) size 90x15
          RenderBlock {FORM} at (0,0) size 265x0
          RenderTableRow {TR} at (0,0) size 0x0
            RenderTableCell {TD} at (2,339) size 261x21 [r=14 c=0 rs=1 cs=1]
              RenderImage {IMG} at (1,1) size 83x19
          RenderBlock {FORM} at (0,0) size 265x0
          RenderTableRow {TR} at (0,0) size 0x0
            RenderTableCell {TD} at (2,362) size 261x33 [r=15 c=0 rs=1 cs=1]
              RenderImage {IMG} at (1,1) size 54x31
          RenderBlock {FORM} at (0,0) size 265x0
          RenderTableRow {TR} at (0,0) size 0x0
            RenderTableCell {TD} at (2,397) size 261x27 [r=16 c=0 rs=1 cs=1]
              RenderImage {IMG} at (1,1) size 56x25
          RenderBlock {FORM} at (0,0) size 265x0
          RenderTableRow {TR} at (0,0) size 0x0
            RenderTableCell {TD} at (2,426) size 261x17 [r=17 c=0 rs=1 cs=1]
              RenderImage {IMG} at (1,1) size 53x15
          RenderBlock {FORM} at (0,0) size 265x0
          RenderTableRow {TR} at (0,0) size 0x0
            RenderTableCell {TD} at (2,445) size 261x31 [r=18 c=0 rs=1 cs=1]
              RenderImage {IMG} at (1,1) size 31x29
          RenderBlock {FORM} at (0,0) size 265x0
          RenderTableRow {TR} at (0,0) size 0x0
            RenderTableCell {TD} at (2,478) size 261x17 [r=19 c=0 rs=1 cs=1]
              RenderImage {IMG} at (1,1) size 53x15
      RenderTable {TABLE} at (0,994) size 274x497
        RenderTableSection {TBODY} at (0,0) size 0x497
          RenderTableRow {TR} at (0,0) size 0x0
            RenderTableCell {TD} at (2,2) size 270x20 [r=0 c=0 rs=1 cs=1]
              RenderText {TEXT} at (1,1) size 268x18
                text run at (1,1) width 268: "Images with height/width always specified"
          RenderBlock {FORM} at (0,0) size 274x0
          RenderTableRow {TR} at (0,0) size 0x0
            RenderTableCell {TD} at (2,24) size 270x34 [r=1 c=0 rs=1 cs=1]
              RenderImage {IMG} at (1,1) size 75x32
          RenderBlock {FORM} at (0,0) size 274x0
          RenderTableRow {TR} at (0,0) size 0x0
            RenderTableCell {TD} at (2,60) size 270x24 [r=2 c=0 rs=1 cs=1]
              RenderImage {IMG} at (1,1) size 44x22
          RenderBlock {FORM} at (0,0) size 274x0
          RenderTableRow {TR} at (0,0) size 0x0
            RenderTableCell {TD} at (2,86) size 270x15 [r=3 c=0 rs=1 cs=1]
              RenderImage {IMG} at (1,1) size 89x13
          RenderBlock {FORM} at (0,0) size 274x0
          RenderTableRow {TR} at (0,0) size 0x0
            RenderTableCell {TD} at (2,103) size 270x15 [r=4 c=0 rs=1 cs=1]
              RenderImage {IMG} at (1,1) size 89x13
          RenderBlock {FORM} at (0,0) size 274x0
          RenderTableRow {TR} at (0,0) size 0x0
            RenderTableCell {TD} at (2,120) size 270x31 [r=5 c=0 rs=1 cs=1]
              RenderImage {IMG} at (1,1) size 31x29
          RenderBlock {FORM} at (0,0) size 274x0
          RenderTableRow {TR} at (0,0) size 0x0
            RenderTableCell {TD} at (2,153) size 270x23 [r=6 c=0 rs=1 cs=1]
              RenderImage {IMG} at (1,1) size 62x21
          RenderBlock {FORM} at (0,0) size 274x0
          RenderTableRow {TR} at (0,0) size 0x0
            RenderTableCell {TD} at (2,178) size 270x17 [r=7 c=0 rs=1 cs=1]
              RenderImage {IMG} at (1,1) size 70x15
          RenderBlock {FORM} at (0,0) size 274x0
          RenderTableRow {TR} at (0,0) size 0x0
            RenderTableCell {TD} at (2,197) size 270x28 [r=8 c=0 rs=1 cs=1]
              RenderImage {IMG} at (1,1) size 42x26
          RenderBlock {FORM} at (0,0) size 274x0
          RenderTableRow {TR} at (0,0) size 0x0
            RenderTableCell {TD} at (2,227) size 270x17 [r=9 c=0 rs=1 cs=1]
              RenderImage {IMG} at (1,1) size 84x15
          RenderBlock {FORM} at (0,0) size 274x0
          RenderTableRow {TR} at (0,0) size 0x0
            RenderTableCell {TD} at (2,246) size 270x17 [r=10 c=0 rs=1 cs=1]
              RenderImage {IMG} at (1,1) size 90x15
          RenderBlock {FORM} at (0,0) size 274x0
          RenderTableRow {TR} at (0,0) size 0x0
            RenderTableCell {TD} at (2,265) size 270x34 [r=11 c=0 rs=1 cs=1]
              RenderImage {IMG} at (1,1) size 59x32
          RenderBlock {FORM} at (0,0) size 274x0
          RenderTableRow {TR} at (0,0) size 0x0
            RenderTableCell {TD} at (2,301) size 270x17 [r=12 c=0 rs=1 cs=1]
              RenderImage {IMG} at (1,1) size 90x15
          RenderBlock {FORM} at (0,0) size 274x0
          RenderTableRow {TR} at (0,0) size 0x0
            RenderTableCell {TD} at (2,320) size 270x17 [r=13 c=0 rs=1 cs=1]
              RenderImage {IMG} at (1,1) size 90x15
          RenderBlock {FORM} at (0,0) size 274x0
          RenderTableRow {TR} at (0,0) size 0x0
            RenderTableCell {TD} at (2,339) size 270x21 [r=14 c=0 rs=1 cs=1]
              RenderImage {IMG} at (1,1) size 83x19
          RenderBlock {FORM} at (0,0) size 274x0
          RenderTableRow {TR} at (0,0) size 0x0
            RenderTableCell {TD} at (2,362) size 270x33 [r=15 c=0 rs=1 cs=1]
              RenderImage {IMG} at (1,1) size 54x31
          RenderBlock {FORM} at (0,0) size 274x0
          RenderTableRow {TR} at (0,0) size 0x0
            RenderTableCell {TD} at (2,397) size 270x27 [r=16 c=0 rs=1 cs=1]
              RenderImage {IMG} at (1,1) size 56x25
          RenderBlock {FORM} at (0,0) size 274x0
          RenderTableRow {TR} at (0,0) size 0x0
            RenderTableCell {TD} at (2,426) size 270x17 [r=17 c=0 rs=1 cs=1]
              RenderImage {IMG} at (1,1) size 53x15
          RenderBlock {FORM} at (0,0) size 274x0
          RenderTableRow {TR} at (0,0) size 0x0
            RenderTableCell {TD} at (2,445) size 270x31 [r=18 c=0 rs=1 cs=1]
              RenderImage {IMG} at (1,1) size 31x29
          RenderBlock {FORM} at (0,0) size 274x0
          RenderTableRow {TR} at (0,0) size 0x0
            RenderTableCell {TD} at (2,478) size 270x17 [r=19 c=0 rs=1 cs=1]
              RenderImage {IMG} at (1,1) size 53x15
