layer at (0,0) size 800x600
  RenderCanvas at (0,0) size 800x600
layer at (0,0) size 800x600
  RenderBlock {HTML} at (0,0) size 800x600
    RenderBody {BODY} at (8,8) size 784x584 [bgcolor=#FFFFFF]
      RenderBlock (anonymous) at (0,0) size 784x18
        RenderText {TEXT} at (0,0) size 458x18
          text run at (0,0) width 458: "the purple text input control must be in the same line with the grey image"
      RenderTable {TABLE} at (0,18) size 288x44
        RenderTableSection {TBODY} at (0,0) size 0x44
          RenderTableRow {TR} at (0,0) size 0x0
            RenderTableCell {TD} at (2,2) size 284x40 [bgcolor=#CCDDFF] [border: (1px solid #000000)] [r=0 c=0 rs=1 cs=1]
              RenderLineEdit {INPUT} at (3,18) size 148x19 [bgcolor=#CCAAFF]
              RenderImage {IMG} at (154,4) size 126x26 [bgcolor=#C0C0C0] [border: (1px solid #000000)]
