layer at (0,0) size 800x600
  RenderCanvas at (0,0) size 800x600
layer at (0,0) size 800x600
  RenderBlock {HTML} at (0,0) size 800x600
    RenderBody {BODY} at (8,8) size 784x584
      RenderTable {TABLE} at (0,0) size 784x584 [border: (1px outset #808080)]
        RenderTableSection {TBODY} at (1,1) size 0x582
          RenderTableRow {TR} at (0,0) size 0x0
            RenderTableCell {TD} at (2,135) size 778x22 [border: (1px inset #808080)] [r=0 c=0 rs=1 cs=1]
              RenderText {TEXT} at (2,2) size 20x18
                text run at (2,2) width 20: "top"
          RenderTableRow {TR} at (0,0) size 0x0
            RenderTableCell {TD} at (2,425) size 778x22 [border: (1px inset #808080)] [r=1 c=0 rs=1 cs=1]
              RenderText {TEXT} at (2,2) size 44x18
                text run at (2,2) width 44: "bottom"
