layer at (0,0) size 800x600
  RenderView at (0,0) size 800x600
layer at (0,0) size 800x600
  RenderBlock {HTML} at (0,0) size 800x600
    RenderBody {BODY} at (8,8) size 784x584
      RenderBlock (anonymous) at (0,0) size 784x21
        RenderText {#text} at (0,0) size 227x21
          text run at (0,0) width 227: "The 2 tables should look the same"
      RenderTable {TABLE} at (0,21) size 114x58 [bgcolor=#FFA500] [border: (1px outset #808080)]
        RenderTableSection {TBODY} at (1,1) size 112x56
          RenderTableRow {TR} at (0,2) size 112x25
            RenderTableCell {TD} at (2,2) size 27x25 [border: (1px inset #808080)] [r=0 c=0 rs=1 cs=1]
              RenderText {#text} at (2,2) size 23x21
                text run at (2,2) width 23: "c11"
            RenderTableCell {TD} at (31,2) size 24x25 [border: (1px inset #808080)] [r=0 c=1 rs=1 cs=1]
              RenderText {#text} at (2,2) size 20x21
                text run at (2,2) width 20: "X2"
            RenderTableCell {TD} at (57,2) size 24x25 [border: (1px inset #808080)] [r=0 c=2 rs=1 cs=1]
              RenderText {#text} at (2,2) size 20x21
                text run at (2,2) width 20: "X1"
            RenderTableCell {TD} at (83,2) size 27x25 [border: (1px inset #808080)] [r=0 c=3 rs=1 cs=1]
              RenderText {#text} at (2,2) size 23x21
                text run at (2,2) width 23: "c12"
          RenderTableRow {TR} at (0,29) size 112x25
            RenderTableCell {TD} at (2,29) size 27x25 [border: (1px inset #808080)] [r=1 c=0 rs=1 cs=1]
              RenderText {#text} at (2,2) size 23x21
                text run at (2,2) width 23: "c21"
            RenderTableCell {TD} at (31,29) size 24x25 [border: (1px inset #808080)] [r=1 c=1 rs=1 cs=1]
              RenderText {#text} at (2,2) size 20x21
                text run at (2,2) width 20: "X4"
            RenderTableCell {TD} at (57,29) size 24x25 [border: (1px inset #808080)] [r=1 c=2 rs=1 cs=1]
              RenderText {#text} at (2,2) size 20x21
                text run at (2,2) width 20: "X3"
            RenderTableCell {TD} at (83,29) size 27x25 [border: (1px inset #808080)] [r=1 c=3 rs=1 cs=1]
              RenderText {#text} at (2,2) size 23x21
                text run at (2,2) width 23: "c22"
      RenderBlock (anonymous) at (0,79) size 784x21
        RenderBR {BR} at (0,0) size 0x21
      RenderTable {TABLE} at (0,100) size 114x58 [bgcolor=#FFA500] [border: (1px outset #808080)]
        RenderTableSection {TBODY} at (1,1) size 112x56
          RenderTableRow {TR} at (0,2) size 112x25
            RenderTableCell {TD} at (2,2) size 27x25 [border: (1px inset #808080)] [r=0 c=0 rs=1 cs=1]
              RenderText {#text} at (2,2) size 23x21
                text run at (2,2) width 23: "c11"
            RenderTableCell {TD} at (31,2) size 24x25 [border: (1px inset #808080)] [r=0 c=1 rs=1 cs=1]
              RenderText {#text} at (2,2) size 20x21
                text run at (2,2) width 20: "X2"
            RenderTableCell {TD} at (57,2) size 24x25 [border: (1px inset #808080)] [r=0 c=2 rs=1 cs=1]
              RenderText {#text} at (2,2) size 20x21
                text run at (2,2) width 20: "X1"
            RenderTableCell {TD} at (83,2) size 27x25 [border: (1px inset #808080)] [r=0 c=3 rs=1 cs=1]
              RenderText {#text} at (2,2) size 23x21
                text run at (2,2) width 23: "c12"
          RenderTableRow {TR} at (0,29) size 112x25
            RenderTableCell {TD} at (2,29) size 27x25 [border: (1px inset #808080)] [r=1 c=0 rs=1 cs=1]
              RenderText {#text} at (2,2) size 23x21
                text run at (2,2) width 23: "c21"
            RenderTableCell {TD} at (31,29) size 24x25 [border: (1px inset #808080)] [r=1 c=1 rs=1 cs=1]
              RenderText {#text} at (2,2) size 20x21
                text run at (2,2) width 20: "X4"
            RenderTableCell {TD} at (57,29) size 24x25 [border: (1px inset #808080)] [r=1 c=2 rs=1 cs=1]
              RenderText {#text} at (2,2) size 20x21
                text run at (2,2) width 20: "X3"
            RenderTableCell {TD} at (83,29) size 27x25 [border: (1px inset #808080)] [r=1 c=3 rs=1 cs=1]
              RenderText {#text} at (2,2) size 23x21
                text run at (2,2) width 23: "c22"
