layer at (0,0) size 800x600
  RenderView at (0,0) size 800x600
layer at (0,0) size 800x600
  RenderBlock {HTML} at (0,0) size 800x600
    RenderBody {BODY} at (8,8) size 784x584
      RenderBlock {FORM} at (0,0) size 784x34
        RenderMenuList {SELECT} at (2,4) size 107x25 [bgcolor=#FFFFFF]
          RenderBlock (anonymous) at (8,3) size 75x19
            RenderText at (0,0) size 73x19
              text run at (0,0) width 73: "append cell"
        RenderText {#text} at (111,7) size 51x19
          text run at (111,7) width 51: "   tbody "
        RenderTextControl {INPUT} at (164,4) size 48x25 [bgcolor=#FFFFFF] [border: (2px inset #000000)]
        RenderText {#text} at (214,7) size 39x19
          text run at (214,7) width 39: "   row "
        RenderTextControl {INPUT} at (255,4) size 48x25 [bgcolor=#FFFFFF] [border: (2px inset #000000)]
        RenderText {#text} at (305,7) size 34x19
          text run at (305,7) width 34: "   col "
        RenderTextControl {INPUT} at (341,4) size 48x25 [bgcolor=#FFFFFF] [border: (2px inset #000000)]
        RenderText {#text} at (391,7) size 74x19
          text run at (391,7) width 74: "   row span "
        RenderTextControl {INPUT} at (467,4) size 48x25 [bgcolor=#FFFFFF] [border: (2px inset #000000)]
        RenderText {#text} at (517,7) size 69x19
          text run at (517,7) width 69: "   col span "
        RenderTextControl {INPUT} at (588,4) size 48x25 [bgcolor=#FFFFFF] [border: (2px inset #000000)]
        RenderText {#text} at (638,7) size 20x19
          text run at (638,7) width 20: "     "
        RenderButton {INPUT} at (660,2) size 46x30 [bgcolor=#C0C0C0]
          RenderBlock (anonymous) at (8,5) size 30x19
            RenderText at (0,0) size 30x19
              text run at (0,0) width 30: "Do It"
        RenderText {#text} at (0,0) size 0x0
      RenderBlock (anonymous) at (0,48) size 784x19
        RenderBR {BR} at (0,0) size 0x19
      RenderTable {TABLE} at (0,67) size 62x54 [bgcolor=#FFA500] [border: (1px outset #808080)]
        RenderTableSection {TBODY} at (1,1) size 60x52
          RenderTableRow {TR} at (0,2) size 60x23
            RenderTableCell {TD} at (2,2) size 27x23 [border: (1px inset #808080)] [r=0 c=0 rs=1 cs=1]
              RenderText {#text} at (2,2) size 23x19
                text run at (2,2) width 23: "c11"
          RenderTableRow {TR} at (0,27) size 60x23
            RenderTableCell {TD} at (2,27) size 27x23 [border: (1px inset #808080)] [r=1 c=0 rs=1 cs=1]
              RenderText {#text} at (2,2) size 23x19
                text run at (2,2) width 23: "c21"
            RenderTableCell {TD} at (31,27) size 27x23 [border: (1px inset #808080)] [r=1 c=1 rs=1 cs=1]
              RenderText {#text} at (2,2) size 23x19
                text run at (2,2) width 23: "c22"
      RenderBlock (anonymous) at (0,121) size 784x19
        RenderBR {BR} at (0,0) size 0x19
layer at (175,15) size 42x19
  RenderBlock {DIV} at (3,3) size 42x19
    RenderText {#text} at (1,0) size 8x19
      text run at (1,0) width 8: "0"
layer at (266,15) size 42x19
  RenderBlock {DIV} at (3,3) size 42x19
    RenderText {#text} at (1,0) size 8x19
      text run at (1,0) width 8: "0"
layer at (352,15) size 42x19
  RenderBlock {DIV} at (3,3) size 42x19
    RenderText {#text} at (1,0) size 8x19
      text run at (1,0) width 8: "0"
layer at (478,15) size 42x19
  RenderBlock {DIV} at (3,3) size 42x19
    RenderText {#text} at (1,0) size 8x19
      text run at (1,0) width 8: "1"
layer at (599,15) size 42x19
  RenderBlock {DIV} at (3,3) size 42x19
    RenderText {#text} at (1,0) size 8x19
      text run at (1,0) width 8: "1"
