layer at (0,0) size 800x600
  RenderView at (0,0) size 800x600
layer at (0,0) size 800x600
  RenderBlock {HTML} at (0,0) size 800x600
    RenderBody {BODY} at (8,8) size 784x576
      RenderBlock {H2} at (0,0) size 784x27 [bgcolor=#EEEEEE]
        RenderText {#text} at (0,0) size 58x26
          text run at (0,0) width 58: "PASS"
layer at (8,54) size 760x213
  RenderBlock {DIV} at (0,46) size 760x213 [border: (5px solid #800000)]
    RenderBlock (anonymous multi-column span) at (5,24) size 750x27
      RenderBlock {H2} at (0,0) size 750x27 [bgcolor=#EEEEEE]
        RenderText {#text} at (0,0) size 58x26
          text run at (0,0) width 58: "PASS"
layer at (13,124) size 750x122
  RenderBlock (anonymous multi-column) at (5,70) size 750x122
    RenderBlock {SPAN} at (0,0) size 367x222
      RenderBlock (anonymous) at (0,0) size 367x222
        RenderText {#text} at (0,0) size 367x221
          text run at (0,0) width 337: "Lorem ipsum dolor sit amet, consectetuer adipiscing elit."
          text run at (0,20) width 367: "Nulla varius enim ac mi. Curabitur sollicitudin felis quis lectus."
          text run at (0,40) width 362: "Quisque adipiscing rhoncus sem. Proin nulla purus, vulputate"
          text run at (0,60) width 358: "vel, varius ut, euismod et, nisi. Sed vitae felis vel orci sagittis"
          text run at (0,80) width 365: "aliquam. Cras convallis adipiscing sem. Nam nonummy enim."
          text run at (0,100) width 329: "Nullam bibendum lobortis neque. Vestibulum velit orci,"
          text run at (0,122) width 309: "tempus euismod, pretium quis, interdum vitae, nulla."
          text run at (0,142) width 321: "Phasellus eget ante et tortor condimentum vestibulum."
          text run at (0,162) width 360: "Suspendisse hendrerit quam nec felis. Sed varius turpis vitae"
          text run at (0,182) width 350: "pede. Lorem ipsum dolor sit amet, consectetuer adipiscing"
          text run at (0,202) width 21: "elit."
      RenderBlock {DL} at (0,238) size 367x0
