layer at (0,0) size 785x1359
  RenderView at (0,0) size 785x600
layer at (0,0) size 785x1359
  RenderBlock {HTML} at (0,0) size 785x1359
    RenderBody {BODY} at (8,16) size 769x1327
layer at (8,16) size 760x425
  RenderBlock {DIV} at (0,0) size 760x425 [border: (5px solid #800000)]
    RenderBlock (anonymous multi-column span) at (5,24) size 750x27 [color=#FFFFFF]
      RenderBlock {H2} at (0,0) size 750x27 [color=#000000] [bgcolor=#EEEEEE]
        RenderText {#text} at (0,0) size 660x26
          text run at (0,0) width 660: "This is a spanning element at the beginning of the columns block."
layer at (13,86) size 750x350
  RenderBlock (anonymous multi-column) at (5,70) size 750x350
    RenderBlock {SPAN} at (0,0) size 367x220 [color=#FFFFFF] [bgcolor=#000000]
      RenderText {#text} at (0,0) size 367x219
        text run at (0,0) width 337: "Lorem ipsum dolor sit amet, consectetuer adipiscing elit."
        text run at (0,20) width 367: "Nulla varius enim ac mi. Curabitur sollicitudin felis quis lectus."
        text run at (0,40) width 362: "Quisque adipiscing rhoncus sem. Proin nulla purus, vulputate"
        text run at (0,60) width 358: "vel, varius ut, euismod et, nisi. Sed vitae felis vel orci sagittis"
        text run at (0,80) width 365: "aliquam. Cras convallis adipiscing sem. Nam nonummy enim."
        text run at (0,100) width 329: "Nullam bibendum lobortis neque. Vestibulum velit orci,"
        text run at (0,120) width 309: "tempus euismod, pretium quis, interdum vitae, nulla."
        text run at (0,140) width 321: "Phasellus eget ante et tortor condimentum vestibulum."
        text run at (0,160) width 360: "Suspendisse hendrerit quam nec felis. Sed varius turpis vitae"
        text run at (0,180) width 350: "pede. Lorem ipsum dolor sit amet, consectetuer adipiscing"
        text run at (0,200) width 21: "elit."
    RenderBlock (anonymous) at (0,236) size 367x454
      RenderText {#text} at (0,0) size 367x453
        text run at (0,0) width 337: "Lorem ipsum dolor sit amet, consectetuer adipiscing elit."
        text run at (0,20) width 367: "Nulla varius enim ac mi. Curabitur sollicitudin felis quis lectus."
        text run at (0,40) width 362: "Quisque adipiscing rhoncus sem. Proin nulla purus, vulputate"
        text run at (0,60) width 358: "vel, varius ut, euismod et, nisi. Sed vitae felis vel orci sagittis"
        text run at (0,80) width 365: "aliquam. Cras convallis adipiscing sem. Nam nonummy enim."
        text run at (0,114) width 329: "Nullam bibendum lobortis neque. Vestibulum velit orci,"
        text run at (0,134) width 309: "tempus euismod, pretium quis, interdum vitae, nulla."
        text run at (0,154) width 321: "Phasellus eget ante et tortor condimentum vestibulum."
        text run at (0,174) width 360: "Suspendisse hendrerit quam nec felis. Sed varius turpis vitae"
        text run at (0,194) width 350: "pede. Lorem ipsum dolor sit amet, consectetuer adipiscing"
        text run at (0,214) width 25: "elit. "
        text run at (25,214) width 337: "Lorem ipsum dolor sit amet, consectetuer adipiscing elit."
        text run at (0,234) width 367: "Nulla varius enim ac mi. Curabitur sollicitudin felis quis lectus."
        text run at (0,254) width 362: "Quisque adipiscing rhoncus sem. Proin nulla purus, vulputate"
        text run at (0,274) width 358: "vel, varius ut, euismod et, nisi. Sed vitae felis vel orci sagittis"
        text run at (0,294) width 365: "aliquam. Cras convallis adipiscing sem. Nam nonummy enim."
        text run at (0,314) width 329: "Nullam bibendum lobortis neque. Vestibulum velit orci,"
        text run at (0,334) width 309: "tempus euismod, pretium quis, interdum vitae, nulla."
        text run at (0,354) width 321: "Phasellus eget ante et tortor condimentum vestibulum."
        text run at (0,374) width 360: "Suspendisse hendrerit quam nec felis. Sed varius turpis vitae"
        text run at (0,394) width 350: "pede. Lorem ipsum dolor sit amet, consectetuer adipiscing"
        text run at (0,414) width 25: "elit. "
        text run at (25,414) width 337: "Lorem ipsum dolor sit amet, consectetuer adipiscing elit."
        text run at (0,434) width 143: "Nulla varius enim ac mi."
layer at (8,457) size 760x425
  RenderBlock {DIV} at (0,441) size 760x425 [border: (5px solid #800000)]
    RenderBlock (anonymous multi-column span) at (5,374) size 750x27 [color=#FFFFFF]
      RenderBlock {H2} at (0,0) size 750x27 [color=#000000] [bgcolor=#EEEEEE]
        RenderText {#text} at (0,0) size 596x26
          text run at (0,0) width 596: "This is a spanning element at the end of the columns block."
layer at (13,462) size 750x350
  RenderBlock (anonymous multi-column) at (5,5) size 750x350
    RenderBlock (anonymous) at (0,0) size 367x430
      RenderText {#text} at (0,0) size 367x429
        text run at (0,0) width 337: "Lorem ipsum dolor sit amet, consectetuer adipiscing elit."
        text run at (0,20) width 367: "Nulla varius enim ac mi. Curabitur sollicitudin felis quis lectus."
        text run at (0,40) width 362: "Quisque adipiscing rhoncus sem. Proin nulla purus, vulputate"
        text run at (0,60) width 358: "vel, varius ut, euismod et, nisi. Sed vitae felis vel orci sagittis"
        text run at (0,80) width 365: "aliquam. Cras convallis adipiscing sem. Nam nonummy enim."
        text run at (0,100) width 329: "Nullam bibendum lobortis neque. Vestibulum velit orci,"
        text run at (0,120) width 309: "tempus euismod, pretium quis, interdum vitae, nulla."
        text run at (0,140) width 321: "Phasellus eget ante et tortor condimentum vestibulum."
        text run at (0,160) width 360: "Suspendisse hendrerit quam nec felis. Sed varius turpis vitae"
        text run at (0,180) width 350: "pede. Lorem ipsum dolor sit amet, consectetuer adipiscing"
        text run at (0,200) width 25: "elit. "
        text run at (25,200) width 337: "Lorem ipsum dolor sit amet, consectetuer adipiscing elit."
        text run at (0,220) width 367: "Nulla varius enim ac mi. Curabitur sollicitudin felis quis lectus."
        text run at (0,240) width 362: "Quisque adipiscing rhoncus sem. Proin nulla purus, vulputate"
        text run at (0,260) width 358: "vel, varius ut, euismod et, nisi. Sed vitae felis vel orci sagittis"
        text run at (0,280) width 365: "aliquam. Cras convallis adipiscing sem. Nam nonummy enim."
        text run at (0,300) width 329: "Nullam bibendum lobortis neque. Vestibulum velit orci,"
        text run at (0,320) width 309: "tempus euismod, pretium quis, interdum vitae, nulla."
        text run at (0,350) width 321: "Phasellus eget ante et tortor condimentum vestibulum."
        text run at (0,370) width 360: "Suspendisse hendrerit quam nec felis. Sed varius turpis vitae"
        text run at (0,390) width 350: "pede. Lorem ipsum dolor sit amet, consectetuer adipiscing"
        text run at (0,410) width 21: "elit."
    RenderBlock {SPAN} at (0,446) size 367x240 [color=#FFFFFF] [bgcolor=#000000]
      RenderText {#text} at (0,0) size 367x239
        text run at (0,0) width 337: "Lorem ipsum dolor sit amet, consectetuer adipiscing elit."
        text run at (0,20) width 367: "Nulla varius enim ac mi. Curabitur sollicitudin felis quis lectus."
        text run at (0,40) width 362: "Quisque adipiscing rhoncus sem. Proin nulla purus, vulputate"
        text run at (0,60) width 358: "vel, varius ut, euismod et, nisi. Sed vitae felis vel orci sagittis"
        text run at (0,80) width 365: "aliquam. Cras convallis adipiscing sem. Nam nonummy enim."
        text run at (0,100) width 329: "Nullam bibendum lobortis neque. Vestibulum velit orci,"
        text run at (0,120) width 309: "tempus euismod, pretium quis, interdum vitae, nulla."
        text run at (0,140) width 321: "Phasellus eget ante et tortor condimentum vestibulum."
        text run at (0,160) width 360: "Suspendisse hendrerit quam nec felis. Sed varius turpis vitae"
        text run at (0,180) width 350: "pede. Lorem ipsum dolor sit amet, consectetuer adipiscing"
        text run at (0,200) width 25: "elit. "
        text run at (25,200) width 337: "Lorem ipsum dolor sit amet, consectetuer adipiscing elit."
        text run at (0,220) width 143: "Nulla varius enim ac mi."
layer at (8,898) size 760x445
  RenderBlock {DIV} at (0,882) size 760x445 [border: (5px solid #800000)]
    RenderBlock (anonymous multi-column span) at (5,174) size 750x27 [color=#FFFFFF]
      RenderBlock {H2} at (0,0) size 750x27 [color=#000000] [bgcolor=#EEEEEE]
        RenderText {#text} at (0,0) size 629x26
          text run at (0,0) width 629: "This is a spanning element in the middle of the columns block."
layer at (13,903) size 750x150
  RenderBlock (anonymous multi-column) at (5,5) size 750x150
    RenderBlock (anonymous) at (0,0) size 367x230
      RenderText {#text} at (0,0) size 367x229
        text run at (0,0) width 337: "Lorem ipsum dolor sit amet, consectetuer adipiscing elit."
        text run at (0,20) width 367: "Nulla varius enim ac mi. Curabitur sollicitudin felis quis lectus."
        text run at (0,40) width 362: "Quisque adipiscing rhoncus sem. Proin nulla purus, vulputate"
        text run at (0,60) width 358: "vel, varius ut, euismod et, nisi. Sed vitae felis vel orci sagittis"
        text run at (0,80) width 365: "aliquam. Cras convallis adipiscing sem. Nam nonummy enim."
        text run at (0,100) width 329: "Nullam bibendum lobortis neque. Vestibulum velit orci,"
        text run at (0,120) width 309: "tempus euismod, pretium quis, interdum vitae, nulla."
        text run at (0,150) width 321: "Phasellus eget ante et tortor condimentum vestibulum."
        text run at (0,170) width 360: "Suspendisse hendrerit quam nec felis. Sed varius turpis vitae"
        text run at (0,190) width 350: "pede. Lorem ipsum dolor sit amet, consectetuer adipiscing"
        text run at (0,210) width 21: "elit."
    RenderBlock {SPAN} at (0,246) size 367x40 [color=#FFFFFF] [bgcolor=#000000]
      RenderText {#text} at (0,0) size 337x39
        text run at (0,0) width 337: "Lorem ipsum dolor sit amet, consectetuer adipiscing elit."
        text run at (0,20) width 143: "Nulla varius enim ac mi."
layer at (13,1118) size 750x220
  RenderBlock (anonymous multi-column) at (5,220) size 750x220
    RenderBlock {SPAN} at (0,0) size 367x220 [color=#FFFFFF] [bgcolor=#000000]
      RenderText {#text} at (0,0) size 367x219
        text run at (0,0) width 337: "Lorem ipsum dolor sit amet, consectetuer adipiscing elit."
        text run at (0,20) width 367: "Nulla varius enim ac mi. Curabitur sollicitudin felis quis lectus."
        text run at (0,40) width 362: "Quisque adipiscing rhoncus sem. Proin nulla purus, vulputate"
        text run at (0,60) width 358: "vel, varius ut, euismod et, nisi. Sed vitae felis vel orci sagittis"
        text run at (0,80) width 365: "aliquam. Cras convallis adipiscing sem. Nam nonummy enim."
        text run at (0,100) width 329: "Nullam bibendum lobortis neque. Vestibulum velit orci,"
        text run at (0,120) width 309: "tempus euismod, pretium quis, interdum vitae, nulla."
        text run at (0,140) width 321: "Phasellus eget ante et tortor condimentum vestibulum."
        text run at (0,160) width 360: "Suspendisse hendrerit quam nec felis. Sed varius turpis vitae"
        text run at (0,180) width 350: "pede. Lorem ipsum dolor sit amet, consectetuer adipiscing"
        text run at (0,200) width 21: "elit."
    RenderBlock (anonymous) at (0,220) size 367x220
      RenderText {#text} at (0,0) size 367x219
        text run at (0,0) width 337: "Lorem ipsum dolor sit amet, consectetuer adipiscing elit."
        text run at (0,20) width 367: "Nulla varius enim ac mi. Curabitur sollicitudin felis quis lectus."
        text run at (0,40) width 362: "Quisque adipiscing rhoncus sem. Proin nulla purus, vulputate"
        text run at (0,60) width 358: "vel, varius ut, euismod et, nisi. Sed vitae felis vel orci sagittis"
        text run at (0,80) width 365: "aliquam. Cras convallis adipiscing sem. Nam nonummy enim."
        text run at (0,100) width 329: "Nullam bibendum lobortis neque. Vestibulum velit orci,"
        text run at (0,120) width 309: "tempus euismod, pretium quis, interdum vitae, nulla."
        text run at (0,140) width 321: "Phasellus eget ante et tortor condimentum vestibulum."
        text run at (0,160) width 360: "Suspendisse hendrerit quam nec felis. Sed varius turpis vitae"
        text run at (0,180) width 350: "pede. Lorem ipsum dolor sit amet, consectetuer adipiscing"
        text run at (0,200) width 21: "elit."
