layer at (0,0) size 785x1377
  RenderView at (0,0) size 785x600
layer at (0,0) size 785x1377
  RenderBlock {HTML} at (0,0) size 785x1377
    RenderBody {BODY} at (8,16) size 769x1345
layer at (8,16) size 760x415
  RenderBlock {DIV} at (0,0) size 760x415 [border: (5px solid #800000)]
    RenderBlock (anonymous multi-column span) at (5,24) size 750x27 [color=#FFFFFF]
      RenderBlock {H2} at (0,0) size 750x27 [color=#000000] [bgcolor=#EEEEEE]
        RenderText {#text} at (0,0) size 274x26
          text run at (0,0) width 274: "This is a spanning element."
layer at (13,86) size 750x340
  RenderBlock (anonymous multi-column) at (5,70) size 750x340
    RenderBlock {SPAN} at (0,0) size 367x220 [color=#FFFFFF] [bgcolor=#000000]
      RenderText {#text} at (0,0) size 367x219
        text run at (0,0) width 337: "Lorem ipsum dolor sit amet, consectetuer adipiscing elit."
        text run at (0,20) width 367: "Nulla varius enim ac mi. Curabitur sollicitudin felis quis lectus."
        text run at (0,40) width 362: "Quisque adipiscing rhoncus sem. Proin nulla purus, vulputate"
        text run at (0,60) width 358: "vel, varius ut, euismod et, nisi. Sed vitae felis vel orci sagittis"
        text run at (0,80) width 365: "aliquam. Cras convallis adipiscing sem. Nam nonummy enim."
        text run at (0,100) width 329: "Nullam bibendum lobortis neque. Vestibulum velit orci,"
        text run at (0,120) width 309: "tempus euismod, pretium quis, interdum vitae, nulla."
        text run at (0,140) width 321: "Phasellus eget ante et tortor condimentum vestibulum."
        text run at (0,160) width 360: "Suspendisse hendrerit quam nec felis. Sed varius turpis vitae"
        text run at (0,180) width 350: "pede. Lorem ipsum dolor sit amet, consectetuer adipiscing"
        text run at (0,200) width 21: "elit."
    RenderBlock (anonymous) at (0,236) size 367x440
      RenderText {#text} at (0,0) size 367x219
        text run at (0,0) width 337: "Lorem ipsum dolor sit amet, consectetuer adipiscing elit."
        text run at (0,20) width 367: "Nulla varius enim ac mi. Curabitur sollicitudin felis quis lectus."
        text run at (0,40) width 362: "Quisque adipiscing rhoncus sem. Proin nulla purus, vulputate"
        text run at (0,60) width 358: "vel, varius ut, euismod et, nisi. Sed vitae felis vel orci sagittis"
        text run at (0,80) width 365: "aliquam. Cras convallis adipiscing sem. Nam nonummy enim."
        text run at (0,100) width 329: "Nullam bibendum lobortis neque. Vestibulum velit orci,"
        text run at (0,120) width 309: "tempus euismod, pretium quis, interdum vitae, nulla."
        text run at (0,140) width 321: "Phasellus eget ante et tortor condimentum vestibulum."
        text run at (0,160) width 360: "Suspendisse hendrerit quam nec felis. Sed varius turpis vitae"
        text run at (0,180) width 350: "pede. Lorem ipsum dolor sit amet, consectetuer adipiscing"
        text run at (0,200) width 25: "elit. "
      RenderInline {SPAN} at (0,0) size 40x19
        RenderText {#text} at (25,200) size 40x19
          text run at (25,200) width 40: "Lorem"
      RenderText {#text} at (65,200) size 367x239
        text run at (65,200) width 297: " ipsum dolor sit amet, consectetuer adipiscing elit."
        text run at (0,220) width 367: "Nulla varius enim ac mi. Curabitur sollicitudin felis quis lectus."
        text run at (0,240) width 362: "Quisque adipiscing rhoncus sem. Proin nulla purus, vulputate"
        text run at (0,260) width 358: "vel, varius ut, euismod et, nisi. Sed vitae felis vel orci sagittis"
        text run at (0,280) width 365: "aliquam. Cras convallis adipiscing sem. Nam nonummy enim."
        text run at (0,300) width 329: "Nullam bibendum lobortis neque. Vestibulum velit orci,"
        text run at (0,320) width 309: "tempus euismod, pretium quis, interdum vitae, nulla."
        text run at (0,340) width 321: "Phasellus eget ante et tortor condimentum vestibulum."
        text run at (0,360) width 360: "Suspendisse hendrerit quam nec felis. Sed varius turpis vitae"
        text run at (0,380) width 350: "pede. Lorem ipsum dolor sit amet, consectetuer adipiscing"
        text run at (0,400) width 25: "elit. "
        text run at (25,400) width 337: "Lorem ipsum dolor sit amet, consectetuer adipiscing elit."
        text run at (0,420) width 143: "Nulla varius enim ac mi."
layer at (8,447) size 760x415
  RenderBlock {DIV} at (0,431) size 760x415 [border: (5px solid #800000)]
    RenderBlock (anonymous multi-column span) at (5,364) size 750x27 [color=#FFFFFF]
      RenderBlock {H2} at (0,0) size 750x27 [color=#000000] [bgcolor=#EEEEEE]
        RenderText {#text} at (0,0) size 274x26
          text run at (0,0) width 274: "This is a spanning element."
layer at (13,452) size 750x340
  RenderBlock (anonymous multi-column) at (5,5) size 750x340
    RenderBlock (anonymous) at (0,0) size 367x620
      RenderText {#text} at (0,0) size 367x619
        text run at (0,0) width 337: "Lorem ipsum dolor sit amet, consectetuer adipiscing elit."
        text run at (0,20) width 367: "Nulla varius enim ac mi. Curabitur sollicitudin felis quis lectus."
        text run at (0,40) width 362: "Quisque adipiscing rhoncus sem. Proin nulla purus, vulputate"
        text run at (0,60) width 358: "vel, varius ut, euismod et, nisi. Sed vitae felis vel orci sagittis"
        text run at (0,80) width 365: "aliquam. Cras convallis adipiscing sem. Nam nonummy enim."
        text run at (0,100) width 329: "Nullam bibendum lobortis neque. Vestibulum velit orci,"
        text run at (0,120) width 309: "tempus euismod, pretium quis, interdum vitae, nulla."
        text run at (0,140) width 321: "Phasellus eget ante et tortor condimentum vestibulum."
        text run at (0,160) width 360: "Suspendisse hendrerit quam nec felis. Sed varius turpis vitae"
        text run at (0,180) width 350: "pede. Lorem ipsum dolor sit amet, consectetuer adipiscing"
        text run at (0,200) width 25: "elit. "
        text run at (25,200) width 337: "Lorem ipsum dolor sit amet, consectetuer adipiscing elit."
        text run at (0,220) width 367: "Nulla varius enim ac mi. Curabitur sollicitudin felis quis lectus."
        text run at (0,240) width 362: "Quisque adipiscing rhoncus sem. Proin nulla purus, vulputate"
        text run at (0,260) width 358: "vel, varius ut, euismod et, nisi. Sed vitae felis vel orci sagittis"
        text run at (0,280) width 365: "aliquam. Cras convallis adipiscing sem. Nam nonummy enim."
        text run at (0,300) width 329: "Nullam bibendum lobortis neque. Vestibulum velit orci,"
        text run at (0,320) width 309: "tempus euismod, pretium quis, interdum vitae, nulla."
        text run at (0,340) width 321: "Phasellus eget ante et tortor condimentum vestibulum."
        text run at (0,360) width 360: "Suspendisse hendrerit quam nec felis. Sed varius turpis vitae"
        text run at (0,380) width 350: "pede. Lorem ipsum dolor sit amet, consectetuer adipiscing"
        text run at (0,400) width 25: "elit. "
        text run at (25,400) width 337: "Lorem ipsum dolor sit amet, consectetuer adipiscing elit."
        text run at (0,420) width 367: "Nulla varius enim ac mi. Curabitur sollicitudin felis quis lectus."
        text run at (0,440) width 362: "Quisque adipiscing rhoncus sem. Proin nulla purus, vulputate"
        text run at (0,460) width 358: "vel, varius ut, euismod et, nisi. Sed vitae felis vel orci sagittis"
        text run at (0,480) width 365: "aliquam. Cras convallis adipiscing sem. Nam nonummy enim."
        text run at (0,500) width 329: "Nullam bibendum lobortis neque. Vestibulum velit orci,"
        text run at (0,520) width 309: "tempus euismod, pretium quis, interdum vitae, nulla."
        text run at (0,540) width 321: "Phasellus eget ante et tortor condimentum vestibulum."
        text run at (0,560) width 360: "Suspendisse hendrerit quam nec felis. Sed varius turpis vitae"
        text run at (0,580) width 350: "pede. Lorem ipsum dolor sit amet, consectetuer adipiscing"
        text run at (0,600) width 21: "elit."
    RenderBlock {SPAN} at (0,636) size 367x40 [color=#FFFFFF] [bgcolor=#000000]
      RenderText {#text} at (0,0) size 337x39
        text run at (0,0) width 337: "Lorem ipsum dolor sit amet, consectetuer adipiscing elit."
        text run at (0,20) width 143: "Nulla varius enim ac mi."
layer at (8,878) size 760x483
  RenderBlock {DIV} at (0,862) size 760x483 [border: (5px solid #800000)]
    RenderBlock (anonymous multi-column span) at (5,180) size 750x27 [color=#FFFFFF]
      RenderBlock {H2} at (0,0) size 750x27 [color=#000000] [bgcolor=#EEEEEE]
        RenderText {#text} at (0,0) size 274x26
          text run at (0,0) width 274: "This is a spanning element."
layer at (13,899) size 750x140
  RenderBlock (anonymous multi-column) at (5,21) size 750x140
    RenderBlock {P} at (0,0) size 367x220
      RenderText {#text} at (0,0) size 367x219
        text run at (0,0) width 337: "Lorem ipsum dolor sit amet, consectetuer adipiscing elit."
        text run at (0,20) width 367: "Nulla varius enim ac mi. Curabitur sollicitudin felis quis lectus."
        text run at (0,40) width 362: "Quisque adipiscing rhoncus sem. Proin nulla purus, vulputate"
        text run at (0,60) width 358: "vel, varius ut, euismod et, nisi. Sed vitae felis vel orci sagittis"
        text run at (0,80) width 365: "aliquam. Cras convallis adipiscing sem. Nam nonummy enim."
        text run at (0,100) width 329: "Nullam bibendum lobortis neque. Vestibulum velit orci,"
        text run at (0,120) width 309: "tempus euismod, pretium quis, interdum vitae, nulla."
        text run at (0,140) width 321: "Phasellus eget ante et tortor condimentum vestibulum."
        text run at (0,160) width 360: "Suspendisse hendrerit quam nec felis. Sed varius turpis vitae"
        text run at (0,180) width 350: "pede. Lorem ipsum dolor sit amet, consectetuer adipiscing"
        text run at (0,200) width 21: "elit."
    RenderBlock {SPAN} at (0,236) size 367x40 [color=#FFFFFF] [bgcolor=#000000]
      RenderBlock (anonymous) at (0,0) size 367x40
        RenderText {#text} at (0,0) size 337x39
          text run at (0,0) width 337: "Lorem ipsum dolor sit amet, consectetuer adipiscing elit."
          text run at (0,20) width 143: "Nulla varius enim ac mi."
layer at (13,1104) size 750x236
  RenderBlock (anonymous multi-column) at (5,226) size 750x236
    RenderBlock {SPAN} at (0,0) size 367x220 [color=#FFFFFF] [bgcolor=#000000]
      RenderBlock {P} at (0,0) size 367x220
        RenderText {#text} at (0,0) size 367x219
          text run at (0,0) width 337: "Lorem ipsum dolor sit amet, consectetuer adipiscing elit."
          text run at (0,20) width 367: "Nulla varius enim ac mi. Curabitur sollicitudin felis quis lectus."
          text run at (0,40) width 362: "Quisque adipiscing rhoncus sem. Proin nulla purus, vulputate"
          text run at (0,60) width 358: "vel, varius ut, euismod et, nisi. Sed vitae felis vel orci sagittis"
          text run at (0,80) width 365: "aliquam. Cras convallis adipiscing sem. Nam nonummy enim."
          text run at (0,100) width 329: "Nullam bibendum lobortis neque. Vestibulum velit orci,"
          text run at (0,120) width 309: "tempus euismod, pretium quis, interdum vitae, nulla."
          text run at (0,140) width 321: "Phasellus eget ante et tortor condimentum vestibulum."
          text run at (0,160) width 360: "Suspendisse hendrerit quam nec felis. Sed varius turpis vitae"
          text run at (0,180) width 350: "pede. Lorem ipsum dolor sit amet, consectetuer adipiscing"
          text run at (0,200) width 21: "elit."
    RenderBlock (anonymous) at (0,236) size 367x220
      RenderText {#text} at (0,0) size 367x219
        text run at (0,0) width 337: "Lorem ipsum dolor sit amet, consectetuer adipiscing elit."
        text run at (0,20) width 367: "Nulla varius enim ac mi. Curabitur sollicitudin felis quis lectus."
        text run at (0,40) width 362: "Quisque adipiscing rhoncus sem. Proin nulla purus, vulputate"
        text run at (0,60) width 358: "vel, varius ut, euismod et, nisi. Sed vitae felis vel orci sagittis"
        text run at (0,80) width 365: "aliquam. Cras convallis adipiscing sem. Nam nonummy enim."
        text run at (0,100) width 329: "Nullam bibendum lobortis neque. Vestibulum velit orci,"
        text run at (0,120) width 309: "tempus euismod, pretium quis, interdum vitae, nulla."
        text run at (0,140) width 321: "Phasellus eget ante et tortor condimentum vestibulum."
        text run at (0,160) width 360: "Suspendisse hendrerit quam nec felis. Sed varius turpis vitae"
        text run at (0,180) width 350: "pede. Lorem ipsum dolor sit amet, consectetuer adipiscing"
        text run at (0,200) width 21: "elit."
    RenderBlock {P} at (0,472) size 367x0
