layer at (0,0) size 800x7943
  RenderView at (0,0) size 800x600
layer at (0,0) size 800x7943
  RenderBlock {HTML} at (0,0) size 800x7943
    RenderBody {BODY} at (8,8) size 784x7887
      RenderTable {TABLE} at (0,0) size 258x125
        RenderBlock {CAPTION} at (0,0) size 258x20
          RenderInline {A} at (0,0) size 224x20
            RenderText {#text} at (14,0) size 224x20
              text run at (14,0) width 224: "Frame=\x{201C}void\x{201D} and Rules=\x{201C}none\x{201D}"
          RenderInline (generated) at (0,0) size 5x20
            RenderText at (238,0) size 5x20
              text run at (238,0) width 5: ":"
        RenderTableSection {THEAD} at (0,20) size 258x21
          RenderTableRow {TR} at (0,0) size 258x21
            RenderTableCell {TD} at (0,0) size 86x21 [r=0 c=0 rs=1 cs=1]
              RenderText {#text} at (1,1) size 84x19
                text run at (1,1) width 84: "Row 1, Cell 1"
            RenderTableCell {TD} at (86,0) size 86x21 [r=0 c=1 rs=1 cs=1]
              RenderText {#text} at (1,1) size 84x19
                text run at (1,1) width 84: "Row 1, Cell 2"
            RenderTableCell {TD} at (172,0) size 86x21 [r=0 c=2 rs=1 cs=1]
              RenderText {#text} at (1,1) size 84x19
                text run at (1,1) width 84: "Row 1, Cell 3"
        RenderTableSection {TBODY} at (0,41) size 258x63
          RenderTableRow {TR} at (0,0) size 258x21
            RenderTableCell {TD} at (0,10) size 86x21 [r=0 c=0 rs=2 cs=1]
              RenderText {#text} at (1,1) size 84x19
                text run at (1,1) width 84: "Row 2, Cell 1"
            RenderTableCell {TD} at (86,0) size 172x21 [r=0 c=1 rs=1 cs=2]
              RenderText {#text} at (1,1) size 84x19
                text run at (1,1) width 84: "Row 2, Cell 2"
          RenderTableRow {TR} at (0,21) size 258x21
            RenderTableCell {TD} at (86,21) size 86x21 [r=1 c=1 rs=1 cs=1]
              RenderText {#text} at (1,1) size 84x19
                text run at (1,1) width 84: "Row 3, Cell 2"
            RenderTableCell {TD} at (172,31) size 86x21 [r=1 c=2 rs=2 cs=1]
              RenderText {#text} at (1,1) size 84x19
                text run at (1,1) width 84: "Row 3, Cell 3"
          RenderTableRow {TR} at (0,42) size 258x21
            RenderTableCell {TD} at (0,42) size 172x21 [r=2 c=0 rs=1 cs=2]
              RenderText {#text} at (1,1) size 84x19
                text run at (1,1) width 84: "Row 4, Cell 1"
        RenderTableSection {TFOOT} at (0,104) size 258x21
          RenderTableRow {TR} at (0,0) size 258x21
            RenderTableCell {TD} at (0,0) size 86x21 [r=0 c=0 rs=1 cs=1]
              RenderText {#text} at (1,1) size 84x19
                text run at (1,1) width 84: "Row 5, Cell 1"
            RenderTableCell {TD} at (86,0) size 86x21 [r=0 c=1 rs=1 cs=1]
              RenderText {#text} at (1,1) size 84x19
                text run at (1,1) width 84: "Row 5, Cell 2"
            RenderTableCell {TD} at (172,0) size 86x21 [r=0 c=2 rs=1 cs=1]
              RenderText {#text} at (1,1) size 84x19
                text run at (1,1) width 84: "Row 5, Cell 3"
      RenderTable {TABLE} at (0,173) size 258x126
        RenderBlock {CAPTION} at (0,0) size 258x20
          RenderInline {A} at (0,0) size 236x20
            RenderText {#text} at (8,0) size 236x20
              text run at (8,0) width 236: "Frame=\x{201C}above\x{201D} and Rules=\x{201C}none\x{201D}"
          RenderInline (generated) at (0,0) size 5x20
            RenderText at (244,0) size 5x20
              text run at (244,0) width 5: ":"
        RenderTableSection {THEAD} at (0,20) size 258x22
          RenderTableRow {TR} at (0,0) size 258x22
            RenderTableCell {TD} at (0,0) size 86x22 [border: (1px none #000000)] [r=0 c=0 rs=1 cs=1]
              RenderText {#text} at (1,2) size 84x19
                text run at (1,2) width 84: "Row 1, Cell 1"
            RenderTableCell {TD} at (86,0) size 86x22 [border: (1px none #000000)] [r=0 c=1 rs=1 cs=1]
              RenderText {#text} at (1,2) size 84x19
                text run at (1,2) width 84: "Row 1, Cell 2"
            RenderTableCell {TD} at (172,0) size 86x22 [border: (1px none #000000)] [r=0 c=2 rs=1 cs=1]
              RenderText {#text} at (1,2) size 84x19
                text run at (1,2) width 84: "Row 1, Cell 3"
        RenderTableSection {TBODY} at (0,42) size 258x63
          RenderTableRow {TR} at (0,0) size 258x21
            RenderTableCell {TD} at (0,10) size 86x21 [r=0 c=0 rs=2 cs=1]
              RenderText {#text} at (1,1) size 84x19
                text run at (1,1) width 84: "Row 2, Cell 1"
            RenderTableCell {TD} at (86,0) size 172x21 [r=0 c=1 rs=1 cs=2]
              RenderText {#text} at (1,1) size 84x19
                text run at (1,1) width 84: "Row 2, Cell 2"
          RenderTableRow {TR} at (0,21) size 258x21
            RenderTableCell {TD} at (86,21) size 86x21 [r=1 c=1 rs=1 cs=1]
              RenderText {#text} at (1,1) size 84x19
                text run at (1,1) width 84: "Row 3, Cell 2"
            RenderTableCell {TD} at (172,31) size 86x21 [r=1 c=2 rs=2 cs=1]
              RenderText {#text} at (1,1) size 84x19
                text run at (1,1) width 84: "Row 3, Cell 3"
          RenderTableRow {TR} at (0,42) size 258x21
            RenderTableCell {TD} at (0,42) size 172x21 [r=2 c=0 rs=1 cs=2]
              RenderText {#text} at (1,1) size 84x19
                text run at (1,1) width 84: "Row 4, Cell 1"
        RenderTableSection {TFOOT} at (0,105) size 258x21
          RenderTableRow {TR} at (0,0) size 258x21
            RenderTableCell {TD} at (0,0) size 86x21 [r=0 c=0 rs=1 cs=1]
              RenderText {#text} at (1,1) size 84x19
                text run at (1,1) width 84: "Row 5, Cell 1"
            RenderTableCell {TD} at (86,0) size 86x21 [r=0 c=1 rs=1 cs=1]
              RenderText {#text} at (1,1) size 84x19
                text run at (1,1) width 84: "Row 5, Cell 2"
            RenderTableCell {TD} at (172,0) size 86x21 [r=0 c=2 rs=1 cs=1]
              RenderText {#text} at (1,1) size 84x19
                text run at (1,1) width 84: "Row 5, Cell 3"
      RenderTable {TABLE} at (0,347) size 258x126 [border: none (1px solid #808080) none]
        RenderBlock {CAPTION} at (0,0) size 258x20
          RenderInline {A} at (0,0) size 235x20
            RenderText {#text} at (9,0) size 235x20
              text run at (9,0) width 235: "Frame=\x{201C}below\x{201D} and Rules=\x{201C}none\x{201D}"
          RenderInline (generated) at (0,0) size 5x20
            RenderText at (244,0) size 5x20
              text run at (244,0) width 5: ":"
        RenderTableSection {THEAD} at (0,20) size 258x21
          RenderTableRow {TR} at (0,0) size 258x21
            RenderTableCell {TD} at (0,0) size 86x21 [r=0 c=0 rs=1 cs=1]
              RenderText {#text} at (1,1) size 84x19
                text run at (1,1) width 84: "Row 1, Cell 1"
            RenderTableCell {TD} at (86,0) size 86x21 [r=0 c=1 rs=1 cs=1]
              RenderText {#text} at (1,1) size 84x19
                text run at (1,1) width 84: "Row 1, Cell 2"
            RenderTableCell {TD} at (172,0) size 86x21 [r=0 c=2 rs=1 cs=1]
              RenderText {#text} at (1,1) size 84x19
                text run at (1,1) width 84: "Row 1, Cell 3"
        RenderTableSection {TBODY} at (0,41) size 258x63
          RenderTableRow {TR} at (0,0) size 258x21
            RenderTableCell {TD} at (0,10) size 86x21 [r=0 c=0 rs=2 cs=1]
              RenderText {#text} at (1,1) size 84x19
                text run at (1,1) width 84: "Row 2, Cell 1"
            RenderTableCell {TD} at (86,0) size 172x21 [r=0 c=1 rs=1 cs=2]
              RenderText {#text} at (1,1) size 84x19
                text run at (1,1) width 84: "Row 2, Cell 2"
          RenderTableRow {TR} at (0,21) size 258x21
            RenderTableCell {TD} at (86,21) size 86x21 [r=1 c=1 rs=1 cs=1]
              RenderText {#text} at (1,1) size 84x19
                text run at (1,1) width 84: "Row 3, Cell 2"
            RenderTableCell {TD} at (172,31) size 86x21 [r=1 c=2 rs=2 cs=1]
              RenderText {#text} at (1,1) size 84x19
                text run at (1,1) width 84: "Row 3, Cell 3"
          RenderTableRow {TR} at (0,42) size 258x21
            RenderTableCell {TD} at (0,42) size 172x21 [r=2 c=0 rs=1 cs=2]
              RenderText {#text} at (1,1) size 84x19
                text run at (1,1) width 84: "Row 4, Cell 1"
        RenderTableSection {TFOOT} at (0,104) size 258x21
          RenderTableRow {TR} at (0,0) size 258x21
            RenderTableCell {TD} at (0,0) size 86x21 [r=0 c=0 rs=1 cs=1]
              RenderText {#text} at (1,1) size 84x19
                text run at (1,1) width 84: "Row 5, Cell 1"
            RenderTableCell {TD} at (86,0) size 86x21 [r=0 c=1 rs=1 cs=1]
              RenderText {#text} at (1,1) size 84x19
                text run at (1,1) width 84: "Row 5, Cell 2"
            RenderTableCell {TD} at (172,0) size 86x21 [r=0 c=2 rs=1 cs=1]
              RenderText {#text} at (1,1) size 84x19
                text run at (1,1) width 84: "Row 5, Cell 3"
      RenderTable {TABLE} at (0,521) size 258x127 [border: none none (1px solid #808080) none]
        RenderBlock {CAPTION} at (0,0) size 258x20
          RenderInline {A} at (0,0) size 240x20
            RenderText {#text} at (6,0) size 240x20
              text run at (6,0) width 240: "Frame=\x{201C}hsides\x{201D} and Rules=\x{201C}none\x{201D}"
          RenderInline (generated) at (0,0) size 5x20
            RenderText at (246,0) size 5x20
              text run at (246,0) width 5: ":"
        RenderTableSection {THEAD} at (0,20) size 258x22
          RenderTableRow {TR} at (0,0) size 258x22
            RenderTableCell {TD} at (0,0) size 86x22 [border: (1px none #000000)] [r=0 c=0 rs=1 cs=1]
              RenderText {#text} at (1,2) size 84x19
                text run at (1,2) width 84: "Row 1, Cell 1"
            RenderTableCell {TD} at (86,0) size 86x22 [border: (1px none #000000)] [r=0 c=1 rs=1 cs=1]
              RenderText {#text} at (1,2) size 84x19
                text run at (1,2) width 84: "Row 1, Cell 2"
            RenderTableCell {TD} at (172,0) size 86x22 [border: (1px none #000000)] [r=0 c=2 rs=1 cs=1]
              RenderText {#text} at (1,2) size 84x19
                text run at (1,2) width 84: "Row 1, Cell 3"
        RenderTableSection {TBODY} at (0,42) size 258x63
          RenderTableRow {TR} at (0,0) size 258x21
            RenderTableCell {TD} at (0,10) size 86x21 [r=0 c=0 rs=2 cs=1]
              RenderText {#text} at (1,1) size 84x19
                text run at (1,1) width 84: "Row 2, Cell 1"
            RenderTableCell {TD} at (86,0) size 172x21 [r=0 c=1 rs=1 cs=2]
              RenderText {#text} at (1,1) size 84x19
                text run at (1,1) width 84: "Row 2, Cell 2"
          RenderTableRow {TR} at (0,21) size 258x21
            RenderTableCell {TD} at (86,21) size 86x21 [r=1 c=1 rs=1 cs=1]
              RenderText {#text} at (1,1) size 84x19
                text run at (1,1) width 84: "Row 3, Cell 2"
            RenderTableCell {TD} at (172,31) size 86x21 [r=1 c=2 rs=2 cs=1]
              RenderText {#text} at (1,1) size 84x19
                text run at (1,1) width 84: "Row 3, Cell 3"
          RenderTableRow {TR} at (0,42) size 258x21
            RenderTableCell {TD} at (0,42) size 172x21 [r=2 c=0 rs=1 cs=2]
              RenderText {#text} at (1,1) size 84x19
                text run at (1,1) width 84: "Row 4, Cell 1"
        RenderTableSection {TFOOT} at (0,105) size 258x21
          RenderTableRow {TR} at (0,0) size 258x21
            RenderTableCell {TD} at (0,0) size 86x21 [r=0 c=0 rs=1 cs=1]
              RenderText {#text} at (1,1) size 84x19
                text run at (1,1) width 84: "Row 5, Cell 1"
            RenderTableCell {TD} at (86,0) size 86x21 [r=0 c=1 rs=1 cs=1]
              RenderText {#text} at (1,1) size 84x19
                text run at (1,1) width 84: "Row 5, Cell 2"
            RenderTableCell {TD} at (172,0) size 86x21 [r=0 c=2 rs=1 cs=1]
              RenderText {#text} at (1,1) size 84x19
                text run at (1,1) width 84: "Row 5, Cell 3"
      RenderTable {TABLE} at (0,696) size 260x125 [border: none (1px solid #808080) none none]
        RenderBlock {CAPTION} at (0,0) size 259x20
          RenderInline {A} at (0,0) size 239x20
            RenderText {#text} at (7,0) size 239x20
              text run at (7,0) width 239: "Frame=\x{201C}vsides\x{201D} and Rules=\x{201C}none\x{201D}"
          RenderInline (generated) at (0,0) size 5x20
            RenderText at (246,0) size 5x20
              text run at (246,0) width 5: ":"
        RenderTableSection {THEAD} at (0,20) size 259x21
          RenderTableRow {TR} at (0,0) size 259x21
            RenderTableCell {TD} at (0,0) size 87x21 [border: none] [r=0 c=0 rs=1 cs=1]
              RenderText {#text} at (2,1) size 84x19
                text run at (2,1) width 84: "Row 1, Cell 1"
            RenderTableCell {TD} at (87,0) size 86x21 [r=0 c=1 rs=1 cs=1]
              RenderText {#text} at (1,1) size 84x19
                text run at (1,1) width 84: "Row 1, Cell 2"
            RenderTableCell {TD} at (173,0) size 86x21 [r=0 c=2 rs=1 cs=1]
              RenderText {#text} at (1,1) size 84x19
                text run at (1,1) width 84: "Row 1, Cell 3"
        RenderTableSection {TBODY} at (0,41) size 259x63
          RenderTableRow {TR} at (0,0) size 259x21
            RenderTableCell {TD} at (0,10) size 87x21 [border: none] [r=0 c=0 rs=2 cs=1]
              RenderText {#text} at (2,1) size 84x19
                text run at (2,1) width 84: "Row 2, Cell 1"
            RenderTableCell {TD} at (87,0) size 172x21 [r=0 c=1 rs=1 cs=2]
              RenderText {#text} at (1,1) size 84x19
                text run at (1,1) width 84: "Row 2, Cell 2"
          RenderTableRow {TR} at (0,21) size 259x21
            RenderTableCell {TD} at (87,21) size 86x21 [r=1 c=1 rs=1 cs=1]
              RenderText {#text} at (1,1) size 84x19
                text run at (1,1) width 84: "Row 3, Cell 2"
            RenderTableCell {TD} at (173,31) size 86x21 [r=1 c=2 rs=2 cs=1]
              RenderText {#text} at (1,1) size 84x19
                text run at (1,1) width 84: "Row 3, Cell 3"
          RenderTableRow {TR} at (0,42) size 259x21
            RenderTableCell {TD} at (0,42) size 173x21 [border: none] [r=2 c=0 rs=1 cs=2]
              RenderText {#text} at (2,1) size 84x19
                text run at (2,1) width 84: "Row 4, Cell 1"
        RenderTableSection {TFOOT} at (0,104) size 259x21
          RenderTableRow {TR} at (0,0) size 259x21
            RenderTableCell {TD} at (0,0) size 87x21 [border: none] [r=0 c=0 rs=1 cs=1]
              RenderText {#text} at (2,1) size 84x19
                text run at (2,1) width 84: "Row 5, Cell 1"
            RenderTableCell {TD} at (87,0) size 86x21 [r=0 c=1 rs=1 cs=1]
              RenderText {#text} at (1,1) size 84x19
                text run at (1,1) width 84: "Row 5, Cell 2"
            RenderTableCell {TD} at (173,0) size 86x21 [r=0 c=2 rs=1 cs=1]
              RenderText {#text} at (1,1) size 84x19
                text run at (1,1) width 84: "Row 5, Cell 3"
      RenderTable {TABLE} at (0,869) size 259x125
        RenderBlock {CAPTION} at (0,0) size 259x20
          RenderInline {A} at (0,0) size 215x20
            RenderText {#text} at (19,0) size 215x20
              text run at (19,0) width 215: "Frame=\x{201C}lhs\x{201D} and Rules=\x{201C}none\x{201D}"
          RenderInline (generated) at (0,0) size 5x20
            RenderText at (234,0) size 5x20
              text run at (234,0) width 5: ":"
        RenderTableSection {THEAD} at (0,20) size 259x21
          RenderTableRow {TR} at (0,0) size 259x21
            RenderTableCell {TD} at (0,0) size 87x21 [border: none] [r=0 c=0 rs=1 cs=1]
              RenderText {#text} at (2,1) size 84x19
                text run at (2,1) width 84: "Row 1, Cell 1"
            RenderTableCell {TD} at (87,0) size 86x21 [r=0 c=1 rs=1 cs=1]
              RenderText {#text} at (1,1) size 84x19
                text run at (1,1) width 84: "Row 1, Cell 2"
            RenderTableCell {TD} at (173,0) size 86x21 [r=0 c=2 rs=1 cs=1]
              RenderText {#text} at (1,1) size 84x19
                text run at (1,1) width 84: "Row 1, Cell 3"
        RenderTableSection {TBODY} at (0,41) size 259x63
          RenderTableRow {TR} at (0,0) size 259x21
            RenderTableCell {TD} at (0,10) size 87x21 [border: none] [r=0 c=0 rs=2 cs=1]
              RenderText {#text} at (2,1) size 84x19
                text run at (2,1) width 84: "Row 2, Cell 1"
            RenderTableCell {TD} at (87,0) size 172x21 [r=0 c=1 rs=1 cs=2]
              RenderText {#text} at (1,1) size 84x19
                text run at (1,1) width 84: "Row 2, Cell 2"
          RenderTableRow {TR} at (0,21) size 259x21
            RenderTableCell {TD} at (87,21) size 86x21 [r=1 c=1 rs=1 cs=1]
              RenderText {#text} at (1,1) size 84x19
                text run at (1,1) width 84: "Row 3, Cell 2"
            RenderTableCell {TD} at (173,31) size 86x21 [r=1 c=2 rs=2 cs=1]
              RenderText {#text} at (1,1) size 84x19
                text run at (1,1) width 84: "Row 3, Cell 3"
          RenderTableRow {TR} at (0,42) size 259x21
            RenderTableCell {TD} at (0,42) size 173x21 [border: none] [r=2 c=0 rs=1 cs=2]
              RenderText {#text} at (2,1) size 84x19
                text run at (2,1) width 84: "Row 4, Cell 1"
        RenderTableSection {TFOOT} at (0,104) size 259x21
          RenderTableRow {TR} at (0,0) size 259x21
            RenderTableCell {TD} at (0,0) size 87x21 [border: none] [r=0 c=0 rs=1 cs=1]
              RenderText {#text} at (2,1) size 84x19
                text run at (2,1) width 84: "Row 5, Cell 1"
            RenderTableCell {TD} at (87,0) size 86x21 [r=0 c=1 rs=1 cs=1]
              RenderText {#text} at (1,1) size 84x19
                text run at (1,1) width 84: "Row 5, Cell 2"
            RenderTableCell {TD} at (173,0) size 86x21 [r=0 c=2 rs=1 cs=1]
              RenderText {#text} at (1,1) size 84x19
                text run at (1,1) width 84: "Row 5, Cell 3"
      RenderTable {TABLE} at (0,1042) size 259x125 [border: none (1px solid #808080) none]
        RenderBlock {CAPTION} at (0,0) size 258x20
          RenderInline {A} at (0,0) size 216x20
            RenderText {#text} at (18,0) size 216x20
              text run at (18,0) width 216: "Frame=\x{201C}rhs\x{201D} and Rules=\x{201C}none\x{201D}"
          RenderInline (generated) at (0,0) size 5x20
            RenderText at (234,0) size 5x20
              text run at (234,0) width 5: ":"
        RenderTableSection {THEAD} at (0,20) size 258x21
          RenderTableRow {TR} at (0,0) size 258x21
            RenderTableCell {TD} at (0,0) size 86x21 [r=0 c=0 rs=1 cs=1]
              RenderText {#text} at (1,1) size 84x19
                text run at (1,1) width 84: "Row 1, Cell 1"
            RenderTableCell {TD} at (86,0) size 86x21 [r=0 c=1 rs=1 cs=1]
              RenderText {#text} at (1,1) size 84x19
                text run at (1,1) width 84: "Row 1, Cell 2"
            RenderTableCell {TD} at (172,0) size 86x21 [r=0 c=2 rs=1 cs=1]
              RenderText {#text} at (1,1) size 84x19
                text run at (1,1) width 84: "Row 1, Cell 3"
        RenderTableSection {TBODY} at (0,41) size 258x63
          RenderTableRow {TR} at (0,0) size 258x21
            RenderTableCell {TD} at (0,10) size 86x21 [r=0 c=0 rs=2 cs=1]
              RenderText {#text} at (1,1) size 84x19
                text run at (1,1) width 84: "Row 2, Cell 1"
            RenderTableCell {TD} at (86,0) size 172x21 [r=0 c=1 rs=1 cs=2]
              RenderText {#text} at (1,1) size 84x19
                text run at (1,1) width 84: "Row 2, Cell 2"
          RenderTableRow {TR} at (0,21) size 258x21
            RenderTableCell {TD} at (86,21) size 86x21 [r=1 c=1 rs=1 cs=1]
              RenderText {#text} at (1,1) size 84x19
                text run at (1,1) width 84: "Row 3, Cell 2"
            RenderTableCell {TD} at (172,31) size 86x21 [r=1 c=2 rs=2 cs=1]
              RenderText {#text} at (1,1) size 84x19
                text run at (1,1) width 84: "Row 3, Cell 3"
          RenderTableRow {TR} at (0,42) size 258x21
            RenderTableCell {TD} at (0,42) size 172x21 [r=2 c=0 rs=1 cs=2]
              RenderText {#text} at (1,1) size 84x19
                text run at (1,1) width 84: "Row 4, Cell 1"
        RenderTableSection {TFOOT} at (0,104) size 258x21
          RenderTableRow {TR} at (0,0) size 258x21
            RenderTableCell {TD} at (0,0) size 86x21 [r=0 c=0 rs=1 cs=1]
              RenderText {#text} at (1,1) size 84x19
                text run at (1,1) width 84: "Row 5, Cell 1"
            RenderTableCell {TD} at (86,0) size 86x21 [r=0 c=1 rs=1 cs=1]
              RenderText {#text} at (1,1) size 84x19
                text run at (1,1) width 84: "Row 5, Cell 2"
            RenderTableCell {TD} at (172,0) size 86x21 [r=0 c=2 rs=1 cs=1]
              RenderText {#text} at (1,1) size 84x19
                text run at (1,1) width 84: "Row 5, Cell 3"
      RenderTable {TABLE} at (0,1215) size 260x127 [border: none]
        RenderBlock {CAPTION} at (0,0) size 259x20
          RenderInline {A} at (0,0) size 220x20
            RenderText {#text} at (17,0) size 220x20
              text run at (17,0) width 220: "Frame=\x{201C}box\x{201D} and Rules=\x{201C}none\x{201D}"
          RenderInline (generated) at (0,0) size 5x20
            RenderText at (237,0) size 5x20
              text run at (237,0) width 5: ":"
        RenderTableSection {THEAD} at (0,20) size 259x22
          RenderTableRow {TR} at (0,0) size 259x22
            RenderTableCell {TD} at (0,0) size 87x22 [border: (1px none #000000)] [r=0 c=0 rs=1 cs=1]
              RenderText {#text} at (2,2) size 84x19
                text run at (2,2) width 84: "Row 1, Cell 1"
            RenderTableCell {TD} at (87,0) size 86x22 [border: (1px none #000000)] [r=0 c=1 rs=1 cs=1]
              RenderText {#text} at (1,2) size 84x19
                text run at (1,2) width 84: "Row 1, Cell 2"
            RenderTableCell {TD} at (173,0) size 86x22 [border: (1px none #000000)] [r=0 c=2 rs=1 cs=1]
              RenderText {#text} at (1,2) size 84x19
                text run at (1,2) width 84: "Row 1, Cell 3"
        RenderTableSection {TBODY} at (0,42) size 259x63
          RenderTableRow {TR} at (0,0) size 259x21
            RenderTableCell {TD} at (0,10) size 87x21 [border: none] [r=0 c=0 rs=2 cs=1]
              RenderText {#text} at (2,1) size 84x19
                text run at (2,1) width 84: "Row 2, Cell 1"
            RenderTableCell {TD} at (87,0) size 172x21 [r=0 c=1 rs=1 cs=2]
              RenderText {#text} at (1,1) size 84x19
                text run at (1,1) width 84: "Row 2, Cell 2"
          RenderTableRow {TR} at (0,21) size 259x21
            RenderTableCell {TD} at (87,21) size 86x21 [r=1 c=1 rs=1 cs=1]
              RenderText {#text} at (1,1) size 84x19
                text run at (1,1) width 84: "Row 3, Cell 2"
            RenderTableCell {TD} at (173,31) size 86x21 [r=1 c=2 rs=2 cs=1]
              RenderText {#text} at (1,1) size 84x19
                text run at (1,1) width 84: "Row 3, Cell 3"
          RenderTableRow {TR} at (0,42) size 259x21
            RenderTableCell {TD} at (0,42) size 173x21 [border: none] [r=2 c=0 rs=1 cs=2]
              RenderText {#text} at (2,1) size 84x19
                text run at (2,1) width 84: "Row 4, Cell 1"
        RenderTableSection {TFOOT} at (0,105) size 259x21
          RenderTableRow {TR} at (0,0) size 259x21
            RenderTableCell {TD} at (0,0) size 87x21 [border: none] [r=0 c=0 rs=1 cs=1]
              RenderText {#text} at (2,1) size 84x19
                text run at (2,1) width 84: "Row 5, Cell 1"
            RenderTableCell {TD} at (87,0) size 86x21 [r=0 c=1 rs=1 cs=1]
              RenderText {#text} at (1,1) size 84x19
                text run at (1,1) width 84: "Row 5, Cell 2"
            RenderTableCell {TD} at (173,0) size 86x21 [r=0 c=2 rs=1 cs=1]
              RenderText {#text} at (1,1) size 84x19
                text run at (1,1) width 84: "Row 5, Cell 3"
      RenderTable {TABLE} at (0,1390) size 260x127 [border: none]
        RenderBlock {CAPTION} at (0,0) size 259x20
          RenderInline {A} at (0,0) size 239x20
            RenderText {#text} at (7,0) size 239x20
              text run at (7,0) width 239: "Frame=\x{201C}border\x{201D} and Rules=\x{201C}none\x{201D}"
          RenderInline (generated) at (0,0) size 5x20
            RenderText at (246,0) size 5x20
              text run at (246,0) width 5: ":"
        RenderTableSection {THEAD} at (0,20) size 259x22
          RenderTableRow {TR} at (0,0) size 259x22
            RenderTableCell {TD} at (0,0) size 87x22 [border: (1px none #000000)] [r=0 c=0 rs=1 cs=1]
              RenderText {#text} at (2,2) size 84x19
                text run at (2,2) width 84: "Row 1, Cell 1"
            RenderTableCell {TD} at (87,0) size 86x22 [border: (1px none #000000)] [r=0 c=1 rs=1 cs=1]
              RenderText {#text} at (1,2) size 84x19
                text run at (1,2) width 84: "Row 1, Cell 2"
            RenderTableCell {TD} at (173,0) size 86x22 [border: (1px none #000000)] [r=0 c=2 rs=1 cs=1]
              RenderText {#text} at (1,2) size 84x19
                text run at (1,2) width 84: "Row 1, Cell 3"
        RenderTableSection {TBODY} at (0,42) size 259x63
          RenderTableRow {TR} at (0,0) size 259x21
            RenderTableCell {TD} at (0,10) size 87x21 [border: none] [r=0 c=0 rs=2 cs=1]
              RenderText {#text} at (2,1) size 84x19
                text run at (2,1) width 84: "Row 2, Cell 1"
            RenderTableCell {TD} at (87,0) size 172x21 [r=0 c=1 rs=1 cs=2]
              RenderText {#text} at (1,1) size 84x19
                text run at (1,1) width 84: "Row 2, Cell 2"
          RenderTableRow {TR} at (0,21) size 259x21
            RenderTableCell {TD} at (87,21) size 86x21 [r=1 c=1 rs=1 cs=1]
              RenderText {#text} at (1,1) size 84x19
                text run at (1,1) width 84: "Row 3, Cell 2"
            RenderTableCell {TD} at (173,31) size 86x21 [r=1 c=2 rs=2 cs=1]
              RenderText {#text} at (1,1) size 84x19
                text run at (1,1) width 84: "Row 3, Cell 3"
          RenderTableRow {TR} at (0,42) size 259x21
            RenderTableCell {TD} at (0,42) size 173x21 [border: none] [r=2 c=0 rs=1 cs=2]
              RenderText {#text} at (2,1) size 84x19
                text run at (2,1) width 84: "Row 4, Cell 1"
        RenderTableSection {TFOOT} at (0,105) size 259x21
          RenderTableRow {TR} at (0,0) size 259x21
            RenderTableCell {TD} at (0,0) size 87x21 [border: none] [r=0 c=0 rs=1 cs=1]
              RenderText {#text} at (2,1) size 84x19
                text run at (2,1) width 84: "Row 5, Cell 1"
            RenderTableCell {TD} at (87,0) size 86x21 [r=0 c=1 rs=1 cs=1]
              RenderText {#text} at (1,1) size 84x19
                text run at (1,1) width 84: "Row 5, Cell 2"
            RenderTableCell {TD} at (173,0) size 86x21 [r=0 c=2 rs=1 cs=1]
              RenderText {#text} at (1,1) size 84x19
                text run at (1,1) width 84: "Row 5, Cell 3"
      RenderTable {TABLE} at (0,1565) size 258x127
        RenderBlock {CAPTION} at (0,0) size 258x20
          RenderInline {A} at (0,0) size 238x20
            RenderText {#text} at (7,0) size 238x20
              text run at (7,0) width 238: "Frame=\x{201C}void\x{201D} and Rules=\x{201C}groups\x{201D}"
          RenderInline (generated) at (0,0) size 5x20
            RenderText at (245,0) size 5x20
              text run at (245,0) width 5: ":"
        RenderTableSection {THEAD} at (0,20) size 258x21 [border: (1px solid #808080) none (1px solid #808080) none]
          RenderTableRow {TR} at (0,0) size 258x21
            RenderTableCell {TD} at (0,0) size 86x21 [r=0 c=0 rs=1 cs=1]
              RenderText {#text} at (1,1) size 84x19
                text run at (1,1) width 84: "Row 1, Cell 1"
            RenderTableCell {TD} at (86,0) size 86x21 [r=0 c=1 rs=1 cs=1]
              RenderText {#text} at (1,1) size 84x19
                text run at (1,1) width 84: "Row 1, Cell 2"
            RenderTableCell {TD} at (172,0) size 86x21 [r=0 c=2 rs=1 cs=1]
              RenderText {#text} at (1,1) size 84x19
                text run at (1,1) width 84: "Row 1, Cell 3"
        RenderTableSection {TBODY} at (0,41) size 258x64 [border: (1px solid #808080) none (1px solid #808080) none]
          RenderTableRow {TR} at (0,0) size 258x22
            RenderTableCell {TD} at (0,10) size 86x22 [border: (1px none #000000)] [r=0 c=0 rs=2 cs=1]
              RenderText {#text} at (1,2) size 84x19
                text run at (1,2) width 84: "Row 2, Cell 1"
            RenderTableCell {TD} at (86,0) size 172x22 [border: (1px none #000000)] [r=0 c=1 rs=1 cs=2]
              RenderText {#text} at (1,2) size 84x19
                text run at (1,2) width 84: "Row 2, Cell 2"
          RenderTableRow {TR} at (0,22) size 258x21
            RenderTableCell {TD} at (86,22) size 86x21 [r=1 c=1 rs=1 cs=1]
              RenderText {#text} at (1,1) size 84x19
                text run at (1,1) width 84: "Row 3, Cell 2"
            RenderTableCell {TD} at (172,32) size 86x21 [r=1 c=2 rs=2 cs=1]
              RenderText {#text} at (1,1) size 84x19
                text run at (1,1) width 84: "Row 3, Cell 3"
          RenderTableRow {TR} at (0,43) size 258x21
            RenderTableCell {TD} at (0,43) size 172x21 [r=2 c=0 rs=1 cs=2]
              RenderText {#text} at (1,1) size 84x19
                text run at (1,1) width 84: "Row 4, Cell 1"
        RenderTableSection {TFOOT} at (0,105) size 258x22 [border: (1px solid #808080) none (1px solid #808080) none]
          RenderTableRow {TR} at (0,0) size 258x22
            RenderTableCell {TD} at (0,0) size 86x22 [border: (1px none #000000)] [r=0 c=0 rs=1 cs=1]
              RenderText {#text} at (1,2) size 84x19
                text run at (1,2) width 84: "Row 5, Cell 1"
            RenderTableCell {TD} at (86,0) size 86x22 [border: (1px none #000000)] [r=0 c=1 rs=1 cs=1]
              RenderText {#text} at (1,2) size 84x19
                text run at (1,2) width 84: "Row 5, Cell 2"
            RenderTableCell {TD} at (172,0) size 86x22 [border: (1px none #000000)] [r=0 c=2 rs=1 cs=1]
              RenderText {#text} at (1,2) size 84x19
                text run at (1,2) width 84: "Row 5, Cell 3"
      RenderTable {TABLE} at (0,1740) size 258x128
        RenderBlock {CAPTION} at (0,0) size 258x20
          RenderInline {A} at (0,0) size 250x20
            RenderText {#text} at (1,0) size 250x20
              text run at (1,0) width 250: "Frame=\x{201C}above\x{201D} and Rules=\x{201C}groups\x{201D}"
          RenderInline (generated) at (0,0) size 5x20
            RenderText at (251,0) size 5x20
              text run at (251,0) width 5: ":"
        RenderTableSection {THEAD} at (0,20) size 258x22 [border: (1px solid #808080) none (1px solid #808080) none]
          RenderTableRow {TR} at (0,0) size 258x22
            RenderTableCell {TD} at (0,0) size 86x22 [border: (1px none #000000)] [r=0 c=0 rs=1 cs=1]
              RenderText {#text} at (1,2) size 84x19
                text run at (1,2) width 84: "Row 1, Cell 1"
            RenderTableCell {TD} at (86,0) size 86x22 [border: (1px none #000000)] [r=0 c=1 rs=1 cs=1]
              RenderText {#text} at (1,2) size 84x19
                text run at (1,2) width 84: "Row 1, Cell 2"
            RenderTableCell {TD} at (172,0) size 86x22 [border: (1px none #000000)] [r=0 c=2 rs=1 cs=1]
              RenderText {#text} at (1,2) size 84x19
                text run at (1,2) width 84: "Row 1, Cell 3"
        RenderTableSection {TBODY} at (0,42) size 258x64 [border: (1px solid #808080) none (1px solid #808080) none]
          RenderTableRow {TR} at (0,0) size 258x22
            RenderTableCell {TD} at (0,10) size 86x22 [border: (1px none #000000)] [r=0 c=0 rs=2 cs=1]
              RenderText {#text} at (1,2) size 84x19
                text run at (1,2) width 84: "Row 2, Cell 1"
            RenderTableCell {TD} at (86,0) size 172x22 [border: (1px none #000000)] [r=0 c=1 rs=1 cs=2]
              RenderText {#text} at (1,2) size 84x19
                text run at (1,2) width 84: "Row 2, Cell 2"
          RenderTableRow {TR} at (0,22) size 258x21
            RenderTableCell {TD} at (86,22) size 86x21 [r=1 c=1 rs=1 cs=1]
              RenderText {#text} at (1,1) size 84x19
                text run at (1,1) width 84: "Row 3, Cell 2"
            RenderTableCell {TD} at (172,32) size 86x21 [r=1 c=2 rs=2 cs=1]
              RenderText {#text} at (1,1) size 84x19
                text run at (1,1) width 84: "Row 3, Cell 3"
          RenderTableRow {TR} at (0,43) size 258x21
            RenderTableCell {TD} at (0,43) size 172x21 [r=2 c=0 rs=1 cs=2]
              RenderText {#text} at (1,1) size 84x19
                text run at (1,1) width 84: "Row 4, Cell 1"
        RenderTableSection {TFOOT} at (0,106) size 258x22 [border: (1px solid #808080) none (1px solid #808080) none]
          RenderTableRow {TR} at (0,0) size 258x22
            RenderTableCell {TD} at (0,0) size 86x22 [border: (1px none #000000)] [r=0 c=0 rs=1 cs=1]
              RenderText {#text} at (1,2) size 84x19
                text run at (1,2) width 84: "Row 5, Cell 1"
            RenderTableCell {TD} at (86,0) size 86x22 [border: (1px none #000000)] [r=0 c=1 rs=1 cs=1]
              RenderText {#text} at (1,2) size 84x19
                text run at (1,2) width 84: "Row 5, Cell 2"
            RenderTableCell {TD} at (172,0) size 86x22 [border: (1px none #000000)] [r=0 c=2 rs=1 cs=1]
              RenderText {#text} at (1,2) size 84x19
                text run at (1,2) width 84: "Row 5, Cell 3"
      RenderTable {TABLE} at (0,1916) size 258x128 [border: none (1px solid #808080) none]
        RenderBlock {CAPTION} at (0,0) size 258x20
          RenderInline {A} at (0,0) size 249x20
            RenderText {#text} at (2,0) size 249x20
              text run at (2,0) width 249: "Frame=\x{201C}below\x{201D} and Rules=\x{201C}groups\x{201D}"
          RenderInline (generated) at (0,0) size 5x20
            RenderText at (251,0) size 5x20
              text run at (251,0) width 5: ":"
        RenderTableSection {THEAD} at (0,20) size 258x21 [border: (1px solid #808080) none (1px solid #808080) none]
          RenderTableRow {TR} at (0,0) size 258x21
            RenderTableCell {TD} at (0,0) size 86x21 [r=0 c=0 rs=1 cs=1]
              RenderText {#text} at (1,1) size 84x19
                text run at (1,1) width 84: "Row 1, Cell 1"
            RenderTableCell {TD} at (86,0) size 86x21 [r=0 c=1 rs=1 cs=1]
              RenderText {#text} at (1,1) size 84x19
                text run at (1,1) width 84: "Row 1, Cell 2"
            RenderTableCell {TD} at (172,0) size 86x21 [r=0 c=2 rs=1 cs=1]
              RenderText {#text} at (1,1) size 84x19
                text run at (1,1) width 84: "Row 1, Cell 3"
        RenderTableSection {TBODY} at (0,41) size 258x64 [border: (1px solid #808080) none (1px solid #808080) none]
          RenderTableRow {TR} at (0,0) size 258x22
            RenderTableCell {TD} at (0,10) size 86x22 [border: (1px none #000000)] [r=0 c=0 rs=2 cs=1]
              RenderText {#text} at (1,2) size 84x19
                text run at (1,2) width 84: "Row 2, Cell 1"
            RenderTableCell {TD} at (86,0) size 172x22 [border: (1px none #000000)] [r=0 c=1 rs=1 cs=2]
              RenderText {#text} at (1,2) size 84x19
                text run at (1,2) width 84: "Row 2, Cell 2"
          RenderTableRow {TR} at (0,22) size 258x21
            RenderTableCell {TD} at (86,22) size 86x21 [r=1 c=1 rs=1 cs=1]
              RenderText {#text} at (1,1) size 84x19
                text run at (1,1) width 84: "Row 3, Cell 2"
            RenderTableCell {TD} at (172,32) size 86x21 [r=1 c=2 rs=2 cs=1]
              RenderText {#text} at (1,1) size 84x19
                text run at (1,1) width 84: "Row 3, Cell 3"
          RenderTableRow {TR} at (0,43) size 258x21
            RenderTableCell {TD} at (0,43) size 172x21 [r=2 c=0 rs=1 cs=2]
              RenderText {#text} at (1,1) size 84x19
                text run at (1,1) width 84: "Row 4, Cell 1"
        RenderTableSection {TFOOT} at (0,105) size 258x22 [border: (1px solid #808080) none (1px solid #808080) none]
          RenderTableRow {TR} at (0,0) size 258x22
            RenderTableCell {TD} at (0,0) size 86x22 [border: (1px none #000000)] [r=0 c=0 rs=1 cs=1]
              RenderText {#text} at (1,2) size 84x19
                text run at (1,2) width 84: "Row 5, Cell 1"
            RenderTableCell {TD} at (86,0) size 86x22 [border: (1px none #000000)] [r=0 c=1 rs=1 cs=1]
              RenderText {#text} at (1,2) size 84x19
                text run at (1,2) width 84: "Row 5, Cell 2"
            RenderTableCell {TD} at (172,0) size 86x22 [border: (1px none #000000)] [r=0 c=2 rs=1 cs=1]
              RenderText {#text} at (1,2) size 84x19
                text run at (1,2) width 84: "Row 5, Cell 3"
      RenderTable {TABLE} at (0,2092) size 258x149 [border: none none (1px solid #808080) none]
        RenderBlock {CAPTION} at (0,0) size 258x40
          RenderInline {A} at (0,0) size 140x40
            RenderText {#text} at (59,0) size 140x40
              text run at (59,0) width 140: "Frame=\x{201C}hsides\x{201D} and"
              text run at (71,20) width 110: "Rules=\x{201C}groups\x{201D}"
          RenderInline (generated) at (0,0) size 5x20
            RenderText at (181,20) size 5x20
              text run at (181,20) width 5: ":"
        RenderTableSection {THEAD} at (0,40) size 258x22 [border: (1px solid #808080) none (1px solid #808080) none]
          RenderTableRow {TR} at (0,0) size 258x22
            RenderTableCell {TD} at (0,0) size 86x22 [border: (1px none #000000)] [r=0 c=0 rs=1 cs=1]
              RenderText {#text} at (1,2) size 84x19
                text run at (1,2) width 84: "Row 1, Cell 1"
            RenderTableCell {TD} at (86,0) size 86x22 [border: (1px none #000000)] [r=0 c=1 rs=1 cs=1]
              RenderText {#text} at (1,2) size 84x19
                text run at (1,2) width 84: "Row 1, Cell 2"
            RenderTableCell {TD} at (172,0) size 86x22 [border: (1px none #000000)] [r=0 c=2 rs=1 cs=1]
              RenderText {#text} at (1,2) size 84x19
                text run at (1,2) width 84: "Row 1, Cell 3"
        RenderTableSection {TBODY} at (0,62) size 258x64 [border: (1px solid #808080) none (1px solid #808080) none]
          RenderTableRow {TR} at (0,0) size 258x22
            RenderTableCell {TD} at (0,10) size 86x22 [border: (1px none #000000)] [r=0 c=0 rs=2 cs=1]
              RenderText {#text} at (1,2) size 84x19
                text run at (1,2) width 84: "Row 2, Cell 1"
            RenderTableCell {TD} at (86,0) size 172x22 [border: (1px none #000000)] [r=0 c=1 rs=1 cs=2]
              RenderText {#text} at (1,2) size 84x19
                text run at (1,2) width 84: "Row 2, Cell 2"
          RenderTableRow {TR} at (0,22) size 258x21
            RenderTableCell {TD} at (86,22) size 86x21 [r=1 c=1 rs=1 cs=1]
              RenderText {#text} at (1,1) size 84x19
                text run at (1,1) width 84: "Row 3, Cell 2"
            RenderTableCell {TD} at (172,32) size 86x21 [r=1 c=2 rs=2 cs=1]
              RenderText {#text} at (1,1) size 84x19
                text run at (1,1) width 84: "Row 3, Cell 3"
          RenderTableRow {TR} at (0,43) size 258x21
            RenderTableCell {TD} at (0,43) size 172x21 [r=2 c=0 rs=1 cs=2]
              RenderText {#text} at (1,1) size 84x19
                text run at (1,1) width 84: "Row 4, Cell 1"
        RenderTableSection {TFOOT} at (0,126) size 258x22 [border: (1px solid #808080) none (1px solid #808080) none]
          RenderTableRow {TR} at (0,0) size 258x22
            RenderTableCell {TD} at (0,0) size 86x22 [border: (1px none #000000)] [r=0 c=0 rs=1 cs=1]
              RenderText {#text} at (1,2) size 84x19
                text run at (1,2) width 84: "Row 5, Cell 1"
            RenderTableCell {TD} at (86,0) size 86x22 [border: (1px none #000000)] [r=0 c=1 rs=1 cs=1]
              RenderText {#text} at (1,2) size 84x19
                text run at (1,2) width 84: "Row 5, Cell 2"
            RenderTableCell {TD} at (172,0) size 86x22 [border: (1px none #000000)] [r=0 c=2 rs=1 cs=1]
              RenderText {#text} at (1,2) size 84x19
                text run at (1,2) width 84: "Row 5, Cell 3"
      RenderTable {TABLE} at (0,2289) size 260x127 [border: none (1px solid #808080) none none]
        RenderBlock {CAPTION} at (0,0) size 259x20
          RenderInline {A} at (0,0) size 253x20
            RenderText {#text} at (0,0) size 253x20
              text run at (0,0) width 253: "Frame=\x{201C}vsides\x{201D} and Rules=\x{201C}groups\x{201D}"
          RenderInline (generated) at (0,0) size 5x20
            RenderText at (253,0) size 5x20
              text run at (253,0) width 5: ":"
        RenderTableSection {THEAD} at (0,20) size 259x21 [border: (1px solid #808080) none (1px solid #808080) none]
          RenderTableRow {TR} at (0,0) size 259x21
            RenderTableCell {TD} at (0,0) size 87x21 [border: none] [r=0 c=0 rs=1 cs=1]
              RenderText {#text} at (2,1) size 84x19
                text run at (2,1) width 84: "Row 1, Cell 1"
            RenderTableCell {TD} at (87,0) size 86x21 [r=0 c=1 rs=1 cs=1]
              RenderText {#text} at (1,1) size 84x19
                text run at (1,1) width 84: "Row 1, Cell 2"
            RenderTableCell {TD} at (173,0) size 86x21 [r=0 c=2 rs=1 cs=1]
              RenderText {#text} at (1,1) size 84x19
                text run at (1,1) width 84: "Row 1, Cell 3"
        RenderTableSection {TBODY} at (0,41) size 259x64 [border: (1px solid #808080) none (1px solid #808080) none]
          RenderTableRow {TR} at (0,0) size 259x22
            RenderTableCell {TD} at (0,10) size 87x22 [border: (1px none #000000)] [r=0 c=0 rs=2 cs=1]
              RenderText {#text} at (2,2) size 84x19
                text run at (2,2) width 84: "Row 2, Cell 1"
            RenderTableCell {TD} at (87,0) size 172x22 [border: (1px none #000000)] [r=0 c=1 rs=1 cs=2]
              RenderText {#text} at (1,2) size 84x19
                text run at (1,2) width 84: "Row 2, Cell 2"
          RenderTableRow {TR} at (0,22) size 259x21
            RenderTableCell {TD} at (87,22) size 86x21 [r=1 c=1 rs=1 cs=1]
              RenderText {#text} at (1,1) size 84x19
                text run at (1,1) width 84: "Row 3, Cell 2"
            RenderTableCell {TD} at (173,32) size 86x21 [r=1 c=2 rs=2 cs=1]
              RenderText {#text} at (1,1) size 84x19
                text run at (1,1) width 84: "Row 3, Cell 3"
          RenderTableRow {TR} at (0,43) size 259x21
            RenderTableCell {TD} at (0,43) size 173x21 [border: none] [r=2 c=0 rs=1 cs=2]
              RenderText {#text} at (2,1) size 84x19
                text run at (2,1) width 84: "Row 4, Cell 1"
        RenderTableSection {TFOOT} at (0,105) size 259x22 [border: (1px solid #808080) none (1px solid #808080) none]
          RenderTableRow {TR} at (0,0) size 259x22
            RenderTableCell {TD} at (0,0) size 87x22 [border: (1px none #000000)] [r=0 c=0 rs=1 cs=1]
              RenderText {#text} at (2,2) size 84x19
                text run at (2,2) width 84: "Row 5, Cell 1"
            RenderTableCell {TD} at (87,0) size 86x22 [border: (1px none #000000)] [r=0 c=1 rs=1 cs=1]
              RenderText {#text} at (1,2) size 84x19
                text run at (1,2) width 84: "Row 5, Cell 2"
            RenderTableCell {TD} at (173,0) size 86x22 [border: (1px none #000000)] [r=0 c=2 rs=1 cs=1]
              RenderText {#text} at (1,2) size 84x19
                text run at (1,2) width 84: "Row 5, Cell 3"
      RenderTable {TABLE} at (0,2464) size 259x127
        RenderBlock {CAPTION} at (0,0) size 259x20
          RenderInline {A} at (0,0) size 229x20
            RenderText {#text} at (12,0) size 229x20
              text run at (12,0) width 229: "Frame=\x{201C}lhs\x{201D} and Rules=\x{201C}groups\x{201D}"
          RenderInline (generated) at (0,0) size 5x20
            RenderText at (241,0) size 5x20
              text run at (241,0) width 5: ":"
        RenderTableSection {THEAD} at (0,20) size 259x21 [border: (1px solid #808080) none (1px solid #808080) none]
          RenderTableRow {TR} at (0,0) size 259x21
            RenderTableCell {TD} at (0,0) size 87x21 [border: none] [r=0 c=0 rs=1 cs=1]
              RenderText {#text} at (2,1) size 84x19
                text run at (2,1) width 84: "Row 1, Cell 1"
            RenderTableCell {TD} at (87,0) size 86x21 [r=0 c=1 rs=1 cs=1]
              RenderText {#text} at (1,1) size 84x19
                text run at (1,1) width 84: "Row 1, Cell 2"
            RenderTableCell {TD} at (173,0) size 86x21 [r=0 c=2 rs=1 cs=1]
              RenderText {#text} at (1,1) size 84x19
                text run at (1,1) width 84: "Row 1, Cell 3"
        RenderTableSection {TBODY} at (0,41) size 259x64 [border: (1px solid #808080) none (1px solid #808080) none]
          RenderTableRow {TR} at (0,0) size 259x22
            RenderTableCell {TD} at (0,10) size 87x22 [border: (1px none #000000)] [r=0 c=0 rs=2 cs=1]
              RenderText {#text} at (2,2) size 84x19
                text run at (2,2) width 84: "Row 2, Cell 1"
            RenderTableCell {TD} at (87,0) size 172x22 [border: (1px none #000000)] [r=0 c=1 rs=1 cs=2]
              RenderText {#text} at (1,2) size 84x19
                text run at (1,2) width 84: "Row 2, Cell 2"
          RenderTableRow {TR} at (0,22) size 259x21
            RenderTableCell {TD} at (87,22) size 86x21 [r=1 c=1 rs=1 cs=1]
              RenderText {#text} at (1,1) size 84x19
                text run at (1,1) width 84: "Row 3, Cell 2"
            RenderTableCell {TD} at (173,32) size 86x21 [r=1 c=2 rs=2 cs=1]
              RenderText {#text} at (1,1) size 84x19
                text run at (1,1) width 84: "Row 3, Cell 3"
          RenderTableRow {TR} at (0,43) size 259x21
            RenderTableCell {TD} at (0,43) size 173x21 [border: none] [r=2 c=0 rs=1 cs=2]
              RenderText {#text} at (2,1) size 84x19
                text run at (2,1) width 84: "Row 4, Cell 1"
        RenderTableSection {TFOOT} at (0,105) size 259x22 [border: (1px solid #808080) none (1px solid #808080) none]
          RenderTableRow {TR} at (0,0) size 259x22
            RenderTableCell {TD} at (0,0) size 87x22 [border: (1px none #000000)] [r=0 c=0 rs=1 cs=1]
              RenderText {#text} at (2,2) size 84x19
                text run at (2,2) width 84: "Row 5, Cell 1"
            RenderTableCell {TD} at (87,0) size 86x22 [border: (1px none #000000)] [r=0 c=1 rs=1 cs=1]
              RenderText {#text} at (1,2) size 84x19
                text run at (1,2) width 84: "Row 5, Cell 2"
            RenderTableCell {TD} at (173,0) size 86x22 [border: (1px none #000000)] [r=0 c=2 rs=1 cs=1]
              RenderText {#text} at (1,2) size 84x19
                text run at (1,2) width 84: "Row 5, Cell 3"
      RenderTable {TABLE} at (0,2639) size 259x127 [border: none (1px solid #808080) none]
        RenderBlock {CAPTION} at (0,0) size 258x20
          RenderInline {A} at (0,0) size 230x20
            RenderText {#text} at (11,0) size 230x20
              text run at (11,0) width 230: "Frame=\x{201C}rhs\x{201D} and Rules=\x{201C}groups\x{201D}"
          RenderInline (generated) at (0,0) size 5x20
            RenderText at (241,0) size 5x20
              text run at (241,0) width 5: ":"
        RenderTableSection {THEAD} at (0,20) size 258x21 [border: (1px solid #808080) none (1px solid #808080) none]
          RenderTableRow {TR} at (0,0) size 258x21
            RenderTableCell {TD} at (0,0) size 86x21 [r=0 c=0 rs=1 cs=1]
              RenderText {#text} at (1,1) size 84x19
                text run at (1,1) width 84: "Row 1, Cell 1"
            RenderTableCell {TD} at (86,0) size 86x21 [r=0 c=1 rs=1 cs=1]
              RenderText {#text} at (1,1) size 84x19
                text run at (1,1) width 84: "Row 1, Cell 2"
            RenderTableCell {TD} at (172,0) size 86x21 [r=0 c=2 rs=1 cs=1]
              RenderText {#text} at (1,1) size 84x19
                text run at (1,1) width 84: "Row 1, Cell 3"
        RenderTableSection {TBODY} at (0,41) size 258x64 [border: (1px solid #808080) none (1px solid #808080) none]
          RenderTableRow {TR} at (0,0) size 258x22
            RenderTableCell {TD} at (0,10) size 86x22 [border: (1px none #000000)] [r=0 c=0 rs=2 cs=1]
              RenderText {#text} at (1,2) size 84x19
                text run at (1,2) width 84: "Row 2, Cell 1"
            RenderTableCell {TD} at (86,0) size 172x22 [border: (1px none #000000)] [r=0 c=1 rs=1 cs=2]
              RenderText {#text} at (1,2) size 84x19
                text run at (1,2) width 84: "Row 2, Cell 2"
          RenderTableRow {TR} at (0,22) size 258x21
            RenderTableCell {TD} at (86,22) size 86x21 [r=1 c=1 rs=1 cs=1]
              RenderText {#text} at (1,1) size 84x19
                text run at (1,1) width 84: "Row 3, Cell 2"
            RenderTableCell {TD} at (172,32) size 86x21 [r=1 c=2 rs=2 cs=1]
              RenderText {#text} at (1,1) size 84x19
                text run at (1,1) width 84: "Row 3, Cell 3"
          RenderTableRow {TR} at (0,43) size 258x21
            RenderTableCell {TD} at (0,43) size 172x21 [r=2 c=0 rs=1 cs=2]
              RenderText {#text} at (1,1) size 84x19
                text run at (1,1) width 84: "Row 4, Cell 1"
        RenderTableSection {TFOOT} at (0,105) size 258x22 [border: (1px solid #808080) none (1px solid #808080) none]
          RenderTableRow {TR} at (0,0) size 258x22
            RenderTableCell {TD} at (0,0) size 86x22 [border: (1px none #000000)] [r=0 c=0 rs=1 cs=1]
              RenderText {#text} at (1,2) size 84x19
                text run at (1,2) width 84: "Row 5, Cell 1"
            RenderTableCell {TD} at (86,0) size 86x22 [border: (1px none #000000)] [r=0 c=1 rs=1 cs=1]
              RenderText {#text} at (1,2) size 84x19
                text run at (1,2) width 84: "Row 5, Cell 2"
            RenderTableCell {TD} at (172,0) size 86x22 [border: (1px none #000000)] [r=0 c=2 rs=1 cs=1]
              RenderText {#text} at (1,2) size 84x19
                text run at (1,2) width 84: "Row 5, Cell 3"
      RenderTable {TABLE} at (0,2814) size 260x129 [border: none]
        RenderBlock {CAPTION} at (0,0) size 259x20
          RenderInline {A} at (0,0) size 234x20
            RenderText {#text} at (10,0) size 234x20
              text run at (10,0) width 234: "Frame=\x{201C}box\x{201D} and Rules=\x{201C}groups\x{201D}"
          RenderInline (generated) at (0,0) size 5x20
            RenderText at (244,0) size 5x20
              text run at (244,0) width 5: ":"
        RenderTableSection {THEAD} at (0,20) size 259x22 [border: (1px solid #808080) none (1px solid #808080) none]
          RenderTableRow {TR} at (0,0) size 259x22
            RenderTableCell {TD} at (0,0) size 87x22 [border: (1px none #000000)] [r=0 c=0 rs=1 cs=1]
              RenderText {#text} at (2,2) size 84x19
                text run at (2,2) width 84: "Row 1, Cell 1"
            RenderTableCell {TD} at (87,0) size 86x22 [border: (1px none #000000)] [r=0 c=1 rs=1 cs=1]
              RenderText {#text} at (1,2) size 84x19
                text run at (1,2) width 84: "Row 1, Cell 2"
            RenderTableCell {TD} at (173,0) size 86x22 [border: (1px none #000000)] [r=0 c=2 rs=1 cs=1]
              RenderText {#text} at (1,2) size 84x19
                text run at (1,2) width 84: "Row 1, Cell 3"
        RenderTableSection {TBODY} at (0,42) size 259x64 [border: (1px solid #808080) none (1px solid #808080) none]
          RenderTableRow {TR} at (0,0) size 259x22
            RenderTableCell {TD} at (0,10) size 87x22 [border: (1px none #000000)] [r=0 c=0 rs=2 cs=1]
              RenderText {#text} at (2,2) size 84x19
                text run at (2,2) width 84: "Row 2, Cell 1"
            RenderTableCell {TD} at (87,0) size 172x22 [border: (1px none #000000)] [r=0 c=1 rs=1 cs=2]
              RenderText {#text} at (1,2) size 84x19
                text run at (1,2) width 84: "Row 2, Cell 2"
          RenderTableRow {TR} at (0,22) size 259x21
            RenderTableCell {TD} at (87,22) size 86x21 [r=1 c=1 rs=1 cs=1]
              RenderText {#text} at (1,1) size 84x19
                text run at (1,1) width 84: "Row 3, Cell 2"
            RenderTableCell {TD} at (173,32) size 86x21 [r=1 c=2 rs=2 cs=1]
              RenderText {#text} at (1,1) size 84x19
                text run at (1,1) width 84: "Row 3, Cell 3"
          RenderTableRow {TR} at (0,43) size 259x21
            RenderTableCell {TD} at (0,43) size 173x21 [border: none] [r=2 c=0 rs=1 cs=2]
              RenderText {#text} at (2,1) size 84x19
                text run at (2,1) width 84: "Row 4, Cell 1"
        RenderTableSection {TFOOT} at (0,106) size 259x22 [border: (1px solid #808080) none (1px solid #808080) none]
          RenderTableRow {TR} at (0,0) size 259x22
            RenderTableCell {TD} at (0,0) size 87x22 [border: (1px none #000000)] [r=0 c=0 rs=1 cs=1]
              RenderText {#text} at (2,2) size 84x19
                text run at (2,2) width 84: "Row 5, Cell 1"
            RenderTableCell {TD} at (87,0) size 86x22 [border: (1px none #000000)] [r=0 c=1 rs=1 cs=1]
              RenderText {#text} at (1,2) size 84x19
                text run at (1,2) width 84: "Row 5, Cell 2"
            RenderTableCell {TD} at (173,0) size 86x22 [border: (1px none #000000)] [r=0 c=2 rs=1 cs=1]
              RenderText {#text} at (1,2) size 84x19
                text run at (1,2) width 84: "Row 5, Cell 3"
      RenderTable {TABLE} at (0,2991) size 260x129 [border: none]
        RenderBlock {CAPTION} at (0,0) size 259x20
          RenderInline {A} at (0,0) size 253x20
            RenderText {#text} at (0,0) size 253x20
              text run at (0,0) width 253: "Frame=\x{201C}border\x{201D} and Rules=\x{201C}groups\x{201D}"
          RenderInline (generated) at (0,0) size 5x20
            RenderText at (253,0) size 5x20
              text run at (253,0) width 5: ":"
        RenderTableSection {THEAD} at (0,20) size 259x22 [border: (1px solid #808080) none (1px solid #808080) none]
          RenderTableRow {TR} at (0,0) size 259x22
            RenderTableCell {TD} at (0,0) size 87x22 [border: (1px none #000000)] [r=0 c=0 rs=1 cs=1]
              RenderText {#text} at (2,2) size 84x19
                text run at (2,2) width 84: "Row 1, Cell 1"
            RenderTableCell {TD} at (87,0) size 86x22 [border: (1px none #000000)] [r=0 c=1 rs=1 cs=1]
              RenderText {#text} at (1,2) size 84x19
                text run at (1,2) width 84: "Row 1, Cell 2"
            RenderTableCell {TD} at (173,0) size 86x22 [border: (1px none #000000)] [r=0 c=2 rs=1 cs=1]
              RenderText {#text} at (1,2) size 84x19
                text run at (1,2) width 84: "Row 1, Cell 3"
        RenderTableSection {TBODY} at (0,42) size 259x64 [border: (1px solid #808080) none (1px solid #808080) none]
          RenderTableRow {TR} at (0,0) size 259x22
            RenderTableCell {TD} at (0,10) size 87x22 [border: (1px none #000000)] [r=0 c=0 rs=2 cs=1]
              RenderText {#text} at (2,2) size 84x19
                text run at (2,2) width 84: "Row 2, Cell 1"
            RenderTableCell {TD} at (87,0) size 172x22 [border: (1px none #000000)] [r=0 c=1 rs=1 cs=2]
              RenderText {#text} at (1,2) size 84x19
                text run at (1,2) width 84: "Row 2, Cell 2"
          RenderTableRow {TR} at (0,22) size 259x21
            RenderTableCell {TD} at (87,22) size 86x21 [r=1 c=1 rs=1 cs=1]
              RenderText {#text} at (1,1) size 84x19
                text run at (1,1) width 84: "Row 3, Cell 2"
            RenderTableCell {TD} at (173,32) size 86x21 [r=1 c=2 rs=2 cs=1]
              RenderText {#text} at (1,1) size 84x19
                text run at (1,1) width 84: "Row 3, Cell 3"
          RenderTableRow {TR} at (0,43) size 259x21
            RenderTableCell {TD} at (0,43) size 173x21 [border: none] [r=2 c=0 rs=1 cs=2]
              RenderText {#text} at (2,1) size 84x19
                text run at (2,1) width 84: "Row 4, Cell 1"
        RenderTableSection {TFOOT} at (0,106) size 259x22 [border: (1px solid #808080) none (1px solid #808080) none]
          RenderTableRow {TR} at (0,0) size 259x22
            RenderTableCell {TD} at (0,0) size 87x22 [border: (1px none #000000)] [r=0 c=0 rs=1 cs=1]
              RenderText {#text} at (2,2) size 84x19
                text run at (2,2) width 84: "Row 5, Cell 1"
            RenderTableCell {TD} at (87,0) size 86x22 [border: (1px none #000000)] [r=0 c=1 rs=1 cs=1]
              RenderText {#text} at (1,2) size 84x19
                text run at (1,2) width 84: "Row 5, Cell 2"
            RenderTableCell {TD} at (173,0) size 86x22 [border: (1px none #000000)] [r=0 c=2 rs=1 cs=1]
              RenderText {#text} at (1,2) size 84x19
                text run at (1,2) width 84: "Row 5, Cell 3"
      RenderTable {TABLE} at (0,3168) size 258x129
        RenderBlock {CAPTION} at (0,0) size 258x20
          RenderInline {A} at (0,0) size 222x20
            RenderText {#text} at (15,0) size 222x20
              text run at (15,0) width 222: "Frame=\x{201C}void\x{201D} and Rules=\x{201C}rows\x{201D}"
          RenderInline (generated) at (0,0) size 5x20
            RenderText at (237,0) size 5x20
              text run at (237,0) width 5: ":"
        RenderTableSection {THEAD} at (0,20) size 258x21
          RenderTableRow {TR} at (0,0) size 258x21
            RenderTableCell {TD} at (0,0) size 86x21 [r=0 c=0 rs=1 cs=1]
              RenderText {#text} at (1,1) size 84x19
                text run at (1,1) width 84: "Row 1, Cell 1"
            RenderTableCell {TD} at (86,0) size 86x21 [r=0 c=1 rs=1 cs=1]
              RenderText {#text} at (1,1) size 84x19
                text run at (1,1) width 84: "Row 1, Cell 2"
            RenderTableCell {TD} at (172,0) size 86x21 [r=0 c=2 rs=1 cs=1]
              RenderText {#text} at (1,1) size 84x19
                text run at (1,1) width 84: "Row 1, Cell 3"
        RenderTableSection {TBODY} at (0,41) size 258x66
          RenderTableRow {TR} at (0,0) size 258x22
            RenderTableCell {TD} at (0,11) size 86x22 [border: (1px solid #808080) none none none] [r=0 c=0 rs=2 cs=1]
              RenderText {#text} at (1,2) size 84x19
                text run at (1,2) width 84: "Row 2, Cell 1"
            RenderTableCell {TD} at (86,0) size 172x22 [border: (1px solid #808080) none none none] [r=0 c=1 rs=1 cs=2]
              RenderText {#text} at (1,2) size 84x19
                text run at (1,2) width 84: "Row 2, Cell 2"
          RenderTableRow {TR} at (0,22) size 258x22
            RenderTableCell {TD} at (86,22) size 86x22 [border: (1px solid #808080) none none none] [r=1 c=1 rs=1 cs=1]
              RenderText {#text} at (1,2) size 84x19
                text run at (1,2) width 84: "Row 3, Cell 2"
            RenderTableCell {TD} at (172,33) size 86x22 [border: (1px solid #808080) none none none] [r=1 c=2 rs=2 cs=1]
              RenderText {#text} at (1,2) size 84x19
                text run at (1,2) width 84: "Row 3, Cell 3"
          RenderTableRow {TR} at (0,44) size 258x22
            RenderTableCell {TD} at (0,44) size 172x22 [border: (1px solid #808080) none none none] [r=2 c=0 rs=1 cs=2]
              RenderText {#text} at (1,2) size 84x19
                text run at (1,2) width 84: "Row 4, Cell 1"
        RenderTableSection {TFOOT} at (0,107) size 258x22
          RenderTableRow {TR} at (0,0) size 258x22
            RenderTableCell {TD} at (0,0) size 86x22 [border: (1px solid #808080) none none none] [r=0 c=0 rs=1 cs=1]
              RenderText {#text} at (1,2) size 84x19
                text run at (1,2) width 84: "Row 5, Cell 1"
            RenderTableCell {TD} at (86,0) size 86x22 [border: (1px solid #808080) none none none] [r=0 c=1 rs=1 cs=1]
              RenderText {#text} at (1,2) size 84x19
                text run at (1,2) width 84: "Row 5, Cell 2"
            RenderTableCell {TD} at (172,0) size 86x22 [border: (1px solid #808080) none none none] [r=0 c=2 rs=1 cs=1]
              RenderText {#text} at (1,2) size 84x19
                text run at (1,2) width 84: "Row 5, Cell 3"
      RenderTable {TABLE} at (0,3345) size 258x130
        RenderBlock {CAPTION} at (0,0) size 258x20
          RenderInline {A} at (0,0) size 234x20
            RenderText {#text} at (9,0) size 234x20
              text run at (9,0) width 234: "Frame=\x{201C}above\x{201D} and Rules=\x{201C}rows\x{201D}"
          RenderInline (generated) at (0,0) size 5x20
            RenderText at (243,0) size 5x20
              text run at (243,0) width 5: ":"
        RenderTableSection {THEAD} at (0,20) size 258x22
          RenderTableRow {TR} at (0,0) size 258x22
            RenderTableCell {TD} at (0,0) size 86x22 [border: (1px solid #808080) none none none] [r=0 c=0 rs=1 cs=1]
              RenderText {#text} at (1,2) size 84x19
                text run at (1,2) width 84: "Row 1, Cell 1"
            RenderTableCell {TD} at (86,0) size 86x22 [border: (1px solid #808080) none none none] [r=0 c=1 rs=1 cs=1]
              RenderText {#text} at (1,2) size 84x19
                text run at (1,2) width 84: "Row 1, Cell 2"
            RenderTableCell {TD} at (172,0) size 86x22 [border: (1px solid #808080) none none none] [r=0 c=2 rs=1 cs=1]
              RenderText {#text} at (1,2) size 84x19
                text run at (1,2) width 84: "Row 1, Cell 3"
        RenderTableSection {TBODY} at (0,42) size 258x66
          RenderTableRow {TR} at (0,0) size 258x22
            RenderTableCell {TD} at (0,11) size 86x22 [border: (1px solid #808080) none none none] [r=0 c=0 rs=2 cs=1]
              RenderText {#text} at (1,2) size 84x19
                text run at (1,2) width 84: "Row 2, Cell 1"
            RenderTableCell {TD} at (86,0) size 172x22 [border: (1px solid #808080) none none none] [r=0 c=1 rs=1 cs=2]
              RenderText {#text} at (1,2) size 84x19
                text run at (1,2) width 84: "Row 2, Cell 2"
          RenderTableRow {TR} at (0,22) size 258x22
            RenderTableCell {TD} at (86,22) size 86x22 [border: (1px solid #808080) none none none] [r=1 c=1 rs=1 cs=1]
              RenderText {#text} at (1,2) size 84x19
                text run at (1,2) width 84: "Row 3, Cell 2"
            RenderTableCell {TD} at (172,33) size 86x22 [border: (1px solid #808080) none none none] [r=1 c=2 rs=2 cs=1]
              RenderText {#text} at (1,2) size 84x19
                text run at (1,2) width 84: "Row 3, Cell 3"
          RenderTableRow {TR} at (0,44) size 258x22
            RenderTableCell {TD} at (0,44) size 172x22 [border: (1px solid #808080) none none none] [r=2 c=0 rs=1 cs=2]
              RenderText {#text} at (1,2) size 84x19
                text run at (1,2) width 84: "Row 4, Cell 1"
        RenderTableSection {TFOOT} at (0,108) size 258x22
          RenderTableRow {TR} at (0,0) size 258x22
            RenderTableCell {TD} at (0,0) size 86x22 [border: (1px solid #808080) none none none] [r=0 c=0 rs=1 cs=1]
              RenderText {#text} at (1,2) size 84x19
                text run at (1,2) width 84: "Row 5, Cell 1"
            RenderTableCell {TD} at (86,0) size 86x22 [border: (1px solid #808080) none none none] [r=0 c=1 rs=1 cs=1]
              RenderText {#text} at (1,2) size 84x19
                text run at (1,2) width 84: "Row 5, Cell 2"
            RenderTableCell {TD} at (172,0) size 86x22 [border: (1px solid #808080) none none none] [r=0 c=2 rs=1 cs=1]
              RenderText {#text} at (1,2) size 84x19
                text run at (1,2) width 84: "Row 5, Cell 3"
      RenderTable {TABLE} at (0,3523) size 258x130 [border: none (1px solid #808080) none]
        RenderBlock {CAPTION} at (0,0) size 258x20
          RenderInline {A} at (0,0) size 233x20
            RenderText {#text} at (10,0) size 233x20
              text run at (10,0) width 233: "Frame=\x{201C}below\x{201D} and Rules=\x{201C}rows\x{201D}"
          RenderInline (generated) at (0,0) size 5x20
            RenderText at (243,0) size 5x20
              text run at (243,0) width 5: ":"
        RenderTableSection {THEAD} at (0,20) size 258x21
          RenderTableRow {TR} at (0,0) size 258x21
            RenderTableCell {TD} at (0,0) size 86x21 [r=0 c=0 rs=1 cs=1]
              RenderText {#text} at (1,1) size 84x19
                text run at (1,1) width 84: "Row 1, Cell 1"
            RenderTableCell {TD} at (86,0) size 86x21 [r=0 c=1 rs=1 cs=1]
              RenderText {#text} at (1,1) size 84x19
                text run at (1,1) width 84: "Row 1, Cell 2"
            RenderTableCell {TD} at (172,0) size 86x21 [r=0 c=2 rs=1 cs=1]
              RenderText {#text} at (1,1) size 84x19
                text run at (1,1) width 84: "Row 1, Cell 3"
        RenderTableSection {TBODY} at (0,41) size 258x66
          RenderTableRow {TR} at (0,0) size 258x22
            RenderTableCell {TD} at (0,11) size 86x22 [border: (1px solid #808080) none none none] [r=0 c=0 rs=2 cs=1]
              RenderText {#text} at (1,2) size 84x19
                text run at (1,2) width 84: "Row 2, Cell 1"
            RenderTableCell {TD} at (86,0) size 172x22 [border: (1px solid #808080) none none none] [r=0 c=1 rs=1 cs=2]
              RenderText {#text} at (1,2) size 84x19
                text run at (1,2) width 84: "Row 2, Cell 2"
          RenderTableRow {TR} at (0,22) size 258x22
            RenderTableCell {TD} at (86,22) size 86x22 [border: (1px solid #808080) none none none] [r=1 c=1 rs=1 cs=1]
              RenderText {#text} at (1,2) size 84x19
                text run at (1,2) width 84: "Row 3, Cell 2"
            RenderTableCell {TD} at (172,33) size 86x22 [border: (1px solid #808080) none none none] [r=1 c=2 rs=2 cs=1]
              RenderText {#text} at (1,2) size 84x19
                text run at (1,2) width 84: "Row 3, Cell 3"
          RenderTableRow {TR} at (0,44) size 258x22
            RenderTableCell {TD} at (0,44) size 172x22 [border: (1px solid #808080) none none none] [r=2 c=0 rs=1 cs=2]
              RenderText {#text} at (1,2) size 84x19
                text run at (1,2) width 84: "Row 4, Cell 1"
        RenderTableSection {TFOOT} at (0,107) size 258x22
          RenderTableRow {TR} at (0,0) size 258x22
            RenderTableCell {TD} at (0,0) size 86x22 [border: (1px solid #808080) none none none] [r=0 c=0 rs=1 cs=1]
              RenderText {#text} at (1,2) size 84x19
                text run at (1,2) width 84: "Row 5, Cell 1"
            RenderTableCell {TD} at (86,0) size 86x22 [border: (1px solid #808080) none none none] [r=0 c=1 rs=1 cs=1]
              RenderText {#text} at (1,2) size 84x19
                text run at (1,2) width 84: "Row 5, Cell 2"
            RenderTableCell {TD} at (172,0) size 86x22 [border: (1px solid #808080) none none none] [r=0 c=2 rs=1 cs=1]
              RenderText {#text} at (1,2) size 84x19
                text run at (1,2) width 84: "Row 5, Cell 3"
      RenderTable {TABLE} at (0,3701) size 258x131 [border: none none (1px solid #808080) none]
        RenderBlock {CAPTION} at (0,0) size 258x20
          RenderInline {A} at (0,0) size 238x20
            RenderText {#text} at (7,0) size 238x20
              text run at (7,0) width 238: "Frame=\x{201C}hsides\x{201D} and Rules=\x{201C}rows\x{201D}"
          RenderInline (generated) at (0,0) size 5x20
            RenderText at (245,0) size 5x20
              text run at (245,0) width 5: ":"
        RenderTableSection {THEAD} at (0,20) size 258x22
          RenderTableRow {TR} at (0,0) size 258x22
            RenderTableCell {TD} at (0,0) size 86x22 [border: (1px solid #808080) none none none] [r=0 c=0 rs=1 cs=1]
              RenderText {#text} at (1,2) size 84x19
                text run at (1,2) width 84: "Row 1, Cell 1"
            RenderTableCell {TD} at (86,0) size 86x22 [border: (1px solid #808080) none none none] [r=0 c=1 rs=1 cs=1]
              RenderText {#text} at (1,2) size 84x19
                text run at (1,2) width 84: "Row 1, Cell 2"
            RenderTableCell {TD} at (172,0) size 86x22 [border: (1px solid #808080) none none none] [r=0 c=2 rs=1 cs=1]
              RenderText {#text} at (1,2) size 84x19
                text run at (1,2) width 84: "Row 1, Cell 3"
        RenderTableSection {TBODY} at (0,42) size 258x66
          RenderTableRow {TR} at (0,0) size 258x22
            RenderTableCell {TD} at (0,11) size 86x22 [border: (1px solid #808080) none none none] [r=0 c=0 rs=2 cs=1]
              RenderText {#text} at (1,2) size 84x19
                text run at (1,2) width 84: "Row 2, Cell 1"
            RenderTableCell {TD} at (86,0) size 172x22 [border: (1px solid #808080) none none none] [r=0 c=1 rs=1 cs=2]
              RenderText {#text} at (1,2) size 84x19
                text run at (1,2) width 84: "Row 2, Cell 2"
          RenderTableRow {TR} at (0,22) size 258x22
            RenderTableCell {TD} at (86,22) size 86x22 [border: (1px solid #808080) none none none] [r=1 c=1 rs=1 cs=1]
              RenderText {#text} at (1,2) size 84x19
                text run at (1,2) width 84: "Row 3, Cell 2"
            RenderTableCell {TD} at (172,33) size 86x22 [border: (1px solid #808080) none none none] [r=1 c=2 rs=2 cs=1]
              RenderText {#text} at (1,2) size 84x19
                text run at (1,2) width 84: "Row 3, Cell 3"
          RenderTableRow {TR} at (0,44) size 258x22
            RenderTableCell {TD} at (0,44) size 172x22 [border: (1px solid #808080) none none none] [r=2 c=0 rs=1 cs=2]
              RenderText {#text} at (1,2) size 84x19
                text run at (1,2) width 84: "Row 4, Cell 1"
        RenderTableSection {TFOOT} at (0,108) size 258x22
          RenderTableRow {TR} at (0,0) size 258x22
            RenderTableCell {TD} at (0,0) size 86x22 [border: (1px solid #808080) none none none] [r=0 c=0 rs=1 cs=1]
              RenderText {#text} at (1,2) size 84x19
                text run at (1,2) width 84: "Row 5, Cell 1"
            RenderTableCell {TD} at (86,0) size 86x22 [border: (1px solid #808080) none none none] [r=0 c=1 rs=1 cs=1]
              RenderText {#text} at (1,2) size 84x19
                text run at (1,2) width 84: "Row 5, Cell 2"
            RenderTableCell {TD} at (172,0) size 86x22 [border: (1px solid #808080) none none none] [r=0 c=2 rs=1 cs=1]
              RenderText {#text} at (1,2) size 84x19
                text run at (1,2) width 84: "Row 5, Cell 3"
      RenderTable {TABLE} at (0,3880) size 260x129 [border: none (1px solid #808080) none none]
        RenderBlock {CAPTION} at (0,0) size 259x20
          RenderInline {A} at (0,0) size 237x20
            RenderText {#text} at (8,0) size 237x20
              text run at (8,0) width 237: "Frame=\x{201C}vsides\x{201D} and Rules=\x{201C}rows\x{201D}"
          RenderInline (generated) at (0,0) size 5x20
            RenderText at (245,0) size 5x20
              text run at (245,0) width 5: ":"
        RenderTableSection {THEAD} at (0,20) size 259x21
          RenderTableRow {TR} at (0,0) size 259x21
            RenderTableCell {TD} at (0,0) size 87x21 [border: none none none (1px none #808080)] [r=0 c=0 rs=1 cs=1]
              RenderText {#text} at (2,1) size 84x19
                text run at (2,1) width 84: "Row 1, Cell 1"
            RenderTableCell {TD} at (87,0) size 86x21 [r=0 c=1 rs=1 cs=1]
              RenderText {#text} at (1,1) size 84x19
                text run at (1,1) width 84: "Row 1, Cell 2"
            RenderTableCell {TD} at (173,0) size 86x21 [r=0 c=2 rs=1 cs=1]
              RenderText {#text} at (1,1) size 84x19
                text run at (1,1) width 84: "Row 1, Cell 3"
        RenderTableSection {TBODY} at (0,41) size 259x66
          RenderTableRow {TR} at (0,0) size 259x22
            RenderTableCell {TD} at (0,11) size 87x22 [border: (1px solid #808080) none none (1px none #808080)] [r=0 c=0 rs=2 cs=1]
              RenderText {#text} at (2,2) size 84x19
                text run at (2,2) width 84: "Row 2, Cell 1"
            RenderTableCell {TD} at (87,0) size 172x22 [border: (1px solid #808080) none none none] [r=0 c=1 rs=1 cs=2]
              RenderText {#text} at (1,2) size 84x19
                text run at (1,2) width 84: "Row 2, Cell 2"
          RenderTableRow {TR} at (0,22) size 259x22
            RenderTableCell {TD} at (87,22) size 86x22 [border: (1px solid #808080) none none none] [r=1 c=1 rs=1 cs=1]
              RenderText {#text} at (1,2) size 84x19
                text run at (1,2) width 84: "Row 3, Cell 2"
            RenderTableCell {TD} at (173,33) size 86x22 [border: (1px solid #808080) none none none] [r=1 c=2 rs=2 cs=1]
              RenderText {#text} at (1,2) size 84x19
                text run at (1,2) width 84: "Row 3, Cell 3"
          RenderTableRow {TR} at (0,44) size 259x22
            RenderTableCell {TD} at (0,44) size 173x22 [border: (1px solid #808080) none none (1px none #808080)] [r=2 c=0 rs=1 cs=2]
              RenderText {#text} at (2,2) size 84x19
                text run at (2,2) width 84: "Row 4, Cell 1"
        RenderTableSection {TFOOT} at (0,107) size 259x22
          RenderTableRow {TR} at (0,0) size 259x22
            RenderTableCell {TD} at (0,0) size 87x22 [border: (1px solid #808080) none none (1px none #808080)] [r=0 c=0 rs=1 cs=1]
              RenderText {#text} at (2,2) size 84x19
                text run at (2,2) width 84: "Row 5, Cell 1"
            RenderTableCell {TD} at (87,0) size 86x22 [border: (1px solid #808080) none none none] [r=0 c=1 rs=1 cs=1]
              RenderText {#text} at (1,2) size 84x19
                text run at (1,2) width 84: "Row 5, Cell 2"
            RenderTableCell {TD} at (173,0) size 86x22 [border: (1px solid #808080) none none none] [r=0 c=2 rs=1 cs=1]
              RenderText {#text} at (1,2) size 84x19
                text run at (1,2) width 84: "Row 5, Cell 3"
      RenderTable {TABLE} at (0,4057) size 259x129
        RenderBlock {CAPTION} at (0,0) size 259x20
          RenderInline {A} at (0,0) size 213x20
            RenderText {#text} at (20,0) size 213x20
              text run at (20,0) width 213: "Frame=\x{201C}lhs\x{201D} and Rules=\x{201C}rows\x{201D}"
          RenderInline (generated) at (0,0) size 5x20
            RenderText at (233,0) size 5x20
              text run at (233,0) width 5: ":"
        RenderTableSection {THEAD} at (0,20) size 259x21
          RenderTableRow {TR} at (0,0) size 259x21
            RenderTableCell {TD} at (0,0) size 87x21 [border: none none none (1px none #808080)] [r=0 c=0 rs=1 cs=1]
              RenderText {#text} at (2,1) size 84x19
                text run at (2,1) width 84: "Row 1, Cell 1"
            RenderTableCell {TD} at (87,0) size 86x21 [r=0 c=1 rs=1 cs=1]
              RenderText {#text} at (1,1) size 84x19
                text run at (1,1) width 84: "Row 1, Cell 2"
            RenderTableCell {TD} at (173,0) size 86x21 [r=0 c=2 rs=1 cs=1]
              RenderText {#text} at (1,1) size 84x19
                text run at (1,1) width 84: "Row 1, Cell 3"
        RenderTableSection {TBODY} at (0,41) size 259x66
          RenderTableRow {TR} at (0,0) size 259x22
            RenderTableCell {TD} at (0,11) size 87x22 [border: (1px solid #808080) none none (1px none #808080)] [r=0 c=0 rs=2 cs=1]
              RenderText {#text} at (2,2) size 84x19
                text run at (2,2) width 84: "Row 2, Cell 1"
            RenderTableCell {TD} at (87,0) size 172x22 [border: (1px solid #808080) none none none] [r=0 c=1 rs=1 cs=2]
              RenderText {#text} at (1,2) size 84x19
                text run at (1,2) width 84: "Row 2, Cell 2"
          RenderTableRow {TR} at (0,22) size 259x22
            RenderTableCell {TD} at (87,22) size 86x22 [border: (1px solid #808080) none none none] [r=1 c=1 rs=1 cs=1]
              RenderText {#text} at (1,2) size 84x19
                text run at (1,2) width 84: "Row 3, Cell 2"
            RenderTableCell {TD} at (173,33) size 86x22 [border: (1px solid #808080) none none none] [r=1 c=2 rs=2 cs=1]
              RenderText {#text} at (1,2) size 84x19
                text run at (1,2) width 84: "Row 3, Cell 3"
          RenderTableRow {TR} at (0,44) size 259x22
            RenderTableCell {TD} at (0,44) size 173x22 [border: (1px solid #808080) none none (1px none #808080)] [r=2 c=0 rs=1 cs=2]
              RenderText {#text} at (2,2) size 84x19
                text run at (2,2) width 84: "Row 4, Cell 1"
        RenderTableSection {TFOOT} at (0,107) size 259x22
          RenderTableRow {TR} at (0,0) size 259x22
            RenderTableCell {TD} at (0,0) size 87x22 [border: (1px solid #808080) none none (1px none #808080)] [r=0 c=0 rs=1 cs=1]
              RenderText {#text} at (2,2) size 84x19
                text run at (2,2) width 84: "Row 5, Cell 1"
            RenderTableCell {TD} at (87,0) size 86x22 [border: (1px solid #808080) none none none] [r=0 c=1 rs=1 cs=1]
              RenderText {#text} at (1,2) size 84x19
                text run at (1,2) width 84: "Row 5, Cell 2"
            RenderTableCell {TD} at (173,0) size 86x22 [border: (1px solid #808080) none none none] [r=0 c=2 rs=1 cs=1]
              RenderText {#text} at (1,2) size 84x19
                text run at (1,2) width 84: "Row 5, Cell 3"
      RenderTable {TABLE} at (0,4234) size 259x129 [border: none (1px solid #808080) none]
        RenderBlock {CAPTION} at (0,0) size 258x20
          RenderInline {A} at (0,0) size 214x20
            RenderText {#text} at (19,0) size 214x20
              text run at (19,0) width 214: "Frame=\x{201C}rhs\x{201D} and Rules=\x{201C}rows\x{201D}"
          RenderInline (generated) at (0,0) size 5x20
            RenderText at (233,0) size 5x20
              text run at (233,0) width 5: ":"
        RenderTableSection {THEAD} at (0,20) size 258x21
          RenderTableRow {TR} at (0,0) size 258x21
            RenderTableCell {TD} at (0,0) size 86x21 [r=0 c=0 rs=1 cs=1]
              RenderText {#text} at (1,1) size 84x19
                text run at (1,1) width 84: "Row 1, Cell 1"
            RenderTableCell {TD} at (86,0) size 86x21 [r=0 c=1 rs=1 cs=1]
              RenderText {#text} at (1,1) size 84x19
                text run at (1,1) width 84: "Row 1, Cell 2"
            RenderTableCell {TD} at (172,0) size 86x21 [r=0 c=2 rs=1 cs=1]
              RenderText {#text} at (1,1) size 84x19
                text run at (1,1) width 84: "Row 1, Cell 3"
        RenderTableSection {TBODY} at (0,41) size 258x66
          RenderTableRow {TR} at (0,0) size 258x22
            RenderTableCell {TD} at (0,11) size 86x22 [border: (1px solid #808080) none none none] [r=0 c=0 rs=2 cs=1]
              RenderText {#text} at (1,2) size 84x19
                text run at (1,2) width 84: "Row 2, Cell 1"
            RenderTableCell {TD} at (86,0) size 172x22 [border: (1px solid #808080) none none none] [r=0 c=1 rs=1 cs=2]
              RenderText {#text} at (1,2) size 84x19
                text run at (1,2) width 84: "Row 2, Cell 2"
          RenderTableRow {TR} at (0,22) size 258x22
            RenderTableCell {TD} at (86,22) size 86x22 [border: (1px solid #808080) none none none] [r=1 c=1 rs=1 cs=1]
              RenderText {#text} at (1,2) size 84x19
                text run at (1,2) width 84: "Row 3, Cell 2"
            RenderTableCell {TD} at (172,33) size 86x22 [border: (1px solid #808080) none none none] [r=1 c=2 rs=2 cs=1]
              RenderText {#text} at (1,2) size 84x19
                text run at (1,2) width 84: "Row 3, Cell 3"
          RenderTableRow {TR} at (0,44) size 258x22
            RenderTableCell {TD} at (0,44) size 172x22 [border: (1px solid #808080) none none none] [r=2 c=0 rs=1 cs=2]
              RenderText {#text} at (1,2) size 84x19
                text run at (1,2) width 84: "Row 4, Cell 1"
        RenderTableSection {TFOOT} at (0,107) size 258x22
          RenderTableRow {TR} at (0,0) size 258x22
            RenderTableCell {TD} at (0,0) size 86x22 [border: (1px solid #808080) none none none] [r=0 c=0 rs=1 cs=1]
              RenderText {#text} at (1,2) size 84x19
                text run at (1,2) width 84: "Row 5, Cell 1"
            RenderTableCell {TD} at (86,0) size 86x22 [border: (1px solid #808080) none none none] [r=0 c=1 rs=1 cs=1]
              RenderText {#text} at (1,2) size 84x19
                text run at (1,2) width 84: "Row 5, Cell 2"
            RenderTableCell {TD} at (172,0) size 86x22 [border: (1px solid #808080) none none none] [r=0 c=2 rs=1 cs=1]
              RenderText {#text} at (1,2) size 84x19
                text run at (1,2) width 84: "Row 5, Cell 3"
      RenderTable {TABLE} at (0,4411) size 260x131 [border: none]
        RenderBlock {CAPTION} at (0,0) size 259x20
          RenderInline {A} at (0,0) size 218x20
            RenderText {#text} at (18,0) size 218x20
              text run at (18,0) width 218: "Frame=\x{201C}box\x{201D} and Rules=\x{201C}rows\x{201D}"
          RenderInline (generated) at (0,0) size 5x20
            RenderText at (236,0) size 5x20
              text run at (236,0) width 5: ":"
        RenderTableSection {THEAD} at (0,20) size 259x22
          RenderTableRow {TR} at (0,0) size 259x22
            RenderTableCell {TD} at (0,0) size 87x22 [border: (1px solid #808080) none none (1px none #808080)] [r=0 c=0 rs=1 cs=1]
              RenderText {#text} at (2,2) size 84x19
                text run at (2,2) width 84: "Row 1, Cell 1"
            RenderTableCell {TD} at (87,0) size 86x22 [border: (1px solid #808080) none none none] [r=0 c=1 rs=1 cs=1]
              RenderText {#text} at (1,2) size 84x19
                text run at (1,2) width 84: "Row 1, Cell 2"
            RenderTableCell {TD} at (173,0) size 86x22 [border: (1px solid #808080) none none none] [r=0 c=2 rs=1 cs=1]
              RenderText {#text} at (1,2) size 84x19
                text run at (1,2) width 84: "Row 1, Cell 3"
        RenderTableSection {TBODY} at (0,42) size 259x66
          RenderTableRow {TR} at (0,0) size 259x22
            RenderTableCell {TD} at (0,11) size 87x22 [border: (1px solid #808080) none none (1px none #808080)] [r=0 c=0 rs=2 cs=1]
              RenderText {#text} at (2,2) size 84x19
                text run at (2,2) width 84: "Row 2, Cell 1"
            RenderTableCell {TD} at (87,0) size 172x22 [border: (1px solid #808080) none none none] [r=0 c=1 rs=1 cs=2]
              RenderText {#text} at (1,2) size 84x19
                text run at (1,2) width 84: "Row 2, Cell 2"
          RenderTableRow {TR} at (0,22) size 259x22
            RenderTableCell {TD} at (87,22) size 86x22 [border: (1px solid #808080) none none none] [r=1 c=1 rs=1 cs=1]
              RenderText {#text} at (1,2) size 84x19
                text run at (1,2) width 84: "Row 3, Cell 2"
            RenderTableCell {TD} at (173,33) size 86x22 [border: (1px solid #808080) none none none] [r=1 c=2 rs=2 cs=1]
              RenderText {#text} at (1,2) size 84x19
                text run at (1,2) width 84: "Row 3, Cell 3"
          RenderTableRow {TR} at (0,44) size 259x22
            RenderTableCell {TD} at (0,44) size 173x22 [border: (1px solid #808080) none none (1px none #808080)] [r=2 c=0 rs=1 cs=2]
              RenderText {#text} at (2,2) size 84x19
                text run at (2,2) width 84: "Row 4, Cell 1"
        RenderTableSection {TFOOT} at (0,108) size 259x22
          RenderTableRow {TR} at (0,0) size 259x22
            RenderTableCell {TD} at (0,0) size 87x22 [border: (1px solid #808080) none none (1px none #808080)] [r=0 c=0 rs=1 cs=1]
              RenderText {#text} at (2,2) size 84x19
                text run at (2,2) width 84: "Row 5, Cell 1"
            RenderTableCell {TD} at (87,0) size 86x22 [border: (1px solid #808080) none none none] [r=0 c=1 rs=1 cs=1]
              RenderText {#text} at (1,2) size 84x19
                text run at (1,2) width 84: "Row 5, Cell 2"
            RenderTableCell {TD} at (173,0) size 86x22 [border: (1px solid #808080) none none none] [r=0 c=2 rs=1 cs=1]
              RenderText {#text} at (1,2) size 84x19
                text run at (1,2) width 84: "Row 5, Cell 3"
      RenderTable {TABLE} at (0,4590) size 260x131 [border: none]
        RenderBlock {CAPTION} at (0,0) size 259x20
          RenderInline {A} at (0,0) size 237x20
            RenderText {#text} at (8,0) size 237x20
              text run at (8,0) width 237: "Frame=\x{201C}border\x{201D} and Rules=\x{201C}rows\x{201D}"
          RenderInline (generated) at (0,0) size 5x20
            RenderText at (245,0) size 5x20
              text run at (245,0) width 5: ":"
        RenderTableSection {THEAD} at (0,20) size 259x22
          RenderTableRow {TR} at (0,0) size 259x22
            RenderTableCell {TD} at (0,0) size 87x22 [border: (1px solid #808080) none none (1px none #808080)] [r=0 c=0 rs=1 cs=1]
              RenderText {#text} at (2,2) size 84x19
                text run at (2,2) width 84: "Row 1, Cell 1"
            RenderTableCell {TD} at (87,0) size 86x22 [border: (1px solid #808080) none none none] [r=0 c=1 rs=1 cs=1]
              RenderText {#text} at (1,2) size 84x19
                text run at (1,2) width 84: "Row 1, Cell 2"
            RenderTableCell {TD} at (173,0) size 86x22 [border: (1px solid #808080) none none none] [r=0 c=2 rs=1 cs=1]
              RenderText {#text} at (1,2) size 84x19
                text run at (1,2) width 84: "Row 1, Cell 3"
        RenderTableSection {TBODY} at (0,42) size 259x66
          RenderTableRow {TR} at (0,0) size 259x22
            RenderTableCell {TD} at (0,11) size 87x22 [border: (1px solid #808080) none none (1px none #808080)] [r=0 c=0 rs=2 cs=1]
              RenderText {#text} at (2,2) size 84x19
                text run at (2,2) width 84: "Row 2, Cell 1"
            RenderTableCell {TD} at (87,0) size 172x22 [border: (1px solid #808080) none none none] [r=0 c=1 rs=1 cs=2]
              RenderText {#text} at (1,2) size 84x19
                text run at (1,2) width 84: "Row 2, Cell 2"
          RenderTableRow {TR} at (0,22) size 259x22
            RenderTableCell {TD} at (87,22) size 86x22 [border: (1px solid #808080) none none none] [r=1 c=1 rs=1 cs=1]
              RenderText {#text} at (1,2) size 84x19
                text run at (1,2) width 84: "Row 3, Cell 2"
            RenderTableCell {TD} at (173,33) size 86x22 [border: (1px solid #808080) none none none] [r=1 c=2 rs=2 cs=1]
              RenderText {#text} at (1,2) size 84x19
                text run at (1,2) width 84: "Row 3, Cell 3"
          RenderTableRow {TR} at (0,44) size 259x22
            RenderTableCell {TD} at (0,44) size 173x22 [border: (1px solid #808080) none none (1px none #808080)] [r=2 c=0 rs=1 cs=2]
              RenderText {#text} at (2,2) size 84x19
                text run at (2,2) width 84: "Row 4, Cell 1"
        RenderTableSection {TFOOT} at (0,108) size 259x22
          RenderTableRow {TR} at (0,0) size 259x22
            RenderTableCell {TD} at (0,0) size 87x22 [border: (1px solid #808080) none none (1px none #808080)] [r=0 c=0 rs=1 cs=1]
              RenderText {#text} at (2,2) size 84x19
                text run at (2,2) width 84: "Row 5, Cell 1"
            RenderTableCell {TD} at (87,0) size 86x22 [border: (1px solid #808080) none none none] [r=0 c=1 rs=1 cs=1]
              RenderText {#text} at (1,2) size 84x19
                text run at (1,2) width 84: "Row 5, Cell 2"
            RenderTableCell {TD} at (173,0) size 86x22 [border: (1px solid #808080) none none none] [r=0 c=2 rs=1 cs=1]
              RenderText {#text} at (1,2) size 84x19
                text run at (1,2) width 84: "Row 5, Cell 3"
      RenderTable {TABLE} at (0,4769) size 260x125
        RenderBlock {CAPTION} at (0,0) size 260x20
          RenderInline {A} at (0,0) size 218x20
            RenderText {#text} at (18,0) size 218x20
              text run at (18,0) width 218: "Frame=\x{201C}void\x{201D} and Rules=\x{201C}cols\x{201D}"
          RenderInline (generated) at (0,0) size 5x20
            RenderText at (236,0) size 5x20
              text run at (236,0) width 5: ":"
        RenderTableSection {THEAD} at (0,20) size 260x21
          RenderTableRow {TR} at (0,0) size 260x21
            RenderTableCell {TD} at (0,0) size 86x21 [r=0 c=0 rs=1 cs=1]
              RenderText {#text} at (1,1) size 84x19
                text run at (1,1) width 84: "Row 1, Cell 1"
            RenderTableCell {TD} at (86,0) size 87x21 [border: none none none (1px solid #808080)] [r=0 c=1 rs=1 cs=1]
              RenderText {#text} at (2,1) size 84x19
                text run at (2,1) width 84: "Row 1, Cell 2"
            RenderTableCell {TD} at (173,0) size 87x21 [border: none none none (1px solid #808080)] [r=0 c=2 rs=1 cs=1]
              RenderText {#text} at (2,1) size 84x19
                text run at (2,1) width 84: "Row 1, Cell 3"
        RenderTableSection {TBODY} at (0,41) size 260x63
          RenderTableRow {TR} at (0,0) size 260x21
            RenderTableCell {TD} at (0,10) size 86x21 [r=0 c=0 rs=2 cs=1]
              RenderText {#text} at (1,1) size 84x19
                text run at (1,1) width 84: "Row 2, Cell 1"
            RenderTableCell {TD} at (86,0) size 174x21 [border: none none none (1px solid #808080)] [r=0 c=1 rs=1 cs=2]
              RenderText {#text} at (2,1) size 84x19
                text run at (2,1) width 84: "Row 2, Cell 2"
          RenderTableRow {TR} at (0,21) size 260x21
            RenderTableCell {TD} at (86,21) size 87x21 [border: none none none (1px solid #808080)] [r=1 c=1 rs=1 cs=1]
              RenderText {#text} at (2,1) size 84x19
                text run at (2,1) width 84: "Row 3, Cell 2"
            RenderTableCell {TD} at (173,31) size 87x21 [border: none none none (1px solid #808080)] [r=1 c=2 rs=2 cs=1]
              RenderText {#text} at (2,1) size 84x19
                text run at (2,1) width 84: "Row 3, Cell 3"
          RenderTableRow {TR} at (0,42) size 260x21
            RenderTableCell {TD} at (0,42) size 173x21 [r=2 c=0 rs=1 cs=2]
              RenderText {#text} at (1,1) size 84x19
                text run at (1,1) width 84: "Row 4, Cell 1"
        RenderTableSection {TFOOT} at (0,104) size 260x21
          RenderTableRow {TR} at (0,0) size 260x21
            RenderTableCell {TD} at (0,0) size 86x21 [r=0 c=0 rs=1 cs=1]
              RenderText {#text} at (1,1) size 84x19
                text run at (1,1) width 84: "Row 5, Cell 1"
            RenderTableCell {TD} at (86,0) size 87x21 [border: none none none (1px solid #808080)] [r=0 c=1 rs=1 cs=1]
              RenderText {#text} at (2,1) size 84x19
                text run at (2,1) width 84: "Row 5, Cell 2"
            RenderTableCell {TD} at (173,0) size 87x21 [border: none none none (1px solid #808080)] [r=0 c=2 rs=1 cs=1]
              RenderText {#text} at (2,1) size 84x19
                text run at (2,1) width 84: "Row 5, Cell 3"
      RenderTable {TABLE} at (0,4942) size 260x126
        RenderBlock {CAPTION} at (0,0) size 260x20
          RenderInline {A} at (0,0) size 230x20
            RenderText {#text} at (12,0) size 230x20
              text run at (12,0) width 230: "Frame=\x{201C}above\x{201D} and Rules=\x{201C}cols\x{201D}"
          RenderInline (generated) at (0,0) size 5x20
            RenderText at (242,0) size 5x20
              text run at (242,0) width 5: ":"
        RenderTableSection {THEAD} at (0,20) size 260x22
          RenderTableRow {TR} at (0,0) size 260x22
            RenderTableCell {TD} at (0,0) size 86x22 [border: (1px none #808080) none none none] [r=0 c=0 rs=1 cs=1]
              RenderText {#text} at (1,2) size 84x19
                text run at (1,2) width 84: "Row 1, Cell 1"
            RenderTableCell {TD} at (86,0) size 87x22 [border: (1px none #808080) none none (1px solid #808080)] [r=0 c=1 rs=1 cs=1]
              RenderText {#text} at (2,2) size 84x19
                text run at (2,2) width 84: "Row 1, Cell 2"
            RenderTableCell {TD} at (173,0) size 87x22 [border: (1px none #808080) none none (1px solid #808080)] [r=0 c=2 rs=1 cs=1]
              RenderText {#text} at (2,2) size 84x19
                text run at (2,2) width 84: "Row 1, Cell 3"
        RenderTableSection {TBODY} at (0,42) size 260x63
          RenderTableRow {TR} at (0,0) size 260x21
            RenderTableCell {TD} at (0,10) size 86x21 [r=0 c=0 rs=2 cs=1]
              RenderText {#text} at (1,1) size 84x19
                text run at (1,1) width 84: "Row 2, Cell 1"
            RenderTableCell {TD} at (86,0) size 174x21 [border: none none none (1px solid #808080)] [r=0 c=1 rs=1 cs=2]
              RenderText {#text} at (2,1) size 84x19
                text run at (2,1) width 84: "Row 2, Cell 2"
          RenderTableRow {TR} at (0,21) size 260x21
            RenderTableCell {TD} at (86,21) size 87x21 [border: none none none (1px solid #808080)] [r=1 c=1 rs=1 cs=1]
              RenderText {#text} at (2,1) size 84x19
                text run at (2,1) width 84: "Row 3, Cell 2"
            RenderTableCell {TD} at (173,31) size 87x21 [border: none none none (1px solid #808080)] [r=1 c=2 rs=2 cs=1]
              RenderText {#text} at (2,1) size 84x19
                text run at (2,1) width 84: "Row 3, Cell 3"
          RenderTableRow {TR} at (0,42) size 260x21
            RenderTableCell {TD} at (0,42) size 173x21 [r=2 c=0 rs=1 cs=2]
              RenderText {#text} at (1,1) size 84x19
                text run at (1,1) width 84: "Row 4, Cell 1"
        RenderTableSection {TFOOT} at (0,105) size 260x21
          RenderTableRow {TR} at (0,0) size 260x21
            RenderTableCell {TD} at (0,0) size 86x21 [r=0 c=0 rs=1 cs=1]
              RenderText {#text} at (1,1) size 84x19
                text run at (1,1) width 84: "Row 5, Cell 1"
            RenderTableCell {TD} at (86,0) size 87x21 [border: none none none (1px solid #808080)] [r=0 c=1 rs=1 cs=1]
              RenderText {#text} at (2,1) size 84x19
                text run at (2,1) width 84: "Row 5, Cell 2"
            RenderTableCell {TD} at (173,0) size 87x21 [border: none none none (1px solid #808080)] [r=0 c=2 rs=1 cs=1]
              RenderText {#text} at (2,1) size 84x19
                text run at (2,1) width 84: "Row 5, Cell 3"
      RenderTable {TABLE} at (0,5116) size 260x126 [border: none (1px solid #808080) none]
        RenderBlock {CAPTION} at (0,0) size 260x20
          RenderInline {A} at (0,0) size 229x20
            RenderText {#text} at (13,0) size 229x20
              text run at (13,0) width 229: "Frame=\x{201C}below\x{201D} and Rules=\x{201C}cols\x{201D}"
          RenderInline (generated) at (0,0) size 5x20
            RenderText at (242,0) size 5x20
              text run at (242,0) width 5: ":"
        RenderTableSection {THEAD} at (0,20) size 260x21
          RenderTableRow {TR} at (0,0) size 260x21
            RenderTableCell {TD} at (0,0) size 86x21 [r=0 c=0 rs=1 cs=1]
              RenderText {#text} at (1,1) size 84x19
                text run at (1,1) width 84: "Row 1, Cell 1"
            RenderTableCell {TD} at (86,0) size 87x21 [border: none none none (1px solid #808080)] [r=0 c=1 rs=1 cs=1]
              RenderText {#text} at (2,1) size 84x19
                text run at (2,1) width 84: "Row 1, Cell 2"
            RenderTableCell {TD} at (173,0) size 87x21 [border: none none none (1px solid #808080)] [r=0 c=2 rs=1 cs=1]
              RenderText {#text} at (2,1) size 84x19
                text run at (2,1) width 84: "Row 1, Cell 3"
        RenderTableSection {TBODY} at (0,41) size 260x63
          RenderTableRow {TR} at (0,0) size 260x21
            RenderTableCell {TD} at (0,10) size 86x21 [r=0 c=0 rs=2 cs=1]
              RenderText {#text} at (1,1) size 84x19
                text run at (1,1) width 84: "Row 2, Cell 1"
            RenderTableCell {TD} at (86,0) size 174x21 [border: none none none (1px solid #808080)] [r=0 c=1 rs=1 cs=2]
              RenderText {#text} at (2,1) size 84x19
                text run at (2,1) width 84: "Row 2, Cell 2"
          RenderTableRow {TR} at (0,21) size 260x21
            RenderTableCell {TD} at (86,21) size 87x21 [border: none none none (1px solid #808080)] [r=1 c=1 rs=1 cs=1]
              RenderText {#text} at (2,1) size 84x19
                text run at (2,1) width 84: "Row 3, Cell 2"
            RenderTableCell {TD} at (173,31) size 87x21 [border: none none none (1px solid #808080)] [r=1 c=2 rs=2 cs=1]
              RenderText {#text} at (2,1) size 84x19
                text run at (2,1) width 84: "Row 3, Cell 3"
          RenderTableRow {TR} at (0,42) size 260x21
            RenderTableCell {TD} at (0,42) size 173x21 [r=2 c=0 rs=1 cs=2]
              RenderText {#text} at (1,1) size 84x19
                text run at (1,1) width 84: "Row 4, Cell 1"
        RenderTableSection {TFOOT} at (0,104) size 260x21
          RenderTableRow {TR} at (0,0) size 260x21
            RenderTableCell {TD} at (0,0) size 86x21 [r=0 c=0 rs=1 cs=1]
              RenderText {#text} at (1,1) size 84x19
                text run at (1,1) width 84: "Row 5, Cell 1"
            RenderTableCell {TD} at (86,0) size 87x21 [border: none none none (1px solid #808080)] [r=0 c=1 rs=1 cs=1]
              RenderText {#text} at (2,1) size 84x19
                text run at (2,1) width 84: "Row 5, Cell 2"
            RenderTableCell {TD} at (173,0) size 87x21 [border: none none none (1px solid #808080)] [r=0 c=2 rs=1 cs=1]
              RenderText {#text} at (2,1) size 84x19
                text run at (2,1) width 84: "Row 5, Cell 3"
      RenderTable {TABLE} at (0,5290) size 260x127 [border: none none (1px solid #808080) none]
        RenderBlock {CAPTION} at (0,0) size 260x20
          RenderInline {A} at (0,0) size 234x20
            RenderText {#text} at (10,0) size 234x20
              text run at (10,0) width 234: "Frame=\x{201C}hsides\x{201D} and Rules=\x{201C}cols\x{201D}"
          RenderInline (generated) at (0,0) size 5x20
            RenderText at (244,0) size 5x20
              text run at (244,0) width 5: ":"
        RenderTableSection {THEAD} at (0,20) size 260x22
          RenderTableRow {TR} at (0,0) size 260x22
            RenderTableCell {TD} at (0,0) size 86x22 [border: (1px none #808080) none none none] [r=0 c=0 rs=1 cs=1]
              RenderText {#text} at (1,2) size 84x19
                text run at (1,2) width 84: "Row 1, Cell 1"
            RenderTableCell {TD} at (86,0) size 87x22 [border: (1px none #808080) none none (1px solid #808080)] [r=0 c=1 rs=1 cs=1]
              RenderText {#text} at (2,2) size 84x19
                text run at (2,2) width 84: "Row 1, Cell 2"
            RenderTableCell {TD} at (173,0) size 87x22 [border: (1px none #808080) none none (1px solid #808080)] [r=0 c=2 rs=1 cs=1]
              RenderText {#text} at (2,2) size 84x19
                text run at (2,2) width 84: "Row 1, Cell 3"
        RenderTableSection {TBODY} at (0,42) size 260x63
          RenderTableRow {TR} at (0,0) size 260x21
            RenderTableCell {TD} at (0,10) size 86x21 [r=0 c=0 rs=2 cs=1]
              RenderText {#text} at (1,1) size 84x19
                text run at (1,1) width 84: "Row 2, Cell 1"
            RenderTableCell {TD} at (86,0) size 174x21 [border: none none none (1px solid #808080)] [r=0 c=1 rs=1 cs=2]
              RenderText {#text} at (2,1) size 84x19
                text run at (2,1) width 84: "Row 2, Cell 2"
          RenderTableRow {TR} at (0,21) size 260x21
            RenderTableCell {TD} at (86,21) size 87x21 [border: none none none (1px solid #808080)] [r=1 c=1 rs=1 cs=1]
              RenderText {#text} at (2,1) size 84x19
                text run at (2,1) width 84: "Row 3, Cell 2"
            RenderTableCell {TD} at (173,31) size 87x21 [border: none none none (1px solid #808080)] [r=1 c=2 rs=2 cs=1]
              RenderText {#text} at (2,1) size 84x19
                text run at (2,1) width 84: "Row 3, Cell 3"
          RenderTableRow {TR} at (0,42) size 260x21
            RenderTableCell {TD} at (0,42) size 173x21 [r=2 c=0 rs=1 cs=2]
              RenderText {#text} at (1,1) size 84x19
                text run at (1,1) width 84: "Row 4, Cell 1"
        RenderTableSection {TFOOT} at (0,105) size 260x21
          RenderTableRow {TR} at (0,0) size 260x21
            RenderTableCell {TD} at (0,0) size 86x21 [r=0 c=0 rs=1 cs=1]
              RenderText {#text} at (1,1) size 84x19
                text run at (1,1) width 84: "Row 5, Cell 1"
            RenderTableCell {TD} at (86,0) size 87x21 [border: none none none (1px solid #808080)] [r=0 c=1 rs=1 cs=1]
              RenderText {#text} at (2,1) size 84x19
                text run at (2,1) width 84: "Row 5, Cell 2"
            RenderTableCell {TD} at (173,0) size 87x21 [border: none none none (1px solid #808080)] [r=0 c=2 rs=1 cs=1]
              RenderText {#text} at (2,1) size 84x19
                text run at (2,1) width 84: "Row 5, Cell 3"
      RenderTable {TABLE} at (0,5465) size 262x125 [border: none (1px solid #808080) none none]
        RenderBlock {CAPTION} at (0,0) size 261x20
          RenderInline {A} at (0,0) size 233x20
            RenderText {#text} at (11,0) size 233x20
              text run at (11,0) width 233: "Frame=\x{201C}vsides\x{201D} and Rules=\x{201C}cols\x{201D}"
          RenderInline (generated) at (0,0) size 5x20
            RenderText at (244,0) size 5x20
              text run at (244,0) width 5: ":"
        RenderTableSection {THEAD} at (0,20) size 261x21
          RenderTableRow {TR} at (0,0) size 261x21
            RenderTableCell {TD} at (0,0) size 87x21 [border: none none none (1px solid #808080)] [r=0 c=0 rs=1 cs=1]
              RenderText {#text} at (2,1) size 84x19
                text run at (2,1) width 84: "Row 1, Cell 1"
            RenderTableCell {TD} at (87,0) size 87x21 [border: none none none (1px solid #808080)] [r=0 c=1 rs=1 cs=1]
              RenderText {#text} at (2,1) size 84x19
                text run at (2,1) width 84: "Row 1, Cell 2"
            RenderTableCell {TD} at (174,0) size 87x21 [border: none none none (1px solid #808080)] [r=0 c=2 rs=1 cs=1]
              RenderText {#text} at (2,1) size 84x19
                text run at (2,1) width 84: "Row 1, Cell 3"
        RenderTableSection {TBODY} at (0,41) size 261x63
          RenderTableRow {TR} at (0,0) size 261x21
            RenderTableCell {TD} at (0,10) size 87x21 [border: none none none (1px solid #808080)] [r=0 c=0 rs=2 cs=1]
              RenderText {#text} at (2,1) size 84x19
                text run at (2,1) width 84: "Row 2, Cell 1"
            RenderTableCell {TD} at (87,0) size 174x21 [border: none none none (1px solid #808080)] [r=0 c=1 rs=1 cs=2]
              RenderText {#text} at (2,1) size 84x19
                text run at (2,1) width 84: "Row 2, Cell 2"
          RenderTableRow {TR} at (0,21) size 261x21
            RenderTableCell {TD} at (87,21) size 87x21 [border: none none none (1px solid #808080)] [r=1 c=1 rs=1 cs=1]
              RenderText {#text} at (2,1) size 84x19
                text run at (2,1) width 84: "Row 3, Cell 2"
            RenderTableCell {TD} at (174,31) size 87x21 [border: none none none (1px solid #808080)] [r=1 c=2 rs=2 cs=1]
              RenderText {#text} at (2,1) size 84x19
                text run at (2,1) width 84: "Row 3, Cell 3"
          RenderTableRow {TR} at (0,42) size 261x21
            RenderTableCell {TD} at (0,42) size 174x21 [border: none none none (1px solid #808080)] [r=2 c=0 rs=1 cs=2]
              RenderText {#text} at (2,1) size 84x19
                text run at (2,1) width 84: "Row 4, Cell 1"
        RenderTableSection {TFOOT} at (0,104) size 261x21
          RenderTableRow {TR} at (0,0) size 261x21
            RenderTableCell {TD} at (0,0) size 87x21 [border: none none none (1px solid #808080)] [r=0 c=0 rs=1 cs=1]
              RenderText {#text} at (2,1) size 84x19
                text run at (2,1) width 84: "Row 5, Cell 1"
            RenderTableCell {TD} at (87,0) size 87x21 [border: none none none (1px solid #808080)] [r=0 c=1 rs=1 cs=1]
              RenderText {#text} at (2,1) size 84x19
                text run at (2,1) width 84: "Row 5, Cell 2"
            RenderTableCell {TD} at (174,0) size 87x21 [border: none none none (1px solid #808080)] [r=0 c=2 rs=1 cs=1]
              RenderText {#text} at (2,1) size 84x19
                text run at (2,1) width 84: "Row 5, Cell 3"
      RenderTable {TABLE} at (0,5638) size 261x125
        RenderBlock {CAPTION} at (0,0) size 261x20
          RenderInline {A} at (0,0) size 209x20
            RenderText {#text} at (23,0) size 209x20
              text run at (23,0) width 209: "Frame=\x{201C}lhs\x{201D} and Rules=\x{201C}cols\x{201D}"
          RenderInline (generated) at (0,0) size 5x20
            RenderText at (232,0) size 5x20
              text run at (232,0) width 5: ":"
        RenderTableSection {THEAD} at (0,20) size 261x21
          RenderTableRow {TR} at (0,0) size 261x21
            RenderTableCell {TD} at (0,0) size 87x21 [border: none none none (1px solid #808080)] [r=0 c=0 rs=1 cs=1]
              RenderText {#text} at (2,1) size 84x19
                text run at (2,1) width 84: "Row 1, Cell 1"
            RenderTableCell {TD} at (87,0) size 87x21 [border: none none none (1px solid #808080)] [r=0 c=1 rs=1 cs=1]
              RenderText {#text} at (2,1) size 84x19
                text run at (2,1) width 84: "Row 1, Cell 2"
            RenderTableCell {TD} at (174,0) size 87x21 [border: none none none (1px solid #808080)] [r=0 c=2 rs=1 cs=1]
              RenderText {#text} at (2,1) size 84x19
                text run at (2,1) width 84: "Row 1, Cell 3"
        RenderTableSection {TBODY} at (0,41) size 261x63
          RenderTableRow {TR} at (0,0) size 261x21
            RenderTableCell {TD} at (0,10) size 87x21 [border: none none none (1px solid #808080)] [r=0 c=0 rs=2 cs=1]
              RenderText {#text} at (2,1) size 84x19
                text run at (2,1) width 84: "Row 2, Cell 1"
            RenderTableCell {TD} at (87,0) size 174x21 [border: none none none (1px solid #808080)] [r=0 c=1 rs=1 cs=2]
              RenderText {#text} at (2,1) size 84x19
                text run at (2,1) width 84: "Row 2, Cell 2"
          RenderTableRow {TR} at (0,21) size 261x21
            RenderTableCell {TD} at (87,21) size 87x21 [border: none none none (1px solid #808080)] [r=1 c=1 rs=1 cs=1]
              RenderText {#text} at (2,1) size 84x19
                text run at (2,1) width 84: "Row 3, Cell 2"
            RenderTableCell {TD} at (174,31) size 87x21 [border: none none none (1px solid #808080)] [r=1 c=2 rs=2 cs=1]
              RenderText {#text} at (2,1) size 84x19
                text run at (2,1) width 84: "Row 3, Cell 3"
          RenderTableRow {TR} at (0,42) size 261x21
            RenderTableCell {TD} at (0,42) size 174x21 [border: none none none (1px solid #808080)] [r=2 c=0 rs=1 cs=2]
              RenderText {#text} at (2,1) size 84x19
                text run at (2,1) width 84: "Row 4, Cell 1"
        RenderTableSection {TFOOT} at (0,104) size 261x21
          RenderTableRow {TR} at (0,0) size 261x21
            RenderTableCell {TD} at (0,0) size 87x21 [border: none none none (1px solid #808080)] [r=0 c=0 rs=1 cs=1]
              RenderText {#text} at (2,1) size 84x19
                text run at (2,1) width 84: "Row 5, Cell 1"
            RenderTableCell {TD} at (87,0) size 87x21 [border: none none none (1px solid #808080)] [r=0 c=1 rs=1 cs=1]
              RenderText {#text} at (2,1) size 84x19
                text run at (2,1) width 84: "Row 5, Cell 2"
            RenderTableCell {TD} at (174,0) size 87x21 [border: none none none (1px solid #808080)] [r=0 c=2 rs=1 cs=1]
              RenderText {#text} at (2,1) size 84x19
                text run at (2,1) width 84: "Row 5, Cell 3"
      RenderTable {TABLE} at (0,5811) size 261x125 [border: none (1px solid #808080) none]
        RenderBlock {CAPTION} at (0,0) size 260x20
          RenderInline {A} at (0,0) size 210x20
            RenderText {#text} at (22,0) size 210x20
              text run at (22,0) width 210: "Frame=\x{201C}rhs\x{201D} and Rules=\x{201C}cols\x{201D}"
          RenderInline (generated) at (0,0) size 5x20
            RenderText at (232,0) size 5x20
              text run at (232,0) width 5: ":"
        RenderTableSection {THEAD} at (0,20) size 260x21
          RenderTableRow {TR} at (0,0) size 260x21
            RenderTableCell {TD} at (0,0) size 86x21 [r=0 c=0 rs=1 cs=1]
              RenderText {#text} at (1,1) size 84x19
                text run at (1,1) width 84: "Row 1, Cell 1"
            RenderTableCell {TD} at (86,0) size 87x21 [border: none none none (1px solid #808080)] [r=0 c=1 rs=1 cs=1]
              RenderText {#text} at (2,1) size 84x19
                text run at (2,1) width 84: "Row 1, Cell 2"
            RenderTableCell {TD} at (173,0) size 87x21 [border: none none none (1px solid #808080)] [r=0 c=2 rs=1 cs=1]
              RenderText {#text} at (2,1) size 84x19
                text run at (2,1) width 84: "Row 1, Cell 3"
        RenderTableSection {TBODY} at (0,41) size 260x63
          RenderTableRow {TR} at (0,0) size 260x21
            RenderTableCell {TD} at (0,10) size 86x21 [r=0 c=0 rs=2 cs=1]
              RenderText {#text} at (1,1) size 84x19
                text run at (1,1) width 84: "Row 2, Cell 1"
            RenderTableCell {TD} at (86,0) size 174x21 [border: none none none (1px solid #808080)] [r=0 c=1 rs=1 cs=2]
              RenderText {#text} at (2,1) size 84x19
                text run at (2,1) width 84: "Row 2, Cell 2"
          RenderTableRow {TR} at (0,21) size 260x21
            RenderTableCell {TD} at (86,21) size 87x21 [border: none none none (1px solid #808080)] [r=1 c=1 rs=1 cs=1]
              RenderText {#text} at (2,1) size 84x19
                text run at (2,1) width 84: "Row 3, Cell 2"
            RenderTableCell {TD} at (173,31) size 87x21 [border: none none none (1px solid #808080)] [r=1 c=2 rs=2 cs=1]
              RenderText {#text} at (2,1) size 84x19
                text run at (2,1) width 84: "Row 3, Cell 3"
          RenderTableRow {TR} at (0,42) size 260x21
            RenderTableCell {TD} at (0,42) size 173x21 [r=2 c=0 rs=1 cs=2]
              RenderText {#text} at (1,1) size 84x19
                text run at (1,1) width 84: "Row 4, Cell 1"
        RenderTableSection {TFOOT} at (0,104) size 260x21
          RenderTableRow {TR} at (0,0) size 260x21
            RenderTableCell {TD} at (0,0) size 86x21 [r=0 c=0 rs=1 cs=1]
              RenderText {#text} at (1,1) size 84x19
                text run at (1,1) width 84: "Row 5, Cell 1"
            RenderTableCell {TD} at (86,0) size 87x21 [border: none none none (1px solid #808080)] [r=0 c=1 rs=1 cs=1]
              RenderText {#text} at (2,1) size 84x19
                text run at (2,1) width 84: "Row 5, Cell 2"
            RenderTableCell {TD} at (173,0) size 87x21 [border: none none none (1px solid #808080)] [r=0 c=2 rs=1 cs=1]
              RenderText {#text} at (2,1) size 84x19
                text run at (2,1) width 84: "Row 5, Cell 3"
      RenderTable {TABLE} at (0,5984) size 262x127 [border: none]
        RenderBlock {CAPTION} at (0,0) size 261x20
          RenderInline {A} at (0,0) size 214x20
            RenderText {#text} at (21,0) size 214x20
              text run at (21,0) width 214: "Frame=\x{201C}box\x{201D} and Rules=\x{201C}cols\x{201D}"
          RenderInline (generated) at (0,0) size 5x20
            RenderText at (235,0) size 5x20
              text run at (235,0) width 5: ":"
        RenderTableSection {THEAD} at (0,20) size 261x22
          RenderTableRow {TR} at (0,0) size 261x22
            RenderTableCell {TD} at (0,0) size 87x22 [border: (1px none #808080) none none (1px solid #808080)] [r=0 c=0 rs=1 cs=1]
              RenderText {#text} at (2,2) size 84x19
                text run at (2,2) width 84: "Row 1, Cell 1"
            RenderTableCell {TD} at (87,0) size 87x22 [border: (1px none #808080) none none (1px solid #808080)] [r=0 c=1 rs=1 cs=1]
              RenderText {#text} at (2,2) size 84x19
                text run at (2,2) width 84: "Row 1, Cell 2"
            RenderTableCell {TD} at (174,0) size 87x22 [border: (1px none #808080) none none (1px solid #808080)] [r=0 c=2 rs=1 cs=1]
              RenderText {#text} at (2,2) size 84x19
                text run at (2,2) width 84: "Row 1, Cell 3"
        RenderTableSection {TBODY} at (0,42) size 261x63
          RenderTableRow {TR} at (0,0) size 261x21
            RenderTableCell {TD} at (0,10) size 87x21 [border: none none none (1px solid #808080)] [r=0 c=0 rs=2 cs=1]
              RenderText {#text} at (2,1) size 84x19
                text run at (2,1) width 84: "Row 2, Cell 1"
            RenderTableCell {TD} at (87,0) size 174x21 [border: none none none (1px solid #808080)] [r=0 c=1 rs=1 cs=2]
              RenderText {#text} at (2,1) size 84x19
                text run at (2,1) width 84: "Row 2, Cell 2"
          RenderTableRow {TR} at (0,21) size 261x21
            RenderTableCell {TD} at (87,21) size 87x21 [border: none none none (1px solid #808080)] [r=1 c=1 rs=1 cs=1]
              RenderText {#text} at (2,1) size 84x19
                text run at (2,1) width 84: "Row 3, Cell 2"
            RenderTableCell {TD} at (174,31) size 87x21 [border: none none none (1px solid #808080)] [r=1 c=2 rs=2 cs=1]
              RenderText {#text} at (2,1) size 84x19
                text run at (2,1) width 84: "Row 3, Cell 3"
          RenderTableRow {TR} at (0,42) size 261x21
            RenderTableCell {TD} at (0,42) size 174x21 [border: none none none (1px solid #808080)] [r=2 c=0 rs=1 cs=2]
              RenderText {#text} at (2,1) size 84x19
                text run at (2,1) width 84: "Row 4, Cell 1"
        RenderTableSection {TFOOT} at (0,105) size 261x21
          RenderTableRow {TR} at (0,0) size 261x21
            RenderTableCell {TD} at (0,0) size 87x21 [border: none none none (1px solid #808080)] [r=0 c=0 rs=1 cs=1]
              RenderText {#text} at (2,1) size 84x19
                text run at (2,1) width 84: "Row 5, Cell 1"
            RenderTableCell {TD} at (87,0) size 87x21 [border: none none none (1px solid #808080)] [r=0 c=1 rs=1 cs=1]
              RenderText {#text} at (2,1) size 84x19
                text run at (2,1) width 84: "Row 5, Cell 2"
            RenderTableCell {TD} at (174,0) size 87x21 [border: none none none (1px solid #808080)] [r=0 c=2 rs=1 cs=1]
              RenderText {#text} at (2,1) size 84x19
                text run at (2,1) width 84: "Row 5, Cell 3"
      RenderTable {TABLE} at (0,6159) size 262x127 [border: none]
        RenderBlock {CAPTION} at (0,0) size 261x20
          RenderInline {A} at (0,0) size 233x20
            RenderText {#text} at (11,0) size 233x20
              text run at (11,0) width 233: "Frame=\x{201C}border\x{201D} and Rules=\x{201C}cols\x{201D}"
          RenderInline (generated) at (0,0) size 5x20
            RenderText at (244,0) size 5x20
              text run at (244,0) width 5: ":"
        RenderTableSection {THEAD} at (0,20) size 261x22
          RenderTableRow {TR} at (0,0) size 261x22
            RenderTableCell {TD} at (0,0) size 87x22 [border: (1px none #808080) none none (1px solid #808080)] [r=0 c=0 rs=1 cs=1]
              RenderText {#text} at (2,2) size 84x19
                text run at (2,2) width 84: "Row 1, Cell 1"
            RenderTableCell {TD} at (87,0) size 87x22 [border: (1px none #808080) none none (1px solid #808080)] [r=0 c=1 rs=1 cs=1]
              RenderText {#text} at (2,2) size 84x19
                text run at (2,2) width 84: "Row 1, Cell 2"
            RenderTableCell {TD} at (174,0) size 87x22 [border: (1px none #808080) none none (1px solid #808080)] [r=0 c=2 rs=1 cs=1]
              RenderText {#text} at (2,2) size 84x19
                text run at (2,2) width 84: "Row 1, Cell 3"
        RenderTableSection {TBODY} at (0,42) size 261x63
          RenderTableRow {TR} at (0,0) size 261x21
            RenderTableCell {TD} at (0,10) size 87x21 [border: none none none (1px solid #808080)] [r=0 c=0 rs=2 cs=1]
              RenderText {#text} at (2,1) size 84x19
                text run at (2,1) width 84: "Row 2, Cell 1"
            RenderTableCell {TD} at (87,0) size 174x21 [border: none none none (1px solid #808080)] [r=0 c=1 rs=1 cs=2]
              RenderText {#text} at (2,1) size 84x19
                text run at (2,1) width 84: "Row 2, Cell 2"
          RenderTableRow {TR} at (0,21) size 261x21
            RenderTableCell {TD} at (87,21) size 87x21 [border: none none none (1px solid #808080)] [r=1 c=1 rs=1 cs=1]
              RenderText {#text} at (2,1) size 84x19
                text run at (2,1) width 84: "Row 3, Cell 2"
            RenderTableCell {TD} at (174,31) size 87x21 [border: none none none (1px solid #808080)] [r=1 c=2 rs=2 cs=1]
              RenderText {#text} at (2,1) size 84x19
                text run at (2,1) width 84: "Row 3, Cell 3"
          RenderTableRow {TR} at (0,42) size 261x21
            RenderTableCell {TD} at (0,42) size 174x21 [border: none none none (1px solid #808080)] [r=2 c=0 rs=1 cs=2]
              RenderText {#text} at (2,1) size 84x19
                text run at (2,1) width 84: "Row 4, Cell 1"
        RenderTableSection {TFOOT} at (0,105) size 261x21
          RenderTableRow {TR} at (0,0) size 261x21
            RenderTableCell {TD} at (0,0) size 87x21 [border: none none none (1px solid #808080)] [r=0 c=0 rs=1 cs=1]
              RenderText {#text} at (2,1) size 84x19
                text run at (2,1) width 84: "Row 5, Cell 1"
            RenderTableCell {TD} at (87,0) size 87x21 [border: none none none (1px solid #808080)] [r=0 c=1 rs=1 cs=1]
              RenderText {#text} at (2,1) size 84x19
                text run at (2,1) width 84: "Row 5, Cell 2"
            RenderTableCell {TD} at (174,0) size 87x21 [border: none none none (1px solid #808080)] [r=0 c=2 rs=1 cs=1]
              RenderText {#text} at (2,1) size 84x19
                text run at (2,1) width 84: "Row 5, Cell 3"
      RenderTable {TABLE} at (0,6334) size 260x129
        RenderBlock {CAPTION} at (0,0) size 260x20
          RenderInline {A} at (0,0) size 205x20
            RenderText {#text} at (25,0) size 205x20
              text run at (25,0) width 205: "Frame=\x{201C}void\x{201D} and Rules=\x{201C}all\x{201D}"
          RenderInline (generated) at (0,0) size 5x20
            RenderText at (230,0) size 5x20
              text run at (230,0) width 5: ":"
        RenderTableSection {THEAD} at (0,20) size 260x21
          RenderTableRow {TR} at (0,0) size 260x21
            RenderTableCell {TD} at (0,0) size 86x21 [r=0 c=0 rs=1 cs=1]
              RenderText {#text} at (1,1) size 84x19
                text run at (1,1) width 84: "Row 1, Cell 1"
            RenderTableCell {TD} at (86,0) size 87x21 [border: none] [r=0 c=1 rs=1 cs=1]
              RenderText {#text} at (2,1) size 84x19
                text run at (2,1) width 84: "Row 1, Cell 2"
            RenderTableCell {TD} at (173,0) size 87x21 [border: none] [r=0 c=2 rs=1 cs=1]
              RenderText {#text} at (2,1) size 84x19
                text run at (2,1) width 84: "Row 1, Cell 3"
        RenderTableSection {TBODY} at (0,41) size 260x66
          RenderTableRow {TR} at (0,0) size 260x22
            RenderTableCell {TD} at (0,11) size 86x22 [border: (1px solid #808080)] [r=0 c=0 rs=2 cs=1]
              RenderText {#text} at (1,2) size 84x19
                text run at (1,2) width 84: "Row 2, Cell 1"
            RenderTableCell {TD} at (86,0) size 174x22 [border: (1px solid #808080)] [r=0 c=1 rs=1 cs=2]
              RenderText {#text} at (2,2) size 84x19
                text run at (2,2) width 84: "Row 2, Cell 2"
          RenderTableRow {TR} at (0,22) size 260x22
            RenderTableCell {TD} at (86,22) size 87x22 [border: (1px solid #808080)] [r=1 c=1 rs=1 cs=1]
              RenderText {#text} at (2,2) size 84x19
                text run at (2,2) width 84: "Row 3, Cell 2"
            RenderTableCell {TD} at (173,33) size 87x22 [border: (1px solid #808080)] [r=1 c=2 rs=2 cs=1]
              RenderText {#text} at (2,2) size 84x19
                text run at (2,2) width 84: "Row 3, Cell 3"
          RenderTableRow {TR} at (0,44) size 260x22
            RenderTableCell {TD} at (0,44) size 173x22 [border: (1px solid #808080)] [r=2 c=0 rs=1 cs=2]
              RenderText {#text} at (1,2) size 84x19
                text run at (1,2) width 84: "Row 4, Cell 1"
        RenderTableSection {TFOOT} at (0,107) size 260x22
          RenderTableRow {TR} at (0,0) size 260x22
            RenderTableCell {TD} at (0,0) size 86x22 [border: (1px solid #808080)] [r=0 c=0 rs=1 cs=1]
              RenderText {#text} at (1,2) size 84x19
                text run at (1,2) width 84: "Row 5, Cell 1"
            RenderTableCell {TD} at (86,0) size 87x22 [border: (1px solid #808080)] [r=0 c=1 rs=1 cs=1]
              RenderText {#text} at (2,2) size 84x19
                text run at (2,2) width 84: "Row 5, Cell 2"
            RenderTableCell {TD} at (173,0) size 87x22 [border: (1px solid #808080)] [r=0 c=2 rs=1 cs=1]
              RenderText {#text} at (2,2) size 84x19
                text run at (2,2) width 84: "Row 5, Cell 3"
      RenderTable {TABLE} at (0,6511) size 260x130
        RenderBlock {CAPTION} at (0,0) size 260x20
          RenderInline {A} at (0,0) size 217x20
            RenderText {#text} at (19,0) size 217x20
              text run at (19,0) width 217: "Frame=\x{201C}above\x{201D} and Rules=\x{201C}all\x{201D}"
          RenderInline (generated) at (0,0) size 5x20
            RenderText at (236,0) size 5x20
              text run at (236,0) width 5: ":"
        RenderTableSection {THEAD} at (0,20) size 260x22
          RenderTableRow {TR} at (0,0) size 260x22
            RenderTableCell {TD} at (0,0) size 86x22 [border: (1px solid #808080)] [r=0 c=0 rs=1 cs=1]
              RenderText {#text} at (1,2) size 84x19
                text run at (1,2) width 84: "Row 1, Cell 1"
            RenderTableCell {TD} at (86,0) size 87x22 [border: (1px solid #808080)] [r=0 c=1 rs=1 cs=1]
              RenderText {#text} at (2,2) size 84x19
                text run at (2,2) width 84: "Row 1, Cell 2"
            RenderTableCell {TD} at (173,0) size 87x22 [border: (1px solid #808080)] [r=0 c=2 rs=1 cs=1]
              RenderText {#text} at (2,2) size 84x19
                text run at (2,2) width 84: "Row 1, Cell 3"
        RenderTableSection {TBODY} at (0,42) size 260x66
          RenderTableRow {TR} at (0,0) size 260x22
            RenderTableCell {TD} at (0,11) size 86x22 [border: (1px solid #808080)] [r=0 c=0 rs=2 cs=1]
              RenderText {#text} at (1,2) size 84x19
                text run at (1,2) width 84: "Row 2, Cell 1"
            RenderTableCell {TD} at (86,0) size 174x22 [border: (1px solid #808080)] [r=0 c=1 rs=1 cs=2]
              RenderText {#text} at (2,2) size 84x19
                text run at (2,2) width 84: "Row 2, Cell 2"
          RenderTableRow {TR} at (0,22) size 260x22
            RenderTableCell {TD} at (86,22) size 87x22 [border: (1px solid #808080)] [r=1 c=1 rs=1 cs=1]
              RenderText {#text} at (2,2) size 84x19
                text run at (2,2) width 84: "Row 3, Cell 2"
            RenderTableCell {TD} at (173,33) size 87x22 [border: (1px solid #808080)] [r=1 c=2 rs=2 cs=1]
              RenderText {#text} at (2,2) size 84x19
                text run at (2,2) width 84: "Row 3, Cell 3"
          RenderTableRow {TR} at (0,44) size 260x22
            RenderTableCell {TD} at (0,44) size 173x22 [border: (1px solid #808080)] [r=2 c=0 rs=1 cs=2]
              RenderText {#text} at (1,2) size 84x19
                text run at (1,2) width 84: "Row 4, Cell 1"
        RenderTableSection {TFOOT} at (0,108) size 260x22
          RenderTableRow {TR} at (0,0) size 260x22
            RenderTableCell {TD} at (0,0) size 86x22 [border: (1px solid #808080)] [r=0 c=0 rs=1 cs=1]
              RenderText {#text} at (1,2) size 84x19
                text run at (1,2) width 84: "Row 5, Cell 1"
            RenderTableCell {TD} at (86,0) size 87x22 [border: (1px solid #808080)] [r=0 c=1 rs=1 cs=1]
              RenderText {#text} at (2,2) size 84x19
                text run at (2,2) width 84: "Row 5, Cell 2"
            RenderTableCell {TD} at (173,0) size 87x22 [border: (1px solid #808080)] [r=0 c=2 rs=1 cs=1]
              RenderText {#text} at (2,2) size 84x19
                text run at (2,2) width 84: "Row 5, Cell 3"
      RenderTable {TABLE} at (0,6689) size 260x130 [border: none (1px solid #808080) none]
        RenderBlock {CAPTION} at (0,0) size 260x20
          RenderInline {A} at (0,0) size 216x20
            RenderText {#text} at (19,0) size 216x20
              text run at (19,0) width 216: "Frame=\x{201C}below\x{201D} and Rules=\x{201C}all\x{201D}"
          RenderInline (generated) at (0,0) size 5x20
            RenderText at (235,0) size 5x20
              text run at (235,0) width 5: ":"
        RenderTableSection {THEAD} at (0,20) size 260x21
          RenderTableRow {TR} at (0,0) size 260x21
            RenderTableCell {TD} at (0,0) size 86x21 [r=0 c=0 rs=1 cs=1]
              RenderText {#text} at (1,1) size 84x19
                text run at (1,1) width 84: "Row 1, Cell 1"
            RenderTableCell {TD} at (86,0) size 87x21 [border: none] [r=0 c=1 rs=1 cs=1]
              RenderText {#text} at (2,1) size 84x19
                text run at (2,1) width 84: "Row 1, Cell 2"
            RenderTableCell {TD} at (173,0) size 87x21 [border: none] [r=0 c=2 rs=1 cs=1]
              RenderText {#text} at (2,1) size 84x19
                text run at (2,1) width 84: "Row 1, Cell 3"
        RenderTableSection {TBODY} at (0,41) size 260x66
          RenderTableRow {TR} at (0,0) size 260x22
            RenderTableCell {TD} at (0,11) size 86x22 [border: (1px solid #808080)] [r=0 c=0 rs=2 cs=1]
              RenderText {#text} at (1,2) size 84x19
                text run at (1,2) width 84: "Row 2, Cell 1"
            RenderTableCell {TD} at (86,0) size 174x22 [border: (1px solid #808080)] [r=0 c=1 rs=1 cs=2]
              RenderText {#text} at (2,2) size 84x19
                text run at (2,2) width 84: "Row 2, Cell 2"
          RenderTableRow {TR} at (0,22) size 260x22
            RenderTableCell {TD} at (86,22) size 87x22 [border: (1px solid #808080)] [r=1 c=1 rs=1 cs=1]
              RenderText {#text} at (2,2) size 84x19
                text run at (2,2) width 84: "Row 3, Cell 2"
            RenderTableCell {TD} at (173,33) size 87x22 [border: (1px solid #808080)] [r=1 c=2 rs=2 cs=1]
              RenderText {#text} at (2,2) size 84x19
                text run at (2,2) width 84: "Row 3, Cell 3"
          RenderTableRow {TR} at (0,44) size 260x22
            RenderTableCell {TD} at (0,44) size 173x22 [border: (1px solid #808080)] [r=2 c=0 rs=1 cs=2]
              RenderText {#text} at (1,2) size 84x19
                text run at (1,2) width 84: "Row 4, Cell 1"
        RenderTableSection {TFOOT} at (0,107) size 260x22
          RenderTableRow {TR} at (0,0) size 260x22
            RenderTableCell {TD} at (0,0) size 86x22 [border: (1px solid #808080)] [r=0 c=0 rs=1 cs=1]
              RenderText {#text} at (1,2) size 84x19
                text run at (1,2) width 84: "Row 5, Cell 1"
            RenderTableCell {TD} at (86,0) size 87x22 [border: (1px solid #808080)] [r=0 c=1 rs=1 cs=1]
              RenderText {#text} at (2,2) size 84x19
                text run at (2,2) width 84: "Row 5, Cell 2"
            RenderTableCell {TD} at (173,0) size 87x22 [border: (1px solid #808080)] [r=0 c=2 rs=1 cs=1]
              RenderText {#text} at (2,2) size 84x19
                text run at (2,2) width 84: "Row 5, Cell 3"
      RenderTable {TABLE} at (0,6867) size 260x131 [border: none none (1px solid #808080) none]
        RenderBlock {CAPTION} at (0,0) size 260x20
          RenderInline {A} at (0,0) size 221x20
            RenderText {#text} at (17,0) size 221x20
              text run at (17,0) width 221: "Frame=\x{201C}hsides\x{201D} and Rules=\x{201C}all\x{201D}"
          RenderInline (generated) at (0,0) size 5x20
            RenderText at (238,0) size 5x20
              text run at (238,0) width 5: ":"
        RenderTableSection {THEAD} at (0,20) size 260x22
          RenderTableRow {TR} at (0,0) size 260x22
            RenderTableCell {TD} at (0,0) size 86x22 [border: (1px solid #808080)] [r=0 c=0 rs=1 cs=1]
              RenderText {#text} at (1,2) size 84x19
                text run at (1,2) width 84: "Row 1, Cell 1"
            RenderTableCell {TD} at (86,0) size 87x22 [border: (1px solid #808080)] [r=0 c=1 rs=1 cs=1]
              RenderText {#text} at (2,2) size 84x19
                text run at (2,2) width 84: "Row 1, Cell 2"
            RenderTableCell {TD} at (173,0) size 87x22 [border: (1px solid #808080)] [r=0 c=2 rs=1 cs=1]
              RenderText {#text} at (2,2) size 84x19
                text run at (2,2) width 84: "Row 1, Cell 3"
        RenderTableSection {TBODY} at (0,42) size 260x66
          RenderTableRow {TR} at (0,0) size 260x22
            RenderTableCell {TD} at (0,11) size 86x22 [border: (1px solid #808080)] [r=0 c=0 rs=2 cs=1]
              RenderText {#text} at (1,2) size 84x19
                text run at (1,2) width 84: "Row 2, Cell 1"
            RenderTableCell {TD} at (86,0) size 174x22 [border: (1px solid #808080)] [r=0 c=1 rs=1 cs=2]
              RenderText {#text} at (2,2) size 84x19
                text run at (2,2) width 84: "Row 2, Cell 2"
          RenderTableRow {TR} at (0,22) size 260x22
            RenderTableCell {TD} at (86,22) size 87x22 [border: (1px solid #808080)] [r=1 c=1 rs=1 cs=1]
              RenderText {#text} at (2,2) size 84x19
                text run at (2,2) width 84: "Row 3, Cell 2"
            RenderTableCell {TD} at (173,33) size 87x22 [border: (1px solid #808080)] [r=1 c=2 rs=2 cs=1]
              RenderText {#text} at (2,2) size 84x19
                text run at (2,2) width 84: "Row 3, Cell 3"
          RenderTableRow {TR} at (0,44) size 260x22
            RenderTableCell {TD} at (0,44) size 173x22 [border: (1px solid #808080)] [r=2 c=0 rs=1 cs=2]
              RenderText {#text} at (1,2) size 84x19
                text run at (1,2) width 84: "Row 4, Cell 1"
        RenderTableSection {TFOOT} at (0,108) size 260x22
          RenderTableRow {TR} at (0,0) size 260x22
            RenderTableCell {TD} at (0,0) size 86x22 [border: (1px solid #808080)] [r=0 c=0 rs=1 cs=1]
              RenderText {#text} at (1,2) size 84x19
                text run at (1,2) width 84: "Row 5, Cell 1"
            RenderTableCell {TD} at (86,0) size 87x22 [border: (1px solid #808080)] [r=0 c=1 rs=1 cs=1]
              RenderText {#text} at (2,2) size 84x19
                text run at (2,2) width 84: "Row 5, Cell 2"
            RenderTableCell {TD} at (173,0) size 87x22 [border: (1px solid #808080)] [r=0 c=2 rs=1 cs=1]
              RenderText {#text} at (2,2) size 84x19
                text run at (2,2) width 84: "Row 5, Cell 3"
      RenderTable {TABLE} at (0,7046) size 262x129 [border: none (1px solid #808080) none none]
        RenderBlock {CAPTION} at (0,0) size 261x20
          RenderInline {A} at (0,0) size 220x20
            RenderText {#text} at (18,0) size 220x20
              text run at (18,0) width 220: "Frame=\x{201C}vsides\x{201D} and Rules=\x{201C}all\x{201D}"
          RenderInline (generated) at (0,0) size 5x20
            RenderText at (238,0) size 5x20
              text run at (238,0) width 5: ":"
        RenderTableSection {THEAD} at (0,20) size 261x21
          RenderTableRow {TR} at (0,0) size 261x21
            RenderTableCell {TD} at (0,0) size 87x21 [border: none] [r=0 c=0 rs=1 cs=1]
              RenderText {#text} at (2,1) size 84x19
                text run at (2,1) width 84: "Row 1, Cell 1"
            RenderTableCell {TD} at (87,0) size 87x21 [border: none] [r=0 c=1 rs=1 cs=1]
              RenderText {#text} at (2,1) size 84x19
                text run at (2,1) width 84: "Row 1, Cell 2"
            RenderTableCell {TD} at (174,0) size 87x21 [border: none] [r=0 c=2 rs=1 cs=1]
              RenderText {#text} at (2,1) size 84x19
                text run at (2,1) width 84: "Row 1, Cell 3"
        RenderTableSection {TBODY} at (0,41) size 261x66
          RenderTableRow {TR} at (0,0) size 261x22
            RenderTableCell {TD} at (0,11) size 87x22 [border: (1px solid #808080)] [r=0 c=0 rs=2 cs=1]
              RenderText {#text} at (2,2) size 84x19
                text run at (2,2) width 84: "Row 2, Cell 1"
            RenderTableCell {TD} at (87,0) size 174x22 [border: (1px solid #808080)] [r=0 c=1 rs=1 cs=2]
              RenderText {#text} at (2,2) size 84x19
                text run at (2,2) width 84: "Row 2, Cell 2"
          RenderTableRow {TR} at (0,22) size 261x22
            RenderTableCell {TD} at (87,22) size 87x22 [border: (1px solid #808080)] [r=1 c=1 rs=1 cs=1]
              RenderText {#text} at (2,2) size 84x19
                text run at (2,2) width 84: "Row 3, Cell 2"
            RenderTableCell {TD} at (174,33) size 87x22 [border: (1px solid #808080)] [r=1 c=2 rs=2 cs=1]
              RenderText {#text} at (2,2) size 84x19
                text run at (2,2) width 84: "Row 3, Cell 3"
          RenderTableRow {TR} at (0,44) size 261x22
            RenderTableCell {TD} at (0,44) size 174x22 [border: (1px solid #808080)] [r=2 c=0 rs=1 cs=2]
              RenderText {#text} at (2,2) size 84x19
                text run at (2,2) width 84: "Row 4, Cell 1"
        RenderTableSection {TFOOT} at (0,107) size 261x22
          RenderTableRow {TR} at (0,0) size 261x22
            RenderTableCell {TD} at (0,0) size 87x22 [border: (1px solid #808080)] [r=0 c=0 rs=1 cs=1]
              RenderText {#text} at (2,2) size 84x19
                text run at (2,2) width 84: "Row 5, Cell 1"
            RenderTableCell {TD} at (87,0) size 87x22 [border: (1px solid #808080)] [r=0 c=1 rs=1 cs=1]
              RenderText {#text} at (2,2) size 84x19
                text run at (2,2) width 84: "Row 5, Cell 2"
            RenderTableCell {TD} at (174,0) size 87x22 [border: (1px solid #808080)] [r=0 c=2 rs=1 cs=1]
              RenderText {#text} at (2,2) size 84x19
                text run at (2,2) width 84: "Row 5, Cell 3"
      RenderTable {TABLE} at (0,7223) size 261x129
        RenderBlock {CAPTION} at (0,0) size 261x20
          RenderInline {A} at (0,0) size 196x20
            RenderText {#text} at (30,0) size 196x20
              text run at (30,0) width 196: "Frame=\x{201C}lhs\x{201D} and Rules=\x{201C}all\x{201D}"
          RenderInline (generated) at (0,0) size 5x20
            RenderText at (226,0) size 5x20
              text run at (226,0) width 5: ":"
        RenderTableSection {THEAD} at (0,20) size 261x21
          RenderTableRow {TR} at (0,0) size 261x21
            RenderTableCell {TD} at (0,0) size 87x21 [border: none] [r=0 c=0 rs=1 cs=1]
              RenderText {#text} at (2,1) size 84x19
                text run at (2,1) width 84: "Row 1, Cell 1"
            RenderTableCell {TD} at (87,0) size 87x21 [border: none] [r=0 c=1 rs=1 cs=1]
              RenderText {#text} at (2,1) size 84x19
                text run at (2,1) width 84: "Row 1, Cell 2"
            RenderTableCell {TD} at (174,0) size 87x21 [border: none] [r=0 c=2 rs=1 cs=1]
              RenderText {#text} at (2,1) size 84x19
                text run at (2,1) width 84: "Row 1, Cell 3"
        RenderTableSection {TBODY} at (0,41) size 261x66
          RenderTableRow {TR} at (0,0) size 261x22
            RenderTableCell {TD} at (0,11) size 87x22 [border: (1px solid #808080)] [r=0 c=0 rs=2 cs=1]
              RenderText {#text} at (2,2) size 84x19
                text run at (2,2) width 84: "Row 2, Cell 1"
            RenderTableCell {TD} at (87,0) size 174x22 [border: (1px solid #808080)] [r=0 c=1 rs=1 cs=2]
              RenderText {#text} at (2,2) size 84x19
                text run at (2,2) width 84: "Row 2, Cell 2"
          RenderTableRow {TR} at (0,22) size 261x22
            RenderTableCell {TD} at (87,22) size 87x22 [border: (1px solid #808080)] [r=1 c=1 rs=1 cs=1]
              RenderText {#text} at (2,2) size 84x19
                text run at (2,2) width 84: "Row 3, Cell 2"
            RenderTableCell {TD} at (174,33) size 87x22 [border: (1px solid #808080)] [r=1 c=2 rs=2 cs=1]
              RenderText {#text} at (2,2) size 84x19
                text run at (2,2) width 84: "Row 3, Cell 3"
          RenderTableRow {TR} at (0,44) size 261x22
            RenderTableCell {TD} at (0,44) size 174x22 [border: (1px solid #808080)] [r=2 c=0 rs=1 cs=2]
              RenderText {#text} at (2,2) size 84x19
                text run at (2,2) width 84: "Row 4, Cell 1"
        RenderTableSection {TFOOT} at (0,107) size 261x22
          RenderTableRow {TR} at (0,0) size 261x22
            RenderTableCell {TD} at (0,0) size 87x22 [border: (1px solid #808080)] [r=0 c=0 rs=1 cs=1]
              RenderText {#text} at (2,2) size 84x19
                text run at (2,2) width 84: "Row 5, Cell 1"
            RenderTableCell {TD} at (87,0) size 87x22 [border: (1px solid #808080)] [r=0 c=1 rs=1 cs=1]
              RenderText {#text} at (2,2) size 84x19
                text run at (2,2) width 84: "Row 5, Cell 2"
            RenderTableCell {TD} at (174,0) size 87x22 [border: (1px solid #808080)] [r=0 c=2 rs=1 cs=1]
              RenderText {#text} at (2,2) size 84x19
                text run at (2,2) width 84: "Row 5, Cell 3"
      RenderTable {TABLE} at (0,7400) size 261x129 [border: none (1px solid #808080) none]
        RenderBlock {CAPTION} at (0,0) size 260x20
          RenderInline {A} at (0,0) size 197x20
            RenderText {#text} at (29,0) size 197x20
              text run at (29,0) width 197: "Frame=\x{201C}rhs\x{201D} and Rules=\x{201C}all\x{201D}"
          RenderInline (generated) at (0,0) size 5x20
            RenderText at (226,0) size 5x20
              text run at (226,0) width 5: ":"
        RenderTableSection {THEAD} at (0,20) size 260x21
          RenderTableRow {TR} at (0,0) size 260x21
            RenderTableCell {TD} at (0,0) size 86x21 [r=0 c=0 rs=1 cs=1]
              RenderText {#text} at (1,1) size 84x19
                text run at (1,1) width 84: "Row 1, Cell 1"
            RenderTableCell {TD} at (86,0) size 87x21 [border: none] [r=0 c=1 rs=1 cs=1]
              RenderText {#text} at (2,1) size 84x19
                text run at (2,1) width 84: "Row 1, Cell 2"
            RenderTableCell {TD} at (173,0) size 87x21 [border: none] [r=0 c=2 rs=1 cs=1]
              RenderText {#text} at (2,1) size 84x19
                text run at (2,1) width 84: "Row 1, Cell 3"
        RenderTableSection {TBODY} at (0,41) size 260x66
          RenderTableRow {TR} at (0,0) size 260x22
            RenderTableCell {TD} at (0,11) size 86x22 [border: (1px solid #808080)] [r=0 c=0 rs=2 cs=1]
              RenderText {#text} at (1,2) size 84x19
                text run at (1,2) width 84: "Row 2, Cell 1"
            RenderTableCell {TD} at (86,0) size 174x22 [border: (1px solid #808080)] [r=0 c=1 rs=1 cs=2]
              RenderText {#text} at (2,2) size 84x19
                text run at (2,2) width 84: "Row 2, Cell 2"
          RenderTableRow {TR} at (0,22) size 260x22
            RenderTableCell {TD} at (86,22) size 87x22 [border: (1px solid #808080)] [r=1 c=1 rs=1 cs=1]
              RenderText {#text} at (2,2) size 84x19
                text run at (2,2) width 84: "Row 3, Cell 2"
            RenderTableCell {TD} at (173,33) size 87x22 [border: (1px solid #808080)] [r=1 c=2 rs=2 cs=1]
              RenderText {#text} at (2,2) size 84x19
                text run at (2,2) width 84: "Row 3, Cell 3"
          RenderTableRow {TR} at (0,44) size 260x22
            RenderTableCell {TD} at (0,44) size 173x22 [border: (1px solid #808080)] [r=2 c=0 rs=1 cs=2]
              RenderText {#text} at (1,2) size 84x19
                text run at (1,2) width 84: "Row 4, Cell 1"
        RenderTableSection {TFOOT} at (0,107) size 260x22
          RenderTableRow {TR} at (0,0) size 260x22
            RenderTableCell {TD} at (0,0) size 86x22 [border: (1px solid #808080)] [r=0 c=0 rs=1 cs=1]
              RenderText {#text} at (1,2) size 84x19
                text run at (1,2) width 84: "Row 5, Cell 1"
            RenderTableCell {TD} at (86,0) size 87x22 [border: (1px solid #808080)] [r=0 c=1 rs=1 cs=1]
              RenderText {#text} at (2,2) size 84x19
                text run at (2,2) width 84: "Row 5, Cell 2"
            RenderTableCell {TD} at (173,0) size 87x22 [border: (1px solid #808080)] [r=0 c=2 rs=1 cs=1]
              RenderText {#text} at (2,2) size 84x19
                text run at (2,2) width 84: "Row 5, Cell 3"
      RenderTable {TABLE} at (0,7577) size 262x131 [border: none]
        RenderBlock {CAPTION} at (0,0) size 261x20
          RenderInline {A} at (0,0) size 201x20
            RenderText {#text} at (27,0) size 201x20
              text run at (27,0) width 201: "Frame=\x{201C}box\x{201D} and Rules=\x{201C}all\x{201D}"
          RenderInline (generated) at (0,0) size 5x20
            RenderText at (228,0) size 5x20
              text run at (228,0) width 5: ":"
        RenderTableSection {THEAD} at (0,20) size 261x22
          RenderTableRow {TR} at (0,0) size 261x22
            RenderTableCell {TD} at (0,0) size 87x22 [border: (1px solid #808080)] [r=0 c=0 rs=1 cs=1]
              RenderText {#text} at (2,2) size 84x19
                text run at (2,2) width 84: "Row 1, Cell 1"
            RenderTableCell {TD} at (87,0) size 87x22 [border: (1px solid #808080)] [r=0 c=1 rs=1 cs=1]
              RenderText {#text} at (2,2) size 84x19
                text run at (2,2) width 84: "Row 1, Cell 2"
            RenderTableCell {TD} at (174,0) size 87x22 [border: (1px solid #808080)] [r=0 c=2 rs=1 cs=1]
              RenderText {#text} at (2,2) size 84x19
                text run at (2,2) width 84: "Row 1, Cell 3"
        RenderTableSection {TBODY} at (0,42) size 261x66
          RenderTableRow {TR} at (0,0) size 261x22
            RenderTableCell {TD} at (0,11) size 87x22 [border: (1px solid #808080)] [r=0 c=0 rs=2 cs=1]
              RenderText {#text} at (2,2) size 84x19
                text run at (2,2) width 84: "Row 2, Cell 1"
            RenderTableCell {TD} at (87,0) size 174x22 [border: (1px solid #808080)] [r=0 c=1 rs=1 cs=2]
              RenderText {#text} at (2,2) size 84x19
                text run at (2,2) width 84: "Row 2, Cell 2"
          RenderTableRow {TR} at (0,22) size 261x22
            RenderTableCell {TD} at (87,22) size 87x22 [border: (1px solid #808080)] [r=1 c=1 rs=1 cs=1]
              RenderText {#text} at (2,2) size 84x19
                text run at (2,2) width 84: "Row 3, Cell 2"
            RenderTableCell {TD} at (174,33) size 87x22 [border: (1px solid #808080)] [r=1 c=2 rs=2 cs=1]
              RenderText {#text} at (2,2) size 84x19
                text run at (2,2) width 84: "Row 3, Cell 3"
          RenderTableRow {TR} at (0,44) size 261x22
            RenderTableCell {TD} at (0,44) size 174x22 [border: (1px solid #808080)] [r=2 c=0 rs=1 cs=2]
              RenderText {#text} at (2,2) size 84x19
                text run at (2,2) width 84: "Row 4, Cell 1"
        RenderTableSection {TFOOT} at (0,108) size 261x22
          RenderTableRow {TR} at (0,0) size 261x22
            RenderTableCell {TD} at (0,0) size 87x22 [border: (1px solid #808080)] [r=0 c=0 rs=1 cs=1]
              RenderText {#text} at (2,2) size 84x19
                text run at (2,2) width 84: "Row 5, Cell 1"
            RenderTableCell {TD} at (87,0) size 87x22 [border: (1px solid #808080)] [r=0 c=1 rs=1 cs=1]
              RenderText {#text} at (2,2) size 84x19
                text run at (2,2) width 84: "Row 5, Cell 2"
            RenderTableCell {TD} at (174,0) size 87x22 [border: (1px solid #808080)] [r=0 c=2 rs=1 cs=1]
              RenderText {#text} at (2,2) size 84x19
                text run at (2,2) width 84: "Row 5, Cell 3"
      RenderTable {TABLE} at (0,7756) size 262x131 [border: none]
        RenderBlock {CAPTION} at (0,0) size 261x20
          RenderInline {A} at (0,0) size 220x20
            RenderText {#text} at (18,0) size 220x20
              text run at (18,0) width 220: "Frame=\x{201C}border\x{201D} and Rules=\x{201C}all\x{201D}"
          RenderInline (generated) at (0,0) size 5x20
            RenderText at (238,0) size 5x20
              text run at (238,0) width 5: ":"
        RenderTableSection {THEAD} at (0,20) size 261x22
          RenderTableRow {TR} at (0,0) size 261x22
            RenderTableCell {TD} at (0,0) size 87x22 [border: (1px solid #808080)] [r=0 c=0 rs=1 cs=1]
              RenderText {#text} at (2,2) size 84x19
                text run at (2,2) width 84: "Row 1, Cell 1"
            RenderTableCell {TD} at (87,0) size 87x22 [border: (1px solid #808080)] [r=0 c=1 rs=1 cs=1]
              RenderText {#text} at (2,2) size 84x19
                text run at (2,2) width 84: "Row 1, Cell 2"
            RenderTableCell {TD} at (174,0) size 87x22 [border: (1px solid #808080)] [r=0 c=2 rs=1 cs=1]
              RenderText {#text} at (2,2) size 84x19
                text run at (2,2) width 84: "Row 1, Cell 3"
        RenderTableSection {TBODY} at (0,42) size 261x66
          RenderTableRow {TR} at (0,0) size 261x22
            RenderTableCell {TD} at (0,11) size 87x22 [border: (1px solid #808080)] [r=0 c=0 rs=2 cs=1]
              RenderText {#text} at (2,2) size 84x19
                text run at (2,2) width 84: "Row 2, Cell 1"
            RenderTableCell {TD} at (87,0) size 174x22 [border: (1px solid #808080)] [r=0 c=1 rs=1 cs=2]
              RenderText {#text} at (2,2) size 84x19
                text run at (2,2) width 84: "Row 2, Cell 2"
          RenderTableRow {TR} at (0,22) size 261x22
            RenderTableCell {TD} at (87,22) size 87x22 [border: (1px solid #808080)] [r=1 c=1 rs=1 cs=1]
              RenderText {#text} at (2,2) size 84x19
                text run at (2,2) width 84: "Row 3, Cell 2"
            RenderTableCell {TD} at (174,33) size 87x22 [border: (1px solid #808080)] [r=1 c=2 rs=2 cs=1]
              RenderText {#text} at (2,2) size 84x19
                text run at (2,2) width 84: "Row 3, Cell 3"
          RenderTableRow {TR} at (0,44) size 261x22
            RenderTableCell {TD} at (0,44) size 174x22 [border: (1px solid #808080)] [r=2 c=0 rs=1 cs=2]
              RenderText {#text} at (2,2) size 84x19
                text run at (2,2) width 84: "Row 4, Cell 1"
        RenderTableSection {TFOOT} at (0,108) size 261x22
          RenderTableRow {TR} at (0,0) size 261x22
            RenderTableCell {TD} at (0,0) size 87x22 [border: (1px solid #808080)] [r=0 c=0 rs=1 cs=1]
              RenderText {#text} at (2,2) size 84x19
                text run at (2,2) width 84: "Row 5, Cell 1"
            RenderTableCell {TD} at (87,0) size 87x22 [border: (1px solid #808080)] [r=0 c=1 rs=1 cs=1]
              RenderText {#text} at (2,2) size 84x19
                text run at (2,2) width 84: "Row 5, Cell 2"
            RenderTableCell {TD} at (174,0) size 87x22 [border: (1px solid #808080)] [r=0 c=2 rs=1 cs=1]
              RenderText {#text} at (2,2) size 84x19
                text run at (2,2) width 84: "Row 5, Cell 3"
layer at (400,24) size 400x164
  RenderBlock (positioned) {TABLE} at (400,24) size 400x150
    RenderTable at (0,0) size 356x164
      RenderBlock {CAPTION} at (0,0) size 356x20
        RenderText {#text} at (46,0) size 259x20
          text run at (46,0) width 259: "Local links to specific testcase tables"
        RenderInline (generated) at (0,0) size 5x20
          RenderText at (305,0) size 5x20
            text run at (305,0) width 5: ":"
      RenderTableCol {COLGROUP} at (0,0) size 0x0
      RenderTableCol {COLGROUP} at (0,0) size 0x0
      RenderTableSection {THEAD} at (0,20) size 356x42
        RenderTableRow {TR} at (0,2) size 356x18
          RenderTableCell {TH} at (2,21) size 74x0 [r=0 c=0 rs=2 cs=2]
          RenderTableCell {TH} at (78,2) size 276x18 [r=0 c=2 rs=1 cs=9]
            RenderText {#text} at (119,0) size 37x18
              text run at (119,0) width 37: "Frame"
        RenderTableRow {TR} at (0,22) size 356x18
          RenderTableCell {TH} at (78,22) size 24x18 [r=1 c=2 rs=1 cs=1]
            RenderText {#text} at (0,0) size 24x18
              text run at (0,0) width 24: "void"
          RenderTableCell {TH} at (104,22) size 35x18 [r=1 c=3 rs=1 cs=1]
            RenderText {#text} at (0,0) size 35x18
              text run at (0,0) width 35: "above"
          RenderTableCell {TH} at (141,22) size 33x18 [r=1 c=4 rs=1 cs=1]
            RenderText {#text} at (0,0) size 33x18
              text run at (0,0) width 33: "below"
          RenderTableCell {TH} at (176,22) size 38x18 [r=1 c=5 rs=1 cs=1]
            RenderText {#text} at (0,0) size 38x18
              text run at (0,0) width 38: "hsides"
          RenderTableCell {TH} at (216,22) size 38x18 [r=1 c=6 rs=1 cs=1]
            RenderText {#text} at (0,0) size 38x18
              text run at (0,0) width 38: "vsides"
          RenderTableCell {TH} at (256,22) size 17x18 [r=1 c=7 rs=1 cs=1]
            RenderText {#text} at (0,0) size 17x18
              text run at (0,0) width 17: "lhs"
          RenderTableCell {TH} at (275,22) size 18x18 [r=1 c=8 rs=1 cs=1]
            RenderText {#text} at (0,0) size 18x18
              text run at (0,0) width 18: "rhs"
          RenderTableCell {TH} at (295,22) size 21x18 [r=1 c=9 rs=1 cs=1]
            RenderText {#text} at (0,0) size 21x18
              text run at (0,0) width 21: "box"
          RenderTableCell {TH} at (318,22) size 36x18 [r=1 c=10 rs=1 cs=1]
            RenderText {#text} at (0,0) size 36x18
              text run at (0,0) width 36: "border"
      RenderTableSection {TBODY} at (0,62) size 356x102
        RenderTableRow {TR} at (0,2) size 356x18
          RenderTableCell {TH} at (2,42) size 33x18 [r=0 c=0 rs=5 cs=1]
            RenderText {#text} at (0,0) size 33x18
              text run at (0,0) width 33: "Rules"
          RenderTableCell {TH} at (37,2) size 39x18 [r=0 c=1 rs=1 cs=1]
            RenderText {#text} at (11,0) size 28x18
              text run at (11,0) width 28: "none"
          RenderTableCell {TD} at (78,2) size 24x17 [bgcolor=#CCCCCC] [r=0 c=2 rs=1 cs=1]
            RenderInline {A} at (0,0) size 16x17 [color=#0000EE]
              RenderText {#text} at (4,0) size 16x17
                text run at (4,0) width 16: "Go"
          RenderTableCell {TD} at (104,2) size 35x17 [bgcolor=#CCCCCC] [r=0 c=3 rs=1 cs=1]
            RenderInline {A} at (0,0) size 16x17 [color=#0000EE]
              RenderText {#text} at (9,0) size 16x17
                text run at (9,0) width 16: "Go"
          RenderTableCell {TD} at (141,2) size 33x17 [bgcolor=#CCCCCC] [r=0 c=4 rs=1 cs=1]
            RenderInline {A} at (0,0) size 16x17 [color=#0000EE]
              RenderText {#text} at (8,0) size 16x17
                text run at (8,0) width 16: "Go"
          RenderTableCell {TD} at (176,2) size 38x17 [bgcolor=#CCCCCC] [r=0 c=5 rs=1 cs=1]
            RenderInline {A} at (0,0) size 16x17 [color=#0000EE]
              RenderText {#text} at (11,0) size 16x17
                text run at (11,0) width 16: "Go"
          RenderTableCell {TD} at (216,2) size 38x17 [bgcolor=#CCCCCC] [r=0 c=6 rs=1 cs=1]
            RenderInline {A} at (0,0) size 16x17 [color=#0000EE]
              RenderText {#text} at (11,0) size 16x17
                text run at (11,0) width 16: "Go"
          RenderTableCell {TD} at (256,2) size 17x17 [bgcolor=#CCCCCC] [r=0 c=7 rs=1 cs=1]
            RenderInline {A} at (0,0) size 16x17 [color=#0000EE]
              RenderText {#text} at (0,0) size 16x17
                text run at (0,0) width 16: "Go"
          RenderTableCell {TD} at (275,2) size 18x17 [bgcolor=#CCCCCC] [r=0 c=8 rs=1 cs=1]
            RenderInline {A} at (0,0) size 16x17 [color=#0000EE]
              RenderText {#text} at (1,0) size 16x17
                text run at (1,0) width 16: "Go"
          RenderTableCell {TD} at (295,2) size 21x17 [bgcolor=#CCCCCC] [r=0 c=9 rs=1 cs=1]
            RenderInline {A} at (0,0) size 16x17 [color=#0000EE]
              RenderText {#text} at (2,0) size 16x17
                text run at (2,0) width 16: "Go"
          RenderTableCell {TD} at (318,2) size 36x17 [bgcolor=#CCCCCC] [r=0 c=10 rs=1 cs=1]
            RenderInline {A} at (0,0) size 16x17 [color=#0000EE]
              RenderText {#text} at (10,0) size 16x17
                text run at (10,0) width 16: "Go"
        RenderTableRow {TR} at (0,22) size 356x18
          RenderTableCell {TH} at (37,22) size 39x18 [r=1 c=1 rs=1 cs=1]
            RenderText {#text} at (0,0) size 39x18
              text run at (0,0) width 39: "groups"
          RenderTableCell {TD} at (78,22) size 24x17 [bgcolor=#CCCCCC] [r=1 c=2 rs=1 cs=1]
            RenderInline {A} at (0,0) size 16x17 [color=#0000EE]
              RenderText {#text} at (4,0) size 16x17
                text run at (4,0) width 16: "Go"
          RenderTableCell {TD} at (104,22) size 35x17 [bgcolor=#CCCCCC] [r=1 c=3 rs=1 cs=1]
            RenderInline {A} at (0,0) size 16x17 [color=#0000EE]
              RenderText {#text} at (9,0) size 16x17
                text run at (9,0) width 16: "Go"
          RenderTableCell {TD} at (141,22) size 33x17 [bgcolor=#CCCCCC] [r=1 c=4 rs=1 cs=1]
            RenderInline {A} at (0,0) size 16x17 [color=#0000EE]
              RenderText {#text} at (8,0) size 16x17
                text run at (8,0) width 16: "Go"
          RenderTableCell {TD} at (176,22) size 38x17 [bgcolor=#CCCCCC] [r=1 c=5 rs=1 cs=1]
            RenderInline {A} at (0,0) size 16x17 [color=#0000EE]
              RenderText {#text} at (11,0) size 16x17
                text run at (11,0) width 16: "Go"
          RenderTableCell {TD} at (216,22) size 38x17 [bgcolor=#CCCCCC] [r=1 c=6 rs=1 cs=1]
            RenderInline {A} at (0,0) size 16x17 [color=#0000EE]
              RenderText {#text} at (11,0) size 16x17
                text run at (11,0) width 16: "Go"
          RenderTableCell {TD} at (256,22) size 17x17 [bgcolor=#CCCCCC] [r=1 c=7 rs=1 cs=1]
            RenderInline {A} at (0,0) size 16x17 [color=#0000EE]
              RenderText {#text} at (0,0) size 16x17
                text run at (0,0) width 16: "Go"
          RenderTableCell {TD} at (275,22) size 18x17 [bgcolor=#CCCCCC] [r=1 c=8 rs=1 cs=1]
            RenderInline {A} at (0,0) size 16x17 [color=#0000EE]
              RenderText {#text} at (1,0) size 16x17
                text run at (1,0) width 16: "Go"
          RenderTableCell {TD} at (295,22) size 21x17 [bgcolor=#CCCCCC] [r=1 c=9 rs=1 cs=1]
            RenderInline {A} at (0,0) size 16x17 [color=#0000EE]
              RenderText {#text} at (2,0) size 16x17
                text run at (2,0) width 16: "Go"
          RenderTableCell {TD} at (318,22) size 36x17 [bgcolor=#CCCCCC] [r=1 c=10 rs=1 cs=1]
            RenderInline {A} at (0,0) size 16x17 [color=#0000EE]
              RenderText {#text} at (10,0) size 16x17
                text run at (10,0) width 16: "Go"
        RenderTableRow {TR} at (0,42) size 356x18
          RenderTableCell {TH} at (37,42) size 39x18 [r=2 c=1 rs=1 cs=1]
            RenderText {#text} at (12,0) size 27x18
              text run at (12,0) width 27: "rows"
          RenderTableCell {TD} at (78,42) size 24x17 [bgcolor=#CCCCCC] [r=2 c=2 rs=1 cs=1]
            RenderInline {A} at (0,0) size 16x17 [color=#0000EE]
              RenderText {#text} at (4,0) size 16x17
                text run at (4,0) width 16: "Go"
          RenderTableCell {TD} at (104,42) size 35x17 [bgcolor=#CCCCCC] [r=2 c=3 rs=1 cs=1]
            RenderInline {A} at (0,0) size 16x17 [color=#0000EE]
              RenderText {#text} at (9,0) size 16x17
                text run at (9,0) width 16: "Go"
          RenderTableCell {TD} at (141,42) size 33x17 [bgcolor=#CCCCCC] [r=2 c=4 rs=1 cs=1]
            RenderInline {A} at (0,0) size 16x17 [color=#0000EE]
              RenderText {#text} at (8,0) size 16x17
                text run at (8,0) width 16: "Go"
          RenderTableCell {TD} at (176,42) size 38x17 [bgcolor=#CCCCCC] [r=2 c=5 rs=1 cs=1]
            RenderInline {A} at (0,0) size 16x17 [color=#0000EE]
              RenderText {#text} at (11,0) size 16x17
                text run at (11,0) width 16: "Go"
          RenderTableCell {TD} at (216,42) size 38x17 [bgcolor=#CCCCCC] [r=2 c=6 rs=1 cs=1]
            RenderInline {A} at (0,0) size 16x17 [color=#0000EE]
              RenderText {#text} at (11,0) size 16x17
                text run at (11,0) width 16: "Go"
          RenderTableCell {TD} at (256,42) size 17x17 [bgcolor=#CCCCCC] [r=2 c=7 rs=1 cs=1]
            RenderInline {A} at (0,0) size 16x17 [color=#0000EE]
              RenderText {#text} at (0,0) size 16x17
                text run at (0,0) width 16: "Go"
          RenderTableCell {TD} at (275,42) size 18x17 [bgcolor=#CCCCCC] [r=2 c=8 rs=1 cs=1]
            RenderInline {A} at (0,0) size 16x17 [color=#0000EE]
              RenderText {#text} at (1,0) size 16x17
                text run at (1,0) width 16: "Go"
          RenderTableCell {TD} at (295,42) size 21x17 [bgcolor=#CCCCCC] [r=2 c=9 rs=1 cs=1]
            RenderInline {A} at (0,0) size 16x17 [color=#0000EE]
              RenderText {#text} at (2,0) size 16x17
                text run at (2,0) width 16: "Go"
          RenderTableCell {TD} at (318,42) size 36x17 [bgcolor=#CCCCCC] [r=2 c=10 rs=1 cs=1]
            RenderInline {A} at (0,0) size 16x17 [color=#0000EE]
              RenderText {#text} at (10,0) size 16x17
                text run at (10,0) width 16: "Go"
        RenderTableRow {TR} at (0,62) size 356x18
          RenderTableCell {TH} at (37,62) size 39x18 [r=3 c=1 rs=1 cs=1]
            RenderText {#text} at (15,0) size 24x18
              text run at (15,0) width 24: "cols"
          RenderTableCell {TD} at (78,62) size 24x17 [bgcolor=#CCCCCC] [r=3 c=2 rs=1 cs=1]
            RenderInline {A} at (0,0) size 16x17 [color=#0000EE]
              RenderText {#text} at (4,0) size 16x17
                text run at (4,0) width 16: "Go"
          RenderTableCell {TD} at (104,62) size 35x17 [bgcolor=#CCCCCC] [r=3 c=3 rs=1 cs=1]
            RenderInline {A} at (0,0) size 16x17 [color=#0000EE]
              RenderText {#text} at (9,0) size 16x17
                text run at (9,0) width 16: "Go"
          RenderTableCell {TD} at (141,62) size 33x17 [bgcolor=#CCCCCC] [r=3 c=4 rs=1 cs=1]
            RenderInline {A} at (0,0) size 16x17 [color=#0000EE]
              RenderText {#text} at (8,0) size 16x17
                text run at (8,0) width 16: "Go"
          RenderTableCell {TD} at (176,62) size 38x17 [bgcolor=#CCCCCC] [r=3 c=5 rs=1 cs=1]
            RenderInline {A} at (0,0) size 16x17 [color=#0000EE]
              RenderText {#text} at (11,0) size 16x17
                text run at (11,0) width 16: "Go"
          RenderTableCell {TD} at (216,62) size 38x17 [bgcolor=#CCCCCC] [r=3 c=6 rs=1 cs=1]
            RenderInline {A} at (0,0) size 16x17 [color=#0000EE]
              RenderText {#text} at (11,0) size 16x17
                text run at (11,0) width 16: "Go"
          RenderTableCell {TD} at (256,62) size 17x17 [bgcolor=#CCCCCC] [r=3 c=7 rs=1 cs=1]
            RenderInline {A} at (0,0) size 16x17 [color=#0000EE]
              RenderText {#text} at (0,0) size 16x17
                text run at (0,0) width 16: "Go"
          RenderTableCell {TD} at (275,62) size 18x17 [bgcolor=#CCCCCC] [r=3 c=8 rs=1 cs=1]
            RenderInline {A} at (0,0) size 16x17 [color=#0000EE]
              RenderText {#text} at (1,0) size 16x17
                text run at (1,0) width 16: "Go"
          RenderTableCell {TD} at (295,62) size 21x17 [bgcolor=#CCCCCC] [r=3 c=9 rs=1 cs=1]
            RenderInline {A} at (0,0) size 16x17 [color=#0000EE]
              RenderText {#text} at (2,0) size 16x17
                text run at (2,0) width 16: "Go"
          RenderTableCell {TD} at (318,62) size 36x17 [bgcolor=#CCCCCC] [r=3 c=10 rs=1 cs=1]
            RenderInline {A} at (0,0) size 16x17 [color=#0000EE]
              RenderText {#text} at (10,0) size 16x17
                text run at (10,0) width 16: "Go"
        RenderTableRow {TR} at (0,82) size 356x18
          RenderTableCell {TH} at (37,82) size 39x18 [r=4 c=1 rs=1 cs=1]
            RenderText {#text} at (26,0) size 13x18
              text run at (26,0) width 13: "all"
          RenderTableCell {TD} at (78,82) size 24x17 [bgcolor=#CCCCCC] [r=4 c=2 rs=1 cs=1]
            RenderInline {A} at (0,0) size 16x17 [color=#0000EE]
              RenderText {#text} at (4,0) size 16x17
                text run at (4,0) width 16: "Go"
          RenderTableCell {TD} at (104,82) size 35x17 [bgcolor=#CCCCCC] [r=4 c=3 rs=1 cs=1]
            RenderInline {A} at (0,0) size 16x17 [color=#0000EE]
              RenderText {#text} at (9,0) size 16x17
                text run at (9,0) width 16: "Go"
          RenderTableCell {TD} at (141,82) size 33x17 [bgcolor=#CCCCCC] [r=4 c=4 rs=1 cs=1]
            RenderInline {A} at (0,0) size 16x17 [color=#0000EE]
              RenderText {#text} at (8,0) size 16x17
                text run at (8,0) width 16: "Go"
          RenderTableCell {TD} at (176,82) size 38x17 [bgcolor=#CCCCCC] [r=4 c=5 rs=1 cs=1]
            RenderInline {A} at (0,0) size 16x17 [color=#0000EE]
              RenderText {#text} at (11,0) size 16x17
                text run at (11,0) width 16: "Go"
          RenderTableCell {TD} at (216,82) size 38x17 [bgcolor=#CCCCCC] [r=4 c=6 rs=1 cs=1]
            RenderInline {A} at (0,0) size 16x17 [color=#0000EE]
              RenderText {#text} at (11,0) size 16x17
                text run at (11,0) width 16: "Go"
          RenderTableCell {TD} at (256,82) size 17x17 [bgcolor=#CCCCCC] [r=4 c=7 rs=1 cs=1]
            RenderInline {A} at (0,0) size 16x17 [color=#0000EE]
              RenderText {#text} at (0,0) size 16x17
                text run at (0,0) width 16: "Go"
          RenderTableCell {TD} at (275,82) size 18x17 [bgcolor=#CCCCCC] [r=4 c=8 rs=1 cs=1]
            RenderInline {A} at (0,0) size 16x17 [color=#0000EE]
              RenderText {#text} at (1,0) size 16x17
                text run at (1,0) width 16: "Go"
          RenderTableCell {TD} at (295,82) size 21x17 [bgcolor=#CCCCCC] [r=4 c=9 rs=1 cs=1]
            RenderInline {A} at (0,0) size 16x17 [color=#0000EE]
              RenderText {#text} at (2,0) size 16x17
                text run at (2,0) width 16: "Go"
          RenderTableCell {TD} at (318,82) size 36x17 [bgcolor=#CCCCCC] [r=4 c=10 rs=1 cs=1]
            RenderInline {A} at (0,0) size 16x17 [color=#0000EE]
              RenderText {#text} at (10,0) size 16x17
                text run at (10,0) width 16: "Go"
