layer at (0,0) size 800x600
  RenderView at (0,0) size 800x600
layer at (0,0) size 800x600
  RenderBlock {HTML} at (0,0) size 800x600
    RenderBody {BODY} at (8,8) size 784x584
      RenderBlock {P} at (0,0) size 784x59
        RenderText {#text} at (0,0) size 770x38
          text run at (0,0) width 554: "This tests for a bug where images with align right/left would fail to be inserted on paste. "
          text run at (554,0) width 216: "You should see a picture of abe in"
          text run at (0,19) width 293: "the editable region below, aligned to the right. "
        RenderInline {B} at (0,0) size 783x40
          RenderText {#text} at (293,19) size 783x40
            text run at (293,19) width 490: "This demonstrates a bug: the focus halo for the editable region doesn't"
            text run at (0,39) width 274: "expand to fit an image with align='right'."
      RenderBlock {DIV} at (0,73) size 784x38
        RenderText {#text} at (0,0) size 206x19
          text run at (0,0) width 206: "Four score and seven years ago"
        RenderImage {IMG} at (708,0) size 76x103
        RenderText {#text} at (206,0) size 691x38
          text run at (206,0) width 485: " our fathers brought forth on this continent a new nation, conceived in liberty "
          text run at (0,19) width 402: "and dedicated to the proposition that all men are created equal."
caret: position 1 of child 1 {IMG} of child 2 {DIV} of child 1 {BODY} of child 0 {HTML} of document
