layer at (0,0) size 800x600
  RenderView at (0,0) size 800x600
layer at (0,0) size 800x600
  RenderBlock {HTML} at (0,0) size 800x600
    RenderBody {BODY} at (8,8) size 784x584
      RenderBlock {P} at (0,0) size 784x38
        RenderText {#text} at (0,0) size 762x38
          text run at (0,0) width 405: "This tests insertion before/after links that are also display:block. "
          text run at (405,0) width 357: "Insertion before/after display:block links should go inside"
          text run at (0,19) width 370: "the links so that text is inserted in the expected paragraph."
      RenderBlock {DIV} at (0,52) size 784x19
        RenderBlock {A} at (0,0) size 784x19 [color=#0000EE]
          RenderText {#text} at (0,0) size 251x19
            text run at (0,0) width 251: "This sentence should all be on one line."
caret: position 40 of child 0 {#text} of child 0 {A} of child 2 {DIV} of child 0 {BODY} of child 0 {HTML} of document
