layer at (0,0) size 800x600
  RenderView at (0,0) size 800x600
layer at (0,0) size 800x600
  RenderBlock {HTML} at (0,0) size 800x600
    RenderBody {BODY} at (8,8) size 784x578
      RenderBlock {P} at (0,0) size 784x19
        RenderText {#text} at (0,0) size 658x19
          text run at (0,0) width 361: "This tests for a bug when replacing the contents of a list. "
          text run at (361,0) width 297: "The list shouldn't be removed, just its contents."
      RenderBlock {DIV} at (0,33) size 784x19
        RenderBlock {UL} at (0,0) size 784x19
          RenderListItem {LI} at (40,0) size 744x19
            RenderListMarker at (-17,0) size 7x19: bullet
            RenderText {#text} at (0,0) size 176x19
              text run at (0,0) width 176: "This should be in a list item."
caret: position 30 of child 0 {#text} of child 0 {LI} of child 0 {UL} of child 2 {DIV} of child 1 {BODY} of child 0 {HTML} of document
