layer at (0,0) size 800x600
  RenderView at (0,0) size 800x600
layer at (0,0) size 800x600
  RenderBlock {HTML} at (0,0) size 800x600
    RenderBody {BODY} at (8,8) size 784x584
      RenderBlock {P} at (0,0) size 784x38
        RenderText {#text} at (0,0) size 741x38
          text run at (0,0) width 445: "This tests for a bug when replacing the contents of a floating element. "
          text run at (445,0) width 296: "Just its contents should be removed during the"
          text run at (0,19) width 51: "replace."
      RenderBlock {DIV} at (0,52) size 784x19
        RenderText {#text} at (291,0) size 235x19
          text run at (291,0) width 235: "This shouldn't be in the bordered div."
        RenderBlock (floating) {DIV} at (0,0) size 291x21 [border: (1px solid #0000FF)]
          RenderText {#text} at (1,1) size 289x19
            text run at (1,1) width 289: "This should be in a floating blue bordered div."
caret: position 47 of child 0 {#text} of child 1 {DIV} of child 2 {DIV} of child 0 {BODY} of child 0 {HTML} of document
