layer at (0,0) size 800x600
  RenderView at (0,0) size 800x600
layer at (0,0) size 800x600
  RenderBlock {HTML} at (0,0) size 800x600
    RenderBody {BODY} at (8,8) size 784x578
      RenderBlock {P} at (0,0) size 784x19
        RenderText {#text} at (0,0) size 610x19
          text run at (0,0) width 610: "This tests to make sure that insertion over a fully selected special element doesn't do expansion."
      RenderBlock {DIV} at (0,33) size 784x19
        RenderBlock {UL} at (0,0) size 784x19
          RenderListItem {LI} at (40,0) size 744x19
            RenderListMarker at (-17,0) size 7x19: bullet
            RenderInline {FONT} at (0,0) size 20x19 [color=#0000EE]
              RenderInline {SPAN} at (0,0) size 20x19
                RenderInline {A} at (0,0) size 20x19
                  RenderText {#text} at (0,0) size 20x19
                    text run at (0,0) width 20: "foo"
      RenderBlock {UL} at (0,66) size 784x0
caret: position 3 of child 0 {#text} of child 0 {A} of child 0 {SPAN} of child 0 {FONT} of child 0 {LI} of child 1 {UL} of child 2 {DIV} of child 1 {BODY} of child 0 {HTML} of document
