layer at (0,0) size 800x600
  RenderView at (0,0) size 800x600
layer at (0,0) size 800x600
  RenderBlock {HTML} at (0,0) size 800x600
    RenderBody {BODY} at (8,8) size 784x584
      RenderBlock {P} at (0,0) size 784x19
        RenderText {#text} at (0,0) size 594x19
          text run at (0,0) width 594: "This tests for a bug where a newline inserted at the end of an anonymous block would be lost."
      RenderBlock {DIV} at (0,33) size 784x57
        RenderBlock (anonymous) at (0,0) size 784x38
          RenderText {#text} at (0,0) size 20x19
            text run at (0,0) width 20: "foo"
          RenderBR {BR} at (20,14) size 0x0
          RenderBR {BR} at (0,19) size 0x19
        RenderBlock {DIV} at (0,38) size 784x19
          RenderText {#text} at (0,0) size 21x19
            text run at (0,0) width 21: "bar"
caret: position 0 of child 2 {BR} of child 2 {DIV} of child 1 {BODY} of child 0 {HTML} of document
