layer at (0,0) size 800x600
  RenderView at (0,0) size 800x600
layer at (0,0) size 800x600
  RenderBlock {HTML} at (0,0) size 800x600
    RenderBody {BODY} at (8,8) size 784x584
      RenderBlock {P} at (0,0) size 784x19
        RenderText {#text} at (0,0) size 535x19
          text run at (0,0) width 535: "This tests for a bug where spaces couldn't be inserted before signatures and replies."
      RenderBlock {DIV} at (0,33) size 784x38
        RenderBlock (anonymous) at (0,0) size 784x19
          RenderText {#text} at (0,0) size 4x19
            text run at (0,0) width 4: " "
          RenderBR {BR} at (4,14) size 0x0
        RenderBlock {DIV} at (0,19) size 784x19
          RenderText {#text} at (0,0) size 355x19
            text run at (0,0) width 355: "There should be a single space in the paragraph above."
caret: position 1 of child 0 {#text} of child 2 {DIV} of child 1 {BODY} of child 0 {HTML} of document
