layer at (0,0) size 800x600
  RenderView at (0,0) size 800x600
layer at (0,0) size 800x600
  RenderBlock {HTML} at (0,0) size 800x600
    RenderBody {BODY} at (8,8) size 784x579
      RenderBlock {P} at (0,0) size 784x44
        RenderText {#text} at (0,0) size 770x44
          text run at (0,0) width 689: "This tests that inserting a newline at the beginning of quoted content doesn't add an extra quoted line. "
          text run at (689,0) width 81: "The test has"
          text run at (0,22) width 492: "passed if there are no empty lines (quoted or unquoted) in the box below."
      RenderBlock {DIV} at (0,60) size 784x110
        RenderBlock (anonymous) at (0,0) size 784x22
          RenderText {#text} at (0,0) size 65x22
            text run at (0,0) width 65: "unquoted"
          RenderBR {BR} at (65,16) size 0x0
        RenderBlock {BLOCKQUOTE} at (0,22) size 784x22 [color=#0000FF] [border: (2px solid #0000FF)]
          RenderBlock {DIV} at (12,0) size 772x22
            RenderText {#text} at (0,0) size 100x22
              text run at (0,0) width 100: "quote level one"
        RenderBlock {BLOCKQUOTE} at (0,44) size 784x22 [color=#0000FF] [border: (2px solid #0000FF)]
          RenderBlock {DIV} at (12,0) size 772x22
            RenderText {#text} at (0,0) size 100x22
              text run at (0,0) width 100: "quote level one"
        RenderBlock (anonymous) at (0,66) size 784x22
          RenderText {#text} at (0,0) size 65x22
            text run at (0,0) width 65: "unquoted"
          RenderBR {BR} at (65,16) size 0x0
        RenderBlock {BLOCKQUOTE} at (0,88) size 784x22 [color=#0000FF] [border: (2px solid #0000FF)]
          RenderBlock {DIV} at (12,0) size 772x22
            RenderBlock {BLOCKQUOTE} at (0,0) size 772x22 [border: (2px solid #0000FF)]
              RenderBlock {DIV} at (12,0) size 760x22
                RenderText {#text} at (0,0) size 101x22
                  text run at (0,0) width 101: "quote level two"
      RenderBlock {PRE} at (0,183) size 784x0
caret: position 8 of child 6 {#text} of child 3 {DIV} of body
