layer at (0,0) size 800x600
  RenderView at (0,0) size 800x600
layer at (0,0) size 800x600
  RenderBlock {HTML} at (0,0) size 800x600
    RenderBody {BODY} at (8,8) size 784x579
      RenderBlock {P} at (0,0) size 784x44
        RenderText {#text} at (0,0) size 769x44
          text run at (0,0) width 715: "This tests that inserting a newline in place of a full line of quoted content doesn't add an extra quoted line. "
          text run at (715,0) width 54: "The test"
          text run at (0,22) width 519: "has passed if there are no empty lines (quoted or unquoted) in the box below."
      RenderBlock {DIV} at (0,60) size 784x66
        RenderBlock {BLOCKQUOTE} at (0,0) size 784x22 [color=#0000FF] [border: (2px solid #0000FF)]
          RenderBlock {DIV} at (12,0) size 772x22
            RenderText {#text} at (0,0) size 47x22
              text run at (0,0) width 47: "quoted"
          RenderBlock {DIV} at (12,22) size 772x0
        RenderBlock (anonymous) at (0,22) size 784x22
          RenderText {#text} at (0,0) size 65x22
            text run at (0,0) width 65: "unquoted"
          RenderBR {BR} at (65,16) size 0x0
        RenderBlock {BLOCKQUOTE} at (0,44) size 784x22 [color=#0000FF] [border: (2px solid #0000FF)]
          RenderBlock {DIV} at (12,0) size 772x22
            RenderText {#text} at (0,0) size 47x22
              text run at (0,0) width 47: "quoted"
      RenderBlock {PRE} at (0,139) size 784x0
caret: position 8 of child 2 {#text} of child 3 {DIV} of body
