layer at (0,0) size 800x600
  RenderView at (0,0) size 800x600
layer at (0,0) size 800x600
  RenderBlock {HTML} at (0,0) size 800x600
    RenderBody {BODY} at (8,8) size 784x584
      RenderBlock (anonymous) at (0,0) size 784x66
        RenderText {#text} at (0,0) size 717x44
          text run at (0,0) width 717: "This tests that the blockquote's typing style doesn't remain after breaking the blockquote and typing in the"
          text run at (0,22) width 103: "unquoted area."
        RenderBR {BR} at (103,38) size 0x0
        RenderBR {BR} at (0,44) size 0x22
      RenderBlock {DIV} at (0,66) size 784x66
        RenderBlock {BLOCKQUOTE} at (0,0) size 784x22 [color=#0000FF] [border: (2px solid #0000FF)]
          RenderText {#text} at (12,0) size 29x22
            text run at (12,0) width 29: "blue"
        RenderBlock (anonymous) at (0,22) size 784x22
          RenderText {#text} at (0,0) size 37x22
            text run at (0,0) width 37: "black"
          RenderBR {BR} at (37,16) size 0x0
        RenderBlock {BLOCKQUOTE} at (0,44) size 784x22 [color=#0000FF] [border: (2px solid #0000FF)]
          RenderBlock {DIV} at (12,0) size 772x22
            RenderBlock {BLOCKQUOTE} at (0,0) size 772x22 [color=#008000] [border: none (2px solid #008000)]
              RenderText {#text} at (12,0) size 38x22
                text run at (12,0) width 38: "green"
caret: position 5 of child 2 {#text} of child 4 {DIV} of body
