EDITING DELEGATE: shouldBeginEditingInDOMRange:range from 0 of BODY > HTML > #document to 6 of BODY > HTML > #document
EDITING DELEGATE: webViewDidBeginEditing:WebViewDidBeginEditingNotification
EDITING DELEGATE: webViewDidChangeSelection:WebViewDidChangeSelectionNotification
EDITING DELEGATE: shouldChangeSelectedDOMRange:range from 0 of DIV > BODY > HTML > #document to 0 of DIV > BODY > HTML > #document toDOMRange:range from 0 of #text > DIV > BODY > HTML > #document to 3 of #text > DIV > BODY > HTML > #document affinity:NSSelectionAffinityDownstream stillSelecting:FALSE
EDITING DELEGATE: webViewDidChangeSelection:WebViewDidChangeSelectionNotification
EDITING DELEGATE: shouldDeleteDOMRange:range from 0 of #text > DIV > BODY > HTML > #document to 3 of #text > DIV > BODY > HTML > #document
EDITING DELEGATE: webViewDidChangeSelection:WebViewDidChangeSelectionNotification
EDITING DELEGATE: shouldChangeSelectedDOMRange:(null) toDOMRange:range from 0 of DIV > BODY > HTML > #document to 0 of DIV > BODY > HTML > #document affinity:NSSelectionAffinityDownstream stillSelecting:FALSE
EDITING DELEGATE: webViewDidChangeSelection:WebViewDidChangeSelectionNotification
EDITING DELEGATE: webViewDidChange:WebViewDidChangeNotification
EDITING DELEGATE: shouldInsertNode:#document-fragment replacingDOMRange:range from 0 of DIV > BODY > HTML > #document to 0 of DIV > BODY > HTML > #document givenAction:WebViewInsertActionPasted
EDITING DELEGATE: webViewDidChangeSelection:WebViewDidChangeSelectionNotification
EDITING DELEGATE: shouldChangeSelectedDOMRange:(null) toDOMRange:range from 3 of #text > DIV > DIV > DIV > BODY > HTML > #document to 3 of #text > DIV > DIV > DIV > BODY > HTML > #document affinity:NSSelectionAffinityDownstream stillSelecting:FALSE
EDITING DELEGATE: webViewDidChangeSelection:WebViewDidChangeSelectionNotification
EDITING DELEGATE: webViewDidChange:WebViewDidChangeNotification
EDITING DELEGATE: shouldInsertNode:#document-fragment replacingDOMRange:range from 3 of #text > DIV > DIV > DIV > BODY > HTML > #document to 3 of #text > DIV > DIV > DIV > BODY > HTML > #document givenAction:WebViewInsertActionPasted
EDITING DELEGATE: shouldChangeSelectedDOMRange:range from 3 of #text > DIV > DIV > DIV > BODY > HTML > #document to 3 of #text > DIV > DIV > DIV > BODY > HTML > #document toDOMRange:range from 3 of #text > DIV > DIV > DIV > DIV > BODY > HTML > #document to 3 of #text > DIV > DIV > DIV > DIV > BODY > HTML > #document affinity:NSSelectionAffinityDownstream stillSelecting:FALSE
EDITING DELEGATE: webViewDidChangeSelection:WebViewDidChangeSelectionNotification
EDITING DELEGATE: webViewDidChange:WebViewDidChangeNotification
layer at (0,0) size 800x600
  RenderView at (0,0) size 800x600
layer at (0,0) size 800x600
  RenderBlock {HTML} at (0,0) size 800x600
    RenderBody {BODY} at (8,8) size 784x584
      RenderBlock {DIV} at (0,0) size 784x151
        RenderBlock {DIV} at (0,0) size 784x151
          RenderBlock {DIV} at (0,0) size 784x85
            RenderBlock (anonymous) at (0,0) size 784x19
              RenderText {#text} at (0,0) size 20x19
                text run at (0,0) width 20: "foo"
            RenderBlock {BLOCKQUOTE} at (40,33) size 704x19
              RenderText {#text} at (0,0) size 21x19
                text run at (0,0) width 21: "bar"
            RenderBlock (anonymous) at (0,66) size 784x19
              RenderText {#text} at (0,0) size 23x19
                text run at (0,0) width 23: "baz"
              RenderText {#text} at (23,0) size 20x19
                text run at (23,0) width 20: "foo"
          RenderBlock {DIV} at (0,99) size 784x52
            RenderBlock {DIV} at (0,0) size 784x52
              RenderBlock (anonymous) at (0,0) size 784x0
              RenderBlock {BLOCKQUOTE} at (40,0) size 704x19
                RenderText {#text} at (0,0) size 21x19
                  text run at (0,0) width 21: "bar"
              RenderBlock (anonymous) at (0,33) size 784x19
                RenderText {#text} at (0,0) size 23x19
                  text run at (0,0) width 23: "baz"
        RenderBlock (anonymous) at (0,151) size 784x0
caret: position 3 of child 1 {#text} of child 0 {DIV} of child 1 {DIV} of child 0 {DIV} of child 1 {DIV} of child 1 {BODY} of child 0 {HTML} of document
