EDITING DELEGATE: shouldBeginEditingInDOMRange:range from 0 of DIV > BODY > HTML > #document to 2 of DIV > BODY > HTML > #document
EDITING DELEGATE: webViewDidBeginEditing:WebViewDidBeginEditingNotification
EDITING DELEGATE: webViewDidChangeSelection:WebViewDidChangeSelectionNotification
EDITING DELEGATE: webViewDidChangeSelection:WebViewDidChangeSelectionNotification
EDITING DELEGATE: webViewDidChangeSelection:WebViewDidChangeSelectionNotification
EDITING DELEGATE: webViewDidChangeSelection:WebViewDidChangeSelectionNotification
EDITING DELEGATE: webViewDidChangeSelection:WebViewDidChangeSelectionNotification
EDITING DELEGATE: webViewDidChangeSelection:WebViewDidChangeSelectionNotification
EDITING DELEGATE: shouldChangeSelectedDOMRange:range from 1 of DIV > BODY > HTML > #document to 1 of DIV > BODY > HTML > #document toDOMRange:range from 1 of DIV > BODY > HTML > #document to 1 of DIV > BODY > HTML > #document affinity:NSSelectionAffinityDownstream stillSelecting:FALSE
EDITING DELEGATE: webViewDidChangeSelection:WebViewDidChangeSelectionNotification
EDITING DELEGATE: webViewDidChange:WebViewDidChangeNotification
layer at (0,0) size 800x600
  RenderView at (0,0) size 800x600
layer at (0,0) size 800x600
  RenderBlock {HTML} at (0,0) size 800x600
    RenderBody {BODY} at (8,8) size 784x584
      RenderBlock {P} at (0,0) size 784x42
        RenderText {#text} at (0,0) size 783x42
          text run at (0,0) width 377: "This tests inserting a paragraph separator after a table. "
          text run at (377,0) width 406: "There should be an empty paragraph between the table and"
          text run at (0,21) width 363: "'bar' and the caret should be in the empty paragraph."
      RenderBlock {DIV} at (0,58) size 784x73
        RenderTable {TABLE} at (0,0) size 31x31 [border: (1px outset #808080)]
          RenderTableSection {TBODY} at (1,1) size 29x29
            RenderTableRow {TR} at (0,2) size 29x25
              RenderTableCell {TD} at (2,2) size 25x25 [border: (1px inset #808080)] [r=0 c=0 rs=1 cs=1]
                RenderText {#text} at (2,2) size 21x21
                  text run at (2,2) width 21: "foo"
        RenderBlock (anonymous) at (0,31) size 784x42
          RenderBR {BR} at (0,0) size 0x21
          RenderText {#text} at (0,21) size 24x21
            text run at (0,21) width 24: "bar"
caret: position 0 of child 1 {BR} of child 2 {DIV} of body
