EDITING DELEGATE: shouldBeginEditingInDOMRange:range from 0 of DIV > B > BODY > HTML > #document to 3 of DIV > B > BODY > HTML > #document
EDITING DELEGATE: webViewDidBeginEditing:WebViewDidBeginEditingNotification
EDITING DELEGATE: webViewDidChangeSelection:WebViewDidChangeSelectionNotification
EDITING DELEGATE: webViewDidChangeSelection:WebViewDidChangeSelectionNotification
EDITING DELEGATE: webViewDidChangeSelection:WebViewDidChangeSelectionNotification
EDITING DELEGATE: webViewDidChangeSelection:WebViewDidChangeSelectionNotification
EDITING DELEGATE: shouldChangeSelectedDOMRange:range from 2 of DIV > B > BODY > HTML > #document to 2 of DIV > B > BODY > HTML > #document toDOMRange:range from 2 of DIV > B > BODY > HTML > #document to 2 of DIV > B > BODY > HTML > #document affinity:NSSelectionAffinityDownstream stillSelecting:FALSE
EDITING DELEGATE: webViewDidChangeSelection:WebViewDidChangeSelectionNotification
EDITING DELEGATE: webViewDidChange:WebViewDidChangeNotification
layer at (0,0) size 800x600
  RenderView at (0,0) size 800x600
layer at (0,0) size 800x600
  RenderBlock {HTML} at (0,0) size 800x600
    RenderBody {BODY} at (8,8) size 784x584
      RenderBlock {P} at (0,0) size 784x59
        RenderText {#text} at (0,0) size 760x38
          text run at (0,0) width 413: "This tests inserting a paragraph separator after a horizontal rule. "
          text run at (413,0) width 347: "You should see 'foo', empty paragraph, horizontal rule,"
          text run at (0,19) width 370: "'bar', and the caret should be just after the horizontal rule. "
        RenderInline {B} at (0,0) size 772x40
          RenderText {#text} at (370,19) size 772x40
            text run at (370,19) width 172: "This demonstrates 8345. "
            text run at (542,19) width 230: "The caret after a horizontal rule is"
            text run at (0,39) width 436: "drawn in the same location as the caret before a horizontal rule."
      RenderBlock (anonymous) at (0,73) size 784x0
        RenderInline {B} at (0,0) size 0x0
          RenderText {#text} at (0,0) size 0x0
      RenderBlock (anonymous) at (0,73) size 784x76
        RenderBlock {DIV} at (0,0) size 784x76
          RenderBlock (anonymous) at (0,0) size 784x20
            RenderText {#text} at (0,0) size 23x20
              text run at (0,0) width 23: "foo"
          RenderBlock {HR} at (0,27) size 784x2 [border: (1px inset #000000)]
          RenderBlock (anonymous) at (0,36) size 784x40
            RenderBR {BR} at (0,0) size 0x20
            RenderText {#text} at (0,20) size 22x20
              text run at (0,20) width 22: "bar"
      RenderBlock (anonymous) at (0,149) size 784x0
        RenderInline {B} at (0,0) size 0x0
caret: position 0 of child 2 {BR} of child 1 {DIV} of child 1 {B} of child 1 {BODY} of child 0 {HTML} of document
