EDITING DELEGATE: shouldBeginEditingInDOMRange:range from 0 of BODY > HTML > #document to 8 of BODY > HTML > #document
EDITING DELEGATE: webViewDidBeginEditing:WebViewDidBeginEditingNotification
EDITING DELEGATE: webViewDidChangeSelection:WebViewDidChangeSelectionNotification
EDITING DELEGATE: webViewDidChangeSelection:WebViewDidChangeSelectionNotification
EDITING DELEGATE: webViewDidChangeSelection:WebViewDidChangeSelectionNotification
EDITING DELEGATE: webViewDidChangeSelection:WebViewDidChangeSelectionNotification
EDITING DELEGATE: webViewDidChangeSelection:WebViewDidChangeSelectionNotification
EDITING DELEGATE: webViewDidChange:WebViewDidChangeNotification
layer at (0,0) size 800x600
  RenderView at (0,0) size 800x600
layer at (0,0) size 800x600
  RenderBlock {HTML} at (0,0) size 800x600
    RenderBody {BODY} at (8,8) size 784x568
      RenderBlock (anonymous) at (0,0) size 784x64
        RenderText {#text} at (0,0) size 781x63
          text run at (0,0) width 781: "Test inserting paragraphs: should see an empty blue box above an empty "
          text run at (0,32) width 295: "line between \"foo\" and \"bar\""
      RenderBlock {DIV} at (0,64) size 784x36
      RenderBlock {P} at (0,124) size 784x60 [border: (2px solid #FF0000)]
        RenderText {#text} at (14,14) size 33x31
          text run at (14,14) width 33: "foo"
      RenderBlock {DIV} at (0,208) size 784x60 [border: (2px solid #0000FF)]
        RenderBR {BR} at (14,14) size 0x31
      RenderBlock (anonymous) at (0,268) size 784x32
        RenderBR {BR} at (0,0) size 0x31
      RenderBlock {P} at (0,324) size 784x60 [border: (2px solid #FF0000)]
        RenderText {#text} at (14,14) size 34x31
          text run at (14,14) width 34: "bar"
caret: position 0 of child 5 {BR} of child 1 {BODY} of child 0 {HTML} of document
