EDITING DELEGATE: shouldBeginEditingInDOMRange:range from 0 of BODY > HTML > #document to 8 of BODY > HTML > #document
EDITING DELEGATE: webViewDidBeginEditing:WebViewDidBeginEditingNotification
EDITING DELEGATE: webViewDidChangeSelection:WebViewDidChangeSelectionNotification
EDITING DELEGATE: webViewDidChangeSelection:WebViewDidChangeSelectionNotification
EDITING DELEGATE: webViewDidChangeSelection:WebViewDidChangeSelectionNotification
EDITING DELEGATE: webViewDidChangeSelection:WebViewDidChangeSelectionNotification
EDITING DELEGATE: webViewDidChangeSelection:WebViewDidChangeSelectionNotification
EDITING DELEGATE: webViewDidChangeSelection:WebViewDidChangeSelectionNotification
EDITING DELEGATE: webViewDidChangeSelection:WebViewDidChangeSelectionNotification
EDITING DELEGATE: shouldChangeSelectedDOMRange:(null) toDOMRange:range from 0 of DIV > BODY > HTML > #document to 0 of DIV > BODY > HTML > #document affinity:NSSelectionAffinityDownstream stillSelecting:FALSE
EDITING DELEGATE: webViewDidChangeSelection:WebViewDidChangeSelectionNotification
EDITING DELEGATE: webViewDidChange:WebViewDidChangeNotification
layer at (0,0) size 800x600
  RenderView at (0,0) size 800x600
layer at (0,0) size 800x600
  RenderBlock {HTML} at (0,0) size 800x600
    RenderBody {BODY} at (8,8) size 784x584
      RenderBlock (anonymous) at (0,0) size 784x64
        RenderText {#text} at (0,0) size 769x63
          text run at (0,0) width 769: "Test inserting paragraphs: should see a blue box with \"bar\" in it, and two "
          text run at (0,32) width 377: "blank lines between \"foo\" and \"bar\"."
      RenderBlock {DIV} at (0,64) size 784x36
      RenderBlock (anonymous) at (0,100) size 784x96
        RenderInline {SPAN} at (0,0) size 33x31
          RenderText {#text} at (0,0) size 33x31
            text run at (0,0) width 33: "foo"
        RenderBR {BR} at (33,23) size 0x0
        RenderBR {BR} at (0,32) size 0x31
        RenderBR {BR} at (0,64) size 0x31
      RenderBlock {DIV} at (0,196) size 784x60 [border: (2px solid #0000FF)]
        RenderText {#text} at (14,14) size 34x31
          text run at (14,14) width 34: "bar"
caret: position 0 of child 0 {#text} of child 7 {DIV} of child 1 {BODY} of child 0 {HTML} of document
