EDITING DELEGATE: shouldBeginEditingInDOMRange:range from 0 of BODY > HTML > #document to 6 of BODY > HTML > #document
EDITING DELEGATE: webViewDidBeginEditing:WebViewDidBeginEditingNotification
EDITING DELEGATE: webViewDidChangeSelection:WebViewDidChangeSelectionNotification
EDITING DELEGATE: webViewDidChangeSelection:WebViewDidChangeSelectionNotification
EDITING DELEGATE: shouldChangeSelectedDOMRange:range from 5 of #text > BODY > HTML > #document to 5 of #text > BODY > HTML > #document toDOMRange:range from 0 of DIV > BODY > HTML > #document to 0 of DIV > BODY > HTML > #document affinity:NSSelectionAffinityDownstream stillSelecting:FALSE
EDITING DELEGATE: webViewDidChangeSelection:WebViewDidChangeSelectionNotification
EDITING DELEGATE: webViewDidChange:WebViewDidChangeNotification
layer at (0,0) size 800x600
  RenderView at (0,0) size 800x600
layer at (0,0) size 800x600
  RenderBlock {HTML} at (0,0) size 800x600
    RenderBody {BODY} at (8,8) size 784x584
      RenderBlock (anonymous) at (0,0) size 784x32
        RenderText {#text} at (0,0) size 725x31
          text run at (0,0) width 725: "Test inserting paragraphs: should see an empty blue box below \"bar\""
      RenderBlock {DIV} at (0,32) size 784x36
      RenderBlock (anonymous) at (0,68) size 784x32
        RenderText {#text} at (0,0) size 34x31
          text run at (0,0) width 34: "bar"
      RenderBlock {DIV} at (0,100) size 784x120 [border: (2px solid #0000FF)]
        RenderBlock (anonymous) at (14,14) size 756x32
          RenderBR {BR} at (0,0) size 0x31
        RenderBlock {DIV} at (14,46) size 756x60 [border: (2px solid #FF0000)]
          RenderText {#text} at (14,14) size 38x31
            text run at (14,14) width 38: "baz"
caret: position 0 of child 0 {BR} of child 3 {DIV} of child 1 {BODY} of child 0 {HTML} of document
