EDITING DELEGATE: shouldBeginEditingInDOMRange:range from 0 of BODY > HTML > #document to 10 of BODY > HTML > #document
EDITING DELEGATE: webViewDidBeginEditing:WebViewDidBeginEditingNotification
EDITING DELEGATE: webViewDidChangeSelection:WebViewDidChangeSelectionNotification
EDITING DELEGATE: webViewDidChangeSelection:WebViewDidChangeSelectionNotification
EDITING DELEGATE: webViewDidChange:WebViewDidChangeNotification
layer at (0,0) size 800x600
  RenderView at (0,0) size 800x600
layer at (0,0) size 800x600
  RenderBlock {HTML} at (0,0) size 800x600
    RenderBody {BODY} at (8,8) size 784x584
      RenderBlock (anonymous) at (0,0) size 784x31
        RenderText {#text} at (0,0) size 671x32
          text run at (0,0) width 671: "Test inserting paragraphs: should see empty red box above \"baz\""
      RenderBlock {DIV} at (0,31) size 784x12
      RenderBlock {DIV} at (0,43) size 784x59 [border: (2px solid #FF0000)]
        RenderBR {BR} at (14,14) size 0x32
      RenderBlock {DIV} at (0,102) size 784x59 [border: (2px solid #FF0000)]
        RenderText {#text} at (14,14) size 36x32
          text run at (14,14) width 36: "baz"
      RenderBlock (anonymous) at (0,161) size 784x31
        RenderText {#text} at (0,0) size 36x32
          text run at (0,0) width 36: "bar"
      RenderBlock {DIV} at (0,192) size 784x59 [border: (2px solid #FF0000)]
        RenderText {#text} at (14,14) size 32x32
          text run at (14,14) width 32: "foo"
      RenderBlock {DIV} at (0,251) size 784x59 [border: (2px solid #FF0000)]
        RenderBR {BR} at (14,14) size 0x32
caret: position 0 of child 0 {#text} of child 4 {DIV} of body
