EDITING DELEGATE: shouldBeginEditingInDOMRange:range from 0 of DIV > BODY > HTML > #document to 3 of DIV > BODY > HTML > #document
EDITING DELEGATE: webViewDidBeginEditing:WebViewDidBeginEditingNotification
EDITING DELEGATE: webViewDidChangeSelection:WebViewDidChangeSelectionNotification
EDITING DELEGATE: webViewDidChangeSelection:WebViewDidChangeSelectionNotification
EDITING DELEGATE: shouldChangeSelectedDOMRange:range from 1 of #text > SPAN > DIV > BODY > HTML > #document to 1 of #text > SPAN > DIV > BODY > HTML > #document toDOMRange:range from 2 of SPAN > DIV > BODY > HTML > #document to 2 of SPAN > DIV > BODY > HTML > #document affinity:NSSelectionAffinityDownstream stillSelecting:FALSE
EDITING DELEGATE: webViewDidChangeSelection:WebViewDidChangeSelectionNotification
EDITING DELEGATE: webViewDidChange:WebViewDidChangeNotification
EDITING DELEGATE: shouldChangeSelectedDOMRange:range from 1 of #text > SPAN > DIV > BODY > HTML > #document to 1 of #text > SPAN > DIV > BODY > HTML > #document toDOMRange:range from 1 of #text > SPAN > DIV > BODY > HTML > #document to 1 of #text > SPAN > DIV > BODY > HTML > #document affinity:NSSelectionAffinityDownstream stillSelecting:FALSE
EDITING DELEGATE: webViewDidChangeSelection:WebViewDidChangeSelectionNotification
EDITING DELEGATE: webViewDidChange:WebViewDidChangeNotification
layer at (0,0) size 800x600
  RenderView at (0,0) size 800x600
layer at (0,0) size 800x600
  RenderBlock {HTML} at (0,0) size 800x600
    RenderBody {BODY} at (8,8) size 784x584
      RenderBlock {DIV} at (0,0) size 784x94 [border: (2px solid #FF0000)]
        RenderInline {SPAN} at (0,0) size 41x66
          RenderText {#text} at (14,14) size 12x33
            text run at (14,14) width 12: "a"
          RenderBR {BR} at (26,38) size 0x0
          RenderText {#text} at (14,47) size 12x33
            text run at (14,47) width 12: "x"
          RenderInline {SPAN} at (0,0) size 18x33
            RenderText {#text} at (26,47) size 18x33
              text run at (26,47) width 18: "\x{9}\x{9}\x{9}"
          RenderText {#text} at (44,47) size 11x33
            text run at (44,47) width 11: "z"
        RenderText {#text} at (0,0) size 0x0
caret: position 1 of child 2 {#text} of child 1 {SPAN} of child 1 {DIV} of body
