EDITING DELEGATE: shouldBeginEditingInDOMRange:range from 0 of DIV > BODY > HTML > #document to 6 of DIV > BODY > HTML > #document
EDITING DELEGATE: webViewDidBeginEditing:WebViewDidBeginEditingNotification
EDITING DELEGATE: webViewDidChangeSelection:WebViewDidChangeSelectionNotification
EDITING DELEGATE: webViewDidChangeSelection:WebViewDidChangeSelectionNotification
EDITING DELEGATE: webViewDidChangeSelection:WebViewDidChangeSelectionNotification
EDITING DELEGATE: webViewDidChangeSelection:WebViewDidChangeSelectionNotification
EDITING DELEGATE: shouldChangeSelectedDOMRange:(null) toDOMRange:range from 1 of #text > DIV > BODY > HTML > #document to 1 of #text > DIV > BODY > HTML > #document affinity:NSSelectionAffinityDownstream stillSelecting:FALSE
EDITING DELEGATE: webViewDidChangeSelection:WebViewDidChangeSelectionNotification
EDITING DELEGATE: webViewDidChange:WebViewDidChangeNotification
layer at (0,0) size 800x600
  RenderView at (0,0) size 800x600
layer at (0,0) size 800x600
  RenderBlock {HTML} at (0,0) size 800x600
    RenderBody {BODY} at (8,8) size 784x584
      RenderBlock {P} at (0,0) size 784x19
        RenderText {#text} at (0,0) size 377x19
          text run at (0,0) width 377: "This tests the visual position at the end of an editable block."
      RenderBlock {P} at (0,33) size 784x38
        RenderText {#text} at (0,0) size 712x38
          text run at (0,0) width 588: "When the document ended with a <br>, there were visual positions at both [br, 0] and [br, 1]. "
          text run at (588,0) width 124: "This would produce"
          text run at (0,19) width 385: "inconsistent behavior when editing at the end of a document."
      RenderBlock {DIV} at (0,85) size 784x69 [border: (2px solid #AAAAFF)]
        RenderBlock {DIV} at (2,2) size 780x23 [border: (2px solid #FFAAAA)]
          RenderText {#text} at (2,2) size 94x19
            text run at (2,2) width 94: "paragraph one"
        RenderBlock {DIV} at (2,25) size 780x23 [border: (2px solid #FFAAAA)]
          RenderText {#text} at (2,2) size 92x19
            text run at (2,2) width 92: "paragraph two"
        RenderBlock (anonymous) at (2,48) size 780x19
          RenderText {#text} at (0,0) size 7x19
            text run at (0,0) width 7: "x"
caret: position 1 of child 5 {#text} of child 5 {DIV} of child 1 {BODY} of child 0 {HTML} of document
