EDITING DELEGATE: shouldBeginEditingInDOMRange:range from 0 of DIV > BODY > HTML > #document to 1 of DIV > BODY > HTML > #document
EDITING DELEGATE: webViewDidBeginEditing:WebViewDidBeginEditingNotification
EDITING DELEGATE: webViewDidChangeSelection:WebViewDidChangeSelectionNotification
EDITING DELEGATE: webViewDidChange:WebViewDidChangeNotification
layer at (0,0) size 800x600
  RenderView at (0,0) size 800x600
layer at (0,0) size 800x600
  RenderBlock {HTML} at (0,0) size 800x600
    RenderBody {BODY} at (8,8) size 784x584
      RenderBlock {P} at (0,0) size 784x19
        RenderText {#text} at (0,0) size 621x19
          text run at (0,0) width 621: "This tests inserting a paragraph separator before a special element at the start of an editable root."
      RenderBlock {P} at (0,33) size 784x19
        RenderText {#text} at (0,0) size 610x19
          text run at (0,0) width 610: "Visually, it should leave a blank line before the link, and the caret selection at the start of the link."
      RenderBlock {P} at (0,66) size 784x38
        RenderText {#text} at (0,0) size 727x38
          text run at (0,0) width 727: "Structurally, the empty paragraph element should go before the anchor element, rather than inside of it. See Radar"
          text run at (0,19) width 68: "#5452675."
      RenderBlock {DIV} at (0,118) size 784x38
        RenderBlock {DIV} at (0,0) size 784x19
          RenderBR {BR} at (0,0) size 0x19
        RenderBlock (anonymous) at (0,19) size 784x19
          RenderInline {A} at (0,0) size 57x19 [color=#0000EE]
            RenderText {#text} at (0,0) size 57x19
              text run at (0,0) width 57: "applesite"
caret: position 0 of child 0 {#text} of child 1 {A} of child 6 {DIV} of child 1 {BODY} of child 0 {HTML} of document
