EDITING DELEGATE: shouldBeginEditingInDOMRange:range from 0 of DIV > BODY > HTML > #document to 5 of DIV > BODY > HTML > #document
EDITING DELEGATE: webViewDidBeginEditing:WebViewDidBeginEditingNotification
EDITING DELEGATE: webViewDidChangeSelection:WebViewDidChangeSelectionNotification
EDITING DELEGATE: webViewDidChangeSelection:WebViewDidChangeSelectionNotification
EDITING DELEGATE: webViewDidChangeSelection:WebViewDidChangeSelectionNotification
EDITING DELEGATE: webViewDidChangeSelection:WebViewDidChangeSelectionNotification
EDITING DELEGATE: webViewDidChangeSelection:WebViewDidChangeSelectionNotification
EDITING DELEGATE: shouldInsertNode:#document-fragment replacingDOMRange:range from 0 of DIV > DIV > BODY > HTML > #document to 0 of DIV > DIV > BODY > HTML > #document givenAction:WebViewInsertActionPasted
EDITING DELEGATE: shouldChangeSelectedDOMRange:range from 0 of DIV > DIV > BODY > HTML > #document to 0 of DIV > DIV > BODY > HTML > #document toDOMRange:range from 2 of DIV > DIV > BODY > HTML > #document to 2 of DIV > DIV > BODY > HTML > #document affinity:NSSelectionAffinityDownstream stillSelecting:FALSE
EDITING DELEGATE: webViewDidChangeSelection:WebViewDidChangeSelectionNotification
EDITING DELEGATE: webViewDidChange:WebViewDidChangeNotification
layer at (0,0) size 800x600
  RenderView at (0,0) size 800x600
layer at (0,0) size 800x600
  RenderBlock {HTML} at (0,0) size 800x600
    RenderBody {BODY} at (8,8) size 784x584
      RenderBlock {P} at (0,0) size 784x39
        RenderInline {B} at (0,0) size 176x20
          RenderText {#text} at (0,0) size 176x20
            text run at (0,0) width 176: "This demonstrates a bug:"
        RenderText {#text} at (176,0) size 769x39
          text run at (176,0) width 593: " copying an empty line that's implemented with a br doesn't put an interchange newline on the"
          text run at (0,20) width 80: "pasteboard. "
          text run at (80,20) width 280: "There should be two blank lines after the 'a'."
      RenderBlock {DIV} at (0,53) size 784x168
        RenderBlock {DIV} at (0,0) size 784x100 [border: (2px solid #FF0000)]
          RenderText {#text} at (2,2) size 13x31
            text run at (2,2) width 13: "a"
          RenderBR {BR} at (15,25) size 0x0
          RenderBR {BR} at (2,34) size 0x31
          RenderText {#text} at (2,66) size 13x31
            text run at (2,66) width 13: "b"
        RenderBlock {DIV} at (0,100) size 784x68 [border: (2px solid #FF0000)]
          RenderText {#text} at (2,2) size 13x31
            text run at (2,2) width 13: "a"
          RenderBR {BR} at (15,25) size 0x0
          RenderBR {BR} at (2,34) size 0x31
caret: position 0 of child 2 {BR} of child 3 {DIV} of child 3 {DIV} of child 1 {BODY} of child 0 {HTML} of document
