EDITING DELEGATE: shouldBeginEditingInDOMRange:range from 0 of BODY > HTML > #document to 9 of BODY > HTML > #document
EDITING DELEGATE: webViewDidBeginEditing:WebViewDidBeginEditingNotification
EDITING DELEGATE: webViewDidChangeSelection:WebViewDidChangeSelectionNotification
EDITING DELEGATE: webViewDidChangeSelection:WebViewDidChangeSelectionNotification
EDITING DELEGATE: webViewDidChangeSelection:WebViewDidChangeSelectionNotification
EDITING DELEGATE: webViewDidChangeSelection:WebViewDidChangeSelectionNotification
EDITING DELEGATE: webViewDidChangeSelection:WebViewDidChangeSelectionNotification
EDITING DELEGATE: shouldDeleteDOMRange:range from 6 of BODY > HTML > #document to 7 of BODY > HTML > #document
EDITING DELEGATE: shouldChangeSelectedDOMRange:range from 3 of #text > SPAN > BODY > HTML > #document to 3 of #text > SPAN > BODY > HTML > #document toDOMRange:range from 3 of #text > SPAN > BODY > HTML > #document to 3 of #text > SPAN > BODY > HTML > #document affinity:NSSelectionAffinityDownstream stillSelecting:FALSE
EDITING DELEGATE: webViewDidChangeSelection:WebViewDidChangeSelectionNotification
EDITING DELEGATE: webViewDidChange:WebViewDidChangeNotification
EDITING DELEGATE: shouldChangeSelectedDOMRange:range from 3 of #text > SPAN > BODY > HTML > #document to 3 of #text > SPAN > BODY > HTML > #document toDOMRange:range from 0 of DIV > BODY > HTML > #document to 0 of DIV > BODY > HTML > #document affinity:NSSelectionAffinityDownstream stillSelecting:FALSE
EDITING DELEGATE: webViewDidChangeSelection:WebViewDidChangeSelectionNotification
EDITING DELEGATE: webViewDidChange:WebViewDidChangeNotification
EDITING DELEGATE: webViewDidChangeSelection:WebViewDidChangeSelectionNotification
EDITING DELEGATE: webViewDidChange:WebViewDidChangeNotification
layer at (0,0) size 800x600
  RenderView at (0,0) size 800x600
layer at (0,0) size 800x600
  RenderBlock {HTML} at (0,0) size 800x600
    RenderBody {BODY} at (8,8) size 784x584
      RenderBlock (anonymous) at (0,0) size 784x124
        RenderText {#text} at (0,0) size 779x63
          text run at (0,0) width 773: "Test inserting paragraphs: should see \"foo\", then an empty blue box, then a"
          text run at (773,0) width 6: " "
          text run at (0,31) width 488: "blue box with with \"bar\" in it. Fix for this bug: "
        RenderInline {A} at (0,0) size 275x32 [color=#0000EE]
          RenderText {#text} at (488,31) size 275x32
            text run at (488,31) width 275: "<rdar://problem/3924579>"
        RenderText {#text} at (763,31) size 769x94
          text run at (763,31) width 6: " "
          text run at (0,62) width 734: "REGRESSION (Mail): After deleting, hitting return key does not insert"
          text run at (734,62) width 6: " "
          text run at (0,93) width 151: "visible newline"
      RenderBlock {DIV} at (0,124) size 784x36
      RenderBlock (anonymous) at (0,160) size 784x31
        RenderInline {SPAN} at (0,0) size 32x32
          RenderText {#text} at (0,0) size 32x32
            text run at (0,0) width 32: "foo"
      RenderBlock {DIV} at (0,191) size 784x59 [border: (2px solid #0000FF)]
        RenderBR {BR} at (14,14) size 0x32
      RenderBlock {DIV} at (0,250) size 784x59 [border: (2px solid #0000FF)]
        RenderInline {SPAN} at (0,0) size 0x0
        RenderText {#text} at (14,14) size 36x32
          text run at (14,14) width 36: "bar"
caret: position 0 of child 1 {#text} of child 7 {DIV} of body
