EDITING DELEGATE: shouldBeginEditingInDOMRange:range from 0 of DIV > BODY > HTML > #document to 3 of DIV > BODY > HTML > #document
EDITING DELEGATE: webViewDidBeginEditing:WebViewDidBeginEditingNotification
EDITING DELEGATE: webViewDidChangeSelection:WebViewDidChangeSelectionNotification
EDITING DELEGATE: webViewDidChangeSelection:WebViewDidChangeSelectionNotification
EDITING DELEGATE: webViewDidChangeSelection:WebViewDidChangeSelectionNotification
EDITING DELEGATE: webViewDidChangeSelection:WebViewDidChangeSelectionNotification
EDITING DELEGATE: webViewDidChangeSelection:WebViewDidChangeSelectionNotification
EDITING DELEGATE: shouldChangeSelectedDOMRange:range from 0 of DIV > DIV > DIV > BLOCKQUOTE > DIV > DIV > BODY > HTML > #document to 0 of DIV > DIV > DIV > BLOCKQUOTE > DIV > DIV > BODY > HTML > #document toDOMRange:range from 2 of DIV > DIV > BODY > HTML > #document to 2 of DIV > DIV > BODY > HTML > #document affinity:NSSelectionAffinityDownstream stillSelecting:FALSE
EDITING DELEGATE: webViewDidChangeSelection:WebViewDidChangeSelectionNotification
EDITING DELEGATE: webViewDidChange:WebViewDidChangeNotification
layer at (0,0) size 800x600
  RenderView at (0,0) size 800x600
layer at (0,0) size 800x600
  RenderBlock {HTML} at (0,0) size 800x600
    RenderBody {BODY} at (8,8) size 784x584
      RenderBlock {DIV} at (0,0) size 784x125
        RenderBlock {DIV} at (0,0) size 784x31
          RenderText {#text} at (0,0) size 277x32
            text run at (0,0) width 277: "Splitting Mail blockquotes."
        RenderBlock {DIV} at (0,31) size 784x94
          RenderText {#text} at (0,0) size 189x32
            text run at (0,0) width 189: "Expected Results: "
          RenderBR {BR} at (189,24) size 0x0
          RenderText {#text} at (0,31) size 396x21
            text run at (0,31) width 396: "Two blockquotes, with an unquoted blank line in between."
          RenderBR {BR} at (396,47) size 0x0
          RenderText {#text} at (0,52) size 428x21
            text run at (0,52) width 428: "The first blockquote contains two lines, the second one is blank."
          RenderBR {BR} at (428,68) size 0x0
          RenderText {#text} at (0,73) size 428x21
            text run at (0,73) width 428: "The second blockquote contains two lines, the first one is blank."
          RenderBR {BR} at (428,89) size 0x0
      RenderBlock {DIV} at (0,125) size 784x318 [border: (2px solid #FF0000)]
        RenderBlock (anonymous) at (14,14) size 756x31
          RenderText {#text} at (0,0) size 127x32
            text run at (0,0) width 127: "My citation:"
        RenderBlock {DIV} at (14,69) size 756x211
          RenderBlock {BLOCKQUOTE} at (40,0) size 676x66 [border: (2px solid #0000FF)]
            RenderBlock {DIV} at (2,2) size 672x31
              RenderText {#text} at (0,0) size 36x32
                text run at (0,0) width 36: "one"
            RenderBlock {DIV} at (2,33) size 672x31
              RenderBlock {DIV} at (0,0) size 672x31
                RenderBlock {DIV} at (0,0) size 672x31
                  RenderBR {BR} at (0,0) size 0x32
            RenderBlock (anonymous) at (2,64) size 672x0
          RenderBlock (anonymous) at (0,90) size 756x31
            RenderBR {BR} at (0,0) size 0x32
          RenderBlock {BLOCKQUOTE} at (40,145) size 676x66 [border: (2px solid #0000FF)]
            RenderBlock (anonymous) at (2,2) size 672x31
              RenderBR {BR} at (0,0) size 0x32
            RenderBlock {DIV} at (2,33) size 672x31
              RenderText {#text} at (0,0) size 37x32
                text run at (0,0) width 37: "two"
caret: position 0 of child 2 {BR} of child 1 {DIV} of child 3 {DIV} of body
