EDITING DELEGATE: shouldBeginEditingInDOMRange:range from 0 of BODY > HTML > #document to 8 of BODY > HTML > #document
EDITING DELEGATE: webViewDidBeginEditing:WebViewDidBeginEditingNotification
EDITING DELEGATE: webViewDidChangeSelection:WebViewDidChangeSelectionNotification
EDITING DELEGATE: webViewDidChangeSelection:WebViewDidChangeSelectionNotification
EDITING DELEGATE: webViewDidChangeSelection:WebViewDidChangeSelectionNotification
EDITING DELEGATE: webViewDidChangeSelection:WebViewDidChangeSelectionNotification
EDITING DELEGATE: shouldChangeSelectedDOMRange:range from 3 of #text > B > P > BODY > HTML > #document to 3 of #text > B > P > BODY > HTML > #document toDOMRange:range from 0 of P > BODY > HTML > #document to 0 of P > BODY > HTML > #document affinity:NSSelectionAffinityDownstream stillSelecting:FALSE
EDITING DELEGATE: webViewDidChangeSelection:WebViewDidChangeSelectionNotification
EDITING DELEGATE: webViewDidChange:WebViewDidChangeNotification
EDITING DELEGATE: shouldChangeSelectedDOMRange:range from 1 of #text > B > P > BODY > HTML > #document to 1 of #text > B > P > BODY > HTML > #document toDOMRange:range from 1 of #text > B > P > BODY > HTML > #document to 1 of #text > B > P > BODY > HTML > #document affinity:NSSelectionAffinityDownstream stillSelecting:FALSE
EDITING DELEGATE: webViewDidChangeSelection:WebViewDidChangeSelectionNotification
EDITING DELEGATE: webViewDidChange:WebViewDidChangeNotification
layer at (0,0) size 800x600
  RenderView at (0,0) size 800x600
layer at (0,0) size 800x600
  RenderBlock {HTML} at (0,0) size 800x600
    RenderBody {BODY} at (8,8) size 784x568
      RenderBlock (anonymous) at (0,0) size 784x128
        RenderText {#text} at (0,0) size 779x95
          text run at (0,0) width 779: "Test inserting paragraphs: should see \"foo\" in a blue box, then a blue box "
          text run at (0,32) width 770: "with with two lines in it: First line a bold \"x\"; second line a non-bold \"bar\". "
          text run at (0,64) width 171: "Fix for this bug: "
        RenderInline {A} at (0,0) size 274x31 [color=#0000EE]
          RenderText {#text} at (171,64) size 274x31
            text run at (171,64) width 274: "<rdar://problem/3927554>"
        RenderText {#text} at (445,64) size 779x63
          text run at (445,64) width 334: " Style info applied to remainder "
          text run at (0,96) width 403: "of document after a newline is entered"
      RenderBlock {DIV} at (0,128) size 784x12
      RenderBlock {P} at (0,164) size 784x61 [border: (2px solid #0000FF)]
        RenderInline {B} at (0,0) size 38x33
          RenderText {#text} at (14,14) size 38x33
            text run at (14,14) width 38: "foo"
      RenderBlock {P} at (0,249) size 784x93 [border: (2px solid #0000FF)]
        RenderInline {B} at (0,0) size 13x33
          RenderText {#text} at (14,14) size 13x33
            text run at (14,14) width 13: "x"
          RenderBR {BR} at (27,38) size 0x0 [bgcolor=#008000]
        RenderText {#text} at (14,47) size 34x31
          text run at (14,47) width 34: "bar"
caret: position 1 of child 0 {#text} of child 0 {B} of child 6 {P} of child 1 {BODY} of child 0 {HTML} of document
