EDITING DELEGATE: shouldBeginEditingInDOMRange:range from 0 of DIV > BODY > HTML > #document to 3 of DIV > BODY > HTML > #document
EDITING DELEGATE: webViewDidBeginEditing:WebViewDidBeginEditingNotification
EDITING DELEGATE: webViewDidChangeSelection:WebViewDidChangeSelectionNotification
EDITING DELEGATE: webViewDidChangeSelection:WebViewDidChangeSelectionNotification
EDITING DELEGATE: shouldChangeSelectedDOMRange:range from 3 of #text > DIV > BODY > HTML > #document to 3 of #text > DIV > BODY > HTML > #document toDOMRange:range from 0 of DIV > DIV > BODY > HTML > #document to 0 of DIV > DIV > BODY > HTML > #document affinity:NSSelectionAffinityDownstream stillSelecting:FALSE
EDITING DELEGATE: webViewDidChangeSelection:WebViewDidChangeSelectionNotification
EDITING DELEGATE: webViewDidChange:WebViewDidChangeNotification
layer at (0,0) size 800x600
  RenderView at (0,0) size 800x600
layer at (0,0) size 800x600
  RenderBlock {HTML} at (0,0) size 800x600
    RenderBody {BODY} at (8,8) size 784x584
      RenderBlock {P} at (0,0) size 784x22
        RenderText {#text} at (0,0) size 631x22
          text run at (0,0) width 395: "Tests for a bug in the paragraph separator insertion code. "
          text run at (395,0) width 236: "Only one newline should be added."
      RenderBlock {DIV} at (0,38) size 784x66
        RenderBlock (anonymous) at (0,0) size 784x22
          RenderText {#text} at (0,0) size 21x22
            text run at (0,0) width 21: "foo"
        RenderBlock {DIV} at (0,22) size 784x44
          RenderBlock (anonymous) at (0,0) size 784x22
            RenderBR {BR} at (0,0) size 0x22
          RenderBlock {DIV} at (0,22) size 784x22
            RenderText {#text} at (0,0) size 24x22
              text run at (0,0) width 24: "bar"
caret: position 0 of child 0 {BR} of child 1 {DIV} of child 2 {DIV} of body
