EDITING DELEGATE: shouldBeginEditingInDOMRange:range from 0 of DIV > BODY > HTML > #document to 1 of DIV > BODY > HTML > #document
EDITING DELEGATE: webViewDidBeginEditing:WebViewDidBeginEditingNotification
EDITING DELEGATE: webViewDidChangeSelection:WebViewDidChangeSelectionNotification
EDITING DELEGATE: webViewDidChangeSelection:WebViewDidChangeSelectionNotification
EDITING DELEGATE: webViewDidChangeSelection:WebViewDidChangeSelectionNotification
EDITING DELEGATE: shouldChangeSelectedDOMRange:(null) toDOMRange:range from 0 of PRE > DIV > BODY > HTML > #document to 0 of PRE > DIV > BODY > HTML > #document affinity:NSSelectionAffinityDownstream stillSelecting:FALSE
EDITING DELEGATE: webViewDidChangeSelection:WebViewDidChangeSelectionNotification
EDITING DELEGATE: webViewDidChange:WebViewDidChangeNotification
layer at (0,0) size 800x600
  RenderView at (0,0) size 800x600
layer at (0,0) size 800x600
  RenderBlock {HTML} at (0,0) size 800x600
    RenderBody {BODY} at (8,8) size 784x578
      RenderBlock {P} at (0,0) size 784x57
        RenderText {#text} at (0,0) size 771x57
          text run at (0,0) width 746: "Tests for a bug in the paragraph separator insertion code that would add an extra newline when inserting a paragraph"
          text run at (0,19) width 431: "separator at the end of a paragraph in text that preserves newlines. "
          text run at (431,19) width 340: "Also, an extraneous space would be added after 'foo'."
          text run at (0,38) width 227: "Only one newline should be added. "
          text run at (227,38) width 276: "And there should be no extraneous spaces."
      RenderBlock {P} at (0,71) size 784x20
        RenderInline {B} at (0,0) size 155x20
          RenderText {#text} at (0,0) size 155x20
            text run at (0,0) width 155: "It demonstrates a bug:"
        RenderText {#text} at (155,0) size 586x19
          text run at (155,0) width 586: " too much padding is left between the new line and the end of the paragraph containing 'foo'."
      RenderBlock {DIV} at (0,105) size 784x71
        RenderBlock {PRE} at (0,0) size 784x19
          RenderText {#text} at (0,0) size 20x19
            text run at (0,0) width 20: "foo"
        RenderBlock {PRE} at (0,33) size 784x38
          RenderText {#text} at (0,0) size 21x38
            text run at (0,0) width 0: " "
            text run at (0,19) width 21: "bar"
caret: position 0 of child 0 {#text} of child 1 {PRE} of child 4 {DIV} of child 1 {BODY} of child 0 {HTML} of document
