EDITING DELEGATE: shouldBeginEditingInDOMRange:range from 0 of DIV > BODY > HTML > #document to 1 of DIV > BODY > HTML > #document
EDITING DELEGATE: webViewDidBeginEditing:WebViewDidBeginEditingNotification
EDITING DELEGATE: webViewDidChangeSelection:WebViewDidChangeSelectionNotification
EDITING DELEGATE: shouldChangeSelectedDOMRange:range from 5 of #text > TD > TR > TBODY > TABLE > DIV > BODY > HTML > #document to 5 of #text > TD > TR > TBODY > TABLE > DIV > BODY > HTML > #document toDOMRange:range from 2 of TD > TR > TBODY > TABLE > DIV > BODY > HTML > #document to 2 of TD > TR > TBODY > TABLE > DIV > BODY > HTML > #document affinity:NSSelectionAffinityDownstream stillSelecting:FALSE
EDITING DELEGATE: webViewDidChangeSelection:WebViewDidChangeSelectionNotification
EDITING DELEGATE: webViewDidChange:WebViewDidChangeNotification
layer at (0,0) size 800x600
  RenderView at (0,0) size 800x600
layer at (0,0) size 800x600
  RenderBlock {HTML} at (0,0) size 800x600
    RenderBody {BODY} at (8,8) size 784x584
      RenderBlock {P} at (0,0) size 784x19
        RenderText {#text} at (0,0) size 625x19
          text run at (0,0) width 347: "This tests InsertParagraphSeparator inside table cells. "
          text run at (347,0) width 278: "'Cell' and 'Two' should be on separate lines."
      RenderBlock {DIV} at (0,33) size 784x48
        RenderTable {TABLE} at (0,0) size 99x48 [border: (1px outset #808080)]
          RenderTableSection {TBODY} at (1,1) size 97x46
            RenderTableRow {TR} at (0,2) size 97x42
              RenderTableCell {TD} at (2,11) size 59x23 [border: (1px inset #808080)] [r=0 c=0 rs=1 cs=1]
                RenderText {#text} at (2,2) size 55x19
                  text run at (2,2) width 55: "Cell One"
              RenderTableCell {TD} at (63,2) size 32x42 [border: (1px inset #808080)] [r=0 c=1 rs=1 cs=1]
                RenderText {#text} at (2,2) size 28x19
                  text run at (2,2) width 28: "Cell "
                RenderBR {BR} at (30,16) size 0x0
                RenderInline {SPAN} at (0,0) size 27x19
                  RenderText {#text} at (2,21) size 27x19
                    text run at (2,21) width 27: "Two"
caret: position 0 of child 0 {#text} of child 2 {SPAN} of child 1 {TD} of child 0 {TR} of child 0 {TBODY} of child 0 {TABLE} of child 2 {DIV} of child 1 {BODY} of child 0 {HTML} of document
