EDITING DELEGATE: shouldBeginEditingInDOMRange:range from 0 of DIV > BODY > HTML > #document to 3 of DIV > BODY > HTML > #document
EDITING DELEGATE: webViewDidBeginEditing:WebViewDidBeginEditingNotification
EDITING DELEGATE: webViewDidChangeSelection:WebViewDidChangeSelectionNotification
EDITING DELEGATE: webViewDidChangeSelection:WebViewDidChangeSelectionNotification
EDITING DELEGATE: webViewDidChangeSelection:WebViewDidChangeSelectionNotification
EDITING DELEGATE: webViewDidChangeSelection:WebViewDidChangeSelectionNotification
EDITING DELEGATE: shouldChangeSelectedDOMRange:(null) toDOMRange:range from 0 of DIV > DIV > DIV > BODY > HTML > #document to 0 of DIV > DIV > DIV > BODY > HTML > #document affinity:NSSelectionAffinityDownstream stillSelecting:FALSE
EDITING DELEGATE: webViewDidChangeSelection:WebViewDidChangeSelectionNotification
EDITING DELEGATE: webViewDidChange:WebViewDidChangeNotification
layer at (0,0) size 800x600
  RenderView at (0,0) size 800x600
layer at (0,0) size 800x600
  RenderBlock {HTML} at (0,0) size 800x600
    RenderBody {BODY} at (8,8) size 784x584
      RenderBlock {DIV} at (0,0) size 784x366 [border: (2px solid #0000FF)]
        RenderBlock {DIV} at (14,14) size 756x97
          RenderText {#text} at (0,0) size 77x33
            text run at (0,0) width 77: "Tests: "
          RenderBR {BR} at (0,0) size 0x0
          RenderText {#text} at (0,33) size 171x31
            text run at (0,33) width 171: "Fix for this bug: "
          RenderInline {A} at (0,0) size 274x31 [color=#0000EE]
            RenderText {#text} at (171,33) size 274x31
              text run at (171,33) width 274: "<rdar://problem/4045521>"
          RenderText {#text} at (445,33) size 718x63
            text run at (445,33) width 273: " Hitting return key with full"
            text run at (0,65) width 508: "line selected does not add blank line as it should"
        RenderBlock {DIV} at (14,127) size 756x225
          RenderBlock (anonymous) at (0,0) size 756x129
            RenderText {#text} at (0,0) size 214x33
              text run at (0,0) width 214: "Expected Results: "
            RenderBR {BR} at (214,24) size 0x0
            RenderText {#text} at (0,33) size 710x95
              text run at (0,33) width 710: "Should see this content in the red box below (note that the insertion"
              text run at (0,65) width 694: "point should be at the start of the third line, immediately preceding"
              text run at (0,97) width 71: "\"baz\"):"
          RenderBlock {DIV} at (0,129) size 756x32
            RenderText {#text} at (0,0) size 33x31
              text run at (0,0) width 33: "foo"
          RenderBlock {DIV} at (0,161) size 756x32
            RenderBR {BR} at (0,0) size 0x31
          RenderBlock {DIV} at (0,193) size 756x32
            RenderText {#text} at (0,0) size 38x31
              text run at (0,0) width 38: "baz"
      RenderBlock {DIV} at (0,390) size 784x100
        RenderBlock {DIV} at (0,0) size 784x100 [border: (2px solid #FF0000)]
          RenderBlock {DIV} at (2,2) size 780x32
            RenderText {#text} at (0,0) size 33x31
              text run at (0,0) width 33: "foo"
          RenderBlock {DIV} at (2,34) size 780x32
            RenderBR {BR} at (0,0) size 0x31
          RenderBlock {DIV} at (2,66) size 780x32
            RenderText {#text} at (0,0) size 38x31
              text run at (0,0) width 38: "baz"
caret: position 0 of child 0 {#text} of child 3 {DIV} of child 1 {DIV} of child 3 {DIV} of child 1 {BODY} of child 0 {HTML} of document
