layer at (0,0) size 785x20080
  RenderView at (0,0) size 785x600
layer at (0,0) size 785x20080
  RenderBlock {html} at (0,0) size 785x20080
    RenderBody {body} at (8,16) size 769x20056
      RenderBlock {p} at (0,0) size 769x36
        RenderText {#text} at (0,0) size 764x36
          text run at (0,0) width 406: "The circle below is a link. When you activate the circle, nothing "
          text run at (406,0) width 358: "should happen. If the document scrolls or the image pans"
          text run at (0,18) width 67: "when you "
          text run at (67,18) width 219: "activate the link, the test has failed."
      RenderBlock (anonymous) at (0,52) size 769x20004
        RenderSVGRoot {svg} at (8,68) size 100x20000
          RenderSVGContainer {a} at (8,68) size 100x100
            RenderPath {circle} at (8,68) size 100x100 [fill={[type=SOLID] [color=#0000FF]}] [data="M100.00,50.00L99.90,53.14L99.61,56.27L99.11,59.37L98.43,62.43L97.55,65.45L96.49,68.41L95.24,71.29L93.82,74.09L92.22,76.79L90.45,79.39L88.53,81.87L86.45,84.23L84.23,86.45L81.87,88.53L79.39,90.45L76.79,92.22L74.09,93.82L71.29,95.24L68.41,96.49L65.45,97.55L62.43,98.43L59.37,99.11L56.27,99.61L53.14,99.90L50.00,100.00L46.86,99.90L43.73,99.61L40.63,99.11L37.57,98.43L34.55,97.55L31.59,96.49L28.71,95.24L25.91,93.82L23.21,92.22L20.61,90.45L18.13,88.53L15.77,86.45L13.55,84.23L11.47,81.87L9.55,79.39L7.78,76.79L6.18,74.09L4.76,71.29L3.51,68.41L2.45,65.45L1.57,62.43L0.89,59.37L0.39,56.27L0.10,53.14L0.00,50.00L0.10,46.86L0.39,43.73L0.89,40.63L1.57,37.57L2.45,34.55L3.51,31.59L4.76,28.71L6.18,25.91L7.78,23.21L9.55,20.61L11.47,18.13L13.55,15.77L15.77,13.55L18.13,11.47L20.61,9.55L23.21,7.78L25.91,6.18L28.71,4.76L31.59,3.51L34.55,2.45L37.57,1.57L40.63,0.89L43.73,0.39L46.86,0.10L50.00,0.00L53.14,0.10L56.27,0.39L59.37,0.89L62.43,1.57L65.45,2.45L68.41,3.51L71.29,4.76L74.09,6.18L76.79,7.78L79.39,9.55L81.87,11.47L84.23,13.55L86.45,15.77L88.53,18.13L90.45,20.61L92.22,23.21L93.82,25.91L95.24,28.71L96.49,31.59L97.55,34.55L98.43,37.57L99.11,40.63L99.61,43.73L99.90,46.86"]
          RenderPath {circle} at (8,19968) size 100x100 [fill={[type=SOLID] [color=#FF0000]}] [data="M100.00,19950.00L99.90,19953.14L99.61,19956.27L99.11,19959.37L98.43,19962.43L97.55,19965.45L96.49,19968.41L95.24,19971.29L93.82,19974.09L92.22,19976.79L90.45,19979.39L88.53,19981.87L86.45,19984.23L84.23,19986.45L81.87,19988.53L79.39,19990.45L76.79,19992.22L74.09,19993.81L71.29,19995.24L68.41,19996.49L65.45,19997.55L62.43,19998.43L59.37,19999.12L56.27,19999.61L53.14,19999.90L50.00,20000.00L46.86,19999.90L43.73,19999.61L40.63,19999.12L37.57,19998.43L34.55,19997.55L31.59,19996.49L28.71,19995.24L25.91,19993.81L23.21,19992.22L20.61,19990.45L18.13,19988.53L15.77,19986.45L13.55,19984.23L11.47,19981.87L9.55,19979.39L7.78,19976.79L6.18,19974.09L4.76,19971.29L3.51,19968.41L2.45,19965.45L1.57,19962.43L0.89,19959.37L0.39,19956.27L0.10,19953.14L0.00,19950.00L0.10,19946.86L0.39,19943.73L0.89,19940.63L1.57,19937.57L2.45,19934.55L3.51,19931.59L4.76,19928.71L6.18,19925.91L7.78,19923.21L9.55,19920.61L11.47,19918.13L13.55,19915.77L15.77,19913.55L18.13,19911.47L20.61,19909.55L23.21,19907.78L25.91,19906.19L28.71,19904.76L31.59,19903.51L34.55,19902.45L37.57,19901.57L40.63,19900.88L43.73,19900.39L46.86,19900.10L50.00,19900.00L53.14,19900.10L56.27,19900.39L59.37,19900.88L62.43,19901.57L65.45,19902.45L68.41,19903.51L71.29,19904.76L74.09,19906.19L76.79,19907.78L79.39,19909.55L81.87,19911.47L84.23,19913.55L86.45,19915.77L88.53,19918.13L90.45,19920.61L92.22,19923.21L93.82,19925.91L95.24,19928.71L96.49,19931.59L97.55,19934.55L98.43,19937.57L99.11,19940.63L99.61,19943.73L99.90,19946.86"]
        RenderText {#text} at (0,0) size 0x0
