layer at (0,0) size 800x816
  RenderCanvas at (0,0) size 800x600
layer at (0,0) size 800x816
  RenderBlock {HTML} at (0,0) size 800x816
    RenderBody {BODY} at (8,8) size 784x800 [bgcolor=#CCCCCC]
      RenderBlock {P} at (0,0) size 784x18
        RenderText {TEXT} at (0,0) size 355x18
          text run at (0,0) width 355: "The style declarations which apply to the text below are:"
      RenderBlock {PRE} at (0,34) size 784x75
        RenderText {TEXT} at (0,0) size 568x75
          text run at (0,0) width 176: ".one {display: block;}"
          text run at (0,15) width 184: ".two {display: inline;}"
          text run at (0,30) width 536: ".three {display: list-item; list-style-type: square; margin-left: 3"
          text run at (536,30) width 32: "em;}"
          text run at (0,45) width 272: ".four {display: none; color: red;}"
          text run at (0,60) width 152: "I {display: block;}"
      RenderBlock {HR} at (0,122) size 784x2 [border: (1px inset #000000)]
      RenderBlock {P} at (0,140) size 784x18
        RenderText {TEXT} at (0,0) size 293x18
          text run at (0,0) width 293: "This sentence should be a block-level element."
      RenderBlock (anonymous) at (0,174) size 784x54
        RenderInline {P} at (0,0) size 448x18
          RenderText {TEXT} at (0,0) size 448x18
            text run at (0,0) width 448: "This sentence should be part of an inline element, as are the next three. "
        RenderInline {P} at (0,0) size 782x54
          RenderText {TEXT} at (448,0) size 782x54
            text run at (448,0) width 322: "This sentence and the next two are part of a second"
            text run at (0,18) width 96: "inline element. "
            text run at (96,18) width 686: "They should therefore appear, along with the sentence above, to be all one paragraph which is four sentences"
            text run at (0,36) width 36: "long. "
            text run at (36,36) width 250: "If this is not the case, then the keyword "
          RenderInline {CODE} at (0,0) size 48x15
            RenderText {TEXT} at (286,38) size 48x15
              text run at (286,38) width 48: "inline"
          RenderText {TEXT} at (334,36) size 109x18
            text run at (334,36) width 109: " is being ignored."
        RenderText {TEXT} at (0,0) size 0x0
      RenderListItem {P} at (48,244) size 736x54
        RenderListMarker at (0,0) size 0x14
        RenderText {TEXT} at (0,0) size 733x18
          text run at (0,0) width 733: "This sentence should be treated as a list-item, and therefore be rendered however this user agent displays list items (if"
        RenderInline {CODE} at (0,0) size 120x15
          RenderText {TEXT} at (0,20) size 120x15
            text run at (0,20) width 120: "list-style-type"
        RenderText {TEXT} at (120,18) size 719x36
          text run at (120,18) width 359: " is supported, there will be a square for the item marker). "
          text run at (479,18) width 24: "A 3"
          text run at (503,18) width 216: "em left margin has been applied in"
          text run at (0,36) width 360: "order to ensure that there is space for the list-item marker."
      RenderBlock {P} at (0,314) size 784x18
        RenderText {TEXT} at (0,0) size 456x18
          text run at (0,0) width 456: "The next paragraph should be invisible (if it's visible, you'll see red text)."
      RenderBlock {P} at (0,348) size 784x18
        RenderText {TEXT} at (0,0) size 247x18
          text run at (0,0) width 247: "There should be no text after the colon:"
        RenderText {TEXT} at (0,0) size 0x0
      RenderBlock {P} at (0,382) size 784x54
        RenderBlock (anonymous) at (0,0) size 784x18
          RenderText {TEXT} at (0,0) size 112x18
            text run at (0,0) width 112: "The italicized text"
        RenderBlock {I} at (0,18) size 784x18
          RenderText {TEXT} at (0,0) size 110x18
            text run at (0,0) width 110: "in this paragraph"
        RenderBlock (anonymous) at (0,36) size 784x18
          RenderText {TEXT} at (0,0) size 203x18
            text run at (0,0) width 203: "should be a block-level element."
      RenderTable {TABLE} at (0,452) size 784x348 [border: (1px outset #808080)]
        RenderTableSection {TBODY} at (1,1) size 0x346
          RenderTableRow {TR} at (0,0) size 0x0
            RenderTableCell {TD} at (0,0) size 782x26 [bgcolor=#C0C0C0] [border: (1px inset #808080)] [r=0 c=0 rs=1 cs=2]
              RenderInline {STRONG} at (0,0) size 163x18
                RenderText {TEXT} at (4,4) size 163x18
                  text run at (4,4) width 163: "TABLE Testing Section"
          RenderTableRow {TR} at (0,0) size 0x0
            RenderTableCell {TD} at (0,173) size 12x26 [bgcolor=#C0C0C0] [border: (1px inset #808080)] [r=1 c=0 rs=1 cs=1]
              RenderText {TEXT} at (4,4) size 4x18
                text run at (4,4) width 4: " "
            RenderTableCell {TD} at (12,26) size 770x320 [border: (1px inset #808080)] [r=1 c=1 rs=1 cs=1]
              RenderBlock {P} at (4,4) size 762x18
                RenderText {TEXT} at (0,0) size 293x18
                  text run at (0,0) width 293: "This sentence should be a block-level element."
              RenderBlock (anonymous) at (4,38) size 762x54
                RenderInline {P} at (0,0) size 448x18
                  RenderText {TEXT} at (0,0) size 448x18
                    text run at (0,0) width 448: "This sentence should be part of an inline element, as are the next three. "
                RenderInline {P} at (0,0) size 736x54
                  RenderText {TEXT} at (448,0) size 736x54
                    text run at (448,0) width 274: "This sentence and the next two are part of a"
                    text run at (0,18) width 144: "second inline element. "
                    text run at (144,18) width 592: "They should therefore appear, along with the sentence above, to be all one paragraph which is"
                    text run at (0,36) width 130: "four sentences long. "
                    text run at (130,36) width 250: "If this is not the case, then the keyword "
                  RenderInline {CODE} at (0,0) size 48x15
                    RenderText {TEXT} at (380,38) size 48x15
                      text run at (380,38) width 48: "inline"
                  RenderText {TEXT} at (428,36) size 109x18
                    text run at (428,36) width 109: " is being ignored."
                RenderText {TEXT} at (0,0) size 0x0
              RenderListItem {P} at (52,108) size 714x54
                RenderListMarker at (0,0) size 0x14
                RenderText {TEXT} at (0,0) size 678x36
                  text run at (0,0) width 678: "This sentence should be treated as a list-item, and therefore be rendered however this user agent displays list"
                  text run at (0,18) width 55: "items (if "
                RenderInline {CODE} at (0,0) size 120x15
                  RenderText {TEXT} at (55,20) size 120x15
                    text run at (55,20) width 120: "list-style-type"
                RenderText {TEXT} at (175,18) size 708x36
                  text run at (175,18) width 359: " is supported, there will be a square for the item marker). "
                  text run at (534,18) width 24: "A 3"
                  text run at (558,18) width 150: "em left margin has been"
                  text run at (0,36) width 426: "applied in order to ensure that there is space for the list-item marker."
              RenderBlock {P} at (4,178) size 762x18
                RenderText {TEXT} at (0,0) size 456x18
                  text run at (0,0) width 456: "The next paragraph should be invisible (if it's visible, you'll see red text)."
              RenderBlock {P} at (4,212) size 762x18
                RenderText {TEXT} at (0,0) size 247x18
                  text run at (0,0) width 247: "There should be no text after the colon:"
                RenderText {TEXT} at (0,0) size 0x0
              RenderBlock {P} at (4,246) size 762x54
                RenderBlock (anonymous) at (0,0) size 762x18
                  RenderText {TEXT} at (0,0) size 112x18
                    text run at (0,0) width 112: "The italicized text"
                RenderBlock {I} at (0,18) size 762x18
                  RenderText {TEXT} at (0,0) size 110x18
                    text run at (0,0) width 110: "in this paragraph"
                RenderBlock (anonymous) at (0,36) size 762x18
                  RenderText {TEXT} at (0,0) size 203x18
                    text run at (0,0) width 203: "should be a block-level element."
