layer at (0,0) size 800x600
  RenderCanvas at (0,0) size 800x600
layer at (0,0) size 800x338
  RenderBlock {HTML} at (0,0) size 800x338
    RenderBody {BODY} at (8,8) size 784x322 [bgcolor=#CCCCCC]
      RenderBlock {P} at (0,0) size 784x17 [bgcolor=#000000]
        RenderText {TEXT} at (0,0) size 385x17
          text run at (0,0) width 385: "The style declarations which apply to the text below are:"
      RenderBlock {PRE} at (0,31) size 784x32 [bgcolor=#000000]
        RenderText {TEXT} at (0,0) size 496x32
          text run at (0,0) width 304: ".one {list-style: upper-alpha inside;}"
          text run at (0,16) width 496: ".two {list-style: url(../resources/oransqr.gif) disc outside;}"
      RenderBlock {HR} at (1,77) size 782x2 [bgcolor=#000000]
      RenderBlock {UL} at (0,93) size 784x34 [bgcolor=#000000]
        RenderListItem {LI} at (40,0) size 744x34
          RenderListMarker at (0,0) size 19x14
          RenderText {TEXT} at (19,0) size 720x34
            text run at (19,0) width 701: "The text in this item should not behave as expected; that is, it should line up with the capital-A on the"
            text run at (0,17) width 397: "left margin, leaving no blank space beneath the capital-A."
      RenderBlock {UL} at (0,141) size 784x35 [bgcolor=#000000]
        RenderListItem {LI} at (40,0) size 744x35
          RenderListMarker at (0,0) size 0x15
          RenderText {TEXT} at (0,1) size 702x34
            text run at (0,1) width 527: "The text in this item have an orange square for its bullet; failing that, a disc. "
            text run at (527,1) width 175: "Also, the bullet should be"
            text run at (0,18) width 399: "outside the text block, as the list has been set to 'outside'."
      RenderTable {TABLE} at (0,190) size 784x132 [bgcolor=#000000]
        RenderTableSection {TBODY} at (1,1) size 0x130
          RenderTableRow {TR} at (0,0) size 0x0
            RenderTableCell {TD} at (0,0) size 782x25 [bgcolor=#C0C0C0] [r=0 c=0 rs=1 cs=2]
              RenderInline {STRONG} at (0,0) size 164x17 [bgcolor=#000000]
                RenderText {TEXT} at (4,4) size 164x17
                  text run at (4,4) width 164: "TABLE Testing Section"
          RenderTableRow {TR} at (0,0) size 0x0
            RenderTableCell {TD} at (0,65) size 12x25 [bgcolor=#C0C0C0] [r=1 c=0 rs=1 cs=1]
              RenderText {TEXT} at (4,4) size 4x17
                text run at (4,4) width 4: "\x{A0}"
            RenderTableCell {TD} at (12,25) size 770x105 [r=1 c=1 rs=1 cs=1]
              RenderBlock {UL} at (4,4) size 762x34
                RenderListItem {LI} at (40,0) size 722x34
                  RenderListMarker at (0,0) size 19x14
                  RenderText {TEXT} at (19,0) size 720x34
                    text run at (19,0) width 701: "The text in this item should not behave as expected; that is, it should line up with the capital-A on the"
                    text run at (0,17) width 397: "left margin, leaving no blank space beneath the capital-A."
              RenderBlock {UL} at (4,52) size 762x35
                RenderListItem {LI} at (40,0) size 722x35
                  RenderListMarker at (0,0) size 0x15
                  RenderText {TEXT} at (0,1) size 702x34
                    text run at (0,1) width 527: "The text in this item have an orange square for its bullet; failing that, a disc. "
                    text run at (527,1) width 175: "Also, the bullet should be"
                    text run at (0,18) width 399: "outside the text block, as the list has been set to 'outside'."
