layer at (0,0) size 800x600
  RenderCanvas at (0,0) size 800x600
layer at (0,0) size 800x426
  RenderBlock {HTML} at (0,0) size 800x426
    RenderBody {BODY} at (8,8) size 784x410 [bgcolor=#CCCCCC]
      RenderBlock {P} at (0,0) size 784x17 [bgcolor=#000000]
        RenderText {TEXT} at (0,0) size 385x17
          text run at (0,0) width 385: "The style declarations which apply to the text below are:"
      RenderBlock {PRE} at (0,31) size 784x48 [bgcolor=#000000]
        RenderText {TEXT} at (0,0) size 440x32
          text run at (0,0) width 440: ".one {list-style-image: url(../resources/oransqr.gif);}"
          text run at (0,16) width 240: ".two {list-style-image: none;}"
      RenderBlock {HR} at (1,93) size 782x2 [bgcolor=#000000]
      RenderBlock {UL} at (0,109) size 784x54 [bgcolor=#000000]
        RenderListItem {LI} at (40,0) size 744x18
          RenderListMarker at (0,0) size 0x15
          RenderText {TEXT} at (0,1) size 69x17
            text run at (0,1) width 69: "This list..."
        RenderListItem {LI} at (40,18) size 744x18
          RenderListMarker at (0,0) size 0x15
          RenderText {TEXT} at (0,1) size 129x17
            text run at (0,1) width 129: "...should feature..."
        RenderListItem {LI} at (40,36) size 744x18
          RenderListMarker at (0,0) size 0x15
          RenderText {TEXT} at (0,1) size 164x17
            text run at (0,1) width 164: "...images for each item."
      RenderBlock {UL} at (0,177) size 784x51 [bgcolor=#000000]
        RenderListItem {LI} at (40,0) size 744x17
          RenderListMarker at (0,0) size 0x14
          RenderText {TEXT} at (0,0) size 69x17
            text run at (0,0) width 69: "This list..."
        RenderListItem {LI} at (40,17) size 744x17
          RenderListMarker at (0,0) size 0x14
          RenderText {TEXT} at (0,0) size 129x17
            text run at (0,0) width 129: "...should feature..."
        RenderListItem {LI} at (40,34) size 744x17
          RenderListMarker at (0,0) size 0x14
          RenderText {TEXT} at (0,0) size 260x17
            text run at (0,0) width 260: "...standard list markers for each item."
      RenderTable {TABLE} at (0,242) size 322x168 [bgcolor=#000000]
        RenderTableSection {TBODY} at (1,1) size 0x166
          RenderTableRow {TR} at (0,0) size 0x0
            RenderTableCell {TD} at (0,0) size 320x25 [bgcolor=#C0C0C0] [r=0 c=0 rs=1 cs=2]
              RenderInline {STRONG} at (0,0) size 164x17 [bgcolor=#000000]
                RenderText {TEXT} at (4,4) size 164x17
                  text run at (4,4) width 164: "TABLE Testing Section"
          RenderTableRow {TR} at (0,0) size 0x0
            RenderTableCell {TD} at (0,83) size 12x25 [bgcolor=#C0C0C0] [r=1 c=0 rs=1 cs=1]
              RenderText {TEXT} at (4,4) size 4x17
                text run at (4,4) width 4: "\x{A0}"
            RenderTableCell {TD} at (12,25) size 308x141 [r=1 c=1 rs=1 cs=1]
              RenderBlock {UL} at (4,4) size 300x54
                RenderListItem {LI} at (40,0) size 260x18
                  RenderListMarker at (0,0) size 0x15
                  RenderText {TEXT} at (0,1) size 69x17
                    text run at (0,1) width 69: "This list..."
                RenderListItem {LI} at (40,18) size 260x18
                  RenderListMarker at (0,0) size 0x15
                  RenderText {TEXT} at (0,1) size 129x17
                    text run at (0,1) width 129: "...should feature..."
                RenderListItem {LI} at (40,36) size 260x18
                  RenderListMarker at (0,0) size 0x15
                  RenderText {TEXT} at (0,1) size 164x17
                    text run at (0,1) width 164: "...images for each item."
              RenderBlock {UL} at (4,72) size 300x51
                RenderListItem {LI} at (40,0) size 260x17
                  RenderListMarker at (0,0) size 0x14
                  RenderText {TEXT} at (0,0) size 69x17
                    text run at (0,0) width 69: "This list..."
                RenderListItem {LI} at (40,17) size 260x17
                  RenderListMarker at (0,0) size 0x14
                  RenderText {TEXT} at (0,0) size 129x17
                    text run at (0,0) width 129: "...should feature..."
                RenderListItem {LI} at (40,34) size 260x17
                  RenderListMarker at (0,0) size 0x14
                  RenderText {TEXT} at (0,0) size 260x17
                    text run at (0,0) width 260: "...standard list markers for each item."
