layer at (0,0) size 800x600
  RenderCanvas at (0,0) size 800x600
layer at (0,0) size 800x352
  RenderBlock {HTML} at (0,0) size 800x352
    RenderBody {BODY} at (8,8) size 784x336 [bgcolor=#CCCCCC]
      RenderBlock {P} at (0,0) size 784x17 [bgcolor=#000000]
        RenderText {TEXT} at (0,0) size 385x17
          text run at (0,0) width 385: "The style declarations which apply to the text below are:"
      RenderBlock {PRE} at (0,31) size 784x48 [bgcolor=#000000]
        RenderText {TEXT} at (0,0) size 288x32
          text run at (0,0) width 288: ".one {list-style-position: outside;}"
          text run at (0,16) width 280: ".two {list-style-position: inside;}"
      RenderBlock {HR} at (1,93) size 782x2 [bgcolor=#000000]
      RenderBlock {UL} at (0,109) size 784x34 [bgcolor=#000000]
        RenderListItem {LI} at (40,0) size 744x34
          RenderListMarker at (0,0) size 0x14
          RenderText {TEXT} at (0,0) size 703x34
            text run at (0,0) width 703: "The text in this item should behave as expected; that is, it should line up with itself on the left margin,"
            text run at (0,17) width 267: "leaving blank space beneath the bullet."
      RenderBlock {UL} at (0,157) size 784x34 [bgcolor=#000000]
        RenderListItem {LI} at (40,0) size 744x34
          RenderListMarker at (0,0) size 14x14
          RenderText {TEXT} at (14,0) size 718x34
            text run at (14,0) width 704: "The text in this item should not behave as expected; that is, it should line up with the bullet on the left"
            text run at (0,17) width 346: "margin, leaving no blank space beneath the bullet."
      RenderTable {TABLE} at (0,205) size 784x131 [bgcolor=#000000]
        RenderTableSection {TBODY} at (1,1) size 0x129
          RenderTableRow {TR} at (0,0) size 0x0
            RenderTableCell {TD} at (0,0) size 782x25 [bgcolor=#C0C0C0] [r=0 c=0 rs=1 cs=2]
              RenderInline {STRONG} at (0,0) size 164x17 [bgcolor=#000000]
                RenderText {TEXT} at (4,4) size 164x17
                  text run at (4,4) width 164: "TABLE Testing Section"
          RenderTableRow {TR} at (0,0) size 0x0
            RenderTableCell {TD} at (0,64) size 12x25 [bgcolor=#C0C0C0] [r=1 c=0 rs=1 cs=1]
              RenderText {TEXT} at (4,4) size 4x17
                text run at (4,4) width 4: "\x{A0}"
            RenderTableCell {TD} at (12,25) size 770x104 [r=1 c=1 rs=1 cs=1]
              RenderBlock {UL} at (4,4) size 762x34
                RenderListItem {LI} at (40,0) size 722x34
                  RenderListMarker at (0,0) size 0x14
                  RenderText {TEXT} at (0,0) size 703x34
                    text run at (0,0) width 703: "The text in this item should behave as expected; that is, it should line up with itself on the left margin,"
                    text run at (0,17) width 267: "leaving blank space beneath the bullet."
              RenderBlock {UL} at (4,52) size 762x34
                RenderListItem {LI} at (40,0) size 722x34
                  RenderListMarker at (0,0) size 14x14
                  RenderText {TEXT} at (14,0) size 718x34
                    text run at (14,0) width 704: "The text in this item should not behave as expected; that is, it should line up with the bullet on the left"
                    text run at (0,17) width 346: "margin, leaving no blank space beneath the bullet."
