layer at (0,0) size 1013x600
  RenderCanvas at (0,0) size 800x600
layer at (0,0) size 1013x450
  RenderBlock {HTML} at (0,0) size 800x450
    RenderBody {BODY} at (8,8) size 784x434 [bgcolor=#CCCCCC]
      RenderBlock {P} at (0,0) size 784x17 [bgcolor=#000000]
        RenderText {TEXT} at (0,0) size 385x17
          text run at (0,0) width 385: "The style declarations which apply to the text below are:"
      RenderBlock {PRE} at (0,31) size 784x64 [bgcolor=#000000]
        RenderText {TEXT} at (0,0) size 232x48
          text run at (0,0) width 192: ".one {white-space: pre;}"
          text run at (0,16) width 216: ".two {white-space: nowrap;}"
          text run at (0,32) width 232: ".three {white-space: normal;}"
      RenderBlock {HR} at (1,109) size 782x2 [bgcolor=#000000]
      RenderBlock {P} at (0,125) size 784x68 [bgcolor=#000000]
        RenderText {TEXT} at (0,0) size 611x68
          text run at (0,0) width 611: "This sentence should     show extra space  where there    would ordinarily         not be any."
          text run at (0,17) width 323: "     There should also be preservation of returns"
          text run at (0,34) width 110: "as this sentence"
          text run at (0,51) width 199: "     very clearly demonstrates."
      RenderBlock {P} at (0,207) size 784x17 [bgcolor=#000000]
        RenderText {TEXT} at (0,0) size 983x17
          text run at (0,0) width 983: "This sentence should not word-wrap, no matter how long the sentence is, as it has been set to nowrap and that should have the obvious effect."
      RenderBlock {P} at (0,238) size 784x17 [bgcolor=#000000]
        RenderText {TEXT} at (0,0) size 320x17
          text run at (0,0) width 320: "This sentence      should     show extra   space, "
        RenderInline {SPAN} at (0,0) size 172x17
          RenderText {TEXT} at (320,0) size 172x17
            text run at (320,0) width 93: "except in the "
            text run at (413,0) width 79: "second half"
        RenderText {TEXT} at (492,0) size 5x17
          text run at (492,0) width 5: "."
      RenderTable {TABLE} at (0,269) size 1005x165 [bgcolor=#000000]
        RenderTableSection {TBODY} at (1,1) size 0x163
          RenderTableRow {TR} at (0,0) size 0x0
            RenderTableCell {TD} at (0,0) size 1003x25 [bgcolor=#C0C0C0] [r=0 c=0 rs=1 cs=2]
              RenderInline {STRONG} at (0,0) size 164x17 [bgcolor=#000000]
                RenderText {TEXT} at (4,4) size 164x17
                  text run at (4,4) width 164: "TABLE Testing Section"
          RenderTableRow {TR} at (0,0) size 0x0
            RenderTableCell {TD} at (0,81) size 12x25 [bgcolor=#C0C0C0] [r=1 c=0 rs=1 cs=1]
              RenderText {TEXT} at (4,4) size 4x17
                text run at (4,4) width 4: "\x{A0}"
            RenderTableCell {TD} at (12,25) size 991x138 [r=1 c=1 rs=1 cs=1]
              RenderBlock {P} at (4,4) size 983x68
                RenderText {TEXT} at (0,0) size 611x68
                  text run at (0,0) width 611: "This sentence should     show extra space  where there    would ordinarily         not be any."
                  text run at (0,17) width 323: "     There should also be preservation of returns"
                  text run at (0,34) width 110: "as this sentence"
                  text run at (0,51) width 199: "     very clearly demonstrates."
              RenderBlock {P} at (4,86) size 983x17
                RenderText {TEXT} at (0,0) size 983x17
                  text run at (0,0) width 983: "This sentence should not word-wrap, no matter how long the sentence is, as it has been set to nowrap and that should have the obvious effect."
              RenderBlock {P} at (4,117) size 983x17
                RenderText {TEXT} at (0,0) size 320x17
                  text run at (0,0) width 320: "This sentence      should     show extra   space, "
                RenderInline {SPAN} at (0,0) size 172x17
                  RenderText {TEXT} at (320,0) size 172x17
                    text run at (320,0) width 93: "except in the "
                    text run at (413,0) width 79: "second half"
                RenderText {TEXT} at (492,0) size 5x17
                  text run at (492,0) width 5: "."
