layer at (0,0) size 785x2300
  RenderView at (0,0) size 785x600
layer at (0,0) size 785x2300
  RenderBlock {HTML} at (0,0) size 785x2300
    RenderBody {BODY} at (8,16) size 769x2268
layer at (8,16) size 760x330
  RenderBlock {DIV} at (0,0) size 760x330 [border: (5px solid #800000)]
    RenderText {#text} at (5,5) size 367x639
      text run at (5,5) width 337: "Lorem ipsum dolor sit amet, consectetuer adipiscing elit."
      text run at (5,25) width 367: "Nulla varius enim ac mi. Curabitur sollicitudin felis quis lectus."
      text run at (5,45) width 362: "Quisque adipiscing rhoncus sem. Proin nulla purus, vulputate"
      text run at (5,65) width 358: "vel, varius ut, euismod et, nisi. Sed vitae felis vel orci sagittis"
      text run at (5,85) width 365: "aliquam. Cras convallis adipiscing sem. Nam nonummy enim."
      text run at (5,105) width 329: "Nullam bibendum lobortis neque. Vestibulum velit orci,"
      text run at (5,125) width 309: "tempus euismod, pretium quis, interdum vitae, nulla."
      text run at (5,145) width 321: "Phasellus eget ante et tortor condimentum vestibulum."
      text run at (5,165) width 360: "Suspendisse hendrerit quam nec felis. Sed varius turpis vitae"
      text run at (5,185) width 350: "pede. Lorem ipsum dolor sit amet, consectetuer adipiscing"
      text run at (5,205) width 25: "elit. "
      text run at (30,205) width 337: "Lorem ipsum dolor sit amet, consectetuer adipiscing elit."
      text run at (5,225) width 367: "Nulla varius enim ac mi. Curabitur sollicitudin felis quis lectus."
      text run at (5,245) width 362: "Quisque adipiscing rhoncus sem. Proin nulla purus, vulputate"
      text run at (5,265) width 358: "vel, varius ut, euismod et, nisi. Sed vitae felis vel orci sagittis"
      text run at (5,285) width 365: "aliquam. Cras convallis adipiscing sem. Nam nonummy enim."
      text run at (5,305) width 329: "Nullam bibendum lobortis neque. Vestibulum velit orci,"
      text run at (5,325) width 309: "tempus euismod, pretium quis, interdum vitae, nulla."
      text run at (5,345) width 321: "Phasellus eget ante et tortor condimentum vestibulum."
      text run at (5,365) width 360: "Suspendisse hendrerit quam nec felis. Sed varius turpis vitae"
      text run at (5,385) width 350: "pede. Lorem ipsum dolor sit amet, consectetuer adipiscing"
      text run at (5,405) width 25: "elit. "
      text run at (30,405) width 337: "Lorem ipsum dolor sit amet, consectetuer adipiscing elit."
      text run at (5,425) width 367: "Nulla varius enim ac mi. Curabitur sollicitudin felis quis lectus."
      text run at (5,445) width 362: "Quisque adipiscing rhoncus sem. Proin nulla purus, vulputate"
      text run at (5,465) width 358: "vel, varius ut, euismod et, nisi. Sed vitae felis vel orci sagittis"
      text run at (5,485) width 365: "aliquam. Cras convallis adipiscing sem. Nam nonummy enim."
      text run at (5,505) width 329: "Nullam bibendum lobortis neque. Vestibulum velit orci,"
      text run at (5,525) width 309: "tempus euismod, pretium quis, interdum vitae, nulla."
      text run at (5,545) width 321: "Phasellus eget ante et tortor condimentum vestibulum."
      text run at (5,565) width 360: "Suspendisse hendrerit quam nec felis. Sed varius turpis vitae"
      text run at (5,585) width 350: "pede. Lorem ipsum dolor sit amet, consectetuer adipiscing"
      text run at (5,605) width 25: "elit. "
      text run at (30,605) width 337: "Lorem ipsum dolor sit amet, consectetuer adipiscing elit."
      text run at (5,625) width 143: "Nulla varius enim ac mi."
layer at (8,362) size 760x330
  RenderBlock {DIV} at (0,346) size 760x330 [border: (5px solid #800000)]
    RenderText {#text} at (5,5) size 367x639
      text run at (5,5) width 337: "Lorem ipsum dolor sit amet, consectetuer adipiscing elit."
      text run at (5,25) width 367: "Nulla varius enim ac mi. Curabitur sollicitudin felis quis lectus."
      text run at (5,45) width 362: "Quisque adipiscing rhoncus sem. Proin nulla purus, vulputate"
      text run at (5,65) width 358: "vel, varius ut, euismod et, nisi. Sed vitae felis vel orci sagittis"
      text run at (5,85) width 365: "aliquam. Cras convallis adipiscing sem. Nam nonummy enim."
      text run at (5,105) width 329: "Nullam bibendum lobortis neque. Vestibulum velit orci,"
      text run at (5,125) width 309: "tempus euismod, pretium quis, interdum vitae, nulla."
      text run at (5,145) width 321: "Phasellus eget ante et tortor condimentum vestibulum."
      text run at (5,165) width 360: "Suspendisse hendrerit quam nec felis. Sed varius turpis vitae"
      text run at (5,185) width 350: "pede. Lorem ipsum dolor sit amet, consectetuer adipiscing"
      text run at (5,205) width 25: "elit. "
      text run at (30,205) width 337: "Lorem ipsum dolor sit amet, consectetuer adipiscing elit."
      text run at (5,225) width 367: "Nulla varius enim ac mi. Curabitur sollicitudin felis quis lectus."
      text run at (5,245) width 362: "Quisque adipiscing rhoncus sem. Proin nulla purus, vulputate"
      text run at (5,265) width 358: "vel, varius ut, euismod et, nisi. Sed vitae felis vel orci sagittis"
      text run at (5,285) width 365: "aliquam. Cras convallis adipiscing sem. Nam nonummy enim."
      text run at (5,305) width 329: "Nullam bibendum lobortis neque. Vestibulum velit orci,"
      text run at (5,325) width 309: "tempus euismod, pretium quis, interdum vitae, nulla."
      text run at (5,345) width 321: "Phasellus eget ante et tortor condimentum vestibulum."
      text run at (5,365) width 360: "Suspendisse hendrerit quam nec felis. Sed varius turpis vitae"
      text run at (5,385) width 350: "pede. Lorem ipsum dolor sit amet, consectetuer adipiscing"
      text run at (5,405) width 25: "elit. "
      text run at (30,405) width 337: "Lorem ipsum dolor sit amet, consectetuer adipiscing elit."
      text run at (5,425) width 367: "Nulla varius enim ac mi. Curabitur sollicitudin felis quis lectus."
      text run at (5,445) width 362: "Quisque adipiscing rhoncus sem. Proin nulla purus, vulputate"
      text run at (5,465) width 358: "vel, varius ut, euismod et, nisi. Sed vitae felis vel orci sagittis"
      text run at (5,485) width 365: "aliquam. Cras convallis adipiscing sem. Nam nonummy enim."
      text run at (5,505) width 329: "Nullam bibendum lobortis neque. Vestibulum velit orci,"
      text run at (5,525) width 309: "tempus euismod, pretium quis, interdum vitae, nulla."
      text run at (5,545) width 321: "Phasellus eget ante et tortor condimentum vestibulum."
      text run at (5,565) width 360: "Suspendisse hendrerit quam nec felis. Sed varius turpis vitae"
      text run at (5,585) width 350: "pede. Lorem ipsum dolor sit amet, consectetuer adipiscing"
      text run at (5,605) width 25: "elit. "
      text run at (30,605) width 337: "Lorem ipsum dolor sit amet, consectetuer adipiscing elit."
      text run at (5,625) width 143: "Nulla varius enim ac mi."
layer at (8,708) size 760x366
  RenderBlock {DIV} at (0,692) size 760x366 [border: (5px solid #800000)]
    RenderBlock {P} at (5,5) size 367x240
      RenderText {#text} at (0,0) size 367x239
        text run at (0,0) width 337: "Lorem ipsum dolor sit amet, consectetuer adipiscing elit."
        text run at (0,20) width 367: "Nulla varius enim ac mi. Curabitur sollicitudin felis quis lectus."
        text run at (0,40) width 362: "Quisque adipiscing rhoncus sem. Proin nulla purus, vulputate"
        text run at (0,60) width 358: "vel, varius ut, euismod et, nisi. Sed vitae felis vel orci sagittis"
        text run at (0,80) width 365: "aliquam. Cras convallis adipiscing sem. Nam nonummy enim."
        text run at (0,100) width 329: "Nullam bibendum lobortis neque. Vestibulum velit orci,"
        text run at (0,120) width 309: "tempus euismod, pretium quis, interdum vitae, nulla."
        text run at (0,140) width 321: "Phasellus eget ante et tortor condimentum vestibulum."
        text run at (0,160) width 360: "Suspendisse hendrerit quam nec felis. Sed varius turpis vitae"
        text run at (0,180) width 350: "pede. Lorem ipsum dolor sit amet, consectetuer adipiscing"
        text run at (0,200) width 25: "elit. "
        text run at (25,200) width 337: "Lorem ipsum dolor sit amet, consectetuer adipiscing elit."
        text run at (0,220) width 143: "Nulla varius enim ac mi."
    RenderBlock {P} at (5,261) size 367x420
      RenderText {#text} at (0,0) size 367x419
        text run at (0,0) width 337: "Lorem ipsum dolor sit amet, consectetuer adipiscing elit."
        text run at (0,20) width 367: "Nulla varius enim ac mi. Curabitur sollicitudin felis quis lectus."
        text run at (0,40) width 362: "Quisque adipiscing rhoncus sem. Proin nulla purus, vulputate"
        text run at (0,60) width 358: "vel, varius ut, euismod et, nisi. Sed vitae felis vel orci sagittis"
        text run at (0,80) width 365: "aliquam. Cras convallis adipiscing sem. Nam nonummy enim."
        text run at (0,100) width 329: "Nullam bibendum lobortis neque. Vestibulum velit orci,"
        text run at (0,120) width 309: "tempus euismod, pretium quis, interdum vitae, nulla."
        text run at (0,140) width 321: "Phasellus eget ante et tortor condimentum vestibulum."
        text run at (0,160) width 360: "Suspendisse hendrerit quam nec felis. Sed varius turpis vitae"
        text run at (0,180) width 350: "pede. Lorem ipsum dolor sit amet, consectetuer adipiscing"
        text run at (0,200) width 25: "elit. "
        text run at (25,200) width 337: "Lorem ipsum dolor sit amet, consectetuer adipiscing elit."
        text run at (0,220) width 367: "Nulla varius enim ac mi. Curabitur sollicitudin felis quis lectus."
        text run at (0,240) width 362: "Quisque adipiscing rhoncus sem. Proin nulla purus, vulputate"
        text run at (0,260) width 358: "vel, varius ut, euismod et, nisi. Sed vitae felis vel orci sagittis"
        text run at (0,280) width 365: "aliquam. Cras convallis adipiscing sem. Nam nonummy enim."
        text run at (0,300) width 329: "Nullam bibendum lobortis neque. Vestibulum velit orci,"
        text run at (0,320) width 309: "tempus euismod, pretium quis, interdum vitae, nulla."
        text run at (0,340) width 321: "Phasellus eget ante et tortor condimentum vestibulum."
        text run at (0,360) width 360: "Suspendisse hendrerit quam nec felis. Sed varius turpis vitae"
        text run at (0,380) width 350: "pede. Lorem ipsum dolor sit amet, consectetuer adipiscing"
        text run at (0,400) width 21: "elit."
layer at (8,1090) size 760x376
  RenderBlock {DIV} at (0,1074) size 760x376 [border: (5px solid #800000)]
    RenderBlock (anonymous) at (5,5) size 367x240
      RenderText {#text} at (0,0) size 367x239
        text run at (0,0) width 337: "Lorem ipsum dolor sit amet, consectetuer adipiscing elit."
        text run at (0,20) width 367: "Nulla varius enim ac mi. Curabitur sollicitudin felis quis lectus."
        text run at (0,40) width 362: "Quisque adipiscing rhoncus sem. Proin nulla purus, vulputate"
        text run at (0,60) width 358: "vel, varius ut, euismod et, nisi. Sed vitae felis vel orci sagittis"
        text run at (0,80) width 365: "aliquam. Cras convallis adipiscing sem. Nam nonummy enim."
        text run at (0,100) width 329: "Nullam bibendum lobortis neque. Vestibulum velit orci,"
        text run at (0,120) width 309: "tempus euismod, pretium quis, interdum vitae, nulla."
        text run at (0,140) width 321: "Phasellus eget ante et tortor condimentum vestibulum."
        text run at (0,160) width 360: "Suspendisse hendrerit quam nec felis. Sed varius turpis vitae"
        text run at (0,180) width 350: "pede. Lorem ipsum dolor sit amet, consectetuer adipiscing"
        text run at (0,200) width 25: "elit. "
        text run at (25,200) width 337: "Lorem ipsum dolor sit amet, consectetuer adipiscing elit."
        text run at (0,220) width 143: "Nulla varius enim ac mi."
    RenderBlock (anonymous) at (5,245) size 367x226
      RenderInline {SPAN} at (0,0) size 40x19
        RenderText {#text} at (0,0) size 40x19
          text run at (0,0) width 40: "Lorem"
      RenderText {#text} at (40,0) size 367x225
        text run at (40,0) width 297: " ipsum dolor sit amet, consectetuer adipiscing elit."
        text run at (0,20) width 367: "Nulla varius enim ac mi. Curabitur sollicitudin felis quis lectus."
        text run at (0,40) width 362: "Quisque adipiscing rhoncus sem. Proin nulla purus, vulputate"
        text run at (0,60) width 358: "vel, varius ut, euismod et, nisi. Sed vitae felis vel orci sagittis"
        text run at (0,80) width 365: "aliquam. Cras convallis adipiscing sem. Nam nonummy enim."
        text run at (0,100) width 329: "Nullam bibendum lobortis neque. Vestibulum velit orci,"
        text run at (0,126) width 309: "tempus euismod, pretium quis, interdum vitae, nulla."
        text run at (0,146) width 321: "Phasellus eget ante et tortor condimentum vestibulum."
        text run at (0,166) width 360: "Suspendisse hendrerit quam nec felis. Sed varius turpis vitae"
        text run at (0,186) width 350: "pede. Lorem ipsum dolor sit amet, consectetuer adipiscing"
        text run at (0,206) width 21: "elit."
    RenderBlock {P} at (5,487) size 367x220
      RenderText {#text} at (0,0) size 367x219
        text run at (0,0) width 337: "Lorem ipsum dolor sit amet, consectetuer adipiscing elit."
        text run at (0,20) width 367: "Nulla varius enim ac mi. Curabitur sollicitudin felis quis lectus."
        text run at (0,40) width 362: "Quisque adipiscing rhoncus sem. Proin nulla purus, vulputate"
        text run at (0,60) width 358: "vel, varius ut, euismod et, nisi. Sed vitae felis vel orci sagittis"
        text run at (0,80) width 365: "aliquam. Cras convallis adipiscing sem. Nam nonummy enim."
        text run at (0,100) width 329: "Nullam bibendum lobortis neque. Vestibulum velit orci,"
        text run at (0,120) width 309: "tempus euismod, pretium quis, interdum vitae, nulla."
        text run at (0,140) width 321: "Phasellus eget ante et tortor condimentum vestibulum."
        text run at (0,160) width 360: "Suspendisse hendrerit quam nec felis. Sed varius turpis vitae"
        text run at (0,180) width 350: "pede. Lorem ipsum dolor sit amet, consectetuer adipiscing"
        text run at (0,200) width 21: "elit."
layer at (8,1482) size 760x386
  RenderBlock {DIV} at (0,1466) size 760x386 [border: (5px solid #800000)]
    RenderBlock (anonymous) at (5,5) size 367x220
      RenderInline {SPAN} at (0,0) size 367x219
        RenderText {#text} at (0,0) size 367x219
          text run at (0,0) width 337: "Lorem ipsum dolor sit amet, consectetuer adipiscing elit."
          text run at (0,20) width 367: "Nulla varius enim ac mi. Curabitur sollicitudin felis quis lectus."
          text run at (0,40) width 362: "Quisque adipiscing rhoncus sem. Proin nulla purus, vulputate"
          text run at (0,60) width 358: "vel, varius ut, euismod et, nisi. Sed vitae felis vel orci sagittis"
          text run at (0,80) width 365: "aliquam. Cras convallis adipiscing sem. Nam nonummy enim."
          text run at (0,100) width 329: "Nullam bibendum lobortis neque. Vestibulum velit orci,"
          text run at (0,120) width 309: "tempus euismod, pretium quis, interdum vitae, nulla."
          text run at (0,140) width 321: "Phasellus eget ante et tortor condimentum vestibulum."
          text run at (0,160) width 360: "Suspendisse hendrerit quam nec felis. Sed varius turpis vitae"
          text run at (0,180) width 350: "pede. Lorem ipsum dolor sit amet, consectetuer adipiscing"
          text run at (0,200) width 21: "elit."
    RenderBlock (anonymous) at (5,225) size 367x40
      RenderBlock {SPAN} at (0,0) size 367x40
        RenderText {#text} at (0,0) size 337x39
          text run at (0,0) width 337: "Lorem ipsum dolor sit amet, consectetuer adipiscing elit."
          text run at (0,20) width 143: "Nulla varius enim ac mi."
    RenderBlock (anonymous) at (5,265) size 367x236
      RenderInline {SPAN} at (0,0) size 40x19
        RenderText {#text} at (0,0) size 40x19
          text run at (0,0) width 40: "Lorem"
      RenderText {#text} at (40,0) size 367x235
        text run at (40,0) width 297: " ipsum dolor sit amet, consectetuer adipiscing elit."
        text run at (0,20) width 367: "Nulla varius enim ac mi. Curabitur sollicitudin felis quis lectus."
        text run at (0,40) width 362: "Quisque adipiscing rhoncus sem. Proin nulla purus, vulputate"
        text run at (0,60) width 358: "vel, varius ut, euismod et, nisi. Sed vitae felis vel orci sagittis"
        text run at (0,80) width 365: "aliquam. Cras convallis adipiscing sem. Nam nonummy enim."
        text run at (0,116) width 329: "Nullam bibendum lobortis neque. Vestibulum velit orci,"
        text run at (0,136) width 309: "tempus euismod, pretium quis, interdum vitae, nulla."
        text run at (0,156) width 321: "Phasellus eget ante et tortor condimentum vestibulum."
        text run at (0,176) width 360: "Suspendisse hendrerit quam nec felis. Sed varius turpis vitae"
        text run at (0,196) width 350: "pede. Lorem ipsum dolor sit amet, consectetuer adipiscing"
        text run at (0,216) width 21: "elit."
    RenderBlock {P} at (5,517) size 367x220
      RenderText {#text} at (0,0) size 367x219
        text run at (0,0) width 337: "Lorem ipsum dolor sit amet, consectetuer adipiscing elit."
        text run at (0,20) width 367: "Nulla varius enim ac mi. Curabitur sollicitudin felis quis lectus."
        text run at (0,40) width 362: "Quisque adipiscing rhoncus sem. Proin nulla purus, vulputate"
        text run at (0,60) width 358: "vel, varius ut, euismod et, nisi. Sed vitae felis vel orci sagittis"
        text run at (0,80) width 365: "aliquam. Cras convallis adipiscing sem. Nam nonummy enim."
        text run at (0,100) width 329: "Nullam bibendum lobortis neque. Vestibulum velit orci,"
        text run at (0,120) width 309: "tempus euismod, pretium quis, interdum vitae, nulla."
        text run at (0,140) width 321: "Phasellus eget ante et tortor condimentum vestibulum."
        text run at (0,160) width 360: "Suspendisse hendrerit quam nec felis. Sed varius turpis vitae"
        text run at (0,180) width 350: "pede. Lorem ipsum dolor sit amet, consectetuer adipiscing"
        text run at (0,200) width 21: "elit."
layer at (8,1884) size 760x400
  RenderBlock {DIV} at (0,1868) size 760x400 [border: (5px solid #800000)]
    RenderBlock {P} at (5,5) size 367x220
      RenderText {#text} at (0,0) size 367x219
        text run at (0,0) width 337: "Lorem ipsum dolor sit amet, consectetuer adipiscing elit."
        text run at (0,20) width 367: "Nulla varius enim ac mi. Curabitur sollicitudin felis quis lectus."
        text run at (0,40) width 362: "Quisque adipiscing rhoncus sem. Proin nulla purus, vulputate"
        text run at (0,60) width 358: "vel, varius ut, euismod et, nisi. Sed vitae felis vel orci sagittis"
        text run at (0,80) width 365: "aliquam. Cras convallis adipiscing sem. Nam nonummy enim."
        text run at (0,100) width 329: "Nullam bibendum lobortis neque. Vestibulum velit orci,"
        text run at (0,120) width 309: "tempus euismod, pretium quis, interdum vitae, nulla."
        text run at (0,140) width 321: "Phasellus eget ante et tortor condimentum vestibulum."
        text run at (0,160) width 360: "Suspendisse hendrerit quam nec felis. Sed varius turpis vitae"
        text run at (0,180) width 350: "pede. Lorem ipsum dolor sit amet, consectetuer adipiscing"
        text run at (0,200) width 21: "elit."
    RenderBlock {P} at (5,241) size 367x40
      RenderText {#text} at (0,0) size 337x39
        text run at (0,0) width 337: "Lorem ipsum dolor sit amet, consectetuer adipiscing elit."
        text run at (0,20) width 143: "Nulla varius enim ac mi."
    RenderBlock {P} at (5,297) size 367x238
      RenderText {#text} at (0,0) size 367x237
        text run at (0,0) width 337: "Lorem ipsum dolor sit amet, consectetuer adipiscing elit."
        text run at (0,20) width 367: "Nulla varius enim ac mi. Curabitur sollicitudin felis quis lectus."
        text run at (0,40) width 362: "Quisque adipiscing rhoncus sem. Proin nulla purus, vulputate"
        text run at (0,60) width 358: "vel, varius ut, euismod et, nisi. Sed vitae felis vel orci sagittis"
        text run at (0,98) width 365: "aliquam. Cras convallis adipiscing sem. Nam nonummy enim."
        text run at (0,118) width 329: "Nullam bibendum lobortis neque. Vestibulum velit orci,"
        text run at (0,138) width 309: "tempus euismod, pretium quis, interdum vitae, nulla."
        text run at (0,158) width 321: "Phasellus eget ante et tortor condimentum vestibulum."
        text run at (0,178) width 360: "Suspendisse hendrerit quam nec felis. Sed varius turpis vitae"
        text run at (0,198) width 350: "pede. Lorem ipsum dolor sit amet, consectetuer adipiscing"
        text run at (0,218) width 21: "elit."
    RenderBlock (anonymous) at (5,551) size 367x20
      RenderInline {SPAN} at (0,0) size 337x19
        RenderText {#text} at (0,0) size 337x19
          text run at (0,0) width 337: "Lorem ipsum dolor sit amet, consectetuer adipiscing elit."
    RenderBlock (anonymous) at (5,571) size 367x20
      RenderBlock {SPAN} at (0,0) size 367x20
        RenderText {#text} at (0,0) size 143x19
          text run at (0,0) width 143: "Nulla varius enim ac mi."
    RenderBlock (anonymous) at (5,591) size 367x180
      RenderInline {SPAN} at (0,0) size 364x179
        RenderText {#text} at (0,0) size 364x179
          text run at (0,0) width 337: "Curabitur sollicitudin felis quis lectus. Quisque adipiscing"
          text run at (0,20) width 328: "rhoncus sem. Proin nulla purus, vulputate vel, varius ut,"
          text run at (0,40) width 362: "euismod et, nisi. Sed vitae felis vel orci sagittis aliquam. Cras"
          text run at (0,60) width 325: "convallis adipiscing sem. Nam nonummy enim. Nullam"
          text run at (0,80) width 329: "bibendum lobortis neque. Vestibulum velit orci, tempus"
          text run at (0,100) width 350: "euismod, pretium quis, interdum vitae, nulla. Phasellus eget"
          text run at (0,120) width 311: "ante et tortor condimentum vestibulum. Suspendisse"
          text run at (0,140) width 364: "hendrerit quam nec felis. Sed varius turpis vitae pede. Lorem"
          text run at (0,160) width 293: "ipsum dolor sit amet, consectetuer adipiscing elit."
      RenderText {#text} at (0,0) size 0x0
