layer at (0,0) size 800x842
  RenderView at (0,0) size 800x600
layer at (0,0) size 800x842
  RenderBlock {HTML} at (0,0) size 800x842
    RenderBody {BODY} at (8,8) size 784x826 [bgcolor=#CCCCCC]
      RenderBlock {P} at (0,0) size 784x19
        RenderText {#text} at (0,0) size 354x19
          text run at (0,0) width 354: "The style declarations which apply to the text below are:"
      RenderBlock {PRE} at (0,33) size 784x209
        RenderText {#text} at (0,0) size 454x209
          text run at (0,0) width 454: "<LINK rel=\"stylesheet\" type=\"text/css\" HREF=\"../resources/linktest.css\">"
          text run at (454,0) width 0: " "
          text run at (0,19) width 109: "LI {color: purple;}"
          text run at (109,19) width 0: " "
          text run at (0,38) width 118: "UL LI {color: blue;}"
          text run at (118,38) width 0: " "
          text run at (0,57) width 135: "UL LI LI {color: gray;}"
          text run at (135,57) width 0: " "
          text run at (0,76) width 131: "LI.red {color: green;}"
          text run at (131,76) width 0: " "
          text run at (0,95) width 176: "UL LI.mar {color: #660000;}"
          text run at (176,95) width 0: " "
          text run at (0,114) width 157: "UL LI#gre {color: green;}"
          text run at (157,114) width 0: " "
          text run at (0,133) width 111: ".test {color: blue;}"
          text run at (111,133) width 0: " "
          text run at (0,152) width 124: ".test {color: purple;}"
          text run at (124,152) width 0: " "
          text run at (0,171) width 225: ".one {text-decoration: line-through;}"
          text run at (225,171) width 0: " "
          text run at (0,190) width 0: " "
      RenderBlock {HR} at (0,256) size 784x2 [border: (1px inset #000000)]
      RenderBlock {UL} at (0,272) size 784x152
        RenderListItem {LI} at (40,0) size 744x19 [color=#0000FF]
          RenderListMarker at (-17,0) size 7x19: bullet
          RenderText {#text} at (0,0) size 188x19
            text run at (0,0) width 188: "This list item should be blue..."
        RenderListItem {LI} at (40,19) size 744x76 [color=#0000FF]
          RenderBlock (anonymous) at (0,0) size 744x19
            RenderListMarker at (-17,0) size 7x19: bullet
            RenderText {#text} at (0,0) size 293x19
              text run at (0,0) width 293: "...and so should this; neither should be purple."
          RenderBlock {UL} at (0,19) size 744x57
            RenderListItem {LI} at (40,0) size 704x19 [color=#808080]
              RenderListMarker at (-17,0) size 7x19: white bullet
              RenderText {#text} at (0,0) size 189x19
                text run at (0,0) width 189: "This list item should be gray..."
            RenderListItem {LI} at (40,19) size 704x19 [color=#808080]
              RenderListMarker at (-17,0) size 7x19: white bullet
              RenderText {#text} at (0,0) size 115x19
                text run at (0,0) width 115: "...as should this...."
            RenderListItem {LI} at (40,38) size 704x19 [color=#008000]
              RenderListMarker at (-17,0) size 7x19: white bullet
              RenderText {#text} at (0,0) size 197x19
                text run at (0,0) width 197: "...but this one should be green."
        RenderListItem {LI} at (40,95) size 744x19 [color=#660000]
          RenderListMarker at (-17,0) size 7x19: bullet
          RenderText {#text} at (0,0) size 172x19
            text run at (0,0) width 172: "This ought to be dark red..."
        RenderListItem {LI} at (40,114) size 744x19 [color=#008000]
          RenderListMarker at (-17,0) size 7x19: bullet
          RenderText {#text} at (0,0) size 87x19
            text run at (0,0) width 87: "...this green..."
        RenderListItem {LI} at (40,133) size 744x19 [color=#0000FF]
          RenderListMarker at (-17,0) size 7x19: bullet
          RenderText {#text} at (0,0) size 97x19
            text run at (0,0) width 97: "...and this blue."
      RenderBlock {P} at (0,438) size 784x19 [color=#0000FF]
        RenderText {#text} at (0,0) size 277x19
          text run at (0,0) width 277: "This sentence should be blue (STYLE attr.)."
      RenderBlock {P} at (0,471) size 784x19 [color=#800080]
        RenderText {#text} at (0,0) size 207x19
          text run at (0,0) width 207: "This sentence should be purple ["
        RenderInline {CODE} at (0,0) size 73x19
          RenderText {#text} at (207,0) size 73x19
            text run at (207,0) width 73: "class=\"test\""
        RenderText {#text} at (280,0) size 8x19
          text run at (280,0) width 8: "]."
      RenderBlock {P} at (0,504) size 784x19
        RenderText {#text} at (0,0) size 677x19
          text run at (0,0) width 677: "This text should be stricken (overriding the imported underline; only works if LINKed sheets are supported)."
      RenderTable {TABLE} at (0,537) size 699x289 [border: (1px outset #808080)]
        RenderTableSection {TBODY} at (1,1) size 697x287
          RenderTableRow {TR} at (0,0) size 697x28
            RenderTableCell {TD} at (0,0) size 697x28 [bgcolor=#C0C0C0] [border: (1px inset #808080)] [r=0 c=0 rs=1 cs=2]
              RenderInline {STRONG} at (0,0) size 159x20
                RenderText {#text} at (4,4) size 159x20
                  text run at (4,4) width 159: "TABLE Testing Section"
          RenderTableRow {TR} at (0,28) size 697x259
            RenderTableCell {TD} at (0,144) size 12x27 [bgcolor=#C0C0C0] [border: (1px inset #808080)] [r=1 c=0 rs=1 cs=1]
              RenderText {#text} at (4,4) size 4x19
                text run at (4,4) width 4: " "
            RenderTableCell {TD} at (12,28) size 685x259 [border: (1px inset #808080)] [r=1 c=1 rs=1 cs=1]
              RenderBlock {UL} at (4,4) size 677x152
                RenderListItem {LI} at (40,0) size 637x19 [color=#0000FF]
                  RenderListMarker at (-17,0) size 7x19: bullet
                  RenderText {#text} at (0,0) size 188x19
                    text run at (0,0) width 188: "This list item should be blue..."
                RenderListItem {LI} at (40,19) size 637x76 [color=#0000FF]
                  RenderBlock (anonymous) at (0,0) size 637x19
                    RenderListMarker at (-17,0) size 7x19: bullet
                    RenderText {#text} at (0,0) size 293x19
                      text run at (0,0) width 293: "...and so should this; neither should be purple."
                  RenderBlock {UL} at (0,19) size 637x57
                    RenderListItem {LI} at (40,0) size 597x19 [color=#808080]
                      RenderListMarker at (-17,0) size 7x19: white bullet
                      RenderText {#text} at (0,0) size 189x19
                        text run at (0,0) width 189: "This list item should be gray..."
                    RenderListItem {LI} at (40,19) size 597x19 [color=#808080]
                      RenderListMarker at (-17,0) size 7x19: white bullet
                      RenderText {#text} at (0,0) size 115x19
                        text run at (0,0) width 115: "...as should this...."
                    RenderListItem {LI} at (40,38) size 597x19 [color=#008000]
                      RenderListMarker at (-17,0) size 7x19: white bullet
                      RenderText {#text} at (0,0) size 197x19
                        text run at (0,0) width 197: "...but this one should be green."
                RenderListItem {LI} at (40,95) size 637x19 [color=#660000]
                  RenderListMarker at (-17,0) size 7x19: bullet
                  RenderText {#text} at (0,0) size 172x19
                    text run at (0,0) width 172: "This ought to be dark red..."
                RenderListItem {LI} at (40,114) size 637x19 [color=#008000]
                  RenderListMarker at (-17,0) size 7x19: bullet
                  RenderText {#text} at (0,0) size 87x19
                    text run at (0,0) width 87: "...this green..."
                RenderListItem {LI} at (40,133) size 637x19 [color=#0000FF]
                  RenderListMarker at (-17,0) size 7x19: bullet
                  RenderText {#text} at (0,0) size 97x19
                    text run at (0,0) width 97: "...and this blue."
              RenderBlock {P} at (4,170) size 677x19 [color=#0000FF]
                RenderText {#text} at (0,0) size 277x19
                  text run at (0,0) width 277: "This sentence should be blue (STYLE attr.)."
              RenderBlock {P} at (4,203) size 677x19 [color=#800080]
                RenderText {#text} at (0,0) size 207x19
                  text run at (0,0) width 207: "This sentence should be purple ["
                RenderInline {CODE} at (0,0) size 73x19
                  RenderText {#text} at (207,0) size 73x19
                    text run at (207,0) width 73: "class=\"test\""
                RenderText {#text} at (280,0) size 8x19
                  text run at (280,0) width 8: "]."
              RenderBlock {P} at (4,236) size 677x19
                RenderText {#text} at (0,0) size 677x19
                  text run at (0,0) width 677: "This text should be stricken (overriding the imported underline; only works if LINKed sheets are supported)."
