layer at (0,0) size 800x600
  RenderView at (0,0) size 800x600
layer at (0,0) size 800x600
  RenderBlock {HTML} at (0,0) size 800x600
    RenderBody {BODY} at (8,8) size 784x584 [bgcolor=#CCCCCC]
      RenderBlock {P} at (0,0) size 784x19 [color=#008000]
        RenderText {#text} at (0,0) size 354x19
          text run at (0,0) width 354: "The style declarations which apply to the text below are:"
      RenderBlock {PRE} at (0,33) size 784x76
        RenderText {#text} at (0,1) size 232x74
          text run at (0,1) width 232: "P {color: green ! important;}"
          text run at (232,1) width 0: " "
          text run at (0,20) width 120: "P {color: red;}"
          text run at (120,20) width 0: " "
          text run at (0,39) width 176: "P#id1 {color: purple;}"
          text run at (176,39) width 0: " "
          text run at (0,58) width 0: " "
      RenderBlock {HR} at (0,123) size 784x2 [border: (1px inset #000000)]
      RenderBlock {P} at (0,139) size 784x38 [color=#008000]
        RenderText {#text} at (0,0) size 781x38
          text run at (0,0) width 781: "This sentence should be green, because the declaration marked important should override any other normal declaration for"
          text run at (0,19) width 364: "the same element, even if it occurs later in the stylesheet."
      RenderBlock {P} at (0,191) size 784x39 [color=#008000]
        RenderText {#text} at (0,0) size 409x19
          text run at (0,0) width 409: "This sentence should also be green, even though it has an ID of "
        RenderInline {TT} at (0,0) size 24x17
          RenderText {#text} at (409,2) size 24x17
            text run at (409,2) width 24: "id1"
        RenderText {#text} at (433,0) size 781x39
          text run at (433,0) width 249: ", which would ordinarily make it purple. "
          text run at (682,0) width 99: "This is because"
          text run at (0,20) width 644: "declarations marked important have more weight than normal declarations given in a STYLE attribute."
      RenderBlock {P} at (0,244) size 784x38 [color=#008000]
        RenderText {#text} at (0,0) size 708x38
          text run at (0,0) width 609: "This sentence should also be green, even though it has a STYLE attribute declaring it to be red. "
          text run at (609,0) width 99: "This is because"
          text run at (0,19) width 644: "declarations marked important have more weight than normal declarations given in a STYLE attribute."
      RenderTable {TABLE} at (0,296) size 784x181 [border: (1px outset #808080)]
        RenderTableSection {TBODY} at (1,1) size 782x179
          RenderTableRow {TR} at (0,0) size 782x28
            RenderTableCell {TD} at (0,0) size 782x28 [bgcolor=#C0C0C0] [border: (1px inset #808080)] [r=0 c=0 rs=1 cs=2]
              RenderInline {STRONG} at (0,0) size 159x20
                RenderText {#text} at (4,4) size 159x20
                  text run at (4,4) width 159: "TABLE Testing Section"
          RenderTableRow {TR} at (0,28) size 782x151
            RenderTableCell {TD} at (0,90) size 12x27 [bgcolor=#C0C0C0] [border: (1px inset #808080)] [r=1 c=0 rs=1 cs=1]
              RenderText {#text} at (4,4) size 4x19
                text run at (4,4) width 4: " "
            RenderTableCell {TD} at (12,28) size 770x151 [border: (1px inset #808080)] [r=1 c=1 rs=1 cs=1]
              RenderBlock {P} at (4,4) size 762x38 [color=#008000]
                RenderText {#text} at (0,0) size 760x38
                  text run at (0,0) width 760: "This sentence should be green, because the declaration marked important should override any other normal declaration"
                  text run at (0,19) width 385: "for the same element, even if it occurs later in the stylesheet."
              RenderBlock {P} at (4,56) size 762x39 [color=#008000]
                RenderText {#text} at (0,0) size 409x19
                  text run at (0,0) width 409: "This sentence should also be green, even though it has an ID of "
                RenderInline {TT} at (0,0) size 24x17
                  RenderText {#text} at (409,2) size 24x17
                    text run at (409,2) width 24: "id1"
                RenderText {#text} at (433,0) size 723x39
                  text run at (433,0) width 249: ", which would ordinarily make it purple. "
                  text run at (682,0) width 41: "This is"
                  text run at (0,20) width 702: "because declarations marked important have more weight than normal declarations given in a STYLE attribute."
              RenderBlock {P} at (4,109) size 762x38 [color=#008000]
                RenderText {#text} at (0,0) size 708x38
                  text run at (0,0) width 609: "This sentence should also be green, even though it has a STYLE attribute declaring it to be red. "
                  text run at (609,0) width 99: "This is because"
                  text run at (0,19) width 644: "declarations marked important have more weight than normal declarations given in a STYLE attribute."
