layer at (0,0) size 785x2380
  RenderView at (0,0) size 785x600
layer at (0,0) size 785x2380
  RenderBlock {HTML} at (0,0) size 785x2380
    RenderBody {BODY} at (8,8) size 769x2356
      RenderBlock (anonymous) at (0,0) size 769x36
        RenderText {#text} at (0,0) size 760x36
          text run at (0,0) width 760: "In this test, all of the spanning elements have their spans turned off dynamically, and so they should just be in the column"
          text run at (0,18) width 33: "flow."
        RenderText {#text} at (0,0) size 0x0
layer at (8,60) size 760x348
  RenderBlock {DIV} at (0,52) size 760x348 [border: (5px solid #800000)]
    RenderBlock {H2} at (5,5) size 367x28 [bgcolor=#EEEEEE]
      RenderText {#text} at (0,0) size 276x28
        text run at (0,0) width 276: "This is a spanning element."
    RenderBlock (anonymous) at (5,52) size 367x615
      RenderText {#text} at (0,0) size 363x615
        text run at (0,0) width 354: "Lorem ipsum dolor sit amet, consectetuer adipiscing elit."
        text run at (0,18) width 351: "Nulla varius enim ac mi. Curabitur sollicitudin felis quis"
        text run at (0,36) width 325: "lectus. Quisque adipiscing rhoncus sem. Proin nulla"
        text run at (0,54) width 358: "purus, vulputate vel, varius ut, euismod et, nisi. Sed vitae"
        text run at (0,72) width 343: "felis vel orci sagittis aliquam. Cras convallis adipiscing"
        text run at (0,90) width 340: "sem. Nam nonummy enim. Nullam bibendum lobortis"
        text run at (0,108) width 344: "neque. Vestibulum velit orci, tempus euismod, pretium"
        text run at (0,126) width 343: "quis, interdum vitae, nulla. Phasellus eget ante et tortor"
        text run at (0,144) width 343: "condimentum vestibulum. Suspendisse hendrerit quam"
        text run at (0,162) width 362: "nec felis. Sed varius turpis vitae pede. Lorem ipsum dolor"
        text run at (0,180) width 233: "sit amet, consectetuer adipiscing elit. "
        text run at (233,180) width 121: "Lorem ipsum dolor"
        text run at (0,198) width 363: "sit amet, consectetuer adipiscing elit. Nulla varius enim ac"
        text run at (0,216) width 318: "mi. Curabitur sollicitudin felis quis lectus. Quisque"
        text run at (0,234) width 356: "adipiscing rhoncus sem. Proin nulla purus, vulputate vel,"
        text run at (0,252) width 354: "varius ut, euismod et, nisi. Sed vitae felis vel orci sagittis"
        text run at (0,270) width 351: "aliquam. Cras convallis adipiscing sem. Nam nonummy"
        text run at (0,291) width 358: "enim. Nullam bibendum lobortis neque. Vestibulum velit"
        text run at (0,309) width 361: "orci, tempus euismod, pretium quis, interdum vitae, nulla."
        text run at (0,327) width 339: "Phasellus eget ante et tortor condimentum vestibulum."
        text run at (0,345) width 345: "Suspendisse hendrerit quam nec felis. Sed varius turpis"
        text run at (0,363) width 331: "vitae pede. Lorem ipsum dolor sit amet, consectetuer"
        text run at (0,381) width 95: "adipiscing elit. "
        text run at (95,381) width 259: "Lorem ipsum dolor sit amet, consectetuer"
        text run at (0,399) width 313: "adipiscing elit. Nulla varius enim ac mi. Curabitur"
        text run at (0,417) width 352: "sollicitudin felis quis lectus. Quisque adipiscing rhoncus"
        text run at (0,435) width 353: "sem. Proin nulla purus, vulputate vel, varius ut, euismod"
        text run at (0,453) width 326: "et, nisi. Sed vitae felis vel orci sagittis aliquam. Cras"
        text run at (0,471) width 350: "convallis adipiscing sem. Nam nonummy enim. Nullam"
        text run at (0,489) width 349: "bibendum lobortis neque. Vestibulum velit orci, tempus"
        text run at (0,507) width 343: "euismod, pretium quis, interdum vitae, nulla. Phasellus"
        text run at (0,525) width 357: "eget ante et tortor condimentum vestibulum. Suspendisse"
        text run at (0,543) width 336: "hendrerit quam nec felis. Sed varius turpis vitae pede."
        text run at (0,561) width 354: "Lorem ipsum dolor sit amet, consectetuer adipiscing elit."
        text run at (0,579) width 354: "Lorem ipsum dolor sit amet, consectetuer adipiscing elit."
        text run at (0,597) width 154: "Nulla varius enim ac mi."
layer at (8,424) size 760x364
  RenderBlock {DIV} at (0,416) size 760x364 [border: (5px solid #800000)]
    RenderBlock (anonymous) at (5,5) size 367x624
      RenderText {#text} at (0,0) size 363x624
        text run at (0,0) width 354: "Lorem ipsum dolor sit amet, consectetuer adipiscing elit."
        text run at (0,18) width 351: "Nulla varius enim ac mi. Curabitur sollicitudin felis quis"
        text run at (0,36) width 325: "lectus. Quisque adipiscing rhoncus sem. Proin nulla"
        text run at (0,54) width 358: "purus, vulputate vel, varius ut, euismod et, nisi. Sed vitae"
        text run at (0,72) width 343: "felis vel orci sagittis aliquam. Cras convallis adipiscing"
        text run at (0,90) width 340: "sem. Nam nonummy enim. Nullam bibendum lobortis"
        text run at (0,108) width 344: "neque. Vestibulum velit orci, tempus euismod, pretium"
        text run at (0,126) width 343: "quis, interdum vitae, nulla. Phasellus eget ante et tortor"
        text run at (0,144) width 343: "condimentum vestibulum. Suspendisse hendrerit quam"
        text run at (0,162) width 362: "nec felis. Sed varius turpis vitae pede. Lorem ipsum dolor"
        text run at (0,180) width 233: "sit amet, consectetuer adipiscing elit. "
        text run at (233,180) width 121: "Lorem ipsum dolor"
        text run at (0,198) width 363: "sit amet, consectetuer adipiscing elit. Nulla varius enim ac"
        text run at (0,216) width 318: "mi. Curabitur sollicitudin felis quis lectus. Quisque"
        text run at (0,234) width 356: "adipiscing rhoncus sem. Proin nulla purus, vulputate vel,"
        text run at (0,252) width 354: "varius ut, euismod et, nisi. Sed vitae felis vel orci sagittis"
        text run at (0,270) width 351: "aliquam. Cras convallis adipiscing sem. Nam nonummy"
        text run at (0,288) width 358: "enim. Nullam bibendum lobortis neque. Vestibulum velit"
        text run at (0,306) width 361: "orci, tempus euismod, pretium quis, interdum vitae, nulla."
        text run at (0,324) width 339: "Phasellus eget ante et tortor condimentum vestibulum."
        text run at (0,354) width 345: "Suspendisse hendrerit quam nec felis. Sed varius turpis"
        text run at (0,372) width 331: "vitae pede. Lorem ipsum dolor sit amet, consectetuer"
        text run at (0,390) width 95: "adipiscing elit. "
        text run at (95,390) width 259: "Lorem ipsum dolor sit amet, consectetuer"
        text run at (0,408) width 313: "adipiscing elit. Nulla varius enim ac mi. Curabitur"
        text run at (0,426) width 352: "sollicitudin felis quis lectus. Quisque adipiscing rhoncus"
        text run at (0,444) width 353: "sem. Proin nulla purus, vulputate vel, varius ut, euismod"
        text run at (0,462) width 326: "et, nisi. Sed vitae felis vel orci sagittis aliquam. Cras"
        text run at (0,480) width 350: "convallis adipiscing sem. Nam nonummy enim. Nullam"
        text run at (0,498) width 349: "bibendum lobortis neque. Vestibulum velit orci, tempus"
        text run at (0,516) width 343: "euismod, pretium quis, interdum vitae, nulla. Phasellus"
        text run at (0,534) width 357: "eget ante et tortor condimentum vestibulum. Suspendisse"
        text run at (0,552) width 336: "hendrerit quam nec felis. Sed varius turpis vitae pede."
        text run at (0,570) width 354: "Lorem ipsum dolor sit amet, consectetuer adipiscing elit."
        text run at (0,588) width 354: "Lorem ipsum dolor sit amet, consectetuer adipiscing elit."
        text run at (0,606) width 154: "Nulla varius enim ac mi."
    RenderBlock {H2} at (5,648) size 367x28 [bgcolor=#EEEEEE]
      RenderText {#text} at (0,0) size 276x28
        text run at (0,0) width 276: "This is a spanning element."
layer at (8,804) size 760x373
  RenderBlock {DIV} at (0,796) size 760x373 [border: (5px solid #800000)]
    RenderBlock {P} at (5,5) size 367x234
      RenderText {#text} at (0,0) size 363x234
        text run at (0,0) width 354: "Lorem ipsum dolor sit amet, consectetuer adipiscing elit."
        text run at (0,18) width 351: "Nulla varius enim ac mi. Curabitur sollicitudin felis quis"
        text run at (0,36) width 325: "lectus. Quisque adipiscing rhoncus sem. Proin nulla"
        text run at (0,54) width 358: "purus, vulputate vel, varius ut, euismod et, nisi. Sed vitae"
        text run at (0,72) width 343: "felis vel orci sagittis aliquam. Cras convallis adipiscing"
        text run at (0,90) width 340: "sem. Nam nonummy enim. Nullam bibendum lobortis"
        text run at (0,108) width 344: "neque. Vestibulum velit orci, tempus euismod, pretium"
        text run at (0,126) width 343: "quis, interdum vitae, nulla. Phasellus eget ante et tortor"
        text run at (0,144) width 343: "condimentum vestibulum. Suspendisse hendrerit quam"
        text run at (0,162) width 362: "nec felis. Sed varius turpis vitae pede. Lorem ipsum dolor"
        text run at (0,180) width 233: "sit amet, consectetuer adipiscing elit. "
        text run at (233,180) width 121: "Lorem ipsum dolor"
        text run at (0,198) width 363: "sit amet, consectetuer adipiscing elit. Nulla varius enim ac"
        text run at (0,216) width 20: "mi."
    RenderBlock {H2} at (5,258) size 367x28 [bgcolor=#EEEEEE]
      RenderText {#text} at (0,0) size 276x28
        text run at (0,0) width 276: "This is a spanning element."
    RenderBlock {P} at (5,305) size 367x405
      RenderText {#text} at (0,0) size 363x405
        text run at (0,0) width 354: "Lorem ipsum dolor sit amet, consectetuer adipiscing elit."
        text run at (0,18) width 351: "Nulla varius enim ac mi. Curabitur sollicitudin felis quis"
        text run at (0,36) width 325: "lectus. Quisque adipiscing rhoncus sem. Proin nulla"
        text run at (0,63) width 358: "purus, vulputate vel, varius ut, euismod et, nisi. Sed vitae"
        text run at (0,81) width 343: "felis vel orci sagittis aliquam. Cras convallis adipiscing"
        text run at (0,99) width 340: "sem. Nam nonummy enim. Nullam bibendum lobortis"
        text run at (0,117) width 344: "neque. Vestibulum velit orci, tempus euismod, pretium"
        text run at (0,135) width 343: "quis, interdum vitae, nulla. Phasellus eget ante et tortor"
        text run at (0,153) width 343: "condimentum vestibulum. Suspendisse hendrerit quam"
        text run at (0,171) width 362: "nec felis. Sed varius turpis vitae pede. Lorem ipsum dolor"
        text run at (0,189) width 233: "sit amet, consectetuer adipiscing elit. "
        text run at (233,189) width 121: "Lorem ipsum dolor"
        text run at (0,207) width 363: "sit amet, consectetuer adipiscing elit. Nulla varius enim ac"
        text run at (0,225) width 318: "mi. Curabitur sollicitudin felis quis lectus. Quisque"
        text run at (0,243) width 356: "adipiscing rhoncus sem. Proin nulla purus, vulputate vel,"
        text run at (0,261) width 354: "varius ut, euismod et, nisi. Sed vitae felis vel orci sagittis"
        text run at (0,279) width 351: "aliquam. Cras convallis adipiscing sem. Nam nonummy"
        text run at (0,297) width 358: "enim. Nullam bibendum lobortis neque. Vestibulum velit"
        text run at (0,315) width 361: "orci, tempus euismod, pretium quis, interdum vitae, nulla."
        text run at (0,333) width 339: "Phasellus eget ante et tortor condimentum vestibulum."
        text run at (0,351) width 345: "Suspendisse hendrerit quam nec felis. Sed varius turpis"
        text run at (0,369) width 331: "vitae pede. Lorem ipsum dolor sit amet, consectetuer"
        text run at (0,387) width 91: "adipiscing elit."
layer at (8,1193) size 760x382
  RenderBlock {DIV} at (0,1185) size 760x382 [border: (5px solid #800000)]
    RenderBlock (anonymous) at (5,5) size 367x234
      RenderText {#text} at (0,0) size 363x234
        text run at (0,0) width 354: "Lorem ipsum dolor sit amet, consectetuer adipiscing elit."
        text run at (0,18) width 351: "Nulla varius enim ac mi. Curabitur sollicitudin felis quis"
        text run at (0,36) width 325: "lectus. Quisque adipiscing rhoncus sem. Proin nulla"
        text run at (0,54) width 358: "purus, vulputate vel, varius ut, euismod et, nisi. Sed vitae"
        text run at (0,72) width 343: "felis vel orci sagittis aliquam. Cras convallis adipiscing"
        text run at (0,90) width 340: "sem. Nam nonummy enim. Nullam bibendum lobortis"
        text run at (0,108) width 344: "neque. Vestibulum velit orci, tempus euismod, pretium"
        text run at (0,126) width 343: "quis, interdum vitae, nulla. Phasellus eget ante et tortor"
        text run at (0,144) width 343: "condimentum vestibulum. Suspendisse hendrerit quam"
        text run at (0,162) width 362: "nec felis. Sed varius turpis vitae pede. Lorem ipsum dolor"
        text run at (0,180) width 233: "sit amet, consectetuer adipiscing elit. "
        text run at (233,180) width 121: "Lorem ipsum dolor"
        text run at (0,198) width 363: "sit amet, consectetuer adipiscing elit. Nulla varius enim ac"
        text run at (0,216) width 20: "mi."
    RenderBlock {H2} at (5,258) size 367x28 [bgcolor=#EEEEEE]
      RenderText {#text} at (0,0) size 276x28
        text run at (0,0) width 276: "This is a spanning element."
    RenderBlock (anonymous) at (5,305) size 367x198
      RenderInline {SPAN} at (0,0) size 42x18
        RenderText {#text} at (0,0) size 42x18
          text run at (0,0) width 42: "Lorem"
      RenderText {#text} at (42,0) size 362x198
        text run at (42,0) width 312: " ipsum dolor sit amet, consectetuer adipiscing elit."
        text run at (0,18) width 351: "Nulla varius enim ac mi. Curabitur sollicitudin felis quis"
        text run at (0,36) width 325: "lectus. Quisque adipiscing rhoncus sem. Proin nulla"
        text run at (0,54) width 358: "purus, vulputate vel, varius ut, euismod et, nisi. Sed vitae"
        text run at (0,72) width 343: "felis vel orci sagittis aliquam. Cras convallis adipiscing"
        text run at (0,90) width 340: "sem. Nam nonummy enim. Nullam bibendum lobortis"
        text run at (0,108) width 344: "neque. Vestibulum velit orci, tempus euismod, pretium"
        text run at (0,126) width 343: "quis, interdum vitae, nulla. Phasellus eget ante et tortor"
        text run at (0,144) width 343: "condimentum vestibulum. Suspendisse hendrerit quam"
        text run at (0,162) width 362: "nec felis. Sed varius turpis vitae pede. Lorem ipsum dolor"
        text run at (0,180) width 229: "sit amet, consectetuer adipiscing elit."
    RenderBlock {P} at (5,519) size 367x198
      RenderText {#text} at (0,0) size 362x198
        text run at (0,0) width 354: "Lorem ipsum dolor sit amet, consectetuer adipiscing elit."
        text run at (0,18) width 351: "Nulla varius enim ac mi. Curabitur sollicitudin felis quis"
        text run at (0,36) width 325: "lectus. Quisque adipiscing rhoncus sem. Proin nulla"
        text run at (0,54) width 358: "purus, vulputate vel, varius ut, euismod et, nisi. Sed vitae"
        text run at (0,72) width 343: "felis vel orci sagittis aliquam. Cras convallis adipiscing"
        text run at (0,90) width 340: "sem. Nam nonummy enim. Nullam bibendum lobortis"
        text run at (0,108) width 344: "neque. Vestibulum velit orci, tempus euismod, pretium"
        text run at (0,126) width 343: "quis, interdum vitae, nulla. Phasellus eget ante et tortor"
        text run at (0,144) width 343: "condimentum vestibulum. Suspendisse hendrerit quam"
        text run at (0,162) width 362: "nec felis. Sed varius turpis vitae pede. Lorem ipsum dolor"
        text run at (0,180) width 229: "sit amet, consectetuer adipiscing elit."
layer at (8,1591) size 760x373
  RenderBlock {DIV} at (0,1583) size 760x373 [border: (5px solid #800000)]
    RenderBlock (anonymous) at (5,5) size 367x198
      RenderInline {SPAN} at (0,0) size 362x198
        RenderText {#text} at (0,0) size 362x198
          text run at (0,0) width 354: "Lorem ipsum dolor sit amet, consectetuer adipiscing elit."
          text run at (0,18) width 351: "Nulla varius enim ac mi. Curabitur sollicitudin felis quis"
          text run at (0,36) width 325: "lectus. Quisque adipiscing rhoncus sem. Proin nulla"
          text run at (0,54) width 358: "purus, vulputate vel, varius ut, euismod et, nisi. Sed vitae"
          text run at (0,72) width 343: "felis vel orci sagittis aliquam. Cras convallis adipiscing"
          text run at (0,90) width 340: "sem. Nam nonummy enim. Nullam bibendum lobortis"
          text run at (0,108) width 344: "neque. Vestibulum velit orci, tempus euismod, pretium"
          text run at (0,126) width 343: "quis, interdum vitae, nulla. Phasellus eget ante et tortor"
          text run at (0,144) width 343: "condimentum vestibulum. Suspendisse hendrerit quam"
          text run at (0,162) width 362: "nec felis. Sed varius turpis vitae pede. Lorem ipsum dolor"
          text run at (0,180) width 229: "sit amet, consectetuer adipiscing elit."
    RenderBlock (anonymous) at (5,203) size 367x36
      RenderBlock {SPAN} at (0,0) size 367x36
        RenderText {#text} at (0,0) size 354x36
          text run at (0,0) width 354: "Lorem ipsum dolor sit amet, consectetuer adipiscing elit."
          text run at (0,18) width 154: "Nulla varius enim ac mi."
    RenderBlock (anonymous) at (5,239) size 367x201
      RenderInline {SPAN} at (0,0) size 42x18
        RenderText {#text} at (0,0) size 42x18
          text run at (0,0) width 42: "Lorem"
      RenderText {#text} at (42,0) size 362x201
        text run at (42,0) width 312: " ipsum dolor sit amet, consectetuer adipiscing elit."
        text run at (0,18) width 351: "Nulla varius enim ac mi. Curabitur sollicitudin felis quis"
        text run at (0,36) width 325: "lectus. Quisque adipiscing rhoncus sem. Proin nulla"
        text run at (0,54) width 358: "purus, vulputate vel, varius ut, euismod et, nisi. Sed vitae"
        text run at (0,72) width 343: "felis vel orci sagittis aliquam. Cras convallis adipiscing"
        text run at (0,90) width 340: "sem. Nam nonummy enim. Nullam bibendum lobortis"
        text run at (0,108) width 344: "neque. Vestibulum velit orci, tempus euismod, pretium"
        text run at (0,129) width 343: "quis, interdum vitae, nulla. Phasellus eget ante et tortor"
        text run at (0,147) width 343: "condimentum vestibulum. Suspendisse hendrerit quam"
        text run at (0,165) width 362: "nec felis. Sed varius turpis vitae pede. Lorem ipsum dolor"
        text run at (0,183) width 229: "sit amet, consectetuer adipiscing elit."
    RenderBlock {H2} at (5,459) size 367x28 [bgcolor=#EEEEEE]
      RenderText {#text} at (0,0) size 276x28
        text run at (0,0) width 276: "This is a spanning element."
    RenderBlock {P} at (5,506) size 367x198
      RenderText {#text} at (0,0) size 362x198
        text run at (0,0) width 354: "Lorem ipsum dolor sit amet, consectetuer adipiscing elit."
        text run at (0,18) width 351: "Nulla varius enim ac mi. Curabitur sollicitudin felis quis"
        text run at (0,36) width 325: "lectus. Quisque adipiscing rhoncus sem. Proin nulla"
        text run at (0,54) width 358: "purus, vulputate vel, varius ut, euismod et, nisi. Sed vitae"
        text run at (0,72) width 343: "felis vel orci sagittis aliquam. Cras convallis adipiscing"
        text run at (0,90) width 340: "sem. Nam nonummy enim. Nullam bibendum lobortis"
        text run at (0,108) width 344: "neque. Vestibulum velit orci, tempus euismod, pretium"
        text run at (0,126) width 343: "quis, interdum vitae, nulla. Phasellus eget ante et tortor"
        text run at (0,144) width 343: "condimentum vestibulum. Suspendisse hendrerit quam"
        text run at (0,162) width 362: "nec felis. Sed varius turpis vitae pede. Lorem ipsum dolor"
        text run at (0,180) width 229: "sit amet, consectetuer adipiscing elit."
layer at (8,1980) size 760x384
  RenderBlock {DIV} at (0,1972) size 760x384 [border: (5px solid #800000)]
    RenderBlock {P} at (5,5) size 367x198
      RenderText {#text} at (0,0) size 362x198
        text run at (0,0) width 354: "Lorem ipsum dolor sit amet, consectetuer adipiscing elit."
        text run at (0,18) width 351: "Nulla varius enim ac mi. Curabitur sollicitudin felis quis"
        text run at (0,36) width 325: "lectus. Quisque adipiscing rhoncus sem. Proin nulla"
        text run at (0,54) width 358: "purus, vulputate vel, varius ut, euismod et, nisi. Sed vitae"
        text run at (0,72) width 343: "felis vel orci sagittis aliquam. Cras convallis adipiscing"
        text run at (0,90) width 340: "sem. Nam nonummy enim. Nullam bibendum lobortis"
        text run at (0,108) width 344: "neque. Vestibulum velit orci, tempus euismod, pretium"
        text run at (0,126) width 343: "quis, interdum vitae, nulla. Phasellus eget ante et tortor"
        text run at (0,144) width 343: "condimentum vestibulum. Suspendisse hendrerit quam"
        text run at (0,162) width 362: "nec felis. Sed varius turpis vitae pede. Lorem ipsum dolor"
        text run at (0,180) width 229: "sit amet, consectetuer adipiscing elit."
    RenderBlock {P} at (5,219) size 367x36
      RenderText {#text} at (0,0) size 354x36
        text run at (0,0) width 354: "Lorem ipsum dolor sit amet, consectetuer adipiscing elit."
        text run at (0,18) width 154: "Nulla varius enim ac mi."
    RenderBlock {P} at (5,271) size 367x198
      RenderText {#text} at (0,0) size 362x198
        text run at (0,0) width 354: "Lorem ipsum dolor sit amet, consectetuer adipiscing elit."
        text run at (0,18) width 351: "Nulla varius enim ac mi. Curabitur sollicitudin felis quis"
        text run at (0,36) width 325: "lectus. Quisque adipiscing rhoncus sem. Proin nulla"
        text run at (0,54) width 358: "purus, vulputate vel, varius ut, euismod et, nisi. Sed vitae"
        text run at (0,72) width 343: "felis vel orci sagittis aliquam. Cras convallis adipiscing"
        text run at (0,90) width 340: "sem. Nam nonummy enim. Nullam bibendum lobortis"
        text run at (0,108) width 344: "neque. Vestibulum velit orci, tempus euismod, pretium"
        text run at (0,126) width 343: "quis, interdum vitae, nulla. Phasellus eget ante et tortor"
        text run at (0,144) width 343: "condimentum vestibulum. Suspendisse hendrerit quam"
        text run at (0,162) width 362: "nec felis. Sed varius turpis vitae pede. Lorem ipsum dolor"
        text run at (0,180) width 229: "sit amet, consectetuer adipiscing elit."
    RenderBlock {H2} at (5,488) size 367x28 [bgcolor=#EEEEEE]
      RenderText {#text} at (0,0) size 276x28
        text run at (0,0) width 276: "This is a spanning element."
    RenderBlock (anonymous) at (5,535) size 367x18
      RenderInline {SPAN} at (0,0) size 354x18
        RenderText {#text} at (0,0) size 354x18
          text run at (0,0) width 354: "Lorem ipsum dolor sit amet, consectetuer adipiscing elit."
    RenderBlock (anonymous) at (5,553) size 367x18
      RenderBlock {SPAN} at (0,0) size 367x18
        RenderText {#text} at (0,0) size 154x18
          text run at (0,0) width 154: "Nulla varius enim ac mi."
    RenderBlock (anonymous) at (5,571) size 367x180
      RenderInline {SPAN} at (0,0) size 362x180
        RenderText {#text} at (0,0) size 362x180
          text run at (0,0) width 362: "Curabitur sollicitudin felis quis lectus. Quisque adipiscing"
          text run at (0,18) width 350: "rhoncus sem. Proin nulla purus, vulputate vel, varius ut,"
          text run at (0,36) width 350: "euismod et, nisi. Sed vitae felis vel orci sagittis aliquam."
          text run at (0,54) width 332: "Cras convallis adipiscing sem. Nam nonummy enim."
          text run at (0,72) width 351: "Nullam bibendum lobortis neque. Vestibulum velit orci,"
          text run at (0,90) width 329: "tempus euismod, pretium quis, interdum vitae, nulla."
          text run at (0,108) width 339: "Phasellus eget ante et tortor condimentum vestibulum."
          text run at (0,126) width 345: "Suspendisse hendrerit quam nec felis. Sed varius turpis"
          text run at (0,144) width 331: "vitae pede. Lorem ipsum dolor sit amet, consectetuer"
          text run at (0,162) width 91: "adipiscing elit."
      RenderText {#text} at (0,0) size 0x0
