layer at (0,0) size 800x600
  RenderView at (0,0) size 800x600
layer at (0,0) size 800x600
  RenderBlock {HTML} at (0,0) size 800x600
    RenderBody {BODY} at (8,8) size 784x571
      RenderBlock (anonymous) at (0,0) size 784x20
        RenderText {#text} at (0,0) size 519x19
          text run at (0,0) width 519: "--> */ h1 { background-color: green; } /* This comment should be part of the style. */"
      RenderBlock {H1} at (0,41) size 784x37
        RenderText {#text} at (0,0) size 580x36
          text run at (0,0) width 580: "This text should have a green background."
