ALERT: You should not see this.
layer at (0,0) size 800x600
  RenderView at (0,0) size 800x600
layer at (0,0) size 800x600
  RenderBlock {HTML} at (0,0) size 800x600
    RenderBody {BODY} at (8,8) size 784x584
      RenderText {#text} at (0,0) size 69x19
        text run at (0,0) width 25: "--> "
        text run at (25,0) width 44: "Fix for "
      RenderInline {A} at (0,0) size 56x19 [color=#0000EE]
        RenderText {#text} at (69,0) size 56x19
          text run at (69,0) width 56: "4921692"
      RenderText {#text} at (125,0) size 395x19
        text run at (125,0) width 395: ". We should NOT run the script nested in the comment in the title."
