layer at (0,0) size 800x600
  RenderView at (0,0) size 800x600
layer at (0,0) size 800x600
  RenderBlock {HTML} at (0,0) size 800x600
    RenderBody {BODY} at (8,8) size 784x584
      RenderText {#text} at (0,0) size 773x44
        text run at (0,0) width 332: "This is a baseline alignment test for inline blocks. "
        text run at (332,0) width 441: "The last lines of the two red-bordered inline blocks should line up"
        text run at (0,22) width 158: "and be on the baseline. "
      RenderBR {BR} at (158,38) size 0x0
      RenderBlock {DIV} at (0,76) size 270x68 [border: (2px solid #FF0000)]
        RenderText {#text} at (12,12) size 85x22
          text run at (12,12) width 85: "This is block"
        RenderBR {BR} at (97,28) size 0x0
        RenderText {#text} at (12,34) size 246x22
          text run at (12,34) width 90: "number one. "
          text run at (102,34) width 156: "This line is the last one."
      RenderText {#text} at (270,110) size 4x22
        text run at (270,110) width 4: " "
      RenderBlock {DIV} at (274,44) size 200x140 [border: (2px solid #FF0000)]
        RenderBlock (anonymous) at (12,12) size 176x44
          RenderText {#text} at (0,0) size 44x22
            text run at (0,0) width 44: "This is"
          RenderBR {BR} at (44,16) size 0x0
          RenderText {#text} at (0,22) size 87x22
            text run at (0,22) width 87: "number two."
        RenderBlock {DIV} at (12,56) size 176x42
          RenderText {#text} at (10,10) size 156x22
            text run at (10,10) width 156: "This line is the last one."
      RenderText {#text} at (474,110) size 148x22
        text run at (474,110) width 148: " More text on the line."
      RenderBR {BR} at (622,126) size 0x0
      RenderText {#text} at (0,184) size 92x22
        text run at (0,184) width 92: "The next line."
