layer at (0,0) size 800x600
  RenderView at (0,0) size 800x600
layer at (0,0) size 800x600
  RenderBlock {HTML} at (0,0) size 800x600
    RenderBody {BODY} at (8,8) size 784x584
      RenderText {#text} at (0,0) size 538x22
        text run at (0,0) width 538: "This tests that contenteditable elements, with no children, get the right baseline. "
      RenderBR {BR} at (538,16) size 0x0
      RenderBR {BR} at (0,22) size 0x22
      RenderBlock {DIV} at (0,44) size 154x26 [border: (1px solid #FF0000)]
        RenderBlock {DIV} at (1,1) size 152x24 [border: (1px solid #008000)]
      RenderText {#text} at (154,46) size 472x22
        text run at (154,46) width 472: "This text should line up with the bottom of the text in the editable div. "
      RenderBR {BR} at (626,62) size 0x0
      RenderBR {BR} at (0,70) size 0x22
      RenderBlock {DIV} at (0,92) size 210x104 [border: (10px solid #FF0000)]
        RenderBlock (anonymous) at (10,10) size 190x22
          RenderText {#text} at (0,0) size 25x22
            text run at (0,0) width 25: "text"
        RenderBlock {DIV} at (10,32) size 190x62 [border: (20px solid #008000)]
      RenderText {#text} at (210,144) size 472x22
        text run at (210,144) width 472: "This text should line up with the bottom of the text in the editable div. "
      RenderBR {BR} at (682,160) size 0x0
      RenderBR {BR} at (0,196) size 0x22
      RenderBlock {DIV} at (0,218) size 180x190 [border: (5px solid #FF0000)]
        RenderBlock {DIV} at (5,5) size 170x180 [border: (10px solid #008000)]
      RenderText {#text} at (180,340) size 468x22
        text run at (180,340) width 468: "This text should line up with the bottom of the text in the editable div."
