layer at (0,0) size 800x600
  RenderView at (0,0) size 800x600
layer at (0,0) size 800x600
  RenderBlock {HTML} at (0,0) size 800x600
    RenderBody {BODY} at (8,8) size 784x584
      RenderBlock {DIV} at (0,0) size 784x68
        RenderText {#text} at (0,0) size 28x22
          text run at (0,0) width 28: "One"
        RenderBR {BR} at (28,16) size 0x0
        RenderImage {IMG} at (0,40) size 11x11 [border: (1px dotted #FF0000)]
        RenderText {#text} at (11,32) size 4x22
          text run at (11,32) width 4: " "
        RenderBlock {DIV} at (15,22) size 102x46 [border: (1px dotted #FF0000)]
          RenderImage {IMG} at (1,1) size 1000x0
          RenderText {#text} at (17,1) size 68x44
            text run at (17,1) width 68: "Text Goes"
            text run at (34,23) width 34: "Here"
        RenderText {#text} at (0,0) size 0x0
