layer at (0,0) size 800x600
  RenderView at (0,0) size 800x600
layer at (0,0) size 800x104
  RenderBlock {html} at (0,0) size 800x104 [color=#008000]
    RenderBody {body} at (8,8) size 784x88
      RenderBlock {test2} at (0,0) size 784x22
        RenderText {#text} at (0,0) size 145x22
          text run at (0,0) width 145: "This should be green."
      RenderBlock {test2} at (0,22) size 784x22
        RenderText {#text} at (0,0) size 145x22
          text run at (0,0) width 145: "This should be green."
      RenderBlock {test1} at (0,44) size 784x22
        RenderText {#text} at (0,0) size 145x22
          text run at (0,0) width 145: "This should be green."
      RenderBlock {test1} at (0,66) size 784x22
        RenderText {#text} at (0,0) size 145x22
          text run at (0,0) width 145: "This should be green."
