layer at (0,0) size 800x600
  RenderView at (0,0) size 800x600
layer at (0,0) size 800x22
  RenderBlock {test} at (0,0) size 800x22 [color=#008000]
    RenderText {#text} at (0,0) size 145x22
      text run at (0,0) width 145: "This should be green."
