layer at (0,0) size 800x600
  RenderView at (0,0) size 800x600
layer at (0,0) size 800x44
  RenderBlock {root} at (0,0) size 800x44
    RenderBlock {t} at (0,0) size 800x22 [bgcolor=#00FF00]
      RenderText {#text} at (0,0) size 321x22
        text run at (0,0) width 321: "This sentence should have a green background."
    RenderBlock {t} at (0,22) size 800x22 [bgcolor=#00FF00]
      RenderText {#text} at (0,0) size 321x22
        text run at (0,0) width 321: "This sentence should have a green background."
