layer at (0,0) size 800x600
  RenderView at (0,0) size 800x600
layer at (0,0) size 107x600
  RenderBlock {HTML} at (0,0) size 107x600 [border: (10px solid #800000)]
    RenderBody {BODY} at (18,18) size 71x564
      RenderText {#text} at (10,0) size 40x228
        text run at (10,0) width 228: "\x{653B}\x{6BBB} \x{6A5F}\x{52D5}\x{968A} "
      RenderRuby (inline) {RUBY} at (0,0) size 40x207
        RenderRubyRun (anonymous) at (0,228) size 60x84
          RenderRubyText {RT} at (46,0) size 30x84
            RenderText {#text} at (4,0) size 21x84
              text run at (4,0) width 84: "\x{3053}\x{3046}\x{304B}\x{304F}"
          RenderRubyBase (anonymous) at (0,0) size 60x84
            RenderText {#text} at (10,1) size 40x82
              text run at (10,1) width 82: "\x{653B}\x{6BBB}"
        RenderRubyRun (anonymous) at (0,312) size 60x123
          RenderRubyText {RT} at (46,0) size 30x123
            RenderText {#text} at (4,9) size 21x105
              text run at (4,9) width 105: "\x{304D}\x{3069}\x{3046}\x{305F}\x{3044}"
          RenderRubyBase (anonymous) at (0,0) size 60x123
            RenderText {#text} at (10,0) size 40x123
              text run at (10,0) width 123: "\x{6A5F}\x{52D5}\x{968A}"
      RenderText {#text} at (0,0) size 0x0
