layer at (0,0) size 800x600
  RenderView at (0,0) size 800x600
layer at (668,0) size 132x600
  RenderBlock {HTML} at (0,0) size 132x600 [border: (10px solid #800000)]
    RenderBody {BODY} at (18,18) size 96x564
      RenderText {#text} at (46,0) size 40x228
        text run at (46,0) width 228: "\x{653B}\x{6BBB} \x{6A5F}\x{52D5}\x{968A} "
      RenderRuby (inline) {RUBY} at (0,0) size 40x225
        RenderRubyRun (anonymous) at (0,228) size 96x100
          RenderRubyText {RT} at (0,0) size 36x100
            RenderText {#text} at (6,0) size 24x100
              text run at (6,0) width 100: "\x{3053}\x{3046}\x{304B}\x{304F}"
          RenderRubyBase (anonymous) at (36,0) size 60x100
            RenderText {#text} at (10,9) size 40x82
              text run at (10,9) width 82: "\x{653B}\x{6BBB}"
        RenderRubyRun (anonymous) at (0,328) size 96x125
          RenderRubyText {RT} at (0,0) size 36x125
            RenderText {#text} at (6,0) size 24x125
              text run at (6,0) width 125: "\x{304D}\x{3069}\x{3046}\x{305F}\x{3044}"
          RenderRubyBase (anonymous) at (36,0) size 60x125
            RenderText {#text} at (10,1) size 40x123
              text run at (10,1) width 123: "\x{6A5F}\x{52D5}\x{968A}"
      RenderText {#text} at (0,0) size 0x0
