layer at (0,0) size 4760x585
  RenderView at (0,0) size 800x585
layer at (-3960,0) size 4760x585 backgroundClip at (0,0) size 4760x585 clip at (0,0) size 4760x585 outlineClip at (0,0) size 4760x585
  RenderBlock {HTML} at (0,0) size 4760x585
    RenderBody {BODY} at (58,46) size 4644x493
      RenderBlock {H1} at (0,0) size 48x493
        RenderText {#text} at (5,0) size 37x66
          text run at (5,0) width 66: "\x{8349}\x{6795}"
      RenderBlock {H2} at (69,0) size 36x493
        RenderText {#text} at (4,0) size 28x100
          text run at (4,0) width 100: "\x{590F}\x{76EE}\x{6F31}\x{77F3}"
      RenderBlock {DIV} at (124,0) size 4520x493
        RenderBlock (anonymous) at (0,0) size 2555x493
          RenderBR {BR} at (0,0) size 18x0
          RenderBR {BR} at (18,0) size 18x0
          RenderBR {BR} at (36,0) size 18x0
          RenderText {#text} at (57,0) size 18x146
            text run at (57,0) width 146: "\x{3000}\x{3000}\x{3000}\x{3000}\x{3000}\x{3000}\x{3000}\x{3000}\x{4E00}"
          RenderBR {BR} at (57,146) size 18x0
          RenderBR {BR} at (78,0) size 18x0
          RenderText {#text} at (106,0) size 18x17
            text run at (106,0) width 17: "\x{3000}"
          RenderRuby (inline) {RUBY} at (0,0) size 18x40
            RenderRubyRun (anonymous) at (103,17) size 24x40
              RenderRubyText {RT} at (-9,0) size 14x40
                RenderText {#text} at (2,0) size 10x40
                  text run at (2,0) width 40: "\x{3084}\x{307E}\x{307F}\x{3061}"
              RenderRubyBase (anonymous) at (0,0) size 24x40
                RenderInline {RB} at (0,0) size 18x34
                  RenderText {#text} at (3,3) size 18x34
                    text run at (3,3) width 34: "\x{5C71}\x{8DEF}"
          RenderText {#text} at (106,57) size 18x219
            text run at (106,57) width 219: "\x{3092}\x{767B}\x{308A}\x{306A}\x{304C}\x{3089}\x{3001}\x{3053}\x{3046}\x{8003}\x{3048}\x{305F}\x{3002}"
          RenderBR {BR} at (106,276) size 18x0
          RenderText {#text} at (134,0) size 18x17
            text run at (134,0) width 17: "\x{3000}"
          RenderRuby (inline) {RUBY} at (0,0) size 18x17
            RenderRubyRun (anonymous) at (131,17) size 24x17
              RenderRubyText {RT} at (-9,0) size 14x17
                RenderText {#text} at (2,3) size 10x10
                  text run at (2,3) width 10: "\x{3061}"
              RenderRubyBase (anonymous) at (0,0) size 24x17
                RenderInline {RB} at (0,0) size 18x17
                  RenderText {#text} at (3,0) size 18x17
                    text run at (3,0) width 17: "\x{667A}"
          RenderText {#text} at (134,34) size 18x68
            text run at (134,34) width 68: "\x{306B}\x{50CD}\x{3051}\x{3070}"
          RenderRuby (inline) {RUBY} at (0,0) size 18x20
            RenderRubyRun (anonymous) at (131,102) size 24x20
              RenderRubyText {RT} at (-9,0) size 14x20
                RenderText {#text} at (2,0) size 10x20
                  text run at (2,0) width 20: "\x{304B}\x{3069}"
              RenderRubyBase (anonymous) at (0,0) size 24x20
                RenderInline {RB} at (0,0) size 18x17
                  RenderText {#text} at (3,1) size 18x17
                    text run at (3,1) width 17: "\x{89D2}"
          RenderText {#text} at (134,122) size 18x67
            text run at (134,122) width 67: "\x{304C}\x{7ACB}\x{3064}\x{3002}"
          RenderRuby (inline) {RUBY} at (0,0) size 18x29
            RenderRubyRun (anonymous) at (131,189) size 24x29
              RenderRubyText {RT} at (-9,0) size 14x29
                RenderText {#text} at (2,0) size 10x29
                  text run at (2,0) width 29: "\x{3058}\x{3087}\x{3046}"
              RenderRubyBase (anonymous) at (0,0) size 24x29
                RenderInline {RB} at (0,0) size 18x17
                  RenderText {#text} at (3,6) size 18x17
                    text run at (3,6) width 17: "\x{60C5}"
          RenderText {#text} at (134,218) size 18x17
            text run at (134,218) width 17: "\x{306B}"
          RenderRuby (inline) {RUBY} at (0,0) size 18x20
            RenderRubyRun (anonymous) at (131,235) size 24x20
              RenderRubyText {RT} at (-9,0) size 14x20
                RenderText {#text} at (2,0) size 10x20
                  text run at (2,0) width 20: "\x{3055}\x{304A}"
              RenderRubyBase (anonymous) at (0,0) size 24x20
                RenderInline {RB} at (0,0) size 18x17
                  RenderText {#text} at (3,1) size 18x17
                    text run at (3,1) width 17: "\x{68F9}"
          RenderText {#text} at (134,255) size 18x186
            text run at (134,255) width 186: "\x{3055}\x{305B}\x{3070}\x{6D41}\x{3055}\x{308C}\x{308B}\x{3002}\x{610F}\x{5730}\x{3092}"
          RenderRuby (inline) {RUBY} at (0,0) size 18x20
            RenderRubyRun (anonymous) at (131,441) size 24x20
              RenderRubyText {RT} at (-9,0) size 14x20
                RenderText {#text} at (2,0) size 10x20
                  text run at (2,0) width 20: "\x{3068}\x{304A}"
              RenderRubyBase (anonymous) at (0,0) size 24x20
                RenderInline {RB} at (0,0) size 18x17
                  RenderText {#text} at (3,1) size 18x17
                    text run at (3,1) width 17: "\x{901A}"
          RenderText {#text} at (134,461) size 46x478
            text run at (134,461) width 17: "\x{305B}"
            text run at (162,0) width 17: "\x{3070}"
          RenderRuby (inline) {RUBY} at (0,0) size 18x49
            RenderRubyRun (anonymous) at (159,17) size 24x49
              RenderRubyText {RT} at (-9,0) size 14x49
                RenderText {#text} at (2,0) size 10x49
                  text run at (2,0) width 49: "\x{304D}\x{3085}\x{3046}\x{304F}\x{3064}"
              RenderRubyBase (anonymous) at (0,0) size 24x49
                RenderInline {RB} at (0,0) size 18x34
                  RenderText {#text} at (3,7) size 18x34
                    text run at (3,7) width 34: "\x{7AAE}\x{5C48}"
          RenderText {#text} at (162,66) size 18x270
            text run at (162,66) width 270: "\x{3060}\x{3002}\x{3068}\x{304B}\x{304F}\x{306B}\x{4EBA}\x{306E}\x{4E16}\x{306F}\x{4F4F}\x{307F}\x{306B}\x{304F}\x{3044}\x{3002}"
          RenderBR {BR} at (162,336) size 18x0
          RenderText {#text} at (190,0) size 18x113
            text run at (190,0) width 113: "\x{3000}\x{4F4F}\x{307F}\x{306B}\x{304F}\x{3055}\x{304C}"
          RenderRuby (inline) {RUBY} at (0,0) size 18x20
            RenderRubyRun (anonymous) at (187,113) size 24x20
              RenderRubyText {RT} at (-9,0) size 14x20
                RenderText {#text} at (2,0) size 10x20
                  text run at (2,0) width 20: "\x{3053}\x{3046}"
              RenderRubyBase (anonymous) at (0,0) size 24x20
                RenderInline {RB} at (0,0) size 18x17
                  RenderText {#text} at (3,1) size 18x17
                    text run at (3,1) width 17: "\x{9AD8}"
          RenderText {#text} at (190,133) size 46x456
            text run at (190,133) width 323: "\x{3058}\x{308B}\x{3068}\x{3001}\x{5B89}\x{3044}\x{6240}\x{3078}\x{5F15}\x{304D}\x{8D8A}\x{3057}\x{305F}\x{304F}\x{306A}\x{308B}\x{3002}\x{3069}\x{3053}\x{3078}"
            text run at (218,0) width 162: "\x{8D8A}\x{3057}\x{3066}\x{3082}\x{4F4F}\x{307F}\x{306B}\x{304F}\x{3044}\x{3068}"
          RenderRuby (inline) {RUBY} at (0,0) size 18x20
            RenderRubyRun (anonymous) at (215,162) size 24x20
              RenderRubyText {RT} at (-9,0) size 14x20
                RenderText {#text} at (2,0) size 10x20
                  text run at (2,0) width 20: "\x{3055}\x{3068}"
              RenderRubyBase (anonymous) at (0,0) size 24x20
                RenderInline {RB} at (0,0) size 18x17
                  RenderText {#text} at (3,1) size 18x17
                    text run at (3,1) width 17: "\x{609F}"
          RenderText {#text} at (218,182) size 18x168
            text run at (218,182) width 168: "\x{3063}\x{305F}\x{6642}\x{3001}\x{8A69}\x{304C}\x{751F}\x{308C}\x{3066}\x{3001}"
          RenderRuby (inline) {RUBY} at (0,0) size 18x17
            RenderRubyRun (anonymous) at (215,350) size 24x17
              RenderRubyText {RT} at (-9,0) size 14x17
                RenderText {#text} at (2,3) size 10x10
                  text run at (2,3) width 10: "\x{3048}"
              RenderRubyBase (anonymous) at (0,0) size 24x17
                RenderInline {RB} at (0,0) size 18x17
                  RenderText {#text} at (3,0) size 18x17
                    text run at (3,0) width 17: "\x{753B}"
          RenderText {#text} at (218,367) size 18x84
            text run at (218,367) width 84: "\x{304C}\x{51FA}\x{6765}\x{308B}\x{3002}"
          RenderBR {BR} at (218,451) size 18x0
          RenderText {#text} at (242,0) size 18x17
            text run at (242,0) width 17: "\x{3000}"
          RenderInline {STRONG} at (0,0) size 18x51
            RenderText {#text} at (242,17) size 18x51
              text run at (242,17) width 51: "\x{4EBA}\x{306E}\x{4E16}"
          RenderText {#text} at (242,68) size 46x471
            text run at (242,68) width 403: "\x{3092}\x{4F5C}\x{3063}\x{305F}\x{3082}\x{306E}\x{306F}\x{795E}\x{3067}\x{3082}\x{306A}\x{3051}\x{308C}\x{3070}\x{9B3C}\x{3067}\x{3082}\x{306A}\x{3044}\x{3002}\x{3084}\x{306F}\x{308A}\x{5411}\x{3046}"
            text run at (270,0) width 33: "\x{4E09}\x{8ED2}"
          RenderRuby (inline) {RUBY} at (0,0) size 18x49
            RenderRubyRun (anonymous) at (267,33) size 24x49
              RenderRubyText {RT} at (-9,0) size 14x49
                RenderText {#text} at (2,0) size 10x49
                  text run at (2,0) width 49: "\x{308A}\x{3087}\x{3046}\x{3069}\x{306A}"
              RenderRubyBase (anonymous) at (0,0) size 24x49
                RenderInline {RB} at (0,0) size 18x34
                  RenderText {#text} at (3,7) size 18x34
                    text run at (3,7) width 34: "\x{4E21}\x{96A3}"
          RenderText {#text} at (270,82) size 42x453
            text run at (270,82) width 371: "\x{308A}\x{306B}\x{3061}\x{3089}\x{3061}\x{3089}\x{3059}\x{308B}\x{305F}\x{3060}\x{306E}\x{4EBA}\x{3067}\x{3042}\x{308B}\x{3002}\x{305F}\x{3060}\x{306E}\x{4EBA}\x{304C}\x{4F5C}\x{3063}"
            text run at (294,0) width 17: "\x{305F}"
          RenderInline {STRONG} at (0,0) size 18x51
            RenderText {#text} at (294,17) size 18x51
              text run at (294,17) width 51: "\x{4EBA}\x{306E}\x{4E16}"
          RenderText {#text} at (294,68) size 18x389
            text run at (294,68) width 389: "\x{304C}\x{4F4F}\x{307F}\x{306B}\x{304F}\x{3044}\x{304B}\x{3089}\x{3068}\x{3066}\x{3001}\x{8D8A}\x{3059}\x{56FD}\x{306F}\x{3042}\x{308B}\x{307E}\x{3044}\x{3002}\x{3042}\x{308C}\x{3070}"
          RenderInline {STRONG} at (0,0) size 42x490
            RenderText {#text} at (294,457) size 42x490
              text run at (294,457) width 33: "\x{4EBA}\x{3067}"
              text run at (318,0) width 33: "\x{306A}\x{3057}"
          RenderText {#text} at (318,33) size 18x169
            text run at (318,33) width 169: "\x{306E}\x{56FD}\x{3078}\x{884C}\x{304F}\x{3070}\x{304B}\x{308A}\x{3060}\x{3002}"
          RenderInline {STRONG} at (0,0) size 18x68
            RenderText {#text} at (318,202) size 18x68
              text run at (318,202) width 68: "\x{4EBA}\x{3067}\x{306A}\x{3057}"
          RenderText {#text} at (318,270) size 18x51
            text run at (318,270) width 51: "\x{306E}\x{56FD}\x{306F}"
          RenderInline {STRONG} at (0,0) size 18x51
            RenderText {#text} at (318,321) size 18x51
              text run at (318,321) width 51: "\x{4EBA}\x{306E}\x{4E16}"
          RenderText {#text} at (318,372) size 42x485
            text run at (318,372) width 113: "\x{3088}\x{308A}\x{3082}\x{306A}\x{304A}\x{4F4F}\x{307F}"
            text run at (342,0) width 97: "\x{306B}\x{304F}\x{304B}\x{308D}\x{3046}\x{3002}"
          RenderBR {BR} at (342,97) size 18x0
          RenderText {#text} at (366,0) size 46x468
            text run at (366,0) width 468: "\x{3000}\x{8D8A}\x{3059}\x{4E8B}\x{306E}\x{306A}\x{3089}\x{306C}\x{4E16}\x{304C}\x{4F4F}\x{307F}\x{306B}\x{304F}\x{3051}\x{308C}\x{3070}\x{3001}\x{4F4F}\x{307F}\x{306B}\x{304F}\x{3044}\x{6240}\x{3092}\x{3069}\x{308C}\x{307B}\x{3069}"
            text run at (394,0) width 33: "\x{304B}\x{3001}"
          RenderRuby (inline) {RUBY} at (0,0) size 18x40
            RenderRubyRun (anonymous) at (391,33) size 24x40
              RenderRubyText {RT} at (-9,0) size 14x40
                RenderText {#text} at (2,0) size 10x40
                  text run at (2,0) width 40: "\x{304F}\x{3064}\x{308D}\x{3052}"
              RenderRubyBase (anonymous) at (0,0) size 24x40
                RenderInline {RB} at (0,0) size 18x34
                  RenderText {#text} at (3,3) size 18x34
                    text run at (3,3) width 34: "\x{5BDB}\x{5BB9}"
          RenderText {#text} at (394,73) size 18x33
            text run at (394,73) width 33: "\x{3066}\x{3001}"
          RenderRuby (inline) {RUBY} at (0,0) size 18x20
            RenderRubyRun (anonymous) at (391,106) size 24x20
              RenderRubyText {RT} at (-9,0) size 14x20
                RenderText {#text} at (2,0) size 10x20
                  text run at (2,0) width 20: "\x{3064}\x{304B}"
              RenderRubyBase (anonymous) at (0,0) size 24x20
                RenderInline {RB} at (0,0) size 18x17
                  RenderText {#text} at (3,1) size 18x17
                    text run at (3,1) width 17: "\x{675F}"
          RenderText {#text} at (394,126) size 18x17
            text run at (394,126) width 17: "\x{306E}"
          RenderRuby (inline) {RUBY} at (0,0) size 18x17
            RenderRubyRun (anonymous) at (391,143) size 24x17
              RenderRubyText {RT} at (-9,0) size 14x17
                RenderText {#text} at (2,3) size 10x10
                  text run at (2,3) width 10: "\x{307E}"
              RenderRubyBase (anonymous) at (0,0) size 24x17
                RenderInline {RB} at (0,0) size 18x17
                  RenderText {#text} at (3,0) size 18x17
                    text run at (3,0) width 17: "\x{9593}"
          RenderText {#text} at (394,160) size 42x452
            text run at (394,160) width 291: "\x{306E}\x{547D}\x{3092}\x{3001}\x{675F}\x{306E}\x{9593}\x{3067}\x{3082}\x{4F4F}\x{307F}\x{3088}\x{304F}\x{305B}\x{306D}\x{3070}\x{306A}\x{3089}"
            text run at (418,0) width 452: "\x{306C}\x{3002}\x{3053}\x{3053}\x{306B}\x{8A69}\x{4EBA}\x{3068}\x{3044}\x{3046}\x{5929}\x{8077}\x{304C}\x{51FA}\x{6765}\x{3066}\x{3001}\x{3053}\x{3053}\x{306B}\x{753B}\x{5BB6}\x{3068}\x{3044}\x{3046}\x{4F7F}\x{547D}\x{304C}"
          RenderRuby (inline) {RUBY} at (0,0) size 18x20
            RenderRubyRun (anonymous) at (443,0) size 24x20
              RenderRubyText {RT} at (-9,0) size 14x20
                RenderText {#text} at (2,0) size 10x20
                  text run at (2,0) width 20: "\x{304F}\x{3060}"
              RenderRubyBase (anonymous) at (0,0) size 24x20
                RenderInline {RB} at (0,0) size 18x17
                  RenderText {#text} at (3,1) size 18x17
                    text run at (3,1) width 17: "\x{964D}"
          RenderText {#text} at (446,20) size 18x254
            text run at (446,20) width 254: "\x{308B}\x{3002}\x{3042}\x{3089}\x{3086}\x{308B}\x{82B8}\x{8853}\x{306E}\x{58EB}\x{306F}\x{4EBA}\x{306E}\x{4E16}\x{3092}"
          RenderRuby (inline) {RUBY} at (0,0) size 18x34
            RenderRubyRun (anonymous) at (443,274) size 24x34
              RenderRubyText {RT} at (-9,0) size 14x34
                RenderText {#text} at (2,2) size 10x30
                  text run at (2,2) width 30: "\x{306E}\x{3069}\x{304B}"
              RenderRubyBase (anonymous) at (0,0) size 24x34
                RenderInline {RB} at (0,0) size 18x34
                  RenderText {#text} at (3,0) size 18x34
                    text run at (3,0) width 34: "\x{9577}\x{9591}"
          RenderText {#text} at (446,308) size 46x470
            text run at (446,308) width 162: "\x{306B}\x{3057}\x{3001}\x{4EBA}\x{306E}\x{5FC3}\x{3092}\x{8C4A}\x{304B}\x{306B}"
            text run at (474,0) width 49: "\x{3059}\x{308B}\x{304C}"
          RenderRuby (inline) {RUBY} at (0,0) size 18x20
            RenderRubyRun (anonymous) at (471,49) size 24x20
              RenderRubyText {RT} at (-9,0) size 14x20
                RenderText {#text} at (2,0) size 10x20
                  text run at (2,0) width 20: "\x{3086}\x{3048}"
              RenderRubyBase (anonymous) at (0,0) size 24x20
                RenderInline {RB} at (0,0) size 18x17
                  RenderText {#text} at (3,1) size 18x17
                    text run at (3,1) width 17: "\x{6545}"
          RenderText {#text} at (474,69) size 18x17
            text run at (474,69) width 17: "\x{306B}"
          RenderRuby (inline) {RUBY} at (0,0) size 18x19
            RenderRubyRun (anonymous) at (471,86) size 24x19
              RenderRubyText {RT} at (-9,0) size 14x19
                RenderText {#text} at (2,0) size 10x19
                  text run at (2,0) width 19: "\x{305F}\x{3063}"
              RenderRubyBase (anonymous) at (0,0) size 24x19
                RenderInline {RB} at (0,0) size 18x17
                  RenderText {#text} at (3,1) size 18x17
                    text run at (3,1) width 17: "\x{5C0A}"
          RenderText {#text} at (474,105) size 18x50
            text run at (474,105) width 50: "\x{3068}\x{3044}\x{3002}"
          RenderBR {BR} at (474,155) size 18x0
          RenderText {#text} at (502,0) size 18x242
            text run at (502,0) width 242: "\x{3000}\x{4F4F}\x{307F}\x{306B}\x{304F}\x{304D}\x{4E16}\x{304B}\x{3089}\x{3001}\x{4F4F}\x{307F}\x{306B}\x{304F}\x{304D}"
          RenderRuby (inline) {RUBY} at (0,0) size 18x30
            RenderRubyRun (anonymous) at (499,242) size 24x30
              RenderRubyText {RT} at (-9,0) size 14x30
                RenderText {#text} at (2,0) size 10x30
                  text run at (2,0) width 30: "\x{308F}\x{305A}\x{3089}"
              RenderRubyBase (anonymous) at (0,0) size 24x30
                RenderInline {RB} at (0,0) size 18x17
                  RenderText {#text} at (3,6) size 18x17
                    text run at (3,6) width 17: "\x{7169}"
          RenderText {#text} at (502,272) size 46x466
            text run at (502,272) width 194: "\x{3044}\x{3092}\x{5F15}\x{304D}\x{629C}\x{3044}\x{3066}\x{3001}\x{3042}\x{308A}\x{304C}\x{305F}"
            text run at (530,0) width 307: "\x{3044}\x{4E16}\x{754C}\x{3092}\x{307E}\x{306E}\x{3042}\x{305F}\x{308A}\x{306B}\x{5199}\x{3059}\x{306E}\x{304C}\x{8A69}\x{3067}\x{3042}\x{308B}\x{3001}"
          RenderRuby (inline) {RUBY} at (0,0) size 18x17
            RenderRubyRun (anonymous) at (527,307) size 24x17
              RenderRubyText {RT} at (-9,0) size 14x17
                RenderText {#text} at (2,3) size 10x10
                  text run at (2,3) width 10: "\x{3048}"
              RenderRubyBase (anonymous) at (0,0) size 24x17
                RenderInline {RB} at (0,0) size 18x17
                  RenderText {#text} at (3,0) size 18x17
                    text run at (3,0) width 17: "\x{753B}"
          RenderText {#text} at (530,324) size 46x470
            text run at (530,324) width 146: "\x{3067}\x{3042}\x{308B}\x{3002}\x{3042}\x{308B}\x{306F}\x{97F3}\x{697D}"
            text run at (558,0) width 178: "\x{3068}\x{5F6B}\x{523B}\x{3067}\x{3042}\x{308B}\x{3002}\x{3053}\x{307E}\x{304B}\x{306B}"
          RenderRuby (inline) {RUBY} at (0,0) size 18x17
            RenderRubyRun (anonymous) at (555,178) size 24x17
              RenderRubyText {RT} at (-9,0) size 14x17
                RenderText {#text} at (2,3) size 10x10
                  text run at (2,3) width 10: "\x{3044}"
              RenderRubyBase (anonymous) at (0,0) size 24x17
                RenderInline {RB} at (0,0) size 18x17
                  RenderText {#text} at (3,0) size 18x17
                    text run at (3,0) width 17: "\x{4E91}"
          RenderText {#text} at (558,195) size 46x469
            text run at (558,195) width 274: "\x{3048}\x{3070}\x{5199}\x{3055}\x{306A}\x{3044}\x{3067}\x{3082}\x{3088}\x{3044}\x{3002}\x{305F}\x{3060}\x{307E}\x{306E}\x{3042}\x{305F}"
            text run at (586,0) width 258: "\x{308A}\x{306B}\x{898B}\x{308C}\x{3070}\x{3001}\x{305D}\x{3053}\x{306B}\x{8A69}\x{3082}\x{751F}\x{304D}\x{3001}\x{6B4C}\x{3082}"
          RenderRuby (inline) {RUBY} at (0,0) size 18x17
            RenderRubyRun (anonymous) at (583,258) size 24x17
              RenderRubyText {RT} at (-9,0) size 14x17
                RenderText {#text} at (2,3) size 10x10
                  text run at (2,3) width 10: "\x{308F}"
              RenderRubyBase (anonymous) at (0,0) size 24x17
                RenderInline {RB} at (0,0) size 18x17
                  RenderText {#text} at (3,0) size 18x17
                    text run at (3,0) width 17: "\x{6E67}"
          RenderText {#text} at (586,275) size 18x203
            text run at (586,275) width 203: "\x{304F}\x{3002}\x{7740}\x{60F3}\x{3092}\x{7D19}\x{306B}\x{843D}\x{3055}\x{306C}\x{3068}\x{3082}"
          RenderRuby (inline) {RUBY} at (0,0) size 18x49
            RenderRubyRun (anonymous) at (611,0) size 24x49
              RenderRubyText {RT} at (-9,0) size 14x49
                RenderText {#text} at (2,0) size 10x49
                  text run at (2,0) width 49: "\x{304D}\x{3085}\x{3046}\x{305D}\x{3046}"
              RenderRubyBase (anonymous) at (0,0) size 24x49
                RenderInline {RB} at (0,0) size 18x34
                  RenderText {#text} at (3,7) size 18x17
                    text run at (3,7) width 17: "\x{7486}"
                  RenderText {#text} at (3,24) size 18x17
                    text run at (3,24) width 17: "\x{93D8}"
          RenderText {#text} at (614,49) size 18x17
            text run at (614,49) width 17: "\x{306E}"
          RenderRuby (inline) {RUBY} at (0,0) size 18x20
            RenderRubyRun (anonymous) at (611,66) size 24x20
              RenderRubyText {RT} at (-9,0) size 14x20
                RenderText {#text} at (2,0) size 10x20
                  text run at (2,0) width 20: "\x{304A}\x{3093}"
              RenderRubyBase (anonymous) at (0,0) size 24x20
                RenderInline {RB} at (0,0) size 18x17
                  RenderText {#text} at (3,1) size 18x17
                    text run at (3,1) width 17: "\x{97F3}"
          RenderText {#text} at (614,86) size 18x17
            text run at (614,86) width 17: "\x{306F}"
          RenderRuby (inline) {RUBY} at (0,0) size 18x39
            RenderRubyRun (anonymous) at (611,103) size 24x39
              RenderRubyText {RT} at (-9,0) size 14x39
                RenderText {#text} at (2,0) size 10x39
                  text run at (2,0) width 39: "\x{304D}\x{3087}\x{3046}\x{308A}"
              RenderRubyBase (anonymous) at (0,0) size 24x39
                RenderInline {RB} at (0,0) size 18x34
                  RenderText {#text} at (3,2) size 18x34
                    text run at (3,2) width 34: "\x{80F8}\x{88CF}"
          RenderText {#text} at (614,142) size 18x17
            text run at (614,142) width 17: "\x{306B}"
          RenderRuby (inline) {RUBY} at (0,0) size 18x20
            RenderRubyRun (anonymous) at (611,159) size 24x20
              RenderRubyText {RT} at (-9,0) size 14x20
                RenderText {#text} at (2,0) size 10x20
                  text run at (2,0) width 20: "\x{304A}\x{3053}"
              RenderRubyBase (anonymous) at (0,0) size 24x20
                RenderInline {RB} at (0,0) size 18x17
                  RenderText {#text} at (3,1) size 18x17
                    text run at (3,1) width 17: "\x{8D77}"
          RenderText {#text} at (614,179) size 18x33
            text run at (614,179) width 33: "\x{308B}\x{3002}"
          RenderRuby (inline) {RUBY} at (0,0) size 18x40
            RenderRubyRun (anonymous) at (611,212) size 24x40
              RenderRubyText {RT} at (-9,0) size 14x40
                RenderText {#text} at (2,0) size 10x40
                  text run at (2,0) width 40: "\x{305F}\x{3093}\x{305B}\x{3044}"
              RenderRubyBase (anonymous) at (0,0) size 24x40
                RenderInline {RB} at (0,0) size 18x34
                  RenderText {#text} at (3,3) size 18x34
                    text run at (3,3) width 34: "\x{4E39}\x{9752}"
          RenderText {#text} at (614,252) size 18x17
            text run at (614,252) width 17: "\x{306F}"
          RenderRuby (inline) {RUBY} at (0,0) size 18x34
            RenderRubyRun (anonymous) at (611,269) size 24x34
              RenderRubyText {RT} at (-9,0) size 14x34
                RenderText {#text} at (2,7) size 10x20
                  text run at (2,7) width 20: "\x{304C}\x{304B}"
              RenderRubyBase (anonymous) at (0,0) size 24x34
                RenderInline {RB} at (0,0) size 18x34
                  RenderText {#text} at (3,0) size 18x34
                    text run at (3,0) width 34: "\x{753B}\x{67B6}"
          RenderText {#text} at (614,303) size 18x67
            text run at (614,303) width 67: "\x{306B}\x{5411}\x{3063}\x{3066}"
          RenderRuby (inline) {RUBY} at (0,0) size 18x34
            RenderRubyRun (anonymous) at (611,370) size 24x34
              RenderRubyText {RT} at (-9,0) size 14x34
                RenderText {#text} at (2,2) size 10x30
                  text run at (2,2) width 30: "\x{3068}\x{307E}\x{3064}"
              RenderRubyBase (anonymous) at (0,0) size 24x34
                RenderInline {RB} at (0,0) size 18x34
                  RenderText {#text} at (3,0) size 18x34
                    text run at (3,0) width 34: "\x{5857}\x{62B9}"
          RenderText {#text} at (614,404) size 18x68
            text run at (614,404) width 68: "\x{305B}\x{3093}\x{3067}\x{3082}"
          RenderRuby (inline) {RUBY} at (0,0) size 18x34
            RenderRubyRun (anonymous) at (639,0) size 24x34
              RenderRubyText {RT} at (-9,0) size 14x34
                RenderText {#text} at (2,2) size 10x30
                  text run at (2,2) width 30: "\x{3054}\x{3055}\x{3044}"
              RenderRubyBase (anonymous) at (0,0) size 24x34
                RenderInline {RB} at (0,0) size 18x34
                  RenderText {#text} at (3,0) size 18x34
                    text run at (3,0) width 34: "\x{4E94}\x{5F69}"
          RenderText {#text} at (642,34) size 18x17
            text run at (642,34) width 17: "\x{306E}"
          RenderRuby (inline) {RUBY} at (0,0) size 18x40
            RenderRubyRun (anonymous) at (639,51) size 24x40
              RenderRubyText {RT} at (-9,0) size 14x40
                RenderText {#text} at (2,0) size 10x40
                  text run at (2,0) width 40: "\x{3051}\x{3093}\x{3089}\x{3093}"
              RenderRubyBase (anonymous) at (0,0) size 24x40
                RenderInline {RB} at (0,0) size 18x34
                  RenderText {#text} at (3,3) size 18x34
                    text run at (3,3) width 34: "\x{7D62}\x{721B}"
          RenderText {#text} at (642,91) size 18x17
            text run at (642,91) width 17: "\x{306F}"
          RenderRuby (inline) {RUBY} at (0,0) size 18x30
            RenderRubyRun (anonymous) at (639,108) size 24x30
              RenderRubyText {RT} at (-9,0) size 14x30
                RenderText {#text} at (2,0) size 10x30
                  text run at (2,0) width 30: "\x{304A}\x{306E}\x{305A}"
              RenderRubyBase (anonymous) at (0,0) size 24x30
                RenderInline {RB} at (0,0) size 18x17
                  RenderText {#text} at (3,6) size 18x17
                    text run at (3,6) width 17: "\x{81EA}"
          RenderText {#text} at (642,138) size 18x34
            text run at (642,138) width 34: "\x{304B}\x{3089}"
          RenderRuby (inline) {RUBY} at (0,0) size 18x40
            RenderRubyRun (anonymous) at (639,172) size 24x40
              RenderRubyText {RT} at (-9,0) size 14x40
                RenderText {#text} at (2,0) size 10x40
                  text run at (2,0) width 40: "\x{3057}\x{3093}\x{304C}\x{3093}"
              RenderRubyBase (anonymous) at (0,0) size 24x40
                RenderInline {RB} at (0,0) size 18x34
                  RenderText {#text} at (3,3) size 18x34
                    text run at (3,3) width 34: "\x{5FC3}\x{773C}"
          RenderText {#text} at (642,212) size 18x270
            text run at (642,212) width 270: "\x{306B}\x{6620}\x{308B}\x{3002}\x{305F}\x{3060}\x{304A}\x{306E}\x{304C}\x{4F4F}\x{3080}\x{4E16}\x{3092}\x{3001}\x{304B}\x{304F}"
          RenderRuby (inline) {RUBY} at (0,0) size 18x20
            RenderRubyRun (anonymous) at (667,0) size 24x20
              RenderRubyText {RT} at (-9,0) size 14x20
                RenderText {#text} at (2,0) size 10x20
                  text run at (2,0) width 20: "\x{304B}\x{3093}"
              RenderRubyBase (anonymous) at (0,0) size 24x20
                RenderInline {RB} at (0,0) size 18x17
                  RenderText {#text} at (3,1) size 18x17
                    text run at (3,1) width 17: "\x{89B3}"
          RenderText {#text} at (670,20) size 18x67
            text run at (670,20) width 67: "\x{3058}\x{5F97}\x{3066}\x{3001}"
          RenderRuby (inline) {RUBY} at (0,0) size 18x80
            RenderRubyRun (anonymous) at (667,87) size 24x80
              RenderRubyText {RT} at (-9,0) size 14x80
                RenderText {#text} at (2,0) size 10x80
                  text run at (2,0) width 80: "\x{308C}\x{3044}\x{3060}\x{3044}\x{307B}\x{3046}\x{3059}\x{3093}"
              RenderRubyBase (anonymous) at (0,0) size 24x80
                RenderInline {RB} at (0,0) size 18x68
                  RenderText {#text} at (3,6) size 18x68
                    text run at (3,6) width 68: "\x{970A}\x{53F0}\x{65B9}\x{5BF8}"
          RenderText {#text} at (670,167) size 18x85
            text run at (670,167) width 85: "\x{306E}\x{30AB}\x{30E1}\x{30E9}\x{306B}"
          RenderRuby (inline) {RUBY} at (0,0) size 18x79
            RenderRubyRun (anonymous) at (667,252) size 24x79
              RenderRubyText {RT} at (-9,0) size 14x79
                RenderText {#text} at (2,0) size 10x79
                  text run at (2,0) width 79: "\x{304E}\x{3087}\x{3046}\x{304D}\x{3053}\x{3093}\x{3060}\x{304F}"
              RenderRubyBase (anonymous) at (0,0) size 24x79
                RenderInline {RB} at (0,0) size 18x68
                  RenderText {#text} at (3,5) size 18x68
                    text run at (3,5) width 68: "\x{6F86}\x{5B63}\x{6EB7}\x{6FC1}"
          RenderText {#text} at (670,331) size 46x477
            text run at (670,331) width 146: "\x{306E}\x{4FD7}\x{754C}\x{3092}\x{6E05}\x{304F}\x{3046}\x{3089}\x{3089}"
            text run at (698,0) width 65: "\x{304B}\x{306B}\x{53CE}\x{3081}"
          RenderRuby (inline) {RUBY} at (0,0) size 18x17
            RenderRubyRun (anonymous) at (695,65) size 24x17
              RenderRubyText {RT} at (-9,0) size 14x17
                RenderText {#text} at (2,3) size 10x10
                  text run at (2,3) width 10: "\x{3046}"
              RenderRubyBase (anonymous) at (0,0) size 24x17
                RenderInline {RB} at (0,0) size 18x17
                  RenderText {#text} at (3,0) size 18x17
                    text run at (3,0) width 17: "\x{5F97}"
          RenderText {#text} at (698,82) size 18x34
            text run at (698,82) width 34: "\x{308C}\x{3070}"
          RenderRuby (inline) {RUBY} at (0,0) size 18x17
            RenderRubyRun (anonymous) at (695,116) size 24x17
              RenderRubyText {RT} at (-9,0) size 14x17
                RenderText {#text} at (2,3) size 10x10
                  text run at (2,3) width 10: "\x{305F}"
              RenderRubyBase (anonymous) at (0,0) size 24x17
                RenderInline {RB} at (0,0) size 18x17
                  RenderText {#text} at (3,0) size 18x17
                    text run at (3,0) width 17: "\x{8DB3}"
          RenderText {#text} at (698,133) size 18x101
            text run at (698,133) width 101: "\x{308B}\x{3002}\x{3053}\x{306E}\x{6545}\x{306B}"
          RenderRuby (inline) {RUBY} at (0,0) size 18x34
            RenderRubyRun (anonymous) at (695,234) size 24x34
              RenderRubyText {RT} at (-9,0) size 14x34
                RenderText {#text} at (2,2) size 10x30
                  text run at (2,2) width 30: "\x{3080}\x{305B}\x{3044}"
              RenderRubyBase (anonymous) at (0,0) size 24x34
                RenderInline {RB} at (0,0) size 18x34
                  RenderText {#text} at (3,0) size 18x34
                    text run at (3,0) width 34: "\x{7121}\x{58F0}"
          RenderText {#text} at (698,268) size 18x169
            text run at (698,268) width 169: "\x{306E}\x{8A69}\x{4EBA}\x{306B}\x{306F}\x{4E00}\x{53E5}\x{306A}\x{304F}\x{3001}"
          RenderRuby (inline) {RUBY} at (0,0) size 18x39
            RenderRubyRun (anonymous) at (695,437) size 24x39
              RenderRubyText {RT} at (-9,0) size 14x39
                RenderText {#text} at (2,0) size 10x39
                  text run at (2,0) width 39: "\x{3080}\x{3057}\x{3087}\x{304F}"
              RenderRubyBase (anonymous) at (0,0) size 24x39
                RenderInline {RB} at (0,0) size 18x34
                  RenderText {#text} at (3,2) size 18x34
                    text run at (3,2) width 34: "\x{7121}\x{8272}"
          RenderText {#text} at (726,0) size 18x85
            text run at (726,0) width 85: "\x{306E}\x{753B}\x{5BB6}\x{306B}\x{306F}"
          RenderRuby (inline) {RUBY} at (0,0) size 18x39
            RenderRubyRun (anonymous) at (723,85) size 24x39
              RenderRubyText {RT} at (-9,0) size 14x39
                RenderText {#text} at (2,0) size 10x39
                  text run at (2,0) width 39: "\x{305B}\x{3063}\x{3051}\x{3093}"
              RenderRubyBase (anonymous) at (0,0) size 24x39
                RenderInline {RB} at (0,0) size 18x34
                  RenderText {#text} at (3,2) size 18x34
                    text run at (3,2) width 34: "\x{5C3A}\x{7E11}"
          RenderText {#text} at (726,124) size 18x101
            text run at (726,124) width 101: "\x{306A}\x{304D}\x{3082}\x{3001}\x{304B}\x{304F}"
          RenderRuby (inline) {RUBY} at (0,0) size 18x40
            RenderRubyRun (anonymous) at (723,225) size 24x40
              RenderRubyText {RT} at (-9,0) size 14x40
                RenderText {#text} at (2,0) size 10x40
                  text run at (2,0) width 40: "\x{3058}\x{3093}\x{305B}\x{3044}"
              RenderRubyBase (anonymous) at (0,0) size 24x40
                RenderInline {RB} at (0,0) size 18x34
                  RenderText {#text} at (3,3) size 18x34
                    text run at (3,3) width 34: "\x{4EBA}\x{4E16}"
          RenderText {#text} at (726,265) size 46x475
            text run at (726,265) width 210: "\x{3092}\x{89B3}\x{3058}\x{5F97}\x{308B}\x{306E}\x{70B9}\x{306B}\x{304A}\x{3044}\x{3066}\x{3001}\x{304B}"
            text run at (754,0) width 17: "\x{304F}"
          RenderRuby (inline) {RUBY} at (0,0) size 18x40
            RenderRubyRun (anonymous) at (751,17) size 24x40
              RenderRubyText {RT} at (-9,0) size 14x40
                RenderText {#text} at (2,0) size 10x40
                  text run at (2,0) width 40: "\x{307C}\x{3093}\x{306E}\x{3046}"
              RenderRubyBase (anonymous) at (0,0) size 24x40
                RenderInline {RB} at (0,0) size 18x34
                  RenderText {#text} at (3,3) size 18x34
                    text run at (3,3) width 34: "\x{7169}\x{60A9}"
          RenderText {#text} at (754,57) size 18x17
            text run at (754,57) width 17: "\x{3092}"
          RenderRuby (inline) {RUBY} at (0,0) size 18x34
            RenderRubyRun (anonymous) at (751,74) size 24x34
              RenderRubyText {RT} at (-9,0) size 14x34
                RenderText {#text} at (2,2) size 10x30
                  text run at (2,2) width 30: "\x{3052}\x{3060}\x{3064}"
              RenderRubyBase (anonymous) at (0,0) size 24x34
                RenderInline {RB} at (0,0) size 18x34
                  RenderText {#text} at (3,0) size 18x34
                    text run at (3,0) width 34: "\x{89E3}\x{8131}"
          RenderText {#text} at (754,108) size 18x186
            text run at (754,108) width 186: "\x{3059}\x{308B}\x{306E}\x{70B9}\x{306B}\x{304A}\x{3044}\x{3066}\x{3001}\x{304B}\x{304F}"
          RenderRuby (inline) {RUBY} at (0,0) size 18x78
            RenderRubyRun (anonymous) at (751,294) size 24x78
              RenderRubyText {RT} at (-9,0) size 14x78
                RenderText {#text} at (2,0) size 10x78
                  text run at (2,0) width 78: "\x{3057}\x{3087}\x{3046}\x{3058}\x{3087}\x{3046}\x{304B}\x{3044}"
              RenderRubyBase (anonymous) at (0,0) size 24x78
                RenderInline {RB} at (0,0) size 18x51
                  RenderText {#text} at (3,13) size 18x51
                    text run at (3,13) width 51: "\x{6E05}\x{6D44}\x{754C}"
          RenderText {#text} at (754,372) size 18x17
            text run at (754,372) width 17: "\x{306B}"
          RenderRuby (inline) {RUBY} at (0,0) size 18x58
            RenderRubyRun (anonymous) at (751,389) size 24x58
              RenderRubyText {RT} at (-9,0) size 14x58
                RenderText {#text} at (2,0) size 10x58
                  text run at (2,0) width 58: "\x{3057}\x{3085}\x{3064}\x{306B}\x{3085}\x{3046}"
              RenderRubyBase (anonymous) at (0,0) size 24x58
                RenderInline {RB} at (0,0) size 18x34
                  RenderText {#text} at (3,12) size 18x34
                    text run at (3,12) width 34: "\x{51FA}\x{5165}"
          RenderText {#text} at (754,447) size 46x480
            text run at (754,447) width 33: "\x{3057}\x{5F97}"
            text run at (782,0) width 194: "\x{308B}\x{306E}\x{70B9}\x{306B}\x{304A}\x{3044}\x{3066}\x{3001}\x{307E}\x{305F}\x{3053}\x{306E}"
          RenderRuby (inline) {RUBY} at (0,0) size 18x68
            RenderRubyRun (anonymous) at (779,194) size 24x68
              RenderRubyText {RT} at (-9,0) size 14x68
                RenderText {#text} at (2,9) size 10x50
                  text run at (2,9) width 50: "\x{3075}\x{3069}\x{3046}\x{3075}\x{3058}"
              RenderRubyBase (anonymous) at (0,0) size 24x68
                RenderInline {RB} at (0,0) size 18x68
                  RenderText {#text} at (3,0) size 18x68
                    text run at (3,0) width 68: "\x{4E0D}\x{540C}\x{4E0D}\x{4E8C}"
          RenderText {#text} at (782,262) size 18x17
            text run at (782,262) width 17: "\x{306E}"
          RenderRuby (inline) {RUBY} at (0,0) size 18x40
            RenderRubyRun (anonymous) at (779,279) size 24x40
              RenderRubyText {RT} at (-9,0) size 14x40
                RenderText {#text} at (2,0) size 10x40
                  text run at (2,0) width 40: "\x{3051}\x{3093}\x{3053}\x{3093}"
              RenderRubyBase (anonymous) at (0,0) size 24x40
                RenderInline {RB} at (0,0) size 18x34
                  RenderText {#text} at (3,3) size 18x34
                    text run at (3,3) width 34: "\x{4E7E}\x{5764}"
          RenderText {#text} at (782,319) size 18x17
            text run at (782,319) width 17: "\x{3092}"
          RenderRuby (inline) {RUBY} at (0,0) size 18x49
            RenderRubyRun (anonymous) at (779,336) size 24x49
              RenderRubyText {RT} at (-9,0) size 14x49
                RenderText {#text} at (2,0) size 10x49
                  text run at (2,0) width 49: "\x{3053}\x{3093}\x{308A}\x{3085}\x{3046}"
              RenderRubyBase (anonymous) at (0,0) size 24x49
                RenderInline {RB} at (0,0) size 18x34
                  RenderText {#text} at (3,7) size 18x34
                    text run at (3,7) width 34: "\x{5EFA}\x{7ACB}"
          RenderText {#text} at (782,385) size 46x466
            text run at (782,385) width 81: "\x{3057}\x{5F97}\x{308B}\x{306E}\x{70B9}"
            text run at (810,0) width 81: "\x{306B}\x{304A}\x{3044}\x{3066}\x{3001}"
          RenderRuby (inline) {RUBY} at (0,0) size 18x68
            RenderRubyRun (anonymous) at (807,81) size 24x68
              RenderRubyText {RT} at (-9,0) size 14x68
                RenderText {#text} at (2,9) size 10x50
                  text run at (2,9) width 50: "\x{304C}\x{308A}\x{3057}\x{3088}\x{304F}"
              RenderRubyBase (anonymous) at (0,0) size 24x68
                RenderInline {RB} at (0,0) size 18x68
                  RenderText {#text} at (3,0) size 18x68
                    text run at (3,0) width 68: "\x{6211}\x{5229}\x{79C1}\x{617E}"
          RenderText {#text} at (810,149) size 18x17
            text run at (810,149) width 17: "\x{306E}"
          RenderRuby (inline) {RUBY} at (0,0) size 18x34
            RenderRubyRun (anonymous) at (807,166) size 24x34
              RenderRubyText {RT} at (-9,0) size 14x34
                RenderText {#text} at (2,2) size 10x30
                  text run at (2,2) width 30: "\x{304D}\x{306F}\x{3093}"
              RenderRubyBase (anonymous) at (0,0) size 24x34
                RenderInline {RB} at (0,0) size 18x34
                  RenderText {#text} at (3,0) size 18x34
                    text run at (3,0) width 34: "\x{898A}\x{7D46}"
          RenderText {#text} at (810,200) size 18x17
            text run at (810,200) width 17: "\x{3092}"
          RenderRuby (inline) {RUBY} at (0,0) size 18x40
            RenderRubyRun (anonymous) at (807,217) size 24x40
              RenderRubyText {RT} at (-9,0) size 14x40
                RenderText {#text} at (2,0) size 10x40
                  text run at (2,0) width 40: "\x{305D}\x{3046}\x{3068}\x{3046}"
              RenderRubyBase (anonymous) at (0,0) size 24x40
                RenderInline {RB} at (0,0) size 18x34
                  RenderText {#text} at (3,3) size 18x34
                    text run at (3,3) width 34: "\x{6383}\x{8569}"
          RenderText {#text} at (810,257) size 18x184
            text run at (810,257) width 184: "\x{3059}\x{308B}\x{306E}\x{70B9}\x{306B}\x{304A}\x{3044}\x{3066}\x{3001}\x{2015}\x{2015}"
          RenderRuby (inline) {RUBY} at (0,0) size 18x40
            RenderRubyRun (anonymous) at (807,441) size 24x40
              RenderRubyText {RT} at (-9,0) size 14x40
                RenderText {#text} at (2,0) size 10x40
                  text run at (2,0) width 40: "\x{305B}\x{3093}\x{304D}\x{3093}"
              RenderRubyBase (anonymous) at (0,0) size 24x40
                RenderInline {RB} at (0,0) size 18x34
                  RenderText {#text} at (3,3) size 18x34
                    text run at (3,3) width 34: "\x{5343}\x{91D1}"
          RenderText {#text} at (838,0) size 18x101
            text run at (838,0) width 101: "\x{306E}\x{5B50}\x{3088}\x{308A}\x{3082}\x{3001}"
          RenderRuby (inline) {RUBY} at (0,0) size 18x49
            RenderRubyRun (anonymous) at (835,101) size 24x49
              RenderRubyText {RT} at (-9,0) size 14x49
                RenderText {#text} at (2,0) size 10x49
                  text run at (2,0) width 49: "\x{3070}\x{3093}\x{3058}\x{3087}\x{3046}"
              RenderRubyBase (anonymous) at (0,0) size 24x49
                RenderInline {RB} at (0,0) size 18x34
                  RenderText {#text} at (3,7) size 18x34
                    text run at (3,7) width 34: "\x{4E07}\x{4E57}"
          RenderText {#text} at (838,150) size 18x220
            text run at (838,150) width 220: "\x{306E}\x{541B}\x{3088}\x{308A}\x{3082}\x{3001}\x{3042}\x{3089}\x{3086}\x{308B}\x{4FD7}\x{754C}\x{306E}"
          RenderRuby (inline) {RUBY} at (0,0) size 18x39
            RenderRubyRun (anonymous) at (835,370) size 24x39
              RenderRubyText {RT} at (-9,0) size 14x39
                RenderText {#text} at (2,0) size 10x39
                  text run at (2,0) width 39: "\x{3061}\x{3087}\x{3046}\x{3058}"
              RenderRubyBase (anonymous) at (0,0) size 24x39
                RenderInline {RB} at (0,0) size 18x34
                  RenderText {#text} at (3,2) size 18x34
                    text run at (3,2) width 34: "\x{5BF5}\x{5150}"
          RenderText {#text} at (838,409) size 42x474
            text run at (838,409) width 65: "\x{3088}\x{308A}\x{3082}\x{5E78}"
            text run at (862,0) width 81: "\x{798F}\x{3067}\x{3042}\x{308B}\x{3002}"
          RenderBR {BR} at (862,81) size 18x0
          RenderText {#text} at (890,0) size 18x274
            text run at (890,0) width 274: "\x{3000}\x{4E16}\x{306B}\x{4F4F}\x{3080}\x{3053}\x{3068}\x{4E8C}\x{5341}\x{5E74}\x{306B}\x{3057}\x{3066}\x{3001}\x{4F4F}\x{3080}\x{306B}"
          RenderRuby (inline) {RUBY} at (0,0) size 18x34
            RenderRubyRun (anonymous) at (887,274) size 24x34
              RenderRubyText {RT} at (-9,0) size 14x34
                RenderText {#text} at (2,7) size 10x20
                  text run at (2,7) width 20: "\x{304B}\x{3044}"
              RenderRubyBase (anonymous) at (0,0) size 24x34
                RenderInline {RB} at (0,0) size 18x34
                  RenderText {#text} at (3,0) size 18x34
                    text run at (3,0) width 34: "\x{7532}\x{6590}"
          RenderText {#text} at (890,308) size 46x470
            text run at (890,308) width 162: "\x{3042}\x{308B}\x{4E16}\x{3068}\x{77E5}\x{3063}\x{305F}\x{3002}\x{4E8C}\x{5341}"
            text run at (918,0) width 129: "\x{4E94}\x{5E74}\x{306B}\x{3057}\x{3066}\x{660E}\x{6697}\x{306F}"
          RenderRuby (inline) {RUBY} at (0,0) size 18x39
            RenderRubyRun (anonymous) at (915,129) size 24x39
              RenderRubyText {RT} at (-9,0) size 14x39
                RenderText {#text} at (2,0) size 10x39
                  text run at (2,0) width 39: "\x{3072}\x{3087}\x{3046}\x{308A}"
              RenderRubyBase (anonymous) at (0,0) size 24x39
                RenderInline {RB} at (0,0) size 18x34
                  RenderText {#text} at (3,2) size 18x34
                    text run at (3,2) width 34: "\x{8868}\x{88CF}"
          RenderText {#text} at (918,168) size 46x459
            text run at (918,168) width 291: "\x{306E}\x{3054}\x{3068}\x{304F}\x{3001}\x{65E5}\x{306E}\x{3042}\x{305F}\x{308B}\x{6240}\x{306B}\x{306F}\x{304D}\x{3063}\x{3068}\x{5F71}\x{304C}"
            text run at (946,0) width 162: "\x{3055}\x{3059}\x{3068}\x{609F}\x{3063}\x{305F}\x{3002}\x{4E09}\x{5341}\x{306E}"
          RenderRuby (inline) {RUBY} at (0,0) size 18x40
            RenderRubyRun (anonymous) at (943,162) size 24x40
              RenderRubyText {RT} at (-9,0) size 14x40
                RenderText {#text} at (2,0) size 10x40
                  text run at (2,0) width 40: "\x{3053}\x{3093}\x{306B}\x{3061}"
              RenderRubyBase (anonymous) at (0,0) size 24x40
                RenderInline {RB} at (0,0) size 18x34
                  RenderText {#text} at (3,3) size 18x34
                    text run at (3,3) width 34: "\x{4ECA}\x{65E5}"
          RenderText {#text} at (946,202) size 46x460
            text run at (946,202) width 258: "\x{306F}\x{3053}\x{3046}\x{601D}\x{3046}\x{3066}\x{3044}\x{308B}\x{3002}\x{2015}\x{2015}\x{559C}\x{3073}\x{306E}\x{6DF1}\x{304D}"
            text run at (974,0) width 33: "\x{3068}\x{304D}"
          RenderRuby (inline) {RUBY} at (0,0) size 18x30
            RenderRubyRun (anonymous) at (971,33) size 24x30
              RenderRubyText {RT} at (-9,0) size 14x30
                RenderText {#text} at (2,0) size 10x30
                  text run at (2,0) width 30: "\x{3046}\x{308C}\x{3044}"
              RenderRubyBase (anonymous) at (0,0) size 24x30
                RenderInline {RB} at (0,0) size 18x17
                  RenderText {#text} at (3,6) size 18x17
                    text run at (3,6) width 17: "\x{6182}"
          RenderText {#text} at (974,63) size 18x118
            text run at (974,63) width 118: "\x{3044}\x{3088}\x{3044}\x{3088}\x{6DF1}\x{304F}\x{3001}"
          RenderRuby (inline) {RUBY} at (0,0) size 18x30
            RenderRubyRun (anonymous) at (971,181) size 24x30
              RenderRubyText {RT} at (-9,0) size 14x30
                RenderText {#text} at (2,0) size 10x30
                  text run at (2,0) width 30: "\x{305F}\x{306E}\x{3057}"
              RenderRubyBase (anonymous) at (0,0) size 24x30
                RenderInline {RB} at (0,0) size 18x17
                  RenderText {#text} at (3,6) size 18x17
                    text run at (3,6) width 17: "\x{697D}"
          RenderText {#text} at (974,211) size 46x469
            text run at (974,211) width 258: "\x{307F}\x{306E}\x{5927}\x{3044}\x{306A}\x{308B}\x{307B}\x{3069}\x{82E6}\x{3057}\x{307F}\x{3082}\x{5927}\x{304D}\x{3044}\x{3002}"
            text run at (1002,0) width 291: "\x{3053}\x{308C}\x{3092}\x{5207}\x{308A}\x{653E}\x{305D}\x{3046}\x{3068}\x{3059}\x{308B}\x{3068}\x{8EAB}\x{304C}\x{6301}\x{3066}\x{306C}\x{3002}"
          RenderRuby (inline) {RUBY} at (0,0) size 18x20
            RenderRubyRun (anonymous) at (999,291) size 24x20
              RenderRubyText {RT} at (-9,0) size 14x20
                RenderText {#text} at (2,0) size 10x20
                  text run at (2,0) width 20: "\x{304B}\x{305F}"
              RenderRubyBase (anonymous) at (0,0) size 24x20
                RenderInline {RB} at (0,0) size 18x17
                  RenderText {#text} at (3,1) size 18x17
                    text run at (3,1) width 17: "\x{7247}"
          RenderText {#text} at (1002,311) size 46x457
            text run at (1002,311) width 146: "\x{3065}\x{3051}\x{3088}\x{3046}\x{3068}\x{3059}\x{308C}\x{3070}\x{4E16}"
            text run at (1030,0) width 274: "\x{304C}\x{7ACB}\x{305F}\x{306C}\x{3002}\x{91D1}\x{306F}\x{5927}\x{4E8B}\x{3060}\x{3001}\x{5927}\x{4E8B}\x{306A}\x{3082}\x{306E}\x{304C}"
          RenderRuby (inline) {RUBY} at (0,0) size 18x17
            RenderRubyRun (anonymous) at (1027,274) size 24x17
              RenderRubyText {RT} at (-9,0) size 14x17
                RenderText {#text} at (2,3) size 10x10
                  text run at (2,3) width 10: "\x{3075}"
              RenderRubyBase (anonymous) at (0,0) size 24x17
                RenderInline {RB} at (0,0) size 18x17
                  RenderText {#text} at (3,0) size 18x17
                    text run at (3,0) width 17: "\x{6B96}"
          RenderText {#text} at (1030,291) size 18x51
            text run at (1030,291) width 51: "\x{3048}\x{308C}\x{3070}"
          RenderRuby (inline) {RUBY} at (0,0) size 18x17
            RenderRubyRun (anonymous) at (1027,342) size 24x17
              RenderRubyText {RT} at (-9,0) size 14x17
                RenderText {#text} at (2,3) size 10x10
                  text run at (2,3) width 10: "\x{306D}"
              RenderRubyBase (anonymous) at (0,0) size 24x17
                RenderInline {RB} at (0,0) size 18x17
                  RenderText {#text} at (3,0) size 18x17
                    text run at (3,0) width 17: "\x{5BDD}"
          RenderText {#text} at (1030,359) size 18x17
            text run at (1030,359) width 17: "\x{308B}"
          RenderRuby (inline) {RUBY} at (0,0) size 18x17
            RenderRubyRun (anonymous) at (1027,376) size 24x17
              RenderRubyText {RT} at (-9,0) size 14x17
                RenderText {#text} at (2,3) size 10x10
                  text run at (2,3) width 10: "\x{307E}"
              RenderRubyBase (anonymous) at (0,0) size 24x17
                RenderInline {RB} at (0,0) size 18x17
                  RenderText {#text} at (3,0) size 18x17
                    text run at (3,0) width 17: "\x{9593}"
          RenderText {#text} at (1030,393) size 70x474
            text run at (1030,393) width 81: "\x{3082}\x{5FC3}\x{914D}\x{3060}\x{308D}"
            text run at (1054,0) width 468: "\x{3046}\x{3002}\x{604B}\x{306F}\x{3046}\x{308C}\x{3057}\x{3044}\x{3001}\x{5B09}\x{3057}\x{3044}\x{604B}\x{304C}\x{7A4D}\x{3082}\x{308C}\x{3070}\x{3001}\x{604B}\x{3092}\x{305B}\x{306C}\x{6614}\x{304C}\x{304B}\x{3048}\x{3063}\x{3066}"
            text run at (1082,0) width 274: "\x{604B}\x{3057}\x{304B}\x{308D}\x{3002}\x{95A3}\x{50DA}\x{306E}\x{80A9}\x{306F}\x{6570}\x{767E}\x{4E07}\x{4EBA}\x{306E}\x{8DB3}\x{3092}"
          RenderRuby (inline) {RUBY} at (0,0) size 18x20
            RenderRubyRun (anonymous) at (1079,274) size 24x20
              RenderRubyText {RT} at (-9,0) size 14x20
                RenderText {#text} at (2,0) size 10x20
                  text run at (2,0) width 20: "\x{3055}\x{3055}"
              RenderRubyBase (anonymous) at (0,0) size 24x20
                RenderInline {RB} at (0,0) size 18x17
                  RenderText {#text} at (3,1) size 18x17
                    text run at (3,1) width 17: "\x{652F}"
          RenderText {#text} at (1082,294) size 18x84
            text run at (1082,294) width 84: "\x{3048}\x{3066}\x{3044}\x{308B}\x{3002}"
          RenderRuby (inline) {RUBY} at (0,0) size 18x34
            RenderRubyRun (anonymous) at (1079,378) size 24x34
              RenderRubyText {RT} at (-9,0) size 14x34
                RenderText {#text} at (2,2) size 10x30
                  text run at (2,2) width 30: "\x{305B}\x{306A}\x{304B}"
              RenderRubyBase (anonymous) at (0,0) size 24x34
                RenderInline {RB} at (0,0) size 18x34
                  RenderText {#text} at (3,0) size 18x34
                    text run at (3,0) width 34: "\x{80CC}\x{4E2D}"
          RenderText {#text} at (1082,412) size 70x468
            text run at (1082,412) width 49: "\x{306B}\x{306F}\x{91CD}"
            text run at (1106,0) width 468: "\x{3044}\x{5929}\x{4E0B}\x{304C}\x{304A}\x{3076}\x{3055}\x{3063}\x{3066}\x{3044}\x{308B}\x{3002}\x{3046}\x{307E}\x{3044}\x{7269}\x{3082}\x{98DF}\x{308F}\x{306D}\x{3070}\x{60DC}\x{3057}\x{3044}\x{3002}\x{5C11}\x{3057}\x{98DF}\x{3048}"
            text run at (1134,0) width 17: "\x{3070}"
          RenderRuby (inline) {RUBY} at (0,0) size 18x17
            RenderRubyRun (anonymous) at (1131,17) size 24x17
              RenderRubyText {RT} at (-9,0) size 14x17
                RenderText {#text} at (2,3) size 10x10
                  text run at (2,3) width 10: "\x{3042}"
              RenderRubyBase (anonymous) at (0,0) size 24x17
                RenderInline {RB} at (0,0) size 18x17
                  RenderText {#text} at (3,0) size 18x17
                    text run at (3,0) width 17: "\x{98FD}"
          RenderText {#text} at (1134,34) size 18x17
            text run at (1134,34) width 17: "\x{304D}"
          RenderRuby (inline) {RUBY} at (0,0) size 18x17
            RenderRubyRun (anonymous) at (1131,51) size 24x17
              RenderRubyText {RT} at (-9,0) size 14x17
                RenderText {#text} at (2,3) size 10x10
                  text run at (2,3) width 10: "\x{305F}"
              RenderRubyBase (anonymous) at (0,0) size 24x17
                RenderInline {RB} at (0,0) size 18x17
                  RenderText {#text} at (3,0) size 18x17
                    text run at (3,0) width 17: "\x{8DB3}"
          RenderText {#text} at (1134,68) size 18x302
            text run at (1134,68) width 302: "\x{3089}\x{306C}\x{3002}\x{5B58}\x{5206}\x{98DF}\x{3048}\x{3070}\x{3042}\x{3068}\x{304C}\x{4E0D}\x{6109}\x{5FEB}\x{3060}\x{3002}\x{2026}\x{2026}"
          RenderBR {BR} at (1134,370) size 18x0
          RenderText {#text} at (1162,0) size 18x17
            text run at (1162,0) width 17: "\x{3000}"
          RenderRuby (inline) {RUBY} at (0,0) size 18x17
            RenderRubyRun (anonymous) at (1159,17) size 24x17
              RenderRubyText {RT} at (-9,0) size 14x17
                RenderText {#text} at (2,3) size 10x10
                  text run at (2,3) width 10: "\x{3088}"
              RenderRubyBase (anonymous) at (0,0) size 24x17
                RenderInline {RB} at (0,0) size 18x17
                  RenderText {#text} at (3,0) size 18x17
                    text run at (3,0) width 17: "\x{4F59}"
          RenderText {#text} at (1162,34) size 18x17
            text run at (1162,34) width 17: "\x{306E}"
          RenderRuby (inline) {RUBY} at (0,0) size 18x40
            RenderRubyRun (anonymous) at (1159,51) size 24x40
              RenderRubyText {RT} at (-9,0) size 14x40
                RenderText {#text} at (2,0) size 10x40
                  text run at (2,0) width 40: "\x{304B}\x{3093}\x{304C}\x{3048}"
              RenderRubyBase (anonymous) at (0,0) size 24x40
                RenderInline {RB} at (0,0) size 18x17
                  RenderText {#text} at (3,11) size 18x17
                    text run at (3,11) width 17: "\x{8003}"
          RenderText {#text} at (1162,91) size 18x271
            text run at (1162,91) width 271: "\x{304C}\x{3053}\x{3053}\x{307E}\x{3067}\x{6F02}\x{6D41}\x{3057}\x{3066}\x{6765}\x{305F}\x{6642}\x{306B}\x{3001}\x{4F59}\x{306E}"
          RenderRuby (inline) {RUBY} at (0,0) size 18x34
            RenderRubyRun (anonymous) at (1159,362) size 24x34
              RenderRubyText {RT} at (-9,0) size 14x34
                RenderText {#text} at (2,2) size 10x30
                  text run at (2,2) width 30: "\x{3046}\x{305D}\x{304F}"
              RenderRubyBase (anonymous) at (0,0) size 24x34
                RenderInline {RB} at (0,0) size 18x34
                  RenderText {#text} at (3,0) size 18x34
                    text run at (3,0) width 34: "\x{53F3}\x{8DB3}"
          RenderText {#text} at (1162,396) size 18x51
            text run at (1162,396) width 51: "\x{306F}\x{7A81}\x{7136}"
          RenderRuby (inline) {RUBY} at (0,0) size 18x20
            RenderRubyRun (anonymous) at (1159,447) size 24x20
              RenderRubyText {RT} at (-9,0) size 14x20
                RenderText {#text} at (2,0) size 10x20
                  text run at (2,0) width 20: "\x{3059}\x{308F}"
              RenderRubyBase (anonymous) at (0,0) size 24x20
                RenderInline {RB} at (0,0) size 18x17
                  RenderText {#text} at (3,1) size 18x17
                    text run at (3,1) width 17: "\x{5750}"
          RenderText {#text} at (1162,467) size 46x484
            text run at (1162,467) width 17: "\x{308A}"
            text run at (1190,0) width 65: "\x{306E}\x{308F}\x{308B}\x{3044}"
          RenderRuby (inline) {RUBY} at (0,0) size 18x40
            RenderRubyRun (anonymous) at (1187,65) size 24x40
              RenderRubyText {RT} at (-9,0) size 14x40
                RenderText {#text} at (2,0) size 10x40
                  text run at (2,0) width 40: "\x{304B}\x{304F}\x{3044}\x{3057}"
              RenderRubyBase (anonymous) at (0,0) size 24x40
                RenderInline {RB} at (0,0) size 18x34
                  RenderText {#text} at (3,3) size 18x34
                    text run at (3,3) width 34: "\x{89D2}\x{77F3}"
          RenderText {#text} at (1190,105) size 18x17
            text run at (1190,105) width 17: "\x{306E}"
          RenderRuby (inline) {RUBY} at (0,0) size 18x20
            RenderRubyRun (anonymous) at (1187,122) size 24x20
              RenderRubyText {RT} at (-9,0) size 14x20
                RenderText {#text} at (2,0) size 10x20
                  text run at (2,0) width 20: "\x{306F}\x{3057}"
              RenderRubyBase (anonymous) at (0,0) size 24x20
                RenderInline {RB} at (0,0) size 18x17
                  RenderText {#text} at (3,1) size 18x17
                    text run at (3,1) width 17: "\x{7AEF}"
          RenderText {#text} at (1190,142) size 18x51
            text run at (1190,142) width 51: "\x{3092}\x{8E0F}\x{307F}"
          RenderRuby (inline) {RUBY} at (0,0) size 18x17
            RenderRubyRun (anonymous) at (1187,193) size 24x17
              RenderRubyText {RT} at (-9,0) size 14x17
                RenderText {#text} at (2,3) size 10x10
                  text run at (2,3) width 10: "\x{305D}"
              RenderRubyBase (anonymous) at (0,0) size 24x17
                RenderInline {RB} at (0,0) size 18x17
                  RenderText {#text} at (3,0) size 18x17
                    text run at (3,0) width 17: "\x{640D}"
          RenderText {#text} at (1190,210) size 18x83
            text run at (1190,210) width 83: "\x{304F}\x{306A}\x{3063}\x{305F}\x{3002}"
          RenderRuby (inline) {RUBY} at (0,0) size 18x40
            RenderRubyRun (anonymous) at (1187,293) size 24x40
              RenderRubyText {RT} at (-9,0) size 14x40
                RenderText {#text} at (2,0) size 10x40
                  text run at (2,0) width 40: "\x{3078}\x{3044}\x{3053}\x{3046}"
              RenderRubyBase (anonymous) at (0,0) size 24x40
                RenderInline {RB} at (0,0) size 18x34
                  RenderText {#text} at (3,3) size 18x34
                    text run at (3,3) width 34: "\x{5E73}\x{8861}"
          RenderText {#text} at (1190,333) size 46x479
            text run at (1190,333) width 146: "\x{3092}\x{4FDD}\x{3064}\x{305F}\x{3081}\x{306B}\x{3001}\x{3059}\x{308F}"
            text run at (1218,0) width 146: "\x{3084}\x{3068}\x{524D}\x{306B}\x{98DB}\x{3073}\x{51FA}\x{3057}\x{305F}"
          RenderRuby (inline) {RUBY} at (0,0) size 18x34
            RenderRubyRun (anonymous) at (1215,146) size 24x34
              RenderRubyText {RT} at (-9,0) size 14x34
                RenderText {#text} at (2,2) size 10x30
                  text run at (2,2) width 30: "\x{3055}\x{305D}\x{304F}"
              RenderRubyBase (anonymous) at (0,0) size 24x34
                RenderInline {RB} at (0,0) size 18x34
                  RenderText {#text} at (3,0) size 18x34
                    text run at (3,0) width 34: "\x{5DE6}\x{8DB3}"
          RenderText {#text} at (1218,180) size 18x33
            text run at (1218,180) width 33: "\x{304C}\x{3001}"
          RenderRuby (inline) {RUBY} at (0,0) size 18x34
            RenderRubyRun (anonymous) at (1215,213) size 24x34
              RenderRubyText {RT} at (-9,0) size 14x34
                RenderText {#text} at (2,2) size 10x30
                  text run at (2,2) width 30: "\x{3057}\x{305D}\x{3093}"
              RenderRubyBase (anonymous) at (0,0) size 24x34
                RenderInline {RB} at (0,0) size 18x34
                  RenderText {#text} at (3,0) size 18x34
                    text run at (3,0) width 34: "\x{4ED5}\x{640D}"
          RenderText {#text} at (1218,247) size 18x34
            text run at (1218,247) width 34: "\x{3058}\x{306E}"
          RenderRuby (inline) {RUBY} at (0,0) size 18x17
            RenderRubyRun (anonymous) at (1215,281) size 24x17
              RenderRubyText {RT} at (-9,0) size 14x17
                RenderText {#text} at (2,3) size 10x10
                  text run at (2,3) width 10: "\x{3046}"
              RenderRubyBase (anonymous) at (0,0) size 24x17
                RenderInline {RB} at (0,0) size 18x17
                  RenderText {#text} at (3,0) size 18x17
                    text run at (3,0) width 17: "\x{57CB}"
          RenderText {#text} at (1218,298) size 18x17
            text run at (1218,298) width 17: "\x{3081}"
          RenderRuby (inline) {RUBY} at (0,0) size 18x20
            RenderRubyRun (anonymous) at (1215,315) size 24x20
              RenderRubyText {RT} at (-9,0) size 14x20
                RenderText {#text} at (2,0) size 10x20
                  text run at (2,0) width 20: "\x{3042}\x{308F}"
              RenderRubyBase (anonymous) at (0,0) size 24x20
                RenderInline {RB} at (0,0) size 18x17
                  RenderText {#text} at (3,1) size 18x17
                    text run at (3,1) width 17: "\x{5408}"
          RenderText {#text} at (1218,335) size 46x464
            text run at (1218,335) width 129: "\x{305B}\x{3092}\x{3059}\x{308B}\x{3068}\x{5171}\x{306B}\x{3001}"
            text run at (1246,0) width 129: "\x{4F59}\x{306E}\x{8170}\x{306F}\x{5177}\x{5408}\x{3088}\x{304F}"
          RenderRuby (inline) {RUBY} at (0,0) size 18x20
            RenderRubyRun (anonymous) at (1243,129) size 24x20
              RenderRubyText {RT} at (-9,0) size 14x20
                RenderText {#text} at (2,0) size 10x20
                  text run at (2,0) width 20: "\x{307B}\x{3046}"
              RenderRubyBase (anonymous) at (0,0) size 24x20
                RenderInline {RB} at (0,0) size 18x17
                  RenderText {#text} at (3,1) size 18x17
                    text run at (3,1) width 17: "\x{65B9}"
          RenderText {#text} at (1246,149) size 18x153
            text run at (1246,149) width 153: "\x{4E09}\x{5C3A}\x{307B}\x{3069}\x{306A}\x{5CA9}\x{306E}\x{4E0A}\x{306B}"
          RenderRuby (inline) {RUBY} at (0,0) size 18x17
            RenderRubyRun (anonymous) at (1243,302) size 24x17
              RenderRubyText {RT} at (-9,0) size 14x17
                RenderText {#text} at (2,3) size 10x10
                  text run at (2,3) width 10: "\x{304A}"
              RenderRubyBase (anonymous) at (0,0) size 24x17
                RenderInline {RB} at (0,0) size 18x17
                  RenderText {#text} at (3,0) size 18x17
                    text run at (3,0) width 17: "\x{5378}"
          RenderText {#text} at (1246,319) size 46x465
            text run at (1246,319) width 146: "\x{308A}\x{305F}\x{3002}\x{80A9}\x{306B}\x{304B}\x{3051}\x{305F}\x{7D75}"
            text run at (1274,0) width 65: "\x{306E}\x{5177}\x{7BB1}\x{304C}"
          RenderRuby (inline) {RUBY} at (0,0) size 18x20
            RenderRubyRun (anonymous) at (1271,65) size 24x20
              RenderRubyText {RT} at (-9,0) size 14x20
                RenderText {#text} at (2,0) size 10x20
                  text run at (2,0) width 20: "\x{308F}\x{304D}"
              RenderRubyBase (anonymous) at (0,0) size 24x20
                RenderInline {RB} at (0,0) size 18x17
                  RenderText {#text} at (3,1) size 18x17
                    text run at (3,1) width 17: "\x{814B}"
          RenderText {#text} at (1274,85) size 18x68
            text run at (1274,85) width 68: "\x{306E}\x{4E0B}\x{304B}\x{3089}"
          RenderRuby (inline) {RUBY} at (0,0) size 18x20
            RenderRubyRun (anonymous) at (1271,153) size 24x20
              RenderRubyText {RT} at (-9,0) size 14x20
                RenderText {#text} at (2,0) size 10x20
                  text run at (2,0) width 20: "\x{304A}\x{3069}"
              RenderRubyBase (anonymous) at (0,0) size 24x20
                RenderInline {RB} at (0,0) size 18x17
                  RenderText {#text} at (3,1) size 18x17
                    text run at (3,1) width 17: "\x{8E8D}"
          RenderText {#text} at (1274,173) size 18x186
            text run at (1274,173) width 186: "\x{308A}\x{51FA}\x{3057}\x{305F}\x{3060}\x{3051}\x{3067}\x{3001}\x{5E78}\x{3044}\x{3068}"
          RenderRuby (inline) {RUBY} at (0,0) size 18x20
            RenderRubyRun (anonymous) at (1271,359) size 24x20
              RenderRubyText {RT} at (-9,0) size 14x20
                RenderText {#text} at (2,0) size 10x20
                  text run at (2,0) width 20: "\x{306A}\x{3093}"
              RenderRubyBase (anonymous) at (0,0) size 24x20
                RenderInline {RB} at (0,0) size 18x17
                  RenderText {#text} at (3,1) size 18x17
                    text run at (3,1) width 17: "\x{4F55}"
          RenderText {#text} at (1274,379) size 42x476
            text run at (1274,379) width 97: "\x{306E}\x{4E8B}\x{3082}\x{306A}\x{304B}\x{3063}"
            text run at (1298,0) width 33: "\x{305F}\x{3002}"
          RenderBR {BR} at (1298,33) size 18x0
          RenderText {#text} at (1326,0) size 18x242
            text run at (1326,0) width 242: "\x{3000}\x{7ACB}\x{3061}\x{4E0A}\x{304C}\x{308B}\x{6642}\x{306B}\x{5411}\x{3046}\x{3092}\x{898B}\x{308B}\x{3068}\x{3001}"
          RenderRuby (inline) {RUBY} at (0,0) size 18x20
            RenderRubyRun (anonymous) at (1323,242) size 24x20
              RenderRubyText {RT} at (-9,0) size 14x20
                RenderText {#text} at (2,0) size 10x20
                  text run at (2,0) width 20: "\x{307F}\x{3061}"
              RenderRubyBase (anonymous) at (0,0) size 24x20
                RenderInline {RB} at (0,0) size 18x17
                  RenderText {#text} at (3,1) size 18x17
                    text run at (3,1) width 17: "\x{8DEF}"
          RenderText {#text} at (1326,262) size 46x456
            text run at (1326,262) width 194: "\x{304B}\x{3089}\x{5DE6}\x{306E}\x{65B9}\x{306B}\x{30D0}\x{30B1}\x{30C4}\x{3092}\x{4F0F}\x{305B}"
            text run at (1354,0) width 97: "\x{305F}\x{3088}\x{3046}\x{306A}\x{5CF0}\x{304C}"
          RenderRuby (inline) {RUBY} at (0,0) size 18x20
            RenderRubyRun (anonymous) at (1351,97) size 24x20
              RenderRubyText {RT} at (-9,0) size 14x20
                RenderText {#text} at (2,0) size 10x20
                  text run at (2,0) width 20: "\x{305D}\x{3073}"
              RenderRubyBase (anonymous) at (0,0) size 24x20
                RenderInline {RB} at (0,0) size 18x17
                  RenderText {#text} at (3,1) size 18x17
                    text run at (3,1) width 17: "\x{8073}"
          RenderText {#text} at (1354,117) size 18x118
            text run at (1354,117) width 118: "\x{3048}\x{3066}\x{3044}\x{308B}\x{3002}\x{6749}\x{304B}"
          RenderRuby (inline) {RUBY} at (0,0) size 18x30
            RenderRubyRun (anonymous) at (1351,235) size 24x30
              RenderRubyText {RT} at (-9,0) size 14x30
                RenderText {#text} at (2,0) size 10x30
                  text run at (2,0) width 30: "\x{3072}\x{306E}\x{304D}"
              RenderRubyBase (anonymous) at (0,0) size 24x30
                RenderInline {RB} at (0,0) size 18x17
                  RenderText {#text} at (3,6) size 18x17
                    text run at (3,6) width 17: "\x{6A9C}"
          RenderText {#text} at (1354,265) size 18x119
            text run at (1354,265) width 119: "\x{304B}\x{5206}\x{304B}\x{3089}\x{306A}\x{3044}\x{304C}"
          RenderRuby (inline) {RUBY} at (0,0) size 18x34
            RenderRubyRun (anonymous) at (1351,384) size 24x34
              RenderRubyText {RT} at (-9,0) size 14x34
                RenderText {#text} at (2,2) size 10x30
                  text run at (2,2) width 30: "\x{306D}\x{3082}\x{3068}"
              RenderRubyBase (anonymous) at (0,0) size 24x34
                RenderInline {RB} at (0,0) size 18x34
                  RenderText {#text} at (3,0) size 18x34
                    text run at (3,0) width 34: "\x{6839}\x{5143}"
          RenderText {#text} at (1354,418) size 18x34
            text run at (1354,418) width 34: "\x{304B}\x{3089}"
          RenderRuby (inline) {RUBY} at (0,0) size 18x30
            RenderRubyRun (anonymous) at (1351,452) size 24x30
              RenderRubyText {RT} at (-9,0) size 14x30
                RenderText {#text} at (2,0) size 10x30
                  text run at (2,0) width 30: "\x{3044}\x{305F}\x{3060}"
              RenderRubyBase (anonymous) at (0,0) size 24x30
                RenderInline {RB} at (0,0) size 18x17
                  RenderText {#text} at (3,6) size 18x17
                    text run at (3,6) width 17: "\x{9802}"
          RenderText {#text} at (1382,0) size 18x136
            text run at (1382,0) width 136: "\x{304D}\x{307E}\x{3067}\x{3053}\x{3068}\x{3054}\x{3068}\x{304F}"
          RenderRuby (inline) {RUBY} at (0,0) size 18x40
            RenderRubyRun (anonymous) at (1379,136) size 24x40
              RenderRubyText {RT} at (-9,0) size 14x40
                RenderText {#text} at (2,0) size 10x40
                  text run at (2,0) width 40: "\x{3042}\x{304A}\x{3050}\x{308D}"
              RenderRubyBase (anonymous) at (0,0) size 24x40
                RenderInline {RB} at (0,0) size 18x34
                  RenderText {#text} at (3,3) size 18x34
                    text run at (3,3) width 34: "\x{84BC}\x{9ED2}"
          RenderText {#text} at (1382,176) size 18x254
            text run at (1382,176) width 254: "\x{3044}\x{4E2D}\x{306B}\x{3001}\x{5C71}\x{685C}\x{304C}\x{8584}\x{8D64}\x{304F}\x{3060}\x{3093}\x{3060}\x{3089}\x{306B}"
          RenderRuby (inline) {RUBY} at (0,0) size 18x34
            RenderRubyRun (anonymous) at (1379,430) size 24x34
              RenderRubyText {RT} at (-9,0) size 14x34
                RenderText {#text} at (2,2) size 10x30
                  text run at (2,2) width 30: "\x{305F}\x{306A}\x{3073}"
              RenderRubyBase (anonymous) at (0,0) size 24x34
                RenderInline {RB} at (0,0) size 18x34
                  RenderText {#text} at (3,0) size 18x34
                    text run at (3,0) width 34: "\x{68DA}\x{5F15}"
          RenderText {#text} at (1382,464) size 46x481
            text run at (1382,464) width 17: "\x{3044}"
            text run at (1410,0) width 33: "\x{3066}\x{3001}"
          RenderRuby (inline) {RUBY} at (0,0) size 18x17
            RenderRubyRun (anonymous) at (1407,33) size 24x17
              RenderRubyText {RT} at (-9,0) size 14x17
                RenderText {#text} at (2,3) size 10x10
                  text run at (2,3) width 10: "\x{3064}"
              RenderRubyBase (anonymous) at (0,0) size 24x17
                RenderInline {RB} at (0,0) size 18x17
                  RenderText {#text} at (3,0) size 18x17
                    text run at (3,0) width 17: "\x{7D9A}"
          RenderText {#text} at (1410,50) size 18x17
            text run at (1410,50) width 17: "\x{304E}"
          RenderRuby (inline) {RUBY} at (0,0) size 18x17
            RenderRubyRun (anonymous) at (1407,67) size 24x17
              RenderRubyText {RT} at (-9,0) size 14x17
                RenderText {#text} at (2,3) size 10x10
                  text run at (2,3) width 10: "\x{3081}"
              RenderRubyBase (anonymous) at (0,0) size 24x17
                RenderInline {RB} at (0,0) size 18x17
                  RenderText {#text} at (3,0) size 18x17
                    text run at (3,0) width 17: "\x{76EE}"
          RenderText {#text} at (1410,84) size 18x17
            text run at (1410,84) width 17: "\x{304C}"
          RenderRuby (inline) {RUBY} at (0,0) size 18x20
            RenderRubyRun (anonymous) at (1407,101) size 24x20
              RenderRubyText {RT} at (-9,0) size 14x20
                RenderText {#text} at (2,0) size 10x20
                  text run at (2,0) width 20: "\x{3057}\x{304B}"
              RenderRubyBase (anonymous) at (0,0) size 24x20
                RenderInline {RB} at (0,0) size 18x17
                  RenderText {#text} at (3,1) size 18x17
                    text run at (3,1) width 17: "\x{78BA}"
          RenderText {#text} at (1410,121) size 18x119
            text run at (1410,121) width 119: "\x{3068}\x{898B}\x{3048}\x{306C}\x{304F}\x{3089}\x{3044}"
          RenderRuby (inline) {RUBY} at (0,0) size 18x20
            RenderRubyRun (anonymous) at (1407,240) size 24x20
              RenderRubyText {RT} at (-9,0) size 14x20
                RenderText {#text} at (2,0) size 10x20
                  text run at (2,0) width 20: "\x{3082}\x{3084}"
              RenderRubyBase (anonymous) at (0,0) size 24x20
                RenderInline {RB} at (0,0) size 18x17
                  RenderText {#text} at (3,1) size 18x17
                    text run at (3,1) width 17: "\x{9744}"
          RenderText {#text} at (1410,260) size 18x152
            text run at (1410,260) width 152: "\x{304C}\x{6FC3}\x{3044}\x{3002}\x{5C11}\x{3057}\x{624B}\x{524D}\x{306B}"
          RenderRuby (inline) {RUBY} at (0,0) size 18x40
            RenderRubyRun (anonymous) at (1407,412) size 24x40
              RenderRubyText {RT} at (-9,0) size 14x40
                RenderText {#text} at (2,0) size 10x40
                  text run at (2,0) width 40: "\x{306F}\x{3052}\x{3084}\x{307E}"
              RenderRubyBase (anonymous) at (0,0) size 24x40
                RenderInline {RB} at (0,0) size 18x34
                  RenderText {#text} at (3,3) size 18x34
                    text run at (3,3) width 34: "\x{79BF}\x{5C71}"
          RenderText {#text} at (1410,452) size 46x485
            text run at (1410,452) width 33: "\x{304C}\x{4E00}"
            text run at (1438,0) width 33: "\x{3064}\x{3001}"
          RenderRuby (inline) {RUBY} at (0,0) size 18x20
            RenderRubyRun (anonymous) at (1435,33) size 24x20
              RenderRubyText {RT} at (-9,0) size 14x20
                RenderText {#text} at (2,0) size 10x20
                  text run at (2,0) width 20: "\x{3050}\x{3093}"
              RenderRubyBase (anonymous) at (0,0) size 24x20
                RenderInline {RB} at (0,0) size 18x17
                  RenderText {#text} at (3,1) size 18x17
                    text run at (3,1) width 17: "\x{7FA4}"
          RenderText {#text} at (1438,53) size 18x102
            text run at (1438,53) width 102: "\x{3092}\x{306C}\x{304D}\x{3093}\x{3067}\x{3066}"
          RenderRuby (inline) {RUBY} at (0,0) size 18x20
            RenderRubyRun (anonymous) at (1435,155) size 24x20
              RenderRubyText {RT} at (-9,0) size 14x20
                RenderText {#text} at (2,0) size 10x20
                  text run at (2,0) width 20: "\x{307E}\x{3086}"
              RenderRubyBase (anonymous) at (0,0) size 24x20
                RenderInline {RB} at (0,0) size 18x17
                  RenderText {#text} at (3,1) size 18x17
                    text run at (3,1) width 17: "\x{7709}"
          RenderText {#text} at (1438,175) size 18x17
            text run at (1438,175) width 17: "\x{306B}"
          RenderRuby (inline) {RUBY} at (0,0) size 18x20
            RenderRubyRun (anonymous) at (1435,192) size 24x20
              RenderRubyText {RT} at (-9,0) size 14x20
                RenderText {#text} at (2,0) size 10x20
                  text run at (2,0) width 20: "\x{305B}\x{307E}"
              RenderRubyBase (anonymous) at (0,0) size 24x20
                RenderInline {RB} at (0,0) size 18x17
                  RenderText {#text} at (3,1) size 18x17
                    text run at (3,1) width 17: "\x{903C}"
          RenderText {#text} at (1438,212) size 18x33
            text run at (1438,212) width 33: "\x{308B}\x{3002}"
          RenderRuby (inline) {RUBY} at (0,0) size 18x17
            RenderRubyRun (anonymous) at (1435,245) size 24x17
              RenderRubyText {RT} at (-9,0) size 14x17
                RenderText {#text} at (2,3) size 10x10
                  text run at (2,3) width 10: "\x{306F}"
              RenderRubyBase (anonymous) at (0,0) size 24x17
                RenderInline {RB} at (0,0) size 18x17
                  RenderText {#text} at (3,0) size 18x17
                    text run at (3,0) width 17: "\x{79BF}"
          RenderText {#text} at (1438,262) size 18x136
            text run at (1438,262) width 136: "\x{3052}\x{305F}\x{5074}\x{9762}\x{306F}\x{5DE8}\x{4EBA}\x{306E}"
          RenderRuby (inline) {RUBY} at (0,0) size 18x20
            RenderRubyRun (anonymous) at (1435,398) size 24x20
              RenderRubyText {RT} at (-9,0) size 14x20
                RenderText {#text} at (2,0) size 10x20
                  text run at (2,0) width 20: "\x{304A}\x{306E}"
              RenderRubyBase (anonymous) at (0,0) size 24x20
                RenderInline {RB} at (0,0) size 18x17
                  RenderText {#text} at (3,1) size 18x17
                    text run at (3,1) width 17: "\x{65A7}"
          RenderText {#text} at (1438,418) size 18x17
            text run at (1438,418) width 17: "\x{3067}"
          RenderRuby (inline) {RUBY} at (0,0) size 18x20
            RenderRubyRun (anonymous) at (1435,435) size 24x20
              RenderRubyText {RT} at (-9,0) size 14x20
                RenderText {#text} at (2,0) size 10x20
                  text run at (2,0) width 20: "\x{3051}\x{305A}"
              RenderRubyBase (anonymous) at (0,0) size 24x20
                RenderInline {RB} at (0,0) size 18x17
                  RenderText {#text} at (3,1) size 18x17
                    text run at (3,1) width 17: "\x{524A}"
          RenderText {#text} at (1438,455) size 46x472
            text run at (1438,455) width 17: "\x{308A}"
            text run at (1466,0) width 291: "\x{53BB}\x{3063}\x{305F}\x{304B}\x{3001}\x{92ED}\x{3069}\x{304D}\x{5E73}\x{9762}\x{3092}\x{3084}\x{3051}\x{306B}\x{8C37}\x{306E}\x{5E95}\x{306B}"
          RenderRuby (inline) {RUBY} at (0,0) size 18x20
            RenderRubyRun (anonymous) at (1463,291) size 24x20
              RenderRubyText {RT} at (-9,0) size 14x20
                RenderText {#text} at (2,0) size 10x20
                  text run at (2,0) width 20: "\x{3046}\x{305A}"
              RenderRubyBase (anonymous) at (0,0) size 24x20
                RenderInline {RB} at (0,0) size 18x17
                  RenderText {#text} at (3,1) size 18x17
                    text run at (3,1) width 17: "\x{57CB}"
          RenderText {#text} at (1466,311) size 18x84
            text run at (1466,311) width 84: "\x{3081}\x{3066}\x{3044}\x{308B}\x{3002}"
          RenderRuby (inline) {RUBY} at (0,0) size 18x39
            RenderRubyRun (anonymous) at (1463,395) size 24x39
              RenderRubyText {RT} at (-9,0) size 14x39
                RenderText {#text} at (2,0) size 10x39
                  text run at (2,0) width 39: "\x{3066}\x{3063}\x{307A}\x{3093}"
              RenderRubyBase (anonymous) at (0,0) size 24x39
                RenderInline {RB} at (0,0) size 18x34
                  RenderText {#text} at (3,2) size 18x34
                    text run at (3,2) width 34: "\x{5929}\x{8FBA}"
          RenderText {#text} at (1466,434) size 46x467
            text run at (1466,434) width 33: "\x{306B}\x{4E00}"
            text run at (1494,0) width 307: "\x{672C}\x{898B}\x{3048}\x{308B}\x{306E}\x{306F}\x{8D64}\x{677E}\x{3060}\x{308D}\x{3046}\x{3002}\x{679D}\x{306E}\x{9593}\x{306E}\x{7A7A}\x{3055}\x{3048}"
          RenderRuby (inline) {RUBY} at (0,0) size 18x39
            RenderRubyRun (anonymous) at (1491,307) size 24x39
              RenderRubyText {RT} at (-9,0) size 14x39
                RenderText {#text} at (2,0) size 10x39
                  text run at (2,0) width 39: "\x{306F}\x{3063}\x{304D}\x{308A}"
              RenderRubyBase (anonymous) at (0,0) size 24x39
                RenderInline {RB} at (0,0) size 18x34
                  RenderText {#text} at (3,2) size 18x34
                    text run at (3,2) width 34: "\x{5224}\x{7136}"
          RenderText {#text} at (1494,346) size 46x459
            text run at (1494,346) width 113: "\x{3057}\x{3066}\x{3044}\x{308B}\x{3002}\x{884C}\x{304F}"
            text run at (1522,0) width 339: "\x{624B}\x{306F}\x{4E8C}\x{4E01}\x{307B}\x{3069}\x{3067}\x{5207}\x{308C}\x{3066}\x{3044}\x{308B}\x{304C}\x{3001}\x{9AD8}\x{3044}\x{6240}\x{304B}\x{3089}\x{8D64}\x{3044}"
          RenderRuby (inline) {RUBY} at (0,0) size 18x34
            RenderRubyRun (anonymous) at (1519,339) size 24x34
              RenderRubyText {RT} at (-9,0) size 14x34
                RenderText {#text} at (2,2) size 10x29
                  text run at (2,2) width 29: "\x{3051}\x{3063}\x{3068}"
              RenderRubyBase (anonymous) at (0,0) size 24x34
                RenderInline {RB} at (0,0) size 18x34
                  RenderText {#text} at (3,0) size 18x34
                    text run at (3,0) width 34: "\x{6BDB}\x{5E03}"
          RenderText {#text} at (1522,373) size 46x470
            text run at (1522,373) width 97: "\x{304C}\x{52D5}\x{3044}\x{3066}\x{6765}\x{308B}"
            text run at (1550,0) width 419: "\x{306E}\x{3092}\x{898B}\x{308B}\x{3068}\x{3001}\x{767B}\x{308C}\x{3070}\x{3042}\x{3059}\x{3053}\x{3078}\x{51FA}\x{308B}\x{306E}\x{3060}\x{308D}\x{3046}\x{3002}\x{8DEF}\x{306F}\x{3059}\x{3053}\x{3076}\x{308B}"
          RenderRuby (inline) {RUBY} at (0,0) size 18x34
            RenderRubyRun (anonymous) at (1547,419) size 24x34
              RenderRubyText {RT} at (-9,0) size 14x34
                RenderText {#text} at (2,2) size 10x30
                  text run at (2,2) width 30: "\x{306A}\x{3093}\x{304E}"
              RenderRubyBase (anonymous) at (0,0) size 24x34
                RenderInline {RB} at (0,0) size 18x34
                  RenderText {#text} at (3,0) size 18x34
                    text run at (3,0) width 34: "\x{96E3}\x{7FA9}"
          RenderText {#text} at (1574,0) size 18x33
            text run at (1574,0) width 33: "\x{3060}\x{3002}"
          RenderBR {BR} at (1574,33) size 18x0
          RenderText {#text} at (1602,0) size 18x210
            text run at (1602,0) width 210: "\x{3000}\x{571F}\x{3092}\x{306A}\x{3089}\x{3059}\x{3060}\x{3051}\x{306A}\x{3089}\x{3055}\x{307B}\x{3069}"
          RenderRuby (inline) {RUBY} at (0,0) size 18x34
            RenderRubyRun (anonymous) at (1599,210) size 24x34
              RenderRubyText {RT} at (-9,0) size 14x34
                RenderText {#text} at (2,7) size 10x20
                  text run at (2,7) width 20: "\x{3066}\x{307E}"
              RenderRubyBase (anonymous) at (0,0) size 24x34
                RenderInline {RB} at (0,0) size 18x34
                  RenderText {#text} at (3,0) size 18x34
                    text run at (3,0) width 34: "\x{624B}\x{9593}"
          RenderText {#text} at (1602,244) size 18x17
            text run at (1602,244) width 17: "\x{3082}"
          RenderRuby (inline) {RUBY} at (0,0) size 18x17
            RenderRubyRun (anonymous) at (1599,261) size 24x17
              RenderRubyText {RT} at (-9,0) size 14x17
                RenderText {#text} at (2,3) size 10x10
                  text run at (2,3) width 10: "\x{3044}"
              RenderRubyBase (anonymous) at (0,0) size 24x17
                RenderInline {RB} at (0,0) size 18x17
                  RenderText {#text} at (3,0) size 18x17
                    text run at (3,0) width 17: "\x{5165}"
          RenderText {#text} at (1602,278) size 46x472
            text run at (1602,278) width 194: "\x{308B}\x{307E}\x{3044}\x{304C}\x{3001}\x{571F}\x{306E}\x{4E2D}\x{306B}\x{306F}\x{5927}\x{304D}"
            text run at (1630,0) width 129: "\x{306A}\x{77F3}\x{304C}\x{3042}\x{308B}\x{3002}\x{571F}\x{306F}"
          RenderRuby (inline) {RUBY} at (0,0) size 18x20
            RenderRubyRun (anonymous) at (1627,129) size 24x20
              RenderRubyText {RT} at (-9,0) size 14x20
                RenderText {#text} at (2,0) size 10x20
                  text run at (2,0) width 20: "\x{305F}\x{3044}"
              RenderRubyBase (anonymous) at (0,0) size 24x20
                RenderInline {RB} at (0,0) size 18x17
                  RenderText {#text} at (3,1) size 18x17
                    text run at (3,1) width 17: "\x{5E73}"
          RenderText {#text} at (1630,149) size 46x456
            text run at (1630,149) width 307: "\x{3089}\x{306B}\x{3057}\x{3066}\x{3082}\x{77F3}\x{306F}\x{5E73}\x{3089}\x{306B}\x{306A}\x{3089}\x{306C}\x{3002}\x{77F3}\x{306F}\x{5207}\x{308A}\x{7815}"
            text run at (1658,0) width 210: "\x{3044}\x{3066}\x{3082}\x{3001}\x{5CA9}\x{306F}\x{59CB}\x{672B}\x{304C}\x{3064}\x{304B}\x{306C}\x{3002}"
          RenderRuby (inline) {RUBY} at (0,0) size 18x40
            RenderRubyRun (anonymous) at (1655,210) size 24x40
              RenderRubyText {RT} at (-9,0) size 14x40
                RenderText {#text} at (2,0) size 10x40
                  text run at (2,0) width 40: "\x{307B}\x{308A}\x{304F}\x{305A}"
              RenderRubyBase (anonymous) at (0,0) size 24x40
                RenderInline {RB} at (0,0) size 18x34
                  RenderText {#text} at (3,3) size 18x34
                    text run at (3,3) width 34: "\x{6398}\x{5D29}"
          RenderText {#text} at (1658,250) size 18x102
            text run at (1658,250) width 102: "\x{3057}\x{305F}\x{571F}\x{306E}\x{4E0A}\x{306B}"
          RenderRuby (inline) {RUBY} at (0,0) size 18x40
            RenderRubyRun (anonymous) at (1655,352) size 24x40
              RenderRubyText {RT} at (-9,0) size 14x40
                RenderText {#text} at (2,0) size 10x40
                  text run at (2,0) width 40: "\x{3086}\x{3046}\x{305C}\x{3093}"
              RenderRubyBase (anonymous) at (0,0) size 24x40
                RenderInline {RB} at (0,0) size 18x34
                  RenderText {#text} at (3,3) size 18x34
                    text run at (3,3) width 34: "\x{60A0}\x{7136}"
          RenderText {#text} at (1658,392) size 18x17
            text run at (1658,392) width 17: "\x{3068}"
          RenderRuby (inline) {RUBY} at (0,0) size 18x30
            RenderRubyRun (anonymous) at (1655,409) size 24x30
              RenderRubyText {RT} at (-9,0) size 14x30
                RenderText {#text} at (2,0) size 10x30
                  text run at (2,0) width 30: "\x{305D}\x{3070}\x{3060}"
              RenderRubyBase (anonymous) at (0,0) size 24x30
                RenderInline {RB} at (0,0) size 18x17
                  RenderText {#text} at (3,6) size 18x17
                    text run at (3,6) width 17: "\x{5CD9}"
          RenderText {#text} at (1658,439) size 46x456
            text run at (1658,439) width 17: "\x{3063}"
            text run at (1686,0) width 194: "\x{3066}\x{3001}\x{543E}\x{3089}\x{306E}\x{305F}\x{3081}\x{306B}\x{9053}\x{3092}\x{8B72}\x{308B}"
          RenderRuby (inline) {RUBY} at (0,0) size 18x34
            RenderRubyRun (anonymous) at (1683,194) size 24x34
              RenderRubyText {RT} at (-9,0) size 14x34
                RenderText {#text} at (2,2) size 10x30
                  text run at (2,2) width 30: "\x{3051}\x{3057}\x{304D}"
              RenderRubyBase (anonymous) at (0,0) size 24x34
                RenderInline {RB} at (0,0) size 18x34
                  RenderText {#text} at (3,0) size 18x34
                    text run at (3,0) width 34: "\x{666F}\x{8272}"
          RenderText {#text} at (1686,228) size 46x470
            text run at (1686,228) width 242: "\x{306F}\x{306A}\x{3044}\x{3002}\x{5411}\x{3046}\x{3067}\x{805E}\x{304B}\x{306C}\x{4E0A}\x{306F}\x{4E57}\x{308A}\x{8D8A}"
            text run at (1714,0) width 210: "\x{3059}\x{304B}\x{3001}\x{5EFB}\x{3089}\x{306A}\x{3051}\x{308C}\x{3070}\x{306A}\x{3089}\x{3093}\x{3002}"
          RenderRuby (inline) {RUBY} at (0,0) size 18x20
            RenderRubyRun (anonymous) at (1711,210) size 24x20
              RenderRubyText {RT} at (-9,0) size 14x20
                RenderText {#text} at (2,0) size 10x20
                  text run at (2,0) width 20: "\x{3044}\x{308F}"
              RenderRubyBase (anonymous) at (0,0) size 24x20
                RenderInline {RB} at (0,0) size 18x17
                  RenderText {#text} at (3,1) size 18x17
                    text run at (3,1) width 17: "\x{5DCC}"
          RenderText {#text} at (1714,230) size 18x119
            text run at (1714,230) width 119: "\x{306E}\x{306A}\x{3044}\x{6240}\x{3067}\x{3055}\x{3048}"
          RenderRuby (inline) {RUBY} at (0,0) size 18x17
            RenderRubyRun (anonymous) at (1711,349) size 24x17
              RenderRubyText {RT} at (-9,0) size 14x17
                RenderText {#text} at (2,3) size 10x10
                  text run at (2,3) width 10: "\x{3042}"
              RenderRubyBase (anonymous) at (0,0) size 24x17
                RenderInline {RB} at (0,0) size 18x17
                  RenderText {#text} at (3,0) size 18x17
                    text run at (3,0) width 17: "\x{6B69}"
          RenderText {#text} at (1714,366) size 46x463
            text run at (1714,366) width 97: "\x{308B}\x{304D}\x{3088}\x{304F}\x{306F}\x{306A}"
            text run at (1742,0) width 210: "\x{3044}\x{3002}\x{5DE6}\x{53F3}\x{304C}\x{9AD8}\x{304F}\x{3063}\x{3066}\x{3001}\x{4E2D}\x{5FC3}\x{304C}"
          RenderRuby (inline) {RUBY} at (0,0) size 18x20
            RenderRubyRun (anonymous) at (1739,210) size 24x20
              RenderRubyText {RT} at (-9,0) size 14x20
                RenderText {#text} at (2,0) size 10x20
                  text run at (2,0) width 20: "\x{304F}\x{307C}"
              RenderRubyBase (anonymous) at (0,0) size 24x20
                RenderInline {RB} at (0,0) size 18x17
                  RenderText {#text} at (3,1) size 18x17
                    text run at (3,1) width 17: "\x{7AAA}"
          RenderText {#text} at (1742,230) size 18x135
            text run at (1742,230) width 135: "\x{3093}\x{3067}\x{3001}\x{307E}\x{308B}\x{3067}\x{4E00}\x{9593}"
          RenderRuby (inline) {RUBY} at (0,0) size 18x20
            RenderRubyRun (anonymous) at (1739,365) size 24x20
              RenderRubyText {RT} at (-9,0) size 14x20
                RenderText {#text} at (2,0) size 10x20
                  text run at (2,0) width 20: "\x{306F}\x{3070}"
              RenderRubyBase (anonymous) at (0,0) size 24x20
                RenderInline {RB} at (0,0) size 18x17
                  RenderText {#text} at (3,1) size 18x17
                    text run at (3,1) width 17: "\x{5E45}"
          RenderText {#text} at (1742,385) size 18x68
            text run at (1742,385) width 68: "\x{3092}\x{4E09}\x{89D2}\x{306B}"
          RenderRuby (inline) {RUBY} at (0,0) size 18x17
            RenderRubyRun (anonymous) at (1739,453) size 24x17
              RenderRubyText {RT} at (-9,0) size 14x17
                RenderText {#text} at (2,3) size 10x10
                  text run at (2,3) width 10: "\x{304F}"
              RenderRubyBase (anonymous) at (0,0) size 24x17
                RenderInline {RB} at (0,0) size 18x17
                  RenderText {#text} at (3,0) size 18x17
                    text run at (3,0) width 17: "\x{7A7F}"
          RenderText {#text} at (1770,0) size 18x135
            text run at (1770,0) width 135: "\x{3063}\x{3066}\x{3001}\x{305D}\x{306E}\x{9802}\x{70B9}\x{304C}"
          RenderRuby (inline) {RUBY} at (0,0) size 18x40
            RenderRubyRun (anonymous) at (1767,135) size 24x40
              RenderRubyText {RT} at (-9,0) size 14x40
                RenderText {#text} at (2,0) size 10x40
                  text run at (2,0) width 40: "\x{307E}\x{3093}\x{306A}\x{304B}"
              RenderRubyBase (anonymous) at (0,0) size 24x40
                RenderInline {RB} at (0,0) size 18x34
                  RenderText {#text} at (3,3) size 18x34
                    text run at (3,3) width 34: "\x{771F}\x{4E2D}"
          RenderText {#text} at (1770,175) size 18x17
            text run at (1770,175) width 17: "\x{3092}"
          RenderRuby (inline) {RUBY} at (0,0) size 18x30
            RenderRubyRun (anonymous) at (1767,192) size 24x30
              RenderRubyText {RT} at (-9,0) size 14x30
                RenderText {#text} at (2,0) size 10x30
                  text run at (2,0) width 30: "\x{3064}\x{3089}\x{306C}"
              RenderRubyBase (anonymous) at (0,0) size 24x30
                RenderInline {RB} at (0,0) size 18x17
                  RenderText {#text} at (3,6) size 18x17
                    text run at (3,6) width 17: "\x{8CAB}"
          RenderText {#text} at (1770,222) size 46x480
            text run at (1770,222) width 258: "\x{3044}\x{3066}\x{3044}\x{308B}\x{3068}\x{8A55}\x{3057}\x{3066}\x{3082}\x{3088}\x{3044}\x{3002}\x{8DEF}\x{3092}\x{884C}\x{304F}"
            text run at (1798,0) width 146: "\x{3068}\x{4E91}\x{308F}\x{3093}\x{3088}\x{308A}\x{5DDD}\x{5E95}\x{3092}"
          RenderRuby (inline) {RUBY} at (0,0) size 18x20
            RenderRubyRun (anonymous) at (1795,146) size 24x20
              RenderRubyText {RT} at (-9,0) size 14x20
                RenderText {#text} at (2,0) size 10x20
                  text run at (2,0) width 20: "\x{308F}\x{305F}"
              RenderRubyBase (anonymous) at (0,0) size 24x20
                RenderInline {RB} at (0,0) size 18x17
                  RenderText {#text} at (3,1) size 18x17
                    text run at (3,1) width 17: "\x{6E09}"
          RenderText {#text} at (1798,166) size 18x169
            text run at (1798,166) width 169: "\x{308B}\x{3068}\x{4E91}\x{3046}\x{65B9}\x{304C}\x{9069}\x{5F53}\x{3060}\x{3002}"
          RenderRuby (inline) {RUBY} at (0,0) size 18x20
            RenderRubyRun (anonymous) at (1795,335) size 24x20
              RenderRubyText {RT} at (-9,0) size 14x20
                RenderText {#text} at (2,0) size 10x20
                  text run at (2,0) width 20: "\x{3082}\x{3068}"
              RenderRubyBase (anonymous) at (0,0) size 24x20
                RenderInline {RB} at (0,0) size 18x17
                  RenderText {#text} at (3,1) size 18x17
                    text run at (3,1) width 17: "\x{56FA}"
          RenderText {#text} at (1798,355) size 46x468
            text run at (1798,355) width 113: "\x{3088}\x{308A}\x{6025}\x{3050}\x{65C5}\x{3067}\x{306A}"
            text run at (1826,0) width 146: "\x{3044}\x{304B}\x{3089}\x{3001}\x{3076}\x{3089}\x{3076}\x{3089}\x{3068}"
          RenderRuby (inline) {RUBY} at (0,0) size 18x40
            RenderRubyRun (anonymous) at (1823,146) size 24x40
              RenderRubyText {RT} at (-9,0) size 14x40
                RenderText {#text} at (2,0) size 10x40
                  text run at (2,0) width 40: "\x{306A}\x{306A}\x{307E}\x{304C}"
              RenderRubyBase (anonymous) at (0,0) size 24x40
                RenderInline {RB} at (0,0) size 18x34
                  RenderText {#text} at (3,3) size 18x34
                    text run at (3,3) width 34: "\x{4E03}\x{66F2}"
          RenderText {#text} at (1826,186) size 18x101
            text run at (1826,186) width 101: "\x{308A}\x{3078}\x{304B}\x{304B}\x{308B}\x{3002}"
          RenderBR {BR} at (1826,287) size 18x0
          RenderText {#text} at (1854,0) size 18x146
            text run at (1854,0) width 146: "\x{3000}\x{305F}\x{3061}\x{307E}\x{3061}\x{8DB3}\x{306E}\x{4E0B}\x{3067}"
          RenderRuby (inline) {RUBY} at (0,0) size 18x34
            RenderRubyRun (anonymous) at (1851,146) size 24x34
              RenderRubyText {RT} at (-9,0) size 14x34
                RenderText {#text} at (2,2) size 10x30
                  text run at (2,2) width 30: "\x{3072}\x{3070}\x{308A}"
              RenderRubyBase (anonymous) at (0,0) size 24x34
                RenderInline {RB} at (0,0) size 18x34
                  RenderText {#text} at (3,0) size 18x34
                    text run at (3,0) width 34: "\x{96F2}\x{96C0}"
          RenderText {#text} at (1854,180) size 18x169
            text run at (1854,180) width 169: "\x{306E}\x{58F0}\x{304C}\x{3057}\x{51FA}\x{3057}\x{305F}\x{3002}\x{8C37}\x{3092}"
          RenderRuby (inline) {RUBY} at (0,0) size 18x34
            RenderRubyRun (anonymous) at (1851,349) size 24x34
              RenderRubyText {RT} at (-9,0) size 14x34
                RenderText {#text} at (2,2) size 10x30
                  text run at (2,2) width 30: "\x{307F}\x{304A}\x{308D}"
              RenderRubyBase (anonymous) at (0,0) size 24x34
                RenderInline {RB} at (0,0) size 18x34
                  RenderText {#text} at (3,0) size 18x34
                    text run at (3,0) width 34: "\x{898B}\x{4E0B}"
          RenderText {#text} at (1854,383) size 70x480
            text run at (1854,383) width 97: "\x{3057}\x{305F}\x{304C}\x{3001}\x{3069}\x{3053}"
            text run at (1878,0) width 452: "\x{3067}\x{9CF4}\x{3044}\x{3066}\x{308B}\x{304B}\x{5F71}\x{3082}\x{5F62}\x{3082}\x{898B}\x{3048}\x{306C}\x{3002}\x{305F}\x{3060}\x{58F0}\x{3060}\x{3051}\x{304C}\x{660E}\x{3089}\x{304B}\x{306B}\x{805E}\x{3048}\x{308B}\x{3002}"
            text run at (1906,0) width 65: "\x{305B}\x{3063}\x{305B}\x{3068}"
          RenderRuby (inline) {RUBY} at (0,0) size 18x20
            RenderRubyRun (anonymous) at (1903,65) size 24x20
              RenderRubyText {RT} at (-9,0) size 14x20
                RenderText {#text} at (2,0) size 10x20
                  text run at (2,0) width 20: "\x{305B}\x{308F}"
              RenderRubyBase (anonymous) at (0,0) size 24x20
                RenderInline {RB} at (0,0) size 18x17
                  RenderText {#text} at (3,1) size 18x17
                    text run at (3,1) width 17: "\x{5FD9}"
          RenderText {#text} at (1906,85) size 18x50
            text run at (1906,85) width 50: "\x{3057}\x{304F}\x{3001}"
          RenderRuby (inline) {RUBY} at (0,0) size 18x34
            RenderRubyRun (anonymous) at (1903,135) size 24x34
              RenderRubyText {RT} at (-9,0) size 14x34
                RenderText {#text} at (2,2) size 10x30
                  text run at (2,2) width 30: "\x{305F}\x{3048}\x{307E}"
              RenderRubyBase (anonymous) at (0,0) size 24x34
                RenderInline {RB} at (0,0) size 18x34
                  RenderText {#text} at (3,0) size 18x34
                    text run at (3,0) width 34: "\x{7D76}\x{9593}"
          RenderText {#text} at (1906,169) size 18x135
            text run at (1906,169) width 135: "\x{306A}\x{304F}\x{9CF4}\x{3044}\x{3066}\x{3044}\x{308B}\x{3002}"
          RenderRuby (inline) {RUBY} at (0,0) size 18x51
            RenderRubyRun (anonymous) at (1903,304) size 24x51
              RenderRubyText {RT} at (-9,0) size 14x51
                RenderText {#text} at (2,0) size 10x50
                  text run at (2,0) width 50: "\x{307B}\x{3046}\x{3044}\x{304F}\x{308A}"
              RenderRubyBase (anonymous) at (0,0) size 24x51
                RenderInline {RB} at (0,0) size 18x51
                  RenderText {#text} at (3,0) size 18x51
                    text run at (3,0) width 51: "\x{65B9}\x{5E7E}\x{91CC}"
          RenderText {#text} at (1906,355) size 18x119
            text run at (1906,355) width 119: "\x{306E}\x{7A7A}\x{6C17}\x{304C}\x{4E00}\x{9762}\x{306B}"
          RenderRuby (inline) {RUBY} at (0,0) size 18x20
            RenderRubyRun (anonymous) at (1931,0) size 24x20
              RenderRubyText {RT} at (-9,0) size 14x20
                RenderText {#text} at (2,0) size 10x20
                  text run at (2,0) width 20: "\x{306E}\x{307F}"
              RenderRubyBase (anonymous) at (0,0) size 24x20
                RenderInline {RB} at (0,0) size 18x17
                  RenderText {#text} at (3,1) size 18x17
                    text run at (3,1) width 17: "\x{86A4}"
          RenderText {#text} at (1934,20) size 18x441
            text run at (1934,20) width 441: "\x{306B}\x{523A}\x{3055}\x{308C}\x{3066}\x{3044}\x{305F}\x{305F}\x{307E}\x{308C}\x{306A}\x{3044}\x{3088}\x{3046}\x{306A}\x{6C17}\x{304C}\x{3059}\x{308B}\x{3002}\x{3042}\x{306E}\x{9CE5}\x{306E}\x{9CF4}\x{304F}"
          RenderRuby (inline) {RUBY} at (0,0) size 18x17
            RenderRubyRun (anonymous) at (1931,461) size 24x17
              RenderRubyText {RT} at (-9,0) size 14x17
                RenderText {#text} at (2,3) size 10x10
                  text run at (2,3) width 10: "\x{306D}"
              RenderRubyBase (anonymous) at (0,0) size 24x17
                RenderInline {RB} at (0,0) size 18x17
                  RenderText {#text} at (3,0) size 18x17
                    text run at (3,0) width 17: "\x{97F3}"
          RenderText {#text} at (1958,0) size 94x468
            text run at (1958,0) width 468: "\x{306B}\x{306F}\x{77AC}\x{6642}\x{306E}\x{4F59}\x{88D5}\x{3082}\x{306A}\x{3044}\x{3002}\x{306E}\x{3069}\x{304B}\x{306A}\x{6625}\x{306E}\x{65E5}\x{3092}\x{9CF4}\x{304D}\x{5C3D}\x{304F}\x{3057}\x{3001}\x{9CF4}\x{304D}\x{3042}\x{304B}"
            text run at (1982,0) width 468: "\x{3057}\x{3001}\x{307E}\x{305F}\x{9CF4}\x{304D}\x{66AE}\x{3089}\x{3055}\x{306A}\x{3051}\x{308C}\x{3070}\x{6C17}\x{304C}\x{6E08}\x{307E}\x{3093}\x{3068}\x{898B}\x{3048}\x{308B}\x{3002}\x{305D}\x{306E}\x{4E0A}\x{3069}\x{3053}\x{307E}"
            text run at (2006,0) width 468: "\x{3067}\x{3082}\x{767B}\x{3063}\x{3066}\x{884C}\x{304F}\x{3001}\x{3044}\x{3064}\x{307E}\x{3067}\x{3082}\x{767B}\x{3063}\x{3066}\x{884C}\x{304F}\x{3002}\x{96F2}\x{96C0}\x{306F}\x{304D}\x{3063}\x{3068}\x{96F2}\x{306E}\x{4E2D}\x{3067}"
            text run at (2034,0) width 210: "\x{6B7B}\x{306C}\x{306B}\x{76F8}\x{9055}\x{306A}\x{3044}\x{3002}\x{767B}\x{308A}\x{8A70}\x{3081}\x{305F}"
          RenderRuby (inline) {RUBY} at (0,0) size 18x34
            RenderRubyRun (anonymous) at (2031,210) size 24x34
              RenderRubyText {RT} at (-9,0) size 14x34
                RenderText {#text} at (2,2) size 10x30
                  text run at (2,2) width 30: "\x{3042}\x{3052}\x{304F}"
              RenderRubyBase (anonymous) at (0,0) size 24x34
                RenderInline {RB} at (0,0) size 18x34
                  RenderText {#text} at (3,0) size 18x34
                    text run at (3,0) width 34: "\x{63DA}\x{53E5}"
          RenderText {#text} at (2034,244) size 18x118
            text run at (2034,244) width 118: "\x{306F}\x{3001}\x{6D41}\x{308C}\x{3066}\x{96F2}\x{306B}"
          RenderRuby (inline) {RUBY} at (0,0) size 18x17
            RenderRubyRun (anonymous) at (2031,362) size 24x17
              RenderRubyText {RT} at (-9,0) size 14x17
                RenderText {#text} at (2,3) size 10x10
                  text run at (2,3) width 10: "\x{3044}"
              RenderRubyBase (anonymous) at (0,0) size 24x17
                RenderInline {RB} at (0,0) size 18x17
                  RenderText {#text} at (3,0) size 18x17
                    text run at (3,0) width 17: "\x{5165}"
          RenderText {#text} at (2034,379) size 18x50
            text run at (2034,379) width 50: "\x{3063}\x{3066}\x{3001}"
          RenderRuby (inline) {RUBY} at (0,0) size 18x30
            RenderRubyRun (anonymous) at (2031,429) size 24x30
              RenderRubyText {RT} at (-9,0) size 14x30
                RenderText {#text} at (2,0) size 10x30
                  text run at (2,0) width 30: "\x{305F}\x{3060}\x{3088}"
              RenderRubyBase (anonymous) at (0,0) size 24x30
                RenderInline {RB} at (0,0) size 18x17
                  RenderText {#text} at (3,6) size 18x17
                    text run at (3,6) width 17: "\x{6F02}"
          RenderText {#text} at (2034,459) size 46x476
            text run at (2034,459) width 17: "\x{3046}"
            text run at (2062,0) width 403: "\x{3066}\x{3044}\x{308B}\x{3046}\x{3061}\x{306B}\x{5F62}\x{306F}\x{6D88}\x{3048}\x{3066}\x{306A}\x{304F}\x{306A}\x{3063}\x{3066}\x{3001}\x{305F}\x{3060}\x{58F0}\x{3060}\x{3051}\x{304C}\x{7A7A}\x{306E}"
          RenderRuby (inline) {RUBY} at (0,0) size 18x20
            RenderRubyRun (anonymous) at (2059,403) size 24x20
              RenderRubyText {RT} at (-9,0) size 14x20
                RenderText {#text} at (2,0) size 10x20
                  text run at (2,0) width 20: "\x{3046}\x{3061}"
              RenderRubyBase (anonymous) at (0,0) size 24x20
                RenderInline {RB} at (0,0) size 18x17
                  RenderText {#text} at (3,1) size 18x17
                    text run at (3,1) width 17: "\x{88E1}"
          RenderText {#text} at (2062,423) size 42x456
            text run at (2062,423) width 33: "\x{306B}\x{6B8B}"
            text run at (2086,0) width 146: "\x{308B}\x{306E}\x{304B}\x{3082}\x{77E5}\x{308C}\x{306A}\x{3044}\x{3002}"
          RenderBR {BR} at (2086,146) size 18x0
          RenderText {#text} at (2114,0) size 18x17
            text run at (2114,0) width 17: "\x{3000}"
          RenderRuby (inline) {RUBY} at (0,0) size 18x40
            RenderRubyRun (anonymous) at (2111,17) size 24x40
              RenderRubyText {RT} at (-9,0) size 14x40
                RenderText {#text} at (2,0) size 10x40
                  text run at (2,0) width 40: "\x{3044}\x{308F}\x{304B}\x{3069}"
              RenderRubyBase (anonymous) at (0,0) size 24x40
                RenderInline {RB} at (0,0) size 18x34
                  RenderText {#text} at (3,3) size 18x34
                    text run at (3,3) width 34: "\x{5DCC}\x{89D2}"
          RenderText {#text} at (2114,57) size 18x134
            text run at (2114,57) width 134: "\x{3092}\x{92ED}\x{3069}\x{304F}\x{5EFB}\x{3063}\x{3066}\x{3001}"
          RenderRuby (inline) {RUBY} at (0,0) size 18x34
            RenderRubyRun (anonymous) at (2111,191) size 24x34
              RenderRubyText {RT} at (-9,0) size 14x34
                RenderText {#text} at (2,2) size 10x30
                  text run at (2,2) width 30: "\x{3042}\x{3093}\x{307E}"
              RenderRubyBase (anonymous) at (0,0) size 24x34
                RenderInline {RB} at (0,0) size 18x34
                  RenderText {#text} at (3,0) size 18x34
                    text run at (3,0) width 34: "\x{6309}\x{6469}"
          RenderText {#text} at (2114,225) size 18x34
            text run at (2114,225) width 34: "\x{306A}\x{3089}"
          RenderRuby (inline) {RUBY} at (0,0) size 18x59
            RenderRubyRun (anonymous) at (2111,259) size 24x59
              RenderRubyText {RT} at (-9,0) size 14x59
                RenderText {#text} at (2,0) size 10x59
                  text run at (2,0) width 59: "\x{307E}\x{3063}\x{3055}\x{304B}\x{3055}\x{307E}"
              RenderRubyBase (anonymous) at (0,0) size 24x59
                RenderInline {RB} at (0,0) size 18x51
                  RenderText {#text} at (3,4) size 18x51
                    text run at (3,4) width 51: "\x{771F}\x{9006}\x{69D8}"
          RenderText {#text} at (2114,318) size 18x152
            text run at (2114,318) width 152: "\x{306B}\x{843D}\x{3064}\x{308B}\x{3068}\x{3053}\x{308D}\x{3092}\x{3001}"
          RenderRuby (inline) {RUBY} at (0,0) size 18x20
            RenderRubyRun (anonymous) at (2111,470) size 24x20
              RenderRubyText {RT} at (-9,0) size 14x20
                RenderText {#text} at (2,0) size 10x20
                  text run at (2,0) width 20: "\x{304D}\x{308F}"
              RenderRubyBase (anonymous) at (0,0) size 24x20
                RenderInline {RB} at (0,0) size 18x17
                  RenderText {#text} at (3,1) size 18x17
                    text run at (3,1) width 17: "\x{969B}"
          RenderText {#text} at (2142,0) size 18x169
            text run at (2142,0) width 169: "\x{3069}\x{304F}\x{53F3}\x{3078}\x{5207}\x{308C}\x{3066}\x{3001}\x{6A2A}\x{306B}"
          RenderRuby (inline) {RUBY} at (0,0) size 18x34
            RenderRubyRun (anonymous) at (2139,169) size 24x34
              RenderRubyText {RT} at (-9,0) size 14x34
                RenderText {#text} at (2,2) size 10x30
                  text run at (2,2) width 30: "\x{307F}\x{304A}\x{308D}"
              RenderRubyBase (anonymous) at (0,0) size 24x34
                RenderInline {RB} at (0,0) size 18x34
                  RenderText {#text} at (3,0) size 18x34
                    text run at (3,0) width 34: "\x{898B}\x{4E0B}"
          RenderText {#text} at (2142,203) size 18x50
            text run at (2142,203) width 50: "\x{3059}\x{3068}\x{3001}"
          RenderRuby (inline) {RUBY} at (0,0) size 18x17
            RenderRubyRun (anonymous) at (2139,253) size 24x17
              RenderRubyText {RT} at (-9,0) size 14x17
                RenderText {#text} at (2,3) size 10x10
                  text run at (2,3) width 10: "\x{306A}"
              RenderRubyBase (anonymous) at (0,0) size 24x17
                RenderInline {RB} at (0,0) size 18x17
                  RenderText {#text} at (3,0) size 18x17
                    text run at (3,0) width 17: "\x{83DC}"
          RenderText {#text} at (2142,270) size 46x480
            text run at (2142,270) width 210: "\x{306E}\x{82B1}\x{304C}\x{4E00}\x{9762}\x{306B}\x{898B}\x{3048}\x{308B}\x{3002}\x{96F2}\x{96C0}\x{306F}"
            text run at (2170,0) width 323: "\x{3042}\x{3059}\x{3053}\x{3078}\x{843D}\x{3061}\x{308B}\x{306E}\x{304B}\x{3068}\x{601D}\x{3063}\x{305F}\x{3002}\x{3044}\x{3044}\x{3084}\x{3001}\x{3042}\x{306E}"
          RenderRuby (inline) {RUBY} at (0,0) size 18x34
            RenderRubyRun (anonymous) at (2167,323) size 24x34
              RenderRubyText {RT} at (-9,0) size 14x34
                RenderText {#text} at (2,2) size 10x30
                  text run at (2,2) width 30: "\x{3053}\x{304C}\x{306D}"
              RenderRubyBase (anonymous) at (0,0) size 24x34
                RenderInline {RB} at (0,0) size 18x34
                  RenderText {#text} at (3,0) size 18x34
                    text run at (3,0) width 34: "\x{9EC4}\x{91D1}"
          RenderText {#text} at (2170,357) size 46x470
            text run at (2170,357) width 113: "\x{306E}\x{539F}\x{304B}\x{3089}\x{98DB}\x{3073}\x{4E0A}"
            text run at (2198,0) width 355: "\x{304C}\x{3063}\x{3066}\x{304F}\x{308B}\x{306E}\x{304B}\x{3068}\x{601D}\x{3063}\x{305F}\x{3002}\x{6B21}\x{306B}\x{306F}\x{843D}\x{3061}\x{308B}\x{96F2}\x{96C0}\x{3068}\x{3001}"
          RenderRuby (inline) {RUBY} at (0,0) size 18x20
            RenderRubyRun (anonymous) at (2195,355) size 24x20
              RenderRubyText {RT} at (-9,0) size 14x20
                RenderText {#text} at (2,0) size 10x20
                  text run at (2,0) width 20: "\x{3042}\x{304C}"
              RenderRubyBase (anonymous) at (0,0) size 24x20
                RenderInline {RB} at (0,0) size 18x17
                  RenderText {#text} at (3,1) size 18x17
                    text run at (3,1) width 17: "\x{4E0A}"
          RenderText {#text} at (2198,375) size 18x17
            text run at (2198,375) width 17: "\x{308B}"
          RenderRuby (inline) {RUBY} at (0,0) size 18x34
            RenderRubyRun (anonymous) at (2195,392) size 24x34
              RenderRubyText {RT} at (-9,0) size 14x34
                RenderText {#text} at (2,2) size 10x30
                  text run at (2,2) width 30: "\x{3072}\x{3070}\x{308A}"
              RenderRubyBase (anonymous) at (0,0) size 24x34
                RenderInline {RB} at (0,0) size 18x34
                  RenderText {#text} at (3,0) size 18x34
                    text run at (3,0) width 34: "\x{96F2}\x{96C0}"
          RenderText {#text} at (2198,426) size 70x475
            text run at (2198,426) width 49: "\x{304C}\x{5341}\x{6587}"
            text run at (2222,0) width 468: "\x{5B57}\x{306B}\x{3059}\x{308C}\x{9055}\x{3046}\x{306E}\x{304B}\x{3068}\x{601D}\x{3063}\x{305F}\x{3002}\x{6700}\x{5F8C}\x{306B}\x{3001}\x{843D}\x{3061}\x{308B}\x{6642}\x{3082}\x{3001}\x{4E0A}\x{308B}\x{6642}\x{3082}\x{3001}\x{307E}"
            text run at (2250,0) width 81: "\x{305F}\x{5341}\x{6587}\x{5B57}\x{306B}"
          RenderRuby (inline) {RUBY} at (0,0) size 18x17
            RenderRubyRun (anonymous) at (2247,81) size 24x17
              RenderRubyText {RT} at (-9,0) size 14x17
                RenderText {#text} at (2,3) size 10x10
                  text run at (2,3) width 10: "\x{3059}"
              RenderRubyBase (anonymous) at (0,0) size 24x17
                RenderInline {RB} at (0,0) size 18x17
                  RenderText {#text} at (3,0) size 18x17
                    text run at (3,0) width 17: "\x{64E6}"
          RenderText {#text} at (2250,98) size 42x469
            text run at (2250,98) width 371: "\x{308C}\x{9055}\x{3046}\x{3068}\x{304D}\x{306B}\x{3082}\x{5143}\x{6C17}\x{3088}\x{304F}\x{9CF4}\x{304D}\x{3064}\x{3065}\x{3051}\x{308B}\x{3060}\x{308D}\x{3046}\x{3068}\x{601D}\x{3063}"
            text run at (2274,0) width 33: "\x{305F}\x{3002}"
          RenderBR {BR} at (2274,33) size 18x0
          RenderText {#text} at (2302,0) size 18x194
            text run at (2302,0) width 194: "\x{3000}\x{6625}\x{306F}\x{7720}\x{304F}\x{306A}\x{308B}\x{3002}\x{732B}\x{306F}\x{9F20}\x{3092}"
          RenderRuby (inline) {RUBY} at (0,0) size 18x17
            RenderRubyRun (anonymous) at (2299,194) size 24x17
              RenderRubyText {RT} at (-9,0) size 14x17
                RenderText {#text} at (2,3) size 10x10
                  text run at (2,3) width 10: "\x{3068}"
              RenderRubyBase (anonymous) at (0,0) size 24x17
                RenderInline {RB} at (0,0) size 18x17
                  RenderText {#text} at (3,0) size 18x17
                    text run at (3,0) width 17: "\x{6355}"
          RenderText {#text} at (2302,211) size 46x469
            text run at (2302,211) width 258: "\x{308B}\x{4E8B}\x{3092}\x{5FD8}\x{308C}\x{3001}\x{4EBA}\x{9593}\x{306F}\x{501F}\x{91D1}\x{306E}\x{3042}\x{308B}\x{4E8B}\x{3092}"
            text run at (2330,0) width 162: "\x{5FD8}\x{308C}\x{308B}\x{3002}\x{6642}\x{306B}\x{306F}\x{81EA}\x{5206}\x{306E}"
          RenderRuby (inline) {RUBY} at (0,0) size 18x40
            RenderRubyRun (anonymous) at (2327,162) size 24x40
              RenderRubyText {RT} at (-9,0) size 14x40
                RenderText {#text} at (2,0) size 10x40
                  text run at (2,0) width 40: "\x{305F}\x{307E}\x{3057}\x{3044}"
              RenderRubyBase (anonymous) at (0,0) size 24x40
                RenderInline {RB} at (0,0) size 18x17
                  RenderText {#text} at (3,11) size 18x17
                    text run at (3,11) width 17: "\x{9B42}"
          RenderText {#text} at (2330,202) size 18x17
            text run at (2330,202) width 17: "\x{306E}"
          RenderRuby (inline) {RUBY} at (0,0) size 18x40
            RenderRubyRun (anonymous) at (2327,219) size 24x40
              RenderRubyText {RT} at (-9,0) size 14x40
                RenderText {#text} at (2,0) size 10x40
                  text run at (2,0) width 40: "\x{3044}\x{3069}\x{3053}\x{308D}"
              RenderRubyBase (anonymous) at (0,0) size 24x40
                RenderInline {RB} at (0,0) size 18x34
                  RenderText {#text} at (3,3) size 18x34
                    text run at (3,3) width 34: "\x{5C45}\x{6240}"
          RenderText {#text} at (2330,259) size 46x469
            text run at (2330,259) width 210: "\x{3055}\x{3048}\x{5FD8}\x{308C}\x{3066}\x{6B63}\x{4F53}\x{306A}\x{304F}\x{306A}\x{308B}\x{3002}\x{305F}"
            text run at (2358,0) width 242: "\x{3060}\x{83DC}\x{306E}\x{82B1}\x{3092}\x{9060}\x{304F}\x{671B}\x{3093}\x{3060}\x{3068}\x{304D}\x{306B}\x{773C}\x{304C}"
          RenderRuby (inline) {RUBY} at (0,0) size 18x17
            RenderRubyRun (anonymous) at (2355,242) size 24x17
              RenderRubyText {RT} at (-9,0) size 14x17
                RenderText {#text} at (2,3) size 10x10
                  text run at (2,3) width 10: "\x{3055}"
              RenderRubyBase (anonymous) at (0,0) size 24x17
                RenderInline {RB} at (0,0) size 18x17
                  RenderText {#text} at (3,0) size 18x17
                    text run at (3,0) width 17: "\x{9192}"
          RenderText {#text} at (2358,259) size 46x469
            text run at (2358,259) width 210: "\x{3081}\x{308B}\x{3002}\x{96F2}\x{96C0}\x{306E}\x{58F0}\x{3092}\x{805E}\x{3044}\x{305F}\x{3068}\x{304D}"
            text run at (2386,0) width 113: "\x{306B}\x{9B42}\x{306E}\x{3042}\x{308A}\x{304B}\x{304C}"
          RenderRuby (inline) {RUBY} at (0,0) size 18x40
            RenderRubyRun (anonymous) at (2383,113) size 24x40
              RenderRubyText {RT} at (-9,0) size 14x40
                RenderText {#text} at (2,0) size 10x40
                  text run at (2,0) width 40: "\x{306F}\x{3093}\x{305C}\x{3093}"
              RenderRubyBase (anonymous) at (0,0) size 24x40
                RenderInline {RB} at (0,0) size 18x34
                  RenderText {#text} at (3,3) size 18x34
                    text run at (3,3) width 34: "\x{5224}\x{7136}"
          RenderText {#text} at (2386,153) size 90x468
            text run at (2386,153) width 291: "\x{3059}\x{308B}\x{3002}\x{96F2}\x{96C0}\x{306E}\x{9CF4}\x{304F}\x{306E}\x{306F}\x{53E3}\x{3067}\x{9CF4}\x{304F}\x{306E}\x{3067}\x{306F}\x{306A}"
            text run at (2410,0) width 452: "\x{3044}\x{3001}\x{9B42}\x{5168}\x{4F53}\x{304C}\x{9CF4}\x{304F}\x{306E}\x{3060}\x{3002}\x{9B42}\x{306E}\x{6D3B}\x{52D5}\x{304C}\x{58F0}\x{306B}\x{3042}\x{3089}\x{308F}\x{308C}\x{305F}\x{3082}\x{306E}\x{306E}\x{3046}\x{3061}"
            text run at (2434,0) width 468: "\x{3067}\x{3001}\x{3042}\x{308C}\x{307B}\x{3069}\x{5143}\x{6C17}\x{306E}\x{3042}\x{308B}\x{3082}\x{306E}\x{306F}\x{306A}\x{3044}\x{3002}\x{3042}\x{3042}\x{6109}\x{5FEB}\x{3060}\x{3002}\x{3053}\x{3046}\x{601D}\x{3063}\x{3066}\x{3001}"
            text run at (2458,0) width 226: "\x{3053}\x{3046}\x{6109}\x{5FEB}\x{306B}\x{306A}\x{308B}\x{306E}\x{304C}\x{8A69}\x{3067}\x{3042}\x{308B}\x{3002}"
          RenderBR {BR} at (2458,226) size 18x0
          RenderText {#text} at (2482,0) size 46x468
            text run at (2482,0) width 468: "\x{3000}\x{305F}\x{3061}\x{307E}\x{3061}\x{30B7}\x{30A7}\x{30EC}\x{30FC}\x{306E}\x{96F2}\x{96C0}\x{306E}\x{8A69}\x{3092}\x{601D}\x{3044}\x{51FA}\x{3057}\x{3066}\x{3001}\x{53E3}\x{306E}\x{3046}\x{3061}\x{3067}\x{899A}\x{3048}\x{305F}"
            text run at (2510,0) width 81: "\x{3068}\x{3053}\x{308D}\x{3060}\x{3051}"
          RenderRuby (inline) {RUBY} at (0,0) size 18x49
            RenderRubyRun (anonymous) at (2507,81) size 24x49
              RenderRubyText {RT} at (-9,0) size 14x49
                RenderText {#text} at (2,0) size 10x49
                  text run at (2,0) width 49: "\x{3042}\x{3093}\x{3057}\x{3087}\x{3046}"
              RenderRubyBase (anonymous) at (0,0) size 24x49
                RenderInline {RB} at (0,0) size 18x34
                  RenderText {#text} at (3,7) size 18x34
                    text run at (3,7) width 34: "\x{6697}\x{8AA6}"
          RenderText {#text} at (2510,130) size 42x469
            text run at (2510,130) width 339: "\x{3057}\x{3066}\x{898B}\x{305F}\x{304C}\x{3001}\x{899A}\x{3048}\x{3066}\x{3044}\x{308B}\x{3068}\x{3053}\x{308D}\x{306F}\x{4E8C}\x{4E09}\x{53E5}\x{3057}\x{304B}\x{306A}"
            text run at (2534,0) width 339: "\x{304B}\x{3063}\x{305F}\x{3002}\x{305D}\x{306E}\x{4E8C}\x{4E09}\x{53E5}\x{306E}\x{306A}\x{304B}\x{306B}\x{3053}\x{3093}\x{306A}\x{306E}\x{304C}\x{3042}\x{308B}\x{3002}"
          RenderBR {BR} at (2534,339) size 18x0
        RenderBlock {DIV} at (2555,32) size 114x461
          RenderText {#text} at (3,0) size 18x190
            text run at (3,0) width 190: "\x{3000}\x{3000}We look before and after"
          RenderBR {BR} at (3,190) size 18x0
          RenderText {#text} at (27,0) size 18x223
            text run at (27,0) width 223: "\x{3000}\x{3000}\x{3000}\x{3000}And pine for what is not:"
          RenderBR {BR} at (27,223) size 18x0
          RenderText {#text} at (51,0) size 18x171
            text run at (51,0) width 171: "\x{3000}\x{3000}Our sincerest laughter"
          RenderBR {BR} at (51,171) size 18x0
          RenderText {#text} at (75,0) size 18x231
            text run at (75,0) width 231: "\x{3000}\x{3000}\x{3000}\x{3000}With some pain is fraught;"
          RenderBR {BR} at (75,231) size 18x0
          RenderText {#text} at (96,0) size 18x355
            text run at (96,0) width 355: "Our sweetest songs are those that tell of saddest thought."
          RenderBR {BR} at (96,355) size 18x0
        RenderBlock (anonymous) at (2669,0) size 1851x493
          RenderText {#text} at (10,0) size 18x113
            text run at (10,0) width 113: "\x{300C}\x{524D}\x{3092}\x{307F}\x{3066}\x{306F}\x{3001}"
          RenderRuby (inline) {RUBY} at (0,0) size 18x20
            RenderRubyRun (anonymous) at (7,113) size 24x20
              RenderRubyText {RT} at (-9,0) size 14x20
                RenderText {#text} at (2,0) size 10x20
                  text run at (2,0) width 20: "\x{3057}\x{308A}"
              RenderRubyBase (anonymous) at (0,0) size 24x20
                RenderInline {RB} at (0,0) size 18x17
                  RenderText {#text} at (3,1) size 18x17
                    text run at (3,1) width 17: "\x{5F8C}"
          RenderText {#text} at (10,133) size 18x101
            text run at (10,133) width 101: "\x{3048}\x{3092}\x{898B}\x{3066}\x{306F}\x{3001}"
          RenderRuby (inline) {RUBY} at (0,0) size 18x34
            RenderRubyRun (anonymous) at (7,234) size 24x34
              RenderRubyText {RT} at (-9,0) size 14x34
                RenderText {#text} at (2,2) size 10x30
                  text run at (2,2) width 30: "\x{3082}\x{306E}\x{307B}"
              RenderRubyBase (anonymous) at (0,0) size 24x34
                RenderInline {RB} at (0,0) size 18x34
                  RenderText {#text} at (3,0) size 18x34
                    text run at (3,0) width 34: "\x{7269}\x{6B32}"
          RenderText {#text} at (10,268) size 70x478
            text run at (10,268) width 210: "\x{3057}\x{3068}\x{3001}\x{3042}\x{3053}\x{304C}\x{308B}\x{308B}\x{304B}\x{306A}\x{308F}\x{308C}\x{3002}"
            text run at (34,0) width 452: "\x{8179}\x{304B}\x{3089}\x{306E}\x{3001}\x{7B11}\x{3068}\x{3044}\x{3048}\x{3069}\x{3001}\x{82E6}\x{3057}\x{307F}\x{306E}\x{3001}\x{305D}\x{3053}\x{306B}\x{3042}\x{308B}\x{3079}\x{3057}\x{3002}\x{3046}\x{3064}\x{304F}\x{3057}"
            text run at (62,0) width 33: "\x{304D}\x{3001}"
          RenderRuby (inline) {RUBY} at (0,0) size 18x20
            RenderRubyRun (anonymous) at (59,33) size 24x20
              RenderRubyText {RT} at (-9,0) size 14x20
                RenderText {#text} at (2,0) size 10x20
                  text run at (2,0) width 20: "\x{304D}\x{308F}"
              RenderRubyBase (anonymous) at (0,0) size 24x20
                RenderInline {RB} at (0,0) size 18x17
                  RenderText {#text} at (3,1) size 18x17
                    text run at (3,1) width 17: "\x{6975}"
          RenderText {#text} at (62,53) size 18x219
            text run at (62,53) width 219: "\x{307F}\x{306E}\x{6B4C}\x{306B}\x{3001}\x{60B2}\x{3057}\x{3055}\x{306E}\x{3001}\x{6975}\x{307F}\x{306E}"
          RenderRuby (inline) {RUBY} at (0,0) size 18x30
            RenderRubyRun (anonymous) at (59,272) size 24x30
              RenderRubyText {RT} at (-9,0) size 14x30
                RenderText {#text} at (2,0) size 10x30
                  text run at (2,0) width 30: "\x{304A}\x{3082}\x{3044}"
              RenderRubyBase (anonymous) at (0,0) size 24x30
                RenderInline {RB} at (0,0) size 18x17
                  RenderText {#text} at (3,6) size 18x17
                    text run at (3,6) width 17: "\x{60F3}"
          RenderText {#text} at (62,302) size 18x17
            text run at (62,302) width 17: "\x{3001}"
          RenderRuby (inline) {RUBY} at (0,0) size 18x20
            RenderRubyRun (anonymous) at (59,319) size 24x20
              RenderRubyText {RT} at (-9,0) size 14x20
                RenderText {#text} at (2,0) size 10x20
                  text run at (2,0) width 20: "\x{3053}\x{3082}"
              RenderRubyBase (anonymous) at (0,0) size 24x20
                RenderInline {RB} at (0,0) size 18x17
                  RenderText {#text} at (3,1) size 18x17
                    text run at (3,1) width 17: "\x{7C60}"
          RenderText {#text} at (62,339) size 18x101
            text run at (62,339) width 101: "\x{308B}\x{3068}\x{305E}\x{77E5}\x{308C}\x{300D}"
          RenderBR {BR} at (62,440) size 18x0
          RenderText {#text} at (86,0) size 46x452
            text run at (86,0) width 452: "\x{3000}\x{306A}\x{308B}\x{307B}\x{3069}\x{3044}\x{304F}\x{3089}\x{8A69}\x{4EBA}\x{304C}\x{5E78}\x{798F}\x{3067}\x{3082}\x{3001}\x{3042}\x{306E}\x{96F2}\x{96C0}\x{306E}\x{3088}\x{3046}\x{306B}\x{601D}\x{3044}\x{5207}\x{3063}"
            text run at (114,0) width 371: "\x{3066}\x{3001}\x{4E00}\x{5FC3}\x{4E0D}\x{4E71}\x{306B}\x{3001}\x{524D}\x{5F8C}\x{3092}\x{5FD8}\x{5374}\x{3057}\x{3066}\x{3001}\x{308F}\x{304C}\x{559C}\x{3073}\x{3092}\x{6B4C}\x{3046}"
          RenderRuby (inline) {RUBY} at (0,0) size 18x20
            RenderRubyRun (anonymous) at (111,371) size 24x20
              RenderRubyText {RT} at (-9,0) size 14x20
                RenderText {#text} at (2,0) size 10x20
                  text run at (2,0) width 20: "\x{308F}\x{3051}"
              RenderRubyBase (anonymous) at (0,0) size 24x20
                RenderInline {RB} at (0,0) size 18x17
                  RenderText {#text} at (3,1) size 18x17
                    text run at (3,1) width 17: "\x{8A33}"
          RenderText {#text} at (114,391) size 46x472
            text run at (114,391) width 81: "\x{306B}\x{306F}\x{884C}\x{304F}\x{307E}"
            text run at (142,0) width 339: "\x{3044}\x{3002}\x{897F}\x{6D0B}\x{306E}\x{8A69}\x{306F}\x{7121}\x{8AD6}\x{306E}\x{4E8B}\x{3001}\x{652F}\x{90A3}\x{306E}\x{8A69}\x{306B}\x{3082}\x{3001}\x{3088}\x{304F}"
          RenderRuby (inline) {RUBY} at (0,0) size 18x40
            RenderRubyRun (anonymous) at (139,339) size 24x40
              RenderRubyText {RT} at (-9,0) size 14x40
                RenderText {#text} at (2,0) size 10x40
                  text run at (2,0) width 40: "\x{3070}\x{3093}\x{3053}\x{304F}"
              RenderRubyBase (anonymous) at (0,0) size 24x40
                RenderInline {RB} at (0,0) size 18x34
                  RenderText {#text} at (3,3) size 18x34
                    text run at (3,3) width 34: "\x{4E07}\x{659B}"
          RenderText {#text} at (142,379) size 18x17
            text run at (142,379) width 17: "\x{306E}"
          RenderRuby (inline) {RUBY} at (0,0) size 18x30
            RenderRubyRun (anonymous) at (139,396) size 24x30
              RenderRubyText {RT} at (-9,0) size 14x30
                RenderText {#text} at (2,0) size 10x30
                  text run at (2,0) width 30: "\x{3046}\x{308C}\x{3044}"
              RenderRubyBase (anonymous) at (0,0) size 24x30
                RenderInline {RB} at (0,0) size 18x17
                  RenderText {#text} at (3,6) size 18x17
                    text run at (3,6) width 17: "\x{6101}"
          RenderText {#text} at (142,426) size 46x475
            text run at (142,426) width 49: "\x{306A}\x{3069}\x{3068}"
            text run at (170,0) width 242: "\x{4E91}\x{3046}\x{5B57}\x{304C}\x{3042}\x{308B}\x{3002}\x{8A69}\x{4EBA}\x{3060}\x{304B}\x{3089}\x{4E07}\x{659B}\x{3067}"
          RenderRuby (inline) {RUBY} at (0,0) size 18x40
            RenderRubyRun (anonymous) at (167,242) size 24x40
              RenderRubyText {RT} at (-9,0) size 14x40
                RenderText {#text} at (2,0) size 10x40
                  text run at (2,0) width 40: "\x{3057}\x{308D}\x{3046}\x{3068}"
              RenderRubyBase (anonymous) at (0,0) size 24x40
                RenderInline {RB} at (0,0) size 18x34
                  RenderText {#text} at (3,3) size 18x34
                    text run at (3,3) width 34: "\x{7D20}\x{4EBA}"
          RenderText {#text} at (170,282) size 18x51
            text run at (170,282) width 51: "\x{306A}\x{3089}\x{4E00}"
          RenderRuby (inline) {RUBY} at (0,0) size 18x20
            RenderRubyRun (anonymous) at (167,333) size 24x20
              RenderRubyText {RT} at (-9,0) size 14x20
                RenderText {#text} at (2,0) size 10x20
                  text run at (2,0) width 20: "\x{3054}\x{3046}"
              RenderRubyBase (anonymous) at (0,0) size 24x20
                RenderInline {RB} at (0,0) size 18x17
                  RenderText {#text} at (3,1) size 18x17
                    text run at (3,1) width 17: "\x{5408}"
          RenderText {#text} at (170,353) size 46x466
            text run at (170,353) width 113: "\x{3067}\x{6E08}\x{3080}\x{304B}\x{3082}\x{77E5}\x{308C}"
            text run at (198,0) width 339: "\x{306C}\x{3002}\x{3057}\x{3066}\x{898B}\x{308B}\x{3068}\x{8A69}\x{4EBA}\x{306F}\x{5E38}\x{306E}\x{4EBA}\x{3088}\x{308A}\x{3082}\x{82E6}\x{52B4}\x{6027}\x{3067}\x{3001}"
          RenderRuby (inline) {RUBY} at (0,0) size 18x40
            RenderRubyRun (anonymous) at (195,339) size 24x40
              RenderRubyText {RT} at (-9,0) size 14x40
                RenderText {#text} at (2,0) size 10x40
                  text run at (2,0) width 40: "\x{307C}\x{3093}\x{3053}\x{3064}"
              RenderRubyBase (anonymous) at (0,0) size 24x40
                RenderInline {RB} at (0,0) size 18x34
                  RenderText {#text} at (3,3) size 18x34
                    text run at (3,3) width 34: "\x{51E1}\x{9AA8}"
          RenderText {#text} at (198,379) size 42x460
            text run at (198,379) width 81: "\x{306E}\x{500D}\x{4EE5}\x{4E0A}\x{306B}"
            text run at (222,0) width 436: "\x{795E}\x{7D4C}\x{304C}\x{92ED}\x{654F}\x{306A}\x{306E}\x{304B}\x{3082}\x{77E5}\x{308C}\x{3093}\x{3002}\x{8D85}\x{4FD7}\x{306E}\x{559C}\x{3073}\x{3082}\x{3042}\x{308D}\x{3046}\x{304C}\x{3001}\x{7121}\x{91CF}\x{306E}"
          RenderRuby (inline) {RUBY} at (0,0) size 18x40
            RenderRubyRun (anonymous) at (247,0) size 24x40
              RenderRubyText {RT} at (-9,0) size 14x40
                RenderText {#text} at (2,0) size 10x40
                  text run at (2,0) width 40: "\x{304B}\x{306A}\x{3057}\x{307F}"
              RenderRubyBase (anonymous) at (0,0) size 24x40
                RenderInline {RB} at (0,0) size 18x17
                  RenderText {#text} at (3,11) size 18x17
                    text run at (3,11) width 17: "\x{60B2}"
          RenderText {#text} at (250,40) size 18x389
            text run at (250,40) width 389: "\x{3082}\x{591A}\x{304B}\x{308D}\x{3046}\x{3002}\x{305D}\x{3093}\x{306A}\x{3089}\x{3070}\x{8A69}\x{4EBA}\x{306B}\x{306A}\x{308B}\x{306E}\x{3082}\x{8003}\x{3048}\x{7269}\x{3060}\x{3002}"
          RenderBR {BR} at (250,429) size 18x0
          RenderText {#text} at (278,0) size 18x129
            text run at (278,0) width 129: "\x{3000}\x{3057}\x{3070}\x{3089}\x{304F}\x{306F}\x{8DEF}\x{304C}"
          RenderRuby (inline) {RUBY} at (0,0) size 18x30
            RenderRubyRun (anonymous) at (275,129) size 24x30
              RenderRubyText {RT} at (-9,0) size 14x30
                RenderText {#text} at (2,0) size 10x30
                  text run at (2,0) width 30: "\x{305F}\x{3044}\x{3089}"
              RenderRubyBase (anonymous) at (0,0) size 24x30
                RenderInline {RB} at (0,0) size 18x17
                  RenderText {#text} at (3,6) size 18x17
                    text run at (3,6) width 17: "\x{5E73}"
          RenderText {#text} at (278,159) size 18x67
            text run at (278,159) width 67: "\x{3067}\x{3001}\x{53F3}\x{306F}"
          RenderRuby (inline) {RUBY} at (0,0) size 18x51
            RenderRubyRun (anonymous) at (275,226) size 24x51
              RenderRubyText {RT} at (-9,0) size 14x51
                RenderText {#text} at (2,0) size 10x50
                  text run at (2,0) width 50: "\x{305E}\x{3046}\x{304D}\x{3084}\x{307E}"
              RenderRubyBase (anonymous) at (0,0) size 24x51
                RenderInline {RB} at (0,0) size 18x51
                  RenderText {#text} at (3,0) size 18x51
                    text run at (3,0) width 51: "\x{96D1}\x{6728}\x{5C71}"
          RenderText {#text} at (278,277) size 46x471
            text run at (278,277) width 194: "\x{3001}\x{5DE6}\x{306F}\x{83DC}\x{306E}\x{82B1}\x{306E}\x{898B}\x{3064}\x{3065}\x{3051}\x{3067}"
            text run at (306,0) width 146: "\x{3042}\x{308B}\x{3002}\x{8DB3}\x{306E}\x{4E0B}\x{306B}\x{6642}\x{3005}"
          RenderRuby (inline) {RUBY} at (0,0) size 18x51
            RenderRubyRun (anonymous) at (303,146) size 24x51
              RenderRubyText {RT} at (-9,0) size 14x51
                RenderText {#text} at (2,5) size 10x40
                  text run at (2,5) width 40: "\x{305F}\x{3093}\x{307D}\x{307D}"
              RenderRubyBase (anonymous) at (0,0) size 24x51
                RenderInline {RB} at (0,0) size 18x51
                  RenderText {#text} at (3,0) size 18x51
                    text run at (3,0) width 51: "\x{84B2}\x{516C}\x{82F1}"
          RenderText {#text} at (306,197) size 18x118
            text run at (306,197) width 118: "\x{3092}\x{8E0F}\x{307F}\x{3064}\x{3051}\x{308B}\x{3002}"
          RenderRuby (inline) {RUBY} at (0,0) size 18x40
            RenderRubyRun (anonymous) at (303,315) size 24x40
              RenderRubyText {RT} at (-9,0) size 14x40
                RenderText {#text} at (2,0) size 10x40
                  text run at (2,0) width 40: "\x{306E}\x{3053}\x{304E}\x{308A}"
              RenderRubyBase (anonymous) at (0,0) size 24x40
                RenderInline {RB} at (0,0) size 18x17
                  RenderText {#text} at (3,11) size 18x17
                    text run at (3,11) width 17: "\x{92F8}"
          RenderText {#text} at (306,355) size 46x468
            text run at (306,355) width 113: "\x{306E}\x{3088}\x{3046}\x{306A}\x{8449}\x{304C}\x{9060}"
            text run at (334,0) width 242: "\x{616E}\x{306A}\x{304F}\x{56DB}\x{65B9}\x{3078}\x{306E}\x{3057}\x{3066}\x{771F}\x{4E2D}\x{306B}\x{9EC4}\x{8272}\x{306A}"
          RenderRuby (inline) {RUBY} at (0,0) size 18x20
            RenderRubyRun (anonymous) at (331,242) size 24x20
              RenderRubyText {RT} at (-9,0) size 14x20
                RenderText {#text} at (2,0) size 10x20
                  text run at (2,0) width 20: "\x{305F}\x{307E}"
              RenderRubyBase (anonymous) at (0,0) size 24x20
                RenderInline {RB} at (0,0) size 18x17
                  RenderText {#text} at (3,1) size 18x17
                    text run at (3,1) width 17: "\x{73E0}"
          RenderText {#text} at (334,262) size 70x468
            text run at (334,262) width 194: "\x{3092}\x{64C1}\x{8B77}\x{3057}\x{3066}\x{3044}\x{308B}\x{3002}\x{83DC}\x{306E}\x{82B1}\x{306B}"
            text run at (358,0) width 468: "\x{6C17}\x{3092}\x{3068}\x{3089}\x{308C}\x{3066}\x{3001}\x{8E0F}\x{307F}\x{3064}\x{3051}\x{305F}\x{3042}\x{3068}\x{3067}\x{3001}\x{6C17}\x{306E}\x{6BD2}\x{306A}\x{4E8B}\x{3092}\x{3057}\x{305F}\x{3068}\x{3001}\x{632F}\x{308A}\x{5411}"
            text run at (386,0) width 339: "\x{3044}\x{3066}\x{898B}\x{308B}\x{3068}\x{3001}\x{9EC4}\x{8272}\x{306A}\x{73E0}\x{306F}\x{4F9D}\x{7136}\x{3068}\x{3057}\x{3066}\x{92F8}\x{306E}\x{306A}\x{304B}\x{306B}"
          RenderRuby (inline) {RUBY} at (0,0) size 18x34
            RenderRubyRun (anonymous) at (383,339) size 24x34
              RenderRubyText {RT} at (-9,0) size 14x34
                RenderText {#text} at (2,2) size 10x30
                  text run at (2,2) width 30: "\x{3061}\x{3093}\x{3056}"
              RenderRubyBase (anonymous) at (0,0) size 24x34
                RenderInline {RB} at (0,0) size 18x34
                  RenderText {#text} at (3,0) size 18x34
                    text run at (3,0) width 34: "\x{93AE}\x{5EA7}"
          RenderText {#text} at (386,373) size 18x84
            text run at (386,373) width 84: "\x{3057}\x{3066}\x{3044}\x{308B}\x{3002}"
          RenderRuby (inline) {RUBY} at (0,0) size 18x34
            RenderRubyRun (anonymous) at (411,0) size 24x34
              RenderRubyText {RT} at (-9,0) size 14x34
                RenderText {#text} at (2,2) size 10x30
                  text run at (2,2) width 30: "\x{306E}\x{3093}\x{304D}"
              RenderRubyBase (anonymous) at (0,0) size 24x34
                RenderInline {RB} at (0,0) size 18x34
                  RenderText {#text} at (3,0) size 18x34
                    text run at (3,0) width 34: "\x{5451}\x{6C17}"
          RenderText {#text} at (414,34) size 18x253
            text run at (414,34) width 253: "\x{306A}\x{3082}\x{306E}\x{3060}\x{3002}\x{307E}\x{305F}\x{8003}\x{3048}\x{3092}\x{3064}\x{3065}\x{3051}\x{308B}\x{3002}"
          RenderBR {BR} at (414,287) size 18x0
          RenderText {#text} at (442,0) size 18x65
            text run at (442,0) width 65: "\x{3000}\x{8A69}\x{4EBA}\x{306B}"
          RenderRuby (inline) {RUBY} at (0,0) size 18x30
            RenderRubyRun (anonymous) at (439,65) size 24x30
              RenderRubyText {RT} at (-9,0) size 14x30
                RenderText {#text} at (2,0) size 10x30
                  text run at (2,0) width 30: "\x{3046}\x{308C}\x{3044}"
              RenderRubyBase (anonymous) at (0,0) size 24x30
                RenderInline {RB} at (0,0) size 18x17
                  RenderText {#text} at (3,6) size 18x17
                    text run at (3,6) width 17: "\x{6182}"
          RenderText {#text} at (442,95) size 18x254
            text run at (442,95) width 254: "\x{306F}\x{3064}\x{304D}\x{3082}\x{306E}\x{304B}\x{3082}\x{77E5}\x{308C}\x{306A}\x{3044}\x{304C}\x{3001}\x{3042}\x{306E}"
          RenderRuby (inline) {RUBY} at (0,0) size 18x34
            RenderRubyRun (anonymous) at (439,349) size 24x34
              RenderRubyText {RT} at (-9,0) size 14x34
                RenderText {#text} at (2,2) size 10x30
                  text run at (2,2) width 30: "\x{3072}\x{3070}\x{308A}"
              RenderRubyBase (anonymous) at (0,0) size 24x34
                RenderInline {RB} at (0,0) size 18x34
                  RenderText {#text} at (3,0) size 18x34
                    text run at (3,0) width 34: "\x{96F2}\x{96C0}"
          RenderText {#text} at (442,383) size 46x480
            text run at (442,383) width 97: "\x{3092}\x{805E}\x{304F}\x{5FC3}\x{6301}\x{306B}"
            text run at (470,0) width 49: "\x{306A}\x{308C}\x{3070}"
          RenderRuby (inline) {RUBY} at (0,0) size 18x34
            RenderRubyRun (anonymous) at (467,49) size 24x34
              RenderRubyText {RT} at (-9,0) size 14x34
                RenderText {#text} at (2,2) size 10x30
                  text run at (2,2) width 30: "\x{307F}\x{3058}\x{3093}"
              RenderRubyBase (anonymous) at (0,0) size 24x34
                RenderInline {RB} at (0,0) size 18x34
                  RenderText {#text} at (3,0) size 18x34
                    text run at (3,0) width 34: "\x{5FAE}\x{5875}"
          RenderText {#text} at (470,83) size 18x17
            text run at (470,83) width 17: "\x{306E}"
          RenderRuby (inline) {RUBY} at (0,0) size 18x17
            RenderRubyRun (anonymous) at (467,100) size 24x17
              RenderRubyText {RT} at (-9,0) size 14x17
                RenderText {#text} at (2,3) size 10x10
                  text run at (2,3) width 10: "\x{304F}"
              RenderRubyBase (anonymous) at (0,0) size 24x17
                RenderInline {RB} at (0,0) size 18x17
                  RenderText {#text} at (3,0) size 18x17
                    text run at (3,0) width 17: "\x{82E6}"
          RenderText {#text} at (470,117) size 18x355
            text run at (470,117) width 355: "\x{3082}\x{306A}\x{3044}\x{3002}\x{83DC}\x{306E}\x{82B1}\x{3092}\x{898B}\x{3066}\x{3082}\x{3001}\x{305F}\x{3060}\x{3046}\x{308C}\x{3057}\x{304F}\x{3066}\x{80F8}\x{304C}"
          RenderRuby (inline) {RUBY} at (0,0) size 18x20
            RenderRubyRun (anonymous) at (495,0) size 24x20
              RenderRubyText {RT} at (-9,0) size 14x20
                RenderText {#text} at (2,0) size 10x20
                  text run at (2,0) width 20: "\x{304A}\x{3069}"
              RenderRubyBase (anonymous) at (0,0) size 24x20
                RenderInline {RB} at (0,0) size 18x17
                  RenderText {#text} at (3,1) size 18x17
                    text run at (3,1) width 17: "\x{8E8D}"
          RenderText {#text} at (498,20) size 46x471
            text run at (498,20) width 451: "\x{308B}\x{3070}\x{304B}\x{308A}\x{3060}\x{3002}\x{84B2}\x{516C}\x{82F1}\x{3082}\x{305D}\x{306E}\x{901A}\x{308A}\x{3001}\x{685C}\x{3082}\x{2015}\x{2015}\x{685C}\x{306F}\x{3044}\x{3064}\x{304B}\x{898B}\x{3048}\x{306A}\x{304F}"
            text run at (526,0) width 242: "\x{306A}\x{3063}\x{305F}\x{3002}\x{3053}\x{3046}\x{5C71}\x{306E}\x{4E2D}\x{3078}\x{6765}\x{3066}\x{81EA}\x{7136}\x{306E}"
          RenderRuby (inline) {RUBY} at (0,0) size 18x40
            RenderRubyRun (anonymous) at (523,242) size 24x40
              RenderRubyText {RT} at (-9,0) size 14x40
                RenderText {#text} at (2,0) size 10x40
                  text run at (2,0) width 40: "\x{3051}\x{3044}\x{3076}\x{3064}"
              RenderRubyBase (anonymous) at (0,0) size 24x40
                RenderInline {RB} at (0,0) size 18x34
                  RenderText {#text} at (3,3) size 18x34
                    text run at (3,3) width 34: "\x{666F}\x{7269}"
          RenderText {#text} at (526,282) size 70x468
            text run at (526,282) width 178: "\x{306B}\x{63A5}\x{3059}\x{308C}\x{3070}\x{3001}\x{898B}\x{308B}\x{3082}\x{306E}\x{3082}"
            text run at (550,0) width 468: "\x{805E}\x{304F}\x{3082}\x{306E}\x{3082}\x{9762}\x{767D}\x{3044}\x{3002}\x{9762}\x{767D}\x{3044}\x{3060}\x{3051}\x{3067}\x{5225}\x{6BB5}\x{306E}\x{82E6}\x{3057}\x{307F}\x{3082}\x{8D77}\x{3089}\x{306C}\x{3002}\x{8D77}\x{308B}\x{3068}"
            text run at (578,0) width 81: "\x{3059}\x{308C}\x{3070}\x{8DB3}\x{304C}"
          RenderRuby (inline) {RUBY} at (0,0) size 18x34
            RenderRubyRun (anonymous) at (575,81) size 24x34
              RenderRubyText {RT} at (-9,0) size 14x34
                RenderText {#text} at (2,2) size 10x30
                  text run at (2,2) width 30: "\x{304F}\x{305F}\x{3073}"
              RenderRubyBase (anonymous) at (0,0) size 24x34
                RenderInline {RB} at (0,0) size 18x34
                  RenderText {#text} at (3,0) size 18x34
                    text run at (3,0) width 34: "\x{8349}\x{81E5}"
          RenderText {#text} at (578,115) size 18x50
            text run at (578,115) width 50: "\x{308C}\x{3066}\x{3001}"
          RenderRuby (inline) {RUBY} at (0,0) size 18x20
            RenderRubyRun (anonymous) at (575,165) size 24x20
              RenderRubyText {RT} at (-9,0) size 14x20
                RenderText {#text} at (2,0) size 10x20
                  text run at (2,0) width 20: "\x{3046}\x{307E}"
              RenderRubyBase (anonymous) at (0,0) size 24x20
                RenderInline {RB} at (0,0) size 18x17
                  RenderText {#text} at (3,1) size 18x17
                    text run at (3,1) width 17: "\x{65E8}"
          RenderText {#text} at (578,185) size 42x443
            text run at (578,185) width 258: "\x{3044}\x{3082}\x{306E}\x{304C}\x{98DF}\x{3079}\x{3089}\x{308C}\x{306C}\x{304F}\x{3089}\x{3044}\x{306E}\x{4E8B}\x{3060}\x{308D}"
            text run at (602,0) width 33: "\x{3046}\x{3002}"
          RenderBR {BR} at (602,33) size 18x0
          RenderText {#text} at (630,0) size 18x419
            text run at (630,0) width 419: "\x{3000}\x{3057}\x{304B}\x{3057}\x{82E6}\x{3057}\x{307F}\x{306E}\x{306A}\x{3044}\x{306E}\x{306F}\x{306A}\x{305C}\x{3060}\x{308D}\x{3046}\x{3002}\x{305F}\x{3060}\x{3053}\x{306E}\x{666F}\x{8272}\x{3092}\x{4E00}"
          RenderRuby (inline) {RUBY} at (0,0) size 18x20
            RenderRubyRun (anonymous) at (627,419) size 24x20
              RenderRubyText {RT} at (-9,0) size 14x20
                RenderText {#text} at (2,0) size 10x20
                  text run at (2,0) width 20: "\x{3077}\x{304F}"
              RenderRubyBase (anonymous) at (0,0) size 24x20
                RenderInline {RB} at (0,0) size 18x17
                  RenderText {#text} at (3,1) size 18x17
                    text run at (3,1) width 17: "\x{5E45}"
          RenderText {#text} at (630,439) size 18x17
            text run at (630,439) width 17: "\x{306E}"
          RenderRuby (inline) {RUBY} at (0,0) size 18x17
            RenderRubyRun (anonymous) at (655,0) size 24x17
              RenderRubyText {RT} at (-9,0) size 14x17
                RenderText {#text} at (2,3) size 10x10
                  text run at (2,3) width 10: "\x{3048}"
              RenderRubyBase (anonymous) at (0,0) size 24x17
                RenderInline {RB} at (0,0) size 18x17
                  RenderText {#text} at (3,0) size 18x17
                    text run at (3,0) width 17: "\x{753B}"
          RenderText {#text} at (658,17) size 18x51
            text run at (658,17) width 51: "\x{3068}\x{3057}\x{3066}"
          RenderRuby (inline) {RUBY} at (0,0) size 18x17
            RenderRubyRun (anonymous) at (655,68) size 24x17
              RenderRubyText {RT} at (-9,0) size 14x17
                RenderText {#text} at (2,3) size 10x10
                  text run at (2,3) width 10: "\x{307F}"
              RenderRubyBase (anonymous) at (0,0) size 24x17
                RenderInline {RB} at (0,0) size 18x17
                  RenderText {#text} at (3,0) size 18x17
                    text run at (3,0) width 17: "\x{89B3}"
          RenderText {#text} at (658,85) size 18x34
            text run at (658,85) width 34: "\x{3001}\x{4E00}"
          RenderRuby (inline) {RUBY} at (0,0) size 18x20
            RenderRubyRun (anonymous) at (655,119) size 24x20
              RenderRubyText {RT} at (-9,0) size 14x20
                RenderText {#text} at (2,0) size 10x20
                  text run at (2,0) width 20: "\x{304B}\x{3093}"
              RenderRubyBase (anonymous) at (0,0) size 24x20
                RenderInline {RB} at (0,0) size 18x17
                  RenderText {#text} at (3,1) size 18x17
                    text run at (3,1) width 17: "\x{5DFB}"
          RenderText {#text} at (658,139) size 18x220
            text run at (658,139) width 220: "\x{306E}\x{8A69}\x{3068}\x{3057}\x{3066}\x{8AAD}\x{3080}\x{304B}\x{3089}\x{3067}\x{3042}\x{308B}\x{3002}"
          RenderRuby (inline) {RUBY} at (0,0) size 18x17
            RenderRubyRun (anonymous) at (655,359) size 24x17
              RenderRubyText {RT} at (-9,0) size 14x17
                RenderText {#text} at (2,3) size 10x10
                  text run at (2,3) width 10: "\x{304C}"
              RenderRubyBase (anonymous) at (0,0) size 24x17
                RenderInline {RB} at (0,0) size 18x17
                  RenderText {#text} at (3,0) size 18x17
                    text run at (3,0) width 17: "\x{753B}"
          RenderText {#text} at (658,376) size 46x473
            text run at (658,376) width 97: "\x{3067}\x{3042}\x{308A}\x{8A69}\x{3067}\x{3042}"
            text run at (686,0) width 65: "\x{308B}\x{4EE5}\x{4E0A}\x{306F}"
          RenderRuby (inline) {RUBY} at (0,0) size 18x34
            RenderRubyRun (anonymous) at (683,65) size 24x34
              RenderRubyText {RT} at (-9,0) size 14x34
                RenderText {#text} at (2,2) size 10x30
                  text run at (2,2) width 30: "\x{3058}\x{3081}\x{3093}"
              RenderRubyBase (anonymous) at (0,0) size 24x34
                RenderInline {RB} at (0,0) size 18x34
                  RenderText {#text} at (3,0) size 18x34
                    text run at (3,0) width 34: "\x{5730}\x{9762}"
          RenderText {#text} at (686,99) size 18x388
            text run at (686,99) width 388: "\x{3092}\x{8CB0}\x{3063}\x{3066}\x{3001}\x{958B}\x{62D3}\x{3059}\x{308B}\x{6C17}\x{306B}\x{3082}\x{306A}\x{3089}\x{306D}\x{3070}\x{3001}\x{9244}\x{9053}\x{3092}\x{304B}\x{3051}\x{3066}"
          RenderRuby (inline) {RUBY} at (0,0) size 18x40
            RenderRubyRun (anonymous) at (711,0) size 24x40
              RenderRubyText {RT} at (-9,0) size 14x40
                RenderText {#text} at (2,0) size 10x40
                  text run at (2,0) width 40: "\x{3072}\x{3068}\x{3082}\x{3046}"
              RenderRubyBase (anonymous) at (0,0) size 24x40
                RenderInline {RB} at (0,0) size 18x34
                  RenderText {#text} at (3,3) size 18x34
                    text run at (3,3) width 34: "\x{4E00}\x{5132}"
          RenderText {#text} at (714,40) size 18x51
            text run at (714,40) width 51: "\x{3051}\x{3059}\x{308B}"
          RenderRuby (inline) {RUBY} at (0,0) size 18x49
            RenderRubyRun (anonymous) at (711,91) size 24x49
              RenderRubyText {RT} at (-9,0) size 14x49
                RenderText {#text} at (2,0) size 10x49
                  text run at (2,0) width 49: "\x{308A}\x{3087}\x{3046}\x{3051}\x{3093}"
              RenderRubyBase (anonymous) at (0,0) size 24x49
                RenderInline {RB} at (0,0) size 18x34
                  RenderText {#text} at (3,7) size 18x34
                    text run at (3,7) width 34: "\x{4E86}\x{898B}"
          RenderText {#text} at (714,140) size 18x269
            text run at (714,140) width 269: "\x{3082}\x{8D77}\x{3089}\x{306C}\x{3002}\x{305F}\x{3060}\x{3053}\x{306E}\x{666F}\x{8272}\x{304C}\x{2015}\x{2015}\x{8179}\x{306E}"
          RenderRuby (inline) {RUBY} at (0,0) size 18x17
            RenderRubyRun (anonymous) at (711,409) size 24x17
              RenderRubyText {RT} at (-9,0) size 14x17
                RenderText {#text} at (2,3) size 10x10
                  text run at (2,3) width 10: "\x{305F}"
              RenderRubyBase (anonymous) at (0,0) size 24x17
                RenderInline {RB} at (0,0) size 18x17
                  RenderText {#text} at (3,0) size 18x17
                    text run at (3,0) width 17: "\x{8DB3}"
          RenderText {#text} at (714,426) size 70x475
            text run at (714,426) width 49: "\x{3057}\x{306B}\x{3082}"
            text run at (738,0) width 468: "\x{306A}\x{3089}\x{306C}\x{3001}\x{6708}\x{7D66}\x{306E}\x{88DC}\x{3044}\x{306B}\x{3082}\x{306A}\x{3089}\x{306C}\x{3053}\x{306E}\x{666F}\x{8272}\x{304C}\x{666F}\x{8272}\x{3068}\x{3057}\x{3066}\x{306E}\x{307F}\x{3001}\x{4F59}\x{304C}"
            text run at (766,0) width 274: "\x{5FC3}\x{3092}\x{697D}\x{307E}\x{305B}\x{3064}\x{3064}\x{3042}\x{308B}\x{304B}\x{3089}\x{82E6}\x{52B4}\x{3082}\x{5FC3}\x{914D}\x{3082}"
          RenderRuby (inline) {RUBY} at (0,0) size 18x30
            RenderRubyRun (anonymous) at (763,274) size 24x30
              RenderRubyText {RT} at (-9,0) size 14x30
                RenderText {#text} at (2,0) size 10x30
                  text run at (2,0) width 30: "\x{3068}\x{3082}\x{306A}"
              RenderRubyBase (anonymous) at (0,0) size 24x30
                RenderInline {RB} at (0,0) size 18x17
                  RenderText {#text} at (3,6) size 18x17
                    text run at (3,6) width 17: "\x{4F34}"
          RenderText {#text} at (766,304) size 46x466
            text run at (766,304) width 162: "\x{308F}\x{306C}\x{306E}\x{3060}\x{308D}\x{3046}\x{3002}\x{81EA}\x{7136}\x{306E}"
            text run at (794,0) width 129: "\x{529B}\x{306F}\x{3053}\x{3053}\x{306B}\x{304A}\x{3044}\x{3066}"
          RenderRuby (inline) {RUBY} at (0,0) size 18x19
            RenderRubyRun (anonymous) at (791,129) size 24x19
              RenderRubyText {RT} at (-9,0) size 14x19
                RenderText {#text} at (2,0) size 10x19
                  text run at (2,0) width 19: "\x{305F}\x{3063}"
              RenderRubyBase (anonymous) at (0,0) size 24x19
                RenderInline {RB} at (0,0) size 18x17
                  RenderText {#text} at (3,1) size 18x17
                    text run at (3,1) width 17: "\x{5C0A}"
          RenderText {#text} at (794,148) size 18x203
            text run at (794,148) width 203: "\x{3068}\x{3044}\x{3002}\x{543E}\x{4EBA}\x{306E}\x{6027}\x{60C5}\x{3092}\x{77AC}\x{523B}\x{306B}"
          RenderRuby (inline) {RUBY} at (0,0) size 18x34
            RenderRubyRun (anonymous) at (791,351) size 24x34
              RenderRubyText {RT} at (-9,0) size 14x34
                RenderText {#text} at (2,2) size 10x30
                  text run at (2,2) width 30: "\x{3068}\x{3046}\x{3084}"
              RenderRubyBase (anonymous) at (0,0) size 24x34
                RenderInline {RB} at (0,0) size 18x34
                  RenderText {#text} at (3,0) size 18x34
                    text run at (3,0) width 34: "\x{9676}\x{51B6}"
          RenderText {#text} at (794,385) size 18x34
            text run at (794,385) width 34: "\x{3057}\x{3066}"
          RenderRuby (inline) {RUBY} at (0,0) size 18x39
            RenderRubyRun (anonymous) at (791,419) size 24x39
              RenderRubyText {RT} at (-9,0) size 14x39
                RenderText {#text} at (2,0) size 10x39
                  text run at (2,0) width 39: "\x{3058}\x{3085}\x{3093}\x{3053}"
              RenderRubyBase (anonymous) at (0,0) size 24x39
                RenderInline {RB} at (0,0) size 18x34
                  RenderText {#text} at (3,2) size 18x34
                    text run at (3,2) width 34: "\x{9187}\x{4E4E}"
          RenderText {#text} at (794,458) size 42x475
            text run at (794,458) width 17: "\x{3068}"
            text run at (818,0) width 339: "\x{3057}\x{3066}\x{9187}\x{306A}\x{308B}\x{8A69}\x{5883}\x{306B}\x{5165}\x{3089}\x{3057}\x{3080}\x{308B}\x{306E}\x{306F}\x{81EA}\x{7136}\x{3067}\x{3042}\x{308B}\x{3002}"
          RenderBR {BR} at (818,339) size 18x0
          RenderText {#text} at (842,0) size 46x452
            text run at (842,0) width 452: "\x{3000}\x{604B}\x{306F}\x{3046}\x{3064}\x{304F}\x{3057}\x{304B}\x{308D}\x{3001}\x{5B5D}\x{3082}\x{3046}\x{3064}\x{304F}\x{3057}\x{304B}\x{308D}\x{3001}\x{5FE0}\x{541B}\x{611B}\x{56FD}\x{3082}\x{7D50}\x{69CB}\x{3060}\x{308D}"
            text run at (870,0) width 162: "\x{3046}\x{3002}\x{3057}\x{304B}\x{3057}\x{81EA}\x{8EAB}\x{304C}\x{305D}\x{306E}"
          RenderRuby (inline) {RUBY} at (0,0) size 18x29
            RenderRubyRun (anonymous) at (867,162) size 24x29
              RenderRubyText {RT} at (-9,0) size 14x29
                RenderText {#text} at (2,0) size 10x29
                  text run at (2,0) width 29: "\x{304D}\x{3087}\x{304F}"
              RenderRubyBase (anonymous) at (0,0) size 24x29
                RenderInline {RB} at (0,0) size 18x17
                  RenderText {#text} at (3,6) size 18x17
                    text run at (3,6) width 17: "\x{5C40}"
          RenderText {#text} at (870,191) size 18x119
            text run at (870,191) width 119: "\x{306B}\x{5F53}\x{308C}\x{3070}\x{5229}\x{5BB3}\x{306E}"
          RenderRuby (inline) {RUBY} at (0,0) size 18x34
            RenderRubyRun (anonymous) at (867,310) size 24x34
              RenderRubyText {RT} at (-9,0) size 14x34
                RenderText {#text} at (2,2) size 10x30
                  text run at (2,2) width 30: "\x{3064}\x{3080}\x{3058}"
              RenderRubyBase (anonymous) at (0,0) size 24x34
                RenderInline {RB} at (0,0) size 18x34
                  RenderText {#text} at (3,0) size 18x34
                    text run at (3,0) width 34: "\x{65CB}\x{98A8}"
          RenderText {#text} at (870,344) size 18x17
            text run at (870,344) width 17: "\x{306B}"
          RenderRuby (inline) {RUBY} at (0,0) size 18x17
            RenderRubyRun (anonymous) at (867,361) size 24x17
              RenderRubyText {RT} at (-9,0) size 14x17
                RenderText {#text} at (2,3) size 10x10
                  text run at (2,3) width 10: "\x{307E}"
              RenderRubyBase (anonymous) at (0,0) size 24x17
                RenderInline {RB} at (0,0) size 18x17
                  RenderText {#text} at (3,0) size 18x17
                    text run at (3,0) width 17: "\x{6372}"
          RenderText {#text} at (870,378) size 46x475
            text run at (870,378) width 97: "\x{304D}\x{8FBC}\x{307E}\x{308C}\x{3066}\x{3001}"
            text run at (898,0) width 291: "\x{3046}\x{3064}\x{304F}\x{3057}\x{304D}\x{4E8B}\x{306B}\x{3082}\x{3001}\x{7D50}\x{69CB}\x{306A}\x{4E8B}\x{306B}\x{3082}\x{3001}\x{76EE}\x{306F}"
          RenderRuby (inline) {RUBY} at (0,0) size 18x20
            RenderRubyRun (anonymous) at (895,291) size 24x20
              RenderRubyText {RT} at (-9,0) size 14x20
                RenderText {#text} at (2,0) size 10x20
                  text run at (2,0) width 20: "\x{304F}\x{3089}"
              RenderRubyBase (anonymous) at (0,0) size 24x20
                RenderInline {RB} at (0,0) size 18x17
                  RenderText {#text} at (3,1) size 18x17
                    text run at (3,1) width 17: "\x{7729}"
          RenderText {#text} at (898,311) size 46x473
            text run at (898,311) width 162: "\x{3093}\x{3067}\x{3057}\x{307E}\x{3046}\x{3002}\x{3057}\x{305F}\x{304C}\x{3063}"
            text run at (926,0) width 210: "\x{3066}\x{3069}\x{3053}\x{306B}\x{8A69}\x{304C}\x{3042}\x{308B}\x{304B}\x{81EA}\x{8EAB}\x{306B}\x{306F}"
          RenderRuby (inline) {RUBY} at (0,0) size 18x17
            RenderRubyRun (anonymous) at (923,210) size 24x17
              RenderRubyText {RT} at (-9,0) size 14x17
                RenderText {#text} at (2,3) size 10x10
                  text run at (2,3) width 10: "\x{3052}"
              RenderRubyBase (anonymous) at (0,0) size 24x17
                RenderInline {RB} at (0,0) size 18x17
                  RenderText {#text} at (3,0) size 18x17
                    text run at (3,0) width 17: "\x{89E3}"
          RenderText {#text} at (926,227) size 18x84
            text run at (926,227) width 84: "\x{3057}\x{304B}\x{306D}\x{308B}\x{3002}"
          RenderBR {BR} at (926,311) size 18x0
          RenderText {#text} at (950,0) size 46x468
            text run at (950,0) width 468: "\x{3000}\x{3053}\x{308C}\x{304C}\x{308F}\x{304B}\x{308B}\x{305F}\x{3081}\x{306B}\x{306F}\x{3001}\x{308F}\x{304B}\x{308B}\x{3060}\x{3051}\x{306E}\x{4F59}\x{88D5}\x{306E}\x{3042}\x{308B}\x{7B2C}\x{4E09}\x{8005}\x{306E}\x{5730}\x{4F4D}"
            text run at (978,0) width 371: "\x{306B}\x{7ACB}\x{305F}\x{306D}\x{3070}\x{306A}\x{3089}\x{306C}\x{3002}\x{4E09}\x{8005}\x{306E}\x{5730}\x{4F4D}\x{306B}\x{7ACB}\x{3066}\x{3070}\x{3053}\x{305D}\x{829D}\x{5C45}\x{306F}"
          RenderRuby (inline) {RUBY} at (0,0) size 18x17
            RenderRubyRun (anonymous) at (975,371) size 24x17
              RenderRubyText {RT} at (-9,0) size 14x17
                RenderText {#text} at (2,3) size 10x10
                  text run at (2,3) width 10: "\x{307F}"
              RenderRubyBase (anonymous) at (0,0) size 24x17
                RenderInline {RB} at (0,0) size 18x17
                  RenderText {#text} at (3,0) size 18x17
                    text run at (3,0) width 17: "\x{89B3}"
          RenderText {#text} at (978,388) size 70x469
            text run at (978,388) width 81: "\x{3066}\x{9762}\x{767D}\x{3044}\x{3002}"
            text run at (1002,0) width 468: "\x{5C0F}\x{8AAC}\x{3082}\x{898B}\x{3066}\x{9762}\x{767D}\x{3044}\x{3002}\x{829D}\x{5C45}\x{3092}\x{898B}\x{3066}\x{9762}\x{767D}\x{3044}\x{4EBA}\x{3082}\x{3001}\x{5C0F}\x{8AAC}\x{3092}\x{8AAD}\x{3093}\x{3067}\x{9762}\x{767D}\x{3044}"
            text run at (1030,0) width 146: "\x{4EBA}\x{3082}\x{3001}\x{81EA}\x{5DF1}\x{306E}\x{5229}\x{5BB3}\x{306F}"
          RenderRuby (inline) {RUBY} at (0,0) size 18x20
            RenderRubyRun (anonymous) at (1027,146) size 24x20
              RenderRubyText {RT} at (-9,0) size 14x20
                RenderText {#text} at (2,0) size 10x20
                  text run at (2,0) width 20: "\x{305F}\x{306A}"
              RenderRubyBase (anonymous) at (0,0) size 24x20
                RenderInline {RB} at (0,0) size 18x17
                  RenderText {#text} at (3,1) size 18x17
                    text run at (3,1) width 17: "\x{68DA}"
          RenderText {#text} at (1030,166) size 42x457
            text run at (1030,166) width 291: "\x{3078}\x{4E0A}\x{3052}\x{3066}\x{3044}\x{308B}\x{3002}\x{898B}\x{305F}\x{308A}\x{8AAD}\x{3093}\x{3060}\x{308A}\x{3059}\x{308B}\x{9593}\x{3060}"
            text run at (1054,0) width 129: "\x{3051}\x{306F}\x{8A69}\x{4EBA}\x{3067}\x{3042}\x{308B}\x{3002}"
          RenderBR {BR} at (1054,129) size 18x0
          RenderText {#text} at (1082,0) size 18x307
            text run at (1082,0) width 307: "\x{3000}\x{305D}\x{308C}\x{3059}\x{3089}\x{3001}\x{666E}\x{901A}\x{306E}\x{829D}\x{5C45}\x{3084}\x{5C0F}\x{8AAC}\x{3067}\x{306F}\x{4EBA}\x{60C5}\x{3092}"
          RenderRuby (inline) {RUBY} at (0,0) size 18x20
            RenderRubyRun (anonymous) at (1079,307) size 24x20
              RenderRubyText {RT} at (-9,0) size 14x20
                RenderText {#text} at (2,0) size 10x20
                  text run at (2,0) width 20: "\x{307E}\x{306C}"
              RenderRubyBase (anonymous) at (0,0) size 24x20
                RenderInline {RB} at (0,0) size 18x17
                  RenderText {#text} at (3,1) size 18x17
                    text run at (3,1) width 17: "\x{514D}"
          RenderText {#text} at (1082,327) size 66x468
            text run at (1082,327) width 129: "\x{304B}\x{308C}\x{306C}\x{3002}\x{82E6}\x{3057}\x{3093}\x{3060}"
            text run at (1106,0) width 468: "\x{308A}\x{3001}\x{6012}\x{3063}\x{305F}\x{308A}\x{3001}\x{9A12}\x{3044}\x{3060}\x{308A}\x{3001}\x{6CE3}\x{3044}\x{305F}\x{308A}\x{3059}\x{308B}\x{3002}\x{898B}\x{308B}\x{3082}\x{306E}\x{3082}\x{3044}\x{3064}\x{304B}\x{305D}\x{306E}"
            text run at (1130,0) width 468: "\x{4E2D}\x{306B}\x{540C}\x{5316}\x{3057}\x{3066}\x{82E6}\x{3057}\x{3093}\x{3060}\x{308A}\x{3001}\x{6012}\x{3063}\x{305F}\x{308A}\x{3001}\x{9A12}\x{3044}\x{3060}\x{308A}\x{3001}\x{6CE3}\x{3044}\x{305F}\x{308A}\x{3059}\x{308B}\x{3002}"
          RenderRuby (inline) {RUBY} at (0,0) size 18x34
            RenderRubyRun (anonymous) at (1155,0) size 24x34
              RenderRubyText {RT} at (-9,0) size 14x34
                RenderText {#text} at (2,2) size 10x30
                  text run at (2,2) width 30: "\x{3068}\x{308A}\x{3048}"
              RenderRubyBase (anonymous) at (0,0) size 24x34
                RenderInline {RB} at (0,0) size 18x34
                  RenderText {#text} at (3,0) size 18x34
                    text run at (3,0) width 34: "\x{53D6}\x{67C4}"
          RenderText {#text} at (1158,34) size 18x68
            text run at (1158,34) width 68: "\x{306F}\x{5229}\x{617E}\x{304C}"
          RenderRuby (inline) {RUBY} at (0,0) size 18x20
            RenderRubyRun (anonymous) at (1155,102) size 24x20
              RenderRubyText {RT} at (-9,0) size 14x20
                RenderText {#text} at (2,0) size 10x20
                  text run at (2,0) width 20: "\x{307E}\x{3058}"
              RenderRubyBase (anonymous) at (0,0) size 24x20
                RenderInline {RB} at (0,0) size 18x17
                  RenderText {#text} at (3,1) size 18x17
                    text run at (3,1) width 17: "\x{4EA4}"
          RenderText {#text} at (1158,122) size 18x119
            text run at (1158,122) width 119: "\x{3089}\x{306C}\x{3068}\x{4E91}\x{3046}\x{70B9}\x{306B}"
          RenderRuby (inline) {RUBY} at (0,0) size 18x20
            RenderRubyRun (anonymous) at (1155,241) size 24x20
              RenderRubyText {RT} at (-9,0) size 14x20
                RenderText {#text} at (2,0) size 10x20
                  text run at (2,0) width 20: "\x{305D}\x{3093}"
              RenderRubyBase (anonymous) at (0,0) size 24x20
                RenderInline {RB} at (0,0) size 18x17
                  RenderText {#text} at (3,1) size 18x17
                    text run at (3,1) width 17: "\x{5B58}"
          RenderText {#text} at (1158,261) size 46x471
            text run at (1158,261) width 210: "\x{3059}\x{308B}\x{304B}\x{3082}\x{77E5}\x{308C}\x{306C}\x{304C}\x{3001}\x{4EA4}\x{3089}\x{306C}\x{3060}"
            text run at (1186,0) width 97: "\x{3051}\x{306B}\x{305D}\x{306E}\x{4ED6}\x{306E}"
          RenderRuby (inline) {RUBY} at (0,0) size 18x48
            RenderRubyRun (anonymous) at (1183,97) size 24x48
              RenderRubyText {RT} at (-9,0) size 14x48
                RenderText {#text} at (2,0) size 10x48
                  text run at (2,0) width 48: "\x{3058}\x{3087}\x{3046}\x{3057}\x{3087}"
              RenderRubyBase (anonymous) at (0,0) size 24x48
                RenderInline {RB} at (0,0) size 18x34
                  RenderText {#text} at (3,7) size 18x34
                    text run at (3,7) width 34: "\x{60C5}\x{7DD2}"
          RenderText {#text} at (1186,145) size 18x322
            text run at (1186,145) width 322: "\x{306F}\x{5E38}\x{3088}\x{308A}\x{306F}\x{4F59}\x{8A08}\x{306B}\x{6D3B}\x{52D5}\x{3059}\x{308B}\x{3060}\x{308D}\x{3046}\x{3002}\x{305D}\x{308C}\x{304C}"
          RenderRuby (inline) {RUBY} at (0,0) size 18x20
            RenderRubyRun (anonymous) at (1183,467) size 24x20
              RenderRubyText {RT} at (-9,0) size 14x20
                RenderText {#text} at (2,0) size 10x20
                  text run at (2,0) width 20: "\x{3044}\x{3084}"
              RenderRubyBase (anonymous) at (0,0) size 24x20
                RenderInline {RB} at (0,0) size 18x17
                  RenderText {#text} at (3,1) size 18x17
                    text run at (3,1) width 17: "\x{5ACC}"
          RenderText {#text} at (1210,0) size 18x33
            text run at (1210,0) width 33: "\x{3060}\x{3002}"
          RenderBR {BR} at (1210,33) size 18x0
          RenderText {#text} at (1234,0) size 46x468
            text run at (1234,0) width 468: "\x{3000}\x{82E6}\x{3057}\x{3093}\x{3060}\x{308A}\x{3001}\x{6012}\x{3063}\x{305F}\x{308A}\x{3001}\x{9A12}\x{3044}\x{3060}\x{308A}\x{3001}\x{6CE3}\x{3044}\x{305F}\x{308A}\x{306F}\x{4EBA}\x{306E}\x{4E16}\x{306B}\x{3064}\x{304D}\x{3082}"
            text run at (1262,0) width 210: "\x{306E}\x{3060}\x{3002}\x{4F59}\x{3082}\x{4E09}\x{5341}\x{5E74}\x{306E}\x{9593}\x{305D}\x{308C}\x{3092}"
          RenderRuby (inline) {RUBY} at (0,0) size 18x34
            RenderRubyRun (anonymous) at (1259,210) size 24x34
              RenderRubyText {RT} at (-9,0) size 14x34
                RenderText {#text} at (2,2) size 10x30
                  text run at (2,2) width 30: "\x{3057}\x{3068}\x{304A}"
              RenderRubyBase (anonymous) at (0,0) size 24x34
                RenderInline {RB} at (0,0) size 18x34
                  RenderText {#text} at (3,0) size 18x34
                    text run at (3,0) width 34: "\x{4ED5}\x{901A}"
          RenderText {#text} at (1262,244) size 18x50
            text run at (1262,244) width 50: "\x{3057}\x{3066}\x{3001}"
          RenderRuby (inline) {RUBY} at (0,0) size 18x40
            RenderRubyRun (anonymous) at (1259,294) size 24x40
              RenderRubyText {RT} at (-9,0) size 14x40
                RenderText {#text} at (2,0) size 10x40
                  text run at (2,0) width 40: "\x{3042}\x{304D}\x{3042}\x{304D}"
              RenderRubyBase (anonymous) at (0,0) size 24x40
                RenderInline {RB} at (0,0) size 18x33
                  RenderText {#text} at (3,3) size 18x33
                    text run at (3,3) width 33: "\x{98FD}\x{3005}"
          RenderText {#text} at (1262,334) size 18x50
            text run at (1262,334) width 50: "\x{3057}\x{305F}\x{3002}"
          RenderRuby (inline) {RUBY} at (0,0) size 18x17
            RenderRubyRun (anonymous) at (1259,384) size 24x17
              RenderRubyText {RT} at (-9,0) size 14x17
                RenderText {#text} at (2,3) size 10x10
                  text run at (2,3) width 10: "\x{3042}"
              RenderRubyBase (anonymous) at (0,0) size 24x17
                RenderInline {RB} at (0,0) size 18x17
                  RenderText {#text} at (3,0) size 18x17
                    text run at (3,0) width 17: "\x{98FD}"
          RenderText {#text} at (1262,401) size 70x468
            text run at (1262,401) width 65: "\x{304D}\x{98FD}\x{304D}\x{3057}"
            text run at (1286,0) width 468: "\x{305F}\x{4E0A}\x{306B}\x{829D}\x{5C45}\x{3084}\x{5C0F}\x{8AAC}\x{3067}\x{540C}\x{3058}\x{523A}\x{6FC0}\x{3092}\x{7E70}\x{308A}\x{8FD4}\x{3057}\x{3066}\x{306F}\x{5927}\x{5909}\x{3060}\x{3002}\x{4F59}\x{304C}\x{6B32}\x{3059}\x{308B}"
            text run at (1314,0) width 194: "\x{8A69}\x{306F}\x{305D}\x{3093}\x{306A}\x{4E16}\x{9593}\x{7684}\x{306E}\x{4EBA}\x{60C5}\x{3092}"
          RenderRuby (inline) {RUBY} at (0,0) size 18x34
            RenderRubyRun (anonymous) at (1311,194) size 24x34
              RenderRubyText {RT} at (-9,0) size 14x34
                RenderText {#text} at (2,7) size 10x20
                  text run at (2,7) width 20: "\x{3053}\x{3076}"
              RenderRubyBase (anonymous) at (0,0) size 24x34
                RenderInline {RB} at (0,0) size 18x34
                  RenderText {#text} at (3,0) size 18x34
                    text run at (3,0) width 34: "\x{9F13}\x{821E}"
          RenderText {#text} at (1314,228) size 46x470
            text run at (1314,228) width 242: "\x{3059}\x{308B}\x{3088}\x{3046}\x{306A}\x{3082}\x{306E}\x{3067}\x{306F}\x{306A}\x{3044}\x{3002}\x{4FD7}\x{5FF5}\x{3092}"
            text run at (1342,0) width 178: "\x{653E}\x{68C4}\x{3057}\x{3066}\x{3001}\x{3057}\x{3070}\x{3089}\x{304F}\x{3067}\x{3082}"
          RenderRuby (inline) {RUBY} at (0,0) size 18x40
            RenderRubyRun (anonymous) at (1339,178) size 24x40
              RenderRubyText {RT} at (-9,0) size 14x40
                RenderText {#text} at (2,0) size 10x40
                  text run at (2,0) width 40: "\x{3058}\x{3093}\x{304B}\x{3044}"
              RenderRubyBase (anonymous) at (0,0) size 24x40
                RenderInline {RB} at (0,0) size 18x34
                  RenderText {#text} at (3,3) size 18x34
                    text run at (3,3) width 34: "\x{5875}\x{754C}"
          RenderText {#text} at (1342,218) size 90x468
            text run at (1342,218) width 226: "\x{3092}\x{96E2}\x{308C}\x{305F}\x{5FC3}\x{6301}\x{3061}\x{306B}\x{306A}\x{308C}\x{308B}\x{8A69}\x{3067}\x{3042}"
            text run at (1366,0) width 468: "\x{308B}\x{3002}\x{3044}\x{304F}\x{3089}\x{5091}\x{4F5C}\x{3067}\x{3082}\x{4EBA}\x{60C5}\x{3092}\x{96E2}\x{308C}\x{305F}\x{829D}\x{5C45}\x{306F}\x{306A}\x{3044}\x{3001}\x{7406}\x{975E}\x{3092}\x{7D76}\x{3057}\x{305F}\x{5C0F}\x{8AAC}"
            text run at (1390,0) width 468: "\x{306F}\x{5C11}\x{304B}\x{308D}\x{3046}\x{3002}\x{3069}\x{3053}\x{307E}\x{3067}\x{3082}\x{4E16}\x{9593}\x{3092}\x{51FA}\x{308B}\x{4E8B}\x{304C}\x{51FA}\x{6765}\x{306C}\x{306E}\x{304C}\x{5F7C}\x{3089}\x{306E}\x{7279}\x{8272}\x{3067}"
            text run at (1414,0) width 468: "\x{3042}\x{308B}\x{3002}\x{3053}\x{3068}\x{306B}\x{897F}\x{6D0B}\x{306E}\x{8A69}\x{306B}\x{306A}\x{308B}\x{3068}\x{3001}\x{4EBA}\x{4E8B}\x{304C}\x{6839}\x{672C}\x{306B}\x{306A}\x{308B}\x{304B}\x{3089}\x{3044}\x{308F}\x{3086}\x{308B}"
          RenderRuby (inline) {RUBY} at (0,0) size 18x34
            RenderRubyRun (anonymous) at (1439,0) size 24x34
              RenderRubyText {RT} at (-9,0) size 14x34
                RenderText {#text} at (2,2) size 10x30
                  text run at (2,2) width 30: "\x{3057}\x{3044}\x{304B}"
              RenderRubyBase (anonymous) at (0,0) size 24x34
                RenderInline {RB} at (0,0) size 18x34
                  RenderText {#text} at (3,0) size 18x34
                    text run at (3,0) width 34: "\x{8A69}\x{6B4C}"
          RenderText {#text} at (1442,34) size 18x170
            text run at (1442,34) width 170: "\x{306E}\x{7D14}\x{7C8B}\x{306A}\x{308B}\x{3082}\x{306E}\x{3082}\x{3053}\x{306E}"
          RenderRuby (inline) {RUBY} at (0,0) size 18x29
            RenderRubyRun (anonymous) at (1439,204) size 24x29
              RenderRubyText {RT} at (-9,0) size 14x29
                RenderText {#text} at (2,0) size 10x29
                  text run at (2,0) width 29: "\x{304D}\x{3087}\x{3046}"
              RenderRubyBase (anonymous) at (0,0) size 24x29
                RenderInline {RB} at (0,0) size 18x17
                  RenderText {#text} at (3,6) size 18x17
                    text run at (3,6) width 17: "\x{5883}"
          RenderText {#text} at (1442,233) size 18x17
            text run at (1442,233) width 17: "\x{3092}"
          RenderRuby (inline) {RUBY} at (0,0) size 18x34
            RenderRubyRun (anonymous) at (1439,250) size 24x34
              RenderRubyText {RT} at (-9,0) size 14x34
                RenderText {#text} at (2,2) size 10x30
                  text run at (2,2) width 30: "\x{3052}\x{3060}\x{3064}"
              RenderRubyBase (anonymous) at (0,0) size 24x34
                RenderInline {RB} at (0,0) size 18x34
                  RenderText {#text} at (3,0) size 18x34
                    text run at (3,0) width 34: "\x{89E3}\x{8131}"
          RenderText {#text} at (1442,284) size 46x478
            text run at (1442,284) width 194: "\x{3059}\x{308B}\x{4E8B}\x{3092}\x{77E5}\x{3089}\x{306C}\x{3002}\x{3069}\x{3053}\x{307E}\x{3067}"
            text run at (1470,0) width 387: "\x{3082}\x{540C}\x{60C5}\x{3060}\x{3068}\x{304B}\x{3001}\x{611B}\x{3060}\x{3068}\x{304B}\x{3001}\x{6B63}\x{7FA9}\x{3060}\x{3068}\x{304B}\x{3001}\x{81EA}\x{7531}\x{3060}\x{3068}\x{304B}\x{3001}"
          RenderRuby (inline) {RUBY} at (0,0) size 18x34
            RenderRubyRun (anonymous) at (1467,387) size 24x34
              RenderRubyText {RT} at (-9,0) size 14x34
                RenderText {#text} at (2,2) size 10x30
                  text run at (2,2) width 30: "\x{3046}\x{304D}\x{3088}"
              RenderRubyBase (anonymous) at (0,0) size 24x34
                RenderInline {RB} at (0,0) size 18x34
                  RenderText {#text} at (3,0) size 18x34
                    text run at (3,0) width 34: "\x{6D6E}\x{4E16}"
          RenderText {#text} at (1470,421) size 18x17
            text run at (1470,421) width 17: "\x{306E}"
          RenderRuby (inline) {RUBY} at (0,0) size 18x51
            RenderRubyRun (anonymous) at (1495,0) size 24x51
              RenderRubyText {RT} at (-9,0) size 14x51
                RenderText {#text} at (2,0) size 10x50
                  text run at (2,0) width 50: "\x{304B}\x{3093}\x{3053}\x{3046}\x{3070}"
              RenderRubyBase (anonymous) at (0,0) size 24x51
                RenderInline {RB} at (0,0) size 18x51
                  RenderText {#text} at (3,0) size 18x51
                    text run at (3,0) width 51: "\x{52E7}\x{5DE5}\x{5834}"
          RenderText {#text} at (1498,51) size 18x170
            text run at (1498,51) width 170: "\x{306B}\x{3042}\x{308B}\x{3082}\x{306E}\x{3060}\x{3051}\x{3067}\x{7528}\x{3092}"
          RenderRuby (inline) {RUBY} at (0,0) size 18x20
            RenderRubyRun (anonymous) at (1495,221) size 24x20
              RenderRubyText {RT} at (-9,0) size 14x20
                RenderText {#text} at (2,0) size 10x20
                  text run at (2,0) width 20: "\x{3079}\x{3093}"
              RenderRubyBase (anonymous) at (0,0) size 24x20
                RenderInline {RB} at (0,0) size 18x17
                  RenderText {#text} at (3,1) size 18x17
                    text run at (3,1) width 17: "\x{5F01}"
          RenderText {#text} at (1498,241) size 46x467
            text run at (1498,241) width 226: "\x{3058}\x{3066}\x{3044}\x{308B}\x{3002}\x{3044}\x{304F}\x{3089}\x{8A69}\x{7684}\x{306B}\x{306A}\x{3063}\x{3066}"
            text run at (1526,0) width 97: "\x{3082}\x{5730}\x{9762}\x{306E}\x{4E0A}\x{3092}"
          RenderRuby (inline) {RUBY} at (0,0) size 18x17
            RenderRubyRun (anonymous) at (1523,97) size 24x17
              RenderRubyText {RT} at (-9,0) size 14x17
                RenderText {#text} at (2,3) size 10x10
                  text run at (2,3) width 10: "\x{304B}"
              RenderRubyBase (anonymous) at (0,0) size 24x17
                RenderInline {RB} at (0,0) size 18x17
                  RenderText {#text} at (3,0) size 18x17
                    text run at (3,0) width 17: "\x{99B3}"
          RenderText {#text} at (1526,114) size 18x118
            text run at (1526,114) width 118: "\x{3051}\x{3066}\x{3042}\x{308B}\x{3044}\x{3066}\x{3001}"
          RenderRuby (inline) {RUBY} at (0,0) size 18x20
            RenderRubyRun (anonymous) at (1523,232) size 24x20
              RenderRubyText {RT} at (-9,0) size 14x20
                RenderText {#text} at (2,0) size 10x20
                  text run at (2,0) width 20: "\x{305C}\x{306B}"
              RenderRubyBase (anonymous) at (0,0) size 24x20
                RenderInline {RB} at (0,0) size 18x17
                  RenderText {#text} at (3,1) size 18x17
                    text run at (3,1) width 17: "\x{92AD}"
          RenderText {#text} at (1526,252) size 46x462
            text run at (1526,252) width 210: "\x{306E}\x{52D8}\x{5B9A}\x{3092}\x{5FD8}\x{308C}\x{308B}\x{3072}\x{307E}\x{304C}\x{306A}\x{3044}\x{3002}"
            text run at (1554,0) width 81: "\x{30B7}\x{30A7}\x{30EC}\x{30FC}\x{304C}"
          RenderRuby (inline) {RUBY} at (0,0) size 18x34
            RenderRubyRun (anonymous) at (1551,81) size 24x34
              RenderRubyText {RT} at (-9,0) size 14x34
                RenderText {#text} at (2,2) size 10x30
                  text run at (2,2) width 30: "\x{3072}\x{3070}\x{308A}"
              RenderRubyBase (anonymous) at (0,0) size 24x34
                RenderInline {RB} at (0,0) size 18x34
                  RenderText {#text} at (3,0) size 18x34
                    text run at (3,0) width 34: "\x{96F2}\x{96C0}"
          RenderText {#text} at (1554,115) size 18x271
            text run at (1554,115) width 271: "\x{3092}\x{805E}\x{3044}\x{3066}\x{5606}\x{606F}\x{3057}\x{305F}\x{306E}\x{3082}\x{7121}\x{7406}\x{306F}\x{306A}\x{3044}\x{3002}"
          RenderBR {BR} at (1554,386) size 18x0
          RenderText {#text} at (1582,0) size 18x162
            text run at (1582,0) width 162: "\x{3000}\x{3046}\x{308C}\x{3057}\x{3044}\x{4E8B}\x{306B}\x{6771}\x{6D0B}\x{306E}"
          RenderRuby (inline) {RUBY} at (0,0) size 18x34
            RenderRubyRun (anonymous) at (1579,162) size 24x34
              RenderRubyText {RT} at (-9,0) size 14x34
                RenderText {#text} at (2,2) size 10x30
                  text run at (2,2) width 30: "\x{3057}\x{3044}\x{304B}"
              RenderRubyBase (anonymous) at (0,0) size 24x34
                RenderInline {RB} at (0,0) size 18x34
                  RenderText {#text} at (3,0) size 18x34
                    text run at (3,0) width 34: "\x{8A69}\x{6B4C}"
          RenderText {#text} at (1582,196) size 18x68
            text run at (1582,196) width 68: "\x{306F}\x{305D}\x{3053}\x{3092}"
          RenderRuby (inline) {RUBY} at (0,0) size 18x34
            RenderRubyRun (anonymous) at (1579,264) size 24x34
              RenderRubyText {RT} at (-9,0) size 14x34
                RenderText {#text} at (2,2) size 10x30
                  text run at (2,2) width 30: "\x{3052}\x{3060}\x{3064}"
              RenderRubyBase (anonymous) at (0,0) size 24x34
                RenderInline {RB} at (0,0) size 18x34
                  RenderText {#text} at (3,0) size 18x34
                    text run at (3,0) width 34: "\x{89E3}\x{8131}"
          RenderText {#text} at (1582,298) size 18x118
            text run at (1582,298) width 118: "\x{3057}\x{305F}\x{306E}\x{304C}\x{3042}\x{308B}\x{3002}"
          RenderRuby (inline) {RUBY} at (0,0) size 18x50
            RenderRubyRun (anonymous) at (1579,416) size 24x50
              RenderRubyText {RT} at (-9,0) size 14x50
                RenderText {#text} at (2,0) size 10x50
                  text run at (2,0) width 50: "\x{304D}\x{304F}\x{3092}\x{3068}\x{308B}"
              RenderRubyBase (anonymous) at (0,0) size 24x50
                RenderInline {RB} at (0,0) size 18x34
                  RenderText {#text} at (3,8) size 18x34
                    text run at (3,8) width 34: "\x{63A1}\x{83CA}"
          RenderRuby (inline) {RUBY} at (0,0) size 18x60
            RenderRubyRun (anonymous) at (1607,0) size 24x60
              RenderRubyText {RT} at (-9,0) size 14x60
                RenderText {#text} at (2,0) size 10x60
                  text run at (2,0) width 60: "\x{3068}\x{3046}\x{308A}\x{306E}\x{3082}\x{3068}"
              RenderRubyBase (anonymous) at (0,0) size 24x60
                RenderInline {RB} at (0,0) size 18x51
                  RenderText {#text} at (3,4) size 18x51
                    text run at (3,4) width 51: "\x{6771}\x{7C6C}\x{4E0B}"
          RenderText {#text} at (1610,60) size 18x17
            text run at (1610,60) width 17: "\x{3001}"
          RenderRuby (inline) {RUBY} at (0,0) size 18x70
            RenderRubyRun (anonymous) at (1607,77) size 24x70
              RenderRubyText {RT} at (-9,0) size 14x70
                RenderText {#text} at (2,0) size 10x70
                  text run at (2,0) width 70: "\x{3086}\x{3046}\x{305C}\x{3093}\x{3068}\x{3057}\x{3066}"
              RenderRubyBase (anonymous) at (0,0) size 24x70
                RenderInline {RB} at (0,0) size 18x34
                  RenderText {#text} at (3,18) size 18x34
                    text run at (3,18) width 34: "\x{60A0}\x{7136}"
          RenderRuby (inline) {RUBY} at (0,0) size 18x70
            RenderRubyRun (anonymous) at (1607,147) size 24x70
              RenderRubyText {RT} at (-9,0) size 14x70
                RenderText {#text} at (2,0) size 10x70
                  text run at (2,0) width 70: "\x{306A}\x{3093}\x{3056}\x{3093}\x{3092}\x{307F}\x{308B}"
              RenderRubyBase (anonymous) at (0,0) size 24x70
                RenderInline {RB} at (0,0) size 18x51
                  RenderText {#text} at (3,9) size 18x51
                    text run at (3,9) width 51: "\x{898B}\x{5357}\x{5C71}"
          RenderText {#text} at (1610,217) size 18x136
            text run at (1610,217) width 136: "\x{3002}\x{305F}\x{3060}\x{305D}\x{308C}\x{304E}\x{308A}\x{306E}"
          RenderRuby (inline) {RUBY} at (0,0) size 18x20
            RenderRubyRun (anonymous) at (1607,353) size 24x20
              RenderRubyText {RT} at (-9,0) size 14x20
                RenderText {#text} at (2,0) size 10x20
                  text run at (2,0) width 20: "\x{3046}\x{3061}"
              RenderRubyBase (anonymous) at (0,0) size 24x20
                RenderInline {RB} at (0,0) size 18x17
                  RenderText {#text} at (3,1) size 18x17
                    text run at (3,1) width 17: "\x{88CF}"
          RenderText {#text} at (1610,373) size 46x486
            text run at (1610,373) width 113: "\x{306B}\x{6691}\x{82E6}\x{3057}\x{3044}\x{4E16}\x{306E}"
            text run at (1638,0) width 419: "\x{4E2D}\x{3092}\x{307E}\x{308B}\x{3067}\x{5FD8}\x{308C}\x{305F}\x{5149}\x{666F}\x{304C}\x{51FA}\x{3066}\x{304F}\x{308B}\x{3002}\x{57A3}\x{306E}\x{5411}\x{3046}\x{306B}\x{96A3}\x{308A}\x{306E}\x{5A18}\x{304C}"
          RenderRuby (inline) {RUBY} at (0,0) size 18x20
            RenderRubyRun (anonymous) at (1635,419) size 24x20
              RenderRubyText {RT} at (-9,0) size 14x20
                RenderText {#text} at (2,0) size 10x20
                  text run at (2,0) width 20: "\x{306E}\x{305E}"
              RenderRubyBase (anonymous) at (0,0) size 24x20
                RenderInline {RB} at (0,0) size 18x17
                  RenderText {#text} at (3,1) size 18x17
                    text run at (3,1) width 17: "\x{8997}"
          RenderText {#text} at (1638,439) size 46x456
            text run at (1638,439) width 17: "\x{3044}"
            text run at (1666,0) width 162: "\x{3066}\x{308B}\x{8A33}\x{3067}\x{3082}\x{306A}\x{3051}\x{308C}\x{3070}\x{3001}"
          RenderRuby (inline) {RUBY} at (0,0) size 18x40
            RenderRubyRun (anonymous) at (1663,162) size 24x40
              RenderRubyText {RT} at (-9,0) size 14x40
                RenderText {#text} at (2,0) size 10x40
                  text run at (2,0) width 40: "\x{306A}\x{3093}\x{3056}\x{3093}"
              RenderRubyBase (anonymous) at (0,0) size 24x40
                RenderInline {RB} at (0,0) size 18x34
                  RenderText {#text} at (3,3) size 18x34
                    text run at (3,3) width 34: "\x{5357}\x{5C71}"
          RenderText {#text} at (1666,202) size 46x444
            text run at (1666,202) width 242: "\x{306B}\x{89AA}\x{53CB}\x{304C}\x{5949}\x{8077}\x{3057}\x{3066}\x{3044}\x{308B}\x{6B21}\x{7B2C}\x{3067}\x{3082}\x{306A}"
            text run at (1694,0) width 81: "\x{3044}\x{3002}\x{8D85}\x{7136}\x{3068}"
          RenderRuby (inline) {RUBY} at (0,0) size 18x78
            RenderRubyRun (anonymous) at (1691,81) size 24x78
              RenderRubyText {RT} at (-9,0) size 14x78
                RenderText {#text} at (2,0) size 10x78
                  text run at (2,0) width 78: "\x{3057}\x{3085}\x{3063}\x{305B}\x{3051}\x{3093}\x{3066}\x{304D}"
              RenderRubyBase (anonymous) at (0,0) size 24x78
                RenderInline {RB} at (0,0) size 18x68
                  RenderText {#text} at (3,5) size 18x68
                    text run at (3,5) width 68: "\x{51FA}\x{4E16}\x{9593}\x{7684}"
          RenderText {#text} at (1694,159) size 46x466
            text run at (1694,159) width 307: "\x{306B}\x{5229}\x{5BB3}\x{640D}\x{5F97}\x{306E}\x{6C57}\x{3092}\x{6D41}\x{3057}\x{53BB}\x{3063}\x{305F}\x{5FC3}\x{6301}\x{3061}\x{306B}\x{306A}\x{308C}"
            text run at (1722,0) width 33: "\x{308B}\x{3002}"
          RenderRuby (inline) {RUBY} at (0,0) size 18x30
            RenderRubyRun (anonymous) at (1719,33) size 24x30
              RenderRubyText {RT} at (-9,0) size 14x30
                RenderText {#text} at (2,0) size 10x30
                  text run at (2,0) width 30: "\x{3072}\x{3068}\x{308A}"
              RenderRubyBase (anonymous) at (0,0) size 24x30
                RenderInline {RB} at (0,0) size 18x17
                  RenderText {#text} at (3,6) size 18x17
                    text run at (3,6) width 17: "\x{72EC}"
          RenderRuby (inline) {RUBY} at (0,0) size 18x100
            RenderRubyRun (anonymous) at (1719,63) size 24x100
              RenderRubyText {RT} at (-9,0) size 14x100
                RenderText {#text} at (2,0) size 10x100
                  text run at (2,0) width 100: "\x{3086}\x{3046}\x{3053}\x{3046}\x{306E}\x{3046}\x{3061}\x{306B}\x{3056}\x{3057}"
              RenderRubyBase (anonymous) at (0,0) size 24x100
                RenderInline {RB} at (0,0) size 18x68
                  RenderText {#text} at (3,16) size 18x68
                    text run at (3,16) width 68: "\x{5750}\x{5E7D}\x{7BC1}\x{88CF}"
          RenderText {#text} at (1722,163) size 18x17
            text run at (1722,163) width 17: "\x{3001}"
          RenderRuby (inline) {RUBY} at (0,0) size 18x70
            RenderRubyRun (anonymous) at (1719,180) size 24x70
              RenderRubyText {RT} at (-9,0) size 14x70
                RenderText {#text} at (2,0) size 10x70
                  text run at (2,0) width 70: "\x{304D}\x{3093}\x{3092}\x{3060}\x{3093}\x{3058}\x{3066}"
              RenderRubyBase (anonymous) at (0,0) size 24x70
                RenderInline {RB} at (0,0) size 18x34
                  RenderText {#text} at (3,18) size 18x34
                    text run at (3,18) width 34: "\x{5F3E}\x{7434}"
          RenderRuby (inline) {RUBY} at (0,0) size 18x88
            RenderRubyRun (anonymous) at (1719,250) size 24x88
              RenderRubyText {RT} at (-9,0) size 14x88
                RenderText {#text} at (2,0) size 10x88
                  text run at (2,0) width 88: "\x{307E}\x{305F}\x{3061}\x{3087}\x{3046}\x{3057}\x{3087}\x{3046}\x{3059}"
              RenderRubyBase (anonymous) at (0,0) size 24x88
                RenderInline {RB} at (0,0) size 18x51
                  RenderText {#text} at (3,18) size 18x51
                    text run at (3,18) width 51: "\x{5FA9}\x{9577}\x{562F}"
          RenderText {#text} at (1722,338) size 18x17
            text run at (1722,338) width 17: "\x{3001}"
          RenderRuby (inline) {RUBY} at (0,0) size 18x40
            RenderRubyRun (anonymous) at (1719,355) size 24x40
              RenderRubyText {RT} at (-9,0) size 14x40
                RenderText {#text} at (2,0) size 10x40
                  text run at (2,0) width 40: "\x{3057}\x{3093}\x{308A}\x{3093}"
              RenderRubyBase (anonymous) at (0,0) size 24x40
                RenderInline {RB} at (0,0) size 18x34
                  RenderText {#text} at (3,3) size 18x34
                    text run at (3,3) width 34: "\x{6DF1}\x{6797}"
          RenderRuby (inline) {RUBY} at (0,0) size 18x51
            RenderRubyRun (anonymous) at (1719,395) size 24x51
              RenderRubyText {RT} at (-9,0) size 14x51
                RenderText {#text} at (2,0) size 10x50
                  text run at (2,0) width 50: "\x{3072}\x{3068}\x{3057}\x{3089}\x{305A}"
              RenderRubyBase (anonymous) at (0,0) size 24x51
                RenderInline {RB} at (0,0) size 18x51
                  RenderText {#text} at (3,0) size 18x51
                    text run at (3,0) width 51: "\x{4EBA}\x{4E0D}\x{77E5}"
          RenderText {#text} at (1722,446) size 18x17
            text run at (1722,446) width 17: "\x{3001}"
          RenderRuby (inline) {RUBY} at (0,0) size 18x80
            RenderRubyRun (anonymous) at (1747,0) size 24x80
              RenderRubyText {RT} at (-9,0) size 14x80
                RenderText {#text} at (2,0) size 10x80
                  text run at (2,0) width 80: "\x{3081}\x{3044}\x{3052}\x{3064}\x{304D}\x{305F}\x{308A}\x{3066}"
              RenderRubyBase (anonymous) at (0,0) size 24x80
                RenderInline {RB} at (0,0) size 18x51
                  RenderText {#text} at (3,14) size 18x51
                    text run at (3,14) width 51: "\x{660E}\x{6708}\x{6765}"
          RenderRuby (inline) {RUBY} at (0,0) size 18x50
            RenderRubyRun (anonymous) at (1747,80) size 24x50
              RenderRubyText {RT} at (-9,0) size 14x50
                RenderText {#text} at (2,0) size 10x50
                  text run at (2,0) width 50: "\x{3042}\x{3044}\x{3066}\x{3089}\x{3059}"
              RenderRubyBase (anonymous) at (0,0) size 24x50
                RenderInline {RB} at (0,0) size 18x34
                  RenderText {#text} at (3,8) size 18x34
                    text run at (3,8) width 34: "\x{76F8}\x{7167}"
          RenderText {#text} at (1750,130) size 18x170
            text run at (1750,130) width 170: "\x{3002}\x{305F}\x{3060}\x{4E8C}\x{5341}\x{5B57}\x{306E}\x{3046}\x{3061}\x{306B}"
          RenderRuby (inline) {RUBY} at (0,0) size 18x20
            RenderRubyRun (anonymous) at (1747,300) size 24x20
              RenderRubyText {RT} at (-9,0) size 14x20
                RenderText {#text} at (2,0) size 10x20
                  text run at (2,0) width 20: "\x{3086}\x{3046}"
              RenderRubyBase (anonymous) at (0,0) size 24x20
                RenderInline {RB} at (0,0) size 18x17
                  RenderText {#text} at (3,1) size 18x17
                    text run at (3,1) width 17: "\x{512A}"
          RenderText {#text} at (1750,320) size 18x17
            text run at (1750,320) width 17: "\x{306B}"
          RenderRuby (inline) {RUBY} at (0,0) size 18x60
            RenderRubyRun (anonymous) at (1747,337) size 24x60
              RenderRubyText {RT} at (-9,0) size 14x60
                RenderText {#text} at (2,0) size 10x60
                  text run at (2,0) width 60: "\x{3079}\x{3064}\x{3051}\x{3093}\x{3053}\x{3093}"
              RenderRubyBase (anonymous) at (0,0) size 24x60
                RenderInline {RB} at (0,0) size 18x51
                  RenderText {#text} at (3,4) size 18x51
                    text run at (3,4) width 51: "\x{5225}\x{4E7E}\x{5764}"
          RenderText {#text} at (1750,397) size 18x17
            text run at (1750,397) width 17: "\x{3092}"
          RenderRuby (inline) {RUBY} at (0,0) size 18x49
            RenderRubyRun (anonymous) at (1747,414) size 24x49
              RenderRubyText {RT} at (-9,0) size 14x49
                RenderText {#text} at (2,0) size 10x49
                  text run at (2,0) width 49: "\x{3053}\x{3093}\x{308A}\x{3085}\x{3046}"
              RenderRubyBase (anonymous) at (0,0) size 24x49
                RenderInline {RB} at (0,0) size 18x34
                  RenderText {#text} at (3,7) size 18x34
                    text run at (3,7) width 34: "\x{5EFA}\x{7ACB}"
          RenderText {#text} at (1750,463) size 46x480
            text run at (1750,463) width 17: "\x{3057}"
            text run at (1778,0) width 146: "\x{3066}\x{3044}\x{308B}\x{3002}\x{3053}\x{306E}\x{4E7E}\x{5764}\x{306E}"
          RenderRuby (inline) {RUBY} at (0,0) size 18x34
            RenderRubyRun (anonymous) at (1775,146) size 24x34
              RenderRubyText {RT} at (-9,0) size 14x34
                RenderText {#text} at (2,2) size 10x30
                  text run at (2,2) width 30: "\x{304F}\x{3069}\x{304F}"
              RenderRubyBase (anonymous) at (0,0) size 24x34
                RenderInline {RB} at (0,0) size 18x34
                  RenderText {#text} at (3,0) size 18x34
                    text run at (3,0) width 34: "\x{529F}\x{5FB3}"
          RenderText {#text} at (1778,180) size 18x34
            text run at (1778,180) width 34: "\x{306F}\x{300C}"
          RenderRuby (inline) {RUBY} at (0,0) size 18x51
            RenderRubyRun (anonymous) at (1775,214) size 24x51
              RenderRubyText {RT} at (-9,0) size 14x51
                RenderText {#text} at (2,0) size 10x50
                  text run at (2,0) width 50: "\x{307B}\x{3068}\x{3068}\x{304E}\x{3059}"
              RenderRubyBase (anonymous) at (0,0) size 24x51
                RenderInline {RB} at (0,0) size 18x51
                  RenderText {#text} at (3,0) size 18x51
                    text run at (3,0) width 51: "\x{4E0D}\x{5982}\x{5E30}"
          RenderText {#text} at (1778,265) size 18x51
            text run at (1778,265) width 51: "\x{300D}\x{3084}\x{300C}"
          RenderRuby (inline) {RUBY} at (0,0) size 18x69
            RenderRubyRun (anonymous) at (1775,316) size 24x69
              RenderRubyText {RT} at (-9,0) size 14x69
                RenderText {#text} at (2,0) size 10x69
                  text run at (2,0) width 69: "\x{3053}\x{3093}\x{3058}\x{304D}\x{3084}\x{3057}\x{3083}"
              RenderRubyBase (anonymous) at (0,0) size 24x69
                RenderInline {RB} at (0,0) size 18x68
                  RenderText {#text} at (3,0) size 18x68
                    text run at (3,0) width 68: "\x{91D1}\x{8272}\x{591C}\x{53C9}"
          RenderText {#text} at (1778,385) size 46x482
            text run at (1778,385) width 97: "\x{300D}\x{306E}\x{529F}\x{5FB3}\x{3067}\x{306F}"
            text run at (1806,0) width 419: "\x{306A}\x{3044}\x{3002}\x{6C7D}\x{8239}\x{3001}\x{6C7D}\x{8ECA}\x{3001}\x{6A29}\x{5229}\x{3001}\x{7FA9}\x{52D9}\x{3001}\x{9053}\x{5FB3}\x{3001}\x{793C}\x{7FA9}\x{3067}\x{75B2}\x{308C}\x{679C}\x{3066}\x{305F}"
          RenderRuby (inline) {RUBY} at (0,0) size 18x20
            RenderRubyRun (anonymous) at (1803,419) size 24x20
              RenderRubyText {RT} at (-9,0) size 14x20
                RenderText {#text} at (2,0) size 10x20
                  text run at (2,0) width 20: "\x{306E}\x{3061}"
              RenderRubyBase (anonymous) at (0,0) size 24x20
                RenderInline {RB} at (0,0) size 18x17
                  RenderText {#text} at (3,1) size 18x17
                    text run at (3,1) width 17: "\x{5F8C}"
          RenderText {#text} at (1806,439) size 42x472
            text run at (1806,439) width 33: "\x{306B}\x{3001}"
            text run at (1830,0) width 387: "\x{3059}\x{3079}\x{3066}\x{3092}\x{5FD8}\x{5374}\x{3057}\x{3066}\x{3050}\x{3063}\x{3059}\x{308A}\x{5BDD}\x{8FBC}\x{3080}\x{3088}\x{3046}\x{306A}\x{529F}\x{5FB3}\x{3067}\x{3042}\x{308B}\x{3002}"
          RenderBR {BR} at (1830,387) size 18x0
