layer at (0,0) size 800x600
  RenderView at (0,0) size 800x600
layer at (604,0) size 196x600
  RenderBlock {HTML} at (0,0) size 196x600
    RenderBody {BODY} at (8,8) size 180x584
      RenderBlock {P} at (0,24) size 110x536
        RenderInline {SPAN} at (0,0) size 24x108
          RenderText {#text} at (16,0) size 24x108
            text run at (16,0) width 108: "\x{7B2C}\x{4E00}\x{6BB5}\x{843D} "
        RenderInline {SPAN} at (0,0) size 110x461
          RenderText {#text} at (0,108) size 55x341
            text run at (0,108) width 341: "PARAGRAPH 1 "
          RenderBR {BR} at (0,449) size 55x0
          RenderText {#text} at (55,0) size 55x297
            text run at (55,0) width 297: "MORE TEXT. "
          RenderInline {SPAN} at (0,0) size 14x164
            RenderText {#text} at (87,297) size 14x164
              text run at (87,297) width 164: "SHOULD NOT BE CENTERED."
          RenderText {#text} at (0,0) size 0x0
      RenderBlock {P} at (110,24) size 70x536
        RenderInline {SPAN} at (0,0) size 28x477
          RenderText {#text} at (21,0) size 28x106
            text run at (21,0) width 106: "\x{7B2C}\x{4E8C}\x{6BB5}\x{843D} "
          RenderInline {SPAN} at (0,0) size 55x371
            RenderText {#text} at (7,106) size 55x341
              text run at (7,106) width 341: "PARAGRAPH 2 "
            RenderImage {IMG} at (0,447) size 70x30 [bgcolor=#008000]
            RenderText {#text} at (0,0) size 0x0
