layer at (0,0) size 800x600
  RenderView at (0,0) size 800x600
layer at (0,0) size 800x600
  RenderBlock {HTML} at (0,0) size 800x600
    RenderBody {BODY} at (8,8) size 784x576
      RenderBlock {FORM} at (0,0) size 784x27
        RenderTable {TABLE} at (0,0) size 588x27 [bgcolor=#FFE030] [border: (1px outset #808080)]
          RenderTableSection {TBODY} at (1,1) size 586x25
            RenderTableRow {TR} at (0,0) size 586x25
              RenderTableCell {TD} at (0,0) size 586x25 [border: (1px inset #808080)] [r=0 c=0 rs=1 cs=1]
                RenderInline {NOBR} at (0,0) size 584x18
                  RenderTextControl {INPUT} at (3,3) size 182x19 [bgcolor=#FFFFFF] [border: (2px inset #000000)]
                  RenderText {#text} at (187,3) size 13x18
                    text run at (187,3) width 13: " - "
                  RenderTextControl {INPUT} at (202,3) size 182x19 [bgcolor=#FFFFFF] [border: (2px inset #000000)]
                  RenderText {#text} at (386,3) size 13x18
                    text run at (386,3) width 13: " - "
                  RenderTextControl {INPUT} at (401,3) size 182x19 [bgcolor=#FFFFFF] [border: (2px inset #000000)]
                RenderText {#text} at (0,0) size 0x0
            RenderTableRow {TR} at (0,25) size 586x0
layer at (15,15) size 176x13
  RenderBlock {DIV} at (3,3) size 176x13
layer at (214,15) size 176x13
  RenderBlock {DIV} at (3,3) size 176x13
layer at (413,15) size 176x13
  RenderBlock {DIV} at (3,3) size 176x13
