layer at (0,0) size 800x600
  RenderView at (0,0) size 800x600
layer at (0,0) size 800x600
  RenderBlock {HTML} at (0,0) size 800x600
    RenderBody {BODY} at (8,8) size 784x584
      RenderBlock (anonymous) at (0,0) size 784x18
        RenderText {#text} at (0,0) size 285x18
          text run at (0,0) width 285: "border=\"0\" cellspacing=\"0\" cellpadding=\"0\""
      RenderTable {TABLE} at (0,18) size 784x34 [bgcolor=#DDDD33]
        RenderTableSection {TBODY} at (0,0) size 784x34
          RenderTableRow {TR} at (0,0) size 784x34
            RenderTableCell {TD} at (0,17) size 12x0 [r=0 c=0 rs=1 cs=1]
            RenderTableCell {TD} at (12,0) size 760x34 [r=0 c=1 rs=1 cs=1]
            RenderTableCell {TD} at (772,17) size 12x0 [r=0 c=2 rs=1 cs=1]
      RenderBlock (anonymous) at (0,52) size 784x18
        RenderText {#text} at (0,0) size 209x18
          text run at (0,0) width 209: "cellspacing=\"0\" cellpadding=\"0\""
      RenderTable {TABLE} at (0,70) size 784x34 [bgcolor=#CCCCFF]
        RenderTableSection {TBODY} at (0,0) size 784x34
          RenderTableRow {TR} at (0,0) size 784x34
            RenderTableCell {TD} at (0,17) size 12x0 [r=0 c=0 rs=1 cs=1]
            RenderTableCell {TD} at (12,0) size 760x34 [r=0 c=1 rs=1 cs=1]
            RenderTableCell {TD} at (772,17) size 12x0 [r=0 c=2 rs=1 cs=1]
      RenderBlock (anonymous) at (0,104) size 784x18
        RenderText {#text} at (0,0) size 104x18
          text run at (0,0) width 104: "cellpadding=\"0\""
      RenderTable {TABLE} at (0,122) size 784x38 [bgcolor=#FF9999]
        RenderTableSection {TBODY} at (0,0) size 784x38
          RenderTableRow {TR} at (0,2) size 784x34
            RenderTableCell {TD} at (2,19) size 12x0 [r=0 c=0 rs=1 cs=1]
            RenderTableCell {TD} at (16,2) size 752x34 [r=0 c=1 rs=1 cs=1]
            RenderTableCell {TD} at (770,19) size 12x0 [r=0 c=2 rs=1 cs=1]
      RenderBlock (anonymous) at (0,160) size 784x18
        RenderText {#text} at (0,0) size 180x18
          text run at (0,0) width 180: "border=\"0\" cellpadding=\"0\""
      RenderTable {TABLE} at (0,178) size 784x38 [bgcolor=#AAEEBB]
        RenderTableSection {TBODY} at (0,0) size 784x38
          RenderTableRow {TR} at (0,2) size 784x34
            RenderTableCell {TD} at (2,19) size 12x0 [r=0 c=0 rs=1 cs=1]
            RenderTableCell {TD} at (16,2) size 752x34 [r=0 c=1 rs=1 cs=1]
            RenderTableCell {TD} at (770,19) size 12x0 [r=0 c=2 rs=1 cs=1]
      RenderBlock (anonymous) at (0,216) size 784x18
        RenderInline {FONT} at (0,0) size 29x18 [color=#0000FF]
          RenderText {#text} at (0,0) size 29x18
            text run at (0,0) width 29: "right"
        RenderText {#text} at (29,0) size 76x18
          text run at (29,0) width 76: " border=\"0\""
      RenderTable {TABLE} at (0,234) size 784x40 [bgcolor=#FFCCEE]
        RenderTableSection {TBODY} at (0,0) size 784x40
          RenderTableRow {TR} at (0,2) size 784x36
            RenderTableCell {TD} at (2,19) size 14x2 [r=0 c=0 rs=1 cs=1]
            RenderTableCell {TD} at (18,2) size 748x36 [r=0 c=1 rs=1 cs=1]
            RenderTableCell {TD} at (768,19) size 14x2 [r=0 c=2 rs=1 cs=1]
      RenderBlock (anonymous) at (0,274) size 784x18
        RenderInline {FONT} at (0,0) size 29x18 [color=#0000FF]
          RenderText {#text} at (0,0) size 29x18
            text run at (0,0) width 29: "right"
        RenderText {#text} at (29,0) size 108x18
          text run at (29,0) width 108: " cellpadding=\"1\""
      RenderTable {TABLE} at (0,292) size 784x40 [bgcolor=#66DDFF]
        RenderTableSection {TBODY} at (0,0) size 784x40
          RenderTableRow {TR} at (0,2) size 784x36
            RenderTableCell {TD} at (2,19) size 14x2 [r=0 c=0 rs=1 cs=1]
            RenderTableCell {TD} at (18,2) size 748x36 [r=0 c=1 rs=1 cs=1]
            RenderTableCell {TD} at (768,19) size 14x2 [r=0 c=2 rs=1 cs=1]
      RenderBlock (anonymous) at (0,332) size 784x18
        RenderInline {FONT} at (0,0) size 29x18 [color=#0000FF]
          RenderText {#text} at (0,0) size 29x18
            text run at (0,0) width 29: "right"
        RenderText {#text} at (29,0) size 289x18
          text run at (29,0) width 289: " border=\"1\" cellspacing=\"0\" cellpadding=\"0\""
      RenderTable {TABLE} at (0,350) size 784x38 [bgcolor=#EEEEEE] [border: (1px outset #808080)]
        RenderTableSection {TBODY} at (1,1) size 782x36
          RenderTableRow {TR} at (0,0) size 782x36
            RenderTableCell {TD} at (0,17) size 14x2 [border: (1px inset #808080)] [r=0 c=0 rs=1 cs=1]
            RenderTableCell {TD} at (14,0) size 754x36 [border: (1px inset #808080)] [r=0 c=1 rs=1 cs=1]
            RenderTableCell {TD} at (768,17) size 14x2 [border: (1px inset #808080)] [r=0 c=2 rs=1 cs=1]
      RenderBlock (anonymous) at (0,388) size 784x18
        RenderInline {FONT} at (0,0) size 29x18 [color=#0000FF]
          RenderText {#text} at (0,0) size 29x18
            text run at (0,0) width 29: "right"
        RenderText {#text} at (29,0) size 181x18
          text run at (29,0) width 181: " border=\"1\" cellspacing=\"0\""
      RenderTable {TABLE} at (0,406) size 784x40 [bgcolor=#FFCC66] [border: (1px outset #808080)]
        RenderTableSection {TBODY} at (1,1) size 782x38
          RenderTableRow {TR} at (0,0) size 782x38
            RenderTableCell {TD} at (0,17) size 16x4 [border: (1px inset #808080)] [r=0 c=0 rs=1 cs=1]
            RenderTableCell {TD} at (16,0) size 750x38 [border: (1px inset #808080)] [r=0 c=1 rs=1 cs=1]
            RenderTableCell {TD} at (766,17) size 16x4 [border: (1px inset #808080)] [r=0 c=2 rs=1 cs=1]
      RenderBlock (anonymous) at (0,446) size 784x18
        RenderInline {FONT} at (0,0) size 29x18 [color=#0000FF]
          RenderText {#text} at (0,0) size 29x18
            text run at (0,0) width 29: "right"
        RenderText {#text} at (29,0) size 76x18
          text run at (29,0) width 76: " border=\"1\""
      RenderTable {TABLE} at (0,464) size 784x44 [bgcolor=#CCFF33] [border: (1px outset #808080)]
        RenderTableSection {TBODY} at (1,1) size 782x42
          RenderTableRow {TR} at (0,2) size 782x38
            RenderTableCell {TD} at (2,19) size 16x4 [border: (1px inset #808080)] [r=0 c=0 rs=1 cs=1]
            RenderTableCell {TD} at (20,2) size 742x38 [border: (1px inset #808080)] [r=0 c=1 rs=1 cs=1]
            RenderTableCell {TD} at (764,19) size 16x4 [border: (1px inset #808080)] [r=0 c=2 rs=1 cs=1]
layer at (20,27) size 760x32 clip at (21,28) size 758x30
  RenderTextControl {TEXTAREA} at (0,1) size 760x32 [bgcolor=#FFFFFF] [border: (1px solid #000000)]
    RenderBlock {DIV} at (3,3) size 754x13
      RenderText {#text} at (0,0) size 20x13
        text run at (0,0) width 20: "test"
layer at (20,79) size 760x32 clip at (21,80) size 758x30
  RenderTextControl {TEXTAREA} at (0,1) size 760x32 [bgcolor=#FFFFFF] [border: (1px solid #000000)]
    RenderBlock {DIV} at (3,3) size 754x13
      RenderText {#text} at (0,0) size 20x13
        text run at (0,0) width 20: "test"
layer at (24,133) size 752x32 clip at (25,134) size 750x30
  RenderTextControl {TEXTAREA} at (0,1) size 752x32 [bgcolor=#FFFFFF] [border: (1px solid #000000)]
    RenderBlock {DIV} at (3,3) size 746x13
      RenderText {#text} at (0,0) size 20x13
        text run at (0,0) width 20: "test"
layer at (24,189) size 752x32 clip at (25,190) size 750x30
  RenderTextControl {TEXTAREA} at (0,1) size 752x32 [bgcolor=#FFFFFF] [border: (1px solid #000000)]
    RenderBlock {DIV} at (3,3) size 746x13
      RenderText {#text} at (0,0) size 20x13
        text run at (0,0) width 20: "test"
layer at (27,246) size 746x32 clip at (28,247) size 744x30
  RenderTextControl {TEXTAREA} at (1,2) size 746x32 [bgcolor=#FFFFFF] [border: (1px solid #000000)]
    RenderBlock {DIV} at (3,3) size 740x13
      RenderText {#text} at (0,0) size 20x13
        text run at (0,0) width 20: "test"
layer at (27,304) size 746x32 clip at (28,305) size 744x30
  RenderTextControl {TEXTAREA} at (1,2) size 746x32 [bgcolor=#FFFFFF] [border: (1px solid #000000)]
    RenderBlock {DIV} at (3,3) size 740x13
      RenderText {#text} at (0,0) size 20x13
        text run at (0,0) width 20: "test"
layer at (24,361) size 752x32 clip at (25,362) size 750x30
  RenderTextControl {TEXTAREA} at (1,2) size 752x32 [bgcolor=#FFFFFF] [border: (1px solid #000000)]
    RenderBlock {DIV} at (3,3) size 746x13
      RenderText {#text} at (0,0) size 20x13
        text run at (0,0) width 20: "test"
layer at (27,418) size 746x32 clip at (28,419) size 744x30
  RenderTextControl {TEXTAREA} at (2,3) size 746x32 [bgcolor=#FFFFFF] [border: (1px solid #000000)]
    RenderBlock {DIV} at (3,3) size 740x13
      RenderText {#text} at (0,0) size 20x13
        text run at (0,0) width 20: "test"
layer at (31,478) size 738x32 clip at (32,479) size 736x30
  RenderTextControl {TEXTAREA} at (2,3) size 738x32 [bgcolor=#FFFFFF] [border: (1px solid #000000)]
    RenderBlock {DIV} at (3,3) size 732x13
      RenderText {#text} at (0,0) size 20x13
        text run at (0,0) width 20: "test"
