layer at (0,0) size 800x600
  RenderView at (0,0) size 800x600
layer at (0,0) size 800x600
  RenderBlock {HTML} at (0,0) size 800x600
    RenderBody {BODY} at (8,8) size 784x584 [bgcolor=#000066]
      RenderBlock (anonymous) at (0,0) size 784x0
        RenderInline {BASEFONT} at (0,0) size 0x0
        RenderText {#text} at (0,0) size 0x0
      RenderTable {TABLE} at (0,0) size 702x111
        RenderTableSection {TBODY} at (0,0) size 702x111
          RenderTableRow {TR} at (0,0) size 702x70
            RenderTableCell {TD} at (0,0) size 232x85 [r=0 c=0 rs=2 cs=1]
              RenderInline {A} at (0,0) size 126x18 [color=#0000EE]
                RenderImage {IMG} at (0,0) size 126x85
              RenderText {#text} at (0,0) size 0x0
            RenderTableCell {TD} at (232,0) size 470x70 [r=0 c=1 rs=1 cs=3]
              RenderInline {NOBR} at (0,0) size 19x18
                RenderPartObject {IFRAME} at (0,0) size 468x60
                  layer at (0,0) size 468x60
                    RenderView at (0,0) size 468x60
                  layer at (0,0) size 468x60
                    RenderBlock {HTML} at (0,0) size 468x60
                      RenderBody {BODY} at (0,0) size 468x60
                        RenderInline {BASE} at (0,0) size 0x0
                        RenderText {#text} at (0,0) size 0x0
                        RenderInline {A} at (0,0) size 468x18 [color=#0000EE]
                          RenderText {#text} at (0,0) size 0x0
                          RenderImage {IMG} at (0,0) size 468x60
                        RenderText {#text} at (0,0) size 0x0
                RenderInline {A} at (0,0) size 19x18 [color=#0000EE]
                  RenderImage {IMG} at (468,0) size 19x60
              RenderBR {BR} at (0,0) size 0x0
              RenderImage {IMG} at (0,60) size 470x10
              RenderBR {BR} at (470,70) size 0x0
          RenderTableRow (anonymous) at (0,70) size 702x16
            RenderTableCell (anonymous) at (232,70) size 212x16 [r=1 c=1 rs=1 cs=1]
              RenderBlock {FORM} at (0,0) size 212x0
          RenderTableRow {TR} at (0,86) size 702x25
            RenderTableCell {TD} at (0,86) size 232x25 [bgcolor=#CCCCCC] [r=2 c=0 rs=1 cs=1]
              RenderImage {IMG} at (0,0) size 232x25
            RenderTableCell {TD} at (232,87) size 212x23 [bgcolor=#CCCCCC] [r=2 c=1 rs=1 cs=1]
              RenderTextControl {INPUT} at (56,2) size 75x19 [bgcolor=#FFFFFF] [border: (2px inset #000000)]
              RenderImage {INPUT} at (133,4) size 25x18
            RenderTableCell {TD} at (444,86) size 258x25 [bgcolor=#CCCCCC] [r=2 c=2 rs=1 cs=1]
              RenderBlock {INPUT} at (3,4) size 12x13
              RenderImage {IMG} at (18,0) size 40x25
              RenderBlock {INPUT} at (61,4) size 12x13
              RenderText {#text} at (76,1) size 4x18
                text run at (76,1) width 4: " "
              RenderImage {IMG} at (80,0) size 46x25
layer at (299,100) size 69x13
  RenderBlock {DIV} at (3,3) size 69x13
