layer at (0,0) size 800x600
  RenderView at (0,0) size 800x600
layer at (0,0) size 800x600
  RenderBlock {HTML} at (0,0) size 800x600
    RenderBody {BODY} at (8,8) size 784x584
      RenderBlock {P} at (0,0) size 784x18
        RenderText {#text} at (0,0) size 404x18
          text run at (0,0) width 404: "The table below takes out the nowrap with the cell of 1% width."
      RenderTable {TABLE} at (0,34) size 675x54
        RenderTableSection {TBODY} at (0,0) size 675x54
          RenderTableRow {TR} at (0,0) size 675x54 [bgcolor=#9999CC]
            RenderTableCell {TD} at (0,14) size 627x25 [r=0 c=0 rs=1 cs=1]
              RenderInline {FONT} at (0,0) size 153x20
                RenderInline {B} at (0,0) size 153x20
                  RenderText {#text} at (2,2) size 153x20
                    text run at (2,2) width 153: "Technology News"
              RenderInline {FONT} at (0,0) size 182x15
                RenderText {#text} at (155,6) size 182x15
                  text run at (155,6) width 62: " - updated "
                  text run at (217,6) width 120: "12:15 PM ET Oct 24"
              RenderText {#text} at (0,0) size 0x0
            RenderTableCell {TD} at (627,0) size 48x54 [r=0 c=1 rs=1 cs=1]
              RenderTable {TABLE} at (2,2) size 44x50
                RenderTableSection {TBODY} at (0,0) size 44x50
                  RenderTableRow {TR} at (0,0) size 44x50
                    RenderTableCell {TD} at (0,0) size 44x50 [bgcolor=#CCCCFF] [r=0 c=0 rs=1 cs=1]
                      RenderImage {IMG} at (3,3) size 16x16
                      RenderInline {FONT} at (0,0) size 38x44
                        RenderInline {A} at (0,0) size 38x44 [color=#0000EE]
                          RenderText {#text} at (22,3) size 38x44
                            text run at (22,3) width 19: "Add"
                            text run at (22,14) width 9: "to"
                            text run at (3,25) width 13: "My"
                            text run at (3,36) width 34: "Yahoo!"
                      RenderText {#text} at (0,0) size 0x0
      RenderBlock {P} at (0,104) size 784x18
        RenderText {#text} at (0,0) size 471x18
          text run at (0,0) width 471: "The table below leaves in the nowrap but take out the 1% width in the cell."
      RenderTable {TABLE} at (0,138) size 675x26
        RenderTableSection {TBODY} at (0,0) size 675x26
          RenderTableRow {TR} at (0,0) size 675x26 [bgcolor=#9999CC]
            RenderTableCell {TD} at (0,0) size 506x25 [r=0 c=0 rs=1 cs=1]
              RenderInline {FONT} at (0,0) size 153x20
                RenderInline {B} at (0,0) size 153x20
                  RenderText {#text} at (2,2) size 153x20
                    text run at (2,2) width 153: "Technology News"
              RenderInline {FONT} at (0,0) size 182x15
                RenderText {#text} at (155,6) size 182x15
                  text run at (155,6) width 62: " - updated "
                  text run at (217,6) width 120: "12:15 PM ET Oct 24"
              RenderText {#text} at (0,0) size 0x0
            RenderTableCell {TD} at (506,0) size 169x26 [r=0 c=1 rs=1 cs=1]
              RenderTable {TABLE} at (2,2) size 109x22
                RenderTableSection {TBODY} at (0,0) size 109x22
                  RenderTableRow {TR} at (0,0) size 109x22
                    RenderTableCell {TD} at (0,0) size 109x22 [bgcolor=#CCCCFF] [r=0 c=0 rs=1 cs=1]
                      RenderImage {IMG} at (3,3) size 16x16
                      RenderInline {FONT} at (0,0) size 84x11
                        RenderInline {A} at (0,0) size 84x11 [color=#0000EE]
                          RenderText {#text} at (22,3) size 84x11
                            text run at (22,3) width 84: "Add to My Yahoo!"
                      RenderText {#text} at (0,0) size 0x0
