layer at (0,0) size 785x2533
  RenderView at (0,0) size 785x600
layer at (0,0) size 785x2533
  RenderBlock {HTML} at (0,0) size 785x2533
    RenderBody {BODY} at (8,8) size 769x2517
      RenderTable {TABLE} at (0,0) size 227x839
        RenderTableSection {TBODY} at (0,0) size 227x839
          RenderTableRow {TR} at (0,2) size 227x20
            RenderTableCell {TD} at (2,2) size 223x20 [r=0 c=0 rs=1 cs=1]
              RenderText {#text} at (1,1) size 221x18
                text run at (1,1) width 221: "Occasional height/width on images"
          RenderTableRow (anonymous) at (0,24) size 227x16
            RenderTableCell (anonymous) at (2,24) size 223x16 [r=1 c=0 rs=1 cs=1]
              RenderBlock {FORM} at (0,0) size 223x0
          RenderTableRow {TR} at (0,42) size 227x34
            RenderTableCell {TD} at (2,42) size 223x34 [r=2 c=0 rs=1 cs=1]
              RenderImage {IMG} at (1,1) size 75x32
          RenderTableRow (anonymous) at (0,78) size 227x16
            RenderTableCell (anonymous) at (2,78) size 223x16 [r=3 c=0 rs=1 cs=1]
              RenderBlock {FORM} at (0,0) size 223x0
          RenderTableRow {TR} at (0,96) size 227x24
            RenderTableCell {TD} at (2,96) size 223x24 [r=4 c=0 rs=1 cs=1]
              RenderImage {IMG} at (1,1) size 44x22
          RenderTableRow (anonymous) at (0,122) size 227x16
            RenderTableCell (anonymous) at (2,122) size 223x16 [r=5 c=0 rs=1 cs=1]
              RenderBlock {FORM} at (0,0) size 223x0
          RenderTableRow {TR} at (0,140) size 227x15
            RenderTableCell {TD} at (2,140) size 223x15 [r=6 c=0 rs=1 cs=1]
              RenderImage {IMG} at (1,1) size 89x13
          RenderTableRow (anonymous) at (0,157) size 227x16
            RenderTableCell (anonymous) at (2,157) size 223x16 [r=7 c=0 rs=1 cs=1]
              RenderBlock {FORM} at (0,0) size 223x0
          RenderTableRow {TR} at (0,175) size 227x15
            RenderTableCell {TD} at (2,175) size 223x15 [r=8 c=0 rs=1 cs=1]
              RenderImage {IMG} at (1,1) size 89x13
          RenderTableRow (anonymous) at (0,192) size 227x16
            RenderTableCell (anonymous) at (2,192) size 223x16 [r=9 c=0 rs=1 cs=1]
              RenderBlock {FORM} at (0,0) size 223x0
          RenderTableRow {TR} at (0,210) size 227x31
            RenderTableCell {TD} at (2,210) size 223x31 [r=10 c=0 rs=1 cs=1]
              RenderImage {IMG} at (1,1) size 31x29
          RenderTableRow (anonymous) at (0,243) size 227x16
            RenderTableCell (anonymous) at (2,243) size 223x16 [r=11 c=0 rs=1 cs=1]
              RenderBlock {FORM} at (0,0) size 223x0
          RenderTableRow {TR} at (0,261) size 227x23
            RenderTableCell {TD} at (2,261) size 223x23 [r=12 c=0 rs=1 cs=1]
              RenderImage {IMG} at (1,1) size 62x21
          RenderTableRow (anonymous) at (0,286) size 227x16
            RenderTableCell (anonymous) at (2,286) size 223x16 [r=13 c=0 rs=1 cs=1]
              RenderBlock {FORM} at (0,0) size 223x0
          RenderTableRow {TR} at (0,304) size 227x17
            RenderTableCell {TD} at (2,304) size 223x17 [r=14 c=0 rs=1 cs=1]
              RenderImage {IMG} at (1,1) size 70x15
          RenderTableRow (anonymous) at (0,323) size 227x16
            RenderTableCell (anonymous) at (2,323) size 223x16 [r=15 c=0 rs=1 cs=1]
              RenderBlock {FORM} at (0,0) size 223x0
          RenderTableRow {TR} at (0,341) size 227x28
            RenderTableCell {TD} at (2,341) size 223x28 [r=16 c=0 rs=1 cs=1]
              RenderImage {IMG} at (1,1) size 42x26
          RenderTableRow (anonymous) at (0,371) size 227x16
            RenderTableCell (anonymous) at (2,371) size 223x16 [r=17 c=0 rs=1 cs=1]
              RenderBlock {FORM} at (0,0) size 223x0
          RenderTableRow {TR} at (0,389) size 227x17
            RenderTableCell {TD} at (2,389) size 223x17 [r=18 c=0 rs=1 cs=1]
              RenderImage {IMG} at (1,1) size 84x15
          RenderTableRow (anonymous) at (0,408) size 227x16
            RenderTableCell (anonymous) at (2,408) size 223x16 [r=19 c=0 rs=1 cs=1]
              RenderBlock {FORM} at (0,0) size 223x0
          RenderTableRow {TR} at (0,426) size 227x17
            RenderTableCell {TD} at (2,426) size 223x17 [r=20 c=0 rs=1 cs=1]
              RenderImage {IMG} at (1,1) size 90x15
          RenderTableRow (anonymous) at (0,445) size 227x16
            RenderTableCell (anonymous) at (2,445) size 223x16 [r=21 c=0 rs=1 cs=1]
              RenderBlock {FORM} at (0,0) size 223x0
          RenderTableRow {TR} at (0,463) size 227x34
            RenderTableCell {TD} at (2,463) size 223x34 [r=22 c=0 rs=1 cs=1]
              RenderImage {IMG} at (1,1) size 59x32
          RenderTableRow (anonymous) at (0,499) size 227x16
            RenderTableCell (anonymous) at (2,499) size 223x16 [r=23 c=0 rs=1 cs=1]
              RenderBlock {FORM} at (0,0) size 223x0
          RenderTableRow {TR} at (0,517) size 227x17
            RenderTableCell {TD} at (2,517) size 223x17 [r=24 c=0 rs=1 cs=1]
              RenderImage {IMG} at (1,1) size 90x15
          RenderTableRow (anonymous) at (0,536) size 227x16
            RenderTableCell (anonymous) at (2,536) size 223x16 [r=25 c=0 rs=1 cs=1]
              RenderBlock {FORM} at (0,0) size 223x0
          RenderTableRow {TR} at (0,554) size 227x17
            RenderTableCell {TD} at (2,554) size 223x17 [r=26 c=0 rs=1 cs=1]
              RenderImage {IMG} at (1,1) size 90x15
          RenderTableRow (anonymous) at (0,573) size 227x16
            RenderTableCell (anonymous) at (2,573) size 223x16 [r=27 c=0 rs=1 cs=1]
              RenderBlock {FORM} at (0,0) size 223x0
          RenderTableRow {TR} at (0,591) size 227x21
            RenderTableCell {TD} at (2,591) size 223x21 [r=28 c=0 rs=1 cs=1]
              RenderImage {IMG} at (1,1) size 83x19
          RenderTableRow (anonymous) at (0,614) size 227x16
            RenderTableCell (anonymous) at (2,614) size 223x16 [r=29 c=0 rs=1 cs=1]
              RenderBlock {FORM} at (0,0) size 223x0
          RenderTableRow {TR} at (0,632) size 227x33
            RenderTableCell {TD} at (2,632) size 223x33 [r=30 c=0 rs=1 cs=1]
              RenderImage {IMG} at (1,1) size 54x31
          RenderTableRow (anonymous) at (0,667) size 227x16
            RenderTableCell (anonymous) at (2,667) size 223x16 [r=31 c=0 rs=1 cs=1]
              RenderBlock {FORM} at (0,0) size 223x0
          RenderTableRow {TR} at (0,685) size 227x27
            RenderTableCell {TD} at (2,685) size 223x27 [r=32 c=0 rs=1 cs=1]
              RenderImage {IMG} at (1,1) size 56x25
          RenderTableRow (anonymous) at (0,714) size 227x16
            RenderTableCell (anonymous) at (2,714) size 223x16 [r=33 c=0 rs=1 cs=1]
              RenderBlock {FORM} at (0,0) size 223x0
          RenderTableRow {TR} at (0,732) size 227x17
            RenderTableCell {TD} at (2,732) size 223x17 [r=34 c=0 rs=1 cs=1]
              RenderImage {IMG} at (1,1) size 53x15
          RenderTableRow (anonymous) at (0,751) size 227x16
            RenderTableCell (anonymous) at (2,751) size 223x16 [r=35 c=0 rs=1 cs=1]
              RenderBlock {FORM} at (0,0) size 223x0
          RenderTableRow {TR} at (0,769) size 227x31
            RenderTableCell {TD} at (2,769) size 223x31 [r=36 c=0 rs=1 cs=1]
              RenderImage {IMG} at (1,1) size 31x29
          RenderTableRow (anonymous) at (0,802) size 227x16
            RenderTableCell (anonymous) at (2,802) size 223x16 [r=37 c=0 rs=1 cs=1]
              RenderBlock {FORM} at (0,0) size 223x0
          RenderTableRow {TR} at (0,820) size 227x17
            RenderTableCell {TD} at (2,820) size 223x17 [r=38 c=0 rs=1 cs=1]
              RenderImage {IMG} at (1,1) size 53x15
      RenderTable {TABLE} at (0,839) size 265x839
        RenderTableSection {TBODY} at (0,0) size 265x839
          RenderTableRow {TR} at (0,2) size 265x20
            RenderTableCell {TD} at (2,2) size 261x20 [r=0 c=0 rs=1 cs=1]
              RenderText {#text} at (1,1) size 259x18
                text run at (1,1) width 259: "Images with height/width never specified"
          RenderTableRow (anonymous) at (0,24) size 265x16
            RenderTableCell (anonymous) at (2,24) size 261x16 [r=1 c=0 rs=1 cs=1]
              RenderBlock {FORM} at (0,0) size 261x0
          RenderTableRow {TR} at (0,42) size 265x34
            RenderTableCell {TD} at (2,42) size 261x34 [r=2 c=0 rs=1 cs=1]
              RenderImage {IMG} at (1,1) size 75x32
          RenderTableRow (anonymous) at (0,78) size 265x16
            RenderTableCell (anonymous) at (2,78) size 261x16 [r=3 c=0 rs=1 cs=1]
              RenderBlock {FORM} at (0,0) size 261x0
          RenderTableRow {TR} at (0,96) size 265x24
            RenderTableCell {TD} at (2,96) size 261x24 [r=4 c=0 rs=1 cs=1]
              RenderImage {IMG} at (1,1) size 44x22
          RenderTableRow (anonymous) at (0,122) size 265x16
            RenderTableCell (anonymous) at (2,122) size 261x16 [r=5 c=0 rs=1 cs=1]
              RenderBlock {FORM} at (0,0) size 261x0
          RenderTableRow {TR} at (0,140) size 265x15
            RenderTableCell {TD} at (2,140) size 261x15 [r=6 c=0 rs=1 cs=1]
              RenderImage {IMG} at (1,1) size 89x13
          RenderTableRow (anonymous) at (0,157) size 265x16
            RenderTableCell (anonymous) at (2,157) size 261x16 [r=7 c=0 rs=1 cs=1]
              RenderBlock {FORM} at (0,0) size 261x0
          RenderTableRow {TR} at (0,175) size 265x15
            RenderTableCell {TD} at (2,175) size 261x15 [r=8 c=0 rs=1 cs=1]
              RenderImage {IMG} at (1,1) size 89x13
          RenderTableRow (anonymous) at (0,192) size 265x16
            RenderTableCell (anonymous) at (2,192) size 261x16 [r=9 c=0 rs=1 cs=1]
              RenderBlock {FORM} at (0,0) size 261x0
          RenderTableRow {TR} at (0,210) size 265x31
            RenderTableCell {TD} at (2,210) size 261x31 [r=10 c=0 rs=1 cs=1]
              RenderImage {IMG} at (1,1) size 31x29
          RenderTableRow (anonymous) at (0,243) size 265x16
            RenderTableCell (anonymous) at (2,243) size 261x16 [r=11 c=0 rs=1 cs=1]
              RenderBlock {FORM} at (0,0) size 261x0
          RenderTableRow {TR} at (0,261) size 265x23
            RenderTableCell {TD} at (2,261) size 261x23 [r=12 c=0 rs=1 cs=1]
              RenderImage {IMG} at (1,1) size 62x21
          RenderTableRow (anonymous) at (0,286) size 265x16
            RenderTableCell (anonymous) at (2,286) size 261x16 [r=13 c=0 rs=1 cs=1]
              RenderBlock {FORM} at (0,0) size 261x0
          RenderTableRow {TR} at (0,304) size 265x17
            RenderTableCell {TD} at (2,304) size 261x17 [r=14 c=0 rs=1 cs=1]
              RenderImage {IMG} at (1,1) size 70x15
          RenderTableRow (anonymous) at (0,323) size 265x16
            RenderTableCell (anonymous) at (2,323) size 261x16 [r=15 c=0 rs=1 cs=1]
              RenderBlock {FORM} at (0,0) size 261x0
          RenderTableRow {TR} at (0,341) size 265x28
            RenderTableCell {TD} at (2,341) size 261x28 [r=16 c=0 rs=1 cs=1]
              RenderImage {IMG} at (1,1) size 42x26
          RenderTableRow (anonymous) at (0,371) size 265x16
            RenderTableCell (anonymous) at (2,371) size 261x16 [r=17 c=0 rs=1 cs=1]
              RenderBlock {FORM} at (0,0) size 261x0
          RenderTableRow {TR} at (0,389) size 265x17
            RenderTableCell {TD} at (2,389) size 261x17 [r=18 c=0 rs=1 cs=1]
              RenderImage {IMG} at (1,1) size 84x15
          RenderTableRow (anonymous) at (0,408) size 265x16
            RenderTableCell (anonymous) at (2,408) size 261x16 [r=19 c=0 rs=1 cs=1]
              RenderBlock {FORM} at (0,0) size 261x0
          RenderTableRow {TR} at (0,426) size 265x17
            RenderTableCell {TD} at (2,426) size 261x17 [r=20 c=0 rs=1 cs=1]
              RenderImage {IMG} at (1,1) size 90x15
          RenderTableRow (anonymous) at (0,445) size 265x16
            RenderTableCell (anonymous) at (2,445) size 261x16 [r=21 c=0 rs=1 cs=1]
              RenderBlock {FORM} at (0,0) size 261x0
          RenderTableRow {TR} at (0,463) size 265x34
            RenderTableCell {TD} at (2,463) size 261x34 [r=22 c=0 rs=1 cs=1]
              RenderImage {IMG} at (1,1) size 59x32
          RenderTableRow (anonymous) at (0,499) size 265x16
            RenderTableCell (anonymous) at (2,499) size 261x16 [r=23 c=0 rs=1 cs=1]
              RenderBlock {FORM} at (0,0) size 261x0
          RenderTableRow {TR} at (0,517) size 265x17
            RenderTableCell {TD} at (2,517) size 261x17 [r=24 c=0 rs=1 cs=1]
              RenderImage {IMG} at (1,1) size 90x15
          RenderTableRow (anonymous) at (0,536) size 265x16
            RenderTableCell (anonymous) at (2,536) size 261x16 [r=25 c=0 rs=1 cs=1]
              RenderBlock {FORM} at (0,0) size 261x0
          RenderTableRow {TR} at (0,554) size 265x17
            RenderTableCell {TD} at (2,554) size 261x17 [r=26 c=0 rs=1 cs=1]
              RenderImage {IMG} at (1,1) size 90x15
          RenderTableRow (anonymous) at (0,573) size 265x16
            RenderTableCell (anonymous) at (2,573) size 261x16 [r=27 c=0 rs=1 cs=1]
              RenderBlock {FORM} at (0,0) size 261x0
          RenderTableRow {TR} at (0,591) size 265x21
            RenderTableCell {TD} at (2,591) size 261x21 [r=28 c=0 rs=1 cs=1]
              RenderImage {IMG} at (1,1) size 83x19
          RenderTableRow (anonymous) at (0,614) size 265x16
            RenderTableCell (anonymous) at (2,614) size 261x16 [r=29 c=0 rs=1 cs=1]
              RenderBlock {FORM} at (0,0) size 261x0
          RenderTableRow {TR} at (0,632) size 265x33
            RenderTableCell {TD} at (2,632) size 261x33 [r=30 c=0 rs=1 cs=1]
              RenderImage {IMG} at (1,1) size 54x31
          RenderTableRow (anonymous) at (0,667) size 265x16
            RenderTableCell (anonymous) at (2,667) size 261x16 [r=31 c=0 rs=1 cs=1]
              RenderBlock {FORM} at (0,0) size 261x0
          RenderTableRow {TR} at (0,685) size 265x27
            RenderTableCell {TD} at (2,685) size 261x27 [r=32 c=0 rs=1 cs=1]
              RenderImage {IMG} at (1,1) size 56x25
          RenderTableRow (anonymous) at (0,714) size 265x16
            RenderTableCell (anonymous) at (2,714) size 261x16 [r=33 c=0 rs=1 cs=1]
              RenderBlock {FORM} at (0,0) size 261x0
          RenderTableRow {TR} at (0,732) size 265x17
            RenderTableCell {TD} at (2,732) size 261x17 [r=34 c=0 rs=1 cs=1]
              RenderImage {IMG} at (1,1) size 53x15
          RenderTableRow (anonymous) at (0,751) size 265x16
            RenderTableCell (anonymous) at (2,751) size 261x16 [r=35 c=0 rs=1 cs=1]
              RenderBlock {FORM} at (0,0) size 261x0
          RenderTableRow {TR} at (0,769) size 265x31
            RenderTableCell {TD} at (2,769) size 261x31 [r=36 c=0 rs=1 cs=1]
              RenderImage {IMG} at (1,1) size 31x29
          RenderTableRow (anonymous) at (0,802) size 265x16
            RenderTableCell (anonymous) at (2,802) size 261x16 [r=37 c=0 rs=1 cs=1]
              RenderBlock {FORM} at (0,0) size 261x0
          RenderTableRow {TR} at (0,820) size 265x17
            RenderTableCell {TD} at (2,820) size 261x17 [r=38 c=0 rs=1 cs=1]
              RenderImage {IMG} at (1,1) size 53x15
      RenderTable {TABLE} at (0,1678) size 274x839
        RenderTableSection {TBODY} at (0,0) size 274x839
          RenderTableRow {TR} at (0,2) size 274x20
            RenderTableCell {TD} at (2,2) size 270x20 [r=0 c=0 rs=1 cs=1]
              RenderText {#text} at (1,1) size 268x18
                text run at (1,1) width 268: "Images with height/width always specified"
          RenderTableRow (anonymous) at (0,24) size 274x16
            RenderTableCell (anonymous) at (2,24) size 270x16 [r=1 c=0 rs=1 cs=1]
              RenderBlock {FORM} at (0,0) size 270x0
          RenderTableRow {TR} at (0,42) size 274x34
            RenderTableCell {TD} at (2,42) size 270x34 [r=2 c=0 rs=1 cs=1]
              RenderImage {IMG} at (1,1) size 75x32
          RenderTableRow (anonymous) at (0,78) size 274x16
            RenderTableCell (anonymous) at (2,78) size 270x16 [r=3 c=0 rs=1 cs=1]
              RenderBlock {FORM} at (0,0) size 270x0
          RenderTableRow {TR} at (0,96) size 274x24
            RenderTableCell {TD} at (2,96) size 270x24 [r=4 c=0 rs=1 cs=1]
              RenderImage {IMG} at (1,1) size 44x22
          RenderTableRow (anonymous) at (0,122) size 274x16
            RenderTableCell (anonymous) at (2,122) size 270x16 [r=5 c=0 rs=1 cs=1]
              RenderBlock {FORM} at (0,0) size 270x0
          RenderTableRow {TR} at (0,140) size 274x15
            RenderTableCell {TD} at (2,140) size 270x15 [r=6 c=0 rs=1 cs=1]
              RenderImage {IMG} at (1,1) size 89x13
          RenderTableRow (anonymous) at (0,157) size 274x16
            RenderTableCell (anonymous) at (2,157) size 270x16 [r=7 c=0 rs=1 cs=1]
              RenderBlock {FORM} at (0,0) size 270x0
          RenderTableRow {TR} at (0,175) size 274x15
            RenderTableCell {TD} at (2,175) size 270x15 [r=8 c=0 rs=1 cs=1]
              RenderImage {IMG} at (1,1) size 89x13
          RenderTableRow (anonymous) at (0,192) size 274x16
            RenderTableCell (anonymous) at (2,192) size 270x16 [r=9 c=0 rs=1 cs=1]
              RenderBlock {FORM} at (0,0) size 270x0
          RenderTableRow {TR} at (0,210) size 274x31
            RenderTableCell {TD} at (2,210) size 270x31 [r=10 c=0 rs=1 cs=1]
              RenderImage {IMG} at (1,1) size 31x29
          RenderTableRow (anonymous) at (0,243) size 274x16
            RenderTableCell (anonymous) at (2,243) size 270x16 [r=11 c=0 rs=1 cs=1]
              RenderBlock {FORM} at (0,0) size 270x0
          RenderTableRow {TR} at (0,261) size 274x23
            RenderTableCell {TD} at (2,261) size 270x23 [r=12 c=0 rs=1 cs=1]
              RenderImage {IMG} at (1,1) size 62x21
          RenderTableRow (anonymous) at (0,286) size 274x16
            RenderTableCell (anonymous) at (2,286) size 270x16 [r=13 c=0 rs=1 cs=1]
              RenderBlock {FORM} at (0,0) size 270x0
          RenderTableRow {TR} at (0,304) size 274x17
            RenderTableCell {TD} at (2,304) size 270x17 [r=14 c=0 rs=1 cs=1]
              RenderImage {IMG} at (1,1) size 70x15
          RenderTableRow (anonymous) at (0,323) size 274x16
            RenderTableCell (anonymous) at (2,323) size 270x16 [r=15 c=0 rs=1 cs=1]
              RenderBlock {FORM} at (0,0) size 270x0
          RenderTableRow {TR} at (0,341) size 274x28
            RenderTableCell {TD} at (2,341) size 270x28 [r=16 c=0 rs=1 cs=1]
              RenderImage {IMG} at (1,1) size 42x26
          RenderTableRow (anonymous) at (0,371) size 274x16
            RenderTableCell (anonymous) at (2,371) size 270x16 [r=17 c=0 rs=1 cs=1]
              RenderBlock {FORM} at (0,0) size 270x0
          RenderTableRow {TR} at (0,389) size 274x17
            RenderTableCell {TD} at (2,389) size 270x17 [r=18 c=0 rs=1 cs=1]
              RenderImage {IMG} at (1,1) size 84x15
          RenderTableRow (anonymous) at (0,408) size 274x16
            RenderTableCell (anonymous) at (2,408) size 270x16 [r=19 c=0 rs=1 cs=1]
              RenderBlock {FORM} at (0,0) size 270x0
          RenderTableRow {TR} at (0,426) size 274x17
            RenderTableCell {TD} at (2,426) size 270x17 [r=20 c=0 rs=1 cs=1]
              RenderImage {IMG} at (1,1) size 90x15
          RenderTableRow (anonymous) at (0,445) size 274x16
            RenderTableCell (anonymous) at (2,445) size 270x16 [r=21 c=0 rs=1 cs=1]
              RenderBlock {FORM} at (0,0) size 270x0
          RenderTableRow {TR} at (0,463) size 274x34
            RenderTableCell {TD} at (2,463) size 270x34 [r=22 c=0 rs=1 cs=1]
              RenderImage {IMG} at (1,1) size 59x32
          RenderTableRow (anonymous) at (0,499) size 274x16
            RenderTableCell (anonymous) at (2,499) size 270x16 [r=23 c=0 rs=1 cs=1]
              RenderBlock {FORM} at (0,0) size 270x0
          RenderTableRow {TR} at (0,517) size 274x17
            RenderTableCell {TD} at (2,517) size 270x17 [r=24 c=0 rs=1 cs=1]
              RenderImage {IMG} at (1,1) size 90x15
          RenderTableRow (anonymous) at (0,536) size 274x16
            RenderTableCell (anonymous) at (2,536) size 270x16 [r=25 c=0 rs=1 cs=1]
              RenderBlock {FORM} at (0,0) size 270x0
          RenderTableRow {TR} at (0,554) size 274x17
            RenderTableCell {TD} at (2,554) size 270x17 [r=26 c=0 rs=1 cs=1]
              RenderImage {IMG} at (1,1) size 90x15
          RenderTableRow (anonymous) at (0,573) size 274x16
            RenderTableCell (anonymous) at (2,573) size 270x16 [r=27 c=0 rs=1 cs=1]
              RenderBlock {FORM} at (0,0) size 270x0
          RenderTableRow {TR} at (0,591) size 274x21
            RenderTableCell {TD} at (2,591) size 270x21 [r=28 c=0 rs=1 cs=1]
              RenderImage {IMG} at (1,1) size 83x19
          RenderTableRow (anonymous) at (0,614) size 274x16
            RenderTableCell (anonymous) at (2,614) size 270x16 [r=29 c=0 rs=1 cs=1]
              RenderBlock {FORM} at (0,0) size 270x0
          RenderTableRow {TR} at (0,632) size 274x33
            RenderTableCell {TD} at (2,632) size 270x33 [r=30 c=0 rs=1 cs=1]
              RenderImage {IMG} at (1,1) size 54x31
          RenderTableRow (anonymous) at (0,667) size 274x16
            RenderTableCell (anonymous) at (2,667) size 270x16 [r=31 c=0 rs=1 cs=1]
              RenderBlock {FORM} at (0,0) size 270x0
          RenderTableRow {TR} at (0,685) size 274x27
            RenderTableCell {TD} at (2,685) size 270x27 [r=32 c=0 rs=1 cs=1]
              RenderImage {IMG} at (1,1) size 56x25
          RenderTableRow (anonymous) at (0,714) size 274x16
            RenderTableCell (anonymous) at (2,714) size 270x16 [r=33 c=0 rs=1 cs=1]
              RenderBlock {FORM} at (0,0) size 270x0
          RenderTableRow {TR} at (0,732) size 274x17
            RenderTableCell {TD} at (2,732) size 270x17 [r=34 c=0 rs=1 cs=1]
              RenderImage {IMG} at (1,1) size 53x15
          RenderTableRow (anonymous) at (0,751) size 274x16
            RenderTableCell (anonymous) at (2,751) size 270x16 [r=35 c=0 rs=1 cs=1]
              RenderBlock {FORM} at (0,0) size 270x0
          RenderTableRow {TR} at (0,769) size 274x31
            RenderTableCell {TD} at (2,769) size 270x31 [r=36 c=0 rs=1 cs=1]
              RenderImage {IMG} at (1,1) size 31x29
          RenderTableRow (anonymous) at (0,802) size 274x16
            RenderTableCell (anonymous) at (2,802) size 270x16 [r=37 c=0 rs=1 cs=1]
              RenderBlock {FORM} at (0,0) size 270x0
          RenderTableRow {TR} at (0,820) size 274x17
            RenderTableCell {TD} at (2,820) size 270x17 [r=38 c=0 rs=1 cs=1]
              RenderImage {IMG} at (1,1) size 53x15
