layer at (0,0) size 800x600
  RenderView at (0,0) size 800x600
layer at (0,0) size 800x600
  RenderBlock {HTML} at (0,0) size 800x600
    RenderBody {BODY} at (8,8) size 784x584 [bgcolor=#CCCCCC]
      RenderBlock {P} at (20,0) size 764x21
        RenderText {#text} at (0,0) size 380x21
          text run at (0,0) width 380: "The style declarations which apply to the text below are:"
      RenderBlock {PRE} at (0,37) size 784x64
        RenderText {#text} at (0,0) size 216x64
          text run at (0,0) width 122: "P {margin-left: 20px;}"
          text run at (122,0) width 0: " "
          text run at (0,16) width 216: ".one {border-left: purple double 10px;}"
          text run at (216,16) width 0: " "
          text run at (0,32) width 197: ".two {border-left: purple thin solid;}"
          text run at (197,32) width 0: " "
          text run at (0,48) width 0: " "
      RenderBlock {HR} at (0,114) size 784x2 [border: (1px inset #000000)]
      RenderBlock {P} at (20,132) size 764x63 [bgcolor=#C0C0C0]
        RenderText {#text} at (0,0) size 749x42
          text run at (0,0) width 749: "This paragraph has a background color of silver and a 20-pixel left margin, and it contains inline elements with"
          text run at (0,21) width 65: "classes of "
        RenderInline {SPAN} at (0,0) size 69x21 [border: (10px double #800080)]
          RenderText {#text} at (75,21) size 59x21
            text run at (75,21) width 59: "class one"
        RenderText {#text} at (134,21) size 417x21
          text run at (134,21) width 417: ", which should have a 10-pixel purple double left border; and "
        RenderInline {SPAN} at (0,0) size 61x21 [border: (1px solid #800080)]
          RenderText {#text} at (552,21) size 60x21
            text run at (552,21) width 60: "class two"
        RenderText {#text} at (612,21) size 758x42
          text run at (612,21) width 146: ", which should have a"
          text run at (0,42) width 195: "thin solid purple left border. "
          text run at (195,42) width 458: "The line-height of the parent element should not change on any line."
      RenderTable {TABLE} at (0,211) size 784x123 [border: (1px outset #808080)]
        RenderTableSection {TBODY} at (1,1) size 782x121
          RenderTableRow {TR} at (0,0) size 782x29
            RenderTableCell {TD} at (0,0) size 782x29 [bgcolor=#C0C0C0] [border: (1px inset #808080)] [r=0 c=0 rs=1 cs=2]
              RenderInline {STRONG} at (0,0) size 163x21
                RenderText {#text} at (4,4) size 163x21
                  text run at (4,4) width 163: "TABLE Testing Section"
          RenderTableRow {TR} at (0,29) size 782x92
            RenderTableCell {TD} at (0,60) size 12x29 [bgcolor=#C0C0C0] [border: (1px inset #808080)] [r=1 c=0 rs=1 cs=1]
              RenderText {#text} at (4,4) size 4x21
                text run at (4,4) width 4: " "
            RenderTableCell {TD} at (12,29) size 770x92 [border: (1px inset #808080)] [r=1 c=1 rs=1 cs=1]
              RenderBlock {P} at (24,4) size 742x84 [bgcolor=#C0C0C0]
                RenderText {#text} at (0,0) size 715x42
                  text run at (0,0) width 715: "This paragraph has a background color of silver and a 20-pixel left margin, and it contains inline elements"
                  text run at (0,21) width 99: "with classes of "
                RenderInline {SPAN} at (0,0) size 69x21 [border: (10px double #800080)]
                  RenderText {#text} at (109,21) size 59x21
                    text run at (109,21) width 59: "class one"
                RenderText {#text} at (168,21) size 417x21
                  text run at (168,21) width 417: ", which should have a 10-pixel purple double left border; and "
                RenderInline {SPAN} at (0,0) size 61x21 [border: (1px solid #800080)]
                  RenderText {#text} at (586,21) size 60x21
                    text run at (586,21) width 60: "class two"
                RenderText {#text} at (646,21) size 718x63
                  text run at (646,21) width 49: ", which"
                  text run at (0,42) width 292: "should have a thin solid purple left border. "
                  text run at (292,42) width 426: "The line-height of the parent element should not change on any"
                  text run at (0,63) width 28: "line."
