layer at (0,0) size 800x887
  RenderView at (0,0) size 800x600
layer at (0,0) size 800x887
  RenderBlock {HTML} at (0,0) size 800x887
    RenderBody {BODY} at (8,8) size 784x871 [bgcolor=#CCCCCC]
      RenderBlock {P} at (0,0) size 784x19
        RenderText {#text} at (0,0) size 354x19
          text run at (0,0) width 354: "The style declarations which apply to the text below are:"
      RenderBlock {PRE} at (0,33) size 784x114
        RenderText {#text} at (0,0) size 364x114
          text run at (0,0) width 355: ".zero {background-color: silver; border-bottom-width: 0;}"
          text run at (355,0) width 0: " "
          text run at (0,19) width 335: ".one {border-bottom-width: 50px; border-style: solid;}"
          text run at (335,19) width 0: " "
          text run at (0,38) width 331: ".two {border-bottom-width: thick; border-style: solid;}"
          text run at (331,38) width 0: " "
          text run at (0,57) width 364: ".three {border-bottom-width: medium; border-style: solid;}"
          text run at (364,57) width 0: " "
          text run at (0,76) width 328: ".four {border-bottom-width: thin; border-style: solid;}"
          text run at (328,76) width 0: " "
          text run at (0,95) width 212: ".five {border-bottom-width: 25px;}"
          text run at (212,95) width 0: " "
      RenderBlock {HR} at (0,161) size 784x2 [border: (1px inset #000000)]
      RenderBlock {P} at (0,177) size 784x19
        RenderText {#text} at (0,0) size 147x19
          text run at (0,0) width 147: "(These will only work if "
        RenderInline {CODE} at (0,0) size 76x19
          RenderText {#text} at (147,0) size 76x19
            text run at (147,0) width 76: "border-style"
        RenderText {#text} at (223,0) size 91x19
          text run at (223,0) width 91: " is supported.)"
      RenderBlock {P} at (0,210) size 784x19 [bgcolor=#C0C0C0]
        RenderText {#text} at (0,0) size 209x19
          text run at (0,0) width 209: "This element has a class of zero."
      RenderBlock {P} at (0,243) size 784x72 [border: (3px solid #000000) (50px solid #000000) (3px solid #000000)]
        RenderText {#text} at (3,3) size 386x19
          text run at (3,3) width 386: "This element should have a bottom border width of 50 pixels."
      RenderBlock {P} at (0,329) size 784x27 [border: (3px solid #000000) (5px solid #000000) (3px solid #000000)]
        RenderText {#text} at (3,3) size 343x19
          text run at (3,3) width 343: "This element should have a thick bottom border width."
      RenderBlock {P} at (0,370) size 784x25 [border: (3px solid #000000)]
        RenderText {#text} at (3,3) size 365x19
          text run at (3,3) width 365: "This element should have a medium bottom border width."
      RenderBlock {P} at (0,409) size 784x23 [border: (3px solid #000000) (1px solid #000000) (3px solid #000000)]
        RenderText {#text} at (3,3) size 337x19
          text run at (3,3) width 337: "This element should have a thin bottom border width."
      RenderBlock {P} at (0,446) size 784x19
        RenderText {#text} at (0,0) size 541x19
          text run at (0,0) width 541: "This element should have no border and no extra \"padding\" on its bottom side, as no "
        RenderInline {CODE} at (0,0) size 76x19
          RenderText {#text} at (541,0) size 76x19
            text run at (541,0) width 76: "border-style"
        RenderText {#text} at (617,0) size 56x19
          text run at (617,0) width 56: " was set."
      RenderBlock {P} at (0,479) size 784x19 [bgcolor=#C0C0C0]
        RenderText {#text} at (0,0) size 209x19
          text run at (0,0) width 209: "This element has a class of zero."
      RenderTable {TABLE} at (0,512) size 695x359 [border: (1px outset #808080)]
        RenderTableSection {TBODY} at (1,1) size 693x357
          RenderTableRow {TR} at (0,0) size 693x28
            RenderTableCell {TD} at (0,0) size 693x28 [bgcolor=#C0C0C0] [border: (1px inset #808080)] [r=0 c=0 rs=1 cs=2]
              RenderInline {STRONG} at (0,0) size 159x20
                RenderText {#text} at (4,4) size 159x20
                  text run at (4,4) width 159: "TABLE Testing Section"
          RenderTableRow {TR} at (0,28) size 693x329
            RenderTableCell {TD} at (0,179) size 12x27 [bgcolor=#C0C0C0] [border: (1px inset #808080)] [r=1 c=0 rs=1 cs=1]
              RenderText {#text} at (4,4) size 4x19
                text run at (4,4) width 4: " "
            RenderTableCell {TD} at (12,28) size 681x329 [border: (1px inset #808080)] [r=1 c=1 rs=1 cs=1]
              RenderBlock {P} at (4,4) size 673x19
                RenderText {#text} at (0,0) size 147x19
                  text run at (0,0) width 147: "(These will only work if "
                RenderInline {CODE} at (0,0) size 76x19
                  RenderText {#text} at (147,0) size 76x19
                    text run at (147,0) width 76: "border-style"
                RenderText {#text} at (223,0) size 91x19
                  text run at (223,0) width 91: " is supported.)"
              RenderBlock {P} at (4,37) size 673x19 [bgcolor=#C0C0C0]
                RenderText {#text} at (0,0) size 209x19
                  text run at (0,0) width 209: "This element has a class of zero."
              RenderBlock {P} at (4,70) size 673x72 [border: (3px solid #000000) (50px solid #000000) (3px solid #000000)]
                RenderText {#text} at (3,3) size 386x19
                  text run at (3,3) width 386: "This element should have a bottom border width of 50 pixels."
              RenderBlock {P} at (4,156) size 673x27 [border: (3px solid #000000) (5px solid #000000) (3px solid #000000)]
                RenderText {#text} at (3,3) size 343x19
                  text run at (3,3) width 343: "This element should have a thick bottom border width."
              RenderBlock {P} at (4,197) size 673x25 [border: (3px solid #000000)]
                RenderText {#text} at (3,3) size 365x19
                  text run at (3,3) width 365: "This element should have a medium bottom border width."
              RenderBlock {P} at (4,236) size 673x23 [border: (3px solid #000000) (1px solid #000000) (3px solid #000000)]
                RenderText {#text} at (3,3) size 337x19
                  text run at (3,3) width 337: "This element should have a thin bottom border width."
              RenderBlock {P} at (4,273) size 673x19
                RenderText {#text} at (0,0) size 541x19
                  text run at (0,0) width 541: "This element should have no border and no extra \"padding\" on its bottom side, as no "
                RenderInline {CODE} at (0,0) size 76x19
                  RenderText {#text} at (541,0) size 76x19
                    text run at (541,0) width 76: "border-style"
                RenderText {#text} at (617,0) size 56x19
                  text run at (617,0) width 56: " was set."
              RenderBlock {P} at (4,306) size 673x19 [bgcolor=#C0C0C0]
                RenderText {#text} at (0,0) size 209x19
                  text run at (0,0) width 209: "This element has a class of zero."
