layer at (0,0) size 800x600
  RenderView at (0,0) size 800x600
layer at (0,0) size 800x600
  RenderBlock {HTML} at (0,0) size 800x600
    RenderBody {BODY} at (8,8) size 784x584 [bgcolor=#CCCCCC]
      RenderBlock {P} at (0,0) size 784x19
        RenderText {#text} at (0,0) size 354x19
          text run at (0,0) width 354: "The style declarations which apply to the text below are:"
      RenderBlock {PRE} at (0,33) size 784x57
        RenderText {#text} at (0,0) size 564x57
          text run at (0,0) width 293: ".one {border-color: purple; border-style: solid;}"
          text run at (293,0) width 0: " "
          text run at (0,19) width 438: ".two {border-color: purple; border-width: medium; border-style: solid;}"
          text run at (438,19) width 0: " "
          text run at (0,38) width 564: ".three {border-color: purple green blue yellow; border-width: medium; border-style: solid;}"
          text run at (564,38) width 0: " "
      RenderBlock {HR} at (0,104) size 784x2 [border: (1px inset #000000)]
      RenderBlock {P} at (0,120) size 784x25 [border: (3px solid #800080)]
        RenderText {#text} at (3,3) size 360x19
          text run at (3,3) width 360: "This element should have a purple border surrounding it."
      RenderBlock {P} at (0,159) size 784x25 [border: (3px solid #800080)]
        RenderText {#text} at (3,3) size 453x19
          text run at (3,3) width 453: "This element should have a medium-width purple border surrounding it."
      RenderBlock {P} at (0,198) size 784x44 [border: (3px solid #800080) (3px solid #008000) (3px solid #0000FF) (3px solid #FFFF00)]
        RenderText {#text} at (3,3) size 766x38
          text run at (3,3) width 766: "This element should be surrounded by a medium width border which is purple on top, green on the right side, blue on the"
          text run at (3,22) width 220: "bottom, and yellow on the left side."
      RenderTable {TABLE} at (0,256) size 784x160 [border: (1px outset #808080)]
        RenderTableSection {TBODY} at (1,1) size 782x158
          RenderTableRow {TR} at (0,0) size 782x28
            RenderTableCell {TD} at (0,0) size 782x28 [bgcolor=#C0C0C0] [border: (1px inset #808080)] [r=0 c=0 rs=1 cs=2]
              RenderInline {STRONG} at (0,0) size 159x20
                RenderText {#text} at (4,4) size 159x20
                  text run at (4,4) width 159: "TABLE Testing Section"
          RenderTableRow {TR} at (0,28) size 782x130
            RenderTableCell {TD} at (0,79) size 12x27 [bgcolor=#C0C0C0] [border: (1px inset #808080)] [r=1 c=0 rs=1 cs=1]
              RenderText {#text} at (4,4) size 4x19
                text run at (4,4) width 4: " "
            RenderTableCell {TD} at (12,28) size 770x130 [border: (1px inset #808080)] [r=1 c=1 rs=1 cs=1]
              RenderBlock {P} at (4,4) size 762x25 [border: (3px solid #800080)]
                RenderText {#text} at (3,3) size 360x19
                  text run at (3,3) width 360: "This element should have a purple border surrounding it."
              RenderBlock {P} at (4,43) size 762x25 [border: (3px solid #800080)]
                RenderText {#text} at (3,3) size 453x19
                  text run at (3,3) width 453: "This element should have a medium-width purple border surrounding it."
              RenderBlock {P} at (4,82) size 762x44 [border: (3px solid #800080) (3px solid #008000) (3px solid #0000FF) (3px solid #FFFF00)]
                RenderText {#text} at (3,3) size 742x38
                  text run at (3,3) width 742: "This element should be surrounded by a medium width border which is purple on top, green on the right side, blue on"
                  text run at (3,22) width 244: "the bottom, and yellow on the left side."
