layer at (0,0) size 784x1137
  RenderView at (0,0) size 784x600
layer at (0,0) size 784x1137
  RenderBlock {HTML} at (0,0) size 784x1137
    RenderBody {BODY} at (8,8) size 768x1121 [bgcolor=#CCCCCC]
      RenderBlock {P} at (20,0) size 748x21
        RenderText {#text} at (0,0) size 380x21
          text run at (0,0) width 380: "The style declarations which apply to the text below are:"
      RenderBlock {PRE} at (0,37) size 768x112
        RenderText {#text} at (0,0) size 238x112
          text run at (0,0) width 122: "P {margin-left: 20px;}"
          text run at (122,0) width 0: " "
          text run at (0,16) width 216: ".one {border-left: purple double 10px;}"
          text run at (216,16) width 0: " "
          text run at (0,32) width 197: ".two {border-left: purple thin solid;}"
          text run at (197,32) width 0: " "
          text run at (0,48) width 234: ".threea {border-left: black medium solid;}"
          text run at (234,48) width 0: " "
          text run at (0,64) width 238: ".threeb {border-left: purple medium solid;}"
          text run at (238,64) width 0: " "
          text run at (0,80) width 227: ".threec {border-left: blue medium solid;}"
          text run at (227,80) width 0: " "
          text run at (0,96) width 187: "TD {border-left: green 2px solid;}"
          text run at (187,96) width 0: " "
      RenderBlock {HR} at (0,162) size 768x2 [border: (1px inset #000000)]
      RenderBlock {P} at (20,180) size 748x42
        RenderText {#text} at (0,0) size 704x42
          text run at (0,0) width 674: "Note that all table cells on this page should have a two-pixel solid green border along their left sides. "
          text run at (674,0) width 30: "This"
          text run at (0,21) width 438: "border applies only to the cells, not the rows which contain them."
      RenderBlock {P} at (20,238) size 748x21 [border: (10px double #800080)]
        RenderText {#text} at (10,0) size 448x21
          text run at (10,0) width 448: "This paragraph should have a purple, double, 10-pixel left border."
      RenderBlock {P} at (20,275) size 748x21 [border: (1px solid #800080)]
        RenderText {#text} at (1,0) size 364x21
          text run at (1,0) width 364: "This paragraph should have a thin purple left border."
      RenderTable {TABLE} at (0,312) size 768x119 [border: (1px outset #808080)]
        RenderTableSection {TBODY} at (1,1) size 766x117
          RenderTableRow {TR} at (0,5) size 766x46
            RenderTableCell {TD} at (5,5) size 756x46 [border: (1px inset #808080) (2px solid #008000)] [r=0 c=0 rs=1 cs=2]
              RenderText {#text} at (3,2) size 740x42
                text run at (3,2) width 456: "Every cell in this table should have a 2-pixel solid green left border. "
                text run at (459,2) width 284: "This is also true of the table-testing section"
                text run at (3,23) width 227: "in the second half of the test page."
          RenderTableRow {TR} at (0,56) size 766x56
            RenderTableCell {TD} at (5,71) size 193x25 [border: (1px inset #808080) (2px solid #008000)] [r=1 c=0 rs=1 cs=1]
              RenderText {#text} at (3,2) size 55x21
                text run at (3,2) width 55: "Cell one"
            RenderTableCell {TD} at (203,56) size 558x56 [border: (1px inset #808080) (2px solid #008000)] [r=1 c=1 rs=1 cs=1]
              RenderBlock (anonymous) at (3,2) size 553x21
                RenderText {#text} at (0,0) size 56x21
                  text run at (0,0) width 56: "Cell two"
              RenderTable {TABLE} at (3,23) size 168x31 [border: (1px outset #808080)]
                RenderTableSection {TBODY} at (1,1) size 166x29
                  RenderTableRow {TR} at (0,2) size 166x25
                    RenderTableCell {TD} at (2,2) size 162x25 [border: (1px inset #808080) (2px solid #008000)] [r=0 c=0 rs=1 cs=1]
                      RenderText {#text} at (3,2) size 157x21
                        text run at (3,2) width 157: "Nested single-cell table!"
      RenderBlock {UL} at (0,447) size 768x168
        RenderListItem {LI} at (40,0) size 728x84 [border: (3px solid #000000)]
          RenderBlock (anonymous) at (3,0) size 725x21
            RenderListMarker at (-21,0) size 7x21: bullet
            RenderText {#text} at (0,0) size 124x21
              text run at (0,0) width 124: "This is a list item..."
          RenderBlock {UL} at (3,21) size 725x63
            RenderListItem {LI} at (40,0) size 685x21
              RenderListMarker at (-18,0) size 7x21: white bullet
              RenderText {#text} at (0,0) size 78x21
                text run at (0,0) width 78: "...and this..."
            RenderListItem {LI} at (40,21) size 685x21
              RenderListMarker at (-18,0) size 7x21: white bullet
              RenderText {#text} at (0,0) size 119x21
                text run at (0,0) width 119: "...is a second list..."
            RenderListItem {LI} at (40,42) size 685x21
              RenderListMarker at (-18,0) size 7x21: white bullet
              RenderText {#text} at (0,0) size 187x21
                text run at (0,0) width 187: "...nested within the list item."
        RenderListItem {LI} at (40,84) size 728x21 [border: (3px solid #800080)]
          RenderListMarker at (-18,0) size 7x21: bullet
          RenderText {#text} at (3,0) size 166x21
            text run at (3,0) width 166: "This is a second list item."
        RenderListItem {LI} at (40,105) size 728x63 [border: (3px solid #0000FF)]
          RenderListMarker at (-18,0) size 7x21: bullet
          RenderText {#text} at (3,0) size 712x63
            text run at (3,0) width 694: "Each list item in this 'parent' list should have a medium-width border along its left side, in each of three"
            text run at (3,21) width 48: "colors. "
            text run at (51,21) width 664: "The first item's border should travel the entire height the nested list (to end near the baseline of the"
            text run at (3,42) width 666: "line \"...nested within the list item.\"), even though the nested list does not have any border styles set."
      RenderTable {TABLE} at (0,631) size 768x490 [border: (1px outset #808080)]
        RenderTableSection {TBODY} at (1,1) size 766x488
          RenderTableRow {TR} at (0,0) size 766x29
            RenderTableCell {TD} at (0,0) size 766x29 [bgcolor=#C0C0C0] [border: (1px inset #808080) (2px solid #008000)] [r=0 c=0 rs=1 cs=2]
              RenderInline {STRONG} at (0,0) size 163x21
                RenderText {#text} at (5,4) size 163x21
                  text run at (5,4) width 163: "TABLE Testing Section"
          RenderTableRow {TR} at (0,29) size 766x459
            RenderTableCell {TD} at (0,244) size 13x29 [bgcolor=#C0C0C0] [border: (1px inset #808080) (2px solid #008000)] [r=1 c=0 rs=1 cs=1]
              RenderText {#text} at (5,4) size 4x21
                text run at (5,4) width 4: " "
            RenderTableCell {TD} at (13,29) size 753x459 [border: (1px inset #808080) (2px solid #008000)] [r=1 c=1 rs=1 cs=1]
              RenderBlock {P} at (25,4) size 724x42
                RenderText {#text} at (0,0) size 704x42
                  text run at (0,0) width 674: "Note that all table cells on this page should have a two-pixel solid green border along their left sides. "
                  text run at (674,0) width 30: "This"
                  text run at (0,21) width 438: "border applies only to the cells, not the rows which contain them."
              RenderBlock {P} at (25,62) size 724x21 [border: (10px double #800080)]
                RenderText {#text} at (10,0) size 448x21
                  text run at (10,0) width 448: "This paragraph should have a purple, double, 10-pixel left border."
              RenderBlock {P} at (25,99) size 724x21 [border: (1px solid #800080)]
                RenderText {#text} at (1,0) size 364x21
                  text run at (1,0) width 364: "This paragraph should have a thin purple left border."
              RenderTable {TABLE} at (5,136) size 744x119 [border: (1px outset #808080)]
                RenderTableSection {TBODY} at (1,1) size 742x117
                  RenderTableRow {TR} at (0,5) size 742x46
                    RenderTableCell {TD} at (5,5) size 732x46 [border: (1px inset #808080) (2px solid #008000)] [r=0 c=0 rs=1 cs=2]
                      RenderText {#text} at (3,2) size 690x42
                        text run at (3,2) width 456: "Every cell in this table should have a 2-pixel solid green left border. "
                        text run at (459,2) width 234: "This is also true of the table-testing"
                        text run at (3,23) width 277: "section in the second half of the test page."
                  RenderTableRow {TR} at (0,56) size 742x56
                    RenderTableCell {TD} at (5,71) size 187x25 [border: (1px inset #808080) (2px solid #008000)] [r=1 c=0 rs=1 cs=1]
                      RenderText {#text} at (3,2) size 55x21
                        text run at (3,2) width 55: "Cell one"
                    RenderTableCell {TD} at (197,56) size 540x56 [border: (1px inset #808080) (2px solid #008000)] [r=1 c=1 rs=1 cs=1]
                      RenderBlock (anonymous) at (3,2) size 535x21
                        RenderText {#text} at (0,0) size 56x21
                          text run at (0,0) width 56: "Cell two"
                      RenderTable {TABLE} at (3,23) size 168x31 [border: (1px outset #808080)]
                        RenderTableSection {TBODY} at (1,1) size 166x29
                          RenderTableRow {TR} at (0,2) size 166x25
                            RenderTableCell {TD} at (2,2) size 162x25 [border: (1px inset #808080) (2px solid #008000)] [r=0 c=0 rs=1 cs=1]
                              RenderText {#text} at (3,2) size 157x21
                                text run at (3,2) width 157: "Nested single-cell table!"
              RenderBlock {UL} at (5,271) size 744x168
                RenderListItem {LI} at (40,0) size 704x84 [border: (3px solid #000000)]
                  RenderBlock (anonymous) at (3,0) size 701x21
                    RenderListMarker at (-21,0) size 7x21: bullet
                    RenderText {#text} at (0,0) size 124x21
                      text run at (0,0) width 124: "This is a list item..."
                  RenderBlock {UL} at (3,21) size 701x63
                    RenderListItem {LI} at (40,0) size 661x21
                      RenderListMarker at (-18,0) size 7x21: white bullet
                      RenderText {#text} at (0,0) size 78x21
                        text run at (0,0) width 78: "...and this..."
                    RenderListItem {LI} at (40,21) size 661x21
                      RenderListMarker at (-18,0) size 7x21: white bullet
                      RenderText {#text} at (0,0) size 119x21
                        text run at (0,0) width 119: "...is a second list..."
                    RenderListItem {LI} at (40,42) size 661x21
                      RenderListMarker at (-18,0) size 7x21: white bullet
                      RenderText {#text} at (0,0) size 187x21
                        text run at (0,0) width 187: "...nested within the list item."
                RenderListItem {LI} at (40,84) size 704x21 [border: (3px solid #800080)]
                  RenderListMarker at (-18,0) size 7x21: bullet
                  RenderText {#text} at (3,0) size 166x21
                    text run at (3,0) width 166: "This is a second list item."
                RenderListItem {LI} at (40,105) size 704x63 [border: (3px solid #0000FF)]
                  RenderListMarker at (-18,0) size 7x21: bullet
                  RenderText {#text} at (3,0) size 694x63
                    text run at (3,0) width 694: "Each list item in this 'parent' list should have a medium-width border along its left side, in each of three"
                    text run at (3,21) width 48: "colors. "
                    text run at (51,21) width 639: "The first item's border should travel the entire height the nested list (to end near the baseline of"
                    text run at (3,42) width 691: "the line \"...nested within the list item.\"), even though the nested list does not have any border styles set."
