layer at (0,0) size 784x1221
  RenderView at (0,0) size 784x600
layer at (0,0) size 784x1221
  RenderBlock {HTML} at (0,0) size 784x1221
    RenderBody {BODY} at (8,8) size 768x1205 [bgcolor=#CCCCCC]
      RenderBlock {P} at (0,0) size 748x21
        RenderText {#text} at (0,0) size 380x21
          text run at (0,0) width 380: "The style declarations which apply to the text below are:"
      RenderBlock {PRE} at (0,37) size 768x112
        RenderText {#text} at (0,0) size 245x112
          text run at (0,0) width 129: "P {margin-right: 20px;}"
          text run at (129,0) width 0: " "
          text run at (0,16) width 223: ".one {border-right: purple double 10px;}"
          text run at (223,16) width 0: " "
          text run at (0,32) width 204: ".two {border-right: purple thin solid;}"
          text run at (204,32) width 0: " "
          text run at (0,48) width 241: ".threea {border-right: black medium solid;}"
          text run at (241,48) width 0: " "
          text run at (0,64) width 245: ".threeb {border-right: purple medium solid;}"
          text run at (245,64) width 0: " "
          text run at (0,80) width 234: ".threec {border-right: blue medium solid;}"
          text run at (234,80) width 0: " "
          text run at (0,96) width 194: "TD {border-right: green 2px solid;}"
          text run at (194,96) width 0: " "
      RenderBlock {HR} at (0,162) size 768x2 [border: (1px inset #000000)]
      RenderBlock {P} at (0,180) size 748x42
        RenderText {#text} at (0,0) size 716x42
          text run at (0,0) width 686: "Note that all table cells on this page should have a two-pixel solid green border along their right sides. "
          text run at (686,0) width 30: "This"
          text run at (0,21) width 438: "border applies only to the cells, not the rows which contain them."
      RenderBlock {P} at (0,238) size 748x21 [border: (10px double #800080) none]
        RenderText {#text} at (0,0) size 460x21
          text run at (0,0) width 460: "This paragraph should have a purple, double, 10-pixel right border."
      RenderBlock {P} at (0,275) size 748x21 [border: (1px solid #800080) none]
        RenderText {#text} at (0,0) size 376x21
          text run at (0,0) width 376: "This paragraph should have a thin purple right border."
      RenderTable {TABLE} at (0,312) size 768x119 [border: (1px outset #808080)]
        RenderTableSection {TBODY} at (1,1) size 766x117
          RenderTableRow {TR} at (0,5) size 766x46
            RenderTableCell {TD} at (5,5) size 756x46 [border: (1px inset #808080) (2px solid #008000) (1px inset #808080)] [r=0 c=0 rs=1 cs=2]
              RenderText {#text} at (2,2) size 702x42
                text run at (2,2) width 468: "Every cell in this table should have a 2-pixel solid green right border. "
                text run at (470,2) width 234: "This is also true of the table-testing"
                text run at (2,23) width 277: "section in the second half of the test page."
          RenderTableRow {TR} at (0,56) size 766x56
            RenderTableCell {TD} at (5,71) size 193x25 [border: (1px inset #808080) (2px solid #008000) (1px inset #808080)] [r=1 c=0 rs=1 cs=1]
              RenderText {#text} at (2,2) size 55x21
                text run at (2,2) width 55: "Cell one"
            RenderTableCell {TD} at (203,56) size 558x56 [border: (1px inset #808080) (2px solid #008000) (1px inset #808080)] [r=1 c=1 rs=1 cs=1]
              RenderBlock (anonymous) at (2,2) size 553x21
                RenderText {#text} at (0,0) size 56x21
                  text run at (0,0) width 56: "Cell two"
              RenderTable {TABLE} at (2,23) size 168x31 [border: (1px outset #808080)]
                RenderTableSection {TBODY} at (1,1) size 166x29
                  RenderTableRow {TR} at (0,2) size 166x25
                    RenderTableCell {TD} at (2,2) size 162x25 [border: (1px inset #808080) (2px solid #008000) (1px inset #808080)] [r=0 c=0 rs=1 cs=1]
                      RenderText {#text} at (2,2) size 157x21
                        text run at (2,2) width 157: "Nested single-cell table!"
      RenderBlock {UL} at (0,447) size 768x210
        RenderListItem {LI} at (40,0) size 728x84 [border: (3px solid #000000) none]
          RenderBlock (anonymous) at (0,0) size 725x21
            RenderListMarker at (-18,0) size 7x21: bullet
            RenderText {#text} at (0,0) size 124x21
              text run at (0,0) width 124: "This is a list item..."
          RenderBlock {UL} at (0,21) size 725x63
            RenderListItem {LI} at (40,0) size 685x21
              RenderListMarker at (-18,0) size 7x21: white bullet
              RenderText {#text} at (0,0) size 78x21
                text run at (0,0) width 78: "...and this..."
            RenderListItem {LI} at (40,21) size 685x21
              RenderListMarker at (-18,0) size 7x21: white bullet
              RenderText {#text} at (0,0) size 119x21
                text run at (0,0) width 119: "...is a second list..."
            RenderListItem {LI} at (40,42) size 685x21
              RenderListMarker at (-18,0) size 7x21: white bullet
              RenderText {#text} at (0,0) size 187x21
                text run at (0,0) width 187: "...nested within the list item."
        RenderListItem {LI} at (40,84) size 728x21 [border: (3px solid #800080) none]
          RenderListMarker at (-18,0) size 7x21: bullet
          RenderText {#text} at (0,0) size 166x21
            text run at (0,0) width 166: "This is a second list item."
        RenderListItem {LI} at (40,105) size 728x105 [border: (3px solid #0000FF) none]
          RenderListMarker at (-18,0) size 7x21: bullet
          RenderText {#text} at (0,0) size 713x105
            text run at (0,0) width 706: "Each list item in this 'parent' list should have a medium-width border along its right side, in each of three"
            text run at (0,21) width 48: "colors. "
            text run at (48,21) width 664: "The first item's border should travel the entire height the nested list (to end near the baseline of the"
            text run at (0,42) width 670: "line \"...nested within the list item.\"), even though the nested list does not have any border styles set. "
            text run at (670,42) width 27: "The"
            text run at (0,63) width 713: "borders should line up together at the right edge of the document's body, as each list element has a default"
            text run at (0,84) width 104: "width of 100%."
      RenderTable {TABLE} at (0,673) size 768x532 [border: (1px outset #808080)]
        RenderTableSection {TBODY} at (1,1) size 766x530
          RenderTableRow {TR} at (0,0) size 766x29
            RenderTableCell {TD} at (0,0) size 766x29 [bgcolor=#C0C0C0] [border: (1px inset #808080) (2px solid #008000) (1px inset #808080)] [r=0 c=0 rs=1 cs=2]
              RenderInline {STRONG} at (0,0) size 163x21
                RenderText {#text} at (4,4) size 163x21
                  text run at (4,4) width 163: "TABLE Testing Section"
          RenderTableRow {TR} at (0,29) size 766x501
            RenderTableCell {TD} at (0,265) size 13x29 [bgcolor=#C0C0C0] [border: (1px inset #808080) (2px solid #008000) (1px inset #808080)] [r=1 c=0 rs=1 cs=1]
              RenderText {#text} at (4,4) size 4x21
                text run at (4,4) width 4: " "
            RenderTableCell {TD} at (13,29) size 753x501 [border: (1px inset #808080) (2px solid #008000) (1px inset #808080)] [r=1 c=1 rs=1 cs=1]
              RenderBlock {P} at (4,4) size 724x42
                RenderText {#text} at (0,0) size 716x42
                  text run at (0,0) width 686: "Note that all table cells on this page should have a two-pixel solid green border along their right sides. "
                  text run at (686,0) width 30: "This"
                  text run at (0,21) width 438: "border applies only to the cells, not the rows which contain them."
              RenderBlock {P} at (4,62) size 724x21 [border: (10px double #800080) none]
                RenderText {#text} at (0,0) size 460x21
                  text run at (0,0) width 460: "This paragraph should have a purple, double, 10-pixel right border."
              RenderBlock {P} at (4,99) size 724x21 [border: (1px solid #800080) none]
                RenderText {#text} at (0,0) size 376x21
                  text run at (0,0) width 376: "This paragraph should have a thin purple right border."
              RenderTable {TABLE} at (4,136) size 744x119 [border: (1px outset #808080)]
                RenderTableSection {TBODY} at (1,1) size 742x117
                  RenderTableRow {TR} at (0,5) size 742x46
                    RenderTableCell {TD} at (5,5) size 732x46 [border: (1px inset #808080) (2px solid #008000) (1px inset #808080)] [r=0 c=0 rs=1 cs=2]
                      RenderText {#text} at (2,2) size 702x42
                        text run at (2,2) width 468: "Every cell in this table should have a 2-pixel solid green right border. "
                        text run at (470,2) width 234: "This is also true of the table-testing"
                        text run at (2,23) width 277: "section in the second half of the test page."
                  RenderTableRow {TR} at (0,56) size 742x56
                    RenderTableCell {TD} at (5,71) size 187x25 [border: (1px inset #808080) (2px solid #008000) (1px inset #808080)] [r=1 c=0 rs=1 cs=1]
                      RenderText {#text} at (2,2) size 55x21
                        text run at (2,2) width 55: "Cell one"
                    RenderTableCell {TD} at (197,56) size 540x56 [border: (1px inset #808080) (2px solid #008000) (1px inset #808080)] [r=1 c=1 rs=1 cs=1]
                      RenderBlock (anonymous) at (2,2) size 535x21
                        RenderText {#text} at (0,0) size 56x21
                          text run at (0,0) width 56: "Cell two"
                      RenderTable {TABLE} at (2,23) size 168x31 [border: (1px outset #808080)]
                        RenderTableSection {TBODY} at (1,1) size 166x29
                          RenderTableRow {TR} at (0,2) size 166x25
                            RenderTableCell {TD} at (2,2) size 162x25 [border: (1px inset #808080) (2px solid #008000) (1px inset #808080)] [r=0 c=0 rs=1 cs=1]
                              RenderText {#text} at (2,2) size 157x21
                                text run at (2,2) width 157: "Nested single-cell table!"
              RenderBlock {UL} at (4,271) size 744x210
                RenderListItem {LI} at (40,0) size 704x84 [border: (3px solid #000000) none]
                  RenderBlock (anonymous) at (0,0) size 701x21
                    RenderListMarker at (-18,0) size 7x21: bullet
                    RenderText {#text} at (0,0) size 124x21
                      text run at (0,0) width 124: "This is a list item..."
                  RenderBlock {UL} at (0,21) size 701x63
                    RenderListItem {LI} at (40,0) size 661x21
                      RenderListMarker at (-18,0) size 7x21: white bullet
                      RenderText {#text} at (0,0) size 78x21
                        text run at (0,0) width 78: "...and this..."
                    RenderListItem {LI} at (40,21) size 661x21
                      RenderListMarker at (-18,0) size 7x21: white bullet
                      RenderText {#text} at (0,0) size 119x21
                        text run at (0,0) width 119: "...is a second list..."
                    RenderListItem {LI} at (40,42) size 661x21
                      RenderListMarker at (-18,0) size 7x21: white bullet
                      RenderText {#text} at (0,0) size 187x21
                        text run at (0,0) width 187: "...nested within the list item."
                RenderListItem {LI} at (40,84) size 704x21 [border: (3px solid #800080) none]
                  RenderListMarker at (-18,0) size 7x21: bullet
                  RenderText {#text} at (0,0) size 166x21
                    text run at (0,0) width 166: "This is a second list item."
                RenderListItem {LI} at (40,105) size 704x105 [border: (3px solid #0000FF) none]
                  RenderListMarker at (-18,0) size 7x21: bullet
                  RenderText {#text} at (0,0) size 700x105
                    text run at (0,0) width 667: "Each list item in this 'parent' list should have a medium-width border along its right side, in each of"
                    text run at (0,21) width 87: "three colors. "
                    text run at (87,21) width 564: "The first item's border should travel the entire height the nested list (to end near the"
                    text run at (0,42) width 700: "baseline of the line \"...nested within the list item.\"), even though the nested list does not have any border"
                    text run at (0,63) width 66: "styles set. "
                    text run at (66,63) width 598: "The borders should line up together at the right edge of the document's body, as each list"
                    text run at (0,84) width 250: "element has a default width of 100%."
