layer at (0,0) size 800x600
  RenderView at (0,0) size 800x600
layer at (0,0) size 800x600
  RenderBlock {HTML} at (0,0) size 800x600
    RenderBody {BODY} at (8,8) size 784x584 [bgcolor=#CCCCCC]
      RenderBlock {P} at (0,0) size 784x19
        RenderText {#text} at (0,0) size 354x19
          text run at (0,0) width 354: "The style declarations which apply to the text below are:"
      RenderBlock {PRE} at (0,33) size 784x57
        RenderText {#text} at (0,0) size 310x57
          text run at (0,0) width 310: ".one {border-left-width: 25px; border-style: solid;}"
          text run at (310,0) width 0: " "
          text run at (0,19) width 300: ".two {border-left-width: thin; border-style: solid;}"
          text run at (300,19) width 0: " "
          text run at (0,38) width 198: ".three {border-left-width: 25px;}"
          text run at (198,38) width 0: " "
      RenderBlock {HR} at (0,104) size 784x2 [border: (1px inset #000000)]
      RenderBlock {P} at (0,120) size 784x83 [border: (3px solid #000000) (25px solid #000000)]
        RenderText {#text} at (25,3) size 177x19
          text run at (25,3) width 177: "This element has a class of "
        RenderInline {TT} at (0,0) size 24x19
          RenderText {#text} at (202,3) size 24x19
            text run at (202,3) width 24: "one"
        RenderText {#text} at (226,3) size 160x19
          text run at (226,3) width 8: ". "
          text run at (234,3) width 152: "However, it contains an "
        RenderInline {SPAN} at (0,0) size 170x25 [border: (3px solid #000000) (1px solid #000000)]
          RenderText {#text} at (387,3) size 144x19
            text run at (387,3) width 144: "inline element of class "
          RenderInline {TT} at (0,0) size 22x19
            RenderText {#text} at (531,3) size 22x19
              text run at (531,3) width 22: "two"
        RenderText {#text} at (556,3) size 747x38
          text run at (556,3) width 216: ", which should result in a thin solid"
          text run at (25,22) width 183: "border on the left side of the "
        RenderInline {STRONG} at (0,0) size 27x20
          RenderText {#text} at (208,22) size 27x20
            text run at (208,22) width 27: "first"
        RenderText {#text} at (235,22) size 715x39
          text run at (235,22) width 505: " box in the inline element (and the UA's default border on the other three sides)."
          text run at (25,42) width 106: "There is also an "
        RenderInline {SPAN} at (0,0) size 177x19
          RenderText {#text} at (131,42) size 144x19
            text run at (131,42) width 144: "inline element of class "
          RenderInline {TT} at (0,0) size 33x19
            RenderText {#text} at (275,42) size 33x19
              text run at (275,42) width 33: "three"
        RenderText {#text} at (308,42) size 718x38
          text run at (308,42) width 435: ", which should have no left border width or visible border because no"
          text run at (25,61) width 131: "border style was set."
      RenderTable {TABLE} at (0,217) size 784x121 [border: (1px outset #808080)]
        RenderTableSection {TBODY} at (1,1) size 782x119
          RenderTableRow {TR} at (0,0) size 782x28
            RenderTableCell {TD} at (0,0) size 782x28 [bgcolor=#C0C0C0] [border: (1px inset #808080)] [r=0 c=0 rs=1 cs=2]
              RenderInline {STRONG} at (0,0) size 159x20
                RenderText {#text} at (4,4) size 159x20
                  text run at (4,4) width 159: "TABLE Testing Section"
          RenderTableRow {TR} at (0,28) size 782x91
            RenderTableCell {TD} at (0,60) size 12x27 [bgcolor=#C0C0C0] [border: (1px inset #808080)] [r=1 c=0 rs=1 cs=1]
              RenderText {#text} at (4,4) size 4x19
                text run at (4,4) width 4: " "
            RenderTableCell {TD} at (12,28) size 770x91 [border: (1px inset #808080)] [r=1 c=1 rs=1 cs=1]
              RenderBlock {P} at (4,4) size 762x83 [border: (3px solid #000000) (25px solid #000000)]
                RenderText {#text} at (25,3) size 177x19
                  text run at (25,3) width 177: "This element has a class of "
                RenderInline {TT} at (0,0) size 24x19
                  RenderText {#text} at (202,3) size 24x19
                    text run at (202,3) width 24: "one"
                RenderText {#text} at (226,3) size 160x19
                  text run at (226,3) width 8: ". "
                  text run at (234,3) width 152: "However, it contains an "
                RenderInline {SPAN} at (0,0) size 170x25 [border: (3px solid #000000) (1px solid #000000)]
                  RenderText {#text} at (387,3) size 144x19
                    text run at (387,3) width 144: "inline element of class "
                  RenderInline {TT} at (0,0) size 22x19
                    RenderText {#text} at (531,3) size 22x19
                      text run at (531,3) width 22: "two"
                RenderText {#text} at (556,3) size 714x38
                  text run at (556,3) width 183: ", which should result in a thin"
                  text run at (25,22) width 216: "solid border on the left side of the "
                RenderInline {STRONG} at (0,0) size 27x20
                  RenderText {#text} at (241,22) size 27x20
                    text run at (241,22) width 27: "first"
                RenderText {#text} at (268,22) size 702x39
                  text run at (268,22) width 459: " box in the inline element (and the UA's default border on the other three"
                  text run at (25,42) width 46: "sides). "
                  text run at (71,42) width 106: "There is also an "
                RenderInline {SPAN} at (0,0) size 177x19
                  RenderText {#text} at (177,42) size 144x19
                    text run at (177,42) width 144: "inline element of class "
                  RenderInline {TT} at (0,0) size 33x19
                    RenderText {#text} at (321,42) size 33x19
                      text run at (321,42) width 33: "three"
                RenderText {#text} at (354,42) size 686x38
                  text run at (354,42) width 357: ", which should have no left border width or visible border"
                  text run at (25,61) width 209: "because no border style was set."
