layer at (0,0) size 800x1023
  RenderView at (0,0) size 800x600
layer at (0,0) size 800x1023
  RenderBlock {HTML} at (0,0) size 800x1023
    RenderBody {BODY} at (8,8) size 784x1007 [bgcolor=#CCCCCC]
      RenderBlock {P} at (0,0) size 784x19
        RenderText {#text} at (0,0) size 354x19
          text run at (0,0) width 354: "The style declarations which apply to the text below are:"
      RenderBlock {PRE} at (0,33) size 784x76
        RenderText {#text} at (0,1) size 344x74
          text run at (0,1) width 328: ".one {border-bottom: purple double 10px;}"
          text run at (328,1) width 0: " "
          text run at (0,20) width 320: ".two {border-bottom: purple thin solid;}"
          text run at (320,20) width 0: " "
          text run at (0,39) width 344: ".three {border-bottom: black medium solid;}"
          text run at (344,39) width 0: " "
          text run at (0,58) width 288: "TD {border-bottom: green 2px solid;}"
          text run at (288,58) width 0: " "
      RenderBlock {HR} at (0,123) size 784x2 [border: (1px inset #000000)]
      RenderBlock {P} at (0,139) size 784x38
        RenderText {#text} at (0,0) size 784x38
          text run at (0,0) width 662: "Note that all table cells on this page should have a two-pixel solid green border along their bottom sides. "
          text run at (662,0) width 122: "This border applies"
          text run at (0,19) width 314: "only to the cells, not the rows which contain them."
      RenderBlock {P} at (0,191) size 784x29 [border: (10px double #800080) none]
        RenderText {#text} at (0,0) size 441x19
          text run at (0,0) width 441: "This paragraph should have a purple, double, 10-pixel bottom border."
      RenderBlock {P} at (0,234) size 784x20 [border: (1px solid #800080) none]
        RenderText {#text} at (0,0) size 359x19
          text run at (0,0) width 359: "This paragraph should have a thin purple bottom border."
      RenderTable {TABLE} at (0,268) size 784x114 [border: (1px outset #808080)]
        RenderTableSection {TBODY} at (1,1) size 782x112
          RenderTableRow {TR} at (0,5) size 782x43
            RenderTableCell {TD} at (5,5) size 772x43 [border: (1px inset #808080) (2px solid #008000) (1px inset #808080)] [r=0 c=0 rs=1 cs=2]
              RenderText {#text} at (2,2) size 762x38
                text run at (2,2) width 452: "Every cell in this table should have a 2-pixel solid green bottom border. "
                text run at (454,2) width 310: "This is also true of the table-testing section in the"
                text run at (2,21) width 180: "second half of the test page."
          RenderTableRow {TR} at (0,53) size 782x54
            RenderTableCell {TD} at (5,68) size 193x24 [border: (1px inset #808080) (2px solid #008000) (1px inset #808080)] [r=1 c=0 rs=1 cs=1]
              RenderText {#text} at (2,2) size 52x19
                text run at (2,2) width 52: "Cell one"
            RenderTableCell {TD} at (203,53) size 574x54 [border: (1px inset #808080) (2px solid #008000) (1px inset #808080)] [r=1 c=1 rs=1 cs=1]
              RenderBlock (anonymous) at (2,2) size 570x19
                RenderText {#text} at (0,0) size 50x19
                  text run at (0,0) width 50: "Cell two"
              RenderTable {TABLE} at (2,21) size 161x30 [border: (1px outset #808080)]
                RenderTableSection {TBODY} at (1,1) size 159x28
                  RenderTableRow {TR} at (0,2) size 159x24
                    RenderTableCell {TD} at (2,2) size 155x24 [border: (1px inset #808080) (2px solid #008000) (1px inset #808080)] [r=0 c=0 rs=1 cs=1]
                      RenderText {#text} at (2,2) size 151x19
                        text run at (2,2) width 151: "Nested single-cell table!"
      RenderBlock {UL} at (0,396) size 784x143
        RenderListItem {LI} at (40,0) size 744x79 [border: (3px solid #000000) none]
          RenderBlock (anonymous) at (0,0) size 744x19
            RenderListMarker at (-17,0) size 7x19: bullet
            RenderText {#text} at (0,0) size 117x19
              text run at (0,0) width 117: "This is a list item..."
          RenderBlock {UL} at (0,19) size 744x57
            RenderListItem {LI} at (40,0) size 704x19
              RenderListMarker at (-17,0) size 7x19: white bullet
              RenderText {#text} at (0,0) size 74x19
                text run at (0,0) width 74: "...and this..."
            RenderListItem {LI} at (40,19) size 704x19
              RenderListMarker at (-17,0) size 7x19: white bullet
              RenderText {#text} at (0,0) size 117x19
                text run at (0,0) width 117: "...is a second list..."
            RenderListItem {LI} at (40,38) size 704x19
              RenderListMarker at (-17,0) size 7x19: white bullet
              RenderText {#text} at (0,0) size 175x19
                text run at (0,0) width 175: "...nested within the list item."
        RenderListItem {LI} at (40,79) size 744x22 [border: (3px solid #000000) none]
          RenderListMarker at (-17,0) size 7x19: bullet
          RenderText {#text} at (0,0) size 159x19
            text run at (0,0) width 159: "This is a second list item."
        RenderListItem {LI} at (40,101) size 744x42 [border: (3px solid #000000) none]
          RenderListMarker at (-17,0) size 7x19: bullet
          RenderText {#text} at (0,0) size 730x38
            text run at (0,0) width 730: "Each list item in this list should have a medium-width black border at its bottom, which for the first item means that it"
            text run at (0,19) width 95: "should appear "
          RenderInline {EM} at (0,0) size 52x19
            RenderText {#text} at (95,19) size 52x19
              text run at (95,19) width 52: "beneath"
          RenderText {#text} at (147,19) size 386x19
            text run at (147,19) width 386: " the nested list (below the line \"...nested within the list item.\")."
      RenderTable {TABLE} at (0,553) size 784x454 [border: (1px outset #808080)]
        RenderTableSection {TBODY} at (1,1) size 782x452
          RenderTableRow {TR} at (0,0) size 782x29
            RenderTableCell {TD} at (0,0) size 782x29 [bgcolor=#C0C0C0] [border: (1px inset #808080) (2px solid #008000) (1px inset #808080)] [r=0 c=0 rs=1 cs=2]
              RenderInline {STRONG} at (0,0) size 159x20
                RenderText {#text} at (4,4) size 159x20
                  text run at (4,4) width 159: "TABLE Testing Section"
          RenderTableRow {TR} at (0,29) size 782x423
            RenderTableCell {TD} at (0,226) size 12x28 [bgcolor=#C0C0C0] [border: (1px inset #808080) (2px solid #008000) (1px inset #808080)] [r=1 c=0 rs=1 cs=1]
              RenderText {#text} at (4,4) size 4x19
                text run at (4,4) width 4: " "
            RenderTableCell {TD} at (12,29) size 770x423 [border: (1px inset #808080) (2px solid #008000) (1px inset #808080)] [r=1 c=1 rs=1 cs=1]
              RenderBlock {P} at (4,4) size 762x38
                RenderText {#text} at (0,0) size 735x38
                  text run at (0,0) width 662: "Note that all table cells on this page should have a two-pixel solid green border along their bottom sides. "
                  text run at (662,0) width 73: "This border"
                  text run at (0,19) width 363: "applies only to the cells, not the rows which contain them."
              RenderBlock {P} at (4,56) size 762x29 [border: (10px double #800080) none]
                RenderText {#text} at (0,0) size 441x19
                  text run at (0,0) width 441: "This paragraph should have a purple, double, 10-pixel bottom border."
              RenderBlock {P} at (4,99) size 762x20 [border: (1px solid #800080) none]
                RenderText {#text} at (0,0) size 359x19
                  text run at (0,0) width 359: "This paragraph should have a thin purple bottom border."
              RenderTable {TABLE} at (4,133) size 762x114 [border: (1px outset #808080)]
                RenderTableSection {TBODY} at (1,1) size 760x112
                  RenderTableRow {TR} at (0,5) size 760x43
                    RenderTableCell {TD} at (5,5) size 750x43 [border: (1px inset #808080) (2px solid #008000) (1px inset #808080)] [r=0 c=0 rs=1 cs=2]
                      RenderText {#text} at (2,2) size 738x38
                        text run at (2,2) width 452: "Every cell in this table should have a 2-pixel solid green bottom border. "
                        text run at (454,2) width 286: "This is also true of the table-testing section in"
                        text run at (2,21) width 204: "the second half of the test page."
                  RenderTableRow {TR} at (0,53) size 760x54
                    RenderTableCell {TD} at (5,68) size 188x24 [border: (1px inset #808080) (2px solid #008000) (1px inset #808080)] [r=1 c=0 rs=1 cs=1]
                      RenderText {#text} at (2,2) size 52x19
                        text run at (2,2) width 52: "Cell one"
                    RenderTableCell {TD} at (198,53) size 557x54 [border: (1px inset #808080) (2px solid #008000) (1px inset #808080)] [r=1 c=1 rs=1 cs=1]
                      RenderBlock (anonymous) at (2,2) size 553x19
                        RenderText {#text} at (0,0) size 50x19
                          text run at (0,0) width 50: "Cell two"
                      RenderTable {TABLE} at (2,21) size 161x30 [border: (1px outset #808080)]
                        RenderTableSection {TBODY} at (1,1) size 159x28
                          RenderTableRow {TR} at (0,2) size 159x24
                            RenderTableCell {TD} at (2,2) size 155x24 [border: (1px inset #808080) (2px solid #008000) (1px inset #808080)] [r=0 c=0 rs=1 cs=1]
                              RenderText {#text} at (2,2) size 151x19
                                text run at (2,2) width 151: "Nested single-cell table!"
              RenderBlock {UL} at (4,261) size 762x143
                RenderListItem {LI} at (40,0) size 722x79 [border: (3px solid #000000) none]
                  RenderBlock (anonymous) at (0,0) size 722x19
                    RenderListMarker at (-17,0) size 7x19: bullet
                    RenderText {#text} at (0,0) size 117x19
                      text run at (0,0) width 117: "This is a list item..."
                  RenderBlock {UL} at (0,19) size 722x57
                    RenderListItem {LI} at (40,0) size 682x19
                      RenderListMarker at (-17,0) size 7x19: white bullet
                      RenderText {#text} at (0,0) size 74x19
                        text run at (0,0) width 74: "...and this..."
                    RenderListItem {LI} at (40,19) size 682x19
                      RenderListMarker at (-17,0) size 7x19: white bullet
                      RenderText {#text} at (0,0) size 117x19
                        text run at (0,0) width 117: "...is a second list..."
                    RenderListItem {LI} at (40,38) size 682x19
                      RenderListMarker at (-17,0) size 7x19: white bullet
                      RenderText {#text} at (0,0) size 175x19
                        text run at (0,0) width 175: "...nested within the list item."
                RenderListItem {LI} at (40,79) size 722x22 [border: (3px solid #000000) none]
                  RenderListMarker at (-17,0) size 7x19: bullet
                  RenderText {#text} at (0,0) size 159x19
                    text run at (0,0) width 159: "This is a second list item."
                RenderListItem {LI} at (40,101) size 722x42 [border: (3px solid #000000) none]
                  RenderListMarker at (-17,0) size 7x19: bullet
                  RenderText {#text} at (0,0) size 719x38
                    text run at (0,0) width 719: "Each list item in this list should have a medium-width black border at its bottom, which for the first item means that"
                    text run at (0,19) width 106: "it should appear "
                  RenderInline {EM} at (0,0) size 52x19
                    RenderText {#text} at (106,19) size 52x19
                      text run at (106,19) width 52: "beneath"
                  RenderText {#text} at (158,19) size 386x19
                    text run at (158,19) width 386: " the nested list (below the line \"...nested within the list item.\")."
