layer at (0,0) size 800x600
  RenderView at (0,0) size 800x600
layer at (0,0) size 800x600
  RenderBlock {HTML} at (0,0) size 800x600
    RenderBody {BODY} at (8,8) size 784x584 [bgcolor=#CCCCCC]
      RenderBlock {P} at (0,0) size 784x21
        RenderText {#text} at (0,0) size 380x21
          text run at (0,0) width 380: "The style declarations which apply to the text below are:"
      RenderBlock {PRE} at (0,37) size 784x48
        RenderText {#text} at (0,0) size 507x48
          text run at (0,0) width 263: ".one {border-color: purple; border-style: solid;}"
          text run at (263,0) width 0: " "
          text run at (0,16) width 394: ".two {border-color: purple; border-width: medium; border-style: solid;}"
          text run at (394,16) width 0: " "
          text run at (0,32) width 507: ".three {border-color: purple green blue yellow; border-width: medium; border-style: solid;}"
          text run at (507,32) width 0: " "
      RenderBlock {HR} at (0,98) size 784x2 [border: (1px inset #000000)]
      RenderBlock {P} at (0,116) size 784x84 [bgcolor=#C0C0C0]
        RenderText {#text} at (0,0) size 720x21
          text run at (0,0) width 720: "This is an unstyled element, save for the background color, and containing inline elements with a classes of "
        RenderInline {SPAN} at (0,0) size 754x48 [border: (3px solid #800080)]
          RenderText {#text} at (723,0) size 754x42
            text run at (723,0) width 31: "class"
            text run at (0,21) width 24: "one"
        RenderText {#text} at (27,21) size 8x21
          text run at (27,21) width 8: ", "
        RenderInline {SPAN} at (0,0) size 66x27 [border: (3px solid #800080)]
          RenderText {#text} at (38,21) size 60x21
            text run at (38,21) width 60: "class two"
        RenderText {#text} at (101,21) size 38x21
          text run at (101,21) width 38: ", and "
        RenderInline {SPAN} at (0,0) size 76x27 [border: (3px solid #800080) (3px solid #008000) (3px solid #0000FF) (3px solid #FFFF00)]
          RenderText {#text} at (142,21) size 70x21
            text run at (142,21) width 70: "class three"
        RenderText {#text} at (215,21) size 767x63
          text run at (215,21) width 8: ". "
          text run at (223,21) width 544: "The effect for each inline element should be to have a purple medium-width solid"
          text run at (0,42) width 735: "border in the first and second cases, and a purple-green-blue-yellow medium-width solid border in the third. "
          text run at (735,42) width 27: "The"
          text run at (0,63) width 468: "line-height of the parent element should not change at all, on any line."
      RenderTable {TABLE} at (0,216) size 784x123 [border: (1px outset #808080)]
        RenderTableSection {TBODY} at (1,1) size 782x121
          RenderTableRow {TR} at (0,0) size 782x29
            RenderTableCell {TD} at (0,0) size 782x29 [bgcolor=#C0C0C0] [border: (1px inset #808080)] [r=0 c=0 rs=1 cs=2]
              RenderInline {STRONG} at (0,0) size 163x21
                RenderText {#text} at (4,4) size 163x21
                  text run at (4,4) width 163: "TABLE Testing Section"
          RenderTableRow {TR} at (0,29) size 782x92
            RenderTableCell {TD} at (0,60) size 12x29 [bgcolor=#C0C0C0] [border: (1px inset #808080)] [r=1 c=0 rs=1 cs=1]
              RenderText {#text} at (4,4) size 4x21
                text run at (4,4) width 4: " "
            RenderTableCell {TD} at (12,29) size 770x92 [border: (1px inset #808080)] [r=1 c=1 rs=1 cs=1]
              RenderBlock {P} at (4,4) size 762x84 [bgcolor=#C0C0C0]
                RenderText {#text} at (0,0) size 720x21
                  text run at (0,0) width 720: "This is an unstyled element, save for the background color, and containing inline elements with a classes of "
                RenderInline {SPAN} at (0,0) size 754x48 [border: (3px solid #800080)]
                  RenderText {#text} at (723,0) size 754x42
                    text run at (723,0) width 31: "class"
                    text run at (0,21) width 24: "one"
                RenderText {#text} at (27,21) size 8x21
                  text run at (27,21) width 8: ", "
                RenderInline {SPAN} at (0,0) size 66x27 [border: (3px solid #800080)]
                  RenderText {#text} at (38,21) size 60x21
                    text run at (38,21) width 60: "class two"
                RenderText {#text} at (101,21) size 38x21
                  text run at (101,21) width 38: ", and "
                RenderInline {SPAN} at (0,0) size 76x27 [border: (3px solid #800080) (3px solid #008000) (3px solid #0000FF) (3px solid #FFFF00)]
                  RenderText {#text} at (142,21) size 70x21
                    text run at (142,21) width 70: "class three"
                RenderText {#text} at (215,21) size 732x63
                  text run at (215,21) width 8: ". "
                  text run at (223,21) width 509: "The effect for each inline element should be to have a purple medium-width"
                  text run at (0,42) width 724: "solid border in the first and second cases, and a purple-green-blue-yellow medium-width solid border in the"
                  text run at (0,63) width 42: "third. "
                  text run at (42,63) width 499: "The line-height of the parent element should not change at all, on any line."
