layer at (0,0) size 800x600
  RenderView at (0,0) size 800x600
layer at (0,0) size 800x600
  RenderBlock {HTML} at (0,0) size 800x600
    RenderBody {BODY} at (8,8) size 784x584 [bgcolor=#CCCCCC]
      RenderBlock {P} at (0,0) size 784x19
        RenderText {#text} at (0,0) size 354x19
          text run at (0,0) width 354: "The style declarations which apply to the text below are:"
      RenderBlock {PRE} at (0,33) size 784x57
        RenderText {#text} at (0,0) size 311x57
          text run at (0,0) width 311: ".one {border-top-width: 25px; border-style: solid;}"
          text run at (311,0) width 0: " "
          text run at (0,19) width 301: ".two {border-top-width: thin; border-style: solid;}"
          text run at (301,19) width 0: " "
          text run at (0,38) width 199: ".three {border-top-width: 25px;}"
          text run at (199,38) width 0: " "
      RenderBlock {HR} at (0,104) size 784x2 [border: (1px inset #000000)]
      RenderBlock {P} at (0,120) size 784x104 [border: (25px solid #000000) (3px solid #000000)]
        RenderText {#text} at (3,25) size 177x19
          text run at (3,25) width 177: "This element has a class of "
        RenderInline {TT} at (0,0) size 24x19
          RenderText {#text} at (180,25) size 24x19
            text run at (180,25) width 24: "one"
        RenderText {#text} at (204,25) size 160x19
          text run at (204,25) width 8: ". "
          text run at (212,25) width 152: "However, it contains an "
        RenderInline {SPAN} at (0,0) size 172x23 [border: (1px solid #000000) (3px solid #000000)]
          RenderText {#text} at (367,25) size 144x19
            text run at (367,25) width 144: "inline element of class "
          RenderInline {TT} at (0,0) size 22x19
            RenderText {#text} at (511,25) size 22x19
              text run at (511,25) width 22: "two"
        RenderText {#text} at (536,25) size 752x57
          text run at (536,25) width 216: ", which should result in a thin solid"
          text run at (3,44) width 700: "border on the top side of each box in the inline element (and the UA's default border on the other three sides). "
          text run at (703,44) width 52: "There is"
          text run at (3,63) width 50: "also an "
        RenderInline {SPAN} at (0,0) size 177x19
          RenderText {#text} at (53,63) size 144x19
            text run at (53,63) width 144: "inline element of class "
          RenderInline {TT} at (0,0) size 33x19
            RenderText {#text} at (197,63) size 33x19
              text run at (197,63) width 33: "three"
        RenderText {#text} at (230,63) size 771x38
          text run at (230,63) width 544: ", which should have no top border width or visible border because no border style was"
          text run at (3,82) width 23: "set."
      RenderTable {TABLE} at (0,238) size 784x142 [border: (1px outset #808080)]
        RenderTableSection {TBODY} at (1,1) size 782x140
          RenderTableRow {TR} at (0,0) size 782x28
            RenderTableCell {TD} at (0,0) size 782x28 [bgcolor=#C0C0C0] [border: (1px inset #808080)] [r=0 c=0 rs=1 cs=2]
              RenderInline {STRONG} at (0,0) size 159x20
                RenderText {#text} at (4,4) size 159x20
                  text run at (4,4) width 159: "TABLE Testing Section"
          RenderTableRow {TR} at (0,28) size 782x112
            RenderTableCell {TD} at (0,70) size 12x27 [bgcolor=#C0C0C0] [border: (1px inset #808080)] [r=1 c=0 rs=1 cs=1]
              RenderText {#text} at (4,4) size 4x19
                text run at (4,4) width 4: " "
            RenderTableCell {TD} at (12,28) size 770x112 [border: (1px inset #808080)] [r=1 c=1 rs=1 cs=1]
              RenderBlock {P} at (4,4) size 762x104 [border: (25px solid #000000) (3px solid #000000)]
                RenderText {#text} at (3,25) size 177x19
                  text run at (3,25) width 177: "This element has a class of "
                RenderInline {TT} at (0,0) size 24x19
                  RenderText {#text} at (180,25) size 24x19
                    text run at (180,25) width 24: "one"
                RenderText {#text} at (204,25) size 160x19
                  text run at (204,25) width 8: ". "
                  text run at (212,25) width 152: "However, it contains an "
                RenderInline {SPAN} at (0,0) size 172x23 [border: (1px solid #000000) (3px solid #000000)]
                  RenderText {#text} at (367,25) size 144x19
                    text run at (367,25) width 144: "inline element of class "
                  RenderInline {TT} at (0,0) size 22x19
                    RenderText {#text} at (511,25) size 22x19
                      text run at (511,25) width 22: "two"
                RenderText {#text} at (536,25) size 752x57
                  text run at (536,25) width 216: ", which should result in a thin solid"
                  text run at (3,44) width 700: "border on the top side of each box in the inline element (and the UA's default border on the other three sides). "
                  text run at (703,44) width 52: "There is"
                  text run at (3,63) width 50: "also an "
                RenderInline {SPAN} at (0,0) size 177x19
                  RenderText {#text} at (53,63) size 144x19
                    text run at (53,63) width 144: "inline element of class "
                  RenderInline {TT} at (0,0) size 33x19
                    RenderText {#text} at (197,63) size 33x19
                      text run at (197,63) width 33: "three"
                RenderText {#text} at (230,63) size 742x38
                  text run at (230,63) width 515: ", which should have no top border width or visible border because no border style"
                  text run at (3,82) width 52: "was set."
