layer at (0,0) size 800x600
  RenderView at (0,0) size 800x600
layer at (0,0) size 800x600
  RenderBlock {HTML} at (0,0) size 800x600
    RenderBody {BODY} at (8,8) size 784x584 [bgcolor=#CCCCCC]
      RenderBlock {P} at (0,0) size 784x19
        RenderText {#text} at (0,0) size 354x19
          text run at (0,0) width 354: "The style declarations which apply to the text below are:"
      RenderBlock {PRE} at (0,33) size 784x57
        RenderText {#text} at (0,0) size 197x57
          text run at (0,0) width 197: ".one {border: 10px teal outset;}"
          text run at (197,0) width 0: " "
          text run at (0,19) width 192: ".two {border: 10px olive inset;}"
          text run at (192,19) width 0: " "
          text run at (0,38) width 0: " "
      RenderBlock {HR} at (0,104) size 784x2 [border: (1px inset #000000)]
      RenderBlock {P} at (0,120) size 784x57 [bgcolor=#C0C0C0]
        RenderText {#text} at (0,0) size 682x19
          text run at (0,0) width 682: "This is an unstyled element, save for the background color, and containing inline elements with a classes of "
        RenderInline {SPAN} at (0,0) size 80x39 [border: (10px outset #008080)]
          RenderText {#text} at (692,0) size 60x19
            text run at (692,0) width 60: "class one"
        RenderText {#text} at (762,0) size 766x38
          text run at (762,0) width 4: ","
          text run at (0,19) width 354: "which should result in a 10-pixel outset teal border; and "
        RenderInline {SPAN} at (0,0) size 78x39 [border: (10px inset #808000)]
          RenderText {#text} at (364,19) size 58x19
            text run at (364,19) width 58: "class two"
        RenderText {#text} at (432,19) size 759x38
          text run at (432,19) width 327: ", which should result in a 10-pixel inset olive border."
          text run at (0,38) width 433: "The line-height of the parent element should not change on any line."
      RenderTable {TABLE} at (0,191) size 784x95 [border: (1px outset #808080)]
        RenderTableSection {TBODY} at (1,1) size 782x93
          RenderTableRow {TR} at (0,0) size 782x28
            RenderTableCell {TD} at (0,0) size 782x28 [bgcolor=#C0C0C0] [border: (1px inset #808080)] [r=0 c=0 rs=1 cs=2]
              RenderInline {STRONG} at (0,0) size 159x20
                RenderText {#text} at (4,4) size 159x20
                  text run at (4,4) width 159: "TABLE Testing Section"
          RenderTableRow {TR} at (0,28) size 782x65
            RenderTableCell {TD} at (0,47) size 12x27 [bgcolor=#C0C0C0] [border: (1px inset #808080)] [r=1 c=0 rs=1 cs=1]
              RenderText {#text} at (4,4) size 4x19
                text run at (4,4) width 4: " "
            RenderTableCell {TD} at (12,28) size 770x65 [border: (1px inset #808080)] [r=1 c=1 rs=1 cs=1]
              RenderBlock {P} at (4,4) size 762x57 [bgcolor=#C0C0C0]
                RenderText {#text} at (0,0) size 682x19
                  text run at (0,0) width 682: "This is an unstyled element, save for the background color, and containing inline elements with a classes of "
                RenderInline {SPAN} at (0,0) size 724x58 [border: (10px outset #008080)]
                  RenderText {#text} at (692,0) size 724x38
                    text run at (692,0) width 32: "class"
                    text run at (0,19) width 24: "one"
                RenderText {#text} at (34,19) size 362x19
                  text run at (34,19) width 362: ", which should result in a 10-pixel outset teal border; and "
                RenderInline {SPAN} at (0,0) size 78x39 [border: (10px inset #808000)]
                  RenderText {#text} at (406,19) size 58x19
                    text run at (406,19) width 58: "class two"
                RenderText {#text} at (474,19) size 751x38
                  text run at (474,19) width 277: ", which should result in a 10-pixel inset olive"
                  text run at (0,38) width 50: "border. "
                  text run at (50,38) width 433: "The line-height of the parent element should not change on any line."
