layer at (0,0) size 800x784
  RenderView at (0,0) size 800x600
layer at (0,0) size 800x784
  RenderBlock {HTML} at (0,0) size 800x784
    RenderBody {BODY} at (8,8) size 784x768 [bgcolor=#CCCCCC]
      RenderBlock {P} at (0,0) size 784x19
        RenderText {#text} at (0,0) size 354x19
          text run at (0,0) width 354: "The style declarations which apply to the text below are:"
      RenderBlock {PRE} at (0,33) size 784x114
        RenderText {#text} at (0,0) size 339x114
          text run at (0,0) width 330: ".zero {background-color: silver; border-left-width: 0;}"
          text run at (330,0) width 0: " "
          text run at (0,19) width 310: ".one {border-left-width: 50px; border-style: solid;}"
          text run at (310,19) width 0: " "
          text run at (0,38) width 306: ".two {border-left-width: thick; border-style: solid;}"
          text run at (306,38) width 0: " "
          text run at (0,57) width 339: ".three {border-left-width: medium; border-style: solid;}"
          text run at (339,57) width 0: " "
          text run at (0,76) width 303: ".four {border-left-width: thin; border-style: solid;}"
          text run at (303,76) width 0: " "
          text run at (0,95) width 187: ".five {border-left-width: 25px;}"
          text run at (187,95) width 0: " "
      RenderBlock {HR} at (0,161) size 784x2 [border: (1px inset #000000)]
      RenderBlock {P} at (0,177) size 784x19
        RenderText {#text} at (0,0) size 147x19
          text run at (0,0) width 147: "(These will only work if "
        RenderInline {CODE} at (0,0) size 76x19
          RenderText {#text} at (147,0) size 76x19
            text run at (147,0) width 76: "border-style"
        RenderText {#text} at (223,0) size 91x19
          text run at (223,0) width 91: " is supported.)"
      RenderBlock {P} at (0,210) size 784x19 [bgcolor=#C0C0C0]
        RenderText {#text} at (0,0) size 209x19
          text run at (0,0) width 209: "This element has a class of zero."
      RenderBlock {P} at (0,243) size 784x44 [border: (3px solid #000000) (50px solid #000000)]
        RenderText {#text} at (50,3) size 707x38
          text run at (50,3) width 707: "This element should have a left border width of 50 pixels, which will be more obvious if the element is more than"
          text run at (50,22) width 85: "one line long."
      RenderBlock {P} at (0,301) size 784x25 [border: (3px solid #000000) (5px solid #000000)]
        RenderText {#text} at (5,3) size 753x19
          text run at (5,3) width 753: "This element should have a thick left border width, which will be more obvious if the element is more than one line long."
      RenderBlock {P} at (0,340) size 784x25 [border: (3px solid #000000)]
        RenderText {#text} at (3,3) size 775x19
          text run at (3,3) width 775: "This element should have a medium left border width, which will be more obvious if the element is more than one line long."
      RenderBlock {P} at (0,379) size 784x25 [border: (3px solid #000000) (1px solid #000000)]
        RenderText {#text} at (1,3) size 747x19
          text run at (1,3) width 747: "This element should have a thin left border width, which will be more obvious if the element is more than one line long."
      RenderBlock {P} at (0,418) size 784x19
        RenderText {#text} at (0,0) size 516x19
          text run at (0,0) width 516: "This element should have no border and no extra \"padding\" on its left side, as no "
        RenderInline {CODE} at (0,0) size 76x19
          RenderText {#text} at (516,0) size 76x19
            text run at (516,0) width 76: "border-style"
        RenderText {#text} at (592,0) size 56x19
          text run at (592,0) width 56: " was set."
      RenderTable {TABLE} at (0,451) size 784x317 [border: (1px outset #808080)]
        RenderTableSection {TBODY} at (1,1) size 782x315
          RenderTableRow {TR} at (0,0) size 782x28
            RenderTableCell {TD} at (0,0) size 782x28 [bgcolor=#C0C0C0] [border: (1px inset #808080)] [r=0 c=0 rs=1 cs=2]
              RenderInline {STRONG} at (0,0) size 159x20
                RenderText {#text} at (4,4) size 159x20
                  text run at (4,4) width 159: "TABLE Testing Section"
          RenderTableRow {TR} at (0,28) size 782x287
            RenderTableCell {TD} at (0,158) size 12x27 [bgcolor=#C0C0C0] [border: (1px inset #808080)] [r=1 c=0 rs=1 cs=1]
              RenderText {#text} at (4,4) size 4x19
                text run at (4,4) width 4: " "
            RenderTableCell {TD} at (12,28) size 770x287 [border: (1px inset #808080)] [r=1 c=1 rs=1 cs=1]
              RenderBlock {P} at (4,4) size 762x19
                RenderText {#text} at (0,0) size 147x19
                  text run at (0,0) width 147: "(These will only work if "
                RenderInline {CODE} at (0,0) size 76x19
                  RenderText {#text} at (147,0) size 76x19
                    text run at (147,0) width 76: "border-style"
                RenderText {#text} at (223,0) size 91x19
                  text run at (223,0) width 91: " is supported.)"
              RenderBlock {P} at (4,37) size 762x19 [bgcolor=#C0C0C0]
                RenderText {#text} at (0,0) size 209x19
                  text run at (0,0) width 209: "This element has a class of zero."
              RenderBlock {P} at (4,70) size 762x44 [border: (3px solid #000000) (50px solid #000000)]
                RenderText {#text} at (50,3) size 707x38
                  text run at (50,3) width 707: "This element should have a left border width of 50 pixels, which will be more obvious if the element is more than"
                  text run at (50,22) width 85: "one line long."
              RenderBlock {P} at (4,128) size 762x25 [border: (3px solid #000000) (5px solid #000000)]
                RenderText {#text} at (5,3) size 753x19
                  text run at (5,3) width 753: "This element should have a thick left border width, which will be more obvious if the element is more than one line long."
              RenderBlock {P} at (4,167) size 762x44 [border: (3px solid #000000)]
                RenderText {#text} at (3,3) size 740x38
                  text run at (3,3) width 740: "This element should have a medium left border width, which will be more obvious if the element is more than one line"
                  text run at (3,22) width 31: "long."
              RenderBlock {P} at (4,225) size 762x25 [border: (3px solid #000000) (1px solid #000000)]
                RenderText {#text} at (1,3) size 747x19
                  text run at (1,3) width 747: "This element should have a thin left border width, which will be more obvious if the element is more than one line long."
              RenderBlock {P} at (4,264) size 762x19
                RenderText {#text} at (0,0) size 516x19
                  text run at (0,0) width 516: "This element should have no border and no extra \"padding\" on its left side, as no "
                RenderInline {CODE} at (0,0) size 76x19
                  RenderText {#text} at (516,0) size 76x19
                    text run at (516,0) width 76: "border-style"
                RenderText {#text} at (592,0) size 56x19
                  text run at (592,0) width 56: " was set."
