layer at (0,0) size 784x1025
  RenderView at (0,0) size 784x600
layer at (0,0) size 784x1025
  RenderBlock {HTML} at (0,0) size 784x1025
    RenderBody {BODY} at (8,8) size 768x1009 [bgcolor=#CCCCCC]
      RenderBlock {P} at (0,0) size 768x21
        RenderText {#text} at (0,0) size 380x21
          text run at (0,0) width 380: "The style declarations which apply to the text below are:"
      RenderBlock {PRE} at (0,37) size 768x64
        RenderText {#text} at (0,0) size 110x64
          text run at (0,0) width 95: ".one {clear: left;}"
          text run at (95,0) width 0: " "
          text run at (0,16) width 101: ".two {clear: right;}"
          text run at (101,16) width 0: " "
          text run at (0,32) width 110: ".three {clear: both;}"
          text run at (110,32) width 0: " "
          text run at (0,48) width 106: ".four {clear: none;}"
          text run at (106,48) width 0: " "
      RenderBlock {HR} at (0,114) size 768x2 [border: (1px inset #000000)]
      RenderImage {IMG} at (0,124) size 15x50
      RenderBlock {P} at (0,132) size 768x21
        RenderText {#text} at (18,0) size 633x21
          text run at (18,0) width 633: "This text should be flowing past a tall orange rectangle on the left side of the browser window."
      RenderBlock (anonymous) at (0,169) size 768x21
        RenderBR {BR} at (18,0) size 0x21
        RenderImage {IMG} at (0,21) size 15x50
      RenderBlock {P} at (0,240) size 768x21
        RenderText {#text} at (0,0) size 702x21
          text run at (0,0) width 702: "This paragraph should appear below the tall orange rectangle above and to the left, and not flow past it."
      RenderBlock (anonymous) at (0,277) size 768x21
        RenderBR {BR} at (0,0) size 0x21
        RenderImage {IMG} at (753,21) size 15x50
      RenderBlock {P} at (0,348) size 768x21
        RenderText {#text} at (0,0) size 714x21
          text run at (0,0) width 714: "This paragraph should appear below the tall orange rectangle above and to the right, and not flow past it."
      RenderBlock (anonymous) at (0,385) size 768x21
        RenderBR {BR} at (0,0) size 0x21
        RenderImage {IMG} at (0,21) size 15x50
        RenderImage {IMG} at (753,21) size 15x50
      RenderBlock {P} at (0,456) size 768x21
        RenderText {#text} at (0,0) size 649x21
          text run at (0,0) width 649: "This paragraph should appear below the two tall orange rectangles, and not flow between them."
      RenderImage {IMG} at (0,493) size 15x50
      RenderImage {IMG} at (753,493) size 15x50
      RenderBlock {P} at (0,493) size 768x21
        RenderText {#text} at (18,0) size 423x21
          text run at (18,0) width 423: "This paragraph should be between both tall orange rectangles."
      RenderBlock (anonymous) at (0,530) size 768x21
        RenderBR {BR} at (18,0) size 0x21
      RenderTable {TABLE} at (0,551) size 736x458 [border: (1px outset #808080)]
        RenderTableSection {TBODY} at (1,1) size 734x456
          RenderTableRow {TR} at (0,0) size 734x29
            RenderTableCell {TD} at (0,0) size 734x29 [bgcolor=#C0C0C0] [border: (1px inset #808080)] [r=0 c=0 rs=1 cs=2]
              RenderInline {STRONG} at (0,0) size 163x21
                RenderText {#text} at (4,4) size 163x21
                  text run at (4,4) width 163: "TABLE Testing Section"
          RenderTableRow {TR} at (0,29) size 734x427
            RenderTableCell {TD} at (0,228) size 12x29 [bgcolor=#C0C0C0] [border: (1px inset #808080)] [r=1 c=0 rs=1 cs=1]
              RenderText {#text} at (4,4) size 4x21
                text run at (4,4) width 4: " "
            RenderTableCell {TD} at (12,29) size 722x427 [border: (1px inset #808080)] [r=1 c=1 rs=1 cs=1]
              RenderImage {IMG} at (4,4) size 15x50
              RenderBlock {P} at (4,4) size 714x21
                RenderText {#text} at (18,0) size 633x21
                  text run at (18,0) width 633: "This text should be flowing past a tall orange rectangle on the left side of the browser window."
              RenderBlock (anonymous) at (4,41) size 714x21
                RenderBR {BR} at (18,0) size 0x21
                RenderImage {IMG} at (0,21) size 15x50
              RenderBlock {P} at (4,112) size 714x21
                RenderText {#text} at (0,0) size 702x21
                  text run at (0,0) width 702: "This paragraph should appear below the tall orange rectangle above and to the left, and not flow past it."
              RenderBlock (anonymous) at (4,149) size 714x21
                RenderBR {BR} at (0,0) size 0x21
                RenderImage {IMG} at (699,21) size 15x50
              RenderBlock {P} at (4,220) size 714x21
                RenderText {#text} at (0,0) size 714x21
                  text run at (0,0) width 714: "This paragraph should appear below the tall orange rectangle above and to the right, and not flow past it."
              RenderBlock (anonymous) at (4,257) size 714x21
                RenderBR {BR} at (0,0) size 0x21
                RenderImage {IMG} at (0,21) size 15x50
                RenderImage {IMG} at (699,21) size 15x50
              RenderBlock {P} at (4,328) size 714x21
                RenderText {#text} at (0,0) size 649x21
                  text run at (0,0) width 649: "This paragraph should appear below the two tall orange rectangles, and not flow between them."
              RenderImage {IMG} at (4,365) size 15x50
              RenderImage {IMG} at (703,365) size 15x50
              RenderBlock {P} at (4,365) size 714x21
                RenderText {#text} at (18,0) size 423x21
                  text run at (18,0) width 423: "This paragraph should be between both tall orange rectangles."
              RenderBlock (anonymous) at (4,402) size 714x21
                RenderBR {BR} at (18,0) size 0x21
