layer at (0,0) size 784x3261
  RenderView at (0,0) size 784x600
layer at (0,0) size 784x3261
  RenderBlock {HTML} at (0,0) size 784x3261
    RenderBody {BODY} at (8,8) size 768x3245 [bgcolor=#CCCCCC]
      RenderBlock (floating) {P} at (0,0) size 384x42 [bgcolor=#FFFF00]
        RenderText {#text} at (0,0) size 384x42
          text run at (0,0) width 384: "This paragraph is of class \"one\". It has a width of 50%"
          text run at (0,21) width 161: "and is floated to the left."
      RenderBlock {P} at (0,0) size 768x105
        RenderText {#text} at (384,0) size 768x105
          text run at (384,0) width 384: "This paragraph should start on the right side of a yellow"
          text run at (384,21) width 384: "box which contains the previous paragraph. Since the"
          text run at (0,42) width 768: "text of this element is much longer than the text in the previous element, the text will wrap around the yellow box."
          text run at (0,63) width 768: "There is no padding, border or margins on this and the previous element, so the text of the two elements should"
          text run at (0,84) width 182: "be very close to each other."
      RenderBlock (anonymous) at (0,105) size 768x21
        RenderBR {BR} at (0,0) size 0x21
      RenderBlock {HR} at (0,134) size 768x2 [border: (1px inset #000000)]
      RenderBlock (floating) {P} at (0,144) size 768x84 [bgcolor=#FFFF00]
        RenderText {#text} at (0,0) size 768x84
          text run at (0,0) width 768: "This paragraph is of class \"two\". Since the width has been set to 100%, it should automatically be as wide as its"
          text run at (0,21) width 768: "parent element allows it to be. Therefore, even though the element is floated, there is no room for other content on"
          text run at (0,42) width 768: "the sides and a orange square image should be seen AFTER the paragraph, not next to it. A yellow background"
          text run at (0,63) width 392: "has been added to this paragraph for diagnostic purposes."
      RenderBlock (anonymous) at (0,144) size 768x105
        RenderImage {IMG} at (0,85) size 15x15
        RenderText {#text} at (15,84) size 4x21
          text run at (15,84) width 4: " "
        RenderBR {BR} at (19,100) size 0x0
      RenderBlock {HR} at (0,257) size 768x2 [border: (1px inset #000000)]
      RenderBlock (floating) {P} at (0,267) size 384x126 [bgcolor=#FFFF00]
        RenderText {#text} at (0,0) size 384x126
          text run at (0,0) width 384: "This paragraph is floated to the left and the orange"
          text run at (0,21) width 384: "square image should appear to the right of the"
          text run at (0,42) width 384: "paragraph. This paragraph has a yellow background"
          text run at (0,63) width 384: "and no padding, margin or border. The right edge of"
          text run at (0,84) width 384: "this yellow box should be horizontally aligned with the"
          text run at (0,105) width 268: "left edge of the yellow box undernearth."
      RenderBlock (anonymous) at (0,267) size 768x126
        RenderImage {IMG} at (384,1) size 15x15
        RenderText {#text} at (399,0) size 4x21
          text run at (399,0) width 4: " "
        RenderBR {BR} at (403,16) size 0x0
      RenderBlock {HR} at (0,401) size 768x2 [border: (1px inset #000000)]
      RenderBlock (floating) {P} at (384,411) size 384x126 [bgcolor=#FFFF00]
        RenderText {#text} at (0,0) size 384x126
          text run at (0,0) width 384: "This paragraph is floated to the right (using a STYLE"
          text run at (0,21) width 384: "attribute) and the orange square image should appear to"
          text run at (0,42) width 384: "the left of the paragraph. This paragraph has a yellow"
          text run at (0,63) width 384: "background and no padding, margin or border. The left"
          text run at (0,84) width 384: "edge of this yellow box should be horizonally aligned"
          text run at (0,105) width 293: "with the right edge of the yellow box above."
      RenderBlock (anonymous) at (0,411) size 768x126
        RenderImage {IMG} at (0,1) size 15x15
        RenderText {#text} at (15,0) size 4x21
          text run at (15,0) width 4: " "
        RenderBR {BR} at (19,16) size 0x0
      RenderBlock {HR} at (0,545) size 768x2 [border: (1px inset #000000)]
      RenderBlock {P} at (0,555) size 768x84
        RenderBlock (floating) {SPAN} at (0,0) size 48x42 [bgcolor=#C0C0C0]
          RenderText {#text} at (0,0) size 21x41
            text run at (0,0) width 21: "T"
        RenderText {#text} at (48,0) size 768x84
          text run at (48,0) width 720: "he first letter (a \"T\") of this paragraph should float left and be twice the font-size of the rest of the"
          text run at (48,21) width 624: "paragraph, as well as bold, with a content width of 1.5em and a background-color of silver. "
          text run at (672,21) width 95: "The top of the"
          text run at (0,42) width 768: "big letter \"T\" should be vertically aligned with the top of the first line of this paragraph. This is commonly known"
          text run at (0,63) width 102: "as \"drop-cap\"."
      RenderBlock (anonymous) at (0,639) size 768x21
        RenderBR {BR} at (0,0) size 0x21
      RenderBlock {HR} at (0,668) size 768x2 [border: (1px inset #000000)]
      RenderBlock (floating) {P} at (422,688) size 336x247 [bgcolor=#FFFF00] [border: (3px solid #FF0000)]
        RenderText {#text} at (8,8) size 320x231
          text run at (8,8) width 320: "This paragraph should be floated to the right,"
          text run at (8,29) width 320: "sort of like a 'sidebar' in a magazine article. Its"
          text run at (8,50) width 320: "width is 20em so the box should not be"
          text run at (8,71) width 320: "reformatted when the size of the viewport is"
          text run at (8,92) width 320: "changed (e.g. when the window is resized). The"
          text run at (8,113) width 320: "background color of the element is yellow, and"
          text run at (8,134) width 320: "there should be a 3px solid red border outside"
          text run at (8,155) width 320: "a 5px wide padding. Also, the element has a"
          text run at (8,176) width 320: "10px wide margin around it where the blue"
          text run at (8,197) width 320: "background of the paragraph in the normal"
          text run at (8,218) width 180: "flow should shine through."
      RenderBlock {P} at (0,678) size 768x252 [bgcolor=#66CCFF]
        RenderText {#text} at (0,0) size 412x252
          text run at (0,0) width 412: "This paragraph is not floating. If there is enough room, the"
          text run at (0,21) width 412: "textual content of the paragraph should appear on the left"
          text run at (0,42) width 283: "side of the yellow \"sidebar\" on the right. "
          text run at (283,42) width 128: "The content of this"
          text run at (0,63) width 347: "element should flow around the floated element. "
          text run at (347,63) width 65: "However,"
          text run at (0,84) width 412: "the floated element may or may not be obscured by the blue"
          text run at (0,105) width 412: "background of this element, as the specification does not say"
          text run at (0,126) width 198: "which is drawn \"on top.\" "
          text run at (198,126) width 214: "Even if the floated element is"
          text run at (0,147) width 412: "obscured, it still forces the content of this element to flow"
          text run at (0,168) width 77: "around it. "
          text run at (77,168) width 335: "If the floated element is not obscured, then the"
          text run at (0,189) width 412: "blue rectangle of this paragraph should extend 10px above"
          text run at (0,210) width 412: "and to the right of the sidebar's red border, due to the"
          text run at (0,231) width 270: "margin styles set for the floated element."
      RenderBlock (anonymous) at (0,930) size 768x21
        RenderBR {BR} at (0,0) size 0x21
      RenderBlock {HR} at (0,959) size 768x2 [border: (1px inset #000000)]
      RenderBlock {DIV} at (0,969) size 768x29 [bgcolor=#66CCFF] [border: (4px solid #FF0000)]
        RenderBlock (floating) {DIV} at (424,14) size 330x304 [bgcolor=#FFFF00]
          RenderBlock {P} at (5,5) size 320x294
            RenderText {#text} at (0,0) size 320x294
              text run at (0,0) width 320: "This paragraph is placed inside a DIV element"
              text run at (0,21) width 320: "which is floated to the right. The width of the"
              text run at (0,42) width 320: "DIV element is 20em. The background is"
              text run at (0,63) width 320: "yellow and there is a 5px padding, a 10px"
              text run at (0,84) width 320: "margin and no border. Since it is floated, the"
              text run at (0,105) width 320: "yellow box should be rendered on top of the"
              text run at (0,126) width 320: "background and borders of adjacent non-"
              text run at (0,147) width 320: "floated elements. To the left of this yellow box"
              text run at (0,168) width 320: "there should be a short paragraph with a blue"
              text run at (0,189) width 320: "background and a red border. The yellow box"
              text run at (0,210) width 320: "should be rendered on top of the bottom red"
              text run at (0,231) width 320: "border. I.e., the bottom red border will appear"
              text run at (0,252) width 320: "broken where it's overlaid by the yellow"
              text run at (0,273) width 66: "rectangle."
        RenderBlock {P} at (4,4) size 760x21
          RenderText {#text} at (0,0) size 286x21
            text run at (0,0) width 286: "See description in the box on the right side"
      RenderBlock (anonymous) at (0,998) size 768x299
        RenderBR {BR} at (0,0) size 0x21
      RenderBlock {HR} at (0,1305) size 768x2 [border: (1px inset #000000)]
      RenderBlock (floating) {DIV} at (0,1315) size 192x84 [bgcolor=#66CCFF]
        RenderBlock {P} at (0,0) size 192x84
          RenderText {#text} at (0,0) size 192x84
            text run at (0,0) width 192: "This paragraph is inside a"
            text run at (0,21) width 192: "DIV which is floated left. Its"
            text run at (0,42) width 192: "background is blue and the"
            text run at (0,63) width 93: "width is 25%."
      RenderBlock (floating) {DIV} at (576,1315) size 192x84 [bgcolor=#FFFF00]
        RenderBlock {P} at (0,0) size 192x84
          RenderText {#text} at (0,0) size 192x84
            text run at (0,0) width 192: "This paragraph is inside a"
            text run at (0,21) width 192: "DIV which is floated right."
            text run at (0,42) width 30: "Its "
            text run at (30,42) width 162: "background is yellow"
            text run at (0,63) width 148: "and the width is 25%."
      RenderBlock {P} at (0,1315) size 768x42
        RenderText {#text} at (192,0) size 384x42
          text run at (192,0) width 384: "This paragraph should appear between a blue box (on"
          text run at (192,21) width 55: "the left) "
          text run at (247,21) width 211: "and a yellow box (on the right)."
      RenderBlock (anonymous) at (0,1357) size 768x42
        RenderBR {BR} at (192,0) size 0x21
      RenderBlock {HR} at (0,1407) size 768x2 [border: (1px inset #000000)]
      RenderBlock (floating) {DIV} at (0,1417) size 576x147 [bgcolor=#66CCFF]
        RenderBlock (floating) {DIV} at (422,0) size 144x42 [bgcolor=#FFFF00]
          RenderBlock {P} at (0,0) size 144x42
            RenderText {#text} at (0,0) size 144x42
              text run at (0,0) width 144: "See description in the"
              text run at (0,21) width 130: "box on the left side."
        RenderBlock {P} at (0,0) size 576x147
          RenderText {#text} at (0,0) size 576x147
            text run at (0,0) width 422: "This paragraph is inside a DIV which is floated left. The"
            text run at (0,21) width 422: "background of the DIV element is blue and its width is 75%."
            text run at (0,42) width 35: "This "
            text run at (35,42) width 401: "text should all be inside the blue rectangle. The blue DIV "
            text run at (436,42) width 138: "element has another"
            text run at (0,63) width 271: "DIV element as a child. It has a yellow "
            text run at (271,63) width 305: "background color and is floated to the right."
            text run at (0,84) width 89: "Since it is a "
            text run at (89,84) width 457: "child of the blue DIV, the yellow DIV should appear inside the "
            text run at (546,84) width 29: "blue"
            text run at (0,105) width 404: "rectangle. Due to it being floated to the right and having "
            text run at (404,105) width 172: "a 10px right margin, the"
            text run at (0,126) width 276: "yellow rectange should have a 10px blue "
            text run at (276,126) width 149: "stripe on its right side."
      RenderBlock (anonymous) at (0,1417) size 768x147
        RenderBR {BR} at (576,0) size 0x21
      RenderBlock {HR} at (0,1572) size 768x2 [border: (1px inset #000000)]
      RenderTable {TABLE} at (0,1582) size 768x1663 [border: (1px outset #808080)]
        RenderTableSection {TBODY} at (1,1) size 766x1661
          RenderTableRow {TR} at (0,0) size 766x29
            RenderTableCell {TD} at (0,0) size 766x29 [bgcolor=#C0C0C0] [border: (1px inset #808080)] [r=0 c=0 rs=1 cs=2]
              RenderInline {STRONG} at (0,0) size 163x21
                RenderText {#text} at (4,4) size 163x21
                  text run at (4,4) width 163: "TABLE Testing Section"
          RenderTableRow {TR} at (0,29) size 766x1632
            RenderTableCell {TD} at (0,830) size 12x29 [bgcolor=#C0C0C0] [border: (1px inset #808080)] [r=1 c=0 rs=1 cs=1]
              RenderText {#text} at (4,4) size 4x21
                text run at (4,4) width 4: " "
            RenderTableCell {TD} at (12,29) size 754x1632 [border: (1px inset #808080)] [r=1 c=1 rs=1 cs=1]
              RenderBlock (floating) {P} at (4,4) size 373x42 [bgcolor=#FFFF00]
                RenderText {#text} at (0,0) size 373x42
                  text run at (0,0) width 373: "This paragraph is of class \"one\". It has a width of 50%"
                  text run at (0,21) width 161: "and is floated to the left."
              RenderBlock {P} at (4,4) size 746x105
                RenderText {#text} at (373,0) size 746x105
                  text run at (373,0) width 373: "This paragraph should start on the right side of a"
                  text run at (373,21) width 373: "yellow box which contains the previous paragraph."
                  text run at (0,42) width 746: "Since the text of this element is much longer than the text in the previous element, the text will wrap around"
                  text run at (0,63) width 746: "the yellow box. There is no padding, border or margins on this and the previous element, so the text of the two"
                  text run at (0,84) width 293: "elements should be very close to each other."
              RenderBlock (anonymous) at (4,109) size 746x21
                RenderBR {BR} at (0,0) size 0x21
              RenderBlock {HR} at (4,138) size 746x2 [border: (1px inset #000000)]
              RenderBlock (floating) {P} at (4,148) size 746x84 [bgcolor=#FFFF00]
                RenderText {#text} at (0,0) size 746x84
                  text run at (0,0) width 746: "This paragraph is of class \"two\". Since the width has been set to 100%, it should automatically be as wide as"
                  text run at (0,21) width 746: "its parent element allows it to be. Therefore, even though the element is floated, there is no room for other"
                  text run at (0,42) width 746: "content on the sides and a orange square image should be seen AFTER the paragraph, not next to it. A yellow"
                  text run at (0,63) width 479: "background has been added to this paragraph for diagnostic purposes."
              RenderBlock (anonymous) at (4,148) size 746x105
                RenderImage {IMG} at (0,85) size 15x15
                RenderText {#text} at (15,84) size 4x21
                  text run at (15,84) width 4: " "
                RenderBR {BR} at (19,100) size 0x0
              RenderBlock {HR} at (4,261) size 746x2 [border: (1px inset #000000)]
              RenderBlock (floating) {P} at (4,271) size 373x126 [bgcolor=#FFFF00]
                RenderText {#text} at (0,0) size 373x126
                  text run at (0,0) width 373: "This paragraph is floated to the left and the orange"
                  text run at (0,21) width 373: "square image should appear to the right of the"
                  text run at (0,42) width 373: "paragraph. This paragraph has a yellow background"
                  text run at (0,63) width 373: "and no padding, margin or border. The right edge of"
                  text run at (0,84) width 373: "this yellow box should be horizontally aligned with the"
                  text run at (0,105) width 268: "left edge of the yellow box undernearth."
              RenderBlock (anonymous) at (4,271) size 746x126
                RenderImage {IMG} at (373,1) size 15x15
                RenderText {#text} at (388,0) size 4x21
                  text run at (388,0) width 4: " "
                RenderBR {BR} at (392,16) size 0x0
              RenderBlock {HR} at (4,405) size 746x2 [border: (1px inset #000000)]
              RenderBlock (floating) {P} at (377,415) size 373x126 [bgcolor=#FFFF00]
                RenderText {#text} at (0,0) size 373x126
                  text run at (0,0) width 373: "This paragraph is floated to the right (using a STYLE"
                  text run at (0,21) width 373: "attribute) and the orange square image should appear"
                  text run at (0,42) width 373: "to the left of the paragraph. This paragraph has a"
                  text run at (0,63) width 373: "yellow background and no padding, margin or border."
                  text run at (0,84) width 373: "The left edge of this yellow box should be horizonally"
                  text run at (0,105) width 346: "aligned with the right edge of the yellow box above."
              RenderBlock (anonymous) at (4,415) size 746x126
                RenderImage {IMG} at (0,1) size 15x15
                RenderText {#text} at (15,0) size 4x21
                  text run at (15,0) width 4: " "
                RenderBR {BR} at (19,16) size 0x0
              RenderBlock {HR} at (4,549) size 746x2 [border: (1px inset #000000)]
              RenderBlock {P} at (4,559) size 746x84
                RenderBlock (floating) {SPAN} at (0,0) size 48x42 [bgcolor=#C0C0C0]
                  RenderText {#text} at (0,0) size 21x41
                    text run at (0,0) width 21: "T"
                RenderText {#text} at (48,0) size 746x84
                  text run at (48,0) width 698: "he first letter (a \"T\") of this paragraph should float left and be twice the font-size of the rest of the"
                  text run at (48,21) width 627: "paragraph, as well as bold, with a content width of 1.5em and a background-color of silver. "
                  text run at (675,21) width 71: "The top of"
                  text run at (0,42) width 746: "the big letter \"T\" should be vertically aligned with the top of the first line of this paragraph. This is commonly"
                  text run at (0,63) width 153: "known as \"drop-cap\"."
              RenderBlock (anonymous) at (4,643) size 746x21
                RenderBR {BR} at (0,0) size 0x21
              RenderBlock {HR} at (4,672) size 746x2 [border: (1px inset #000000)]
              RenderBlock (floating) {P} at (404,692) size 336x247 [bgcolor=#FFFF00] [border: (3px solid #FF0000)]
                RenderText {#text} at (8,8) size 320x231
                  text run at (8,8) width 320: "This paragraph should be floated to the right,"
                  text run at (8,29) width 320: "sort of like a 'sidebar' in a magazine article. Its"
                  text run at (8,50) width 320: "width is 20em so the box should not be"
                  text run at (8,71) width 320: "reformatted when the size of the viewport is"
                  text run at (8,92) width 320: "changed (e.g. when the window is resized). The"
                  text run at (8,113) width 320: "background color of the element is yellow, and"
                  text run at (8,134) width 320: "there should be a 3px solid red border outside"
                  text run at (8,155) width 320: "a 5px wide padding. Also, the element has a"
                  text run at (8,176) width 320: "10px wide margin around it where the blue"
                  text run at (8,197) width 320: "background of the paragraph in the normal"
                  text run at (8,218) width 180: "flow should shine through."
              RenderBlock {P} at (4,682) size 746x273 [bgcolor=#66CCFF]
                RenderText {#text} at (0,0) size 390x273
                  text run at (0,0) width 390: "This paragraph is not floating. If there is enough room,"
                  text run at (0,21) width 390: "the textual content of the paragraph should appear on"
                  text run at (0,42) width 363: "the left side of the yellow \"sidebar\" on the right. "
                  text run at (363,42) width 27: "The"
                  text run at (0,63) width 390: "content of this element should flow around the floated"
                  text run at (0,84) width 60: "element. "
                  text run at (60,84) width 329: "However, the floated element may or may not be"
                  text run at (0,105) width 390: "obscured by the blue background of this element, as the"
                  text run at (0,126) width 355: "specification does not say which is drawn \"on top.\" "
                  text run at (355,126) width 35: "Even"
                  text run at (0,147) width 390: "if the floated element is obscured, it still forces the content"
                  text run at (0,168) width 229: "of this element to flow around it. "
                  text run at (229,168) width 160: "If the floated element is"
                  text run at (0,189) width 390: "not obscured, then the blue rectangle of this paragraph"
                  text run at (0,210) width 390: "should extend 10px above and to the right of the sidebar's"
                  text run at (0,231) width 390: "red border, due to the margin styles set for the floated"
                  text run at (0,252) width 56: "element."
              RenderBlock (anonymous) at (4,955) size 746x21
                RenderBR {BR} at (0,0) size 0x21
              RenderBlock {HR} at (4,984) size 746x2 [border: (1px inset #000000)]
              RenderBlock {DIV} at (4,994) size 746x29 [bgcolor=#66CCFF] [border: (4px solid #FF0000)]
                RenderBlock (floating) {DIV} at (402,14) size 330x304 [bgcolor=#FFFF00]
                  RenderBlock {P} at (5,5) size 320x294
                    RenderText {#text} at (0,0) size 320x294
                      text run at (0,0) width 320: "This paragraph is placed inside a DIV element"
                      text run at (0,21) width 320: "which is floated to the right. The width of the"
                      text run at (0,42) width 320: "DIV element is 20em. The background is"
                      text run at (0,63) width 320: "yellow and there is a 5px padding, a 10px"
                      text run at (0,84) width 320: "margin and no border. Since it is floated, the"
                      text run at (0,105) width 320: "yellow box should be rendered on top of the"
                      text run at (0,126) width 320: "background and borders of adjacent non-"
                      text run at (0,147) width 320: "floated elements. To the left of this yellow box"
                      text run at (0,168) width 320: "there should be a short paragraph with a blue"
                      text run at (0,189) width 320: "background and a red border. The yellow box"
                      text run at (0,210) width 320: "should be rendered on top of the bottom red"
                      text run at (0,231) width 320: "border. I.e., the bottom red border will appear"
                      text run at (0,252) width 320: "broken where it's overlaid by the yellow"
                      text run at (0,273) width 66: "rectangle."
                RenderBlock {P} at (4,4) size 738x21
                  RenderText {#text} at (0,0) size 286x21
                    text run at (0,0) width 286: "See description in the box on the right side"
              RenderBlock (anonymous) at (4,1023) size 746x299
                RenderBR {BR} at (0,0) size 0x21
              RenderBlock {HR} at (4,1330) size 746x2 [border: (1px inset #000000)]
              RenderBlock (floating) {DIV} at (4,1340) size 186x84 [bgcolor=#66CCFF]
                RenderBlock {P} at (0,0) size 186x84
                  RenderText {#text} at (0,0) size 186x84
                    text run at (0,0) width 186: "This paragraph is inside a"
                    text run at (0,21) width 186: "DIV which is floated left."
                    text run at (0,42) width 22: "Its "
                    text run at (22,42) width 163: "background is blue and"
                    text run at (0,63) width 118: "the width is 25%."
              RenderBlock (floating) {DIV} at (564,1340) size 186x84 [bgcolor=#FFFF00]
                RenderBlock {P} at (0,0) size 186x84
                  RenderText {#text} at (0,0) size 186x84
                    text run at (0,0) width 186: "This paragraph is inside a"
                    text run at (0,21) width 186: "DIV which is floated right."
                    text run at (0,42) width 28: "Its "
                    text run at (28,42) width 158: "background is yellow"
                    text run at (0,63) width 148: "and the width is 25%."
              RenderBlock {P} at (4,1340) size 746x42
                RenderText {#text} at (186,0) size 374x42
                  text run at (186,0) width 374: "This paragraph should appear between a blue box (on"
                  text run at (186,21) width 55: "the left) "
                  text run at (241,21) width 211: "and a yellow box (on the right)."
              RenderBlock (anonymous) at (4,1382) size 746x42
                RenderBR {BR} at (186,0) size 0x21
              RenderBlock {HR} at (4,1432) size 746x2 [border: (1px inset #000000)]
              RenderBlock (floating) {DIV} at (4,1442) size 559x168 [bgcolor=#66CCFF]
                RenderBlock (floating) {DIV} at (410,0) size 139x63 [bgcolor=#FFFF00]
                  RenderBlock {P} at (0,0) size 139x63
                    RenderText {#text} at (0,0) size 139x63
                      text run at (0,0) width 139: "See description in"
                      text run at (0,21) width 139: "the box on the left"
                      text run at (0,42) width 30: "side."
                RenderBlock {P} at (0,0) size 559x168
                  RenderText {#text} at (0,0) size 558x168
                    text run at (0,0) width 410: "This paragraph is inside a DIV which is floated left. The"
                    text run at (0,21) width 410: "background of the DIV element is blue and its width is 75%."
                    text run at (0,42) width 36: "This "
                    text run at (36,42) width 373: "text should all be inside the blue rectangle. The blue"
                    text run at (0,63) width 34: "DIV "
                    text run at (34,63) width 403: "element has another DIV element as a child. It has a yellow "
                    text run at (437,63) width 121: "background color"
                    text run at (0,84) width 257: "and is floated to the right. Since it is a "
                    text run at (257,84) width 301: "child of the blue DIV, the yellow DIV should"
                    text run at (0,105) width 123: "appear inside the "
                    text run at (123,105) width 427: "blue rectangle. Due to it being floated to the right and having "
                    text run at (550,105) width 8: "a"
                    text run at (0,126) width 441: "10px right margin, the yellow rectange should have a 10px blue "
                    text run at (441,126) width 117: "stripe on its right"
                    text run at (0,147) width 30: "side."
              RenderBlock (anonymous) at (4,1442) size 746x168
                RenderBR {BR} at (559,0) size 0x21
              RenderBlock {HR} at (4,1618) size 746x2 [border: (1px inset #000000)]
