layer at (0,0) size 800x600
  RenderView at (0,0) size 800x600
layer at (0,0) size 800x600
  RenderBlock {HTML} at (0,0) size 800x600
    RenderBody {BODY} at (8,8) size 784x584 [bgcolor=#CCCCCC]
      RenderBlock {P} at (0,0) size 784x19
        RenderText {#text} at (0,0) size 354x19
          text run at (0,0) width 354: "The style declarations which apply to the text below are:"
      RenderBlock {PRE} at (0,33) size 784x57
        RenderText {#text} at (0,0) size 107x57
          text run at (0,0) width 100: ".one {float: left;}"
          text run at (100,0) width 0: " "
          text run at (0,19) width 107: ".two {float: right;}"
          text run at (107,19) width 0: " "
          text run at (0,38) width 0: " "
      RenderBlock {HR} at (0,104) size 784x2 [border: (1px inset #000000)]
      RenderImage {IMG} at (0,113) size 15x50
      RenderBlock {P} at (0,120) size 784x38
        RenderText {#text} at (15,0) size 764x38
          text run at (15,0) width 596: "This text should be flowing past a tall orange rectangle on the left side of the browser window. "
          text run at (611,0) width 168: "In this case, it is the image"
          text run at (15,19) width 213: "which has been floated to the left."
      RenderBlock (anonymous) at (0,172) size 784x19
        RenderBR {BR} at (0,0) size 0x19
      RenderBlock {HR} at (0,198) size 784x2 [border: (1px inset #000000)]
      RenderImage {IMG} at (769,207) size 15x50
      RenderBlock {P} at (0,214) size 784x38
        RenderText {#text} at (0,0) size 730x38
          text run at (0,0) width 605: "This text should be flowing past a tall orange rectangle on the right side of the browser window. "
          text run at (605,0) width 125: "In this case, it is the"
          text run at (0,19) width 265: "image which has been floated to the right."
      RenderTable {TABLE} at (0,266) size 784x175 [border: (1px outset #808080)]
        RenderTableSection {TBODY} at (1,1) size 782x173
          RenderTableRow {TR} at (0,0) size 782x28
            RenderTableCell {TD} at (0,0) size 782x28 [bgcolor=#C0C0C0] [border: (1px inset #808080)] [r=0 c=0 rs=1 cs=2]
              RenderInline {STRONG} at (0,0) size 159x20
                RenderText {#text} at (4,4) size 159x20
                  text run at (4,4) width 159: "TABLE Testing Section"
          RenderTableRow {TR} at (0,28) size 782x145
            RenderTableCell {TD} at (0,87) size 12x27 [bgcolor=#C0C0C0] [border: (1px inset #808080)] [r=1 c=0 rs=1 cs=1]
              RenderText {#text} at (4,4) size 4x19
                text run at (4,4) width 4: " "
            RenderTableCell {TD} at (12,28) size 770x145 [border: (1px inset #808080)] [r=1 c=1 rs=1 cs=1]
              RenderImage {IMG} at (4,4) size 15x50
              RenderBlock {P} at (4,4) size 762x38
                RenderText {#text} at (15,0) size 721x38
                  text run at (15,0) width 596: "This text should be flowing past a tall orange rectangle on the left side of the browser window. "
                  text run at (611,0) width 125: "In this case, it is the"
                  text run at (15,19) width 256: "image which has been floated to the left."
              RenderBlock (anonymous) at (4,56) size 762x19
                RenderBR {BR} at (0,0) size 0x19
              RenderBlock {HR} at (4,82) size 762x2 [border: (1px inset #000000)]
              RenderImage {IMG} at (751,91) size 15x50
              RenderBlock {P} at (4,98) size 762x38
                RenderText {#text} at (0,0) size 730x38
                  text run at (0,0) width 605: "This text should be flowing past a tall orange rectangle on the right side of the browser window. "
                  text run at (605,0) width 125: "In this case, it is the"
                  text run at (0,19) width 265: "image which has been floated to the right."
