layer at (0,0) size 784x740
  RenderView at (0,0) size 784x600
layer at (0,0) size 784x740
  RenderBlock {HTML} at (0,0) size 784x740
    RenderBody {BODY} at (8,8) size 768x712 [bgcolor=#CCCCCC]
      RenderBlock {P} at (0,0) size 768x21
        RenderText {#text} at (0,0) size 380x21
          text run at (0,0) width 380: "The style declarations which apply to the text below are:"
      RenderBlock {PRE} at (0,34) size 768x208
        RenderText {#text} at (0,1) size 512x206
          text run at (0,1) width 392: "P { margin: 0; padding: 0; text-align:  justify;}"
          text run at (392,1) width 0: " "
          text run at (0,17) width 0: " "
          text run at (0,33) width 336: "DIV.yellow, DIV.blue, DIV.red, DIV.green {"
          text run at (336,33) width 0: " "
          text run at (0,49) width 336: " width: 60px; padding: 20px; margin: 10px;"
          text run at (336,49) width 0: " "
          text run at (0,65) width 472: " border: 20px solid black; float: left; text-align: center;"
          text run at (472,65) width 0: " "
          text run at (0,81) width 360: " font-family: \"Times New Roman\",Times,serif;}"
          text run at (360,81) width 0: " "
          text run at (0,97) width 512: "DIV.yellow {margin-left: 0px; background: yellow; color: black;}"
          text run at (512,97) width 0: " "
          text run at (0,113) width 336: "DIV.blue {background: blue; color: white;}"
          text run at (336,113) width 0: " "
          text run at (0,129) width 320: "DIV.red {background: red; color: black;}"
          text run at (320,129) width 0: " "
          text run at (0,145) width 352: "DIV.green {background: green; color: white;}"
          text run at (352,145) width 0: " "
          text run at (0,161) width 192: "DIV.below {clear: both;}"
          text run at (192,161) width 0: " "
          text run at (0,177) width 200: "TABLE {margin: 20px 0px;}"
          text run at (200,177) width 0: " "
          text run at (0,193) width 0: " "
      RenderBlock {HR} at (0,255) size 768x2 [border: (1px inset #000000)]
      RenderBlock {P} at (0,265) size 768x42
        RenderText {#text} at (0,0) size 768x42
          text run at (0,0) width 768: "The four floating DIV elements below should appear next to each other horizontally. The table at the bottom of"
          text run at (0,21) width 494: "this page indicates how the DIV elements should be laid out horizontally. "
          text run at (494,21) width 234: "They should align with each other."
      RenderBlock (floating) {DIV} at (0,317) size 140x100 [bgcolor=#FFFF00] [border: (20px solid #000000)]
        RenderBlock {P} at (40,40) size 60x20
          RenderText {#text} at (0,0) size 49x20
            text run at (0,0) width 49: "Yellow"
      RenderBlock (floating) {DIV} at (160,317) size 140x100 [color=#FFFFFF] [bgcolor=#0000FF] [border: (20px solid #000000)]
        RenderBlock {P} at (40,40) size 60x20
          RenderText {#text} at (0,0) size 33x20
            text run at (0,0) width 33: "Blue"
      RenderBlock (floating) {DIV} at (320,317) size 140x100 [bgcolor=#FF0000] [border: (20px solid #000000)]
        RenderBlock {P} at (40,40) size 60x20
          RenderText {#text} at (0,0) size 30x20
            text run at (0,0) width 30: "Red"
      RenderBlock (floating) {DIV} at (480,317) size 140x100 [color=#FFFFFF] [bgcolor=#008000] [border: (20px solid #000000)]
        RenderBlock {P} at (40,40) size 60x20
          RenderText {#text} at (0,0) size 44x20
            text run at (0,0) width 44: "Green"
      RenderBlock {DIV} at (0,427) size 768x22
        RenderTable {TABLE} at (0,0) size 620x22
          RenderTableSection {TBODY} at (0,0) size 620x22
            RenderTableRow {TR} at (0,0) size 620x22
              RenderTableCell {TD} at (0,10) size 20x1 [bgcolor=#000000] [r=0 c=0 rs=1 cs=1]
                RenderImage {IMG} at (0,0) size 20x1
              RenderTableCell {TD} at (20,10) size 100x1 [bgcolor=#FFFF00] [r=0 c=1 rs=1 cs=1]
                RenderImage {IMG} at (0,0) size 100x1
              RenderTableCell {TD} at (120,11) size 20x0 [bgcolor=#000000] [r=0 c=2 rs=1 cs=1]
              RenderTableCell {TD} at (140,10) size 20x1 [bgcolor=#FFFFFF] [r=0 c=3 rs=1 cs=1]
                RenderImage {IMG} at (0,0) size 20x1
              RenderTableCell {TD} at (160,10) size 20x1 [bgcolor=#000000] [r=0 c=4 rs=1 cs=1]
                RenderImage {IMG} at (0,0) size 20x1
              RenderTableCell {TD} at (180,10) size 100x1 [bgcolor=#0000FF] [r=0 c=5 rs=1 cs=1]
                RenderImage {IMG} at (0,0) size 100x1
              RenderTableCell {TD} at (280,10) size 20x1 [bgcolor=#000000] [r=0 c=6 rs=1 cs=1]
                RenderImage {IMG} at (0,0) size 20x1
              RenderTableCell {TD} at (300,10) size 20x1 [bgcolor=#FFFFFF] [r=0 c=7 rs=1 cs=1]
                RenderImage {IMG} at (0,0) size 20x1
              RenderTableCell {TD} at (320,10) size 20x1 [bgcolor=#000000] [r=0 c=8 rs=1 cs=1]
                RenderImage {IMG} at (0,0) size 20x1
              RenderTableCell {TD} at (340,10) size 100x1 [bgcolor=#FF0000] [r=0 c=9 rs=1 cs=1]
                RenderImage {IMG} at (0,0) size 100x1
              RenderTableCell {TD} at (440,0) size 20x22 [bgcolor=#000000] [r=0 c=10 rs=1 cs=1]
                RenderImage {IMG} at (0,0) size 20x1
                RenderText {#text} at (0,1) size 5x21
                  text run at (0,1) width 5: ";"
              RenderTableCell {TD} at (460,10) size 20x1 [bgcolor=#FFFFFF] [r=0 c=11 rs=1 cs=1]
                RenderImage {IMG} at (0,0) size 20x1
              RenderTableCell {TD} at (480,10) size 20x1 [bgcolor=#000000] [r=0 c=12 rs=1 cs=1]
                RenderImage {IMG} at (0,0) size 20x1
              RenderTableCell {TD} at (500,10) size 100x1 [bgcolor=#008000] [r=0 c=13 rs=1 cs=1]
                RenderImage {IMG} at (0,0) size 100x1
              RenderTableCell {TD} at (600,10) size 20x1 [bgcolor=#000000] [r=0 c=14 rs=1 cs=1]
                RenderImage {IMG} at (0,0) size 20x1
      RenderTable {TABLE} at (0,469) size 768x243 [border: (1px outset #808080)]
        RenderTableSection {TBODY} at (1,1) size 766x241
          RenderTableRow {TR} at (0,0) size 766x29
            RenderTableCell {TD} at (0,0) size 766x29 [bgcolor=#C0C0C0] [border: (1px inset #808080)] [r=0 c=0 rs=1 cs=2]
              RenderInline {STRONG} at (0,0) size 163x21
                RenderText {#text} at (4,4) size 163x21
                  text run at (4,4) width 163: "TABLE Testing Section"
          RenderTableRow {TR} at (0,29) size 766x212
            RenderTableCell {TD} at (0,120) size 12x29 [bgcolor=#C0C0C0] [border: (1px inset #808080)] [r=1 c=0 rs=1 cs=1]
              RenderText {#text} at (4,4) size 4x21
                text run at (4,4) width 4: " "
            RenderTableCell {TD} at (12,29) size 754x212 [border: (1px inset #808080)] [r=1 c=1 rs=1 cs=1]
              RenderBlock {P} at (4,4) size 746x42
                RenderText {#text} at (0,0) size 746x42
                  text run at (0,0) width 746: "The four floating DIV elements below should appear next to each other horizontally. The table at the bottom"
                  text run at (0,21) width 511: "of this page indicates how the DIV elements should be laid out horizontally. "
                  text run at (511,21) width 235: "They should align with each other."
              RenderBlock (floating) {DIV} at (4,56) size 140x100 [bgcolor=#FFFF00] [border: (20px solid #000000)]
                RenderBlock {P} at (40,40) size 60x20
                  RenderText {#text} at (0,0) size 49x20
                    text run at (0,0) width 49: "Yellow"
              RenderBlock (floating) {DIV} at (164,56) size 140x100 [color=#FFFFFF] [bgcolor=#0000FF] [border: (20px solid #000000)]
                RenderBlock {P} at (40,40) size 60x20
                  RenderText {#text} at (0,0) size 33x20
                    text run at (0,0) width 33: "Blue"
              RenderBlock (floating) {DIV} at (324,56) size 140x100 [bgcolor=#FF0000] [border: (20px solid #000000)]
                RenderBlock {P} at (40,40) size 60x20
                  RenderText {#text} at (0,0) size 30x20
                    text run at (0,0) width 30: "Red"
              RenderBlock (floating) {DIV} at (484,56) size 140x100 [color=#FFFFFF] [bgcolor=#008000] [border: (20px solid #000000)]
                RenderBlock {P} at (40,40) size 60x20
                  RenderText {#text} at (0,0) size 44x20
                    text run at (0,0) width 44: "Green"
              RenderBlock {DIV} at (4,166) size 746x22
                RenderTable {TABLE} at (0,0) size 620x22
                  RenderTableSection {TBODY} at (0,0) size 620x22
                    RenderTableRow {TR} at (0,0) size 620x22
                      RenderTableCell {TD} at (0,10) size 20x1 [bgcolor=#000000] [r=0 c=0 rs=1 cs=1]
                        RenderImage {IMG} at (0,0) size 20x1
                      RenderTableCell {TD} at (20,10) size 100x1 [bgcolor=#FFFF00] [r=0 c=1 rs=1 cs=1]
                        RenderImage {IMG} at (0,0) size 100x1
                      RenderTableCell {TD} at (120,11) size 20x0 [bgcolor=#000000] [r=0 c=2 rs=1 cs=1]
                      RenderTableCell {TD} at (140,10) size 20x1 [bgcolor=#FFFFFF] [r=0 c=3 rs=1 cs=1]
                        RenderImage {IMG} at (0,0) size 20x1
                      RenderTableCell {TD} at (160,10) size 20x1 [bgcolor=#000000] [r=0 c=4 rs=1 cs=1]
                        RenderImage {IMG} at (0,0) size 20x1
                      RenderTableCell {TD} at (180,10) size 100x1 [bgcolor=#0000FF] [r=0 c=5 rs=1 cs=1]
                        RenderImage {IMG} at (0,0) size 100x1
                      RenderTableCell {TD} at (280,10) size 20x1 [bgcolor=#000000] [r=0 c=6 rs=1 cs=1]
                        RenderImage {IMG} at (0,0) size 20x1
                      RenderTableCell {TD} at (300,10) size 20x1 [bgcolor=#FFFFFF] [r=0 c=7 rs=1 cs=1]
                        RenderImage {IMG} at (0,0) size 20x1
                      RenderTableCell {TD} at (320,10) size 20x1 [bgcolor=#000000] [r=0 c=8 rs=1 cs=1]
                        RenderImage {IMG} at (0,0) size 20x1
                      RenderTableCell {TD} at (340,10) size 100x1 [bgcolor=#FF0000] [r=0 c=9 rs=1 cs=1]
                        RenderImage {IMG} at (0,0) size 100x1
                      RenderTableCell {TD} at (440,0) size 20x22 [bgcolor=#000000] [r=0 c=10 rs=1 cs=1]
                        RenderImage {IMG} at (0,0) size 20x1
                        RenderText {#text} at (0,1) size 5x21
                          text run at (0,1) width 5: ";"
                      RenderTableCell {TD} at (460,10) size 20x1 [bgcolor=#FFFFFF] [r=0 c=11 rs=1 cs=1]
                        RenderImage {IMG} at (0,0) size 20x1
                      RenderTableCell {TD} at (480,10) size 20x1 [bgcolor=#000000] [r=0 c=12 rs=1 cs=1]
                        RenderImage {IMG} at (0,0) size 20x1
                      RenderTableCell {TD} at (500,10) size 100x1 [bgcolor=#008000] [r=0 c=13 rs=1 cs=1]
                        RenderImage {IMG} at (0,0) size 100x1
                      RenderTableCell {TD} at (600,10) size 20x1 [bgcolor=#000000] [r=0 c=14 rs=1 cs=1]
                        RenderImage {IMG} at (0,0) size 20x1
