layer at (0,0) size 786x1152
  RenderView at (0,0) size 784x584
layer at (0,0) size 784x1152
  RenderBlock {HTML} at (0,0) size 784x1152
    RenderBody {BODY} at (8,8) size 768x1136 [bgcolor=#CCCCCC]
      RenderBlock {P} at (0,0) size 768x21
        RenderText {#text} at (0,0) size 380x21
          text run at (0,0) width 380: "The style declarations which apply to the text below are:"
      RenderBlock {PRE} at (0,37) size 768x96
        RenderText {#text} at (0,0) size 387x96
          text run at (0,0) width 368: ".zero {background-color: silver; margin-right: 0; text-align: right;}"
          text run at (368,0) width 0: " "
          text run at (0,16) width 382: ".one {margin-right: 0.5in; text-align: right; background-color: aqua;}"
          text run at (382,16) width 0: " "
          text run at (0,32) width 381: ".two {margin-right: 25px; text-align: right; background-color: aqua;}"
          text run at (381,32) width 0: " "
          text run at (0,48) width 387: ".three {margin-right: 5em; text-align: right; background-color: aqua;}"
          text run at (387,48) width 0: " "
          text run at (0,64) width 381: ".four {margin-right: 25%; text-align: right; background-color: aqua;}"
          text run at (381,64) width 0: " "
          text run at (0,80) width 292: ".five {margin-right: -10px; background-color: aqua;}"
          text run at (292,80) width 0: " "
      RenderBlock {HR} at (0,146) size 768x2 [border: (1px inset #000000)]
      RenderBlock {P} at (0,164) size 768x21 [bgcolor=#C0C0C0]
        RenderText {#text} at (554,0) size 214x21
          text run at (554,0) width 214: "This element has a class of zero."
      RenderBlock {P} at (0,201) size 720x21 [bgcolor=#00FFFF]
        RenderText {#text} at (337,0) size 383x21
          text run at (337,0) width 383: "This sentence should have a right margin of half an inch."
      RenderBlock {P} at (0,238) size 743x21 [bgcolor=#00FFFF]
        RenderText {#text} at (382,0) size 361x21
          text run at (382,0) width 361: "This sentence should have a right margin of 25 pixels."
      RenderBlock {P} at (0,275) size 688x21 [bgcolor=#00FFFF]
        RenderText {#text} at (353,0) size 335x21
          text run at (353,0) width 335: "This sentence should have a right margin of 5 em."
      RenderBlock {P} at (0,312) size 576x42 [bgcolor=#00FFFF]
        RenderText {#text} at (7,0) size 569x42
          text run at (7,0) width 569: "This sentence should have a right margin of 25%, which is calculated with respect to"
          text run at (361,21) width 215: "the width of the parent element."
      RenderBlock {UL} at (0,370) size 743x126 [bgcolor=#808080]
        RenderListItem {LI} at (40,0) size 703x42
          RenderListMarker at (-18,0) size 7x21: bullet
          RenderText {#text} at (5,0) size 698x42
            text run at (5,0) width 698: "The right margin on this unordered list has been set to 25 pixels, and the background color has been set"
            text run at (651,21) width 52: "to gray."
        RenderListItem {LI} at (40,42) size 678x63 [bgcolor=#FFFFFF]
          RenderListMarker at (-18,0) size 7x21: bullet
          RenderText {#text} at (29,0) size 660x63
            text run at (29,0) width 649: "Another list item might not be such a bad idea, either, considering that such things do need to be"
            text run at (18,21) width 114: "double-checked. "
            text run at (132,21) width 546: "This list item has its right margin also set to 25 pixels, which should combine with"
            text run at (55,42) width 623: "the list's margin to make 50 pixels of margin, and its background-color has been set to white."
        RenderListItem {LI} at (40,105) size 703x21
          RenderListMarker at (-18,0) size 7x21: bullet
          RenderText {#text} at (513,0) size 190x21
            text run at (513,0) width 190: "This is an unclassed list item"
      RenderBlock {P} at (0,512) size 768x21 [bgcolor=#C0C0C0]
        RenderText {#text} at (554,0) size 214x21
          text run at (554,0) width 214: "This element has a class of zero."
      RenderBlock {P} at (0,549) size 778x63 [bgcolor=#00FFFF]
        RenderText {#text} at (0,0) size 754x63
          text run at (0,0) width 754: "This paragraph has a right margin of -10px, which should cause it to be wider than it might otherwise be, and it"
          text run at (0,21) width 197: "has a light blue background. "
          text run at (197,21) width 414: "In all other respects, however, the element should be normal. "
          text run at (611,21) width 132: "No styles have been"
          text run at (0,42) width 491: "applied to it besides the negative right margin and the background color."
      RenderTable {TABLE} at (0,628) size 768x508 [border: (1px outset #808080)]
        RenderTableSection {TBODY} at (1,1) size 766x506
          RenderTableRow {TR} at (0,0) size 766x29
            RenderTableCell {TD} at (0,0) size 766x29 [bgcolor=#C0C0C0] [border: (1px inset #808080)] [r=0 c=0 rs=1 cs=2]
              RenderInline {STRONG} at (0,0) size 163x21
                RenderText {#text} at (4,4) size 163x21
                  text run at (4,4) width 163: "TABLE Testing Section"
          RenderTableRow {TR} at (0,29) size 766x477
            RenderTableCell {TD} at (0,253) size 12x29 [bgcolor=#C0C0C0] [border: (1px inset #808080)] [r=1 c=0 rs=1 cs=1]
              RenderText {#text} at (4,4) size 4x21
                text run at (4,4) width 4: " "
            RenderTableCell {TD} at (12,29) size 754x477 [border: (1px inset #808080)] [r=1 c=1 rs=1 cs=1]
              RenderBlock {P} at (4,4) size 746x21 [bgcolor=#C0C0C0]
                RenderText {#text} at (532,0) size 214x21
                  text run at (532,0) width 214: "This element has a class of zero."
              RenderBlock {P} at (4,41) size 698x21 [bgcolor=#00FFFF]
                RenderText {#text} at (315,0) size 383x21
                  text run at (315,0) width 383: "This sentence should have a right margin of half an inch."
              RenderBlock {P} at (4,78) size 721x21 [bgcolor=#00FFFF]
                RenderText {#text} at (360,0) size 361x21
                  text run at (360,0) width 361: "This sentence should have a right margin of 25 pixels."
              RenderBlock {P} at (4,115) size 666x21 [bgcolor=#00FFFF]
                RenderText {#text} at (331,0) size 335x21
                  text run at (331,0) width 335: "This sentence should have a right margin of 5 em."
              RenderBlock {P} at (4,152) size 560x42 [bgcolor=#00FFFF]
                RenderText {#text} at (8,0) size 552x42
                  text run at (8,0) width 552: "This sentence should have a right margin of 25%, which is calculated with respect"
                  text run at (328,21) width 232: "to the width of the parent element."
              RenderBlock {UL} at (4,210) size 721x147 [bgcolor=#808080]
                RenderListItem {LI} at (40,0) size 681x42
                  RenderListMarker at (-18,0) size 7x21: bullet
                  RenderText {#text} at (5,0) size 676x42
                    text run at (5,0) width 676: "The right margin on this unordered list has been set to 25 pixels, and the background color has been"
                    text run at (607,21) width 74: "set to gray."
                RenderListItem {LI} at (40,42) size 656x84 [bgcolor=#FFFFFF]
                  RenderListMarker at (-18,0) size 7x21: bullet
                  RenderText {#text} at (7,0) size 649x84
                    text run at (7,0) width 649: "Another list item might not be such a bad idea, either, considering that such things do need to be"
                    text run at (30,21) width 114: "double-checked. "
                    text run at (144,21) width 512: "This list item has its right margin also set to 25 pixels, which should combine"
                    text run at (44,42) width 612: "with the list's margin to make 50 pixels of margin, and its background-color has been set to"
                    text run at (615,63) width 41: "white."
                RenderListItem {LI} at (40,126) size 681x21
                  RenderListMarker at (-18,0) size 7x21: bullet
                  RenderText {#text} at (491,0) size 190x21
                    text run at (491,0) width 190: "This is an unclassed list item"
              RenderBlock {P} at (4,373) size 746x21 [bgcolor=#C0C0C0]
                RenderText {#text} at (532,0) size 214x21
                  text run at (532,0) width 214: "This element has a class of zero."
              RenderBlock {P} at (4,410) size 756x63 [bgcolor=#00FFFF]
                RenderText {#text} at (0,0) size 754x63
                  text run at (0,0) width 754: "This paragraph has a right margin of -10px, which should cause it to be wider than it might otherwise be, and it"
                  text run at (0,21) width 197: "has a light blue background. "
                  text run at (197,21) width 414: "In all other respects, however, the element should be normal. "
                  text run at (611,21) width 132: "No styles have been"
                  text run at (0,42) width 491: "applied to it besides the negative right margin and the background color."
