layer at (0,0) size 800x716
  RenderView at (0,0) size 800x600
layer at (0,0) size 800x716
  RenderBlock {HTML} at (0,0) size 800x716
    RenderBody {BODY} at (8,8) size 784x700 [bgcolor=#CCCCCC]
      RenderBlock {P} at (0,0) size 784x19
        RenderText {#text} at (0,0) size 354x19
          text run at (0,0) width 354: "The style declarations which apply to the text below are:"
      RenderBlock {PRE} at (0,33) size 784x57
        RenderText {#text} at (0,0) size 291x57
          text run at (0,0) width 270: ".zero {background-color: silver; margin: 0;}"
          text run at (270,0) width 0: " "
          text run at (0,19) width 288: ".one {margin: 25px; background-color: aqua;}"
          text run at (288,19) width 0: " "
          text run at (0,38) width 291: ".two {margin: -10px; background-color: aqua;}"
          text run at (291,38) width 0: " "
      RenderBlock {HR} at (0,104) size 784x2 [border: (1px inset #000000)]
      RenderBlock {P} at (0,113) size 784x19 [bgcolor=#C0C0C0]
        RenderText {#text} at (0,0) size 209x19
          text run at (0,0) width 209: "This element has a class of zero."
      RenderBlock {P} at (0,146) size 784x76 [bgcolor=#808080]
        RenderText {#text} at (0,0) size 483x19
          text run at (0,0) width 394: "This element is unstyled save for a background color of gray.. "
          text run at (394,0) width 89: "It contains an "
        RenderInline {SPAN} at (0,0) size 752x38 [bgcolor=#00FFFF]
          RenderText {#text} at (508,0) size 144x19
            text run at (508,0) width 144: "inline element of class "
          RenderInline {TT} at (0,0) size 24x19
            RenderText {#text} at (652,0) size 24x19
              text run at (652,0) width 24: "one"
          RenderText {#text} at (676,0) size 752x38
            text run at (676,0) width 76: ", giving it an"
            text run at (0,19) width 234: "aqua background and a 25px margin"
        RenderText {#text} at (259,19) size 772x57
          text run at (259,19) width 8: ". "
          text run at (267,19) width 505: "Margins on inline elements does not affect line-height calculations, so all lines in"
          text run at (0,38) width 299: "this element should have the same line-height. "
          text run at (299,38) width 470: "However, there should be a 25px margin to the left side of the inline box in"
          text run at (0,57) width 733: "the first line it appears, and a 25px margin to the right side of the inline element box in the last line where it appears."
      RenderBlock {P} at (0,236) size 784x19 [bgcolor=#C0C0C0]
        RenderText {#text} at (0,0) size 209x19
          text run at (0,0) width 209: "This element has a class of zero."
      RenderBlock {P} at (0,269) size 784x76 [bgcolor=#808080]
        RenderText {#text} at (0,0) size 483x19
          text run at (0,0) width 394: "This element is unstyled save for a background color of gray.. "
          text run at (394,0) width 89: "It contains an "
        RenderInline {SPAN} at (0,0) size 751x38 [bgcolor=#00FFFF]
          RenderText {#text} at (473,0) size 144x19
            text run at (473,0) width 144: "inline element of class "
          RenderInline {TT} at (0,0) size 22x19
            RenderText {#text} at (617,0) size 22x19
              text run at (617,0) width 22: "two"
          RenderText {#text} at (639,0) size 751x38
            text run at (639,0) width 112: ", giving it an aqua"
            text run at (0,19) width 203: "background and a -10px margin"
        RenderText {#text} at (193,19) size 772x57
          text run at (193,19) width 8: ". "
          text run at (201,19) width 531: "Margins on inline elements does not affect line-height calculations, so all lines in this"
          text run at (0,38) width 273: "element should have the same line-height. "
          text run at (273,38) width 499: "However, there should be a -10px margin to the left side of the inline box in the"
          text run at (0,57) width 714: "first line it appears, and a -10px margin to the right side of the inline element box in the last line where it appears."
      RenderBlock {P} at (0,359) size 784x19 [bgcolor=#C0C0C0]
        RenderText {#text} at (0,0) size 209x19
          text run at (0,0) width 209: "This element has a class of zero."
      RenderTable {TABLE} at (0,378) size 784x322 [border: (1px outset #808080)]
        RenderTableSection {TBODY} at (1,1) size 782x320
          RenderTableRow {TR} at (0,0) size 782x28
            RenderTableCell {TD} at (0,0) size 782x28 [bgcolor=#C0C0C0] [border: (1px inset #808080)] [r=0 c=0 rs=1 cs=2]
              RenderInline {STRONG} at (0,0) size 159x20
                RenderText {#text} at (4,4) size 159x20
                  text run at (4,4) width 159: "TABLE Testing Section"
          RenderTableRow {TR} at (0,28) size 782x292
            RenderTableCell {TD} at (0,160) size 12x27 [bgcolor=#C0C0C0] [border: (1px inset #808080)] [r=1 c=0 rs=1 cs=1]
              RenderText {#text} at (4,4) size 4x19
                text run at (4,4) width 4: " "
            RenderTableCell {TD} at (12,28) size 770x292 [border: (1px inset #808080)] [r=1 c=1 rs=1 cs=1]
              RenderBlock {P} at (4,4) size 762x19 [bgcolor=#C0C0C0]
                RenderText {#text} at (0,0) size 209x19
                  text run at (0,0) width 209: "This element has a class of zero."
              RenderBlock {P} at (4,37) size 762x95 [bgcolor=#808080]
                RenderText {#text} at (0,0) size 483x19
                  text run at (0,0) width 394: "This element is unstyled save for a background color of gray.. "
                  text run at (394,0) width 89: "It contains an "
                RenderInline {SPAN} at (0,0) size 752x38 [bgcolor=#00FFFF]
                  RenderText {#text} at (508,0) size 144x19
                    text run at (508,0) width 144: "inline element of class "
                  RenderInline {TT} at (0,0) size 24x19
                    RenderText {#text} at (652,0) size 24x19
                      text run at (652,0) width 24: "one"
                  RenderText {#text} at (676,0) size 752x38
                    text run at (676,0) width 76: ", giving it an"
                    text run at (0,19) width 234: "aqua background and a 25px margin"
                RenderText {#text} at (259,19) size 757x76
                  text run at (259,19) width 8: ". "
                  text run at (267,19) width 490: "Margins on inline elements does not affect line-height calculations, so all lines"
                  text run at (0,38) width 314: "in this element should have the same line-height. "
                  text run at (314,38) width 428: "However, there should be a 25px margin to the left side of the inline"
                  text run at (0,57) width 715: "box in the first line it appears, and a 25px margin to the right side of the inline element box in the last line where it"
                  text run at (0,76) width 56: "appears."
              RenderBlock {P} at (4,146) size 762x19 [bgcolor=#C0C0C0]
                RenderText {#text} at (0,0) size 209x19
                  text run at (0,0) width 209: "This element has a class of zero."
              RenderBlock {P} at (4,179) size 762x76 [bgcolor=#808080]
                RenderText {#text} at (0,0) size 483x19
                  text run at (0,0) width 394: "This element is unstyled save for a background color of gray.. "
                  text run at (394,0) width 89: "It contains an "
                RenderInline {SPAN} at (0,0) size 751x38 [bgcolor=#00FFFF]
                  RenderText {#text} at (473,0) size 144x19
                    text run at (473,0) width 144: "inline element of class "
                  RenderInline {TT} at (0,0) size 22x19
                    RenderText {#text} at (617,0) size 22x19
                      text run at (617,0) width 22: "two"
                  RenderText {#text} at (639,0) size 751x38
                    text run at (639,0) width 112: ", giving it an aqua"
                    text run at (0,19) width 203: "background and a -10px margin"
                RenderText {#text} at (193,19) size 748x57
                  text run at (193,19) width 8: ". "
                  text run at (201,19) width 531: "Margins on inline elements does not affect line-height calculations, so all lines in this"
                  text run at (0,38) width 273: "element should have the same line-height. "
                  text run at (273,38) width 475: "However, there should be a -10px margin to the left side of the inline box in"
                  text run at (0,57) width 738: "the first line it appears, and a -10px margin to the right side of the inline element box in the last line where it appears."
              RenderBlock {P} at (4,269) size 762x19 [bgcolor=#C0C0C0]
                RenderText {#text} at (0,0) size 209x19
                  text run at (0,0) width 209: "This element has a class of zero."
