layer at (0,0) size 800x600
  RenderView at (0,0) size 800x600
layer at (0,0) size 800x600
  RenderBlock {HTML} at (0,0) size 800x600
    RenderBody {BODY} at (8,8) size 784x584 [bgcolor=#CCCCCC]
      RenderBlock {P} at (0,0) size 784x19
        RenderText {#text} at (0,0) size 354x19
          text run at (0,0) width 354: "The style declarations which apply to the text below are:"
      RenderBlock {PRE} at (0,33) size 784x76
        RenderText {#text} at (0,1) size 392x74
          text run at (0,1) width 384: ".zero {background-color: silver; margin-top: 0;}"
          text run at (384,1) width 0: " "
          text run at (0,20) width 384: ".one {margin-top: 25px; background-color: aqua;}"
          text run at (384,20) width 0: " "
          text run at (0,39) width 392: ".two {margin-top: -10px; background-color: aqua;}"
          text run at (392,39) width 0: " "
          text run at (0,58) width 0: " "
      RenderBlock {HR} at (0,123) size 784x2 [border: (1px inset #000000)]
      RenderBlock {P} at (0,139) size 784x58 [bgcolor=#808080]
        RenderText {#text} at (0,0) size 479x19
          text run at (0,0) width 390: "This element is unstyled save for a background color of gray. "
          text run at (390,0) width 89: "It contains an "
        RenderInline {SPAN} at (0,0) size 759x39 [bgcolor=#00FFFF]
          RenderText {#text} at (479,0) size 144x19
            text run at (479,0) width 144: "inline element of class "
          RenderInline {TT} at (0,0) size 24x17
            RenderText {#text} at (623,2) size 24x17
              text run at (623,2) width 24: "one"
          RenderText {#text} at (647,0) size 759x39
            text run at (647,0) width 112: ", giving it an aqua"
            text run at (0,20) width 222: "background and a 25px top margin"
        RenderText {#text} at (222,20) size 746x38
          text run at (222,20) width 8: ". "
          text run at (230,20) width 516: "Margins on inline elements do not affect line-height calculations, so all lines in this"
          text run at (0,39) width 269: "element should have the same line-height."
      RenderBlock {P} at (0,211) size 784x58 [bgcolor=#808080]
        RenderText {#text} at (0,0) size 479x19
          text run at (0,0) width 390: "This element is unstyled save for a background color of gray. "
          text run at (390,0) width 89: "It contains an "
        RenderInline {SPAN} at (0,0) size 753x39 [bgcolor=#00FFFF]
          RenderText {#text} at (479,0) size 144x19
            text run at (479,0) width 144: "inline element of class "
          RenderInline {TT} at (0,0) size 24x17
            RenderText {#text} at (623,2) size 24x17
              text run at (623,2) width 24: "two"
          RenderText {#text} at (647,0) size 753x39
            text run at (647,0) width 106: ", giving the inline"
            text run at (0,20) width 338: "element an aqua background and a -10px top margin"
        RenderText {#text} at (338,20) size 770x38
          text run at (338,20) width 8: ". "
          text run at (346,20) width 424: "Margins on inline elements do not affect line-height calculations, so"
          text run at (0,39) width 361: "all lines in this element should have the same line-height."
      RenderTable {TABLE} at (0,283) size 784x168 [border: (1px outset #808080)]
        RenderTableSection {TBODY} at (1,1) size 782x166
          RenderTableRow {TR} at (0,0) size 782x28
            RenderTableCell {TD} at (0,0) size 782x28 [bgcolor=#C0C0C0] [border: (1px inset #808080)] [r=0 c=0 rs=1 cs=2]
              RenderInline {STRONG} at (0,0) size 159x20
                RenderText {#text} at (4,4) size 159x20
                  text run at (4,4) width 159: "TABLE Testing Section"
          RenderTableRow {TR} at (0,28) size 782x138
            RenderTableCell {TD} at (0,83) size 12x27 [bgcolor=#C0C0C0] [border: (1px inset #808080)] [r=1 c=0 rs=1 cs=1]
              RenderText {#text} at (4,4) size 4x19
                text run at (4,4) width 4: " "
            RenderTableCell {TD} at (12,28) size 770x138 [border: (1px inset #808080)] [r=1 c=1 rs=1 cs=1]
              RenderBlock {P} at (4,4) size 762x58 [bgcolor=#808080]
                RenderText {#text} at (0,0) size 479x19
                  text run at (0,0) width 390: "This element is unstyled save for a background color of gray. "
                  text run at (390,0) width 89: "It contains an "
                RenderInline {SPAN} at (0,0) size 759x39 [bgcolor=#00FFFF]
                  RenderText {#text} at (479,0) size 144x19
                    text run at (479,0) width 144: "inline element of class "
                  RenderInline {TT} at (0,0) size 24x17
                    RenderText {#text} at (623,2) size 24x17
                      text run at (623,2) width 24: "one"
                  RenderText {#text} at (647,0) size 759x39
                    text run at (647,0) width 112: ", giving it an aqua"
                    text run at (0,20) width 222: "background and a 25px top margin"
                RenderText {#text} at (222,20) size 746x38
                  text run at (222,20) width 8: ". "
                  text run at (230,20) width 516: "Margins on inline elements do not affect line-height calculations, so all lines in this"
                  text run at (0,39) width 269: "element should have the same line-height."
              RenderBlock {P} at (4,76) size 762x58 [bgcolor=#808080]
                RenderText {#text} at (0,0) size 479x19
                  text run at (0,0) width 390: "This element is unstyled save for a background color of gray. "
                  text run at (390,0) width 89: "It contains an "
                RenderInline {SPAN} at (0,0) size 753x39 [bgcolor=#00FFFF]
                  RenderText {#text} at (479,0) size 144x19
                    text run at (479,0) width 144: "inline element of class "
                  RenderInline {TT} at (0,0) size 24x17
                    RenderText {#text} at (623,2) size 24x17
                      text run at (623,2) width 24: "two"
                  RenderText {#text} at (647,0) size 753x39
                    text run at (647,0) width 106: ", giving the inline"
                    text run at (0,20) width 338: "element an aqua background and a -10px top margin"
                RenderText {#text} at (338,20) size 751x38
                  text run at (338,20) width 8: ". "
                  text run at (346,20) width 405: "Margins on inline elements do not affect line-height calculations,"
                  text run at (0,39) width 380: "so all lines in this element should have the same line-height."
