layer at (0,0) size 784x1131
  RenderView at (0,0) size 784x600
layer at (0,0) size 784x1131
  RenderBlock {HTML} at (0,0) size 784x1131
    RenderBody {BODY} at (8,8) size 768x1115 [bgcolor=#CCCCCC]
      RenderBlock {P} at (0,0) size 768x21
        RenderText {#text} at (0,0) size 380x21
          text run at (0,0) width 380: "The style declarations which apply to the text below are:"
      RenderBlock {PRE} at (0,37) size 768x96
        RenderText {#text} at (0,0) size 286x96
          text run at (0,0) width 267: ".zero {background-color: silver; margin-left: 0;}"
          text run at (267,0) width 0: " "
          text run at (0,16) width 281: ".one {margin-left: 0.5in; background-color: aqua;}"
          text run at (281,16) width 0: " "
          text run at (0,32) width 280: ".two {margin-left: 25px; background-color: aqua;}"
          text run at (280,32) width 0: " "
          text run at (0,48) width 286: ".three {margin-left: 5em; background-color: aqua;}"
          text run at (286,48) width 0: " "
          text run at (0,64) width 280: ".four {margin-left: 25%; background-color: aqua;}"
          text run at (280,64) width 0: " "
          text run at (0,80) width 285: ".five {margin-left: -10px; background-color: aqua;}"
          text run at (285,80) width 0: " "
      RenderBlock {HR} at (0,146) size 768x2 [border: (1px inset #000000)]
      RenderBlock {P} at (0,164) size 768x21 [bgcolor=#C0C0C0]
        RenderText {#text} at (0,0) size 214x21
          text run at (0,0) width 214: "This element has a class of zero."
      RenderBlock {P} at (48,201) size 720x21 [bgcolor=#00FFFF]
        RenderText {#text} at (0,0) size 371x21
          text run at (0,0) width 371: "This sentence should have a left margin of half an inch."
      RenderBlock {P} at (25,238) size 743x21 [bgcolor=#00FFFF]
        RenderText {#text} at (0,0) size 349x21
          text run at (0,0) width 349: "This sentence should have a left margin of 25 pixels."
      RenderBlock {P} at (80,275) size 688x21 [bgcolor=#00FFFF]
        RenderText {#text} at (0,0) size 323x21
          text run at (0,0) width 323: "This sentence should have a left margin of 5 em."
      RenderBlock {P} at (192,312) size 576x42 [bgcolor=#00FFFF]
        RenderText {#text} at (0,0) size 557x42
          text run at (0,0) width 557: "This sentence should have a left margin of 25%, which is calculated with respect to"
          text run at (0,21) width 215: "the width of the parent element."
      RenderBlock {UL} at (25,370) size 743x126 [bgcolor=#808080]
        RenderListItem {LI} at (40,0) size 703x42
          RenderListMarker at (-18,0) size 7x21: bullet
          RenderText {#text} at (0,0) size 697x42
            text run at (0,0) width 697: "The left margin on this unordered list has been set to 25 pixels, and its background color has been set to"
            text run at (0,21) width 35: "gray."
        RenderListItem {LI} at (65,42) size 678x63 [bgcolor=#FFFFFF]
          RenderListMarker at (-18,0) size 7x21: bullet
          RenderText {#text} at (0,0) size 673x63
            text run at (0,0) width 649: "Another list item might not be such a bad idea, either, considering that such things do need to be"
            text run at (0,21) width 114: "double-checked. "
            text run at (114,21) width 559: "This list item has its left margin also set to 25 pixels, which should combine with the"
            text run at (0,42) width 597: "list's margin to make 50 pixels of margin, and its background color has been set to white."
        RenderListItem {LI} at (40,105) size 703x21
          RenderListMarker at (-18,0) size 7x21: bullet
          RenderText {#text} at (0,0) size 190x21
            text run at (0,0) width 190: "This is an unclassed list item"
      RenderBlock {P} at (0,512) size 768x21 [bgcolor=#C0C0C0]
        RenderText {#text} at (0,0) size 214x21
          text run at (0,0) width 214: "This element has a class of zero."
      RenderBlock {P} at (-10,549) size 778x63 [bgcolor=#00FFFF]
        RenderText {#text} at (0,0) size 770x63
          text run at (0,0) width 769: "This paragraph has a left margin of -10px, which should cause it to be wider than it might otherwise be, and it has"
          text run at (0,21) width 170: "a light blue background. "
          text run at (170,21) width 414: "In all other respects, however, the element should be normal. "
          text run at (584,21) width 186: "No styles have been applied"
          text run at (0,42) width 425: "to it besides the negative left margin and the background color."
      RenderTable {TABLE} at (0,628) size 768x487 [border: (1px outset #808080)]
        RenderTableSection {TBODY} at (1,1) size 766x485
          RenderTableRow {TR} at (0,0) size 766x29
            RenderTableCell {TD} at (0,0) size 766x29 [bgcolor=#C0C0C0] [border: (1px inset #808080)] [r=0 c=0 rs=1 cs=2]
              RenderInline {STRONG} at (0,0) size 163x21
                RenderText {#text} at (4,4) size 163x21
                  text run at (4,4) width 163: "TABLE Testing Section"
          RenderTableRow {TR} at (0,29) size 766x456
            RenderTableCell {TD} at (0,242) size 12x29 [bgcolor=#C0C0C0] [border: (1px inset #808080)] [r=1 c=0 rs=1 cs=1]
              RenderText {#text} at (4,4) size 4x21
                text run at (4,4) width 4: " "
            RenderTableCell {TD} at (12,29) size 754x456 [border: (1px inset #808080)] [r=1 c=1 rs=1 cs=1]
              RenderBlock {P} at (4,4) size 746x21 [bgcolor=#C0C0C0]
                RenderText {#text} at (0,0) size 214x21
                  text run at (0,0) width 214: "This element has a class of zero."
              RenderBlock {P} at (52,41) size 698x21 [bgcolor=#00FFFF]
                RenderText {#text} at (0,0) size 371x21
                  text run at (0,0) width 371: "This sentence should have a left margin of half an inch."
              RenderBlock {P} at (29,78) size 721x21 [bgcolor=#00FFFF]
                RenderText {#text} at (0,0) size 349x21
                  text run at (0,0) width 349: "This sentence should have a left margin of 25 pixels."
              RenderBlock {P} at (84,115) size 666x21 [bgcolor=#00FFFF]
                RenderText {#text} at (0,0) size 323x21
                  text run at (0,0) width 323: "This sentence should have a left margin of 5 em."
              RenderBlock {P} at (190,152) size 560x42 [bgcolor=#00FFFF]
                RenderText {#text} at (0,0) size 557x42
                  text run at (0,0) width 557: "This sentence should have a left margin of 25%, which is calculated with respect to"
                  text run at (0,21) width 215: "the width of the parent element."
              RenderBlock {UL} at (29,210) size 721x126 [bgcolor=#808080]
                RenderListItem {LI} at (40,0) size 681x42
                  RenderListMarker at (-18,0) size 7x21: bullet
                  RenderText {#text} at (0,0) size 680x42
                    text run at (0,0) width 680: "The left margin on this unordered list has been set to 25 pixels, and its background color has been set"
                    text run at (0,21) width 52: "to gray."
                RenderListItem {LI} at (65,42) size 656x63 [bgcolor=#FFFFFF]
                  RenderListMarker at (-18,0) size 7x21: bullet
                  RenderText {#text} at (0,0) size 649x63
                    text run at (0,0) width 649: "Another list item might not be such a bad idea, either, considering that such things do need to be"
                    text run at (0,21) width 114: "double-checked. "
                    text run at (114,21) width 534: "This list item has its left margin also set to 25 pixels, which should combine with"
                    text run at (0,42) width 622: "the list's margin to make 50 pixels of margin, and its background color has been set to white."
                RenderListItem {LI} at (40,105) size 681x21
                  RenderListMarker at (-18,0) size 7x21: bullet
                  RenderText {#text} at (0,0) size 190x21
                    text run at (0,0) width 190: "This is an unclassed list item"
              RenderBlock {P} at (4,352) size 746x21 [bgcolor=#C0C0C0]
                RenderText {#text} at (0,0) size 214x21
                  text run at (0,0) width 214: "This element has a class of zero."
              RenderBlock {P} at (-6,389) size 756x63 [bgcolor=#00FFFF]
                RenderText {#text} at (0,0) size 743x63
                  text run at (0,0) width 742: "This paragraph has a left margin of -10px, which should cause it to be wider than it might otherwise be, and it"
                  text run at (0,21) width 197: "has a light blue background. "
                  text run at (197,21) width 414: "In all other respects, however, the element should be normal. "
                  text run at (611,21) width 132: "No styles have been"
                  text run at (0,42) width 479: "applied to it besides the negative left margin and the background color."
