layer at (0,0) size 784x2330
  RenderView at (0,0) size 784x600
layer at (0,0) size 784x2330
  RenderBlock {HTML} at (0,0) size 784x2330
    RenderBody {BODY} at (8,8) size 768x2314 [bgcolor=#CCCCCC]
      RenderBlock {P} at (0,0) size 768x21
        RenderText {#text} at (0,0) size 380x21
          text run at (0,0) width 380: "The style declarations which apply to the text below are:"
      RenderBlock {PRE} at (0,37) size 768x96
        RenderText {#text} at (0,0) size 270x96
          text run at (0,0) width 251: ".zero {background-color: silver; padding: 0;}"
          text run at (251,0) width 0: " "
          text run at (0,16) width 265: ".one {padding: 0.5in; background-color: aqua;}"
          text run at (265,16) width 0: " "
          text run at (0,32) width 264: ".two {padding: 25px; background-color: aqua;}"
          text run at (264,32) width 0: " "
          text run at (0,48) width 270: ".three {padding: 5em; background-color: aqua;}"
          text run at (270,48) width 0: " "
          text run at (0,64) width 264: ".four {padding: 25%; background-color: aqua;}"
          text run at (264,64) width 0: " "
          text run at (0,80) width 269: ".five {padding: -20px; background-color: aqua;}"
          text run at (269,80) width 0: " "
      RenderBlock {HR} at (0,146) size 768x2 [border: (1px inset #000000)]
      RenderBlock {P} at (0,164) size 768x21 [bgcolor=#C0C0C0]
        RenderText {#text} at (0,0) size 214x21
          text run at (0,0) width 214: "This element has a class of zero."
      RenderBlock {P} at (0,201) size 768x138 [bgcolor=#00FFFF]
        RenderText {#text} at (48,48) size 661x42
          text run at (48,48) width 661: "This element should have an overall padding of half an inch, which will require extra text in order"
          text run at (48,69) width 48: "to test. "
          text run at (96,69) width 502: "Both the content background and the padding should be aqua (light blue)."
      RenderBlock {P} at (0,355) size 768x92 [bgcolor=#00FFFF]
        RenderText {#text} at (25,25) size 687x42
          text run at (25,25) width 687: "This element should have an overall padding of 25 pixels, which will require extra text in order to test."
          text run at (25,46) width 502: "Both the content background and the padding should be aqua (light blue)."
      RenderBlock {P} at (0,463) size 768x202 [bgcolor=#00FFFF]
        RenderText {#text} at (80,80) size 592x42
          text run at (80,80) width 571: "This element should have an overall padding of 5 em, which will require extra text in"
          text run at (80,101) width 90: "order to test. "
          text run at (170,101) width 502: "Both the content background and the padding should be aqua (light blue)."
      RenderBlock {P} at (0,681) size 768x468 [bgcolor=#00FFFF]
        RenderText {#text} at (192,192) size 363x84
          text run at (192,192) width 359: "This element should have an overall padding of 25%,"
          text run at (192,213) width 340: "which is calculated with respect to the width of the"
          text run at (192,234) width 109: "parent element. "
          text run at (301,234) width 254: "Both the content background and the"
          text run at (192,255) width 244: "padding should be aqua (light blue)."
      RenderBlock {P} at (0,1165) size 768x42 [bgcolor=#00FFFF]
        RenderText {#text} at (0,0) size 687x42
          text run at (0,0) width 575: "This element should have no padding, since negative padding values are not allowed. "
          text run at (575,0) width 112: "Both the content"
          text run at (0,21) width 439: "background and the normal padding should be aqua (light blue)."
      RenderTable {TABLE} at (0,1223) size 768x1091 [border: (1px outset #808080)]
        RenderTableSection {TBODY} at (1,1) size 766x1089
          RenderTableRow {TR} at (0,0) size 766x29
            RenderTableCell {TD} at (0,0) size 766x29 [bgcolor=#C0C0C0] [border: (1px inset #808080)] [r=0 c=0 rs=1 cs=2]
              RenderInline {STRONG} at (0,0) size 163x21
                RenderText {#text} at (4,4) size 163x21
                  text run at (4,4) width 163: "TABLE Testing Section"
          RenderTableRow {TR} at (0,29) size 766x1060
            RenderTableCell {TD} at (0,544) size 12x29 [bgcolor=#C0C0C0] [border: (1px inset #808080)] [r=1 c=0 rs=1 cs=1]
              RenderText {#text} at (4,4) size 4x21
                text run at (4,4) width 4: " "
            RenderTableCell {TD} at (12,29) size 754x1060 [border: (1px inset #808080)] [r=1 c=1 rs=1 cs=1]
              RenderBlock {P} at (4,4) size 746x21 [bgcolor=#C0C0C0]
                RenderText {#text} at (0,0) size 214x21
                  text run at (0,0) width 214: "This element has a class of zero."
              RenderBlock {P} at (4,41) size 746x138 [bgcolor=#00FFFF]
                RenderText {#text} at (48,48) size 619x42
                  text run at (48,48) width 619: "This element should have an overall padding of half an inch, which will require extra text in"
                  text run at (48,69) width 90: "order to test. "
                  text run at (138,69) width 502: "Both the content background and the padding should be aqua (light blue)."
              RenderBlock {P} at (4,195) size 746x92 [bgcolor=#00FFFF]
                RenderText {#text} at (25,25) size 687x42
                  text run at (25,25) width 687: "This element should have an overall padding of 25 pixels, which will require extra text in order to test."
                  text run at (25,46) width 502: "Both the content background and the padding should be aqua (light blue)."
              RenderBlock {P} at (4,303) size 746x223 [bgcolor=#00FFFF]
                RenderText {#text} at (80,80) size 571x63
                  text run at (80,80) width 571: "This element should have an overall padding of 5 em, which will require extra text in"
                  text run at (80,101) width 90: "order to test. "
                  text run at (170,101) width 460: "Both the content background and the padding should be aqua (light"
                  text run at (80,122) width 38: "blue)."
              RenderBlock {P} at (4,542) size 746x456 [bgcolor=#00FFFF]
                RenderText {#text} at (186,186) size 363x84
                  text run at (186,186) width 359: "This element should have an overall padding of 25%,"
                  text run at (186,207) width 340: "which is calculated with respect to the width of the"
                  text run at (186,228) width 109: "parent element. "
                  text run at (295,228) width 254: "Both the content background and the"
                  text run at (186,249) width 244: "padding should be aqua (light blue)."
              RenderBlock {P} at (4,1014) size 746x42 [bgcolor=#00FFFF]
                RenderText {#text} at (0,0) size 687x42
                  text run at (0,0) width 575: "This element should have no padding, since negative padding values are not allowed. "
                  text run at (575,0) width 112: "Both the content"
                  text run at (0,21) width 439: "background and the normal padding should be aqua (light blue)."
