layer at (0,0) size 800x600
  RenderView at (0,0) size 800x600
layer at (0,0) size 800x600
  RenderBlock {HTML} at (0,0) size 800x600
    RenderBody {BODY} at (8,8) size 784x584 [bgcolor=#CCCCCC]
      RenderBlock {P} at (0,0) size 784x19
        RenderText {#text} at (0,0) size 354x19
          text run at (0,0) width 354: "The style declarations which apply to the text below are:"
      RenderBlock {PRE} at (0,33) size 784x57
        RenderText {#text} at (0,0) size 433x57
          text run at (0,0) width 430: ".one {padding-right: 25px; text-align: right; background-color: aqua;}"
          text run at (430,0) width 0: " "
          text run at (0,19) width 433: ".two {padding-right: -10px; text-align: right; background-color: aqua;}"
          text run at (433,19) width 0: " "
          text run at (0,38) width 0: " "
      RenderBlock {HR} at (0,104) size 784x2 [border: (1px inset #000000)]
      RenderBlock {P} at (0,120) size 784x39 [bgcolor=#808080]
        RenderText {#text} at (0,0) size 542x19
          text run at (0,0) width 390: "This element is unstyled save for a background color of gray. "
          text run at (390,0) width 152: "However, it contains an "
        RenderInline {SPAN} at (0,0) size 193x19 [bgcolor=#00FFFF]
          RenderText {#text} at (542,0) size 144x19
            text run at (542,0) width 144: "inline element of class "
          RenderInline {TT} at (0,0) size 24x19
            RenderText {#text} at (686,0) size 24x19
              text run at (686,0) width 24: "one"
        RenderText {#text} at (735,0) size 779x38
          text run at (735,0) width 44: ", which"
          text run at (0,19) width 517: "should result in 25-pixel right padding (which should also be light blue) only in the "
        RenderInline {STRONG} at (0,0) size 25x20
          RenderText {#text} at (517,19) size 25x20
            text run at (517,19) width 25: "last"
        RenderText {#text} at (542,19) size 229x19
          text run at (542,19) width 229: " line in which the inline box appears."
      RenderBlock {P} at (0,173) size 784x58 [bgcolor=#808080]
        RenderText {#text} at (0,0) size 542x19
          text run at (0,0) width 390: "This element is unstyled save for a background color of gray. "
          text run at (390,0) width 152: "However, it contains an "
        RenderInline {SPAN} at (0,0) size 166x19 [bgcolor=#00FFFF]
          RenderText {#text} at (542,0) size 144x19
            text run at (542,0) width 144: "inline element of class "
          RenderInline {TT} at (0,0) size 22x19
            RenderText {#text} at (686,0) size 22x19
              text run at (686,0) width 22: "two"
        RenderText {#text} at (708,0) size 752x38
          text run at (708,0) width 44: ", which"
          text run at (0,19) width 550: "should result in no right padding, since negative padding values are not allowed, in the "
        RenderInline {STRONG} at (0,0) size 25x20
          RenderText {#text} at (550,19) size 25x20
            text run at (550,19) width 25: "last"
        RenderText {#text} at (575,19) size 744x39
          text run at (575,19) width 169: " line in which the inline box"
          text run at (0,39) width 56: "appears."
      RenderTable {TABLE} at (0,245) size 784x168 [border: (1px outset #808080)]
        RenderTableSection {TBODY} at (1,1) size 782x166
          RenderTableRow {TR} at (0,0) size 782x28
            RenderTableCell {TD} at (0,0) size 782x28 [bgcolor=#C0C0C0] [border: (1px inset #808080)] [r=0 c=0 rs=1 cs=2]
              RenderInline {STRONG} at (0,0) size 159x20
                RenderText {#text} at (4,4) size 159x20
                  text run at (4,4) width 159: "TABLE Testing Section"
          RenderTableRow {TR} at (0,28) size 782x138
            RenderTableCell {TD} at (0,83) size 12x27 [bgcolor=#C0C0C0] [border: (1px inset #808080)] [r=1 c=0 rs=1 cs=1]
              RenderText {#text} at (4,4) size 4x19
                text run at (4,4) width 4: " "
            RenderTableCell {TD} at (12,28) size 770x138 [border: (1px inset #808080)] [r=1 c=1 rs=1 cs=1]
              RenderBlock {P} at (4,4) size 762x58 [bgcolor=#808080]
                RenderText {#text} at (0,0) size 542x19
                  text run at (0,0) width 390: "This element is unstyled save for a background color of gray. "
                  text run at (390,0) width 152: "However, it contains an "
                RenderInline {SPAN} at (0,0) size 193x19 [bgcolor=#00FFFF]
                  RenderText {#text} at (542,0) size 144x19
                    text run at (542,0) width 144: "inline element of class "
                  RenderInline {TT} at (0,0) size 24x19
                    RenderText {#text} at (686,0) size 24x19
                      text run at (686,0) width 24: "one"
                RenderText {#text} at (735,0) size 739x38
                  text run at (735,0) width 4: ","
                  text run at (0,19) width 557: "which should result in 25-pixel right padding (which should also be light blue) only in the "
                RenderInline {STRONG} at (0,0) size 25x20
                  RenderText {#text} at (557,19) size 25x20
                    text run at (557,19) width 25: "last"
                RenderText {#text} at (582,19) size 751x39
                  text run at (582,19) width 169: " line in which the inline box"
                  text run at (0,39) width 56: "appears."
              RenderBlock {P} at (4,76) size 762x58 [bgcolor=#808080]
                RenderText {#text} at (0,0) size 542x19
                  text run at (0,0) width 390: "This element is unstyled save for a background color of gray. "
                  text run at (390,0) width 152: "However, it contains an "
                RenderInline {SPAN} at (0,0) size 166x19 [bgcolor=#00FFFF]
                  RenderText {#text} at (542,0) size 144x19
                    text run at (542,0) width 144: "inline element of class "
                  RenderInline {TT} at (0,0) size 22x19
                    RenderText {#text} at (686,0) size 22x19
                      text run at (686,0) width 22: "two"
                RenderText {#text} at (708,0) size 752x38
                  text run at (708,0) width 44: ", which"
                  text run at (0,19) width 550: "should result in no right padding, since negative padding values are not allowed, in the "
                RenderInline {STRONG} at (0,0) size 25x20
                  RenderText {#text} at (550,19) size 25x20
                    text run at (550,19) width 25: "last"
                RenderText {#text} at (575,19) size 744x39
                  text run at (575,19) width 169: " line in which the inline box"
                  text run at (0,39) width 56: "appears."
