layer at (0,0) size 800x1369
  RenderView at (0,0) size 800x600
layer at (0,0) size 800x1369
  RenderBlock {HTML} at (0,0) size 800x1369
    RenderBody {BODY} at (8,8) size 784x1353 [bgcolor=#CCCCCC]
      RenderBlock {P} at (0,0) size 784x19
        RenderText {#text} at (0,0) size 354x19
          text run at (0,0) width 354: "The style declarations which apply to the text below are:"
      RenderBlock {PRE} at (0,33) size 784x57
        RenderText {#text} at (0,0) size 131x57
          text run at (0,0) width 118: ".one {width: 50px;}"
          text run at (118,0) width 0: " "
          text run at (0,19) width 113: ".two {width: 50%;}"
          text run at (113,19) width 0: " "
          text run at (0,38) width 131: "TABLE {width: 50%;}"
          text run at (131,38) width 0: " "
      RenderBlock {HR} at (0,104) size 784x2 [border: (1px inset #000000)]
      RenderBlock (anonymous) at (0,113) size 784x50
        RenderImage {IMG} at (0,0) size 50x50
        RenderText {#text} at (0,0) size 0x0
      RenderBlock {P} at (0,177) size 784x19
        RenderText {#text} at (0,0) size 285x19
          text run at (0,0) width 285: "The square above should be fifty pixels wide."
      RenderBlock (anonymous) at (0,210) size 784x392
        RenderImage {IMG} at (0,0) size 392x392
        RenderText {#text} at (0,0) size 0x0
      RenderBlock {P} at (0,616) size 784x19
        RenderText {#text} at (0,0) size 679x19
          text run at (0,0) width 679: "The square above should be half as wide as the image's parent element (either the BODY or the table cell)."
      RenderBlock {P} at (0,649) size 392x95
        RenderText {#text} at (0,0) size 385x76
          text run at (0,0) width 385: "This paragraph should be half the width of its parent element"
          text run at (0,19) width 373: "(either the BODY or the table, which should itself be half as"
          text run at (0,38) width 183: "wide as the BODY element). "
          text run at (183,38) width 177: "This is extra text included to"
          text run at (0,57) width 248: "ensure that this will be a fair test of the "
        RenderInline {CODE} at (0,0) size 33x19
          RenderText {#text} at (248,57) size 33x19
            text run at (248,57) width 33: "width"
        RenderText {#text} at (281,57) size 387x38
          text run at (281,57) width 106: " property without"
          text run at (0,76) width 321: "the need for the user to resize the viewing window."
      RenderTable {TABLE} at (0,758) size 392x595 [border: (1px outset #808080)]
        RenderTableSection {TBODY} at (1,1) size 390x593
          RenderTableRow {TR} at (0,0) size 390x28
            RenderTableCell {TD} at (0,0) size 390x28 [bgcolor=#C0C0C0] [border: (1px inset #808080)] [r=0 c=0 rs=1 cs=2]
              RenderInline {STRONG} at (0,0) size 159x20
                RenderText {#text} at (4,4) size 159x20
                  text run at (4,4) width 159: "TABLE Testing Section"
          RenderTableRow {TR} at (0,28) size 390x565
            RenderTableCell {TD} at (0,297) size 12x27 [bgcolor=#C0C0C0] [border: (1px inset #808080)] [r=1 c=0 rs=1 cs=1]
              RenderText {#text} at (4,4) size 4x19
                text run at (4,4) width 4: " "
            RenderTableCell {TD} at (12,28) size 378x565 [border: (1px inset #808080)] [r=1 c=1 rs=1 cs=1]
              RenderBlock (anonymous) at (4,4) size 370x50
                RenderImage {IMG} at (0,0) size 50x50
                RenderText {#text} at (0,0) size 0x0
              RenderBlock {P} at (4,68) size 370x19
                RenderText {#text} at (0,0) size 285x19
                  text run at (0,0) width 285: "The square above should be fifty pixels wide."
              RenderBlock (anonymous) at (4,101) size 370x185
                RenderImage {IMG} at (0,0) size 185x185
                RenderText {#text} at (0,0) size 0x0
              RenderBlock {P} at (4,300) size 370x38
                RenderText {#text} at (0,0) size 357x38
                  text run at (0,0) width 357: "The square above should be half as wide as the image's"
                  text run at (0,19) width 318: "parent element (either the BODY or the table cell)."
              RenderBlock {P} at (4,352) size 185x209
                RenderText {#text} at (0,0) size 181x152
                  text run at (0,0) width 163: "This paragraph should be"
                  text run at (0,19) width 163: "half the width of its parent"
                  text run at (0,38) width 180: "element (either the BODY or"
                  text run at (0,57) width 178: "the table, which should itself"
                  text run at (0,76) width 181: "be half as wide as the BODY"
                  text run at (0,95) width 64: "element). "
                  text run at (64,95) width 104: "This is extra text"
                  text run at (0,114) width 171: "included to ensure that this"
                  text run at (0,133) width 146: "will be a fair test of the "
                RenderInline {CODE} at (0,0) size 33x19
                  RenderText {#text} at (146,133) size 33x19
                    text run at (146,133) width 33: "width"
                RenderText {#text} at (0,152) size 185x57
                  text run at (0,152) width 183: "property without the need for"
                  text run at (0,171) width 185: "the user to resize the viewing"
                  text run at (0,190) width 51: "window."
