layer at (0,0) size 800x600
  RenderView at (0,0) size 800x600
    RenderSVGContainer {svg} at (-27,16) size 503x248
      RenderSVGContainer {g} at (-27,16) size 503x248
        RenderSVGText {text} at (136,30) size 800x0
          RenderSVGInlineText {#text} at (0,-14) size 177x17
            text run at (0,-14) width 177: "Character Data on <text>"
        RenderSVGContainer {g} at (128,106) size 193x38 [transform={m=((1.00,0.00)(0.00,1.00)) t=(225.00,120.00)}]
          RenderSVGText {text} at (-45,0) size 800x0
            RenderSVGInlineText {#text} at (0,-14) size 89x18
              text run at (0,-14) width 89: "CDATA only"
          RenderSVGText {text} at (-97,20) size 800x0 [color=#DC143C]
            RenderSVGInlineText {#cdata-section} at (0,-14) size 193x18
              text run at (0,-14) width 193: "<text> with a CDATA section"
        RenderSVGContainer {g} at (59,166) size 331x38 [transform={m=((1.00,0.00)(0.00,1.00)) t=(225.00,180.00)}]
          RenderSVGText {text} at (-60,0) size 800x0
            RenderSVGInlineText {#text} at (0,-14) size 119x18
              text run at (0,-14) width 119: "text, CDATA, text"
          RenderSVGText {text} at (-166,20) size 800x0 [color=#DC143C]
            RenderSVGInlineText {#text} at (0,-14) size 96x18
              text run at (0,-14) width 96: "Text first, then "
            RenderSVGInlineText {#cdata-section} at (96,-14) size 166x18
              text run at (96,-14) width 166: "CDATA section in <text>"
            RenderSVGInlineText {#text} at (262,-14) size 69x18
              text run at (262,-14) width 69: ", text again"
        RenderSVGContainer {g} at (-27,226) size 503x38 [transform={m=((1.00,0.00)(0.00,1.00)) t=(225.00,240.00)}]
          RenderSVGText {text} at (-113,0) size 800x0
            RenderSVGInlineText {#text} at (0,-14) size 225x18
              text run at (0,-14) width 225: "text, CDATA, tspan, CDATA, text"
          RenderSVGText {text} at (-252,20) size 800x0 [color=#DC143C]
            RenderSVGInlineText {#text} at (0,-14) size 31x18
              text run at (0,-14) width 31: "text, "
            RenderSVGInlineText {#cdata-section} at (31,-14) size 166x18
              text run at (31,-14) width 166: "CDATA section in <text>"
            RenderSVGInlineText {#text} at (197,-14) size 8x18
              text run at (197,-14) width 8: ", "
            RenderSVGTSpan {tspan} at (0,0) size 228x18 [color=#FFD700]
              RenderSVGInlineText {#text} at (205,-14) size 53x18
                text run at (205,-14) width 53: "tspan w/"
              RenderSVGInlineText {#cdata-section} at (258,-14) size 176x18
                text run at (258,-14) width 176: "CDATA section in <tspan>"
            RenderSVGInlineText {#text} at (434,-14) size 69x18
              text run at (434,-14) width 69: ", text again"
