layer at (0,0) size 800x600
  RenderView at (0,0) size 800x600
    RenderSVGContainer {svg} at (51,26) size 343.12x431.88
      RenderSVGText {text} at (144,40) size 800x0
        RenderSVGInlineText {#text} at (0,-14) size 162x17
          text run at (0,-14) width 162: "text-anchor on <tspan>"
      RenderSVGContainer {g} at (51,82.12) size 343.12x375.75 [transform={m=((0.75,0.00)(0.00,0.75)) t=(56.25,82.50)}]
        RenderSVGContainer {g} at (55.88,82.12) size 338.25x375.75
          RenderPath {rect} at (56.25,82.50) size 337.50x125.25 [opacity=0.10] [fill={[type=SOLID] [color=#000000]}] [data="M0.00,0.00L450.00,0.00L450.00,167.00L0.00,167.00"]
          RenderPath {rect} at (56.25,207.75) size 337.50x125.25 [fill={[type=SOLID] [color=#FFFFFF]}] [data="M0.00,167.00L450.00,167.00L450.00,334.00L0.00,334.00"]
          RenderPath {rect} at (56.25,333) size 337.50x124.50 [opacity=0.10] [fill={[type=SOLID] [color=#000000]}] [data="M0.00,334.00L450.00,334.00L450.00,500.00L0.00,500.00"]
          RenderPath {line} at (168.38,82.50) size 0.75x375 [stroke={[type=SOLID] [color=#FF0000]}] [data="M150.00,0.00L150.00,500.00"]
          RenderPath {line} at (295.88,82.50) size 0.75x375 [stroke={[type=SOLID] [color=#FF0000]}] [data="M320.00,0.00L320.00,500.00"]
          RenderPath {rect} at (55.88,82.12) size 338.25x375.75 [stroke={[type=SOLID] [color=#FF0000]}] [data="M0.00,0.00L450.00,0.00L450.00,500.00L0.00,500.00"]
        RenderSVGContainer {g} at (51,94.50) size 333x88.50
          RenderSVGContainer {g} at (168.75,94.50) size 215.25x28.50
            RenderSVGText {text} at (150,30) size 800x0
              RenderSVGTSpan {tspan} at (0,0) size 51x18
                RenderSVGInlineText {#text} at (0,6) size 51x18
                  text run at (0,6) width 51: "I am the"
              RenderSVGInlineText {#text} at (51,6) size 4x18
                text run at (51,6) width 4: " "
              RenderSVGTSpan {tspan} at (0,0) size 102x18 [color=#FF0000]
                RenderSVGInlineText {#text} at (55,6) size 102x18
                  text run at (55,6) width 102: "same text chunk"
              RenderSVGInlineText {#text} at (157,6) size 4x18
                text run at (157,6) width 4: " "
              RenderSVGTSpan {tspan} at (0,0) size 117x18
                RenderSVGInlineText {#text} at (170,-14) size 117x18
                  text run at (170,-14) width 117: "another text chunk"
              RenderSVGInlineText {#text} at (0,0) size 0x0
          RenderSVGContainer {g} at (109.50,124.50) size 274.50x28.50 [transform={m=((1.00,0.00)(0.00,1.00)) t=(0.00,40.00)}]
            RenderSVGText {text} at (71,30) size 800x0
              RenderSVGTSpan {tspan} at (0,0) size 51x18
                RenderSVGInlineText {#text} at (0,6) size 51x18
                  text run at (0,6) width 51: "I am the"
              RenderSVGInlineText {#text} at (51,6) size 4x18
                text run at (51,6) width 4: " "
              RenderSVGTSpan {tspan} at (0,0) size 102x18 [color=#FF0000]
                RenderSVGInlineText {#text} at (55,6) size 102x18
                  text run at (55,6) width 102: "same text chunk"
              RenderSVGInlineText {#text} at (157,6) size 4x18
                text run at (157,6) width 4: " "
              RenderSVGTSpan {tspan} at (0,0) size 117x18
                RenderSVGInlineText {#text} at (249,-14) size 117x18
                  text run at (249,-14) width 117: "another text chunk"
              RenderSVGInlineText {#text} at (0,0) size 0x0
          RenderSVGContainer {g} at (51,154.50) size 333x28.50 [transform={m=((1.00,0.00)(0.00,1.00)) t=(0.00,80.00)}]
            RenderSVGText {text} at (-7,30) size 800x0
              RenderSVGTSpan {tspan} at (0,0) size 51x18
                RenderSVGInlineText {#text} at (0,6) size 51x18
                  text run at (0,6) width 51: "I am the"
              RenderSVGInlineText {#text} at (51,6) size 4x18
                text run at (51,6) width 4: " "
              RenderSVGTSpan {tspan} at (0,0) size 102x18 [color=#FF0000]
                RenderSVGInlineText {#text} at (55,6) size 102x18
                  text run at (55,6) width 102: "same text chunk"
              RenderSVGInlineText {#text} at (157,6) size 4x18
                text run at (157,6) width 4: " "
              RenderSVGTSpan {tspan} at (0,0) size 117x18
                RenderSVGInlineText {#text} at (327,-14) size 117x18
                  text run at (327,-14) width 117: "another text chunk"
              RenderSVGInlineText {#text} at (0,0) size 0x0
        RenderSVGContainer {g} at (51,222) size 288.75x88.50 [transform={m=((1.00,0.00)(0.00,1.00)) t=(0.00,50.00)}]
          RenderSVGContainer {g} at (168.75,222) size 171x28.50 [transform={m=((1.00,0.00)(0.00,1.00)) t=(0.00,120.00)}]
            RenderSVGText {text} at (150,30) size 800x0
              RenderSVGTSpan {tspan} at (0,0) size 51x18
                RenderSVGInlineText {#text} at (0,6) size 51x18
                  text run at (0,6) width 51: "I am the"
              RenderSVGInlineText {#text} at (51,6) size 4x18
                text run at (51,6) width 4: " "
              RenderSVGTSpan {tspan} at (0,0) size 102x18 [color=#FF0000]
                RenderSVGInlineText {#text} at (55,6) size 102x18
                  text run at (55,6) width 102: "same text chunk"
              RenderSVGInlineText {#text} at (157,6) size 4x18
                text run at (157,6) width 4: " "
              RenderSVGTSpan {tspan} at (0,0) size 117x18
                RenderSVGInlineText {#text} at (111,-14) size 117x18
                  text run at (111,-14) width 117: "another text chunk"
              RenderSVGInlineText {#text} at (0,0) size 0x0
          RenderSVGContainer {g} at (109.50,252) size 230.25x28.50 [transform={m=((1.00,0.00)(0.00,1.00)) t=(0.00,160.00)}]
            RenderSVGText {text} at (71,30) size 800x0
              RenderSVGTSpan {tspan} at (0,0) size 51x18
                RenderSVGInlineText {#text} at (0,6) size 51x18
                  text run at (0,6) width 51: "I am the"
              RenderSVGInlineText {#text} at (51,6) size 4x18
                text run at (51,6) width 4: " "
              RenderSVGTSpan {tspan} at (0,0) size 102x18 [color=#FF0000]
                RenderSVGInlineText {#text} at (55,6) size 102x18
                  text run at (55,6) width 102: "same text chunk"
              RenderSVGInlineText {#text} at (157,6) size 4x18
                text run at (157,6) width 4: " "
              RenderSVGTSpan {tspan} at (0,0) size 117x18
                RenderSVGInlineText {#text} at (190,-14) size 117x18
                  text run at (190,-14) width 117: "another text chunk"
              RenderSVGInlineText {#text} at (0,0) size 0x0
          RenderSVGContainer {g} at (51,282) size 288.75x28.50 [transform={m=((1.00,0.00)(0.00,1.00)) t=(0.00,200.00)}]
            RenderSVGText {text} at (-7,30) size 800x0
              RenderSVGTSpan {tspan} at (0,0) size 51x18
                RenderSVGInlineText {#text} at (0,6) size 51x18
                  text run at (0,6) width 51: "I am the"
              RenderSVGInlineText {#text} at (51,6) size 4x18
                text run at (51,6) width 4: " "
              RenderSVGTSpan {tspan} at (0,0) size 102x18 [color=#FF0000]
                RenderSVGInlineText {#text} at (55,6) size 102x18
                  text run at (55,6) width 102: "same text chunk"
              RenderSVGInlineText {#text} at (157,6) size 4x18
                text run at (157,6) width 4: " "
              RenderSVGTSpan {tspan} at (0,0) size 117x18
                RenderSVGInlineText {#text} at (268,-14) size 117x18
                  text run at (268,-14) width 117: "another text chunk"
              RenderSVGInlineText {#text} at (0,0) size 0x0
        RenderSVGContainer {g} at (51,349.50) size 245.25x88.50 [transform={m=((1.00,0.00)(0.00,1.00)) t=(0.00,80.00)}]
          RenderSVGContainer {g} at (168.75,349.50) size 127.50x28.50 [transform={m=((1.00,0.00)(0.00,1.00)) t=(0.00,260.00)}]
            RenderSVGText {text} at (150,30) size 800x0
              RenderSVGTSpan {tspan} at (0,0) size 51x18
                RenderSVGInlineText {#text} at (0,6) size 51x18
                  text run at (0,6) width 51: "I am the"
              RenderSVGInlineText {#text} at (51,6) size 4x18
                text run at (51,6) width 4: " "
              RenderSVGTSpan {tspan} at (0,0) size 102x18 [color=#FF0000]
                RenderSVGInlineText {#text} at (55,6) size 102x18
                  text run at (55,6) width 102: "same text chunk"
              RenderSVGInlineText {#text} at (157,6) size 4x18
                text run at (157,6) width 4: " "
              RenderSVGTSpan {tspan} at (0,0) size 117x18
                RenderSVGInlineText {#text} at (53,-14) size 117x18
                  text run at (53,-14) width 117: "another text chunk"
              RenderSVGInlineText {#text} at (0,0) size 0x0
          RenderSVGContainer {g} at (109.50,379.50) size 186.75x28.50 [transform={m=((1.00,0.00)(0.00,1.00)) t=(0.00,300.00)}]
            RenderSVGText {text} at (71,30) size 800x0
              RenderSVGTSpan {tspan} at (0,0) size 51x18
                RenderSVGInlineText {#text} at (0,6) size 51x18
                  text run at (0,6) width 51: "I am the"
              RenderSVGInlineText {#text} at (51,6) size 4x18
                text run at (51,6) width 4: " "
              RenderSVGTSpan {tspan} at (0,0) size 102x18 [color=#FF0000]
                RenderSVGInlineText {#text} at (55,6) size 102x18
                  text run at (55,6) width 102: "same text chunk"
              RenderSVGInlineText {#text} at (157,6) size 4x18
                text run at (157,6) width 4: " "
              RenderSVGTSpan {tspan} at (0,0) size 117x18
                RenderSVGInlineText {#text} at (132,-14) size 117x18
                  text run at (132,-14) width 117: "another text chunk"
              RenderSVGInlineText {#text} at (0,0) size 0x0
          RenderSVGContainer {g} at (51,409.50) size 245.25x28.50 [transform={m=((1.00,0.00)(0.00,1.00)) t=(0.00,340.00)}]
            RenderSVGText {text} at (-7,30) size 800x0
              RenderSVGTSpan {tspan} at (0,0) size 51x18
                RenderSVGInlineText {#text} at (0,6) size 51x18
                  text run at (0,6) width 51: "I am the"
              RenderSVGInlineText {#text} at (51,6) size 4x18
                text run at (51,6) width 4: " "
              RenderSVGTSpan {tspan} at (0,0) size 102x18 [color=#FF0000]
                RenderSVGInlineText {#text} at (55,6) size 102x18
                  text run at (55,6) width 102: "same text chunk"
              RenderSVGInlineText {#text} at (157,6) size 4x18
                text run at (157,6) width 4: " "
              RenderSVGTSpan {tspan} at (0,0) size 117x18
                RenderSVGInlineText {#text} at (210,-14) size 117x18
                  text run at (210,-14) width 117: "another text chunk"
              RenderSVGInlineText {#text} at (0,0) size 0x0
      RenderSVGContainer {use} at (0,0) size 0x0
