layer at (0,0) size 800x600
  RenderView at (0,0) size 800x600
    RenderSVGContainer {svg} at (74.50,16) size 301x474.50
      RenderSVGText {text} at (114,30) size 800x0
        RenderSVGInlineText {#text} at (0,-14) size 222x17
          text run at (0,-14) width 222: "text-anchor on a single <tspan>"
      RenderSVGContainer {g} at (74.50,49.50) size 301x441
        RenderSVGContainer {g} at (74.50,49.50) size 301x141
          RenderPath {rect} at (74.50,49.50) size 301x21 [stroke={[type=SOLID] [color=#000000]}] [fill={[type=SOLID] [color=#000000]}] [data="M75.00,50.00L375.00,50.00L375.00,70.00L75.00,70.00"]
          RenderPath {rect} at (74.50,69.50) size 301x41 [stroke={[type=SOLID] [color=#000000]}] [fill={[type=SOLID] [color=#EEEEEE]}] [data="M75.00,70.00L375.00,70.00L375.00,110.00L75.00,110.00"]
          RenderPath {rect} at (74.50,109.50) size 301x41 [stroke={[type=SOLID] [color=#000000]}] [fill={[type=SOLID] [color=#FFFFFF]}] [data="M75.00,110.00L375.00,110.00L375.00,150.00L75.00,150.00"]
          RenderPath {rect} at (74.50,149.50) size 301x41 [stroke={[type=SOLID] [color=#000000]}] [fill={[type=SOLID] [color=#EEEEEE]}] [data="M75.00,150.00L375.00,150.00L375.00,190.00L75.00,190.00"]
          RenderSVGText {text} at (90,64) size 800x0 [color=#FFFFFF]
            RenderSVGInlineText {#text} at (0,-13) size 184x17
              text run at (0,-13) width 184: "x attributed tspan with extra text"
          RenderSVGContainer {g} at (149.50,70) size 161x120
            RenderPath {line} at (149.50,70) size 1x120 [stroke={[type=SOLID] [color=#B0C4DE]}] [data="M150.00,70.00L150.00,190.00"]
            RenderPath {line} at (189.50,70) size 1x120 [stroke={[type=SOLID] [color=#B0C4DE]}] [data="M190.00,70.00L190.00,190.00"]
            RenderPath {line} at (229.50,70) size 1x120 [stroke={[type=SOLID] [color=#B0C4DE]}] [data="M230.00,70.00L230.00,190.00"]
            RenderPath {line} at (269.50,70) size 1x120 [stroke={[type=SOLID] [color=#B0C4DE]}] [data="M270.00,70.00L270.00,190.00"]
            RenderPath {line} at (309.50,70) size 1x120 [stroke={[type=SOLID] [color=#B0C4DE]}] [data="M310.00,70.00L310.00,190.00"]
        RenderSVGContainer {g} at (74.50,199.50) size 301x141 [transform={m=((1.00,0.00)(0.00,1.00)) t=(0.00,150.00)}]
          RenderPath {rect} at (74.50,199.50) size 301x21 [stroke={[type=SOLID] [color=#000000]}] [fill={[type=SOLID] [color=#000000]}] [data="M75.00,50.00L375.00,50.00L375.00,70.00L75.00,70.00"]
          RenderPath {rect} at (74.50,219.50) size 301x41 [stroke={[type=SOLID] [color=#000000]}] [fill={[type=SOLID] [color=#EEEEEE]}] [data="M75.00,70.00L375.00,70.00L375.00,110.00L75.00,110.00"]
          RenderPath {rect} at (74.50,259.50) size 301x41 [stroke={[type=SOLID] [color=#000000]}] [fill={[type=SOLID] [color=#FFFFFF]}] [data="M75.00,110.00L375.00,110.00L375.00,150.00L75.00,150.00"]
          RenderPath {rect} at (74.50,299.50) size 301x41 [stroke={[type=SOLID] [color=#000000]}] [fill={[type=SOLID] [color=#EEEEEE]}] [data="M75.00,150.00L375.00,150.00L375.00,190.00L75.00,190.00"]
          RenderSVGText {text} at (90,64) size 800x0 [color=#FFFFFF]
            RenderSVGInlineText {#text} at (0,-13) size 145x17
              text run at (0,-13) width 145: "x attribute for some chars"
          RenderSVGContainer {g} at (149.50,220) size 81x120
            RenderPath {line} at (149.50,220) size 1x120 [stroke={[type=SOLID] [color=#B0C4DE]}] [data="M150.00,70.00L150.00,190.00"]
            RenderPath {line} at (189.50,220) size 1x120 [stroke={[type=SOLID] [color=#B0C4DE]}] [data="M190.00,70.00L190.00,190.00"]
            RenderPath {line} at (229.50,220) size 1x120 [stroke={[type=SOLID] [color=#B0C4DE]}] [data="M230.00,70.00L230.00,190.00"]
        RenderSVGContainer {g} at (74.50,349.50) size 301x141 [transform={m=((1.00,0.00)(0.00,1.00)) t=(0.00,300.00)}]
          RenderPath {rect} at (74.50,349.50) size 301x21 [stroke={[type=SOLID] [color=#000000]}] [fill={[type=SOLID] [color=#000000]}] [data="M75.00,50.00L375.00,50.00L375.00,70.00L75.00,70.00"]
          RenderPath {rect} at (74.50,369.50) size 301x41 [stroke={[type=SOLID] [color=#000000]}] [fill={[type=SOLID] [color=#EEEEEE]}] [data="M75.00,70.00L375.00,70.00L375.00,110.00L75.00,110.00"]
          RenderPath {rect} at (74.50,409.50) size 301x41 [stroke={[type=SOLID] [color=#000000]}] [fill={[type=SOLID] [color=#FFFFFF]}] [data="M75.00,110.00L375.00,110.00L375.00,150.00L75.00,150.00"]
          RenderPath {rect} at (74.50,449.50) size 301x41 [stroke={[type=SOLID] [color=#000000]}] [fill={[type=SOLID] [color=#EEEEEE]}] [data="M75.00,150.00L375.00,150.00L375.00,190.00L75.00,190.00"]
          RenderSVGText {text} at (90,64) size 800x0 [color=#FFFFFF]
            RenderSVGInlineText {#text} at (0,-13) size 184x17
              text run at (0,-13) width 184: "x & y attributes with inheritance"
          RenderSVGContainer {g} at (149.50,370) size 121x120
            RenderPath {line} at (149.50,370) size 1x120 [stroke={[type=SOLID] [color=#B0C4DE]}] [data="M150.00,70.00L150.00,190.00"]
            RenderPath {line} at (189.50,370) size 1x120 [stroke={[type=SOLID] [color=#B0C4DE]}] [data="M190.00,70.00L190.00,190.00"]
            RenderPath {line} at (229.50,370) size 1x120 [stroke={[type=SOLID] [color=#B0C4DE]}] [data="M230.00,70.00L230.00,190.00"]
            RenderPath {line} at (269.50,370) size 1x120 [stroke={[type=SOLID] [color=#B0C4DE]}] [data="M270.00,70.00L270.00,190.00"]
        RenderSVGText {text} at (0,0) size 800x0
          RenderSVGTSpan {tspan} at (0,0) size 168x28
            RenderSVGInlineText {#text} at (0,-14) size 168x28
              text run at (0,-14) width 168: "Batik"
          RenderSVGTSpan {tspan} at (0,0) size 39x18 [color=#DC143C]
            RenderSVGInlineText {#text} at (168,-4) size 39x18
              text run at (168,-4) width 39: " rules!"
        RenderSVGText {text} at (-6,0) size 800x0
          RenderSVGTSpan {tspan} at (0,0) size 149x28
            RenderSVGInlineText {#text} at (0,-14) size 150x28
              text run at (0,-14) width 150: "Batik"
          RenderSVGTSpan {tspan} at (0,0) size 39x18 [color=#DC143C]
            RenderSVGInlineText {#text} at (150,-4) size 39x18
              text run at (150,-4) width 39: " rules!"
        RenderSVGText {text} at (-11,0) size 800x0
          RenderSVGTSpan {tspan} at (0,0) size 135x28
            RenderSVGInlineText {#text} at (0,-14) size 135x28
              text run at (0,-14) width 135: "Batik"
          RenderSVGTSpan {tspan} at (0,0) size 39x18 [color=#DC143C]
            RenderSVGInlineText {#text} at (132,-4) size 39x18
              text run at (132,-4) width 39: " rules!"
        RenderSVGText {text} at (0,0) size 800x0
          RenderSVGTSpan {tspan} at (0,0) size 96x18
            RenderSVGInlineText {#text} at (0,-14) size 96x18
              text run at (0,-14) width 96: "Batik"
        RenderSVGText {text} at (-6,0) size 800x0
          RenderSVGTSpan {tspan} at (0,0) size 93x18
            RenderSVGInlineText {#text} at (0,-14) size 93x18
              text run at (0,-14) width 93: "Batik"
        RenderSVGText {text} at (-11,0) size 800x0
          RenderSVGTSpan {tspan} at (0,0) size 91x18
            RenderSVGInlineText {#text} at (0,-14) size 91x18
              text run at (0,-14) width 91: "Batik"
        RenderSVGText {text} at (0,0) size 800x0
          RenderSVGTSpan {tspan} at (0,0) size 132x28
            RenderSVGInlineText {#text} at (0,-14) size 132x28
              text run at (0,-14) width 132: "Batik"
          RenderSVGTSpan {tspan} at (0,0) size 39x18 [color=#DC143C]
            RenderSVGInlineText {#text} at (132,-4) size 39x18
              text run at (132,-4) width 39: " rules!"
        RenderSVGText {text} at (-6,0) size 800x0
          RenderSVGTSpan {tspan} at (0,0) size 111x28
            RenderSVGInlineText {#text} at (0,-14) size 112x28
              text run at (0,-14) width 112: "Batik"
          RenderSVGTSpan {tspan} at (0,0) size 39x18 [color=#DC143C]
            RenderSVGInlineText {#text} at (112,-4) size 39x18
              text run at (112,-4) width 39: " rules!"
        RenderSVGText {text} at (-11,0) size 800x0
          RenderSVGTSpan {tspan} at (0,0) size 95x28
            RenderSVGInlineText {#text} at (0,-14) size 95x28
              text run at (0,-14) width 95: "Batik"
          RenderSVGTSpan {tspan} at (0,0) size 39x18 [color=#DC143C]
            RenderSVGInlineText {#text} at (92,-4) size 39x18
              text run at (92,-4) width 39: " rules!"
