layer at (0,0) size 800x600
  RenderView at (0,0) size 800x600
    RenderSVGContainer {svg} at (13,26) size 424x417
      RenderSVGContainer {g} at (13,26) size 424x417
        RenderSVGText {text} at (95,40) size 800x0
          RenderSVGInlineText {#text} at (0,-14) size 259x17
            text run at (0,-14) width 259: "Text on a path with adjusted spacing"
        RenderSVGHiddenContainer {defs} at (0,0) size 0x0
          RenderPath {path} at (14.95,7.04) size 120.05x30.91 [transform={m=((0.15,0.00)(0.00,0.15)) t=(0.00,0.00)}] [stroke={[type=SOLID] [color=#0000FF]}] [data="M100.00,200.00C200.00,100.00,300.00,0.00,400.00,100.00C500.00,200.00,600.00,300.00,700.00,200.00C800.00,100.00,900.00,100.00,900.00,100.00"]
          RenderPath {path} at (29.85,12.25) size 90.30x37.75 [transform={m=((0.30,0.00)(0.00,0.50)) t=(0.00,0.00)}] [stroke={[type=SOLID] [color=#0000FF]}] [data="M100.00,100.00C100.00,0.00,400.00,0.00,400.00,100.00"]
        RenderSVGContainer {g} at (13,60) size 122x73 [transform={m=((1.00,0.00)(0.00,1.00)) t=(0.00,70.00)}]
          RenderSVGContainer {use} at (14.89,77.29) size 120.11x30.43
            RenderSVGContainer {g} at (14.89,77.29) size 120.11x30.43
              RenderPath {path} at (14.89,77.29) size 120.11x30.43 [transform={m=((0.15,0.00)(0.00,0.15)) t=(0.00,0.00)}] [stroke={[type=SOLID] [color=#0000FF] [stroke width=2.00]}] [data="M100.00,200.00C200.00,100.00,300.00,0.00,400.00,100.00C500.00,200.00,600.00,300.00,700.00,200.00C800.00,100.00,900.00,100.00,900.00,100.00"]
          RenderSVGText {text} at (13,8) size 800x0
            RenderSVGTextPath {textPath} at (0,0) size 51x42
              RenderSVGTSpan {tspan} at (0,0) size 51x42
                RenderSVGInlineText {#text} at (0,-17) size 50x41
                  text run at (0,-17) width 50: "sample"
            RenderSVGInlineText {#text} at (0,0) size 0x0
          RenderSVGText {text} at (35,60) size 800x0
            RenderSVGInlineText {#text} at (0,-10) size 60x13
              text run at (0,-10) width 60: "default spacing"
        RenderSVGContainer {g} at (164.89,61) size 123.11x82 [transform={m=((1.00,0.00)(0.00,1.00)) t=(150.00,70.00)}]
          RenderSVGContainer {use} at (164.89,77.29) size 120.11x30.43
            RenderSVGContainer {g} at (164.89,77.29) size 120.11x30.43
              RenderPath {path} at (164.89,77.29) size 120.11x30.43 [transform={m=((0.15,0.00)(0.00,0.15)) t=(0.00,0.00)}] [stroke={[type=SOLID] [color=#0000FF] [stroke width=2.00]}] [data="M100.00,200.00C200.00,100.00,300.00,0.00,400.00,100.00C500.00,200.00,600.00,300.00,700.00,200.00C800.00,100.00,900.00,100.00,900.00,100.00"]
          RenderSVGText {text} at (21,9) size 800x0
            RenderSVGTextPath {textPath} at (0,0) size 93x49
              RenderSVGTSpan {tspan} at (0,0) size 93x49
                RenderSVGInlineText {#text} at (0,-17) size 93x49
                  text run at (0,-17) width 93: "sample"
            RenderSVGInlineText {#text} at (0,0) size 0x0
          RenderSVGText {text} at (15,60) size 800x0
            RenderSVGInlineText {#text} at (0,-10) size 123x13
              text run at (0,-10) width 123: "tspan x=\"10,30,50,75,95,110\""
          RenderSVGText {text} at (35,70) size 800x0
            RenderSVGInlineText {#text} at (0,-10) size 34x13
              text run at (0,-10) width 34: "y=\"110\""
        RenderSVGContainer {g} at (313,60) size 122x73 [transform={m=((1.00,0.00)(0.00,1.00)) t=(300.00,70.00)}]
          RenderSVGContainer {use} at (314.89,77.29) size 120.11x30.43
            RenderSVGContainer {g} at (314.89,77.29) size 120.11x30.43
              RenderPath {path} at (314.89,77.29) size 120.11x30.43 [transform={m=((0.15,0.00)(0.00,0.15)) t=(0.00,0.00)}] [stroke={[type=SOLID] [color=#0000FF] [stroke width=2.00]}] [data="M100.00,200.00C200.00,100.00,300.00,0.00,400.00,100.00C500.00,200.00,600.00,300.00,700.00,200.00C800.00,100.00,900.00,100.00,900.00,100.00"]
          RenderSVGText {text} at (13,8) size 800x0
            RenderSVGTextPath {textPath} at (0,0) size 101x42
              RenderSVGTSpan {tspan} at (0,0) size 101x42
                RenderSVGInlineText {#text} at (0,-17) size 100x41
                  text run at (0,-17) width 100: "sample"
            RenderSVGInlineText {#text} at (0,0) size 0x0
          RenderSVGText {text} at (15,60) size 800x0
            RenderSVGInlineText {#text} at (0,-10) size 118x13
              text run at (0,-10) width 118: "tspan dx=\"0,10,10,10,10,10\""
        RenderSVGContainer {g} at (13,150) size 122x73 [transform={m=((1.00,0.00)(0.00,1.00)) t=(0.00,160.00)}]
          RenderSVGContainer {use} at (14.89,167.29) size 120.11x30.43
            RenderSVGContainer {g} at (14.89,167.29) size 120.11x30.43
              RenderPath {path} at (14.89,167.29) size 120.11x30.43 [transform={m=((0.15,0.00)(0.00,0.15)) t=(0.00,0.00)}] [stroke={[type=SOLID] [color=#0000FF] [stroke width=2.00]}] [data="M100.00,200.00C200.00,100.00,300.00,0.00,400.00,100.00C500.00,200.00,600.00,300.00,700.00,200.00C800.00,100.00,900.00,100.00,900.00,100.00"]
          RenderSVGText {text} at (13,8) size 800x0
            RenderSVGTextPath {textPath} at (0,0) size 51x42
              RenderSVGInlineText {#text} at (0,-17) size 50x41
                text run at (0,-17) width 50: "sample"
            RenderSVGInlineText {#text} at (0,0) size 0x0
          RenderSVGText {text} at (35,60) size 800x0
            RenderSVGInlineText {#text} at (0,-10) size 72x13
              text run at (0,-10) width 72: "textLength=\"140\""
        RenderSVGContainer {g} at (163,150) size 122x73 [transform={m=((1.00,0.00)(0.00,1.00)) t=(150.00,160.00)}]
          RenderSVGContainer {use} at (164.89,167.29) size 120.11x30.43
            RenderSVGContainer {g} at (164.89,167.29) size 120.11x30.43
              RenderPath {path} at (164.89,167.29) size 120.11x30.43 [transform={m=((0.15,0.00)(0.00,0.15)) t=(0.00,0.00)}] [stroke={[type=SOLID] [color=#0000FF] [stroke width=2.00]}] [data="M100.00,200.00C200.00,100.00,300.00,0.00,400.00,100.00C500.00,200.00,600.00,300.00,700.00,200.00C800.00,100.00,900.00,100.00,900.00,100.00"]
          RenderSVGText {text} at (13,8) size 800x0
            RenderSVGTextPath {textPath} at (0,0) size 51x42
              RenderSVGInlineText {#text} at (0,-17) size 50x41
                text run at (0,-17) width 50: "sample"
            RenderSVGInlineText {#text} at (0,0) size 0x0
          RenderSVGText {text} at (35,60) size 800x0
            RenderSVGInlineText {#text} at (0,-10) size 67x13
              text run at (0,-10) width 67: "textLength=\"70\""
        RenderSVGContainer {g} at (313,150) size 122x73 [transform={m=((1.00,0.00)(0.00,1.00)) t=(300.00,160.00)}]
          RenderSVGContainer {use} at (314.89,167.29) size 120.11x30.43
            RenderSVGContainer {g} at (314.89,167.29) size 120.11x30.43
              RenderPath {path} at (314.89,167.29) size 120.11x30.43 [transform={m=((0.15,0.00)(0.00,0.15)) t=(0.00,0.00)}] [stroke={[type=SOLID] [color=#0000FF] [stroke width=2.00]}] [data="M100.00,200.00C200.00,100.00,300.00,0.00,400.00,100.00C500.00,200.00,600.00,300.00,700.00,200.00C800.00,100.00,900.00,100.00,900.00,100.00"]
          RenderSVGText {text} at (13,8) size 800x0
            RenderSVGTextPath {textPath} at (0,0) size 51x42
              RenderSVGInlineText {#text} at (0,-17) size 50x41
                text run at (0,-17) width 50: "sample"
            RenderSVGInlineText {#text} at (0,0) size 0x0
          RenderSVGText {text} at (35,60) size 800x0
            RenderSVGInlineText {#text} at (0,-10) size 54x13
              text run at (0,-10) width 54: "kerning=\"10\""
        RenderSVGContainer {g} at (13,240) size 122x93 [transform={m=((1.00,0.00)(0.00,1.00)) t=(0.00,250.00)}]
          RenderSVGContainer {use} at (14.89,257.29) size 120.11x30.43
            RenderSVGContainer {g} at (14.89,257.29) size 120.11x30.43
              RenderPath {path} at (14.89,257.29) size 120.11x30.43 [transform={m=((0.15,0.00)(0.00,0.15)) t=(0.00,0.00)}] [stroke={[type=SOLID] [color=#0000FF] [stroke width=2.00]}] [data="M100.00,200.00C200.00,100.00,300.00,0.00,400.00,100.00C500.00,200.00,600.00,300.00,700.00,200.00C800.00,100.00,900.00,100.00,900.00,100.00"]
          RenderSVGText {text} at (13,8) size 800x0
            RenderSVGTextPath {textPath} at (0,0) size 51x42
              RenderSVGInlineText {#text} at (0,-17) size 50x41
                text run at (0,-17) width 50: "sample"
            RenderSVGInlineText {#text} at (0,0) size 0x0
          RenderSVGText {text} at (35,60) size 800x0
            RenderSVGInlineText {#text} at (0,-10) size 72x13
              text run at (0,-10) width 72: "textLength=\"140\""
          RenderSVGText {text} at (35,70) size 800x0
            RenderSVGInlineText {#text} at (0,-10) size 58x13
              text run at (0,-10) width 58: "lengthAdjust="
          RenderSVGText {text} at (35,80) size 800x0
            RenderSVGInlineText {#text} at (0,-10) size 84x13
              text run at (0,-10) width 84: "\"spacingAndGlyphs\""
        RenderSVGContainer {g} at (163,240) size 122x93 [transform={m=((1.00,0.00)(0.00,1.00)) t=(150.00,250.00)}]
          RenderSVGContainer {use} at (164.89,257.29) size 120.11x30.43
            RenderSVGContainer {g} at (164.89,257.29) size 120.11x30.43
              RenderPath {path} at (164.89,257.29) size 120.11x30.43 [transform={m=((0.15,0.00)(0.00,0.15)) t=(0.00,0.00)}] [stroke={[type=SOLID] [color=#0000FF] [stroke width=2.00]}] [data="M100.00,200.00C200.00,100.00,300.00,0.00,400.00,100.00C500.00,200.00,600.00,300.00,700.00,200.00C800.00,100.00,900.00,100.00,900.00,100.00"]
          RenderSVGText {text} at (13,8) size 800x0
            RenderSVGTextPath {textPath} at (0,0) size 51x42
              RenderSVGInlineText {#text} at (0,-17) size 50x41
                text run at (0,-17) width 50: "sample"
            RenderSVGInlineText {#text} at (0,0) size 0x0
          RenderSVGText {text} at (35,60) size 800x0
            RenderSVGInlineText {#text} at (0,-10) size 67x13
              text run at (0,-10) width 67: "textLength=\"50\""
          RenderSVGText {text} at (35,70) size 800x0
            RenderSVGInlineText {#text} at (0,-10) size 58x13
              text run at (0,-10) width 58: "lengthAdjust="
          RenderSVGText {text} at (35,80) size 800x0
            RenderSVGInlineText {#text} at (0,-10) size 84x13
              text run at (0,-10) width 84: "\"spacingAndGlyphs\""
        RenderSVGContainer {g} at (305,240) size 132x93 [transform={m=((1.00,0.00)(0.00,1.00)) t=(300.00,250.00)}]
          RenderSVGContainer {use} at (314.89,257.29) size 120.11x30.43
            RenderSVGContainer {g} at (314.89,257.29) size 120.11x30.43
              RenderPath {path} at (314.89,257.29) size 120.11x30.43 [transform={m=((0.15,0.00)(0.00,0.15)) t=(0.00,0.00)}] [stroke={[type=SOLID] [color=#0000FF] [stroke width=2.00]}] [data="M100.00,200.00C200.00,100.00,300.00,0.00,400.00,100.00C500.00,200.00,600.00,300.00,700.00,200.00C800.00,100.00,900.00,100.00,900.00,100.00"]
          RenderSVGText {text} at (13,8) size 800x0
            RenderSVGTextPath {textPath} at (0,0) size 51x42
              RenderSVGInlineText {#text} at (0,-17) size 50x41
                text run at (0,-17) width 50: "sample"
            RenderSVGInlineText {#text} at (0,0) size 0x0
          RenderSVGText {text} at (5,60) size 800x0
            RenderSVGInlineText {#text} at (0,-10) size 132x13
              text run at (0,-10) width 132: "textLength=\"140\", kerning=\"10\""
          RenderSVGText {text} at (5,70) size 800x0
            RenderSVGInlineText {#text} at (0,-10) size 58x13
              text run at (0,-10) width 58: "lengthAdjust="
          RenderSVGText {text} at (5,80) size 800x0
            RenderSVGInlineText {#text} at (0,-10) size 84x13
              text run at (0,-10) width 84: "\"spacingAndGlyphs\""
        RenderSVGContainer {g} at (14,340) size 121x73 [transform={m=((1.00,0.00)(0.00,1.00)) t=(0.00,350.00)}]
          RenderSVGContainer {use} at (14.89,357.29) size 120.11x30.43
            RenderSVGContainer {g} at (14.89,357.29) size 120.11x30.43
              RenderPath {path} at (14.89,357.29) size 120.11x30.43 [transform={m=((0.15,0.00)(0.00,0.15)) t=(0.00,0.00)}] [stroke={[type=SOLID] [color=#0000FF] [stroke width=2.00]}] [data="M100.00,200.00C200.00,100.00,300.00,0.00,400.00,100.00C500.00,200.00,600.00,300.00,700.00,200.00C800.00,100.00,900.00,100.00,900.00,100.00"]
          RenderSVGText {text} at (14,8) size 800x0
            RenderSVGTextPath {textPath} at (0,0) size 33x43
              RenderSVGInlineText {#text} at (0,-17) size 33x42
                text run at (0,-17) width 33: "sample"
            RenderSVGInlineText {#text} at (0,0) size 0x0
          RenderSVGText {text} at (35,60) size 800x0
            RenderSVGInlineText {#text} at (0,-10) size 75x13
              text run at (0,-10) width 75: "letter-spacing=\"-3\""
        RenderSVGContainer {g} at (163,340) size 122x83 [transform={m=((1.00,0.00)(0.00,1.00)) t=(150.00,350.00)}]
          RenderSVGContainer {use} at (164.89,357.29) size 120.11x30.43
            RenderSVGContainer {g} at (164.89,357.29) size 120.11x30.43
              RenderPath {path} at (164.89,357.29) size 120.11x30.43 [transform={m=((0.15,0.00)(0.00,0.15)) t=(0.00,0.00)}] [stroke={[type=SOLID] [color=#0000FF] [stroke width=2.00]}] [data="M100.00,200.00C200.00,100.00,300.00,0.00,400.00,100.00C500.00,200.00,600.00,300.00,700.00,200.00C800.00,100.00,900.00,100.00,900.00,100.00"]
          RenderSVGText {text} at (13,8) size 800x0
            RenderSVGTextPath {textPath} at (0,0) size 102x50
              RenderSVGInlineText {#text} at (0,-17) size 101x49
                text run at (0,-17) width 101: "sample sample"
            RenderSVGInlineText {#text} at (0,0) size 0x0
          RenderSVGText {text} at (35,60) size 800x0
            RenderSVGInlineText {#text} at (0,-10) size 72x13
              text run at (0,-10) width 72: "textLength=\"140\""
          RenderSVGText {text} at (35,70) size 800x0
            RenderSVGInlineText {#text} at (0,-10) size 84x13
              text run at (0,-10) width 84: "word-spacing=\"2em\""
        RenderSVGContainer {g} at (313,340) size 122x103 [transform={m=((1.00,0.00)(0.00,1.00)) t=(300.00,350.00)}]
          RenderSVGContainer {use} at (314.89,357.29) size 120.11x30.43
            RenderSVGContainer {g} at (314.89,357.29) size 120.11x30.43
              RenderPath {path} at (314.89,357.29) size 120.11x30.43 [transform={m=((0.15,0.00)(0.00,0.15)) t=(0.00,0.00)}] [stroke={[type=SOLID] [color=#0000FF] [stroke width=2.00]}] [data="M100.00,200.00C200.00,100.00,300.00,0.00,400.00,100.00C500.00,200.00,600.00,300.00,700.00,200.00C800.00,100.00,900.00,100.00,900.00,100.00"]
          RenderSVGText {text} at (13,8) size 800x0
            RenderSVGTextPath {textPath} at (0,0) size 102x50
              RenderSVGInlineText {#text} at (0,-17) size 101x49
                text run at (0,-17) width 101: "sample sample"
            RenderSVGInlineText {#text} at (0,0) size 0x0
          RenderSVGText {text} at (35,60) size 800x0
            RenderSVGInlineText {#text} at (0,-10) size 72x13
              text run at (0,-10) width 72: "textLength=\"140\""
          RenderSVGText {text} at (35,70) size 800x0
            RenderSVGInlineText {#text} at (0,-10) size 75x13
              text run at (0,-10) width 75: "word-spacing=\"-5\""
          RenderSVGText {text} at (35,80) size 800x0
            RenderSVGInlineText {#text} at (0,-10) size 58x13
              text run at (0,-10) width 58: "lengthAdjust="
          RenderSVGText {text} at (35,90) size 800x0
            RenderSVGInlineText {#text} at (0,-10) size 84x13
              text run at (0,-10) width 84: "\"spacingAndGlyphs\""
      RenderSVGContainer {use} at (0,0) size 0x0
