layer at (0,0) size 800x600
  RenderView at (0,0) size 800x600
    RenderSVGContainer {svg} at (90,36) size 249x433
      RenderSVGHiddenContainer {defs} at (0,0) size 0x0
        RenderSVGText {text} at (0,0) size 800x0
          RenderSVGInlineText {#text} at (0,-14) size 44x18
            text run at (0,-14) width 44: "sample"
      RenderSVGContainer {g} at (90,36) size 249x433
        RenderSVGText {text} at (153,50) size 800x0
          RenderSVGInlineText {#text} at (0,-14) size 170x17
            text run at (0,-14) width 170: "Text Layout Properties (2)"
        RenderSVGText {text} at (186,75) size 800x0
          RenderSVGInlineText {#text} at (0,-10) size 77x13
            text run at (0,-10) width 77: "Baseline Properties"
        RenderSVGContainer {g} at (154,88) size 141x49
          RenderSVGText {text} at (161,101) size 800x0
            RenderSVGTSpan {tspan} at (0,0) size 34x17 [color=#0000FF]
              RenderSVGInlineText {#text} at (0,-12) size 34x17
                text run at (0,-12) width 34: "super"
            RenderSVGInlineText {#text} at (34,-4) size 31x17
              text run at (34,-4) width 31: " and "
            RenderSVGTSpan {tspan} at (0,0) size 22x17 [color=#008000]
              RenderSVGInlineText {#text} at (65,4) size 22x17
                text run at (65,4) width 22: "sub"
            RenderSVGInlineText {#text} at (87,-4) size 40x17
              text run at (87,-4) width 40: "scripts"
          RenderSVGText {text} at (154,135) size 800x0
            RenderSVGInlineText {#text} at (0,-7) size 141x9
              text run at (0,-7) width 141: "baseline-shift=\"super\"/baseline-shift=\"sub\""
        RenderSVGContainer {g} at (115,149) size 220x33
          RenderSVGText {text} at (115,162) size 800x0
            RenderSVGTSpan {tspan} at (0,0) size 49x17 [color=#0000FF]
              RenderSVGInlineText {#text} at (0,-13) size 49x17
                text run at (0,-13) width 49: "positive"
            RenderSVGInlineText {#text} at (49,-10) size 31x17
              text run at (49,-10) width 31: " and "
            RenderSVGTSpan {tspan} at (0,0) size 57x17 [color=#008000]
              RenderSVGInlineText {#text} at (80,-7) size 57x17
                text run at (80,-7) width 57: "negative "
            RenderSVGInlineText {#text} at (137,-10) size 83x17
              text run at (137,-10) width 83: "baseline-shift"
          RenderSVGText {text} at (185,180) size 800x0
            RenderSVGInlineText {#text} at (0,-7) size 80x9
              text run at (0,-7) width 80: "baseline-shift=\"+/-20%\""
        RenderSVGText {text} at (174,210) size 800x0
          RenderSVGInlineText {#text} at (0,-10) size 102x13
            text run at (0,-10) width 102: "Multi-line Text Selection"
        RenderSVGText {text} at (159,225) size 800x0
          RenderSVGInlineText {#text} at (0,-7) size 131x9
            text run at (0,-7) width 131: "(Try selecting the following text regions)"
        RenderSVGText {text} at (120,250) size 800x0
          RenderSVGTSpan {tspan} at (0,0) size 207x17
            RenderSVGInlineText {#text} at (0,-13) size 207x17
              text run at (0,-13) width 207: "Text selections can span multiple"
          RenderSVGInlineText {#text} at (207,-13) size 4x17
            text run at (207,-13) width 4: " "
          RenderSVGTSpan {tspan} at (0,0) size 168x17
            RenderSVGInlineText {#text} at (0,2) size 168x17
              text run at (0,2) width 168: "lines via <tspan> elements."
          RenderSVGInlineText {#text} at (0,0) size 0x0
        RenderSVGText {text} at (0,-50) size 800x0 [color=#0000FF]
          RenderSVGTSpan {tspan} at (0,0) size 105x123
            RenderSVGInlineText {#text} at (0,-18) size 105x123
              text run at (0,-18) width 105: "Text-circle."
          RenderSVGInlineText {#text} at (0,0) size 0x0
        RenderSVGText {text} at (0,0) size 800x0 [color=#008000]
          RenderSVGInlineText {#text} at (0,-18) size 89x103
            text run at (0,-18) width 89: "Text-in-a-square"
        RenderSVGText {text} at (149,450) size 800x0
          RenderSVGInlineText {#text} at (0,-13) size 63x17
            text run at (0,-13) width 63: "Text with "
          RenderSVGTSpan {tspan} at (0,0) size 43x17 [color=#FF0000]
            RenderSVGInlineText {#text} at (63,-13) size 43x17
              text run at (63,-13) width 43: "rotated"
          RenderSVGInlineText {#text} at (106,-13) size 46x17
            text run at (106,-13) width 46: " glyphs"
        RenderSVGText {text} at (162,465) size 800x0
          RenderSVGInlineText {#text} at (0,-13) size 126x17
            text run at (0,-13) width 126: "More rotated glyphs"
      RenderSVGContainer {use} at (0,0) size 0x0
