layer at (0,0) size 800x600
  RenderView at (0,0) size 800x600
    RenderSVGContainer {svg} at (29.50,26) size 437.50x454.50
      RenderSVGText {text} at (107,40) size 800x0
        RenderSVGInlineText {#text} at (0,-14) size 236x17
          text run at (0,-14) width 236: "Text on Path with trailing <tspan>"
      RenderPath {rect} at (29.50,49.50) size 391x21 [stroke={[type=SOLID] [color=#000000]}] [fill={[type=SOLID] [color=#000000]}] [data="M30.00,50.00L420.00,50.00L420.00,70.00L30.00,70.00"]
      RenderPath {rect} at (29.50,69.50) size 391x121 [stroke={[type=SOLID] [color=#000000]}] [fill={[type=SOLID] [color=#FFFFFF]}] [data="M30.00,70.00L420.00,70.00L420.00,190.00L30.00,190.00"]
      RenderSVGText {text} at (40,64) size 800x0 [color=#FFFFFF]
        RenderSVGInlineText {#text} at (0,-13) size 319x17
          text run at (0,-13) width 319: "Text with embedded textPath and multiple trailing tspan"
      RenderPath {rect} at (29.50,194.50) size 391x21 [stroke={[type=SOLID] [color=#000000]}] [fill={[type=SOLID] [color=#000000]}] [data="M30.00,195.00L420.00,195.00L420.00,215.00L30.00,215.00"]
      RenderPath {rect} at (29.50,214.50) size 391x121 [stroke={[type=SOLID] [color=#000000]}] [fill={[type=SOLID] [color=#FFFFFF]}] [data="M30.00,215.00L420.00,215.00L420.00,335.00L30.00,335.00"]
      RenderSVGText {text} at (40,209) size 800x0 [color=#FFFFFF]
        RenderSVGInlineText {#text} at (0,-13) size 177x17
          text run at (0,-13) width 177: "textPath has startOffset=\"10%\""
      RenderPath {rect} at (29.50,339.50) size 391x21 [stroke={[type=SOLID] [color=#000000]}] [fill={[type=SOLID] [color=#000000]}] [data="M30.00,340.00L420.00,340.00L420.00,360.00L30.00,360.00"]
      RenderPath {rect} at (29.50,359.50) size 391x121 [stroke={[type=SOLID] [color=#000000]}] [fill={[type=SOLID] [color=#FFFFFF]}] [data="M30.00,360.00L420.00,360.00L420.00,480.00L30.00,480.00"]
      RenderSVGText {text} at (40,354) size 800x0 [color=#FFFFFF]
        RenderSVGInlineText {#text} at (0,-13) size 230x17
          text run at (0,-13) width 230: "textPath with startOffset and text-anchor"
      RenderSVGHiddenContainer {defs} at (0,0) size 0x0
        RenderPath {path} at (99.50,-125.67) size 141x125.67 [stroke={[type=SOLID] [color=#0000FF]}] [data="M100.00,0.00C100.00,-125.00,240.00,-125.00,240.00,0.00"]
      RenderSVGContainer {g} at (50,59.33) size 402x129.67 [transform={m=((1.00,0.00)(0.00,1.00)) t=(40.00,185.00)}]
        RenderSVGContainer {use} at (139.50,59.33) size 141x125.67
          RenderSVGContainer {g} at (139.50,59.33) size 141x125.67
            RenderPath {path} at (139.50,59.33) size 141x125.67 [stroke={[type=SOLID] [color=#0000FF]}] [data="M100.00,0.00C100.00,-125.00,240.00,-125.00,240.00,0.00"]
        RenderSVGText {text} at (10,-104) size 800x0
          RenderSVGInlineText {#text} at (0,90) size 87x18
            text run at (0,90) width 87: "This is simple"
          RenderSVGTextPath {textPath} at (0,0) size 128x119 [color=#DC143C]
            RenderSVGInlineText {#text} at (86,15) size 33x90
              text run at (86,15) width 33: "text on a path"
            RenderSVGTSpan {tspan} at (0,0) size 69x30 [color=#FFA500]
              RenderSVGInlineText {#text} at (117,-13) size 68x30
                text run at (117,-13) width 68: "with nested"
            RenderSVGTSpan {tspan} at (0,0) size 29x39 [color=#008000]
              RenderSVGInlineText {#text} at (185,2) size 29x38
                text run at (185,2) width 29: " tspan"
          RenderSVGInlineText {#text} at (218,23) size 32x18
            text run at (218,23) width 32: " xxx "
          RenderSVGTSpan {tspan} at (0,0) size 51x18 [color=#0000FF]
            RenderSVGInlineText {#text} at (260,23) size 51x18
              text run at (260,23) width 51: "all with "
          RenderSVGInlineText {#text} at (311,23) size 91x18
            text run at (311,23) width 91: "different links."
      RenderSVGContainer {g} at (50,204.33) size 414x129.67 [transform={m=((1.00,0.00)(0.00,1.00)) t=(40.00,330.00)}]
        RenderSVGContainer {use} at (139.50,204.33) size 141x125.67
          RenderSVGContainer {g} at (139.50,204.33) size 141x125.67
            RenderPath {path} at (139.50,204.33) size 141x125.67 [stroke={[type=SOLID] [color=#0000FF]}] [data="M100.00,0.00C100.00,-125.00,240.00,-125.00,240.00,0.00"]
        RenderSVGText {text} at (10,-104) size 800x0
          RenderSVGInlineText {#text} at (0,90) size 87x18
            text run at (0,90) width 87: "This is simple"
          RenderSVGTextPath {textPath} at (0,0) size 136x94 [color=#DC143C]
            RenderSVGInlineText {#text} at (90,0) size 50x79
              text run at (90,0) width 50: "text on a path"
            RenderSVGTSpan {tspan} at (0,0) size 67x36 [color=#FFA500]
              RenderSVGInlineText {#text} at (140,-13) size 66x36
                text run at (140,-13) width 66: "with nested"
            RenderSVGTSpan {tspan} at (0,0) size 21x44 [color=#008000]
              RenderSVGInlineText {#text} at (205,19) size 21x44
                text run at (205,19) width 21: " tspan"
          RenderSVGInlineText {#text} at (230,45) size 31x18
            text run at (230,45) width 31: " xxx "
          RenderSVGTSpan {tspan} at (0,0) size 51x18 [color=#0000FF]
            RenderSVGInlineText {#text} at (272,45) size 51x18
              text run at (272,45) width 51: "all with "
          RenderSVGInlineText {#text} at (323,45) size 91x18
            text run at (323,45) width 91: "different links."
      RenderSVGContainer {g} at (50,349.33) size 417x129.67 [transform={m=((1.00,0.00)(0.00,1.00)) t=(40.00,475.00)}]
        RenderSVGContainer {use} at (139.50,349.33) size 141x125.67
          RenderSVGContainer {g} at (139.50,349.33) size 141x125.67
            RenderPath {path} at (139.50,349.33) size 141x125.67 [stroke={[type=SOLID] [color=#0000FF]}] [data="M100.00,0.00C100.00,-125.00,240.00,-125.00,240.00,0.00"]
        RenderSVGText {text} at (10,-104) size 800x0
          RenderSVGInlineText {#text} at (0,90) size 87x18
            text run at (0,90) width 87: "This is simple"
          RenderSVGTextPath {textPath} at (0,0) size 137x86 [color=#DC143C]
            RenderSVGInlineText {#text} at (92,-1) size 55x74
              text run at (92,-1) width 55: "text on a path"
            RenderSVGTSpan {tspan} at (0,0) size 64x42 [color=#FFA500]
              RenderSVGInlineText {#text} at (148,-13) size 64x41
                text run at (148,-13) width 64: "with nested"
            RenderSVGTSpan {tspan} at (0,0) size 19x45 [color=#008000]
              RenderSVGInlineText {#text} at (210,25) size 18x45
                text run at (210,25) width 18: " tspan"
          RenderSVGInlineText {#text} at (233,52) size 32x18
            text run at (233,52) width 32: " xxx "
          RenderSVGTSpan {tspan} at (0,0) size 51x18 [color=#0000FF]
            RenderSVGInlineText {#text} at (275,52) size 51x18
              text run at (275,52) width 51: "all with "
          RenderSVGInlineText {#text} at (326,52) size 91x18
            text run at (326,52) width 91: "different links."
