KCanvasResource {id="textClip" [type=CLIPPER] [clip data=[]]}
KRenderingPaintServer {id="gradient" [type=LINEAR-GRADIENT] [stops=[(0.00,#0000FF), (1.00,#008000)]] [bounding box mode=0] [start=(-50,-25)] [end=(50,25)]}
layer at (0,0) size 800x600
  RenderView at (0,0) size 800x600
    RenderSVGContainer {svg} at (15,36) size 415x433
      RenderSVGHiddenContainer {defs} at (0,0) size 0x0
        RenderSVGText {text} at (-22,0) size 800x0
          RenderSVGInlineText {#text} at (0,-14) size 44x18
            text run at (0,-14) width 44: "sample"
      RenderSVGContainer {g} at (15,36) size 415x433
        RenderSVGText {text} at (78,50) size 800x0
          RenderSVGInlineText {#text} at (0,-14) size 332x17
            text run at (0,-14) width 332: "Text Alignment, Geometry, References, and Spans"
        RenderSVGContainer {g} at (154,70) size 188x70
          RenderPath {line} at (224.50,70) size 1x70 [stroke={[type=SOLID] [color=#808080]}] [fill={[type=SOLID] [color=#000000]}] [data="M225.00,70.00L225.00,140.00"]
          RenderSVGText {text} at (225,90) size 800x0 [color=#191970]
            RenderSVGInlineText {#text} at (0,-13) size 117x17
              text run at (0,-13) width 117: "text-anchor=\"start\""
          RenderSVGText {text} at (181,110) size 800x0 [color=#8B0000]
            RenderSVGInlineText {#text} at (0,-13) size 134x17
              text run at (0,-13) width 134: "text-anchor=\"middle\""
          RenderSVGText {text} at (154,130) size 800x0 [color=#228B22]
            RenderSVGInlineText {#text} at (0,-13) size 114x17
              text run at (0,-13) width 114: "text-anchor=\"end\""
        RenderSVGContainer {g} at (45,145) size 109x54 [transform={m=((1.00,0.00)(0.00,1.00)) t=(100.00,180.00)}]
          RenderSVGText {text} at (-55,0) size 800x0
            RenderSVGInlineText {#text} at (0,-35) size 109x45
              text run at (0,-35) width 109: "sample"
          RenderSVGText {text} at (-52,15) size 800x0
            RenderSVGInlineText {#text} at (0,-14) size 104x18
              text run at (0,-14) width 104: "font-size=\"1cm\""
        RenderSVGContainer {g} at (168,151) size 114x48 [transform={m=((1.00,0.00)(0.00,1.00)) t=(225.00,180.00)}]
          RenderSVGText {text} at (-45,0) size 800x0
            RenderSVGInlineText {#text} at (0,-29) size 90x37
              text run at (0,-29) width 90: "sample"
          RenderSVGText {text} at (-57,15) size 800x0
            RenderSVGInlineText {#text} at (0,-14) size 114x18
              text run at (0,-14) width 114: "font-size=\"200%\""
        RenderSVGContainer {g} at (293,144) size 114x55 [transform={m=((1.00,0.00)(0.00,1.00)) t=(350.00,180.00)}]
          RenderSVGText {text} at (-57,0) size 800x0
            RenderSVGInlineText {#text} at (0,-36) size 114x46
              text run at (0,-36) width 114: "sample"
          RenderSVGText {text} at (-47,15) size 800x0
            RenderSVGInlineText {#text} at (0,-14) size 93x18
              text run at (0,-14) width 93: "font-size=\"28\""
        RenderSVGContainer {g} at (20,197) size 159x47 [transform={m=((1.00,0.00)(0.00,1.00)) t=(100.00,225.00)}]
          RenderSVGText {text} at (-42,0) size 800x0
            RenderSVGInline {tref} at (0,0) size 84x36
              RenderSVGInlineText {#text} at (0,-28) size 84x36
                text run at (0,-28) width 84: "sample"
          RenderSVGText {text} at (-80,15) size 800x0
            RenderSVGInlineText {#text} at (0,-14) size 159x18
              text run at (0,-14) width 159: "referenced text via <tref>"
        RenderSVGContainer {g} at (178,197) size 94x47 [transform={m=((1.00,0.00)(0.00,1.00)) t=(225.00,225.00)}]
          RenderSVGText {text} at (-39,0) size 800x0
            RenderSVGInlineText {#text} at (0,-28) size 25x36
              text run at (0,-28) width 25: "sa"
            RenderSVGTSpan {tspan} at (0,0) size 24x36 [color=#8B0000]
              RenderSVGInlineText {#text} at (25,-28) size 25x36
                text run at (25,-28) width 25: "m"
            RenderSVGInlineText {#text} at (50,-28) size 36x36
              text run at (50,-28) width 36: "ple"
          RenderSVGText {text} at (-47,15) size 800x0
            RenderSVGInlineText {#text} at (0,-14) size 93x18
              text run at (0,-14) width 93: "use of <tspan>"
        RenderSVGContainer {g} at (270,197) size 160x47 [transform={m=((1.00,0.00)(0.00,1.00)) t=(350.00,225.00)}]
          RenderSVGContainer {g} at (308,197) size 84x36
            RenderSVGContainer {use} at (308,197) size 84x36
              RenderSVGContainer {g} at (308,197) size 84x36
                RenderSVGText {text} at (-42,0) size 800x0
                  RenderSVGInlineText {#text} at (0,-28) size 84x36
                    text run at (0,-28) width 84: "sample"
          RenderSVGText {text} at (-80,15) size 800x0
            RenderSVGInlineText {#text} at (0,-14) size 160x18
              text run at (0,-14) width 160: "predefined text via <use>"
        RenderSVGText {text} at (156,280) size 800x0
          RenderSVGInlineText {#text} at (0,-13) size 163x17
            text run at (0,-13) width 163: "Text Rendering Properties"
        RenderSVGContainer {g} at (24,297) size 152x42 [transform={m=((1.00,0.00)(0.00,1.00)) t=(100.00,305.00)}]
          RenderSVGContainer {g} at (58.00,297) size 84x36 [transform={m=((-1.00,-0.00)(0.00,-1.00)) t=(0.00,0.00)}]
            RenderSVGContainer {use} at (58.00,297) size 84x36
              RenderSVGContainer {g} at (58.00,297) size 84x36
                RenderSVGText {text} at (-42,0) size 800x0
                  RenderSVGInlineText {#text} at (0,-28) size 84x36
                    text run at (0,-28) width 84: "sample"
          RenderSVGText {text} at (-76,30) size 800x0
            RenderSVGInlineText {#text} at (0,-14) size 152x18
              text run at (0,-14) width 152: "transform=\"rotate(180)\""
        RenderSVGContainer {g} at (180,292) size 89x47 [transform={m=((1.00,0.00)(0.00,1.00)) t=(225.00,320.00)}]
          RenderSVGContainer {g} at (183,292) size 84x36 [opacity=0.50]
            RenderSVGContainer {use} at (183,292) size 84x36
              RenderSVGContainer {g} at (183,292) size 84x36
                RenderSVGText {text} at (-42,0) size 800x0
                  RenderSVGInlineText {#text} at (0,-28) size 84x36
                    text run at (0,-28) width 84: "sample"
          RenderSVGText {text} at (-45,15) size 800x0
            RenderSVGInlineText {#text} at (0,-14) size 89x18
              text run at (0,-14) width 89: "opacity=\"0.5\""
        RenderSVGContainer {g} at (301,292) size 98x47 [transform={m=((1.00,0.00)(0.00,1.00)) t=(350.00,320.00)}]
          RenderSVGContainer {g} at (308,292) size 84x36
            RenderSVGContainer {use} at (308,292) size 84x36
              RenderSVGContainer {g} at (308,292) size 84x36
                RenderSVGText {text} at (-42,0) size 800x0 [color=#8B0000]
                  RenderSVGInlineText {#text} at (0,-28) size 84x36
                    text run at (0,-28) width 84: "sample"
          RenderSVGText {text} at (-49,15) size 800x0
            RenderSVGInlineText {#text} at (0,-14) size 98x18
              text run at (0,-14) width 98: "fill=\"DarkRed\""
        RenderSVGContainer {g} at (15,342) size 169x47 [transform={m=((1.00,0.00)(0.00,1.00)) t=(100.00,370.00)}]
          RenderSVGContainer {g} at (58,342) size 84x36 [filter=#gaussianBlur]
            RenderSVGContainer {use} at (58,342) size 84x36
              RenderSVGContainer {g} at (58,342) size 84x36
                RenderSVGText {text} at (-42,0) size 800x0
                  RenderSVGInlineText {#text} at (0,-28) size 84x36
                    text run at (0,-28) width 84: "sample"
          RenderSVGText {text} at (-85,15) size 800x0
            RenderSVGInlineText {#text} at (0,-14) size 169x18
              text run at (0,-14) width 169: "filter=\"url(#gaussianBlur)\""
        RenderSVGContainer {g} at (150,342) size 149x57 [transform={m=((1.00,0.00)(0.00,1.00)) t=(225.00,370.00)}]
          RenderSVGContainer {g} at (183,342) size 84x36
            RenderSVGContainer {use} at (183,342) size 84x36
              RenderSVGContainer {g} at (183,342) size 84x36
                RenderSVGText {text} at (-42,0) size 800x0 [color=#191970]
                  RenderSVGInlineText {#text} at (0,-28) size 84x36
                    text run at (0,-28) width 84: "sample"
          RenderSVGText {text} at (-44,15) size 800x0
            RenderSVGInlineText {#text} at (0,-14) size 87x18
              text run at (0,-14) width 87: "fill=\"yellow\";"
          RenderSVGText {text} at (-75,25) size 800x0
            RenderSVGInlineText {#text} at (0,-14) size 149x18
              text run at (0,-14) width 149: "stroke=\"MidnightBlue\""
        RenderSVGHiddenContainer {defs} at (0,0) size 0x0
          RenderSVGHiddenContainer {linearGradient} at (0,0) size 0x0
            RenderSVGGradientStop {stop} at (0,0) size 0x0
            RenderSVGGradientStop {stop} at (0,0) size 0x0
        RenderSVGContainer {g} at (300,345) size 100x50 [transform={m=((1.00,0.00)(0.00,1.00)) t=(350.00,370.00)}]
          RenderPath {rect} at (300,345) size 100x50 [fill={[type=LINEAR-GRADIENT] [stops=[(0.00,#0000FF), (1.00,#008000)]] [bounding box mode=0] [start=(-50,-25)] [end=(50,25)]}] [clip path="#textClip"] [data="M-50.00,-25.00L50.00,-25.00L50.00,25.00L-50.00,25.00"]
          RenderSVGText {text} at (-50,15) size 800x0
            RenderSVGInlineText {#text} at (0,-14) size 99x18
              text run at (0,-14) width 99: "text as clip-path"
        RenderSVGText {text} at (142,440) size 800x0 [color=#8B0000]
          RenderSVGInlineText {#text} at (0,-54) size 27x69
            text run at (0,-54) width 27: "a"
        RenderSVGText {text} at (77,455) size 800x0
          RenderSVGInlineText {#text} at (0,-14) size 145x18
            text run at (0,-14) width 145: "stroke-linejoin=\"miter\""
        RenderSVGText {text} at (74,465) size 800x0
          RenderSVGInlineText {#text} at (0,-14) size 152x18
            text run at (0,-14) width 152: "stroke-linecap=\"square\""
        RenderSVGText {text} at (292,440) size 800x0 [color=#8B0000]
          RenderSVGInlineText {#text} at (0,-54) size 27x69
            text run at (0,-54) width 27: "a"
        RenderSVGText {text} at (225,455) size 800x0
          RenderSVGInlineText {#text} at (0,-14) size 150x18
            text run at (0,-14) width 150: "stroke-linejoin=\"round\""
        RenderSVGText {text} at (226,465) size 800x0
          RenderSVGInlineText {#text} at (0,-14) size 148x18
            text run at (0,-14) width 148: "stroke-linecap=\"round\""
      RenderSVGContainer {use} at (0,0) size 0x0
