layer at (0,0) size 800x600
  RenderView at (0,0) size 800x600
    RenderSVGContainer {svg} at (-71,36) size 581x397
      RenderSVGHiddenContainer {defs} at (0,0) size 0x0
        RenderSVGText {text} at (-22,0) size 800x0
          RenderSVGInlineText {#text} at (0,-14) size 44x18
            text run at (0,-14) width 44: "sample"
      RenderSVGContainer {g} at (-71,36) size 581x397
        RenderSVGText {text} at (151,50) size 800x0
          RenderSVGInlineText {#text} at (0,-14) size 180x17
            text run at (0,-14) width 180: "Text Font Faces and Styles"
        RenderSVGText {text} at (184,75) size 800x0
          RenderSVGInlineText {#text} at (0,-10) size 82x13
            text run at (0,-10) width 82: "Standard Font Faces"
        RenderSVGContainer {g} at (-52,82) size 304x51 [transform={m=((1.00,0.00)(0.00,1.00)) t=(100.00,110.00)}]
          RenderSVGContainer {use} at (58,82) size 84x36
            RenderSVGContainer {g} at (58,82) size 84x36
              RenderSVGText {text} at (-42,0) size 800x0
                RenderSVGInlineText {#text} at (0,-28) size 84x36
                  text run at (0,-28) width 84: "sample"
          RenderSVGText {text} at (-152,15) size 800x0
            RenderSVGInlineText {#text} at (0,-28) size 304x36
              text run at (0,-28) width 304: "SansSerif, normal weight"
        RenderSVGContainer {g} at (133,82) size 184x51 [transform={m=((1.00,0.00)(0.00,1.00)) t=(225.00,110.00)}]
          RenderSVGContainer {use} at (180,82) size 90x36
            RenderSVGContainer {g} at (180,82) size 90x36
              RenderSVGText {text} at (-45,0) size 800x0
                RenderSVGInlineText {#text} at (0,-28) size 90x36
                  text run at (0,-28) width 90: "sample"
          RenderSVGText {text} at (-92,15) size 800x0
            RenderSVGInlineText {#text} at (0,-28) size 184x36
              text run at (0,-28) width 184: "SansSerif, bold"
        RenderSVGContainer {g} at (240,82) size 220x51 [transform={m=((1.00,0.00)(0.00,1.00)) t=(350.00,110.00)}]
          RenderSVGContainer {use} at (307,82) size 85x36
            RenderSVGContainer {g} at (307,82) size 85x36
              RenderSVGText {text} at (-43,0) size 800x0
                RenderSVGInlineText {#text} at (0,-28) size 85x36
                  text run at (0,-28) width 85: "sample"
          RenderSVGText {text} at (-110,15) size 800x0
            RenderSVGInlineText {#text} at (0,-28) size 220x36
              text run at (0,-28) width 220: "SansSerif, oblique"
        RenderSVGContainer {g} at (-24,132) size 247x51 [transform={m=((1.00,0.00)(0.00,1.00)) t=(100.00,160.00)}]
          RenderSVGContainer {use} at (58,132) size 84x36
            RenderSVGContainer {g} at (58,132) size 84x36
              RenderSVGText {text} at (-42,0) size 800x0
                RenderSVGInlineText {#text} at (0,-28) size 84x36
                  text run at (0,-28) width 84: "sample"
          RenderSVGText {text} at (-124,15) size 800x0
            RenderSVGInlineText {#text} at (0,-28) size 247x36
              text run at (0,-28) width 247: "Serif, normal weight"
        RenderSVGContainer {g} at (161,132) size 127x51 [transform={m=((1.00,0.00)(0.00,1.00)) t=(225.00,160.00)}]
          RenderSVGContainer {use} at (180,132) size 90x36
            RenderSVGContainer {g} at (180,132) size 90x36
              RenderSVGText {text} at (-45,0) size 800x0
                RenderSVGInlineText {#text} at (0,-28) size 90x36
                  text run at (0,-28) width 90: "sample"
          RenderSVGText {text} at (-64,15) size 800x0
            RenderSVGInlineText {#text} at (0,-28) size 127x36
              text run at (0,-28) width 127: "Serif, bold"
        RenderSVGContainer {g} at (268,132) size 163x51 [transform={m=((1.00,0.00)(0.00,1.00)) t=(350.00,160.00)}]
          RenderSVGContainer {use} at (307,132) size 85x36
            RenderSVGContainer {g} at (307,132) size 85x36
              RenderSVGText {text} at (-43,0) size 800x0
                RenderSVGInlineText {#text} at (0,-28) size 85x36
                  text run at (0,-28) width 85: "sample"
          RenderSVGText {text} at (-82,15) size 800x0
            RenderSVGInlineText {#text} at (0,-28) size 163x36
              text run at (0,-28) width 163: "Serif, oblique"
        RenderSVGContainer {g} at (-71,182) size 342x51 [transform={m=((1.00,0.00)(0.00,1.00)) t=(100.00,210.00)}]
          RenderSVGContainer {use} at (58,182) size 84x36
            RenderSVGContainer {g} at (58,182) size 84x36
              RenderSVGText {text} at (-42,0) size 800x0
                RenderSVGInlineText {#text} at (0,-28) size 84x36
                  text run at (0,-28) width 84: "sample"
          RenderSVGText {text} at (-171,15) size 800x0
            RenderSVGInlineText {#text} at (0,-28) size 342x36
              text run at (0,-28) width 342: "Monospaced, normal weight"
        RenderSVGContainer {g} at (114,182) size 222x51 [transform={m=((1.00,0.00)(0.00,1.00)) t=(225.00,210.00)}]
          RenderSVGContainer {use} at (180,182) size 90x36
            RenderSVGContainer {g} at (180,182) size 90x36
              RenderSVGText {text} at (-45,0) size 800x0
                RenderSVGInlineText {#text} at (0,-28) size 90x36
                  text run at (0,-28) width 90: "sample"
          RenderSVGText {text} at (-111,15) size 800x0
            RenderSVGInlineText {#text} at (0,-28) size 222x36
              text run at (0,-28) width 222: "Monospaced, bold"
        RenderSVGContainer {g} at (221,182) size 258x51 [transform={m=((1.00,0.00)(0.00,1.00)) t=(350.00,210.00)}]
          RenderSVGContainer {use} at (307,182) size 85x36
            RenderSVGContainer {g} at (307,182) size 85x36
              RenderSVGText {text} at (-43,0) size 800x0
                RenderSVGInlineText {#text} at (0,-28) size 85x36
                  text run at (0,-28) width 85: "sample"
          RenderSVGText {text} at (-129,15) size 800x0
            RenderSVGInlineText {#text} at (0,-28) size 258x36
              text run at (0,-28) width 258: "Monospaced, oblique"
        RenderSVGContainer {g} at (49,232) size 102x51 [transform={m=((1.00,0.00)(0.00,1.00)) t=(100.00,260.00)}]
          RenderSVGContainer {use} at (58,232) size 84x36
            RenderSVGContainer {g} at (58,232) size 84x36
              RenderSVGText {text} at (-42,0) size 800x0
                RenderSVGInlineText {#text} at (0,-28) size 84x36
                  text run at (0,-28) width 84: "sample"
          RenderSVGText {text} at (-51,15) size 800x0
            RenderSVGInlineText {#text} at (0,-28) size 102x36
              text run at (0,-28) width 102: "(default)"
        RenderSVGContainer {g} at (97,232) size 256x51 [transform={m=((1.00,0.00)(0.00,1.00)) t=(225.00,260.00)}]
          RenderSVGContainer {use} at (182,232) size 86x36
            RenderSVGContainer {g} at (182,232) size 86x36
              RenderSVGText {text} at (-43,0) size 800x0
                RenderSVGInlineText {#text} at (0,-28) size 86x36
                  text run at (0,-28) width 86: "sample"
          RenderSVGText {text} at (-128,15) size 800x0
            RenderSVGInlineText {#text} at (0,-28) size 256x36
              text run at (0,-28) width 256: "default, bold, oblique"
        RenderSVGContainer {g} at (196,231) size 308x52 [transform={m=((1.00,0.00)(0.00,1.00)) t=(350.00,260.00)}]
          RenderSVGContainer {use} at (307,231) size 86x38
            RenderSVGContainer {g} at (307,231) size 86x38
              RenderSVGText {text} at (-42,0) size 800x0
                RenderSVGInlineText {#text} at (0,-28) size 84x36
                  text run at (0,-28) width 84: "sample"
          RenderSVGText {text} at (-154,15) size 800x0
            RenderSVGInlineText {#text} at (0,-28) size 308x36
              text run at (0,-28) width 308: "stroke-width=1, fill=none"
        RenderSVGText {text} at (181,310) size 800x0
          RenderSVGInlineText {#text} at (0,-10) size 88x13
            text run at (0,-10) width 88: "Named Font Families"
        RenderSVGText {text} at (133,325) size 800x0
          RenderSVGInlineText {#text} at (0,-10) size 193x13
            text run at (0,-10) width 193: "(Not all typefaces are available on all systems.)"
        RenderSVGContainer {g} at (58,332) size 84x51 [transform={m=((1.00,0.00)(0.00,1.00)) t=(100.00,360.00)}]
          RenderSVGContainer {use} at (58,332) size 84x36
            RenderSVGContainer {g} at (58,332) size 84x36
              RenderSVGText {text} at (-42,0) size 800x0
                RenderSVGInlineText {#text} at (0,-28) size 84x36
                  text run at (0,-28) width 84: "sample"
          RenderSVGText {text} at (-37,15) size 800x0
            RenderSVGInlineText {#text} at (0,-28) size 74x36
              text run at (0,-28) width 74: "Times"
        RenderSVGContainer {g} at (171,330) size 108x53 [transform={m=((1.00,0.00)(0.00,1.00)) t=(225.00,360.00)}]
          RenderSVGContainer {use} at (171,330) size 108x36
            RenderSVGContainer {g} at (171,330) size 108x36
              RenderSVGText {text} at (-54,0) size 800x0
                RenderSVGInlineText {#text} at (0,-30) size 108x36
                  text run at (0,-30) width 108: "sample"
          RenderSVGText {text} at (-51,15) size 800x0
            RenderSVGInlineText {#text} at (0,-28) size 101x36
              text run at (0,-28) width 101: "Verdana"
        RenderSVGContainer {g} at (293,332) size 113x51 [transform={m=((1.00,0.00)(0.00,1.00)) t=(350.00,360.00)}]
          RenderSVGContainer {use} at (301,332) size 98x35
            RenderSVGContainer {g} at (301,332) size 98x35
              RenderSVGText {text} at (-49,0) size 800x0
                RenderSVGInlineText {#text} at (0,-28) size 98x35
                  text run at (0,-28) width 98: "sample"
          RenderSVGText {text} at (-57,15) size 800x0
            RenderSVGInlineText {#text} at (0,-28) size 113x36
              text run at (0,-28) width 113: "Helvetica"
        RenderSVGContainer {g} at (-8,383) size 216x50 [transform={m=((1.00,0.00)(0.00,1.00)) t=(100.00,410.00)}]
          RenderSVGText {text} at (-49,0) size 800x0
            RenderSVGInline {tref} at (0,0) size 98x33
              RenderSVGInlineText {#text} at (0,-27) size 98x33
                text run at (0,-27) width 98: "sample"
          RenderSVGText {text} at (-108,15) size 800x0
            RenderSVGInlineText {#text} at (0,-28) size 216x36
              text run at (0,-28) width 216: "Arial (underlined)"
        RenderSVGContainer {g} at (179,380) size 91x53 [transform={m=((1.00,0.00)(0.00,1.00)) t=(225.00,410.00)}]
          RenderSVGContainer {use} at (179,380) size 91x36
            RenderSVGContainer {g} at (179,380) size 91x36
              RenderSVGText {text} at (-46,0) size 800x0
                RenderSVGInlineText {#text} at (0,-30) size 91x36
                  text run at (0,-30) width 91: "sample"
          RenderSVGText {text} at (-41,15) size 800x0
            RenderSVGInlineText {#text} at (0,-28) size 82x36
              text run at (0,-28) width 82: "Impact"
        RenderSVGContainer {g} at (189,382) size 321x51 [transform={m=((1.00,0.00)(0.00,1.00)) t=(350.00,410.00)}]
          RenderSVGText {text} at (-42,0) size 800x0
            RenderSVGInline {tref} at (0,0) size 84x36
              RenderSVGInlineText {#text} at (0,-28) size 84x36
                text run at (0,-28) width 84: "sample"
          RenderSVGText {text} at (-161,15) size 800x0
            RenderSVGInlineText {#text} at (0,-28) size 321x36
              text run at (0,-28) width 321: "AvantGarde (line-through)"
      RenderSVGContainer {use} at (0,0) size 0x0
