KRenderingPaintServer {id="grad" [type=LINEAR-GRADIENT] [stops=[(0.00,#FFD700), (0.50,#FFA500), (1.00,#DC143C)]] [start=(0,0)] [end=(1,0)]}
KCanvasResource {id="clip" [type=CLIPPER] [clip data=[]]}
KCanvasResource {id="svgClip" [type=CLIPPER] [clip data=[]]}
layer at (0,0) size 800x600
  RenderView at (0,0) size 800x600
    RenderSVGContainer {svg} at (100,16) size 265x289
      RenderSVGContainer {g} at (100,16) size 265x289
        RenderSVGText {text} at (158,30) size 800x0
          RenderSVGInlineText {#text} at (0,-14) size 133x17
            text run at (0,-14) width 133: "clip-path using text"
        RenderSVGText {text} at (106,50) size 800x0
          RenderSVGInlineText {#text} at (0,-14) size 238x17
            text run at (0,-14) width 238: "(Using System font and SVG font)"
        RenderSVGHiddenContainer {defs} at (0,0) size 0x0
          RenderSVGHiddenContainer {linearGradient} at (0,0) size 0x0
            RenderSVGGradientStop {stop} at (0,0) size 0x0
            RenderSVGGradientStop {stop} at (0,0) size 0x0
            RenderSVGGradientStop {stop} at (0,0) size 0x0
        RenderPath {rect} at (100,160) size 200x45 [fill={[type=LINEAR-GRADIENT] [stops=[(0.00,#FFD700), (0.50,#FFA500), (1.00,#DC143C)]] [start=(0,0)] [end=(1,0)]}] [clip path="#clip"] [data="M100.00,160.00L300.00,160.00L300.00,205.00L100.00,205.00"]
        RenderSVGText {text} at (300,200) size 800x0
          RenderSVGInlineText {#text} at (0,-11) size 65x14
            text run at (0,-11) width 65: "(System font)"
        RenderPath {rect} at (100,260) size 200x45 [fill={[type=LINEAR-GRADIENT] [stops=[(0.00,#FFD700), (0.50,#FFA500), (1.00,#DC143C)]] [start=(0,0)] [end=(1,0)]}] [clip path="#svgClip"] [data="M100.00,260.00L300.00,260.00L300.00,305.00L100.00,305.00"]
        RenderSVGText {text} at (300,300) size 800x0
          RenderSVGInlineText {#text} at (0,-11) size 55x14
            text run at (0,-11) width 55: "(SVG font)"
      RenderSVGContainer {use} at (0,0) size 0x0
