KRenderingPaintServer {id="linearGradient" [type=LINEAR-GRADIENT] [stops=[(0.00,#FFD700), (0.50,#FFA500), (1.00,#DC143C)]] [start=(0,0)] [end=(1,0)]}
KRenderingPaintServer {id="radialGradient" [type=RADIAL-GRADIENT] [stops=[(0.00,#FFD700), (0.50,#FFA500), (1.00,#DC143C)]] [center=(0.50,0.50)] [focal=(0.50,0.50)] [radius=0.50]}
layer at (0,0) size 800x600
  RenderView at (0,0) size 800x600
    RenderSVGContainer {svg} at (62,16) size 349x387
      RenderSVGContainer {g} at (62,16) size 349x387
        RenderSVGText {text} at (99,30) size 800x0
          RenderSVGInlineText {#text} at (0,-14) size 251x17
            text run at (0,-14) width 251: "Gradient and filter on text and tspan"
        RenderSVGText {text} at (106,50) size 800x0
          RenderSVGInlineText {#text} at (0,-14) size 238x17
            text run at (0,-14) width 238: "(Using System font and SVG font)"
        RenderSVGHiddenContainer {defs} at (0,0) size 0x0
          RenderSVGHiddenContainer {linearGradient} at (0,0) size 0x0
            RenderSVGGradientStop {stop} at (0,0) size 0x0
            RenderSVGGradientStop {stop} at (0,0) size 0x0
            RenderSVGGradientStop {stop} at (0,0) size 0x0
          RenderSVGHiddenContainer {radialGradient} at (0,0) size 0x0
            RenderSVGGradientStop {stop} at (0,0) size 0x0
            RenderSVGGradientStop {stop} at (0,0) size 0x0
            RenderSVGGradientStop {stop} at (0,0) size 0x0
        RenderSVGText {text} at (64,140) size 800x0
          RenderSVGInlineText {#text} at (0,-28) size 35x59
            text run at (0,-28) width 35: "B"
          RenderSVGTSpan {tspan} at (0,0) size 18x30
            RenderSVGInlineText {#text} at (35,-24) size 18x30
              text run at (35,-24) width 18: "A"
          RenderSVGInlineText {#text} at (53,-48) size 32x59
            text run at (53,-48) width 32: "T"
          RenderSVGTSpan {tspan} at (0,0) size 11x44
            RenderSVGInlineText {#text} at (85,-36) size 11x44
              text run at (85,-36) width 11: "I"
          RenderSVGTSpan {tspan} at (0,0) size 35x59
            RenderSVGInlineText {#text} at (96,-48) size 35x59
              text run at (96,-48) width 35: "K"
          RenderSVGInlineText {#text} at (0,0) size 0x0
        RenderSVGText {text} at (272,140) size 800x0
          RenderSVGInlineText {#text} at (0,-28) size 35x61
            text run at (0,-28) width 35: "B"
          RenderSVGTSpan {tspan} at (0,0) size 19x31
            RenderSVGInlineText {#text} at (35,-24) size 19x31
              text run at (35,-24) width 19: "A"
          RenderSVGInlineText {#text} at (54,-48) size 32x61
            text run at (54,-48) width 32: "T"
          RenderSVGTSpan {tspan} at (0,0) size 13x46
            RenderSVGInlineText {#text} at (86,-36) size 13x46
              text run at (86,-36) width 13: "I"
          RenderSVGTSpan {tspan} at (0,0) size 38x61
            RenderSVGInlineText {#text} at (99,-48) size 38x61
              text run at (99,-48) width 38: "K"
          RenderSVGInlineText {#text} at (0,0) size 0x0
        RenderSVGText {text} at (64,240) size 800x0 [color=#FFFFFF]
          RenderSVGInlineText {#text} at (0,-28) size 35x59
            text run at (0,-28) width 35: "B"
          RenderSVGTSpan {tspan} at (0,0) size 18x30
            RenderSVGInlineText {#text} at (35,-24) size 18x30
              text run at (35,-24) width 18: "A"
          RenderSVGInlineText {#text} at (53,-48) size 32x59
            text run at (53,-48) width 32: "T"
          RenderSVGTSpan {tspan} at (0,0) size 11x44
            RenderSVGInlineText {#text} at (85,-36) size 11x44
              text run at (85,-36) width 11: "I"
          RenderSVGTSpan {tspan} at (0,0) size 35x59
            RenderSVGInlineText {#text} at (96,-48) size 35x59
              text run at (96,-48) width 35: "K"
          RenderSVGInlineText {#text} at (0,0) size 0x0
        RenderSVGText {text} at (272,240) size 800x0 [color=#FFFFFF]
          RenderSVGInlineText {#text} at (0,-28) size 35x61
            text run at (0,-28) width 35: "B"
          RenderSVGTSpan {tspan} at (0,0) size 19x31
            RenderSVGInlineText {#text} at (35,-24) size 19x31
              text run at (35,-24) width 19: "A"
          RenderSVGInlineText {#text} at (54,-48) size 32x61
            text run at (54,-48) width 32: "T"
          RenderSVGTSpan {tspan} at (0,0) size 13x46
            RenderSVGInlineText {#text} at (86,-36) size 13x46
              text run at (86,-36) width 13: "I"
          RenderSVGTSpan {tspan} at (0,0) size 38x61
            RenderSVGInlineText {#text} at (99,-48) size 38x61
              text run at (99,-48) width 38: "K"
          RenderSVGInlineText {#text} at (0,0) size 0x0
        RenderSVGText {text} at (64,340) size 800x0 [color=#FF0000]
          RenderSVGInlineText {#text} at (0,-28) size 35x59
            text run at (0,-28) width 35: "B"
          RenderSVGTSpan {tspan} at (0,0) size 18x30
            RenderSVGInlineText {#text} at (35,-24) size 18x30
              text run at (35,-24) width 18: "A"
          RenderSVGInlineText {#text} at (53,-48) size 32x59
            text run at (53,-48) width 32: "T"
          RenderSVGTSpan {tspan} at (0,0) size 11x44
            RenderSVGInlineText {#text} at (85,-36) size 11x44
              text run at (85,-36) width 11: "I"
          RenderSVGTSpan {tspan} at (0,0) size 35x59
            RenderSVGInlineText {#text} at (96,-48) size 35x59
              text run at (96,-48) width 35: "K"
          RenderSVGInlineText {#text} at (0,0) size 0x0
        RenderSVGText {text} at (272,340) size 800x0 [color=#FF0000]
          RenderSVGInlineText {#text} at (0,-28) size 35x61
            text run at (0,-28) width 35: "B"
          RenderSVGTSpan {tspan} at (0,0) size 19x31
            RenderSVGInlineText {#text} at (35,-24) size 19x31
              text run at (35,-24) width 19: "A"
          RenderSVGInlineText {#text} at (54,-48) size 32x61
            text run at (54,-48) width 32: "T"
          RenderSVGTSpan {tspan} at (0,0) size 13x46
            RenderSVGInlineText {#text} at (86,-36) size 13x46
              text run at (86,-36) width 13: "I"
          RenderSVGTSpan {tspan} at (0,0) size 38x61
            RenderSVGInlineText {#text} at (99,-48) size 38x61
              text run at (99,-48) width 38: "K"
          RenderSVGInlineText {#text} at (0,0) size 0x0
        RenderSVGText {text} at (87,400) size 800x0
          RenderSVGInlineText {#text} at (0,-11) size 65x14
            text run at (0,-11) width 65: "(System font)"
        RenderSVGText {text} at (302,400) size 800x0
          RenderSVGInlineText {#text} at (0,-11) size 55x14
            text run at (0,-11) width 55: "(SVG font)"
      RenderSVGContainer {use} at (0,0) size 0x0
