layer at (0,0) size 800x600
  RenderView at (0,0) size 800x600
    RenderSVGContainer {svg} at (14.89,26) size 432.11x623
      RenderSVGContainer {g} at (14.89,26) size 432.11x623
        RenderSVGText {text} at (134,40) size 800x0
          RenderSVGInlineText {#text} at (0,-14) size 182x17
            text run at (0,-14) width 182: "Vertical text on a path test"
        RenderSVGHiddenContainer {defs} at (0,0) size 0x0
          RenderPath {path} at (14.95,7.04) size 120.05x30.91 [transform={m=((0.15,0.00)(0.00,0.15)) t=(0.00,0.00)}] [stroke={[type=SOLID] [color=#0000FF]}] [data="M100.00,200.00C200.00,100.00,300.00,0.00,400.00,100.00C500.00,200.00,600.00,300.00,700.00,200.00C800.00,100.00,900.00,100.00,900.00,100.00"]
          RenderPath {path} at (29.85,12.25) size 90.30x37.75 [transform={m=((0.30,0.00)(0.00,0.50)) t=(0.00,0.00)}] [stroke={[type=SOLID] [color=#0000FF]}] [data="M100.00,100.00C100.00,0.00,400.00,0.00,400.00,100.00"]
        RenderSVGContainer {g} at (14.89,74) size 120.11x129 [transform={m=((1.00,0.00)(0.00,1.00)) t=(0.00,70.00)}]
          RenderSVGContainer {use} at (14.89,77.29) size 120.11x30.43
            RenderSVGContainer {g} at (14.89,77.29) size 120.11x30.43
              RenderPath {path} at (14.89,77.29) size 120.11x30.43 [transform={m=((0.15,0.00)(0.00,0.15)) t=(0.00,0.00)}] [stroke={[type=SOLID] [color=#0000FF] [stroke width=2.00]}] [data="M100.00,200.00C200.00,100.00,300.00,0.00,400.00,100.00C500.00,200.00,600.00,300.00,700.00,200.00C800.00,100.00,900.00,100.00,900.00,100.00"]
          RenderSVGText {text} at (16,17) size 800x0
            RenderSVGTextPath {textPath} at (0,0) size 110x129
              RenderSVGInlineText {#text} at (0,-12) size 61x37
                text run at (0,-12) width 61: "Text "
              RenderSVGTSpan {tspan} at (0,0) size 22x25 [color=#FF0000]
                RenderSVGInlineText {#text} at (82,6) size 22x24
                  text run at (82,6) width 22: "on"
              RenderSVGTSpan {tspan} at (0,0) size 10x119
                RenderSVGInlineText {#text} at (100,-2) size 10x119
                  text run at (100,-2) width 10: " a Path"
            RenderSVGInlineText {#text} at (0,0) size 0x0
          RenderSVGText {text} at (35,60) size 800x0
            RenderSVGInlineText {#text} at (0,-10) size 68x13
              text run at (0,-10) width 68: "startOffset=\"0%\""
          RenderSVGText {text} at (35,70) size 800x0
            RenderSVGInlineText {#text} at (0,-10) size 75x13
              text run at (0,-10) width 75: "text-anchor=\"start\""
          RenderSVGText {text} at (35,80) size 800x0
            RenderSVGInlineText {#text} at (0,-10) size 100x13
              text run at (0,-10) width 100: "glyph-orientation=\"auto\""
        RenderSVGContainer {g} at (146,65) size 141x119 [transform={m=((1.00,0.00)(0.00,1.00)) t=(150.00,70.00)}]
          RenderSVGContainer {use} at (164.89,77.29) size 120.11x30.43
            RenderSVGContainer {g} at (164.89,77.29) size 120.11x30.43
              RenderPath {path} at (164.89,77.29) size 120.11x30.43 [transform={m=((0.15,0.00)(0.00,0.15)) t=(0.00,0.00)}] [stroke={[type=SOLID] [color=#0000FF] [stroke width=2.00]}] [data="M100.00,200.00C200.00,100.00,300.00,0.00,400.00,100.00C500.00,200.00,600.00,300.00,700.00,200.00C800.00,100.00,900.00,100.00,900.00,100.00"]
          RenderSVGText {text} at (-5,8) size 800x0
            RenderSVGTextPath {textPath} at (0,0) size 114x119
              RenderSVGInlineText {#text} at (0,-12) size 6x85
                text run at (0,-12) width 6: "Text "
              RenderSVGTSpan {tspan} at (0,0) size 8x34 [color=#FF0000]
                RenderSVGInlineText {#text} at (11,72) size 8x34
                  text run at (11,72) width 8: "on"
              RenderSVGTSpan {tspan} at (0,0) size 91x44
                RenderSVGInlineText {#text} at (24,-3) size 91x44
                  text run at (24,-3) width 91: " a Path"
            RenderSVGInlineText {#text} at (0,0) size 0x0
          RenderSVGText {text} at (35,60) size 800x0
            RenderSVGInlineText {#text} at (0,-10) size 68x13
              text run at (0,-10) width 68: "startOffset=\"0%\""
          RenderSVGText {text} at (35,70) size 800x0
            RenderSVGInlineText {#text} at (0,-10) size 86x13
              text run at (0,-10) width 86: "text-anchor=\"middle\""
          RenderSVGText {text} at (35,80) size 800x0
            RenderSVGInlineText {#text} at (0,-10) size 102x13
              text run at (0,-10) width 102: "glyph-orientation=\"0deg\""
        RenderSVGContainer {g} at (296,65) size 151x170 [transform={m=((1.00,0.00)(0.00,1.00)) t=(300.00,70.00)}]
          RenderSVGContainer {use} at (314.89,77.29) size 120.11x30.43
            RenderSVGContainer {g} at (314.89,77.29) size 120.11x30.43
              RenderPath {path} at (314.89,77.29) size 120.11x30.43 [transform={m=((0.15,0.00)(0.00,0.15)) t=(0.00,0.00)}] [stroke={[type=SOLID] [color=#0000FF] [stroke width=2.00]}] [data="M100.00,200.00C200.00,100.00,300.00,0.00,400.00,100.00C500.00,200.00,600.00,300.00,700.00,200.00C800.00,100.00,900.00,100.00,900.00,100.00"]
          RenderSVGText {text} at (-5,8) size 800x0
            RenderSVGTextPath {textPath} at (0,0) size 74x170
              RenderSVGInlineText {#text} at (0,-12) size 6x85
                text run at (0,-12) width 6: "Text "
              RenderSVGTSpan {tspan} at (0,0) size 8x34 [color=#FF0000]
                RenderSVGInlineText {#text} at (11,72) size 8x34
                  text run at (11,72) width 8: "on"
              RenderSVGTSpan {tspan} at (0,0) size 73x160
                RenderSVGInlineText {#text} at (1,-2) size 73x159
                  text run at (1,-2) width 73: " a Path"
            RenderSVGInlineText {#text} at (0,0) size 0x0
          RenderSVGText {text} at (35,60) size 800x0
            RenderSVGInlineText {#text} at (0,-10) size 73x13
              text run at (0,-10) width 73: "startOffset=\"50%\""
          RenderSVGText {text} at (35,70) size 800x0
            RenderSVGInlineText {#text} at (0,-10) size 72x13
              text run at (0,-10) width 72: "text-anchor=\"end\""
          RenderSVGText {text} at (35,80) size 800x0
            RenderSVGInlineText {#text} at (0,-10) size 112x13
              text run at (0,-10) width 112: "glyph-orientation=\"180deg\""
        RenderSVGContainer {g} at (14.89,177.29) size 132.11x192.71 [transform={m=((1.00,0.00)(0.00,1.00)) t=(0.00,170.00)}]
          RenderSVGContainer {use} at (14.89,177.29) size 120.11x30.43
            RenderSVGContainer {g} at (14.89,177.29) size 120.11x30.43
              RenderPath {path} at (14.89,177.29) size 120.11x30.43 [transform={m=((0.15,0.00)(0.00,0.15)) t=(0.00,0.00)}] [stroke={[type=SOLID] [color=#0000FF] [stroke width=2.00]}] [data="M100.00,200.00C200.00,100.00,300.00,0.00,400.00,100.00C500.00,200.00,600.00,300.00,700.00,200.00C800.00,100.00,900.00,100.00,900.00,100.00"]
          RenderSVGText {text} at (74,26) size 800x0
            RenderSVGTextPath {textPath} at (0,0) size 63x187
              RenderSVGInlineText {#text} at (0,-12) size 50x35
                text run at (0,-12) width 50: "Text "
              RenderSVGTSpan {tspan} at (0,0) size 8x34 [color=#FF0000]
                RenderSVGInlineText {#text} at (55,21) size 8x34
                  text run at (55,21) width 8: "on"
              RenderSVGTSpan {tspan} at (0,0) size 10x119
                RenderSVGInlineText {#text} at (45,55) size 9x119
                  text run at (45,55) width 9: " a Path"
            RenderSVGInlineText {#text} at (0,0) size 0x0
          RenderSVGText {text} at (35,60) size 800x0
            RenderSVGInlineText {#text} at (0,-10) size 73x13
              text run at (0,-10) width 73: "startOffset=\"50%\""
          RenderSVGText {text} at (35,70) size 800x0
            RenderSVGInlineText {#text} at (0,-10) size 75x13
              text run at (0,-10) width 75: "text-anchor=\"start\""
          RenderSVGText {text} at (35,80) size 800x0
            RenderSVGInlineText {#text} at (0,-10) size 112x13
              text run at (0,-10) width 112: "glyph-orientation=\"270deg\""
        RenderSVGContainer {g} at (146,165) size 141x88 [transform={m=((1.00,0.00)(0.00,1.00)) t=(150.00,170.00)}]
          RenderSVGContainer {use} at (164.89,177.29) size 120.11x30.43
            RenderSVGContainer {g} at (164.89,177.29) size 120.11x30.43
              RenderPath {path} at (164.89,177.29) size 120.11x30.43 [transform={m=((0.15,0.00)(0.00,0.15)) t=(0.00,0.00)}] [stroke={[type=SOLID] [color=#0000FF] [stroke width=2.00]}] [data="M100.00,200.00C200.00,100.00,300.00,0.00,400.00,100.00C500.00,200.00,600.00,300.00,700.00,200.00C800.00,100.00,900.00,100.00,900.00,100.00"]
          RenderSVGText {text} at (-5,8) size 800x0
            RenderSVGTextPath {textPath} at (0,0) size 133x86
              RenderSVGInlineText {#text} at (0,-12) size 43x51
                text run at (0,-12) width 43: "Text "
              RenderSVGTSpan {tspan} at (0,0) size 21x28 [color=#FF0000]
                RenderSVGInlineText {#text} at (64,-2) size 20x27
                  text run at (64,-2) width 20: "on"
              RenderSVGTSpan {tspan} at (0,0) size 52x68
                RenderSVGInlineText {#text} at (82,5) size 52x68
                  text run at (82,5) width 52: " a Path"
            RenderSVGInlineText {#text} at (0,0) size 0x0
          RenderSVGText {text} at (35,60) size 800x0
            RenderSVGInlineText {#text} at (0,-10) size 73x13
              text run at (0,-10) width 73: "startOffset=\"50%\""
          RenderSVGText {text} at (35,70) size 800x0
            RenderSVGInlineText {#text} at (0,-10) size 86x13
              text run at (0,-10) width 86: "text-anchor=\"middle\""
          RenderSVGText {text} at (35,80) size 800x0
            RenderSVGInlineText {#text} at (0,-10) size 102x13
              text run at (0,-10) width 102: "glyph-orientation=\"0deg\""
        RenderSVGContainer {g} at (296,165) size 146x102 [transform={m=((1.00,0.00)(0.00,1.00)) t=(300.00,170.00)}]
          RenderSVGContainer {use} at (314.89,177.29) size 120.11x30.43
            RenderSVGContainer {g} at (314.89,177.29) size 120.11x30.43
              RenderPath {path} at (314.89,177.29) size 120.11x30.43 [transform={m=((0.15,0.00)(0.00,0.15)) t=(0.00,0.00)}] [stroke={[type=SOLID] [color=#0000FF] [stroke width=2.00]}] [data="M100.00,200.00C200.00,100.00,300.00,0.00,400.00,100.00C500.00,200.00,600.00,300.00,700.00,200.00C800.00,100.00,900.00,100.00,900.00,100.00"]
          RenderSVGText {text} at (-5,8) size 800x0
            RenderSVGTextPath {textPath} at (0,0) size 134x102
              RenderSVGInlineText {#text} at (0,-12) size 6x85
                text run at (0,-12) width 6: "Text "
              RenderSVGTSpan {tspan} at (0,0) size 33x82 [color=#FF0000]
                RenderSVGInlineText {#text} at (11,7) size 33x82
                  text run at (11,7) width 33: "on"
              RenderSVGTSpan {tspan} at (0,0) size 93x42
                RenderSVGInlineText {#text} at (42,-2) size 92x41
                  text run at (42,-2) width 92: " a Path"
            RenderSVGInlineText {#text} at (0,0) size 0x0
          RenderSVGText {text} at (35,60) size 800x0
            RenderSVGInlineText {#text} at (0,-10) size 78x13
              text run at (0,-10) width 78: "startOffset=\"100%\""
          RenderSVGText {text} at (35,70) size 800x0
            RenderSVGInlineText {#text} at (0,-10) size 72x13
              text run at (0,-10) width 72: "text-anchor=\"end\""
          RenderSVGText {text} at (35,80) size 800x0
            RenderSVGInlineText {#text} at (0,-10) size 107x13
              text run at (0,-10) width 107: "glyph-orientation=\"90deg\""
        RenderSVGContainer {g} at (14.89,274) size 132.11x162 [transform={m=((1.00,0.00)(0.00,1.00)) t=(0.00,270.00)}]
          RenderSVGContainer {use} at (14.89,277.29) size 120.11x30.43
            RenderSVGContainer {g} at (14.89,277.29) size 120.11x30.43
              RenderPath {path} at (14.89,277.29) size 120.11x30.43 [transform={m=((0.15,0.00)(0.00,0.15)) t=(0.00,0.00)}] [stroke={[type=SOLID] [color=#0000FF] [stroke width=2.00]}] [data="M100.00,200.00C200.00,100.00,300.00,0.00,400.00,100.00C500.00,200.00,600.00,300.00,700.00,200.00C800.00,100.00,900.00,100.00,900.00,100.00"]
          RenderSVGText {text} at (46,17) size 800x0
            RenderSVGTextPath {textPath} at (0,0) size 89x162
              RenderSVGInlineText {#text} at (0,-12) size 62x43
                text run at (0,-12) width 62: "Text "
              RenderSVGTSpan {tspan} at (0,0) size 8x34 [color=#FF0000]
                RenderSVGInlineText {#text} at (81,-3) size 8x34
                  text run at (81,-3) width 8: "on"
              RenderSVGTSpan {tspan} at (0,0) size 10x119
                RenderSVGInlineText {#text} at (71,30) size 10x119
                  text run at (71,30) width 10: " a Path"
            RenderSVGInlineText {#text} at (0,0) size 0x0
          RenderSVGText {text} at (35,60) size 800x0
            RenderSVGInlineText {#text} at (0,-10) size 65x13
              text run at (0,-10) width 65: "startOffset=\"35\""
          RenderSVGText {text} at (35,70) size 800x0
            RenderSVGInlineText {#text} at (0,-10) size 75x13
              text run at (0,-10) width 75: "text-anchor=\"start\""
          RenderSVGText {text} at (35,80) size 800x0
            RenderSVGInlineText {#text} at (0,-10) size 112x13
              text run at (0,-10) width 112: "glyph-orientation=\"180deg\""
        RenderSVGContainer {g} at (146,265) size 139x85 [transform={m=((1.00,0.00)(0.00,1.00)) t=(150.00,270.00)}]
          RenderSVGContainer {use} at (164.89,277.29) size 120.11x30.43
            RenderSVGContainer {g} at (164.89,277.29) size 120.11x30.43
              RenderPath {path} at (164.89,277.29) size 120.11x30.43 [transform={m=((0.15,0.00)(0.00,0.15)) t=(0.00,0.00)}] [stroke={[type=SOLID] [color=#0000FF] [stroke width=2.00]}] [data="M100.00,200.00C200.00,100.00,300.00,0.00,400.00,100.00C500.00,200.00,600.00,300.00,700.00,200.00C800.00,100.00,900.00,100.00,900.00,100.00"]
          RenderSVGText {text} at (-5,8) size 800x0
            RenderSVGTextPath {textPath} at (0,0) size 131x85
              RenderSVGInlineText {#text} at (0,-12) size 6x85
                text run at (0,-12) width 6: "Text "
              RenderSVGTSpan {tspan} at (0,0) size 21x27 [color=#FF0000]
                RenderSVGInlineText {#text} at (32,0) size 21x27
                  text run at (32,0) width 21: "on"
              RenderSVGTSpan {tspan} at (0,0) size 78x44
                RenderSVGInlineText {#text} at (54,-3) size 78x43
                  text run at (54,-3) width 78: " a Path"
            RenderSVGInlineText {#text} at (0,0) size 0x0
          RenderSVGText {text} at (35,60) size 800x0
            RenderSVGInlineText {#text} at (0,-10) size 65x13
              text run at (0,-10) width 65: "startOffset=\"35\""
          RenderSVGText {text} at (35,70) size 800x0
            RenderSVGInlineText {#text} at (0,-10) size 86x13
              text run at (0,-10) width 86: "text-anchor=\"middle\""
        RenderSVGContainer {g} at (296,265) size 146x204 [transform={m=((1.00,0.00)(0.00,1.00)) t=(300.00,270.00)}]
          RenderSVGContainer {use} at (314.89,277.29) size 120.11x30.43
            RenderSVGContainer {g} at (314.89,277.29) size 120.11x30.43
              RenderPath {path} at (314.89,277.29) size 120.11x30.43 [transform={m=((0.15,0.00)(0.00,0.15)) t=(0.00,0.00)}] [stroke={[type=SOLID] [color=#0000FF] [stroke width=2.00]}] [data="M100.00,200.00C200.00,100.00,300.00,0.00,400.00,100.00C500.00,200.00,600.00,300.00,700.00,200.00C800.00,100.00,900.00,100.00,900.00,100.00"]
          RenderSVGText {text} at (-5,8) size 800x0
            RenderSVGTextPath {textPath} at (0,0) size 42x204
              RenderSVGInlineText {#text} at (0,-12) size 6x85
                text run at (0,-12) width 6: "Text "
              RenderSVGTSpan {tspan} at (0,0) size 8x34 [color=#FF0000]
                RenderSVGInlineText {#text} at (11,72) size 8x34
                  text run at (11,72) width 8: "on"
              RenderSVGTSpan {tspan} at (0,0) size 42x191
                RenderSVGInlineText {#text} at (1,0) size 42x191
                  text run at (1,0) width 42: " a Path"
            RenderSVGInlineText {#text} at (0,0) size 0x0
          RenderSVGText {text} at (35,60) size 800x0
            RenderSVGInlineText {#text} at (0,-10) size 65x13
              text run at (0,-10) width 65: "startOffset=\"35\""
          RenderSVGText {text} at (35,70) size 800x0
            RenderSVGInlineText {#text} at (0,-10) size 72x13
              text run at (0,-10) width 72: "text-anchor=\"end\""
          RenderSVGText {text} at (35,80) size 800x0
            RenderSVGInlineText {#text} at (0,-10) size 107x13
              text run at (0,-10) width 107: "glyph-orientation=\"90deg\""
        RenderSVGContainer {g} at (30,370.67) size 103x261.33 [transform={m=((1.00,0.00)(0.00,1.00)) t=(10.00,370.00)}]
          RenderSVGContainer {use} at (39.70,370.67) size 90.60x49.33
            RenderSVGContainer {g} at (39.70,370.67) size 90.60x49.33
              RenderPath {path} at (39.70,370.67) size 90.60x49.33 [transform={m=((0.30,0.00)(0.00,0.50)) t=(0.00,0.00)}] [stroke={[type=SOLID] [color=#0000FF] [stroke width=2.00]}] [data="M100.00,100.00C100.00,0.00,400.00,0.00,400.00,100.00"]
          RenderSVGText {text} at (34,21) size 800x0
            RenderSVGTextPath {textPath} at (0,0) size 89x254
              RenderSVGTSpan {tspan} at (0,0) size 54x46 [color=#008000]
                RenderSVGInlineText {#text} at (0,-12) size 53x45
                  text run at (0,-12) width 53: "super"
              RenderSVGInlineText {#text} at (65,-6) size 22x78
                text run at (65,-6) width 22: " and "
              RenderSVGTSpan {tspan} at (0,0) size 9x51 [color=#FF0000]
                RenderSVGInlineText {#text} at (73,71) size 9x51
                  text run at (73,71) width 9: "sub"
              RenderSVGInlineText {#text} at (81,122) size 8x119
                text run at (81,122) width 8: "scripts"
            RenderSVGInlineText {#text} at (0,0) size 0x0
          RenderSVGText {text} at (20,65) size 800x0
            RenderSVGInlineText {#text} at (0,-10) size 88x13
              text run at (0,-10) width 88: "baseline-shift=\"super\""
          RenderSVGText {text} at (20,75) size 800x0
            RenderSVGInlineText {#text} at (0,-10) size 98x13
              text run at (0,-10) width 98: "and baseline-shift=\"sub\""
          RenderSVGText {text} at (20,85) size 800x0
            RenderSVGInlineText {#text} at (0,-10) size 100x13
              text run at (0,-10) width 100: "glyph-orientation=\"auto\""
        RenderSVGContainer {g} at (320,370.67) size 103x278.33 [transform={m=((1.00,0.00)(0.00,1.00)) t=(300.00,370.00)}]
          RenderSVGContainer {use} at (329.70,370.67) size 90.60x49.33
            RenderSVGContainer {g} at (329.70,370.67) size 90.60x49.33
              RenderPath {path} at (329.70,370.67) size 90.60x49.33 [transform={m=((0.30,0.00)(0.00,0.50)) t=(0.00,0.00)}] [stroke={[type=SOLID] [color=#0000FF] [stroke width=2.00]}] [data="M100.00,100.00C100.00,0.00,400.00,0.00,400.00,100.00"]
          RenderSVGText {text} at (29,21) size 800x0
            RenderSVGTextPath {textPath} at (0,0) size 94x271
              RenderSVGTSpan {tspan} at (0,0) size 94x50 [color=#008000]
                RenderSVGInlineText {#text} at (0,-12) size 93x50
                  text run at (0,-12) width 93: "positive"
              RenderSVGInlineText {#text} at (83,37) size 6x85
                text run at (83,37) width 6: " and "
              RenderSVGTSpan {tspan} at (0,0) size 9x136 [color=#FF0000]
                RenderSVGInlineText {#text} at (80,122) size 9x136
                  text run at (80,122) width 9: "negative"
            RenderSVGInlineText {#text} at (0,0) size 0x0
          RenderSVGText {text} at (20,65) size 800x0
            RenderSVGInlineText {#text} at (0,-10) size 97x13
              text run at (0,-10) width 97: "baseline-shift=\"+/-20%\""
          RenderSVGText {text} at (20,75) size 800x0
            RenderSVGInlineText {#text} at (0,-10) size 100x13
              text run at (0,-10) width 100: "glyph-orientation=\"auto\""
        RenderSVGContainer {g} at (180,358.75) size 100x265.50 [transform={m=((1.00,0.00)(0.00,1.00)) t=(180.00,370.00)}]
          RenderSVGContainer {g} at (183.75,358.75) size 89.25x265.50 [transform={m=((0.75,0.00)(0.00,0.75)) t=(0.00,0.00)}]
            RenderSVGContainer {use} at (202.27,370.50) size 67.95x37
              RenderSVGContainer {g} at (202.27,370.50) size 67.95x37
                RenderPath {path} at (202.27,370.50) size 67.95x37 [transform={m=((0.30,0.00)(0.00,0.50)) t=(0.00,0.00)}] [stroke={[type=SOLID] [color=#0000FF] [stroke width=2.00]}] [data="M100.00,100.00C100.00,0.00,400.00,0.00,400.00,100.00"]
            RenderSVGText {text} at (5,3) size 800x0
              RenderSVGInlineText {#text} at (0,-18) size 7x276
                text run at (0,-18) width 7: "before path "
              RenderSVGTextPath {textPath} at (0,0) size 91x92 [color=#FF0000]
                RenderSVGInlineText {#text} at (28,3) size 91x92
                  text run at (28,3) width 91: "on path"
              RenderSVGInlineText {#text} at (107,106) size 12x230
                text run at (107,106) width 12: "after path"
          RenderSVGText {text} at (0,100) size 800x0
            RenderSVGInlineText {#text} at (0,-10) size 98x13
              text run at (0,-10) width 98: "text before/after textPath"
          RenderSVGText {text} at (0,110) size 800x0
            RenderSVGInlineText {#text} at (0,-10) size 100x13
              text run at (0,-10) width 100: "glyph-orientation=\"auto\""
      RenderSVGContainer {use} at (0,0) size 0x0
