layer at (0,0) size 800x600
  RenderView at (0,0) size 800x600
    RenderSVGContainer {svg} at (10,-14) size 2147483648.00x2147483648.00
      RenderSVGText {text} at (130,40) size 800x0
        RenderSVGInlineText {#text} at (0,-14) size 190x17
          text run at (0,-14) width 190: "Test of xml:space handling"
      RenderSVGContainer {g} at (10,-14) size 2147483648.00x2147483648.00
        RenderSVGText {text} at (10,0) size 800x0
          RenderSVGInlineText {#text} at (0,-14) size 28x18
            text run at (0,-14) width 16: "X "
            text run at (16,-14) width 12: "X"
        RenderSVGText {text} at (120,75) size 800x0
          RenderSVGInlineText {#text} at (0,-14) size 107x18
            text run at (0,-14) width 107: "no xml:space attr"
        RenderSVGText {text} at (10,100) size 800x0
          RenderSVGInlineText {#text} at (0,-14) size 28x18
            text run at (0,-14) width 16: "X "
            text run at (16,-14) width 12: "X"
        RenderSVGText {text} at (120,100) size 800x0
          RenderSVGInlineText {#text} at (0,-14) size 129x18
            text run at (0,-14) width 129: "xml:space=\"default\""
        RenderSVGText {text} at (10,150) size 800x0
          RenderSVGInlineText {#text} at (0,-14) size 48x18
            text run at (0,-14) width 48: "  X  X  "
          RenderSVGTSpan {tspan} at (0,0) size 1x1 [color=#FF0000]
        RenderSVGText {text} at (120,140) size 800x0
          RenderSVGInlineText {#text} at (0,-14) size 125x18
            text run at (0,-14) width 125: "Empty tspan at end "
          RenderSVGTSpan {tspan} at (0,0) size 129x18
            RenderSVGInlineText {#text} at (0,5) size 129x18
              text run at (0,5) width 129: "xml:space=\"default\""
        RenderSVGText {text} at (10,175) size 800x0
          RenderSVGInlineText {#text} at (0,-14) size 40x18
            text run at (0,-14) width 40: "  X  X"
          RenderSVGTSpan {tspan} at (0,0) size 0x0 [color=#FF0000]
            RenderSVGInlineText {#text} at (0,0) size 0x0
        RenderSVGText {text} at (120,165) size 800x0
          RenderSVGInlineText {#text} at (0,-14) size 97x18
            text run at (0,-14) width 97: "tspan end 2spc "
          RenderSVGTSpan {tspan} at (0,0) size 129x18
            RenderSVGInlineText {#text} at (0,5) size 129x18
              text run at (0,5) width 129: "xml:space=\"default\""
        RenderSVGText {text} at (10,200) size 800x0
          RenderSVGInlineText {#text} at (0,-14) size 44x18
            text run at (0,-14) width 44: "  X  X "
          RenderSVGTSpan {tspan} at (0,0) size 0x0 [color=#FF0000]
            RenderSVGInlineText {#text} at (0,0) size 0x0
        RenderSVGText {text} at (120,190) size 800x0
          RenderSVGInlineText {#text} at (0,-14) size 64x18
            text run at (0,-14) width 64: "tspan end "
          RenderSVGTSpan {tspan} at (0,0) size 129x18
            RenderSVGInlineText {#text} at (0,5) size 129x18
              text run at (0,5) width 129: "xml:space=\"default\""
        RenderSVGText {text} at (10,225) size 800x0
          RenderSVGTSpan {tspan} at (0,0) size 0x0 [color=#FF0000]
            RenderSVGInlineText {#text} at (0,0) size 0x0
          RenderSVGInlineText {#text} at (0,-14) size 44x18
            text run at (0,-14) width 44: " X  X  "
        RenderSVGText {text} at (120,215) size 800x0
          RenderSVGInlineText {#text} at (0,-14) size 67x18
            text run at (0,-14) width 67: "tspan start "
          RenderSVGTSpan {tspan} at (0,0) size 129x18
            RenderSVGInlineText {#text} at (0,5) size 129x18
              text run at (0,5) width 129: "xml:space=\"default\""
        RenderSVGText {text} at (10,250) size 800x0
          RenderSVGInlineText {#text} at (0,-14) size 4x18
            text run at (0,-14) width 4: " "
          RenderSVGTSpan {tspan} at (0,0) size 4x18 [color=#FF0000]
            RenderSVGInlineText {#text} at (4,-14) size 4x18
              text run at (4,-14) width 4: " "
          RenderSVGInlineText {#text} at (8,-14) size 40x18
            text run at (8,-14) width 40: "X  X  "
        RenderSVGText {text} at (120,240) size 800x0
          RenderSVGInlineText {#text} at (0,-14) size 98x18
            text run at (0,-14) width 98: "tspan near start "
          RenderSVGTSpan {tspan} at (0,0) size 129x18
            RenderSVGInlineText {#text} at (0,5) size 129x18
              text run at (0,5) width 129: "xml:space=\"default\""
        RenderSVGText {text} at (10,275) size 800x0
          RenderSVGInlineText {#text} at (0,-14) size 20x18
            text run at (0,-14) width 20: "  X"
          RenderSVGTSpan {tspan} at (0,0) size 4x18 [color=#FF0000]
            RenderSVGInlineText {#text} at (20,-14) size 4x18
              text run at (20,-14) width 4: " "
          RenderSVGInlineText {#text} at (24,-14) size 24x18
            text run at (24,-14) width 24: " X  "
        RenderSVGText {text} at (120,265) size 800x0
          RenderSVGInlineText {#text} at (0,-14) size 118x18
            text run at (0,-14) width 118: "tspan middle front "
          RenderSVGTSpan {tspan} at (0,0) size 129x18
            RenderSVGInlineText {#text} at (0,5) size 129x18
              text run at (0,5) width 129: "xml:space=\"default\""
        RenderSVGText {text} at (10,300) size 800x0
          RenderSVGInlineText {#text} at (0,-14) size 24x18
            text run at (0,-14) width 24: "  X "
          RenderSVGTSpan {tspan} at (0,0) size 4x18 [color=#FF0000]
            RenderSVGInlineText {#text} at (24,-14) size 4x18
              text run at (24,-14) width 4: " "
          RenderSVGInlineText {#text} at (28,-14) size 20x18
            text run at (28,-14) width 20: "X  "
        RenderSVGText {text} at (120,290) size 800x0
          RenderSVGInlineText {#text} at (0,-14) size 111x18
            text run at (0,-14) width 111: "tspan middle end "
          RenderSVGTSpan {tspan} at (0,0) size 129x18
            RenderSVGInlineText {#text} at (0,5) size 129x18
              text run at (0,5) width 129: "xml:space=\"default\""
        RenderSVGText {text} at (10,325) size 800x0
          RenderSVGInlineText {#text} at (0,-14) size 4x18
            text run at (0,-14) width 4: " "
          RenderSVGInlineText {#text} at (4,-14) size 44x18
            text run at (4,-14) width 44: " X  X  "
        RenderSVGText {text} at (120,315) size 800x0
          RenderSVGInlineText {#text} at (0,-14) size 117x18
            text run at (0,-14) width 117: "unknown element "
          RenderSVGTSpan {tspan} at (0,0) size 26x18
            RenderSVGInlineText {#text} at (0,5) size 26x18
              text run at (0,5) width 26: "start"
        RenderSVGText {text} at (10,350) size 800x0
          RenderSVGInlineText {#text} at (0,-14) size 24x18
            text run at (0,-14) width 24: "  X "
          RenderSVGInlineText {#text} at (24,-14) size 24x18
            text run at (24,-14) width 24: " X  "
        RenderSVGText {text} at (120,340) size 800x0
          RenderSVGInlineText {#text} at (0,-14) size 117x18
            text run at (0,-14) width 117: "unknown element "
          RenderSVGTSpan {tspan} at (0,0) size 43x18
            RenderSVGInlineText {#text} at (0,5) size 43x18
              text run at (0,5) width 43: "middle"
        RenderSVGText {text} at (10,375) size 800x0
          RenderSVGInlineText {#text} at (0,-14) size 44x18
            text run at (0,-14) width 44: "  X  X "
          RenderSVGInlineText {#text} at (44,-14) size 4x18
            text run at (44,-14) width 4: " "
        RenderSVGText {text} at (120,365) size 800x0
          RenderSVGInlineText {#text} at (0,-14) size 117x18
            text run at (0,-14) width 117: "unknown element "
          RenderSVGTSpan {tspan} at (0,0) size 23x18
            RenderSVGInlineText {#text} at (0,5) size 23x18
              text run at (0,5) width 23: "end"
        RenderSVGText {text} at (235,100) size 800x0
          RenderSVGInlineText {#text} at (0,-14) size 48x18
            text run at (0,-14) width 48: "  X  X  "
        RenderSVGText {text} at (345,100) size 800x0
          RenderSVGInlineText {#text} at (0,-14) size 139x18
            text run at (0,-14) width 139: "xml:space=\"preserve\""
        RenderSVGText {text} at (235,150) size 800x0
          RenderSVGInlineText {#text} at (0,-14) size 28x18
            text run at (0,-14) width 16: "X "
            text run at (16,-14) width 12: "X"
          RenderSVGTSpan {tspan} at (0,0) size 0x0 [color=#FF0000]
        RenderSVGText {text} at (345,140) size 800x0
          RenderSVGInlineText {#text} at (0,-14) size 125x18
            text run at (0,-14) width 125: "Empty tspan at end "
          RenderSVGTSpan {tspan} at (0,0) size 139x18
            RenderSVGInlineText {#text} at (0,5) size 139x18
              text run at (0,5) width 139: "xml:space=\"preserve\""
        RenderSVGText {text} at (235,175) size 800x0
          RenderSVGInlineText {#text} at (0,-14) size 28x18
            text run at (0,-14) width 16: "X "
            text run at (16,-14) width 12: "X"
          RenderSVGTSpan {tspan} at (0,0) size 8x18 [color=#FF0000]
            RenderSVGInlineText {#text} at (28,-14) size 8x18
              text run at (28,-14) width 8: "  "
        RenderSVGText {text} at (345,165) size 800x0
          RenderSVGInlineText {#text} at (0,-14) size 97x18
            text run at (0,-14) width 97: "tspan end 2spc "
          RenderSVGTSpan {tspan} at (0,0) size 139x18
            RenderSVGInlineText {#text} at (0,5) size 139x18
              text run at (0,5) width 139: "xml:space=\"preserve\""
        RenderSVGText {text} at (235,200) size 800x0
          RenderSVGInlineText {#text} at (0,-14) size 32x18
            text run at (0,-14) width 16: "X "
            text run at (16,-14) width 16: "X "
          RenderSVGTSpan {tspan} at (0,0) size 4x18 [color=#FF0000]
            RenderSVGInlineText {#text} at (32,-14) size 4x18
              text run at (32,-14) width 4: " "
        RenderSVGText {text} at (345,190) size 800x0
          RenderSVGInlineText {#text} at (0,-14) size 64x18
            text run at (0,-14) width 64: "tspan end "
          RenderSVGTSpan {tspan} at (0,0) size 139x18
            RenderSVGInlineText {#text} at (0,5) size 139x18
              text run at (0,5) width 139: "xml:space=\"preserve\""
        RenderSVGText {text} at (235,225) size 800x0
          RenderSVGTSpan {tspan} at (0,0) size 4x18 [color=#FF0000]
            RenderSVGInlineText {#text} at (0,-14) size 4x18
              text run at (0,-14) width 4: " "
          RenderSVGInlineText {#text} at (4,-14) size 32x18
            text run at (4,-14) width 20: " X "
            text run at (24,-14) width 12: "X"
        RenderSVGText {text} at (345,215) size 800x0
          RenderSVGInlineText {#text} at (0,-14) size 67x18
            text run at (0,-14) width 67: "tspan start "
          RenderSVGTSpan {tspan} at (0,0) size 139x18
            RenderSVGInlineText {#text} at (0,5) size 139x18
              text run at (0,5) width 139: "xml:space=\"preserve\""
        RenderSVGText {text} at (235,250) size 800x0
          RenderSVGTSpan {tspan} at (0,0) size 4x18 [color=#FF0000]
            RenderSVGInlineText {#text} at (0,-14) size 4x18
              text run at (0,-14) width 4: " "
          RenderSVGInlineText {#text} at (4,-14) size 28x18
            text run at (4,-14) width 16: "X "
            text run at (20,-14) width 12: "X"
        RenderSVGText {text} at (345,240) size 800x0
          RenderSVGInlineText {#text} at (0,-14) size 98x18
            text run at (0,-14) width 98: "tspan near start "
          RenderSVGTSpan {tspan} at (0,0) size 139x18
            RenderSVGInlineText {#text} at (0,5) size 139x18
              text run at (0,5) width 139: "xml:space=\"preserve\""
        RenderSVGText {text} at (235,275) size 800x0
          RenderSVGInlineText {#text} at (0,-14) size 12x18
            text run at (0,-14) width 12: "X"
          RenderSVGTSpan {tspan} at (0,0) size 4x18 [color=#FF0000]
            RenderSVGInlineText {#text} at (12,-14) size 4x18
              text run at (12,-14) width 4: " "
          RenderSVGInlineText {#text} at (16,-14) size 16x18
            text run at (16,-14) width 16: " X"
        RenderSVGText {text} at (345,265) size 800x0
          RenderSVGInlineText {#text} at (0,-14) size 118x18
            text run at (0,-14) width 118: "tspan middle front "
          RenderSVGTSpan {tspan} at (0,0) size 139x18
            RenderSVGInlineText {#text} at (0,5) size 139x18
              text run at (0,5) width 139: "xml:space=\"preserve\""
        RenderSVGText {text} at (235,300) size 800x0
          RenderSVGInlineText {#text} at (0,-14) size 16x18
            text run at (0,-14) width 16: "X "
          RenderSVGTSpan {tspan} at (0,0) size 4x18 [color=#FF0000]
            RenderSVGInlineText {#text} at (16,-14) size 4x18
              text run at (16,-14) width 4: " "
          RenderSVGInlineText {#text} at (20,-14) size 12x18
            text run at (20,-14) width 12: "X"
        RenderSVGText {text} at (345,290) size 800x0
          RenderSVGInlineText {#text} at (0,-14) size 111x18
            text run at (0,-14) width 111: "tspan middle end "
          RenderSVGTSpan {tspan} at (0,0) size 139x18
            RenderSVGInlineText {#text} at (0,5) size 139x18
              text run at (0,5) width 139: "xml:space=\"preserve\""
        RenderSVGText {text} at (235,325) size 800x0
          RenderSVGInlineText {#text} at (0,-14) size 28x18
            text run at (0,-14) width 16: "X "
            text run at (16,-14) width 12: "X"
        RenderSVGText {text} at (345,315) size 800x0
          RenderSVGInlineText {#text} at (0,-14) size 117x18
            text run at (0,-14) width 117: "unknown element "
          RenderSVGTSpan {tspan} at (0,0) size 26x18
            RenderSVGInlineText {#text} at (0,5) size 26x18
              text run at (0,5) width 26: "start"
        RenderSVGText {text} at (235,350) size 800x0
          RenderSVGInlineText {#text} at (0,-14) size 16x18
            text run at (0,-14) width 16: "X "
          RenderSVGInlineText {#text} at (16,-14) size 12x18
            text run at (16,-14) width 12: "X"
        RenderSVGText {text} at (345,340) size 800x0
          RenderSVGInlineText {#text} at (0,-14) size 117x18
            text run at (0,-14) width 117: "unknown element "
          RenderSVGTSpan {tspan} at (0,0) size 43x18
            RenderSVGInlineText {#text} at (0,5) size 43x18
              text run at (0,5) width 43: "middle"
        RenderSVGText {text} at (236,375) size 800x0
          RenderSVGInlineText {#text} at (0,-14) size 28x18
            text run at (0,-14) width 16: "X "
            text run at (16,-14) width 12: "X"
          RenderSVGInlineText {#text} at (0,0) size 0x0
        RenderSVGText {text} at (345,365) size 800x0
          RenderSVGInlineText {#text} at (0,-14) size 117x18
            text run at (0,-14) width 117: "unknown element "
          RenderSVGTSpan {tspan} at (0,0) size 23x18
            RenderSVGInlineText {#text} at (0,5) size 23x18
              text run at (0,5) width 23: "end"
