layer at (0,0) size 800x600
  RenderView at (0,0) size 800x600
layer at (0,0) size 800x600
  RenderBlock {HTML} at (0,0) size 800x600
    RenderBody {BODY} at (8,8) size 784x584
      RenderBlock {P} at (0,0) size 784x36
        RenderText {#text} at (0,0) size 783x36
          text run at (0,0) width 602: "This tests for a bug where centering text would prevent it from being right or left aligned again. "
          text run at (602,0) width 181: "The paragraph below should"
          text run at (0,18) width 102: "be right aligned."
      RenderBlock {DIV} at (0,52) size 784x18
        RenderText {#text} at (763,0) size 21x18
          text run at (763,0) width 21: "foo"
selection start: position 0 of child 0 {#text} of child 2 {DIV} of child 0 {BODY} of child 0 {HTML} of document
selection end:   position 3 of child 0 {#text} of child 2 {DIV} of child 0 {BODY} of child 0 {HTML} of document
