layer at (0,0) size 800x600
  RenderView at (0,0) size 800x600
layer at (0,0) size 800x600
  RenderBlock {HTML} at (0,0) size 800x600
    RenderBody {BODY} at (8,8) size 784x584
      RenderBlock {P} at (0,0) size 784x18
        RenderText {#text} at (0,0) size 432x18
          text run at (0,0) width 432: "This tests for a crash indent a selection that starts just before a ToDo."
        RenderText {#text} at (0,0) size 0x0
      RenderBlock {DIV} at (0,34) size 784x24
        RenderBlock {BLOCKQUOTE} at (40,0) size 744x24
          RenderTable {TABLE} at (0,0) size 114x24
            RenderTableSection {TBODY} at (0,0) size 114x24
              RenderTableRow {TR} at (0,2) size 114x20
                RenderTableCell {TD} at (2,2) size 18x20 [r=0 c=0 rs=1 cs=1]
                  RenderText {#text} at (1,1) size 16x18
                    text run at (1,1) width 16: "\x{21D2}"
                RenderTableCell {TD} at (22,2) size 90x20 [bgcolor=#FF8811] [r=0 c=1 rs=1 cs=1]
                  RenderText {#text} at (1,1) size 88x18
                    text run at (1,1) width 88: "ToDo content"
          RenderBlock (anonymous) at (0,24) size 744x0
        RenderBlock (anonymous) at (0,24) size 784x0
caret: position 0 of child 0 {TABLE} of child 0 {BLOCKQUOTE} of child 1 {DIV} of child 0 {BODY} of child 0 {HTML} of document
