layer at (0,0) size 800x600
  RenderView at (0,0) size 800x600
layer at (0,0) size 800x600
  RenderBlock {HTML} at (0,0) size 800x600
    RenderBody {BODY} at (8,8) size 784x584
      RenderBlock {P} at (0,0) size 784x18
        RenderText {#text} at (0,0) size 566x18
          text run at (0,0) width 263: "This tests CreateLink for caret selections. "
          text run at (263,0) width 303: "A link containing the url text should be inserted."
      RenderBlock {DIV} at (0,34) size 784x18
        RenderText {#text} at (0,0) size 322x18
          text run at (0,0) width 322: "There should be a link between these two braces: {"
        RenderInline {A} at (0,0) size 145x18 [color=#0000EE]
          RenderText {#text} at (322,0) size 145x18
            text run at (322,0) width 145: "http://www.apple.com/"
        RenderText {#text} at (467,0) size 8x18
          text run at (467,0) width 8: "}"
selection start: position 0 of child 0 {#text} of child 1 {A} of child 2 {DIV} of child 1 {BODY} of child 0 {HTML} of document
selection end:   position 21 of child 0 {#text} of child 1 {A} of child 2 {DIV} of child 1 {BODY} of child 0 {HTML} of document
