layer at (0,0) size 800x600
  RenderView at (0,0) size 800x600
layer at (0,0) size 800x600
  RenderBlock {HTML} at (0,0) size 800x600
    RenderBody {BODY} at (8,8) size 784x576
      RenderBlock {P} at (0,0) size 784x36
        RenderText {#text} at (0,0) size 772x36
          text run at (0,0) width 772: "This tests for a crash when trying to flatten a list containing a sub-list at the end. You shouldn't get a crash and there should"
          text run at (0,18) width 170: "be a single level list below."
      RenderBlock {DIV} at (0,52) size 784x72
        RenderBlock {UL} at (0,0) size 784x72
          RenderListItem {LI} at (40,0) size 744x18
            RenderListMarker at (-17,0) size 7x18: bullet
            RenderText {#text} at (0,0) size 27x18
              text run at (0,0) width 27: "One"
          RenderListItem {LI} at (40,18) size 744x18
            RenderListMarker at (-17,0) size 7x18: bullet
            RenderText {#text} at (0,0) size 30x18
              text run at (0,0) width 30: "Two"
          RenderListItem {LI} at (40,36) size 744x18
            RenderListMarker at (-17,0) size 7x18: bullet
            RenderText {#text} at (0,0) size 37x18
              text run at (0,0) width 37: "Three"
          RenderListItem {LI} at (40,54) size 744x18
            RenderListMarker at (-17,0) size 7x18: bullet
            RenderText {#text} at (0,0) size 30x18
              text run at (0,0) width 30: "Four"
        RenderBlock (anonymous) at (0,88) size 784x0
selection start: position 0 of child 0 {#text} of child 0 {LI} of child 0 {UL} of child 2 {DIV} of child 1 {BODY} of child 0 {HTML} of document
selection end:   position 4 of child 0 {#text} of child 3 {LI} of child 0 {UL} of child 2 {DIV} of child 1 {BODY} of child 0 {HTML} of document
