layer at (0,0) size 800x600
  RenderView at (0,0) size 800x600
layer at (0,0) size 800x600
  RenderBlock {HTML} at (0,0) size 800x600
    RenderBody {BODY} at (8,8) size 784x576
      RenderBlock {P} at (0,0) size 784x36
        RenderText {#text} at (0,0) size 743x36
          text run at (0,0) width 743: "This tests for a bug where content before a list made into a list item would be placed at the end of the list instead of the"
          text run at (0,18) width 561: "beginning. The list items below should contain \"One\", \"Two\" and \"Three\", in that order."
      RenderBlock {DIV} at (0,52) size 784x54
        RenderBlock {UL} at (0,0) size 784x54
          RenderListItem {LI} at (40,0) size 744x18
            RenderListMarker at (-17,0) size 7x18: bullet
            RenderText {#text} at (0,0) size 27x18
              text run at (0,0) width 27: "One"
          RenderListItem {LI} at (40,18) size 744x18
            RenderListMarker at (-17,0) size 7x18: bullet
            RenderText {#text} at (0,0) size 30x18
              text run at (0,0) width 30: "Two"
          RenderListItem {LI} at (40,36) size 744x18
            RenderListMarker at (-17,0) size 7x18: bullet
            RenderText {#text} at (0,0) size 37x18
              text run at (0,0) width 37: "Three"
caret: position 0 of child 0 {#text} of child 0 {LI} of child 0 {UL} of child 2 {DIV} of child 0 {BODY} of child 0 {HTML} of document
