layer at (0,0) size 800x600
  RenderView at (0,0) size 800x600
layer at (0,0) size 800x600
  RenderBlock {HTML} at (0,0) size 800x600
    RenderBody {BODY} at (8,8) size 784x584
      RenderBlock {P} at (0,0) size 784x18
        RenderText {#text} at (0,0) size 665x18
          text run at (0,0) width 182: "This tests for a deletion bug. "
          text run at (182,0) width 483: "The paragraph inside the table should be in a list, and the test shouldn't hang."
      RenderBlock {DIV} at (0,34) size 784x62
        RenderBlock {DIV} at (0,0) size 784x44
          RenderTable {TABLE} at (0,0) size 71x44 [border: (1px outset #808080)]
            RenderTableSection {TBODY} at (1,1) size 69x42
              RenderTableRow {TR} at (0,2) size 69x38
                RenderTableCell {TD} at (2,2) size 65x38 [border: (1px inset #808080)] [r=0 c=0 rs=1 cs=1]
                  RenderBlock {UL} at (2,2) size 61x18
                    RenderListItem {LI} at (40,0) size 21x18
                      RenderListMarker at (-17,0) size 7x18: bullet
                      RenderText {#text} at (0,0) size 21x18
                        text run at (0,0) width 21: "foo"
                  RenderBlock (anonymous) at (2,36) size 61x0
        RenderBlock (anonymous) at (0,44) size 784x18
          RenderBR {BR} at (0,0) size 0x18
selection start: position 0 of child 0 {TABLE} of child 0 {DIV} of child 2 {DIV} of child 0 {BODY} of child 0 {HTML} of document
selection end:   position 1 of child 0 {TABLE} of child 0 {DIV} of child 2 {DIV} of child 0 {BODY} of child 0 {HTML} of document
