layer at (0,0) size 800x600
  RenderView at (0,0) size 800x600
layer at (0,0) size 800x600
  RenderBlock {HTML} at (0,0) size 800x600
    RenderBody {BODY} at (8,8) size 784x584
      RenderBlock {P} at (0,0) size 784x36
        RenderText {#text} at (0,0) size 778x36
          text run at (0,0) width 182: "This tests for a deletion bug. "
          text run at (182,0) width 390: "Only the second paragraph inside the table should be deleted. "
          text run at (572,0) width 206: "You should see a table with 'foo'"
          text run at (0,18) width 71: "in it below."
      RenderBlock {DIV} at (0,52) size 784x46
        RenderTable {TABLE} at (0,0) size 31x46 [border: (1px outset #808080)]
          RenderTableSection {TBODY} at (1,1) size 29x44
            RenderTableRow {TR} at (0,2) size 29x40
              RenderTableCell {TD} at (2,2) size 25x40 [border: (1px inset #808080)] [r=0 c=0 rs=1 cs=1]
                RenderBlock {DIV} at (2,2) size 21x18
                  RenderText {#text} at (0,0) size 21x18
                    text run at (0,0) width 21: "foo"
                RenderBlock (anonymous) at (2,20) size 21x18
                  RenderBR {BR} at (0,0) size 0x18
caret: position 0 of child 1 {BR} of child 0 {TD} of child 0 {TR} of child 0 {TBODY} of child 0 {TABLE} of child 2 {DIV} of child 1 {BODY} of child 0 {HTML} of document
