layer at (0,0) size 800x600
  RenderView at (0,0) size 800x600
layer at (0,0) size 800x600
  RenderBlock {HTML} at (0,0) size 800x600
    RenderBody {BODY} at (8,8) size 784x584
      RenderBlock {DIV} at (0,0) size 784x115
        RenderBlock {DIV} at (0,0) size 784x18
          RenderText {#text} at (0,0) size 307x18
            text run at (0,0) width 307: "There should be a single empty H1 block below."
        RenderBlock {H1} at (0,39) size 784x37
          RenderBR {BR} at (0,0) size 0x37
        RenderBlock {DIV} at (0,97) size 784x18
          RenderText {#text} at (0,0) size 306x18
            text run at (0,0) width 306: "There should be a single empty H1 block above."
caret: position 0 of child 0 {BR} of child 3 {H1} of child 0 {DIV} of child 1 {BODY} of child 0 {HTML} of document
