layer at (0,0) size 800x600
  RenderCanvas at (0,0) size 800x600
layer at (0,0) size 800x101
  RenderBlock {HTML} at (0,0) size 800x101
    RenderBody {BODY} at (8,8) size 784x77
      RenderBlock {P} at (0,0) size 784x77
        RenderText {TEXT} at (0,0) size 280x18
          text run at (0,0) width 280: "BigAndGreen"
        RenderBR {BR} at (0,0) size 0x0
        RenderText {TEXT} at (0,59) size 101x18
          text run at (0,59) width 101: "SmallAndBlack"
