layer at (0,0) size 800x600
  RenderCanvas at (0,0) size 800x600
layer at (0,0) size 800x69
  RenderBlock {HTML} at (0,0) size 800x69
    RenderBody {BODY} at (8,8) size 784x47
      RenderBlock {P} at (0,0) size 784x47
        RenderInline at (0,0) size 32x43 [color=#800000]
          RenderText {TEXT} at (2,2) size 32x43
            text run at (2,2) width 32: "M"
        RenderText {TEXT} at (34,23) size 198x17
          text run at (34,23) width 198: "aroon on the first letter only."
