layer at (0,0) size 800x600
  RenderView at (0,0) size 800x600
layer at (0,0) size 800x337
  RenderBlock {html} at (0,0) size 800x311
    RenderBody {body} at (8,10) size 784x291
      RenderBlock {p} at (0,0) size 784x25 [color=#000080]
        RenderText {#text} at (0,0) size 585x25
          text run at (0,0) width 585: "The word \"TEST \" should appear twice below, the same size each time."
      RenderBlock (anonymous) at (0,35) size 784x126
        RenderSVGRoot {svg} at (8,45) size 400x120
          RenderSVGPath {rect} at (8,45) size 400x120 [transform={m=((10.00,0.00)(0.00,10.00)) t=(0.00,0.00)}] [fill={[type=SOLID] [color=#EEEEEE]}] [x=0.00] [y=0.00] [width=60.00] [height=12.00]
          RenderForeignObject {foreignObject} at (0,0) size 60x10
            RenderBlock {div} at (0,0) size 60x13 [color=#000080]
              RenderText {#text} at (0,0) size 27x13
                text run at (0,0) width 27: "TEST"
        RenderText {#text} at (0,0) size 0x0
      RenderBlock {div} at (0,171) size 400x120 [color=#000080] [bgcolor=#EEEEEE]
        RenderText {#text} at (0,0) size 307x156
          text run at (0,0) width 307: "TEST"
