layer at (0,0) size 800x600
  RenderView at (0,0) size 800x600
layer at (0,0) size 800x594
  RenderBlock {html} at (0,0) size 800x594
    RenderBody {body} at (8,8) size 784x567
      RenderBlock (anonymous) at (0,0) size 784x50
        RenderText {#text} at (0,0) size 725x50
          text run at (0,0) width 309: "The two blocks should look identical. "
          text run at (309,0) width 416: "One uses an SVG, and the other just uses a normal"
          text run at (0,25) width 95: "HTML div."
      RenderBlock {p} at (0,69) size 784x25
        RenderText {#text} at (0,0) size 462x25
          text run at (0,0) width 462: "There should be a red, white and blue pattern below this"
      RenderSVGRoot {svg} at (18,131) size 140x140
        RenderSVGPath {rect} at (38,151) size 100x100 [fill={[type=SOLID] [color=#0000FF]}] [x=0.00] [y=0.00] [width=100.00] [height=100.00]
      RenderBlock {p} at (0,273) size 784x25
        RenderText {#text} at (0,0) size 463x25
          text run at (0,0) width 463: "There should be a red, white and blue pattern above this"
      RenderBlock {hr} at (0,317) size 784x2 [border: (1px inset #000000)]
      RenderBlock {p} at (0,338) size 784x25
        RenderText {#text} at (0,0) size 462x25
          text run at (0,0) width 462: "There should be a red, white and blue pattern below this"
      RenderBlock (floating) {div} at (10,392) size 140x140 [border: (10px solid #FF0000)]
        RenderBlock {div} at (20,20) size 100x100 [bgcolor=#0000FF]
      RenderBlock {p} at (0,542) size 784x25
        RenderText {#text} at (0,0) size 463x25
          text run at (0,0) width 463: "There should be a red, white and blue pattern above this"
