layer at (0,0) size 800x669
  RenderCanvas at (0,0) size 800x600
layer at (0,0) size 800x669
  RenderBlock {HTML} at (0,0) size 800x669
    RenderBody {BODY} at (8,8) size 784x653 [bgcolor=#CCCCCC]
      RenderBlock {P} at (0,0) size 784x17 [bgcolor=#000000]
        RenderText {TEXT} at (0,0) size 385x17
          text run at (0,0) width 385: "The style declarations which apply to the text below are:"
      RenderBlock {PRE} at (0,31) size 784x96 [bgcolor=#000000]
        RenderText {TEXT} at (0,0) size 200x80
          text run at (0,0) width 136: "A {color: green;}"
          text run at (0,16) width 184: "A:link {color: purple;}"
          text run at (0,32) width 192: "A:visited {color: lime;}"
          text run at (0,48) width 200: "A:active {color: maroon;}"
          text run at (0,64) width 176: "#one {color: #006600;}"
      RenderBlock {HR} at (1,141) size 782x2 [bgcolor=#000000]
      RenderBlock {P} at (0,157) size 784x17 [bgcolor=#000000]
        RenderText {TEXT} at (0,0) size 545x17
          text run at (0,0) width 545: "The following anchors should appear as described; none of them should be red."
      RenderBlock {UL} at (0,188) size 784x136 [bgcolor=#000000]
        RenderListItem {LI} at (40,0) size 744x102
          RenderBlock (anonymous) at (0,0) size 744x17
            RenderListMarker at (0,0) size 0x14
            RenderText {TEXT} at (0,0) size 609x17
              text run at (0,0) width 609: "Purple unvisited, lime (light green) visited, maroon (dark red) while active (being clicked):"
          RenderBlock {UL} at (0,17) size 744x85
            RenderListItem {LI} at (40,0) size 704x17
              RenderListMarker at (0,0) size 0x14
              RenderInline {A} at (0,0) size 110x17 [color=#800080]
                RenderText {TEXT} at (0,0) size 110x17
                  text run at (0,0) width 110: "W3C Web server"
              RenderText {TEXT} at (0,0) size 0x0
            RenderListItem {LI} at (40,17) size 704x17
              RenderListMarker at (0,0) size 0x14
              RenderInline {A} at (0,0) size 110x17 [color=#800080]
                RenderText {TEXT} at (0,0) size 110x17
                  text run at (0,0) width 110: "NIST Web server"
              RenderText {TEXT} at (0,0) size 0x0
            RenderListItem {LI} at (40,34) size 704x17
              RenderListMarker at (0,0) size 0x14
              RenderInline {A} at (0,0) size 120x17 [color=#800080]
                RenderText {TEXT} at (0,0) size 120x17
                  text run at (0,0) width 120: "CWRU Web server"
              RenderText {TEXT} at (0,0) size 0x0
            RenderListItem {LI} at (40,51) size 704x17
              RenderListMarker at (0,0) size 0x14
              RenderInline {A} at (0,0) size 48x17 [color=#800080]
                RenderText {TEXT} at (0,0) size 48x17
                  text run at (0,0) width 48: "Yahoo!"
              RenderText {TEXT} at (0,0) size 0x0
            RenderListItem {LI} at (40,68) size 704x17
              RenderListMarker at (0,0) size 0x14
              RenderInline {A} at (0,0) size 58x17 [color=#800080]
                RenderText {TEXT} at (0,0) size 58x17
                  text run at (0,0) width 58: "Erewhon"
              RenderText {TEXT} at (58,0) size 238x17
                text run at (58,0) width 238: " (don't click on it, it goes nowhere)"
        RenderListItem {LI} at (40,102) size 744x34
          RenderBlock (anonymous) at (0,0) size 744x17
            RenderListMarker at (0,0) size 0x14
            RenderText {TEXT} at (0,0) size 220x17
              text run at (0,0) width 220: "Dark green in any circumstance:"
          RenderBlock {UL} at (0,17) size 744x17
            RenderListItem {LI} at (40,0) size 704x17
              RenderListMarker at (0,0) size 0x14
              RenderInline {A} at (0,0) size 120x17 [color=#006600]
                RenderText {TEXT} at (0,0) size 120x17
                  text run at (0,0) width 120: "CWRU Web server"
              RenderText {TEXT} at (0,0) size 0x0
      RenderBlock {P} at (0,338) size 784x34 [bgcolor=#000000]
        RenderText {TEXT} at (0,0) size 126x17
          text run at (0,0) width 126: "The quoted word \""
        RenderInline {A} at (0,0) size 47x17 [color=#008000]
          RenderText {TEXT} at (126,0) size 47x17
            text run at (126,0) width 47: "anchor"
        RenderText {TEXT} at (173,0) size 768x34
          text run at (173,0) width 407: "\" should be green, NOT purple, since it's part of an anchor. "
          text run at (580,0) width 169: "It's a named anchor, and"
          text run at (0,17) width 420: "styles declared for the A tag are applied to them under CSS1. "
          text run at (420,17) width 348: "It also should NOT turn orange when clicked upon."
      RenderTable {TABLE} at (0,386) size 784x267 [bgcolor=#000000]
        RenderTableSection {TBODY} at (1,1) size 0x265
          RenderTableRow {TR} at (0,0) size 0x0
            RenderTableCell {TD} at (0,0) size 782x25 [bgcolor=#C0C0C0] [r=0 c=0 rs=1 cs=2]
              RenderInline {STRONG} at (0,0) size 164x17 [bgcolor=#000000]
                RenderText {TEXT} at (4,4) size 164x17
                  text run at (4,4) width 164: "TABLE Testing Section"
          RenderTableRow {TR} at (0,0) size 0x0
            RenderTableCell {TD} at (0,132) size 12x25 [bgcolor=#C0C0C0] [r=1 c=0 rs=1 cs=1]
              RenderText {TEXT} at (4,4) size 4x17
                text run at (4,4) width 4: "\x{A0}"
            RenderTableCell {TD} at (12,25) size 770x240 [r=1 c=1 rs=1 cs=1]
              RenderBlock {P} at (4,4) size 762x17
                RenderText {TEXT} at (0,0) size 545x17
                  text run at (0,0) width 545: "The following anchors should appear as described; none of them should be red."
              RenderBlock {UL} at (4,35) size 762x136
                RenderListItem {LI} at (40,0) size 722x102
                  RenderBlock (anonymous) at (0,0) size 722x17
                    RenderListMarker at (0,0) size 0x14
                    RenderText {TEXT} at (0,0) size 609x17
                      text run at (0,0) width 609: "Purple unvisited, lime (light green) visited, maroon (dark red) while active (being clicked):"
                  RenderBlock {UL} at (0,17) size 722x85
                    RenderListItem {LI} at (40,0) size 682x17
                      RenderListMarker at (0,0) size 0x14
                      RenderInline {A} at (0,0) size 110x17 [color=#800080]
                        RenderText {TEXT} at (0,0) size 110x17
                          text run at (0,0) width 110: "W3C Web server"
                      RenderText {TEXT} at (0,0) size 0x0
                    RenderListItem {LI} at (40,17) size 682x17
                      RenderListMarker at (0,0) size 0x14
                      RenderInline {A} at (0,0) size 110x17 [color=#800080]
                        RenderText {TEXT} at (0,0) size 110x17
                          text run at (0,0) width 110: "NIST Web server"
                      RenderText {TEXT} at (0,0) size 0x0
                    RenderListItem {LI} at (40,34) size 682x17
                      RenderListMarker at (0,0) size 0x14
                      RenderInline {A} at (0,0) size 120x17 [color=#800080]
                        RenderText {TEXT} at (0,0) size 120x17
                          text run at (0,0) width 120: "CWRU Web server"
                      RenderText {TEXT} at (0,0) size 0x0
                    RenderListItem {LI} at (40,51) size 682x17
                      RenderListMarker at (0,0) size 0x14
                      RenderInline {A} at (0,0) size 48x17 [color=#800080]
                        RenderText {TEXT} at (0,0) size 48x17
                          text run at (0,0) width 48: "Yahoo!"
                      RenderText {TEXT} at (0,0) size 0x0
                    RenderListItem {LI} at (40,68) size 682x17
                      RenderListMarker at (0,0) size 0x14
                      RenderInline {A} at (0,0) size 58x17 [color=#800080]
                        RenderText {TEXT} at (0,0) size 58x17
                          text run at (0,0) width 58: "Erewhon"
                      RenderText {TEXT} at (58,0) size 238x17
                        text run at (58,0) width 238: " (don't click on it, it goes nowhere)"
                RenderListItem {LI} at (40,102) size 722x34
                  RenderBlock (anonymous) at (0,0) size 722x17
                    RenderListMarker at (0,0) size 0x14
                    RenderText {TEXT} at (0,0) size 220x17
                      text run at (0,0) width 220: "Dark green in any circumstance:"
                  RenderBlock {UL} at (0,17) size 722x17
                    RenderListItem {LI} at (40,0) size 682x17
                      RenderListMarker at (0,0) size 0x14
                      RenderInline {A} at (0,0) size 120x17 [color=#006600]
                        RenderText {TEXT} at (0,0) size 120x17
                          text run at (0,0) width 120: "CWRU Web server"
                      RenderText {TEXT} at (0,0) size 0x0
              RenderBlock {P} at (4,185) size 762x51
                RenderText {TEXT} at (0,0) size 126x17
                  text run at (0,0) width 126: "The quoted word \""
                RenderInline {A} at (0,0) size 47x17 [color=#008000]
                  RenderText {TEXT} at (126,0) size 47x17
                    text run at (126,0) width 47: "anchor"
                RenderText {TEXT} at (173,0) size 749x51
                  text run at (173,0) width 407: "\" should be green, NOT purple, since it's part of an anchor. "
                  text run at (580,0) width 169: "It's a named anchor, and"
                  text run at (0,17) width 420: "styles declared for the A tag are applied to them under CSS1. "
                  text run at (420,17) width 304: "It also should NOT turn orange when clicked"
                  text run at (0,34) width 40: "upon."
