layer at (0,0) size 800x980
  RenderCanvas at (0,0) size 800x600
layer at (0,0) size 800x980
  RenderBlock {HTML} at (0,0) size 800x980
    RenderBody {BODY} at (8,8) size 784x964 [bgcolor=#CCCCCC]
      RenderBlock {P} at (0,0) size 784x17 [bgcolor=#000000]
        RenderInline (anonymous) at (0,0) size 9x17 [color=#800000]
          RenderText {TEXT} at (0,0) size 9x17
            text run at (0,0) width 9: "T"
        RenderText {TEXT} at (9,0) size 376x17
          text run at (9,0) width 376: "he style declarations which apply to the text below are:"
      RenderBlock {PRE} at (0,31) size 784x112 [bgcolor=#000000]
        RenderText {TEXT} at (0,0) size 368x96
          text run at (0,0) width 224: "P:first-line {color: green;}"
          text run at (0,16) width 248: "P:first-letter {color: maroon;}"
          text run at (0,32) width 272: ".two:first-line {font-size: 200%;}"
          text run at (0,48) width 288: ".two:first-letter {font-size: 350%;}"
          text run at (0,64) width 312: "P.three:first-letter {font-size: 350%;}"
          text run at (0,80) width 368: "P.three:first-line {font-variant: small-caps;}"
      RenderBlock {HR} at (1,157) size 782x2 [bgcolor=#000000]
      RenderBlock {P} at (0,173) size 784x51 [bgcolor=#000000]
        RenderInline (anonymous) at (0,0) size 9x17 [color=#800000]
          RenderText {TEXT} at (0,0) size 9x17
            text run at (0,0) width 9: "T"
        RenderText {TEXT} at (9,0) size 779x51
          text run at (9,0) width 770: "he first letter of this paragraph, and only that one, should be maroon (dark red), while the entire first line should"
          text run at (0,17) width 69: "be green. "
          text run at (69,17) width 570: "If this precise combination does not occur, then the user agent has failed this test. "
          text run at (639,17) width 121: "Remember that in"
          text run at (0,34) width 609: "order to ensure a complete test, the paragraph must be displayed on more than one line."
      RenderBlock {P} at (0,238) size 784x184 [bgcolor=#000000]
        RenderInline (anonymous) at (0,0) size 62x116 [color=#800000]
          RenderText {TEXT} at (0,0) size 62x116
            text run at (0,0) width 62: "T"
        RenderText {TEXT} at (62,68) size 784x116
          text run at (62,68) width 692: "he first letter of this paragraph, and only that one,"
          text run at (0,116) width 778: "should be 350% bigger than the rest of the first line of this paragraph and maroon (dark red), while the entire first"
          text run at (0,133) width 353: "line should be 200% bigger than normal and green. "
          text run at (353,133) width 431: "If this precise combination does not occur, then the user agent"
          text run at (0,150) width 135: "has failed this test. "
          text run at (135,150) width 635: "Remember that in order to ensure a complete test, the paragraph must be displayed on more"
          text run at (0,167) width 95: "than one line."
      RenderBlock {P} at (0,436) size 784x108 [bgcolor=#000000]
        RenderInline (anonymous) at (0,0) size 61x57 [color=#800000]
          RenderText {TEXT} at (0,0) size 61x57
            text run at (0,0) width 61: "\"W"
        RenderText {TEXT} at (61,33) size 761x75
          text run at (61,33) width 307: "e should check for quotation support,\" it was said. "
          text run at (368,33) width 393: "The first two characters in this paragraph-- a double-quote mark"
          text run at (0,57) width 666: "and a capital 'W'-- should be 350% bigger than the rest of the paragraph, and maroon (dark red). "
          text run at (666,57) width 89: "Note that the"
          text run at (0,74) width 734: "inclusion of both the quotation mark and the 'W' in the first-letter style is not required under CSS1, but it is"
          text run at (0,91) width 107: "recommended. "
          text run at (107,91) width 498: "In addition, the entire first line should be in a small-caps font and green."
      RenderTable {TABLE} at (0,558) size 784x406 [bgcolor=#000000]
        RenderTableSection {TBODY} at (1,1) size 0x404
          RenderTableRow {TR} at (0,0) size 0x0
            RenderTableCell {TD} at (0,0) size 782x25 [bgcolor=#C0C0C0] [r=0 c=0 rs=1 cs=2]
              RenderInline {STRONG} at (0,0) size 164x17 [bgcolor=#000000]
                RenderText {TEXT} at (4,4) size 164x17
                  text run at (4,4) width 164: "TABLE Testing Section"
          RenderTableRow {TR} at (0,0) size 0x0
            RenderTableCell {TD} at (0,202) size 12x25 [bgcolor=#C0C0C0] [r=1 c=0 rs=1 cs=1]
              RenderText {TEXT} at (4,4) size 4x17
                text run at (4,4) width 4: " "
            RenderTableCell {TD} at (12,25) size 770x379 [r=1 c=1 rs=1 cs=1]
              RenderBlock {P} at (4,4) size 762x51
                RenderInline (anonymous) at (0,0) size 9x17 [color=#800000]
                  RenderText {TEXT} at (0,0) size 9x17
                    text run at (0,0) width 9: "T"
                RenderText {TEXT} at (9,0) size 762x51
                  text run at (9,0) width 720: "he first letter of this paragraph, and only that one, should be maroon (dark red), while the entire first line"
                  text run at (0,17) width 119: "should be green. "
                  text run at (119,17) width 570: "If this precise combination does not occur, then the user agent has failed this test. "
                  text run at (689,17) width 73: "Remember"
                  text run at (0,34) width 657: "that in order to ensure a complete test, the paragraph must be displayed on more than one line."
              RenderBlock {P} at (4,69) size 762x184
                RenderInline (anonymous) at (0,0) size 62x116 [color=#800000]
                  RenderText {TEXT} at (0,0) size 62x116
                    text run at (0,0) width 62: "T"
                RenderText {TEXT} at (62,68) size 754x116
                  text run at (62,68) width 692: "he first letter of this paragraph, and only that one,"
                  text run at (0,116) width 746: "should be 350% bigger than the rest of the first line of this paragraph and maroon (dark red), while the entire"
                  text run at (0,133) width 385: "first line should be 200% bigger than normal and green. "
                  text run at (385,133) width 354: "If this precise combination does not occur, then the"
                  text run at (0,150) width 212: "user agent has failed this test. "
                  text run at (212,150) width 504: "Remember that in order to ensure a complete test, the paragraph must be"
                  text run at (0,167) width 226: "displayed on more than one line."
              RenderBlock {P} at (4,267) size 762x108
                RenderInline (anonymous) at (0,0) size 61x57 [color=#800000]
                  RenderText {TEXT} at (0,0) size 61x57
                    text run at (0,0) width 61: "\"W"
                RenderText {TEXT} at (61,33) size 761x75
                  text run at (61,33) width 307: "e should check for quotation support,\" it was said. "
                  text run at (368,33) width 393: "The first two characters in this paragraph-- a double-quote mark"
                  text run at (0,57) width 666: "and a capital 'W'-- should be 350% bigger than the rest of the paragraph, and maroon (dark red). "
                  text run at (666,57) width 89: "Note that the"
                  text run at (0,74) width 734: "inclusion of both the quotation mark and the 'W' in the first-letter style is not required under CSS1, but it is"
                  text run at (0,91) width 107: "recommended. "
                  text run at (107,91) width 498: "In addition, the entire first line should be in a small-caps font and green."
