layer at (0,0) size 800x600
  RenderView at (0,0) size 800x600
layer at (0,0) size 800x600
  RenderBlock {HTML} at (0,0) size 800x600
    RenderBody {BODY} at (8,8) size 784x576
      RenderBlock {DIV} at (0,0) size 100x100
      RenderBlock (anonymous) at (0,100) size 784x22
        RenderText {#text} at (0,0) size 57x22
          text run at (0,0) width 57: "Test for "
        RenderInline {I} at (0,0) size 712x22
          RenderInline {A} at (0,0) size 352x22 [color=#0000EE]
            RenderText {#text} at (57,0) size 352x22
              text run at (57,0) width 352: "http://bugzilla.opendarwin.org/show_bug.cgi?id=7589"
          RenderText {#text} at (409,0) size 360x22
            text run at (409,0) width 360: " Mouse moved events do not work in DumpRenderTree"
        RenderText {#text} at (769,0) size 4x22
          text run at (769,0) width 4: "."
      RenderBlock {HR} at (0,130) size 784x2 [border: (1px inset #000000)]
      RenderBlock {P} at (0,148) size 784x22
        RenderText {#text} at (0,0) size 80x22
          text run at (0,0) width 80: "Test result: "
        RenderInline {SPAN} at (0,0) size 40x22
          RenderText {#text} at (80,0) size 40x22
            text run at (80,0) width 40: "PASS"
