layer at (0,0) size 800x600
  RenderView at (0,0) size 800x600
layer at (0,0) size 800x600
  RenderBlock {HTML} at (0,0) size 800x600
    RenderBody {BODY} at (8,8) size 784x584
      RenderBlock (anonymous) at (0,0) size 784x30
        RenderInline {LABEL} at (0,0) size 218x22
          RenderText {#text} at (0,4) size 48x22
            text run at (0,4) width 48: "Label: "
          RenderTextControl {INPUT} at (50,2) size 166x26
        RenderText {#text} at (0,0) size 0x0
      RenderBlock {DIV} at (0,30) size 784x22
        RenderText {#text} at (0,0) size 188x22
          text run at (0,0) width 188: "THIS TEST HAS PASSED"
layer at (60,12) size 162x22
  RenderBlock {DIV} at (2,2) size 162x22
caret: position 0 of child 0 {DIV} of child 1 {INPUT} of child 1 {LABEL} of body
