layer at (0,0) size 800x600
  RenderView at (0,0) size 800x600
layer at (0,0) size 800x600
  RenderBlock {HTML} at (0,0) size 800x600
    RenderBody {BODY} at (8,8) size 784x584
      RenderBlock (anonymous) at (0,0) size 784x22
        RenderText {#text} at (0,0) size 671x22
          text run at (0,0) width 671: "Test that if node dies under mouse it receives mouseout event but that the event does not propagate."
      RenderBlock {DIV} at (0,22) size 784x26 [border: (2px solid #FF0000)]
        RenderBlock (anonymous) at (2,2) size 780x22
          RenderText {#text} at (0,0) size 186x22
            text run at (0,0) width 186: "you should see PASS below"
      RenderBlock {DIV} at (0,48) size 784x26 [border: (2px solid #0000FF)]
        RenderBlock (anonymous) at (2,2) size 780x22
          RenderText {#text} at (0,0) size 186x22
            text run at (0,0) width 186: "you should see PASS below"
      RenderBlock {DIV} at (0,74) size 784x22
        RenderText {#text} at (0,0) size 109x22
          text run at (0,0) width 109: "mouseout PASS"
      RenderBlock {DIV} at (0,96) size 784x22
        RenderText {#text} at (0,0) size 109x22
          text run at (0,0) width 109: "mouseout PASS"
