layer at (0,0) size 800x1592
  RenderCanvas at (0,0) size 800x600
layer at (0,0) size 800x1592
  RenderBlock {HTML} at (0,0) size 800x1592
    RenderBody {BODY} at (8,8) size 784x1576 [bgcolor=#CCCCCC]
      RenderBlock {P} at (0,0) size 784x18
        RenderText {TEXT} at (0,0) size 355x18
          text run at (0,0) width 355: "The style declarations which apply to the text below are:"
      RenderBlock {PRE} at (0,34) size 784x165
        RenderText {TEXT} at (0,0) size 624x165
          text run at (0,0) width 184: ".zero {margin-left: 0;}"
          text run at (0,15) width 160: ".one {margin-left: 3"
          text run at (160,15) width 32: "em;}"
          text run at (0,30) width 160: ".two {margin-left: 3"
          text run at (160,30) width 32: "ex;}"
          text run at (0,45) width 184: ".three {margin-left: 36"
          text run at (184,45) width 32: "px;}"
          text run at (0,60) width 184: ".four {margin-left: 0.5"
          text run at (184,60) width 32: "in;}"
          text run at (0,75) width 192: ".five {margin-left: 1.27"
          text run at (192,75) width 32: "cm;}"
          text run at (0,90) width 184: ".six {margin-left: 12.7"
          text run at (184,90) width 32: "mm;}"
          text run at (0,105) width 184: ".seven {margin-left: 36"
          text run at (184,105) width 32: "pt;}"
          text run at (0,120) width 176: ".eight {margin-left: 3"
          text run at (176,120) width 32: "pc;}"
          text run at (0,135) width 176: ".nine {margin-left: +3"
          text run at (176,135) width 32: "pc;}"
          text run at (0,150) width 152: ".ten {font-size: 40"
          text run at (152,150) width 144: "px; border-left: 1"
          text run at (296,150) width 328: "ex solid purple; background-color: aqua;}"
      RenderBlock {HR} at (0,212) size 784x2 [border: (1px inset #000000)]
      RenderBlock {P} at (0,230) size 784x36
        RenderText {TEXT} at (0,0) size 761x36
          text run at (0,0) width 761: "This paragraph has no left margin. The following paragraphs have all been given a left margin and their left (outer) edges"
          text run at (0,18) width 347: "should therefore be appropriately shifted to the right of "
        RenderInline {EM} at (0,0) size 22x18
          RenderText {TEXT} at (347,18) size 22x18
            text run at (347,18) width 22: "this"
        RenderText {TEXT} at (369,18) size 138x18
          text run at (369,18) width 138: " paragraph's left edge."
      RenderBlock {P} at (48,282) size 736x18
        RenderText {TEXT} at (0,0) size 310x18
          text run at (0,0) width 287: "This paragraph should have a left margin of 3"
          text run at (287,0) width 23: "em."
      RenderBlock {P} at (24,316) size 760x18
        RenderText {TEXT} at (0,0) size 306x18
          text run at (0,0) width 287: "This paragraph should have a left margin of 3"
          text run at (287,0) width 19: "ex."
      RenderBlock {P} at (36,350) size 748x18
        RenderText {TEXT} at (0,0) size 340x18
          text run at (0,0) width 340: "This paragraph should have a left margin of 36 pixels."
      RenderBlock {P} at (48,384) size 736x18
        RenderText {TEXT} at (0,0) size 357x18
          text run at (0,0) width 357: "This paragraph should have a left margin of half an inch."
      RenderBlock {P} at (48,418) size 736x18
        RenderText {TEXT} at (0,0) size 330x18
          text run at (0,0) width 307: "This paragraph should have a left margin of 1.27"
          text run at (307,0) width 23: "cm."
      RenderBlock {P} at (48,452) size 736x18
        RenderText {TEXT} at (0,0) size 335x18
          text run at (0,0) width 307: "This paragraph should have a left margin of 12.7"
          text run at (307,0) width 28: "mm."
      RenderBlock {P} at (48,486) size 736x18
        RenderText {TEXT} at (0,0) size 341x18
          text run at (0,0) width 341: "This paragraph should have a left margin of 36 points."
      RenderBlock {P} at (48,520) size 736x18
        RenderText {TEXT} at (0,0) size 327x18
          text run at (0,0) width 327: "This paragraph should have a left margin of 3 picas."
      RenderBlock {P} at (48,554) size 736x18
        RenderText {TEXT} at (0,0) size 591x18
          text run at (0,0) width 591: "This paragraph should have a left margin of 3 picas (the plus sign should make no difference)."
      RenderBlock {P} at (0,612) size 784x230 [bgcolor=#00FFFF] [border: (20px solid #800080)]
        RenderText {TEXT} at (20,0) size 310x46
          text run at (20,0) width 310: "This element has a "
        RenderInline {CODE} at (0,0) size 216x46
          RenderText {TEXT} at (330,0) size 216x46
            text run at (330,0) width 216: "font-size"
        RenderText {TEXT} at (546,0) size 53x46
          text run at (546,0) width 53: " of "
        RenderInline {CODE} at (0,0) size 96x46
          RenderText {TEXT} at (599,0) size 96x46
            text run at (599,0) width 48: "40"
            text run at (647,0) width 48: "px"
        RenderText {TEXT} at (695,0) size 743x92
          text run at (695,0) width 68: " and"
          text run at (20,46) width 28: "a "
        RenderInline {CODE} at (0,0) size 264x46
          RenderText {TEXT} at (48,46) size 264x46
            text run at (48,46) width 264: "border-left"
        RenderText {TEXT} at (312,46) size 53x46
          text run at (312,46) width 53: " of "
        RenderInline {CODE} at (0,0) size 384x46
          RenderText {TEXT} at (365,46) size 384x46
            text run at (365,46) width 24: "1"
            text run at (389,46) width 360: "ex solid purple"
        RenderText {TEXT} at (749,46) size 739x184
          text run at (749,46) width 10: "."
          text run at (20,92) width 673: "This should make the left border the same"
          text run at (20,138) width 711: "number of pixels as the lower-case 'x' in this"
          text run at (20,184) width 611: "element's font, as well as solid purple."
      RenderTable {TABLE} at (0,882) size 784x694 [border: (1px outset #808080)]
        RenderTableSection {TBODY} at (1,1) size 0x692
          RenderTableRow {TR} at (0,0) size 0x0
            RenderTableCell {TD} at (0,0) size 782x26 [bgcolor=#C0C0C0] [border: (1px inset #808080)] [r=0 c=0 rs=1 cs=2]
              RenderInline {STRONG} at (0,0) size 163x18
                RenderText {TEXT} at (4,4) size 163x18
                  text run at (4,4) width 163: "TABLE Testing Section"
          RenderTableRow {TR} at (0,0) size 0x0
            RenderTableCell {TD} at (0,346) size 12x26 [bgcolor=#C0C0C0] [border: (1px inset #808080)] [r=1 c=0 rs=1 cs=1]
              RenderText {TEXT} at (4,4) size 4x18
                text run at (4,4) width 4: " "
            RenderTableCell {TD} at (12,26) size 770x666 [border: (1px inset #808080)] [r=1 c=1 rs=1 cs=1]
              RenderBlock {P} at (4,4) size 762x36
                RenderText {TEXT} at (0,0) size 761x36
                  text run at (0,0) width 761: "This paragraph has no left margin. The following paragraphs have all been given a left margin and their left (outer) edges"
                  text run at (0,18) width 347: "should therefore be appropriately shifted to the right of "
                RenderInline {EM} at (0,0) size 22x18
                  RenderText {TEXT} at (347,18) size 22x18
                    text run at (347,18) width 22: "this"
                RenderText {TEXT} at (369,18) size 138x18
                  text run at (369,18) width 138: " paragraph's left edge."
              RenderBlock {P} at (52,56) size 714x18
                RenderText {TEXT} at (0,0) size 310x18
                  text run at (0,0) width 287: "This paragraph should have a left margin of 3"
                  text run at (287,0) width 23: "em."
              RenderBlock {P} at (28,90) size 738x18
                RenderText {TEXT} at (0,0) size 306x18
                  text run at (0,0) width 287: "This paragraph should have a left margin of 3"
                  text run at (287,0) width 19: "ex."
              RenderBlock {P} at (40,124) size 726x18
                RenderText {TEXT} at (0,0) size 340x18
                  text run at (0,0) width 340: "This paragraph should have a left margin of 36 pixels."
              RenderBlock {P} at (52,158) size 714x18
                RenderText {TEXT} at (0,0) size 357x18
                  text run at (0,0) width 357: "This paragraph should have a left margin of half an inch."
              RenderBlock {P} at (52,192) size 714x18
                RenderText {TEXT} at (0,0) size 330x18
                  text run at (0,0) width 307: "This paragraph should have a left margin of 1.27"
                  text run at (307,0) width 23: "cm."
              RenderBlock {P} at (52,226) size 714x18
                RenderText {TEXT} at (0,0) size 335x18
                  text run at (0,0) width 307: "This paragraph should have a left margin of 12.7"
                  text run at (307,0) width 28: "mm."
              RenderBlock {P} at (52,260) size 714x18
                RenderText {TEXT} at (0,0) size 341x18
                  text run at (0,0) width 341: "This paragraph should have a left margin of 36 points."
              RenderBlock {P} at (52,294) size 714x18
                RenderText {TEXT} at (0,0) size 327x18
                  text run at (0,0) width 327: "This paragraph should have a left margin of 3 picas."
              RenderBlock {P} at (52,328) size 714x18
                RenderText {TEXT} at (0,0) size 591x18
                  text run at (0,0) width 591: "This paragraph should have a left margin of 3 picas (the plus sign should make no difference)."
              RenderBlock {P} at (4,386) size 762x276 [bgcolor=#00FFFF] [border: (20px solid #800080)]
                RenderText {TEXT} at (20,0) size 310x46
                  text run at (20,0) width 310: "This element has a "
                RenderInline {CODE} at (0,0) size 216x46
                  RenderText {TEXT} at (330,0) size 216x46
                    text run at (330,0) width 216: "font-size"
                RenderText {TEXT} at (546,0) size 53x46
                  text run at (546,0) width 53: " of "
                RenderInline {CODE} at (0,0) size 96x46
                  RenderText {TEXT} at (599,0) size 96x46
                    text run at (599,0) width 48: "40"
                    text run at (647,0) width 48: "px"
                RenderText {TEXT} at (20,46) size 96x46
                  text run at (20,46) width 96: "and a "
                RenderInline {CODE} at (0,0) size 264x46
                  RenderText {TEXT} at (116,46) size 264x46
                    text run at (116,46) width 264: "border-left"
                RenderText {TEXT} at (380,46) size 53x46
                  text run at (380,46) width 53: " of "
                RenderInline {CODE} at (0,0) size 629x92
                  RenderText {TEXT} at (433,46) size 629x92
                    text run at (433,46) width 24: "1"
                    text run at (457,46) width 192: "ex solid"
                    text run at (20,92) width 144: "purple"
                RenderText {TEXT} at (164,92) size 710x184
                  text run at (164,92) width 20: ". "
                  text run at (184,92) width 521: "This should make the left border"
                  text run at (20,138) width 710: "the same number of pixels as the lower-case"
                  text run at (20,184) width 642: "'x' in this element's font, as well as solid"
                  text run at (20,230) width 112: "purple."
