layer at (0,0) size 800x600
  RenderCanvas at (0,0) size 800x600
layer at (0,0) size 800x39
  RenderBlock {HTML} at (0,0) size 800x39
    RenderBody {BODY} at (8,8) size 784x17
      RenderBlock {P} at (0,0) size 784x17
        RenderText {TEXT} at (0,0) size 667x17
          text run at (0,0) width 192: "You should see a single 100"
          text run at (192,0) width 475: "x100 green square below. If you see any red, then the test has failed."
layer at (10,39) size 100x100
  RenderFlexibleBox (positioned) {DIV} at (10,39) size 100x100 [bgcolor=#FF0000]
    RenderBlock {DIV} at (0,0) size 100x100 [bgcolor=#008000]
