layer at (0,0) size 800x600
  RenderCanvas at (0,0) size 800x600
layer at (0,0) size 800x600
  RenderBlock {HTML} at (0,0) size 800x600
    RenderBody {BODY} at (8,8) size 784x584
      RenderBlock {P} at (0,0) size 784x36
        RenderText {TEXT} at (0,0) size 754x36
          text run at (0,0) width 137: "You should see a 100"
          text run at (137,0) width 414: "x100 olive-bordered green square below with a vertical scrollbar. "
          text run at (551,0) width 203: "The scrollable area should all be"
          text run at (0,18) width 202: "green and should be about 1000"
          text run at (202,18) width 47: "px tall. "
          text run at (249,18) width 326: "If you do not see a scrollbar, then the test has failed."
layer at (8,60) size 104x104 clip at (10,62) size 85x100
  RenderFlexibleBox {DIV} at (0,52) size 104x104 [bgcolor=#008000] [border: (2px solid #808000)]
    RenderBlock {DIV} at (2,2) size 0x1000
