layer at (0,0) size 800x600
  RenderCanvas at (0,0) size 800x600
layer at (0,0) size 800x164
  RenderBlock {HTML} at (0,0) size 800x164
    RenderBody {BODY} at (8,8) size 784x148
      RenderBlock {P} at (0,0) size 784x34
        RenderText {TEXT} at (0,0) size 765x34
          text run at (0,0) width 147: "You should see a 100"
          text run at (147,0) width 183: "x100 green square below. "
          text run at (330,0) width 296: "If you see any red, then the test has failed. "
          text run at (626,0) width 139: "This test is ensuring"
          text run at (0,17) width 439: "that boxes can act as containing blocks for positioned elements."
layer at (8,56) size 100x100
  RenderFlexibleBox (relative positioned) {DIV} at (0,48) size 100x100 [bgcolor=#FF0000]
layer at (8,56) size 100x100
  RenderBlock (positioned) {DIV} at (0,0) size 100x100 [bgcolor=#008000]
