layer at (0,0) size 800x600
  RenderCanvas at (0,0) size 800x600
layer at (0,0) size 800x249
  RenderBlock {HTML} at (0,0) size 800x249
    RenderBody {BODY} at (8,8) size 784x233
      RenderBlock {P} at (0,0) size 784x34
        RenderText {TEXT} at (0,0) size 779x34
          text run at (0,0) width 339: "You should see identical rows of numbers below. "
          text run at (339,0) width 440: "Every row should look exactly the same. If any objects are out of"
          text run at (0,17) width 208: "order, then the test has failed."
      RenderFlexibleBox {DIV} at (0,48) size 784x185
        RenderFlexibleBox {DIV} at (0,0) size 784x37
          RenderBlock {DIV} at (4,4) size 21x29
            RenderText {TEXT} at (6,6) size 9x17
              text run at (6,6) width 9: "1"
          RenderBlock {DIV} at (33,4) size 21x29
            RenderText {TEXT} at (6,6) size 9x17
              text run at (6,6) width 9: "2"
          RenderBlock {DIV} at (62,4) size 21x29
            RenderText {TEXT} at (6,6) size 9x17
              text run at (6,6) width 9: "3"
          RenderBlock {DIV} at (91,4) size 21x29
            RenderText {TEXT} at (6,6) size 9x17
              text run at (6,6) width 9: "4"
          RenderBlock {DIV} at (120,4) size 21x29
            RenderText {TEXT} at (6,6) size 9x17
              text run at (6,6) width 9: "5"
        RenderFlexibleBox {DIV} at (0,37) size 784x37
          RenderBlock {DIV} at (120,4) size 21x29
            RenderText {TEXT} at (6,6) size 9x17
              text run at (6,6) width 9: "5"
          RenderBlock {DIV} at (91,4) size 21x29
            RenderText {TEXT} at (6,6) size 9x17
              text run at (6,6) width 9: "4"
          RenderBlock {DIV} at (62,4) size 21x29
            RenderText {TEXT} at (6,6) size 9x17
              text run at (6,6) width 9: "3"
          RenderBlock {DIV} at (33,4) size 21x29
            RenderText {TEXT} at (6,6) size 9x17
              text run at (6,6) width 9: "2"
          RenderBlock {DIV} at (4,4) size 21x29
            RenderText {TEXT} at (6,6) size 9x17
              text run at (6,6) width 9: "1"
        RenderFlexibleBox {DIV} at (0,74) size 784x37
          RenderBlock {DIV} at (4,4) size 21x29
            RenderText {TEXT} at (6,6) size 9x17
              text run at (6,6) width 9: "1"
          RenderBlock {DIV} at (33,4) size 21x29
            RenderText {TEXT} at (6,6) size 9x17
              text run at (6,6) width 9: "2"
          RenderBlock {DIV} at (62,4) size 21x29
            RenderText {TEXT} at (6,6) size 9x17
              text run at (6,6) width 9: "3"
          RenderBlock {DIV} at (91,4) size 21x29
            RenderText {TEXT} at (6,6) size 9x17
              text run at (6,6) width 9: "4"
          RenderBlock {DIV} at (120,4) size 21x29
            RenderText {TEXT} at (6,6) size 9x17
              text run at (6,6) width 9: "5"
        RenderFlexibleBox {DIV} at (0,111) size 784x37
          RenderBlock {DIV} at (62,4) size 21x29
            RenderText {TEXT} at (6,6) size 9x17
              text run at (6,6) width 9: "3"
          RenderBlock {DIV} at (4,4) size 21x29
            RenderText {TEXT} at (6,6) size 9x17
              text run at (6,6) width 9: "1"
          RenderBlock {DIV} at (91,4) size 21x29
            RenderText {TEXT} at (6,6) size 9x17
              text run at (6,6) width 9: "4"
          RenderBlock {DIV} at (33,4) size 21x29
            RenderText {TEXT} at (6,6) size 9x17
              text run at (6,6) width 9: "2"
          RenderBlock {DIV} at (120,4) size 21x29
            RenderText {TEXT} at (6,6) size 9x17
              text run at (6,6) width 9: "5"
        RenderFlexibleBox {DIV} at (0,148) size 784x37
          RenderBlock {DIV} at (62,4) size 21x29
            RenderText {TEXT} at (6,6) size 9x17
              text run at (6,6) width 9: "3"
          RenderBlock {DIV} at (4,4) size 21x29
            RenderText {TEXT} at (6,6) size 9x17
              text run at (6,6) width 9: "1"
          RenderBlock {DIV} at (91,4) size 21x29
            RenderText {TEXT} at (6,6) size 9x17
              text run at (6,6) width 9: "4"
          RenderBlock {DIV} at (33,4) size 21x29
            RenderText {TEXT} at (6,6) size 9x17
              text run at (6,6) width 9: "2"
          RenderBlock {DIV} at (120,4) size 21x29
            RenderText {TEXT} at (6,6) size 9x17
              text run at (6,6) width 9: "5"
