layer at (0,0) size 800x600
  RenderCanvas at (0,0) size 800x600
layer at (0,0) size 800x181
  RenderBlock {HTML} at (0,0) size 800x181
    RenderBody {BODY} at (8,8) size 784x165
      RenderBlock {P} at (0,0) size 784x51
        RenderText {TEXT} at (0,0) size 785x51
          text run at (0,0) width 192: "You should see a single 100"
          text run at (192,0) width 593: "x100 green square below. If your browser supports the display of ALT text, you should"
          text run at (0,17) width 316: "see the word \"Image\" inside the green square. "
          text run at (316,17) width 296: "If you see any red, then the test has failed. "
          text run at (612,17) width 158: "This test is checking to"
          text run at (0,34) width 427: "make sure replaced elements inside boxes get stretched when "
        RenderInline {CODE} at (0,0) size 144x16
          RenderText {TEXT} at (427,35) size 144x16
            text run at (427,35) width 144: "box-align: stretch"
        RenderText {TEXT} at (571,34) size 86x17
          text run at (571,34) width 86: " is specified."
      RenderFlexibleBox {DIV} at (0,65) size 100x100 [bgcolor=#FF0000]
        RenderImage {IMG} at (0,0) size 100x100 [bgcolor=#008000]
