layer at (0,0) size 800x600
  RenderCanvas at (0,0) size 800x600
layer at (0,0) size 800x186
  RenderBlock {HTML} at (0,0) size 800x186
    RenderBody {BODY} at (8,8) size 784x170
      RenderBlock {P} at (0,0) size 784x54
        RenderText {TEXT} at (0,0) size 783x54
          text run at (0,0) width 178: "You should see a single 100"
          text run at (178,0) width 599: "x100 green square below. If your browser supports the display of ALT text, you should see the"
          text run at (0,18) width 246: "word \"Image\" inside the green square. "
          text run at (246,18) width 268: "If you see any red, then the test has failed. "
          text run at (514,18) width 269: "This test is checking to make sure replaced"
          text run at (0,36) width 263: "elements inside boxes get stretched when "
        RenderInline {CODE} at (0,0) size 144x15
          RenderText {TEXT} at (263,38) size 144x15
            text run at (263,38) width 144: "box-align: stretch"
        RenderText {TEXT} at (407,36) size 78x18
          text run at (407,36) width 78: " is specified."
      RenderFlexibleBox {DIV} at (0,70) size 100x100 [bgcolor=#FF0000]
        RenderImage {IMG} at (0,0) size 100x100 [bgcolor=#008000]
