layer at (0,0) size 800x600
  RenderView at (0,0) size 800x600
layer at (0,0) size 800x262
  RenderBlock {HTML} at (0,0) size 800x262
    RenderBody {BODY} at (8,16) size 784x238
      RenderBlock {P} at (0,0) size 784x18
        RenderText {#text} at (0,0) size 356x18
          text run at (0,0) width 356: "The test passes if both boxes below have the same color."
      RenderBlock (anonymous) at (0,34) size 784x104
        RenderHTMLCanvas {CANVAS} at (0,0) size 200x100
        RenderText {#text} at (0,0) size 0x0
      RenderBlock {DIV} at (0,138) size 200x100
