layer at (0,0) size 800x600
  RenderView at (0,0) size 800x600
layer at (0,0) size 800x600
  RenderBlock {HTML} at (0,0) size 800x600
    RenderBody {BODY} at (8,8) size 784x584
      RenderTable {TABLE} at (0,0) size 784x58
        RenderTableSection {TBODY} at (0,0) size 784x58
          RenderTableRow {TR} at (0,2) size 784x31
            RenderTableCell {TD} at (2,7) size 41x21 [r=0 c=0 rs=1 cs=1]
              RenderText {#text} at (1,1) size 37x19
                text run at (1,1) width 37: "URL:"
            RenderTableCell {TD} at (45,2) size 737x31 [r=0 c=1 rs=1 cs=1]
              RenderTextControl {INPUT} at (1,3) size 735x25 [bgcolor=#FFFFFF] [border: (2px inset #000000)]
          RenderTableRow {TR} at (0,35) size 784x21
            RenderTableCell {TD} at (2,35) size 780x21 [bgcolor=#FF0000] [r=1 c=0 rs=1 cs=2]
              RenderText {#text} at (1,1) size 253x19
                text run at (1,1) width 253: "Alongwordtogiveyouanicebigminwidth."
      RenderTable {TABLE} at (0,58) size 100x100 [bgcolor=#FF0000] [border: (2px outset #808080)]
        RenderTableSection {TBODY} at (2,2) size 96x96
          RenderTableRow {TR} at (0,2) size 96x92
            RenderTableCell {TD} at (2,46) size 92x4 [border: (1px inset #808080)] [r=0 c=0 rs=1 cs=1]
      RenderTable {TABLE} at (0,158) size 218x120 [border: (2px outset #808080)]
        RenderTableSection {TBODY} at (2,2) size 214x116
          RenderTableRow {TR} at (0,2) size 214x23
            RenderTableCell {TD} at (2,2) size 210x23 [border: (1px inset #808080)] [r=0 c=0 rs=1 cs=1]
              RenderText {#text} at (2,2) size 31x19
                text run at (2,2) width 31: "hello"
          RenderTableRow {TR} at (0,27) size 214x23
            RenderTableCell {TD} at (2,27) size 210x23 [border: (1px inset #808080)] [r=1 c=0 rs=1 cs=1]
              RenderText {#text} at (2,2) size 67x19
                text run at (2,2) width 67: "more hello"
          RenderTableRow {TR} at (0,52) size 214x23
            RenderTableCell {TD} at (2,52) size 210x23 [border: (1px inset #808080)] [r=2 c=0 rs=1 cs=1]
              RenderText {#text} at (2,2) size 37x19
                text run at (2,2) width 37: "world"
          RenderTableRow {TR} at (0,77) size 214x37
            RenderTableCell {TD} at (2,80) size 210x31 [border: (1px inset #808080)] [r=3 c=0 rs=1 cs=1]
              RenderText {#text} at (0,0) size 0x0
      RenderTable {TABLE} at (0,278) size 106x82
        RenderTableSection {TBODY} at (0,0) size 106x82
          RenderTableRow {TR} at (0,2) size 106x78
            RenderTableCell {TD} at (2,2) size 102x78 [r=0 c=0 rs=1 cs=1]
              RenderText {#text} at (1,1) size 100x76
                text run at (1,1) width 87: "I should wrap"
                text run at (1,20) width 81: "and not have"
                text run at (1,39) width 56: "nowrap. "
                text run at (57,39) width 44: "I really"
                text run at (1,58) width 46: "should."
      RenderTable {TABLE} at (0,360) size 106x82
        RenderTableSection {TBODY} at (0,0) size 106x82
          RenderTableRow {TR} at (0,2) size 106x78
            RenderTableCell {TD} at (2,2) size 102x78 [r=0 c=0 rs=1 cs=1]
              RenderBlock {DIV} at (1,1) size 100x76
                RenderText {#text} at (0,0) size 100x76
                  text run at (0,0) width 87: "I should wrap"
                  text run at (0,19) width 81: "and not have"
                  text run at (0,38) width 56: "nowrap. "
                  text run at (56,38) width 44: "I really"
                  text run at (0,57) width 46: "should."
      RenderTable {TABLE} at (0,442) size 369x25
        RenderTableSection {TBODY} at (0,0) size 369x25
          RenderTableRow {TR} at (0,2) size 369x21
            RenderTableCell {TD} at (2,2) size 365x21 [r=0 c=0 rs=1 cs=1]
              RenderText {#text} at (1,1) size 363x19
                text run at (1,1) width 145: "I should have nowrap. "
                text run at (146,1) width 98: "I really should. "
                text run at (244,1) width 120: "Definitely. Should."
      RenderTable {TABLE} at (0,467) size 369x25
        RenderTableSection {TBODY} at (0,0) size 369x25
          RenderTableRow {TR} at (0,2) size 369x21
            RenderTableCell {TD} at (2,2) size 365x21 [r=0 c=0 rs=1 cs=1]
              RenderBlock {DIV} at (1,1) size 363x19
                RenderText {#text} at (0,0) size 363x19
                  text run at (0,0) width 145: "I should have nowrap. "
                  text run at (145,0) width 98: "I really should. "
                  text run at (243,0) width 120: "Definitely. Should."
layer at (57,16) size 729x19
  RenderBlock {DIV} at (3,3) size 729x19
layer at (16,250) size 202x27 clip at (17,251) size 200x25
  RenderTextControl {TEXTAREA} at (4,2) size 202x27 [bgcolor=#FFFFFF] [border: (1px solid #000000)]
    RenderBlock {DIV} at (3,3) size 196x19
