layer at (0,0) size 784x729
  RenderView at (0,0) size 784x600
layer at (0,0) size 784x729
  RenderBlock {HTML} at (0,0) size 784x729
    RenderBody {BODY} at (8,8) size 768x711
      RenderBlock {P} at (0,0) size 768x60
        RenderText {#text} at (0,9) size 451x21
          text run at (0,9) width 451: "The blue borders should coincide with light blue squares, like this: "
        RenderBlock {SPAN} at (451,0) size 25x25 [bgcolor=#ADD8E6] [border: (3px solid #0000FF7F)]
        RenderText {#text} at (476,9) size 209x21
          text run at (476,9) width 8: ". "
          text run at (484,9) width 201: "There should be none of this: "
        RenderBlock {SPAN} at (685,0) size 25x25 [bgcolor=#ADD8E6]
        RenderText {#text} at (710,9) size 52x21
          text run at (710,9) width 4: " "
          text run at (714,9) width 48: "or this:"
        RenderBlock {SPAN} at (0,30) size 25x25 [border: (3px solid #0000FF7F)]
        RenderText {#text} at (25,39) size 4x21
          text run at (25,39) width 4: "."
      RenderBlock {P} at (0,598) size 768x21
        RenderText {#text} at (0,0) size 683x21
          text run at (0,0) width 683: "Except here, where the blue border should be around the bigger slice of the blue square, on the right."
layer at (8,84) size 136x76
  RenderBlock {DIV} at (0,76) size 136x76 [color=#ADD8E6] [border: (3px solid #000000)]
    RenderBR {BR} at (13,13) size 0x24
    RenderText {#text} at (13,38) size 25x74
      text run at (13,38) width 25: "x"
      text run at (13,63) width 25: "y"
      text run at (13,88) width 25: "z"
layer at (8,170) size 136x76
  RenderBlock {DIV} at (0,162) size 136x76 [color=#ADD8E6] [border: (3px solid #000000)]
    RenderBR {BR} at (13,13) size 0x24
    RenderInline {SPAN} at (0,0) size 25x74
      RenderText {#text} at (13,38) size 25x74
        text run at (13,38) width 25: "x"
        text run at (13,63) width 25: "y"
        text run at (13,88) width 25: "z"
    RenderText {#text} at (0,0) size 0x0
layer at (8,256) size 136x76
  RenderBlock {DIV} at (0,248) size 136x76 [color=#ADD8E6] [border: (3px solid #000000)]
    RenderBlock (anonymous) at (13,13) size 50x25
      RenderBR {BR} at (0,0) size 0x24
    RenderBlock {DIV} at (13,38) size 50x75
      RenderText {#text} at (0,0) size 25x74
        text run at (0,0) width 25: "x"
        text run at (0,25) width 25: "y"
        text run at (0,50) width 25: "z"
layer at (8,342) size 136x76
  RenderBlock {DIV} at (0,334) size 136x76 [color=#ADD8E6] [border: (3px solid #000000)]
    RenderBlock (anonymous) at (13,13) size 50x25
      RenderBR {BR} at (0,0) size 0x24
    RenderBlock {DIV} at (13,38) size 50x75
      RenderBR {BR} at (0,0) size 0x24
      RenderText {#text} at (0,25) size 25x49
        text run at (0,25) width 25: "y"
        text run at (0,50) width 25: "z"
layer at (8,428) size 136x76
  RenderBlock {DIV} at (0,420) size 136x76 [color=#ADD8E6] [border: (3px solid #000000)]
    RenderBlock (anonymous) at (13,13) size 50x25
      RenderBR {BR} at (0,0) size 0x24
    RenderBlock {DIV} at (13,38) size 50x54
      RenderBR {BR} at (0,0) size 0x24
      RenderSlider {INPUT} at (2,27) size 25x25 [color=#000000] [bgcolor=#ADD8E6]
        RenderBlock {DIV} at (12,12) size 0x0
layer at (8,514) size 136x76
  RenderBlock {DIV} at (0,506) size 136x76 [color=#ADD8E6] [border: (3px solid #000000)]
    RenderBlock (anonymous) at (13,13) size 50x25
      RenderBR {BR} at (0,0) size 0x24
    RenderBlock {DIV} at (13,38) size 50x50
      RenderBR {BR} at (0,0) size 0x24
      RenderImage {IMG} at (0,25) size 25x25 [bgcolor=#ADD8E6]
layer at (8,643) size 136x76
  RenderBlock {DIV} at (0,635) size 136x76 [color=#ADD8E6] [border: (3px solid #000000)]
    RenderBlock {DIV} at (13,13) size 25x25 [bgcolor=#ADD8E6]
layer at (21,122) size 25x24
  RenderBlock (positioned) {DIV} at (21,122) size 25x24 [border: (3px solid #0000FF7F)]
layer at (81,97) size 25x24
  RenderBlock (positioned) {DIV} at (81,97) size 25x24 [border: (3px solid #0000FF7F)]
layer at (81,122) size 25x24
  RenderBlock (positioned) {DIV} at (81,122) size 25x24 [border: (3px solid #0000FF7F)]
layer at (21,208) size 25x24
  RenderBlock (positioned) {DIV} at (21,208) size 25x24 [border: (3px solid #0000FF7F)]
layer at (81,183) size 25x24
  RenderBlock (positioned) {DIV} at (81,183) size 25x24 [border: (3px solid #0000FF7F)]
layer at (81,208) size 25x24
  RenderBlock (positioned) {DIV} at (81,208) size 25x24 [border: (3px solid #0000FF7F)]
layer at (21,294) size 25x24
  RenderBlock (positioned) {DIV} at (21,294) size 25x24 [border: (3px solid #0000FF7F)]
layer at (81,269) size 25x24
  RenderBlock (positioned) {DIV} at (81,269) size 25x24 [border: (3px solid #0000FF7F)]
layer at (81,294) size 25x24
  RenderBlock (positioned) {DIV} at (81,294) size 25x24 [border: (3px solid #0000FF7F)]
layer at (81,355) size 25x24
  RenderBlock (positioned) {DIV} at (81,355) size 25x24 [border: (3px solid #0000FF7F)]
layer at (81,380) size 25x24
  RenderBlock (positioned) {DIV} at (81,380) size 25x24 [border: (3px solid #0000FF7F)]
layer at (83,443) size 25x25
  RenderBlock (positioned) {DIV} at (83,443) size 25x25 [border: (3px solid #0000FF7F)]
layer at (81,527) size 25x25
  RenderBlock (positioned) {DIV} at (81,527) size 25x25 [border: (3px solid #0000FF7F)]
layer at (21,656) size 25x25
  RenderBlock (positioned) {DIV} at (21,656) size 25x25 [border: (3px solid #0000FF7F)]
