layer at (0,0) size 784x934
  RenderView at (0,0) size 784x600
layer at (0,0) size 784x934
  RenderBlock {HTML} at (0,0) size 784x934
    RenderBody {BODY} at (8,8) size 768x918
layer at (8,8) size 768x451
  RenderBlock {DIV} at (0,0) size 768x451 [border: (5px solid #0000FF)]
    RenderBlock (anonymous) at (5,5) size 371x441
      RenderText {#text} at (0,0) size 115x21
        text run at (0,0) width 115: "This is some text."
      RenderBR {BR} at (115,16) size 0x0
      RenderText {#text} at (0,21) size 115x21
        text run at (0,21) width 115: "This is some text."
      RenderBR {BR} at (115,37) size 0x0
      RenderText {#text} at (0,42) size 115x21
        text run at (0,42) width 115: "This is some text."
      RenderBR {BR} at (115,58) size 0x0
      RenderText {#text} at (0,63) size 115x21
        text run at (0,63) width 115: "This is some text."
      RenderBR {BR} at (115,79) size 0x0
      RenderText {#text} at (0,84) size 115x21
        text run at (0,84) width 115: "This is some text."
      RenderBR {BR} at (115,100) size 0x0
      RenderText {#text} at (0,105) size 115x21
        text run at (0,105) width 115: "This is some text."
      RenderBR {BR} at (115,121) size 0x0
      RenderText {#text} at (0,126) size 115x21
        text run at (0,126) width 115: "This is some text."
      RenderBR {BR} at (115,142) size 0x0
      RenderText {#text} at (0,147) size 115x21
        text run at (0,147) width 115: "This is some text."
      RenderBR {BR} at (115,163) size 0x0
      RenderText {#text} at (0,168) size 115x21
        text run at (0,168) width 115: "This is some text."
      RenderBR {BR} at (115,184) size 0x0
      RenderText {#text} at (0,189) size 115x21
        text run at (0,189) width 115: "This is some text."
      RenderBR {BR} at (115,205) size 0x0
      RenderText {#text} at (0,210) size 115x21
        text run at (0,210) width 115: "This is some text."
      RenderBR {BR} at (115,226) size 0x0
      RenderText {#text} at (0,231) size 115x21
        text run at (0,231) width 115: "This is some text."
      RenderBR {BR} at (115,247) size 0x0
      RenderText {#text} at (0,252) size 115x21
        text run at (0,252) width 115: "This is some text."
      RenderBR {BR} at (115,268) size 0x0
      RenderText {#text} at (0,273) size 115x21
        text run at (0,273) width 115: "This is some text."
      RenderBR {BR} at (115,289) size 0x0
      RenderText {#text} at (0,294) size 115x21
        text run at (0,294) width 115: "This is some text."
      RenderBR {BR} at (115,310) size 0x0
      RenderText {#text} at (0,315) size 115x21
        text run at (0,315) width 115: "This is some text."
      RenderBR {BR} at (115,331) size 0x0
      RenderText {#text} at (0,336) size 115x21
        text run at (0,336) width 115: "This is some text."
      RenderBR {BR} at (115,352) size 0x0
      RenderText {#text} at (0,357) size 115x21
        text run at (0,357) width 115: "This is some text."
      RenderBR {BR} at (115,373) size 0x0
      RenderText {#text} at (0,378) size 115x21
        text run at (0,378) width 115: "This is some text."
      RenderBR {BR} at (115,394) size 0x0
      RenderText {#text} at (0,399) size 115x21
        text run at (0,399) width 115: "This is some text."
      RenderBR {BR} at (115,415) size 0x0
      RenderText {#text} at (0,420) size 115x21
        text run at (0,420) width 115: "This is some text."
      RenderBR {BR} at (115,436) size 0x0
    RenderBlock {DIV} at (5,446) size 371x84
      RenderText {#text} at (0,0) size 278x21
        text run at (0,0) width 278: "This text should be in the second column."
      RenderBR {BR} at (278,16) size 0x0
      RenderText {#text} at (0,21) size 278x21
        text run at (0,21) width 278: "This text should be in the second column."
      RenderBR {BR} at (278,37) size 0x0
      RenderText {#text} at (0,42) size 278x21
        text run at (0,42) width 278: "This text should be in the second column."
      RenderBR {BR} at (278,58) size 0x0
      RenderText {#text} at (0,63) size 278x21
        text run at (0,63) width 278: "This text should be in the second column."
      RenderBR {BR} at (278,79) size 0x0
layer at (8,475) size 768x451
  RenderBlock {DIV} at (0,467) size 768x451 [border: (5px solid #0000FF)]
    RenderBlock (anonymous) at (5,5) size 371x84
      RenderText {#text} at (0,0) size 259x21
        text run at (0,0) width 259: "This text should be in the first column."
      RenderBR {BR} at (259,16) size 0x0
      RenderText {#text} at (0,21) size 259x21
        text run at (0,21) width 259: "This text should be in the first column."
      RenderBR {BR} at (259,37) size 0x0
      RenderText {#text} at (0,42) size 259x21
        text run at (0,42) width 259: "This text should be in the first column."
      RenderBR {BR} at (259,58) size 0x0
      RenderText {#text} at (0,63) size 259x21
        text run at (0,63) width 259: "This text should be in the first column."
      RenderBR {BR} at (259,79) size 0x0
    RenderBlock {DIV} at (5,446) size 371x441
      RenderText {#text} at (0,0) size 115x21
        text run at (0,0) width 115: "This is some text."
      RenderBR {BR} at (115,16) size 0x0
      RenderText {#text} at (0,21) size 115x21
        text run at (0,21) width 115: "This is some text."
      RenderBR {BR} at (115,37) size 0x0
      RenderText {#text} at (0,42) size 115x21
        text run at (0,42) width 115: "This is some text."
      RenderBR {BR} at (115,58) size 0x0
      RenderText {#text} at (0,63) size 115x21
        text run at (0,63) width 115: "This is some text."
      RenderBR {BR} at (115,79) size 0x0
      RenderText {#text} at (0,84) size 115x21
        text run at (0,84) width 115: "This is some text."
      RenderBR {BR} at (115,100) size 0x0
      RenderText {#text} at (0,105) size 115x21
        text run at (0,105) width 115: "This is some text."
      RenderBR {BR} at (115,121) size 0x0
      RenderText {#text} at (0,126) size 115x21
        text run at (0,126) width 115: "This is some text."
      RenderBR {BR} at (115,142) size 0x0
      RenderText {#text} at (0,147) size 115x21
        text run at (0,147) width 115: "This is some text."
      RenderBR {BR} at (115,163) size 0x0
      RenderText {#text} at (0,168) size 115x21
        text run at (0,168) width 115: "This is some text."
      RenderBR {BR} at (115,184) size 0x0
      RenderText {#text} at (0,189) size 115x21
        text run at (0,189) width 115: "This is some text."
      RenderBR {BR} at (115,205) size 0x0
      RenderText {#text} at (0,210) size 115x21
        text run at (0,210) width 115: "This is some text."
      RenderBR {BR} at (115,226) size 0x0
      RenderText {#text} at (0,231) size 115x21
        text run at (0,231) width 115: "This is some text."
      RenderBR {BR} at (115,247) size 0x0
      RenderText {#text} at (0,252) size 115x21
        text run at (0,252) width 115: "This is some text."
      RenderBR {BR} at (115,268) size 0x0
      RenderText {#text} at (0,273) size 115x21
        text run at (0,273) width 115: "This is some text."
      RenderBR {BR} at (115,289) size 0x0
      RenderText {#text} at (0,294) size 115x21
        text run at (0,294) width 115: "This is some text."
      RenderBR {BR} at (115,310) size 0x0
      RenderText {#text} at (0,315) size 115x21
        text run at (0,315) width 115: "This is some text."
      RenderBR {BR} at (115,331) size 0x0
      RenderText {#text} at (0,336) size 115x21
        text run at (0,336) width 115: "This is some text."
      RenderBR {BR} at (115,352) size 0x0
      RenderText {#text} at (0,357) size 115x21
        text run at (0,357) width 115: "This is some text."
      RenderBR {BR} at (115,373) size 0x0
      RenderText {#text} at (0,378) size 115x21
        text run at (0,378) width 115: "This is some text."
      RenderBR {BR} at (115,394) size 0x0
      RenderText {#text} at (0,399) size 115x21
        text run at (0,399) width 115: "This is some text."
      RenderBR {BR} at (115,415) size 0x0
      RenderText {#text} at (0,420) size 115x21
        text run at (0,420) width 115: "This is some text."
      RenderBR {BR} at (115,436) size 0x0
