layer at (0,0) size 784x820
  RenderView at (0,0) size 784x600
layer at (0,0) size 784x820
  RenderBlock {HTML} at (0,0) size 784x820
    RenderBody {BODY} at (8,8) size 768x804
      RenderBlock (anonymous) at (0,0) size 768x44
        RenderText {#text} at (0,0) size 755x44
          text run at (0,0) width 755: "In the test below, the column rules should not be visible, since a negative z-index child is painting on top of them."
          text run at (0,22) width 198: "You should see no red below."
layer at (8,52) size 768x760 layerType: background only
layer at (13,57) size 758x750
  RenderBlock (positioned) zI: -1 {DIV} at (5,5) size 758x750 [bgcolor=#EEEEEE]
layer at (8,52) size 768x760 layerType: foreground only
  RenderBlock (relative positioned) {DIV} at (0,44) size 768x760 [bgcolor=#FF0000] [border: (5px solid #000000)]
    RenderText {#text} at (35,5) size 222x2204
      text run at (35,5) width 191: "Lorem ipsum dolor sit amet,"
      text run at (35,27) width 184: "consectetuer adipiscing elit."
      text run at (35,49) width 164: "Nulla varius enim ac mi."
      text run at (35,71) width 209: "Curabitur sollicitudin felis quis"
      text run at (35,93) width 174: "lectus. Quisque adipiscing"
      text run at (35,115) width 217: "rhoncus sem. Proin nulla purus,"
      text run at (35,137) width 219: "vulputate vel, varius ut, euismod"
      text run at (35,159) width 195: "et, nisi. Sed vitae felis vel orci"
      text run at (35,181) width 208: "sagittis aliquam. Cras convallis"
      text run at (35,203) width 212: "adipiscing sem. Nam nonummy"
      text run at (35,225) width 219: "enim. Nullam bibendum lobortis"
      text run at (35,247) width 193: "neque. Vestibulum velit orci,"
      text run at (35,269) width 207: "tempus euismod, pretium quis,"
      text run at (35,291) width 212: "interdum vitae, nulla. Phasellus"
      text run at (35,313) width 217: "eget ante et tortor condimentum"
      text run at (35,335) width 163: "vestibulum. Suspendisse"
      text run at (35,357) width 197: "hendrerit quam nec felis. Sed"
      text run at (35,379) width 212: "varius turpis vitae pede. Lorem"
      text run at (35,401) width 141: "ipsum dolor sit amet,"
      text run at (35,423) width 184: "consectetuer adipiscing elit."
      text run at (35,445) width 208: "Proin bibendum justo ac enim."
      text run at (35,467) width 202: "Class aptent taciti sociosqu ad"
      text run at (35,489) width 184: "litora torquent per conubia"
      text run at (35,511) width 216: "nostra, per inceptos hymenaeos."
      text run at (35,533) width 219: "Sed leo nulla, rutrum eu, dictum"
      text run at (35,555) width 178: "ut, posuere vel, arcu. Nam"
      text run at (35,577) width 195: "libero. Morbi orci. Maecenas"
      text run at (35,599) width 192: "pellentesque. Curabitur erat"
      text run at (35,621) width 195: "erat, ullamcorper at, gravida"
      text run at (35,643) width 204: "vitae, iaculis vitae, elit. Nullam"
      text run at (35,665) width 179: "quam. Quisque orci lectus,"
      text run at (35,687) width 206: "ullamcorper eu, imperdiet sed,"
      text run at (35,709) width 205: "accumsan et, ligula. Duis diam"
      text run at (35,731) width 209: "nisl, sagittis a, blandit volutpat,"
      text run at (35,755) width 211: "interdum sed, velit. Vestibulum"
      text run at (35,777) width 211: "quam. Nulla a purus. Phasellus"
      text run at (35,799) width 189: "semper semper lectus. Nulla"
      text run at (35,821) width 153: "porttitor, dolor dictum"
      text run at (35,843) width 198: "scelerisque luctus, velit ipsum"
      text run at (35,865) width 220: "lobortis mauris, ac pretium enim"
      text run at (35,887) width 216: "nunc vel risus. Proin gravida mi"
      text run at (35,909) width 184: "ut sem cursus mattis. Fusce"
      text run at (35,931) width 217: "laoreet, nisi quis luctus volutpat,"
      text run at (35,953) width 200: "arcu pede tincidunt enim, nec"
      text run at (35,975) width 197: "malesuada urna nisl eu enim."
      text run at (35,997) width 218: "Vivamus varius augue ac purus."
      text run at (35,1019) width 160: "Vestibulum vestibulum."
      text run at (35,1041) width 170: "Phasellus et est vitae ante"
      text run at (35,1063) width 177: "accumsan rhoncus. Morbi"
      text run at (35,1085) width 182: "convallis, arcu at hendrerit"
      text run at (35,1107) width 191: "gravida, sem diam dignissim"
      text run at (35,1129) width 207: "risus, sed aliquet erat mi ut mi."
      text run at (35,1151) width 202: "Nunc cursus lacinia elit. Nunc"
      text run at (35,1173) width 221: "nisi. Quisque at erat. Vestibulum"
      text run at (35,1195) width 206: "dictum quam vitae nibh. Nunc"
      text run at (35,1217) width 195: "vitae ante non odio interdum"
      text run at (35,1239) width 196: "blandit. Curabitur leo quam,"
      text run at (35,1261) width 176: "fermentum sed, feugiat in,"
      text run at (35,1283) width 143: "ullamcorper id, nibh."
      text run at (35,1305) width 213: "Suspendisse ac turpis. In iaculis"
      text run at (35,1327) width 195: "sollicitudin dui. Aenean vitae"
      text run at (35,1349) width 199: "lectus vitae nulla pellentesque"
      text run at (35,1371) width 174: "sollicitudin. Nunc gravida"
      text run at (35,1393) width 189: "pharetra lectus. Etiam lacus"
      text run at (35,1415) width 213: "ligula, placerat ut, dictum vitae,"
      text run at (35,1437) width 216: "tempus vel, risus. Cras rhoncus."
      text run at (35,1459) width 196: "Praesent varius ultricies orci."
      text run at (35,1481) width 205: "Donec mattis, neque ut ornare"
      text run at (35,1505) width 222: "fringilla, ante urna placerat eros,"
      text run at (35,1527) width 178: "vel commodo nisi tortor ut"
      text run at (35,1549) width 178: "mauris. Morbi magna dui,"
      text run at (35,1571) width 191: "sagittis sit amet, tincidunt et,"
      text run at (35,1593) width 199: "elementum eget, quam. Fusce"
      text run at (35,1615) width 148: "molestie nisl vitae nisi."
      text run at (35,1637) width 208: "Vestibulum a sapien. Phasellus"
      text run at (35,1659) width 213: "ante lacus, vehicula non, cursus"
      text run at (35,1681) width 141: "a, tempor ut, magna."
      text run at (35,1703) width 179: "Suspendisse potenti. Fusce"
      text run at (35,1725) width 204: "aliquet, odio viverra vulputate"
      text run at (35,1747) width 213: "dictum, enim odio luctus purus,"
      text run at (35,1769) width 202: "ut scelerisque quam nulla non"
      text run at (35,1791) width 194: "est. Donec eros lacus, egestas"
      text run at (35,1813) width 209: "vitae, lacinia quis, tempor quis,"
      text run at (35,1835) width 215: "pede. Morbi orci erat, iaculis id,"
      text run at (35,1857) width 202: "ornare ac, elementum at, sem."
      text run at (35,1879) width 217: "Nunc ornare sodales nisi. Morbi"
      text run at (35,1901) width 207: "interdum commodo nisl. Fusce"
      text run at (35,1923) width 222: "eget eros non nisi ornare facilisis."
      text run at (35,1945) width 197: "Sed placerat, est non posuere"
      text run at (35,1967) width 198: "posuere, purus sem dignissim"
      text run at (35,1989) width 210: "libero, a viverra tellus dolor vel"
      text run at (35,2011) width 174: "lorem. Cras augue. Etiam"
      text run at (35,2033) width 215: "ultricies consequat odio. Mauris"
      text run at (35,2055) width 211: "ac libero. Etiam posuere, libero"
      text run at (35,2077) width 213: "vitae euismod gravida, urna elit"
      text run at (35,2099) width 214: "imperdiet magna, vel cursus elit"
      text run at (35,2121) width 188: "felis non mauris. Donec orci"
      text run at (35,2143) width 182: "erat, porta id, dignissim ut,"
      text run at (35,2165) width 220: "posuere dictum, leo. Suspendisse"
      text run at (35,2187) width 166: "scelerisque egestas nulla."
