layer at (0,0) size 784x738
  RenderView at (0,0) size 784x600
layer at (0,0) size 784x738
  RenderBlock {HTML} at (0,0) size 784x738
    RenderBody {BODY} at (8,8) size 768x722
layer at (8,8) size 768x722
  RenderBlock {DIV} at (0,0) size 768x722 [border: (5px solid #000000)]
    RenderText {#text} at (15,5) size 235x2106
      text run at (15,5) width 191: "Lorem ipsum dolor sit amet,"
      text run at (15,27) width 225: "consectetuer adipiscing elit. Nulla"
      text run at (15,49) width 197: "varius enim ac mi. Curabitur"
      text run at (15,71) width 181: "sollicitudin felis quis lectus."
      text run at (15,93) width 221: "Quisque adipiscing rhoncus sem."
      text run at (15,115) width 219: "Proin nulla purus, vulputate vel,"
      text run at (15,137) width 204: "varius ut, euismod et, nisi. Sed"
      text run at (15,159) width 228: "vitae felis vel orci sagittis aliquam."
      text run at (15,181) width 201: "Cras convallis adipiscing sem."
      text run at (15,203) width 201: "Nam nonummy enim. Nullam"
      text run at (15,225) width 173: "bibendum lobortis neque."
      text run at (15,247) width 197: "Vestibulum velit orci, tempus"
      text run at (15,269) width 221: "euismod, pretium quis, interdum"
      text run at (15,291) width 225: "vitae, nulla. Phasellus eget ante et"
      text run at (15,313) width 219: "tortor condimentum vestibulum."
      text run at (15,335) width 219: "Suspendisse hendrerit quam nec"
      text run at (15,357) width 225: "felis. Sed varius turpis vitae pede."
      text run at (15,379) width 191: "Lorem ipsum dolor sit amet,"
      text run at (15,401) width 226: "consectetuer adipiscing elit. Proin"
      text run at (15,423) width 206: "bibendum justo ac enim. Class"
      text run at (15,445) width 202: "aptent taciti sociosqu ad litora"
      text run at (15,467) width 222: "torquent per conubia nostra, per"
      text run at (15,489) width 232: "inceptos hymenaeos. Sed leo nulla,"
      text run at (15,511) width 231: "rutrum eu, dictum ut, posuere vel,"
      text run at (15,533) width 200: "arcu. Nam libero. Morbi orci."
      text run at (15,555) width 232: "Maecenas pellentesque. Curabitur"
      text run at (15,577) width 226: "erat erat, ullamcorper at, gravida"
      text run at (15,599) width 204: "vitae, iaculis vitae, elit. Nullam"
      text run at (15,621) width 179: "quam. Quisque orci lectus,"
      text run at (15,643) width 206: "ullamcorper eu, imperdiet sed,"
      text run at (15,665) width 205: "accumsan et, ligula. Duis diam"
      text run at (15,687) width 209: "nisl, sagittis a, blandit volutpat,"
      text run at (15,717) width 211: "interdum sed, velit. Vestibulum"
      text run at (15,739) width 211: "quam. Nulla a purus. Phasellus"
      text run at (15,761) width 189: "semper semper lectus. Nulla"
      text run at (15,783) width 230: "porttitor, dolor dictum scelerisque"
      text run at (15,805) width 231: "luctus, velit ipsum lobortis mauris,"
      text run at (15,827) width 211: "ac pretium enim nunc vel risus."
      text run at (15,849) width 211: "Proin gravida mi ut sem cursus"
      text run at (15,871) width 201: "mattis. Fusce laoreet, nisi quis"
      text run at (15,893) width 175: "luctus volutpat, arcu pede"
      text run at (15,915) width 205: "tincidunt enim, nec malesuada"
      text run at (15,937) width 231: "urna nisl eu enim. Vivamus varius"
      text run at (15,959) width 190: "augue ac purus. Vestibulum"
      text run at (15,981) width 219: "vestibulum. Phasellus et est vitae"
      text run at (15,1003) width 210: "ante accumsan rhoncus. Morbi"
      text run at (15,1025) width 182: "convallis, arcu at hendrerit"
      text run at (15,1047) width 231: "gravida, sem diam dignissim risus,"
      text run at (15,1069) width 208: "sed aliquet erat mi ut mi. Nunc"
      text run at (15,1091) width 192: "cursus lacinia elit. Nunc nisi."
      text run at (15,1113) width 190: "Quisque at erat. Vestibulum"
      text run at (15,1135) width 206: "dictum quam vitae nibh. Nunc"
      text run at (15,1157) width 195: "vitae ante non odio interdum"
      text run at (15,1179) width 196: "blandit. Curabitur leo quam,"
      text run at (15,1201) width 176: "fermentum sed, feugiat in,"
      text run at (15,1223) width 228: "ullamcorper id, nibh. Suspendisse"
      text run at (15,1245) width 235: "ac turpis. In iaculis sollicitudin dui."
      text run at (15,1267) width 204: "Aenean vitae lectus vitae nulla"
      text run at (15,1289) width 205: "pellentesque sollicitudin. Nunc"
      text run at (15,1311) width 207: "gravida pharetra lectus. Etiam"
      text run at (15,1333) width 211: "lacus ligula, placerat ut, dictum"
      text run at (15,1355) width 193: "vitae, tempus vel, risus. Cras"
      text run at (15,1377) width 225: "rhoncus. Praesent varius ultricies"
      text run at (15,1399) width 189: "orci. Donec mattis, neque ut"
      text run at (15,1429) width 177: "ornare fringilla, ante urna"
      text run at (15,1451) width 211: "placerat eros, vel commodo nisi"
      text run at (15,1473) width 210: "tortor ut mauris. Morbi magna"
      text run at (15,1495) width 221: "dui, sagittis sit amet, tincidunt et,"
      text run at (15,1517) width 199: "elementum eget, quam. Fusce"
      text run at (15,1539) width 230: "molestie nisl vitae nisi. Vestibulum"
      text run at (15,1561) width 201: "a sapien. Phasellus ante lacus,"
      text run at (15,1583) width 229: "vehicula non, cursus a, tempor ut,"
      text run at (15,1605) width 233: "magna. Suspendisse potenti. Fusce"
      text run at (15,1627) width 204: "aliquet, odio viverra vulputate"
      text run at (15,1649) width 231: "dictum, enim odio luctus purus, ut"
      text run at (15,1671) width 210: "scelerisque quam nulla non est."
      text run at (15,1693) width 208: "Donec eros lacus, egestas vitae,"
      text run at (15,1715) width 209: "lacinia quis, tempor quis, pede."
      text run at (15,1737) width 225: "Morbi orci erat, iaculis id, ornare"
      text run at (15,1759) width 193: "ac, elementum at, sem. Nunc"
      text run at (15,1781) width 176: "ornare sodales nisi. Morbi"
      text run at (15,1803) width 207: "interdum commodo nisl. Fusce"
      text run at (15,1825) width 222: "eget eros non nisi ornare facilisis."
      text run at (15,1847) width 197: "Sed placerat, est non posuere"
      text run at (15,1869) width 198: "posuere, purus sem dignissim"
      text run at (15,1891) width 210: "libero, a viverra tellus dolor vel"
      text run at (15,1913) width 231: "lorem. Cras augue. Etiam ultricies"
      text run at (15,1935) width 224: "consequat odio. Mauris ac libero."
      text run at (15,1957) width 181: "Etiam posuere, libero vitae"
      text run at (15,1979) width 177: "euismod gravida, urna elit"
      text run at (15,2001) width 214: "imperdiet magna, vel cursus elit"
      text run at (15,2023) width 223: "felis non mauris. Donec orci erat,"
      text run at (15,2045) width 204: "porta id, dignissim ut, posuere"
      text run at (15,2067) width 163: "dictum, leo. Suspendisse"
      text run at (15,2089) width 166: "scelerisque egestas nulla."
