layer at (0,0) size 1188x584
  RenderView at (0,0) size 800x584
layer at (0,0) size 1188x584
  RenderBlock {HTML} at (0,0) size 800x584
    RenderBody {BODY} at (8,8) size 784x568
layer at (8,8) size 1180x512
  RenderBlock {DIV} at (0,0) size 784x404 [border: (2px solid #000000)]
    RenderText {#text} at (2,2) size 115x21
      text run at (2,2) width 115: "This is some text."
    RenderBR {BR} at (117,18) size 0x0
    RenderText {#text} at (2,23) size 115x21
      text run at (2,23) width 115: "This is some text."
    RenderBR {BR} at (117,39) size 0x0
    RenderText {#text} at (2,44) size 115x21
      text run at (2,44) width 115: "This is some text."
    RenderBR {BR} at (117,60) size 0x0
    RenderText {#text} at (2,65) size 115x21
      text run at (2,65) width 115: "This is some text."
    RenderBR {BR} at (117,81) size 0x0
    RenderText {#text} at (2,86) size 115x21
      text run at (2,86) width 115: "This is some text."
    RenderBR {BR} at (117,102) size 0x0
    RenderText {#text} at (2,107) size 115x21
      text run at (2,107) width 115: "This is some text."
    RenderBR {BR} at (117,123) size 0x0
    RenderText {#text} at (2,128) size 115x21
      text run at (2,128) width 115: "This is some text."
    RenderBR {BR} at (117,144) size 0x0
    RenderText {#text} at (2,149) size 115x21
      text run at (2,149) width 115: "This is some text."
    RenderBR {BR} at (117,165) size 0x0
    RenderText {#text} at (2,170) size 115x21
      text run at (2,170) width 115: "This is some text."
    RenderBR {BR} at (117,186) size 0x0
    RenderText {#text} at (2,191) size 115x21
      text run at (2,191) width 115: "This is some text."
    RenderBR {BR} at (117,207) size 0x0
    RenderImage {IMG} at (2,212) size 250x300 [bgcolor=#008000]
    RenderText {#text} at (252,212) size 115x21
      text run at (252,212) width 115: "This is some text."
    RenderBR {BR} at (367,228) size 0x0
    RenderText {#text} at (252,233) size 115x21
      text run at (252,233) width 115: "This is some text."
    RenderBR {BR} at (367,249) size 0x0
    RenderText {#text} at (252,254) size 115x21
      text run at (252,254) width 115: "This is some text."
    RenderBR {BR} at (367,270) size 0x0
    RenderText {#text} at (252,275) size 115x21
      text run at (252,275) width 115: "This is some text."
    RenderBR {BR} at (367,291) size 0x0
    RenderText {#text} at (252,296) size 115x21
      text run at (252,296) width 115: "This is some text."
    RenderBR {BR} at (367,312) size 0x0
    RenderText {#text} at (252,317) size 115x21
      text run at (252,317) width 115: "This is some text."
    RenderBR {BR} at (367,333) size 0x0
    RenderText {#text} at (252,338) size 115x21
      text run at (252,338) width 115: "This is some text."
    RenderBR {BR} at (367,354) size 0x0
    RenderText {#text} at (252,359) size 115x21
      text run at (252,359) width 115: "This is some text."
    RenderBR {BR} at (367,375) size 0x0
    RenderText {#text} at (252,380) size 115x21
      text run at (252,380) width 115: "This is some text."
    RenderBR {BR} at (367,396) size 0x0
    RenderText {#text} at (252,401) size 115x21
      text run at (252,401) width 115: "This is some text."
    RenderBR {BR} at (367,417) size 0x0
    RenderText {#text} at (252,422) size 115x21
      text run at (252,422) width 115: "This is some text."
    RenderBR {BR} at (367,438) size 0x0
    RenderText {#text} at (252,443) size 115x21
      text run at (252,443) width 115: "This is some text."
    RenderBR {BR} at (367,459) size 0x0
    RenderText {#text} at (252,464) size 115x21
      text run at (252,464) width 115: "This is some text."
    RenderBR {BR} at (367,480) size 0x0
    RenderText {#text} at (252,485) size 115x21
      text run at (252,485) width 115: "This is some text."
    RenderBR {BR} at (367,501) size 0x0
    RenderText {#text} at (252,506) size 115x21
      text run at (252,506) width 115: "This is some text."
    RenderBR {BR} at (367,522) size 0x0
    RenderText {#text} at (2,527) size 115x21
      text run at (2,527) width 115: "This is some text."
    RenderBR {BR} at (117,543) size 0x0
    RenderText {#text} at (2,548) size 115x21
      text run at (2,548) width 115: "This is some text."
    RenderBR {BR} at (117,564) size 0x0
    RenderText {#text} at (2,569) size 115x21
      text run at (2,569) width 115: "This is some text."
    RenderBR {BR} at (117,585) size 0x0
    RenderText {#text} at (2,590) size 115x21
      text run at (2,590) width 115: "This is some text."
    RenderBR {BR} at (117,606) size 0x0
    RenderText {#text} at (2,611) size 115x21
      text run at (2,611) width 115: "This is some text."
    RenderBR {BR} at (117,627) size 0x0
    RenderText {#text} at (2,632) size 115x21
      text run at (2,632) width 115: "This is some text."
    RenderBR {BR} at (117,648) size 0x0
    RenderText {#text} at (2,653) size 115x21
      text run at (2,653) width 115: "This is some text."
    RenderBR {BR} at (117,669) size 0x0
    RenderText {#text} at (2,674) size 115x21
      text run at (2,674) width 115: "This is some text."
    RenderBR {BR} at (117,690) size 0x0
    RenderText {#text} at (2,695) size 115x21
      text run at (2,695) width 115: "This is some text."
    RenderBR {BR} at (117,711) size 0x0
    RenderText {#text} at (2,716) size 115x21
      text run at (2,716) width 115: "This is some text."
    RenderBR {BR} at (117,732) size 0x0
    RenderText {#text} at (2,737) size 115x21
      text run at (2,737) width 115: "This is some text."
    RenderBR {BR} at (117,753) size 0x0
    RenderText {#text} at (2,758) size 115x21
      text run at (2,758) width 115: "This is some text."
    RenderBR {BR} at (117,774) size 0x0
    RenderText {#text} at (2,779) size 115x21
      text run at (2,779) width 115: "This is some text."
    RenderBR {BR} at (117,795) size 0x0
    RenderText {#text} at (2,800) size 115x21
      text run at (2,800) width 115: "This is some text."
    RenderBR {BR} at (117,816) size 0x0
    RenderText {#text} at (2,821) size 115x21
      text run at (2,821) width 115: "This is some text."
    RenderBR {BR} at (117,837) size 0x0
