layer at (0,0) size 1287x678
  RenderView at (0,0) size 784x584
layer at (0,0) size 1287x678
  RenderBlock {HTML} at (0,0) size 784x678
    RenderBody {BODY} at (8,8) size 768x662
      RenderBlock (anonymous) at (0,0) size 768x21
        RenderText {#text} at (0,0) size 96x21
          text run at (0,0) width 96: "LTR Version:"
      RenderBlock (anonymous) at (0,331) size 768x21
        RenderText {#text} at (0,0) size 96x21
          text run at (0,0) width 96: "RTL Version:"
layer at (8,29) size 1279x310
  RenderBlock {DIV} at (0,21) size 768x310 [border: (5px solid #800000)]
    RenderBlock (anonymous) at (5,5) size 242x273
      RenderText {#text} at (0,0) size 111x21
        text run at (0,0) width 111: "This is some text"
      RenderBR {BR} at (111,16) size 0x0
      RenderText {#text} at (0,21) size 111x21
        text run at (0,21) width 111: "This is some text"
      RenderBR {BR} at (111,37) size 0x0
      RenderText {#text} at (0,42) size 111x21
        text run at (0,42) width 111: "This is some text"
      RenderBR {BR} at (111,58) size 0x0
      RenderText {#text} at (0,63) size 111x21
        text run at (0,63) width 111: "This is some text"
      RenderBR {BR} at (111,79) size 0x0
      RenderText {#text} at (0,84) size 111x21
        text run at (0,84) width 111: "This is some text"
      RenderBR {BR} at (111,100) size 0x0
      RenderText {#text} at (0,105) size 111x21
        text run at (0,105) width 111: "This is some text"
      RenderBR {BR} at (111,121) size 0x0
      RenderText {#text} at (0,126) size 111x21
        text run at (0,126) width 111: "This is some text"
      RenderBR {BR} at (111,142) size 0x0
      RenderText {#text} at (0,147) size 111x21
        text run at (0,147) width 111: "This is some text"
      RenderBR {BR} at (111,163) size 0x0
      RenderText {#text} at (0,168) size 111x21
        text run at (0,168) width 111: "This is some text"
      RenderBR {BR} at (111,184) size 0x0
      RenderText {#text} at (0,189) size 111x21
        text run at (0,189) width 111: "This is some text"
      RenderBR {BR} at (111,205) size 0x0
      RenderText {#text} at (0,210) size 111x21
        text run at (0,210) width 111: "This is some text"
      RenderBR {BR} at (111,226) size 0x0
      RenderText {#text} at (0,231) size 111x21
        text run at (0,231) width 111: "This is some text"
      RenderBR {BR} at (111,247) size 0x0
      RenderText {#text} at (0,252) size 111x21
        text run at (0,252) width 111: "This is some text"
      RenderBR {BR} at (111,268) size 0x0
    RenderBlock {DIV} at (5,278) size 242x270
      RenderText {#text} at (0,0) size 0x0
    RenderBlock (anonymous) at (5,548) size 242x588
      RenderText {#text} at (0,0) size 111x21
        text run at (0,0) width 111: "This is some text"
      RenderBR {BR} at (111,16) size 0x0
      RenderText {#text} at (0,21) size 111x21
        text run at (0,21) width 111: "This is some text"
      RenderBR {BR} at (111,37) size 0x0
      RenderText {#text} at (0,42) size 111x21
        text run at (0,42) width 111: "This is some text"
      RenderBR {BR} at (111,58) size 0x0
      RenderText {#text} at (0,63) size 111x21
        text run at (0,63) width 111: "This is some text"
      RenderBR {BR} at (111,79) size 0x0
      RenderText {#text} at (0,84) size 111x21
        text run at (0,84) width 111: "This is some text"
      RenderBR {BR} at (111,100) size 0x0
      RenderText {#text} at (0,105) size 111x21
        text run at (0,105) width 111: "This is some text"
      RenderBR {BR} at (111,121) size 0x0
      RenderText {#text} at (0,126) size 111x21
        text run at (0,126) width 111: "This is some text"
      RenderBR {BR} at (111,142) size 0x0
      RenderText {#text} at (0,147) size 111x21
        text run at (0,147) width 111: "This is some text"
      RenderBR {BR} at (111,163) size 0x0
      RenderText {#text} at (0,168) size 111x21
        text run at (0,168) width 111: "This is some text"
      RenderBR {BR} at (111,184) size 0x0
      RenderText {#text} at (0,189) size 111x21
        text run at (0,189) width 111: "This is some text"
      RenderBR {BR} at (111,205) size 0x0
      RenderText {#text} at (0,210) size 111x21
        text run at (0,210) width 111: "This is some text"
      RenderBR {BR} at (111,226) size 0x0
      RenderText {#text} at (0,231) size 111x21
        text run at (0,231) width 111: "This is some text"
      RenderBR {BR} at (111,247) size 0x0
      RenderText {#text} at (0,252) size 111x21
        text run at (0,252) width 111: "This is some text"
      RenderBR {BR} at (111,268) size 0x0
      RenderText {#text} at (0,273) size 111x21
        text run at (0,273) width 111: "This is some text"
      RenderBR {BR} at (111,289) size 0x0
      RenderText {#text} at (0,294) size 111x21
        text run at (0,294) width 111: "This is some text"
      RenderBR {BR} at (111,310) size 0x0
      RenderText {#text} at (0,315) size 111x21
        text run at (0,315) width 111: "This is some text"
      RenderBR {BR} at (111,331) size 0x0
      RenderText {#text} at (0,336) size 111x21
        text run at (0,336) width 111: "This is some text"
      RenderBR {BR} at (111,352) size 0x0
      RenderText {#text} at (0,357) size 111x21
        text run at (0,357) width 111: "This is some text"
      RenderBR {BR} at (111,373) size 0x0
      RenderText {#text} at (0,378) size 111x21
        text run at (0,378) width 111: "This is some text"
      RenderBR {BR} at (111,394) size 0x0
      RenderText {#text} at (0,399) size 111x21
        text run at (0,399) width 111: "This is some text"
      RenderBR {BR} at (111,415) size 0x0
      RenderText {#text} at (0,420) size 111x21
        text run at (0,420) width 111: "This is some text"
      RenderBR {BR} at (111,436) size 0x0
      RenderText {#text} at (0,441) size 111x21
        text run at (0,441) width 111: "This is some text"
      RenderBR {BR} at (111,457) size 0x0
      RenderText {#text} at (0,462) size 111x21
        text run at (0,462) width 111: "This is some text"
      RenderBR {BR} at (111,478) size 0x0
      RenderText {#text} at (0,483) size 111x21
        text run at (0,483) width 111: "This is some text"
      RenderBR {BR} at (111,499) size 0x0
      RenderText {#text} at (0,504) size 111x21
        text run at (0,504) width 111: "This is some text"
      RenderBR {BR} at (111,520) size 0x0
      RenderText {#text} at (0,525) size 111x21
        text run at (0,525) width 111: "This is some text"
      RenderBR {BR} at (111,541) size 0x0
      RenderText {#text} at (0,546) size 111x21
        text run at (0,546) width 111: "This is some text"
      RenderBR {BR} at (111,562) size 0x0
      RenderText {#text} at (0,0) size 0x0
    RenderBlock (anonymous) at (5,1157) size 242x294
      RenderText {#text} at (0,0) size 111x21
        text run at (0,0) width 111: "This is some text"
      RenderBR {BR} at (111,16) size 0x0
      RenderText {#text} at (0,21) size 111x21
        text run at (0,21) width 111: "This is some text"
      RenderBR {BR} at (111,37) size 0x0
      RenderText {#text} at (0,42) size 111x21
        text run at (0,42) width 111: "This is some text"
      RenderBR {BR} at (111,58) size 0x0
      RenderText {#text} at (0,63) size 111x21
        text run at (0,63) width 111: "This is some text"
      RenderBR {BR} at (111,79) size 0x0
      RenderText {#text} at (0,84) size 111x21
        text run at (0,84) width 111: "This is some text"
      RenderBR {BR} at (111,100) size 0x0
      RenderText {#text} at (0,105) size 111x21
        text run at (0,105) width 111: "This is some text"
      RenderBR {BR} at (111,121) size 0x0
      RenderText {#text} at (0,126) size 111x21
        text run at (0,126) width 111: "This is some text"
      RenderBR {BR} at (111,142) size 0x0
      RenderText {#text} at (0,147) size 111x21
        text run at (0,147) width 111: "This is some text"
      RenderBR {BR} at (111,163) size 0x0
      RenderText {#text} at (0,168) size 111x21
        text run at (0,168) width 111: "This is some text"
      RenderBR {BR} at (111,184) size 0x0
      RenderText {#text} at (0,189) size 111x21
        text run at (0,189) width 111: "This is some text"
      RenderBR {BR} at (111,205) size 0x0
      RenderText {#text} at (0,210) size 111x21
        text run at (0,210) width 111: "This is some text"
      RenderBR {BR} at (111,226) size 0x0
      RenderText {#text} at (0,231) size 111x21
        text run at (0,231) width 111: "This is some text"
      RenderBR {BR} at (111,247) size 0x0
      RenderText {#text} at (0,252) size 111x21
        text run at (0,252) width 111: "This is some text"
      RenderBR {BR} at (111,268) size 0x0
      RenderText {#text} at (0,273) size 111x21
        text run at (0,273) width 111: "This is some text"
      RenderBR {BR} at (111,289) size 0x0
layer at (8,360) size 768x310
  RenderBlock {DIV} at (0,352) size 768x310 [border: (5px solid #800000)]
    RenderBlock (anonymous) at (5,5) size 242x273
      RenderText {#text} at (131,0) size 111x21
        text run at (131,0) width 111: "This is some text"
      RenderBR {BR} at (131,16) size 0x0
      RenderText {#text} at (131,21) size 111x21
        text run at (131,21) width 111: "This is some text"
      RenderBR {BR} at (131,37) size 0x0
      RenderText {#text} at (131,42) size 111x21
        text run at (131,42) width 111: "This is some text"
      RenderBR {BR} at (131,58) size 0x0
      RenderText {#text} at (131,63) size 111x21
        text run at (131,63) width 111: "This is some text"
      RenderBR {BR} at (131,79) size 0x0
      RenderText {#text} at (131,84) size 111x21
        text run at (131,84) width 111: "This is some text"
      RenderBR {BR} at (131,100) size 0x0
      RenderText {#text} at (131,105) size 111x21
        text run at (131,105) width 111: "This is some text"
      RenderBR {BR} at (131,121) size 0x0
      RenderText {#text} at (131,126) size 111x21
        text run at (131,126) width 111: "This is some text"
      RenderBR {BR} at (131,142) size 0x0
      RenderText {#text} at (131,147) size 111x21
        text run at (131,147) width 111: "This is some text"
      RenderBR {BR} at (131,163) size 0x0
      RenderText {#text} at (131,168) size 111x21
        text run at (131,168) width 111: "This is some text"
      RenderBR {BR} at (131,184) size 0x0
      RenderText {#text} at (131,189) size 111x21
        text run at (131,189) width 111: "This is some text"
      RenderBR {BR} at (131,205) size 0x0
      RenderText {#text} at (131,210) size 111x21
        text run at (131,210) width 111: "This is some text"
      RenderBR {BR} at (131,226) size 0x0
      RenderText {#text} at (131,231) size 111x21
        text run at (131,231) width 111: "This is some text"
      RenderBR {BR} at (131,247) size 0x0
      RenderText {#text} at (131,252) size 111x21
        text run at (131,252) width 111: "This is some text"
      RenderBR {BR} at (131,268) size 0x0
    RenderBlock {DIV} at (5,278) size 242x270
      RenderText {#text} at (0,0) size 0x0
    RenderBlock (anonymous) at (5,548) size 242x588
      RenderText {#text} at (131,0) size 111x21
        text run at (131,0) width 111: "This is some text"
      RenderBR {BR} at (131,16) size 0x0
      RenderText {#text} at (131,21) size 111x21
        text run at (131,21) width 111: "This is some text"
      RenderBR {BR} at (131,37) size 0x0
      RenderText {#text} at (131,42) size 111x21
        text run at (131,42) width 111: "This is some text"
      RenderBR {BR} at (131,58) size 0x0
      RenderText {#text} at (131,63) size 111x21
        text run at (131,63) width 111: "This is some text"
      RenderBR {BR} at (131,79) size 0x0
      RenderText {#text} at (131,84) size 111x21
        text run at (131,84) width 111: "This is some text"
      RenderBR {BR} at (131,100) size 0x0
      RenderText {#text} at (131,105) size 111x21
        text run at (131,105) width 111: "This is some text"
      RenderBR {BR} at (131,121) size 0x0
      RenderText {#text} at (131,126) size 111x21
        text run at (131,126) width 111: "This is some text"
      RenderBR {BR} at (131,142) size 0x0
      RenderText {#text} at (131,147) size 111x21
        text run at (131,147) width 111: "This is some text"
      RenderBR {BR} at (131,163) size 0x0
      RenderText {#text} at (131,168) size 111x21
        text run at (131,168) width 111: "This is some text"
      RenderBR {BR} at (131,184) size 0x0
      RenderText {#text} at (131,189) size 111x21
        text run at (131,189) width 111: "This is some text"
      RenderBR {BR} at (131,205) size 0x0
      RenderText {#text} at (131,210) size 111x21
        text run at (131,210) width 111: "This is some text"
      RenderBR {BR} at (131,226) size 0x0
      RenderText {#text} at (131,231) size 111x21
        text run at (131,231) width 111: "This is some text"
      RenderBR {BR} at (131,247) size 0x0
      RenderText {#text} at (131,252) size 111x21
        text run at (131,252) width 111: "This is some text"
      RenderBR {BR} at (131,268) size 0x0
      RenderText {#text} at (131,273) size 111x21
        text run at (131,273) width 111: "This is some text"
      RenderBR {BR} at (131,289) size 0x0
      RenderText {#text} at (131,294) size 111x21
        text run at (131,294) width 111: "This is some text"
      RenderBR {BR} at (131,310) size 0x0
      RenderText {#text} at (131,315) size 111x21
        text run at (131,315) width 111: "This is some text"
      RenderBR {BR} at (131,331) size 0x0
      RenderText {#text} at (131,336) size 111x21
        text run at (131,336) width 111: "This is some text"
      RenderBR {BR} at (131,352) size 0x0
      RenderText {#text} at (131,357) size 111x21
        text run at (131,357) width 111: "This is some text"
      RenderBR {BR} at (131,373) size 0x0
      RenderText {#text} at (131,378) size 111x21
        text run at (131,378) width 111: "This is some text"
      RenderBR {BR} at (131,394) size 0x0
      RenderText {#text} at (131,399) size 111x21
        text run at (131,399) width 111: "This is some text"
      RenderBR {BR} at (131,415) size 0x0
      RenderText {#text} at (131,420) size 111x21
        text run at (131,420) width 111: "This is some text"
      RenderBR {BR} at (131,436) size 0x0
      RenderText {#text} at (131,441) size 111x21
        text run at (131,441) width 111: "This is some text"
      RenderBR {BR} at (131,457) size 0x0
      RenderText {#text} at (131,462) size 111x21
        text run at (131,462) width 111: "This is some text"
      RenderBR {BR} at (131,478) size 0x0
      RenderText {#text} at (131,483) size 111x21
        text run at (131,483) width 111: "This is some text"
      RenderBR {BR} at (131,499) size 0x0
      RenderText {#text} at (131,504) size 111x21
        text run at (131,504) width 111: "This is some text"
      RenderBR {BR} at (131,520) size 0x0
      RenderText {#text} at (131,525) size 111x21
        text run at (131,525) width 111: "This is some text"
      RenderBR {BR} at (131,541) size 0x0
      RenderText {#text} at (131,546) size 111x21
        text run at (131,546) width 111: "This is some text"
      RenderBR {BR} at (131,562) size 0x0
      RenderText {#text} at (0,0) size 0x0
    RenderBlock (anonymous) at (5,1157) size 242x294
      RenderText {#text} at (131,0) size 111x21
        text run at (131,0) width 111: "This is some text"
      RenderBR {BR} at (131,16) size 0x0
      RenderText {#text} at (131,21) size 111x21
        text run at (131,21) width 111: "This is some text"
      RenderBR {BR} at (131,37) size 0x0
      RenderText {#text} at (131,42) size 111x21
        text run at (131,42) width 111: "This is some text"
      RenderBR {BR} at (131,58) size 0x0
      RenderText {#text} at (131,63) size 111x21
        text run at (131,63) width 111: "This is some text"
      RenderBR {BR} at (131,79) size 0x0
      RenderText {#text} at (131,84) size 111x21
        text run at (131,84) width 111: "This is some text"
      RenderBR {BR} at (131,100) size 0x0
      RenderText {#text} at (131,105) size 111x21
        text run at (131,105) width 111: "This is some text"
      RenderBR {BR} at (131,121) size 0x0
      RenderText {#text} at (131,126) size 111x21
        text run at (131,126) width 111: "This is some text"
      RenderBR {BR} at (131,142) size 0x0
      RenderText {#text} at (131,147) size 111x21
        text run at (131,147) width 111: "This is some text"
      RenderBR {BR} at (131,163) size 0x0
      RenderText {#text} at (131,168) size 111x21
        text run at (131,168) width 111: "This is some text"
      RenderBR {BR} at (131,184) size 0x0
      RenderText {#text} at (131,189) size 111x21
        text run at (131,189) width 111: "This is some text"
      RenderBR {BR} at (131,205) size 0x0
      RenderText {#text} at (131,210) size 111x21
        text run at (131,210) width 111: "This is some text"
      RenderBR {BR} at (131,226) size 0x0
      RenderText {#text} at (131,231) size 111x21
        text run at (131,231) width 111: "This is some text"
      RenderBR {BR} at (131,247) size 0x0
      RenderText {#text} at (131,252) size 111x21
        text run at (131,252) width 111: "This is some text"
      RenderBR {BR} at (131,268) size 0x0
      RenderText {#text} at (131,273) size 111x21
        text run at (131,273) width 111: "This is some text"
      RenderBR {BR} at (131,289) size 0x0
layer at (13,307) size 100x270
  RenderBlock (relative positioned) {DIV} at (0,0) size 100x270 [bgcolor=#008000]
layer at (155,638) size 100x270 backgroundClip at (0,0) size 1287x678 clip at (0,0) size 1287x678 outlineClip at (0,0) size 1287x678
  RenderBlock (relative positioned) {DIV} at (142,0) size 100x270 [bgcolor=#008000]
