layer at (0,0) size 1141x600
  RenderView at (0,0) size 800x584
layer at (0,0) size 1141x600
  RenderBlock {HTML} at (0,0) size 800x600
layer at (8,8) size 1133x500
  RenderBody {BODY} at (8,8) size 750x500
    RenderBlock {H1} at (0,0) size 367x41
      RenderText {#text} at (0,0) size 181x41
        text run at (0,0) width 181: "Header One"
    RenderBlock (anonymous) at (0,62) size 367x240
      RenderText {#text} at (0,0) size 367x240
        text run at (0,0) width 367: "Lorem ipsum dolor sit amet, consectetuer adipiscing"
        text run at (0,20) width 349: "elit. Nulla varius enim ac mi. Curabitur sollicitudin"
        text run at (0,40) width 353: "felis quis lectus. Quisque adipiscing rhoncus sem."
        text run at (0,60) width 356: "Proin nulla purus, vulputate vel, varius ut, euismod"
        text run at (0,80) width 366: "et, nisi. Sed vitae felis vel orci sagittis aliquam. Cras"
        text run at (0,100) width 333: "convallis adipiscing sem. Nam nonummy enim."
        text run at (0,120) width 352: "Nullam bibendum lobortis neque. Vestibulum velit"
        text run at (0,140) width 358: "orci, tempus euismod, pretium quis, interdum vitae,"
        text run at (0,160) width 341: "nulla. Phasellus eget ante et tortor condimentum"
        text run at (0,180) width 356: "vestibulum. Suspendisse hendrerit quam nec felis."
        text run at (0,200) width 357: "Sed varius turpis vitae pede. Lorem ipsum dolor sit"
        text run at (0,220) width 240: "amet, consectetuer adipiscing elit."
    RenderBlock {H1} at (0,323) size 367x41
      RenderText {#text} at (0,0) size 183x41
        text run at (0,0) width 183: "Header Two"
    RenderBlock (anonymous) at (0,385) size 367x240
      RenderText {#text} at (0,0) size 367x240
        text run at (0,0) width 367: "Lorem ipsum dolor sit amet, consectetuer adipiscing"
        text run at (0,20) width 349: "elit. Nulla varius enim ac mi. Curabitur sollicitudin"
        text run at (0,40) width 353: "felis quis lectus. Quisque adipiscing rhoncus sem."
        text run at (0,60) width 356: "Proin nulla purus, vulputate vel, varius ut, euismod"
        text run at (0,80) width 366: "et, nisi. Sed vitae felis vel orci sagittis aliquam. Cras"
        text run at (0,100) width 333: "convallis adipiscing sem. Nam nonummy enim."
        text run at (0,120) width 352: "Nullam bibendum lobortis neque. Vestibulum velit"
        text run at (0,140) width 358: "orci, tempus euismod, pretium quis, interdum vitae,"
        text run at (0,160) width 341: "nulla. Phasellus eget ante et tortor condimentum"
        text run at (0,180) width 356: "vestibulum. Suspendisse hendrerit quam nec felis."
        text run at (0,200) width 357: "Sed varius turpis vitae pede. Lorem ipsum dolor sit"
        text run at (0,220) width 240: "amet, consectetuer adipiscing elit."
    RenderBlock {H1} at (0,646) size 367x41
      RenderText {#text} at (0,0) size 206x41
        text run at (0,0) width 206: "Header Three"
    RenderBlock {H1} at (0,1029) size 367x41
      RenderText {#text} at (0,0) size 190x41
        text run at (0,0) width 190: "Header Four"
    RenderBlock (anonymous) at (0,1091) size 367x40
      RenderText {#text} at (0,0) size 367x40
        text run at (0,0) width 367: "Lorem ipsum dolor sit amet, consectetuer adipiscing"
        text run at (0,20) width 199: "elit. Nulla varius enim ac mi."
