layer at (0,0) size 1262x584
  RenderView at (0,0) size 800x584
layer at (0,0) size 800x584
  RenderBlock {HTML} at (0,0) size 800x584
    RenderBody {BODY} at (8,8) size 784x568
layer at (8,8) size 1254x300
  RenderBlock (positioned) {DIV} at (8,8) size 111x300 [bgcolor=#00FF00]
    RenderText {#text} at (0,0) size 111x21
      text run at (0,0) width 111: "This is some text"
    RenderBR {BR} at (111,16) size 0x0
    RenderText {#text} at (0,21) size 111x21
      text run at (0,21) width 111: "This is some text"
    RenderBR {BR} at (111,37) size 0x0
    RenderText {#text} at (0,42) size 111x21
      text run at (0,42) width 111: "This is some text"
    RenderBR {BR} at (111,58) size 0x0
    RenderText {#text} at (0,63) size 111x21
      text run at (0,63) width 111: "This is some text"
    RenderBR {BR} at (111,79) size 0x0
    RenderText {#text} at (0,84) size 111x21
      text run at (0,84) width 111: "This is some text"
    RenderBR {BR} at (111,100) size 0x0
    RenderText {#text} at (0,105) size 111x21
      text run at (0,105) width 111: "This is some text"
    RenderBR {BR} at (111,121) size 0x0
    RenderText {#text} at (0,126) size 111x21
      text run at (0,126) width 111: "This is some text"
    RenderBR {BR} at (111,142) size 0x0
    RenderText {#text} at (0,147) size 111x21
      text run at (0,147) width 111: "This is some text"
    RenderBR {BR} at (111,163) size 0x0
    RenderText {#text} at (0,168) size 111x21
      text run at (0,168) width 111: "This is some text"
    RenderBR {BR} at (111,184) size 0x0
    RenderText {#text} at (0,189) size 111x21
      text run at (0,189) width 111: "This is some text"
    RenderBR {BR} at (111,205) size 0x0
    RenderText {#text} at (0,210) size 111x21
      text run at (0,210) width 111: "This is some text"
    RenderBR {BR} at (111,226) size 0x0
    RenderText {#text} at (0,231) size 111x21
      text run at (0,231) width 111: "This is some text"
    RenderBR {BR} at (111,247) size 0x0
    RenderText {#text} at (0,252) size 111x21
      text run at (0,252) width 111: "This is some text"
    RenderBR {BR} at (111,268) size 0x0
    RenderText {#text} at (0,273) size 111x21
      text run at (0,273) width 111: "This is some text"
    RenderBR {BR} at (111,289) size 0x0
    RenderText {#text} at (0,294) size 111x21
      text run at (0,294) width 111: "This is some text"
    RenderBR {BR} at (111,310) size 0x0
    RenderText {#text} at (0,315) size 111x21
      text run at (0,315) width 111: "This is some text"
    RenderBR {BR} at (111,331) size 0x0
    RenderText {#text} at (0,336) size 111x21
      text run at (0,336) width 111: "This is some text"
    RenderBR {BR} at (111,352) size 0x0
    RenderText {#text} at (0,357) size 111x21
      text run at (0,357) width 111: "This is some text"
    RenderBR {BR} at (111,373) size 0x0
    RenderText {#text} at (0,378) size 111x21
      text run at (0,378) width 111: "This is some text"
    RenderBR {BR} at (111,394) size 0x0
    RenderText {#text} at (0,399) size 111x21
      text run at (0,399) width 111: "This is some text"
    RenderBR {BR} at (111,415) size 0x0
    RenderText {#text} at (0,420) size 111x21
      text run at (0,420) width 111: "This is some text"
    RenderBR {BR} at (111,436) size 0x0
    RenderText {#text} at (0,441) size 111x21
      text run at (0,441) width 111: "This is some text"
    RenderBR {BR} at (111,457) size 0x0
    RenderText {#text} at (0,462) size 111x21
      text run at (0,462) width 111: "This is some text"
    RenderBR {BR} at (111,478) size 0x0
    RenderText {#text} at (0,483) size 111x21
      text run at (0,483) width 111: "This is some text"
    RenderBR {BR} at (111,499) size 0x0
    RenderText {#text} at (0,504) size 111x21
      text run at (0,504) width 111: "This is some text"
    RenderBR {BR} at (111,520) size 0x0
    RenderText {#text} at (0,525) size 111x21
      text run at (0,525) width 111: "This is some text"
    RenderBR {BR} at (111,541) size 0x0
    RenderText {#text} at (0,546) size 111x21
      text run at (0,546) width 111: "This is some text"
    RenderBR {BR} at (111,562) size 0x0
    RenderText {#text} at (0,567) size 111x21
      text run at (0,567) width 111: "This is some text"
    RenderBR {BR} at (111,583) size 0x0
    RenderText {#text} at (0,588) size 111x21
      text run at (0,588) width 111: "This is some text"
    RenderBR {BR} at (111,604) size 0x0
    RenderText {#text} at (0,609) size 111x21
      text run at (0,609) width 111: "This is some text"
    RenderBR {BR} at (111,625) size 0x0
    RenderText {#text} at (0,630) size 111x21
      text run at (0,630) width 111: "This is some text"
    RenderBR {BR} at (111,646) size 0x0
    RenderText {#text} at (0,651) size 111x21
      text run at (0,651) width 111: "This is some text"
    RenderBR {BR} at (111,667) size 0x0
    RenderText {#text} at (0,672) size 111x21
      text run at (0,672) width 111: "This is some text"
    RenderBR {BR} at (111,688) size 0x0
    RenderText {#text} at (0,693) size 111x21
      text run at (0,693) width 111: "This is some text"
    RenderBR {BR} at (111,709) size 0x0
    RenderText {#text} at (0,714) size 111x21
      text run at (0,714) width 111: "This is some text"
    RenderBR {BR} at (111,730) size 0x0
    RenderText {#text} at (0,735) size 111x21
      text run at (0,735) width 111: "This is some text"
    RenderBR {BR} at (111,751) size 0x0
    RenderText {#text} at (0,756) size 111x21
      text run at (0,756) width 111: "This is some text"
    RenderBR {BR} at (111,772) size 0x0
    RenderText {#text} at (0,777) size 111x21
      text run at (0,777) width 111: "This is some text"
    RenderBR {BR} at (111,793) size 0x0
    RenderText {#text} at (0,798) size 111x21
      text run at (0,798) width 111: "This is some text"
    RenderBR {BR} at (111,814) size 0x0
    RenderText {#text} at (0,819) size 111x21
      text run at (0,819) width 111: "This is some text"
    RenderBR {BR} at (111,835) size 0x0
    RenderText {#text} at (0,840) size 111x21
      text run at (0,840) width 111: "This is some text"
    RenderBR {BR} at (111,856) size 0x0
    RenderText {#text} at (0,861) size 111x21
      text run at (0,861) width 111: "This is some text"
    RenderBR {BR} at (111,877) size 0x0
    RenderText {#text} at (0,882) size 111x21
      text run at (0,882) width 111: "This is some text"
    RenderBR {BR} at (111,898) size 0x0
    RenderText {#text} at (0,903) size 111x21
      text run at (0,903) width 111: "This is some text"
    RenderBR {BR} at (111,919) size 0x0
    RenderText {#text} at (0,924) size 111x21
      text run at (0,924) width 111: "This is some text"
    RenderBR {BR} at (111,940) size 0x0
    RenderText {#text} at (0,945) size 111x21
      text run at (0,945) width 111: "This is some text"
    RenderBR {BR} at (111,961) size 0x0
    RenderText {#text} at (0,966) size 111x21
      text run at (0,966) width 111: "This is some text"
    RenderBR {BR} at (111,982) size 0x0
    RenderText {#text} at (0,987) size 111x21
      text run at (0,987) width 111: "This is some text"
    RenderBR {BR} at (111,1003) size 0x0
    RenderText {#text} at (0,1008) size 111x21
      text run at (0,1008) width 111: "This is some text"
    RenderBR {BR} at (111,1024) size 0x0
    RenderText {#text} at (0,1029) size 111x21
      text run at (0,1029) width 111: "This is some text"
    RenderBR {BR} at (111,1045) size 0x0
    RenderText {#text} at (0,1050) size 111x21
      text run at (0,1050) width 111: "This is some text"
    RenderBR {BR} at (111,1066) size 0x0
    RenderText {#text} at (0,1071) size 111x21
      text run at (0,1071) width 111: "This is some text"
    RenderBR {BR} at (111,1087) size 0x0
    RenderText {#text} at (0,1092) size 111x21
      text run at (0,1092) width 111: "This is some text"
    RenderBR {BR} at (111,1108) size 0x0
    RenderText {#text} at (0,1113) size 111x21
      text run at (0,1113) width 111: "This is some text"
    RenderBR {BR} at (111,1129) size 0x0
    RenderText {#text} at (0,1134) size 111x21
      text run at (0,1134) width 111: "This is some text"
    RenderBR {BR} at (111,1150) size 0x0
    RenderText {#text} at (0,1155) size 111x21
      text run at (0,1155) width 111: "This is some text"
    RenderBR {BR} at (111,1171) size 0x0
    RenderText {#text} at (0,1176) size 111x21
      text run at (0,1176) width 111: "This is some text"
    RenderBR {BR} at (111,1192) size 0x0
    RenderText {#text} at (0,1197) size 111x21
      text run at (0,1197) width 111: "This is some text"
    RenderBR {BR} at (111,1213) size 0x0
    RenderText {#text} at (0,1218) size 111x21
      text run at (0,1218) width 111: "This is some text"
    RenderBR {BR} at (111,1234) size 0x0
    RenderText {#text} at (0,1239) size 111x21
      text run at (0,1239) width 111: "This is some text"
    RenderBR {BR} at (111,1255) size 0x0
    RenderText {#text} at (0,1260) size 111x21
      text run at (0,1260) width 111: "This is some text"
    RenderBR {BR} at (111,1276) size 0x0
    RenderText {#text} at (0,1281) size 111x21
      text run at (0,1281) width 111: "This is some text"
    RenderBR {BR} at (111,1297) size 0x0
    RenderText {#text} at (0,1302) size 111x21
      text run at (0,1302) width 111: "This is some text"
    RenderBR {BR} at (111,1318) size 0x0
    RenderText {#text} at (0,1323) size 111x21
      text run at (0,1323) width 111: "This is some text"
    RenderBR {BR} at (111,1339) size 0x0
    RenderText {#text} at (0,1344) size 111x21
      text run at (0,1344) width 111: "This is some text"
    RenderBR {BR} at (111,1360) size 0x0
    RenderText {#text} at (0,1365) size 111x21
      text run at (0,1365) width 111: "This is some text"
    RenderBR {BR} at (111,1381) size 0x0
    RenderText {#text} at (0,1386) size 111x21
      text run at (0,1386) width 111: "This is some text"
    RenderBR {BR} at (111,1402) size 0x0
    RenderText {#text} at (0,1407) size 111x21
      text run at (0,1407) width 111: "This is some text"
    RenderBR {BR} at (111,1423) size 0x0
    RenderText {#text} at (0,1428) size 111x21
      text run at (0,1428) width 111: "This is some text"
    RenderBR {BR} at (111,1444) size 0x0
    RenderText {#text} at (0,1449) size 111x21
      text run at (0,1449) width 111: "This is some text"
    RenderBR {BR} at (111,1465) size 0x0
    RenderText {#text} at (0,1470) size 111x21
      text run at (0,1470) width 111: "This is some text"
    RenderBR {BR} at (111,1486) size 0x0
    RenderText {#text} at (0,1491) size 111x21
      text run at (0,1491) width 111: "This is some text"
    RenderBR {BR} at (111,1507) size 0x0
    RenderText {#text} at (0,1512) size 111x21
      text run at (0,1512) width 111: "This is some text"
    RenderBR {BR} at (111,1528) size 0x0
    RenderText {#text} at (0,1533) size 111x21
      text run at (0,1533) width 111: "This is some text"
    RenderBR {BR} at (111,1549) size 0x0
    RenderText {#text} at (0,1554) size 111x21
      text run at (0,1554) width 111: "This is some text"
    RenderBR {BR} at (111,1570) size 0x0
    RenderText {#text} at (0,1575) size 111x21
      text run at (0,1575) width 111: "This is some text"
    RenderBR {BR} at (111,1591) size 0x0
    RenderText {#text} at (0,1596) size 111x21
      text run at (0,1596) width 111: "This is some text"
    RenderBR {BR} at (111,1612) size 0x0
    RenderText {#text} at (0,1617) size 111x21
      text run at (0,1617) width 111: "This is some text"
    RenderBR {BR} at (111,1633) size 0x0
    RenderText {#text} at (0,1638) size 111x21
      text run at (0,1638) width 111: "This is some text"
    RenderBR {BR} at (111,1654) size 0x0
    RenderText {#text} at (0,1659) size 111x21
      text run at (0,1659) width 111: "This is some text"
    RenderBR {BR} at (111,1675) size 0x0
    RenderText {#text} at (0,1680) size 111x21
      text run at (0,1680) width 111: "This is some text"
    RenderBR {BR} at (111,1696) size 0x0
    RenderText {#text} at (0,1701) size 111x21
      text run at (0,1701) width 111: "This is some text"
    RenderBR {BR} at (111,1717) size 0x0
    RenderText {#text} at (0,1722) size 111x21
      text run at (0,1722) width 111: "This is some text"
    RenderBR {BR} at (111,1738) size 0x0
    RenderText {#text} at (0,1743) size 111x21
      text run at (0,1743) width 111: "This is some text"
    RenderBR {BR} at (111,1759) size 0x0
    RenderText {#text} at (0,1764) size 111x21
      text run at (0,1764) width 111: "This is some text"
    RenderBR {BR} at (111,1780) size 0x0
    RenderText {#text} at (0,1785) size 111x21
      text run at (0,1785) width 111: "This is some text"
    RenderBR {BR} at (111,1801) size 0x0
    RenderText {#text} at (0,1806) size 111x21
      text run at (0,1806) width 111: "This is some text"
    RenderBR {BR} at (111,1822) size 0x0
    RenderText {#text} at (0,1827) size 111x21
      text run at (0,1827) width 111: "This is some text"
    RenderBR {BR} at (111,1843) size 0x0
    RenderText {#text} at (0,1848) size 111x21
      text run at (0,1848) width 111: "This is some text"
    RenderBR {BR} at (111,1864) size 0x0
    RenderText {#text} at (0,1869) size 111x21
      text run at (0,1869) width 111: "This is some text"
    RenderBR {BR} at (111,1885) size 0x0
    RenderText {#text} at (0,1890) size 111x21
      text run at (0,1890) width 111: "This is some text"
    RenderBR {BR} at (111,1906) size 0x0
    RenderText {#text} at (0,1911) size 111x21
      text run at (0,1911) width 111: "This is some text"
    RenderBR {BR} at (111,1927) size 0x0
    RenderText {#text} at (0,1932) size 111x21
      text run at (0,1932) width 111: "This is some text"
    RenderBR {BR} at (111,1948) size 0x0
    RenderText {#text} at (0,1953) size 111x21
      text run at (0,1953) width 111: "This is some text"
    RenderBR {BR} at (111,1969) size 0x0
    RenderText {#text} at (0,1974) size 111x21
      text run at (0,1974) width 111: "This is some text"
    RenderBR {BR} at (111,1990) size 0x0
    RenderText {#text} at (0,1995) size 111x21
      text run at (0,1995) width 111: "This is some text"
    RenderBR {BR} at (111,2011) size 0x0
    RenderText {#text} at (0,2016) size 111x21
      text run at (0,2016) width 111: "This is some text"
    RenderBR {BR} at (111,2032) size 0x0
    RenderText {#text} at (0,2037) size 111x21
      text run at (0,2037) width 111: "This is some text"
    RenderBR {BR} at (111,2053) size 0x0
    RenderText {#text} at (0,2058) size 111x21
      text run at (0,2058) width 111: "This is some text"
    RenderBR {BR} at (111,2074) size 0x0
    RenderText {#text} at (0,2079) size 111x21
      text run at (0,2079) width 111: "This is some text"
    RenderBR {BR} at (111,2095) size 0x0
    RenderText {#text} at (0,2100) size 111x21
      text run at (0,2100) width 111: "This is some text"
    RenderBR {BR} at (111,2116) size 0x0
    RenderText {#text} at (0,2121) size 111x21
      text run at (0,2121) width 111: "This is some text"
    RenderBR {BR} at (111,2137) size 0x0
    RenderText {#text} at (0,2142) size 111x21
      text run at (0,2142) width 111: "This is some text"
    RenderBR {BR} at (111,2158) size 0x0
    RenderText {#text} at (0,2163) size 111x21
      text run at (0,2163) width 111: "This is some text"
    RenderBR {BR} at (111,2179) size 0x0
    RenderText {#text} at (0,2184) size 111x21
      text run at (0,2184) width 111: "This is some text"
    RenderBR {BR} at (111,2200) size 0x0
    RenderText {#text} at (0,2205) size 111x21
      text run at (0,2205) width 111: "This is some text"
    RenderBR {BR} at (111,2221) size 0x0
    RenderText {#text} at (0,2226) size 111x21
      text run at (0,2226) width 111: "This is some text"
    RenderBR {BR} at (111,2242) size 0x0
    RenderText {#text} at (0,2247) size 111x21
      text run at (0,2247) width 111: "This is some text"
    RenderBR {BR} at (111,2263) size 0x0
    RenderText {#text} at (0,2268) size 111x21
      text run at (0,2268) width 111: "This is some text"
    RenderBR {BR} at (111,2284) size 0x0
    RenderText {#text} at (0,2289) size 111x21
      text run at (0,2289) width 111: "This is some text"
    RenderBR {BR} at (111,2305) size 0x0
    RenderText {#text} at (0,2310) size 111x21
      text run at (0,2310) width 111: "This is some text"
    RenderBR {BR} at (111,2326) size 0x0
    RenderText {#text} at (0,2331) size 111x21
      text run at (0,2331) width 111: "This is some text"
    RenderBR {BR} at (111,2347) size 0x0
    RenderText {#text} at (0,2352) size 111x21
      text run at (0,2352) width 111: "This is some text"
    RenderBR {BR} at (111,2368) size 0x0
    RenderText {#text} at (0,2373) size 111x21
      text run at (0,2373) width 111: "This is some text"
    RenderBR {BR} at (111,2389) size 0x0
    RenderText {#text} at (0,2394) size 111x21
      text run at (0,2394) width 111: "This is some text"
    RenderBR {BR} at (111,2410) size 0x0
    RenderText {#text} at (0,2415) size 111x21
      text run at (0,2415) width 111: "This is some text"
    RenderBR {BR} at (111,2431) size 0x0
    RenderText {#text} at (0,2436) size 111x21
      text run at (0,2436) width 111: "This is some text"
    RenderBR {BR} at (111,2452) size 0x0
    RenderText {#text} at (0,2457) size 111x21
      text run at (0,2457) width 111: "This is some text"
    RenderBR {BR} at (111,2473) size 0x0
    RenderText {#text} at (0,2478) size 111x21
      text run at (0,2478) width 111: "This is some text"
    RenderBR {BR} at (111,2494) size 0x0
    RenderText {#text} at (0,2499) size 111x21
      text run at (0,2499) width 111: "This is some text"
    RenderBR {BR} at (111,2515) size 0x0
    RenderText {#text} at (0,2520) size 111x21
      text run at (0,2520) width 111: "This is some text"
    RenderBR {BR} at (111,2536) size 0x0
    RenderText {#text} at (0,2541) size 111x21
      text run at (0,2541) width 111: "This is some text"
    RenderBR {BR} at (111,2557) size 0x0
    RenderText {#text} at (0,2562) size 111x21
      text run at (0,2562) width 111: "This is some text"
    RenderBR {BR} at (111,2578) size 0x0
    RenderText {#text} at (0,2583) size 111x21
      text run at (0,2583) width 111: "This is some text"
    RenderBR {BR} at (111,2599) size 0x0
    RenderText {#text} at (0,2604) size 111x21
      text run at (0,2604) width 111: "This is some text"
    RenderBR {BR} at (111,2620) size 0x0
    RenderText {#text} at (0,2625) size 111x21
      text run at (0,2625) width 111: "This is some text"
    RenderBR {BR} at (111,2641) size 0x0
    RenderText {#text} at (0,2646) size 111x21
      text run at (0,2646) width 111: "This is some text"
    RenderBR {BR} at (111,2662) size 0x0
    RenderText {#text} at (0,2667) size 111x21
      text run at (0,2667) width 111: "This is some text"
    RenderBR {BR} at (111,2683) size 0x0
    RenderText {#text} at (0,2688) size 111x21
      text run at (0,2688) width 111: "This is some text"
    RenderBR {BR} at (111,2704) size 0x0
    RenderText {#text} at (0,2709) size 111x21
      text run at (0,2709) width 111: "This is some text"
    RenderBR {BR} at (111,2725) size 0x0
    RenderText {#text} at (0,2730) size 111x21
      text run at (0,2730) width 111: "This is some text"
    RenderBR {BR} at (111,2746) size 0x0
    RenderText {#text} at (0,2751) size 111x21
      text run at (0,2751) width 111: "This is some text"
    RenderBR {BR} at (111,2767) size 0x0
    RenderText {#text} at (0,2772) size 111x21
      text run at (0,2772) width 111: "This is some text"
    RenderBR {BR} at (111,2788) size 0x0
    RenderText {#text} at (0,2793) size 111x21
      text run at (0,2793) width 111: "This is some text"
    RenderBR {BR} at (111,2809) size 0x0
    RenderText {#text} at (0,2814) size 111x21
      text run at (0,2814) width 111: "This is some text"
    RenderBR {BR} at (111,2830) size 0x0
