layer at (0,0) size 1952x1010
  RenderView at (0,0) size 784x584
layer at (0,0) size 784x1010
  RenderBlock {HTML} at (0,0) size 784x1010
    RenderBody {BODY} at (8,8) size 768x994
      RenderBlock {HR} at (0,358) size 768x2 [border: (1px inset #000000)]
      RenderBlock {HR} at (0,676) size 768x2 [border: (1px inset #000000)]
layer at (8,8) size 768x350
  RenderBlock {DIV} at (0,0) size 768x350
    RenderTable {TABLE} at (0,0) size 376x1361 [border: (1px outset #808080)]
      RenderTableSection {TBODY} at (1,1) size 374x1359
        RenderTableRow {TR} at (0,0) size 374x1359
          RenderTableCell {TD} at (0,46) size 138x1313 [border: (1px inset #808080)] [r=0 c=0 rs=1 cs=1]
            RenderText {#text} at (11,11) size 110x42
              text run at (11,11) width 110: "This cell has lots"
              text run at (11,32) width 46: "of text."
            RenderBR {BR} at (57,48) size 0x0
            RenderText {#text} at (11,53) size 110x42
              text run at (11,53) width 110: "This cell has lots"
              text run at (11,74) width 46: "of text."
            RenderBR {BR} at (57,90) size 0x0
            RenderText {#text} at (11,95) size 110x42
              text run at (11,95) width 110: "This cell has lots"
              text run at (11,116) width 46: "of text."
            RenderBR {BR} at (57,132) size 0x0
            RenderText {#text} at (11,137) size 110x42
              text run at (11,137) width 110: "This cell has lots"
              text run at (11,158) width 46: "of text."
            RenderBR {BR} at (57,174) size 0x0
            RenderText {#text} at (11,179) size 110x42
              text run at (11,179) width 110: "This cell has lots"
              text run at (11,200) width 46: "of text."
            RenderBR {BR} at (57,216) size 0x0
            RenderText {#text} at (11,221) size 110x42
              text run at (11,221) width 110: "This cell has lots"
              text run at (11,242) width 46: "of text."
            RenderBR {BR} at (57,258) size 0x0
            RenderText {#text} at (11,263) size 110x62
              text run at (11,263) width 110: "This cell has lots"
              text run at (11,304) width 46: "of text."
            RenderBR {BR} at (57,320) size 0x0
            RenderText {#text} at (11,325) size 110x42
              text run at (11,325) width 110: "This cell has lots"
              text run at (11,346) width 46: "of text."
            RenderBR {BR} at (57,362) size 0x0
            RenderText {#text} at (11,367) size 110x42
              text run at (11,367) width 110: "This cell has lots"
              text run at (11,388) width 46: "of text."
            RenderBR {BR} at (57,404) size 0x0
            RenderText {#text} at (11,409) size 110x42
              text run at (11,409) width 110: "This cell has lots"
              text run at (11,430) width 46: "of text."
            RenderBR {BR} at (57,446) size 0x0
            RenderText {#text} at (11,451) size 110x42
              text run at (11,451) width 110: "This cell has lots"
              text run at (11,472) width 46: "of text."
            RenderBR {BR} at (57,488) size 0x0
            RenderText {#text} at (11,493) size 110x42
              text run at (11,493) width 110: "This cell has lots"
              text run at (11,514) width 46: "of text."
            RenderBR {BR} at (57,530) size 0x0
            RenderText {#text} at (11,535) size 110x42
              text run at (11,535) width 110: "This cell has lots"
              text run at (11,556) width 46: "of text."
            RenderBR {BR} at (57,572) size 0x0
            RenderText {#text} at (11,577) size 110x42
              text run at (11,577) width 110: "This cell has lots"
              text run at (11,598) width 46: "of text."
            RenderBR {BR} at (57,614) size 0x0
            RenderText {#text} at (11,619) size 110x56
              text run at (11,619) width 110: "This cell has lots"
              text run at (11,654) width 46: "of text."
            RenderBR {BR} at (57,670) size 0x0
            RenderText {#text} at (11,675) size 110x42
              text run at (11,675) width 110: "This cell has lots"
              text run at (11,696) width 46: "of text."
            RenderBR {BR} at (57,712) size 0x0
            RenderText {#text} at (11,717) size 110x42
              text run at (11,717) width 110: "This cell has lots"
              text run at (11,738) width 46: "of text."
            RenderBR {BR} at (57,754) size 0x0
            RenderText {#text} at (11,759) size 110x42
              text run at (11,759) width 110: "This cell has lots"
              text run at (11,780) width 46: "of text."
            RenderBR {BR} at (57,796) size 0x0
            RenderText {#text} at (11,801) size 110x42
              text run at (11,801) width 110: "This cell has lots"
              text run at (11,822) width 46: "of text."
            RenderBR {BR} at (57,838) size 0x0
            RenderText {#text} at (11,843) size 110x42
              text run at (11,843) width 110: "This cell has lots"
              text run at (11,864) width 46: "of text."
            RenderBR {BR} at (57,880) size 0x0
            RenderText {#text} at (11,885) size 110x42
              text run at (11,885) width 110: "This cell has lots"
              text run at (11,906) width 46: "of text."
            RenderBR {BR} at (57,922) size 0x0
            RenderText {#text} at (11,927) size 110x42
              text run at (11,927) width 110: "This cell has lots"
              text run at (11,948) width 46: "of text."
            RenderBR {BR} at (57,964) size 0x0
            RenderText {#text} at (11,969) size 110x56
              text run at (11,969) width 110: "This cell has lots"
              text run at (11,1004) width 46: "of text."
            RenderBR {BR} at (57,1020) size 0x0
            RenderText {#text} at (11,1025) size 110x42
              text run at (11,1025) width 110: "This cell has lots"
              text run at (11,1046) width 46: "of text."
            RenderBR {BR} at (57,1062) size 0x0
            RenderText {#text} at (11,1067) size 110x42
              text run at (11,1067) width 110: "This cell has lots"
              text run at (11,1088) width 46: "of text."
            RenderBR {BR} at (57,1104) size 0x0
            RenderText {#text} at (11,1109) size 110x42
              text run at (11,1109) width 110: "This cell has lots"
              text run at (11,1130) width 46: "of text."
            RenderBR {BR} at (57,1146) size 0x0
            RenderText {#text} at (11,1151) size 110x42
              text run at (11,1151) width 110: "This cell has lots"
              text run at (11,1172) width 46: "of text."
            RenderBR {BR} at (57,1188) size 0x0
            RenderText {#text} at (11,1193) size 110x42
              text run at (11,1193) width 110: "This cell has lots"
              text run at (11,1214) width 46: "of text."
            RenderBR {BR} at (57,1230) size 0x0
            RenderText {#text} at (11,1235) size 110x42
              text run at (11,1235) width 110: "This cell has lots"
              text run at (11,1256) width 46: "of text."
            RenderBR {BR} at (57,1272) size 0x0
            RenderText {#text} at (11,1277) size 110x42
              text run at (11,1277) width 110: "This cell has lots"
              text run at (11,1298) width 46: "of text."
            RenderBR {BR} at (57,1314) size 0x0
          RenderTableCell {TD} at (138,0) size 236x188 [border: (1px inset #808080)] [r=0 c=1 rs=1 cs=1]
            RenderInline {SPAN} at (0,0) size 163x166
              RenderText {#text} at (11,11) size 163x166
                text run at (11,11) width 163: "Other"
                text run at (11,94) width 108: "cell."
layer at (8,376) size 768x300
  RenderBlock {DIV} at (0,368) size 768x300
    RenderTable {TABLE} at (0,0) size 376x1318 [border: (1px outset #808080)]
      RenderTableSection {TBODY} at (1,1) size 374x1316
        RenderTableRow {TR} at (0,0) size 374x1316
          RenderTableCell {TD} at (0,0) size 138x1316 [border: (1px inset #808080)] [r=0 c=0 rs=1 cs=1]
            RenderText {#text} at (11,11) size 110x42
              text run at (11,11) width 110: "This cell has lots"
              text run at (11,32) width 46: "of text."
            RenderBR {BR} at (57,48) size 0x0
            RenderText {#text} at (11,53) size 110x42
              text run at (11,53) width 110: "This cell has lots"
              text run at (11,74) width 46: "of text."
            RenderBR {BR} at (57,90) size 0x0
            RenderText {#text} at (11,95) size 110x42
              text run at (11,95) width 110: "This cell has lots"
              text run at (11,116) width 46: "of text."
            RenderBR {BR} at (57,132) size 0x0
            RenderText {#text} at (11,137) size 110x42
              text run at (11,137) width 110: "This cell has lots"
              text run at (11,158) width 46: "of text."
            RenderBR {BR} at (57,174) size 0x0
            RenderText {#text} at (11,179) size 110x42
              text run at (11,179) width 110: "This cell has lots"
              text run at (11,200) width 46: "of text."
            RenderBR {BR} at (57,216) size 0x0
            RenderText {#text} at (11,221) size 110x42
              text run at (11,221) width 110: "This cell has lots"
              text run at (11,242) width 46: "of text."
            RenderBR {BR} at (57,258) size 0x0
            RenderText {#text} at (11,263) size 110x58
              text run at (11,263) width 110: "This cell has lots"
              text run at (11,300) width 46: "of text."
            RenderBR {BR} at (57,316) size 0x0
            RenderText {#text} at (11,321) size 110x42
              text run at (11,321) width 110: "This cell has lots"
              text run at (11,342) width 46: "of text."
            RenderBR {BR} at (57,358) size 0x0
            RenderText {#text} at (11,363) size 110x42
              text run at (11,363) width 110: "This cell has lots"
              text run at (11,384) width 46: "of text."
            RenderBR {BR} at (57,400) size 0x0
            RenderText {#text} at (11,405) size 110x42
              text run at (11,405) width 110: "This cell has lots"
              text run at (11,426) width 46: "of text."
            RenderBR {BR} at (57,442) size 0x0
            RenderText {#text} at (11,447) size 110x42
              text run at (11,447) width 110: "This cell has lots"
              text run at (11,468) width 46: "of text."
            RenderBR {BR} at (57,484) size 0x0
            RenderText {#text} at (11,489) size 110x42
              text run at (11,489) width 110: "This cell has lots"
              text run at (11,510) width 46: "of text."
            RenderBR {BR} at (57,526) size 0x0
            RenderText {#text} at (11,531) size 110x42
              text run at (11,531) width 110: "This cell has lots"
              text run at (11,552) width 46: "of text."
            RenderBR {BR} at (57,568) size 0x0
            RenderText {#text} at (11,573) size 110x48
              text run at (11,573) width 110: "This cell has lots"
              text run at (11,600) width 46: "of text."
            RenderBR {BR} at (57,616) size 0x0
            RenderText {#text} at (11,621) size 110x42
              text run at (11,621) width 110: "This cell has lots"
              text run at (11,642) width 46: "of text."
            RenderBR {BR} at (57,658) size 0x0
            RenderText {#text} at (11,663) size 110x42
              text run at (11,663) width 110: "This cell has lots"
              text run at (11,684) width 46: "of text."
            RenderBR {BR} at (57,700) size 0x0
            RenderText {#text} at (11,705) size 110x42
              text run at (11,705) width 110: "This cell has lots"
              text run at (11,726) width 46: "of text."
            RenderBR {BR} at (57,742) size 0x0
            RenderText {#text} at (11,747) size 110x42
              text run at (11,747) width 110: "This cell has lots"
              text run at (11,768) width 46: "of text."
            RenderBR {BR} at (57,784) size 0x0
            RenderText {#text} at (11,789) size 110x42
              text run at (11,789) width 110: "This cell has lots"
              text run at (11,810) width 46: "of text."
            RenderBR {BR} at (57,826) size 0x0
            RenderText {#text} at (11,831) size 110x42
              text run at (11,831) width 110: "This cell has lots"
              text run at (11,852) width 46: "of text."
            RenderBR {BR} at (57,868) size 0x0
            RenderText {#text} at (11,873) size 110x48
              text run at (11,873) width 110: "This cell has lots"
              text run at (11,900) width 46: "of text."
            RenderBR {BR} at (57,916) size 0x0
            RenderText {#text} at (11,921) size 110x42
              text run at (11,921) width 110: "This cell has lots"
              text run at (11,942) width 46: "of text."
            RenderBR {BR} at (57,958) size 0x0
            RenderText {#text} at (11,963) size 110x42
              text run at (11,963) width 110: "This cell has lots"
              text run at (11,984) width 46: "of text."
            RenderBR {BR} at (57,1000) size 0x0
            RenderText {#text} at (11,1005) size 110x42
              text run at (11,1005) width 110: "This cell has lots"
              text run at (11,1026) width 46: "of text."
            RenderBR {BR} at (57,1042) size 0x0
            RenderText {#text} at (11,1047) size 110x42
              text run at (11,1047) width 110: "This cell has lots"
              text run at (11,1068) width 46: "of text."
            RenderBR {BR} at (57,1084) size 0x0
            RenderText {#text} at (11,1089) size 110x42
              text run at (11,1089) width 110: "This cell has lots"
              text run at (11,1110) width 46: "of text."
            RenderBR {BR} at (57,1126) size 0x0
            RenderText {#text} at (11,1131) size 110x42
              text run at (11,1131) width 110: "This cell has lots"
              text run at (11,1152) width 46: "of text."
            RenderBR {BR} at (57,1168) size 0x0
            RenderText {#text} at (11,1173) size 110x48
              text run at (11,1173) width 110: "This cell has lots"
              text run at (11,1200) width 46: "of text."
            RenderBR {BR} at (57,1216) size 0x0
            RenderText {#text} at (11,1221) size 110x42
              text run at (11,1221) width 110: "This cell has lots"
              text run at (11,1242) width 46: "of text."
            RenderBR {BR} at (57,1258) size 0x0
            RenderText {#text} at (11,1263) size 110x42
              text run at (11,1263) width 110: "This cell has lots"
              text run at (11,1284) width 46: "of text."
            RenderBR {BR} at (57,1300) size 0x0
          RenderTableCell {TD} at (138,564) size 236x188 [border: (1px inset #808080)] [r=0 c=1 rs=1 cs=1]
            RenderInline {SPAN} at (0,0) size 163x166
              RenderText {#text} at (11,36) size 163x166
                text run at (11,36) width 163: "Other"
                text run at (11,119) width 108: "cell."
layer at (8,702) size 768x300
  RenderBlock {DIV} at (0,694) size 768x300
    RenderTable {TABLE} at (0,0) size 376x1318 [border: (1px outset #808080)]
      RenderTableSection {TBODY} at (1,1) size 374x1316
        RenderTableRow {TR} at (0,0) size 374x1316
          RenderTableCell {TD} at (0,0) size 138x1316 [border: (1px inset #808080)] [r=0 c=0 rs=1 cs=1]
            RenderText {#text} at (11,11) size 110x42
              text run at (11,11) width 110: "This cell has lots"
              text run at (11,32) width 46: "of text."
            RenderBR {BR} at (57,48) size 0x0
            RenderText {#text} at (11,53) size 110x42
              text run at (11,53) width 110: "This cell has lots"
              text run at (11,74) width 46: "of text."
            RenderBR {BR} at (57,90) size 0x0
            RenderText {#text} at (11,95) size 110x42
              text run at (11,95) width 110: "This cell has lots"
              text run at (11,116) width 46: "of text."
            RenderBR {BR} at (57,132) size 0x0
            RenderText {#text} at (11,137) size 110x42
              text run at (11,137) width 110: "This cell has lots"
              text run at (11,158) width 46: "of text."
            RenderBR {BR} at (57,174) size 0x0
            RenderText {#text} at (11,179) size 110x42
              text run at (11,179) width 110: "This cell has lots"
              text run at (11,200) width 46: "of text."
            RenderBR {BR} at (57,216) size 0x0
            RenderText {#text} at (11,221) size 110x42
              text run at (11,221) width 110: "This cell has lots"
              text run at (11,242) width 46: "of text."
            RenderBR {BR} at (57,258) size 0x0
            RenderText {#text} at (11,263) size 110x58
              text run at (11,263) width 110: "This cell has lots"
              text run at (11,300) width 46: "of text."
            RenderBR {BR} at (57,316) size 0x0
            RenderText {#text} at (11,321) size 110x42
              text run at (11,321) width 110: "This cell has lots"
              text run at (11,342) width 46: "of text."
            RenderBR {BR} at (57,358) size 0x0
            RenderText {#text} at (11,363) size 110x42
              text run at (11,363) width 110: "This cell has lots"
              text run at (11,384) width 46: "of text."
            RenderBR {BR} at (57,400) size 0x0
            RenderText {#text} at (11,405) size 110x42
              text run at (11,405) width 110: "This cell has lots"
              text run at (11,426) width 46: "of text."
            RenderBR {BR} at (57,442) size 0x0
            RenderText {#text} at (11,447) size 110x42
              text run at (11,447) width 110: "This cell has lots"
              text run at (11,468) width 46: "of text."
            RenderBR {BR} at (57,484) size 0x0
            RenderText {#text} at (11,489) size 110x42
              text run at (11,489) width 110: "This cell has lots"
              text run at (11,510) width 46: "of text."
            RenderBR {BR} at (57,526) size 0x0
            RenderText {#text} at (11,531) size 110x42
              text run at (11,531) width 110: "This cell has lots"
              text run at (11,552) width 46: "of text."
            RenderBR {BR} at (57,568) size 0x0
            RenderText {#text} at (11,573) size 110x48
              text run at (11,573) width 110: "This cell has lots"
              text run at (11,600) width 46: "of text."
            RenderBR {BR} at (57,616) size 0x0
            RenderText {#text} at (11,621) size 110x42
              text run at (11,621) width 110: "This cell has lots"
              text run at (11,642) width 46: "of text."
            RenderBR {BR} at (57,658) size 0x0
            RenderText {#text} at (11,663) size 110x42
              text run at (11,663) width 110: "This cell has lots"
              text run at (11,684) width 46: "of text."
            RenderBR {BR} at (57,700) size 0x0
            RenderText {#text} at (11,705) size 110x42
              text run at (11,705) width 110: "This cell has lots"
              text run at (11,726) width 46: "of text."
            RenderBR {BR} at (57,742) size 0x0
            RenderText {#text} at (11,747) size 110x42
              text run at (11,747) width 110: "This cell has lots"
              text run at (11,768) width 46: "of text."
            RenderBR {BR} at (57,784) size 0x0
            RenderText {#text} at (11,789) size 110x42
              text run at (11,789) width 110: "This cell has lots"
              text run at (11,810) width 46: "of text."
            RenderBR {BR} at (57,826) size 0x0
            RenderText {#text} at (11,831) size 110x42
              text run at (11,831) width 110: "This cell has lots"
              text run at (11,852) width 46: "of text."
            RenderBR {BR} at (57,868) size 0x0
            RenderText {#text} at (11,873) size 110x48
              text run at (11,873) width 110: "This cell has lots"
              text run at (11,900) width 46: "of text."
            RenderBR {BR} at (57,916) size 0x0
            RenderText {#text} at (11,921) size 110x42
              text run at (11,921) width 110: "This cell has lots"
              text run at (11,942) width 46: "of text."
            RenderBR {BR} at (57,958) size 0x0
            RenderText {#text} at (11,963) size 110x42
              text run at (11,963) width 110: "This cell has lots"
              text run at (11,984) width 46: "of text."
            RenderBR {BR} at (57,1000) size 0x0
            RenderText {#text} at (11,1005) size 110x42
              text run at (11,1005) width 110: "This cell has lots"
              text run at (11,1026) width 46: "of text."
            RenderBR {BR} at (57,1042) size 0x0
            RenderText {#text} at (11,1047) size 110x42
              text run at (11,1047) width 110: "This cell has lots"
              text run at (11,1068) width 46: "of text."
            RenderBR {BR} at (57,1084) size 0x0
            RenderText {#text} at (11,1089) size 110x42
              text run at (11,1089) width 110: "This cell has lots"
              text run at (11,1110) width 46: "of text."
            RenderBR {BR} at (57,1126) size 0x0
            RenderText {#text} at (11,1131) size 110x42
              text run at (11,1131) width 110: "This cell has lots"
              text run at (11,1152) width 46: "of text."
            RenderBR {BR} at (57,1168) size 0x0
            RenderText {#text} at (11,1173) size 110x48
              text run at (11,1173) width 110: "This cell has lots"
              text run at (11,1200) width 46: "of text."
            RenderBR {BR} at (57,1216) size 0x0
            RenderText {#text} at (11,1221) size 110x42
              text run at (11,1221) width 110: "This cell has lots"
              text run at (11,1242) width 46: "of text."
            RenderBR {BR} at (57,1258) size 0x0
            RenderText {#text} at (11,1263) size 110x42
              text run at (11,1263) width 110: "This cell has lots"
              text run at (11,1284) width 46: "of text."
            RenderBR {BR} at (57,1300) size 0x0
          RenderTableCell {TD} at (138,1128) size 236x188 [border: (1px inset #808080)] [r=0 c=1 rs=1 cs=1]
            RenderInline {SPAN} at (0,0) size 163x166
              RenderText {#text} at (11,72) size 163x166
                text run at (11,72) width 163: "Other"
                text run at (11,155) width 108: "cell."
