layer at (0,0) size 800x600
  RenderView at (0,0) size 800x600
layer at (0,0) size 800x600
  RenderBlock {HTML} at (0,0) size 800x600
    RenderBody {BODY} at (8,8) size 784x575
      RenderBlock (anonymous) at (0,0) size 784x19
        RenderText {#text} at (0,0) size 242x19
          text run at (0,0) width 242: "This test succeeds if it does not crash."
        RenderText {#text} at (0,0) size 0x0
        RenderText {#text} at (0,0) size 0x0
      RenderBlock {H2} at (0,36) size 784x0
