layer at (0,0) size 800x600
  RenderView at (0,0) size 800x600
layer at (0,0) size 800x600
  RenderBlock {HTML} at (0,0) size 800x600
    RenderBody {BODY} at (8,8) size 784x584
      RenderBlock {P} at (0,0) size 784x36
        RenderText {#text} at (0,0) size 769x36
          text run at (0,0) width 769: "This tests to see that deleting a selection that starts just before a table and ends inside the table does not insert a placeholder"
          text run at (0,18) width 110: "br unnecessarily. "
          text run at (110,18) width 256: "You should see two ToDos, one empty. "
          text run at (366,18) width 269: "The caret should be just before the second."
      RenderBlock {DIV} at (0,52) size 784x48
        RenderTable {TABLE} at (0,0) size 149x24
          RenderTableSection {TBODY} at (0,0) size 149x24
            RenderTableRow {TR} at (0,2) size 149x20
              RenderTableCell {TD} at (2,2) size 18x20 [r=0 c=0 rs=1 cs=1]
                RenderText {#text} at (1,1) size 16x18
                  text run at (1,1) width 16: "\x{21D2}"
              RenderTableCell {TD} at (22,2) size 14x20 [r=0 c=1 rs=1 cs=1]
                RenderText {#text} at (1,1) size 12x18
                  text run at (1,1) width 12: "\x{23B7}"
              RenderTableCell {TD} at (38,2) size 94x20 [r=0 c=2 rs=1 cs=1]
                RenderText {#text} at (1,1) size 92x18
                  text run at (1,1) width 92: "ToDo Content"
              RenderTableCell {TD} at (134,2) size 13x20 [r=0 c=3 rs=1 cs=1]
                RenderText {#text} at (1,1) size 11x18
                  text run at (1,1) width 11: "\x{21E3}"
        RenderTable {TABLE} at (0,24) size 57x24
          RenderTableSection {TBODY} at (0,0) size 57x24
            RenderTableRow {TR} at (0,2) size 57x20
              RenderTableCell {TD} at (2,2) size 18x20 [r=0 c=0 rs=1 cs=1]
                RenderText {#text} at (1,1) size 16x18
                  text run at (1,1) width 16: "\x{21D2}"
              RenderTableCell {TD} at (22,2) size 14x20 [r=0 c=1 rs=1 cs=1]
                RenderText {#text} at (1,1) size 12x18
                  text run at (1,1) width 12: "\x{23B7}"
              RenderTableCell {TD} at (38,2) size 2x20 [r=0 c=2 rs=1 cs=1]
              RenderTableCell {TD} at (42,2) size 13x20 [r=0 c=3 rs=1 cs=1]
                RenderText {#text} at (1,1) size 11x18
                  text run at (1,1) width 11: "\x{21E3}"
caret: position 0 of child 3 {TABLE} of child 2 {DIV} of child 0 {BODY} of child 0 {HTML} of document
