layer at (0,0) size 800x600
  RenderView at (0,0) size 800x600
layer at (0,0) size 800x600
  RenderBlock {HTML} at (0,0) size 800x600
    RenderBody {BODY} at (8,8) size 784x584
      RenderBlock {P} at (0,0) size 784x36
        RenderText {#text} at (0,0) size 779x36
          text run at (0,0) width 779: "This tests for a bug where delete would crash if a node just after the selection to delete is removed in a DOMNodeRemoved"
          text run at (0,18) width 349: "event handler for the last node in the selection to delete."
      RenderBlock {DIV} at (0,52) size 784x18
        RenderText {#text} at (0,0) size 21x18
          text run at (0,0) width 21: "foo"
        RenderInline {SPAN} at (0,0) size 8x18
          RenderText {#text} at (21,0) size 8x18
            text run at (21,0) width 8: "x"
        RenderInline {SPAN} at (0,0) size 8x18
          RenderText {#text} at (29,0) size 8x18
            text run at (29,0) width 8: "y"
