layer at (0,0) size 800x600
  RenderCanvas at (0,0) size 800x600
layer at (0,0) size 800x600
  RenderBlock {HTML} at (0,0) size 800x600
    RenderBody {BODY} at (8,8) size 784x584
      RenderBlock {P} at (0,0) size 784x36
        RenderText {TEXT} at (0,0) size 781x36
          text run at (0,0) width 781: "This tests deletion of an empty line which is a <br> element just after a <div> element. If the deletion is successful, the result"
          text run at (0,18) width 695: "should have two lines, and the insertion point should be at the start of the second line, just before the letter \"b\"."
      RenderBlock {DIV} at (0,52) size 784x36
        RenderBlock {DIV} at (0,0) size 784x18
          RenderText {TEXT} at (0,0) size 7x18
            text run at (0,0) width 7: "a"
        RenderBlock (anonymous) at (0,18) size 784x0
        RenderBlock {DIV} at (0,18) size 784x18
          RenderText {TEXT} at (0,0) size 8x18
            text run at (0,0) width 8: "b"
selection is CARET:
start:      position 0 of child 1 {TEXT} of child 2 {DIV} of child 4 {DIV} of child 2 {BODY} of child 1 {HTML} of root {}
upstream:   position 0 of child 2 {DIV} of child 4 {DIV} of child 2 {BODY} of child 1 {HTML} of root {}
downstream: position 0 of child 1 {TEXT} of child 2 {DIV} of child 4 {DIV} of child 2 {BODY} of child 1 {HTML} of root {}
