EDITING DELEGATE: webViewDidChangeSelection:WebViewDidChangeSelectionNotification
EDITING DELEGATE: webViewDidChangeSelection:WebViewDidChangeSelectionNotification
EDITING DELEGATE: webViewDidChangeSelection:WebViewDidChangeSelectionNotification
EDITING DELEGATE: shouldChangeSelectedDOMRange:range from 0 of IMG to 0 of IMG toDOMRange:range from 1 of #text > SPAN > DIV > BODY > HTML > #document to 1 of #text > SPAN > DIV > BODY > HTML > #document affinity:NSSelectionAffinityDownstream stillSelecting:FALSE
EDITING DELEGATE: webViewDidChangeSelection:WebViewDidChangeSelectionNotification
EDITING DELEGATE: webViewDidChange:WebViewDidChangeNotification
layer at (0,0) size 800x600
  RenderCanvas at (0,0) size 800x600
layer at (0,0) size 800x600
  RenderBlock {HTML} at (0,0) size 800x600
    RenderBody {BODY} at (8,8) size 784x584
      RenderBlock {DIV} at (0,0) size 784x274 [border: (2px solid #FF0000)]
        RenderInline {SPAN} at (0,0) size 254x246
          RenderText {TEXT} at (14,14) size 11x28
            text run at (14,14) width 11: "a"
          RenderText {TEXT} at (25,14) size 46x28
            text run at (25,14) width 46: "new "
          RenderBR {BR} at (0,0) size 0x0
          RenderText {TEXT} at (14,123) size 67x28
            text run at (14,123) width 67: "nation "
          RenderInline {I} at (0,0) size 0x0
            RenderText {TEXT} at (0,0) size 0x0
          RenderText {TEXT} at (0,0) size 0x0
          RenderImage {IMG} at (81,42) size 76x103
          RenderText {TEXT} at (157,123) size 111x28
            text run at (157,123) width 111: " conceived "
          RenderBR {BR} at (0,0) size 0x0
          RenderText {TEXT} at (14,232) size 61x28
            text run at (14,232) width 61: "nation"
          RenderImage {IMG} at (75,151) size 76x103
        RenderText {TEXT} at (0,0) size 0x0
caret: position 1 of child 0 {TEXT} of child 1 {SPAN} of child 1 {DIV} of child 1 {BODY} of child 0 {HTML} of document
