layer at (0,0) size 800x600
  RenderCanvas at (0,0) size 800x600
layer at (0,0) size 800x600
  RenderBlock {HTML} at (0,0) size 800x600
    RenderBody {BODY} at (8,8) size 784x584
      RenderBlock {DIV} at (0,0) size 784x137 [border: (2px solid #FF0000)]
        RenderInline {SPAN} at (0,0) size 158x28
          RenderText {TEXT} at (0,0) size 0x0
          RenderImage {IMG} at (14,14) size 76x103
          RenderText {TEXT} at (90,95) size 6x28
            text run at (90,95) width 6: " "
          RenderImage {IMG} at (96,14) size 76x103
          RenderText {TEXT} at (0,0) size 0x0
        RenderText {TEXT} at (0,0) size 0x0
selection is CARET:
start:      position 0 of child 1 {TEXT} of child 2 {SPAN} of root {DIV}
upstream:   position 0 of child 1 {TEXT} of root {DIV}
downstream: position 0 of child 2 {IMG} of child 2 {SPAN} of root {DIV}
