layer at (0,0) size 800x600
  RenderCanvas at (0,0) size 800x600
layer at (0,0) size 800x600
  RenderBlock {HTML} at (0,0) size 800x600
    RenderBody {BODY} at (8,8) size 784x584
      RenderBlock {DIV} at (0,0) size 628x112 [border: (2px solid #FF0000)]
        RenderInline {SPAN} at (0,0) size 204x84
          RenderText {TEXT} at (14,14) size 204x28
            text run at (14,14) width 102: "Fourscore "
            text run at (116,14) width 41: "and "
            text run at (157,14) width 61: "seven "
          RenderBR {BR} at (0,0) size 0x0
          RenderBR {BR} at (14,42) size 0x28
          RenderText {TEXT} at (14,70) size 92x28
            text run at (14,70) width 92: "years ago"
        RenderText {TEXT} at (0,0) size 0x0
selection is CARET:
start:      position 0 of child 4 {TEXT} of child 2 {SPAN} of root {DIV}
upstream:   position 1 of child 3 {BR} of child 2 {SPAN} of root {DIV}
downstream: position 0 of child 4 {TEXT} of child 2 {SPAN} of root {DIV}
