layer at (0,0) size 800x600
  RenderCanvas at (0,0) size 800x600
layer at (0,0) size 800x600
  RenderBlock {HTML} at (0,0) size 800x600
    RenderBody {BODY} at (8,8) size 784x584
      RenderBlock {DIV} at (0,0) size 784x204 [border: (2px solid #FF0000)]
        RenderBlock {DIV} at (14,14) size 756x18
          RenderText {TEXT} at (0,0) size 46x18
            text run at (0,0) width 46: "Radar: "
          RenderInline {A} at (0,0) size 359x18 [color=#0000EE]
            RenderText {TEXT} at (46,0) size 359x18
              text run at (46,0) width 359: "rdar://problems/4038408&4154187&4125087&4125381"
        RenderBlock {DIV} at (14,32) size 756x18
          RenderText {TEXT} at (0,0) size 674x18
            text run at (0,0) width 674: "Deletion of reply text should not produce reply text style unless the caret is inside the reply text blockquote."
        RenderBlock {DIV} at (14,50) size 756x18
          RenderBR {BR} at (0,0) size 0x18
        RenderBlock {DIV} at (14,68) size 756x18
          RenderText {TEXT} at (0,0) size 299x18
            text run at (0,0) width 299: "This tests deletion from underneath quoted text:"
        RenderBlock {DIV} at (14,86) size 756x18
          RenderBR {BR} at (0,0) size 0x18
        RenderBlock {DIV} at (14,104) size 756x86
          RenderBlock {BLOCKQUOTE} at (0,0) size 756x68 [color=#0000FF] [border: (2px solid #0000FF)]
            RenderBlock {DIV} at (18,16) size 722x18
              RenderText {TEXT} at (0,0) size 145x18
                text run at (0,0) width 145: "Here is some reply text"
            RenderBlock {DIV} at (18,34) size 722x18
              RenderText {TEXT} at (0,0) size 208x18
                text run at (0,0) width 208: "It should have the reply text style"
          RenderBlock {DIV} at (0,68) size 756x18
            RenderText {TEXT} at (0,0) size 354x18
              text run at (0,0) width 354: "This text should not have the same style as the reply text"
            RenderBR {BR} at (0,0) size 0x0
caret: position 58 of child 0 {TEXT} of child 2 {DIV} of child 11 {DIV} of child 1 {DIV} of child 1 {BODY} of child 0 {HTML} of document
