layer at (0,0) size 820x585
  RenderCanvas at (0,0) size 800x585
layer at (0,0) size 820x585
  RenderBlock {HTML} at (0,0) size 800x585
    RenderBody {BODY} at (8,64) size 784x457
      RenderBlock {DIV} at (64,0) size 748x244 [border: (50px solid #FF0000)]
        RenderInline {SPAN} at (0,0) size 540x76
          RenderText {TEXT} at (74,84) size 540x96
            text run at (74,84) width 540: "Fourscore and seven years ago our fathers brought forth"
            text run at (74,132) width 304: "onthis continent a new nation..."
        RenderText {TEXT} at (0,0) size 0x0
selection is CARET:
start:      position 58 of child 1 {TEXT} of child 2 {SPAN} of root {DIV}
upstream:   position 58 of child 1 {TEXT} of child 2 {SPAN} of root {DIV}
downstream: position 58 of child 1 {TEXT} of child 2 {SPAN} of root {DIV}
