EDITING DELEGATE: shouldBeginEditingInDOMRange:range from 0 of BODY > HTML > #document to 3 of BODY > HTML > #document
EDITING DELEGATE: webViewDidBeginEditing:WebViewDidBeginEditingNotification
EDITING DELEGATE: webViewDidChangeSelection:WebViewDidChangeSelectionNotification
EDITING DELEGATE: webViewDidChangeSelection:WebViewDidChangeSelectionNotification
EDITING DELEGATE: shouldChangeSelectedDOMRange:range from 1 of SPAN > FONT > BODY > HTML > #document to 1 of SPAN > FONT > BODY > HTML > #document toDOMRange:range from 1 of SPAN > FONT > BODY > HTML > #document to 1 of SPAN > FONT > BODY > HTML > #document affinity:NSSelectionAffinityDownstream stillSelecting:FALSE
EDITING DELEGATE: webViewDidChange:WebViewDidChangeNotification
layer at (0,0) size 800x600
  RenderCanvas at (0,0) size 800x600
layer at (0,0) size 800x600
  RenderBlock {HTML} at (0,0) size 800x600
    RenderBody {BODY} at (8,8) size 784x584
      RenderText {#text} at (0,0) size 31x18
        text run at (0,0) width 31: "hello"
      RenderInline {FONT} at (0,0) size 0x18
        RenderInline {SPAN} at (0,0) size 0x18
          RenderBR {BR} at (31,14) size 0x0
      RenderBR {BR} at (0,18) size 0x18
caret: position 0 of child 2 {BR} of child 1 {BODY} of child 0 {HTML} of document
