layer at (0,0) size 800x600
  RenderCanvas at (0,0) size 800x600
layer at (0,0) size 800x600
  RenderBlock {HTML} at (0,0) size 800x600
    RenderBody {BODY} at (8,8) size 784x584
      RenderBlock {DIV} at (0,0) size 784x112 [border: (2px solid #FF0000)]
        RenderBlock {DIV} at (14,14) size 756x84
          RenderBlock (anonymous) at (0,0) size 756x28
            RenderText {TEXT} at (0,0) size 40x28
              text run at (0,0) width 40: "One"
            RenderText {TEXT} at (40,0) size 44x28
              text run at (40,0) width 44: "Two"
          RenderBlock {DIV} at (0,28) size 756x28
            RenderText {TEXT} at (0,0) size 57x28
              text run at (0,0) width 57: "Three"
          RenderBlock {DIV} at (0,56) size 756x28
            RenderText {TEXT} at (0,0) size 45x28
              text run at (0,0) width 45: "Four"
selection is CARET:
start:      position 3 of child 1 {TEXT} of child 2 {DIV} of root {DIV}
upstream:   position 3 of child 1 {TEXT} of child 2 {DIV} of root {DIV}
downstream: position 0 of child 2 {TEXT} of child 2 {DIV} of root {DIV}
