layer at (0,0) size 800x600
  RenderCanvas at (0,0) size 800x600
layer at (0,0) size 800x600
  RenderBlock {HTML} at (0,0) size 800x600
    RenderBody {BODY} at (8,8) size 784x584
      RenderBlock {DIV} at (0,0) size 784x28
        RenderText {TEXT} at (0,0) size 15x28
          text run at (0,0) width 15: "T"
      RenderBlock (anonymous) at (0,28) size 784x28
        RenderText {TEXT} at (0,0) size 197x28
          text run at (0,0) width 197: "in the affairs of men"
        RenderText {TEXT} at (0,0) size 0x0
        RenderText {TEXT} at (0,0) size 0x0
        RenderText {TEXT} at (0,0) size 0x0
selection is CARET:
start:      position 1 of child 1 {TEXT} of child 1 {DIV} of root {BODY}
upstream:   position 1 of child 1 {TEXT} of child 1 {DIV} of root {BODY}
downstream: position 1 of child 1 {TEXT} of child 1 {DIV} of root {BODY}
