EDITING DELEGATE: webViewDidChangeSelection:WebViewDidChangeSelectionNotification
EDITING DELEGATE: webViewDidChangeSelection:WebViewDidChangeSelectionNotification
EDITING DELEGATE: webViewDidChangeSelection:WebViewDidChangeSelectionNotification
EDITING DELEGATE: webViewDidChangeSelection:WebViewDidChangeSelectionNotification
EDITING DELEGATE: webViewDidChangeSelection:WebViewDidChangeSelectionNotification
EDITING DELEGATE: webViewDidChangeSelection:WebViewDidChangeSelectionNotification
EDITING DELEGATE: shouldChangeSelectedDOMRange:range from 0 of DIV > BODY > HTML > #document to 0 of DIV > BODY > HTML > #document toDOMRange:range from 0 of DIV > BODY > HTML > #document to 0 of DIV > BODY > HTML > #document affinity:NSSelectionAffinityDownstream stillSelecting:FALSE
EDITING DELEGATE: webViewDidChange:WebViewDidChangeNotification
EDITING DELEGATE: shouldChangeSelectedDOMRange:range from 3 of #text > DIV > BODY > HTML > #document to 3 of #text > DIV > BODY > HTML > #document toDOMRange:range from 3 of #text > DIV > BODY > HTML > #document to 3 of #text > DIV > BODY > HTML > #document affinity:NSSelectionAffinityDownstream stillSelecting:FALSE
EDITING DELEGATE: webViewDidChangeSelection:WebViewDidChangeSelectionNotification
EDITING DELEGATE: webViewDidChange:WebViewDidChangeNotification
layer at (0,0) size 800x600
  RenderCanvas at (0,0) size 800x600
layer at (0,0) size 800x600
  RenderBlock {HTML} at (0,0) size 800x600
    RenderBody {BODY} at (8,8) size 784x584
      RenderBlock {DIV} at (0,0) size 784x56 [border: (2px solid #FF0000)]
        RenderText {TEXT} at (14,14) size 40x28
          text run at (14,14) width 40: "One"
        RenderText {TEXT} at (54,14) size 44x28
          text run at (54,14) width 44: "Two"
      RenderBlock (anonymous) at (0,56) size 784x0
caret: position 3 of child 0 {TEXT} of child 1 {DIV} of child 1 {BODY} of child 0 {HTML} of document
