EDITING DELEGATE: webViewDidChangeSelection:WebViewDidChangeSelectionNotification
EDITING DELEGATE: webViewDidChangeSelection:WebViewDidChangeSelectionNotification
EDITING DELEGATE: shouldChangeSelectedDOMRange:range from 0 of DIV to 0 of DIV toDOMRange:range from 2 of DIV > BODY > HTML > #document to 2 of DIV > BODY > HTML > #document affinity:NSSelectionAffinityDownstream stillSelecting:FALSE
EDITING DELEGATE: webViewDidChangeSelection:WebViewDidChangeSelectionNotification
EDITING DELEGATE: webViewDidChange:WebViewDidChangeNotification
layer at (0,0) size 800x600
  RenderCanvas at (0,0) size 800x600
layer at (0,0) size 800x600
  RenderBlock {HTML} at (0,0) size 800x600
    RenderBody {BODY} at (8,8) size 784x584
      RenderBlock {P} at (0,0) size 784x54
        RenderText {TEXT} at (0,0) size 778x54
          text run at (0,0) width 764: "This tests deletion of an empty line starting inside a <div> element, but ending outside that element (just before a <br>). If"
          text run at (0,18) width 778: "the deletion is successful, the result should have two lines, and the insertion point should be on the second line, at the end of"
          text run at (0,36) width 106: "the editable area."
      RenderBlock {DIV} at (0,70) size 784x36
        RenderBlock {DIV} at (0,0) size 784x18
          RenderText {TEXT} at (0,0) size 7x18
            text run at (0,0) width 7: "a"
        RenderBlock (anonymous) at (0,18) size 784x18
          RenderBR {BR} at (0,0) size 0x18
caret: position 0 of child 2 {BR} of child 3 {DIV} of child 1 {BODY} of child 0 {HTML} of document
