layer at (0,0) size 800x600
  RenderCanvas at (0,0) size 800x600
layer at (0,0) size 800x600
  RenderBlock {HTML} at (0,0) size 800x600
    RenderBody {BODY} at (8,8) size 784x584
      RenderBlock {DIV} at (0,0) size 784x246 [border: (2px solid #FF0000)]
        RenderInline {SPAN} at (0,0) size 204x137
          RenderText {TEXT} at (14,95) size 11x28
            text run at (14,95) width 11: "a"
          RenderImage {IMG} at (25,14) size 76x103
          RenderText {TEXT} at (101,95) size 6x28
            text run at (101,95) width 6: " "
          RenderText {TEXT} at (107,95) size 111x28
            text run at (107,95) width 111: " conceived "
          RenderBR {BR} at (0,0) size 0x0
          RenderText {TEXT} at (14,204) size 61x28
            text run at (14,204) width 61: "nation"
          RenderImage {IMG} at (75,123) size 76x103
        RenderText {TEXT} at (0,0) size 0x0
caret: position 1 of child 2 {TEXT} of child 1 {SPAN} of child 0 {DIV} of child 1 {BODY} of child 0 {HTML} of document
