EDITING DELEGATE: shouldBeginEditingInDOMRange:range from 0 of DIV > BODY > HTML > #document to 1 of DIV > BODY > HTML > #document
EDITING DELEGATE: webViewDidChangeSelection:WebViewDidChangeSelectionNotification
EDITING DELEGATE: webViewDidChangeSelection:WebViewDidChangeSelectionNotification
EDITING DELEGATE: shouldDeleteDOMRange:range from 0 of #text > LI > UL > UL > DIV > BODY > HTML > #document to 3 of #text > LI > UL > UL > DIV > BODY > HTML > #document
EDITING DELEGATE: webViewDidChangeSelection:WebViewDidChangeSelectionNotification
EDITING DELEGATE: shouldChangeSelectedDOMRange:(null) toDOMRange:range from 0 of UL > DIV > BODY > HTML > #document to 0 of UL > DIV > BODY > HTML > #document affinity:NSSelectionAffinityDownstream stillSelecting:FALSE
EDITING DELEGATE: webViewDidChangeSelection:WebViewDidChangeSelectionNotification
EDITING DELEGATE: webViewDidChange:WebViewDidChangeNotification
layer at (0,0) size 800x600
  RenderView at (0,0) size 800x600
layer at (0,0) size 800x600
  RenderBlock {HTML} at (0,0) size 800x600
    RenderBody {BODY} at (8,8) size 784x576
      RenderBlock {P} at (0,0) size 784x36
        RenderText {#text} at (0,0) size 760x36
          text run at (0,0) width 264: "This test deletes the contents of a sub-list. "
          text run at (264,0) width 296: "Since it is fully selected, it should be removed. "
          text run at (560,0) width 200: "But the list item below it should"
          text run at (0,18) width 51: "remain. "
        RenderInline {B} at (0,0) size 561x18
          RenderText {#text} at (51,18) size 561x18
            text run at (51,18) width 561: "The fact that the caret ends up in an orphaned list child might be considered a bug."
      RenderBlock {DIV} at (0,52) size 784x36
        RenderBlock {UL} at (0,0) size 784x36
          RenderBlock (anonymous) at (40,0) size 744x18
            RenderBR {BR} at (0,0) size 0x18
          RenderListItem {LI} at (40,18) size 744x18
            RenderListMarker at (-17,0) size 7x18: bullet
            RenderBR {BR} at (0,0) size 0x18
caret: position 0 of child 0 {BR} of child 0 {UL} of child 3 {DIV} of child 1 {BODY} of child 0 {HTML} of document
