layer at (0,0) size 800x3822
  RenderCanvas at (0,0) size 800x600
layer at (0,0) size 800x3822
  RenderBlock {HTML} at (0,0) size 800x3822
    RenderBody {BODY} at (8,8) size 784x3806 [bgcolor=#CCCCCC]
      RenderBlock {P} at (0,0) size 784x15 [bgcolor=#000000]
        RenderText {TEXT} at (0,0) size 336x15
          text run at (0,0) width 336: "The style declarations which apply to the text below are:"
      RenderBlock {PRE} at (0,27) size 784x168 [bgcolor=#000000]
        RenderText {TEXT} at (0,0) size 399x168
          text run at (0,0) width 133: "BODY {font-size: 12"
          text run at (133,0) width 28: "px;}"
          text run at (0,14) width 224: ".one {font: italic small-caps 13"
          text run at (224,14) width 98: "pt Helvetica;}"
          text run at (0,28) width 203: ".two {font: 150%/150% serif;}"
          text run at (0,42) width 252: ".three {font: 150%/150% sans-serif;}"
          text run at (0,56) width 231: ".four {font: small/200% cursive;}"
          text run at (0,70) width 399: ".five {font: italic small-caps 900 150%/150% sans-serif;}"
          text run at (0,84) width 392: ".six {font: italic small-caps 100 150%/300% sans-serif;}"
          text run at (0,98) width 294: ".seven {font: italic small-caps 900 150%/2"
          text run at (294,98) width 98: "em monospace;}"
          text run at (0,112) width 294: ".eight {font: italic small-caps 500 150%/1"
          text run at (294,112) width 105: "in sans-serif;}"
          text run at (0,126) width 238: ".nine {font: oblique normal 700 18"
          text run at (238,126) width 140: "px/200% sans-serif;}"
          text run at (0,140) width 301: ".ten {font: normal 400 80%/2.5 sans-serif;}"
          text run at (0,154) width 266: "SPAN.color {background-color: silver;}"
      RenderBlock {HR} at (1,207) size 782x2 [bgcolor=#000000]
      RenderBlock {P} at (0,221) size 784x30 [bgcolor=#000000]
        RenderText {TEXT} at (0,0) size 771x30
          text run at (0,0) width 365: "This element is unstyled, and should inherit a font-size of 12"
          text run at (365,0) width 166: "px from the BODY element. "
          text run at (531,0) width 240: "This is the \"base font size\" referred to in"
          text run at (0,15) width 113: "the following tests."
      RenderBlock {P} at (0,268) size 784x20 [bgcolor=#000000]
        RenderText {TEXT} at (0,0) size 487x20
          text run at (0,0) width 188: "This element should be 13"
          text run at (188,0) width 299: "pt. Helvetica which is in small-cap italics."
      RenderBlock {P} at (0,306) size 784x81 [bgcolor=#000000]
        RenderText {TEXT} at (0,3) size 773x81
          text run at (0,3) width 282: "This element should be in a serif font. "
          text run at (282,3) width 480: "Its font-size should be 150% the base font size, and its line-height"
          text run at (0,30) width 220: "should 150% of that value (18"
          text run at (220,30) width 72: "px and 27"
          text run at (292,30) width 131: "px, respectively). "
          text run at (423,30) width 350: "Extra text is included for the purposes of testing"
          text run at (0,57) width 155: "this more effectively."
      RenderBlock {P} at (0,405) size 784x81 [bgcolor=#000000]
        RenderText {TEXT} at (0,2) size 775x81
          text run at (0,2) width 395: "This element should be in a sans-serif font. "
          text run at (395,2) width 379: "Its font-size should be 150% the base font"
          text run at (0,29) width 483: "size, and its line-height should 150% of that value (18"
          text run at (483,29) width 91: "px and 27"
          text run at (574,29) width 156: "px, respectively). "
          text run at (730,29) width 45: "Extra"
          text run at (0,56) width 573: "text is included for the purposes of testing this more effectively."
      RenderBlock {P} at (0,504) size 784x48 [bgcolor=#000000]
        RenderText {TEXT} at (0,4) size 604x24
          text run at (0,4) width 462: "This element should be in a cursive font, 'small' in size, with a line-height 200% the height of the text's actual size. "
          text run at (462,4) width 142: "For example, if the font-size value "
        RenderInline {CODE} at (0,0) size 35x14
          RenderText {TEXT} at (604,4) size 35x24
            text run at (604,4) width 35: "small"
        RenderText {TEXT} at (639,4) size 760x48
          text run at (639,4) width 76: " is calculated at 10"
          text run at (715,4) width 45: "px, then the"
          text run at (0,28) width 95: "line-height should be 20"
          text run at (95,28) width 16: "px. "
          text run at (111,28) width 209: "The actual value of the font-size is UA-dependent. "
          text run at (320,28) width 277: "Extra text is included for the purposes of testing this more effectively."
      RenderBlock {P} at (0,570) size 784x81 [bgcolor=#000000]
        RenderText {TEXT} at (0,2) size 770x81
          text run at (0,2) width 697: "This element should be in a sans-serif font, italicized and small caps, with a weight of 900. "
          text run at (697,2) width 21: "Its"
          text run at (0,29) width 722: "font-size should be 150% the base font size, and its line-height should be 150% of that value (18"
          text run at (722,29) width 48: "px and"
          text run at (0,56) width 146: "27px, respectively). "
          text run at (146,56) width 558: "Extra text is included for the purposes of testing this more effectively."
      RenderBlock {P} at (0,669) size 784x162 [bgcolor=#000000]
        RenderText {TEXT} at (0,16) size 777x162
          text run at (0,16) width 684: "This element should be in a sans-serif font, italicized and small caps, with a weight of 100. "
          text run at (684,16) width 93: "Its font-size"
          text run at (0,70) width 639: "should be 150% the base font size, and its line-height should be 300% of that value (18"
          text run at (639,70) width 66: "px and 54"
          text run at (705,70) width 20: "px,"
          text run at (0,124) width 106: "respectively). "
          text run at (106,124) width 555: "Extra text is included for the purposes of testing this more effectively."
      RenderBlock {P} at (0,849) size 784x144 [bgcolor=#000000]
        RenderText {TEXT} at (0,7) size 779x144
          text run at (0,7) width 744: "This element should be in a monospace font, italicized and small caps, with a weight of"
          text run at (0,43) width 43: "900. "
          text run at (43,43) width 685: "Its font-size should be 150% the base font size, and its line-height should be 2"
          text run at (728,43) width 51: "em, or"
          text run at (0,79) width 279: "twice the element's font size (18"
          text run at (279,79) width 78: "px and 36"
          text run at (357,79) width 158: "px, respectively). "
          text run at (515,79) width 258: "Extra text is included for the"
          text run at (0,115) width 351: "purposes of testing this more effectively."
      RenderBlock {P} at (0,1011) size 784x288 [bgcolor=#000000]
        RenderText {TEXT} at (0,37) size 777x288
          text run at (0,37) width 684: "This element should be in a sans-serif font, italicized and small caps, with a weight of 500. "
          text run at (684,37) width 93: "Its font-size"
          text run at (0,133) width 297: "should be 150% the base font size, or 18"
          text run at (297,133) width 251: "px, and its line-height should be 1"
          text run at (548,133) width 22: "in. "
          text run at (570,133) width 200: "Extra text is included for"
          text run at (0,229) width 350: "the purposes of testing this more effectively."
      RenderBlock {P} at (0,1317) size 784x108 [bgcolor=#000000]
        RenderText {TEXT} at (0,7) size 774x108
          text run at (0,7) width 752: "This element should be in a sans-serif font, oblique and not small-caps, with a weight of"
          text run at (0,43) width 40: "700. "
          text run at (40,43) width 550: "Its font-size should be 18 pixels, and its line-height should be 36"
          text run at (590,43) width 115: "px (200% this"
          text run at (0,79) width 176: "element's font size). "
          text run at (176,79) width 598: "Extra text is included for the purposes of testing this more effectively."
      RenderBlock {P} at (0,1443) size 784x50 [bgcolor=#000000]
        RenderText {TEXT} at (0,6) size 778x50
          text run at (0,6) width 327: "This element should be in a sans-serif font, with a weight of 400. "
          text run at (327,6) width 163: "Its font-size should be 80% of 12"
          text run at (490,6) width 51: "px, or 9.6"
          text run at (541,6) width 237: "px, and its line-height shoud be 2.5 times that,"
          text run at (0,31) width 27: "or 24"
          text run at (27,31) width 20: "px. "
          text run at (47,31) width 345: "Extra text is included for the purposes of testing this more effectively."
      RenderBlock {P} at (0,1511) size 784x216 [bgcolor=#000000]
        RenderInline {SPAN} at (0,0) size 777x183 [bgcolor=#C0C0C0]
          RenderText {TEXT} at (0,16) size 777x216
            text run at (0,16) width 684: "This element should be in a sans-serif font, italicized and small caps, with a weight of 100. "
            text run at (684,16) width 93: "Its font-size"
            text run at (0,70) width 639: "should be 150% the base font size, and its line-height should be 300% of that value (18"
            text run at (639,70) width 66: "px and 54"
            text run at (705,70) width 20: "px,"
            text run at (0,124) width 746: "respectively). The text should have a silver background. The background color has been set on an"
            text run at (0,178) width 631: "inline element and should therefore only cover the text, not the interline spacing."
        RenderText {TEXT} at (0,0) size 0x0
      RenderTable {TABLE} at (0,1745) size 784x2061 [bgcolor=#000000]
        RenderTableSection {TBODY} at (1,1) size 0x2059
          RenderTableRow {TR} at (0,0) size 0x0
            RenderTableCell {TD} at (0,0) size 782x25 [bgcolor=#C0C0C0] [r=0 c=0 rs=1 cs=2]
              RenderInline {STRONG} at (0,0) size 164x17 [bgcolor=#000000]
                RenderText {TEXT} at (4,4) size 164x17
                  text run at (4,4) width 164: "TABLE Testing Section"
          RenderTableRow {TR} at (0,0) size 0x0
            RenderTableCell {TD} at (0,1029) size 12x25 [bgcolor=#C0C0C0] [r=1 c=0 rs=1 cs=1]
              RenderText {TEXT} at (4,4) size 4x17
                text run at (4,4) width 4: " "
            RenderTableCell {TD} at (12,25) size 770x2034 [r=1 c=1 rs=1 cs=1]
              RenderBlock {P} at (4,4) size 762x34
                RenderText {TEXT} at (0,0) size 755x34
                  text run at (0,0) width 419: "This element is unstyled, and should inherit a font-size of 12"
                  text run at (419,0) width 192: "px from the BODY element. "
                  text run at (611,0) width 144: "This is the \"base font"
                  text run at (0,17) width 262: "size\" referred to in the following tests."
              RenderBlock {P} at (4,55) size 762x20
                RenderText {TEXT} at (0,0) size 487x20
                  text run at (0,0) width 188: "This element should be 13"
                  text run at (188,0) width 299: "pt. Helvetica which is in small-cap italics."
              RenderBlock {P} at (4,96) size 762x93
                RenderText {TEXT} at (0,3) size 759x93
                  text run at (0,3) width 325: "This element should be in a serif font. "
                  text run at (325,3) width 434: "Its font-size should be 150% the base font size, and"
                  text run at (0,34) width 381: "its line-height should 150% of that value (18"
                  text run at (381,34) width 85: "px and 27"
                  text run at (466,34) width 151: "px, respectively). "
                  text run at (617,34) width 102: "Extra text is"
                  text run at (0,65) width 485: "included for the purposes of testing this more effectively."
              RenderBlock {P} at (4,210) size 762x124
                RenderText {TEXT} at (0,3) size 760x124
                  text run at (0,3) width 460: "This element should be in a sans-serif font. "
                  text run at (460,3) width 296: "Its font-size should be 150%"
                  text run at (0,34) width 705: "the base font size, and its line-height should 150% of that value (18"
                  text run at (705,34) width 27: "px"
                  text run at (0,65) width 72: "and 27"
                  text run at (72,65) width 183: "px, respectively). "
                  text run at (255,65) width 505: "Extra text is included for the purposes of testing"
                  text run at (0,96) width 216: "this more effectively."
              RenderBlock {P} at (4,355) size 762x48
                RenderText {TEXT} at (0,4) size 604x24
                  text run at (0,4) width 462: "This element should be in a cursive font, 'small' in size, with a line-height 200% the height of the text's actual size. "
                  text run at (462,4) width 142: "For example, if the font-size value "
                RenderInline {CODE} at (0,0) size 35x14
                  RenderText {TEXT} at (604,4) size 35x24
                    text run at (604,4) width 35: "small"
                RenderText {TEXT} at (639,4) size 760x48
                  text run at (639,4) width 76: " is calculated at 10"
                  text run at (715,4) width 45: "px, then the"
                  text run at (0,28) width 95: "line-height should be 20"
                  text run at (95,28) width 16: "px. "
                  text run at (111,28) width 209: "The actual value of the font-size is UA-dependent. "
                  text run at (320,28) width 277: "Extra text is included for the purposes of testing this more effectively."
              RenderBlock {P} at (4,424) size 762x124
                RenderText {TEXT} at (0,3) size 758x124
                  text run at (0,3) width 758: "This element should be in a sans-serif font, italicized and small caps, with a weight"
                  text run at (0,34) width 60: "of 900. "
                  text run at (60,34) width 686: "Its font-size should be 150% the base font size, and its line-height should be"
                  text run at (0,65) width 193: "150% of that value (18"
                  text run at (193,65) width 81: "px and 27"
                  text run at (274,65) width 159: "px, respectively). "
                  text run at (433,65) width 276: "Extra text is included for the"
                  text run at (0,96) width 380: "purposes of testing this more effectively."
              RenderBlock {P} at (4,569) size 762x252
                RenderText {TEXT} at (0,19) size 745x252
                  text run at (0,19) width 745: "This element should be in a sans-serif font, italicized and small caps, with a weight"
                  text run at (0,82) width 60: "of 100. "
                  text run at (60,82) width 678: "Its font-size should be 150% the base font size, and its line-height should be"
                  text run at (0,145) width 190: "300% of that value (18"
                  text run at (190,145) width 80: "px and 54"
                  text run at (270,145) width 158: "px, respectively). "
                  text run at (428,145) width 274: "Extra text is included for the"
                  text run at (0,208) width 379: "purposes of testing this more effectively."
              RenderBlock {P} at (4,842) size 762x210
                RenderText {TEXT} at (0,8) size 749x210
                  text run at (0,8) width 749: "This element should be in a monospace font, italicized and small caps, with a"
                  text run at (0,50) width 147: "weight of 900. "
                  text run at (147,50) width 548: "Its font-size should be 150% the base font size, and its"
                  text run at (0,92) width 219: "line-height should be 2"
                  text run at (219,92) width 388: "em, or twice the element's font size (18"
                  text run at (607,92) width 89: "px and 36"
                  text run at (696,92) width 27: "px,"
                  text run at (0,134) width 139: "respectively). "
                  text run at (139,134) width 584: "Extra text is included for the purposes of testing this more"
                  text run at (0,176) width 108: "effectively."
              RenderBlock {P} at (4,1073) size 762x384
                RenderText {TEXT} at (0,35) size 745x384
                  text run at (0,35) width 745: "This element should be in a sans-serif font, italicized and small caps, with a weight"
                  text run at (0,131) width 60: "of 500. "
                  text run at (60,131) width 467: "Its font-size should be 150% the base font size, or 18"
                  text run at (527,131) width 191: "px, and its line-height"
                  text run at (0,227) width 102: "should be 1"
                  text run at (102,227) width 25: "in. "
                  text run at (127,227) width 549: "Extra text is included for the purposes of testing this more"
                  text run at (0,323) width 104: "effectively."
              RenderBlock {P} at (4,1478) size 762x144
                RenderText {TEXT} at (0,7) size 752x144
                  text run at (0,7) width 752: "This element should be in a sans-serif font, oblique and not small-caps, with a weight of"
                  text run at (0,43) width 40: "700. "
                  text run at (40,43) width 550: "Its font-size should be 18 pixels, and its line-height should be 36"
                  text run at (590,43) width 115: "px (200% this"
                  text run at (0,79) width 176: "element's font size). "
                  text run at (176,79) width 500: "Extra text is included for the purposes of testing this more"
                  text run at (0,115) width 93: "effectively."
              RenderBlock {P} at (4,1640) size 762x54
                RenderText {TEXT} at (0,6) size 762x54
                  text run at (0,6) width 356: "This element should be in a sans-serif font, with a weight of 400. "
                  text run at (356,6) width 179: "Its font-size should be 80% of 12"
                  text run at (535,6) width 54: "px, or 9.6"
                  text run at (589,6) width 173: "px, and its line-height shoud be"
                  text run at (0,33) width 112: "2.5 times that, or 24"
                  text run at (112,33) width 21: "px. "
                  text run at (133,33) width 377: "Extra text is included for the purposes of testing this more effectively."
              RenderBlock {P} at (4,1715) size 762x315
                RenderInline {SPAN} at (0,0) size 745x276 [bgcolor=#C0C0C0]
                  RenderText {TEXT} at (0,19) size 745x315
                    text run at (0,19) width 745: "This element should be in a sans-serif font, italicized and small caps, with a weight"
                    text run at (0,82) width 60: "of 100. "
                    text run at (60,82) width 678: "Its font-size should be 150% the base font size, and its line-height should be"
                    text run at (0,145) width 190: "300% of that value (18"
                    text run at (190,145) width 80: "px and 54"
                    text run at (270,145) width 426: "px, respectively). The text should have a silver"
                    text run at (0,208) width 732: "background. The background color has been set on an inline element and should"
                    text run at (0,271) width 515: "therefore only cover the text, not the interline spacing."
                RenderText {TEXT} at (0,0) size 0x0
