layer at (0,0) size 800x1208
  RenderCanvas at (0,0) size 800x600
layer at (0,0) size 800x1208
  RenderBlock {HTML} at (0,0) size 800x1208
    RenderBody {BODY} at (8,8) size 784x1192 [bgcolor=#CCCCCC]
      RenderBlock {P} at (0,0) size 784x17 [bgcolor=#000000]
        RenderText {TEXT} at (0,0) size 385x17
          text run at (0,0) width 385: "The style declarations which apply to the text below are:"
      RenderBlock {PRE} at (0,31) size 784x144 [bgcolor=#000000]
        RenderText {TEXT} at (0,0) size 312x144
          text run at (0,0) width 216: "DIV.a {font-family: serif;}"
          text run at (0,16) width 248: "DIV.b {font-family: monospace;}"
          text run at (0,32) width 208: ".one {font-family: serif;}"
          text run at (0,48) width 248: ".two {font-family: sans-serif;}"
          text run at (0,64) width 240: ".three {font-family: cursive;}"
          text run at (0,80) width 232: ".four {font-family: fantasy;}"
          text run at (0,96) width 248: ".five {font-family: monospace;}"
          text run at (0,112) width 312: ".six {font-family: sans-serif,cursive;}"
          text run at (0,128) width 304: ".seven {font-family: monospace,serif;}"
      RenderBlock {HR} at (1,189) size 782x2 [bgcolor=#000000]
      RenderBlock {DIV} at (0,205) size 784x173 [bgcolor=#000000]
        RenderBlock {P} at (0,0) size 784x16
          RenderText {TEXT} at (0,0) size 581x16
            text run at (0,0) width 581: "This sentence is normal for the first division, which is the next five sentences; it should be a serif font."
        RenderBlock {P} at (0,30) size 784x16
          RenderText {TEXT} at (0,0) size 219x16
            text run at (0,0) width 219: "This sentence should be in a serif font."
        RenderBlock {P} at (0,60) size 784x17
          RenderText {TEXT} at (0,0) size 304x17
            text run at (0,0) width 304: "This sentence should be in a sans-serif font."
        RenderBlock {P} at (0,91) size 784x17
          RenderText {TEXT} at (0,0) size 183x17
            text run at (0,0) width 183: "This sentence should be in a cursive font."
        RenderBlock {P} at (0,122) size 784x21
          RenderText {TEXT} at (0,0) size 262x21
            text run at (0,0) width 262: "This sentence should be in a fantasy font."
        RenderBlock {P} at (0,157) size 784x16
          RenderText {TEXT} at (0,0) size 352x16
            text run at (0,0) width 352: "This sentence should be in a monospace font."
      RenderBlock {HR} at (1,392) size 782x2 [bgcolor=#000000]
      RenderBlock {P} at (0,408) size 784x17 [bgcolor=#000000]
        RenderText {TEXT} at (0,0) size 388x17
          text run at (0,0) width 388: "This sentence should be in a sans-serif font, not cursive."
      RenderBlock {P} at (0,439) size 784x16 [bgcolor=#000000]
        RenderText {TEXT} at (0,0) size 440x16
          text run at (0,0) width 440: "This sentence should be in a monospace font, not serif."
      RenderBlock {HR} at (1,469) size 782x2 [bgcolor=#000000]
      RenderBlock {DIV} at (0,485) size 784x189 [bgcolor=#000000]
        RenderBlock {P} at (0,0) size 784x32
          RenderText {TEXT} at (0,0) size 768x32
            text run at (0,0) width 768: "This sentence is normal for the first division, which is the next five sentences; it should be a"
            text run at (0,16) width 120: "monospace font."
        RenderBlock {P} at (0,46) size 784x16
          RenderText {TEXT} at (0,0) size 219x16
            text run at (0,0) width 219: "This sentence should be in a serif font."
        RenderBlock {P} at (0,76) size 784x17
          RenderText {TEXT} at (0,0) size 304x17
            text run at (0,0) width 304: "This sentence should be in a sans-serif font."
        RenderBlock {P} at (0,107) size 784x17
          RenderText {TEXT} at (0,0) size 183x17
            text run at (0,0) width 183: "This sentence should be in a cursive font."
        RenderBlock {P} at (0,138) size 784x21
          RenderText {TEXT} at (0,0) size 262x21
            text run at (0,0) width 262: "This sentence should be in a fantasy font."
        RenderBlock {P} at (0,173) size 784x16
          RenderText {TEXT} at (0,0) size 352x16
            text run at (0,0) width 352: "This sentence should be in a monospace font."
      RenderTable {TABLE} at (0,688) size 784x504 [bgcolor=#000000]
        RenderTableSection {TBODY} at (1,1) size 0x502
          RenderTableRow {TR} at (0,0) size 0x0
            RenderTableCell {TD} at (0,0) size 782x25 [bgcolor=#C0C0C0] [r=0 c=0 rs=1 cs=2]
              RenderInline {STRONG} at (0,0) size 164x17 [bgcolor=#000000]
                RenderText {TEXT} at (4,4) size 164x17
                  text run at (4,4) width 164: "TABLE Testing Section"
          RenderTableRow {TR} at (0,0) size 0x0
            RenderTableCell {TD} at (0,251) size 12x25 [bgcolor=#C0C0C0] [r=1 c=0 rs=1 cs=1]
              RenderText {TEXT} at (4,4) size 4x17
                text run at (4,4) width 4: "\x{A0}"
            RenderTableCell {TD} at (12,25) size 770x477 [r=1 c=1 rs=1 cs=1]
              RenderBlock {DIV} at (4,4) size 762x173
                RenderBlock {P} at (0,0) size 762x16
                  RenderText {TEXT} at (0,0) size 581x16
                    text run at (0,0) width 581: "This sentence is normal for the first division, which is the next five sentences; it should be a serif font."
                RenderBlock {P} at (0,30) size 762x16
                  RenderText {TEXT} at (0,0) size 219x16
                    text run at (0,0) width 219: "This sentence should be in a serif font."
                RenderBlock {P} at (0,60) size 762x17
                  RenderText {TEXT} at (0,0) size 304x17
                    text run at (0,0) width 304: "This sentence should be in a sans-serif font."
                RenderBlock {P} at (0,91) size 762x17
                  RenderText {TEXT} at (0,0) size 183x17
                    text run at (0,0) width 183: "This sentence should be in a cursive font."
                RenderBlock {P} at (0,122) size 762x21
                  RenderText {TEXT} at (0,0) size 262x21
                    text run at (0,0) width 262: "This sentence should be in a fantasy font."
                RenderBlock {P} at (0,157) size 762x16
                  RenderText {TEXT} at (0,0) size 352x16
                    text run at (0,0) width 352: "This sentence should be in a monospace font."
              RenderBlock {HR} at (5,191) size 760x2
              RenderBlock {P} at (4,207) size 762x17
                RenderText {TEXT} at (0,0) size 388x17
                  text run at (0,0) width 388: "This sentence should be in a sans-serif font, not cursive."
              RenderBlock {P} at (4,238) size 762x16
                RenderText {TEXT} at (0,0) size 440x16
                  text run at (0,0) width 440: "This sentence should be in a monospace font, not serif."
              RenderBlock {HR} at (5,268) size 760x2
              RenderBlock {DIV} at (4,284) size 762x189
                RenderBlock {P} at (0,0) size 762x32
                  RenderText {TEXT} at (0,0) size 752x32
                    text run at (0,0) width 752: "This sentence is normal for the first division, which is the next five sentences; it should be"
                    text run at (0,16) width 136: "a monospace font."
                RenderBlock {P} at (0,46) size 762x16
                  RenderText {TEXT} at (0,0) size 219x16
                    text run at (0,0) width 219: "This sentence should be in a serif font."
                RenderBlock {P} at (0,76) size 762x17
                  RenderText {TEXT} at (0,0) size 304x17
                    text run at (0,0) width 304: "This sentence should be in a sans-serif font."
                RenderBlock {P} at (0,107) size 762x17
                  RenderText {TEXT} at (0,0) size 183x17
                    text run at (0,0) width 183: "This sentence should be in a cursive font."
                RenderBlock {P} at (0,138) size 762x21
                  RenderText {TEXT} at (0,0) size 262x21
                    text run at (0,0) width 262: "This sentence should be in a fantasy font."
                RenderBlock {P} at (0,173) size 762x16
                  RenderText {TEXT} at (0,0) size 352x16
                    text run at (0,0) width 352: "This sentence should be in a monospace font."
