layer at (0,0) size 800x2734
  RenderCanvas at (0,0) size 800x600
layer at (0,0) size 800x2734
  RenderBlock {HTML} at (0,0) size 800x2734
    RenderBody {BODY} at (8,8) size 784x2718 [bgcolor=#CCCCCC]
      RenderBlock {P} at (0,0) size 784x18 [bgcolor=#000000]
        RenderText {TEXT} at (0,0) size 355x18
          text run at (0,0) width 355: "The style declarations which apply to the text below are:"
      RenderBlock {PRE} at (0,34) size 784x300 [bgcolor=#000000]
        RenderText {TEXT} at (0,0) size 224x285
          text run at (0,0) width 200: ".one {font-size: medium;}"
          text run at (0,15) width 200: ".two {font-size: larger;}"
          text run at (0,30) width 224: ".three {font-size: smaller;}"
          text run at (0,45) width 224: ".four {font-size: xx-small;}"
          text run at (0,60) width 216: ".five {font-size: x-small;}"
          text run at (0,75) width 192: ".six {font-size: small;}"
          text run at (0,90) width 208: ".seven {font-size: large;}"
          text run at (0,105) width 224: ".eight {font-size: x-large;}"
          text run at (0,120) width 224: ".nine {font-size: xx-large;}"
          text run at (0,135) width 144: ".a {font-size: 0.5"
          text run at (144,135) width 32: "in;}"
          text run at (0,150) width 128: ".b {font-size: 1"
          text run at (128,150) width 32: "cm;}"
          text run at (0,165) width 136: ".c {font-size: 10"
          text run at (136,165) width 32: "mm;}"
          text run at (0,180) width 136: ".d {font-size: 18"
          text run at (136,180) width 32: "pt;}"
          text run at (0,195) width 144: ".e {font-size: 1.5"
          text run at (144,195) width 32: "pc;}"
          text run at (0,210) width 128: ".f {font-size: 2"
          text run at (128,210) width 32: "em;}"
          text run at (0,225) width 128: ".g {font-size: 3"
          text run at (128,225) width 32: "ex;}"
          text run at (0,240) width 136: ".h {font-size: 25"
          text run at (136,240) width 32: "px;}"
          text run at (0,255) width 168: ".i {font-size: 200%;}"
          text run at (0,270) width 152: ".j {font-size: -0.5"
          text run at (152,270) width 32: "in;}"
      RenderBlock {HR} at (0,347) size 784x2 [bgcolor=#000000] [border: (1px inset #000000)]
      RenderBlock {P} at (0,365) size 784x18 [bgcolor=#000000]
        RenderText {TEXT} at (0,0) size 688x18
          text run at (0,0) width 688: "This paragraph element is unstyled, so the size of the font in this element is the default size for this user agent."
      RenderBlock {P} at (0,399) size 784x18 [bgcolor=#000000]
        RenderText {TEXT} at (0,0) size 186x18
          text run at (0,0) width 186: "This sentence has been set to "
        RenderInline {CODE} at (0,0) size 48x15
          RenderText {TEXT} at (186,2) size 48x15
            text run at (186,2) width 48: "medium"
        RenderText {TEXT} at (234,0) size 361x18
          text run at (234,0) width 361: ", which may or may not be the same size as unstyled text."
      RenderBlock {P} at (0,436) size 784x22 [bgcolor=#000000]
        RenderText {TEXT} at (0,0) size 377x22
          text run at (0,0) width 377: "This sentence should be larger than unstyled text."
      RenderBlock {P} at (0,477) size 784x15 [bgcolor=#000000]
        RenderText {TEXT} at (0,0) size 276x15
          text run at (0,0) width 276: "This sentence should be smaller than unstyled text."
      RenderBlock {P} at (0,505) size 784x18 [bgcolor=#000000]
        RenderText {TEXT} at (0,6) size 303x10
          text run at (0,6) width 303: "This sentence should be very small, but the last word in the sentence should be "
        RenderInline {SPAN} at (0,0) size 51x18
          RenderText {TEXT} at (303,0) size 51x18
            text run at (303,0) width 51: "medium"
        RenderText {TEXT} at (354,6) size 2x10
          text run at (354,6) width 2: "."
      RenderBlock {P} at (0,534) size 784x18 [bgcolor=#000000]
        RenderText {TEXT} at (0,4) size 372x13
          text run at (0,4) width 372: "This sentence should be rather small, but the last word in the sentence should be "
        RenderInline {SPAN} at (0,0) size 51x18
          RenderText {TEXT} at (372,0) size 51x18
            text run at (372,0) width 51: "medium"
        RenderText {TEXT} at (423,4) size 3x13
          text run at (423,4) width 3: "."
      RenderBlock {P} at (0,565) size 784x18 [bgcolor=#000000]
        RenderText {TEXT} at (0,2) size 401x15
          text run at (0,2) width 401: "This sentence should be small, but the last word in the sentence should be "
        RenderInline {SPAN} at (0,0) size 51x18
          RenderText {TEXT} at (401,0) size 51x18
            text run at (401,0) width 51: "medium"
        RenderText {TEXT} at (452,2) size 3x15
          text run at (452,2) width 3: "."
      RenderBlock {P} at (0,602) size 784x22 [bgcolor=#000000]
        RenderText {TEXT} at (0,0) size 565x22
          text run at (0,0) width 565: "This sentence should be large, but the last word in the sentence should be "
        RenderInline {SPAN} at (0,0) size 51x18
          RenderText {TEXT} at (565,3) size 51x18
            text run at (565,3) width 51: "medium"
        RenderText {TEXT} at (616,0) size 5x22
          text run at (616,0) width 5: "."
      RenderBlock {P} at (0,647) size 784x52 [bgcolor=#000000]
        RenderText {TEXT} at (0,0) size 743x26
          text run at (0,0) width 743: "This sentence should be rather large, but the last word in the sentence should be"
        RenderInline {SPAN} at (0,0) size 51x18
          RenderText {TEXT} at (0,32) size 51x18
            text run at (0,32) width 51: "medium"
        RenderText {TEXT} at (51,26) size 6x26
          text run at (51,26) width 6: "."
      RenderBlock {P} at (0,727) size 784x64 [bgcolor=#000000]
        RenderText {TEXT} at (0,0) size 758x64
          text run at (0,0) width 758: "This sentence should be very large, but the last word in the sentence"
          text run at (0,32) width 115: "should be "
        RenderInline {SPAN} at (0,0) size 51x18
          RenderText {TEXT} at (115,43) size 51x18
            text run at (115,43) width 51: "medium"
        RenderText {TEXT} at (166,32) size 7x32
          text run at (166,32) width 7: "."
      RenderBlock {P} at (0,839) size 784x55 [bgcolor=#000000]
        RenderText {TEXT} at (0,0) size 779x55
          text run at (0,0) width 779: "This sentence should be half an inch tall."
      RenderBlock {P} at (0,942) size 784x45 [bgcolor=#000000]
        RenderText {TEXT} at (0,0) size 676x45
          text run at (0,0) width 676: "This sentence should be one centimeter tall."
      RenderBlock {P} at (0,1024) size 784x45 [bgcolor=#000000]
        RenderText {TEXT} at (0,0) size 682x45
          text run at (0,0) width 682: "This sentence should be ten millimeters tall."
      RenderBlock {P} at (0,1106) size 784x28 [bgcolor=#000000]
        RenderText {TEXT} at (0,0) size 430x28
          text run at (0,0) width 430: "This sentence should be eighteen points tall."
      RenderBlock {P} at (0,1158) size 784x28 [bgcolor=#000000]
        RenderText {TEXT} at (0,0) size 499x28
          text run at (0,0) width 499: "This sentence should be one and one half picas tall."
      RenderBlock {P} at (0,1218) size 784x37 [bgcolor=#000000]
        RenderText {TEXT} at (0,0) size 465x37
          text run at (0,0) width 465: "This sentence should be two em tall."
      RenderBlock {P} at (0,1287) size 784x28 [bgcolor=#000000]
        RenderText {TEXT} at (0,0) size 360x28
          text run at (0,0) width 360: "This sentence should be three ex tall."
      RenderBlock {P} at (0,1340) size 784x29 [bgcolor=#000000]
        RenderText {TEXT} at (0,0) size 476x29
          text run at (0,0) width 476: "This sentence should be twenty-five pixels tall."
      RenderBlock {P} at (0,1401) size 784x37 [bgcolor=#000000]
        RenderText {TEXT} at (0,0) size 546x37
          text run at (0,0) width 546: "This sentence should be twice normal size."
      RenderBlock {P} at (0,1470) size 784x18 [bgcolor=#000000]
        RenderText {TEXT} at (0,0) size 673x18
          text run at (0,0) width 673: "This sentence should be normal size, since no negative values are allowed and therefore should be ignored."
      RenderTable {TABLE} at (0,1504) size 784x1214 [bgcolor=#000000] [border: (1px outset #808080)]
        RenderTableSection {TBODY} at (1,1) size 0x1212
          RenderTableRow {TR} at (0,0) size 0x0
            RenderTableCell {TD} at (0,0) size 782x26 [bgcolor=#C0C0C0] [border: (1px inset #808080)] [r=0 c=0 rs=1 cs=2]
              RenderInline {STRONG} at (0,0) size 163x18 [bgcolor=#000000]
                RenderText {TEXT} at (4,4) size 163x18
                  text run at (4,4) width 163: "TABLE Testing Section"
          RenderTableRow {TR} at (0,0) size 0x0
            RenderTableCell {TD} at (0,606) size 12x26 [bgcolor=#C0C0C0] [border: (1px inset #808080)] [r=1 c=0 rs=1 cs=1]
              RenderText {TEXT} at (4,4) size 4x18
                text run at (4,4) width 4: " "
            RenderTableCell {TD} at (12,26) size 770x1186 [border: (1px inset #808080)] [r=1 c=1 rs=1 cs=1]
              RenderBlock {P} at (4,4) size 762x18
                RenderText {TEXT} at (0,0) size 688x18
                  text run at (0,0) width 688: "This paragraph element is unstyled, so the size of the font in this element is the default size for this user agent."
              RenderBlock {P} at (4,38) size 762x18
                RenderText {TEXT} at (0,0) size 186x18
                  text run at (0,0) width 186: "This sentence has been set to "
                RenderInline {CODE} at (0,0) size 48x15
                  RenderText {TEXT} at (186,2) size 48x15
                    text run at (186,2) width 48: "medium"
                RenderText {TEXT} at (234,0) size 361x18
                  text run at (234,0) width 361: ", which may or may not be the same size as unstyled text."
              RenderBlock {P} at (4,75) size 762x22
                RenderText {TEXT} at (0,0) size 377x22
                  text run at (0,0) width 377: "This sentence should be larger than unstyled text."
              RenderBlock {P} at (4,116) size 762x15
                RenderText {TEXT} at (0,0) size 276x15
                  text run at (0,0) width 276: "This sentence should be smaller than unstyled text."
              RenderBlock {P} at (4,144) size 762x18
                RenderText {TEXT} at (0,6) size 303x10
                  text run at (0,6) width 303: "This sentence should be very small, but the last word in the sentence should be "
                RenderInline {SPAN} at (0,0) size 51x18
                  RenderText {TEXT} at (303,0) size 51x18
                    text run at (303,0) width 51: "medium"
                RenderText {TEXT} at (354,6) size 2x10
                  text run at (354,6) width 2: "."
              RenderBlock {P} at (4,173) size 762x18
                RenderText {TEXT} at (0,4) size 372x13
                  text run at (0,4) width 372: "This sentence should be rather small, but the last word in the sentence should be "
                RenderInline {SPAN} at (0,0) size 51x18
                  RenderText {TEXT} at (372,0) size 51x18
                    text run at (372,0) width 51: "medium"
                RenderText {TEXT} at (423,4) size 3x13
                  text run at (423,4) width 3: "."
              RenderBlock {P} at (4,204) size 762x18
                RenderText {TEXT} at (0,2) size 401x15
                  text run at (0,2) width 401: "This sentence should be small, but the last word in the sentence should be "
                RenderInline {SPAN} at (0,0) size 51x18
                  RenderText {TEXT} at (401,0) size 51x18
                    text run at (401,0) width 51: "medium"
                RenderText {TEXT} at (452,2) size 3x15
                  text run at (452,2) width 3: "."
              RenderBlock {P} at (4,241) size 762x22
                RenderText {TEXT} at (0,0) size 565x22
                  text run at (0,0) width 565: "This sentence should be large, but the last word in the sentence should be "
                RenderInline {SPAN} at (0,0) size 51x18
                  RenderText {TEXT} at (565,3) size 51x18
                    text run at (565,3) width 51: "medium"
                RenderText {TEXT} at (616,0) size 5x22
                  text run at (616,0) width 5: "."
              RenderBlock {P} at (4,286) size 762x52
                RenderText {TEXT} at (0,0) size 743x26
                  text run at (0,0) width 743: "This sentence should be rather large, but the last word in the sentence should be"
                RenderInline {SPAN} at (0,0) size 51x18
                  RenderText {TEXT} at (0,32) size 51x18
                    text run at (0,32) width 51: "medium"
                RenderText {TEXT} at (51,26) size 6x26
                  text run at (51,26) width 6: "."
              RenderBlock {P} at (4,366) size 762x64
                RenderText {TEXT} at (0,0) size 758x64
                  text run at (0,0) width 758: "This sentence should be very large, but the last word in the sentence"
                  text run at (0,32) width 115: "should be "
                RenderInline {SPAN} at (0,0) size 51x18
                  RenderText {TEXT} at (115,43) size 51x18
                    text run at (115,43) width 51: "medium"
                RenderText {TEXT} at (166,32) size 7x32
                  text run at (166,32) width 7: "."
              RenderBlock {P} at (4,478) size 762x110
                RenderText {TEXT} at (0,0) size 695x110
                  text run at (0,0) width 695: "This sentence should be half an inch"
                  text run at (0,55) width 72: "tall."
              RenderBlock {P} at (4,636) size 762x45
                RenderText {TEXT} at (0,0) size 676x45
                  text run at (0,0) width 676: "This sentence should be one centimeter tall."
              RenderBlock {P} at (4,718) size 762x45
                RenderText {TEXT} at (0,0) size 682x45
                  text run at (0,0) width 682: "This sentence should be ten millimeters tall."
              RenderBlock {P} at (4,800) size 762x28
                RenderText {TEXT} at (0,0) size 430x28
                  text run at (0,0) width 430: "This sentence should be eighteen points tall."
              RenderBlock {P} at (4,852) size 762x28
                RenderText {TEXT} at (0,0) size 499x28
                  text run at (0,0) width 499: "This sentence should be one and one half picas tall."
              RenderBlock {P} at (4,912) size 762x37
                RenderText {TEXT} at (0,0) size 465x37
                  text run at (0,0) width 465: "This sentence should be two em tall."
              RenderBlock {P} at (4,981) size 762x28
                RenderText {TEXT} at (0,0) size 360x28
                  text run at (0,0) width 360: "This sentence should be three ex tall."
              RenderBlock {P} at (4,1034) size 762x29
                RenderText {TEXT} at (0,0) size 476x29
                  text run at (0,0) width 476: "This sentence should be twenty-five pixels tall."
              RenderBlock {P} at (4,1095) size 762x37
                RenderText {TEXT} at (0,0) size 546x37
                  text run at (0,0) width 546: "This sentence should be twice normal size."
              RenderBlock {P} at (4,1164) size 762x18
                RenderText {TEXT} at (0,0) size 673x18
                  text run at (0,0) width 673: "This sentence should be normal size, since no negative values are allowed and therefore should be ignored."
