layer at (0,0) size 800x997
  RenderCanvas at (0,0) size 800x600
layer at (0,0) size 800x997
  RenderBlock {HTML} at (0,0) size 800x997
    RenderBody {BODY} at (8,8) size 784x981 [bgcolor=#CCCCCC]
      RenderBlock {P} at (0,0) size 784x17 [bgcolor=#000000]
        RenderText {TEXT} at (0,0) size 385x17
          text run at (0,0) width 385: "The style declarations which apply to the text below are:"
      RenderBlock {PRE} at (0,31) size 784x176 [bgcolor=#000000]
        RenderText {TEXT} at (0,0) size 240x160
          text run at (0,0) width 200: ".one {font-weight: bold;}"
          text run at (0,16) width 216: ".two {font-weight: bolder;}"
          text run at (0,32) width 240: ".three {font-weight: lighter;}"
          text run at (0,48) width 200: ".four {font-weight: 100;}"
          text run at (0,64) width 200: ".five {font-weight: 300;}"
          text run at (0,80) width 192: ".six {font-weight: 500;}"
          text run at (0,96) width 208: ".seven {font-weight: 700;}"
          text run at (0,112) width 208: ".eight {font-weight: 900;}"
          text run at (0,128) width 224: ".nine {font-weight: normal;}"
          text run at (0,144) width 200: "B {font-weight: lighter;}"
      RenderBlock {HR} at (1,221) size 782x2 [bgcolor=#000000]
      RenderBlock {P} at (0,237) size 784x17 [bgcolor=#000000]
        RenderText {TEXT} at (0,0) size 221x17
          text run at (0,0) width 221: "This sentence should be bold."
      RenderBlock {P} at (0,268) size 784x17 [bgcolor=#000000]
        RenderText {TEXT} at (0,0) size 330x17
          text run at (0,0) width 330: "This sentence should be bolder than normal."
      RenderBlock {H4} at (0,303) size 784x17 [bgcolor=#000000]
        RenderText {TEXT} at (0,0) size 149x17
          text run at (0,0) width 149: "This is a heading-4."
      RenderBlock {H4} at (0,338) size 784x17 [bgcolor=#000000]
        RenderText {TEXT} at (0,0) size 201x17
          text run at (0,0) width 201: "This is a bolder heading-4."
      RenderBlock {P} at (0,373) size 784x17 [bgcolor=#000000]
        RenderInline {B} at (0,0) size 384x17
          RenderText {TEXT} at (0,0) size 384x17
            text run at (0,0) width 384: "This sentence should be normal (boldface made lighter)."
        RenderText {TEXT} at (0,0) size 0x0
      RenderBlock {P} at (0,404) size 784x17 [bgcolor=#000000]
        RenderText {TEXT} at (0,0) size 251x17
          text run at (0,0) width 251: "This sentence should be weight 100."
      RenderBlock {P} at (0,435) size 784x17 [bgcolor=#000000]
        RenderText {TEXT} at (0,0) size 251x17
          text run at (0,0) width 251: "This sentence should be weight 300."
      RenderBlock {P} at (0,466) size 784x17 [bgcolor=#000000]
        RenderText {TEXT} at (0,0) size 251x17
          text run at (0,0) width 251: "This sentence should be weight 500."
      RenderBlock {P} at (0,497) size 784x17 [bgcolor=#000000]
        RenderText {TEXT} at (0,0) size 271x17
          text run at (0,0) width 271: "This sentence should be weight 700."
      RenderBlock {P} at (0,528) size 784x17 [bgcolor=#000000]
        RenderText {TEXT} at (0,0) size 271x17
          text run at (0,0) width 271: "This sentence should be weight 900."
      RenderBlock {P} at (0,559) size 784x17 [bgcolor=#000000]
        RenderText {TEXT} at (0,0) size 555x17
          text run at (0,0) width 555: "This sentence should be bold, but the last word in the sentence should be "
        RenderInline {SPAN} at (0,0) size 48x17
          RenderText {TEXT} at (555,0) size 48x17
            text run at (555,0) width 48: "normal"
        RenderText {TEXT} at (603,0) size 4x17
          text run at (603,0) width 4: "."
      RenderTable {TABLE} at (0,590) size 628x391 [bgcolor=#000000]
        RenderTableSection {TBODY} at (1,1) size 0x389
          RenderTableRow {TR} at (0,0) size 0x0
            RenderTableCell {TD} at (0,0) size 626x25 [bgcolor=#C0C0C0] [r=0 c=0 rs=1 cs=2]
              RenderInline {STRONG} at (0,0) size 164x17 [bgcolor=#000000]
                RenderText {TEXT} at (4,4) size 164x17
                  text run at (4,4) width 164: "TABLE Testing Section"
          RenderTableRow {TR} at (0,0) size 0x0
            RenderTableCell {TD} at (0,194) size 12x25 [bgcolor=#C0C0C0] [r=1 c=0 rs=1 cs=1]
              RenderText {TEXT} at (4,4) size 4x17
                text run at (4,4) width 4: "\x{A0}"
            RenderTableCell {TD} at (12,25) size 614x364 [r=1 c=1 rs=1 cs=1]
              RenderBlock {P} at (4,4) size 606x17
                RenderText {TEXT} at (0,0) size 221x17
                  text run at (0,0) width 221: "This sentence should be bold."
              RenderBlock {P} at (4,35) size 606x17
                RenderText {TEXT} at (0,0) size 330x17
                  text run at (0,0) width 330: "This sentence should be bolder than normal."
              RenderBlock {H4} at (4,70) size 606x17
                RenderText {TEXT} at (0,0) size 149x17
                  text run at (0,0) width 149: "This is a heading-4."
              RenderBlock {H4} at (4,105) size 606x17
                RenderText {TEXT} at (0,0) size 201x17
                  text run at (0,0) width 201: "This is a bolder heading-4."
              RenderBlock {P} at (4,140) size 606x17
                RenderInline {B} at (0,0) size 384x17
                  RenderText {TEXT} at (0,0) size 384x17
                    text run at (0,0) width 384: "This sentence should be normal (boldface made lighter)."
                RenderText {TEXT} at (0,0) size 0x0
              RenderBlock {P} at (4,171) size 606x17
                RenderText {TEXT} at (0,0) size 251x17
                  text run at (0,0) width 251: "This sentence should be weight 100."
              RenderBlock {P} at (4,202) size 606x17
                RenderText {TEXT} at (0,0) size 251x17
                  text run at (0,0) width 251: "This sentence should be weight 300."
              RenderBlock {P} at (4,233) size 606x17
                RenderText {TEXT} at (0,0) size 251x17
                  text run at (0,0) width 251: "This sentence should be weight 500."
              RenderBlock {P} at (4,264) size 606x17
                RenderText {TEXT} at (0,0) size 271x17
                  text run at (0,0) width 271: "This sentence should be weight 700."
              RenderBlock {P} at (4,295) size 606x17
                RenderText {TEXT} at (0,0) size 271x17
                  text run at (0,0) width 271: "This sentence should be weight 900."
              RenderBlock {P} at (4,326) size 606x34
                RenderText {TEXT} at (0,0) size 550x17
                  text run at (0,0) width 550: "This sentence should be bold, but the last word in the sentence should be"
                RenderInline {SPAN} at (0,0) size 48x17
                  RenderText {TEXT} at (0,17) size 48x17
                    text run at (0,17) width 48: "normal"
                RenderText {TEXT} at (48,17) size 4x17
                  text run at (48,17) width 4: "."
