layer at (0,0) size 800x600
  RenderView at (0,0) size 800x600
layer at (0,0) size 800x600
  RenderBlock {HTML} at (0,0) size 800x600
    RenderBody {BODY} at (8,8) size 784x584
      RenderText {#text} at (0,0) size 466x19
        text run at (0,0) width 466: "This HTML links to an external stylesheet from a different security origin."
      RenderBR {BR} at (466,15) size 0x0
      RenderText {#text} at (0,19) size 325x19
        text run at (0,19) width 325: "Making a webarchive of this page should not crash."
