EDITING DELEGATE: shouldBeginEditingInDOMRange:range from 0 of DIV > BODY > HTML > #document to 1 of DIV > BODY > HTML > #document
EDITING DELEGATE: webViewDidBeginEditing:WebViewDidBeginEditingNotification
EDITING DELEGATE: webViewDidChangeSelection:WebViewDidChangeSelectionNotification
EDITING DELEGATE: webViewDidChangeSelection:WebViewDidChangeSelectionNotification
EDITING DELEGATE: webViewDidChangeSelection:WebViewDidChangeSelectionNotification
EDITING DELEGATE: webViewDidChangeSelection:WebViewDidChangeSelectionNotification
EDITING DELEGATE: shouldDeleteDOMRange:range from 0 of #text > PRE > DIV > BODY > HTML > #document to 3 of #text > PRE > DIV > BODY > HTML > #document
EDITING DELEGATE: webViewDidChangeSelection:WebViewDidChangeSelectionNotification
EDITING DELEGATE: webViewDidChangeSelection:WebViewDidChangeSelectionNotification
EDITING DELEGATE: webViewDidChange:WebViewDidChangeNotification
layer at (0,0) size 800x600
  RenderView at (0,0) size 800x600
layer at (0,0) size 800x600
  RenderBlock {HTML} at (0,0) size 800x600
    RenderBody {BODY} at (8,8) size 784x579
      RenderBlock {P} at (0,0) size 784x44
        RenderText {#text} at (0,0) size 773x44
          text run at (0,0) width 695: "This tests for a bug where deleting a paragraph in preserveNewline text would introduce an extra line. "
          text run at (695,0) width 78: "You should"
          text run at (0,22) width 117: "see '\\nbar' below."
      RenderBlock {DIV} at (0,60) size 784x34
        RenderBlock {PRE} at (0,0) size 784x34
          RenderText {#text} at (0,0) size 22x34
            text run at (0,0) width 0: " "
            text run at (0,17) width 22: "bar"
caret: position 0 of child 0 {#text} of child 0 {PRE} of child 2 {DIV} of body
