layer at (0,0) size 800x600
  RenderView at (0,0) size 800x600
layer at (0,0) size 800x600
  RenderBlock {HTML} at (0,0) size 800x600
    RenderBody {BODY} at (8,8) size 784x576
      RenderBlock (anonymous) at (0,0) size 784x36
        RenderText {#text} at (0,0) size 760x36
          text run at (0,0) width 468: "The following tests text iteration over RTL text embedded with LTR text. "
          text run at (468,0) width 292: "TextIterators are used for find, spellcheck, and"
          text run at (0,18) width 65: ".innerText"
      RenderBlock {HR} at (0,44) size 784x2 [border: (1px inset #000000)]
      RenderBlock (anonymous) at (0,54) size 784x18
        RenderText {#text} at (0,0) size 134x18
          text run at (0,0) width 134: "Embedded Numbers:"
      RenderBlock {DIV} at (0,72) size 784x18 [color=#0000FF]
        RenderText {#text} at (0,0) size 121x18
          text run at (0,0) width 56: "Testing ("
          text run at (56,0) width 17 RTL: "\x{5DF}\x{5DE}"
          text run at (73,0) width 8: "3"
          text run at (81,0) width 35 RTL: "\x{5D7}\x{5D5}\x{5D3}\x{5D0}"
          text run at (116,0) width 5: ")"
      RenderBlock (anonymous) at (0,90) size 784x18
        RenderText {#text} at (0,0) size 107x18
          text run at (0,0) width 107: "Embedded LTR:"
      RenderBlock {DIV} at (0,108) size 784x18 [color=#0000FF]
        RenderText {#text} at (0,0) size 144x18
          text run at (0,0) width 56: "Testing ("
          text run at (56,0) width 35 RTL: "\x{5D7}\x{5D5}\x{5D3}\x{5D0}"
          text run at (91,0) width 31: "hello"
          text run at (122,0) width 17 RTL: "\x{5DF}\x{5DE}"
          text run at (139,0) width 5: ")"
      RenderBlock (anonymous) at (0,126) size 784x18
        RenderText {#text} at (0,0) size 192x18
          text run at (0,0) width 192: "Embedded Numbers and LTR"
      RenderBlock {DIV} at (0,144) size 784x18 [color=#0000FF]
        RenderText {#text} at (0,0) size 143x18
          text run at (0,0) width 56: "Testing ("
          text run at (56,0) width 30 RTL: "\x{5E7}\x{5E7}\x{5E8}"
          text run at (86,0) width 8: "3"
          text run at (94,0) width 36 RTL: "\x{5D9}\x{5E7}\x{5DD}\x{5DC}"
          text run at (130,0) width 13: "h)"
      RenderBlock (anonymous) at (0,162) size 784x18
        RenderText {#text} at (0,0) size 218x18
          text run at (0,0) width 218: "Embedded Numbers with spacing:"
      RenderBlock {DIV} at (0,180) size 784x18 [color=#0000FF]
        RenderText {#text} at (0,0) size 263x18
          text run at (0,0) width 56: "Testing ("
          text run at (56,0) width 39 RTL: " \x{5D7}\x{5D5}\x{5D3}\x{5D0}"
          text run at (95,0) width 24: "300"
          text run at (119,0) width 55 RTL: "\x{5D7}\x{5D5}\x{5D3}\x{5D0}\x{5DF}\x{5DE} "
          text run at (174,0) width 40: "34023"
          text run at (214,0) width 44 RTL: "\x{5D9}\x{5E7}\x{5DA}\x{5DA}\x{5DD}"
          text run at (258,0) width 5: ")"
      RenderBlock (anonymous) at (0,198) size 784x18
        RenderText {#text} at (0,0) size 71x18
          text run at (0,0) width 71: "Plain LTR:"
      RenderBlock {DIV} at (0,216) size 784x18 [color=#0000FF]
        RenderText {#text} at (0,0) size 92x18
          text run at (0,0) width 92: "Testing (hello)"
      RenderBlock (anonymous) at (0,234) size 784x18
        RenderText {#text} at (0,0) size 191x18
          text run at (0,0) width 191: "Embedded LTR with spacing:"
      RenderBlock {DIV} at (0,252) size 784x18 [color=#0000FF]
        RenderText {#text} at (0,0) size 191x18
          text run at (0,0) width 56: "Testing ("
          text run at (56,0) width 69 RTL: "\x{5D7}\x{5D5}\x{5D3}\x{5D9}\x{5E7}\x{5DA}\x{5DA}\x{5DD}"
          text run at (125,0) width 39: " hello "
          text run at (164,0) width 22 RTL: "\x{5DF}\x{5DE}\x{5D9}"
          text run at (186,0) width 5: ")"
      RenderBlock (anonymous) at (0,270) size 784x18
        RenderText {#text} at (0,0) size 162x18
          text run at (0,0) width 162: "Mixed but not embedded:"
      RenderBlock {DIV} at (0,288) size 784x18 [color=#0000FF]
        RenderText {#text} at (0,0) size 133x18
          text run at (0,0) width 87: "Testing (hello"
          text run at (87,0) width 41 RTL: "\x{5D7}\x{5D5}\x{5D3}\x{5DF}\x{5DE}"
          text run at (128,0) width 5: ")"
      RenderBlock (anonymous) at (0,306) size 784x18
        RenderText {#text} at (0,0) size 162x18
          text run at (0,0) width 162: "Mixed but not embedded:"
      RenderBlock {DIV} at (0,324) size 784x18 [color=#0000FF]
        RenderText {#text} at (0,0) size 133x18
          text run at (0,0) width 56: "Testing ("
          text run at (56,0) width 41 RTL: "\x{5D7}\x{5D5}\x{5D3}\x{5DF}\x{5DE}"
          text run at (97,0) width 36: "hello)"
      RenderBlock {OL} at (0,358) size 784x0
