layer at (0,0) size 785x6026
  RenderView at (0,0) size 785x600
layer at (0,0) size 785x6026
  RenderBlock {HTML} at (0,0) size 785x6026
    RenderBody {BODY} at (8,8) size 769x6002
      RenderBlock {P} at (0,0) size 769x18
        RenderText {#text} at (0,0) size 300x18
          text run at (0,0) width 300: "Tests the resolved level of runs of neutral types."
      RenderBlock {DIV} at (0,34) size 769x2976
        RenderBlock {P} at (0,0) size 769x18
          RenderText {#text} at (0,0) size 43x18
            text run at (0,0) width 43: "ab(^cd"
        RenderBlock {P} at (0,34) size 769x18
          RenderText {#text} at (0,0) size 48x18
            text run at (0,0) width 20 RTL: "\x{5D0}\x{5D1}"
            text run at (20,0) width 28: "(^cd"
        RenderBlock {P} at (0,68) size 769x18
          RenderText {#text} at (0,0) size 41x18
            text run at (0,0) width 13 RTL: "\x{627}\x{628}"
            text run at (13,0) width 28: "(^cd"
        RenderBlock {P} at (0,102) size 769x18
          RenderText {#text} at (0,0) size 59x18
            text run at (0,0) width 59: "ab12(^cd"
        RenderBlock {P} at (0,136) size 769x18
          RenderText {#text} at (0,0) size 64x18
            text run at (0,0) width 16: "12"
            text run at (16,0) width 20 RTL: "\x{5D0}\x{5D1}"
            text run at (36,0) width 28: "(^cd"
        RenderBlock {P} at (0,170) size 769x18
          RenderText {#text} at (0,0) size 57x18
            text run at (0,0) width 16: "12"
            text run at (16,0) width 13 RTL: "\x{627}\x{628}"
            text run at (29,0) width 28: "(^cd"
        RenderBlock {P} at (0,204) size 769x18
          RenderText {#text} at (0,0) size 59x18
            text run at (0,0) width 15: "ab"
            text run at (15,0) width 16: "\x{661}\x{662}"
            text run at (31,0) width 28: "(^cd"
        RenderBlock {P} at (0,238) size 769x18
          RenderText {#text} at (0,0) size 64x18
            text run at (0,0) width 16: "\x{661}\x{662}"
            text run at (16,0) width 20 RTL: "\x{5D0}\x{5D1}"
            text run at (36,0) width 28: "(^cd"
        RenderBlock {P} at (0,272) size 769x18
          RenderText {#text} at (0,0) size 57x18
            text run at (0,0) width 16: "\x{661}\x{662}"
            text run at (16,0) width 13 RTL: "\x{627}\x{628}"
            text run at (29,0) width 28: "(^cd"
        RenderBlock {P} at (0,306) size 769x18
          RenderText {#text} at (0,0) size 35x18
            text run at (0,0) width 7: "?"
            text run at (7,0) width 28: "(^cd"
        RenderBlock {P} at (0,340) size 769x18
          RenderText {#text} at (0,0) size 35x18
            text run at (0,0) width 7 RTL: "?"
            text run at (7,0) width 28: "(^cd"
        RenderBlock {P} at (0,374) size 769x18
          RenderText {#text} at (0,0) size 43x18
            text run at (0,0) width 28: "ab(^"
            text run at (28,0) width 15 RTL: "\x{5D2}\x{5D3}"
        RenderBlock {P} at (0,408) size 769x18
          RenderText {#text} at (0,0) size 48x18
            text run at (0,0) width 48 RTL: "\x{5D0}\x{5D1}(^\x{5D2}\x{5D3}"
        RenderBlock {P} at (0,442) size 769x18
          RenderText {#text} at (0,0) size 41x18
            text run at (0,0) width 41 RTL: "\x{627}\x{628}(^\x{5D2}\x{5D3}"
        RenderBlock {P} at (0,476) size 769x18
          RenderText {#text} at (0,0) size 59x18
            text run at (0,0) width 44: "ab12(^"
            text run at (44,0) width 15 RTL: "\x{5D2}\x{5D3}"
        RenderBlock {P} at (0,510) size 769x18
          RenderText {#text} at (0,0) size 64x18
            text run at (0,0) width 28 RTL: "(^\x{5D2}\x{5D3}"
            text run at (28,0) width 16: "12"
            text run at (44,0) width 20 RTL: "\x{5D0}\x{5D1}"
        RenderBlock {P} at (0,544) size 769x18
          RenderText {#text} at (0,0) size 57x18
            text run at (0,0) width 28 RTL: "(^\x{5D2}\x{5D3}"
            text run at (28,0) width 16: "12"
            text run at (44,0) width 13 RTL: "\x{627}\x{628}"
        RenderBlock {P} at (0,578) size 769x18
          RenderText {#text} at (0,0) size 59x18
            text run at (0,0) width 15: "ab"
            text run at (15,0) width 28 RTL: "(^\x{5D2}\x{5D3}"
            text run at (43,0) width 16: "\x{661}\x{662}"
        RenderBlock {P} at (0,612) size 769x18
          RenderText {#text} at (0,0) size 64x18
            text run at (0,0) width 28 RTL: "(^\x{5D2}\x{5D3}"
            text run at (28,0) width 16: "\x{661}\x{662}"
            text run at (44,0) width 20 RTL: "\x{5D0}\x{5D1}"
        RenderBlock {P} at (0,646) size 769x18
          RenderText {#text} at (0,0) size 57x18
            text run at (0,0) width 28 RTL: "(^\x{5D2}\x{5D3}"
            text run at (28,0) width 16: "\x{661}\x{662}"
            text run at (44,0) width 13 RTL: "\x{627}\x{628}"
        RenderBlock {P} at (0,680) size 769x18
          RenderText {#text} at (0,0) size 35x18
            text run at (0,0) width 7: "?"
            text run at (7,0) width 13: "(^"
            text run at (20,0) width 15 RTL: "\x{5D2}\x{5D3}"
        RenderBlock {P} at (0,714) size 769x18
          RenderText {#text} at (0,0) size 35x18
            text run at (0,0) width 28 RTL: "(^\x{5D2}\x{5D3}"
            text run at (28,0) width 7 RTL: "?"
        RenderBlock {P} at (0,748) size 769x18
          RenderText {#text} at (0,0) size 43x18
            text run at (0,0) width 28: "ab(^"
            text run at (28,0) width 15 RTL: "\x{62C}\x{62F}"
        RenderBlock {P} at (0,782) size 769x18
          RenderText {#text} at (0,0) size 48x18
            text run at (0,0) width 48 RTL: "\x{5D0}\x{5D1}(^\x{62C}\x{62F}"
        RenderBlock {P} at (0,816) size 769x18
          RenderText {#text} at (0,0) size 41x18
            text run at (0,0) width 41 RTL: "\x{627}\x{628}(^\x{62C}\x{62F}"
        RenderBlock {P} at (0,850) size 769x18
          RenderText {#text} at (0,0) size 59x18
            text run at (0,0) width 44: "ab12(^"
            text run at (44,0) width 15 RTL: "\x{62C}\x{62F}"
        RenderBlock {P} at (0,884) size 769x18
          RenderText {#text} at (0,0) size 64x18
            text run at (0,0) width 28 RTL: "(^\x{62C}\x{62F}"
            text run at (28,0) width 16: "12"
            text run at (44,0) width 20 RTL: "\x{5D0}\x{5D1}"
        RenderBlock {P} at (0,918) size 769x18
          RenderText {#text} at (0,0) size 57x18
            text run at (0,0) width 28 RTL: "(^\x{62C}\x{62F}"
            text run at (28,0) width 16: "12"
            text run at (44,0) width 13 RTL: "\x{627}\x{628}"
        RenderBlock {P} at (0,952) size 769x18
          RenderText {#text} at (0,0) size 59x18
            text run at (0,0) width 15: "ab"
            text run at (15,0) width 28 RTL: "(^\x{62C}\x{62F}"
            text run at (43,0) width 16: "\x{661}\x{662}"
        RenderBlock {P} at (0,986) size 769x18
          RenderText {#text} at (0,0) size 64x18
            text run at (0,0) width 28 RTL: "(^\x{62C}\x{62F}"
            text run at (28,0) width 16: "\x{661}\x{662}"
            text run at (44,0) width 20 RTL: "\x{5D0}\x{5D1}"
        RenderBlock {P} at (0,1020) size 769x18
          RenderText {#text} at (0,0) size 57x18
            text run at (0,0) width 28 RTL: "(^\x{62C}\x{62F}"
            text run at (28,0) width 16: "\x{661}\x{662}"
            text run at (44,0) width 13 RTL: "\x{627}\x{628}"
        RenderBlock {P} at (0,1054) size 769x18
          RenderText {#text} at (0,0) size 35x18
            text run at (0,0) width 7: "?"
            text run at (7,0) width 13: "(^"
            text run at (20,0) width 15 RTL: "\x{62C}\x{62F}"
        RenderBlock {P} at (0,1088) size 769x18
          RenderText {#text} at (0,0) size 35x18
            text run at (0,0) width 28 RTL: "(^\x{62C}\x{62F}"
            text run at (28,0) width 7 RTL: "?"
        RenderBlock {P} at (0,1122) size 769x18
          RenderText {#text} at (0,0) size 63x18
            text run at (0,0) width 44: "ab(^34"
            text run at (44,0) width 12 RTL: "\x{5E9}"
            text run at (56,0) width 7: "z"
        RenderBlock {P} at (0,1156) size 769x18
          RenderText {#text} at (0,0) size 68x18
            text run at (0,0) width 12 RTL: "\x{5E9}"
            text run at (12,0) width 16: "34"
            text run at (28,0) width 33 RTL: "\x{5D0}\x{5D1}(^"
            text run at (61,0) width 7: "z"
        RenderBlock {P} at (0,1190) size 769x18
          RenderText {#text} at (0,0) size 61x18
            text run at (0,0) width 12 RTL: "\x{5E9}"
            text run at (12,0) width 16: "34"
            text run at (28,0) width 26 RTL: "\x{627}\x{628}(^"
            text run at (54,0) width 7: "z"
        RenderBlock {P} at (0,1224) size 769x18
          RenderText {#text} at (0,0) size 79x18
            text run at (0,0) width 60: "ab12(^34"
            text run at (60,0) width 12 RTL: "\x{5E9}"
            text run at (72,0) width 7: "z"
        RenderBlock {P} at (0,1258) size 769x18
          RenderText {#text} at (0,0) size 84x18
            text run at (0,0) width 12 RTL: "\x{5E9}"
            text run at (12,0) width 16: "34"
            text run at (28,0) width 13 RTL: "(^"
            text run at (41,0) width 16: "12"
            text run at (57,0) width 20 RTL: "\x{5D0}\x{5D1}"
            text run at (77,0) width 7: "z"
        RenderBlock {P} at (0,1292) size 769x18
          RenderText {#text} at (0,0) size 77x18
            text run at (0,0) width 12 RTL: "\x{5E9}"
            text run at (12,0) width 16: "34"
            text run at (28,0) width 13 RTL: "(^"
            text run at (41,0) width 16: "12"
            text run at (57,0) width 13 RTL: "\x{627}\x{628}"
            text run at (70,0) width 7: "z"
        RenderBlock {P} at (0,1326) size 769x18
          RenderText {#text} at (0,0) size 79x18
            text run at (0,0) width 15: "ab"
            text run at (15,0) width 16: "\x{661}\x{662}"
            text run at (31,0) width 29: "(^34"
            text run at (60,0) width 12 RTL: "\x{5E9}"
            text run at (72,0) width 7: "z"
        RenderBlock {P} at (0,1360) size 769x18
          RenderText {#text} at (0,0) size 84x18
            text run at (0,0) width 12 RTL: "\x{5E9}"
            text run at (12,0) width 16: "34"
            text run at (28,0) width 13 RTL: "(^"
            text run at (41,0) width 16: "\x{661}\x{662}"
            text run at (57,0) width 20 RTL: "\x{5D0}\x{5D1}"
            text run at (77,0) width 7: "z"
        RenderBlock {P} at (0,1394) size 769x18
          RenderText {#text} at (0,0) size 77x18
            text run at (0,0) width 12 RTL: "\x{5E9}"
            text run at (12,0) width 16: "34"
            text run at (28,0) width 13 RTL: "(^"
            text run at (41,0) width 16: "\x{661}\x{662}"
            text run at (57,0) width 13 RTL: "\x{627}\x{628}"
            text run at (70,0) width 7: "z"
        RenderBlock {P} at (0,1428) size 769x18
          RenderText {#text} at (0,0) size 55x18
            text run at (0,0) width 7: "?"
            text run at (7,0) width 29: "(^34"
            text run at (36,0) width 12 RTL: "\x{5E9}"
            text run at (48,0) width 7: "z"
        RenderBlock {P} at (0,1462) size 769x18
          RenderText {#text} at (0,0) size 55x18
            text run at (0,0) width 12 RTL: "\x{5E9}"
            text run at (12,0) width 16: "34"
            text run at (28,0) width 13 RTL: "(^"
            text run at (41,0) width 7 RTL: "?"
            text run at (48,0) width 7: "z"
        RenderBlock {P} at (0,1496) size 769x18
          RenderText {#text} at (0,0) size 63x18
            text run at (0,0) width 28: "ab(^"
            text run at (28,0) width 12 RTL: "\x{5E9}"
            text run at (40,0) width 16: "\x{663}\x{664}"
            text run at (56,0) width 7: "z"
        RenderBlock {P} at (0,1530) size 769x18
          RenderText {#text} at (0,0) size 68x18
            text run at (0,0) width 12 RTL: "\x{5E9}"
            text run at (12,0) width 16: "\x{663}\x{664}"
            text run at (28,0) width 33 RTL: "\x{5D0}\x{5D1}(^"
            text run at (61,0) width 7: "z"
        RenderBlock {P} at (0,1564) size 769x18
          RenderText {#text} at (0,0) size 61x18
            text run at (0,0) width 12 RTL: "\x{5E9}"
            text run at (12,0) width 16: "\x{663}\x{664}"
            text run at (28,0) width 26 RTL: "\x{627}\x{628}(^"
            text run at (54,0) width 7: "z"
        RenderBlock {P} at (0,1598) size 769x18
          RenderText {#text} at (0,0) size 79x18
            text run at (0,0) width 44: "ab12(^"
            text run at (44,0) width 12 RTL: "\x{5E9}"
            text run at (56,0) width 16: "\x{663}\x{664}"
            text run at (72,0) width 7: "z"
        RenderBlock {P} at (0,1632) size 769x18
          RenderText {#text} at (0,0) size 84x18
            text run at (0,0) width 12 RTL: "\x{5E9}"
            text run at (12,0) width 16: "\x{663}\x{664}"
            text run at (28,0) width 13 RTL: "(^"
            text run at (41,0) width 16: "12"
            text run at (57,0) width 20 RTL: "\x{5D0}\x{5D1}"
            text run at (77,0) width 7: "z"
        RenderBlock {P} at (0,1666) size 769x18
          RenderText {#text} at (0,0) size 77x18
            text run at (0,0) width 12 RTL: "\x{5E9}"
            text run at (12,0) width 16: "\x{663}\x{664}"
            text run at (28,0) width 13 RTL: "(^"
            text run at (41,0) width 16: "12"
            text run at (57,0) width 13 RTL: "\x{627}\x{628}"
            text run at (70,0) width 7: "z"
        RenderBlock {P} at (0,1700) size 769x18
          RenderText {#text} at (0,0) size 79x18
            text run at (0,0) width 15: "ab"
            text run at (15,0) width 12 RTL: "\x{5E9}"
            text run at (27,0) width 16: "\x{663}\x{664}"
            text run at (43,0) width 13 RTL: "(^"
            text run at (56,0) width 16: "\x{661}\x{662}"
            text run at (72,0) width 7: "z"
        RenderBlock {P} at (0,1734) size 769x18
          RenderText {#text} at (0,0) size 84x18
            text run at (0,0) width 12 RTL: "\x{5E9}"
            text run at (12,0) width 16: "\x{663}\x{664}"
            text run at (28,0) width 13 RTL: "(^"
            text run at (41,0) width 16: "\x{661}\x{662}"
            text run at (57,0) width 20 RTL: "\x{5D0}\x{5D1}"
            text run at (77,0) width 7: "z"
        RenderBlock {P} at (0,1768) size 769x18
          RenderText {#text} at (0,0) size 77x18
            text run at (0,0) width 12 RTL: "\x{5E9}"
            text run at (12,0) width 16: "\x{663}\x{664}"
            text run at (28,0) width 13 RTL: "(^"
            text run at (41,0) width 16: "\x{661}\x{662}"
            text run at (57,0) width 13 RTL: "\x{627}\x{628}"
            text run at (70,0) width 7: "z"
        RenderBlock {P} at (0,1802) size 769x18
          RenderText {#text} at (0,0) size 55x18
            text run at (0,0) width 7: "?"
            text run at (7,0) width 13: "(^"
            text run at (20,0) width 12 RTL: "\x{5E9}"
            text run at (32,0) width 16: "\x{663}\x{664}"
            text run at (48,0) width 7: "z"
        RenderBlock {P} at (0,1836) size 769x18
          RenderText {#text} at (0,0) size 55x18
            text run at (0,0) width 12 RTL: "\x{5E9}"
            text run at (12,0) width 16: "\x{663}\x{664}"
            text run at (28,0) width 13 RTL: "(^"
            text run at (41,0) width 7 RTL: "?"
            text run at (48,0) width 7: "z"
        RenderBlock {P} at (0,1870) size 769x18
          RenderText {#text} at (0,0) size 33x18
            text run at (0,0) width 28: "ab(^"
            text run at (28,0) width 5: "!"
        RenderBlock {P} at (0,1904) size 769x18
          RenderText {#text} at (0,0) size 38x18
            text run at (0,0) width 20 RTL: "\x{5D0}\x{5D1}"
            text run at (20,0) width 13: "(^"
            text run at (33,0) width 5: "!"
        RenderBlock {P} at (0,1938) size 769x18
          RenderText {#text} at (0,0) size 31x18
            text run at (0,0) width 13 RTL: "\x{627}\x{628}"
            text run at (13,0) width 13: "(^"
            text run at (26,0) width 5: "!"
        RenderBlock {P} at (0,1972) size 769x18
          RenderText {#text} at (0,0) size 49x18
            text run at (0,0) width 44: "ab12(^"
            text run at (44,0) width 5: "!"
        RenderBlock {P} at (0,2006) size 769x18
          RenderText {#text} at (0,0) size 54x18
            text run at (0,0) width 16: "12"
            text run at (16,0) width 20 RTL: "\x{5D0}\x{5D1}"
            text run at (36,0) width 13: "(^"
            text run at (49,0) width 5: "!"
        RenderBlock {P} at (0,2040) size 769x18
          RenderText {#text} at (0,0) size 47x18
            text run at (0,0) width 16: "12"
            text run at (16,0) width 13 RTL: "\x{627}\x{628}"
            text run at (29,0) width 13: "(^"
            text run at (42,0) width 5: "!"
        RenderBlock {P} at (0,2074) size 769x18
          RenderText {#text} at (0,0) size 49x18
            text run at (0,0) width 15: "ab"
            text run at (15,0) width 16: "\x{661}\x{662}"
            text run at (31,0) width 13: "(^"
            text run at (44,0) width 5: "!"
        RenderBlock {P} at (0,2108) size 769x18
          RenderText {#text} at (0,0) size 54x18
            text run at (0,0) width 16: "\x{661}\x{662}"
            text run at (16,0) width 20 RTL: "\x{5D0}\x{5D1}"
            text run at (36,0) width 13: "(^"
            text run at (49,0) width 5: "!"
        RenderBlock {P} at (0,2142) size 769x18
          RenderText {#text} at (0,0) size 47x18
            text run at (0,0) width 16: "\x{661}\x{662}"
            text run at (16,0) width 13 RTL: "\x{627}\x{628}"
            text run at (29,0) width 13: "(^"
            text run at (42,0) width 5: "!"
        RenderBlock {P} at (0,2176) size 769x18
          RenderText {#text} at (0,0) size 25x18
            text run at (0,0) width 7: "?"
            text run at (7,0) width 13: "(^"
            text run at (20,0) width 5: "!"
        RenderBlock {P} at (0,2210) size 769x18
          RenderText {#text} at (0,0) size 25x18
            text run at (0,0) width 7 RTL: "?"
            text run at (7,0) width 13: "(^"
            text run at (20,0) width 5: "!"
        RenderBlock {P} at (0,2244) size 769x18
          RenderText {#text} at (0,0) size 33x18
            text run at (0,0) width 28: "ab(^"
            text run at (28,0) width 5 RTL: "!"
        RenderBlock {P} at (0,2278) size 769x18
          RenderText {#text} at (0,0) size 38x18
            text run at (0,0) width 5 RTL: "!"
            text run at (5,0) width 33 RTL: "\x{5D0}\x{5D1}(^"
        RenderBlock {P} at (0,2312) size 769x18
          RenderText {#text} at (0,0) size 31x18
            text run at (0,0) width 5 RTL: "!"
            text run at (5,0) width 26 RTL: "\x{627}\x{628}(^"
        RenderBlock {P} at (0,2346) size 769x18
          RenderText {#text} at (0,0) size 49x18
            text run at (0,0) width 44: "ab12(^"
            text run at (44,0) width 5 RTL: "!"
        RenderBlock {P} at (0,2380) size 769x18
          RenderText {#text} at (0,0) size 54x18
            text run at (0,0) width 5 RTL: "!"
            text run at (5,0) width 13 RTL: "(^"
            text run at (18,0) width 16: "12"
            text run at (34,0) width 20 RTL: "\x{5D0}\x{5D1}"
        RenderBlock {P} at (0,2414) size 769x18
          RenderText {#text} at (0,0) size 47x18
            text run at (0,0) width 5 RTL: "!"
            text run at (5,0) width 13 RTL: "(^"
            text run at (18,0) width 16: "12"
            text run at (34,0) width 13 RTL: "\x{627}\x{628}"
        RenderBlock {P} at (0,2448) size 769x18
          RenderText {#text} at (0,0) size 49x18
            text run at (0,0) width 15: "ab"
            text run at (15,0) width 5 RTL: "!"
            text run at (20,0) width 13 RTL: "(^"
            text run at (33,0) width 16: "\x{661}\x{662}"
        RenderBlock {P} at (0,2482) size 769x18
          RenderText {#text} at (0,0) size 54x18
            text run at (0,0) width 5 RTL: "!"
            text run at (5,0) width 13 RTL: "(^"
            text run at (18,0) width 16: "\x{661}\x{662}"
            text run at (34,0) width 20 RTL: "\x{5D0}\x{5D1}"
        RenderBlock {P} at (0,2516) size 769x18
          RenderText {#text} at (0,0) size 47x18
            text run at (0,0) width 5 RTL: "!"
            text run at (5,0) width 13 RTL: "(^"
            text run at (18,0) width 16: "\x{661}\x{662}"
            text run at (34,0) width 13 RTL: "\x{627}\x{628}"
        RenderBlock {P} at (0,2550) size 769x18
          RenderText {#text} at (0,0) size 25x18
            text run at (0,0) width 7: "?"
            text run at (7,0) width 13: "(^"
            text run at (20,0) width 5 RTL: "!"
        RenderBlock {P} at (0,2584) size 769x18
          RenderText {#text} at (0,0) size 25x18
            text run at (0,0) width 5 RTL: "!"
            text run at (5,0) width 13 RTL: "(^"
            text run at (18,0) width 7 RTL: "?"
        RenderBlock {P} at (0,2618) size 769x18
          RenderText {#text} at (0,0) size 28x18
            text run at (0,0) width 28: "ab(^"
        RenderBlock {P} at (0,2652) size 769x18
          RenderText {#text} at (0,0) size 33x18
            text run at (0,0) width 20 RTL: "\x{5D0}\x{5D1}"
            text run at (20,0) width 13: "(^"
        RenderBlock {P} at (0,2686) size 769x18
          RenderText {#text} at (0,0) size 26x18
            text run at (0,0) width 13 RTL: "\x{627}\x{628}"
            text run at (13,0) width 13: "(^"
        RenderBlock {P} at (0,2720) size 769x18
          RenderText {#text} at (0,0) size 44x18
            text run at (0,0) width 44: "ab12(^"
        RenderBlock {P} at (0,2754) size 769x18
          RenderText {#text} at (0,0) size 49x18
            text run at (0,0) width 16: "12"
            text run at (16,0) width 20 RTL: "\x{5D0}\x{5D1}"
            text run at (36,0) width 13: "(^"
        RenderBlock {P} at (0,2788) size 769x18
          RenderText {#text} at (0,0) size 42x18
            text run at (0,0) width 16: "12"
            text run at (16,0) width 13 RTL: "\x{627}\x{628}"
            text run at (29,0) width 13: "(^"
        RenderBlock {P} at (0,2822) size 769x18
          RenderText {#text} at (0,0) size 44x18
            text run at (0,0) width 15: "ab"
            text run at (15,0) width 16: "\x{661}\x{662}"
            text run at (31,0) width 13: "(^"
        RenderBlock {P} at (0,2856) size 769x18
          RenderText {#text} at (0,0) size 49x18
            text run at (0,0) width 16: "\x{661}\x{662}"
            text run at (16,0) width 20 RTL: "\x{5D0}\x{5D1}"
            text run at (36,0) width 13: "(^"
        RenderBlock {P} at (0,2890) size 769x18
          RenderText {#text} at (0,0) size 42x18
            text run at (0,0) width 16: "\x{661}\x{662}"
            text run at (16,0) width 13 RTL: "\x{627}\x{628}"
            text run at (29,0) width 13: "(^"
        RenderBlock {P} at (0,2924) size 769x18
          RenderText {#text} at (0,0) size 20x18
            text run at (0,0) width 7: "?"
            text run at (7,0) width 13: "(^"
        RenderBlock {P} at (0,2958) size 769x18
          RenderText {#text} at (0,0) size 20x18
            text run at (0,0) width 7 RTL: "?"
            text run at (7,0) width 13: "(^"
      RenderBlock {DIV} at (0,3026) size 769x2976
        RenderBlock {P} at (0,0) size 769x18
          RenderText {#text} at (0,0) size 43x18
            text run at (0,0) width 43: "ab(^cd"
        RenderBlock {P} at (0,34) size 769x18
          RenderText {#text} at (0,0) size 48x18
            text run at (0,0) width 15: "cd"
            text run at (15,0) width 33 RTL: "\x{5D0}\x{5D1}(^"
        RenderBlock {P} at (0,68) size 769x18
          RenderText {#text} at (0,0) size 41x18
            text run at (0,0) width 15: "cd"
            text run at (15,0) width 26 RTL: "\x{627}\x{628}(^"
        RenderBlock {P} at (0,102) size 769x18
          RenderText {#text} at (0,0) size 59x18
            text run at (0,0) width 59: "ab12(^cd"
        RenderBlock {P} at (0,136) size 769x18
          RenderText {#text} at (0,0) size 64x18
            text run at (0,0) width 15: "cd"
            text run at (15,0) width 13 RTL: "(^"
            text run at (28,0) width 16: "12"
            text run at (44,0) width 20 RTL: "\x{5D0}\x{5D1}"
        RenderBlock {P} at (0,170) size 769x18
          RenderText {#text} at (0,0) size 57x18
            text run at (0,0) width 15: "cd"
            text run at (15,0) width 13 RTL: "(^"
            text run at (28,0) width 16: "12"
            text run at (44,0) width 13 RTL: "\x{627}\x{628}"
        RenderBlock {P} at (0,204) size 769x18
          RenderText {#text} at (0,0) size 59x18
            text run at (0,0) width 15: "cd"
            text run at (15,0) width 13 RTL: "(^"
            text run at (28,0) width 31: "ab\x{661}\x{662}"
        RenderBlock {P} at (0,238) size 769x18
          RenderText {#text} at (0,0) size 64x18
            text run at (0,0) width 15: "cd"
            text run at (15,0) width 13 RTL: "(^"
            text run at (28,0) width 16: "\x{661}\x{662}"
            text run at (44,0) width 20 RTL: "\x{5D0}\x{5D1}"
        RenderBlock {P} at (0,272) size 769x18
          RenderText {#text} at (0,0) size 57x18
            text run at (0,0) width 15: "cd"
            text run at (15,0) width 13 RTL: "(^"
            text run at (28,0) width 16: "\x{661}\x{662}"
            text run at (44,0) width 13 RTL: "\x{627}\x{628}"
        RenderBlock {P} at (0,306) size 769x18
          RenderText {#text} at (0,0) size 35x18
            text run at (0,0) width 7: "?"
            text run at (7,0) width 28: "(^cd"
        RenderBlock {P} at (0,340) size 769x18
          RenderText {#text} at (0,0) size 35x18
            text run at (0,0) width 15: "cd"
            text run at (15,0) width 13 RTL: "(^"
            text run at (28,0) width 7 RTL: "?"
        RenderBlock {P} at (0,374) size 769x18
          RenderText {#text} at (0,0) size 43x18
            text run at (0,0) width 28 RTL: "(^\x{5D2}\x{5D3}"
            text run at (28,0) width 15: "ab"
        RenderBlock {P} at (0,408) size 769x18
          RenderText {#text} at (0,0) size 48x18
            text run at (0,0) width 48 RTL: "\x{5D0}\x{5D1}(^\x{5D2}\x{5D3}"
        RenderBlock {P} at (0,442) size 769x18
          RenderText {#text} at (0,0) size 41x18
            text run at (0,0) width 41 RTL: "\x{627}\x{628}(^\x{5D2}\x{5D3}"
        RenderBlock {P} at (0,476) size 769x18
          RenderText {#text} at (0,0) size 59x18
            text run at (0,0) width 28 RTL: "(^\x{5D2}\x{5D3}"
            text run at (28,0) width 31: "ab12"
        RenderBlock {P} at (0,510) size 769x18
          RenderText {#text} at (0,0) size 64x18
            text run at (0,0) width 28 RTL: "(^\x{5D2}\x{5D3}"
            text run at (28,0) width 16: "12"
            text run at (44,0) width 20 RTL: "\x{5D0}\x{5D1}"
        RenderBlock {P} at (0,544) size 769x18
          RenderText {#text} at (0,0) size 57x18
            text run at (0,0) width 28 RTL: "(^\x{5D2}\x{5D3}"
            text run at (28,0) width 16: "12"
            text run at (44,0) width 13 RTL: "\x{627}\x{628}"
        RenderBlock {P} at (0,578) size 769x18
          RenderText {#text} at (0,0) size 59x18
            text run at (0,0) width 28 RTL: "(^\x{5D2}\x{5D3}"
            text run at (28,0) width 31: "ab\x{661}\x{662}"
        RenderBlock {P} at (0,612) size 769x18
          RenderText {#text} at (0,0) size 64x18
            text run at (0,0) width 28 RTL: "(^\x{5D2}\x{5D3}"
            text run at (28,0) width 16: "\x{661}\x{662}"
            text run at (44,0) width 20 RTL: "\x{5D0}\x{5D1}"
        RenderBlock {P} at (0,646) size 769x18
          RenderText {#text} at (0,0) size 57x18
            text run at (0,0) width 28 RTL: "(^\x{5D2}\x{5D3}"
            text run at (28,0) width 16: "\x{661}\x{662}"
            text run at (44,0) width 13 RTL: "\x{627}\x{628}"
        RenderBlock {P} at (0,680) size 769x18
          RenderText {#text} at (0,0) size 35x18
            text run at (0,0) width 28 RTL: "(^\x{5D2}\x{5D3}"
            text run at (28,0) width 7: "?"
        RenderBlock {P} at (0,714) size 769x18
          RenderText {#text} at (0,0) size 35x18
            text run at (0,0) width 28 RTL: "(^\x{5D2}\x{5D3}"
            text run at (28,0) width 7 RTL: "?"
        RenderBlock {P} at (0,748) size 769x18
          RenderText {#text} at (0,0) size 43x18
            text run at (0,0) width 28 RTL: "(^\x{62C}\x{62F}"
            text run at (28,0) width 15: "ab"
        RenderBlock {P} at (0,782) size 769x18
          RenderText {#text} at (0,0) size 48x18
            text run at (0,0) width 48 RTL: "\x{5D0}\x{5D1}(^\x{62C}\x{62F}"
        RenderBlock {P} at (0,816) size 769x18
          RenderText {#text} at (0,0) size 41x18
            text run at (0,0) width 41 RTL: "\x{627}\x{628}(^\x{62C}\x{62F}"
        RenderBlock {P} at (0,850) size 769x18
          RenderText {#text} at (0,0) size 59x18
            text run at (0,0) width 28 RTL: "(^\x{62C}\x{62F}"
            text run at (28,0) width 31: "ab12"
        RenderBlock {P} at (0,884) size 769x18
          RenderText {#text} at (0,0) size 64x18
            text run at (0,0) width 28 RTL: "(^\x{62C}\x{62F}"
            text run at (28,0) width 16: "12"
            text run at (44,0) width 20 RTL: "\x{5D0}\x{5D1}"
        RenderBlock {P} at (0,918) size 769x18
          RenderText {#text} at (0,0) size 57x18
            text run at (0,0) width 28 RTL: "(^\x{62C}\x{62F}"
            text run at (28,0) width 16: "12"
            text run at (44,0) width 13 RTL: "\x{627}\x{628}"
        RenderBlock {P} at (0,952) size 769x18
          RenderText {#text} at (0,0) size 59x18
            text run at (0,0) width 28 RTL: "(^\x{62C}\x{62F}"
            text run at (28,0) width 31: "ab\x{661}\x{662}"
        RenderBlock {P} at (0,986) size 769x18
          RenderText {#text} at (0,0) size 64x18
            text run at (0,0) width 28 RTL: "(^\x{62C}\x{62F}"
            text run at (28,0) width 16: "\x{661}\x{662}"
            text run at (44,0) width 20 RTL: "\x{5D0}\x{5D1}"
        RenderBlock {P} at (0,1020) size 769x18
          RenderText {#text} at (0,0) size 57x18
            text run at (0,0) width 28 RTL: "(^\x{62C}\x{62F}"
            text run at (28,0) width 16: "\x{661}\x{662}"
            text run at (44,0) width 13 RTL: "\x{627}\x{628}"
        RenderBlock {P} at (0,1054) size 769x18
          RenderText {#text} at (0,0) size 35x18
            text run at (0,0) width 28 RTL: "(^\x{62C}\x{62F}"
            text run at (28,0) width 7: "?"
        RenderBlock {P} at (0,1088) size 769x18
          RenderText {#text} at (0,0) size 35x18
            text run at (0,0) width 28 RTL: "(^\x{62C}\x{62F}"
            text run at (28,0) width 7 RTL: "?"
        RenderBlock {P} at (0,1122) size 769x18
          RenderText {#text} at (0,0) size 63x18
            text run at (0,0) width 7: "z"
            text run at (7,0) width 12 RTL: "\x{5E9}"
            text run at (19,0) width 44: "ab(^34"
        RenderBlock {P} at (0,1156) size 769x18
          RenderText {#text} at (0,0) size 68x18
            text run at (0,0) width 7: "z"
            text run at (7,0) width 12 RTL: "\x{5E9}"
            text run at (19,0) width 16: "34"
            text run at (35,0) width 33 RTL: "\x{5D0}\x{5D1}(^"
        RenderBlock {P} at (0,1190) size 769x18
          RenderText {#text} at (0,0) size 61x18
            text run at (0,0) width 7: "z"
            text run at (7,0) width 12 RTL: "\x{5E9}"
            text run at (19,0) width 16: "34"
            text run at (35,0) width 26 RTL: "\x{627}\x{628}(^"
        RenderBlock {P} at (0,1224) size 769x18
          RenderText {#text} at (0,0) size 79x18
            text run at (0,0) width 7: "z"
            text run at (7,0) width 12 RTL: "\x{5E9}"
            text run at (19,0) width 60: "ab12(^34"
        RenderBlock {P} at (0,1258) size 769x18
          RenderText {#text} at (0,0) size 84x18
            text run at (0,0) width 7: "z"
            text run at (7,0) width 12 RTL: "\x{5E9}"
            text run at (19,0) width 16: "34"
            text run at (35,0) width 13 RTL: "(^"
            text run at (48,0) width 16: "12"
            text run at (64,0) width 20 RTL: "\x{5D0}\x{5D1}"
        RenderBlock {P} at (0,1292) size 769x18
          RenderText {#text} at (0,0) size 77x18
            text run at (0,0) width 7: "z"
            text run at (7,0) width 12 RTL: "\x{5E9}"
            text run at (19,0) width 16: "34"
            text run at (35,0) width 13 RTL: "(^"
            text run at (48,0) width 16: "12"
            text run at (64,0) width 13 RTL: "\x{627}\x{628}"
        RenderBlock {P} at (0,1326) size 769x18
          RenderText {#text} at (0,0) size 79x18
            text run at (0,0) width 7: "z"
            text run at (7,0) width 12 RTL: "\x{5E9}"
            text run at (19,0) width 16: "34"
            text run at (35,0) width 13 RTL: "(^"
            text run at (48,0) width 31: "ab\x{661}\x{662}"
        RenderBlock {P} at (0,1360) size 769x18
          RenderText {#text} at (0,0) size 84x18
            text run at (0,0) width 7: "z"
            text run at (7,0) width 12 RTL: "\x{5E9}"
            text run at (19,0) width 16: "34"
            text run at (35,0) width 13 RTL: "(^"
            text run at (48,0) width 16: "\x{661}\x{662}"
            text run at (64,0) width 20 RTL: "\x{5D0}\x{5D1}"
        RenderBlock {P} at (0,1394) size 769x18
          RenderText {#text} at (0,0) size 77x18
            text run at (0,0) width 7: "z"
            text run at (7,0) width 12 RTL: "\x{5E9}"
            text run at (19,0) width 16: "34"
            text run at (35,0) width 13 RTL: "(^"
            text run at (48,0) width 16: "\x{661}\x{662}"
            text run at (64,0) width 13 RTL: "\x{627}\x{628}"
        RenderBlock {P} at (0,1428) size 769x18
          RenderText {#text} at (0,0) size 55x18
            text run at (0,0) width 7: "z"
            text run at (7,0) width 12 RTL: "\x{5E9}"
            text run at (19,0) width 7: "?"
            text run at (26,0) width 29: "(^34"
        RenderBlock {P} at (0,1462) size 769x18
          RenderText {#text} at (0,0) size 55x18
            text run at (0,0) width 7: "z"
            text run at (7,0) width 12 RTL: "\x{5E9}"
            text run at (19,0) width 16: "34"
            text run at (35,0) width 13 RTL: "(^"
            text run at (48,0) width 7 RTL: "?"
        RenderBlock {P} at (0,1496) size 769x18
          RenderText {#text} at (0,0) size 63x18
            text run at (0,0) width 7: "z"
            text run at (7,0) width 12 RTL: "\x{5E9}"
            text run at (19,0) width 16: "\x{663}\x{664}"
            text run at (35,0) width 13 RTL: "(^"
            text run at (48,0) width 15: "ab"
        RenderBlock {P} at (0,1530) size 769x18
          RenderText {#text} at (0,0) size 68x18
            text run at (0,0) width 7: "z"
            text run at (7,0) width 12 RTL: "\x{5E9}"
            text run at (19,0) width 16: "\x{663}\x{664}"
            text run at (35,0) width 33 RTL: "\x{5D0}\x{5D1}(^"
        RenderBlock {P} at (0,1564) size 769x18
          RenderText {#text} at (0,0) size 61x18
            text run at (0,0) width 7: "z"
            text run at (7,0) width 12 RTL: "\x{5E9}"
            text run at (19,0) width 16: "\x{663}\x{664}"
            text run at (35,0) width 26 RTL: "\x{627}\x{628}(^"
        RenderBlock {P} at (0,1598) size 769x18
          RenderText {#text} at (0,0) size 79x18
            text run at (0,0) width 7: "z"
            text run at (7,0) width 12 RTL: "\x{5E9}"
            text run at (19,0) width 16: "\x{663}\x{664}"
            text run at (35,0) width 13 RTL: "(^"
            text run at (48,0) width 31: "ab12"
        RenderBlock {P} at (0,1632) size 769x18
          RenderText {#text} at (0,0) size 84x18
            text run at (0,0) width 7: "z"
            text run at (7,0) width 12 RTL: "\x{5E9}"
            text run at (19,0) width 16: "\x{663}\x{664}"
            text run at (35,0) width 13 RTL: "(^"
            text run at (48,0) width 16: "12"
            text run at (64,0) width 20 RTL: "\x{5D0}\x{5D1}"
        RenderBlock {P} at (0,1666) size 769x18
          RenderText {#text} at (0,0) size 77x18
            text run at (0,0) width 7: "z"
            text run at (7,0) width 12 RTL: "\x{5E9}"
            text run at (19,0) width 16: "\x{663}\x{664}"
            text run at (35,0) width 13 RTL: "(^"
            text run at (48,0) width 16: "12"
            text run at (64,0) width 13 RTL: "\x{627}\x{628}"
        RenderBlock {P} at (0,1700) size 769x18
          RenderText {#text} at (0,0) size 79x18
            text run at (0,0) width 7: "z"
            text run at (7,0) width 12 RTL: "\x{5E9}"
            text run at (19,0) width 16: "\x{663}\x{664}"
            text run at (35,0) width 13 RTL: "(^"
            text run at (48,0) width 31: "ab\x{661}\x{662}"
        RenderBlock {P} at (0,1734) size 769x18
          RenderText {#text} at (0,0) size 84x18
            text run at (0,0) width 7: "z"
            text run at (7,0) width 12 RTL: "\x{5E9}"
            text run at (19,0) width 16: "\x{663}\x{664}"
            text run at (35,0) width 13 RTL: "(^"
            text run at (48,0) width 16: "\x{661}\x{662}"
            text run at (64,0) width 20 RTL: "\x{5D0}\x{5D1}"
        RenderBlock {P} at (0,1768) size 769x18
          RenderText {#text} at (0,0) size 77x18
            text run at (0,0) width 7: "z"
            text run at (7,0) width 12 RTL: "\x{5E9}"
            text run at (19,0) width 16: "\x{663}\x{664}"
            text run at (35,0) width 13 RTL: "(^"
            text run at (48,0) width 16: "\x{661}\x{662}"
            text run at (64,0) width 13 RTL: "\x{627}\x{628}"
        RenderBlock {P} at (0,1802) size 769x18
          RenderText {#text} at (0,0) size 55x18
            text run at (0,0) width 7: "z"
            text run at (7,0) width 12 RTL: "\x{5E9}"
            text run at (19,0) width 16: "\x{663}\x{664}"
            text run at (35,0) width 13 RTL: "(^"
            text run at (48,0) width 7: "?"
        RenderBlock {P} at (0,1836) size 769x18
          RenderText {#text} at (0,0) size 55x18
            text run at (0,0) width 7: "z"
            text run at (7,0) width 12 RTL: "\x{5E9}"
            text run at (19,0) width 16: "\x{663}\x{664}"
            text run at (35,0) width 13 RTL: "(^"
            text run at (48,0) width 7 RTL: "?"
        RenderBlock {P} at (0,1870) size 769x18
          RenderText {#text} at (0,0) size 33x18
            text run at (0,0) width 28: "ab(^"
            text run at (28,0) width 5: "!"
        RenderBlock {P} at (0,1904) size 769x18
          RenderText {#text} at (0,0) size 38x18
            text run at (0,0) width 5: "!"
            text run at (5,0) width 33 RTL: "\x{5D0}\x{5D1}(^"
        RenderBlock {P} at (0,1938) size 769x18
          RenderText {#text} at (0,0) size 31x18
            text run at (0,0) width 5: "!"
            text run at (5,0) width 26 RTL: "\x{627}\x{628}(^"
        RenderBlock {P} at (0,1972) size 769x18
          RenderText {#text} at (0,0) size 49x18
            text run at (0,0) width 44: "ab12(^"
            text run at (44,0) width 5: "!"
        RenderBlock {P} at (0,2006) size 769x18
          RenderText {#text} at (0,0) size 54x18
            text run at (0,0) width 5: "!"
            text run at (5,0) width 13 RTL: "(^"
            text run at (18,0) width 16: "12"
            text run at (34,0) width 20 RTL: "\x{5D0}\x{5D1}"
        RenderBlock {P} at (0,2040) size 769x18
          RenderText {#text} at (0,0) size 47x18
            text run at (0,0) width 5: "!"
            text run at (5,0) width 13 RTL: "(^"
            text run at (18,0) width 16: "12"
            text run at (34,0) width 13 RTL: "\x{627}\x{628}"
        RenderBlock {P} at (0,2074) size 769x18
          RenderText {#text} at (0,0) size 49x18
            text run at (0,0) width 5: "!"
            text run at (5,0) width 13 RTL: "(^"
            text run at (18,0) width 31: "ab\x{661}\x{662}"
        RenderBlock {P} at (0,2108) size 769x18
          RenderText {#text} at (0,0) size 54x18
            text run at (0,0) width 5: "!"
            text run at (5,0) width 13 RTL: "(^"
            text run at (18,0) width 16: "\x{661}\x{662}"
            text run at (34,0) width 20 RTL: "\x{5D0}\x{5D1}"
        RenderBlock {P} at (0,2142) size 769x18
          RenderText {#text} at (0,0) size 47x18
            text run at (0,0) width 5: "!"
            text run at (5,0) width 13 RTL: "(^"
            text run at (18,0) width 16: "\x{661}\x{662}"
            text run at (34,0) width 13 RTL: "\x{627}\x{628}"
        RenderBlock {P} at (0,2176) size 769x18
          RenderText {#text} at (0,0) size 25x18
            text run at (0,0) width 7: "?"
            text run at (7,0) width 13: "(^"
            text run at (20,0) width 5: "!"
        RenderBlock {P} at (0,2210) size 769x18
          RenderText {#text} at (0,0) size 25x18
            text run at (0,0) width 5: "!"
            text run at (5,0) width 13 RTL: "(^"
            text run at (18,0) width 7 RTL: "?"
        RenderBlock {P} at (0,2244) size 769x18
          RenderText {#text} at (0,0) size 33x18
            text run at (0,0) width 5 RTL: "!"
            text run at (5,0) width 13 RTL: "(^"
            text run at (18,0) width 15: "ab"
        RenderBlock {P} at (0,2278) size 769x18
          RenderText {#text} at (0,0) size 38x18
            text run at (0,0) width 5 RTL: "!"
            text run at (5,0) width 33 RTL: "\x{5D0}\x{5D1}(^"
        RenderBlock {P} at (0,2312) size 769x18
          RenderText {#text} at (0,0) size 31x18
            text run at (0,0) width 5 RTL: "!"
            text run at (5,0) width 26 RTL: "\x{627}\x{628}(^"
        RenderBlock {P} at (0,2346) size 769x18
          RenderText {#text} at (0,0) size 49x18
            text run at (0,0) width 5 RTL: "!"
            text run at (5,0) width 13 RTL: "(^"
            text run at (18,0) width 31: "ab12"
        RenderBlock {P} at (0,2380) size 769x18
          RenderText {#text} at (0,0) size 54x18
            text run at (0,0) width 5 RTL: "!"
            text run at (5,0) width 13 RTL: "(^"
            text run at (18,0) width 16: "12"
            text run at (34,0) width 20 RTL: "\x{5D0}\x{5D1}"
        RenderBlock {P} at (0,2414) size 769x18
          RenderText {#text} at (0,0) size 47x18
            text run at (0,0) width 5 RTL: "!"
            text run at (5,0) width 13 RTL: "(^"
            text run at (18,0) width 16: "12"
            text run at (34,0) width 13 RTL: "\x{627}\x{628}"
        RenderBlock {P} at (0,2448) size 769x18
          RenderText {#text} at (0,0) size 49x18
            text run at (0,0) width 5 RTL: "!"
            text run at (5,0) width 13 RTL: "(^"
            text run at (18,0) width 31: "ab\x{661}\x{662}"
        RenderBlock {P} at (0,2482) size 769x18
          RenderText {#text} at (0,0) size 54x18
            text run at (0,0) width 5 RTL: "!"
            text run at (5,0) width 13 RTL: "(^"
            text run at (18,0) width 16: "\x{661}\x{662}"
            text run at (34,0) width 20 RTL: "\x{5D0}\x{5D1}"
        RenderBlock {P} at (0,2516) size 769x18
          RenderText {#text} at (0,0) size 47x18
            text run at (0,0) width 5 RTL: "!"
            text run at (5,0) width 13 RTL: "(^"
            text run at (18,0) width 16: "\x{661}\x{662}"
            text run at (34,0) width 13 RTL: "\x{627}\x{628}"
        RenderBlock {P} at (0,2550) size 769x18
          RenderText {#text} at (0,0) size 25x18
            text run at (0,0) width 5 RTL: "!"
            text run at (5,0) width 13 RTL: "(^"
            text run at (18,0) width 7: "?"
        RenderBlock {P} at (0,2584) size 769x18
          RenderText {#text} at (0,0) size 25x18
            text run at (0,0) width 5 RTL: "!"
            text run at (5,0) width 13 RTL: "(^"
            text run at (18,0) width 7 RTL: "?"
        RenderBlock {P} at (0,2618) size 769x18
          RenderText {#text} at (0,0) size 28x18
            text run at (0,0) width 28: "ab(^"
        RenderBlock {P} at (0,2652) size 769x18
          RenderText {#text} at (0,0) size 33x18
            text run at (0,0) width 20 RTL: "\x{5D0}\x{5D1}"
            text run at (20,0) width 13: "(^"
        RenderBlock {P} at (0,2686) size 769x18
          RenderText {#text} at (0,0) size 26x18
            text run at (0,0) width 13 RTL: "\x{627}\x{628}"
            text run at (13,0) width 13: "(^"
        RenderBlock {P} at (0,2720) size 769x18
          RenderText {#text} at (0,0) size 44x18
            text run at (0,0) width 44: "ab12(^"
        RenderBlock {P} at (0,2754) size 769x18
          RenderText {#text} at (0,0) size 49x18
            text run at (0,0) width 16: "12"
            text run at (16,0) width 20 RTL: "\x{5D0}\x{5D1}"
            text run at (36,0) width 13: "(^"
        RenderBlock {P} at (0,2788) size 769x18
          RenderText {#text} at (0,0) size 42x18
            text run at (0,0) width 16: "12"
            text run at (16,0) width 13 RTL: "\x{627}\x{628}"
            text run at (29,0) width 13: "(^"
        RenderBlock {P} at (0,2822) size 769x18
          RenderText {#text} at (0,0) size 44x18
            text run at (0,0) width 15: "ab"
            text run at (15,0) width 16: "\x{661}\x{662}"
            text run at (31,0) width 13: "(^"
        RenderBlock {P} at (0,2856) size 769x18
          RenderText {#text} at (0,0) size 49x18
            text run at (0,0) width 16: "\x{661}\x{662}"
            text run at (16,0) width 20 RTL: "\x{5D0}\x{5D1}"
            text run at (36,0) width 13: "(^"
        RenderBlock {P} at (0,2890) size 769x18
          RenderText {#text} at (0,0) size 42x18
            text run at (0,0) width 16: "\x{661}\x{662}"
            text run at (16,0) width 13 RTL: "\x{627}\x{628}"
            text run at (29,0) width 13: "(^"
        RenderBlock {P} at (0,2924) size 769x18
          RenderText {#text} at (0,0) size 20x18
            text run at (0,0) width 7: "?"
            text run at (7,0) width 13: "(^"
        RenderBlock {P} at (0,2958) size 769x18
          RenderText {#text} at (0,0) size 20x18
            text run at (0,0) width 7 RTL: "?"
            text run at (7,0) width 13: "(^"
