layer at (0,0) size 800x600
  RenderCanvas at (0,0) size 800x600
layer at (0,0) size 800x494
  RenderBlock {HTML} at (0,0) size 800x494
    RenderBody {BODY} at (8,16) size 784x462
      RenderBlock {P} at (0,0) size 784x54
        RenderText {TEXT} at (0,0) size 748x54
          text run at (0,0) width 733: "In each line, reading from left to right, the bracket should appear before the parenthesis. The"
          text run at (0,18) width 748: "bracket should be a left bracket and the parenthesis should be a right parenthesis. In each line,"
          text run at (0,36) width 600: "Roman characters and digits should be in increasing order from left to right."
      RenderBlock {P} at (0,70) size 784x18
        RenderText {TEXT} at (0,0) size 62x18
          text run at (0,0) width 27: "\x{5D0}\x{5D1}\x{5D2}"
          text run at (27,0) width 30: " def"
          text run at (57,0) width 5: " "
        RenderInline {SPAN} at (0,0) size 39x18
          RenderText {TEXT} at (62,0) size 39x18
            text run at (62,0) width 6: "]"
            text run at (68,0) width 33: "(\x{5D6}\x{5D7}\x{5D8}"
        RenderText {TEXT} at (101,0) size 24x18
          text run at (101,0) width 24: " jkl"
      RenderBlock {P} at (0,104) size 784x18
        RenderText {TEXT} at (0,0) size 62x18
          text run at (0,0) width 27: "\x{5D0}\x{5D1}\x{5D2}"
          text run at (27,0) width 30: " def"
          text run at (57,0) width 5: " "
        RenderInline {SPAN} at (0,0) size 36x18
          RenderText {TEXT} at (62,0) size 36x18
            text run at (62,0) width 6: "]"
            text run at (68,0) width 25: "ghi"
            text run at (93,0) width 5: "("
        RenderText {TEXT} at (98,0) size 24x18
          text run at (98,0) width 24: " jkl"
      RenderBlock {P} at (0,138) size 784x18
        RenderText {TEXT} at (0,0) size 33x18
          text run at (0,0) width 28: "abc"
          text run at (28,0) width 5: " "
        RenderInline {SPAN} at (0,0) size 58x18
          RenderText {TEXT} at (33,0) size 58x18
            text run at (33,0) width 6: "]"
            text run at (39,0) width 21: "23"
            text run at (60,0) width 5: " "
            text run at (65,0) width 21: "45"
            text run at (86,0) width 5: "("
        RenderText {TEXT} at (91,0) size 31x18
          text run at (91,0) width 31: " fgh"
      RenderBlock {P} at (0,172) size 784x18
        RenderText {TEXT} at (0,0) size 122x18
          text run at (0,0) width 28: "abc"
          text run at (28,0) width 5: " "
          text run at (33,0) width 5: "]"
          text run at (38,0) width 21: "23"
          text run at (59,0) width 5: " "
          text run at (64,0) width 21: "45"
          text run at (85,0) width 6: "\x{202B}("
          text run at (91,0) width 31: "\x{202C} fgh"
      RenderBlock {P} at (0,206) size 784x18
        RenderText {TEXT} at (0,0) size 109x18
          text run at (0,0) width 28: "abc"
          text run at (28,0) width 5: " "
          text run at (33,0) width 5: "]"
          text run at (38,0) width 40: "de fg"
          text run at (78,0) width 6: "\x{202B}("
          text run at (84,0) width 25: "\x{202C} hij"
      RenderBlock {P} at (0,240) size 784x18
        RenderText {TEXT} at (0,0) size 11x18
          text run at (0,0) width 11: "1"
        RenderInline {SPAN} at (0,0) size 54x18
          RenderText {TEXT} at (11,0) size 54x18
            text run at (11,0) width 6: "]"
            text run at (17,0) width 43: "ab cd"
            text run at (60,0) width 5: "("
        RenderText {TEXT} at (0,0) size 0x0
      RenderBlock {P} at (0,274) size 784x18
        RenderText {TEXT} at (0,0) size 11x18
          text run at (0,0) width 11: "1"
        RenderInline {SPAN} at (0,0) size 50x18
          RenderText {TEXT} at (11,0) size 50x18
            text run at (11,0) width 6: "]"
            text run at (17,0) width 20: " \x{5D2}\x{5D3}"
            text run at (37,0) width 19: "ab"
            text run at (56,0) width 5: "("
        RenderText {TEXT} at (0,0) size 0x0
      RenderBlock {P} at (0,308) size 784x18
        RenderText {TEXT} at (0,0) size 11x18
          text run at (0,0) width 11: "1"
        RenderInline {SPAN} at (0,0) size 21x18
          RenderText {TEXT} at (11,0) size 21x18
            text run at (11,0) width 5: "]"
            text run at (16,0) width 10: "2"
            text run at (26,0) width 6: "\x{202B}("
            text run at (32,0) width 0: "\x{202C}"
        RenderText {TEXT} at (0,0) size 0x0
      RenderBlock {P} at (0,342) size 784x18
        RenderText {TEXT} at (0,0) size 11x18
          text run at (0,0) width 11: "1"
        RenderInline {SPAN} at (0,0) size 20x18
          RenderText {TEXT} at (11,0) size 20x18
            text run at (11,0) width 5: "]"
            text run at (16,0) width 9: "a"
            text run at (25,0) width 6: "\x{202B}("
            text run at (31,0) width 0: "\x{202C}"
        RenderText {TEXT} at (0,0) size 0x0
      RenderBlock {P} at (0,376) size 784x18
        RenderText {TEXT} at (0,0) size 60x18
          text run at (0,0) width 10: "1"
          text run at (10,0) width 5: "]"
          text run at (15,0) width 20: " \x{5D2}\x{5D3}"
          text run at (35,0) width 19: "ab"
          text run at (54,0) width 6: "\x{202B}("
          text run at (60,0) width 0: "\x{202C}"
      RenderBlock {P} at (0,410) size 784x18
        RenderInline {SPAN} at (0,0) size 101x18
          RenderText {TEXT} at (0,0) size 101x18
            text run at (0,0) width 6: "]"
            text run at (6,0) width 28: "abc"
            text run at (34,0) width 37: " \x{5D0}\x{5D1}\x{5D2} "
            text run at (71,0) width 25: "def"
            text run at (96,0) width 5: "("
        RenderText {TEXT} at (0,0) size 0x0
      RenderBlock {P} at (0,444) size 784x18
        RenderText {TEXT} at (0,0) size 101x18
          text run at (0,0) width 5: "]"
          text run at (5,0) width 28: "abc"
          text run at (33,0) width 37: " \x{5D0}\x{5D1}\x{5D2} "
          text run at (70,0) width 25: "def"
          text run at (95,0) width 6: "\x{202B}("
          text run at (101,0) width 0: "\x{202C}"
