layer at (0,0) size 800x600
  RenderCanvas at (0,0) size 800x600
    KCanvasContainer {svg} at (0,0) size 100x100
      KCanvasItem {rect} at (0,0) size 100x100 [fill={[type=SOLID] [color=#FF0000]}] [data="M0.00,0.00L100.00,0.00L100.00,100.00L0.00,100.00"]
      RenderSVGText {text} at (0,0) size 785x18
        RenderText {#text} at (0,0) size 78x18
          text run at (0,0) width 78: "Text_Nodes"
      RenderSVGText {text} at (0,0) size 785x18
        RenderText {#text} at (0,0) size 331x18
          text run at (0,0) width 331: "S1.2.4-Text-Nodes-Adjacent-Next: assertTrue failed"
