layer at (0,0) size 800x600
  RenderCanvas at (0,0) size 800x600
    KCanvasContainer {svg} at (0,0) size 100x100
      KCanvasItem {rect} at (0,0) size 100x100 [fill={[type=SOLID] [color=#FF0000]}] [data="M0.00,0.00L100.00,0.00L100.00,100.00L0.00,100.00"]
      RenderSVGText {text} at (0,0) size 785x18
        RenderText {#text} at (0,0) size 494x18
          text run at (0,0) width 494: "XPathResult_snapshotItem_ORDERED_NODE_SNAPSHOT_TYPE_order"
      RenderSVGText {text} at (0,0) size 785x18
        RenderText {#text} at (0,0) size 140x18
          text run at (0,0) width 140: "TypeError: Null value"
