layer at (0,0) size 800x600
  RenderView at (0,0) size 800x600
    KCanvasContainer {svg} at (0,0) size 100x100
      KCanvasItem {rect} at (0,0) size 100x100 [fill={[type=SOLID] [color=#008000]}] [data="M0.00,0.00L100.00,0.00L100.00,100.00L0.00,100.00"]
      RenderSVGText {text} at (0,0) size 785x18
        RenderText {#text} at (0,0) size 412x18
          text run at (0,0) width 412: "XPathExpression_evaluate_NOT_SUPPORTED_ERR: Success"
