layer at (0,0) size 800x600
  RenderView at (0,0) size 800x600
layer at (0,0) size 800x600
  RenderBlock {HTML} at (0,0) size 800x600
    RenderBody {BODY} at (8,8) size 784x571
      RenderBlock (anonymous) at (0,0) size 784x18
        RenderText {#text} at (0,0) size 538x18
          text run at (0,0) width 538: "--> */ h1 { background-color: green; } /* This comment should be part of the style. */"
      RenderBlock {H1} at (0,39) size 784x37
        RenderText {#text} at (0,0) size 581x37
          text run at (0,0) width 581: "This text should have a green background."
