layer at (0,0) size 800x600
  RenderView at (0,0) size 800x600
layer at (0,0) size 800x600
  RenderBlock {HTML} at (0,0) size 800x600
    RenderBody {BODY} at (8,8) size 784x584
      RenderTextControl {TEXTAREA} at (2,2) size 163x28 [bgcolor=#FFFFFF] [border: (1px solid #000000)]
      RenderText {#text} at (0,0) size 0x0
      RenderText {#text} at (0,0) size 0x0
      RenderText {#text} at (0,0) size 0x0
layer at (11,11) size 161x26 clip at (11,11) size 146x26 scrollHeight 52
  RenderBlock {DIV} at (1,1) size 161x26
    RenderText {#text} at (3,0) size 140x39
      text run at (3,0) width 124: "<!-- </textarea> -->"
      text run at (127,0) width 0: " "
      text run at (3,13) width 140: "This should be part of the "
      text run at (3,26) width 44: "textarea"
      text run at (47,26) width 0: " "
    RenderBR {BR} at (3,39) size 0x13
