layer at (0,0) size 800x600
  RenderView at (0,0) size 800x600
layer at (0,0) size 800x600
  RenderBlock {HTML} at (0,0) size 800x600
    RenderBody {BODY} at (8,8) size 784x584
      RenderText {#text} at (133,22) size 246x18
        text run at (133,22) width 246: " This should not be part of the textarea."
      RenderText {#text} at (0,0) size 0x0
      RenderText {#text} at (0,0) size 0x0
layer at (10,10) size 129x32 clip at (11,11) size 112x30 scrollHeight 56
  RenderTextControl {TEXTAREA} at (2,2) size 129x32 [bgcolor=#FFFFFF] [border: (1px solid #000000)]
    RenderBlock {DIV} at (3,3) size 108x52
      RenderText {#text} at (0,0) size 108x39
        text run at (0,0) width 27: "<!--"
        text run at (27,0) width 0: " "
        text run at (0,13) width 105: "This should be part"
        text run at (105,13) width 3: " "
        text run at (0,26) width 83: "of the textarea."
        text run at (83,26) width 0: " "
      RenderBR {BR} at (0,39) size 0x13
