layer at (0,0) size 785x669
  RenderCanvas at (0,0) size 785x600
layer at (0,0) size 785x669
  RenderBlock {HTML} at (0,0) size 785x669
    RenderBody {BODY} at (8,8) size 769x645 [color=#333333] [bgcolor=#FFFFFF]
      RenderTable {TABLE} at (0,0) size 636x617 [border: (1px outset #808080)]
        RenderTableSection {TBODY} at (1,1) size 634x615
          RenderTableRow {TR} at (0,0) size 634x24
            RenderTableCell {TD} at (0,0) size 148x615 [bgcolor=#660000] [border: (1px inset #808080)] [r=0 c=0 rs=6 cs=1]
              RenderInline {B} at (0,0) size 64x15
                RenderInline {A} at (0,0) size 64x15
                  RenderInline {FONT} at (0,0) size 64x15 [color=#FFFFFF]
                    RenderText {#text} at (4,4) size 64x15
                      text run at (4,4) width 64: "MARKETS"
                  RenderBR {BR} at (68,16) size 0x0
              RenderText {#text} at (0,0) size 0x0
              RenderInline {A} at (0,0) size 32x15
                RenderInline {FONT} at (0,0) size 32x15 [color=#FFFFFF]
                  RenderText {#text} at (4,19) size 32x15
                    text run at (4,19) width 32: "News"
                RenderBR {BR} at (36,31) size 0x0
              RenderText {#text} at (0,0) size 0x0
              RenderInline {A} at (0,0) size 41x15
                RenderInline {FONT} at (0,0) size 41x15 [color=#FFFFFF]
                  RenderText {#text} at (4,34) size 41x15
                    text run at (4,34) width 41: "Stocks"
                RenderBR {BR} at (45,46) size 0x0
              RenderText {#text} at (0,0) size 0x0
              RenderInline {A} at (0,0) size 74x15
                RenderInline {FONT} at (0,0) size 74x15 [color=#FFFFFF]
                  RenderText {#text} at (4,49) size 74x15
                    text run at (4,49) width 74: "Tech Stocks"
                RenderBR {BR} at (78,61) size 0x0
              RenderText {#text} at (0,0) size 0x0
              RenderInline {A} at (0,0) size 117x15
                RenderInline {FONT} at (0,0) size 117x15 [color=#FFFFFF]
                  RenderText {#text} at (4,64) size 117x15
                    text run at (4,64) width 117: "Stocks on the Move"
                RenderBR {BR} at (121,76) size 0x0
              RenderText {#text} at (0,0) size 0x0
              RenderInline {A} at (0,0) size 65x15
                RenderInline {FONT} at (0,0) size 65x15 [color=#FFFFFF]
                  RenderText {#text} at (4,79) size 65x15
                    text run at (4,79) width 65: "IPO Center"
                RenderBR {BR} at (69,91) size 0x0
              RenderText {#text} at (0,0) size 0x0
              RenderInline {A} at (0,0) size 79x15
                RenderInline {FONT} at (0,0) size 79x15 [color=#FFFFFF]
                  RenderText {#text} at (4,94) size 79x15
                    text run at (4,94) width 79: "World Indices"
                RenderBR {BR} at (83,106) size 0x0
              RenderText {#text} at (0,0) size 0x0
              RenderInline {A} at (0,0) size 88x15
                RenderInline {FONT} at (0,0) size 88x15 [color=#FFFFFF]
                  RenderInline {NOBR} at (0,0) size 88x15
                    RenderText {#text} at (4,109) size 88x15
                      text run at (4,109) width 88: "Rates & Bonds"
                RenderBR {BR} at (92,121) size 0x0
              RenderText {#text} at (0,0) size 0x0
              RenderInline {A} at (0,0) size 91x15
                RenderInline {FONT} at (0,0) size 91x15 [color=#FFFFFF]
                  RenderText {#text} at (4,124) size 91x15
                    text run at (4,124) width 91: "U.S. Treasuries"
                RenderBR {BR} at (95,136) size 0x0
              RenderText {#text} at (0,0) size 0x0
              RenderInline {A} at (0,0) size 62x15
                RenderInline {FONT} at (0,0) size 62x15 [color=#FFFFFF]
                  RenderText {#text} at (4,139) size 62x15
                    text run at (4,139) width 62: "Currencies"
                RenderBR {BR} at (66,151) size 0x0
              RenderText {#text} at (0,0) size 0x0
              RenderInline {A} at (0,0) size 114x15
                RenderInline {FONT} at (0,0) size 114x15 [color=#FFFFFF]
                  RenderText {#text} at (4,154) size 114x15
                    text run at (4,154) width 114: "Currency Calculator"
                RenderBR {BR} at (118,166) size 0x0
              RenderText {#text} at (0,0) size 0x0
              RenderInline {A} at (0,0) size 76x15
                RenderInline {FONT} at (0,0) size 76x15 [color=#FFFFFF]
                  RenderText {#text} at (4,169) size 76x15
                    text run at (4,169) width 76: "Commodities"
                RenderBR {BR} at (80,181) size 0x0
              RenderText {#text} at (0,0) size 0x0
              RenderBR {BR} at (4,184) size 0x18
              RenderInline {B} at (0,0) size 48x15
                RenderInline {A} at (0,0) size 48x15
                  RenderInline {FONT} at (0,0) size 48x15 [color=#FFFFFF]
                    RenderText {#text} at (4,202) size 48x15
                      text run at (4,202) width 48: "MONEY"
                  RenderBR {BR} at (52,214) size 0x0
              RenderText {#text} at (0,0) size 0x0
              RenderInline {A} at (0,0) size 79x15
                RenderInline {FONT} at (0,0) size 79x15 [color=#FFFFFF]
                  RenderText {#text} at (4,217) size 79x15
                    text run at (4,217) width 79: "Mutual Funds"
                RenderBR {BR} at (83,229) size 0x0
              RenderText {#text} at (0,0) size 0x0
              RenderInline {A} at (0,0) size 48x15
                RenderInline {FONT} at (0,0) size 48x15 [color=#FFFFFF]
                  RenderText {#text} at (4,232) size 48x15
                    text run at (4,232) width 48: "Portfolio"
                RenderBR {BR} at (52,244) size 0x0
              RenderText {#text} at (0,0) size 0x0
              RenderInline {A} at (0,0) size 70x15
                RenderInline {FONT} at (0,0) size 70x15 [color=#FFFFFF]
                  RenderText {#text} at (4,247) size 70x15
                    text run at (4,247) width 70: "Loan Center"
                RenderBR {BR} at (74,259) size 0x0
              RenderText {#text} at (0,0) size 0x0
              RenderInline {A} at (0,0) size 116x15
                RenderInline {FONT} at (0,0) size 116x15 [color=#FFFFFF]
                  RenderText {#text} at (4,262) size 116x15
                    text run at (4,262) width 116: "Mortgage Calculator"
                RenderBR {BR} at (120,274) size 0x0
              RenderText {#text} at (0,0) size 0x0
              RenderInline {A} at (0,0) size 53x15
                RenderInline {FONT} at (0,0) size 53x15 [color=#FFFFFF]
                  RenderText {#text} at (4,277) size 53x15
                    text run at (4,277) width 53: "Investing"
                RenderBR {BR} at (57,289) size 0x0
              RenderText {#text} at (0,0) size 0x0
              RenderInline {A} at (0,0) size 63x15
                RenderInline {FONT} at (0,0) size 63x15 [color=#FFFFFF]
                  RenderText {#text} at (4,292) size 63x15
                    text run at (4,292) width 63: "Retirement"
                RenderBR {BR} at (67,304) size 0x0
              RenderText {#text} at (0,0) size 0x0
              RenderInline {A} at (0,0) size 120x15
                RenderInline {FONT} at (0,0) size 120x15 [color=#FFFFFF]
                  RenderText {#text} at (4,307) size 120x15
                    text run at (4,307) width 120: "Negocios Bloomberg"
                RenderBR {BR} at (124,319) size 0x0
              RenderText {#text} at (0,0) size 0x0
              RenderBR {BR} at (4,322) size 0x18
              RenderInline {B} at (0,0) size 78x15
                RenderInline {A} at (0,0) size 78x15
                  RenderInline {FONT} at (0,0) size 78x15 [color=#FFFFFF]
                    RenderText {#text} at (4,340) size 78x15
                      text run at (4,340) width 78: "MAGAZINES"
                  RenderBR {BR} at (82,352) size 0x0
              RenderText {#text} at (0,0) size 0x0
              RenderInline {A} at (0,0) size 101x15
                RenderInline {FONT} at (0,0) size 101x15 [color=#FFFFFF]
                  RenderText {#text} at (4,355) size 101x15
                    text run at (4,355) width 101: "Personal Finance"
                RenderBR {BR} at (105,367) size 0x0
              RenderText {#text} at (0,0) size 0x0
              RenderInline {A} at (0,0) size 94x15
                RenderInline {FONT} at (0,0) size 94x15 [color=#FFFFFF]
                  RenderText {#text} at (4,370) size 94x15
                    text run at (4,370) width 94: "Wealth Manager"
                RenderBR {BR} at (98,382) size 0x0
              RenderText {#text} at (0,0) size 0x0
              RenderBR {BR} at (4,385) size 0x18
              RenderInline {FONT} at (0,0) size 124x15 [color=#FFFFFF]
                RenderInline {B} at (0,0) size 124x15
                  RenderText {#text} at (4,403) size 124x15
                    text run at (4,403) width 124: "BUSINESS CENTER"
                RenderBR {BR} at (128,415) size 0x0
              RenderText {#text} at (0,0) size 0x0
              RenderInline {A} at (0,0) size 91x15
                RenderInline {FONT} at (0,0) size 91x15 [color=#FFFFFF]
                  RenderText {#text} at (4,418) size 91x15
                    text run at (4,418) width 91: "Small Business"
                RenderBR {BR} at (95,430) size 0x0
              RenderText {#text} at (0,0) size 0x0
              RenderBR {BR} at (4,433) size 0x18
              RenderInline {B} at (0,0) size 63x15
                RenderInline {A} at (0,0) size 63x15
                  RenderInline {FONT} at (0,0) size 63x15 [color=#FFFFFF]
                    RenderText {#text} at (4,451) size 63x15
                      text run at (4,451) width 63: "CAREERS"
                  RenderBR {BR} at (67,463) size 0x0
              RenderText {#text} at (0,0) size 0x0
              RenderBR {BR} at (4,466) size 0x18
              RenderInline {B} at (0,0) size 29x15
                RenderInline {A} at (0,0) size 29x15
                  RenderInline {FONT} at (0,0) size 29x15 [color=#FFFFFF]
                    RenderText {#text} at (4,484) size 29x15
                      text run at (4,484) width 29: "LIFE"
                  RenderBR {BR} at (33,496) size 0x0
              RenderText {#text} at (0,0) size 0x0
              RenderInline {A} at (0,0) size 98x15
                RenderInline {FONT} at (0,0) size 98x15 [color=#FFFFFF]
                  RenderText {#text} at (4,499) size 98x15
                    text run at (4,499) width 98: "The Finer Things"
                RenderBR {BR} at (102,511) size 0x0
              RenderText {#text} at (0,0) size 0x0
              RenderInline {A} at (0,0) size 38x15
                RenderInline {FONT} at (0,0) size 38x15 [color=#FFFFFF]
                  RenderText {#text} at (4,514) size 38x15
                    text run at (4,514) width 38: "Sports"
                RenderBR {BR} at (42,526) size 0x0
              RenderText {#text} at (0,0) size 0x0
              RenderInline {A} at (0,0) size 74x15
                RenderInline {FONT} at (0,0) size 74x15 [color=#FFFFFF]
                  RenderText {#text} at (4,529) size 74x15
                    text run at (4,529) width 74: "Charlie Rose"
                RenderBR {BR} at (78,541) size 0x0
              RenderText {#text} at (0,0) size 0x0
              RenderInline {A} at (0,0) size 76x15
                RenderInline {FONT} at (0,0) size 76x15 [color=#FFFFFF]
                  RenderText {#text} at (4,544) size 76x15
                    text run at (4,544) width 76: "B-Commerce"
                RenderBR {BR} at (80,556) size 0x0
              RenderBR {BR} at (4,559) size 0x18
              RenderImage {IMG} at (4,577) size 140x1
              RenderBR {BR} at (144,578) size 0x0
              RenderInline {A} at (0,0) size 74x15
                RenderInline {FONT} at (0,0) size 74x15 [color=#FFFFFF]
                  RenderText {#text} at (4,578) size 74x15
                    text run at (4,578) width 74: "To Advertise"
                RenderBR {BR} at (78,590) size 0x0
              RenderBR {BR} at (4,593) size 0x18
            RenderTableCell {TD} at (148,0) size 486x24 [bgcolor=#660000] [border: (1px inset #808080)] [r=0 c=1 rs=1 cs=3]
              RenderImage {IMG} at (10,4) size 465x16
          RenderTableRow {TR} at (0,24) size 634x69
            RenderTableCell {TD} at (148,24) size 128x69 [border: (1px inset #808080)] [r=1 c=1 rs=1 cs=1]
              RenderInline {A} at (0,0) size 120x14
                RenderText {#text} at (0,0) size 0x0
                RenderImage {IMG} at (4,4) size 120x60
              RenderText {#text} at (0,0) size 0x0
              RenderText {#text} at (0,0) size 0x0
              RenderImage {IMG} at (4,64) size 120x1
            RenderTableCell {TD} at (276,24) size 175x69 [border: (1px inset #808080)] [r=1 c=2 rs=1 cs=1]
              RenderInline {A} at (0,0) size 167x14
                RenderText {#text} at (0,0) size 0x0
                RenderImage {IMG} at (4,4) size 167x60
              RenderText {#text} at (0,0) size 0x0
              RenderText {#text} at (0,0) size 0x0
              RenderImage {IMG} at (4,64) size 167x1
            RenderTableCell {TD} at (451,24) size 183x531 [bgcolor=#CCCC99] [border: (1px inset #808080)] [r=1 c=3 rs=6 cs=1]
              RenderBlock (anonymous) at (4,4) size 175x31
                RenderInline {FONT} at (0,0) size 152x13
                  RenderInline {FONT} at (0,0) size 152x13
                    RenderInline {SPAN} at (0,0) size 152x13
                      RenderText {#text} at (11,0) size 152x13
                        text run at (11,0) width 152: "Tue, 27 Jul 1999, 2:47pm EDT"
                      RenderBR {BR} at (163,10) size 0x0
                RenderText {#text} at (0,0) size 0x0
                RenderInline {FONT} at (0,0) size 121x16 [color=#000000]
                  RenderInline {B} at (0,0) size 121x16
                    RenderInline {SPAN} at (0,0) size 121x16
                      RenderText {#text} at (27,14) size 121x16
                        text run at (27,14) width 121: "Market Snapshot"
                      RenderBR {BR} at (148,27) size 0x0
                RenderText {#text} at (0,0) size 0x0
              RenderBlock {CENTER} at (4,35) size 175x492
                RenderInline {A} at (0,0) size 175x14
                  RenderImage {IMG} at (0,0) size 175x270
                RenderText {#text} at (0,0) size 0x0
                RenderText {#text} at (0,0) size 0x0
                RenderInline {A} at (0,0) size 161x14
                  RenderText {#text} at (0,0) size 0x0
                  RenderImage {IMG} at (7,270) size 161x30
                RenderText {#text} at (0,0) size 0x0
                RenderText {#text} at (0,0) size 0x0
                RenderInline {FONT} at (0,0) size 171x16 [color=#000000]
                  RenderInline {B} at (0,0) size 171x16
                    RenderInline {SPAN} at (0,0) size 171x16
                      RenderText {#text} at (2,300) size 171x16
                        text run at (2,300) width 171: "Financial Market Update"
                      RenderBR {BR} at (173,313) size 0x0
                RenderText {#text} at (0,0) size 0x0
                RenderInline {FONT} at (0,0) size 79x13
                  RenderInline {A} at (0,0) size 30x13
                    RenderText {#text} at (48,317) size 30x13
                      text run at (48,317) width 30: "AUDIO"
                  RenderText {#text} at (78,317) size 17x13
                    text run at (78,317) width 17: "  |   "
                  RenderInline {A} at (0,0) size 29x13
                    RenderText {#text} at (95,317) size 29x13
                      text run at (95,317) width 29: "VIDEO"
                  RenderText {#text} at (124,317) size 3x13
                    text run at (124,317) width 3: " "
                RenderText {#text} at (0,0) size 0x0
                RenderBR {BR} at (0,0) size 0x0
                RenderBR {BR} at (87,331) size 0x18
                RenderBR {BR} at (87,349) size 0x18
                RenderInline {A} at (0,0) size 125x14
                  RenderText {#text} at (0,0) size 0x0
                  RenderImage {IMG} at (25,367) size 125x125
                RenderText {#text} at (0,0) size 0x0
                RenderText {#text} at (0,0) size 0x0
          RenderTableRow {TR} at (0,93) size 634x116
            RenderTableCell {TD} at (148,93) size 303x116 [bgcolor=#FFFFFF] [border: (1px inset #808080)] [r=2 c=1 rs=1 cs=2]
              RenderInline {A} at (0,0) size 0x0
                RenderImage {IMG} at (4,4) size 288x26
              RenderBR {BR} at (295,4) size 0x18
              RenderBR {BR} at (295,22) size 0x18
              RenderInline {A} at (0,0) size 274x54
                RenderInline {SPAN} at (0,0) size 274x54
                  RenderText {#text} at (4,40) size 274x54
                    text run at (4,40) width 264: "Looking for a new approach to investing?"
                    text run at (4,58) width 274: "How about a portfolio where every holding"
                    text run at (4,76) width 207: "has a word for its stock symbol? "
              RenderBR {BR} at (0,0) size 0x0
              RenderInline {SPAN} at (0,0) size 46x18
                RenderInline {A} at (0,0) size 46x18
                  RenderText {#text} at (4,94) size 46x18
                    text run at (4,94) width 46: "More..."
              RenderText {#text} at (0,0) size 0x0
          RenderTableRow {TR} at (0,209) size 634x366
            RenderTableCell {TD} at (148,209) size 303x366 [bgcolor=#C0C0C0] [border: (1px inset #808080)] [r=3 c=1 rs=1 cs=2]
              RenderImage {IMG} at (4,4) size 290x35
              RenderBR {BR} at (294,39) size 0x0
              RenderInline {A} at (0,0) size 251x16
                RenderInline {FONT} at (0,0) size 251x16
                  RenderInline {SPAN} at (0,0) size 251x16
                    RenderInline {STRON} at (0,0) size 251x16
                      RenderInline {U} at (0,0) size 251x16
                        RenderText {#text} at (4,39) size 251x16
                          text run at (4,39) width 251: "Use BLOOMBERG.com to Find a New Job"
              RenderBR {BR} at (255,52) size 0x0
              RenderInline {FONT} at (0,0) size 288x67
                RenderInline {SPAN} at (0,0) size 288x67
                  RenderText {#text} at (4,56) size 288x67
                    text run at (4,56) width 283: "Whether you know what you're looking for or"
                    text run at (4,73) width 288: "just know you're looking, the new career page"
                    text run at (4,90) width 282: "offers better searches, news, and calculators"
                    text run at (4,107) width 107: "than ever before."
              RenderBR {BR} at (111,120) size 0x0
              RenderInline {A} at (0,0) size 243x16
                RenderInline {FONT} at (0,0) size 243x16
                  RenderInline {SPAN} at (0,0) size 243x16
                    RenderInline {STRONG} at (0,0) size 243x16
                      RenderInline {U} at (0,0) size 243x16
                        RenderText {#text} at (4,124) size 243x16
                          text run at (4,124) width 243: "Bloomberg News on Rocket eBook"
              RenderBR {BR} at (247,137) size 0x0
              RenderInline {FONT} at (0,0) size 288x101
                RenderInline {SPAN} at (0,0) size 288x101
                  RenderText {#text} at (4,141) size 288x101
                    text run at (4,141) width 244: "Bloomberg's Top Financial News is now"
                    text run at (4,158) width 283: "available for download on your Rocket eBook."
                    text run at (4,175) width 288: "Get tomorrow's news today with Bloomberg's"
                    text run at (4,192) width 285: "summary of the day's top stories. Bloomberg"
                    text run at (4,209) width 285: "daily RocketEditions are FREE until September"
                    text run at (4,226) width 13: "1."
              RenderBR {BR} at (17,239) size 0x0
              RenderInline {A} at (0,0) size 163x16
                RenderInline {FONT} at (0,0) size 163x16
                  RenderInline {SPAN} at (0,0) size 163x16
                    RenderInline {STRONG} at (0,0) size 163x16
                      RenderInline {U} at (0,0) size 163x16
                        RenderText {#text} at (4,243) size 163x16
                          text run at (4,243) width 163: "Bloomberg News to Go"
              RenderBR {BR} at (167,256) size 0x0
              RenderInline {FONT} at (0,0) size 282x50
                RenderInline {SPAN} at (0,0) size 282x50
                  RenderText {#text} at (4,260) size 282x50
                    text run at (4,260) width 183: "Get tomorrow's news today. "
                    text run at (187,260) width 86: "FREE weekday"
                    text run at (4,277) width 277: "email report of the top stories in business &"
                    text run at (4,294) width 282: "finance from BLOOMBERG NEWS at 5pm EST."
              RenderBR {BR} at (286,307) size 0x0
              RenderInline {A} at (0,0) size 215x16
                RenderInline {FONT} at (0,0) size 215x16
                  RenderInline {SPAN} at (0,0) size 215x16
                    RenderInline {STRONG} at (0,0) size 215x16
                      RenderInline {U} at (0,0) size 215x16
                        RenderText {#text} at (4,311) size 215x16
                          text run at (4,311) width 215: "Bloomberg Year 2000 Letters"
              RenderBR {BR} at (219,324) size 0x0
              RenderInline {FONT} at (0,0) size 233x33
                RenderInline {SPAN} at (0,0) size 233x33
                  RenderText {#text} at (4,328) size 233x33
                    text run at (4,328) width 233: "For Y2K information on BLOOMBERG,"
                    text run at (4,345) width 228: "download our customer letters now."
              RenderBR {BR} at (232,358) size 0x0
      RenderBlock {P} at (0,633) size 769x12
        RenderInline {FONT} at (0,0) size 424x12
          RenderText {#text} at (0,0) size 197x12
            text run at (0,0) width 197: "\x{A9}1999 Bloomberg L.P. All rights reserved. "
          RenderInline {A} at (0,0) size 77x12
            RenderText {#text} at (197,0) size 77x12
              text run at (197,0) width 77: "Terms of Service"
          RenderText {#text} at (274,0) size 6x12
            text run at (274,0) width 6: ", "
          RenderInline {A} at (0,0) size 63x12
            RenderText {#text} at (280,0) size 63x12
              text run at (280,0) width 63: "Privacy Policy"
          RenderText {#text} at (343,0) size 24x12
            text run at (343,0) width 24: " and "
          RenderInline {A} at (0,0) size 54x12
            RenderText {#text} at (367,0) size 54x12
              text run at (367,0) width 54: "Trademarks"
          RenderText {#text} at (421,0) size 3x12
            text run at (421,0) width 3: "."
        RenderText {#text} at (0,0) size 0x0
        RenderText {#text} at (0,0) size 0x0
        RenderText {#text} at (0,0) size 0x0
