layer at (0,0) size 785x15634
  RenderCanvas at (0,0) size 785x600
layer at (0,0) size 785x15634
  RenderBlock {HTML} at (0,0) size 785x15634
    RenderBody {BODY} at (8,8) size 769x15618
      RenderTable {TABLE} at (0,0) size 39x584 [bgcolor=#0000FF] [border: (1px outset #808080)]
        RenderTableSection {TBODY} at (1,1) size 37x582
          RenderTableRow {TR} at (0,2) size 37x114
            RenderTableCell {TD} at (2,48) size 33x22 [border: (1px inset #808080)] [r=0 c=0 rs=1 cs=1]
              RenderText {#text} at (2,2) size 29x18
                text run at (2,2) width 29: "20%"
          RenderTableRow {TR} at (0,118) size 37x462
            RenderTableCell {TD} at (2,338) size 33x22 [border: (1px inset #808080)] [r=1 c=0 rs=1 cs=1]
              RenderText {#text} at (2,2) size 29x18
                text run at (2,2) width 29: "80%"
      RenderBlock (anonymous) at (0,584) size 769x18
        RenderBR {BR} at (0,0) size 0x18
      RenderTable {TABLE} at (0,602) size 55x106 [bgcolor=#0000FF] [border: (1px outset #808080)]
        RenderTableSection {TBODY} at (1,1) size 53x104
          RenderTableRow {TR} at (0,2) size 53x48
            RenderTableCell {TD} at (2,15) size 49x22 [border: (1px inset #808080)] [r=0 c=0 rs=1 cs=1]
              RenderText {#text} at (2,2) size 45x18
                text run at (2,2) width 45: "row 50"
          RenderTableRow {TR} at (0,52) size 53x50
            RenderTableCell {TD} at (2,66) size 49x22 [border: (1px inset #808080)] [r=1 c=0 rs=1 cs=1]
              RenderText {#text} at (2,2) size 16x18
                text run at (2,2) width 16: "50"
      RenderBlock (anonymous) at (0,708) size 769x18
        RenderBR {BR} at (0,0) size 0x18
      RenderTable {TABLE} at (0,726) size 26x116 [bgcolor=#0000FF] [border: (1px outset #808080)]
        RenderTableSection {TBODY} at (1,1) size 24x114
          RenderTableRow {TR} at (0,2) size 24x58
            RenderTableCell {TD} at (2,2) size 20x58 [border: (1px inset #808080)] [r=0 c=0 rs=1 cs=1]
              RenderText {#text} at (2,2) size 8x54
                text run at (2,2) width 8: "5"
                text run at (2,20) width 8: "5"
                text run at (2,38) width 8: "5"
          RenderTableRow {TR} at (0,62) size 24x50
            RenderTableCell {TD} at (2,76) size 20x22 [border: (1px inset #808080)] [r=1 c=0 rs=1 cs=1]
              RenderText {#text} at (2,2) size 16x18
                text run at (2,2) width 16: "50"
      RenderTable {TABLE} at (0,842) size 34x258 [bgcolor=#0000FF] [border: (1px outset #808080)]
        RenderTableSection {TBODY} at (1,1) size 32x256
          RenderTableRow {TR} at (0,2) size 32x200
            RenderTableCell {TD} at (2,91) size 28x22 [border: (1px inset #808080)] [r=0 c=0 rs=1 cs=1]
              RenderText {#text} at (2,2) size 24x18
                text run at (2,2) width 24: "200"
          RenderTableRow {TR} at (0,204) size 32x50
            RenderTableCell {TD} at (2,218) size 28x22 [border: (1px inset #808080)] [r=1 c=0 rs=1 cs=1]
              RenderText {#text} at (2,2) size 16x18
                text run at (2,2) width 16: "50"
      RenderBlock (anonymous) at (0,1100) size 769x18
        RenderBR {BR} at (0,0) size 0x18
      RenderTable {TABLE} at (0,1118) size 34x258 [bgcolor=#0000FF] [border: (1px outset #808080)]
        RenderTableSection {TBODY} at (1,1) size 32x256
          RenderTableRow {TR} at (0,2) size 32x200
            RenderTableCell {TD} at (2,91) size 28x22 [border: (1px inset #808080)] [r=0 c=0 rs=1 cs=1]
              RenderText {#text} at (2,2) size 24x18
                text run at (2,2) width 24: "200"
          RenderTableRow {TR} at (0,204) size 32x50
            RenderTableCell {TD} at (2,218) size 28x22 [border: (1px inset #808080)] [r=1 c=0 rs=1 cs=1]
              RenderText {#text} at (2,2) size 16x18
                text run at (2,2) width 16: "50"
      RenderBlock (anonymous) at (0,1376) size 769x18
        RenderBR {BR} at (0,0) size 0x18
      RenderTable {TABLE} at (0,1394) size 64x208 [bgcolor=#FFA500] [border: (1px outset #808080)]
        RenderTableSection {TBODY} at (1,1) size 62x206
          RenderTableRow {TR} at (0,2) size 62x100
            RenderTableCell {TD} at (2,92) size 28x22 [border: (1px inset #808080)] [r=0 c=0 rs=2 cs=1]
              RenderText {#text} at (2,2) size 24x18
                text run at (2,2) width 24: "100"
            RenderTableCell {TD} at (32,41) size 28x22 [border: (1px inset #808080)] [r=0 c=1 rs=1 cs=1]
              RenderText {#text} at (2,2) size 24x18
                text run at (2,2) width 24: "100"
          RenderTableRow {TR} at (0,104) size 62x100
            RenderTableCell {TD} at (32,125) size 28x58 [border: (1px inset #808080)] [r=1 c=1 rs=1 cs=1]
              RenderText {#text} at (2,2) size 24x54
                text run at (2,2) width 24: "100"
                text run at (2,20) width 24: "100"
                text run at (2,38) width 24: "100"
      RenderBlock (anonymous) at (0,1602) size 769x18
        RenderBR {BR} at (0,0) size 0x18
      RenderTable {TABLE} at (0,1620) size 47x28 [bgcolor=#FFFF00] [border: (1px outset #808080)]
        RenderTableSection {TBODY} at (1,1) size 45x26
          RenderTableRow {TR} at (0,2) size 45x22
            RenderTableCell {TD} at (2,2) size 41x22 [border: (1px inset #808080)] [r=0 c=0 rs=1 cs=1]
              RenderText {#text} at (2,2) size 37x18
                text run at (2,2) width 37: "100%"
      RenderBlock (anonymous) at (0,1648) size 769x18
        RenderBR {BR} at (0,0) size 0x18
      RenderTable {TABLE} at (0,1666) size 39x1666 [bgcolor=#FFA500] [border: (1px outset #808080)]
        RenderTableSection {TBODY} at (1,1) size 37x1664
          RenderTableRow {TR} at (0,2) size 37x330
            RenderTableCell {TD} at (2,156) size 33x22 [border: (1px inset #808080)] [r=0 c=0 rs=1 cs=1]
              RenderText {#text} at (2,2) size 29x18
                text run at (2,2) width 29: "20%"
          RenderTableRow {TR} at (0,334) size 37x1328
            RenderTableCell {TD} at (2,987) size 33x22 [border: (1px inset #808080)] [r=1 c=0 rs=1 cs=1]
              RenderText {#text} at (2,2) size 29x18
                text run at (2,2) width 29: "80%"
      RenderBlock (anonymous) at (0,3332) size 769x18
        RenderBR {BR} at (0,0) size 0x18
      RenderTable {TABLE} at (0,3350) size 61x206 [bgcolor=#808080] [border: (1px outset #808080)]
        RenderTableSection {TBODY} at (1,1) size 59x204
          RenderTableRow {TR} at (0,2) size 59x200
            RenderTableCell {TD} at (2,91) size 25x22 [border: (1px inset #808080)] [r=0 c=0 rs=1 cs=1]
              RenderText {#text} at (2,2) size 21x18
                text run at (2,2) width 21: "5%"
            RenderTableCell {TD} at (29,91) size 28x22 [border: (1px inset #808080)] [r=0 c=1 rs=1 cs=1]
              RenderText {#text} at (2,2) size 24x18
                text run at (2,2) width 24: "200"
      RenderBlock (anonymous) at (0,3556) size 769x18
        RenderBR {BR} at (0,0) size 0x18
      RenderTable {TABLE} at (0,3574) size 61x198 [bgcolor=#FFA500] [border: (1px outset #808080)]
        RenderTableSection {TBODY} at (1,1) size 59x196
          RenderTableRow {TR} at (0,2) size 59x192
            RenderTableCell {TD} at (2,87) size 33x22 [border: (1px inset #808080)] [r=0 c=0 rs=1 cs=1]
              RenderText {#text} at (2,2) size 29x18
                text run at (2,2) width 29: "50%"
            RenderTableCell {TD} at (37,87) size 20x22 [border: (1px inset #808080)] [r=0 c=1 rs=1 cs=1]
              RenderText {#text} at (2,2) size 16x18
                text run at (2,2) width 16: "20"
      RenderBlock (anonymous) at (0,3772) size 769x18
        RenderBR {BR} at (0,0) size 0x18
      RenderTable {TABLE} at (0,3790) size 39x3789 [border: (1px outset #808080)]
        RenderTableSection {TBODY} at (1,1) size 37x3787
          RenderTableRow {TR} at (0,2) size 37x536
            RenderTableCell {TD} at (2,259) size 33x22 [border: (1px inset #808080)] [r=0 c=0 rs=1 cs=1]
              RenderText {#text} at (2,2) size 24x18
                text run at (2,2) width 24: "500"
          RenderTableRow {TR} at (0,540) size 37x3245
            RenderTableCell {TD} at (2,2151) size 33x22 [border: (1px inset #808080)] [r=1 c=0 rs=1 cs=1]
              RenderText {#text} at (2,2) size 29x18
                text run at (2,2) width 29: "80%"
      RenderBlock (anonymous) at (0,7579) size 769x18
        RenderBR {BR} at (0,0) size 0x18
      RenderTable {TABLE} at (0,7597) size 103x7597 [bgcolor=#FF0000] [border: (1px outset #808080)]
        RenderTableSection {TBODY} at (1,1) size 101x7595
          RenderTableRow {TR} at (0,2) size 101x2377
            RenderTableCell {TD} at (2,2596) size 31x22 [border: (1px inset #808080)] [r=0 c=0 rs=2 cs=1]
              RenderText {#text} at (2,2) size 24x18
                text run at (2,2) width 24: "500"
            RenderTableCell {TD} at (35,1179) size 31x22 [border: (1px inset #808080)] [r=0 c=1 rs=1 cs=1]
              RenderText {#text} at (2,2) size 27x18
                text run at (2,2) width 27: "auto"
          RenderTableRow {TR} at (0,2381) size 101x2832
            RenderTableCell {TD} at (35,3786) size 31x22 [border: (1px inset #808080)] [r=1 c=1 rs=1 cs=1]
              RenderText {#text} at (2,2) size 27x18
                text run at (2,2) width 27: "auto"
            RenderTableCell {TD} at (68,3786) size 31x22 [border: (1px inset #808080)] [r=1 c=2 rs=1 cs=1]
              RenderText {#text} at (2,2) size 27x18
                text run at (2,2) width 27: "auto"
          RenderTableRow {TR} at (0,5215) size 101x2378
            RenderTableCell {TD} at (2,6393) size 31x22 [border: (1px inset #808080)] [r=2 c=0 rs=1 cs=1]
              RenderText {#text} at (2,2) size 27x18
                text run at (2,2) width 27: "auto"
            RenderTableCell {TD} at (35,6393) size 31x22 [border: (1px inset #808080)] [r=2 c=1 rs=1 cs=1]
              RenderText {#text} at (2,2) size 27x18
                text run at (2,2) width 27: "auto"
      RenderBlock (anonymous) at (0,15194) size 769x18
        RenderBR {BR} at (0,0) size 0x18
      RenderTable {TABLE} at (0,15212) size 53x406 [bgcolor=#FFA500] [border: (1px outset #808080)]
        RenderTableSection {TBODY} at (1,1) size 51x404
          RenderTableRow {TR} at (0,2) size 51x400
            RenderTableCell {TD} at (2,2) size 47x400 [border: (1px inset #808080)] [r=0 c=0 rs=1 cs=1]
              RenderTable {TABLE} at (2,2) size 43x396 [bgcolor=#0000FF]
                RenderTableSection {TBODY} at (0,0) size 43x396
                  RenderTableRow {TR} at (0,2) size 43x392
                    RenderTableCell {TD} at (2,188) size 39x20 [r=0 c=0 rs=1 cs=1]
                      RenderText {#text} at (1,1) size 37x18
                        text run at (1,1) width 37: "100%"
