layer at (0,0) size 785x20080
  RenderView at (0,0) size 785x600
layer at (0,0) size 785x20080
  RenderBlock {html} at (0,0) size 785x20080
    RenderBody {body} at (8,16) size 769x20056
      RenderBlock {p} at (0,0) size 769x36
        RenderText {#text} at (0,0) size 764x36
          text run at (0,0) width 406: "The circle below is a link. When you activate the circle, nothing "
          text run at (406,0) width 358: "should happen. If the document scrolls or the image pans"
          text run at (0,18) width 67: "when you "
          text run at (67,18) width 219: "activate the link, the test has failed."
      RenderBlock (anonymous) at (0,52) size 769x20004
        RenderSVGRoot {svg} at (8,68) size 100x20000
          RenderSVGContainer {a} at (8,68) size 100x100
            RenderSVGPath {circle} at (8,68) size 100x100 [fill={[type=SOLID] [color=#0000FF]}] [cx=50.00] [cy=50.00] [r=50.00]
          RenderSVGPath {circle} at (8,19968) size 100x100 [fill={[type=SOLID] [color=#FF0000]}] [cx=50.00] [cy=19950.00] [r=50.00]
        RenderText {#text} at (0,0) size 0x0
