layer at (0,0) size 800x600
  RenderCanvas at (0,0) size 800x600
layer at (0,0) size 800x600
  RenderBlock {HTML} at (0,0) size 800x600
    RenderBody {BODY} at (8,8) size 784x584
      RenderBlock {DIV} at (0,0) size 784x140 [border: (2px solid #0000FF)]
        RenderText {TEXT} at (14,14) size 742x56
          text run at (14,14) width 742: "You should see one \"x\" followed by two blank lines, then one more \"x\". The"
          text run at (14,42) width 740: "blank lines in between the characters should be the same height. The second"
        RenderInline {B} at (0,0) size 50x28
          RenderText {TEXT} at (14,70) size 50x28
            text run at (14,70) width 50: "must"
        RenderText {TEXT} at (64,70) size 369x28
          text run at (64,70) width 369: " be the same height as the first. See: <"
        RenderInline {A} at (0,0) size 232x28 [color=#0000EE]
          RenderText {TEXT} at (433,70) size 232x28
            text run at (433,70) width 232: "rdar://problem/3959727"
        RenderText {TEXT} at (665,70) size 665x56
          text run at (665,70) width 14: ">"
          text run at (14,98) width 557: "REGRESSION (Mail): Style not preserved on blank lines"
      RenderBlock {DIV} at (0,164) size 784x276
        RenderBlock {DIV} at (0,0) size 784x69
          RenderInline {FONT} at (0,0) size 30x55
            RenderInline {SPAN} at (0,0) size 30x69
              RenderText {TEXT} at (0,0) size 30x69
                text run at (0,0) width 30: "x"
        RenderBlock {DIV} at (0,69) size 784x69
          RenderInline {FONT} at (0,0) size 0x55
            RenderInline {SPAN} at (0,0) size 0x69
              RenderBR {BR} at (0,0) size 0x69
        RenderBlock {DIV} at (0,138) size 784x69
          RenderInline {FONT} at (0,0) size 0x55
            RenderInline {SPAN} at (0,0) size 0x69
              RenderBR {BR} at (0,0) size 0x69
        RenderBlock {DIV} at (0,207) size 784x69
          RenderInline {FONT} at (0,0) size 30x55
            RenderInline {SPAN} at (0,0) size 30x69
              RenderText {TEXT} at (0,0) size 30x69
                text run at (0,0) width 30: "x"
selection is CARET:
start:      position 0 of child 1 {BR} of child 1 {SPAN} of child 1 {FONT} of child 3 {DIV} of root {DIV}
upstream:   position 0 of child 3 {DIV} of root {DIV}
downstream: position 0 of child 1 {BR} of child 1 {SPAN} of child 1 {FONT} of child 3 {DIV} of root {DIV}
