layer at (0,0) size 800x600
  RenderCanvas at (0,0) size 800x600
layer at (0,0) size 800x600
  RenderBlock {HTML} at (0,0) size 800x600
    RenderBody {BODY} at (8,8) size 784x584
      RenderBlock {DIV} at (0,0) size 784x140 [border: (2px solid #0000FF)]
        RenderText {TEXT} at (14,14) size 742x56
          text run at (14,14) width 742: "You should see one \"x\" followed by two blank lines, then one more \"x\". The"
          text run at (14,42) width 376: "blank lines should be the same height. "
          text run at (390,42) width 262: "The second and third lines "
        RenderInline {B} at (0,0) size 50x28
          RenderText {TEXT} at (652,42) size 50x28
            text run at (652,42) width 50: "must"
        RenderText {TEXT} at (702,42) size 753x56
          text run at (702,42) width 65: " be the"
          text run at (14,70) width 191: "same height. See: <"
        RenderInline {A} at (0,0) size 232x28 [color=#0000EE]
          RenderText {TEXT} at (205,70) size 232x28
            text run at (205,70) width 232: "rdar://problem/3959727"
        RenderText {TEXT} at (437,70) size 721x56
          text run at (437,70) width 298: "> REGRESSION (Mail): Style"
          text run at (14,98) width 273: "not preserved on blank lines"
      RenderBlock {DIV} at (0,164) size 784x276
        RenderBlock {DIV} at (0,0) size 784x69
          RenderInline {FONT} at (0,0) size 30x55
            RenderInline {SPAN} at (0,0) size 30x69
              RenderText {TEXT} at (0,0) size 30x69
                text run at (0,0) width 30: "x"
        RenderBlock {DIV} at (0,69) size 784x69
          RenderInline {FONT} at (0,0) size 0x55
            RenderInline {SPAN} at (0,0) size 0x69
              RenderBR {BR} at (0,0) size 0x69
        RenderBlock {DIV} at (0,138) size 784x69
          RenderInline {FONT} at (0,0) size 0x55
            RenderInline {SPAN} at (0,0) size 0x69
              RenderBR {BR} at (0,0) size 0x69
        RenderBlock {DIV} at (0,207) size 784x69
          RenderInline {FONT} at (0,0) size 30x55
            RenderInline {SPAN} at (0,0) size 30x69
              RenderText {TEXT} at (0,0) size 30x69
                text run at (0,0) width 30: "x"
selection is CARET:
start:      position 0 of child 1 {TEXT} of child 1 {SPAN} of child 1 {FONT} of child 4 {DIV} of root {DIV}
upstream:   position 0 of child 4 {DIV} of root {DIV}
downstream: position 0 of child 1 {TEXT} of child 1 {SPAN} of child 1 {FONT} of child 4 {DIV} of root {DIV}
