layer at (0,0) size 800x600
  RenderCanvas at (0,0) size 800x600
layer at (0,0) size 800x600
  RenderBlock {HTML} at (0,0) size 800x600
    RenderBody {BODY} at (8,8) size 784x584
      RenderBlock {DIV} at (0,0) size 784x84 [border: (2px solid #0000FF)]
        RenderText {TEXT} at (14,14) size 725x56
          text run at (14,14) width 725: "Should see \"foo\" and \"baz\" centered in their own red boxes. The \"bar\" line"
          text run at (14,42) width 225: "should not be centered."
      RenderBlock {DIV} at (0,108) size 784x168
        RenderBlock {DIV} at (0,0) size 784x56 [border: (2px solid #FF0000)]
          RenderText {TEXT} at (376,14) size 32x28
            text run at (376,14) width 32: "foo"
          RenderBR {BR} at (0,0) size 0x0
        RenderBlock {DIV} at (0,56) size 784x112 [border: (2px solid #FF0000)]
          RenderBlock (anonymous) at (14,14) size 756x28
            RenderText {TEXT} at (0,0) size 31x28
              text run at (0,0) width 31: "bar"
            RenderBR {BR} at (0,0) size 0x0
          RenderBlock {DIV} at (14,42) size 756x56 [border: (2px solid #FF0000)]
            RenderText {TEXT} at (361,14) size 34x28
              text run at (361,14) width 34: "baz"
          RenderBlock (anonymous) at (14,98) size 756x0
selection is CARET:
start:      position 3 of child 1 {TEXT} of child 3 {DIV} of child 2 {DIV} of root {DIV}
upstream:   position 3 of child 1 {TEXT} of child 3 {DIV} of child 2 {DIV} of root {DIV}
downstream: position 4 of child 1 {TEXT} of child 3 {DIV} of child 2 {DIV} of root {DIV}
