layer at (0,0) size 800x600
  RenderCanvas at (0,0) size 800x600
layer at (0,0) size 800x600
  RenderBlock {HTML} at (0,0) size 800x600
    RenderBody {BODY} at (8,8) size 784x584
      RenderBlock {DIV} at (0,0) size 784x84 [border: (2px solid #0000FF)]
        RenderText {TEXT} at (14,14) size 725x56
          text run at (14,14) width 725: "Should see \"bar\" and \"baz\" centered in their own red boxes. The \"foo\" line"
          text run at (14,42) width 448: "should be in its own red box, but not centered."
      RenderBlock {DIV} at (0,108) size 784x168
        RenderBlock {DIV} at (0,0) size 784x56 [border: (2px solid #FF0000)]
          RenderText {TEXT} at (14,14) size 32x28
            text run at (14,14) width 32: "foo"
        RenderBlock {DIV} at (0,56) size 784x56 [border: (2px solid #FF0000)]
          RenderText {TEXT} at (376,14) size 31x28
            text run at (376,14) width 31: "bar"
        RenderBlock {DIV} at (0,112) size 784x56 [border: (2px solid #FF0000)]
          RenderText {TEXT} at (375,14) size 34x28
            text run at (375,14) width 34: "baz"
selection is RANGE:
start:      position 0 of child 1 {TEXT} of child 3 {DIV} of root {DIV}
upstream:   position 0 of child 3 {DIV} of root {DIV}
downstream: position 0 of child 1 {TEXT} of child 3 {DIV} of root {DIV}
end:        position 1 of child 1 {TEXT} of child 5 {DIV} of root {DIV}
upstream:   position 1 of child 1 {TEXT} of child 5 {DIV} of root {DIV}
downstream: position 1 of child 1 {TEXT} of child 5 {DIV} of root {DIV}
