layer at (0,0) size 800x600
  RenderCanvas at (0,0) size 800x600
layer at (0,0) size 800x600
  RenderBlock {HTML} at (0,0) size 800x600
    RenderBody {BODY} at (8,8) size 784x584
      RenderBlock {DIV} at (0,0) size 784x84 [border: (2px solid #0000FF)]
        RenderText {TEXT} at (14,14) size 749x56
          text run at (14,14) width 749: "Should see \"baz\" centered in its own red box inside the box containing \"foo\"."
          text run at (14,42) width 477: "The \"foo\" and \"bar\" lines should not be centered."
      RenderBlock {DIV} at (0,108) size 784x168
        RenderBlock {DIV} at (0,0) size 784x168 [border: (2px solid #FF0000)]
          RenderBlock (anonymous) at (14,14) size 756x28
            RenderText {TEXT} at (0,0) size 32x28
              text run at (0,0) width 32: "foo"
          RenderBlock {DIV} at (14,42) size 756x56 [border: (2px solid #FF0000)]
            RenderText {TEXT} at (14,14) size 31x28
              text run at (14,14) width 31: "bar"
          RenderBlock {DIV} at (14,98) size 756x56 [border: (2px solid #FF0000)]
            RenderText {TEXT} at (361,14) size 34x28
              text run at (361,14) width 34: "baz"
          RenderBlock (anonymous) at (14,154) size 756x0
selection is CARET:
start:      position 2 of child 1 {TEXT} of child 3 {DIV} of child 1 {DIV} of root {DIV}
upstream:   position 2 of child 1 {TEXT} of child 3 {DIV} of child 1 {DIV} of root {DIV}
downstream: position 2 of child 1 {TEXT} of child 3 {DIV} of child 1 {DIV} of root {DIV}
