layer at (0,0) size 800x600
  RenderCanvas at (0,0) size 800x600
layer at (0,0) size 800x600
  RenderBlock {HTML} at (0,0) size 800x600
    RenderBody {BODY} at (8,8) size 784x584
      RenderBlock {DIV} at (0,0) size 784x84 [border: (2px solid #0000FF)]
        RenderText {TEXT} at (14,14) size 748x56
          text run at (14,14) width 250: "Size check should say: 30"
          text run at (264,14) width 498: "px. All text on the first line, and the first two words"
          text run at (14,42) width 403: "of the second line, should appear to be 30"
          text run at (417,42) width 30: "px."
      RenderBlock {DIV} at (0,108) size 784x28
        RenderText {TEXT} at (0,0) size 118x28
          text run at (0,0) width 118: "Size check: "
        RenderInline {SPAN} at (0,0) size 48x28
          RenderText {TEXT} at (118,0) size 48x28
            text run at (118,0) width 24: "30"
            text run at (142,0) width 24: "px"
      RenderBlock {DIV} at (0,152) size 784x156
        RenderBlock {DIV} at (0,0) size 784x156 [border: (2px solid #FF0000)]
          RenderBlock (anonymous) at (14,14) size 756x36
            RenderInline {SPAN} at (0,0) size 170x36
              RenderText {TEXT} at (0,0) size 170x36
                text run at (0,0) width 170: "There is a tide"
          RenderBlock {DIV} at (14,50) size 756x64 [border: (2px solid #FF0000)]
            RenderInline {SPAN} at (0,0) size 69x36
              RenderText {TEXT} at (14,14) size 69x36
                text run at (14,14) width 69: "In the"
            RenderText {TEXT} at (83,20) size 142x28
              text run at (83,20) width 142: " affairs of men"
          RenderBlock (anonymous) at (14,114) size 756x28
            RenderText {TEXT} at (0,0) size 241x28
              text run at (0,0) width 241: "Which taken at the flood"
selection is RANGE:
start:      position 0 of child 1 {TEXT} of child 1 {SPAN} of child 1 {DIV} of root {DIV}
upstream:   position 0 of child 1 {DIV} of root {DIV}
downstream: position 0 of child 1 {TEXT} of child 1 {SPAN} of child 1 {DIV} of root {DIV}
end:        position 6 of child 1 {TEXT} of child 1 {SPAN} of child 2 {DIV} of child 1 {DIV} of root {DIV}
upstream:   position 6 of child 1 {TEXT} of child 1 {SPAN} of child 2 {DIV} of child 1 {DIV} of root {DIV}
downstream: position 0 of child 2 {TEXT} of child 2 {DIV} of child 1 {DIV} of root {DIV}
