layer at (0,0) size 800x600
  RenderCanvas at (0,0) size 800x600
layer at (0,0) size 800x600
  RenderBlock {HTML} at (0,0) size 800x600
    RenderBody {BODY} at (8,8) size 784x584
      RenderBlock {DIV} at (0,0) size 784x240 [border: (2px solid #0000FF)]
        RenderBlock {DIV} at (14,14) size 756x112
          RenderText {TEXT} at (0,0) size 67x28
            text run at (0,0) width 67: "Tests: "
          RenderBR {BR} at (0,0) size 0x0
          RenderText {TEXT} at (0,28) size 750x56
            text run at (0,28) width 750: "Pasting styles we should not remove during the \"smoosh styles\" process. This"
            text run at (0,56) width 152: "tests the fix for "
          RenderInline {A} at (0,0) size 260x28 [color=#0000EE]
            RenderText {TEXT} at (152,56) size 260x28
              text run at (152,56) width 260: "<rdar://problem/3972665>"
          RenderText {TEXT} at (412,56) size 740x56
            text run at (412,56) width 18: " 8"
            text run at (430,56) width 310: "A360: HTML message partially"
            text run at (0,84) width 560: "truncated on left hand side, text-indent from Script Editor"
        RenderBlock {DIV} at (14,142) size 756x84
          RenderText {TEXT} at (0,0) size 189x28
            text run at (0,0) width 189: "Expected Results: "
          RenderBR {BR} at (0,0) size 0x0
          RenderText {TEXT} at (0,28) size 730x56
            text run at (0,28) width 730: "Should see this content in the red box below: foo. Note that there should be"
            text run at (0,56) width 168: "no visible indent."
      RenderBlock {DIV} at (0,264) size 784x32
        RenderBlock {DIV} at (0,0) size 784x32 [border: (2px solid #FF0000)]
          RenderBlock {DIV} at (42,2) size 740x28
            RenderText {TEXT} at (-40,0) size 40x28
              text run at (-40,0) width 32: "foo"
selection is CARET:
start:      position 3 of child 1 {TEXT} of child 2 {DIV} of child 1 {DIV} of root {DIV}
upstream:   position 3 of child 1 {TEXT} of child 2 {DIV} of child 1 {DIV} of root {DIV}
downstream: position 3 of child 1 {TEXT} of child 2 {DIV} of child 1 {DIV} of root {DIV}
