EDITING DELEGATE: shouldBeginEditingInDOMRange:range from 0 of DIV > BODY > HTML > #document to 4 of DIV > BODY > HTML > #document
EDITING DELEGATE: webViewDidBeginEditing:WebViewDidBeginEditingNotification
EDITING DELEGATE: webViewDidChangeSelection:WebViewDidChangeSelectionNotification
EDITING DELEGATE: webViewDidChangeSelection:WebViewDidChangeSelectionNotification
EDITING DELEGATE: webViewDidChangeSelection:WebViewDidChangeSelectionNotification
EDITING DELEGATE: shouldDeleteDOMRange:range from 1 of #text > H1 > DIV > BODY > HTML > #document to 4 of #text > H1 > DIV > BODY > HTML > #document
EDITING DELEGATE: webViewDidChangeSelection:WebViewDidChangeSelectionNotification
EDITING DELEGATE: shouldChangeSelectedDOMRange:(null) toDOMRange:range from 0 of H1 > DIV > BODY > HTML > #document to 0 of H1 > DIV > BODY > HTML > #document affinity:NSSelectionAffinityDownstream stillSelecting:FALSE
EDITING DELEGATE: webViewDidChangeSelection:WebViewDidChangeSelectionNotification
EDITING DELEGATE: webViewDidChange:WebViewDidChangeNotification
EDITING DELEGATE: shouldDeleteDOMRange:range from 1 of #text > DIV > DIV > BODY > HTML > #document to 0 of H1 > DIV > BODY > HTML > #document
EDITING DELEGATE: webViewDidChangeSelection:WebViewDidChangeSelectionNotification
EDITING DELEGATE: shouldChangeSelectedDOMRange:(null) toDOMRange:range from 4 of #text > SPAN > DIV > DIV > BODY > HTML > #document to 4 of #text > SPAN > DIV > DIV > BODY > HTML > #document affinity:NSSelectionAffinityDownstream stillSelecting:FALSE
EDITING DELEGATE: webViewDidChangeSelection:WebViewDidChangeSelectionNotification
EDITING DELEGATE: webViewDidChange:WebViewDidChangeNotification
EDITING DELEGATE: webViewDidChangeSelection:WebViewDidChangeSelectionNotification
EDITING DELEGATE: webViewDidChangeSelection:WebViewDidChangeSelectionNotification
EDITING DELEGATE: webViewDidChangeSelection:WebViewDidChangeSelectionNotification
EDITING DELEGATE: shouldInsertNode:#document-fragment replacingDOMRange:range from 2 of #text > SPAN > DIV > DIV > BODY > HTML > #document to 2 of #text > SPAN > DIV > DIV > BODY > HTML > #document givenAction:WebViewInsertActionPasted
EDITING DELEGATE: webViewDidChangeSelection:WebViewDidChangeSelectionNotification
EDITING DELEGATE: shouldChangeSelectedDOMRange:(null) toDOMRange:range from 3 of #text > SPAN > SPAN > DIV > DIV > BODY > HTML > #document to 3 of #text > SPAN > SPAN > DIV > DIV > BODY > HTML > #document affinity:NSSelectionAffinityDownstream stillSelecting:FALSE
EDITING DELEGATE: webViewDidChangeSelection:WebViewDidChangeSelectionNotification
EDITING DELEGATE: webViewDidChange:WebViewDidChangeNotification
layer at (0,0) size 800x600
  RenderView at (0,0) size 800x600
layer at (0,0) size 800x600
  RenderBlock {HTML} at (0,0) size 800x600
    RenderBody {BODY} at (8,8) size 784x584
      RenderBlock {DIV} at (0,0) size 784x165 [border: (2px solid #0000FF)]
        RenderBlock {DIV} at (14,14) size 756x56
          RenderText {#text} at (0,0) size 67x28
            text run at (0,0) width 67: "Tests: "
          RenderBR {BR} at (0,0) size 0x0
          RenderText {#text} at (0,28) size 746x28
            text run at (0,28) width 746: "Pasting text which gets its style from an <H1> tag into a block of styled text."
        RenderBlock {DIV} at (14,86) size 756x65
          RenderText {#text} at (0,0) size 189x28
            text run at (0,0) width 189: "Expected Results: "
          RenderBR {BR} at (189,22) size 0x0
          RenderText {#text} at (0,35) size 442x28
            text run at (0,35) width 442: "Should see this content in the red box below: "
          RenderInline {SPAN} at (0,0) size 99x28 [color=#FF0000]
            RenderText {#text} at (442,34) size 29x28
              text run at (442,34) width 29: "ab"
            RenderInline {SPAN} at (0,0) size 46x37 [color=#000000]
              RenderText {#text} at (471,28) size 46x37
                text run at (471,28) width 46: "cde"
            RenderText {#text} at (517,34) size 24x28
              text run at (517,34) width 24: "fg"
          RenderText {#text} at (0,0) size 0x0
      RenderBlock {DIV} at (0,189) size 784x41
        RenderBlock {DIV} at (0,0) size 784x41 [border: (2px solid #FF0000)]
          RenderInline {SPAN} at (0,0) size 99x28 [color=#FF0000]
            RenderText {#text} at (2,8) size 29x28
              text run at (2,8) width 29: "ab"
            RenderInline {SPAN} at (0,0) size 70x37 [color=#000000]
              RenderText {#text} at (31,2) size 46x37
                text run at (31,2) width 46: "cde"
              RenderInline {SPAN} at (0,0) size 24x18
                RenderInline {SPAN} at (0,0) size 24x28 [color=#FF0000]
                  RenderText {#text} at (77,8) size 24x28
                    text run at (77,8) width 24: "fg"
        RenderBlock (anonymous) at (0,41) size 784x0
caret: position 3 of child 0 {#text} of child 1 {SPAN} of child 1 {SPAN} of child 1 {DIV} of child 3 {DIV} of child 1 {BODY} of child 0 {HTML} of document
