layer at (0,0) size 800x600
  RenderCanvas at (0,0) size 800x600
layer at (0,0) size 800x600
  RenderBlock {HTML} at (0,0) size 800x600
    RenderBody {BODY} at (8,8) size 784x584
      RenderBlock {DIV} at (0,0) size 784x156 [border: (2px solid #0000FF)]
        RenderBlock {DIV} at (14,14) size 756x56
          RenderText {TEXT} at (0,0) size 67x28
            text run at (0,0) width 67: "Tests: "
          RenderBR {BR} at (0,0) size 0x0
          RenderText {TEXT} at (0,28) size 600x28
            text run at (0,28) width 600: "Style checks performed on boundaries between style changes."
        RenderBlock {DIV} at (14,86) size 756x56
          RenderText {TEXT} at (0,0) size 189x28
            text run at (0,0) width 189: "Expected Results: "
          RenderBR {BR} at (0,0) size 0x0
          RenderText {TEXT} at (0,28) size 442x28
            text run at (0,28) width 442: "Should see this content in the red box below: "
          RenderInline {B} at (0,0) size 25x28
            RenderText {TEXT} at (442,28) size 25x28
              text run at (442,28) width 25: "ab"
          RenderText {TEXT} at (0,0) size 0x0
      RenderBlock {DIV} at (0,180) size 784x32
        RenderBlock {DIV} at (0,0) size 784x32 [border: (2px solid #FF0000)]
          RenderInline {B} at (0,0) size 12x28
            RenderText {TEXT} at (2,2) size 12x28
              text run at (2,2) width 12: "a"
          RenderInline {B} at (0,0) size 13x28
            RenderText {TEXT} at (14,2) size 13x28
              text run at (14,2) width 13: "b"
selection is RANGE:
start:      position 0 of child 1 {TEXT} of child 2 {B} of child 1 {DIV} of root {DIV}
upstream:   position 1 of child 1 {TEXT} of child 1 {B} of child 1 {DIV} of root {DIV}
downstream: position 0 of child 1 {TEXT} of child 2 {B} of child 1 {DIV} of root {DIV}
end:        position 1 of child 1 {TEXT} of child 2 {B} of child 1 {DIV} of root {DIV}
upstream:   position 1 of child 1 {TEXT} of child 2 {B} of child 1 {DIV} of root {DIV}
downstream: position 1 of child 1 {TEXT} of child 2 {B} of child 1 {DIV} of root {DIV}
