EDITING DELEGATE: shouldBeginEditingInDOMRange:range from 0 of BODY > HTML > #document to 4 of BODY > HTML > #document
EDITING DELEGATE: webViewDidBeginEditing:WebViewDidBeginEditingNotification
EDITING DELEGATE: webViewDidChangeSelection:WebViewDidChangeSelectionNotification
EDITING DELEGATE: webViewDidChangeSelection:WebViewDidChangeSelectionNotification
EDITING DELEGATE: webViewDidChangeSelection:WebViewDidChangeSelectionNotification
EDITING DELEGATE: webViewDidChangeSelection:WebViewDidChangeSelectionNotification
EDITING DELEGATE: shouldChangeSelectedDOMRange:range from 1 of #text > TD > TR > TBODY > TABLE > DIV > BODY > HTML > #document to 2 of TABLE > DIV > BODY > HTML > #document toDOMRange:range from 1 of #text > TD > TR > TBODY > TABLE > DIV > BODY > HTML > #document to 2 of TABLE > DIV > BODY > HTML > #document affinity:NSSelectionAffinityDownstream stillSelecting:FALSE
EDITING DELEGATE: webViewDidChange:WebViewDidChangeNotification
layer at (0,0) size 800x600
  RenderView at (0,0) size 800x600
layer at (0,0) size 800x600
  RenderBlock {HTML} at (0,0) size 800x600
    RenderBody {BODY} at (8,8) size 784x584
      RenderBlock {DIV} at (0,0) size 784x74 [border: (2px solid #FF0000)]
        RenderTable {TABLE} at (14,14) size 27x46
          RenderTableSection {TBODY} at (0,0) size 27x46
            RenderTableRow {TR} at (0,2) size 27x20
              RenderTableCell {TD} at (2,2) size 23x20 [r=0 c=0 rs=1 cs=1]
                RenderText {#text} at (1,1) size 21x18
                  text run at (1,1) width 21: "foo"
            RenderTableRow {TR} at (0,24) size 27x20
              RenderTableCell {TD} at (2,24) size 23x20 [r=1 c=0 rs=1 cs=1]
                RenderText {#text} at (1,1) size 20x18
                  text run at (1,1) width 20: "bar"
selection start: position 1 of child 0 {#text} of child 0 {TD} of child 0 {TR} of child 1 {TBODY} of child 1 {TABLE} of child 1 {DIV} of child 1 {BODY} of child 0 {HTML} of document
selection end:   position 2 of child 1 {TABLE} of child 1 {DIV} of child 1 {BODY} of child 0 {HTML} of document
