layer at (0,0) size 784x2379
  RenderView at (0,0) size 784x600
layer at (0,0) size 784x2379
  RenderBlock {HTML} at (0,0) size 784x2379
    RenderBody {BODY} at (8,8) size 768x2363 [bgcolor=#CCCCCC]
      RenderBlock {P} at (0,0) size 768x21
        RenderText {#text} at (0,0) size 380x21
          text run at (0,0) width 380: "The style declarations which apply to the text below are:"
      RenderBlock {PRE} at (0,37) size 768x288
        RenderText {#text} at (0,0) size 382x288
          text run at (0,0) width 239: "P.one {font-size: 14px; line-height: 20px;}"
          text run at (239,0) width 0: " "
          text run at (0,16) width 216: "IMG.onea {vertical-align: text-bottom;"
          text run at (216,16) width 0: " "
          text run at (0,32) width 187: "     width: 200px; height: 200px;}"
          text run at (187,32) width 0: " "
          text run at (0,48) width 365: "IMG.oneb {vertical-align: text-top; width: 200px; height: 200px;}"
          text run at (365,48) width 0: " "
          text run at (0,64) width 0: " "
          text run at (0,80) width 238: "P.two {font-size: 14px; line-height: 20px;}"
          text run at (238,80) width 0: " "
          text run at (0,96) width 382: "IMG.twoa {vertical-align: text-bottom; width: 100px; height: 100px;"
          text run at (382,96) width 0: " "
          text run at (0,112) width 209: "     padding: 5px; border-style: solid;"
          text run at (209,112) width 0: " "
          text run at (0,128) width 217: "     border-width: 10px; margin: 15px;}"
          text run at (217,128) width 0: " "
          text run at (0,144) width 193: "IMG.twob {vertical-align: text-top;"
          text run at (193,144) width 0: " "
          text run at (0,160) width 203: "          width: 100px; height: 100px;"
          text run at (203,160) width 0: " "
          text run at (0,176) width 209: "     padding: 5px; border-style: solid;"
          text run at (209,176) width 0: " "
          text run at (0,192) width 217: "     border-width: 10px; margin: 15px;}"
          text run at (217,192) width 0: " "
          text run at (0,208) width 0: " "
          text run at (0,224) width 340: "IMG.twoc {vertical-align: middle; width: 50px; height: 50px;"
          text run at (340,224) width 0: " "
          text run at (0,240) width 209: "     padding: 5px; border-style: solid;"
          text run at (209,240) width 0: " "
          text run at (0,256) width 221: "     border-width: 10px; margin: -10px;}"
          text run at (221,256) width 0: " "
          text run at (0,272) width 0: " "
      RenderBlock {HR} at (0,338) size 768x2 [border: (1px inset #000000)]
      RenderBlock {P} at (0,354) size 768x462
        RenderText {#text} at (0,1) size 759x239
          text run at (0,1) width 447: "This paragraph should have a font size of 14px and a line height of 20px. "
          text run at (447,1) width 312: "This means that the lines of text within it should be"
          text run at (0,21) width 456: "separated by six pixels, three of which are part of the line-box of each line. "
          text run at (456,21) width 300: "Any images within the paragraph should increase"
          text run at (0,222) width 419: "the height of the line-box so that they fit within the line box, such as "
        RenderImage {IMG} at (419,40) size 200x200
        RenderText {#text} at (619,222) size 31x18
          text run at (619,222) width 31: " and "
        RenderImage {IMG} at (0,242) size 200x200
        RenderText {#text} at (200,242) size 754x219
          text run at (200,242) width 8: ". "
          text run at (208,242) width 546: "This is additional text to make sure that there is enough room left below the image so that"
          text run at (0,443) width 332: "this line does not hit the image that is text-top aligned."
      RenderBlock {P} at (0,830) size 768x502
        RenderText {#text} at (0,1) size 759x199
          text run at (0,1) width 447: "This paragraph should have a font size of 14px and a line height of 20px. "
          text run at (447,1) width 312: "This means that the lines of text within it should be"
          text run at (0,21) width 143: "separated by six pixels. "
          text run at (143,21) width 615: "Any images within the paragraph should increase the height of the line-box so that they fit, including"
          text run at (0,182) width 507: "their padding (5px), border (10px) and margins (15px) within the line box, such as "
        RenderImage {IMG} at (522,55) size 130x130 [border: (10px solid #000000)]
        RenderText {#text} at (667,182) size 31x18
          text run at (667,182) width 31: " and "
        RenderImage {IMG} at (15,217) size 130x130 [border: (10px solid #000000)]
        RenderText {#text} at (160,202) size 766x237
          text run at (160,202) width 8: ". "
          text run at (168,202) width 598: "This is additional text to make sure that there is enough room left below the image so that this line"
          text run at (0,363) width 284: "does not hit the image that is text-top aligned. "
          text run at (284,363) width 446: "It is the outer edge of the margin that should be text-bottom and text-top"
          text run at (0,383) width 746: "aligned in this paragraph, so for the first image the bottom border of the image should begin 15px above the bottom of the"
          text run at (0,421) width 545: "text, and for the second image the top border should begin 15px below the top of the text "
        RenderImage {IMG} at (535,392) size 80x80 [border: (10px solid #000000)]
        RenderText {#text} at (605,421) size 748x80
          text run at (605,421) width 8: ". "
          text run at (613,421) width 130: "The last image in this"
          text run at (0,463) width 748: "paragraph has -10px margins set on it, so that should pull the text in toward the image in the vertical direction, and also in"
          text run at (0,483) width 147: "the horizontal direction."
      RenderTable {TABLE} at (0,1346) size 768x1017 [border: (1px outset #808080)]
        RenderTableSection {TBODY} at (1,1) size 766x1015
          RenderTableRow {TR} at (0,0) size 766x29
            RenderTableCell {TD} at (0,0) size 766x29 [bgcolor=#C0C0C0] [border: (1px inset #808080)] [r=0 c=0 rs=1 cs=2]
              RenderInline {STRONG} at (0,0) size 163x21
                RenderText {#text} at (4,4) size 163x21
                  text run at (4,4) width 163: "TABLE Testing Section"
          RenderTableRow {TR} at (0,29) size 766x986
            RenderTableCell {TD} at (0,507) size 12x29 [bgcolor=#C0C0C0] [border: (1px inset #808080)] [r=1 c=0 rs=1 cs=1]
              RenderText {#text} at (4,4) size 4x21
                text run at (4,4) width 4: " "
            RenderTableCell {TD} at (12,29) size 754x986 [border: (1px inset #808080)] [r=1 c=1 rs=1 cs=1]
              RenderBlock {P} at (4,4) size 746x462
                RenderText {#text} at (0,1) size 741x239
                  text run at (0,1) width 447: "This paragraph should have a font size of 14px and a line height of 20px. "
                  text run at (447,1) width 294: "This means that the lines of text within it should"
                  text run at (0,21) width 474: "be separated by six pixels, three of which are part of the line-box of each line. "
                  text run at (474,21) width 248: "Any images within the paragraph should"
                  text run at (0,222) width 471: "increase the height of the line-box so that they fit within the line box, such as "
                RenderImage {IMG} at (471,40) size 200x200
                RenderText {#text} at (671,222) size 31x18
                  text run at (671,222) width 31: " and "
                RenderImage {IMG} at (0,242) size 200x200
                RenderText {#text} at (200,242) size 725x219
                  text run at (200,242) width 8: ". "
                  text run at (208,242) width 517: "This is additional text to make sure that there is enough room left below the image so"
                  text run at (0,443) width 361: "that this line does not hit the image that is text-top aligned."
              RenderBlock {P} at (4,480) size 746x502
                RenderText {#text} at (0,1) size 741x199
                  text run at (0,1) width 447: "This paragraph should have a font size of 14px and a line height of 20px. "
                  text run at (447,1) width 294: "This means that the lines of text within it should"
                  text run at (0,21) width 161: "be separated by six pixels. "
                  text run at (161,21) width 554: "Any images within the paragraph should increase the height of the line-box so that they fit,"
                  text run at (0,182) width 568: "including their padding (5px), border (10px) and margins (15px) within the line box, such as "
                RenderImage {IMG} at (583,55) size 130x130 [border: (10px solid #000000)]
                RenderText {#text} at (0,202) size 27x18
                  text run at (0,202) width 27: "and "
                RenderImage {IMG} at (42,217) size 130x130 [border: (10px solid #000000)]
                RenderText {#text} at (187,202) size 741x237
                  text run at (187,202) width 8: ". "
                  text run at (195,202) width 546: "This is additional text to make sure that there is enough room left below the image so that"
                  text run at (0,363) width 336: "this line does not hit the image that is text-top aligned. "
                  text run at (336,363) width 394: "It is the outer edge of the margin that should be text-bottom and"
                  text run at (0,383) width 711: "text-top aligned in this paragraph, so for the first image the bottom border of the image should begin 15px above the"
                  text run at (0,421) width 632: "bottom of the text, and for the second image the top border should begin 15px below the top of the text "
                RenderImage {IMG} at (622,392) size 80x80 [border: (10px solid #000000)]
                RenderText {#text} at (692,421) size 723x80
                  text run at (692,421) width 8: ". "
                  text run at (700,421) width 23: "The"
                  text run at (0,463) width 723: "last image in this paragraph has -10px margins set on it, so that should pull the text in toward the image in the vertical"
                  text run at (0,483) width 279: "direction, and also in the horizontal direction."
