layer at (0,0) size 800x600
  RenderView at (0,0) size 800x600
layer at (0,0) size 800x600
  RenderBlock {HTML} at (0,0) size 800x600
    RenderBody {BODY} at (8,8) size 784x584
      RenderBlock {P} at (0,0) size 784x16
        RenderText {#text} at (0,0) size 53x16
          text run at (0,0) width 53: "Test for "
        RenderInline {I} at (0,0) size 637x16
          RenderInline {A} at (0,0) size 330x16 [color=#0000EE]
            RenderText {#text} at (53,0) size 330x16
              text run at (53,0) width 330: "http://bugzilla.opendarwin.org/show_bug.cgi?id=7761"
          RenderText {#text} at (383,0) size 307x16
            text run at (383,0) width 307: " Tabs in class attribute not treated as whitespace"
        RenderText {#text} at (690,0) size 3x16
          text run at (690,0) width 3: "."
      RenderBlock {P} at (0,30) size 784x16
        RenderText {#text} at (0,0) size 222x16
          text run at (0,0) width 222: "All of the following should be green:"
      RenderBlock {DIV} at (0,60) size 784x16 [color=#008000]
        RenderText {#text} at (0,0) size 57x16
          text run at (0,0) width 57: "Tab after"
      RenderBlock {DIV} at (0,76) size 784x16 [color=#008000]
        RenderText {#text} at (0,0) size 68x16
          text run at (0,0) width 68: "Tab before"
      RenderBlock {DIV} at (0,92) size 784x16 [color=#008000]
        RenderText {#text} at (0,0) size 83x16
          text run at (0,0) width 83: "Newline after"
      RenderBlock {DIV} at (0,108) size 784x16 [color=#008000]
        RenderText {#text} at (0,0) size 94x16
          text run at (0,0) width 94: "Newline before"
      RenderBlock {DIV} at (0,124) size 784x16 [color=#008000]
        RenderText {#text} at (0,0) size 80x16
          text run at (0,0) width 80: "Spaces after"
      RenderBlock {DIV} at (0,140) size 784x16 [color=#008000]
        RenderText {#text} at (0,0) size 91x16
          text run at (0,0) width 91: "Spaces before"
      RenderBlock {DIV} at (0,156) size 784x16 [color=#008000]
        RenderText {#text} at (0,0) size 53x16
          text run at (0,0) width 53: "CR after"
      RenderBlock {DIV} at (0,172) size 784x16 [color=#008000]
        RenderText {#text} at (0,0) size 64x16
          text run at (0,0) width 64: "CR before"
