layer at (0,0) size 800x600
  RenderView at (0,0) size 800x600
layer at (0,0) size 800x600
  RenderBlock {HTML} at (0,0) size 800x600
    RenderBody {BODY} at (8,8) size 784x584
      RenderBlock {P} at (0,0) size 784x20
        RenderText {#text} at (0,0) size 251x19
          text run at (0,0) width 251: "Test appearances of input-speech-button."
      RenderBlock {DIV} at (0,36) size 784x0
      RenderBlock {DIV} at (0,36) size 784x315
        RenderTable {TABLE} at (0,0) size 651x315
          RenderTableSection {TBODY} at (0,0) size 651x315
            RenderTableRow {TR} at (0,2) size 651x311
              RenderTableCell {TD} at (2,2) size 164x311 [r=0 c=0 rs=1 cs=1]
                RenderBlock {DIV} at (1,1) size 162x309
                  RenderTextControl {INPUT} at (0,0) size 104x16 [bgcolor=#FFFFFF] [border: (2px inset #000000)]
                  RenderBR {BR} at (104,11) size 0x0
                  RenderTextControl {INPUT} at (0,16) size 104x16 [bgcolor=#FFFFFF] [border: (2px inset #000000)]
                    RenderBlock {DIV} at (2,2) size 100x12
                      RenderBlock {DIV} at (90,0) size 10x10
                  RenderBR {BR} at (104,28) size 0x0
                  RenderTextControl {INPUT} at (0,32) size 106x18 [bgcolor=#FFFFFF] [border: (2px inset #000000)]
                  RenderBR {BR} at (106,44) size 0x0
                  RenderTextControl {INPUT} at (0,50) size 106x18 [bgcolor=#FFFFFF] [border: (2px inset #000000)]
                    RenderBlock {DIV} at (2,2) size 102x14
                      RenderBlock {DIV} at (91,0) size 11x11
                  RenderBR {BR} at (106,63) size 0x0
                  RenderTextControl {INPUT} at (0,68) size 109x19 [bgcolor=#FFFFFF] [border: (2px inset #000000)]
                  RenderBR {BR} at (109,81) size 0x0
                  RenderTextControl {INPUT} at (0,87) size 109x19 [bgcolor=#FFFFFF] [border: (2px inset #000000)]
                    RenderBlock {DIV} at (2,2) size 105x15
                      RenderBlock {DIV} at (93,0) size 12x12
                  RenderBR {BR} at (109,101) size 0x0
                  RenderTextControl {INPUT} at (2,108) size 131x20 [bgcolor=#FFFFFF] [border: (2px inset #000000)]
                  RenderBR {BR} at (135,122) size 0x0
                  RenderTextControl {INPUT} at (2,132) size 131x20 [bgcolor=#FFFFFF] [border: (2px inset #000000)]
                    RenderBlock {DIV} at (2,1) size 127x17
                      RenderBlock {DIV} at (113,0) size 14x14
                  RenderBR {BR} at (135,147) size 0x0
                  RenderTextControl {INPUT} at (2,156) size 133x21 [bgcolor=#FFFFFF] [border: (2px inset #000000)]
                  RenderBR {BR} at (137,171) size 0x0
                  RenderTextControl {INPUT} at (2,181) size 133x21 [bgcolor=#FFFFFF] [border: (2px inset #000000)]
                    RenderBlock {DIV} at (2,1) size 129x18
                      RenderBlock {DIV} at (114,0) size 15x15
                  RenderBR {BR} at (137,197) size 0x0
                  RenderTextControl {INPUT} at (2,206) size 155x22 [bgcolor=#FFFFFF] [border: (2px inset #000000)]
                  RenderBR {BR} at (159,222) size 0x0
                  RenderTextControl {INPUT} at (2,232) size 155x22 [bgcolor=#FFFFFF] [border: (2px inset #000000)]
                    RenderBlock {DIV} at (2,1) size 151x19
                      RenderBlock {DIV} at (135,0) size 16x16
                  RenderBR {BR} at (159,249) size 0x0
                  RenderTextControl {INPUT} at (2,258) size 158x22 [bgcolor=#FFFFFF] [border: (2px inset #000000)]
                  RenderBR {BR} at (162,274) size 0x0
                  RenderTextControl {INPUT} at (2,284) size 158x23 [bgcolor=#FFFFFF] [border: (2px inset #000000)]
                    RenderBlock {DIV} at (2,1) size 154x20
                      RenderBlock {DIV} at (137,0) size 17x17
                  RenderBR {BR} at (162,302) size 0x0
              RenderTableCell {TD} at (168,4) size 215x307 [r=0 c=1 rs=1 cs=1]
                RenderBlock {DIV} at (1,1) size 213x305
                  RenderTextControl {INPUT} at (2,2) size 179x23 [bgcolor=#FFFFFF] [border: (2px inset #000000)]
                  RenderBR {BR} at (183,19) size 0x0
                  RenderTextControl {INPUT} at (2,29) size 179x24 [bgcolor=#FFFFFF] [border: (2px inset #000000)]
                    RenderBlock {DIV} at (2,1) size 175x21
                      RenderBlock {DIV} at (157,0) size 18x18
                  RenderBR {BR} at (183,48) size 0x0
                  RenderTextControl {INPUT} at (2,57) size 182x25 [bgcolor=#FFFFFF] [border: (2px inset #000000)]
                  RenderBR {BR} at (186,75) size 0x0
                  RenderTextControl {INPUT} at (2,86) size 182x26 [bgcolor=#FFFFFF] [border: (2px inset #000000)]
                    RenderBlock {DIV} at (2,1) size 178x24
                      RenderBlock {DIV} at (158,0) size 20x20
                  RenderBR {BR} at (186,107) size 0x0
                  RenderTextControl {INPUT} at (2,116) size 204x26 [bgcolor=#FFFFFF] [border: (2px inset #000000)]
                  RenderBR {BR} at (208,134) size 0x0
                  RenderTextControl {INPUT} at (2,146) size 204x27 [bgcolor=#FFFFFF] [border: (2px inset #000000)]
                    RenderBlock {DIV} at (2,0) size 200x26
                      RenderBlock {DIV} at (179,0) size 21x21
                  RenderBR {BR} at (208,167) size 0x0
                  RenderTextControl {INPUT} at (2,177) size 206x28 [bgcolor=#FFFFFF] [border: (2px inset #000000)]
                  RenderBR {BR} at (210,197) size 0x0
                  RenderTextControl {INPUT} at (2,209) size 206x28 [bgcolor=#FFFFFF] [border: (2px inset #000000)]
                    RenderBlock {DIV} at (2,0) size 202x27
                      RenderBlock {DIV} at (180,0) size 22x22
                  RenderBR {BR} at (210,231) size 0x0
                  RenderTextControl {INPUT} at (2,241) size 209x29 [bgcolor=#FFFFFF] [border: (2px inset #000000)]
                  RenderBR {BR} at (213,262) size 0x0
                  RenderTextControl {INPUT} at (2,274) size 209x29 [bgcolor=#FFFFFF] [border: (2px inset #000000)]
                    RenderBlock {DIV} at (2,0) size 205x28
                      RenderBlock {DIV} at (182,0) size 23x23
                  RenderBR {BR} at (213,297) size 0x0
              RenderTableCell {TD} at (385,12) size 264x290 [r=0 c=2 rs=1 cs=1]
                RenderBlock {DIV} at (1,1) size 262x288
                  RenderTextControl {INPUT} at (2,2) size 231x30 [bgcolor=#FFFFFF] [border: (2px inset #000000)]
                  RenderBR {BR} at (235,24) size 0x0
                  RenderTextControl {INPUT} at (2,36) size 231x31 [bgcolor=#FFFFFF] [border: (2px inset #000000)]
                    RenderBlock {DIV} at (2,0) size 227x30
                      RenderBlock {DIV} at (202,0) size 25x25
                  RenderBR {BR} at (235,61) size 0x0
                  RenderTextControl {INPUT} at (2,71) size 234x31 [bgcolor=#FFFFFF] [border: (2px inset #000000)]
                  RenderBR {BR} at (238,93) size 0x0
                  RenderTextControl {INPUT} at (2,106) size 234x32 [bgcolor=#FFFFFF] [border: (2px inset #000000)]
                    RenderBlock {DIV} at (2,3) size 230x32
                      RenderBlock {DIV} at (204,0) size 26x26
                  RenderBR {BR} at (238,135) size 0x0
                  RenderTextControl {INPUT} at (2,142) size 255x32 [bgcolor=#FFFFFF] [border: (2px inset #000000)]
                  RenderBR {BR} at (259,165) size 0x0
                  RenderTextControl {INPUT} at (2,178) size 255x33 [bgcolor=#FFFFFF] [border: (2px inset #000000)]
                    RenderBlock {DIV} at (2,3) size 251x33
                      RenderBlock {DIV} at (224,0) size 27x27
                  RenderBR {BR} at (259,208) size 0x0
                  RenderTextControl {INPUT} at (2,215) size 258x33 [bgcolor=#FFFFFF] [border: (2px inset #000000)]
                  RenderBR {BR} at (262,239) size 0x0
                  RenderTextControl {INPUT} at (2,252) size 258x34 [bgcolor=#FFFFFF] [border: (2px inset #000000)]
                    RenderBlock {DIV} at (2,3) size 254x34
                      RenderBlock {DIV} at (226,0) size 28x28
                  RenderBR {BR} at (262,283) size 0x0
layer at (13,50) size 100x10 scrollWidth 140
  RenderBlock {DIV} at (2,3) size 100x10
    RenderText {#text} at (1,0) size 138x10
      text run at (1,0) width 138: "A quick brown fox jumps over the lazy dog"
layer at (13,67) size 90x10 scrollWidth 140
  RenderBlock {DIV} at (0,2) size 90x10
    RenderText {#text} at (1,0) size 138x10
      text run at (1,0) width 138: "A quick brown fox jumps over the lazy dog"
layer at (13,82) size 102x12 scrollWidth 181
  RenderBlock {DIV} at (2,3) size 102x12
    RenderText {#text} at (1,0) size 179x12
      text run at (1,0) width 179: "A quick brown fox jumps over the lazy dog"
layer at (13,101) size 91x12 scrollWidth 181
  RenderBlock {DIV} at (0,2) size 91x12
    RenderText {#text} at (1,0) size 179x12
      text run at (1,0) width 179: "A quick brown fox jumps over the lazy dog"
layer at (13,118) size 105x13 scrollWidth 200
  RenderBlock {DIV} at (2,3) size 105x13
    RenderText {#text} at (1,0) size 198x13
      text run at (1,0) width 198: "A quick brown fox jumps over the lazy dog"
layer at (13,138) size 93x13 scrollWidth 200
  RenderBlock {DIV} at (0,2) size 93x13
    RenderText {#text} at (1,0) size 198x13
      text run at (1,0) width 198: "A quick brown fox jumps over the lazy dog"
layer at (15,158) size 127x14 scrollWidth 210
  RenderBlock {DIV} at (2,3) size 127x14
    RenderText {#text} at (1,0) size 208x14
      text run at (1,0) width 208: "A quick brown fox jumps over the lazy dog"
layer at (15,183) size 113x14 scrollWidth 210
  RenderBlock {DIV} at (0,3) size 113x14
    RenderText {#text} at (1,0) size 208x14
      text run at (1,0) width 208: "A quick brown fox jumps over the lazy dog"
layer at (15,206) size 129x15 scrollWidth 227
  RenderBlock {DIV} at (2,3) size 129x15
    RenderText {#text} at (1,0) size 225x15
      text run at (1,0) width 225: "A quick brown fox jumps over the lazy dog"
layer at (15,232) size 114x15 scrollWidth 227
  RenderBlock {DIV} at (0,3) size 114x15
    RenderText {#text} at (1,0) size 225x15
      text run at (1,0) width 225: "A quick brown fox jumps over the lazy dog"
layer at (15,256) size 151x16 scrollWidth 246
  RenderBlock {DIV} at (2,3) size 151x16
    RenderText {#text} at (1,0) size 244x16
      text run at (1,0) width 244: "A quick brown fox jumps over the lazy dog"
layer at (15,283) size 135x16 scrollWidth 246
  RenderBlock {DIV} at (0,3) size 135x16
    RenderText {#text} at (1,0) size 244x16
      text run at (1,0) width 244: "A quick brown fox jumps over the lazy dog"
layer at (15,308) size 154x16 scrollWidth 265
  RenderBlock {DIV} at (2,3) size 154x16
    RenderText {#text} at (1,0) size 263x16
      text run at (1,0) width 263: "A quick brown fox jumps over the lazy dog"
layer at (15,336) size 137x16 scrollWidth 265
  RenderBlock {DIV} at (0,4) size 137x16
    RenderText {#text} at (1,0) size 263x16
      text run at (1,0) width 263: "A quick brown fox jumps over the lazy dog"
layer at (181,54) size 175x17 scrollWidth 274
  RenderBlock {DIV} at (2,3) size 175x17
    RenderText {#text} at (1,0) size 272x17
      text run at (1,0) width 272: "A quick brown fox jumps over the lazy dog"
layer at (181,83) size 157x17 scrollWidth 274
  RenderBlock {DIV} at (0,4) size 157x17
    RenderText {#text} at (1,0) size 272x17
      text run at (1,0) width 272: "A quick brown fox jumps over the lazy dog"
layer at (181,109) size 178x19 scrollWidth 289
  RenderBlock {DIV} at (2,3) size 178x19
    RenderText {#text} at (1,0) size 287x18
      text run at (1,0) width 287: "A quick brown fox jumps over the lazy dog"
layer at (181,141) size 158x19 scrollWidth 289
  RenderBlock {DIV} at (0,5) size 158x19
    RenderText {#text} at (1,0) size 287x18
      text run at (1,0) width 287: "A quick brown fox jumps over the lazy dog"
layer at (181,168) size 200x20 scrollWidth 308
  RenderBlock {DIV} at (2,3) size 200x20
    RenderText {#text} at (1,0) size 306x19
      text run at (1,0) width 306: "A quick brown fox jumps over the lazy dog"
layer at (181,201) size 179x20 scrollWidth 308
  RenderBlock {DIV} at (0,6) size 179x20
    RenderText {#text} at (1,0) size 306x19
      text run at (1,0) width 306: "A quick brown fox jumps over the lazy dog"
layer at (181,229) size 202x22 scrollWidth 335
  RenderBlock {DIV} at (2,3) size 202x22
    RenderText {#text} at (1,0) size 333x21
      text run at (1,0) width 333: "A quick brown fox jumps over the lazy dog"
layer at (181,263) size 180x22 scrollWidth 335
  RenderBlock {DIV} at (0,5) size 180x22
    RenderText {#text} at (1,0) size 333x21
      text run at (1,0) width 333: "A quick brown fox jumps over the lazy dog"
layer at (181,293) size 205x23 scrollWidth 355
  RenderBlock {DIV} at (2,3) size 205x23
    RenderText {#text} at (1,0) size 353x22
      text run at (1,0) width 353: "A quick brown fox jumps over the lazy dog"
layer at (181,328) size 182x23 scrollWidth 355
  RenderBlock {DIV} at (0,5) size 182x23
    RenderText {#text} at (1,0) size 353x22
      text run at (1,0) width 353: "A quick brown fox jumps over the lazy dog"
layer at (398,62) size 227x24 scrollWidth 371
  RenderBlock {DIV} at (2,3) size 227x24
    RenderText {#text} at (1,0) size 369x23
      text run at (1,0) width 369: "A quick brown fox jumps over the lazy dog"
layer at (398,99) size 202x24 scrollWidth 371
  RenderBlock {DIV} at (0,6) size 202x24
    RenderText {#text} at (1,0) size 369x23
      text run at (1,0) width 369: "A quick brown fox jumps over the lazy dog"
layer at (398,131) size 230x25 scrollWidth 389
  RenderBlock {DIV} at (2,3) size 230x25
    RenderText {#text} at (1,0) size 387x24
      text run at (1,0) width 387: "A quick brown fox jumps over the lazy dog"
layer at (398,173) size 204x25 scrollWidth 389
  RenderBlock {DIV} at (0,7) size 204x25
    RenderText {#text} at (1,0) size 387x24
      text run at (1,0) width 387: "A quick brown fox jumps over the lazy dog"
layer at (398,202) size 251x26 scrollWidth 405
  RenderBlock {DIV} at (2,3) size 251x26
    RenderText {#text} at (1,0) size 403x25
      text run at (1,0) width 403: "A quick brown fox jumps over the lazy dog"
layer at (398,245) size 224x26 scrollWidth 405
  RenderBlock {DIV} at (0,7) size 224x26
    RenderText {#text} at (1,0) size 403x25
      text run at (1,0) width 403: "A quick brown fox jumps over the lazy dog"
layer at (398,275) size 254x27 scrollWidth 418
  RenderBlock {DIV} at (2,3) size 254x27
    RenderText {#text} at (1,0) size 416x26
      text run at (1,0) width 416: "A quick brown fox jumps over the lazy dog"
layer at (398,319) size 226x27 scrollWidth 418
  RenderBlock {DIV} at (0,7) size 226x27
    RenderText {#text} at (1,0) size 416x26
      text run at (1,0) width 416: "A quick brown fox jumps over the lazy dog"
