layer at (0,0) size 800x600
  RenderView at (0,0) size 800x600
layer at (0,0) size 800x600
  RenderBlock {HTML} at (0,0) size 800x600
    RenderBody {BODY} at (8,8) size 784x584
      RenderTable {TABLE} at (0,0) size 172x66
        RenderTableSection {TBODY} at (0,0) size 172x66
          RenderTableRow {TR} at (0,2) size 172x62
            RenderTableCell {TD} at (2,2) size 168x62 [r=0 c=0 rs=1 cs=1]
              RenderBlock (anonymous) at (1,1) size 166x0
                RenderInline {SPAN} at (0,0) size 0x0
                  RenderText {#text} at (0,0) size 0x0
                  RenderInline {SPAN} at (0,0) size 0x0
                    RenderText {#text} at (0,0) size 0x0
                    RenderText {#text} at (0,0) size 0x0
                    RenderText {#text} at (0,0) size 0x0
                    RenderText {#text} at (0,0) size 0x0
              RenderBlock (anonymous) at (1,1) size 166x60
                RenderTable {TABLE} at (0,0) size 166x60
                  RenderTableSection {TBODY} at (0,0) size 166x60
                    RenderTableRow {TR} at (0,2) size 166x56
                      RenderTableCell {TD} at (2,2) size 162x56 [r=0 c=0 rs=1 cs=1]
                        RenderTable {TABLE} at (1,1) size 160x54
                          RenderTableSection {TBODY} at (0,0) size 160x54
                            RenderTableRow {TR} at (0,2) size 160x50
                              RenderTableCell {TD} at (2,2) size 156x50 [r=0 c=0 rs=1 cs=1]
                                RenderBlock {FORM} at (1,1) size 154x34
                                  RenderButton {INPUT} at (2,2) size 150x30 [bgcolor=#C0C0C0]
                                    RenderBlock (anonymous) at (8,5) size 134x19
                                      RenderText at (0,0) size 134x19
                                        text run at (0,0) width 134: "ApplyForThisPosition"
                                  RenderText {#text} at (0,0) size 0x0
              RenderBlock (anonymous) at (1,61) size 166x0
                RenderInline {SPAN} at (0,0) size 0x0
                  RenderInline {SPAN} at (0,0) size 0x0
                  RenderText {#text} at (0,0) size 0x0
                RenderText {#text} at (0,0) size 0x0
