layer at (0,0) size 800x600
  RenderView at (0,0) size 800x600
layer at (0,0) size 800x600
  RenderBlock {HTML} at (0,0) size 800x600
    RenderBody {BODY} at (8,8) size 784x584
      RenderBlock {H3} at (0,0) size 784x23
        RenderText {#text} at (0,0) size 183x22
          text run at (0,0) width 183: "With long hidden values"
      RenderTable {TABLE} at (0,39) size 191x77 [border: (1px solid #FF0000)]
        RenderTableSection {TBODY} at (1,1) size 189x75
          RenderTableRow {TR} at (0,2) size 189x69
            RenderTableCell {TD} at (2,2) size 185x69 [r=0 c=0 rs=1 cs=1]
              RenderBlock {FORM} at (1,1) size 183x53
                RenderTextControl {INPUT} at (2,4) size 112x25 [bgcolor=#FFFFFF] [border: (2px inset #000000)]
                RenderText {#text} at (116,7) size 4x19
                  text run at (116,7) width 4: " "
                RenderButton {INPUT} at (122,2) size 43x30 [bgcolor=#C0C0C0]
                  RenderBlock (anonymous) at (8,5) size 27x19
                    RenderText at (0,0) size 27x19
                      text run at (0,0) width 27: " Go "
                RenderText {#text} at (167,7) size 4x19
                  text run at (167,7) width 4: " "
                RenderBR {BR} at (171,21) size 0x0
                RenderText {#text} at (0,34) size 183x19
                  text run at (0,34) width 183: "Enter City Name or Zip Code"
          RenderTableRow {TR} at (0,73) size 189x0
      RenderBlock {HR} at (0,123) size 784x2 [border: (1px inset #000000)]
      RenderBlock {H3} at (0,141) size 784x23
        RenderText {#text} at (0,0) size 189x22
          text run at (0,0) width 189: "With short hidden values"
      RenderTable {TABLE} at (0,180) size 191x77 [border: (1px solid #FF0000)]
        RenderTableSection {TBODY} at (1,1) size 189x75
          RenderTableRow {TR} at (0,2) size 189x69
            RenderTableCell {TD} at (2,2) size 185x69 [r=0 c=0 rs=1 cs=1]
              RenderBlock {FORM} at (1,1) size 183x53
                RenderTextControl {INPUT} at (2,4) size 112x25 [bgcolor=#FFFFFF] [border: (2px inset #000000)]
                RenderText {#text} at (116,7) size 4x19
                  text run at (116,7) width 4: " "
                RenderButton {INPUT} at (122,2) size 43x30 [bgcolor=#C0C0C0]
                  RenderBlock (anonymous) at (8,5) size 27x19
                    RenderText at (0,0) size 27x19
                      text run at (0,0) width 27: " Go "
                RenderText {#text} at (167,7) size 4x19
                  text run at (167,7) width 4: " "
                RenderBR {BR} at (171,21) size 0x0
                RenderText {#text} at (0,34) size 183x19
                  text run at (0,34) width 183: "Enter City Name or Zip Code"
          RenderTableRow {TR} at (0,73) size 189x0
layer at (17,58) size 106x19
  RenderBlock {DIV} at (3,3) size 106x19
layer at (17,199) size 106x19
  RenderBlock {DIV} at (3,3) size 106x19
