layer at (0,0) size 800x600
  RenderView at (0,0) size 800x600
layer at (0,0) size 800x600
  RenderBlock {HTML} at (0,0) size 800x600
    RenderBody {BODY} at (8,8) size 784x584
      RenderTable {TABLE} at (0,0) size 46x56
        RenderTableSection {TBODY} at (0,0) size 46x25
          RenderTableRow {TR} at (0,2) size 46x21
            RenderTableCell {TD} at (2,2) size 42x21 [r=0 c=0 rs=1 cs=1]
              RenderText {#text} at (1,1) size 32x19
                text run at (1,1) width 32: "4659"
        RenderBlock {CAPTION} at (0,0) size 46x0
        RenderTableSection at (0,25) size 46x25
          RenderTableRow at (0,2) size 46x21
            RenderTableCell at (2,2) size 42x21 [r=0 c=0 rs=1 cs=1]
              RenderText {#text} at (1,1) size 40x19
                text run at (1,1) width 40: "25016"
        RenderTableSection {TBODY} at (0,50) size 46x6
          RenderTableRow {TR} at (0,2) size 46x2
            RenderTableCell {TH} at (2,2) size 42x2 [r=0 c=0 rs=1 cs=1]
        RenderTableCol {COLGROUP} at (0,0) size 0x0
