layer at (0,0) size 800x600
  RenderView at (0,0) size 800x600
layer at (0,0) size 800x146
  RenderBlock {HTML} at (0,0) size 800x146
    RenderBody {BODY} at (0,0) size 800x146
layer at (0,0) size 286x146 clip at (3,3) size 280x140 scrollHeight 156
  RenderBlock {DIV} at (0,0) size 286x146 [border: (3px solid #008000)]
    RenderTable {TABLE} at (17,3) size 64x155
      RenderTableSection {TBODY} at (0,0) size 64x155
        RenderTableRow {TR} at (0,0) size 64x155
          RenderTableCell {TD} at (0,0) size 64x155 [r=0 c=0 rs=1 cs=1]
            RenderText {#text} at (0,-1) size 64x143
              text run at (0,-1) width 64: "This____"
              text run at (0,13) width 64: "text____"
              text run at (0,27) width 64: "should__"
              text run at (0,41) width 64: "be______"
              text run at (0,55) width 64: "wrapped,"
              text run at (0,69) width 64: "one_____"
              text run at (0,83) width 64: "word____"
              text run at (0,97) width 64: "to______"
              text run at (0,111) width 64: "a_______"
              text run at (0,125) width 64: "line.___"
            RenderInline {SPAN} at (0,0) size 64x16 [color=#FFFF00] [bgcolor=#FF0000]
              RenderText {#text} at (0,140) size 64x16
                text run at (0,140) width 64: "_FAIL!__"
            RenderText {#text} at (0,0) size 0x0
