layer at (0,0) size 800x600
  RenderView at (0,0) size 800x600
layer at (0,0) size 800x600
  RenderBlock {HTML} at (0,0) size 800x600
    RenderBody {BODY} at (8,8) size 784x584
      RenderBlock {DIV} at (0,0) size 784x22
        RenderText {#text} at (0,0) size 202x22
          text run at (0,0) width 202: "this text should show up twice"
      RenderBlock {DIV} at (0,22) size 784x22
        RenderBlock {DIV} at (0,0) size 784x22
          RenderText {#text} at (0,0) size 202x22
            text run at (0,0) width 202: "this text should show up twice"
      RenderBlock {DIV} at (0,44) size 784x22
        RenderText {#text} at (0,0) size 198x22
          text run at (0,0) width 198: "this text should show up once"
