layer at (0,0) size 800x600
  RenderView at (0,0) size 800x600
layer at (0,0) size 800x600
  RenderBlock {HTML} at (0,0) size 800x600
    RenderBody {BODY} at (8,8) size 784x584
      RenderBlock (anonymous) at (0,0) size 784x22
        RenderInline {SPAN} at (0,0) size 94x22
          RenderInline {B} at (0,0) size 94x22
            RenderText {#text} at (0,0) size 94x22
              text run at (0,0) width 94: "This markup:"
          RenderText {#text} at (0,0) size 0x0
      RenderBlock (anonymous) at (0,35) size 784x357
        RenderBlock {XMP} at (0,0) size 784x357
          RenderText {#text} at (0,0) size 398x357
            text run at (0,0) width 33: "<div>"
            text run at (33,0) width 0: " "
            text run at (0,17) width 398: "<table style=\"border-style:solid; border-width:2px; border-color:red;\">"
            text run at (398,17) width 0: " "
            text run at (0,34) width 48: "<thead>"
            text run at (48,34) width 0: " "
            text run at (0,51) width 24: "<tr>"
            text run at (24,51) width 0: " "
            text run at (0,68) width 79: "<td>one</td>"
            text run at (79,68) width 0: " "
            text run at (0,85) width 78: "<td>two</td>"
            text run at (78,85) width 0: " "
            text run at (0,102) width 87: "<td>three</td>"
            text run at (87,102) width 0: " "
            text run at (0,119) width 28: "</tr>"
            text run at (28,119) width 0: " "
            text run at (0,136) width 24: "<tr>"
            text run at (24,136) width 0: " "
            text run at (0,153) width 80: "<td>four</td>"
            text run at (80,153) width 0: " "
            text run at (0,170) width 79: "<td>five</td>"
            text run at (79,170) width 0: " "
            text run at (0,187) width 75: "<td>six</td>"
            text run at (75,187) width 0: " "
            text run at (0,204) width 28: "</tr>"
            text run at (28,204) width 0: " "
            text run at (0,221) width 24: "<tr>"
            text run at (24,221) width 0: " "
            text run at (0,238) width 93: "<td>seven</td>"
            text run at (93,238) width 0: " "
            text run at (0,255) width 86: "<td>eight</td>"
            text run at (86,255) width 0: " "
            text run at (0,272) width 82: "<td>nine</td>"
            text run at (82,272) width 0: " "
            text run at (0,289) width 28: "</tr>"
            text run at (28,289) width 0: " "
            text run at (0,306) width 42: "<tfoot>"
            text run at (42,306) width 0: " "
            text run at (0,323) width 48: "</table>"
            text run at (48,323) width 0: " "
            text run at (0,340) width 37: "</div>"
            text run at (37,340) width 0: " "
      RenderBlock (anonymous) at (0,405) size 784x0
        RenderInline {SPAN} at (0,0) size 0x0
        RenderText {#text} at (0,0) size 0x0
      RenderBlock {DIV} at (0,405) size 784x114
        RenderBlock (anonymous) at (0,0) size 784x22
          RenderInline {B} at (0,0) size 196x22
            RenderText {#text} at (0,0) size 196x22
              text run at (0,0) width 196: "Should produce a table here:"
          RenderInline {SPAN} at (0,0) size 0x22
        RenderBlock (anonymous) at (0,22) size 784x92
          RenderBlock {DIV} at (0,0) size 784x92
            RenderTable {TABLE} at (0,0) size 129x92 [border: (2px solid #FF0000)]
              RenderTableSection {THEAD} at (2,2) size 125x86
                RenderTableRow {TR} at (0,2) size 125x26
                  RenderTableCell {TD} at (2,2) size 41x26 [border: (1px solid #000000)] [r=0 c=0 rs=1 cs=1]
                    RenderText {#text} at (2,2) size 24x22
                      text run at (2,2) width 24: "one"
                  RenderTableCell {TD} at (45,2) size 37x26 [border: (1px solid #000000)] [r=0 c=1 rs=1 cs=1]
                    RenderText {#text} at (2,2) size 25x22
                      text run at (2,2) width 25: "two"
                  RenderTableCell {TD} at (84,2) size 39x26 [border: (1px solid #000000)] [r=0 c=2 rs=1 cs=1]
                    RenderText {#text} at (2,2) size 35x22
                      text run at (2,2) width 35: "three"
                RenderTableRow {TR} at (0,30) size 125x26
                  RenderTableCell {TD} at (2,30) size 41x26 [border: (1px solid #000000)] [r=1 c=0 rs=1 cs=1]
                    RenderText {#text} at (2,2) size 29x22
                      text run at (2,2) width 29: "four"
                  RenderTableCell {TD} at (45,30) size 37x26 [border: (1px solid #000000)] [r=1 c=1 rs=1 cs=1]
                    RenderText {#text} at (2,2) size 24x22
                      text run at (2,2) width 24: "five"
                  RenderTableCell {TD} at (84,30) size 39x26 [border: (1px solid #000000)] [r=1 c=2 rs=1 cs=1]
                    RenderText {#text} at (2,2) size 18x22
                      text run at (2,2) width 18: "six"
                RenderTableRow {TR} at (0,58) size 125x26
                  RenderTableCell {TD} at (2,58) size 41x26 [border: (1px solid #000000)] [r=2 c=0 rs=1 cs=1]
                    RenderText {#text} at (2,2) size 37x22
                      text run at (2,2) width 37: "seven"
                  RenderTableCell {TD} at (45,58) size 37x26 [border: (1px solid #000000)] [r=2 c=1 rs=1 cs=1]
                    RenderText {#text} at (2,2) size 33x22
                      text run at (2,2) width 33: "eight"
                  RenderTableCell {TD} at (84,58) size 39x26 [border: (1px solid #000000)] [r=2 c=2 rs=1 cs=1]
                    RenderText {#text} at (2,2) size 29x22
                      text run at (2,2) width 29: "nine"
              RenderTableSection {TFOOT} at (2,88) size 125x2
        RenderBlock (anonymous) at (0,114) size 784x0
          RenderInline {SPAN} at (0,0) size 0x0
      RenderBlock (anonymous) at (0,519) size 784x22
        RenderBR {BR} at (0,0) size 0x22
