layer at (0,0) size 800x600
  RenderView at (0,0) size 800x600
layer at (0,0) size 800x148
  RenderBlock {HTML} at (0,0) size 800x148
    RenderBody {BODY} at (8,8) size 784x120
      RenderBlock (anonymous) at (0,0) size 784x22
        RenderInline {DIV} at (0,0) size 528x17 [color=#FFFFFF] [bgcolor=#FF0000]
          RenderText {#text} at (16,3) size 528x17
            text run at (16,3) width 528: "Ahem_font_required_for_this_test."
        RenderText {#text} at (0,0) size 0x0
      RenderBlock {P} at (0,38) size 784x22
        RenderText {#text} at (0,0) size 305x22
          text run at (0,0) width 305: "There should be a green block below, no red."
      RenderBlock {DIV} at (20,80) size 80x40 [color=#008000] [bgcolor=#FF0000]
        RenderText {#text} at (0,0) size 80x40
          text run at (0,0) width 80: "xxxx"
          text run at (0,20) width 80: "xxxx"
