layer at (0,0) size 800x600
  RenderView at (0,0) size 800x600
layer at (0,0) size 800x600
  RenderBlock {HTML} at (0,0) size 800x600
    RenderBody {BODY} at (8,8) size 784x584
      RenderTable {TABLE} at (0,0) size 450x72
        RenderTableSection {TBODY} at (0,0) size 450x72
          RenderTableRow {TR} at (0,2) size 450x68
            RenderTableCell {TD} at (2,2) size 446x68 [bgcolor=#CCCC44] [r=0 c=0 rs=1 cs=1]
              RenderText {#text} at (1,1) size 424x44
                text run at (1,1) width 424: "This stuff should all be within the table boundaries, and not off"
                text run at (1,23) width 64: "the edge. "
                text run at (65,23) width 342: "No way should it be off the edge of the damn table."
              RenderInline {SPAN} at (0,0) size 208x22
                RenderImage {IMG} at (1,61) size 50x0
                RenderText {#text} at (51,45) size 158x22
                  text run at (51,45) width 158: "oh, no I fell off the edge"
              RenderText {#text} at (0,0) size 0x0
