layer at (0,0) size 800x1338
  RenderView at (0,0) size 800x600
layer at (0,0) size 800x1338
  RenderBlock {HTML} at (0,0) size 800x1338
    RenderBody {BODY} at (8,8) size 784x1322 [bgcolor=#FFFFFF]
      RenderBlock {H1} at (0,0) size 784x38
        RenderText {#text} at (0,0) size 333x38
          text run at (0,0) width 333: "Safari 1.0 PRE width bug"
      RenderBlock (anonymous) at (0,56) size 784x76
        RenderText {#text} at (0,0) size 98x19
          text run at (0,0) width 98: "As noted in my "
        RenderInline {A} at (0,0) size 27x19 [color=#0000EE]
          RenderText {#text} at (98,0) size 27x19
            text run at (98,0) width 27: "blog"
        RenderText {#text} at (125,0) size 777x76
          text run at (125,0) width 8: ", "
          text run at (133,0) width 429: "in certain cases Safari will miscalculate the width of a PRE element. "
          text run at (562,0) width 201: "I think I've found the trigger. If a"
          text run at (0,19) width 262: "nested container element is preceded by "
          text run at (262,19) width 451: "uncontained text and a blank line, and there are \"too many\" characters "
          text run at (713,19) width 62: "contained"
          text run at (0,38) width 342: "in the nested element, the PRE width will be too wide. "
          text run at (342,38) width 435: "In the examples below, the nested element is a SPAN whose content"
          text run at (0,57) width 223: "is the days-of-week line, as follows:"
      RenderBlock {PRE} at (0,146) size 784x19
        RenderText {#text} at (0,1) size 376x17
          text run at (0,1) width 376: "    <SPAN CLASS=dow> D  M  T  W  J  F  S</SPAN>"
          text run at (376,1) width 0: " "
      RenderBlock {H2} at (0,182) size 784x29
        RenderText {#text} at (0,0) size 106x29
          text run at (0,0) width 106: "Example 1"
      RenderTable {TABLE} at (0,228) size 784x212
        RenderTableSection {TBODY} at (0,0) size 784x212
          RenderTableRow {TR} at (0,2) size 784x208
            RenderTableCell {TD} at (2,2) size 178x208 [r=0 c=0 rs=1 cs=1]
              RenderBlock {PRE} at (1,1) size 176x206 [bgcolor=#CCCC99] [border: (1px solid #000000)]
                RenderText {#text} at (8,9) size 96x36
                  text run at (8,9) width 96: "        2003"
                  text run at (104,9) width 0: " "
                  text run at (8,28) width 0: " "
                RenderInline {SPAN} at (0,0) size 160x20 [border: (1px solid #000000) none (2px solid #000000) none]
                  RenderText {#text} at (8,47) size 160x17
                    text run at (8,47) width 160: " D  M  T  W  J  F  S"
                RenderText {#text} at (168,47) size 160x150
                  text run at (168,47) width 0: " "
                  text run at (8,66) width 0: " "
                  text run at (8,85) width 120: "      September"
                  text run at (128,85) width 0: " "
                  text run at (8,104) width 160: "    1  2  3  4  5  6"
                  text run at (168,104) width 0: " "
                  text run at (8,123) width 160: " 7  8  9 10 11 12 13"
                  text run at (168,123) width 0: " "
                  text run at (8,142) width 160: "14 15 16 17 18 19 20"
                  text run at (168,142) width 0: " "
                  text run at (8,161) width 160: "21 22 23 24 25 26 27"
                  text run at (168,161) width 0: " "
                  text run at (8,180) width 64: "28 29 30"
            RenderTableCell {TD} at (182,2) size 600x21 [r=0 c=1 rs=1 cs=1]
              RenderText {#text} at (1,1) size 488x19
                text run at (1,1) width 347: "The blank line between '2003' and the nested element "
                text run at (348,1) width 141: "triggers the width bug."
      RenderBlock (anonymous) at (0,440) size 784x19
        RenderBR {BR} at (0,0) size 0x19
      RenderBlock {H2} at (0,476) size 784x29
        RenderText {#text} at (0,0) size 106x29
          text run at (0,0) width 106: "Example 2"
      RenderTable {TABLE} at (0,522) size 784x212
        RenderTableSection {TBODY} at (0,0) size 784x212
          RenderTableRow {TR} at (0,2) size 784x208
            RenderTableCell {TD} at (2,2) size 178x208 [r=0 c=0 rs=1 cs=1]
              RenderBlock {PRE} at (1,1) size 176x206 [bgcolor=#CCCC99] [border: (1px solid #000000)]
                RenderText {#text} at (8,9) size 96x36
                  text run at (8,9) width 96: "        2003"
                  text run at (104,9) width 0: " "
                  text run at (8,28) width 0: " "
                RenderInline {SPAN} at (0,0) size 96x20 [border: (1px solid #000000) none (2px solid #000000) none]
                  RenderText {#text} at (8,47) size 96x17
                    text run at (8,47) width 96: " D  M  TWJFS"
                RenderText {#text} at (104,47) size 160x150
                  text run at (104,47) width 0: " "
                  text run at (8,66) width 0: " "
                  text run at (8,85) width 120: "      September"
                  text run at (128,85) width 0: " "
                  text run at (8,104) width 160: "    1  2  3  4  5  6"
                  text run at (168,104) width 0: " "
                  text run at (8,123) width 160: " 7  8  9 10 11 12 13"
                  text run at (168,123) width 0: " "
                  text run at (8,142) width 160: "14 15 16 17 18 19 20"
                  text run at (168,142) width 0: " "
                  text run at (8,161) width 160: "21 22 23 24 25 26 27"
                  text run at (168,161) width 0: " "
                  text run at (8,180) width 64: "28 29 30"
            RenderTableCell {TD} at (182,2) size 600x73 [r=0 c=1 rs=1 cs=1]
              RenderBlock (anonymous) at (1,1) size 598x19
                RenderText {#text} at (0,0) size 488x19
                  text run at (0,0) width 347: "The blank line between '2003' and the nested element "
                  text run at (347,0) width 141: "triggers the width bug."
              RenderBlock {P} at (1,34) size 598x38
                RenderText {#text} at (0,0) size 579x38
                  text run at (0,0) width 358: "Here, the excess whitespace is reduced by reducing the "
                  text run at (358,0) width 221: "number of characters contained by"
                  text run at (0,19) width 126: "the nested element."
      RenderBlock (anonymous) at (0,734) size 784x19
        RenderBR {BR} at (0,0) size 0x19
      RenderBlock {H2} at (0,770) size 784x29
        RenderText {#text} at (0,0) size 106x29
          text run at (0,0) width 106: "Example 3"
      RenderTable {TABLE} at (0,816) size 784x193
        RenderTableSection {TBODY} at (0,0) size 784x193
          RenderTableRow {TR} at (0,2) size 784x189
            RenderTableCell {TD} at (2,2) size 178x189 [r=0 c=0 rs=1 cs=1]
              RenderBlock {PRE} at (1,1) size 176x187 [bgcolor=#CCCC99] [border: (1px solid #000000)]
                RenderText {#text} at (8,9) size 96x17
                  text run at (8,9) width 96: "        2003"
                  text run at (104,9) width 0: " "
                RenderInline {SPAN} at (0,0) size 160x20 [border: (1px solid #000000) none (2px solid #000000) none]
                  RenderText {#text} at (8,28) size 160x17
                    text run at (8,28) width 160: " D  M  T  W  J  F  S"
                RenderText {#text} at (168,28) size 160x150
                  text run at (168,28) width 0: " "
                  text run at (8,47) width 0: " "
                  text run at (8,66) width 120: "      September"
                  text run at (128,66) width 0: " "
                  text run at (8,85) width 160: "    1  2  3  4  5  6"
                  text run at (168,85) width 0: " "
                  text run at (8,104) width 160: " 7  8  9 10 11 12 13"
                  text run at (168,104) width 0: " "
                  text run at (8,123) width 160: "14 15 16 17 18 19 20"
                  text run at (168,123) width 0: " "
                  text run at (8,142) width 160: "21 22 23 24 25 26 27"
                  text run at (168,142) width 0: " "
                  text run at (8,161) width 64: "28 29 30"
            RenderTableCell {TD} at (182,2) size 600x40 [r=0 c=1 rs=1 cs=1]
              RenderText {#text} at (1,1) size 579x38
                text run at (1,1) width 347: "The blank line between '2003' and the nested element "
                text run at (348,1) width 232: "has been removed, so the bug is not"
                text run at (1,20) width 61: "triggered."
      RenderBlock (anonymous) at (0,1009) size 784x19
        RenderBR {BR} at (0,0) size 0x19
      RenderBlock {H2} at (0,1045) size 784x29
        RenderText {#text} at (0,0) size 106x29
          text run at (0,0) width 106: "Example 4"
      RenderTable {TABLE} at (0,1091) size 784x212
        RenderTableSection {TBODY} at (0,0) size 784x212
          RenderTableRow {TR} at (0,2) size 784x208
            RenderTableCell {TD} at (2,2) size 178x208 [r=0 c=0 rs=1 cs=1]
              RenderBlock {PRE} at (1,1) size 176x206 [bgcolor=#CCCC99] [border: (1px solid #000000)]
                RenderInline {SPAN} at (0,0) size 96x17
                  RenderText {#text} at (8,9) size 96x17
                    text run at (8,9) width 96: "        2003"
                RenderText {#text} at (104,9) size 96x36
                  text run at (104,9) width 0: " "
                  text run at (8,28) width 0: " "
                RenderInline {SPAN} at (0,0) size 160x20 [border: (1px solid #000000) none (2px solid #000000) none]
                  RenderText {#text} at (8,47) size 160x17
                    text run at (8,47) width 160: " D  M  T  W  J  F  S"
                RenderText {#text} at (168,47) size 160x150
                  text run at (168,47) width 0: " "
                  text run at (8,66) width 0: " "
                  text run at (8,85) width 120: "      September"
                  text run at (128,85) width 0: " "
                  text run at (8,104) width 160: "    1  2  3  4  5  6"
                  text run at (168,104) width 0: " "
                  text run at (8,123) width 160: " 7  8  9 10 11 12 13"
                  text run at (168,123) width 0: " "
                  text run at (8,142) width 160: "14 15 16 17 18 19 20"
                  text run at (168,142) width 0: " "
                  text run at (8,161) width 160: "21 22 23 24 25 26 27"
                  text run at (168,161) width 0: " "
                  text run at (8,180) width 64: "28 29 30"
            RenderTableCell {TD} at (182,2) size 600x40 [r=0 c=1 rs=1 cs=1]
              RenderText {#text} at (1,1) size 583x38
                text run at (1,1) width 347: "The blank line between '2003' and the nested element "
                text run at (348,1) width 205: "no longer triggers the width bug,"
                text run at (1,20) width 286: "because now the '2003' is itself contained by "
                text run at (287,20) width 297: "a nested element (in this case, another SPAN)."
      RenderBlock (anonymous) at (0,1303) size 784x19
        RenderBR {BR} at (0,0) size 0x19
