layer at (0,0) size 800x600
  RenderView at (0,0) size 800x600
layer at (0,0) size 800x600
  RenderBlock {HTML} at (0,0) size 800x600
    RenderBody {BODY} at (8,8) size 784x584
      RenderTable {TABLE} at (0,0) size 784x252
        RenderTableSection {TBODY} at (0,0) size 784x252
          RenderTableRow {TR} at (0,2) size 784x248
            RenderTableCell {TD} at (2,2) size 90x248 [r=0 c=0 rs=1 cs=1]
              RenderBlock (floating) {DIV} at (1,1) size 88x246 [border: (2px solid #FF0000)]
                RenderText {#text} at (2,2) size 84x242
                  text run at (2,2) width 53: "Here-is-"
                  text run at (2,24) width 70: "some-info-"
                  text run at (2,46) width 64: "from-the-"
                  text run at (2,68) width 78: "complaints-"
                  text run at (2,90) width 84: "department-"
                  text run at (2,112) width 70: "some-info-"
                  text run at (2,134) width 64: "from-the-"
                  text run at (2,156) width 78: "complaints-"
                  text run at (2,178) width 84: "department-"
                  text run at (2,200) width 70: "some-info-"
                  text run at (2,222) width 59: "from-the"
            RenderTableCell {TD} at (94,125) size 688x2 [r=0 c=1 rs=1 cs=1]
      RenderTable {TABLE} at (0,252) size 784x252
        RenderTableSection {TBODY} at (0,0) size 784x252
          RenderTableRow {TR} at (0,2) size 784x248
            RenderTableCell {TD} at (2,2) size 85x248 [r=0 c=0 rs=1 cs=1]
              RenderBlock (floating) {DIV} at (1,1) size 83x246 [border: (2px solid #FF0000)]
                RenderText {#text} at (2,2) size 79x242
                  text run at (2,2) width 47: "Here is"
                  text run at (2,24) width 64: "some info"
                  text run at (2,46) width 58: "from the"
                  text run at (2,68) width 73: "complaints"
                  text run at (2,90) width 79: "department"
                  text run at (2,112) width 65: "some-info"
                  text run at (2,134) width 58: "from the"
                  text run at (2,156) width 73: "complaints"
                  text run at (2,178) width 79: "department"
                  text run at (2,200) width 64: "some info"
                  text run at (2,222) width 58: "from the"
            RenderTableCell {TD} at (89,125) size 693x2 [r=0 c=1 rs=1 cs=1]
      RenderTable {TABLE} at (0,504) size 784x78 [border: (2px outset #808080)]
        RenderTableSection {TBODY} at (2,2) size 780x74
          RenderTableRow {TR} at (0,2) size 780x70
            RenderTableCell {TD} at (2,2) size 617x70 [border: (1px inset #808080)] [r=0 c=0 rs=1 cs=1]
              RenderText {#text} at (2,2) size 137x22
                text run at (2,2) width 137: "This is a test to see if"
              RenderInline {SPAN} at (0,0) size 613x66
                RenderText {#text} at (139,2) size 613x66
                  text run at (139,2) width 109: "this is computed"
                  text run at (248,2) width 0: " "
                  text run at (2,24) width 613: "correctly.  In particular, we have a really long line here that could throw off the min-width."
                  text run at (615,24) width 0: " "
                  text run at (2,46) width 33: "Is it?"
              RenderText {#text} at (0,0) size 0x0
            RenderTableCell {TD} at (621,35) size 157x4 [border: (1px inset #808080)] [r=0 c=1 rs=1 cs=1]
