layer at (0,0) size 800x600
  RenderView at (0,0) size 800x600
layer at (0,0) size 800x600
  RenderBlock {HTML} at (0,0) size 800x600
    RenderBody {BODY} at (8,8) size 784x584
layer at (100,8) size 700x259
  RenderBlock (positioned) {DIV} at (100,8) size 700x259 [border: (2px solid #FF0000)]
    RenderText {#text} at (14,14) size 651x231
      text run at (14,14) width 651: "This div is absolutely positioned to the left. All the spaces in this"
      text run at (14,47) width 639: "div are replaced with non-breaking spaces, and the nbsp-mode"
      text run at (14,80) width 637: "for this div is 'space', so when calculating line breaks, the non-"
      text run at (14,113) width 647: "breaking spaces should be treated as normal spaces. If this isn't"
      text run at (14,146) width 648: "the case, then all the text for this paragraph will be rendered in"
      text run at (14,179) width 597: "two lines, and a horizontal scroll bar will appear along the"
      text run at (14,212) width 79: "bottom."
