layer at (0,0) size 800x600
  RenderView at (0,0) size 800x600
layer at (0,0) size 800x600
  RenderBlock {HTML} at (0,0) size 800x600
    RenderBody {BODY} at (8,8) size 784x578
      RenderBlock {PRE} at (0,0) size 784x176
        RenderText {#text} at (0,51) size 24x17
          text run at (0,51) width 24: "One"
        RenderInline {SPAN} at (0,0) size 129x169
          RenderText {#text} at (24,3) size 129x169
            text run at (24,3) width 0: " "
            text run at (0,91) width 129: "Two"
