layer at (0,0) size 800x600
  RenderView at (0,0) size 800x600
layer at (0,0) size 800x600
  RenderBlock {HTML} at (0,0) size 800x600
    RenderBody {BODY} at (8,8) size 784x576
      RenderBlock {FORM} at (0,0) size 784x95
        RenderTable {TABLE} at (0,0) size 345x95 [border: (1px outset #808080)]
          RenderTableSection {TBODY} at (1,1) size 343x93
            RenderTableRow {TR} at (0,2) size 343x89
              RenderTableCell {TD} at (2,2) size 339x89 [border: (1px inset #808080)] [r=0 c=0 rs=1 cs=1]
                RenderTable {TABLE} at (2,2) size 335x85 [border: (2px outset #808080)]
                  RenderTableSection {TBODY} at (2,2) size 331x81
                    RenderTableRow {TR} at (0,2) size 331x42
                      RenderTableCell {TD} at (2,2) size 94x42 [border: (1px inset #808080)] [r=0 c=0 rs=1 cs=1]
                        RenderText {#text} at (2,2) size 56x38
                          text run at (2,2) width 53: "Member"
                          text run at (2,21) width 56: "Number:"
                      RenderTableCell {TD} at (98,6) size 225x33 [border: (1px inset #808080)] [r=0 c=1 rs=1 cs=1]
                        RenderTextControl {INPUT} at (4,4) size 194x25 [bgcolor=#FFFFFF] [border: (2px inset #000000)]
                        RenderText {#text} at (0,0) size 0x0
                    RenderTableRow {TR} at (0,46) size 331x33
                      RenderTableCell {TD} at (2,51) size 94x23 [border: (1px inset #808080)] [r=1 c=0 rs=1 cs=1]
                        RenderText {#text} at (2,2) size 30x19
                          text run at (2,2) width 30: "PIN:"
                      RenderTableCell {TD} at (98,46) size 225x33 [border: (1px inset #808080)] [r=1 c=1 rs=1 cs=1]
                        RenderTextControl {INPUT} at (4,4) size 194x25 [bgcolor=#FFFFFF] [border: (2px inset #000000)]
                        RenderText {#text} at (0,0) size 0x0
                      RenderTableCell {TD} at (325,60) size 4x4 [border: (1px inset #808080)] [r=1 c=2 rs=1 cs=1]
layer at (120,28) size 188x19
  RenderBlock {DIV} at (3,3) size 188x19
layer at (120,68) size 188x19
  RenderBlock {DIV} at (3,3) size 188x19
