layer at (0,0) size 800x600
  RenderView at (0,0) size 800x600
layer at (0,0) size 800x600
  RenderBlock {HTML} at (0,0) size 800x600
    RenderBody {BODY} at (8,8) size 784x584
      RenderBlock (anonymous) at (0,0) size 784x21
        RenderText {#text} at (0,0) size 279x21
          text run at (0,0) width 279: "This table should have cell spacing of 2px"
      RenderTable {TABLE} at (0,21) size 100x62 [border: (1px outset #808080)]
        RenderTableSection {TBODY} at (1,1) size 98x60
          RenderTableRow {TR} at (0,2) size 98x29
            RenderTableCell {TD} at (2,2) size 44x29 [border: (3px inset #000000)] [r=0 c=0 rs=1 cs=1]
              RenderText {#text} at (4,4) size 36x21
                text run at (4,4) width 36: "AAA"
            RenderTableCell {TD} at (48,4) size 48x25 [border: (1px inset #808080)] [r=0 c=1 rs=1 cs=1]
              RenderText {#text} at (2,2) size 44x21
                text run at (2,2) width 44: "BBBB"
          RenderTableRow {TR} at (0,33) size 98x25
            RenderTableCell {TD} at (2,33) size 44x25 [border: (1px inset #808080)] [r=1 c=0 rs=1 cs=1]
              RenderText {#text} at (2,2) size 36x21
                text run at (2,2) width 36: "AAA"
            RenderTableCell {TD} at (48,33) size 48x25 [border: (1px inset #808080)] [r=1 c=1 rs=1 cs=1]
              RenderText {#text} at (2,2) size 44x21
                text run at (2,2) width 44: "BBBB"
      RenderBlock (anonymous) at (0,83) size 784x42
        RenderBR {BR} at (0,0) size 0x21
        RenderText {#text} at (0,21) size 279x21
          text run at (0,21) width 279: "This table should have cell spacing of 5px"
      RenderTable {TABLE} at (0,125) size 105x67 [border: (1px outset #808080)]
        RenderTableSection {TBODY} at (1,1) size 103x65
          RenderTableRow {TR} at (0,5) size 103x25
            RenderTableCell {TD} at (5,5) size 40x25 [border: (1px inset #808080)] [r=0 c=0 rs=1 cs=1]
              RenderText {#text} at (2,2) size 36x21
                text run at (2,2) width 36: "AAA"
            RenderTableCell {TD} at (50,5) size 48x25 [border: (1px inset #808080)] [r=0 c=1 rs=1 cs=1]
              RenderText {#text} at (2,2) size 44x21
                text run at (2,2) width 44: "BBBB"
          RenderTableRow {TR} at (0,35) size 103x25
            RenderTableCell {TD} at (5,35) size 40x25 [border: (1px inset #808080)] [r=1 c=0 rs=1 cs=1]
              RenderText {#text} at (2,2) size 36x21
                text run at (2,2) width 36: "AAA"
            RenderTableCell {TD} at (50,35) size 48x25 [border: (1px inset #808080)] [r=1 c=1 rs=1 cs=1]
              RenderText {#text} at (2,2) size 44x21
                text run at (2,2) width 44: "BBBB"
      RenderBlock (anonymous) at (0,192) size 784x42
        RenderBR {BR} at (0,0) size 0x21
        RenderText {#text} at (0,21) size 416x21
          text run at (0,21) width 416: "This table should have cell spacingX of 5px, spacingY of 10px"
      RenderTable {TABLE} at (0,234) size 105x82 [border: (1px outset #808080)]
        RenderTableSection {TBODY} at (1,1) size 103x80
          RenderTableRow {TR} at (0,10) size 103x25
            RenderTableCell {TD} at (5,10) size 40x25 [border: (1px inset #808080)] [r=0 c=0 rs=1 cs=1]
              RenderText {#text} at (2,2) size 36x21
                text run at (2,2) width 36: "AAA"
            RenderTableCell {TD} at (50,10) size 48x25 [border: (1px inset #808080)] [r=0 c=1 rs=1 cs=1]
              RenderText {#text} at (2,2) size 44x21
                text run at (2,2) width 44: "BBBB"
          RenderTableRow {TR} at (0,45) size 103x25
            RenderTableCell {TD} at (5,45) size 40x25 [border: (1px inset #808080)] [r=1 c=0 rs=1 cs=1]
              RenderText {#text} at (2,2) size 36x21
                text run at (2,2) width 36: "AAA"
            RenderTableCell {TD} at (50,45) size 48x25 [border: (1px inset #808080)] [r=1 c=1 rs=1 cs=1]
              RenderText {#text} at (2,2) size 44x21
                text run at (2,2) width 44: "BBBB"
      RenderBlock (anonymous) at (0,316) size 784x42
        RenderBR {BR} at (0,0) size 0x21
        RenderText {#text} at (0,21) size 416x21
          text run at (0,21) width 416: "This table should have cell spacingX of 5px, spacingY of 10px"
      RenderTable {TABLE} at (0,358) size 105x82 [border: (1px outset #808080)]
        RenderTableSection {TBODY} at (1,1) size 103x80
          RenderTableRow {TR} at (0,10) size 103x25
            RenderTableCell {TD} at (5,10) size 40x25 [border: (1px inset #808080)] [r=0 c=0 rs=1 cs=1]
              RenderText {#text} at (2,2) size 36x21
                text run at (2,2) width 36: "AAA"
            RenderTableCell {TD} at (50,10) size 48x25 [border: (1px inset #808080)] [r=0 c=1 rs=1 cs=1]
              RenderText {#text} at (2,2) size 44x21
                text run at (2,2) width 44: "BBBB"
          RenderTableRow {TR} at (0,45) size 103x25
            RenderTableCell {TD} at (5,45) size 40x25 [border: (1px inset #808080)] [r=1 c=0 rs=1 cs=1]
              RenderText {#text} at (2,2) size 36x21
                text run at (2,2) width 36: "AAA"
            RenderTableCell {TD} at (50,45) size 48x25 [border: (1px inset #808080)] [r=1 c=1 rs=1 cs=1]
              RenderText {#text} at (2,2) size 44x21
                text run at (2,2) width 44: "BBBB"
