layer at (0,0) size 784x911
  RenderView at (0,0) size 784x600
layer at (0,0) size 784x911
  RenderBlock {HTML} at (0,0) size 784x911
    RenderBody {BODY} at (8,8) size 768x895
      RenderBlock (anonymous) at (0,0) size 768x21
        RenderText {#text} at (0,0) size 4x21
          text run at (0,0) width 4: " "
      RenderTable {TABLE} at (0,21) size 768x811 [bgcolor=#FFFFCC] [border: (1px outset #808080)]
        RenderTableSection {TBODY} at (1,1) size 766x809
          RenderTableRow {TR} at (0,2) size 766x25
            RenderTableCell {TD} at (2,2) size 614x25 [border: (1px inset #808080)] [r=0 c=0 rs=1 cs=1]
              RenderText {#text} at (2,2) size 55x21
                text run at (2,2) width 55: "Cell one"
            RenderTableCell {TD} at (618,2) size 72x25 [border: (1px inset #808080)] [r=0 c=1 rs=1 cs=1]
              RenderText {#text} at (2,2) size 35x21
                text run at (2,2) width 35: "Cell2"
            RenderTableCell {TD} at (692,2) size 72x25 [border: (1px inset #808080)] [r=0 c=2 rs=1 cs=1]
              RenderText {#text} at (2,2) size 39x21
                text run at (2,2) width 39: "Cell 3"
          RenderTableRow {TR} at (0,29) size 766x25
            RenderTableCell {TD} at (2,29) size 614x25 [border: (1px inset #808080)] [r=1 c=0 rs=1 cs=1]
              RenderText {#text} at (2,2) size 39x21
                text run at (2,2) width 39: "Cell 4"
            RenderTableCell {TD} at (618,29) size 72x25 [border: (1px inset #808080)] [r=1 c=1 rs=1 cs=1]
              RenderText {#text} at (2,2) size 39x21
                text run at (2,2) width 39: "Cell 5"
            RenderTableCell {TD} at (692,29) size 72x25 [border: (1px inset #808080)] [r=1 c=2 rs=1 cs=1]
              RenderText {#text} at (2,2) size 39x21
                text run at (2,2) width 39: "Cell 6"
          RenderTableRow {TR} at (0,56) size 766x751
            RenderTableCell {TD} at (2,56) size 614x751 [border: (1px inset #808080)] [r=2 c=0 rs=1 cs=1]
              RenderTable {TABLE} at (2,2) size 610x726 [bgcolor=#DDDDDD] [border: (1px outset #808080)]
                RenderTableSection {TBODY} at (1,1) size 608x724
                  RenderTableRow {TR} at (0,2) size 608x25
                    RenderTableCell {TD} at (2,2) size 20x25 [border: (1px inset #808080)] [r=0 c=0 rs=1 cs=1]
                      RenderText {#text} at (2,2) size 8x21
                        text run at (2,2) width 8: "1"
                    RenderTableCell {TD} at (24,2) size 559x25 [border: (1px inset #808080)] [r=0 c=1 rs=1 cs=1]
                      RenderText {#text} at (2,2) size 8x21
                        text run at (2,2) width 8: "2"
                    RenderTableCell {TD} at (585,2) size 21x25 [border: (1px inset #808080)] [r=0 c=2 rs=1 cs=1]
                      RenderText {#text} at (2,2) size 8x21
                        text run at (2,2) width 8: "3"
                  RenderTableRow {TR} at (0,29) size 608x666
                    RenderTableCell {TD} at (2,349) size 20x25 [border: (1px inset #808080)] [r=1 c=0 rs=1 cs=1]
                      RenderText {#text} at (2,2) size 8x21
                        text run at (2,2) width 8: "4"
                    RenderTableCell {TD} at (24,29) size 559x666 [border: (1px inset #808080)] [r=1 c=1 rs=1 cs=1]
                      RenderTable {TABLE} at (2,2) size 555x641 [bgcolor=#66FFFF] [border: (1px outset #808080)]
                        RenderTableSection {TBODY} at (1,1) size 553x639
                          RenderTableRow {TR} at (0,2) size 553x581
                            RenderTableCell {TD} at (2,280) size 20x25 [border: (1px inset #808080)] [r=0 c=0 rs=1 cs=1]
                              RenderText {#text} at (2,2) size 8x21
                                text run at (2,2) width 8: "1"
                            RenderTableCell {TD} at (24,2) size 504x581 [border: (1px inset #808080)] [r=0 c=1 rs=1 cs=1]
                              RenderTable {TABLE} at (2,2) size 500x556 [bgcolor=#FF0000] [border: (1px outset #808080)]
                                RenderTableSection {TBODY} at (1,1) size 498x554
                                  RenderTableRow {TR} at (0,2) size 498x25
                                    RenderTableCell {TD} at (2,2) size 22x25 [border: (1px inset #808080)] [r=0 c=0 rs=1 cs=1]
                                      RenderText {#text} at (2,2) size 8x21
                                        text run at (2,2) width 8: "1"
                                    RenderTableCell {TD} at (26,2) size 23x25 [border: (1px inset #808080)] [r=0 c=1 rs=1 cs=1]
                                      RenderText {#text} at (2,2) size 8x21
                                        text run at (2,2) width 8: "2"
                                    RenderTableCell {TD} at (51,2) size 396x25 [border: (1px inset #808080)] [r=0 c=2 rs=1 cs=1]
                                      RenderText {#text} at (2,2) size 8x21
                                        text run at (2,2) width 8: "3"
                                    RenderTableCell {TD} at (449,2) size 23x25 [border: (1px inset #808080)] [r=0 c=3 rs=1 cs=1]
                                      RenderText {#text} at (2,2) size 8x21
                                        text run at (2,2) width 8: "4"
                                    RenderTableCell {TD} at (474,2) size 22x25 [border: (1px inset #808080)] [r=0 c=4 rs=1 cs=1]
                                      RenderText {#text} at (2,2) size 8x21
                                        text run at (2,2) width 8: "5"
                                  RenderTableRow {TR} at (0,29) size 498x442
                                    RenderTableCell {TD} at (2,237) size 22x25 [border: (1px inset #808080)] [r=1 c=0 rs=1 cs=1]
                                      RenderText {#text} at (2,2) size 8x21
                                        text run at (2,2) width 8: "6"
                                    RenderTableCell {TD} at (26,237) size 23x25 [border: (1px inset #808080)] [r=1 c=1 rs=1 cs=1]
                                      RenderText {#text} at (2,2) size 8x21
                                        text run at (2,2) width 8: "7"
                                    RenderTableCell {TD} at (51,29) size 396x442 [border: (1px inset #808080)] [r=1 c=2 rs=1 cs=1]
                                      RenderTable {TABLE} at (2,2) size 392x417 [bgcolor=#66FF99] [border: (1px outset #808080)]
                                        RenderTableSection {TBODY} at (1,1) size 390x415
                                          RenderTableRow {TR} at (0,2) size 390x25
                                            RenderTableCell {TD} at (2,2) size 23x25 [border: (1px inset #808080)] [r=0 c=0 rs=1 cs=1]
                                              RenderText {#text} at (2,2) size 8x21
                                                text run at (2,2) width 8: "a"
                                            RenderTableCell {TD} at (27,2) size 23x25 [border: (1px inset #808080)] [r=0 c=1 rs=1 cs=1]
                                              RenderText {#text} at (2,2) size 9x21
                                                text run at (2,2) width 9: "b"
                                            RenderTableCell {TD} at (52,2) size 285x25 [border: (1px inset #808080)] [r=0 c=2 rs=1 cs=1]
                                              RenderText {#text} at (2,2) size 7x21
                                                text run at (2,2) width 7: "c"
                                            RenderTableCell {TD} at (339,2) size 24x25 [border: (1px inset #808080)] [r=0 c=3 rs=1 cs=1]
                                              RenderText {#text} at (2,2) size 9x21
                                                text run at (2,2) width 9: "d"
                                            RenderTableCell {TD} at (365,2) size 23x25 [border: (1px inset #808080)] [r=0 c=4 rs=1 cs=1]
                                              RenderText {#text} at (2,2) size 7x21
                                                text run at (2,2) width 7: "e"
                                          RenderTableRow {TR} at (0,29) size 390x25
                                            RenderTableCell {TD} at (2,29) size 23x25 [border: (1px inset #808080)] [r=1 c=0 rs=1 cs=1]
                                              RenderText {#text} at (2,2) size 5x21
                                                text run at (2,2) width 5: "f"
                                            RenderTableCell {TD} at (27,29) size 23x25 [border: (1px inset #808080)] [r=1 c=1 rs=1 cs=1]
                                              RenderText {#text} at (2,2) size 8x21
                                                text run at (2,2) width 8: "g"
                                            RenderTableCell {TD} at (52,29) size 285x25 [border: (1px inset #808080)] [r=1 c=2 rs=1 cs=1]
                                              RenderText {#text} at (2,2) size 9x21
                                                text run at (2,2) width 9: "h"
                                            RenderTableCell {TD} at (339,29) size 24x25 [border: (1px inset #808080)] [r=1 c=3 rs=1 cs=1]
                                              RenderText {#text} at (2,2) size 4x21
                                                text run at (2,2) width 4: "i"
                                            RenderTableCell {TD} at (365,29) size 23x25 [border: (1px inset #808080)] [r=1 c=4 rs=1 cs=1]
                                              RenderText {#text} at (2,2) size 5x21
                                                text run at (2,2) width 5: "j"
                                          RenderTableRow {TR} at (0,56) size 390x303
                                            RenderTableCell {TD} at (2,195) size 23x25 [border: (1px inset #808080)] [r=2 c=0 rs=1 cs=1]
                                              RenderText {#text} at (2,2) size 9x21
                                                text run at (2,2) width 9: "k"
                                            RenderTableCell {TD} at (27,195) size 23x25 [border: (1px inset #808080)] [r=2 c=1 rs=1 cs=1]
                                              RenderText {#text} at (2,2) size 4x21
                                                text run at (2,2) width 4: "l"
                                            RenderTableCell {TD} at (52,56) size 285x303 [border: (1px inset #808080)] [r=2 c=2 rs=1 cs=1]
                                              RenderTable {TABLE} at (2,2) size 281x278 [bgcolor=#FF99FF] [border: (1px outset #808080)]
                                                RenderTableSection {TBODY} at (1,1) size 279x276
                                                  RenderTableRow {TR} at (0,2) size 279x25
                                                    RenderTableCell {TD} at (2,2) size 25x25 [border: (1px inset #808080)] [r=0 c=0 rs=1 cs=1]
                                                      RenderText {#text} at (2,2) size 8x21
                                                        text run at (2,2) width 8: "a"
                                                    RenderTableCell {TD} at (29,2) size 25x25 [border: (1px inset #808080)] [r=0 c=1 rs=1 cs=1]
                                                      RenderText {#text} at (2,2) size 9x21
                                                        text run at (2,2) width 9: "b"
                                                    RenderTableCell {TD} at (56,2) size 168x25 [border: (1px inset #808080)] [r=0 c=2 rs=1 cs=1]
                                                      RenderText {#text} at (2,2) size 7x21
                                                        text run at (2,2) width 7: "c"
                                                    RenderTableCell {TD} at (226,2) size 25x25 [border: (1px inset #808080)] [r=0 c=3 rs=1 cs=1]
                                                      RenderText {#text} at (2,2) size 9x21
                                                        text run at (2,2) width 9: "d"
                                                    RenderTableCell {TD} at (253,2) size 24x25 [border: (1px inset #808080)] [r=0 c=4 rs=1 cs=1]
                                                      RenderText {#text} at (2,2) size 7x21
                                                        text run at (2,2) width 7: "e"
                                                  RenderTableRow {TR} at (0,29) size 279x25
                                                    RenderTableCell {TD} at (2,29) size 25x25 [border: (1px inset #808080)] [r=1 c=0 rs=1 cs=1]
                                                      RenderText {#text} at (2,2) size 5x21
                                                        text run at (2,2) width 5: "f"
                                                    RenderTableCell {TD} at (29,29) size 25x25 [border: (1px inset #808080)] [r=1 c=1 rs=1 cs=1]
                                                      RenderText {#text} at (2,2) size 8x21
                                                        text run at (2,2) width 8: "g"
                                                    RenderTableCell {TD} at (56,29) size 168x25 [border: (1px inset #808080)] [r=1 c=2 rs=1 cs=1]
                                                      RenderText {#text} at (2,2) size 9x21
                                                        text run at (2,2) width 9: "h"
                                                    RenderTableCell {TD} at (226,29) size 25x25 [border: (1px inset #808080)] [r=1 c=3 rs=1 cs=1]
                                                      RenderText {#text} at (2,2) size 4x21
                                                        text run at (2,2) width 4: "i"
                                                    RenderTableCell {TD} at (253,29) size 24x25 [border: (1px inset #808080)] [r=1 c=4 rs=1 cs=1]
                                                      RenderText {#text} at (2,2) size 5x21
                                                        text run at (2,2) width 5: "j"
                                                  RenderTableRow {TR} at (0,56) size 279x164
                                                    RenderTableCell {TD} at (2,125) size 25x25 [border: (1px inset #808080)] [r=2 c=0 rs=1 cs=1]
                                                      RenderText {#text} at (2,2) size 9x21
                                                        text run at (2,2) width 9: "k"
                                                    RenderTableCell {TD} at (29,125) size 25x25 [border: (1px inset #808080)] [r=2 c=1 rs=1 cs=1]
                                                      RenderText {#text} at (2,2) size 4x21
                                                        text run at (2,2) width 4: "l"
                                                    RenderTableCell {TD} at (56,56) size 168x164 [border: (1px inset #808080)] [r=2 c=2 rs=1 cs=1]
                                                      RenderTable {TABLE} at (2,2) size 164x139 [bgcolor=#FF9900] [border: (1px outset #808080)]
                                                        RenderTableSection {TBODY} at (1,1) size 162x137
                                                          RenderTableRow {TR} at (0,2) size 162x25
                                                            RenderTableCell {TD} at (2,2) size 28x25 [border: (1px inset #808080)] [r=0 c=0 rs=1 cs=1]
                                                              RenderText {#text} at (2,2) size 8x21
                                                                text run at (2,2) width 8: "a"
                                                            RenderTableCell {TD} at (32,2) size 28x25 [border: (1px inset #808080)] [r=0 c=1 rs=1 cs=1]
                                                              RenderText {#text} at (2,2) size 9x21
                                                                text run at (2,2) width 9: "b"
                                                            RenderTableCell {TD} at (62,2) size 38x25 [border: (1px inset #808080)] [r=0 c=2 rs=1 cs=1]
                                                              RenderText {#text} at (2,2) size 7x21
                                                                text run at (2,2) width 7: "c"
                                                            RenderTableCell {TD} at (102,2) size 29x25 [border: (1px inset #808080)] [r=0 c=3 rs=1 cs=1]
                                                              RenderText {#text} at (2,2) size 9x21
                                                                text run at (2,2) width 9: "d"
                                                            RenderTableCell {TD} at (133,2) size 27x25 [border: (1px inset #808080)] [r=0 c=4 rs=1 cs=1]
                                                              RenderText {#text} at (2,2) size 7x21
                                                                text run at (2,2) width 7: "e"
                                                          RenderTableRow {TR} at (0,29) size 162x25
                                                            RenderTableCell {TD} at (2,29) size 28x25 [border: (1px inset #808080)] [r=1 c=0 rs=1 cs=1]
                                                              RenderText {#text} at (2,2) size 5x21
                                                                text run at (2,2) width 5: "f"
                                                            RenderTableCell {TD} at (32,29) size 28x25 [border: (1px inset #808080)] [r=1 c=1 rs=1 cs=1]
                                                              RenderText {#text} at (2,2) size 8x21
                                                                text run at (2,2) width 8: "g"
                                                            RenderTableCell {TD} at (62,29) size 38x25 [border: (1px inset #808080)] [r=1 c=2 rs=1 cs=1]
                                                              RenderText {#text} at (2,2) size 9x21
                                                                text run at (2,2) width 9: "h"
                                                            RenderTableCell {TD} at (102,29) size 29x25 [border: (1px inset #808080)] [r=1 c=3 rs=1 cs=1]
                                                              RenderText {#text} at (2,2) size 4x21
                                                                text run at (2,2) width 4: "i"
                                                            RenderTableCell {TD} at (133,29) size 27x25 [border: (1px inset #808080)] [r=1 c=4 rs=1 cs=1]
                                                              RenderText {#text} at (2,2) size 5x21
                                                                text run at (2,2) width 5: "j"
                                                          RenderTableRow {TR} at (0,56) size 162x25
                                                            RenderTableCell {TD} at (2,56) size 28x25 [border: (1px inset #808080)] [r=2 c=0 rs=1 cs=1]
                                                              RenderText {#text} at (2,2) size 9x21
                                                                text run at (2,2) width 9: "k"
                                                            RenderTableCell {TD} at (32,56) size 28x25 [border: (1px inset #808080)] [r=2 c=1 rs=1 cs=1]
                                                              RenderText {#text} at (2,2) size 4x21
                                                                text run at (2,2) width 4: "l"
                                                            RenderTableCell {TD} at (62,56) size 38x25 [border: (1px inset #808080)] [r=2 c=2 rs=1 cs=1]
                                                              RenderText {#text} at (2,2) size 13x21
                                                                text run at (2,2) width 13: "m"
                                                            RenderTableCell {TD} at (102,56) size 29x25 [border: (1px inset #808080)] [r=2 c=3 rs=1 cs=1]
                                                              RenderText {#text} at (2,2) size 9x21
                                                                text run at (2,2) width 9: "n"
                                                            RenderTableCell {TD} at (133,56) size 27x25 [border: (1px inset #808080)] [r=2 c=4 rs=1 cs=1]
                                                              RenderText {#text} at (2,2) size 8x21
                                                                text run at (2,2) width 8: "o"
                                                          RenderTableRow {TR} at (0,83) size 162x25
                                                            RenderTableCell {TD} at (2,83) size 28x25 [border: (1px inset #808080)] [r=3 c=0 rs=1 cs=1]
                                                              RenderText {#text} at (2,2) size 9x21
                                                                text run at (2,2) width 9: "p"
                                                            RenderTableCell {TD} at (32,83) size 28x25 [border: (1px inset #808080)] [r=3 c=1 rs=1 cs=1]
                                                              RenderText {#text} at (2,2) size 9x21
                                                                text run at (2,2) width 9: "q"
                                                            RenderTableCell {TD} at (62,83) size 38x25 [border: (1px inset #808080)] [r=3 c=2 rs=1 cs=1]
                                                              RenderText {#text} at (2,2) size 7x21
                                                                text run at (2,2) width 7: "r"
                                                            RenderTableCell {TD} at (102,83) size 29x25 [border: (1px inset #808080)] [r=3 c=3 rs=1 cs=1]
                                                              RenderText {#text} at (2,2) size 6x21
                                                                text run at (2,2) width 6: "s"
                                                            RenderTableCell {TD} at (133,83) size 27x25 [border: (1px inset #808080)] [r=3 c=4 rs=1 cs=1]
                                                              RenderText {#text} at (2,2) size 5x21
                                                                text run at (2,2) width 5: "t"
                                                          RenderTableRow {TR} at (0,110) size 162x25
                                                            RenderTableCell {TD} at (2,110) size 28x25 [border: (1px inset #808080)] [r=4 c=0 rs=1 cs=1]
                                                              RenderText {#text} at (2,2) size 9x21
                                                                text run at (2,2) width 9: "u"
                                                            RenderTableCell {TD} at (32,110) size 28x25 [border: (1px inset #808080)] [r=4 c=1 rs=1 cs=1]
                                                              RenderText {#text} at (2,2) size 8x21
                                                                text run at (2,2) width 8: "v"
                                                            RenderTableCell {TD} at (62,110) size 38x25 [border: (1px inset #808080)] [r=4 c=2 rs=1 cs=1]
                                                              RenderText {#text} at (2,2) size 12x21
                                                                text run at (2,2) width 12: "w"
                                                            RenderTableCell {TD} at (102,110) size 29x25 [border: (1px inset #808080)] [r=4 c=3 rs=1 cs=1]
                                                              RenderText {#text} at (2,2) size 8x21
                                                                text run at (2,2) width 8: "x"
                                                            RenderTableCell {TD} at (133,110) size 27x25 [border: (1px inset #808080)] [r=4 c=4 rs=1 cs=1]
                                                              RenderText {#text} at (2,2) size 8x21
                                                                text run at (2,2) width 8: "y"
                                                      RenderBlock (anonymous) at (2,141) size 164x21
                                                        RenderText {#text} at (0,0) size 4x21
                                                          text run at (0,0) width 4: " "
                                                    RenderTableCell {TD} at (226,125) size 25x25 [border: (1px inset #808080)] [r=2 c=3 rs=1 cs=1]
                                                      RenderText {#text} at (2,2) size 9x21
                                                        text run at (2,2) width 9: "n"
                                                    RenderTableCell {TD} at (253,125) size 24x25 [border: (1px inset #808080)] [r=2 c=4 rs=1 cs=1]
                                                      RenderText {#text} at (2,2) size 8x21
                                                        text run at (2,2) width 8: "o"
                                                  RenderTableRow {TR} at (0,222) size 279x25
                                                    RenderTableCell {TD} at (2,222) size 25x25 [border: (1px inset #808080)] [r=3 c=0 rs=1 cs=1]
                                                      RenderText {#text} at (2,2) size 9x21
                                                        text run at (2,2) width 9: "p"
                                                    RenderTableCell {TD} at (29,222) size 25x25 [border: (1px inset #808080)] [r=3 c=1 rs=1 cs=1]
                                                      RenderText {#text} at (2,2) size 9x21
                                                        text run at (2,2) width 9: "q"
                                                    RenderTableCell {TD} at (56,222) size 168x25 [border: (1px inset #808080)] [r=3 c=2 rs=1 cs=1]
                                                      RenderText {#text} at (2,2) size 7x21
                                                        text run at (2,2) width 7: "r"
                                                    RenderTableCell {TD} at (226,222) size 25x25 [border: (1px inset #808080)] [r=3 c=3 rs=1 cs=1]
                                                      RenderText {#text} at (2,2) size 6x21
                                                        text run at (2,2) width 6: "s"
                                                    RenderTableCell {TD} at (253,222) size 24x25 [border: (1px inset #808080)] [r=3 c=4 rs=1 cs=1]
                                                      RenderText {#text} at (2,2) size 5x21
                                                        text run at (2,2) width 5: "t"
                                                  RenderTableRow {TR} at (0,249) size 279x25
                                                    RenderTableCell {TD} at (2,249) size 25x25 [border: (1px inset #808080)] [r=4 c=0 rs=1 cs=1]
                                                      RenderText {#text} at (2,2) size 9x21
                                                        text run at (2,2) width 9: "u"
                                                    RenderTableCell {TD} at (29,249) size 25x25 [border: (1px inset #808080)] [r=4 c=1 rs=1 cs=1]
                                                      RenderText {#text} at (2,2) size 8x21
                                                        text run at (2,2) width 8: "v"
                                                    RenderTableCell {TD} at (56,249) size 168x25 [border: (1px inset #808080)] [r=4 c=2 rs=1 cs=1]
                                                      RenderText {#text} at (2,2) size 12x21
                                                        text run at (2,2) width 12: "w"
                                                    RenderTableCell {TD} at (226,249) size 25x25 [border: (1px inset #808080)] [r=4 c=3 rs=1 cs=1]
                                                      RenderText {#text} at (2,2) size 8x21
                                                        text run at (2,2) width 8: "x"
                                                    RenderTableCell {TD} at (253,249) size 24x25 [border: (1px inset #808080)] [r=4 c=4 rs=1 cs=1]
                                                      RenderText {#text} at (2,2) size 8x21
                                                        text run at (2,2) width 8: "y"
                                              RenderBlock (anonymous) at (2,280) size 281x21
                                                RenderText {#text} at (0,0) size 4x21
                                                  text run at (0,0) width 4: " "
                                            RenderTableCell {TD} at (339,195) size 24x25 [border: (1px inset #808080)] [r=2 c=3 rs=1 cs=1]
                                              RenderText {#text} at (2,2) size 9x21
                                                text run at (2,2) width 9: "n"
                                            RenderTableCell {TD} at (365,195) size 23x25 [border: (1px inset #808080)] [r=2 c=4 rs=1 cs=1]
                                              RenderText {#text} at (2,2) size 8x21
                                                text run at (2,2) width 8: "o"
                                          RenderTableRow {TR} at (0,361) size 390x25
                                            RenderTableCell {TD} at (2,361) size 23x25 [border: (1px inset #808080)] [r=3 c=0 rs=1 cs=1]
                                              RenderText {#text} at (2,2) size 9x21
                                                text run at (2,2) width 9: "p"
                                            RenderTableCell {TD} at (27,361) size 23x25 [border: (1px inset #808080)] [r=3 c=1 rs=1 cs=1]
                                              RenderText {#text} at (2,2) size 9x21
                                                text run at (2,2) width 9: "q"
                                            RenderTableCell {TD} at (52,361) size 285x25 [border: (1px inset #808080)] [r=3 c=2 rs=1 cs=1]
                                              RenderText {#text} at (2,2) size 7x21
                                                text run at (2,2) width 7: "r"
                                            RenderTableCell {TD} at (339,361) size 24x25 [border: (1px inset #808080)] [r=3 c=3 rs=1 cs=1]
                                              RenderText {#text} at (2,2) size 6x21
                                                text run at (2,2) width 6: "s"
                                            RenderTableCell {TD} at (365,361) size 23x25 [border: (1px inset #808080)] [r=3 c=4 rs=1 cs=1]
                                              RenderText {#text} at (2,2) size 5x21
                                                text run at (2,2) width 5: "t"
                                          RenderTableRow {TR} at (0,388) size 390x25
                                            RenderTableCell {TD} at (2,388) size 23x25 [border: (1px inset #808080)] [r=4 c=0 rs=1 cs=1]
                                              RenderText {#text} at (2,2) size 9x21
                                                text run at (2,2) width 9: "u"
                                            RenderTableCell {TD} at (27,388) size 23x25 [border: (1px inset #808080)] [r=4 c=1 rs=1 cs=1]
                                              RenderText {#text} at (2,2) size 8x21
                                                text run at (2,2) width 8: "v"
                                            RenderTableCell {TD} at (52,388) size 285x25 [border: (1px inset #808080)] [r=4 c=2 rs=1 cs=1]
                                              RenderText {#text} at (2,2) size 12x21
                                                text run at (2,2) width 12: "w"
                                            RenderTableCell {TD} at (339,388) size 24x25 [border: (1px inset #808080)] [r=4 c=3 rs=1 cs=1]
                                              RenderText {#text} at (2,2) size 8x21
                                                text run at (2,2) width 8: "x"
                                            RenderTableCell {TD} at (365,388) size 23x25 [border: (1px inset #808080)] [r=4 c=4 rs=1 cs=1]
                                              RenderText {#text} at (2,2) size 8x21
                                                text run at (2,2) width 8: "y"
                                      RenderBlock (anonymous) at (2,419) size 392x21
                                        RenderText {#text} at (0,0) size 4x21
                                          text run at (0,0) width 4: " "
                                    RenderTableCell {TD} at (449,237) size 23x25 [border: (1px inset #808080)] [r=1 c=3 rs=1 cs=1]
                                      RenderText {#text} at (2,2) size 8x21
                                        text run at (2,2) width 8: "9"
                                    RenderTableCell {TD} at (474,237) size 22x25 [border: (1px inset #808080)] [r=1 c=4 rs=1 cs=1]
                                      RenderText {#text} at (2,2) size 8x21
                                        text run at (2,2) width 8: "0"
                                  RenderTableRow {TR} at (0,473) size 498x25
                                    RenderTableCell {TD} at (2,473) size 22x25 [border: (1px inset #808080)] [r=2 c=0 rs=1 cs=1]
                                      RenderText {#text} at (2,2) size 8x21
                                        text run at (2,2) width 8: "a"
                                    RenderTableCell {TD} at (26,473) size 23x25 [border: (1px inset #808080)] [r=2 c=1 rs=1 cs=1]
                                      RenderText {#text} at (2,2) size 9x21
                                        text run at (2,2) width 9: "b"
                                    RenderTableCell {TD} at (51,473) size 396x25 [border: (1px inset #808080)] [r=2 c=2 rs=1 cs=1]
                                      RenderText {#text} at (2,2) size 7x21
                                        text run at (2,2) width 7: "c"
                                    RenderTableCell {TD} at (449,473) size 23x25 [border: (1px inset #808080)] [r=2 c=3 rs=1 cs=1]
                                      RenderText {#text} at (2,2) size 9x21
                                        text run at (2,2) width 9: "d"
                                    RenderTableCell {TD} at (474,473) size 22x25 [border: (1px inset #808080)] [r=2 c=4 rs=1 cs=1]
                                      RenderText {#text} at (2,2) size 7x21
                                        text run at (2,2) width 7: "e"
                                  RenderTableRow {TR} at (0,500) size 498x25
                                    RenderTableCell {TD} at (2,500) size 22x25 [border: (1px inset #808080)] [r=3 c=0 rs=1 cs=1]
                                      RenderText {#text} at (2,2) size 5x21
                                        text run at (2,2) width 5: "f"
                                    RenderTableCell {TD} at (26,500) size 23x25 [border: (1px inset #808080)] [r=3 c=1 rs=1 cs=1]
                                      RenderText {#text} at (2,2) size 8x21
                                        text run at (2,2) width 8: "g"
                                    RenderTableCell {TD} at (51,500) size 396x25 [border: (1px inset #808080)] [r=3 c=2 rs=1 cs=1]
                                      RenderText {#text} at (2,2) size 9x21
                                        text run at (2,2) width 9: "h"
                                    RenderTableCell {TD} at (449,500) size 23x25 [border: (1px inset #808080)] [r=3 c=3 rs=1 cs=1]
                                      RenderText {#text} at (2,2) size 4x21
                                        text run at (2,2) width 4: "i"
                                    RenderTableCell {TD} at (474,500) size 22x25 [border: (1px inset #808080)] [r=3 c=4 rs=1 cs=1]
                                      RenderText {#text} at (2,2) size 5x21
                                        text run at (2,2) width 5: "j"
                                  RenderTableRow {TR} at (0,527) size 498x25
                                    RenderTableCell {TD} at (2,527) size 22x25 [border: (1px inset #808080)] [r=4 c=0 rs=1 cs=1]
                                      RenderText {#text} at (2,2) size 9x21
                                        text run at (2,2) width 9: "k"
                                    RenderTableCell {TD} at (26,527) size 23x25 [border: (1px inset #808080)] [r=4 c=1 rs=1 cs=1]
                                      RenderText {#text} at (2,2) size 4x21
                                        text run at (2,2) width 4: "l"
                                    RenderTableCell {TD} at (51,527) size 396x25 [border: (1px inset #808080)] [r=4 c=2 rs=1 cs=1]
                                      RenderText {#text} at (2,2) size 13x21
                                        text run at (2,2) width 13: "m"
                                    RenderTableCell {TD} at (449,527) size 23x25 [border: (1px inset #808080)] [r=4 c=3 rs=1 cs=1]
                                      RenderText {#text} at (2,2) size 9x21
                                        text run at (2,2) width 9: "n"
                                    RenderTableCell {TD} at (474,527) size 22x25 [border: (1px inset #808080)] [r=4 c=4 rs=1 cs=1]
                                      RenderText {#text} at (2,2) size 8x21
                                        text run at (2,2) width 8: "o"
                              RenderBlock (anonymous) at (2,558) size 500x21
                                RenderText {#text} at (0,0) size 4x21
                                  text run at (0,0) width 4: " "
                            RenderTableCell {TD} at (530,280) size 21x25 [border: (1px inset #808080)] [r=0 c=2 rs=1 cs=1]
                              RenderText {#text} at (2,2) size 8x21
                                text run at (2,2) width 8: "3"
                          RenderTableRow {TR} at (0,585) size 553x25
                            RenderTableCell {TD} at (2,585) size 20x25 [border: (1px inset #808080)] [r=1 c=0 rs=1 cs=1]
                              RenderText {#text} at (2,2) size 8x21
                                text run at (2,2) width 8: "4"
                            RenderTableCell {TD} at (24,585) size 504x25 [border: (1px inset #808080)] [r=1 c=1 rs=1 cs=1]
                              RenderText {#text} at (2,2) size 8x21
                                text run at (2,2) width 8: "5"
                            RenderTableCell {TD} at (530,585) size 21x25 [border: (1px inset #808080)] [r=1 c=2 rs=1 cs=1]
                              RenderText {#text} at (2,2) size 8x21
                                text run at (2,2) width 8: "6"
                          RenderTableRow {TR} at (0,612) size 553x25
                            RenderTableCell {TD} at (2,612) size 20x25 [border: (1px inset #808080)] [r=2 c=0 rs=1 cs=1]
                              RenderText {#text} at (2,2) size 8x21
                                text run at (2,2) width 8: "7"
                            RenderTableCell {TD} at (24,612) size 504x25 [border: (1px inset #808080)] [r=2 c=1 rs=1 cs=1]
                              RenderText {#text} at (2,2) size 8x21
                                text run at (2,2) width 8: "8"
                            RenderTableCell {TD} at (530,612) size 21x25 [border: (1px inset #808080)] [r=2 c=2 rs=1 cs=1]
                              RenderText {#text} at (2,2) size 8x21
                                text run at (2,2) width 8: "9"
                      RenderBlock (anonymous) at (2,643) size 555x21
                        RenderText {#text} at (0,0) size 4x21
                          text run at (0,0) width 4: " "
                    RenderTableCell {TD} at (585,349) size 21x25 [border: (1px inset #808080)] [r=1 c=2 rs=1 cs=1]
                      RenderText {#text} at (2,2) size 8x21
                        text run at (2,2) width 8: "6"
                  RenderTableRow {TR} at (0,697) size 608x25
                    RenderTableCell {TD} at (2,697) size 20x25 [border: (1px inset #808080)] [r=2 c=0 rs=1 cs=1]
                      RenderText {#text} at (2,2) size 8x21
                        text run at (2,2) width 8: "7"
                    RenderTableCell {TD} at (24,697) size 559x25 [border: (1px inset #808080)] [r=2 c=1 rs=1 cs=1]
                      RenderText {#text} at (2,2) size 8x21
                        text run at (2,2) width 8: "8"
                    RenderTableCell {TD} at (585,697) size 21x25 [border: (1px inset #808080)] [r=2 c=2 rs=1 cs=1]
                      RenderText {#text} at (2,2) size 8x21
                        text run at (2,2) width 8: "9"
              RenderBlock (anonymous) at (2,728) size 610x21
                RenderText {#text} at (0,0) size 4x21
                  text run at (0,0) width 4: " "
            RenderTableCell {TD} at (618,419) size 72x25 [border: (1px inset #808080)] [r=2 c=1 rs=1 cs=1]
              RenderText {#text} at (2,2) size 8x21
                text run at (2,2) width 8: "8"
            RenderTableCell {TD} at (692,419) size 72x25 [border: (1px inset #808080)] [r=2 c=2 rs=1 cs=1]
              RenderText {#text} at (2,2) size 8x21
                text run at (2,2) width 8: "9"
      RenderBlock (anonymous) at (0,832) size 768x42
        RenderText {#text} at (0,0) size 8x21
          text run at (0,0) width 8: "  "
        RenderBR {BR} at (8,16) size 0x0
        RenderText {#text} at (0,21) size 294x21
          text run at (0,21) width 294: "the following text should display on one line"
      RenderTable {TABLE} at (0,874) size 207x21
        RenderTableSection {TBODY} at (0,0) size 207x21
          RenderTableRow {TR} at (0,0) size 207x21
            RenderTableCell {TD} at (0,0) size 207x21 [bgcolor=#B70000] [r=0 c=0 rs=1 cs=1]
              RenderTable {TABLE} at (0,0) size 207x21
                RenderTableSection {TBODY} at (0,0) size 207x21
                  RenderTableRow {TR} at (0,0) size 207x21
                    RenderTableCell {TD} at (0,0) size 13x16 [r=0 c=0 rs=1 cs=1]
                      RenderImage {IMG} at (0,0) size 13x16
                    RenderTableCell {TD} at (13,0) size 190x21 [r=0 c=1 rs=1 cs=1]
                      RenderText {#text} at (0,0) size 175x21
                        text run at (0,0) width 175: "AlphaLinux Distributions"
                    RenderTableCell {TD} at (203,0) size 4x4 [r=0 c=2 rs=1 cs=1]
                      RenderImage {IMG} at (0,0) size 4x4
