layer at (0,0) size 784x1519
  RenderView at (0,0) size 784x600
layer at (0,0) size 784x1519
  RenderBlock {HTML} at (0,0) size 784x1519
    RenderBody {BODY} at (8,8) size 768x1503
      RenderBlock {H1} at (0,0) size 768x42
        RenderText {#text} at (0,0) size 397x41
          text run at (0,0) width 397: "Example 6: Table Stress Test"
      RenderBlock {PRE} at (0,63) size 768x16 [color=#FF0000]
        RenderText {#text} at (0,0) size 218x16
          text run at (0,0) width 218: "Resize document for maximum effect"
      RenderBlock (anonymous) at (0,92) size 768x21
        RenderBR {BR} at (0,0) size 0x21
      RenderBlock {H2} at (0,132) size 768x31
        RenderText {#text} at (0,0) size 501x32
          text run at (0,0) width 501: "Auto-width tables with spans nested 8 levels deep"
      RenderTable {TABLE} at (0,182) size 768x428 [bgcolor=#FF0000] [border: (1px outset #808080)]
        RenderTableSection {TBODY} at (1,1) size 766x426
          RenderTableRow {TR} at (0,2) size 766x25
            RenderTableCell {TD} at (2,2) size 31x25 [border: (1px inset #808080)] [r=0 c=0 rs=1 cs=1]
              RenderText {#text} at (2,2) size 27x21
                text run at (2,2) width 27: "Cell"
            RenderTableCell {TD} at (35,2) size 729x395 [border: (1px inset #808080)] [r=0 c=1 rs=2 cs=2]
              RenderTable {TABLE} at (2,2) size 725x391 [bgcolor=#ADD8E6] [border: (1px outset #808080)]
                RenderTableSection {TBODY} at (1,1) size 723x389
                  RenderTableRow {TR} at (0,2) size 723x25
                    RenderTableCell {TD} at (2,2) size 31x25 [border: (1px inset #808080)] [r=0 c=0 rs=1 cs=1]
                      RenderText {#text} at (2,2) size 27x21
                        text run at (2,2) width 27: "Cell"
                    RenderTableCell {TD} at (35,2) size 686x358 [border: (1px inset #808080)] [r=0 c=1 rs=2 cs=2]
                      RenderTable {TABLE} at (2,2) size 682x354 [bgcolor=#90EE90] [border: (1px outset #808080)]
                        RenderTableSection {TBODY} at (1,1) size 680x352
                          RenderTableRow {TR} at (0,2) size 680x25
                            RenderTableCell {TD} at (2,2) size 31x25 [border: (1px inset #808080)] [r=0 c=0 rs=1 cs=1]
                              RenderText {#text} at (2,2) size 27x21
                                text run at (2,2) width 27: "Cell"
                            RenderTableCell {TD} at (35,2) size 643x321 [border: (1px inset #808080)] [r=0 c=1 rs=2 cs=2]
                              RenderTable {TABLE} at (2,2) size 639x317 [border: (1px outset #808080)]
                                RenderTableSection {TBODY} at (1,1) size 637x315
                                  RenderTableRow {TR} at (0,2) size 637x25
                                    RenderTableCell {TD} at (2,2) size 31x25 [border: (1px inset #808080)] [r=0 c=0 rs=1 cs=1]
                                      RenderText {#text} at (2,2) size 27x21
                                        text run at (2,2) width 27: "Cell"
                                    RenderTableCell {TD} at (35,2) size 600x284 [border: (1px inset #808080)] [r=0 c=1 rs=2 cs=2]
                                      RenderTable {TABLE} at (2,2) size 596x280 [bgcolor=#FFA500] [border: (1px outset #808080)]
                                        RenderTableSection {TBODY} at (1,1) size 594x278
                                          RenderTableRow {TR} at (0,2) size 594x25
                                            RenderTableCell {TD} at (2,2) size 31x25 [border: (1px inset #808080)] [r=0 c=0 rs=1 cs=1]
                                              RenderText {#text} at (2,2) size 27x21
                                                text run at (2,2) width 27: "Cell"
                                            RenderTableCell {TD} at (35,2) size 557x226 [border: (1px inset #808080)] [r=0 c=1 rs=2 cs=2]
                                              RenderTable {TABLE} at (2,2) size 553x222 [bgcolor=#FF0000] [border: (1px outset #808080)]
                                                RenderTableSection {TBODY} at (1,1) size 551x220
                                                  RenderTableRow {TR} at (0,2) size 551x25
                                                    RenderTableCell {TD} at (2,2) size 31x25 [border: (1px inset #808080)] [r=0 c=0 rs=1 cs=1]
                                                      RenderText {#text} at (2,2) size 27x21
                                                        text run at (2,2) width 27: "Cell"
                                                    RenderTableCell {TD} at (35,2) size 514x168 [border: (1px inset #808080)] [r=0 c=1 rs=2 cs=2]
                                                      RenderTable {TABLE} at (2,2) size 510x164 [bgcolor=#ADD8E6] [border: (1px outset #808080)]
                                                        RenderTableSection {TBODY} at (1,1) size 508x162
                                                          RenderTableRow {TR} at (0,2) size 508x25
                                                            RenderTableCell {TD} at (2,2) size 31x25 [border: (1px inset #808080)] [r=0 c=0 rs=1 cs=1]
                                                              RenderText {#text} at (2,2) size 27x21
                                                                text run at (2,2) width 27: "Cell"
                                                            RenderTableCell {TD} at (35,2) size 471x110 [border: (1px inset #808080)] [r=0 c=1 rs=2 cs=2]
                                                              RenderTable {TABLE} at (2,2) size 467x106 [bgcolor=#90EE90] [border: (1px outset #808080)]
                                                                RenderTableSection {TBODY} at (1,1) size 465x104
                                                                  RenderTableRow {TR} at (0,2) size 465x25
                                                                    RenderTableCell {TD} at (2,2) size 31x25 [border: (1px inset #808080)] [r=0 c=0 rs=1 cs=1]
                                                                      RenderText {#text} at (2,2) size 27x21
                                                                        text run at (2,2) width 27: "Cell"
                                                                    RenderTableCell {TD} at (35,5) size 428x46 [border: (1px inset #808080)] [r=0 c=1 rs=2 cs=2]
                                                                      RenderText {#text} at (2,2) size 414x42
                                                                        text run at (2,2) width 414: "Cell, and stuff to test out table cell layout. This should be long"
                                                                        text run at (2,23) width 126: "enough for testing."
                                                                  RenderTableRow {TR} at (0,29) size 465x25
                                                                    RenderTableCell {TD} at (2,29) size 31x25 [border: (1px inset #808080)] [r=1 c=0 rs=1 cs=1]
                                                                      RenderText {#text} at (2,2) size 27x21
                                                                        text run at (2,2) width 27: "Cell"
                                                                  RenderTableRow {TR} at (0,56) size 465x46
                                                                    RenderTableCell {TD} at (2,66) size 31x25 [border: (1px inset #808080)] [r=2 c=0 rs=1 cs=1]
                                                                      RenderText {#text} at (2,2) size 27x21
                                                                        text run at (2,2) width 27: "Cell"
                                                                    RenderTableCell {TD} at (35,56) size 395x46 [border: (1px inset #808080)] [r=2 c=1 rs=1 cs=1]
                                                                      RenderText {#text} at (2,2) size 381x42
                                                                        text run at (2,2) width 381: "Cell, and stuff to test out table cell layout. This should be"
                                                                        text run at (2,23) width 33: "long "
                                                                        text run at (35,23) width 126: "enough for testing."
                                                                    RenderTableCell {TD} at (432,66) size 31x25 [border: (1px inset #808080)] [r=2 c=2 rs=1 cs=1]
                                                                      RenderText {#text} at (2,2) size 27x21
                                                                        text run at (2,2) width 27: "Cell"
                                                          RenderTableRow {TR} at (0,29) size 508x83
                                                            RenderTableCell {TD} at (2,58) size 31x25 [border: (1px inset #808080)] [r=1 c=0 rs=1 cs=1]
                                                              RenderText {#text} at (2,2) size 27x21
                                                                text run at (2,2) width 27: "Cell"
                                                          RenderTableRow {TR} at (0,114) size 508x46
                                                            RenderTableCell {TD} at (2,124) size 31x25 [border: (1px inset #808080)] [r=2 c=0 rs=1 cs=1]
                                                              RenderText {#text} at (2,2) size 27x21
                                                                text run at (2,2) width 27: "Cell"
                                                            RenderTableCell {TD} at (35,114) size 438x46 [border: (1px inset #808080)] [r=2 c=1 rs=1 cs=1]
                                                              RenderText {#text} at (2,2) size 414x42
                                                                text run at (2,2) width 414: "Cell, and stuff to test out table cell layout. This should be long"
                                                                text run at (2,23) width 126: "enough for testing."
                                                            RenderTableCell {TD} at (475,124) size 31x25 [border: (1px inset #808080)] [r=2 c=2 rs=1 cs=1]
                                                              RenderText {#text} at (2,2) size 27x21
                                                                text run at (2,2) width 27: "Cell"
                                                  RenderTableRow {TR} at (0,29) size 551x141
                                                    RenderTableCell {TD} at (2,87) size 31x25 [border: (1px inset #808080)] [r=1 c=0 rs=1 cs=1]
                                                      RenderText {#text} at (2,2) size 27x21
                                                        text run at (2,2) width 27: "Cell"
                                                  RenderTableRow {TR} at (0,172) size 551x46
                                                    RenderTableCell {TD} at (2,182) size 31x25 [border: (1px inset #808080)] [r=2 c=0 rs=1 cs=1]
                                                      RenderText {#text} at (2,2) size 27x21
                                                        text run at (2,2) width 27: "Cell"
                                                    RenderTableCell {TD} at (35,172) size 481x46 [border: (1px inset #808080)] [r=2 c=1 rs=1 cs=1]
                                                      RenderText {#text} at (2,2) size 468x42
                                                        text run at (2,2) width 418: "Cell, and stuff to test out table cell layout. This should be long "
                                                        text run at (420,2) width 50: "enough"
                                                        text run at (2,23) width 72: "for testing."
                                                    RenderTableCell {TD} at (518,182) size 31x25 [border: (1px inset #808080)] [r=2 c=2 rs=1 cs=1]
                                                      RenderText {#text} at (2,2) size 27x21
                                                        text run at (2,2) width 27: "Cell"
                                          RenderTableRow {TR} at (0,29) size 594x199
                                            RenderTableCell {TD} at (2,116) size 31x25 [border: (1px inset #808080)] [r=1 c=0 rs=1 cs=1]
                                              RenderText {#text} at (2,2) size 27x21
                                                text run at (2,2) width 27: "Cell"
                                          RenderTableRow {TR} at (0,230) size 594x46
                                            RenderTableCell {TD} at (2,240) size 31x25 [border: (1px inset #808080)] [r=2 c=0 rs=1 cs=1]
                                              RenderText {#text} at (2,2) size 27x21
                                                text run at (2,2) width 27: "Cell"
                                            RenderTableCell {TD} at (35,230) size 524x46 [border: (1px inset #808080)] [r=2 c=1 rs=1 cs=1]
                                              RenderText {#text} at (2,2) size 492x42
                                                text run at (2,2) width 418: "Cell, and stuff to test out table cell layout. This should be long "
                                                text run at (420,2) width 74: "enough for"
                                                text run at (2,23) width 48: "testing."
                                            RenderTableCell {TD} at (561,240) size 31x25 [border: (1px inset #808080)] [r=2 c=2 rs=1 cs=1]
                                              RenderText {#text} at (2,2) size 27x21
                                                text run at (2,2) width 27: "Cell"
                                  RenderTableRow {TR} at (0,29) size 637x257
                                    RenderTableCell {TD} at (2,145) size 31x25 [border: (1px inset #808080)] [r=1 c=0 rs=1 cs=1]
                                      RenderText {#text} at (2,2) size 27x21
                                        text run at (2,2) width 27: "Cell"
                                  RenderTableRow {TR} at (0,288) size 637x25
                                    RenderTableCell {TD} at (2,288) size 31x25 [border: (1px inset #808080)] [r=2 c=0 rs=1 cs=1]
                                      RenderText {#text} at (2,2) size 27x21
                                        text run at (2,2) width 27: "Cell"
                                    RenderTableCell {TD} at (35,288) size 565x25 [border: (1px inset #808080)] [r=2 c=1 rs=1 cs=1]
                                      RenderText {#text} at (2,2) size 544x21
                                        text run at (2,2) width 418: "Cell, and stuff to test out table cell layout. This should be long "
                                        text run at (420,2) width 126: "enough for testing."
                                    RenderTableCell {TD} at (602,288) size 33x25 [border: (1px inset #808080)] [r=2 c=2 rs=1 cs=1]
                                      RenderText {#text} at (2,2) size 27x21
                                        text run at (2,2) width 27: "Cell"
                          RenderTableRow {TR} at (0,29) size 680x294
                            RenderTableCell {TD} at (2,163) size 31x25 [border: (1px inset #808080)] [r=1 c=0 rs=1 cs=1]
                              RenderText {#text} at (2,2) size 27x21
                                text run at (2,2) width 27: "Cell"
                          RenderTableRow {TR} at (0,325) size 680x25
                            RenderTableCell {TD} at (2,325) size 31x25 [border: (1px inset #808080)] [r=2 c=0 rs=1 cs=1]
                              RenderText {#text} at (2,2) size 27x21
                                text run at (2,2) width 27: "Cell"
                            RenderTableCell {TD} at (35,325) size 606x25 [border: (1px inset #808080)] [r=2 c=1 rs=1 cs=1]
                              RenderText {#text} at (2,2) size 544x21
                                text run at (2,2) width 418: "Cell, and stuff to test out table cell layout. This should be long "
                                text run at (420,2) width 126: "enough for testing."
                            RenderTableCell {TD} at (643,325) size 35x25 [border: (1px inset #808080)] [r=2 c=2 rs=1 cs=1]
                              RenderText {#text} at (2,2) size 27x21
                                text run at (2,2) width 27: "Cell"
                  RenderTableRow {TR} at (0,29) size 723x331
                    RenderTableCell {TD} at (2,182) size 31x25 [border: (1px inset #808080)] [r=1 c=0 rs=1 cs=1]
                      RenderText {#text} at (2,2) size 27x21
                        text run at (2,2) width 27: "Cell"
                  RenderTableRow {TR} at (0,362) size 723x25
                    RenderTableCell {TD} at (2,362) size 31x25 [border: (1px inset #808080)] [r=2 c=0 rs=1 cs=1]
                      RenderText {#text} at (2,2) size 27x21
                        text run at (2,2) width 27: "Cell"
                    RenderTableCell {TD} at (35,362) size 647x25 [border: (1px inset #808080)] [r=2 c=1 rs=1 cs=1]
                      RenderText {#text} at (2,2) size 544x21
                        text run at (2,2) width 418: "Cell, and stuff to test out table cell layout. This should be long "
                        text run at (420,2) width 126: "enough for testing."
                    RenderTableCell {TD} at (684,362) size 37x25 [border: (1px inset #808080)] [r=2 c=2 rs=1 cs=1]
                      RenderText {#text} at (2,2) size 27x21
                        text run at (2,2) width 27: "Cell"
          RenderTableRow {TR} at (0,29) size 766x368
            RenderTableCell {TD} at (2,200) size 31x25 [border: (1px inset #808080)] [r=1 c=0 rs=1 cs=1]
              RenderText {#text} at (2,2) size 27x21
                text run at (2,2) width 27: "Cell"
          RenderTableRow {TR} at (0,399) size 766x25
            RenderTableCell {TD} at (2,399) size 31x25 [border: (1px inset #808080)] [r=2 c=0 rs=1 cs=1]
              RenderText {#text} at (2,2) size 27x21
                text run at (2,2) width 27: "Cell"
            RenderTableCell {TD} at (35,399) size 687x25 [border: (1px inset #808080)] [r=2 c=1 rs=1 cs=1]
              RenderText {#text} at (2,2) size 544x21
                text run at (2,2) width 418: "Cell, and stuff to test out table cell layout. This should be long "
                text run at (420,2) width 126: "enough for testing."
            RenderTableCell {TD} at (724,399) size 40x25 [border: (1px inset #808080)] [r=2 c=2 rs=1 cs=1]
              RenderText {#text} at (2,2) size 27x21
                text run at (2,2) width 27: "Cell"
      RenderBlock (anonymous) at (0,610) size 768x21
        RenderBR {BR} at (0,0) size 0x21
      RenderBlock {H2} at (0,650) size 768x31
        RenderText {#text} at (0,0) size 396x32
          text run at (0,0) width 396: "100% width tables nested 6 levels deep"
      RenderTable {TABLE} at (0,700) size 768x803 [bgcolor=#FFFF00] [border: (1px outset #808080)]
        RenderTableSection {TBODY} at (1,1) size 766x801
          RenderTableRow {TR} at (0,2) size 766x25
            RenderTableCell {TD} at (2,2) size 612x25 [border: (1px inset #808080)] [r=0 c=0 rs=1 cs=1]
              RenderText {#text} at (2,2) size 55x21
                text run at (2,2) width 55: "Cell one"
            RenderTableCell {TD} at (616,2) size 73x25 [border: (1px inset #808080)] [r=0 c=1 rs=1 cs=1]
              RenderText {#text} at (2,2) size 35x21
                text run at (2,2) width 35: "Cell2"
            RenderTableCell {TD} at (691,2) size 73x25 [border: (1px inset #808080)] [r=0 c=2 rs=1 cs=1]
              RenderText {#text} at (2,2) size 39x21
                text run at (2,2) width 39: "Cell 3"
          RenderTableRow {TR} at (0,29) size 766x25
            RenderTableCell {TD} at (2,29) size 612x25 [border: (1px inset #808080)] [r=1 c=0 rs=1 cs=1]
              RenderText {#text} at (2,2) size 39x21
                text run at (2,2) width 39: "Cell 4"
            RenderTableCell {TD} at (616,29) size 73x25 [border: (1px inset #808080)] [r=1 c=1 rs=1 cs=1]
              RenderText {#text} at (2,2) size 39x21
                text run at (2,2) width 39: "Cell 5"
            RenderTableCell {TD} at (691,29) size 73x25 [border: (1px inset #808080)] [r=1 c=2 rs=1 cs=1]
              RenderText {#text} at (2,2) size 39x21
                text run at (2,2) width 39: "Cell 6"
          RenderTableRow {TR} at (0,56) size 766x743
            RenderTableCell {TD} at (2,56) size 612x743 [border: (1px inset #808080)] [r=2 c=0 rs=1 cs=1]
              RenderTable {TABLE} at (2,2) size 608x718 [bgcolor=#D3D3D3]
                RenderTableSection {TBODY} at (0,0) size 608x718
                  RenderTableRow {TR} at (0,2) size 608x23
                    RenderTableCell {TD} at (2,2) size 17x23 [r=0 c=0 rs=1 cs=1]
                      RenderText {#text} at (1,1) size 8x21
                        text run at (1,1) width 8: "1"
                    RenderTableCell {TD} at (21,2) size 565x23 [r=0 c=1 rs=1 cs=1]
                      RenderText {#text} at (1,1) size 8x21
                        text run at (1,1) width 8: "2"
                    RenderTableCell {TD} at (588,2) size 18x23 [r=0 c=2 rs=1 cs=1]
                      RenderText {#text} at (1,1) size 8x21
                        text run at (1,1) width 8: "3"
                  RenderTableRow {TR} at (0,27) size 608x664
                    RenderTableCell {TD} at (2,347) size 17x23 [r=1 c=0 rs=1 cs=1]
                      RenderText {#text} at (1,1) size 8x21
                        text run at (1,1) width 8: "4"
                    RenderTableCell {TD} at (21,27) size 565x664 [r=1 c=1 rs=1 cs=1]
                      RenderTable {TABLE} at (1,1) size 563x641 [bgcolor=#ADD8E6] [border: (1px outset #808080)]
                        RenderTableSection {TBODY} at (1,1) size 561x639
                          RenderTableRow {TR} at (0,2) size 561x581
                            RenderTableCell {TD} at (2,280) size 20x25 [border: (1px inset #808080)] [r=0 c=0 rs=1 cs=1]
                              RenderText {#text} at (2,2) size 8x21
                                text run at (2,2) width 8: "1"
                            RenderTableCell {TD} at (24,2) size 512x581 [border: (1px inset #808080)] [r=0 c=1 rs=1 cs=1]
                              RenderTable {TABLE} at (2,2) size 508x556 [bgcolor=#FF0000] [border: (1px outset #808080)]
                                RenderTableSection {TBODY} at (1,1) size 506x554
                                  RenderTableRow {TR} at (0,2) size 506x25
                                    RenderTableCell {TD} at (2,2) size 23x25 [border: (1px inset #808080)] [r=0 c=0 rs=1 cs=1]
                                      RenderText {#text} at (2,2) size 8x21
                                        text run at (2,2) width 8: "1"
                                    RenderTableCell {TD} at (27,2) size 23x25 [border: (1px inset #808080)] [r=0 c=1 rs=1 cs=1]
                                      RenderText {#text} at (2,2) size 8x21
                                        text run at (2,2) width 8: "2"
                                    RenderTableCell {TD} at (52,2) size 403x25 [border: (1px inset #808080)] [r=0 c=2 rs=1 cs=1]
                                      RenderText {#text} at (2,2) size 8x21
                                        text run at (2,2) width 8: "3"
                                    RenderTableCell {TD} at (457,2) size 23x25 [border: (1px inset #808080)] [r=0 c=3 rs=1 cs=1]
                                      RenderText {#text} at (2,2) size 8x21
                                        text run at (2,2) width 8: "4"
                                    RenderTableCell {TD} at (482,2) size 22x25 [border: (1px inset #808080)] [r=0 c=4 rs=1 cs=1]
                                      RenderText {#text} at (2,2) size 8x21
                                        text run at (2,2) width 8: "5"
                                  RenderTableRow {TR} at (0,29) size 506x442
                                    RenderTableCell {TD} at (2,237) size 23x25 [border: (1px inset #808080)] [r=1 c=0 rs=1 cs=1]
                                      RenderText {#text} at (2,2) size 8x21
                                        text run at (2,2) width 8: "6"
                                    RenderTableCell {TD} at (27,237) size 23x25 [border: (1px inset #808080)] [r=1 c=1 rs=1 cs=1]
                                      RenderText {#text} at (2,2) size 8x21
                                        text run at (2,2) width 8: "7"
                                    RenderTableCell {TD} at (52,29) size 403x442 [border: (1px inset #808080)] [r=1 c=2 rs=1 cs=1]
                                      RenderTable {TABLE} at (2,2) size 399x417 [bgcolor=#008000] [border: (1px outset #808080)]
                                        RenderTableSection {TBODY} at (1,1) size 397x415
                                          RenderTableRow {TR} at (0,2) size 397x25
                                            RenderTableCell {TD} at (2,2) size 24x25 [border: (1px inset #808080)] [r=0 c=0 rs=1 cs=1]
                                              RenderText {#text} at (2,2) size 8x21
                                                text run at (2,2) width 8: "a"
                                            RenderTableCell {TD} at (28,2) size 24x25 [border: (1px inset #808080)] [r=0 c=1 rs=1 cs=1]
                                              RenderText {#text} at (2,2) size 9x21
                                                text run at (2,2) width 9: "b"
                                            RenderTableCell {TD} at (54,2) size 290x25 [border: (1px inset #808080)] [r=0 c=2 rs=1 cs=1]
                                              RenderText {#text} at (2,2) size 7x21
                                                text run at (2,2) width 7: "c"
                                            RenderTableCell {TD} at (346,2) size 24x25 [border: (1px inset #808080)] [r=0 c=3 rs=1 cs=1]
                                              RenderText {#text} at (2,2) size 9x21
                                                text run at (2,2) width 9: "d"
                                            RenderTableCell {TD} at (372,2) size 23x25 [border: (1px inset #808080)] [r=0 c=4 rs=1 cs=1]
                                              RenderText {#text} at (2,2) size 7x21
                                                text run at (2,2) width 7: "e"
                                          RenderTableRow {TR} at (0,29) size 397x25
                                            RenderTableCell {TD} at (2,29) size 24x25 [border: (1px inset #808080)] [r=1 c=0 rs=1 cs=1]
                                              RenderText {#text} at (2,2) size 5x21
                                                text run at (2,2) width 5: "f"
                                            RenderTableCell {TD} at (28,29) size 24x25 [border: (1px inset #808080)] [r=1 c=1 rs=1 cs=1]
                                              RenderText {#text} at (2,2) size 8x21
                                                text run at (2,2) width 8: "g"
                                            RenderTableCell {TD} at (54,29) size 290x25 [border: (1px inset #808080)] [r=1 c=2 rs=1 cs=1]
                                              RenderText {#text} at (2,2) size 9x21
                                                text run at (2,2) width 9: "h"
                                            RenderTableCell {TD} at (346,29) size 24x25 [border: (1px inset #808080)] [r=1 c=3 rs=1 cs=1]
                                              RenderText {#text} at (2,2) size 4x21
                                                text run at (2,2) width 4: "i"
                                            RenderTableCell {TD} at (372,29) size 23x25 [border: (1px inset #808080)] [r=1 c=4 rs=1 cs=1]
                                              RenderText {#text} at (2,2) size 5x21
                                                text run at (2,2) width 5: "j"
                                          RenderTableRow {TR} at (0,56) size 397x303
                                            RenderTableCell {TD} at (2,195) size 24x25 [border: (1px inset #808080)] [r=2 c=0 rs=1 cs=1]
                                              RenderText {#text} at (2,2) size 9x21
                                                text run at (2,2) width 9: "k"
                                            RenderTableCell {TD} at (28,195) size 24x25 [border: (1px inset #808080)] [r=2 c=1 rs=1 cs=1]
                                              RenderText {#text} at (2,2) size 4x21
                                                text run at (2,2) width 4: "l"
                                            RenderTableCell {TD} at (54,56) size 290x303 [border: (1px inset #808080)] [r=2 c=2 rs=1 cs=1]
                                              RenderTable {TABLE} at (2,2) size 286x278 [bgcolor=#800080] [border: (1px outset #808080)]
                                                RenderTableSection {TBODY} at (1,1) size 284x276
                                                  RenderTableRow {TR} at (0,2) size 284x25
                                                    RenderTableCell {TD} at (2,2) size 25x25 [border: (1px inset #808080)] [r=0 c=0 rs=1 cs=1]
                                                      RenderText {#text} at (2,2) size 8x21
                                                        text run at (2,2) width 8: "a"
                                                    RenderTableCell {TD} at (29,2) size 25x25 [border: (1px inset #808080)] [r=0 c=1 rs=1 cs=1]
                                                      RenderText {#text} at (2,2) size 9x21
                                                        text run at (2,2) width 9: "b"
                                                    RenderTableCell {TD} at (56,2) size 172x25 [border: (1px inset #808080)] [r=0 c=2 rs=1 cs=1]
                                                      RenderText {#text} at (2,2) size 7x21
                                                        text run at (2,2) width 7: "c"
                                                    RenderTableCell {TD} at (230,2) size 26x25 [border: (1px inset #808080)] [r=0 c=3 rs=1 cs=1]
                                                      RenderText {#text} at (2,2) size 9x21
                                                        text run at (2,2) width 9: "d"
                                                    RenderTableCell {TD} at (258,2) size 24x25 [border: (1px inset #808080)] [r=0 c=4 rs=1 cs=1]
                                                      RenderText {#text} at (2,2) size 7x21
                                                        text run at (2,2) width 7: "e"
                                                  RenderTableRow {TR} at (0,29) size 284x25
                                                    RenderTableCell {TD} at (2,29) size 25x25 [border: (1px inset #808080)] [r=1 c=0 rs=1 cs=1]
                                                      RenderText {#text} at (2,2) size 5x21
                                                        text run at (2,2) width 5: "f"
                                                    RenderTableCell {TD} at (29,29) size 25x25 [border: (1px inset #808080)] [r=1 c=1 rs=1 cs=1]
                                                      RenderText {#text} at (2,2) size 8x21
                                                        text run at (2,2) width 8: "g"
                                                    RenderTableCell {TD} at (56,29) size 172x25 [border: (1px inset #808080)] [r=1 c=2 rs=1 cs=1]
                                                      RenderText {#text} at (2,2) size 9x21
                                                        text run at (2,2) width 9: "h"
                                                    RenderTableCell {TD} at (230,29) size 26x25 [border: (1px inset #808080)] [r=1 c=3 rs=1 cs=1]
                                                      RenderText {#text} at (2,2) size 4x21
                                                        text run at (2,2) width 4: "i"
                                                    RenderTableCell {TD} at (258,29) size 24x25 [border: (1px inset #808080)] [r=1 c=4 rs=1 cs=1]
                                                      RenderText {#text} at (2,2) size 5x21
                                                        text run at (2,2) width 5: "j"
                                                  RenderTableRow {TR} at (0,56) size 284x164
                                                    RenderTableCell {TD} at (2,125) size 25x25 [border: (1px inset #808080)] [r=2 c=0 rs=1 cs=1]
                                                      RenderText {#text} at (2,2) size 9x21
                                                        text run at (2,2) width 9: "k"
                                                    RenderTableCell {TD} at (29,125) size 25x25 [border: (1px inset #808080)] [r=2 c=1 rs=1 cs=1]
                                                      RenderText {#text} at (2,2) size 4x21
                                                        text run at (2,2) width 4: "l"
                                                    RenderTableCell {TD} at (56,56) size 172x164 [border: (1px inset #808080)] [r=2 c=2 rs=1 cs=1]
                                                      RenderTable {TABLE} at (2,2) size 168x139 [bgcolor=#FFA500] [border: (1px outset #808080)]
                                                        RenderTableSection {TBODY} at (1,1) size 166x137
                                                          RenderTableRow {TR} at (0,2) size 166x25
                                                            RenderTableCell {TD} at (2,2) size 29x25 [border: (1px inset #808080)] [r=0 c=0 rs=1 cs=1]
                                                              RenderText {#text} at (2,2) size 8x21
                                                                text run at (2,2) width 8: "a"
                                                            RenderTableCell {TD} at (33,2) size 29x25 [border: (1px inset #808080)] [r=0 c=1 rs=1 cs=1]
                                                              RenderText {#text} at (2,2) size 9x21
                                                                text run at (2,2) width 9: "b"
                                                            RenderTableCell {TD} at (64,2) size 38x25 [border: (1px inset #808080)] [r=0 c=2 rs=1 cs=1]
                                                              RenderText {#text} at (2,2) size 7x21
                                                                text run at (2,2) width 7: "c"
                                                            RenderTableCell {TD} at (104,2) size 30x25 [border: (1px inset #808080)] [r=0 c=3 rs=1 cs=1]
                                                              RenderText {#text} at (2,2) size 9x21
                                                                text run at (2,2) width 9: "d"
                                                            RenderTableCell {TD} at (136,2) size 28x25 [border: (1px inset #808080)] [r=0 c=4 rs=1 cs=1]
                                                              RenderText {#text} at (2,2) size 7x21
                                                                text run at (2,2) width 7: "e"
                                                          RenderTableRow {TR} at (0,29) size 166x25
                                                            RenderTableCell {TD} at (2,29) size 29x25 [border: (1px inset #808080)] [r=1 c=0 rs=1 cs=1]
                                                              RenderText {#text} at (2,2) size 5x21
                                                                text run at (2,2) width 5: "f"
                                                            RenderTableCell {TD} at (33,29) size 29x25 [border: (1px inset #808080)] [r=1 c=1 rs=1 cs=1]
                                                              RenderText {#text} at (2,2) size 8x21
                                                                text run at (2,2) width 8: "g"
                                                            RenderTableCell {TD} at (64,29) size 38x25 [border: (1px inset #808080)] [r=1 c=2 rs=1 cs=1]
                                                              RenderText {#text} at (2,2) size 9x21
                                                                text run at (2,2) width 9: "h"
                                                            RenderTableCell {TD} at (104,29) size 30x25 [border: (1px inset #808080)] [r=1 c=3 rs=1 cs=1]
                                                              RenderText {#text} at (2,2) size 4x21
                                                                text run at (2,2) width 4: "i"
                                                            RenderTableCell {TD} at (136,29) size 28x25 [border: (1px inset #808080)] [r=1 c=4 rs=1 cs=1]
                                                              RenderText {#text} at (2,2) size 5x21
                                                                text run at (2,2) width 5: "j"
                                                          RenderTableRow {TR} at (0,56) size 166x25
                                                            RenderTableCell {TD} at (2,56) size 29x25 [border: (1px inset #808080)] [r=2 c=0 rs=1 cs=1]
                                                              RenderText {#text} at (2,2) size 9x21
                                                                text run at (2,2) width 9: "k"
                                                            RenderTableCell {TD} at (33,56) size 29x25 [border: (1px inset #808080)] [r=2 c=1 rs=1 cs=1]
                                                              RenderText {#text} at (2,2) size 4x21
                                                                text run at (2,2) width 4: "l"
                                                            RenderTableCell {TD} at (64,56) size 38x25 [border: (1px inset #808080)] [r=2 c=2 rs=1 cs=1]
                                                              RenderText {#text} at (2,2) size 13x21
                                                                text run at (2,2) width 13: "m"
                                                            RenderTableCell {TD} at (104,56) size 30x25 [border: (1px inset #808080)] [r=2 c=3 rs=1 cs=1]
                                                              RenderText {#text} at (2,2) size 9x21
                                                                text run at (2,2) width 9: "n"
                                                            RenderTableCell {TD} at (136,56) size 28x25 [border: (1px inset #808080)] [r=2 c=4 rs=1 cs=1]
                                                              RenderText {#text} at (2,2) size 8x21
                                                                text run at (2,2) width 8: "o"
                                                          RenderTableRow {TR} at (0,83) size 166x25
                                                            RenderTableCell {TD} at (2,83) size 29x25 [border: (1px inset #808080)] [r=3 c=0 rs=1 cs=1]
                                                              RenderText {#text} at (2,2) size 9x21
                                                                text run at (2,2) width 9: "p"
                                                            RenderTableCell {TD} at (33,83) size 29x25 [border: (1px inset #808080)] [r=3 c=1 rs=1 cs=1]
                                                              RenderText {#text} at (2,2) size 9x21
                                                                text run at (2,2) width 9: "q"
                                                            RenderTableCell {TD} at (64,83) size 38x25 [border: (1px inset #808080)] [r=3 c=2 rs=1 cs=1]
                                                              RenderText {#text} at (2,2) size 7x21
                                                                text run at (2,2) width 7: "r"
                                                            RenderTableCell {TD} at (104,83) size 30x25 [border: (1px inset #808080)] [r=3 c=3 rs=1 cs=1]
                                                              RenderText {#text} at (2,2) size 6x21
                                                                text run at (2,2) width 6: "s"
                                                            RenderTableCell {TD} at (136,83) size 28x25 [border: (1px inset #808080)] [r=3 c=4 rs=1 cs=1]
                                                              RenderText {#text} at (2,2) size 5x21
                                                                text run at (2,2) width 5: "t"
                                                          RenderTableRow {TR} at (0,110) size 166x25
                                                            RenderTableCell {TD} at (2,110) size 29x25 [border: (1px inset #808080)] [r=4 c=0 rs=1 cs=1]
                                                              RenderText {#text} at (2,2) size 9x21
                                                                text run at (2,2) width 9: "u"
                                                            RenderTableCell {TD} at (33,110) size 29x25 [border: (1px inset #808080)] [r=4 c=1 rs=1 cs=1]
                                                              RenderText {#text} at (2,2) size 8x21
                                                                text run at (2,2) width 8: "v"
                                                            RenderTableCell {TD} at (64,110) size 38x25 [border: (1px inset #808080)] [r=4 c=2 rs=1 cs=1]
                                                              RenderText {#text} at (2,2) size 12x21
                                                                text run at (2,2) width 12: "w"
                                                            RenderTableCell {TD} at (104,110) size 30x25 [border: (1px inset #808080)] [r=4 c=3 rs=1 cs=1]
                                                              RenderText {#text} at (2,2) size 8x21
                                                                text run at (2,2) width 8: "x"
                                                            RenderTableCell {TD} at (136,110) size 28x25 [border: (1px inset #808080)] [r=4 c=4 rs=1 cs=1]
                                                              RenderText {#text} at (2,2) size 8x21
                                                                text run at (2,2) width 8: "y"
                                                      RenderBlock (anonymous) at (2,141) size 168x21
                                                        RenderText {#text} at (0,0) size 4x21
                                                          text run at (0,0) width 4: " "
                                                    RenderTableCell {TD} at (230,125) size 26x25 [border: (1px inset #808080)] [r=2 c=3 rs=1 cs=1]
                                                      RenderText {#text} at (2,2) size 9x21
                                                        text run at (2,2) width 9: "n"
                                                    RenderTableCell {TD} at (258,125) size 24x25 [border: (1px inset #808080)] [r=2 c=4 rs=1 cs=1]
                                                      RenderText {#text} at (2,2) size 8x21
                                                        text run at (2,2) width 8: "o"
                                                  RenderTableRow {TR} at (0,222) size 284x25
                                                    RenderTableCell {TD} at (2,222) size 25x25 [border: (1px inset #808080)] [r=3 c=0 rs=1 cs=1]
                                                      RenderText {#text} at (2,2) size 9x21
                                                        text run at (2,2) width 9: "p"
                                                    RenderTableCell {TD} at (29,222) size 25x25 [border: (1px inset #808080)] [r=3 c=1 rs=1 cs=1]
                                                      RenderText {#text} at (2,2) size 9x21
                                                        text run at (2,2) width 9: "q"
                                                    RenderTableCell {TD} at (56,222) size 172x25 [border: (1px inset #808080)] [r=3 c=2 rs=1 cs=1]
                                                      RenderText {#text} at (2,2) size 7x21
                                                        text run at (2,2) width 7: "r"
                                                    RenderTableCell {TD} at (230,222) size 26x25 [border: (1px inset #808080)] [r=3 c=3 rs=1 cs=1]
                                                      RenderText {#text} at (2,2) size 6x21
                                                        text run at (2,2) width 6: "s"
                                                    RenderTableCell {TD} at (258,222) size 24x25 [border: (1px inset #808080)] [r=3 c=4 rs=1 cs=1]
                                                      RenderText {#text} at (2,2) size 5x21
                                                        text run at (2,2) width 5: "t"
                                                  RenderTableRow {TR} at (0,249) size 284x25
                                                    RenderTableCell {TD} at (2,249) size 25x25 [border: (1px inset #808080)] [r=4 c=0 rs=1 cs=1]
                                                      RenderText {#text} at (2,2) size 9x21
                                                        text run at (2,2) width 9: "u"
                                                    RenderTableCell {TD} at (29,249) size 25x25 [border: (1px inset #808080)] [r=4 c=1 rs=1 cs=1]
                                                      RenderText {#text} at (2,2) size 8x21
                                                        text run at (2,2) width 8: "v"
                                                    RenderTableCell {TD} at (56,249) size 172x25 [border: (1px inset #808080)] [r=4 c=2 rs=1 cs=1]
                                                      RenderText {#text} at (2,2) size 12x21
                                                        text run at (2,2) width 12: "w"
                                                    RenderTableCell {TD} at (230,249) size 26x25 [border: (1px inset #808080)] [r=4 c=3 rs=1 cs=1]
                                                      RenderText {#text} at (2,2) size 8x21
                                                        text run at (2,2) width 8: "x"
                                                    RenderTableCell {TD} at (258,249) size 24x25 [border: (1px inset #808080)] [r=4 c=4 rs=1 cs=1]
                                                      RenderText {#text} at (2,2) size 8x21
                                                        text run at (2,2) width 8: "y"
                                              RenderBlock (anonymous) at (2,280) size 286x21
                                                RenderText {#text} at (0,0) size 4x21
                                                  text run at (0,0) width 4: " "
                                            RenderTableCell {TD} at (346,195) size 24x25 [border: (1px inset #808080)] [r=2 c=3 rs=1 cs=1]
                                              RenderText {#text} at (2,2) size 9x21
                                                text run at (2,2) width 9: "n"
                                            RenderTableCell {TD} at (372,195) size 23x25 [border: (1px inset #808080)] [r=2 c=4 rs=1 cs=1]
                                              RenderText {#text} at (2,2) size 8x21
                                                text run at (2,2) width 8: "o"
                                          RenderTableRow {TR} at (0,361) size 397x25
                                            RenderTableCell {TD} at (2,361) size 24x25 [border: (1px inset #808080)] [r=3 c=0 rs=1 cs=1]
                                              RenderText {#text} at (2,2) size 9x21
                                                text run at (2,2) width 9: "p"
                                            RenderTableCell {TD} at (28,361) size 24x25 [border: (1px inset #808080)] [r=3 c=1 rs=1 cs=1]
                                              RenderText {#text} at (2,2) size 9x21
                                                text run at (2,2) width 9: "q"
                                            RenderTableCell {TD} at (54,361) size 290x25 [border: (1px inset #808080)] [r=3 c=2 rs=1 cs=1]
                                              RenderText {#text} at (2,2) size 7x21
                                                text run at (2,2) width 7: "r"
                                            RenderTableCell {TD} at (346,361) size 24x25 [border: (1px inset #808080)] [r=3 c=3 rs=1 cs=1]
                                              RenderText {#text} at (2,2) size 6x21
                                                text run at (2,2) width 6: "s"
                                            RenderTableCell {TD} at (372,361) size 23x25 [border: (1px inset #808080)] [r=3 c=4 rs=1 cs=1]
                                              RenderText {#text} at (2,2) size 5x21
                                                text run at (2,2) width 5: "t"
                                          RenderTableRow {TR} at (0,388) size 397x25
                                            RenderTableCell {TD} at (2,388) size 24x25 [border: (1px inset #808080)] [r=4 c=0 rs=1 cs=1]
                                              RenderText {#text} at (2,2) size 9x21
                                                text run at (2,2) width 9: "u"
                                            RenderTableCell {TD} at (28,388) size 24x25 [border: (1px inset #808080)] [r=4 c=1 rs=1 cs=1]
                                              RenderText {#text} at (2,2) size 8x21
                                                text run at (2,2) width 8: "v"
                                            RenderTableCell {TD} at (54,388) size 290x25 [border: (1px inset #808080)] [r=4 c=2 rs=1 cs=1]
                                              RenderText {#text} at (2,2) size 12x21
                                                text run at (2,2) width 12: "w"
                                            RenderTableCell {TD} at (346,388) size 24x25 [border: (1px inset #808080)] [r=4 c=3 rs=1 cs=1]
                                              RenderText {#text} at (2,2) size 8x21
                                                text run at (2,2) width 8: "x"
                                            RenderTableCell {TD} at (372,388) size 23x25 [border: (1px inset #808080)] [r=4 c=4 rs=1 cs=1]
                                              RenderText {#text} at (2,2) size 8x21
                                                text run at (2,2) width 8: "y"
                                      RenderBlock (anonymous) at (2,419) size 399x21
                                        RenderText {#text} at (0,0) size 4x21
                                          text run at (0,0) width 4: " "
                                    RenderTableCell {TD} at (457,237) size 23x25 [border: (1px inset #808080)] [r=1 c=3 rs=1 cs=1]
                                      RenderText {#text} at (2,2) size 8x21
                                        text run at (2,2) width 8: "9"
                                    RenderTableCell {TD} at (482,237) size 22x25 [border: (1px inset #808080)] [r=1 c=4 rs=1 cs=1]
                                      RenderText {#text} at (2,2) size 8x21
                                        text run at (2,2) width 8: "0"
                                  RenderTableRow {TR} at (0,473) size 506x25
                                    RenderTableCell {TD} at (2,473) size 23x25 [border: (1px inset #808080)] [r=2 c=0 rs=1 cs=1]
                                      RenderText {#text} at (2,2) size 8x21
                                        text run at (2,2) width 8: "a"
                                    RenderTableCell {TD} at (27,473) size 23x25 [border: (1px inset #808080)] [r=2 c=1 rs=1 cs=1]
                                      RenderText {#text} at (2,2) size 9x21
                                        text run at (2,2) width 9: "b"
                                    RenderTableCell {TD} at (52,473) size 403x25 [border: (1px inset #808080)] [r=2 c=2 rs=1 cs=1]
                                      RenderText {#text} at (2,2) size 7x21
                                        text run at (2,2) width 7: "c"
                                    RenderTableCell {TD} at (457,473) size 23x25 [border: (1px inset #808080)] [r=2 c=3 rs=1 cs=1]
                                      RenderText {#text} at (2,2) size 9x21
                                        text run at (2,2) width 9: "d"
                                    RenderTableCell {TD} at (482,473) size 22x25 [border: (1px inset #808080)] [r=2 c=4 rs=1 cs=1]
                                      RenderText {#text} at (2,2) size 7x21
                                        text run at (2,2) width 7: "e"
                                  RenderTableRow {TR} at (0,500) size 506x25
                                    RenderTableCell {TD} at (2,500) size 23x25 [border: (1px inset #808080)] [r=3 c=0 rs=1 cs=1]
                                      RenderText {#text} at (2,2) size 5x21
                                        text run at (2,2) width 5: "f"
                                    RenderTableCell {TD} at (27,500) size 23x25 [border: (1px inset #808080)] [r=3 c=1 rs=1 cs=1]
                                      RenderText {#text} at (2,2) size 8x21
                                        text run at (2,2) width 8: "g"
                                    RenderTableCell {TD} at (52,500) size 403x25 [border: (1px inset #808080)] [r=3 c=2 rs=1 cs=1]
                                      RenderText {#text} at (2,2) size 9x21
                                        text run at (2,2) width 9: "h"
                                    RenderTableCell {TD} at (457,500) size 23x25 [border: (1px inset #808080)] [r=3 c=3 rs=1 cs=1]
                                      RenderText {#text} at (2,2) size 4x21
                                        text run at (2,2) width 4: "i"
                                    RenderTableCell {TD} at (482,500) size 22x25 [border: (1px inset #808080)] [r=3 c=4 rs=1 cs=1]
                                      RenderText {#text} at (2,2) size 5x21
                                        text run at (2,2) width 5: "j"
                                  RenderTableRow {TR} at (0,527) size 506x25
                                    RenderTableCell {TD} at (2,527) size 23x25 [border: (1px inset #808080)] [r=4 c=0 rs=1 cs=1]
                                      RenderText {#text} at (2,2) size 9x21
                                        text run at (2,2) width 9: "k"
                                    RenderTableCell {TD} at (27,527) size 23x25 [border: (1px inset #808080)] [r=4 c=1 rs=1 cs=1]
                                      RenderText {#text} at (2,2) size 4x21
                                        text run at (2,2) width 4: "l"
                                    RenderTableCell {TD} at (52,527) size 403x25 [border: (1px inset #808080)] [r=4 c=2 rs=1 cs=1]
                                      RenderText {#text} at (2,2) size 13x21
                                        text run at (2,2) width 13: "m"
                                    RenderTableCell {TD} at (457,527) size 23x25 [border: (1px inset #808080)] [r=4 c=3 rs=1 cs=1]
                                      RenderText {#text} at (2,2) size 9x21
                                        text run at (2,2) width 9: "n"
                                    RenderTableCell {TD} at (482,527) size 22x25 [border: (1px inset #808080)] [r=4 c=4 rs=1 cs=1]
                                      RenderText {#text} at (2,2) size 8x21
                                        text run at (2,2) width 8: "o"
                              RenderBlock (anonymous) at (2,558) size 508x21
                                RenderText {#text} at (0,0) size 4x21
                                  text run at (0,0) width 4: " "
                            RenderTableCell {TD} at (538,280) size 21x25 [border: (1px inset #808080)] [r=0 c=2 rs=1 cs=1]
                              RenderText {#text} at (2,2) size 8x21
                                text run at (2,2) width 8: "3"
                          RenderTableRow {TR} at (0,585) size 561x25
                            RenderTableCell {TD} at (2,585) size 20x25 [border: (1px inset #808080)] [r=1 c=0 rs=1 cs=1]
                              RenderText {#text} at (2,2) size 8x21
                                text run at (2,2) width 8: "4"
                            RenderTableCell {TD} at (24,585) size 512x25 [border: (1px inset #808080)] [r=1 c=1 rs=1 cs=1]
                              RenderText {#text} at (2,2) size 8x21
                                text run at (2,2) width 8: "5"
                            RenderTableCell {TD} at (538,585) size 21x25 [border: (1px inset #808080)] [r=1 c=2 rs=1 cs=1]
                              RenderText {#text} at (2,2) size 8x21
                                text run at (2,2) width 8: "6"
                          RenderTableRow {TR} at (0,612) size 561x25
                            RenderTableCell {TD} at (2,612) size 20x25 [border: (1px inset #808080)] [r=2 c=0 rs=1 cs=1]
                              RenderText {#text} at (2,2) size 8x21
                                text run at (2,2) width 8: "7"
                            RenderTableCell {TD} at (24,612) size 512x25 [border: (1px inset #808080)] [r=2 c=1 rs=1 cs=1]
                              RenderText {#text} at (2,2) size 8x21
                                text run at (2,2) width 8: "8"
                            RenderTableCell {TD} at (538,612) size 21x25 [border: (1px inset #808080)] [r=2 c=2 rs=1 cs=1]
                              RenderText {#text} at (2,2) size 8x21
                                text run at (2,2) width 8: "9"
                      RenderBlock (anonymous) at (1,642) size 563x21
                        RenderText {#text} at (0,0) size 4x21
                          text run at (0,0) width 4: " "
                    RenderTableCell {TD} at (588,347) size 18x23 [r=1 c=2 rs=1 cs=1]
                      RenderText {#text} at (1,1) size 8x21
                        text run at (1,1) width 8: "6"
                  RenderTableRow {TR} at (0,693) size 608x23
                    RenderTableCell {TD} at (2,693) size 17x23 [r=2 c=0 rs=1 cs=1]
                      RenderText {#text} at (1,1) size 8x21
                        text run at (1,1) width 8: "7"
                    RenderTableCell {TD} at (21,693) size 565x23 [r=2 c=1 rs=1 cs=1]
                      RenderText {#text} at (1,1) size 8x21
                        text run at (1,1) width 8: "8"
                    RenderTableCell {TD} at (588,693) size 18x23 [r=2 c=2 rs=1 cs=1]
                      RenderText {#text} at (1,1) size 8x21
                        text run at (1,1) width 8: "9"
              RenderBlock (anonymous) at (2,720) size 608x21
                RenderText {#text} at (0,0) size 4x21
                  text run at (0,0) width 4: " "
            RenderTableCell {TD} at (616,415) size 73x25 [border: (1px inset #808080)] [r=2 c=1 rs=1 cs=1]
              RenderText {#text} at (2,2) size 8x21
                text run at (2,2) width 8: "8"
            RenderTableCell {TD} at (691,415) size 73x25 [border: (1px inset #808080)] [r=2 c=2 rs=1 cs=1]
              RenderText {#text} at (2,2) size 8x21
                text run at (2,2) width 8: "9"
