layer at (0,0) size 784x1433
  RenderView at (0,0) size 784x600
layer at (0,0) size 784x1433
  RenderBlock {HTML} at (0,0) size 784x1433
    RenderBody {BODY} at (8,8) size 768x1409 [bgcolor=#FFDEAD]
      RenderBlock (anonymous) at (0,0) size 768x21
        RenderText {#text} at (0,0) size 637x21
          text run at (0,0) width 637: "If there is missing vertical space between tables and/or tables and other content, it is bug 6997. "
        RenderBR {BR} at (637,16) size 0x0
      RenderBlock {H1} at (0,42) size 768x84
        RenderInline {FONT} at (0,0) size 473x83 [color=#FF0000]
          RenderText {#text} at (0,0) size 295x41
            text run at (0,0) width 295: "Acceptance Test Case"
          RenderBR {BR} at (295,31) size 0x0
          RenderText {#text} at (0,42) size 473x41
            text run at (0,42) width 473: "Web Browser: Web View (HTML)"
      RenderBlock {P} at (0,147) size 768x31
        RenderInline {FONT} at (0,0) size 218x32 [color=#FF0000]
          RenderInline {B} at (0,0) size 218x32
            RenderText {#text} at (0,0) size 218x32
              text run at (0,0) width 218: "Table: <TR> ALIGN"
        RenderText {#text} at (0,0) size 0x0
      RenderBlock {HR} at (0,194) size 768x2 [border: (1px inset #000000)]
      RenderBlock (anonymous) at (0,204) size 768x84
        RenderText {#text} at (0,0) size 288x21
          text run at (0,0) width 288: "This acceptance test case tests the optional "
        RenderInline {B} at (0,0) size 41x21
          RenderText {#text} at (288,0) size 41x21
            text run at (288,0) width 41: "<TR>"
        RenderText {#text} at (329,0) size 29x21
          text run at (329,0) width 29: " tag "
        RenderInline {B} at (0,0) size 53x21
          RenderText {#text} at (358,0) size 53x21
            text run at (358,0) width 53: "ALIGN"
        RenderText {#text} at (411,0) size 763x63
          text run at (411,0) width 195: " attribute which controls the "
          text run at (606,0) width 157: "horizontal alignment of"
          text run at (0,21) width 542: "all the cells in a row. This cause the contents of each cell in the row to be aligned "
          text run at (542,21) width 216: "either LEFT|CENTER|RIGHT"
          text run at (0,42) width 490: "with respect to the current left and right margins of the display window. "
          text run at (490,42) width 31: "The "
        RenderInline {B} at (0,0) size 50x21
          RenderText {#text} at (521,42) size 50x21
            text run at (521,42) width 50: "Header"
        RenderText {#text} at (571,42) size 183x21
          text run at (571,42) width 183: " cells by default are aligned"
        RenderInline {B} at (0,0) size 69x21
          RenderText {#text} at (0,63) size 69x21
            text run at (0,63) width 69: "CENTER"
        RenderText {#text} at (69,63) size 69x21
          text run at (69,63) width 69: " while the "
        RenderInline {B} at (0,0) size 33x21
          RenderText {#text} at (138,63) size 33x21
            text run at (138,63) width 33: "Data"
        RenderText {#text} at (171,63) size 187x21
          text run at (171,63) width 187: " cells by default are aligned "
        RenderInline {B} at (0,0) size 43x21
          RenderText {#text} at (358,63) size 43x21
            text run at (358,63) width 43: "LEFT"
        RenderText {#text} at (401,63) size 4x21
          text run at (401,63) width 4: "."
      RenderBlock {P} at (0,304) size 768x21
        RenderInline {B} at (0,0) size 119x21
          RenderText {#text} at (0,0) size 119x21
            text run at (0,0) width 119: "Test Instructions:"
        RenderText {#text} at (0,0) size 0x0
      RenderBlock {OL} at (0,341) size 768x234
        RenderListItem {LI} at (40,0) size 728x21
          RenderListMarker at (-21,0) size 16x21: "1"
          RenderText {#text} at (0,0) size 529x21
            text run at (0,0) width 529: "Verify that the sample text displays as stated in each of the following test cases:"
        RenderBlock {P} at (40,37) size 728x76
          RenderTable {TABLE} at (0,0) size 722x76 [bgcolor=#F08080]
            RenderTableSection {TBODY} at (0,0) size 722x76
              RenderTableRow {TR} at (0,2) size 722x35
                RenderTableCell {TD} at (2,2) size 100x35 [r=0 c=0 rs=1 cs=1]
                  RenderInline {A} at (0,0) size 86x21 [color=#0000EE]
                    RenderText {#text} at (7,7) size 86x21
                      text run at (7,7) width 86: "Test Case #1"
                RenderTableCell {TD} at (104,2) size 616x35 [r=0 c=1 rs=1 cs=1]
                  RenderInline {FONT} at (0,0) size 602x21 [color=#0000FF]
                    RenderInline {B} at (0,0) size 602x21
                      RenderText {#text} at (7,7) size 602x21
                        text run at (7,7) width 602: "Table displaying Header \"CENTER \"& Data \"LEFT\" default horizontal row alignment"
              RenderTableRow {TR} at (0,39) size 722x35
                RenderTableCell {TD} at (2,39) size 100x35 [r=1 c=0 rs=1 cs=1]
                  RenderInline {A} at (0,0) size 86x21 [color=#0000EE]
                    RenderText {#text} at (7,7) size 86x21
                      text run at (7,7) width 86: "Test Case #2"
                RenderTableCell {TD} at (104,39) size 616x35 [r=1 c=1 rs=1 cs=1]
                  RenderInline {FONT} at (0,0) size 596x21 [color=#0000FF]
                    RenderInline {B} at (0,0) size 596x21
                      RenderText {#text} at (7,7) size 596x21
                        text run at (7,7) width 596: "Tables displaying Header & Data \"LEFT|CENTER|RIGHT\" horizontal row alignment"
        RenderBlock {P} at (40,129) size 728x0
        RenderListItem {LI} at (40,129) size 728x21
          RenderListMarker at (-21,0) size 16x21: "2"
          RenderText {#text} at (0,0) size 304x21
            text run at (0,0) width 304: "Verify that the table is maintained when you "
          RenderInline {B} at (0,0) size 129x21
            RenderText {#text} at (304,0) size 129x21
              text run at (304,0) width 129: "minimize/maximize"
          RenderText {#text} at (433,0) size 76x21
            text run at (433,0) width 76: " the screen."
        RenderListItem {LI} at (40,150) size 728x21
          RenderListMarker at (-21,0) size 16x21: "3"
          RenderText {#text} at (0,0) size 304x21
            text run at (0,0) width 304: "Verify that the table is maintained when you "
          RenderInline {B} at (0,0) size 122x21
            RenderText {#text} at (304,0) size 122x21
              text run at (304,0) width 122: "re-size left & right"
          RenderText {#text} at (426,0) size 76x21
            text run at (426,0) width 76: " the screen."
        RenderListItem {LI} at (40,171) size 728x21
          RenderListMarker at (-21,0) size 16x21: "4"
          RenderText {#text} at (0,0) size 304x21
            text run at (0,0) width 304: "Verify that the table is maintained when you "
          RenderInline {B} at (0,0) size 138x21
            RenderText {#text} at (304,0) size 138x21
              text run at (304,0) width 138: "re-size top & bottom"
          RenderText {#text} at (442,0) size 76x21
            text run at (442,0) width 76: " the screen."
        RenderListItem {LI} at (40,192) size 728x21
          RenderListMarker at (-21,0) size 16x21: "5"
          RenderText {#text} at (0,0) size 438x21
            text run at (0,0) width 438: "Verify re-draw takes place correctly after maximizing the screen."
        RenderListItem {LI} at (40,213) size 728x21
          RenderListMarker at (-21,0) size 16x21: "6"
          RenderText {#text} at (0,0) size 140x21
            text run at (0,0) width 140: "Verify reload works."
      RenderBlock {HR} at (0,591) size 768x2 [border: (1px inset #000000)]
      RenderBlock {P} at (0,609) size 768x66
        RenderTable {TABLE} at (0,0) size 768x66 [bgcolor=#F08080] [border: (1px outset #808080)]
          RenderTableSection {TBODY} at (1,1) size 766x64
            RenderTableRow {TR} at (0,2) size 766x60
              RenderTableCell {TH} at (2,2) size 762x60 [border: (1px inset #808080)] [r=0 c=0 rs=1 cs=1]
                RenderInline {A} at (0,0) size 0x0
                RenderText {#text} at (13,11) size 96x21
                  text run at (13,11) width 96: "Test Case #1: "
                RenderInline {FONT} at (0,0) size 603x21 [color=#0000FF]
                  RenderText {#text} at (108,11) size 603x21
                    text run at (108,11) width 603: "Table displaying Header \"CENTER \"& Data \"LEFT\" default horizontal row alignment"
                RenderText {#text} at (710,11) size 5x21
                  text run at (710,11) width 5: " "
                RenderInline {FONT} at (0,0) size 396x35
                  RenderInline {I} at (0,0) size 396x35
                    RenderText {#text} at (714,14) size 396x35
                      text run at (714,14) width 35: "(using"
                      text run at (353,32) width 56: "<TR> tag)"
                RenderText {#text} at (0,0) size 0x0
      RenderBlock {P} at (0,691) size 768x79
        RenderTable {TABLE} at (0,0) size 345x79 [bgcolor=#FFE4C4] [border: (1px outset #808080)]
          RenderBlock {CAPTION} at (0,0) size 343x21
            RenderText {#text} at (53,0) size 237x21
              text run at (53,0) width 237: "Default Horizontal Row Alignment"
          RenderTableSection {TBODY} at (1,22) size 343x56
            RenderTableRow {TR} at (0,2) size 343x25
              RenderTableCell {TH} at (2,2) size 111x25 [border: (1px inset #808080)] [r=0 c=0 rs=1 cs=1]
                RenderText {#text} at (17,2) size 77x21
                  text run at (17,2) width 77: "row head 1"
              RenderTableCell {TH} at (115,2) size 112x25 [border: (1px inset #808080)] [r=0 c=1 rs=1 cs=1]
                RenderText {#text} at (18,2) size 76x21
                  text run at (18,2) width 76: "row head 2"
              RenderTableCell {TH} at (229,2) size 112x25 [border: (1px inset #808080)] [r=0 c=2 rs=1 cs=1]
                RenderText {#text} at (18,2) size 76x21
                  text run at (18,2) width 76: "row head 3"
            RenderTableRow {TR} at (0,29) size 343x25
              RenderTableCell {TD} at (2,29) size 111x25 [border: (1px inset #808080)] [r=1 c=0 rs=1 cs=1]
                RenderText {#text} at (2,2) size 73x21
                  text run at (2,2) width 73: "row data 1"
              RenderTableCell {TD} at (115,29) size 112x25 [border: (1px inset #808080)] [r=1 c=1 rs=1 cs=1]
                RenderText {#text} at (2,2) size 73x21
                  text run at (2,2) width 73: "row data 2"
              RenderTableCell {TD} at (229,29) size 112x25 [border: (1px inset #808080)] [r=1 c=2 rs=1 cs=1]
                RenderText {#text} at (2,2) size 73x21
                  text run at (2,2) width 73: "row data 3"
      RenderBlock {HR} at (0,786) size 768x2 [border: (1px inset #000000)]
      RenderBlock {P} at (0,804) size 768x66
        RenderTable {TABLE} at (0,0) size 768x66 [bgcolor=#F08080] [border: (1px outset #808080)]
          RenderTableSection {TBODY} at (1,1) size 766x64
            RenderTableRow {TR} at (0,2) size 766x60
              RenderTableCell {TH} at (2,2) size 762x60 [border: (1px inset #808080)] [r=0 c=0 rs=1 cs=1]
                RenderInline {A} at (0,0) size 0x0
                RenderText {#text} at (16,11) size 96x21
                  text run at (16,11) width 96: "Test Case #2: "
                RenderInline {FONT} at (0,0) size 597x21 [color=#0000FF]
                  RenderText {#text} at (111,11) size 597x21
                    text run at (111,11) width 597: "Tables displaying Header & Data \"LEFT|CENTER|RIGHT\" horizontal row alignment"
                RenderText {#text} at (707,11) size 5x21
                  text run at (707,11) width 5: " "
                RenderInline {FONT} at (0,0) size 485x35
                  RenderInline {I} at (0,0) size 485x35
                    RenderText {#text} at (711,14) size 485x35
                      text run at (711,14) width 35: "(using"
                      text run at (261,32) width 240: "<TR ALIGN=LEFT|CENTER|RIGHT> tag)"
                RenderText {#text} at (0,0) size 0x0
      RenderBlock {P} at (0,886) size 768x164
        RenderTable {TABLE} at (0,0) size 345x164 [bgcolor=#FFE4C4] [border: (1px outset #808080)]
          RenderBlock {CAPTION} at (0,0) size 343x21
            RenderText {#text} at (54,0) size 235x21
              text run at (54,0) width 235: "Horizontal Row Alignment=LEFT"
          RenderTableSection {TBODY} at (1,22) size 343x141
            RenderTableRow {TR} at (0,2) size 343x25
              RenderTableCell {TH} at (2,2) size 111x25 [border: (1px inset #808080)] [r=0 c=0 rs=1 cs=1]
                RenderText {#text} at (2,2) size 76x21
                  text run at (2,2) width 76: "row head 1"
              RenderTableCell {TH} at (115,2) size 112x25 [border: (1px inset #808080)] [r=0 c=1 rs=1 cs=1]
                RenderText {#text} at (2,2) size 76x21
                  text run at (2,2) width 76: "row head 2"
              RenderTableCell {TH} at (229,2) size 112x25 [border: (1px inset #808080)] [r=0 c=2 rs=1 cs=1]
                RenderText {#text} at (2,2) size 76x21
                  text run at (2,2) width 76: "row head 3"
            RenderTableRow {TR} at (0,29) size 343x25
              RenderTableCell {TD} at (2,29) size 111x25 [border: (1px inset #808080)] [r=1 c=0 rs=1 cs=1]
                RenderText {#text} at (2,2) size 73x21
                  text run at (2,2) width 73: "row data 1"
              RenderTableCell {TD} at (115,29) size 112x25 [border: (1px inset #808080)] [r=1 c=1 rs=1 cs=1]
                RenderText {#text} at (2,2) size 73x21
                  text run at (2,2) width 73: "row data 2"
              RenderTableCell {TD} at (229,29) size 112x25 [border: (1px inset #808080)] [r=1 c=2 rs=1 cs=1]
                RenderText {#text} at (2,2) size 73x21
                  text run at (2,2) width 73: "row data 3"
            RenderTableRow {TR} at (0,56) size 343x83 [bgcolor=#FFD700]
              RenderTableCell {TD} at (2,56) size 339x83 [border: (1px inset #808080)] [r=2 c=0 rs=1 cs=3]
                RenderBlock (anonymous) at (2,2) size 335x63
                  RenderInline {B} at (0,0) size 319x63
                    RenderInline {FONT} at (0,0) size 319x63 [color=#FF0000]
                      RenderText {#text} at (0,0) size 135x21
                        text run at (0,0) width 135: "Note: The attribute "
                      RenderInline {FONT} at (0,0) size 105x21 [color=#0000FF]
                        RenderText {#text} at (135,0) size 105x21
                          text run at (135,0) width 105: "ALIGN=LEFT"
                      RenderText {#text} at (240,0) size 319x63
                        text run at (240,0) width 48: " has no"
                        text run at (0,21) width 294: "special effect on the row data since it simply"
                        text run at (0,42) width 319: "reiterates the default horizontal row alignment!"
                RenderBlock (anonymous) at (2,65) size 335x0 [color=#FF0000]
                RenderBlock (anonymous) at (2,65) size 335x0
                  RenderInline {B} at (0,0) size 0x0
                    RenderInline {FONT} at (0,0) size 0x0 [color=#FF0000]
                RenderBlock {P} at (2,81) size 335x0
                  RenderInline {B} at (0,0) size 0x0
                    RenderInline {FONT} at (0,0) size 0x0 [color=#FF0000]
                  RenderText {#text} at (0,0) size 0x0
      RenderBlock {P} at (0,1066) size 768x164
        RenderTable {TABLE} at (0,0) size 345x164 [bgcolor=#FFE4C4] [border: (1px outset #808080)]
          RenderBlock {CAPTION} at (0,0) size 343x21
            RenderText {#text} at (41,0) size 261x21
              text run at (41,0) width 261: "Horizontal Row Alignment=CENTER"
          RenderTableSection {TBODY} at (1,22) size 343x141
            RenderTableRow {TR} at (0,2) size 343x25
              RenderTableCell {TH} at (2,2) size 111x25 [border: (1px inset #808080)] [r=0 c=0 rs=1 cs=1]
                RenderText {#text} at (17,2) size 77x21
                  text run at (17,2) width 77: "row head 1"
              RenderTableCell {TH} at (115,2) size 112x25 [border: (1px inset #808080)] [r=0 c=1 rs=1 cs=1]
                RenderText {#text} at (18,2) size 76x21
                  text run at (18,2) width 76: "row head 2"
              RenderTableCell {TH} at (229,2) size 112x25 [border: (1px inset #808080)] [r=0 c=2 rs=1 cs=1]
                RenderText {#text} at (18,2) size 76x21
                  text run at (18,2) width 76: "row head 3"
            RenderTableRow {TR} at (0,29) size 343x25
              RenderTableCell {TD} at (2,29) size 111x25 [border: (1px inset #808080)] [r=1 c=0 rs=1 cs=1]
                RenderText {#text} at (19,2) size 73x21
                  text run at (19,2) width 73: "row data 1"
              RenderTableCell {TD} at (115,29) size 112x25 [border: (1px inset #808080)] [r=1 c=1 rs=1 cs=1]
                RenderText {#text} at (19,2) size 74x21
                  text run at (19,2) width 74: "row data 2"
              RenderTableCell {TD} at (229,29) size 112x25 [border: (1px inset #808080)] [r=1 c=2 rs=1 cs=1]
                RenderText {#text} at (19,2) size 74x21
                  text run at (19,2) width 74: "row data 3"
            RenderTableRow {TR} at (0,56) size 343x83 [bgcolor=#FFD700]
              RenderTableCell {TD} at (2,56) size 339x83 [border: (1px inset #808080)] [r=2 c=0 rs=1 cs=3]
                RenderBlock (anonymous) at (2,2) size 335x63
                  RenderInline {B} at (0,0) size 319x63
                    RenderInline {FONT} at (0,0) size 319x63 [color=#FF0000]
                      RenderText {#text} at (0,0) size 135x21
                        text run at (0,0) width 135: "Note: The attribute "
                      RenderInline {FONT} at (0,0) size 131x21 [color=#0000FF]
                        RenderText {#text} at (135,0) size 131x21
                          text run at (135,0) width 131: "ALIGN=CENTER"
                      RenderText {#text} at (266,0) size 319x63
                        text run at (266,0) width 48: " has no"
                        text run at (0,21) width 297: "special effect on the row head since it simply"
                        text run at (0,42) width 319: "reiterates the default horizontal row alignment!"
                RenderBlock (anonymous) at (2,65) size 335x0 [color=#FF0000]
                RenderBlock (anonymous) at (2,65) size 335x0
                  RenderInline {B} at (0,0) size 0x0
                    RenderInline {FONT} at (0,0) size 0x0 [color=#FF0000]
                RenderBlock {P} at (2,81) size 335x0
                  RenderInline {B} at (0,0) size 0x0
                    RenderInline {FONT} at (0,0) size 0x0 [color=#FF0000]
                  RenderText {#text} at (0,0) size 0x0
      RenderBlock {P} at (0,1246) size 768x79
        RenderTable {TABLE} at (0,0) size 345x79 [bgcolor=#FFE4C4] [border: (1px outset #808080)]
          RenderBlock {CAPTION} at (0,0) size 343x21
            RenderText {#text} at (49,0) size 245x21
              text run at (49,0) width 245: "Horizontal Row Alignment=RIGHT"
          RenderTableSection {TBODY} at (1,22) size 343x56
            RenderTableRow {TR} at (0,2) size 343x25
              RenderTableCell {TH} at (2,2) size 111x25 [border: (1px inset #808080)] [r=0 c=0 rs=1 cs=1]
                RenderText {#text} at (33,2) size 76x21
                  text run at (33,2) width 76: "row head 1"
              RenderTableCell {TH} at (115,2) size 112x25 [border: (1px inset #808080)] [r=0 c=1 rs=1 cs=1]
                RenderText {#text} at (34,2) size 76x21
                  text run at (34,2) width 76: "row head 2"
              RenderTableCell {TH} at (229,2) size 112x25 [border: (1px inset #808080)] [r=0 c=2 rs=1 cs=1]
                RenderText {#text} at (34,2) size 76x21
                  text run at (34,2) width 76: "row head 3"
            RenderTableRow {TR} at (0,29) size 343x25
              RenderTableCell {TD} at (2,29) size 111x25 [border: (1px inset #808080)] [r=1 c=0 rs=1 cs=1]
                RenderText {#text} at (36,2) size 73x21
                  text run at (36,2) width 73: "row data 1"
              RenderTableCell {TD} at (115,29) size 112x25 [border: (1px inset #808080)] [r=1 c=1 rs=1 cs=1]
                RenderText {#text} at (37,2) size 73x21
                  text run at (37,2) width 73: "row data 2"
              RenderTableCell {TD} at (229,29) size 112x25 [border: (1px inset #808080)] [r=1 c=2 rs=1 cs=1]
                RenderText {#text} at (37,2) size 73x21
                  text run at (37,2) width 73: "row data 3"
      RenderBlock {P} at (0,1341) size 768x0
      RenderBlock {HR} at (0,1341) size 768x2 [border: (1px inset #000000)]
      RenderBlock (anonymous) at (0,1351) size 768x21
        RenderImage {IMG} at (0,3) size 13x13
        RenderText {#text} at (13,0) size 128x21
          text run at (13,0) width 128: " Created 9/9/96 by "
        RenderInline {A} at (0,0) size 89x21 [color=#0000EE]
          RenderText {#text} at (141,0) size 89x21
            text run at (141,0) width 89: "Ronald Greti"
        RenderBR {BR} at (230,16) size 0x0
      RenderBlock {P} at (0,1388) size 768x21
        RenderBR {BR} at (0,0) size 0x21
      RenderBlock {P} at (0,1425) size 768x0
