layer at (0,0) size 784x2614
  RenderView at (0,0) size 784x600
layer at (0,0) size 784x2614
  RenderBlock {HTML} at (0,0) size 784x2614
    RenderBody {BODY} at (8,8) size 768x2590 [bgcolor=#FFDEAD]
      RenderBlock {H1} at (0,0) size 768x84
        RenderInline {FONT} at (0,0) size 473x83 [color=#FF0000]
          RenderText {#text} at (0,0) size 295x41
            text run at (0,0) width 295: "Acceptance Test Case"
          RenderBR {BR} at (295,31) size 0x0
          RenderText {#text} at (0,42) size 473x41
            text run at (0,42) width 473: "Web Browser: Web View (HTML)"
      RenderBlock {P} at (0,105) size 768x31
        RenderInline {FONT} at (0,0) size 357x32 [color=#FF0000]
          RenderInline {B} at (0,0) size 357x32
            RenderText {#text} at (0,0) size 357x32
              text run at (0,0) width 357: "Table: <TH> & <TD> ROWSPAN"
        RenderText {#text} at (0,0) size 0x0
      RenderBlock {HR} at (0,152) size 768x2 [border: (1px inset #000000)]
      RenderBlock (anonymous) at (0,162) size 768x63
        RenderText {#text} at (0,0) size 288x21
          text run at (0,0) width 288: "This acceptance test case tests the optional "
        RenderInline {B} at (0,0) size 41x21
          RenderText {#text} at (288,0) size 41x21
            text run at (288,0) width 41: "<TH>"
        RenderText {#text} at (329,0) size 21x21
          text run at (329,0) width 21: " & "
        RenderInline {B} at (0,0) size 41x21
          RenderText {#text} at (350,0) size 41x21
            text run at (350,0) width 41: "<TD>"
        RenderText {#text} at (391,0) size 29x21
          text run at (391,0) width 29: " tag "
        RenderInline {B} at (0,0) size 83x21
          RenderText {#text} at (420,0) size 83x21
            text run at (420,0) width 83: "ROWSPAN"
        RenderText {#text} at (503,0) size 733x42
          text run at (503,0) width 116: " attribute which, "
          text run at (619,0) width 114: "when placed in a"
          text run at (0,21) width 632: "table header or data tag, specifies how many rows the table header or data cell will span. The "
        RenderInline {B} at (0,0) size 83x21
          RenderText {#text} at (632,21) size 83x21
            text run at (632,21) width 83: "ROWSPAN"
        RenderText {#text} at (0,42) size 640x21
          text run at (0,42) width 640: "attribute is set to an integer value equal the number of rows the table header or data cell spans."
      RenderBlock {P} at (0,241) size 768x21
        RenderInline {B} at (0,0) size 119x21
          RenderText {#text} at (0,0) size 119x21
            text run at (0,0) width 119: "Test Instructions:"
        RenderText {#text} at (0,0) size 0x0
      RenderBlock {OL} at (0,278) size 768x271
        RenderListItem {LI} at (40,0) size 728x21
          RenderListMarker at (-21,0) size 16x21: "1"
          RenderText {#text} at (0,0) size 529x21
            text run at (0,0) width 529: "Verify that the sample text displays as stated in each of the following test cases:"
        RenderBlock {P} at (40,37) size 728x113
          RenderTable {TABLE} at (0,0) size 530x113 [bgcolor=#F08080]
            RenderTableSection {TBODY} at (0,0) size 530x113
              RenderTableRow {TR} at (0,2) size 530x35
                RenderTableCell {TD} at (2,2) size 100x35 [r=0 c=0 rs=1 cs=1]
                  RenderInline {A} at (0,0) size 86x21 [color=#0000EE]
                    RenderText {#text} at (7,7) size 86x21
                      text run at (7,7) width 86: "Test Case #1"
                RenderTableCell {TD} at (104,2) size 424x35 [r=0 c=1 rs=1 cs=1]
                  RenderInline {FONT} at (0,0) size 312x21 [color=#0000FF]
                    RenderInline {B} at (0,0) size 312x21
                      RenderText {#text} at (7,7) size 312x21
                        text run at (7,7) width 312: "table with header cells spanning multiple rows"
              RenderTableRow {TR} at (0,39) size 530x35
                RenderTableCell {TD} at (2,39) size 100x35 [r=1 c=0 rs=1 cs=1]
                  RenderInline {A} at (0,0) size 86x21 [color=#0000EE]
                    RenderText {#text} at (7,7) size 86x21
                      text run at (7,7) width 86: "Test Case #2"
                RenderTableCell {TD} at (104,39) size 424x35 [r=1 c=1 rs=1 cs=1]
                  RenderInline {FONT} at (0,0) size 295x21 [color=#0000FF]
                    RenderInline {B} at (0,0) size 295x21
                      RenderText {#text} at (7,7) size 295x21
                        text run at (7,7) width 295: "table with data cells spanning multiple rows"
              RenderTableRow {TR} at (0,76) size 530x35
                RenderTableCell {TD} at (2,76) size 100x35 [r=2 c=0 rs=1 cs=1]
                  RenderInline {A} at (0,0) size 86x21 [color=#0000EE]
                    RenderText {#text} at (7,7) size 86x21
                      text run at (7,7) width 86: "Test Case #3"
                RenderTableCell {TD} at (104,76) size 424x35 [r=2 c=1 rs=1 cs=1]
                  RenderInline {FONT} at (0,0) size 410x21 [color=#0000FF]
                    RenderInline {B} at (0,0) size 410x21
                      RenderText {#text} at (7,7) size 410x21
                        text run at (7,7) width 410: "table with nested header & data cells spanning multiple rows"
        RenderBlock {P} at (40,166) size 728x0
        RenderListItem {LI} at (40,166) size 728x21
          RenderListMarker at (-21,0) size 16x21: "2"
          RenderText {#text} at (0,0) size 304x21
            text run at (0,0) width 304: "Verify that the table is maintained when you "
          RenderInline {B} at (0,0) size 129x21
            RenderText {#text} at (304,0) size 129x21
              text run at (304,0) width 129: "minimize/maximize"
          RenderText {#text} at (433,0) size 76x21
            text run at (433,0) width 76: " the screen."
        RenderListItem {LI} at (40,187) size 728x21
          RenderListMarker at (-21,0) size 16x21: "3"
          RenderText {#text} at (0,0) size 304x21
            text run at (0,0) width 304: "Verify that the table is maintained when you "
          RenderInline {B} at (0,0) size 122x21
            RenderText {#text} at (304,0) size 122x21
              text run at (304,0) width 122: "re-size left & right"
          RenderText {#text} at (426,0) size 76x21
            text run at (426,0) width 76: " the screen."
        RenderListItem {LI} at (40,208) size 728x21
          RenderListMarker at (-21,0) size 16x21: "4"
          RenderText {#text} at (0,0) size 304x21
            text run at (0,0) width 304: "Verify that the table is maintained when you "
          RenderInline {B} at (0,0) size 138x21
            RenderText {#text} at (304,0) size 138x21
              text run at (304,0) width 138: "re-size top & bottom"
          RenderText {#text} at (442,0) size 76x21
            text run at (442,0) width 76: " the screen."
        RenderListItem {LI} at (40,229) size 728x21
          RenderListMarker at (-21,0) size 16x21: "5"
          RenderText {#text} at (0,0) size 438x21
            text run at (0,0) width 438: "Verify re-draw takes place correctly after maximizing the screen."
        RenderListItem {LI} at (40,250) size 728x21
          RenderListMarker at (-21,0) size 16x21: "6"
          RenderText {#text} at (0,0) size 140x21
            text run at (0,0) width 140: "Verify reload works."
      RenderBlock {HR} at (0,565) size 768x2 [border: (1px inset #000000)]
      RenderBlock {P} at (0,583) size 768x66
        RenderTable {TABLE} at (0,0) size 652x66 [bgcolor=#F08080] [border: (1px outset #808080)]
          RenderTableSection {TBODY} at (1,1) size 650x64
            RenderTableRow {TR} at (0,2) size 650x60
              RenderTableCell {TH} at (2,2) size 646x60 [border: (1px inset #808080)] [r=0 c=0 rs=1 cs=1]
                RenderInline {A} at (0,0) size 0x0
                RenderText {#text} at (11,11) size 95x21
                  text run at (11,11) width 95: "Test Case #1: "
                RenderInline {FONT} at (0,0) size 312x21 [color=#0000FF]
                  RenderText {#text} at (106,11) size 312x21
                    text run at (106,11) width 312: "table with header cells spanning multiple rows"
                RenderText {#text} at (418,11) size 4x21
                  text run at (418,11) width 4: " "
                RenderInline {FONT} at (0,0) size 585x35
                  RenderInline {I} at (0,0) size 585x35
                    RenderText {#text} at (422,14) size 585x35
                      text run at (422,14) width 174: "(using <TH ROWSPAN=integer"
                      text run at (11,32) width 62: "value> tag)"
                RenderText {#text} at (0,0) size 0x0
      RenderBlock {P} at (0,665) size 768x154
        RenderBlock (anonymous) at (0,0) size 768x21
          RenderBR {BR} at (0,0) size 0x21
        RenderTable {TABLE} at (0,21) size 691x133 [bgcolor=#FFD700] [border: (1px outset #808080)]
          RenderTableSection {TBODY} at (1,1) size 689x131
            RenderTableRow {TR} at (0,2) size 689x127
              RenderTableCell {TD} at (2,2) size 685x127 [border: (1px inset #808080)] [r=0 c=0 rs=1 cs=1]
                RenderInline {FONT} at (0,0) size 659x105 [color=#FF0000]
                  RenderInline {B} at (0,0) size 659x105
                    RenderText {#text} at (11,11) size 356x21
                      text run at (11,11) width 356: "In the following sample table you should see that the "
                    RenderInline {FONT} at (0,0) size 83x21 [color=#0000FF]
                      RenderText {#text} at (367,11) size 83x21
                        text run at (367,11) width 83: "ROWSPAN"
                    RenderText {#text} at (450,11) size 625x42
                      text run at (450,11) width 4: " "
                      text run at (454,11) width 182: "attribute applies an integer"
                      text run at (11,32) width 260: "value equal to the number of rows the "
                    RenderInline {FONT} at (0,0) size 70x21 [color=#0000FF]
                      RenderText {#text} at (271,32) size 70x21
                        text run at (271,32) width 70: "HEADER"
                    RenderText {#text} at (341,32) size 659x84
                      text run at (341,32) width 135: " cell is to span. This "
                      text run at (476,32) width 194: "tells the browser to make the"
                      text run at (11,53) width 637: "table header cell occupy the same vertical space as the integer number of cells specified in rows"
                      text run at (11,74) width 606: "above or below it. The browser flows the contents of the spanning cell to occupy the entire"
                      text run at (11,95) width 102: "spanned space."
      RenderBlock {P} at (0,835) size 768x42
        RenderBR {BR} at (0,0) size 0x21
        RenderBR {BR} at (0,21) size 0x21
      RenderBlock {UL} at (0,893) size 768x295
        RenderTable {TABLE} at (40,0) size 473x295 [border: (1px outset #808080)]
          RenderBlock {CAPTION} at (0,0) size 471x21
            RenderText {#text} at (89,0) size 44x21
              text run at (89,0) width 44: "Table "
            RenderInline {B} at (0,0) size 88x21
              RenderText {#text} at (132,0) size 88x21
                text run at (132,0) width 88: "Header Cells"
            RenderText {#text} at (219,0) size 163x21
              text run at (219,0) width 163: " spanning multiple rows"
          RenderTableSection {TBODY} at (1,22) size 471x272
            RenderTableRow {TR} at (0,2) size 471x25
              RenderTableCell {TH} at (2,5) size 99x46 [bgcolor=#FFE4C4] [border: (1px inset #808080)] [r=0 c=0 rs=2 cs=1]
                RenderText {#text} at (18,2) size 63x21
                  text run at (18,2) width 63: "Header 1"
                RenderBR {BR} at (80,18) size 1x0
                RenderText {#text} at (6,23) size 87x21
                  text run at (6,23) width 87: "span=2 rows"
              RenderTableCell {TD} at (103,2) size 38x25 [bgcolor=#EE82EE] [border: (1px inset #808080)] [r=0 c=1 rs=1 cs=1]
                RenderText {#text} at (2,2) size 31x21
                  text run at (2,2) width 31: "col 1"
              RenderTableCell {TD} at (143,2) size 39x25 [bgcolor=#EE82EE] [border: (1px inset #808080)] [r=0 c=2 rs=1 cs=1]
                RenderText {#text} at (2,2) size 31x21
                  text run at (2,2) width 31: "col 2"
              RenderTableCell {TD} at (184,2) size 39x25 [bgcolor=#EE82EE] [border: (1px inset #808080)] [r=0 c=3 rs=1 cs=1]
                RenderText {#text} at (2,2) size 31x21
                  text run at (2,2) width 31: "col 3"
              RenderTableCell {TD} at (225,2) size 39x25 [bgcolor=#EE82EE] [border: (1px inset #808080)] [r=0 c=4 rs=1 cs=1]
                RenderText {#text} at (2,2) size 31x21
                  text run at (2,2) width 31: "col 4"
              RenderTableCell {TD} at (266,2) size 39x25 [bgcolor=#EE82EE] [border: (1px inset #808080)] [r=0 c=5 rs=1 cs=1]
                RenderText {#text} at (2,2) size 31x21
                  text run at (2,2) width 31: "col 5"
              RenderTableCell {TD} at (307,2) size 39x25 [bgcolor=#EE82EE] [border: (1px inset #808080)] [r=0 c=6 rs=1 cs=1]
                RenderText {#text} at (2,2) size 31x21
                  text run at (2,2) width 31: "col 6"
              RenderTableCell {TD} at (348,2) size 39x25 [bgcolor=#EE82EE] [border: (1px inset #808080)] [r=0 c=7 rs=1 cs=1]
                RenderText {#text} at (2,2) size 31x21
                  text run at (2,2) width 31: "col 7"
              RenderTableCell {TD} at (389,2) size 39x25 [bgcolor=#EE82EE] [border: (1px inset #808080)] [r=0 c=8 rs=1 cs=1]
                RenderText {#text} at (2,2) size 31x21
                  text run at (2,2) width 31: "col 8"
              RenderTableCell {TD} at (430,2) size 39x25 [bgcolor=#EE82EE] [border: (1px inset #808080)] [r=0 c=9 rs=1 cs=1]
                RenderText {#text} at (2,2) size 31x21
                  text run at (2,2) width 31: "col 9"
            RenderTableRow {TR} at (0,29) size 471x25
              RenderTableCell {TD} at (103,29) size 38x25 [bgcolor=#EE82EE] [border: (1px inset #808080)] [r=1 c=1 rs=1 cs=1]
                RenderText {#text} at (2,2) size 31x21
                  text run at (2,2) width 31: "col 1"
              RenderTableCell {TD} at (143,29) size 39x25 [bgcolor=#EE82EE] [border: (1px inset #808080)] [r=1 c=2 rs=1 cs=1]
                RenderText {#text} at (2,2) size 31x21
                  text run at (2,2) width 31: "col 2"
              RenderTableCell {TD} at (184,29) size 39x25 [bgcolor=#EE82EE] [border: (1px inset #808080)] [r=1 c=3 rs=1 cs=1]
                RenderText {#text} at (2,2) size 31x21
                  text run at (2,2) width 31: "col 3"
              RenderTableCell {TD} at (225,29) size 39x25 [bgcolor=#EE82EE] [border: (1px inset #808080)] [r=1 c=4 rs=1 cs=1]
                RenderText {#text} at (2,2) size 31x21
                  text run at (2,2) width 31: "col 4"
              RenderTableCell {TD} at (266,29) size 39x25 [bgcolor=#EE82EE] [border: (1px inset #808080)] [r=1 c=5 rs=1 cs=1]
                RenderText {#text} at (2,2) size 31x21
                  text run at (2,2) width 31: "col 5"
              RenderTableCell {TD} at (307,29) size 39x25 [bgcolor=#EE82EE] [border: (1px inset #808080)] [r=1 c=6 rs=1 cs=1]
                RenderText {#text} at (2,2) size 31x21
                  text run at (2,2) width 31: "col 6"
              RenderTableCell {TD} at (348,29) size 39x25 [bgcolor=#EE82EE] [border: (1px inset #808080)] [r=1 c=7 rs=1 cs=1]
                RenderText {#text} at (2,2) size 31x21
                  text run at (2,2) width 31: "col 7"
              RenderTableCell {TD} at (389,29) size 39x25 [bgcolor=#EE82EE] [border: (1px inset #808080)] [r=1 c=8 rs=1 cs=1]
                RenderText {#text} at (2,2) size 31x21
                  text run at (2,2) width 31: "col 8"
              RenderTableCell {TD} at (430,29) size 39x25 [bgcolor=#EE82EE] [border: (1px inset #808080)] [r=1 c=9 rs=1 cs=1]
                RenderText {#text} at (2,2) size 31x21
                  text run at (2,2) width 31: "col 9"
            RenderTableRow {TR} at (0,56) size 471x25
              RenderTableCell {TH} at (2,99) size 99x46 [bgcolor=#FFE4C4] [border: (1px inset #808080)] [r=2 c=0 rs=5 cs=1]
                RenderText {#text} at (18,2) size 63x21
                  text run at (18,2) width 63: "Header 2"
                RenderBR {BR} at (80,18) size 1x0
                RenderText {#text} at (6,23) size 87x21
                  text run at (6,23) width 87: "span=5 rows"
              RenderTableCell {TD} at (103,56) size 38x25 [bgcolor=#90EE90] [border: (1px inset #808080)] [r=2 c=1 rs=1 cs=1]
                RenderText {#text} at (2,2) size 31x21
                  text run at (2,2) width 31: "col 1"
              RenderTableCell {TD} at (143,56) size 39x25 [bgcolor=#90EE90] [border: (1px inset #808080)] [r=2 c=2 rs=1 cs=1]
                RenderText {#text} at (2,2) size 31x21
                  text run at (2,2) width 31: "col 2"
              RenderTableCell {TD} at (184,56) size 39x25 [bgcolor=#90EE90] [border: (1px inset #808080)] [r=2 c=3 rs=1 cs=1]
                RenderText {#text} at (2,2) size 31x21
                  text run at (2,2) width 31: "col 3"
              RenderTableCell {TD} at (225,56) size 39x25 [bgcolor=#90EE90] [border: (1px inset #808080)] [r=2 c=4 rs=1 cs=1]
                RenderText {#text} at (2,2) size 31x21
                  text run at (2,2) width 31: "col 4"
              RenderTableCell {TD} at (266,56) size 39x25 [bgcolor=#90EE90] [border: (1px inset #808080)] [r=2 c=5 rs=1 cs=1]
                RenderText {#text} at (2,2) size 31x21
                  text run at (2,2) width 31: "col 5"
              RenderTableCell {TD} at (307,56) size 39x25 [bgcolor=#90EE90] [border: (1px inset #808080)] [r=2 c=6 rs=1 cs=1]
                RenderText {#text} at (2,2) size 31x21
                  text run at (2,2) width 31: "col 6"
              RenderTableCell {TD} at (348,56) size 39x25 [bgcolor=#90EE90] [border: (1px inset #808080)] [r=2 c=7 rs=1 cs=1]
                RenderText {#text} at (2,2) size 31x21
                  text run at (2,2) width 31: "col 7"
              RenderTableCell {TD} at (389,56) size 39x25 [bgcolor=#90EE90] [border: (1px inset #808080)] [r=2 c=8 rs=1 cs=1]
                RenderText {#text} at (2,2) size 31x21
                  text run at (2,2) width 31: "col 8"
              RenderTableCell {TD} at (430,56) size 39x25 [bgcolor=#90EE90] [border: (1px inset #808080)] [r=2 c=9 rs=1 cs=1]
                RenderText {#text} at (2,2) size 31x21
                  text run at (2,2) width 31: "col 9"
            RenderTableRow {TR} at (0,83) size 471x25
              RenderTableCell {TD} at (103,83) size 38x25 [bgcolor=#90EE90] [border: (1px inset #808080)] [r=3 c=1 rs=1 cs=1]
                RenderText {#text} at (2,2) size 31x21
                  text run at (2,2) width 31: "col 1"
              RenderTableCell {TD} at (143,83) size 39x25 [bgcolor=#90EE90] [border: (1px inset #808080)] [r=3 c=2 rs=1 cs=1]
                RenderText {#text} at (2,2) size 31x21
                  text run at (2,2) width 31: "col 2"
              RenderTableCell {TD} at (184,83) size 39x25 [bgcolor=#90EE90] [border: (1px inset #808080)] [r=3 c=3 rs=1 cs=1]
                RenderText {#text} at (2,2) size 31x21
                  text run at (2,2) width 31: "col 3"
              RenderTableCell {TD} at (225,83) size 39x25 [bgcolor=#90EE90] [border: (1px inset #808080)] [r=3 c=4 rs=1 cs=1]
                RenderText {#text} at (2,2) size 31x21
                  text run at (2,2) width 31: "col 4"
              RenderTableCell {TD} at (266,83) size 39x25 [bgcolor=#90EE90] [border: (1px inset #808080)] [r=3 c=5 rs=1 cs=1]
                RenderText {#text} at (2,2) size 31x21
                  text run at (2,2) width 31: "col 5"
              RenderTableCell {TD} at (307,83) size 39x25 [bgcolor=#90EE90] [border: (1px inset #808080)] [r=3 c=6 rs=1 cs=1]
                RenderText {#text} at (2,2) size 31x21
                  text run at (2,2) width 31: "col 6"
              RenderTableCell {TD} at (348,83) size 39x25 [bgcolor=#90EE90] [border: (1px inset #808080)] [r=3 c=7 rs=1 cs=1]
                RenderText {#text} at (2,2) size 31x21
                  text run at (2,2) width 31: "col 7"
              RenderTableCell {TD} at (389,83) size 39x25 [bgcolor=#90EE90] [border: (1px inset #808080)] [r=3 c=8 rs=1 cs=1]
                RenderText {#text} at (2,2) size 31x21
                  text run at (2,2) width 31: "col 8"
              RenderTableCell {TD} at (430,83) size 39x25 [bgcolor=#90EE90] [border: (1px inset #808080)] [r=3 c=9 rs=1 cs=1]
                RenderText {#text} at (2,2) size 31x21
                  text run at (2,2) width 31: "col 9"
            RenderTableRow {TR} at (0,110) size 471x25 [bgcolor=#FFE4C4]
              RenderTableCell {TD} at (103,110) size 38x25 [bgcolor=#90EE90] [border: (1px inset #808080)] [r=4 c=1 rs=1 cs=1]
                RenderText {#text} at (2,2) size 31x21
                  text run at (2,2) width 31: "col 1"
              RenderTableCell {TD} at (143,110) size 39x25 [bgcolor=#90EE90] [border: (1px inset #808080)] [r=4 c=2 rs=1 cs=1]
                RenderText {#text} at (2,2) size 31x21
                  text run at (2,2) width 31: "col 2"
              RenderTableCell {TD} at (184,110) size 39x25 [bgcolor=#90EE90] [border: (1px inset #808080)] [r=4 c=3 rs=1 cs=1]
                RenderText {#text} at (2,2) size 31x21
                  text run at (2,2) width 31: "col 3"
              RenderTableCell {TD} at (225,110) size 39x25 [bgcolor=#90EE90] [border: (1px inset #808080)] [r=4 c=4 rs=1 cs=1]
                RenderText {#text} at (2,2) size 31x21
                  text run at (2,2) width 31: "col 4"
              RenderTableCell {TD} at (266,110) size 39x25 [bgcolor=#90EE90] [border: (1px inset #808080)] [r=4 c=5 rs=1 cs=1]
                RenderText {#text} at (2,2) size 31x21
                  text run at (2,2) width 31: "col 5"
              RenderTableCell {TD} at (307,110) size 39x25 [bgcolor=#90EE90] [border: (1px inset #808080)] [r=4 c=6 rs=1 cs=1]
                RenderText {#text} at (2,2) size 31x21
                  text run at (2,2) width 31: "col 6"
              RenderTableCell {TD} at (348,110) size 39x25 [bgcolor=#90EE90] [border: (1px inset #808080)] [r=4 c=7 rs=1 cs=1]
                RenderText {#text} at (2,2) size 31x21
                  text run at (2,2) width 31: "col 7"
              RenderTableCell {TD} at (389,110) size 39x25 [bgcolor=#90EE90] [border: (1px inset #808080)] [r=4 c=8 rs=1 cs=1]
                RenderText {#text} at (2,2) size 31x21
                  text run at (2,2) width 31: "col 8"
              RenderTableCell {TD} at (430,110) size 39x25 [bgcolor=#90EE90] [border: (1px inset #808080)] [r=4 c=9 rs=1 cs=1]
                RenderText {#text} at (2,2) size 31x21
                  text run at (2,2) width 31: "col 9"
            RenderTableRow {TR} at (0,137) size 471x25
              RenderTableCell {TD} at (103,137) size 38x25 [bgcolor=#90EE90] [border: (1px inset #808080)] [r=5 c=1 rs=1 cs=1]
                RenderText {#text} at (2,2) size 31x21
                  text run at (2,2) width 31: "col 1"
              RenderTableCell {TD} at (143,137) size 39x25 [bgcolor=#90EE90] [border: (1px inset #808080)] [r=5 c=2 rs=1 cs=1]
                RenderText {#text} at (2,2) size 31x21
                  text run at (2,2) width 31: "col 2"
              RenderTableCell {TD} at (184,137) size 39x25 [bgcolor=#90EE90] [border: (1px inset #808080)] [r=5 c=3 rs=1 cs=1]
                RenderText {#text} at (2,2) size 31x21
                  text run at (2,2) width 31: "col 3"
              RenderTableCell {TD} at (225,137) size 39x25 [bgcolor=#90EE90] [border: (1px inset #808080)] [r=5 c=4 rs=1 cs=1]
                RenderText {#text} at (2,2) size 31x21
                  text run at (2,2) width 31: "col 4"
              RenderTableCell {TD} at (266,137) size 39x25 [bgcolor=#90EE90] [border: (1px inset #808080)] [r=5 c=5 rs=1 cs=1]
                RenderText {#text} at (2,2) size 31x21
                  text run at (2,2) width 31: "col 5"
              RenderTableCell {TD} at (307,137) size 39x25 [bgcolor=#90EE90] [border: (1px inset #808080)] [r=5 c=6 rs=1 cs=1]
                RenderText {#text} at (2,2) size 31x21
                  text run at (2,2) width 31: "col 6"
              RenderTableCell {TD} at (348,137) size 39x25 [bgcolor=#90EE90] [border: (1px inset #808080)] [r=5 c=7 rs=1 cs=1]
                RenderText {#text} at (2,2) size 31x21
                  text run at (2,2) width 31: "col 7"
              RenderTableCell {TD} at (389,137) size 39x25 [bgcolor=#90EE90] [border: (1px inset #808080)] [r=5 c=8 rs=1 cs=1]
                RenderText {#text} at (2,2) size 31x21
                  text run at (2,2) width 31: "col 8"
              RenderTableCell {TD} at (430,137) size 39x25 [bgcolor=#90EE90] [border: (1px inset #808080)] [r=5 c=9 rs=1 cs=1]
                RenderText {#text} at (2,2) size 31x21
                  text run at (2,2) width 31: "col 9"
            RenderTableRow {TR} at (0,164) size 471x25
              RenderTableCell {TD} at (103,164) size 38x25 [bgcolor=#90EE90] [border: (1px inset #808080)] [r=6 c=1 rs=1 cs=1]
                RenderText {#text} at (2,2) size 31x21
                  text run at (2,2) width 31: "col 1"
              RenderTableCell {TD} at (143,164) size 39x25 [bgcolor=#90EE90] [border: (1px inset #808080)] [r=6 c=2 rs=1 cs=1]
                RenderText {#text} at (2,2) size 31x21
                  text run at (2,2) width 31: "col 2"
              RenderTableCell {TD} at (184,164) size 39x25 [bgcolor=#90EE90] [border: (1px inset #808080)] [r=6 c=3 rs=1 cs=1]
                RenderText {#text} at (2,2) size 31x21
                  text run at (2,2) width 31: "col 3"
              RenderTableCell {TD} at (225,164) size 39x25 [bgcolor=#90EE90] [border: (1px inset #808080)] [r=6 c=4 rs=1 cs=1]
                RenderText {#text} at (2,2) size 31x21
                  text run at (2,2) width 31: "col 4"
              RenderTableCell {TD} at (266,164) size 39x25 [bgcolor=#90EE90] [border: (1px inset #808080)] [r=6 c=5 rs=1 cs=1]
                RenderText {#text} at (2,2) size 31x21
                  text run at (2,2) width 31: "col 5"
              RenderTableCell {TD} at (307,164) size 39x25 [bgcolor=#90EE90] [border: (1px inset #808080)] [r=6 c=6 rs=1 cs=1]
                RenderText {#text} at (2,2) size 31x21
                  text run at (2,2) width 31: "col 6"
              RenderTableCell {TD} at (348,164) size 39x25 [bgcolor=#90EE90] [border: (1px inset #808080)] [r=6 c=7 rs=1 cs=1]
                RenderText {#text} at (2,2) size 31x21
                  text run at (2,2) width 31: "col 7"
              RenderTableCell {TD} at (389,164) size 39x25 [bgcolor=#90EE90] [border: (1px inset #808080)] [r=6 c=8 rs=1 cs=1]
                RenderText {#text} at (2,2) size 31x21
                  text run at (2,2) width 31: "col 8"
              RenderTableCell {TD} at (430,164) size 39x25 [bgcolor=#90EE90] [border: (1px inset #808080)] [r=6 c=9 rs=1 cs=1]
                RenderText {#text} at (2,2) size 31x21
                  text run at (2,2) width 31: "col 9"
            RenderTableRow {TR} at (0,191) size 471x25
              RenderTableCell {TH} at (2,207) size 99x46 [bgcolor=#FFE4C4] [border: (1px inset #808080)] [r=7 c=0 rs=3 cs=1]
                RenderText {#text} at (18,2) size 63x21
                  text run at (18,2) width 63: "Header 3"
                RenderBR {BR} at (80,18) size 1x0
                RenderText {#text} at (6,23) size 87x21
                  text run at (6,23) width 87: "span=3 rows"
              RenderTableCell {TD} at (103,191) size 38x25 [bgcolor=#ADD8E6] [border: (1px inset #808080)] [r=7 c=1 rs=1 cs=1]
                RenderText {#text} at (2,2) size 31x21
                  text run at (2,2) width 31: "col 1"
              RenderTableCell {TD} at (143,191) size 39x25 [bgcolor=#ADD8E6] [border: (1px inset #808080)] [r=7 c=2 rs=1 cs=1]
                RenderText {#text} at (2,2) size 31x21
                  text run at (2,2) width 31: "col 2"
              RenderTableCell {TD} at (184,191) size 39x25 [bgcolor=#ADD8E6] [border: (1px inset #808080)] [r=7 c=3 rs=1 cs=1]
                RenderText {#text} at (2,2) size 31x21
                  text run at (2,2) width 31: "col 3"
              RenderTableCell {TD} at (225,191) size 39x25 [bgcolor=#ADD8E6] [border: (1px inset #808080)] [r=7 c=4 rs=1 cs=1]
                RenderText {#text} at (2,2) size 31x21
                  text run at (2,2) width 31: "col 4"
              RenderTableCell {TD} at (266,191) size 39x25 [bgcolor=#ADD8E6] [border: (1px inset #808080)] [r=7 c=5 rs=1 cs=1]
                RenderText {#text} at (2,2) size 31x21
                  text run at (2,2) width 31: "col 5"
              RenderTableCell {TD} at (307,191) size 39x25 [bgcolor=#ADD8E6] [border: (1px inset #808080)] [r=7 c=6 rs=1 cs=1]
                RenderText {#text} at (2,2) size 31x21
                  text run at (2,2) width 31: "col 6"
              RenderTableCell {TD} at (348,191) size 39x25 [bgcolor=#ADD8E6] [border: (1px inset #808080)] [r=7 c=7 rs=1 cs=1]
                RenderText {#text} at (2,2) size 31x21
                  text run at (2,2) width 31: "col 7"
              RenderTableCell {TD} at (389,191) size 39x25 [bgcolor=#ADD8E6] [border: (1px inset #808080)] [r=7 c=8 rs=1 cs=1]
                RenderText {#text} at (2,2) size 31x21
                  text run at (2,2) width 31: "col 8"
              RenderTableCell {TD} at (430,191) size 39x25 [bgcolor=#ADD8E6] [border: (1px inset #808080)] [r=7 c=9 rs=1 cs=1]
                RenderText {#text} at (2,2) size 31x21
                  text run at (2,2) width 31: "col 9"
            RenderTableRow {TR} at (0,218) size 471x25
              RenderTableCell {TD} at (103,218) size 38x25 [bgcolor=#ADD8E6] [border: (1px inset #808080)] [r=8 c=1 rs=1 cs=1]
                RenderText {#text} at (2,2) size 31x21
                  text run at (2,2) width 31: "col 1"
              RenderTableCell {TD} at (143,218) size 39x25 [bgcolor=#ADD8E6] [border: (1px inset #808080)] [r=8 c=2 rs=1 cs=1]
                RenderText {#text} at (2,2) size 31x21
                  text run at (2,2) width 31: "col 2"
              RenderTableCell {TD} at (184,218) size 39x25 [bgcolor=#ADD8E6] [border: (1px inset #808080)] [r=8 c=3 rs=1 cs=1]
                RenderText {#text} at (2,2) size 31x21
                  text run at (2,2) width 31: "col 3"
              RenderTableCell {TD} at (225,218) size 39x25 [bgcolor=#ADD8E6] [border: (1px inset #808080)] [r=8 c=4 rs=1 cs=1]
                RenderText {#text} at (2,2) size 31x21
                  text run at (2,2) width 31: "col 4"
              RenderTableCell {TD} at (266,218) size 39x25 [bgcolor=#ADD8E6] [border: (1px inset #808080)] [r=8 c=5 rs=1 cs=1]
                RenderText {#text} at (2,2) size 31x21
                  text run at (2,2) width 31: "col 5"
              RenderTableCell {TD} at (307,218) size 39x25 [bgcolor=#ADD8E6] [border: (1px inset #808080)] [r=8 c=6 rs=1 cs=1]
                RenderText {#text} at (2,2) size 31x21
                  text run at (2,2) width 31: "col 6"
              RenderTableCell {TD} at (348,218) size 39x25 [bgcolor=#ADD8E6] [border: (1px inset #808080)] [r=8 c=7 rs=1 cs=1]
                RenderText {#text} at (2,2) size 31x21
                  text run at (2,2) width 31: "col 7"
              RenderTableCell {TD} at (389,218) size 39x25 [bgcolor=#ADD8E6] [border: (1px inset #808080)] [r=8 c=8 rs=1 cs=1]
                RenderText {#text} at (2,2) size 31x21
                  text run at (2,2) width 31: "col 8"
              RenderTableCell {TD} at (430,218) size 39x25 [bgcolor=#ADD8E6] [border: (1px inset #808080)] [r=8 c=9 rs=1 cs=1]
                RenderText {#text} at (2,2) size 31x21
                  text run at (2,2) width 31: "col 9"
            RenderTableRow {TR} at (0,245) size 471x25
              RenderTableCell {TD} at (103,245) size 38x25 [bgcolor=#ADD8E6] [border: (1px inset #808080)] [r=9 c=1 rs=1 cs=1]
                RenderText {#text} at (2,2) size 31x21
                  text run at (2,2) width 31: "col 1"
              RenderTableCell {TD} at (143,245) size 39x25 [bgcolor=#ADD8E6] [border: (1px inset #808080)] [r=9 c=2 rs=1 cs=1]
                RenderText {#text} at (2,2) size 31x21
                  text run at (2,2) width 31: "col 2"
              RenderTableCell {TD} at (184,245) size 39x25 [bgcolor=#ADD8E6] [border: (1px inset #808080)] [r=9 c=3 rs=1 cs=1]
                RenderText {#text} at (2,2) size 31x21
                  text run at (2,2) width 31: "col 3"
              RenderTableCell {TD} at (225,245) size 39x25 [bgcolor=#ADD8E6] [border: (1px inset #808080)] [r=9 c=4 rs=1 cs=1]
                RenderText {#text} at (2,2) size 31x21
                  text run at (2,2) width 31: "col 4"
              RenderTableCell {TD} at (266,245) size 39x25 [bgcolor=#ADD8E6] [border: (1px inset #808080)] [r=9 c=5 rs=1 cs=1]
                RenderText {#text} at (2,2) size 31x21
                  text run at (2,2) width 31: "col 5"
              RenderTableCell {TD} at (307,245) size 39x25 [bgcolor=#ADD8E6] [border: (1px inset #808080)] [r=9 c=6 rs=1 cs=1]
                RenderText {#text} at (2,2) size 31x21
                  text run at (2,2) width 31: "col 6"
              RenderTableCell {TD} at (348,245) size 39x25 [bgcolor=#ADD8E6] [border: (1px inset #808080)] [r=9 c=7 rs=1 cs=1]
                RenderText {#text} at (2,2) size 31x21
                  text run at (2,2) width 31: "col 7"
              RenderTableCell {TD} at (389,245) size 39x25 [bgcolor=#ADD8E6] [border: (1px inset #808080)] [r=9 c=8 rs=1 cs=1]
                RenderText {#text} at (2,2) size 31x21
                  text run at (2,2) width 31: "col 8"
              RenderTableCell {TD} at (430,245) size 39x25 [bgcolor=#ADD8E6] [border: (1px inset #808080)] [r=9 c=9 rs=1 cs=1]
                RenderText {#text} at (2,2) size 31x21
                  text run at (2,2) width 31: "col 9"
      RenderBlock {P} at (0,1204) size 768x0
      RenderBlock {HR} at (0,1204) size 768x2 [border: (1px inset #000000)]
      RenderBlock {P} at (0,1222) size 768x66
        RenderTable {TABLE} at (0,0) size 652x66 [bgcolor=#F08080] [border: (1px outset #808080)]
          RenderTableSection {TBODY} at (1,1) size 650x64
            RenderTableRow {TR} at (0,2) size 650x60
              RenderTableCell {TH} at (2,2) size 646x60 [border: (1px inset #808080)] [r=0 c=0 rs=1 cs=1]
                RenderInline {A} at (0,0) size 0x0
                RenderText {#text} at (11,11) size 95x21
                  text run at (11,11) width 95: "Test Case #2: "
                RenderInline {FONT} at (0,0) size 295x21 [color=#0000FF]
                  RenderText {#text} at (106,11) size 295x21
                    text run at (106,11) width 295: "table with data cells spanning multiple rows"
                RenderText {#text} at (401,11) size 4x21
                  text run at (401,11) width 4: " "
                RenderInline {FONT} at (0,0) size 607x35
                  RenderInline {I} at (0,0) size 607x35
                    RenderText {#text} at (405,14) size 607x35
                      text run at (405,14) width 213: "(using <TD ROWSPAN=integer value>"
                      text run at (11,32) width 22: "tag)"
                RenderText {#text} at (0,0) size 0x0
      RenderBlock {P} at (0,1304) size 768x154
        RenderBlock (anonymous) at (0,0) size 768x21
          RenderBR {BR} at (0,0) size 0x21
        RenderTable {TABLE} at (0,21) size 691x133 [bgcolor=#FFD700] [border: (1px outset #808080)]
          RenderTableSection {TBODY} at (1,1) size 689x131
            RenderTableRow {TR} at (0,2) size 689x127
              RenderTableCell {TD} at (2,2) size 685x127 [border: (1px inset #808080)] [r=0 c=0 rs=1 cs=1]
                RenderInline {FONT} at (0,0) size 636x105 [color=#FF0000]
                  RenderInline {B} at (0,0) size 636x105
                    RenderText {#text} at (11,11) size 356x21
                      text run at (11,11) width 356: "In the following sample table you should see that the "
                    RenderInline {FONT} at (0,0) size 83x21 [color=#0000FF]
                      RenderText {#text} at (367,11) size 83x21
                        text run at (367,11) width 83: "ROWSPAN"
                    RenderText {#text} at (450,11) size 625x42
                      text run at (450,11) width 4: " "
                      text run at (454,11) width 182: "attribute applies an integer"
                      text run at (11,32) width 260: "value equal to the number of rows the "
                    RenderInline {FONT} at (0,0) size 47x21 [color=#0000FF]
                      RenderText {#text} at (271,32) size 47x21
                        text run at (271,32) width 47: "DATA"
                    RenderText {#text} at (318,32) size 636x84
                      text run at (318,32) width 135: " cell is to span. This "
                      text run at (453,32) width 194: "tells the browser to make the"
                      text run at (11,53) width 620: "table data cell occupy the same vertical space as the integer number of cells specified in rows"
                      text run at (11,74) width 606: "above or below it. The browser flows the contents of the spanning cell to occupy the entire"
                      text run at (11,95) width 102: "spanned space."
      RenderBlock {P} at (0,1474) size 768x42
        RenderBR {BR} at (0,0) size 0x21
        RenderBR {BR} at (0,21) size 0x21
      RenderBlock {UL} at (0,1532) size 768x295
        RenderTable {TABLE} at (40,0) size 473x295 [border: (1px outset #808080)]
          RenderBlock {CAPTION} at (0,0) size 471x21
            RenderText {#text} at (98,0) size 43x21
              text run at (98,0) width 43: "Table "
            RenderInline {B} at (0,0) size 70x21
              RenderText {#text} at (141,0) size 70x21
                text run at (141,0) width 70: "Data Cells"
            RenderText {#text} at (211,0) size 162x21
              text run at (211,0) width 162: " spanning multiple rows"
          RenderTableSection {TBODY} at (1,22) size 471x272
            RenderTableRow {TR} at (0,2) size 471x25
              RenderTableCell {TH} at (2,2) size 40x25 [bgcolor=#EE82EE] [border: (1px inset #808080)] [r=0 c=0 rs=1 cs=1]
                RenderText {#text} at (2,2) size 36x21
                  text run at (2,2) width 36: "Head"
              RenderTableCell {TD} at (44,5) size 90x46 [bgcolor=#FFFACD] [border: (1px inset #808080)] [r=0 c=1 rs=2 cs=1]
                RenderText {#text} at (2,2) size 45x21
                  text run at (2,2) width 45: "Data 1"
                RenderBR {BR} at (47,18) size 0x0
                RenderText {#text} at (2,23) size 86x21
                  text run at (2,23) width 86: "span=2 rows"
              RenderTableCell {TD} at (136,2) size 35x25 [bgcolor=#EE82EE] [border: (1px inset #808080)] [r=0 c=2 rs=1 cs=1]
                RenderText {#text} at (2,2) size 31x21
                  text run at (2,2) width 31: "col 1"
              RenderTableCell {TD} at (173,2) size 35x25 [bgcolor=#EE82EE] [border: (1px inset #808080)] [r=0 c=3 rs=1 cs=1]
                RenderText {#text} at (2,2) size 31x21
                  text run at (2,2) width 31: "col 2"
              RenderTableCell {TD} at (210,2) size 35x25 [bgcolor=#EE82EE] [border: (1px inset #808080)] [r=0 c=4 rs=1 cs=1]
                RenderText {#text} at (2,2) size 31x21
                  text run at (2,2) width 31: "col 3"
              RenderTableCell {TD} at (247,2) size 35x25 [bgcolor=#EE82EE] [border: (1px inset #808080)] [r=0 c=5 rs=1 cs=1]
                RenderText {#text} at (2,2) size 31x21
                  text run at (2,2) width 31: "col 4"
              RenderTableCell {TD} at (284,2) size 35x25 [bgcolor=#EE82EE] [border: (1px inset #808080)] [r=0 c=6 rs=1 cs=1]
                RenderText {#text} at (2,2) size 31x21
                  text run at (2,2) width 31: "col 5"
              RenderTableCell {TD} at (321,2) size 35x25 [bgcolor=#EE82EE] [border: (1px inset #808080)] [r=0 c=7 rs=1 cs=1]
                RenderText {#text} at (2,2) size 31x21
                  text run at (2,2) width 31: "col 6"
              RenderTableCell {TD} at (358,2) size 35x25 [bgcolor=#EE82EE] [border: (1px inset #808080)] [r=0 c=8 rs=1 cs=1]
                RenderText {#text} at (2,2) size 31x21
                  text run at (2,2) width 31: "col 7"
              RenderTableCell {TD} at (395,2) size 36x25 [bgcolor=#EE82EE] [border: (1px inset #808080)] [r=0 c=9 rs=1 cs=1]
                RenderText {#text} at (2,2) size 31x21
                  text run at (2,2) width 31: "col 8"
              RenderTableCell {TD} at (433,2) size 36x25 [bgcolor=#EE82EE] [border: (1px inset #808080)] [r=0 c=10 rs=1 cs=1]
                RenderText {#text} at (2,2) size 31x21
                  text run at (2,2) width 31: "col 9"
            RenderTableRow {TR} at (0,29) size 471x25
              RenderTableCell {TH} at (2,29) size 40x25 [bgcolor=#EE82EE] [border: (1px inset #808080)] [r=1 c=0 rs=1 cs=1]
                RenderText {#text} at (2,2) size 36x21
                  text run at (2,2) width 36: "Head"
              RenderTableCell {TD} at (136,29) size 35x25 [bgcolor=#EE82EE] [border: (1px inset #808080)] [r=1 c=2 rs=1 cs=1]
                RenderText {#text} at (2,2) size 31x21
                  text run at (2,2) width 31: "col 1"
              RenderTableCell {TD} at (173,29) size 35x25 [bgcolor=#EE82EE] [border: (1px inset #808080)] [r=1 c=3 rs=1 cs=1]
                RenderText {#text} at (2,2) size 31x21
                  text run at (2,2) width 31: "col 2"
              RenderTableCell {TD} at (210,29) size 35x25 [bgcolor=#EE82EE] [border: (1px inset #808080)] [r=1 c=4 rs=1 cs=1]
                RenderText {#text} at (2,2) size 31x21
                  text run at (2,2) width 31: "col 3"
              RenderTableCell {TD} at (247,29) size 35x25 [bgcolor=#EE82EE] [border: (1px inset #808080)] [r=1 c=5 rs=1 cs=1]
                RenderText {#text} at (2,2) size 31x21
                  text run at (2,2) width 31: "col 4"
              RenderTableCell {TD} at (284,29) size 35x25 [bgcolor=#EE82EE] [border: (1px inset #808080)] [r=1 c=6 rs=1 cs=1]
                RenderText {#text} at (2,2) size 31x21
                  text run at (2,2) width 31: "col 5"
              RenderTableCell {TD} at (321,29) size 35x25 [bgcolor=#EE82EE] [border: (1px inset #808080)] [r=1 c=7 rs=1 cs=1]
                RenderText {#text} at (2,2) size 31x21
                  text run at (2,2) width 31: "col 6"
              RenderTableCell {TD} at (358,29) size 35x25 [bgcolor=#EE82EE] [border: (1px inset #808080)] [r=1 c=8 rs=1 cs=1]
                RenderText {#text} at (2,2) size 31x21
                  text run at (2,2) width 31: "col 7"
              RenderTableCell {TD} at (395,29) size 36x25 [bgcolor=#EE82EE] [border: (1px inset #808080)] [r=1 c=9 rs=1 cs=1]
                RenderText {#text} at (2,2) size 31x21
                  text run at (2,2) width 31: "col 8"
              RenderTableCell {TD} at (433,29) size 36x25 [bgcolor=#EE82EE] [border: (1px inset #808080)] [r=1 c=10 rs=1 cs=1]
                RenderText {#text} at (2,2) size 31x21
                  text run at (2,2) width 31: "col 9"
            RenderTableRow {TR} at (0,56) size 471x25
              RenderTableCell {TH} at (2,56) size 40x25 [bgcolor=#90EE90] [border: (1px inset #808080)] [r=2 c=0 rs=1 cs=1]
                RenderText {#text} at (2,2) size 36x21
                  text run at (2,2) width 36: "Head"
              RenderTableCell {TD} at (44,99) size 90x46 [bgcolor=#FFFACD] [border: (1px inset #808080)] [r=2 c=1 rs=5 cs=1]
                RenderText {#text} at (2,2) size 45x21
                  text run at (2,2) width 45: "Data 2"
                RenderBR {BR} at (47,18) size 0x0
                RenderText {#text} at (2,23) size 86x21
                  text run at (2,23) width 86: "span=5 rows"
              RenderTableCell {TD} at (136,56) size 35x25 [bgcolor=#90EE90] [border: (1px inset #808080)] [r=2 c=2 rs=1 cs=1]
                RenderText {#text} at (2,2) size 31x21
                  text run at (2,2) width 31: "col 1"
              RenderTableCell {TD} at (173,56) size 35x25 [bgcolor=#90EE90] [border: (1px inset #808080)] [r=2 c=3 rs=1 cs=1]
                RenderText {#text} at (2,2) size 31x21
                  text run at (2,2) width 31: "col 2"
              RenderTableCell {TD} at (210,56) size 35x25 [bgcolor=#90EE90] [border: (1px inset #808080)] [r=2 c=4 rs=1 cs=1]
                RenderText {#text} at (2,2) size 31x21
                  text run at (2,2) width 31: "col 3"
              RenderTableCell {TD} at (247,56) size 35x25 [bgcolor=#90EE90] [border: (1px inset #808080)] [r=2 c=5 rs=1 cs=1]
                RenderText {#text} at (2,2) size 31x21
                  text run at (2,2) width 31: "col 4"
              RenderTableCell {TD} at (284,56) size 35x25 [bgcolor=#90EE90] [border: (1px inset #808080)] [r=2 c=6 rs=1 cs=1]
                RenderText {#text} at (2,2) size 31x21
                  text run at (2,2) width 31: "col 5"
              RenderTableCell {TD} at (321,56) size 35x25 [bgcolor=#90EE90] [border: (1px inset #808080)] [r=2 c=7 rs=1 cs=1]
                RenderText {#text} at (2,2) size 31x21
                  text run at (2,2) width 31: "col 6"
              RenderTableCell {TD} at (358,56) size 35x25 [bgcolor=#90EE90] [border: (1px inset #808080)] [r=2 c=8 rs=1 cs=1]
                RenderText {#text} at (2,2) size 31x21
                  text run at (2,2) width 31: "col 7"
              RenderTableCell {TD} at (395,56) size 36x25 [bgcolor=#90EE90] [border: (1px inset #808080)] [r=2 c=9 rs=1 cs=1]
                RenderText {#text} at (2,2) size 31x21
                  text run at (2,2) width 31: "col 8"
              RenderTableCell {TD} at (433,56) size 36x25 [bgcolor=#90EE90] [border: (1px inset #808080)] [r=2 c=10 rs=1 cs=1]
                RenderText {#text} at (2,2) size 31x21
                  text run at (2,2) width 31: "col 9"
            RenderTableRow {TR} at (0,83) size 471x25
              RenderTableCell {TH} at (2,83) size 40x25 [bgcolor=#90EE90] [border: (1px inset #808080)] [r=3 c=0 rs=1 cs=1]
                RenderText {#text} at (2,2) size 36x21
                  text run at (2,2) width 36: "Head"
              RenderTableCell {TD} at (136,83) size 35x25 [bgcolor=#90EE90] [border: (1px inset #808080)] [r=3 c=2 rs=1 cs=1]
                RenderText {#text} at (2,2) size 31x21
                  text run at (2,2) width 31: "col 1"
              RenderTableCell {TD} at (173,83) size 35x25 [bgcolor=#90EE90] [border: (1px inset #808080)] [r=3 c=3 rs=1 cs=1]
                RenderText {#text} at (2,2) size 31x21
                  text run at (2,2) width 31: "col 2"
              RenderTableCell {TD} at (210,83) size 35x25 [bgcolor=#90EE90] [border: (1px inset #808080)] [r=3 c=4 rs=1 cs=1]
                RenderText {#text} at (2,2) size 31x21
                  text run at (2,2) width 31: "col 3"
              RenderTableCell {TD} at (247,83) size 35x25 [bgcolor=#90EE90] [border: (1px inset #808080)] [r=3 c=5 rs=1 cs=1]
                RenderText {#text} at (2,2) size 31x21
                  text run at (2,2) width 31: "col 4"
              RenderTableCell {TD} at (284,83) size 35x25 [bgcolor=#90EE90] [border: (1px inset #808080)] [r=3 c=6 rs=1 cs=1]
                RenderText {#text} at (2,2) size 31x21
                  text run at (2,2) width 31: "col 5"
              RenderTableCell {TD} at (321,83) size 35x25 [bgcolor=#90EE90] [border: (1px inset #808080)] [r=3 c=7 rs=1 cs=1]
                RenderText {#text} at (2,2) size 31x21
                  text run at (2,2) width 31: "col 6"
              RenderTableCell {TD} at (358,83) size 35x25 [bgcolor=#90EE90] [border: (1px inset #808080)] [r=3 c=8 rs=1 cs=1]
                RenderText {#text} at (2,2) size 31x21
                  text run at (2,2) width 31: "col 7"
              RenderTableCell {TD} at (395,83) size 36x25 [bgcolor=#90EE90] [border: (1px inset #808080)] [r=3 c=9 rs=1 cs=1]
                RenderText {#text} at (2,2) size 31x21
                  text run at (2,2) width 31: "col 8"
              RenderTableCell {TD} at (433,83) size 36x25 [bgcolor=#90EE90] [border: (1px inset #808080)] [r=3 c=10 rs=1 cs=1]
                RenderText {#text} at (2,2) size 31x21
                  text run at (2,2) width 31: "col 9"
            RenderTableRow {TR} at (0,110) size 471x25
              RenderTableCell {TH} at (2,110) size 40x25 [bgcolor=#90EE90] [border: (1px inset #808080)] [r=4 c=0 rs=1 cs=1]
                RenderText {#text} at (2,2) size 36x21
                  text run at (2,2) width 36: "Head"
              RenderTableCell {TD} at (136,110) size 35x25 [bgcolor=#90EE90] [border: (1px inset #808080)] [r=4 c=2 rs=1 cs=1]
                RenderText {#text} at (2,2) size 31x21
                  text run at (2,2) width 31: "col 1"
              RenderTableCell {TD} at (173,110) size 35x25 [bgcolor=#90EE90] [border: (1px inset #808080)] [r=4 c=3 rs=1 cs=1]
                RenderText {#text} at (2,2) size 31x21
                  text run at (2,2) width 31: "col 2"
              RenderTableCell {TD} at (210,110) size 35x25 [bgcolor=#90EE90] [border: (1px inset #808080)] [r=4 c=4 rs=1 cs=1]
                RenderText {#text} at (2,2) size 31x21
                  text run at (2,2) width 31: "col 3"
              RenderTableCell {TD} at (247,110) size 35x25 [bgcolor=#90EE90] [border: (1px inset #808080)] [r=4 c=5 rs=1 cs=1]
                RenderText {#text} at (2,2) size 31x21
                  text run at (2,2) width 31: "col 4"
              RenderTableCell {TD} at (284,110) size 35x25 [bgcolor=#90EE90] [border: (1px inset #808080)] [r=4 c=6 rs=1 cs=1]
                RenderText {#text} at (2,2) size 31x21
                  text run at (2,2) width 31: "col 5"
              RenderTableCell {TD} at (321,110) size 35x25 [bgcolor=#90EE90] [border: (1px inset #808080)] [r=4 c=7 rs=1 cs=1]
                RenderText {#text} at (2,2) size 31x21
                  text run at (2,2) width 31: "col 6"
              RenderTableCell {TD} at (358,110) size 35x25 [bgcolor=#90EE90] [border: (1px inset #808080)] [r=4 c=8 rs=1 cs=1]
                RenderText {#text} at (2,2) size 31x21
                  text run at (2,2) width 31: "col 7"
              RenderTableCell {TD} at (395,110) size 36x25 [bgcolor=#90EE90] [border: (1px inset #808080)] [r=4 c=9 rs=1 cs=1]
                RenderText {#text} at (2,2) size 31x21
                  text run at (2,2) width 31: "col 8"
              RenderTableCell {TD} at (433,110) size 36x25 [bgcolor=#90EE90] [border: (1px inset #808080)] [r=4 c=10 rs=1 cs=1]
                RenderText {#text} at (2,2) size 31x21
                  text run at (2,2) width 31: "col 9"
            RenderTableRow {TR} at (0,137) size 471x25
              RenderTableCell {TH} at (2,137) size 40x25 [bgcolor=#90EE90] [border: (1px inset #808080)] [r=5 c=0 rs=1 cs=1]
                RenderText {#text} at (2,2) size 36x21
                  text run at (2,2) width 36: "Head"
              RenderTableCell {TD} at (136,137) size 35x25 [bgcolor=#90EE90] [border: (1px inset #808080)] [r=5 c=2 rs=1 cs=1]
                RenderText {#text} at (2,2) size 31x21
                  text run at (2,2) width 31: "col 1"
              RenderTableCell {TD} at (173,137) size 35x25 [bgcolor=#90EE90] [border: (1px inset #808080)] [r=5 c=3 rs=1 cs=1]
                RenderText {#text} at (2,2) size 31x21
                  text run at (2,2) width 31: "col 2"
              RenderTableCell {TD} at (210,137) size 35x25 [bgcolor=#90EE90] [border: (1px inset #808080)] [r=5 c=4 rs=1 cs=1]
                RenderText {#text} at (2,2) size 31x21
                  text run at (2,2) width 31: "col 3"
              RenderTableCell {TD} at (247,137) size 35x25 [bgcolor=#90EE90] [border: (1px inset #808080)] [r=5 c=5 rs=1 cs=1]
                RenderText {#text} at (2,2) size 31x21
                  text run at (2,2) width 31: "col 4"
              RenderTableCell {TD} at (284,137) size 35x25 [bgcolor=#90EE90] [border: (1px inset #808080)] [r=5 c=6 rs=1 cs=1]
                RenderText {#text} at (2,2) size 31x21
                  text run at (2,2) width 31: "col 5"
              RenderTableCell {TD} at (321,137) size 35x25 [bgcolor=#90EE90] [border: (1px inset #808080)] [r=5 c=7 rs=1 cs=1]
                RenderText {#text} at (2,2) size 31x21
                  text run at (2,2) width 31: "col 6"
              RenderTableCell {TD} at (358,137) size 35x25 [bgcolor=#90EE90] [border: (1px inset #808080)] [r=5 c=8 rs=1 cs=1]
                RenderText {#text} at (2,2) size 31x21
                  text run at (2,2) width 31: "col 7"
              RenderTableCell {TD} at (395,137) size 36x25 [bgcolor=#90EE90] [border: (1px inset #808080)] [r=5 c=9 rs=1 cs=1]
                RenderText {#text} at (2,2) size 31x21
                  text run at (2,2) width 31: "col 8"
              RenderTableCell {TD} at (433,137) size 36x25 [bgcolor=#90EE90] [border: (1px inset #808080)] [r=5 c=10 rs=1 cs=1]
                RenderText {#text} at (2,2) size 31x21
                  text run at (2,2) width 31: "col 9"
            RenderTableRow {TR} at (0,164) size 471x25
              RenderTableCell {TH} at (2,164) size 40x25 [bgcolor=#90EE90] [border: (1px inset #808080)] [r=6 c=0 rs=1 cs=1]
                RenderText {#text} at (2,2) size 36x21
                  text run at (2,2) width 36: "Head"
              RenderTableCell {TD} at (136,164) size 35x25 [bgcolor=#90EE90] [border: (1px inset #808080)] [r=6 c=2 rs=1 cs=1]
                RenderText {#text} at (2,2) size 31x21
                  text run at (2,2) width 31: "col 1"
              RenderTableCell {TD} at (173,164) size 35x25 [bgcolor=#90EE90] [border: (1px inset #808080)] [r=6 c=3 rs=1 cs=1]
                RenderText {#text} at (2,2) size 31x21
                  text run at (2,2) width 31: "col 2"
              RenderTableCell {TD} at (210,164) size 35x25 [bgcolor=#90EE90] [border: (1px inset #808080)] [r=6 c=4 rs=1 cs=1]
                RenderText {#text} at (2,2) size 31x21
                  text run at (2,2) width 31: "col 3"
              RenderTableCell {TD} at (247,164) size 35x25 [bgcolor=#90EE90] [border: (1px inset #808080)] [r=6 c=5 rs=1 cs=1]
                RenderText {#text} at (2,2) size 31x21
                  text run at (2,2) width 31: "col 4"
              RenderTableCell {TD} at (284,164) size 35x25 [bgcolor=#90EE90] [border: (1px inset #808080)] [r=6 c=6 rs=1 cs=1]
                RenderText {#text} at (2,2) size 31x21
                  text run at (2,2) width 31: "col 5"
              RenderTableCell {TD} at (321,164) size 35x25 [bgcolor=#90EE90] [border: (1px inset #808080)] [r=6 c=7 rs=1 cs=1]
                RenderText {#text} at (2,2) size 31x21
                  text run at (2,2) width 31: "col 6"
              RenderTableCell {TD} at (358,164) size 35x25 [bgcolor=#90EE90] [border: (1px inset #808080)] [r=6 c=8 rs=1 cs=1]
                RenderText {#text} at (2,2) size 31x21
                  text run at (2,2) width 31: "col 7"
              RenderTableCell {TD} at (395,164) size 36x25 [bgcolor=#90EE90] [border: (1px inset #808080)] [r=6 c=9 rs=1 cs=1]
                RenderText {#text} at (2,2) size 31x21
                  text run at (2,2) width 31: "col 8"
              RenderTableCell {TD} at (433,164) size 36x25 [bgcolor=#90EE90] [border: (1px inset #808080)] [r=6 c=10 rs=1 cs=1]
                RenderText {#text} at (2,2) size 31x21
                  text run at (2,2) width 31: "col 9"
            RenderTableRow {TR} at (0,191) size 471x25
              RenderTableCell {TH} at (2,191) size 40x25 [bgcolor=#ADD8E6] [border: (1px inset #808080)] [r=7 c=0 rs=1 cs=1]
                RenderText {#text} at (2,2) size 36x21
                  text run at (2,2) width 36: "Head"
              RenderTableCell {TD} at (44,207) size 90x46 [bgcolor=#FFFACD] [border: (1px inset #808080)] [r=7 c=1 rs=3 cs=1]
                RenderText {#text} at (2,2) size 45x21
                  text run at (2,2) width 45: "Data 3"
                RenderBR {BR} at (47,18) size 0x0
                RenderText {#text} at (2,23) size 86x21
                  text run at (2,23) width 86: "span=3 rows"
              RenderTableCell {TD} at (136,191) size 35x25 [bgcolor=#ADD8E6] [border: (1px inset #808080)] [r=7 c=2 rs=1 cs=1]
                RenderText {#text} at (2,2) size 31x21
                  text run at (2,2) width 31: "col 1"
              RenderTableCell {TD} at (173,191) size 35x25 [bgcolor=#ADD8E6] [border: (1px inset #808080)] [r=7 c=3 rs=1 cs=1]
                RenderText {#text} at (2,2) size 31x21
                  text run at (2,2) width 31: "col 2"
              RenderTableCell {TD} at (210,191) size 35x25 [bgcolor=#ADD8E6] [border: (1px inset #808080)] [r=7 c=4 rs=1 cs=1]
                RenderText {#text} at (2,2) size 31x21
                  text run at (2,2) width 31: "col 3"
              RenderTableCell {TD} at (247,191) size 35x25 [bgcolor=#ADD8E6] [border: (1px inset #808080)] [r=7 c=5 rs=1 cs=1]
                RenderText {#text} at (2,2) size 31x21
                  text run at (2,2) width 31: "col 4"
              RenderTableCell {TD} at (284,191) size 35x25 [bgcolor=#ADD8E6] [border: (1px inset #808080)] [r=7 c=6 rs=1 cs=1]
                RenderText {#text} at (2,2) size 31x21
                  text run at (2,2) width 31: "col 5"
              RenderTableCell {TD} at (321,191) size 35x25 [bgcolor=#ADD8E6] [border: (1px inset #808080)] [r=7 c=7 rs=1 cs=1]
                RenderText {#text} at (2,2) size 31x21
                  text run at (2,2) width 31: "col 6"
              RenderTableCell {TD} at (358,191) size 35x25 [bgcolor=#ADD8E6] [border: (1px inset #808080)] [r=7 c=8 rs=1 cs=1]
                RenderText {#text} at (2,2) size 31x21
                  text run at (2,2) width 31: "col 7"
              RenderTableCell {TD} at (395,191) size 36x25 [bgcolor=#ADD8E6] [border: (1px inset #808080)] [r=7 c=9 rs=1 cs=1]
                RenderText {#text} at (2,2) size 31x21
                  text run at (2,2) width 31: "col 8"
              RenderTableCell {TD} at (433,191) size 36x25 [bgcolor=#ADD8E6] [border: (1px inset #808080)] [r=7 c=10 rs=1 cs=1]
                RenderText {#text} at (2,2) size 31x21
                  text run at (2,2) width 31: "col 9"
            RenderTableRow {TR} at (0,218) size 471x25
              RenderTableCell {TH} at (2,218) size 40x25 [bgcolor=#ADD8E6] [border: (1px inset #808080)] [r=8 c=0 rs=1 cs=1]
                RenderText {#text} at (2,2) size 36x21
                  text run at (2,2) width 36: "Head"
              RenderTableCell {TD} at (136,218) size 35x25 [bgcolor=#ADD8E6] [border: (1px inset #808080)] [r=8 c=2 rs=1 cs=1]
                RenderText {#text} at (2,2) size 31x21
                  text run at (2,2) width 31: "col 1"
              RenderTableCell {TD} at (173,218) size 35x25 [bgcolor=#ADD8E6] [border: (1px inset #808080)] [r=8 c=3 rs=1 cs=1]
                RenderText {#text} at (2,2) size 31x21
                  text run at (2,2) width 31: "col 2"
              RenderTableCell {TD} at (210,218) size 35x25 [bgcolor=#ADD8E6] [border: (1px inset #808080)] [r=8 c=4 rs=1 cs=1]
                RenderText {#text} at (2,2) size 31x21
                  text run at (2,2) width 31: "col 3"
              RenderTableCell {TD} at (247,218) size 35x25 [bgcolor=#ADD8E6] [border: (1px inset #808080)] [r=8 c=5 rs=1 cs=1]
                RenderText {#text} at (2,2) size 31x21
                  text run at (2,2) width 31: "col 4"
              RenderTableCell {TD} at (284,218) size 35x25 [bgcolor=#ADD8E6] [border: (1px inset #808080)] [r=8 c=6 rs=1 cs=1]
                RenderText {#text} at (2,2) size 31x21
                  text run at (2,2) width 31: "col 5"
              RenderTableCell {TD} at (321,218) size 35x25 [bgcolor=#ADD8E6] [border: (1px inset #808080)] [r=8 c=7 rs=1 cs=1]
                RenderText {#text} at (2,2) size 31x21
                  text run at (2,2) width 31: "col 6"
              RenderTableCell {TD} at (358,218) size 35x25 [bgcolor=#ADD8E6] [border: (1px inset #808080)] [r=8 c=8 rs=1 cs=1]
                RenderText {#text} at (2,2) size 31x21
                  text run at (2,2) width 31: "col 7"
              RenderTableCell {TD} at (395,218) size 36x25 [bgcolor=#ADD8E6] [border: (1px inset #808080)] [r=8 c=9 rs=1 cs=1]
                RenderText {#text} at (2,2) size 31x21
                  text run at (2,2) width 31: "col 8"
              RenderTableCell {TD} at (433,218) size 36x25 [bgcolor=#ADD8E6] [border: (1px inset #808080)] [r=8 c=10 rs=1 cs=1]
                RenderText {#text} at (2,2) size 31x21
                  text run at (2,2) width 31: "col 9"
            RenderTableRow {TR} at (0,245) size 471x25
              RenderTableCell {TH} at (2,245) size 40x25 [bgcolor=#ADD8E6] [border: (1px inset #808080)] [r=9 c=0 rs=1 cs=1]
                RenderText {#text} at (2,2) size 36x21
                  text run at (2,2) width 36: "Head"
              RenderTableCell {TD} at (136,245) size 35x25 [bgcolor=#ADD8E6] [border: (1px inset #808080)] [r=9 c=2 rs=1 cs=1]
                RenderText {#text} at (2,2) size 31x21
                  text run at (2,2) width 31: "col 1"
              RenderTableCell {TD} at (173,245) size 35x25 [bgcolor=#ADD8E6] [border: (1px inset #808080)] [r=9 c=3 rs=1 cs=1]
                RenderText {#text} at (2,2) size 31x21
                  text run at (2,2) width 31: "col 2"
              RenderTableCell {TD} at (210,245) size 35x25 [bgcolor=#ADD8E6] [border: (1px inset #808080)] [r=9 c=4 rs=1 cs=1]
                RenderText {#text} at (2,2) size 31x21
                  text run at (2,2) width 31: "col 3"
              RenderTableCell {TD} at (247,245) size 35x25 [bgcolor=#ADD8E6] [border: (1px inset #808080)] [r=9 c=5 rs=1 cs=1]
                RenderText {#text} at (2,2) size 31x21
                  text run at (2,2) width 31: "col 4"
              RenderTableCell {TD} at (284,245) size 35x25 [bgcolor=#ADD8E6] [border: (1px inset #808080)] [r=9 c=6 rs=1 cs=1]
                RenderText {#text} at (2,2) size 31x21
                  text run at (2,2) width 31: "col 5"
              RenderTableCell {TD} at (321,245) size 35x25 [bgcolor=#ADD8E6] [border: (1px inset #808080)] [r=9 c=7 rs=1 cs=1]
                RenderText {#text} at (2,2) size 31x21
                  text run at (2,2) width 31: "col 6"
              RenderTableCell {TD} at (358,245) size 35x25 [bgcolor=#ADD8E6] [border: (1px inset #808080)] [r=9 c=8 rs=1 cs=1]
                RenderText {#text} at (2,2) size 31x21
                  text run at (2,2) width 31: "col 7"
              RenderTableCell {TD} at (395,245) size 36x25 [bgcolor=#ADD8E6] [border: (1px inset #808080)] [r=9 c=9 rs=1 cs=1]
                RenderText {#text} at (2,2) size 31x21
                  text run at (2,2) width 31: "col 8"
              RenderTableCell {TD} at (433,245) size 36x25 [bgcolor=#ADD8E6] [border: (1px inset #808080)] [r=9 c=10 rs=1 cs=1]
                RenderText {#text} at (2,2) size 31x21
                  text run at (2,2) width 31: "col 9"
      RenderBlock {P} at (0,1843) size 768x0
      RenderBlock {HR} at (0,1843) size 768x2 [border: (1px inset #000000)]
      RenderBlock {P} at (0,1861) size 768x66
        RenderTable {TABLE} at (0,0) size 652x66 [bgcolor=#F08080] [border: (1px outset #808080)]
          RenderTableSection {TBODY} at (1,1) size 650x64
            RenderTableRow {TR} at (0,2) size 650x60
              RenderTableCell {TH} at (2,2) size 646x60 [border: (1px inset #808080)] [r=0 c=0 rs=1 cs=1]
                RenderInline {A} at (0,0) size 0x0
                RenderText {#text} at (11,11) size 95x21
                  text run at (11,11) width 95: "Test Case #3: "
                RenderInline {FONT} at (0,0) size 410x21 [color=#0000FF]
                  RenderText {#text} at (106,11) size 410x21
                    text run at (106,11) width 410: "table with nested header & data cells spanning multiple rows"
                RenderText {#text} at (516,11) size 4x21
                  text run at (516,11) width 4: " "
                RenderInline {FONT} at (0,0) size 571x35
                  RenderInline {I} at (0,0) size 571x35
                    RenderText {#text} at (520,14) size 571x35
                      text run at (520,14) width 62: "(using <TH"
                      text run at (11,32) width 353: "ROWSPAN=integer value> <TD ROWSPAN=integer value> tag)"
                RenderText {#text} at (0,0) size 0x0
      RenderBlock {P} at (0,1943) size 768x42
        RenderBR {BR} at (0,0) size 0x21
        RenderBR {BR} at (0,21) size 0x21
      RenderBlock {UL} at (0,2001) size 768x505
        RenderTable {TABLE} at (40,0) size 473x505 [border: (1px outset #808080)]
          RenderBlock {CAPTION} at (0,0) size 471x21
            RenderText {#text} at (19,0) size 93x21
              text run at (19,0) width 93: "Nested Table "
            RenderInline {B} at (0,0) size 87x21
              RenderText {#text} at (112,0) size 87x21
                text run at (112,0) width 87: "Header Cells"
            RenderText {#text} at (199,0) size 21x21
              text run at (199,0) width 21: " & "
            RenderInline {B} at (0,0) size 70x21
              RenderText {#text} at (220,0) size 70x21
                text run at (220,0) width 70: "Data Cells"
            RenderText {#text} at (290,0) size 162x21
              text run at (290,0) width 162: " spanning multiple rows"
          RenderTableSection {TBODY} at (1,22) size 471x482
            RenderTableRow {TR} at (0,2) size 471x46
              RenderTableCell {TH} at (2,135) size 81x67 [bgcolor=#FFE4C4] [border: (1px inset #808080)] [r=0 c=0 rs=7 cs=1]
                RenderText {#text} at (9,2) size 63x21
                  text run at (9,2) width 63: "Header 1"
                RenderBR {BR} at (71,18) size 1x0
                RenderText {#text} at (16,23) size 49x42
                  text run at (16,23) width 49: "span=7"
                  text run at (24,44) width 33: "rows"
              RenderTableCell {TD} at (85,15) size 81x67 [bgcolor=#FFFACD] [border: (1px inset #808080)] [r=0 c=1 rs=2 cs=1]
                RenderText {#text} at (2,2) size 45x21
                  text run at (2,2) width 45: "Data 1"
                RenderBR {BR} at (47,18) size 0x0
                RenderText {#text} at (2,23) size 49x42
                  text run at (2,23) width 49: "span=2"
                  text run at (2,44) width 33: "rows"
              RenderTableCell {TD} at (168,2) size 31x46 [bgcolor=#EE82EE] [border: (1px inset #808080)] [r=0 c=2 rs=1 cs=1]
                RenderText {#text} at (2,2) size 19x42
                  text run at (2,2) width 19: "col"
                  text run at (2,23) width 8: "1"
              RenderTableCell {TD} at (201,2) size 31x46 [bgcolor=#EE82EE] [border: (1px inset #808080)] [r=0 c=3 rs=1 cs=1]
                RenderText {#text} at (2,2) size 19x42
                  text run at (2,2) width 19: "col"
                  text run at (2,23) width 8: "2"
              RenderTableCell {TD} at (234,2) size 31x46 [bgcolor=#EE82EE] [border: (1px inset #808080)] [r=0 c=4 rs=1 cs=1]
                RenderText {#text} at (2,2) size 19x42
                  text run at (2,2) width 19: "col"
                  text run at (2,23) width 8: "3"
              RenderTableCell {TD} at (267,2) size 32x46 [bgcolor=#EE82EE] [border: (1px inset #808080)] [r=0 c=5 rs=1 cs=1]
                RenderText {#text} at (2,2) size 19x42
                  text run at (2,2) width 19: "col"
                  text run at (2,23) width 8: "4"
              RenderTableCell {TD} at (301,2) size 32x46 [bgcolor=#EE82EE] [border: (1px inset #808080)] [r=0 c=6 rs=1 cs=1]
                RenderText {#text} at (2,2) size 19x42
                  text run at (2,2) width 19: "col"
                  text run at (2,23) width 8: "5"
              RenderTableCell {TD} at (335,2) size 32x46 [bgcolor=#EE82EE] [border: (1px inset #808080)] [r=0 c=7 rs=1 cs=1]
                RenderText {#text} at (2,2) size 19x42
                  text run at (2,2) width 19: "col"
                  text run at (2,23) width 8: "6"
              RenderTableCell {TD} at (369,2) size 32x46 [bgcolor=#EE82EE] [border: (1px inset #808080)] [r=0 c=8 rs=1 cs=1]
                RenderText {#text} at (2,2) size 19x42
                  text run at (2,2) width 19: "col"
                  text run at (2,23) width 8: "7"
              RenderTableCell {TD} at (403,2) size 32x46 [bgcolor=#EE82EE] [border: (1px inset #808080)] [r=0 c=9 rs=1 cs=1]
                RenderText {#text} at (2,2) size 19x42
                  text run at (2,2) width 19: "col"
                  text run at (2,23) width 8: "8"
              RenderTableCell {TD} at (437,2) size 32x46 [bgcolor=#EE82EE] [border: (1px inset #808080)] [r=0 c=10 rs=1 cs=1]
                RenderText {#text} at (2,2) size 19x42
                  text run at (2,2) width 19: "col"
                  text run at (2,23) width 8: "9"
            RenderTableRow {TR} at (0,50) size 471x46
              RenderTableCell {TD} at (168,50) size 31x46 [bgcolor=#EE82EE] [border: (1px inset #808080)] [r=1 c=2 rs=1 cs=1]
                RenderText {#text} at (2,2) size 19x42
                  text run at (2,2) width 19: "col"
                  text run at (2,23) width 8: "1"
              RenderTableCell {TD} at (201,50) size 31x46 [bgcolor=#EE82EE] [border: (1px inset #808080)] [r=1 c=3 rs=1 cs=1]
                RenderText {#text} at (2,2) size 19x42
                  text run at (2,2) width 19: "col"
                  text run at (2,23) width 8: "2"
              RenderTableCell {TD} at (234,50) size 31x46 [bgcolor=#EE82EE] [border: (1px inset #808080)] [r=1 c=4 rs=1 cs=1]
                RenderText {#text} at (2,2) size 19x42
                  text run at (2,2) width 19: "col"
                  text run at (2,23) width 8: "3"
              RenderTableCell {TD} at (267,50) size 32x46 [bgcolor=#EE82EE] [border: (1px inset #808080)] [r=1 c=5 rs=1 cs=1]
                RenderText {#text} at (2,2) size 19x42
                  text run at (2,2) width 19: "col"
                  text run at (2,23) width 8: "4"
              RenderTableCell {TD} at (301,50) size 32x46 [bgcolor=#EE82EE] [border: (1px inset #808080)] [r=1 c=6 rs=1 cs=1]
                RenderText {#text} at (2,2) size 19x42
                  text run at (2,2) width 19: "col"
                  text run at (2,23) width 8: "5"
              RenderTableCell {TD} at (335,50) size 32x46 [bgcolor=#EE82EE] [border: (1px inset #808080)] [r=1 c=7 rs=1 cs=1]
                RenderText {#text} at (2,2) size 19x42
                  text run at (2,2) width 19: "col"
                  text run at (2,23) width 8: "6"
              RenderTableCell {TD} at (369,50) size 32x46 [bgcolor=#EE82EE] [border: (1px inset #808080)] [r=1 c=8 rs=1 cs=1]
                RenderText {#text} at (2,2) size 19x42
                  text run at (2,2) width 19: "col"
                  text run at (2,23) width 8: "7"
              RenderTableCell {TD} at (403,50) size 32x46 [bgcolor=#EE82EE] [border: (1px inset #808080)] [r=1 c=9 rs=1 cs=1]
                RenderText {#text} at (2,2) size 19x42
                  text run at (2,2) width 19: "col"
                  text run at (2,23) width 8: "8"
              RenderTableCell {TD} at (437,50) size 32x46 [bgcolor=#EE82EE] [border: (1px inset #808080)] [r=1 c=10 rs=1 cs=1]
                RenderText {#text} at (2,2) size 19x42
                  text run at (2,2) width 19: "col"
                  text run at (2,23) width 8: "9"
            RenderTableRow {TR} at (0,98) size 471x46
              RenderTableCell {TD} at (85,183) size 81x67 [bgcolor=#FFFACD] [border: (1px inset #808080)] [r=2 c=1 rs=5 cs=1]
                RenderText {#text} at (2,2) size 45x21
                  text run at (2,2) width 45: "Data 2"
                RenderBR {BR} at (47,18) size 0x0
                RenderText {#text} at (2,23) size 49x42
                  text run at (2,23) width 49: "span=5"
                  text run at (2,44) width 33: "rows"
              RenderTableCell {TD} at (168,98) size 31x46 [bgcolor=#90EE90] [border: (1px inset #808080)] [r=2 c=2 rs=1 cs=1]
                RenderText {#text} at (2,2) size 19x42
                  text run at (2,2) width 19: "col"
                  text run at (2,23) width 8: "1"
              RenderTableCell {TD} at (201,98) size 31x46 [bgcolor=#90EE90] [border: (1px inset #808080)] [r=2 c=3 rs=1 cs=1]
                RenderText {#text} at (2,2) size 19x42
                  text run at (2,2) width 19: "col"
                  text run at (2,23) width 8: "2"
              RenderTableCell {TD} at (234,98) size 31x46 [bgcolor=#90EE90] [border: (1px inset #808080)] [r=2 c=4 rs=1 cs=1]
                RenderText {#text} at (2,2) size 19x42
                  text run at (2,2) width 19: "col"
                  text run at (2,23) width 8: "3"
              RenderTableCell {TD} at (267,98) size 32x46 [bgcolor=#90EE90] [border: (1px inset #808080)] [r=2 c=5 rs=1 cs=1]
                RenderText {#text} at (2,2) size 19x42
                  text run at (2,2) width 19: "col"
                  text run at (2,23) width 8: "4"
              RenderTableCell {TD} at (301,98) size 32x46 [bgcolor=#90EE90] [border: (1px inset #808080)] [r=2 c=6 rs=1 cs=1]
                RenderText {#text} at (2,2) size 19x42
                  text run at (2,2) width 19: "col"
                  text run at (2,23) width 8: "5"
              RenderTableCell {TD} at (335,98) size 32x46 [bgcolor=#90EE90] [border: (1px inset #808080)] [r=2 c=7 rs=1 cs=1]
                RenderText {#text} at (2,2) size 19x42
                  text run at (2,2) width 19: "col"
                  text run at (2,23) width 8: "6"
              RenderTableCell {TD} at (369,98) size 32x46 [bgcolor=#90EE90] [border: (1px inset #808080)] [r=2 c=8 rs=1 cs=1]
                RenderText {#text} at (2,2) size 19x42
                  text run at (2,2) width 19: "col"
                  text run at (2,23) width 8: "7"
              RenderTableCell {TD} at (403,98) size 32x46 [bgcolor=#90EE90] [border: (1px inset #808080)] [r=2 c=9 rs=1 cs=1]
                RenderText {#text} at (2,2) size 19x42
                  text run at (2,2) width 19: "col"
                  text run at (2,23) width 8: "8"
              RenderTableCell {TD} at (437,98) size 32x46 [bgcolor=#90EE90] [border: (1px inset #808080)] [r=2 c=10 rs=1 cs=1]
                RenderText {#text} at (2,2) size 19x42
                  text run at (2,2) width 19: "col"
                  text run at (2,23) width 8: "9"
            RenderTableRow {TR} at (0,146) size 471x46
              RenderTableCell {TD} at (168,146) size 31x46 [bgcolor=#90EE90] [border: (1px inset #808080)] [r=3 c=2 rs=1 cs=1]
                RenderText {#text} at (2,2) size 19x42
                  text run at (2,2) width 19: "col"
                  text run at (2,23) width 8: "1"
              RenderTableCell {TD} at (201,146) size 31x46 [bgcolor=#90EE90] [border: (1px inset #808080)] [r=3 c=3 rs=1 cs=1]
                RenderText {#text} at (2,2) size 19x42
                  text run at (2,2) width 19: "col"
                  text run at (2,23) width 8: "2"
              RenderTableCell {TD} at (234,146) size 31x46 [bgcolor=#90EE90] [border: (1px inset #808080)] [r=3 c=4 rs=1 cs=1]
                RenderText {#text} at (2,2) size 19x42
                  text run at (2,2) width 19: "col"
                  text run at (2,23) width 8: "3"
              RenderTableCell {TD} at (267,146) size 32x46 [bgcolor=#90EE90] [border: (1px inset #808080)] [r=3 c=5 rs=1 cs=1]
                RenderText {#text} at (2,2) size 19x42
                  text run at (2,2) width 19: "col"
                  text run at (2,23) width 8: "4"
              RenderTableCell {TD} at (301,146) size 32x46 [bgcolor=#90EE90] [border: (1px inset #808080)] [r=3 c=6 rs=1 cs=1]
                RenderText {#text} at (2,2) size 19x42
                  text run at (2,2) width 19: "col"
                  text run at (2,23) width 8: "5"
              RenderTableCell {TD} at (335,146) size 32x46 [bgcolor=#90EE90] [border: (1px inset #808080)] [r=3 c=7 rs=1 cs=1]
                RenderText {#text} at (2,2) size 19x42
                  text run at (2,2) width 19: "col"
                  text run at (2,23) width 8: "6"
              RenderTableCell {TD} at (369,146) size 32x46 [bgcolor=#90EE90] [border: (1px inset #808080)] [r=3 c=8 rs=1 cs=1]
                RenderText {#text} at (2,2) size 19x42
                  text run at (2,2) width 19: "col"
                  text run at (2,23) width 8: "7"
              RenderTableCell {TD} at (403,146) size 32x46 [bgcolor=#90EE90] [border: (1px inset #808080)] [r=3 c=9 rs=1 cs=1]
                RenderText {#text} at (2,2) size 19x42
                  text run at (2,2) width 19: "col"
                  text run at (2,23) width 8: "8"
              RenderTableCell {TD} at (437,146) size 32x46 [bgcolor=#90EE90] [border: (1px inset #808080)] [r=3 c=10 rs=1 cs=1]
                RenderText {#text} at (2,2) size 19x42
                  text run at (2,2) width 19: "col"
                  text run at (2,23) width 8: "9"
            RenderTableRow {TR} at (0,194) size 471x46
              RenderTableCell {TD} at (168,194) size 31x46 [bgcolor=#90EE90] [border: (1px inset #808080)] [r=4 c=2 rs=1 cs=1]
                RenderText {#text} at (2,2) size 19x42
                  text run at (2,2) width 19: "col"
                  text run at (2,23) width 8: "1"
              RenderTableCell {TD} at (201,194) size 31x46 [bgcolor=#90EE90] [border: (1px inset #808080)] [r=4 c=3 rs=1 cs=1]
                RenderText {#text} at (2,2) size 19x42
                  text run at (2,2) width 19: "col"
                  text run at (2,23) width 8: "2"
              RenderTableCell {TD} at (234,194) size 31x46 [bgcolor=#90EE90] [border: (1px inset #808080)] [r=4 c=4 rs=1 cs=1]
                RenderText {#text} at (2,2) size 19x42
                  text run at (2,2) width 19: "col"
                  text run at (2,23) width 8: "3"
              RenderTableCell {TD} at (267,194) size 32x46 [bgcolor=#90EE90] [border: (1px inset #808080)] [r=4 c=5 rs=1 cs=1]
                RenderText {#text} at (2,2) size 19x42
                  text run at (2,2) width 19: "col"
                  text run at (2,23) width 8: "4"
              RenderTableCell {TD} at (301,194) size 32x46 [bgcolor=#90EE90] [border: (1px inset #808080)] [r=4 c=6 rs=1 cs=1]
                RenderText {#text} at (2,2) size 19x42
                  text run at (2,2) width 19: "col"
                  text run at (2,23) width 8: "5"
              RenderTableCell {TD} at (335,194) size 32x46 [bgcolor=#90EE90] [border: (1px inset #808080)] [r=4 c=7 rs=1 cs=1]
                RenderText {#text} at (2,2) size 19x42
                  text run at (2,2) width 19: "col"
                  text run at (2,23) width 8: "6"
              RenderTableCell {TD} at (369,194) size 32x46 [bgcolor=#90EE90] [border: (1px inset #808080)] [r=4 c=8 rs=1 cs=1]
                RenderText {#text} at (2,2) size 19x42
                  text run at (2,2) width 19: "col"
                  text run at (2,23) width 8: "7"
              RenderTableCell {TD} at (403,194) size 32x46 [bgcolor=#90EE90] [border: (1px inset #808080)] [r=4 c=9 rs=1 cs=1]
                RenderText {#text} at (2,2) size 19x42
                  text run at (2,2) width 19: "col"
                  text run at (2,23) width 8: "8"
              RenderTableCell {TD} at (437,194) size 32x46 [bgcolor=#90EE90] [border: (1px inset #808080)] [r=4 c=10 rs=1 cs=1]
                RenderText {#text} at (2,2) size 19x42
                  text run at (2,2) width 19: "col"
                  text run at (2,23) width 8: "9"
            RenderTableRow {TR} at (0,242) size 471x46
              RenderTableCell {TD} at (168,242) size 31x46 [bgcolor=#90EE90] [border: (1px inset #808080)] [r=5 c=2 rs=1 cs=1]
                RenderText {#text} at (2,2) size 19x42
                  text run at (2,2) width 19: "col"
                  text run at (2,23) width 8: "1"
              RenderTableCell {TD} at (201,242) size 31x46 [bgcolor=#90EE90] [border: (1px inset #808080)] [r=5 c=3 rs=1 cs=1]
                RenderText {#text} at (2,2) size 19x42
                  text run at (2,2) width 19: "col"
                  text run at (2,23) width 8: "2"
              RenderTableCell {TD} at (234,242) size 31x46 [bgcolor=#90EE90] [border: (1px inset #808080)] [r=5 c=4 rs=1 cs=1]
                RenderText {#text} at (2,2) size 19x42
                  text run at (2,2) width 19: "col"
                  text run at (2,23) width 8: "3"
              RenderTableCell {TD} at (267,242) size 32x46 [bgcolor=#90EE90] [border: (1px inset #808080)] [r=5 c=5 rs=1 cs=1]
                RenderText {#text} at (2,2) size 19x42
                  text run at (2,2) width 19: "col"
                  text run at (2,23) width 8: "4"
              RenderTableCell {TD} at (301,242) size 32x46 [bgcolor=#90EE90] [border: (1px inset #808080)] [r=5 c=6 rs=1 cs=1]
                RenderText {#text} at (2,2) size 19x42
                  text run at (2,2) width 19: "col"
                  text run at (2,23) width 8: "5"
              RenderTableCell {TD} at (335,242) size 32x46 [bgcolor=#90EE90] [border: (1px inset #808080)] [r=5 c=7 rs=1 cs=1]
                RenderText {#text} at (2,2) size 19x42
                  text run at (2,2) width 19: "col"
                  text run at (2,23) width 8: "6"
              RenderTableCell {TD} at (369,242) size 32x46 [bgcolor=#90EE90] [border: (1px inset #808080)] [r=5 c=8 rs=1 cs=1]
                RenderText {#text} at (2,2) size 19x42
                  text run at (2,2) width 19: "col"
                  text run at (2,23) width 8: "7"
              RenderTableCell {TD} at (403,242) size 32x46 [bgcolor=#90EE90] [border: (1px inset #808080)] [r=5 c=9 rs=1 cs=1]
                RenderText {#text} at (2,2) size 19x42
                  text run at (2,2) width 19: "col"
                  text run at (2,23) width 8: "8"
              RenderTableCell {TD} at (437,242) size 32x46 [bgcolor=#90EE90] [border: (1px inset #808080)] [r=5 c=10 rs=1 cs=1]
                RenderText {#text} at (2,2) size 19x42
                  text run at (2,2) width 19: "col"
                  text run at (2,23) width 8: "9"
            RenderTableRow {TR} at (0,290) size 471x46
              RenderTableCell {TD} at (168,290) size 31x46 [bgcolor=#90EE90] [border: (1px inset #808080)] [r=6 c=2 rs=1 cs=1]
                RenderText {#text} at (2,2) size 19x42
                  text run at (2,2) width 19: "col"
                  text run at (2,23) width 8: "1"
              RenderTableCell {TD} at (201,290) size 31x46 [bgcolor=#90EE90] [border: (1px inset #808080)] [r=6 c=3 rs=1 cs=1]
                RenderText {#text} at (2,2) size 19x42
                  text run at (2,2) width 19: "col"
                  text run at (2,23) width 8: "2"
              RenderTableCell {TD} at (234,290) size 31x46 [bgcolor=#90EE90] [border: (1px inset #808080)] [r=6 c=4 rs=1 cs=1]
                RenderText {#text} at (2,2) size 19x42
                  text run at (2,2) width 19: "col"
                  text run at (2,23) width 8: "3"
              RenderTableCell {TD} at (267,290) size 32x46 [bgcolor=#90EE90] [border: (1px inset #808080)] [r=6 c=5 rs=1 cs=1]
                RenderText {#text} at (2,2) size 19x42
                  text run at (2,2) width 19: "col"
                  text run at (2,23) width 8: "4"
              RenderTableCell {TD} at (301,290) size 32x46 [bgcolor=#90EE90] [border: (1px inset #808080)] [r=6 c=6 rs=1 cs=1]
                RenderText {#text} at (2,2) size 19x42
                  text run at (2,2) width 19: "col"
                  text run at (2,23) width 8: "5"
              RenderTableCell {TD} at (335,290) size 32x46 [bgcolor=#90EE90] [border: (1px inset #808080)] [r=6 c=7 rs=1 cs=1]
                RenderText {#text} at (2,2) size 19x42
                  text run at (2,2) width 19: "col"
                  text run at (2,23) width 8: "6"
              RenderTableCell {TD} at (369,290) size 32x46 [bgcolor=#90EE90] [border: (1px inset #808080)] [r=6 c=8 rs=1 cs=1]
                RenderText {#text} at (2,2) size 19x42
                  text run at (2,2) width 19: "col"
                  text run at (2,23) width 8: "7"
              RenderTableCell {TD} at (403,290) size 32x46 [bgcolor=#90EE90] [border: (1px inset #808080)] [r=6 c=9 rs=1 cs=1]
                RenderText {#text} at (2,2) size 19x42
                  text run at (2,2) width 19: "col"
                  text run at (2,23) width 8: "8"
              RenderTableCell {TD} at (437,290) size 32x46 [bgcolor=#90EE90] [border: (1px inset #808080)] [r=6 c=10 rs=1 cs=1]
                RenderText {#text} at (2,2) size 19x42
                  text run at (2,2) width 19: "col"
                  text run at (2,23) width 8: "9"
            RenderTableRow {TR} at (0,338) size 471x46
              RenderTableCell {TH} at (2,375) size 81x67 [bgcolor=#FFE4C4] [border: (1px inset #808080)] [r=7 c=0 rs=3 cs=1]
                RenderText {#text} at (9,2) size 63x21
                  text run at (9,2) width 63: "Header 2"
                RenderBR {BR} at (71,18) size 1x0
                RenderText {#text} at (16,23) size 49x42
                  text run at (16,23) width 49: "span=3"
                  text run at (24,44) width 33: "rows"
              RenderTableCell {TD} at (85,375) size 81x67 [bgcolor=#FFFACD] [border: (1px inset #808080)] [r=7 c=1 rs=3 cs=1]
                RenderText {#text} at (2,2) size 45x21
                  text run at (2,2) width 45: "Data 3"
                RenderBR {BR} at (47,18) size 0x0
                RenderText {#text} at (2,23) size 49x42
                  text run at (2,23) width 49: "span=3"
                  text run at (2,44) width 33: "rows"
              RenderTableCell {TD} at (168,338) size 31x46 [bgcolor=#ADD8E6] [border: (1px inset #808080)] [r=7 c=2 rs=1 cs=1]
                RenderText {#text} at (2,2) size 19x42
                  text run at (2,2) width 19: "col"
                  text run at (2,23) width 8: "1"
              RenderTableCell {TD} at (201,338) size 31x46 [bgcolor=#ADD8E6] [border: (1px inset #808080)] [r=7 c=3 rs=1 cs=1]
                RenderText {#text} at (2,2) size 19x42
                  text run at (2,2) width 19: "col"
                  text run at (2,23) width 8: "2"
              RenderTableCell {TD} at (234,338) size 31x46 [bgcolor=#ADD8E6] [border: (1px inset #808080)] [r=7 c=4 rs=1 cs=1]
                RenderText {#text} at (2,2) size 19x42
                  text run at (2,2) width 19: "col"
                  text run at (2,23) width 8: "3"
              RenderTableCell {TD} at (267,338) size 32x46 [bgcolor=#ADD8E6] [border: (1px inset #808080)] [r=7 c=5 rs=1 cs=1]
                RenderText {#text} at (2,2) size 19x42
                  text run at (2,2) width 19: "col"
                  text run at (2,23) width 8: "4"
              RenderTableCell {TD} at (301,338) size 32x46 [bgcolor=#ADD8E6] [border: (1px inset #808080)] [r=7 c=6 rs=1 cs=1]
                RenderText {#text} at (2,2) size 19x42
                  text run at (2,2) width 19: "col"
                  text run at (2,23) width 8: "5"
              RenderTableCell {TD} at (335,338) size 32x46 [bgcolor=#ADD8E6] [border: (1px inset #808080)] [r=7 c=7 rs=1 cs=1]
                RenderText {#text} at (2,2) size 19x42
                  text run at (2,2) width 19: "col"
                  text run at (2,23) width 8: "6"
              RenderTableCell {TD} at (369,338) size 32x46 [bgcolor=#ADD8E6] [border: (1px inset #808080)] [r=7 c=8 rs=1 cs=1]
                RenderText {#text} at (2,2) size 19x42
                  text run at (2,2) width 19: "col"
                  text run at (2,23) width 8: "7"
              RenderTableCell {TD} at (403,338) size 32x46 [bgcolor=#ADD8E6] [border: (1px inset #808080)] [r=7 c=9 rs=1 cs=1]
                RenderText {#text} at (2,2) size 19x42
                  text run at (2,2) width 19: "col"
                  text run at (2,23) width 8: "8"
              RenderTableCell {TD} at (437,338) size 32x46 [bgcolor=#ADD8E6] [border: (1px inset #808080)] [r=7 c=10 rs=1 cs=1]
                RenderText {#text} at (2,2) size 19x42
                  text run at (2,2) width 19: "col"
                  text run at (2,23) width 8: "9"
            RenderTableRow {TR} at (0,386) size 471x46
              RenderTableCell {TD} at (168,386) size 31x46 [bgcolor=#ADD8E6] [border: (1px inset #808080)] [r=8 c=2 rs=1 cs=1]
                RenderText {#text} at (2,2) size 19x42
                  text run at (2,2) width 19: "col"
                  text run at (2,23) width 8: "1"
              RenderTableCell {TD} at (201,386) size 31x46 [bgcolor=#ADD8E6] [border: (1px inset #808080)] [r=8 c=3 rs=1 cs=1]
                RenderText {#text} at (2,2) size 19x42
                  text run at (2,2) width 19: "col"
                  text run at (2,23) width 8: "2"
              RenderTableCell {TD} at (234,386) size 31x46 [bgcolor=#ADD8E6] [border: (1px inset #808080)] [r=8 c=4 rs=1 cs=1]
                RenderText {#text} at (2,2) size 19x42
                  text run at (2,2) width 19: "col"
                  text run at (2,23) width 8: "3"
              RenderTableCell {TD} at (267,386) size 32x46 [bgcolor=#ADD8E6] [border: (1px inset #808080)] [r=8 c=5 rs=1 cs=1]
                RenderText {#text} at (2,2) size 19x42
                  text run at (2,2) width 19: "col"
                  text run at (2,23) width 8: "4"
              RenderTableCell {TD} at (301,386) size 32x46 [bgcolor=#ADD8E6] [border: (1px inset #808080)] [r=8 c=6 rs=1 cs=1]
                RenderText {#text} at (2,2) size 19x42
                  text run at (2,2) width 19: "col"
                  text run at (2,23) width 8: "5"
              RenderTableCell {TD} at (335,386) size 32x46 [bgcolor=#ADD8E6] [border: (1px inset #808080)] [r=8 c=7 rs=1 cs=1]
                RenderText {#text} at (2,2) size 19x42
                  text run at (2,2) width 19: "col"
                  text run at (2,23) width 8: "6"
              RenderTableCell {TD} at (369,386) size 32x46 [bgcolor=#ADD8E6] [border: (1px inset #808080)] [r=8 c=8 rs=1 cs=1]
                RenderText {#text} at (2,2) size 19x42
                  text run at (2,2) width 19: "col"
                  text run at (2,23) width 8: "7"
              RenderTableCell {TD} at (403,386) size 32x46 [bgcolor=#ADD8E6] [border: (1px inset #808080)] [r=8 c=9 rs=1 cs=1]
                RenderText {#text} at (2,2) size 19x42
                  text run at (2,2) width 19: "col"
                  text run at (2,23) width 8: "8"
              RenderTableCell {TD} at (437,386) size 32x46 [bgcolor=#ADD8E6] [border: (1px inset #808080)] [r=8 c=10 rs=1 cs=1]
                RenderText {#text} at (2,2) size 19x42
                  text run at (2,2) width 19: "col"
                  text run at (2,23) width 8: "9"
            RenderTableRow {TR} at (0,434) size 471x46
              RenderTableCell {TD} at (168,434) size 31x46 [bgcolor=#ADD8E6] [border: (1px inset #808080)] [r=9 c=2 rs=1 cs=1]
                RenderText {#text} at (2,2) size 19x42
                  text run at (2,2) width 19: "col"
                  text run at (2,23) width 8: "1"
              RenderTableCell {TD} at (201,434) size 31x46 [bgcolor=#ADD8E6] [border: (1px inset #808080)] [r=9 c=3 rs=1 cs=1]
                RenderText {#text} at (2,2) size 19x42
                  text run at (2,2) width 19: "col"
                  text run at (2,23) width 8: "2"
              RenderTableCell {TD} at (234,434) size 31x46 [bgcolor=#ADD8E6] [border: (1px inset #808080)] [r=9 c=4 rs=1 cs=1]
                RenderText {#text} at (2,2) size 19x42
                  text run at (2,2) width 19: "col"
                  text run at (2,23) width 8: "3"
              RenderTableCell {TD} at (267,434) size 32x46 [bgcolor=#ADD8E6] [border: (1px inset #808080)] [r=9 c=5 rs=1 cs=1]
                RenderText {#text} at (2,2) size 19x42
                  text run at (2,2) width 19: "col"
                  text run at (2,23) width 8: "4"
              RenderTableCell {TD} at (301,434) size 32x46 [bgcolor=#ADD8E6] [border: (1px inset #808080)] [r=9 c=6 rs=1 cs=1]
                RenderText {#text} at (2,2) size 19x42
                  text run at (2,2) width 19: "col"
                  text run at (2,23) width 8: "5"
              RenderTableCell {TD} at (335,434) size 32x46 [bgcolor=#ADD8E6] [border: (1px inset #808080)] [r=9 c=7 rs=1 cs=1]
                RenderText {#text} at (2,2) size 19x42
                  text run at (2,2) width 19: "col"
                  text run at (2,23) width 8: "6"
              RenderTableCell {TD} at (369,434) size 32x46 [bgcolor=#ADD8E6] [border: (1px inset #808080)] [r=9 c=8 rs=1 cs=1]
                RenderText {#text} at (2,2) size 19x42
                  text run at (2,2) width 19: "col"
                  text run at (2,23) width 8: "7"
              RenderTableCell {TD} at (403,434) size 32x46 [bgcolor=#ADD8E6] [border: (1px inset #808080)] [r=9 c=9 rs=1 cs=1]
                RenderText {#text} at (2,2) size 19x42
                  text run at (2,2) width 19: "col"
                  text run at (2,23) width 8: "8"
              RenderTableCell {TD} at (437,434) size 32x46 [bgcolor=#ADD8E6] [border: (1px inset #808080)] [r=9 c=10 rs=1 cs=1]
                RenderText {#text} at (2,2) size 19x42
                  text run at (2,2) width 19: "col"
                  text run at (2,23) width 8: "9"
      RenderBlock {P} at (0,2522) size 768x0
      RenderBlock {HR} at (0,2522) size 768x2 [border: (1px inset #000000)]
      RenderBlock (anonymous) at (0,2532) size 768x21
        RenderImage {IMG} at (0,3) size 13x13
        RenderText {#text} at (13,0) size 136x21
          text run at (13,0) width 136: " Created 9/19/96 by "
        RenderInline {A} at (0,0) size 89x21 [color=#0000EE]
          RenderText {#text} at (149,0) size 89x21
            text run at (149,0) width 89: "Ronald Greti"
        RenderBR {BR} at (238,16) size 0x0
      RenderBlock {P} at (0,2569) size 768x21
        RenderBR {BR} at (0,0) size 0x21
