layer at (0,0) size 800x600
  RenderView at (0,0) size 800x600
layer at (0,0) size 800x600
  RenderBlock {HTML} at (0,0) size 800x600
    RenderBody {BODY} at (8,8) size 784x576
      RenderBlock {P} at (0,0) size 784x20
        RenderText {#text} at (0,0) size 660x19
          text run at (0,0) width 660: "Test that controls don't increase the size of the container (i.e. are rendered overlapping with the video canvas)."
      RenderBlock {P} at (0,36) size 784x300
        RenderPartObject {IFRAME} at (0,0) size 400x300
          layer at (0,0) size 400x300
            RenderView at (0,0) size 400x300
          layer at (0,0) size 400x300
            RenderBlock {HTML} at (0,0) size 400x300
              RenderBody {BODY} at (8,8) size 384x284 [bgcolor=#262626]
          layer at (40,30) size 320x240
            RenderVideo {VIDEO} at (40,30) size 320x240
          layer at (40,30) size 320x240
            RenderBlock (relative positioned) {DIV} at (0,0) size 320x240
          layer at (40,238) size 320x32
            RenderFlexibleBox (positioned) {DIV} at (0,208) size 320x32 [bgcolor=#00000099]
          layer at (47,244) size 18x19
            RenderButton {INPUT} at (7,6) size 18x19
          layer at (70,238) size 256x32
            RenderFlexibleBox (positioned) {DIV} at (30,0) size 256x32 [border: (1px solid #FFFFFF33) none (1px solid #FFFFFF33)]
              RenderSlider {INPUT} at (7,7) size 184x18 [color=#328CDF] [bgcolor=#FFFFFF14] [border: (1px solid #FFFFFF33)]
                RenderBlock {DIV} at (1,-5) size 9x29
          layer at (267,244) size 58x20 scrollHeight 21
            RenderFlexibleBox {DIV} at (197,6) size 58x20 [color=#FFFFFF]
              RenderBlock (anonymous) at (8,0) size 42x21
                RenderText {#text} at (0,1) size 42x19
                  text run at (0,1) width 42: "00:00"
          layer at (326,238) size 34x32
            RenderButton {INPUT} at (286,0) size 34x32
        RenderText {#text} at (0,0) size 0x0
        RenderText {#text} at (0,0) size 0x0
