layer at (0,0) size 800x600
  RenderView at (0,0) size 800x600
layer at (0,0) size 800x600
  RenderBlock {HTML} at (0,0) size 800x600
    RenderBody {BODY} at (8,8) size 784x584 [bgcolor=#CCCCCC]
      RenderBlock {P} at (0,0) size 784x16
        RenderText {#text} at (0,0) size 352x16
          text run at (0,0) width 352: "The style declarations which apply to the text below are:"
      RenderBlock {PRE} at (0,30) size 784x64
        RenderText {#text} at (0,0) size 88x64
          text run at (0,0) width 80: ".one {color: green;}"
          text run at (80,0) width 0: " "
          text run at (0,16) width 64: ".1 {color: red;}"
          text run at (64,16) width 0: " "
          text run at (0,32) width 76: ".a1 {color: green;}"
          text run at (76,32) width 0: " "
          text run at (0,48) width 88: "P.two {color: purple;}"
          text run at (88,48) width 0: " "
      RenderBlock {HR} at (0,108) size 784x2 [border: (1px inset #000000)]
      RenderBlock {P} at (0,124) size 784x16 [color=#008000]
        RenderText {#text} at (0,0) size 197x16
          text run at (0,0) width 197: "This sentence should be green."
      RenderBlock {P} at (0,154) size 784x16
        RenderText {#text} at (0,0) size 555x16
          text run at (0,0) width 555: "This sentence should be black, not red-- class selectors cannot begin with digits in CSS1."
      RenderBlock {P} at (0,184) size 784x16 [color=#008000]
        RenderText {#text} at (0,0) size 197x16
          text run at (0,0) width 197: "This sentence should be green."
      RenderBlock {P} at (0,214) size 784x16 [color=#800080]
        RenderText {#text} at (0,0) size 199x16
          text run at (0,0) width 199: "This sentence should be purple."
      RenderBlock {PRE} at (0,244) size 784x16
        RenderText {#text} at (0,0) size 140x16
          text run at (0,0) width 140: "This sentence should NOT be purple."
          text run at (140,0) width 0: " "
      RenderBlock {UL} at (0,274) size 784x16
        RenderListItem {LI} at (40,0) size 744x16
          RenderListMarker at (-16,0) size 6x16: bullet
          RenderText {#text} at (0,0) size 233x16
            text run at (0,0) width 233: "This sentence should NOT be purple."
      RenderTable {TABLE} at (0,304) size 577x214 [border: (1px outset #808080)]
        RenderTableSection {TBODY} at (1,1) size 575x212
          RenderTableRow {TR} at (0,0) size 575x24
            RenderTableCell {TD} at (0,0) size 575x24 [bgcolor=#C0C0C0] [border: (1px inset #808080)] [r=0 c=0 rs=1 cs=2]
              RenderInline {STRONG} at (0,0) size 157x16
                RenderText {#text} at (4,4) size 157x16
                  text run at (4,4) width 157: "TABLE Testing Section"
          RenderTableRow {TR} at (0,24) size 575x188
            RenderTableCell {TD} at (0,106) size 12x24 [bgcolor=#C0C0C0] [border: (1px inset #808080)] [r=1 c=0 rs=1 cs=1]
              RenderText {#text} at (4,4) size 4x16
                text run at (4,4) width 4: " "
            RenderTableCell {TD} at (12,24) size 563x188 [border: (1px inset #808080)] [r=1 c=1 rs=1 cs=1]
              RenderBlock {P} at (4,4) size 555x16 [color=#008000]
                RenderText {#text} at (0,0) size 197x16
                  text run at (0,0) width 197: "This sentence should be green."
              RenderBlock {P} at (4,34) size 555x16
                RenderText {#text} at (0,0) size 555x16
                  text run at (0,0) width 555: "This sentence should be black, not red-- class selectors cannot begin with digits in CSS1."
              RenderBlock {P} at (4,64) size 555x16 [color=#008000]
                RenderText {#text} at (0,0) size 197x16
                  text run at (0,0) width 197: "This sentence should be green."
              RenderBlock {P} at (4,94) size 555x16 [color=#800080]
                RenderText {#text} at (0,0) size 199x16
                  text run at (0,0) width 199: "This sentence should be purple."
              RenderBlock {PRE} at (4,124) size 555x16
                RenderText {#text} at (0,0) size 140x16
                  text run at (0,0) width 140: "This sentence should NOT be purple."
                  text run at (140,0) width 0: " "
              RenderBlock {UL} at (4,154) size 555x16
                RenderListItem {LI} at (40,0) size 515x16
                  RenderListMarker at (-16,0) size 6x16: bullet
                  RenderText {#text} at (0,0) size 233x16
                    text run at (0,0) width 233: "This sentence should NOT be purple."
