layer at (0,0) size 176x1776
  RenderView at (0,0) size 96x26
layer at (0,0) size 176x1776
  RenderBlock {HTML} at (0,0) size 96x1776
    RenderBody {BODY} at (8,8) size 80x1760 [bgcolor=#CCCCCC]
      RenderBlock {P} at (0,0) size 80x80
        RenderText {#text} at (0,0) size 77x80
          text run at (0,0) width 58: "The style"
          text run at (0,16) width 77: "declarations"
          text run at (0,32) width 74: "which apply"
          text run at (0,48) width 63: "to the text"
          text run at (0,64) width 64: "below are:"
      RenderBlock {PRE} at (0,94) size 80x240
        RenderText {#text} at (0,0) size 168x240
          text run at (0,0) width 116: "/* This is a CSS1 comment. */"
          text run at (116,0) width 0: " "
          text run at (0,16) width 168: ".one {color: green;} /* Another comment */"
          text run at (168,16) width 0: " "
          text run at (0,32) width 144: "/* The following should not be used:"
          text run at (144,32) width 0: " "
          text run at (0,48) width 84: ".two {color: red;} */"
          text run at (84,48) width 0: " "
          text run at (0,64) width 160: ".three {color: green; /* color: red; */}"
          text run at (160,64) width 0: " "
          text run at (0,80) width 12: "/**"
          text run at (12,80) width 0: " "
          text run at (0,96) width 88: ".four {color: red;} */"
          text run at (88,96) width 0: " "
          text run at (0,112) width 84: ".five {color: green;}"
          text run at (84,112) width 0: " "
          text run at (0,128) width 16: "/**/"
          text run at (16,128) width 0: " "
          text run at (0,144) width 80: ".six {color: green;}"
          text run at (80,144) width 0: " "
          text run at (0,160) width 44: "/*********/"
          text run at (44,160) width 0: " "
          text run at (0,176) width 88: ".seven {color: green;}"
          text run at (88,176) width 0: " "
          text run at (0,192) width 64: "/* a comment **/"
          text run at (64,192) width 0: " "
          text run at (0,208) width 88: ".eight {color: green;}"
          text run at (88,208) width 0: " "
          text run at (0,224) width 0: " "
      RenderBlock {HR} at (0,348) size 80x2 [border: (1px inset #000000)]
      RenderBlock {P} at (0,364) size 80x64 [color=#008000]
        RenderText {#text} at (0,0) size 60x64
          text run at (0,0) width 27: "This"
          text run at (0,16) width 58: "sentence"
          text run at (0,32) width 60: "should be"
          text run at (0,48) width 40: "green."
      RenderBlock {P} at (0,442) size 80x64
        RenderText {#text} at (0,0) size 60x64
          text run at (0,0) width 27: "This"
          text run at (0,16) width 58: "sentence"
          text run at (0,32) width 60: "should be"
          text run at (0,48) width 35: "black."
      RenderBlock {P} at (0,520) size 80x64 [color=#008000]
        RenderText {#text} at (0,0) size 60x64
          text run at (0,0) width 27: "This"
          text run at (0,16) width 58: "sentence"
          text run at (0,32) width 60: "should be"
          text run at (0,48) width 40: "green."
      RenderBlock {P} at (0,598) size 80x64
        RenderText {#text} at (0,0) size 60x64
          text run at (0,0) width 27: "This"
          text run at (0,16) width 58: "sentence"
          text run at (0,32) width 60: "should be"
          text run at (0,48) width 35: "black."
      RenderBlock {P} at (0,676) size 80x64 [color=#008000]
        RenderText {#text} at (0,0) size 60x64
          text run at (0,0) width 27: "This"
          text run at (0,16) width 58: "sentence"
          text run at (0,32) width 60: "should be"
          text run at (0,48) width 40: "green."
      RenderBlock {P} at (0,754) size 80x64 [color=#008000]
        RenderText {#text} at (0,0) size 60x64
          text run at (0,0) width 27: "This"
          text run at (0,16) width 58: "sentence"
          text run at (0,32) width 60: "should be"
          text run at (0,48) width 40: "green."
      RenderBlock {P} at (0,832) size 80x64 [color=#008000]
        RenderText {#text} at (0,0) size 60x64
          text run at (0,0) width 27: "This"
          text run at (0,16) width 58: "sentence"
          text run at (0,32) width 60: "should be"
          text run at (0,48) width 40: "green."
      RenderBlock {P} at (0,910) size 80x64 [color=#008000]
        RenderText {#text} at (0,0) size 60x64
          text run at (0,0) width 27: "This"
          text run at (0,16) width 58: "sentence"
          text run at (0,32) width 60: "should be"
          text run at (0,48) width 40: "green."
      RenderTable {TABLE} at (0,988) size 80x772 [border: (1px outset #808080)]
        RenderTableSection {TBODY} at (1,1) size 78x770
          RenderTableRow {TR} at (0,0) size 78x56
            RenderTableCell {TD} at (0,0) size 78x56 [bgcolor=#C0C0C0] [border: (1px inset #808080)] [r=0 c=0 rs=1 cs=2]
              RenderInline {STRONG} at (0,0) size 53x48
                RenderText {#text} at (4,4) size 53x48
                  text run at (4,4) width 45: "TABLE"
                  text run at (4,20) width 51: "Testing"
                  text run at (4,36) width 53: "Section"
          RenderTableRow {TR} at (0,56) size 78x714
            RenderTableCell {TD} at (0,401) size 12x24 [bgcolor=#C0C0C0] [border: (1px inset #808080)] [r=1 c=0 rs=1 cs=1]
              RenderText {#text} at (4,4) size 4x16
                text run at (4,4) width 4: " "
            RenderTableCell {TD} at (12,56) size 66x714 [border: (1px inset #808080)] [r=1 c=1 rs=1 cs=1]
              RenderBlock {P} at (4,4) size 58x80 [color=#008000]
                RenderText {#text} at (0,0) size 58x80
                  text run at (0,0) width 27: "This"
                  text run at (0,16) width 58: "sentence"
                  text run at (0,32) width 41: "should"
                  text run at (0,48) width 15: "be"
                  text run at (0,64) width 40: "green."
              RenderBlock {P} at (4,98) size 58x64
                RenderText {#text} at (0,0) size 58x64
                  text run at (0,0) width 27: "This"
                  text run at (0,16) width 58: "sentence"
                  text run at (0,32) width 41: "should"
                  text run at (0,48) width 54: "be black."
              RenderBlock {P} at (4,176) size 58x80 [color=#008000]
                RenderText {#text} at (0,0) size 58x80
                  text run at (0,0) width 27: "This"
                  text run at (0,16) width 58: "sentence"
                  text run at (0,32) width 41: "should"
                  text run at (0,48) width 15: "be"
                  text run at (0,64) width 40: "green."
              RenderBlock {P} at (4,270) size 58x64
                RenderText {#text} at (0,0) size 58x64
                  text run at (0,0) width 27: "This"
                  text run at (0,16) width 58: "sentence"
                  text run at (0,32) width 41: "should"
                  text run at (0,48) width 54: "be black."
              RenderBlock {P} at (4,348) size 58x80 [color=#008000]
                RenderText {#text} at (0,0) size 58x80
                  text run at (0,0) width 27: "This"
                  text run at (0,16) width 58: "sentence"
                  text run at (0,32) width 41: "should"
                  text run at (0,48) width 15: "be"
                  text run at (0,64) width 40: "green."
              RenderBlock {P} at (4,442) size 58x80 [color=#008000]
                RenderText {#text} at (0,0) size 58x80
                  text run at (0,0) width 27: "This"
                  text run at (0,16) width 58: "sentence"
                  text run at (0,32) width 41: "should"
                  text run at (0,48) width 15: "be"
                  text run at (0,64) width 40: "green."
              RenderBlock {P} at (4,536) size 58x80 [color=#008000]
                RenderText {#text} at (0,0) size 58x80
                  text run at (0,0) width 27: "This"
                  text run at (0,16) width 58: "sentence"
                  text run at (0,32) width 41: "should"
                  text run at (0,48) width 15: "be"
                  text run at (0,64) width 40: "green."
              RenderBlock {P} at (4,630) size 58x80 [color=#008000]
                RenderText {#text} at (0,0) size 58x80
                  text run at (0,0) width 27: "This"
                  text run at (0,16) width 58: "sentence"
                  text run at (0,32) width 41: "should"
                  text run at (0,48) width 15: "be"
                  text run at (0,64) width 40: "green."
