layer at (0,0) size 800x868
  RenderView at (0,0) size 800x600
layer at (0,0) size 800x868
  RenderBlock {HTML} at (0,0) size 800x868
    RenderBody {BODY} at (8,8) size 784x852 [bgcolor=#CCCCCC]
      RenderBlock {P} at (0,0) size 784x16
        RenderText {#text} at (0,0) size 352x16
          text run at (0,0) width 352: "The style declarations which apply to the text below are:"
      RenderBlock {PRE} at (0,30) size 784x160
        RenderText {#text} at (0,0) size 364x160
          text run at (0,0) width 312: "<LINK rel=\"stylesheet\" type=\"text/css\" href=\"linktest.css\" title=\"Default SS\">"
          text run at (312,0) width 0: " "
          text run at (0,16) width 364: "<LINK rel=\"alternate stylesheet\" type=\"text/css\" href=\"linktest2.css\" title=\"Alternate SS\">"
          text run at (364,16) width 0: " "
          text run at (0,32) width 104: "@import url(imptest1.css);"
          text run at (104,32) width 0: " "
          text run at (0,48) width 96: "@import \"imptest1a.css\";"
          text run at (96,48) width 0: " "
          text run at (0,64) width 64: "UL {color: red;}"
          text run at (64,64) width 0: " "
          text run at (0,80) width 88: ".four {color: purple;}"
          text run at (88,80) width 0: " "
          text run at (0,96) width 104: "@import url(imptest2.css);"
          text run at (104,96) width 0: " "
          text run at (0,112) width 16: "<!--"
          text run at (16,112) width 0: " "
          text run at (0,128) width 84: "P.six {color: green;}"
          text run at (84,128) width 0: " "
          text run at (0,144) width 12: "-->"
          text run at (12,144) width 0: " "
      RenderBlock {HR} at (0,204) size 784x2 [border: (1px inset #000000)]
      RenderBlock {P} at (0,220) size 784x16
        RenderText {#text} at (0,0) size 407x16
          text run at (0,0) width 407: "This sentence should be underlined due to the linked style sheet "
        RenderInline {CODE} at (0,0) size 48x16
          RenderText {#text} at (407,0) size 48x16
            text run at (407,0) width 48: "linktest.css"
        RenderText {#text} at (455,0) size 252x16
          text run at (455,0) width 252: ", the reference to which is shown above."
      RenderBlock {P} at (0,250) size 784x32
        RenderText {#text} at (0,0) size 441x16
          text run at (0,0) width 441: "This sentence should NOT be underlined due to the linked style sheet "
        RenderInline {CODE} at (0,0) size 52x16
          RenderText {#text} at (441,0) size 52x16
            text run at (441,0) width 52: "linktest2.css"
        RenderText {#text} at (493,0) size 7x16
          text run at (493,0) width 7: ", "
        RenderInline {STRONG} at (0,0) size 46x16
          RenderText {#text} at (500,0) size 46x16
            text run at (500,0) width 46: "unless"
        RenderText {#text} at (546,0) size 763x32
          text run at (546,0) width 217: " the external style sheet \"Alternate"
          text run at (0,16) width 262: "SS\" has been selected via the user agent."
      RenderBlock {UL} at (0,296) size 784x48 [color=#FF0000]
        RenderListItem {LI} at (40,0) size 744x16 [color=#008000]
          RenderListMarker at (-16,0) size 6x16: bullet
          RenderText {#text} at (0,0) size 396x16
            text run at (0,0) width 396: "This sentence should be green due to an imported style sheet ["
          RenderInline {CODE} at (0,0) size 104x16
            RenderText {#text} at (396,0) size 104x16
              text run at (396,0) width 104: "@import url(imptest1.css);"
          RenderText {#text} at (500,0) size 7x16
            text run at (500,0) width 7: "]."
        RenderListItem {LI} at (40,16) size 744x16 [color=#800080]
          RenderListMarker at (-16,0) size 6x16: bullet
          RenderText {#text} at (0,0) size 398x16
            text run at (0,0) width 398: "This sentence should be purple due to an imported style sheet ["
          RenderInline {CODE} at (0,0) size 92x16
            RenderText {#text} at (398,0) size 92x16
              text run at (398,0) width 92: "@import \"imptest1a.css\""
          RenderText {#text} at (490,0) size 7x16
            text run at (490,0) width 7: "]."
        RenderListItem {LI} at (40,32) size 744x16 [color=#008000]
          RenderListMarker at (-16,0) size 6x16: bullet
          RenderText {#text} at (0,0) size 390x16
            text run at (0,0) width 390: "This sentence should be green thanks to the STYLE attribute ["
          RenderInline {CODE} at (0,0) size 84x16
            RenderText {#text} at (390,0) size 84x16
              text run at (390,0) width 84: "STYLE=\"color: green;\""
          RenderText {#text} at (474,0) size 7x16
            text run at (474,0) width 7: "]."
      RenderBlock {P} at (0,358) size 784x16 [color=#800080]
        RenderText {#text} at (0,0) size 506x16
          text run at (0,0) width 506: "This sentence should be purple, and it doesn't have a terminating paragraph tag."
      RenderBlock {OL} at (0,388) size 784x48
        RenderListItem {LI} at (40,0) size 744x16
          RenderListMarker at (-19,0) size 15x16: "1"
          RenderText {#text} at (0,0) size 192x16
            text run at (0,0) width 192: "This list should NOT be purple."
        RenderListItem {LI} at (40,16) size 744x16
          RenderListMarker at (-19,0) size 15x16: "2"
          RenderText {#text} at (0,0) size 167x16
            text run at (0,0) width 167: "It should, instead, be black."
        RenderListItem {LI} at (40,32) size 744x16
          RenderListMarker at (-19,0) size 15x16: "3"
          RenderText {#text} at (0,0) size 504x16
            text run at (0,0) width 504: "If it IS purple, then the browser hasn't correctly parsed the preceding paragraph."
      RenderBlock {P} at (0,450) size 784x32
        RenderText {#text} at (0,0) size 697x16
          text run at (0,0) width 196: "This sentence should be black. "
          text run at (196,0) width 501: "If it is red, then the browser has inappropriately imported the styles from the file "
        RenderInline {TT} at (0,0) size 48x16
          RenderText {#text} at (697,0) size 48x16
            text run at (697,0) width 48: "imptest2.css"
        RenderText {#text} at (745,0) size 32x16
          text run at (745,0) width 32: " (see"
        RenderInline {A} at (0,0) size 68x16 [color=#0000FF]
          RenderText {#text} at (0,16) size 68x16
            text run at (0,16) width 68: "section 3.0"
        RenderText {#text} at (68,16) size 272x16
          text run at (68,16) width 272: " of the CSS1 specification for more details)."
      RenderBlock {P} at (0,496) size 784x16 [color=#008000]
        RenderText {#text} at (0,0) size 205x16
          text run at (0,0) width 205: "This paragraph should be green."
      RenderTable {TABLE} at (0,526) size 784x326 [border: (1px outset #808080)]
        RenderTableSection {TBODY} at (1,1) size 782x324
          RenderTableRow {TR} at (0,0) size 782x24
            RenderTableCell {TD} at (0,0) size 782x24 [bgcolor=#C0C0C0] [border: (1px inset #808080)] [r=0 c=0 rs=1 cs=2]
              RenderInline {STRONG} at (0,0) size 157x16
                RenderText {#text} at (4,4) size 157x16
                  text run at (4,4) width 157: "TABLE Testing Section"
          RenderTableRow {TR} at (0,24) size 782x300
            RenderTableCell {TD} at (0,162) size 12x24 [bgcolor=#C0C0C0] [border: (1px inset #808080)] [r=1 c=0 rs=1 cs=1]
              RenderText {#text} at (4,4) size 4x16
                text run at (4,4) width 4: " "
            RenderTableCell {TD} at (12,24) size 770x300 [border: (1px inset #808080)] [r=1 c=1 rs=1 cs=1]
              RenderBlock {P} at (4,4) size 762x16
                RenderText {#text} at (0,0) size 407x16
                  text run at (0,0) width 407: "This sentence should be underlined due to the linked style sheet "
                RenderInline {CODE} at (0,0) size 48x16
                  RenderText {#text} at (407,0) size 48x16
                    text run at (407,0) width 48: "linktest.css"
                RenderText {#text} at (455,0) size 252x16
                  text run at (455,0) width 252: ", the reference to which is shown above."
              RenderBlock {P} at (4,34) size 762x32
                RenderText {#text} at (0,0) size 441x16
                  text run at (0,0) width 441: "This sentence should NOT be underlined due to the linked style sheet "
                RenderInline {CODE} at (0,0) size 52x16
                  RenderText {#text} at (441,0) size 52x16
                    text run at (441,0) width 52: "linktest2.css"
                RenderText {#text} at (493,0) size 7x16
                  text run at (493,0) width 7: ", "
                RenderInline {STRONG} at (0,0) size 46x16
                  RenderText {#text} at (500,0) size 46x16
                    text run at (500,0) width 46: "unless"
                RenderText {#text} at (546,0) size 697x32
                  text run at (546,0) width 151: " the external style sheet"
                  text run at (0,16) width 328: "\"Alternate SS\" has been selected via the user agent."
              RenderBlock {UL} at (4,80) size 762x48 [color=#FF0000]
                RenderListItem {LI} at (40,0) size 722x16 [color=#008000]
                  RenderListMarker at (-16,0) size 6x16: bullet
                  RenderText {#text} at (0,0) size 396x16
                    text run at (0,0) width 396: "This sentence should be green due to an imported style sheet ["
                  RenderInline {CODE} at (0,0) size 104x16
                    RenderText {#text} at (396,0) size 104x16
                      text run at (396,0) width 104: "@import url(imptest1.css);"
                  RenderText {#text} at (500,0) size 7x16
                    text run at (500,0) width 7: "]."
                RenderListItem {LI} at (40,16) size 722x16 [color=#800080]
                  RenderListMarker at (-16,0) size 6x16: bullet
                  RenderText {#text} at (0,0) size 398x16
                    text run at (0,0) width 398: "This sentence should be purple due to an imported style sheet ["
                  RenderInline {CODE} at (0,0) size 92x16
                    RenderText {#text} at (398,0) size 92x16
                      text run at (398,0) width 92: "@import \"imptest1a.css\""
                  RenderText {#text} at (490,0) size 7x16
                    text run at (490,0) width 7: "]."
                RenderListItem {LI} at (40,32) size 722x16 [color=#008000]
                  RenderListMarker at (-16,0) size 6x16: bullet
                  RenderText {#text} at (0,0) size 390x16
                    text run at (0,0) width 390: "This sentence should be green thanks to the STYLE attribute ["
                  RenderInline {CODE} at (0,0) size 84x16
                    RenderText {#text} at (390,0) size 84x16
                      text run at (390,0) width 84: "STYLE=\"color: green;\""
                  RenderText {#text} at (474,0) size 7x16
                    text run at (474,0) width 7: "]."
              RenderBlock {P} at (4,142) size 762x16 [color=#800080]
                RenderText {#text} at (0,0) size 506x16
                  text run at (0,0) width 506: "This sentence should be purple, and it doesn't have a terminating paragraph tag."
              RenderBlock {OL} at (4,172) size 762x48
                RenderListItem {LI} at (40,0) size 722x16
                  RenderListMarker at (-19,0) size 15x16: "1"
                  RenderText {#text} at (0,0) size 192x16
                    text run at (0,0) width 192: "This list should NOT be purple."
                RenderListItem {LI} at (40,16) size 722x16
                  RenderListMarker at (-19,0) size 15x16: "2"
                  RenderText {#text} at (0,0) size 167x16
                    text run at (0,0) width 167: "It should, instead, be black."
                RenderListItem {LI} at (40,32) size 722x16
                  RenderListMarker at (-19,0) size 15x16: "3"
                  RenderText {#text} at (0,0) size 504x16
                    text run at (0,0) width 504: "If it IS purple, then the browser hasn't correctly parsed the preceding paragraph."
              RenderBlock {P} at (4,234) size 762x32
                RenderText {#text} at (0,0) size 697x16
                  text run at (0,0) width 196: "This sentence should be black. "
                  text run at (196,0) width 501: "If it is red, then the browser has inappropriately imported the styles from the file "
                RenderInline {TT} at (0,0) size 48x16
                  RenderText {#text} at (697,0) size 48x16
                    text run at (697,0) width 48: "imptest2.css"
                RenderText {#text} at (0,16) size 32x16
                  text run at (0,16) width 32: "(see "
                RenderInline {A} at (0,0) size 68x16 [color=#0000FF]
                  RenderText {#text} at (32,16) size 68x16
                    text run at (32,16) width 68: "section 3.0"
                RenderText {#text} at (100,16) size 272x16
                  text run at (100,16) width 272: " of the CSS1 specification for more details)."
              RenderBlock {P} at (4,280) size 762x16 [color=#008000]
                RenderText {#text} at (0,0) size 205x16
                  text run at (0,0) width 205: "This paragraph should be green."
