layer at (0,0) size 244x918
  RenderView at (0,0) size 96x26
layer at (0,0) size 244x918
  RenderBlock {HTML} at (0,0) size 96x918
    RenderBody {BODY} at (8,8) size 80x902 [bgcolor=#CCCCCC]
      RenderBlock {P} at (0,0) size 80x80
        RenderText {#text} at (0,0) size 77x80
          text run at (0,0) width 58: "The style"
          text run at (0,16) width 77: "declarations"
          text run at (0,32) width 74: "which apply"
          text run at (0,48) width 63: "to the text"
          text run at (0,64) width 64: "below are:"
      RenderBlock {PRE} at (0,94) size 80x128
        RenderText {#text} at (0,0) size 136x128
          text run at (0,0) width 80: "#one {color: green;}"
          text run at (80,0) width 0: " "
          text run at (0,16) width 76: "#a1 {color: green;}"
          text run at (76,16) width 0: " "
          text run at (0,32) width 112: "P#two, P#two2 {color: blue;}"
          text run at (112,32) width 0: " "
          text run at (0,48) width 136: "P#three, P#three2 {color: purple;}"
          text run at (136,48) width 0: " "
          text run at (0,64) width 84: "#four {color: green;}"
          text run at (84,64) width 0: " "
          text run at (0,80) width 76: "#a2 {color: green;}"
          text run at (76,80) width 0: " "
          text run at (0,96) width 120: "P#five, P#five2 {color: blue;}"
          text run at (120,96) width 0: " "
          text run at (0,112) width 120: "P#six, P#six2 {color: purple;}"
      RenderBlock {HR} at (0,236) size 80x2 [border: (1px inset #000000)]
      RenderBlock {P} at (0,252) size 80x64 [color=#008000]
        RenderText {#text} at (0,0) size 60x64
          text run at (0,0) width 27: "This"
          text run at (0,16) width 58: "sentence"
          text run at (0,32) width 60: "should be"
          text run at (0,48) width 40: "green."
      RenderBlock {P} at (0,330) size 80x64 [color=#008000]
        RenderText {#text} at (0,0) size 60x64
          text run at (0,0) width 27: "This"
          text run at (0,16) width 58: "sentence"
          text run at (0,32) width 60: "should be"
          text run at (0,48) width 40: "green."
      RenderBlock {P} at (0,408) size 80x64 [color=#0000FF]
        RenderText {#text} at (0,0) size 66x64
          text run at (0,0) width 27: "This"
          text run at (0,16) width 66: "paragraph"
          text run at (0,32) width 60: "should be"
          text run at (0,48) width 33: "blue ["
        RenderInline {TT} at (0,0) size 32x16
          RenderText {#text} at (33,48) size 32x16
            text run at (33,48) width 32: "ID=\"two\""
        RenderText {#text} at (65,48) size 7x16
          text run at (65,48) width 7: "]."
      RenderBlock {PRE} at (0,486) size 80x16
        RenderText {#text} at (0,0) size 196x16
          text run at (0,0) width 196: "This sentence should NOT be blue [PRE ID=\"two2\"]."
          text run at (196,0) width 0: " "
      RenderBlock {PRE} at (0,516) size 80x16
        RenderText {#text} at (0,0) size 236x16
          text run at (0,0) width 236: "This sentence should be black, not purple [PRE ID=\"three\"]."
          text run at (236,0) width 0: " "
      RenderBlock {UL} at (0,546) size 80x96
        RenderListItem {LI} at (40,0) size 40x96
          RenderListMarker at (-16,0) size 6x16: bullet
          RenderText {#text} at (0,0) size 58x96
            text run at (0,0) width 27: "This"
            text run at (0,16) width 58: "sentence"
            text run at (0,32) width 41: "should"
            text run at (0,48) width 30: "NOT"
            text run at (0,64) width 15: "be"
            text run at (0,80) width 42: "purple."
      RenderTable {TABLE} at (0,656) size 222x246 [border: (1px outset #808080)]
        RenderTableSection {TBODY} at (1,1) size 220x244
          RenderTableRow {TR} at (0,0) size 220x24
            RenderTableCell {TD} at (0,0) size 220x24 [bgcolor=#C0C0C0] [border: (1px inset #808080)] [r=0 c=0 rs=1 cs=2]
              RenderInline {STRONG} at (0,0) size 157x16
                RenderText {#text} at (4,4) size 157x16
                  text run at (4,4) width 157: "TABLE Testing Section"
          RenderTableRow {TR} at (0,24) size 220x220
            RenderTableCell {TD} at (0,122) size 12x24 [bgcolor=#C0C0C0] [border: (1px inset #808080)] [r=1 c=0 rs=1 cs=1]
              RenderText {#text} at (4,4) size 4x16
                text run at (4,4) width 4: " "
            RenderTableCell {TD} at (12,24) size 208x220 [border: (1px inset #808080)] [r=1 c=1 rs=1 cs=1]
              RenderBlock {P} at (4,4) size 200x16 [color=#008000]
                RenderText {#text} at (0,0) size 197x16
                  text run at (0,0) width 197: "This sentence should be green."
              RenderBlock {P} at (4,34) size 200x16 [color=#008000]
                RenderText {#text} at (0,0) size 197x16
                  text run at (0,0) width 197: "This sentence should be green."
              RenderBlock {P} at (4,64) size 200x32 [color=#0000FF]
                RenderText {#text} at (0,0) size 190x32
                  text run at (0,0) width 190: "This paragraph should be blue"
                  text run at (0,16) width 4: "["
                RenderInline {TT} at (0,0) size 36x16
                  RenderText {#text} at (4,16) size 36x16
                    text run at (4,16) width 36: "ID=\"five\""
                RenderText {#text} at (40,16) size 7x16
                  text run at (40,16) width 7: "]."
              RenderBlock {PRE} at (4,110) size 200x16
                RenderText {#text} at (0,0) size 200x16
                  text run at (0,0) width 200: "This sentence should NOT be blue [PRE ID=\"five2\"]."
                  text run at (200,0) width 0: " "
              RenderBlock {PRE} at (4,140) size 200x16
                RenderText {#text} at (0,0) size 180x16
                  text run at (0,0) width 180: "This sentence should be black [PRE ID=\"six\"]."
                  text run at (180,0) width 0: " "
              RenderBlock {UL} at (4,170) size 200x32
                RenderListItem {LI} at (40,0) size 160x32
                  RenderListMarker at (-16,0) size 6x16: bullet
                  RenderText {#text} at (0,0) size 134x32
                    text run at (0,0) width 134: "This sentence should"
                    text run at (0,16) width 95: "NOT be purple."
