layer at (0,0) size 800x600
  RenderCanvas at (0,0) size 800x600
layer at (0,0) size 800x38
  RenderBlock {HTML} at (0,0) size 800x38
    RenderBody {BODY} at (8,8) size 784x22
      RenderTable {TABLE} at (0,0) size 784x22
        RenderTableSection {TBODY} at (0,0) size 0x22
          RenderTableRow {TR} at (0,0) size 0x0
            RenderTableCell {TD} at (0,2) size 712x17 [r=0 c=0 rs=1 cs=1]
              RenderText {TEXT} at (0,0) size 230x17
                text run at (0,0) width 230: "Post to Confessions of a Mozillian"
            RenderTableCell {TD} at (712,2) size 72x17 [r=0 c=1 rs=1 cs=1]
              RenderText {TEXT} at (0,0) size 23x17
                text run at (0,0) width 23: "foo"
