layer at (0,0) size 800x600
  RenderCanvas at (0,0) size 800x600
layer at (0,0) size 800x488
  RenderBlock {HTML} at (0,0) size 800x488
    RenderBody {BODY} at (8,8) size 784x472
      RenderTable {TABLE} at (0,0) size 784x50
        RenderTableSection {TBODY} at (0,0) size 0x50
          RenderTableRow {TR} at (0,0) size 0x0
            RenderTableCell {TD} at (2,5) size 49x19 [r=0 c=0 rs=1 cs=1]
              RenderText {TEXT} at (1,1) size 32x17
                text run at (1,1) width 32: "URL:"
            RenderTableCell {TD} at (53,2) size 729x25 [r=0 c=1 rs=1 cs=1]
              RenderLineEdit {INPUT} at (1,3) size 727x19
          RenderTableRow {TR} at (0,0) size 0x0
            RenderTableCell {TD} at (2,29) size 780x19 [bgcolor=#FF0000] [r=1 c=0 rs=1 cs=2]
              RenderText {TEXT} at (1,1) size 266x17
                text run at (1,1) width 266: "Alongwordtogiveyouanicebigminwidth."
      RenderTable {TABLE} at (0,50) size 100x104 [bgcolor=#FF0000]
        RenderTableSection {TBODY} at (2,2) size 0x100 [bgcolor=#000000]
          RenderTableRow {TR} at (0,0) size 0x0
            RenderTableCell {TD} at (2,48) size 92x4 [r=0 c=0 rs=1 cs=1]
      RenderTable {TABLE} at (0,154) size 156x124
        RenderTableSection {TBODY} at (2,2) size 0x120
          RenderTableRow {TR} at (0,0) size 0x0
            RenderTableCell {TD} at (2,2) size 148x21 [r=0 c=0 rs=1 cs=1]
              RenderText {TEXT} at (2,2) size 34x17
                text run at (2,2) width 34: "hello"
          RenderTableRow {TR} at (0,0) size 0x0
            RenderTableCell {TD} at (2,25) size 148x21 [r=1 c=0 rs=1 cs=1]
              RenderText {TEXT} at (2,2) size 74x17
                text run at (2,2) width 74: "more hello"
          RenderTableRow {TR} at (0,0) size 0x0
            RenderTableCell {TD} at (2,48) size 148x21 [r=2 c=0 rs=1 cs=1]
              RenderText {TEXT} at (2,2) size 38x17
                text run at (2,2) width 38: "world"
          RenderTableRow {TR} at (0,0) size 0x0
            RenderTableCell {TD} at (2,71) size 148x47 [r=3 c=0 rs=1 cs=1]
              RenderTextArea {TEXTAREA} at (4,2) size 140x43
      RenderTable {TABLE} at (0,278) size 106x74
        RenderTableSection {TBODY} at (0,0) size 0x74
          RenderTableRow {TR} at (0,0) size 0x0
            RenderTableCell {TD} at (2,2) size 102x70 [r=0 c=0 rs=1 cs=1]
              RenderText {TEXT} at (1,1) size 93x68
                text run at (1,1) width 93: "I should wrap"
                text run at (1,18) width 89: "and not have"
                text run at (1,35) width 60: "nowrap. "
                text run at (61,35) width 5: "I"
                text run at (1,52) width 92: "really should."
      RenderTable {TABLE} at (0,352) size 106x74
        RenderTableSection {TBODY} at (0,0) size 0x74
          RenderTableRow {TR} at (0,0) size 0x0
            RenderTableCell {TD} at (2,2) size 102x70 [r=0 c=0 rs=1 cs=1]
              RenderBlock {DIV} at (1,1) size 100x68
                RenderText {TEXT} at (0,0) size 93x68
                  text run at (0,0) width 93: "I should wrap"
                  text run at (0,17) width 89: "and not have"
                  text run at (0,34) width 60: "nowrap. "
                  text run at (60,34) width 5: "I"
                  text run at (0,51) width 92: "really should."
      RenderTable {TABLE} at (0,426) size 392x23
        RenderTableSection {TBODY} at (0,0) size 0x23
          RenderTableRow {TR} at (0,0) size 0x0
            RenderTableCell {TD} at (2,2) size 388x19 [r=0 c=0 rs=1 cs=1]
              RenderText {TEXT} at (1,1) size 386x17
                text run at (1,1) width 155: "I should have nowrap. "
                text run at (156,1) width 105: "I really should. "
                text run at (261,1) width 126: "Definitely. Should."
      RenderTable {TABLE} at (0,449) size 392x23
        RenderTableSection {TBODY} at (0,0) size 0x23
          RenderTableRow {TR} at (0,0) size 0x0
            RenderTableCell {TD} at (2,2) size 388x19 [r=0 c=0 rs=1 cs=1]
              RenderBlock {DIV} at (1,1) size 386x17
                RenderText {TEXT} at (0,0) size 386x17
                  text run at (0,0) width 155: "I should have nowrap. "
                  text run at (155,0) width 105: "I really should. "
                  text run at (260,0) width 126: "Definitely. Should."
