layer at (0,0) size 800x600
  RenderCanvas at (0,0) size 800x600
layer at (0,0) size 800x101
  RenderBlock {HTML} at (0,0) size 800x101
    RenderBody {BODY} at (8,8) size 784x85
      RenderTable {TABLE} at (0,0) size 770x85
        RenderTableSection {TBODY} at (0,0) size 0x85
          RenderTableRow {TR} at (0,0) size 0x0
            RenderTableCell {TD} at (0,34) size 130x17 [bgcolor=#008000] [r=0 c=0 rs=5 cs=1]
              RenderTable {TABLE} at (0,0) size 130x17 [bgcolor=#000000]
                RenderTableSection {TBODY} at (0,0) size 0x17
                  RenderTableRow {TR} at (0,0) size 0x0
                    RenderTableCell {TD} at (0,0) size 130x17 [r=0 c=0 rs=1 cs=1]
                      RenderImage {IMG} at (0,0) size 130x0
                      RenderBR {BR} at (0,0) size 0x0
                      RenderText {TEXT} at (0,0) size 9x17
                        text run at (0,0) width 9: "1"
            RenderTableCell {TD} at (130,39) size 1x7 [bgcolor=#FF0000] [r=0 c=1 rs=5 cs=1]
              RenderImage {IMG} at (0,0) size 1x7 [bgcolor=#000000]
            RenderTableCell {TD} at (131,0) size 280x17 [bgcolor=#800080] [r=0 c=2 rs=1 cs=1]
              RenderText {TEXT} at (0,0) size 9x17
                text run at (0,0) width 9: "3"
            RenderTableCell {TD} at (411,0) size 9x17 [bgcolor=#0000FF] [r=0 c=3 rs=1 cs=1]
              RenderText {TEXT} at (0,0) size 9x17
                text run at (0,0) width 9: "4"
            RenderTableCell {TD} at (420,0) size 350x17 [bgcolor=#FFA500] [r=0 c=4 rs=1 cs=1]
              RenderText {TEXT} at (0,0) size 9x17
                text run at (0,0) width 9: "5"
          RenderTableRow {TR} at (0,0) size 0x0
            RenderTableCell {TD} at (131,25) size 280x17 [bgcolor=#800080] [r=1 c=2 rs=2 cs=1]
              RenderImage {IMG} at (0,0) size 280x0 [bgcolor=#000000]
              RenderBR {BR} at (0,0) size 0x0 [bgcolor=#000000]
              RenderText {TEXT} at (0,0) size 9x17
                text run at (0,0) width 9: "3"
            RenderTableCell {TD} at (411,25) size 9x17 [bgcolor=#0000FF] [r=1 c=3 rs=2 cs=1]
              RenderText {TEXT} at (0,0) size 9x17
                text run at (0,0) width 9: "4"
            RenderTableCell {TD} at (420,17) size 350x17 [bgcolor=#FFA500] [r=1 c=4 rs=1 cs=1]
              RenderText {TEXT} at (0,0) size 9x17
                text run at (0,0) width 9: "5"
          RenderTableRow {TR} at (0,0) size 0x0
            RenderTableCell {TD} at (420,34) size 350x17 [r=2 c=4 rs=1 cs=1]
              RenderTable {TABLE} at (0,0) size 350x17 [bgcolor=#FFA500]
                RenderTableSection {TBODY} at (0,0) size 0x17 [bgcolor=#000000]
                  RenderTableRow {TR} at (0,0) size 0x0
                    RenderTableCell {TD} at (0,0) size 273x17 [r=0 c=0 rs=1 cs=1]
                      RenderImage {IMG} at (0,0) size 267x0
                      RenderBR {BR} at (0,0) size 0x0
                      RenderText {TEXT} at (0,0) size 9x17
                        text run at (0,0) width 9: "5"
                    RenderTableCell {TD} at (273,8) size 77x0 [r=0 c=1 rs=1 cs=1]
                      RenderImage {IMG} at (0,0) size 77x0
          RenderTableRow {TR} at (0,0) size 0x0
            RenderTableCell {TD} at (131,51) size 280x17 [bgcolor=#800080] [r=3 c=2 rs=1 cs=1]
              RenderText {TEXT} at (0,0) size 9x17
                text run at (0,0) width 9: "3"
            RenderTableCell {TD} at (411,51) size 9x17 [bgcolor=#0000FF] [r=3 c=3 rs=1 cs=1]
              RenderText {TEXT} at (0,0) size 9x17
                text run at (0,0) width 9: "4"
            RenderTableCell {TD} at (420,51) size 350x17 [bgcolor=#FFA500] [r=3 c=4 rs=1 cs=1]
              RenderText {TEXT} at (0,0) size 9x17
                text run at (0,0) width 9: "5"
          RenderTableRow {TR} at (0,0) size 0x0
            RenderTableCell {TD} at (131,68) size 280x17 [bgcolor=#800080] [r=4 c=2 rs=1 cs=1]
              RenderText {TEXT} at (0,0) size 9x17
                text run at (0,0) width 9: "3"
            RenderTableCell {TD} at (411,68) size 9x17 [bgcolor=#0000FF] [r=4 c=3 rs=1 cs=1]
              RenderText {TEXT} at (0,0) size 9x17
                text run at (0,0) width 9: "4"
            RenderTableCell {TD} at (420,68) size 350x17 [bgcolor=#FFA500] [r=4 c=4 rs=1 cs=1]
              RenderText {TEXT} at (0,0) size 9x17
                text run at (0,0) width 9: "5"
