layer at (0,0) size 800x600
  RenderCanvas at (0,0) size 800x600
layer at (0,0) size 800x236
  RenderBlock {HTML} at (0,0) size 800x236
    RenderBody {BODY} at (0,0) size 800x222 [bgcolor=#FFFFFF]
      RenderBlock {CENTER} at (0,0) size 800x222 [bgcolor=#000000]
        RenderTable {TABLE} at (0,0) size 800x222 [bgcolor=#CCCCCC]
          RenderTableSection {TBODY} at (1,1) size 0x220 [bgcolor=#000000]
            RenderTableRow {TR} at (0,0) size 0x0
              RenderTableCell {TD} at (0,0) size 798x220 [r=0 c=0 rs=1 cs=1]
                RenderBlock {DIV} at (82,1) size 634x54
                  RenderTable {TABLE} at (2,2) size 630x216 [bgcolor=#CCCCCC]
                    RenderTableSection {TBODY} at (2,2) size 0x212 [bgcolor=#000000]
                      RenderTableRow {TR} at (0,0) size 0x0
                        RenderTableCell {TD} at (15,15) size 596x182 [r=0 c=0 rs=1 cs=1]
                          RenderTable {TABLE} at (249,1) size 97x180 [bgcolor=#CCCCCC]
                            RenderTableSection {TBODY} at (0,0) size 0x180 [bgcolor=#000000]
                              RenderTableRow {TR} at (0,0) size 0x0
                                RenderTableCell {TD} at (0,0) size 97x180 [r=0 c=0 rs=1 cs=1]
                                  RenderImage {IMG} at (0,0) size 97x180
      RenderBlock {P} at (0,236) size 800x0 [bgcolor=#000000]
      RenderBlock (floating) {DIV} at (0,236) size 104x54 [bgcolor=#000000]
        RenderText {TEXT} at (2,2) size 91x51
          text run at (2,2) width 89: "Here is some"
          text run at (2,19) width 36: "text. "
          text run at (38,19) width 55: "I should"
          text run at (2,36) width 63: "overflow."
        RenderBR {BR} at (0,0) size 0x0
        RenderText {TEXT} at (2,53) size 99x17
          text run at (2,53) width 99: "I will overflow."
        RenderBR {BR} at (0,0) size 0x0
        RenderText {TEXT} at (2,70) size 99x34
          text run at (2,70) width 99: "I definitely will"
          text run at (2,87) width 58: "overflow"
        RenderBR {BR} at (0,0) size 0x0
        RenderText {TEXT} at (2,104) size 71x34
          text run at (2,104) width 71: "I promis. I"
          text run at (2,121) width 68: "lvoerflow."
        RenderBR {BR} at (0,0) size 0x0
        RenderText {TEXT} at (2,138) size 45x17
          text run at (2,138) width 45: "Really."
      RenderBlock {P} at (0,236) size 800x0 [bgcolor=#000000]
