layer at (0,0) size 800x600
  RenderCanvas at (0,0) size 800x600
layer at (0,0) size 800x284
  RenderBlock {HTML} at (0,0) size 800x284
    RenderBody {BODY} at (8,8) size 784x268
      RenderBlock (anonymous) at (0,0) size 784x17
        RenderText {TEXT} at (0,0) size 31x17
          text run at (0,0) width 31: "Text"
      RenderTable {TABLE} at (0,17) size 784x100
        RenderTableSection {TBODY} at (0,0) size 0x100
          RenderTableRow {TR} at (0,0) size 0x0
            RenderTableCell {TD} at (0,50) size 784x0 [r=0 c=0 rs=1 cs=1]
      RenderBlock (anonymous) at (0,117) size 784x17
        RenderText {TEXT} at (0,0) size 351x17
          text run at (0,0) width 351: "This text is 100 pixels lower than the previous line."
      RenderTable {TABLE} at (0,134) size 784x100
        RenderTableSection {TBODY} at (0,0) size 0x100
          RenderTableRow {TR} at (0,0) size 0x0
      RenderBlock (anonymous) at (0,234) size 784x17
        RenderText {TEXT} at (0,0) size 351x17
          text run at (0,0) width 351: "This text is 100 pixels lower than the previous line."
      RenderTable {TABLE} at (0,251) size 784x0
      RenderBlock (anonymous) at (0,251) size 784x17
        RenderText {TEXT} at (0,0) size 335x17
          text run at (0,0) width 335: "No space between this line and the previous line."
        RenderText {TEXT} at (0,0) size 0x0
        RenderText {TEXT} at (0,0) size 0x0
