layer at (0,0) size 800x600
  RenderCanvas at (0,0) size 800x600
layer at (0,0) size 800x111
  RenderBlock {HTML} at (0,0) size 800x111
    RenderBody {BODY} at (8,8) size 784x86
      RenderBlock (anonymous) at (0,0) size 784x86
        RenderImage {IMG} at (0,0) size 132x86
        RenderText {TEXT} at (0,0) size 0x0
      RenderBlock {H2} at (0,103) size 784x0
      RenderTable {TABLE} at (0,103) size 132x34
        RenderTableSection {TBODY} at (0,0) size 0x34
          RenderTableRow {TR} at (0,0) size 0x0
            RenderTableCell {TD} at (0,0) size 132x17 [r=0 c=0 rs=1 cs=1]
              RenderText {TEXT} at (0,0) size 34x17
                text run at (0,0) width 34: "hello"
          RenderTableRow {TR} at (0,0) size 0x0
            RenderTableCell {TD} at (0,17) size 132x17 [r=1 c=0 rs=1 cs=1]
              RenderText {TEXT} at (0,0) size 59x17
                text run at (0,0) width 59: "goodbye"
