layer at (0,0) size 800x600
  RenderCanvas at (0,0) size 800x600
layer at (0,0) size 800x88
  RenderBlock {HTML} at (0,0) size 800x88
    RenderBody {BODY} at (8,8) size 784x72
      RenderTable {TABLE} at (0,0) size 47x29
        RenderTableSection {TBODY} at (3,3) size 0x23
          RenderTableRow {TR} at (0,0) size 0x0
            RenderTableCell {TD} at (2,2) size 37x19 [r=0 c=0 rs=1 cs=1]
              RenderText {TEXT} at (1,1) size 35x17
                text run at (1,1) width 35: "Hello"
      RenderTable {TABLE} at (0,43) size 47x29
        RenderTableSection {TBODY} at (3,3) size 0x23
          RenderTableRow {TR} at (0,0) size 0x0
            RenderTableCell {TD} at (2,2) size 37x19 [r=0 c=0 rs=1 cs=1]
              RenderText {TEXT} at (1,1) size 35x17
                text run at (1,1) width 35: "Hello"
