layer at (0,0) size 800x600
  RenderCanvas at (0,0) size 800x600
layer at (0,0) size 800x118
  RenderBlock {HTML} at (0,0) size 800x118
    RenderBody {BODY} at (8,8) size 784x102
      RenderTable {TABLE} at (0,0) size 784x102 [bgcolor=#808000]
        RenderTableSection {TBODY} at (0,0) size 0x102 [bgcolor=#000000]
          RenderTableRow {TR} at (0,0) size 0x0
            RenderTableCell {TD} at (0,0) size 77x102 [r=0 c=0 rs=1 cs=1]
              RenderText {TEXT} at (0,0) size 77x102
                text run at (0,0) width 55: "Dorothy"
                text run at (0,17) width 77: "Rothschild:"
                text run at (0,34) width 37: "Love,"
                text run at (0,51) width 63: "curiosity,"
                text run at (0,68) width 54: "freckles"
                text run at (0,85) width 26: "and"
            RenderTableCell {TD} at (77,0) size 707x17 [bgcolor=#008000] [r=0 c=1 rs=1 cs=1]
              RenderText {TEXT} at (0,0) size 205x17
                text run at (0,0) width 205: "Animal Friends Rescue Project"
