layer at (0,0) size 800x600
  RenderCanvas at (0,0) size 800x600
layer at (0,0) size 800x43
  RenderBlock {HTML} at (0,0) size 800x43
    RenderBody {BODY} at (8,8) size 784x27
      RenderTable {TABLE} at (0,0) size 500x27
        RenderTableSection {TBODY} at (1,1) size 0x25
          RenderTableRow {TR} at (0,0) size 0x0
            RenderTableCell {TD} at (2,2) size 221x21 [r=0 c=0 rs=1 cs=1]
              RenderText {TEXT} at (2,2) size 165x17
                text run at (2,2) width 165: "Dell Inspiron Notebooks"
            RenderTableCell {TD} at (225,2) size 271x21 [r=0 c=1 rs=1 cs=1]
              RenderText {TEXT} at (2,2) size 165x17
                text run at (2,2) width 165: "Dell Inspiron Notebooks"
