layer at (0,0) size 800x600
  RenderCanvas at (0,0) size 800x600
layer at (0,0) size 800x8
  RenderBlock {HTML} at (0,0) size 800x8
    RenderBody {BODY} at (8,8) size 784x0
      RenderTable {TABLE} at (713,0) size 71x29
        RenderTableSection {TBODY} at (0,0) size 0x29
          RenderTableRow {TR} at (0,0) size 0x0
            RenderTableCell {TD} at (2,2) size 67x25 [r=0 c=0 rs=1 cs=1]
              RenderBlock (floating) {DIV} at (1,1) size 65x23
                RenderTable {TABLE} at (0,0) size 65x23
                  RenderTableSection {TBODY} at (0,0) size 0x23
                    RenderTableRow {TR} at (0,0) size 0x0
                      RenderTableCell {TD} at (2,2) size 10x19 [r=0 c=0 rs=1 cs=1]
                        RenderText {TEXT} at (1,1) size 8x17
                          text run at (1,1) width 8: "a"
                      RenderTableCell {TD} at (14,2) size 37x19 [r=0 c=1 rs=1 cs=1]
                        RenderText {TEXT} at (1,1) size 35x17
                          text run at (1,1) width 35: "Hello"
                      RenderTableCell {TD} at (53,2) size 10x19 [r=0 c=2 rs=1 cs=1]
                        RenderText {TEXT} at (1,1) size 8x17
                          text run at (1,1) width 8: "c"
                RenderText {TEXT} at (0,0) size 0x0
              RenderText {TEXT} at (0,0) size 0x0
