layer at (0,0) size 823x600
  RenderCanvas at (0,0) size 800x600
layer at (0,0) size 823x337
  RenderBlock {HTML} at (0,0) size 800x337
    RenderBody {BODY} at (8,8) size 784x321
      RenderTable {TABLE} at (0,0) size 815x321
        RenderTableSection {TBODY} at (0,0) size 0x321
          RenderTableRow {TR} at (0,0) size 0x0
            RenderTableCell {TD} at (0,0) size 815x25 [r=0 c=0 rs=1 cs=3]
              RenderText {TEXT} at (4,4) size 242x17
                text run at (4,4) width 143: "\x{A0}\x{A0}\x{A0}Join Now\x{A0}\x{A0}\x{A0}Sign In\x{A0}\x{A0} "
                text run at (147,4) width 99: "\x{A0}\x{A0} Personalize:\x{A0}"
              RenderInline {A} at (0,0) size 55x17
                RenderText {TEXT} at (246,4) size 55x17
                  text run at (246,4) width 55: "Settings"
              RenderText {TEXT} at (301,4) size 16x17
                text run at (301,4) width 16: "\x{A0}\x{2022}\x{A0}"
              RenderInline {A} at (0,0) size 54x17
                RenderText {TEXT} at (317,4) size 54x17
                  text run at (317,4) width 54: "Content"
              RenderText {TEXT} at (371,4) size 16x17
                text run at (371,4) width 16: "\x{A0}\x{2022}\x{A0}"
              RenderInline {A} at (0,0) size 46x17
                RenderText {TEXT} at (387,4) size 46x17
                  text run at (387,4) width 46: "Layout"
              RenderText {TEXT} at (433,4) size 16x17
                text run at (433,4) width 16: "\x{A0}\x{2022}\x{A0}"
              RenderInline {A} at (0,0) size 116x17
                RenderText {TEXT} at (449,4) size 116x17
                  text run at (449,4) width 116: "Colors & Themes"
              RenderText {TEXT} at (565,4) size 16x17
                text run at (565,4) width 16: "\x{A0}\x{2022}\x{A0}"
              RenderInline {A} at (0,0) size 47x17
                RenderText {TEXT} at (581,4) size 47x17
                  text run at (581,4) width 47: "Sign In"
              RenderText {TEXT} at (628,4) size 183x17
                text run at (628,4) width 8: "\x{A0} "
                text run at (636,4) width 89: "\x{A0}\x{A0} My Links:\x{A0}\x{A0} "
                text run at (725,4) width 86: "\x{A0}\x{A0}Lite\x{A0}\x{2022}\x{A0}Email"
          RenderTableRow {TR} at (0,0) size 0x0
            RenderTableCell {TD} at (0,169) size 8x8 [r=1 c=0 rs=1 cs=1]
            RenderTableCell {TD} at (8,25) size 587x296 [r=1 c=1 rs=1 cs=1]
              RenderTable {TABLE} at (4,4) size 579x288
                RenderTableSection {TBODY} at (0,0) size 0x288
                  RenderTableRow {TR} at (0,0) size 0x0
                    RenderTableCell {TD} at (2,2) size 575x284 [r=0 c=0 rs=1 cs=1]
                      RenderTable {TABLE} at (2,2) size 571x280
                        RenderTableSection {TBODY} at (0,0) size 0x280
                          RenderTableRow {TR} at (0,0) size 0x0
                            RenderTableCell {TD} at (2,138) size 243x4 [r=0 c=0 rs=1 cs=1]
                            RenderTableCell {TD} at (247,2) size 76x276 [r=0 c=1 rs=1 cs=1]
                              RenderText {TEXT} at (2,2) size 72x272
                                text run at (2,2) width 58: "This guy"
                                text run at (2,19) width 46: "should"
                                text run at (2,36) width 58: "have the"
                                text run at (2,53) width 63: "really big"
                                text run at (2,70) width 72: "maxwidth."
                                text run at (2,87) width 14: "It "
                                text run at (16,87) width 46: "should"
                                text run at (2,104) width 43: "be big"
                                text run at (2,121) width 70: "enough to"
                                text run at (2,138) width 37: "really"
                                text run at (2,155) width 37: "really"
                                text run at (2,172) width 39: "screw"
                                text run at (2,189) width 70: "things up."
                                text run at (2,206) width 47: "That is"
                                text run at (2,223) width 42: "what I"
                                text run at (2,240) width 62: "think will"
                                text run at (2,257) width 39: "work."
                            RenderTableCell {TD} at (325,138) size 244x4 [r=0 c=2 rs=1 cs=1]
            RenderTableCell {TD} at (595,160) size 220x26 [r=1 c=2 rs=1 cs=1]
              RenderImage {IMG} at (4,4) size 212x18
              RenderText {TEXT} at (0,0) size 0x0
