layer at (0,0) size 800x600
  RenderCanvas at (0,0) size 800x600
layer at (0,0) size 800x50
  RenderBlock {HTML} at (0,0) size 800x50
    RenderBody {BODY} at (8,8) size 784x34
      RenderText {TEXT} at (0,0) size 754x34
        text run at (0,0) width 356: "Because we're in quirks mode, you should see a 100"
        text run at (356,0) width 183: "x100 green square below. "
        text run at (539,0) width 215: "If the square is only a couple of"
        text run at (0,17) width 293: "pixels wide or tall, then the test has failed."
layer at (8,50) size 100x50
  RenderBlock (positioned) {DIV} at (8,50) size 100x50
    RenderText {TEXT} at (0,0) size 0x0
    RenderBlock (floating) {DIV} at (0,0) size 100x50 [bgcolor=#008000]
      RenderTable {TABLE} at (0,0) size 100x6 [bgcolor=#000000]
        RenderTableSection {TBODY} at (0,0) size 0x6
          RenderTableRow {TR} at (0,0) size 0x0
            RenderTableCell {TD} at (2,2) size 96x2 [r=0 c=0 rs=1 cs=1]
    RenderText {TEXT} at (0,0) size 0x0
layer at (8,100) size 100x50
  RenderBlock (positioned) {DIV} at (0,50) size 100x50 [bgcolor=#008000]
    RenderTable {TABLE} at (0,0) size 100x6 [bgcolor=#000000]
      RenderTableSection {TBODY} at (0,0) size 0x6
        RenderTableRow {TR} at (0,0) size 0x0
          RenderTableCell {TD} at (2,2) size 96x2 [r=0 c=0 rs=1 cs=1]
