layer at (0,0) size 800x600
  RenderCanvas at (0,0) size 800x600
layer at (0,0) size 800x45
  RenderBlock {HTML} at (0,0) size 800x45
    RenderBody {BODY} at (8,8) size 784x29 [color=#FFFFFF]
      RenderTable {TABLE} at (0,0) size 400x29
        RenderTableSection {TBODY} at (0,0) size 0x29
          RenderTableRow {TR} at (0,0) size 0x0
            RenderTableCell {TD} at (2,2) size 396x25 [color=#800080] [bgcolor=#008000] [r=0 c=0 rs=1 cs=1]
              RenderTable {TABLE} at (1,1) size 374x23 [color=#FFFFFF] [bgcolor=#000000]
                RenderTableSection {TBODY} at (0,0) size 0x23
                  RenderTableRow {TR} at (0,0) size 0x0
                    RenderTableCell {TD} at (2,2) size 370x19 [r=0 c=0 rs=1 cs=1]
                      RenderText {TEXT} at (1,1) size 368x17
                        text run at (1,1) width 368: "This text should be white, since we're in quirks mode."
