layer at (0,0) size 800x600
  RenderCanvas at (0,0) size 800x600
layer at (0,0) size 800x600
  RenderBlock {HTML} at (0,0) size 800x600
    RenderBody {BODY} at (8,8) size 784x584
      RenderTable {TABLE} at (0,0) size 645x584
        RenderTableSection {TBODY} at (0,0) size 0x584
          RenderTableRow {TR} at (0,0) size 0x0
            RenderTableCell {TD} at (0,0) size 645x21 [r=0 c=0 rs=1 cs=1]
              RenderBlock {DIV} at (0,0) size 645x21
                RenderText {TEXT} at (2,2) size 193x17
                  text run at (2,2) width 193: "i am the text of the first row"
          RenderTableRow {TR} at (0,0) size 0x0
            RenderTableCell {TD} at (0,21) size 645x21 [r=1 c=0 rs=1 cs=1]
              RenderBlock {DIV} at (0,0) size 645x21
                RenderText {TEXT} at (2,2) size 214x17
                  text run at (2,2) width 214: "i am the text of the second row"
