layer at (0,0) size 800x600
  RenderCanvas at (0,0) size 800x600
layer at (0,0) size 800x156
  RenderBlock {HTML} at (0,0) size 800x156
    RenderBody {BODY} at (8,16) size 784x124
      RenderTable {TABLE} at (16,0) size 88x60 [border: (3px solid #FF0000)]
        RenderTableSection {TBODY} at (3,3) size 0x54
          RenderTableRow {TR} at (0,0) size 0x0
            RenderTableCell {TD} at (2,2) size 78x50 [r=0 c=0 rs=1 cs=1]
              RenderTable {TABLE} at (1,1) size 73x24 [color=#FFFFFF] [bgcolor=#800080]
                RenderTableSection {TBODY} at (0,0) size 0x24
                  RenderTableRow {TR} at (0,0) size 0x0
                    RenderTableCell {TD} at (2,2) size 69x20 [r=0 c=0 rs=1 cs=1]
                      RenderText {TEXT} at (1,1) size 67x18
                        text run at (1,1) width 67: "Table One"
              RenderTable {TABLE} at (1,25) size 76x24 [color=#FFFFFF] [bgcolor=#800080]
                RenderTableSection {TBODY} at (0,0) size 0x24
                  RenderTableRow {TR} at (0,0) size 0x0
                    RenderTableCell {TD} at (2,2) size 72x20 [r=0 c=0 rs=1 cs=1]
                      RenderText {TEXT} at (1,1) size 70x18
                        text run at (1,1) width 70: "Table Two"
      RenderTable {TABLE} at (16,76) size 70x48 [border: (3px solid #FF0000)]
        RenderTableSection {TBODY} at (3,3) size 0x42
          RenderTableRow {TR} at (0,0) size 0x0
            RenderTableCell {TD} at (2,2) size 60x38 [r=0 c=0 rs=1 cs=1]
              RenderBlock {DIV} at (1,1) size 58x18 [color=#FFFFFF] [bgcolor=#800080]
                RenderText {TEXT} at (0,0) size 55x18
                  text run at (0,0) width 55: "Div One"
              RenderBlock {DIV} at (1,19) size 58x18 [color=#FFFFFF] [bgcolor=#800080]
                RenderText {TEXT} at (0,0) size 58x18
                  text run at (0,0) width 58: "Div Two"
