layer at (0,0) size 785x723
  RenderView at (0,0) size 785x600
layer at (0,0) size 785x723
  RenderBlock {HTML} at (0,0) size 785x723
    RenderBody {BODY} at (0,0) size 785x723
      RenderTable {TABLE} at (0,0) size 785x29 [border: (2px solid #000000)]
        RenderTableSection {TBODY} at (2,2) size 781x25
          RenderTableRow {TR} at (0,0) size 781x25
            RenderTableCell {TD} at (0,12) size 0x0 [r=0 c=0 rs=1 cs=1]
            RenderTableCell {TD} at (0,3) size 781x18 [bgcolor=#FF0000] [r=0 c=1 rs=1 cs=1]
              RenderText {#text} at (0,0) size 220x18
                text run at (0,0) width 220: "First cell empty, second auto width"
      RenderTable {TABLE} at (0,29) size 785x29 [border: (2px solid #000000)]
        RenderTableSection {TBODY} at (2,2) size 781x25
          RenderTableRow {TR} at (0,0) size 781x25
            RenderTableCell {TD} at (0,12) size 0x0 [r=0 c=0 rs=1 cs=1]
            RenderTableCell {TD} at (0,3) size 781x18 [bgcolor=#FF0000] [r=0 c=1 rs=1 cs=1]
              RenderText {#text} at (0,0) size 239x18
                text run at (0,0) width 239: "First cell empty, second percent width"
      RenderTable {TABLE} at (0,58) size 785x29 [border: (2px solid #000000)]
        RenderTableSection {TBODY} at (2,2) size 781x25
          RenderTableRow {TR} at (0,0) size 781x25
            RenderTableCell {TD} at (0,12) size 0x0 [r=0 c=0 rs=1 cs=1]
            RenderTableCell {TD} at (0,3) size 781x18 [bgcolor=#FF0000] [r=0 c=1 rs=1 cs=1]
              RenderText {#text} at (0,0) size 225x18
                text run at (0,0) width 225: "First cell empty, second fixed width"
      RenderTable {TABLE} at (0,87) size 785x29 [border: (2px solid #000000)]
        RenderTableSection {TBODY} at (2,2) size 781x25
          RenderTableRow {TR} at (0,0) size 781x25
            RenderTableCell {TD} at (0,3) size 391x18 [r=0 c=0 rs=1 cs=1]
              RenderText {#text} at (0,0) size 4x18
                text run at (0,0) width 4: " "
            RenderTableCell {TD} at (391,3) size 390x18 [bgcolor=#FF0000] [r=0 c=1 rs=1 cs=1]
              RenderText {#text} at (0,0) size 333x18
                text run at (0,0) width 333: "First cell empty (with space) and has white-space:pre"
      RenderTable {TABLE} at (0,116) size 785x29 [border: (2px solid #000000)]
        RenderTableSection {TBODY} at (2,2) size 781x25
          RenderTableRow {TR} at (0,0) size 781x25
            RenderTableCell {TD} at (0,12) size 0x0 [r=0 c=0 rs=1 cs=1]
            RenderTableCell {TD} at (0,3) size 781x18 [bgcolor=#FF0000] [r=0 c=1 rs=1 cs=1]
              RenderText {#text} at (0,0) size 321x18
                text run at (0,0) width 321: "First cell empty (no space) and has white-space:pre"
      RenderTable {TABLE} at (0,145) size 785x29 [border: (2px solid #000000)]
        RenderTableSection {TBODY} at (2,2) size 781x25
          RenderTableRow {TR} at (0,0) size 781x25
            RenderTableCell {TD} at (0,10) size 391x4 [border: (2px solid #008000)] [r=0 c=0 rs=1 cs=1]
            RenderTableCell {TD} at (391,3) size 390x18 [bgcolor=#FF0000] [r=0 c=1 rs=1 cs=1]
              RenderText {#text} at (0,0) size 191x18
                text run at (0,0) width 191: "First cell empty but has border"
      RenderTable {TABLE} at (0,174) size 785x29 [border: (2px solid #000000)]
        RenderTableSection {TBODY} at (2,2) size 781x25
          RenderTableRow {TR} at (0,0) size 781x25
            RenderTableCell {TD} at (0,10) size 391x4 [r=0 c=0 rs=1 cs=1]
            RenderTableCell {TD} at (391,3) size 390x18 [bgcolor=#FF0000] [r=0 c=1 rs=1 cs=1]
              RenderText {#text} at (0,0) size 201x18
                text run at (0,0) width 201: "First cell empty but has padding"
      RenderTable {TABLE} at (0,203) size 785x29 [border: (2px solid #000000)]
        RenderTableSection {TBODY} at (2,2) size 781x25
          RenderTableRow {TR} at (0,0) size 781x25
            RenderTableCell {TD} at (0,12) size 0x0 [r=0 c=0 rs=1 cs=1]
            RenderTableCell {TD} at (0,3) size 781x18 [bgcolor=#FF0000] [r=0 c=1 rs=1 cs=1]
              RenderText {#text} at (0,0) size 194x18
                text run at (0,0) width 194: "First cell empty but has margin"
      RenderTable {TABLE} at (0,232) size 785x29 [border: (2px solid #000000)]
        RenderTableSection {TBODY} at (2,2) size 781x25
          RenderTableRow {TR} at (0,0) size 781x25
            RenderTableCell {TD} at (0,12) size 0x0 [bgcolor=#FFFF00] [r=0 c=0 rs=1 cs=1]
            RenderTableCell {TD} at (0,3) size 781x18 [bgcolor=#FF0000] [r=0 c=1 rs=1 cs=1]
              RenderText {#text} at (0,0) size 261x18
                text run at (0,0) width 261: "First cell empty but has background color"
      RenderTable {TABLE} at (0,261) size 785x54 [border: (2px solid #000000)]
        RenderTableSection {TBODY} at (2,2) size 781x50
          RenderTableRow {TR} at (0,0) size 781x25
            RenderTableCell {TD} at (0,12) size 391x0 [r=0 c=0 rs=1 cs=1]
            RenderTableCell {TD} at (391,3) size 390x18 [bgcolor=#FF0000] [r=0 c=1 rs=1 cs=1]
              RenderText {#text} at (0,0) size 158x18
                text run at (0,0) width 158: "First row, first cell empty"
          RenderTableRow {TR} at (0,25) size 781x25
            RenderTableCell {TD} at (0,28) size 391x18 [r=1 c=0 rs=1 cs=1]
              RenderText {#text} at (0,0) size 23x18
                text run at (0,0) width 23: "text"
            RenderTableCell {TD} at (391,28) size 390x18 [bgcolor=#FF0000] [r=1 c=1 rs=1 cs=1]
              RenderText {#text} at (0,0) size 201x18
                text run at (0,0) width 201: "Second row, first cell not empty"
      RenderTable {TABLE} at (0,315) size 785x54 [border: (2px solid #000000)]
        RenderTableSection {TBODY} at (2,2) size 781x50
          RenderTableRow {TR} at (0,0) size 781x25
            RenderTableCell {TD} at (0,12) size 0x0 [r=0 c=0 rs=1 cs=1]
            RenderTableCell {TD} at (0,3) size 781x18 [bgcolor=#FF0000] [r=0 c=1 rs=1 cs=1]
              RenderText {#text} at (0,0) size 158x18
                text run at (0,0) width 158: "First row, first cell empty"
          RenderTableRow {TR} at (0,25) size 781x25
            RenderTableCell {TD} at (0,37) size 0x0 [r=1 c=0 rs=1 cs=1]
            RenderTableCell {TD} at (0,28) size 781x18 [bgcolor=#FF0000] [r=1 c=1 rs=1 cs=1]
              RenderText {#text} at (0,0) size 177x18
                text run at (0,0) width 177: "Second row, first cell empty"
      RenderTable {TABLE} at (0,369) size 785x29 [border: (2px solid #000000)]
        RenderTableSection {TBODY} at (2,2) size 781x25
          RenderTableRow {TR} at (0,0) size 781x25
            RenderTableCell {TD} at (0,12) size 391x0 [r=0 c=0 rs=1 cs=2]
            RenderTableCell {TD} at (391,3) size 390x18 [bgcolor=#FF0000] [r=0 c=2 rs=1 cs=1]
              RenderText {#text} at (0,0) size 178x18
                text run at (0,0) width 178: "First cell empty, has colspan"
      RenderTable {TABLE} at (0,398) size 785x54 [border: (2px solid #000000)]
        RenderTableSection {TBODY} at (2,2) size 781x50
          RenderTableRow {TR} at (0,0) size 781x25
            RenderTableCell {TD} at (0,12) size 0x0 [r=0 c=0 rs=1 cs=1]
            RenderTableCell {TD} at (0,3) size 391x18 [bgcolor=#FF0000] [r=0 c=1 rs=1 cs=1]
              RenderText {#text} at (0,0) size 23x18
                text run at (0,0) width 23: "text"
            RenderTableCell {TD} at (391,3) size 390x18 [bgcolor=#FF0000] [r=0 c=2 rs=1 cs=1]
              RenderText {#text} at (0,0) size 308x18
                text run at (0,0) width 308: "First row, first cell empty, second cell non-empty"
          RenderTableRow {TR} at (0,25) size 781x25
            RenderTableCell {TD} at (0,37) size 391x0 [r=1 c=0 rs=1 cs=2]
            RenderTableCell {TD} at (391,28) size 390x18 [bgcolor=#FF0000] [r=1 c=2 rs=1 cs=1]
              RenderText {#text} at (0,0) size 278x18
                text run at (0,0) width 278: "Second row, first cell empty with colspan=2"
      RenderTable {TABLE} at (0,452) size 785x54 [border: (2px solid #000000)]
        RenderTableSection {TBODY} at (2,2) size 781x50
          RenderTableRow {TR} at (0,0) size 781x25
            RenderTableCell {TD} at (0,3) size 391x18 [bgcolor=#FF0000] [r=0 c=0 rs=1 cs=1]
              RenderText {#text} at (0,0) size 23x18
                text run at (0,0) width 23: "text"
            RenderTableCell {TD} at (391,12) size 0x0 [r=0 c=1 rs=1 cs=1]
            RenderTableCell {TD} at (391,3) size 390x18 [bgcolor=#FF0000] [r=0 c=2 rs=1 cs=1]
              RenderText {#text} at (0,0) size 308x18
                text run at (0,0) width 308: "First row, first cell non-empty, second cell empty"
          RenderTableRow {TR} at (0,25) size 781x25
            RenderTableCell {TD} at (0,37) size 391x0 [r=1 c=0 rs=1 cs=2]
            RenderTableCell {TD} at (391,28) size 390x18 [bgcolor=#FF0000] [r=1 c=2 rs=1 cs=1]
              RenderText {#text} at (0,0) size 278x18
                text run at (0,0) width 278: "Second row, first cell empty with colspan=2"
      RenderTable {TABLE} at (0,506) size 785x54 [border: (2px solid #000000)]
        RenderTableSection {TBODY} at (2,2) size 781x50
          RenderTableRow {TR} at (0,0) size 781x25
            RenderTableCell {TD} at (0,12) size 195x0 [r=0 c=0 rs=1 cs=1]
            RenderTableCell {TD} at (195,12) size 196x0 [r=0 c=1 rs=1 cs=1]
            RenderTableCell {TD} at (391,3) size 390x18 [bgcolor=#FF0000] [r=0 c=2 rs=1 cs=1]
              RenderText {#text} at (0,0) size 233x18
                text run at (0,0) width 233: "First row, first and second cell empty"
          RenderTableRow {TR} at (0,25) size 781x25
            RenderTableCell {TD} at (0,37) size 391x0 [r=1 c=0 rs=1 cs=2]
            RenderTableCell {TD} at (391,28) size 390x18 [bgcolor=#FF0000] [r=1 c=2 rs=1 cs=1]
              RenderText {#text} at (0,0) size 275x18
                text run at (0,0) width 275: "Second row, first cell empty, has colspan=2"
      RenderTable {TABLE} at (0,560) size 785x65 [border: (2px solid #000000)]
        RenderTableSection {TBODY} at (2,2) size 781x61
          RenderTableRow {TR} at (0,0) size 781x25
            RenderTableCell {TD} at (0,12) size 196x0 [r=0 c=0 rs=1 cs=1]
            RenderTableCell {TD} at (196,12) size 195x0 [r=0 c=1 rs=1 cs=1]
            RenderTableCell {TD} at (391,3) size 390x18 [bgcolor=#FF0000] [r=0 c=2 rs=1 cs=1]
              RenderText {#text} at (0,0) size 233x18
                text run at (0,0) width 233: "First row, first and second cell empty"
          RenderTableRow {TR} at (0,25) size 781x36
            RenderTableCell {TD} at (0,43) size 391x0 [r=1 c=0 rs=1 cs=2]
            RenderTableCell {TD} at (391,25) size 390x36 [bgcolor=#FF0000] [r=1 c=2 rs=1 cs=1]
              RenderText {#text} at (0,0) size 352x36
                text run at (0,0) width 352: "Second row, first cell empty, has colspan=2 and percent"
                text run at (0,18) width 36: "width"
      RenderTable {TABLE} at (0,625) size 785x54 [border: (2px solid #000000)]
        RenderTableSection {TBODY} at (2,2) size 781x50
          RenderTableRow {TR} at (0,0) size 781x25
            RenderTableCell {TD} at (0,12) size 195x0 [r=0 c=0 rs=1 cs=1]
            RenderTableCell {TD} at (195,12) size 196x0 [r=0 c=1 rs=1 cs=1]
            RenderTableCell {TD} at (391,3) size 390x18 [bgcolor=#FF0000] [r=0 c=2 rs=1 cs=1]
              RenderText {#text} at (0,0) size 233x18
                text run at (0,0) width 233: "First row, first and second cell empty"
          RenderTableRow {TR} at (0,25) size 781x25
            RenderTableCell {TD} at (0,37) size 391x0 [r=1 c=0 rs=1 cs=2]
            RenderTableCell {TD} at (391,28) size 390x18 [bgcolor=#FF0000] [r=1 c=2 rs=1 cs=1]
              RenderText {#text} at (0,0) size 378x18
                text run at (0,0) width 378: "Second row, first cell empty, has colspan=2 and fixed width"
      RenderBlock (anonymous) at (0,679) size 785x18
        RenderText {#text} at (0,0) size 100x18
          text run at (0,0) width 100: "One empty cell:"
      RenderTable {TABLE} at (0,697) size 785x4 [border: (2px solid #000000)]
        RenderTableSection {TBODY} at (2,2) size 781x0
          RenderTableRow {TR} at (0,0) size 781x0
            RenderTableCell {TD} at (0,0) size 0x0 [r=0 c=0 rs=1 cs=1]
      RenderBlock (anonymous) at (0,701) size 785x18
        RenderText {#text} at (0,0) size 109x18
          text run at (0,0) width 109: "Two empty cells:"
      RenderTable {TABLE} at (0,719) size 785x4 [border: (2px solid #000000)]
        RenderTableSection {TBODY} at (2,2) size 781x0
          RenderTableRow {TR} at (0,0) size 781x0
            RenderTableCell {TD} at (0,0) size 0x0 [r=0 c=0 rs=1 cs=1]
            RenderTableCell {TD} at (0,0) size 0x0 [r=0 c=1 rs=1 cs=1]
