layer at (0,0) size 800x600
  RenderCanvas at (0,0) size 800x600
layer at (0,0) size 800x78
  RenderBlock {HTML} at (0,0) size 800x78
    RenderBody {BODY} at (8,8) size 784x62
      RenderTable {TABLE} at (0,0) size 784x62
        RenderTableSection {TBODY} at (1,1) size 0x60
          RenderTableRow {TR} at (0,0) size 0x0
            RenderTableCell {TD} at (2,19) size 22x22 [r=0 c=0 rs=1 cs=1]
            RenderTableCell {TD} at (26,2) size 754x56 [r=0 c=1 rs=1 cs=1]
              RenderText {TEXT} at (11,11) size 724x34
                text run at (11,11) width 724: "This is a very long line of text, but it should be wrapped. It should not extend all the way off the right side"
                text run at (11,28) width 378: "of the window, but rather be broken into multiple lines."
