layer at (0,0) size 800x600
  RenderCanvas at (0,0) size 800x600
layer at (0,0) size 800x600
  RenderBlock {HTML} at (0,0) size 800x600
    RenderBody {BODY} at (8,8) size 784x584
      RenderTable {TABLE} at (0,0) size 435x229 [border: (1px outset #808080)]
        RenderTableSection {TBODY} at (1,1) size 0x227
          RenderTableRow {TR} at (0,0) size 0x0
            RenderTableCell {TD} at (0,0) size 433x231 [border: (1px inset #808080)] [r=0 c=0 rs=1 cs=1]
              RenderTable {TABLE} at (1,1) size 431x229 [border: (1px outset #808080)]
                RenderTableSection {TBODY} at (1,1) size 0x227
                  RenderTableRow {TR} at (0,0) size 0x0
                    RenderTableCell {TD} at (0,46) size 214x20 [border: (1px inset #808080)] [r=0 c=0 rs=1 cs=1]
                      RenderText {TEXT} at (1,1) size 4x18
                        text run at (1,1) width 4: " "
                    RenderTableCell {TD} at (214,46) size 215x20 [border: (1px inset #808080)] [r=0 c=1 rs=1 cs=1]
                      RenderText {TEXT} at (1,1) size 4x18
                        text run at (1,1) width 4: " "
                  RenderTableRow {TR} at (0,0) size 0x0
                    RenderTableCell {TD} at (0,160) size 214x20 [border: (1px inset #808080)] [r=1 c=0 rs=1 cs=1]
                      RenderText {TEXT} at (1,1) size 4x18
                        text run at (1,1) width 4: " "
                    RenderTableCell {TD} at (214,160) size 215x20 [border: (1px inset #808080)] [r=1 c=1 rs=1 cs=1]
                      RenderText {TEXT} at (1,1) size 4x18
                        text run at (1,1) width 4: " "
