layer at (0,0) size 800x600
  RenderView at (0,0) size 800x600
layer at (0,0) size 800x600
  RenderBlock {HTML} at (0,0) size 800x600
    RenderBody {BODY} at (8,8) size 784x584
      RenderBlock {P} at (0,0) size 784x19
        RenderText {#text} at (0,0) size 474x19
          text run at (0,0) width 474: "You should see two 'hello world' frames below, each in 'view source' mode."
      RenderBlock {HR} at (0,33) size 784x2 [border: (1px inset #000000)]
      RenderBlock (anonymous) at (0,42) size 784x159
        RenderPartObject {IFRAME} at (0,0) size 304x154 [border: (2px inset #000000)]
          layer at (0,0) size 300x150
            RenderView at (0,0) size 300x150
          layer at (0,0) size 300x150
            RenderBlock {HTML} at (0,0) size 300x150
              RenderBody {BODY} at (8,8) size 284x128
                RenderBlock {PRE} at (0,0) size 284x19
                  RenderInline {SPAN} at (0,0) size 24x17 [color=#881280]
                    RenderText {#text} at (0,1) size 24x17
                      text run at (0,1) width 24: "<p>"
                  RenderText {#text} at (24,1) size 88x17
                    text run at (24,1) width 88: "hello world"
                  RenderInline {SPAN} at (0,0) size 32x17 [color=#881280]
                    RenderText {#text} at (112,1) size 32x17
                      text run at (112,1) width 32: "</p>"
        RenderText {#text} at (304,140) size 4x19
          text run at (304,140) width 4: " "
        RenderPartObject {IFRAME} at (308,0) size 304x154 [border: (2px inset #000000)]
          layer at (0,0) size 300x150
            RenderView at (0,0) size 300x150
          layer at (0,0) size 300x150
            RenderBlock {HTML} at (0,0) size 300x150
              RenderFrameSet {FRAMESET} at (0,0) size 300x150
                RenderFrame {FRAME} at (0,0) size 300x150
                  layer at (0,0) size 300x150
                    RenderView at (0,0) size 300x150
                  layer at (0,0) size 300x150
                    RenderBlock {HTML} at (0,0) size 300x150
                      RenderBody {BODY} at (8,8) size 284x128
                        RenderBlock {PRE} at (0,0) size 284x19
                          RenderInline {SPAN} at (0,0) size 24x17 [color=#881280]
                            RenderText {#text} at (0,1) size 24x17
                              text run at (0,1) width 24: "<p>"
                          RenderText {#text} at (24,1) size 88x17
                            text run at (24,1) width 88: "hello world"
                          RenderInline {SPAN} at (0,0) size 32x17 [color=#881280]
                            RenderText {#text} at (112,1) size 32x17
                              text run at (112,1) width 32: "</p>"
        RenderText {#text} at (0,0) size 0x0
        RenderText {#text} at (0,0) size 0x0
        RenderText {#text} at (0,0) size 0x0
