layer at (0,0) size 800x600
  RenderView at (0,0) size 800x600
layer at (0,0) size 800x600
  RenderBlock {HTML} at (0,0) size 800x600
    RenderBody {BODY} at (8,8) size 784x584
      RenderBlock {P} at (0,0) size 784x18
        RenderText {#text} at (0,0) size 312x18
          text run at (0,0) width 312: "The controls should not depend on preload value."
      RenderBlock (anonymous) at (0,34) size 784x150
        RenderText {#text} at (0,0) size 0x0
layer at (8,42) size 300x150
  RenderVideo {VIDEO} at (0,0) size 300x150
layer at (8,42) size 300x150
  RenderBlock (relative positioned) {DIV} at (0,0) size 300x150
layer at (8,167) size 300x25
  RenderFlexibleBox (positioned) {DIV} at (0,125) size 300x25
    RenderButton {INPUT} at (6,3) size 18x18
    RenderButton {INPUT} at (32,4) size 16x16
layer at (67,173) size 231x12
  RenderFlexibleBox {DIV} at (59,6) size 231x12 [color=#FFFFFF]
    RenderBlock (anonymous) at (0,0) size 49x12
      RenderText {#text} at (0,0) size 49x12
        text run at (0,0) width 49: "Loading..."
