layer at (0,0) size 800x600
  RenderView at (0,0) size 800x600
layer at (0,0) size 800x600
  RenderBlock {HTML} at (0,0) size 800x600
    RenderBody {BODY} at (8,8) size 784x584
      RenderBlock {DIV} at (0,0) size 784x60 [border: (2px solid #FF0000)]
        RenderText {#text} at (2,36) size 170x22
          text run at (2,36) width 170: "This image has a margin "
        RenderImage {IMG} at (222,2) size 50x50 [bgcolor=#008000]
        RenderText {#text} at (322,36) size 38x22
          text run at (322,36) width 38: " on it."
