layer at (0,0) size 800x600
  RenderView at (0,0) size 800x600
layer at (0,0) size 800x600
  RenderBlock {HTML} at (0,0) size 800x600
    RenderBody {BODY} at (8,8) size 784x584
      RenderBlock {DIV} at (0,0) size 784x44
        RenderText {#text} at (0,0) size 762x44
          text run at (0,0) width 762: "This tests for a bug (https://bugs.webkit.org/show_bug.cgi?id=25277) where a caret at the end of a non-wrapping"
          text run at (0,22) width 590: "line that extends outside of the containing block would paint over part of the focus halo."
      RenderBlock {DIV} at (0,44) size 50x22
        RenderText {#text} at (0,0) size 282x22
          text run at (0,0) width 282: "The caret should be at the end of this line."
caret: position 44 of child 0 {#text} of child 2 {DIV} of body
