layer at (0,0) size 800x600
  RenderView at (0,0) size 800x600
layer at (0,0) size 800x600
  RenderBlock {HTML} at (0,0) size 800x600
    RenderBody {BODY} at (8,8) size 784x576
      RenderBlock {DIV} at (0,0) size 784x22
        RenderText {#text} at (0,0) size 490x22
          text run at (0,0) width 490: "This test demonstrates our behavior regarding empty inlines in list items."
      RenderBlock {UL} at (0,38) size 784x110
        RenderListItem {LI} at (40,0) size 744x22
          RenderListMarker at (-18,0) size 7x22: bullet
          RenderInline {SPAN} at (0,0) size 4x26 [border: (2px solid #FF0000)]
        RenderListItem {LI} at (40,22) size 744x22
          RenderListMarker at (-18,0) size 7x22: bullet
          RenderInline {SPAN} at (0,0) size 8x30 [border: (2px solid #FF0000)]
          RenderText {#text} at (8,0) size 31x22
            text run at (8,0) width 31: "Text"
        RenderListItem {LI} at (40,44) size 744x22
          RenderListMarker at (-18,0) size 7x22: bullet
          RenderText {#text} at (0,0) size 97x22
            text run at (0,0) width 97: "TextTextText "
          RenderInline {SPAN} at (0,0) size 8x30 [border: (2px solid #FF0000)]
        RenderBlock (anonymous) at (40,66) size 744x22
          RenderInline {SPAN} at (0,0) size 8x30 [border: (2px solid #FF0000)]
        RenderListItem {LI} at (40,88) size 744x22
          RenderListMarker at (-18,0) size 7x22: bullet
          RenderText {#text} at (0,0) size 31x22
            text run at (0,0) width 31: "Text"
