layer at (0,0) size 800x600
  RenderView at (0,0) size 800x600
layer at (0,0) size 800x600
  RenderBlock {HTML} at (0,0) size 800x600
    RenderBody {BODY} at (8,8) size 784x584
      RenderBlock (anonymous) at (0,0) size 784x22
        RenderText {#text} at (0,0) size 698x22
          text run at (0,0) width 698: "The first four tests expect a green block to be above them, i.e., to have the text shrinking quirk disabled."
      RenderBlock {DIV} at (0,22) size 784x23 [bgcolor=#008000] [border: (1px solid #000000) none]
        RenderInline {SPAN} at (0,0) size 1x22
      RenderBlock {DIV} at (0,45) size 784x22
        RenderText {#text} at (0,0) size 306x22
          text run at (0,0) width 306: "There should be a green block above this text"
      RenderBlock {DIV} at (0,67) size 784x23 [bgcolor=#008000] [border: (1px solid #000000) none]
        RenderInline {SPAN} at (0,0) size 1x22
      RenderBlock {DIV} at (0,90) size 784x22
        RenderText {#text} at (0,0) size 306x22
          text run at (0,0) width 306: "There should be a green block above this text"
      RenderBlock {DIV} at (0,112) size 784x23 [bgcolor=#008000] [border: (1px solid #000000) none]
        RenderInline {SPAN} at (0,0) size 1x22 [border: (1px solid #000000)]
      RenderBlock {DIV} at (0,135) size 784x22
        RenderText {#text} at (0,0) size 306x22
          text run at (0,0) width 306: "There should be a green block above this text"
      RenderBlock {DIV} at (0,157) size 784x23 [bgcolor=#008000] [border: (1px solid #000000) none]
        RenderInline {SPAN} at (0,0) size 1x22 [border: (1px solid #000000) none]
      RenderBlock {DIV} at (0,180) size 784x22
        RenderText {#text} at (0,0) size 306x22
          text run at (0,0) width 306: "There should be a green block above this text"
      RenderBlock (anonymous) at (0,202) size 784x22
        RenderText {#text} at (0,0) size 627x22
          text run at (0,0) width 627: "The remaining tests do not expect a block to be above them, and red will show if the test fails."
      RenderBlock {DIV} at (0,224) size 784x1 [bgcolor=#FF0000] [border: (1px solid #000000) none]
        RenderInline {SPAN} at (0,0) size 0x0
      RenderBlock {DIV} at (0,225) size 784x22
        RenderText {#text} at (0,0) size 317x22
          text run at (0,0) width 317: "There should not be a red block above this text"
      RenderBlock {DIV} at (0,247) size 784x1 [bgcolor=#FF0000] [border: (1px solid #000000) none]
        RenderInline {SPAN} at (0,0) size 0x0
      RenderBlock {DIV} at (0,248) size 784x22
        RenderText {#text} at (0,0) size 317x22
          text run at (0,0) width 317: "There should not be a red block above this text"
      RenderBlock {DIV} at (0,270) size 784x1 [bgcolor=#FF0000] [border: (1px solid #000000) none]
        RenderInline {SPAN} at (0,0) size 0x0 [border: (1px solid #000000) none]
      RenderBlock {DIV} at (0,271) size 784x22
        RenderText {#text} at (0,0) size 317x22
          text run at (0,0) width 317: "There should not be a red block above this text"
      RenderBlock {DIV} at (0,293) size 784x1 [bgcolor=#FF0000] [border: (1px solid #000000) none]
        RenderInline {SPAN} at (0,0) size 0x0 [border: (1px solid #000000) none]
      RenderBlock {DIV} at (0,294) size 784x22
        RenderText {#text} at (0,0) size 317x22
          text run at (0,0) width 317: "There should not be a red block above this text"
      RenderBlock {DIV} at (0,316) size 784x1 [bgcolor=#FF0000] [border: (1px solid #000000) none]
        RenderInline {SPAN} at (0,0) size 0x22
      RenderBlock {DIV} at (0,317) size 784x22
        RenderText {#text} at (0,0) size 317x22
          text run at (0,0) width 317: "There should not be a red block above this text"
      RenderBlock {DIV} at (0,339) size 784x1 [bgcolor=#FF0000] [border: (1px solid #000000) none]
        RenderInline {SPAN} at (0,0) size 0x22
      RenderBlock {DIV} at (0,340) size 784x22
        RenderText {#text} at (0,0) size 317x22
          text run at (0,0) width 317: "There should not be a red block above this text"
      RenderBlock {DIV} at (0,362) size 784x1 [bgcolor=#FF0000] [border: (1px solid #000000) none]
        RenderInline {SPAN} at (0,0) size 0x0
      RenderBlock {DIV} at (0,363) size 784x22
        RenderText {#text} at (0,0) size 317x22
          text run at (0,0) width 317: "There should not be a red block above this text"
      RenderBlock {DIV} at (0,385) size 784x1 [bgcolor=#FF0000] [border: (1px solid #000000) none]
        RenderInline {SPAN} at (0,0) size 0x0
      RenderBlock {DIV} at (0,386) size 784x22
        RenderText {#text} at (0,0) size 317x22
          text run at (0,0) width 317: "There should not be a red block above this text"
