layer at (0,0) size 800x600
  RenderView at (0,0) size 800x600
layer at (0,0) size 800x600
  RenderBlock {HTML} at (0,0) size 800x600
    RenderBody {BODY} at (8,8) size 784x584
      RenderBlock {P} at (0,0) size 784x44
        RenderText {#text} at (0,0) size 768x44
          text run at (0,0) width 768: "Assuming the port-specific theme draws focus rings, this test can be used to ensure that a focus ring is drawn for a"
          text run at (0,22) width 564: "hyperlink. This test PASSED if a focus ring is drawn around the hyperlink (below)."
      RenderBlock (anonymous) at (0,60) size 784x22
        RenderInline {A} at (0,0) size 69x22 [color=#0000EE]
          RenderText {#text} at (0,0) size 69x22
            text run at (0,0) width 69: "Hyperlink"
        RenderText {#text} at (0,0) size 0x0
caret: position 0 of child 0 {#text} of child 3 {A} of body
