layer at (0,0) size 800x600
  RenderView at (0,0) size 800x600
layer at (0,0) size 800x600
  RenderBlock {HTML} at (0,0) size 800x600
    RenderBody {BODY} at (8,10) size 784x580
layer at (18,10) size 764x102
  RenderBlock (relative positioned) {DIV} at (10,0) size 764x102 [border: (1px solid #000000)]
    RenderText {#text} at (0,0) size 0x0
layer at (18,10) size 37x44
  RenderInline (relative positioned) {SPAN} at (0,0) size 37x44 [bgcolor=#808080]
    RenderBR {BR} at (1,1) size 0x22
    RenderText {#text} at (1,23) size 37x22
      text run at (1,23) width 37: "again"
layer at (18,122) size 764x102
  RenderBlock (relative positioned) {DIV} at (10,112) size 764x102 [border: (1px solid #000000)]
    RenderText {#text} at (0,0) size 0x0
layer at (19,123) size 50x22
  RenderImage {IMG} at (1,1) size 50x22 [bgcolor=#0000FF]
layer at (18,234) size 764x102
  RenderBlock (relative positioned) {DIV} at (10,224) size 764x102 [border: (1px solid #000000)]
    RenderText {#text} at (0,0) size 0x0
layer at (19,235) size 50x22
  RenderImage {IMG} at (1,1) size 50x22 [bgcolor=#0000FF]
layer at (18,346) size 764x102
  RenderBlock (relative positioned) {DIV} at (10,336) size 764x102 [border: (1px solid #000000)]
    RenderText {#text} at (0,0) size 0x0
layer at (19,347) size 50x44
  RenderImage {IMG} at (1,1) size 50x44 [bgcolor=#0000FF]
layer at (18,458) size 764x102
  RenderBlock (relative positioned) {DIV} at (10,448) size 764x102 [border: (1px solid #000000)]
    RenderText {#text} at (0,0) size 0x0
layer at (19,459) size 50x88
  RenderImage {IMG} at (1,1) size 50x88 [bgcolor=#0000FF]
