layer at (0,0) size 800x600
  RenderView at (0,0) size 800x600
layer at (0,0) size 800x600
  RenderBlock {HTML} at (0,0) size 800x600
    RenderBody {BODY} at (8,8) size 784x576
      RenderTable {TABLE} at (0,0) size 98x91 [border: (1px solid #000000)]
        RenderTableSection {TBODY} at (1,1) size 95x88
          RenderTableRow {TR} at (0,0) size 95x44
            RenderTableCell {TD} at (0,0) size 45x43 [border: (2px none #000000)] [r=0 c=0 rs=1 cs=1]
              RenderText {#text} at (3,3) size 40x39
                text run at (3,3) width 40: "foo"
            RenderTableCell {TD} at (45,0) size 50x44 [border: (2px solid #000000)] [r=0 c=1 rs=1 cs=1]
              RenderText {#text} at (3,3) size 45x39
                text run at (3,3) width 45: "bar"
          RenderTableRow {TR} at (0,44) size 95x44
            RenderTableCell {TD} at (0,45) size 45x42 [border:] [r=1 c=0 rs=1 cs=1]
              RenderText {#text} at (3,1) size 40x39
                text run at (3,1) width 40: "foo"
            RenderTableCell {TD} at (45,44) size 50x44 [border: (2px solid #000000)] [r=1 c=1 rs=1 cs=1]
              RenderText {#text} at (3,3) size 45x39
                text run at (3,3) width 45: "bar"
      RenderBlock {P} at (0,107) size 784x135
        RenderTable {TABLE} at (0,0) size 142x135 [border: (12px solid #000000)]
          RenderTableSection {TBODY} at (12,12) size 117x110
            RenderTableRow {TR} at (0,0) size 117x55
              RenderTableCell {TD} at (0,0) size 56x54 [border: (13px none #000000)] [r=0 c=0 rs=1 cs=1]
                RenderText {#text} at (14,14) size 40x39
                  text run at (14,14) width 40: "foo"
              RenderTableCell {TD} at (56,0) size 61x55 [border: (13px solid #000000)] [r=0 c=1 rs=1 cs=1]
                RenderText {#text} at (3,14) size 45x39
                  text run at (3,14) width 45: "bar"
            RenderTableRow {TR} at (0,55) size 117x55
              RenderTableCell {TD} at (0,56) size 56x53 [border:] [r=1 c=0 rs=1 cs=1]
                RenderText {#text} at (14,1) size 40x39
                  text run at (14,1) width 40: "foo"
              RenderTableCell {TD} at (56,55) size 61x55 [border: (2px solid #000000)] [r=1 c=1 rs=1 cs=1]
                RenderText {#text} at (3,3) size 45x39
                  text run at (3,3) width 45: "bar"
      RenderBlock {P} at (0,258) size 784x185
        RenderTable {TABLE} at (0,0) size 192x185 [border: (25px solid #000000)]
          RenderTableSection {TBODY} at (25,25) size 142x135
            RenderTableRow {TR} at (0,0) size 142x67
              RenderTableCell {TD} at (0,0) size 68x66 [border: (25px none #000000)] [r=0 c=0 rs=1 cs=1]
                RenderText {#text} at (26,26) size 40x39
                  text run at (26,26) width 40: "foo"
              RenderTableCell {TD} at (68,0) size 74x67 [border: (25px solid #000000)] [r=0 c=1 rs=1 cs=1]
                RenderText {#text} at (3,26) size 45x39
                  text run at (3,26) width 45: "bar"
            RenderTableRow {TR} at (0,67) size 142x68
              RenderTableCell {TD} at (0,68) size 68x66 [border:] [r=1 c=0 rs=1 cs=1]
                RenderText {#text} at (26,1) size 40x39
                  text run at (26,1) width 40: "foo"
              RenderTableCell {TD} at (68,67) size 74x68 [border: (2px solid #000000)] [r=1 c=1 rs=1 cs=1]
                RenderText {#text} at (3,3) size 45x39
                  text run at (3,3) width 45: "bar"
