layer at (0,0) size 800x600
  RenderCanvas at (0,0) size 800x600
layer at (0,0) size 800x133
  RenderBlock {HTML} at (0,0) size 800x133
    RenderBody {BODY} at (8,8) size 784x117
      RenderBlock (anonymous) at (0,0) size 784x17
        RenderText {TEXT} at (0,0) size 587x17
          text run at (0,0) width 147: "You should see a 100"
          text run at (147,0) width 183: "x100 green square below. "
          text run at (330,0) width 257: "If you see any red, the test has failed."
layer at (8,25) size 100x100
  RenderBlock {DIV} at (0,17) size 100x100
    RenderBlock {DIV} at (100,100) size 100x100 [bgcolor=#FF0000]
layer at (150,100) size 100x100
  RenderBlock (positioned) {DIV} at (150,100) size 100x100 [bgcolor=#008000]
