layer at (0,0) size 800x600
  RenderCanvas at (0,0) size 800x600
layer at (0,0) size 800x67
  RenderBlock {HTML} at (0,0) size 800x67
    RenderBody {BODY} at (8,8) size 784x51
      RenderText {TEXT} at (0,0) size 760x51
        text run at (0,0) width 147: "You should see a 100"
        text run at (147,0) width 183: "x100 green square below. "
        text run at (330,0) width 401: "If you see nothing at all or see any red, the test has failed. "
        text run at (731,0) width 29: "This"
        text run at (0,17) width 362: "test is checking to make sure overflow is done using "
        text run at (362,17) width 365: "a containing block model, and that a fixed positioned"
        text run at (0,34) width 524: "element inside another fixed positioned element is not considered overflow. "
layer at (8,59) size 100x100
  RenderBlock (positioned) {DIV} at (8,59) size 100x100
    RenderBlock {DIV} at (100,100) size 100x100 [bgcolor=#FF0000]
layer at (100,70) size 100x100
  RenderBlock (positioned) {DIV} at (100,70) size 100x100 [bgcolor=#008000]
