layer at (0,0) size 800x600
  RenderCanvas at (0,0) size 800x600
layer at (0,0) size 800x50
  RenderBlock {HTML} at (0,0) size 800x50
    RenderBody {BODY} at (8,8) size 784x34
      RenderText {TEXT} at (0,0) size 749x34
        text run at (0,0) width 147: "You should see a 100"
        text run at (147,0) width 183: "x100 green square below. "
        text run at (330,0) width 261: "If you see any red, the test has failed. "
        text run at (591,0) width 158: "This test is checking to"
        text run at (0,17) width 527: "make sure clip applies to the element itself and starts from the border edge. "
layer at (8,42) size 120x120 backgroundClip at (18,52) size 100x100 clip at (18,52) size 100x100
  RenderBlock (positioned) {DIV} at (8,42) size 120x120 [bgcolor=#008000]
