layer at (0,0) size 800x600
  RenderCanvas at (0,0) size 800x600
layer at (0,0) size 800x67
  RenderBlock {HTML} at (0,0) size 800x67
    RenderBody {BODY} at (8,8) size 784x51
      RenderText {TEXT} at (0,0) size 780x51
        text run at (0,0) width 147: "You should see a 100"
        text run at (147,0) width 291: "x100 green square with a scrollbar below. "
        text run at (438,0) width 261: "If you see any red, the test has failed. "
        text run at (699,0) width 75: "This test is"
        text run at (0,17) width 754: "checking to make sure clip applies to the element itself, starts from the border edge, and clips out scrollbars. "
        text run at (754,17) width 26: "The"
        text run at (0,34) width 373: "bottom of the scrolling mechanism should be clipped. "
layer at (8,59) size 120x220 backgroundClip at (18,69) size 100x100 clip at (18,69) size 85x100
  RenderBlock (positioned) {DIV} at (8,59) size 120x220 [bgcolor=#008000]
    RenderBlock {DIV} at (10,10) size 85x1000 [bgcolor=#000000]
