layer at (0,0) size 800x600
  RenderCanvas at (0,0) size 800x600
layer at (0,0) size 800x150
  RenderBlock {HTML} at (0,0) size 800x150
    RenderBody {BODY} at (8,8) size 784x134
      RenderBlock (anonymous) at (0,0) size 784x34
        RenderText {TEXT} at (0,0) size 732x34
          text run at (0,0) width 147: "You should see a 100"
          text run at (147,0) width 183: "x100 green square below. "
          text run at (330,0) width 402: "This test makes sure overflow uses containing blocks when"
          text run at (0,17) width 60: "clipping."
layer at (8,42) size 100x100
  RenderBlock {DIV} at (0,34) size 100x100 [bgcolor=#008000]
