layer at (0,0) size 800x600
  RenderView at (0,0) size 800x600
layer at (0,0) size 800x600
  RenderBlock {HTML} at (0,0) size 800x600
    RenderBody {BODY} at (8,8) size 784x584
      RenderBlock (anonymous) at (0,0) size 784x54
        RenderText {#text} at (0,0) size 741x36
          text run at (0,0) width 741: "This test is for a bug we had with clipping transparency layers. The bug is visual, so the pixel test is more worthwhile."
          text run at (0,18) width 681: "Below, both \"Applications\" and \"Productivity\" should appear. Before, we were clipping out \"Productivity.\""
        RenderBR {BR} at (681,32) size 0x0
        RenderBR {BR} at (0,36) size 0x18
layer at (8,62) size 784x18
  RenderBlock {DIV} at (0,54) size 784x18
    RenderText {#text} at (0,0) size 84x18
      text run at (0,0) width 84: "Applications "
    RenderText {#text} at (0,0) size 0x0
layer at (8,80) size 77x18
  RenderBlock (positioned) {DIV} at (8,80) size 77x18
    RenderText {#text} at (0,0) size 77x18
      text run at (0,0) width 77: "Productivity"
