layer at (0,0) size 800x600
  RenderView at (0,0) size 800x600
layer at (0,0) size 800x276
  RenderBlock {HTML} at (0,0) size 800x276
    RenderBody {BODY} at (8,8) size 784x252
      RenderBlock {DIV} at (0,0) size 784x132
        RenderBlock {DIV} at (0,0) size 784x22
          RenderInline (generated) at (0,0) size 40x22
            RenderText at (0,0) size 40x22
              text run at (0,0) width 40: "PASS"
        RenderBlock {DIV} at (0,22) size 784x22
          RenderInline (generated) at (0,0) size 40x22
            RenderText at (0,0) size 40x22
              text run at (0,0) width 40: "PASS"
        RenderBlock {DIV} at (0,44) size 784x22
          RenderInline (generated) at (0,0) size 40x22
            RenderText at (0,0) size 40x22
              text run at (0,0) width 40: "PASS"
        RenderBlock {DIV} at (0,66) size 784x22
          RenderInline (generated) at (0,0) size 40x22
            RenderText at (0,0) size 40x22
              text run at (0,0) width 40: "PASS"
        RenderBlock {DIV} at (0,88) size 784x22
          RenderInline (generated) at (0,0) size 40x22
            RenderText at (0,0) size 40x22
              text run at (0,0) width 40: "PASS"
        RenderBlock {DIV} at (0,110) size 784x22
          RenderInline (generated) at (0,0) size 40x22
            RenderText at (0,0) size 40x22
              text run at (0,0) width 40: "PASS"
      RenderBlock {DIV} at (0,148) size 784x104
        RenderBlock {P} at (0,0) size 784x22
          RenderInline {A} at (0,0) size 725x22 [color=#0000EE]
            RenderText {#text} at (0,0) size 725x22
              text run at (0,0) width 725: "Bug 23741: StyleRareNonInheritedData::operator==() should not compare ContentData objects by pointer"
        RenderBlock {OL} at (0,38) size 784x66
          RenderListItem {LI} at (40,0) size 744x22
            RenderListMarker at (-21,0) size 16x22: "1"
            RenderText {#text} at (0,0) size 365x22
              text run at (0,0) width 365: "All lines above should be \"PASS\" on initial page load."
          RenderListItem {LI} at (40,22) size 744x22
            RenderListMarker at (-21,0) size 16x22: "2"
            RenderText {#text} at (0,0) size 148x22
              text run at (0,0) width 148: "Reload the page once."
          RenderListItem {LI} at (40,44) size 744x22
            RenderListMarker at (-21,0) size 16x22: "3"
            RenderText {#text} at (0,0) size 260x22
              text run at (0,0) width 260: "All lines above should still be \"PASS\"."
