layer at (0,0) size 800x600
  RenderView at (0,0) size 800x600
layer at (0,0) size 800x600
  RenderBlock {HTML} at (0,0) size 800x600
    RenderBody {BODY} at (8,8) size 784x584
      RenderBlock {P} at (0,0) size 784x22
        RenderText {#text} at (0,0) size 57x22
          text run at (0,0) width 57: "Test for "
        RenderInline {A} at (0,0) size 70x22 [color=#0000EE]
          RenderText {#text} at (57,0) size 70x22
            text run at (57,0) width 70: "bug 11575"
        RenderText {#text} at (127,0) size 453x22
          text run at (127,0) width 453: ": REGRESSION: WebCore crash in CSSParser/HTMLTokenizer."
      RenderBlock {P} at (0,38) size 784x44
        RenderText {#text} at (0,0) size 772x44
          text run at (0,0) width 772: "All four sides of the square below should be present for this test to really pass, and WebKit shouldn't crash for it to"
          text run at (0,22) width 94: "pass partially."
      RenderBlock {DIV} at (0,98) size 106x106 [border: (3px solid #000000)]
