layer at (0,0) size 800x600
  RenderView at (0,0) size 800x600
layer at (0,0) size 800x600
  RenderBlock {HTML} at (0,0) size 800x600
    RenderBody {BODY} at (8,8) size 784x576
      RenderBlock {P} at (0,0) size 784x44
        RenderText {#text} at (0,0) size 51x22
          text run at (0,0) width 51: "test for "
        RenderInline {A} at (0,0) size 62x22 [color=#0000EE]
          RenderText {#text} at (51,0) size 62x22
            text run at (51,0) width 62: "bug 7157"
        RenderText {#text} at (113,0) size 694x44
          text run at (113,0) width 581: ": An asterisk in a CSS property name breaks CSS handling (Many layout problems at"
          text run at (0,22) width 132: "letras.terra.com.br)"
      RenderBlock {P} at (0,60) size 784x22 [color=#008000]
        RenderText {#text} at (0,0) size 176x22
          text run at (0,0) width 176: "Should be green on white."
      RenderBlock {P} at (0,98) size 784x22 [color=#008000]
        RenderText {#text} at (0,0) size 176x22
          text run at (0,0) width 176: "Should be green on white."
      RenderBlock {P} at (0,136) size 784x22 [color=#008000]
        RenderText {#text} at (0,0) size 176x22
          text run at (0,0) width 176: "Should be green on white."
