layer at (0,0) size 800x600
  RenderView at (0,0) size 800x600
layer at (0,0) size 800x600
  RenderBlock {HTML} at (0,0) size 800x600
    RenderBody {BODY} at (8,8) size 784x584
      RenderBlock {P} at (0,0) size 784x22
        RenderText {#text} at (0,0) size 454x22
          text run at (0,0) width 454: "All the X\x{2019}s below should be green. All other letters should be black."
      RenderBlock {DIV} at (0,38) size 784x22
        RenderInline (generated) at (0,0) size 12x22 [color=#008000]
          RenderText {#text} at (0,0) size 12x22
            text run at (0,0) width 12: "X"
        RenderText {#text} at (12,0) size 12x22
          text run at (12,0) width 12: "Y"
      RenderBlock {DIV} at (0,60) size 784x22
        RenderImage {IMG} at (0,16) size 0x0
        RenderText {#text} at (0,0) size 23x22
          text run at (0,0) width 23: "YZ"
      RenderBlock {DIV} at (0,82) size 784x22
        RenderImage {IMG} at (0,0) size 0x0
        RenderInline (generated) at (0,0) size 12x22 [color=#008000]
          RenderText {#text} at (0,0) size 12x22
            text run at (0,0) width 12: "X"
        RenderText {#text} at (12,0) size 12x22
          text run at (12,0) width 12: "Y"
      RenderBlock {DIV} at (0,104) size 784x22
        RenderInline (generated) at (0,0) size 12x22 [color=#008000]
          RenderText {#text} at (0,0) size 12x22
            text run at (0,0) width 12: "X"
        RenderText {#text} at (12,0) size 12x22
          text run at (12,0) width 12: "Y"
      RenderBlock {DIV} at (0,126) size 784x22
        RenderBlock {DIV} at (0,0) size 784x22
          RenderInline (generated) at (0,0) size 12x22 [color=#008000]
            RenderText {#text} at (0,0) size 12x22
              text run at (0,0) width 12: "X"
          RenderText {#text} at (12,0) size 12x22
            text run at (12,0) width 12: "Y"
      RenderBlock {DIV} at (0,148) size 784x22
        RenderBlock {DIV} at (0,0) size 784x22
          RenderImage {IMG} at (0,16) size 0x0
          RenderText {#text} at (0,0) size 4x22
            text run at (0,0) width 4: " "
          RenderText {#text} at (4,0) size 23x22
            text run at (4,0) width 23: "YZ"
layer at (100,112) size 28x22
  RenderBlock (positioned) {DIV} at (100,112) size 28x22
    RenderText {#text} at (0,0) size 28x22
      text run at (0,0) width 28: "VW"
layer at (100,134) size 28x22
  RenderBlock (positioned) {DIV} at (100,134) size 28x22
    RenderText {#text} at (0,0) size 28x22
      text run at (0,0) width 28: "VW"
layer at (100,178) size 28x22
  RenderBlock (positioned) {DIV} at (100,178) size 28x22
    RenderText {#text} at (0,0) size 28x22
      text run at (0,0) width 28: "VW"
