layer at (0,0) size 800x600
  RenderView at (0,0) size 800x600
layer at (0,0) size 800x600
  RenderBlock {HTML} at (0,0) size 800x600 [color=#FF0000]
    RenderBody {BODY} at (8,8) size 784x544
      RenderBlock {P} at (0,0) size 784x83
        RenderInline (generated) at (0,0) size 35x63 [color=#008000] [bgcolor=#FFC0CB]
          RenderText {#text} at (0,0) size 35x63
            text run at (0,0) width 35: "A"
        RenderText {#text} at (35,0) size 200x63
          text run at (35,0) width 200: "BCDEFG"
        RenderBR {BR} at (235,47) size 0x0
        RenderInline {SPAN} at (0,0) size 243x21 [color=#000000]
          RenderText {#text} at (0,62) size 243x21
            text run at (0,62) width 243: "Hover over \"A\". It must stay green."
        RenderText {#text} at (0,0) size 0x0
