layer at (0,0) size 800x600
  RenderView at (0,0) size 800x600
layer at (0,0) size 800x600
  RenderBlock {HTML} at (0,0) size 800x600
    RenderBody {BODY} at (8,8) size 784x584
      RenderBlock {P} at (0,0) size 784x22
        RenderText {#text} at (0,0) size 191x22
          text run at (0,0) width 191: "Each font name in that font:"
      RenderBlock {DIV} at (4,38) size 776x23 [border: (1px solid #ADD8E6)]
        RenderInline {B} at (0,0) size 108x21
          RenderText {#text} at (1,1) size 108x21
            text run at (1,1) width 108: "Helvetica bold"
        RenderText {#text} at (109,1) size 75x21
          text run at (109,1) width 75: " Helvetica "
        RenderInline {I} at (0,0) size 413x20
          RenderText {#text} at (184,1) size 200x20
            text run at (184,1) width 200: "Courier syn. italic "
          RenderInline {B} at (0,0) size 213x21
            RenderText {#text} at (384,1) size 213x21
              text run at (384,1) width 213: "Papyrus syn. bold syn. italic"
        RenderText {#text} at (0,0) size 0x0
      RenderBlock {DIV} at (4,65) size 776x44 [border: (1px solid #ADD8E6)]
        RenderInline {SPAN} at (0,0) size 70x19
          RenderText {#text} at (1,3) size 70x19
            text run at (1,3) width 70: "Courier"
        RenderText {#text} at (71,3) size 10x19
          text run at (71,3) width 10: " "
        RenderInline {SPAN} at (0,0) size 70x19
          RenderText {#text} at (81,3) size 70x19
            text run at (81,3) width 70: "Courier"
        RenderText {#text} at (151,3) size 10x19
          text run at (151,3) width 10: " "
        RenderInline {SPAN} at (0,0) size 70x19
          RenderText {#text} at (161,3) size 70x19
            text run at (161,3) width 70: "Courier"
        RenderText {#text} at (231,3) size 10x19
          text run at (231,3) width 10: " "
        RenderInline {SPAN} at (0,0) size 70x19
          RenderText {#text} at (241,3) size 70x19
            text run at (241,3) width 70: "Courier"
        RenderText {#text} at (311,3) size 10x19
          text run at (311,3) width 10: " "
        RenderInline {SPAN} at (0,0) size 70x19
          RenderText {#text} at (321,3) size 70x19
            text run at (321,3) width 70: "Courier"
        RenderText {#text} at (391,3) size 10x19
          text run at (391,3) width 10: " "
        RenderInline {SPAN} at (0,0) size 110x21
          RenderText {#text} at (401,1) size 110x21
            text run at (401,1) width 110: "Helvetica Bold"
        RenderText {#text} at (511,3) size 10x19
          text run at (511,3) width 10: " "
        RenderInline {SPAN} at (0,0) size 110x21
          RenderText {#text} at (521,1) size 110x21
            text run at (521,1) width 110: "Helvetica Bold"
        RenderText {#text} at (631,3) size 10x19
          text run at (631,3) width 10: " "
        RenderInline {SPAN} at (0,0) size 740x42
          RenderText {#text} at (641,1) size 740x42
            text run at (641,1) width 100: "Papyrus syn."
            text run at (1,22) width 34: "bold"
        RenderText {#text} at (35,24) size 10x19
          text run at (35,24) width 10: " "
        RenderInline {SPAN} at (0,0) size 138x21
          RenderText {#text} at (45,22) size 138x21
            text run at (45,22) width 138: "Papyrus syn. bold"
        RenderText {#text} at (0,0) size 0x0
      RenderBlock {DIV} at (4,113) size 776x44 [border: (1px solid #ADD8E6)]
        RenderInline {SPAN} at (0,0) size 70x19
          RenderText {#text} at (1,3) size 70x19
            text run at (1,3) width 70: "Courier"
        RenderText {#text} at (71,3) size 10x19
          text run at (71,3) width 10: " "
        RenderInline {SPAN} at (0,0) size 70x19
          RenderText {#text} at (81,3) size 70x19
            text run at (81,3) width 70: "Courier"
        RenderText {#text} at (151,3) size 10x19
          text run at (151,3) width 10: " "
        RenderInline {SPAN} at (0,0) size 70x19
          RenderText {#text} at (161,3) size 70x19
            text run at (161,3) width 70: "Courier"
        RenderText {#text} at (231,3) size 10x19
          text run at (231,3) width 10: " "
        RenderInline {SPAN} at (0,0) size 70x19
          RenderText {#text} at (241,3) size 70x19
            text run at (241,3) width 70: "Courier"
        RenderText {#text} at (311,3) size 10x19
          text run at (311,3) width 10: " "
        RenderInline {SPAN} at (0,0) size 70x19
          RenderText {#text} at (321,3) size 70x19
            text run at (321,3) width 70: "Courier"
        RenderText {#text} at (391,3) size 10x19
          text run at (391,3) width 10: " "
        RenderInline {SPAN} at (0,0) size 110x21
          RenderText {#text} at (401,1) size 110x21
            text run at (401,1) width 110: "Helvetica Bold"
        RenderText {#text} at (511,3) size 10x19
          text run at (511,3) width 10: " "
        RenderInline {SPAN} at (0,0) size 110x21
          RenderText {#text} at (521,1) size 110x21
            text run at (521,1) width 110: "Helvetica Bold"
        RenderText {#text} at (631,3) size 10x19
          text run at (631,3) width 10: " "
        RenderInline {SPAN} at (0,0) size 110x21
          RenderText {#text} at (641,1) size 110x21
            text run at (641,1) width 110: "Helvetica Bold"
        RenderText {#text} at (0,0) size 0x0
        RenderInline {SPAN} at (0,0) size 110x21
          RenderText {#text} at (1,22) size 110x21
            text run at (1,22) width 110: "Helvetica Bold"
        RenderText {#text} at (0,0) size 0x0
      RenderBlock {DIV} at (4,161) size 776x44 [border: (1px solid #ADD8E6)]
        RenderInline {SPAN} at (0,0) size 70x19
          RenderText {#text} at (1,3) size 70x19
            text run at (1,3) width 70: "Courier"
        RenderText {#text} at (71,3) size 10x19
          text run at (71,3) width 10: " "
        RenderInline {SPAN} at (0,0) size 70x19
          RenderText {#text} at (81,3) size 70x19
            text run at (81,3) width 70: "Courier"
        RenderText {#text} at (151,3) size 10x19
          text run at (151,3) width 10: " "
        RenderInline {SPAN} at (0,0) size 70x19
          RenderText {#text} at (161,3) size 70x19
            text run at (161,3) width 70: "Courier"
        RenderText {#text} at (231,3) size 10x19
          text run at (231,3) width 10: " "
        RenderInline {SPAN} at (0,0) size 70x19
          RenderText {#text} at (241,3) size 70x19
            text run at (241,3) width 70: "Courier"
        RenderText {#text} at (311,3) size 10x19
          text run at (311,3) width 10: " "
        RenderInline {SPAN} at (0,0) size 70x19
          RenderText {#text} at (321,3) size 70x19
            text run at (321,3) width 70: "Courier"
        RenderText {#text} at (391,3) size 10x19
          text run at (391,3) width 10: " "
        RenderInline {SPAN} at (0,0) size 110x21
          RenderText {#text} at (401,1) size 110x21
            text run at (401,1) width 110: "Helvetica Bold"
        RenderText {#text} at (511,3) size 10x19
          text run at (511,3) width 10: " "
        RenderInline {SPAN} at (0,0) size 110x21
          RenderText {#text} at (521,1) size 110x21
            text run at (521,1) width 110: "Helvetica Bold"
        RenderText {#text} at (631,3) size 10x19
          text run at (631,3) width 10: " "
        RenderInline {SPAN} at (0,0) size 110x21
          RenderText {#text} at (641,1) size 110x21
            text run at (641,1) width 110: "Helvetica Bold"
        RenderText {#text} at (0,0) size 0x0
        RenderInline {SPAN} at (0,0) size 110x21
          RenderText {#text} at (1,22) size 110x21
            text run at (1,22) width 110: "Helvetica Bold"
        RenderText {#text} at (0,0) size 0x0
      RenderBlock {P} at (0,221) size 784x22
        RenderText {#text} at (0,0) size 236x22
          text run at (0,0) width 236: "Times followed by Ahem (normal):"
      RenderBlock {DIV} at (4,259) size 776x23 [border: (1px solid #ADD8E6)]
        RenderText {#text} at (1,1) size 48x21
          text run at (1,1) width 48: "Times "
        RenderInline {I} at (0,0) size 64x17
          RenderText {#text} at (49,4) size 64x17
            text run at (49,4) width 64: "AHEM"
        RenderText {#text} at (0,0) size 0x0
      RenderBlock {P} at (0,298) size 784x22
        RenderText {#text} at (0,0) size 109x22
          text run at (0,0) width 109: "Ahem (normal):"
      RenderBlock {DIV} at (4,336) size 776x19 [border: (1px solid #ADD8E6)]
        RenderText {#text} at (1,1) size 80x17
          text run at (1,1) width 80: "AHEM "
        RenderInline {I} at (0,0) size 64x17
          RenderText {#text} at (81,1) size 64x17
            text run at (81,1) width 64: "AHEM"
        RenderText {#text} at (0,0) size 0x0
      RenderBlock {P} at (0,371) size 784x22
        RenderText {#text} at (0,0) size 344x22
          text run at (0,0) width 344: "Ahem (normal) followed by Ahem (synthetic bold):"
      RenderBlock {DIV} at (4,409) size 776x19 [border: (1px solid #ADD8E6)]
        RenderText {#text} at (1,1) size 80x17
          text run at (1,1) width 80: "AHEM "
        RenderInline {B} at (0,0) size 64x17
          RenderText {#text} at (81,1) size 64x17
            text run at (81,1) width 64: "AHEM"
        RenderText {#text} at (0,0) size 0x0
      RenderBlock {P} at (0,444) size 784x22
        RenderText {#text} at (0,0) size 352x22
          text run at (0,0) width 352: "Ahem (normal) followed by Ahem (synthetic italics):"
      RenderBlock {DIV} at (4,482) size 776x19 [border: (1px solid #ADD8E6)]
        RenderText {#text} at (1,1) size 80x17
          text run at (1,1) width 80: "AHEM "
        RenderInline {I} at (0,0) size 64x17
          RenderText {#text} at (81,1) size 64x17
            text run at (81,1) width 64: "AHEM"
        RenderText {#text} at (0,0) size 0x0
