layer at (0,0) size 800x600
  RenderView at (0,0) size 800x600
layer at (0,0) size 800x600
  RenderBlock {HTML} at (0,0) size 800x600
    RenderBody {BODY} at (8,8) size 784x576
      RenderBlock {P} at (0,0) size 784x44
        RenderText {#text} at (0,0) size 57x22
          text run at (0,0) width 57: "Test for "
        RenderInline {I} at (0,0) size 674x44
          RenderInline {A} at (0,0) size 352x22 [color=#0000EE]
            RenderText {#text} at (57,0) size 352x22
              text run at (57,0) width 352: "http://bugzilla.opendarwin.org/show_bug.cgi?id=9341"
          RenderText {#text} at (409,0) size 674x44
            text run at (409,0) width 4: " "
            text run at (413,0) width 261: "REGRESSION: Repro crash caused by"
            text run at (0,22) width 114: "style=\"font:bold\""
        RenderText {#text} at (114,22) size 4x22
          text run at (114,22) width 4: "."
      RenderBlock {P} at (0,60) size 784x22
        RenderText {#text} at (0,0) size 136x22
          text run at (0,0) width 136: "PASS (didn\x{2019}t crash)"
