layer at (0,0) size 784x643
  RenderView at (0,0) size 784x600
layer at (0,0) size 784x643
  RenderBlock {HTML} at (0,0) size 784x643
    RenderBody {BODY} at (8,16) size 768x611
      RenderBlock {P} at (0,0) size 768x22
        RenderText {#text} at (0,0) size 491x22
          text run at (0,0) width 491: "Fails indicate that the font property specification is invalid in strict mode."
      RenderBlock {P} at (0,54) size 768x41
        RenderText {#text} at (0,0) size 236x41
          text run at (0,0) width 236: "24pt italic = 24pt"
      RenderBlock {P} at (0,127) size 768x41
        RenderText {#text} at (0,0) size 309x41
          text run at (0,0) width 309: "24pt italic Arial = 24pt"
      RenderBlock {P} at (0,200) size 768x41
        RenderText {#text} at (0,0) size 394x41
          text run at (0,0) width 394: "24pt italic 'Arial' = 24pt Arial"
      RenderBlock {P} at (0,273) size 768x22
        RenderText {#text} at (0,0) size 110x22
          text run at (0,0) width 110: "italic 24pt = fails"
      RenderBlock {P} at (0,327) size 768x42
        RenderText {#text} at (0,0) size 457x42
          text run at (0,0) width 457: "italic 24pt Arial = 24pt Arial Italic"
      RenderBlock {P} at (0,401) size 768x42
        RenderText {#text} at (0,0) size 469x42
          text run at (0,0) width 469: "italic 24pt 'Arial' = 24pt Arial Italic"
      RenderBlock {P} at (0,475) size 768x22
        RenderText {#text} at (0,0) size 149x22
          text run at (0,0) width 149: "Arial 24pt italic = fails"
      RenderBlock {P} at (0,513) size 768x22
        RenderText {#text} at (0,0) size 157x22
          text run at (0,0) width 157: "'Arial' 24pt italic = fails"
      RenderBlock {P} at (0,551) size 768x22
        RenderText {#text} at (0,0) size 149x22
          text run at (0,0) width 149: "Arial italic 24pt = fails"
      RenderBlock {P} at (0,589) size 768x22
        RenderText {#text} at (0,0) size 157x22
          text run at (0,0) width 157: "'Arial' italic 24pt = fails"
