layer at (0,0) size 800x600
  RenderView at (0,0) size 800x600
layer at (0,0) size 800x600
  RenderBlock (relative positioned) {HTML} at (0,0) size 800x600
    RenderBody {BODY} at (8,8) size 784x584
      RenderBlock (anonymous) at (0,0) size 784x22
        RenderText {#text} at (0,0) size 664x22
          text run at (0,0) width 664: "To reproduce this bug outside of DumpRenderTree, click the link below. If broken, we will crash. "
        RenderBR {BR} at (664,16) size 0x0
layer at (8,30) size 62x104
  RenderTable {TABLE} at (0,22) size 62x104
    RenderTableSection {TBODY} at (0,0) size 62x104
      RenderTableRow {TR} at (0,2) size 62x24
        RenderTableCell {TD} at (2,2) size 58x24 [r=0 c=0 rs=1 cs=1]
          RenderInline {A} at (0,0) size 26x22 [color=#0000EE]
            RenderText {#text} at (1,1) size 26x22
              text run at (1,1) width 26: "link"
      RenderTableRow {TR} at (0,28) size 62x74
        RenderTableCell {TD} at (2,28) size 58x74 [r=1 c=0 rs=1 cs=1]
layer at (11,59) size 56x72
  RenderTable {TABLE} at (1,1) size 56x72
    RenderTableSection {TBODY} at (0,0) size 56x72
      RenderTableRow {TR} at (0,2) size 56x68
        RenderTableCell {TD} at (2,2) size 52x68 [r=0 c=0 rs=1 cs=1]
          RenderText {#text} at (1,1) size 50x22
            text run at (1,1) width 50: "content"
          RenderBR {BR} at (51,17) size 0x0
          RenderText {#text} at (1,23) size 50x22
            text run at (1,23) width 50: "content"
          RenderBR {BR} at (51,39) size 0x0
          RenderText {#text} at (1,45) size 50x22
            text run at (1,45) width 50: "content"
          RenderBR {BR} at (51,61) size 0x0
caret: position 5 of child 0 {#text} of body
