layer at (0,0) size 800x600
  RenderView at (0,0) size 800x600
layer at (0,0) size 800x196
  RenderBlock {HTML} at (0,0) size 800x196
    RenderBody {BODY} at (8,15) size 784x166
      RenderBlock {P} at (0,0) size 784x75
        RenderText {#text} at (0,27) size 96x21
          text run at (0,27) width 96: "This tests bug "
        RenderInline {A} at (0,0) size 628x21 [color=#0000EE]
          RenderText {#text} at (96,27) size 628x21
            text run at (96,27) width 628: "Bug 13174: line-height in font shorthand does not override a previously stated line-height property"
        RenderText {#text} at (724,27) size 4x21
          text run at (724,27) width 4: "."
      RenderBlock {P} at (0,90) size 784x76
        RenderText {#text} at (0,27) size 127x21
          text run at (0,27) width 127: "This text should be "
        RenderInline {CODE} at (0,0) size 189x19
          RenderText {#text} at (127,29) size 189x19
            text run at (127,29) width 189: "font:15px/5em Georgia"
        RenderText {#text} at (316,27) size 4x21
          text run at (316,27) width 4: "."
