layer at (0,0) size 800x600
  RenderView at (0,0) size 800x600
layer at (0,0) size 800x40
  RenderBlock {HTML} at (0,0) size 800x40
    RenderBody {BODY} at (8,8) size 784x24
      RenderBlock {DIV} at (0,0) size 784x24 [bgcolor=#FF0000] [border: (1px solid #00FF00)]
        RenderBlock {FORM} at (1,1) size 782x22 [bgcolor=#00FF00]
          RenderText {#text} at (0,0) size 731x22
            text run at (0,0) width 731: "There should be no red on this page. Form element should not have border-bottom set to 1em in strict mode."
