layer at (0,0) size 800x600
  RenderView at (0,0) size 800x600
layer at (0,0) size 800x600
  RenderBlock {HTML} at (0,0) size 800x600
    RenderBody {BODY} at (8,8) size 784x584
      RenderBlock (anonymous) at (0,0) size 784x22
        RenderText {#text} at (0,0) size 464x22
          text run at (0,0) width 237: "There should be only green below. "
          text run at (237,0) width 227: "If you see RED the test has failed."
      RenderBlock {DIV} at (0,22) size 784x16 [bgcolor=#008000]
      RenderBlock {DIV} at (0,38) size 784x16 [bgcolor=#008000]
      RenderBlock {DIV} at (0,54) size 784x16 [bgcolor=#008000]
      RenderBlock {DIV} at (0,70) size 784x16 [bgcolor=#008000]
      RenderBlock {DIV} at (0,86) size 784x16 [bgcolor=#008000]
      RenderBlock {DIV} at (0,102) size 784x16 [bgcolor=#008000]
      RenderBlock {DIV} at (0,118) size 784x16 [bgcolor=#008000]
      RenderBlock {DIV} at (0,134) size 784x16 [bgcolor=#008000]
      RenderBlock {DIV} at (0,150) size 784x16 [bgcolor=#008000]
      RenderBlock {DIV} at (0,166) size 784x16 [bgcolor=#008000]
      RenderBlock {DIV} at (0,182) size 784x16 [bgcolor=#008000]
      RenderBlock {DIV} at (0,198) size 784x16 [bgcolor=#008000]
      RenderBlock {DIV} at (0,214) size 784x16 [bgcolor=#008000]
      RenderBlock {DIV} at (0,230) size 784x16 [bgcolor=#008000]
      RenderBlock {DIV} at (0,246) size 784x16 [bgcolor=#008000]
      RenderBlock {DIV} at (0,262) size 784x16 [bgcolor=#008000]
      RenderBlock {DIV} at (0,278) size 784x16 [bgcolor=#008000]
      RenderBlock {DIV} at (0,294) size 784x16 [bgcolor=#008000]
      RenderBlock {DIV} at (0,310) size 784x16 [bgcolor=#008000]
      RenderBlock {DIV} at (0,326) size 784x16 [bgcolor=#008000]
      RenderBlock {DIV} at (0,342) size 784x16 [bgcolor=#008000]
