layer at (0,0) size 800x600
  RenderView at (0,0) size 800x600
layer at (0,0) size 800x600
  RenderBlock {HTML} at (0,0) size 800x600
    RenderBody {BODY} at (8,8) size 784x584
      RenderBlock {DIV} at (0,44) size 784x22
        RenderText {#text} at (0,0) size 233x22
          text run at (0,0) width 233: "PASSED: The hover effect works!"
layer at (8,8) size 784x44
  RenderBlock {DIV} at (0,0) size 784x44
    RenderTable at (0,0) size 784x44
      RenderTableSection (anonymous) at (0,0) size 784x44
layer at (8,8) size 784x44
  RenderTableRow {DIV} at (0,0) size 784x44 [bgcolor=#0000FF]
    RenderTableCell (anonymous) at (0,0) size 784x44 [r=0 c=0 rs=1 cs=1]
      RenderText {#text} at (0,0) size 712x44
        text run at (0,0) width 712: "To test this manually, first make sure you can see this text at all, and then hover over it and make sure the"
        text run at (0,22) width 160: "background turns blue."
