layer at (0,0) size 784x609
  RenderView at (0,0) size 784x600
layer at (0,0) size 784x609
  RenderBlock {HTML} at (0,0) size 784x609
    RenderBody {BODY} at (8,8) size 768x591
      RenderBlock {P} at (0,0) size 768x21
        RenderText {#text} at (0,0) size 345x21
          text run at (0,0) width 345: "Test :nth-child() when dynamically adding siblings."
      RenderBlock {P} at (0,37) size 768x21
        RenderInline {A} at (0,0) size 322x21 [color=#0000EE]
          RenderText {#text} at (0,0) size 322x21
            text run at (0,0) width 322: "https://bugs.webkit.org/show_bug.cgi?id=26362"
      RenderBlock {DIV} at (10,74) size 748x243 [border: (1px solid #000000)]
        RenderBlock {P} at (11,6) size 731x21 [color=#FF0000]
          RenderText {#text} at (0,0) size 66x21
            text run at (0,0) width 14: "P "
            text run at (14,0) width 52: "red text"
        RenderBlock {DIV} at (6,27) size 736x21
          RenderText {#text} at (0,0) size 30x21
            text run at (0,0) width 30: "DIV"
        RenderBlock {P} at (11,48) size 731x21
          RenderText {#text} at (0,0) size 10x21
            text run at (0,0) width 10: "P"
        RenderBlock {DIV} at (6,69) size 736x21 [color=#FF0000] [bgcolor=#9999FF]
          RenderText {#text} at (0,0) size 140x21
            text run at (0,0) width 34: "DIV "
            text run at (34,0) width 56: "red text "
            text run at (90,0) width 50: "blue bg"
        RenderBlock {P} at (11,90) size 731x21
          RenderText {#text} at (0,0) size 10x21
            text run at (0,0) width 10: "P"
        RenderBlock {DIV} at (6,111) size 736x21
          RenderText {#text} at (0,0) size 30x21
            text run at (0,0) width 30: "DIV"
        RenderBlock {P} at (11,132) size 731x21 [color=#FF0000]
          RenderText {#text} at (0,0) size 66x21
            text run at (0,0) width 14: "P "
            text run at (14,0) width 52: "red text"
        RenderBlock {DIV} at (6,153) size 736x21
          RenderText {#text} at (0,0) size 30x21
            text run at (0,0) width 30: "DIV"
        RenderBlock {P} at (11,174) size 731x21
          RenderText {#text} at (0,0) size 10x21
            text run at (0,0) width 10: "P"
        RenderBlock {DIV} at (6,195) size 736x21 [color=#FF0000]
          RenderText {#text} at (0,0) size 86x21
            text run at (0,0) width 34: "DIV "
            text run at (34,0) width 52: "red text"
        RenderBlock {P} at (11,216) size 731x21
          RenderText {#text} at (0,0) size 10x21
            text run at (0,0) width 10: "P"
      RenderBlock {DIV} at (10,327) size 748x264 [border: (1px solid #000000)]
        RenderText {#text} at (6,6) size 275x21
          text run at (6,6) width 275: "child 0: PASS: found color rgb(255, 0, 0)"
        RenderBR {BR} at (281,22) size 0x0
        RenderText {#text} at (6,27) size 259x21
          text run at (6,27) width 259: "child 1: PASS: found color rgb(0, 0, 0)"
        RenderBR {BR} at (265,43) size 0x0
        RenderText {#text} at (6,48) size 259x21
          text run at (6,48) width 259: "child 2: PASS: found color rgb(0, 0, 0)"
        RenderBR {BR} at (265,64) size 0x0
        RenderText {#text} at (6,69) size 275x21
          text run at (6,69) width 275: "child 3: PASS: found color rgb(255, 0, 0)"
        RenderBR {BR} at (281,85) size 0x0
        RenderText {#text} at (6,90) size 259x21
          text run at (6,90) width 259: "child 4: PASS: found color rgb(0, 0, 0)"
        RenderBR {BR} at (265,106) size 0x0
        RenderText {#text} at (6,111) size 259x21
          text run at (6,111) width 259: "child 5: PASS: found color rgb(0, 0, 0)"
        RenderBR {BR} at (265,127) size 0x0
        RenderText {#text} at (6,132) size 275x21
          text run at (6,132) width 275: "child 6: PASS: found color rgb(255, 0, 0)"
        RenderBR {BR} at (281,148) size 0x0
        RenderText {#text} at (6,153) size 259x21
          text run at (6,153) width 259: "child 7: PASS: found color rgb(0, 0, 0)"
        RenderBR {BR} at (265,169) size 0x0
        RenderText {#text} at (6,174) size 259x21
          text run at (6,174) width 259: "child 8: PASS: found color rgb(0, 0, 0)"
        RenderBR {BR} at (265,190) size 0x0
        RenderText {#text} at (6,195) size 275x21
          text run at (6,195) width 275: "child 9: PASS: found color rgb(255, 0, 0)"
        RenderBR {BR} at (281,211) size 0x0
        RenderText {#text} at (6,216) size 267x21
          text run at (6,216) width 267: "child 10: PASS: found color rgb(0, 0, 0)"
        RenderBR {BR} at (273,232) size 0x0
        RenderText {#text} at (6,237) size 295x21
          text run at (6,237) width 295: "div 1: PASS: found color rgb(153, 153, 255)"
        RenderBR {BR} at (301,253) size 0x0
