layer at (0,0) size 800x600
  RenderView at (0,0) size 800x600
layer at (0,0) size 800x600
  RenderBlock {HTML} at (0,0) size 800x600
    RenderBody {BODY} at (8,20) size 784x560
      RenderBlock {DIV} at (20,0) size 744x60 [bgcolor=#ADD8E6]
        RenderBlock {P} at (0,0) size 744x22
          RenderText {#text} at (0,0) size 336x22
            text run at (0,0) width 336: "There should be one outline around the whole div"
        RenderBlock {P} at (-20,38) size 764x22
          RenderText {#text} at (0,0) size 170x22
            text run at (0,0) width 170: "Not around each element"
      RenderBlock {DIV} at (20,80) size 744x60 [bgcolor=#ADD8E6]
        RenderBlock {P} at (0,0) size 744x22
          RenderText {#text} at (0,0) size 336x22
            text run at (0,0) width 336: "There should be one outline around the whole div"
        RenderBlock {P} at (-20,38) size 764x22
          RenderText {#text} at (0,0) size 170x22
            text run at (0,0) width 170: "Not around each element"
