layer at (0,0) size 800x600
  RenderView at (0,0) size 800x600
layer at (0,0) size 800x600
  RenderBlock {HTML} at (0,0) size 800x600
    RenderBody {BODY} at (23,23) size 754x530
      RenderBlock {P} at (0,0) size 754x192
        RenderText {#text} at (0,0) size 711x192
          text run at (0,0) width 692: "This test ensures that we preserve"
          text run at (0,64) width 711: "the user-specified zoom level of the"
          text run at (0,128) width 313: "page on reload."
