layer at (0,0) size 800x600
  RenderView at (0,0) size 800x600
layer at (0,0) size 800x600
  RenderBlock {HTML} at (0,0) size 800x600
    RenderBody {BODY} at (8,8) size 784x584
      RenderBlock {DIV} at (0,0) size 784x42
        RenderInline (generated) at (0,0) size 21x41
          RenderText {#text} at (0,0) size 21x41
            text run at (0,0) width 21: "T"
        RenderText {#text} at (21,15) size 399x21
          text run at (21,15) width 399: "he first letter in this sentence should be larger than the rest."
      RenderBlock {DIV} at (0,42) size 784x42
        RenderText {#text} at (0,0) size 571x41
          text run at (0,0) width 571: "This sentence should be extra-extra-large."
      RenderBlock (anonymous) at (0,84) size 784x31
        RenderTextControl {INPUT} at (2,2) size 168x27 [bgcolor=#FFFFFF] [border: (2px inset #000000)]
          RenderBlock {DIV} at (3,3) size 162x21
            RenderBlock {DIV} at (0,16) size 0x0
            RenderBlock {DIV} at (162,16) size 0x0
        RenderText {#text} at (0,0) size 0x0
        RenderText {#text} at (0,0) size 0x0
layer at (13,97) size 162x21
  RenderBlock {DIV} at (0,0) size 162x21 [color=#008000]
    RenderText {#text} at (1,0) size 141x21
      text run at (1,0) width 141: "This should be green"
