layer at (0,0) size 800x600
  RenderView at (0,0) size 800x600
layer at (0,0) size 800x600
  RenderBlock {HTML} at (0,0) size 800x600
    RenderBody {BODY} at (8,8) size 784x576
      RenderBlock {P} at (0,0) size 86x48 [border: (3px solid #0000FF)]
        RenderInline (generated) at (0,0) size 108x21
          RenderText at (3,3) size 108x21
            text run at (3,3) width 108: "AAAAAAAAA"
        RenderText {#text} at (111,3) size 132x42
          text run at (111,3) width 24: "AA"
          text run at (3,24) width 22: "BB"
      RenderBlock {P} at (0,64) size 86x27 [border: (3px solid #0000FF)]
        RenderInline (generated) at (0,0) size 108x21
          RenderText at (3,3) size 108x21
            text run at (3,3) width 108: "AAAAAAAAA"
        RenderText {#text} at (111,3) size 60x21
          text run at (111,3) width 60: "AAAAA"
      RenderBlock {P} at (0,107) size 86x48 [border: (3px solid #0000FF)]
        RenderInline (generated) at (0,0) size 48x42
          RenderText at (3,3) size 48x42
            text run at (3,3) width 48: "AAAA"
            text run at (3,24) width 44: "BBBB"
        RenderText {#text} at (47,24) size 55x21
          text run at (47,24) width 55: "BBBBB"
      RenderBlock {P} at (0,171) size 86x48 [border: (3px solid #0000FF)]
        RenderInline (generated) at (0,0) size 108x21
          RenderText at (3,3) size 108x21
            text run at (3,3) width 108: "AAAAAAAAA"
        RenderText {#text} at (111,3) size 132x42
          text run at (111,3) width 24: "AA"
          text run at (3,24) width 22: "ZZ"
        RenderInline (generated) at (0,0) size 99x21
          RenderText at (25,24) size 99x21
            text run at (25,24) width 99: "ZZZZZZZZZ"
      RenderBlock {P} at (0,235) size 86x27 [border: (3px solid #0000FF)]
        RenderInline (generated) at (0,0) size 108x21
          RenderText at (3,3) size 108x21
            text run at (3,3) width 108: "AAAAAAAAA"
        RenderText {#text} at (111,3) size 75x21
          text run at (111,3) width 75: "MMMMM"
        RenderInline (generated) at (0,0) size 99x21
          RenderText at (186,3) size 99x21
            text run at (186,3) width 99: "ZZZZZZZZZ"
      RenderBlock {P} at (0,278) size 86x48 [border: (3px solid #0000FF)]
        RenderText {#text} at (3,3) size 60x21
          text run at (3,3) width 60: "YYYYY"
        RenderInline (generated) at (0,0) size 108x42
          RenderText at (63,3) size 108x42
            text run at (63,3) width 48: "YYYY"
            text run at (3,24) width 44: "ZZZZ"
      RenderBlock {P} at (0,342) size 86x48 [border: (3px solid #0000FF)]
        RenderText {#text} at (3,3) size 24x42
          text run at (3,3) width 24: "YY"
          text run at (3,24) width 22: "ZZ"
        RenderInline (generated) at (0,0) size 99x21
          RenderText at (25,24) size 99x21
            text run at (25,24) width 99: "ZZZZZZZZZ"
      RenderBlock {P} at (0,406) size 86x27 [border: (3px solid #0000FF)]
        RenderText {#text} at (3,3) size 55x21
          text run at (3,3) width 55: "ZZZZZ"
        RenderInline (generated) at (0,0) size 99x21
          RenderText at (58,3) size 99x21
            text run at (58,3) width 99: "ZZZZZZZZZ"
