layer at (0,0) size 800x600
  RenderView at (0,0) size 800x600
layer at (0,0) size 800x600
  RenderBlock {HTML} at (0,0) size 800x600
    RenderBody {BODY} at (8,8) size 784x584
      RenderBlock (anonymous) at (0,0) size 784x93
        RenderText {#text} at (0,0) size 781x94
          text run at (0,0) width 431: "This is a test of dynamic rem unit scaling. "
          text run at (431,0) width 350: "Changes to the root element's font"
          text run at (0,31) width 735: "size need to cause dependent elements in the document tree to update as"
          text run at (0,62) width 48: "well."
      RenderBlock {DIV} at (0,93) size 784x44
        RenderBlock (anonymous) at (0,0) size 784x13
          RenderText {#text} at (0,0) size 113x13
            text run at (0,0) width 113: "This text should be small."
        RenderBlock {DIV} at (0,13) size 784x31
          RenderText {#text} at (0,0) size 471x32
            text run at (0,0) width 471: "This text should match the root (and be 24px)."
