layer at (0,0) size 800x600
  RenderView at (0,0) size 800x600
layer at (0,0) size 800x600
  RenderBlock {HTML} at (0,0) size 800x600
    RenderBody {BODY} at (8,8) size 784x542
      RenderBlock {HR} at (0,0) size 784x2 [border: (1px inset #000000)]
      RenderBlock {P} at (0,18) size 784x22
        RenderText {#text} at (0,0) size 57x22
          text run at (0,0) width 57: "Test for "
        RenderInline {I} at (0,0) size 657x22
          RenderInline {A} at (0,0) size 310x22 [color=#0000EE]
            RenderText {#text} at (57,0) size 310x22
              text run at (57,0) width 310: "https://bugs.webkit.org/show_bug.cgi?id=22118"
          RenderText {#text} at (367,0) size 347x22
            text run at (367,0) width 4: " "
            text run at (371,0) width 343: "Resize corner does not track in transformed elements"
        RenderText {#text} at (714,0) size 4x22
          text run at (714,0) width 4: "."
      RenderBlock {HR} at (0,56) size 784x2 [border: (1px inset #000000)]
layer at (58,116) size 163x129 clip at (60,118) size 159x125
  RenderBlock {DIV} at (50,108) size 163x129 [border: (2px solid #0000FF)]
