layer at (0,0) size 800x600
  RenderView at (0,0) size 800x600
layer at (0,0) size 800x600
  RenderBlock {HTML} at (0,0) size 800x600
    RenderBody {BODY} at (8,8) size 784x578
      RenderBlock {P} at (0,0) size 784x40
        RenderText {#text} at (0,0) size 219x19
          text run at (0,0) width 219 LTR override: "This tests for a regression against "
        RenderInline {I} at (0,0) size 699x39
          RenderInline {A} at (0,0) size 337x19 [color=#0000EE]
            RenderText {#text} at (219,0) size 337x19
              text run at (219,0) width 337 LTR override: "http://bugzilla.opendarwin.org/show_bug.cgi?id=6334"
          RenderText {#text} at (556,0) size 699x39
            text run at (556,0) width 143 LTR override: " REGRESSION: <input"
            text run at (0,20) width 360 LTR override: "type=\"button\"> text is reversed on \"visual Hebrew\" pages"
        RenderText {#text} at (360,20) size 4x19
          text run at (360,20) width 4 LTR override: "."
      RenderBlock {HR} at (0,54) size 784x2 [border: (1px inset #000000)]
      RenderBlock {P} at (0,70) size 784x19
        RenderText {#text} at (0,0) size 330x19
          text run at (0,0) width 260 LTR override: "The text on both buttons should like this: "
          text run at (260,0) width 70 LTR override: "\x{5E8}\x{5D5}\x{5EA}\x{5E4}\x{5DB}"
      RenderBlock (anonymous) at (0,103) size 784x68
        RenderButton {BUTTON} at (2,2) size 86x30 [bgcolor=#C0C0C0]
          RenderBlock (anonymous) at (8,5) size 70x19
            RenderText {#text} at (0,0) size 70x19
              text run at (0,0) width 70 LTR override: "\x{5E8}\x{5D5}\x{5EA}\x{5E4}\x{5DB}"
        RenderText {#text} at (90,7) size 4x19
          text run at (90,7) width 4 LTR override: " "
        RenderBR {BR} at (94,21) size 0x0
        RenderButton {INPUT} at (2,36) size 86x30 [bgcolor=#C0C0C0]
          RenderBlock (anonymous) at (8,5) size 70x19
            RenderText at (0,0) size 70x19
              text run at (0,0) width 70 RTL: "\x{5DB}\x{5E4}\x{5EA}\x{5D5}\x{5E8}"
        RenderText {#text} at (0,0) size 0x0
      RenderBlock {HR} at (0,178) size 784x2 [border: (1px inset #000000)]
      RenderBlock {P} at (0,194) size 784x19
        RenderText {#text} at (0,0) size 243x19
          text run at (0,0) width 243 LTR override: "The following lines should be identical:"
      RenderBlock {P} at (0,227) size 784x19
        RenderText {#text} at (0,0) size 95x19
          text run at (0,0) width 16: "21"
          text run at (16,0) width 79 RTL: "\x{5D4}\x{5DE}\x{5D0}\x{5D4} \x{5D4}-"
      RenderBlock {P} at (0,260) size 784x19
        RenderText {#text} at (0,0) size 95x19
          text run at (0,0) width 21 LTR override: "21-"
          text run at (21,0) width 74 LTR override: "\x{5D4} \x{5D4}\x{5D0}\x{5DE}\x{5D4}"
