layer at (0,0) size 800x600
  RenderView at (0,0) size 800x600
layer at (0,0) size 800x600
  RenderBlock {HTML} at (0,0) size 800x600
    RenderBody {BODY} at (8,8) size 784x576
      RenderBlock {H1} at (0,0) size 784x42
        RenderText {#text} at (0,0) size 254x42
          text run at (0,0) width 254: "setAttribute() Test"
      RenderBlock {P} at (0,63) size 784x22 [color=#008000]
        RenderText {#text} at (0,0) size 504x22
          text run at (0,0) width 504: "This element's Class attribute is set using setAttribute(). It should be green."
      RenderBlock {P} at (0,101) size 784x22 [color=#008000]
        RenderText {#text} at (0,0) size 486x22
          text run at (0,0) width 486: "This element's ID attribute is set using setAttribute(). It should be green."
      RenderBlock {P} at (0,139) size 784x22 [color=#008000]
        RenderText {#text} at (0,0) size 499x22
          text run at (0,0) width 499: "This element's Title attribute is set using setAttribute(). It should be green."
      RenderBlock {P} at (0,177) size 784x22 [color=#008000]
        RenderText {#text} at (0,0) size 424x22
          text run at (0,0) width 424: "This element's Title attribute is hard-coded. It should be green."
      RenderBlock {P} at (0,215) size 784x22 [color=#008000]
        RenderText {#text} at (0,0) size 504x22
          text run at (0,0) width 504: "This element's Lang attribute is set using setAttribute(). It should be green."
