layer at (0,0) size 800x600
  RenderView at (0,0) size 800x600
layer at (0,0) size 800x68
  RenderBlock {HTML} at (0,0) size 800x68
    RenderBody {BODY} at (8,8) size 784x52
      RenderBlock {DIV} at (0,0) size 784x22
        RenderText {#text} at (0,0) size 518x22
          text run at (0,0) width 518: "The text below should be centered since text-align does inherit in strict mode."
      RenderBlock {DIV} at (0,22) size 784x30
        RenderTable {TABLE} at (0,0) size 108x30 [border: (1px solid #000000)]
          RenderTableSection {TBODY} at (1,1) size 106x28
            RenderTableRow {TR} at (0,2) size 106x24
              RenderTableCell {TD} at (2,2) size 102x24 [r=0 c=0 rs=1 cs=1]
                RenderText {#text} at (33,1) size 36x22
                  text run at (33,1) width 36: "hello."
