layer at (0,0) size 784x640
  RenderView at (0,0) size 784x600
layer at (0,0) size 784x640
  RenderBlock {HTML} at (0,0) size 784x640
    RenderBody {BODY} at (8,8) size 768x624
      RenderInline {SPAN} at (0,0) size 709x156
        RenderText {#text} at (0,0) size 709x156
          text run at (0,0) width 709: "fin LYAWA (No kerning or"
          text run at (0,78) width 244: "ligatures)"
      RenderText {#text} at (244,120) size 4x21
        text run at (244,120) width 4: " "
      RenderBR {BR} at (248,136) size 0x0
      RenderInline {SPAN} at (0,0) size 709x156
        RenderText {#text} at (0,156) size 709x156
          text run at (0,156) width 709: "fin LYAWA (No kerning or"
          text run at (0,234) width 244: "ligatures)"
      RenderText {#text} at (244,276) size 4x21
        text run at (244,276) width 4: " "
      RenderBR {BR} at (248,292) size 0x0
      RenderInline {SPAN} at (0,0) size 674x156
        RenderText {#text} at (0,312) size 674x156
          text run at (0,312) width 674: "fin LYAWA (Kerning and"
          text run at (0,390) width 244: "ligatures)"
      RenderText {#text} at (244,432) size 4x21
        text run at (244,432) width 4: " "
      RenderBR {BR} at (248,448) size 0x0
      RenderInline {SPAN} at (0,0) size 674x156
        RenderText {#text} at (0,468) size 674x156
          text run at (0,468) width 674: "fin LYAWA (Kerning and"
          text run at (0,546) width 244: "ligatures)"
      RenderText {#text} at (244,588) size 4x21
        text run at (244,588) width 4: " "
      RenderBR {BR} at (248,604) size 0x0
