layer at (0,0) size 800x600
  RenderView at (0,0) size 800x600
layer at (0,0) size 800x580
  RenderBlock {HTML} at (0,0) size 800x580
    RenderBody {BODY} at (8,10) size 784x554
      RenderBlock {H1} at (0,0) size 784x22
        RenderText {#text} at (0,0) size 78x22
          text run at (0,0) width 78: "Simple case"
      RenderBlock {P} at (0,38) size 784x22
        RenderText {#text} at (0,0) size 72x22
          text run at (0,0) width 72: "LTR Start"
      RenderBlock {P} at (0,76) size 784x22
        RenderText {#text} at (717,0) size 67x22
          text run at (717,0) width 67: "LTR End"
      RenderBlock {P} at (0,114) size 784x22
        RenderText {#text} at (712,0) size 72x22
          text run at (712,0) width 72: "RTL Start"
      RenderBlock {P} at (0,152) size 784x22
        RenderText {#text} at (0,0) size 67x22
          text run at (0,0) width 67: "RTL End"
      RenderBlock {H1} at (0,190) size 784x22
        RenderText {#text} at (0,0) size 95x22
          text run at (0,0) width 95: "Inherited case"
      RenderBlock {DIV} at (0,228) size 784x22
        RenderBlock {P} at (0,0) size 784x22
          RenderText {#text} at (0,0) size 72x22
            text run at (0,0) width 72: "LTR Start"
      RenderBlock {DIV} at (0,266) size 784x22
        RenderBlock {P} at (0,0) size 784x22
          RenderText {#text} at (717,0) size 67x22
            text run at (717,0) width 67: "LTR End"
      RenderBlock {DIV} at (0,304) size 784x22
        RenderBlock {P} at (0,0) size 784x22
          RenderText {#text} at (712,0) size 72x22
            text run at (712,0) width 72: "RTL Start"
      RenderBlock {DIV} at (0,342) size 784x22
        RenderBlock {P} at (0,0) size 784x22
          RenderText {#text} at (0,0) size 67x22
            text run at (0,0) width 67: "RTL End"
      RenderBlock {H1} at (0,380) size 784x22
        RenderText {#text} at (0,0) size 415x22
          text run at (0,0) width 415: "Inherited case where parent block has opposite directionality."
      RenderBlock {DIV} at (0,418) size 784x22
        RenderBlock {P} at (0,0) size 784x22
          RenderText {#text} at (0,0) size 72x22
            text run at (0,0) width 72: "LTR Start"
      RenderBlock {DIV} at (0,456) size 784x22
        RenderBlock {P} at (0,0) size 784x22
          RenderText {#text} at (717,0) size 67x22
            text run at (717,0) width 67: "LTR End"
      RenderBlock {DIV} at (0,494) size 784x22
        RenderBlock {P} at (0,0) size 784x22
          RenderText {#text} at (712,0) size 72x22
            text run at (712,0) width 72: "RTL Start"
      RenderBlock {DIV} at (0,532) size 784x22
        RenderBlock {P} at (0,0) size 784x22
          RenderText {#text} at (0,0) size 67x22
            text run at (0,0) width 67: "RTL End"
