layer at (0,0) size 800x600
  RenderView at (0,0) size 800x600
layer at (0,0) size 800x600
  RenderBlock {HTML} at (0,0) size 800x600
    RenderBody {BODY} at (8,8) size 784x576
      RenderBlock {P} at (0,0) size 784x36
        RenderText {#text} at (0,0) size 770x36
          text run at (0,0) width 770: "This test checks that WebKit doesn't stop looking for a charset defined in an HTTP-EQUIV meta when it encounters a tag"
          text run at (0,18) width 89: "within <title>."
      RenderBlock {P} at (0,52) size 784x18
        RenderText {#text} at (0,0) size 306x18
          text run at (0,0) width 306: "The first letter should look like a Latin \"K\" here:"
      RenderBlock {P} at (0,86) size 784x18
        RenderText {#text} at (0,0) size 99x18
          text run at (0,0) width 99: "\x{41A}\x{430}\x{43A}\x{430}\x{44F} \x{433}\x{430}\x{434}\x{43E}\x{441}\x{442}\x{44C}!"
