layer at (0,0) size 800x1095
  RenderCanvas at (0,0) size 800x600
layer at (0,0) size 800x1095
  RenderBlock {HTML} at (0,0) size 800x1095
    RenderBody {BODY} at (8,8) size 784x1074 [bgcolor=#EEEEEE]
      RenderBlock (anonymous) at (0,0) size 784x20
        RenderInline {SPAN} at (0,0) size 191x12
          RenderText {TEXT} at (0,0) size 0x0
          RenderInline {SPAN} at (0,0) size 191x12
            RenderTable {TABLE} at (0,0) size 191x20
              RenderTableSection {TBODY} at (0,0) size 0x20
                RenderTableRow {TR} at (0,0) size 0x0
                  RenderTableCell {TD} at (0,0) size 115x20 [r=0 c=0 rs=1 cs=1]
                    RenderText {TEXT} at (1,1) size 113x18
                      text run at (1,1) width 113: "Record Locator:"
                  RenderTableCell {TD} at (115,0) size 76x20 [r=0 c=1 rs=1 cs=1]
                    RenderInline {B} at (0,0) size 74x17
                      RenderText {TEXT} at (1,1) size 74x18
                        text run at (1,1) width 74: "WHGNSO"
                    RenderText {TEXT} at (0,0) size 0x0
          RenderText {TEXT} at (0,0) size 0x0
      RenderBlock (anonymous) at (0,26) size 784x2
        RenderBlock {HR} at (0,0) size 784x2 [border: (1px inset #000000)]
      RenderBlock (anonymous) at (0,34) size 784x43
        RenderInline {SPAN} at (0,0) size 110x41
          RenderInline {SPAN} at (0,0) size 110x41
            RenderInline {SPAN} at (0,0) size 110x17
              RenderText {TEXT} at (0,0) size 0x0
              RenderImage {IMG} at (0,0) size 53x20
              RenderText {TEXT} at (53,0) size 57x18
                text run at (53,0) width 4: " "
                text run at (57,0) width 53: "Names"
              RenderBR {BR} at (0,0) size 0x0
            RenderText {TEXT} at (0,0) size 0x0
            RenderInline {SPAN} at (0,0) size 104x15
              RenderText {TEXT} at (0,0) size 0x0
            RenderText {TEXT} at (0,0) size 0x0
          RenderText {TEXT} at (0,0) size 0x0
      RenderBlock (anonymous) at (0,83) size 784x2
        RenderBlock {HR} at (0,0) size 784x2 [border: (1px inset #000000)]
      RenderBlock (anonymous) at (0,91) size 784x67
        RenderInline {SPAN} at (0,0) size 592x65
          RenderInline {SPAN} at (0,0) size 592x65
            RenderImage {IMG} at (0,1) size 62x20
            RenderText {TEXT} at (62,2) size 4x15
              text run at (62,2) width 4: " "
            RenderInline {SPAN} at (0,0) size 83x17
              RenderText {TEXT} at (66,0) size 83x18
                text run at (66,0) width 83: "Addresses"
              RenderBR {BR} at (0,0) size 0x0
            RenderText {TEXT} at (0,0) size 0x0
            RenderText {TEXT} at (0,0) size 0x0
          RenderText {TEXT} at (0,0) size 0x0
      RenderBlock (anonymous) at (0,164) size 784x2
        RenderBlock {HR} at (0,0) size 784x2 [border: (1px inset #000000)]
      RenderBlock (anonymous) at (0,172) size 784x40
        RenderInline {SPAN} at (0,0) size 126x38
          RenderInline {SPAN} at (0,0) size 126x38
            RenderInline {SPAN} at (0,0) size 126x17
              RenderText {TEXT} at (0,0) size 0x0
              RenderImage {IMG} at (0,0) size 59x20
              RenderText {TEXT} at (59,0) size 67x18
                text run at (59,0) width 4: " "
                text run at (63,0) width 63: "Phones "
              RenderBR {BR} at (0,0) size 0x0
            RenderText {TEXT} at (0,0) size 0x0
      RenderBlock (anonymous) at (0,212) size 784x52
      RenderBlock (anonymous) at (0,264) size 784x0
        RenderInline {SPAN} at (0,0) size 0x0
          RenderInline {SPAN} at (0,0) size 0x0
            RenderText {TEXT} at (0,0) size 0x0
          RenderText {TEXT} at (0,0) size 0x0
      RenderBlock (anonymous) at (0,270) size 784x2
        RenderBlock {HR} at (0,0) size 784x2 [border: (1px inset #000000)]
      RenderBlock (anonymous) at (0,278) size 784x20
        RenderInline {SPAN} at (0,0) size 128x15
          RenderInline {SPAN} at (0,0) size 128x15
            RenderInline {SPAN} at (0,0) size 128x17
              RenderText {TEXT} at (0,0) size 0x0
              RenderImage {IMG} at (0,0) size 62x20
              RenderText {TEXT} at (62,0) size 66x18
                text run at (62,0) width 4: " "
                text run at (66,0) width 62: "Itinerary"
            RenderText {TEXT} at (0,0) size 0x0
            RenderInline {SPAN} at (0,0) size 0x0
              RenderInline {SPAN} at (0,0) size 0x0
                RenderText {TEXT} at (0,0) size 0x0
      RenderBlock (anonymous) at (0,298) size 784x60
        RenderTable {TABLE} at (0,0) size 581x60
          RenderTableSection {TBODY} at (0,0) size 0x60
            RenderTableRow {TR} at (0,0) size 0x0
              RenderTableCell {TD} at (2,29) size 2x2 [r=0 c=0 rs=1 cs=1]
              RenderTableCell {TD} at (6,2) size 2x2 [r=0 c=1 rs=1 cs=1]
              RenderTableCell {TD} at (10,19) size 149x22 [r=0 c=2 rs=1 cs=1]
                RenderImage {IMG} at (1,1) size 147x20
                RenderText {TEXT} at (0,0) size 0x0
              RenderTableCell {TD} at (161,2) size 418x56 [r=0 c=3 rs=1 cs=1]
                RenderText {TEXT} at (1,1) size 147x18
                  text run at (1,1) width 147: "TUR - Tour Package"
                RenderBR {BR} at (0,0) size 0x0
                RenderText {TEXT} at (1,19) size 228x18
                  text run at (1,19) width 228: "Date: Sunday, January 12, 2003"
                RenderBR {BR} at (0,0) size 0x0
                RenderText {TEXT} at (1,37) size 416x18
                  text run at (1,37) width 416: "Comments: -** TICKETLESS CONF CODE IS WHGNSO**"
      RenderBlock (anonymous) at (0,358) size 784x0
        RenderInline {SPAN} at (0,0) size 0x0
          RenderInline {SPAN} at (0,0) size 0x0
            RenderInline {SPAN} at (0,0) size 0x0
              RenderInline {SPAN} at (0,0) size 0x0
              RenderText {TEXT} at (0,0) size 0x0
      RenderBlock (anonymous) at (0,364) size 784x2
        RenderBlock {HR} at (0,0) size 784x2 [border: (1px inset #000000)]
      RenderBlock (anonymous) at (0,372) size 784x0
        RenderInline {SPAN} at (0,0) size 0x0
          RenderInline {SPAN} at (0,0) size 0x0
            RenderInline {SPAN} at (0,0) size 0x0
              RenderInline {SPAN} at (0,0) size 0x0
      RenderBlock (anonymous) at (0,372) size 784x196
        RenderTable {TABLE} at (0,0) size 710x196
          RenderTableSection {TBODY} at (0,0) size 0x196
            RenderTableRow {TR} at (0,0) size 0x0
              RenderTableCell {TD} at (2,97) size 2x2 [r=0 c=0 rs=1 cs=1]
              RenderTableCell {TD} at (6,2) size 2x2 [r=0 c=1 rs=1 cs=1]
              RenderTableCell {TD} at (10,87) size 90x22 [r=0 c=2 rs=1 cs=1]
                RenderImage {IMG} at (1,1) size 88x20
                RenderText {TEXT} at (0,0) size 0x0
              RenderTableCell {TD} at (102,2) size 606x192 [r=0 c=3 rs=1 cs=1]
                RenderBlock (anonymous) at (1,1) size 604x126
                  RenderText {TEXT} at (0,0) size 24x18
                    text run at (0,0) width 24: "Air "
                  RenderBR {BR} at (0,0) size 0x0
                  RenderText {TEXT} at (0,18) size 486x18
                    text run at (0,18) width 51: "United "
                    text run at (51,18) width 84: "Flight 1187 "
                    text run at (135,18) width 123: "Booking Code:M "
                    text run at (258,18) width 228: "Date: Sunday, January 12, 2003"
                  RenderBR {BR} at (0,0) size 0x0
                  RenderText {TEXT} at (0,36) size 388x18
                    text run at (0,36) width 388: "From: San Francisco Intl Arpt, San Francisco CA - U.S."
                  RenderBR {BR} at (0,0) size 0x0
                  RenderText {TEXT} at (0,54) size 405x18
                    text run at (0,54) width 27: "To: "
                    text run at (27,54) width 378: "Burbank Glendale Pasadena Arpt, Burbank CA - U.S."
                  RenderBR {BR} at (0,0) size 0x0
                  RenderText {TEXT} at (0,72) size 244x18
                    text run at (0,72) width 127: "Departs: 6:05 PM "
                    text run at (127,72) width 117: "Arrives: 7:10 PM"
                  RenderBR {BR} at (0,0) size 0x0
                  RenderText {TEXT} at (0,90) size 49x18
                    text run at (0,90) width 49: "Status:"
                  RenderText {TEXT} at (49,90) size 74x18
                    text run at (49,90) width 74: " confirmed"
                  RenderText {TEXT} at (123,90) size 4x18
                    text run at (123,90) width 4: " "
                  RenderBR {BR} at (0,0) size 0x0
                  RenderText {TEXT} at (0,108) size 45x18
                    text run at (0,108) width 45: "Seats:"
                  RenderBR {BR} at (0,0) size 0x0
                RenderTable {TABLE} at (1,127) size 604x46 [border: (1px outset #808080)]
                  RenderTableSection {TBODY} at (1,1) size 0x44
                    RenderTableRow {TR} at (0,0) size 0x0 [bgcolor=#E0E0E0]
                      RenderTableCell {TD} at (0,0) size 98x22 [border: (1px inset #808080)] [r=0 c=0 rs=1 cs=1]
                        RenderText {TEXT} at (2,2) size 43x18
                          text run at (2,2) width 43: "Name"
                      RenderTableCell {TD} at (98,0) size 37x22 [border: (1px inset #808080)] [r=0 c=1 rs=1 cs=1]
                        RenderText {TEXT} at (2,2) size 33x18
                          text run at (2,2) width 33: "Seat"
                      RenderTableCell {TD} at (135,0) size 78x22 [border: (1px inset #808080)] [r=0 c=2 rs=1 cs=1]
                        RenderText {TEXT} at (2,2) size 45x18
                          text run at (2,2) width 45: "Status"
                      RenderTableCell {TD} at (213,0) size 316x22 [border: (1px inset #808080)] [r=0 c=3 rs=1 cs=1]
                        RenderText {TEXT} at (2,2) size 36x18
                          text run at (2,2) width 36: "Type"
                      RenderTableCell {TD} at (529,0) size 73x22 [border: (1px inset #808080)] [r=0 c=4 rs=1 cs=1]
                        RenderText {TEXT} at (2,2) size 69x18
                          text run at (2,2) width 69: "Comment"
                    RenderTableRow {TR} at (0,0) size 0x0
                      RenderTableCell {TD} at (0,22) size 98x22 [border: (1px inset #808080)] [r=1 c=0 rs=1 cs=1]
                        RenderText {TEXT} at (2,2) size 94x18
                          text run at (2,2) width 94: "HAO,SCOTT"
                      RenderTableCell {TD} at (98,22) size 37x22 [border: (1px inset #808080)] [r=1 c=1 rs=1 cs=1]
                        RenderText {TEXT} at (2,2) size 29x18
                          text run at (2,2) width 18: "08"
                          text run at (20,2) width 11: "A"
                      RenderTableCell {TD} at (135,22) size 78x22 [border: (1px inset #808080)] [r=1 c=2 rs=1 cs=1]
                        RenderText {TEXT} at (2,2) size 74x18
                          text run at (2,2) width 74: "confirmed "
                      RenderTableCell {TD} at (213,22) size 316x22 [border: (1px inset #808080)] [r=1 c=3 rs=1 cs=1]
                        RenderText {TEXT} at (2,2) size 312x18
                          text run at (2,2) width 312: "Non-Smoking, Window Seat, Preferred Seat"
                      RenderTableCell {TD} at (529,22) size 73x22 [border: (1px inset #808080)] [r=1 c=4 rs=1 cs=1]
                        RenderText {TEXT} at (2,2) size 4x18
                          text run at (2,2) width 4: " "
                RenderBlock (anonymous) at (1,173) size 604x18
                  RenderBR {BR} at (0,0) size 0x18
      RenderBlock (anonymous) at (0,568) size 784x0
        RenderInline {SPAN} at (0,0) size 0x0
          RenderInline {SPAN} at (0,0) size 0x0
            RenderInline {SPAN} at (0,0) size 0x0
              RenderInline {SPAN} at (0,0) size 0x0
              RenderText {TEXT} at (0,0) size 0x0
      RenderBlock (anonymous) at (0,574) size 784x2
        RenderBlock {HR} at (0,0) size 784x2 [border: (1px inset #000000)]
      RenderBlock (anonymous) at (0,582) size 784x0
        RenderInline {SPAN} at (0,0) size 0x0
          RenderInline {SPAN} at (0,0) size 0x0
            RenderInline {SPAN} at (0,0) size 0x0
              RenderInline {SPAN} at (0,0) size 0x0
      RenderBlock (anonymous) at (0,582) size 784x196
        RenderTable {TABLE} at (0,0) size 599x196
          RenderTableSection {TBODY} at (0,0) size 0x196
            RenderTableRow {TR} at (0,0) size 0x0
              RenderTableCell {TD} at (2,97) size 2x2 [r=0 c=0 rs=1 cs=1]
              RenderTableCell {TD} at (6,2) size 2x2 [r=0 c=1 rs=1 cs=1]
              RenderTableCell {TD} at (10,87) size 90x22 [r=0 c=2 rs=1 cs=1]
                RenderImage {IMG} at (1,1) size 88x20
                RenderText {TEXT} at (0,0) size 0x0
              RenderTableCell {TD} at (102,2) size 495x192 [r=0 c=3 rs=1 cs=1]
                RenderBlock (anonymous) at (1,1) size 493x126
                  RenderText {TEXT} at (0,0) size 24x18
                    text run at (0,0) width 24: "Air "
                  RenderBR {BR} at (0,0) size 0x0
                  RenderText {TEXT} at (0,18) size 466x18
                    text run at (0,18) width 51: "United "
                    text run at (51,18) width 75: "Flight 480 "
                    text run at (126,18) width 122: "Booking Code:Q "
                    text run at (248,18) width 218: "Date: Friday, January 24, 2003"
                  RenderBR {BR} at (0,0) size 0x0
                  RenderText {TEXT} at (0,36) size 423x18
                    text run at (0,36) width 423: "From: Burbank Glendale Pasadena Arpt, Burbank CA - U.S."
                  RenderBR {BR} at (0,0) size 0x0
                  RenderText {TEXT} at (0,54) size 370x18
                    text run at (0,54) width 27: "To: "
                    text run at (27,54) width 343: "San Francisco Intl Arpt, San Francisco CA - U.S."
                  RenderBR {BR} at (0,0) size 0x0
                  RenderText {TEXT} at (0,72) size 244x18
                    text run at (0,72) width 127: "Departs: 1:40 PM "
                    text run at (127,72) width 117: "Arrives: 2:50 PM"
                  RenderBR {BR} at (0,0) size 0x0
                  RenderText {TEXT} at (0,90) size 49x18
                    text run at (0,90) width 49: "Status:"
                  RenderText {TEXT} at (49,90) size 74x18
                    text run at (49,90) width 74: " confirmed"
                  RenderText {TEXT} at (123,90) size 4x18
                    text run at (123,90) width 4: " "
                  RenderBR {BR} at (0,0) size 0x0
                  RenderText {TEXT} at (0,108) size 45x18
                    text run at (0,108) width 45: "Seats:"
                  RenderBR {BR} at (0,0) size 0x0
                RenderTable {TABLE} at (1,127) size 493x46 [border: (1px outset #808080)]
                  RenderTableSection {TBODY} at (1,1) size 0x44
                    RenderTableRow {TR} at (0,0) size 0x0 [bgcolor=#E0E0E0]
                      RenderTableCell {TD} at (0,0) size 98x22 [border: (1px inset #808080)] [r=0 c=0 rs=1 cs=1]
                        RenderText {TEXT} at (2,2) size 43x18
                          text run at (2,2) width 43: "Name"
                      RenderTableCell {TD} at (98,0) size 37x22 [border: (1px inset #808080)] [r=0 c=1 rs=1 cs=1]
                        RenderText {TEXT} at (2,2) size 33x18
                          text run at (2,2) width 33: "Seat"
                      RenderTableCell {TD} at (135,0) size 78x22 [border: (1px inset #808080)] [r=0 c=2 rs=1 cs=1]
                        RenderText {TEXT} at (2,2) size 45x18
                          text run at (2,2) width 45: "Status"
                      RenderTableCell {TD} at (213,0) size 205x22 [border: (1px inset #808080)] [r=0 c=3 rs=1 cs=1]
                        RenderText {TEXT} at (2,2) size 36x18
                          text run at (2,2) width 36: "Type"
                      RenderTableCell {TD} at (418,0) size 73x22 [border: (1px inset #808080)] [r=0 c=4 rs=1 cs=1]
                        RenderText {TEXT} at (2,2) size 69x18
                          text run at (2,2) width 69: "Comment"
                    RenderTableRow {TR} at (0,0) size 0x0
                      RenderTableCell {TD} at (0,22) size 98x22 [border: (1px inset #808080)] [r=1 c=0 rs=1 cs=1]
                        RenderText {TEXT} at (2,2) size 94x18
                          text run at (2,2) width 94: "HAO,SCOTT"
                      RenderTableCell {TD} at (98,22) size 37x22 [border: (1px inset #808080)] [r=1 c=1 rs=1 cs=1]
                        RenderText {TEXT} at (2,2) size 28x18
                          text run at (2,2) width 18: "13"
                          text run at (20,2) width 10: "F"
                      RenderTableCell {TD} at (135,22) size 78x22 [border: (1px inset #808080)] [r=1 c=2 rs=1 cs=1]
                        RenderText {TEXT} at (2,2) size 74x18
                          text run at (2,2) width 74: "confirmed "
                      RenderTableCell {TD} at (213,22) size 205x22 [border: (1px inset #808080)] [r=1 c=3 rs=1 cs=1]
                        RenderText {TEXT} at (2,2) size 201x18
                          text run at (2,2) width 201: "Non-Smoking, Window Seat"
                      RenderTableCell {TD} at (418,22) size 73x22 [border: (1px inset #808080)] [r=1 c=4 rs=1 cs=1]
                        RenderText {TEXT} at (2,2) size 4x18
                          text run at (2,2) width 4: " "
                RenderBlock (anonymous) at (1,173) size 493x18
                  RenderBR {BR} at (0,0) size 0x18
      RenderBlock (anonymous) at (0,778) size 784x0
        RenderInline {SPAN} at (0,0) size 0x0
          RenderInline {SPAN} at (0,0) size 0x0
            RenderInline {SPAN} at (0,0) size 0x0
              RenderInline {SPAN} at (0,0) size 0x0
              RenderText {TEXT} at (0,0) size 0x0
      RenderBlock (anonymous) at (0,784) size 784x2
        RenderBlock {HR} at (0,0) size 784x2 [border: (1px inset #000000)]
      RenderBlock (anonymous) at (0,792) size 784x0
        RenderInline {SPAN} at (0,0) size 0x0
          RenderInline {SPAN} at (0,0) size 0x0
            RenderInline {SPAN} at (0,0) size 0x0
              RenderInline {SPAN} at (0,0) size 0x0
      RenderBlock (anonymous) at (0,792) size 784x114
        RenderTable {TABLE} at (0,0) size 614x114
          RenderTableSection {TBODY} at (0,0) size 0x114
            RenderTableRow {TR} at (0,0) size 0x0
              RenderTableCell {TD} at (2,56) size 2x2 [r=0 c=0 rs=1 cs=1]
              RenderTableCell {TD} at (6,2) size 2x2 [r=0 c=1 rs=1 cs=1]
              RenderTableCell {TD} at (10,46) size 90x22 [r=0 c=2 rs=1 cs=1]
                RenderImage {IMG} at (1,1) size 88x20
                RenderText {TEXT} at (0,0) size 0x0
              RenderTableCell {TD} at (102,2) size 510x110 [r=0 c=3 rs=1 cs=1]
                RenderText {TEXT} at (1,1) size 24x18
                  text run at (1,1) width 24: "Air "
                RenderBR {BR} at (0,0) size 0x0
                RenderText {TEXT} at (1,19) size 508x18
                  text run at (1,19) width 90: "UNKNOWN "
                  text run at (91,19) width 75: "Flight 123 "
                  text run at (166,19) width 121: "Booking Code:Y "
                  text run at (287,19) width 222: "Date: Tuesday, March 25, 2003"
                RenderBR {BR} at (0,0) size 0x0
                RenderText {TEXT} at (1,37) size 388x18
                  text run at (1,37) width 388: "From: San Francisco Intl Arpt, San Francisco CA - U.S."
                RenderBR {BR} at (0,0) size 0x0
                RenderText {TEXT} at (1,55) size 370x18
                  text run at (1,55) width 27: "To: "
                  text run at (28,55) width 343: "San Francisco Intl Arpt, San Francisco CA - U.S."
                RenderBR {BR} at (0,0) size 0x0
                RenderText {TEXT} at (1,73) size 170x18
                  text run at (1,73) width 90: "Departs: n/a "
                  text run at (91,73) width 80: "Arrives: n/a"
                RenderBR {BR} at (0,0) size 0x0
                RenderText {TEXT} at (1,91) size 49x18
                  text run at (1,91) width 49: "Status:"
                RenderText {TEXT} at (50,91) size 191x18
                  text run at (50,91) width 191: " requested, await response"
                RenderText {TEXT} at (241,91) size 4x18
                  text run at (241,91) width 4: " "
                RenderBR {BR} at (0,0) size 0x0
      RenderBlock (anonymous) at (0,906) size 784x0
        RenderInline {SPAN} at (0,0) size 0x0
          RenderInline {SPAN} at (0,0) size 0x0
            RenderInline {SPAN} at (0,0) size 0x0
              RenderInline {SPAN} at (0,0) size 0x0
              RenderText {TEXT} at (0,0) size 0x0
      RenderBlock (anonymous) at (0,912) size 784x2
        RenderBlock {HR} at (0,0) size 784x2 [border: (1px inset #000000)]
      RenderBlock (anonymous) at (0,920) size 784x50
        RenderInline {SPAN} at (0,0) size 196x48
          RenderInline {SPAN} at (0,0) size 0x0
            RenderInline {SPAN} at (0,0) size 0x0
            RenderText {TEXT} at (0,0) size 0x0
          RenderText {TEXT} at (0,0) size 0x0
          RenderInline {SPAN} at (0,0) size 97x17
            RenderImage {IMG} at (0,0) size 20x20
            RenderText {TEXT} at (20,0) size 77x18
              text run at (20,0) width 4: " "
              text run at (24,0) width 73: "Remarks:"
            RenderBR {BR} at (0,0) size 0x0
          RenderText {TEXT} at (0,0) size 0x0
          RenderBR {BR} at (0,20) size 0x15
          RenderInline {SPAN} at (0,0) size 196x15
            RenderText {TEXT} at (0,35) size 196x15
              text run at (0,35) width 126: "SERVICE FEE MCO "
              text run at (126,35) width 70: "8103220490"
            RenderBR {BR} at (0,0) size 0x0
          RenderText {TEXT} at (0,0) size 0x0
      RenderBlock (anonymous) at (0,976) size 784x2
        RenderBlock {HR} at (0,0) size 784x2 [border: (1px inset #000000)]
      RenderBlock (anonymous) at (0,984) size 784x20
        RenderInline {SPAN} at (0,0) size 182x15
          RenderInline {SPAN} at (0,0) size 182x17
            RenderImage {IMG} at (0,0) size 62x20
            RenderText {TEXT} at (62,0) size 4x18
              text run at (62,0) width 4: " "
            RenderInline {B} at (0,0) size 112x17
              RenderText {TEXT} at (66,0) size 112x18
                text run at (66,0) width 112: "Web Bookings"
            RenderText {TEXT} at (178,0) size 4x18
              text run at (178,0) width 4: " "
            RenderInline {SPAN} at (0,0) size 0x17
              RenderBR {BR} at (0,0) size 0x0
              RenderInline {SPAN} at (0,0) size 0x0
            RenderText {TEXT} at (0,0) size 0x0
          RenderText {TEXT} at (0,0) size 0x0
      RenderBlock (anonymous) at (0,1010) size 784x2
        RenderBlock {HR} at (0,0) size 784x2 [border: (1px inset #000000)]
      RenderBlock (anonymous) at (0,1018) size 784x20
        RenderInline {SPAN} at (0,0) size 277x15
          RenderInline {SPAN} at (0,0) size 277x15
            RenderInline {SPAN} at (0,0) size 277x17
              RenderText {TEXT} at (0,0) size 0x0
              RenderImage {IMG} at (0,0) size 20x20
              RenderText {TEXT} at (20,0) size 257x18
                text run at (20,0) width 4: " "
                text run at (24,0) width 253: "Remarks and Service Information"
              RenderBR {BR} at (0,0) size 0x0
            RenderText {TEXT} at (0,0) size 0x0
            RenderText {TEXT} at (0,0) size 0x0
      RenderBlock (anonymous) at (0,1044) size 784x30
        RenderBlock {HR} at (0,0) size 784x2 [border: (1px inset #000000)]
        RenderBlock {P} at (0,15) size 784x15
          RenderText {TEXT} at (0,0) size 204x15
            text run at (0,0) width 204: "This itinerary is subject to change. "
          RenderInline {A} at (0,0) size 163x15 [color=#0000EE]
            RenderText {TEXT} at (204,0) size 163x15
              text run at (204,0) width 163: "Click here for latest updates"
          RenderText {TEXT} at (0,0) size 0x0
      RenderBlock (anonymous) at (0,1087) size 784x0
        RenderInline {SPAN} at (0,0) size 0x0
          RenderInline {SPAN} at (0,0) size 0x0
          RenderText {TEXT} at (0,0) size 0x0
          RenderText {TEXT} at (0,0) size 0x0
          RenderText {TEXT} at (0,0) size 0x0
layer at (23,42) size 104x15
  RenderInline (relative positioned) {SPAN} at (0,0) size 104x15
    RenderText {TEXT} at (0,0) size 0x0
    RenderInline {SPAN} at (0,0) size 104x15
      RenderImage {IMG} at (0,20) size 20x20
      RenderText {TEXT} at (20,28) size 4x15
        text run at (20,28) width 4: " "
      RenderInline {SPAN} at (0,0) size 80x15
        RenderText {TEXT} at (24,28) size 80x15
          text run at (24,28) width 80: "HAO, SCOTT"
        RenderBR {BR} at (0,0) size 0x0
        RenderText {TEXT} at (0,0) size 0x0
      RenderText {TEXT} at (0,0) size 0x0
    RenderText {TEXT} at (0,0) size 0x0
layer at (48,42) size 0x0
  RenderInline (relative positioned) {SPAN} at (0,0) size 0x0
layer at (23,99) size 592x38
  RenderInline (relative positioned) {SPAN} at (0,0) size 592x38
    RenderImage {IMG} at (0,21) size 20x20
    RenderText {TEXT} at (20,29) size 572x15
      text run at (20,29) width 4: " "
      text run at (24,29) width 56: "Address: "
      text run at (80,29) width 512: "ST. JUDE MEDICAL, 21700 OXNARD ST SUITE 800, WOODLAND HILLS CA Z/91367 "
    RenderBR {BR} at (0,0) size 0x0
    RenderImage {IMG} at (0,44) size 20x20
    RenderText {TEXT} at (20,52) size 409x15
      text run at (20,52) width 4: " "
      text run at (24,52) width 48: "Deliver: "
      text run at (72,52) width 104: "DEBI STANGEL, "
      text run at (176,52) width 117: "119 GLEN COURT, "
      text run at (293,52) width 136: "DANVILLE CA Z/94526"
layer at (23,180) size 20x12
  RenderInline (relative positioned) {SPAN} at (0,0) size 20x12
    RenderImage {IMG} at (0,20) size 20x20
    RenderText {TEXT} at (0,0) size 0x0
layer at (28,205) size 529x52
  RenderTable {TABLE} at (0,0) size 529x52 [border: (1px outset #808080)]
    RenderTableSection {TBODY} at (1,1) size 0x50
      RenderTableRow {TR} at (0,0) size 0x0 [bgcolor=#E0E0E0]
        RenderTableCell {TD} at (2,2) size 95x22 [border: (1px inset #808080)] [r=0 c=0 rs=1 cs=1]
          RenderText {TEXT} at (2,2) size 36x18
            text run at (2,2) width 36: "Type"
        RenderTableCell {TD} at (99,2) size 45x22 [border: (1px inset #808080)] [r=0 c=1 rs=1 cs=1]
          RenderText {TEXT} at (2,2) size 28x18
            text run at (2,2) width 28: "City"
        RenderTableCell {TD} at (146,2) size 379x22 [border: (1px inset #808080)] [r=0 c=2 rs=1 cs=1]
          RenderText {TEXT} at (2,2) size 47x18
            text run at (2,2) width 47: "Phone"
      RenderTableRow {TR} at (0,0) size 0x0
      RenderTableRow {TR} at (0,0) size 0x0
        RenderTableCell {TD} at (2,26) size 95x22 [border: (1px inset #808080)] [r=2 c=0 rs=1 cs=1]
          RenderText {TEXT} at (2,2) size 91x18
            text run at (2,2) width 91: "Travel Agent"
        RenderTableCell {TD} at (99,26) size 45x22 [border: (1px inset #808080)] [r=2 c=1 rs=1 cs=1]
          RenderText {TEXT} at (2,2) size 41x18
            text run at (2,2) width 41: "(LAX)"
        RenderTableCell {TD} at (146,26) size 379x22 [border: (1px inset #808080)] [r=2 c=2 rs=1 cs=1]
          RenderText {TEXT} at (2,2) size 375x18
            text run at (2,2) width 375: "RQ0/818 990-4053-PLAZA TRAVEL - 05838276-RC"
      RenderTableRow {TR} at (0,0) size 0x0
      RenderTableRow {TR} at (0,0) size 0x0
      RenderTableRow {TR} at (0,0) size 0x0
layer at (23,272) size 0x0
  RenderInline (relative positioned) {SPAN} at (0,0) size 0x0
layer at (33,1026) size 0x0
  RenderInline (relative positioned) {SPAN} at (0,0) size 0x0
    RenderInline {SPAN} at (0,0) size 0x0
      RenderText {TEXT} at (0,0) size 0x0
    RenderText {TEXT} at (0,0) size 0x0
