layer at (0,0) size 800x1200
  RenderCanvas at (0,0) size 800x600
layer at (0,0) size 800x1200
  RenderBlock {HTML} at (0,0) size 800x1200
    RenderBody {BODY} at (8,8) size 784x1179 [bgcolor=#EEEEEE]
      RenderBlock (anonymous) at (0,0) size 784x18 [bgcolor=#000000]
        RenderInline {SPAN} at (0,0) size 170x12
          RenderText {TEXT} at (0,0) size 0x0
          RenderInline {SPAN} at (0,0) size 170x12
            RenderTable {TABLE} at (0,0) size 170x18
              RenderTableSection {TBODY} at (0,0) size 0x18
                RenderTableRow {TR} at (0,0) size 0x0
                  RenderTableCell {TD} at (0,0) size 104x18 [r=0 c=0 rs=1 cs=1]
                    RenderText {TEXT} at (1,1) size 102x16
                      text run at (1,1) width 102: "Record Locator:"
                  RenderTableCell {TD} at (104,0) size 66x18 [r=0 c=1 rs=1 cs=1]
                    RenderInline {B} at (0,0) size 64x16
                      RenderText {TEXT} at (1,1) size 64x16
                        text run at (1,1) width 64: "WHGNSO"
                    RenderText {TEXT} at (0,0) size 0x0
          RenderText {TEXT} at (0,0) size 0x0
      RenderBlock (anonymous) at (0,30) size 784x2 [bgcolor=#000000]
        RenderBlock {HR} at (1,0) size 782x2
      RenderBlock (anonymous) at (0,44) size 784x51 [bgcolor=#000000]
        RenderInline {SPAN} at (0,0) size 110x46
          RenderInline {SPAN} at (0,0) size 110x46
            RenderInline {SPAN} at (0,0) size 110x17
              RenderText {TEXT} at (0,0) size 0x0
              RenderImage {IMG} at (0,0) size 53x24
              RenderText {TEXT} at (53,3) size 57x18
                text run at (53,3) width 4: " "
                text run at (57,3) width 53: "Names"
              RenderBR {BR} at (0,0) size 0x0
              RenderText {TEXT} at (0,0) size 0x0
            RenderText {TEXT} at (0,0) size 0x0
            RenderInline {SPAN} at (0,0) size 108x15
              RenderText {TEXT} at (0,0) size 0x0
            RenderText {TEXT} at (0,0) size 0x0
          RenderText {TEXT} at (0,0) size 0x0
      RenderBlock (anonymous) at (0,107) size 784x2 [bgcolor=#000000]
        RenderBlock {HR} at (1,0) size 782x2
      RenderBlock (anonymous) at (0,121) size 784x78 [bgcolor=#000000]
        RenderInline {SPAN} at (0,0) size 596x74
          RenderInline {SPAN} at (0,0) size 596x74
            RenderImage {IMG} at (0,0) size 62x24
            RenderText {TEXT} at (62,4) size 4x15
              text run at (62,4) width 4: " "
            RenderInline {SPAN} at (0,0) size 83x17
              RenderText {TEXT} at (66,2) size 83x18
                text run at (66,2) width 83: "Addresses"
              RenderBR {BR} at (0,0) size 0x0
              RenderText {TEXT} at (0,0) size 0x0
            RenderText {TEXT} at (0,0) size 0x0
            RenderText {TEXT} at (0,0) size 0x0
          RenderText {TEXT} at (0,0) size 0x0
      RenderBlock (anonymous) at (0,211) size 784x2 [bgcolor=#000000]
        RenderBlock {HR} at (1,0) size 782x2
      RenderBlock (anonymous) at (0,225) size 784x48 [bgcolor=#000000]
        RenderInline {SPAN} at (0,0) size 126x43
          RenderInline {SPAN} at (0,0) size 126x43
            RenderInline {SPAN} at (0,0) size 126x17
              RenderText {TEXT} at (0,0) size 0x0
              RenderImage {IMG} at (0,0) size 59x24
              RenderText {TEXT} at (59,3) size 67x18
                text run at (59,3) width 4: " "
                text run at (63,3) width 63: "Phones "
              RenderBR {BR} at (0,0) size 0x0
              RenderText {TEXT} at (0,0) size 0x0
            RenderText {TEXT} at (0,0) size 0x0
      RenderBlock (anonymous) at (0,273) size 784x48 [bgcolor=#000000]
      RenderBlock (anonymous) at (0,321) size 784x0 [bgcolor=#000000]
        RenderInline {SPAN} at (0,0) size 0x0
          RenderInline {SPAN} at (0,0) size 0x0
            RenderText {TEXT} at (0,0) size 0x0
          RenderText {TEXT} at (0,0) size 0x0
      RenderBlock (anonymous) at (0,333) size 784x2 [bgcolor=#000000]
        RenderBlock {HR} at (1,0) size 782x2
      RenderBlock (anonymous) at (0,347) size 784x24 [bgcolor=#000000]
        RenderInline {SPAN} at (0,0) size 128x15
          RenderInline {SPAN} at (0,0) size 128x15
            RenderInline {SPAN} at (0,0) size 128x17
              RenderText {TEXT} at (0,0) size 0x0
              RenderImage {IMG} at (0,0) size 62x24
              RenderText {TEXT} at (62,3) size 66x18
                text run at (62,3) width 4: " "
                text run at (66,3) width 62: "Itinerary"
            RenderText {TEXT} at (0,0) size 0x0
            RenderInline {SPAN} at (0,0) size 0x0
              RenderInline {SPAN} at (0,0) size 0x0
                RenderText {TEXT} at (0,0) size 0x0
      RenderBlock (anonymous) at (0,371) size 784x54 [bgcolor=#000000]
        RenderTable {TABLE} at (0,0) size 513x54
          RenderTableSection {TBODY} at (0,0) size 0x54
            RenderTableRow {TR} at (0,0) size 0x0
              RenderTableCell {TD} at (2,26) size 2x2 [r=0 c=0 rs=1 cs=1]
              RenderTableCell {TD} at (6,2) size 2x2 [r=0 c=1 rs=1 cs=1]
              RenderTableCell {TD} at (10,14) size 133x26 [r=0 c=2 rs=1 cs=1]
                RenderImage {IMG} at (1,1) size 131x24
                RenderText {TEXT} at (0,0) size 0x0
              RenderTableCell {TD} at (145,2) size 366x50 [r=0 c=3 rs=1 cs=1]
                RenderText {TEXT} at (1,1) size 131x16
                  text run at (1,1) width 131: "TUR - Tour Package"
                RenderBR {BR} at (0,0) size 0x0
                RenderText {TEXT} at (1,17) size 205x16
                  text run at (1,17) width 205: "Date: Sunday, January 12, 2003"
                RenderBR {BR} at (0,0) size 0x0
                RenderText {TEXT} at (1,33) size 364x16
                  text run at (1,33) width 364: "Comments: -** TICKETLESS CONF CODE IS WHGNSO**"
      RenderBlock (anonymous) at (0,425) size 784x0 [bgcolor=#000000]
        RenderInline {SPAN} at (0,0) size 0x0
          RenderInline {SPAN} at (0,0) size 0x0
            RenderInline {SPAN} at (0,0) size 0x0
              RenderInline {SPAN} at (0,0) size 0x0
              RenderText {TEXT} at (0,0) size 0x0
      RenderBlock (anonymous) at (0,437) size 784x2 [bgcolor=#000000]
        RenderBlock {HR} at (1,0) size 782x2
      RenderBlock (anonymous) at (0,451) size 784x0 [bgcolor=#000000]
        RenderInline {SPAN} at (0,0) size 0x0
          RenderInline {SPAN} at (0,0) size 0x0
            RenderInline {SPAN} at (0,0) size 0x0
              RenderInline {SPAN} at (0,0) size 0x0
      RenderBlock (anonymous) at (0,451) size 784x176 [bgcolor=#000000]
        RenderTable {TABLE} at (0,0) size 636x176
          RenderTableSection {TBODY} at (0,0) size 0x176
            RenderTableRow {TR} at (0,0) size 0x0
              RenderTableCell {TD} at (2,87) size 2x2 [r=0 c=0 rs=1 cs=1]
              RenderTableCell {TD} at (6,2) size 2x2 [r=0 c=1 rs=1 cs=1]
              RenderTableCell {TD} at (10,75) size 80x26 [r=0 c=2 rs=1 cs=1]
                RenderImage {IMG} at (1,1) size 78x24
                RenderText {TEXT} at (0,0) size 0x0
              RenderTableCell {TD} at (92,2) size 542x172 [r=0 c=3 rs=1 cs=1]
                RenderBlock (anonymous) at (1,1) size 540x112
                  RenderText {TEXT} at (0,0) size 21x16
                    text run at (0,0) width 21: "Air "
                  RenderBR {BR} at (0,0) size 0x0
                  RenderText {TEXT} at (0,16) size 434x16
                    text run at (0,16) width 45: "United "
                    text run at (45,16) width 75: "Flight 1187 "
                    text run at (120,16) width 109: "Booking Code:M "
                    text run at (229,16) width 205: "Date: Sunday, January 12, 2003"
                  RenderBR {BR} at (0,0) size 0x0
                  RenderText {TEXT} at (0,32) size 348x16
                    text run at (0,32) width 348: "From: San Francisco Intl Arpt, San Francisco CA - U.S."
                  RenderBR {BR} at (0,0) size 0x0
                  RenderText {TEXT} at (0,48) size 361x16
                    text run at (0,48) width 25: "To: "
                    text run at (25,48) width 336: "Burbank Glendale Pasadena Arpt, Burbank CA - U.S."
                  RenderBR {BR} at (0,0) size 0x0
                  RenderText {TEXT} at (0,64) size 220x16
                    text run at (0,64) width 115: "Departs: 6:05 PM "
                    text run at (115,64) width 105: "Arrives: 7:10 PM"
                  RenderBR {BR} at (0,0) size 0x0
                  RenderText {TEXT} at (0,80) size 44x16
                    text run at (0,80) width 44: "Status:"
                  RenderText {TEXT} at (44,80) size 67x16
                    text run at (44,80) width 67: " confirmed"
                  RenderText {TEXT} at (111,80) size 4x16
                    text run at (111,80) width 4: " "
                  RenderBR {BR} at (0,0) size 0x0
                  RenderText {TEXT} at (0,96) size 40x16
                    text run at (0,96) width 40: "Seats:"
                  RenderBR {BR} at (0,0) size 0x0
                  RenderText {TEXT} at (0,0) size 0x0
                RenderTable {TABLE} at (1,113) size 540x42
                  RenderTableSection {TBODY} at (1,1) size 0x40
                    RenderTableRow {TR} at (0,0) size 0x0 [bgcolor=#E0E0E0]
                      RenderTableCell {TD} at (0,0) size 86x20 [bgcolor=#000000] [r=0 c=0 rs=1 cs=1]
                        RenderText {TEXT} at (2,2) size 38x16
                          text run at (2,2) width 38: "Name"
                      RenderTableCell {TD} at (86,0) size 33x20 [bgcolor=#000000] [r=0 c=1 rs=1 cs=1]
                        RenderText {TEXT} at (2,2) size 29x16
                          text run at (2,2) width 29: "Seat"
                      RenderTableCell {TD} at (119,0) size 71x20 [bgcolor=#000000] [r=0 c=2 rs=1 cs=1]
                        RenderText {TEXT} at (2,2) size 40x16
                          text run at (2,2) width 40: "Status"
                      RenderTableCell {TD} at (190,0) size 282x20 [bgcolor=#000000] [r=0 c=3 rs=1 cs=1]
                        RenderText {TEXT} at (2,2) size 32x16
                          text run at (2,2) width 32: "Type"
                      RenderTableCell {TD} at (472,0) size 66x20 [bgcolor=#000000] [r=0 c=4 rs=1 cs=1]
                        RenderText {TEXT} at (2,2) size 62x16
                          text run at (2,2) width 62: "Comment"
                    RenderTableRow {TR} at (0,0) size 0x0
                      RenderTableCell {TD} at (0,20) size 86x20 [r=1 c=0 rs=1 cs=1]
                        RenderText {TEXT} at (2,2) size 82x16
                          text run at (2,2) width 82: "HAO,SCOTT"
                      RenderTableCell {TD} at (86,20) size 33x20 [r=1 c=1 rs=1 cs=1]
                        RenderText {TEXT} at (2,2) size 25x16
                          text run at (2,2) width 16: "08"
                          text run at (18,2) width 9: "A"
                      RenderTableCell {TD} at (119,20) size 71x20 [r=1 c=2 rs=1 cs=1]
                        RenderText {TEXT} at (2,2) size 67x16
                          text run at (2,2) width 67: "confirmed\x{A0}"
                      RenderTableCell {TD} at (190,20) size 282x20 [r=1 c=3 rs=1 cs=1]
                        RenderText {TEXT} at (2,2) size 278x16
                          text run at (2,2) width 278: "Non-Smoking, Window Seat, Preferred Seat"
                      RenderTableCell {TD} at (472,20) size 66x20 [r=1 c=4 rs=1 cs=1]
                        RenderText {TEXT} at (2,2) size 4x16
                          text run at (2,2) width 4: "\x{A0}"
                RenderBlock (anonymous) at (1,155) size 540x16
                  RenderBR {BR} at (0,0) size 0x0
                  RenderText {TEXT} at (0,0) size 0x0
      RenderBlock (anonymous) at (0,627) size 784x0 [bgcolor=#000000]
        RenderInline {SPAN} at (0,0) size 0x0
          RenderInline {SPAN} at (0,0) size 0x0
            RenderInline {SPAN} at (0,0) size 0x0
              RenderInline {SPAN} at (0,0) size 0x0
              RenderText {TEXT} at (0,0) size 0x0
      RenderBlock (anonymous) at (0,639) size 784x2 [bgcolor=#000000]
        RenderBlock {HR} at (1,0) size 782x2
      RenderBlock (anonymous) at (0,653) size 784x0 [bgcolor=#000000]
        RenderInline {SPAN} at (0,0) size 0x0
          RenderInline {SPAN} at (0,0) size 0x0
            RenderInline {SPAN} at (0,0) size 0x0
              RenderInline {SPAN} at (0,0) size 0x0
      RenderBlock (anonymous) at (0,653) size 784x176 [bgcolor=#000000]
        RenderTable {TABLE} at (0,0) size 535x176
          RenderTableSection {TBODY} at (0,0) size 0x176
            RenderTableRow {TR} at (0,0) size 0x0
              RenderTableCell {TD} at (2,87) size 2x2 [r=0 c=0 rs=1 cs=1]
              RenderTableCell {TD} at (6,2) size 2x2 [r=0 c=1 rs=1 cs=1]
              RenderTableCell {TD} at (10,75) size 80x26 [r=0 c=2 rs=1 cs=1]
                RenderImage {IMG} at (1,1) size 78x24
                RenderText {TEXT} at (0,0) size 0x0
              RenderTableCell {TD} at (92,2) size 441x172 [r=0 c=3 rs=1 cs=1]
                RenderBlock (anonymous) at (1,1) size 439x112
                  RenderText {TEXT} at (0,0) size 21x16
                    text run at (0,0) width 21: "Air "
                  RenderBR {BR} at (0,0) size 0x0
                  RenderText {TEXT} at (0,16) size 417x16
                    text run at (0,16) width 45: "United "
                    text run at (45,16) width 67: "Flight 480 "
                    text run at (112,16) width 108: "Booking Code:Q "
                    text run at (220,16) width 197: "Date: Friday, January 24, 2003"
                  RenderBR {BR} at (0,0) size 0x0
                  RenderText {TEXT} at (0,32) size 378x16
                    text run at (0,32) width 378: "From: Burbank Glendale Pasadena Arpt, Burbank CA - U.S."
                  RenderBR {BR} at (0,0) size 0x0
                  RenderText {TEXT} at (0,48) size 331x16
                    text run at (0,48) width 25: "To: "
                    text run at (25,48) width 306: "San Francisco Intl Arpt, San Francisco CA - U.S."
                  RenderBR {BR} at (0,0) size 0x0
                  RenderText {TEXT} at (0,64) size 220x16
                    text run at (0,64) width 115: "Departs: 1:40 PM "
                    text run at (115,64) width 105: "Arrives: 2:50 PM"
                  RenderBR {BR} at (0,0) size 0x0
                  RenderText {TEXT} at (0,80) size 44x16
                    text run at (0,80) width 44: "Status:"
                  RenderText {TEXT} at (44,80) size 67x16
                    text run at (44,80) width 67: " confirmed"
                  RenderText {TEXT} at (111,80) size 4x16
                    text run at (111,80) width 4: " "
                  RenderBR {BR} at (0,0) size 0x0
                  RenderText {TEXT} at (0,96) size 40x16
                    text run at (0,96) width 40: "Seats:"
                  RenderBR {BR} at (0,0) size 0x0
                  RenderText {TEXT} at (0,0) size 0x0
                RenderTable {TABLE} at (1,113) size 439x42
                  RenderTableSection {TBODY} at (1,1) size 0x40
                    RenderTableRow {TR} at (0,0) size 0x0 [bgcolor=#E0E0E0]
                      RenderTableCell {TD} at (0,0) size 86x20 [bgcolor=#000000] [r=0 c=0 rs=1 cs=1]
                        RenderText {TEXT} at (2,2) size 38x16
                          text run at (2,2) width 38: "Name"
                      RenderTableCell {TD} at (86,0) size 33x20 [bgcolor=#000000] [r=0 c=1 rs=1 cs=1]
                        RenderText {TEXT} at (2,2) size 29x16
                          text run at (2,2) width 29: "Seat"
                      RenderTableCell {TD} at (119,0) size 71x20 [bgcolor=#000000] [r=0 c=2 rs=1 cs=1]
                        RenderText {TEXT} at (2,2) size 40x16
                          text run at (2,2) width 40: "Status"
                      RenderTableCell {TD} at (190,0) size 181x20 [bgcolor=#000000] [r=0 c=3 rs=1 cs=1]
                        RenderText {TEXT} at (2,2) size 32x16
                          text run at (2,2) width 32: "Type"
                      RenderTableCell {TD} at (371,0) size 66x20 [bgcolor=#000000] [r=0 c=4 rs=1 cs=1]
                        RenderText {TEXT} at (2,2) size 62x16
                          text run at (2,2) width 62: "Comment"
                    RenderTableRow {TR} at (0,0) size 0x0
                      RenderTableCell {TD} at (0,20) size 86x20 [r=1 c=0 rs=1 cs=1]
                        RenderText {TEXT} at (2,2) size 82x16
                          text run at (2,2) width 82: "HAO,SCOTT"
                      RenderTableCell {TD} at (86,20) size 33x20 [r=1 c=1 rs=1 cs=1]
                        RenderText {TEXT} at (2,2) size 25x16
                          text run at (2,2) width 16: "13"
                          text run at (18,2) width 9: "F"
                      RenderTableCell {TD} at (119,20) size 71x20 [r=1 c=2 rs=1 cs=1]
                        RenderText {TEXT} at (2,2) size 67x16
                          text run at (2,2) width 67: "confirmed\x{A0}"
                      RenderTableCell {TD} at (190,20) size 181x20 [r=1 c=3 rs=1 cs=1]
                        RenderText {TEXT} at (2,2) size 177x16
                          text run at (2,2) width 177: "Non-Smoking, Window Seat"
                      RenderTableCell {TD} at (371,20) size 66x20 [r=1 c=4 rs=1 cs=1]
                        RenderText {TEXT} at (2,2) size 4x16
                          text run at (2,2) width 4: "\x{A0}"
                RenderBlock (anonymous) at (1,155) size 439x16
                  RenderBR {BR} at (0,0) size 0x0
                  RenderText {TEXT} at (0,0) size 0x0
      RenderBlock (anonymous) at (0,829) size 784x0 [bgcolor=#000000]
        RenderInline {SPAN} at (0,0) size 0x0
          RenderInline {SPAN} at (0,0) size 0x0
            RenderInline {SPAN} at (0,0) size 0x0
              RenderInline {SPAN} at (0,0) size 0x0
              RenderText {TEXT} at (0,0) size 0x0
      RenderBlock (anonymous) at (0,841) size 784x2 [bgcolor=#000000]
        RenderBlock {HR} at (1,0) size 782x2
      RenderBlock (anonymous) at (0,855) size 784x0 [bgcolor=#000000]
        RenderInline {SPAN} at (0,0) size 0x0
          RenderInline {SPAN} at (0,0) size 0x0
            RenderInline {SPAN} at (0,0) size 0x0
              RenderInline {SPAN} at (0,0) size 0x0
      RenderBlock (anonymous) at (0,855) size 784x102 [bgcolor=#000000]
        RenderTable {TABLE} at (0,0) size 547x102
          RenderTableSection {TBODY} at (0,0) size 0x102
            RenderTableRow {TR} at (0,0) size 0x0
              RenderTableCell {TD} at (2,50) size 2x2 [r=0 c=0 rs=1 cs=1]
              RenderTableCell {TD} at (6,2) size 2x2 [r=0 c=1 rs=1 cs=1]
              RenderTableCell {TD} at (10,38) size 80x26 [r=0 c=2 rs=1 cs=1]
                RenderImage {IMG} at (1,1) size 78x24
                RenderText {TEXT} at (0,0) size 0x0
              RenderTableCell {TD} at (92,2) size 453x98 [r=0 c=3 rs=1 cs=1]
                RenderText {TEXT} at (1,1) size 21x16
                  text run at (1,1) width 21: "Air "
                RenderBR {BR} at (0,0) size 0x0
                RenderText {TEXT} at (1,17) size 451x16
                  text run at (1,17) width 77: "UNKNOWN "
                  text run at (78,17) width 67: "Flight 123 "
                  text run at (145,17) width 106: "Booking Code:Y "
                  text run at (251,17) width 201: "Date: Tuesday, March 25, 2003"
                RenderBR {BR} at (0,0) size 0x0
                RenderText {TEXT} at (1,33) size 348x16
                  text run at (1,33) width 348: "From: San Francisco Intl Arpt, San Francisco CA - U.S."
                RenderBR {BR} at (0,0) size 0x0
                RenderText {TEXT} at (1,49) size 331x16
                  text run at (1,49) width 25: "To: "
                  text run at (26,49) width 306: "San Francisco Intl Arpt, San Francisco CA - U.S."
                RenderBR {BR} at (0,0) size 0x0
                RenderText {TEXT} at (1,65) size 154x16
                  text run at (1,65) width 82: "Departs: n/a "
                  text run at (83,65) width 72: "Arrives: n/a"
                RenderBR {BR} at (0,0) size 0x0
                RenderText {TEXT} at (1,81) size 44x16
                  text run at (1,81) width 44: "Status:"
                RenderText {TEXT} at (45,81) size 172x16
                  text run at (45,81) width 172: " requested, await response"
                RenderText {TEXT} at (217,81) size 4x16
                  text run at (217,81) width 4: " "
                RenderBR {BR} at (0,0) size 0x0
                RenderText {TEXT} at (0,0) size 0x0
      RenderBlock (anonymous) at (0,957) size 784x0 [bgcolor=#000000]
        RenderInline {SPAN} at (0,0) size 0x0
          RenderInline {SPAN} at (0,0) size 0x0
            RenderInline {SPAN} at (0,0) size 0x0
              RenderInline {SPAN} at (0,0) size 0x0
              RenderText {TEXT} at (0,0) size 0x0
      RenderBlock (anonymous) at (0,969) size 784x2 [bgcolor=#000000]
        RenderBlock {HR} at (1,0) size 782x2
      RenderBlock (anonymous) at (0,983) size 784x54 [bgcolor=#000000]
        RenderInline {SPAN} at (0,0) size 196x49
          RenderInline {SPAN} at (0,0) size 0x0
            RenderInline {SPAN} at (0,0) size 0x0
            RenderText {TEXT} at (0,0) size 0x0
          RenderText {TEXT} at (0,0) size 0x0
          RenderInline {SPAN} at (0,0) size 101x17
            RenderImage {IMG} at (0,0) size 24x24
            RenderText {TEXT} at (24,3) size 77x18
              text run at (24,3) width 4: " "
              text run at (28,3) width 73: "Remarks:"
            RenderBR {BR} at (0,0) size 0x0
            RenderText {TEXT} at (0,0) size 0x0
          RenderText {TEXT} at (0,0) size 0x0
          RenderBR {BR} at (0,0) size 0x0
          RenderText {TEXT} at (0,0) size 0x0
          RenderInline {SPAN} at (0,0) size 196x15
            RenderText {TEXT} at (0,39) size 196x15
              text run at (0,39) width 126: "SERVICE FEE MCO "
              text run at (126,39) width 70: "8103220490"
            RenderBR {BR} at (0,0) size 0x0
            RenderText {TEXT} at (0,0) size 0x0
          RenderText {TEXT} at (0,0) size 0x0
      RenderBlock (anonymous) at (0,1049) size 784x2 [bgcolor=#000000]
        RenderBlock {HR} at (1,0) size 782x2
      RenderBlock (anonymous) at (0,1063) size 784x24 [bgcolor=#000000]
        RenderInline {SPAN} at (0,0) size 182x15
          RenderInline {SPAN} at (0,0) size 182x17
            RenderImage {IMG} at (0,0) size 62x24
            RenderText {TEXT} at (62,3) size 4x18
              text run at (62,3) width 4: " "
            RenderInline {B} at (0,0) size 112x17
              RenderText {TEXT} at (66,3) size 112x18
                text run at (66,3) width 112: "Web Bookings"
            RenderText {TEXT} at (178,3) size 4x18
              text run at (178,3) width 4: " "
            RenderInline {SPAN} at (0,0) size 0x0
              RenderBR {BR} at (0,0) size 0x0
              RenderInline {SPAN} at (0,0) size 0x0
            RenderText {TEXT} at (0,0) size 0x0
          RenderText {TEXT} at (0,0) size 0x0
      RenderBlock (anonymous) at (0,1099) size 784x2 [bgcolor=#000000]
        RenderBlock {HR} at (1,0) size 782x2
      RenderBlock (anonymous) at (0,1113) size 784x24 [bgcolor=#000000]
        RenderInline {SPAN} at (0,0) size 281x15
          RenderInline {SPAN} at (0,0) size 281x15
            RenderInline {SPAN} at (0,0) size 281x17
              RenderText {TEXT} at (0,0) size 0x0
              RenderImage {IMG} at (0,0) size 24x24
              RenderText {TEXT} at (24,3) size 257x18
                text run at (24,3) width 4: " "
                text run at (28,3) width 253: "Remarks and Service Information"
              RenderBR {BR} at (0,0) size 0x0
              RenderText {TEXT} at (0,0) size 0x0
            RenderText {TEXT} at (0,0) size 0x0
            RenderText {TEXT} at (0,0) size 0x0
      RenderBlock (anonymous) at (0,1149) size 784x30 [bgcolor=#000000]
        RenderBlock {HR} at (1,0) size 782x2
        RenderBlock {P} at (0,15) size 784x15
          RenderText {TEXT} at (0,0) size 204x15
            text run at (0,0) width 204: "This itinerary is subject to change. "
          RenderInline {A} at (0,0) size 163x15 [color=#0000EE]
            RenderText {TEXT} at (204,0) size 163x15
              text run at (204,0) width 163: "Click here for latest updates"
          RenderText {TEXT} at (0,0) size 0x0
      RenderBlock (anonymous) at (0,1192) size 784x0 [bgcolor=#000000]
        RenderInline {SPAN} at (0,0) size 0x0
          RenderInline {SPAN} at (0,0) size 0x0
          RenderText {TEXT} at (0,0) size 0x0
          RenderText {TEXT} at (0,0) size 0x0
          RenderText {TEXT} at (0,0) size 0x0
layer at (23,52) size 108x15
  RenderInline (relative positioned) {SPAN} at (0,0) size 108x15
    RenderText {TEXT} at (0,0) size 0x0
    RenderInline {SPAN} at (0,0) size 108x15
      RenderImage {IMG} at (0,24) size 24x24
      RenderText {TEXT} at (24,36) size 4x15
        text run at (24,36) width 4: " "
      RenderInline {SPAN} at (0,0) size 80x15
        RenderText {TEXT} at (28,36) size 80x15
          text run at (28,36) width 80: "HAO, SCOTT"
        RenderBR {BR} at (0,0) size 0x0
        RenderText {TEXT} at (0,0) size 0x0
        RenderText {TEXT} at (0,0) size 0x0
      RenderText {TEXT} at (0,0) size 0x0
    RenderText {TEXT} at (0,0) size 0x0
layer at (48,52) size 0x0
  RenderInline (relative positioned) {SPAN} at (0,0) size 0x0
layer at (23,129) size 596x42
  RenderInline (relative positioned) {SPAN} at (0,0) size 596x42
    RenderImage {IMG} at (0,24) size 24x24
    RenderText {TEXT} at (24,36) size 572x15
      text run at (24,36) width 4: " "
      text run at (28,36) width 56: "Address: "
      text run at (84,36) width 512: "ST. JUDE MEDICAL, 21700 OXNARD ST SUITE 800, WOODLAND HILLS CA Z/91367 "
    RenderBR {BR} at (0,0) size 0x0
    RenderText {TEXT} at (0,0) size 0x0
    RenderImage {IMG} at (0,51) size 24x24
    RenderText {TEXT} at (24,63) size 409x15
      text run at (24,63) width 4: " "
      text run at (28,63) width 48: "Deliver: "
      text run at (76,63) width 104: "DEBI STANGEL, "
      text run at (180,63) width 117: "119 GLEN COURT, "
      text run at (297,63) width 136: "DANVILLE CA Z/94526"
layer at (23,233) size 24x12
  RenderInline (relative positioned) {SPAN} at (0,0) size 24x12
    RenderImage {IMG} at (0,24) size 24x24
    RenderText {TEXT} at (0,0) size 0x0
layer at (28,266) size 470x48
  RenderTable {TABLE} at (0,0) size 470x48
    RenderTableSection {TBODY} at (1,1) size 0x46
      RenderTableRow {TR} at (0,0) size 0x0 [bgcolor=#E0E0E0]
        RenderTableCell {TD} at (2,2) size 85x20 [bgcolor=#000000] [r=0 c=0 rs=1 cs=1]
          RenderText {TEXT} at (2,2) size 32x16
            text run at (2,2) width 32: "Type"
        RenderTableCell {TD} at (89,2) size 40x20 [bgcolor=#000000] [r=0 c=1 rs=1 cs=1]
          RenderText {TEXT} at (2,2) size 24x16
            text run at (2,2) width 24: "City"
        RenderTableCell {TD} at (131,2) size 335x20 [bgcolor=#000000] [r=0 c=2 rs=1 cs=1]
          RenderText {TEXT} at (2,2) size 41x16
            text run at (2,2) width 41: "Phone"
      RenderTableRow {TR} at (0,0) size 0x0
      RenderTableRow {TR} at (0,0) size 0x0
        RenderTableCell {TD} at (2,24) size 85x20 [r=2 c=0 rs=1 cs=1]
          RenderText {TEXT} at (2,2) size 81x16
            text run at (2,2) width 81: "Travel Agent"
        RenderTableCell {TD} at (89,24) size 40x20 [r=2 c=1 rs=1 cs=1]
          RenderText {TEXT} at (2,2) size 36x16
            text run at (2,2) width 36: "(LAX)"
        RenderTableCell {TD} at (131,24) size 335x20 [r=2 c=2 rs=1 cs=1]
          RenderText {TEXT} at (2,2) size 331x16
            text run at (2,2) width 127: "RQ0/818 990-4053-"
            text run at (129,2) width 184: "PLAZA TRAVEL - 05838276-"
            text run at (313,2) width 20: "RC"
      RenderTableRow {TR} at (0,0) size 0x0
      RenderTableRow {TR} at (0,0) size 0x0
      RenderTableRow {TR} at (0,0) size 0x0
layer at (23,329) size 0x0
  RenderInline (relative positioned) {SPAN} at (0,0) size 0x0
layer at (33,1121) size 0x0
  RenderInline (relative positioned) {SPAN} at (0,0) size 0x0
    RenderInline {SPAN} at (0,0) size 0x0
      RenderText {TEXT} at (0,0) size 0x0
    RenderText {TEXT} at (0,0) size 0x0
