layer at (0,0) size 800x600
  RenderView at (0,0) size 800x600
layer at (0,0) size 800x600
  RenderBlock {HTML} at (0,0) size 800x600
    RenderBody {BODY} at (8,8) size 784x584
      RenderTable {TABLE} at (0,0) size 212x312 [border: (2px outset #808080)]
        RenderTableSection {TBODY} at (2,2) size 208x308
          RenderTableRow {TR} at (0,2) size 208x304
            RenderTableCell {TD} at (2,2) size 204x304 [border: (1px inset #808080)] [r=0 c=0 rs=1 cs=1]
layer at (14,14) size 200x300 clip at (0,0) size 0x0 scrollWidth 53 scrollHeight 1824
  RenderBlock {DIV} at (2,2) size 200x300
    RenderText {#text} at (0,0) size 53x76
      text run at (0,0) width 27: "Lots"
      text run at (0,19) width 12: "of"
      text run at (0,38) width 53: "overflow"
      text run at (0,57) width 27: "text."
    RenderBR {BR} at (0,0) size 0x0
    RenderText {#text} at (0,76) size 53x76
      text run at (0,76) width 27: "Lots"
      text run at (0,95) width 12: "of"
      text run at (0,114) width 53: "overflow"
      text run at (0,133) width 27: "text."
    RenderBR {BR} at (0,0) size 0x0
    RenderText {#text} at (0,152) size 53x76
      text run at (0,152) width 27: "Lots"
      text run at (0,171) width 12: "of"
      text run at (0,190) width 53: "overflow"
      text run at (0,209) width 27: "text."
    RenderBR {BR} at (0,0) size 0x0
    RenderText {#text} at (0,228) size 53x76
      text run at (0,228) width 27: "Lots"
      text run at (0,247) width 12: "of"
      text run at (0,266) width 53: "overflow"
      text run at (0,285) width 27: "text."
    RenderBR {BR} at (0,0) size 0x0
    RenderText {#text} at (0,304) size 53x76
      text run at (0,304) width 27: "Lots"
      text run at (0,323) width 12: "of"
      text run at (0,342) width 53: "overflow"
      text run at (0,361) width 27: "text."
    RenderBR {BR} at (0,0) size 0x0
    RenderText {#text} at (0,380) size 53x76
      text run at (0,380) width 27: "Lots"
      text run at (0,399) width 12: "of"
      text run at (0,418) width 53: "overflow"
      text run at (0,437) width 27: "text."
    RenderBR {BR} at (0,0) size 0x0
    RenderText {#text} at (0,456) size 53x76
      text run at (0,456) width 27: "Lots"
      text run at (0,475) width 12: "of"
      text run at (0,494) width 53: "overflow"
      text run at (0,513) width 27: "text."
    RenderBR {BR} at (0,0) size 0x0
    RenderText {#text} at (0,532) size 53x76
      text run at (0,532) width 27: "Lots"
      text run at (0,551) width 12: "of"
      text run at (0,570) width 53: "overflow"
      text run at (0,589) width 27: "text."
    RenderBR {BR} at (0,0) size 0x0
    RenderText {#text} at (0,608) size 53x76
      text run at (0,608) width 27: "Lots"
      text run at (0,627) width 12: "of"
      text run at (0,646) width 53: "overflow"
      text run at (0,665) width 27: "text."
    RenderBR {BR} at (0,0) size 0x0
    RenderText {#text} at (0,684) size 53x76
      text run at (0,684) width 27: "Lots"
      text run at (0,703) width 12: "of"
      text run at (0,722) width 53: "overflow"
      text run at (0,741) width 27: "text."
    RenderBR {BR} at (0,0) size 0x0
    RenderText {#text} at (0,760) size 53x76
      text run at (0,760) width 27: "Lots"
      text run at (0,779) width 12: "of"
      text run at (0,798) width 53: "overflow"
      text run at (0,817) width 27: "text."
    RenderBR {BR} at (0,0) size 0x0
    RenderText {#text} at (0,836) size 53x76
      text run at (0,836) width 27: "Lots"
      text run at (0,855) width 12: "of"
      text run at (0,874) width 53: "overflow"
      text run at (0,893) width 27: "text."
    RenderBR {BR} at (0,0) size 0x0
    RenderText {#text} at (0,912) size 53x76
      text run at (0,912) width 27: "Lots"
      text run at (0,931) width 12: "of"
      text run at (0,950) width 53: "overflow"
      text run at (0,969) width 27: "text."
    RenderBR {BR} at (0,0) size 0x0
    RenderText {#text} at (0,988) size 53x76
      text run at (0,988) width 27: "Lots"
      text run at (0,1007) width 12: "of"
      text run at (0,1026) width 53: "overflow"
      text run at (0,1045) width 27: "text."
    RenderBR {BR} at (0,0) size 0x0
    RenderText {#text} at (0,1064) size 53x76
      text run at (0,1064) width 27: "Lots"
      text run at (0,1083) width 12: "of"
      text run at (0,1102) width 53: "overflow"
      text run at (0,1121) width 27: "text."
    RenderBR {BR} at (0,0) size 0x0
    RenderText {#text} at (0,1140) size 53x76
      text run at (0,1140) width 27: "Lots"
      text run at (0,1159) width 12: "of"
      text run at (0,1178) width 53: "overflow"
      text run at (0,1197) width 27: "text."
    RenderBR {BR} at (0,0) size 0x0
    RenderText {#text} at (0,1216) size 53x76
      text run at (0,1216) width 27: "Lots"
      text run at (0,1235) width 12: "of"
      text run at (0,1254) width 53: "overflow"
      text run at (0,1273) width 27: "text."
    RenderBR {BR} at (0,0) size 0x0
    RenderText {#text} at (0,1292) size 53x76
      text run at (0,1292) width 27: "Lots"
      text run at (0,1311) width 12: "of"
      text run at (0,1330) width 53: "overflow"
      text run at (0,1349) width 27: "text."
    RenderBR {BR} at (0,0) size 0x0
    RenderText {#text} at (0,1368) size 53x76
      text run at (0,1368) width 27: "Lots"
      text run at (0,1387) width 12: "of"
      text run at (0,1406) width 53: "overflow"
      text run at (0,1425) width 27: "text."
    RenderBR {BR} at (0,0) size 0x0
    RenderText {#text} at (0,1444) size 53x76
      text run at (0,1444) width 27: "Lots"
      text run at (0,1463) width 12: "of"
      text run at (0,1482) width 53: "overflow"
      text run at (0,1501) width 27: "text."
    RenderBR {BR} at (0,0) size 0x0
    RenderText {#text} at (0,1520) size 53x76
      text run at (0,1520) width 27: "Lots"
      text run at (0,1539) width 12: "of"
      text run at (0,1558) width 53: "overflow"
      text run at (0,1577) width 27: "text."
    RenderBR {BR} at (0,0) size 0x0
    RenderText {#text} at (0,1596) size 53x76
      text run at (0,1596) width 27: "Lots"
      text run at (0,1615) width 12: "of"
      text run at (0,1634) width 53: "overflow"
      text run at (0,1653) width 27: "text."
    RenderBR {BR} at (0,0) size 0x0
    RenderText {#text} at (0,1672) size 53x76
      text run at (0,1672) width 27: "Lots"
      text run at (0,1691) width 12: "of"
      text run at (0,1710) width 53: "overflow"
      text run at (0,1729) width 27: "text."
    RenderBR {BR} at (0,0) size 0x0
    RenderText {#text} at (0,1748) size 53x76
      text run at (0,1748) width 27: "Lots"
      text run at (0,1767) width 12: "of"
      text run at (0,1786) width 53: "overflow"
      text run at (0,1805) width 27: "text."
    RenderBR {BR} at (0,0) size 0x0
