layer at (0,0) size 784x1210
  RenderView at (0,0) size 784x584
layer at (0,0) size 784x584
  RenderBlock {HTML} at (0,0) size 784x584
    RenderBody {BODY} at (0,0) size 784x584
      RenderText {#text} at (0,0) size 420x22
        text run at (0,0) width 420: "ffffffffffffffffffffffffffffffffffffffffffffffffffffffffffffffffffffffffffffffffffff"
      RenderBR {BR} at (420,16) size 0x0
      RenderText {#text} at (0,22) size 420x22
        text run at (0,22) width 420: "ffffffffffffffffffffffffffffffffffffffffffffffffffffffffffffffffffffffffffffffffffff"
      RenderBR {BR} at (420,38) size 0x0
      RenderText {#text} at (0,44) size 420x22
        text run at (0,44) width 420: "ffffffffffffffffffffffffffffffffffffffffffffffffffffffffffffffffffffffffffffffffffff"
      RenderBR {BR} at (420,60) size 0x0
      RenderText {#text} at (0,66) size 420x22
        text run at (0,66) width 420: "ffffffffffffffffffffffffffffffffffffffffffffffffffffffffffffffffffffffffffffffffffff"
      RenderBR {BR} at (420,82) size 0x0
      RenderText {#text} at (0,88) size 420x22
        text run at (0,88) width 420: "ffffffffffffffffffffffffffffffffffffffffffffffffffffffffffffffffffffffffffffffffffff"
      RenderBR {BR} at (420,104) size 0x0
      RenderText {#text} at (0,110) size 420x22
        text run at (0,110) width 420: "ffffffffffffffffffffffffffffffffffffffffffffffffffffffffffffffffffffffffffffffffffff"
      RenderBR {BR} at (420,126) size 0x0
      RenderText {#text} at (0,132) size 420x22
        text run at (0,132) width 420: "ffffffffffffffffffffffffffffffffffffffffffffffffffffffffffffffffffffffffffffffffffff"
      RenderBR {BR} at (420,148) size 0x0
      RenderText {#text} at (0,154) size 420x22
        text run at (0,154) width 420: "ffffffffffffffffffffffffffffffffffffffffffffffffffffffffffffffffffffffffffffffffffff"
      RenderBR {BR} at (420,170) size 0x0
      RenderText {#text} at (0,176) size 420x22
        text run at (0,176) width 420: "ffffffffffffffffffffffffffffffffffffffffffffffffffffffffffffffffffffffffffffffffffff"
      RenderBR {BR} at (420,192) size 0x0
      RenderText {#text} at (0,198) size 420x22
        text run at (0,198) width 420: "ffffffffffffffffffffffffffffffffffffffffffffffffffffffffffffffffffffffffffffffffffff"
      RenderBR {BR} at (420,214) size 0x0
      RenderText {#text} at (0,220) size 420x22
        text run at (0,220) width 420: "ffffffffffffffffffffffffffffffffffffffffffffffffffffffffffffffffffffffffffffffffffff"
      RenderBR {BR} at (420,236) size 0x0
      RenderText {#text} at (0,242) size 420x22
        text run at (0,242) width 420: "ffffffffffffffffffffffffffffffffffffffffffffffffffffffffffffffffffffffffffffffffffff"
      RenderBR {BR} at (420,258) size 0x0
      RenderText {#text} at (0,264) size 420x22
        text run at (0,264) width 420: "ffffffffffffffffffffffffffffffffffffffffffffffffffffffffffffffffffffffffffffffffffff"
      RenderBR {BR} at (420,280) size 0x0
      RenderText {#text} at (0,286) size 420x22
        text run at (0,286) width 420: "ffffffffffffffffffffffffffffffffffffffffffffffffffffffffffffffffffffffffffffffffffff"
      RenderBR {BR} at (420,302) size 0x0
      RenderText {#text} at (0,308) size 420x22
        text run at (0,308) width 420: "ffffffffffffffffffffffffffffffffffffffffffffffffffffffffffffffffffffffffffffffffffff"
      RenderBR {BR} at (420,324) size 0x0
      RenderText {#text} at (0,330) size 420x22
        text run at (0,330) width 420: "ffffffffffffffffffffffffffffffffffffffffffffffffffffffffffffffffffffffffffffffffffff"
      RenderBR {BR} at (420,346) size 0x0
      RenderText {#text} at (0,352) size 420x22
        text run at (0,352) width 420: "ffffffffffffffffffffffffffffffffffffffffffffffffffffffffffffffffffffffffffffffffffff"
      RenderBR {BR} at (420,368) size 0x0
      RenderText {#text} at (0,374) size 420x22
        text run at (0,374) width 420: "ffffffffffffffffffffffffffffffffffffffffffffffffffffffffffffffffffffffffffffffffffff"
      RenderBR {BR} at (420,390) size 0x0
      RenderText {#text} at (0,396) size 420x22
        text run at (0,396) width 420: "ffffffffffffffffffffffffffffffffffffffffffffffffffffffffffffffffffffffffffffffffffff"
      RenderBR {BR} at (420,412) size 0x0
      RenderText {#text} at (0,418) size 420x22
        text run at (0,418) width 420: "ffffffffffffffffffffffffffffffffffffffffffffffffffffffffffffffffffffffffffffffffffff"
      RenderBR {BR} at (420,434) size 0x0
      RenderText {#text} at (0,440) size 420x22
        text run at (0,440) width 420: "ffffffffffffffffffffffffffffffffffffffffffffffffffffffffffffffffffffffffffffffffffff"
      RenderBR {BR} at (420,456) size 0x0
      RenderText {#text} at (0,462) size 420x22
        text run at (0,462) width 420: "ffffffffffffffffffffffffffffffffffffffffffffffffffffffffffffffffffffffffffffffffffff"
      RenderBR {BR} at (420,478) size 0x0
      RenderText {#text} at (0,484) size 420x22
        text run at (0,484) width 420: "ffffffffffffffffffffffffffffffffffffffffffffffffffffffffffffffffffffffffffffffffffff"
      RenderBR {BR} at (420,500) size 0x0
      RenderText {#text} at (0,506) size 420x22
        text run at (0,506) width 420: "ffffffffffffffffffffffffffffffffffffffffffffffffffffffffffffffffffffffffffffffffffff"
      RenderBR {BR} at (420,522) size 0x0
      RenderText {#text} at (0,528) size 420x22
        text run at (0,528) width 420: "ffffffffffffffffffffffffffffffffffffffffffffffffffffffffffffffffffffffffffffffffffff"
      RenderBR {BR} at (420,544) size 0x0
      RenderText {#text} at (0,550) size 420x22
        text run at (0,550) width 420: "ffffffffffffffffffffffffffffffffffffffffffffffffffffffffffffffffffffffffffffffffffff"
      RenderBR {BR} at (420,566) size 0x0
      RenderText {#text} at (0,572) size 420x22
        text run at (0,572) width 420: "ffffffffffffffffffffffffffffffffffffffffffffffffffffffffffffffffffffffffffffffffffff"
      RenderBR {BR} at (420,588) size 0x0
      RenderText {#text} at (0,594) size 420x22
        text run at (0,594) width 420: "ffffffffffffffffffffffffffffffffffffffffffffffffffffffffffffffffffffffffffffffffffff"
      RenderBR {BR} at (420,610) size 0x0
      RenderText {#text} at (0,616) size 420x22
        text run at (0,616) width 420: "ffffffffffffffffffffffffffffffffffffffffffffffffffffffffffffffffffffffffffffffffffff"
      RenderBR {BR} at (420,632) size 0x0
      RenderText {#text} at (0,638) size 420x22
        text run at (0,638) width 420: "ffffffffffffffffffffffffffffffffffffffffffffffffffffffffffffffffffffffffffffffffffff"
      RenderBR {BR} at (420,654) size 0x0
      RenderText {#text} at (0,660) size 420x22
        text run at (0,660) width 420: "ffffffffffffffffffffffffffffffffffffffffffffffffffffffffffffffffffffffffffffffffffff"
      RenderBR {BR} at (420,676) size 0x0
      RenderText {#text} at (0,682) size 420x22
        text run at (0,682) width 420: "ffffffffffffffffffffffffffffffffffffffffffffffffffffffffffffffffffffffffffffffffffff"
      RenderBR {BR} at (420,698) size 0x0
      RenderText {#text} at (0,704) size 420x22
        text run at (0,704) width 420: "ffffffffffffffffffffffffffffffffffffffffffffffffffffffffffffffffffffffffffffffffffff"
      RenderBR {BR} at (420,720) size 0x0
      RenderText {#text} at (0,726) size 420x22
        text run at (0,726) width 420: "ffffffffffffffffffffffffffffffffffffffffffffffffffffffffffffffffffffffffffffffffffff"
      RenderBR {BR} at (420,742) size 0x0
      RenderText {#text} at (0,748) size 420x22
        text run at (0,748) width 420: "ffffffffffffffffffffffffffffffffffffffffffffffffffffffffffffffffffffffffffffffffffff"
      RenderBR {BR} at (420,764) size 0x0
      RenderText {#text} at (0,770) size 420x22
        text run at (0,770) width 420: "ffffffffffffffffffffffffffffffffffffffffffffffffffffffffffffffffffffffffffffffffffff"
      RenderBR {BR} at (420,786) size 0x0
      RenderText {#text} at (0,792) size 420x22
        text run at (0,792) width 420: "ffffffffffffffffffffffffffffffffffffffffffffffffffffffffffffffffffffffffffffffffffff"
      RenderBR {BR} at (420,808) size 0x0
      RenderText {#text} at (0,814) size 420x22
        text run at (0,814) width 420: "ffffffffffffffffffffffffffffffffffffffffffffffffffffffffffffffffffffffffffffffffffff"
      RenderBR {BR} at (420,830) size 0x0
      RenderText {#text} at (0,836) size 420x22
        text run at (0,836) width 420: "ffffffffffffffffffffffffffffffffffffffffffffffffffffffffffffffffffffffffffffffffffff"
      RenderBR {BR} at (420,852) size 0x0
      RenderText {#text} at (0,858) size 420x22
        text run at (0,858) width 420: "ffffffffffffffffffffffffffffffffffffffffffffffffffffffffffffffffffffffffffffffffffff"
      RenderBR {BR} at (420,874) size 0x0
      RenderText {#text} at (0,880) size 420x22
        text run at (0,880) width 420: "ffffffffffffffffffffffffffffffffffffffffffffffffffffffffffffffffffffffffffffffffffff"
      RenderBR {BR} at (420,896) size 0x0
      RenderText {#text} at (0,902) size 420x22
        text run at (0,902) width 420: "ffffffffffffffffffffffffffffffffffffffffffffffffffffffffffffffffffffffffffffffffffff"
      RenderBR {BR} at (420,918) size 0x0
      RenderText {#text} at (0,924) size 420x22
        text run at (0,924) width 420: "ffffffffffffffffffffffffffffffffffffffffffffffffffffffffffffffffffffffffffffffffffff"
      RenderBR {BR} at (420,940) size 0x0
      RenderText {#text} at (0,946) size 420x22
        text run at (0,946) width 420: "ffffffffffffffffffffffffffffffffffffffffffffffffffffffffffffffffffffffffffffffffffff"
      RenderBR {BR} at (420,962) size 0x0
      RenderText {#text} at (0,968) size 420x22
        text run at (0,968) width 420: "ffffffffffffffffffffffffffffffffffffffffffffffffffffffffffffffffffffffffffffffffffff"
      RenderBR {BR} at (420,984) size 0x0
      RenderText {#text} at (0,990) size 420x22
        text run at (0,990) width 420: "ffffffffffffffffffffffffffffffffffffffffffffffffffffffffffffffffffffffffffffffffffff"
      RenderBR {BR} at (420,1006) size 0x0
      RenderText {#text} at (0,1012) size 420x22
        text run at (0,1012) width 420: "ffffffffffffffffffffffffffffffffffffffffffffffffffffffffffffffffffffffffffffffffffff"
      RenderBR {BR} at (420,1028) size 0x0
      RenderText {#text} at (0,1034) size 420x22
        text run at (0,1034) width 420: "ffffffffffffffffffffffffffffffffffffffffffffffffffffffffffffffffffffffffffffffffffff"
      RenderBR {BR} at (420,1050) size 0x0
      RenderText {#text} at (0,1056) size 420x22
        text run at (0,1056) width 420: "ffffffffffffffffffffffffffffffffffffffffffffffffffffffffffffffffffffffffffffffffffff"
      RenderBR {BR} at (420,1072) size 0x0
      RenderText {#text} at (0,1078) size 420x22
        text run at (0,1078) width 420: "ffffffffffffffffffffffffffffffffffffffffffffffffffffffffffffffffffffffffffffffffffff"
      RenderBR {BR} at (420,1094) size 0x0
      RenderText {#text} at (0,1100) size 420x22
        text run at (0,1100) width 420: "ffffffffffffffffffffffffffffffffffffffffffffffffffffffffffffffffffffffffffffffffffff"
      RenderBR {BR} at (420,1116) size 0x0
      RenderText {#text} at (0,1122) size 420x22
        text run at (0,1122) width 420: "ffffffffffffffffffffffffffffffffffffffffffffffffffffffffffffffffffffffffffffffffffff"
      RenderBR {BR} at (420,1138) size 0x0
      RenderText {#text} at (0,1144) size 420x22
        text run at (0,1144) width 420: "ffffffffffffffffffffffffffffffffffffffffffffffffffffffffffffffffffffffffffffffffffff"
      RenderBR {BR} at (420,1160) size 0x0
      RenderText {#text} at (0,1166) size 420x22
        text run at (0,1166) width 420: "ffffffffffffffffffffffffffffffffffffffffffffffffffffffffffffffffffffffffffffffffffff"
      RenderBR {BR} at (420,1182) size 0x0
      RenderText {#text} at (0,1188) size 420x22
        text run at (0,1188) width 420: "ffffffffffffffffffffffffffffffffffffffffffffffffffffffffffffffffffffffffffffffffffff"
      RenderBR {BR} at (420,1204) size 0x0
