layer at (0,0) size 800x600
  RenderView at (0,0) size 800x600
layer at (0,0) size 800x8
  RenderBlock {HTML} at (0,0) size 800x8
    RenderBody {BODY} at (8,8) size 784x0
layer at (8,8) size 300x300 scrollHeight 946
  RenderBlock (positioned) {DIV} at (8,8) size 300x300
    RenderText {#text} at (0,0) size 300x946
      text run at (0,0) width 272: "Lorem ipsum dolor sit amet, consectetur"
      text run at (0,22) width 260: "adipisicing elit, sed do eiusmod tempor"
      text run at (0,44) width 297: "incididunt ut labore et dolore magna aliqua."
      text run at (0,66) width 268: "Ut enim ad minim veniam, quis nostrud"
      text run at (0,88) width 282: "exercitation ullamco laboris nisi ut aliquip"
      text run at (0,110) width 286: "ex ea commodo consequat. Duis aute irure"
      text run at (0,132) width 297: "dolor in reprehenderit in voluptate velit esse"
      text run at (0,154) width 254: "cillum dolore eu fugiat nulla pariatur."
      text run at (0,176) width 257: "Excepteur sint occaecat cupidatat non"
      text run at (0,198) width 287: "proident, sunt in culpa qui officia deserunt"
      text run at (0,220) width 276: "mollit anim id est laborum. Lorem ipsum"
      text run at (0,242) width 281: "dolor sit amet, consectetur adipisicing elit,"
      text run at (0,264) width 294: "sed do eiusmod tempor incididunt ut labore"
      text run at (0,286) width 285: "et dolore magna aliqua. Ut enim ad minim"
      text run at (0,308) width 282: "veniam, quis nostrud exercitation ullamco"
      text run at (0,330) width 250: "laboris nisi ut aliquip ex ea commodo"
      text run at (0,352) width 235: "consequat. Duis aute irure dolor in"
      text run at (0,374) width 285: "reprehenderit in voluptate velit esse cillum"
      text run at (0,396) width 283: "dolore eu fugiat nulla pariatur. Excepteur"
      text run at (0,418) width 299: "sint occaecat cupidatat non proident, sunt in"
      text run at (0,440) width 290: "culpa qui officia deserunt mollit anim id est"
      text run at (0,462) width 257: "laborum. Lorem ipsum dolor sit amet,"
      text run at (0,484) width 288: "consectetur adipisicing elit, sed do eiusmod"
      text run at (0,506) width 300: "tempor incididunt ut labore et dolore magna"
      text run at (0,528) width 261: "aliqua. Ut enim ad minim veniam, quis"
      text run at (0,550) width 288: "nostrud exercitation ullamco laboris nisi ut"
      text run at (0,572) width 299: "aliquip ex ea commodo consequat. Duis aute"
      text run at (0,594) width 273: "irure dolor in reprehenderit in voluptate"
      text run at (0,616) width 251: "velit esse cillum dolore eu fugiat nulla"
      text run at (0,638) width 292: "pariatur. Excepteur sint occaecat cupidatat"
      text run at (0,660) width 254: "non proident, sunt in culpa qui officia"
      text run at (0,682) width 290: "deserunt mollit anim id est laborum.Lorem"
      text run at (0,704) width 298: "ipsum dolor sit amet, consectetur adipisicing"
      text run at (0,726) width 275: "elit, sed do eiusmod tempor incididunt ut"
      text run at (0,748) width 285: "labore et dolore magna aliqua. Ut enim ad"
      text run at (0,770) width 272: "minim veniam, quis nostrud exercitation"
      text run at (0,792) width 237: "ullamco laboris nisi ut aliquip ex ea"
      text run at (0,814) width 288: "commodo consequat. Duis aute irure dolor"
      text run at (0,836) width 257: "in reprehenderit in voluptate velit esse"
      text run at (0,858) width 254: "cillum dolore eu fugiat nulla pariatur."
      text run at (0,880) width 257: "Excepteur sint occaecat cupidatat non"
      text run at (0,902) width 287: "proident, sunt in culpa qui officia deserunt"
      text run at (0,924) width 181: "mollit anim id est laborum."
