layer at (0,0) size 800x600
  RenderView at (0,0) size 800x600
layer at (0,0) size 800x600
  RenderBlock {HTML} at (0,0) size 800x600
    RenderBody {BODY} at (8,8) size 784x584
      RenderText {#text} at (0,0) size 282x21
        text run at (0,0) width 282: "This tests the -webkit-line-clamp property"
      RenderBR {BR} at (282,16) size 0x0
      RenderBR {BR} at (0,21) size 0x21
      RenderText {#text} at (102,127) size 4x21
        text run at (102,127) width 4: " "
      RenderText {#text} at (208,127) size 4x21
        text run at (208,127) width 4: " "
      RenderText {#text} at (314,127) size 4x21
        text run at (314,127) width 4: " "
      RenderText {#text} at (420,127) size 4x21
        text run at (420,127) width 4: " "
      RenderText {#text} at (526,127) size 4x21
        text run at (526,127) width 4: " "
      RenderText {#text} at (632,127) size 4x21
        text run at (632,127) width 4: " "
      RenderText {#text} at (0,0) size 0x0
      RenderText {#text} at (102,297) size 4x21
        text run at (102,297) width 4: " "
      RenderText {#text} at (208,297) size 4x21
        text run at (208,297) width 4: " "
      RenderText {#text} at (0,0) size 0x0
layer at (8,65) size 102x86 clip at (9,66) size 100x84 scrollHeight 168
  RenderFlexibleBox {DIV} at (0,57) size 102x86 [border: (1px solid #808080)]
    RenderBlock (anonymous) at (1,1) size 100x84
      RenderText {#text} at (0,0) size 88x168
        text run at (0,0) width 32: "50%"
        text run at (0,21) width 75: "truncation."
        text run at (0,42) width 65: "This is an"
        text run at (0,63) width 73: "example of"
        text run at (0,84) width 49: "ellipsis-"
        text run at (0,105) width 88: "truncation of"
        text run at (0,126) width 64: "multi-line"
        text run at (0,147) width 29: "text."
      RenderInline {A} at (0,0) size 37x21 [color=#0000EE]
        RenderText {#text} at (29,147) size 37x21
          text run at (29,147) width 37: "More"
      RenderText {#text} at (0,0) size 0x0
layer at (114,128) size 102x23 clip at (115,129) size 100x21 scrollHeight 168
  RenderFlexibleBox {DIV} at (106,120) size 102x23 [border: (1px solid #808080)]
    RenderBlock (anonymous) at (1,1) size 100x21
      RenderText {#text} at (0,0) size 100x168
        text run at (0,0) width 24: "0%"
        text run at (0,21) width 75: "truncation."
        text run at (0,42) width 89: "This does the"
        text run at (0,63) width 32: "most"
        text run at (0,84) width 71: "truncation"
        text run at (0,105) width 57: "possible,"
        text run at (0,126) width 100: "truncating to 1"
        text run at (0,147) width 28: "line."
      RenderInline {A} at (0,0) size 37x21 [color=#0000EE]
        RenderText {#text} at (28,147) size 37x21
          text run at (28,147) width 37: "More"
      RenderText {#text} at (0,0) size 0x0
layer at (220,107) size 102x44 clip at (221,108) size 100x42 scrollHeight 126
  RenderFlexibleBox {DIV} at (212,99) size 102x44 [border: (1px solid #808080)]
    RenderBlock (anonymous) at (1,1) size 100x42
      RenderText {#text} at (0,0) size 94x126
        text run at (0,0) width 50: "2 lines. "
        text run at (50,0) width 44: "This is"
        text run at (0,21) width 94: "an example of"
        text run at (0,42) width 49: "ellipsis-"
        text run at (0,63) width 88: "truncation of"
        text run at (0,84) width 64: "multi-line"
        text run at (0,105) width 29: "text."
      RenderInline {A} at (0,0) size 37x21 [color=#0000EE]
        RenderText {#text} at (29,105) size 37x21
          text run at (29,105) width 37: "More"
      RenderText {#text} at (0,0) size 0x0
layer at (326,86) size 102x65 clip at (327,87) size 100x63 scrollHeight 189
  RenderFlexibleBox {DIV} at (318,78) size 102x65 [border: (1px solid #808080)]
    RenderBlock (anonymous) at (1,1) size 100x63
      RenderText {#text} at (0,0) size 88x189
        text run at (0,0) width 77: "Backwards"
        text run at (0,21) width 74: "compatible"
        text run at (0,42) width 79: "truncation. "
        text run at (79,42) width 8: "3"
        text run at (0,63) width 76: "lines on the"
        text run at (0,84) width 88: "latest version"
        text run at (0,105) width 78: "of WebKit. "
        text run at (78,105) width 8: "1"
        text run at (0,126) width 84: "line on older"
        text run at (0,147) width 72: "versions of"
        text run at (0,168) width 57: "WebKit."
      RenderInline {A} at (0,0) size 37x21 [color=#0000EE]
        RenderText {#text} at (57,168) size 37x21
          text run at (57,168) width 37: "More"
      RenderText {#text} at (0,0) size 0x0
layer at (432,107) size 102x44 clip at (433,108) size 100x42 scrollHeight 168
  RenderFlexibleBox {DIV} at (424,99) size 102x44 [border: (1px solid #808080)]
    RenderBlock (anonymous) at (1,1) size 100x42
      RenderText {#text} at (0,0) size 99x168
        text run at (0,0) width 32: "30%"
        text run at (0,21) width 79: "truncation. "
        text run at (79,21) width 20: "No"
        text run at (0,42) width 68: "link at the"
        text run at (0,63) width 33: "end. "
        text run at (33,63) width 65: "This is an"
        text run at (0,84) width 73: "example of"
        text run at (0,105) width 49: "ellipsis-"
        text run at (0,126) width 88: "truncation of"
        text run at (0,147) width 97: "multi-line text."
layer at (538,86) size 102x65 clip at (539,87) size 100x63 scrollHeight 147
  RenderFlexibleBox {DIV} at (530,78) size 102x65 [border: (1px solid #808080)]
    RenderBlock (anonymous) at (1,1) size 100x63
      RenderText {#text} at (0,0) size 100x147
        text run at (0,0) width 50: "3 lines. "
        text run at (50,0) width 50: "No link"
        text run at (0,21) width 71: "at the end."
        text run at (0,42) width 65: "This is an"
        text run at (0,63) width 73: "example of"
        text run at (0,84) width 49: "ellipsis-"
        text run at (0,105) width 88: "truncation of"
        text run at (0,126) width 97: "multi-line text."
layer at (644,50) size 102x107 clip at (645,51) size 100x105
  RenderFlexibleBox {DIV} at (636,42) size 102x107 [border: (1px solid #808080)]
    RenderBlock (anonymous) at (1,1) size 100x105
      RenderText {#text} at (0,0) size 94x105
        text run at (0,0) width 50: "0 lines. "
        text run at (50,0) width 44: "This is"
        text run at (0,21) width 67: "an invalid"
        text run at (0,42) width 69: "value for -"
        text run at (0,63) width 80: "webkit-line-"
        text run at (0,84) width 45: "clamp."
layer at (8,220) size 102x107 clip at (9,221) size 100x105
  RenderFlexibleBox {DIV} at (0,212) size 102x107 [border: (1px solid #808080)]
    RenderBlock (anonymous) at (1,1) size 100x105
      RenderText {#text} at (0,0) size 99x105
        text run at (0,0) width 55: "-1 lines. "
        text run at (55,0) width 44: "This is"
        text run at (0,21) width 67: "an invalid"
        text run at (0,42) width 69: "value for -"
        text run at (0,63) width 80: "webkit-line-"
        text run at (0,84) width 45: "clamp."
layer at (114,220) size 102x107 clip at (115,221) size 100x105
  RenderFlexibleBox {DIV} at (106,212) size 102x107 [border: (1px solid #808080)]
    RenderBlock (anonymous) at (1,1) size 100x105
      RenderText {#text} at (0,0) size 81x105
        text run at (0,0) width 37: "-1%. "
        text run at (37,0) width 44: "This is"
        text run at (0,21) width 67: "an invalid"
        text run at (0,42) width 69: "value for -"
        text run at (0,63) width 80: "webkit-line-"
        text run at (0,84) width 45: "clamp."
layer at (220,157) size 102x170 clip at (221,158) size 100x168
  RenderFlexibleBox {DIV} at (212,149) size 102x170 [border: (1px solid #808080)]
    RenderBlock (anonymous) at (1,1) size 100x168
      RenderText {#text} at (0,0) size 89x168
        text run at (0,0) width 40: "150%"
        text run at (0,21) width 75: "truncation."
        text run at (0,42) width 89: "This does the"
        text run at (0,63) width 30: "least"
        text run at (0,84) width 71: "truncation"
        text run at (0,105) width 57: "possible,"
        text run at (0,126) width 71: "truncating"
        text run at (0,147) width 56: "nothing."
