layer at (0,0) size 800x600
  RenderView at (0,0) size 800x600
layer at (0,0) size 800x600
  RenderBlock {HTML} at (0,0) size 800x600
    RenderBody {BODY} at (8,8) size 784x584
      RenderBlock (anonymous) at (0,0) size 784x22
        RenderText {#text} at (0,0) size 533x22
          text run at (0,0) width 533: "The focus ring of the following div should not extend beyond the size of the div."
layer at (8,30) size 500x400 scrollWidth 501 scrollHeight 792
  RenderBlock {DIV} at (0,22) size 500x400
    RenderText {#text} at (0,0) size 500x792
      text run at (0,0) width 500: "............................................................................................................................."
      text run at (0,22) width 500: "............................................................................................................................."
      text run at (0,44) width 500: "............................................................................................................................."
      text run at (0,66) width 500: "............................................................................................................................."
      text run at (0,88) width 500: "............................................................................................................................."
      text run at (0,110) width 500: "............................................................................................................................."
      text run at (0,132) width 500: "............................................................................................................................."
      text run at (0,154) width 500: "............................................................................................................................."
      text run at (0,176) width 500: "............................................................................................................................."
      text run at (0,198) width 500: "............................................................................................................................."
      text run at (0,220) width 500: "............................................................................................................................."
      text run at (0,242) width 500: "............................................................................................................................."
      text run at (0,264) width 500: "............................................................................................................................."
      text run at (0,286) width 500: "............................................................................................................................."
      text run at (0,308) width 500: "............................................................................................................................."
      text run at (0,330) width 500: "............................................................................................................................."
      text run at (0,352) width 500: "............................................................................................................................."
      text run at (0,374) width 500: "............................................................................................................................."
      text run at (0,396) width 500: "............................................................................................................................."
      text run at (0,418) width 500: "............................................................................................................................."
      text run at (0,440) width 500: "............................................................................................................................."
      text run at (0,462) width 500: "............................................................................................................................."
      text run at (0,484) width 500: "............................................................................................................................."
      text run at (0,506) width 500: "............................................................................................................................."
      text run at (0,528) width 500: "............................................................................................................................."
      text run at (0,550) width 500: "............................................................................................................................."
      text run at (0,572) width 500: "............................................................................................................................."
      text run at (0,594) width 500: "............................................................................................................................."
      text run at (0,616) width 500: "............................................................................................................................."
      text run at (0,638) width 500: "............................................................................................................................."
      text run at (0,660) width 500: "............................................................................................................................."
      text run at (0,682) width 500: "............................................................................................................................."
      text run at (0,704) width 500: "............................................................................................................................."
      text run at (0,726) width 500: "............................................................................................................................."
      text run at (0,748) width 500: "............................................................................................................................."
      text run at (0,770) width 212: "....................................................."
caret: position 0 of child 0 {#text} of child 1 {DIV} of body
