layer at (0,0) size 784x610
  RenderView at (0,0) size 784x600
layer at (0,0) size 784x610
  RenderBlock {HTML} at (0,0) size 784x610
    RenderBody {BODY} at (8,8) size 768x594
      RenderBlock (anonymous) at (0,0) size 768x44
        RenderText {#text} at (0,0) size 717x44
          text run at (0,0) width 717: "Make sure that overflow:auto/hidden/scroll blocks interleave their background and foreground with other"
          text run at (0,22) width 260: "overlapping blocks in the normal flow."
      RenderBlock {DIV} at (0,294) size 300x300 [bgcolor=#FFFF00]
        RenderText {#text} at (0,0) size 185x128
          text run at (0,0) width 180: "This text"
          text run at (0,64) width 185: "overlaps."
layer at (8,52) size 300x300 clip at (8,52) size 284x300 scrollHeight 1034
  RenderBlock {DIV} at (0,44) size 300x300 [bgcolor=#00FF00]
    RenderText {#text} at (0,0) size 79x22
      text run at (0,0) width 79: "Hello world"
    RenderBR {BR} at (79,16) size 0x0
    RenderText {#text} at (0,22) size 79x22
      text run at (0,22) width 79: "Hello world"
    RenderBR {BR} at (79,38) size 0x0
    RenderText {#text} at (0,44) size 79x22
      text run at (0,44) width 79: "Hello world"
    RenderBR {BR} at (79,60) size 0x0
    RenderText {#text} at (0,66) size 79x22
      text run at (0,66) width 79: "Hello world"
    RenderBR {BR} at (79,82) size 0x0
    RenderText {#text} at (0,88) size 79x22
      text run at (0,88) width 79: "Hello world"
    RenderBR {BR} at (79,104) size 0x0
    RenderText {#text} at (0,110) size 79x22
      text run at (0,110) width 79: "Hello world"
    RenderBR {BR} at (79,126) size 0x0
    RenderText {#text} at (0,132) size 79x22
      text run at (0,132) width 79: "Hello world"
    RenderBR {BR} at (79,148) size 0x0
    RenderText {#text} at (0,154) size 79x22
      text run at (0,154) width 79: "Hello world"
    RenderBR {BR} at (79,170) size 0x0
    RenderText {#text} at (0,176) size 79x22
      text run at (0,176) width 79: "Hello world"
    RenderBR {BR} at (79,192) size 0x0
    RenderText {#text} at (0,198) size 79x22
      text run at (0,198) width 79: "Hello world"
    RenderBR {BR} at (79,214) size 0x0
    RenderText {#text} at (0,220) size 79x22
      text run at (0,220) width 79: "Hello world"
    RenderBR {BR} at (79,236) size 0x0
    RenderText {#text} at (0,242) size 79x22
      text run at (0,242) width 79: "Hello world"
    RenderBR {BR} at (79,258) size 0x0
    RenderText {#text} at (0,264) size 79x22
      text run at (0,264) width 79: "Hello world"
    RenderBR {BR} at (79,280) size 0x0
    RenderText {#text} at (0,286) size 79x22
      text run at (0,286) width 79: "Hello world"
    RenderBR {BR} at (79,302) size 0x0
    RenderText {#text} at (0,308) size 79x22
      text run at (0,308) width 79: "Hello world"
    RenderBR {BR} at (79,324) size 0x0
    RenderText {#text} at (0,330) size 79x22
      text run at (0,330) width 79: "Hello world"
    RenderBR {BR} at (79,346) size 0x0
    RenderText {#text} at (0,352) size 79x22
      text run at (0,352) width 79: "Hello world"
    RenderBR {BR} at (79,368) size 0x0
    RenderText {#text} at (0,374) size 79x22
      text run at (0,374) width 79: "Hello world"
    RenderBR {BR} at (79,390) size 0x0
    RenderText {#text} at (0,396) size 79x22
      text run at (0,396) width 79: "Hello world"
    RenderBR {BR} at (79,412) size 0x0
    RenderText {#text} at (0,418) size 79x22
      text run at (0,418) width 79: "Hello world"
    RenderBR {BR} at (79,434) size 0x0
    RenderText {#text} at (0,440) size 79x22
      text run at (0,440) width 79: "Hello world"
    RenderBR {BR} at (79,456) size 0x0
    RenderText {#text} at (0,462) size 79x22
      text run at (0,462) width 79: "Hello world"
    RenderBR {BR} at (79,478) size 0x0
    RenderText {#text} at (0,484) size 79x22
      text run at (0,484) width 79: "Hello world"
    RenderBR {BR} at (79,500) size 0x0
    RenderText {#text} at (0,506) size 79x22
      text run at (0,506) width 79: "Hello world"
    RenderBR {BR} at (79,522) size 0x0
    RenderText {#text} at (0,528) size 79x22
      text run at (0,528) width 79: "Hello world"
    RenderBR {BR} at (79,544) size 0x0
    RenderText {#text} at (0,550) size 79x22
      text run at (0,550) width 79: "Hello world"
    RenderBR {BR} at (79,566) size 0x0
    RenderText {#text} at (0,572) size 79x22
      text run at (0,572) width 79: "Hello world"
    RenderBR {BR} at (79,588) size 0x0
    RenderText {#text} at (0,594) size 79x22
      text run at (0,594) width 79: "Hello world"
    RenderBR {BR} at (79,610) size 0x0
    RenderText {#text} at (0,616) size 79x22
      text run at (0,616) width 79: "Hello world"
    RenderBR {BR} at (79,632) size 0x0
    RenderText {#text} at (0,638) size 79x22
      text run at (0,638) width 79: "Hello world"
    RenderBR {BR} at (79,654) size 0x0
    RenderText {#text} at (0,660) size 79x22
      text run at (0,660) width 79: "Hello world"
    RenderBR {BR} at (79,676) size 0x0
    RenderText {#text} at (0,682) size 79x22
      text run at (0,682) width 79: "Hello world"
    RenderBR {BR} at (79,698) size 0x0
    RenderText {#text} at (0,704) size 79x22
      text run at (0,704) width 79: "Hello world"
    RenderBR {BR} at (79,720) size 0x0
    RenderText {#text} at (0,726) size 79x22
      text run at (0,726) width 79: "Hello world"
    RenderBR {BR} at (79,742) size 0x0
    RenderText {#text} at (0,748) size 79x22
      text run at (0,748) width 79: "Hello world"
    RenderBR {BR} at (79,764) size 0x0
    RenderText {#text} at (0,770) size 79x22
      text run at (0,770) width 79: "Hello world"
    RenderBR {BR} at (79,786) size 0x0
    RenderText {#text} at (0,792) size 79x22
      text run at (0,792) width 79: "Hello world"
    RenderBR {BR} at (79,808) size 0x0
    RenderText {#text} at (0,814) size 79x22
      text run at (0,814) width 79: "Hello world"
    RenderBR {BR} at (79,830) size 0x0
    RenderText {#text} at (0,836) size 79x22
      text run at (0,836) width 79: "Hello world"
    RenderBR {BR} at (79,852) size 0x0
    RenderText {#text} at (0,858) size 79x22
      text run at (0,858) width 79: "Hello world"
    RenderBR {BR} at (79,874) size 0x0
    RenderText {#text} at (0,880) size 79x22
      text run at (0,880) width 79: "Hello world"
    RenderBR {BR} at (79,896) size 0x0
    RenderText {#text} at (0,902) size 79x22
      text run at (0,902) width 79: "Hello world"
    RenderBR {BR} at (79,918) size 0x0
    RenderText {#text} at (0,924) size 79x22
      text run at (0,924) width 79: "Hello world"
    RenderBR {BR} at (79,940) size 0x0
    RenderText {#text} at (0,946) size 79x22
      text run at (0,946) width 79: "Hello world"
    RenderBR {BR} at (79,962) size 0x0
    RenderText {#text} at (0,968) size 79x22
      text run at (0,968) width 79: "Hello world"
    RenderBR {BR} at (79,984) size 0x0
    RenderText {#text} at (0,990) size 79x22
      text run at (0,990) width 79: "Hello world"
    RenderBR {BR} at (79,1006) size 0x0
    RenderText {#text} at (0,1012) size 79x22
      text run at (0,1012) width 79: "Hello world"
    RenderBR {BR} at (79,1028) size 0x0
