layer at (0,0) size 800x600
  RenderView at (0,0) size 800x600
layer at (0,0) size 800x301
  RenderBlock {HTML} at (0,0) size 800x301
    RenderBody {BODY} at (8,16) size 784x277
      RenderBlock {UL} at (0,0) size 784x63 [color=#000080]
        RenderListItem {LI} at (40,0) size 744x21
          RenderListMarker at (-18,0) size 7x21: bullet
          RenderText {#text} at (0,0) size 365x21
            text run at (0,0) width 365: "You should not see the background under the border."
        RenderListItem {LI} at (40,21) size 744x21
          RenderListMarker at (-18,0) size 7x21: bullet
          RenderText {#text} at (0,0) size 360x21
            text run at (0,0) width 360: "As you scroll the element below the cats should move."
        RenderListItem {LI} at (40,42) size 744x21
          RenderListMarker at (-18,0) size 7x21: bullet
          RenderText {#text} at (0,0) size 318x21
            text run at (0,0) width 318: "The cats should be on a light grey background."
layer at (8,95) size 390x198 clip at (38,125) size 314x138 scrollHeight 420
  RenderBlock {DIV} at (0,79) size 390x198 [bgcolor=#C0C0C0] [border: (30px dotted #000000)]
    RenderText {#text} at (30,30) size 32x420
      text run at (30,30) width 20: "   1"
      text run at (50,30) width 0: " "
      text run at (30,51) width 20: "   2"
      text run at (50,51) width 0: " "
      text run at (30,72) width 20: "   3"
      text run at (50,72) width 0: " "
      text run at (30,93) width 20: "   4"
      text run at (50,93) width 0: " "
      text run at (30,114) width 20: "   5"
      text run at (50,114) width 0: " "
      text run at (30,135) width 20: "   6"
      text run at (50,135) width 0: " "
      text run at (30,156) width 20: "   7"
      text run at (50,156) width 0: " "
      text run at (30,177) width 20: "   8"
      text run at (50,177) width 0: " "
      text run at (30,198) width 20: "   9"
      text run at (50,198) width 0: " "
      text run at (30,219) width 24: "  10"
      text run at (54,219) width 0: " "
      text run at (30,240) width 24: "  11"
      text run at (54,240) width 0: " "
      text run at (30,261) width 24: "  12"
      text run at (54,261) width 0: " "
      text run at (30,282) width 24: "  13"
      text run at (54,282) width 0: " "
      text run at (30,303) width 24: "  14"
      text run at (54,303) width 0: " "
      text run at (30,324) width 24: "  15"
      text run at (54,324) width 0: " "
      text run at (30,345) width 24: "  16"
      text run at (54,345) width 0: " "
      text run at (30,366) width 24: "  17"
      text run at (54,366) width 0: " "
      text run at (30,387) width 24: "  18"
      text run at (54,387) width 0: " "
      text run at (30,408) width 24: "  19"
      text run at (54,408) width 0: " "
      text run at (30,429) width 32: "  20  "
