layer at (0,0) size 800x600
  RenderView at (0,0) size 800x600
layer at (0,0) size 800x600
  RenderBlock {HTML} at (0,0) size 800x600
    RenderBody {BODY} at (8,8) size 784x584
      RenderBlock {P} at (0,0) size 784x44
        RenderText {#text} at (0,0) size 57x22
          text run at (0,0) width 57: "Test for "
        RenderInline {I} at (0,0) size 773x44
          RenderInline {A} at (0,0) size 304x22 [color=#0000EE]
            RenderText {#text} at (57,0) size 304x22
              text run at (57,0) width 304: "http://bugs.webkit.org/show_bug.cgi?id=16426"
          RenderText {#text} at (361,0) size 773x44
            text run at (361,0) width 4: " "
            text run at (365,0) width 408: "Divs with overflow:auto: scrollbars not correctly updated when"
            text run at (0,22) width 106: "contents change"
        RenderText {#text} at (106,22) size 4x22
          text run at (106,22) width 4: "."
      RenderBlock {P} at (0,60) size 784x22
        RenderText {#text} at (0,0) size 351x22
          text run at (0,0) width 351: "The thumb should be in the middle of the scroll bar."
layer at (8,106) size 200x200 clip at (8,106) size 184x200 scrollY 200 scrollHeight 600
  RenderBlock {DIV} at (0,98) size 200x200
    RenderBlock {DIV} at (0,0) size 184x600
