layer at (0,0) size 292x15248
  RenderView at (0,0) size 96x26
layer at (0,0) size 292x15248
  RenderBlock {HTML} at (0,0) size 96x15248
    RenderBody {BODY} at (8,8) size 80x15232 [bgcolor=#CCCCCC]
      RenderBlock {P} at (0,0) size 80x80
        RenderText {#text} at (0,0) size 77x80
          text run at (0,0) width 58: "The style"
          text run at (0,16) width 77: "declarations"
          text run at (0,32) width 74: "which apply"
          text run at (0,48) width 63: "to the text"
          text run at (0,64) width 64: "below are:"
      RenderBlock {PRE} at (0,94) size 80x864
        RenderText {#text} at (0,0) size 284x864
          text run at (0,0) width 152: "P.one {color: green; rotation: 70deg;}"
          text run at (152,0) width 0: " "
          text run at (0,16) width 88: "P.oneb {color: green;}"
          text run at (88,16) width 0: " "
          text run at (0,32) width 116: "P.oneb {color: invalidValue;}"
          text run at (116,32) width 0: " "
          text run at (0,48) width 136: "P.two {background-color: inherit;}"
          text run at (136,48) width 0: " "
          text run at (0,64) width 108: "H1 + P.three {color: blue;}"
          text run at (108,64) width 0: " "
          text run at (0,80) width 100: "P.four + H1 {color: red;}"
          text run at (100,80) width 0: " "
          text run at (0,96) width 132: "P.five {background-color: \"red\";}"
          text run at (132,96) width 0: " "
          text run at (0,112) width 204: "P.sixa {border-width: medium; border-style: solid;}"
          text run at (204,112) width 0: " "
          text run at (0,128) width 200: "P.sixb {border-width: funny; border-style: solid;}"
          text run at (200,128) width 0: " "
          text run at (0,144) width 196: "P.sixc {border-width: 50zu; border-style: solid;}"
          text run at (196,144) width 0: " "
          text run at (0,160) width 188: "P.sixd {border-width: px; border-style: solid;}"
          text run at (188,160) width 0: " "
          text run at (0,176) width 48: "@three-dee {"
          text run at (48,176) width 0: " "
          text run at (0,192) width 92: " @background-lighting {"
          text run at (92,192) width 0: " "
          text run at (0,208) width 68: "  azimuth: 30deg;"
          text run at (68,208) width 0: " "
          text run at (0,224) width 80: "  elevation: 190deg;"
          text run at (80,224) width 0: " "
          text run at (0,240) width 12: "  }"
          text run at (12,240) width 0: " "
          text run at (0,256) width 92: " P.seven { color: red }"
          text run at (92,256) width 0: " "
          text run at (0,272) width 8: " }"
          text run at (8,272) width 0: " "
          text run at (0,288) width 92: "P.eight {COLOR: GREEN;}"
          text run at (92,288) width 0: " "
          text run at (0,304) width 96: "OL:wait {color: maroon;}"
          text run at (96,304) width 0: " "
          text run at (0,320) width 136: "P.ten:first-child {color: maroon;}"
          text run at (136,320) width 0: " "
          text run at (0,336) width 104: "UL:lang(fr) {color: gray;}"
          text run at (104,336) width 0: " "
          text run at (0,352) width 124: "BLOCKQUOTE[href] {color: navy;}"
          text run at (124,352) width 0: " "
          text run at (0,368) width 144: "ACRONYM[href=\"foo\"] {color: purple;}"
          text run at (144,368) width 0: " "
          text run at (0,384) width 148: "ADDRESS[href~=\"foo\"] {color: purple;}"
          text run at (148,384) width 0: " "
          text run at (0,400) width 124: "SPAN[lang|=\"fr\"] {color: #c37;}"
          text run at (124,400) width 0: " "
          text run at (0,416) width 48: "@media tty {"
          text run at (48,416) width 0: " "
          text run at (0,432) width 68: " H1 {color: red;}"
          text run at (68,432) width 0: " "
          text run at (0,448) width 96: " P.sixteen {color: red;}"
          text run at (96,448) width 0: " "
          text run at (0,464) width 8: " }"
          text run at (8,464) width 0: " "
          text run at (0,480) width 48: "@three-dee {"
          text run at (48,480) width 0: " "
          text run at (0,496) width 104: " P.seventeen {color: red }"
          text run at (104,496) width 0: " "
          text run at (0,512) width 8: " }"
          text run at (8,512) width 0: " "
          text run at (0,528) width 284: "P.eighteena {text-decoration: underline overline line-through diagonal;"
          text run at (284,528) width 0: " "
          text run at (0,544) width 208: "            font: bold highlighted 100% sans-serif;}"
          text run at (208,544) width 0: " "
          text run at (0,560) width 284: "P.eighteenb {text-decoration: underline overline line-through diagonal;"
          text run at (284,560) width 0: " "
          text run at (0,576) width 188: "            font: bold highlighted 100% serif;}"
          text run at (188,576) width 0: " "
          text run at (0,592) width 192: "EM, P.nineteena ! EM, STRONG {font-size: 200%; }"
          text run at (192,592) width 0: " "
          text run at (0,608) width 0: " "
          text run at (0,624) width 64: "// UL.nineteenb,"
          text run at (64,624) width 0: " "
          text run at (0,640) width 100: "P.nineteenb {color: red;}"
          text run at (100,640) width 0: " "
          text run at (0,656) width 0: " "
          text run at (0,672) width 180: "P.twentya {rotation-code: \"}\"; color: blue;} "
          text run at (180,672) width 0: " "
          text run at (0,688) width 196: "P.twentyb {rotation-code: \"\\\"}\\\"\"; color: green;}"
          text run at (196,688) width 0: " "
          text run at (0,704) width 200: "P.twentyonea {rotation-code: '}'; color: purple;} "
          text run at (200,704) width 0: " "
          text run at (0,720) width 208: "P.twentyoneb {rotation-code: '\\'}\\''; color: green;}"
          text run at (208,720) width 0: " "
          text run at (0,736) width 52: "P.twentytwo {"
          text run at (52,736) width 0: " "
          text run at (0,752) width 188: " type-display: @threedee {rotation-code: '}';};"
          text run at (188,752) width 0: " "
          text run at (0,768) width 56: " color: green;"
          text run at (56,768) width 0: " "
          text run at (0,784) width 8: " }"
          text run at (8,784) width 0: " "
          text run at (0,800) width 140: "P.twentythree {text-indent: 0.5in;}"
          text run at (140,800) width 0: " "
          text run at (0,816) width 56: " color: maroon"
          text run at (56,816) width 0: " "
          text run at (0,832) width 104: "P.twentyfour {color: red;}"
          text run at (104,832) width 0: " "
          text run at (0,848) width 0: " "
      RenderBlock {HR} at (0,972) size 80x2 [border: (1px inset #000000)]
      RenderBlock {P} at (0,988) size 80x144 [color=#008000]
        RenderText {#text} at (0,0) size 66x144
          text run at (0,0) width 27: "This"
          text run at (0,16) width 66: "paragraph"
          text run at (0,32) width 60: "should be"
          text run at (0,48) width 40: "green,"
          text run at (0,64) width 52: "because"
          text run at (0,80) width 50: "only the"
          text run at (0,96) width 48: "rotation"
          text run at (0,112) width 60: "should be"
          text run at (0,128) width 51: "ignored."
      RenderBlock {P} at (0,1146) size 80x160 [color=#008000]
        RenderText {#text} at (0,0) size 77x160
          text run at (0,0) width 27: "This"
          text run at (0,16) width 66: "paragraph"
          text run at (0,32) width 60: "should be"
          text run at (0,48) width 77: "green, since"
          text run at (0,64) width 35: "error-"
          text run at (0,80) width 56: "checking"
          text run at (0,96) width 60: "should be"
          text run at (0,112) width 76: "done before"
          text run at (0,128) width 66: "calculating"
          text run at (0,144) width 64: "specificity."
      RenderBlock {P} at (0,1320) size 80x320
        RenderText {#text} at (0,0) size 76x144
          text run at (0,0) width 27: "This"
          text run at (0,16) width 66: "paragraph"
          text run at (0,32) width 76: "should have"
          text run at (0,48) width 73: "a solid gray"
          text run at (0,64) width 73: "background"
          text run at (0,80) width 67: "(or a white"
          text run at (0,96) width 32: "grid),"
          text run at (0,112) width 67: "because in"
          text run at (0,128) width 43: "CSS1, "
        RenderInline {CODE} at (0,0) size 28x16
          RenderText {#text} at (43,128) size 28x16
            text run at (43,128) width 28: "inherit"
        RenderText {#text} at (0,144) size 74x176
          text run at (0,144) width 74: "is an invalid"
          text run at (0,160) width 56: "keyword,"
          text run at (0,176) width 39: "and in"
          text run at (0,192) width 73: "CSS2, it will"
          text run at (0,208) width 61: "cause the"
          text run at (0,224) width 28: "gray"
          text run at (0,240) width 73: "background"
          text run at (0,256) width 49: "(not the"
          text run at (0,272) width 66: "white grid)"
          text run at (0,288) width 31: "to be"
          text run at (0,304) width 58: "inherited."
      RenderBlock {P} at (0,1654) size 80x160
        RenderText {#text} at (0,0) size 78x160
          text run at (0,0) width 27: "This"
          text run at (0,16) width 66: "paragraph"
          text run at (0,32) width 60: "should be"
          text run at (0,48) width 72: "black, since"
          text run at (0,64) width 78: "in CSS1, the"
          text run at (0,80) width 64: "selector is"
          text run at (0,96) width 71: "invalid, and"
          text run at (0,112) width 65: "in CSS2, it"
          text run at (0,128) width 55: "does not"
          text run at (0,144) width 37: "apply."
      RenderBlock {P} at (0,1828) size 80x160
        RenderText {#text} at (0,0) size 78x160
          text run at (0,0) width 27: "This"
          text run at (0,16) width 66: "paragraph"
          text run at (0,32) width 60: "should be"
          text run at (0,48) width 72: "black, since"
          text run at (0,64) width 78: "in CSS1, the"
          text run at (0,80) width 64: "selector is"
          text run at (0,96) width 71: "invalid, and"
          text run at (0,112) width 65: "in CSS2, it"
          text run at (0,128) width 55: "does not"
          text run at (0,144) width 37: "apply."
      RenderBlock {P} at (0,2002) size 80x144
        RenderText {#text} at (0,0) size 76x144
          text run at (0,0) width 27: "This"
          text run at (0,16) width 66: "paragraph"
          text run at (0,32) width 76: "should have"
          text run at (0,48) width 45: "a white"
          text run at (0,64) width 76: "background,"
          text run at (0,80) width 33: "since"
          text run at (0,96) width 60: "keywords"
          text run at (0,112) width 62: "cannot be"
          text run at (0,128) width 46: "quoted."
      RenderBlock {P} at (0,2160) size 80x310 [border: (3px solid #000000)]
        RenderText {#text} at (3,3) size 81x304
          text run at (3,3) width 27: "This"
          text run at (3,19) width 66: "paragraph"
          text run at (3,35) width 41: "should"
          text run at (3,51) width 43: "have a"
          text run at (3,67) width 52: "medium-"
          text run at (3,83) width 33: "width"
          text run at (3,99) width 41: "border"
          text run at (3,115) width 55: "around it"
          text run at (3,131) width 63: "(the same"
          text run at (3,147) width 70: "as the next"
          text run at (3,163) width 33: "three"
          text run at (3,179) width 81: "paragraphs)."
          text run at (3,195) width 72: "This should"
          text run at (3,211) width 61: "cause the"
          text run at (3,227) width 67: "user agent"
          text run at (3,243) width 62: "to use the"
          text run at (3,259) width 42: "default"
          text run at (3,275) width 49: "value of"
          text run at (3,291) width 57: "'medium'."
      RenderBlock {P} at (0,2484) size 80x406 [border: (3px solid #000000)]
        RenderText {#text} at (3,3) size 81x400
          text run at (3,3) width 27: "This"
          text run at (3,19) width 66: "paragraph"
          text run at (3,35) width 41: "should"
          text run at (3,51) width 43: "have a"
          text run at (3,67) width 52: "medium-"
          text run at (3,83) width 33: "width"
          text run at (3,99) width 41: "border"
          text run at (3,115) width 55: "around it"
          text run at (3,131) width 63: "(the same"
          text run at (3,147) width 39: "as the"
          text run at (3,163) width 53: "previous"
          text run at (3,179) width 48: "and the"
          text run at (3,195) width 53: "next two"
          text run at (3,211) width 81: "paragraphs),"
          text run at (3,227) width 52: "because"
          text run at (3,243) width 69: "the border-"
          text run at (3,259) width 47: "width is"
          text run at (3,275) width 47: "invalid. "
          text run at (50,275) width 27: "This"
          text run at (3,291) width 41: "should"
          text run at (3,307) width 61: "cause the"
          text run at (3,323) width 67: "user agent"
          text run at (3,339) width 62: "to use the"
          text run at (3,355) width 42: "default"
          text run at (3,371) width 49: "value of"
          text run at (3,387) width 57: "'medium'."
      RenderBlock {P} at (0,2904) size 80x502 [border: (3px solid #000000)]
        RenderText {#text} at (3,3) size 81x496
          text run at (3,3) width 27: "This"
          text run at (3,19) width 66: "paragraph"
          text run at (3,35) width 41: "should"
          text run at (3,51) width 43: "have a"
          text run at (3,67) width 52: "medium-"
          text run at (3,83) width 33: "width"
          text run at (3,99) width 41: "border"
          text run at (3,115) width 55: "around it"
          text run at (3,131) width 63: "(the same"
          text run at (3,147) width 70: "as the next"
          text run at (3,163) width 48: "and the"
          text run at (3,179) width 53: "previous"
          text run at (3,195) width 22: "two"
          text run at (3,211) width 81: "paragraphs),"
          text run at (3,227) width 52: "because"
          text run at (3,243) width 69: "the border-"
          text run at (3,259) width 66: "width units"
          text run at (3,275) width 68: "are invalid,"
          text run at (3,291) width 24: "and"
          text run at (3,307) width 58: "therefore"
          text run at (3,323) width 69: "the border-"
          text run at (3,339) width 33: "width"
          text run at (3,355) width 60: "should be"
          text run at (3,371) width 51: "ignored."
          text run at (3,387) width 72: "This should"
          text run at (3,403) width 61: "cause the"
          text run at (3,419) width 67: "user agent"
          text run at (3,435) width 62: "to use the"
          text run at (3,451) width 42: "default"
          text run at (3,467) width 49: "value of"
          text run at (3,483) width 57: "'medium'."
      RenderBlock {P} at (0,3420) size 80x486 [border: (3px solid #000000)]
        RenderText {#text} at (3,3) size 81x480
          text run at (3,3) width 27: "This"
          text run at (3,19) width 66: "paragraph"
          text run at (3,35) width 41: "should"
          text run at (3,51) width 43: "have a"
          text run at (3,67) width 52: "medium-"
          text run at (3,83) width 33: "width"
          text run at (3,99) width 41: "border"
          text run at (3,115) width 55: "around it"
          text run at (3,131) width 63: "(the same"
          text run at (3,147) width 39: "as the"
          text run at (3,163) width 53: "previous"
          text run at (3,179) width 33: "three"
          text run at (3,195) width 81: "paragraphs),"
          text run at (3,211) width 52: "because"
          text run at (3,227) width 69: "the border-"
          text run at (3,243) width 68: "width does"
          text run at (3,259) width 55: "not have"
          text run at (3,275) width 60: "any value"
          text run at (3,291) width 61: "to go with"
          text run at (3,307) width 47: "its pixel"
          text run at (3,323) width 67: "unit, and is"
          text run at (3,339) width 58: "therefore"
          text run at (3,355) width 47: "invalid. "
          text run at (50,355) width 27: "This"
          text run at (3,371) width 41: "should"
          text run at (3,387) width 61: "cause the"
          text run at (3,403) width 67: "user agent"
          text run at (3,419) width 62: "to use the"
          text run at (3,435) width 42: "default"
          text run at (3,451) width 49: "value of"
          text run at (3,467) width 57: "'medium'."
      RenderBlock {P} at (0,3920) size 80x176
        RenderText {#text} at (0,0) size 80x176
          text run at (0,0) width 27: "This"
          text run at (0,16) width 66: "paragraph"
          text run at (0,32) width 60: "should be"
          text run at (0,48) width 35: "black,"
          text run at (0,64) width 76: "because the"
          text run at (0,80) width 29: "style"
          text run at (0,96) width 70: "declaration"
          text run at (0,112) width 73: "that applies"
          text run at (0,128) width 77: "to it is within"
          text run at (0,144) width 80: "an invalid at-"
          text run at (0,160) width 26: "rule."
      RenderBlock {P} at (0,4110) size 80x272 [color=#008000]
        RenderText {#text} at (0,0) size 72x272
          text run at (0,0) width 27: "This"
          text run at (0,16) width 66: "paragraph"
          text run at (0,32) width 60: "should be"
          text run at (0,48) width 44: "green. "
          text run at (44,48) width 28: "CSS"
          text run at (0,64) width 48: "is case-"
          text run at (0,80) width 69: "insensitive,"
          text run at (0,96) width 40: "unless"
          text run at (0,112) width 68: "required to"
          text run at (0,128) width 49: "be case"
          text run at (0,144) width 55: "sensitive"
          text run at (0,160) width 39: "due to"
          text run at (0,176) width 66: "interaction"
          text run at (0,192) width 62: "with other"
          text run at (0,208) width 63: "standards"
          text run at (0,224) width 58: "(e.g., font"
          text run at (0,240) width 59: "names or"
          text run at (0,256) width 43: "URLs.)"
      RenderBlock {OL} at (0,4396) size 80x256
        RenderListItem {LI} at (40,0) size 40x256
          RenderListMarker at (-19,0) size 15x16: "1"
          RenderText {#text} at (0,0) size 70x256
            text run at (0,0) width 27: "This"
            text run at (0,16) width 50: "ordered"
            text run at (0,32) width 17: "list"
            text run at (0,48) width 26: "item"
            text run at (0,64) width 41: "should"
            text run at (0,80) width 15: "be"
            text run at (0,96) width 35: "black,"
            text run at (0,112) width 52: "because"
            text run at (0,128) width 20: "the"
            text run at (0,144) width 70: "declaration"
            text run at (0,160) width 23: "has"
            text run at (0,176) width 16: "an"
            text run at (0,192) width 40: "invalid"
            text run at (0,208) width 50: "pseudo-"
            text run at (0,224) width 32: "class"
            text run at (0,240) width 53: "selector."
      RenderBlock {P} at (0,4666) size 80x224
        RenderText {#text} at (0,0) size 80x224
          text run at (0,0) width 27: "This"
          text run at (0,16) width 66: "paragraph"
          text run at (0,32) width 60: "should be"
          text run at (0,48) width 35: "black,"
          text run at (0,64) width 70: "because, in"
          text run at (0,80) width 73: "CSS1, :first-"
          text run at (0,96) width 63: "child is an"
          text run at (0,112) width 40: "invalid"
          text run at (0,128) width 50: "pseudo-"
          text run at (0,144) width 78: "class, and in"
          text run at (0,160) width 65: "CSS2, this"
          text run at (0,176) width 80: "paragraph is"
          text run at (0,192) width 71: "not the first"
          text run at (0,208) width 32: "child."
      RenderBlock {UL} at (0,4904) size 80x384
        RenderListItem {LI} at (40,0) size 40x384
          RenderListMarker at (-16,0) size 6x16: bullet
          RenderText {#text} at (0,0) size 65x384
            text run at (0,0) width 27: "This"
            text run at (0,16) width 65: "unordered"
            text run at (0,32) width 17: "list"
            text run at (0,48) width 26: "item"
            text run at (0,64) width 41: "should"
            text run at (0,80) width 15: "be"
            text run at (0,96) width 35: "black,"
            text run at (0,112) width 55: "because,"
            text run at (0,128) width 62: "according"
            text run at (0,144) width 12: "to"
            text run at (0,160) width 39: "CSS1,"
            text run at (0,176) width 20: "the"
            text run at (0,192) width 50: "selector"
            text run at (0,208) width 10: "is"
            text run at (0,224) width 43: "invalid,"
            text run at (0,240) width 24: "and"
            text run at (0,256) width 62: "according"
            text run at (0,272) width 12: "to"
            text run at (0,288) width 39: "CSS2,"
            text run at (0,304) width 20: "the"
            text run at (0,320) width 50: "selector"
            text run at (0,336) width 41: "should"
            text run at (0,352) width 20: "not"
            text run at (0,368) width 37: "apply."
      RenderBlock {BLOCKQUOTE} at (40,5302) size 0x352
        RenderText {#text} at (0,0) size 67x352
          text run at (0,0) width 27: "This"
          text run at (0,16) width 67: "blockquote"
          text run at (0,32) width 41: "should"
          text run at (0,48) width 15: "be"
          text run at (0,64) width 35: "black,"
          text run at (0,80) width 55: "because,"
          text run at (0,96) width 62: "according"
          text run at (0,112) width 12: "to"
          text run at (0,128) width 39: "CSS1,"
          text run at (0,144) width 20: "the"
          text run at (0,160) width 50: "selector"
          text run at (0,176) width 10: "is"
          text run at (0,192) width 43: "invalid,"
          text run at (0,208) width 24: "and"
          text run at (0,224) width 62: "according"
          text run at (0,240) width 12: "to"
          text run at (0,256) width 39: "CSS2,"
          text run at (0,272) width 20: "the"
          text run at (0,288) width 50: "selector"
          text run at (0,304) width 41: "should"
          text run at (0,320) width 20: "not"
          text run at (0,336) width 37: "apply."
      RenderBlock {P} at (0,5668) size 80x224
        RenderInline {ACRONYM} at (0,0) size 78x224
          RenderText {#text} at (0,0) size 78x224
            text run at (0,0) width 27: "This"
            text run at (0,16) width 54: "acronym"
            text run at (0,32) width 60: "should be"
            text run at (0,48) width 35: "black,"
            text run at (0,64) width 55: "because,"
            text run at (0,80) width 78: "according to"
            text run at (0,96) width 63: "CSS1, the"
            text run at (0,112) width 64: "selector is"
            text run at (0,128) width 71: "invalid, and"
            text run at (0,144) width 78: "according to"
            text run at (0,160) width 63: "CSS2, the"
            text run at (0,176) width 50: "selector"
            text run at (0,192) width 65: "should not"
            text run at (0,208) width 37: "apply."
      RenderBlock {ADDRESS} at (0,5906) size 80x224
        RenderText {#text} at (0,0) size 78x224
          text run at (0,0) width 27: "This"
          text run at (0,16) width 51: "address"
          text run at (0,32) width 60: "should be"
          text run at (0,48) width 35: "black,"
          text run at (0,64) width 55: "because,"
          text run at (0,80) width 78: "according to"
          text run at (0,96) width 63: "CSS1, the"
          text run at (0,112) width 64: "selector is"
          text run at (0,128) width 71: "invalid, and"
          text run at (0,144) width 78: "according to"
          text run at (0,160) width 63: "CSS2, the"
          text run at (0,176) width 50: "selector"
          text run at (0,192) width 65: "should not"
          text run at (0,208) width 37: "apply."
      RenderBlock {P} at (0,6144) size 80x208
        RenderInline {SPAN} at (0,0) size 78x208
          RenderText {#text} at (0,0) size 78x208
            text run at (0,0) width 62: "This span"
            text run at (0,16) width 60: "should be"
            text run at (0,32) width 35: "black,"
            text run at (0,48) width 55: "because,"
            text run at (0,64) width 78: "according to"
            text run at (0,80) width 63: "CSS1, the"
            text run at (0,96) width 64: "selector is"
            text run at (0,112) width 71: "invalid, and"
            text run at (0,128) width 78: "according to"
            text run at (0,144) width 63: "CSS2, the"
            text run at (0,160) width 50: "selector"
            text run at (0,176) width 65: "should not"
            text run at (0,192) width 37: "apply."
      RenderBlock {P} at (0,6366) size 80x352
        RenderText {#text} at (0,0) size 80x352
          text run at (0,0) width 27: "This"
          text run at (0,16) width 66: "paragraph"
          text run at (0,32) width 60: "should be"
          text run at (0,48) width 35: "black,"
          text run at (0,64) width 76: "because the"
          text run at (0,80) width 29: "style"
          text run at (0,96) width 70: "declaration"
          text run at (0,112) width 73: "that applies"
          text run at (0,128) width 77: "to it is within"
          text run at (0,144) width 80: "an invalid at-"
          text run at (0,160) width 26: "rule."
          text run at (0,176) width 70: "However, it"
          text run at (0,192) width 58: "is valid in"
          text run at (0,208) width 69: "CSS2, so if"
          text run at (0,224) width 74: "this is being"
          text run at (0,240) width 76: "viewed on a"
          text run at (0,256) width 69: "tty browser"
          text run at (0,272) width 24: "that"
          text run at (0,288) width 54: "supports"
          text run at (0,304) width 50: "CSS2, it"
          text run at (0,320) width 60: "should be"
          text run at (0,336) width 24: "red."
      RenderBlock {P} at (0,6732) size 80x176
        RenderText {#text} at (0,0) size 80x176
          text run at (0,0) width 27: "This"
          text run at (0,16) width 66: "paragraph"
          text run at (0,32) width 60: "should be"
          text run at (0,48) width 35: "black,"
          text run at (0,64) width 76: "because the"
          text run at (0,80) width 29: "style"
          text run at (0,96) width 70: "declaration"
          text run at (0,112) width 73: "that applies"
          text run at (0,128) width 77: "to it is within"
          text run at (0,144) width 80: "an invalid at-"
          text run at (0,160) width 26: "rule."
      RenderBlock {P} at (0,6922) size 80x656
        RenderText {#text} at (0,0) size 76x192
          text run at (0,0) width 68: "The text of"
          text run at (0,16) width 22: "this"
          text run at (0,32) width 66: "paragraph"
          text run at (0,48) width 60: "should be"
          text run at (0,64) width 76: "normal (that"
          text run at (0,80) width 69: "is, it should"
          text run at (0,96) width 39: "not be"
          text run at (0,112) width 69: "underlined,"
          text run at (0,128) width 61: "overlined,"
          text run at (0,144) width 69: "stricken, or"
          text run at (0,160) width 34: "bold),"
          text run at (0,176) width 52: "because"
        RenderInline {CODE} at (0,0) size 32x16
          RenderText {#text} at (0,192) size 32x16
            text run at (0,192) width 32: "diagonal"
        RenderText {#text} at (32,192) size 70x64
          text run at (32,192) width 38: " is not"
          text run at (0,208) width 41: "a valid"
          text run at (0,224) width 56: "keyword,"
          text run at (0,240) width 69: "making the"
        RenderInline {CODE} at (0,0) size 60x16
          RenderText {#text} at (0,256) size 60x16
            text run at (0,256) width 60: "text-decoration"
        RenderText {#text} at (0,272) size 59x32
          text run at (0,272) width 47: "invalid. "
          text run at (47,272) width 12: "In"
          text run at (0,288) width 53: "addition,"
        RenderInline {CODE} at (0,0) size 44x16
          RenderText {#text} at (0,304) size 44x16
            text run at (0,304) width 44: "highlighted"
        RenderText {#text} at (44,304) size 65x48
          text run at (44,304) width 14: " is"
          text run at (0,320) width 65: "not a valid"
          text run at (0,336) width 65: "part of the"
        RenderInline {CODE} at (0,0) size 16x16
          RenderText {#text} at (0,352) size 16x16
            text run at (0,352) width 16: "font"
        RenderText {#text} at (16,352) size 76x240
          text run at (16,352) width 60: " property,"
          text run at (0,368) width 56: "making it"
          text run at (0,384) width 43: "invalid."
          text run at (0,400) width 66: "Therefore,"
          text run at (0,416) width 22: "this"
          text run at (0,432) width 76: "paragraph's"
          text run at (0,448) width 69: "font should"
          text run at (0,464) width 62: "be the UA"
          text run at (0,480) width 73: "default, and"
          text run at (0,496) width 62: "match the"
          text run at (0,512) width 27: "next"
          text run at (0,528) width 69: "paragraph."
          text run at (0,544) width 72: "If this is not"
          text run at (0,560) width 57: "the case,"
          text run at (0,576) width 56: "then the "
        RenderInline {CODE} at (0,0) size 16x16
          RenderText {#text} at (56,576) size 16x16
            text run at (56,576) width 16: "font"
        RenderText {#text} at (0,592) size 70x64
          text run at (0,592) width 70: "declaration"
          text run at (0,608) width 48: "is being"
          text run at (0,624) width 66: "improperly"
          text run at (0,640) width 47: "parsed."
      RenderBlock {P} at (0,7592) size 80x656
        RenderText {#text} at (0,0) size 76x192
          text run at (0,0) width 68: "The text of"
          text run at (0,16) width 22: "this"
          text run at (0,32) width 66: "paragraph"
          text run at (0,48) width 60: "should be"
          text run at (0,64) width 76: "normal (that"
          text run at (0,80) width 69: "is, it should"
          text run at (0,96) width 39: "not be"
          text run at (0,112) width 69: "underlined,"
          text run at (0,128) width 61: "overlined,"
          text run at (0,144) width 69: "stricken, or"
          text run at (0,160) width 34: "bold),"
          text run at (0,176) width 52: "because"
        RenderInline {CODE} at (0,0) size 32x16
          RenderText {#text} at (0,192) size 32x16
            text run at (0,192) width 32: "diagonal"
        RenderText {#text} at (32,192) size 70x64
          text run at (32,192) width 38: " is not"
          text run at (0,208) width 41: "a valid"
          text run at (0,224) width 56: "keyword,"
          text run at (0,240) width 69: "making the"
        RenderInline {CODE} at (0,0) size 60x16
          RenderText {#text} at (0,256) size 60x16
            text run at (0,256) width 60: "text-decoration"
        RenderText {#text} at (0,272) size 59x32
          text run at (0,272) width 47: "invalid. "
          text run at (47,272) width 12: "In"
          text run at (0,288) width 53: "addition,"
        RenderInline {CODE} at (0,0) size 44x16
          RenderText {#text} at (0,304) size 44x16
            text run at (0,304) width 44: "highlighted"
        RenderText {#text} at (44,304) size 65x48
          text run at (44,304) width 14: " is"
          text run at (0,320) width 65: "not a valid"
          text run at (0,336) width 65: "part of the"
        RenderInline {CODE} at (0,0) size 16x16
          RenderText {#text} at (0,352) size 16x16
            text run at (0,352) width 16: "font"
        RenderText {#text} at (16,352) size 76x240
          text run at (16,352) width 60: " property,"
          text run at (0,368) width 56: "making it"
          text run at (0,384) width 43: "invalid."
          text run at (0,400) width 66: "Therefore,"
          text run at (0,416) width 22: "this"
          text run at (0,432) width 76: "paragraph's"
          text run at (0,448) width 69: "font should"
          text run at (0,464) width 62: "be the UA"
          text run at (0,480) width 73: "default, and"
          text run at (0,496) width 62: "match the"
          text run at (0,512) width 53: "previous"
          text run at (0,528) width 69: "paragraph."
          text run at (0,544) width 72: "If this is not"
          text run at (0,560) width 57: "the case,"
          text run at (0,576) width 56: "then the "
        RenderInline {CODE} at (0,0) size 16x16
          RenderText {#text} at (56,576) size 16x16
            text run at (56,576) width 16: "font"
        RenderText {#text} at (0,592) size 70x64
          text run at (0,592) width 70: "declaration"
          text run at (0,608) width 48: "is being"
          text run at (0,624) width 66: "improperly"
          text run at (0,640) width 47: "parsed."
      RenderBlock {P} at (0,8262) size 80x496
        RenderText {#text} at (0,0) size 76x128
          text run at (0,0) width 68: "The text of"
          text run at (0,16) width 22: "this"
          text run at (0,32) width 66: "paragraph"
          text run at (0,48) width 60: "should be"
          text run at (0,64) width 72: "normal size"
          text run at (0,80) width 76: "because the"
          text run at (0,96) width 64: "selector is"
          text run at (0,112) width 47: "invalid. "
          text run at (47,112) width 25: "The"
        RenderInline {EM} at (0,0) size 76x32
          RenderText {#text} at (0,128) size 76x32
            text run at (0,128) width 76: "emphasized"
            text run at (0,144) width 23: "text"
        RenderText {#text} at (23,144) size 52x16
          text run at (23,144) width 52: " and the"
        RenderInline {STRONG} at (0,0) size 75x16
          RenderText {#text} at (0,160) size 75x16
            text run at (0,160) width 75: "strong text"
        RenderText {#text} at (0,176) size 78x320
          text run at (0,176) width 47: "within it"
          text run at (0,192) width 71: "should also"
          text run at (0,208) width 62: "be normal"
          text run at (0,224) width 65: "size, since"
          text run at (0,240) width 60: "the entire"
          text run at (0,256) width 42: "ruleset"
          text run at (0,272) width 60: "should be"
          text run at (0,288) width 49: "skipped"
          text run at (0,304) width 53: "(since in"
          text run at (0,320) width 73: "some future"
          text run at (0,336) width 62: "version of"
          text run at (0,352) width 68: "CSS, there"
          text run at (0,368) width 72: "could be an"
          text run at (0,384) width 54: "operator"
          text run at (0,400) width 60: "within the"
          text run at (0,416) width 78: "selector that"
          text run at (0,432) width 67: "has higher"
          text run at (0,448) width 75: "precedence"
          text run at (0,464) width 40: "than a"
          text run at (0,480) width 53: "comma)."
      RenderBlock {P} at (0,8772) size 80x256
        RenderText {#text} at (0,0) size 76x144
          text run at (0,0) width 27: "This"
          text run at (0,16) width 66: "paragraph"
          text run at (0,32) width 60: "should be"
          text run at (0,48) width 35: "black,"
          text run at (0,64) width 76: "because the"
          text run at (0,80) width 66: "line before"
          text run at (0,96) width 20: "the"
          text run at (0,112) width 70: "declaration"
          text run at (0,128) width 14: "is "
        RenderInline {STRONG} at (0,0) size 23x16
          RenderText {#text} at (14,128) size 23x16
            text run at (14,128) width 23: "not"
        RenderText {#text} at (37,128) size 74x128
          text run at (37,128) width 12: " a"
          text run at (0,144) width 57: "comment"
          text run at (0,160) width 24: "and"
          text run at (0,176) width 58: "therefore"
          text run at (0,192) width 74: "the selector"
          text run at (0,208) width 17: "for"
          text run at (0,224) width 74: "P.nineteenb"
          text run at (0,240) width 57: "is invalid."
      RenderBlock {P} at (0,9042) size 80x128 [color=#0000FF]
        RenderText {#text} at (0,0) size 77x128
          text run at (0,0) width 27: "This"
          text run at (0,16) width 66: "paragraph"
          text run at (0,32) width 60: "should be"
          text run at (0,48) width 28: "blue,"
          text run at (0,64) width 52: "because"
          text run at (0,80) width 77: "only the first"
          text run at (0,96) width 70: "declaration"
          text run at (0,112) width 57: "is invalid."
      RenderBlock {P} at (0,9184) size 80x128 [color=#008000]
        RenderText {#text} at (0,0) size 77x128
          text run at (0,0) width 27: "This"
          text run at (0,16) width 66: "paragraph"
          text run at (0,32) width 60: "should be"
          text run at (0,48) width 40: "green,"
          text run at (0,64) width 52: "because"
          text run at (0,80) width 77: "only the first"
          text run at (0,96) width 70: "declaration"
          text run at (0,112) width 57: "is invalid."
      RenderBlock {P} at (0,9326) size 80x128 [color=#800080]
        RenderText {#text} at (0,0) size 77x128
          text run at (0,0) width 27: "This"
          text run at (0,16) width 66: "paragraph"
          text run at (0,32) width 60: "should be"
          text run at (0,48) width 42: "purple,"
          text run at (0,64) width 52: "because"
          text run at (0,80) width 77: "only the first"
          text run at (0,96) width 70: "declaration"
          text run at (0,112) width 57: "is invalid."
      RenderBlock {P} at (0,9468) size 80x128 [color=#008000]
        RenderText {#text} at (0,0) size 77x128
          text run at (0,0) width 27: "This"
          text run at (0,16) width 66: "paragraph"
          text run at (0,32) width 60: "should be"
          text run at (0,48) width 40: "green,"
          text run at (0,64) width 52: "because"
          text run at (0,80) width 77: "only the first"
          text run at (0,96) width 70: "declaration"
          text run at (0,112) width 57: "is invalid."
      RenderBlock {P} at (0,9610) size 80x128 [color=#008000]
        RenderText {#text} at (0,0) size 77x128
          text run at (0,0) width 27: "This"
          text run at (0,16) width 66: "paragraph"
          text run at (0,32) width 60: "should be"
          text run at (0,48) width 40: "green,"
          text run at (0,64) width 52: "because"
          text run at (0,80) width 77: "only the first"
          text run at (0,96) width 70: "declaration"
          text run at (0,112) width 57: "is invalid."
      RenderBlock {P} at (0,9752) size 80x160
        RenderText {#text} at (48,0) size 76x160
          text run at (48,0) width 27: "This"
          text run at (0,16) width 66: "paragraph"
          text run at (0,32) width 60: "should be"
          text run at (0,48) width 55: "indented"
          text run at (0,64) width 76: "half an inch,"
          text run at (0,80) width 74: "but it should"
          text run at (0,96) width 39: "not be"
          text run at (0,112) width 55: "maroon. "
          text run at (55,112) width 8: "It"
          text run at (0,128) width 60: "should be"
          text run at (0,144) width 35: "black."
      RenderBlock {P} at (0,9926) size 80x368
        RenderText {#text} at (0,0) size 78x368
          text run at (0,0) width 27: "This"
          text run at (0,16) width 66: "paragraph"
          text run at (0,32) width 60: "should be"
          text run at (0,48) width 35: "black,"
          text run at (0,64) width 76: "because the"
          text run at (0,80) width 31: "color"
          text run at (0,96) width 70: "declaration"
          text run at (0,112) width 53: "after the"
          text run at (0,128) width 53: "previous"
          text run at (0,144) width 42: "ruleset"
          text run at (0,160) width 60: "should be"
          text run at (0,176) width 70: "considered"
          text run at (0,192) width 65: "part of the"
          text run at (0,208) width 71: "selector for"
          text run at (0,224) width 71: "this ruleset,"
          text run at (0,240) width 50: "and this"
          text run at (0,256) width 42: "ruleset"
          text run at (0,272) width 58: "therefore"
          text run at (0,288) width 43: "has an"
          text run at (0,304) width 40: "invalid"
          text run at (0,320) width 78: "selector and"
          text run at (0,336) width 65: "should not"
          text run at (0,352) width 68: "be applied."
      RenderTable {TABLE} at (0,10308) size 169x4924 [border: (1px outset #808080)]
        RenderTableSection {TBODY} at (1,1) size 167x4922
          RenderTableRow {TR} at (0,0) size 167x24
            RenderTableCell {TD} at (0,0) size 167x24 [bgcolor=#C0C0C0] [border: (1px inset #808080)] [r=0 c=0 rs=1 cs=2]
              RenderInline {STRONG} at (0,0) size 157x16
                RenderText {#text} at (4,4) size 157x16
                  text run at (4,4) width 157: "TABLE Testing Section"
          RenderTableRow {TR} at (0,24) size 167x4898
            RenderTableCell {TD} at (0,2461) size 12x24 [bgcolor=#C0C0C0] [border: (1px inset #808080)] [r=1 c=0 rs=1 cs=1]
              RenderText {#text} at (4,4) size 4x16
                text run at (4,4) width 4: " "
            RenderTableCell {TD} at (12,24) size 155x4898 [border: (1px inset #808080)] [r=1 c=1 rs=1 cs=1]
              RenderBlock {P} at (4,4) size 147x64 [color=#008000]
                RenderText {#text} at (0,0) size 145x64
                  text run at (0,0) width 142: "This paragraph should"
                  text run at (0,16) width 145: "be green, because only"
                  text run at (0,32) width 136: "the rotation should be"
                  text run at (0,48) width 51: "ignored."
              RenderBlock {P} at (4,82) size 147x80 [color=#008000]
                RenderText {#text} at (0,0) size 146x80
                  text run at (0,0) width 142: "This paragraph should"
                  text run at (0,16) width 135: "be green, since error-"
                  text run at (0,32) width 120: "checking should be"
                  text run at (0,48) width 146: "done before calculating"
                  text run at (0,64) width 64: "specificity."
              RenderBlock {P} at (4,176) size 147x160
                RenderText {#text} at (0,0) size 146x64
                  text run at (0,0) width 142: "This paragraph should"
                  text run at (0,16) width 108: "have a solid gray"
                  text run at (0,32) width 144: "background (or a white"
                  text run at (0,48) width 146: "grid), because in CSS1,"
                RenderInline {CODE} at (0,0) size 28x16
                  RenderText {#text} at (0,64) size 28x16
                    text run at (0,64) width 28: "inherit"
                RenderText {#text} at (28,64) size 142x96
                  text run at (28,64) width 78: " is an invalid"
                  text run at (0,80) width 142: "keyword, and in CSS2,"
                  text run at (0,96) width 127: "it will cause the gray"
                  text run at (0,112) width 126: "background (not the"
                  text run at (0,128) width 101: "white grid) to be"
                  text run at (0,144) width 58: "inherited."
              RenderBlock {P} at (4,350) size 147x80
                RenderText {#text} at (0,0) size 142x80
                  text run at (0,0) width 142: "This paragraph should"
                  text run at (0,16) width 106: "be black, since in"
                  text run at (0,32) width 131: "CSS1, the selector is"
                  text run at (0,48) width 140: "invalid, and in CSS2, it"
                  text run at (0,64) width 96: "does not apply."
              RenderBlock {P} at (4,444) size 147x80
                RenderText {#text} at (0,0) size 142x80
                  text run at (0,0) width 142: "This paragraph should"
                  text run at (0,16) width 106: "be black, since in"
                  text run at (0,32) width 131: "CSS1, the selector is"
                  text run at (0,48) width 140: "invalid, and in CSS2, it"
                  text run at (0,64) width 96: "does not apply."
              RenderBlock {P} at (4,538) size 147x80
                RenderText {#text} at (0,0) size 142x80
                  text run at (0,0) width 142: "This paragraph should"
                  text run at (0,16) width 80: "have a white"
                  text run at (0,32) width 113: "background, since"
                  text run at (0,48) width 126: "keywords cannot be"
                  text run at (0,64) width 46: "quoted."
              RenderBlock {P} at (4,632) size 147x166 [border: (3px solid #000000)]
                RenderText {#text} at (3,3) size 141x160
                  text run at (3,3) width 97: "This paragraph"
                  text run at (3,19) width 88: "should have a"
                  text run at (3,35) width 130: "medium-width border"
                  text run at (3,51) width 141: "around it (the same as"
                  text run at (3,67) width 88: "the next three"
                  text run at (3,83) width 85: "paragraphs). "
                  text run at (88,83) width 27: "This"
                  text run at (3,99) width 137: "should cause the user"
                  text run at (3,115) width 102: "agent to use the"
                  text run at (3,131) width 95: "default value of"
                  text run at (3,147) width 57: "'medium'."
              RenderBlock {P} at (4,812) size 147x198 [border: (3px solid #000000)]
                RenderText {#text} at (3,3) size 141x192
                  text run at (3,3) width 97: "This paragraph"
                  text run at (3,19) width 88: "should have a"
                  text run at (3,35) width 130: "medium-width border"
                  text run at (3,51) width 141: "around it (the same as"
                  text run at (3,67) width 129: "the previous and the"
                  text run at (3,83) width 138: "next two paragraphs),"
                  text run at (3,99) width 125: "because the border-"
                  text run at (3,115) width 98: "width is invalid. "
                  text run at (101,115) width 27: "This"
                  text run at (3,131) width 137: "should cause the user"
                  text run at (3,147) width 102: "agent to use the"
                  text run at (3,163) width 95: "default value of"
                  text run at (3,179) width 57: "'medium'."
              RenderBlock {P} at (4,1024) size 147x246 [border: (3px solid #000000)]
                RenderText {#text} at (3,3) size 141x240
                  text run at (3,3) width 97: "This paragraph"
                  text run at (3,19) width 88: "should have a"
                  text run at (3,35) width 130: "medium-width border"
                  text run at (3,51) width 141: "around it (the same as"
                  text run at (3,67) width 103: "the next and the"
                  text run at (3,83) width 79: "previous two"
                  text run at (3,99) width 137: "paragraphs), because"
                  text run at (3,115) width 135: "the border-width units"
                  text run at (3,131) width 96: "are invalid, and"
                  text run at (3,147) width 131: "therefore the border-"
                  text run at (3,163) width 97: "width should be"
                  text run at (3,179) width 55: "ignored. "
                  text run at (58,179) width 72: "This should"
                  text run at (3,195) width 132: "cause the user agent"
                  text run at (3,211) width 108: "to use the default"
                  text run at (3,227) width 110: "value of 'medium'."
              RenderBlock {P} at (4,1284) size 147x230 [border: (3px solid #000000)]
                RenderText {#text} at (3,3) size 141x224
                  text run at (3,3) width 97: "This paragraph"
                  text run at (3,19) width 88: "should have a"
                  text run at (3,35) width 130: "medium-width border"
                  text run at (3,51) width 141: "around it (the same as"
                  text run at (3,67) width 114: "the previous three"
                  text run at (3,83) width 137: "paragraphs), because"
                  text run at (3,99) width 137: "the border-width does"
                  text run at (3,115) width 135: "not have any value to"
                  text run at (3,131) width 125: "go with its pixel unit,"
                  text run at (3,147) width 100: "and is therefore"
                  text run at (3,163) width 47: "invalid. "
                  text run at (50,163) width 72: "This should"
                  text run at (3,179) width 132: "cause the user agent"
                  text run at (3,195) width 108: "to use the default"
                  text run at (3,211) width 110: "value of 'medium'."
              RenderBlock {P} at (4,1528) size 147x80
                RenderText {#text} at (0,0) size 146x80
                  text run at (0,0) width 142: "This paragraph should"
                  text run at (0,16) width 134: "be black, because the"
                  text run at (0,32) width 131: "style declaration that"
                  text run at (0,48) width 146: "applies to it is within an"
                  text run at (0,64) width 86: "invalid at-rule."
              RenderBlock {P} at (4,1622) size 147x128 [color=#008000]
                RenderText {#text} at (0,0) size 143x128
                  text run at (0,0) width 142: "This paragraph should"
                  text run at (0,16) width 63: "be green. "
                  text run at (63,16) width 80: "CSS is case-"
                  text run at (0,32) width 113: "insensitive, unless"
                  text run at (0,48) width 121: "required to be case"
                  text run at (0,64) width 98: "sensitive due to"
                  text run at (0,80) width 132: "interaction with other"
                  text run at (0,96) width 125: "standards (e.g., font"
                  text run at (0,112) width 106: "names or URLs.)"
              RenderBlock {OL} at (4,1764) size 147x112
                RenderListItem {LI} at (40,0) size 107x112
                  RenderListMarker at (-19,0) size 15x16: "1"
                  RenderText {#text} at (0,0) size 102x112
                    text run at (0,0) width 102: "This ordered list"
                    text run at (0,16) width 90: "item should be"
                    text run at (0,32) width 91: "black, because"
                    text run at (0,48) width 94: "the declaration"
                    text run at (0,64) width 87: "has an invalid"
                    text run at (0,80) width 82: "pseudo-class"
                    text run at (0,96) width 53: "selector."
              RenderBlock {P} at (4,1890) size 147x112
                RenderText {#text} at (0,0) size 142x112
                  text run at (0,0) width 142: "This paragraph should"
                  text run at (0,16) width 128: "be black, because, in"
                  text run at (0,32) width 136: "CSS1, :first-child is an"
                  text run at (0,48) width 129: "invalid pseudo-class,"
                  text run at (0,64) width 108: "and in CSS2, this"
                  text run at (0,80) width 128: "paragraph is not the"
                  text run at (0,96) width 59: "first child."
              RenderBlock {UL} at (4,2016) size 147x192
                RenderListItem {LI} at (40,0) size 107x192
                  RenderListMarker at (-16,0) size 6x16: bullet
                  RenderText {#text} at (0,0) size 96x192
                    text run at (0,0) width 96: "This unordered"
                    text run at (0,16) width 92: "list item should"
                    text run at (0,32) width 54: "be black,"
                    text run at (0,48) width 55: "because,"
                    text run at (0,64) width 78: "according to"
                    text run at (0,80) width 63: "CSS1, the"
                    text run at (0,96) width 64: "selector is"
                    text run at (0,112) width 71: "invalid, and"
                    text run at (0,128) width 78: "according to"
                    text run at (0,144) width 63: "CSS2, the"
                    text run at (0,160) width 95: "selector should"
                    text run at (0,176) width 61: "not apply."
              RenderBlock {BLOCKQUOTE} at (44,2222) size 67x272
                RenderText {#text} at (0,0) size 67x272
                  text run at (0,0) width 27: "This"
                  text run at (0,16) width 67: "blockquote"
                  text run at (0,32) width 60: "should be"
                  text run at (0,48) width 35: "black,"
                  text run at (0,64) width 55: "because,"
                  text run at (0,80) width 62: "according"
                  text run at (0,96) width 55: "to CSS1,"
                  text run at (0,112) width 20: "the"
                  text run at (0,128) width 64: "selector is"
                  text run at (0,144) width 43: "invalid,"
                  text run at (0,160) width 24: "and"
                  text run at (0,176) width 62: "according"
                  text run at (0,192) width 55: "to CSS2,"
                  text run at (0,208) width 20: "the"
                  text run at (0,224) width 50: "selector"
                  text run at (0,240) width 65: "should not"
                  text run at (0,256) width 37: "apply."
              RenderBlock {P} at (4,2508) size 147x112
                RenderInline {ACRONYM} at (0,0) size 145x112
                  RenderText {#text} at (0,0) size 145x112
                    text run at (0,0) width 130: "This acronym should"
                    text run at (0,16) width 113: "be black, because,"
                    text run at (0,32) width 145: "according to CSS1, the"
                    text run at (0,48) width 139: "selector is invalid, and"
                    text run at (0,64) width 145: "according to CSS2, the"
                    text run at (0,80) width 119: "selector should not"
                    text run at (0,96) width 37: "apply."
              RenderBlock {ADDRESS} at (4,2634) size 147x112
                RenderText {#text} at (0,0) size 146x112
                  text run at (0,0) width 146: "This address should be"
                  text run at (0,16) width 94: "black, because,"
                  text run at (0,32) width 145: "according to CSS1, the"
                  text run at (0,48) width 139: "selector is invalid, and"
                  text run at (0,64) width 145: "according to CSS2, the"
                  text run at (0,80) width 119: "selector should not"
                  text run at (0,96) width 37: "apply."
              RenderBlock {P} at (4,2760) size 147x112
                RenderInline {SPAN} at (0,0) size 145x112
                  RenderText {#text} at (0,0) size 145x112
                    text run at (0,0) width 126: "This span should be"
                    text run at (0,16) width 94: "black, because,"
                    text run at (0,32) width 145: "according to CSS1, the"
                    text run at (0,48) width 139: "selector is invalid, and"
                    text run at (0,64) width 145: "according to CSS2, the"
                    text run at (0,80) width 119: "selector should not"
                    text run at (0,96) width 37: "apply."
              RenderBlock {P} at (4,2886) size 147x160
                RenderText {#text} at (0,0) size 147x160
                  text run at (0,0) width 142: "This paragraph should"
                  text run at (0,16) width 134: "be black, because the"
                  text run at (0,32) width 131: "style declaration that"
                  text run at (0,48) width 146: "applies to it is within an"
                  text run at (0,64) width 86: "invalid at-rule."
                  text run at (0,80) width 132: "However, it is valid in"
                  text run at (0,96) width 147: "CSS2, so if this is being"
                  text run at (0,112) width 95: "viewed on a tty"
                  text run at (0,128) width 136: "browser that supports"
                  text run at (0,144) width 142: "CSS2, it should be red."
              RenderBlock {P} at (4,3060) size 147x80
                RenderText {#text} at (0,0) size 146x80
                  text run at (0,0) width 142: "This paragraph should"
                  text run at (0,16) width 134: "be black, because the"
                  text run at (0,32) width 131: "style declaration that"
                  text run at (0,48) width 146: "applies to it is within an"
                  text run at (0,64) width 86: "invalid at-rule."
              RenderBlock {P} at (4,3154) size 147x336
                RenderText {#text} at (0,0) size 134x112
                  text run at (0,0) width 94: "The text of this"
                  text run at (0,16) width 130: "paragraph should be"
                  text run at (0,32) width 104: "normal (that is, it"
                  text run at (0,48) width 84: "should not be"
                  text run at (0,64) width 134: "underlined, overlined,"
                  text run at (0,80) width 107: "stricken, or bold),"
                  text run at (0,96) width 56: "because "
                RenderInline {CODE} at (0,0) size 32x16
                  RenderText {#text} at (56,96) size 32x16
                    text run at (56,96) width 32: "diagonal"
                RenderText {#text} at (88,96) size 138x48
                  text run at (88,96) width 50: " is not a"
                  text run at (0,112) width 138: "valid keyword, making"
                  text run at (0,128) width 24: "the "
                RenderInline {CODE} at (0,0) size 60x16
                  RenderText {#text} at (24,128) size 60x16
                    text run at (24,128) width 60: "text-decoration"
                RenderText {#text} at (84,128) size 147x32
                  text run at (84,128) width 51: " invalid. "
                  text run at (135,128) width 12: "In"
                  text run at (0,144) width 57: "addition, "
                RenderInline {CODE} at (0,0) size 44x16
                  RenderText {#text} at (57,144) size 44x16
                    text run at (57,144) width 44: "highlighted"
                RenderText {#text} at (101,144) size 139x32
                  text run at (101,144) width 38: " is not"
                  text run at (0,160) width 114: "a valid part of the "
                RenderInline {CODE} at (0,0) size 16x16
                  RenderText {#text} at (114,160) size 16x16
                    text run at (114,160) width 16: "font"
                RenderText {#text} at (0,176) size 139x128
                  text run at (0,176) width 116: "property, making it"
                  text run at (0,192) width 47: "invalid. "
                  text run at (47,192) width 92: "Therefore, this"
                  text run at (0,208) width 104: "paragraph's font"
                  text run at (0,224) width 107: "should be the UA"
                  text run at (0,240) width 139: "default, and match the"
                  text run at (0,256) width 104: "next paragraph. "
                  text run at (104,256) width 34: "If this"
                  text run at (0,272) width 127: "is not the case, then"
                  text run at (0,288) width 24: "the "
                RenderInline {CODE} at (0,0) size 16x16
                  RenderText {#text} at (24,288) size 16x16
                    text run at (24,288) width 16: "font"
                RenderText {#text} at (40,288) size 128x48
                  text run at (40,288) width 88: " declaration is"
                  text run at (0,304) width 104: "being improperly"
                  text run at (0,320) width 47: "parsed."
              RenderBlock {P} at (4,3504) size 147x336
                RenderText {#text} at (0,0) size 134x112
                  text run at (0,0) width 94: "The text of this"
                  text run at (0,16) width 130: "paragraph should be"
                  text run at (0,32) width 104: "normal (that is, it"
                  text run at (0,48) width 84: "should not be"
                  text run at (0,64) width 134: "underlined, overlined,"
                  text run at (0,80) width 107: "stricken, or bold),"
                  text run at (0,96) width 56: "because "
                RenderInline {CODE} at (0,0) size 32x16
                  RenderText {#text} at (56,96) size 32x16
                    text run at (56,96) width 32: "diagonal"
                RenderText {#text} at (88,96) size 138x48
                  text run at (88,96) width 50: " is not a"
                  text run at (0,112) width 138: "valid keyword, making"
                  text run at (0,128) width 24: "the "
                RenderInline {CODE} at (0,0) size 60x16
                  RenderText {#text} at (24,128) size 60x16
                    text run at (24,128) width 60: "text-decoration"
                RenderText {#text} at (84,128) size 147x32
                  text run at (84,128) width 51: " invalid. "
                  text run at (135,128) width 12: "In"
                  text run at (0,144) width 57: "addition, "
                RenderInline {CODE} at (0,0) size 44x16
                  RenderText {#text} at (57,144) size 44x16
                    text run at (57,144) width 44: "highlighted"
                RenderText {#text} at (101,144) size 139x32
                  text run at (101,144) width 38: " is not"
                  text run at (0,160) width 114: "a valid part of the "
                RenderInline {CODE} at (0,0) size 16x16
                  RenderText {#text} at (114,160) size 16x16
                    text run at (114,160) width 16: "font"
                RenderText {#text} at (0,176) size 139x128
                  text run at (0,176) width 116: "property, making it"
                  text run at (0,192) width 47: "invalid. "
                  text run at (47,192) width 92: "Therefore, this"
                  text run at (0,208) width 104: "paragraph's font"
                  text run at (0,224) width 107: "should be the UA"
                  text run at (0,240) width 139: "default, and match the"
                  text run at (0,256) width 130: "previous paragraph. "
                  text run at (130,256) width 8: "If"
                  text run at (0,272) width 121: "this is not the case,"
                  text run at (0,288) width 56: "then the "
                RenderInline {CODE} at (0,0) size 16x16
                  RenderText {#text} at (56,288) size 16x16
                    text run at (56,288) width 16: "font"
                RenderText {#text} at (72,288) size 146x48
                  text run at (72,288) width 74: " declaration"
                  text run at (0,304) width 118: "is being improperly"
                  text run at (0,320) width 47: "parsed."
              RenderBlock {P} at (4,3854) size 147x256
                RenderText {#text} at (0,0) size 135x80
                  text run at (0,0) width 94: "The text of this"
                  text run at (0,16) width 130: "paragraph should be"
                  text run at (0,32) width 128: "normal size because"
                  text run at (0,48) width 135: "the selector is invalid."
                  text run at (0,64) width 29: "The "
                RenderInline {EM} at (0,0) size 103x16
                  RenderText {#text} at (29,64) size 103x16
                    text run at (29,64) width 103: "emphasized text"
                RenderText {#text} at (0,80) size 52x16
                  text run at (0,80) width 52: "and the "
                RenderInline {STRONG} at (0,0) size 75x16
                  RenderText {#text} at (52,80) size 75x16
                    text run at (52,80) width 75: "strong text"
                RenderText {#text} at (0,96) size 146x160
                  text run at (0,96) width 141: "within it should also be"
                  text run at (0,112) width 136: "normal size, since the"
                  text run at (0,128) width 146: "entire ruleset should be"
                  text run at (0,144) width 144: "skipped (since in some"
                  text run at (0,160) width 136: "future version of CSS,"
                  text run at (0,176) width 109: "there could be an"
                  text run at (0,192) width 118: "operator within the"
                  text run at (0,208) width 105: "selector that has"
                  text run at (0,224) width 119: "higher precedence"
                  text run at (0,240) width 97: "than a comma)."
              RenderBlock {P} at (4,4124) size 147x112
                RenderText {#text} at (0,0) size 142x64
                  text run at (0,0) width 142: "This paragraph should"
                  text run at (0,16) width 134: "be black, because the"
                  text run at (0,32) width 90: "line before the"
                  text run at (0,48) width 88: "declaration is "
                RenderInline {STRONG} at (0,0) size 23x16
                  RenderText {#text} at (88,48) size 23x16
                    text run at (88,48) width 23: "not"
                RenderText {#text} at (111,48) size 147x64
                  text run at (111,48) width 12: " a"
                  text run at (0,64) width 147: "comment and therefore"
                  text run at (0,80) width 95: "the selector for"
                  text run at (0,96) width 135: "P.nineteenb is invalid."
              RenderBlock {P} at (4,4250) size 147x64 [color=#0000FF]
                RenderText {#text} at (0,0) size 142x64
                  text run at (0,0) width 142: "This paragraph should"
                  text run at (0,16) width 133: "be blue, because only"
                  text run at (0,32) width 135: "the first declaration is"
                  text run at (0,48) width 43: "invalid."
              RenderBlock {P} at (4,4328) size 147x64 [color=#008000]
                RenderText {#text} at (0,0) size 145x64
                  text run at (0,0) width 142: "This paragraph should"
                  text run at (0,16) width 145: "be green, because only"
                  text run at (0,32) width 135: "the first declaration is"
                  text run at (0,48) width 43: "invalid."
              RenderBlock {P} at (4,4406) size 147x64 [color=#800080]
                RenderText {#text} at (0,0) size 147x64
                  text run at (0,0) width 142: "This paragraph should"
                  text run at (0,16) width 147: "be purple, because only"
                  text run at (0,32) width 135: "the first declaration is"
                  text run at (0,48) width 43: "invalid."
              RenderBlock {P} at (4,4484) size 147x64 [color=#008000]
                RenderText {#text} at (0,0) size 145x64
                  text run at (0,0) width 142: "This paragraph should"
                  text run at (0,16) width 145: "be green, because only"
                  text run at (0,32) width 135: "the first declaration is"
                  text run at (0,48) width 43: "invalid."
              RenderBlock {P} at (4,4562) size 147x64 [color=#008000]
                RenderText {#text} at (0,0) size 145x64
                  text run at (0,0) width 142: "This paragraph should"
                  text run at (0,16) width 145: "be green, because only"
                  text run at (0,32) width 135: "the first declaration is"
                  text run at (0,48) width 43: "invalid."
              RenderBlock {P} at (4,4640) size 147x80
                RenderText {#text} at (48,0) size 146x80
                  text run at (48,0) width 97: "This paragraph"
                  text run at (0,16) width 146: "should be indented half"
                  text run at (0,32) width 127: "an inch, but it should"
                  text run at (0,48) width 98: "not be maroon. "
                  text run at (98,48) width 8: "It"
                  text run at (0,64) width 99: "should be black."
              RenderBlock {P} at (4,4734) size 147x160
                RenderText {#text} at (0,0) size 142x160
                  text run at (0,0) width 142: "This paragraph should"
                  text run at (0,16) width 134: "be black, because the"
                  text run at (0,32) width 138: "color declaration after"
                  text run at (0,48) width 123: "the previous ruleset"
                  text run at (0,64) width 134: "should be considered"
                  text run at (0,80) width 140: "part of the selector for"
                  text run at (0,96) width 125: "this ruleset, and this"
                  text run at (0,112) width 131: "ruleset therefore has"
                  text run at (0,128) width 142: "an invalid selector and"
                  text run at (0,144) width 137: "should not be applied."
