layer at (0,0) size 800x600
  RenderView at (0,0) size 800x600
layer at (0,0) size 800x600
  RenderBlock {HTML} at (0,0) size 800x600
    RenderBody {BODY} at (8,8) size 784x576
      RenderBlock {P} at (0,0) size 784x18
        RenderText {#text} at (0,0) size 211x18
          text run at (0,0) width 211: "This test passes if it doesn't crash."
layer at (0,40) size 800x162
  RenderBlock (positioned) {DIV} at (0,40) size 800x162
    RenderBlock {DIV} at (0,0) size 800x54
      RenderText {#text} at (0,0) size 790x54
        text run at (0,0) width 790: "A float is a renderer that is designed to shift all the way to the left side or all the way to the right side of a paragraph. The lines"
        text run at (0,18) width 770: "of the paragraph then flow around the floating object avoiding it. You can see an example of a float in this very paragraph."
        text run at (0,36) width 723: "There is a purple box in the upper right hand corner. Note how all of the text in this paragraph is avoiding the float."
    RenderBlock {DIV} at (0,54) size 800x54
      RenderText {#text} at (0,0) size 790x54
        text run at (0,0) width 790: "A float is a renderer that is designed to shift all the way to the left side or all the way to the right side of a paragraph. The lines"
        text run at (0,18) width 770: "of the paragraph then flow around the floating object avoiding it. You can see an example of a float in this very paragraph."
        text run at (0,36) width 723: "There is a purple box in the upper right hand corner. Note how all of the text in this paragraph is avoiding the float."
    RenderBlock {DIV} at (0,108) size 800x54
      RenderText {#text} at (0,0) size 790x54
        text run at (0,0) width 790: "A float is a renderer that is designed to shift all the way to the left side or all the way to the right side of a paragraph. The lines"
        text run at (0,18) width 770: "of the paragraph then flow around the floating object avoiding it. You can see an example of a float in this very paragraph."
        text run at (0,36) width 723: "There is a purple box in the upper right hand corner. Note how all of the text in this paragraph is avoiding the float."
layer at (0,40) size 800x276
  RenderBlock (positioned) {DIV} at (0,0) size 800x276 [border: (3px solid #000000)]
    RenderBlock {DIV} at (3,3) size 794x54
      RenderText {#text} at (0,0) size 790x54
        text run at (0,0) width 790: "A float is a renderer that is designed to shift all the way to the left side or all the way to the right side of a paragraph. The lines"
        text run at (0,18) width 770: "of the paragraph then flow around the floating object avoiding it. You can see an example of a float in this very paragraph."
        text run at (0,36) width 723: "There is a purple box in the upper right hand corner. Note how all of the text in this paragraph is avoiding the float."
    RenderBlock {DIV} at (3,57) size 794x54
      RenderText {#text} at (0,0) size 790x54
        text run at (0,0) width 790: "A float is a renderer that is designed to shift all the way to the left side or all the way to the right side of a paragraph. The lines"
        text run at (0,18) width 770: "of the paragraph then flow around the floating object avoiding it. You can see an example of a float in this very paragraph."
        text run at (0,36) width 723: "There is a purple box in the upper right hand corner. Note how all of the text in this paragraph is avoiding the float."
    RenderBlock {DIV} at (3,111) size 794x54
      RenderText {#text} at (0,0) size 790x54
        text run at (0,0) width 790: "A float is a renderer that is designed to shift all the way to the left side or all the way to the right side of a paragraph. The lines"
        text run at (0,18) width 770: "of the paragraph then flow around the floating object avoiding it. You can see an example of a float in this very paragraph."
        text run at (0,36) width 723: "There is a purple box in the upper right hand corner. Note how all of the text in this paragraph is avoiding the float."
    RenderBlock {DIV} at (3,165) size 794x54
      RenderText {#text} at (0,0) size 790x54
        text run at (0,0) width 790: "A float is a renderer that is designed to shift all the way to the left side or all the way to the right side of a paragraph. The lines"
        text run at (0,18) width 770: "of the paragraph then flow around the floating object avoiding it. You can see an example of a float in this very paragraph."
        text run at (0,36) width 723: "There is a purple box in the upper right hand corner. Note how all of the text in this paragraph is avoiding the float."
    RenderBlock {DIV} at (3,219) size 794x54
      RenderText {#text} at (0,0) size 790x54
        text run at (0,0) width 790: "A float is a renderer that is designed to shift all the way to the left side or all the way to the right side of a paragraph. The lines"
        text run at (0,18) width 770: "of the paragraph then flow around the floating object avoiding it. You can see an example of a float in this very paragraph."
        text run at (0,36) width 723: "There is a purple box in the upper right hand corner. Note how all of the text in this paragraph is avoiding the float."
