layer at (0,0) size 800x600
  RenderView at (0,0) size 800x600
layer at (0,0) size 800x271
  RenderBlock {HTML} at (0,0) size 800x271
    RenderBody {BODY} at (8,16) size 784x245
      RenderBlock {P} at (0,0) size 784x19 [color=#000080]
        RenderText {#text} at (0,1) size 391x18
          text run at (0,1) width 391: "There should be a complete unbroken drawing of a yin-yang ("
        RenderImage {IMG} at (391,0) size 17x15
        RenderText {#text} at (408,1) size 362x18
          text run at (408,1) width 362: ") symbol below, slightly on the left (<-) inside a blue box."
      RenderBlock {DIV} at (10,35) size 260x210 [border: (5px solid #0000FF)]
        RenderBlock (floating) {P} at (5,5) size 100x100 [color=#000080]
          RenderImage {IMG} at (0,0) size 100x100
          RenderText {#text} at (0,0) size 0x0
        RenderBlock (floating) {P} at (105,5) size 100x100 [color=#000080]
          RenderImage {IMG} at (0,0) size 100x100
          RenderText {#text} at (0,0) size 0x0
        RenderBlock (floating) {P} at (5,105) size 100x100 [color=#000080]
          RenderImage {IMG} at (0,0) size 100x100
          RenderText {#text} at (0,0) size 0x0
        RenderImage {IMG} at (105,105) size 100x100
        RenderText {#text} at (0,0) size 0x0
