layer at (0,0) size 800x600
  RenderView at (0,0) size 800x600
layer at (0,0) size 800x259
  RenderBlock {HTML} at (0,0) size 800x259
    RenderBody {BODY} at (8,16) size 784x235
      RenderBlock {P} at (0,0) size 784x19
        RenderText {#text} at (0,1) size 391x18
          text run at (0,1) width 391: "There should be a complete unbroken drawing of a yin-yang ("
        RenderImage {IMG} at (391,0) size 17x15
        RenderText {#text} at (408,1) size 102x18
          text run at (408,1) width 102: ") symbol below."
      RenderBlock {DIV} at (0,35) size 784x200
        RenderBlock (floating) {DIV} at (0,0) size 100x100
        RenderBlock (floating) {DIV} at (0,100) size 100x100
        RenderBlock {DIV} at (100,0) size 684x200
