layer at (0,0) size 800x600
  RenderView at (0,0) size 800x600
layer at (0,0) size 800x420
  RenderBlock {html} at (0,0) size 800x420
    RenderBody {body} at (8,8) size 784x404
      RenderBlock {div} at (0,0) size 200x200 [color=#FFFF00] [bgcolor=#FF0000]
        RenderText {#text} at (0,0) size 36x18
          text run at (0,0) width 36: "FAIL"
      RenderBlock (anonymous) at (0,200) size 784x204
        RenderSVGRoot {svg} at (58,258) size 100x100
          RenderPath {circle} at (58,258) size 100x100 [fill={[type=SOLID] [color=#008000]}] [data="M150.00,100.00L149.90,103.14L149.61,106.27L149.11,109.37L148.43,112.43L147.55,115.45L146.49,118.41L145.24,121.29L143.82,124.09L142.22,126.79L140.45,129.39L138.53,131.87L136.45,134.23L134.23,136.45L131.87,138.53L129.39,140.45L126.79,142.22L124.09,143.82L121.29,145.24L118.41,146.49L115.45,147.55L112.43,148.43L109.37,149.11L106.27,149.61L103.14,149.90L100.00,150.00L96.86,149.90L93.73,149.61L90.63,149.11L87.57,148.43L84.55,147.55L81.59,146.49L78.71,145.24L75.91,143.82L73.21,142.22L70.61,140.45L68.13,138.53L65.77,136.45L63.55,134.23L61.47,131.87L59.55,129.39L57.78,126.79L56.18,124.09L54.76,121.29L53.51,118.41L52.45,115.45L51.57,112.43L50.89,109.37L50.39,106.27L50.10,103.14L50.00,100.00L50.10,96.86L50.39,93.73L50.89,90.63L51.57,87.57L52.45,84.55L53.51,81.59L54.76,78.71L56.18,75.91L57.78,73.21L59.55,70.61L61.47,68.13L63.55,65.77L65.77,63.55L68.13,61.47L70.61,59.55L73.21,57.78L75.91,56.18L78.71,54.76L81.59,53.51L84.55,52.45L87.57,51.57L90.63,50.89L93.73,50.39L96.86,50.10L100.00,50.00L103.14,50.10L106.27,50.39L109.37,50.89L112.43,51.57L115.45,52.45L118.41,53.51L121.29,54.76L124.09,56.18L126.79,57.78L129.39,59.55L131.87,61.47L134.23,63.55L136.45,65.77L138.53,68.13L140.45,70.61L142.22,73.21L143.82,75.91L145.24,78.71L146.49,81.59L147.55,84.55L148.43,87.57L149.11,90.63L149.61,93.73L149.90,96.86"]
          RenderForeignObject {foreignObject} at (0,0) size 200x200
        RenderText {#text} at (0,0) size 0x0
layer at (8,8) size 200x200
  RenderBlock (positioned) {div} at (8,8) size 200x200 [bgcolor=#FFFFFF]
    RenderText {#text} at (0,0) size 199x36
      text run at (0,0) width 190: "There should be a green circle"
      text run at (0,18) width 199: "below with no red on this page."
