layer at (0,0) size 210x218
  RenderView at (0,0) size 96x26
layer at (0,0) size 210x218
  RenderBlock {HTML} at (0,0) size 96x218
    RenderBody {BODY} at (8,8) size 80x202
      RenderBlock {DIV} at (0,0) size 202x202 [bgcolor=#00FF00] [border: (1px inset #FF0000)]
        RenderText {#text} at (1,1) size 4x16
          text run at (1,1) width 4: " "
