layer at (0,0) size 224x232
  RenderView at (0,0) size 96x26
layer at (0,0) size 224x232
  RenderBlock {HTML} at (0,0) size 96x232
    RenderBody {BODY} at (8,8) size 80x216
      RenderBlock {DIV} at (0,0) size 216x216 [bgcolor=#00FF00] [border: (8px dotted #FF0000)]
        RenderText {#text} at (8,8) size 4x16
          text run at (8,8) width 4: " "
