layer at (0,0) size 96x2624
  RenderView at (0,0) size 96x26
layer at (0,0) size 96x2624
  RenderBlock {HTML} at (0,0) size 96x2624
    RenderBody {BODY} at (8,8) size 80x2608
      RenderBlock {DIV} at (0,0) size 80x326
        RenderBlock {SPAN} at (2,0) size 62x62 [bgcolor=#CCCCCC] [border: (6px dotted #FF0000)]
        RenderText {#text} at (0,0) size 0x0
        RenderBlock {SPAN} at (2,62) size 62x62 [bgcolor=#CCCCCC] [border: (6px dotted #FF0000)]
        RenderText {#text} at (0,0) size 0x0
        RenderBlock {SPAN} at (2,124) size 62x62 [bgcolor=#CCCCCC] [border: (6px dotted #FF0000)]
        RenderText {#text} at (0,0) size 0x0
        RenderBlock {SPAN} at (2,186) size 62x62 [bgcolor=#CCCCCC] [border: (6px dotted #FF0000)]
        RenderText {#text} at (0,0) size 0x0
        RenderBlock {SPAN} at (2,248) size 62x62 [bgcolor=#CCCCCC] [border: (6px dotted #FF0000)]
        RenderText {#text} at (0,310) size 40x16
          text run at (0,310) width 40: "dotted"
      RenderBlock {DIV} at (0,326) size 80x326
        RenderBlock {SPAN} at (2,0) size 62x62 [bgcolor=#CCCCCC] [border: (6px dashed #FF0000)]
        RenderText {#text} at (0,0) size 0x0
        RenderBlock {SPAN} at (2,62) size 62x62 [bgcolor=#CCCCCC] [border: (6px dashed #FF0000)]
        RenderText {#text} at (0,0) size 0x0
        RenderBlock {SPAN} at (2,124) size 62x62 [bgcolor=#CCCCCC] [border: (6px dashed #FF0000)]
        RenderText {#text} at (0,0) size 0x0
        RenderBlock {SPAN} at (2,186) size 62x62 [bgcolor=#CCCCCC] [border: (6px dashed #FF0000)]
        RenderText {#text} at (0,0) size 0x0
        RenderBlock {SPAN} at (2,248) size 62x62 [bgcolor=#CCCCCC] [border: (6px dashed #FF0000)]
        RenderText {#text} at (0,310) size 47x16
          text run at (0,310) width 47: "dashed"
      RenderBlock {DIV} at (0,652) size 80x326
        RenderBlock {SPAN} at (2,0) size 62x62 [bgcolor=#CCCCCC] [border: (6px solid #FF0000)]
        RenderText {#text} at (0,0) size 0x0
        RenderBlock {SPAN} at (2,62) size 62x62 [bgcolor=#CCCCCC] [border: (6px solid #FF0000)]
        RenderText {#text} at (0,0) size 0x0
        RenderBlock {SPAN} at (2,124) size 62x62 [bgcolor=#CCCCCC] [border: (6px solid #FF0000)]
        RenderText {#text} at (0,0) size 0x0
        RenderBlock {SPAN} at (2,186) size 62x62 [bgcolor=#CCCCCC] [border: (6px solid #FF0000)]
        RenderText {#text} at (0,0) size 0x0
        RenderBlock {SPAN} at (2,248) size 62x62 [bgcolor=#CCCCCC] [border: (6px solid #FF0000)]
        RenderText {#text} at (0,310) size 29x16
          text run at (0,310) width 29: "solid"
      RenderBlock {DIV} at (0,978) size 80x326
        RenderBlock {SPAN} at (2,0) size 62x62 [bgcolor=#CCCCCC] [border: (6px double #FF0000)]
        RenderText {#text} at (0,0) size 0x0
        RenderBlock {SPAN} at (2,62) size 62x62 [bgcolor=#CCCCCC] [border: (6px double #FF0000)]
        RenderText {#text} at (0,0) size 0x0
        RenderBlock {SPAN} at (2,124) size 62x62 [bgcolor=#CCCCCC] [border: (6px double #FF0000)]
        RenderText {#text} at (0,0) size 0x0
        RenderBlock {SPAN} at (2,186) size 62x62 [bgcolor=#CCCCCC] [border: (6px double #FF0000)]
        RenderText {#text} at (0,0) size 0x0
        RenderBlock {SPAN} at (2,248) size 62x62 [bgcolor=#CCCCCC] [border: (6px double #FF0000)]
        RenderText {#text} at (0,310) size 41x16
          text run at (0,310) width 41: "double"
      RenderBlock {DIV} at (0,1304) size 80x326
        RenderBlock {SPAN} at (2,0) size 62x62 [bgcolor=#CCCCCC] [border: (6px groove #FF0000)]
        RenderText {#text} at (0,0) size 0x0
        RenderBlock {SPAN} at (2,62) size 62x62 [bgcolor=#CCCCCC] [border: (6px groove #FF0000)]
        RenderText {#text} at (0,0) size 0x0
        RenderBlock {SPAN} at (2,124) size 62x62 [bgcolor=#CCCCCC] [border: (6px groove #FF0000)]
        RenderText {#text} at (0,0) size 0x0
        RenderBlock {SPAN} at (2,186) size 62x62 [bgcolor=#CCCCCC] [border: (6px groove #FF0000)]
        RenderText {#text} at (0,0) size 0x0
        RenderBlock {SPAN} at (2,248) size 62x62 [bgcolor=#CCCCCC] [border: (6px groove #FF0000)]
        RenderText {#text} at (0,310) size 44x16
          text run at (0,310) width 44: "groove"
      RenderBlock {DIV} at (0,1630) size 80x326
        RenderBlock {SPAN} at (2,0) size 62x62 [bgcolor=#CCCCCC] [border: (6px ridge #FF0000)]
        RenderText {#text} at (0,0) size 0x0
        RenderBlock {SPAN} at (2,62) size 62x62 [bgcolor=#CCCCCC] [border: (6px ridge #FF0000)]
        RenderText {#text} at (0,0) size 0x0
        RenderBlock {SPAN} at (2,124) size 62x62 [bgcolor=#CCCCCC] [border: (6px ridge #FF0000)]
        RenderText {#text} at (0,0) size 0x0
        RenderBlock {SPAN} at (2,186) size 62x62 [bgcolor=#CCCCCC] [border: (6px ridge #FF0000)]
        RenderText {#text} at (0,0) size 0x0
        RenderBlock {SPAN} at (2,248) size 62x62 [bgcolor=#CCCCCC] [border: (6px ridge #FF0000)]
        RenderText {#text} at (0,310) size 32x16
          text run at (0,310) width 32: "ridge"
      RenderBlock {DIV} at (0,1956) size 80x326
        RenderBlock {SPAN} at (2,0) size 62x62 [bgcolor=#CCCCCC] [border: (6px inset #FF0000)]
        RenderText {#text} at (0,0) size 0x0
        RenderBlock {SPAN} at (2,62) size 62x62 [bgcolor=#CCCCCC] [border: (6px inset #FF0000)]
        RenderText {#text} at (0,0) size 0x0
        RenderBlock {SPAN} at (2,124) size 62x62 [bgcolor=#CCCCCC] [border: (6px inset #FF0000)]
        RenderText {#text} at (0,0) size 0x0
        RenderBlock {SPAN} at (2,186) size 62x62 [bgcolor=#CCCCCC] [border: (6px inset #FF0000)]
        RenderText {#text} at (0,0) size 0x0
        RenderBlock {SPAN} at (2,248) size 62x62 [bgcolor=#CCCCCC] [border: (6px inset #FF0000)]
        RenderText {#text} at (0,310) size 30x16
          text run at (0,310) width 30: "inset"
      RenderBlock {DIV} at (0,2282) size 80x326
        RenderBlock {SPAN} at (2,0) size 62x62 [bgcolor=#CCCCCC] [border: (6px outset #FF0000)]
        RenderText {#text} at (0,0) size 0x0
        RenderBlock {SPAN} at (2,62) size 62x62 [bgcolor=#CCCCCC] [border: (6px outset #FF0000)]
        RenderText {#text} at (0,0) size 0x0
        RenderBlock {SPAN} at (2,124) size 62x62 [bgcolor=#CCCCCC] [border: (6px outset #FF0000)]
        RenderText {#text} at (0,0) size 0x0
        RenderBlock {SPAN} at (2,186) size 62x62 [bgcolor=#CCCCCC] [border: (6px outset #FF0000)]
        RenderText {#text} at (0,0) size 0x0
        RenderBlock {SPAN} at (2,248) size 62x62 [bgcolor=#CCCCCC] [border: (6px outset #FF0000)]
        RenderText {#text} at (0,310) size 38x16
          text run at (0,310) width 38: "outset"
