layer at (0,0) size 222x230
  RenderView at (0,0) size 96x26
layer at (0,0) size 222x230
  RenderBlock {HTML} at (0,0) size 96x230
    RenderBody {BODY} at (8,8) size 80x214
      RenderBlock {DIV} at (0,0) size 214x214 [bgcolor=#00FF00] [border: (7px groove #FF0000)]
        RenderText {#text} at (7,7) size 4x16
          text run at (7,7) width 4: " "
