layer at (0,0) size 212x220
  RenderView at (0,0) size 96x26
layer at (0,0) size 212x220
  RenderBlock {HTML} at (0,0) size 96x220
    RenderBody {BODY} at (8,8) size 80x204
      RenderBlock {DIV} at (0,0) size 204x204 [bgcolor=#00FF00] [border: (2px groove #FF0000)]
        RenderText {#text} at (2,2) size 4x16
          text run at (2,2) width 4: " "
