layer at (0,0) size 238x246
  RenderView at (0,0) size 96x26
layer at (0,0) size 238x246
  RenderBlock {HTML} at (0,0) size 96x246
    RenderBody {BODY} at (8,8) size 80x230
      RenderBlock {DIV} at (0,0) size 230x230 [bgcolor=#00FF00] [border: (15px dashed #FF0000)]
        RenderText {#text} at (15,15) size 4x16
          text run at (15,15) width 4: " "
