layer at (0,0) size 220x228
  RenderView at (0,0) size 96x26
layer at (0,0) size 220x228
  RenderBlock {HTML} at (0,0) size 96x228
    RenderBody {BODY} at (8,8) size 80x212
      RenderBlock {DIV} at (0,0) size 212x212 [bgcolor=#00FF00] [border: (6px dotted #FF0000)]
        RenderText {#text} at (6,6) size 4x16
          text run at (6,6) width 4: " "
