layer at (0,0) size 800x600
  RenderView at (0,0) size 800x600
layer at (0,0) size 800x600
  RenderBlock {HTML} at (0,0) size 800x600
    RenderBody {BODY} at (8,8) size 784x584
      RenderBlock {H1} at (0,0) size 784x37
        RenderText {#text} at (0,0) size 507x36
          text run at (0,0) width 507: "Dynamically changing pseudo classes"
      RenderBlock {P} at (0,58) size 784x19
        RenderText {#text} at (0,0) size 613x19
          text run at (0,0) width 613: "Following meter gauge should be green - Changing the paseudo class by changing value attribute"
      RenderBlock (anonymous) at (0,93) size 784x16
        RenderMeter {METER} at (0,0) size 80x16
          RenderBlock {DIV} at (0,0) size 80x16 [bgcolor=#808080]
          RenderBlock {DIV} at (0,0) size 72x16 [bgcolor=#008000]
          RenderBlock {DIV} at (0,0) size 80x16
          RenderBlock {DIV} at (0,2) size 80x14
        RenderText {#text} at (0,0) size 0x0
      RenderBlock {P} at (0,125) size 784x19
        RenderText {#text} at (0,0) size 735x19
          text run at (0,0) width 735: "Following meter gauge should be blue - Changing the pseudo class by changing direction from horizontal to vertical."
      RenderBlock (anonymous) at (0,160) size 784x100
        RenderMeter {METER} at (0,0) size 80x100
          RenderBlock {DIV} at (0,0) size 80x100
          RenderBlock {DIV} at (0,0) size 72x100
          RenderBlock {DIV} at (0,0) size 80x100 [bgcolor=#808080]
          RenderBlock {DIV} at (0,10) size 80x90 [bgcolor=#0000FF]
        RenderText {#text} at (0,0) size 0x0
      RenderBlock {P} at (0,276) size 784x38
        RenderText {#text} at (0,0) size 766x38
          text run at (0,0) width 766: "Following meter gauge should be native looking green - Changing the pseudo class by changing direction from vertical to"
          text run at (0,19) width 67: "horizontal."
      RenderBlock (anonymous) at (0,330) size 784x20
        RenderMeter {METER} at (0,0) size 80x20
          RenderBlock {DIV} at (0,0) size 80x20
          RenderBlock {DIV} at (0,0) size 72x20
          RenderBlock {DIV} at (0,0) size 80x20 [bgcolor=#808080]
          RenderBlock {DIV} at (0,2) size 80x18 [bgcolor=#0000FF]
        RenderText {#text} at (0,0) size 0x0
