layer at (0,0) size 781x4675
  RenderView at (0,0) size 781x600
layer at (0,0) size 781x4675
  RenderBlock {HTML} at (0,0) size 781x4675
    RenderBody {BODY} at (8,8) size 765x4659 [bgcolor=#CCCCCC]
      RenderBlock {P} at (0,0) size 765x16
        RenderText {#text} at (0,0) size 264x16
          text run at (0,0) width 264: "The style declarations which apply to the text below are:"
      RenderBlock {PRE} at (0,28) size 765x168
        RenderText {#text} at (0,0) size 399x168
          text run at (0,0) width 161: "BODY {font-size: 12px;}"
          text run at (161,0) width 0: " "
          text run at (0,14) width 322: ".one {font: italic small-caps 13pt Helvetica;}"
          text run at (322,14) width 0: " "
          text run at (0,28) width 203: ".two {font: 150%/150% serif;}"
          text run at (203,28) width 0: " "
          text run at (0,42) width 252: ".three {font: 150%/150% sans-serif;}"
          text run at (252,42) width 0: " "
          text run at (0,56) width 231: ".four {font: small/200% cursive;}"
          text run at (231,56) width 0: " "
          text run at (0,70) width 399: ".five {font: italic small-caps 900 150%/150% sans-serif;}"
          text run at (399,70) width 0: " "
          text run at (0,84) width 392: ".six {font: italic small-caps 100 150%/300% sans-serif;}"
          text run at (392,84) width 0: " "
          text run at (0,98) width 392: ".seven {font: italic small-caps 900 150%/2em monospace;}"
          text run at (392,98) width 0: " "
          text run at (0,112) width 399: ".eight {font: italic small-caps 500 150%/1in sans-serif;}"
          text run at (399,112) width 0: " "
          text run at (0,126) width 378: ".nine {font: oblique normal 700 18px/200% sans-serif;}"
          text run at (378,126) width 0: " "
          text run at (0,140) width 301: ".ten {font: normal 400 80%/2.5 sans-serif;}"
          text run at (301,140) width 0: " "
          text run at (0,154) width 266: "SPAN.color {background-color: silver;}"
          text run at (266,154) width 0: " "
      RenderBlock {HR} at (0,208) size 765x2 [border: (1px inset #000000)]
      RenderBlock {P} at (0,222) size 765x16
        RenderText {#text} at (0,0) size 706x16
          text run at (0,0) width 423: "This element is unstyled, and should inherit a font-size of 12px from the BODY element. "
          text run at (423,0) width 283: "This is the \"base font size\" referred to in the following tests."
      RenderBlock {P} at (0,255) size 765x22
        RenderText {#text} at (0,0) size 497x22
          text run at (0,0) width 497: "This element should be 13pt. Helvetica which is in small-cap italics."
      RenderBlock {P} at (0,295) size 765x81
        RenderText {#text} at (0,2) size 762x77
          text run at (0,2) width 282: "This element should be in a serif font. "
          text run at (282,2) width 480: "Its font-size should be 150% the base font size, and its line-height"
          text run at (0,29) width 423: "should 150% of that value (18px and 27px, respectively). "
          text run at (423,29) width 297: "Extra text is included for the purposes of"
          text run at (0,56) width 208: "testing this more effectively."
      RenderBlock {P} at (0,394) size 765x81
        RenderText {#text} at (0,1) size 760x78
          text run at (0,1) width 348: "This element should be in a sans-serif font. "
          text run at (348,1) width 412: "Its font-size should be 150% the base font size, and"
          text run at (0,28) width 568: "its line-height should 150% of that value (18px and 27px, respectively). "
          text run at (568,28) width 192: "Extra text is included for"
          text run at (0,55) width 351: "the purposes of testing this more effectively."
      RenderBlock {P} at (0,493) size 765x183
        RenderText {#text} at (0,6) size 754x66
          text run at (0,6) width 754: "This element should be in a cursive font, 'small' in size,"
          text run at (0,32) width 715: "with a line-height 200% the height of the text's actual"
          text run at (0,58) width 78: "size. "
          text run at (78,58) width 468: "For example, if the font-size value "
        RenderInline {CODE} at (0,0) size 30x12
          RenderText {#text} at (546,60) size 30x12
            text run at (546,60) width 30: "small"
        RenderText {#text} at (576,58) size 758x119
          text run at (576,58) width 182: " is calculated"
          text run at (0,85) width 598: "at 10px, then the line-height should be 20px. "
          text run at (598,85) width 130: "The actual"
          text run at (0,111) width 520: "value of the font-size is UA-dependent. "
          text run at (520,111) width 169: "Extra text is"
          text run at (0,137) width 598: "included for the purposes of testing this more"
          text run at (0,163) width 156: "effectively."
      RenderBlock {P} at (0,694) size 765x108
        RenderText {#text} at (0,1) size 760x105
          text run at (0,1) width 755: "This element should be in a sans-serif font, italicized and small caps, with a weight of 900."
          text run at (0,28) width 759: "Its font-size should be 150% the base font size, and its line-height should be 150% of that"
          text run at (0,55) width 300: "value (18px and 27px, respectively). "
          text run at (300,55) width 460: "Extra text is included for the purposes of testing this"
          text run at (0,82) width 144: "more effectively."
      RenderBlock {P} at (0,820) size 765x216
        RenderText {#text} at (0,15) size 751x186
          text run at (0,15) width 727: "This element should be in a sans-serif font, italicized and small caps, with a weight of 100. "
          text run at (727,15) width 21: "Its"
          text run at (0,69) width 751: "font-size should be 150% the base font size, and its line-height should be 300% of that value"
          text run at (0,123) width 243: "(18px and 54px, respectively). "
          text run at (243,123) width 477: "Extra text is included for the purposes of testing this more"
          text run at (0,177) width 95: "effectively."
      RenderBlock {P} at (0,1054) size 765x180
        RenderText {#text} at (0,6) size 742x168
          text run at (0,6) width 720: "This element should be in a monospace font, italicized and small caps, with a"
          text run at (0,42) width 152: "weight of 900. "
          text run at (152,42) width 590: "Its font-size should be 150% the base font size, and its line-"
          text run at (0,78) width 681: "height should be 2em, or twice the element's font size (18px and 36px,"
          text run at (0,114) width 136: "respectively). "
          text run at (136,114) width 564: "Extra text is included for the purposes of testing this more"
          text run at (0,150) width 105: "effectively."
      RenderBlock {P} at (0,1252) size 765x288
        RenderText {#text} at (0,36) size 748x216
          text run at (0,36) width 727: "This element should be in a sans-serif font, italicized and small caps, with a weight of 500. "
          text run at (727,36) width 21: "Its"
          text run at (0,132) width 697: "font-size should be 150% the base font size, or 18px, and its line-height should be 1in. "
          text run at (697,132) width 47: "Extra"
          text run at (0,228) width 525: "text is included for the purposes of testing this more effectively."
      RenderBlock {P} at (0,1558) size 765x144
        RenderText {#text} at (0,6) size 752x132
          text run at (0,6) width 752: "This element should be in a sans-serif font, oblique and not small-caps, with a weight of"
          text run at (0,42) width 40: "700. "
          text run at (40,42) width 665: "Its font-size should be 18 pixels, and its line-height should be 36px (200% this"
          text run at (0,78) width 176: "element's font size). "
          text run at (176,78) width 500: "Extra text is included for the purposes of testing this more"
          text run at (0,114) width 93: "effectively."
      RenderBlock {P} at (0,1720) size 765x50
        RenderText {#text} at (0,6) size 754x38
          text run at (0,6) width 301: "This element should be in a sans-serif font, with a weight of 400. "
          text run at (301,6) width 453: "Its font-size should be 80% of 12px, or 9.6px, and its line-height shoud be 2.5 times that, or 24px."
          text run at (0,31) width 318: "Extra text is included for the purposes of testing this more effectively."
      RenderBlock {P} at (0,1788) size 765x270
        RenderInline {SPAN} at (0,0) size 751x240 [bgcolor=#C0C0C0]
          RenderText {#text} at (0,15) size 751x240
            text run at (0,15) width 727: "This element should be in a sans-serif font, italicized and small caps, with a weight of 100. "
            text run at (727,15) width 21: "Its"
            text run at (0,69) width 751: "font-size should be 150% the base font size, and its line-height should be 300% of that value"
            text run at (0,123) width 716: "(18px and 54px, respectively). The text should have a silver background. The background"
            text run at (0,177) width 723: "color has been set on an inline element and should therefore only cover the text, not the"
            text run at (0,231) width 136: "interline spacing."
        RenderText {#text} at (0,0) size 0x0
      RenderTable {TABLE} at (0,2076) size 765x2583 [border: (1px outset #808080)]
        RenderTableSection {TBODY} at (1,1) size 763x2581
          RenderTableRow {TR} at (0,0) size 763x30
            RenderTableCell {TD} at (0,0) size 763x30 [bgcolor=#C0C0C0] [border: (1px inset #808080)] [r=0 c=0 rs=1 cs=2]
              RenderInline {STRONG} at (0,0) size 163x22
                RenderText {#text} at (4,4) size 163x22
                  text run at (4,4) width 163: "TABLE Testing Section"
          RenderTableRow {TR} at (0,30) size 763x2551
            RenderTableCell {TD} at (0,1291) size 12x28 [bgcolor=#C0C0C0] [border: (1px inset #808080)] [r=1 c=0 rs=1 cs=1]
              RenderText {#text} at (4,4) size 4x20
                text run at (4,4) width 4: " "
            RenderTableCell {TD} at (12,30) size 751x2551 [border: (1px inset #808080)] [r=1 c=1 rs=1 cs=1]
              RenderBlock {P} at (4,4) size 743x40
                RenderText {#text} at (0,0) size 732x40
                  text run at (0,0) width 564: "This element is unstyled, and should inherit a font-size of 12px from the BODY element. "
                  text run at (564,0) width 168: "This is the \"base font size\""
                  text run at (0,20) width 204: "referred to in the following tests."
              RenderBlock {P} at (4,61) size 743x22
                RenderText {#text} at (0,0) size 497x22
                  text run at (0,0) width 497: "This element should be 13pt. Helvetica which is in small-cap italics."
              RenderBlock {P} at (4,107) size 743x144
                RenderText {#text} at (0,3) size 735x138
                  text run at (0,3) width 374: "This element should be in a serif font. "
                  text run at (374,3) width 361: "Its font-size should be 150% the base"
                  text run at (0,39) width 694: "font size, and its line-height should 150% of that value (18px and 27px,"
                  text run at (0,75) width 138: "respectively). "
                  text run at (138,75) width 563: "Extra text is included for the purposes of testing this more"
                  text run at (0,111) width 111: "effectively."
              RenderBlock {P} at (4,275) size 743x144
                RenderText {#text} at (0,3) size 733x138
                  text run at (0,3) width 461: "This element should be in a sans-serif font. "
                  text run at (461,3) width 232: "Its font-size should be"
                  text run at (0,39) width 733: "150% the base font size, and its line-height should 150% of that value"
                  text run at (0,75) width 324: "(18px and 27px, respectively). "
                  text run at (324,75) width 399: "Extra text is included for the purposes"
                  text run at (0,111) width 322: "of testing this more effectively."
              RenderBlock {P} at (4,443) size 743x183
                RenderText {#text} at (0,6) size 702x66
                  text run at (0,6) width 676: "This element should be in a cursive font, 'small' in"
                  text run at (0,32) width 702: "size, with a line-height 200% the height of the text's"
                  text run at (0,58) width 169: "actual size. "
                  text run at (169,58) width 468: "For example, if the font-size value "
                RenderInline {CODE} at (0,0) size 30x12
                  RenderText {#text} at (637,60) size 30x12
                    text run at (637,60) width 30: "small"
                RenderText {#text} at (667,58) size 728x119
                  text run at (667,58) width 39: " is"
                  text run at (0,85) width 728: "calculated at 10px, then the line-height should be 20px."
                  text run at (0,111) width 663: "The actual value of the font-size is UA-dependent. "
                  text run at (663,111) width 65: "Extra"
                  text run at (0,137) width 702: "text is included for the purposes of testing this more"
                  text run at (0,163) width 156: "effectively."
              RenderBlock {P} at (4,650) size 743x180
                RenderText {#text} at (0,2) size 737x176
                  text run at (0,2) width 703: "This element should be in a sans-serif font, italicized and small"
                  text run at (0,38) width 301: "caps, with a weight of 900. "
                  text run at (301,38) width 418: "Its font-size should be 150% the base"
                  text run at (0,74) width 715: "font size, and its line-height should be 150% of that value (18px"
                  text run at (0,110) width 266: "and 27px, respectively). "
                  text run at (266,110) width 471: "Extra text is included for the purposes of"
                  text run at (0,146) width 326: "testing this more effectively."
              RenderBlock {P} at (4,854) size 743x360
                RenderText {#text} at (0,20) size 739x319
                  text run at (0,20) width 730: "This element should be in a sans-serif font, italicized and small caps,"
                  text run at (0,92) width 232: "with a weight of 100. "
                  text run at (232,92) width 507: "Its font-size should be 150% the base font size,"
                  text run at (0,164) width 688: "and its line-height should be 300% of that value (18px and 54px,"
                  text run at (0,236) width 151: "respectively). "
                  text run at (151,236) width 574: "Extra text is included for the purposes of testing this"
                  text run at (0,308) width 184: "more effectively."
              RenderBlock {P} at (4,1238) size 743x195
                RenderText {#text} at (0,6) size 742x183
                  text run at (0,6) width 710: "This element should be in a monospace font, italicized and small caps,"
                  text run at (0,45) width 239: "with a weight of 900. "
                  text run at (239,45) width 503: "Its font-size should be 150% the base font size,"
                  text run at (0,84) width 689: "and its line-height should be 2em, or twice the element's font size"
                  text run at (0,123) width 324: "(18px and 36px, respectively). "
                  text run at (324,123) width 395: "Extra text is included for the purposes"
                  text run at (0,162) width 325: "of testing this more effectively."
              RenderBlock {P} at (4,1457) size 743x384
                RenderText {#text} at (0,32) size 739x319
                  text run at (0,32) width 730: "This element should be in a sans-serif font, italicized and small caps,"
                  text run at (0,128) width 232: "with a weight of 500. "
                  text run at (232,128) width 507: "Its font-size should be 150% the base font size,"
                  text run at (0,224) width 448: "or 18px, and its line-height should be 1in. "
                  text run at (448,224) width 275: "Extra text is included for"
                  text run at (0,320) width 483: "the purposes of testing this more effectively."
              RenderBlock {P} at (4,1865) size 743x144
                RenderText {#text} at (0,6) size 730x132
                  text run at (0,6) width 730: "This element should be in a sans-serif font, oblique and not small-caps, with a weight"
                  text run at (0,42) width 62: "of 700. "
                  text run at (62,42) width 665: "Its font-size should be 18 pixels, and its line-height should be 36px (200% this"
                  text run at (0,78) width 176: "element's font size). "
                  text run at (176,78) width 500: "Extra text is included for the purposes of testing this more"
                  text run at (0,114) width 93: "effectively."
              RenderBlock {P} at (4,2027) size 743x64
                RenderText {#text} at (0,7) size 714x49
                  text run at (0,7) width 378: "This element should be in a sans-serif font, with a weight of 400. "
                  text run at (378,7) width 336: "Its font-size should be 80% of 12px, or 9.6px, and its line-"
                  text run at (0,39) width 235: "height shoud be 2.5 times that, or 24px. "
                  text run at (235,39) width 405: "Extra text is included for the purposes of testing this more effectively."
              RenderBlock {P} at (4,2115) size 743x432
                RenderInline {SPAN} at (0,0) size 739x391 [bgcolor=#C0C0C0]
                  RenderText {#text} at (0,20) size 739x391
                    text run at (0,20) width 730: "This element should be in a sans-serif font, italicized and small caps,"
                    text run at (0,92) width 232: "with a weight of 100. "
                    text run at (232,92) width 507: "Its font-size should be 150% the base font size,"
                    text run at (0,164) width 688: "and its line-height should be 300% of that value (18px and 54px,"
                    text run at (0,236) width 653: "respectively). The text should have a silver background. The"
                    text run at (0,308) width 669: "background color has been set on an inline element and should"
                    text run at (0,380) width 601: "therefore only cover the text, not the interline spacing."
                RenderText {#text} at (0,0) size 0x0
