layer at (0,0) size 863x600
  RenderView at (0,0) size 781x581
layer at (0,0) size 781x600
  RenderBlock {HTML} at (0,0) size 781x600
    RenderFrameSet {FRAMESET} at (0,0) size 863x600
      RenderFrameSet {FRAMESET} at (0,0) size 863x200
        RenderFrame {FRAME} at (0,0) size 350x200
          layer at (0,0) size 350x200
            RenderView at (0,0) size 350x200
          layer at (0,0) size 350x200
            RenderBlock {HTML} at (0,0) size 350x200
              RenderBody {BODY} at (8,8) size 334x176 [bgcolor=#008000]
                RenderBlock {P} at (0,0) size 334x38
                  RenderText {#text} at (0,0) size 297x38
                    text run at (0,0) width 297: "Test for frameset flattening. The flattening only"
                    text run at (0,19) width 144: "works inside the DRT."
          layer at (0,0) size 350x50
            RenderBlock (positioned) {DIV} at (0,0) size 350x50
        RenderFrame {FRAME} at (356,0) size 507x200
          layer at (0,0) size 507x200
            RenderView at (0,0) size 507x200
          layer at (0,0) size 507x200
            RenderBlock {HTML} at (0,0) size 507x200
              RenderBody {BODY} at (8,8) size 491x184 [bgcolor=#FF0000]
          layer at (0,0) size 300x100
            RenderBlock (positioned) {DIV} at (0,0) size 300x100
      RenderFrameSet {FRAMESET} at (0,200) size 863x400
        RenderFrame {FRAME} at (0,0) size 200x400
          layer at (0,0) size 200x400
            RenderView at (0,0) size 200x400
          layer at (0,0) size 200x400
            RenderBlock {HTML} at (0,0) size 200x400
              RenderBody {BODY} at (8,8) size 184x384 [bgcolor=#FFFF00]
          layer at (0,0) size 50x200
            RenderBlock (positioned) {DIV} at (0,0) size 50x200
        RenderFrame {FRAME} at (206,0) size 657x400
          layer at (0,0) size 657x400
            RenderView at (0,0) size 657x400
          layer at (0,0) size 657x400
            RenderBlock {HTML} at (0,0) size 657x400
              RenderBody {BODY} at (8,8) size 641x384 [bgcolor=#0000FF]
          layer at (0,0) size 650x400
            RenderBlock (positioned) {DIV} at (0,0) size 650x400
