layer at (0,0) size 800x600
  RenderCanvas at (0,0) size 800x600
layer at (0,0) size 800x170
  RenderBlock {HTML} at (0,0) size 800x170
    RenderBody {BODY} at (8,8) size 784x148
      RenderBlock (anonymous) at (0,0) size 784x0
        RenderText {TEXT} at (0,0) size 0x0
      RenderBlock {DIV} at (0,0) size 784x100
      RenderBlock (anonymous) at (0,100) size 784x17
        RenderText {TEXT} at (0,0) size 529x17
          text run at (0,0) width 334: "This file has a doc type with no public identifier. "
          text run at (334,0) width 195: "We should be in strict mode."
      RenderBlock {UL} at (0,131) size 784x17
        RenderListItem {LI} at (40,0) size 744x17
          RenderBlock {UL} at (0,0) size 744x17
            RenderListItem {LI} at (40,0) size 704x17
              RenderListMarker at (0,0) size 0x14
              RenderListMarker at (0,0) size 0x14
              RenderText {TEXT} at (0,0) size 274x17
                text run at (0,0) width 274: "Both bullets should be on the same line."
layer at (8,8) size 80x80
  RenderBlock (positioned) {DIV} at (8,8) size 80x80 [bgcolor=#008000]
