layer at (0,0) size 800x600
  RenderView at (0,0) size 800x600
layer at (0,0) size 800x600
  RenderBlock {HTML} at (0,0) size 800x600
    RenderBody {BODY} at (8,8) size 784x578
      RenderBlock (anonymous) at (0,0) size 784x19
        RenderText {#text} at (0,0) size 439x19
          text run at (0,0) width 439: "This is a test for bug 3166276. Set the following preferences to see it:"
      RenderBlock {UL} at (0,33) size 784x38
        RenderListItem {LI} at (40,0) size 744x19
          RenderListMarker at (-17,0) size 7x19: bullet
          RenderText {#text} at (0,0) size 217x19
            text run at (0,0) width 217: "Proportional font -- Times 15 point"
        RenderListItem {LI} at (40,19) size 744x19
          RenderListMarker at (-17,0) size 7x19: bullet
          RenderText {#text} at (0,0) size 224x19
            text run at (0,0) width 224: "Fixed width font -- Monaco 11 point"
      RenderBlock {P} at (0,85) size 784x68
        RenderTable {TABLE} at (0,0) size 784x68 [border: (1px outset #808080)]
          RenderTableSection {TBODY} at (1,1) size 782x66
            RenderTableRow {TR} at (0,2) size 782x62
              RenderTableCell {TD} at (2,2) size 778x62 [border: (1px inset #808080)] [r=0 c=0 rs=1 cs=1]
                RenderText {#text} at (2,2) size 119x19
                  text run at (2,2) width 119: "The following text: "
                RenderInline {TT} at (0,0) size 88x17
                  RenderText {#text} at (121,4) size 88x17
                    text run at (121,4) width 88: "hello world"
                RenderText {#text} at (209,2) size 772x58
                  text run at (209,2) width 529: ", is written using the <tt> tag. It should show up as Monaco 11 point, but instead it is"
                  text run at (2,22) width 772: "showing up as Monaco 15 point. The font is correct, but the point size is whatever is set for the proportional font. Note that"
                  text run at (2,41) width 258: "this only happens to text inside a <table>"
      RenderBlock {P} at (0,167) size 784x20
        RenderText {#text} at (0,0) size 295x19
          text run at (0,0) width 295: "Here is the same text again outside a <table>: "
        RenderInline {TT} at (0,0) size 88x17
          RenderText {#text} at (295,2) size 88x17
            text run at (295,2) width 88: "hello world"
        RenderText {#text} at (383,0) size 229x19
          text run at (383,0) width 229: ". Notice it is displayed correctly now."
        RenderText {#text} at (0,0) size 0x0
