layer at (0,0) size 800x600
  RenderView at (0,0) size 800x600
layer at (0,0) size 800x260
  RenderBlock {HTML} at (0,0) size 800x260
    RenderBody {BODY} at (8,14) size 784x238
      RenderBlock {P} at (0,0) size 784x64
        RenderText {#text} at (0,0) size 751x64
          text run at (0,0) width 751: "This is a test to check if the loading of a stylesheet is properly cancelled (count of pending style sheets is decremented)"
          text run at (0,16) width 587: "when its link tag is changed through the DOM after the link tag is appended to the document. "
          text run at (587,16) width 159: "When the div with style is"
          text run at (0,32) width 714: "moved, it appears on the screen if the style was loaded properly, and doesn't appear when there are out-standing"
          text run at (0,48) width 258: "stylesheets according to the DocLoader. "
          text run at (258,48) width 29: "See "
        RenderInline {A} at (0,0) size 32x16 [color=#0000EE]
          RenderText {#text} at (287,48) size 32x16
            text run at (287,48) width 32: "6999"
      RenderBlock {P} at (0,78) size 784x16
        RenderInline {SPAN} at (0,0) size 33x16 [color=#FF0000]
          RenderText {#text} at (0,0) size 33x16
            text run at (0,0) width 33: "Fails"
        RenderText {#text} at (33,0) size 52x16
          text run at (33,0) width 52: " if there "
        RenderInline {SPAN} at (0,0) size 34x16 [color=#FF0000]
          RenderText {#text} at (85,0) size 34x16
            text run at (85,0) width 34: "is no"
        RenderText {#text} at (119,0) size 150x16
          text run at (119,0) width 150: " pink box on the screen."
      RenderBlock {P} at (0,108) size 784x16
        RenderInline {SPAN} at (0,0) size 50x16 [color=#008000]
          RenderText {#text} at (0,0) size 50x16
            text run at (0,0) width 50: "Passes"
        RenderText {#text} at (50,0) size 52x16
          text run at (50,0) width 52: " if there "
        RenderInline {SPAN} at (0,0) size 12x16 [color=#008000]
          RenderText {#text} at (102,0) size 12x16
            text run at (102,0) width 12: "is"
        RenderText {#text} at (114,0) size 162x16
          text run at (114,0) width 162: " a pink box on the screen."
      RenderBlock {DIV} at (0,138) size 100x100 [bgcolor=#FFCCFF]
