layer at (0,0) size 784x1374
  RenderView at (0,0) size 784x600
layer at (0,0) size 784x1374
  RenderBlock {HTML} at (0,0) size 784x1374
    RenderBody {BODY} at (8,17) size 768x1349 [color=#00FF00] [bgcolor=#333333]
      RenderBlock {H1} at (0,0) size 768x33
        RenderText {#text} at (0,0) size 443x33
          text run at (0,0) width 443: "CSS2 Table Backgrounds Test Suite"
      RenderBlock {H2} at (0,50) size 768x26
        RenderText {#text} at (0,0) size 272x26
          text run at (0,0) width 272: "Part B: Background Position"
      RenderBlock {H3} at (0,92) size 768x19
        RenderText {#text} at (0,0) size 186x19
          text run at (0,0) width 186: "Background on 'table-row'"
      RenderBlock {P} at (0,126) size 768x16
        RenderText {#text} at (0,0) size 129x16
          text run at (0,0) width 129: "Three rows are styled."
      RenderBlock {P} at (0,155) size 768x32
        RenderText {#text} at (0,0) size 748x32
          text run at (0,0) width 343: "The first row should have three aqua stripes just inside the "
          text run at (343,0) width 366: "bottom and right border edges of its last cell. The bottom three "
          text run at (709,0) width 39: "stripes"
          text run at (0,16) width 345: "should continue across the row, appearing along the border "
          text run at (345,16) width 103: "edge of each cell."
      RenderBlock {P} at (0,200) size 768x32
        RenderText {#text} at (0,0) size 758x32
          text run at (0,0) width 349: "The second row should have three vertical aqua stripes just "
          text run at (349,0) width 355: "inside the left border edge of the top half of the first cell (Cell "
          text run at (704,0) width 54: "E.) Three"
          text run at (0,16) width 317: "horizontal aqua stripes should cut across that cell and "
          text run at (317,16) width 330: "align along the bottom border edge of the last three cells."
      RenderBlock {P} at (0,245) size 768x16
        RenderText {#text} at (0,0) size 658x16
          text run at (0,0) width 378: "The third row should have three horizontal aqua stripes along the "
          text run at (378,0) width 280: "top border edge of the last three cells in the row."
      RenderBlock {DL} at (0,274) size 768x96
        RenderBlock {DT} at (0,0) size 768x16
          RenderText {#text} at (0,0) size 25x16
            text run at (0,0) width 25: "next"
        RenderBlock {DD} at (40,16) size 728x16
          RenderInline {A} at (0,0) size 297x16 [color=#FFFF00]
            RenderText {#text} at (0,0) size 297x16
              text run at (0,0) width 297: "Background Position: Background on 'table-column'"
          RenderText {#text} at (0,0) size 0x0
        RenderBlock {DT} at (0,32) size 768x16
          RenderText {#text} at (0,0) size 49x16
            text run at (0,0) width 49: "previous"
        RenderBlock {DD} at (40,48) size 728x16
          RenderInline {A} at (0,0) size 333x16 [color=#FFFF00]
            RenderText {#text} at (0,0) size 333x16
              text run at (0,0) width 333: "Background Position: Background on 'table-column-group'"
          RenderText {#text} at (0,0) size 0x0
        RenderBlock {DT} at (0,64) size 768x16
          RenderText {#text} at (0,0) size 50x16
            text run at (0,0) width 50: "contents"
        RenderBlock {DD} at (40,80) size 728x16
          RenderInline {A} at (0,0) size 103x16 [color=#FFFF00]
            RenderText {#text} at (0,0) size 103x16
              text run at (0,0) width 103: "Table of Contents"
          RenderText {#text} at (0,0) size 0x0
      RenderTable {TABLE} at (0,383) size 618x482 [color=#FFFFFF] [border: (1px dotted #FFFFFF)]
        RenderBlock {CAPTION} at (0,0) size 616x24
          RenderText {#text} at (162,0) size 292x24
            text run at (162,0) width 292: "With 'border-collapse: separate'"
        RenderTableCol {COLGROUP} at (0,0) size 0x0
          RenderTableCol {COL} at (0,0) size 0x0
          RenderTableCol {COL} at (0,0) size 0x0
          RenderTableCol {COL} at (0,0) size 0x0
        RenderTableCol {COLGROUP} at (0,0) size 0x0
          RenderTableCol {COL} at (0,0) size 0x0
        RenderTableSection {THEAD} at (1,25) size 616x114
          RenderTableRow {TR} at (0,7) size 616x100 [bgcolor=#000000]
            RenderTableCell {TH} at (7,43) size 130x28 [border: (1px dotted #FFFFFF)] [r=0 c=0 rs=1 cs=1]
              RenderText {#text} at (42,2) size 46x24
                text run at (42,2) width 46: "TH A"
            RenderTableCell {TH} at (144,31) size 220x52 [border: (13px dotted #FFFFFF)] [r=0 c=1 rs=1 cs=1]
              RenderText {#text} at (87,14) size 46x24
                text run at (87,14) width 46: "TH B"
            RenderTableCell {TH} at (371,43) size 118x28 [border: (1px dotted #FFFFFF)] [r=0 c=2 rs=1 cs=1]
              RenderText {#text} at (36,2) size 46x24
                text run at (36,2) width 46: "TH C"
            RenderTableCell {TH} at (496,43) size 113x28 [border: (1px dotted #FFFFFF)] [r=0 c=3 rs=1 cs=1]
              RenderText {#text} at (34,2) size 45x24
                text run at (34,2) width 45: "TH D"
        RenderTableSection {TFOOT} at (1,352) size 616x129
          RenderTableRow {TR} at (0,7) size 616x115
            RenderTableCell {TD} at (7,50) size 357x28 [border: (1px dotted #FFFFFF)] [r=0 c=0 rs=1 cs=2]
              RenderText {#text} at (2,2) size 47x24
                text run at (2,2) width 47: "TD M"
            RenderTableCell {TD} at (371,50) size 118x28 [border: (1px dotted #FFFFFF)] [r=0 c=2 rs=1 cs=1]
              RenderText {#text} at (2,2) size 46x24
                text run at (2,2) width 46: "TD O"
            RenderTableCell {TD} at (496,50) size 113x28 [border: (1px dotted #FFFFFF)] [r=0 c=3 rs=1 cs=1]
              RenderText {#text} at (2,2) size 44x24
                text run at (2,2) width 44: "TD P"
        RenderTableSection {TBODY} at (1,139) size 616x213
          RenderTableRow {TR} at (0,7) size 616x108 [bgcolor=#000000]
            RenderTableCell {TD} at (7,80) size 130x52 [border: (13px dotted #FFFFFF)] [r=0 c=0 rs=2 cs=1]
              RenderText {#text} at (14,14) size 44x24
                text run at (14,14) width 44: "TD E"
            RenderTableCell {TD} at (144,47) size 220x28 [border: (1px dotted #FFFFFF)] [r=0 c=1 rs=1 cs=1]
              RenderText {#text} at (2,2) size 43x24
                text run at (2,2) width 43: "TD F"
            RenderTableCell {TD} at (371,47) size 118x28 [border: (1px dotted #FFFFFF)] [r=0 c=2 rs=1 cs=1]
              RenderText {#text} at (2,2) size 46x24
                text run at (2,2) width 46: "TD G"
            RenderTableCell {TD} at (496,47) size 113x28 [border: (1px dotted #FFFFFF)] [r=0 c=3 rs=1 cs=1]
              RenderText {#text} at (2,2) size 45x24
                text run at (2,2) width 45: "TD H"
          RenderTableRow {TR} at (0,122) size 616x84 [bgcolor=#000000]
            RenderTableCell {TD} at (144,150) size 220x28 [border: (1px dotted #FFFFFF)] [r=1 c=1 rs=1 cs=1]
              RenderText {#text} at (2,2) size 42x24
                text run at (2,2) width 42: "TD J"
            RenderTableCell {TD} at (371,150) size 118x28 [border: (1px dotted #FFFFFF)] [r=1 c=2 rs=1 cs=1]
              RenderText {#text} at (2,2) size 45x24
                text run at (2,2) width 45: "TD K"
            RenderTableCell {TD} at (496,150) size 113x28 [border: (1px dotted #FFFFFF)] [r=1 c=3 rs=1 cs=1]
              RenderText {#text} at (2,2) size 43x24
                text run at (2,2) width 43: "TD L"
      RenderTable {TABLE} at (0,865) size 578x434 [color=#FFFFFF] [border: (6px dotted #FFFFFF)]
        RenderBlock {CAPTION} at (0,0) size 577x24
          RenderText {#text} at (143,0) size 291x24
            text run at (143,0) width 291: "With 'border-collapse: collapse'"
        RenderTableCol {COLGROUP} at (0,0) size 0x0
          RenderTableCol {COL} at (0,0) size 0x0
          RenderTableCol {COL} at (0,0) size 0x0
          RenderTableCol {COL} at (0,0) size 0x0
        RenderTableCol {COLGROUP} at (0,0) size 0x0
          RenderTableCol {COL} at (0,0) size 0x0
        RenderTableSection {THEAD} at (0,30) size 577x99
          RenderTableRow {TR} at (0,0) size 577x99 [bgcolor=#000000]
            RenderTableCell {TH} at (0,33) size 135x33 [border: (1px dotted #FFFFFF)] [r=0 c=0 rs=1 cs=1]
              RenderText {#text} at (42,2) size 46x24
                text run at (42,2) width 46: "TH A"
            RenderTableCell {TH} at (135,30) size 207x39 [border: (7px dotted #FFFFFF)] [r=0 c=1 rs=1 cs=1]
              RenderText {#text} at (81,8) size 46x24
                text run at (81,8) width 46: "TH B"
            RenderTableCell {TH} at (342,36) size 123x27 [border: (1px dotted #FFFFFF)] [r=0 c=2 rs=1 cs=1]
              RenderText {#text} at (42,2) size 46x24
                text run at (42,2) width 46: "TH C"
            RenderTableCell {TH} at (465,36) size 112x27 [border: (1px dotted #FFFFFF)] [r=0 c=3 rs=1 cs=1]
              RenderText {#text} at (34,2) size 45x24
                text run at (34,2) width 45: "TH D"
        RenderTableSection {TFOOT} at (0,319) size 577x114
          RenderTableRow {TR} at (0,0) size 577x114
            RenderTableCell {TD} at (0,40) size 342x33 [border: (7px dotted #FFFFFF)] [r=0 c=0 rs=1 cs=2]
              RenderText {#text} at (2,8) size 47x24
                text run at (2,8) width 47: "TD M"
            RenderTableCell {TD} at (342,43) size 123x27 [border: (1px dotted #FFFFFF)] [r=0 c=2 rs=1 cs=1]
              RenderText {#text} at (2,2) size 46x24
                text run at (2,2) width 46: "TD O"
            RenderTableCell {TD} at (465,43) size 112x27 [border: (1px dotted #FFFFFF)] [r=0 c=3 rs=1 cs=1]
              RenderText {#text} at (2,2) size 44x24
                text run at (2,2) width 44: "TD P"
        RenderTableSection {TBODY} at (0,129) size 577x190
          RenderTableRow {TR} at (0,0) size 577x107 [bgcolor=#000000]
            RenderTableCell {TD} at (0,75) size 135x39 [border: (7px dotted #FFFFFF)] [r=0 c=0 rs=2 cs=1]
              RenderText {#text} at (8,8) size 44x24
                text run at (8,8) width 44: "TD E"
            RenderTableCell {TD} at (135,37) size 207x33 [border: (7px dotted #FFFFFF)] [r=0 c=1 rs=1 cs=1]
              RenderText {#text} at (8,8) size 43x24
                text run at (8,8) width 43: "TD F"
            RenderTableCell {TD} at (342,40) size 123x27 [border: (1px dotted #FFFFFF)] [r=0 c=2 rs=1 cs=1]
              RenderText {#text} at (2,2) size 46x24
                text run at (2,2) width 46: "TD G"
            RenderTableCell {TD} at (465,40) size 112x27 [border: (1px dotted #FFFFFF)] [r=0 c=3 rs=1 cs=1]
              RenderText {#text} at (2,2) size 45x24
                text run at (2,2) width 45: "TD H"
          RenderTableRow {TR} at (0,107) size 577x83 [bgcolor=#000000]
            RenderTableCell {TD} at (135,135) size 207x27 [border: (1px dotted #FFFFFF)] [r=1 c=1 rs=1 cs=1]
              RenderText {#text} at (8,2) size 42x24
                text run at (8,2) width 42: "TD J"
            RenderTableCell {TD} at (342,135) size 123x27 [border: (1px dotted #FFFFFF)] [r=1 c=2 rs=1 cs=1]
              RenderText {#text} at (2,2) size 45x24
                text run at (2,2) width 45: "TD K"
            RenderTableCell {TD} at (465,135) size 112x27 [border: (1px dotted #FFFFFF)] [r=1 c=3 rs=1 cs=1]
              RenderText {#text} at (2,2) size 43x24
                text run at (2,2) width 43: "TD L"
      RenderBlock {DIV} at (0,1299) size 768x34
        RenderInline {A} at (0,0) size 88x16 [color=#FFFF00]
          RenderImage {IMG} at (0,0) size 88x31
        RenderText {#text} at (0,0) size 0x0
      RenderBlock {ADDRESS} at (0,1333) size 768x16
        RenderText {#text} at (0,0) size 555x16
          text run at (0,0) width 555: "CSS2 Table Backgrounds Test Suite designed and written by fantasai <fantasai@escape.com>"
