layer at (0,0) size 784x1446
  RenderView at (0,0) size 784x600
layer at (0,0) size 784x1446
  RenderBlock {HTML} at (0,0) size 784x1446
    RenderBody {BODY} at (8,17) size 768x1421 [color=#00FF00] [bgcolor=#333333]
      RenderBlock {H1} at (0,0) size 768x33
        RenderText {#text} at (0,0) size 443x33
          text run at (0,0) width 443: "CSS2 Table Backgrounds Test Suite"
      RenderBlock {H2} at (0,50) size 768x26
        RenderText {#text} at (0,0) size 316x26
          text run at (0,0) width 316: "Part D: Background with Borders"
      RenderBlock {H3} at (0,92) size 768x19
        RenderText {#text} at (0,0) size 211x19
          text run at (0,0) width 211: "Background on 'table-column'"
      RenderBlock {P} at (0,126) size 768x16
        RenderText {#text} at (0,0) size 151x16
          text run at (0,0) width 151: "Three columns are styled."
      RenderBlock {P} at (0,155) size 768x80
        RenderText {#text} at (0,0) size 767x80
          text run at (0,0) width 719: "In the first column, there should be three vertical stripes along the padding edge of the first cell, continuing down through the"
          text run at (0,16) width 756: "column. (In cell E, the aqua stripe will be obscured by the thicker right border.) The stripes will cut across cell E as well, but will be"
          text run at (0,32) width 767: "further obscured by its thick border. In the border-collapsed table, the same will happen to the vertical stripes in cell A due to cell B's"
          text run at (0,48) width 736: "thick border. The stripes should continue in the last cell, turning a right angle to the left into three aqua stripes along the bottom"
          text run at (0,64) width 592: "border edge of the last cell. The last cell (M) should not have three vertical stripes along its right edge."
      RenderBlock {P} at (0,248) size 768x32
        RenderText {#text} at (0,0) size 767x32
          text run at (0,0) width 767: "In the second column, three vertical strips should run along the right of the first three cells, aligning along cell F's right padding edge."
          text run at (0,16) width 359: "(The stripes will be partially obscured by cell B's thick border.)"
      RenderBlock {P} at (0,293) size 768x32
        RenderText {#text} at (0,0) size 755x32
          text run at (0,0) width 755: "In the third column, there should be three vertical stripes should run across the top of the first cell and down the left of the column,"
          text run at (0,16) width 694: "aligning along cell K's left padding edge. In border-collapse mode, they will be partially obscured by cell B's thick border."
      RenderBlock {DL} at (0,338) size 768x96
        RenderBlock {DT} at (0,0) size 768x16
          RenderText {#text} at (0,0) size 25x16
            text run at (0,0) width 25: "next"
        RenderBlock {DD} at (40,16) size 728x16
          RenderInline {A} at (0,0) size 300x16 [color=#FFFF00]
            RenderText {#text} at (0,0) size 300x16
              text run at (0,0) width 300: "Background with Borders: Background on 'table-cell'"
          RenderText {#text} at (0,0) size 0x0
        RenderBlock {DT} at (0,32) size 768x16
          RenderText {#text} at (0,0) size 49x16
            text run at (0,0) width 49: "previous"
        RenderBlock {DD} at (40,48) size 728x16
          RenderInline {A} at (0,0) size 300x16 [color=#FFFF00]
            RenderText {#text} at (0,0) size 300x16
              text run at (0,0) width 300: "Background with Borders: Background on 'table-row'"
          RenderText {#text} at (0,0) size 0x0
        RenderBlock {DT} at (0,64) size 768x16
          RenderText {#text} at (0,0) size 50x16
            text run at (0,0) width 50: "contents"
        RenderBlock {DD} at (40,80) size 728x16
          RenderInline {A} at (0,0) size 103x16 [color=#FFFF00]
            RenderText {#text} at (0,0) size 103x16
              text run at (0,0) width 103: "Table of Contents"
          RenderText {#text} at (0,0) size 0x0
      RenderTable {TABLE} at (0,447) size 630x486 [color=#FFFFFF] [border: (3px dotted #FFFFFF)]
        RenderBlock {CAPTION} at (0,0) size 624x24
          RenderText {#text} at (166,0) size 292x24
            text run at (166,0) width 292: "With 'border-collapse: separate'"
        RenderTableCol {COLGROUP} at (0,0) size 0x0
          RenderTableCol {COL} at (0,0) size 0x0 [bgcolor=#000000] [border: (5px dashed #FFFFFF)]
          RenderTableCol {COL} at (0,0) size 0x0 [bgcolor=#000000] [border: (9px dashed #FFFFFF)]
          RenderTableCol {COL} at (0,0) size 0x0 [bgcolor=#000000] [border: (5px dashed #FFFFFF)]
        RenderTableCol {COLGROUP} at (0,0) size 0x0
          RenderTableCol {COL} at (0,0) size 0x0
        RenderTableSection {THEAD} at (3,27) size 624x114
          RenderTableRow {TR} at (0,7) size 624x100
            RenderTableCell {TH} at (7,39) size 138x36 [border: (5px dashed #FFFFFF)] [r=0 c=0 rs=1 cs=1]
              RenderText {#text} at (46,6) size 46x24
                text run at (46,6) width 46: "TH A"
            RenderTableCell {TH} at (152,31) size 220x52 [border: (13px dotted #FFFFFF)] [r=0 c=1 rs=1 cs=1]
              RenderText {#text} at (87,14) size 46x24
                text run at (87,14) width 46: "TH B"
            RenderTableCell {TH} at (379,43) size 118x28 [border: (1px dotted #FFFFFF)] [r=0 c=2 rs=1 cs=1]
              RenderText {#text} at (36,2) size 46x24
                text run at (36,2) width 46: "TH C"
            RenderTableCell {TH} at (504,43) size 113x28 [border: (1px dotted #FFFFFF)] [r=0 c=3 rs=1 cs=1]
              RenderText {#text} at (34,2) size 45x24
                text run at (34,2) width 45: "TH D"
        RenderTableSection {TFOOT} at (3,354) size 624x129
          RenderTableRow {TR} at (0,7) size 624x115
            RenderTableCell {TD} at (7,46) size 365x36 [border: (5px dashed #FFFFFF)] [r=0 c=0 rs=1 cs=2]
              RenderText {#text} at (6,6) size 47x24
                text run at (6,6) width 47: "TD M"
            RenderTableCell {TD} at (379,50) size 118x28 [border: (1px dotted #FFFFFF)] [r=0 c=2 rs=1 cs=1]
              RenderText {#text} at (2,2) size 46x24
                text run at (2,2) width 46: "TD O"
            RenderTableCell {TD} at (504,50) size 113x28 [border: (1px dotted #FFFFFF)] [r=0 c=3 rs=1 cs=1]
              RenderText {#text} at (2,2) size 44x24
                text run at (2,2) width 44: "TD P"
        RenderTableSection {TBODY} at (3,141) size 624x213
          RenderTableRow {TR} at (0,7) size 624x108
            RenderTableCell {TD} at (7,80) size 138x52 [border: (13px dotted #FFFFFF)] [r=0 c=0 rs=2 cs=1]
              RenderText {#text} at (14,14) size 44x24
                text run at (14,14) width 44: "TD E"
            RenderTableCell {TD} at (152,39) size 220x44 [border: (9px dashed #FFFFFF)] [r=0 c=1 rs=1 cs=1]
              RenderText {#text} at (10,10) size 43x24
                text run at (10,10) width 43: "TD F"
            RenderTableCell {TD} at (379,43) size 118x36 [border: (5px dashed #FFFFFF)] [r=0 c=2 rs=1 cs=1]
              RenderText {#text} at (6,6) size 46x24
                text run at (6,6) width 46: "TD G"
            RenderTableCell {TD} at (504,47) size 113x28 [border: (1px dotted #FFFFFF)] [r=0 c=3 rs=1 cs=1]
              RenderText {#text} at (2,2) size 45x24
                text run at (2,2) width 45: "TD H"
          RenderTableRow {TR} at (0,122) size 624x84
            RenderTableCell {TD} at (152,150) size 220x28 [border: (1px dotted #FFFFFF)] [r=1 c=1 rs=1 cs=1]
              RenderText {#text} at (2,2) size 42x24
                text run at (2,2) width 42: "TD J"
            RenderTableCell {TD} at (379,150) size 118x28 [border: (1px dotted #FFFFFF)] [r=1 c=2 rs=1 cs=1]
              RenderText {#text} at (2,2) size 45x24
                text run at (2,2) width 45: "TD K"
            RenderTableCell {TD} at (504,150) size 113x28 [border: (1px dotted #FFFFFF)] [r=1 c=3 rs=1 cs=1]
              RenderText {#text} at (2,2) size 43x24
                text run at (2,2) width 43: "TD L"
      RenderTable {TABLE} at (0,933) size 588x438 [color=#FFFFFF] [border: (6px dotted #FFFFFF)]
        RenderBlock {CAPTION} at (0,0) size 584x24
          RenderText {#text} at (147,0) size 290x24
            text run at (147,0) width 290: "With 'border-collapse: collapse'"
        RenderTableCol {COLGROUP} at (0,0) size 0x0
          RenderTableCol {COL} at (0,0) size 0x0 [bgcolor=#000000] [border: (5px dashed #FFFFFF)]
          RenderTableCol {COL} at (0,0) size 0x0 [bgcolor=#000000] [border: (9px dashed #FFFFFF)]
          RenderTableCol {COL} at (0,0) size 0x0 [bgcolor=#000000] [border: (5px dashed #FFFFFF)]
        RenderTableCol {COLGROUP} at (0,0) size 0x0
          RenderTableCol {COL} at (0,0) size 0x0
        RenderTableSection {THEAD} at (2,30) size 584x100
          RenderTableRow {TR} at (0,0) size 584x100
            RenderTableCell {TH} at (0,32) size 137x35 [border: (3px dashed #FFFFFF)] [r=0 c=0 rs=1 cs=1]
              RenderText {#text} at (44,4) size 46x24
                text run at (44,4) width 46: "TH A"
            RenderTableCell {TH} at (137,30) size 207x39 [border: (7px dotted #FFFFFF)] [r=0 c=1 rs=1 cs=1]
              RenderText {#text} at (81,8) size 46x24
                text run at (81,8) width 46: "TH B"
            RenderTableCell {TH} at (344,34) size 125x31 [border: (3px dotted #FFFFFF)] [r=0 c=2 rs=1 cs=1]
              RenderText {#text} at (42,4) size 46x24
                text run at (42,4) width 46: "TH C"
            RenderTableCell {TH} at (469,36) size 115x28 [border: (2px dotted #FFFFFF)] [r=0 c=3 rs=1 cs=1]
              RenderText {#text} at (36,3) size 45x24
                text run at (36,3) width 45: "TH D"
        RenderTableSection {TFOOT} at (2,320) size 584x115
          RenderTableRow {TR} at (0,0) size 584x115
            RenderTableCell {TD} at (0,40) size 344x35 [border: (7px dashed #FFFFFF)] [r=0 c=0 rs=1 cs=2]
              RenderText {#text} at (4,8) size 47x24
                text run at (4,8) width 47: "TD M"
            RenderTableCell {TD} at (344,43) size 125x29 [border: (1px dotted #FFFFFF)] [r=0 c=2 rs=1 cs=1]
              RenderText {#text} at (6,2) size 46x24
                text run at (6,2) width 46: "TD O"
            RenderTableCell {TD} at (469,43) size 115x28 [border: (1px dotted #FFFFFF)] [r=0 c=3 rs=1 cs=1]
              RenderText {#text} at (4,2) size 44x24
                text run at (4,2) width 44: "TD P"
        RenderTableSection {TBODY} at (2,130) size 584x190
          RenderTableRow {TR} at (0,0) size 584x107
            RenderTableCell {TD} at (0,75) size 137x39 [border: (7px dotted #FFFFFF)] [r=0 c=0 rs=2 cs=1]
              RenderText {#text} at (8,8) size 44x24
                text run at (8,8) width 44: "TD E"
            RenderTableCell {TD} at (137,35) size 207x37 [border: (7px dashed #FFFFFF)] [r=0 c=1 rs=1 cs=1]
              RenderText {#text} at (8,8) size 43x24
                text run at (8,8) width 43: "TD F"
            RenderTableCell {TD} at (344,38) size 125x31 [border: (3px dashed #FFFFFF)] [r=0 c=2 rs=1 cs=1]
              RenderText {#text} at (6,4) size 46x24
                text run at (6,4) width 46: "TD G"
            RenderTableCell {TD} at (469,40) size 115x27 [border: (1px dotted #FFFFFF)] [r=0 c=3 rs=1 cs=1]
              RenderText {#text} at (4,2) size 45x24
                text run at (4,2) width 45: "TD H"
          RenderTableRow {TR} at (0,107) size 584x83
            RenderTableCell {TD} at (137,132) size 207x33 [border: (5px dotted #FFFFFF)] [r=1 c=1 rs=1 cs=1]
              RenderText {#text} at (8,6) size 42x24
                text run at (8,6) width 42: "TD J"
            RenderTableCell {TD} at (344,134) size 125x29 [border: (3px dotted #FFFFFF)] [r=1 c=2 rs=1 cs=1]
              RenderText {#text} at (6,4) size 45x24
                text run at (6,4) width 45: "TD K"
            RenderTableCell {TD} at (469,135) size 115x27 [border: (1px dotted #FFFFFF)] [r=1 c=3 rs=1 cs=1]
              RenderText {#text} at (4,2) size 43x24
                text run at (4,2) width 43: "TD L"
      RenderBlock {DIV} at (0,1371) size 768x34
        RenderInline {A} at (0,0) size 88x16 [color=#FFFF00]
          RenderImage {IMG} at (0,0) size 88x31
        RenderText {#text} at (0,0) size 0x0
      RenderBlock {ADDRESS} at (0,1405) size 768x16
        RenderText {#text} at (0,0) size 555x16
          text run at (0,0) width 555: "CSS2 Table Backgrounds Test Suite designed and written by fantasai <fantasai@escape.com>"
