layer at (0,0) size 784x1705
  RenderView at (0,0) size 784x600
layer at (0,0) size 784x1705
  RenderBlock {HTML} at (0,0) size 784x1705
    RenderBody {BODY} at (8,17) size 768x1675 [color=#00FF00] [bgcolor=#333333]
      RenderBlock {H1} at (0,0) size 768x33
        RenderText {#text} at (0,0) size 443x33
          text run at (0,0) width 443: "CSS2 Table Backgrounds Test Suite"
      RenderBlock {H2} at (0,50) size 768x26
        RenderText {#text} at (0,0) size 199x26
          text run at (0,0) width 199: "Part E: Special Tests"
      RenderBlock {H3} at (0,92) size 768x19
        RenderText {#text} at (0,0) size 136x19
          text run at (0,0) width 136: "Fixed Backgrounds"
      RenderBlock {UL} at (0,126) size 768x48
        RenderListItem {LI} at (40,0) size 728x32
          RenderListMarker at (-16,0) size 6x16: bullet
          RenderText {#text} at (0,0) size 723x32
            text run at (0,0) width 723: "If you scroll the table over the top left corner of the viewport, the first, second, and fourth rows as well as cell L should reveal"
            text run at (0,16) width 413: "a purple and aqua band forming a 90-degree angle in the top left corner."
        RenderListItem {LI} at (40,32) size 728x16
          RenderListMarker at (-16,0) size 6x16: bullet
          RenderText {#text} at (0,0) size 500x16
            text run at (0,0) width 500: "Cells A and P should have a rainbow background that seems attached to the viewport."
      RenderBlock {DL} at (0,187) size 768x64
        RenderBlock {DT} at (0,0) size 768x16
          RenderText {#text} at (0,0) size 49x16
            text run at (0,0) width 49: "previous"
        RenderBlock {DD} at (40,16) size 728x16
          RenderInline {A} at (0,0) size 130x16 [color=#FFFF00]
            RenderText {#text} at (0,0) size 130x16
              text run at (0,0) width 130: "Special Tests: opacity"
          RenderText {#text} at (0,0) size 0x0
        RenderBlock {DT} at (0,32) size 768x16
          RenderText {#text} at (0,0) size 50x16
            text run at (0,0) width 50: "contents"
        RenderBlock {DD} at (40,48) size 728x16
          RenderInline {A} at (0,0) size 103x16 [color=#FFFF00]
            RenderText {#text} at (0,0) size 103x16
              text run at (0,0) width 103: "Table of Contents"
          RenderText {#text} at (0,0) size 0x0
      RenderTable {TABLE} at (0,264) size 618x482 [color=#000000] [bgcolor=#FFFFFF] [border: (1px dotted #000000)]
        RenderBlock {CAPTION} at (0,0) size 616x24 [color=#FFFFFF]
          RenderText {#text} at (162,0) size 292x24
            text run at (162,0) width 292: "With 'border-collapse: separate'"
        RenderTableCol {COLGROUP} at (0,0) size 0x0
          RenderTableCol {COL} at (0,0) size 0x0
          RenderTableCol {COL} at (0,0) size 0x0
          RenderTableCol {COL} at (0,0) size 0x0
        RenderTableCol {COLGROUP} at (0,0) size 0x0
          RenderTableCol {COL} at (0,0) size 0x0
        RenderTableSection {THEAD} at (1,25) size 616x114
          RenderTableRow {TR} at (0,7) size 616x100
            RenderTableCell {TH} at (7,43) size 130x28 [border: (1px dotted #000000)] [r=0 c=0 rs=1 cs=1]
              RenderText {#text} at (42,2) size 46x24
                text run at (42,2) width 46: "TH A"
            RenderTableCell {TH} at (144,31) size 220x52 [border: (13px dotted #000000)] [r=0 c=1 rs=1 cs=1]
              RenderText {#text} at (87,14) size 46x24
                text run at (87,14) width 46: "TH B"
            RenderTableCell {TH} at (371,55) size 118x4 [border: (1px dotted #000000)] [r=0 c=2 rs=1 cs=1]
            RenderTableCell {TH} at (496,43) size 113x28 [border: (1px dotted #000000)] [r=0 c=3 rs=1 cs=1]
              RenderText {#text} at (34,2) size 45x24
                text run at (34,2) width 45: "TH D"
        RenderTableSection {TFOOT} at (1,352) size 616x129
          RenderTableRow {TR} at (0,7) size 616x115
            RenderTableCell {TD} at (7,50) size 357x28 [border: (1px dotted #000000)] [r=0 c=0 rs=1 cs=2]
              RenderText {#text} at (2,2) size 47x24
                text run at (2,2) width 47: "TD M"
            RenderTableCell {TD} at (371,50) size 118x28 [border: (1px dotted #000000)] [r=0 c=2 rs=1 cs=1]
              RenderText {#text} at (2,2) size 46x24
                text run at (2,2) width 46: "TD O"
            RenderTableCell {TD} at (496,50) size 113x28 [border: (1px dotted #000000)] [r=0 c=3 rs=1 cs=1]
              RenderText {#text} at (2,2) size 44x24
                text run at (2,2) width 44: "TD P"
        RenderTableSection {TBODY} at (1,139) size 616x213
          RenderTableRow {TR} at (0,7) size 616x108
            RenderTableCell {TD} at (7,80) size 130x52 [border: (13px dotted #000000)] [r=0 c=0 rs=2 cs=1]
              RenderText {#text} at (14,14) size 44x24
                text run at (14,14) width 44: "TD E"
            RenderTableCell {TD} at (144,47) size 220x28 [border: (1px dotted #000000)] [r=0 c=1 rs=1 cs=1]
              RenderText {#text} at (2,2) size 43x24
                text run at (2,2) width 43: "TD F"
            RenderTableCell {TD} at (371,47) size 118x28 [border: (1px dotted #000000)] [r=0 c=2 rs=1 cs=1]
              RenderText {#text} at (2,2) size 46x24
                text run at (2,2) width 46: "TD G"
            RenderTableCell {TD} at (496,47) size 113x28 [border: (1px dotted #000000)] [r=0 c=3 rs=1 cs=1]
              RenderText {#text} at (2,2) size 45x24
                text run at (2,2) width 45: "TD H"
          RenderTableRow {TR} at (0,122) size 616x84
            RenderTableCell {TD} at (144,150) size 220x28 [border: (1px dotted #000000)] [r=1 c=1 rs=1 cs=1]
              RenderText {#text} at (2,2) size 42x24
                text run at (2,2) width 42: "TD J"
            RenderTableCell {TD} at (371,150) size 118x28 [border: (1px dotted #000000)] [r=1 c=2 rs=1 cs=1]
              RenderText {#text} at (2,2) size 45x24
                text run at (2,2) width 45: "TD K"
            RenderTableCell {TD} at (496,150) size 113x28 [border: (1px dotted #000000)] [r=1 c=3 rs=1 cs=1]
              RenderText {#text} at (2,2) size 43x24
                text run at (2,2) width 43: "TD L"
      RenderTable {TABLE} at (0,746) size 578x434 [color=#000000] [bgcolor=#FFFFFF] [border: (6px dotted #000000)]
        RenderBlock {CAPTION} at (0,0) size 577x24 [color=#FFFFFF]
          RenderText {#text} at (143,0) size 291x24
            text run at (143,0) width 291: "With 'border-collapse: collapse'"
        RenderTableCol {COLGROUP} at (0,0) size 0x0
          RenderTableCol {COL} at (0,0) size 0x0
          RenderTableCol {COL} at (0,0) size 0x0
          RenderTableCol {COL} at (0,0) size 0x0
        RenderTableCol {COLGROUP} at (0,0) size 0x0
          RenderTableCol {COL} at (0,0) size 0x0
        RenderTableSection {THEAD} at (0,30) size 577x99
          RenderTableRow {TR} at (0,0) size 577x99
            RenderTableCell {TH} at (0,33) size 135x33 [border: (1px dotted #000000)] [r=0 c=0 rs=1 cs=1]
              RenderText {#text} at (42,2) size 46x24
                text run at (42,2) width 46: "TH A"
            RenderTableCell {TH} at (135,30) size 207x39 [border: (7px dotted #000000)] [r=0 c=1 rs=1 cs=1]
              RenderText {#text} at (81,8) size 46x24
                text run at (81,8) width 46: "TH B"
            RenderTableCell {TH} at (342,48) size 123x3 [border: (1px dotted #000000)] [r=0 c=2 rs=1 cs=1]
            RenderTableCell {TH} at (465,36) size 112x27 [border: (1px dotted #000000)] [r=0 c=3 rs=1 cs=1]
              RenderText {#text} at (34,2) size 45x24
                text run at (34,2) width 45: "TH D"
        RenderTableSection {TFOOT} at (0,319) size 577x114
          RenderTableRow {TR} at (0,0) size 577x114
            RenderTableCell {TD} at (0,40) size 342x33 [border: (7px dotted #000000)] [r=0 c=0 rs=1 cs=2]
              RenderText {#text} at (2,8) size 47x24
                text run at (2,8) width 47: "TD M"
            RenderTableCell {TD} at (342,43) size 123x27 [border: (1px dotted #000000)] [r=0 c=2 rs=1 cs=1]
              RenderText {#text} at (2,2) size 46x24
                text run at (2,2) width 46: "TD O"
            RenderTableCell {TD} at (465,43) size 112x27 [border: (1px dotted #000000)] [r=0 c=3 rs=1 cs=1]
              RenderText {#text} at (2,2) size 44x24
                text run at (2,2) width 44: "TD P"
        RenderTableSection {TBODY} at (0,129) size 577x190
          RenderTableRow {TR} at (0,0) size 577x107
            RenderTableCell {TD} at (0,75) size 135x39 [border: (7px dotted #000000)] [r=0 c=0 rs=2 cs=1]
              RenderText {#text} at (8,8) size 44x24
                text run at (8,8) width 44: "TD E"
            RenderTableCell {TD} at (135,37) size 207x33 [border: (7px dotted #000000)] [r=0 c=1 rs=1 cs=1]
              RenderText {#text} at (8,8) size 43x24
                text run at (8,8) width 43: "TD F"
            RenderTableCell {TD} at (342,40) size 123x27 [border: (1px dotted #000000)] [r=0 c=2 rs=1 cs=1]
              RenderText {#text} at (2,2) size 46x24
                text run at (2,2) width 46: "TD G"
            RenderTableCell {TD} at (465,40) size 112x27 [border: (1px dotted #000000)] [r=0 c=3 rs=1 cs=1]
              RenderText {#text} at (2,2) size 45x24
                text run at (2,2) width 45: "TD H"
          RenderTableRow {TR} at (0,107) size 577x83
            RenderTableCell {TD} at (135,135) size 207x27 [border: (1px dotted #000000)] [r=1 c=1 rs=1 cs=1]
              RenderText {#text} at (8,2) size 42x24
                text run at (8,2) width 42: "TD J"
            RenderTableCell {TD} at (342,135) size 123x27 [border: (1px dotted #000000)] [r=1 c=2 rs=1 cs=1]
              RenderText {#text} at (2,2) size 45x24
                text run at (2,2) width 45: "TD K"
            RenderTableCell {TD} at (465,135) size 112x27 [border: (1px dotted #000000)] [r=1 c=3 rs=1 cs=1]
              RenderText {#text} at (2,2) size 43x24
                text run at (2,2) width 43: "TD L"
      RenderBlock {DIV} at (0,1180) size 768x34
        RenderInline {A} at (0,0) size 88x16 [color=#FFFF00]
          RenderImage {IMG} at (0,0) size 88x31
        RenderText {#text} at (0,0) size 0x0
      RenderBlock {ADDRESS} at (0,1214) size 768x16
        RenderText {#text} at (0,0) size 555x16
          text run at (0,0) width 555: "CSS2 Table Backgrounds Test Suite designed and written by fantasai <fantasai@escape.com>"
      RenderBlock {PRE} at (0,1243) size 768x432
        RenderText {#text} at (0,0) size 768x432
          text run at (0,0) width 768: "................................................................................................................................................................................................"
          text run at (768,0) width 0: " "
          text run at (0,16) width 4: "."
          text run at (4,16) width 0: " "
          text run at (0,32) width 4: "."
          text run at (4,32) width 0: " "
          text run at (0,48) width 4: "."
          text run at (4,48) width 0: " "
          text run at (0,64) width 4: "."
          text run at (4,64) width 0: " "
          text run at (0,80) width 4: "."
          text run at (4,80) width 0: " "
          text run at (0,96) width 4: "."
          text run at (4,96) width 0: " "
          text run at (0,112) width 4: "."
          text run at (4,112) width 0: " "
          text run at (0,128) width 4: "."
          text run at (4,128) width 0: " "
          text run at (0,144) width 4: "."
          text run at (4,144) width 0: " "
          text run at (0,160) width 4: "."
          text run at (4,160) width 0: " "
          text run at (0,176) width 4: "."
          text run at (4,176) width 0: " "
          text run at (0,192) width 4: "."
          text run at (4,192) width 0: " "
          text run at (0,208) width 4: "."
          text run at (4,208) width 0: " "
          text run at (0,224) width 4: "."
          text run at (4,224) width 0: " "
          text run at (0,240) width 4: "."
          text run at (4,240) width 0: " "
          text run at (0,256) width 4: "."
          text run at (4,256) width 0: " "
          text run at (0,272) width 4: "."
          text run at (4,272) width 0: " "
          text run at (0,288) width 4: "."
          text run at (4,288) width 0: " "
          text run at (0,304) width 4: "."
          text run at (4,304) width 0: " "
          text run at (0,320) width 4: "."
          text run at (4,320) width 0: " "
          text run at (0,336) width 4: "."
          text run at (4,336) width 0: " "
          text run at (0,352) width 4: "."
          text run at (4,352) width 0: " "
          text run at (0,368) width 4: "."
          text run at (4,368) width 0: " "
          text run at (0,384) width 4: "."
          text run at (4,384) width 0: " "
          text run at (0,400) width 4: "."
          text run at (4,400) width 0: " "
          text run at (0,416) width 4: "."
          text run at (4,416) width 0: " "
