layer at (0,0) size 784x1324
  RenderView at (0,0) size 784x600
layer at (0,0) size 784x1324
  RenderBlock {HTML} at (0,0) size 784x1324
    RenderBody {BODY} at (8,17) size 768x1299 [color=#00FF00] [bgcolor=#333333]
      RenderBlock {H1} at (0,0) size 768x33
        RenderText {#text} at (0,0) size 443x33
          text run at (0,0) width 443: "CSS2 Table Backgrounds Test Suite"
      RenderBlock {H2} at (0,50) size 768x26
        RenderText {#text} at (0,0) size 316x26
          text run at (0,0) width 316: "Part D: Background with Borders"
      RenderBlock {H3} at (0,92) size 768x19
        RenderText {#text} at (0,0) size 258x19
          text run at (0,0) width 258: "Background on 'table-column-group'"
      RenderBlock {P} at (0,126) size 768x32
        RenderText {#text} at (0,0) size 750x32
          text run at (0,0) width 750: "Three aqua stripes should run along the bottom of the last cell in the first three columns and up along the right edge of the cells in"
          text run at (0,16) width 541: "the third column. The stripes should align to be just inside the padding edge in cells M and G."
      RenderBlock {P} at (0,171) size 768x32
        RenderText {#text} at (0,0) size 757x32
          text run at (0,0) width 757: "Three aqua stripes should also run just inside the top padding edge of the first cell in the last column and down the left border edge"
          text run at (0,16) width 157: "of each cell in that column."
      RenderBlock {DL} at (0,216) size 768x96
        RenderBlock {DT} at (0,0) size 768x16
          RenderText {#text} at (0,0) size 25x16
            text run at (0,0) width 25: "next"
        RenderBlock {DD} at (40,16) size 728x16
          RenderInline {A} at (0,0) size 300x16 [color=#FFFF00]
            RenderText {#text} at (0,0) size 300x16
              text run at (0,0) width 300: "Background with Borders: Background on 'table-row'"
          RenderText {#text} at (0,0) size 0x0
        RenderBlock {DT} at (0,32) size 768x16
          RenderText {#text} at (0,0) size 49x16
            text run at (0,0) width 49: "previous"
        RenderBlock {DD} at (40,48) size 728x16
          RenderInline {A} at (0,0) size 336x16 [color=#FFFF00]
            RenderText {#text} at (0,0) size 336x16
              text run at (0,0) width 336: "Background with Borders: Background on 'table-row-group'"
          RenderText {#text} at (0,0) size 0x0
        RenderBlock {DT} at (0,64) size 768x16
          RenderText {#text} at (0,0) size 50x16
            text run at (0,0) width 50: "contents"
        RenderBlock {DD} at (40,80) size 728x16
          RenderInline {A} at (0,0) size 103x16 [color=#FFFF00]
            RenderText {#text} at (0,0) size 103x16
              text run at (0,0) width 103: "Table of Contents"
          RenderText {#text} at (0,0) size 0x0
      RenderTable {TABLE} at (0,325) size 622x486 [color=#FFFFFF] [border: (3px dotted #FFFFFF)]
        RenderBlock {CAPTION} at (0,0) size 616x24
          RenderText {#text} at (162,0) size 292x24
            text run at (162,0) width 292: "With 'border-collapse: separate'"
        RenderTableCol {COLGROUP} at (0,0) size 0x0 [bgcolor=#000000] [border: (5px dashed #FFFFFF)]
          RenderTableCol {COL} at (0,0) size 0x0
          RenderTableCol {COL} at (0,0) size 0x0
          RenderTableCol {COL} at (0,0) size 0x0 [border: (9px dashed #FFFFFF)]
        RenderTableCol {COLGROUP} at (0,0) size 0x0 [bgcolor=#000000]
          RenderTableCol {COL} at (0,0) size 0x0
        RenderTableSection {THEAD} at (3,27) size 616x114
          RenderTableRow {TR} at (0,7) size 616x100
            RenderTableCell {TH} at (7,43) size 130x28 [border: (1px dotted #FFFFFF)] [r=0 c=0 rs=1 cs=1]
              RenderText {#text} at (42,2) size 46x24
                text run at (42,2) width 46: "TH A"
            RenderTableCell {TH} at (144,31) size 220x52 [border: (13px dotted #FFFFFF)] [r=0 c=1 rs=1 cs=1]
              RenderText {#text} at (87,14) size 46x24
                text run at (87,14) width 46: "TH B"
            RenderTableCell {TH} at (371,43) size 118x28 [border: (1px dotted #FFFFFF)] [r=0 c=2 rs=1 cs=1]
              RenderText {#text} at (36,2) size 46x24
                text run at (36,2) width 46: "TH C"
            RenderTableCell {TH} at (496,43) size 113x28 [border: (1px dotted #FFFFFF)] [r=0 c=3 rs=1 cs=1]
              RenderText {#text} at (34,2) size 45x24
                text run at (34,2) width 45: "TH D"
        RenderTableSection {TFOOT} at (3,354) size 616x129
          RenderTableRow {TR} at (0,7) size 616x115
            RenderTableCell {TD} at (7,46) size 357x36 [border: (5px dashed #FFFFFF)] [r=0 c=0 rs=1 cs=2]
              RenderText {#text} at (6,6) size 47x24
                text run at (6,6) width 47: "TD M"
            RenderTableCell {TD} at (371,50) size 118x28 [border: (1px dotted #FFFFFF)] [r=0 c=2 rs=1 cs=1]
              RenderText {#text} at (2,2) size 46x24
                text run at (2,2) width 46: "TD O"
            RenderTableCell {TD} at (496,50) size 113x28 [border: (1px dotted #FFFFFF)] [r=0 c=3 rs=1 cs=1]
              RenderText {#text} at (2,2) size 44x24
                text run at (2,2) width 44: "TD P"
        RenderTableSection {TBODY} at (3,141) size 616x213
          RenderTableRow {TR} at (0,7) size 616x108
            RenderTableCell {TD} at (7,80) size 130x52 [border: (13px dotted #FFFFFF)] [r=0 c=0 rs=2 cs=1]
              RenderText {#text} at (14,14) size 44x24
                text run at (14,14) width 44: "TD E"
            RenderTableCell {TD} at (144,47) size 220x28 [border: (1px dotted #FFFFFF)] [r=0 c=1 rs=1 cs=1]
              RenderText {#text} at (2,2) size 43x24
                text run at (2,2) width 43: "TD F"
            RenderTableCell {TD} at (371,43) size 118x36 [border: (5px dashed #FFFFFF)] [r=0 c=2 rs=1 cs=1]
              RenderText {#text} at (6,6) size 46x24
                text run at (6,6) width 46: "TD G"
            RenderTableCell {TD} at (496,47) size 113x28 [border: (1px dotted #FFFFFF)] [r=0 c=3 rs=1 cs=1]
              RenderText {#text} at (2,2) size 45x24
                text run at (2,2) width 45: "TD H"
          RenderTableRow {TR} at (0,122) size 616x84
            RenderTableCell {TD} at (144,150) size 220x28 [border: (1px dotted #FFFFFF)] [r=1 c=1 rs=1 cs=1]
              RenderText {#text} at (2,2) size 42x24
                text run at (2,2) width 42: "TD J"
            RenderTableCell {TD} at (371,150) size 118x28 [border: (1px dotted #FFFFFF)] [r=1 c=2 rs=1 cs=1]
              RenderText {#text} at (2,2) size 45x24
                text run at (2,2) width 45: "TD K"
            RenderTableCell {TD} at (496,150) size 113x28 [border: (1px dotted #FFFFFF)] [r=1 c=3 rs=1 cs=1]
              RenderText {#text} at (2,2) size 43x24
                text run at (2,2) width 43: "TD L"
      RenderTable {TABLE} at (0,811) size 591x438 [color=#FFFFFF] [border: (6px dotted #FFFFFF)]
        RenderBlock {CAPTION} at (0,0) size 588x24
          RenderText {#text} at (149,0) size 290x24
            text run at (149,0) width 290: "With 'border-collapse: collapse'"
        RenderTableCol {COLGROUP} at (0,0) size 0x0 [bgcolor=#000000] [border: (5px dashed #FFFFFF)]
          RenderTableCol {COL} at (0,0) size 0x0
          RenderTableCol {COL} at (0,0) size 0x0
          RenderTableCol {COL} at (0,0) size 0x0 [border: (9px dashed #FFFFFF)]
        RenderTableCol {COLGROUP} at (0,0) size 0x0 [bgcolor=#000000]
          RenderTableCol {COL} at (0,0) size 0x0
        RenderTableSection {THEAD} at (1,30) size 588x100
          RenderTableRow {TR} at (0,0) size 588x100
            RenderTableCell {TH} at (0,32) size 137x35 [border: (3px dotted #FFFFFF)] [r=0 c=0 rs=1 cs=1]
              RenderText {#text} at (44,4) size 46x24
                text run at (44,4) width 46: "TH A"
            RenderTableCell {TH} at (137,30) size 207x39 [border: (7px dotted #FFFFFF)] [r=0 c=1 rs=1 cs=1]
              RenderText {#text} at (81,8) size 46x24
                text run at (81,8) width 46: "TH B"
            RenderTableCell {TH} at (344,33) size 127x33 [border: (5px dotted #FFFFFF)] [r=0 c=2 rs=1 cs=1]
              RenderText {#text} at (42,6) size 46x24
                text run at (42,6) width 46: "TH C"
            RenderTableCell {TH} at (471,36) size 117x28 [border: (2px dotted #FFFFFF)] [r=0 c=3 rs=1 cs=1]
              RenderText {#text} at (38,3) size 45x24
                text run at (38,3) width 45: "TH D"
        RenderTableSection {TFOOT} at (1,320) size 588x115
          RenderTableRow {TR} at (0,0) size 588x115
            RenderTableCell {TD} at (0,40) size 471x35 [border: (7px dashed #FFFFFF)] [r=0 c=0 rs=1 cs=3]
              RenderText {#text} at (4,8) size 47x24
                text run at (4,8) width 47: "TD M"
            RenderTableCell {TD} at (471,43) size 117x28 [border: (1px dotted #FFFFFF)] [r=0 c=3 rs=1 cs=1]
              RenderText {#text} at (6,2) size 44x24
                text run at (6,2) width 44: "TD P"
        RenderTableSection {TBODY} at (1,130) size 588x190
          RenderTableRow {TR} at (0,0) size 588x107
            RenderTableCell {TD} at (0,75) size 137x39 [border: (7px dotted #FFFFFF)] [r=0 c=0 rs=2 cs=1]
              RenderText {#text} at (8,8) size 44x24
                text run at (8,8) width 44: "TD E"
            RenderTableCell {TD} at (137,37) size 207x33 [border: (7px dotted #FFFFFF)] [r=0 c=1 rs=1 cs=1]
              RenderText {#text} at (8,8) size 43x24
                text run at (8,8) width 43: "TD F"
            RenderTableCell {TD} at (344,38) size 127x31 [border: (3px dashed #FFFFFF)] [r=0 c=2 rs=1 cs=1]
              RenderText {#text} at (6,4) size 46x24
                text run at (6,4) width 46: "TD G"
            RenderTableCell {TD} at (471,40) size 117x27 [border: (1px dotted #FFFFFF)] [r=0 c=3 rs=1 cs=1]
              RenderText {#text} at (6,2) size 45x24
                text run at (6,2) width 45: "TD H"
          RenderTableRow {TR} at (0,107) size 588x83
            RenderTableCell {TD} at (137,134) size 207x29 [border: (1px dotted #FFFFFF)] [r=1 c=1 rs=1 cs=1]
              RenderText {#text} at (8,2) size 42x24
                text run at (8,2) width 42: "TD J"
            RenderTableCell {TD} at (344,133) size 127x31 [border: (3px dotted #FFFFFF)] [r=1 c=2 rs=1 cs=1]
              RenderText {#text} at (6,4) size 45x24
                text run at (6,4) width 45: "TD K"
            RenderTableCell {TD} at (471,135) size 117x27 [border: (1px dotted #FFFFFF)] [r=1 c=3 rs=1 cs=1]
              RenderText {#text} at (6,2) size 43x24
                text run at (6,2) width 43: "TD L"
      RenderBlock {DIV} at (0,1249) size 768x34
        RenderInline {A} at (0,0) size 88x16 [color=#FFFF00]
          RenderImage {IMG} at (0,0) size 88x31
        RenderText {#text} at (0,0) size 0x0
      RenderBlock {ADDRESS} at (0,1283) size 768x16
        RenderText {#text} at (0,0) size 555x16
          text run at (0,0) width 555: "CSS2 Table Backgrounds Test Suite designed and written by fantasai <fantasai@escape.com>"
