layer at (0,0) size 800x600
  RenderView at (0,0) size 800x600
layer at (0,0) size 800x600
  RenderBlock {HTML} at (0,0) size 800x600
    RenderBody {BODY} at (8,8) size 784x584
      RenderBlock {P} at (0,0) size 784x21
        RenderText {#text} at (0,0) size 451x21
          text run at (0,0) width 451: "The caption should be aligned at the left side of the top of the table."
      RenderTable {TABLE} at (0,37) size 186x79 [border: (1px outset #808080)]
        RenderBlock {CAPTION} at (0,0) size 184x21
          RenderText {#text} at (58,0) size 68x21
            text run at (58,0) width 68: "Wild Cats"
        RenderTableSection {TBODY} at (1,22) size 184x56
          RenderTableRow {TR} at (0,2) size 184x25
            RenderTableCell {TD} at (2,2) size 52x25 [border: (1px inset #808080)] [r=0 c=0 rs=1 cs=1]
              RenderText {#text} at (2,2) size 32x21
                text run at (2,2) width 32: "Lion"
            RenderTableCell {TD} at (56,2) size 63x25 [border: (1px inset #808080)] [r=0 c=1 rs=1 cs=1]
              RenderText {#text} at (2,2) size 59x21
                text run at (2,2) width 59: "Leopard"
            RenderTableCell {TD} at (121,2) size 61x25 [border: (1px inset #808080)] [r=0 c=2 rs=1 cs=1]
              RenderText {#text} at (2,2) size 57x21
                text run at (2,2) width 57: "Cheetah"
          RenderTableRow {TR} at (0,29) size 184x25
            RenderTableCell {TD} at (2,29) size 52x25 [border: (1px inset #808080)] [r=1 c=0 rs=1 cs=1]
              RenderText {#text} at (2,2) size 48x21
                text run at (2,2) width 48: "Jaguar"
            RenderTableCell {TD} at (56,29) size 63x25 [border: (1px inset #808080)] [r=1 c=1 rs=1 cs=1]
              RenderText {#text} at (2,2) size 48x21
                text run at (2,2) width 48: "Bobcat"
            RenderTableCell {TD} at (121,29) size 61x25 [border: (1px inset #808080)] [r=1 c=2 rs=1 cs=1]
              RenderText {#text} at (2,2) size 43x21
                text run at (2,2) width 43: "Ocelot"
