layer at (0,0) size 800x600
  RenderView at (0,0) size 800x600
layer at (0,0) size 800x600
  RenderBlock {HTML} at (0,0) size 800x600
    RenderBody {BODY} at (8,8) size 784x584
      RenderTable {TABLE} at (0,0) size 434x131 [border: none (1px solid #808080)]
        RenderBlock {CAPTION} at (0,0) size 433x21
          RenderText {#text} at (7,0) size 419x21
            text run at (7,0) width 419: "Communicator 4.5 Installers for Mac and Windows Platforms"
        RenderTableSection {TBODY} at (1,21) size 433x110
          RenderTableRow {TR} at (0,2) size 433x25
            RenderTableCell {TH} at (2,12) size 129x4 [border: (1px inset #808080)] [r=0 c=0 rs=1 cs=1]
            RenderTableCell {TH} at (133,2) size 111x25 [border: (1px inset #808080)] [r=0 c=1 rs=1 cs=1]
              RenderText {#text} at (2,2) size 107x21
                text run at (2,2) width 107: "Macintosh PPC"
            RenderTableCell {TH} at (246,2) size 88x25 [border: (1px inset #808080)] [r=0 c=2 rs=1 cs=1]
              RenderText {#text} at (2,2) size 84x21
                text run at (2,2) width 84: "Windows 95"
            RenderTableCell {TH} at (336,2) size 95x25 [border: (1px inset #808080)] [r=0 c=3 rs=1 cs=1]
              RenderText {#text} at (2,2) size 91x21
                text run at (2,2) width 91: "Windows NT"
          RenderTableRow {TR} at (0,29) size 433x25
            RenderTableCell {TD} at (2,29) size 129x25 [border: (1px inset #808080)] [r=1 c=0 rs=1 cs=1]
              RenderText {#text} at (2,2) size 78x21
                text run at (2,2) width 78: "Base Install"
            RenderTableCell {TD} at (133,29) size 111x25 [border: (1px inset #808080)] [r=1 c=1 rs=1 cs=1]
              RenderText {#text} at (2,2) size 21x21
                text run at (2,2) width 21: "yes"
            RenderTableCell {TD} at (246,29) size 88x25 [border: (1px inset #808080)] [r=1 c=2 rs=1 cs=1]
              RenderText {#text} at (2,2) size 21x21
                text run at (2,2) width 21: "yes"
            RenderTableCell {TD} at (336,29) size 95x25 [border: (1px inset #808080)] [r=1 c=3 rs=1 cs=1]
              RenderText {#text} at (2,2) size 21x21
                text run at (2,2) width 21: "yes"
          RenderTableRow {TR} at (0,56) size 433x25
            RenderTableCell {TD} at (2,56) size 129x25 [border: (1px inset #808080)] [r=2 c=0 rs=1 cs=1]
              RenderText {#text} at (2,2) size 111x21
                text run at (2,2) width 111: "Complete Install"
            RenderTableCell {TD} at (133,56) size 111x25 [border: (1px inset #808080)] [r=2 c=1 rs=1 cs=1]
              RenderText {#text} at (2,2) size 21x21
                text run at (2,2) width 21: "yes"
            RenderTableCell {TD} at (246,56) size 88x25 [border: (1px inset #808080)] [r=2 c=2 rs=1 cs=1]
              RenderText {#text} at (2,2) size 21x21
                text run at (2,2) width 21: "yes"
            RenderTableCell {TD} at (336,56) size 95x25 [border: (1px inset #808080)] [r=2 c=3 rs=1 cs=1]
              RenderText {#text} at (2,2) size 21x21
                text run at (2,2) width 21: "yes"
          RenderTableRow {TR} at (0,83) size 433x25
            RenderTableCell {TD} at (2,83) size 129x25 [border: (1px inset #808080)] [r=3 c=0 rs=1 cs=1]
              RenderText {#text} at (2,2) size 125x21
                text run at (2,2) width 125: "Pro Edition Install"
            RenderTableCell {TD} at (133,83) size 111x25 [border: (1px inset #808080)] [r=3 c=1 rs=1 cs=1]
              RenderText {#text} at (2,2) size 21x21
                text run at (2,2) width 21: "yes"
            RenderTableCell {TD} at (246,83) size 88x25 [border: (1px inset #808080)] [r=3 c=2 rs=1 cs=1]
              RenderText {#text} at (2,2) size 21x21
                text run at (2,2) width 21: "yes"
            RenderTableCell {TD} at (336,83) size 95x25 [border: (1px inset #808080)] [r=3 c=3 rs=1 cs=1]
              RenderText {#text} at (2,2) size 21x21
                text run at (2,2) width 21: "yes"
