layer at (0,0) size 800x600
  RenderView at (0,0) size 800x600
layer at (0,0) size 800x412
  RenderBlock {HTML} at (0,0) size 800x412
    RenderBody {BODY} at (8,8) size 784x396
      RenderTable {TABLE} at (0,0) size 200x396 [border: (1px outset #808080)]
        RenderBlock {CAPTION} at (0,0) size 198x206 [border: (3px solid #FFA500)]
          RenderText {#text} at (75,3) size 48x42
            text run at (75,3) width 48: "cap"
        RenderTableSection {TBODY} at (1,207) size 198x188
          RenderTableRow {TR} at (0,30) size 198x128
            RenderTableCell {TD} at (30,30) size 54x128 [border: (1px inset #808080)] [r=0 c=0 rs=1 cs=1]
              RenderText {#text} at (1,1) size 48x126
                text run at (1,1) width 43: "foo"
                text run at (1,43) width 48: "bar"
                text run at (1,85) width 48: "baz"
            RenderTableCell {TD} at (114,30) size 54x54 [border: (1px inset #808080)] [r=0 c=1 rs=1 cs=1]
              RenderBlock {DIV} at (1,1) size 52x52 [border: (1px solid #008000)]
                RenderBlock {DIV} at (1,1) size 402x302 [border: (1px solid #FF0000)]
                  RenderText {#text} at (1,1) size 18x42
                    text run at (1,1) width 18: "d"
