layer at (0,0) size 800x600
  RenderView at (0,0) size 800x600
layer at (0,0) size 800x172
  RenderBlock {html} at (0,0) size 800x172
    RenderBody {body} at (8,16) size 784x148
      RenderBlock {p} at (0,0) size 784x22
        RenderText {#text} at (0,0) size 525x22
          text run at (0,0) width 410: "Only the right side of the frame surrounding the table below "
          text run at (410,0) width 115: "should be visible."
      RenderTable {table} at (0,38) size 189x110 [border: none (1px solid #808080) none]
        RenderTableCol {colgroup} at (0,0) size 0x0
          RenderTableCol {col} at (0,0) size 0x0
        RenderTableCol {colgroup} at (0,0) size 0x0
          RenderTableCol {col} at (0,0) size 0x0
        RenderTableCol {colgroup} at (0,0) size 0x0
          RenderTableCol {col} at (0,0) size 0x0
        RenderTableSection {thead} at (0,0) size 188x28
          RenderTableRow {tr} at (0,2) size 188x24
            RenderTableCell {th} at (2,2) size 60x24 [r=0 c=0 rs=1 cs=1]
              RenderText {#text} at (1,1) size 58x22
                text run at (1,1) width 58: "THEAD"
            RenderTableCell {th} at (64,2) size 60x24 [r=0 c=1 rs=1 cs=1]
              RenderText {#text} at (1,1) size 58x22
                text run at (1,1) width 58: "THEAD"
            RenderTableCell {th} at (126,2) size 60x24 [r=0 c=2 rs=1 cs=1]
              RenderText {#text} at (1,1) size 58x22
                text run at (1,1) width 58: "THEAD"
        RenderTableSection {tfoot} at (0,82) size 188x28
          RenderTableRow {tr} at (0,2) size 188x24
            RenderTableCell {td} at (2,2) size 60x24 [r=0 c=0 rs=1 cs=1]
              RenderText {#text} at (1,1) size 56x22
                text run at (1,1) width 56: "TFOOT"
            RenderTableCell {td} at (64,2) size 60x24 [r=0 c=1 rs=1 cs=1]
              RenderText {#text} at (1,1) size 56x22
                text run at (1,1) width 56: "TFOOT"
            RenderTableCell {td} at (126,2) size 60x24 [r=0 c=2 rs=1 cs=1]
              RenderText {#text} at (1,1) size 56x22
                text run at (1,1) width 56: "TFOOT"
        RenderTableSection {tbody} at (0,28) size 188x54
          RenderTableRow {tr} at (0,2) size 188x24
            RenderTableCell {td} at (2,2) size 60x24 [r=0 c=0 rs=1 cs=1]
              RenderText {#text} at (1,1) size 58x22
                text run at (1,1) width 58: "TBODY"
            RenderTableCell {td} at (64,2) size 60x24 [r=0 c=1 rs=1 cs=1]
              RenderText {#text} at (1,1) size 58x22
                text run at (1,1) width 58: "TBODY"
            RenderTableCell {td} at (126,2) size 60x24 [r=0 c=2 rs=1 cs=1]
              RenderText {#text} at (1,1) size 58x22
                text run at (1,1) width 58: "TBODY"
          RenderTableRow {tr} at (0,28) size 188x24
            RenderTableCell {td} at (2,28) size 60x24 [r=1 c=0 rs=1 cs=1]
              RenderText {#text} at (1,1) size 58x22
                text run at (1,1) width 58: "TBODY"
            RenderTableCell {td} at (64,28) size 60x24 [r=1 c=1 rs=1 cs=1]
              RenderText {#text} at (1,1) size 58x22
                text run at (1,1) width 58: "TBODY"
            RenderTableCell {td} at (126,28) size 60x24 [r=1 c=2 rs=1 cs=1]
              RenderText {#text} at (1,1) size 58x22
                text run at (1,1) width 58: "TBODY"
