layer at (0,0) size 154x927
  RenderView at (0,0) size 96x26
layer at (0,0) size 154x927
  RenderBlock {HTML} at (0,0) size 96x927
    RenderBody {BODY} at (8,8) size 80x911
      RenderBlock {P} at (0,0) size 80x48
        RenderText {#text} at (0,0) size 146x48
          text run at (0,0) width 62: "Tests: the"
          text run at (0,16) width 146: "TABLE.createCaption()"
          text run at (0,32) width 47: "method"
        RenderBR {BR} at (47,45) size 0x0
      RenderBlock {P} at (0,62) size 80x288
        RenderText {#text} at (0,0) size 70x16
          text run at (0,0) width 70: "Conditions:"
        RenderBR {BR} at (70,13) size 0x0
        RenderText {#text} at (0,16) size 78x272
          text run at (0,16) width 78: "If no caption"
          text run at (0,32) width 63: "exists, the"
          text run at (0,48) width 47: "method"
          text run at (0,64) width 41: "should"
          text run at (0,80) width 60: "create an"
          text run at (0,96) width 38: "empty"
          text run at (0,112) width 77: "caption, add"
          text run at (0,128) width 47: "it to the"
          text run at (0,144) width 61: "table, and"
          text run at (0,160) width 49: "return a"
          text run at (0,176) width 74: "pointer to it."
          text run at (0,192) width 70: "If a caption"
          text run at (0,208) width 67: "does exist,"
          text run at (0,224) width 71: "the method"
          text run at (0,240) width 41: "should"
          text run at (0,256) width 49: "return a"
          text run at (0,272) width 74: "pointer to it."
      RenderBlock {P} at (0,364) size 80x336
        RenderText {#text} at (0,0) size 79x80
          text run at (0,0) width 79: "If successful,"
          text run at (0,16) width 47: "the first"
          text run at (0,32) width 75: "table should"
          text run at (0,48) width 55: "have the"
          text run at (0,64) width 46: "caption"
        RenderInline {B} at (0,0) size 41x16
          RenderText {#text} at (0,80) size 41x16
            text run at (0,80) width 41: "Fruity"
        RenderText {#text} at (41,80) size 75x80
          text run at (41,80) width 31: ", and"
          text run at (0,96) width 70: "the second"
          text run at (0,112) width 75: "table should"
          text run at (0,128) width 55: "have the"
          text run at (0,144) width 46: "caption"
        RenderInline {B} at (0,0) size 77x16
          RenderText {#text} at (0,160) size 77x16
            text run at (0,160) width 77: "Vegetabley"
        RenderText {#text} at (77,160) size 80x176
          text run at (77,160) width 3: "."
          text run at (0,176) width 79: "Upon failure,"
          text run at (0,192) width 47: "the first"
          text run at (0,208) width 53: "table will"
          text run at (0,224) width 51: "have no"
          text run at (0,240) width 77: "caption, and"
          text run at (0,256) width 70: "the second"
          text run at (0,272) width 53: "table will"
          text run at (0,288) width 55: "have the"
          text run at (0,304) width 46: "caption"
          text run at (0,320) width 46: "Things."
      RenderBlock {HR} at (0,714) size 80x2 [border: (1px inset #000000)]
      RenderTable {TABLE} at (0,723) size 106x86 [border: (1px outset #808080)]
        RenderBlock {CAPTION} at (0,0) size 104x16
          RenderInline {B} at (0,0) size 41x16
            RenderText {#text} at (31,0) size 41x16
              text run at (31,0) width 41: "Fruity"
        RenderTableSection {TBODY} at (1,17) size 104x68
          RenderTableRow {TR} at (0,2) size 104x20
            RenderTableCell {TH} at (2,2) size 53x20 [border: (1px inset #808080)] [r=0 c=0 rs=1 cs=1]
              RenderText {#text} at (10,2) size 33x16
                text run at (10,2) width 33: "Fruit"
            RenderTableCell {TH} at (57,2) size 45x20 [border: (1px inset #808080)] [r=0 c=1 rs=1 cs=1]
              RenderText {#text} at (3,2) size 39x16
                text run at (3,2) width 39: "Color"
          RenderTableRow {TR} at (0,24) size 104x20
            RenderTableCell {TD} at (2,24) size 53x20 [border: (1px inset #808080)] [r=1 c=0 rs=1 cs=1]
              RenderText {#text} at (2,2) size 49x16
                text run at (2,2) width 49: "Banana"
            RenderTableCell {TD} at (57,24) size 45x20 [border: (1px inset #808080)] [r=1 c=1 rs=1 cs=1]
              RenderText {#text} at (2,2) size 41x16
                text run at (2,2) width 41: "Yellow"
          RenderTableRow {TR} at (0,46) size 104x20
            RenderTableCell {TD} at (2,46) size 53x20 [border: (1px inset #808080)] [r=2 c=0 rs=1 cs=1]
              RenderText {#text} at (2,2) size 40x16
                text run at (2,2) width 40: "Grape"
            RenderTableCell {TD} at (57,46) size 45x20 [border: (1px inset #808080)] [r=2 c=1 rs=1 cs=1]
              RenderText {#text} at (2,2) size 40x16
                text run at (2,2) width 40: "Purple"
      RenderBlock (anonymous) at (0,809) size 80x16
        RenderBR {BR} at (0,0) size 0x16
      RenderTable {TABLE} at (0,825) size 133x86 [border: (1px outset #808080)]
        RenderBlock {CAPTION} at (0,0) size 131x16
          RenderInline {B} at (0,0) size 77x16
            RenderText {#text} at (27,0) size 77x16
              text run at (27,0) width 77: "Vegetabley"
        RenderTableSection {TBODY} at (1,17) size 131x68
          RenderTableRow {TR} at (0,2) size 131x20
            RenderTableCell {TH} at (2,2) size 73x20 [border: (1px inset #808080)] [r=0 c=0 rs=1 cs=1]
              RenderText {#text} at (2,2) size 69x16
                text run at (2,2) width 69: "Vegetable"
            RenderTableCell {TH} at (77,2) size 52x20 [border: (1px inset #808080)] [r=0 c=1 rs=1 cs=1]
              RenderText {#text} at (6,2) size 39x16
                text run at (6,2) width 39: "Color"
          RenderTableRow {TR} at (0,24) size 131x20
            RenderTableCell {TD} at (2,24) size 73x20 [border: (1px inset #808080)] [r=1 c=0 rs=1 cs=1]
              RenderText {#text} at (2,2) size 40x16
                text run at (2,2) width 40: "Carrot"
            RenderTableCell {TD} at (77,24) size 52x20 [border: (1px inset #808080)] [r=1 c=1 rs=1 cs=1]
              RenderText {#text} at (2,2) size 48x16
                text run at (2,2) width 48: "Orange"
          RenderTableRow {TR} at (0,46) size 131x20
            RenderTableCell {TD} at (2,46) size 73x20 [border: (1px inset #808080)] [r=2 c=0 rs=1 cs=1]
              RenderText {#text} at (2,2) size 62x16
                text run at (2,2) width 62: "Cucumber"
            RenderTableCell {TD} at (77,46) size 52x20 [border: (1px inset #808080)] [r=2 c=1 rs=1 cs=1]
              RenderText {#text} at (2,2) size 40x16
                text run at (2,2) width 40: "Green"
