layer at (0,0) size 800x600
  RenderView at (0,0) size 800x600
layer at (0,0) size 800x600
  RenderBlock {HTML} at (0,0) size 800x600
    RenderBody {BODY} at (8,8) size 784x578
      RenderBlock {P} at (0,0) size 784x38
        RenderText {#text} at (0,0) size 768x38
          text run at (0,0) width 768: "This tests for a crash when triple-click/deleting the content in a list item that is at the end of the document, when there is a"
          text run at (0,19) width 320: "div with -webkit-user-select:none after the list item."
      RenderBlock {DIV} at (0,52) size 784x141
        RenderBlock {UL} at (0,0) size 784x141
          RenderListItem {LI} at (40,0) size 744x19
            RenderListMarker at (-17,0) size 7x19: bullet
            RenderText {#text} at (0,0) size 27x19
              text run at (0,0) width 27: "One"
          RenderListItem {LI} at (40,19) size 744x19
            RenderListMarker at (-17,0) size 7x19: bullet
            RenderBR {BR} at (0,0) size 0x19
          RenderBlock (anonymous) at (40,38) size 744x103
            RenderInline {SPAN} at (0,0) size 76x14
              RenderImage {IMG} at (0,0) size 76x103
caret: position 0 of child 0 {BR} of child 1 {LI} of child 0 {UL} of child 2 {DIV} of child 0 {BODY} of child 0 {HTML} of document
