layer at (0,0) size 800x600
  RenderView at (0,0) size 800x600
layer at (0,0) size 800x600
  RenderBlock {HTML} at (0,0) size 800x600
    RenderBody {BODY} at (8,8) size 784x584
      RenderBlock {P} at (0,0) size 784x38
        RenderText {#text} at (0,0) size 746x38
          text run at (0,0) width 746: "This test deletes the contents of a list, then it performs another delete, which should remove the empty list item. There"
          text run at (0,19) width 210: "should be two paragraphs below."
      RenderBlock {DIV} at (0,52) size 784x38
        RenderText {#text} at (0,0) size 102x19
          text run at (0,0) width 102: "Paragraph One."
        RenderBR {BR} at (102,14) size 0x0
        RenderText {#text} at (0,19) size 102x19
          text run at (0,19) width 102: "Paragraph Two."
caret: position 14 of child 0 {#text} of child 2 {DIV} of child 1 {BODY} of child 0 {HTML} of document
