layer at (0,0) size 800x600
  RenderView at (0,0) size 800x600
layer at (0,0) size 800x600
  RenderBlock {HTML} at (0,0) size 800x600
    RenderBody {BODY} at (8,8) size 784x584
      RenderBlock {P} at (0,0) size 784x44
        RenderText {#text} at (0,0) size 770x44
          text run at (0,0) width 623: "This tests the deletion of non-editable content that is in both the start and end editable roots. "
          text run at (623,0) width 147: "It should be removed."
          text run at (0,22) width 378: "You shouldn't see anything in the editable region below."
      RenderBlock {DIV} at (0,60) size 784x22
        RenderBR {BR} at (0,0) size 0x22
caret: position 0 of child 0 {BR} of child 3 {DIV} of body
