layer at (0,0) size 800x600
  RenderView at (0,0) size 800x600
layer at (0,0) size 800x600
  RenderBlock {HTML} at (0,0) size 800x600
    RenderBody {BODY} at (8,8) size 784x584
      RenderBlock {P} at (0,0) size 784x44
        RenderText {#text} at (0,0) size 762x44
          text run at (0,0) width 762: "This tests to see that selected non-editable nodes that are not in both the start and end editable root are preserved"
          text run at (0,22) width 123: "during a deletion. "
          text run at (123,22) width 553: "You should see two 'Non-editable' pieces on either side of the editable piece below."
      RenderBlock {DIV} at (0,60) size 784x28
        RenderTable {TABLE} at (0,0) size 299x28
          RenderTableSection {TBODY} at (0,0) size 299x28
            RenderTableRow {TR} at (0,2) size 299x24
              RenderTableCell {TD} at (2,2) size 89x24 [r=0 c=0 rs=1 cs=1]
                RenderText {#text} at (1,1) size 87x22
                  text run at (1,1) width 87: "Non-editable"
              RenderTableCell {TD} at (93,2) size 113x24 [r=0 c=1 rs=1 cs=1]
                RenderText {#text} at (1,1) size 61x22
                  text run at (1,1) width 61: "Editable "
                RenderInline {SPAN} at (0,0) size 50x22
                  RenderText {#text} at (62,1) size 50x22
                    text run at (62,1) width 50: "content"
              RenderTableCell {TD} at (208,2) size 89x24 [r=0 c=2 rs=1 cs=1]
                RenderText {#text} at (1,1) size 87x22
                  text run at (1,1) width 87: "Non-editable"
        RenderBlock (anonymous) at (0,28) size 784x0
caret: position 9 of child 0 {#text} of child 3 {TD} of child 0 {TR} of child 1 {TBODY} of child 1 {TABLE} of child 3 {DIV} of body
