layer at (0,0) size 800x600
  RenderView at (0,0) size 800x600
layer at (0,0) size 800x600
  RenderBlock {HTML} at (0,0) size 800x600
    RenderBody {BODY} at (8,8) size 784x584
      RenderBlock {P} at (0,0) size 784x88
        RenderText {#text} at (0,0) size 781x88
          text run at (0,0) width 727: "This tests to see that selected editable nodes that are not in both the start and end editable roots are cleared. "
          text run at (727,0) width 29: "You"
          text run at (0,22) width 575: "should see one non-editable piece and an editable one and then two empty table cells. "
          text run at (575,22) width 206: "The table cells are editable but"
          text run at (0,44) width 500: "are preserved and not removed because they are in a non-editable region. "
          text run at (500,44) width 263: "They should be completely cleared out,"
          text run at (0,66) width 367: "even the second one that contains a non-editable piece."
      RenderBlock {DIV} at (0,104) size 784x32
        RenderTable {TABLE} at (0,0) size 226x32 [border: (1px outset #808080)]
          RenderTableSection {TBODY} at (1,1) size 224x30
            RenderTableRow {TR} at (0,2) size 224x26
              RenderTableCell {TD} at (2,2) size 91x26 [border: (1px inset #808080)] [r=0 c=0 rs=1 cs=1]
                RenderText {#text} at (2,2) size 87x22
                  text run at (2,2) width 87: "Non-editable"
              RenderTableCell {TD} at (95,2) size 115x26 [border: (1px inset #808080)] [r=0 c=1 rs=1 cs=1]
                RenderText {#text} at (2,2) size 61x22
                  text run at (2,2) width 61: "Editable "
                RenderInline {SPAN} at (0,0) size 50x22
                  RenderText {#text} at (63,2) size 50x22
                    text run at (63,2) width 50: "content"
              RenderTableCell {TD} at (212,2) size 4x26 [border: (1px inset #808080)] [r=0 c=2 rs=1 cs=1]
              RenderTableCell {TD} at (218,2) size 4x26 [border: (1px inset #808080)] [r=0 c=3 rs=1 cs=1]
        RenderBlock (anonymous) at (0,32) size 784x0
caret: position 9 of child 0 {#text} of child 3 {TD} of child 0 {TR} of child 1 {TBODY} of child 1 {TABLE} of child 3 {DIV} of body
