layer at (0,0) size 800x600
  RenderView at (0,0) size 800x600
layer at (0,0) size 800x600
  RenderBlock {HTML} at (0,0) size 800x600
    RenderBody {BODY} at (8,8) size 784x584
      RenderBlock {P} at (0,0) size 784x44
        RenderText {#text} at (0,0) size 749x44
          text run at (0,0) width 543: "This tests deleting when the caret is at the start of a paragraph just after a table. "
          text run at (543,0) width 206: "The content in that paragraph"
          text run at (0,22) width 501: "should be moved into the last table cell unless that content is another table."
      RenderBlock {DIV} at (0,60) size 784x32
        RenderTable {TABLE} at (0,0) size 439x32 [border: (1px outset #808080)]
          RenderTableSection {TBODY} at (1,1) size 437x30
            RenderTableRow {TR} at (0,2) size 437x26
              RenderTableCell {TD} at (2,2) size 433x26 [border: (1px inset #808080)] [r=0 c=0 rs=1 cs=1]
                RenderText {#text} at (2,2) size 252x22
                  text run at (2,2) width 252: "All the content in this editable region "
                RenderInline {SPAN} at (0,0) size 177x22
                  RenderText {#text} at (254,2) size 177x22
                    text run at (254,2) width 177: "should be in one table cell."
caret: position 40 of child 0 {#text} of child 0 {TD} of child 0 {TR} of child 0 {TBODY} of child 0 {TABLE} of child 2 {DIV} of body
