layer at (0,0) size 800x600
  RenderView at (0,0) size 800x600
layer at (0,0) size 800x600
  RenderBlock {HTML} at (0,0) size 800x600
    RenderBody {BODY} at (8,8) size 784x584
      RenderBlock {P} at (0,0) size 784x60
        RenderText {#text} at (0,0) size 779x60
          text run at (0,0) width 779: "This tests to see that deleting a selection that starts just before a table and ends inside the table does not insert"
          text run at (0,20) width 226: "a placeholder br unnecessarily. "
          text run at (226,20) width 282: "You should see two ToDos, one empty. "
          text run at (508,20) width 245: "The caret should be just before the"
          text run at (0,40) width 56: "second."
      RenderBlock {DIV} at (0,76) size 784x52
        RenderTable {TABLE} at (0,0) size 134x26
          RenderTableSection {TBODY} at (0,0) size 134x26
            RenderTableRow {TR} at (0,2) size 134x22
              RenderTableCell {TD} at (2,2) size 18x22 [r=0 c=0 rs=1 cs=1]
                RenderText {#text} at (1,1) size 16x20
                  text run at (1,1) width 16: "\x{21D2}"
              RenderTableCell {TD} at (22,2) size 102x22 [r=0 c=1 rs=1 cs=1]
                RenderText {#text} at (1,1) size 100x20
                  text run at (1,1) width 100: "ToDo Content"
              RenderTableCell {TD} at (126,2) size 6x22 [r=0 c=2 rs=1 cs=1]
                RenderText {#text} at (1,1) size 4x20
                  text run at (1,1) width 4: "\x{21E3}"
        RenderTable {TABLE} at (0,26) size 34x26
          RenderTableSection {TBODY} at (0,0) size 34x26
            RenderTableRow {TR} at (0,2) size 34x22
              RenderTableCell {TD} at (2,2) size 18x22 [r=0 c=0 rs=1 cs=1]
                RenderText {#text} at (1,1) size 16x20
                  text run at (1,1) width 16: "\x{21D2}"
              RenderTableCell {TD} at (22,2) size 2x22 [r=0 c=1 rs=1 cs=1]
              RenderTableCell {TD} at (26,2) size 6x22 [r=0 c=2 rs=1 cs=1]
                RenderText {#text} at (1,1) size 4x20
                  text run at (1,1) width 4: "\x{21E3}"
caret: position 0 of child 3 {TABLE} of child 2 {DIV} of body
