layer at (0,0) size 800x600
  RenderView at (0,0) size 800x600
layer at (0,0) size 800x600
  RenderBlock {HTML} at (0,0) size 800x600
    RenderBody {BODY} at (8,8) size 784x584
      RenderBlock {P} at (0,0) size 784x42
        RenderText {#text} at (0,0) size 372x21
          text run at (0,0) width 221: "This empties a row (the second). "
          text run at (221,0) width 151: "It should be removed. "
        RenderInline {B} at (0,0) size 755x42
          RenderText {#text} at (372,0) size 755x42
            text run at (372,0) width 383: "This demonstrates a bug: the two cells that contained the"
            text run at (0,21) width 681: "ends of the selection aren't given a placeholder and so appear differently than the other emptied cells."
      RenderBlock {DIV} at (0,58) size 784x58
        RenderTable {TABLE} at (0,0) size 38x58 [border: (1px outset #808080)]
          RenderTableSection {TBODY} at (1,1) size 36x56
            RenderTableRow {TR} at (0,2) size 36x25
              RenderTableCell {TD} at (2,2) size 12x25 [border: (1px inset #808080)] [r=0 c=0 rs=1 cs=1]
                RenderText {#text} at (2,2) size 8x21
                  text run at (2,2) width 8: "1"
              RenderTableCell {TD} at (16,2) size 4x25 [border: (1px inset #808080)] [r=0 c=1 rs=1 cs=1]
                RenderBR {BR} at (2,2) size 0x21
              RenderTableCell {TD} at (22,2) size 12x25 [border: (1px inset #808080)] [r=0 c=2 rs=1 cs=1]
                RenderBR {BR} at (2,2) size 0x21
            RenderTableRow {TR} at (0,29) size 36x25
              RenderTableCell {TD} at (2,29) size 12x25 [border: (1px inset #808080)] [r=1 c=0 rs=1 cs=1]
                RenderBR {BR} at (2,2) size 0x21
              RenderTableCell {TD} at (16,29) size 4x25 [border: (1px inset #808080)] [r=1 c=1 rs=1 cs=1]
                RenderBR {BR} at (2,2) size 0x21
              RenderTableCell {TD} at (22,29) size 12x25 [border: (1px inset #808080)] [r=1 c=2 rs=1 cs=1]
                RenderText {#text} at (2,2) size 8x21
                  text run at (2,2) width 8: "9"
      RenderBlock {P} at (0,132) size 784x21
        RenderText {#text} at (0,0) size 632x21
          text run at (0,0) width 632: "This empties a row (the second), but it still contains the selection and so shouldn't be removed."
      RenderBlock {DIV} at (0,169) size 784x85
        RenderTable {TABLE} at (0,0) size 46x85 [border: (1px outset #808080)]
          RenderTableSection {TBODY} at (1,1) size 44x83
            RenderTableRow {TR} at (0,2) size 44x25
              RenderTableCell {TD} at (2,2) size 12x25 [border: (1px inset #808080)] [r=0 c=0 rs=1 cs=1]
                RenderText {#text} at (2,2) size 8x21
                  text run at (2,2) width 8: "1"
              RenderTableCell {TD} at (16,2) size 12x25 [border: (1px inset #808080)] [r=0 c=1 rs=1 cs=1]
                RenderText {#text} at (2,2) size 8x21
                  text run at (2,2) width 8: "2"
              RenderTableCell {TD} at (30,2) size 12x25 [border: (1px inset #808080)] [r=0 c=2 rs=1 cs=1]
                RenderText {#text} at (2,2) size 8x21
                  text run at (2,2) width 8: "3"
            RenderTableRow {TR} at (0,29) size 44x25
              RenderTableCell {TD} at (2,29) size 12x25 [border: (1px inset #808080)] [r=1 c=0 rs=1 cs=1]
                RenderBR {BR} at (2,2) size 0x21
              RenderTableCell {TD} at (16,29) size 12x25 [border: (1px inset #808080)] [r=1 c=1 rs=1 cs=1]
                RenderBR {BR} at (2,2) size 0x21
              RenderTableCell {TD} at (30,29) size 12x25 [border: (1px inset #808080)] [r=1 c=2 rs=1 cs=1]
                RenderBR {BR} at (2,2) size 0x21
            RenderTableRow {TR} at (0,56) size 44x25
              RenderTableCell {TD} at (2,56) size 12x25 [border: (1px inset #808080)] [r=2 c=0 rs=1 cs=1]
                RenderText {#text} at (2,2) size 8x21
                  text run at (2,2) width 8: "7"
              RenderTableCell {TD} at (16,56) size 12x25 [border: (1px inset #808080)] [r=2 c=1 rs=1 cs=1]
                RenderText {#text} at (2,2) size 8x21
                  text run at (2,2) width 8: "8"
              RenderTableCell {TD} at (30,56) size 12x25 [border: (1px inset #808080)] [r=2 c=2 rs=1 cs=1]
                RenderText {#text} at (2,2) size 8x21
                  text run at (2,2) width 8: "9"
      RenderBlock {P} at (0,270) size 784x21
        RenderText {#text} at (0,0) size 325x21
          text run at (0,0) width 325: "This empties the first row, it should be removed."
      RenderBlock {DIV} at (0,307) size 784x79
        RenderBlock {DIV} at (0,0) size 784x21
          RenderText {#text} at (0,0) size 39x21
            text run at (0,0) width 35: "Hello"
            text run at (35,0) width 4: " "
        RenderTable {TABLE} at (0,21) size 46x58 [border: (1px outset #808080)]
          RenderTableSection {TBODY} at (1,1) size 44x56
            RenderTableRow {TR} at (0,2) size 44x25
              RenderTableCell {TD} at (2,2) size 12x25 [border: (1px inset #808080)] [r=0 c=0 rs=1 cs=1]
                RenderBR {BR} at (2,2) size 0x21
              RenderTableCell {TD} at (16,2) size 12x25 [border: (1px inset #808080)] [r=0 c=1 rs=1 cs=1]
                RenderBR {BR} at (2,2) size 0x21
              RenderTableCell {TD} at (30,2) size 12x25 [border: (1px inset #808080)] [r=0 c=2 rs=1 cs=1]
                RenderText {#text} at (2,2) size 8x21
                  text run at (2,2) width 8: "6"
            RenderTableRow {TR} at (0,29) size 44x25
              RenderTableCell {TD} at (2,29) size 12x25 [border: (1px inset #808080)] [r=1 c=0 rs=1 cs=1]
                RenderText {#text} at (2,2) size 8x21
                  text run at (2,2) width 8: "7"
              RenderTableCell {TD} at (16,29) size 12x25 [border: (1px inset #808080)] [r=1 c=1 rs=1 cs=1]
                RenderText {#text} at (2,2) size 8x21
                  text run at (2,2) width 8: "8"
              RenderTableCell {TD} at (30,29) size 12x25 [border: (1px inset #808080)] [r=1 c=2 rs=1 cs=1]
                RenderText {#text} at (2,2) size 8x21
                  text run at (2,2) width 8: "9"
caret: position 6 of child 0 {#text} of child 1 {DIV} of child 14 {DIV} of body
