layer at (0,0) size 800x600
  RenderView at (0,0) size 800x600
layer at (0,0) size 800x600
  RenderBlock {HTML} at (0,0) size 800x600
    RenderBody {BODY} at (8,8) size 784x584
      RenderBlock {P} at (0,0) size 784x42
        RenderText {#text} at (0,0) size 748x42
          text run at (0,0) width 748: "This tests for a hang on delete where a style rule would cause style spans in content moved after the delete to be"
          text run at (0,21) width 278: "displayed as blocks. You should see Hello"
        RenderInline {B} at (0,0) size 44x21
          RenderText {#text} at (278,21) size 44x21
            text run at (278,21) width 44: "World"
        RenderText {#text} at (322,21) size 48x21
          text run at (322,21) width 48: " below."
      RenderBlock {DIV} at (0,58) size 784x21
        RenderBlock {DIV} at (0,0) size 784x21
          RenderText {#text} at (0,0) size 35x21
            text run at (0,0) width 35: "Hello"
          RenderInline {SPAN} at (0,0) size 44x21
            RenderText {#text} at (35,0) size 44x21
              text run at (35,0) width 44: "World"
caret: position 5 of child 0 {#text} of child 1 {DIV} of child 2 {DIV} of body
