layer at (0,0) size 800x600
  RenderView at (0,0) size 800x600
layer at (0,0) size 800x600
  RenderBlock {HTML} at (0,0) size 800x600
    RenderBody {BODY} at (8,8) size 784x584
      RenderBlock {P} at (0,0) size 784x63
        RenderText {#text} at (0,0) size 770x42
          text run at (0,0) width 635: "This tests for a bug where expansion for smart delete would not consider editable boundaries. "
          text run at (635,0) width 135: "Only 'foo' should be"
          text run at (0,21) width 56: "deleted. "
          text run at (56,21) width 150: "You should see ' bar'. "
        RenderInline {B} at (0,0) size 707x42
          RenderText {#text} at (206,21) size 707x42
            text run at (206,21) width 501: "There is a bug: while the non-editable space isn't deleted, deletion inserts a"
            text run at (0,42) width 204: "placeholder when it shouldn't."
      RenderBlock {DIV} at (0,79) size 784x21
        RenderInline {SPAN} at (0,0) size 24x21
          RenderText {#text} at (0,0) size 24x21
            text run at (0,0) width 24: "bar"
caret: position 0 of child 2 {DIV} of body
