EDITING DELEGATE: shouldBeginEditingInDOMRange:range from 0 of DIV > BODY > HTML > #document to 3 of DIV > BODY > HTML > #document
EDITING DELEGATE: webViewDidBeginEditing:WebViewDidBeginEditingNotification
EDITING DELEGATE: webViewDidChangeSelection:WebViewDidChangeSelectionNotification
EDITING DELEGATE: webViewDidChangeSelection:WebViewDidChangeSelectionNotification
EDITING DELEGATE: webViewDidChangeSelection:WebViewDidChangeSelectionNotification
EDITING DELEGATE: webViewDidChangeSelection:WebViewDidChangeSelectionNotification
EDITING DELEGATE: webViewDidChangeSelection:WebViewDidChangeSelectionNotification
EDITING DELEGATE: webViewDidChangeSelection:WebViewDidChangeSelectionNotification
EDITING DELEGATE: shouldDeleteDOMRange:range from 0 of #text > P > DIV > DIV > BODY > HTML > #document to 3 of #text > P > DIV > DIV > BODY > HTML > #document
EDITING DELEGATE: webViewDidChangeSelection:WebViewDidChangeSelectionNotification
EDITING DELEGATE: shouldChangeSelectedDOMRange:(null) toDOMRange:range from 0 of P > DIV > DIV > BODY > HTML > #document to 0 of P > DIV > DIV > BODY > HTML > #document affinity:NSSelectionAffinityDownstream stillSelecting:FALSE
EDITING DELEGATE: webViewDidChangeSelection:WebViewDidChangeSelectionNotification
EDITING DELEGATE: webViewDidChange:WebViewDidChangeNotification
layer at (0,0) size 800x600
  RenderView at (0,0) size 800x600
layer at (0,0) size 800x600
  RenderBlock {HTML} at (0,0) size 800x600
    RenderBody {BODY} at (8,8) size 784x584
      RenderBlock {DIV} at (0,0) size 784x261 [border: (2px solid #0000FF)]
        RenderBlock {DIV} at (14,14) size 756x93
          RenderText {#text} at (0,0) size 67x32
            text run at (0,0) width 67: "Tests: "
          RenderBR {BR} at (0,0) size 0x0
          RenderText {#text} at (0,31) size 752x63
            text run at (0,31) width 752: "Deleting when a selection starts at the beginning of a paragraph preceded"
            text run at (0,62) width 729: "by a text element and extends into the middle of a following paragraph."
        RenderBlock {DIV} at (14,123) size 756x124
          RenderText {#text} at (0,0) size 189x32
            text run at (0,0) width 189: "Expected Results: "
          RenderBR {BR} at (189,24) size 0x0
          RenderText {#text} at (0,31) size 744x94
            text run at (0,31) width 744: "Should see the three lines in the red box. First line should be \"one\". Next"
            text run at (0,62) width 205: "one should be \"ee\". "
            text run at (205,62) width 536: "Next one should be \"four\". Insertion point should be"
            text run at (0,93) width 392: "blinking at the start of the second line."
      RenderBlock {DIV} at (0,285) size 784x97
        RenderBlock {DIV} at (0,0) size 784x97 [border: (2px solid #FF0000)]
          RenderBlock (anonymous) at (2,2) size 780x31
            RenderText {#text} at (0,0) size 36x32
              text run at (0,0) width 36: "one"
          RenderBlock {P} at (2,33) size 780x31
            RenderText {#text} at (0,0) size 22x32
              text run at (0,0) width 22: "ee"
          RenderBlock {P} at (2,64) size 780x31
            RenderText {#text} at (0,0) size 44x32
              text run at (0,0) width 44: "four"
caret: position 0 of child 0 {#text} of child 1 {P} of child 1 {DIV} of child 3 {DIV} of body
