EDITING DELEGATE: shouldBeginEditingInDOMRange:range from 0 of DIV > BODY > HTML > #document to 3 of DIV > BODY > HTML > #document
EDITING DELEGATE: webViewDidBeginEditing:WebViewDidBeginEditingNotification
EDITING DELEGATE: webViewDidChangeSelection:WebViewDidChangeSelectionNotification
layer at (0,0) size 800x600
  RenderView at (0,0) size 800x600
layer at (0,0) size 800x600
  RenderBlock {HTML} at (0,0) size 800x600
    RenderBody {BODY} at (8,8) size 784x584
      RenderBlock {DIV} at (0,0) size 784x160 [border: (2px solid #FF0000)]
        RenderBlock {DIV} at (14,14) size 756x132
          RenderBlock (anonymous) at (0,0) size 756x33
            RenderText {#text} at (0,0) size 43x33
              text run at (0,0) width 43: "One"
          RenderBlock {DIV} at (0,33) size 756x66
            RenderText {#text} at (0,0) size 45x33
              text run at (0,0) width 45: "Two"
            RenderBR {BR} at (45,24) size 0x0
            RenderBR {BR} at (0,33) size 0x33
          RenderBlock (anonymous) at (0,99) size 756x33
            RenderText {#text} at (0,0) size 62x33
              text run at (0,0) width 62: "Three"
caret: position 1 of child 0 {#text} of child 1 {DIV} of child 1 {DIV} of body
