EDITING DELEGATE: shouldBeginEditingInDOMRange:range from 0 of DIV > BODY > HTML > #document to 3 of DIV > BODY > HTML > #document
EDITING DELEGATE: webViewDidBeginEditing:WebViewDidBeginEditingNotification
EDITING DELEGATE: webViewDidChangeSelection:WebViewDidChangeSelectionNotification
EDITING DELEGATE: webViewDidChangeSelection:WebViewDidChangeSelectionNotification
EDITING DELEGATE: webViewDidChangeSelection:WebViewDidChangeSelectionNotification
EDITING DELEGATE: webViewDidChangeSelection:WebViewDidChangeSelectionNotification
EDITING DELEGATE: webViewDidChangeSelection:WebViewDidChangeSelectionNotification
EDITING DELEGATE: webViewDidChangeSelection:WebViewDidChangeSelectionNotification
EDITING DELEGATE: webViewDidChangeSelection:WebViewDidChangeSelectionNotification
EDITING DELEGATE: shouldDeleteDOMRange:range from 0 of #text > DIV > DIV > DIV > BODY > HTML > #document to 2 of #text > DIV > DIV > DIV > BODY > HTML > #document
EDITING DELEGATE: webViewDidChangeSelection:WebViewDidChangeSelectionNotification
EDITING DELEGATE: shouldChangeSelectedDOMRange:(null) toDOMRange:range from 0 of DIV > DIV > DIV > BODY > HTML > #document to 0 of DIV > DIV > DIV > BODY > HTML > #document affinity:NSSelectionAffinityDownstream stillSelecting:FALSE
EDITING DELEGATE: webViewDidChangeSelection:WebViewDidChangeSelectionNotification
EDITING DELEGATE: webViewDidChange:WebViewDidChangeNotification
layer at (0,0) size 800x600
  RenderView at (0,0) size 800x600
layer at (0,0) size 800x600
  RenderBlock {HTML} at (0,0) size 800x600
    RenderBody {BODY} at (8,8) size 784x584
      RenderBlock {DIV} at (0,0) size 784x385 [border: (2px solid #0000FF)]
        RenderBlock {DIV} at (14,14) size 756x155
          RenderText {#text} at (0,0) size 67x32
            text run at (0,0) width 67: "Tests: "
          RenderBR {BR} at (0,0) size 0x0
          RenderText {#text} at (0,31) size 711x94
            text run at (0,31) width 701: "Deleting when a selection starts at the beginning of a text following a"
            text run at (0,62) width 711: "nested block, and extends out of the enclosing block into the following"
            text run at (0,93) width 68: "block. "
          RenderBR {BR} at (68,117) size 0x0
          RenderText {#text} at (0,124) size 591x32
            text run at (0,124) width 290: "FIXME: Currently broken! "
            text run at (290,124) width 301: "See rdar://problem/4099839/."
        RenderBlock {DIV} at (14,185) size 756x186
          RenderText {#text} at (0,0) size 189x32
            text run at (0,0) width 189: "Expected Results: "
          RenderBR {BR} at (189,24) size 0x0
          RenderText {#text} at (0,31) size 739x156
            text run at (0,31) width 739: "Should see a total of five lines in the red box, with the third line inside of"
            text run at (0,62) width 726: "a nested red box. First line should be \"one\". Next line should be \"two\"."
            text run at (0,93) width 722: "Next line should be \"cha cha cha\", inside of a nested red box. Next line"
            text run at (0,124) width 165: "should be \"ur\". "
            text run at (165,124) width 393: "The last line should be \"cha cha cha\". "
            text run at (558,124) width 152: "Insertion point"
            text run at (0,155) width 563: "should be blinking at the start of the fourth line (\"ur\")."
      RenderBlock {DIV} at (0,409) size 784x163
        RenderBlock {DIV} at (0,0) size 784x163 [border: (2px solid #FF0000)]
          RenderBlock (anonymous) at (2,2) size 780x31
            RenderText {#text} at (0,0) size 36x32
              text run at (0,0) width 36: "one"
          RenderBlock {DIV} at (2,33) size 780x31
            RenderText {#text} at (0,0) size 37x32
              text run at (0,0) width 37: "two"
          RenderBlock {DIV} at (2,64) size 780x35 [border: (2px solid #FF0000)]
            RenderBlock {DIV} at (2,2) size 776x31
              RenderText {#text} at (0,0) size 120x32
                text run at (0,0) width 120: "cha cha cha"
            RenderBlock (anonymous) at (2,33) size 776x0
          RenderBlock {DIV} at (2,99) size 780x31
            RenderText {#text} at (0,0) size 24x32
              text run at (0,0) width 24: "ur"
          RenderBlock {DIV} at (2,130) size 780x31
            RenderText {#text} at (0,0) size 120x32
              text run at (0,0) width 120: "cha cha cha"
caret: position 0 of child 0 {#text} of child 4 {DIV} of child 1 {DIV} of child 3 {DIV} of body
