EDITING DELEGATE: shouldBeginEditingInDOMRange:range from 0 of DIV > BODY > HTML > #document to 3 of DIV > BODY > HTML > #document
EDITING DELEGATE: webViewDidBeginEditing:WebViewDidBeginEditingNotification
EDITING DELEGATE: webViewDidChangeSelection:WebViewDidChangeSelectionNotification
EDITING DELEGATE: webViewDidChangeSelection:WebViewDidChangeSelectionNotification
EDITING DELEGATE: webViewDidChangeSelection:WebViewDidChangeSelectionNotification
EDITING DELEGATE: webViewDidChangeSelection:WebViewDidChangeSelectionNotification
EDITING DELEGATE: shouldDeleteDOMRange:range from 3 of DIV > DIV > BODY > HTML > #document to 1 of #text > P > DIV > DIV > BODY > HTML > #document
EDITING DELEGATE: webViewDidChangeSelection:WebViewDidChangeSelectionNotification
EDITING DELEGATE: shouldChangeSelectedDOMRange:(null) toDOMRange:range from 3 of DIV > DIV > BODY > HTML > #document to 3 of DIV > DIV > BODY > HTML > #document affinity:NSSelectionAffinityDownstream stillSelecting:FALSE
EDITING DELEGATE: webViewDidChangeSelection:WebViewDidChangeSelectionNotification
EDITING DELEGATE: webViewDidChange:WebViewDidChangeNotification
layer at (0,0) size 800x600
  RenderView at (0,0) size 800x600
layer at (0,0) size 800x600
  RenderBlock {HTML} at (0,0) size 800x600
    RenderBody {BODY} at (8,8) size 784x584
      RenderBlock {DIV} at (0,0) size 784x261 [border: (2px solid #0000FF)]
        RenderBlock {DIV} at (14,14) size 756x93
          RenderText {#text} at (0,0) size 67x32
            text run at (0,0) width 67: "Tests: "
          RenderBR {BR} at (0,0) size 0x0
          RenderText {#text} at (0,31) size 732x63
            text run at (0,31) width 732: "Deleting when a selection starts in a blank line created by a BR element"
            text run at (0,62) width 340: "and extends to the end of a block."
        RenderBlock {DIV} at (14,123) size 756x124
          RenderText {#text} at (0,0) size 189x32
            text run at (0,0) width 189: "Expected Results: "
          RenderBR {BR} at (189,24) size 0x0
          RenderText {#text} at (0,31) size 725x94
            text run at (0,31) width 725: "Should see the three lines in the red box. First line should be \"A\". Next"
            text run at (0,62) width 690: "two lines should be empty. Insertion point should be blinking on the"
            text run at (0,93) width 328: "second line (the first blank one)."
      RenderBlock {DIV} at (0,285) size 784x97
        RenderBlock {DIV} at (0,0) size 784x97 [border: (2px solid #FF0000)]
          RenderBlock {P} at (2,2) size 780x31
            RenderText {#text} at (0,0) size 17x32
              text run at (0,0) width 17: "A"
          RenderBlock (anonymous) at (2,33) size 780x31
            RenderBR {BR} at (0,0) size 0x32
          RenderBlock {P} at (2,64) size 780x31
            RenderBR {BR} at (0,0) size 0x32
caret: position 0 of child 3 {BR} of child 1 {DIV} of child 3 {DIV} of body
