EDITING DELEGATE: shouldBeginEditingInDOMRange:range from 0 of DIV > BODY > HTML > #document to 4 of DIV > BODY > HTML > #document
EDITING DELEGATE: webViewDidBeginEditing:WebViewDidBeginEditingNotification
EDITING DELEGATE: webViewDidChangeSelection:WebViewDidChangeSelectionNotification
EDITING DELEGATE: webViewDidChangeSelection:WebViewDidChangeSelectionNotification
EDITING DELEGATE: shouldDeleteDOMRange:range from 1 of DIV > BODY > HTML > #document to 2 of DIV > BODY > HTML > #document
EDITING DELEGATE: shouldChangeSelectedDOMRange:range from 3 of #text > DIV > BODY > HTML > #document to 3 of #text > DIV > BODY > HTML > #document toDOMRange:range from 3 of #text > DIV > BODY > HTML > #document to 3 of #text > DIV > BODY > HTML > #document affinity:NSSelectionAffinityDownstream stillSelecting:FALSE
EDITING DELEGATE: webViewDidChangeSelection:WebViewDidChangeSelectionNotification
EDITING DELEGATE: webViewDidChange:WebViewDidChangeNotification
layer at (0,0) size 800x600
  RenderView at (0,0) size 800x600
layer at (0,0) size 800x600
  RenderBlock {HTML} at (0,0) size 800x600
    RenderBody {BODY} at (8,8) size 784x584
      RenderBlock {P} at (0,0) size 784x22
        RenderText {#text} at (0,0) size 582x22
          text run at (0,0) width 582: "This tests deleting the line break before a paragraph that ends with unrendered space."
      RenderBlock {DIV} at (0,38) size 784x44
        RenderBlock (anonymous) at (0,0) size 784x22
          RenderText {#text} at (0,0) size 21x22
            text run at (0,0) width 21: "foo"
          RenderText {#text} at (21,0) size 24x22
            text run at (21,0) width 24: "bar"
        RenderBlock {DIV} at (0,22) size 784x22
          RenderText {#text} at (0,0) size 24x22
            text run at (0,0) width 24: "baz"
caret: position 3 of child 0 {#text} of child 2 {DIV} of body
