layer at (0,0) size 800x600
  RenderView at (0,0) size 800x600
layer at (0,0) size 800x405
  RenderBlock {html} at (0,0) size 800x405
    RenderBody {body} at (11,23) size 778x371
      RenderBlock {p} at (0,0) size 778x30 [color=#000080]
        RenderText {#text} at (0,0) size 754x30
          text run at (0,0) width 754: "Zoom in and out. The following two squares should always be the same size."
      RenderBlock {div} at (0,53) size 144x144 [bgcolor=#000080]
      RenderBlock (anonymous) at (0,220) size 778x151
        RenderSVGRoot {svg} at (11,243) size 144x144
          RenderSVGPath {rect} at (11,243) size 144x144 [fill={[type=SOLID] [color=#000080]}] [x=0.00] [y=0.00] [width=100.00] [height=100.00]
        RenderText {#text} at (0,0) size 0x0
        RenderText {#text} at (0,0) size 0x0
        RenderText {#text} at (0,0) size 0x0
