layer at (0,0) size 784x787
  RenderView at (0,0) size 784x600
layer at (0,0) size 784x787
  RenderBlock {html} at (0,0) size 784x787
    RenderBody {body} at (11,11) size 762x753
      RenderBlock (anonymous) at (0,0) size 762x60
        RenderText {#text} at (0,0) size 736x60
          text run at (0,0) width 373: "The two blocks should look identical. "
          text run at (373,0) width 363: "One uses an SVG, and the other just"
          text run at (0,30) width 256: "uses a normal HTML div."
      RenderBlock {p} at (0,83) size 762x30
        RenderText {#text} at (0,0) size 560x30
          text run at (0,0) width 560: "There should be a red, white and blue pattern below this"
      RenderSVGRoot {svg} at (25,161) size 200x200
        RenderSVGPath {rect} at (53,189) size 144x144 [fill={[type=SOLID] [color=#0000FF]}] [x=0.00] [y=0.00] [width=100.00] [height=100.00]
      RenderBlock {p} at (0,364) size 762x30
        RenderText {#text} at (0,0) size 561x30
          text run at (0,0) width 561: "There should be a red, white and blue pattern above this"
      RenderBlock {hr} at (0,417) size 762x2 [border: (1px inset #000000)]
      RenderBlock {p} at (0,442) size 762x30
        RenderText {#text} at (0,0) size 560x30
          text run at (0,0) width 560: "There should be a red, white and blue pattern below this"
      RenderBlock (floating) {div} at (14,509) size 200x200 [border: (14px solid #FF0000)]
        RenderBlock {div} at (28,28) size 144x144 [bgcolor=#0000FF]
      RenderBlock {p} at (0,723) size 762x30
        RenderText {#text} at (0,0) size 561x30
          text run at (0,0) width 561: "There should be a red, white and blue pattern above this"
