layer at (0,0) size 784x670
  RenderView at (0,0) size 784x600
layer at (0,0) size 784x670
  RenderBlock {html} at (0,0) size 784x670
    RenderBody {body} at (11,23) size 762x636
      RenderBlock {p} at (0,0) size 762x30 [color=#000080]
        RenderText {#text} at (0,0) size 633x30
          text run at (0,0) width 633: "There should be a blue circle with the word \"TEST\" in it below."
      RenderBlock (anonymous) at (0,53) size 762x583
        RenderSVGRoot {svg} at (11,76) size 576x576
          RenderSVGPath {rect} at (11,76) size 576x576 [fill={[type=SOLID] [color=#0000FF]}] [x=0.00] [y=0.00] [width=400.00] [height=400.00]
          RenderSVGPath {circle} at (11,76) size 576x576 [fill={[type=SOLID] [color=#000080]}] [cx=200.00] [cy=200.00] [r=200.00]
          RenderSVGForeignObject {foreignObject} at (0,175) size 400x50 [color=#FFFFFF]
            RenderBlock {div} at (0,0) size 400x65
              RenderText {#text} at (136,0) size 128x65
                text run at (136,0) width 128: "TEST"
        RenderText {#text} at (0,0) size 0x0
        RenderText {#text} at (0,0) size 0x0
        RenderText {#text} at (0,0) size 0x0
