layer at (0,0) size 800x600
  RenderView at (0,0) size 800x600
layer at (0,0) size 800x600
  RenderBlock {HTML} at (0,0) size 800x600
    RenderBody {BODY} at (8,8) size 784x584
      RenderBlock {P} at (0,0) size 784x38
        RenderText {#text} at (0,0) size 734x38
          text run at (0,0) width 734: "This tests to see that selected non-editable nodes that are not in both the start and end editable root are preserved during a"
          text run at (0,19) width 55: "deletion. "
          text run at (55,19) width 506: "You should see two 'Non-editable' pieces on either side of the editable piece below."
      RenderBlock {DIV} at (0,54) size 784x25
        RenderTable {TABLE} at (0,0) size 271x25
          RenderTableSection {TBODY} at (0,0) size 271x25
            RenderTableRow {TR} at (0,2) size 271x21
              RenderTableCell {TD} at (2,2) size 82x21 [r=0 c=0 rs=1 cs=1]
                RenderText {#text} at (1,1) size 80x19
                  text run at (1,1) width 80: "Non-editable"
              RenderTableCell {TD} at (86,2) size 99x21 [r=0 c=1 rs=1 cs=1]
                RenderText {#text} at (1,1) size 53x19
                  text run at (1,1) width 53: "Editable "
                RenderInline {SPAN} at (0,0) size 44x19
                  RenderText {#text} at (54,1) size 44x19
                    text run at (54,1) width 44: "content"
              RenderTableCell {TD} at (187,2) size 82x21 [r=0 c=2 rs=1 cs=1]
                RenderText {#text} at (1,1) size 80x19
                  text run at (1,1) width 80: "Non-editable"
        RenderBlock (anonymous) at (0,25) size 784x0
caret: position 9 of child 0 {#text} of child 3 {TD} of child 0 {TR} of child 1 {TBODY} of child 1 {TABLE} of child 3 {DIV} of body
