layer at (0,0) size 800x600
  RenderView at (0,0) size 800x600
layer at (0,0) size 800x600
  RenderBlock {HTML} at (0,0) size 800x600
    RenderBody {BODY} at (8,8) size 784x584
      RenderBlock {P} at (0,0) size 784x76
        RenderText {#text} at (0,0) size 771x76
          text run at (0,0) width 652: "This tests to see that selected editable nodes that are not in both the start and end editable roots are cleared. "
          text run at (652,0) width 119: "You should see one"
          text run at (0,19) width 426: "non-editable piece and an editable one and then two empty table cells. "
          text run at (426,19) width 319: "The table cells are editable but are preserved and not"
          text run at (0,38) width 311: "removed because they are in a non-editable region. "
          text run at (311,38) width 453: "They should be completely cleared out, even the second one that contains a"
          text run at (0,57) width 115: "non-editable piece."
      RenderBlock {DIV} at (0,92) size 784x29
        RenderTable {TABLE} at (0,0) size 205x29 [border: (1px outset #808080)]
          RenderTableSection {TBODY} at (1,1) size 203x27
            RenderTableRow {TR} at (0,2) size 203x23
              RenderTableCell {TD} at (2,2) size 84x23 [border: (1px inset #808080)] [r=0 c=0 rs=1 cs=1]
                RenderText {#text} at (2,2) size 80x19
                  text run at (2,2) width 80: "Non-editable"
              RenderTableCell {TD} at (88,2) size 101x23 [border: (1px inset #808080)] [r=0 c=1 rs=1 cs=1]
                RenderText {#text} at (2,2) size 53x19
                  text run at (2,2) width 53: "Editable "
                RenderInline {SPAN} at (0,0) size 44x19
                  RenderText {#text} at (55,2) size 44x19
                    text run at (55,2) width 44: "content"
              RenderTableCell {TD} at (191,2) size 4x23 [border: (1px inset #808080)] [r=0 c=2 rs=1 cs=1]
              RenderTableCell {TD} at (197,2) size 4x23 [border: (1px inset #808080)] [r=0 c=3 rs=1 cs=1]
        RenderBlock (anonymous) at (0,29) size 784x0
caret: position 9 of child 0 {#text} of child 3 {TD} of child 0 {TR} of child 1 {TBODY} of child 1 {TABLE} of child 3 {DIV} of body
