layer at (0,0) size 800x600
  RenderView at (0,0) size 800x600
layer at (0,0) size 800x600
  RenderBlock {HTML} at (0,0) size 800x600
    RenderBody {BODY} at (8,8) size 784x584
      RenderBlock {DIV} at (0,0) size 784x84 [border: (2px solid #0000FF)]
        RenderText {#text} at (14,14) size 755x56
          text run at (14,14) width 755: "Should see \"foo\" and \"bar\" each in a separate red box. Note that the \"foo\" text"
          text run at (14,42) width 151: "is really \"foo \". "
          text run at (165,42) width 62: "There "
        RenderInline {B} at (0,0) size 49x28
          RenderText {#text} at (227,42) size 49x28
            text run at (227,42) width 49: "must"
        RenderText {#text} at (276,42) size 316x28
          text run at (276,42) width 316: " be a space at the end of the line."
      RenderBlock {DIV} at (0,108) size 784x168
        RenderBlock {DIV} at (0,0) size 784x56 [border: (2px solid #FF0000)]
          RenderText {#text} at (14,14) size 32x28
            text run at (14,14) width 32: "foo"
        RenderBlock {DIV} at (0,56) size 784x56 [border: (2px solid #FF0000)]
          RenderBR {BR} at (14,14) size 0x28
        RenderBlock {DIV} at (0,112) size 784x56 [border: (2px solid #FF0000)]
          RenderBR {BR} at (14,14) size 0x28
caret: position 0 of child 0 {BR} of child 3 {DIV} of child 3 {DIV} of body
