layer at (0,0) size 800x600
  RenderView at (0,0) size 800x600
layer at (0,0) size 800x600
  RenderBlock {HTML} at (0,0) size 800x600
    RenderBody {BODY} at (8,8) size 784x584
      RenderBlock {DIV} at (0,0) size 600x28
        RenderBR {BR} at (0,0) size 0x28
      RenderBlock {DIV} at (0,28) size 600x28
        RenderText {#text} at (0,0) size 239x28
          text run at (0,0) width 239: "Which taken at the flood"
caret: position 0 of child 0 {BR} of child 1 {DIV} of body
