layer at (0,0) size 800x600
  RenderView at (0,0) size 800x600
layer at (0,0) size 800x600
  RenderBlock {HTML} at (0,0) size 800x600
    RenderBody {BODY} at (8,8) size 784x584
      RenderBlock {DIV} at (0,0) size 784x84 [border: (2px solid #0000FF)]
        RenderText {#text} at (14,14) size 749x56
          text run at (14,14) width 749: "Should see \"foo bar baz\" in the red box. Insertion point should be between the"
          text run at (14,42) width 201: "\"b\" and \"a\" of \"baz\"."
      RenderBlock {DIV} at (0,108) size 784x56
        RenderBlock {DIV} at (0,0) size 784x56 [border: (2px solid #FF0000)]
          RenderText {#text} at (14,14) size 108x28
            text run at (14,14) width 108: "foo bar baz"
caret: position 9 of child 0 {#text} of child 1 {DIV} of child 3 {DIV} of body
