layer at (0,0) size 800x600
  RenderView at (0,0) size 800x600
layer at (0,0) size 800x600
  RenderBlock {HTML} at (0,0) size 800x600
    RenderBody {BODY} at (8,8) size 784x584
      RenderBlock {DIV} at (0,0) size 784x56 [border: (2px solid #FF0000)]
        RenderText {#text} at (14,14) size 40x28
          text run at (14,14) width 40: "One"
        RenderText {#text} at (54,14) size 43x28
          text run at (54,14) width 43: "Two"
      RenderBlock (anonymous) at (0,56) size 784x0
caret: position 3 of child 0 {#text} of child 1 {DIV} of body
