layer at (0,0) size 800x600
  RenderView at (0,0) size 800x600
layer at (0,0) size 800x600
  RenderBlock {HTML} at (0,0) size 800x600
    RenderBody {BODY} at (8,8) size 784x584
      RenderBlock {DIV} at (0,0) size 784x56 [border: (2px solid #FF0000)]
        RenderBlock {DIV} at (14,14) size 756x28
          RenderText {#text} at (0,0) size 40x28
            text run at (0,0) width 40: "One"
          RenderText {#text} at (40,0) size 43x28
            text run at (40,0) width 43: "Two"
          RenderText {#text} at (83,0) size 56x28
            text run at (83,0) width 56: "Three"
          RenderText {#text} at (139,0) size 45x28
            text run at (139,0) width 45: "Four"
caret: position 5 of child 2 {#text} of child 1 {DIV} of child 1 {DIV} of body
