layer at (0,0) size 800x600
  RenderView at (0,0) size 800x600
layer at (0,0) size 800x600
  RenderBlock {HTML} at (0,0) size 800x600
    RenderBody {BODY} at (8,8) size 784x584
      RenderBlock {DIV} at (0,0) size 784x184 [border: (2px solid #0000FF)]
        RenderBlock {DIV} at (14,14) size 756x56
          RenderText {#text} at (0,0) size 66x28
            text run at (0,0) width 66: "Tests: "
          RenderBR {BR} at (0,0) size 0x0
          RenderText {#text} at (0,28) size 453x28
            text run at (0,28) width 453: "Option-delete when a typing command is open."
        RenderBlock {DIV} at (14,86) size 756x84
          RenderText {#text} at (0,0) size 189x28
            text run at (0,0) width 189: "Expected Results: "
          RenderBR {BR} at (189,22) size 0x0
          RenderText {#text} at (0,28) size 432x28
            text run at (0,28) width 432: "Net result is a third \"cha\". It should like this: "
          RenderBR {BR} at (432,50) size 0x0
          RenderText {#text} at (0,56) size 418x28
            text run at (0,56) width 418: "one two cha cha cha three four cha cha cha"
      RenderBlock {DIV} at (0,208) size 784x32
        RenderBlock {DIV} at (0,0) size 784x32 [border: (2px solid #FF0000)]
          RenderText {#text} at (2,2) size 418x28
            text run at (2,2) width 418: "one two cha cha cha three four cha cha cha"
caret: position 12 of child 0 {#text} of child 1 {DIV} of child 3 {DIV} of body
