layer at (0,0) size 800x600
  RenderView at (0,0) size 800x600
layer at (0,0) size 800x600
  RenderBlock {HTML} at (0,0) size 800x600
    RenderBody {BODY} at (8,8) size 784x584
      RenderBlock {DIV} at (0,0) size 784x56 [border: (2px solid #FF0000)]
        RenderInline {SPAN} at (0,0) size 289x28
          RenderText {#text} at (14,14) size 198x28
            text run at (14,14) width 102: "Fourscore "
            text run at (116,14) width 41: "and "
            text run at (157,14) width 55: "seven"
          RenderText {#text} at (212,14) size 91x28
            text run at (212,14) width 91: "years ago"
        RenderText {#text} at (0,0) size 0x0
caret: position 22 of child 0 {#text} of child 1 {SPAN} of child 1 {DIV} of body
