layer at (0,0) size 800x600
  RenderView at (0,0) size 800x600
layer at (0,0) size 800x600
  RenderBlock {HTML} at (0,0) size 800x600
    RenderBody {BODY} at (8,8) size 784x584
      RenderBlock {DIV} at (0,0) size 600x28
        RenderText {#text} at (0,0) size 194x28
          text run at (0,0) width 194: "in the affairs of men"
caret: position 0 of child 0 {#text} of child 1 {DIV} of body
