layer at (0,0) size 800x600
  RenderView at (0,0) size 800x600
layer at (0,0) size 800x600
  RenderBlock {HTML} at (0,0) size 800x600
    RenderBody {BODY} at (8,8) size 784x584
      RenderBlock {P} at (0,0) size 784x40
        RenderText {#text} at (0,0) size 745x40
          text run at (0,0) width 392: "This tests deleting a selection created with a word granularity. "
          text run at (392,0) width 353: "To run it manually, double click on 'bar' and hit forward"
          text run at (0,20) width 45: "delete. "
          text run at (45,20) width 159: "You should see 'foo baz'."
      RenderBlock {DIV} at (0,56) size 784x20
        RenderText {#text} at (0,0) size 25x20
          text run at (0,0) width 25: "foo "
        RenderText {#text} at (25,0) size 26x20
          text run at (25,0) width 26: " baz"
caret: position 4 of child 0 {#text} of child 2 {DIV} of body
