layer at (0,0) size 800x600
  RenderView at (0,0) size 800x600
layer at (0,0) size 800x271
  RenderBlock {HTML} at (0,0) size 800x271
    RenderBody {BODY} at (8,16) size 784x239
      RenderBlock {P} at (0,0) size 784x19
        RenderText {#text} at (0,0) size 272x19
          text run at (0,0) width 272: "There should be nothing below. Bug 8994."
      RenderBlock {P} at (0,35) size 784x204
        RenderHTMLCanvas {CANVAS} at (0,0) size 200x200
