layer at (0,0) size 800x600
  RenderView at (0,0) size 800x600
layer at (0,0) size 800x598
  RenderBlock {HTML} at (0,0) size 800x598
    RenderBody {BODY} at (8,8) size 784x582
      RenderHTMLCanvas {CANVAS} at (0,0) size 240x190 [border: (20px solid #000000)]
      RenderText {#text} at (240,175) size 4x19
        text run at (240,175) width 4: " "
      RenderHTMLCanvas {CANVAS} at (244,0) size 240x190 [border: (20px solid #000000)]
      RenderText {#text} at (484,175) size 4x19
        text run at (484,175) width 4: " "
      RenderHTMLCanvas {CANVAS} at (488,0) size 240x190 [border: (20px solid #000000)]
      RenderBR {BR} at (728,175) size 0x19
      RenderHTMLCanvas {CANVAS} at (0,194) size 240x190 [border: (20px solid #000000)]
      RenderText {#text} at (240,369) size 4x19
        text run at (240,369) width 4: " "
      RenderHTMLCanvas {CANVAS} at (244,194) size 240x190 [border: (20px solid #000000)]
      RenderText {#text} at (484,369) size 4x19
        text run at (484,369) width 4: " "
      RenderHTMLCanvas {CANVAS} at (488,194) size 240x190 [border: (20px solid #000000)]
      RenderBR {BR} at (728,369) size 0x19
      RenderHTMLCanvas {CANVAS} at (0,388) size 240x190 [border: (20px solid #000000)]
      RenderText {#text} at (240,563) size 4x19
        text run at (240,563) width 4: " "
      RenderHTMLCanvas {CANVAS} at (244,388) size 240x190 [border: (20px solid #000000)]
      RenderText {#text} at (484,563) size 4x19
        text run at (484,563) width 4: " "
      RenderHTMLCanvas {CANVAS} at (488,388) size 240x190 [border: (20px solid #000000)]
      RenderText {#text} at (0,0) size 0x0
