layer at (0,0) size 800x600
  RenderView at (0,0) size 800x600
layer at (0,0) size 800x600
  RenderBlock {HTML} at (0,0) size 800x600
    RenderBody {BODY} at (20,20) size 760x560 [bgcolor=#FFFFFF]
      RenderBlock {DIV} at (0,0) size 760x509
        RenderTable {TABLE} at (0,0) size 582x509
          RenderTableSection {TBODY} at (0,0) size 582x509
            RenderTableRow {TR} at (0,2) size 582x167
              RenderTableCell {TD} at (2,2) size 143x167 [r=0 c=0 rs=1 cs=1]
                RenderHTMLCanvas {CANVAS} at (7,7) size 129x129 [border: (2px solid #000000)]
                RenderBR {BR} at (136,141) size 0x0
                RenderInline {LABEL} at (0,0) size 84x19
                  RenderText {#text} at (7,141) size 84x19
                    text run at (7,141) width 84: "source-over"
              RenderTableCell {TD} at (147,2) size 143x167 [r=0 c=1 rs=1 cs=1]
                RenderHTMLCanvas {CANVAS} at (7,7) size 129x129 [border: (2px solid #000000)]
                RenderBR {BR} at (136,141) size 0x0
                RenderInline {LABEL} at (0,0) size 66x19
                  RenderText {#text} at (7,141) size 66x19
                    text run at (7,141) width 66: "source-in"
              RenderTableCell {TD} at (292,2) size 143x167 [r=0 c=2 rs=1 cs=1]
                RenderHTMLCanvas {CANVAS} at (7,7) size 129x129 [border: (2px solid #000000)]
                RenderBR {BR} at (136,141) size 0x0
                RenderInline {LABEL} at (0,0) size 75x19
                  RenderText {#text} at (7,141) size 75x19
                    text run at (7,141) width 75: "source-out"
              RenderTableCell {TD} at (437,2) size 143x167 [r=0 c=3 rs=1 cs=1]
                RenderHTMLCanvas {CANVAS} at (7,7) size 129x129 [border: (2px solid #000000)]
                RenderBR {BR} at (136,141) size 0x0
                RenderInline {LABEL} at (0,0) size 84x19
                  RenderText {#text} at (7,141) size 84x19
                    text run at (7,141) width 84: "source-atop"
            RenderTableRow {TR} at (0,171) size 582x167
              RenderTableCell {TD} at (2,171) size 143x167 [r=1 c=0 rs=1 cs=1]
                RenderHTMLCanvas {CANVAS} at (7,7) size 129x129 [border: (2px solid #000000)]
                RenderBR {BR} at (136,141) size 0x0
                RenderInline {LABEL} at (0,0) size 114x19
                  RenderText {#text} at (7,141) size 114x19
                    text run at (7,141) width 114: "destination-over"
              RenderTableCell {TD} at (147,171) size 143x167 [r=1 c=1 rs=1 cs=1]
                RenderHTMLCanvas {CANVAS} at (7,7) size 129x129 [border: (2px solid #000000)]
                RenderBR {BR} at (136,141) size 0x0
                RenderInline {LABEL} at (0,0) size 96x19
                  RenderText {#text} at (7,141) size 96x19
                    text run at (7,141) width 96: "destination-in"
              RenderTableCell {TD} at (292,171) size 143x167 [r=1 c=2 rs=1 cs=1]
                RenderHTMLCanvas {CANVAS} at (7,7) size 129x129 [border: (2px solid #000000)]
                RenderBR {BR} at (136,141) size 0x0
                RenderInline {LABEL} at (0,0) size 105x19
                  RenderText {#text} at (7,141) size 105x19
                    text run at (7,141) width 105: "destination-out"
              RenderTableCell {TD} at (437,171) size 143x167 [r=1 c=3 rs=1 cs=1]
                RenderHTMLCanvas {CANVAS} at (7,7) size 129x129 [border: (2px solid #000000)]
                RenderBR {BR} at (136,141) size 0x0
                RenderInline {LABEL} at (0,0) size 114x19
                  RenderText {#text} at (7,141) size 114x19
                    text run at (7,141) width 114: "destination-atop"
            RenderTableRow {TR} at (0,340) size 582x167
              RenderTableCell {TD} at (2,340) size 143x167 [r=2 c=0 rs=1 cs=1]
                RenderHTMLCanvas {CANVAS} at (7,7) size 129x129 [border: (2px solid #000000)]
                RenderBR {BR} at (136,141) size 0x0
                RenderInline {LABEL} at (0,0) size 44x19
                  RenderText {#text} at (7,141) size 44x19
                    text run at (7,141) width 44: "lighter"
              RenderTableCell {TD} at (147,340) size 143x167 [r=2 c=1 rs=1 cs=1]
                RenderHTMLCanvas {CANVAS} at (7,7) size 129x129 [border: (2px solid #000000)]
                RenderBR {BR} at (136,141) size 0x0
                RenderInline {LABEL} at (0,0) size 45x19
                  RenderText {#text} at (7,141) size 45x19
                    text run at (7,141) width 45: "darker"
              RenderTableCell {TD} at (292,340) size 143x167 [r=2 c=2 rs=1 cs=1]
                RenderHTMLCanvas {CANVAS} at (7,7) size 129x129 [border: (2px solid #000000)]
                RenderBR {BR} at (136,141) size 0x0
                RenderInline {LABEL} at (0,0) size 34x19
                  RenderText {#text} at (7,141) size 34x19
                    text run at (7,141) width 34: "copy"
              RenderTableCell {TD} at (437,340) size 143x167 [r=2 c=3 rs=1 cs=1]
                RenderHTMLCanvas {CANVAS} at (7,7) size 129x129 [border: (2px solid #000000)]
                RenderBR {BR} at (136,141) size 0x0
                RenderInline {LABEL} at (0,0) size 22x19
                  RenderText {#text} at (7,141) size 22x19
                    text run at (7,141) width 22: "xor"
