layer at (0,0) size 800x600
  RenderView at (0,0) size 800x600
layer at (0,0) size 800x235
  RenderBlock {HTML} at (0,0) size 800x235
    RenderBody {BODY} at (8,16) size 784x211
      RenderBlock {P} at (0,0) size 784x42
        RenderInline {B} at (0,0) size 62x22
          RenderText {#text} at (0,0) size 62x22
            text run at (0,0) width 62: "BUG ID:"
        RenderText {#text} at (62,1) size 4x20
          text run at (62,1) width 4: " "
        RenderInline {A} at (0,0) size 125x20 [color=#0000EE]
          RenderText {#text} at (66,1) size 125x20
            text run at (66,1) width 125: "Bugzilla bug 43341"
        RenderText {#text} at (191,1) size 745x41
          text run at (191,1) width 554: " Setting canvas width after canvas already rendered resets canvas data appropriately, but"
          text run at (0,22) width 176: "doesn't repaint immediately."
      RenderBlock {P} at (0,58) size 784x28 [bgcolor=#98FB98]
        RenderInline {B} at (0,0) size 91x22
          RenderText {#text} at (3,3) size 91x22
            text run at (3,3) width 91: "TEST PASS:"
        RenderText {#text} at (94,4) size 403x20
          text run at (94,4) width 4: " "
          text run at (98,4) width 399: "The canvas should go blank due to setting on the canvas width."
      RenderBlock {HR} at (0,102) size 784x2 [border: (1px inset #000000)]
      RenderBlock {P} at (0,120) size 784x20
        RenderText {#text} at (0,0) size 186x20
          text run at (0,0) width 186: "Actual output: (blank canvas)"
      RenderBlock (anonymous) at (0,156) size 784x55
        RenderHTMLCanvas {CANVAS} at (0,0) size 100x50
        RenderText {#text} at (0,0) size 0x0
        RenderText {#text} at (0,0) size 0x0
