layer at (0,0) size 785x738
  RenderView at (0,0) size 785x600
layer at (0,0) size 785x738
  RenderBlock {HTML} at (0,0) size 785x738
    RenderBody {BODY} at (8,16) size 769x714
      RenderBlock {P} at (0,0) size 769x18
        RenderText {#text} at (0,0) size 479x18
          text run at (0,0) width 479: "The extent of the shadow should approximately match the pale green boxes."
      RenderBlock (anonymous) at (0,34) size 769x680
        RenderBlock {DIV} at (20,20) size 300x300
          RenderText {#text} at (0,0) size 0x0
        RenderText {#text} at (340,206) size 4x18
          text run at (340,206) width 4: " "
        RenderBlock {DIV} at (364,20) size 300x300
          RenderText {#text} at (0,0) size 0x0
        RenderText {#text} at (0,0) size 0x0
        RenderBlock {DIV} at (20,360) size 300x300
          RenderText {#text} at (0,0) size 0x0
        RenderText {#text} at (340,546) size 4x18
          text run at (340,546) width 4: " "
        RenderBlock {DIV} at (364,360) size 300x300
          RenderText {#text} at (0,0) size 0x0
        RenderText {#text} at (0,0) size 0x0
layer at (128,170) size 100x100
  RenderBlock (positioned) {DIV} at (128,170) size 100x100
layer at (128,170) size 100x100
  RenderBlock (relative positioned) {DIV} at (100,100) size 100x100
layer at (472,170) size 100x100
  RenderBlock (positioned) {DIV} at (472,170) size 100x100
layer at (472,170) size 100x100
  RenderBlock (relative positioned) {DIV} at (100,100) size 100x100
layer at (128,510) size 100x100
  RenderBlock (positioned) {DIV} at (128,510) size 100x100
layer at (128,510) size 100x100
  RenderBlock (relative positioned) {DIV} at (100,100) size 100x100
layer at (472,510) size 100x100
  RenderBlock (positioned) {DIV} at (472,510) size 100x100
layer at (472,510) size 100x100
  RenderBlock (relative positioned) {DIV} at (100,100) size 100x100
