layer at (0,0) size 800x600
  RenderView at (0,0) size 800x600
layer at (0,0) size 800x600
  RenderBlock {HTML} at (0,0) size 800x600
    RenderBody {BODY} at (8,8) size 784x584
      RenderTextControl {INPUT} at (2,2) size 429x82 [bgcolor=#FFFFFF] [border: (2px inset #000000)]
        RenderBlock {DIV} at (3,17) size 423x47
          RenderBlock {DIV} at (0,26) size 10x13
          RenderBlock {DIV} at (407,26) size 16x13
      RenderBR {BR} at (433,86) size 0x0
      RenderTextControl {INPUT} at (2,88) size 429x82 [bgcolor=#FFFFFF] [border: (2px inset #000000)]
layer at (23,27) size 397x47 scrollWidth 413
  RenderBlock {DIV} at (10,0) size 397x47
    RenderText {#text} at (1,0) size 411x47
      text run at (1,0) width 411: "value jgq not clipped"
layer at (13,113) size 423x47
  RenderBlock {DIV} at (3,17) size 423x47
    RenderText {#text} at (1,0) size 411x47
      text run at (1,0) width 411: "value jgq not clipped"
