layer at (0,0) size 800x600
  RenderView at (0,0) size 800x600
layer at (0,0) size 800x600
  RenderBlock {HTML} at (0,0) size 800x600
    RenderBody {BODY} at (8,8) size 784x584
      RenderBlock {P} at (0,0) size 784x20
        RenderText {#text} at (0,0) size 153x20
          text run at (0,0) width 153: "Test controls placement."
      RenderBlock (anonymous) at (0,36) size 784x100
        RenderMedia {AUDIO} at (0,0) size 300x20 [bgcolor=#0000FF]
        RenderBR {BR} at (300,20) size 0x0
        RenderBR {BR} at (0,20) size 0x20
        RenderMedia {AUDIO} at (0,40) size 320x20 [bgcolor=#0000FF]
        RenderBR {BR} at (320,60) size 0x0
        RenderBR {BR} at (0,60) size 0x20
        RenderBR {BR} at (0,80) size 0x20
layer at (8,44) size 300x20
  RenderBlock (relative positioned) {DIV} at (0,0) size 300x20
layer at (8,44) size 300x20
  RenderFlexibleBox (positioned) {DIV} at (0,0) size 300x20
    RenderButton {INPUT} at (0,0) size 20x20
    RenderFlexibleBox {DIV} at (20,0) size 220x20 [border: (1px solid #FFFFFF33) none (1px solid #FFFFFF33)]
      RenderSlider {INPUT} at (1,0) size 218x20
        RenderBlock {DIV} at (2,4) size 12x12
    RenderButton {INPUT} at (240,0) size 20x20
    RenderButton {INPUT} at (260,0) size 20x20
    RenderButton {INPUT} at (280,0) size 20x20
layer at (8,84) size 320x20
  RenderBlock (relative positioned) {DIV} at (0,0) size 320x20
layer at (8,84) size 320x20
  RenderFlexibleBox (positioned) {DIV} at (0,0) size 320x20
    RenderButton {INPUT} at (0,0) size 20x20
    RenderFlexibleBox {DIV} at (20,0) size 240x20 [border: (1px solid #FFFFFF33) none (1px solid #FFFFFF33)]
      RenderSlider {INPUT} at (1,0) size 238x20
        RenderBlock {DIV} at (2,4) size 12x12
    RenderButton {INPUT} at (260,0) size 20x20
    RenderButton {INPUT} at (280,0) size 20x20
    RenderButton {INPUT} at (300,0) size 20x20
layer at (8,124) size 320x100
  RenderMedia {AUDIO} at (8,124) size 320x100 [bgcolor=#0000FF]
layer at (8,124) size 320x100
  RenderBlock (relative positioned) {DIV} at (0,0) size 320x100
layer at (8,204) size 320x20
  RenderFlexibleBox (positioned) {DIV} at (0,80) size 320x20
    RenderButton {INPUT} at (0,0) size 20x20
    RenderFlexibleBox {DIV} at (20,0) size 240x20 [border: (1px solid #FFFFFF33) none (1px solid #FFFFFF33)]
      RenderSlider {INPUT} at (1,0) size 238x20
        RenderBlock {DIV} at (2,4) size 12x12
    RenderButton {INPUT} at (260,0) size 20x20
    RenderButton {INPUT} at (280,0) size 20x20
    RenderButton {INPUT} at (300,0) size 20x20
