layer at (0,0) size 800x600
  RenderView at (0,0) size 800x600
layer at (0,0) size 800x600
  RenderBlock {HTML} at (0,0) size 800x600
    RenderBody {BODY} at (8,8) size 784x584
      RenderBlock {P} at (0,0) size 784x20
        RenderText {#text} at (0,0) size 274x20
          text run at (0,0) width 274: "The look of the controls should not change."
      RenderBlock {DIV} at (0,36) size 784x150 [color=#0000FF]
        RenderText {#text} at (0,0) size 0x0
      RenderBlock (anonymous) at (0,186) size 784x155
        RenderText {#text} at (300,135) size 4x20
          text run at (300,135) width 4: " "
        RenderText {#text} at (304,135) size 36x20
          text run at (304,135) width 36: "FAIL"
layer at (18,44) size 300x150
  RenderVideo {VIDEO} at (10,0) size 300x150
layer at (8,194) size 300x150
  RenderVideo {VIDEO} at (0,0) size 300x150
layer at (18,44) size 300x150
  RenderBlock (relative positioned) {DIV} at (0,0) size 300x150
layer at (18,174) size 300x20
  RenderFlexibleBox (positioned) {DIV} at (0,130) size 300x20
    RenderButton {INPUT} at (0,0) size 20x20
    RenderFlexibleBox {DIV} at (20,0) size 220x20 [border: (1px solid #FFFFFF33) none (1px solid #FFFFFF33)]
      RenderSlider {INPUT} at (1,0) size 218x20
        RenderBlock {DIV} at (2,4) size 12x12
    RenderButton {INPUT} at (240,0) size 20x20
    RenderButton {INPUT} at (260,0) size 20x20
    RenderButton {INPUT} at (280,0) size 20x20
layer at (8,194) size 300x150
  RenderBlock (relative positioned) {DIV} at (0,0) size 300x150
layer at (8,324) size 300x20
  RenderFlexibleBox (positioned) {DIV} at (0,130) size 300x20
    RenderButton {INPUT} at (0,0) size 20x20
    RenderFlexibleBox {DIV} at (20,0) size 240x20 [border: (1px solid #FFFFFF33) none (1px solid #FFFFFF33)]
      RenderSlider {INPUT} at (1,0) size 238x20
        RenderBlock {DIV} at (2,4) size 12x12
    RenderButton {INPUT} at (260,0) size 20x20
    RenderButton {INPUT} at (280,0) size 20x20
