layer at (0,0) size 800x600
  RenderView at (0,0) size 800x600
layer at (0,0) size 800x600
  RenderBlock {HTML} at (0,0) size 800x600
    RenderBody {BODY} at (8,8) size 784x584
      RenderBlock {P} at (0,0) size 784x19
        RenderText {#text} at (0,0) size 312x19
          text run at (0,0) width 312: "The controls should not depend on preload value."
      RenderBlock (anonymous) at (0,35) size 784x150
        RenderText {#text} at (0,0) size 0x0
layer at (8,43) size 300x150
  RenderVideo {VIDEO} at (0,0) size 300x150
layer at (8,43) size 300x150
  RenderBlock (relative positioned) {DIV} at (0,0) size 300x150
layer at (8,173) size 300x20
  RenderFlexibleBox (positioned) {DIV} at (0,130) size 300x20
    RenderButton {INPUT} at (0,0) size 20x20
    RenderFlexibleBox {DIV} at (20,0) size 200x20 [border: (1px solid #FFFFFF33) none (1px solid #FFFFFF33)]
      RenderSlider {INPUT} at (1,0) size 198x20
        RenderBlock {DIV} at (2,4) size 12x12
    RenderButton {INPUT} at (220,0) size 20x20
    RenderButton {INPUT} at (240,0) size 20x20
    RenderButton {INPUT} at (260,0) size 20x20
    RenderButton {INPUT} at (280,0) size 20x20
