layer at (0,0) size 781x763
  RenderView at (0,0) size 781x600
layer at (0,0) size 781x600
  RenderBlock {HTML} at (0,0) size 781x600
    RenderBody {BODY} at (8,8) size 765x584
      RenderBlock {P} at (0,0) size 765x19
        RenderText {#text} at (0,0) size 153x19
          text run at (0,0) width 153: "Test controls placement."
      RenderBlock {DIV} at (0,35) size 765x240
        RenderText {#text} at (0,0) size 0x0
      RenderBlock {DIV} at (0,275) size 765x240
        RenderText {#text} at (0,0) size 0x0
      RenderBlock {DIV} at (0,515) size 765x0
layer at (8,43) size 320x240
  RenderVideo {VIDEO} at (0,0) size 320x240
layer at (8,283) size 320x240
  RenderVideo {VIDEO} at (0,0) size 320x240
layer at (8,43) size 320x240
  RenderBlock (relative positioned) {DIV} at (0,0) size 320x240
layer at (8,263) size 320x20 scrollHeight 30
  RenderFlexibleBox (positioned) {DIV} at (0,220) size 320x20
    RenderButton {INPUT} at (0,0) size 20x20
    RenderFlexibleBox {DIV} at (20,0) size 220x20 [border: (1px solid #FFFFFF33) none (1px solid #FFFFFF33)]
      RenderBlock (anonymous) at (1,0) size 65x30
        RenderBlock {DIV} at (0,0) size 65x30
          RenderText {#text} at (5,5) size 55x12
            text run at (5,5) width 55: "00:00 / 00:06"
      RenderSlider {INPUT} at (66,0) size 153x20
        RenderBlock {DIV} at (2,4) size 12x12
    RenderButton {INPUT} at (240,0) size 20x20
    RenderButton {INPUT} at (260,0) size 20x20
    RenderButton {INPUT} at (280,0) size 20x20
    RenderButton {INPUT} at (300,0) size 20x20
layer at (8,283) size 320x240
  RenderBlock (relative positioned) {DIV} at (0,0) size 320x240
layer at (8,503) size 320x20 scrollHeight 30
  RenderFlexibleBox (positioned) {DIV} at (0,220) size 320x20
    RenderButton {INPUT} at (0,0) size 20x20
    RenderFlexibleBox {DIV} at (20,0) size 220x20 [border: (1px solid #FFFFFF33) none (1px solid #FFFFFF33)]
      RenderBlock (anonymous) at (1,0) size 65x30
        RenderBlock {DIV} at (0,0) size 65x30
          RenderText {#text} at (5,5) size 55x12
            text run at (5,5) width 55: "00:00 / 00:06"
      RenderSlider {INPUT} at (66,0) size 153x20
        RenderBlock {DIV} at (2,4) size 12x12
    RenderButton {INPUT} at (240,0) size 20x20
    RenderButton {INPUT} at (260,0) size 20x20
    RenderButton {INPUT} at (280,0) size 20x20
    RenderButton {INPUT} at (300,0) size 20x20
layer at (8,523) size 320x240
  RenderVideo {VIDEO} at (8,523) size 320x240
layer at (8,523) size 320x240
  RenderBlock (relative positioned) {DIV} at (0,0) size 320x240
layer at (8,743) size 320x20 scrollHeight 30
  RenderFlexibleBox (positioned) {DIV} at (0,220) size 320x20
    RenderButton {INPUT} at (0,0) size 20x20
    RenderFlexibleBox {DIV} at (20,0) size 220x20 [border: (1px solid #FFFFFF33) none (1px solid #FFFFFF33)]
      RenderBlock (anonymous) at (1,0) size 65x30
        RenderBlock {DIV} at (0,0) size 65x30
          RenderText {#text} at (5,5) size 55x12
            text run at (5,5) width 55: "00:00 / 00:06"
      RenderSlider {INPUT} at (66,0) size 153x20
        RenderBlock {DIV} at (2,4) size 12x12
    RenderButton {INPUT} at (240,0) size 20x20
    RenderButton {INPUT} at (260,0) size 20x20
    RenderButton {INPUT} at (280,0) size 20x20
    RenderButton {INPUT} at (300,0) size 20x20
