layer at (0,0) size 800x600
  RenderView at (0,0) size 800x600
layer at (0,0) size 800x547
  RenderBlock {HTML} at (0,0) size 800x547
    RenderBody {BODY} at (8,16) size 784x523
      RenderBlock {P} at (0,0) size 784x19
        RenderText {#text} at (0,0) size 715x19
          text run at (0,0) width 715: "Test that setting currentTime is frame-accurate. The three videos below should be showing frames 12, 13, and 14."
      RenderBlock (anonymous) at (0,35) size 784x488
        RenderText {#text} at (320,225) size 4x19
          text run at (320,225) width 4: " "
        RenderText {#text} at (0,0) size 0x0
        RenderText {#text} at (0,0) size 0x0
layer at (8,51) size 320x240
  RenderVideo {VIDEO} at (0,0) size 320x240
layer at (332,51) size 320x240
  RenderVideo {VIDEO} at (324,0) size 320x240
layer at (8,295) size 320x240
  RenderVideo {VIDEO} at (0,244) size 320x240
