layer at (0,0) size 800x600
  RenderView at (0,0) size 800x600
layer at (0,0) size 800x600
  RenderBlock {HTML} at (0,0) size 800x600
    RenderBody {BODY} at (8,8) size 784x584
      RenderBlock {P} at (0,0) size 784x19
        RenderText {#text} at (0,0) size 430x19
          text run at (0,0) width 430: "Slider drawing with no source. The controls should render correctly."
      RenderBlock (anonymous) at (0,35) size 784x152
        RenderText {#text} at (0,0) size 0x0
layer at (8,43) size 302x152
  RenderVideo {VIDEO} at (0,0) size 302x152 [border: (1px solid #000000)]
layer at (9,44) size 300x150
  RenderBlock (relative positioned) {DIV} at (1,1) size 300x150
layer at (9,44) size 300x150
  RenderFlexibleBox (positioned) {DIV} at (0,0) size 300x150
    RenderButton {INPUT} at (0,130) size 20x20
    RenderButton {INPUT} at (20,130) size 20x20
    RenderButton {INPUT} at (40,130) size 20x20
