layer at (0,0) size 800x600
  RenderView at (0,0) size 800x600
layer at (0,0) size 800x355
  RenderBlock {HTML} at (0,0) size 800x355
    RenderBody {BODY} at (8,16) size 784x331
      RenderBlock {P} at (0,0) size 784x40
        RenderText {#text} at (0,0) size 53x20
          text run at (0,0) width 53: "Test for "
        RenderInline {A} at (0,0) size 305x20 [color=#0000EE]
          RenderText {#text} at (53,0) size 305x20
            text run at (53,0) width 305: "https://bugs.webkit.org/show_bug.cgi?id=34966"
        RenderText {#text} at (358,0) size 8x20
          text run at (358,0) width 8: ". "
        RenderBR {BR} at (366,0) size 0x20
        RenderText {#text} at (0,20) size 238x20
          text run at (0,20) width 238: "You should see the video play below."
      RenderBlock (anonymous) at (0,56) size 784x275
        RenderText {#text} at (480,255) size 4x20
          text run at (480,255) width 4: " "
        RenderText {#text} at (484,255) size 36x20
          text run at (484,255) width 36: "FAIL"
layer at (8,72) size 480x270
  RenderVideo {VIDEO} at (0,0) size 480x270
