layer at (0,0) size 781x850
  RenderView at (0,0) size 781x600
layer at (0,0) size 781x850
  RenderBlock {HTML} at (0,0) size 781x850
    RenderBody {BODY} at (8,8) size 765x834
      RenderBlock {P} at (0,0) size 765x20
        RenderText {#text} at (0,0) size 283x20
          text run at (0,0) width 283: "150% zoom, with width and height attributes"
      RenderBlock (anonymous) at (0,36) size 765x373
        RenderText {#text} at (0,353) size 4x20
          text run at (0,353) width 4: " "
        RenderBR {BR} at (492,368) size 0x0
      RenderBlock {P} at (0,425) size 765x20
        RenderText {#text} at (0,0) size 303x20
          text run at (0,0) width 303: "150% zoom, without width and height attributes"
      RenderBlock (anonymous) at (0,461) size 765x373
        RenderText {#text} at (0,353) size 4x20
          text run at (0,353) width 4: " "
        RenderBR {BR} at (492,368) size 0x0
layer at (12,44) size 488x368
  RenderVideo {VIDEO} at (4,0) size 488x368 [border: (4px solid #FF0000)]
layer at (12,469) size 488x368
  RenderVideo {VIDEO} at (4,0) size 488x368 [border: (4px solid #FF0000)]
