layer at (0,0) size 781x643
  RenderView at (0,0) size 781x600
layer at (0,0) size 781x600
  RenderBlock {HTML} at (0,0) size 781x600
    RenderBody {BODY} at (8,8) size 765x584
      RenderBlock {P} at (0,0) size 765x19
        RenderText {#text} at (0,0) size 623x19
          text run at (0,0) width 623: "Test video sizing. You should see one bigger image (paused video) and 7 small ones of 1/4 its size."
      RenderBlock (anonymous) at (0,35) size 765x484
        RenderBR {BR} at (320,240) size 0x0
        RenderBlock {DIV} at (160,240) size 400x120
          RenderText {#text} at (0,0) size 0x0
        RenderBlock {DIV} at (0,360) size 320x120
          RenderText {#text} at (0,0) size 0x0
        RenderText {#text} at (640,465) size 4x19
          text run at (640,465) width 4: " "
        RenderText {#text} at (644,465) size 36x19
          text run at (644,465) width 36: "FAIL"
layer at (8,43) size 320x240
  RenderVideo {VIDEO} at (0,0) size 320x240
layer at (8,283) size 160x120
  RenderVideo {VIDEO} at (0,240) size 160x120
layer at (168,323) size 160x80
  RenderVideo {VIDEO} at (0,40) size 160x80
layer at (328,283) size 240x120
  RenderVideo {VIDEO} at (160,0) size 240x120
layer at (8,403) size 240x120
  RenderVideo {VIDEO} at (0,0) size 240x120
layer at (8,523) size 160x120
  RenderVideo {VIDEO} at (0,120) size 160x120
layer at (328,403) size 320x120
  RenderBlock (relative positioned) {DIV} at (320,360) size 320x120
layer at (328,403) size 240x120
  RenderVideo {VIDEO} at (0,0) size 240x120
layer at (488,403) size 160x80
  RenderVideo {VIDEO} at (160,0) size 160x80
