layer at (0,0) size 800x600
  RenderView at (0,0) size 800x600
layer at (0,0) size 800x600
  RenderBlock {HTML} at (0,0) size 800x600
    RenderBody {BODY} at (8,8) size 784x584
      RenderText {#text} at (0,0) size 471x19
        text run at (0,0) width 471: "This tests that toggling the display property won't make the controls disappear."
      RenderBR {BR} at (471,15) size 0x0
      RenderText {#text} at (0,0) size 0x0
layer at (8,27) size 320x240
  RenderVideo {VIDEO} at (0,19) size 320x240
layer at (8,27) size 320x240
  RenderBlock (relative positioned) {DIV} at (0,0) size 320x240
layer at (8,247) size 320x20
  RenderFlexibleBox (positioned) {DIV} at (0,220) size 320x20
    RenderButton {INPUT} at (0,0) size 20x20
    RenderFlexibleBox {DIV} at (20,0) size 220x20 [border: (1px solid #FFFFFF33) none (1px solid #FFFFFF33)]
      RenderSlider {INPUT} at (1,0) size 218x20
        RenderBlock {DIV} at (2,4) size 12x12
    RenderButton {INPUT} at (240,0) size 20x20
    RenderButton {INPUT} at (260,0) size 20x20
    RenderButton {INPUT} at (280,0) size 20x20
    RenderButton {INPUT} at (300,0) size 20x20
