layer at (0,0) size 800x600
  RenderView at (0,0) size 800x600
layer at (0,0) size 800x600
  RenderBlock {HTML} at (0,0) size 800x600
    RenderBody {BODY} at (12,12) size 776x543
      RenderBlock {P} at (0,0) size 776x30
        RenderText {#text} at (0,0) size 280x30
          text run at (0,0) width 280: "Zoomed video with controls."
layer at (57,87) size 240x180
  RenderVideo {VIDEO} at (45,75) size 240x180
layer at (57,87) size 240x180
  RenderBlock (relative positioned) {DIV} at (0,0) size 240x180
layer at (57,237) size 240x30
  RenderFlexibleBox (positioned) {DIV} at (0,150) size 240x30
    RenderButton {INPUT} at (0,0) size 30x30
    RenderFlexibleBox {DIV} at (30,0) size 90x30 [border: (1px solid #FFFFFF33) none (1px solid #FFFFFF33)]
      RenderSlider {INPUT} at (1,0) size 88x30
        RenderBlock {DIV} at (3,9) size 12x12
    RenderButton {INPUT} at (120,0) size 30x30
    RenderButton {INPUT} at (150,0) size 30x30
    RenderButton {INPUT} at (180,0) size 30x30
    RenderButton {INPUT} at (210,0) size 30x30
layer at (57,312) size 240x180
  RenderVideo {VIDEO} at (45,300) size 240x180
layer at (57,312) size 240x180
  RenderBlock (relative positioned) {DIV} at (0,0) size 240x180
layer at (57,462) size 240x30
  RenderFlexibleBox (positioned) {DIV} at (0,150) size 240x30
    RenderButton {INPUT} at (0,0) size 30x30
    RenderFlexibleBox {DIV} at (30,0) size 90x30 [border: (1px solid #FFFFFF33) none (1px solid #FFFFFF33)]
      RenderSlider {INPUT} at (1,0) size 88x30
        RenderBlock {DIV} at (3,9) size 12x12
    RenderButton {INPUT} at (120,0) size 30x30
    RenderButton {INPUT} at (150,0) size 30x30
    RenderButton {INPUT} at (180,0) size 30x30
    RenderButton {INPUT} at (210,0) size 30x30
