layer at (0,0) size 800x600
  RenderView at (0,0) size 800x600
layer at (0,0) size 800x600
  RenderBlock {HTML} at (0,0) size 800x600
    RenderBody {BODY} at (8,8) size 784x584
      RenderBlock {P} at (0,0) size 784x58
        RenderText {#text} at (0,0) size 775x57
          text run at (0,0) width 775: "You should see a single 100x100 green square below. If your browser supports the display of ALT text, you should see the"
          text run at (0,19) width 247: "word \"Image\" inside the green square. "
          text run at (247,19) width 274: "If you see any red, then the test has failed. "
          text run at (521,19) width 215: "This test is checking to make sure"
          text run at (0,38) width 329: "replaced elements inside boxes get stretched when "
        RenderInline {CODE} at (0,0) size 144x17
          RenderText {#text} at (329,40) size 144x17
            text run at (329,40) width 144: "box-align: stretch"
        RenderText {#text} at (473,38) size 78x19
          text run at (473,38) width 78: " is specified."
      RenderFlexibleBox {DIV} at (0,72) size 100x100 [bgcolor=#FF0000]
        RenderImage {IMG} at (0,0) size 100x100 [bgcolor=#008000]
