layer at (0,0) size 800x600
  RenderView at (0,0) size 800x600
layer at (0,0) size 800x600
  RenderBlock {HTML} at (0,0) size 800x600
    RenderBody {BODY} at (8,8) size 784x584
      RenderBlock (anonymous) at (0,0) size 784x21
        RenderText {#text} at (0,0) size 252x20
          text run at (0,0) width 252: "The textareas below should not overlap."
      RenderTable {TABLE} at (0,21) size 784x42
        RenderTableSection {TBODY} at (0,0) size 784x42
          RenderTableRow {TR} at (0,1) size 784x40
            RenderTableCell {TD} at (1,1) size 143x40 [r=0 c=0 rs=1 cs=1]
            RenderTableCell {TD} at (145,1) size 8x40 [r=0 c=1 rs=1 cs=1]
            RenderTableCell {TD} at (154,1) size 8x40 [r=0 c=2 rs=1 cs=1]
            RenderTableCell {TD} at (163,9) size 620x23 [r=0 c=3 rs=1 cs=1]
              RenderText {#text} at (1,1) size 4x20
                text run at (1,1) width 4: " "
      RenderBlock (anonymous) at (0,63) size 784x42
        RenderBR {BR} at (0,0) size 0x20
        RenderBR {BR} at (0,21) size 0x20
      RenderTable {TABLE} at (0,105) size 784x42
        RenderTableSection {TBODY} at (0,0) size 784x42
          RenderTableRow {TR} at (0,1) size 784x40
            RenderTableCell {TD} at (1,1) size 203x40 [r=0 c=0 rs=1 cs=1]
            RenderTableCell {TD} at (205,1) size 8x40 [r=0 c=1 rs=1 cs=1]
            RenderTableCell {TD} at (214,1) size 8x40 [r=0 c=2 rs=1 cs=1]
            RenderTableCell {TD} at (223,9) size 560x23 [r=0 c=3 rs=1 cs=1]
              RenderText {#text} at (1,1) size 4x20
                text run at (1,1) width 4: " "
layer at (10,33) size 141x34 clip at (11,34) size 139x32
  RenderTextControl {TEXTAREA} at (1,3) size 141x34 [bgcolor=#FFFFFF] [border: (1px solid #000000)]
    RenderBlock {DIV} at (3,3) size 135x14
      RenderText {#text} at (0,0) size 17x14
        text run at (0,0) width 17: "one"
layer at (154,33) size 6x34 clip at (0,0) size 0x0 scrollWidth 10 scrollHeight 46
  RenderTextControl {TEXTAREA} at (1,3) size 6x34 [bgcolor=#FFFFFF] [border: (1px solid #000000)]
    RenderBlock {DIV} at (3,3) size 0x42
      RenderText {#text} at (0,0) size 8x42
        text run at (0,0) width 3: "t"
        text run at (0,14) width 8: "w"
        text run at (0,28) width 6: "o"
layer at (163,33) size 6x34 clip at (0,0) size 0x0 scrollWidth 8 scrollHeight 74
  RenderTextControl {TEXTAREA} at (1,3) size 6x34 [bgcolor=#FFFFFF] [border: (1px solid #000000)]
    RenderBlock {DIV} at (3,3) size 0x70
      RenderText {#text} at (0,0) size 6x70
        text run at (0,0) width 3: "t"
        text run at (0,14) width 6: "h"
        text run at (0,28) width 4: "r"
        text run at (0,42) width 5: "e"
        text run at (0,56) width 5: "e"
layer at (10,117) size 201x34 clip at (11,118) size 199x32
  RenderTextControl {TEXTAREA} at (1,3) size 201x34 [bgcolor=#FFFFFF] [border: (1px solid #000000)]
    RenderBlock {DIV} at (3,3) size 195x14
      RenderText {#text} at (0,0) size 63x14
        text run at (0,0) width 63: "one two three"
layer at (214,117) size 6x34 clip at (0,0) size 0x0 scrollWidth 10 scrollHeight 46
  RenderTextControl {TEXTAREA} at (1,3) size 6x34 [bgcolor=#FFFFFF] [border: (1px solid #000000)]
    RenderBlock {DIV} at (3,3) size 0x42
      RenderText {#text} at (0,0) size 8x42
        text run at (0,0) width 3: "t"
        text run at (0,14) width 8: "w"
        text run at (0,28) width 6: "o"
layer at (223,117) size 6x34 clip at (0,0) size 0x0 scrollWidth 8 scrollHeight 74
  RenderTextControl {TEXTAREA} at (1,3) size 6x34 [bgcolor=#FFFFFF] [border: (1px solid #000000)]
    RenderBlock {DIV} at (3,3) size 0x70
      RenderText {#text} at (0,0) size 6x70
        text run at (0,0) width 3: "t"
        text run at (0,14) width 6: "h"
        text run at (0,28) width 4: "r"
        text run at (0,42) width 5: "e"
        text run at (0,56) width 5: "e"
