layer at (0,0) size 800x600
  RenderView at (0,0) size 800x600
layer at (0,0) size 800x600
  RenderBlock {HTML} at (0,0) size 800x600
    RenderBody {BODY} at (8,8) size 784x584
      RenderBlock (anonymous) at (0,0) size 784x18
        RenderText {#text} at (0,0) size 224x18
          text run at (0,0) width 224: "These textfields should not overlap."
      RenderTable {TABLE} at (0,18) size 784x27
        RenderTableSection {TBODY} at (0,0) size 784x27
          RenderTableRow {TR} at (0,1) size 784x25
            RenderTableCell {TD} at (1,1) size 154x25 [r=0 c=0 rs=1 cs=1]
              RenderTextControl {INPUT} at (1,3) size 152x19 [bgcolor=#FFFFFF] [border: (2px inset #000000)]
                RenderBlock {DIV} at (3,3) size 146x13
                  RenderBlock {DIV} at (0,0) size 8x11
                  RenderBlock {DIV} at (133,0) size 13x11
            RenderTableCell {TD} at (156,1) size 8x25 [r=0 c=1 rs=1 cs=1]
              RenderTextControl {INPUT} at (1,3) size 6x19 [bgcolor=#FFFFFF] [border: (2px inset #000000)]
                RenderBlock {DIV} at (3,3) size 0x13
                  RenderBlock {DIV} at (0,0) size 8x11
                  RenderBlock {DIV} at (0,24) size 13x11
            RenderTableCell {TD} at (165,1) size 8x25 [r=0 c=2 rs=1 cs=1]
              RenderTextControl {INPUT} at (1,3) size 6x19 [bgcolor=#FFFFFF] [border: (2px inset #000000)]
                RenderBlock {DIV} at (3,3) size 0x13
                  RenderBlock {DIV} at (0,0) size 8x11
                  RenderBlock {DIV} at (0,24) size 13x11
            RenderTableCell {TD} at (174,3) size 609x20 [r=0 c=3 rs=1 cs=1]
              RenderText {#text} at (1,1) size 4x18
                text run at (1,1) width 4: " "
      RenderBlock (anonymous) at (0,45) size 784x36
        RenderBR {BR} at (0,0) size 0x18
        RenderBR {BR} at (0,18) size 0x18
      RenderTable {TABLE} at (0,81) size 784x27
        RenderTableSection {TBODY} at (0,0) size 784x27
          RenderTableRow {TR} at (0,1) size 784x25
            RenderTableCell {TD} at (1,1) size 710x25 [r=0 c=0 rs=1 cs=1]
              RenderTextControl {INPUT} at (1,3) size 708x19 [bgcolor=#FFFFFF] [border: (2px inset #000000)]
                RenderBlock {DIV} at (3,3) size 702x13
                  RenderBlock {DIV} at (0,0) size 22x11
                  RenderBlock {DIV} at (689,0) size 13x11
            RenderTableCell {TD} at (712,1) size 8x25 [r=0 c=1 rs=1 cs=1]
              RenderTextControl {INPUT} at (1,3) size 6x19 [bgcolor=#FFFFFF] [border: (2px inset #000000)]
                RenderBlock {DIV} at (3,3) size 0x13
                  RenderBlock {DIV} at (0,0) size 22x11
                  RenderBlock {DIV} at (0,24) size 13x11
            RenderTableCell {TD} at (721,1) size 8x25 [r=0 c=2 rs=1 cs=1]
              RenderTextControl {INPUT} at (1,3) size 6x19 [bgcolor=#FFFFFF] [border: (2px inset #000000)]
                RenderBlock {DIV} at (3,3) size 0x13
                  RenderBlock {DIV} at (0,0) size 22x11
                  RenderBlock {DIV} at (0,24) size 13x11
            RenderTableCell {TD} at (730,3) size 53x20 [r=0 c=3 rs=1 cs=1]
              RenderText {#text} at (1,1) size 4x18
                text run at (1,1) width 4: " "
layer at (21,33) size 125x13
  RenderBlock {DIV} at (8,0) size 125x13
    RenderText {#text} at (1,0) size 48x13
      text run at (1,0) width 48: "New Mail"
layer at (168,44) size 2x13 scrollWidth 31
  RenderBlock {DIV} at (0,11) size 2x13
    RenderText {#text} at (1,0) size 29x13
      text run at (1,0) width 29: "Reply"
layer at (177,44) size 2x13 scrollWidth 48
  RenderBlock {DIV} at (0,11) size 2x13
    RenderText {#text} at (1,0) size 46x13
      text run at (1,0) width 46: "Reply All"
layer at (35,96) size 667x13
  RenderBlock {DIV} at (22,0) size 667x13
    RenderText {#text} at (1,0) size 48x13
      text run at (1,0) width 48: "New Mail"
layer at (724,107) size 2x13 scrollWidth 31
  RenderBlock {DIV} at (0,11) size 2x13
    RenderText {#text} at (1,0) size 29x13
      text run at (1,0) width 29: "Reply"
layer at (733,107) size 2x13 scrollWidth 48
  RenderBlock {DIV} at (0,11) size 2x13
    RenderText {#text} at (1,0) size 46x13
      text run at (1,0) width 46: "Reply All"
