layer at (0,0) size 800x600
  RenderView at (0,0) size 800x600
layer at (0,490) size 800x110
  RenderBlock {HTML} at (0,0) size 800x110 [border: (10px solid #800000)]
    RenderBody {BODY} at (18,18) size 764x74
      RenderText {#text} at (0,1) size 220x46
        text run at (0,1) width 220: "\x{653B}\x{6BBB} \x{6A5F}\x{52D5}\x{968A} "
      RenderRuby (inline) {RUBY} at (0,0) size 216x46
        RenderRubyRun (anonymous) at (220,0) size 96x48
          RenderRubyText {RT} at (0,47) size 96x28
            RenderText {#text} at (0,0) size 96x27
              text run at (0,0) width 96: "\x{3053}\x{3046}\x{304B}\x{304F}"
          RenderRubyBase (anonymous) at (0,0) size 96x48
            RenderText {#text} at (8,1) size 80x46
              text run at (8,1) width 80: "\x{653B}\x{6BBB}"
        RenderRubyRun (anonymous) at (316,0) size 120x48
          RenderRubyText {RT} at (0,47) size 120x28
            RenderText {#text} at (0,0) size 120x27
              text run at (0,0) width 120: "\x{304D}\x{3069}\x{3046}\x{305F}\x{3044}"
          RenderRubyBase (anonymous) at (0,0) size 120x48
            RenderText {#text} at (0,1) size 120x46
              text run at (0,1) width 120: "\x{6A5F}\x{52D5}\x{968A}"
      RenderText {#text} at (0,0) size 0x0
