layer at (0,0) size 800x600
  RenderView at (0,0) size 800x600
layer at (0,0) size 800x600
  RenderBlock {HTML} at (0,0) size 800x600
    RenderBody {BODY} at (8,8) size 784x578
      RenderBlock (anonymous) at (0,0) size 784x32
        RenderText {#text} at (0,0) size 765x32
          text run at (0,0) width 765: "This tests whether alt text is shown for image elements with no src attribute. You should see \"Success\" twice, followed by a"
          text run at (0,16) width 91: "blue rectangle."
      RenderBlock {P} at (0,46) size 784x93
        RenderImage {IMG} at (0,0) size 52x16
        RenderBR {BR} at (52,16) size 0x0
        RenderImage {IMG} at (0,16) size 102x52 [border: (1px solid #000000)]
        RenderBR {BR} at (102,68) size 0x0
        RenderImage {IMG} at (0,68) size 75x25
        RenderBR {BR} at (75,93) size 0x0
