layer at (0,0) size 800x600
  RenderView at (0,0) size 800x600
layer at (0,0) size 800x600
  RenderBlock {HTML} at (0,0) size 800x600
    RenderBody {BODY} at (8,8) size 784x584
      RenderBlock {DIV} at (0,0) size 784x22
        RenderBlock (floating) {DIV} at (505,0) size 279x104 [border: (2px solid #FF0000)]
          RenderText {#text} at (2,2) size 275x22
            text run at (2,2) width 275: "I should become a right-floating element."
        RenderBlock (anonymous) at (0,0) size 784x22
          RenderText {#text} at (0,0) size 420x22
            text run at (0,0) width 207: "This text should be on the left. "
            text run at (207,0) width 213: "The float should be to the right."
      RenderBlock {DIV} at (0,22) size 784x30
      RenderBlock {DIV} at (0,52) size 784x44
        RenderBlock (floating) {SPAN} at (0,0) size 267x104 [border: (2px solid #FF0000)]
          RenderText {#text} at (2,2) size 263x22
            text run at (2,2) width 263: "I should become a left-floating element."
        RenderText {#text} at (267,0) size 215x44
          text run at (267,0) width 215: "This text should be on the right."
          text run at (267,22) width 201: "The float should be to the left."
