layer at (0,0) size 800x600
  RenderView at (0,0) size 800x600
layer at (0,0) size 800x600
  RenderBlock {HTML} at (0,0) size 800x600
    RenderBody {BODY} at (8,8) size 784x584
      RenderBlock (anonymous) at (0,0) size 784x0
        RenderInline {SPAN} at (0,0) size 0x0
      RenderBlock (anonymous) at (0,0) size 784x0
      RenderBlock (anonymous) at (0,0) size 784x44
        RenderInline {SPAN} at (0,0) size 763x44
          RenderInline {SPAN} at (0,0) size 763x44
            RenderText {#text} at (0,0) size 763x44
              text run at (0,0) width 104: "Bug #3810389. "
              text run at (104,0) width 414: "Make sure we don't crash manipulating blocks inside inlines. "
              text run at (518,0) width 245: "You should see the numbers 1 and 2"
              text run at (0,22) width 221: "vertically stacked below this line."
      RenderBlock (anonymous) at (0,44) size 784x22
        RenderBlock {DIV} at (0,0) size 784x22
          RenderText {#text} at (0,0) size 8x22
            text run at (0,0) width 8: "1"
      RenderBlock (anonymous) at (0,66) size 784x22
        RenderInline {SPAN} at (0,0) size 16x22
          RenderInline {SPAN} at (0,0) size 8x22
            RenderText {#text} at (0,0) size 8x22
              text run at (0,0) width 8: "2"
          RenderText {#text} at (8,0) size 4x22
            text run at (8,0) width 4: " "
          RenderImage {IMG} at (12,16) size 0x0
          RenderText {#text} at (12,0) size 4x22
            text run at (12,0) width 4: " "
        RenderText {#text} at (0,0) size 0x0
        RenderImage {IMG} at (16,16) size 0x0
        RenderText {#text} at (0,0) size 0x0
        RenderText {#text} at (0,0) size 0x0
