layer at (0,0) size 784x2139
  RenderView at (0,0) size 784x600
layer at (0,0) size 784x2139
  RenderBlock {HTML} at (0,0) size 784x2139
    RenderBody {BODY} at (8,8) size 768x2123
      RenderBlock {H1} at (0,0) size 768x42
        RenderText {#text} at (0,0) size 180x41
          text run at (0,0) width 180: "Anchor Lock"
      RenderBlock {P} at (0,63) size 768x42
        RenderText {#text} at (0,0) size 760x42
          text run at (0,0) width 760: "This tests WebKit's ability to lock to an anchor and maintain focus on it as images are loaded above and below it."
          text run at (0,21) width 423: "The Anchor text should be visible and this message should not."
      RenderBlock {P} at (0,121) size 768x200
        RenderImage {IMG} at (0,0) size 200x200
      RenderBlock {P} at (0,337) size 768x200
        RenderImage {IMG} at (0,0) size 200x200
      RenderBlock {P} at (0,553) size 768x200
        RenderImage {IMG} at (0,0) size 200x200
      RenderBlock {P} at (0,769) size 768x200
        RenderImage {IMG} at (0,0) size 200x200
      RenderBlock (anonymous) at (0,985) size 768x21
        RenderInline {A} at (0,0) size 324x21
          RenderText {#text} at (0,0) size 324x21
            text run at (0,0) width 324: "Anchor text - this should be the only visible text."
        RenderText {#text} at (0,0) size 0x0
      RenderBlock {P} at (0,1022) size 768x200
        RenderImage {IMG} at (0,0) size 200x200
      RenderBlock {P} at (0,1238) size 768x200
        RenderImage {IMG} at (0,0) size 200x200
      RenderBlock {P} at (0,1454) size 768x200
        RenderImage {IMG} at (0,0) size 200x200
      RenderBlock {P} at (0,1670) size 768x200
        RenderImage {IMG} at (0,0) size 200x200
      RenderBlock {P} at (0,1886) size 768x200
        RenderImage {IMG} at (0,0) size 200x200
      RenderBlock (anonymous) at (0,2102) size 768x21
        RenderText {#text} at (0,0) size 64x21
          text run at (0,0) width 64: "#anchor1"
scrolled to 0,993
