layer at (0,0) size 800x600
  RenderView at (0,0) size 800x600
layer at (0,0) size 800x600
  RenderBlock {HTML} at (0,0) size 800x600
    RenderBody {BODY} at (8,8) size 784x584
      RenderBlock {P} at (0,0) size 784x22
        RenderText {#text} at (0,0) size 51x22
          text run at (0,0) width 51: "test for "
        RenderInline {A} at (0,0) size 56x22 [color=#0000EE]
          RenderText {#text} at (51,0) size 56x22
            text run at (51,0) width 56: "4110775"
        RenderText {#text} at (107,0) size 502x22
          text run at (107,0) width 502: " Crash will occur when double-clicking outerHTML link on W3 DOM test"
      RenderBlock {P} at (0,38) size 784x0
      RenderBlock {DIV} at (0,38) size 784x22
        RenderText {#text} at (0,0) size 631x22
          text run at (0,0) width 492: "This test passed. We don't support outerHTML on the document object. "
          text run at (492,0) width 139: "Neither does WinIE."
