layer at (0,0) size 785x1737
  RenderCanvas at (0,0) size 785x600
layer at (0,0) size 785x1737
  RenderBlock {HTML} at (0,0) size 785x1737
    RenderBody {BODY} at (8,17) size 769x1712 [color=#00FF00] [bgcolor=#333333]
      RenderBlock {H1} at (0,0) size 769x30
        RenderText {TEXT} at (0,0) size 528x30
          text run at (0,0) width 528: "CSS2 Table Backgrounds Test Suite"
      RenderBlock {H2} at (0,47) size 769x23
        RenderText {TEXT} at (0,0) size 300x23
          text run at (0,0) width 300: "Part C: Background Layers"
      RenderBlock {H3} at (0,86) size 769x17
        RenderText {TEXT} at (0,0) size 153x17
          text run at (0,0) width 153: "empty-cells: show"
      RenderBlock {P} at (0,118) size 769x15
        RenderText {TEXT} at (0,0) size 336x15
          text run at (0,0) width 336: "Both tables should have a blue background."
      RenderBlock {P} at (0,146) size 769x15
        RenderText {TEXT} at (0,0) size 496x15
          text run at (0,0) width 496: "In table cell C (third cell in the first row), which is empty:"
      RenderBlock {UL} at (0,174) size 769x120
        RenderListItem {LI} at (40,0) size 729x30
          RenderListMarker at (-16,0) size 6x15
          RenderText {TEXT} at (0,0) size 728x30
            text run at (0,0) width 728: "Four sets of horizontal double violet stripes surrounded by aqua should run just inside the"
            text run at (0,15) width 128: "top border edge."
        RenderListItem {LI} at (40,30) size 729x30
          RenderListMarker at (-16,0) size 6x15
          RenderText {TEXT} at (0,0) size 704x30
            text run at (0,0) width 704: "One set of aqua-backed double violet stripes should run just inside the left, right, and"
            text run at (0,15) width 160: "bottom border edges."
        RenderListItem {LI} at (40,60) size 729x30
          RenderListMarker at (-16,0) size 6x15
          RenderText {TEXT} at (0,0) size 720x30
            text run at (0,0) width 720: "The third set along the top should turn down at the right edge and go under the fourth set"
            text run at (0,15) width 216: "to form the right-edge set."
        RenderListItem {LI} at (40,90) size 729x15
          RenderListMarker at (-16,0) size 6x15
          RenderText {TEXT} at (0,0) size 560x15
            text run at (0,0) width 560: "The fourth set should turn down at the left edge to form the left set."
        RenderListItem {LI} at (40,105) size 729x15
          RenderListMarker at (-16,0) size 6x15
          RenderText {TEXT} at (0,0) size 416x15
            text run at (0,0) width 416: "The bottom stripe should be straight and cut across "
          RenderInline {EM} at (0,0) size 32x15
            RenderText {TEXT} at (416,0) size 32x15
              text run at (416,0) width 32: "over"
          RenderText {TEXT} at (448,0) size 120x15
            text run at (448,0) width 120: " the side sets."
      RenderBlock {P} at (0,307) size 769x15
        RenderText {TEXT} at (0,0) size 376x15
          text run at (0,0) width 376: "In table cell A, (first cell in the first row):"
      RenderBlock {UL} at (0,335) size 769x75
        RenderListItem {LI} at (40,0) size 729x30
          RenderListMarker at (-16,0) size 6x15
          RenderText {TEXT} at (0,0) size 712x30
            text run at (0,0) width 712: "Three sets of horizontal aqua-backed double violet stripes should run just inside the top"
            text run at (0,15) width 96: "border edge."
        RenderListItem {LI} at (40,30) size 729x15
          RenderListMarker at (-16,0) size 6x15
          RenderText {TEXT} at (0,0) size 256x15
            text run at (0,0) width 256: "The first set should run across."
        RenderListItem {LI} at (40,45) size 729x30
          RenderListMarker at (-16,0) size 6x15
          RenderText {TEXT} at (0,0) size 720x30
            text run at (0,0) width 720: "The second set should turn down at the left edge, going over the third set to form another"
            text run at (0,15) width 376: "set that runs just inside the left border edge."
      RenderBlock {P} at (0,423) size 769x15
        RenderText {TEXT} at (0,0) size 368x15
          text run at (0,0) width 368: "In table cell D, (last cell in the first row):"
      RenderBlock {UL} at (0,451) size 769x60
        RenderListItem {LI} at (40,0) size 729x30
          RenderListMarker at (-16,0) size 6x15
          RenderText {TEXT} at (0,0) size 688x30
            text run at (0,0) width 688: "Two sets of horizontal aqua-backed double violet strips should run just inside the top"
            text run at (0,15) width 96: "border edge."
        RenderListItem {LI} at (40,30) size 729x30
          RenderListMarker at (-16,0) size 6x15
          RenderText {TEXT} at (0,0) size 720x30
            text run at (0,0) width 720: "The first set should turn down at the right edge, going under the second horizontal set to"
            text run at (0,15) width 392: "run vertically just inside the right border edge."
      RenderBlock {P} at (0,524) size 769x15
        RenderText {TEXT} at (0,0) size 384x15
          text run at (0,0) width 384: "In table cell G, (third cell in the second row):"
      RenderBlock {UL} at (0,552) size 769x90
        RenderListItem {LI} at (40,0) size 729x30
          RenderListMarker at (-16,0) size 6x15
          RenderText {TEXT} at (0,0) size 696x30
            text run at (0,0) width 696: "Two sets of horizontal aqua-backed double violet stripes should run just inside the top"
            text run at (0,15) width 96: "border edge."
        RenderListItem {LI} at (40,30) size 729x30
          RenderListMarker at (-16,0) size 6x15
          RenderText {TEXT} at (0,0) size 696x30
            text run at (0,0) width 696: "A set of vertical stripes should run down just inside the left border edge, going under"
            text run at (0,15) width 192: "both horizontal stripes."
        RenderListItem {LI} at (40,60) size 729x30
          RenderListMarker at (-16,0) size 6x15
          RenderText {TEXT} at (0,0) size 696x30
            text run at (0,0) width 696: "Another set of vertical stripes should run down just inside the right border edge, also"
            text run at (0,15) width 288: "going under both horizontal stripes."
      RenderBlock {DL} at (0,655) size 769x90
        RenderBlock {DT} at (0,0) size 769x15
          RenderText {TEXT} at (0,0) size 32x15
            text run at (0,0) width 32: "next"
        RenderBlock {DD} at (40,15) size 729x15
          RenderInline {A} at (0,0) size 288x15 [color=#FFFF00]
            RenderText {TEXT} at (0,0) size 288x15
              text run at (0,0) width 288: "Background Layers: empty-cells: show"
          RenderText {TEXT} at (0,0) size 0x0
        RenderBlock {DT} at (0,30) size 769x15
          RenderText {TEXT} at (0,0) size 64x15
            text run at (0,0) width 64: "previous"
        RenderBlock {DD} at (40,45) size 729x15
          RenderInline {A} at (0,0) size 376x15 [color=#FFFF00]
            RenderText {TEXT} at (0,0) size 376x15
              text run at (0,0) width 376: "Background Position: Background on 'table-cell'"
          RenderText {TEXT} at (0,0) size 0x0
        RenderBlock {DT} at (0,60) size 769x15
          RenderText {TEXT} at (0,0) size 64x15
            text run at (0,0) width 64: "contents"
        RenderBlock {DD} at (40,75) size 729x15
          RenderInline {A} at (0,0) size 136x15 [color=#FFFF00]
            RenderText {TEXT} at (0,0) size 136x15
              text run at (0,0) width 136: "Table of Contents"
          RenderText {TEXT} at (0,0) size 0x0
      RenderTable {TABLE} at (0,758) size 618x480 [color=#FFFFFF] [bgcolor=#0000FF] [border: (1px dotted #FFFFFF)]
        RenderBlock {CAPTION} at (0,0) size 616x22
          RenderText {TEXT} at (162,0) size 292x22
            text run at (162,0) width 292: "With 'border-collapse: separate'"
        RenderTableCol {COLGROUP} at (0,0) size 0x0
          RenderTableCol {COL} at (0,0) size 0x0
          RenderTableCol {COL} at (0,0) size 0x0
          RenderTableCol {COL} at (0,0) size 0x0
        RenderTableCol {COLGROUP} at (0,0) size 0x0
          RenderTableCol {COL} at (0,0) size 0x0
        RenderTableSection {THEAD} at (1,23) size 0x114
          RenderTableRow {TR} at (0,0) size 0x0
            RenderTableCell {TH} at (7,44) size 135x26 [border: (1px dotted #FFFFFF)] [r=0 c=0 rs=1 cs=1]
              RenderText {TEXT} at (45,2) size 45x22
                text run at (45,2) width 45: "TH A"
            RenderTableCell {TH} at (149,32) size 206x50 [border: (13px dotted #FFFFFF)] [r=0 c=1 rs=1 cs=1]
              RenderText {TEXT} at (80,14) size 45x22
                text run at (80,14) width 45: "TH B"
            RenderTableCell {TH} at (362,55) size 122x4 [border: (1px dotted #FFFFFF)] [r=0 c=2 rs=1 cs=1]
            RenderTableCell {TH} at (491,44) size 118x26 [border: (1px dotted #FFFFFF)] [r=0 c=3 rs=1 cs=1]
              RenderText {TEXT} at (36,2) size 45x22
                text run at (36,2) width 45: "TH D"
        RenderTableSection {TFOOT} at (1,350) size 0x129
          RenderTableRow {TR} at (0,0) size 0x0
            RenderTableCell {TD} at (7,51) size 348x26 [border: (1px dotted #FFFFFF)] [r=0 c=0 rs=1 cs=2]
              RenderText {TEXT} at (2,2) size 47x22
                text run at (2,2) width 47: "TD M"
            RenderTableCell {TD} at (362,51) size 122x26 [border: (1px dotted #FFFFFF)] [r=0 c=2 rs=1 cs=1]
              RenderText {TEXT} at (2,2) size 46x22
                text run at (2,2) width 46: "TD O"
            RenderTableCell {TD} at (491,51) size 118x26 [border: (1px dotted #FFFFFF)] [r=0 c=3 rs=1 cs=1]
              RenderText {TEXT} at (2,2) size 44x22
                text run at (2,2) width 44: "TD P"
        RenderTableSection {TBODY} at (1,137) size 0x213
          RenderTableRow {TR} at (0,0) size 0x0
            RenderTableCell {TD} at (7,81) size 135x50 [border: (13px dotted #FFFFFF)] [r=0 c=0 rs=2 cs=1]
              RenderText {TEXT} at (14,14) size 44x22
                text run at (14,14) width 44: "TD E"
            RenderTableCell {TD} at (149,48) size 206x26 [border: (1px dotted #FFFFFF)] [r=0 c=1 rs=1 cs=1]
              RenderText {TEXT} at (2,2) size 43x22
                text run at (2,2) width 43: "TD F"
            RenderTableCell {TD} at (362,48) size 122x26 [border: (1px dotted #FFFFFF)] [r=0 c=2 rs=1 cs=1]
              RenderText {TEXT} at (2,2) size 46x22
                text run at (2,2) width 46: "TD G"
            RenderTableCell {TD} at (491,48) size 118x26 [border: (1px dotted #FFFFFF)] [r=0 c=3 rs=1 cs=1]
              RenderText {TEXT} at (2,2) size 45x22
                text run at (2,2) width 45: "TD H"
          RenderTableRow {TR} at (0,0) size 0x0
            RenderTableCell {TD} at (149,151) size 206x26 [border: (1px dotted #FFFFFF)] [r=1 c=1 rs=1 cs=1]
              RenderText {TEXT} at (2,2) size 42x22
                text run at (2,2) width 42: "TD J"
            RenderTableCell {TD} at (362,151) size 122x26 [border: (1px dotted #FFFFFF)] [r=1 c=2 rs=1 cs=1]
              RenderText {TEXT} at (2,2) size 45x22
                text run at (2,2) width 45: "TD K"
            RenderTableCell {TD} at (491,151) size 118x26 [border: (1px dotted #FFFFFF)] [r=1 c=3 rs=1 cs=1]
              RenderText {TEXT} at (2,2) size 43x22
                text run at (2,2) width 43: "TD L"
      RenderTable {TABLE} at (0,1238) size 577x425 [color=#FFFFFF] [bgcolor=#0000FF]
        RenderBlock {CAPTION} at (0,0) size 577x22
          RenderText {TEXT} at (143,0) size 290x22
            text run at (143,0) width 290: "With 'border-collapse: collapse'"
        RenderTableCol {COLGROUP} at (0,0) size 0x0
          RenderTableCol {COL} at (0,0) size 0x0
          RenderTableCol {COL} at (0,0) size 0x0
          RenderTableCol {COL} at (0,0) size 0x0
        RenderTableCol {COLGROUP} at (0,0) size 0x0
          RenderTableCol {COL} at (0,0) size 0x0
        RenderTableSection {THEAD} at (0,22) size 0x99
          RenderTableRow {TR} at (0,0) size 0x0
            RenderTableCell {TH} at (0,37) size 134x25 [border: (1px dotted #FFFFFF)] [r=0 c=0 rs=1 cs=1]
              RenderText {TEXT} at (42,2) size 45x22
                text run at (42,2) width 45: "TH A"
            RenderTableCell {TH} at (134,31) size 204x37 [border: (7px dotted #FFFFFF)] [r=0 c=1 rs=1 cs=1]
              RenderText {TEXT} at (80,8) size 45x22
                text run at (80,8) width 45: "TH B"
            RenderTableCell {TH} at (338,48) size 122x3 [border: (1px dotted #FFFFFF)] [r=0 c=2 rs=1 cs=1]
            RenderTableCell {TH} at (460,37) size 117x25 [border: (1px dotted #FFFFFF)] [r=0 c=3 rs=1 cs=1]
              RenderText {TEXT} at (36,2) size 45x22
                text run at (36,2) width 45: "TH D"
        RenderTableSection {TFOOT} at (0,311) size 0x114
          RenderTableRow {TR} at (0,0) size 0x0
            RenderTableCell {TD} at (0,41) size 338x31 [border: (1px dotted #FFFFFF)] [r=0 c=0 rs=1 cs=2]
              RenderText {TEXT} at (2,2) size 47x22
                text run at (2,2) width 47: "TD M"
            RenderTableCell {TD} at (338,44) size 122x25 [border: (1px dotted #FFFFFF)] [r=0 c=2 rs=1 cs=1]
              RenderText {TEXT} at (2,2) size 46x22
                text run at (2,2) width 46: "TD O"
            RenderTableCell {TD} at (460,44) size 117x25 [border: (1px dotted #FFFFFF)] [r=0 c=3 rs=1 cs=1]
              RenderText {TEXT} at (2,2) size 44x22
                text run at (2,2) width 44: "TD P"
        RenderTableSection {TBODY} at (0,121) size 0x190
          RenderTableRow {TR} at (0,0) size 0x0
            RenderTableCell {TD} at (0,76) size 134x37 [border: (7px dotted #FFFFFF)] [r=0 c=0 rs=2 cs=1]
              RenderText {TEXT} at (8,8) size 44x22
                text run at (8,8) width 44: "TD E"
            RenderTableCell {TD} at (134,41) size 204x25 [border: (1px dotted #FFFFFF)] [r=0 c=1 rs=1 cs=1]
              RenderText {TEXT} at (8,2) size 43x22
                text run at (8,2) width 43: "TD F"
            RenderTableCell {TD} at (338,41) size 122x25 [border: (1px dotted #FFFFFF)] [r=0 c=2 rs=1 cs=1]
              RenderText {TEXT} at (2,2) size 46x22
                text run at (2,2) width 46: "TD G"
            RenderTableCell {TD} at (460,41) size 117x25 [border: (1px dotted #FFFFFF)] [r=0 c=3 rs=1 cs=1]
              RenderText {TEXT} at (2,2) size 45x22
                text run at (2,2) width 45: "TD H"
          RenderTableRow {TR} at (0,0) size 0x0
            RenderTableCell {TD} at (134,136) size 204x25 [border: (1px dotted #FFFFFF)] [r=1 c=1 rs=1 cs=1]
              RenderText {TEXT} at (8,2) size 42x22
                text run at (8,2) width 42: "TD J"
            RenderTableCell {TD} at (338,136) size 122x25 [border: (1px dotted #FFFFFF)] [r=1 c=2 rs=1 cs=1]
              RenderText {TEXT} at (2,2) size 45x22
                text run at (2,2) width 45: "TD K"
            RenderTableCell {TD} at (460,136) size 117x25 [border: (1px dotted #FFFFFF)] [r=1 c=3 rs=1 cs=1]
              RenderText {TEXT} at (2,2) size 43x22
                text run at (2,2) width 43: "TD L"
      RenderBlock {DIV} at (0,1663) size 769x34
        RenderInline {A} at (0,0) size 88x15 [color=#FFFF00]
          RenderImage {IMG} at (0,0) size 88x31
        RenderText {TEXT} at (0,0) size 0x0
      RenderBlock {ADDRESS} at (0,1697) size 769x15
        RenderText {TEXT} at (0,0) size 704x15
          text run at (0,0) width 704: "CSS2 Table Backgrounds Test Suite designed and written by fantasai <fantasai@escape.com>"
