layer at (0,0) size 785x1472
  RenderCanvas at (0,0) size 785x600
layer at (0,0) size 785x1472
  RenderBlock {HTML} at (0,0) size 785x1472
    RenderBody {BODY} at (8,17) size 769x1447 [color=#00FF00] [bgcolor=#333333]
      RenderBlock {H1} at (0,0) size 769x30
        RenderText {TEXT} at (0,0) size 528x30
          text run at (0,0) width 528: "CSS2 Table Backgrounds Test Suite"
      RenderBlock {H2} at (0,47) size 769x23
        RenderText {TEXT} at (0,0) size 372x23
          text run at (0,0) width 372: "Part D: Background with Borders"
      RenderBlock {H3} at (0,86) size 769x17
        RenderText {TEXT} at (0,0) size 252x17
          text run at (0,0) width 252: "Background on 'table-column'"
      RenderBlock {P} at (0,118) size 769x15
        RenderText {TEXT} at (0,0) size 200x15
          text run at (0,0) width 200: "Three columns are styled."
      RenderBlock {P} at (0,146) size 769x105
        RenderText {TEXT} at (0,0) size 768x105
          text run at (0,0) width 760: "In the first column, there should be three vertical stripes along the padding edge of the first"
          text run at (0,15) width 744: "cell, continuing down through the column. (In cell E, the aqua stripe will be obscured by the"
          text run at (0,30) width 760: "thicker right border.) The stripes will cut across cell E as well, but will be further obscured"
          text run at (0,45) width 768: "by its thick border. In the border-collapsed table, the same will happen to the vertical stripes"
          text run at (0,60) width 760: "in cell A due to cell B's thick border. The stripes should continue in the last cell, turning a"
          text run at (0,75) width 752: "right angle to the left into three aqua stripes along the bottom border edge of the last cell."
          text run at (0,90) width 624: "The last cell (M) should not have three vertical stripes along its right edge."
      RenderBlock {P} at (0,264) size 769x45
        RenderText {TEXT} at (0,0) size 768x45
          text run at (0,0) width 768: "In the second column, three vertical strips should run along the right of the first three cells,"
          text run at (0,15) width 760: "aligning along cell F's right padding edge. (The stripes will be partially obscured by cell B's"
          text run at (0,30) width 112: "thick border.)"
      RenderBlock {P} at (0,322) size 769x45
        RenderText {TEXT} at (0,0) size 736x45
          text run at (0,0) width 736: "In the third column, there should be three vertical stripes should run across the top of the"
          text run at (0,15) width 712: "first cell and down the left of the column, aligning along cell K's left padding edge. In"
          text run at (0,30) width 632: "border-collapse mode, they will be partially obscured by cell B's thick border."
      RenderBlock {DL} at (0,380) size 769x90
        RenderBlock {DT} at (0,0) size 769x15
          RenderText {TEXT} at (0,0) size 32x15
            text run at (0,0) width 32: "next"
        RenderBlock {DD} at (40,15) size 729x15
          RenderInline {A} at (0,0) size 408x15 [color=#FFFF00]
            RenderText {TEXT} at (0,0) size 408x15
              text run at (0,0) width 408: "Background with Borders: Background on 'table-cell'"
          RenderText {TEXT} at (0,0) size 0x0
        RenderBlock {DT} at (0,30) size 769x15
          RenderText {TEXT} at (0,0) size 64x15
            text run at (0,0) width 64: "previous"
        RenderBlock {DD} at (40,45) size 729x15
          RenderInline {A} at (0,0) size 400x15 [color=#FFFF00]
            RenderText {TEXT} at (0,0) size 400x15
              text run at (0,0) width 400: "Background with Borders: Background on 'table-row'"
          RenderText {TEXT} at (0,0) size 0x0
        RenderBlock {DT} at (0,60) size 769x15
          RenderText {TEXT} at (0,0) size 64x15
            text run at (0,0) width 64: "contents"
        RenderBlock {DD} at (40,75) size 729x15
          RenderInline {A} at (0,0) size 136x15 [color=#FFFF00]
            RenderText {TEXT} at (0,0) size 136x15
              text run at (0,0) width 136: "Table of Contents"
          RenderText {TEXT} at (0,0) size 0x0
      RenderTable {TABLE} at (0,483) size 630x484 [color=#FFFFFF] [border: (3px dotted #FFFFFF)]
        RenderBlock {CAPTION} at (0,0) size 624x22
          RenderText {TEXT} at (166,0) size 292x22
            text run at (166,0) width 292: "With 'border-collapse: separate'"
        RenderTableCol {COLGROUP} at (0,0) size 0x0
          RenderTableCol {COL} at (0,0) size 0x0 [bgcolor=#000000] [border: (5px dashed #FFFFFF)]
          RenderTableCol {COL} at (0,0) size 0x0 [bgcolor=#000000] [border: (9px dashed #FFFFFF)]
          RenderTableCol {COL} at (0,0) size 0x0 [bgcolor=#000000] [border: (5px dashed #FFFFFF)]
        RenderTableCol {COLGROUP} at (0,0) size 0x0
          RenderTableCol {COL} at (0,0) size 0x0
        RenderTableSection {THEAD} at (3,25) size 0x114
          RenderTableRow {TR} at (0,0) size 0x0
            RenderTableCell {TH} at (7,40) size 137x34 [border: (5px dashed #FFFFFF)] [r=0 c=0 rs=1 cs=1]
              RenderText {TEXT} at (46,6) size 45x22
                text run at (46,6) width 45: "TH A"
            RenderTableCell {TH} at (151,32) size 209x50 [border: (13px dotted #FFFFFF)] [r=0 c=1 rs=1 cs=1]
              RenderText {TEXT} at (82,14) size 45x22
                text run at (82,14) width 45: "TH B"
            RenderTableCell {TH} at (367,44) size 124x26 [border: (1px dotted #FFFFFF)] [r=0 c=2 rs=1 cs=1]
              RenderText {TEXT} at (39,2) size 45x22
                text run at (39,2) width 45: "TH C"
            RenderTableCell {TH} at (498,44) size 119x26 [border: (1px dotted #FFFFFF)] [r=0 c=3 rs=1 cs=1]
              RenderText {TEXT} at (37,2) size 45x22
                text run at (37,2) width 45: "TH D"
        RenderTableSection {TFOOT} at (3,352) size 0x129
          RenderTableRow {TR} at (0,0) size 0x0
            RenderTableCell {TD} at (7,47) size 353x34 [border: (5px dashed #FFFFFF)] [r=0 c=0 rs=1 cs=2]
              RenderText {TEXT} at (6,6) size 47x22
                text run at (6,6) width 47: "TD M"
            RenderTableCell {TD} at (367,51) size 124x26 [border: (1px dotted #FFFFFF)] [r=0 c=2 rs=1 cs=1]
              RenderText {TEXT} at (2,2) size 46x22
                text run at (2,2) width 46: "TD O"
            RenderTableCell {TD} at (498,51) size 119x26 [border: (1px dotted #FFFFFF)] [r=0 c=3 rs=1 cs=1]
              RenderText {TEXT} at (2,2) size 44x22
                text run at (2,2) width 44: "TD P"
        RenderTableSection {TBODY} at (3,139) size 0x213
          RenderTableRow {TR} at (0,0) size 0x0
            RenderTableCell {TD} at (7,81) size 137x50 [border: (13px dotted #FFFFFF)] [r=0 c=0 rs=2 cs=1]
              RenderText {TEXT} at (14,14) size 44x22
                text run at (14,14) width 44: "TD E"
            RenderTableCell {TD} at (151,40) size 209x42 [border: (9px dashed #FFFFFF)] [r=0 c=1 rs=1 cs=1]
              RenderText {TEXT} at (10,10) size 43x22
                text run at (10,10) width 43: "TD F"
            RenderTableCell {TD} at (367,44) size 124x34 [border: (5px dashed #FFFFFF)] [r=0 c=2 rs=1 cs=1]
              RenderText {TEXT} at (6,6) size 46x22
                text run at (6,6) width 46: "TD G"
            RenderTableCell {TD} at (498,48) size 119x26 [border: (1px dotted #FFFFFF)] [r=0 c=3 rs=1 cs=1]
              RenderText {TEXT} at (2,2) size 45x22
                text run at (2,2) width 45: "TD H"
          RenderTableRow {TR} at (0,0) size 0x0
            RenderTableCell {TD} at (151,151) size 209x26 [border: (1px dotted #FFFFFF)] [r=1 c=1 rs=1 cs=1]
              RenderText {TEXT} at (2,2) size 42x22
                text run at (2,2) width 42: "TD J"
            RenderTableCell {TD} at (367,151) size 124x26 [border: (1px dotted #FFFFFF)] [r=1 c=2 rs=1 cs=1]
              RenderText {TEXT} at (2,2) size 45x22
                text run at (2,2) width 45: "TD K"
            RenderTableCell {TD} at (498,151) size 119x26 [border: (1px dotted #FFFFFF)] [r=1 c=3 rs=1 cs=1]
              RenderText {TEXT} at (2,2) size 43x22
                text run at (2,2) width 43: "TD L"
      RenderTable {TABLE} at (0,967) size 584x431 [color=#FFFFFF]
        RenderBlock {CAPTION} at (0,0) size 584x22
          RenderText {TEXT} at (147,0) size 290x22
            text run at (147,0) width 290: "With 'border-collapse: collapse'"
        RenderTableCol {COLGROUP} at (0,0) size 0x0
          RenderTableCol {COL} at (0,0) size 0x0 [bgcolor=#000000] [border: (5px dashed #FFFFFF)]
          RenderTableCol {COL} at (0,0) size 0x0 [bgcolor=#000000] [border: (9px dashed #FFFFFF)]
          RenderTableCol {COL} at (0,0) size 0x0 [bgcolor=#000000] [border: (5px dashed #FFFFFF)]
        RenderTableCol {COLGROUP} at (0,0) size 0x0
          RenderTableCol {COL} at (0,0) size 0x0
        RenderTableSection {THEAD} at (0,22) size 0x101
          RenderTableRow {TR} at (0,0) size 0x0
            RenderTableCell {TH} at (0,36) size 136x29 [border: (3px dashed #FFFFFF)] [r=0 c=0 rs=1 cs=1]
              RenderText {TEXT} at (44,4) size 45x22
                text run at (44,4) width 45: "TH A"
            RenderTableCell {TH} at (136,32) size 206x37 [border: (7px dotted #FFFFFF)] [r=0 c=1 rs=1 cs=1]
              RenderText {TEXT} at (81,8) size 45x22
                text run at (81,8) width 45: "TH B"
            RenderTableCell {TH} at (342,36) size 123x29 [border: (3px dotted #FFFFFF)] [r=0 c=2 rs=1 cs=1]
              RenderText {TEXT} at (41,4) size 45x22
                text run at (41,4) width 45: "TH C"
            RenderTableCell {TH} at (465,37) size 119x27 [border: (2px dotted #FFFFFF)] [r=0 c=3 rs=1 cs=1]
              RenderText {TEXT} at (38,3) size 45x22
                text run at (38,3) width 45: "TH D"
        RenderTableSection {TFOOT} at (0,315) size 0x116
          RenderTableRow {TR} at (0,0) size 0x0
            RenderTableCell {TD} at (0,41) size 342x33 [border: (3px dashed #FFFFFF)] [r=0 c=0 rs=1 cs=2]
              RenderText {TEXT} at (4,4) size 47x22
                text run at (4,4) width 47: "TD M"
            RenderTableCell {TD} at (342,43) size 123x29 [border: (3px dotted #FFFFFF)] [r=0 c=2 rs=1 cs=1]
              RenderText {TEXT} at (6,4) size 46x22
                text run at (6,4) width 46: "TD O"
            RenderTableCell {TD} at (465,44) size 119x27 [border: (2px dotted #FFFFFF)] [r=0 c=3 rs=1 cs=1]
              RenderText {TEXT} at (4,3) size 44x22
                text run at (4,3) width 44: "TD P"
        RenderTableSection {TBODY} at (0,123) size 0x192
          RenderTableRow {TR} at (0,0) size 0x0
            RenderTableCell {TD} at (0,77) size 136x37 [border: (7px dotted #FFFFFF)] [r=0 c=0 rs=2 cs=1]
              RenderText {TEXT} at (8,8) size 44x22
                text run at (8,8) width 44: "TD E"
            RenderTableCell {TD} at (136,37) size 206x33 [border: (5px dashed #FFFFFF)] [r=0 c=1 rs=1 cs=1]
              RenderText {TEXT} at (8,6) size 43x22
                text run at (8,6) width 43: "TD F"
            RenderTableCell {TD} at (342,39) size 123x29 [border: (3px dashed #FFFFFF)] [r=0 c=2 rs=1 cs=1]
              RenderText {TEXT} at (6,4) size 46x22
                text run at (6,4) width 46: "TD G"
            RenderTableCell {TD} at (465,41) size 119x26 [border: (2px dotted #FFFFFF)] [r=0 c=3 rs=1 cs=1]
              RenderText {TEXT} at (4,3) size 45x22
                text run at (4,3) width 45: "TD H"
          RenderTableRow {TR} at (0,0) size 0x0
            RenderTableCell {TD} at (136,133) size 206x33 [border: (5px dotted #FFFFFF)] [r=1 c=1 rs=1 cs=1]
              RenderText {TEXT} at (8,6) size 42x22
                text run at (8,6) width 42: "TD J"
            RenderTableCell {TD} at (342,135) size 123x29 [border: (3px dotted #FFFFFF)] [r=1 c=2 rs=1 cs=1]
              RenderText {TEXT} at (6,4) size 45x22
                text run at (6,4) width 45: "TD K"
            RenderTableCell {TD} at (465,137) size 119x26 [border: (1px dotted #FFFFFF)] [r=1 c=3 rs=1 cs=1]
              RenderText {TEXT} at (4,2) size 43x22
                text run at (4,2) width 43: "TD L"
      RenderBlock {DIV} at (0,1398) size 769x34
        RenderInline {A} at (0,0) size 88x15 [color=#FFFF00]
          RenderImage {IMG} at (0,0) size 88x31
        RenderText {TEXT} at (0,0) size 0x0
      RenderBlock {ADDRESS} at (0,1432) size 769x15
        RenderText {TEXT} at (0,0) size 704x15
          text run at (0,0) width 704: "CSS2 Table Backgrounds Test Suite designed and written by fantasai <fantasai@escape.com>"
