layer at (0,0) size 785x1248
  RenderCanvas at (0,0) size 785x600
layer at (0,0) size 785x1248
  RenderBlock {HTML} at (0,0) size 785x1248
    RenderBody {BODY} at (8,17) size 769x1223 [color=#00FF00] [bgcolor=#333333]
      RenderBlock {H1} at (0,0) size 769x30
        RenderText {TEXT} at (0,0) size 528x30
          text run at (0,0) width 528: "CSS2 Table Backgrounds Test Suite"
      RenderBlock {H2} at (0,47) size 769x23
        RenderText {TEXT} at (0,0) size 372x23
          text run at (0,0) width 372: "Part D: Background with Borders"
      RenderBlock {H3} at (0,86) size 769x17
        RenderText {TEXT} at (0,0) size 189x17
          text run at (0,0) width 189: "Background on 'table'"
      RenderBlock {P} at (0,118) size 769x15
        RenderText {TEXT} at (0,0) size 656x15
          text run at (0,0) width 656: "There should be three aqua stripes just inside the bottom and right table borders."
      RenderBlock {DL} at (0,146) size 769x90
        RenderBlock {DT} at (0,0) size 769x15
          RenderText {TEXT} at (0,0) size 32x15
            text run at (0,0) width 32: "next"
        RenderBlock {DD} at (40,15) size 729x15
          RenderInline {A} at (0,0) size 448x15 [color=#FFFF00]
            RenderText {TEXT} at (0,0) size 448x15
              text run at (0,0) width 448: "Background with Borders: Background on 'table-row-group'"
          RenderText {TEXT} at (0,0) size 0x0
        RenderBlock {DT} at (0,30) size 769x15
          RenderText {TEXT} at (0,0) size 64x15
            text run at (0,0) width 64: "previous"
        RenderBlock {DD} at (40,45) size 729x15
          RenderInline {A} at (0,0) size 408x15 [color=#FFFF00]
            RenderText {TEXT} at (0,0) size 408x15
              text run at (0,0) width 408: "Background with Borders: Background on 'table-cell'"
          RenderText {TEXT} at (0,0) size 0x0
        RenderBlock {DT} at (0,60) size 769x15
          RenderText {TEXT} at (0,0) size 64x15
            text run at (0,0) width 64: "contents"
        RenderBlock {DD} at (40,75) size 729x15
          RenderInline {A} at (0,0) size 136x15 [color=#FFFF00]
            RenderText {TEXT} at (0,0) size 136x15
              text run at (0,0) width 136: "Table of Contents"
          RenderText {TEXT} at (0,0) size 0x0
      RenderTable {TABLE} at (0,249) size 626x488 [color=#FFFFFF] [bgcolor=#000000] [border: (5px dotted #FFFFFF)]
        RenderBlock {CAPTION} at (0,0) size 616x22
          RenderText {TEXT} at (162,0) size 292x22
            text run at (162,0) width 292: "With 'border-collapse: separate'"
        RenderTableCol {COLGROUP} at (0,0) size 0x0
          RenderTableCol {COL} at (0,0) size 0x0
          RenderTableCol {COL} at (0,0) size 0x0
          RenderTableCol {COL} at (0,0) size 0x0
        RenderTableCol {COLGROUP} at (0,0) size 0x0
          RenderTableCol {COL} at (0,0) size 0x0
        RenderTableSection {THEAD} at (5,27) size 0x114
          RenderTableRow {TR} at (0,0) size 0x0
            RenderTableCell {TH} at (7,44) size 135x26 [border: (1px dotted #FFFFFF)] [r=0 c=0 rs=1 cs=1]
              RenderText {TEXT} at (45,2) size 45x22
                text run at (45,2) width 45: "TH A"
            RenderTableCell {TH} at (149,32) size 206x50 [border: (13px dotted #FFFFFF)] [r=0 c=1 rs=1 cs=1]
              RenderText {TEXT} at (80,14) size 45x22
                text run at (80,14) width 45: "TH B"
            RenderTableCell {TH} at (362,44) size 122x26 [border: (1px dotted #FFFFFF)] [r=0 c=2 rs=1 cs=1]
              RenderText {TEXT} at (38,2) size 45x22
                text run at (38,2) width 45: "TH C"
            RenderTableCell {TH} at (491,44) size 118x26 [border: (1px dotted #FFFFFF)] [r=0 c=3 rs=1 cs=1]
              RenderText {TEXT} at (36,2) size 45x22
                text run at (36,2) width 45: "TH D"
        RenderTableSection {TBODY} at (5,141) size 0x213
          RenderTableRow {TR} at (0,0) size 0x0
            RenderTableCell {TD} at (7,81) size 135x50 [border: (13px dotted #FFFFFF)] [r=0 c=0 rs=2 cs=1]
              RenderText {TEXT} at (14,14) size 44x22
                text run at (14,14) width 44: "TD E"
            RenderTableCell {TD} at (149,48) size 206x26 [border: (1px dotted #FFFFFF)] [r=0 c=1 rs=1 cs=1]
              RenderText {TEXT} at (2,2) size 43x22
                text run at (2,2) width 43: "TD F"
            RenderTableCell {TD} at (362,48) size 122x26 [border: (1px dotted #FFFFFF)] [r=0 c=2 rs=1 cs=1]
              RenderText {TEXT} at (2,2) size 46x22
                text run at (2,2) width 46: "TD G"
            RenderTableCell {TD} at (491,48) size 118x26 [border: (1px dotted #FFFFFF)] [r=0 c=3 rs=1 cs=1]
              RenderText {TEXT} at (2,2) size 45x22
                text run at (2,2) width 45: "TD H"
          RenderTableRow {TR} at (0,0) size 0x0
            RenderTableCell {TD} at (149,151) size 206x26 [border: (1px dotted #FFFFFF)] [r=1 c=1 rs=1 cs=1]
              RenderText {TEXT} at (2,2) size 42x22
                text run at (2,2) width 42: "TD J"
            RenderTableCell {TD} at (362,151) size 122x26 [border: (1px dotted #FFFFFF)] [r=1 c=2 rs=1 cs=1]
              RenderText {TEXT} at (2,2) size 45x22
                text run at (2,2) width 45: "TD K"
            RenderTableCell {TD} at (491,151) size 118x26 [border: (1px dotted #FFFFFF)] [r=1 c=3 rs=1 cs=1]
              RenderText {TEXT} at (2,2) size 43x22
                text run at (2,2) width 43: "TD L"
        RenderTableSection {TFOOT} at (5,354) size 0x129
          RenderTableRow {TR} at (0,0) size 0x0
            RenderTableCell {TD} at (7,51) size 348x26 [border: (1px dotted #FFFFFF)] [r=0 c=0 rs=1 cs=2]
              RenderText {TEXT} at (2,2) size 47x22
                text run at (2,2) width 47: "TD M"
            RenderTableCell {TD} at (362,51) size 122x26 [border: (1px dotted #FFFFFF)] [r=0 c=2 rs=1 cs=1]
              RenderText {TEXT} at (2,2) size 46x22
                text run at (2,2) width 46: "TD O"
            RenderTableCell {TD} at (491,51) size 118x26 [border: (1px dotted #FFFFFF)] [r=0 c=3 rs=1 cs=1]
              RenderText {TEXT} at (2,2) size 44x22
                text run at (2,2) width 44: "TD P"
      RenderTable {TABLE} at (0,737) size 581x437 [color=#FFFFFF] [bgcolor=#000000]
        RenderBlock {CAPTION} at (0,0) size 581x22
          RenderText {TEXT} at (145,0) size 290x22
            text run at (145,0) width 290: "With 'border-collapse: collapse'"
        RenderTableCol {COLGROUP} at (0,0) size 0x0
          RenderTableCol {COL} at (0,0) size 0x0
          RenderTableCol {COL} at (0,0) size 0x0
          RenderTableCol {COL} at (0,0) size 0x0
        RenderTableCol {COLGROUP} at (0,0) size 0x0
          RenderTableCol {COL} at (0,0) size 0x0
        RenderTableSection {THEAD} at (0,22) size 0x103
          RenderTableRow {TR} at (0,0) size 0x0
            RenderTableCell {TH} at (0,37) size 135x29 [border: (3px dotted #FFFFFF)] [r=0 c=0 rs=1 cs=1]
              RenderText {TEXT} at (43,4) size 45x22
                text run at (43,4) width 45: "TH A"
            RenderTableCell {TH} at (135,33) size 205x37 [border: (7px dotted #FFFFFF)] [r=0 c=1 rs=1 cs=1]
              RenderText {TEXT} at (80,8) size 45x22
                text run at (80,8) width 45: "TH B"
            RenderTableCell {TH} at (340,37) size 123x29 [border: (3px dotted #FFFFFF)] [r=0 c=2 rs=1 cs=1]
              RenderText {TEXT} at (42,4) size 45x22
                text run at (42,4) width 45: "TH C"
            RenderTableCell {TH} at (463,37) size 118x29 [border: (3px dotted #FFFFFF)] [r=0 c=3 rs=1 cs=1]
              RenderText {TEXT} at (36,4) size 45x22
                text run at (36,4) width 45: "TH D"
        RenderTableSection {TFOOT} at (0,319) size 0x118
          RenderTableRow {TR} at (0,0) size 0x0
            RenderTableCell {TD} at (0,42) size 340x33 [border: (3px dotted #FFFFFF)] [r=0 c=0 rs=1 cs=2]
              RenderText {TEXT} at (4,4) size 47x22
                text run at (4,4) width 47: "TD M"
            RenderTableCell {TD} at (340,44) size 123x29 [border: (3px dotted #FFFFFF)] [r=0 c=2 rs=1 cs=1]
              RenderText {TEXT} at (2,4) size 46x22
                text run at (2,4) width 46: "TD O"
            RenderTableCell {TD} at (463,44) size 118x29 [border: (3px dotted #FFFFFF)] [r=0 c=3 rs=1 cs=1]
              RenderText {TEXT} at (2,4) size 44x22
                text run at (2,4) width 44: "TD P"
        RenderTableSection {TBODY} at (0,125) size 0x194
          RenderTableRow {TR} at (0,0) size 0x0
            RenderTableCell {TD} at (0,78) size 135x37 [border: (7px dotted #FFFFFF)] [r=0 c=0 rs=2 cs=1]
              RenderText {TEXT} at (8,8) size 44x22
                text run at (8,8) width 44: "TD E"
            RenderTableCell {TD} at (135,41) size 205x27 [border: (3px dotted #FFFFFF)] [r=0 c=1 rs=1 cs=1]
              RenderText {TEXT} at (8,4) size 43x22
                text run at (8,4) width 43: "TD F"
            RenderTableCell {TD} at (340,41) size 123x27 [border: (3px dotted #FFFFFF)] [r=0 c=2 rs=1 cs=1]
              RenderText {TEXT} at (2,4) size 46x22
                text run at (2,4) width 46: "TD G"
            RenderTableCell {TD} at (463,41) size 118x27 [border: (3px dotted #FFFFFF)] [r=0 c=3 rs=1 cs=1]
              RenderText {TEXT} at (2,4) size 45x22
                text run at (2,4) width 45: "TD H"
          RenderTableRow {TR} at (0,0) size 0x0
            RenderTableCell {TD} at (135,138) size 205x27 [border: (1px dotted #FFFFFF)] [r=1 c=1 rs=1 cs=1]
              RenderText {TEXT} at (8,2) size 42x22
                text run at (8,2) width 42: "TD J"
            RenderTableCell {TD} at (340,138) size 123x27 [border: (1px dotted #FFFFFF)] [r=1 c=2 rs=1 cs=1]
              RenderText {TEXT} at (2,2) size 45x22
                text run at (2,2) width 45: "TD K"
            RenderTableCell {TD} at (463,138) size 118x27 [border: (1px dotted #FFFFFF)] [r=1 c=3 rs=1 cs=1]
              RenderText {TEXT} at (2,2) size 43x22
                text run at (2,2) width 43: "TD L"
      RenderBlock {DIV} at (0,1174) size 769x34
        RenderInline {A} at (0,0) size 88x15 [color=#FFFF00]
          RenderImage {IMG} at (0,0) size 88x31
        RenderText {TEXT} at (0,0) size 0x0
      RenderBlock {ADDRESS} at (0,1208) size 769x15
        RenderText {TEXT} at (0,0) size 704x15
          text run at (0,0) width 704: "CSS2 Table Backgrounds Test Suite designed and written by fantasai <fantasai@escape.com>"
