layer at (0,0) size 800x600
  RenderCanvas at (0,0) size 800x600
layer at (0,0) size 800x529
  RenderBlock {HTML} at (0,0) size 800x529
    RenderBody {BODY} at (8,8) size 784x513
      RenderTable {TABLE} at (0,0) size 22x513 [border: (1px outset #808080)]
layer at (9,9) size 20x511 scrollWidth 707
  RenderTableSection {TBODY} at (1,1) size 0x511
    RenderTableRow {TR} at (0,0) size 0x0
      RenderTableCell {TD} at (2,2) size 16x507 [border: (1px inset #808080)] [r=0 c=0 rs=1 cs=1]
        RenderBlock {DIV} at (2,2) size 12x12 [border: (1px solid #008000)]
          RenderBlock {DIV} at (1,1) size 702x502 [border: (1px solid #FF0000)]
            RenderText {TEXT} at (1,1) size 60x18
              text run at (1,1) width 60: "scrollbars"
