layer at (0,0) size 800x600
  RenderView at (0,0) size 800x600
layer at (0,0) size 800x122
  RenderBlock {html} at (0,0) size 800x122
    RenderBody {body} at (8,16) size 784x98
      RenderBlock {p} at (0,0) size 784x18
        RenderText {#text} at (0,0) size 175x18
          text run at (0,0) width 175: "COLGROUP WIDTH=pct"
      RenderTable {table} at (0,34) size 400x64 [border: (1px outset #808080)]
        RenderTableCol {colgroup} at (0,0) size 0x0
        RenderTableCol {colgroup} at (0,0) size 0x0
        RenderTableSection {tbody} at (1,1) size 398x62
          RenderTableRow {tr} at (0,2) size 398x58
            RenderTableCell {td} at (2,2) size 196x58 [border: (1px inset #808080)] [r=0 c=0 rs=1 cs=1]
              RenderText {#text} at (2,2) size 189x54
                text run at (2,2) width 170: "This column should have a"
                text run at (2,20) width 189: "width of 25% of 400 pixels or"
                text run at (2,38) width 40: "100px"
            RenderTableCell {td} at (200,2) size 196x58 [border: (1px inset #808080)] [r=0 c=1 rs=1 cs=1]
              RenderText {#text} at (2,2) size 189x54
                text run at (2,2) width 170: "This column should have a"
                text run at (2,20) width 189: "width of 75% of 400 pixels or"
                text run at (2,38) width 40: "300px"
