layer at (0,0) size 800x600
  RenderCanvas at (0,0) size 800x600
layer at (0,0) size 800x152
  RenderBlock {HTML} at (0,0) size 800x152
    RenderBody {BODY} at (8,16) size 784x128
      RenderBlock {P} at (0,0) size 784x18
        RenderText {TEXT} at (0,0) size 491x18
          text run at (0,0) width 381: "Only the right side of the frame surrounding the table below "
          text run at (381,0) width 110: "should be visible."
      RenderTable {TABLE} at (0,34) size 188x94
        RenderTableCol {COLGROUP} at (0,0) size 0x0
          RenderTableCol {COL} at (0,0) size 0x0
        RenderTableCol {COLGROUP} at (0,0) size 0x0
          RenderTableCol {COL} at (0,0) size 0x0
        RenderTableCol {COLGROUP} at (0,0) size 0x0
          RenderTableCol {COL} at (0,0) size 0x0
        RenderTableSection {THEAD} at (0,0) size 0x24
          RenderTableRow {TR} at (0,0) size 0x0
            RenderTableCell {TH} at (2,2) size 60x20 [r=0 c=0 rs=1 cs=1]
              RenderText {TEXT} at (1,1) size 58x18
                text run at (1,1) width 58: "THEAD"
            RenderTableCell {TH} at (64,2) size 60x20 [r=0 c=1 rs=1 cs=1]
              RenderText {TEXT} at (1,1) size 58x18
                text run at (1,1) width 58: "THEAD"
            RenderTableCell {TH} at (126,2) size 60x20 [r=0 c=2 rs=1 cs=1]
              RenderText {TEXT} at (1,1) size 58x18
                text run at (1,1) width 58: "THEAD"
        RenderTableSection {TFOOT} at (0,70) size 0x24
          RenderTableRow {TR} at (0,0) size 0x0
            RenderTableCell {TD} at (2,2) size 60x20 [r=0 c=0 rs=1 cs=1]
              RenderText {TEXT} at (1,1) size 53x18
                text run at (1,1) width 53: "TFOOT"
            RenderTableCell {TD} at (64,2) size 60x20 [r=0 c=1 rs=1 cs=1]
              RenderText {TEXT} at (1,1) size 53x18
                text run at (1,1) width 53: "TFOOT"
            RenderTableCell {TD} at (126,2) size 60x20 [r=0 c=2 rs=1 cs=1]
              RenderText {TEXT} at (1,1) size 53x18
                text run at (1,1) width 53: "TFOOT"
        RenderTableSection {TBODY} at (0,24) size 0x46
          RenderTableRow {TR} at (0,0) size 0x0
            RenderTableCell {TD} at (2,2) size 60x20 [r=0 c=0 rs=1 cs=1]
              RenderText {TEXT} at (1,1) size 57x18
                text run at (1,1) width 57: "TBODY"
            RenderTableCell {TD} at (64,2) size 60x20 [r=0 c=1 rs=1 cs=1]
              RenderText {TEXT} at (1,1) size 57x18
                text run at (1,1) width 57: "TBODY"
            RenderTableCell {TD} at (126,2) size 60x20 [r=0 c=2 rs=1 cs=1]
              RenderText {TEXT} at (1,1) size 57x18
                text run at (1,1) width 57: "TBODY"
          RenderTableRow {TR} at (0,0) size 0x0
            RenderTableCell {TD} at (2,24) size 60x20 [r=1 c=0 rs=1 cs=1]
              RenderText {TEXT} at (1,1) size 57x18
                text run at (1,1) width 57: "TBODY"
            RenderTableCell {TD} at (64,24) size 60x20 [r=1 c=1 rs=1 cs=1]
              RenderText {TEXT} at (1,1) size 57x18
                text run at (1,1) width 57: "TBODY"
            RenderTableCell {TD} at (126,24) size 60x20 [r=1 c=2 rs=1 cs=1]
              RenderText {TEXT} at (1,1) size 57x18
                text run at (1,1) width 57: "TBODY"
