layer at (0,0) size 1550x1394
  RenderView at (0,0) size 787x587
layer at (0,0) size 1550x1394
  RenderBlock {HTML} at (0,0) size 787x1394
    RenderBody {BODY} at (8,8) size 771x1373
      RenderBlock {H2} at (0,0) size 771x62
        RenderText {#text} at (0,0) size 737x63
          text run at (0,0) width 737: "It's OK if nothing drawn for a scrollbar (for an outermost frame and an"
          text run at (0,31) width 228: "element with overlow)"
      RenderBlock {P} at (0,81) size 771x21
        RenderText {#text} at (0,0) size 622x21
          text run at (0,0) width 622: "Note that Safari doesn't allow to customize the outermost scdrollbars and just show Cocoa's."
      RenderBlock {PRE} at (0,231) size 771x1142 [bgcolor=#008000]
      RenderBlock {PRE} at (0,1386) size 1542x0 [bgcolor=#008000]
layer at (8,126) size 100x100 clip at (8,126) size 87x87 scrollWidth 1432 scrollHeight 111
  RenderBlock {PRE} at (0,118) size 100x100 [bgcolor=#008000]
    RenderText {#text} at (0,1) size 1432x110
      text run at (0,1) width 1432: "The quick brown fox jumps over the lazy dog. The quick brown fox jumps over the lazy dog. The quick brown fox jumps over the lazy dog. The quick brown fox jumps over the lazy dog."
      text run at (1432,1) width 0: " "
      text run at (0,17) width 1432: "The quick brown fox jumps over the lazy dog. The quick brown fox jumps over the lazy dog. The quick brown fox jumps over the lazy dog. The quick brown fox jumps over the lazy dog."
      text run at (1432,17) width 0: " "
      text run at (0,33) width 1432: "The quick brown fox jumps over the lazy dog. The quick brown fox jumps over the lazy dog. The quick brown fox jumps over the lazy dog. The quick brown fox jumps over the lazy dog."
      text run at (1432,33) width 0: " "
      text run at (0,49) width 1432: "The quick brown fox jumps over the lazy dog. The quick brown fox jumps over the lazy dog. The quick brown fox jumps over the lazy dog. The quick brown fox jumps over the lazy dog."
      text run at (1432,49) width 0: " "
      text run at (0,65) width 1432: "The quick brown fox jumps over the lazy dog. The quick brown fox jumps over the lazy dog. The quick brown fox jumps over the lazy dog. The quick brown fox jumps over the lazy dog."
      text run at (1432,65) width 0: " "
      text run at (0,81) width 1432: "The quick brown fox jumps over the lazy dog. The quick brown fox jumps over the lazy dog. The quick brown fox jumps over the lazy dog. The quick brown fox jumps over the lazy dog."
      text run at (1432,81) width 0: " "
      text run at (0,97) width 1432: "The quick brown fox jumps over the lazy dog. The quick brown fox jumps over the lazy dog. The quick brown fox jumps over the lazy dog. The quick brown fox jumps over the lazy dog."
      text run at (1432,97) width 0: " "
