layer at (0,0) size 800x600
  RenderView at (0,0) size 800x600
layer at (0,0) size 800x600
  RenderBlock {HTML} at (0,0) size 800x600
    RenderBody {BODY} at (8,8) size 784x584
layer at (8,8) size 200x200 clip at (8,8) size 183x183 scrollWidth 337 scrollHeight 968
  RenderBlock {DIV} at (0,0) size 200x200
    RenderText {#text} at (0,0) size 35x22
      text run at (0,0) width 35: "Hello"
    RenderBR {BR} at (35,16) size 0x0
    RenderText {#text} at (0,22) size 35x22
      text run at (0,22) width 35: "Hello"
    RenderBR {BR} at (35,38) size 0x0
    RenderText {#text} at (0,44) size 35x22
      text run at (0,44) width 35: "Hello"
    RenderBR {BR} at (35,60) size 0x0
    RenderText {#text} at (0,66) size 35x22
      text run at (0,66) width 35: "Hello"
    RenderBR {BR} at (35,82) size 0x0
    RenderText {#text} at (0,88) size 35x22
      text run at (0,88) width 35: "Hello"
    RenderBR {BR} at (35,104) size 0x0
    RenderText {#text} at (0,110) size 35x22
      text run at (0,110) width 35: "Hello"
    RenderBR {BR} at (35,126) size 0x0
    RenderText {#text} at (0,132) size 35x22
      text run at (0,132) width 35: "Hello"
    RenderBR {BR} at (35,148) size 0x0
    RenderText {#text} at (0,154) size 35x22
      text run at (0,154) width 35: "Hello"
    RenderBR {BR} at (35,170) size 0x0
    RenderText {#text} at (0,176) size 35x22
      text run at (0,176) width 35: "Hello"
    RenderBR {BR} at (35,192) size 0x0
    RenderText {#text} at (0,198) size 35x22
      text run at (0,198) width 35: "Hello"
    RenderBR {BR} at (35,214) size 0x0
    RenderText {#text} at (0,220) size 35x22
      text run at (0,220) width 35: "Hello"
    RenderBR {BR} at (35,236) size 0x0
    RenderText {#text} at (0,242) size 35x22
      text run at (0,242) width 35: "Hello"
    RenderBR {BR} at (35,258) size 0x0
    RenderText {#text} at (0,264) size 35x22
      text run at (0,264) width 35: "Hello"
    RenderBR {BR} at (35,280) size 0x0
    RenderText {#text} at (0,286) size 35x22
      text run at (0,286) width 35: "Hello"
    RenderBR {BR} at (35,302) size 0x0
    RenderText {#text} at (0,308) size 35x22
      text run at (0,308) width 35: "Hello"
    RenderBR {BR} at (35,324) size 0x0
    RenderText {#text} at (0,330) size 35x22
      text run at (0,330) width 35: "Hello"
    RenderBR {BR} at (35,346) size 0x0
    RenderInline {SPAN} at (0,0) size 337x22
      RenderText {#text} at (0,352) size 337x22
        text run at (0,352) width 337: "Hello world this is a long string and will not wrap."
    RenderText {#text} at (0,374) size 35x22
      text run at (0,374) width 35: "Hello"
    RenderBR {BR} at (35,390) size 0x0
    RenderText {#text} at (0,396) size 35x22
      text run at (0,396) width 35: "Hello"
    RenderBR {BR} at (35,412) size 0x0
    RenderText {#text} at (0,418) size 35x22
      text run at (0,418) width 35: "Hello"
    RenderBR {BR} at (35,434) size 0x0
    RenderText {#text} at (0,440) size 35x22
      text run at (0,440) width 35: "Hello"
    RenderBR {BR} at (35,456) size 0x0
    RenderText {#text} at (0,462) size 35x22
      text run at (0,462) width 35: "Hello"
    RenderBR {BR} at (35,478) size 0x0
    RenderText {#text} at (0,484) size 35x22
      text run at (0,484) width 35: "Hello"
    RenderBR {BR} at (35,500) size 0x0
    RenderText {#text} at (0,506) size 35x22
      text run at (0,506) width 35: "Hello"
    RenderBR {BR} at (35,522) size 0x0
    RenderText {#text} at (0,528) size 35x22
      text run at (0,528) width 35: "Hello"
    RenderBR {BR} at (35,544) size 0x0
    RenderText {#text} at (0,550) size 35x22
      text run at (0,550) width 35: "Hello"
    RenderBR {BR} at (35,566) size 0x0
    RenderText {#text} at (0,572) size 35x22
      text run at (0,572) width 35: "Hello"
    RenderBR {BR} at (35,588) size 0x0
    RenderText {#text} at (0,594) size 35x22
      text run at (0,594) width 35: "Hello"
    RenderBR {BR} at (35,610) size 0x0
    RenderText {#text} at (0,616) size 35x22
      text run at (0,616) width 35: "Hello"
    RenderBR {BR} at (35,632) size 0x0
    RenderText {#text} at (0,638) size 35x22
      text run at (0,638) width 35: "Hello"
    RenderBR {BR} at (35,654) size 0x0
    RenderText {#text} at (0,660) size 35x22
      text run at (0,660) width 35: "Hello"
    RenderBR {BR} at (35,676) size 0x0
    RenderText {#text} at (0,682) size 35x22
      text run at (0,682) width 35: "Hello"
    RenderBR {BR} at (35,698) size 0x0
    RenderText {#text} at (0,704) size 35x22
      text run at (0,704) width 35: "Hello"
    RenderBR {BR} at (35,720) size 0x0
    RenderText {#text} at (0,726) size 35x22
      text run at (0,726) width 35: "Hello"
    RenderBR {BR} at (35,742) size 0x0
    RenderText {#text} at (0,748) size 35x22
      text run at (0,748) width 35: "Hello"
    RenderBR {BR} at (35,764) size 0x0
    RenderText {#text} at (0,770) size 35x22
      text run at (0,770) width 35: "Hello"
    RenderBR {BR} at (35,786) size 0x0
    RenderText {#text} at (0,792) size 35x22
      text run at (0,792) width 35: "Hello"
    RenderBR {BR} at (35,808) size 0x0
    RenderText {#text} at (0,814) size 35x22
      text run at (0,814) width 35: "Hello"
    RenderBR {BR} at (35,830) size 0x0
    RenderText {#text} at (0,836) size 35x22
      text run at (0,836) width 35: "Hello"
    RenderBR {BR} at (35,852) size 0x0
    RenderText {#text} at (0,858) size 35x22
      text run at (0,858) width 35: "Hello"
    RenderBR {BR} at (35,874) size 0x0
    RenderText {#text} at (0,880) size 35x22
      text run at (0,880) width 35: "Hello"
    RenderBR {BR} at (35,896) size 0x0
    RenderText {#text} at (0,902) size 35x22
      text run at (0,902) width 35: "Hello"
    RenderBR {BR} at (35,918) size 0x0
    RenderText {#text} at (0,924) size 35x22
      text run at (0,924) width 35: "Hello"
    RenderBR {BR} at (35,940) size 0x0
    RenderText {#text} at (0,946) size 35x22
      text run at (0,946) width 35: "Hello"
    RenderBR {BR} at (35,962) size 0x0
