layer at (0,0) size 800x600
  RenderView at (0,0) size 800x600
layer at (0,0) size 800x98
  RenderBlock {HTML} at (0,0) size 800x98
    RenderBody {BODY} at (8,16) size 784x66
      RenderBlock {P} at (0,0) size 784x66
        RenderText {#text} at (0,0) size 735x66
          text run at (0,0) width 735: "Any textual selection in this long paragraph should have green background. Any textual selection in this long"
          text run at (0,22) width 717: "paragraph should have green background. Any textual selection in this long paragraph should have green"
          text run at (0,44) width 87: "background."
