layer at (0,0) size 784x4014
  RenderView at (0,0) size 784x600
layer at (0,0) size 784x4014
  RenderBlock {HTML} at (0,0) size 784x4014
    RenderBody {BODY} at (8,21) size 768x3977
      RenderBlock {H1} at (0,0) size 768x42
        RenderText {#text} at (0,0) size 249x42
          text run at (0,0) width 249: "HTML Test Index"
      RenderBlock {P} at (0,63) size 768x22
        RenderText {#text} at (0,0) size 334x22
          text run at (0,0) width 334: "The HTML tests are available in several variants."
      RenderBlock {H2} at (0,104) size 768x33
        RenderText {#text} at (0,0) size 281x33
          text run at (0,0) width 281: "Tests With Navigation Aids"
      RenderBlock {P} at (0,156) size 768x44
        RenderText {#text} at (0,0) size 766x44
          text run at (0,0) width 766: "Each category of test is available using several different harnesses. The name of the harness describes how the test"
          text run at (0,22) width 757: "markup is contained within it, for example the Xlink embed case uses an XLink with the show axis set to embed."
      RenderBlock {UL} at (0,216) size 768x220
        RenderListItem {LI} at (40,0) size 728x44
          RenderListMarker at (-18,0) size 7x22: bullet
          RenderInline {A} at (0,0) size 22x22 [color=#0000EE]
            RenderText {#text} at (0,0) size 22x22
              text run at (0,0) width 22: "full"
          RenderText {#text} at (22,0) size 9x22
            text run at (22,0) width 9: ": "
          RenderInline {A} at (0,0) size 100x22 [color=#0000EE]
            RenderText {#text} at (31,0) size 100x22
              text run at (31,0) width 100: "Self Contained"
          RenderText {#text} at (131,0) size 8x22
            text run at (131,0) width 8: ", "
          RenderInline {A} at (0,0) size 127x22 [color=#0000EE]
            RenderText {#text} at (139,0) size 127x22
              text run at (139,0) width 127: "XHTML <iframe>"
          RenderText {#text} at (266,0) size 8x22
            text run at (266,0) width 8: ", "
          RenderInline {A} at (0,0) size 124x22 [color=#0000EE]
            RenderText {#text} at (274,0) size 124x22
              text run at (274,0) width 124: "XHTML <object>"
          RenderText {#text} at (398,0) size 8x22
            text run at (398,0) width 8: ", "
          RenderInline {A} at (0,0) size 123x22 [color=#0000EE]
            RenderText {#text} at (406,0) size 123x22
              text run at (406,0) width 123: "XHTML <frame>"
          RenderText {#text} at (529,0) size 8x22
            text run at (529,0) width 8: ", "
          RenderInline {A} at (0,0) size 115x22 [color=#0000EE]
            RenderText {#text} at (537,0) size 115x22
              text run at (537,0) width 115: "HTML <iframe>"
          RenderText {#text} at (652,0) size 8x22
            text run at (652,0) width 8: ", "
          RenderInline {A} at (0,0) size 709x44 [color=#0000EE]
            RenderText {#text} at (660,0) size 709x44
              text run at (660,0) width 49: "HTML"
              text run at (0,22) width 59: "<object>"
          RenderText {#text} at (59,22) size 8x22
            text run at (59,22) width 8: ", "
          RenderInline {A} at (0,0) size 111x22 [color=#0000EE]
            RenderText {#text} at (67,22) size 111x22
              text run at (67,22) width 111: "HTML <frame>"
          RenderText {#text} at (178,22) size 8x22
            text run at (178,22) width 8: ", "
          RenderInline {A} at (0,0) size 94x22 [color=#0000EE]
            RenderText {#text} at (186,22) size 94x22
              text run at (186,22) width 94: "XLink embed"
          RenderText {#text} at (280,22) size 8x22
            text run at (280,22) width 8: ", "
          RenderInline {A} at (0,0) size 90x22 [color=#0000EE]
            RenderText {#text} at (288,22) size 90x22
              text run at (288,22) width 90: "TNG Format"
        RenderListItem {LI} at (40,44) size 728x44
          RenderListMarker at (-18,0) size 7x22: bullet
          RenderInline {A} at (0,0) size 35x22 [color=#0000EE]
            RenderText {#text} at (0,0) size 35x22
              text run at (0,0) width 35: "static"
          RenderText {#text} at (35,0) size 9x22
            text run at (35,0) width 9: ": "
          RenderInline {A} at (0,0) size 100x22 [color=#0000EE]
            RenderText {#text} at (44,0) size 100x22
              text run at (44,0) width 100: "Self Contained"
          RenderText {#text} at (144,0) size 8x22
            text run at (144,0) width 8: ", "
          RenderInline {A} at (0,0) size 127x22 [color=#0000EE]
            RenderText {#text} at (152,0) size 127x22
              text run at (152,0) width 127: "XHTML <iframe>"
          RenderText {#text} at (279,0) size 8x22
            text run at (279,0) width 8: ", "
          RenderInline {A} at (0,0) size 124x22 [color=#0000EE]
            RenderText {#text} at (287,0) size 124x22
              text run at (287,0) width 124: "XHTML <object>"
          RenderText {#text} at (411,0) size 8x22
            text run at (411,0) width 8: ", "
          RenderInline {A} at (0,0) size 123x22 [color=#0000EE]
            RenderText {#text} at (419,0) size 123x22
              text run at (419,0) width 123: "XHTML <frame>"
          RenderText {#text} at (542,0) size 8x22
            text run at (542,0) width 8: ", "
          RenderInline {A} at (0,0) size 115x22 [color=#0000EE]
            RenderText {#text} at (550,0) size 115x22
              text run at (550,0) width 115: "HTML <iframe>"
          RenderText {#text} at (665,0) size 8x22
            text run at (665,0) width 8: ", "
          RenderInline {A} at (0,0) size 722x44 [color=#0000EE]
            RenderText {#text} at (673,0) size 722x44
              text run at (673,0) width 49: "HTML"
              text run at (0,22) width 59: "<object>"
          RenderText {#text} at (59,22) size 8x22
            text run at (59,22) width 8: ", "
          RenderInline {A} at (0,0) size 111x22 [color=#0000EE]
            RenderText {#text} at (67,22) size 111x22
              text run at (67,22) width 111: "HTML <frame>"
          RenderText {#text} at (178,22) size 8x22
            text run at (178,22) width 8: ", "
          RenderInline {A} at (0,0) size 94x22 [color=#0000EE]
            RenderText {#text} at (186,22) size 94x22
              text run at (186,22) width 94: "XLink embed"
          RenderText {#text} at (280,22) size 8x22
            text run at (280,22) width 8: ", "
          RenderInline {A} at (0,0) size 90x22 [color=#0000EE]
            RenderText {#text} at (288,22) size 90x22
              text run at (288,22) width 90: "TNG Format"
        RenderListItem {LI} at (40,88) size 728x44
          RenderListMarker at (-18,0) size 7x22: bullet
          RenderInline {A} at (0,0) size 99x22 [color=#0000EE]
            RenderText {#text} at (0,0) size 99x22
              text run at (0,0) width 99: "history-related"
          RenderText {#text} at (99,0) size 9x22
            text run at (99,0) width 9: ": "
          RenderInline {A} at (0,0) size 100x22 [color=#0000EE]
            RenderText {#text} at (108,0) size 100x22
              text run at (108,0) width 100: "Self Contained"
          RenderText {#text} at (208,0) size 8x22
            text run at (208,0) width 8: ", "
          RenderInline {A} at (0,0) size 127x22 [color=#0000EE]
            RenderText {#text} at (216,0) size 127x22
              text run at (216,0) width 127: "XHTML <iframe>"
          RenderText {#text} at (343,0) size 8x22
            text run at (343,0) width 8: ", "
          RenderInline {A} at (0,0) size 124x22 [color=#0000EE]
            RenderText {#text} at (351,0) size 124x22
              text run at (351,0) width 124: "XHTML <object>"
          RenderText {#text} at (475,0) size 8x22
            text run at (475,0) width 8: ", "
          RenderInline {A} at (0,0) size 123x22 [color=#0000EE]
            RenderText {#text} at (483,0) size 123x22
              text run at (483,0) width 123: "XHTML <frame>"
          RenderText {#text} at (606,0) size 8x22
            text run at (606,0) width 8: ", "
          RenderInline {A} at (0,0) size 663x44 [color=#0000EE]
            RenderText {#text} at (614,0) size 663x44
              text run at (614,0) width 49: "HTML"
              text run at (0,22) width 62: "<iframe>"
          RenderText {#text} at (62,22) size 8x22
            text run at (62,22) width 8: ", "
          RenderInline {A} at (0,0) size 112x22 [color=#0000EE]
            RenderText {#text} at (70,22) size 112x22
              text run at (70,22) width 112: "HTML <object>"
          RenderText {#text} at (182,22) size 8x22
            text run at (182,22) width 8: ", "
          RenderInline {A} at (0,0) size 111x22 [color=#0000EE]
            RenderText {#text} at (190,22) size 111x22
              text run at (190,22) width 111: "HTML <frame>"
          RenderText {#text} at (301,22) size 8x22
            text run at (301,22) width 8: ", "
          RenderInline {A} at (0,0) size 94x22 [color=#0000EE]
            RenderText {#text} at (309,22) size 94x22
              text run at (309,22) width 94: "XLink embed"
          RenderText {#text} at (403,22) size 8x22
            text run at (403,22) width 8: ", "
          RenderInline {A} at (0,0) size 90x22 [color=#0000EE]
            RenderText {#text} at (411,22) size 90x22
              text run at (411,22) width 90: "TNG Format"
        RenderListItem {LI} at (40,132) size 728x44
          RenderListMarker at (-18,0) size 7x22: bullet
          RenderInline {A} at (0,0) size 71x22 [color=#0000EE]
            RenderText {#text} at (0,0) size 71x22
              text run at (0,0) width 71: "interactive"
          RenderText {#text} at (71,0) size 9x22
            text run at (71,0) width 9: ": "
          RenderInline {A} at (0,0) size 100x22 [color=#0000EE]
            RenderText {#text} at (80,0) size 100x22
              text run at (80,0) width 100: "Self Contained"
          RenderText {#text} at (180,0) size 8x22
            text run at (180,0) width 8: ", "
          RenderInline {A} at (0,0) size 127x22 [color=#0000EE]
            RenderText {#text} at (188,0) size 127x22
              text run at (188,0) width 127: "XHTML <iframe>"
          RenderText {#text} at (315,0) size 8x22
            text run at (315,0) width 8: ", "
          RenderInline {A} at (0,0) size 124x22 [color=#0000EE]
            RenderText {#text} at (323,0) size 124x22
              text run at (323,0) width 124: "XHTML <object>"
          RenderText {#text} at (447,0) size 8x22
            text run at (447,0) width 8: ", "
          RenderInline {A} at (0,0) size 123x22 [color=#0000EE]
            RenderText {#text} at (455,0) size 123x22
              text run at (455,0) width 123: "XHTML <frame>"
          RenderText {#text} at (578,0) size 8x22
            text run at (578,0) width 8: ", "
          RenderInline {A} at (0,0) size 115x22 [color=#0000EE]
            RenderText {#text} at (586,0) size 115x22
              text run at (586,0) width 115: "HTML <iframe>"
          RenderText {#text} at (701,0) size 4x22
            text run at (701,0) width 4: ","
          RenderInline {A} at (0,0) size 112x22 [color=#0000EE]
            RenderText {#text} at (0,22) size 112x22
              text run at (0,22) width 112: "HTML <object>"
          RenderText {#text} at (112,22) size 8x22
            text run at (112,22) width 8: ", "
          RenderInline {A} at (0,0) size 111x22 [color=#0000EE]
            RenderText {#text} at (120,22) size 111x22
              text run at (120,22) width 111: "HTML <frame>"
          RenderText {#text} at (231,22) size 8x22
            text run at (231,22) width 8: ", "
          RenderInline {A} at (0,0) size 94x22 [color=#0000EE]
            RenderText {#text} at (239,22) size 94x22
              text run at (239,22) width 94: "XLink embed"
          RenderText {#text} at (333,22) size 8x22
            text run at (333,22) width 8: ", "
          RenderInline {A} at (0,0) size 90x22 [color=#0000EE]
            RenderText {#text} at (341,22) size 90x22
              text run at (341,22) width 90: "TNG Format"
        RenderListItem {LI} at (40,176) size 728x44
          RenderListMarker at (-18,0) size 7x22: bullet
          RenderInline {A} at (0,0) size 58x22 [color=#0000EE]
            RenderText {#text} at (0,0) size 58x22
              text run at (0,0) width 58: "dynamic"
          RenderText {#text} at (58,0) size 9x22
            text run at (58,0) width 9: ": "
          RenderInline {A} at (0,0) size 100x22 [color=#0000EE]
            RenderText {#text} at (67,0) size 100x22
              text run at (67,0) width 100: "Self Contained"
          RenderText {#text} at (167,0) size 8x22
            text run at (167,0) width 8: ", "
          RenderInline {A} at (0,0) size 127x22 [color=#0000EE]
            RenderText {#text} at (175,0) size 127x22
              text run at (175,0) width 127: "XHTML <iframe>"
          RenderText {#text} at (302,0) size 8x22
            text run at (302,0) width 8: ", "
          RenderInline {A} at (0,0) size 124x22 [color=#0000EE]
            RenderText {#text} at (310,0) size 124x22
              text run at (310,0) width 124: "XHTML <object>"
          RenderText {#text} at (434,0) size 8x22
            text run at (434,0) width 8: ", "
          RenderInline {A} at (0,0) size 123x22 [color=#0000EE]
            RenderText {#text} at (442,0) size 123x22
              text run at (442,0) width 123: "XHTML <frame>"
          RenderText {#text} at (565,0) size 8x22
            text run at (565,0) width 8: ", "
          RenderInline {A} at (0,0) size 115x22 [color=#0000EE]
            RenderText {#text} at (573,0) size 115x22
              text run at (573,0) width 115: "HTML <iframe>"
          RenderText {#text} at (688,0) size 4x22
            text run at (688,0) width 4: ","
          RenderInline {A} at (0,0) size 112x22 [color=#0000EE]
            RenderText {#text} at (0,22) size 112x22
              text run at (0,22) width 112: "HTML <object>"
          RenderText {#text} at (112,22) size 8x22
            text run at (112,22) width 8: ", "
          RenderInline {A} at (0,0) size 111x22 [color=#0000EE]
            RenderText {#text} at (120,22) size 111x22
              text run at (120,22) width 111: "HTML <frame>"
          RenderText {#text} at (231,22) size 8x22
            text run at (231,22) width 8: ", "
          RenderInline {A} at (0,0) size 94x22 [color=#0000EE]
            RenderText {#text} at (239,22) size 94x22
              text run at (239,22) width 94: "XLink embed"
          RenderText {#text} at (333,22) size 8x22
            text run at (333,22) width 8: ", "
          RenderInline {A} at (0,0) size 90x22 [color=#0000EE]
            RenderText {#text} at (341,22) size 90x22
              text run at (341,22) width 90: "TNG Format"
      RenderBlock {H2} at (0,455) size 768x33
        RenderText {#text} at (0,0) size 174x33
          text run at (0,0) width 174: "Unadorned Tests"
      RenderBlock {UL} at (0,507) size 768x3432
        RenderListItem {LI} at (40,0) size 728x22
          RenderListMarker at (-18,0) size 7x22: bullet
          RenderInline {A} at (0,0) size 129x22 [color=#0000EE]
            RenderText {#text} at (0,0) size 129x22
              text run at (0,0) width 129: "Groups of selectors"
          RenderText {#text} at (129,0) size 30x22
            text run at (129,0) width 30: " (#1)"
        RenderListItem {LI} at (40,22) size 728x22
          RenderListMarker at (-18,0) size 7x22: bullet
          RenderInline {A} at (0,0) size 152x22 [color=#0000EE]
            RenderText {#text} at (0,0) size 152x22
              text run at (0,0) width 152: "Type element selectors"
          RenderText {#text} at (152,0) size 30x22
            text run at (152,0) width 30: " (#2)"
        RenderListItem {LI} at (40,44) size 728x22
          RenderListMarker at (-18,0) size 7x22: bullet
          RenderInline {A} at (0,0) size 176x22 [color=#0000EE]
            RenderText {#text} at (0,0) size 176x22
              text run at (0,0) width 176: "Omitted universal selector"
          RenderText {#text} at (176,0) size 30x22
            text run at (176,0) width 30: " (#4)"
        RenderListItem {LI} at (40,66) size 728x22
          RenderListMarker at (-18,0) size 7x22: bullet
          RenderInline {A} at (0,0) size 182x22 [color=#0000EE]
            RenderText {#text} at (0,0) size 182x22
              text run at (0,0) width 182: "Attribute existence selector"
          RenderText {#text} at (182,0) size 30x22
            text run at (182,0) width 30: " (#5)"
        RenderListItem {LI} at (40,88) size 728x22
          RenderListMarker at (-18,0) size 7x22: bullet
          RenderInline {A} at (0,0) size 158x22 [color=#0000EE]
            RenderText {#text} at (0,0) size 158x22
              text run at (0,0) width 158: "Attribute value selector"
          RenderText {#text} at (158,0) size 30x22
            text run at (158,0) width 30: " (#6)"
        RenderListItem {LI} at (40,110) size 728x22
          RenderListMarker at (-18,0) size 7x22: bullet
          RenderInline {A} at (0,0) size 193x22 [color=#0000EE]
            RenderText {#text} at (0,0) size 193x22
              text run at (0,0) width 193: "Attribute multivalue selector"
          RenderText {#text} at (193,0) size 30x22
            text run at (193,0) width 30: " (#7)"
        RenderListItem {LI} at (40,132) size 728x22
          RenderListMarker at (-18,0) size 7x22: bullet
          RenderInline {A} at (0,0) size 193x22 [color=#0000EE]
            RenderText {#text} at (0,0) size 193x22
              text run at (0,0) width 193: "Attribute multivalue selector"
          RenderText {#text} at (193,0) size 39x22
            text run at (193,0) width 39: " (#7b)"
        RenderListItem {LI} at (40,154) size 728x22
          RenderListMarker at (-18,0) size 7x22: bullet
          RenderInline {A} at (0,0) size 369x22 [color=#0000EE]
            RenderText {#text} at (0,0) size 369x22
              text run at (0,0) width 369: "Attribute value selectors (hyphen-separated attributes)"
          RenderText {#text} at (369,0) size 30x22
            text run at (369,0) width 30: " (#8)"
        RenderListItem {LI} at (40,176) size 728x22
          RenderListMarker at (-18,0) size 7x22: bullet
          RenderInline {A} at (0,0) size 332x22 [color=#0000EE]
            RenderText {#text} at (0,0) size 332x22
              text run at (0,0) width 332: "Substring matching attribute selector (beginning)"
          RenderText {#text} at (332,0) size 30x22
            text run at (332,0) width 30: " (#9)"
        RenderListItem {LI} at (40,198) size 728x22
          RenderListMarker at (-18,0) size 7x22: bullet
          RenderInline {A} at (0,0) size 290x22 [color=#0000EE]
            RenderText {#text} at (0,0) size 290x22
              text run at (0,0) width 290: "Substring matching attribute selector (end)"
          RenderText {#text} at (290,0) size 38x22
            text run at (290,0) width 38: " (#10)"
        RenderListItem {LI} at (40,220) size 728x22
          RenderListMarker at (-18,0) size 7x22: bullet
          RenderInline {A} at (0,0) size 321x22 [color=#0000EE]
            RenderText {#text} at (0,0) size 321x22
              text run at (0,0) width 321: "Substring matching attribute selector (contains)"
          RenderText {#text} at (321,0) size 38x22
            text run at (321,0) width 38: " (#11)"
        RenderListItem {LI} at (40,242) size 728x22
          RenderListMarker at (-18,0) size 7x22: bullet
          RenderInline {A} at (0,0) size 153x22 [color=#0000EE]
            RenderText {#text} at (0,0) size 153x22
              text run at (0,0) width 153: "Default attribute value"
          RenderText {#text} at (153,0) size 38x22
            text run at (153,0) width 38: " (#12)"
        RenderListItem {LI} at (40,264) size 728x22
          RenderListMarker at (-18,0) size 7x22: bullet
          RenderInline {A} at (0,0) size 97x22 [color=#0000EE]
            RenderText {#text} at (0,0) size 97x22
              text run at (0,0) width 97: "Class selectors"
          RenderText {#text} at (97,0) size 38x22
            text run at (97,0) width 38: " (#13)"
        RenderListItem {LI} at (40,286) size 728x22
          RenderListMarker at (-18,0) size 7x22: bullet
          RenderInline {A} at (0,0) size 190x22 [color=#0000EE]
            RenderText {#text} at (0,0) size 190x22
              text run at (0,0) width 190: "More than one class selector"
          RenderText {#text} at (190,0) size 38x22
            text run at (190,0) width 38: " (#14)"
        RenderListItem {LI} at (40,308) size 728x22
          RenderListMarker at (-18,0) size 7x22: bullet
          RenderInline {A} at (0,0) size 79x22 [color=#0000EE]
            RenderText {#text} at (0,0) size 79x22
              text run at (0,0) width 79: "ID selectors"
          RenderText {#text} at (79,0) size 38x22
            text run at (79,0) width 38: " (#15)"
        RenderListItem {LI} at (40,330) size 728x22
          RenderListMarker at (-18,0) size 7x22: bullet
          RenderInline {A} at (0,0) size 119x22 [color=#0000EE]
            RenderText {#text} at (0,0) size 119x22
              text run at (0,0) width 119: ":link pseudo-class"
          RenderText {#text} at (119,0) size 38x22
            text run at (119,0) width 38: " (#16)"
        RenderListItem {LI} at (40,352) size 728x22
          RenderListMarker at (-18,0) size 7x22: bullet
          RenderInline {A} at (0,0) size 136x22 [color=#0000EE]
            RenderText {#text} at (0,0) size 136x22
              text run at (0,0) width 136: ":visited pseudo-class"
          RenderText {#text} at (136,0) size 38x22
            text run at (136,0) width 38: " (#17)"
        RenderListItem {LI} at (40,374) size 728x22
          RenderListMarker at (-18,0) size 7x22: bullet
          RenderInline {A} at (0,0) size 132x22 [color=#0000EE]
            RenderText {#text} at (0,0) size 132x22
              text run at (0,0) width 132: ":hover pseudo-class"
          RenderText {#text} at (132,0) size 38x22
            text run at (132,0) width 38: " (#18)"
        RenderListItem {LI} at (40,396) size 728x22
          RenderListMarker at (-18,0) size 7x22: bullet
          RenderInline {A} at (0,0) size 132x22 [color=#0000EE]
            RenderText {#text} at (0,0) size 132x22
              text run at (0,0) width 132: ":hover pseudo-class"
          RenderText {#text} at (132,0) size 47x22
            text run at (132,0) width 47: " (#18b)"
        RenderListItem {LI} at (40,418) size 728x22
          RenderListMarker at (-18,0) size 7x22: bullet
          RenderInline {A} at (0,0) size 132x22 [color=#0000EE]
            RenderText {#text} at (0,0) size 132x22
              text run at (0,0) width 132: ":active pseudo-class"
          RenderText {#text} at (132,0) size 38x22
            text run at (132,0) width 38: " (#19)"
        RenderListItem {LI} at (40,440) size 728x22
          RenderListMarker at (-18,0) size 7x22: bullet
          RenderInline {A} at (0,0) size 128x22 [color=#0000EE]
            RenderText {#text} at (0,0) size 128x22
              text run at (0,0) width 128: ":focus pseudo-class"
          RenderText {#text} at (128,0) size 38x22
            text run at (128,0) width 38: " (#20)"
        RenderListItem {LI} at (40,462) size 728x22
          RenderListMarker at (-18,0) size 7x22: bullet
          RenderInline {A} at (0,0) size 133x22 [color=#0000EE]
            RenderText {#text} at (0,0) size 133x22
              text run at (0,0) width 133: ":target pseudo-class"
          RenderText {#text} at (133,0) size 38x22
            text run at (133,0) width 38: " (#21)"
        RenderListItem {LI} at (40,484) size 728x22
          RenderListMarker at (-18,0) size 7x22: bullet
          RenderInline {A} at (0,0) size 133x22 [color=#0000EE]
            RenderText {#text} at (0,0) size 133x22
              text run at (0,0) width 133: ":target pseudo-class"
          RenderText {#text} at (133,0) size 47x22
            text run at (133,0) width 47: " (#21b)"
        RenderListItem {LI} at (40,506) size 728x22
          RenderListMarker at (-18,0) size 7x22: bullet
          RenderInline {A} at (0,0) size 133x22 [color=#0000EE]
            RenderText {#text} at (0,0) size 133x22
              text run at (0,0) width 133: ":target pseudo-class"
          RenderText {#text} at (133,0) size 45x22
            text run at (133,0) width 45: " (#21c)"
        RenderListItem {LI} at (40,528) size 728x22
          RenderListMarker at (-18,0) size 7x22: bullet
          RenderInline {A} at (0,0) size 132x22 [color=#0000EE]
            RenderText {#text} at (0,0) size 132x22
              text run at (0,0) width 132: ":lang() pseudo-class"
          RenderText {#text} at (132,0) size 38x22
            text run at (132,0) width 38: " (#22)"
        RenderListItem {LI} at (40,550) size 728x22
          RenderListMarker at (-18,0) size 7x22: bullet
          RenderInline {A} at (0,0) size 146x22 [color=#0000EE]
            RenderText {#text} at (0,0) size 146x22
              text run at (0,0) width 146: ":enabled pseudo-class"
          RenderText {#text} at (146,0) size 38x22
            text run at (146,0) width 38: " (#23)"
        RenderListItem {LI} at (40,572) size 728x22
          RenderListMarker at (-18,0) size 7x22: bullet
          RenderInline {A} at (0,0) size 149x22 [color=#0000EE]
            RenderText {#text} at (0,0) size 149x22
              text run at (0,0) width 149: ":disabled pseudo-class"
          RenderText {#text} at (149,0) size 38x22
            text run at (149,0) width 38: " (#24)"
        RenderListItem {LI} at (40,594) size 728x22
          RenderListMarker at (-18,0) size 7x22: bullet
          RenderInline {A} at (0,0) size 148x22 [color=#0000EE]
            RenderText {#text} at (0,0) size 148x22
              text run at (0,0) width 148: ":checked pseudo-class"
          RenderText {#text} at (148,0) size 38x22
            text run at (148,0) width 38: " (#25)"
        RenderListItem {LI} at (40,616) size 728x22
          RenderListMarker at (-18,0) size 7x22: bullet
          RenderInline {A} at (0,0) size 121x22 [color=#0000EE]
            RenderText {#text} at (0,0) size 121x22
              text run at (0,0) width 121: ":root pseudo-class"
          RenderText {#text} at (121,0) size 38x22
            text run at (121,0) width 38: " (#27)"
        RenderListItem {LI} at (40,638) size 728x22
          RenderListMarker at (-18,0) size 7x22: bullet
          RenderInline {A} at (0,0) size 164x22 [color=#0000EE]
            RenderText {#text} at (0,0) size 164x22
              text run at (0,0) width 164: ":nth-child() pseudo-class"
          RenderText {#text} at (164,0) size 38x22
            text run at (164,0) width 38: " (#28)"
        RenderListItem {LI} at (40,660) size 728x22
          RenderListMarker at (-18,0) size 7x22: bullet
          RenderInline {A} at (0,0) size 164x22 [color=#0000EE]
            RenderText {#text} at (0,0) size 164x22
              text run at (0,0) width 164: ":nth-child() pseudo-class"
          RenderText {#text} at (164,0) size 47x22
            text run at (164,0) width 47: " (#28b)"
        RenderListItem {LI} at (40,682) size 728x22
          RenderListMarker at (-18,0) size 7x22: bullet
          RenderInline {A} at (0,0) size 192x22 [color=#0000EE]
            RenderText {#text} at (0,0) size 192x22
              text run at (0,0) width 192: ":nth-last-child() pseudo-class"
          RenderText {#text} at (192,0) size 38x22
            text run at (192,0) width 38: " (#29)"
        RenderListItem {LI} at (40,704) size 728x22
          RenderListMarker at (-18,0) size 7x22: bullet
          RenderInline {A} at (0,0) size 192x22 [color=#0000EE]
            RenderText {#text} at (0,0) size 192x22
              text run at (0,0) width 192: ":nth-last-child() pseudo-class"
          RenderText {#text} at (192,0) size 47x22
            text run at (192,0) width 47: " (#29b)"
        RenderListItem {LI} at (40,726) size 728x22
          RenderListMarker at (-18,0) size 7x22: bullet
          RenderInline {A} at (0,0) size 178x22 [color=#0000EE]
            RenderText {#text} at (0,0) size 178x22
              text run at (0,0) width 178: ":nth-of-type() pseudo-class"
          RenderText {#text} at (178,0) size 38x22
            text run at (178,0) width 38: " (#30)"
        RenderListItem {LI} at (40,748) size 728x22
          RenderListMarker at (-18,0) size 7x22: bullet
          RenderInline {A} at (0,0) size 206x22 [color=#0000EE]
            RenderText {#text} at (0,0) size 206x22
              text run at (0,0) width 206: ":nth-last-of-type() pseudo-class"
          RenderText {#text} at (206,0) size 38x22
            text run at (206,0) width 38: " (#31)"
        RenderListItem {LI} at (40,770) size 728x22
          RenderListMarker at (-18,0) size 7x22: bullet
          RenderInline {A} at (0,0) size 158x22 [color=#0000EE]
            RenderText {#text} at (0,0) size 158x22
              text run at (0,0) width 158: ":first-child pseudo-class"
          RenderText {#text} at (158,0) size 38x22
            text run at (158,0) width 38: " (#32)"
        RenderListItem {LI} at (40,792) size 728x22
          RenderListMarker at (-18,0) size 7x22: bullet
          RenderInline {A} at (0,0) size 154x22 [color=#0000EE]
            RenderText {#text} at (0,0) size 154x22
              text run at (0,0) width 154: ":last-child pseudo-class"
          RenderText {#text} at (154,0) size 38x22
            text run at (154,0) width 38: " (#33)"
        RenderListItem {LI} at (40,814) size 728x22
          RenderListMarker at (-18,0) size 7x22: bullet
          RenderInline {A} at (0,0) size 172x22 [color=#0000EE]
            RenderText {#text} at (0,0) size 172x22
              text run at (0,0) width 172: ":first-of-type pseudo-class"
          RenderText {#text} at (172,0) size 38x22
            text run at (172,0) width 38: " (#34)"
        RenderListItem {LI} at (40,836) size 728x22
          RenderListMarker at (-18,0) size 7x22: bullet
          RenderInline {A} at (0,0) size 168x22 [color=#0000EE]
            RenderText {#text} at (0,0) size 168x22
              text run at (0,0) width 168: ":last-of-type pseudo-class"
          RenderText {#text} at (168,0) size 38x22
            text run at (168,0) width 38: " (#35)"
        RenderListItem {LI} at (40,858) size 728x22
          RenderListMarker at (-18,0) size 7x22: bullet
          RenderInline {A} at (0,0) size 160x22 [color=#0000EE]
            RenderText {#text} at (0,0) size 160x22
              text run at (0,0) width 160: ":only-child pseudo-class"
          RenderText {#text} at (160,0) size 38x22
            text run at (160,0) width 38: " (#36)"
        RenderListItem {LI} at (40,880) size 728x22
          RenderListMarker at (-18,0) size 7x22: bullet
          RenderInline {A} at (0,0) size 174x22 [color=#0000EE]
            RenderText {#text} at (0,0) size 174x22
              text run at (0,0) width 174: ":only-of-type pseudo-class"
          RenderText {#text} at (174,0) size 38x22
            text run at (174,0) width 38: " (#37)"
        RenderListItem {LI} at (40,902) size 728x22
          RenderListMarker at (-18,0) size 7x22: bullet
          RenderInline {A} at (0,0) size 175x22 [color=#0000EE]
            RenderText {#text} at (0,0) size 175x22
              text run at (0,0) width 175: "::first-line pseudo-element"
          RenderText {#text} at (175,0) size 38x22
            text run at (175,0) width 38: " (#38)"
        RenderListItem {LI} at (40,924) size 728x22
          RenderListMarker at (-18,0) size 7x22: bullet
          RenderInline {A} at (0,0) size 186x22 [color=#0000EE]
            RenderText {#text} at (0,0) size 186x22
              text run at (0,0) width 186: "::first-letter pseudo-element"
          RenderText {#text} at (186,0) size 38x22
            text run at (186,0) width 38: " (#39)"
        RenderListItem {LI} at (40,946) size 728x22
          RenderListMarker at (-18,0) size 7x22: bullet
          RenderInline {A} at (0,0) size 386x22 [color=#0000EE]
            RenderText {#text} at (0,0) size 386x22
              text run at (0,0) width 386: "::first-letter pseudo-element with ::before pseudo-element"
          RenderText {#text} at (386,0) size 46x22
            text run at (386,0) width 46: " (#39a)"
        RenderListItem {LI} at (40,968) size 728x22
          RenderListMarker at (-18,0) size 7x22: bullet
          RenderInline {A} at (0,0) size 386x22 [color=#0000EE]
            RenderText {#text} at (0,0) size 386x22
              text run at (0,0) width 386: "::first-letter pseudo-element with ::before pseudo-element"
          RenderText {#text} at (386,0) size 46x22
            text run at (386,0) width 46: " (#39a)"
        RenderListItem {LI} at (40,990) size 728x22
          RenderListMarker at (-18,0) size 7x22: bullet
          RenderInline {A} at (0,0) size 186x22 [color=#0000EE]
            RenderText {#text} at (0,0) size 186x22
              text run at (0,0) width 186: "::first-letter pseudo-element"
          RenderText {#text} at (186,0) size 47x22
            text run at (186,0) width 47: " (#39b)"
        RenderListItem {LI} at (40,1012) size 728x22
          RenderListMarker at (-18,0) size 7x22: bullet
          RenderInline {A} at (0,0) size 176x22 [color=#0000EE]
            RenderText {#text} at (0,0) size 176x22
              text run at (0,0) width 176: "::selection pseudo-element"
          RenderText {#text} at (176,0) size 38x22
            text run at (176,0) width 38: " (#40)"
        RenderListItem {LI} at (40,1034) size 728x22
          RenderListMarker at (-18,0) size 7x22: bullet
          RenderInline {A} at (0,0) size 162x22 [color=#0000EE]
            RenderText {#text} at (0,0) size 162x22
              text run at (0,0) width 162: "::before pseudo-element"
          RenderText {#text} at (162,0) size 38x22
            text run at (162,0) width 38: " (#41)"
        RenderListItem {LI} at (40,1056) size 728x22
          RenderListMarker at (-18,0) size 7x22: bullet
          RenderInline {A} at (0,0) size 151x22 [color=#0000EE]
            RenderText {#text} at (0,0) size 151x22
              text run at (0,0) width 151: "::after pseudo-element"
          RenderText {#text} at (151,0) size 38x22
            text run at (151,0) width 38: " (#42)"
        RenderListItem {LI} at (40,1078) size 728x22
          RenderListMarker at (-18,0) size 7x22: bullet
          RenderInline {A} at (0,0) size 161x22 [color=#0000EE]
            RenderText {#text} at (0,0) size 161x22
              text run at (0,0) width 161: "Descendant combinator"
          RenderText {#text} at (161,0) size 38x22
            text run at (161,0) width 38: " (#43)"
        RenderListItem {LI} at (40,1100) size 728x22
          RenderListMarker at (-18,0) size 7x22: bullet
          RenderInline {A} at (0,0) size 161x22 [color=#0000EE]
            RenderText {#text} at (0,0) size 161x22
              text run at (0,0) width 161: "Descendant combinator"
          RenderText {#text} at (161,0) size 47x22
            text run at (161,0) width 47: " (#43b)"
        RenderListItem {LI} at (40,1122) size 728x22
          RenderListMarker at (-18,0) size 7x22: bullet
          RenderInline {A} at (0,0) size 120x22 [color=#0000EE]
            RenderText {#text} at (0,0) size 120x22
              text run at (0,0) width 120: "Child combinator"
          RenderText {#text} at (120,0) size 38x22
            text run at (120,0) width 38: " (#44)"
        RenderListItem {LI} at (40,1144) size 728x22
          RenderListMarker at (-18,0) size 7x22: bullet
          RenderInline {A} at (0,0) size 120x22 [color=#0000EE]
            RenderText {#text} at (0,0) size 120x22
              text run at (0,0) width 120: "Child combinator"
          RenderText {#text} at (120,0) size 47x22
            text run at (120,0) width 47: " (#44b)"
        RenderListItem {LI} at (40,1166) size 728x22
          RenderListMarker at (-18,0) size 7x22: bullet
          RenderInline {A} at (0,0) size 198x22 [color=#0000EE]
            RenderText {#text} at (0,0) size 198x22
              text run at (0,0) width 198: "Child combinator and classes"
          RenderText {#text} at (198,0) size 45x22
            text run at (198,0) width 45: " (#44c)"
        RenderListItem {LI} at (40,1188) size 728x22
          RenderListMarker at (-18,0) size 7x22: bullet
          RenderInline {A} at (0,0) size 182x22 [color=#0000EE]
            RenderText {#text} at (0,0) size 182x22
              text run at (0,0) width 182: "Child combinatior and IDs"
          RenderText {#text} at (182,0) size 47x22
            text run at (182,0) width 47: " (#44d)"
        RenderListItem {LI} at (40,1210) size 728x22
          RenderListMarker at (-18,0) size 7x22: bullet
          RenderInline {A} at (0,0) size 186x22 [color=#0000EE]
            RenderText {#text} at (0,0) size 186x22
              text run at (0,0) width 186: "Direct adjacent combinator"
          RenderText {#text} at (186,0) size 38x22
            text run at (186,0) width 38: " (#45)"
        RenderListItem {LI} at (40,1232) size 728x22
          RenderListMarker at (-18,0) size 7x22: bullet
          RenderInline {A} at (0,0) size 186x22 [color=#0000EE]
            RenderText {#text} at (0,0) size 186x22
              text run at (0,0) width 186: "Direct adjacent combinator"
          RenderText {#text} at (186,0) size 47x22
            text run at (186,0) width 47: " (#45b)"
        RenderListItem {LI} at (40,1254) size 728x22
          RenderListMarker at (-18,0) size 7x22: bullet
          RenderInline {A} at (0,0) size 264x22 [color=#0000EE]
            RenderText {#text} at (0,0) size 264x22
              text run at (0,0) width 264: "Direct adjacent combinator and classes"
          RenderText {#text} at (264,0) size 45x22
            text run at (264,0) width 45: " (#45c)"
        RenderListItem {LI} at (40,1276) size 728x22
          RenderListMarker at (-18,0) size 7x22: bullet
          RenderInline {A} at (0,0) size 198x22 [color=#0000EE]
            RenderText {#text} at (0,0) size 198x22
              text run at (0,0) width 198: "Indirect adjacent combinator"
          RenderText {#text} at (198,0) size 38x22
            text run at (198,0) width 38: " (#46)"
        RenderListItem {LI} at (40,1298) size 728x22
          RenderListMarker at (-18,0) size 7x22: bullet
          RenderInline {A} at (0,0) size 198x22 [color=#0000EE]
            RenderText {#text} at (0,0) size 198x22
              text run at (0,0) width 198: "Indirect adjacent combinator"
          RenderText {#text} at (198,0) size 47x22
            text run at (198,0) width 47: " (#46b)"
        RenderListItem {LI} at (40,1320) size 728x22
          RenderListMarker at (-18,0) size 7x22: bullet
          RenderInline {A} at (0,0) size 425x22 [color=#0000EE]
            RenderText {#text} at (0,0) size 425x22
              text run at (0,0) width 425: "NEGATED substring matching attribute selector on beginning"
          RenderText {#text} at (425,0) size 38x22
            text run at (425,0) width 38: " (#54)"
        RenderListItem {LI} at (40,1342) size 728x22
          RenderListMarker at (-18,0) size 7x22: bullet
          RenderInline {A} at (0,0) size 383x22 [color=#0000EE]
            RenderText {#text} at (0,0) size 383x22
              text run at (0,0) width 383: "NEGATED substring matching attribute selector on end"
          RenderText {#text} at (383,0) size 38x22
            text run at (383,0) width 38: " (#55)"
        RenderListItem {LI} at (40,1364) size 728x22
          RenderListMarker at (-18,0) size 7x22: bullet
          RenderInline {A} at (0,0) size 404x22 [color=#0000EE]
            RenderText {#text} at (0,0) size 404x22
              text run at (0,0) width 404: "NEGATED substring matching attribute selector on middle"
          RenderText {#text} at (404,0) size 38x22
            text run at (404,0) width 38: " (#56)"
        RenderListItem {LI} at (40,1386) size 728x22
          RenderListMarker at (-18,0) size 7x22: bullet
          RenderInline {A} at (0,0) size 333x22 [color=#0000EE]
            RenderText {#text} at (0,0) size 333x22
              text run at (0,0) width 333: "Default attribute value and negation pseudo-class"
          RenderText {#text} at (333,0) size 38x22
            text run at (333,0) width 38: " (#58)"
        RenderListItem {LI} at (40,1408) size 728x22
          RenderListMarker at (-18,0) size 7x22: bullet
          RenderInline {A} at (0,0) size 171x22 [color=#0000EE]
            RenderText {#text} at (0,0) size 171x22
              text run at (0,0) width 171: "NEGATED class selector"
          RenderText {#text} at (171,0) size 38x22
            text run at (171,0) width 38: " (#59)"
        RenderListItem {LI} at (40,1430) size 728x22
          RenderListMarker at (-18,0) size 7x22: bullet
          RenderInline {A} at (0,0) size 158x22 [color=#0000EE]
            RenderText {#text} at (0,0) size 158x22
              text run at (0,0) width 158: "NEGATED ID selector"
          RenderText {#text} at (158,0) size 38x22
            text run at (158,0) width 38: " (#60)"
        RenderListItem {LI} at (40,1452) size 728x22
          RenderListMarker at (-18,0) size 7x22: bullet
          RenderInline {A} at (0,0) size 204x22 [color=#0000EE]
            RenderText {#text} at (0,0) size 204x22
              text run at (0,0) width 204: "NEGATED :link pseudo-class"
          RenderText {#text} at (204,0) size 38x22
            text run at (204,0) width 38: " (#61)"
        RenderListItem {LI} at (40,1474) size 728x22
          RenderListMarker at (-18,0) size 7x22: bullet
          RenderInline {A} at (0,0) size 221x22 [color=#0000EE]
            RenderText {#text} at (0,0) size 221x22
              text run at (0,0) width 221: "NEGATED :visited pseudo-class"
          RenderText {#text} at (221,0) size 38x22
            text run at (221,0) width 38: " (#62)"
        RenderListItem {LI} at (40,1496) size 728x22
          RenderListMarker at (-18,0) size 7x22: bullet
          RenderInline {A} at (0,0) size 217x22 [color=#0000EE]
            RenderText {#text} at (0,0) size 217x22
              text run at (0,0) width 217: "NEGATED :hover pseudo-class"
          RenderText {#text} at (217,0) size 38x22
            text run at (217,0) width 38: " (#63)"
        RenderListItem {LI} at (40,1518) size 728x22
          RenderListMarker at (-18,0) size 7x22: bullet
          RenderInline {A} at (0,0) size 217x22 [color=#0000EE]
            RenderText {#text} at (0,0) size 217x22
              text run at (0,0) width 217: "NEGATED :active pseudo-class"
          RenderText {#text} at (217,0) size 38x22
            text run at (217,0) width 38: " (#64)"
        RenderListItem {LI} at (40,1540) size 728x22
          RenderListMarker at (-18,0) size 7x22: bullet
          RenderInline {A} at (0,0) size 213x22 [color=#0000EE]
            RenderText {#text} at (0,0) size 213x22
              text run at (0,0) width 213: "NEGATED :focus pseudo-class"
          RenderText {#text} at (213,0) size 38x22
            text run at (213,0) width 38: " (#65)"
        RenderListItem {LI} at (40,1562) size 728x22
          RenderListMarker at (-18,0) size 7x22: bullet
          RenderInline {A} at (0,0) size 218x22 [color=#0000EE]
            RenderText {#text} at (0,0) size 218x22
              text run at (0,0) width 218: "NEGATED :target pseudo-class"
          RenderText {#text} at (218,0) size 38x22
            text run at (218,0) width 38: " (#66)"
        RenderListItem {LI} at (40,1584) size 728x22
          RenderListMarker at (-18,0) size 7x22: bullet
          RenderInline {A} at (0,0) size 218x22 [color=#0000EE]
            RenderText {#text} at (0,0) size 218x22
              text run at (0,0) width 218: "NEGATED :target pseudo-class"
          RenderText {#text} at (218,0) size 47x22
            text run at (218,0) width 47: " (#66b)"
        RenderListItem {LI} at (40,1606) size 728x22
          RenderListMarker at (-18,0) size 7x22: bullet
          RenderInline {A} at (0,0) size 217x22 [color=#0000EE]
            RenderText {#text} at (0,0) size 217x22
              text run at (0,0) width 217: "NEGATED :lang() pseudo-class"
          RenderText {#text} at (217,0) size 38x22
            text run at (217,0) width 38: " (#67)"
        RenderListItem {LI} at (40,1628) size 728x22
          RenderListMarker at (-18,0) size 7x22: bullet
          RenderInline {A} at (0,0) size 233x22 [color=#0000EE]
            RenderText {#text} at (0,0) size 233x22
              text run at (0,0) width 233: "NEGATED :checked pseudo-class"
          RenderText {#text} at (233,0) size 38x22
            text run at (233,0) width 38: " (#70)"
        RenderListItem {LI} at (40,1650) size 728x22
          RenderListMarker at (-18,0) size 7x22: bullet
          RenderInline {A} at (0,0) size 206x22 [color=#0000EE]
            RenderText {#text} at (0,0) size 206x22
              text run at (0,0) width 206: "NEGATED :root pseudo-class"
          RenderText {#text} at (206,0) size 38x22
            text run at (206,0) width 38: " (#72)"
        RenderListItem {LI} at (40,1672) size 728x22
          RenderListMarker at (-18,0) size 7x22: bullet
          RenderInline {A} at (0,0) size 206x22 [color=#0000EE]
            RenderText {#text} at (0,0) size 206x22
              text run at (0,0) width 206: "NEGATED :root pseudo-class"
          RenderText {#text} at (206,0) size 47x22
            text run at (206,0) width 47: " (#72b)"
        RenderListItem {LI} at (40,1694) size 728x22
          RenderListMarker at (-18,0) size 7x22: bullet
          RenderInline {A} at (0,0) size 249x22 [color=#0000EE]
            RenderText {#text} at (0,0) size 249x22
              text run at (0,0) width 249: "NEGATED :nth-child() pseudo-class"
          RenderText {#text} at (249,0) size 38x22
            text run at (249,0) width 38: " (#73)"
        RenderListItem {LI} at (40,1716) size 728x22
          RenderListMarker at (-18,0) size 7x22: bullet
          RenderInline {A} at (0,0) size 249x22 [color=#0000EE]
            RenderText {#text} at (0,0) size 249x22
              text run at (0,0) width 249: "NEGATED :nth-child() pseudo-class"
          RenderText {#text} at (249,0) size 47x22
            text run at (249,0) width 47: " (#73b)"
        RenderListItem {LI} at (40,1738) size 728x22
          RenderListMarker at (-18,0) size 7x22: bullet
          RenderInline {A} at (0,0) size 277x22 [color=#0000EE]
            RenderText {#text} at (0,0) size 277x22
              text run at (0,0) width 277: "NEGATED :nth-last-child() pseudo-class"
          RenderText {#text} at (277,0) size 38x22
            text run at (277,0) width 38: " (#74)"
        RenderListItem {LI} at (40,1760) size 728x22
          RenderListMarker at (-18,0) size 7x22: bullet
          RenderInline {A} at (0,0) size 277x22 [color=#0000EE]
            RenderText {#text} at (0,0) size 277x22
              text run at (0,0) width 277: "NEGATED :nth-last-child() pseudo-class"
          RenderText {#text} at (277,0) size 47x22
            text run at (277,0) width 47: " (#74b)"
        RenderListItem {LI} at (40,1782) size 728x22
          RenderListMarker at (-18,0) size 7x22: bullet
          RenderInline {A} at (0,0) size 263x22 [color=#0000EE]
            RenderText {#text} at (0,0) size 263x22
              text run at (0,0) width 263: "NEGATED :nth-of-type() pseudo-class"
          RenderText {#text} at (263,0) size 38x22
            text run at (263,0) width 38: " (#75)"
        RenderListItem {LI} at (40,1804) size 728x22
          RenderListMarker at (-18,0) size 7x22: bullet
          RenderInline {A} at (0,0) size 263x22 [color=#0000EE]
            RenderText {#text} at (0,0) size 263x22
              text run at (0,0) width 263: "NEGATED :nth-of-type() pseudo-class"
          RenderText {#text} at (263,0) size 47x22
            text run at (263,0) width 47: " (#75b)"
        RenderListItem {LI} at (40,1826) size 728x22
          RenderListMarker at (-18,0) size 7x22: bullet
          RenderInline {A} at (0,0) size 291x22 [color=#0000EE]
            RenderText {#text} at (0,0) size 291x22
              text run at (0,0) width 291: "NEGATED :nth-last-of-type() pseudo-class"
          RenderText {#text} at (291,0) size 38x22
            text run at (291,0) width 38: " (#76)"
        RenderListItem {LI} at (40,1848) size 728x22
          RenderListMarker at (-18,0) size 7x22: bullet
          RenderInline {A} at (0,0) size 291x22 [color=#0000EE]
            RenderText {#text} at (0,0) size 291x22
              text run at (0,0) width 291: "NEGATED :nth-last-of-type() pseudo-class"
          RenderText {#text} at (291,0) size 47x22
            text run at (291,0) width 47: " (#76b)"
        RenderListItem {LI} at (40,1870) size 728x22
          RenderListMarker at (-18,0) size 7x22: bullet
          RenderInline {A} at (0,0) size 243x22 [color=#0000EE]
            RenderText {#text} at (0,0) size 243x22
              text run at (0,0) width 243: "NEGATED :first-child pseudo-class"
          RenderText {#text} at (243,0) size 38x22
            text run at (243,0) width 38: " (#77)"
        RenderListItem {LI} at (40,1892) size 728x22
          RenderListMarker at (-18,0) size 7x22: bullet
          RenderInline {A} at (0,0) size 243x22 [color=#0000EE]
            RenderText {#text} at (0,0) size 243x22
              text run at (0,0) width 243: "NEGATED :first-child pseudo-class"
          RenderText {#text} at (243,0) size 47x22
            text run at (243,0) width 47: " (#77b)"
        RenderListItem {LI} at (40,1914) size 728x22
          RenderListMarker at (-18,0) size 7x22: bullet
          RenderInline {A} at (0,0) size 239x22 [color=#0000EE]
            RenderText {#text} at (0,0) size 239x22
              text run at (0,0) width 239: "NEGATED :last-child pseudo-class"
          RenderText {#text} at (239,0) size 38x22
            text run at (239,0) width 38: " (#78)"
        RenderListItem {LI} at (40,1936) size 728x22
          RenderListMarker at (-18,0) size 7x22: bullet
          RenderInline {A} at (0,0) size 239x22 [color=#0000EE]
            RenderText {#text} at (0,0) size 239x22
              text run at (0,0) width 239: "NEGATED :last-child pseudo-class"
          RenderText {#text} at (239,0) size 47x22
            text run at (239,0) width 47: " (#78b)"
        RenderListItem {LI} at (40,1958) size 728x22
          RenderListMarker at (-18,0) size 7x22: bullet
          RenderInline {A} at (0,0) size 257x22 [color=#0000EE]
            RenderText {#text} at (0,0) size 257x22
              text run at (0,0) width 257: "NEGATED :first-of-type pseudo-class"
          RenderText {#text} at (257,0) size 38x22
            text run at (257,0) width 38: " (#79)"
        RenderListItem {LI} at (40,1980) size 728x22
          RenderListMarker at (-18,0) size 7x22: bullet
          RenderInline {A} at (0,0) size 253x22 [color=#0000EE]
            RenderText {#text} at (0,0) size 253x22
              text run at (0,0) width 253: "NEGATED :last-of-type pseudo-class"
          RenderText {#text} at (253,0) size 38x22
            text run at (253,0) width 38: " (#80)"
        RenderListItem {LI} at (40,2002) size 728x22
          RenderListMarker at (-18,0) size 7x22: bullet
          RenderInline {A} at (0,0) size 245x22 [color=#0000EE]
            RenderText {#text} at (0,0) size 245x22
              text run at (0,0) width 245: "NEGATED :only-child pseudo-class"
          RenderText {#text} at (245,0) size 38x22
            text run at (245,0) width 38: " (#81)"
        RenderListItem {LI} at (40,2024) size 728x22
          RenderListMarker at (-18,0) size 7x22: bullet
          RenderInline {A} at (0,0) size 245x22 [color=#0000EE]
            RenderText {#text} at (0,0) size 245x22
              text run at (0,0) width 245: "NEGATED :only-child pseudo-class"
          RenderText {#text} at (245,0) size 47x22
            text run at (245,0) width 47: " (#81b)"
        RenderListItem {LI} at (40,2046) size 728x22
          RenderListMarker at (-18,0) size 7x22: bullet
          RenderInline {A} at (0,0) size 259x22 [color=#0000EE]
            RenderText {#text} at (0,0) size 259x22
              text run at (0,0) width 259: "NEGATED :only-of-type pseudo-class"
          RenderText {#text} at (259,0) size 38x22
            text run at (259,0) width 38: " (#82)"
        RenderListItem {LI} at (40,2068) size 728x22
          RenderListMarker at (-18,0) size 7x22: bullet
          RenderInline {A} at (0,0) size 259x22 [color=#0000EE]
            RenderText {#text} at (0,0) size 259x22
              text run at (0,0) width 259: "NEGATED :only-of-type pseudo-class"
          RenderText {#text} at (259,0) size 47x22
            text run at (259,0) width 47: " (#82b)"
        RenderListItem {LI} at (40,2090) size 728x22
          RenderListMarker at (-18,0) size 7x22: bullet
          RenderInline {A} at (0,0) size 362x22 [color=#0000EE]
            RenderText {#text} at (0,0) size 362x22
              text run at (0,0) width 362: "Negation pseudo-class cannot be an argument of itself"
          RenderText {#text} at (362,0) size 38x22
            text run at (362,0) width 38: " (#83)"
        RenderListItem {LI} at (40,2112) size 728x22
          RenderListMarker at (-18,0) size 7x22: bullet
          RenderInline {A} at (0,0) size 159x22 [color=#0000EE]
            RenderText {#text} at (0,0) size 159x22
              text run at (0,0) width 159: ":contains() pseudo-class"
          RenderText {#text} at (159,0) size 38x22
            text run at (159,0) width 38: " (#84)"
        RenderListItem {LI} at (40,2134) size 728x22
          RenderListMarker at (-18,0) size 7x22: bullet
          RenderInline {A} at (0,0) size 159x22 [color=#0000EE]
            RenderText {#text} at (0,0) size 159x22
              text run at (0,0) width 159: ":contains() pseudo-class"
          RenderText {#text} at (159,0) size 47x22
            text run at (159,0) width 47: " (#84b)"
        RenderListItem {LI} at (40,2156) size 728x22
          RenderListMarker at (-18,0) size 7x22: bullet
          RenderInline {A} at (0,0) size 244x22 [color=#0000EE]
            RenderText {#text} at (0,0) size 244x22
              text run at (0,0) width 244: "NEGATED :contains() pseudo-class"
          RenderText {#text} at (244,0) size 38x22
            text run at (244,0) width 38: " (#85)"
        RenderListItem {LI} at (40,2178) size 728x22
          RenderListMarker at (-18,0) size 7x22: bullet
          RenderInline {A} at (0,0) size 479x22 [color=#0000EE]
            RenderText {#text} at (0,0) size 479x22
              text run at (0,0) width 479: "Nondeterministic matching of direct and indirect adjacent combinators"
          RenderText {#text} at (479,0) size 38x22
            text run at (479,0) width 38: " (#87)"
        RenderListItem {LI} at (40,2200) size 728x22
          RenderListMarker at (-18,0) size 7x22: bullet
          RenderInline {A} at (0,0) size 479x22 [color=#0000EE]
            RenderText {#text} at (0,0) size 479x22
              text run at (0,0) width 479: "Nondeterministic matching of direct and indirect adjacent combinators"
          RenderText {#text} at (479,0) size 47x22
            text run at (479,0) width 47: " (#87b)"
        RenderListItem {LI} at (40,2222) size 728x22
          RenderListMarker at (-18,0) size 7x22: bullet
          RenderInline {A} at (0,0) size 503x22 [color=#0000EE]
            RenderText {#text} at (0,0) size 503x22
              text run at (0,0) width 503: "Nondeterministic matching of descendant and direct adjacent combinators"
          RenderText {#text} at (503,0) size 38x22
            text run at (503,0) width 38: " (#88)"
        RenderListItem {LI} at (40,2244) size 728x22
          RenderListMarker at (-18,0) size 7x22: bullet
          RenderInline {A} at (0,0) size 503x22 [color=#0000EE]
            RenderText {#text} at (0,0) size 503x22
              text run at (0,0) width 503: "Nondeterministic matching of descendant and direct adjacent combinators"
          RenderText {#text} at (503,0) size 47x22
            text run at (503,0) width 47: " (#88b)"
        RenderListItem {LI} at (40,2266) size 728x22
          RenderListMarker at (-18,0) size 7x22: bullet
          RenderInline {A} at (0,0) size 386x22 [color=#0000EE]
            RenderText {#text} at (0,0) size 386x22
              text run at (0,0) width 386: "Simple combination of descendant and child combinators"
          RenderText {#text} at (386,0) size 38x22
            text run at (386,0) width 38: " (#89)"
        RenderListItem {LI} at (40,2288) size 728x22
          RenderListMarker at (-18,0) size 7x22: bullet
          RenderInline {A} at (0,0) size 430x22 [color=#0000EE]
            RenderText {#text} at (0,0) size 430x22
              text run at (0,0) width 430: "Simple combination of direct and indirect adjacent combinators"
          RenderText {#text} at (430,0) size 38x22
            text run at (430,0) width 38: " (#90)"
        RenderListItem {LI} at (40,2310) size 728x22
          RenderListMarker at (-18,0) size 7x22: bullet
          RenderInline {A} at (0,0) size 430x22 [color=#0000EE]
            RenderText {#text} at (0,0) size 430x22
              text run at (0,0) width 430: "Simple combination of direct and indirect adjacent combinators"
          RenderText {#text} at (430,0) size 47x22
            text run at (430,0) width 47: " (#90b)"
        RenderListItem {LI} at (40,2332) size 728x22
          RenderListMarker at (-18,0) size 7x22: bullet
          RenderInline {A} at (0,0) size 305x22 [color=#0000EE]
            RenderText {#text} at (0,0) size 305x22
              text run at (0,0) width 305: "NEGATED :enabled:disabled pseudo-classes"
          RenderText {#text} at (305,0) size 46x22
            text run at (305,0) width 46: " (#144)"
        RenderListItem {LI} at (40,2354) size 728x22
          RenderListMarker at (-18,0) size 7x22: bullet
          RenderInline {A} at (0,0) size 194x22 [color=#0000EE]
            RenderText {#text} at (0,0) size 194x22
              text run at (0,0) width 194: ":empty pseudo-class and text"
          RenderText {#text} at (194,0) size 46x22
            text run at (194,0) width 46: " (#148)"
        RenderListItem {LI} at (40,2376) size 728x22
          RenderListMarker at (-18,0) size 7x22: bullet
          RenderInline {A} at (0,0) size 273x22 [color=#0000EE]
            RenderText {#text} at (0,0) size 273x22
              text run at (0,0) width 273: ":empty pseudo-class and empty elements"
          RenderText {#text} at (273,0) size 46x22
            text run at (273,0) width 46: " (#149)"
        RenderListItem {LI} at (40,2398) size 728x22
          RenderListMarker at (-18,0) size 7x22: bullet
          RenderInline {A} at (0,0) size 273x22 [color=#0000EE]
            RenderText {#text} at (0,0) size 273x22
              text run at (0,0) width 273: ":empty pseudo-class and empty elements"
          RenderText {#text} at (273,0) size 55x22
            text run at (273,0) width 55: " (#149b)"
        RenderListItem {LI} at (40,2420) size 728x22
          RenderListMarker at (-18,0) size 7x22: bullet
          RenderInline {A} at (0,0) size 243x22 [color=#0000EE]
            RenderText {#text} at (0,0) size 243x22
              text run at (0,0) width 243: ":empty pseudo-class and whitespace"
          RenderText {#text} at (243,0) size 46x22
            text run at (243,0) width 46: " (#151)"
        RenderListItem {LI} at (40,2442) size 728x22
          RenderListMarker at (-18,0) size 7x22: bullet
          RenderInline {A} at (0,0) size 227x22 [color=#0000EE]
            RenderText {#text} at (0,0) size 227x22
              text run at (0,0) width 227: ":empty pseudo-class and elements"
          RenderText {#text} at (227,0) size 46x22
            text run at (227,0) width 46: " (#152)"
        RenderListItem {LI} at (40,2464) size 728x22
          RenderListMarker at (-18,0) size 7x22: bullet
          RenderInline {A} at (0,0) size 132x22 [color=#0000EE]
            RenderText {#text} at (0,0) size 132x22
              text run at (0,0) width 132: "Syntax and parsing"
          RenderText {#text} at (132,0) size 46x22
            text run at (132,0) width 46: " (#154)"
        RenderListItem {LI} at (40,2486) size 728x22
          RenderListMarker at (-18,0) size 7x22: bullet
          RenderInline {A} at (0,0) size 132x22 [color=#0000EE]
            RenderText {#text} at (0,0) size 132x22
              text run at (0,0) width 132: "Syntax and parsing"
          RenderText {#text} at (132,0) size 46x22
            text run at (132,0) width 46: " (#155)"
        RenderListItem {LI} at (40,2508) size 728x22
          RenderListMarker at (-18,0) size 7x22: bullet
          RenderInline {A} at (0,0) size 132x22 [color=#0000EE]
            RenderText {#text} at (0,0) size 132x22
              text run at (0,0) width 132: "Syntax and parsing"
          RenderText {#text} at (132,0) size 54x22
            text run at (132,0) width 54: " (#155a)"
        RenderListItem {LI} at (40,2530) size 728x22
          RenderListMarker at (-18,0) size 7x22: bullet
          RenderInline {A} at (0,0) size 132x22 [color=#0000EE]
            RenderText {#text} at (0,0) size 132x22
              text run at (0,0) width 132: "Syntax and parsing"
          RenderText {#text} at (132,0) size 55x22
            text run at (132,0) width 55: " (#155b)"
        RenderListItem {LI} at (40,2552) size 728x22
          RenderListMarker at (-18,0) size 7x22: bullet
          RenderInline {A} at (0,0) size 132x22 [color=#0000EE]
            RenderText {#text} at (0,0) size 132x22
              text run at (0,0) width 132: "Syntax and parsing"
          RenderText {#text} at (132,0) size 53x22
            text run at (132,0) width 53: " (#155c)"
        RenderListItem {LI} at (40,2574) size 728x22
          RenderListMarker at (-18,0) size 7x22: bullet
          RenderInline {A} at (0,0) size 132x22 [color=#0000EE]
            RenderText {#text} at (0,0) size 132x22
              text run at (0,0) width 132: "Syntax and parsing"
          RenderText {#text} at (132,0) size 55x22
            text run at (132,0) width 55: " (#155d)"
        RenderListItem {LI} at (40,2596) size 728x22
          RenderListMarker at (-18,0) size 7x22: bullet
          RenderInline {A} at (0,0) size 132x22 [color=#0000EE]
            RenderText {#text} at (0,0) size 132x22
              text run at (0,0) width 132: "Syntax and parsing"
          RenderText {#text} at (132,0) size 46x22
            text run at (132,0) width 46: " (#156)"
        RenderListItem {LI} at (40,2618) size 728x22
          RenderListMarker at (-18,0) size 7x22: bullet
          RenderInline {A} at (0,0) size 132x22 [color=#0000EE]
            RenderText {#text} at (0,0) size 132x22
              text run at (0,0) width 132: "Syntax and parsing"
          RenderText {#text} at (132,0) size 55x22
            text run at (132,0) width 55: " (#156b)"
        RenderListItem {LI} at (40,2640) size 728x22
          RenderListMarker at (-18,0) size 7x22: bullet
          RenderInline {A} at (0,0) size 132x22 [color=#0000EE]
            RenderText {#text} at (0,0) size 132x22
              text run at (0,0) width 132: "Syntax and parsing"
          RenderText {#text} at (132,0) size 53x22
            text run at (132,0) width 53: " (#156c)"
        RenderListItem {LI} at (40,2662) size 728x22
          RenderListMarker at (-18,0) size 7x22: bullet
          RenderInline {A} at (0,0) size 132x22 [color=#0000EE]
            RenderText {#text} at (0,0) size 132x22
              text run at (0,0) width 132: "Syntax and parsing"
          RenderText {#text} at (132,0) size 46x22
            text run at (132,0) width 46: " (#157)"
        RenderListItem {LI} at (40,2684) size 728x22
          RenderListMarker at (-18,0) size 7x22: bullet
          RenderInline {A} at (0,0) size 132x22 [color=#0000EE]
            RenderText {#text} at (0,0) size 132x22
              text run at (0,0) width 132: "Syntax and parsing"
          RenderText {#text} at (132,0) size 46x22
            text run at (132,0) width 46: " (#158)"
        RenderListItem {LI} at (40,2706) size 728x22
          RenderListMarker at (-18,0) size 7x22: bullet
          RenderInline {A} at (0,0) size 296x22 [color=#0000EE]
            RenderText {#text} at (0,0) size 296x22
              text run at (0,0) width 296: "Syntax and parsing of new pseudo-elements"
          RenderText {#text} at (296,0) size 46x22
            text run at (296,0) width 46: " (#159)"
        RenderListItem {LI} at (40,2728) size 728x22
          RenderListMarker at (-18,0) size 7x22: bullet
          RenderInline {A} at (0,0) size 319x22 [color=#0000EE]
            RenderText {#text} at (0,0) size 319x22
              text run at (0,0) width 319: "Syntax and parsing of unknown psuedo-classes"
          RenderText {#text} at (319,0) size 46x22
            text run at (319,0) width 46: " (#160)"
        RenderListItem {LI} at (40,2750) size 728x22
          RenderListMarker at (-18,0) size 7x22: bullet
          RenderInline {A} at (0,0) size 464x22 [color=#0000EE]
            RenderText {#text} at (0,0) size 464x22
              text run at (0,0) width 464: "Syntax and parsing of unknown psuedo-classes and pseudo-elements"
          RenderText {#text} at (464,0) size 46x22
            text run at (464,0) width 46: " (#161)"
        RenderListItem {LI} at (40,2772) size 728x22
          RenderListMarker at (-18,0) size 7x22: bullet
          RenderInline {A} at (0,0) size 146x22 [color=#0000EE]
            RenderText {#text} at (0,0) size 146x22
              text run at (0,0) width 146: "Contextual ::selection"
          RenderText {#text} at (146,0) size 46x22
            text run at (146,0) width 46: " (#162)"
        RenderListItem {LI} at (40,2794) size 728x22
          RenderListMarker at (-18,0) size 7x22: bullet
          RenderInline {A} at (0,0) size 140x22 [color=#0000EE]
            RenderText {#text} at (0,0) size 140x22
              text run at (0,0) width 140: "Contextual :contains"
          RenderText {#text} at (140,0) size 46x22
            text run at (140,0) width 46: " (#163)"
        RenderListItem {LI} at (40,2816) size 728x22
          RenderListMarker at (-18,0) size 7x22: bullet
          RenderInline {A} at (0,0) size 145x22 [color=#0000EE]
            RenderText {#text} at (0,0) size 145x22
              text run at (0,0) width 145: ":focus with ::selection"
          RenderText {#text} at (145,0) size 46x22
            text run at (145,0) width 46: " (#164)"
        RenderListItem {LI} at (40,2838) size 728x22
          RenderListMarker at (-18,0) size 7x22: bullet
          RenderInline {A} at (0,0) size 149x22 [color=#0000EE]
            RenderText {#text} at (0,0) size 149x22
              text run at (0,0) width 149: ":hover with ::selection"
          RenderText {#text} at (149,0) size 46x22
            text run at (149,0) width 46: " (#165)"
        RenderListItem {LI} at (40,2860) size 728x22
          RenderListMarker at (-18,0) size 7x22: bullet
          RenderInline {A} at (0,0) size 187x22 [color=#0000EE]
            RenderText {#text} at (0,0) size 187x22
              text run at (0,0) width 187: ":first-letter with ::first-letter"
          RenderText {#text} at (187,0) size 46x22
            text run at (187,0) width 46: " (#166)"
        RenderListItem {LI} at (40,2882) size 728x22
          RenderListMarker at (-18,0) size 7x22: bullet
          RenderInline {A} at (0,0) size 187x22 [color=#0000EE]
            RenderText {#text} at (0,0) size 187x22
              text run at (0,0) width 187: ":first-letter with ::first-letter"
          RenderText {#text} at (187,0) size 54x22
            text run at (187,0) width 54: " (#166a)"
        RenderListItem {LI} at (40,2904) size 728x22
          RenderListMarker at (-18,0) size 7x22: bullet
          RenderInline {A} at (0,0) size 165x22 [color=#0000EE]
            RenderText {#text} at (0,0) size 165x22
              text run at (0,0) width 165: ":first-line with ::first-line"
          RenderText {#text} at (165,0) size 46x22
            text run at (165,0) width 46: " (#167)"
        RenderListItem {LI} at (40,2926) size 728x22
          RenderListMarker at (-18,0) size 7x22: bullet
          RenderInline {A} at (0,0) size 165x22 [color=#0000EE]
            RenderText {#text} at (0,0) size 165x22
              text run at (0,0) width 165: ":first-line with ::first-line"
          RenderText {#text} at (165,0) size 54x22
            text run at (165,0) width 54: " (#167a)"
        RenderListItem {LI} at (40,2948) size 728x22
          RenderListMarker at (-18,0) size 7x22: bullet
          RenderInline {A} at (0,0) size 139x22 [color=#0000EE]
            RenderText {#text} at (0,0) size 139x22
              text run at (0,0) width 139: ":before with ::before"
          RenderText {#text} at (139,0) size 46x22
            text run at (139,0) width 46: " (#168)"
        RenderListItem {LI} at (40,2970) size 728x22
          RenderListMarker at (-18,0) size 7x22: bullet
          RenderInline {A} at (0,0) size 139x22 [color=#0000EE]
            RenderText {#text} at (0,0) size 139x22
              text run at (0,0) width 139: ":before with ::before"
          RenderText {#text} at (139,0) size 54x22
            text run at (139,0) width 54: " (#168a)"
        RenderListItem {LI} at (40,2992) size 728x22
          RenderListMarker at (-18,0) size 7x22: bullet
          RenderInline {A} at (0,0) size 117x22 [color=#0000EE]
            RenderText {#text} at (0,0) size 117x22
              text run at (0,0) width 117: ":after with ::after"
          RenderText {#text} at (117,0) size 46x22
            text run at (117,0) width 46: " (#169)"
        RenderListItem {LI} at (40,3014) size 728x22
          RenderListMarker at (-18,0) size 7x22: bullet
          RenderInline {A} at (0,0) size 117x22 [color=#0000EE]
            RenderText {#text} at (0,0) size 117x22
              text run at (0,0) width 117: ":after with ::after"
          RenderText {#text} at (117,0) size 54x22
            text run at (117,0) width 54: " (#169a)"
        RenderListItem {LI} at (40,3036) size 728x22
          RenderListMarker at (-18,0) size 7x22: bullet
          RenderInline {A} at (0,0) size 161x22 [color=#0000EE]
            RenderText {#text} at (0,0) size 161x22
              text run at (0,0) width 161: "Long chains of selectors"
          RenderText {#text} at (161,0) size 46x22
            text run at (161,0) width 46: " (#170)"
        RenderListItem {LI} at (40,3058) size 728x22
          RenderListMarker at (-18,0) size 7x22: bullet
          RenderInline {A} at (0,0) size 161x22 [color=#0000EE]
            RenderText {#text} at (0,0) size 161x22
              text run at (0,0) width 161: "Long chains of selectors"
          RenderText {#text} at (161,0) size 54x22
            text run at (161,0) width 54: " (#170a)"
        RenderListItem {LI} at (40,3080) size 728x22
          RenderListMarker at (-18,0) size 7x22: bullet
          RenderInline {A} at (0,0) size 161x22 [color=#0000EE]
            RenderText {#text} at (0,0) size 161x22
              text run at (0,0) width 161: "Long chains of selectors"
          RenderText {#text} at (161,0) size 55x22
            text run at (161,0) width 55: " (#170b)"
        RenderListItem {LI} at (40,3102) size 728x22
          RenderListMarker at (-18,0) size 7x22: bullet
          RenderInline {A} at (0,0) size 161x22 [color=#0000EE]
            RenderText {#text} at (0,0) size 161x22
              text run at (0,0) width 161: "Long chains of selectors"
          RenderText {#text} at (161,0) size 53x22
            text run at (161,0) width 53: " (#170c)"
        RenderListItem {LI} at (40,3124) size 728x22
          RenderListMarker at (-18,0) size 7x22: bullet
          RenderInline {A} at (0,0) size 161x22 [color=#0000EE]
            RenderText {#text} at (0,0) size 161x22
              text run at (0,0) width 161: "Long chains of selectors"
          RenderText {#text} at (161,0) size 55x22
            text run at (161,0) width 55: " (#170d)"
        RenderListItem {LI} at (40,3146) size 728x22
          RenderListMarker at (-18,0) size 7x22: bullet
          RenderInline {A} at (0,0) size 189x22 [color=#0000EE]
            RenderText {#text} at (0,0) size 189x22
              text run at (0,0) width 189: "Parsing: Numbers in classes"
          RenderText {#text} at (189,0) size 54x22
            text run at (189,0) width 54: " (#175a)"
        RenderListItem {LI} at (40,3168) size 728x22
          RenderListMarker at (-18,0) size 7x22: bullet
          RenderInline {A} at (0,0) size 189x22 [color=#0000EE]
            RenderText {#text} at (0,0) size 189x22
              text run at (0,0) width 189: "Parsing: Numbers in classes"
          RenderText {#text} at (189,0) size 55x22
            text run at (189,0) width 55: " (#175b)"
        RenderListItem {LI} at (40,3190) size 728x22
          RenderListMarker at (-18,0) size 7x22: bullet
          RenderInline {A} at (0,0) size 189x22 [color=#0000EE]
            RenderText {#text} at (0,0) size 189x22
              text run at (0,0) width 189: "Parsing: Numbers in classes"
          RenderText {#text} at (189,0) size 53x22
            text run at (189,0) width 53: " (#175c)"
        RenderListItem {LI} at (40,3212) size 728x22
          RenderListMarker at (-18,0) size 7x22: bullet
          RenderInline {A} at (0,0) size 278x22 [color=#0000EE]
            RenderText {#text} at (0,0) size 278x22
              text run at (0,0) width 278: "NEGATED Dynamic handling of :empty"
          RenderText {#text} at (278,0) size 39x22
            text run at (278,0) width 39: " (#d1)"
        RenderListItem {LI} at (40,3234) size 728x22
          RenderListMarker at (-18,0) size 7x22: bullet
          RenderInline {A} at (0,0) size 278x22 [color=#0000EE]
            RenderText {#text} at (0,0) size 278x22
              text run at (0,0) width 278: "NEGATED Dynamic handling of :empty"
          RenderText {#text} at (278,0) size 48x22
            text run at (278,0) width 48: " (#d1b)"
        RenderListItem {LI} at (40,3256) size 728x22
          RenderListMarker at (-18,0) size 7x22: bullet
          RenderInline {A} at (0,0) size 230x22 [color=#0000EE]
            RenderText {#text} at (0,0) size 230x22
              text run at (0,0) width 230: "Dynamic handling of combinators"
          RenderText {#text} at (230,0) size 39x22
            text run at (230,0) width 39: " (#d2)"
        RenderListItem {LI} at (40,3278) size 728x22
          RenderListMarker at (-18,0) size 7x22: bullet
          RenderInline {A} at (0,0) size 317x22 [color=#0000EE]
            RenderText {#text} at (0,0) size 317x22
              text run at (0,0) width 317: "Dynamic updating of :first-child and :last-child"
          RenderText {#text} at (317,0) size 39x22
            text run at (317,0) width 39: " (#d4)"
        RenderListItem {LI} at (40,3300) size 728x22
          RenderListMarker at (-18,0) size 7x22: bullet
          RenderInline {A} at (0,0) size 99x22 [color=#0000EE]
            RenderText {#text} at (0,0) size 99x22
              text run at (0,0) width 99: ":indeterminate"
          RenderText {#text} at (99,0) size 39x22
            text run at (99,0) width 39: " (#d5)"
        RenderListItem {LI} at (40,3322) size 728x22
          RenderListMarker at (-18,0) size 7x22: bullet
          RenderInline {A} at (0,0) size 193x22 [color=#0000EE]
            RenderText {#text} at (0,0) size 193x22
              text run at (0,0) width 193: ":indeterminate and :checked"
          RenderText {#text} at (193,0) size 47x22
            text run at (193,0) width 47: " (#d5a)"
        RenderListItem {LI} at (40,3344) size 728x22
          RenderListMarker at (-18,0) size 7x22: bullet
          RenderInline {A} at (0,0) size 278x22 [color=#0000EE]
            RenderText {#text} at (0,0) size 278x22
              text run at (0,0) width 278: "NEGATED :indeterminate and :checked"
          RenderText {#text} at (278,0) size 48x22
            text run at (278,0) width 48: " (#d5b)"
        RenderListItem {LI} at (40,3366) size 728x22
          RenderListMarker at (-18,0) size 7x22: bullet
          RenderInline {A} at (0,0) size 193x22 [color=#0000EE]
            RenderText {#text} at (0,0) size 193x22
              text run at (0,0) width 193: ":indeterminate and :checked"
          RenderText {#text} at (193,0) size 46x22
            text run at (193,0) width 46: " (#d5c)"
        RenderListItem {LI} at (40,3388) size 728x22
          RenderListMarker at (-18,0) size 7x22: bullet
          RenderInline {A} at (0,0) size 197x22 [color=#0000EE]
            RenderText {#text} at (0,0) size 197x22
              text run at (0,0) width 197: ":indeterminate with :checked"
          RenderText {#text} at (197,0) size 48x22
            text run at (197,0) width 48: " (#d5d)"
        RenderListItem {LI} at (40,3410) size 728x22
          RenderListMarker at (-18,0) size 7x22: bullet
          RenderInline {A} at (0,0) size 282x22 [color=#0000EE]
            RenderText {#text} at (0,0) size 282x22
              text run at (0,0) width 282: "NEGATED :indeterminate with :checked"
          RenderText {#text} at (282,0) size 46x22
            text run at (282,0) width 46: " (#d5e)"
      RenderBlock {P} at (0,3955) size 768x22
        RenderText {#text} at (0,0) size 62x22
          text run at (0,0) width 62: "See also: "
        RenderInline {A} at (0,0) size 39x22 [color=#0000EE]
          RenderText {#text} at (62,0) size 39x22
            text run at (62,0) width 39: "Index"
        RenderText {#text} at (101,0) size 8x22
          text run at (101,0) width 8: ", "
        RenderInline {A} at (0,0) size 61x22 [color=#0000EE]
          RenderText {#text} at (109,0) size 61x22
            text run at (109,0) width 61: "XHTML"
        RenderText {#text} at (170,0) size 8x22
          text run at (170,0) width 8: ", "
        RenderInline {A} at (0,0) size 38x22 [color=#0000EE]
          RenderText {#text} at (178,0) size 38x22
            text run at (178,0) width 38: "XML"
