layer at (0,0) size 800x600
  RenderView at (0,0) size 800x600
layer at (0,0) size 800x92
  RenderBlock {html} at (0,0) size 800x92
    RenderBlock {div} at (0,16) size 800x60
      RenderBlock {p} at (0,0) size 800x22 [bgcolor=#008000]
        RenderText {#text} at (0,0) size 288x22
          text run at (0,0) width 288: "This line should have a green background."
      RenderBlock {p} at (0,38) size 800x22 [bgcolor=#0000FF]
        RenderText {#text} at (0,0) size 327x22
          text run at (0,0) width 327: "This line should NOT have a green background."
