layer at (0,0) size 800x600
  RenderView at (0,0) size 800x600
layer at (0,0) size 800x600
  RenderBlock {HTML} at (0,0) size 800x600
    RenderBody {BODY} at (8,8) size 784x584
      RenderBlock {DIV} at (0,0) size 784x22
        RenderBlock {DIV} at (0,0) size 784x22
          RenderBlock {DIV} at (0,0) size 784x22
            RenderBlock {DIV} at (0,0) size 784x22 [color=#008000]
              RenderText {#text} at (0,0) size 174x22
                text run at (0,0) width 174: "This text should be green."
      RenderBlock {DIV} at (0,22) size 784x0
      RenderBlock {DIV} at (0,22) size 784x0
      RenderBlock {DIV} at (0,22) size 784x0
      RenderBlock {DIV} at (0,22) size 784x22 [color=#008000]
        RenderText {#text} at (0,0) size 204x22
          text run at (0,0) width 204: "This text should also be green."
