layer at (0,0) size 800x600
  RenderView at (0,0) size 800x600
layer at (0,0) size 800x600
  RenderBlock {HTML} at (0,0) size 800x600
    RenderBody {BODY} at (8,8) size 784x576
      RenderBlock {P} at (0,0) size 784x22
        RenderInline (generated) at (0,0) size 57x22
          RenderInline (generated) at (0,0) size 9x22 [color=#FFD800]
            RenderText at (0,0) size 9x22
              text run at (0,0) width 9: "S"
          RenderText at (9,0) size 48x22
            text run at (9,0) width 48: "pecial: "
        RenderText {#text} at (57,0) size 633x22
          text run at (57,0) width 235: "The \"S\" to the left should be gold. "
          text run at (292,0) width 398: "This is testing :before used in conjunction with :first-letter. "
        RenderInline (generated) at (0,0) size 70x22
          RenderText at (690,0) size 70x22
            text run at (690,0) width 70: "[The End]"
