layer at (0,0) size 800x600
  RenderView at (0,0) size 800x600
layer at (0,0) size 800x54
  RenderBlock {HTML} at (0,0) size 800x54
    RenderBody {BODY} at (8,16) size 784x22 [color=#FF0000]
      RenderBlock {P} at (0,0) size 784x22 [color=#008000]
        RenderInline (generated) at (0,0) size 174x22
          RenderText at (0,0) size 174x22
            text run at (0,0) width 174: "This text should be green."
