layer at (0,0) size 800x600
  RenderView at (0,0) size 800x600
layer at (0,0) size 800x600
  RenderBlock {HTML} at (0,0) size 800x600
    RenderBody {BODY} at (8,8) size 784x584
      RenderBlock (anonymous) at (0,0) size 784x22
        RenderInline {Q} at (0,0) size 173x22
          RenderInline (generated) at (0,0) size 9x22
            RenderQuote at (0,0) size 9x22
              text run at (0,0) width 9: "\""
          RenderText {#text} at (9,0) size 164x22
            text run at (9,0) width 164: "Quotes should surround"
      RenderBlock (anonymous) at (0,38) size 784x0
        RenderBlock {P} at (0,0) size 784x0
      RenderBlock (anonymous) at (0,38) size 784x22
        RenderInline {Q} at (0,0) size 66x22
          RenderText {#text} at (0,0) size 57x22
            text run at (0,0) width 57: "this text."
          RenderInline (generated) at (0,0) size 9x22
            RenderQuote at (57,0) size 9x22
              text run at (57,0) width 9: "\""
        RenderText {#text} at (0,0) size 0x0
