layer at (0,0) size 800x600
  RenderView at (0,0) size 800x600
layer at (0,0) size 800x600
  RenderBlock {HTML} at (0,0) size 800x600
    RenderBody {BODY} at (8,8) size 784x584
      RenderBlock {P} at (0,0) size 784x22
        RenderText {#text} at (0,0) size 69x22
          text run at (0,0) width 69: "All of this "
        RenderInline {SPAN} at (0,0) size 94x22
          RenderText {#text} at (69,0) size 94x22
            text run at (69,0) width 94: "text should be"
        RenderText {#text} at (163,0) size 46x22
          text run at (163,0) width 46: " green."
      RenderBlock {UL} at (0,38) size 784x22
        RenderListItem {LI} at (40,0) size 744x22
          RenderListMarker at (-18,0) size 7x22: bullet
          RenderText {#text} at (0,0) size 396x22
            text run at (0,0) width 396: "All of this text should be green. The bullet should be black."
      RenderBlock {DIV} at (0,76) size 784x64 [color=#FF0000]
        RenderInline {SPAN} at (0,0) size 458x22 [color=#008000]
          RenderInline (generated) at (0,0) size 35x64
            RenderText {#text} at (0,0) size 35x64
              text run at (0,0) width 35: "A"
          RenderText {#text} at (35,31) size 423x22
            text run at (35,31) width 423: "ll of this text should be green, including the big \"A\" first-letter."
      RenderBlock {P} at (0,156) size 784x0
      RenderBlock {DIV} at (0,156) size 784x22
        RenderBlock {DIV} at (0,0) size 174x22 [color=#FF0000]
          RenderText {#text} at (0,0) size 174x22
            text run at (0,0) width 174: "This text should be green."
