layer at (0,0) size 800x600
  RenderView at (0,0) size 800x600
layer at (0,0) size 800x38
  RenderBlock {HTML} at (0,0) size 800x38
    RenderBody {BODY} at (8,8) size 784x22
      RenderInline {A} at (0,0) size 124x22 [color=#0000EE]
        RenderInline (generated) at (0,0) size 10x22
          RenderImage at (0,6) size 10x10
        RenderText {#text} at (10,0) size 114x22
          text run at (10,0) width 114: "What's going on."
      RenderText {#text} at (0,0) size 0x0
