layer at (0,0) size 800x600
  RenderView at (0,0) size 800x600
layer at (0,0) size 800x600
  RenderBlock {HTML} at (0,0) size 800x600
    RenderBody {BODY} at (8,8) size 784x584
      RenderBlock {H1} at (0,0) size 784x42
        RenderInline (generated) at (0,0) size 207x42
          RenderText at (0,0) size 207x42
            text run at (0,0) width 207: "First Chapter: "
        RenderText {#text} at (207,0) size 105x42
          text run at (207,0) width 105: "TEST 1"
      RenderBlock (anonymous) at (0,63) size 784x22
        RenderText {#text} at (0,0) size 266x22
          text run at (0,0) width 266: "Should read: \"First Chapter: TEST 1\""
      RenderBlock {H2} at (0,104) size 784x33
        RenderInline (generated) at (0,0) size 99x33
          RenderText at (0,0) size 99x33
            text run at (0,0) width 99: "Chapter: "
        RenderText {#text} at (99,0) size 79x33
          text run at (99,0) width 79: "TEST 2"
      RenderBlock (anonymous) at (0,156) size 784x22
        RenderText {#text} at (0,0) size 230x22
          text run at (0,0) width 230: "Should read: \"Chapter: TEST 2\""
      RenderBlock {H3} at (0,196) size 784x26
        RenderInline (generated) at (0,0) size 118x26
          RenderText at (0,0) size 118x26
            text run at (0,0) width 118: "Chapter One: "
        RenderText {#text} at (118,0) size 65x26
          text run at (118,0) width 65: "TEST 3"
      RenderBlock (anonymous) at (0,240) size 784x22
        RenderText {#text} at (0,0) size 262x22
          text run at (0,0) width 262: "Should read: \"Chapter One: TEST 3\""
      RenderBlock {H4} at (0,283) size 784x22
        RenderInline (generated) at (0,0) size 66x22
          RenderText at (0,0) size 66x22
            text run at (0,0) width 66: "Chapter: "
        RenderText {#text} at (66,0) size 54x22
          text run at (66,0) width 54: "TEST 4"
      RenderBlock (anonymous) at (0,326) size 784x22
        RenderText {#text} at (0,0) size 230x22
          text run at (0,0) width 230: "Should read: \"Chapter: TEST 4\""
