layer at (0,0) size 800x600
  RenderView at (0,0) size 800x600
layer at (0,0) size 800x262
  RenderBlock {HTML} at (0,0) size 800x262
    RenderBody {BODY} at (8,16) size 784x230
      RenderBlock {P} at (0,0) size 784x22
        RenderText {#text} at (0,0) size 494x22
          text run at (0,0) width 494: "Each link below should display the text \"n(href=n)\" where n is a number"
      RenderBlock {P} at (0,38) size 784x22
        RenderText {#text} at (0,0) size 348x22
          text run at (0,0) width 348: "The href attribute of the last one is changed onload."
      RenderBlock {HR} at (0,76) size 784x2 [border: (1px inset #000000)]
      RenderBlock {P} at (0,94) size 784x22
        RenderInline {A} at (0,0) size 63x22 [color=#0000EE]
          RenderText {#text} at (0,0) size 8x22
            text run at (0,0) width 8: "1"
          RenderInline (generated) at (0,0) size 55x22
            RenderText at (8,0) size 55x22
              text run at (8,0) width 55: "(href=1)"
      RenderBlock {P} at (0,132) size 784x22
        RenderInline {A} at (0,0) size 63x22 [color=#0000EE]
          RenderText {#text} at (0,0) size 8x22
            text run at (0,0) width 8: "2"
          RenderInline (generated) at (0,0) size 55x22
            RenderText at (8,0) size 55x22
              text run at (8,0) width 55: "(href=2)"
      RenderBlock {P} at (0,170) size 784x22
        RenderInline {A} at (0,0) size 63x22 [color=#0000EE]
          RenderText {#text} at (0,0) size 8x22
            text run at (0,0) width 8: "3"
          RenderInline (generated) at (0,0) size 55x22
            RenderText at (8,0) size 55x22
              text run at (8,0) width 55: "(href=3)"
      RenderBlock {P} at (0,208) size 784x22
        RenderInline {A} at (0,0) size 63x22 [color=#0000EE]
          RenderText {#text} at (0,0) size 8x22
            text run at (0,0) width 8: "4"
          RenderInline (generated) at (0,0) size 55x22
            RenderText at (8,0) size 55x22
              text run at (8,0) width 55: "(href=4)"
