layer at (0,0) size 800x600
  RenderView at (0,0) size 800x600
layer at (0,0) size 800x236
  RenderBlock {HTML} at (0,0) size 800x236
    RenderBody {BODY} at (8,8) size 784x212
      RenderBlock {DIV} at (0,0) size 784x22
        RenderText {#text} at (0,0) size 87x22
          text run at (0,0) width 87: "This is a test "
        RenderInline (generated) at (0,0) size 194x22
          RenderText at (87,0) size 194x22
            text run at (87,0) width 194: "and generated hover content"
      RenderBlock {HR} at (0,30) size 784x2 [border: (1px inset #000000)]
      RenderBlock {P} at (0,48) size 784x44
        RenderText {#text} at (0,0) size 57x22
          text run at (0,0) width 57: "Test for "
        RenderInline {I} at (0,0) size 754x44
          RenderInline {A} at (0,0) size 352x22 [color=#0000EE]
            RenderText {#text} at (57,0) size 352x22
              text run at (57,0) width 352: "http://bugzilla.opendarwin.org/show_bug.cgi?id=6431"
          RenderText {#text} at (409,0) size 754x44
            text run at (409,0) width 4: " "
            text run at (413,0) width 341: "REGRESSION: style change where :hover changes"
            text run at (0,22) width 207: "only an :after style doesn't work"
        RenderText {#text} at (207,22) size 4x22
          text run at (207,22) width 4: "."
      RenderBlock {P} at (0,108) size 784x44
        RenderText {#text} at (0,0) size 758x44
          text run at (0,0) width 547: "The line at the top of the page should read \x{201C}This is a test and generated content\x{201D} "
          text run at (547,0) width 211: "or \x{201C}This is a test and generated"
          text run at (0,22) width 288: "hover content\x{201D} depending on whether it is "
          text run at (288,22) width 59: "hovered."
      RenderBlock {P} at (0,168) size 784x44
        RenderText {#text} at (0,0) size 759x44
          text run at (0,0) width 759: "To reproduce the bug outside of DumpRenderTree, mouse over the div several times, and the style change won't"
          text run at (0,22) width 125: "update every time "
          text run at (125,22) width 90: "like it should."
caret: position 3 of child 0 {#text} of child 1 {DIV} of body
