layer at (0,0) size 800x600
  RenderView at (0,0) size 800x600
layer at (0,0) size 800x600
  RenderBlock {HTML} at (0,0) size 800x600
    RenderBody {BODY} at (8,8) size 784x578
      RenderBlock {P} at (0,0) size 784x40
        RenderText {#text} at (0,0) size 124x19
          text run at (0,0) width 124: "Regression test for "
        RenderInline {I} at (0,0) size 646x39
          RenderInline {A} at (0,0) size 294x19 [color=#0000EE]
            RenderText {#text} at (124,0) size 294x19
              text run at (124,0) width 294: "http://bugs.webkit.org/show_bug.cgi?id=11505"
          RenderText {#text} at (418,0) size 646x39
            text run at (418,0) width 4: " "
            text run at (422,0) width 224: "REGRESSION: Null pointer deref in"
            text run at (0,20) width 438: "HitTestResult::spellingToolTip() (assertion failure in Node::document)"
        RenderText {#text} at (438,20) size 4x19
          text run at (438,20) width 4: "."
      RenderBlock {P} at (0,54) size 784x19
        RenderText {#text} at (0,0) size 179x19
          text run at (0,0) width 179: "No assert means test PASS."
layer at (0,100) size 60x60
  RenderBlock (positioned) at (0,100) size 60x60 [border: (5px solid #000000)]
    RenderText at (0,0) size 0x0
