layer at (0,0) size 800x600
  RenderView at (0,0) size 800x600
layer at (0,0) size 800x600
  RenderBlock {HTML} at (0,0) size 800x600
    RenderBody {BODY} at (8,8) size 784x584 [color=#FF0000]
      RenderBlock {P} at (0,0) size 784x21
        RenderText {#text} at (0,0) size 391x21
          text run at (0,0) width 391: "Should say \x{201C}BEFORE CONTENT AFTER CONTENT\x{201D}"
      RenderTable {DIV} at (0,37) size 81x63
        RenderTableSection (anonymous) at (0,0) size 81x63 [color=#000000]
          RenderTableRow (anonymous) at (0,0) size 81x63
            RenderTableCell (anonymous) at (0,0) size 81x63 [r=0 c=0 rs=1 cs=1]
              RenderBlock (anonymous) at (0,0) size 81x21
                RenderInline (generated) at (0,0) size 67x21 [color=#FF0000]
                  RenderText at (0,0) size 67x21
                    text run at (0,0) width 67: "BEFORE"
              RenderBlock {DIV} at (0,21) size 81x21 [color=#FF0000]
                RenderText {#text} at (0,0) size 81x21
                  text run at (0,0) width 81: "CONTENT"
              RenderBlock (anonymous) at (0,42) size 81x21
                RenderInline (generated) at (0,0) size 56x21 [color=#FF0000]
                  RenderText at (0,0) size 56x21
                    text run at (0,0) width 56: "AFTER"
      RenderBlock (anonymous) at (0,100) size 784x21
        RenderText {#text} at (0,0) size 81x21
          text run at (0,0) width 81: "CONTENT"
        RenderText {#text} at (0,0) size 0x0
