layer at (0,0) size 800x600
  RenderView at (0,0) size 800x600
layer at (0,0) size 800x600
  RenderBlock {HTML} at (0,0) size 800x600
    RenderBody {BODY} at (8,8) size 784x576
      RenderBlock (anonymous) at (0,0) size 784x22
        RenderInline {SPAN} at (0,0) size 234x22
          RenderText {#text} at (0,0) size 234x22
            text run at (0,0) width 234: "This test passes if it does not crash."
        RenderText {#text} at (234,0) size 4x22
          text run at (234,0) width 4: " "
        RenderBR {BR} at (238,16) size 0x0
      RenderBlock {UL} at (0,38) size 784x66
        RenderListItem {LI} at (40,0) size 744x66
          RenderBlock (anonymous) at (0,0) size 744x22
            RenderListMarker at (-18,0) size 7x22: bullet
          RenderTable at (0,22) size 32x22
            RenderTableSection (anonymous) at (0,0) size 32x22
              RenderTableRow (anonymous) at (0,0) size 32x22
                RenderTableCell (anonymous) at (0,0) size 32x22 [r=0 c=0 rs=1 cs=1]
                  RenderText at (0,0) size 32x22
                    text run at (0,0) width 32: "hello"
          RenderBlock (anonymous) at (0,44) size 744x22
            RenderText {#text} at (0,0) size 23x22
              text run at (0,0) width 23: "test"
