layer at (0,0) size 800x600
  RenderView at (0,0) size 800x600
layer at (0,0) size 800x303
  RenderBlock {HTML} at (0,0) size 800x303
    RenderBody {BODY} at (8,8) size 784x287
      RenderBlock {DIV} at (0,0) size 784x21
        RenderText {#text} at (0,0) size 313x20
          text run at (0,0) width 313: "No font is specified. expected: backslash, actual: \\"
      RenderBlock {DIV} at (0,21) size 784x16
        RenderText {#text} at (0,0) size 366x16
          text run at (0,0) width 366: "Using font \"MS PGothic\". expected: yen sign, actual: \x{A5}"
      RenderBlock {DIV} at (0,37) size 784x32
        RenderText {#text} at (0,0) size 688x32
          text run at (0,0) width 688: "Using font \"MS Gothic\". expected: yen sign,"
          text run at (0,16) width 144: "actual: \x{A5}"
      RenderBlock {DIV} at (0,69) size 784x16
        RenderText {#text} at (0,0) size 375x16
          text run at (0,0) width 375: "Using font \"MS PMincho\". expected: yen sign, actual: \x{A5}"
      RenderBlock {DIV} at (0,85) size 784x32
        RenderText {#text} at (0,0) size 688x32
          text run at (0,0) width 688: "Using font \"MS Mincho\". expected: yen sign,"
          text run at (0,16) width 144: "actual: \x{A5}"
      RenderBlock {DIV} at (0,117) size 784x24
        RenderText {#text} at (0,0) size 388x24
          text run at (0,0) width 388: "Using font \"Meiryo\". expected: yen sign, actual: \x{A5}"
      RenderBlock {DIV} at (0,141) size 784x16
        RenderText {#text} at (0,0) size 381x16
          text run at (0,0) width 381: "Using font \"\x{FF2D}\x{FF33} \x{FF30}\x{30B4}\x{30B7}\x{30C3}\x{30AF}\". expected: yen sign, actual: \x{A5}"
      RenderBlock {DIV} at (0,157) size 784x32
        RenderText {#text} at (0,0) size 784x32
          text run at (0,0) width 784: "Using font \"\x{FF2D}\x{FF33} \x{30B4}\x{30B7}\x{30C3}\x{30AF}\". expected: yen sign, actual:"
          text run at (0,16) width 16: "\x{A5}"
      RenderBlock {DIV} at (0,189) size 784x16
        RenderText {#text} at (0,0) size 367x16
          text run at (0,0) width 367: "Using font \"\x{FF2D}\x{FF33} \x{FF30}\x{660E}\x{671D}\". expected: yen sign, actual: \x{A5}"
      RenderBlock {DIV} at (0,205) size 784x16
        RenderText {#text} at (0,0) size 784x16
          text run at (0,0) width 784: "Using font \"\x{FF2D}\x{FF33} \x{660E}\x{671D}\". expected: yen sign, actual: \x{A5}"
      RenderBlock {DIV} at (0,221) size 784x24
        RenderText {#text} at (0,0) size 400x24
          text run at (0,0) width 400: "Using font \"\x{30E1}\x{30A4}\x{30EA}\x{30AA}\". expected: yen sign, actual: \x{A5}"
      RenderBlock {DIV} at (0,245) size 784x21
        RenderText {#text} at (0,0) size 314x20
          text run at (0,0) width 314: "Using font \"Times\". expected: backslash, actual: \\"
      RenderBlock {DIV} at (0,266) size 784x21
        RenderText {#text} at (0,0) size 316x20
          text run at (0,0) width 316: "Using font \"foobar\". expected: backslash, actual: \\"
