layer at (0,0) size 800x600
  RenderView at (0,0) size 800x600
layer at (0,0) size 800x53
  RenderBlock {HTML} at (0,0) size 800x53
    RenderBody {BODY} at (8,8) size 784x37
      RenderBlock {DIV} at (0,0) size 784x16
        RenderText {#text} at (0,0) size 448x16
          text run at (0,0) width 448: "This should be a yen-sign: \x{A5}"
      RenderBlock {DIV} at (0,16) size 784x21
        RenderText {#text} at (0,0) size 181x20
          text run at (0,0) width 181: "This should be a backslash: \\"
