layer at (0,0) size 781x752
  RenderView at (0,0) size 781x600
layer at (0,0) size 781x752
  RenderBlock {HTML} at (0,0) size 781x752
    RenderBody {BODY} at (8,8) size 765x728
      RenderBlock {P} at (0,0) size 765x20
        RenderText {#text} at (0,0) size 141x20
          text run at (0,0) width 141: "This is to test a fix for "
        RenderInline {A} at (0,0) size 68x20 [color=#0000EE]
          RenderText {#text} at (141,0) size 68x20
            text run at (141,0) width 68: "bug 26660"
        RenderText {#text} at (209,0) size 4x20
          text run at (209,0) width 4: "."
      RenderBlock {P} at (0,744) size 765x0
layer at (8,103) size 252x102
  RenderBlock {DIV} at (0,95) size 252x102 [border: (1px solid #008000)]
    RenderText {#text} at (1,1) size 239x100
      text run at (1,1) width 168: "Straight \x{916}\x{94B}\x{91C}\x{947}\x{902}"
      text run at (1,21) width 188: "\x{92C}\x{941}\x{927}\x{935}\x{93E}\x{930} \x{915}\x{940}"
      text run at (1,41) width 188: "\x{938}\x{941}\x{92C}\x{939} \x{939}\x{94B}\x{928}\x{947}"
      text run at (1,61) width 239: "\x{935}\x{93E}\x{932}\x{93E} \x{92A}\x{942}\x{930}\x{94D}\x{923} 123"
      text run at (1,81) width 22: "abc"
layer at (8,280) size 252x102
  RenderBlock {DIV} at (0,272) size 252x102 [border: (1px solid #008000)]
    RenderText {#text} at (1,1) size 239x100
      text run at (1,1) width 198: "Now rotated \x{916}\x{94B}\x{91C}\x{947}\x{902}"
      text run at (1,21) width 188: "\x{92C}\x{941}\x{927}\x{935}\x{93E}\x{930} \x{915}\x{940}"
      text run at (1,41) width 188: "\x{938}\x{941}\x{92C}\x{939} \x{939}\x{94B}\x{928}\x{947}"
      text run at (1,61) width 239: "\x{935}\x{93E}\x{932}\x{93E} \x{92A}\x{942}\x{930}\x{94D}\x{923} 123"
      text run at (1,81) width 22: "abc"
layer at (8,457) size 252x102
  RenderBlock {DIV} at (0,449) size 252x102 [border: (1px solid #008000)]
    RenderText {#text} at (1,1) size 239x100
      text run at (1,1) width 198: "Now rotated \x{916}\x{94B}\x{91C}\x{947}\x{902}"
      text run at (1,21) width 188: "\x{92C}\x{941}\x{927}\x{935}\x{93E}\x{930} \x{915}\x{940}"
      text run at (1,41) width 188: "\x{938}\x{941}\x{92C}\x{939} \x{939}\x{94B}\x{928}\x{947}"
      text run at (1,61) width 239: "\x{935}\x{93E}\x{932}\x{93E} \x{92A}\x{942}\x{930}\x{94D}\x{923} 123"
      text run at (1,81) width 22: "abc"
layer at (8,634) size 252x102
  RenderBlock {DIV} at (0,626) size 252x102 [border: (1px solid #008000)]
    RenderText {#text} at (1,1) size 239x100
      text run at (1,1) width 198: "Now rotated \x{916}\x{94B}\x{91C}\x{947}\x{902}"
      text run at (1,21) width 188: "\x{92C}\x{941}\x{927}\x{935}\x{93E}\x{930} \x{915}\x{940}"
      text run at (1,41) width 188: "\x{938}\x{941}\x{92C}\x{939} \x{939}\x{94B}\x{928}\x{947}"
      text run at (1,61) width 239: "\x{935}\x{93E}\x{932}\x{93E} \x{92A}\x{942}\x{930}\x{94D}\x{923} 123"
      text run at (1,81) width 22: "abc"
