layer at (0,0) size 800x600
  RenderView at (0,0) size 800x600
layer at (0,0) size 800x52
  RenderBlock {HTML} at (0,0) size 800x52
    RenderBody {BODY} at (8,16) size 784x20
      RenderBlock {P} at (0,0) size 784x20
        RenderText {#text} at (0,0) size 480x19
          text run at (0,0) width 480: "The following two blocks should be identical, including overflow. (Force bidi: \x{D7}\x{90})"
      RenderBlock {DIV} at (0,36) size 784x0
        RenderBlock (floating) {P} at (16,16) size 172x166 [bgcolor=#FFFFCC] [border: (3px solid #000000)]
          RenderInline {SPAN} at (0,0) size 150x37 [color=#000080] [border: (3px solid #000080) none (3px solid #000080)]
            RenderText {#text} at (30,25) size 131x19
              text run at (30,25) width 131: "aaa bbb ccc ddd eee "
          RenderText {#text} at (0,0) size 0x0
          RenderBR {BR} at (0,0) size 0x0
          RenderInline {SPAN} at (0,0) size 35x37 [color=#FFA500] [border: (3px solid #FFA500) none (3px solid #FFA500)]
            RenderText {#text} at (30,73) size 16x19
              text run at (30,73) width 16: "fff "
          RenderText {#text} at (46,73) size 63x19
            text run at (46,73) width 63: "ggg hhh iii "
          RenderInline {SPAN} at (0,0) size 35x37 [color=#000080] [border: (3px solid #000080) none]
            RenderText {#text} at (109,73) size 16x19
              text run at (109,73) width 16: "jjj "
          RenderText {#text} at (0,0) size 0x0
          RenderBR {BR} at (0,0) size 0x0
          RenderInline {SPAN} at (0,0) size 146x37 [color=#FFA500] [border: (3px solid #FFA500) none]
            RenderText {#text} at (11,121) size 127x19
              text run at (11,121) width 127: "kkk lll mmm nnn ooo"
          RenderText {#text} at (0,0) size 0x0
        RenderBlock (floating) {P} at (16,214) size 176x166 [bgcolor=#FFFFCC] [border: (3px solid #000000)]
          RenderInline {SPAN} at (0,0) size 154x85 [color=#000080] [border: (3px solid #000080)]
            RenderText {#text} at (30,25) size 135x19
              text run at (30,25) width 25: "aaa "
              text run at (55,25) width 28: "bbb "
              text run at (83,25) width 25: "ccc "
              text run at (108,25) width 28 RTL override: "ddd "
              text run at (136,25) width 29 RTL override: "\x{202E} eee "
            RenderBR {BR} at (0,0) size 0x0
            RenderText {#text} at (11,73) size 16x19
              text run at (11,73) width 16: "jjj "
          RenderText {#text} at (46,73) size 63x19
            text run at (46,73) width 13: "iii "
            text run at (59,73) width 25: "hhh "
            text run at (84,73) width 25: "ggg "
          RenderInline {SPAN} at (0,0) size 150x85 [color=#FFA500] [border: (3px solid #FFA500)]
            RenderText {#text} at (128,73) size 16x19
              text run at (128,73) width 16: "fff "
            RenderBR {BR} at (0,0) size 0x0
            RenderText {#text} at (11,121) size 131x19
              text run at (11,121) width 13: "lll "
              text run at (24,121) width 69: "kkk \x{202C} mmm "
              text run at (93,121) width 25: "nnn "
              text run at (118,121) width 24: "ooo"
          RenderText {#text} at (0,0) size 0x0
