layer at (0,0) size 781x856
  RenderView at (0,0) size 781x600
layer at (0,0) size 781x856
  RenderBlock {HTML} at (0,0) size 781x856
    RenderBody {BODY} at (8,8) size 765x840 [bgcolor=#CCCCCC]
      RenderBlock {P} at (0,0) size 765x20
        RenderText {#text} at (0,0) size 355x20
          text run at (0,0) width 355: "The style declarations which apply to the text below are:"
      RenderBlock {PRE} at (0,33) size 765x144
        RenderText {#text} at (0,0) size 616x143
          text run at (0,0) width 392: "P { margin: 0; padding: 0; text-align:  justify;}"
          text run at (392,0) width 0: " "
          text run at (0,16) width 0: " "
          text run at (0,32) width 384: "DIV.menu {float: left; clear: left; width: 11em;"
          text run at (384,32) width 0: " "
          text run at (0,48) width 464: "          margin: 0; margin-bottom: 10px; padding: 0.5em;}"
          text run at (464,48) width 0: " "
          text run at (0,64) width 432: "DIV.menu H1 {font-size: 1.2em; margin: 0; padding: 0;}"
          text run at (432,64) width 0: " "
          text run at (0,80) width 448: "DIV.menu UL {margin: 0.2em 0.3em 0.2em 1em; padding: 0;}"
          text run at (448,80) width 0: " "
          text run at (0,96) width 616: "DIV.article {padding: 0.5em; margin: 0; margin-left: 14em; margin-right: 2em;"
          text run at (616,96) width 0: " "
          text run at (0,112) width 480: "             color: black; background: yellow; clear: none;}"
          text run at (480,112) width 0: " "
          text run at (0,128) width 0: " "
      RenderBlock {HR} at (0,190) size 765x2 [border: (1px inset #000000)]
      RenderBlock (floating) {DIV} at (0,200) size 192x128 [color=#FFFFFF] [bgcolor=#008000]
        RenderBlock {H1} at (8,8) size 176x26
          RenderText {#text} at (0,0) size 85x26
            text run at (0,0) width 85: "Top menu"
        RenderBlock {UL} at (24,37) size 156x80
          RenderListItem {LI} at (0,0) size 156x20
            RenderListMarker at (-18,0) size 7x20: bullet
            RenderText {#text} at (0,0) size 35x20
              text run at (0,0) width 35: "green"
          RenderListItem {LI} at (0,20) size 156x20
            RenderListMarker at (-18,0) size 7x20: bullet
            RenderText {#text} at (0,0) size 62x20
              text run at (0,0) width 62: "white text"
          RenderListItem {LI} at (0,40) size 156x20
            RenderListMarker at (-18,0) size 7x20: bullet
            RenderText {#text} at (0,0) size 94x20
              text run at (0,0) width 94: "0.5em padding"
          RenderListItem {LI} at (0,60) size 156x20
            RenderListMarker at (-18,0) size 7x20: bullet
            RenderText {#text} at (0,0) size 87x20
              text run at (0,0) width 87: "0.5em margin"
      RenderBlock (floating) {DIV} at (0,338) size 192x128 [color=#FFFFFF] [bgcolor=#0000FF]
        RenderBlock {H1} at (8,8) size 176x26
          RenderText {#text} at (0,0) size 112x26
            text run at (0,0) width 112: "Bottom menu"
        RenderBlock {UL} at (24,37) size 156x80
          RenderListItem {LI} at (0,0) size 156x20
            RenderListMarker at (-18,0) size 7x20: bullet
            RenderText {#text} at (0,0) size 106x20
              text run at (0,0) width 106: "blue background"
          RenderListItem {LI} at (0,20) size 156x20
            RenderListMarker at (-18,0) size 7x20: bullet
            RenderText {#text} at (0,0) size 62x20
              text run at (0,0) width 62: "white text"
          RenderListItem {LI} at (0,40) size 156x20
            RenderListMarker at (-18,0) size 7x20: bullet
            RenderText {#text} at (0,0) size 94x20
              text run at (0,0) width 94: "0.5em padding"
          RenderListItem {LI} at (0,60) size 156x20
            RenderListMarker at (-18,0) size 7x20: bullet
            RenderText {#text} at (0,0) size 87x20
              text run at (0,0) width 87: "0.5em margin"
      RenderBlock {DIV} at (224,200) size 509x240 [bgcolor=#FFFF00]
        RenderBlock {H1} at (8,29) size 493x42
          RenderText {#text} at (0,0) size 275x42
            text run at (0,0) width 275: "The 'clear' property"
        RenderBlock {P} at (8,92) size 493x100
          RenderText {#text} at (0,0) size 493x100
            text run at (0,0) width 493: "This page has two floating \"menus\" on the side; one has a green background,"
            text run at (0,20) width 229: "and the other a blue background. "
            text run at (229,20) width 264: "Due to settings on the 'float' and 'clear'"
            text run at (0,40) width 493: "properties, the two menus should appear on the left side of the page, the blue"
            text run at (0,60) width 493: "below the green. There should be a 10px gap between the two menus. There"
            text run at (0,80) width 459: "should also be a 10px gap between the top menu and the top of the page."
        RenderBlock {P} at (8,192) size 493x40
          RenderText {#text} at (0,0) size 493x40
            text run at (0,0) width 493: "The top of the yellow rectangle (to which this paragraph belongs) should be"
            text run at (0,20) width 331: "vertically aligned with the top of the green rectangle."
      RenderTable {TABLE} at (192,440) size 573x400 [border: (1px outset #808080)]
        RenderTableSection {TBODY} at (1,1) size 571x398
          RenderTableRow {TR} at (0,0) size 571x30
            RenderTableCell {TD} at (0,0) size 571x30 [bgcolor=#C0C0C0] [border: (1px inset #808080)] [r=0 c=0 rs=1 cs=2]
              RenderInline {STRONG} at (0,0) size 163x22
                RenderText {#text} at (4,4) size 163x22
                  text run at (4,4) width 163: "TABLE Testing Section"
          RenderTableRow {TR} at (0,30) size 571x368
            RenderTableCell {TD} at (0,200) size 12x28 [bgcolor=#C0C0C0] [border: (1px inset #808080)] [r=1 c=0 rs=1 cs=1]
              RenderText {#text} at (4,4) size 4x20
                text run at (4,4) width 4: " "
            RenderTableCell {TD} at (12,30) size 559x368 [border: (1px inset #808080)] [r=1 c=1 rs=1 cs=1]
              RenderBlock (floating) {DIV} at (4,4) size 192x128 [color=#FFFFFF] [bgcolor=#008000]
                RenderBlock {H1} at (8,8) size 176x26
                  RenderText {#text} at (0,0) size 85x26
                    text run at (0,0) width 85: "Top menu"
                RenderBlock {UL} at (24,37) size 156x80
                  RenderListItem {LI} at (0,0) size 156x20
                    RenderListMarker at (-18,0) size 7x20: bullet
                    RenderText {#text} at (0,0) size 35x20
                      text run at (0,0) width 35: "green"
                  RenderListItem {LI} at (0,20) size 156x20
                    RenderListMarker at (-18,0) size 7x20: bullet
                    RenderText {#text} at (0,0) size 62x20
                      text run at (0,0) width 62: "white text"
                  RenderListItem {LI} at (0,40) size 156x20
                    RenderListMarker at (-18,0) size 7x20: bullet
                    RenderText {#text} at (0,0) size 94x20
                      text run at (0,0) width 94: "0.5em padding"
                  RenderListItem {LI} at (0,60) size 156x20
                    RenderListMarker at (-18,0) size 7x20: bullet
                    RenderText {#text} at (0,0) size 87x20
                      text run at (0,0) width 87: "0.5em margin"
              RenderBlock (floating) {DIV} at (4,142) size 192x128 [color=#FFFFFF] [bgcolor=#0000FF]
                RenderBlock {H1} at (8,8) size 176x26
                  RenderText {#text} at (0,0) size 112x26
                    text run at (0,0) width 112: "Bottom menu"
                RenderBlock {UL} at (24,37) size 156x80
                  RenderListItem {LI} at (0,0) size 156x20
                    RenderListMarker at (-18,0) size 7x20: bullet
                    RenderText {#text} at (0,0) size 106x20
                      text run at (0,0) width 106: "blue background"
                  RenderListItem {LI} at (0,20) size 156x20
                    RenderListMarker at (-18,0) size 7x20: bullet
                    RenderText {#text} at (0,0) size 62x20
                      text run at (0,0) width 62: "white text"
                  RenderListItem {LI} at (0,40) size 156x20
                    RenderListMarker at (-18,0) size 7x20: bullet
                    RenderText {#text} at (0,0) size 94x20
                      text run at (0,0) width 94: "0.5em padding"
                  RenderListItem {LI} at (0,60) size 156x20
                    RenderListMarker at (-18,0) size 7x20: bullet
                    RenderText {#text} at (0,0) size 87x20
                      text run at (0,0) width 87: "0.5em margin"
              RenderBlock {DIV} at (228,4) size 295x360 [bgcolor=#FFFF00]
                RenderBlock {H1} at (8,29) size 279x42
                  RenderText {#text} at (0,0) size 275x42
                    text run at (0,0) width 275: "The 'clear' property"
                RenderBlock {P} at (8,92) size 279x200
                  RenderText {#text} at (0,0) size 279x200
                    text run at (0,0) width 279: "This page has two floating \"menus\" on the"
                    text run at (0,20) width 279: "side; one has a green background, and the"
                    text run at (0,40) width 163: "other a blue background. "
                    text run at (163,40) width 116: "Due to settings on"
                    text run at (0,60) width 279: "the 'float' and 'clear' properties, the two"
                    text run at (0,80) width 279: "menus should appear on the left side of the"
                    text run at (0,100) width 279: "page, the blue below the green. There"
                    text run at (0,120) width 279: "should be a 10px gap between the two"
                    text run at (0,140) width 279: "menus. There should also be a 10px gap"
                    text run at (0,160) width 279: "between the top menu and the top of the"
                    text run at (0,180) width 34: "page."
                RenderBlock {P} at (8,292) size 279x60
                  RenderText {#text} at (0,0) size 279x60
                    text run at (0,0) width 279: "The top of the yellow rectangle (to which"
                    text run at (0,20) width 279: "this paragraph belongs) should be vertically"
                    text run at (0,40) width 269: "aligned with the top of the green rectangle."
