layer at (0,0) size 781x999
  RenderView at (0,0) size 781x600
layer at (0,0) size 781x999
  RenderBlock {HTML} at (0,0) size 781x999
    RenderBody {BODY} at (8,8) size 765x983 [bgcolor=#CCCCCC]
      RenderBlock {P} at (0,0) size 765x20
        RenderText {#text} at (0,0) size 355x20
          text run at (0,0) width 355: "The style declarations which apply to the text below are:"
      RenderBlock {PRE} at (0,36) size 765x48
        RenderText {#text} at (0,0) size 168x47
          text run at (0,0) width 160: ".one {height: 50px;}"
          text run at (160,0) width 0: " "
          text run at (0,16) width 168: ".two {height: 100px;}"
          text run at (168,16) width 0: " "
          text run at (0,32) width 0: " "
      RenderBlock {HR} at (0,97) size 765x2 [border: (1px inset #000000)]
      RenderBlock (anonymous) at (0,107) size 765x50
        RenderImage {IMG} at (0,0) size 50x50
        RenderText {#text} at (0,0) size 0x0
      RenderBlock {P} at (0,173) size 765x20
        RenderText {#text} at (0,0) size 275x20
          text run at (0,0) width 275: "The square above should be fifty pixels tall."
      RenderBlock (anonymous) at (0,209) size 765x100
        RenderImage {IMG} at (0,0) size 100x100
        RenderText {#text} at (0,0) size 0x0
      RenderBlock {P} at (0,325) size 765x20
        RenderText {#text} at (0,0) size 335x20
          text run at (0,0) width 335: "The square above should be 100 pixels tall and wide."
      RenderBlock (anonymous) at (0,361) size 765x100
        RenderImage {IMG} at (0,0) size 30x100
        RenderText {#text} at (0,0) size 0x0
      RenderBlock {P} at (0,477) size 765x40
        RenderText {#text} at (0,0) size 750x40
          text run at (0,0) width 750: "The rectangular image above should be 100 pixels tall and 30 pixels wide (the original image is 50x15, and the size has"
          text run at (0,20) width 150: "been doubled using the "
        RenderInline {CODE} at (0,0) size 48x15
          RenderText {#text} at (150,24) size 48x15
            text run at (150,24) width 48: "height"
        RenderText {#text} at (198,20) size 66x20
          text run at (198,20) width 66: " property)."
      RenderTable {TABLE} at (0,533) size 765x450 [border: (1px outset #808080)]
        RenderTableSection {TBODY} at (1,1) size 763x448
          RenderTableRow {TR} at (0,0) size 763x30
            RenderTableCell {TD} at (0,0) size 763x30 [bgcolor=#C0C0C0] [border: (1px inset #808080)] [r=0 c=0 rs=1 cs=2]
              RenderInline {STRONG} at (0,0) size 163x22
                RenderText {#text} at (4,4) size 163x22
                  text run at (4,4) width 163: "TABLE Testing Section"
          RenderTableRow {TR} at (0,30) size 763x418
            RenderTableCell {TD} at (0,225) size 12x28 [bgcolor=#C0C0C0] [border: (1px inset #808080)] [r=1 c=0 rs=1 cs=1]
              RenderText {#text} at (4,4) size 4x20
                text run at (4,4) width 4: " "
            RenderTableCell {TD} at (12,30) size 751x418 [border: (1px inset #808080)] [r=1 c=1 rs=1 cs=1]
              RenderBlock (anonymous) at (4,4) size 743x50
                RenderImage {IMG} at (0,0) size 50x50
                RenderText {#text} at (0,0) size 0x0
              RenderBlock {P} at (4,70) size 743x20
                RenderText {#text} at (0,0) size 275x20
                  text run at (0,0) width 275: "The square above should be fifty pixels tall."
              RenderBlock (anonymous) at (4,106) size 743x100
                RenderImage {IMG} at (0,0) size 100x100
                RenderText {#text} at (0,0) size 0x0
              RenderBlock {P} at (4,222) size 743x20
                RenderText {#text} at (0,0) size 335x20
                  text run at (0,0) width 335: "The square above should be 100 pixels tall and wide."
              RenderBlock (anonymous) at (4,258) size 743x100
                RenderImage {IMG} at (0,0) size 30x100
                RenderText {#text} at (0,0) size 0x0
              RenderBlock {P} at (4,374) size 743x40
                RenderText {#text} at (0,0) size 725x40
                  text run at (0,0) width 725: "The rectangular image above should be 100 pixels tall and 30 pixels wide (the original image is 50x15, and the size"
                  text run at (0,20) width 175: "has been doubled using the "
                RenderInline {CODE} at (0,0) size 48x15
                  RenderText {#text} at (175,24) size 48x15
                    text run at (175,24) width 48: "height"
                RenderText {#text} at (223,20) size 66x20
                  text run at (223,20) width 66: " property)."
