layer at (0,0) size 781x1722
  RenderView at (0,0) size 781x600
layer at (0,0) size 781x1722
  RenderBlock {HTML} at (0,0) size 781x1722
    RenderBody {BODY} at (8,8) size 765x1706 [bgcolor=#CCCCCC]
      RenderBlock {P} at (0,0) size 765x20
        RenderText {#text} at (0,0) size 355x20
          text run at (0,0) width 355: "The style declarations which apply to the text below are:"
      RenderBlock {PRE} at (0,33) size 765x128
        RenderText {#text} at (0,0) size 392x127
          text run at (0,0) width 384: ".zero {background-color: silver; margin-top: 0;}"
          text run at (384,0) width 0: " "
          text run at (0,16) width 392: ".one {margin-top: 0.5in; background-color: aqua;}"
          text run at (392,16) width 0: " "
          text run at (0,32) width 384: ".two {margin-top: 25px; background-color: aqua;}"
          text run at (384,32) width 0: " "
          text run at (0,48) width 392: ".three {margin-top: 5em; background-color: aqua;}"
          text run at (392,48) width 0: " "
          text run at (0,64) width 384: ".four {margin-top: 25%; background-color: aqua;}"
          text run at (384,64) width 0: " "
          text run at (0,80) width 200: ".five {margin-top: 25px;}"
          text run at (200,80) width 0: " "
          text run at (0,96) width 392: ".six {margin-top: -10px; background-color: aqua;}"
          text run at (392,96) width 0: " "
          text run at (0,112) width 200: "P, UL {margin-bottom: 0;}"
          text run at (200,112) width 0: " "
      RenderBlock {HR} at (0,174) size 765x2 [border: (1px inset #000000)]
      RenderBlock {P} at (0,184) size 765x20 [bgcolor=#C0C0C0]
        RenderText {#text} at (0,0) size 203x20
          text run at (0,0) width 203: "This element has a class of zero."
      RenderBlock {P} at (0,204) size 765x20 [bgcolor=#C0C0C0]
        RenderText {#text} at (0,0) size 232x20
          text run at (0,0) width 232: "This element also has a class of zero."
      RenderBlock {P} at (0,272) size 765x40 [bgcolor=#00FFFF]
        RenderText {#text} at (0,0) size 759x40
          text run at (0,0) width 759: "This element should have a top margin of half an inch, which will require extra text in order to make sure that the margin"
          text run at (0,20) width 155: "isn't applied to each line."
      RenderBlock {P} at (0,337) size 765x40 [bgcolor=#00FFFF]
        RenderText {#text} at (0,0) size 742x40
          text run at (0,0) width 742: "This element should have a top margin of 25 pixels, which will require extra text in order to make sure that the margin"
          text run at (0,20) width 155: "isn't applied to each line."
      RenderBlock {P} at (0,457) size 765x40 [bgcolor=#00FFFF]
        RenderText {#text} at (0,0) size 745x40
          text run at (0,0) width 745: "This element should have a top margin of 5 em, which will require extra text in order to make sure that the margin isn't"
          text run at (0,20) width 126: "applied to each line."
      RenderBlock {P} at (0,688) size 765x40 [bgcolor=#00FFFF]
        RenderText {#text} at (0,0) size 753x40
          text run at (0,0) width 725: "This element should have a top margin of 25%, which is calculated with respect to the width of the parent element. "
          text run at (725,0) width 28: "This"
          text run at (0,20) width 232: "will require extra text in order to test."
      RenderBlock {UL} at (0,753) size 765x105 [bgcolor=#00FFFF]
        RenderListItem {LI} at (40,0) size 725x20
          RenderListMarker at (-18,0) size 7x20: bullet
          RenderText {#text} at (0,0) size 400x20
            text run at (0,0) width 400: "This list has a margin-top of 25px, and a light blue background."
        RenderListItem {LI} at (40,20) size 725x20
          RenderListMarker at (-18,0) size 7x20: bullet
          RenderText {#text} at (0,0) size 264x20
            text run at (0,0) width 264: "Therefore, it ought to have such a margin."
        RenderListItem {LI} at (40,65) size 725x20
          RenderListMarker at (-18,0) size 7x20: bullet
          RenderText {#text} at (0,0) size 567x20
            text run at (0,0) width 567: "This list item has a top margin of 25px, which should cause it to be offset in some fashion."
        RenderListItem {LI} at (40,85) size 725x20
          RenderListMarker at (-18,0) size 7x20: bullet
          RenderText {#text} at (0,0) size 294x20
            text run at (0,0) width 294: "This list item has no special styles applied to it."
      RenderBlock {P} at (0,858) size 765x20 [bgcolor=#C0C0C0]
        RenderText {#text} at (0,0) size 203x20
          text run at (0,0) width 203: "This element has a class of zero."
      RenderBlock {P} at (0,868) size 765x60 [bgcolor=#00FFFF]
        RenderText {#text} at (0,0) size 742x60
          text run at (0,0) width 714: "This element has a top margin of -10px, which should cause it to be shifted \"upward\" on the page, and no bottom"
          text run at (0,20) width 52: "margin. "
          text run at (52,20) width 488: "No other styles have been applied to it besides a light blue background color. "
          text run at (540,20) width 202: "In all other respects, the element"
          text run at (0,40) width 113: "should be normal."
      RenderTable {TABLE} at (0,928) size 765x778 [border: (1px outset #808080)]
        RenderTableSection {TBODY} at (1,1) size 763x776
          RenderTableRow {TR} at (0,0) size 763x30
            RenderTableCell {TD} at (0,0) size 763x30 [bgcolor=#C0C0C0] [border: (1px inset #808080)] [r=0 c=0 rs=1 cs=2]
              RenderInline {STRONG} at (0,0) size 163x22
                RenderText {#text} at (4,4) size 163x22
                  text run at (4,4) width 163: "TABLE Testing Section"
          RenderTableRow {TR} at (0,30) size 763x746
            RenderTableCell {TD} at (0,389) size 12x28 [bgcolor=#C0C0C0] [border: (1px inset #808080)] [r=1 c=0 rs=1 cs=1]
              RenderText {#text} at (4,4) size 4x20
                text run at (4,4) width 4: " "
            RenderTableCell {TD} at (12,30) size 751x746 [border: (1px inset #808080)] [r=1 c=1 rs=1 cs=1]
              RenderBlock {P} at (4,4) size 743x20 [bgcolor=#C0C0C0]
                RenderText {#text} at (0,0) size 203x20
                  text run at (0,0) width 203: "This element has a class of zero."
              RenderBlock {P} at (4,24) size 743x20 [bgcolor=#C0C0C0]
                RenderText {#text} at (0,0) size 232x20
                  text run at (0,0) width 232: "This element also has a class of zero."
              RenderBlock {P} at (4,92) size 743x40 [bgcolor=#00FFFF]
                RenderText {#text} at (0,0) size 711x40
                  text run at (0,0) width 711: "This element should have a top margin of half an inch, which will require extra text in order to make sure that the"
                  text run at (0,20) width 203: "margin isn't applied to each line."
              RenderBlock {P} at (4,157) size 743x40 [bgcolor=#00FFFF]
                RenderText {#text} at (0,0) size 742x40
                  text run at (0,0) width 742: "This element should have a top margin of 25 pixels, which will require extra text in order to make sure that the margin"
                  text run at (0,20) width 155: "isn't applied to each line."
              RenderBlock {P} at (4,277) size 743x40 [bgcolor=#00FFFF]
                RenderText {#text} at (0,0) size 716x40
                  text run at (0,0) width 716: "This element should have a top margin of 5 em, which will require extra text in order to make sure that the margin"
                  text run at (0,20) width 155: "isn't applied to each line."
              RenderBlock {P} at (4,502) size 743x40 [bgcolor=#00FFFF]
                RenderText {#text} at (0,0) size 721x40
                  text run at (0,0) width 721: "This element should have a top margin of 25%, which is calculated with respect to the width of the parent element."
                  text run at (0,20) width 264: "This will require extra text in order to test."
              RenderBlock {UL} at (4,567) size 743x105 [bgcolor=#00FFFF]
                RenderListItem {LI} at (40,0) size 703x20
                  RenderListMarker at (-18,0) size 7x20: bullet
                  RenderText {#text} at (0,0) size 400x20
                    text run at (0,0) width 400: "This list has a margin-top of 25px, and a light blue background."
                RenderListItem {LI} at (40,20) size 703x20
                  RenderListMarker at (-18,0) size 7x20: bullet
                  RenderText {#text} at (0,0) size 264x20
                    text run at (0,0) width 264: "Therefore, it ought to have such a margin."
                RenderListItem {LI} at (40,65) size 703x20
                  RenderListMarker at (-18,0) size 7x20: bullet
                  RenderText {#text} at (0,0) size 567x20
                    text run at (0,0) width 567: "This list item has a top margin of 25px, which should cause it to be offset in some fashion."
                RenderListItem {LI} at (40,85) size 703x20
                  RenderListMarker at (-18,0) size 7x20: bullet
                  RenderText {#text} at (0,0) size 294x20
                    text run at (0,0) width 294: "This list item has no special styles applied to it."
              RenderBlock {P} at (4,672) size 743x20 [bgcolor=#C0C0C0]
                RenderText {#text} at (0,0) size 203x20
                  text run at (0,0) width 203: "This element has a class of zero."
              RenderBlock {P} at (4,682) size 743x60 [bgcolor=#00FFFF]
                RenderText {#text} at (0,0) size 742x60
                  text run at (0,0) width 714: "This element has a top margin of -10px, which should cause it to be shifted \"upward\" on the page, and no bottom"
                  text run at (0,20) width 52: "margin. "
                  text run at (52,20) width 488: "No other styles have been applied to it besides a light blue background color. "
                  text run at (540,20) width 202: "In all other respects, the element"
                  text run at (0,40) width 113: "should be normal."
