layer at (0,0) size 783x1079
  RenderView at (0,0) size 781x581
layer at (0,0) size 783x1079
  RenderBlock {HTML} at (0,0) size 781x1079
    RenderBody {BODY} at (8,8) size 765x1063 [bgcolor=#CCCCCC]
      RenderBlock {P} at (0,0) size 765x20
        RenderText {#text} at (0,0) size 355x20
          text run at (0,0) width 355: "The style declarations which apply to the text below are:"
      RenderBlock {PRE} at (0,36) size 765x96
        RenderText {#text} at (0,0) size 560x95
          text run at (0,0) width 552: ".zero {background-color: silver; margin-right: 0; text-align: right;}"
          text run at (552,0) width 0: " "
          text run at (0,16) width 560: ".one {margin-right: 0.5in; text-align: right; background-color: aqua;}"
          text run at (560,16) width 0: " "
          text run at (0,32) width 552: ".two {margin-right: 25px; text-align: right; background-color: aqua;}"
          text run at (552,32) width 0: " "
          text run at (0,48) width 560: ".three {margin-right: 5em; text-align: right; background-color: aqua;}"
          text run at (560,48) width 0: " "
          text run at (0,64) width 552: ".four {margin-right: 25%; text-align: right; background-color: aqua;}"
          text run at (552,64) width 0: " "
          text run at (0,80) width 416: ".five {margin-right: -10px; background-color: aqua;}"
          text run at (416,80) width 0: " "
      RenderBlock {HR} at (0,145) size 765x2 [border: (1px inset #000000)]
      RenderBlock {P} at (0,163) size 765x20 [bgcolor=#C0C0C0]
        RenderText {#text} at (562,0) size 203x20
          text run at (562,0) width 203: "This element has a class of zero."
      RenderBlock {P} at (0,199) size 717x20 [bgcolor=#00FFFF]
        RenderText {#text} at (360,0) size 357x20
          text run at (360,0) width 357: "This sentence should have a right margin of half an inch."
      RenderBlock {P} at (0,235) size 740x20 [bgcolor=#00FFFF]
        RenderText {#text} at (400,0) size 340x20
          text run at (400,0) width 340: "This sentence should have a right margin of 25 pixels."
      RenderBlock {P} at (0,271) size 685x20 [bgcolor=#00FFFF]
        RenderText {#text} at (371,0) size 314x20
          text run at (371,0) width 314: "This sentence should have a right margin of 5 em."
      RenderBlock {P} at (0,307) size 574x40 [bgcolor=#00FFFF]
        RenderText {#text} at (19,0) size 555x40
          text run at (19,0) width 555: "This sentence should have a right margin of 25%, which is calculated with respect to the"
          text run at (398,20) width 176: "width of the parent element."
      RenderBlock {UL} at (0,363) size 740x100 [bgcolor=#808080]
        RenderListItem {LI} at (40,0) size 700x20
          RenderListMarker at (-18,0) size 7x20: bullet
          RenderText {#text} at (0,0) size 700x20
            text run at (0,0) width 700: "The right margin on this unordered list has been set to 25 pixels, and the background color has been set to gray."
        RenderListItem {LI} at (40,20) size 675x60 [bgcolor=#FFFFFF]
          RenderListMarker at (-18,0) size 7x20: bullet
          RenderText {#text} at (19,0) size 656x60
            text run at (19,0) width 656: "Another list item might not be such a bad idea, either, considering that such things do need to be double-"
            text run at (46,20) width 60: "checked. "
            text run at (106,20) width 569: "This list item has its right margin also set to 25 pixels, which should combine with the list's"
            text run at (147,40) width 528: "margin to make 50 pixels of margin, and its background-color has been set to white."
        RenderListItem {LI} at (40,80) size 700x20
          RenderListMarker at (-18,0) size 7x20: bullet
          RenderText {#text} at (521,0) size 179x20
            text run at (521,0) width 179: "This is an unclassed list item"
      RenderBlock {P} at (0,479) size 765x20 [bgcolor=#C0C0C0]
        RenderText {#text} at (562,0) size 203x20
          text run at (562,0) width 203: "This element has a class of zero."
      RenderBlock {P} at (0,515) size 775x60 [bgcolor=#00FFFF]
        RenderText {#text} at (0,0) size 767x60
          text run at (0,0) width 767: "This paragraph has a right margin of -10px, which should cause it to be wider than it might otherwise be, and it has a light"
          text run at (0,20) width 114: "blue background. "
          text run at (114,20) width 386: "In all other respects, however, the element should be normal. "
          text run at (500,20) width 255: "No styles have been applied to it besides"
          text run at (0,40) width 326: "the negative right margin and the background color."
      RenderTable {TABLE} at (0,591) size 765x472 [border: (1px outset #808080)]
        RenderTableSection {TBODY} at (1,1) size 763x470
          RenderTableRow {TR} at (0,0) size 763x30
            RenderTableCell {TD} at (0,0) size 763x30 [bgcolor=#C0C0C0] [border: (1px inset #808080)] [r=0 c=0 rs=1 cs=2]
              RenderInline {STRONG} at (0,0) size 163x22
                RenderText {#text} at (4,4) size 163x22
                  text run at (4,4) width 163: "TABLE Testing Section"
          RenderTableRow {TR} at (0,30) size 763x440
            RenderTableCell {TD} at (0,236) size 12x28 [bgcolor=#C0C0C0] [border: (1px inset #808080)] [r=1 c=0 rs=1 cs=1]
              RenderText {#text} at (4,4) size 4x20
                text run at (4,4) width 4: " "
            RenderTableCell {TD} at (12,30) size 751x440 [border: (1px inset #808080)] [r=1 c=1 rs=1 cs=1]
              RenderBlock {P} at (4,4) size 743x20 [bgcolor=#C0C0C0]
                RenderText {#text} at (540,0) size 203x20
                  text run at (540,0) width 203: "This element has a class of zero."
              RenderBlock {P} at (4,40) size 695x20 [bgcolor=#00FFFF]
                RenderText {#text} at (338,0) size 357x20
                  text run at (338,0) width 357: "This sentence should have a right margin of half an inch."
              RenderBlock {P} at (4,76) size 718x20 [bgcolor=#00FFFF]
                RenderText {#text} at (378,0) size 340x20
                  text run at (378,0) width 340: "This sentence should have a right margin of 25 pixels."
              RenderBlock {P} at (4,112) size 663x20 [bgcolor=#00FFFF]
                RenderText {#text} at (349,0) size 314x20
                  text run at (349,0) width 314: "This sentence should have a right margin of 5 em."
              RenderBlock {P} at (4,148) size 558x40 [bgcolor=#00FFFF]
                RenderText {#text} at (3,0) size 555x40
                  text run at (3,0) width 555: "This sentence should have a right margin of 25%, which is calculated with respect to the"
                  text run at (382,20) width 176: "width of the parent element."
              RenderBlock {UL} at (4,204) size 718x120 [bgcolor=#808080]
                RenderListItem {LI} at (40,0) size 678x40
                  RenderListMarker at (-18,0) size 7x20: bullet
                  RenderText {#text} at (14,0) size 664x40
                    text run at (14,0) width 664: "The right margin on this unordered list has been set to 25 pixels, and the background color has been set to"
                    text run at (646,20) width 32: "gray."
                RenderListItem {LI} at (40,40) size 653x60 [bgcolor=#FFFFFF]
                  RenderListMarker at (-18,0) size 7x20: bullet
                  RenderText {#text} at (49,0) size 646x60
                    text run at (49,0) width 604: "Another list item might not be such a bad idea, either, considering that such things do need to be"
                    text run at (7,20) width 108: "double-checked. "
                    text run at (115,20) width 538: "This list item has its right margin also set to 25 pixels, which should combine with the"
                    text run at (94,40) width 559: "list's margin to make 50 pixels of margin, and its background-color has been set to white."
                RenderListItem {LI} at (40,100) size 678x20
                  RenderListMarker at (-18,0) size 7x20: bullet
                  RenderText {#text} at (499,0) size 179x20
                    text run at (499,0) width 179: "This is an unclassed list item"
              RenderBlock {P} at (4,340) size 743x20 [bgcolor=#C0C0C0]
                RenderText {#text} at (540,0) size 203x20
                  text run at (540,0) width 203: "This element has a class of zero."
              RenderBlock {P} at (4,376) size 753x60 [bgcolor=#00FFFF]
                RenderText {#text} at (0,0) size 737x60
                  text run at (0,0) width 735: "This paragraph has a right margin of -10px, which should cause it to be wider than it might otherwise be, and it has a"
                  text run at (0,20) width 146: "light blue background. "
                  text run at (146,20) width 386: "In all other respects, however, the element should be normal. "
                  text run at (532,20) width 205: "No styles have been applied to it"
                  text run at (0,40) width 376: "besides the negative right margin and the background color."
