layer at (0,0) size 781x1609
  RenderView at (0,0) size 781x600
layer at (0,0) size 781x1609
  RenderBlock {HTML} at (0,0) size 781x1609
    RenderBody {BODY} at (8,8) size 765x1593 [bgcolor=#CCCCCC]
      RenderBlock {P} at (0,0) size 765x20
        RenderText {#text} at (0,0) size 355x20
          text run at (0,0) width 355: "The style declarations which apply to the text below are:"
      RenderBlock {PRE} at (0,36) size 765x96
        RenderText {#text} at (0,0) size 432x95
          text run at (0,0) width 416: ".zero {background-color: silver; padding-bottom: 0;}"
          text run at (416,0) width 0: " "
          text run at (0,16) width 424: ".one {padding-bottom: 0.5in; background-color: aqua;}"
          text run at (424,16) width 0: " "
          text run at (0,32) width 416: ".two {padding-bottom: 25px; background-color: aqua;}"
          text run at (416,32) width 0: " "
          text run at (0,48) width 424: ".three {padding-bottom: 5em; background-color: aqua;}"
          text run at (424,48) width 0: " "
          text run at (0,64) width 416: ".four {padding-bottom: 25%; background-color: aqua;}"
          text run at (416,64) width 0: " "
          text run at (0,80) width 432: ".five {padding-bottom: -20px; background-color: aqua;}"
          text run at (432,80) width 0: " "
      RenderBlock {HR} at (0,145) size 765x2 [border: (1px inset #000000)]
      RenderBlock {P} at (0,163) size 765x20 [bgcolor=#C0C0C0]
        RenderText {#text} at (0,0) size 203x20
          text run at (0,0) width 203: "This element has a class of zero."
      RenderBlock {P} at (0,199) size 765x88 [bgcolor=#00FFFF]
        RenderText {#text} at (0,0) size 761x40
          text run at (0,0) width 657: "This element should have a bottom padding of half an inch, which will require extra text in order to test. "
          text run at (657,0) width 104: "Both the content"
          text run at (0,20) width 356: "background and the padding should be aqua (light blue)."
      RenderBlock {P} at (0,303) size 765x65 [bgcolor=#00FFFF]
        RenderText {#text} at (0,0) size 744x40
          text run at (0,0) width 640: "This element should have a bottom padding of 25 pixels, which will require extra text in order to test. "
          text run at (640,0) width 104: "Both the content"
          text run at (0,20) width 356: "background and the padding should be aqua (light blue)."
      RenderBlock {P} at (0,384) size 765x120 [bgcolor=#00FFFF]
        RenderText {#text} at (0,0) size 718x40
          text run at (0,0) width 614: "This element should have a bottom padding of 5 em, which will require extra text in order to test. "
          text run at (614,0) width 104: "Both the content"
          text run at (0,20) width 356: "background and the padding should be aqua (light blue)."
      RenderBlock {P} at (0,520) size 765x231 [bgcolor=#00FFFF]
        RenderText {#text} at (0,0) size 752x40
          text run at (0,0) width 752: "This element should have a bottom padding of 25%, which is calculated with respect to the width of the parent element."
          text run at (0,20) width 268: "This will require extra text in order to test. "
          text run at (268,20) width 464: "Both the content background and the padding should be aqua (light blue)."
      RenderBlock {P} at (0,767) size 765x20 [bgcolor=#C0C0C0]
        RenderText {#text} at (0,0) size 203x20
          text run at (0,0) width 203: "This element has a class of zero."
      RenderBlock {P} at (0,803) size 765x40 [bgcolor=#00FFFF]
        RenderText {#text} at (0,0) size 693x40
          text run at (0,0) width 589: "This element should have no bottom padding, since negative padding values are not allowed. "
          text run at (589,0) width 104: "Both the content"
          text run at (0,20) width 404: "background and the normal padding should be aqua (light blue)."
      RenderTable {TABLE} at (0,859) size 765x734 [border: (1px outset #808080)]
        RenderTableSection {TBODY} at (1,1) size 763x732
          RenderTableRow {TR} at (0,0) size 763x30
            RenderTableCell {TD} at (0,0) size 763x30 [bgcolor=#C0C0C0] [border: (1px inset #808080)] [r=0 c=0 rs=1 cs=2]
              RenderInline {STRONG} at (0,0) size 163x22
                RenderText {#text} at (4,4) size 163x22
                  text run at (4,4) width 163: "TABLE Testing Section"
          RenderTableRow {TR} at (0,30) size 763x702
            RenderTableCell {TD} at (0,367) size 12x28 [bgcolor=#C0C0C0] [border: (1px inset #808080)] [r=1 c=0 rs=1 cs=1]
              RenderText {#text} at (4,4) size 4x20
                text run at (4,4) width 4: " "
            RenderTableCell {TD} at (12,30) size 751x702 [border: (1px inset #808080)] [r=1 c=1 rs=1 cs=1]
              RenderBlock {P} at (4,4) size 743x20 [bgcolor=#C0C0C0]
                RenderText {#text} at (0,0) size 203x20
                  text run at (0,0) width 203: "This element has a class of zero."
              RenderBlock {P} at (4,40) size 743x88 [bgcolor=#00FFFF]
                RenderText {#text} at (0,0) size 711x40
                  text run at (0,0) width 657: "This element should have a bottom padding of half an inch, which will require extra text in order to test. "
                  text run at (657,0) width 54: "Both the"
                  text run at (0,20) width 406: "content background and the padding should be aqua (light blue)."
              RenderBlock {P} at (4,144) size 743x65 [bgcolor=#00FFFF]
                RenderText {#text} at (0,0) size 694x40
                  text run at (0,0) width 640: "This element should have a bottom padding of 25 pixels, which will require extra text in order to test. "
                  text run at (640,0) width 54: "Both the"
                  text run at (0,20) width 406: "content background and the padding should be aqua (light blue)."
              RenderBlock {P} at (4,225) size 743x120 [bgcolor=#00FFFF]
                RenderText {#text} at (0,0) size 718x40
                  text run at (0,0) width 614: "This element should have a bottom padding of 5 em, which will require extra text in order to test. "
                  text run at (614,0) width 104: "Both the content"
                  text run at (0,20) width 356: "background and the padding should be aqua (light blue)."
              RenderBlock {P} at (4,361) size 743x245 [bgcolor=#00FFFF]
                RenderText {#text} at (0,0) size 712x60
                  text run at (0,0) width 695: "This element should have a bottom padding of 25%, which is calculated with respect to the width of the parent"
                  text run at (0,20) width 57: "element. "
                  text run at (57,20) width 268: "This will require extra text in order to test. "
                  text run at (325,20) width 387: "Both the content background and the padding should be aqua"
                  text run at (0,40) width 73: "(light blue)."
              RenderBlock {P} at (4,622) size 743x20 [bgcolor=#C0C0C0]
                RenderText {#text} at (0,0) size 203x20
                  text run at (0,0) width 203: "This element has a class of zero."
              RenderBlock {P} at (4,658) size 743x40 [bgcolor=#00FFFF]
                RenderText {#text} at (0,0) size 693x40
                  text run at (0,0) width 589: "This element should have no bottom padding, since negative padding values are not allowed. "
                  text run at (589,0) width 104: "Both the content"
                  text run at (0,20) width 404: "background and the normal padding should be aqua (light blue)."
