layer at (0,0) size 781x1389
  RenderView at (0,0) size 781x600
layer at (0,0) size 781x1389
  RenderBlock {HTML} at (0,0) size 781x1389
    RenderBody {BODY} at (8,8) size 765x1373 [bgcolor=#CCCCCC]
      RenderBlock {P} at (0,0) size 765x20
        RenderText {#text} at (0,0) size 355x20
          text run at (0,0) width 355: "The style declarations which apply to the text below are:"
      RenderBlock {PRE} at (0,36) size 765x48
        RenderText {#text} at (0,0) size 152x47
          text run at (0,0) width 152: ".one {width: 50px;}"
          text run at (152,0) width 0: " "
          text run at (0,16) width 144: ".two {width: 50%;}"
          text run at (144,16) width 0: " "
          text run at (0,32) width 152: "TABLE {width: 50%;}"
          text run at (152,32) width 0: " "
      RenderBlock {HR} at (0,97) size 765x2 [border: (1px inset #000000)]
      RenderBlock (anonymous) at (0,107) size 765x50
        RenderImage {IMG} at (0,0) size 50x50
        RenderText {#text} at (0,0) size 0x0
      RenderBlock {P} at (0,173) size 765x20
        RenderText {#text} at (0,0) size 287x20
          text run at (0,0) width 287: "The square above should be fifty pixels wide."
      RenderBlock (anonymous) at (0,209) size 765x382
        RenderImage {IMG} at (0,0) size 382x382
        RenderText {#text} at (0,0) size 0x0
      RenderBlock {P} at (0,607) size 765x20
        RenderText {#text} at (0,0) size 671x20
          text run at (0,0) width 671: "The square above should be half as wide as the image's parent element (either the BODY or the table cell)."
      RenderBlock {P} at (0,643) size 382x100
        RenderText {#text} at (0,0) size 382x80
          text run at (0,0) width 382: "This paragraph should be half the width of its parent element"
          text run at (0,20) width 379: "(either the BODY or the table, which should itself be half as"
          text run at (0,40) width 188: "wide as the BODY element). "
          text run at (188,40) width 178: "This is extra text included to"
          text run at (0,60) width 246: "ensure that this will be a fair test of the "
        RenderInline {CODE} at (0,0) size 40x15
          RenderText {#text} at (246,64) size 40x15
            text run at (246,64) width 40: "width"
        RenderText {#text} at (286,60) size 374x40
          text run at (286,60) width 57: " property"
          text run at (0,80) width 374: "without the need for the user to resize the viewing window."
      RenderTable {TABLE} at (0,759) size 382x614 [border: (1px outset #808080)]
        RenderTableSection {TBODY} at (1,1) size 380x612
          RenderTableRow {TR} at (0,0) size 380x30
            RenderTableCell {TD} at (0,0) size 380x30 [bgcolor=#C0C0C0] [border: (1px inset #808080)] [r=0 c=0 rs=1 cs=2]
              RenderInline {STRONG} at (0,0) size 163x22
                RenderText {#text} at (4,4) size 163x22
                  text run at (4,4) width 163: "TABLE Testing Section"
          RenderTableRow {TR} at (0,30) size 380x582
            RenderTableCell {TD} at (0,307) size 12x28 [bgcolor=#C0C0C0] [border: (1px inset #808080)] [r=1 c=0 rs=1 cs=1]
              RenderText {#text} at (4,4) size 4x20
                text run at (4,4) width 4: " "
            RenderTableCell {TD} at (12,30) size 368x582 [border: (1px inset #808080)] [r=1 c=1 rs=1 cs=1]
              RenderBlock (anonymous) at (4,4) size 360x50
                RenderImage {IMG} at (0,0) size 50x50
                RenderText {#text} at (0,0) size 0x0
              RenderBlock {P} at (4,70) size 360x20
                RenderText {#text} at (0,0) size 287x20
                  text run at (0,0) width 287: "The square above should be fifty pixels wide."
              RenderBlock (anonymous) at (4,106) size 360x180
                RenderImage {IMG} at (0,0) size 180x180
                RenderText {#text} at (0,0) size 0x0
              RenderBlock {P} at (4,302) size 360x40
                RenderText {#text} at (0,0) size 348x40
                  text run at (0,0) width 348: "The square above should be half as wide as the image's"
                  text run at (0,20) width 319: "parent element (either the BODY or the table cell)."
              RenderBlock {P} at (4,358) size 180x220
                RenderText {#text} at (0,0) size 177x180
                  text run at (0,0) width 160: "This paragraph should be"
                  text run at (0,20) width 165: "half the width of its parent"
                  text run at (0,40) width 167: "element (either the BODY"
                  text run at (0,60) width 163: "or the table, which should"
                  text run at (0,80) width 169: "itself be half as wide as the"
                  text run at (0,100) width 113: "BODY element). "
                  text run at (113,100) width 42: "This is"
                  text run at (0,120) width 177: "extra text included to ensure"
                  text run at (0,140) width 174: "that this will be a fair test of"
                  text run at (0,160) width 23: "the "
                RenderInline {CODE} at (0,0) size 40x15
                  RenderText {#text} at (23,164) size 40x15
                    text run at (23,164) width 40: "width"
                RenderText {#text} at (63,160) size 174x60
                  text run at (63,160) width 109: " property without"
                  text run at (0,180) width 144: "the need for the user to"
                  text run at (0,200) width 174: "resize the viewing window."
