layer at (0,0) size 800x600
  RenderView at (0,0) size 800x600
layer at (0,0) size 800x600
  RenderBlock {HTML} at (0,0) size 800x600
    RenderFrameSet {FRAMESET} at (0,0) size 800x600
      RenderFrame {FRAME} at (0,0) size 800x536
        layer at (0,0) size 798x532
          RenderView at (0,0) size 798x532
        layer at (0,0) size 798x532
          RenderBlock {HTML} at (0,0) size 798x532
            RenderBody {BODY} at (8,8) size 782x516
              RenderText {#text} at (0,0) size 364x18
                text run at (0,0) width 364: "This 404 error was intentionally generated by a test script."
      RenderFrame {FRAME} at (0,540) size 800x60
        layer at (0,0) size 783x90
          RenderView at (0,0) size 783x56
        layer at (0,0) size 783x90
          RenderBlock {HTML} at (0,0) size 783x90
            RenderBody {BODY} at (8,8) size 767x74
              RenderText {#text} at (0,0) size 722x74
                text run at (0,0) width 722: "This is just a minimal page that we navigate to as part of"
                text run at (0,37) width 272: "testing back/forward."
              RenderText {#text} at (0,0) size 0x0
              RenderText {#text} at (0,0) size 0x0

============== Back Forward List ==============
        http://127.0.0.1:8000/navigation/error404-frames.html  **nav target**
curr->  http://127.0.0.1:8000/navigation/resources/frameset.pl?frameURL=error404.pl  **nav target**
            http://127.0.0.1:8000/navigation/resources/otherpage.html (in frame "footer")
            http://127.0.0.1:8000/navigation/resources/error404.pl (in frame "main")
===============================================
