CONSOLE MESSAGE: line 7: ReferenceError: Can't find variable: appendCellAt
layer at (0,0) size 800x600
  RenderView at (0,0) size 800x600
layer at (0,0) size 800x600
  RenderBlock {HTML} at (0,0) size 800x600
    RenderBody {BODY} at (8,8) size 784x584
      RenderBlock (anonymous) at (0,0) size 784x22
        RenderText {#text} at (0,0) size 227x22
          text run at (0,0) width 227: "The 2 tables should look the same"
      RenderTable {TABLE} at (0,22) size 62x60 [bgcolor=#FFA500] [border: (1px outset #808080)]
        RenderTableSection {TBODY} at (1,1) size 60x58
          RenderTableRow {TR} at (0,2) size 60x26
            RenderTableCell {TD} at (2,2) size 27x26 [border: (1px inset #808080)] [r=0 c=0 rs=1 cs=1]
              RenderText {#text} at (2,2) size 23x22
                text run at (2,2) width 23: "c11"
          RenderTableRow {TR} at (0,30) size 60x26
            RenderTableCell {TD} at (2,30) size 27x26 [border: (1px inset #808080)] [r=1 c=0 rs=1 cs=1]
              RenderText {#text} at (2,2) size 23x22
                text run at (2,2) width 23: "c21"
            RenderTableCell {TD} at (31,30) size 27x26 [border: (1px inset #808080)] [r=1 c=1 rs=1 cs=1]
              RenderText {#text} at (2,2) size 23x22
                text run at (2,2) width 23: "c22"
      RenderBlock (anonymous) at (0,82) size 784x22
        RenderBR {BR} at (0,0) size 0x22
      RenderTable {TABLE} at (0,104) size 88x60 [bgcolor=#FFA500] [border: (1px outset #808080)]
        RenderTableSection {TBODY} at (1,1) size 86x58
          RenderTableRow {TR} at (0,2) size 86x26
            RenderTableCell {TD} at (2,2) size 27x26 [border: (1px inset #808080)] [r=0 c=0 rs=1 cs=1]
              RenderText {#text} at (2,2) size 23x22
                text run at (2,2) width 23: "c11"
            RenderTableCell {TD} at (31,16) size 24x26 [border: (1px inset #808080)] [r=0 c=1 rs=2 cs=1]
              RenderText {#text} at (2,2) size 20x22
                text run at (2,2) width 20: "X1"
          RenderTableRow {TR} at (0,30) size 86x26
            RenderTableCell {TD} at (2,30) size 27x26 [border: (1px inset #808080)] [r=1 c=0 rs=1 cs=1]
              RenderText {#text} at (2,2) size 23x22
                text run at (2,2) width 23: "c21"
            RenderTableCell {TD} at (57,30) size 27x26 [border: (1px inset #808080)] [r=1 c=2 rs=1 cs=1]
              RenderText {#text} at (2,2) size 23x22
                text run at (2,2) width 23: "c22"
      RenderBlock (anonymous) at (0,164) size 784x44
        RenderBR {BR} at (0,0) size 0x22
        RenderText {#text} at (0,22) size 227x22
          text run at (0,22) width 227: "The 2 tables should look the same"
      RenderTable {TABLE} at (0,208) size 62x60 [bgcolor=#FFA500] [border: (1px outset #808080)]
        RenderTableSection {TBODY} at (1,1) size 60x58
          RenderTableRow {TR} at (0,2) size 60x26
            RenderTableCell {TD} at (2,2) size 27x26 [border: (1px inset #808080)] [r=0 c=0 rs=1 cs=1]
              RenderText {#text} at (2,2) size 23x22
                text run at (2,2) width 23: "c11"
          RenderTableRow {TR} at (0,30) size 60x26
            RenderTableCell {TD} at (2,30) size 27x26 [border: (1px inset #808080)] [r=1 c=0 rs=1 cs=1]
              RenderText {#text} at (2,2) size 23x22
                text run at (2,2) width 23: "c21"
            RenderTableCell {TD} at (31,30) size 27x26 [border: (1px inset #808080)] [r=1 c=1 rs=1 cs=1]
              RenderText {#text} at (2,2) size 23x22
                text run at (2,2) width 23: "c22"
      RenderBlock (anonymous) at (0,268) size 784x22
        RenderBR {BR} at (0,0) size 0x22
      RenderTable {TABLE} at (0,290) size 114x60 [bgcolor=#FFA500] [border: (1px outset #808080)]
        RenderTableSection {TBODY} at (1,1) size 112x58
          RenderTableRow {TR} at (0,2) size 112x26
            RenderTableCell {TD} at (2,2) size 27x26 [border: (1px inset #808080)] [r=0 c=0 rs=1 cs=1]
              RenderText {#text} at (2,2) size 23x22
                text run at (2,2) width 23: "c11"
            RenderTableCell {TD} at (31,16) size 24x26 [border: (1px inset #808080)] [r=0 c=1 rs=2 cs=1]
              RenderText {#text} at (2,2) size 20x22
                text run at (2,2) width 20: "X2"
            RenderTableCell {TD} at (57,16) size 24x26 [border: (1px inset #808080)] [r=0 c=2 rs=2 cs=1]
              RenderText {#text} at (2,2) size 20x22
                text run at (2,2) width 20: "X3"
          RenderTableRow {TR} at (0,30) size 112x26
            RenderTableCell {TD} at (2,30) size 27x26 [border: (1px inset #808080)] [r=1 c=0 rs=1 cs=1]
              RenderText {#text} at (2,2) size 23x22
                text run at (2,2) width 23: "c21"
            RenderTableCell {TD} at (83,30) size 27x26 [border: (1px inset #808080)] [r=1 c=3 rs=1 cs=1]
              RenderText {#text} at (2,2) size 23x22
                text run at (2,2) width 23: "c22"
