layer at (0,0) size 800x600
  RenderView at (0,0) size 800x600
layer at (0,0) size 800x44
  RenderBlock {html} at (0,0) size 800x44
    RenderBody {body} at (8,14) size 784x16
      RenderBlock {p} at (0,0) size 784x16
        RenderText {#text} at (0,0) size 68x16
          text run at (0,0) width 68: "Some Text"
