layer at (0,0) size 800x600
  RenderView at (0,0) size 800x600
layer at (0,0) size 800x270
  RenderBlock {HTML} at (0,0) size 800x270
    RenderBody {BODY} at (8,16) size 784x238
      RenderBlock {P} at (0,0) size 784x22
        RenderText {#text} at (0,0) size 542x22
          text run at (0,0) width 542: "The following two blocks should be identical, including overflow. (Force bidi: \x{D7}\x{90})"
      RenderBlock {DIV} at (0,38) size 784x200
        RenderBlock {P} at (16,0) size 294x92 [bgcolor=#FFFFCC] [border: (3px solid #000000)]
          RenderInline {SPAN} at (0,0) size 124x40 [color=#000080] [border: (3px solid #000080) none (3px solid #000080)]
            RenderText {#text} at (30,24) size 105x22
              text run at (30,24) width 105: "AAABBBCCC"
          RenderText {#text} at (135,24) size 99x22
            text run at (135,24) width 99: "DDDEEEFFF"
          RenderInline {SPAN} at (0,0) size 109x40 [color=#000080] [border: (3px solid #000080) none]
            RenderText {#text} at (234,24) size 90x22
              text run at (234,24) width 90: "GGGHHHIII"
          RenderText {#text} at (11,59) size 210x22
            text run at (11,59) width 210: "JJJKKKLLLMMMNNNOOO"
        RenderBlock {P} at (16,108) size 294x92 [bgcolor=#FFFFCC] [border: (3px solid #000000)]
          RenderInline {SPAN} at (0,0) size 336x40 [color=#000080] [border: (3px solid #000080)]
            RenderText {#text} at (30,24) size 298x22
              text run at (30,24) width 105: "AAABBBCCC"
              text run at (234,24) width 94 RTL override: "\x{202E}IIIHHHGGG"
          RenderText {#text} at (135,24) size 223x57
            text run at (135,24) width 99 RTL override: "FFFEEEDDD"
            text run at (11,59) width 93 RTL override: "LLLKKKJJJ"
            text run at (104,59) width 121: "\x{202C}MMMNNNOOO"
