layer at (0,0) size 800x600
  RenderView at (0,0) size 800x600
layer at (0,0) size 800x450
  RenderBlock {HTML} at (0,0) size 800x450
    RenderBody {BODY} at (8,16) size 784x22
      RenderBlock {P} at (0,0) size 784x22
        RenderText {#text} at (0,0) size 533x22
          text run at (0,0) width 524: "The following two blocks should be identical, including overflow. (Force bidi: "
          text run at (524,0) width 4 RTL: "\x{5D0}"
          text run at (528,0) width 5: ")"
      RenderBlock {DIV} at (0,38) size 784x0
        RenderBlock (floating) {P} at (16,16) size 186x166 [bgcolor=#FFFFCC] [border: (3px solid #000000)]
          RenderInline {SPAN} at (0,0) size 159x40 [color=#000080] [border: (3px solid #000080) none (3px solid #000080)]
            RenderText {#text} at (30,24) size 140x22
              text run at (30,24) width 140: "aaa bbb ccc  ddd eee"
          RenderBR {BR} at (170,24) size 0x22
          RenderInline {SPAN} at (0,0) size 38x40 [color=#000080] [border: (3px solid #000080) none]
            RenderText {#text} at (11,72) size 19x22
              text run at (11,72) width 19: "fff "
          RenderText {#text} at (49,72) size 75x22
            text run at (49,72) width 75: "ggg hhh iii "
          RenderInline {SPAN} at (0,0) size 34x40 [color=#FFA500] [border: (3px solid #FFA500) none (3px solid #FFA500)]
            RenderText {#text} at (143,72) size 15x22
              text run at (143,72) width 15: "jjj"
          RenderBR {BR} at (158,72) size 0x22
          RenderInline {SPAN} at (0,0) size 164x40 [color=#FFA500] [border: (3px solid #FFA500) none]
            RenderText {#text} at (11,120) size 145x22
              text run at (11,120) width 145: "kkk lll mmm nnn ooo"
          RenderText {#text} at (0,0) size 0x0
        RenderBlock (floating) {P} at (16,214) size 194x166 [bgcolor=#FFFFCC] [border: (3px solid #000000)]
          RenderInline {SPAN} at (0,0) size 167x88 [color=#000080] [border: (3px solid #000080)]
            RenderText {#text} at (30,24) size 148x22
              text run at (30,24) width 28: "aaa "
              text run at (58,24) width 31: "bbb "
              text run at (89,24) width 25: "ccc "
              text run at (114,24) width 31 RTL override: "ddd "
              text run at (145,24) width 33 RTL override: "\x{202E} eee "
            RenderBR {BR} at (0,0) size 0x0
            RenderText {#text} at (11,72) size 19x22
              text run at (11,72) width 19: "fff "
          RenderText {#text} at (49,72) size 75x22
            text run at (49,72) width 28: "ggg "
            text run at (77,72) width 31: "hhh "
            text run at (108,72) width 16: "iii "
          RenderInline {SPAN} at (0,0) size 172x88 [color=#FFA500] [border: (3px solid #FFA500)]
            RenderText {#text} at (143,72) size 19x22
              text run at (143,72) width 19: "jjj "
            RenderBR {BR} at (0,0) size 0x0
            RenderText {#text} at (11,120) size 153x22
              text run at (11,120) width 31: "kkk "
              text run at (42,120) width 67: "lll \x{202C} mmm "
              text run at (109,120) width 31: "nnn "
              text run at (140,120) width 24: "ooo"
          RenderText {#text} at (0,0) size 0x0
