layer at (0,0) size 800x600
  RenderView at (0,0) size 800x600
layer at (0,0) size 800x160
  RenderBlock {HTML} at (0,0) size 800x160
    RenderBody {BODY} at (8,8) size 784x144
      RenderBlock {DIV} at (0,0) size 784x50 [color=#008000]
        RenderBlock {DIV} at (0,0) size 784x50 [color=#FF0000] [border: (3px solid #008000)]
          RenderBlock {DIV} at (3,3) size 778x44 [color=#008000]
            RenderText {#text} at (0,0) size 711x44
              text run at (0,0) width 438: "This should have a green border, because the computed value of "
              text run at (438,0) width 273: "'border-color' set to its initial value is the"
              text run at (0,22) width 111: "computed value "
              text run at (111,22) width 293: "of 'color', which is then inherited as a color."
      RenderBlock {DIV} at (0,66) size 784x28 [color=#008000]
        RenderBlock {DIV} at (0,0) size 784x28 [color=#FF0000] [border: (3px solid #008000)]
          RenderBlock {DIV} at (3,3) size 778x22 [color=#008000]
            RenderText {#text} at (0,0) size 59x22
              text run at (0,0) width 59: "This too."
      RenderBlock {DIV} at (0,110) size 784x34 [color=#008000] [border: (3px solid #008000)]
        RenderBlock {DIV} at (3,3) size 778x28 [color=#FF0000] [border: (3px solid #008000)]
          RenderBlock {DIV} at (3,3) size 772x22 [color=#008000]
            RenderText {#text} at (0,0) size 59x22
              text run at (0,0) width 59: "This too."
