layer at (0,0) size 785x672
  RenderView at (0,0) size 785x600
layer at (0,0) size 785x672
  RenderBlock {HTML} at (0,0) size 785x672
    RenderBody {BODY} at (8,8) size 769x656
      RenderTextField {TEXTAREA} at (2,2) size 302x652 [bgcolor=#FFFFFF] [border: (1px solid #000000)]
      RenderText {#text} at (0,0) size 0x0
      RenderText {#text} at (0,0) size 0x0
      RenderText {#text} at (0,0) size 0x0
      RenderText {#text} at (0,0) size 0x0
layer at (11,11) size 300x650
  RenderBlock {DIV} at (1,1) size 300x650
    RenderText {#text} at (3,0) size 64x13
      text run at (3,0) width 64: "Sample text"
