layer at (0,0) size 800x600
  RenderCanvas at (0,0) size 800x600
layer at (0,0) size 800x600
  RenderBlock {HTML} at (0,0) size 800x600
    RenderBody {BODY} at (8,8) size 784x584
      RenderTable {TABLE} at (0,0) size 200x42 [border: (1px outset #808080)]
        RenderTableSection {TFOOT} at (1,1) size 0x40
          RenderTableRow {TR} at (0,0) size 0x0
            RenderTableCell {TD} at (0,0) size 97x20 [border: (1px inset #808080)] [r=0 c=0 rs=1 cs=1]
              RenderText {TEXT} at (1,1) size 41x18
                text run at (1,1) width 41: "span 1"
            RenderTableCell {TD} at (97,0) size 101x20 [border: (1px inset #808080)] [r=0 c=1 rs=1 cs=1]
              RenderText {TEXT} at (1,1) size 41x18
                text run at (1,1) width 41: "span 1"
          RenderTableRow {TR} at (0,0) size 0x0
            RenderTableCell {TD} at (0,20) size 198x20 [border: (1px inset #808080)] [r=1 c=0 rs=1 cs=2]
              RenderText {TEXT} at (1,1) size 87x18
                text run at (1,1) width 87: "should span 2"
        RenderTableSection {TBODY} at (1,1) size 0x0
