layer at (0,0) size 800x600
  RenderCanvas at (0,0) size 800x600
layer at (0,0) size 800x600
  RenderBlock {HTML} at (0,0) size 800x600
    RenderBody {BODY} at (8,8) size 784x584
      RenderBlock {DIV} at (0,0) size 784x236
        RenderBlock (floating) {DIV} at (0,0) size 200x200
        RenderBlock {DIV} at (0,0) size 200x200 [bgcolor=#00FF00]
        RenderBlock (anonymous) at (0,200) size 784x36
          RenderText {TEXT} at (0,0) size 725x36
            text run at (0,0) width 233: "This text should be underneath a 200"
            text run at (233,0) width 103: "x200 lime float. "
            text run at (336,0) width 389: "We are making sure that the code that wraps inline children in"
            text run at (0,18) width 608: "anonymous blocks does the right thing when blocks are inserted in between a float and an inline."
