layer at (0,0) size 784x2648
  RenderView at (0,0) size 784x600
layer at (0,0) size 784x600
  RenderBlock {HTML} at (0,0) size 784x600
    RenderBody {BODY} at (8,8) size 768x584
      RenderBlock (anonymous) at (0,0) size 768x22
        RenderText {#text} at (0,0) size 130x22
          text run at (0,0) width 130: "Content at the end."
layer at (8,8) size 16x2640
  RenderBlock (positioned) {DIV} at (0,0) size 16x2640
    RenderText {#text} at (0,0) size 8x22
      text run at (0,0) width 8: "1"
    RenderBR {BR} at (8,16) size 0x0
    RenderText {#text} at (0,22) size 8x22
      text run at (0,22) width 8: "2"
    RenderBR {BR} at (8,38) size 0x0
    RenderText {#text} at (0,44) size 8x22
      text run at (0,44) width 8: "3"
    RenderBR {BR} at (8,60) size 0x0
    RenderText {#text} at (0,66) size 8x22
      text run at (0,66) width 8: "4"
    RenderBR {BR} at (8,82) size 0x0
    RenderText {#text} at (0,88) size 8x22
      text run at (0,88) width 8: "5"
    RenderBR {BR} at (8,104) size 0x0
    RenderText {#text} at (0,110) size 8x22
      text run at (0,110) width 8: "6"
    RenderBR {BR} at (8,126) size 0x0
    RenderText {#text} at (0,132) size 8x22
      text run at (0,132) width 8: "7"
    RenderBR {BR} at (8,148) size 0x0
    RenderText {#text} at (0,154) size 8x22
      text run at (0,154) width 8: "8"
    RenderBR {BR} at (8,170) size 0x0
    RenderText {#text} at (0,176) size 8x22
      text run at (0,176) width 8: "9"
    RenderBR {BR} at (8,192) size 0x0
    RenderText {#text} at (0,198) size 16x22
      text run at (0,198) width 16: "10"
    RenderBR {BR} at (16,214) size 0x0
    RenderText {#text} at (0,220) size 16x22
      text run at (0,220) width 16: "11"
    RenderBR {BR} at (16,236) size 0x0
    RenderText {#text} at (0,242) size 16x22
      text run at (0,242) width 16: "12"
    RenderBR {BR} at (16,258) size 0x0
    RenderText {#text} at (0,264) size 16x22
      text run at (0,264) width 16: "13"
    RenderBR {BR} at (16,280) size 0x0
    RenderText {#text} at (0,286) size 16x22
      text run at (0,286) width 16: "14"
    RenderBR {BR} at (16,302) size 0x0
    RenderText {#text} at (0,308) size 16x22
      text run at (0,308) width 16: "15"
    RenderBR {BR} at (16,324) size 0x0
    RenderText {#text} at (0,330) size 16x22
      text run at (0,330) width 16: "16"
    RenderBR {BR} at (16,346) size 0x0
    RenderText {#text} at (0,352) size 16x22
      text run at (0,352) width 16: "17"
    RenderBR {BR} at (16,368) size 0x0
    RenderText {#text} at (0,374) size 16x22
      text run at (0,374) width 16: "18"
    RenderBR {BR} at (16,390) size 0x0
    RenderText {#text} at (0,396) size 16x22
      text run at (0,396) width 16: "19"
    RenderBR {BR} at (16,412) size 0x0
    RenderText {#text} at (0,418) size 16x22
      text run at (0,418) width 16: "20"
    RenderBR {BR} at (16,434) size 0x0
    RenderText {#text} at (0,440) size 8x22
      text run at (0,440) width 8: "1"
    RenderBR {BR} at (8,456) size 0x0
    RenderText {#text} at (0,462) size 8x22
      text run at (0,462) width 8: "2"
    RenderBR {BR} at (8,478) size 0x0
    RenderText {#text} at (0,484) size 8x22
      text run at (0,484) width 8: "3"
    RenderBR {BR} at (8,500) size 0x0
    RenderText {#text} at (0,506) size 8x22
      text run at (0,506) width 8: "4"
    RenderBR {BR} at (8,522) size 0x0
    RenderText {#text} at (0,528) size 8x22
      text run at (0,528) width 8: "5"
    RenderBR {BR} at (8,544) size 0x0
    RenderText {#text} at (0,550) size 8x22
      text run at (0,550) width 8: "6"
    RenderBR {BR} at (8,566) size 0x0
    RenderText {#text} at (0,572) size 8x22
      text run at (0,572) width 8: "7"
    RenderBR {BR} at (8,588) size 0x0
    RenderText {#text} at (0,594) size 8x22
      text run at (0,594) width 8: "8"
    RenderBR {BR} at (8,610) size 0x0
    RenderText {#text} at (0,616) size 8x22
      text run at (0,616) width 8: "9"
    RenderBR {BR} at (8,632) size 0x0
    RenderText {#text} at (0,638) size 16x22
      text run at (0,638) width 16: "10"
    RenderBR {BR} at (16,654) size 0x0
    RenderText {#text} at (0,660) size 16x22
      text run at (0,660) width 16: "11"
    RenderBR {BR} at (16,676) size 0x0
    RenderText {#text} at (0,682) size 16x22
      text run at (0,682) width 16: "12"
    RenderBR {BR} at (16,698) size 0x0
    RenderText {#text} at (0,704) size 16x22
      text run at (0,704) width 16: "13"
    RenderBR {BR} at (16,720) size 0x0
    RenderText {#text} at (0,726) size 16x22
      text run at (0,726) width 16: "14"
    RenderBR {BR} at (16,742) size 0x0
    RenderText {#text} at (0,748) size 16x22
      text run at (0,748) width 16: "15"
    RenderBR {BR} at (16,764) size 0x0
    RenderText {#text} at (0,770) size 16x22
      text run at (0,770) width 16: "16"
    RenderBR {BR} at (16,786) size 0x0
    RenderText {#text} at (0,792) size 16x22
      text run at (0,792) width 16: "17"
    RenderBR {BR} at (16,808) size 0x0
    RenderText {#text} at (0,814) size 16x22
      text run at (0,814) width 16: "18"
    RenderBR {BR} at (16,830) size 0x0
    RenderText {#text} at (0,836) size 16x22
      text run at (0,836) width 16: "19"
    RenderBR {BR} at (16,852) size 0x0
    RenderText {#text} at (0,858) size 16x22
      text run at (0,858) width 16: "20"
    RenderBR {BR} at (16,874) size 0x0
    RenderText {#text} at (0,880) size 8x22
      text run at (0,880) width 8: "1"
    RenderBR {BR} at (8,896) size 0x0
    RenderText {#text} at (0,902) size 8x22
      text run at (0,902) width 8: "2"
    RenderBR {BR} at (8,918) size 0x0
    RenderText {#text} at (0,924) size 8x22
      text run at (0,924) width 8: "3"
    RenderBR {BR} at (8,940) size 0x0
    RenderText {#text} at (0,946) size 8x22
      text run at (0,946) width 8: "4"
    RenderBR {BR} at (8,962) size 0x0
    RenderText {#text} at (0,968) size 8x22
      text run at (0,968) width 8: "5"
    RenderBR {BR} at (8,984) size 0x0
    RenderText {#text} at (0,990) size 8x22
      text run at (0,990) width 8: "6"
    RenderBR {BR} at (8,1006) size 0x0
    RenderText {#text} at (0,1012) size 8x22
      text run at (0,1012) width 8: "7"
    RenderBR {BR} at (8,1028) size 0x0
    RenderText {#text} at (0,1034) size 8x22
      text run at (0,1034) width 8: "8"
    RenderBR {BR} at (8,1050) size 0x0
    RenderText {#text} at (0,1056) size 8x22
      text run at (0,1056) width 8: "9"
    RenderBR {BR} at (8,1072) size 0x0
    RenderText {#text} at (0,1078) size 16x22
      text run at (0,1078) width 16: "10"
    RenderBR {BR} at (16,1094) size 0x0
    RenderText {#text} at (0,1100) size 16x22
      text run at (0,1100) width 16: "11"
    RenderBR {BR} at (16,1116) size 0x0
    RenderText {#text} at (0,1122) size 16x22
      text run at (0,1122) width 16: "12"
    RenderBR {BR} at (16,1138) size 0x0
    RenderText {#text} at (0,1144) size 16x22
      text run at (0,1144) width 16: "13"
    RenderBR {BR} at (16,1160) size 0x0
    RenderText {#text} at (0,1166) size 16x22
      text run at (0,1166) width 16: "14"
    RenderBR {BR} at (16,1182) size 0x0
    RenderText {#text} at (0,1188) size 16x22
      text run at (0,1188) width 16: "15"
    RenderBR {BR} at (16,1204) size 0x0
    RenderText {#text} at (0,1210) size 16x22
      text run at (0,1210) width 16: "16"
    RenderBR {BR} at (16,1226) size 0x0
    RenderText {#text} at (0,1232) size 16x22
      text run at (0,1232) width 16: "17"
    RenderBR {BR} at (16,1248) size 0x0
    RenderText {#text} at (0,1254) size 16x22
      text run at (0,1254) width 16: "18"
    RenderBR {BR} at (16,1270) size 0x0
    RenderText {#text} at (0,1276) size 16x22
      text run at (0,1276) width 16: "19"
    RenderBR {BR} at (16,1292) size 0x0
    RenderText {#text} at (0,1298) size 16x22
      text run at (0,1298) width 16: "20"
    RenderBR {BR} at (16,1314) size 0x0
    RenderText {#text} at (0,1320) size 8x22
      text run at (0,1320) width 8: "1"
    RenderBR {BR} at (8,1336) size 0x0
    RenderText {#text} at (0,1342) size 8x22
      text run at (0,1342) width 8: "2"
    RenderBR {BR} at (8,1358) size 0x0
    RenderText {#text} at (0,1364) size 8x22
      text run at (0,1364) width 8: "3"
    RenderBR {BR} at (8,1380) size 0x0
    RenderText {#text} at (0,1386) size 8x22
      text run at (0,1386) width 8: "4"
    RenderBR {BR} at (8,1402) size 0x0
    RenderText {#text} at (0,1408) size 8x22
      text run at (0,1408) width 8: "5"
    RenderBR {BR} at (8,1424) size 0x0
    RenderText {#text} at (0,1430) size 8x22
      text run at (0,1430) width 8: "6"
    RenderBR {BR} at (8,1446) size 0x0
    RenderText {#text} at (0,1452) size 8x22
      text run at (0,1452) width 8: "7"
    RenderBR {BR} at (8,1468) size 0x0
    RenderText {#text} at (0,1474) size 8x22
      text run at (0,1474) width 8: "8"
    RenderBR {BR} at (8,1490) size 0x0
    RenderText {#text} at (0,1496) size 8x22
      text run at (0,1496) width 8: "9"
    RenderBR {BR} at (8,1512) size 0x0
    RenderText {#text} at (0,1518) size 16x22
      text run at (0,1518) width 16: "10"
    RenderBR {BR} at (16,1534) size 0x0
    RenderText {#text} at (0,1540) size 16x22
      text run at (0,1540) width 16: "11"
    RenderBR {BR} at (16,1556) size 0x0
    RenderText {#text} at (0,1562) size 16x22
      text run at (0,1562) width 16: "12"
    RenderBR {BR} at (16,1578) size 0x0
    RenderText {#text} at (0,1584) size 16x22
      text run at (0,1584) width 16: "13"
    RenderBR {BR} at (16,1600) size 0x0
    RenderText {#text} at (0,1606) size 16x22
      text run at (0,1606) width 16: "14"
    RenderBR {BR} at (16,1622) size 0x0
    RenderText {#text} at (0,1628) size 16x22
      text run at (0,1628) width 16: "15"
    RenderBR {BR} at (16,1644) size 0x0
    RenderText {#text} at (0,1650) size 16x22
      text run at (0,1650) width 16: "16"
    RenderBR {BR} at (16,1666) size 0x0
    RenderText {#text} at (0,1672) size 16x22
      text run at (0,1672) width 16: "17"
    RenderBR {BR} at (16,1688) size 0x0
    RenderText {#text} at (0,1694) size 16x22
      text run at (0,1694) width 16: "18"
    RenderBR {BR} at (16,1710) size 0x0
    RenderText {#text} at (0,1716) size 16x22
      text run at (0,1716) width 16: "19"
    RenderBR {BR} at (16,1732) size 0x0
    RenderText {#text} at (0,1738) size 16x22
      text run at (0,1738) width 16: "20"
    RenderBR {BR} at (16,1754) size 0x0
    RenderText {#text} at (0,1760) size 8x22
      text run at (0,1760) width 8: "1"
    RenderBR {BR} at (8,1776) size 0x0
    RenderText {#text} at (0,1782) size 8x22
      text run at (0,1782) width 8: "2"
    RenderBR {BR} at (8,1798) size 0x0
    RenderText {#text} at (0,1804) size 8x22
      text run at (0,1804) width 8: "3"
    RenderBR {BR} at (8,1820) size 0x0
    RenderText {#text} at (0,1826) size 8x22
      text run at (0,1826) width 8: "4"
    RenderBR {BR} at (8,1842) size 0x0
    RenderText {#text} at (0,1848) size 8x22
      text run at (0,1848) width 8: "5"
    RenderBR {BR} at (8,1864) size 0x0
    RenderText {#text} at (0,1870) size 8x22
      text run at (0,1870) width 8: "6"
    RenderBR {BR} at (8,1886) size 0x0
    RenderText {#text} at (0,1892) size 8x22
      text run at (0,1892) width 8: "7"
    RenderBR {BR} at (8,1908) size 0x0
    RenderText {#text} at (0,1914) size 8x22
      text run at (0,1914) width 8: "8"
    RenderBR {BR} at (8,1930) size 0x0
    RenderText {#text} at (0,1936) size 8x22
      text run at (0,1936) width 8: "9"
    RenderBR {BR} at (8,1952) size 0x0
    RenderText {#text} at (0,1958) size 16x22
      text run at (0,1958) width 16: "10"
    RenderBR {BR} at (16,1974) size 0x0
    RenderText {#text} at (0,1980) size 16x22
      text run at (0,1980) width 16: "11"
    RenderBR {BR} at (16,1996) size 0x0
    RenderText {#text} at (0,2002) size 16x22
      text run at (0,2002) width 16: "12"
    RenderBR {BR} at (16,2018) size 0x0
    RenderText {#text} at (0,2024) size 16x22
      text run at (0,2024) width 16: "13"
    RenderBR {BR} at (16,2040) size 0x0
    RenderText {#text} at (0,2046) size 16x22
      text run at (0,2046) width 16: "14"
    RenderBR {BR} at (16,2062) size 0x0
    RenderText {#text} at (0,2068) size 16x22
      text run at (0,2068) width 16: "15"
    RenderBR {BR} at (16,2084) size 0x0
    RenderText {#text} at (0,2090) size 16x22
      text run at (0,2090) width 16: "16"
    RenderBR {BR} at (16,2106) size 0x0
    RenderText {#text} at (0,2112) size 16x22
      text run at (0,2112) width 16: "17"
    RenderBR {BR} at (16,2128) size 0x0
    RenderText {#text} at (0,2134) size 16x22
      text run at (0,2134) width 16: "18"
    RenderBR {BR} at (16,2150) size 0x0
    RenderText {#text} at (0,2156) size 16x22
      text run at (0,2156) width 16: "19"
    RenderBR {BR} at (16,2172) size 0x0
    RenderText {#text} at (0,2178) size 16x22
      text run at (0,2178) width 16: "20"
    RenderBR {BR} at (16,2194) size 0x0
    RenderText {#text} at (0,2200) size 8x22
      text run at (0,2200) width 8: "1"
    RenderBR {BR} at (8,2216) size 0x0
    RenderText {#text} at (0,2222) size 8x22
      text run at (0,2222) width 8: "2"
    RenderBR {BR} at (8,2238) size 0x0
    RenderText {#text} at (0,2244) size 8x22
      text run at (0,2244) width 8: "3"
    RenderBR {BR} at (8,2260) size 0x0
    RenderText {#text} at (0,2266) size 8x22
      text run at (0,2266) width 8: "4"
    RenderBR {BR} at (8,2282) size 0x0
    RenderText {#text} at (0,2288) size 8x22
      text run at (0,2288) width 8: "5"
    RenderBR {BR} at (8,2304) size 0x0
    RenderText {#text} at (0,2310) size 8x22
      text run at (0,2310) width 8: "6"
    RenderBR {BR} at (8,2326) size 0x0
    RenderText {#text} at (0,2332) size 8x22
      text run at (0,2332) width 8: "7"
    RenderBR {BR} at (8,2348) size 0x0
    RenderText {#text} at (0,2354) size 8x22
      text run at (0,2354) width 8: "8"
    RenderBR {BR} at (8,2370) size 0x0
    RenderText {#text} at (0,2376) size 8x22
      text run at (0,2376) width 8: "9"
    RenderBR {BR} at (8,2392) size 0x0
    RenderText {#text} at (0,2398) size 16x22
      text run at (0,2398) width 16: "10"
    RenderBR {BR} at (16,2414) size 0x0
    RenderText {#text} at (0,2420) size 16x22
      text run at (0,2420) width 16: "11"
    RenderBR {BR} at (16,2436) size 0x0
    RenderText {#text} at (0,2442) size 16x22
      text run at (0,2442) width 16: "12"
    RenderBR {BR} at (16,2458) size 0x0
    RenderText {#text} at (0,2464) size 16x22
      text run at (0,2464) width 16: "13"
    RenderBR {BR} at (16,2480) size 0x0
    RenderText {#text} at (0,2486) size 16x22
      text run at (0,2486) width 16: "14"
    RenderBR {BR} at (16,2502) size 0x0
    RenderText {#text} at (0,2508) size 16x22
      text run at (0,2508) width 16: "15"
    RenderBR {BR} at (16,2524) size 0x0
    RenderText {#text} at (0,2530) size 16x22
      text run at (0,2530) width 16: "16"
    RenderBR {BR} at (16,2546) size 0x0
    RenderText {#text} at (0,2552) size 16x22
      text run at (0,2552) width 16: "17"
    RenderBR {BR} at (16,2568) size 0x0
    RenderText {#text} at (0,2574) size 16x22
      text run at (0,2574) width 16: "18"
    RenderBR {BR} at (16,2590) size 0x0
    RenderText {#text} at (0,2596) size 16x22
      text run at (0,2596) width 16: "19"
    RenderBR {BR} at (16,2612) size 0x0
    RenderText {#text} at (0,2618) size 16x22
      text run at (0,2618) width 16: "20"
    RenderBR {BR} at (16,2634) size 0x0
