layer at (0,0) size 800x600
  RenderView at (0,0) size 800x600
layer at (0,0) size 800x600
  RenderBlock {HTML} at (0,0) size 800x600
    RenderBody {BODY} at (8,8) size 784x576
      RenderBlock {P} at (0,0) size 784x22
        RenderText {#text} at (0,0) size 289x22
          text run at (0,0) width 289: "The two boxes below should look identical."
layer at (8,46) size 200x200
  RenderBlock (positioned) {DIV} at (8,46) size 200x200 [bgcolor=#0000FF]
layer at (8,46) size 100x50
  RenderBlock (positioned) {DIV} at (0,0) size 100x50 [bgcolor=#008000]
layer at (300,46) size 200x200
  RenderBlock (positioned) {DIV} at (300,46) size 200x200 [bgcolor=#0000FF]
layer at (300,46) size 100x50
  RenderBlock (positioned) {DIV} at (0,0) size 100x50 [bgcolor=#008000]
