layer at (0,0) size 800x600
  RenderView at (0,0) size 800x600
layer at (0,0) size 800x600
  RenderBlock {HTML} at (0,0) size 800x600
    RenderBody {BODY} at (8,8) size 784x576
      RenderBlock {P} at (0,0) size 784x22
        RenderText {#text} at (0,0) size 616x22
          text run at (0,0) width 372: "In this test case you should only see one line green text. "
          text run at (372,0) width 244: "If there is any red the test has failed."
layer at (8,46) size 134x22
  RenderBlock (positioned) {DIV} at (0,0) size 134x22 [color=#008000]
    RenderText {#text} at (0,0) size 134x22
      text run at (0,0) width 134: "You should see this."
