layer at (0,0) size 800x600
  RenderView at (0,0) size 800x600
layer at (0,0) size 800x600
  RenderBlock {HTML} at (0,0) size 800x600
    RenderBody {BODY} at (8,8) size 784x584
      RenderBlock {P} at (0,0) size 784x22
        RenderText {#text} at (0,0) size 349x22
          text run at (0,0) width 349: "The black outline box should stretch from the right "
        RenderInline {SPAN} at (0,0) size 29x22 [color=#0000FF]
          RenderText {#text} at (349,0) size 29x22
            text run at (349,0) width 29: "blue"
        RenderText {#text} at (378,0) size 126x22
          text run at (378,0) width 126: " border, to the left "
        RenderInline {SPAN} at (0,0) size 47x22 [color=#FFA500]
          RenderText {#text} at (504,0) size 47x22
            text run at (504,0) width 47: "orange"
        RenderText {#text} at (551,0) size 55x22
          text run at (551,0) width 55: " border."
      RenderBlock {DIV} at (0,38) size 600x44
        RenderText {#text} at (399,0) size 201x22
          text run at (399,0) width 201 RTL override: "ILorem ipsum dolor sit amet, "
        RenderText {#text} at (58,0) size 542x44
          text run at (58,0) width 91 RTL override: "irure dolor in"
          text run at (502,22) width 98 RTL override: "reprehenderit."
layer at (8,46) size 230x24
  RenderInline (relative positioned) {SPAN} at (0,0) size 230x24 [bgcolor=#008000] [border: (1px solid #808080) (20px solid #0000FF) (1px solid #808080) (20px solid #FFA500)]
    RenderText {#text} at (254,0) size 105x22
      text run at (254,0) width 105 RTL override: "con a pariatur. "
    RenderText {#text} at (189,0) size 65x22
      text run at (189,0) width 65 RTL override: "duis aute "
layer at (187,46) size 190x22
  RenderBlock (positioned) {DIV} at (20,1) size 190x22
