layer at (0,0) size 800x600
  RenderView at (0,0) size 800x600
layer at (0,0) size 800x50
  RenderBlock {HTML} at (0,0) size 800x50
    RenderBody {BODY} at (8,8) size 784x34
      RenderText {#text} at (0,0) size 0x0
      RenderText {#text} at (0,0) size 0x0
      RenderText {#text} at (0,0) size 0x0
layer at (8,10) size 100x30
  RenderButton {BUTTON} at (0,2) size 100x30 [bgcolor=#C0C0C0]
    RenderBlock (anonymous) at (8,5) size 84x19
      RenderText {#text} at (13,0) size 58x19
        text run at (13,0) width 58: "Click Me "
layer at (85,34) size 28x19
  RenderBlock (positioned) {DIV} at (77,24) size 28x19
    RenderText {#text} at (0,0) size 28x19
      text run at (0,0) width 28: "Now"
