layer at (0,0) size 968x600
  RenderCanvas at (0,0) size 785x585
layer at (0,0) size 968x600
  RenderBlock {HTML} at (0,0) size 785x600
    RenderBody {BODY} at (8,8) size 769x584
      RenderBlock {P} at (0,0) size 769x18 [color=#008000]
        RenderText {TEXT} at (0,0) size 381x18
          text run at (0,0) width 381: "This text should be green if viewport is narrower than 60em."
      RenderBlock {DIV} at (0,34) size 960x18 [bgcolor=#ADD8E6]
        RenderText {TEXT} at (0,0) size 123x18
          text run at (0,0) width 123: "div of length 60 em"
      RenderBlock {DIV} at (0,52) size 800x18 [bgcolor=#ADD8E6]
        RenderText {TEXT} at (0,0) size 124x18
          text run at (0,0) width 124: "div of length 800px"
