layer at (0,0) size 800x600
  RenderCanvas at (0,0) size 800x600
layer at (0,0) size 800x600
  RenderBlock {HTML} at (0,0) size 800x600
    RenderBody {BODY} at (8,8) size 784x576
      RenderBlock {P} at (0,0) size 784x18
        RenderText {TEXT} at (0,0) size 610x18
          text run at (0,0) width 610: "The text below should be green and contain \"braille, media, screen and (color) and (grid: 0), tty\"."
      RenderBlock {P} at (0,34) size 784x18 [color=#008000]
        RenderText {TEXT} at (0,0) size 312x18
          text run at (0,0) width 312: "braille, media, screen and (color) and (grid: 0), tty"
