layer at (0,0) size 800x600
  RenderCanvas at (0,0) size 800x600
layer at (0,0) size 800x600
  RenderBlock {HTML} at (0,0) size 800x600
    RenderBody {BODY} at (8,8) size 784x576
      RenderBlock {P} at (0,0) size 784x18
        RenderText {TEXT} at (0,0) size 560x18
          text run at (0,0) width 560: "This text should be green and below should read \"braille, not screen, screen and (color)\"."
      RenderBlock {P} at (0,34) size 784x18
        RenderText {TEXT} at (0,0) size 232x18
          text run at (0,0) width 232: "braille, not screen, screen and (color)"
      RenderBlock {P} at (0,68) size 784x18
        RenderText {TEXT} at (0,0) size 182x18
          text run at (0,0) width 182: "expected to fail (24.07.2005)"
