layer at (0,0) size 800x600
  RenderCanvas at (0,0) size 800x600
layer at (0,0) size 800x600
  RenderBlock {HTML} at (0,0) size 800x600
    RenderBody {BODY} at (8,8) size 784x576
      RenderBlock {P} at (0,0) size 784x18
        RenderText {TEXT} at (0,0) size 445x18
          text run at (0,0) width 445: "This text should be green and below should read \"media list is empty\"."
      RenderBlock {P} at (0,34) size 784x18
        RenderText {TEXT} at (0,0) size 117x18
          text run at (0,0) width 117: "media list is empty"
