layer at (0,0) size 808x600
  RenderView at (0,0) size 785x585
layer at (0,0) size 808x600
  RenderBlock {HTML} at (0,0) size 785x600
    RenderBody {BODY} at (8,8) size 769x584
      RenderBlock {P} at (0,0) size 769x18 [color=#008000]
        RenderText {#text} at (0,0) size 378x18
          text run at (0,0) width 378: "This text should be green if viewport is at most 800px wide."
      RenderBlock {DIV} at (0,34) size 800x18 [bgcolor=#ADD8E6]
        RenderText {#text} at (0,0) size 121x18
          text run at (0,0) width 121: "div of width 800px"
