layer at (0,0) size 800x600
  RenderView at (0,0) size 800x600
layer at (0,0) size 800x600
  RenderBlock {HTML} at (0,0) size 800x600
    RenderBody {BODY} at (8,8) size 784x576
      RenderBlock {P} at (0,0) size 784x22
        RenderText {#text} at (0,0) size 657x22
          text run at (0,0) width 657: "The text below should be green and contain \"braille, media, screen and (color) and (grid: 0), tty\"."
      RenderBlock {P} at (0,38) size 784x22 [color=#008000]
        RenderText {#text} at (0,0) size 336x22
          text run at (0,0) width 336: "braille, media, screen and (color) and (grid: 0), tty"
