layer at (0,0) size 800x600
  RenderView at (0,0) size 800x600
layer at (0,0) size 800x600
  RenderBlock {HTML} at (0,0) size 800x600
    RenderBody {BODY} at (8,8) size 784x576
      RenderBlock {P} at (0,0) size 784x22 [color=#008000]
        RenderText {#text} at (0,0) size 478x22
          text run at (0,0) width 478: "This text should be green and below should read \"media list is empty\"."
      RenderBlock {P} at (0,38) size 784x22 [color=#008000]
        RenderText {#text} at (0,0) size 124x22
          text run at (0,0) width 124: "media list is empty"
      RenderBlock {P} at (0,76) size 784x22 [color=#008000]
        RenderText {#text} at (0,0) size 183x22
          text run at (0,0) width 183: "Expected to fail (24.7.2005)"
