layer at (0,0) size 800x600
  RenderView at (0,0) size 800x600
layer at (0,0) size 800x600
  RenderBlock {HTML} at (0,0) size 800x600
    RenderBody {BODY} at (8,8) size 784x576
      RenderBlock {P} at (0,0) size 784x22 [color=#008000]
        RenderText {#text} at (0,0) size 603x22
          text run at (0,0) width 603: "This text should be green and below should read \"braille, not screen, screen and (color)\"."
      RenderBlock {P} at (0,38) size 784x22 [color=#008000]
        RenderText {#text} at (0,0) size 326x22
          text run at (0,0) width 326: "braille, not screen, screen and (color), not screen"
      RenderBlock {P} at (0,76) size 784x22 [color=#008000]
        RenderText {#text} at (0,0) size 187x22
          text run at (0,0) width 187: "expected to fail (24.07.2005)"
