layer at (0,0) size 800x600
  RenderView at (0,0) size 800x600
layer at (0,0) size 800x600
  RenderBlock {HTML} at (0,0) size 800x600
    RenderBody {BODY} at (8,8) size 784x576
      RenderBlock {P} at (0,0) size 784x22
        RenderText {#text} at (0,0) size 347x22
          text run at (0,0) width 347: "This text should be green if the viewport is portrait."
      RenderBlock {P} at (0,38) size 784x22 [color=#008000]
        RenderText {#text} at (0,0) size 361x22
          text run at (0,0) width 361: "This text should be green if the viewport is landscape."
      RenderBlock {P} at (0,76) size 784x22
        RenderText {#text} at (0,0) size 502x22
          text run at (0,0) width 502: "Obviously, at least one should be green, but never both. Square is portrait."
