layer at (0,0) size 968x584
  RenderView at (0,0) size 800x584
layer at (0,0) size 800x584
  RenderBlock {HTML} at (0,0) size 800x584
    RenderBody {BODY} at (8,8) size 784x568
      RenderBlock {P} at (0,0) size 784x22 [color=#008000]
        RenderText {#text} at (0,0) size 409x22
          text run at (0,0) width 409: "This text should be green if viewport is narrower than 60em."
      RenderBlock {DIV} at (0,38) size 960x22 [bgcolor=#ADD8E6]
        RenderText {#text} at (0,0) size 128x22
          text run at (0,0) width 128: "div of length 60 em"
      RenderBlock {DIV} at (0,60) size 800x22 [bgcolor=#ADD8E6]
        RenderText {#text} at (0,0) size 129x22
          text run at (0,0) width 129: "div of length 800px"
