layer at (0,0) size 808x584
  RenderView at (0,0) size 800x584
layer at (0,0) size 800x584
  RenderBlock {HTML} at (0,0) size 800x584
    RenderBody {BODY} at (8,8) size 784x568
      RenderBlock {P} at (0,0) size 784x22 [color=#008000]
        RenderText {#text} at (0,0) size 756x22
          text run at (0,0) width 756: "This text should be green if viewport is wider than 30em. This tests that (max-width: 30em) can evaluate to false."
      RenderBlock {DIV} at (0,38) size 480x22 [bgcolor=#ADD8E6]
        RenderText {#text} at (0,0) size 128x22
          text run at (0,0) width 128: "div of length 30 em"
      RenderBlock {DIV} at (0,60) size 800x22 [bgcolor=#ADD8E6]
        RenderText {#text} at (0,0) size 129x22
          text run at (0,0) width 129: "div of length 800px"
