layer at (0,0) size 800x600
  RenderView at (0,0) size 800x600
layer at (0,0) size 800x600
  RenderBlock {HTML} at (0,0) size 800x600
    RenderBody {BODY} at (8,8) size 784x584
      RenderText {#text} at (206,33) size 249x19
        text run at (206,33) width 249: " --> This should be outside the textarea."
layer at (10,10) size 202x44 clip at (11,11) size 200x42
  RenderTextControl {TEXTAREA} at (2,2) size 202x44 [bgcolor=#FFFFFF] [border: (1px solid #000000)]
    RenderBlock {DIV} at (3,3) size 196x19
      RenderText {#text} at (0,0) size 27x19
        text run at (0,0) width 23: "<!--"
        text run at (23,0) width 4: " "
