layer at (0,0) size 800x600
  RenderView at (0,0) size 800x600
layer at (0,0) size 800x600
  RenderBlock {HTML} at (0,0) size 800x600
    RenderBody {BODY} at (8,8) size 784x584
      RenderText {#text} at (206,33) size 246x19
        text run at (206,33) width 246: " This should not be part of the textarea."
layer at (10,10) size 202x44 clip at (11,11) size 184x42 scrollHeight 80
  RenderTextControl {TEXTAREA} at (2,2) size 202x44 [bgcolor=#FFFFFF] [border: (1px solid #000000)]
    RenderBlock {DIV} at (3,3) size 180x76
      RenderText {#text} at (0,0) size 180x57
        text run at (0,0) width 23: "<!--"
        text run at (23,0) width 0: " "
        text run at (0,19) width 179: "This should be part of the"
        text run at (179,19) width 1: " "
        text run at (0,38) width 61: "textarea."
        text run at (61,38) width 0: " "
      RenderBR {BR} at (0,57) size 0x19
