layer at (0,0) size 800x600
  RenderView at (0,0) size 800x600
layer at (0,0) size 800x600
  RenderBlock {HTML} at (0,0) size 800x600
    RenderBody {BODY} at (8,8) size 784x584 [bgcolor=#CCCCCC]
      RenderBlock {P} at (0,0) size 784x19
        RenderText {#text} at (0,0) size 354x19
          text run at (0,0) width 354: "The style declarations which apply to the text below are:"
      RenderBlock {PRE} at (0,33) size 784x76
        RenderText {#text} at (0,0) size 132x76
          text run at (0,0) width 122: ".one {color: green;}"
          text run at (122,0) width 0: " "
          text run at (0,19) width 90: ".1 {color: red;}"
          text run at (90,19) width 0: " "
          text run at (0,38) width 114: ".a1 {color: green;}"
          text run at (114,38) width 0: " "
          text run at (0,57) width 132: "P.two {color: purple;}"
          text run at (132,57) width 0: " "
      RenderBlock {HR} at (0,123) size 784x2 [border: (1px inset #000000)]
      RenderBlock {P} at (0,139) size 784x19 [color=#008000]
        RenderText {#text} at (0,0) size 200x19
          text run at (0,0) width 200: "This sentence should be green."
      RenderBlock {P} at (0,172) size 784x19
        RenderText {#text} at (0,0) size 563x19
          text run at (0,0) width 563: "This sentence should be black, not red-- class selectors cannot begin with digits in CSS1."
      RenderBlock {P} at (0,205) size 784x19 [color=#008000]
        RenderText {#text} at (0,0) size 200x19
          text run at (0,0) width 200: "This sentence should be green."
      RenderBlock {P} at (0,238) size 784x19 [color=#800080]
        RenderText {#text} at (0,0) size 203x19
          text run at (0,0) width 203: "This sentence should be purple."
      RenderBlock {PRE} at (0,271) size 784x19
        RenderText {#text} at (0,0) size 237x19
          text run at (0,0) width 237: "This sentence should NOT be purple."
          text run at (237,0) width 0: " "
      RenderBlock {UL} at (0,304) size 784x19
        RenderListItem {LI} at (40,0) size 744x19
          RenderListMarker at (-17,0) size 7x19: bullet
          RenderText {#text} at (0,0) size 237x19
            text run at (0,0) width 237: "This sentence should NOT be purple."
      RenderTable {TABLE} at (0,337) size 585x236 [border: (1px outset #808080)]
        RenderTableSection {TBODY} at (1,1) size 583x234
          RenderTableRow {TR} at (0,0) size 583x28
            RenderTableCell {TD} at (0,0) size 583x28 [bgcolor=#C0C0C0] [border: (1px inset #808080)] [r=0 c=0 rs=1 cs=2]
              RenderInline {STRONG} at (0,0) size 159x20
                RenderText {#text} at (4,4) size 159x20
                  text run at (4,4) width 159: "TABLE Testing Section"
          RenderTableRow {TR} at (0,28) size 583x206
            RenderTableCell {TD} at (0,117) size 12x27 [bgcolor=#C0C0C0] [border: (1px inset #808080)] [r=1 c=0 rs=1 cs=1]
              RenderText {#text} at (4,4) size 4x19
                text run at (4,4) width 4: " "
            RenderTableCell {TD} at (12,28) size 571x206 [border: (1px inset #808080)] [r=1 c=1 rs=1 cs=1]
              RenderBlock {P} at (4,4) size 563x19 [color=#008000]
                RenderText {#text} at (0,0) size 200x19
                  text run at (0,0) width 200: "This sentence should be green."
              RenderBlock {P} at (4,37) size 563x19
                RenderText {#text} at (0,0) size 563x19
                  text run at (0,0) width 563: "This sentence should be black, not red-- class selectors cannot begin with digits in CSS1."
              RenderBlock {P} at (4,70) size 563x19 [color=#008000]
                RenderText {#text} at (0,0) size 200x19
                  text run at (0,0) width 200: "This sentence should be green."
              RenderBlock {P} at (4,103) size 563x19 [color=#800080]
                RenderText {#text} at (0,0) size 203x19
                  text run at (0,0) width 203: "This sentence should be purple."
              RenderBlock {PRE} at (4,136) size 563x19
                RenderText {#text} at (0,0) size 237x19
                  text run at (0,0) width 237: "This sentence should NOT be purple."
                  text run at (237,0) width 0: " "
              RenderBlock {UL} at (4,169) size 563x19
                RenderListItem {LI} at (40,0) size 523x19
                  RenderListMarker at (-17,0) size 7x19: bullet
                  RenderText {#text} at (0,0) size 237x19
                    text run at (0,0) width 237: "This sentence should NOT be purple."
