layer at (0,0) size 800x667
  RenderView at (0,0) size 800x600
layer at (0,0) size 800x667
  RenderBlock {HTML} at (0,0) size 800x667
    RenderBody {BODY} at (8,8) size 784x651 [bgcolor=#CCCCCC]
      RenderBlock {P} at (0,0) size 784x19
        RenderText {#text} at (0,0) size 354x19
          text run at (0,0) width 354: "The style declarations which apply to the text below are:"
      RenderBlock {PRE} at (0,33) size 784x152
        RenderText {#text} at (0,1) size 272x150
          text run at (0,1) width 160: "#one {color: green;}"
          text run at (160,1) width 0: " "
          text run at (0,20) width 152: "#a1 {color: green;}"
          text run at (152,20) width 0: " "
          text run at (0,39) width 224: "P#two, P#two2 {color: blue;}"
          text run at (224,39) width 0: " "
          text run at (0,58) width 272: "P#three, P#three2 {color: purple;}"
          text run at (272,58) width 0: " "
          text run at (0,77) width 168: "#four {color: green;}"
          text run at (168,77) width 0: " "
          text run at (0,96) width 152: "#a2 {color: green;}"
          text run at (152,96) width 0: " "
          text run at (0,115) width 240: "P#five, P#five2 {color: blue;}"
          text run at (240,115) width 0: " "
          text run at (0,134) width 240: "P#six, P#six2 {color: purple;}"
      RenderBlock {HR} at (0,199) size 784x2 [border: (1px inset #000000)]
      RenderBlock {P} at (0,215) size 784x19 [color=#008000]
        RenderText {#text} at (0,0) size 200x19
          text run at (0,0) width 200: "This sentence should be green."
      RenderBlock {P} at (0,248) size 784x19 [color=#008000]
        RenderText {#text} at (0,0) size 200x19
          text run at (0,0) width 200: "This sentence should be green."
      RenderBlock {P} at (0,281) size 784x20 [color=#0000FF]
        RenderText {#text} at (0,0) size 202x19
          text run at (0,0) width 202: "This paragraph should be blue ["
        RenderInline {TT} at (0,0) size 64x17
          RenderText {#text} at (202,2) size 64x17
            text run at (202,2) width 64: "ID=\"two\""
        RenderText {#text} at (266,0) size 8x19
          text run at (266,0) width 8: "]."
      RenderBlock {PRE} at (0,315) size 784x19
        RenderText {#text} at (0,1) size 392x17
          text run at (0,1) width 392: "This sentence should NOT be blue [PRE ID=\"two2\"]."
          text run at (392,1) width 0: " "
      RenderBlock {PRE} at (0,348) size 784x19
        RenderText {#text} at (0,1) size 472x17
          text run at (0,1) width 472: "This sentence should be black, not purple [PRE ID=\"three\"]."
          text run at (472,1) width 0: " "
      RenderBlock {UL} at (0,381) size 784x19
        RenderListItem {LI} at (40,0) size 744x19
          RenderListMarker at (-17,0) size 7x19: bullet
          RenderText {#text} at (0,0) size 237x19
            text run at (0,0) width 237: "This sentence should NOT be purple."
      RenderTable {TABLE} at (0,414) size 422x237 [border: (1px outset #808080)]
        RenderTableSection {TBODY} at (1,1) size 420x235
          RenderTableRow {TR} at (0,0) size 420x28
            RenderTableCell {TD} at (0,0) size 420x28 [bgcolor=#C0C0C0] [border: (1px inset #808080)] [r=0 c=0 rs=1 cs=2]
              RenderInline {STRONG} at (0,0) size 159x20
                RenderText {#text} at (4,4) size 159x20
                  text run at (4,4) width 159: "TABLE Testing Section"
          RenderTableRow {TR} at (0,28) size 420x207
            RenderTableCell {TD} at (0,118) size 12x27 [bgcolor=#C0C0C0] [border: (1px inset #808080)] [r=1 c=0 rs=1 cs=1]
              RenderText {#text} at (4,4) size 4x19
                text run at (4,4) width 4: " "
            RenderTableCell {TD} at (12,28) size 408x207 [border: (1px inset #808080)] [r=1 c=1 rs=1 cs=1]
              RenderBlock {P} at (4,4) size 400x19 [color=#008000]
                RenderText {#text} at (0,0) size 200x19
                  text run at (0,0) width 200: "This sentence should be green."
              RenderBlock {P} at (4,37) size 400x19 [color=#008000]
                RenderText {#text} at (0,0) size 200x19
                  text run at (0,0) width 200: "This sentence should be green."
              RenderBlock {P} at (4,70) size 400x20 [color=#0000FF]
                RenderText {#text} at (0,0) size 202x19
                  text run at (0,0) width 202: "This paragraph should be blue ["
                RenderInline {TT} at (0,0) size 72x17
                  RenderText {#text} at (202,2) size 72x17
                    text run at (202,2) width 72: "ID=\"five\""
                RenderText {#text} at (274,0) size 8x19
                  text run at (274,0) width 8: "]."
              RenderBlock {PRE} at (4,104) size 400x19
                RenderText {#text} at (0,1) size 400x17
                  text run at (0,1) width 400: "This sentence should NOT be blue [PRE ID=\"five2\"]."
                  text run at (400,1) width 0: " "
              RenderBlock {PRE} at (4,137) size 400x19
                RenderText {#text} at (0,1) size 360x17
                  text run at (0,1) width 360: "This sentence should be black [PRE ID=\"six\"]."
                  text run at (360,1) width 0: " "
              RenderBlock {UL} at (4,170) size 400x19
                RenderListItem {LI} at (40,0) size 360x19
                  RenderListMarker at (-17,0) size 7x19: bullet
                  RenderText {#text} at (0,0) size 237x19
                    text run at (0,0) width 237: "This sentence should NOT be purple."
