layer at (0,0) size 800x600
  RenderCanvas at (0,0) size 800x600
layer at (0,0) size 800x93
  RenderBlock {HTML} at (0,0) size 800x93
    RenderBody {BODY} at (8,14) size 784x65
      RenderBlock {UL} at (0,0) size 784x34
        RenderListItem {LI} at (40,0) size 744x17 [bgcolor=#00FF00]
          RenderListMarker at (0,0) size 0x14 [bgcolor=#000000]
          RenderText {TEXT} at (0,0) size 334x17
            text run at (0,0) width 334: "The background of this list item should be green"
        RenderListItem {LI} at (40,17) size 744x17 [bgcolor=#00FF00]
          RenderListMarker at (0,0) size 0x14 [bgcolor=#000000]
          RenderText {TEXT} at (0,0) size 419x17
            text run at (0,0) width 419: "The background of this second list item should be also green"
      RenderBlock {P} at (0,48) size 784x17 [bgcolor=#00FF00]
        RenderText {TEXT} at (0,0) size 353x17
          text run at (0,0) width 353: "The background of this paragraph should be green."
