layer at (0,0) size 800x600
  RenderCanvas at (0,0) size 800x600
layer at (0,0) size 800x69
  RenderBlock {HTML} at (0,0) size 800x69
    RenderBody {BODY} at (8,14) size 784x47
      RenderBlock {P} at (0,0) size 784x17 [bgcolor=#00FF00]
        RenderText {TEXT} at (0,0) size 539x17
          text run at (0,0) width 539: "This paragraph should have green background because its language is \"en-gb\""
      RenderBlock {ADDRESS} at (0,31) size 784x16 [bgcolor=#00FF00]
        RenderInline {SPAN} at (0,0) size 158x16 [bgcolor=#000000]
          RenderText {TEXT} at (0,0) size 158x16
            text run at (0,0) width 158: "This address should also"
        RenderText {TEXT} at (158,0) size 4x16
          text run at (158,0) width 4: " "
        RenderInline {SPAN} at (0,0) size 511x16 [bgcolor=#000000]
          RenderText {TEXT} at (162,0) size 511x16
            text run at (162,0) width 424: "have green background because the language of the inner SPANs "
            text run at (586,0) width 87: "is not French."
        RenderText {TEXT} at (0,0) size 0x0
