layer at (0,0) size 800x600
  RenderCanvas at (0,0) size 800x600
layer at (0,0) size 800x62
  RenderBlock {HTML} at (0,0) size 800x62
    RenderBody {BODY} at (8,14) size 784x34
      RenderBlock {P} at (0,0) size 784x34
        RenderText {TEXT} at (0,0) size 173x17
          text run at (0,0) width 173: "The background color of "
        RenderInline {A} at (0,0) size 73x17 [color=#0000EE]
          RenderText {TEXT} at (173,0) size 73x17
            text run at (173,0) width 73: "the anchor"
        RenderText {TEXT} at (246,0) size 773x34
          text run at (246,0) width 4: " "
          text run at (250,0) width 405: "should turn to green when it is activated and come back to "
          text run at (655,0) width 118: "normal when it is"
          text run at (0,17) width 62: "released."
