layer at (0,0) size 800x600
  RenderCanvas at (0,0) size 800x600
layer at (0,0) size 800x126
  RenderBlock {HTML} at (0,0) size 800x126
    RenderBody {BODY} at (8,8) size 784x104
      RenderBlock {DIV} at (0,0) size 784x73
        RenderTable {TABLE} at (324,0) size 135x73
          RenderTableSection {TBODY} at (1,1) size 0x71
            RenderTableRow {TR} at (0,0) size 0x0
              RenderTableCell {TD} at (2,2) size 27x21 [r=0 c=0 rs=1 cs=1]
                RenderText {TEXT} at (2,2) size 23x17
                  text run at (2,2) width 23: "1.1"
              RenderTableCell {TD} at (31,2) size 27x21 [r=0 c=1 rs=1 cs=1]
                RenderText {TEXT} at (2,2) size 23x17
                  text run at (2,2) width 23: "1.2"
              RenderTableCell {TD} at (60,2) size 71x21 [bgcolor=#00FF00] [r=0 c=2 rs=1 cs=1]
                RenderText {TEXT} at (2,2) size 67x17
                  text run at (2,2) width 67: "green cell"
            RenderTableRow {TR} at (0,0) size 0x0
              RenderTableCell {TD} at (2,25) size 27x21 [r=1 c=0 rs=1 cs=1]
                RenderText {TEXT} at (2,2) size 23x17
                  text run at (2,2) width 23: "2.1"
              RenderTableCell {TD} at (31,25) size 27x21 [r=1 c=1 rs=1 cs=1]
                RenderText {TEXT} at (2,2) size 23x17
                  text run at (2,2) width 23: "2.2"
              RenderTableCell {TD} at (60,25) size 71x21 [bgcolor=#00FF00] [r=1 c=2 rs=1 cs=1]
                RenderText {TEXT} at (2,2) size 67x17
                  text run at (2,2) width 67: "green cell"
            RenderTableRow {TR} at (0,0) size 0x0
              RenderTableCell {TD} at (2,48) size 27x21 [r=2 c=0 rs=1 cs=1]
                RenderText {TEXT} at (2,2) size 23x17
                  text run at (2,2) width 23: "3.1"
              RenderTableCell {TD} at (31,48) size 27x21 [r=2 c=1 rs=1 cs=1]
                RenderText {TEXT} at (2,2) size 23x17
                  text run at (2,2) width 23: "3.2"
              RenderTableCell {TD} at (60,48) size 71x21 [bgcolor=#00FF00] [r=2 c=2 rs=1 cs=1]
                RenderText {TEXT} at (2,2) size 67x17
                  text run at (2,2) width 67: "green cell"
      RenderBlock {P} at (0,87) size 784x17
        RenderInline {SPAN} at (0,0) size 472x17 [bgcolor=#00FF00]
          RenderText {TEXT} at (0,0) size 472x17
            text run at (0,0) width 299: "This paragraph contains a span that should "
            text run at (299,0) width 173: "have a green background"
        RenderText {TEXT} at (472,0) size 157x17
          text run at (472,0) width 157: " and some text after it."
