layer at (0,0) size 800x600
  RenderCanvas at (0,0) size 800x600
layer at (0,0) size 800x64
  RenderBlock {HTML} at (0,0) size 800x64
    RenderBody {BODY} at (8,16) size 784x32
      RenderBlock {P} at (0,0) size 784x32
        RenderInline (anonymous) at (0,0) size 17x32 [bgcolor=#00FF00]
          RenderText {TEXT} at (0,0) size 17x32 [bgcolor=#000000]
            text run at (0,0) width 17: "T"
        RenderText {TEXT} at (17,11) size 481x18
          text run at (17,11) width 331: "his very long paragraph should have a big first letter "
          text run at (348,11) width 150: "with green background."
