layer at (0,0) size 800x600
  RenderCanvas at (0,0) size 800x600
layer at (0,0) size 800x148
  RenderBlock {HTML} at (0,0) size 800x148
    RenderBody {BODY} at (8,16) size 784x124
      RenderBlock {DIV} at (0,0) size 784x52
        RenderBlock {P} at (0,0) size 784x18
          RenderText {TEXT} at (0,0) size 221x18
            text run at (0,0) width 221: "This paragraph should be unstyled."
        RenderBlock {DIV} at (0,34) size 784x18
          RenderBlock {P} at (0,0) size 784x18
            RenderText {TEXT} at (0,0) size 221x18
              text run at (0,0) width 221: "This paragraph should be unstyled."
      RenderTable {TABLE} at (0,68) size 314x56
        RenderTableSection {TBODY} at (0,0) size 0x56
          RenderTableRow {TR} at (0,0) size 0x0
            RenderTableCell {TD} at (2,2) size 310x52 [r=0 c=0 rs=1 cs=1]
              RenderBlock {P} at (1,17) size 308x18 [bgcolor=#00FF00]
                RenderText {TEXT} at (0,0) size 308x18
                  text run at (0,0) width 308: "This paragraph should have a green background."
