layer at (0,0) size 800x600
  RenderCanvas at (0,0) size 800x600
layer at (0,0) size 800x168
  RenderBlock {HTML} at (0,0) size 800x168
    RenderBody {BODY} at (8,14) size 784x140
      RenderBlock {DIV} at (0,0) size 784x140
        RenderBlock {P} at (0,0) size 784x17 [bgcolor=#00FF00]
          RenderText {TEXT} at (0,0) size 335x17
            text run at (0,0) width 335: "This paragraph should have a green background."
        RenderBlock {P} at (0,31) size 784x17
          RenderText {TEXT} at (0,0) size 220x17
            text run at (0,0) width 220: "But this one should be unstyled."
        RenderBlock {P} at (0,62) size 784x17
          RenderText {TEXT} at (0,0) size 258x17
            text run at (0,0) width 258: "And this one should also be unstyled."
        RenderBlock {ADDRESS} at (0,93) size 784x16 [bgcolor=#00FF00]
          RenderText {TEXT} at (0,0) size 679x16
            text run at (0,0) width 679: "This address is only here to fill some space between two paragraphs and should have a green background."
        RenderBlock {P} at (0,123) size 784x17 [bgcolor=#00FF00]
          RenderText {TEXT} at (0,0) size 362x17
            text run at (0,0) width 362: "This paragraph should have a green background too."
