layer at (0,0) size 800x600
  RenderCanvas at (0,0) size 800x600
layer at (0,0) size 800x76
  RenderBlock {HTML} at (0,0) size 800x76
    RenderBody {BODY} at (8,14) size 784x48
      RenderBlock {DIV} at (0,0) size 784x48
        RenderBlock {P} at (0,0) size 784x17 [color=#00FF00]
          RenderInline {SPAN} at (0,0) size 535x17 [color=#000000]
            RenderText {TEXT} at (0,0) size 535x17
              text run at (0,0) width 535: "The color of this text should be green when the pointing device hovers over it."
          RenderText {TEXT} at (0,0) size 0x0
        RenderBlock {P} at (0,31) size 784x17 [color=#00FF00]
          RenderInline {A} at (0,0) size 535x17 [color=#000000]
            RenderText {TEXT} at (0,0) size 535x17
              text run at (0,0) width 535: "The color of this text should be green when the pointing device hovers over it."
          RenderText {TEXT} at (0,0) size 0x0
