layer at (0,0) size 800x600
  RenderCanvas at (0,0) size 800x600
layer at (0,0) size 800x50
  RenderBlock {HTML} at (0,0) size 800x50
    RenderBody {BODY} at (8,16) size 784x18
      RenderBlock {P} at (0,0) size 784x18
        RenderText {TEXT} at (0,0) size 180x18
          text run at (0,0) width 180: "The background color of all "
        RenderInline {A} at (0,0) size 49x18 [color=#0000EE]
          RenderText {TEXT} at (180,0) size 49x18
            text run at (180,0) width 49: "anchors"
        RenderText {TEXT} at (229,0) size 103x18
          text run at (229,0) width 4: " "
          text run at (233,0) width 99: "should become "
        RenderInline {A} at (0,0) size 35x18 [color=#0000EE]
          RenderText {TEXT} at (332,0) size 35x18
            text run at (332,0) width 35: "green"
        RenderText {TEXT} at (367,0) size 131x18
          text run at (367,0) width 131: " when they have the "
        RenderInline {A} at (0,0) size 34x18 [color=#0000EE]
          RenderText {TEXT} at (498,0) size 34x18
            text run at (498,0) width 34: "focus"
        RenderText {TEXT} at (532,0) size 4x18
          text run at (532,0) width 4: "."
