layer at (0,0) size 800x600
  RenderCanvas at (0,0) size 800x600
layer at (0,0) size 800x76
  RenderBlock {HTML} at (0,0) size 800x76
    RenderBody {BODY} at (8,14) size 784x48
      RenderBlock {BLOCKQUOTE} at (40,0) size 704x17
        RenderText {TEXT} at (0,0) size 198x17
          text run at (0,0) width 198: "This text should be unstyled."
      RenderBlock {DIV} at (0,31) size 784x17
        RenderBlock {DIV} at (0,0) size 784x17
          RenderBlock {P} at (0,0) size 784x17 [color=#008000]
            RenderText {TEXT} at (0,0) size 179x17
              text run at (0,0) width 179: "This text should be green."
