layer at (0,0) size 800x3134
  RenderCanvas at (0,0) size 800x600
layer at (0,0) size 800x3134
  RenderBlock {HTML} at (0,0) size 800x3134
    RenderBody {BODY} at (8,18) size 784x3102
      RenderBlock {H1} at (0,0) size 784x33
        RenderText {TEXT} at (0,0) size 244x33
          text run at (0,0) width 244: "HTML Test Index"
      RenderBlock {P} at (0,51) size 784x17
        RenderText {TEXT} at (0,0) size 328x17
          text run at (0,0) width 328: "The HTML tests are available in several variants."
      RenderBlock {H2} at (0,85) size 784x24
        RenderText {TEXT} at (0,0) size 296x24
          text run at (0,0) width 296: "Tests With Navigation Aids"
      RenderBlock {P} at (0,126) size 784x51
        RenderText {TEXT} at (0,0) size 758x51
          text run at (0,0) width 758: "Each category of test is available using several different harnesses. The name of the harness describes how the"
          text run at (0,17) width 742: "test markup is contained within it, for example the Xlink embed case uses an XLink with the show axis set to"
          text run at (0,34) width 52: "embed."
      RenderBlock {UL} at (0,191) size 784x170
        RenderListItem {LI} at (40,0) size 744x34
          RenderListMarker at (0,0) size 0x14
          RenderInline {A} at (0,0) size 22x17 [color=#0000EE]
            RenderText {TEXT} at (0,0) size 22x17
              text run at (0,0) width 22: "full"
          RenderText {TEXT} at (22,0) size 9x17
            text run at (22,0) width 9: ": "
          RenderInline {A} at (0,0) size 99x17 [color=#0000EE]
            RenderText {TEXT} at (31,0) size 99x17
              text run at (31,0) width 99: "Self Contained"
          RenderText {TEXT} at (130,0) size 9x17
            text run at (130,0) width 9: ", "
          RenderInline {A} at (0,0) size 118x17 [color=#0000EE]
            RenderText {TEXT} at (139,0) size 118x17
              text run at (139,0) width 118: "XHTML <iframe>"
          RenderText {TEXT} at (257,0) size 9x17
            text run at (257,0) width 9: ", "
          RenderInline {A} at (0,0) size 117x17 [color=#0000EE]
            RenderText {TEXT} at (266,0) size 117x17
              text run at (266,0) width 117: "XHTML <object>"
          RenderText {TEXT} at (383,0) size 9x17
            text run at (383,0) width 9: ", "
          RenderInline {A} at (0,0) size 114x17 [color=#0000EE]
            RenderText {TEXT} at (392,0) size 114x17
              text run at (392,0) width 114: "XHTML <frame>"
          RenderText {TEXT} at (506,0) size 9x17
            text run at (506,0) width 9: ", "
          RenderInline {A} at (0,0) size 109x17 [color=#0000EE]
            RenderText {TEXT} at (515,0) size 109x17
              text run at (515,0) width 109: "HTML <iframe>"
          RenderText {TEXT} at (624,0) size 9x17
            text run at (624,0) width 9: ", "
          RenderInline {A} at (0,0) size 672x34 [color=#0000EE]
            RenderText {TEXT} at (633,0) size 672x34
              text run at (633,0) width 39: "HTML"
              text run at (0,17) width 65: "<object>"
          RenderText {TEXT} at (65,17) size 9x17
            text run at (65,17) width 9: ", "
          RenderInline {A} at (0,0) size 105x17 [color=#0000EE]
            RenderText {TEXT} at (74,17) size 105x17
              text run at (74,17) width 105: "HTML <frame>"
          RenderText {TEXT} at (179,17) size 9x17
            text run at (179,17) width 9: ", "
          RenderInline {A} at (0,0) size 89x17 [color=#0000EE]
            RenderText {TEXT} at (188,17) size 89x17
              text run at (188,17) width 89: "XLink embed"
          RenderText {TEXT} at (277,17) size 9x17
            text run at (277,17) width 9: ", "
          RenderInline {A} at (0,0) size 82x17 [color=#0000EE]
            RenderText {TEXT} at (286,17) size 82x17
              text run at (286,17) width 82: "TNG Format"
        RenderListItem {LI} at (40,34) size 744x34
          RenderListMarker at (0,0) size 0x14
          RenderInline {A} at (0,0) size 37x17 [color=#0000EE]
            RenderText {TEXT} at (0,0) size 37x17
              text run at (0,0) width 37: "static"
          RenderText {TEXT} at (37,0) size 9x17
            text run at (37,0) width 9: ": "
          RenderInline {A} at (0,0) size 99x17 [color=#0000EE]
            RenderText {TEXT} at (46,0) size 99x17
              text run at (46,0) width 99: "Self Contained"
          RenderText {TEXT} at (145,0) size 9x17
            text run at (145,0) width 9: ", "
          RenderInline {A} at (0,0) size 118x17 [color=#0000EE]
            RenderText {TEXT} at (154,0) size 118x17
              text run at (154,0) width 118: "XHTML <iframe>"
          RenderText {TEXT} at (272,0) size 9x17
            text run at (272,0) width 9: ", "
          RenderInline {A} at (0,0) size 117x17 [color=#0000EE]
            RenderText {TEXT} at (281,0) size 117x17
              text run at (281,0) width 117: "XHTML <object>"
          RenderText {TEXT} at (398,0) size 9x17
            text run at (398,0) width 9: ", "
          RenderInline {A} at (0,0) size 114x17 [color=#0000EE]
            RenderText {TEXT} at (407,0) size 114x17
              text run at (407,0) width 114: "XHTML <frame>"
          RenderText {TEXT} at (521,0) size 9x17
            text run at (521,0) width 9: ", "
          RenderInline {A} at (0,0) size 109x17 [color=#0000EE]
            RenderText {TEXT} at (530,0) size 109x17
              text run at (530,0) width 109: "HTML <iframe>"
          RenderText {TEXT} at (639,0) size 9x17
            text run at (639,0) width 9: ", "
          RenderInline {A} at (0,0) size 687x34 [color=#0000EE]
            RenderText {TEXT} at (648,0) size 687x34
              text run at (648,0) width 39: "HTML"
              text run at (0,17) width 65: "<object>"
          RenderText {TEXT} at (65,17) size 9x17
            text run at (65,17) width 9: ", "
          RenderInline {A} at (0,0) size 105x17 [color=#0000EE]
            RenderText {TEXT} at (74,17) size 105x17
              text run at (74,17) width 105: "HTML <frame>"
          RenderText {TEXT} at (179,17) size 9x17
            text run at (179,17) width 9: ", "
          RenderInline {A} at (0,0) size 89x17 [color=#0000EE]
            RenderText {TEXT} at (188,17) size 89x17
              text run at (188,17) width 89: "XLink embed"
          RenderText {TEXT} at (277,17) size 9x17
            text run at (277,17) width 9: ", "
          RenderInline {A} at (0,0) size 82x17 [color=#0000EE]
            RenderText {TEXT} at (286,17) size 82x17
              text run at (286,17) width 82: "TNG Format"
        RenderListItem {LI} at (40,68) size 744x34
          RenderListMarker at (0,0) size 0x14
          RenderInline {A} at (0,0) size 103x17 [color=#0000EE]
            RenderText {TEXT} at (0,0) size 103x17
              text run at (0,0) width 103: "history-related"
          RenderText {TEXT} at (103,0) size 9x17
            text run at (103,0) width 9: ": "
          RenderInline {A} at (0,0) size 99x17 [color=#0000EE]
            RenderText {TEXT} at (112,0) size 99x17
              text run at (112,0) width 99: "Self Contained"
          RenderText {TEXT} at (211,0) size 9x17
            text run at (211,0) width 9: ", "
          RenderInline {A} at (0,0) size 118x17 [color=#0000EE]
            RenderText {TEXT} at (220,0) size 118x17
              text run at (220,0) width 118: "XHTML <iframe>"
          RenderText {TEXT} at (338,0) size 9x17
            text run at (338,0) width 9: ", "
          RenderInline {A} at (0,0) size 117x17 [color=#0000EE]
            RenderText {TEXT} at (347,0) size 117x17
              text run at (347,0) width 117: "XHTML <object>"
          RenderText {TEXT} at (464,0) size 9x17
            text run at (464,0) width 9: ", "
          RenderInline {A} at (0,0) size 114x17 [color=#0000EE]
            RenderText {TEXT} at (473,0) size 114x17
              text run at (473,0) width 114: "XHTML <frame>"
          RenderText {TEXT} at (587,0) size 9x17
            text run at (587,0) width 9: ", "
          RenderInline {A} at (0,0) size 109x17 [color=#0000EE]
            RenderText {TEXT} at (596,0) size 109x17
              text run at (596,0) width 109: "HTML <iframe>"
          RenderText {TEXT} at (705,0) size 5x17
            text run at (705,0) width 5: ","
          RenderInline {A} at (0,0) size 108x17 [color=#0000EE]
            RenderText {TEXT} at (0,17) size 108x17
              text run at (0,17) width 108: "HTML <object>"
          RenderText {TEXT} at (108,17) size 9x17
            text run at (108,17) width 9: ", "
          RenderInline {A} at (0,0) size 105x17 [color=#0000EE]
            RenderText {TEXT} at (117,17) size 105x17
              text run at (117,17) width 105: "HTML <frame>"
          RenderText {TEXT} at (222,17) size 9x17
            text run at (222,17) width 9: ", "
          RenderInline {A} at (0,0) size 89x17 [color=#0000EE]
            RenderText {TEXT} at (231,17) size 89x17
              text run at (231,17) width 89: "XLink embed"
          RenderText {TEXT} at (320,17) size 9x17
            text run at (320,17) width 9: ", "
          RenderInline {A} at (0,0) size 82x17 [color=#0000EE]
            RenderText {TEXT} at (329,17) size 82x17
              text run at (329,17) width 82: "TNG Format"
        RenderListItem {LI} at (40,102) size 744x34
          RenderListMarker at (0,0) size 0x14
          RenderInline {A} at (0,0) size 71x17 [color=#0000EE]
            RenderText {TEXT} at (0,0) size 71x17
              text run at (0,0) width 71: "interactive"
          RenderText {TEXT} at (71,0) size 9x17
            text run at (71,0) width 9: ": "
          RenderInline {A} at (0,0) size 99x17 [color=#0000EE]
            RenderText {TEXT} at (80,0) size 99x17
              text run at (80,0) width 99: "Self Contained"
          RenderText {TEXT} at (179,0) size 9x17
            text run at (179,0) width 9: ", "
          RenderInline {A} at (0,0) size 118x17 [color=#0000EE]
            RenderText {TEXT} at (188,0) size 118x17
              text run at (188,0) width 118: "XHTML <iframe>"
          RenderText {TEXT} at (306,0) size 9x17
            text run at (306,0) width 9: ", "
          RenderInline {A} at (0,0) size 117x17 [color=#0000EE]
            RenderText {TEXT} at (315,0) size 117x17
              text run at (315,0) width 117: "XHTML <object>"
          RenderText {TEXT} at (432,0) size 9x17
            text run at (432,0) width 9: ", "
          RenderInline {A} at (0,0) size 114x17 [color=#0000EE]
            RenderText {TEXT} at (441,0) size 114x17
              text run at (441,0) width 114: "XHTML <frame>"
          RenderText {TEXT} at (555,0) size 9x17
            text run at (555,0) width 9: ", "
          RenderInline {A} at (0,0) size 109x17 [color=#0000EE]
            RenderText {TEXT} at (564,0) size 109x17
              text run at (564,0) width 109: "HTML <iframe>"
          RenderText {TEXT} at (673,0) size 9x17
            text run at (673,0) width 9: ", "
          RenderInline {A} at (0,0) size 721x34 [color=#0000EE]
            RenderText {TEXT} at (682,0) size 721x34
              text run at (682,0) width 39: "HTML"
              text run at (0,17) width 65: "<object>"
          RenderText {TEXT} at (65,17) size 9x17
            text run at (65,17) width 9: ", "
          RenderInline {A} at (0,0) size 105x17 [color=#0000EE]
            RenderText {TEXT} at (74,17) size 105x17
              text run at (74,17) width 105: "HTML <frame>"
          RenderText {TEXT} at (179,17) size 9x17
            text run at (179,17) width 9: ", "
          RenderInline {A} at (0,0) size 89x17 [color=#0000EE]
            RenderText {TEXT} at (188,17) size 89x17
              text run at (188,17) width 89: "XLink embed"
          RenderText {TEXT} at (277,17) size 9x17
            text run at (277,17) width 9: ", "
          RenderInline {A} at (0,0) size 82x17 [color=#0000EE]
            RenderText {TEXT} at (286,17) size 82x17
              text run at (286,17) width 82: "TNG Format"
        RenderListItem {LI} at (40,136) size 744x34
          RenderListMarker at (0,0) size 0x14
          RenderInline {A} at (0,0) size 57x17 [color=#0000EE]
            RenderText {TEXT} at (0,0) size 57x17
              text run at (0,0) width 57: "dynamic"
          RenderText {TEXT} at (57,0) size 9x17
            text run at (57,0) width 9: ": "
          RenderInline {A} at (0,0) size 99x17 [color=#0000EE]
            RenderText {TEXT} at (66,0) size 99x17
              text run at (66,0) width 99: "Self Contained"
          RenderText {TEXT} at (165,0) size 9x17
            text run at (165,0) width 9: ", "
          RenderInline {A} at (0,0) size 118x17 [color=#0000EE]
            RenderText {TEXT} at (174,0) size 118x17
              text run at (174,0) width 118: "XHTML <iframe>"
          RenderText {TEXT} at (292,0) size 9x17
            text run at (292,0) width 9: ", "
          RenderInline {A} at (0,0) size 117x17 [color=#0000EE]
            RenderText {TEXT} at (301,0) size 117x17
              text run at (301,0) width 117: "XHTML <object>"
          RenderText {TEXT} at (418,0) size 9x17
            text run at (418,0) width 9: ", "
          RenderInline {A} at (0,0) size 114x17 [color=#0000EE]
            RenderText {TEXT} at (427,0) size 114x17
              text run at (427,0) width 114: "XHTML <frame>"
          RenderText {TEXT} at (541,0) size 9x17
            text run at (541,0) width 9: ", "
          RenderInline {A} at (0,0) size 109x17 [color=#0000EE]
            RenderText {TEXT} at (550,0) size 109x17
              text run at (550,0) width 109: "HTML <iframe>"
          RenderText {TEXT} at (659,0) size 9x17
            text run at (659,0) width 9: ", "
          RenderInline {A} at (0,0) size 707x34 [color=#0000EE]
            RenderText {TEXT} at (668,0) size 707x34
              text run at (668,0) width 39: "HTML"
              text run at (0,17) width 65: "<object>"
          RenderText {TEXT} at (65,17) size 9x17
            text run at (65,17) width 9: ", "
          RenderInline {A} at (0,0) size 105x17 [color=#0000EE]
            RenderText {TEXT} at (74,17) size 105x17
              text run at (74,17) width 105: "HTML <frame>"
          RenderText {TEXT} at (179,17) size 9x17
            text run at (179,17) width 9: ", "
          RenderInline {A} at (0,0) size 89x17 [color=#0000EE]
            RenderText {TEXT} at (188,17) size 89x17
              text run at (188,17) width 89: "XLink embed"
          RenderText {TEXT} at (277,17) size 9x17
            text run at (277,17) width 9: ", "
          RenderInline {A} at (0,0) size 82x17 [color=#0000EE]
            RenderText {TEXT} at (286,17) size 82x17
              text run at (286,17) width 82: "TNG Format"
      RenderBlock {H2} at (0,378) size 784x24
        RenderText {TEXT} at (0,0) size 186x24
          text run at (0,0) width 186: "Unadorned Tests"
      RenderBlock {UL} at (0,419) size 784x2652
        RenderListItem {LI} at (40,0) size 744x17
          RenderListMarker at (0,0) size 0x14
          RenderInline {A} at (0,0) size 133x17 [color=#0000EE]
            RenderText {TEXT} at (0,0) size 133x17
              text run at (0,0) width 133: "Groups of selectors"
          RenderText {TEXT} at (133,0) size 31x17
            text run at (133,0) width 31: " (#1)"
        RenderListItem {LI} at (40,17) size 744x17
          RenderListMarker at (0,0) size 0x14
          RenderInline {A} at (0,0) size 157x17 [color=#0000EE]
            RenderText {TEXT} at (0,0) size 157x17
              text run at (0,0) width 157: "Type element selectors"
          RenderText {TEXT} at (157,0) size 31x17
            text run at (157,0) width 31: " (#2)"
        RenderListItem {LI} at (40,34) size 744x17
          RenderListMarker at (0,0) size 0x14
          RenderInline {A} at (0,0) size 180x17 [color=#0000EE]
            RenderText {TEXT} at (0,0) size 180x17
              text run at (0,0) width 180: "Omitted universal selector"
          RenderText {TEXT} at (180,0) size 31x17
            text run at (180,0) width 31: " (#4)"
        RenderListItem {LI} at (40,51) size 744x17
          RenderListMarker at (0,0) size 0x14
          RenderInline {A} at (0,0) size 188x17 [color=#0000EE]
            RenderText {TEXT} at (0,0) size 188x17
              text run at (0,0) width 188: "Attribute existence selector"
          RenderText {TEXT} at (188,0) size 31x17
            text run at (188,0) width 31: " (#5)"
        RenderListItem {LI} at (40,68) size 744x17
          RenderListMarker at (0,0) size 0x14
          RenderInline {A} at (0,0) size 159x17 [color=#0000EE]
            RenderText {TEXT} at (0,0) size 159x17
              text run at (0,0) width 159: "Attribute value selector"
          RenderText {TEXT} at (159,0) size 31x17
            text run at (159,0) width 31: " (#6)"
        RenderListItem {LI} at (40,85) size 744x17
          RenderListMarker at (0,0) size 0x14
          RenderInline {A} at (0,0) size 194x17 [color=#0000EE]
            RenderText {TEXT} at (0,0) size 194x17
              text run at (0,0) width 194: "Attribute multivalue selector"
          RenderText {TEXT} at (194,0) size 31x17
            text run at (194,0) width 31: " (#7)"
        RenderListItem {LI} at (40,102) size 744x17
          RenderListMarker at (0,0) size 0x14
          RenderInline {A} at (0,0) size 194x17 [color=#0000EE]
            RenderText {TEXT} at (0,0) size 194x17
              text run at (0,0) width 194: "Attribute multivalue selector"
          RenderText {TEXT} at (194,0) size 41x17
            text run at (194,0) width 27: " (#7"
            text run at (221,0) width 14: "b)"
        RenderListItem {LI} at (40,119) size 744x17
          RenderListMarker at (0,0) size 0x14
          RenderInline {A} at (0,0) size 375x17 [color=#0000EE]
            RenderText {TEXT} at (0,0) size 375x17
              text run at (0,0) width 375: "Attribute value selectors (hyphen-separated attributes)"
          RenderText {TEXT} at (375,0) size 31x17
            text run at (375,0) width 31: " (#8)"
        RenderListItem {LI} at (40,136) size 744x17
          RenderListMarker at (0,0) size 0x14
          RenderInline {A} at (0,0) size 336x17 [color=#0000EE]
            RenderText {TEXT} at (0,0) size 336x17
              text run at (0,0) width 336: "Substring matching attribute selector (beginning)"
          RenderText {TEXT} at (336,0) size 31x17
            text run at (336,0) width 31: " (#9)"
        RenderListItem {LI} at (40,153) size 744x17
          RenderListMarker at (0,0) size 0x14
          RenderInline {A} at (0,0) size 293x17 [color=#0000EE]
            RenderText {TEXT} at (0,0) size 293x17
              text run at (0,0) width 293: "Substring matching attribute selector (end)"
          RenderText {TEXT} at (293,0) size 40x17
            text run at (293,0) width 40: " (#10)"
        RenderListItem {LI} at (40,170) size 744x17
          RenderListMarker at (0,0) size 0x14
          RenderInline {A} at (0,0) size 325x17 [color=#0000EE]
            RenderText {TEXT} at (0,0) size 325x17
              text run at (0,0) width 325: "Substring matching attribute selector (contains)"
          RenderText {TEXT} at (325,0) size 40x17
            text run at (325,0) width 40: " (#11)"
        RenderListItem {LI} at (40,187) size 744x17
          RenderListMarker at (0,0) size 0x14
          RenderInline {A} at (0,0) size 153x17 [color=#0000EE]
            RenderText {TEXT} at (0,0) size 153x17
              text run at (0,0) width 153: "Default attribute value"
          RenderText {TEXT} at (153,0) size 40x17
            text run at (153,0) width 40: " (#12)"
        RenderListItem {LI} at (40,204) size 744x17
          RenderListMarker at (0,0) size 0x14
          RenderInline {A} at (0,0) size 101x17 [color=#0000EE]
            RenderText {TEXT} at (0,0) size 101x17
              text run at (0,0) width 101: "Class selectors"
          RenderText {TEXT} at (101,0) size 40x17
            text run at (101,0) width 40: " (#13)"
        RenderListItem {LI} at (40,221) size 744x17
          RenderListMarker at (0,0) size 0x14
          RenderInline {A} at (0,0) size 196x17 [color=#0000EE]
            RenderText {TEXT} at (0,0) size 196x17
              text run at (0,0) width 196: "More than one class selector"
          RenderText {TEXT} at (196,0) size 40x17
            text run at (196,0) width 40: " (#14)"
        RenderListItem {LI} at (40,238) size 744x17
          RenderListMarker at (0,0) size 0x14
          RenderInline {A} at (0,0) size 80x17 [color=#0000EE]
            RenderText {TEXT} at (0,0) size 80x17
              text run at (0,0) width 80: "ID selectors"
          RenderText {TEXT} at (80,0) size 40x17
            text run at (80,0) width 40: " (#15)"
        RenderListItem {LI} at (40,255) size 744x17
          RenderListMarker at (0,0) size 0x14
          RenderInline {A} at (0,0) size 126x17 [color=#0000EE]
            RenderText {TEXT} at (0,0) size 126x17
              text run at (0,0) width 126: ":link pseudo-class"
          RenderText {TEXT} at (126,0) size 40x17
            text run at (126,0) width 40: " (#16)"
        RenderListItem {LI} at (40,272) size 744x17
          RenderListMarker at (0,0) size 0x14
          RenderInline {A} at (0,0) size 146x17 [color=#0000EE]
            RenderText {TEXT} at (0,0) size 146x17
              text run at (0,0) width 146: ":visited pseudo-class"
          RenderText {TEXT} at (146,0) size 40x17
            text run at (146,0) width 40: " (#17)"
        RenderListItem {LI} at (40,289) size 744x17
          RenderListMarker at (0,0) size 0x14
          RenderInline {A} at (0,0) size 140x17 [color=#0000EE]
            RenderText {TEXT} at (0,0) size 140x17
              text run at (0,0) width 140: ":hover pseudo-class"
          RenderText {TEXT} at (140,0) size 40x17
            text run at (140,0) width 40: " (#18)"
        RenderListItem {LI} at (40,306) size 744x17
          RenderListMarker at (0,0) size 0x14
          RenderInline {A} at (0,0) size 140x17 [color=#0000EE]
            RenderText {TEXT} at (0,0) size 140x17
              text run at (0,0) width 140: ":hover pseudo-class"
          RenderText {TEXT} at (140,0) size 50x17
            text run at (140,0) width 36: " (#18"
            text run at (176,0) width 14: "b)"
        RenderListItem {LI} at (40,323) size 744x17
          RenderListMarker at (0,0) size 0x14
          RenderInline {A} at (0,0) size 141x17 [color=#0000EE]
            RenderText {TEXT} at (0,0) size 141x17
              text run at (0,0) width 141: ":active pseudo-class"
          RenderText {TEXT} at (141,0) size 40x17
            text run at (141,0) width 40: " (#19)"
        RenderListItem {LI} at (40,340) size 744x17
          RenderListMarker at (0,0) size 0x14
          RenderInline {A} at (0,0) size 138x17 [color=#0000EE]
            RenderText {TEXT} at (0,0) size 138x17
              text run at (0,0) width 138: ":focus pseudo-class"
          RenderText {TEXT} at (138,0) size 40x17
            text run at (138,0) width 40: " (#20)"
        RenderListItem {LI} at (40,357) size 744x17
          RenderListMarker at (0,0) size 0x14
          RenderInline {A} at (0,0) size 142x17 [color=#0000EE]
            RenderText {TEXT} at (0,0) size 142x17
              text run at (0,0) width 142: ":target pseudo-class"
          RenderText {TEXT} at (142,0) size 40x17
            text run at (142,0) width 40: " (#21)"
        RenderListItem {LI} at (40,374) size 744x17
          RenderListMarker at (0,0) size 0x14
          RenderInline {A} at (0,0) size 142x17 [color=#0000EE]
            RenderText {TEXT} at (0,0) size 142x17
              text run at (0,0) width 142: ":target pseudo-class"
          RenderText {TEXT} at (142,0) size 50x17
            text run at (142,0) width 36: " (#21"
            text run at (178,0) width 14: "b)"
        RenderListItem {LI} at (40,391) size 744x17
          RenderListMarker at (0,0) size 0x14
          RenderInline {A} at (0,0) size 142x17 [color=#0000EE]
            RenderText {TEXT} at (0,0) size 142x17
              text run at (0,0) width 142: ":target pseudo-class"
          RenderText {TEXT} at (142,0) size 48x17
            text run at (142,0) width 36: " (#21"
            text run at (178,0) width 12: "c)"
        RenderListItem {LI} at (40,408) size 744x17
          RenderListMarker at (0,0) size 0x14
          RenderInline {A} at (0,0) size 140x17 [color=#0000EE]
            RenderText {TEXT} at (0,0) size 140x17
              text run at (0,0) width 140: ":lang() pseudo-class"
          RenderText {TEXT} at (140,0) size 40x17
            text run at (140,0) width 40: " (#22)"
        RenderListItem {LI} at (40,425) size 744x17
          RenderListMarker at (0,0) size 0x14
          RenderInline {A} at (0,0) size 155x17 [color=#0000EE]
            RenderText {TEXT} at (0,0) size 155x17
              text run at (0,0) width 155: ":enabled pseudo-class"
          RenderText {TEXT} at (155,0) size 40x17
            text run at (155,0) width 40: " (#23)"
        RenderListItem {LI} at (40,442) size 744x17
          RenderListMarker at (0,0) size 0x14
          RenderInline {A} at (0,0) size 159x17 [color=#0000EE]
            RenderText {TEXT} at (0,0) size 159x17
              text run at (0,0) width 159: ":disabled pseudo-class"
          RenderText {TEXT} at (159,0) size 40x17
            text run at (159,0) width 40: " (#24)"
        RenderListItem {LI} at (40,459) size 744x17
          RenderListMarker at (0,0) size 0x14
          RenderInline {A} at (0,0) size 157x17 [color=#0000EE]
            RenderText {TEXT} at (0,0) size 157x17
              text run at (0,0) width 157: ":checked pseudo-class"
          RenderText {TEXT} at (157,0) size 40x17
            text run at (157,0) width 40: " (#25)"
        RenderListItem {LI} at (40,476) size 744x17
          RenderListMarker at (0,0) size 0x14
          RenderInline {A} at (0,0) size 130x17 [color=#0000EE]
            RenderText {TEXT} at (0,0) size 130x17
              text run at (0,0) width 130: ":root pseudo-class"
          RenderText {TEXT} at (130,0) size 40x17
            text run at (130,0) width 40: " (#27)"
        RenderListItem {LI} at (40,493) size 744x17
          RenderListMarker at (0,0) size 0x14
          RenderInline {A} at (0,0) size 174x17 [color=#0000EE]
            RenderText {TEXT} at (0,0) size 174x17
              text run at (0,0) width 174: ":nth-child() pseudo-class"
          RenderText {TEXT} at (174,0) size 40x17
            text run at (174,0) width 40: " (#28)"
        RenderListItem {LI} at (40,510) size 744x17
          RenderListMarker at (0,0) size 0x14
          RenderInline {A} at (0,0) size 174x17 [color=#0000EE]
            RenderText {TEXT} at (0,0) size 174x17
              text run at (0,0) width 174: ":nth-child() pseudo-class"
          RenderText {TEXT} at (174,0) size 50x17
            text run at (174,0) width 36: " (#28"
            text run at (210,0) width 14: "b)"
        RenderListItem {LI} at (40,527) size 744x17
          RenderListMarker at (0,0) size 0x14
          RenderInline {A} at (0,0) size 206x17 [color=#0000EE]
            RenderText {TEXT} at (0,0) size 206x17
              text run at (0,0) width 206: ":nth-last-child() pseudo-class"
          RenderText {TEXT} at (206,0) size 40x17
            text run at (206,0) width 40: " (#29)"
        RenderListItem {LI} at (40,544) size 744x17
          RenderListMarker at (0,0) size 0x14
          RenderInline {A} at (0,0) size 206x17 [color=#0000EE]
            RenderText {TEXT} at (0,0) size 206x17
              text run at (0,0) width 206: ":nth-last-child() pseudo-class"
          RenderText {TEXT} at (206,0) size 50x17
            text run at (206,0) width 36: " (#29"
            text run at (242,0) width 14: "b)"
        RenderListItem {LI} at (40,561) size 744x17
          RenderListMarker at (0,0) size 0x14
          RenderInline {A} at (0,0) size 192x17 [color=#0000EE]
            RenderText {TEXT} at (0,0) size 192x17
              text run at (0,0) width 192: ":nth-of-type() pseudo-class"
          RenderText {TEXT} at (192,0) size 40x17
            text run at (192,0) width 40: " (#30)"
        RenderListItem {LI} at (40,578) size 744x17
          RenderListMarker at (0,0) size 0x14
          RenderInline {A} at (0,0) size 225x17 [color=#0000EE]
            RenderText {TEXT} at (0,0) size 225x17
              text run at (0,0) width 225: ":nth-last-of-type() pseudo-class"
          RenderText {TEXT} at (225,0) size 40x17
            text run at (225,0) width 40: " (#31)"
        RenderListItem {LI} at (40,595) size 744x17
          RenderListMarker at (0,0) size 0x14
          RenderInline {A} at (0,0) size 170x17 [color=#0000EE]
            RenderText {TEXT} at (0,0) size 170x17
              text run at (0,0) width 170: ":first-child pseudo-class"
          RenderText {TEXT} at (170,0) size 40x17
            text run at (170,0) width 40: " (#32)"
        RenderListItem {LI} at (40,612) size 744x17
          RenderListMarker at (0,0) size 0x14
          RenderInline {A} at (0,0) size 167x17 [color=#0000EE]
            RenderText {TEXT} at (0,0) size 167x17
              text run at (0,0) width 167: ":last-child pseudo-class"
          RenderText {TEXT} at (167,0) size 40x17
            text run at (167,0) width 40: " (#33)"
        RenderListItem {LI} at (40,629) size 744x17
          RenderListMarker at (0,0) size 0x14
          RenderInline {A} at (0,0) size 188x17 [color=#0000EE]
            RenderText {TEXT} at (0,0) size 188x17
              text run at (0,0) width 188: ":first-of-type pseudo-class"
          RenderText {TEXT} at (188,0) size 40x17
            text run at (188,0) width 40: " (#34)"
        RenderListItem {LI} at (40,646) size 744x17
          RenderListMarker at (0,0) size 0x14
          RenderInline {A} at (0,0) size 185x17 [color=#0000EE]
            RenderText {TEXT} at (0,0) size 185x17
              text run at (0,0) width 185: ":last-of-type pseudo-class"
          RenderText {TEXT} at (185,0) size 40x17
            text run at (185,0) width 40: " (#35)"
        RenderListItem {LI} at (40,663) size 744x17
          RenderListMarker at (0,0) size 0x14
          RenderInline {A} at (0,0) size 171x17 [color=#0000EE]
            RenderText {TEXT} at (0,0) size 171x17
              text run at (0,0) width 171: ":only-child pseudo-class"
          RenderText {TEXT} at (171,0) size 40x17
            text run at (171,0) width 40: " (#36)"
        RenderListItem {LI} at (40,680) size 744x17
          RenderListMarker at (0,0) size 0x14
          RenderInline {A} at (0,0) size 189x17 [color=#0000EE]
            RenderText {TEXT} at (0,0) size 189x17
              text run at (0,0) width 189: ":only-of-type pseudo-class"
          RenderText {TEXT} at (189,0) size 40x17
            text run at (189,0) width 40: " (#37)"
        RenderListItem {LI} at (40,697) size 744x17
          RenderListMarker at (0,0) size 0x14
          RenderInline {A} at (0,0) size 187x17 [color=#0000EE]
            RenderText {TEXT} at (0,0) size 187x17
              text run at (0,0) width 187: "::first-line pseudo-element"
          RenderText {TEXT} at (187,0) size 40x17
            text run at (187,0) width 40: " (#38)"
        RenderListItem {LI} at (40,714) size 744x17
          RenderListMarker at (0,0) size 0x14
          RenderInline {A} at (0,0) size 199x17 [color=#0000EE]
            RenderText {TEXT} at (0,0) size 199x17
              text run at (0,0) width 199: "::first-letter pseudo-element"
          RenderText {TEXT} at (199,0) size 40x17
            text run at (199,0) width 40: " (#39)"
        RenderListItem {LI} at (40,731) size 744x17
          RenderListMarker at (0,0) size 0x14
          RenderInline {A} at (0,0) size 407x17 [color=#0000EE]
            RenderText {TEXT} at (0,0) size 407x17
              text run at (0,0) width 407: "::first-letter pseudo-element with ::before pseudo-element"
          RenderText {TEXT} at (407,0) size 49x17
            text run at (407,0) width 36: " (#39"
            text run at (443,0) width 13: "a)"
        RenderListItem {LI} at (40,748) size 744x17
          RenderListMarker at (0,0) size 0x14
          RenderInline {A} at (0,0) size 407x17 [color=#0000EE]
            RenderText {TEXT} at (0,0) size 407x17
              text run at (0,0) width 407: "::first-letter pseudo-element with ::before pseudo-element"
          RenderText {TEXT} at (407,0) size 49x17
            text run at (407,0) width 36: " (#39"
            text run at (443,0) width 13: "a)"
        RenderListItem {LI} at (40,765) size 744x17
          RenderListMarker at (0,0) size 0x14
          RenderInline {A} at (0,0) size 199x17 [color=#0000EE]
            RenderText {TEXT} at (0,0) size 199x17
              text run at (0,0) width 199: "::first-letter pseudo-element"
          RenderText {TEXT} at (199,0) size 50x17
            text run at (199,0) width 36: " (#39"
            text run at (235,0) width 14: "b)"
        RenderListItem {LI} at (40,782) size 744x17
          RenderListMarker at (0,0) size 0x14
          RenderInline {A} at (0,0) size 188x17 [color=#0000EE]
            RenderText {TEXT} at (0,0) size 188x17
              text run at (0,0) width 188: "::selection pseudo-element"
          RenderText {TEXT} at (188,0) size 40x17
            text run at (188,0) width 40: " (#40)"
        RenderListItem {LI} at (40,799) size 744x17
          RenderListMarker at (0,0) size 0x14
          RenderInline {A} at (0,0) size 171x17 [color=#0000EE]
            RenderText {TEXT} at (0,0) size 171x17
              text run at (0,0) width 171: "::before pseudo-element"
          RenderText {TEXT} at (171,0) size 40x17
            text run at (171,0) width 40: " (#41)"
        RenderListItem {LI} at (40,816) size 744x17
          RenderListMarker at (0,0) size 0x14
          RenderInline {A} at (0,0) size 159x17 [color=#0000EE]
            RenderText {TEXT} at (0,0) size 159x17
              text run at (0,0) width 159: "::after pseudo-element"
          RenderText {TEXT} at (159,0) size 40x17
            text run at (159,0) width 40: " (#42)"
        RenderListItem {LI} at (40,833) size 744x17
          RenderListMarker at (0,0) size 0x14
          RenderInline {A} at (0,0) size 162x17 [color=#0000EE]
            RenderText {TEXT} at (0,0) size 162x17
              text run at (0,0) width 162: "Descendant combinator"
          RenderText {TEXT} at (162,0) size 40x17
            text run at (162,0) width 40: " (#43)"
        RenderListItem {LI} at (40,850) size 744x17
          RenderListMarker at (0,0) size 0x14
          RenderInline {A} at (0,0) size 162x17 [color=#0000EE]
            RenderText {TEXT} at (0,0) size 162x17
              text run at (0,0) width 162: "Descendant combinator"
          RenderText {TEXT} at (162,0) size 50x17
            text run at (162,0) width 36: " (#43"
            text run at (198,0) width 14: "b)"
        RenderListItem {LI} at (40,867) size 744x17
          RenderListMarker at (0,0) size 0x14
          RenderInline {A} at (0,0) size 118x17 [color=#0000EE]
            RenderText {TEXT} at (0,0) size 118x17
              text run at (0,0) width 118: "Child combinator"
          RenderText {TEXT} at (118,0) size 40x17
            text run at (118,0) width 40: " (#44)"
        RenderListItem {LI} at (40,884) size 744x17
          RenderListMarker at (0,0) size 0x14
          RenderInline {A} at (0,0) size 118x17 [color=#0000EE]
            RenderText {TEXT} at (0,0) size 118x17
              text run at (0,0) width 118: "Child combinator"
          RenderText {TEXT} at (118,0) size 50x17
            text run at (118,0) width 36: " (#44"
            text run at (154,0) width 14: "b)"
        RenderListItem {LI} at (40,901) size 744x17
          RenderListMarker at (0,0) size 0x14
          RenderInline {A} at (0,0) size 201x17 [color=#0000EE]
            RenderText {TEXT} at (0,0) size 201x17
              text run at (0,0) width 201: "Child combinator and classes"
          RenderText {TEXT} at (201,0) size 48x17
            text run at (201,0) width 36: " (#44"
            text run at (237,0) width 12: "c)"
        RenderListItem {LI} at (40,918) size 744x17
          RenderListMarker at (0,0) size 0x14
          RenderInline {A} at (0,0) size 178x17 [color=#0000EE]
            RenderText {TEXT} at (0,0) size 178x17
              text run at (0,0) width 178: "Child combinatior and IDs"
          RenderText {TEXT} at (178,0) size 50x17
            text run at (178,0) width 36: " (#44"
            text run at (214,0) width 14: "d)"
        RenderListItem {LI} at (40,935) size 744x17
          RenderListMarker at (0,0) size 0x14
          RenderInline {A} at (0,0) size 185x17 [color=#0000EE]
            RenderText {TEXT} at (0,0) size 185x17
              text run at (0,0) width 185: "Direct adjacent combinator"
          RenderText {TEXT} at (185,0) size 40x17
            text run at (185,0) width 40: " (#45)"
        RenderListItem {LI} at (40,952) size 744x17
          RenderListMarker at (0,0) size 0x14
          RenderInline {A} at (0,0) size 185x17 [color=#0000EE]
            RenderText {TEXT} at (0,0) size 185x17
              text run at (0,0) width 185: "Direct adjacent combinator"
          RenderText {TEXT} at (185,0) size 50x17
            text run at (185,0) width 36: " (#45"
            text run at (221,0) width 14: "b)"
        RenderListItem {LI} at (40,969) size 744x17
          RenderListMarker at (0,0) size 0x14
          RenderInline {A} at (0,0) size 268x17 [color=#0000EE]
            RenderText {TEXT} at (0,0) size 268x17
              text run at (0,0) width 268: "Direct adjacent combinator and classes"
          RenderText {TEXT} at (268,0) size 48x17
            text run at (268,0) width 36: " (#45"
            text run at (304,0) width 12: "c)"
        RenderListItem {LI} at (40,986) size 744x17
          RenderListMarker at (0,0) size 0x14
          RenderInline {A} at (0,0) size 196x17 [color=#0000EE]
            RenderText {TEXT} at (0,0) size 196x17
              text run at (0,0) width 196: "Indirect adjacent combinator"
          RenderText {TEXT} at (196,0) size 40x17
            text run at (196,0) width 40: " (#46)"
        RenderListItem {LI} at (40,1003) size 744x17
          RenderListMarker at (0,0) size 0x14
          RenderInline {A} at (0,0) size 196x17 [color=#0000EE]
            RenderText {TEXT} at (0,0) size 196x17
              text run at (0,0) width 196: "Indirect adjacent combinator"
          RenderText {TEXT} at (196,0) size 50x17
            text run at (196,0) width 36: " (#46"
            text run at (232,0) width 14: "b)"
        RenderListItem {LI} at (40,1020) size 744x17
          RenderListMarker at (0,0) size 0x14
          RenderInline {A} at (0,0) size 418x17 [color=#0000EE]
            RenderText {TEXT} at (0,0) size 418x17
              text run at (0,0) width 418: "NEGATED substring matching attribute selector on beginning"
          RenderText {TEXT} at (418,0) size 40x17
            text run at (418,0) width 40: " (#54)"
        RenderListItem {LI} at (40,1037) size 744x17
          RenderListMarker at (0,0) size 0x14
          RenderInline {A} at (0,0) size 375x17 [color=#0000EE]
            RenderText {TEXT} at (0,0) size 375x17
              text run at (0,0) width 375: "NEGATED substring matching attribute selector on end"
          RenderText {TEXT} at (375,0) size 40x17
            text run at (375,0) width 40: " (#55)"
        RenderListItem {LI} at (40,1054) size 744x17
          RenderListMarker at (0,0) size 0x14
          RenderInline {A} at (0,0) size 396x17 [color=#0000EE]
            RenderText {TEXT} at (0,0) size 396x17
              text run at (0,0) width 396: "NEGATED substring matching attribute selector on middle"
          RenderText {TEXT} at (396,0) size 40x17
            text run at (396,0) width 40: " (#56)"
        RenderListItem {LI} at (40,1071) size 744x17
          RenderListMarker at (0,0) size 0x14
          RenderInline {A} at (0,0) size 343x17 [color=#0000EE]
            RenderText {TEXT} at (0,0) size 343x17
              text run at (0,0) width 343: "Default attribute value and negation pseudo-class"
          RenderText {TEXT} at (343,0) size 40x17
            text run at (343,0) width 40: " (#58)"
        RenderListItem {LI} at (40,1088) size 744x17
          RenderListMarker at (0,0) size 0x14
          RenderInline {A} at (0,0) size 161x17 [color=#0000EE]
            RenderText {TEXT} at (0,0) size 161x17
              text run at (0,0) width 161: "NEGATED class selector"
          RenderText {TEXT} at (161,0) size 40x17
            text run at (161,0) width 40: " (#59)"
        RenderListItem {LI} at (40,1105) size 744x17
          RenderListMarker at (0,0) size 0x14
          RenderInline {A} at (0,0) size 142x17 [color=#0000EE]
            RenderText {TEXT} at (0,0) size 142x17
              text run at (0,0) width 142: "NEGATED ID selector"
          RenderText {TEXT} at (142,0) size 40x17
            text run at (142,0) width 40: " (#60)"
        RenderListItem {LI} at (40,1122) size 744x17
          RenderListMarker at (0,0) size 0x14
          RenderInline {A} at (0,0) size 195x17 [color=#0000EE]
            RenderText {TEXT} at (0,0) size 195x17
              text run at (0,0) width 195: "NEGATED :link pseudo-class"
          RenderText {TEXT} at (195,0) size 40x17
            text run at (195,0) width 40: " (#61)"
        RenderListItem {LI} at (40,1139) size 744x17
          RenderListMarker at (0,0) size 0x14
          RenderInline {A} at (0,0) size 215x17 [color=#0000EE]
            RenderText {TEXT} at (0,0) size 215x17
              text run at (0,0) width 215: "NEGATED :visited pseudo-class"
          RenderText {TEXT} at (215,0) size 40x17
            text run at (215,0) width 40: " (#62)"
        RenderListItem {LI} at (40,1156) size 744x17
          RenderListMarker at (0,0) size 0x14
          RenderInline {A} at (0,0) size 209x17 [color=#0000EE]
            RenderText {TEXT} at (0,0) size 209x17
              text run at (0,0) width 209: "NEGATED :hover pseudo-class"
          RenderText {TEXT} at (209,0) size 40x17
            text run at (209,0) width 40: " (#63)"
        RenderListItem {LI} at (40,1173) size 744x17
          RenderListMarker at (0,0) size 0x14
          RenderInline {A} at (0,0) size 210x17 [color=#0000EE]
            RenderText {TEXT} at (0,0) size 210x17
              text run at (0,0) width 210: "NEGATED :active pseudo-class"
          RenderText {TEXT} at (210,0) size 40x17
            text run at (210,0) width 40: " (#64)"
        RenderListItem {LI} at (40,1190) size 744x17
          RenderListMarker at (0,0) size 0x14
          RenderInline {A} at (0,0) size 207x17 [color=#0000EE]
            RenderText {TEXT} at (0,0) size 207x17
              text run at (0,0) width 207: "NEGATED :focus pseudo-class"
          RenderText {TEXT} at (207,0) size 40x17
            text run at (207,0) width 40: " (#65)"
        RenderListItem {LI} at (40,1207) size 744x17
          RenderListMarker at (0,0) size 0x14
          RenderInline {A} at (0,0) size 211x17 [color=#0000EE]
            RenderText {TEXT} at (0,0) size 211x17
              text run at (0,0) width 211: "NEGATED :target pseudo-class"
          RenderText {TEXT} at (211,0) size 40x17
            text run at (211,0) width 40: " (#66)"
        RenderListItem {LI} at (40,1224) size 744x17
          RenderListMarker at (0,0) size 0x14
          RenderInline {A} at (0,0) size 211x17 [color=#0000EE]
            RenderText {TEXT} at (0,0) size 211x17
              text run at (0,0) width 211: "NEGATED :target pseudo-class"
          RenderText {TEXT} at (211,0) size 50x17
            text run at (211,0) width 36: " (#66"
            text run at (247,0) width 14: "b)"
        RenderListItem {LI} at (40,1241) size 744x17
          RenderListMarker at (0,0) size 0x14
          RenderInline {A} at (0,0) size 209x17 [color=#0000EE]
            RenderText {TEXT} at (0,0) size 209x17
              text run at (0,0) width 209: "NEGATED :lang() pseudo-class"
          RenderText {TEXT} at (209,0) size 40x17
            text run at (209,0) width 40: " (#67)"
        RenderListItem {LI} at (40,1258) size 744x17
          RenderListMarker at (0,0) size 0x14
          RenderInline {A} at (0,0) size 226x17 [color=#0000EE]
            RenderText {TEXT} at (0,0) size 226x17
              text run at (0,0) width 226: "NEGATED :checked pseudo-class"
          RenderText {TEXT} at (226,0) size 40x17
            text run at (226,0) width 40: " (#70)"
        RenderListItem {LI} at (40,1275) size 744x17
          RenderListMarker at (0,0) size 0x14
          RenderInline {A} at (0,0) size 199x17 [color=#0000EE]
            RenderText {TEXT} at (0,0) size 199x17
              text run at (0,0) width 199: "NEGATED :root pseudo-class"
          RenderText {TEXT} at (199,0) size 40x17
            text run at (199,0) width 40: " (#72)"
        RenderListItem {LI} at (40,1292) size 744x17
          RenderListMarker at (0,0) size 0x14
          RenderInline {A} at (0,0) size 199x17 [color=#0000EE]
            RenderText {TEXT} at (0,0) size 199x17
              text run at (0,0) width 199: "NEGATED :root pseudo-class"
          RenderText {TEXT} at (199,0) size 50x17
            text run at (199,0) width 36: " (#72"
            text run at (235,0) width 14: "b)"
        RenderListItem {LI} at (40,1309) size 744x17
          RenderListMarker at (0,0) size 0x14
          RenderInline {A} at (0,0) size 243x17 [color=#0000EE]
            RenderText {TEXT} at (0,0) size 243x17
              text run at (0,0) width 243: "NEGATED :nth-child() pseudo-class"
          RenderText {TEXT} at (243,0) size 40x17
            text run at (243,0) width 40: " (#73)"
        RenderListItem {LI} at (40,1326) size 744x17
          RenderListMarker at (0,0) size 0x14
          RenderInline {A} at (0,0) size 243x17 [color=#0000EE]
            RenderText {TEXT} at (0,0) size 243x17
              text run at (0,0) width 243: "NEGATED :nth-child() pseudo-class"
          RenderText {TEXT} at (243,0) size 50x17
            text run at (243,0) width 36: " (#73"
            text run at (279,0) width 14: "b)"
        RenderListItem {LI} at (40,1343) size 744x17
          RenderListMarker at (0,0) size 0x14
          RenderInline {A} at (0,0) size 275x17 [color=#0000EE]
            RenderText {TEXT} at (0,0) size 275x17
              text run at (0,0) width 275: "NEGATED :nth-last-child() pseudo-class"
          RenderText {TEXT} at (275,0) size 40x17
            text run at (275,0) width 40: " (#74)"
        RenderListItem {LI} at (40,1360) size 744x17
          RenderListMarker at (0,0) size 0x14
          RenderInline {A} at (0,0) size 275x17 [color=#0000EE]
            RenderText {TEXT} at (0,0) size 275x17
              text run at (0,0) width 275: "NEGATED :nth-last-child() pseudo-class"
          RenderText {TEXT} at (275,0) size 50x17
            text run at (275,0) width 36: " (#74"
            text run at (311,0) width 14: "b)"
        RenderListItem {LI} at (40,1377) size 744x17
          RenderListMarker at (0,0) size 0x14
          RenderInline {A} at (0,0) size 261x17 [color=#0000EE]
            RenderText {TEXT} at (0,0) size 261x17
              text run at (0,0) width 261: "NEGATED :nth-of-type() pseudo-class"
          RenderText {TEXT} at (261,0) size 40x17
            text run at (261,0) width 40: " (#75)"
        RenderListItem {LI} at (40,1394) size 744x17
          RenderListMarker at (0,0) size 0x14
          RenderInline {A} at (0,0) size 261x17 [color=#0000EE]
            RenderText {TEXT} at (0,0) size 261x17
              text run at (0,0) width 261: "NEGATED :nth-of-type() pseudo-class"
          RenderText {TEXT} at (261,0) size 50x17
            text run at (261,0) width 36: " (#75"
            text run at (297,0) width 14: "b)"
        RenderListItem {LI} at (40,1411) size 744x17
          RenderListMarker at (0,0) size 0x14
          RenderInline {A} at (0,0) size 294x17 [color=#0000EE]
            RenderText {TEXT} at (0,0) size 294x17
              text run at (0,0) width 294: "NEGATED :nth-last-of-type() pseudo-class"
          RenderText {TEXT} at (294,0) size 40x17
            text run at (294,0) width 40: " (#76)"
        RenderListItem {LI} at (40,1428) size 744x17
          RenderListMarker at (0,0) size 0x14
          RenderInline {A} at (0,0) size 294x17 [color=#0000EE]
            RenderText {TEXT} at (0,0) size 294x17
              text run at (0,0) width 294: "NEGATED :nth-last-of-type() pseudo-class"
          RenderText {TEXT} at (294,0) size 50x17
            text run at (294,0) width 36: " (#76"
            text run at (330,0) width 14: "b)"
        RenderListItem {LI} at (40,1445) size 744x17
          RenderListMarker at (0,0) size 0x14
          RenderInline {A} at (0,0) size 239x17 [color=#0000EE]
            RenderText {TEXT} at (0,0) size 239x17
              text run at (0,0) width 239: "NEGATED :first-child pseudo-class"
          RenderText {TEXT} at (239,0) size 40x17
            text run at (239,0) width 40: " (#77)"
        RenderListItem {LI} at (40,1462) size 744x17
          RenderListMarker at (0,0) size 0x14
          RenderInline {A} at (0,0) size 239x17 [color=#0000EE]
            RenderText {TEXT} at (0,0) size 239x17
              text run at (0,0) width 239: "NEGATED :first-child pseudo-class"
          RenderText {TEXT} at (239,0) size 50x17
            text run at (239,0) width 36: " (#77"
            text run at (275,0) width 14: "b)"
        RenderListItem {LI} at (40,1479) size 744x17
          RenderListMarker at (0,0) size 0x14
          RenderInline {A} at (0,0) size 236x17 [color=#0000EE]
            RenderText {TEXT} at (0,0) size 236x17
              text run at (0,0) width 236: "NEGATED :last-child pseudo-class"
          RenderText {TEXT} at (236,0) size 40x17
            text run at (236,0) width 40: " (#78)"
        RenderListItem {LI} at (40,1496) size 744x17
          RenderListMarker at (0,0) size 0x14
          RenderInline {A} at (0,0) size 236x17 [color=#0000EE]
            RenderText {TEXT} at (0,0) size 236x17
              text run at (0,0) width 236: "NEGATED :last-child pseudo-class"
          RenderText {TEXT} at (236,0) size 50x17
            text run at (236,0) width 36: " (#78"
            text run at (272,0) width 14: "b)"
        RenderListItem {LI} at (40,1513) size 744x17
          RenderListMarker at (0,0) size 0x14
          RenderInline {A} at (0,0) size 257x17 [color=#0000EE]
            RenderText {TEXT} at (0,0) size 257x17
              text run at (0,0) width 257: "NEGATED :first-of-type pseudo-class"
          RenderText {TEXT} at (257,0) size 40x17
            text run at (257,0) width 40: " (#79)"
        RenderListItem {LI} at (40,1530) size 744x17
          RenderListMarker at (0,0) size 0x14
          RenderInline {A} at (0,0) size 254x17 [color=#0000EE]
            RenderText {TEXT} at (0,0) size 254x17
              text run at (0,0) width 254: "NEGATED :last-of-type pseudo-class"
          RenderText {TEXT} at (254,0) size 40x17
            text run at (254,0) width 40: " (#80)"
        RenderListItem {LI} at (40,1547) size 744x17
          RenderListMarker at (0,0) size 0x14
          RenderInline {A} at (0,0) size 240x17 [color=#0000EE]
            RenderText {TEXT} at (0,0) size 240x17
              text run at (0,0) width 240: "NEGATED :only-child pseudo-class"
          RenderText {TEXT} at (240,0) size 40x17
            text run at (240,0) width 40: " (#81)"
        RenderListItem {LI} at (40,1564) size 744x17
          RenderListMarker at (0,0) size 0x14
          RenderInline {A} at (0,0) size 240x17 [color=#0000EE]
            RenderText {TEXT} at (0,0) size 240x17
              text run at (0,0) width 240: "NEGATED :only-child pseudo-class"
          RenderText {TEXT} at (240,0) size 50x17
            text run at (240,0) width 36: " (#81"
            text run at (276,0) width 14: "b)"
        RenderListItem {LI} at (40,1581) size 744x17
          RenderListMarker at (0,0) size 0x14
          RenderInline {A} at (0,0) size 258x17 [color=#0000EE]
            RenderText {TEXT} at (0,0) size 258x17
              text run at (0,0) width 258: "NEGATED :only-of-type pseudo-class"
          RenderText {TEXT} at (258,0) size 40x17
            text run at (258,0) width 40: " (#82)"
        RenderListItem {LI} at (40,1598) size 744x17
          RenderListMarker at (0,0) size 0x14
          RenderInline {A} at (0,0) size 258x17 [color=#0000EE]
            RenderText {TEXT} at (0,0) size 258x17
              text run at (0,0) width 258: "NEGATED :only-of-type pseudo-class"
          RenderText {TEXT} at (258,0) size 50x17
            text run at (258,0) width 36: " (#82"
            text run at (294,0) width 14: "b)"
        RenderListItem {LI} at (40,1615) size 744x17
          RenderListMarker at (0,0) size 0x14
          RenderInline {A} at (0,0) size 377x17 [color=#0000EE]
            RenderText {TEXT} at (0,0) size 377x17
              text run at (0,0) width 377: "Negation pseudo-class cannot be an argument of itself"
          RenderText {TEXT} at (377,0) size 40x17
            text run at (377,0) width 40: " (#83)"
        RenderListItem {LI} at (40,1632) size 744x17
          RenderListMarker at (0,0) size 0x14
          RenderInline {A} at (0,0) size 168x17 [color=#0000EE]
            RenderText {TEXT} at (0,0) size 168x17
              text run at (0,0) width 168: ":contains() pseudo-class"
          RenderText {TEXT} at (168,0) size 40x17
            text run at (168,0) width 40: " (#84)"
        RenderListItem {LI} at (40,1649) size 744x17
          RenderListMarker at (0,0) size 0x14
          RenderInline {A} at (0,0) size 168x17 [color=#0000EE]
            RenderText {TEXT} at (0,0) size 168x17
              text run at (0,0) width 168: ":contains() pseudo-class"
          RenderText {TEXT} at (168,0) size 50x17
            text run at (168,0) width 36: " (#84"
            text run at (204,0) width 14: "b)"
        RenderListItem {LI} at (40,1666) size 744x17
          RenderListMarker at (0,0) size 0x14
          RenderInline {A} at (0,0) size 237x17 [color=#0000EE]
            RenderText {TEXT} at (0,0) size 237x17
              text run at (0,0) width 237: "NEGATED :contains() pseudo-class"
          RenderText {TEXT} at (237,0) size 40x17
            text run at (237,0) width 40: " (#85)"
        RenderListItem {LI} at (40,1683) size 744x17
          RenderListMarker at (0,0) size 0x14
          RenderInline {A} at (0,0) size 483x17 [color=#0000EE]
            RenderText {TEXT} at (0,0) size 483x17
              text run at (0,0) width 483: "Nondeterministic matching of direct and indirect adjacent combinators"
          RenderText {TEXT} at (483,0) size 40x17
            text run at (483,0) width 40: " (#87)"
        RenderListItem {LI} at (40,1700) size 744x17
          RenderListMarker at (0,0) size 0x14
          RenderInline {A} at (0,0) size 483x17 [color=#0000EE]
            RenderText {TEXT} at (0,0) size 483x17
              text run at (0,0) width 483: "Nondeterministic matching of direct and indirect adjacent combinators"
          RenderText {TEXT} at (483,0) size 50x17
            text run at (483,0) width 36: " (#87"
            text run at (519,0) width 14: "b)"
        RenderListItem {LI} at (40,1717) size 744x17
          RenderListMarker at (0,0) size 0x14
          RenderInline {A} at (0,0) size 509x17 [color=#0000EE]
            RenderText {TEXT} at (0,0) size 509x17
              text run at (0,0) width 509: "Nondeterministic matching of descendant and direct adjacent combinators"
          RenderText {TEXT} at (509,0) size 40x17
            text run at (509,0) width 40: " (#88)"
        RenderListItem {LI} at (40,1734) size 744x17
          RenderListMarker at (0,0) size 0x14
          RenderInline {A} at (0,0) size 509x17 [color=#0000EE]
            RenderText {TEXT} at (0,0) size 509x17
              text run at (0,0) width 509: "Nondeterministic matching of descendant and direct adjacent combinators"
          RenderText {TEXT} at (509,0) size 50x17
            text run at (509,0) width 36: " (#88"
            text run at (545,0) width 14: "b)"
        RenderListItem {LI} at (40,1751) size 744x17
          RenderListMarker at (0,0) size 0x14
          RenderInline {A} at (0,0) size 391x17 [color=#0000EE]
            RenderText {TEXT} at (0,0) size 391x17
              text run at (0,0) width 391: "Simple combination of descendant and child combinators"
          RenderText {TEXT} at (391,0) size 40x17
            text run at (391,0) width 40: " (#89)"
        RenderListItem {LI} at (40,1768) size 744x17
          RenderListMarker at (0,0) size 0x14
          RenderInline {A} at (0,0) size 433x17 [color=#0000EE]
            RenderText {TEXT} at (0,0) size 433x17
              text run at (0,0) width 433: "Simple combination of direct and indirect adjacent combinators"
          RenderText {TEXT} at (433,0) size 40x17
            text run at (433,0) width 40: " (#90)"
        RenderListItem {LI} at (40,1785) size 744x17
          RenderListMarker at (0,0) size 0x14
          RenderInline {A} at (0,0) size 433x17 [color=#0000EE]
            RenderText {TEXT} at (0,0) size 433x17
              text run at (0,0) width 433: "Simple combination of direct and indirect adjacent combinators"
          RenderText {TEXT} at (433,0) size 50x17
            text run at (433,0) width 36: " (#90"
            text run at (469,0) width 14: "b)"
        RenderListItem {LI} at (40,1802) size 744x17
          RenderListMarker at (0,0) size 0x14
          RenderInline {A} at (0,0) size 301x17 [color=#0000EE]
            RenderText {TEXT} at (0,0) size 301x17
              text run at (0,0) width 301: "NEGATED :enabled:disabled pseudo-classes"
          RenderText {TEXT} at (301,0) size 49x17
            text run at (301,0) width 49: " (#144)"
        RenderListItem {LI} at (40,1819) size 744x17
          RenderListMarker at (0,0) size 0x14
          RenderInline {A} at (0,0) size 205x17 [color=#0000EE]
            RenderText {TEXT} at (0,0) size 205x17
              text run at (0,0) width 205: ":empty pseudo-class and text"
          RenderText {TEXT} at (205,0) size 49x17
            text run at (205,0) width 49: " (#148)"
        RenderListItem {LI} at (40,1836) size 744x17
          RenderListMarker at (0,0) size 0x14
          RenderInline {A} at (0,0) size 287x17 [color=#0000EE]
            RenderText {TEXT} at (0,0) size 287x17
              text run at (0,0) width 287: ":empty pseudo-class and empty elements"
          RenderText {TEXT} at (287,0) size 49x17
            text run at (287,0) width 49: " (#149)"
        RenderListItem {LI} at (40,1853) size 744x17
          RenderListMarker at (0,0) size 0x14
          RenderInline {A} at (0,0) size 287x17 [color=#0000EE]
            RenderText {TEXT} at (0,0) size 287x17
              text run at (0,0) width 287: ":empty pseudo-class and empty elements"
          RenderText {TEXT} at (287,0) size 58x17
            text run at (287,0) width 44: " (#149"
            text run at (331,0) width 14: "b)"
        RenderListItem {LI} at (40,1870) size 744x17
          RenderListMarker at (0,0) size 0x14
          RenderInline {A} at (0,0) size 254x17 [color=#0000EE]
            RenderText {TEXT} at (0,0) size 254x17
              text run at (0,0) width 254: ":empty pseudo-class and whitespace"
          RenderText {TEXT} at (254,0) size 49x17
            text run at (254,0) width 49: " (#151)"
        RenderListItem {LI} at (40,1887) size 744x17
          RenderListMarker at (0,0) size 0x14
          RenderInline {A} at (0,0) size 240x17 [color=#0000EE]
            RenderText {TEXT} at (0,0) size 240x17
              text run at (0,0) width 240: ":empty pseudo-class and elements"
          RenderText {TEXT} at (240,0) size 49x17
            text run at (240,0) width 49: " (#152)"
        RenderListItem {LI} at (40,1904) size 744x17
          RenderListMarker at (0,0) size 0x14
          RenderInline {A} at (0,0) size 131x17 [color=#0000EE]
            RenderText {TEXT} at (0,0) size 131x17
              text run at (0,0) width 131: "Syntax and parsing"
          RenderText {TEXT} at (131,0) size 49x17
            text run at (131,0) width 49: " (#154)"
        RenderListItem {LI} at (40,1921) size 744x17
          RenderListMarker at (0,0) size 0x14
          RenderInline {A} at (0,0) size 131x17 [color=#0000EE]
            RenderText {TEXT} at (0,0) size 131x17
              text run at (0,0) width 131: "Syntax and parsing"
          RenderText {TEXT} at (131,0) size 49x17
            text run at (131,0) width 49: " (#155)"
        RenderListItem {LI} at (40,1938) size 744x17
          RenderListMarker at (0,0) size 0x14
          RenderInline {A} at (0,0) size 131x17 [color=#0000EE]
            RenderText {TEXT} at (0,0) size 131x17
              text run at (0,0) width 131: "Syntax and parsing"
          RenderText {TEXT} at (131,0) size 57x17
            text run at (131,0) width 44: " (#155"
            text run at (175,0) width 13: "a)"
        RenderListItem {LI} at (40,1955) size 744x17
          RenderListMarker at (0,0) size 0x14
          RenderInline {A} at (0,0) size 131x17 [color=#0000EE]
            RenderText {TEXT} at (0,0) size 131x17
              text run at (0,0) width 131: "Syntax and parsing"
          RenderText {TEXT} at (131,0) size 58x17
            text run at (131,0) width 44: " (#155"
            text run at (175,0) width 14: "b)"
        RenderListItem {LI} at (40,1972) size 744x17
          RenderListMarker at (0,0) size 0x14
          RenderInline {A} at (0,0) size 131x17 [color=#0000EE]
            RenderText {TEXT} at (0,0) size 131x17
              text run at (0,0) width 131: "Syntax and parsing"
          RenderText {TEXT} at (131,0) size 56x17
            text run at (131,0) width 44: " (#155"
            text run at (175,0) width 12: "c)"
        RenderListItem {LI} at (40,1989) size 744x17
          RenderListMarker at (0,0) size 0x14
          RenderInline {A} at (0,0) size 131x17 [color=#0000EE]
            RenderText {TEXT} at (0,0) size 131x17
              text run at (0,0) width 131: "Syntax and parsing"
          RenderText {TEXT} at (131,0) size 58x17
            text run at (131,0) width 44: " (#155"
            text run at (175,0) width 14: "d)"
        RenderListItem {LI} at (40,2006) size 744x17
          RenderListMarker at (0,0) size 0x14
          RenderInline {A} at (0,0) size 131x17 [color=#0000EE]
            RenderText {TEXT} at (0,0) size 131x17
              text run at (0,0) width 131: "Syntax and parsing"
          RenderText {TEXT} at (131,0) size 49x17
            text run at (131,0) width 49: " (#156)"
        RenderListItem {LI} at (40,2023) size 744x17
          RenderListMarker at (0,0) size 0x14
          RenderInline {A} at (0,0) size 131x17 [color=#0000EE]
            RenderText {TEXT} at (0,0) size 131x17
              text run at (0,0) width 131: "Syntax and parsing"
          RenderText {TEXT} at (131,0) size 58x17
            text run at (131,0) width 44: " (#156"
            text run at (175,0) width 14: "b)"
        RenderListItem {LI} at (40,2040) size 744x17
          RenderListMarker at (0,0) size 0x14
          RenderInline {A} at (0,0) size 131x17 [color=#0000EE]
            RenderText {TEXT} at (0,0) size 131x17
              text run at (0,0) width 131: "Syntax and parsing"
          RenderText {TEXT} at (131,0) size 56x17
            text run at (131,0) width 44: " (#156"
            text run at (175,0) width 12: "c)"
        RenderListItem {LI} at (40,2057) size 744x17
          RenderListMarker at (0,0) size 0x14
          RenderInline {A} at (0,0) size 131x17 [color=#0000EE]
            RenderText {TEXT} at (0,0) size 131x17
              text run at (0,0) width 131: "Syntax and parsing"
          RenderText {TEXT} at (131,0) size 49x17
            text run at (131,0) width 49: " (#157)"
        RenderListItem {LI} at (40,2074) size 744x17
          RenderListMarker at (0,0) size 0x14
          RenderInline {A} at (0,0) size 131x17 [color=#0000EE]
            RenderText {TEXT} at (0,0) size 131x17
              text run at (0,0) width 131: "Syntax and parsing"
          RenderText {TEXT} at (131,0) size 49x17
            text run at (131,0) width 49: " (#158)"
        RenderListItem {LI} at (40,2091) size 744x17
          RenderListMarker at (0,0) size 0x14
          RenderInline {A} at (0,0) size 305x17 [color=#0000EE]
            RenderText {TEXT} at (0,0) size 305x17
              text run at (0,0) width 305: "Syntax and parsing of new pseudo-elements"
          RenderText {TEXT} at (305,0) size 49x17
            text run at (305,0) width 49: " (#159)"
        RenderListItem {LI} at (40,2108) size 744x17
          RenderListMarker at (0,0) size 0x14
          RenderInline {A} at (0,0) size 327x17 [color=#0000EE]
            RenderText {TEXT} at (0,0) size 327x17
              text run at (0,0) width 327: "Syntax and parsing of unknown psuedo-classes"
          RenderText {TEXT} at (327,0) size 49x17
            text run at (327,0) width 49: " (#160)"
        RenderListItem {LI} at (40,2125) size 744x17
          RenderListMarker at (0,0) size 0x14
          RenderInline {A} at (0,0) size 481x17 [color=#0000EE]
            RenderText {TEXT} at (0,0) size 481x17
              text run at (0,0) width 481: "Syntax and parsing of unknown psuedo-classes and pseudo-elements"
          RenderText {TEXT} at (481,0) size 49x17
            text run at (481,0) width 49: " (#161)"
        RenderListItem {LI} at (40,2142) size 744x17
          RenderListMarker at (0,0) size 0x14
          RenderInline {A} at (0,0) size 150x17 [color=#0000EE]
            RenderText {TEXT} at (0,0) size 150x17
              text run at (0,0) width 150: "Contextual ::selection"
          RenderText {TEXT} at (150,0) size 49x17
            text run at (150,0) width 49: " (#162)"
        RenderListItem {LI} at (40,2159) size 744x17
          RenderListMarker at (0,0) size 0x14
          RenderInline {A} at (0,0) size 142x17 [color=#0000EE]
            RenderText {TEXT} at (0,0) size 142x17
              text run at (0,0) width 142: "Contextual :contains"
          RenderText {TEXT} at (142,0) size 49x17
            text run at (142,0) width 49: " (#163)"
        RenderListItem {LI} at (40,2176) size 744x17
          RenderListMarker at (0,0) size 0x14
          RenderInline {A} at (0,0) size 150x17 [color=#0000EE]
            RenderText {TEXT} at (0,0) size 150x17
              text run at (0,0) width 150: ":focus with ::selection"
          RenderText {TEXT} at (150,0) size 49x17
            text run at (150,0) width 49: " (#164)"
        RenderListItem {LI} at (40,2193) size 744x17
          RenderListMarker at (0,0) size 0x14
          RenderInline {A} at (0,0) size 152x17 [color=#0000EE]
            RenderText {TEXT} at (0,0) size 152x17
              text run at (0,0) width 152: ":hover with ::selection"
          RenderText {TEXT} at (152,0) size 49x17
            text run at (152,0) width 49: " (#165)"
        RenderListItem {LI} at (40,2210) size 744x17
          RenderListMarker at (0,0) size 0x14
          RenderInline {A} at (0,0) size 196x17 [color=#0000EE]
            RenderText {TEXT} at (0,0) size 196x17
              text run at (0,0) width 196: ":first-letter with ::first-letter"
          RenderText {TEXT} at (196,0) size 49x17
            text run at (196,0) width 49: " (#166)"
        RenderListItem {LI} at (40,2227) size 744x17
          RenderListMarker at (0,0) size 0x14
          RenderInline {A} at (0,0) size 196x17 [color=#0000EE]
            RenderText {TEXT} at (0,0) size 196x17
              text run at (0,0) width 196: ":first-letter with ::first-letter"
          RenderText {TEXT} at (196,0) size 57x17
            text run at (196,0) width 44: " (#166"
            text run at (240,0) width 13: "a)"
        RenderListItem {LI} at (40,2244) size 744x17
          RenderListMarker at (0,0) size 0x14
          RenderInline {A} at (0,0) size 172x17 [color=#0000EE]
            RenderText {TEXT} at (0,0) size 172x17
              text run at (0,0) width 172: ":first-line with ::first-line"
          RenderText {TEXT} at (172,0) size 49x17
            text run at (172,0) width 49: " (#167)"
        RenderListItem {LI} at (40,2261) size 744x17
          RenderListMarker at (0,0) size 0x14
          RenderInline {A} at (0,0) size 172x17 [color=#0000EE]
            RenderText {TEXT} at (0,0) size 172x17
              text run at (0,0) width 172: ":first-line with ::first-line"
          RenderText {TEXT} at (172,0) size 57x17
            text run at (172,0) width 44: " (#167"
            text run at (216,0) width 13: "a)"
        RenderListItem {LI} at (40,2278) size 744x17
          RenderListMarker at (0,0) size 0x14
          RenderInline {A} at (0,0) size 140x17 [color=#0000EE]
            RenderText {TEXT} at (0,0) size 140x17
              text run at (0,0) width 140: ":before with ::before"
          RenderText {TEXT} at (140,0) size 49x17
            text run at (140,0) width 49: " (#168)"
        RenderListItem {LI} at (40,2295) size 744x17
          RenderListMarker at (0,0) size 0x14
          RenderInline {A} at (0,0) size 140x17 [color=#0000EE]
            RenderText {TEXT} at (0,0) size 140x17
              text run at (0,0) width 140: ":before with ::before"
          RenderText {TEXT} at (140,0) size 57x17
            text run at (140,0) width 44: " (#168"
            text run at (184,0) width 13: "a)"
        RenderListItem {LI} at (40,2312) size 744x17
          RenderListMarker at (0,0) size 0x14
          RenderInline {A} at (0,0) size 116x17 [color=#0000EE]
            RenderText {TEXT} at (0,0) size 116x17
              text run at (0,0) width 116: ":after with ::after"
          RenderText {TEXT} at (116,0) size 49x17
            text run at (116,0) width 49: " (#169)"
        RenderListItem {LI} at (40,2329) size 744x17
          RenderListMarker at (0,0) size 0x14
          RenderInline {A} at (0,0) size 116x17 [color=#0000EE]
            RenderText {TEXT} at (0,0) size 116x17
              text run at (0,0) width 116: ":after with ::after"
          RenderText {TEXT} at (116,0) size 57x17
            text run at (116,0) width 44: " (#169"
            text run at (160,0) width 13: "a)"
        RenderListItem {LI} at (40,2346) size 744x17
          RenderListMarker at (0,0) size 0x14
          RenderInline {A} at (0,0) size 165x17 [color=#0000EE]
            RenderText {TEXT} at (0,0) size 165x17
              text run at (0,0) width 165: "Long chains of selectors"
          RenderText {TEXT} at (165,0) size 49x17
            text run at (165,0) width 49: " (#170)"
        RenderListItem {LI} at (40,2363) size 744x17
          RenderListMarker at (0,0) size 0x14
          RenderInline {A} at (0,0) size 165x17 [color=#0000EE]
            RenderText {TEXT} at (0,0) size 165x17
              text run at (0,0) width 165: "Long chains of selectors"
          RenderText {TEXT} at (165,0) size 57x17
            text run at (165,0) width 44: " (#170"
            text run at (209,0) width 13: "a)"
        RenderListItem {LI} at (40,2380) size 744x17
          RenderListMarker at (0,0) size 0x14
          RenderInline {A} at (0,0) size 165x17 [color=#0000EE]
            RenderText {TEXT} at (0,0) size 165x17
              text run at (0,0) width 165: "Long chains of selectors"
          RenderText {TEXT} at (165,0) size 58x17
            text run at (165,0) width 44: " (#170"
            text run at (209,0) width 14: "b)"
        RenderListItem {LI} at (40,2397) size 744x17
          RenderListMarker at (0,0) size 0x14
          RenderInline {A} at (0,0) size 165x17 [color=#0000EE]
            RenderText {TEXT} at (0,0) size 165x17
              text run at (0,0) width 165: "Long chains of selectors"
          RenderText {TEXT} at (165,0) size 56x17
            text run at (165,0) width 44: " (#170"
            text run at (209,0) width 12: "c)"
        RenderListItem {LI} at (40,2414) size 744x17
          RenderListMarker at (0,0) size 0x14
          RenderInline {A} at (0,0) size 165x17 [color=#0000EE]
            RenderText {TEXT} at (0,0) size 165x17
              text run at (0,0) width 165: "Long chains of selectors"
          RenderText {TEXT} at (165,0) size 58x17
            text run at (165,0) width 44: " (#170"
            text run at (209,0) width 14: "d)"
        RenderListItem {LI} at (40,2431) size 744x17
          RenderListMarker at (0,0) size 0x14
          RenderInline {A} at (0,0) size 191x17 [color=#0000EE]
            RenderText {TEXT} at (0,0) size 191x17
              text run at (0,0) width 191: "Parsing: Numbers in classes"
          RenderText {TEXT} at (191,0) size 57x17
            text run at (191,0) width 44: " (#175"
            text run at (235,0) width 13: "a)"
        RenderListItem {LI} at (40,2448) size 744x17
          RenderListMarker at (0,0) size 0x14
          RenderInline {A} at (0,0) size 191x17 [color=#0000EE]
            RenderText {TEXT} at (0,0) size 191x17
              text run at (0,0) width 191: "Parsing: Numbers in classes"
          RenderText {TEXT} at (191,0) size 58x17
            text run at (191,0) width 44: " (#175"
            text run at (235,0) width 14: "b)"
        RenderListItem {LI} at (40,2465) size 744x17
          RenderListMarker at (0,0) size 0x14
          RenderInline {A} at (0,0) size 191x17 [color=#0000EE]
            RenderText {TEXT} at (0,0) size 191x17
              text run at (0,0) width 191: "Parsing: Numbers in classes"
          RenderText {TEXT} at (191,0) size 56x17
            text run at (191,0) width 44: " (#175"
            text run at (235,0) width 12: "c)"
        RenderListItem {LI} at (40,2482) size 744x17
          RenderListMarker at (0,0) size 0x14
          RenderInline {A} at (0,0) size 262x17 [color=#0000EE]
            RenderText {TEXT} at (0,0) size 262x17
              text run at (0,0) width 262: "NEGATED Dynamic handling of :empty"
          RenderText {TEXT} at (262,0) size 40x17
            text run at (262,0) width 40: " (#d1)"
        RenderListItem {LI} at (40,2499) size 744x17
          RenderListMarker at (0,0) size 0x14
          RenderInline {A} at (0,0) size 262x17 [color=#0000EE]
            RenderText {TEXT} at (0,0) size 262x17
              text run at (0,0) width 262: "NEGATED Dynamic handling of :empty"
          RenderText {TEXT} at (262,0) size 49x17
            text run at (262,0) width 49: " (#d1b)"
        RenderListItem {LI} at (40,2516) size 744x17
          RenderListMarker at (0,0) size 0x14
          RenderInline {A} at (0,0) size 230x17 [color=#0000EE]
            RenderText {TEXT} at (0,0) size 230x17
              text run at (0,0) width 230: "Dynamic handling of combinators"
          RenderText {TEXT} at (230,0) size 40x17
            text run at (230,0) width 40: " (#d2)"
        RenderListItem {LI} at (40,2533) size 744x17
          RenderListMarker at (0,0) size 0x14
          RenderInline {A} at (0,0) size 325x17 [color=#0000EE]
            RenderText {TEXT} at (0,0) size 325x17
              text run at (0,0) width 325: "Dynamic updating of :first-child and :last-child"
          RenderText {TEXT} at (325,0) size 40x17
            text run at (325,0) width 40: " (#d4)"
        RenderListItem {LI} at (40,2550) size 744x17
          RenderListMarker at (0,0) size 0x14
          RenderInline {A} at (0,0) size 100x17 [color=#0000EE]
            RenderText {TEXT} at (0,0) size 100x17
              text run at (0,0) width 100: ":indeterminate"
          RenderText {TEXT} at (100,0) size 40x17
            text run at (100,0) width 40: " (#d5)"
        RenderListItem {LI} at (40,2567) size 744x17
          RenderListMarker at (0,0) size 0x14
          RenderInline {A} at (0,0) size 195x17 [color=#0000EE]
            RenderText {TEXT} at (0,0) size 195x17
              text run at (0,0) width 195: ":indeterminate and :checked"
          RenderText {TEXT} at (195,0) size 48x17
            text run at (195,0) width 48: " (#d5a)"
        RenderListItem {LI} at (40,2584) size 744x17
          RenderListMarker at (0,0) size 0x14
          RenderInline {A} at (0,0) size 264x17 [color=#0000EE]
            RenderText {TEXT} at (0,0) size 264x17
              text run at (0,0) width 264: "NEGATED :indeterminate and :checked"
          RenderText {TEXT} at (264,0) size 49x17
            text run at (264,0) width 49: " (#d5b)"
        RenderListItem {LI} at (40,2601) size 744x17
          RenderListMarker at (0,0) size 0x14
          RenderInline {A} at (0,0) size 195x17 [color=#0000EE]
            RenderText {TEXT} at (0,0) size 195x17
              text run at (0,0) width 195: ":indeterminate and :checked"
          RenderText {TEXT} at (195,0) size 47x17
            text run at (195,0) width 47: " (#d5c)"
        RenderListItem {LI} at (40,2618) size 744x17
          RenderListMarker at (0,0) size 0x14
          RenderInline {A} at (0,0) size 198x17 [color=#0000EE]
            RenderText {TEXT} at (0,0) size 198x17
              text run at (0,0) width 198: ":indeterminate with :checked"
          RenderText {TEXT} at (198,0) size 49x17
            text run at (198,0) width 49: " (#d5d)"
        RenderListItem {LI} at (40,2635) size 744x17
          RenderListMarker at (0,0) size 0x14
          RenderInline {A} at (0,0) size 267x17 [color=#0000EE]
            RenderText {TEXT} at (0,0) size 267x17
              text run at (0,0) width 267: "NEGATED :indeterminate with :checked"
          RenderText {TEXT} at (267,0) size 48x17
            text run at (267,0) width 48: " (#d5e)"
      RenderBlock {P} at (0,3085) size 784x17
        RenderText {TEXT} at (0,0) size 65x17
          text run at (0,0) width 65: "See also: "
        RenderInline {A} at (0,0) size 38x17 [color=#0000EE]
          RenderText {TEXT} at (65,0) size 38x17
            text run at (65,0) width 38: "Index"
        RenderText {TEXT} at (103,0) size 9x17
          text run at (103,0) width 9: ", "
        RenderInline {A} at (0,0) size 48x17 [color=#0000EE]
          RenderText {TEXT} at (112,0) size 48x17
            text run at (112,0) width 48: "XHTML"
        RenderText {TEXT} at (160,0) size 9x17
          text run at (160,0) width 9: ", "
        RenderInline {A} at (0,0) size 29x17 [color=#0000EE]
          RenderText {TEXT} at (169,0) size 29x17
            text run at (169,0) width 29: "XML"
