layer at (0,0) size 800x600
  RenderCanvas at (0,0) size 800x600
layer at (0,0) size 800x45
  RenderBlock {HTML} at (0,0) size 800x45
    RenderBody {BODY} at (8,14) size 784x17
      RenderBlock {P} at (0,0) size 784x17
        RenderInline at (0,0) size 9x17 [bgcolor=#00FF00]
          RenderText {TEXT} at (0,0) size 9x17 [bgcolor=#000000]
            text run at (0,0) width 9: "T"
        RenderText {TEXT} at (9,0) size 443x17
          text run at (9,0) width 443: "he first letter of this paragraph should have a green background."
