layer at (0,0) size 800x600
  RenderView at (0,0) size 800x600
layer at (0,0) size 800x600
  RenderBlock {HTML} at (0,0) size 800x600
    RenderBody {BODY} at (8,8) size 784x576
      RenderBlock {P} at (0,0) size 784x52 [border: (2px solid #0000FF)]
        RenderInline (generated) at (0,0) size 34x48 [color=#800000]
          RenderText {#text} at (2,2) size 34x48
            text run at (2,2) width 34: "M"
        RenderText {#text} at (36,21) size 193x22
          text run at (36,21) width 193: "aroon on the first letter only."
