layer at (0,0) size 800x708
  RenderView at (0,0) size 800x600
layer at (0,0) size 800x708
  RenderBlock {HTML} at (0,0) size 800x708
    RenderBody {BODY} at (8,8) size 784x692 [bgcolor=#CCCCCC]
      RenderBlock {P} at (0,0) size 784x16
        RenderText {#text} at (0,0) size 352x16
          text run at (0,0) width 352: "The style declarations which apply to the text below are:"
      RenderBlock {PRE} at (0,30) size 784x96
        RenderText {#text} at (0,0) size 228x96
          text run at (0,0) width 224: ".zero {background-color: silver; border-right-width: 0;}"
          text run at (224,0) width 0: " "
          text run at (0,16) width 212: ".one {border-right-width: 25px; border-style: solid;}"
          text run at (212,16) width 0: " "
          text run at (0,32) width 216: ".two {border-right-width: thick; border-style: solid;}"
          text run at (216,32) width 0: " "
          text run at (0,48) width 228: ".three {border-right-width: medium; border-style: solid;}"
          text run at (228,48) width 0: " "
          text run at (0,64) width 216: ".four {border-right-width: thin; border-style: solid;}"
          text run at (216,64) width 0: " "
          text run at (0,80) width 136: ".five {border-right-width: 100px;}"
          text run at (136,80) width 0: " "
      RenderBlock {HR} at (0,140) size 784x2 [border: (1px inset #000000)]
      RenderBlock {P} at (0,156) size 784x16
        RenderText {#text} at (0,0) size 147x16
          text run at (0,0) width 147: "(These will only work if "
        RenderInline {CODE} at (0,0) size 48x16
          RenderText {#text} at (147,0) size 48x16
            text run at (147,0) width 48: "border-style"
        RenderText {#text} at (195,0) size 89x16
          text run at (195,0) width 89: " is supported.)"
      RenderBlock {P} at (0,186) size 784x16 [bgcolor=#C0C0C0]
        RenderText {#text} at (0,0) size 207x16
          text run at (0,0) width 207: "This element has a class of zero."
      RenderBlock {P} at (0,216) size 784x38 [border: (3px solid #000000) (25px solid #000000) (3px solid #000000)]
        RenderText {#text} at (3,3) size 734x32
          text run at (3,3) width 734: "This element should have a right border width of 25 pixels, which will be more obvious if the element is more than one"
          text run at (3,19) width 56: "line long."
      RenderBlock {P} at (0,268) size 784x22 [border: (3px solid #000000) (5px solid #000000) (3px solid #000000)]
        RenderText {#text} at (3,3) size 751x16
          text run at (3,3) width 751: "This element should have a thick right border width, which will be more obvious if the element is more than one line long."
      RenderBlock {P} at (0,304) size 784x22 [border: (3px solid #000000)]
        RenderText {#text} at (3,3) size 770x16
          text run at (3,3) width 770: "This element should have a medium right border width, which will be more obvious if the element is more than one line long."
      RenderBlock {P} at (0,340) size 784x22 [border: (3px solid #000000) (1px solid #000000) (3px solid #000000)]
        RenderText {#text} at (3,3) size 745x16
          text run at (3,3) width 745: "This element should have a thin right border width, which will be more obvious if the element is more than one line long."
      RenderBlock {P} at (0,376) size 784x16
        RenderText {#text} at (0,0) size 521x16
          text run at (0,0) width 521: "This element should have no border and no extra \"padding\" on its right side, as no "
        RenderInline {CODE} at (0,0) size 48x16
          RenderText {#text} at (521,0) size 48x16
            text run at (521,0) width 48: "border-style"
        RenderText {#text} at (569,0) size 55x16
          text run at (569,0) width 55: " was set."
      RenderTable {TABLE} at (0,406) size 784x286 [border: (1px outset #808080)]
        RenderTableSection {TBODY} at (1,1) size 782x284
          RenderTableRow {TR} at (0,0) size 782x24
            RenderTableCell {TD} at (0,0) size 782x24 [bgcolor=#C0C0C0] [border: (1px inset #808080)] [r=0 c=0 rs=1 cs=2]
              RenderInline {STRONG} at (0,0) size 157x16
                RenderText {#text} at (4,4) size 157x16
                  text run at (4,4) width 157: "TABLE Testing Section"
          RenderTableRow {TR} at (0,24) size 782x260
            RenderTableCell {TD} at (0,142) size 12x24 [bgcolor=#C0C0C0] [border: (1px inset #808080)] [r=1 c=0 rs=1 cs=1]
              RenderText {#text} at (4,4) size 4x16
                text run at (4,4) width 4: " "
            RenderTableCell {TD} at (12,24) size 770x260 [border: (1px inset #808080)] [r=1 c=1 rs=1 cs=1]
              RenderBlock {P} at (4,4) size 762x16
                RenderText {#text} at (0,0) size 147x16
                  text run at (0,0) width 147: "(These will only work if "
                RenderInline {CODE} at (0,0) size 48x16
                  RenderText {#text} at (147,0) size 48x16
                    text run at (147,0) width 48: "border-style"
                RenderText {#text} at (195,0) size 89x16
                  text run at (195,0) width 89: " is supported.)"
              RenderBlock {P} at (4,34) size 762x16 [bgcolor=#C0C0C0]
                RenderText {#text} at (0,0) size 207x16
                  text run at (0,0) width 207: "This element has a class of zero."
              RenderBlock {P} at (4,64) size 762x38 [border: (3px solid #000000) (25px solid #000000) (3px solid #000000)]
                RenderText {#text} at (3,3) size 734x32
                  text run at (3,3) width 734: "This element should have a right border width of 25 pixels, which will be more obvious if the element is more than one"
                  text run at (3,19) width 56: "line long."
              RenderBlock {P} at (4,116) size 762x22 [border: (3px solid #000000) (5px solid #000000) (3px solid #000000)]
                RenderText {#text} at (3,3) size 751x16
                  text run at (3,3) width 751: "This element should have a thick right border width, which will be more obvious if the element is more than one line long."
              RenderBlock {P} at (4,152) size 762x38 [border: (3px solid #000000)]
                RenderText {#text} at (3,3) size 736x32
                  text run at (3,3) width 736: "This element should have a medium right border width, which will be more obvious if the element is more than one line"
                  text run at (3,19) width 30: "long."
              RenderBlock {P} at (4,204) size 762x22 [border: (3px solid #000000) (1px solid #000000) (3px solid #000000)]
                RenderText {#text} at (3,3) size 745x16
                  text run at (3,3) width 745: "This element should have a thin right border width, which will be more obvious if the element is more than one line long."
              RenderBlock {P} at (4,240) size 762x16
                RenderText {#text} at (0,0) size 521x16
                  text run at (0,0) width 521: "This element should have no border and no extra \"padding\" on its right side, as no "
                RenderInline {CODE} at (0,0) size 48x16
                  RenderText {#text} at (521,0) size 48x16
                    text run at (521,0) width 48: "border-style"
                RenderText {#text} at (569,0) size 55x16
                  text run at (569,0) width 55: " was set."
