layer at (0,0) size 800x600
  RenderView at (0,0) size 800x600
layer at (0,0) size 800x600
  RenderBlock {HTML} at (0,0) size 800x600
    RenderBody {BODY} at (8,8) size 784x584 [bgcolor=#CCCCCC]
      RenderBlock {P} at (0,0) size 784x19
        RenderText {#text} at (0,0) size 354x19
          text run at (0,0) width 354: "The style declarations which apply to the text below are:"
      RenderBlock {PRE} at (0,33) size 784x57
        RenderText {#text} at (0,1) size 376x55
          text run at (0,1) width 376: ".one {border-width: 25px; border-style: solid;}"
          text run at (376,1) width 0: " "
          text run at (0,20) width 376: ".two {border-width: thin; border-style: solid;}"
          text run at (376,20) width 0: " "
          text run at (0,39) width 224: ".three {border-width: 25px;}"
          text run at (224,39) width 0: " "
      RenderBlock {HR} at (0,104) size 784x2 [border: (1px inset #000000)]
      RenderBlock {P} at (0,120) size 784x109 [border: (25px solid #000000)]
        RenderText {#text} at (25,25) size 177x19
          text run at (25,25) width 177: "This element has a class of "
        RenderInline {TT} at (0,0) size 24x17
          RenderText {#text} at (202,27) size 24x17
            text run at (202,27) width 24: "one"
        RenderText {#text} at (226,25) size 160x19
          text run at (226,25) width 8: ". "
          text run at (234,25) width 152: "However, it contains an "
        RenderInline {SPAN} at (0,0) size 170x21 [border: (1px solid #000000)]
          RenderText {#text} at (387,25) size 144x19
            text run at (387,25) width 144: "inline element of class "
          RenderInline {TT} at (0,0) size 24x17
            RenderText {#text} at (531,27) size 24x17
              text run at (531,27) width 24: "two"
        RenderText {#text} at (556,25) size 714x39
          text run at (556,25) width 183: ", which should result in a thin"
          text run at (25,45) width 377: "solid border on each side of each box in the inline element. "
          text run at (402,45) width 106: "There is also an "
        RenderInline {SPAN} at (0,0) size 184x19
          RenderText {#text} at (508,45) size 144x19
            text run at (508,45) width 144: "inline element of class "
          RenderInline {TT} at (0,0) size 40x17
            RenderText {#text} at (652,47) size 40x17
              text run at (652,47) width 40: "three"
        RenderText {#text} at (692,45) size 711x39
          text run at (692,45) width 44: ", which"
          text run at (25,65) width 393: "should have no border width because no border style was set."
      RenderTable {TABLE} at (0,243) size 784x147 [border: (1px outset #808080)]
        RenderTableSection {TBODY} at (1,1) size 782x145
          RenderTableRow {TR} at (0,0) size 782x28
            RenderTableCell {TD} at (0,0) size 782x28 [bgcolor=#C0C0C0] [border: (1px inset #808080)] [r=0 c=0 rs=1 cs=2]
              RenderInline {STRONG} at (0,0) size 159x20
                RenderText {#text} at (4,4) size 159x20
                  text run at (4,4) width 159: "TABLE Testing Section"
          RenderTableRow {TR} at (0,28) size 782x117
            RenderTableCell {TD} at (0,73) size 12x27 [bgcolor=#C0C0C0] [border: (1px inset #808080)] [r=1 c=0 rs=1 cs=1]
              RenderText {#text} at (4,4) size 4x19
                text run at (4,4) width 4: " "
            RenderTableCell {TD} at (12,28) size 770x117 [border: (1px inset #808080)] [r=1 c=1 rs=1 cs=1]
              RenderBlock {P} at (4,4) size 762x109 [border: (25px solid #000000)]
                RenderText {#text} at (25,25) size 177x19
                  text run at (25,25) width 177: "This element has a class of "
                RenderInline {TT} at (0,0) size 24x17
                  RenderText {#text} at (202,27) size 24x17
                    text run at (202,27) width 24: "one"
                RenderText {#text} at (226,25) size 160x19
                  text run at (226,25) width 8: ". "
                  text run at (234,25) width 152: "However, it contains an "
                RenderInline {SPAN} at (0,0) size 170x21 [border: (1px solid #000000)]
                  RenderText {#text} at (387,25) size 144x19
                    text run at (387,25) width 144: "inline element of class "
                  RenderInline {TT} at (0,0) size 24x17
                    RenderText {#text} at (531,27) size 24x17
                      text run at (531,27) width 24: "two"
                RenderText {#text} at (556,25) size 687x39
                  text run at (556,25) width 156: ", which should result in a"
                  text run at (25,45) width 404: "thin solid border on each side of each box in the inline element. "
                  text run at (429,45) width 106: "There is also an "
                RenderInline {SPAN} at (0,0) size 184x19
                  RenderText {#text} at (535,45) size 144x19
                    text run at (535,45) width 144: "inline element of class "
                  RenderInline {TT} at (0,0) size 40x17
                    RenderText {#text} at (679,47) size 40x17
                      text run at (679,47) width 40: "three"
                RenderText {#text} at (719,45) size 698x39
                  text run at (719,45) width 4: ","
                  text run at (25,65) width 433: "which should have no border width because no border style was set."
