layer at (0,0) size 164x1564
  RenderView at (0,0) size 96x26
layer at (0,0) size 164x1564
  RenderBlock {HTML} at (0,0) size 96x1564
    RenderBody {BODY} at (8,8) size 80x1548 [bgcolor=#CCCCCC]
      RenderBlock {P} at (20,0) size 60x112
        RenderText {#text} at (0,0) size 77x112
          text run at (0,0) width 58: "The style"
          text run at (0,16) width 77: "declarations"
          text run at (0,32) width 36: "which"
          text run at (0,48) width 50: "apply to"
          text run at (0,64) width 47: "the text"
          text run at (0,80) width 36: "below"
          text run at (0,96) width 24: "are:"
      RenderBlock {PRE} at (0,126) size 80x64
        RenderText {#text} at (0,0) size 156x64
          text run at (0,0) width 88: "P {margin-left: 20px;}"
          text run at (88,0) width 0: " "
          text run at (0,16) width 156: ".one {border-left: purple double 10px;}"
          text run at (156,16) width 0: " "
          text run at (0,32) width 152: ".two {border-left: purple thin solid;}"
          text run at (152,32) width 0: " "
          text run at (0,48) width 0: " "
      RenderBlock {HR} at (0,204) size 80x2 [border: (1px inset #000000)]
      RenderBlock {P} at (20,220) size 60x720 [bgcolor=#C0C0C0]
        RenderText {#text} at (0,0) size 73x256
          text run at (0,0) width 27: "This"
          text run at (0,16) width 66: "paragraph"
          text run at (0,32) width 35: "has a"
          text run at (0,48) width 73: "background"
          text run at (0,64) width 47: "color of"
          text run at (0,80) width 33: "silver"
          text run at (0,96) width 60: "and a 20-"
          text run at (0,112) width 52: "pixel left"
          text run at (0,128) width 46: "margin,"
          text run at (0,144) width 35: "and it"
          text run at (0,160) width 53: "contains"
          text run at (0,176) width 33: "inline"
          text run at (0,192) width 57: "elements"
          text run at (0,208) width 25: "with"
          text run at (0,224) width 47: "classes"
          text run at (0,240) width 16: "of "
        RenderInline {SPAN} at (0,0) size 58x32 [border: (10px double #800080)]
          RenderText {#text} at (26,240) size 58x32
            text run at (26,240) width 32: "class"
            text run at (0,256) width 24: "one"
        RenderText {#text} at (24,256) size 49x160
          text run at (24,256) width 3: ","
          text run at (0,272) width 36: "which"
          text run at (0,288) width 41: "should"
          text run at (0,304) width 43: "have a"
          text run at (0,320) width 49: "10-pixel"
          text run at (0,336) width 39: "purple"
          text run at (0,352) width 41: "double"
          text run at (0,368) width 19: "left"
          text run at (0,384) width 45: "border;"
          text run at (0,400) width 24: "and"
        RenderInline {SPAN} at (0,0) size 33x32 [border: (1px solid #800080)]
          RenderText {#text} at (1,416) size 33x32
            text run at (1,416) width 32: "class"
            text run at (0,432) width 22: "two"
        RenderText {#text} at (22,432) size 56x288
          text run at (22,432) width 3: ","
          text run at (0,448) width 36: "which"
          text run at (0,464) width 41: "should"
          text run at (0,480) width 43: "have a"
          text run at (0,496) width 56: "thin solid"
          text run at (0,512) width 39: "purple"
          text run at (0,528) width 19: "left"
          text run at (0,544) width 44: "border."
          text run at (0,560) width 55: "The line-"
          text run at (0,576) width 55: "height of"
          text run at (0,592) width 20: "the"
          text run at (0,608) width 41: "parent"
          text run at (0,624) width 50: "element"
          text run at (0,640) width 41: "should"
          text run at (0,656) width 20: "not"
          text run at (0,672) width 47: "change"
          text run at (0,688) width 43: "on any"
          text run at (0,704) width 25: "line."
      RenderTable {TABLE} at (0,954) size 115x594 [border: (1px outset #808080)]
        RenderTableSection {TBODY} at (1,1) size 113x592
          RenderTableRow {TR} at (0,0) size 113x40
            RenderTableCell {TD} at (0,0) size 113x40 [bgcolor=#C0C0C0] [border: (1px inset #808080)] [r=0 c=0 rs=1 cs=2]
              RenderInline {STRONG} at (0,0) size 100x32
                RenderText {#text} at (4,4) size 100x32
                  text run at (4,4) width 100: "TABLE Testing"
                  text run at (4,20) width 53: "Section"
          RenderTableRow {TR} at (0,40) size 113x552
            RenderTableCell {TD} at (0,304) size 12x24 [bgcolor=#C0C0C0] [border: (1px inset #808080)] [r=1 c=0 rs=1 cs=1]
              RenderText {#text} at (4,4) size 4x16
                text run at (4,4) width 4: " "
            RenderTableCell {TD} at (12,40) size 101x552 [border: (1px inset #808080)] [r=1 c=1 rs=1 cs=1]
              RenderBlock {P} at (24,4) size 73x544 [bgcolor=#C0C0C0]
                RenderText {#text} at (0,0) size 73x224
                  text run at (0,0) width 27: "This"
                  text run at (0,16) width 66: "paragraph"
                  text run at (0,32) width 35: "has a"
                  text run at (0,48) width 73: "background"
                  text run at (0,64) width 47: "color of"
                  text run at (0,80) width 73: "silver and a"
                  text run at (0,96) width 72: "20-pixel left"
                  text run at (0,112) width 46: "margin,"
                  text run at (0,128) width 35: "and it"
                  text run at (0,144) width 53: "contains"
                  text run at (0,160) width 33: "inline"
                  text run at (0,176) width 57: "elements"
                  text run at (0,192) width 25: "with"
                  text run at (0,208) width 63: "classes of"
                RenderInline {SPAN} at (0,0) size 70x16 [border: (10px double #800080)]
                  RenderText {#text} at (10,224) size 60x16
                    text run at (10,224) width 60: "class one"
                RenderText {#text} at (70,224) size 73x112
                  text run at (70,224) width 3: ","
                  text run at (0,240) width 36: "which"
                  text run at (0,256) width 41: "should"
                  text run at (0,272) width 67: "have a 10-"
                  text run at (0,288) width 72: "pixel purple"
                  text run at (0,304) width 64: "double left"
                  text run at (0,320) width 73: "border; and"
                RenderInline {SPAN} at (0,0) size 59x16 [border: (1px solid #800080)]
                  RenderText {#text} at (1,336) size 58x16
                    text run at (1,336) width 58: "class two"
                RenderText {#text} at (59,336) size 72x208
                  text run at (59,336) width 3: ","
                  text run at (0,352) width 36: "which"
                  text run at (0,368) width 41: "should"
                  text run at (0,384) width 70: "have a thin"
                  text run at (0,400) width 72: "solid purple"
                  text run at (0,416) width 67: "left border."
                  text run at (0,432) width 55: "The line-"
                  text run at (0,448) width 55: "height of"
                  text run at (0,464) width 65: "the parent"
                  text run at (0,480) width 50: "element"
                  text run at (0,496) width 65: "should not"
                  text run at (0,512) width 67: "change on"
                  text run at (0,528) width 52: "any line."
