layer at (0,0) size 372x1644
  RenderView at (0,0) size 96x26
layer at (0,0) size 372x1644
  RenderBlock {HTML} at (0,0) size 96x1644
    RenderBody {BODY} at (8,8) size 80x1628 [bgcolor=#CCCCCC]
      RenderBlock {P} at (0,0) size 80x80
        RenderText {#text} at (0,0) size 77x80
          text run at (0,0) width 58: "The style"
          text run at (0,16) width 77: "declarations"
          text run at (0,32) width 74: "which apply"
          text run at (0,48) width 63: "to the text"
          text run at (0,64) width 64: "below are:"
      RenderBlock {PRE} at (0,94) size 80x48
        RenderText {#text} at (0,0) size 364x48
          text run at (0,0) width 196: ".one {border-color: purple; border-style: solid;}"
          text run at (196,0) width 0: " "
          text run at (0,16) width 284: ".two {border-color: purple; border-width: medium; border-style: solid;}"
          text run at (284,16) width 0: " "
          text run at (0,32) width 364: ".three {border-color: purple green blue yellow; border-width: medium; border-style: solid;}"
          text run at (364,32) width 0: " "
      RenderBlock {HR} at (0,156) size 80x2 [border: (1px inset #000000)]
      RenderBlock {P} at (0,172) size 80x672 [bgcolor=#C0C0C0]
        RenderText {#text} at (0,0) size 75x176
          text run at (0,0) width 61: "This is an"
          text run at (0,16) width 52: "unstyled"
          text run at (0,32) width 53: "element,"
          text run at (0,48) width 75: "save for the"
          text run at (0,64) width 73: "background"
          text run at (0,80) width 62: "color, and"
          text run at (0,96) width 65: "containing"
          text run at (0,112) width 33: "inline"
          text run at (0,128) width 57: "elements"
          text run at (0,144) width 37: "with a"
          text run at (0,160) width 63: "classes of"
        RenderInline {SPAN} at (0,0) size 66x22 [border: (3px solid #800080)]
          RenderText {#text} at (3,176) size 60x16
            text run at (3,176) width 60: "class one"
        RenderText {#text} at (66,176) size 3x16
          text run at (66,176) width 3: ","
        RenderInline {SPAN} at (0,0) size 64x22 [border: (3px solid #800080)]
          RenderText {#text} at (3,192) size 58x16
            text run at (3,192) width 58: "class two"
        RenderText {#text} at (64,192) size 67x32
          text run at (64,192) width 3: ","
          text run at (0,208) width 28: "and "
        RenderInline {SPAN} at (0,0) size 63x38 [border: (3px solid #800080) (3px solid #008000) (3px solid #0000FF) (3px solid #FFFF00)]
          RenderText {#text} at (31,208) size 63x32
            text run at (31,208) width 32: "class"
            text run at (0,224) width 33: "three"
        RenderText {#text} at (36,224) size 80x448
          text run at (36,224) width 7: ". "
          text run at (43,224) width 25: "The"
          text run at (0,240) width 56: "effect for"
          text run at (0,256) width 68: "each inline"
          text run at (0,272) width 50: "element"
          text run at (0,288) width 76: "should be to"
          text run at (0,304) width 43: "have a"
          text run at (0,320) width 39: "purple"
          text run at (0,336) width 52: "medium-"
          text run at (0,352) width 66: "width solid"
          text run at (0,368) width 80: "border in the"
          text run at (0,384) width 51: "first and"
          text run at (0,400) width 46: "second"
          text run at (0,416) width 80: "cases, and a"
          text run at (0,432) width 43: "purple-"
          text run at (0,448) width 70: "green-blue-"
          text run at (0,464) width 39: "yellow"
          text run at (0,480) width 52: "medium-"
          text run at (0,496) width 66: "width solid"
          text run at (0,512) width 80: "border in the"
          text run at (0,528) width 35: "third. "
          text run at (35,528) width 25: "The"
          text run at (0,544) width 65: "line-height"
          text run at (0,560) width 36: "of the"
          text run at (0,576) width 41: "parent"
          text run at (0,592) width 50: "element"
          text run at (0,608) width 65: "should not"
          text run at (0,624) width 63: "change at"
          text run at (0,640) width 64: "all, on any"
          text run at (0,656) width 25: "line."
      RenderTable {TABLE} at (0,858) size 95x770 [border: (1px outset #808080)]
        RenderTableSection {TBODY} at (1,1) size 93x768
          RenderTableRow {TR} at (0,0) size 93x56
            RenderTableCell {TD} at (0,0) size 93x56 [bgcolor=#C0C0C0] [border: (1px inset #808080)] [r=0 c=0 rs=1 cs=2]
              RenderInline {STRONG} at (0,0) size 53x48
                RenderText {#text} at (4,4) size 53x48
                  text run at (4,4) width 45: "TABLE"
                  text run at (4,20) width 51: "Testing"
                  text run at (4,36) width 53: "Section"
          RenderTableRow {TR} at (0,56) size 93x712
            RenderTableCell {TD} at (0,400) size 12x24 [bgcolor=#C0C0C0] [border: (1px inset #808080)] [r=1 c=0 rs=1 cs=1]
              RenderText {#text} at (4,4) size 4x16
                text run at (4,4) width 4: " "
            RenderTableCell {TD} at (12,56) size 81x712 [border: (1px inset #808080)] [r=1 c=1 rs=1 cs=1]
              RenderBlock {P} at (4,4) size 73x704 [bgcolor=#C0C0C0]
                RenderText {#text} at (0,0) size 73x192
                  text run at (0,0) width 61: "This is an"
                  text run at (0,16) width 52: "unstyled"
                  text run at (0,32) width 53: "element,"
                  text run at (0,48) width 51: "save for"
                  text run at (0,64) width 20: "the"
                  text run at (0,80) width 73: "background"
                  text run at (0,96) width 62: "color, and"
                  text run at (0,112) width 65: "containing"
                  text run at (0,128) width 33: "inline"
                  text run at (0,144) width 57: "elements"
                  text run at (0,160) width 37: "with a"
                  text run at (0,176) width 63: "classes of"
                RenderInline {SPAN} at (0,0) size 66x22 [border: (3px solid #800080)]
                  RenderText {#text} at (3,192) size 60x16
                    text run at (3,192) width 60: "class one"
                RenderText {#text} at (66,192) size 3x16
                  text run at (66,192) width 3: ","
                RenderInline {SPAN} at (0,0) size 64x22 [border: (3px solid #800080)]
                  RenderText {#text} at (3,208) size 58x16
                    text run at (3,208) width 58: "class two"
                RenderText {#text} at (64,208) size 67x32
                  text run at (64,208) width 3: ","
                  text run at (0,224) width 28: "and "
                RenderInline {SPAN} at (0,0) size 63x38 [border: (3px solid #800080) (3px solid #008000) (3px solid #0000FF) (3px solid #FFFF00)]
                  RenderText {#text} at (31,224) size 63x32
                    text run at (31,224) width 32: "class"
                    text run at (0,240) width 33: "three"
                RenderText {#text} at (36,240) size 70x464
                  text run at (36,240) width 7: ". "
                  text run at (43,240) width 25: "The"
                  text run at (0,256) width 56: "effect for"
                  text run at (0,272) width 68: "each inline"
                  text run at (0,288) width 50: "element"
                  text run at (0,304) width 60: "should be"
                  text run at (0,320) width 59: "to have a"
                  text run at (0,336) width 39: "purple"
                  text run at (0,352) width 52: "medium-"
                  text run at (0,368) width 66: "width solid"
                  text run at (0,384) width 56: "border in"
                  text run at (0,400) width 47: "the first"
                  text run at (0,416) width 24: "and"
                  text run at (0,432) width 46: "second"
                  text run at (0,448) width 68: "cases, and"
                  text run at (0,464) width 55: "a purple-"
                  text run at (0,480) width 70: "green-blue-"
                  text run at (0,496) width 39: "yellow"
                  text run at (0,512) width 52: "medium-"
                  text run at (0,528) width 66: "width solid"
                  text run at (0,544) width 56: "border in"
                  text run at (0,560) width 55: "the third."
                  text run at (0,576) width 55: "The line-"
                  text run at (0,592) width 55: "height of"
                  text run at (0,608) width 65: "the parent"
                  text run at (0,624) width 50: "element"
                  text run at (0,640) width 65: "should not"
                  text run at (0,656) width 63: "change at"
                  text run at (0,672) width 64: "all, on any"
                  text run at (0,688) width 25: "line."
