layer at (0,0) size 800x708
  RenderView at (0,0) size 800x600
layer at (0,0) size 800x708
  RenderBlock {HTML} at (0,0) size 800x708
    RenderBody {BODY} at (8,8) size 784x692 [bgcolor=#CCCCCC]
      RenderBlock {P} at (0,0) size 784x16
        RenderText {#text} at (0,0) size 352x16
          text run at (0,0) width 352: "The style declarations which apply to the text below are:"
      RenderBlock {PRE} at (0,30) size 784x96
        RenderText {#text} at (0,0) size 224x96
          text run at (0,0) width 220: ".zero {background-color: silver; border-left-width: 0;}"
          text run at (220,0) width 0: " "
          text run at (0,16) width 208: ".one {border-left-width: 50px; border-style: solid;}"
          text run at (208,16) width 0: " "
          text run at (0,32) width 212: ".two {border-left-width: thick; border-style: solid;}"
          text run at (212,32) width 0: " "
          text run at (0,48) width 224: ".three {border-left-width: medium; border-style: solid;}"
          text run at (224,48) width 0: " "
          text run at (0,64) width 212: ".four {border-left-width: thin; border-style: solid;}"
          text run at (212,64) width 0: " "
          text run at (0,80) width 128: ".five {border-left-width: 25px;}"
          text run at (128,80) width 0: " "
      RenderBlock {HR} at (0,140) size 784x2 [border: (1px inset #000000)]
      RenderBlock {P} at (0,156) size 784x16
        RenderText {#text} at (0,0) size 147x16
          text run at (0,0) width 147: "(These will only work if "
        RenderInline {CODE} at (0,0) size 48x16
          RenderText {#text} at (147,0) size 48x16
            text run at (147,0) width 48: "border-style"
        RenderText {#text} at (195,0) size 89x16
          text run at (195,0) width 89: " is supported.)"
      RenderBlock {P} at (0,186) size 784x16 [bgcolor=#C0C0C0]
        RenderText {#text} at (0,0) size 207x16
          text run at (0,0) width 207: "This element has a class of zero."
      RenderBlock {P} at (0,216) size 784x38 [border: (3px solid #000000) (50px solid #000000)]
        RenderText {#text} at (50,3) size 725x32
          text run at (50,3) width 725: "This element should have a left border width of 50 pixels, which will be more obvious if the element is more than one"
          text run at (50,19) width 56: "line long."
      RenderBlock {P} at (0,268) size 784x22 [border: (3px solid #000000) (5px solid #000000)]
        RenderText {#text} at (5,3) size 742x16
          text run at (5,3) width 742: "This element should have a thick left border width, which will be more obvious if the element is more than one line long."
      RenderBlock {P} at (0,304) size 784x22 [border: (3px solid #000000)]
        RenderText {#text} at (3,3) size 761x16
          text run at (3,3) width 761: "This element should have a medium left border width, which will be more obvious if the element is more than one line long."
      RenderBlock {P} at (0,340) size 784x22 [border: (3px solid #000000) (1px solid #000000)]
        RenderText {#text} at (1,3) size 736x16
          text run at (1,3) width 736: "This element should have a thin left border width, which will be more obvious if the element is more than one line long."
      RenderBlock {P} at (0,376) size 784x16
        RenderText {#text} at (0,0) size 512x16
          text run at (0,0) width 512: "This element should have no border and no extra \"padding\" on its left side, as no "
        RenderInline {CODE} at (0,0) size 48x16
          RenderText {#text} at (512,0) size 48x16
            text run at (512,0) width 48: "border-style"
        RenderText {#text} at (560,0) size 55x16
          text run at (560,0) width 55: " was set."
      RenderTable {TABLE} at (0,406) size 784x286 [border: (1px outset #808080)]
        RenderTableSection {TBODY} at (1,1) size 782x284
          RenderTableRow {TR} at (0,0) size 782x24
            RenderTableCell {TD} at (0,0) size 782x24 [bgcolor=#C0C0C0] [border: (1px inset #808080)] [r=0 c=0 rs=1 cs=2]
              RenderInline {STRONG} at (0,0) size 157x16
                RenderText {#text} at (4,4) size 157x16
                  text run at (4,4) width 157: "TABLE Testing Section"
          RenderTableRow {TR} at (0,24) size 782x260
            RenderTableCell {TD} at (0,142) size 12x24 [bgcolor=#C0C0C0] [border: (1px inset #808080)] [r=1 c=0 rs=1 cs=1]
              RenderText {#text} at (4,4) size 4x16
                text run at (4,4) width 4: " "
            RenderTableCell {TD} at (12,24) size 770x260 [border: (1px inset #808080)] [r=1 c=1 rs=1 cs=1]
              RenderBlock {P} at (4,4) size 762x16
                RenderText {#text} at (0,0) size 147x16
                  text run at (0,0) width 147: "(These will only work if "
                RenderInline {CODE} at (0,0) size 48x16
                  RenderText {#text} at (147,0) size 48x16
                    text run at (147,0) width 48: "border-style"
                RenderText {#text} at (195,0) size 89x16
                  text run at (195,0) width 89: " is supported.)"
              RenderBlock {P} at (4,34) size 762x16 [bgcolor=#C0C0C0]
                RenderText {#text} at (0,0) size 207x16
                  text run at (0,0) width 207: "This element has a class of zero."
              RenderBlock {P} at (4,64) size 762x38 [border: (3px solid #000000) (50px solid #000000)]
                RenderText {#text} at (50,3) size 697x32
                  text run at (50,3) width 697: "This element should have a left border width of 50 pixels, which will be more obvious if the element is more than"
                  text run at (50,19) width 84: "one line long."
              RenderBlock {P} at (4,116) size 762x22 [border: (3px solid #000000) (5px solid #000000)]
                RenderText {#text} at (5,3) size 742x16
                  text run at (5,3) width 742: "This element should have a thick left border width, which will be more obvious if the element is more than one line long."
              RenderBlock {P} at (4,152) size 762x38 [border: (3px solid #000000)]
                RenderText {#text} at (3,3) size 727x32
                  text run at (3,3) width 727: "This element should have a medium left border width, which will be more obvious if the element is more than one line"
                  text run at (3,19) width 30: "long."
              RenderBlock {P} at (4,204) size 762x22 [border: (3px solid #000000) (1px solid #000000)]
                RenderText {#text} at (1,3) size 736x16
                  text run at (1,3) width 736: "This element should have a thin left border width, which will be more obvious if the element is more than one line long."
              RenderBlock {P} at (4,240) size 762x16
                RenderText {#text} at (0,0) size 512x16
                  text run at (0,0) width 512: "This element should have no border and no extra \"padding\" on its left side, as no "
                RenderInline {CODE} at (0,0) size 48x16
                  RenderText {#text} at (512,0) size 48x16
                    text run at (512,0) width 48: "border-style"
                RenderText {#text} at (560,0) size 55x16
                  text run at (560,0) width 55: " was set."
