layer at (0,0) size 800x600
  RenderView at (0,0) size 800x600
layer at (0,0) size 800x600
  RenderBlock {HTML} at (0,0) size 800x600
    RenderBody {BODY} at (8,8) size 784x584 [bgcolor=#CCCCCC]
      RenderBlock {P} at (0,0) size 784x16
        RenderText {#text} at (0,0) size 352x16
          text run at (0,0) width 352: "The style declarations which apply to the text below are:"
      RenderBlock {PRE} at (0,30) size 784x48
        RenderText {#text} at (0,0) size 152x48
          text run at (0,0) width 152: ".one {border-top: purple double 10px;}"
          text run at (152,0) width 0: " "
          text run at (0,16) width 148: ".two {border-top: purple thin solid;}"
          text run at (148,16) width 0: " "
          text run at (0,32) width 0: " "
      RenderBlock {HR} at (0,92) size 784x2 [border: (1px inset #000000)]
      RenderBlock {P} at (0,108) size 784x48 [bgcolor=#C0C0C0]
        RenderText {#text} at (0,0) size 663x16
          text run at (0,0) width 663: "This is an unstyled element, save for the background color, and containing inline elements with classes of "
        RenderInline {SPAN} at (0,0) size 60x26 [border: (10px double #800080) none]
          RenderText {#text} at (663,0) size 60x16
            text run at (663,0) width 60: "class one"
        RenderText {#text} at (723,0) size 766x32
          text run at (723,0) width 43: ", which"
          text run at (0,16) width 334: "should have a 10-pixel purple double top border; and "
        RenderInline {SPAN} at (0,0) size 58x17 [border: (1px solid #800080) none]
          RenderText {#text} at (334,16) size 58x16
            text run at (334,16) width 58: "class two"
        RenderText {#text} at (392,16) size 761x32
          text run at (392,16) width 314: ", which should have a thin solid purple top border. "
          text run at (706,16) width 55: "The line-"
          text run at (0,32) width 374: "height of the parent element should not change on any line."
      RenderTable {TABLE} at (0,170) size 784x82 [border: (1px outset #808080)]
        RenderTableSection {TBODY} at (1,1) size 782x80
          RenderTableRow {TR} at (0,0) size 782x24
            RenderTableCell {TD} at (0,0) size 782x24 [bgcolor=#C0C0C0] [border: (1px inset #808080)] [r=0 c=0 rs=1 cs=2]
              RenderInline {STRONG} at (0,0) size 157x16
                RenderText {#text} at (4,4) size 157x16
                  text run at (4,4) width 157: "TABLE Testing Section"
          RenderTableRow {TR} at (0,24) size 782x56
            RenderTableCell {TD} at (0,40) size 12x24 [bgcolor=#C0C0C0] [border: (1px inset #808080)] [r=1 c=0 rs=1 cs=1]
              RenderText {#text} at (4,4) size 4x16
                text run at (4,4) width 4: " "
            RenderTableCell {TD} at (12,24) size 770x56 [border: (1px inset #808080)] [r=1 c=1 rs=1 cs=1]
              RenderBlock {P} at (4,4) size 762x48 [bgcolor=#C0C0C0]
                RenderText {#text} at (0,0) size 663x16
                  text run at (0,0) width 663: "This is an unstyled element, save for the background color, and containing inline elements with classes of "
                RenderInline {SPAN} at (0,0) size 60x26 [border: (10px double #800080) none]
                  RenderText {#text} at (663,0) size 60x16
                    text run at (663,0) width 60: "class one"
                RenderText {#text} at (723,0) size 726x32
                  text run at (723,0) width 3: ","
                  text run at (0,16) width 374: "which should have a 10-pixel purple double top border; and "
                RenderInline {SPAN} at (0,0) size 58x17 [border: (1px solid #800080) none]
                  RenderText {#text} at (374,16) size 58x16
                    text run at (374,16) width 58: "class two"
                RenderText {#text} at (432,16) size 742x32
                  text run at (432,16) width 310: ", which should have a thin solid purple top border."
                  text run at (0,32) width 429: "The line-height of the parent element should not change on any line."
