layer at (0,0) size 136x1308
  RenderView at (0,0) size 96x26
layer at (0,0) size 136x1308
  RenderBlock {HTML} at (0,0) size 96x1308
    RenderBody {BODY} at (8,8) size 80x1292 [bgcolor=#CCCCCC]
      RenderBlock {P} at (0,0) size 80x80
        RenderText {#text} at (0,0) size 77x80
          text run at (0,0) width 58: "The style"
          text run at (0,16) width 77: "declarations"
          text run at (0,32) width 74: "which apply"
          text run at (0,48) width 63: "to the text"
          text run at (0,64) width 64: "below are:"
      RenderBlock {PRE} at (0,94) size 80x48
        RenderText {#text} at (0,0) size 128x48
          text run at (0,0) width 128: ".one {border: 10px teal outset;}"
          text run at (128,0) width 0: " "
          text run at (0,16) width 128: ".two {border: 10px olive inset;}"
          text run at (128,16) width 0: " "
          text run at (0,32) width 0: " "
      RenderBlock {HR} at (0,156) size 80x2 [border: (1px inset #000000)]
      RenderBlock {P} at (0,172) size 80x480 [bgcolor=#C0C0C0]
        RenderText {#text} at (0,0) size 75x176
          text run at (0,0) width 61: "This is an"
          text run at (0,16) width 52: "unstyled"
          text run at (0,32) width 53: "element,"
          text run at (0,48) width 75: "save for the"
          text run at (0,64) width 73: "background"
          text run at (0,80) width 62: "color, and"
          text run at (0,96) width 65: "containing"
          text run at (0,112) width 33: "inline"
          text run at (0,128) width 57: "elements"
          text run at (0,144) width 37: "with a"
          text run at (0,160) width 63: "classes of"
        RenderInline {SPAN} at (0,0) size 42x52 [border: (10px outset #008080)]
          RenderText {#text} at (10,176) size 42x32
            text run at (10,176) width 32: "class"
            text run at (0,192) width 24: "one"
        RenderText {#text} at (34,192) size 79x80
          text run at (34,192) width 43: ", which"
          text run at (0,208) width 79: "should result"
          text run at (0,224) width 76: "in a 10-pixel"
          text run at (0,240) width 65: "outset teal"
          text run at (0,256) width 73: "border; and"
        RenderInline {SPAN} at (0,0) size 42x52 [border: (10px inset #808000)]
          RenderText {#text} at (10,272) size 42x32
            text run at (10,272) width 32: "class"
            text run at (0,288) width 22: "two"
        RenderText {#text} at (32,288) size 79x192
          text run at (32,288) width 43: ", which"
          text run at (0,304) width 79: "should result"
          text run at (0,320) width 76: "in a 10-pixel"
          text run at (0,336) width 63: "inset olive"
          text run at (0,352) width 48: "border. "
          text run at (48,352) width 25: "The"
          text run at (0,368) width 65: "line-height"
          text run at (0,384) width 36: "of the"
          text run at (0,400) width 41: "parent"
          text run at (0,416) width 50: "element"
          text run at (0,432) width 65: "should not"
          text run at (0,448) width 67: "change on"
          text run at (0,464) width 52: "any line."
      RenderTable {TABLE} at (0,666) size 95x626 [border: (1px outset #808080)]
        RenderTableSection {TBODY} at (1,1) size 93x624
          RenderTableRow {TR} at (0,0) size 93x56
            RenderTableCell {TD} at (0,0) size 93x56 [bgcolor=#C0C0C0] [border: (1px inset #808080)] [r=0 c=0 rs=1 cs=2]
              RenderInline {STRONG} at (0,0) size 53x48
                RenderText {#text} at (4,4) size 53x48
                  text run at (4,4) width 45: "TABLE"
                  text run at (4,20) width 51: "Testing"
                  text run at (4,36) width 53: "Section"
          RenderTableRow {TR} at (0,56) size 93x568
            RenderTableCell {TD} at (0,328) size 12x24 [bgcolor=#C0C0C0] [border: (1px inset #808080)] [r=1 c=0 rs=1 cs=1]
              RenderText {#text} at (4,4) size 4x16
                text run at (4,4) width 4: " "
            RenderTableCell {TD} at (12,56) size 81x568 [border: (1px inset #808080)] [r=1 c=1 rs=1 cs=1]
              RenderBlock {P} at (4,4) size 73x560 [bgcolor=#C0C0C0]
                RenderText {#text} at (0,0) size 73x192
                  text run at (0,0) width 61: "This is an"
                  text run at (0,16) width 52: "unstyled"
                  text run at (0,32) width 53: "element,"
                  text run at (0,48) width 51: "save for"
                  text run at (0,64) width 20: "the"
                  text run at (0,80) width 73: "background"
                  text run at (0,96) width 62: "color, and"
                  text run at (0,112) width 65: "containing"
                  text run at (0,128) width 33: "inline"
                  text run at (0,144) width 57: "elements"
                  text run at (0,160) width 37: "with a"
                  text run at (0,176) width 63: "classes of"
                RenderInline {SPAN} at (0,0) size 42x52 [border: (10px outset #008080)]
                  RenderText {#text} at (10,192) size 42x32
                    text run at (10,192) width 32: "class"
                    text run at (0,208) width 24: "one"
                RenderText {#text} at (34,208) size 73x112
                  text run at (34,208) width 3: ","
                  text run at (0,224) width 36: "which"
                  text run at (0,240) width 41: "should"
                  text run at (0,256) width 61: "result in a"
                  text run at (0,272) width 49: "10-pixel"
                  text run at (0,288) width 65: "outset teal"
                  text run at (0,304) width 73: "border; and"
                RenderInline {SPAN} at (0,0) size 42x52 [border: (10px inset #808000)]
                  RenderText {#text} at (10,320) size 42x32
                    text run at (10,320) width 32: "class"
                    text run at (0,336) width 22: "two"
                RenderText {#text} at (32,336) size 73x224
                  text run at (32,336) width 3: ","
                  text run at (0,352) width 36: "which"
                  text run at (0,368) width 41: "should"
                  text run at (0,384) width 61: "result in a"
                  text run at (0,400) width 49: "10-pixel"
                  text run at (0,416) width 63: "inset olive"
                  text run at (0,432) width 48: "border. "
                  text run at (48,432) width 25: "The"
                  text run at (0,448) width 65: "line-height"
                  text run at (0,464) width 36: "of the"
                  text run at (0,480) width 41: "parent"
                  text run at (0,496) width 50: "element"
                  text run at (0,512) width 65: "should not"
                  text run at (0,528) width 67: "change on"
                  text run at (0,544) width 52: "any line."
