layer at (0,0) size 800x600
  RenderView at (0,0) size 800x600
layer at (0,0) size 800x600
  RenderBlock {HTML} at (0,0) size 800x600
    RenderBody {BODY} at (8,8) size 784x584 [bgcolor=#CCCCCC]
      RenderBlock {P} at (0,0) size 764x16
        RenderText {#text} at (0,0) size 352x16
          text run at (0,0) width 352: "The style declarations which apply to the text below are:"
      RenderBlock {PRE} at (0,30) size 784x64
        RenderText {#text} at (0,0) size 160x64
          text run at (0,0) width 92: "P {margin-right: 20px;}"
          text run at (92,0) width 0: " "
          text run at (0,16) width 160: ".one {border-right: purple double 10px;}"
          text run at (160,16) width 0: " "
          text run at (0,32) width 156: ".two {border-right: purple thin solid;}"
          text run at (156,32) width 0: " "
          text run at (0,48) width 0: " "
      RenderBlock {HR} at (0,108) size 784x2 [border: (1px inset #000000)]
      RenderBlock {P} at (0,124) size 764x48 [bgcolor=#C0C0C0]
        RenderText {#text} at (0,0) size 750x32
          text run at (0,0) width 750: "This paragraph has a background color of silver and a 20-pixel right margin, and it contains inline elements with classes"
          text run at (0,16) width 16: "of "
        RenderInline {SPAN} at (0,0) size 70x16 [border: (10px double #800080) none]
          RenderText {#text} at (16,16) size 60x16
            text run at (16,16) width 60: "class one"
        RenderText {#text} at (86,16) size 389x16
          text run at (86,16) width 389: ", which should have a 10-pixel purple double right border; and "
        RenderInline {SPAN} at (0,0) size 59x16 [border: (1px solid #800080) none]
          RenderText {#text} at (475,16) size 58x16
            text run at (475,16) width 58: "class two"
        RenderText {#text} at (534,16) size 729x32
          text run at (534,16) width 195: ", which should have a thin solid"
          text run at (0,32) width 123: "purple right border. "
          text run at (123,32) width 429: "The line-height of the parent element should not change on any line."
      RenderTable {TABLE} at (0,186) size 784x82 [border: (1px outset #808080)]
        RenderTableSection {TBODY} at (1,1) size 782x80
          RenderTableRow {TR} at (0,0) size 782x24
            RenderTableCell {TD} at (0,0) size 782x24 [bgcolor=#C0C0C0] [border: (1px inset #808080)] [r=0 c=0 rs=1 cs=2]
              RenderInline {STRONG} at (0,0) size 157x16
                RenderText {#text} at (4,4) size 157x16
                  text run at (4,4) width 157: "TABLE Testing Section"
          RenderTableRow {TR} at (0,24) size 782x56
            RenderTableCell {TD} at (0,40) size 12x24 [bgcolor=#C0C0C0] [border: (1px inset #808080)] [r=1 c=0 rs=1 cs=1]
              RenderText {#text} at (4,4) size 4x16
                text run at (4,4) width 4: " "
            RenderTableCell {TD} at (12,24) size 770x56 [border: (1px inset #808080)] [r=1 c=1 rs=1 cs=1]
              RenderBlock {P} at (4,4) size 742x48 [bgcolor=#C0C0C0]
                RenderText {#text} at (0,0) size 699x32
                  text run at (0,0) width 699: "This paragraph has a background color of silver and a 20-pixel right margin, and it contains inline elements with"
                  text run at (0,16) width 67: "classes of "
                RenderInline {SPAN} at (0,0) size 70x16 [border: (10px double #800080) none]
                  RenderText {#text} at (67,16) size 60x16
                    text run at (67,16) width 60: "class one"
                RenderText {#text} at (137,16) size 389x16
                  text run at (137,16) width 389: ", which should have a 10-pixel purple double right border; and "
                RenderInline {SPAN} at (0,0) size 59x16 [border: (1px solid #800080) none]
                  RenderText {#text} at (526,16) size 58x16
                    text run at (526,16) width 58: "class two"
                RenderText {#text} at (585,16) size 720x32
                  text run at (585,16) width 135: ", which should have a"
                  text run at (0,32) width 183: "thin solid purple right border. "
                  text run at (183,32) width 429: "The line-height of the parent element should not change on any line."
