layer at (0,0) size 800x1226
  RenderView at (0,0) size 800x600
layer at (0,0) size 800x1226
  RenderBlock {HTML} at (0,0) size 800x1226
    RenderBody {BODY} at (8,8) size 784x1210 [bgcolor=#CCCCCC]
      RenderBlock {P} at (0,0) size 784x16
        RenderText {#text} at (0,0) size 352x16
          text run at (0,0) width 352: "The style declarations which apply to the text below are:"
      RenderBlock {PRE} at (0,30) size 784x144
        RenderText {#text} at (0,0) size 136x144
          text run at (0,0) width 136: ".one {border: medium black solid;}"
          text run at (136,0) width 0: " "
          text run at (0,16) width 132: ".two {border: thin maroon ridge;}"
          text run at (132,16) width 0: " "
          text run at (0,32) width 136: ".three {border: 10px teal outset;}"
          text run at (136,32) width 0: " "
          text run at (0,48) width 132: ".four {border: 10px olive inset;}"
          text run at (132,48) width 0: " "
          text run at (0,64) width 112: ".five {border: 10px maroon;}"
          text run at (112,64) width 0: " "
          text run at (0,80) width 116: ".six {border: maroon double;}"
          text run at (116,80) width 0: " "
          text run at (0,96) width 128: ".seven {border: left red solid;}"
          text run at (128,96) width 0: " "
          text run at (0,112) width 84: ".eight {border: 0px;}"
          text run at (84,112) width 0: " "
          text run at (0,128) width 116: "TD {border: 2px solid green;}"
          text run at (116,128) width 0: " "
      RenderBlock {HR} at (0,188) size 784x2 [border: (1px inset #000000)]
      RenderBlock {P} at (0,204) size 784x32
        RenderText {#text} at (0,0) size 774x32
          text run at (0,0) width 623: "Note that all table cells on this page should have a two-pixel solid green border along all four sides. "
          text run at (623,0) width 151: "This border applies only"
          text run at (0,16) width 281: "to the cells, not the rows which contain them."
      RenderBlock {P} at (0,250) size 784x22 [border: (3px solid #000000)]
        RenderText {#text} at (3,3) size 477x16
          text run at (3,3) width 477: "This paragraph should have a medium black solid border all the way around."
      RenderBlock {P} at (0,286) size 784x18 [border: (1px ridge #800000)]
        RenderText {#text} at (1,1) size 479x16
          text run at (1,1) width 479: "This paragraph should have a thin maroon ridged border all the way around."
      RenderBlock {P} at (0,318) size 784x36 [border: (10px outset #008080)]
        RenderText {#text} at (10,10) size 515x16
          text run at (10,10) width 515: "This paragraph should have a ten-pixel-wide teal outset border all the way around."
      RenderBlock {P} at (0,368) size 784x36 [border: (10px inset #808000)]
        RenderText {#text} at (10,10) size 513x16
          text run at (10,10) width 513: "This paragraph should have a ten-pixel-wide olive inset border all the way around."
      RenderBlock {P} at (0,418) size 784x16
        RenderText {#text} at (0,0) size 351x16
          text run at (0,0) width 351: "This paragraph should have no border around it, as the "
        RenderInline {TT} at (0,0) size 48x16
          RenderText {#text} at (351,0) size 48x16
            text run at (351,0) width 48: "border-style"
        RenderText {#text} at (399,0) size 319x16
          text run at (399,0) width 319: " was not set, and it should not be offset in any way."
      RenderBlock {P} at (0,448) size 784x22 [border: (3px double #800000)]
        RenderText {#text} at (3,3) size 531x16
          text run at (3,3) width 531: "This paragraph should have a medium maroon double border around it, even though "
        RenderInline {CODE} at (0,0) size 48x16
          RenderText {#text} at (534,3) size 48x16
            text run at (534,3) width 48: "border-width"
        RenderText {#text} at (582,3) size 136x16
          text run at (582,3) width 136: " was not explicitly set."
      RenderBlock {P} at (0,484) size 784x16
        RenderText {#text} at (0,0) size 620x16
          text run at (0,0) width 620: "This paragraph should have no border around it, as its declaration is invalid and should be ignored."
      RenderBlock {P} at (0,514) size 784x18
        RenderInline {A} at (0,0) size 25x16
          RenderText {#text} at (0,2) size 25x16
            text run at (0,2) width 25: "The"
        RenderText {#text} at (25,2) size 709x16
          text run at (25,2) width 709: " following image is also an anchor which points to a target on this page, but it should not have a border around it: "
        RenderInline {A} at (0,0) size 15x16 [color=#0000FF]
          RenderImage {IMG} at (734,0) size 15x15
        RenderText {#text} at (749,2) size 3x16
          text run at (749,2) width 3: "."
      RenderTable {TABLE} at (0,546) size 784x105 [border: (1px outset #808080)]
        RenderTableSection {TBODY} at (1,1) size 782x103
          RenderTableRow {TR} at (0,5) size 782x38
            RenderTableCell {TD} at (5,5) size 772x38 [border: (2px solid #008000)] [r=0 c=0 rs=1 cs=2]
              RenderText {#text} at (3,3) size 756x32
                text run at (3,3) width 399: "Every cell in this table should have a 2-pixel solid green border. "
                text run at (402,3) width 357: "This is also true of the table-testing section in the second"
                text run at (3,19) width 129: "half of the test page."
          RenderTableRow {TR} at (0,48) size 782x50
            RenderTableCell {TD} at (5,62) size 197x22 [border: (2px solid #008000)] [r=1 c=0 rs=1 cs=1]
              RenderText {#text} at (3,3) size 52x16
                text run at (3,3) width 52: "Cell one"
            RenderTableCell {TD} at (207,48) size 570x50 [border: (2px solid #008000)] [r=1 c=1 rs=1 cs=1]
              RenderBlock (anonymous) at (3,3) size 564x16
                RenderText {#text} at (0,0) size 50x16
                  text run at (0,0) width 50: "Cell two"
              RenderTable {TABLE} at (3,19) size 161x28 [border: (1px outset #808080)]
                RenderTableSection {TBODY} at (1,1) size 159x26
                  RenderTableRow {TR} at (0,2) size 159x22
                    RenderTableCell {TD} at (2,2) size 155x22 [border: (2px solid #008000)] [r=0 c=0 rs=1 cs=1]
                      RenderText {#text} at (3,3) size 149x16
                        text run at (3,3) width 149: "Nested single-cell table!"
      RenderBlock {P} at (0,665) size 784x16
        RenderText {#text} at (0,0) size 174x16
          text run at (0,0) width 174: "This is an unstyled element."
      RenderTable {TABLE} at (0,695) size 784x515 [border: (1px outset #808080)]
        RenderTableSection {TBODY} at (1,1) size 782x513
          RenderTableRow {TR} at (0,0) size 782x26
            RenderTableCell {TD} at (0,0) size 782x26 [bgcolor=#C0C0C0] [border: (2px solid #008000)] [r=0 c=0 rs=1 cs=2]
              RenderInline {STRONG} at (0,0) size 157x16
                RenderText {#text} at (5,5) size 157x16
                  text run at (5,5) width 157: "TABLE Testing Section"
          RenderTableRow {TR} at (0,26) size 782x487
            RenderTableCell {TD} at (0,256) size 14x26 [bgcolor=#C0C0C0] [border: (2px solid #008000)] [r=1 c=0 rs=1 cs=1]
              RenderText {#text} at (5,5) size 4x16
                text run at (5,5) width 4: " "
            RenderTableCell {TD} at (14,26) size 768x487 [border: (2px solid #008000)] [r=1 c=1 rs=1 cs=1]
              RenderBlock {P} at (5,5) size 758x32
                RenderText {#text} at (0,0) size 744x32
                  text run at (0,0) width 623: "Note that all table cells on this page should have a two-pixel solid green border along all four sides. "
                  text run at (623,0) width 121: "This border applies"
                  text run at (0,16) width 311: "only to the cells, not the rows which contain them."
              RenderBlock {P} at (5,51) size 758x22 [border: (3px solid #000000)]
                RenderText {#text} at (3,3) size 477x16
                  text run at (3,3) width 477: "This paragraph should have a medium black solid border all the way around."
              RenderBlock {P} at (5,87) size 758x18 [border: (1px ridge #800000)]
                RenderText {#text} at (1,1) size 479x16
                  text run at (1,1) width 479: "This paragraph should have a thin maroon ridged border all the way around."
              RenderBlock {P} at (5,119) size 758x36 [border: (10px outset #008080)]
                RenderText {#text} at (10,10) size 515x16
                  text run at (10,10) width 515: "This paragraph should have a ten-pixel-wide teal outset border all the way around."
              RenderBlock {P} at (5,169) size 758x36 [border: (10px inset #808000)]
                RenderText {#text} at (10,10) size 513x16
                  text run at (10,10) width 513: "This paragraph should have a ten-pixel-wide olive inset border all the way around."
              RenderBlock {P} at (5,219) size 758x16
                RenderText {#text} at (0,0) size 351x16
                  text run at (0,0) width 351: "This paragraph should have no border around it, as the "
                RenderInline {TT} at (0,0) size 48x16
                  RenderText {#text} at (351,0) size 48x16
                    text run at (351,0) width 48: "border-style"
                RenderText {#text} at (399,0) size 319x16
                  text run at (399,0) width 319: " was not set, and it should not be offset in any way."
              RenderBlock {P} at (5,249) size 758x22 [border: (3px double #800000)]
                RenderText {#text} at (3,3) size 531x16
                  text run at (3,3) width 531: "This paragraph should have a medium maroon double border around it, even though "
                RenderInline {CODE} at (0,0) size 48x16
                  RenderText {#text} at (534,3) size 48x16
                    text run at (534,3) width 48: "border-width"
                RenderText {#text} at (582,3) size 136x16
                  text run at (582,3) width 136: " was not explicitly set."
              RenderBlock {P} at (5,285) size 758x16
                RenderText {#text} at (0,0) size 620x16
                  text run at (0,0) width 620: "This paragraph should have no border around it, as its declaration is invalid and should be ignored."
              RenderBlock {P} at (5,315) size 758x18
                RenderInline {A} at (0,0) size 25x16
                  RenderText {#text} at (0,2) size 25x16
                    text run at (0,2) width 25: "The"
                RenderText {#text} at (25,2) size 709x16
                  text run at (25,2) width 709: " following image is also an anchor which points to a target on this page, but it should not have a border around it: "
                RenderInline {A} at (0,0) size 15x16 [color=#0000FF]
                  RenderImage {IMG} at (734,0) size 15x15
                RenderText {#text} at (749,2) size 3x16
                  text run at (749,2) width 3: "."
              RenderTable {TABLE} at (5,347) size 758x105 [border: (1px outset #808080)]
                RenderTableSection {TBODY} at (1,1) size 756x103
                  RenderTableRow {TR} at (0,5) size 756x38
                    RenderTableCell {TD} at (5,5) size 746x38 [border: (2px solid #008000)] [r=0 c=0 rs=1 cs=2]
                      RenderText {#text} at (3,3) size 706x32
                        text run at (3,3) width 399: "Every cell in this table should have a 2-pixel solid green border. "
                        text run at (402,3) width 307: "This is also true of the table-testing section in the"
                        text run at (3,19) width 179: "second half of the test page."
                  RenderTableRow {TR} at (0,48) size 756x50
                    RenderTableCell {TD} at (5,62) size 190x22 [border: (2px solid #008000)] [r=1 c=0 rs=1 cs=1]
                      RenderText {#text} at (3,3) size 52x16
                        text run at (3,3) width 52: "Cell one"
                    RenderTableCell {TD} at (200,48) size 551x50 [border: (2px solid #008000)] [r=1 c=1 rs=1 cs=1]
                      RenderBlock (anonymous) at (3,3) size 545x16
                        RenderText {#text} at (0,0) size 50x16
                          text run at (0,0) width 50: "Cell two"
                      RenderTable {TABLE} at (3,19) size 161x28 [border: (1px outset #808080)]
                        RenderTableSection {TBODY} at (1,1) size 159x26
                          RenderTableRow {TR} at (0,2) size 159x22
                            RenderTableCell {TD} at (2,2) size 155x22 [border: (2px solid #008000)] [r=0 c=0 rs=1 cs=1]
                              RenderText {#text} at (3,3) size 149x16
                                text run at (3,3) width 149: "Nested single-cell table!"
              RenderBlock {P} at (5,466) size 758x16
                RenderText {#text} at (0,0) size 174x16
                  text run at (0,0) width 174: "This is an unstyled element."
