layer at (0,0) size 324x4524
  RenderView at (0,0) size 96x26
layer at (0,0) size 324x4524
  RenderBlock {HTML} at (0,0) size 96x4524
    RenderBody {BODY} at (8,8) size 80x4508 [bgcolor=#CCCCCC]
      RenderBlock {P} at (0,0) size 80x80
        RenderText {#text} at (0,0) size 77x80
          text run at (0,0) width 58: "The style"
          text run at (0,16) width 77: "declarations"
          text run at (0,32) width 74: "which apply"
          text run at (0,48) width 63: "to the text"
          text run at (0,64) width 64: "below are:"
      RenderBlock {PRE} at (0,94) size 80x192
        RenderText {#text} at (0,0) size 316x192
          text run at (0,0) width 280: ".one {border-style: dotted; border-color: black; border-width: thick;}"
          text run at (280,0) width 0: " "
          text run at (0,16) width 280: ".two {border-style: dashed; border-color: black; border-width: thick;}"
          text run at (280,16) width 0: " "
          text run at (0,32) width 284: ".three {border-style: solid; border-color: black; border-width: thick;}"
          text run at (284,32) width 0: " "
          text run at (0,48) width 284: ".four {border-style: double; border-color: black; border-width: thick;}"
          text run at (284,48) width 0: " "
          text run at (0,64) width 284: ".five {border-style: groove; border-color: olive; border-width: thick;}"
          text run at (284,64) width 0: " "
          text run at (0,80) width 276: ".six {border-style: ridge; border-color: olive; border-width: thick;}"
          text run at (276,80) width 0: " "
          text run at (0,96) width 284: ".seven {border-style: inset; border-color: olive; border-width: thick;}"
          text run at (284,96) width 0: " "
          text run at (0,112) width 288: ".eight {border-style: outset; border-color: olive; border-width: thick;}"
          text run at (288,112) width 0: " "
          text run at (0,128) width 316: ".nine {border-style: double groove; border-color: purple; border-width: thick;}"
          text run at (316,128) width 0: " "
          text run at (0,144) width 184: ".ten {border-style: double groove ridge inset;"
          text run at (184,144) width 0: " "
          text run at (0,160) width 184: "   border-color: purple; border-width: thick;}"
          text run at (184,160) width 0: " "
          text run at (0,176) width 276: ".eleven {border-style: none; border-color: red; border-width: thick;}"
          text run at (276,176) width 0: " "
      RenderBlock {HR} at (0,300) size 80x2 [border: (1px inset #000000)]
      RenderBlock {P} at (0,316) size 80x154 [border: (5px dotted #000000)]
        RenderText {#text} at (5,5) size 66x144
          text run at (5,5) width 27: "This"
          text run at (5,21) width 66: "paragraph"
          text run at (5,37) width 41: "should"
          text run at (5,53) width 43: "have a"
          text run at (5,69) width 65: "thick black"
          text run at (5,85) width 40: "dotted"
          text run at (5,101) width 59: "border all"
          text run at (5,117) width 49: "the way"
          text run at (5,133) width 47: "around."
      RenderBlock {P} at (0,484) size 80x154 [border: (5px dashed #000000)]
        RenderText {#text} at (5,5) size 66x144
          text run at (5,5) width 27: "This"
          text run at (5,21) width 66: "paragraph"
          text run at (5,37) width 41: "should"
          text run at (5,53) width 43: "have a"
          text run at (5,69) width 65: "thick black"
          text run at (5,85) width 47: "dashed"
          text run at (5,101) width 59: "border all"
          text run at (5,117) width 49: "the way"
          text run at (5,133) width 47: "around."
      RenderBlock {P} at (0,652) size 80x154 [border: (5px solid #000000)]
        RenderText {#text} at (5,5) size 66x144
          text run at (5,5) width 27: "This"
          text run at (5,21) width 66: "paragraph"
          text run at (5,37) width 41: "should"
          text run at (5,53) width 43: "have a"
          text run at (5,69) width 65: "thick black"
          text run at (5,85) width 29: "solid"
          text run at (5,101) width 59: "border all"
          text run at (5,117) width 49: "the way"
          text run at (5,133) width 47: "around."
      RenderBlock {P} at (0,820) size 80x154 [border: (5px double #000000)]
        RenderText {#text} at (5,5) size 66x144
          text run at (5,5) width 27: "This"
          text run at (5,21) width 66: "paragraph"
          text run at (5,37) width 41: "should"
          text run at (5,53) width 43: "have a"
          text run at (5,69) width 65: "thick black"
          text run at (5,85) width 41: "double"
          text run at (5,101) width 59: "border all"
          text run at (5,117) width 49: "the way"
          text run at (5,133) width 47: "around."
      RenderBlock {P} at (0,988) size 80x154 [border: (5px groove #808000)]
        RenderText {#text} at (5,5) size 66x144
          text run at (5,5) width 27: "This"
          text run at (5,21) width 66: "paragraph"
          text run at (5,37) width 41: "should"
          text run at (5,53) width 43: "have a"
          text run at (5,69) width 62: "thick olive"
          text run at (5,85) width 44: "groove"
          text run at (5,101) width 59: "border all"
          text run at (5,117) width 49: "the way"
          text run at (5,133) width 47: "around."
      RenderBlock {P} at (0,1156) size 80x154 [border: (5px ridge #808000)]
        RenderText {#text} at (5,5) size 66x144
          text run at (5,5) width 27: "This"
          text run at (5,21) width 66: "paragraph"
          text run at (5,37) width 41: "should"
          text run at (5,53) width 43: "have a"
          text run at (5,69) width 62: "thick olive"
          text run at (5,85) width 32: "ridge"
          text run at (5,101) width 59: "border all"
          text run at (5,117) width 49: "the way"
          text run at (5,133) width 47: "around."
      RenderBlock {P} at (0,1324) size 80x154 [border: (5px inset #808000)]
        RenderText {#text} at (5,5) size 66x144
          text run at (5,5) width 27: "This"
          text run at (5,21) width 66: "paragraph"
          text run at (5,37) width 41: "should"
          text run at (5,53) width 43: "have a"
          text run at (5,69) width 62: "thick olive"
          text run at (5,85) width 30: "inset"
          text run at (5,101) width 59: "border all"
          text run at (5,117) width 49: "the way"
          text run at (5,133) width 47: "around."
      RenderBlock {P} at (0,1492) size 80x154 [border: (5px outset #808000)]
        RenderText {#text} at (5,5) size 66x144
          text run at (5,5) width 27: "This"
          text run at (5,21) width 66: "paragraph"
          text run at (5,37) width 41: "should"
          text run at (5,53) width 43: "have a"
          text run at (5,69) width 62: "thick olive"
          text run at (5,85) width 38: "outset"
          text run at (5,101) width 59: "border all"
          text run at (5,117) width 49: "the way"
          text run at (5,133) width 47: "around."
      RenderBlock {P} at (0,1660) size 80x282 [border: (5px double #800080) (5px groove #800080) (5px double #800080) (5px groove #800080)]
        RenderText {#text} at (5,5) size 70x272
          text run at (5,5) width 27: "This"
          text run at (5,21) width 66: "paragraph"
          text run at (5,37) width 41: "should"
          text run at (5,53) width 64: "have thick"
          text run at (5,69) width 65: "double top"
          text run at (5,85) width 70: "and bottom"
          text run at (5,101) width 51: "borders,"
          text run at (5,117) width 57: "and thick"
          text run at (5,133) width 52: "grooved"
          text run at (5,149) width 26: "side"
          text run at (5,165) width 51: "borders."
          text run at (5,181) width 60: "The color"
          text run at (5,197) width 58: "of all four"
          text run at (5,213) width 33: "sides"
          text run at (5,229) width 60: "should be"
          text run at (5,245) width 58: "based on"
          text run at (5,261) width 42: "purple."
      RenderBlock {P} at (0,1956) size 80x314 [border: (5px double #800080) (5px groove #800080) (5px ridge #800080) (5px inset #800080)]
        RenderText {#text} at (5,5) size 66x304
          text run at (5,5) width 27: "This"
          text run at (5,21) width 66: "paragraph"
          text run at (5,37) width 41: "should"
          text run at (5,53) width 49: "have, in"
          text run at (5,69) width 60: "clockwise"
          text run at (5,85) width 66: "order from"
          text run at (5,101) width 59: "the top, a"
          text run at (5,117) width 44: "double,"
          text run at (5,133) width 55: "grooved,"
          text run at (5,149) width 43: "ridged,"
          text run at (5,165) width 58: "and inset"
          text run at (5,181) width 29: "thick"
          text run at (5,197) width 44: "border."
          text run at (5,213) width 60: "The color"
          text run at (5,229) width 58: "of all four"
          text run at (5,245) width 33: "sides"
          text run at (5,261) width 60: "should be"
          text run at (5,277) width 58: "based on"
          text run at (5,293) width 42: "purple."
      RenderBlock {P} at (0,2284) size 80x80
        RenderText {#text} at (0,0) size 77x80
          text run at (0,0) width 27: "This"
          text run at (0,16) width 66: "paragraph"
          text run at (0,32) width 76: "should have"
          text run at (0,48) width 77: "no border at"
          text run at (0,64) width 17: "all."
      RenderTable {TABLE} at (0,2378) size 98x2130 [border: (1px outset #808080)]
        RenderTableSection {TBODY} at (1,1) size 96x2128
          RenderTableRow {TR} at (0,0) size 96x56
            RenderTableCell {TD} at (0,0) size 96x56 [bgcolor=#C0C0C0] [border: (1px inset #808080)] [r=0 c=0 rs=1 cs=2]
              RenderInline {STRONG} at (0,0) size 53x48
                RenderText {#text} at (4,4) size 53x48
                  text run at (4,4) width 45: "TABLE"
                  text run at (4,20) width 51: "Testing"
                  text run at (4,36) width 53: "Section"
          RenderTableRow {TR} at (0,56) size 96x2072
            RenderTableCell {TD} at (0,1080) size 12x24 [bgcolor=#C0C0C0] [border: (1px inset #808080)] [r=1 c=0 rs=1 cs=1]
              RenderText {#text} at (4,4) size 4x16
                text run at (4,4) width 4: " "
            RenderTableCell {TD} at (12,56) size 84x2072 [border: (1px inset #808080)] [r=1 c=1 rs=1 cs=1]
              RenderBlock {P} at (4,4) size 76x154 [border: (5px dotted #000000)]
                RenderText {#text} at (5,5) size 66x144
                  text run at (5,5) width 27: "This"
                  text run at (5,21) width 66: "paragraph"
                  text run at (5,37) width 41: "should"
                  text run at (5,53) width 43: "have a"
                  text run at (5,69) width 65: "thick black"
                  text run at (5,85) width 40: "dotted"
                  text run at (5,101) width 59: "border all"
                  text run at (5,117) width 49: "the way"
                  text run at (5,133) width 47: "around."
              RenderBlock {P} at (4,172) size 76x154 [border: (5px dashed #000000)]
                RenderText {#text} at (5,5) size 66x144
                  text run at (5,5) width 27: "This"
                  text run at (5,21) width 66: "paragraph"
                  text run at (5,37) width 41: "should"
                  text run at (5,53) width 43: "have a"
                  text run at (5,69) width 65: "thick black"
                  text run at (5,85) width 47: "dashed"
                  text run at (5,101) width 59: "border all"
                  text run at (5,117) width 49: "the way"
                  text run at (5,133) width 47: "around."
              RenderBlock {P} at (4,340) size 76x154 [border: (5px solid #000000)]
                RenderText {#text} at (5,5) size 66x144
                  text run at (5,5) width 27: "This"
                  text run at (5,21) width 66: "paragraph"
                  text run at (5,37) width 41: "should"
                  text run at (5,53) width 43: "have a"
                  text run at (5,69) width 65: "thick black"
                  text run at (5,85) width 29: "solid"
                  text run at (5,101) width 59: "border all"
                  text run at (5,117) width 49: "the way"
                  text run at (5,133) width 47: "around."
              RenderBlock {P} at (4,508) size 76x154 [border: (5px double #000000)]
                RenderText {#text} at (5,5) size 66x144
                  text run at (5,5) width 27: "This"
                  text run at (5,21) width 66: "paragraph"
                  text run at (5,37) width 41: "should"
                  text run at (5,53) width 43: "have a"
                  text run at (5,69) width 65: "thick black"
                  text run at (5,85) width 41: "double"
                  text run at (5,101) width 59: "border all"
                  text run at (5,117) width 49: "the way"
                  text run at (5,133) width 47: "around."
              RenderBlock {P} at (4,676) size 76x154 [border: (5px groove #808000)]
                RenderText {#text} at (5,5) size 66x144
                  text run at (5,5) width 27: "This"
                  text run at (5,21) width 66: "paragraph"
                  text run at (5,37) width 41: "should"
                  text run at (5,53) width 43: "have a"
                  text run at (5,69) width 62: "thick olive"
                  text run at (5,85) width 44: "groove"
                  text run at (5,101) width 59: "border all"
                  text run at (5,117) width 49: "the way"
                  text run at (5,133) width 47: "around."
              RenderBlock {P} at (4,844) size 76x154 [border: (5px ridge #808000)]
                RenderText {#text} at (5,5) size 66x144
                  text run at (5,5) width 27: "This"
                  text run at (5,21) width 66: "paragraph"
                  text run at (5,37) width 41: "should"
                  text run at (5,53) width 43: "have a"
                  text run at (5,69) width 62: "thick olive"
                  text run at (5,85) width 32: "ridge"
                  text run at (5,101) width 59: "border all"
                  text run at (5,117) width 49: "the way"
                  text run at (5,133) width 47: "around."
              RenderBlock {P} at (4,1012) size 76x154 [border: (5px inset #808000)]
                RenderText {#text} at (5,5) size 66x144
                  text run at (5,5) width 27: "This"
                  text run at (5,21) width 66: "paragraph"
                  text run at (5,37) width 41: "should"
                  text run at (5,53) width 43: "have a"
                  text run at (5,69) width 62: "thick olive"
                  text run at (5,85) width 30: "inset"
                  text run at (5,101) width 59: "border all"
                  text run at (5,117) width 49: "the way"
                  text run at (5,133) width 47: "around."
              RenderBlock {P} at (4,1180) size 76x154 [border: (5px outset #808000)]
                RenderText {#text} at (5,5) size 66x144
                  text run at (5,5) width 27: "This"
                  text run at (5,21) width 66: "paragraph"
                  text run at (5,37) width 41: "should"
                  text run at (5,53) width 43: "have a"
                  text run at (5,69) width 62: "thick olive"
                  text run at (5,85) width 38: "outset"
                  text run at (5,101) width 59: "border all"
                  text run at (5,117) width 49: "the way"
                  text run at (5,133) width 47: "around."
              RenderBlock {P} at (4,1348) size 76x298 [border: (5px double #800080) (5px groove #800080) (5px double #800080) (5px groove #800080)]
                RenderText {#text} at (5,5) size 66x288
                  text run at (5,5) width 27: "This"
                  text run at (5,21) width 66: "paragraph"
                  text run at (5,37) width 41: "should"
                  text run at (5,53) width 64: "have thick"
                  text run at (5,69) width 65: "double top"
                  text run at (5,85) width 24: "and"
                  text run at (5,101) width 42: "bottom"
                  text run at (5,117) width 51: "borders,"
                  text run at (5,133) width 57: "and thick"
                  text run at (5,149) width 52: "grooved"
                  text run at (5,165) width 26: "side"
                  text run at (5,181) width 51: "borders."
                  text run at (5,197) width 60: "The color"
                  text run at (5,213) width 58: "of all four"
                  text run at (5,229) width 33: "sides"
                  text run at (5,245) width 60: "should be"
                  text run at (5,261) width 58: "based on"
                  text run at (5,277) width 42: "purple."
              RenderBlock {P} at (4,1660) size 76x314 [border: (5px double #800080) (5px groove #800080) (5px ridge #800080) (5px inset #800080)]
                RenderText {#text} at (5,5) size 66x304
                  text run at (5,5) width 27: "This"
                  text run at (5,21) width 66: "paragraph"
                  text run at (5,37) width 41: "should"
                  text run at (5,53) width 49: "have, in"
                  text run at (5,69) width 60: "clockwise"
                  text run at (5,85) width 66: "order from"
                  text run at (5,101) width 59: "the top, a"
                  text run at (5,117) width 44: "double,"
                  text run at (5,133) width 55: "grooved,"
                  text run at (5,149) width 43: "ridged,"
                  text run at (5,165) width 58: "and inset"
                  text run at (5,181) width 29: "thick"
                  text run at (5,197) width 44: "border."
                  text run at (5,213) width 60: "The color"
                  text run at (5,229) width 58: "of all four"
                  text run at (5,245) width 33: "sides"
                  text run at (5,261) width 60: "should be"
                  text run at (5,277) width 58: "based on"
                  text run at (5,293) width 42: "purple."
              RenderBlock {P} at (4,1988) size 76x80
                RenderText {#text} at (0,0) size 76x80
                  text run at (0,0) width 27: "This"
                  text run at (0,16) width 66: "paragraph"
                  text run at (0,32) width 76: "should have"
                  text run at (0,48) width 61: "no border"
                  text run at (0,64) width 33: "at all."
