layer at (0,0) size 292x1420
  RenderView at (0,0) size 96x26
layer at (0,0) size 292x1420
  RenderBlock {HTML} at (0,0) size 96x1420
    RenderBody {BODY} at (8,8) size 80x1404 [bgcolor=#CCCCCC]
      RenderBlock {P} at (0,0) size 80x80
        RenderText {#text} at (0,0) size 77x80
          text run at (0,0) width 58: "The style"
          text run at (0,16) width 77: "declarations"
          text run at (0,32) width 74: "which apply"
          text run at (0,48) width 63: "to the text"
          text run at (0,64) width 64: "below are:"
      RenderBlock {PRE} at (0,94) size 80x48
        RenderText {#text} at (0,0) size 284x48
          text run at (0,0) width 280: ".one {border-style: dashed; border-color: black; border-width: thick;}"
          text run at (280,0) width 0: " "
          text run at (0,16) width 272: ".two {border-style: groove; border-color: red; border-width: thick;}"
          text run at (272,16) width 0: " "
          text run at (0,32) width 284: ".three {border-style: none; border-color: purple; border-width: thick;}"
          text run at (284,32) width 0: " "
      RenderBlock {HR} at (0,156) size 80x2 [border: (1px inset #000000)]
      RenderBlock {P} at (0,172) size 80x544 [bgcolor=#C0C0C0]
        RenderText {#text} at (0,0) size 76x176
          text run at (0,0) width 61: "This is an"
          text run at (0,16) width 52: "unstyled"
          text run at (0,32) width 53: "element,"
          text run at (0,48) width 75: "save for the"
          text run at (0,64) width 73: "background"
          text run at (0,80) width 73: "color, and it"
          text run at (0,96) width 53: "contains"
          text run at (0,112) width 33: "inline"
          text run at (0,128) width 57: "elements"
          text run at (0,144) width 76: "with classes"
          text run at (0,160) width 16: "of "
        RenderInline {SPAN} at (0,0) size 53x42 [border: (5px dashed #000000)]
          RenderText {#text} at (21,160) size 53x32
            text run at (21,160) width 32: "class"
            text run at (0,176) width 24: "one"
        RenderText {#text} at (29,176) size 72x80
          text run at (29,176) width 43: ", which"
          text run at (0,192) width 72: "will result in"
          text run at (0,208) width 59: "a dashed"
          text run at (0,224) width 65: "thick black"
          text run at (0,240) width 45: "border;"
        RenderInline {SPAN} at (0,0) size 68x26 [border: (5px groove #FF0000)]
          RenderText {#text} at (5,256) size 58x16
            text run at (5,256) width 58: "class two"
        RenderText {#text} at (68,256) size 79x96
          text run at (68,256) width 3: ","
          text run at (0,272) width 36: "which"
          text run at (0,288) width 79: "should result"
          text run at (0,304) width 79: "in a grooved"
          text run at (0,320) width 72: "thick purple"
          text run at (0,336) width 72: "border, and"
        RenderInline {SPAN} at (0,0) size 69x16
          RenderText {#text} at (0,352) size 69x16
            text run at (0,352) width 69: "class three"
        RenderText {#text} at (69,352) size 79x192
          text run at (69,352) width 3: ","
          text run at (0,368) width 36: "which"
          text run at (0,384) width 79: "should result"
          text run at (0,400) width 76: "in no border"
          text run at (0,416) width 37: "at all. "
          text run at (37,416) width 25: "The"
          text run at (0,432) width 65: "line-height"
          text run at (0,448) width 36: "of the"
          text run at (0,464) width 41: "parent"
          text run at (0,480) width 50: "element"
          text run at (0,496) width 65: "should not"
          text run at (0,512) width 70: "change, on"
          text run at (0,528) width 52: "any line."
      RenderTable {TABLE} at (0,730) size 95x674 [border: (1px outset #808080)]
        RenderTableSection {TBODY} at (1,1) size 93x672
          RenderTableRow {TR} at (0,0) size 93x56
            RenderTableCell {TD} at (0,0) size 93x56 [bgcolor=#C0C0C0] [border: (1px inset #808080)] [r=0 c=0 rs=1 cs=2]
              RenderInline {STRONG} at (0,0) size 53x48
                RenderText {#text} at (4,4) size 53x48
                  text run at (4,4) width 45: "TABLE"
                  text run at (4,20) width 51: "Testing"
                  text run at (4,36) width 53: "Section"
          RenderTableRow {TR} at (0,56) size 93x616
            RenderTableCell {TD} at (0,352) size 12x24 [bgcolor=#C0C0C0] [border: (1px inset #808080)] [r=1 c=0 rs=1 cs=1]
              RenderText {#text} at (4,4) size 4x16
                text run at (4,4) width 4: " "
            RenderTableCell {TD} at (12,56) size 81x616 [border: (1px inset #808080)] [r=1 c=1 rs=1 cs=1]
              RenderBlock {P} at (4,4) size 73x608 [bgcolor=#C0C0C0]
                RenderText {#text} at (0,0) size 73x192
                  text run at (0,0) width 61: "This is an"
                  text run at (0,16) width 52: "unstyled"
                  text run at (0,32) width 53: "element,"
                  text run at (0,48) width 51: "save for"
                  text run at (0,64) width 20: "the"
                  text run at (0,80) width 73: "background"
                  text run at (0,96) width 73: "color, and it"
                  text run at (0,112) width 53: "contains"
                  text run at (0,128) width 33: "inline"
                  text run at (0,144) width 57: "elements"
                  text run at (0,160) width 25: "with"
                  text run at (0,176) width 63: "classes of"
                RenderInline {SPAN} at (0,0) size 70x26 [border: (5px dashed #000000)]
                  RenderText {#text} at (5,192) size 60x16
                    text run at (5,192) width 60: "class one"
                RenderText {#text} at (70,192) size 73x96
                  text run at (70,192) width 3: ","
                  text run at (0,208) width 59: "which will"
                  text run at (0,224) width 61: "result in a"
                  text run at (0,240) width 47: "dashed"
                  text run at (0,256) width 65: "thick black"
                  text run at (0,272) width 45: "border;"
                RenderInline {SPAN} at (0,0) size 68x26 [border: (5px groove #FF0000)]
                  RenderText {#text} at (5,288) size 58x16
                    text run at (5,288) width 58: "class two"
                RenderText {#text} at (68,288) size 72x112
                  text run at (68,288) width 3: ","
                  text run at (0,304) width 36: "which"
                  text run at (0,320) width 41: "should"
                  text run at (0,336) width 61: "result in a"
                  text run at (0,352) width 52: "grooved"
                  text run at (0,368) width 72: "thick purple"
                  text run at (0,384) width 72: "border, and"
                RenderInline {SPAN} at (0,0) size 69x16
                  RenderText {#text} at (0,400) size 69x16
                    text run at (0,400) width 69: "class three"
                RenderText {#text} at (69,400) size 72x208
                  text run at (69,400) width 3: ","
                  text run at (0,416) width 36: "which"
                  text run at (0,432) width 41: "should"
                  text run at (0,448) width 69: "result in no"
                  text run at (0,464) width 57: "border at"
                  text run at (0,480) width 21: "all. "
                  text run at (21,480) width 25: "The"
                  text run at (0,496) width 65: "line-height"
                  text run at (0,512) width 36: "of the"
                  text run at (0,528) width 41: "parent"
                  text run at (0,544) width 50: "element"
                  text run at (0,560) width 65: "should not"
                  text run at (0,576) width 70: "change, on"
                  text run at (0,592) width 52: "any line."
