layer at (0,0) size 800x600
  RenderView at (0,0) size 800x600
layer at (0,0) size 800x600
  RenderBlock {HTML} at (0,0) size 800x600
    RenderBody {BODY} at (8,8) size 784x584 [bgcolor=#CCCCCC]
      RenderBlock {P} at (0,0) size 784x19
        RenderText {#text} at (0,0) size 354x19
          text run at (0,0) width 354: "The style declarations which apply to the text below are:"
      RenderBlock {PRE} at (0,33) size 784x57
        RenderText {#text} at (0,1) size 328x55
          text run at (0,1) width 328: ".one {border-bottom: purple double 10px;}"
          text run at (328,1) width 0: " "
          text run at (0,20) width 320: ".two {border-bottom: purple thin solid;}"
          text run at (320,20) width 0: " "
          text run at (0,39) width 0: " "
      RenderBlock {HR} at (0,104) size 784x2 [border: (1px inset #000000)]
      RenderBlock {P} at (0,120) size 784x57 [bgcolor=#C0C0C0]
        RenderText {#text} at (0,0) size 670x19
          text run at (0,0) width 670: "This is an unstyled element, save for the background color, and containing inline elements with classes of "
        RenderInline {SPAN} at (0,0) size 60x29 [border: (10px double #800080) none]
          RenderText {#text} at (670,0) size 60x19
            text run at (670,0) width 60: "class one"
        RenderText {#text} at (730,0) size 774x38
          text run at (730,0) width 44: ", which"
          text run at (0,19) width 364: "should have a 10-pixel purple double bottom border; and "
        RenderInline {SPAN} at (0,0) size 58x20 [border: (1px solid #800080) none]
          RenderText {#text} at (364,19) size 58x19
            text run at (364,19) width 58: "class two"
        RenderText {#text} at (422,19) size 761x38
          text run at (422,19) width 339: ", which should have a thin solid purple bottom border."
          text run at (0,38) width 433: "The line-height of the parent element should not change on any line."
      RenderTable {TABLE} at (0,191) size 784x95 [border: (1px outset #808080)]
        RenderTableSection {TBODY} at (1,1) size 782x93
          RenderTableRow {TR} at (0,0) size 782x28
            RenderTableCell {TD} at (0,0) size 782x28 [bgcolor=#C0C0C0] [border: (1px inset #808080)] [r=0 c=0 rs=1 cs=2]
              RenderInline {STRONG} at (0,0) size 159x20
                RenderText {#text} at (4,4) size 159x20
                  text run at (4,4) width 159: "TABLE Testing Section"
          RenderTableRow {TR} at (0,28) size 782x65
            RenderTableCell {TD} at (0,47) size 12x27 [bgcolor=#C0C0C0] [border: (1px inset #808080)] [r=1 c=0 rs=1 cs=1]
              RenderText {#text} at (4,4) size 4x19
                text run at (4,4) width 4: " "
            RenderTableCell {TD} at (12,28) size 770x65 [border: (1px inset #808080)] [r=1 c=1 rs=1 cs=1]
              RenderBlock {P} at (4,4) size 762x57 [bgcolor=#C0C0C0]
                RenderText {#text} at (0,0) size 670x19
                  text run at (0,0) width 670: "This is an unstyled element, save for the background color, and containing inline elements with classes of "
                RenderInline {SPAN} at (0,0) size 60x29 [border: (10px double #800080) none]
                  RenderText {#text} at (670,0) size 60x19
                    text run at (670,0) width 60: "class one"
                RenderText {#text} at (730,0) size 734x38
                  text run at (730,0) width 4: ","
                  text run at (0,19) width 404: "which should have a 10-pixel purple double bottom border; and "
                RenderInline {SPAN} at (0,0) size 58x20 [border: (1px solid #800080) none]
                  RenderText {#text} at (404,19) size 58x19
                    text run at (404,19) width 58: "class two"
                RenderText {#text} at (462,19) size 751x38
                  text run at (462,19) width 289: ", which should have a thin solid purple bottom"
                  text run at (0,38) width 50: "border. "
                  text run at (50,38) width 433: "The line-height of the parent element should not change on any line."
