layer at (0,0) size 800x914
  RenderView at (0,0) size 800x600
layer at (0,0) size 800x914
  RenderBlock {HTML} at (0,0) size 800x914
    RenderBody {BODY} at (8,8) size 784x898 [bgcolor=#CCCCCC]
      RenderBlock {P} at (0,0) size 784x16
        RenderText {#text} at (0,0) size 352x16
          text run at (0,0) width 352: "The style declarations which apply to the text below are:"
      RenderBlock {PRE} at (0,30) size 784x64
        RenderText {#text} at (0,0) size 84x64
          text run at (0,0) width 76: ".one {clear: left;}"
          text run at (76,0) width 0: " "
          text run at (0,16) width 80: ".two {clear: right;}"
          text run at (80,16) width 0: " "
          text run at (0,32) width 84: ".three {clear: both;}"
          text run at (84,32) width 0: " "
          text run at (0,48) width 80: ".four {clear: none;}"
          text run at (80,48) width 0: " "
      RenderBlock {HR} at (0,108) size 784x2 [border: (1px inset #000000)]
      RenderImage {IMG} at (0,117) size 15x50
      RenderBlock {P} at (0,124) size 784x16
        RenderText {#text} at (18,0) size 588x16
          text run at (18,0) width 588: "This text should be flowing past a tall orange rectangle on the left side of the browser window."
      RenderBlock (anonymous) at (0,154) size 784x16
        RenderBR {BR} at (18,0) size 0x16
      RenderImage {IMG} at (0,170) size 15x50
      RenderBlock {P} at (0,220) size 784x16
        RenderText {#text} at (0,0) size 651x16
          text run at (0,0) width 651: "This paragraph should appear below the tall orange rectangle above and to the left, and not flow past it."
      RenderBlock (anonymous) at (0,250) size 784x16
        RenderBR {BR} at (0,0) size 0x16
      RenderImage {IMG} at (769,266) size 15x50
      RenderBlock {P} at (0,316) size 784x16
        RenderText {#text} at (0,0) size 660x16
          text run at (0,0) width 660: "This paragraph should appear below the tall orange rectangle above and to the right, and not flow past it."
      RenderBlock (anonymous) at (0,346) size 784x16
        RenderBR {BR} at (0,0) size 0x16
      RenderImage {IMG} at (0,362) size 15x50
      RenderImage {IMG} at (769,362) size 15x50
      RenderBlock {P} at (0,412) size 784x16
        RenderText {#text} at (0,0) size 601x16
          text run at (0,0) width 601: "This paragraph should appear below the two tall orange rectangles, and not flow between them."
      RenderImage {IMG} at (0,442) size 15x50
      RenderImage {IMG} at (769,442) size 15x50
      RenderBlock {P} at (0,442) size 784x16
        RenderText {#text} at (18,0) size 393x16
          text run at (18,0) width 393: "This paragraph should be between both tall orange rectangles."
      RenderBlock (anonymous) at (0,472) size 784x20
        RenderBR {BR} at (18,0) size 0x16
      RenderTable {TABLE} at (0,492) size 682x406 [border: (1px outset #808080)]
        RenderTableSection {TBODY} at (1,1) size 680x404
          RenderTableRow {TR} at (0,0) size 680x24
            RenderTableCell {TD} at (0,0) size 680x24 [bgcolor=#C0C0C0] [border: (1px inset #808080)] [r=0 c=0 rs=1 cs=2]
              RenderInline {STRONG} at (0,0) size 157x16
                RenderText {#text} at (4,4) size 157x16
                  text run at (4,4) width 157: "TABLE Testing Section"
          RenderTableRow {TR} at (0,24) size 680x380
            RenderTableCell {TD} at (0,202) size 12x24 [bgcolor=#C0C0C0] [border: (1px inset #808080)] [r=1 c=0 rs=1 cs=1]
              RenderText {#text} at (4,4) size 4x16
                text run at (4,4) width 4: " "
            RenderTableCell {TD} at (12,24) size 668x380 [border: (1px inset #808080)] [r=1 c=1 rs=1 cs=1]
              RenderImage {IMG} at (4,4) size 15x50
              RenderBlock {P} at (4,4) size 660x16
                RenderText {#text} at (18,0) size 588x16
                  text run at (18,0) width 588: "This text should be flowing past a tall orange rectangle on the left side of the browser window."
              RenderBlock (anonymous) at (4,34) size 660x20
                RenderBR {BR} at (18,0) size 0x16
              RenderImage {IMG} at (4,54) size 15x50
              RenderBlock {P} at (4,104) size 660x16
                RenderText {#text} at (0,0) size 651x16
                  text run at (0,0) width 651: "This paragraph should appear below the tall orange rectangle above and to the left, and not flow past it."
              RenderBlock (anonymous) at (4,134) size 660x16
                RenderBR {BR} at (0,0) size 0x16
              RenderImage {IMG} at (649,150) size 15x50
              RenderBlock {P} at (4,200) size 660x16
                RenderText {#text} at (0,0) size 660x16
                  text run at (0,0) width 660: "This paragraph should appear below the tall orange rectangle above and to the right, and not flow past it."
              RenderBlock (anonymous) at (4,230) size 660x16
                RenderBR {BR} at (0,0) size 0x16
              RenderImage {IMG} at (4,246) size 15x50
              RenderImage {IMG} at (649,246) size 15x50
              RenderBlock {P} at (4,296) size 660x16
                RenderText {#text} at (0,0) size 601x16
                  text run at (0,0) width 601: "This paragraph should appear below the two tall orange rectangles, and not flow between them."
              RenderImage {IMG} at (4,326) size 15x50
              RenderImage {IMG} at (649,326) size 15x50
              RenderBlock {P} at (4,326) size 660x16
                RenderText {#text} at (18,0) size 393x16
                  text run at (18,0) width 393: "This paragraph should be between both tall orange rectangles."
              RenderBlock (anonymous) at (4,356) size 660x20
                RenderBR {BR} at (18,0) size 0x16
