layer at (0,0) size 800x683
  RenderView at (0,0) size 800x600
layer at (0,0) size 800x683
  RenderBlock {HTML} at (0,0) size 800x683
    RenderBody {BODY} at (8,8) size 784x667 [bgcolor=#CCCCCC]
      RenderBlock {P} at (0,0) size 784x16
        RenderText {#text} at (0,0) size 352x16
          text run at (0,0) width 352: "The style declarations which apply to the text below are:"
      RenderBlock {PRE} at (0,30) size 784x144
        RenderText {#text} at (0,0) size 308x144
          text run at (0,0) width 196: "P { margin: 0; padding: 0; text-align:  justify;}"
          text run at (196,0) width 0: " "
          text run at (0,16) width 0: " "
          text run at (0,32) width 192: "DIV.menu {float: left; clear: left; width: 11em;"
          text run at (192,32) width 0: " "
          text run at (0,48) width 232: "          margin: 0; margin-bottom: 10px; padding: 0.5em;}"
          text run at (232,48) width 0: " "
          text run at (0,64) width 216: "DIV.menu H1 {font-size: 1.2em; margin: 0; padding: 0;}"
          text run at (216,64) width 0: " "
          text run at (0,80) width 224: "DIV.menu UL {margin: 0.2em 0.3em 0.2em 1em; padding: 0;}"
          text run at (224,80) width 0: " "
          text run at (0,96) width 308: "DIV.article {padding: 0.5em; margin: 0; margin-left: 14em; margin-right: 2em;"
          text run at (308,96) width 0: " "
          text run at (0,112) width 240: "             color: black; background: yellow; clear: none;}"
          text run at (240,112) width 0: " "
          text run at (0,128) width 0: " "
      RenderBlock {HR} at (0,188) size 784x2 [border: (1px inset #000000)]
      RenderBlock (floating) {DIV} at (0,197) size 168x102 [color=#FFFFFF] [bgcolor=#008000]
        RenderBlock {H1} at (7,7) size 154x20
          RenderText {#text} at (0,0) size 79x19
            text run at (0,0) width 79: "Top menu"
        RenderBlock {UL} at (21,29) size 136x64
          RenderListItem {LI} at (0,0) size 136x16
            RenderListMarker at (-16,0) size 6x16: bullet
            RenderText {#text} at (0,0) size 37x16
              text run at (0,0) width 37: "green"
          RenderListItem {LI} at (0,16) size 136x16
            RenderListMarker at (-16,0) size 6x16: bullet
            RenderText {#text} at (0,0) size 60x16
              text run at (0,0) width 60: "white text"
          RenderListItem {LI} at (0,32) size 136x16
            RenderListMarker at (-16,0) size 6x16: bullet
            RenderText {#text} at (0,0) size 93x16
              text run at (0,0) width 93: "0.5em padding"
          RenderListItem {LI} at (0,48) size 136x16
            RenderListMarker at (-16,0) size 6x16: bullet
            RenderText {#text} at (0,0) size 85x16
              text run at (0,0) width 85: "0.5em margin"
      RenderBlock (floating) {DIV} at (0,309) size 168x102 [color=#FFFFFF] [bgcolor=#0000FF]
        RenderBlock {H1} at (7,7) size 154x20
          RenderText {#text} at (0,0) size 106x19
            text run at (0,0) width 106: "Bottom menu"
        RenderBlock {UL} at (21,29) size 136x64
          RenderListItem {LI} at (0,0) size 136x16
            RenderListMarker at (-16,0) size 6x16: bullet
            RenderText {#text} at (0,0) size 102x16
              text run at (0,0) width 102: "blue background"
          RenderListItem {LI} at (0,16) size 136x16
            RenderListMarker at (-16,0) size 6x16: bullet
            RenderText {#text} at (0,0) size 60x16
              text run at (0,0) width 60: "white text"
          RenderListItem {LI} at (0,32) size 136x16
            RenderListMarker at (-16,0) size 6x16: bullet
            RenderText {#text} at (0,0) size 93x16
              text run at (0,0) width 93: "0.5em padding"
          RenderListItem {LI} at (0,48) size 136x16
            RenderListMarker at (-16,0) size 6x16: bullet
            RenderText {#text} at (0,0) size 85x16
              text run at (0,0) width 85: "0.5em margin"
      RenderBlock {DIV} at (196,197) size 560x194 [bgcolor=#FFFF00]
        RenderBlock {H1} at (7,25) size 546x32
          RenderText {#text} at (0,1) size 261x30
            text run at (0,1) width 261: "The 'clear' property"
        RenderBlock {P} at (7,75) size 546x80
          RenderText {#text} at (0,0) size 546x80
            text run at (0,0) width 546: "This page has two floating \"menus\" on the side; one has a green background, and the"
            text run at (0,16) width 164: "other a blue background. "
            text run at (164,16) width 382: "Due to settings on the 'float' and 'clear' properties, the two"
            text run at (0,32) width 546: "menus should appear on the left side of the page, the blue below the green. There"
            text run at (0,48) width 546: "should be a 10px gap between the two menus. There should also be a 10px gap"
            text run at (0,64) width 294: "between the top menu and the top of the page."
        RenderBlock {P} at (7,155) size 546x32
          RenderText {#text} at (0,0) size 546x32
            text run at (0,0) width 546: "The top of the yellow rectangle (to which this paragraph belongs) should be vertically"
            text run at (0,16) width 270: "aligned with the top of the green rectangle."
      RenderTable {TABLE} at (168,391) size 616x276 [border: (1px outset #808080)]
        RenderTableSection {TBODY} at (1,1) size 614x274
          RenderTableRow {TR} at (0,0) size 614x24
            RenderTableCell {TD} at (0,0) size 614x24 [bgcolor=#C0C0C0] [border: (1px inset #808080)] [r=0 c=0 rs=1 cs=2]
              RenderInline {STRONG} at (0,0) size 157x16
                RenderText {#text} at (4,4) size 157x16
                  text run at (4,4) width 157: "TABLE Testing Section"
          RenderTableRow {TR} at (0,24) size 614x250
            RenderTableCell {TD} at (0,137) size 12x24 [bgcolor=#C0C0C0] [border: (1px inset #808080)] [r=1 c=0 rs=1 cs=1]
              RenderText {#text} at (4,4) size 4x16
                text run at (4,4) width 4: " "
            RenderTableCell {TD} at (12,24) size 602x250 [border: (1px inset #808080)] [r=1 c=1 rs=1 cs=1]
              RenderBlock (floating) {DIV} at (4,4) size 168x102 [color=#FFFFFF] [bgcolor=#008000]
                RenderBlock {H1} at (7,7) size 154x20
                  RenderText {#text} at (0,0) size 79x19
                    text run at (0,0) width 79: "Top menu"
                RenderBlock {UL} at (21,29) size 136x64
                  RenderListItem {LI} at (0,0) size 136x16
                    RenderListMarker at (-16,0) size 6x16: bullet
                    RenderText {#text} at (0,0) size 37x16
                      text run at (0,0) width 37: "green"
                  RenderListItem {LI} at (0,16) size 136x16
                    RenderListMarker at (-16,0) size 6x16: bullet
                    RenderText {#text} at (0,0) size 60x16
                      text run at (0,0) width 60: "white text"
                  RenderListItem {LI} at (0,32) size 136x16
                    RenderListMarker at (-16,0) size 6x16: bullet
                    RenderText {#text} at (0,0) size 93x16
                      text run at (0,0) width 93: "0.5em padding"
                  RenderListItem {LI} at (0,48) size 136x16
                    RenderListMarker at (-16,0) size 6x16: bullet
                    RenderText {#text} at (0,0) size 85x16
                      text run at (0,0) width 85: "0.5em margin"
              RenderBlock (floating) {DIV} at (4,116) size 168x102 [color=#FFFFFF] [bgcolor=#0000FF]
                RenderBlock {H1} at (7,7) size 154x20
                  RenderText {#text} at (0,0) size 106x19
                    text run at (0,0) width 106: "Bottom menu"
                RenderBlock {UL} at (21,29) size 136x64
                  RenderListItem {LI} at (0,0) size 136x16
                    RenderListMarker at (-16,0) size 6x16: bullet
                    RenderText {#text} at (0,0) size 102x16
                      text run at (0,0) width 102: "blue background"
                  RenderListItem {LI} at (0,16) size 136x16
                    RenderListMarker at (-16,0) size 6x16: bullet
                    RenderText {#text} at (0,0) size 60x16
                      text run at (0,0) width 60: "white text"
                  RenderListItem {LI} at (0,32) size 136x16
                    RenderListMarker at (-16,0) size 6x16: bullet
                    RenderText {#text} at (0,0) size 93x16
                      text run at (0,0) width 93: "0.5em padding"
                  RenderListItem {LI} at (0,48) size 136x16
                    RenderListMarker at (-16,0) size 6x16: bullet
                    RenderText {#text} at (0,0) size 85x16
                      text run at (0,0) width 85: "0.5em margin"
              RenderBlock {DIV} at (200,4) size 370x242 [bgcolor=#FFFF00]
                RenderBlock {H1} at (7,25) size 356x32
                  RenderText {#text} at (0,1) size 261x30
                    text run at (0,1) width 261: "The 'clear' property"
                RenderBlock {P} at (7,75) size 356x112
                  RenderText {#text} at (0,0) size 356x112
                    text run at (0,0) width 356: "This page has two floating \"menus\" on the side; one has"
                    text run at (0,16) width 356: "a green background, and the other a blue background."
                    text run at (0,32) width 356: "Due to settings on the 'float' and 'clear' properties, the"
                    text run at (0,48) width 356: "two menus should appear on the left side of the page,"
                    text run at (0,64) width 356: "the blue below the green. There should be a 10px gap"
                    text run at (0,80) width 356: "between the two menus. There should also be a 10px"
                    text run at (0,96) width 322: "gap between the top menu and the top of the page."
                RenderBlock {P} at (7,187) size 356x48
                  RenderText {#text} at (0,0) size 356x48
                    text run at (0,0) width 356: "The top of the yellow rectangle (to which this paragraph"
                    text run at (0,16) width 356: "belongs) should be vertically aligned with the top of the"
                    text run at (0,32) width 103: "green rectangle."
