layer at (0,0) size 800x693
  RenderView at (0,0) size 800x600
layer at (0,0) size 800x693
  RenderBlock {HTML} at (0,0) size 800x693
    RenderBody {BODY} at (8,8) size 784x665 [bgcolor=#CCCCCC]
      RenderBlock {P} at (0,0) size 784x16
        RenderText {#text} at (0,0) size 352x16
          text run at (0,0) width 352: "The style declarations which apply to the text below are:"
      RenderBlock {PRE} at (0,30) size 784x208
        RenderText {#text} at (0,0) size 256x208
          text run at (0,0) width 196: "P { margin: 0; padding: 0; text-align:  justify;}"
          text run at (196,0) width 0: " "
          text run at (0,16) width 0: " "
          text run at (0,32) width 168: "DIV.yellow, DIV.blue, DIV.red, DIV.green {"
          text run at (168,32) width 0: " "
          text run at (0,48) width 168: " width: 60px; padding: 20px; margin: 10px;"
          text run at (168,48) width 0: " "
          text run at (0,64) width 236: " border: 20px solid black; float: left; text-align: center;"
          text run at (236,64) width 0: " "
          text run at (0,80) width 180: " font-family: \"Times New Roman\",Times,serif;}"
          text run at (180,80) width 0: " "
          text run at (0,96) width 256: "DIV.yellow {margin-left: 0px; background: yellow; color: black;}"
          text run at (256,96) width 0: " "
          text run at (0,112) width 168: "DIV.blue {background: blue; color: white;}"
          text run at (168,112) width 0: " "
          text run at (0,128) width 160: "DIV.red {background: red; color: black;}"
          text run at (160,128) width 0: " "
          text run at (0,144) width 176: "DIV.green {background: green; color: white;}"
          text run at (176,144) width 0: " "
          text run at (0,160) width 96: "DIV.below {clear: both;}"
          text run at (96,160) width 0: " "
          text run at (0,176) width 100: "TABLE {margin: 20px 0px;}"
          text run at (100,176) width 0: " "
          text run at (0,192) width 0: " "
      RenderBlock {HR} at (0,252) size 784x2 [border: (1px inset #000000)]
      RenderBlock {P} at (0,261) size 784x32
        RenderText {#text} at (0,0) size 784x32
          text run at (0,0) width 784: "The four floating DIV elements below should appear next to each other horizontally. The table at the bottom of this page"
          text run at (0,16) width 394: "indicates how the DIV elements should be laid out horizontally. "
          text run at (394,16) width 215: "They should align with each other."
      RenderBlock (floating) {DIV} at (0,303) size 140x96 [bgcolor=#FFFF00] [border: (20px solid #000000)]
        RenderBlock {P} at (40,40) size 60x16
          RenderText {#text} at (0,0) size 40x16
            text run at (0,0) width 40: "Yellow"
      RenderBlock (floating) {DIV} at (160,303) size 140x96 [color=#FFFFFF] [bgcolor=#0000FF] [border: (20px solid #000000)]
        RenderBlock {P} at (40,40) size 60x16
          RenderText {#text} at (0,0) size 26x16
            text run at (0,0) width 26: "Blue"
      RenderBlock (floating) {DIV} at (320,303) size 140x96 [bgcolor=#FF0000] [border: (20px solid #000000)]
        RenderBlock {P} at (40,40) size 60x16
          RenderText {#text} at (0,0) size 23x16
            text run at (0,0) width 23: "Red"
      RenderBlock (floating) {DIV} at (480,303) size 140x96 [color=#FFFFFF] [bgcolor=#008000] [border: (20px solid #000000)]
        RenderBlock {P} at (40,40) size 60x16
          RenderText {#text} at (0,0) size 37x16
            text run at (0,0) width 37: "Green"
      RenderBlock {DIV} at (0,409) size 784x17
        RenderTable {TABLE} at (0,0) size 620x17
          RenderTableSection {TBODY} at (0,0) size 620x17
            RenderTableRow {TR} at (0,0) size 620x17
              RenderTableCell {TD} at (0,8) size 20x1 [bgcolor=#000000] [r=0 c=0 rs=1 cs=1]
                RenderImage {IMG} at (0,0) size 20x1
              RenderTableCell {TD} at (20,8) size 100x1 [bgcolor=#FFFF00] [r=0 c=1 rs=1 cs=1]
                RenderImage {IMG} at (0,0) size 100x1
              RenderTableCell {TD} at (120,8) size 20x1 [bgcolor=#000000] [r=0 c=2 rs=1 cs=1]
                RenderImage {IMG} at (0,0) size 20x1
              RenderTableCell {TD} at (140,8) size 20x1 [bgcolor=#FFFFFF] [r=0 c=3 rs=1 cs=1]
                RenderImage {IMG} at (0,0) size 20x1
              RenderTableCell {TD} at (160,8) size 20x1 [bgcolor=#000000] [r=0 c=4 rs=1 cs=1]
                RenderImage {IMG} at (0,0) size 20x1
              RenderTableCell {TD} at (180,8) size 100x1 [bgcolor=#0000FF] [r=0 c=5 rs=1 cs=1]
                RenderImage {IMG} at (0,0) size 100x1
              RenderTableCell {TD} at (280,8) size 20x1 [bgcolor=#000000] [r=0 c=6 rs=1 cs=1]
                RenderImage {IMG} at (0,0) size 20x1
              RenderTableCell {TD} at (300,8) size 20x1 [bgcolor=#FFFFFF] [r=0 c=7 rs=1 cs=1]
                RenderImage {IMG} at (0,0) size 20x1
              RenderTableCell {TD} at (320,8) size 20x1 [bgcolor=#000000] [r=0 c=8 rs=1 cs=1]
                RenderImage {IMG} at (0,0) size 20x1
              RenderTableCell {TD} at (340,8) size 100x1 [bgcolor=#FF0000] [r=0 c=9 rs=1 cs=1]
                RenderImage {IMG} at (0,0) size 100x1
              RenderTableCell {TD} at (440,0) size 20x17 [bgcolor=#000000] [r=0 c=10 rs=1 cs=1]
                RenderImage {IMG} at (0,0) size 20x1
                RenderText {#text} at (0,1) size 4x16
                  text run at (0,1) width 4: ";"
              RenderTableCell {TD} at (460,8) size 20x1 [bgcolor=#FFFFFF] [r=0 c=11 rs=1 cs=1]
                RenderImage {IMG} at (0,0) size 20x1
              RenderTableCell {TD} at (480,8) size 20x1 [bgcolor=#000000] [r=0 c=12 rs=1 cs=1]
                RenderImage {IMG} at (0,0) size 20x1
              RenderTableCell {TD} at (500,8) size 100x1 [bgcolor=#008000] [r=0 c=13 rs=1 cs=1]
                RenderImage {IMG} at (0,0) size 100x1
              RenderTableCell {TD} at (600,8) size 20x1 [bgcolor=#000000] [r=0 c=14 rs=1 cs=1]
                RenderImage {IMG} at (0,0) size 20x1
      RenderTable {TABLE} at (0,446) size 784x219 [border: (1px outset #808080)]
        RenderTableSection {TBODY} at (1,1) size 782x217
          RenderTableRow {TR} at (0,0) size 782x24
            RenderTableCell {TD} at (0,0) size 782x24 [bgcolor=#C0C0C0] [border: (1px inset #808080)] [r=0 c=0 rs=1 cs=2]
              RenderInline {STRONG} at (0,0) size 157x16
                RenderText {#text} at (4,4) size 157x16
                  text run at (4,4) width 157: "TABLE Testing Section"
          RenderTableRow {TR} at (0,24) size 782x193
            RenderTableCell {TD} at (0,108) size 12x24 [bgcolor=#C0C0C0] [border: (1px inset #808080)] [r=1 c=0 rs=1 cs=1]
              RenderText {#text} at (4,4) size 4x16
                text run at (4,4) width 4: " "
            RenderTableCell {TD} at (12,24) size 770x193 [border: (1px inset #808080)] [r=1 c=1 rs=1 cs=1]
              RenderBlock {P} at (4,4) size 762x32
                RenderText {#text} at (0,0) size 762x32
                  text run at (0,0) width 762: "The four floating DIV elements below should appear next to each other horizontally. The table at the bottom of this page"
                  text run at (0,16) width 394: "indicates how the DIV elements should be laid out horizontally. "
                  text run at (394,16) width 215: "They should align with each other."
              RenderBlock (floating) {DIV} at (4,46) size 140x96 [bgcolor=#FFFF00] [border: (20px solid #000000)]
                RenderBlock {P} at (40,40) size 60x16
                  RenderText {#text} at (0,0) size 40x16
                    text run at (0,0) width 40: "Yellow"
              RenderBlock (floating) {DIV} at (164,46) size 140x96 [color=#FFFFFF] [bgcolor=#0000FF] [border: (20px solid #000000)]
                RenderBlock {P} at (40,40) size 60x16
                  RenderText {#text} at (0,0) size 26x16
                    text run at (0,0) width 26: "Blue"
              RenderBlock (floating) {DIV} at (324,46) size 140x96 [bgcolor=#FF0000] [border: (20px solid #000000)]
                RenderBlock {P} at (40,40) size 60x16
                  RenderText {#text} at (0,0) size 23x16
                    text run at (0,0) width 23: "Red"
              RenderBlock (floating) {DIV} at (484,46) size 140x96 [color=#FFFFFF] [bgcolor=#008000] [border: (20px solid #000000)]
                RenderBlock {P} at (40,40) size 60x16
                  RenderText {#text} at (0,0) size 37x16
                    text run at (0,0) width 37: "Green"
              RenderBlock {DIV} at (4,152) size 762x17
                RenderTable {TABLE} at (0,0) size 620x17
                  RenderTableSection {TBODY} at (0,0) size 620x17
                    RenderTableRow {TR} at (0,0) size 620x17
                      RenderTableCell {TD} at (0,8) size 20x1 [bgcolor=#000000] [r=0 c=0 rs=1 cs=1]
                        RenderImage {IMG} at (0,0) size 20x1
                      RenderTableCell {TD} at (20,8) size 100x1 [bgcolor=#FFFF00] [r=0 c=1 rs=1 cs=1]
                        RenderImage {IMG} at (0,0) size 100x1
                      RenderTableCell {TD} at (120,8) size 20x1 [bgcolor=#000000] [r=0 c=2 rs=1 cs=1]
                        RenderImage {IMG} at (0,0) size 20x1
                      RenderTableCell {TD} at (140,8) size 20x1 [bgcolor=#FFFFFF] [r=0 c=3 rs=1 cs=1]
                        RenderImage {IMG} at (0,0) size 20x1
                      RenderTableCell {TD} at (160,8) size 20x1 [bgcolor=#000000] [r=0 c=4 rs=1 cs=1]
                        RenderImage {IMG} at (0,0) size 20x1
                      RenderTableCell {TD} at (180,8) size 100x1 [bgcolor=#0000FF] [r=0 c=5 rs=1 cs=1]
                        RenderImage {IMG} at (0,0) size 100x1
                      RenderTableCell {TD} at (280,8) size 20x1 [bgcolor=#000000] [r=0 c=6 rs=1 cs=1]
                        RenderImage {IMG} at (0,0) size 20x1
                      RenderTableCell {TD} at (300,8) size 20x1 [bgcolor=#FFFFFF] [r=0 c=7 rs=1 cs=1]
                        RenderImage {IMG} at (0,0) size 20x1
                      RenderTableCell {TD} at (320,8) size 20x1 [bgcolor=#000000] [r=0 c=8 rs=1 cs=1]
                        RenderImage {IMG} at (0,0) size 20x1
                      RenderTableCell {TD} at (340,8) size 100x1 [bgcolor=#FF0000] [r=0 c=9 rs=1 cs=1]
                        RenderImage {IMG} at (0,0) size 100x1
                      RenderTableCell {TD} at (440,0) size 20x17 [bgcolor=#000000] [r=0 c=10 rs=1 cs=1]
                        RenderImage {IMG} at (0,0) size 20x1
                        RenderText {#text} at (0,1) size 4x16
                          text run at (0,1) width 4: ";"
                      RenderTableCell {TD} at (460,8) size 20x1 [bgcolor=#FFFFFF] [r=0 c=11 rs=1 cs=1]
                        RenderImage {IMG} at (0,0) size 20x1
                      RenderTableCell {TD} at (480,8) size 20x1 [bgcolor=#000000] [r=0 c=12 rs=1 cs=1]
                        RenderImage {IMG} at (0,0) size 20x1
                      RenderTableCell {TD} at (500,8) size 100x1 [bgcolor=#008000] [r=0 c=13 rs=1 cs=1]
                        RenderImage {IMG} at (0,0) size 100x1
                      RenderTableCell {TD} at (600,8) size 20x1 [bgcolor=#000000] [r=0 c=14 rs=1 cs=1]
                        RenderImage {IMG} at (0,0) size 20x1
