layer at (0,0) size 288x15942
  RenderView at (0,0) size 96x26
layer at (0,0) size 288x15942
  RenderBlock {HTML} at (0,0) size 96x15942
    RenderBody {BODY} at (8,8) size 80x15926 [bgcolor=#CCCCCC]
      RenderBlock {P} at (0,0) size 80x80
        RenderText {#text} at (0,0) size 77x80
          text run at (0,0) width 58: "The style"
          text run at (0,16) width 77: "declarations"
          text run at (0,32) width 74: "which apply"
          text run at (0,48) width 63: "to the text"
          text run at (0,64) width 64: "below are:"
      RenderBlock {PRE} at (0,94) size 80x144
        RenderText {#text} at (0,0) size 280x144
          text run at (0,0) width 172: "P.test {background: white; font-size: 20px;"
          text run at (172,0) width 0: " "
          text run at (0,16) width 280: "        margin-left: 30px; margin-right: 10px; padding: 0; border: 0;}"
          text run at (280,16) width 0: " "
          text run at (0,32) width 156: "IMG {padding: 0; border: 0; margin: 0;}"
          text run at (156,32) width 0: " "
          text run at (0,48) width 100: "P.test IMG {float: left;}"
          text run at (100,48) width 0: " "
          text run at (0,64) width 176: "#img2 {margin-top: 30px; margin-left: 30px;}"
          text run at (176,64) width 0: " "
          text run at (0,80) width 184: "#img3 {margin-top: -30px; margin-left: -30px;}"
          text run at (184,80) width 0: " "
          text run at (0,96) width 192: "#img4 {margin-right: 30px; margin-bottom: 30px;}"
          text run at (192,96) width 0: " "
          text run at (0,112) width 200: "#img5 {margin-right: -30px; margin-bottom: -30px;}"
          text run at (200,112) width 0: " "
          text run at (0,128) width 0: " "
      RenderBlock {HR} at (0,252) size 80x2 [border: (1px inset #000000)]
      RenderBlock {P} at (30,274) size 40x1173 [bgcolor=#FFFFFF]
        RenderText {#text} at (0,0) size 102x1172
          text run at (0,0) width 35: "This"
          text run at (0,23) width 88: "paragraph"
          text run at (0,46) width 55: "should"
          text run at (0,69) width 41: "have"
          text run at (0,92) width 11: "a"
          text run at (0,115) width 44: "white"
          text run at (0,138) width 100: "background"
          text run at (0,161) width 48: "which"
          text run at (0,184) width 66: "extends"
          text run at (0,207) width 17: "to"
          text run at (0,230) width 26: "the"
          text run at (0,253) width 51: "edges"
          text run at (0,276) width 17: "of"
          text run at (0,299) width 26: "the"
          text run at (0,322) width 78: "element's"
          text run at (0,345) width 37: "box."
          text run at (0,368) width 48: "There"
          text run at (0,391) width 39: "is no"
          text run at (0,414) width 69: "padding"
          text run at (0,437) width 25: "set"
          text run at (0,460) width 21: "on"
          text run at (0,483) width 29: "this"
          text run at (0,506) width 88: "paragraph"
          text run at (0,529) width 102: "whatsoever."
          text run at (0,552) width 12: "If"
          text run at (0,575) width 26: "the"
          text run at (0,598) width 100: "background"
          text run at (0,621) width 17: "of"
          text run at (0,644) width 26: "the"
          text run at (0,667) width 46: "entire"
          text run at (0,690) width 32: "box"
          text run at (0,713) width 13: "is"
          text run at (0,736) width 27: "not"
          text run at (0,759) width 49: "white,"
          text run at (0,782) width 29: "this"
          text run at (0,805) width 37: "may"
          text run at (0,828) width 50: "cause"
          text run at (0,851) width 78: "problems"
          text run at (0,874) width 34: "with"
          text run at (0,897) width 26: "the"
          text run at (0,920) width 75: "following"
          text run at (0,943) width 45: "tests;"
          text run at (0,966) width 17: "at"
          text run at (0,989) width 31: "any"
          text run at (0,1012) width 38: "rate,"
          text run at (0,1035) width 10: "it"
          text run at (0,1058) width 41: "must"
          text run at (0,1081) width 21: "be"
          text run at (0,1104) width 46: "taken"
          text run at (0,1127) width 31: "into"
          text run at (0,1150) width 73: "account."
      RenderBlock {P} at (30,1467) size 40x1486 [bgcolor=#FFFFFF]
        RenderImage {IMG} at (0,0) size 60x60
        RenderText {#text} at (0,60) size 105x1425
          text run at (0,60) width 32: "The"
          text run at (0,83) width 52: "image"
          text run at (0,106) width 14: "in"
          text run at (0,129) width 26: "the"
          text run at (0,152) width 48: "upper"
          text run at (0,175) width 26: "left"
          text run at (0,198) width 53: "corner"
          text run at (0,221) width 17: "of"
          text run at (0,244) width 29: "this"
          text run at (0,267) width 88: "paragraph"
          text run at (0,290) width 55: "should"
          text run at (0,313) width 21: "be"
          text run at (0,336) width 59: "floated"
          text run at (0,359) width 31: "left,"
          text run at (0,382) width 32: "and"
          text run at (0,405) width 62: "nothing"
          text run at (0,428) width 48: "more."
          text run at (0,451) width 32: "The"
          text run at (0,474) width 51: "edges"
          text run at (0,497) width 17: "of"
          text run at (0,520) width 26: "the"
          text run at (0,543) width 44: "white"
          text run at (0,566) width 100: "background"
          text run at (0,589) width 55: "should"
          text run at (0,612) width 28: "line"
          text run at (0,635) width 21: "up"
          text run at (0,658) width 34: "with"
          text run at (0,681) width 26: "the"
          text run at (0,704) width 28: "top"
          text run at (0,727) width 32: "and"
          text run at (0,750) width 26: "left"
          text run at (0,773) width 51: "edges"
          text run at (0,796) width 17: "of"
          text run at (0,819) width 26: "the"
          text run at (0,842) width 57: "image."
          text run at (0,865) width 35: "This"
          text run at (0,888) width 88: "paragraph"
          text run at (0,911) width 55: "should"
          text run at (0,934) width 41: "have"
          text run at (0,957) width 11: "a"
          text run at (0,980) width 44: "white"
          text run at (0,1003) width 105: "background,"
          text run at (0,1026) width 31: "first"
          text run at (0,1049) width 17: "of"
          text run at (0,1072) width 24: "all,"
          text run at (0,1095) width 48: "which"
          text run at (0,1118) width 66: "extends"
          text run at (0,1141) width 17: "to"
          text run at (0,1164) width 26: "the"
          text run at (0,1187) width 51: "edges"
          text run at (0,1210) width 17: "of"
          text run at (0,1233) width 26: "the"
          text run at (0,1256) width 78: "element's"
          text run at (0,1279) width 37: "box."
          text run at (0,1302) width 48: "There"
          text run at (0,1325) width 39: "is no"
          text run at (0,1348) width 69: "padding"
          text run at (0,1371) width 25: "set"
          text run at (0,1394) width 21: "on"
          text run at (0,1417) width 29: "this"
          text run at (0,1440) width 88: "paragraph"
          text run at (0,1463) width 102: "whatsoever."
      RenderBlock {P} at (30,2973) size 40x1539 [bgcolor=#FFFFFF]
        RenderImage {IMG} at (30,30) size 60x60
        RenderText {#text} at (0,90) size 105x1448
          text run at (0,90) width 32: "The"
          text run at (0,113) width 52: "image"
          text run at (0,136) width 14: "in"
          text run at (0,159) width 26: "the"
          text run at (0,182) width 48: "upper"
          text run at (0,205) width 26: "left"
          text run at (0,228) width 53: "corner"
          text run at (0,251) width 17: "of"
          text run at (0,274) width 29: "this"
          text run at (0,297) width 88: "paragraph"
          text run at (0,320) width 55: "should"
          text run at (0,343) width 21: "be"
          text run at (0,366) width 61: "pushed"
          text run at (0,389) width 46: "down"
          text run at (0,412) width 32: "and"
          text run at (0,435) width 17: "to"
          text run at (0,458) width 26: "the"
          text run at (0,481) width 37: "right"
          text run at (0,504) width 20: "30"
          text run at (0,527) width 48: "pixels"
          text run at (0,550) width 41: "each"
          text run at (0,573) width 39: "from"
          text run at (0,596) width 26: "the"
          text run at (0,619) width 48: "upper"
          text run at (0,642) width 26: "left"
          text run at (0,665) width 53: "corner"
          text run at (0,688) width 17: "of"
          text run at (0,711) width 26: "the"
          text run at (0,734) width 100: "paragraph's"
          text run at (0,757) width 37: "box,"
          text run at (0,780) width 32: "and"
          text run at (0,803) width 70: "displace"
          text run at (0,826) width 26: "the"
          text run at (0,849) width 88: "paragraph"
          text run at (0,872) width 32: "text"
          text run at (0,895) width 103: "accordingly."
          text run at (0,918) width 35: "This"
          text run at (0,941) width 88: "paragraph"
          text run at (0,964) width 55: "should"
          text run at (0,987) width 41: "have"
          text run at (0,1010) width 11: "a"
          text run at (0,1033) width 44: "white"
          text run at (0,1056) width 105: "background,"
          text run at (0,1079) width 31: "first"
          text run at (0,1102) width 17: "of"
          text run at (0,1125) width 24: "all,"
          text run at (0,1148) width 48: "which"
          text run at (0,1171) width 66: "extends"
          text run at (0,1194) width 17: "to"
          text run at (0,1217) width 26: "the"
          text run at (0,1240) width 51: "edges"
          text run at (0,1263) width 17: "of"
          text run at (0,1286) width 26: "the"
          text run at (0,1309) width 78: "element's"
          text run at (0,1332) width 37: "box."
          text run at (0,1355) width 48: "There"
          text run at (0,1378) width 39: "is no"
          text run at (0,1401) width 69: "padding"
          text run at (0,1424) width 25: "set"
          text run at (0,1447) width 21: "on"
          text run at (0,1470) width 29: "this"
          text run at (0,1493) width 88: "paragraph"
          text run at (0,1516) width 102: "whatsoever."
      RenderBlock {P} at (30,4532) size 40x1755 [bgcolor=#FFFFFF]
        RenderImage {IMG} at (-30,-30) size 60x60
        RenderText {#text} at (0,30) size 105x1724
          text run at (0,30) width 32: "The"
          text run at (0,53) width 52: "image"
          text run at (0,76) width 14: "in"
          text run at (0,99) width 26: "the"
          text run at (0,122) width 48: "upper"
          text run at (0,145) width 26: "left"
          text run at (0,168) width 53: "corner"
          text run at (0,191) width 17: "of"
          text run at (0,214) width 29: "this"
          text run at (0,237) width 88: "paragraph"
          text run at (0,260) width 55: "should"
          text run at (0,283) width 21: "be"
          text run at (0,306) width 61: "pushed"
          text run at (0,329) width 21: "up"
          text run at (0,352) width 32: "and"
          text run at (0,375) width 17: "to"
          text run at (0,398) width 26: "the"
          text run at (0,421) width 26: "left"
          text run at (0,444) width 20: "30"
          text run at (0,467) width 48: "pixels"
          text run at (0,490) width 41: "each"
          text run at (0,513) width 39: "from"
          text run at (0,536) width 26: "the"
          text run at (0,559) width 48: "upper"
          text run at (0,582) width 26: "left"
          text run at (0,605) width 53: "corner"
          text run at (0,628) width 17: "of"
          text run at (0,651) width 26: "the"
          text run at (0,674) width 100: "paragraph's"
          text run at (0,697) width 37: "box,"
          text run at (0,720) width 35: "thus"
          text run at (0,743) width 65: "causing"
          text run at (0,766) width 26: "the"
          text run at (0,789) width 51: "edges"
          text run at (0,812) width 17: "of"
          text run at (0,835) width 26: "the"
          text run at (0,858) width 44: "white"
          text run at (0,881) width 100: "background"
          text run at (0,904) width 17: "to"
          text run at (0,927) width 40: "align"
          text run at (0,950) width 34: "with"
          text run at (0,973) width 26: "the"
          text run at (0,996) width 39: "thick"
          text run at (0,1019) width 38: "gray"
          text run at (0,1042) width 37: "lines"
          text run at (0,1065) width 14: "in"
          text run at (0,1088) width 26: "the"
          text run at (0,1111) width 57: "image."
          text run at (0,1134) width 35: "This"
          text run at (0,1157) width 88: "paragraph"
          text run at (0,1180) width 55: "should"
          text run at (0,1203) width 41: "have"
          text run at (0,1226) width 11: "a"
          text run at (0,1249) width 44: "white"
          text run at (0,1272) width 105: "background,"
          text run at (0,1295) width 31: "first"
          text run at (0,1318) width 17: "of"
          text run at (0,1341) width 24: "all,"
          text run at (0,1364) width 48: "which"
          text run at (0,1387) width 66: "extends"
          text run at (0,1410) width 17: "to"
          text run at (0,1433) width 26: "the"
          text run at (0,1456) width 51: "edges"
          text run at (0,1479) width 17: "of"
          text run at (0,1502) width 26: "the"
          text run at (0,1525) width 78: "element's"
          text run at (0,1548) width 37: "box."
          text run at (0,1571) width 48: "There"
          text run at (0,1594) width 39: "is no"
          text run at (0,1617) width 69: "padding"
          text run at (0,1640) width 25: "set"
          text run at (0,1663) width 21: "on"
          text run at (0,1686) width 29: "this"
          text run at (0,1709) width 88: "paragraph"
          text run at (0,1732) width 102: "whatsoever."
      RenderBlock {P} at (30,6307) size 40x1999 [bgcolor=#FFFFFF]
        RenderImage {IMG} at (0,0) size 60x60
        RenderText {#text} at (0,90) size 105x1908
          text run at (0,90) width 32: "The"
          text run at (0,113) width 52: "image"
          text run at (0,136) width 14: "in"
          text run at (0,159) width 26: "the"
          text run at (0,182) width 48: "upper"
          text run at (0,205) width 26: "left"
          text run at (0,228) width 53: "corner"
          text run at (0,251) width 17: "of"
          text run at (0,274) width 29: "this"
          text run at (0,297) width 88: "paragraph"
          text run at (0,320) width 55: "should"
          text run at (0,343) width 21: "be"
          text run at (0,366) width 59: "floated"
          text run at (0,389) width 31: "left,"
          text run at (0,412) width 32: "and"
          text run at (0,435) width 26: "the"
          text run at (0,458) width 51: "edges"
          text run at (0,481) width 17: "of"
          text run at (0,504) width 26: "the"
          text run at (0,527) width 44: "white"
          text run at (0,550) width 100: "background"
          text run at (0,573) width 55: "should"
          text run at (0,596) width 28: "line"
          text run at (0,619) width 21: "up"
          text run at (0,642) width 34: "with"
          text run at (0,665) width 26: "the"
          text run at (0,688) width 28: "top"
          text run at (0,711) width 32: "and"
          text run at (0,734) width 26: "left"
          text run at (0,757) width 51: "edges"
          text run at (0,780) width 17: "of"
          text run at (0,803) width 26: "the"
          text run at (0,826) width 57: "image."
          text run at (0,849) width 80: "However,"
          text run at (0,872) width 42: "there"
          text run at (0,895) width 55: "should"
          text run at (0,918) width 21: "be"
          text run at (0,941) width 20: "30"
          text run at (0,964) width 48: "pixels"
          text run at (0,987) width 17: "of"
          text run at (0,1010) width 51: "space"
          text run at (0,1033) width 71: "between"
          text run at (0,1056) width 26: "the"
          text run at (0,1079) width 37: "right"
          text run at (0,1102) width 32: "and"
          text run at (0,1125) width 61: "bottom"
          text run at (0,1148) width 51: "edges"
          text run at (0,1171) width 17: "of"
          text run at (0,1194) width 26: "the"
          text run at (0,1217) width 52: "image"
          text run at (0,1240) width 32: "and"
          text run at (0,1263) width 26: "the"
          text run at (0,1286) width 88: "paragraph"
          text run at (0,1309) width 32: "text"
          text run at (0,1332) width 59: "around"
          text run at (0,1355) width 15: "it."
          text run at (0,1378) width 35: "This"
          text run at (0,1401) width 88: "paragraph"
          text run at (0,1424) width 55: "should"
          text run at (0,1447) width 41: "have"
          text run at (0,1470) width 11: "a"
          text run at (0,1493) width 44: "white"
          text run at (0,1516) width 105: "background,"
          text run at (0,1539) width 31: "first"
          text run at (0,1562) width 17: "of"
          text run at (0,1585) width 24: "all,"
          text run at (0,1608) width 48: "which"
          text run at (0,1631) width 66: "extends"
          text run at (0,1654) width 17: "to"
          text run at (0,1677) width 26: "the"
          text run at (0,1700) width 51: "edges"
          text run at (0,1723) width 17: "of"
          text run at (0,1746) width 26: "the"
          text run at (0,1769) width 78: "element's"
          text run at (0,1792) width 37: "box."
          text run at (0,1815) width 48: "There"
          text run at (0,1838) width 39: "is no"
          text run at (0,1861) width 69: "padding"
          text run at (0,1884) width 25: "set"
          text run at (0,1907) width 21: "on"
          text run at (0,1930) width 29: "this"
          text run at (0,1953) width 88: "paragraph"
          text run at (0,1976) width 102: "whatsoever."
      RenderBlock {P} at (30,8326) size 40x1893 [bgcolor=#FFFFFF]
        RenderImage {IMG} at (0,0) size 60x60
        RenderText {#text} at (0,30) size 105x1862
          text run at (0,30) width 32: "The"
          text run at (0,53) width 52: "image"
          text run at (0,76) width 14: "in"
          text run at (0,99) width 26: "the"
          text run at (0,122) width 48: "upper"
          text run at (0,145) width 26: "left"
          text run at (0,168) width 53: "corner"
          text run at (0,191) width 17: "of"
          text run at (0,214) width 29: "this"
          text run at (0,237) width 88: "paragraph"
          text run at (0,260) width 55: "should"
          text run at (0,283) width 21: "be"
          text run at (0,306) width 59: "floated"
          text run at (0,329) width 31: "left,"
          text run at (0,352) width 32: "and"
          text run at (0,375) width 26: "the"
          text run at (0,398) width 51: "edges"
          text run at (0,421) width 17: "of"
          text run at (0,444) width 26: "the"
          text run at (0,467) width 44: "white"
          text run at (0,490) width 100: "background"
          text run at (0,513) width 55: "should"
          text run at (0,536) width 28: "line"
          text run at (0,559) width 21: "up"
          text run at (0,582) width 34: "with"
          text run at (0,605) width 26: "the"
          text run at (0,628) width 28: "top"
          text run at (0,651) width 32: "and"
          text run at (0,674) width 26: "left"
          text run at (0,697) width 51: "edges"
          text run at (0,720) width 17: "of"
          text run at (0,743) width 26: "the"
          text run at (0,766) width 57: "image."
          text run at (0,789) width 80: "However,"
          text run at (0,812) width 26: "the"
          text run at (0,835) width 32: "text"
          text run at (0,858) width 55: "should"
          text run at (0,881) width 63: "overlap"
          text run at (0,904) width 26: "the"
          text run at (0,927) width 64: "image's"
          text run at (0,950) width 37: "right"
          text run at (0,973) width 32: "and"
          text run at (0,996) width 61: "bottom"
          text run at (0,1019) width 48: "sides,"
          text run at (0,1042) width 43: "lining"
          text run at (0,1065) width 21: "up"
          text run at (0,1088) width 34: "with"
          text run at (0,1111) width 26: "the"
          text run at (0,1134) width 39: "thick"
          text run at (0,1157) width 38: "gray"
          text run at (0,1180) width 37: "lines"
          text run at (0,1203) width 14: "in"
          text run at (0,1226) width 26: "the"
          text run at (0,1249) width 57: "image."
          text run at (0,1272) width 35: "This"
          text run at (0,1295) width 88: "paragraph"
          text run at (0,1318) width 55: "should"
          text run at (0,1341) width 41: "have"
          text run at (0,1364) width 11: "a"
          text run at (0,1387) width 44: "white"
          text run at (0,1410) width 105: "background,"
          text run at (0,1433) width 31: "first"
          text run at (0,1456) width 17: "of"
          text run at (0,1479) width 24: "all,"
          text run at (0,1502) width 48: "which"
          text run at (0,1525) width 66: "extends"
          text run at (0,1548) width 17: "to"
          text run at (0,1571) width 26: "the"
          text run at (0,1594) width 51: "edges"
          text run at (0,1617) width 17: "of"
          text run at (0,1640) width 26: "the"
          text run at (0,1663) width 78: "element's"
          text run at (0,1686) width 37: "box."
          text run at (0,1709) width 48: "There"
          text run at (0,1732) width 39: "is no"
          text run at (0,1755) width 69: "padding"
          text run at (0,1778) width 25: "set"
          text run at (0,1801) width 21: "on"
          text run at (0,1824) width 29: "this"
          text run at (0,1847) width 88: "paragraph"
          text run at (0,1870) width 102: "whatsoever."
      RenderTable {TABLE} at (0,10239) size 167x5687 [border: (1px outset #808080)]
        RenderTableSection {TBODY} at (1,1) size 165x5685
          RenderTableRow {TR} at (0,0) size 165x24
            RenderTableCell {TD} at (0,0) size 165x24 [bgcolor=#C0C0C0] [border: (1px inset #808080)] [r=0 c=0 rs=1 cs=2]
              RenderInline {STRONG} at (0,0) size 157x16
                RenderText {#text} at (4,4) size 157x16
                  text run at (4,4) width 157: "TABLE Testing Section"
          RenderTableRow {TR} at (0,24) size 165x5661
            RenderTableCell {TD} at (0,2842) size 12x24 [bgcolor=#C0C0C0] [border: (1px inset #808080)] [r=1 c=0 rs=1 cs=1]
              RenderText {#text} at (4,4) size 4x16
                text run at (4,4) width 4: " "
            RenderTableCell {TD} at (12,24) size 153x5661 [border: (1px inset #808080)] [r=1 c=1 rs=1 cs=1]
              RenderBlock {P} at (34,4) size 105x690 [bgcolor=#FFFFFF]
                RenderText {#text} at (0,0) size 104x689
                  text run at (0,0) width 35: "This"
                  text run at (0,23) width 88: "paragraph"
                  text run at (0,46) width 101: "should have"
                  text run at (0,69) width 60: "a white"
                  text run at (0,92) width 100: "background"
                  text run at (0,115) width 48: "which"
                  text run at (0,138) width 88: "extends to"
                  text run at (0,161) width 104: "the edges of"
                  text run at (0,184) width 26: "the"
                  text run at (0,207) width 78: "element's"
                  text run at (0,230) width 42: "box. "
                  text run at (42,230) width 48: "There"
                  text run at (0,253) width 39: "is no"
                  text run at (0,276) width 99: "padding set"
                  text run at (0,299) width 55: "on this"
                  text run at (0,322) width 88: "paragraph"
                  text run at (0,345) width 102: "whatsoever."
                  text run at (0,368) width 43: "If the"
                  text run at (0,391) width 100: "background"
                  text run at (0,414) width 99: "of the entire"
                  text run at (0,437) width 82: "box is not"
                  text run at (0,460) width 83: "white, this"
                  text run at (0,483) width 92: "may cause"
                  text run at (0,506) width 78: "problems"
                  text run at (0,529) width 65: "with the"
                  text run at (0,552) width 75: "following"
                  text run at (0,575) width 103: "tests; at any"
                  text run at (0,598) width 99: "rate, it must"
                  text run at (0,621) width 72: "be taken"
                  text run at (0,644) width 31: "into"
                  text run at (0,667) width 73: "account."
              RenderBlock {P} at (34,714) size 105x819 [bgcolor=#FFFFFF]
                RenderImage {IMG} at (0,0) size 60x60
                RenderText {#text} at (60,0) size 105x818
                  text run at (60,0) width 32: "The"
                  text run at (0,60) width 102: "image in the"
                  text run at (0,83) width 79: "upper left"
                  text run at (0,106) width 75: "corner of"
                  text run at (0,129) width 29: "this"
                  text run at (0,152) width 88: "paragraph"
                  text run at (0,175) width 81: "should be"
                  text run at (0,198) width 95: "floated left,"
                  text run at (0,221) width 99: "and nothing"
                  text run at (0,244) width 53: "more. "
                  text run at (53,244) width 32: "The"
                  text run at (0,267) width 104: "edges of the"
                  text run at (0,290) width 44: "white"
                  text run at (0,313) width 100: "background"
                  text run at (0,336) width 88: "should line"
                  text run at (0,359) width 91: "up with the"
                  text run at (0,382) width 96: "top and left"
                  text run at (0,405) width 104: "edges of the"
                  text run at (0,428) width 62: "image. "
                  text run at (62,428) width 35: "This"
                  text run at (0,451) width 88: "paragraph"
                  text run at (0,474) width 101: "should have"
                  text run at (0,497) width 60: "a white"
                  text run at (0,520) width 105: "background,"
                  text run at (0,543) width 82: "first of all,"
                  text run at (0,566) width 48: "which"
                  text run at (0,589) width 88: "extends to"
                  text run at (0,612) width 104: "the edges of"
                  text run at (0,635) width 26: "the"
                  text run at (0,658) width 78: "element's"
                  text run at (0,681) width 42: "box. "
                  text run at (42,681) width 48: "There"
                  text run at (0,704) width 39: "is no"
                  text run at (0,727) width 99: "padding set"
                  text run at (0,750) width 55: "on this"
                  text run at (0,773) width 88: "paragraph"
                  text run at (0,796) width 102: "whatsoever."
              RenderBlock {P} at (34,1553) size 105x941 [bgcolor=#FFFFFF]
                RenderImage {IMG} at (30,30) size 60x60
                RenderText {#text} at (0,90) size 105x850
                  text run at (0,90) width 89: "The image"
                  text run at (0,113) width 98: "in the upper"
                  text run at (0,136) width 84: "left corner"
                  text run at (0,159) width 51: "of this"
                  text run at (0,182) width 88: "paragraph"
                  text run at (0,205) width 81: "should be"
                  text run at (0,228) width 61: "pushed"
                  text run at (0,251) width 105: "down and to"
                  text run at (0,274) width 93: "the right 30"
                  text run at (0,297) width 94: "pixels each"
                  text run at (0,320) width 70: "from the"
                  text run at (0,343) width 79: "upper left"
                  text run at (0,366) width 75: "corner of"
                  text run at (0,389) width 26: "the"
                  text run at (0,412) width 100: "paragraph's"
                  text run at (0,435) width 74: "box, and"
                  text run at (0,458) width 101: "displace the"
                  text run at (0,481) width 88: "paragraph"
                  text run at (0,504) width 32: "text"
                  text run at (0,527) width 103: "accordingly."
                  text run at (0,550) width 35: "This"
                  text run at (0,573) width 88: "paragraph"
                  text run at (0,596) width 101: "should have"
                  text run at (0,619) width 60: "a white"
                  text run at (0,642) width 105: "background,"
                  text run at (0,665) width 82: "first of all,"
                  text run at (0,688) width 48: "which"
                  text run at (0,711) width 88: "extends to"
                  text run at (0,734) width 104: "the edges of"
                  text run at (0,757) width 26: "the"
                  text run at (0,780) width 78: "element's"
                  text run at (0,803) width 42: "box. "
                  text run at (42,803) width 48: "There"
                  text run at (0,826) width 39: "is no"
                  text run at (0,849) width 99: "padding set"
                  text run at (0,872) width 55: "on this"
                  text run at (0,895) width 88: "paragraph"
                  text run at (0,918) width 102: "whatsoever."
              RenderBlock {P} at (34,2514) size 105x943 [bgcolor=#FFFFFF]
                RenderImage {IMG} at (-30,-30) size 60x60
                RenderText {#text} at (30,0) size 105x942
                  text run at (30,0) width 32: "The"
                  text run at (30,23) width 71: "image in"
                  text run at (0,46) width 79: "the upper"
                  text run at (0,69) width 84: "left corner"
                  text run at (0,92) width 51: "of this"
                  text run at (0,115) width 88: "paragraph"
                  text run at (0,138) width 81: "should be"
                  text run at (0,161) width 87: "pushed up"
                  text run at (0,184) width 85: "and to the"
                  text run at (0,207) width 104: "left 30 pixels"
                  text run at (0,230) width 85: "each from"
                  text run at (0,253) width 79: "the upper"
                  text run at (0,276) width 84: "left corner"
                  text run at (0,299) width 48: "of the"
                  text run at (0,322) width 100: "paragraph's"
                  text run at (0,345) width 77: "box, thus"
                  text run at (0,368) width 96: "causing the"
                  text run at (0,391) width 104: "edges of the"
                  text run at (0,414) width 44: "white"
                  text run at (0,437) width 100: "background"
                  text run at (0,460) width 101: "to align with"
                  text run at (0,483) width 70: "the thick"
                  text run at (0,506) width 99: "gray lines in"
                  text run at (0,529) width 88: "the image."
                  text run at (0,552) width 35: "This"
                  text run at (0,575) width 88: "paragraph"
                  text run at (0,598) width 101: "should have"
                  text run at (0,621) width 60: "a white"
                  text run at (0,644) width 105: "background,"
                  text run at (0,667) width 82: "first of all,"
                  text run at (0,690) width 48: "which"
                  text run at (0,713) width 88: "extends to"
                  text run at (0,736) width 104: "the edges of"
                  text run at (0,759) width 26: "the"
                  text run at (0,782) width 78: "element's"
                  text run at (0,805) width 42: "box. "
                  text run at (42,805) width 48: "There"
                  text run at (0,828) width 39: "is no"
                  text run at (0,851) width 99: "padding set"
                  text run at (0,874) width 55: "on this"
                  text run at (0,897) width 88: "paragraph"
                  text run at (0,920) width 102: "whatsoever."
              RenderBlock {P} at (34,3477) size 105x1125 [bgcolor=#FFFFFF]
                RenderImage {IMG} at (0,0) size 60x60
                RenderText {#text} at (0,90) size 105x1034
                  text run at (0,90) width 89: "The image"
                  text run at (0,113) width 98: "in the upper"
                  text run at (0,136) width 84: "left corner"
                  text run at (0,159) width 51: "of this"
                  text run at (0,182) width 88: "paragraph"
                  text run at (0,205) width 81: "should be"
                  text run at (0,228) width 95: "floated left,"
                  text run at (0,251) width 63: "and the"
                  text run at (0,274) width 104: "edges of the"
                  text run at (0,297) width 44: "white"
                  text run at (0,320) width 100: "background"
                  text run at (0,343) width 88: "should line"
                  text run at (0,366) width 91: "up with the"
                  text run at (0,389) width 96: "top and left"
                  text run at (0,412) width 104: "edges of the"
                  text run at (0,435) width 57: "image."
                  text run at (0,458) width 80: "However,"
                  text run at (0,481) width 102: "there should"
                  text run at (0,504) width 99: "be 30 pixels"
                  text run at (0,527) width 73: "of space"
                  text run at (0,550) width 102: "between the"
                  text run at (0,573) width 74: "right and"
                  text run at (0,596) width 61: "bottom"
                  text run at (0,619) width 104: "edges of the"
                  text run at (0,642) width 89: "image and"
                  text run at (0,665) width 26: "the"
                  text run at (0,688) width 88: "paragraph"
                  text run at (0,711) width 96: "text around"
                  text run at (0,734) width 20: "it. "
                  text run at (20,734) width 35: "This"
                  text run at (0,757) width 88: "paragraph"
                  text run at (0,780) width 101: "should have"
                  text run at (0,803) width 60: "a white"
                  text run at (0,826) width 105: "background,"
                  text run at (0,849) width 82: "first of all,"
                  text run at (0,872) width 48: "which"
                  text run at (0,895) width 88: "extends to"
                  text run at (0,918) width 104: "the edges of"
                  text run at (0,941) width 26: "the"
                  text run at (0,964) width 78: "element's"
                  text run at (0,987) width 42: "box. "
                  text run at (42,987) width 48: "There"
                  text run at (0,1010) width 39: "is no"
                  text run at (0,1033) width 99: "padding set"
                  text run at (0,1056) width 55: "on this"
                  text run at (0,1079) width 88: "paragraph"
                  text run at (0,1102) width 102: "whatsoever."
              RenderBlock {P} at (34,4622) size 105x1035 [bgcolor=#FFFFFF]
                RenderImage {IMG} at (0,0) size 60x60
                RenderText {#text} at (30,0) size 105x1034
                  text run at (30,0) width 32: "The"
                  text run at (30,23) width 71: "image in"
                  text run at (0,46) width 79: "the upper"
                  text run at (0,69) width 84: "left corner"
                  text run at (0,92) width 51: "of this"
                  text run at (0,115) width 88: "paragraph"
                  text run at (0,138) width 81: "should be"
                  text run at (0,161) width 95: "floated left,"
                  text run at (0,184) width 63: "and the"
                  text run at (0,207) width 104: "edges of the"
                  text run at (0,230) width 44: "white"
                  text run at (0,253) width 100: "background"
                  text run at (0,276) width 88: "should line"
                  text run at (0,299) width 91: "up with the"
                  text run at (0,322) width 96: "top and left"
                  text run at (0,345) width 104: "edges of the"
                  text run at (0,368) width 57: "image."
                  text run at (0,391) width 80: "However,"
                  text run at (0,414) width 63: "the text"
                  text run at (0,437) width 55: "should"
                  text run at (0,460) width 94: "overlap the"
                  text run at (0,483) width 64: "image's"
                  text run at (0,506) width 74: "right and"
                  text run at (0,529) width 61: "bottom"
                  text run at (0,552) width 96: "sides, lining"
                  text run at (0,575) width 91: "up with the"
                  text run at (0,598) width 82: "thick gray"
                  text run at (0,621) width 87: "lines in the"
                  text run at (0,644) width 62: "image. "
                  text run at (62,644) width 35: "This"
                  text run at (0,667) width 88: "paragraph"
                  text run at (0,690) width 101: "should have"
                  text run at (0,713) width 60: "a white"
                  text run at (0,736) width 105: "background,"
                  text run at (0,759) width 82: "first of all,"
                  text run at (0,782) width 48: "which"
                  text run at (0,805) width 88: "extends to"
                  text run at (0,828) width 104: "the edges of"
                  text run at (0,851) width 26: "the"
                  text run at (0,874) width 78: "element's"
                  text run at (0,897) width 42: "box. "
                  text run at (42,897) width 48: "There"
                  text run at (0,920) width 39: "is no"
                  text run at (0,943) width 99: "padding set"
                  text run at (0,966) width 55: "on this"
                  text run at (0,989) width 88: "paragraph"
                  text run at (0,1012) width 102: "whatsoever."
