layer at (0,0) size 800x933
  RenderView at (0,0) size 800x600
layer at (0,0) size 800x933
  RenderBlock {HTML} at (0,0) size 800x933
    RenderBody {BODY} at (8,8) size 784x917 [bgcolor=#CCCCCC]
      RenderBlock {P} at (0,0) size 784x16
        RenderText {#text} at (0,0) size 352x16
          text run at (0,0) width 352: "The style declarations which apply to the text below are:"
      RenderBlock {PRE} at (0,30) size 784x48
        RenderText {#text} at (0,0) size 84x48
          text run at (0,0) width 80: ".one {height: 50px;}"
          text run at (80,0) width 0: " "
          text run at (0,16) width 84: ".two {height: 100px;}"
          text run at (84,16) width 0: " "
          text run at (0,32) width 0: " "
      RenderBlock {HR} at (0,92) size 784x2 [border: (1px inset #000000)]
      RenderBlock (anonymous) at (0,101) size 784x50
        RenderImage {IMG} at (0,0) size 50x50
        RenderText {#text} at (0,0) size 0x0
      RenderBlock {P} at (0,165) size 784x16
        RenderText {#text} at (0,0) size 269x16
          text run at (0,0) width 269: "The square above should be fifty pixels tall."
      RenderBlock (anonymous) at (0,195) size 784x100
        RenderImage {IMG} at (0,0) size 100x100
        RenderText {#text} at (0,0) size 0x0
      RenderBlock {P} at (0,309) size 784x16
        RenderText {#text} at (0,0) size 332x16
          text run at (0,0) width 332: "The square above should be 100 pixels tall and wide."
      RenderBlock (anonymous) at (0,339) size 784x100
        RenderImage {IMG} at (0,0) size 30x100
        RenderText {#text} at (0,0) size 0x0
      RenderBlock {P} at (0,453) size 784x32
        RenderText {#text} at (0,0) size 783x32
          text run at (0,0) width 783: "The rectangular image above should be 100 pixels tall and 30 pixels wide (the original image is 50x15, and the size has been"
          text run at (0,16) width 114: "doubled using the "
        RenderInline {CODE} at (0,0) size 24x16
          RenderText {#text} at (114,16) size 24x16
            text run at (114,16) width 24: "height"
        RenderText {#text} at (138,16) size 65x16
          text run at (138,16) width 65: " property)."
      RenderTable {TABLE} at (0,499) size 784x418 [border: (1px outset #808080)]
        RenderTableSection {TBODY} at (1,1) size 782x416
          RenderTableRow {TR} at (0,0) size 782x24
            RenderTableCell {TD} at (0,0) size 782x24 [bgcolor=#C0C0C0] [border: (1px inset #808080)] [r=0 c=0 rs=1 cs=2]
              RenderInline {STRONG} at (0,0) size 157x16
                RenderText {#text} at (4,4) size 157x16
                  text run at (4,4) width 157: "TABLE Testing Section"
          RenderTableRow {TR} at (0,24) size 782x392
            RenderTableCell {TD} at (0,208) size 12x24 [bgcolor=#C0C0C0] [border: (1px inset #808080)] [r=1 c=0 rs=1 cs=1]
              RenderText {#text} at (4,4) size 4x16
                text run at (4,4) width 4: " "
            RenderTableCell {TD} at (12,24) size 770x392 [border: (1px inset #808080)] [r=1 c=1 rs=1 cs=1]
              RenderBlock (anonymous) at (4,4) size 762x50
                RenderImage {IMG} at (0,0) size 50x50
                RenderText {#text} at (0,0) size 0x0
              RenderBlock {P} at (4,68) size 762x16
                RenderText {#text} at (0,0) size 269x16
                  text run at (0,0) width 269: "The square above should be fifty pixels tall."
              RenderBlock (anonymous) at (4,98) size 762x100
                RenderImage {IMG} at (0,0) size 100x100
                RenderText {#text} at (0,0) size 0x0
              RenderBlock {P} at (4,212) size 762x16
                RenderText {#text} at (0,0) size 332x16
                  text run at (0,0) width 332: "The square above should be 100 pixels tall and wide."
              RenderBlock (anonymous) at (4,242) size 762x100
                RenderImage {IMG} at (0,0) size 30x100
                RenderText {#text} at (0,0) size 0x0
              RenderBlock {P} at (4,356) size 762x32
                RenderText {#text} at (0,0) size 748x32
                  text run at (0,0) width 748: "The rectangular image above should be 100 pixels tall and 30 pixels wide (the original image is 50x15, and the size has"
                  text run at (0,16) width 149: "been doubled using the "
                RenderInline {CODE} at (0,0) size 24x16
                  RenderText {#text} at (149,16) size 24x16
                    text run at (149,16) width 24: "height"
                RenderText {#text} at (173,16) size 65x16
                  text run at (173,16) width 65: " property)."
