layer at (0,0) size 800x615
  RenderView at (0,0) size 800x600
layer at (0,0) size 800x615
  RenderBlock {HTML} at (0,0) size 800x615
    RenderBody {BODY} at (8,8) size 784x599 [bgcolor=#CCCCCC]
      RenderBlock {P} at (0,0) size 784x16
        RenderText {#text} at (0,0) size 352x16
          text run at (0,0) width 352: "The style declarations which apply to the text below are:"
      RenderBlock {PRE} at (0,30) size 784x48
        RenderText {#text} at (0,0) size 180x48
          text run at (0,0) width 176: ".zero {background-color: silver; margin: 0;}"
          text run at (176,0) width 0: " "
          text run at (0,16) width 176: ".one {margin: 25px; background-color: aqua;}"
          text run at (176,16) width 0: " "
          text run at (0,32) width 180: ".two {margin: -10px; background-color: aqua;}"
          text run at (180,32) width 0: " "
      RenderBlock {HR} at (0,92) size 784x2 [border: (1px inset #000000)]
      RenderBlock {P} at (0,101) size 784x16 [bgcolor=#C0C0C0]
        RenderText {#text} at (0,0) size 207x16
          text run at (0,0) width 207: "This element has a class of zero."
      RenderBlock {P} at (0,131) size 784x64 [bgcolor=#808080]
        RenderText {#text} at (0,0) size 477x16
          text run at (0,0) width 388: "This element is unstyled save for a background color of gray.. "
          text run at (388,0) width 89: "It contains an "
        RenderInline {SPAN} at (0,0) size 767x32 [bgcolor=#00FFFF]
          RenderText {#text} at (502,0) size 143x16
            text run at (502,0) width 143: "inline element of class "
          RenderInline {TT} at (0,0) size 12x16
            RenderText {#text} at (645,0) size 12x16
              text run at (645,0) width 12: "one"
          RenderText {#text} at (657,0) size 767x32
            text run at (657,0) width 110: ", giving it an aqua"
            text run at (0,16) width 195: "background and a 25px margin"
        RenderText {#text} at (220,16) size 784x48
          text run at (220,16) width 7: ". "
          text run at (227,16) width 527: "Margins on inline elements does not affect line-height calculations, so all lines in this"
          text run at (0,32) width 268: "element should have the same line-height. "
          text run at (268,32) width 516: "However, there should be a 25px margin to the left side of the inline box in the first"
          text run at (0,48) width 677: "line it appears, and a 25px margin to the right side of the inline element box in the last line where it appears."
      RenderBlock {P} at (0,209) size 784x16 [bgcolor=#C0C0C0]
        RenderText {#text} at (0,0) size 207x16
          text run at (0,0) width 207: "This element has a class of zero."
      RenderBlock {P} at (0,239) size 784x64 [bgcolor=#808080]
        RenderText {#text} at (0,0) size 477x16
          text run at (0,0) width 388: "This element is unstyled save for a background color of gray.. "
          text run at (388,0) width 89: "It contains an "
        RenderInline {SPAN} at (0,0) size 732x32 [bgcolor=#00FFFF]
          RenderText {#text} at (467,0) size 143x16
            text run at (467,0) width 143: "inline element of class "
          RenderInline {TT} at (0,0) size 12x16
            RenderText {#text} at (610,0) size 12x16
              text run at (610,0) width 12: "two"
          RenderText {#text} at (622,0) size 732x32
            text run at (622,0) width 110: ", giving it an aqua"
            text run at (0,16) width 199: "background and a -10px margin"
        RenderText {#text} at (189,16) size 777x48
          text run at (189,16) width 7: ". "
          text run at (196,16) width 581: "Margins on inline elements does not affect line-height calculations, so all lines in this element"
          text run at (0,32) width 214: "should have the same line-height. "
          text run at (214,32) width 557: "However, there should be a -10px margin to the left side of the inline box in the first line it"
          text run at (0,48) width 644: "appears, and a -10px margin to the right side of the inline element box in the last line where it appears."
      RenderBlock {P} at (0,317) size 784x16 [bgcolor=#C0C0C0]
        RenderText {#text} at (0,0) size 207x16
          text run at (0,0) width 207: "This element has a class of zero."
      RenderTable {TABLE} at (0,333) size 784x266 [border: (1px outset #808080)]
        RenderTableSection {TBODY} at (1,1) size 782x264
          RenderTableRow {TR} at (0,0) size 782x24
            RenderTableCell {TD} at (0,0) size 782x24 [bgcolor=#C0C0C0] [border: (1px inset #808080)] [r=0 c=0 rs=1 cs=2]
              RenderInline {STRONG} at (0,0) size 157x16
                RenderText {#text} at (4,4) size 157x16
                  text run at (4,4) width 157: "TABLE Testing Section"
          RenderTableRow {TR} at (0,24) size 782x240
            RenderTableCell {TD} at (0,132) size 12x24 [bgcolor=#C0C0C0] [border: (1px inset #808080)] [r=1 c=0 rs=1 cs=1]
              RenderText {#text} at (4,4) size 4x16
                text run at (4,4) width 4: " "
            RenderTableCell {TD} at (12,24) size 770x240 [border: (1px inset #808080)] [r=1 c=1 rs=1 cs=1]
              RenderBlock {P} at (4,4) size 762x16 [bgcolor=#C0C0C0]
                RenderText {#text} at (0,0) size 207x16
                  text run at (0,0) width 207: "This element has a class of zero."
              RenderBlock {P} at (4,34) size 762x64 [bgcolor=#808080]
                RenderText {#text} at (0,0) size 477x16
                  text run at (0,0) width 388: "This element is unstyled save for a background color of gray.. "
                  text run at (388,0) width 89: "It contains an "
                RenderInline {SPAN} at (0,0) size 732x32 [bgcolor=#00FFFF]
                  RenderText {#text} at (502,0) size 143x16
                    text run at (502,0) width 143: "inline element of class "
                  RenderInline {TT} at (0,0) size 12x16
                    RenderText {#text} at (645,0) size 12x16
                      text run at (645,0) width 12: "one"
                  RenderText {#text} at (657,0) size 732x32
                    text run at (657,0) width 75: ", giving it an"
                    text run at (0,16) width 230: "aqua background and a 25px margin"
                RenderText {#text} at (255,16) size 759x48
                  text run at (255,16) width 7: ". "
                  text run at (262,16) width 486: "Margins on inline elements does not affect line-height calculations, so all lines"
                  text run at (0,32) width 309: "in this element should have the same line-height. "
                  text run at (309,32) width 450: "However, there should be a 25px margin to the left side of the inline box"
                  text run at (0,48) width 743: "in the first line it appears, and a 25px margin to the right side of the inline element box in the last line where it appears."
              RenderBlock {P} at (4,112) size 762x16 [bgcolor=#C0C0C0]
                RenderText {#text} at (0,0) size 207x16
                  text run at (0,0) width 207: "This element has a class of zero."
              RenderBlock {P} at (4,142) size 762x64 [bgcolor=#808080]
                RenderText {#text} at (0,0) size 477x16
                  text run at (0,0) width 388: "This element is unstyled save for a background color of gray.. "
                  text run at (388,0) width 89: "It contains an "
                RenderInline {SPAN} at (0,0) size 732x32 [bgcolor=#00FFFF]
                  RenderText {#text} at (467,0) size 143x16
                    text run at (467,0) width 143: "inline element of class "
                  RenderInline {TT} at (0,0) size 12x16
                    RenderText {#text} at (610,0) size 12x16
                      text run at (610,0) width 12: "two"
                  RenderText {#text} at (622,0) size 732x32
                    text run at (622,0) width 110: ", giving it an aqua"
                    text run at (0,16) width 199: "background and a -10px margin"
                RenderText {#text} at (189,16) size 761x48
                  text run at (189,16) width 7: ". "
                  text run at (196,16) width 527: "Margins on inline elements does not affect line-height calculations, so all lines in this"
                  text run at (0,32) width 268: "element should have the same line-height. "
                  text run at (268,32) width 493: "However, there should be a -10px margin to the left side of the inline box in the"
                  text run at (0,48) width 708: "first line it appears, and a -10px margin to the right side of the inline element box in the last line where it appears."
              RenderBlock {P} at (4,220) size 762x16 [bgcolor=#C0C0C0]
                RenderText {#text} at (0,0) size 207x16
                  text run at (0,0) width 207: "This element has a class of zero."
