layer at (0,0) size 288x4256
  RenderView at (0,0) size 96x26
layer at (0,0) size 288x4256
  RenderBlock {HTML} at (0,0) size 96x4256
    RenderBody {BODY} at (8,8) size 80x4240 [bgcolor=#CCCCCC]
      RenderBlock {P} at (0,0) size 80x80
        RenderText {#text} at (0,0) size 77x80
          text run at (0,0) width 58: "The style"
          text run at (0,16) width 77: "declarations"
          text run at (0,32) width 74: "which apply"
          text run at (0,48) width 63: "to the text"
          text run at (0,64) width 64: "below are:"
      RenderBlock {PRE} at (0,94) size 80x96
        RenderText {#text} at (0,0) size 280x96
          text run at (0,0) width 276: ".zero {background-color: silver; margin-right: 0; text-align: right;}"
          text run at (276,0) width 0: " "
          text run at (0,16) width 280: ".one {margin-right: 0.5in; text-align: right; background-color: aqua;}"
          text run at (280,16) width 0: " "
          text run at (0,32) width 276: ".two {margin-right: 25px; text-align: right; background-color: aqua;}"
          text run at (276,32) width 0: " "
          text run at (0,48) width 280: ".three {margin-right: 5em; text-align: right; background-color: aqua;}"
          text run at (280,48) width 0: " "
          text run at (0,64) width 276: ".four {margin-right: 25%; text-align: right; background-color: aqua;}"
          text run at (276,64) width 0: " "
          text run at (0,80) width 208: ".five {margin-right: -10px; background-color: aqua;}"
          text run at (208,80) width 0: " "
      RenderBlock {HR} at (0,204) size 80x2 [border: (1px inset #000000)]
      RenderBlock {P} at (0,220) size 80x64 [bgcolor=#C0C0C0]
        RenderText {#text} at (53,0) size 77x64
          text run at (53,0) width 27: "This"
          text run at (3,16) width 77: "element has"
          text run at (20,32) width 60: "a class of"
          text run at (49,48) width 31: "zero."
      RenderBlock {P} at (0,298) size 32x176 [bgcolor=#00FFFF]
        RenderText {#text} at (5,0) size 58x176
          text run at (5,0) width 27: "This"
          text run at (0,16) width 58: "sentence"
          text run at (0,32) width 41: "should"
          text run at (1,48) width 31: "have"
          text run at (24,64) width 8: "a"
          text run at (4,80) width 28: "right"
          text run at (0,96) width 43: "margin"
          text run at (20,112) width 12: "of"
          text run at (9,128) width 23: "half"
          text run at (16,144) width 16: "an"
          text run at (3,160) width 29: "inch."
      RenderBlock {P} at (0,488) size 55x128 [bgcolor=#00FFFF]
        RenderText {#text} at (28,0) size 58x128
          text run at (28,0) width 27: "This"
          text run at (0,16) width 58: "sentence"
          text run at (14,32) width 41: "should"
          text run at (12,48) width 43: "have a"
          text run at (27,64) width 28: "right"
          text run at (12,80) width 43: "margin"
          text run at (23,96) width 32: "of 25"
          text run at (16,112) width 39: "pixels."
      RenderBlock {P} at (0,630) size 10x160 [bgcolor=#00FFFF]
        RenderText {#text} at (0,0) size 58x160
          text run at (0,0) width 27: "This"
          text run at (0,16) width 58: "sentence"
          text run at (0,32) width 41: "should"
          text run at (0,48) width 31: "have"
          text run at (2,64) width 8: "a"
          text run at (0,80) width 28: "right"
          text run at (0,96) width 43: "margin"
          text run at (0,112) width 12: "of"
          text run at (2,128) width 8: "5"
          text run at (0,144) width 22: "em."
      RenderBlock {P} at (0,804) size 60x256 [bgcolor=#00FFFF]
        RenderText {#text} at (33,0) size 63x256
          text run at (33,0) width 27: "This"
          text run at (2,16) width 58: "sentence"
          text run at (19,32) width 41: "should"
          text run at (17,48) width 43: "have a"
          text run at (32,64) width 28: "right"
          text run at (1,80) width 59: "margin of"
          text run at (29,96) width 31: "25%,"
          text run at (10,112) width 50: "which is"
          text run at (0,128) width 63: "calculated"
          text run at (35,144) width 25: "with"
          text run at (13,160) width 47: "respect"
          text run at (24,176) width 36: "to the"
          text run at (11,192) width 49: "width of"
          text run at (40,208) width 20: "the"
          text run at (19,224) width 41: "parent"
          text run at (7,240) width 53: "element."
      RenderBlock {UL} at (0,1074) size 55x1328 [bgcolor=#808080]
        RenderListItem {LI} at (40,0) size 15x352
          RenderListMarker at (-16,0) size 6x16: bullet
          RenderText {#text} at (0,0) size 73x352
            text run at (0,0) width 25: "The"
            text run at (0,16) width 28: "right"
            text run at (0,32) width 43: "margin"
            text run at (0,48) width 16: "on"
            text run at (0,64) width 22: "this"
            text run at (0,80) width 65: "unordered"
            text run at (0,96) width 17: "list"
            text run at (0,112) width 23: "has"
            text run at (0,128) width 31: "been"
            text run at (0,144) width 19: "set"
            text run at (3,160) width 12: "to"
            text run at (0,176) width 16: "25"
            text run at (0,192) width 39: "pixels,"
            text run at (0,208) width 24: "and"
            text run at (0,224) width 20: "the"
            text run at (0,240) width 73: "background"
            text run at (0,256) width 31: "color"
            text run at (0,272) width 23: "has"
            text run at (0,288) width 31: "been"
            text run at (0,304) width 19: "set"
            text run at (3,320) width 12: "to"
            text run at (0,336) width 31: "gray."
        RenderListItem {LI} at (40,352) size 0x880 [bgcolor=#FFFFFF]
          RenderListMarker at (-16,0) size 6x16: bullet
          RenderText {#text} at (0,0) size 77x880
            text run at (0,0) width 50: "Another"
            text run at (0,16) width 17: "list"
            text run at (0,32) width 26: "item"
            text run at (0,48) width 34: "might"
            text run at (0,64) width 20: "not"
            text run at (0,80) width 15: "be"
            text run at (0,96) width 29: "such"
            text run at (0,112) width 8: "a"
            text run at (0,128) width 23: "bad"
            text run at (0,144) width 30: "idea,"
            text run at (0,160) width 39: "either,"
            text run at (0,176) width 73: "considering"
            text run at (0,192) width 24: "that"
            text run at (0,208) width 29: "such"
            text run at (0,224) width 38: "things"
            text run at (0,240) width 16: "do"
            text run at (0,256) width 32: "need"
            text run at (0,272) width 12: "to"
            text run at (0,288) width 15: "be"
            text run at (0,304) width 45: "double-"
            text run at (0,320) width 56: "checked."
            text run at (0,336) width 27: "This"
            text run at (0,352) width 17: "list"
            text run at (0,368) width 26: "item"
            text run at (0,384) width 23: "has"
            text run at (0,400) width 14: "its"
            text run at (0,416) width 28: "right"
            text run at (0,432) width 43: "margin"
            text run at (0,448) width 26: "also"
            text run at (0,464) width 19: "set"
            text run at (0,480) width 12: "to"
            text run at (0,496) width 16: "25"
            text run at (0,512) width 39: "pixels,"
            text run at (0,528) width 36: "which"
            text run at (0,544) width 41: "should"
            text run at (0,560) width 52: "combine"
            text run at (0,576) width 25: "with"
            text run at (0,592) width 20: "the"
            text run at (0,608) width 27: "list's"
            text run at (0,624) width 43: "margin"
            text run at (0,640) width 12: "to"
            text run at (0,656) width 34: "make"
            text run at (0,672) width 16: "50"
            text run at (0,688) width 36: "pixels"
            text run at (0,704) width 12: "of"
            text run at (0,720) width 46: "margin,"
            text run at (0,736) width 24: "and"
            text run at (0,752) width 14: "its"
            text run at (0,768) width 77: "background-"
            text run at (0,784) width 31: "color"
            text run at (0,800) width 23: "has"
            text run at (0,816) width 31: "been"
            text run at (0,832) width 19: "set"
            text run at (0,848) width 12: "to"
            text run at (0,864) width 36: "white."
        RenderListItem {LI} at (40,1232) size 15x96
          RenderListMarker at (-16,0) size 6x16: bullet
          RenderText {#text} at (0,0) size 63x96
            text run at (0,0) width 27: "This"
            text run at (5,16) width 10: "is"
            text run at (0,32) width 16: "an"
            text run at (0,48) width 63: "unclassed"
            text run at (0,64) width 17: "list"
            text run at (0,80) width 26: "item"
      RenderBlock {P} at (0,2416) size 80x64 [bgcolor=#C0C0C0]
        RenderText {#text} at (53,0) size 77x64
          text run at (53,0) width 27: "This"
          text run at (3,16) width 77: "element has"
          text run at (20,32) width 60: "a class of"
          text run at (49,48) width 31: "zero."
      RenderBlock {P} at (0,2494) size 90x416 [bgcolor=#00FFFF]
        RenderText {#text} at (0,0) size 83x416
          text run at (0,0) width 27: "This"
          text run at (0,16) width 66: "paragraph"
          text run at (0,32) width 67: "has a right"
          text run at (0,48) width 67: "margin of -"
          text run at (0,64) width 74: "10px, which"
          text run at (0,80) width 82: "should cause"
          text run at (0,96) width 80: "it to be wider"
          text run at (0,112) width 77: "than it might"
          text run at (0,128) width 83: "otherwise be,"
          text run at (0,144) width 74: "and it has a"
          text run at (0,160) width 55: "light blue"
          text run at (0,176) width 76: "background."
          text run at (0,192) width 67: "In all other"
          text run at (0,208) width 57: "respects,"
          text run at (0,224) width 81: "however, the"
          text run at (0,240) width 50: "element"
          text run at (0,256) width 60: "should be"
          text run at (0,272) width 50: "normal. "
          text run at (50,272) width 18: "No"
          text run at (0,288) width 71: "styles have"
          text run at (0,304) width 81: "been applied"
          text run at (0,320) width 75: "to it besides"
          text run at (0,336) width 78: "the negative"
          text run at (0,352) width 75: "right margin"
          text run at (0,368) width 48: "and the"
          text run at (0,384) width 73: "background"
          text run at (0,400) width 34: "color."
      RenderTable {TABLE} at (0,2924) size 189x1316 [border: (1px outset #808080)]
        RenderTableSection {TBODY} at (1,1) size 187x1314
          RenderTableRow {TR} at (0,0) size 187x24
            RenderTableCell {TD} at (0,0) size 187x24 [bgcolor=#C0C0C0] [border: (1px inset #808080)] [r=0 c=0 rs=1 cs=2]
              RenderInline {STRONG} at (0,0) size 157x16
                RenderText {#text} at (4,4) size 157x16
                  text run at (4,4) width 157: "TABLE Testing Section"
          RenderTableRow {TR} at (0,24) size 187x1290
            RenderTableCell {TD} at (0,657) size 12x24 [bgcolor=#C0C0C0] [border: (1px inset #808080)] [r=1 c=0 rs=1 cs=1]
              RenderText {#text} at (4,4) size 4x16
                text run at (4,4) width 4: " "
            RenderTableCell {TD} at (12,24) size 175x1290 [border: (1px inset #808080)] [r=1 c=1 rs=1 cs=1]
              RenderBlock {P} at (4,4) size 167x32 [bgcolor=#C0C0C0]
                RenderText {#text} at (11,0) size 156x32
                  text run at (11,0) width 156: "This element has a class"
                  text run at (120,16) width 47: "of zero."
              RenderBlock {P} at (4,50) size 119x64 [bgcolor=#00FFFF]
                RenderText {#text} at (30,0) size 118x64
                  text run at (30,0) width 89: "This sentence"
                  text run at (31,16) width 88: "should have a"
                  text run at (1,32) width 118: "right margin of half"
                  text run at (70,48) width 49: "an inch."
              RenderBlock {P} at (4,128) size 142x48 [bgcolor=#00FFFF]
                RenderText {#text} at (8,0) size 138x48
                  text run at (8,0) width 134: "This sentence should"
                  text run at (4,16) width 138: "have a right margin of"
                  text run at (83,32) width 59: "25 pixels."
              RenderBlock {P} at (4,190) size 97x64 [bgcolor=#00FFFF]
                RenderText {#text} at (8,0) size 91x64
                  text run at (8,0) width 89: "This sentence"
                  text run at (9,16) width 88: "should have a"
                  text run at (6,32) width 91: "right margin of"
                  text run at (63,48) width 34: "5 em."
              RenderBlock {P} at (4,268) size 126x112 [bgcolor=#00FFFF]
                RenderText {#text} at (37,0) size 120x112
                  text run at (37,0) width 89: "This sentence"
                  text run at (6,16) width 120: "should have a right"
                  text run at (32,32) width 94: "margin of 25%,"
                  text run at (9,48) width 117: "which is calculated"
                  text run at (10,64) width 116: "with respect to the"
                  text run at (8,80) width 118: "width of the parent"
                  text run at (73,96) width 53: "element."
              RenderBlock {UL} at (4,394) size 142x640 [bgcolor=#808080]
                RenderListItem {LI} at (40,0) size 102x128
                  RenderListMarker at (-16,0) size 6x16: bullet
                  RenderText {#text} at (45,0) size 97x128
                    text run at (45,0) width 57: "The right"
                    text run at (13,16) width 89: "margin on this"
                    text run at (16,32) width 86: "unordered list"
                    text run at (5,48) width 97: "has been set to"
                    text run at (15,64) width 87: "25 pixels, and"
                    text run at (5,80) width 97: "the background"
                    text run at (9,96) width 93: "color has been"
                    text run at (32,112) width 70: "set to gray."
                RenderListItem {LI} at (40,128) size 77x464 [bgcolor=#FFFFFF]
                  RenderListMarker at (-16,0) size 6x16: bullet
                  RenderText {#text} at (6,0) size 77x464
                    text run at (6,0) width 71: "Another list"
                    text run at (13,16) width 64: "item might"
                    text run at (5,32) width 72: "not be such"
                    text run at (8,48) width 69: "a bad idea,"
                    text run at (38,64) width 39: "either,"
                    text run at (4,80) width 73: "considering"
                    text run at (20,96) width 57: "that such"
                    text run at (19,112) width 58: "things do"
                    text run at (10,128) width 67: "need to be"
                    text run at (32,144) width 45: "double-"
                    text run at (21,160) width 56: "checked."
                    text run at (29,176) width 48: "This list"
                    text run at (6,192) width 71: "item has its"
                    text run at (2,208) width 75: "right margin"
                    text run at (12,224) width 65: "also set to"
                    text run at (18,240) width 59: "25 pixels,"
                    text run at (41,256) width 36: "which"
                    text run at (36,272) width 41: "should"
                    text run at (25,288) width 52: "combine"
                    text run at (28,304) width 49: "with the"
                    text run at (3,320) width 74: "list's margin"
                    text run at (7,336) width 70: "to make 50"
                    text run at (25,352) width 52: "pixels of"
                    text run at (3,368) width 74: "margin, and"
                    text run at (63,384) width 14: "its"
                    text run at (0,400) width 77: "background-"
                    text run at (19,416) width 58: "color has"
                    text run at (7,432) width 70: "been set to"
                    text run at (41,448) width 36: "white."
                RenderListItem {LI} at (40,592) size 102x48
                  RenderListMarker at (-16,0) size 6x16: bullet
                  RenderText {#text} at (41,0) size 84x48
                    text run at (41,0) width 61: "This is an"
                    text run at (18,16) width 84: "unclassed list"
                    text run at (76,32) width 26: "item"
              RenderBlock {P} at (4,1048) size 167x32 [bgcolor=#C0C0C0]
                RenderText {#text} at (11,0) size 156x32
                  text run at (11,0) width 156: "This element has a class"
                  text run at (120,16) width 47: "of zero."
              RenderBlock {P} at (4,1094) size 177x192 [bgcolor=#00FFFF]
                RenderText {#text} at (0,0) size 168x192
                  text run at (0,0) width 168: "This paragraph has a right"
                  text run at (0,16) width 141: "margin of -10px, which"
                  text run at (0,32) width 166: "should cause it to be wider"
                  text run at (0,48) width 164: "than it might otherwise be,"
                  text run at (0,64) width 133: "and it has a light blue"
                  text run at (0,80) width 80: "background. "
                  text run at (80,80) width 67: "In all other"
                  text run at (0,96) width 142: "respects, however, the"
                  text run at (0,112) width 164: "element should be normal."
                  text run at (0,128) width 128: "No styles have been"
                  text run at (0,144) width 149: "applied to it besides the"
                  text run at (0,160) width 161: "negative right margin and"
                  text run at (0,176) width 135: "the background color."
