layer at (0,0) size 802x2458
  RenderView at (0,0) size 800x600
layer at (0,0) size 802x2458
  RenderBlock {HTML} at (0,0) size 800x2458
    RenderBody {BODY} at (8,8) size 784x2442 [bgcolor=#CCCCCC]
      RenderBlock {P} at (0,0) size 784x16
        RenderText {#text} at (0,0) size 352x16
          text run at (0,0) width 352: "The style declarations which apply to the text below are:"
      RenderBlock {PRE} at (0,30) size 784x112
        RenderText {#text} at (0,0) size 180x112
          text run at (0,0) width 176: ".zero {background-color: silver; margin: 0;}"
          text run at (176,0) width 0: " "
          text run at (0,16) width 180: ".one {margin: 0.5in; background-color: aqua;}"
          text run at (180,16) width 0: " "
          text run at (0,32) width 176: ".two {margin: 25px; background-color: aqua;}"
          text run at (176,32) width 0: " "
          text run at (0,48) width 180: ".three {margin: 5em; background-color: aqua;}"
          text run at (180,48) width 0: " "
          text run at (0,64) width 176: ".four {margin: 25%; background-color: aqua;}"
          text run at (176,64) width 0: " "
          text run at (0,80) width 84: ".five {margin: 25px;}"
          text run at (84,80) width 0: " "
          text run at (0,96) width 180: ".six {margin: -10px; background-color: aqua;}"
          text run at (180,96) width 0: " "
      RenderBlock {HR} at (0,156) size 784x2 [border: (1px inset #000000)]
      RenderBlock {P} at (0,172) size 784x32
        RenderText {#text} at (0,0) size 742x32
          text run at (0,0) width 742: "NOTE: The following tests are separated by class-zero paragraphs, so as to prevent margin-collapsing as described in"
          text run at (0,16) width 244: "section 4.1.1 of the CSS1 specification."
      RenderBlock {P} at (0,218) size 784x16 [bgcolor=#C0C0C0]
        RenderText {#text} at (0,0) size 207x16
          text run at (0,0) width 207: "This element has a class of zero."
      RenderBlock {P} at (48,282) size 688x16 [bgcolor=#00FFFF]
        RenderText {#text} at (0,0) size 651x16
          text run at (0,0) width 651: "This sentence should have an overall margin of half an inch, which will require extra text in order to test."
      RenderBlock {P} at (0,346) size 784x16 [bgcolor=#C0C0C0]
        RenderText {#text} at (0,0) size 207x16
          text run at (0,0) width 207: "This element has a class of zero."
      RenderBlock {P} at (25,387) size 734x16 [bgcolor=#00FFFF]
        RenderText {#text} at (0,0) size 634x16
          text run at (0,0) width 634: "This sentence should have an overall margin of 25 pixels, which will require extra text in order to test."
      RenderBlock {P} at (0,428) size 784x16 [bgcolor=#C0C0C0]
        RenderText {#text} at (0,0) size 207x16
          text run at (0,0) width 207: "This element has a class of zero."
      RenderBlock {P} at (70,514) size 644x16 [bgcolor=#00FFFF]
        RenderText {#text} at (0,0) size 609x16
          text run at (0,0) width 609: "This sentence should have an overall margin of 5 em, which will require extra text in order to test."
      RenderBlock {P} at (0,600) size 784x16 [bgcolor=#C0C0C0]
        RenderText {#text} at (0,0) size 207x16
          text run at (0,0) width 207: "This element has a class of zero."
      RenderBlock {P} at (196,812) size 392x48 [bgcolor=#00FFFF]
        RenderText {#text} at (0,0) size 387x48
          text run at (0,0) width 387: "This sentence should have an overall margin of 25%, which is"
          text run at (0,16) width 362: "calculated with respect to the width of the parent element."
          text run at (0,32) width 260: "This will require extra text in order to test."
      RenderBlock {P} at (0,1056) size 784x16 [bgcolor=#C0C0C0]
        RenderText {#text} at (0,0) size 207x16
          text run at (0,0) width 207: "This element has a class of zero."
      RenderBlock {UL} at (25,1097) size 734x114 [bgcolor=#00FFFF]
        RenderListItem {LI} at (40,0) size 694x16
          RenderListMarker at (-16,0) size 6x16: bullet
          RenderText {#text} at (0,0) size 367x16
            text run at (0,0) width 367: "This list has a margin of 25px, and a light blue background."
        RenderListItem {LI} at (40,16) size 694x16
          RenderListMarker at (-16,0) size 6x16: bullet
          RenderText {#text} at (0,0) size 262x16
            text run at (0,0) width 262: "Therefore, it ought to have such a margin."
        RenderListItem {LI} at (65,57) size 644x16
          RenderListMarker at (-16,0) size 6x16: bullet
          RenderText {#text} at (0,0) size 535x16
            text run at (0,0) width 535: "This list item has a margin of 25px, which should cause it to be offset in some fashion."
        RenderListItem {LI} at (40,98) size 694x16
          RenderListMarker at (-16,0) size 6x16: bullet
          RenderText {#text} at (0,0) size 293x16
            text run at (0,0) width 293: "This list item has no special styles applied to it."
      RenderBlock {P} at (0,1236) size 784x16 [bgcolor=#C0C0C0]
        RenderText {#text} at (0,0) size 207x16
          text run at (0,0) width 207: "This element has a class of zero."
      RenderBlock {P} at (-10,1242) size 804x48 [bgcolor=#00FFFF]
        RenderText {#text} at (0,0) size 804x48
          text run at (0,0) width 745: "This paragraph has an overall margin of -10px, which should make it wider than usual as well as shift it upward and pull"
          text run at (0,16) width 361: "subsequent text up toward it, and a light blue background. "
          text run at (361,16) width 385: "In all other respects, however, the element should be normal. "
          text run at (746,16) width 58: "No styles"
          text run at (0,32) width 491: "have been applied to it besides the negative margin and the background color."
      RenderBlock {P} at (0,1280) size 784x16 [bgcolor=#C0C0C0]
        RenderText {#text} at (0,0) size 207x16
          text run at (0,0) width 207: "This element has a class of zero."
      RenderTable {TABLE} at (0,1296) size 784x1146 [border: (1px outset #808080)]
        RenderTableSection {TBODY} at (1,1) size 782x1144
          RenderTableRow {TR} at (0,0) size 782x24
            RenderTableCell {TD} at (0,0) size 782x24 [bgcolor=#C0C0C0] [border: (1px inset #808080)] [r=0 c=0 rs=1 cs=2]
              RenderInline {STRONG} at (0,0) size 157x16
                RenderText {#text} at (4,4) size 157x16
                  text run at (4,4) width 157: "TABLE Testing Section"
          RenderTableRow {TR} at (0,24) size 782x1120
            RenderTableCell {TD} at (0,572) size 12x24 [bgcolor=#C0C0C0] [border: (1px inset #808080)] [r=1 c=0 rs=1 cs=1]
              RenderText {#text} at (4,4) size 4x16
                text run at (4,4) width 4: " "
            RenderTableCell {TD} at (12,24) size 770x1120 [border: (1px inset #808080)] [r=1 c=1 rs=1 cs=1]
              RenderBlock {P} at (4,4) size 762x32
                RenderText {#text} at (0,0) size 742x32
                  text run at (0,0) width 742: "NOTE: The following tests are separated by class-zero paragraphs, so as to prevent margin-collapsing as described in"
                  text run at (0,16) width 244: "section 4.1.1 of the CSS1 specification."
              RenderBlock {P} at (4,50) size 762x16 [bgcolor=#C0C0C0]
                RenderText {#text} at (0,0) size 207x16
                  text run at (0,0) width 207: "This element has a class of zero."
              RenderBlock {P} at (52,114) size 666x16 [bgcolor=#00FFFF]
                RenderText {#text} at (0,0) size 651x16
                  text run at (0,0) width 651: "This sentence should have an overall margin of half an inch, which will require extra text in order to test."
              RenderBlock {P} at (4,178) size 762x16 [bgcolor=#C0C0C0]
                RenderText {#text} at (0,0) size 207x16
                  text run at (0,0) width 207: "This element has a class of zero."
              RenderBlock {P} at (29,219) size 712x16 [bgcolor=#00FFFF]
                RenderText {#text} at (0,0) size 634x16
                  text run at (0,0) width 634: "This sentence should have an overall margin of 25 pixels, which will require extra text in order to test."
              RenderBlock {P} at (4,260) size 762x16 [bgcolor=#C0C0C0]
                RenderText {#text} at (0,0) size 207x16
                  text run at (0,0) width 207: "This element has a class of zero."
              RenderBlock {P} at (74,346) size 622x16 [bgcolor=#00FFFF]
                RenderText {#text} at (0,0) size 609x16
                  text run at (0,0) width 609: "This sentence should have an overall margin of 5 em, which will require extra text in order to test."
              RenderBlock {P} at (4,432) size 762x16 [bgcolor=#C0C0C0]
                RenderText {#text} at (0,0) size 207x16
                  text run at (0,0) width 207: "This element has a class of zero."
              RenderBlock {P} at (194,638) size 382x48 [bgcolor=#00FFFF]
                RenderText {#text} at (0,0) size 376x48
                  text run at (0,0) width 373: "This sentence should have an overall margin of 25%, which"
                  text run at (0,16) width 376: "is calculated with respect to the width of the parent element."
                  text run at (0,32) width 260: "This will require extra text in order to test."
              RenderBlock {P} at (4,876) size 762x16 [bgcolor=#C0C0C0]
                RenderText {#text} at (0,0) size 207x16
                  text run at (0,0) width 207: "This element has a class of zero."
              RenderBlock {UL} at (29,917) size 712x114 [bgcolor=#00FFFF]
                RenderListItem {LI} at (40,0) size 672x16
                  RenderListMarker at (-16,0) size 6x16: bullet
                  RenderText {#text} at (0,0) size 367x16
                    text run at (0,0) width 367: "This list has a margin of 25px, and a light blue background."
                RenderListItem {LI} at (40,16) size 672x16
                  RenderListMarker at (-16,0) size 6x16: bullet
                  RenderText {#text} at (0,0) size 262x16
                    text run at (0,0) width 262: "Therefore, it ought to have such a margin."
                RenderListItem {LI} at (65,57) size 622x16
                  RenderListMarker at (-16,0) size 6x16: bullet
                  RenderText {#text} at (0,0) size 535x16
                    text run at (0,0) width 535: "This list item has a margin of 25px, which should cause it to be offset in some fashion."
                RenderListItem {LI} at (40,98) size 672x16
                  RenderListMarker at (-16,0) size 6x16: bullet
                  RenderText {#text} at (0,0) size 293x16
                    text run at (0,0) width 293: "This list item has no special styles applied to it."
              RenderBlock {P} at (4,1056) size 762x16 [bgcolor=#C0C0C0]
                RenderText {#text} at (0,0) size 207x16
                  text run at (0,0) width 207: "This element has a class of zero."
              RenderBlock {P} at (-6,1062) size 782x48 [bgcolor=#00FFFF]
                RenderText {#text} at (0,0) size 764x48
                  text run at (0,0) width 745: "This paragraph has an overall margin of -10px, which should make it wider than usual as well as shift it upward and pull"
                  text run at (0,16) width 361: "subsequent text up toward it, and a light blue background. "
                  text run at (361,16) width 385: "In all other respects, however, the element should be normal. "
                  text run at (746,16) width 18: "No"
                  text run at (0,32) width 531: "styles have been applied to it besides the negative margin and the background color."
              RenderBlock {P} at (4,1100) size 762x16 [bgcolor=#C0C0C0]
                RenderText {#text} at (0,0) size 207x16
                  text run at (0,0) width 207: "This element has a class of zero."
