layer at (0,0) size 208x1640
  RenderView at (0,0) size 96x26
layer at (0,0) size 208x1640
  RenderBlock {HTML} at (0,0) size 96x1640
    RenderBody {BODY} at (8,8) size 80x1624 [bgcolor=#CCCCCC]
      RenderBlock {P} at (0,0) size 80x80
        RenderText {#text} at (0,0) size 77x80
          text run at (0,0) width 58: "The style"
          text run at (0,16) width 77: "declarations"
          text run at (0,32) width 74: "which apply"
          text run at (0,48) width 63: "to the text"
          text run at (0,64) width 64: "below are:"
      RenderBlock {PRE} at (0,94) size 80x32
        RenderText {#text} at (0,0) size 200x32
          text run at (0,0) width 196: ".one {margin-left: 25px; background-color: aqua;}"
          text run at (196,0) width 0: " "
          text run at (0,16) width 200: ".two {margin-left: -10px; background-color: aqua;}"
          text run at (200,16) width 0: " "
      RenderBlock {HR} at (0,140) size 80x2 [border: (1px inset #000000)]
      RenderBlock {P} at (0,156) size 80x336 [bgcolor=#808080]
        RenderText {#text} at (0,0) size 73x144
          text run at (0,0) width 27: "This"
          text run at (0,16) width 64: "element is"
          text run at (0,32) width 52: "unstyled"
          text run at (0,48) width 63: "save for a"
          text run at (0,64) width 73: "background"
          text run at (0,80) width 47: "color of"
          text run at (0,96) width 31: "gray."
          text run at (0,112) width 70: "However, it"
          text run at (0,128) width 73: "contains an"
        RenderInline {SPAN} at (0,0) size 66x48 [bgcolor=#00FFFF]
          RenderText {#text} at (25,144) size 66x48
            text run at (25,144) width 33: "inline"
            text run at (0,160) width 66: "element of"
            text run at (0,176) width 36: "class "
          RenderInline {TT} at (0,0) size 12x16
            RenderText {#text} at (36,176) size 12x16
              text run at (36,176) width 12: "one"
        RenderText {#text} at (48,176) size 79x96
          text run at (48,176) width 3: ","
          text run at (0,192) width 36: "which"
          text run at (0,208) width 79: "should result"
          text run at (0,224) width 64: "in 25-pixel"
          text run at (0,240) width 66: "left margin"
          text run at (0,256) width 65: "only in the"
        RenderInline {STRONG} at (0,0) size 27x16
          RenderText {#text} at (0,272) size 27x16
            text run at (0,272) width 27: "first"
        RenderText {#text} at (27,272) size 68x64
          text run at (27,272) width 41: " line in"
          text run at (0,288) width 60: "which the"
          text run at (0,304) width 59: "inline box"
          text run at (0,320) width 55: "appears."
      RenderBlock {P} at (0,506) size 80x320 [bgcolor=#808080]
        RenderText {#text} at (0,0) size 73x144
          text run at (0,0) width 27: "This"
          text run at (0,16) width 64: "element is"
          text run at (0,32) width 52: "unstyled"
          text run at (0,48) width 63: "save for a"
          text run at (0,64) width 73: "background"
          text run at (0,80) width 47: "color of"
          text run at (0,96) width 31: "gray."
          text run at (0,112) width 70: "However, it"
          text run at (0,128) width 73: "contains an"
        RenderInline {SPAN} at (0,0) size 87x32 [bgcolor=#00FFFF]
          RenderText {#text} at (-10,144) size 87x32
            text run at (-10,144) width 87: "inline element"
            text run at (0,160) width 52: "of class "
          RenderInline {TT} at (0,0) size 12x16
            RenderText {#text} at (52,160) size 12x16
              text run at (52,160) width 12: "two"
        RenderText {#text} at (64,160) size 79x96
          text run at (64,160) width 3: ","
          text run at (0,176) width 36: "which"
          text run at (0,192) width 79: "should result"
          text run at (0,208) width 73: "in -10px left"
          text run at (0,224) width 73: "margin only"
          text run at (0,240) width 39: "in the "
        RenderInline {STRONG} at (0,0) size 27x16
          RenderText {#text} at (39,240) size 27x16
            text run at (39,240) width 27: "first"
        RenderText {#text} at (0,256) size 77x64
          text run at (0,256) width 77: "line in which"
          text run at (0,272) width 57: "the inline"
          text run at (0,288) width 22: "box"
          text run at (0,304) width 55: "appears."
      RenderTable {TABLE} at (0,840) size 95x784 [border: (1px outset #808080)]
        RenderTableSection {TBODY} at (1,1) size 93x782
          RenderTableRow {TR} at (0,0) size 93x56
            RenderTableCell {TD} at (0,0) size 93x56 [bgcolor=#C0C0C0] [border: (1px inset #808080)] [r=0 c=0 rs=1 cs=2]
              RenderInline {STRONG} at (0,0) size 53x48
                RenderText {#text} at (4,4) size 53x48
                  text run at (4,4) width 45: "TABLE"
                  text run at (4,20) width 51: "Testing"
                  text run at (4,36) width 53: "Section"
          RenderTableRow {TR} at (0,56) size 93x726
            RenderTableCell {TD} at (0,407) size 12x24 [bgcolor=#C0C0C0] [border: (1px inset #808080)] [r=1 c=0 rs=1 cs=1]
              RenderText {#text} at (4,4) size 4x16
                text run at (4,4) width 4: " "
            RenderTableCell {TD} at (12,56) size 81x726 [border: (1px inset #808080)] [r=1 c=1 rs=1 cs=1]
              RenderBlock {P} at (4,4) size 73x352 [bgcolor=#808080]
                RenderText {#text} at (0,0) size 73x144
                  text run at (0,0) width 27: "This"
                  text run at (0,16) width 64: "element is"
                  text run at (0,32) width 52: "unstyled"
                  text run at (0,48) width 63: "save for a"
                  text run at (0,64) width 73: "background"
                  text run at (0,80) width 47: "color of"
                  text run at (0,96) width 31: "gray."
                  text run at (0,112) width 70: "However, it"
                  text run at (0,128) width 73: "contains an"
                RenderInline {SPAN} at (0,0) size 66x48 [bgcolor=#00FFFF]
                  RenderText {#text} at (25,144) size 66x48
                    text run at (25,144) width 33: "inline"
                    text run at (0,160) width 66: "element of"
                    text run at (0,176) width 36: "class "
                  RenderInline {TT} at (0,0) size 12x16
                    RenderText {#text} at (36,176) size 12x16
                      text run at (36,176) width 12: "one"
                RenderText {#text} at (48,176) size 73x112
                  text run at (48,176) width 3: ","
                  text run at (0,192) width 36: "which"
                  text run at (0,208) width 41: "should"
                  text run at (0,224) width 73: "result in 25-"
                  text run at (0,240) width 52: "pixel left"
                  text run at (0,256) width 73: "margin only"
                  text run at (0,272) width 39: "in the "
                RenderInline {STRONG} at (0,0) size 27x16
                  RenderText {#text} at (39,272) size 27x16
                    text run at (39,272) width 27: "first"
                RenderText {#text} at (0,288) size 60x64
                  text run at (0,288) width 37: "line in"
                  text run at (0,304) width 60: "which the"
                  text run at (0,320) width 59: "inline box"
                  text run at (0,336) width 55: "appears."
              RenderBlock {P} at (4,370) size 73x352 [bgcolor=#808080]
                RenderText {#text} at (0,0) size 73x144
                  text run at (0,0) width 27: "This"
                  text run at (0,16) width 64: "element is"
                  text run at (0,32) width 52: "unstyled"
                  text run at (0,48) width 63: "save for a"
                  text run at (0,64) width 73: "background"
                  text run at (0,80) width 47: "color of"
                  text run at (0,96) width 31: "gray."
                  text run at (0,112) width 70: "However, it"
                  text run at (0,128) width 73: "contains an"
                RenderInline {SPAN} at (0,0) size 76x48 [bgcolor=#00FFFF]
                  RenderText {#text} at (-10,144) size 76x48
                    text run at (-10,144) width 33: "inline"
                    text run at (0,160) width 66: "element of"
                    text run at (0,176) width 36: "class "
                  RenderInline {TT} at (0,0) size 12x16
                    RenderText {#text} at (36,176) size 12x16
                      text run at (36,176) width 12: "two"
                RenderText {#text} at (48,176) size 73x112
                  text run at (48,176) width 3: ","
                  text run at (0,192) width 36: "which"
                  text run at (0,208) width 41: "should"
                  text run at (0,224) width 57: "result in -"
                  text run at (0,240) width 54: "10px left"
                  text run at (0,256) width 73: "margin only"
                  text run at (0,272) width 39: "in the "
                RenderInline {STRONG} at (0,0) size 27x16
                  RenderText {#text} at (39,272) size 27x16
                    text run at (39,272) width 27: "first"
                RenderText {#text} at (0,288) size 60x64
                  text run at (0,288) width 37: "line in"
                  text run at (0,304) width 60: "which the"
                  text run at (0,320) width 59: "inline box"
                  text run at (0,336) width 55: "appears."
