layer at (0,0) size 800x600
  RenderView at (0,0) size 800x600
layer at (0,0) size 800x600
  RenderBlock {HTML} at (0,0) size 800x600
    RenderBody {BODY} at (8,8) size 784x584 [bgcolor=#CCCCCC]
      RenderBlock {P} at (0,0) size 784x16
        RenderText {#text} at (0,0) size 352x16
          text run at (0,0) width 352: "The style declarations which apply to the text below are:"
      RenderBlock {PRE} at (0,30) size 784x64
        RenderText {#text} at (0,0) size 196x64
          text run at (0,0) width 192: ".zero {background-color: silver; margin-top: 0;}"
          text run at (192,0) width 0: " "
          text run at (0,16) width 192: ".one {margin-top: 25px; background-color: aqua;}"
          text run at (192,16) width 0: " "
          text run at (0,32) width 196: ".two {margin-top: -10px; background-color: aqua;}"
          text run at (196,32) width 0: " "
          text run at (0,48) width 0: " "
      RenderBlock {HR} at (0,108) size 784x2 [border: (1px inset #000000)]
      RenderBlock {P} at (0,124) size 784x48 [bgcolor=#808080]
        RenderText {#text} at (0,0) size 474x16
          text run at (0,0) width 385: "This element is unstyled save for a background color of gray. "
          text run at (385,0) width 89: "It contains an "
        RenderInline {SPAN} at (0,0) size 739x32 [bgcolor=#00FFFF]
          RenderText {#text} at (474,0) size 143x16
            text run at (474,0) width 143: "inline element of class "
          RenderInline {TT} at (0,0) size 12x16
            RenderText {#text} at (617,0) size 12x16
              text run at (617,0) width 12: "one"
          RenderText {#text} at (629,0) size 739x32
            text run at (629,0) width 110: ", giving it an aqua"
            text run at (0,16) width 219: "background and a 25px top margin"
        RenderText {#text} at (219,16) size 738x32
          text run at (219,16) width 7: ". "
          text run at (226,16) width 512: "Margins on inline elements do not affect line-height calculations, so all lines in this"
          text run at (0,32) width 264: "element should have the same line-height."
      RenderBlock {P} at (0,186) size 784x48 [bgcolor=#808080]
        RenderText {#text} at (0,0) size 474x16
          text run at (0,0) width 385: "This element is unstyled save for a background color of gray. "
          text run at (385,0) width 89: "It contains an "
        RenderInline {SPAN} at (0,0) size 734x32 [bgcolor=#00FFFF]
          RenderText {#text} at (474,0) size 143x16
            text run at (474,0) width 143: "inline element of class "
          RenderInline {TT} at (0,0) size 12x16
            RenderText {#text} at (617,0) size 12x16
              text run at (617,0) width 12: "two"
          RenderText {#text} at (629,0) size 734x32
            text run at (629,0) width 105: ", giving the inline"
            text run at (0,16) width 332: "element an aqua background and a -10px top margin"
        RenderText {#text} at (332,16) size 777x32
          text run at (332,16) width 7: ". "
          text run at (339,16) width 438: "Margins on inline elements do not affect line-height calculations, so all"
          text run at (0,32) width 338: "lines in this element should have the same line-height."
      RenderTable {TABLE} at (0,248) size 784x144 [border: (1px outset #808080)]
        RenderTableSection {TBODY} at (1,1) size 782x142
          RenderTableRow {TR} at (0,0) size 782x24
            RenderTableCell {TD} at (0,0) size 782x24 [bgcolor=#C0C0C0] [border: (1px inset #808080)] [r=0 c=0 rs=1 cs=2]
              RenderInline {STRONG} at (0,0) size 157x16
                RenderText {#text} at (4,4) size 157x16
                  text run at (4,4) width 157: "TABLE Testing Section"
          RenderTableRow {TR} at (0,24) size 782x118
            RenderTableCell {TD} at (0,71) size 12x24 [bgcolor=#C0C0C0] [border: (1px inset #808080)] [r=1 c=0 rs=1 cs=1]
              RenderText {#text} at (4,4) size 4x16
                text run at (4,4) width 4: " "
            RenderTableCell {TD} at (12,24) size 770x118 [border: (1px inset #808080)] [r=1 c=1 rs=1 cs=1]
              RenderBlock {P} at (4,4) size 762x48 [bgcolor=#808080]
                RenderText {#text} at (0,0) size 474x16
                  text run at (0,0) width 385: "This element is unstyled save for a background color of gray. "
                  text run at (385,0) width 89: "It contains an "
                RenderInline {SPAN} at (0,0) size 739x32 [bgcolor=#00FFFF]
                  RenderText {#text} at (474,0) size 143x16
                    text run at (474,0) width 143: "inline element of class "
                  RenderInline {TT} at (0,0) size 12x16
                    RenderText {#text} at (617,0) size 12x16
                      text run at (617,0) width 12: "one"
                  RenderText {#text} at (629,0) size 739x32
                    text run at (629,0) width 110: ", giving it an aqua"
                    text run at (0,16) width 219: "background and a 25px top margin"
                RenderText {#text} at (219,16) size 738x32
                  text run at (219,16) width 7: ". "
                  text run at (226,16) width 512: "Margins on inline elements do not affect line-height calculations, so all lines in this"
                  text run at (0,32) width 264: "element should have the same line-height."
              RenderBlock {P} at (4,66) size 762x48 [bgcolor=#808080]
                RenderText {#text} at (0,0) size 474x16
                  text run at (0,0) width 385: "This element is unstyled save for a background color of gray. "
                  text run at (385,0) width 89: "It contains an "
                RenderInline {SPAN} at (0,0) size 734x32 [bgcolor=#00FFFF]
                  RenderText {#text} at (474,0) size 143x16
                    text run at (474,0) width 143: "inline element of class "
                  RenderInline {TT} at (0,0) size 12x16
                    RenderText {#text} at (617,0) size 12x16
                      text run at (617,0) width 12: "two"
                  RenderText {#text} at (629,0) size 734x32
                    text run at (629,0) width 105: ", giving the inline"
                    text run at (0,16) width 332: "element an aqua background and a -10px top margin"
                RenderText {#text} at (332,16) size 759x32
                  text run at (332,16) width 7: ". "
                  text run at (339,16) width 420: "Margins on inline elements do not affect line-height calculations, so"
                  text run at (0,32) width 356: "all lines in this element should have the same line-height."
