layer at (0,0) size 800x1384
  RenderView at (0,0) size 800x600
layer at (0,0) size 800x1384
  RenderBlock {HTML} at (0,0) size 800x1384
    RenderBody {BODY} at (8,8) size 784x1368 [bgcolor=#CCCCCC]
      RenderBlock {P} at (0,0) size 784x16
        RenderText {#text} at (0,0) size 352x16
          text run at (0,0) width 352: "The style declarations which apply to the text below are:"
      RenderBlock {PRE} at (0,30) size 784x96
        RenderText {#text} at (0,0) size 204x96
          text run at (0,0) width 196: ".zero {background-color: silver; padding-top: 0;}"
          text run at (196,0) width 0: " "
          text run at (0,16) width 200: ".one {padding-top: 0.5in; background-color: aqua;}"
          text run at (200,16) width 0: " "
          text run at (0,32) width 196: ".two {padding-top: 25px; background-color: aqua;}"
          text run at (196,32) width 0: " "
          text run at (0,48) width 200: ".three {padding-top: 5em; background-color: aqua;}"
          text run at (200,48) width 0: " "
          text run at (0,64) width 196: ".four {padding-top: 25%; background-color: aqua;}"
          text run at (196,64) width 0: " "
          text run at (0,80) width 204: ".five {padding-top: -20px; background-color: aqua;}"
          text run at (204,80) width 0: " "
      RenderBlock {HR} at (0,140) size 784x2 [border: (1px inset #000000)]
      RenderBlock {P} at (0,156) size 784x16 [bgcolor=#C0C0C0]
        RenderText {#text} at (0,0) size 207x16
          text run at (0,0) width 207: "This element has a class of zero."
      RenderBlock {P} at (0,186) size 784x80 [bgcolor=#00FFFF]
        RenderText {#text} at (0,48) size 729x32
          text run at (0,48) width 625: "This element should have a top padding of half an inch, which will require extra text in order to test. "
          text run at (625,48) width 104: "Both the content"
          text run at (0,64) width 351: "background and the padding should be aqua (light blue)."
      RenderBlock {P} at (0,280) size 784x57 [bgcolor=#00FFFF]
        RenderText {#text} at (0,25) size 712x32
          text run at (0,25) width 608: "This element should have a top padding of 25 pixels, which will require extra text in order to test. "
          text run at (608,25) width 104: "Both the content"
          text run at (0,41) width 351: "background and the padding should be aqua (light blue)."
      RenderBlock {P} at (0,351) size 784x102 [bgcolor=#00FFFF]
        RenderText {#text} at (0,70) size 764x32
          text run at (0,70) width 583: "This element should have a top padding of 5 em, which will require extra text in order to test. "
          text run at (583,70) width 181: "Both the content background"
          text run at (0,86) width 274: "and the padding should be aqua (light blue)."
      RenderBlock {P} at (0,467) size 784x228 [bgcolor=#00FFFF]
        RenderText {#text} at (0,196) size 780x32
          text run at (0,196) width 727: "This element should have a top padding of 25%, which is calculated with respect to the width of the parent element. "
          text run at (727,196) width 53: "Both the"
          text run at (0,212) width 406: "content background and the padding should be aqua (light blue). "
          text run at (406,212) width 260: "This will require extra text in order to test."
      RenderBlock {P} at (0,709) size 784x32 [bgcolor=#00FFFF]
        RenderText {#text} at (0,0) size 774x32
          text run at (0,0) width 565: "This element should have no top padding, since negative padding values are not allowed. "
          text run at (565,0) width 209: "Both the content background and"
          text run at (0,16) width 293: "the normal padding should be aqua (light blue)."
      RenderTable {TABLE} at (0,755) size 784x613 [border: (1px outset #808080)]
        RenderTableSection {TBODY} at (1,1) size 782x611
          RenderTableRow {TR} at (0,0) size 782x24
            RenderTableCell {TD} at (0,0) size 782x24 [bgcolor=#C0C0C0] [border: (1px inset #808080)] [r=0 c=0 rs=1 cs=2]
              RenderInline {STRONG} at (0,0) size 157x16
                RenderText {#text} at (4,4) size 157x16
                  text run at (4,4) width 157: "TABLE Testing Section"
          RenderTableRow {TR} at (0,24) size 782x587
            RenderTableCell {TD} at (0,305) size 12x24 [bgcolor=#C0C0C0] [border: (1px inset #808080)] [r=1 c=0 rs=1 cs=1]
              RenderText {#text} at (4,4) size 4x16
                text run at (4,4) width 4: " "
            RenderTableCell {TD} at (12,24) size 770x587 [border: (1px inset #808080)] [r=1 c=1 rs=1 cs=1]
              RenderBlock {P} at (4,4) size 762x16 [bgcolor=#C0C0C0]
                RenderText {#text} at (0,0) size 207x16
                  text run at (0,0) width 207: "This element has a class of zero."
              RenderBlock {P} at (4,34) size 762x80 [bgcolor=#00FFFF]
                RenderText {#text} at (0,48) size 729x32
                  text run at (0,48) width 625: "This element should have a top padding of half an inch, which will require extra text in order to test. "
                  text run at (625,48) width 104: "Both the content"
                  text run at (0,64) width 351: "background and the padding should be aqua (light blue)."
              RenderBlock {P} at (4,128) size 762x57 [bgcolor=#00FFFF]
                RenderText {#text} at (0,25) size 712x32
                  text run at (0,25) width 608: "This element should have a top padding of 25 pixels, which will require extra text in order to test. "
                  text run at (608,25) width 104: "Both the content"
                  text run at (0,41) width 351: "background and the padding should be aqua (light blue)."
              RenderBlock {P} at (4,199) size 762x102 [bgcolor=#00FFFF]
                RenderText {#text} at (0,70) size 687x32
                  text run at (0,70) width 583: "This element should have a top padding of 5 em, which will require extra text in order to test. "
                  text run at (583,70) width 104: "Both the content"
                  text run at (0,86) width 351: "background and the padding should be aqua (light blue)."
              RenderBlock {P} at (4,315) size 762x222 [bgcolor=#00FFFF]
                RenderText {#text} at (0,190) size 756x32
                  text run at (0,190) width 727: "This element should have a top padding of 25%, which is calculated with respect to the width of the parent element. "
                  text run at (727,190) width 29: "Both"
                  text run at (0,206) width 430: "the content background and the padding should be aqua (light blue). "
                  text run at (430,206) width 260: "This will require extra text in order to test."
              RenderBlock {P} at (4,551) size 762x32 [bgcolor=#00FFFF]
                RenderText {#text} at (0,0) size 746x32
                  text run at (0,0) width 565: "This element should have no top padding, since negative padding values are not allowed. "
                  text run at (565,0) width 181: "Both the content background"
                  text run at (0,16) width 321: "and the normal padding should be aqua (light blue)."
