layer at (0,0) size 800x1541
  RenderView at (0,0) size 800x600
layer at (0,0) size 800x1541
  RenderBlock {HTML} at (0,0) size 800x1541
    RenderBody {BODY} at (8,8) size 784x1525 [bgcolor=#CCCCCC]
      RenderBlock {P} at (0,0) size 784x19
        RenderText {#text} at (0,0) size 354x19
          text run at (0,0) width 354: "The style declarations which apply to the text below are:"
      RenderBlock {PRE} at (0,33) size 784x114
        RenderText {#text} at (0,1) size 432x112
          text run at (0,1) width 416: ".zero {background-color: silver; padding-bottom: 0;}"
          text run at (416,1) width 0: " "
          text run at (0,20) width 424: ".one {padding-bottom: 0.5in; background-color: aqua;}"
          text run at (424,20) width 0: " "
          text run at (0,39) width 416: ".two {padding-bottom: 25px; background-color: aqua;}"
          text run at (416,39) width 0: " "
          text run at (0,58) width 424: ".three {padding-bottom: 5em; background-color: aqua;}"
          text run at (424,58) width 0: " "
          text run at (0,77) width 416: ".four {padding-bottom: 25%; background-color: aqua;}"
          text run at (416,77) width 0: " "
          text run at (0,96) width 432: ".five {padding-bottom: -20px; background-color: aqua;}"
          text run at (432,96) width 0: " "
      RenderBlock {HR} at (0,161) size 784x2 [border: (1px inset #000000)]
      RenderBlock {P} at (0,177) size 784x19 [bgcolor=#C0C0C0]
        RenderText {#text} at (0,0) size 209x19
          text run at (0,0) width 209: "This element has a class of zero."
      RenderBlock {P} at (0,210) size 784x86 [bgcolor=#00FFFF]
        RenderText {#text} at (0,0) size 758x38
          text run at (0,0) width 654: "This element should have a bottom padding of half an inch, which will require extra text in order to test. "
          text run at (654,0) width 104: "Both the content"
          text run at (0,19) width 359: "background and the padding should be aqua (light blue)."
      RenderBlock {P} at (0,310) size 784x63 [bgcolor=#00FFFF]
        RenderText {#text} at (0,0) size 741x38
          text run at (0,0) width 637: "This element should have a bottom padding of 25 pixels, which will require extra text in order to test. "
          text run at (637,0) width 104: "Both the content"
          text run at (0,19) width 359: "background and the padding should be aqua (light blue)."
      RenderBlock {P} at (0,387) size 784x108 [bgcolor=#00FFFF]
        RenderText {#text} at (0,0) size 717x38
          text run at (0,0) width 613: "This element should have a bottom padding of 5 em, which will require extra text in order to test. "
          text run at (613,0) width 104: "Both the content"
          text run at (0,19) width 359: "background and the padding should be aqua (light blue)."
      RenderBlock {P} at (0,509) size 784x234 [bgcolor=#00FFFF]
        RenderText {#text} at (0,0) size 784x38
          text run at (0,0) width 757: "This element should have a bottom padding of 25%, which is calculated with respect to the width of the parent element. "
          text run at (757,0) width 27: "This"
          text run at (0,19) width 235: "will require extra text in order to test. "
          text run at (235,19) width 467: "Both the content background and the padding should be aqua (light blue)."
      RenderBlock {P} at (0,757) size 784x19 [bgcolor=#C0C0C0]
        RenderText {#text} at (0,0) size 209x19
          text run at (0,0) width 209: "This element has a class of zero."
      RenderBlock {P} at (0,790) size 784x38 [bgcolor=#00FFFF]
        RenderText {#text} at (0,0) size 777x38
          text run at (0,0) width 594: "This element should have no bottom padding, since negative padding values are not allowed. "
          text run at (594,0) width 183: "Both the content background"
          text run at (0,19) width 328: "and the normal padding should be aqua (light blue)."
      RenderTable {TABLE} at (0,842) size 784x683 [border: (1px outset #808080)]
        RenderTableSection {TBODY} at (1,1) size 782x681
          RenderTableRow {TR} at (0,0) size 782x28
            RenderTableCell {TD} at (0,0) size 782x28 [bgcolor=#C0C0C0] [border: (1px inset #808080)] [r=0 c=0 rs=1 cs=2]
              RenderInline {STRONG} at (0,0) size 159x20
                RenderText {#text} at (4,4) size 159x20
                  text run at (4,4) width 159: "TABLE Testing Section"
          RenderTableRow {TR} at (0,28) size 782x653
            RenderTableCell {TD} at (0,341) size 12x27 [bgcolor=#C0C0C0] [border: (1px inset #808080)] [r=1 c=0 rs=1 cs=1]
              RenderText {#text} at (4,4) size 4x19
                text run at (4,4) width 4: " "
            RenderTableCell {TD} at (12,28) size 770x653 [border: (1px inset #808080)] [r=1 c=1 rs=1 cs=1]
              RenderBlock {P} at (4,4) size 762x19 [bgcolor=#C0C0C0]
                RenderText {#text} at (0,0) size 209x19
                  text run at (0,0) width 209: "This element has a class of zero."
              RenderBlock {P} at (4,37) size 762x86 [bgcolor=#00FFFF]
                RenderText {#text} at (0,0) size 758x38
                  text run at (0,0) width 654: "This element should have a bottom padding of half an inch, which will require extra text in order to test. "
                  text run at (654,0) width 104: "Both the content"
                  text run at (0,19) width 359: "background and the padding should be aqua (light blue)."
              RenderBlock {P} at (4,137) size 762x63 [bgcolor=#00FFFF]
                RenderText {#text} at (0,0) size 741x38
                  text run at (0,0) width 637: "This element should have a bottom padding of 25 pixels, which will require extra text in order to test. "
                  text run at (637,0) width 104: "Both the content"
                  text run at (0,19) width 359: "background and the padding should be aqua (light blue)."
              RenderBlock {P} at (4,214) size 762x108 [bgcolor=#00FFFF]
                RenderText {#text} at (0,0) size 717x38
                  text run at (0,0) width 613: "This element should have a bottom padding of 5 em, which will require extra text in order to test. "
                  text run at (613,0) width 104: "Both the content"
                  text run at (0,19) width 359: "background and the padding should be aqua (light blue)."
              RenderBlock {P} at (4,336) size 762x228 [bgcolor=#00FFFF]
                RenderText {#text} at (0,0) size 753x38
                  text run at (0,0) width 753: "This element should have a bottom padding of 25%, which is calculated with respect to the width of the parent element."
                  text run at (0,19) width 266: "This will require extra text in order to test. "
                  text run at (266,19) width 467: "Both the content background and the padding should be aqua (light blue)."
              RenderBlock {P} at (4,578) size 762x19 [bgcolor=#C0C0C0]
                RenderText {#text} at (0,0) size 209x19
                  text run at (0,0) width 209: "This element has a class of zero."
              RenderBlock {P} at (4,611) size 762x38 [bgcolor=#00FFFF]
                RenderText {#text} at (0,0) size 698x38
                  text run at (0,0) width 594: "This element should have no bottom padding, since negative padding values are not allowed. "
                  text run at (594,0) width 104: "Both the content"
                  text run at (0,19) width 407: "background and the normal padding should be aqua (light blue)."
