layer at (0,0) size 800x2223
  RenderView at (0,0) size 800x600
layer at (0,0) size 800x2223
  RenderBlock {HTML} at (0,0) size 800x2223
    RenderBody {BODY} at (8,8) size 784x2207 [bgcolor=#CCCCCC]
      RenderBlock {P} at (0,0) size 784x19
        RenderText {#text} at (0,0) size 354x19
          text run at (0,0) width 354: "The style declarations which apply to the text below are:"
      RenderBlock {PRE} at (0,33) size 784x114
        RenderText {#text} at (0,1) size 376x112
          text run at (0,1) width 360: ".zero {background-color: silver; padding: 0;}"
          text run at (360,1) width 0: " "
          text run at (0,20) width 368: ".one {padding: 0.5in; background-color: aqua;}"
          text run at (368,20) width 0: " "
          text run at (0,39) width 360: ".two {padding: 25px; background-color: aqua;}"
          text run at (360,39) width 0: " "
          text run at (0,58) width 368: ".three {padding: 5em; background-color: aqua;}"
          text run at (368,58) width 0: " "
          text run at (0,77) width 360: ".four {padding: 25%; background-color: aqua;}"
          text run at (360,77) width 0: " "
          text run at (0,96) width 376: ".five {padding: -20px; background-color: aqua;}"
          text run at (376,96) width 0: " "
      RenderBlock {HR} at (0,161) size 784x2 [border: (1px inset #000000)]
      RenderBlock {P} at (0,177) size 784x19 [bgcolor=#C0C0C0]
        RenderText {#text} at (0,0) size 209x19
          text run at (0,0) width 209: "This element has a class of zero."
      RenderBlock {P} at (0,210) size 784x134 [bgcolor=#00FFFF]
        RenderText {#text} at (48,48) size 656x38
          text run at (48,48) width 656: "This element should have an overall padding of half an inch, which will require extra text in order to test."
          text run at (48,67) width 467: "Both the content background and the padding should be aqua (light blue)."
      RenderBlock {P} at (0,358) size 784x88 [bgcolor=#00FFFF]
        RenderText {#text} at (25,25) size 696x38
          text run at (25,25) width 643: "This element should have an overall padding of 25 pixels, which will require extra text in order to test. "
          text run at (668,25) width 53: "Both the"
          text run at (25,44) width 410: "content background and the padding should be aqua (light blue)."
      RenderBlock {P} at (0,460) size 784x178 [bgcolor=#00FFFF]
        RenderText {#text} at (70,70) size 615x38
          text run at (70,70) width 615: "This element should have an overall padding of 5 em, which will require extra text in order to test."
          text run at (70,89) width 467: "Both the content background and the padding should be aqua (light blue)."
      RenderBlock {P} at (0,652) size 784x468 [bgcolor=#00FFFF]
        RenderText {#text} at (196,196) size 392x76
          text run at (196,196) width 390: "This element should have an overall padding of 25%, which is"
          text run at (196,215) width 365: "calculated with respect to the width of the parent element."
          text run at (196,234) width 392: "Both the content background and the padding should be aqua"
          text run at (196,253) width 71: "(light blue)."
      RenderBlock {P} at (0,1134) size 784x38 [bgcolor=#00FFFF]
        RenderText {#text} at (0,0) size 781x38
          text run at (0,0) width 546: "This element should have no padding, since negative padding values are not allowed. "
          text run at (546,0) width 235: "Both the content background and the"
          text run at (0,19) width 276: "normal padding should be aqua (light blue)."
      RenderTable {TABLE} at (0,1186) size 784x1021 [border: (1px outset #808080)]
        RenderTableSection {TBODY} at (1,1) size 782x1019
          RenderTableRow {TR} at (0,0) size 782x28
            RenderTableCell {TD} at (0,0) size 782x28 [bgcolor=#C0C0C0] [border: (1px inset #808080)] [r=0 c=0 rs=1 cs=2]
              RenderInline {STRONG} at (0,0) size 159x20
                RenderText {#text} at (4,4) size 159x20
                  text run at (4,4) width 159: "TABLE Testing Section"
          RenderTableRow {TR} at (0,28) size 782x991
            RenderTableCell {TD} at (0,510) size 12x27 [bgcolor=#C0C0C0] [border: (1px inset #808080)] [r=1 c=0 rs=1 cs=1]
              RenderText {#text} at (4,4) size 4x19
                text run at (4,4) width 4: " "
            RenderTableCell {TD} at (12,28) size 770x991 [border: (1px inset #808080)] [r=1 c=1 rs=1 cs=1]
              RenderBlock {P} at (4,4) size 762x19 [bgcolor=#C0C0C0]
                RenderText {#text} at (0,0) size 209x19
                  text run at (0,0) width 209: "This element has a class of zero."
              RenderBlock {P} at (4,37) size 762x134 [bgcolor=#00FFFF]
                RenderText {#text} at (48,48) size 656x38
                  text run at (48,48) width 656: "This element should have an overall padding of half an inch, which will require extra text in order to test."
                  text run at (48,67) width 467: "Both the content background and the padding should be aqua (light blue)."
              RenderBlock {P} at (4,185) size 762x88 [bgcolor=#00FFFF]
                RenderText {#text} at (25,25) size 696x38
                  text run at (25,25) width 643: "This element should have an overall padding of 25 pixels, which will require extra text in order to test. "
                  text run at (668,25) width 53: "Both the"
                  text run at (25,44) width 410: "content background and the padding should be aqua (light blue)."
              RenderBlock {P} at (4,287) size 762x178 [bgcolor=#00FFFF]
                RenderText {#text} at (70,70) size 615x38
                  text run at (70,70) width 615: "This element should have an overall padding of 5 em, which will require extra text in order to test."
                  text run at (70,89) width 467: "Both the content background and the padding should be aqua (light blue)."
              RenderBlock {P} at (4,479) size 762x456 [bgcolor=#00FFFF]
                RenderText {#text} at (190,190) size 379x76
                  text run at (190,190) width 376: "This element should have an overall padding of 25%, which"
                  text run at (190,209) width 379: "is calculated with respect to the width of the parent element."
                  text run at (190,228) width 356: "Both the content background and the padding should be"
                  text run at (190,247) width 107: "aqua (light blue)."
              RenderBlock {P} at (4,949) size 762x38 [bgcolor=#00FFFF]
                RenderText {#text} at (0,0) size 757x38
                  text run at (0,0) width 546: "This element should have no padding, since negative padding values are not allowed. "
                  text run at (546,0) width 211: "Both the content background and"
                  text run at (0,19) width 300: "the normal padding should be aqua (light blue)."
