layer at (0,0) size 800x600
  RenderView at (0,0) size 800x600
layer at (0,0) size 800x600
  RenderBlock {HTML} at (0,0) size 800x600
    RenderBody {BODY} at (8,8) size 784x584 [bgcolor=#CCCCCC]
      RenderBlock {P} at (0,0) size 784x16
        RenderText {#text} at (0,0) size 352x16
          text run at (0,0) width 352: "The style declarations which apply to the text below are:"
      RenderBlock {PRE} at (0,30) size 784x48
        RenderText {#text} at (0,0) size 212x48
          text run at (0,0) width 208: ".one {padding-bottom: 25px; background-color: aqua;}"
          text run at (208,0) width 0: " "
          text run at (0,16) width 212: ".two {padding-bottom: -10px; background-color: aqua;}"
          text run at (212,16) width 0: " "
          text run at (0,32) width 0: " "
      RenderBlock {HR} at (0,92) size 784x2 [border: (1px inset #000000)]
      RenderBlock {P} at (0,108) size 784x64 [bgcolor=#808080]
        RenderText {#text} at (0,0) size 474x16
          text run at (0,0) width 385: "This element is unstyled save for a background color of gray. "
          text run at (385,0) width 89: "It contains an "
        RenderInline {SPAN} at (0,0) size 739x57 [bgcolor=#00FFFF]
          RenderText {#text} at (474,0) size 143x16
            text run at (474,0) width 143: "inline element of class "
          RenderInline {TT} at (0,0) size 12x16
            RenderText {#text} at (617,0) size 12x16
              text run at (617,0) width 12: "one"
          RenderText {#text} at (629,0) size 739x32
            text run at (629,0) width 110: ", giving it an aqua"
            text run at (0,16) width 249: "background and a 25px bottom padding"
        RenderText {#text} at (249,16) size 784x48
          text run at (249,16) width 7: ". "
          text run at (256,16) width 528: "Padding on inline elements does not affect line-height calculations, so all lines in this"
          text run at (0,32) width 268: "element should have the same line-height. "
          text run at (268,32) width 509: "There may be implementation-specific limits on how much of the padding the user"
          text run at (0,48) width 147: "agent is able to display."
      RenderBlock {P} at (0,186) size 784x48 [bgcolor=#808080]
        RenderText {#text} at (0,0) size 474x16
          text run at (0,0) width 385: "This element is unstyled save for a background color of gray. "
          text run at (385,0) width 89: "It contains an "
        RenderInline {SPAN} at (0,0) size 739x32 [bgcolor=#00FFFF]
          RenderText {#text} at (474,0) size 143x16
            text run at (474,0) width 143: "inline element of class "
          RenderInline {TT} at (0,0) size 12x16
            RenderText {#text} at (617,0) size 12x16
              text run at (617,0) width 12: "two"
          RenderText {#text} at (629,0) size 739x32
            text run at (629,0) width 110: ", giving it an aqua"
            text run at (0,16) width 520: "background and no bottom padding, since negative padding values are not allowed"
        RenderText {#text} at (520,16) size 756x32
          text run at (520,16) width 7: ". "
          text run at (527,16) width 229: "Padding on inline elements does not"
          text run at (0,32) width 563: "affect line-height calculations, so all lines in this element should have the same line-height."
      RenderTable {TABLE} at (0,248) size 784x160 [border: (1px outset #808080)]
        RenderTableSection {TBODY} at (1,1) size 782x158
          RenderTableRow {TR} at (0,0) size 782x24
            RenderTableCell {TD} at (0,0) size 782x24 [bgcolor=#C0C0C0] [border: (1px inset #808080)] [r=0 c=0 rs=1 cs=2]
              RenderInline {STRONG} at (0,0) size 157x16
                RenderText {#text} at (4,4) size 157x16
                  text run at (4,4) width 157: "TABLE Testing Section"
          RenderTableRow {TR} at (0,24) size 782x134
            RenderTableCell {TD} at (0,79) size 12x24 [bgcolor=#C0C0C0] [border: (1px inset #808080)] [r=1 c=0 rs=1 cs=1]
              RenderText {#text} at (4,4) size 4x16
                text run at (4,4) width 4: " "
            RenderTableCell {TD} at (12,24) size 770x134 [border: (1px inset #808080)] [r=1 c=1 rs=1 cs=1]
              RenderBlock {P} at (4,4) size 762x64 [bgcolor=#808080]
                RenderText {#text} at (0,0) size 474x16
                  text run at (0,0) width 385: "This element is unstyled save for a background color of gray. "
                  text run at (385,0) width 89: "It contains an "
                RenderInline {SPAN} at (0,0) size 739x57 [bgcolor=#00FFFF]
                  RenderText {#text} at (474,0) size 143x16
                    text run at (474,0) width 143: "inline element of class "
                  RenderInline {TT} at (0,0) size 12x16
                    RenderText {#text} at (617,0) size 12x16
                      text run at (617,0) width 12: "one"
                  RenderText {#text} at (629,0) size 739x32
                    text run at (629,0) width 110: ", giving it an aqua"
                    text run at (0,16) width 249: "background and a 25px bottom padding"
                RenderText {#text} at (249,16) size 758x48
                  text run at (249,16) width 7: ". "
                  text run at (256,16) width 502: "Padding on inline elements does not affect line-height calculations, so all lines in"
                  text run at (0,32) width 294: "this element should have the same line-height. "
                  text run at (294,32) width 454: "There may be implementation-specific limits on how much of the padding"
                  text run at (0,48) width 202: "the user agent is able to display."
              RenderBlock {P} at (4,82) size 762x48 [bgcolor=#808080]
                RenderText {#text} at (0,0) size 474x16
                  text run at (0,0) width 385: "This element is unstyled save for a background color of gray. "
                  text run at (385,0) width 89: "It contains an "
                RenderInline {SPAN} at (0,0) size 739x32 [bgcolor=#00FFFF]
                  RenderText {#text} at (474,0) size 143x16
                    text run at (474,0) width 143: "inline element of class "
                  RenderInline {TT} at (0,0) size 12x16
                    RenderText {#text} at (617,0) size 12x16
                      text run at (617,0) width 12: "two"
                  RenderText {#text} at (629,0) size 739x32
                    text run at (629,0) width 110: ", giving it an aqua"
                    text run at (0,16) width 520: "background and no bottom padding, since negative padding values are not allowed"
                RenderText {#text} at (520,16) size 756x32
                  text run at (520,16) width 7: ". "
                  text run at (527,16) width 229: "Padding on inline elements does not"
                  text run at (0,32) width 563: "affect line-height calculations, so all lines in this element should have the same line-height."
