layer at (0,0) size 800x600
  RenderCanvas at (0,0) size 800x600
layer at (0,0) size 800x253
  RenderBlock {HTML} at (0,0) size 800x253
    RenderBody {BODY} at (8,14) size 784x231
      RenderBlock {P} at (0,0) size 784x17
        RenderText {TEXT} at (0,0) size 209x17
          text run at (0,0) width 209: "There should be no red below."
      RenderBlock {DIV} at (0,31) size 600x200 [bgcolor=#FF0000]
        RenderBlock {P} at (0,0) size 600x100 [bgcolor=#008000]
          RenderImage {IMG} at (0,0) size 24x24 [bgcolor=#000000]
          RenderText {TEXT} at (0,0) size 0x0
          RenderImage {IMG} at (0,24) size 600x100 [bgcolor=#000000]
          RenderText {TEXT} at (0,0) size 0x0
