layer at (0,0) size 800x600
  RenderView at (0,0) size 800x600
layer at (0,0) size 800x600
  RenderBlock {HTML} at (0,0) size 800x600
    RenderBody {BODY} at (8,8) size 784x584
      RenderBlock {DIV} at (0,0) size 784x308
        RenderText {#text} at (163,136) size 158x18
          text run at (163,136) width 158: "This should be centered. "
        RenderPartObject {IFRAME} at (321,0) size 300x150
          layer at (0,0) size 300x150
            RenderView at (0,0) size 300x150
          layer at (0,0) size 300x150
            RenderBlock {HTML} at (0,0) size 300x150
              RenderBody {BODY} at (8,8) size 284x134 [bgcolor=#FF0000]
        RenderBR {BR} at (621,150) size 0x0
        RenderText {#text} at (163,290) size 158x18
          text run at (163,290) width 158: "This should be centered. "
        RenderPartObject {OBJECT} at (321,154) size 300x150
          layer at (0,0) size 300x150
            RenderView at (0,0) size 300x150
          layer at (0,0) size 300x150
            RenderBlock {HTML} at (0,0) size 300x150
              RenderBody {BODY} at (8,8) size 284x134 [bgcolor=#FF0000]
        RenderBR {BR} at (621,304) size 0x0
