layer at (0,0) size 800x600
  RenderCanvas at (0,0) size 800x600
layer at (0,0) size 800x288
  RenderBlock {HTML} at (0,0) size 800x288
    RenderBody {BODY} at (8,14) size 784x260
      RenderBlock {P} at (0,0) size 784x17
        RenderText {TEXT} at (0,0) size 433x17
          text run at (0,0) width 433: "These images should all look the same, square not rectangular."
      RenderBlock {P} at (0,31) size 784x67
        RenderImage {IMG} at (0,0) size 64x64
      RenderBlock {P} at (0,112) size 784x67
        RenderImage {IMG} at (0,0) size 64x64
      RenderBlock {P} at (0,193) size 784x67
        RenderImage {IMG} at (0,0) size 64x64
