layer at (0,0) size 800x600
  RenderView at (0,0) size 800x600
layer at (0,0) size 800x50
  RenderBlock {HTML} at (0,0) size 800x50
    RenderBody {BODY} at (8,16) size 784x18
      RenderBlock {P} at (0,0) size 784x18
        RenderText {#text} at (0,0) size 512x18
          text run at (0,0) width 512: "The following two blocks should be identical, including overflow. (Force bidi: \x{D7}\x{90})"
      RenderBlock {DIV} at (0,34) size 784x0
        RenderBlock (floating) {P} at (16,16) size 177x166 [bgcolor=#FFFFCC] [border: (3px solid #000000)]
          RenderInline {SPAN} at (0,0) size 150x36 [color=#000080] [border: (3px solid #000080) none (3px solid #000080)]
            RenderText {#text} at (30,26) size 131x18
              text run at (30,26) width 131: "aaa bbb ccc ddd eee "
          RenderText {#text} at (0,0) size 0x0
          RenderBR {BR} at (0,0) size 0x0
          RenderInline {SPAN} at (0,0) size 38x36 [color=#FFA500] [border: (3px solid #FFA500) none (3px solid #FFA500)]
            RenderText {#text} at (30,74) size 19x18
              text run at (30,74) width 19: "fff "
          RenderText {#text} at (49,74) size 72x18
            text run at (49,74) width 72: "ggg hhh iii "
          RenderInline {SPAN} at (0,0) size 35x36 [color=#000080] [border: (3px solid #000080) none]
            RenderText {#text} at (121,74) size 16x18
              text run at (121,74) width 16: "jjj "
          RenderText {#text} at (0,0) size 0x0
          RenderBR {BR} at (0,0) size 0x0
          RenderInline {SPAN} at (0,0) size 155x36 [color=#FFA500] [border: (3px solid #FFA500) none]
            RenderText {#text} at (11,122) size 136x18
              text run at (11,122) width 136: "kkk lll mmm nnn ooo"
          RenderText {#text} at (0,0) size 0x0
        RenderBlock (floating) {P} at (16,214) size 181x166 [bgcolor=#FFFFCC] [border: (3px solid #000000)]
          RenderInline {SPAN} at (0,0) size 154x84 [color=#000080] [border: (3px solid #000080)]
            RenderText {#text} at (30,26) size 135x18
              text run at (30,26) width 25: "aaa "
              text run at (55,26) width 28: "bbb "
              text run at (83,26) width 25: "ccc "
              text run at (108,26) width 28 RTL override: "ddd "
              text run at (136,26) width 29 RTL override: "\x{202E} eee "
            RenderBR {BR} at (0,0) size 0x0
            RenderText {#text} at (11,74) size 16x18
              text run at (11,74) width 16: "jjj "
          RenderText {#text} at (46,74) size 72x18
            text run at (46,74) width 16: "iii "
            text run at (62,74) width 28: "hhh "
            text run at (90,74) width 28: "ggg "
          RenderInline {SPAN} at (0,0) size 159x84 [color=#FFA500] [border: (3px solid #FFA500)]
            RenderText {#text} at (137,74) size 19x18
              text run at (137,74) width 19: "fff "
            RenderBR {BR} at (0,0) size 0x0
            RenderText {#text} at (11,122) size 140x18
              text run at (11,122) width 16: "lll "
              text run at (27,122) width 72: "kkk \x{202C} mmm "
              text run at (99,122) width 28: "nnn "
              text run at (127,122) width 24: "ooo"
          RenderText {#text} at (0,0) size 0x0
