layer at (0,0) size 800x600
  RenderView at (0,0) size 800x600
layer at (0,0) size 800x600
  RenderBlock {HTML} at (0,0) size 800x600
    RenderBody {BODY} at (8,20) size 784x560
      RenderBlock {DIV} at (20,0) size 744x192
        RenderBlock {DIV} at (0,0) size 119x192
          RenderInline {SPAN} at (0,0) size 119x191 [bgcolor=#DDDDDD] [border: (20px solid #808080)]
            RenderText {#text} at (35,20) size 84x55
              text run at (35,20) width 84: "       "
            RenderBR {BR} at (119,63) size 0x0
            RenderText {#text} at (0,116) size 84x55
              text run at (0,116) width 84: "       "
          RenderText {#text} at (0,0) size 0x0
        RenderText {#text} at (119,145) size 4x18
          text run at (119,145) width 4: " "
        RenderBlock {DIV} at (123,0) size 119x192
          RenderInline {SPAN} at (0,0) size 119x191 [bgcolor=#DDDDDD] [border: (20px groove #808080)]
            RenderText {#text} at (35,20) size 84x55
              text run at (35,20) width 84: "       "
            RenderBR {BR} at (119,63) size 0x0
            RenderText {#text} at (0,116) size 84x55
              text run at (0,116) width 84: "       "
          RenderText {#text} at (0,0) size 0x0
        RenderText {#text} at (242,145) size 4x18
          text run at (242,145) width 4: " "
        RenderBlock {DIV} at (246,0) size 119x192
          RenderInline {SPAN} at (0,0) size 119x191 [bgcolor=#DDDDDD] [border: (20px ridge #808080)]
            RenderText {#text} at (35,20) size 84x55
              text run at (35,20) width 84: "       "
            RenderBR {BR} at (119,63) size 0x0
            RenderText {#text} at (0,116) size 84x55
              text run at (0,116) width 84: "       "
          RenderText {#text} at (0,0) size 0x0
        RenderText {#text} at (365,145) size 4x18
          text run at (365,145) width 4: " "
        RenderBlock {DIV} at (369,0) size 119x192
          RenderInline {SPAN} at (0,0) size 119x191 [bgcolor=#DDDDDD] [border: (20px outset #808080)]
            RenderText {#text} at (35,20) size 84x55
              text run at (35,20) width 84: "       "
            RenderBR {BR} at (119,63) size 0x0
            RenderText {#text} at (0,116) size 84x55
              text run at (0,116) width 84: "       "
          RenderText {#text} at (0,0) size 0x0
        RenderText {#text} at (488,145) size 4x18
          text run at (488,145) width 4: " "
        RenderBlock {DIV} at (492,0) size 119x192
          RenderInline {SPAN} at (0,0) size 119x191 [bgcolor=#DDDDDD] [border: (20px inset #808080)]
            RenderText {#text} at (35,20) size 84x55
              text run at (35,20) width 84: "       "
            RenderBR {BR} at (119,63) size 0x0
            RenderText {#text} at (0,116) size 84x55
              text run at (0,116) width 84: "       "
          RenderText {#text} at (0,0) size 0x0
        RenderText {#text} at (0,0) size 0x0
      RenderBlock {DIV} at (20,212) size 744x192
        RenderBlock {DIV} at (0,0) size 119x192
          RenderInline {SPAN} at (0,0) size 119x191 [bgcolor=#DDDDDD] [border: (20px solid #808080)]
            RenderText {#text} at (35,20) size 84x55
              text run at (35,20) width 84: "       "
            RenderBR {BR} at (119,63) size 0x0
            RenderText {#text} at (0,116) size 84x55
              text run at (0,116) width 84: "       "
          RenderText {#text} at (0,0) size 0x0
        RenderText {#text} at (119,145) size 4x18
          text run at (119,145) width 4: " "
        RenderBlock {DIV} at (123,0) size 119x192
          RenderInline {SPAN} at (0,0) size 119x191 [bgcolor=#DDDDDD] [border: (20px groove #808080)]
            RenderText {#text} at (35,20) size 84x55
              text run at (35,20) width 84: "       "
            RenderBR {BR} at (119,63) size 0x0
            RenderText {#text} at (0,116) size 84x55
              text run at (0,116) width 84: "       "
          RenderText {#text} at (0,0) size 0x0
        RenderText {#text} at (242,145) size 4x18
          text run at (242,145) width 4: " "
        RenderBlock {DIV} at (246,0) size 119x192
          RenderInline {SPAN} at (0,0) size 119x191 [bgcolor=#DDDDDD] [border: (20px ridge #808080)]
            RenderText {#text} at (35,20) size 84x55
              text run at (35,20) width 84: "       "
            RenderBR {BR} at (119,63) size 0x0
            RenderText {#text} at (0,116) size 84x55
              text run at (0,116) width 84: "       "
          RenderText {#text} at (0,0) size 0x0
        RenderText {#text} at (365,145) size 4x18
          text run at (365,145) width 4: " "
        RenderBlock {DIV} at (369,0) size 119x192
          RenderInline {SPAN} at (0,0) size 119x191 [bgcolor=#DDDDDD] [border: (20px outset #808080)]
            RenderText {#text} at (35,20) size 84x55
              text run at (35,20) width 84: "       "
            RenderBR {BR} at (119,63) size 0x0
            RenderText {#text} at (0,116) size 84x55
              text run at (0,116) width 84: "       "
          RenderText {#text} at (0,0) size 0x0
        RenderText {#text} at (488,145) size 4x18
          text run at (488,145) width 4: " "
        RenderBlock {DIV} at (492,0) size 119x192
          RenderInline {SPAN} at (0,0) size 119x191 [bgcolor=#DDDDDD] [border: (20px inset #808080)]
            RenderText {#text} at (35,20) size 84x55
              text run at (35,20) width 84: "       "
            RenderBR {BR} at (119,63) size 0x0
            RenderText {#text} at (0,116) size 84x55
              text run at (0,116) width 84: "       "
          RenderText {#text} at (0,0) size 0x0
        RenderText {#text} at (0,0) size 0x0
