layer at (0,0) size 934x584
  RenderView at (0,0) size 800x584
layer at (0,0) size 934x584
  RenderBlock {HTML} at (0,0) size 934x584
    RenderBody {BODY} at (8,8) size 918x568
layer at (8,8) size 451x568
  RenderBlock {DIV} at (0,0) size 451x568 [border: (5px solid #0000FF)]
    RenderBlock (anonymous) at (5,5) size 441x271
      RenderText {#text} at (0,0) size 21x115
        text run at (0,0) width 115: "This is some text."
      RenderBR {BR} at (5,115) size 0x0
      RenderText {#text} at (21,0) size 21x115
        text run at (21,0) width 115: "This is some text."
      RenderBR {BR} at (26,115) size 0x0
      RenderText {#text} at (42,0) size 21x115
        text run at (42,0) width 115: "This is some text."
      RenderBR {BR} at (47,115) size 0x0
      RenderText {#text} at (63,0) size 21x115
        text run at (63,0) width 115: "This is some text."
      RenderBR {BR} at (68,115) size 0x0
      RenderText {#text} at (84,0) size 21x115
        text run at (84,0) width 115: "This is some text."
      RenderBR {BR} at (89,115) size 0x0
      RenderText {#text} at (105,0) size 21x115
        text run at (105,0) width 115: "This is some text."
      RenderBR {BR} at (110,115) size 0x0
      RenderText {#text} at (126,0) size 21x115
        text run at (126,0) width 115: "This is some text."
      RenderBR {BR} at (131,115) size 0x0
      RenderText {#text} at (147,0) size 21x115
        text run at (147,0) width 115: "This is some text."
      RenderBR {BR} at (152,115) size 0x0
      RenderText {#text} at (168,0) size 21x115
        text run at (168,0) width 115: "This is some text."
      RenderBR {BR} at (173,115) size 0x0
      RenderText {#text} at (189,0) size 21x115
        text run at (189,0) width 115: "This is some text."
      RenderBR {BR} at (194,115) size 0x0
      RenderText {#text} at (210,0) size 21x115
        text run at (210,0) width 115: "This is some text."
      RenderBR {BR} at (215,115) size 0x0
      RenderText {#text} at (231,0) size 21x115
        text run at (231,0) width 115: "This is some text."
      RenderBR {BR} at (236,115) size 0x0
      RenderText {#text} at (252,0) size 21x115
        text run at (252,0) width 115: "This is some text."
      RenderBR {BR} at (257,115) size 0x0
      RenderText {#text} at (273,0) size 21x115
        text run at (273,0) width 115: "This is some text."
      RenderBR {BR} at (278,115) size 0x0
      RenderText {#text} at (294,0) size 21x115
        text run at (294,0) width 115: "This is some text."
      RenderBR {BR} at (299,115) size 0x0
      RenderText {#text} at (315,0) size 21x115
        text run at (315,0) width 115: "This is some text."
      RenderBR {BR} at (320,115) size 0x0
      RenderText {#text} at (336,0) size 21x115
        text run at (336,0) width 115: "This is some text."
      RenderBR {BR} at (341,115) size 0x0
      RenderText {#text} at (357,0) size 21x115
        text run at (357,0) width 115: "This is some text."
      RenderBR {BR} at (362,115) size 0x0
      RenderText {#text} at (378,0) size 21x115
        text run at (378,0) width 115: "This is some text."
      RenderBR {BR} at (383,115) size 0x0
      RenderText {#text} at (399,0) size 21x115
        text run at (399,0) width 115: "This is some text."
      RenderBR {BR} at (404,115) size 0x0
      RenderText {#text} at (420,0) size 21x115
        text run at (420,0) width 115: "This is some text."
      RenderBR {BR} at (425,115) size 0x0
    RenderBlock {DIV} at (446,5) size 168x271
      RenderText {#text} at (0,0) size 42x220
        text run at (0,0) width 220: "This text should be in the second"
        text run at (21,0) width 54: "column."
      RenderBR {BR} at (26,54) size 0x0
      RenderText {#text} at (42,0) size 42x220
        text run at (42,0) width 220: "This text should be in the second"
        text run at (63,0) width 54: "column."
      RenderBR {BR} at (68,54) size 0x0
      RenderText {#text} at (84,0) size 42x220
        text run at (84,0) width 220: "This text should be in the second"
        text run at (105,0) width 54: "column."
      RenderBR {BR} at (110,54) size 0x0
      RenderText {#text} at (126,0) size 42x220
        text run at (126,0) width 220: "This text should be in the second"
        text run at (147,0) width 54: "column."
      RenderBR {BR} at (152,54) size 0x0
layer at (475,8) size 451x568
  RenderBlock {DIV} at (467,0) size 451x568 [border: (5px solid #0000FF)]
    RenderBlock (anonymous) at (5,5) size 84x271
      RenderText {#text} at (0,0) size 21x259
        text run at (0,0) width 259: "This text should be in the first column."
      RenderBR {BR} at (5,259) size 0x0
      RenderText {#text} at (21,0) size 21x259
        text run at (21,0) width 259: "This text should be in the first column."
      RenderBR {BR} at (26,259) size 0x0
      RenderText {#text} at (42,0) size 21x259
        text run at (42,0) width 259: "This text should be in the first column."
      RenderBR {BR} at (47,259) size 0x0
      RenderText {#text} at (63,0) size 21x259
        text run at (63,0) width 259: "This text should be in the first column."
      RenderBR {BR} at (68,259) size 0x0
    RenderBlock {DIV} at (446,5) size 441x271
      RenderText {#text} at (0,0) size 21x115
        text run at (0,0) width 115: "This is some text."
      RenderBR {BR} at (5,115) size 0x0
      RenderText {#text} at (21,0) size 21x115
        text run at (21,0) width 115: "This is some text."
      RenderBR {BR} at (26,115) size 0x0
      RenderText {#text} at (42,0) size 21x115
        text run at (42,0) width 115: "This is some text."
      RenderBR {BR} at (47,115) size 0x0
      RenderText {#text} at (63,0) size 21x115
        text run at (63,0) width 115: "This is some text."
      RenderBR {BR} at (68,115) size 0x0
      RenderText {#text} at (84,0) size 21x115
        text run at (84,0) width 115: "This is some text."
      RenderBR {BR} at (89,115) size 0x0
      RenderText {#text} at (105,0) size 21x115
        text run at (105,0) width 115: "This is some text."
      RenderBR {BR} at (110,115) size 0x0
      RenderText {#text} at (126,0) size 21x115
        text run at (126,0) width 115: "This is some text."
      RenderBR {BR} at (131,115) size 0x0
      RenderText {#text} at (147,0) size 21x115
        text run at (147,0) width 115: "This is some text."
      RenderBR {BR} at (152,115) size 0x0
      RenderText {#text} at (168,0) size 21x115
        text run at (168,0) width 115: "This is some text."
      RenderBR {BR} at (173,115) size 0x0
      RenderText {#text} at (189,0) size 21x115
        text run at (189,0) width 115: "This is some text."
      RenderBR {BR} at (194,115) size 0x0
      RenderText {#text} at (210,0) size 21x115
        text run at (210,0) width 115: "This is some text."
      RenderBR {BR} at (215,115) size 0x0
      RenderText {#text} at (231,0) size 21x115
        text run at (231,0) width 115: "This is some text."
      RenderBR {BR} at (236,115) size 0x0
      RenderText {#text} at (252,0) size 21x115
        text run at (252,0) width 115: "This is some text."
      RenderBR {BR} at (257,115) size 0x0
      RenderText {#text} at (273,0) size 21x115
        text run at (273,0) width 115: "This is some text."
      RenderBR {BR} at (278,115) size 0x0
      RenderText {#text} at (294,0) size 21x115
        text run at (294,0) width 115: "This is some text."
      RenderBR {BR} at (299,115) size 0x0
      RenderText {#text} at (315,0) size 21x115
        text run at (315,0) width 115: "This is some text."
      RenderBR {BR} at (320,115) size 0x0
      RenderText {#text} at (336,0) size 21x115
        text run at (336,0) width 115: "This is some text."
      RenderBR {BR} at (341,115) size 0x0
      RenderText {#text} at (357,0) size 21x115
        text run at (357,0) width 115: "This is some text."
      RenderBR {BR} at (362,115) size 0x0
      RenderText {#text} at (378,0) size 21x115
        text run at (378,0) width 115: "This is some text."
      RenderBR {BR} at (383,115) size 0x0
      RenderText {#text} at (399,0) size 21x115
        text run at (399,0) width 115: "This is some text."
      RenderBR {BR} at (404,115) size 0x0
      RenderText {#text} at (420,0) size 21x115
        text run at (420,0) width 115: "This is some text."
      RenderBR {BR} at (425,115) size 0x0
