layer at (0,0) size 784x1208
  RenderView at (0,0) size 784x600
layer at (0,0) size 784x600
  RenderBlock {HTML} at (0,0) size 784x600
    RenderBody {BODY} at (8,8) size 768x1200
layer at (8,8) size 404x1200
  RenderBlock {DIV} at (0,0) size 404x1200 [border: (2px solid #000000)]
    RenderText {#text} at (2,2) size 22x115
      text run at (2,2) width 115: "This is some text."
    RenderBR {BR} at (8,117) size 0x0
    RenderText {#text} at (24,2) size 22x115
      text run at (24,2) width 115: "This is some text."
    RenderBR {BR} at (30,117) size 0x0
    RenderText {#text} at (46,2) size 22x115
      text run at (46,2) width 115: "This is some text."
    RenderBR {BR} at (52,117) size 0x0
    RenderText {#text} at (68,2) size 22x115
      text run at (68,2) width 115: "This is some text."
    RenderBR {BR} at (74,117) size 0x0
    RenderText {#text} at (90,2) size 22x115
      text run at (90,2) width 115: "This is some text."
    RenderBR {BR} at (96,117) size 0x0
    RenderText {#text} at (112,2) size 22x115
      text run at (112,2) width 115: "This is some text."
    RenderBR {BR} at (118,117) size 0x0
    RenderText {#text} at (134,2) size 22x115
      text run at (134,2) width 115: "This is some text."
    RenderBR {BR} at (140,117) size 0x0
    RenderText {#text} at (156,2) size 22x115
      text run at (156,2) width 115: "This is some text."
    RenderBR {BR} at (162,117) size 0x0
    RenderText {#text} at (178,2) size 22x115
      text run at (178,2) width 115: "This is some text."
    RenderBR {BR} at (184,117) size 0x0
    RenderText {#text} at (200,2) size 22x115
      text run at (200,2) width 115: "This is some text."
    RenderBR {BR} at (206,117) size 0x0
    RenderImage {IMG} at (402,2) size 300x250 [bgcolor=#008000]
    RenderText {#text} at (402,252) size 22x115
      text run at (402,252) width 115: "This is some text."
    RenderBR {BR} at (408,367) size 0x0
    RenderText {#text} at (424,252) size 22x115
      text run at (424,252) width 115: "This is some text."
    RenderBR {BR} at (430,367) size 0x0
    RenderText {#text} at (446,252) size 22x115
      text run at (446,252) width 115: "This is some text."
    RenderBR {BR} at (452,367) size 0x0
    RenderText {#text} at (468,252) size 22x115
      text run at (468,252) width 115: "This is some text."
    RenderBR {BR} at (474,367) size 0x0
    RenderText {#text} at (490,252) size 22x115
      text run at (490,252) width 115: "This is some text."
    RenderBR {BR} at (496,367) size 0x0
    RenderText {#text} at (512,252) size 22x115
      text run at (512,252) width 115: "This is some text."
    RenderBR {BR} at (518,367) size 0x0
    RenderText {#text} at (534,252) size 22x115
      text run at (534,252) width 115: "This is some text."
    RenderBR {BR} at (540,367) size 0x0
    RenderText {#text} at (556,252) size 22x115
      text run at (556,252) width 115: "This is some text."
    RenderBR {BR} at (562,367) size 0x0
    RenderText {#text} at (578,252) size 22x115
      text run at (578,252) width 115: "This is some text."
    RenderBR {BR} at (584,367) size 0x0
    RenderText {#text} at (600,252) size 22x115
      text run at (600,252) width 115: "This is some text."
    RenderBR {BR} at (606,367) size 0x0
    RenderText {#text} at (622,252) size 22x115
      text run at (622,252) width 115: "This is some text."
    RenderBR {BR} at (628,367) size 0x0
    RenderText {#text} at (644,252) size 22x115
      text run at (644,252) width 115: "This is some text."
    RenderBR {BR} at (650,367) size 0x0
    RenderText {#text} at (666,252) size 22x115
      text run at (666,252) width 115: "This is some text."
    RenderBR {BR} at (672,367) size 0x0
    RenderText {#text} at (688,252) size 22x115
      text run at (688,252) width 115: "This is some text."
    RenderBR {BR} at (694,367) size 0x0
    RenderText {#text} at (710,2) size 22x115
      text run at (710,2) width 115: "This is some text."
    RenderBR {BR} at (716,117) size 0x0
    RenderText {#text} at (732,2) size 22x115
      text run at (732,2) width 115: "This is some text."
    RenderBR {BR} at (738,117) size 0x0
    RenderText {#text} at (754,2) size 22x115
      text run at (754,2) width 115: "This is some text."
    RenderBR {BR} at (760,117) size 0x0
    RenderText {#text} at (776,2) size 22x115
      text run at (776,2) width 115: "This is some text."
    RenderBR {BR} at (782,117) size 0x0
    RenderText {#text} at (802,2) size 22x115
      text run at (802,2) width 115: "This is some text."
    RenderBR {BR} at (808,117) size 0x0
    RenderText {#text} at (824,2) size 22x115
      text run at (824,2) width 115: "This is some text."
    RenderBR {BR} at (830,117) size 0x0
    RenderText {#text} at (846,2) size 22x115
      text run at (846,2) width 115: "This is some text."
    RenderBR {BR} at (852,117) size 0x0
    RenderText {#text} at (868,2) size 22x115
      text run at (868,2) width 115: "This is some text."
    RenderBR {BR} at (874,117) size 0x0
    RenderText {#text} at (890,2) size 22x115
      text run at (890,2) width 115: "This is some text."
    RenderBR {BR} at (896,117) size 0x0
    RenderText {#text} at (912,2) size 22x115
      text run at (912,2) width 115: "This is some text."
    RenderBR {BR} at (918,117) size 0x0
    RenderText {#text} at (934,2) size 22x115
      text run at (934,2) width 115: "This is some text."
    RenderBR {BR} at (940,117) size 0x0
    RenderText {#text} at (956,2) size 22x115
      text run at (956,2) width 115: "This is some text."
    RenderBR {BR} at (962,117) size 0x0
    RenderText {#text} at (978,2) size 22x115
      text run at (978,2) width 115: "This is some text."
    RenderBR {BR} at (984,117) size 0x0
    RenderText {#text} at (1000,2) size 22x115
      text run at (1000,2) width 115: "This is some text."
    RenderBR {BR} at (1006,117) size 0x0
    RenderText {#text} at (1022,2) size 22x115
      text run at (1022,2) width 115: "This is some text."
    RenderBR {BR} at (1028,117) size 0x0
    RenderText {#text} at (1044,2) size 22x115
      text run at (1044,2) width 115: "This is some text."
    RenderBR {BR} at (1050,117) size 0x0
