layer at (0,0) size 1680x1208
  RenderView at (0,0) size 784x584
layer at (0,0) size 1680x584
  RenderBlock {HTML} at (0,0) size 1680x584
    RenderBody {BODY} at (8,8) size 1664x1200
layer at (8,8) size 404x1200
  RenderBlock {DIV} at (0,0) size 404x1200 [border: (2px solid #000000)]
    RenderBlock (anonymous) at (2,2) size 294x388
      RenderText {#text} at (0,0) size 21x115
        text run at (0,0) width 115: "This is some text."
      RenderBR {BR} at (5,115) size 0x0
      RenderText {#text} at (21,0) size 21x115
        text run at (21,0) width 115: "This is some text."
      RenderBR {BR} at (26,115) size 0x0
      RenderText {#text} at (42,0) size 21x115
        text run at (42,0) width 115: "This is some text."
      RenderBR {BR} at (47,115) size 0x0
      RenderText {#text} at (63,0) size 21x115
        text run at (63,0) width 115: "This is some text."
      RenderBR {BR} at (68,115) size 0x0
      RenderText {#text} at (84,0) size 21x115
        text run at (84,0) width 115: "This is some text."
      RenderBR {BR} at (89,115) size 0x0
      RenderText {#text} at (105,0) size 21x115
        text run at (105,0) width 115: "This is some text."
      RenderBR {BR} at (110,115) size 0x0
      RenderText {#text} at (126,0) size 21x115
        text run at (126,0) width 115: "This is some text."
      RenderBR {BR} at (131,115) size 0x0
      RenderText {#text} at (147,0) size 21x115
        text run at (147,0) width 115: "This is some text."
      RenderBR {BR} at (152,115) size 0x0
      RenderText {#text} at (168,0) size 21x115
        text run at (168,0) width 115: "This is some text."
      RenderBR {BR} at (173,115) size 0x0
      RenderText {#text} at (189,0) size 21x115
        text run at (189,0) width 115: "This is some text."
      RenderBR {BR} at (194,115) size 0x0
      RenderText {#text} at (210,0) size 21x115
        text run at (210,0) width 115: "This is some text."
      RenderBR {BR} at (215,115) size 0x0
      RenderText {#text} at (231,0) size 21x115
        text run at (231,0) width 115: "This is some text."
      RenderBR {BR} at (236,115) size 0x0
      RenderText {#text} at (252,0) size 21x115
        text run at (252,0) width 115: "This is some text."
      RenderBR {BR} at (257,115) size 0x0
      RenderText {#text} at (273,0) size 21x115
        text run at (273,0) width 115: "This is some text."
      RenderBR {BR} at (278,115) size 0x0
    RenderBlock {P} at (312,2) size 637x388
      RenderBlock (floating) {SPAN} at (90,0) size 167x85
        RenderText {#text} at (0,0) size 166x85
          text run at (0,0) width 85: "T"
      RenderText {#text} at (90,85) size 21x104
        text run at (90,85) width 104: "his is some text."
      RenderBR {BR} at (95,189) size 0x0
      RenderText {#text} at (111,85) size 21x115
        text run at (111,85) width 115: "This is some text."
      RenderBR {BR} at (116,200) size 0x0
      RenderText {#text} at (132,85) size 21x115
        text run at (132,85) width 115: "This is some text."
      RenderBR {BR} at (137,200) size 0x0
      RenderText {#text} at (153,85) size 21x115
        text run at (153,85) width 115: "This is some text."
      RenderBR {BR} at (158,200) size 0x0
      RenderText {#text} at (174,85) size 21x115
        text run at (174,85) width 115: "This is some text."
      RenderBR {BR} at (179,200) size 0x0
      RenderText {#text} at (195,85) size 21x115
        text run at (195,85) width 115: "This is some text."
      RenderBR {BR} at (200,200) size 0x0
      RenderText {#text} at (216,85) size 21x115
        text run at (216,85) width 115: "This is some text."
      RenderBR {BR} at (221,200) size 0x0
      RenderText {#text} at (237,85) size 21x115
        text run at (237,85) width 115: "This is some text."
      RenderBR {BR} at (242,200) size 0x0
      RenderText {#text} at (258,0) size 21x115
        text run at (258,0) width 115: "This is some text."
      RenderBR {BR} at (263,115) size 0x0
      RenderText {#text} at (279,0) size 21x115
        text run at (279,0) width 115: "This is some text."
      RenderBR {BR} at (284,115) size 0x0
      RenderText {#text} at (300,0) size 21x115
        text run at (300,0) width 115: "This is some text."
      RenderBR {BR} at (305,115) size 0x0
      RenderText {#text} at (321,0) size 21x115
        text run at (321,0) width 115: "This is some text."
      RenderBR {BR} at (326,115) size 0x0
      RenderText {#text} at (342,0) size 21x115
        text run at (342,0) width 115: "This is some text."
      RenderBR {BR} at (347,115) size 0x0
      RenderText {#text} at (363,0) size 21x115
        text run at (363,0) width 115: "This is some text."
      RenderBR {BR} at (368,115) size 0x0
      RenderText {#text} at (384,0) size 21x115
        text run at (384,0) width 115: "This is some text."
      RenderBR {BR} at (389,115) size 0x0
      RenderText {#text} at (405,0) size 21x115
        text run at (405,0) width 115: "This is some text."
      RenderBR {BR} at (410,115) size 0x0
      RenderText {#text} at (426,0) size 21x115
        text run at (426,0) width 115: "This is some text."
      RenderBR {BR} at (431,115) size 0x0
      RenderText {#text} at (447,0) size 21x115
        text run at (447,0) width 115: "This is some text."
      RenderBR {BR} at (452,115) size 0x0
      RenderText {#text} at (468,0) size 21x115
        text run at (468,0) width 115: "This is some text."
      RenderBR {BR} at (473,115) size 0x0
      RenderText {#text} at (490,0) size 21x115
        text run at (490,0) width 115: "This is some text."
      RenderBR {BR} at (495,115) size 0x0
      RenderText {#text} at (511,0) size 21x115
        text run at (511,0) width 115: "This is some text."
      RenderBR {BR} at (516,115) size 0x0
      RenderText {#text} at (532,0) size 21x115
        text run at (532,0) width 115: "This is some text."
      RenderBR {BR} at (537,115) size 0x0
      RenderText {#text} at (553,0) size 21x115
        text run at (553,0) width 115: "This is some text."
      RenderBR {BR} at (558,115) size 0x0
      RenderText {#text} at (574,0) size 21x115
        text run at (574,0) width 115: "This is some text."
      RenderBR {BR} at (579,115) size 0x0
      RenderText {#text} at (595,0) size 21x115
        text run at (595,0) width 115: "This is some text."
      RenderBR {BR} at (600,115) size 0x0
      RenderText {#text} at (616,0) size 21x115
        text run at (616,0) width 115: "This is some text."
      RenderBR {BR} at (621,115) size 0x0
layer at (428,8) size 404x1200
  RenderBlock {DIV} at (420,0) size 404x1200 [border: (2px solid #000000)]
    RenderBlock (anonymous) at (2,2) size 294x388
      RenderText {#text} at (0,0) size 21x115
        text run at (0,0) width 115: "This is some text."
      RenderBR {BR} at (5,115) size 0x0
      RenderText {#text} at (21,0) size 21x115
        text run at (21,0) width 115: "This is some text."
      RenderBR {BR} at (26,115) size 0x0
      RenderText {#text} at (42,0) size 21x115
        text run at (42,0) width 115: "This is some text."
      RenderBR {BR} at (47,115) size 0x0
      RenderText {#text} at (63,0) size 21x115
        text run at (63,0) width 115: "This is some text."
      RenderBR {BR} at (68,115) size 0x0
      RenderText {#text} at (84,0) size 21x115
        text run at (84,0) width 115: "This is some text."
      RenderBR {BR} at (89,115) size 0x0
      RenderText {#text} at (105,0) size 21x115
        text run at (105,0) width 115: "This is some text."
      RenderBR {BR} at (110,115) size 0x0
      RenderText {#text} at (126,0) size 21x115
        text run at (126,0) width 115: "This is some text."
      RenderBR {BR} at (131,115) size 0x0
      RenderText {#text} at (147,0) size 21x115
        text run at (147,0) width 115: "This is some text."
      RenderBR {BR} at (152,115) size 0x0
      RenderText {#text} at (168,0) size 21x115
        text run at (168,0) width 115: "This is some text."
      RenderBR {BR} at (173,115) size 0x0
      RenderText {#text} at (189,0) size 21x115
        text run at (189,0) width 115: "This is some text."
      RenderBR {BR} at (194,115) size 0x0
      RenderText {#text} at (210,0) size 21x115
        text run at (210,0) width 115: "This is some text."
      RenderBR {BR} at (215,115) size 0x0
      RenderText {#text} at (231,0) size 21x115
        text run at (231,0) width 115: "This is some text."
      RenderBR {BR} at (236,115) size 0x0
      RenderText {#text} at (252,0) size 21x115
        text run at (252,0) width 115: "This is some text."
      RenderBR {BR} at (257,115) size 0x0
      RenderText {#text} at (273,0) size 21x115
        text run at (273,0) width 115: "This is some text."
      RenderBR {BR} at (278,115) size 0x0
    RenderBlock {P} at (312,2) size 637x388
      RenderImage {IMG} at (90,0) size 100x100 [bgcolor=#008000]
      RenderImage {IMG} at (90,288) size 200x100 [bgcolor=#008000]
      RenderText {#text} at (90,100) size 21x111
        text run at (90,100) width 111: "This is some text"
      RenderBR {BR} at (95,211) size 0x0
      RenderText {#text} at (111,100) size 21x115
        text run at (111,100) width 115: "This is some text."
      RenderBR {BR} at (116,215) size 0x0
      RenderText {#text} at (132,100) size 21x115
        text run at (132,100) width 115: "This is some text."
      RenderBR {BR} at (137,215) size 0x0
      RenderText {#text} at (153,100) size 21x115
        text run at (153,100) width 115: "This is some text."
      RenderBR {BR} at (158,215) size 0x0
      RenderText {#text} at (174,100) size 21x115
        text run at (174,100) width 115: "This is some text."
      RenderBR {BR} at (179,215) size 0x0
      RenderText {#text} at (195,0) size 21x115
        text run at (195,0) width 115: "This is some text."
      RenderBR {BR} at (200,115) size 0x0
      RenderText {#text} at (216,0) size 21x115
        text run at (216,0) width 115: "This is some text."
      RenderBR {BR} at (221,115) size 0x0
      RenderText {#text} at (237,0) size 21x115
        text run at (237,0) width 115: "This is some text."
      RenderBR {BR} at (242,115) size 0x0
      RenderText {#text} at (258,0) size 21x115
        text run at (258,0) width 115: "This is some text."
      RenderBR {BR} at (263,115) size 0x0
      RenderText {#text} at (279,0) size 21x115
        text run at (279,0) width 115: "This is some text."
      RenderBR {BR} at (284,115) size 0x0
      RenderText {#text} at (300,0) size 21x115
        text run at (300,0) width 115: "This is some text."
      RenderBR {BR} at (305,115) size 0x0
      RenderText {#text} at (321,0) size 21x115
        text run at (321,0) width 115: "This is some text."
      RenderBR {BR} at (326,115) size 0x0
      RenderText {#text} at (342,0) size 21x115
        text run at (342,0) width 115: "This is some text."
      RenderBR {BR} at (347,115) size 0x0
      RenderText {#text} at (363,0) size 21x115
        text run at (363,0) width 115: "This is some text."
      RenderBR {BR} at (368,115) size 0x0
      RenderText {#text} at (384,0) size 21x115
        text run at (384,0) width 115: "This is some text."
      RenderBR {BR} at (389,115) size 0x0
      RenderText {#text} at (405,0) size 21x115
        text run at (405,0) width 115: "This is some text."
      RenderBR {BR} at (410,115) size 0x0
      RenderText {#text} at (426,0) size 21x115
        text run at (426,0) width 115: "This is some text."
      RenderBR {BR} at (431,115) size 0x0
      RenderText {#text} at (447,0) size 21x115
        text run at (447,0) width 115: "This is some text."
      RenderBR {BR} at (452,115) size 0x0
      RenderText {#text} at (468,0) size 21x115
        text run at (468,0) width 115: "This is some text."
      RenderBR {BR} at (473,115) size 0x0
      RenderText {#text} at (490,0) size 21x115
        text run at (490,0) width 115: "This is some text."
      RenderBR {BR} at (495,115) size 0x0
      RenderText {#text} at (511,0) size 21x115
        text run at (511,0) width 115: "This is some text."
      RenderBR {BR} at (516,115) size 0x0
      RenderText {#text} at (532,0) size 21x115
        text run at (532,0) width 115: "This is some text."
      RenderBR {BR} at (537,115) size 0x0
      RenderText {#text} at (553,0) size 21x115
        text run at (553,0) width 115: "This is some text."
      RenderBR {BR} at (558,115) size 0x0
      RenderText {#text} at (574,0) size 21x115
        text run at (574,0) width 115: "This is some text."
      RenderBR {BR} at (579,115) size 0x0
      RenderText {#text} at (595,0) size 21x115
        text run at (595,0) width 115: "This is some text."
      RenderBR {BR} at (600,115) size 0x0
      RenderText {#text} at (616,0) size 21x115
        text run at (616,0) width 115: "This is some text."
      RenderBR {BR} at (621,115) size 0x0
layer at (848,8) size 404x1200
  RenderBlock {DIV} at (840,0) size 404x1200 [border: (2px solid #000000)]
    RenderImage {IMG} at (2,2) size 390x300 [bgcolor=#008000]
    RenderText {#text} at (2,302) size 442x388
      text run at (2,302) width 79: "Longer text"
      text run at (23,302) width 76: "designed to"
      text run at (44,302) width 87: "test float and"
      text run at (65,302) width 66: "wrapping"
      text run at (86,302) width 64: "behavior."
      text run at (107,302) width 79: "Longer text"
      text run at (128,302) width 76: "designed to"
      text run at (149,302) width 87: "test float and"
      text run at (170,302) width 66: "wrapping"
      text run at (191,302) width 64: "behavior."
      text run at (212,302) width 79: "Longer text"
      text run at (233,302) width 76: "designed to"
      text run at (254,302) width 87: "test float and"
      text run at (275,302) width 66: "wrapping"
      text run at (296,302) width 64: "behavior."
      text run at (317,302) width 79: "Longer text"
      text run at (338,302) width 76: "designed to"
      text run at (359,302) width 87: "test float and"
      text run at (380,302) width 66: "wrapping"
      text run at (402,2) width 388: "behavior. Longer text designed to test float and wrapping"
      text run at (423,2) width 64: "behavior."
layer at (1268,8) size 404x1200
  RenderBlock {DIV} at (1260,0) size 404x1200 [border: (2px solid #000000)]
    RenderImage {IMG} at (2,2) size 380x388 [bgcolor=#0000FF]
    RenderInline {SPAN} at (0,0) size 280x386
      RenderImage {IMG} at (402,2) size 20x100 [bgcolor=#008000]
      RenderText {#text} at (402,102) size 32x221
        text run at (402,102) width 221: "Longer text designed "
      RenderImage {IMG} at (433,290) size 20x100 [bgcolor=#008000]
      RenderText {#text} at (402,323) size 280x386
        text run at (402,323) width 62: "to test"
        text run at (433,2) width 195: "float and wrapping"
        text run at (464,2) width 386: "behavior. Longer text designed to test"
        text run at (495,2) width 379: "float and wrapping behavior. Longer"
        text run at (526,2) width 299: "text designed to test float and"
        text run at (557,2) width 327: "wrapping behavior. Longer text"
        text run at (588,2) width 358: "designed to test float and wrapping"
        text run at (619,2) width 386: "behavior. Longer text designed to test"
        text run at (650,2) width 298: "float and wrapping behavior."
    RenderText {#text} at (0,0) size 0x0
