layer at (0,0) size 800x600
  RenderView at (0,0) size 800x600
layer at (0,0) size 800x600
  RenderBlock {HTML} at (0,0) size 800x600
    RenderBody {BODY} at (8,8) size 784x584
      RenderBlock {P} at (0,0) size 784x20
        RenderText {#text} at (0,0) size 509x19
          text run at (0,0) width 509: "Here is an html paragraph. And below is a svg drawing. You should see two ellipses."
      RenderBlock {DIV} at (0,36) size 784x400
        RenderSVGRoot {svg} at (46,232) size 224x44
          RenderPath {ellipse} at (46,232) size 124x44 [stroke={[type=SOLID] [color=#000000]}] [fill={[type=SOLID] [color=#FF0000]}] [data="M80.00,50.00 L79.94,50.63 L79.76,51.25 L79.47,51.87 L79.06,52.49 L78.53,53.09 L77.89,53.68 L77.14,54.26 L76.29,54.82 L75.33,55.36 L74.27,55.88 L73.12,56.37 L71.87,56.85 L70.54,57.29 L69.12,57.71 L67.63,58.09 L66.07,58.44 L64.45,58.76 L62.77,59.05 L61.04,59.30 L59.27,59.51 L57.46,59.69 L55.62,59.82 L53.76,59.92 L51.88,59.98 L50.00,60.00 L48.12,59.98 L46.24,59.92 L44.38,59.82 L42.54,59.69 L40.73,59.51 L38.96,59.30 L37.23,59.05 L35.55,58.76 L33.93,58.44 L32.37,58.09 L30.88,57.71 L29.46,57.29 L28.13,56.85 L26.88,56.37 L25.73,55.88 L24.67,55.36 L23.71,54.82 L22.86,54.26 L22.11,53.68 L21.47,53.09 L20.94,52.49 L20.53,51.87 L20.24,51.25 L20.06,50.63 L20.00,50.00 L20.06,49.37 L20.24,48.75 L20.53,48.13 L20.94,47.51 L21.47,46.91 L22.11,46.32 L22.86,45.74 L23.71,45.18 L24.67,44.64 L25.73,44.12 L26.88,43.63 L28.13,43.15 L29.46,42.71 L30.88,42.29 L32.37,41.91 L33.93,41.56 L35.55,41.24 L37.23,40.95 L38.96,40.70 L40.73,40.49 L42.54,40.31 L44.38,40.18 L46.24,40.08 L48.12,40.02 L50.00,40.00 L51.88,40.02 L53.76,40.08 L55.62,40.18 L57.46,40.31 L59.27,40.49 L61.04,40.70 L62.77,40.95 L64.45,41.24 L66.07,41.56 L67.63,41.91 L69.12,42.29 L70.54,42.71 L71.87,43.15 L73.12,43.63 L74.27,44.12 L75.33,44.64 L76.29,45.18 L77.14,45.74 L77.89,46.32 L78.53,46.91 L79.06,47.51 L79.47,48.13 L79.76,48.75 L79.94,49.37 Z"]
          RenderPath {ellipse} at (146,232) size 124x44 [stroke={[type=SOLID] [color=#000000]}] [fill={[type=SOLID] [color=#FF0000]}] [data="M130.00,50.00 L129.94,50.63 L129.76,51.25 L129.47,51.87 L129.06,52.49 L128.53,53.09 L127.89,53.68 L127.14,54.26 L126.29,54.82 L125.33,55.36 L124.27,55.88 L123.12,56.37 L121.87,56.85 L120.54,57.29 L119.12,57.71 L117.63,58.09 L116.07,58.44 L114.45,58.76 L112.77,59.05 L111.04,59.30 L109.27,59.51 L107.46,59.69 L105.62,59.82 L103.76,59.92 L101.88,59.98 L100.00,60.00 L98.12,59.98 L96.24,59.92 L94.38,59.82 L92.54,59.69 L90.73,59.51 L88.96,59.30 L87.23,59.05 L85.55,58.76 L83.93,58.44 L82.37,58.09 L80.88,57.71 L79.46,57.29 L78.13,56.85 L76.88,56.37 L75.73,55.88 L74.67,55.36 L73.71,54.82 L72.86,54.26 L72.11,53.68 L71.47,53.09 L70.94,52.49 L70.53,51.87 L70.24,51.25 L70.06,50.63 L70.00,50.00 L70.06,49.37 L70.24,48.75 L70.53,48.13 L70.94,47.51 L71.47,46.91 L72.11,46.32 L72.86,45.74 L73.71,45.18 L74.67,44.64 L75.73,44.12 L76.88,43.63 L78.13,43.15 L79.46,42.71 L80.88,42.29 L82.37,41.91 L83.93,41.56 L85.55,41.24 L87.23,40.95 L88.96,40.70 L90.73,40.49 L92.54,40.31 L94.38,40.18 L96.24,40.08 L98.12,40.02 L100.00,40.00 L101.88,40.02 L103.76,40.08 L105.62,40.18 L107.46,40.31 L109.27,40.49 L111.04,40.70 L112.77,40.95 L114.45,41.24 L116.07,41.56 L117.63,41.91 L119.12,42.29 L120.54,42.71 L121.87,43.15 L123.12,43.63 L124.27,44.12 L125.33,44.64 L126.29,45.18 L127.14,45.74 L127.89,46.32 L128.53,46.91 L129.06,47.51 L129.47,48.13 L129.76,48.75 L129.94,49.37 Z"]
