layer at (0,0) size 784x1123
  RenderView at (0,0) size 784x600
layer at (0,0) size 784x1123
  RenderBlock {HTML} at (0,0) size 784x1123
    RenderBody {BODY} at (8,8) size 768x1107 [bgcolor=#CCCCCC]
      RenderBlock {P} at (0,0) size 768x21
        RenderText {#text} at (0,0) size 380x21
          text run at (0,0) width 380: "The style declarations which apply to the text below are:"
      RenderBlock {PRE} at (0,37) size 768x176
        RenderText {#text} at (0,1) size 240x174
          text run at (0,1) width 200: ".one {font-weight: bold;}"
          text run at (200,1) width 0: " "
          text run at (0,17) width 216: ".two {font-weight: bolder;}"
          text run at (216,17) width 0: " "
          text run at (0,33) width 240: ".three {font-weight: lighter;}"
          text run at (240,33) width 0: " "
          text run at (0,49) width 200: ".four {font-weight: 100;}"
          text run at (200,49) width 0: " "
          text run at (0,65) width 200: ".five {font-weight: 300;}"
          text run at (200,65) width 0: " "
          text run at (0,81) width 192: ".six {font-weight: 500;}"
          text run at (192,81) width 0: " "
          text run at (0,97) width 208: ".seven {font-weight: 700;}"
          text run at (208,97) width 0: " "
          text run at (0,113) width 208: ".eight {font-weight: 900;}"
          text run at (208,113) width 0: " "
          text run at (0,129) width 224: ".nine {font-weight: normal;}"
          text run at (224,129) width 0: " "
          text run at (0,145) width 200: "B {font-weight: lighter;}"
          text run at (200,145) width 0: " "
          text run at (0,161) width 0: " "
      RenderBlock {HR} at (0,226) size 768x2 [border: (1px inset #000000)]
      RenderBlock {P} at (0,244) size 768x21
        RenderText {#text} at (0,0) size 198x21
          text run at (0,0) width 198: "This sentence should be bold."
      RenderBlock {P} at (0,281) size 768x21
        RenderText {#text} at (0,0) size 300x21
          text run at (0,0) width 300: "This sentence should be bolder than normal."
      RenderBlock {H4} at (0,323) size 768x21
        RenderText {#text} at (0,0) size 131x21
          text run at (0,0) width 131: "This is a heading-4."
      RenderBlock {H4} at (0,365) size 768x21
        RenderText {#text} at (0,0) size 179x21
          text run at (0,0) width 179: "This is a bolder heading-4."
      RenderBlock {P} at (0,407) size 768x21
        RenderInline {B} at (0,0) size 377x21
          RenderText {#text} at (0,0) size 377x21
            text run at (0,0) width 377: "This sentence should be normal (boldface made lighter)."
        RenderText {#text} at (0,0) size 0x0
      RenderBlock {P} at (0,444) size 768x19
        RenderText {#text} at (0,0) size 230x19
          text run at (0,0) width 230: "This sentence should be weight 100."
      RenderBlock {P} at (0,479) size 768x21
        RenderText {#text} at (0,0) size 241x21
          text run at (0,0) width 241: "This sentence should be weight 300."
      RenderBlock {P} at (0,516) size 768x21
        RenderText {#text} at (0,0) size 241x21
          text run at (0,0) width 241: "This sentence should be weight 500."
      RenderBlock {P} at (0,553) size 768x21
        RenderText {#text} at (0,0) size 241x21
          text run at (0,0) width 241: "This sentence should be weight 700."
      RenderBlock {P} at (0,590) size 768x21
        RenderText {#text} at (0,0) size 241x21
          text run at (0,0) width 241: "This sentence should be weight 900."
      RenderBlock {P} at (0,627) size 768x21
        RenderText {#text} at (0,0) size 493x21
          text run at (0,0) width 493: "This sentence should be bold, but the last word in the sentence should be "
        RenderInline {SPAN} at (0,0) size 49x21
          RenderText {#text} at (493,0) size 49x21
            text run at (493,0) width 49: "normal"
        RenderText {#text} at (542,0) size 4x21
          text run at (542,0) width 4: "."
      RenderTable {TABLE} at (0,664) size 568x443 [border: (1px outset #808080)]
        RenderTableSection {TBODY} at (1,1) size 566x441
          RenderTableRow {TR} at (0,0) size 566x29
            RenderTableCell {TD} at (0,0) size 566x29 [bgcolor=#C0C0C0] [border: (1px inset #808080)] [r=0 c=0 rs=1 cs=2]
              RenderInline {STRONG} at (0,0) size 163x21
                RenderText {#text} at (4,4) size 163x21
                  text run at (4,4) width 163: "TABLE Testing Section"
          RenderTableRow {TR} at (0,29) size 566x412
            RenderTableCell {TD} at (0,220) size 12x29 [bgcolor=#C0C0C0] [border: (1px inset #808080)] [r=1 c=0 rs=1 cs=1]
              RenderText {#text} at (4,4) size 4x21
                text run at (4,4) width 4: " "
            RenderTableCell {TD} at (12,29) size 554x412 [border: (1px inset #808080)] [r=1 c=1 rs=1 cs=1]
              RenderBlock {P} at (4,4) size 546x21
                RenderText {#text} at (0,0) size 198x21
                  text run at (0,0) width 198: "This sentence should be bold."
              RenderBlock {P} at (4,41) size 546x21
                RenderText {#text} at (0,0) size 300x21
                  text run at (0,0) width 300: "This sentence should be bolder than normal."
              RenderBlock {H4} at (4,83) size 546x21
                RenderText {#text} at (0,0) size 131x21
                  text run at (0,0) width 131: "This is a heading-4."
              RenderBlock {H4} at (4,125) size 546x21
                RenderText {#text} at (0,0) size 179x21
                  text run at (0,0) width 179: "This is a bolder heading-4."
              RenderBlock {P} at (4,167) size 546x21
                RenderInline {B} at (0,0) size 377x21
                  RenderText {#text} at (0,0) size 377x21
                    text run at (0,0) width 377: "This sentence should be normal (boldface made lighter)."
                RenderText {#text} at (0,0) size 0x0
              RenderBlock {P} at (4,204) size 546x19
                RenderText {#text} at (0,0) size 230x19
                  text run at (0,0) width 230: "This sentence should be weight 100."
              RenderBlock {P} at (4,239) size 546x21
                RenderText {#text} at (0,0) size 241x21
                  text run at (0,0) width 241: "This sentence should be weight 300."
              RenderBlock {P} at (4,276) size 546x21
                RenderText {#text} at (0,0) size 241x21
                  text run at (0,0) width 241: "This sentence should be weight 500."
              RenderBlock {P} at (4,313) size 546x21
                RenderText {#text} at (0,0) size 241x21
                  text run at (0,0) width 241: "This sentence should be weight 700."
              RenderBlock {P} at (4,350) size 546x21
                RenderText {#text} at (0,0) size 241x21
                  text run at (0,0) width 241: "This sentence should be weight 900."
              RenderBlock {P} at (4,387) size 546x21
                RenderText {#text} at (0,0) size 493x21
                  text run at (0,0) width 493: "This sentence should be bold, but the last word in the sentence should be "
                RenderInline {SPAN} at (0,0) size 49x21
                  RenderText {#text} at (493,0) size 49x21
                    text run at (493,0) width 49: "normal"
                RenderText {#text} at (542,0) size 4x21
                  text run at (542,0) width 4: "."
