layer at (0,0) size 800x600
  RenderView at (0,0) size 800x600
layer at (0,0) size 800x600
  RenderBlock {HTML} at (0,0) size 800x600
    RenderBody {BODY} at (8,8) size 784x584 [bgcolor=#CCCCCC]
      RenderBlock {P} at (0,0) size 784x21
        RenderText {#text} at (0,0) size 380x21
          text run at (0,0) width 380: "The style declarations which apply to the text below are:"
      RenderBlock {PRE} at (0,37) size 784x48
        RenderText {#text} at (0,0) size 177x48
          text run at (0,0) width 177: ".one {font-variant: small-caps;}"
          text run at (177,0) width 0: " "
          text run at (0,16) width 152: ".two {font-variant: normal;}"
          text run at (152,16) width 0: " "
          text run at (0,32) width 0: " "
      RenderBlock {HR} at (0,98) size 784x2 [border: (1px inset #000000)]
      RenderBlock {P} at (0,116) size 784x21
        RenderText {#text} at (0,0) size 279x21
          text run at (0,0) width 279: "This Paragraph should be in Small Caps."
      RenderBlock {P} at (0,153) size 784x21
        RenderText {#text} at (0,0) size 588x21
          text run at (0,0) width 588: "This Paragraph should be in Small Caps, but the Last Word in the Sentence should be "
        RenderInline {SPAN} at (0,0) size 52x21
          RenderText {#text} at (588,0) size 52x21
            text run at (588,0) width 52: "Normal"
        RenderText {#text} at (640,0) size 4x21
          text run at (640,0) width 4: "."
      RenderTable {TABLE} at (0,190) size 666x97 [border: (1px outset #808080)]
        RenderTableSection {TBODY} at (1,1) size 664x95
          RenderTableRow {TR} at (0,0) size 664x29
            RenderTableCell {TD} at (0,0) size 664x29 [bgcolor=#C0C0C0] [border: (1px inset #808080)] [r=0 c=0 rs=1 cs=2]
              RenderInline {STRONG} at (0,0) size 163x21
                RenderText {#text} at (4,4) size 163x21
                  text run at (4,4) width 163: "TABLE Testing Section"
          RenderTableRow {TR} at (0,29) size 664x66
            RenderTableCell {TD} at (0,47) size 12x29 [bgcolor=#C0C0C0] [border: (1px inset #808080)] [r=1 c=0 rs=1 cs=1]
              RenderText {#text} at (4,4) size 4x21
                text run at (4,4) width 4: " "
            RenderTableCell {TD} at (12,29) size 652x66 [border: (1px inset #808080)] [r=1 c=1 rs=1 cs=1]
              RenderBlock {P} at (4,4) size 644x21
                RenderText {#text} at (0,0) size 279x21
                  text run at (0,0) width 279: "This Paragraph should be in Small Caps."
              RenderBlock {P} at (4,41) size 644x21
                RenderText {#text} at (0,0) size 588x21
                  text run at (0,0) width 588: "This Paragraph should be in Small Caps, but the Last Word in the Sentence should be "
                RenderInline {SPAN} at (0,0) size 52x21
                  RenderText {#text} at (588,0) size 52x21
                    text run at (588,0) width 52: "Normal"
                RenderText {#text} at (640,0) size 4x21
                  text run at (640,0) width 4: "."
