layer at (0,0) size 800x4037
  RenderView at (0,0) size 800x600
layer at (0,0) size 800x4037
  RenderBlock {HTML} at (0,0) size 800x4037
    RenderBody {BODY} at (8,8) size 784x4021 [bgcolor=#CCCCCC]
      RenderBlock {P} at (0,0) size 784x17
        RenderText {#text} at (0,0) size 302x17
          text run at (0,0) width 302: "The style declarations which apply to the text below are:"
      RenderBlock {PRE} at (0,29) size 784x204
        RenderText {#text} at (0,0) size 316x204
          text run at (0,0) width 127: "BODY {font-size: 12px;}"
          text run at (127,0) width 0: " "
          text run at (0,17) width 232: ".one {font: italic small-caps 13pt Helvetica;}"
          text run at (232,17) width 0: " "
          text run at (0,34) width 155: ".two {font: 150%/150% serif;}"
          text run at (155,34) width 0: " "
          text run at (0,51) width 194: ".three {font: 150%/150% sans-serif;}"
          text run at (194,51) width 0: " "
          text run at (0,68) width 170: ".four {font: small/200% cursive;}"
          text run at (170,68) width 0: " "
          text run at (0,85) width 299: ".five {font: italic small-caps 900 150%/150% sans-serif;}"
          text run at (299,85) width 0: " "
          text run at (0,102) width 295: ".six {font: italic small-caps 100 150%/300% sans-serif;}"
          text run at (295,102) width 0: " "
          text run at (0,119) width 316: ".seven {font: italic small-caps 900 150%/2em monospace;}"
          text run at (316,119) width 0: " "
          text run at (0,136) width 292: ".eight {font: italic small-caps 500 150%/1in sans-serif;}"
          text run at (292,136) width 0: " "
          text run at (0,153) width 294: ".nine {font: oblique normal 700 18px/200% sans-serif;}"
          text run at (294,153) width 0: " "
          text run at (0,170) width 226: ".ten {font: normal 400 80%/2.5 sans-serif;}"
          text run at (226,170) width 0: " "
          text run at (0,187) width 208: "SPAN.color {background-color: silver;}"
          text run at (208,187) width 0: " "
      RenderBlock {HR} at (0,245) size 784x2 [border: (1px inset #000000)]
      RenderBlock {P} at (0,259) size 784x34
        RenderText {#text} at (0,0) size 759x34
          text run at (0,0) width 474: "This element is unstyled, and should inherit a font-size of 12px from the BODY element. "
          text run at (474,0) width 285: "This is the \"base font size\" referred to in the following"
          text run at (0,17) width 28: "tests."
      RenderBlock {P} at (0,310) size 784x23
        RenderText {#text} at (0,0) size 497x23
          text run at (0,0) width 497: "This element should be 13pt. Helvetica which is in small-cap italics."
      RenderBlock {P} at (0,351) size 784x81
        RenderText {#text} at (0,1) size 778x79
          text run at (0,1) width 304: "This element should be in a serif font. "
          text run at (304,1) width 474: "Its font-size should be 150% the base font size, and its line-"
          text run at (0,28) width 511: "height should 150% of that value (18px and 27px, respectively). "
          text run at (511,28) width 222: "Extra text is included for the"
          text run at (0,55) width 321: "purposes of testing this more effectively."
      RenderBlock {P} at (0,450) size 784x81
        RenderText {#text} at (0,1) size 783x79
          text run at (0,1) width 348: "This element should be in a sans-serif font. "
          text run at (348,1) width 435: "Its font-size should be 150% the base font size, and its"
          text run at (0,28) width 545: "line-height should 150% of that value (18px and 27px, respectively). "
          text run at (545,28) width 222: "Extra text is included for the"
          text run at (0,55) width 321: "purposes of testing this more effectively."
      RenderBlock {P} at (0,549) size 784x66
        RenderText {#text} at (0,3) size 715x16
          text run at (0,3) width 548: "This element should be in a cursive font, 'small' in size, with a line-height 200% the height of the text's actual size. "
          text run at (548,3) width 167: "For example, if the font-size value "
        RenderInline {CODE} at (0,0) size 25x16
          RenderText {#text} at (715,3) size 25x16
            text run at (715,3) width 25: "small"
        RenderText {#text} at (740,3) size 764x60
          text run at (740,3) width 11: " is"
          text run at (0,25) width 268: "calculated at 10px, then the line-height should be 20px. "
          text run at (268,25) width 245: "The actual value of the font-size is UA-dependent. "
          text run at (513,25) width 251: "Extra text is included for the purposes of testing this"
          text run at (0,47) width 80: "more effectively."
      RenderBlock {P} at (0,633) size 784x108
        RenderText {#text} at (0,1) size 750x106
          text run at (0,1) width 728: "This element should be in a sans-serif font, italicized and small caps, with a weight of 900. "
          text run at (728,1) width 22: "Its"
          text run at (0,28) width 748: "font-size should be 150% the base font size, and its line-height should be 150% of that value"
          text run at (0,55) width 246: "(18px and 27px, respectively). "
          text run at (246,55) width 480: "Extra text is included for the purposes of testing this more"
          text run at (0,82) width 95: "effectively."
      RenderBlock {P} at (0,759) size 784x216
        RenderText {#text} at (0,14) size 745x187
          text run at (0,14) width 723: "This element should be in a sans-serif font, italicized and small caps, with a weight of 100. "
          text run at (723,14) width 22: "Its"
          text run at (0,68) width 744: "font-size should be 150% the base font size, and its line-height should be 300% of that value"
          text run at (0,122) width 245: "(18px and 54px, respectively). "
          text run at (245,122) width 479: "Extra text is included for the purposes of testing this more"
          text run at (0,176) width 94: "effectively."
      RenderBlock {P} at (0,993) size 784x144
        RenderText {#text} at (0,5) size 754x133
          text run at (0,5) width 732: "This element should be in a monospace font, italicized and small caps, with a weight of 900. "
          text run at (732,5) width 22: "Its"
          text run at (0,41) width 728: "font-size should be 150% the base font size, and its line-height should be 2em, or twice the"
          text run at (0,77) width 402: "element's font size (18px and 36px, respectively). "
          text run at (402,77) width 339: "Extra text is included for the purposes of"
          text run at (0,113) width 236: "testing this more effectively."
      RenderBlock {P} at (0,1155) size 784x288
        RenderText {#text} at (0,35) size 779x217
          text run at (0,35) width 723: "This element should be in a sans-serif font, italicized and small caps, with a weight of 500. "
          text run at (723,35) width 22: "Its"
          text run at (0,131) width 693: "font-size should be 150% the base font size, or 18px, and its line-height should be 1in. "
          text run at (693,131) width 86: "Extra text"
          text run at (0,227) width 487: "is included for the purposes of testing this more effectively."
      RenderBlock {P} at (0,1461) size 784x108
        RenderText {#text} at (0,5) size 774x97
          text run at (0,5) width 752: "This element should be in a sans-serif font, oblique and not small-caps, with a weight of"
          text run at (0,41) width 40: "700. "
          text run at (40,41) width 665: "Its font-size should be 18 pixels, and its line-height should be 36px (200% this"
          text run at (0,77) width 176: "element's font size). "
          text run at (176,77) width 598: "Extra text is included for the purposes of testing this more effectively."
      RenderBlock {P} at (0,1587) size 784x50
        RenderText {#text} at (0,5) size 781x39
          text run at (0,5) width 301: "This element should be in a sans-serif font, with a weight of 400. "
          text run at (301,5) width 456: "Its font-size should be 80% of 12px, or 9.6px, and its line-height shoud be 2.5 times that, or 24px. "
          text run at (757,5) width 24: "Extra"
          text run at (0,30) width 291: "text is included for the purposes of testing this more effectively."
      RenderBlock {P} at (0,1655) size 784x270
        RenderInline {SPAN} at (0,0) size 761x241 [bgcolor=#C0C0C0]
          RenderText {#text} at (0,14) size 761x241
            text run at (0,14) width 723: "This element should be in a sans-serif font, italicized and small caps, with a weight of 100. "
            text run at (723,14) width 22: "Its"
            text run at (0,68) width 744: "font-size should be 150% the base font size, and its line-height should be 300% of that value"
            text run at (0,122) width 761: "(18px and 54px, respectively). The text should have a silver background. The background color"
            text run at (0,176) width 737: "has been set on an inline element and should therefore only cover the text, not the interline"
            text run at (0,230) width 64: "spacing."
        RenderText {#text} at (0,0) size 0x0
      RenderTable {TABLE} at (0,1943) size 784x2078 [border: (1px outset #808080)]
        RenderTableSection {TBODY} at (1,1) size 782x2076
          RenderTableRow {TR} at (0,0) size 782x28
            RenderTableCell {TD} at (0,0) size 782x28 [bgcolor=#C0C0C0] [border: (1px inset #808080)] [r=0 c=0 rs=1 cs=2]
              RenderInline {STRONG} at (0,0) size 159x20
                RenderText {#text} at (4,4) size 159x20
                  text run at (4,4) width 159: "TABLE Testing Section"
          RenderTableRow {TR} at (0,28) size 782x2048
            RenderTableCell {TD} at (0,1038) size 12x27 [bgcolor=#C0C0C0] [border: (1px inset #808080)] [r=1 c=0 rs=1 cs=1]
              RenderText {#text} at (4,4) size 4x19
                text run at (4,4) width 4: " "
            RenderTableCell {TD} at (12,28) size 770x2048 [border: (1px inset #808080)] [r=1 c=1 rs=1 cs=1]
              RenderBlock {P} at (4,4) size 762x38
                RenderText {#text} at (0,0) size 725x38
                  text run at (0,0) width 558: "This element is unstyled, and should inherit a font-size of 12px from the BODY element. "
                  text run at (558,0) width 167: "This is the \"base font size\""
                  text run at (0,19) width 203: "referred to in the following tests."
              RenderBlock {P} at (4,59) size 762x23
                RenderText {#text} at (0,0) size 497x23
                  text run at (0,0) width 497: "This element should be 13pt. Helvetica which is in small-cap italics."
              RenderBlock {P} at (4,103) size 762x124
                RenderText {#text} at (0,1) size 727x121
                  text run at (0,1) width 366: "This element should be in a serif font. "
                  text run at (366,1) width 361: "Its font-size should be 150% the base"
                  text run at (0,32) width 679: "font size, and its line-height should 150% of that value (18px and 27px,"
                  text run at (0,63) width 134: "respectively). "
                  text run at (134,63) width 551: "Extra text is included for the purposes of testing this more"
                  text run at (0,94) width 103: "effectively."
              RenderBlock {P} at (4,248) size 762x124
                RenderText {#text} at (0,1) size 732x121
                  text run at (0,1) width 419: "This element should be in a sans-serif font. "
                  text run at (419,1) width 308: "Its font-size should be 150% the"
                  text run at (0,32) width 732: "base font size, and its line-height should 150% of that value (18px and 27px,"
                  text run at (0,63) width 134: "respectively). "
                  text run at (134,63) width 551: "Extra text is included for the purposes of testing this more"
                  text run at (0,94) width 103: "effectively."
              RenderBlock {P} at (4,393) size 762x66
                RenderText {#text} at (0,3) size 715x16
                  text run at (0,3) width 548: "This element should be in a cursive font, 'small' in size, with a line-height 200% the height of the text's actual size. "
                  text run at (548,3) width 167: "For example, if the font-size value "
                RenderInline {CODE} at (0,0) size 25x16
                  RenderText {#text} at (715,3) size 25x16
                    text run at (715,3) width 25: "small"
                RenderText {#text} at (740,3) size 751x60
                  text run at (740,3) width 11: " is"
                  text run at (0,25) width 268: "calculated at 10px, then the line-height should be 20px. "
                  text run at (268,25) width 245: "The actual value of the font-size is UA-dependent. "
                  text run at (513,25) width 231: "Extra text is included for the purposes of testing"
                  text run at (0,47) width 100: "this more effectively."
              RenderBlock {P} at (4,480) size 762x124
                RenderText {#text} at (0,1) size 759x122
                  text run at (0,1) width 703: "This element should be in a sans-serif font, italicized and small caps, with a"
                  text run at (0,32) width 141: "weight of 900. "
                  text run at (141,32) width 618: "Its font-size should be 150% the base font size, and its line-height"
                  text run at (0,63) width 573: "should be 150% of that value (18px and 27px, respectively). "
                  text run at (573,63) width 119: "Extra text is"
                  text run at (0,94) width 545: "included for the purposes of testing this more effectively."
              RenderBlock {P} at (4,625) size 762x252
                RenderText {#text} at (0,17) size 756x217
                  text run at (0,17) width 756: "This element should be in a sans-serif font, italicized and small caps, with a weight"
                  text run at (0,80) width 75: "of 100. "
                  text run at (75,80) width 681: "Its font-size should be 150% the base font size, and its line-height should"
                  text run at (0,143) width 497: "be 300% of that value (18px and 54px, respectively). "
                  text run at (497,143) width 239: "Extra text is included for"
                  text run at (0,206) width 422: "the purposes of testing this more effectively."
              RenderBlock {P} at (4,898) size 762x168
                RenderText {#text} at (0,6) size 759x155
                  text run at (0,6) width 710: "This element should be in a monospace font, italicized and small caps, with a"
                  text run at (0,48) width 141: "weight of 900. "
                  text run at (141,48) width 618: "Its font-size should be 150% the base font size, and its line-height"
                  text run at (0,90) width 721: "should be 2em, or twice the element's font size (18px and 36px, respectively)."
                  text run at (0,132) width 670: "Extra text is included for the purposes of testing this more effectively."
              RenderBlock {P} at (4,1087) size 762x384
                RenderText {#text} at (0,34) size 756x316
                  text run at (0,34) width 756: "This element should be in a sans-serif font, italicized and small caps, with a weight"
                  text run at (0,130) width 75: "of 500. "
                  text run at (75,130) width 640: "Its font-size should be 150% the base font size, or 18px, and its line-"
                  text run at (0,226) width 197: "height should be 1in. "
                  text run at (197,226) width 555: "Extra text is included for the purposes of testing this more"
                  text run at (0,322) width 106: "effectively."
              RenderBlock {P} at (4,1492) size 762x144
                RenderText {#text} at (0,5) size 752x133
                  text run at (0,5) width 752: "This element should be in a sans-serif font, oblique and not small-caps, with a weight of"
                  text run at (0,41) width 40: "700. "
                  text run at (40,41) width 665: "Its font-size should be 18 pixels, and its line-height should be 36px (200% this"
                  text run at (0,77) width 176: "element's font size). "
                  text run at (176,77) width 500: "Extra text is included for the purposes of testing this more"
                  text run at (0,113) width 93: "effectively."
              RenderBlock {P} at (4,1654) size 762x54
                RenderText {#text} at (0,5) size 751x43
                  text run at (0,5) width 312: "This element should be in a sans-serif font, with a weight of 400. "
                  text run at (312,5) width 439: "Its font-size should be 80% of 12px, or 9.6px, and its line-height shoud be 2.5 times that, or"
                  text run at (0,32) width 30: "24px. "
                  text run at (30,32) width 334: "Extra text is included for the purposes of testing this more effectively."
              RenderBlock {P} at (4,1729) size 762x315
                RenderInline {SPAN} at (0,0) size 756x280 [bgcolor=#C0C0C0]
                  RenderText {#text} at (0,17) size 756x280
                    text run at (0,17) width 756: "This element should be in a sans-serif font, italicized and small caps, with a weight"
                    text run at (0,80) width 75: "of 100. "
                    text run at (75,80) width 681: "Its font-size should be 150% the base font size, and its line-height should"
                    text run at (0,143) width 707: "be 300% of that value (18px and 54px, respectively). The text should have a"
                    text run at (0,206) width 733: "silver background. The background color has been set on an inline element and"
                    text run at (0,269) width 593: "should therefore only cover the text, not the interline spacing."
                RenderText {#text} at (0,0) size 0x0
