layer at (0,0) size 800x1262
  RenderView at (0,0) size 800x600
layer at (0,0) size 800x1262
  RenderBlock {HTML} at (0,0) size 800x1262
    RenderBody {BODY} at (8,8) size 784x1246 [bgcolor=#CCCCCC]
      RenderBlock {P} at (0,0) size 784x19
        RenderText {#text} at (0,0) size 354x19
          text run at (0,0) width 354: "The style declarations which apply to the text below are:"
      RenderBlock {PRE} at (0,33) size 784x171
        RenderText {#text} at (0,0) size 239x171
          text run at (0,0) width 154: "DIV.a {font-family: serif;}"
          text run at (154,0) width 0: " "
          text run at (0,19) width 201: "DIV.b {font-family: monospace;}"
          text run at (201,19) width 0: " "
          text run at (0,38) width 147: ".one {font-family: serif;}"
          text run at (147,38) width 0: " "
          text run at (0,57) width 180: ".two {font-family: sans-serif;}"
          text run at (180,57) width 0: " "
          text run at (0,76) width 174: ".three {font-family: cursive;}"
          text run at (174,76) width 0: " "
          text run at (0,95) width 167: ".four {font-family: fantasy;}"
          text run at (167,95) width 0: " "
          text run at (0,114) width 192: ".five {font-family: monospace;}"
          text run at (192,114) width 0: " "
          text run at (0,133) width 224: ".six {font-family: sans-serif,cursive;}"
          text run at (224,133) width 0: " "
          text run at (0,152) width 239: ".seven {font-family: monospace,serif;}"
          text run at (239,152) width 0: " "
      RenderBlock {HR} at (0,218) size 784x2 [border: (1px inset #000000)]
      RenderBlock {DIV} at (0,234) size 784x184
        RenderBlock {P} at (0,0) size 784x19
          RenderText {#text} at (0,0) size 638x19
            text run at (0,0) width 638: "This sentence is normal for the first division, which is the next five sentences; it should be a serif font."
        RenderBlock {P} at (0,33) size 784x19
          RenderText {#text} at (0,0) size 245x19
            text run at (0,0) width 245: "This sentence should be in a serif font."
        RenderBlock {P} at (0,66) size 784x19
          RenderText {#text} at (0,0) size 280x19
            text run at (0,0) width 280: "This sentence should be in a sans-serif font."
        RenderBlock {P} at (0,99) size 784x19
          RenderText {#text} at (0,0) size 263x19
            text run at (0,0) width 263: "This sentence should be in a cursive font."
        RenderBlock {P} at (0,132) size 784x19
          RenderText {#text} at (0,0) size 264x19
            text run at (0,0) width 264: "This sentence should be in a fantasy font."
        RenderBlock {P} at (0,165) size 784x19
          RenderText {#text} at (0,0) size 292x19
            text run at (0,0) width 292: "This sentence should be in a monospace font."
      RenderBlock {HR} at (0,432) size 784x2 [border: (1px inset #000000)]
      RenderBlock {P} at (0,448) size 784x19
        RenderText {#text} at (0,0) size 357x19
          text run at (0,0) width 357: "This sentence should be in a sans-serif font, not cursive."
      RenderBlock {P} at (0,481) size 784x19
        RenderText {#text} at (0,0) size 351x19
          text run at (0,0) width 351: "This sentence should be in a monospace font, not serif."
      RenderBlock {HR} at (0,514) size 784x2 [border: (1px inset #000000)]
      RenderBlock {DIV} at (0,530) size 784x184
        RenderBlock {P} at (0,0) size 784x19
          RenderText {#text} at (0,0) size 685x19
            text run at (0,0) width 685: "This sentence is normal for the first division, which is the next five sentences; it should be a monospace font."
        RenderBlock {P} at (0,33) size 784x19
          RenderText {#text} at (0,0) size 245x19
            text run at (0,0) width 245: "This sentence should be in a serif font."
        RenderBlock {P} at (0,66) size 784x19
          RenderText {#text} at (0,0) size 280x19
            text run at (0,0) width 280: "This sentence should be in a sans-serif font."
        RenderBlock {P} at (0,99) size 784x19
          RenderText {#text} at (0,0) size 263x19
            text run at (0,0) width 263: "This sentence should be in a cursive font."
        RenderBlock {P} at (0,132) size 784x19
          RenderText {#text} at (0,0) size 264x19
            text run at (0,0) width 264: "This sentence should be in a fantasy font."
        RenderBlock {P} at (0,165) size 784x19
          RenderText {#text} at (0,0) size 292x19
            text run at (0,0) width 292: "This sentence should be in a monospace font."
      RenderTable {TABLE} at (0,728) size 707x518 [border: (1px outset #808080)]
        RenderTableSection {TBODY} at (1,1) size 705x516
          RenderTableRow {TR} at (0,0) size 705x28
            RenderTableCell {TD} at (0,0) size 705x28 [bgcolor=#C0C0C0] [border: (1px inset #808080)] [r=0 c=0 rs=1 cs=2]
              RenderInline {STRONG} at (0,0) size 159x20
                RenderText {#text} at (4,4) size 159x20
                  text run at (4,4) width 159: "TABLE Testing Section"
          RenderTableRow {TR} at (0,28) size 705x488
            RenderTableCell {TD} at (0,258) size 12x27 [bgcolor=#C0C0C0] [border: (1px inset #808080)] [r=1 c=0 rs=1 cs=1]
              RenderText {#text} at (4,4) size 4x19
                text run at (4,4) width 4: " "
            RenderTableCell {TD} at (12,28) size 693x488 [border: (1px inset #808080)] [r=1 c=1 rs=1 cs=1]
              RenderBlock {DIV} at (4,4) size 685x184
                RenderBlock {P} at (0,0) size 685x19
                  RenderText {#text} at (0,0) size 638x19
                    text run at (0,0) width 638: "This sentence is normal for the first division, which is the next five sentences; it should be a serif font."
                RenderBlock {P} at (0,33) size 685x19
                  RenderText {#text} at (0,0) size 245x19
                    text run at (0,0) width 245: "This sentence should be in a serif font."
                RenderBlock {P} at (0,66) size 685x19
                  RenderText {#text} at (0,0) size 280x19
                    text run at (0,0) width 280: "This sentence should be in a sans-serif font."
                RenderBlock {P} at (0,99) size 685x19
                  RenderText {#text} at (0,0) size 263x19
                    text run at (0,0) width 263: "This sentence should be in a cursive font."
                RenderBlock {P} at (0,132) size 685x19
                  RenderText {#text} at (0,0) size 264x19
                    text run at (0,0) width 264: "This sentence should be in a fantasy font."
                RenderBlock {P} at (0,165) size 685x19
                  RenderText {#text} at (0,0) size 292x19
                    text run at (0,0) width 292: "This sentence should be in a monospace font."
              RenderBlock {HR} at (4,202) size 685x2 [border: (1px inset #000000)]
              RenderBlock {P} at (4,218) size 685x19
                RenderText {#text} at (0,0) size 357x19
                  text run at (0,0) width 357: "This sentence should be in a sans-serif font, not cursive."
              RenderBlock {P} at (4,251) size 685x19
                RenderText {#text} at (0,0) size 351x19
                  text run at (0,0) width 351: "This sentence should be in a monospace font, not serif."
              RenderBlock {HR} at (4,284) size 685x2 [border: (1px inset #000000)]
              RenderBlock {DIV} at (4,300) size 685x184
                RenderBlock {P} at (0,0) size 685x19
                  RenderText {#text} at (0,0) size 685x19
                    text run at (0,0) width 685: "This sentence is normal for the first division, which is the next five sentences; it should be a monospace font."
                RenderBlock {P} at (0,33) size 685x19
                  RenderText {#text} at (0,0) size 245x19
                    text run at (0,0) width 245: "This sentence should be in a serif font."
                RenderBlock {P} at (0,66) size 685x19
                  RenderText {#text} at (0,0) size 280x19
                    text run at (0,0) width 280: "This sentence should be in a sans-serif font."
                RenderBlock {P} at (0,99) size 685x19
                  RenderText {#text} at (0,0) size 263x19
                    text run at (0,0) width 263: "This sentence should be in a cursive font."
                RenderBlock {P} at (0,132) size 685x19
                  RenderText {#text} at (0,0) size 264x19
                    text run at (0,0) width 264: "This sentence should be in a fantasy font."
                RenderBlock {P} at (0,165) size 685x19
                  RenderText {#text} at (0,0) size 292x19
                    text run at (0,0) width 292: "This sentence should be in a monospace font."
