layer at (0,0) size 800x600
  RenderView at (0,0) size 800x600
layer at (0,0) size 800x164
  RenderBlock {HTML} at (0,0) size 800x164
    RenderBody {BODY} at (8,16) size 784x132
      RenderBlock {P} at (0,0) size 784x21
        RenderText {#text} at (0,0) size 363x21
          text run at (0,0) width 363: "The following three paragraphs should look identical:"
      RenderBlock {P} at (0,37) size 784x21
        RenderText {#text} at (0,0) size 164x21
          text run at (0,0) width 164: "This is a test paragraph."
      RenderBlock {P} at (0,74) size 784x21
        RenderInline (generated) at (0,0) size 34x21
          RenderText at (0,0) size 34x21
            text run at (0,0) width 34: "This "
        RenderText {#text} at (34,0) size 130x21
          text run at (34,0) width 130: "is a test paragraph."
      RenderBlock {P} at (0,111) size 784x21
        RenderInline (generated) at (0,0) size 34x21
          RenderText at (0,0) size 34x21
            text run at (0,0) width 34: "This "
        RenderText {#text} at (34,0) size 130x21
          text run at (34,0) width 130: "is a test paragraph."
