layer at (0,0) size 800x600
  RenderView at (0,0) size 800x600
layer at (0,0) size 800x358
  RenderBlock {HTML} at (0,0) size 800x358
    RenderBody {BODY} at (8,16) size 784x326
      RenderBlock {P} at (0,0) size 784x22 [color=#008000]
        RenderText {#text} at (0,0) size 141x22
          text run at (0,0) width 141: "This should be green"
      RenderBlock {P} at (0,38) size 784x22 [color=#008000]
        RenderText {#text} at (0,0) size 141x22
          text run at (0,0) width 141: "This should be green"
      RenderBlock {P} at (0,76) size 784x22 [color=#008000]
        RenderText {#text} at (0,0) size 141x22
          text run at (0,0) width 141: "This should be green"
      RenderBlock {P} at (0,114) size 784x22 [color=#008000]
        RenderText {#text} at (0,0) size 141x22
          text run at (0,0) width 141: "This should be green"
      RenderBlock {P} at (0,152) size 784x22 [color=#008000]
        RenderText {#text} at (0,0) size 141x22
          text run at (0,0) width 141: "This should be green"
      RenderBlock {P} at (0,190) size 784x22 [color=#008000]
        RenderText {#text} at (0,0) size 141x22
          text run at (0,0) width 141: "This should be green"
      RenderBlock {P} at (0,228) size 784x22 [color=#008000]
        RenderText {#text} at (0,0) size 141x22
          text run at (0,0) width 141: "This should be green"
      RenderBlock {P} at (0,266) size 784x22 [color=#008000]
        RenderText {#text} at (0,0) size 141x22
          text run at (0,0) width 141: "This should be green"
      RenderBlock {P} at (0,304) size 784x22 [color=#007F00]
        RenderText {#text} at (0,0) size 141x22
          text run at (0,0) width 141: "This should be green"
