layer at (0,0) size 800x600
  RenderView at (0,0) size 800x600
layer at (0,0) size 800x142
  RenderBlock {HTML} at (0,0) size 800x142
    RenderBody {BODY} at (8,16) size 784x110
      RenderBlock {P} at (0,0) size 784x22
        RenderText {#text} at (0,0) size 320x22
          text run at (0,0) width 320: "The next two paragraphs should look identical:"
      RenderBlock {P} at (0,38) size 166x28 [border: (3px solid #000000)]
        RenderText {#text} at (3,3) size 33x22
          text run at (3,3) width 33: "Test."
      RenderBlock {P} at (0,82) size 166x28 [border: (3px solid #000000)]
        RenderText {#text} at (3,3) size 33x22
          text run at (3,3) width 33: "Test."
