layer at (0,0) size 800x600
  RenderView at (0,0) size 800x600
layer at (0,0) size 800x168
  RenderBlock {HTML} at (0,0) size 800x168
    RenderBody {BODY} at (8,16) size 784x136
      RenderBlock {P} at (0,0) size 784x22
        RenderText {#text} at (0,0) size 273x22
          text run at (0,0) width 273: "There should be three green lines below."
      RenderBlock {P} at (0,38) size 784x22 [color=#FFFFFF] [bgcolor=#FF0000]
        RenderText {#text} at (0,0) size 173x22
          text run at (0,0) width 173: "This line should be green."
      RenderBlock {P} at (0,76) size 784x22 [color=#FFFFFF] [bgcolor=#FF0000]
        RenderText {#text} at (0,0) size 173x22
          text run at (0,0) width 173: "This line should be green."
      RenderBlock {P} at (0,114) size 784x22 [color=#FFFFFF] [bgcolor=#FF0000]
        RenderText {#text} at (0,0) size 173x22
          text run at (0,0) width 173: "This line should be green."
