layer at (0,0) size 800x600
  RenderView at (0,0) size 800x600
layer at (0,0) size 800x92
  RenderBlock {HTML} at (0,0) size 800x92
    RenderBody {BODY} at (8,16) size 784x60
      RenderBlock {P} at (0,0) size 784x22 [color=#FF0000] [bgcolor=#FFFFFF]
        RenderText {#text} at (0,0) size 145x22
          text run at (0,0) width 145: "This should be green."
      RenderBlock {P} at (0,38) size 784x22 [color=#FF0000] [bgcolor=#FFFFFF]
        RenderText {#text} at (0,0) size 145x22
          text run at (0,0) width 145: "This should be green."
