layer at (0,0) size 800x600
  RenderView at (0,0) size 800x600
layer at (0,0) size 800x80
  RenderBlock {HTML} at (0,0) size 800x80
    RenderBody {BODY} at (8,14) size 784x52
      RenderBlock {P} at (0,0) size 784x19 [color=#008000] [bgcolor=#FFFFFF]
        RenderText {#text} at (0,0) size 138x19
          text run at (0,0) width 138: "This should be green."
      RenderBlock {P} at (0,33) size 784x19 [color=#FF0000] [bgcolor=#FFFFFF]
        RenderText {#text} at (0,0) size 138x19
          text run at (0,0) width 138: "This should be green."
