layer at (0,0) size 784x624
  RenderView at (0,0) size 784x600
layer at (0,0) size 784x624
  RenderBlock {HTML} at (0,0) size 784x624
    RenderBody {BODY} at (8,16) size 768x592 [color=#008000]
      RenderBlock {P} at (0,0) size 768x22
        RenderText {#text} at (0,0) size 173x22
          text run at (0,0) width 173: "This line should be green."
      RenderBlock {P} at (0,38) size 768x22
        RenderText {#text} at (0,0) size 173x22
          text run at (0,0) width 173: "This line should be green."
      RenderBlock {P} at (0,76) size 768x22
        RenderText {#text} at (0,0) size 173x22
          text run at (0,0) width 173: "This line should be green."
      RenderBlock {P} at (0,114) size 768x22
        RenderText {#text} at (0,0) size 173x22
          text run at (0,0) width 173: "This line should be green."
      RenderBlock {OL} at (0,152) size 768x22
        RenderListItem {LI} at (40,0) size 728x22
          RenderListMarker at (-21,0) size 16x22: "1"
          RenderText {#text} at (0,0) size 173x22
            text run at (0,0) width 173: "This line should be green."
      RenderBlock {P} at (0,190) size 768x22
        RenderText {#text} at (0,0) size 173x22
          text run at (0,0) width 173: "This line should be green."
      RenderBlock {UL} at (0,228) size 768x22
        RenderListItem {LI} at (40,0) size 728x22
          RenderListMarker at (-18,0) size 7x22: bullet
          RenderText {#text} at (0,0) size 173x22
            text run at (0,0) width 173: "This line should be green."
      RenderBlock {BLOCKQUOTE} at (40,266) size 688x22
        RenderBlock {P} at (0,0) size 688x22
          RenderText {#text} at (0,0) size 173x22
            text run at (0,0) width 173: "This line should be green."
      RenderBlock {P} at (0,304) size 768x22
        RenderInline {ACRONYM} at (0,0) size 173x22
          RenderText {#text} at (0,0) size 173x22
            text run at (0,0) width 173: "This line should be green."
        RenderText {#text} at (0,0) size 0x0
      RenderBlock {ADDRESS} at (0,342) size 768x22
        RenderText {#text} at (0,0) size 169x22
          text run at (0,0) width 169: "This line should be green."
      RenderBlock {P} at (0,380) size 768x22
        RenderInline {SPAN} at (0,0) size 173x22
          RenderText {#text} at (0,0) size 173x22
            text run at (0,0) width 173: "This line should be green."
        RenderText {#text} at (0,0) size 0x0
      RenderBlock {P} at (0,418) size 768x22
        RenderText {#text} at (0,0) size 173x22
          text run at (0,0) width 173: "This line should be green."
      RenderBlock {P} at (0,456) size 768x22
        RenderText {#text} at (0,0) size 173x22
          text run at (0,0) width 173: "This line should be green."
      RenderBlock {P} at (0,494) size 768x22
        RenderText {#text} at (0,0) size 173x22
          text run at (0,0) width 173: "This line should be green."
      RenderBlock {P} at (0,532) size 768x22
        RenderText {#text} at (48,0) size 173x22
          text run at (48,0) width 173: "This line should be green."
      RenderBlock {P} at (0,570) size 768x22
        RenderText {#text} at (0,0) size 173x22
          text run at (0,0) width 173: "This line should be green."
