layer at (0,0) size 800x600
  RenderView at (0,0) size 800x600
layer at (0,0) size 800x233
  RenderBlock {HTML} at (0,0) size 800x233
    RenderBody {BODY} at (8,16) size 784x201 [color=#FF0000]
      RenderBlock {P} at (0,0) size 784x21 [color=#008000]
        RenderText {#text} at (0,0) size 206x21
          text run at (0,0) width 206: "This sentence should be green."
      RenderBlock {DIV} at (0,37) size 784x21 [color=#008000]
        RenderBlock {P} at (0,0) size 784x21
          RenderText {#text} at (0,0) size 206x21
            text run at (0,0) width 206: "This sentence should be green."
      RenderBlock {P} at (0,74) size 784x21 [color=#008000]
        RenderText {#text} at (0,0) size 206x21
          text run at (0,0) width 206: "This sentence should be green."
      RenderBlock {P} at (0,111) size 784x21 [color=#008000]
        RenderText {#text} at (0,0) size 206x21
          text run at (0,0) width 206: "This sentence should be green."
      RenderBlock {DIV} at (0,148) size 784x16 [color=#008000]
        RenderBlock {PRE} at (0,0) size 784x16
          RenderText {#text} at (0,0) size 182x16
            text run at (0,0) width 182: "This sentence should be green."
      RenderBlock {DIV} at (0,180) size 784x21 [color=#008000]
        RenderBlock {UL} at (0,0) size 784x21
          RenderListItem {LI} at (40,0) size 744x21
            RenderListMarker at (-18,0) size 7x21: bullet
            RenderText {#text} at (0,0) size 206x21
              text run at (0,0) width 206: "This sentence should be green."
