layer at (0,0) size 800x600
  RenderView at (0,0) size 800x600
layer at (0,0) size 800x114
  RenderBlock {HTML} at (0,0) size 800x114
    RenderBody {BODY} at (8,16) size 784x82 [color=#FF0000]
      RenderBlock {P} at (0,0) size 784x22 [color=#008000]
        RenderText {#text} at (0,0) size 173x22
          text run at (0,0) width 173: "This line should be green."
      RenderBlock {UL} at (0,38) size 784x44
        RenderListItem {LI} at (40,0) size 744x44
          RenderBlock (anonymous) at (0,0) size 744x22
            RenderInline {SPAN} at (0,0) size 173x22 [color=#008000]
              RenderText {#text} at (0,0) size 173x22
                text run at (0,0) width 173: "This line should be green."
            RenderText {#text} at (0,0) size 0x0
          RenderBlock {UL} at (0,22) size 744x22
            RenderListItem {LI} at (40,0) size 704x22 [color=#008000]
              RenderText {#text} at (0,0) size 173x22
                text run at (0,0) width 173: "This line should be green."
