layer at (0,0) size 800x600
  RenderView at (0,0) size 800x600
layer at (0,0) size 800x54
  RenderBlock {HTML} at (0,0) size 800x54
    RenderBody {BODY} at (8,16) size 784x22
      RenderBlock {P} at (0,0) size 784x22
        RenderInline {A} at (0,0) size 383x22 [color=#0000FF]
          RenderText {#text} at (0,0) size 383x22
            text run at (0,0) width 383: "While you are hovering over this link, it should go green."
