layer at (0,0) size 800x600
  RenderView at (0,0) size 800x600
layer at (0,0) size 800x54
  RenderBlock {HTML} at (0,0) size 800x54
    RenderBody {BODY} at (8,16) size 784x22
      RenderBlock {P} at (0,0) size 784x22
        RenderInline {A} at (0,0) size 206x22 [color=#008000]
          RenderText {#text} at (0,0) size 206x22
            text run at (0,0) width 206: "This sentence should be green."
        RenderText {#text} at (206,0) size 286x22
          text run at (206,0) width 286: " Check that it remains green if you click it."
