layer at (0,0) size 800x600
  RenderView at (0,0) size 800x600
layer at (0,0) size 800x82
  RenderBlock {HTML} at (0,0) size 800x82
    RenderBody {BODY} at (8,8) size 784x66
      RenderBlock {DIV} at (0,0) size 784x44
        RenderBlock (anonymous) at (0,0) size 784x22
          RenderText {#text} at (0,0) size 180x22
            text run at (0,0) width 180: "Dummy text. Dummy text."
        RenderBlock {DIV} at (0,22) size 784x22
          RenderInline {SPAN} at (0,0) size 536x22
            RenderText {#text} at (0,0) size 536x22
              text run at (0,0) width 107: "Hover this text, "
              text run at (107,0) width 182: "then wait till it disappears. "
              text run at (289,0) width 247: "At that point there should be no red."
          RenderText {#text} at (0,0) size 0x0
      RenderBlock {DIV} at (0,44) size 784x22 [color=#008000]
        RenderText {#text} at (0,0) size 180x22
          text run at (0,0) width 180: "Dummy text. Dummy text."
