layer at (0,0) size 800x600
  RenderView at (0,0) size 800x600
layer at (0,0) size 800x122
  RenderBlock {HTML} at (0,0) size 800x122
    RenderBody {BODY} at (8,8) size 784x98
      RenderBlock {DIV} at (0,0) size 784x22
        RenderText {#text} at (0,0) size 267x22
          text run at (0,0) width 267: "There should be two lines of text below."
      RenderBlock {P} at (0,38) size 784x22 [color=#FF0000]
        RenderText {#text} at (0,0) size 235x22
          text run at (0,0) width 235: "This line should be white on green."
      RenderBlock {P} at (0,76) size 784x22 [color=#FF0000]
        RenderText {#text} at (0,0) size 235x22
          text run at (0,0) width 235: "This line should be white on green."
