layer at (0,0) size 800x600
  RenderView at (0,0) size 800x600
layer at (0,0) size 800x258
  RenderBlock {HTML} at (0,0) size 800x258
    RenderBody {BODY} at (8,8) size 784x242
      RenderBlock {UL} at (0,0) size 784x176 [color=#FF0000]
        RenderListItem {LI} at (0,0) size 784x22
          RenderInline {SPAN} at (0,0) size 145x22 [color=#008000]
            RenderText {#text} at (0,0) size 145x22
              text run at (0,0) width 145: "This should be green."
          RenderText {#text} at (0,0) size 0x0
        RenderListItem {LI} at (0,22) size 784x88
          RenderBlock (anonymous) at (0,0) size 784x22
            RenderInline {SPAN} at (0,0) size 145x22 [color=#008000]
              RenderText {#text} at (0,0) size 145x22
                text run at (0,0) width 145: "This should be green."
            RenderText {#text} at (0,0) size 0x0
          RenderBlock {UL} at (0,22) size 784x66
            RenderListItem {LI} at (0,0) size 784x22
              RenderInline {SPAN} at (0,0) size 145x22 [color=#008000]
                RenderText {#text} at (0,0) size 145x22
                  text run at (0,0) width 145: "This should be green."
              RenderText {#text} at (0,0) size 0x0
            RenderListItem {LI} at (0,22) size 784x22
              RenderInline {SPAN} at (0,0) size 145x22 [color=#008000]
                RenderText {#text} at (0,0) size 145x22
                  text run at (0,0) width 145: "This should be green."
              RenderText {#text} at (0,0) size 0x0
            RenderListItem {LI} at (0,44) size 784x22
              RenderInline {SPAN} at (0,0) size 145x22 [color=#008000]
                RenderText {#text} at (0,0) size 145x22
                  text run at (0,0) width 145: "This should be green."
              RenderText {#text} at (0,0) size 0x0
        RenderListItem {LI} at (0,110) size 784x22
          RenderInline {SPAN} at (0,0) size 145x22 [color=#008000]
            RenderText {#text} at (0,0) size 145x22
              text run at (0,0) width 145: "This should be green."
          RenderText {#text} at (0,0) size 0x0
        RenderListItem {LI} at (0,132) size 784x22
          RenderInline {SPAN} at (0,0) size 145x22 [color=#008000]
            RenderText {#text} at (0,0) size 145x22
              text run at (0,0) width 145: "This should be green."
          RenderText {#text} at (0,0) size 0x0
        RenderListItem {LI} at (0,154) size 784x22
          RenderInline {SPAN} at (0,0) size 145x22 [color=#008000]
            RenderText {#text} at (0,0) size 145x22
              text run at (0,0) width 145: "This should be green."
          RenderText {#text} at (0,0) size 0x0
      RenderBlock {P} at (0,176) size 784x22 [color=#008000]
        RenderText {#text} at (0,0) size 145x22
          text run at (0,0) width 145: "This should be green."
      RenderBlock {P} at (0,198) size 784x22 [color=#008000]
        RenderText {#text} at (0,0) size 145x22
          text run at (0,0) width 145: "This should be green."
      RenderBlock {P} at (0,220) size 784x22 [color=#008000]
        RenderText {#text} at (0,0) size 145x22
          text run at (0,0) width 145: "This should be green."
