layer at (0,0) size 800x600
  RenderView at (0,0) size 800x600
layer at (0,0) size 800x92
  RenderBlock {HTML} at (0,0) size 800x92
    RenderBody {BODY} at (8,16) size 784x60
      RenderBlock {P} at (0,0) size 784x22
        RenderInline {SPAN} at (0,0) size 283x28 [border: (3px solid #000000) (1px solid #000000) (3px solid #000000)]
          RenderText {#text} at (3,0) size 279x22
            text run at (3,0) width 279: "This box should have a thin right border."
        RenderText {#text} at (0,0) size 0x0
      RenderBlock {P} at (0,38) size 784x22
        RenderText {#text} at (0,0) size 243x22
          text run at (0,0) width 243: "There should be no red on this line. "
        RenderInline {SPAN} at (0,0) size 12x22 [color=#FF0000]
          RenderText {#text} at (243,0) size 12x22
            text run at (243,0) width 12: "   "
        RenderText {#text} at (0,0) size 0x0
