layer at (0,0) size 802x584
  RenderView at (0,0) size 800x584
layer at (0,0) size 800x70
  RenderBlock {HTML} at (0,0) size 800x70
    RenderBody {BODY} at (8,24) size 784x22
      RenderBlock {P} at (0,0) size 794x22 [color=#000080]
        RenderText {#text} at (0,0) size 308x22
          text run at (0,0) width 308: "This page should have a horizontal scroll bar."
