layer at (0,0) size 800x600
  RenderView at (0,0) size 800x600
layer at (0,0) size 800x68
  RenderBlock {HTML} at (0,0) size 800x68
    RenderBody {BODY} at (8,8) size 784x52
      RenderBlock {DIV} at (0,0) size 784x52
        RenderBlock {DIV} at (0,0) size 784x52 [color=#008000] [border: (15px solid #008000)]
          RenderBlock {P} at (15,15) size 754x22 [color=#000000] [bgcolor=#FFFFFF]
            RenderText {#text} at (0,0) size 247x22
              text run at (0,0) width 247: "There should be no red on this page."
