layer at (0,0) size 800x600
  RenderView at (0,0) size 800x600
layer at (0,0) size 800x130
  RenderBlock {HTML} at (0,0) size 800x130
    RenderBody {BODY} at (8,16) size 784x98
      RenderBlock {P} at (0,0) size 784x22
        RenderText {#text} at (0,0) size 258x22
          text run at (0,0) width 258: "The next two bars should be identical:"
      RenderBlock {DIV} at (160,38) size 160x22
        RenderBlock {P} at (-80,0) size 240x22 [color=#FFFF00] [bgcolor=#000080]
          RenderText {#text} at (0,0) size 42x22
            text run at (0,0) width 42: "TEST"
      RenderBlock {DIV} at (80,76) size 240x22 [color=#FFFF00] [bgcolor=#000080]
        RenderText {#text} at (0,0) size 42x22
          text run at (0,0) width 42: "TEST"
