layer at (0,0) size 800x600
  RenderView at (0,0) size 800x600
layer at (0,0) size 800x207
  RenderBlock {HTML} at (0,0) size 800x207
    RenderBody {BODY} at (8,16) size 784x159
      RenderBlock {P} at (0,0) size 784x22 [color=#0000FF]
        RenderText {#text} at (0,0) size 290x22
          text run at (0,0) width 290: "There should be no border around the cat:"
      RenderBlock {DIV} at (32,54) size 720x105 [color=#FF0000]
        RenderInline {A} at (0,0) size 98x22 [color=#0000EE]
          RenderImage {IMG} at (0,0) size 98x99
        RenderText {#text} at (0,0) size 0x0
