layer at (0,0) size 800x600
  RenderView at (0,0) size 800x600
layer at (0,0) size 800x98
  RenderBlock {HTML} at (0,0) size 800x98
    RenderBody {BODY} at (8,16) size 784x66
      RenderBlock {P} at (0,0) size 176x66 [bgcolor=#FFFFFF] [border: (16px solid #008000)]
        RenderText {#text} at (16,0) size 146x66
          text run at (16,0) width 122: "There should be a"
          text run at (16,22) width 146: "green block to the left"
          text run at (16,44) width 74: "of this text."
