layer at (0,0) size 800x600
  RenderView at (0,0) size 800x600
layer at (0,0) size 800x130
  RenderBlock {HTML} at (0,0) size 800x130
    RenderBody {BODY} at (8,16) size 784x98
      RenderBlock {P} at (0,0) size 784x22
        RenderText {#text} at (0,0) size 258x22
          text run at (0,0) width 258: "The next two bars should be identical:"
      RenderBlock {DIV} at (16,38) size 192x22 [color=#FFFF00] [bgcolor=#000080]
        RenderText {#text} at (32,0) size 42x22
          text run at (32,0) width 42: "TEST"
      RenderBlock {DIV} at (16,76) size 192x22 [color=#FFFF00] [bgcolor=#000080]
        RenderImage {IMG} at (0,15) size 32x1
        RenderText {#text} at (32,0) size 42x22
          text run at (32,0) width 42: "TEST"
