layer at (0,0) size 800x600
  RenderView at (0,0) size 800x600
layer at (0,0) size 800x400
  RenderBlock {HTML} at (0,0) size 800x400
    RenderBody {BODY} at (8,8) size 784x384
      RenderBlock {DIV} at (0,0) size 784x22
        RenderText {#text} at (0,0) size 365x22
          text run at (0,0) width 365: "The blue bits of text should be decorated as described."
      RenderBlock {P} at (0,38) size 784x308 [color=#C0C0C0]
        RenderText {#text} at (0,0) size 761x66
          text run at (0,0) width 510: "dummy text dummy text dummy text dummy text dummy text dummy text "
          text run at (510,0) width 251: "dummy text dummy text dummy text"
          text run at (0,22) width 255: "dummy text dummy text dummy text "
          text run at (255,22) width 506: "dummy text dummy text dummy text dummy text dummy text dummy text"
          text run at (0,44) width 510: "dummy text dummy text dummy text dummy text dummy text dummy text "
        RenderInline {SPAN} at (0,0) size 772x66 [color=#0000FF] [border: (10px double #0000FF)]
          RenderText {#text} at (520,44) size 171x22
            text run at (520,44) width 171: "\x{21E6} two blue lines to the left "
          RenderInline {SPAN} at (0,0) size 772x66 [color=#C0C0C0]
            RenderText {#text} at (691,44) size 772x66
              text run at (691,44) width 56: "dummy "
              text run at (747,44) width 25: "text"
              text run at (0,66) width 481: "dummy text dummy text dummy text dummy text dummy text dummy "
              text run at (481,66) width 280: "text dummy text dummy text dummy text"
              text run at (0,88) width 166: "dummy text dummy text"
          RenderText {#text} at (166,88) size 4x22
            text run at (166,88) width 4: " "
        RenderText {#text} at (170,88) size 761x110
          text run at (170,88) width 425: "dummy text dummy text dummy text dummy text dummy text "
          text run at (595,88) width 166: "dummy text dummy text"
          text run at (0,110) width 340: "dummy text dummy text dummy text dummy text "
          text run at (340,110) width 421: "dummy text dummy text dummy text dummy text dummy text"
          text run at (0,132) width 85: "dummy text "
          text run at (85,132) width 510: "dummy text dummy text dummy text dummy text dummy text dummy text "
          text run at (595,132) width 166: "dummy text dummy text"
          text run at (0,154) width 340: "dummy text dummy text dummy text dummy text "
          text run at (340,154) width 421: "dummy text dummy text dummy text dummy text dummy text"
          text run at (0,176) width 85: "dummy text "
          text run at (85,176) width 425: "dummy text dummy text dummy text dummy text dummy text "
        RenderInline {SPAN} at (0,0) size 196x22 [color=#0000FF] [border: (1px solid #0000FF)]
          RenderText {#text} at (511,176) size 195x22
            text run at (511,176) width 195: "\x{21E6} one thin blue line to the left "
        RenderText {#text} at (706,176) size 761x132
          text run at (706,176) width 52: "dummy"
          text run at (0,198) width 510: "text dummy text dummy text dummy text dummy text dummy text dummy "
          text run at (510,198) width 251: "text dummy text dummy text dummy"
          text run at (0,220) width 255: "text dummy text dummy text dummy "
          text run at (255,220) width 506: "text dummy text dummy text dummy text dummy text dummy text dummy"
          text run at (0,242) width 510: "text dummy text dummy text dummy text dummy text dummy text dummy "
          text run at (510,242) width 251: "text dummy text dummy text dummy"
          text run at (0,264) width 255: "text dummy text dummy text dummy "
          text run at (255,264) width 506: "text dummy text dummy text dummy text dummy text dummy text dummy"
          text run at (0,286) width 195: "text dummy text dummy text"
      RenderBlock {DIV} at (0,362) size 784x22
        RenderText {#text} at (0,0) size 438x22
          text run at (0,0) width 438: "(All the lines of text in the block above should be equally spaced.)"
