layer at (0,0) size 800x600
  RenderView at (0,0) size 800x600
layer at (0,0) size 800x95
  RenderBlock {HTML} at (0,0) size 800x95
    RenderBody {BODY} at (8,16) size 784x63
      RenderBlock {P} at (0,0) size 176x63 [bgcolor=#FFFFFF] [border: (16px solid #008000) none]
        RenderText {#text} at (0,0) size 158x63
          text run at (0,0) width 122: "There should be a"
          text run at (0,21) width 158: "green block to the right"
          text run at (0,42) width 74: "of this text."
