layer at (0,0) size 802x584
  RenderView at (0,0) size 800x584
layer at (0,0) size 800x40
  RenderBlock {HTML} at (0,0) size 800x40
    RenderBody {BODY} at (8,-2) size 784x44
      RenderBlock {P} at (-10,0) size 804x44 [color=#000080]
        RenderBR {BR} at (0,0) size 0x22
        RenderText {#text} at (0,22) size 316x22
          text run at (0,22) width 316: "  This page should have a horizontal scroll bar."
