layer at (0,0) size 800x600
  RenderView at (0,0) size 800x600
layer at (0,0) size 800x206
  RenderBlock {HTML} at (0,0) size 800x206
    RenderBody {BODY} at (8,16) size 784x174
      RenderBlock {P} at (0,0) size 784x28 [border: (3px solid #008000)]
        RenderText {#text} at (3,3) size 253x22
          text run at (3,3) width 253: "This box should have a green border."
      RenderBlock {P} at (0,44) size 784x28 [border: (3px solid #008000)]
        RenderText {#text} at (3,3) size 323x22
          text run at (3,3) width 323: "This box should have an identical green border."
      RenderBlock {P} at (0,88) size 784x86 [border: (32px solid #800080) (32px solid #008000) (32px solid #0000FF) (32px solid #FFFF00)]
        RenderText {#text} at (32,32) size 566x22
          text run at (32,32) width 566: "Clockwise from top, the borders should be: PURPLE, GREEN, BLUE, YELLOW."
