layer at (0,0) size 800x600
  RenderView at (0,0) size 800x600
layer at (0,0) size 800x98
  RenderBlock {HTML} at (0,0) size 800x98
    RenderBody {BODY} at (8,16) size 784x67
      RenderBlock {P} at (0,0) size 784x21
        RenderText {#text} at (0,0) size 295x21
          text run at (0,0) width 295: "There should be a green vertical bar below:"
      RenderBlock {DIV} at (15,37) size 120x30 [color=#FFFFFF] [bgcolor=#FF0000]
        RenderBlock {P} at (0,0) size 105x30 [bgcolor=#FFFFFF]
          RenderText {#text} at (0,0) size 15x14
            text run at (0,0) width 15: "x"
          RenderInline {SPAN} at (0,0) size 75x14
            RenderText {#text} at (0,15) size 15x14
              text run at (0,15) width 15: "x"
          RenderText {#text} at (75,15) size 15x14
            text run at (75,15) width 15: "x"
