layer at (0,0) size 800x600
  RenderView at (0,0) size 800x600
layer at (0,0) size 800x268
  RenderBlock {HTML} at (0,0) size 800x268
    RenderBody {BODY} at (8,16) size 784x236
      RenderBlock {P} at (20,0) size 764x110 [color=#0000FF] [border: (10px double #0000FF)]
        RenderText {#text} at (10,0) size 369x22
          text run at (10,0) width 369: "\x{21E6} This paragraph should have two blue lines on its left. "
        RenderInline {SPAN} at (0,0) size 732x110 [color=#C0C0C0]
          RenderText {#text} at (379,0) size 732x110
            text run at (379,0) width 336: "dummy text dummy text dummy text dummy text"
            text run at (10,22) width 141: "dummy text dummy "
            text run at (151,22) width 510: "text dummy text dummy text dummy text dummy text dummy text dummy "
            text run at (661,22) width 81: "text dummy"
            text run at (10,44) width 425: "text dummy text dummy text dummy text dummy text dummy "
            text run at (435,44) width 280: "text dummy text dummy text dummy text"
            text run at (10,66) width 226: "dummy text dummy text dummy "
            text run at (236,66) width 506: "text dummy text dummy text dummy text dummy text dummy text dummy"
            text run at (10,88) width 365: "text dummy text dummy text dummy text dummy text"
        RenderText {#text} at (0,0) size 0x0
      RenderBlock {P} at (20,126) size 764x110 [color=#0000FF] [border: (1px solid #0000FF)]
        RenderText {#text} at (1,0) size 377x22
          text run at (1,0) width 377: "\x{21E6} This paragraph should have a thin blue line on its left. "
        RenderInline {SPAN} at (0,0) size 761x110 [color=#C0C0C0]
          RenderText {#text} at (378,0) size 761x110
            text run at (378,0) width 336: "dummy text dummy text dummy text dummy text"
            text run at (1,22) width 141: "dummy text dummy "
            text run at (142,22) width 510: "text dummy text dummy text dummy text dummy text dummy text dummy "
            text run at (652,22) width 110: "text dummy text"
            text run at (1,44) width 396: "dummy text dummy text dummy text dummy text dummy "
            text run at (397,44) width 365: "text dummy text dummy text dummy text dummy text"
            text run at (1,66) width 141: "dummy text dummy "
            text run at (142,66) width 510: "text dummy text dummy text dummy text dummy text dummy text dummy "
            text run at (652,66) width 110: "text dummy text"
            text run at (1,88) width 251: "dummy text dummy text dummy text"
        RenderText {#text} at (0,0) size 0x0
