layer at (0,0) size 800x600
  RenderView at (0,0) size 800x600
layer at (0,0) size 800x143
  RenderBlock {HTML} at (0,0) size 800x143
    RenderBody {BODY} at (8,16) size 784x112
      RenderBlock {P} at (0,0) size 784x21
        RenderText {#text} at (0,0) size 175x21
          text run at (0,0) width 175: "It should say \"HI\" below:"
      RenderBlock {DIV} at (15,37) size 165x75 [color=#FFFFFF] [bgcolor=#000080]
        RenderText {#text} at (0,0) size 135x14
          text run at (0,0) width 135: "xx xx xx "
        RenderInline {SPAN} at (0,0) size 165x44
          RenderText {#text} at (135,0) size 165x44
            text run at (135,0) width 30: "xx"
            text run at (0,15) width 165: "xx xx xx xx"
            text run at (0,30) width 30: "xx"
        RenderText {#text} at (75,30) size 165x44
          text run at (75,30) width 90: " xx xx"
          text run at (0,45) width 165: "xx xx xx xx"
          text run at (0,60) width 165: "xx xx xx xx"
