layer at (0,0) size 800x600
  RenderView at (0,0) size 800x600
layer at (0,0) size 800x258
  RenderBlock {HTML} at (0,0) size 800x258
    RenderBody {BODY} at (8,48) size 784x162
      RenderBlock {P} at (48,0) size 688x22
        RenderInline {SPAN} at (0,0) size 259x28 [border: (3px solid #008000)]
          RenderText {#text} at (3,0) size 253x22
            text run at (3,0) width 253: "This box should have a green border."
        RenderText {#text} at (0,0) size 0x0
      RenderBlock {P} at (48,70) size 688x22
        RenderInline {SPAN} at (0,0) size 259x28 [border: (3px solid #008000)]
          RenderText {#text} at (3,0) size 253x22
            text run at (3,0) width 253: "This box should have a green border."
        RenderText {#text} at (0,0) size 0x0
      RenderBlock {P} at (48,140) size 688x22
        RenderInline {SPAN} at (0,0) size 630x86 [border: (32px solid #800080) (32px solid #008000) (32px solid #0000FF) (32px solid #FFFF00)]
          RenderText {#text} at (32,0) size 566x22
            text run at (32,0) width 566: "Clockwise from top, the borders should be: PURPLE, GREEN, BLUE, YELLOW."
        RenderText {#text} at (0,0) size 0x0
