layer at (0,0) size 800x600
  RenderView at (0,0) size 800x600
layer at (0,0) size 800x405
  RenderBlock {HTML} at (0,0) size 800x405
    RenderBody {BODY} at (8,16) size 784x373 [color=#0000FF]
      RenderBlock {P} at (0,0) size 784x42
        RenderText {#text} at (0,0) size 728x42
          text run at (0,0) width 387: "There should be a solid line to the right of the text below, "
          text run at (387,0) width 341: "having three segments each of a different colour as"
          text run at (0,21) width 66: "indicated."
      RenderBlock {UL} at (0,58) size 588x315
        RenderListItem {LI} at (40,0) size 548x84 [border: (3px solid #FFA500) none]
          RenderBlock (anonymous) at (0,0) size 545x21
            RenderListMarker at (-18,0) size 7x21: bullet
            RenderText {#text} at (0,0) size 114x21
              text run at (0,0) width 114: "Orange orange..."
          RenderBlock {UL} at (0,21) size 409x63
            RenderListItem {LI} at (40,0) size 369x21
              RenderListMarker at (-18,0) size 7x21: white bullet
              RenderText {#text} at (0,0) size 122x21
                text run at (0,0) width 122: "...orange orange..."
            RenderListItem {LI} at (40,21) size 369x21
              RenderListMarker at (-18,0) size 7x21: white bullet
              RenderText {#text} at (0,0) size 122x21
                text run at (0,0) width 122: "...orange orange..."
            RenderListItem {LI} at (40,42) size 369x21
              RenderListMarker at (-18,0) size 7x21: white bullet
              RenderText {#text} at (0,0) size 114x21
                text run at (0,0) width 114: "...orange orange."
        RenderListItem {LI} at (40,84) size 548x21 [border: (3px solid #00FF00) none]
          RenderListMarker at (-18,0) size 7x21: bullet
          RenderText {#text} at (0,0) size 39x21
            text run at (0,0) width 39: "Lime."
        RenderListItem {LI} at (40,105) size 548x210 [border: (3px solid #FFFF00) none]
          RenderListMarker at (-18,0) size 7x21: bullet
          RenderText {#text} at (0,0) size 517x210
            text run at (0,0) width 333: "Yellow yellow yellow yellow yellow yellow yellow "
            text run at (333,0) width 184: "yellow yellow yellow yellow"
            text run at (0,21) width 235: "yellow yellow yellow yellow yellow "
            text run at (235,21) width 278: "yellow yellow yellow yellow yellow yellow"
            text run at (0,42) width 141: "yellow yellow yellow "
            text run at (141,42) width 372: "yellow yellow yellow yellow yellow yellow yellow yellow"
            text run at (0,63) width 47: "yellow "
            text run at (47,63) width 423: "yellow yellow yellow yellow yellow yellow yellow yellow yellow "
            text run at (470,63) width 43: "yellow"
            text run at (0,84) width 376: "yellow yellow yellow yellow yellow yellow yellow yellow "
            text run at (376,84) width 137: "yellow yellow yellow"
            text run at (0,105) width 282: "yellow yellow yellow yellow yellow yellow "
            text run at (282,105) width 231: "yellow yellow yellow yellow yellow"
            text run at (0,126) width 188: "yellow yellow yellow yellow "
            text run at (188,126) width 325: "yellow yellow yellow yellow yellow yellow yellow"
            text run at (0,147) width 94: "yellow yellow "
            text run at (94,147) width 419: "yellow yellow yellow yellow yellow yellow yellow yellow yellow"
            text run at (0,168) width 423: "yellow yellow yellow yellow yellow yellow yellow yellow yellow "
            text run at (423,168) width 90: "yellow yellow"
            text run at (0,189) width 282: "yellow yellow yellow yellow yellow yellow."
