layer at (0,0) size 800x600
  RenderView at (0,0) size 800x600
layer at (0,0) size 800x334
  RenderBlock {HTML} at (0,0) size 800x334
    RenderBody {BODY} at (8,16) size 784x302 [color=#0000FF]
      RenderBlock {P} at (0,0) size 784x44
        RenderText {#text} at (0,0) size 533x22
          text run at (0,0) width 533: "There should be a solid blue line directly under every occurrence of the word \""
        RenderInline {SPAN} at (0,0) size 54x24 [border: (2px solid #0000FF) none]
          RenderText {#text} at (533,0) size 54x22
            text run at (533,0) width 54: "HERE \x{21E9}"
        RenderText {#text} at (587,0) size 779x44
          text run at (587,0) width 192: "\". (So there should be 8 blue"
          text run at (0,22) width 124: "lines on this page.)"
      RenderTable {TABLE} at (0,60) size 124x88
        RenderTableSection {TBODY} at (0,0) size 124x88
          RenderTableRow {TR} at (0,2) size 124x26
            RenderTableCell {TD} at (2,2) size 120x26 [border: none (2px solid #0000FF) none] [r=0 c=0 rs=1 cs=2]
              RenderText {#text} at (33,1) size 54x22
                text run at (33,1) width 54: "HERE \x{21E9}"
          RenderTableRow {TR} at (0,30) size 124x56
            RenderTableCell {TD} at (2,45) size 56x26 [border: none (2px solid #0000FF) none] [r=1 c=0 rs=1 cs=1]
              RenderText {#text} at (1,1) size 54x22
                text run at (1,1) width 54: "HERE \x{21E9}"
            RenderTableCell {TD} at (60,30) size 62x56 [border: none (2px solid #0000FF) none] [r=1 c=1 rs=1 cs=1]
              RenderTable {TABLE} at (1,1) size 60x30
                RenderTableSection {TBODY} at (0,0) size 60x30
                  RenderTableRow {TR} at (0,2) size 60x26
                    RenderTableCell {TD} at (2,2) size 56x26 [border: none (2px solid #0000FF) none] [r=0 c=0 rs=1 cs=1]
                      RenderText {#text} at (1,1) size 54x22
                        text run at (1,1) width 54: "HERE \x{21E9}"
              RenderBlock (anonymous) at (1,31) size 60x22
                RenderText {#text} at (3,0) size 54x22
                  text run at (3,0) width 54: "HERE \x{21E9}"
      RenderBlock {UL} at (0,164) size 784x138
        RenderListItem {LI} at (40,0) size 744x90 [border: (2px solid #0000FF) none]
          RenderBlock {UL} at (0,0) size 744x66
            RenderListItem {LI} at (40,0) size 704x22
              RenderListMarker at (-58,0) size 7x22: bullet
              RenderListMarker at (-18,0) size 7x22: white bullet
              RenderText {#text} at (0,0) size 81x22
                text run at (0,0) width 81: "dummy text"
            RenderListItem {LI} at (40,22) size 704x22
              RenderListMarker at (-18,0) size 7x22: white bullet
              RenderText {#text} at (0,0) size 81x22
                text run at (0,0) width 81: "dummy text"
            RenderListItem {LI} at (40,44) size 704x22
              RenderListMarker at (-18,0) size 7x22: white bullet
              RenderText {#text} at (0,0) size 81x22
                text run at (0,0) width 81: "dummy text"
          RenderBlock (anonymous) at (0,66) size 744x22
            RenderText {#text} at (0,0) size 54x22
              text run at (0,0) width 54: "HERE \x{21E9}"
        RenderListItem {LI} at (40,90) size 744x24 [border: (2px solid #0000FF) none]
          RenderListMarker at (-18,0) size 7x22: bullet
          RenderText {#text} at (0,0) size 54x22
            text run at (0,0) width 54: "HERE \x{21E9}"
        RenderListItem {LI} at (40,114) size 744x24 [border: (2px solid #0000FF) none]
          RenderListMarker at (-18,0) size 7x22: bullet
          RenderText {#text} at (0,0) size 54x22
            text run at (0,0) width 54: "HERE \x{21E9}"
