layer at (0,0) size 800x600
  RenderView at (0,0) size 800x600
layer at (0,0) size 800x119
  RenderBlock {HTML} at (0,0) size 800x119
    RenderBody {BODY} at (8,16) size 784x95
      RenderBlock {P} at (0,0) size 784x21
        RenderText {#text} at (0,0) size 258x21
          text run at (0,0) width 258: "The next two bars should be identical:"
      RenderBlock {DIV} at (0,37) size 160x21
        RenderBlock {P} at (0,0) size 240x21 [color=#FFFF00] [bgcolor=#000080]
          RenderText {#text} at (0,0) size 42x21
            text run at (0,0) width 42: "TEST"
      RenderBlock {DIV} at (0,74) size 240x21 [color=#FFFF00] [bgcolor=#000080]
        RenderText {#text} at (0,0) size 42x21
          text run at (0,0) width 42: "TEST"
