layer at (0,0) size 800x600
  RenderView at (0,0) size 800x600
layer at (0,0) size 800x378
  RenderBlock {HTML} at (0,0) size 800x378
    RenderBody {BODY} at (8,8) size 784x362
      RenderBlock {DIV} at (0,0) size 784x22
        RenderText {#text} at (0,0) size 365x22
          text run at (0,0) width 365: "The blue bits of text should be decorated as described."
      RenderBlock {P} at (0,38) size 784x286 [color=#C0C0C0]
        RenderText {#text} at (0,0) size 761x66
          text run at (0,0) width 510: "dummy text dummy text dummy text dummy text dummy text dummy text "
          text run at (510,0) width 251: "dummy text dummy text dummy text"
          text run at (0,22) width 255: "dummy text dummy text dummy text "
          text run at (255,22) width 506: "dummy text dummy text dummy text dummy text dummy text dummy text"
          text run at (0,44) width 510: "dummy text dummy text dummy text dummy text dummy text dummy text "
        RenderInline {SPAN} at (0,0) size 747x64 [color=#0000FF] [border: (10px double #0000FF)]
          RenderText {#text} at (520,44) size 747x44
            text run at (520,44) width 227: "two blue lines all around this blue"
            text run at (0,66) width 25: "text"
        RenderText {#text} at (35,66) size 771x110
          text run at (35,66) width 4: " "
          text run at (39,66) width 510: "dummy text dummy text dummy text dummy text dummy text dummy text "
          text run at (549,66) width 222: "dummy text dummy text dummy"
          text run at (0,88) width 284: "text dummy text dummy text dummy text "
          text run at (284,88) width 477: "dummy text dummy text dummy text dummy text dummy text dummy"
          text run at (0,110) width 29: "text "
          text run at (29,110) width 510: "dummy text dummy text dummy text dummy text dummy text dummy text "
          text run at (539,110) width 222: "dummy text dummy text dummy"
          text run at (0,132) width 284: "text dummy text dummy text dummy text "
          text run at (284,132) width 477: "dummy text dummy text dummy text dummy text dummy text dummy"
          text run at (0,154) width 29: "text "
          text run at (29,154) width 340: "dummy text dummy text dummy text dummy text "
        RenderInline {SPAN} at (0,0) size 251x24 [color=#0000FF] [border: (1px solid #0000FF)]
          RenderText {#text} at (370,154) size 249x22
            text run at (370,154) width 28: "one "
            text run at (398,154) width 221: "blue line all around this blue text"
        RenderText {#text} at (620,154) size 761x132
          text run at (620,154) width 141: " dummy text dummy"
          text run at (0,176) width 29: "text "
          text run at (29,176) width 510: "dummy text dummy text dummy text dummy text dummy text dummy text "
          text run at (539,176) width 222: "dummy text dummy text dummy"
          text run at (0,198) width 284: "text dummy text dummy text dummy text "
          text run at (284,198) width 477: "dummy text dummy text dummy text dummy text dummy text dummy"
          text run at (0,220) width 29: "text "
          text run at (29,220) width 510: "dummy text dummy text dummy text dummy text dummy text dummy text "
          text run at (539,220) width 222: "dummy text dummy text dummy"
          text run at (0,242) width 284: "text dummy text dummy text dummy text "
          text run at (284,242) width 477: "dummy text dummy text dummy text dummy text dummy text dummy"
          text run at (0,264) width 29: "text "
          text run at (29,264) width 81: "dummy text"
      RenderBlock {DIV} at (0,340) size 784x22
        RenderText {#text} at (0,0) size 438x22
          text run at (0,0) width 438: "(All the lines of text in the block above should be equally spaced.)"
