layer at (0,0) size 800x600
  RenderView at (0,0) size 800x600
layer at (0,0) size 800x143
  RenderBlock {HTML} at (0,0) size 800x143
    RenderBody {BODY} at (8,16) size 784x111
      RenderBlock {P} at (0,0) size 784x21 [color=#000080]
        RenderText {#text} at (0,0) size 434x21
          text run at (0,0) width 434: "The two patterns below should be identical, with no red present."
      RenderBlock {DIV} at (0,37) size 784x74
        RenderBlock {DIV} at (16,16) size 160x21 [color=#FFFF00] [bgcolor=#000080]
          RenderText {#text} at (0,0) size 12x21
            text run at (0,0) width 12: " *"
        RenderBlock {DIV} at (96,37) size 160x21 [color=#FFFF00] [bgcolor=#000080]
          RenderText {#text} at (148,0) size 12x21
            text run at (148,0) width 12: "* "
      RenderBlock {DIV} at (16,127) size 240x0
        RenderBlock {DIV} at (0,0) size 240x0 [bgcolor=#FF0000]
          RenderBlock (floating) {P} at (0,0) size 160x21 [color=#FFFF00] [bgcolor=#000080]
            RenderText {#text} at (0,0) size 12x21
              text run at (0,0) width 12: " *"
          RenderBlock (floating) {P} at (80,21) size 160x21 [color=#FFFF00] [bgcolor=#000080]
            RenderText {#text} at (148,0) size 12x21
              text run at (148,0) width 12: "* "
