layer at (0,0) size 800x600
  RenderView at (0,0) size 800x600
layer at (0,0) size 800x362
  RenderBlock {HTML} at (0,0) size 800x362
    RenderBody {BODY} at (8,16) size 784x330
      RenderBlock {P} at (0,0) size 784x330 [color=#000080]
        RenderImage {IMG} at (0,0) size 50x50
        RenderText {#text} at (50,0) size 336x22
          text run at (50,0) width 336: "\x{21E6} This text should flow around the box on the left. "
        RenderInline {SPAN} at (0,0) size 782x330 [color=#C0C0C0]
          RenderText {#text} at (386,0) size 782x330
            text run at (386,0) width 392: "dummy text dummy text dummy text dummy text dummy"
            text run at (50,22) width 85: "text dummy "
            text run at (135,22) width 510: "text dummy text dummy text dummy text dummy text dummy text dummy "
            text run at (645,22) width 110: "text dummy text"
            text run at (50,44) width 396: "dummy text dummy text dummy text dummy text dummy "
            text run at (446,44) width 336: "text dummy text dummy text dummy text dummy"
            text run at (0,66) width 170: "text dummy text dummy "
            text run at (170,66) width 510: "text dummy text dummy text dummy text dummy text dummy text dummy "
            text run at (680,66) width 81: "text dummy"
            text run at (0,88) width 425: "text dummy text dummy text dummy text dummy text dummy "
            text run at (425,88) width 336: "text dummy text dummy text dummy text dummy"
            text run at (0,110) width 170: "text dummy text dummy "
            text run at (170,110) width 510: "text dummy text dummy text dummy text dummy text dummy text dummy "
            text run at (680,110) width 81: "text dummy"
            text run at (0,132) width 425: "text dummy text dummy text dummy text dummy text dummy "
            text run at (425,132) width 336: "text dummy text dummy text dummy text dummy"
            text run at (0,154) width 170: "text dummy text dummy "
            text run at (170,154) width 510: "text dummy text dummy text dummy text dummy text dummy text dummy "
            text run at (680,154) width 81: "text dummy"
            text run at (0,176) width 425: "text dummy text dummy text dummy text dummy text dummy "
            text run at (425,176) width 336: "text dummy text dummy text dummy text dummy"
            text run at (0,198) width 170: "text dummy text dummy "
            text run at (170,198) width 510: "text dummy text dummy text dummy text dummy text dummy text dummy "
            text run at (680,198) width 81: "text dummy"
            text run at (0,220) width 425: "text dummy text dummy text dummy text dummy text dummy "
            text run at (425,220) width 336: "text dummy text dummy text dummy text dummy"
            text run at (0,242) width 170: "text dummy text dummy "
            text run at (170,242) width 510: "text dummy text dummy text dummy text dummy text dummy text dummy "
            text run at (680,242) width 81: "text dummy"
            text run at (0,264) width 425: "text dummy text dummy text dummy text dummy text dummy "
            text run at (425,264) width 336: "text dummy text dummy text dummy text dummy"
            text run at (0,286) width 170: "text dummy text dummy "
            text run at (170,286) width 510: "text dummy text dummy text dummy text dummy text dummy text dummy "
            text run at (680,286) width 81: "text dummy"
            text run at (0,308) width 365: "text dummy text dummy text dummy text dummy text"
        RenderText {#text} at (0,0) size 0x0
