layer at (0,0) size 800x600
  RenderView at (0,0) size 800x600
layer at (0,0) size 800x496
  RenderBlock {HTML} at (0,0) size 800x496
    RenderBody {BODY} at (8,16) size 784x464
      RenderBlock {P} at (0,0) size 784x66 [color=#000080]
        RenderText {#text} at (0,0) size 778x66
          text run at (0,0) width 430: "The big coloured boxes should be level with the top of the small "
          text run at (430,0) width 348: "coloured boxes of the same color (unless there is not"
          text run at (0,22) width 94: "enough room "
          text run at (94,22) width 423: "for the big box to fit on the small box's line after the small box, "
          text run at (517,22) width 256: "in which case the big box should be as"
          text run at (0,44) width 178: "high as possible below the "
          text run at (178,44) width 73: "small box)."
      RenderBlock {DIV} at (16,82) size 752x382 [color=#C0C0C0] [border: (5px solid #800080)]
        RenderText {#text} at (171,20) size 340x22
          text run at (171,20) width 340: "dummy text dummy text dummy text dummy text "
        RenderInline {SPAN} at (0,0) size 18x28 [color=#FFFFFF] [bgcolor=#008080] [border: (3px solid #00FFFF)]
          RenderText {#text} at (514,20) size 12x22
            text run at (514,20) width 12: "A"
        RenderText {#text} at (529,20) size 4x22
          text run at (529,20) width 4: " "
        RenderBlock (floating) {P} at (21,21) size 150x58 [color=#FFFFFF] [bgcolor=#008080] [border: (3px solid #00FFFF)]
          RenderText {#text} at (19,18) size 48x22
            text run at (19,18) width 48: "AAAA"
        RenderText {#text} at (0,0) size 0x0
        RenderInline {SPAN} at (0,0) size 17x28 [color=#FFFFFF] [bgcolor=#800080] [border: (3px solid #FF00FF)]
          RenderText {#text} at (536,20) size 11x22
            text run at (536,20) width 11: "B"
        RenderText {#text} at (0,0) size 0x0
        RenderBlock (floating) {P} at (581,21) size 150x58 [color=#FFFFFF] [bgcolor=#800080] [border: (3px solid #FF00FF)]
          RenderText {#text} at (19,18) size 44x22
            text run at (19,18) width 44: "BBBB"
        RenderText {#text} at (171,40) size 676x322
          text run at (171,40) width 392: "dummy text dummy text dummy text dummy text dummy"
          text run at (171,60) width 114: "text dummy text "
          text run at (285,60) width 251: "dummy text dummy text dummy text"
          text run at (21,80) width 255: "dummy text dummy text dummy text "
          text run at (276,80) width 421: "dummy text dummy text dummy text dummy text dummy text"
          text run at (21,100) width 85: "dummy text "
          text run at (106,100) width 510: "dummy text dummy text dummy text dummy text dummy text dummy text "
          text run at (616,100) width 81: "dummy text"
          text run at (21,120) width 425: "dummy text dummy text dummy text dummy text dummy text "
          text run at (446,120) width 251: "dummy text dummy text dummy text"
          text run at (21,140) width 255: "dummy text dummy text dummy text "
          text run at (276,140) width 421: "dummy text dummy text dummy text dummy text dummy text"
          text run at (21,160) width 85: "dummy text "
          text run at (106,160) width 510: "dummy text dummy text dummy text dummy text dummy text dummy text "
          text run at (616,160) width 81: "dummy text"
          text run at (21,180) width 425: "dummy text dummy text dummy text dummy text dummy text "
          text run at (446,180) width 251: "dummy text dummy text dummy text"
          text run at (21,200) width 255: "dummy text dummy text dummy text "
          text run at (276,200) width 421: "dummy text dummy text dummy text dummy text dummy text"
          text run at (21,220) width 85: "dummy text "
          text run at (106,220) width 510: "dummy text dummy text dummy text dummy text dummy text dummy text "
          text run at (616,220) width 81: "dummy text"
          text run at (21,240) width 425: "dummy text dummy text dummy text dummy text dummy text "
          text run at (446,240) width 251: "dummy text dummy text dummy text"
          text run at (21,260) width 255: "dummy text dummy text dummy text "
          text run at (276,260) width 421: "dummy text dummy text dummy text dummy text dummy text"
          text run at (21,280) width 85: "dummy text "
          text run at (106,280) width 510: "dummy text dummy text dummy text dummy text dummy text dummy text "
          text run at (616,280) width 81: "dummy text"
          text run at (21,300) width 425: "dummy text dummy text dummy text dummy text dummy text "
          text run at (446,300) width 251: "dummy text dummy text dummy text"
          text run at (21,320) width 255: "dummy text dummy text dummy text "
          text run at (276,320) width 421: "dummy text dummy text dummy text dummy text dummy text"
          text run at (21,340) width 85: "dummy text "
          text run at (106,340) width 506: "dummy text dummy text dummy text dummy text dummy text dummy text"
