layer at (0,0) size 800x600
  RenderView at (0,0) size 800x600
layer at (0,0) size 800x52
  RenderBlock {HTML} at (0,0) size 800x52
    RenderBody {BODY} at (8,8) size 784x22
      RenderBlock {DIV} at (0,0) size 784x22
        RenderBlock {DIV} at (0,0) size 784x22
          RenderBlock (floating) {P} at (392,0) size 392x44
            RenderImage {IMG} at (0,0) size 15x15 [color=#FF0000]
            RenderText {#text} at (15,0) size 376x44
              text run at (15,0) width 4: " "
              text run at (19,0) width 357: "\x{21E6} There should be a green square at the top left of the"
              text run at (0,22) width 58: "window."
          RenderImage {IMG} at (0,0) size 15x15 [color=#FF0000]
          RenderText {#text} at (0,0) size 0x0
