layer at (0,0) size 800x600
  RenderView at (0,0) size 800x600
layer at (0,0) size 800x93
  RenderBlock {HTML} at (0,0) size 800x93
    RenderBody {BODY} at (8,16) size 784x69
      RenderBlock {P} at (0,0) size 784x21
        RenderText {#text} at (0,0) size 285x21
          text run at (0,0) width 285: "There should be no red below, only green."
      RenderBlock (floating) {DIV} at (0,37) size 784x16 [color=#008000] [bgcolor=#FF0000]
        RenderText {#text} at (0,0) size 16x16
          text run at (0,0) width 16: "X"
      RenderBlock {DIV} at (0,37) size 16x32 [color=#008000] [bgcolor=#FF0000]
        RenderText {#text} at (0,16) size 16x16
          text run at (0,16) width 16: "X"
