layer at (0,0) size 784x884
  RenderView at (0,0) size 784x600
layer at (0,0) size 784x884
  RenderBlock {HTML} at (0,0) size 784x884
    RenderBody {BODY} at (8,32) size 768x820
      RenderBlock {P} at (32,0) size 704x126 [color=#000080]
        RenderText {#text} at (0,0) size 685x125
          text run at (0,0) width 685: "\x{21E9} The following blue box should be exactly half the"
          text run at (0,42) width 87: "width "
          text run at (87,42) width 596: "of the viewport, on the left of the 50% ruler"
          text run at (0,84) width 83: "mark."
      RenderBlock (floating) {DIV} at (0,158) size 384x399 [color=#FFFFFF] [bgcolor=#0000FF]
        RenderText {#text} at (0,0) size 384x399
          text run at (0,0) width 384: "ignore this float text ignore this float text ignore this"
          text run at (0,21) width 42: "float "
          text run at (42,21) width 341: "text ignore this float text ignore this float text"
          text run at (0,42) width 79: "ignore this "
          text run at (79,42) width 304: "float text ignore this float text ignore this"
          text run at (0,63) width 125: "float text ignore "
          text run at (125,63) width 258: "this float text ignore this float text"
          text run at (0,84) width 154: "ignore this float text "
          text run at (154,84) width 229: "ignore this float text ignore this"
          text run at (0,105) width 198: "float text ignore this float "
          text run at (198,105) width 185: "text ignore this float text"
          text run at (0,126) width 233: "ignore this float text ignore this "
          text run at (233,126) width 150: "float text ignore this"
          text run at (0,147) width 281: "float text ignore this float text ignore "
          text run at (281,147) width 102: "this float text"
          text run at (0,168) width 308: "ignore this float text ignore this float text "
          text run at (308,168) width 75: "ignore this"
          text run at (0,189) width 355: "float text ignore this float text ignore this float "
          text run at (355,189) width 29: "text"
          text run at (0,210) width 384: "ignore this float text ignore this float text ignore this"
          text run at (0,231) width 384: "float text ignore this float text ignore this float text"
          text run at (0,252) width 49: "ignore "
          text run at (49,252) width 334: "this float text ignore this float text ignore this"
          text run at (0,273) width 76: "float text "
          text run at (76,273) width 307: "ignore this float text ignore this float text"
          text run at (0,294) width 121: "ignore this float "
          text run at (121,294) width 262: "text ignore this float text ignore this"
          text run at (0,315) width 156: "float text ignore this "
          text run at (156,315) width 227: "float text ignore this float text"
          text run at (0,336) width 203: "ignore this float text ignore "
          text run at (203,336) width 180: "this float text ignore this"
          text run at (0,357) width 232: "float text ignore this float text "
          text run at (232,357) width 151: "ignore this float text"
          text run at (0,378) width 271: "ignore this float text ignore this float"
      RenderBlock {DIV} at (0,158) size 768x546 [color=#C0C0C0]
        RenderText {#text} at (384,0) size 768x546
          text run at (384,0) width 384: "this is some dummy text this is some dummy text this is"
          text run at (384,21) width 98: "some dummy "
          text run at (482,21) width 286: "text this is some dummy text this is some"
          text run at (384,42) width 166: "dummy text this is some "
          text run at (550,42) width 218: "dummy text this is some dummy"
          text run at (384,63) width 236: "text this is some dummy text this is "
          text run at (620,63) width 147: "some dummy text this"
          text run at (384,84) width 306: "is some dummy text this is some dummy text "
          text run at (690,84) width 77: "this is some"
          text run at (384,105) width 384: "dummy text this is some dummy text this is some dummy"
          text run at (384,126) width 384: "text this is some dummy text this is some dummy text this"
          text run at (384,147) width 53: "is some "
          text run at (437,147) width 330: "dummy text this is some dummy text this is some"
          text run at (384,168) width 127: "dummy text this is "
          text run at (511,168) width 256: "some dummy text this is some dummy"
          text run at (384,189) width 194: "text this is some dummy text "
          text run at (578,189) width 189: "this is some dummy text this"
          text run at (384,210) width 277: "is some dummy text this is some dummy "
          text run at (661,210) width 106: "text this is some"
          text run at (384,231) width 332: "dummy text this is some dummy text this is some "
          text run at (716,231) width 52: "dummy"
          text run at (384,252) width 384: "text this is some dummy text this is some dummy text this"
          text run at (384,273) width 14: "is "
          text run at (398,273) width 369: "some dummy text this is some dummy text this is some"
          text run at (384,294) width 85: "dummy text "
          text run at (469,294) width 298: "this is some dummy text this is some dummy"
          text run at (384,315) width 165: "text this is some dummy "
          text run at (549,315) width 218: "text this is some dummy text this"
          text run at (384,336) width 220: "is some dummy text this is some "
          text run at (604,336) width 163: "dummy text this is some"
          text run at (384,357) width 293: "dummy text this is some dummy text this is "
          text run at (677,357) width 90: "some dummy"
          text run at (384,378) width 360: "text this is some dummy text this is some dummy text "
          text run at (744,378) width 24: "this"
          text run at (0,399) width 440: "is some dummy text this is some dummy text this is some dummy "
          text run at (440,399) width 327: "text this is some dummy text this is some dummy"
          text run at (0,420) width 109: "text this is some "
          text run at (109,420) width 458: "dummy text this is some dummy text this is some dummy text this is "
          text run at (567,420) width 199: "some dummy text this is some"
          text run at (0,441) width 259: "dummy text this is some dummy text "
          text run at (259,441) width 484: "this is some dummy text this is some dummy text this is some dummy "
          text run at (743,441) width 25: "text"
          text run at (0,462) width 428: "this is some dummy text this is some dummy text this is some "
          text run at (428,462) width 339: "dummy text this is some dummy text this is some"
          text run at (0,483) width 132: "dummy text this is "
          text run at (132,483) width 469: "some dummy text this is some dummy text this is some dummy text "
          text run at (601,483) width 166: "this is some dummy text"
          text run at (0,504) width 314: "this is some dummy text this is some dummy "
          text run at (314,504) width 453: "text this is some dummy text this is some dummy text this is some"
          text run at (0,525) width 457: "dummy text this is some dummy text this is some dummy text this is "
          text run at (457,525) width 284: "some dummy text this is some dummy text"
      RenderBlock {P} at (32,736) size 704x84 [color=#000080]
        RenderText {#text} at (41,0) size 663x83
          text run at (41,0) width 663: "The above gray text should flow around the blue"
          text run at (630,42) width 66: "box. "
          text run at (696,42) width 8: "\x{21E7}"
