layer at (0,0) size 800x600
  RenderView at (0,0) size 800x600
layer at (0,0) size 800x222
  RenderBlock {HTML} at (0,0) size 800x222
    RenderBody {BODY} at (8,16) size 784x142
      RenderBlock {P} at (0,0) size 784x22 [color=#000080]
        RenderText {#text} at (0,0) size 637x22
          text run at (0,0) width 404: "In the following test, the teal squares must be just inside the "
          text run at (404,0) width 233: "top and sides of the blue rectangle."
      RenderBlock {DIV} at (0,38) size 784x104
        RenderBlock {DIV} at (16,0) size 752x104 [color=#0000FF] [bgcolor=#000080] [border: (8px solid #0000FF) none (8px solid #0000FF)]
          RenderImage {IMG} at (8,8) size 160x160 [color=#FFFF00] [bgcolor=#FF0000]
          RenderImage {IMG} at (584,8) size 160x160 [color=#FFFF00] [bgcolor=#FF0000]
          RenderText {#text} at (168,8) size 416x88
            text run at (168,8) width 416: "Blue rectangle. Blue rectangle. Blue rectangle. Blue rectangle."
            text run at (168,30) width 416: "Blue rectangle. Blue rectangle. Blue rectangle. Blue rectangle."
            text run at (168,52) width 416: "Blue rectangle. Blue rectangle. Blue rectangle. Blue rectangle."
            text run at (168,74) width 416: "Blue rectangle. Blue rectangle. Blue rectangle. Blue rectangle."
