layer at (0,0) size 800x600
  RenderView at (0,0) size 800x600
layer at (0,0) size 800x62
  RenderBlock {HTML} at (0,0) size 800x62
    RenderBody {BODY} at (8,8) size 784x19
      RenderBlock {DIV} at (0,0) size 784x19
        RenderBlock (floating) {P} at (0,0) size 392x54
          RenderText {#text} at (0,0) size 376x54
            text run at (0,0) width 376: "There should be a green square to the right,"
            text run at (0,27) width 316: "roughly in the middle, horizontally. \x{21E8}"
        RenderImage {IMG} at (392,0) size 15x15 [color=#FF0000]
        RenderText {#text} at (0,0) size 0x0
