layer at (0,0) size 800x600
  RenderView at (0,0) size 800x600
layer at (0,0) size 800x174
  RenderBlock {HTML} at (0,0) size 800x174
    RenderBody {BODY} at (8,16) size 784x142
      RenderBlock {P} at (0,0) size 784x22 [color=#000080]
        RenderText {#text} at (0,0) size 573x22
          text run at (0,0) width 573: "In the following test, the blue blocks should be on the given sides of the teal rectangle."
      RenderBlock {DIV} at (0,38) size 784x104
        RenderBlock {DIV} at (16,0) size 752x104 [color=#00FFFF] [bgcolor=#008080]
          RenderBlock (floating) {P} at (8,8) size 176x60 [color=#FFFFFF] [bgcolor=#000080] [border: (4px solid #0000FF)]
            RenderText {#text} at (8,8) size 140x44
              text run at (8,8) width 112: "\x{21E6} This blue block"
              text run at (8,30) width 140: "should be on the left."
          RenderBlock (floating) {P} at (568,8) size 176x60 [color=#FFFFFF] [bgcolor=#000080] [border: (4px solid #0000FF)]
            RenderText {#text} at (8,8) size 152x44
              text run at (8,8) width 112: "\x{21E8} This blue block"
              text run at (8,30) width 152: "should be on the right."
          RenderText {#text} at (184,8) size 554x88
            text run at (184,8) width 342: "Teal rectangle. Teal rectangle. Teal rectangle. Teal"
            text run at (184,30) width 278: "rectangle. Teal rectangle. Teal rectangle. "
            text run at (462,30) width 100: "Teal rectangle."
            text run at (184,52) width 342: "Teal rectangle. Teal rectangle. Teal rectangle. Teal"
            text run at (8,74) width 170: "rectangle. Teal rectangle."
