layer at (0,0) size 800x600
  RenderView at (0,0) size 800x600
layer at (0,0) size 800x362
  RenderBlock {HTML} at (0,0) size 800x362
    RenderBody {BODY} at (8,16) size 784x330
      RenderBlock {P} at (0,0) size 784x330 [color=#000080]
        RenderImage {IMG} at (734,0) size 50x50
        RenderText {#text} at (0,0) size 348x22
          text run at (0,0) width 348: "This text should flow around the box on the right. \x{21E8} "
        RenderInline {SPAN} at (0,0) size 761x330 [color=#C0C0C0]
          RenderText {#text} at (348,0) size 761x330
            text run at (348,0) width 336: "dummy text dummy text dummy text dummy text"
            text run at (0,22) width 141: "dummy text dummy "
            text run at (141,22) width 510: "text dummy text dummy text dummy text dummy text dummy text dummy "
            text run at (651,22) width 81: "text dummy"
            text run at (0,44) width 425: "text dummy text dummy text dummy text dummy text dummy "
            text run at (425,44) width 280: "text dummy text dummy text dummy text"
            text run at (0,66) width 226: "dummy text dummy text dummy "
            text run at (226,66) width 510: "text dummy text dummy text dummy text dummy text dummy text dummy "
            text run at (736,66) width 25: "text"
            text run at (0,88) width 481: "dummy text dummy text dummy text dummy text dummy text dummy "
            text run at (481,88) width 280: "text dummy text dummy text dummy text"
            text run at (0,110) width 226: "dummy text dummy text dummy "
            text run at (226,110) width 510: "text dummy text dummy text dummy text dummy text dummy text dummy "
            text run at (736,110) width 25: "text"
            text run at (0,132) width 481: "dummy text dummy text dummy text dummy text dummy text dummy "
            text run at (481,132) width 280: "text dummy text dummy text dummy text"
            text run at (0,154) width 226: "dummy text dummy text dummy "
            text run at (226,154) width 510: "text dummy text dummy text dummy text dummy text dummy text dummy "
            text run at (736,154) width 25: "text"
            text run at (0,176) width 481: "dummy text dummy text dummy text dummy text dummy text dummy "
            text run at (481,176) width 280: "text dummy text dummy text dummy text"
            text run at (0,198) width 226: "dummy text dummy text dummy "
            text run at (226,198) width 510: "text dummy text dummy text dummy text dummy text dummy text dummy "
            text run at (736,198) width 25: "text"
            text run at (0,220) width 481: "dummy text dummy text dummy text dummy text dummy text dummy "
            text run at (481,220) width 280: "text dummy text dummy text dummy text"
            text run at (0,242) width 226: "dummy text dummy text dummy "
            text run at (226,242) width 510: "text dummy text dummy text dummy text dummy text dummy text dummy "
            text run at (736,242) width 25: "text"
            text run at (0,264) width 481: "dummy text dummy text dummy text dummy text dummy text dummy "
            text run at (481,264) width 280: "text dummy text dummy text dummy text"
            text run at (0,286) width 226: "dummy text dummy text dummy "
            text run at (226,286) width 510: "text dummy text dummy text dummy text dummy text dummy text dummy "
            text run at (736,286) width 25: "text"
            text run at (0,308) width 421: "dummy text dummy text dummy text dummy text dummy text"
        RenderText {#text} at (0,0) size 0x0
