layer at (0,0) size 800x600
  RenderView at (0,0) size 800x600
layer at (0,0) size 800x8
  RenderBlock {HTML} at (0,0) size 800x8
    RenderBody {BODY} at (8,8) size 784x0
      RenderBlock (floating) {DIV} at (0,0) size 588x315 [color=#FFFFFF] [bgcolor=#000080]
        RenderBlock (floating) {DIV} at (277,0) size 294x84 [color=#00FFFF] [bgcolor=#008080]
          RenderBlock {P} at (0,0) size 294x84
            RenderText {#text} at (0,0) size 294x84
              text run at (0,0) width 294: "To the right of this teal box there should be"
              text run at (0,21) width 147: "a purple square, "
              text run at (147,21) width 146: "tightly squeezed in"
              text run at (0,42) width 294: "between the edge of the teal box and the"
              text run at (0,63) width 211: "outside edge of the blue block. \x{21E8}"
        RenderBlock {P} at (0,0) size 588x315
          RenderText {#text} at (0,0) size 277x42
            text run at (0,0) width 277: "Inside this blue block on the right there"
            text run at (0,21) width 151: "should be a teal box. \x{21E8} "
          RenderInline {SPAN} at (0,0) size 588x294 [color=#000080]
            RenderText {#text} at (151,21) size 588x294
              text run at (151,21) width 125: "FAIL FAIL FAIL"
              text run at (0,42) width 277: "FAIL FAIL FAIL FAIL FAIL FAIL"
              text run at (0,63) width 142: "FAIL FAIL FAIL "
              text run at (142,63) width 134: "FAIL FAIL FAIL"
              text run at (0,84) width 411: "FAIL FAIL FAIL FAIL FAIL FAIL FAIL FAIL FAIL "
              text run at (411,84) width 176: "FAIL FAIL FAIL FAIL"
              text run at (0,105) width 366: "FAIL FAIL FAIL FAIL FAIL FAIL FAIL FAIL "
              text run at (366,105) width 222: "FAIL FAIL FAIL FAIL FAIL"
              text run at (0,126) width 320: "FAIL FAIL FAIL FAIL FAIL FAIL FAIL "
              text run at (320,126) width 267: "FAIL FAIL FAIL FAIL FAIL FAIL"
              text run at (0,147) width 274: "FAIL FAIL FAIL FAIL FAIL FAIL "
              text run at (274,147) width 313: "FAIL FAIL FAIL FAIL FAIL FAIL FAIL"
              text run at (0,168) width 228: "FAIL FAIL FAIL FAIL FAIL "
              text run at (228,168) width 359: "FAIL FAIL FAIL FAIL FAIL FAIL FAIL FAIL"
              text run at (0,189) width 183: "FAIL FAIL FAIL FAIL "
              text run at (183,189) width 405: "FAIL FAIL FAIL FAIL FAIL FAIL FAIL FAIL FAIL"
              text run at (0,210) width 137: "FAIL FAIL FAIL "
              text run at (137,210) width 450: "FAIL FAIL FAIL FAIL FAIL FAIL FAIL FAIL FAIL FAIL"
              text run at (0,231) width 91: "FAIL FAIL "
              text run at (91,231) width 496: "FAIL FAIL FAIL FAIL FAIL FAIL FAIL FAIL FAIL FAIL FAIL"
              text run at (0,252) width 45: "FAIL "
              text run at (45,252) width 542: "FAIL FAIL FAIL FAIL FAIL FAIL FAIL FAIL FAIL FAIL FAIL FAIL"
              text run at (0,273) width 549: "FAIL FAIL FAIL FAIL FAIL FAIL FAIL FAIL FAIL FAIL FAIL FAIL "
              text run at (549,273) width 39: "FAIL"
              text run at (0,294) width 469: "FAIL FAIL FAIL FAIL FAIL FAIL FAIL FAIL FAIL FAIL FAIL"
          RenderText {#text} at (0,0) size 0x0
