layer at (0,0) size 800x600
  RenderView at (0,0) size 800x600
layer at (0,0) size 800x269
  RenderBlock {HTML} at (0,0) size 800x269
    RenderBody {BODY} at (8,16) size 784x245
      RenderBlock {P} at (0,0) size 784x22
        RenderText {#text} at (0,0) size 433x22
          text run at (0,0) width 433: "The square below should be exactly 100 pixels high on the ruler."
      RenderBlock {DIV} at (0,38) size 784x207
        RenderImage {IMG} at (45,0) size 100x100
