layer at (0,0) size 784x773
  RenderView at (0,0) size 784x600
layer at (0,0) size 784x773
  RenderBlock {HTML} at (0,0) size 784x773
    RenderBody {BODY} at (8,16) size 768x749
      RenderBlock {P} at (0,0) size 768x21
        RenderText {#text} at (0,0) size 450x21
          text run at (0,0) width 406: "The blue text should not go past the 50% mark on the ruler "
          text run at (406,0) width 44: "below."
      RenderBlock {DIV} at (0,37) size 384x672 [color=#0000FF]
        RenderText {#text} at (0,0) size 375x672
          text run at (0,0) width 375: "a bit of dummy text a bit of dummy text a bit of dummy"
          text run at (0,21) width 41: "text a "
          text run at (41,21) width 307: "bit of dummy text a bit of dummy text a bit of"
          text run at (0,42) width 136: "dummy text a bit of "
          text run at (136,42) width 229: "dummy text a bit of dummy text a"
          text run at (0,63) width 231: "bit of dummy text a bit of dummy "
          text run at (231,63) width 132: "text a bit of dummy"
          text run at (0,84) width 313: "text a bit of dummy text a bit of dummy text a "
          text run at (313,84) width 35: "bit of"
          text run at (0,105) width 365: "dummy text a bit of dummy text a bit of dummy text a"
          text run at (0,126) width 39: "bit of "
          text run at (39,126) width 324: "dummy text a bit of dummy text a bit of dummy"
          text run at (0,147) width 136: "text a bit of dummy "
          text run at (136,147) width 212: "text a bit of dummy text a bit of"
          text run at (0,168) width 233: "dummy text a bit of dummy text a "
          text run at (233,168) width 132: "bit of dummy text a"
          text run at (0,189) width 311: "bit of dummy text a bit of dummy text a bit of "
          text run at (311,189) width 52: "dummy"
          text run at (0,210) width 348: "text a bit of dummy text a bit of dummy text a bit of"
          text run at (0,231) width 56: "dummy "
          text run at (56,231) width 309: "text a bit of dummy text a bit of dummy text a"
          text run at (0,252) width 136: "bit of dummy text a "
          text run at (136,252) width 227: "bit of dummy text a bit of dummy"
          text run at (0,273) width 216: "text a bit of dummy text a bit of "
          text run at (216,273) width 132: "dummy text a bit of"
          text run at (0,294) width 328: "dummy text a bit of dummy text a bit of dummy "
          text run at (328,294) width 37: "text a"
          text run at (0,315) width 363: "bit of dummy text a bit of dummy text a bit of dummy"
          text run at (0,336) width 41: "text a "
          text run at (41,336) width 307: "bit of dummy text a bit of dummy text a bit of"
          text run at (0,357) width 136: "dummy text a bit of "
          text run at (136,357) width 229: "dummy text a bit of dummy text a"
          text run at (0,378) width 231: "bit of dummy text a bit of dummy "
          text run at (231,378) width 132: "text a bit of dummy"
          text run at (0,399) width 313: "text a bit of dummy text a bit of dummy text a "
          text run at (313,399) width 35: "bit of"
          text run at (0,420) width 365: "dummy text a bit of dummy text a bit of dummy text a"
          text run at (0,441) width 39: "bit of "
          text run at (39,441) width 324: "dummy text a bit of dummy text a bit of dummy"
          text run at (0,462) width 136: "text a bit of dummy "
          text run at (136,462) width 212: "text a bit of dummy text a bit of"
          text run at (0,483) width 233: "dummy text a bit of dummy text a "
          text run at (233,483) width 132: "bit of dummy text a"
          text run at (0,504) width 311: "bit of dummy text a bit of dummy text a bit of "
          text run at (311,504) width 52: "dummy"
          text run at (0,525) width 348: "text a bit of dummy text a bit of dummy text a bit of"
          text run at (0,546) width 56: "dummy "
          text run at (56,546) width 309: "text a bit of dummy text a bit of dummy text a"
          text run at (0,567) width 136: "bit of dummy text a "
          text run at (136,567) width 227: "bit of dummy text a bit of dummy"
          text run at (0,588) width 216: "text a bit of dummy text a bit of "
          text run at (216,588) width 132: "dummy text a bit of"
          text run at (0,609) width 328: "dummy text a bit of dummy text a bit of dummy "
          text run at (328,609) width 37: "text a"
          text run at (0,630) width 363: "bit of dummy text a bit of dummy text a bit of dummy"
          text run at (0,651) width 25: "text"
