layer at (0,0) size 800x600
  RenderView at (0,0) size 800x600
layer at (0,0) size 800x462
  RenderBlock {HTML} at (0,0) size 800x462
    RenderBody {BODY} at (8,16) size 784x430
      RenderBlock {P} at (0,0) size 784x22 [color=#000080]
        RenderText {#text} at (0,0) size 664x22
          text run at (0,0) width 429: "Below this paragraph there should be a big teal square half the "
          text run at (429,0) width 235: "width of the window and centered."
      RenderBlock {P} at (0,38) size 784x392 [color=#000080]
        RenderImage {IMG} at (196,0) size 392x392
