layer at (0,0) size 800x600
  RenderView at (0,0) size 800x600
layer at (0,0) size 800x330
  RenderBlock {HTML} at (0,0) size 800x330
    RenderBody {BODY} at (8,16) size 784x298
      RenderBlock {P} at (0,0) size 784x22 [color=#000080]
        RenderText {#text} at (0,0) size 233x22
          text run at (0,0) width 233: "There should be no red anywhere."
      RenderBlock {P} at (0,38) size 784x22 [color=#000080]
        RenderText {#text} at (0,0) size 353x22
          text run at (0,0) width 353: "There should be two identical squares after this line:"
      RenderBlock {DIV} at (16,76) size 752x35
        RenderImage {IMG} at (0,0) size 15x15
        RenderBlock {SPAN} at (0,20) size 15x15 [color=#0000FF] [bgcolor=#FF0000]
          RenderText {#text} at (0,0) size 15x15
            text run at (0,0) width 15: "X"
      RenderBlock {P} at (0,127) size 784x22 [color=#000080]
        RenderText {#text} at (0,0) size 353x22
          text run at (0,0) width 353: "There should be two identical squares after this line:"
      RenderBlock {DIV} at (16,165) size 752x133
        RenderImage {IMG} at (0,0) size 64x64
        RenderBlock {SPAN} at (0,69) size 64x64 [color=#0000FF] [bgcolor=#FF0000]
          RenderText {#text} at (0,0) size 64x65
            text run at (0,0) width 64: "X"
