layer at (0,0) size 800x600
  RenderView at (0,0) size 800x600
layer at (0,0) size 800x500
  RenderBlock {HTML} at (0,0) size 800x500
    RenderBody {BODY} at (8,16) size 784x476
      RenderBlock {P} at (0,0) size 784x22
        RenderText {#text} at (0,0) size 495x22
          text run at (0,0) width 495: "The square below should be exactly 50% wide on the ruler at the bottom."
      RenderBlock {DIV} at (0,38) size 784x398
        RenderImage {IMG} at (0,0) size 392x392
