layer at (0,0) size 800x600
  RenderView at (0,0) size 800x600
layer at (0,0) size 800x217
  RenderBlock {HTML} at (0,0) size 800x217
    RenderBody {BODY} at (8,16) size 784x193
      RenderBlock {P} at (0,0) size 784x21
        RenderText {#text} at (0,0) size 425x21
          text run at (0,0) width 425: "The square below should be exactly 50 pixels high on the ruler."
      RenderBlock {DIV} at (0,37) size 784x156
        RenderImage {IMG} at (45,0) size 50x50
