layer at (0,0) size 800x600
  RenderView at (0,0) size 800x600
layer at (0,0) size 800x484
  RenderBlock {HTML} at (0,0) size 800x484
    RenderBody {BODY} at (8,16) size 784x452
      RenderBlock {P} at (0,0) size 784x44 [color=#000080]
        RenderText {#text} at (0,0) size 758x44
          text run at (0,0) width 429: "Below this paragraph there should be a big teal square half the "
          text run at (429,0) width 329: "width of the window, aligned flush with the right"
          text run at (0,22) width 69: "hand side "
          text run at (69,22) width 18: "(\x{21E8})."
      RenderBlock {P} at (0,60) size 784x392 [color=#000080]
        RenderImage {IMG} at (392,0) size 392x392
