layer at (0,0) size 800x600
  RenderView at (0,0) size 800x600
layer at (0,0) size 800x93
  RenderBlock {HTML} at (0,0) size 800x93
    RenderBody {BODY} at (8,14) size 784x71
      RenderBlock {P} at (0,0) size 784x19
        RenderText {#text} at (0,0) size 276x19
          text run at (0,0) width 276: "The following two lines should be the same:"
      RenderBlock {DIV} at (0,33) size 784x19
        RenderInline {SPAN} at (0,0) size 13x19
          RenderInline (generated) at (0,0) size 13x19
            RenderCounter at (0,0) size 8x19
              text run at (0,0) width 8: "1"
            RenderText at (8,0) size 5x19
              text run at (8,0) width 5: "-"
        RenderInline {SPAN} at (0,0) size 48x19
          RenderInline (generated) at (0,0) size 13x19
            RenderCounter at (13,0) size 8x19
              text run at (13,0) width 8: "2"
            RenderText at (21,0) size 5x19
              text run at (21,0) width 5: "-"
          RenderText {#text} at (26,0) size 35x19
            text run at (26,0) width 35: "FAIL-"
        RenderInline {SPAN} at (0,0) size 13x19
          RenderInline (generated) at (0,0) size 13x19
            RenderCounter at (61,0) size 8x19
              text run at (61,0) width 8: "3"
            RenderText at (69,0) size 5x19
              text run at (69,0) width 5: "-"
        RenderInline {SPAN} at (0,0) size 13x19
          RenderInline (generated) at (0,0) size 13x19
            RenderCounter at (74,0) size 8x19
              text run at (74,0) width 8: "4"
            RenderText at (82,0) size 5x19
              text run at (82,0) width 5: "-"
      RenderBlock {DIV} at (0,52) size 784x19
        RenderText {#text} at (0,0) size 39x19
          text run at (0,0) width 39: "1-2-3-"
