layer at (0,0) size 800x600
  RenderView at (0,0) size 800x600
layer at (0,0) size 800x106
  RenderBlock {HTML} at (0,0) size 800x106
    RenderBody {BODY} at (8,16) size 784x82
      RenderBlock {P} at (0,0) size 784x22
        RenderText {#text} at (0,0) size 306x22
          text run at (0,0) width 306: "The following two lines should look the same:"
      RenderBlock {DIV} at (0,38) size 784x22
        RenderInline {SPAN} at (0,0) size 20x22
          RenderInline (generated) at (0,0) size 20x22
            RenderCounter at (0,0) size 20x22
              text run at (0,0) width 20: "a.a"
        RenderText {#text} at (20,0) size 4x22
          text run at (20,0) width 4: " "
        RenderInline {SPAN} at (0,0) size 21x22
          RenderInline (generated) at (0,0) size 21x22
            RenderCounter at (24,0) size 21x22
              text run at (24,0) width 21: "a.b"
        RenderText {#text} at (45,0) size 4x22
          text run at (45,0) width 4: " "
        RenderInline {SPAN} at (0,0) size 19x22
          RenderInline (generated) at (0,0) size 19x22
            RenderCounter at (49,0) size 19x22
              text run at (49,0) width 19: "a.c"
        RenderText {#text} at (68,0) size 4x22
          text run at (68,0) width 4: " "
        RenderInline {SPAN} at (0,0) size 21x22
          RenderInline (generated) at (0,0) size 21x22
            RenderCounter at (72,0) size 21x22
              text run at (72,0) width 21: "a.d"
        RenderText {#text} at (93,0) size 4x22
          text run at (93,0) width 4: " "
        RenderInline {SPAN} at (0,0) size 19x22
          RenderInline (generated) at (0,0) size 19x22
            RenderCounter at (97,0) size 19x22
              text run at (97,0) width 19: "a.e"
        RenderText {#text} at (116,0) size 4x22
          text run at (116,0) width 4: " "
        RenderInline {SPAN} at (0,0) size 17x22
          RenderInline (generated) at (0,0) size 17x22
            RenderCounter at (120,0) size 17x22
              text run at (120,0) width 17: "a.f"
        RenderText {#text} at (137,0) size 4x22
          text run at (137,0) width 4: " "
        RenderInline {SPAN} at (0,0) size 20x22
          RenderInline (generated) at (0,0) size 20x22
            RenderCounter at (141,0) size 20x22
              text run at (141,0) width 20: "a.g"
        RenderText {#text} at (161,0) size 4x22
          text run at (161,0) width 4: " "
        RenderInline {SPAN} at (0,0) size 21x22
          RenderInline (generated) at (0,0) size 21x22
            RenderCounter at (165,0) size 21x22
              text run at (165,0) width 21: "a.h"
        RenderText {#text} at (186,0) size 4x22
          text run at (186,0) width 4: " "
        RenderInline {SPAN} at (0,0) size 16x22
          RenderInline (generated) at (0,0) size 16x22
            RenderCounter at (190,0) size 16x22
              text run at (190,0) width 16: "a.i"
        RenderText {#text} at (206,0) size 4x22
          text run at (206,0) width 4: " "
        RenderInline {SPAN} at (0,0) size 17x22
          RenderInline (generated) at (0,0) size 17x22
            RenderCounter at (210,0) size 17x22
              text run at (210,0) width 17: "a.j"
        RenderText {#text} at (227,0) size 4x22
          text run at (227,0) width 4: " "
        RenderInline {SPAN} at (0,0) size 21x22
          RenderInline (generated) at (0,0) size 21x22
            RenderCounter at (231,0) size 21x22
              text run at (231,0) width 21: "a.k"
        RenderText {#text} at (252,0) size 4x22
          text run at (252,0) width 4: " "
        RenderInline {SPAN} at (0,0) size 16x22
          RenderInline (generated) at (0,0) size 16x22
            RenderCounter at (256,0) size 16x22
              text run at (256,0) width 16: "a.l"
        RenderText {#text} at (0,0) size 0x0
      RenderBlock {DIV} at (0,60) size 784x22
        RenderText {#text} at (0,0) size 272x22
          text run at (0,0) width 24: "a.a "
          text run at (24,0) width 25: "a.b "
          text run at (49,0) width 23: "a.c "
          text run at (72,0) width 25: "a.d "
          text run at (97,0) width 23: "a.e "
          text run at (120,0) width 21: "a.f "
          text run at (141,0) width 24: "a.g "
          text run at (165,0) width 25: "a.h "
          text run at (190,0) width 20: "a.i "
          text run at (210,0) width 21: "a.j "
          text run at (231,0) width 25: "a.k "
          text run at (256,0) width 16: "a.l"
