layer at (0,0) size 800x600
  RenderView at (0,0) size 800x600
layer at (0,0) size 800x103
  RenderBlock {HTML} at (0,0) size 800x103
    RenderBody {BODY} at (8,16) size 784x79
      RenderBlock {P} at (0,0) size 784x21
        RenderText {#text} at (0,0) size 242x21
          text run at (0,0) width 242: "The following two lines should look "
        RenderInline {EM} at (0,0) size 92x21
          RenderText {#text} at (242,0) size 92x21
            text run at (242,0) width 92: "approximately"
        RenderText {#text} at (334,0) size 68x21
          text run at (334,0) width 68: " the same:"
      RenderBlock {DIV} at (0,37) size 784x21
        RenderInline {SPAN} at (0,0) size 7x21
          RenderInline (generated) at (0,0) size 7x21
            RenderCounter at (0,0) size 0x0
            RenderText at (0,0) size 7x21
              text run at (0,0) width 7: "z"
        RenderText {#text} at (7,0) size 4x21
          text run at (7,0) width 4: " "
        RenderInline {SPAN} at (0,0) size 7x21
          RenderInline (generated) at (0,0) size 7x21
            RenderCounter at (0,0) size 0x0
            RenderText at (11,0) size 7x21
              text run at (11,0) width 7: "z"
        RenderText {#text} at (18,0) size 4x21
          text run at (18,0) width 4: " "
        RenderInline {SPAN} at (0,0) size 7x21
          RenderInline (generated) at (0,0) size 7x21
            RenderCounter at (0,0) size 0x0
            RenderText at (22,0) size 7x21
              text run at (22,0) width 7: "z"
        RenderText {#text} at (29,0) size 4x21
          text run at (29,0) width 4: " "
        RenderInline {SPAN} at (0,0) size 7x21
          RenderInline (generated) at (0,0) size 7x21
            RenderCounter at (0,0) size 0x0
            RenderText at (33,0) size 7x21
              text run at (33,0) width 7: "z"
        RenderText {#text} at (40,0) size 4x21
          text run at (40,0) width 4: " "
        RenderInline {SPAN} at (0,0) size 7x21
          RenderInline (generated) at (0,0) size 7x21
            RenderCounter at (0,0) size 0x0
            RenderText at (44,0) size 7x21
              text run at (44,0) width 7: "z"
        RenderText {#text} at (51,0) size 4x21
          text run at (51,0) width 4: " "
        RenderInline {SPAN} at (0,0) size 7x21
          RenderInline (generated) at (0,0) size 7x21
            RenderCounter at (0,0) size 0x0
            RenderText at (55,0) size 7x21
              text run at (55,0) width 7: "z"
        RenderText {#text} at (62,0) size 4x21
          text run at (62,0) width 4: " "
        RenderInline {SPAN} at (0,0) size 7x21
          RenderInline (generated) at (0,0) size 7x21
            RenderCounter at (0,0) size 0x0
            RenderText at (66,0) size 7x21
              text run at (66,0) width 7: "z"
        RenderText {#text} at (73,0) size 4x21
          text run at (73,0) width 4: " "
        RenderInline {SPAN} at (0,0) size 7x21
          RenderInline (generated) at (0,0) size 7x21
            RenderCounter at (0,0) size 0x0
            RenderText at (77,0) size 7x21
              text run at (77,0) width 7: "z"
        RenderText {#text} at (84,0) size 4x21
          text run at (84,0) width 4: " "
        RenderInline {SPAN} at (0,0) size 7x21
          RenderInline (generated) at (0,0) size 7x21
            RenderCounter at (0,0) size 0x0
            RenderText at (88,0) size 7x21
              text run at (88,0) width 7: "z"
        RenderText {#text} at (95,0) size 4x21
          text run at (95,0) width 4: " "
        RenderInline {SPAN} at (0,0) size 7x21
          RenderInline (generated) at (0,0) size 7x21
            RenderCounter at (0,0) size 0x0
            RenderText at (99,0) size 7x21
              text run at (99,0) width 7: "z"
        RenderText {#text} at (106,0) size 4x21
          text run at (106,0) width 4: " "
        RenderInline {SPAN} at (0,0) size 7x21
          RenderInline (generated) at (0,0) size 7x21
            RenderCounter at (0,0) size 0x0
            RenderText at (110,0) size 7x21
              text run at (110,0) width 7: "z"
        RenderText {#text} at (117,0) size 4x21
          text run at (117,0) width 4: " "
        RenderInline {SPAN} at (0,0) size 7x21
          RenderInline (generated) at (0,0) size 7x21
            RenderCounter at (0,0) size 0x0
            RenderText at (121,0) size 7x21
              text run at (121,0) width 7: "z"
        RenderText {#text} at (0,0) size 0x0
      RenderBlock {DIV} at (0,58) size 784x21
        RenderText {#text} at (0,0) size 128x21
          text run at (0,0) width 11: "z "
          text run at (11,0) width 11: "z "
          text run at (22,0) width 11: "z "
          text run at (33,0) width 11: "z "
          text run at (44,0) width 11: "z "
          text run at (55,0) width 11: "z "
          text run at (66,0) width 11: "z "
          text run at (77,0) width 11: "z "
          text run at (88,0) width 11: "z "
          text run at (99,0) width 11: "z "
          text run at (110,0) width 11: "z "
          text run at (121,0) width 7: "z"
