layer at (0,0) size 800x600
  RenderView at (0,0) size 800x600
layer at (0,0) size 800x106
  RenderBlock {HTML} at (0,0) size 800x106
    RenderBody {BODY} at (8,16) size 784x82
      RenderBlock {P} at (0,0) size 784x22
        RenderText {#text} at (0,0) size 242x22
          text run at (0,0) width 242: "The following two lines should look "
        RenderInline {EM} at (0,0) size 92x22
          RenderText {#text} at (242,0) size 92x22
            text run at (242,0) width 92: "approximately"
        RenderText {#text} at (334,0) size 68x22
          text run at (334,0) width 68: " the same:"
      RenderBlock {DIV} at (0,38) size 784x22
        RenderInline {SPAN} at (0,0) size 11x22
          RenderInline (generated) at (0,0) size 11x22
            RenderCounter at (0,0) size 4x22
              text run at (0,0) width 4: "."
            RenderText at (4,0) size 7x22
              text run at (4,0) width 7: "z"
        RenderText {#text} at (11,0) size 4x22
          text run at (11,0) width 4: " "
        RenderInline {SPAN} at (0,0) size 11x22
          RenderInline (generated) at (0,0) size 11x22
            RenderCounter at (15,0) size 4x22
              text run at (15,0) width 4: "."
            RenderText at (19,0) size 7x22
              text run at (19,0) width 7: "z"
        RenderText {#text} at (26,0) size 4x22
          text run at (26,0) width 4: " "
        RenderInline {SPAN} at (0,0) size 11x22
          RenderInline (generated) at (0,0) size 11x22
            RenderCounter at (30,0) size 4x22
              text run at (30,0) width 4: "."
            RenderText at (34,0) size 7x22
              text run at (34,0) width 7: "z"
        RenderText {#text} at (41,0) size 4x22
          text run at (41,0) width 4: " "
        RenderInline {SPAN} at (0,0) size 11x22
          RenderInline (generated) at (0,0) size 11x22
            RenderCounter at (45,0) size 4x22
              text run at (45,0) width 4: "."
            RenderText at (49,0) size 7x22
              text run at (49,0) width 7: "z"
        RenderText {#text} at (56,0) size 4x22
          text run at (56,0) width 4: " "
        RenderInline {SPAN} at (0,0) size 11x22
          RenderInline (generated) at (0,0) size 11x22
            RenderCounter at (60,0) size 4x22
              text run at (60,0) width 4: "."
            RenderText at (64,0) size 7x22
              text run at (64,0) width 7: "z"
        RenderText {#text} at (71,0) size 4x22
          text run at (71,0) width 4: " "
        RenderInline {SPAN} at (0,0) size 11x22
          RenderInline (generated) at (0,0) size 11x22
            RenderCounter at (75,0) size 4x22
              text run at (75,0) width 4: "."
            RenderText at (79,0) size 7x22
              text run at (79,0) width 7: "z"
        RenderText {#text} at (86,0) size 4x22
          text run at (86,0) width 4: " "
        RenderInline {SPAN} at (0,0) size 11x22
          RenderInline (generated) at (0,0) size 11x22
            RenderCounter at (90,0) size 4x22
              text run at (90,0) width 4: "."
            RenderText at (94,0) size 7x22
              text run at (94,0) width 7: "z"
        RenderText {#text} at (101,0) size 4x22
          text run at (101,0) width 4: " "
        RenderInline {SPAN} at (0,0) size 11x22
          RenderInline (generated) at (0,0) size 11x22
            RenderCounter at (105,0) size 4x22
              text run at (105,0) width 4: "."
            RenderText at (109,0) size 7x22
              text run at (109,0) width 7: "z"
        RenderText {#text} at (116,0) size 4x22
          text run at (116,0) width 4: " "
        RenderInline {SPAN} at (0,0) size 11x22
          RenderInline (generated) at (0,0) size 11x22
            RenderCounter at (120,0) size 4x22
              text run at (120,0) width 4: "."
            RenderText at (124,0) size 7x22
              text run at (124,0) width 7: "z"
        RenderText {#text} at (131,0) size 4x22
          text run at (131,0) width 4: " "
        RenderInline {SPAN} at (0,0) size 11x22
          RenderInline (generated) at (0,0) size 11x22
            RenderCounter at (135,0) size 4x22
              text run at (135,0) width 4: "."
            RenderText at (139,0) size 7x22
              text run at (139,0) width 7: "z"
        RenderText {#text} at (146,0) size 4x22
          text run at (146,0) width 4: " "
        RenderInline {SPAN} at (0,0) size 11x22
          RenderInline (generated) at (0,0) size 11x22
            RenderCounter at (150,0) size 4x22
              text run at (150,0) width 4: "."
            RenderText at (154,0) size 7x22
              text run at (154,0) width 7: "z"
        RenderText {#text} at (161,0) size 4x22
          text run at (161,0) width 4: " "
        RenderInline {SPAN} at (0,0) size 11x22
          RenderInline (generated) at (0,0) size 11x22
            RenderCounter at (165,0) size 4x22
              text run at (165,0) width 4: "."
            RenderText at (169,0) size 7x22
              text run at (169,0) width 7: "z"
        RenderText {#text} at (0,0) size 0x0
      RenderBlock {DIV} at (0,60) size 784x22
        RenderText {#text} at (0,0) size 176x22
          text run at (0,0) width 15: ".z "
          text run at (15,0) width 15: ".z "
          text run at (30,0) width 15: ".z "
          text run at (45,0) width 15: ".z "
          text run at (60,0) width 15: ".z "
          text run at (75,0) width 15: ".z "
          text run at (90,0) width 15: ".z "
          text run at (105,0) width 15: ".z "
          text run at (120,0) width 15: ".z "
          text run at (135,0) width 15: ".z "
          text run at (150,0) width 15: ".z "
          text run at (165,0) width 11: ".z"
