layer at (0,0) size 800x600
  RenderView at (0,0) size 800x600
layer at (0,0) size 800x106
  RenderBlock {HTML} at (0,0) size 800x106
    RenderBody {BODY} at (8,16) size 784x82
      RenderBlock {P} at (0,0) size 784x22
        RenderText {#text} at (0,0) size 242x22
          text run at (0,0) width 242: "The following two lines should look "
        RenderInline {EM} at (0,0) size 92x22
          RenderText {#text} at (242,0) size 92x22
            text run at (242,0) width 92: "approximately"
        RenderText {#text} at (334,0) size 68x22
          text run at (334,0) width 68: " the same:"
      RenderBlock {DIV} at (0,38) size 784x22
        RenderInline {SPAN} at (0,0) size 12x22
          RenderInline (generated) at (0,0) size 12x22
            RenderCounter at (0,0) size 12x22
              text run at (0,0) width 12: "\x{25E6}.\x{25E6}"
        RenderText {#text} at (12,0) size 4x22
          text run at (12,0) width 4: " "
        RenderInline {SPAN} at (0,0) size 12x22
          RenderInline (generated) at (0,0) size 12x22
            RenderCounter at (16,0) size 12x22
              text run at (16,0) width 12: "\x{25E6}.\x{25E6}"
        RenderText {#text} at (28,0) size 4x22
          text run at (28,0) width 4: " "
        RenderInline {SPAN} at (0,0) size 12x22
          RenderInline (generated) at (0,0) size 12x22
            RenderCounter at (32,0) size 12x22
              text run at (32,0) width 12: "\x{25E6}.\x{25E6}"
        RenderText {#text} at (44,0) size 4x22
          text run at (44,0) width 4: " "
        RenderInline {SPAN} at (0,0) size 12x22
          RenderInline (generated) at (0,0) size 12x22
            RenderCounter at (48,0) size 12x22
              text run at (48,0) width 12: "\x{25E6}.\x{25E6}"
        RenderText {#text} at (60,0) size 4x22
          text run at (60,0) width 4: " "
        RenderInline {SPAN} at (0,0) size 12x22
          RenderInline (generated) at (0,0) size 12x22
            RenderCounter at (64,0) size 12x22
              text run at (64,0) width 12: "\x{25E6}.\x{25E6}"
        RenderText {#text} at (76,0) size 4x22
          text run at (76,0) width 4: " "
        RenderInline {SPAN} at (0,0) size 12x22
          RenderInline (generated) at (0,0) size 12x22
            RenderCounter at (80,0) size 12x22
              text run at (80,0) width 12: "\x{25E6}.\x{25E6}"
        RenderText {#text} at (92,0) size 4x22
          text run at (92,0) width 4: " "
        RenderInline {SPAN} at (0,0) size 12x22
          RenderInline (generated) at (0,0) size 12x22
            RenderCounter at (96,0) size 12x22
              text run at (96,0) width 12: "\x{25E6}.\x{25E6}"
        RenderText {#text} at (108,0) size 4x22
          text run at (108,0) width 4: " "
        RenderInline {SPAN} at (0,0) size 12x22
          RenderInline (generated) at (0,0) size 12x22
            RenderCounter at (112,0) size 12x22
              text run at (112,0) width 12: "\x{25E6}.\x{25E6}"
        RenderText {#text} at (124,0) size 4x22
          text run at (124,0) width 4: " "
        RenderInline {SPAN} at (0,0) size 12x22
          RenderInline (generated) at (0,0) size 12x22
            RenderCounter at (128,0) size 12x22
              text run at (128,0) width 12: "\x{25E6}.\x{25E6}"
        RenderText {#text} at (140,0) size 4x22
          text run at (140,0) width 4: " "
        RenderInline {SPAN} at (0,0) size 12x22
          RenderInline (generated) at (0,0) size 12x22
            RenderCounter at (144,0) size 12x22
              text run at (144,0) width 12: "\x{25E6}.\x{25E6}"
        RenderText {#text} at (156,0) size 4x22
          text run at (156,0) width 4: " "
        RenderInline {SPAN} at (0,0) size 12x22
          RenderInline (generated) at (0,0) size 12x22
            RenderCounter at (160,0) size 12x22
              text run at (160,0) width 12: "\x{25E6}.\x{25E6}"
        RenderText {#text} at (172,0) size 4x22
          text run at (172,0) width 4: " "
        RenderInline {SPAN} at (0,0) size 12x22
          RenderInline (generated) at (0,0) size 12x22
            RenderCounter at (176,0) size 12x22
              text run at (176,0) width 12: "\x{25E6}.\x{25E6}"
        RenderText {#text} at (0,0) size 0x0
      RenderBlock {DIV} at (0,60) size 784x22
        RenderText {#text} at (0,0) size 188x22
          text run at (0,0) width 16: "\x{25E6}.\x{25E6} "
          text run at (16,0) width 16: "\x{25E6}.\x{25E6} "
          text run at (32,0) width 16: "\x{25E6}.\x{25E6} "
          text run at (48,0) width 16: "\x{25E6}.\x{25E6} "
          text run at (64,0) width 16: "\x{25E6}.\x{25E6} "
          text run at (80,0) width 16: "\x{25E6}.\x{25E6} "
          text run at (96,0) width 16: "\x{25E6}.\x{25E6} "
          text run at (112,0) width 16: "\x{25E6}.\x{25E6} "
          text run at (128,0) width 16: "\x{25E6}.\x{25E6} "
          text run at (144,0) width 16: "\x{25E6}.\x{25E6} "
          text run at (160,0) width 16: "\x{25E6}.\x{25E6} "
          text run at (176,0) width 12: "\x{25E6}.\x{25E6}"
