layer at (0,0) size 800x600
  RenderView at (0,0) size 800x600
layer at (0,0) size 800x103
  RenderBlock {HTML} at (0,0) size 800x103
    RenderBody {BODY} at (8,16) size 784x79
      RenderBlock {P} at (0,0) size 784x21
        RenderText {#text} at (0,0) size 228x21
          text run at (0,0) width 228: "The following should be identical:"
      RenderBlock {DIV} at (0,37) size 784x21
        RenderInline {SPAN} at (0,0) size 0x0
        RenderInline {SPAN} at (0,0) size 8x21
          RenderInline (generated) at (0,0) size 8x21
            RenderCounter at (0,0) size 8x21
              text run at (0,0) width 8: "0"
      RenderBlock {DIV} at (0,58) size 784x21
        RenderText {#text} at (0,0) size 8x21
          text run at (0,0) width 8: "0"
