layer at (0,0) size 800x600
  RenderView at (0,0) size 800x600
layer at (0,0) size 800x103
  RenderBlock {HTML} at (0,0) size 800x103
    RenderBody {BODY} at (8,16) size 784x79
      RenderBlock {P} at (0,0) size 784x21
        RenderText {#text} at (0,0) size 306x21
          text run at (0,0) width 306: "The following two lines should look the same:"
      RenderBlock {DIV} at (0,37) size 784x21
        RenderInline {SPAN} at (0,0) size 33x21
          RenderInline (generated) at (0,0) size 33x21
            RenderCounter at (0,0) size 20x21
              text run at (0,0) width 20: "1.1"
            RenderText at (20,0) size 13x21
              text run at (20,0) width 13: " - "
        RenderInline {SPAN} at (0,0) size 29x21
          RenderInline (generated) at (0,0) size 29x21
            RenderCounter at (33,0) size 16x21
              text run at (33,0) width 16: "12"
            RenderText at (49,0) size 13x21
              text run at (49,0) width 13: " - "
        RenderInline {SPAN} at (0,0) size 95x21
          RenderInline (generated) at (0,0) size 95x21
            RenderCounter at (62,0) size 20x21
              text run at (62,0) width 20: "1.3"
            RenderText at (82,0) size 24x21
              text run at (82,0) width 14: "-- "
              text run at (96,0) width 10: "--"
            RenderCounter at (106,0) size 51x21
              text run at (106,0) width 51: "1-------3"
      RenderBlock {DIV} at (0,58) size 784x21
        RenderText {#text} at (0,0) size 157x21
          text run at (0,0) width 96: "1.1 - 12 - 1.3-- "
          text run at (96,0) width 61: "--1-------3"
