layer at (0,0) size 800x600
  RenderView at (0,0) size 800x600
layer at (0,0) size 800x106
  RenderBlock {HTML} at (0,0) size 800x106
    RenderBody {BODY} at (8,16) size 784x82
      RenderBlock {P} at (0,0) size 784x22
        RenderText {#text} at (0,0) size 242x22
          text run at (0,0) width 242: "The following two lines should look "
        RenderInline {EM} at (0,0) size 92x22
          RenderText {#text} at (242,0) size 92x22
            text run at (242,0) width 92: "approximately"
        RenderText {#text} at (334,0) size 68x22
          text run at (334,0) width 68: " the same:"
      RenderBlock {DIV} at (0,38) size 784x22
        RenderInline {SPAN} at (0,0) size 4x22
          RenderInline (generated) at (0,0) size 4x22
            RenderCounter at (0,0) size 4x22
              text run at (0,0) width 4: "\x{25A0}"
        RenderText {#text} at (4,0) size 4x22
          text run at (4,0) width 4: " "
        RenderInline {SPAN} at (0,0) size 4x22
          RenderInline (generated) at (0,0) size 4x22
            RenderCounter at (8,0) size 4x22
              text run at (8,0) width 4: "\x{25A0}"
        RenderText {#text} at (12,0) size 4x22
          text run at (12,0) width 4: " "
        RenderInline {SPAN} at (0,0) size 4x22
          RenderInline (generated) at (0,0) size 4x22
            RenderCounter at (16,0) size 4x22
              text run at (16,0) width 4: "\x{25A0}"
        RenderText {#text} at (20,0) size 4x22
          text run at (20,0) width 4: " "
        RenderInline {SPAN} at (0,0) size 4x22
          RenderInline (generated) at (0,0) size 4x22
            RenderCounter at (24,0) size 4x22
              text run at (24,0) width 4: "\x{25A0}"
        RenderText {#text} at (28,0) size 4x22
          text run at (28,0) width 4: " "
        RenderInline {SPAN} at (0,0) size 4x22
          RenderInline (generated) at (0,0) size 4x22
            RenderCounter at (32,0) size 4x22
              text run at (32,0) width 4: "\x{25A0}"
        RenderText {#text} at (36,0) size 4x22
          text run at (36,0) width 4: " "
        RenderInline {SPAN} at (0,0) size 4x22
          RenderInline (generated) at (0,0) size 4x22
            RenderCounter at (40,0) size 4x22
              text run at (40,0) width 4: "\x{25A0}"
        RenderText {#text} at (44,0) size 4x22
          text run at (44,0) width 4: " "
        RenderInline {SPAN} at (0,0) size 4x22
          RenderInline (generated) at (0,0) size 4x22
            RenderCounter at (48,0) size 4x22
              text run at (48,0) width 4: "\x{25A0}"
        RenderText {#text} at (52,0) size 4x22
          text run at (52,0) width 4: " "
        RenderInline {SPAN} at (0,0) size 4x22
          RenderInline (generated) at (0,0) size 4x22
            RenderCounter at (56,0) size 4x22
              text run at (56,0) width 4: "\x{25A0}"
        RenderText {#text} at (60,0) size 4x22
          text run at (60,0) width 4: " "
        RenderInline {SPAN} at (0,0) size 4x22
          RenderInline (generated) at (0,0) size 4x22
            RenderCounter at (64,0) size 4x22
              text run at (64,0) width 4: "\x{25A0}"
        RenderText {#text} at (68,0) size 4x22
          text run at (68,0) width 4: " "
        RenderInline {SPAN} at (0,0) size 4x22
          RenderInline (generated) at (0,0) size 4x22
            RenderCounter at (72,0) size 4x22
              text run at (72,0) width 4: "\x{25A0}"
        RenderText {#text} at (76,0) size 4x22
          text run at (76,0) width 4: " "
        RenderInline {SPAN} at (0,0) size 4x22
          RenderInline (generated) at (0,0) size 4x22
            RenderCounter at (80,0) size 4x22
              text run at (80,0) width 4: "\x{25A0}"
        RenderText {#text} at (84,0) size 4x22
          text run at (84,0) width 4: " "
        RenderInline {SPAN} at (0,0) size 4x22
          RenderInline (generated) at (0,0) size 4x22
            RenderCounter at (88,0) size 4x22
              text run at (88,0) width 4: "\x{25A0}"
        RenderText {#text} at (0,0) size 0x0
      RenderBlock {DIV} at (0,60) size 784x22
        RenderText {#text} at (0,0) size 92x22
          text run at (0,0) width 8: "\x{25FE} "
          text run at (8,0) width 8: "\x{25FE} "
          text run at (16,0) width 8: "\x{25FE} "
          text run at (24,0) width 8: "\x{25FE} "
          text run at (32,0) width 8: "\x{25FE} "
          text run at (40,0) width 8: "\x{25FE} "
          text run at (48,0) width 8: "\x{25FE} "
          text run at (56,0) width 8: "\x{25FE} "
          text run at (64,0) width 8: "\x{25FE} "
          text run at (72,0) width 8: "\x{25FE} "
          text run at (80,0) width 8: "\x{25FE} "
          text run at (88,0) width 4: "\x{25FE}"
