layer at (0,0) size 800x600
  RenderView at (0,0) size 800x600
layer at (0,0) size 800x106
  RenderBlock {HTML} at (0,0) size 800x106
    RenderBody {BODY} at (8,16) size 784x82
      RenderBlock {P} at (0,0) size 784x22
        RenderText {#text} at (0,0) size 306x22
          text run at (0,0) width 306: "The following two lines should look the same:"
      RenderBlock {DIV} at (0,38) size 784x22
        RenderInline {SPAN} at (0,0) size 28x22
          RenderInline (generated) at (0,0) size 28x22
            RenderCounter at (0,0) size 28x22
              text run at (0,0) width 28: "A.A"
        RenderText {#text} at (28,0) size 4x22
          text run at (28,0) width 4: " "
        RenderInline {SPAN} at (0,0) size 27x22
          RenderInline (generated) at (0,0) size 27x22
            RenderCounter at (32,0) size 27x22
              text run at (32,0) width 27: "A.B"
        RenderText {#text} at (59,0) size 4x22
          text run at (59,0) width 4: " "
        RenderInline {SPAN} at (0,0) size 28x22
          RenderInline (generated) at (0,0) size 28x22
            RenderCounter at (63,0) size 28x22
              text run at (63,0) width 28: "A.C"
        RenderText {#text} at (91,0) size 4x22
          text run at (91,0) width 4: " "
        RenderInline {SPAN} at (0,0) size 28x22
          RenderInline (generated) at (0,0) size 28x22
            RenderCounter at (95,0) size 28x22
              text run at (95,0) width 28: "A.D"
        RenderText {#text} at (123,0) size 4x22
          text run at (123,0) width 4: " "
        RenderInline {SPAN} at (0,0) size 27x22
          RenderInline (generated) at (0,0) size 27x22
            RenderCounter at (127,0) size 27x22
              text run at (127,0) width 27: "A.E"
        RenderText {#text} at (154,0) size 4x22
          text run at (154,0) width 4: " "
        RenderInline {SPAN} at (0,0) size 26x22
          RenderInline (generated) at (0,0) size 26x22
            RenderCounter at (158,0) size 26x22
              text run at (158,0) width 26: "A.F"
        RenderText {#text} at (184,0) size 4x22
          text run at (184,0) width 4: " "
        RenderInline {SPAN} at (0,0) size 28x22
          RenderInline (generated) at (0,0) size 28x22
            RenderCounter at (188,0) size 28x22
              text run at (188,0) width 28: "A.G"
        RenderText {#text} at (216,0) size 4x22
          text run at (216,0) width 4: " "
        RenderInline {SPAN} at (0,0) size 28x22
          RenderInline (generated) at (0,0) size 28x22
            RenderCounter at (220,0) size 28x22
              text run at (220,0) width 28: "A.H"
        RenderText {#text} at (248,0) size 4x22
          text run at (248,0) width 4: " "
        RenderInline {SPAN} at (0,0) size 22x22
          RenderInline (generated) at (0,0) size 22x22
            RenderCounter at (252,0) size 22x22
              text run at (252,0) width 22: "A.I"
        RenderText {#text} at (274,0) size 4x22
          text run at (274,0) width 4: " "
        RenderInline {SPAN} at (0,0) size 24x22
          RenderInline (generated) at (0,0) size 24x22
            RenderCounter at (278,0) size 24x22
              text run at (278,0) width 24: "A.J"
        RenderText {#text} at (302,0) size 4x22
          text run at (302,0) width 4: " "
        RenderInline {SPAN} at (0,0) size 28x22
          RenderInline (generated) at (0,0) size 28x22
            RenderCounter at (306,0) size 28x22
              text run at (306,0) width 28: "A.K"
        RenderText {#text} at (334,0) size 4x22
          text run at (334,0) width 4: " "
        RenderInline {SPAN} at (0,0) size 27x22
          RenderInline (generated) at (0,0) size 27x22
            RenderCounter at (338,0) size 27x22
              text run at (338,0) width 27: "A.L"
        RenderText {#text} at (0,0) size 0x0
      RenderBlock {DIV} at (0,60) size 784x22
        RenderText {#text} at (0,0) size 365x22
          text run at (0,0) width 32: "A.A "
          text run at (32,0) width 31: "A.B "
          text run at (63,0) width 32: "A.C "
          text run at (95,0) width 32: "A.D "
          text run at (127,0) width 31: "A.E "
          text run at (158,0) width 30: "A.F "
          text run at (188,0) width 32: "A.G "
          text run at (220,0) width 32: "A.H "
          text run at (252,0) width 26: "A.I "
          text run at (278,0) width 28: "A.J "
          text run at (306,0) width 32: "A.K "
          text run at (338,0) width 27: "A.L"
