layer at (0,0) size 800x600
  RenderView at (0,0) size 800x600
layer at (0,0) size 800x106
  RenderBlock {HTML} at (0,0) size 800x106
    RenderBody {BODY} at (8,16) size 784x82
      RenderBlock {P} at (0,0) size 784x22
        RenderText {#text} at (0,0) size 306x22
          text run at (0,0) width 306: "The following two lines should look the same:"
      RenderBlock {DIV} at (0,38) size 784x22
        RenderInline {SPAN} at (0,0) size 8x22
          RenderInline (generated) at (0,0) size 8x22
            RenderCounter at (0,0) size 8x22
              text run at (0,0) width 8: "a"
        RenderText {#text} at (8,0) size 4x22
          text run at (8,0) width 4: " "
        RenderInline {SPAN} at (0,0) size 9x22
          RenderInline (generated) at (0,0) size 9x22
            RenderCounter at (12,0) size 9x22
              text run at (12,0) width 9: "b"
        RenderText {#text} at (21,0) size 4x22
          text run at (21,0) width 4: " "
        RenderInline {SPAN} at (0,0) size 7x22
          RenderInline (generated) at (0,0) size 7x22
            RenderCounter at (25,0) size 7x22
              text run at (25,0) width 7: "c"
        RenderText {#text} at (32,0) size 4x22
          text run at (32,0) width 4: " "
        RenderInline {SPAN} at (0,0) size 9x22
          RenderInline (generated) at (0,0) size 9x22
            RenderCounter at (36,0) size 9x22
              text run at (36,0) width 9: "d"
        RenderText {#text} at (45,0) size 4x22
          text run at (45,0) width 4: " "
        RenderInline {SPAN} at (0,0) size 7x22
          RenderInline (generated) at (0,0) size 7x22
            RenderCounter at (49,0) size 7x22
              text run at (49,0) width 7: "e"
        RenderText {#text} at (56,0) size 4x22
          text run at (56,0) width 4: " "
        RenderInline {SPAN} at (0,0) size 5x22
          RenderInline (generated) at (0,0) size 5x22
            RenderCounter at (60,0) size 5x22
              text run at (60,0) width 5: "f"
        RenderText {#text} at (65,0) size 4x22
          text run at (65,0) width 4: " "
        RenderInline {SPAN} at (0,0) size 8x22
          RenderInline (generated) at (0,0) size 8x22
            RenderCounter at (69,0) size 8x22
              text run at (69,0) width 8: "g"
        RenderText {#text} at (77,0) size 4x22
          text run at (77,0) width 4: " "
        RenderInline {SPAN} at (0,0) size 9x22
          RenderInline (generated) at (0,0) size 9x22
            RenderCounter at (81,0) size 9x22
              text run at (81,0) width 9: "h"
        RenderText {#text} at (90,0) size 4x22
          text run at (90,0) width 4: " "
        RenderInline {SPAN} at (0,0) size 4x22
          RenderInline (generated) at (0,0) size 4x22
            RenderCounter at (94,0) size 4x22
              text run at (94,0) width 4: "i"
        RenderText {#text} at (98,0) size 4x22
          text run at (98,0) width 4: " "
        RenderInline {SPAN} at (0,0) size 5x22
          RenderInline (generated) at (0,0) size 5x22
            RenderCounter at (102,0) size 5x22
              text run at (102,0) width 5: "j"
        RenderText {#text} at (107,0) size 4x22
          text run at (107,0) width 4: " "
        RenderInline {SPAN} at (0,0) size 9x22
          RenderInline (generated) at (0,0) size 9x22
            RenderCounter at (111,0) size 9x22
              text run at (111,0) width 9: "k"
        RenderText {#text} at (120,0) size 4x22
          text run at (120,0) width 4: " "
        RenderInline {SPAN} at (0,0) size 4x22
          RenderInline (generated) at (0,0) size 4x22
            RenderCounter at (124,0) size 4x22
              text run at (124,0) width 4: "l"
        RenderText {#text} at (0,0) size 0x0
      RenderBlock {DIV} at (0,60) size 784x22
        RenderText {#text} at (0,0) size 128x22
          text run at (0,0) width 12: "a "
          text run at (12,0) width 13: "b "
          text run at (25,0) width 11: "c "
          text run at (36,0) width 13: "d "
          text run at (49,0) width 11: "e "
          text run at (60,0) width 9: "f "
          text run at (69,0) width 12: "g "
          text run at (81,0) width 13: "h "
          text run at (94,0) width 8: "i "
          text run at (102,0) width 9: "j "
          text run at (111,0) width 13: "k "
          text run at (124,0) width 4: "l"
