layer at (0,0) size 800x600
  RenderView at (0,0) size 800x600
layer at (0,0) size 800x103
  RenderBlock {HTML} at (0,0) size 800x103
    RenderBody {BODY} at (8,16) size 784x79
      RenderBlock {P} at (0,0) size 784x21
        RenderText {#text} at (0,0) size 293x21
          text run at (0,0) width 293: "The following two lines should be the same:"
      RenderBlock {DIV} at (0,37) size 784x21
        RenderInline {SPAN} at (0,0) size 159x21
          RenderInline (generated) at (0,0) size 24x21
            RenderText at (0,0) size 11x21
              text run at (0,0) width 11: "B"
            RenderCounter at (11,0) size 8x21
              text run at (11,0) width 8: "1"
            RenderText at (19,0) size 5x21
              text run at (19,0) width 5: "-"
          RenderInline {SPAN} at (0,0) size 110x21
            RenderInline (generated) at (0,0) size 24x21
              RenderText at (24,0) size 11x21
                text run at (24,0) width 11: "B"
              RenderCounter at (35,0) size 8x21
                text run at (35,0) width 8: "2"
              RenderText at (43,0) size 5x21
                text run at (43,0) width 5: "-"
            RenderInline {SPAN} at (0,0) size 49x21
              RenderInline (generated) at (0,0) size 24x21
                RenderText at (48,0) size 11x21
                  text run at (48,0) width 11: "B"
                RenderCounter at (59,0) size 8x21
                  text run at (59,0) width 8: "3"
                RenderText at (67,0) size 5x21
                  text run at (67,0) width 5: "-"
              RenderInline (generated) at (0,0) size 25x21
                RenderText at (72,0) size 12x21
                  text run at (72,0) width 12: "A"
                RenderCounter at (84,0) size 8x21
                  text run at (84,0) width 8: "4"
                RenderText at (92,0) size 5x21
                  text run at (92,0) width 5: "-"
            RenderInline (generated) at (0,0) size 37x21
              RenderText at (97,0) size 12x21
                text run at (97,0) width 12: "A"
              RenderCounter at (109,0) size 20x21
                text run at (109,0) width 20: "4.1"
              RenderText at (129,0) size 5x21
                text run at (129,0) width 5: "-"
          RenderInline (generated) at (0,0) size 25x21
            RenderText at (134,0) size 12x21
              text run at (134,0) width 12: "A"
            RenderCounter at (146,0) size 8x21
              text run at (146,0) width 8: "5"
            RenderText at (154,0) size 5x21
              text run at (154,0) width 5: "-"
      RenderBlock {DIV} at (0,58) size 784x21
        RenderText {#text} at (0,0) size 159x21
          text run at (0,0) width 159: "B1-B2-B3-A4-A4.1-A5-"
