layer at (0,0) size 800x600
  RenderView at (0,0) size 800x600
layer at (0,0) size 800x103
  RenderBlock {HTML} at (0,0) size 800x103
    RenderBody {BODY} at (8,16) size 784x79
      RenderBlock {P} at (0,0) size 784x21
        RenderText {#text} at (0,0) size 260x21
          text run at (0,0) width 260: "The next two lines should be the same:"
      RenderBlock {DIV} at (0,37) size 784x21
        RenderInline {SPAN} at (0,0) size 0x0
        RenderInline {SPAN} at (0,0) size 12x21
          RenderInline (generated) at (0,0) size 12x21
            RenderCounter at (0,0) size 8x21
              text run at (0,0) width 8: "1"
            RenderText at (8,0) size 4x21
              text run at (8,0) width 4: " "
        RenderInline {SPAN} at (0,0) size 0x21
        RenderInline {SPAN} at (0,0) size 12x21
          RenderInline (generated) at (0,0) size 12x21
            RenderCounter at (12,0) size 8x21
              text run at (12,0) width 8: "1"
            RenderText at (20,0) size 4x21
              text run at (20,0) width 4: " "
        RenderInline {SPAN} at (0,0) size 56x21
          RenderInline (generated) at (0,0) size 12x21
            RenderText at (24,0) size 12x21
              text run at (24,0) width 12: "R"
          RenderInline {SPAN} at (0,0) size 24x21
            RenderInline (generated) at (0,0) size 24x21
              RenderCounter at (36,0) size 20x21
                text run at (36,0) width 20: "1.1"
              RenderText at (56,0) size 4x21
                text run at (56,0) width 4: " "
          RenderInline {SPAN} at (0,0) size 0x21
          RenderInline {SPAN} at (0,0) size 20x21
            RenderInline (generated) at (0,0) size 20x21
              RenderCounter at (60,0) size 20x21
                text run at (60,0) width 20: "1.1"
              RenderText at (0,0) size 0x0
      RenderBlock {DIV} at (0,58) size 784x21
        RenderText {#text} at (0,0) size 80x21
          text run at (0,0) width 80: "1 1 R1.1 1.1"
