layer at (0,0) size 800x600
  RenderView at (0,0) size 800x600
layer at (0,0) size 800x93
  RenderBlock {HTML} at (0,0) size 800x93
    RenderBody {BODY} at (8,14) size 784x71
      RenderBlock {P} at (0,0) size 784x19
        RenderText {#text} at (0,0) size 276x19
          text run at (0,0) width 276: "The following two lines should be the same:"
      RenderBlock {DIV} at (0,33) size 784x19
        RenderInline {SPAN} at (0,0) size 13x19
          RenderInline (generated) at (0,0) size 13x19
            RenderCounter at (0,0) size 8x19
              text run at (0,0) width 8: "1"
            RenderText at (8,0) size 5x19
              text run at (8,0) width 5: "-"
        RenderInline {SPAN} at (0,0) size 50x19
          RenderInline {SPAN} at (0,0) size 50x19
            RenderInline {SPAN} at (0,0) size 25x19
              RenderInline (generated) at (0,0) size 25x19
                RenderCounter at (13,0) size 20x19
                  text run at (13,0) width 20: "1.1"
                RenderText at (33,0) size 5x19
                  text run at (33,0) width 5: "-"
            RenderInline {SPAN} at (0,0) size 25x19
              RenderInline (generated) at (0,0) size 25x19
                RenderCounter at (38,0) size 20x19
                  text run at (38,0) width 20: "1.2"
                RenderText at (58,0) size 5x19
                  text run at (58,0) width 5: "-"
        RenderInline {SPAN} at (0,0) size 13x19
          RenderInline (generated) at (0,0) size 13x19
            RenderCounter at (63,0) size 8x19
              text run at (63,0) width 8: "1"
            RenderText at (71,0) size 5x19
              text run at (71,0) width 5: "-"
        RenderInline {SPAN} at (0,0) size 13x19
          RenderInline (generated) at (0,0) size 13x19
            RenderCounter at (76,0) size 8x19
              text run at (76,0) width 8: "2"
            RenderText at (84,0) size 5x19
              text run at (84,0) width 5: "-"
      RenderBlock {DIV} at (0,52) size 784x19
        RenderText {#text} at (0,0) size 76x19
          text run at (0,0) width 76: "0.1-0.2-1-2-"
