layer at (0,0) size 800x600
  RenderView at (0,0) size 800x600
layer at (0,0) size 800x402
  RenderBlock {HTML} at (0,0) size 800x402
    RenderBody {BODY} at (8,14) size 784x374 [color=#000080]
      RenderBlock {P} at (0,0) size 784x19
        RenderText {#text} at (0,0) size 388x19
          text run at (0,0) width 388: "The two columns should look the same, except for alignment."
      RenderBlock {OL} at (0,33) size 784x57
        RenderListItem {LI} at (40,0) size 744x19
          RenderListMarker at (-15,0) size 11x19: "i"
          RenderText {#text} at (0,0) size 7x19
            text run at (0,0) width 7: "i."
        RenderListItem {LI} at (40,19) size 744x19
          RenderListMarker at (-18,0) size 14x19: "ii"
          RenderText {#text} at (0,0) size 10x19
            text run at (0,0) width 10: "ii."
        RenderListItem {LI} at (40,38) size 744x19
          RenderListMarker at (-21,0) size 17x19: "iii"
          RenderText {#text} at (0,0) size 13x19
            text run at (0,0) width 13: "iii."
      RenderBlock {OL} at (0,104) size 784x57
        RenderListItem {LI} at (40,0) size 744x19
          RenderListMarker at (-16,0) size 12x19: "I"
          RenderText {#text} at (0,0) size 8x19
            text run at (0,0) width 8: "I."
        RenderListItem {LI} at (40,19) size 744x19
          RenderListMarker at (-20,0) size 16x19: "II"
          RenderText {#text} at (0,0) size 12x19
            text run at (0,0) width 12: "II."
        RenderListItem {LI} at (40,38) size 744x19
          RenderListMarker at (-24,0) size 20x19: "III"
          RenderText {#text} at (0,0) size 16x19
            text run at (0,0) width 16: "III."
      RenderBlock {OL} at (0,175) size 784x57
        RenderListItem {LI} at (40,0) size 744x19
          RenderListMarker at (-20,0) size 16x19: "a"
          RenderText {#text} at (0,0) size 12x19
            text run at (0,0) width 12: "a."
        RenderListItem {LI} at (40,19) size 744x19
          RenderListMarker at (-20,0) size 16x19: "b"
          RenderText {#text} at (0,0) size 12x19
            text run at (0,0) width 12: "b."
        RenderListItem {LI} at (40,38) size 744x19
          RenderListMarker at (-19,0) size 15x19: "c"
          RenderText {#text} at (0,0) size 11x19
            text run at (0,0) width 11: "c."
      RenderBlock {OL} at (0,246) size 784x57
        RenderListItem {LI} at (40,0) size 744x19
          RenderListMarker at (-21,0) size 17x19: "A"
          RenderText {#text} at (0,0) size 13x19
            text run at (0,0) width 13: "A."
        RenderListItem {LI} at (40,19) size 744x19
          RenderListMarker at (-21,0) size 17x19: "B"
          RenderText {#text} at (0,0) size 13x19
            text run at (0,0) width 13: "B."
        RenderListItem {LI} at (40,38) size 744x19
          RenderListMarker at (-22,0) size 18x19: "C"
          RenderText {#text} at (0,0) size 14x19
            text run at (0,0) width 14: "C."
      RenderBlock {OL} at (0,317) size 784x57
        RenderListItem {LI} at (40,0) size 744x19
          RenderListMarker at (-21,0) size 17x19: "A"
          RenderText {#text} at (0,0) size 13x19
            text run at (0,0) width 13: "A."
        RenderListItem {LI} at (40,19) size 744x19
          RenderListMarker at (-21,0) size 17x19: "B"
          RenderText {#text} at (0,0) size 13x19
            text run at (0,0) width 13: "B."
        RenderListItem {LI} at (40,38) size 744x19
          RenderListMarker at (-20,0) size 16x19: "3"
          RenderText {#text} at (0,0) size 12x19
            text run at (0,0) width 12: "3."
