layer at (0,0) size 800x600
  RenderView at (0,0) size 800x600
layer at (0,0) size 800x106
  RenderBlock {HTML} at (0,0) size 800x106
    RenderBody {BODY} at (8,16) size 784x82
      RenderBlock {P} at (0,0) size 784x22
        RenderText {#text} at (0,0) size 228x22
          text run at (0,0) width 228: "The following should be identical:"
      RenderBlock {DIV} at (0,38) size 784x22
        RenderInline {SPAN} at (0,0) size 8x22
          RenderInline (generated) at (0,0) size 8x22
            RenderCounter at (0,0) size 8x22
              text run at (0,0) width 8: "1"
        RenderInline {SPAN} at (0,0) size 8x22
          RenderInline (generated) at (0,0) size 8x22
            RenderCounter at (8,0) size 8x22
              text run at (8,0) width 8: "2"
      RenderBlock {DIV} at (0,60) size 784x22
        RenderText {#text} at (0,0) size 16x22
          text run at (0,0) width 16: "12"
