layer at (0,0) size 800x600
  RenderView at (0,0) size 800x600
layer at (0,0) size 800x106
  RenderBlock {HTML} at (0,0) size 800x106
    RenderBody {BODY} at (8,16) size 784x82
      RenderBlock {P} at (0,0) size 784x22
        RenderText {#text} at (0,0) size 306x22
          text run at (0,0) width 306: "The following two lines should look the same:"
      RenderBlock {DIV} at (0,38) size 784x22
        RenderInline {SPAN} at (0,0) size 12x22
          RenderInline (generated) at (0,0) size 12x22
            RenderCounter at (0,0) size 12x22
              text run at (0,0) width 12: "A"
        RenderText {#text} at (12,0) size 4x22
          text run at (12,0) width 4: " "
        RenderInline {SPAN} at (0,0) size 11x22
          RenderInline (generated) at (0,0) size 11x22
            RenderCounter at (16,0) size 11x22
              text run at (16,0) width 11: "B"
        RenderText {#text} at (27,0) size 4x22
          text run at (27,0) width 4: " "
        RenderInline {SPAN} at (0,0) size 12x22
          RenderInline (generated) at (0,0) size 12x22
            RenderCounter at (31,0) size 12x22
              text run at (31,0) width 12: "C"
        RenderText {#text} at (43,0) size 4x22
          text run at (43,0) width 4: " "
        RenderInline {SPAN} at (0,0) size 12x22
          RenderInline (generated) at (0,0) size 12x22
            RenderCounter at (47,0) size 12x22
              text run at (47,0) width 12: "D"
        RenderText {#text} at (59,0) size 4x22
          text run at (59,0) width 4: " "
        RenderInline {SPAN} at (0,0) size 11x22
          RenderInline (generated) at (0,0) size 11x22
            RenderCounter at (63,0) size 11x22
              text run at (63,0) width 11: "E"
        RenderText {#text} at (74,0) size 4x22
          text run at (74,0) width 4: " "
        RenderInline {SPAN} at (0,0) size 10x22
          RenderInline (generated) at (0,0) size 10x22
            RenderCounter at (78,0) size 10x22
              text run at (78,0) width 10: "F"
        RenderText {#text} at (88,0) size 4x22
          text run at (88,0) width 4: " "
        RenderInline {SPAN} at (0,0) size 12x22
          RenderInline (generated) at (0,0) size 12x22
            RenderCounter at (92,0) size 12x22
              text run at (92,0) width 12: "G"
        RenderText {#text} at (104,0) size 4x22
          text run at (104,0) width 4: " "
        RenderInline {SPAN} at (0,0) size 12x22
          RenderInline (generated) at (0,0) size 12x22
            RenderCounter at (108,0) size 12x22
              text run at (108,0) width 12: "H"
        RenderText {#text} at (120,0) size 4x22
          text run at (120,0) width 4: " "
        RenderInline {SPAN} at (0,0) size 6x22
          RenderInline (generated) at (0,0) size 6x22
            RenderCounter at (124,0) size 6x22
              text run at (124,0) width 6: "I"
        RenderText {#text} at (130,0) size 4x22
          text run at (130,0) width 4: " "
        RenderInline {SPAN} at (0,0) size 8x22
          RenderInline (generated) at (0,0) size 8x22
            RenderCounter at (134,0) size 8x22
              text run at (134,0) width 8: "J"
        RenderText {#text} at (142,0) size 4x22
          text run at (142,0) width 4: " "
        RenderInline {SPAN} at (0,0) size 12x22
          RenderInline (generated) at (0,0) size 12x22
            RenderCounter at (146,0) size 12x22
              text run at (146,0) width 12: "K"
        RenderText {#text} at (158,0) size 4x22
          text run at (158,0) width 4: " "
        RenderInline {SPAN} at (0,0) size 11x22
          RenderInline (generated) at (0,0) size 11x22
            RenderCounter at (162,0) size 11x22
              text run at (162,0) width 11: "L"
        RenderText {#text} at (0,0) size 0x0
      RenderBlock {DIV} at (0,60) size 784x22
        RenderText {#text} at (0,0) size 173x22
          text run at (0,0) width 16: "A "
          text run at (16,0) width 15: "B "
          text run at (31,0) width 16: "C "
          text run at (47,0) width 16: "D "
          text run at (63,0) width 15: "E "
          text run at (78,0) width 14: "F "
          text run at (92,0) width 16: "G "
          text run at (108,0) width 16: "H "
          text run at (124,0) width 10: "I "
          text run at (134,0) width 12: "J "
          text run at (146,0) width 16: "K "
          text run at (162,0) width 11: "L"
