layer at (0,0) size 829x584
  RenderView at (0,0) size 800x584
layer at (0,0) size 800x103
  RenderBlock {HTML} at (0,0) size 800x103
    RenderBody {BODY} at (8,16) size 784x79
      RenderBlock {P} at (0,0) size 784x21
        RenderText {#text} at (0,0) size 306x21
          text run at (0,0) width 306: "The following two lines should look the same:"
      RenderBlock {DIV} at (0,37) size 784x21
        RenderInline {SPAN} at (0,0) size 6x21
          RenderInline (generated) at (0,0) size 6x21
            RenderCounter at (0,0) size 6x21
              text run at (0,0) width 6: "I"
        RenderText {#text} at (6,0) size 4x21
          text run at (6,0) width 4: " "
        RenderInline {SPAN} at (0,0) size 12x21
          RenderInline (generated) at (0,0) size 12x21
            RenderCounter at (10,0) size 12x21
              text run at (10,0) width 12: "II"
        RenderText {#text} at (22,0) size 4x21
          text run at (22,0) width 4: " "
        RenderInline {SPAN} at (0,0) size 18x21
          RenderInline (generated) at (0,0) size 18x21
            RenderCounter at (26,0) size 18x21
              text run at (26,0) width 18: "III"
        RenderText {#text} at (44,0) size 4x21
          text run at (44,0) width 4: " "
        RenderInline {SPAN} at (0,0) size 18x21
          RenderInline (generated) at (0,0) size 18x21
            RenderCounter at (48,0) size 18x21
              text run at (48,0) width 18: "IV"
        RenderText {#text} at (66,0) size 4x21
          text run at (66,0) width 4: " "
        RenderInline {SPAN} at (0,0) size 12x21
          RenderInline (generated) at (0,0) size 12x21
            RenderCounter at (70,0) size 12x21
              text run at (70,0) width 12: "V"
        RenderText {#text} at (82,0) size 4x21
          text run at (82,0) width 4: " "
        RenderInline {SPAN} at (0,0) size 18x21
          RenderInline (generated) at (0,0) size 18x21
            RenderCounter at (86,0) size 18x21
              text run at (86,0) width 18: "VI"
        RenderText {#text} at (104,0) size 4x21
          text run at (104,0) width 4: " "
        RenderInline {SPAN} at (0,0) size 24x21
          RenderInline (generated) at (0,0) size 24x21
            RenderCounter at (108,0) size 24x21
              text run at (108,0) width 24: "VII"
        RenderText {#text} at (132,0) size 4x21
          text run at (132,0) width 4: " "
        RenderInline {SPAN} at (0,0) size 30x21
          RenderInline (generated) at (0,0) size 30x21
            RenderCounter at (136,0) size 30x21
              text run at (136,0) width 30: "VIII"
        RenderText {#text} at (166,0) size 4x21
          text run at (166,0) width 4: " "
        RenderInline {SPAN} at (0,0) size 18x21
          RenderInline (generated) at (0,0) size 18x21
            RenderCounter at (170,0) size 18x21
              text run at (170,0) width 18: "IX"
        RenderText {#text} at (188,0) size 4x21
          text run at (188,0) width 4: " "
        RenderInline {SPAN} at (0,0) size 12x21
          RenderInline (generated) at (0,0) size 12x21
            RenderCounter at (192,0) size 12x21
              text run at (192,0) width 12: "X"
        RenderText {#text} at (204,0) size 4x21
          text run at (204,0) width 4: " "
        RenderInline {SPAN} at (0,0) size 18x21
          RenderInline (generated) at (0,0) size 18x21
            RenderCounter at (208,0) size 18x21
              text run at (208,0) width 18: "XI"
        RenderText {#text} at (226,0) size 4x21
          text run at (226,0) width 4: " "
        RenderInline {SPAN} at (0,0) size 24x21
          RenderInline (generated) at (0,0) size 24x21
            RenderCounter at (230,0) size 24x21
              text run at (230,0) width 24: "XII"
        RenderText {#text} at (254,0) size 4x21
          text run at (254,0) width 4: " "
        RenderInline {SPAN} at (0,0) size 41x21
          RenderInline (generated) at (0,0) size 41x21
            RenderCounter at (258,0) size 41x21
              text run at (258,0) width 41: "XLIX"
        RenderText {#text} at (299,0) size 4x21
          text run at (299,0) width 4: " "
        RenderInline {SPAN} at (0,0) size 11x21
          RenderInline (generated) at (0,0) size 11x21
            RenderCounter at (303,0) size 11x21
              text run at (303,0) width 11: "L"
        RenderText {#text} at (314,0) size 4x21
          text run at (314,0) width 4: " "
        RenderInline {SPAN} at (0,0) size 101x21
          RenderInline (generated) at (0,0) size 101x21
            RenderCounter at (318,0) size 101x21
              text run at (318,0) width 101: "CCCLXXXIX"
        RenderText {#text} at (419,0) size 4x21
          text run at (419,0) width 4: " "
        RenderInline {SPAN} at (0,0) size 60x21
          RenderInline (generated) at (0,0) size 60x21
            RenderCounter at (423,0) size 60x21
              text run at (423,0) width 60: "CCCXC"
        RenderText {#text} at (483,0) size 4x21
          text run at (483,0) width 4: " "
        RenderInline {SPAN} at (0,0) size 134x21
          RenderInline (generated) at (0,0) size 134x21
            RenderCounter at (487,0) size 134x21
              text run at (487,0) width 134: "MMMCDLXXXIX"
        RenderText {#text} at (621,0) size 4x21
          text run at (621,0) width 4: " "
        RenderInline {SPAN} at (0,0) size 93x21
          RenderInline (generated) at (0,0) size 93x21
            RenderCounter at (625,0) size 93x21
              text run at (625,0) width 93: "MMMCDXC"
        RenderText {#text} at (718,0) size 4x21
          text run at (718,0) width 4: " "
        RenderInline {SPAN} at (0,0) size 99x21
          RenderInline (generated) at (0,0) size 99x21
            RenderCounter at (722,0) size 99x21
              text run at (722,0) width 99: "MMMCDXCI"
        RenderText {#text} at (0,0) size 0x0
      RenderBlock {DIV} at (0,58) size 784x21
        RenderText {#text} at (0,0) size 821x21
          text run at (0,0) width 10: "I "
          text run at (10,0) width 16: "II "
          text run at (26,0) width 22: "III "
          text run at (48,0) width 22: "IV "
          text run at (70,0) width 16: "V "
          text run at (86,0) width 22: "VI "
          text run at (108,0) width 28: "VII "
          text run at (136,0) width 34: "VIII "
          text run at (170,0) width 22: "IX "
          text run at (192,0) width 16: "X "
          text run at (208,0) width 22: "XI "
          text run at (230,0) width 28: "XII "
          text run at (258,0) width 45: "XLIX "
          text run at (303,0) width 15: "L "
          text run at (318,0) width 105: "CCCLXXXIX "
          text run at (423,0) width 64: "CCCXC "
          text run at (487,0) width 138: "MMMCDLXXXIX "
          text run at (625,0) width 97: "MMMCDXC "
          text run at (722,0) width 99: "MMMCDXCI"
