layer at (0,0) size 800x600
  RenderView at (0,0) size 800x600
layer at (0,0) size 800x207
  RenderBlock {HTML} at (0,0) size 800x207
    RenderBody {BODY} at (8,14) size 784x185
      RenderBlock {P} at (0,0) size 784x19 [color=#000080]
        RenderText {#text} at (0,0) size 757x19
          text run at (0,0) width 757: "There should be eight numbered lines below, all identical except for the numbering, which should match the description."
      RenderListItem {DIV} at (0,33) size 784x19 [color=#000080]
        RenderListMarker at (0,0) size 16x19: "1"
        RenderText {#text} at (16,0) size 155x19
          text run at (16,0) width 155: " This should be line one."
      RenderBlock {DIV} at (0,52) size 784x19 [color=#000080]
        RenderText {#text} at (0,0) size 165x19
          text run at (0,0) width 165: "2. This should be line two."
      RenderBlock (anonymous) at (0,71) size 784x19
        RenderInline {DIV} at (0,0) size 93x19 [color=#000080]
          RenderText {#text} at (0,0) size 93x19
            text run at (0,0) width 93: "3. This should "
        RenderText {#text} at (0,0) size 0x0
        RenderInline {DIV} at (0,0) size 83x19 [color=#000080]
          RenderText {#text} at (93,0) size 83x19
            text run at (93,0) width 83: "be line three."
        RenderText {#text} at (0,0) size 0x0
      RenderBlock {DIV} at (0,90) size 784x19 [color=#000080]
        RenderText {#text} at (0,0) size 168x19
          text run at (0,0) width 168: "4. This should be line four."
      RenderBlock {DIV} at (0,109) size 784x19 [color=#000080]
        RenderText {#text} at (0,0) size 165x19
          text run at (0,0) width 165: "5. This should be line five."
        RenderText {#text} at (0,0) size 0x0
      RenderBlock {DIV} at (0,128) size 784x57 [color=#000080]
        RenderBlock (anonymous) at (0,0) size 784x19
          RenderText {#text} at (0,0) size 160x19
            text run at (0,0) width 160: "6. This should be line six."
        RenderBlock {A} at (0,19) size 784x19
          RenderText {#text} at (0,0) size 181x19
            text run at (0,0) width 181: "7. This should be line seven."
        RenderBlock (anonymous) at (0,38) size 784x19
          RenderText {#text} at (0,0) size 174x19
            text run at (0,0) width 174: "8. This should be line eight."
