layer at (0,0) size 800x600
  RenderView at (0,0) size 800x600
layer at (0,0) size 800x104
  RenderBlock {HTML} at (0,0) size 800x104
    RenderBody {BODY} at (8,16) size 784x80
      RenderBlock {P} at (0,0) size 784x21
        RenderText {#text} at (0,0) size 380x21
          text run at (0,0) width 380: "The following two boxes should be identical, to the pixel."
      RenderBlock {OL} at (80,37) size 160x21 [color=#FFFFFF] [bgcolor=#000080]
        RenderListItem {LI} at (0,0) size 160x21
          RenderListMarker at (-21,0) size 16x21: "1"
          RenderInline {SPAN} at (0,0) size 12x21 [color=#000080]
            RenderText {#text} at (0,0) size 12x21
              text run at (0,0) width 12: "1."
          RenderText {#text} at (12,0) size 33x21
            text run at (12,0) width 33: " Test"
      RenderBlock {OL} at (80,59) size 160x21 [color=#000080] [bgcolor=#000080]
        RenderListItem {LI} at (0,0) size 160x21
          RenderListMarker at (0,0) size 16x21: "1"
          RenderInline {SPAN} at (0,0) size 29x21 [color=#FFFFFF]
            RenderText {#text} at (16,0) size 29x21
              text run at (16,0) width 29: "Test"
