layer at (0,0) size 800x600
  RenderView at (0,0) size 800x600
layer at (0,0) size 800x94
  RenderBlock {HTML} at (0,0) size 800x94
    RenderBody {BODY} at (8,14) size 784x72
      RenderBlock {P} at (0,0) size 784x20
        RenderText {#text} at (0,0) size 223x19
          text run at (0,0) width 223: "The following two lines should look "
        RenderInline {EM} at (0,0) size 89x19
          RenderText {#text} at (223,0) size 89x19
            text run at (223,0) width 89: "approximately"
        RenderText {#text} at (312,0) size 67x19
          text run at (312,0) width 67: " the same:"
      RenderBlock {DIV} at (0,34) size 784x19
        RenderInline {SPAN} at (0,0) size 4x19
          RenderInline (generated) at (0,0) size 4x19
            RenderCounter at (0,0) size 4x19
              text run at (0,0) width 4: "\x{25E6}"
        RenderText {#text} at (4,0) size 4x19
          text run at (4,0) width 4: " "
        RenderInline {SPAN} at (0,0) size 4x19
          RenderInline (generated) at (0,0) size 4x19
            RenderCounter at (8,0) size 4x19
              text run at (8,0) width 4: "\x{25E6}"
        RenderText {#text} at (12,0) size 4x19
          text run at (12,0) width 4: " "
        RenderInline {SPAN} at (0,0) size 4x19
          RenderInline (generated) at (0,0) size 4x19
            RenderCounter at (16,0) size 4x19
              text run at (16,0) width 4: "\x{25E6}"
        RenderText {#text} at (20,0) size 4x19
          text run at (20,0) width 4: " "
        RenderInline {SPAN} at (0,0) size 4x19
          RenderInline (generated) at (0,0) size 4x19
            RenderCounter at (24,0) size 4x19
              text run at (24,0) width 4: "\x{25E6}"
        RenderText {#text} at (28,0) size 4x19
          text run at (28,0) width 4: " "
        RenderInline {SPAN} at (0,0) size 4x19
          RenderInline (generated) at (0,0) size 4x19
            RenderCounter at (32,0) size 4x19
              text run at (32,0) width 4: "\x{25E6}"
        RenderText {#text} at (36,0) size 4x19
          text run at (36,0) width 4: " "
        RenderInline {SPAN} at (0,0) size 4x19
          RenderInline (generated) at (0,0) size 4x19
            RenderCounter at (40,0) size 4x19
              text run at (40,0) width 4: "\x{25E6}"
        RenderText {#text} at (44,0) size 4x19
          text run at (44,0) width 4: " "
        RenderInline {SPAN} at (0,0) size 4x19
          RenderInline (generated) at (0,0) size 4x19
            RenderCounter at (48,0) size 4x19
              text run at (48,0) width 4: "\x{25E6}"
        RenderText {#text} at (52,0) size 4x19
          text run at (52,0) width 4: " "
        RenderInline {SPAN} at (0,0) size 4x19
          RenderInline (generated) at (0,0) size 4x19
            RenderCounter at (56,0) size 4x19
              text run at (56,0) width 4: "\x{25E6}"
        RenderText {#text} at (60,0) size 4x19
          text run at (60,0) width 4: " "
        RenderInline {SPAN} at (0,0) size 4x19
          RenderInline (generated) at (0,0) size 4x19
            RenderCounter at (64,0) size 4x19
              text run at (64,0) width 4: "\x{25E6}"
        RenderText {#text} at (68,0) size 4x19
          text run at (68,0) width 4: " "
        RenderInline {SPAN} at (0,0) size 4x19
          RenderInline (generated) at (0,0) size 4x19
            RenderCounter at (72,0) size 4x19
              text run at (72,0) width 4: "\x{25E6}"
        RenderText {#text} at (76,0) size 4x19
          text run at (76,0) width 4: " "
        RenderInline {SPAN} at (0,0) size 4x19
          RenderInline (generated) at (0,0) size 4x19
            RenderCounter at (80,0) size 4x19
              text run at (80,0) width 4: "\x{25E6}"
        RenderText {#text} at (84,0) size 4x19
          text run at (84,0) width 4: " "
        RenderInline {SPAN} at (0,0) size 4x19
          RenderInline (generated) at (0,0) size 4x19
            RenderCounter at (88,0) size 4x19
              text run at (88,0) width 4: "\x{25E6}"
        RenderText {#text} at (0,0) size 0x0
      RenderBlock {DIV} at (0,53) size 784x19
        RenderText {#text} at (0,0) size 92x19
          text run at (0,0) width 8: "\x{25E6} "
          text run at (8,0) width 8: "\x{25E6} "
          text run at (16,0) width 8: "\x{25E6} "
          text run at (24,0) width 8: "\x{25E6} "
          text run at (32,0) width 8: "\x{25E6} "
          text run at (40,0) width 8: "\x{25E6} "
          text run at (48,0) width 8: "\x{25E6} "
          text run at (56,0) width 8: "\x{25E6} "
          text run at (64,0) width 8: "\x{25E6} "
          text run at (72,0) width 8: "\x{25E6} "
          text run at (80,0) width 8: "\x{25E6} "
          text run at (88,0) width 4: "\x{25E6}"
