layer at (0,0) size 784x3568
  RenderView at (0,0) size 784x600
layer at (0,0) size 784x3568
  RenderBlock {HTML} at (0,0) size 784x3568
    RenderBody {BODY} at (8,8) size 768x3552
      RenderBlock {DIV} at (0,0) size 768x22 [color=#C0C0C0]
        RenderText {#text} at (0,0) size 88x22
          text run at (0,0) width 88: "Dummy text."
      RenderBlock {DIV} at (0,22) size 768x22 [color=#C0C0C0]
        RenderText {#text} at (0,0) size 88x22
          text run at (0,0) width 88: "Dummy text."
      RenderBlock {DIV} at (0,44) size 768x22 [color=#C0C0C0]
        RenderText {#text} at (0,0) size 88x22
          text run at (0,0) width 88: "Dummy text."
      RenderBlock {P} at (0,82) size 768x22
        RenderText {#text} at (0,0) size 657x22
          text run at (0,0) width 423: "Scroll this document. A line of blue should remain stuck at the "
          text run at (423,0) width 234: "top of the viewport the whole time."
      RenderBlock {DIV} at (0,120) size 768x22 [color=#C0C0C0]
        RenderText {#text} at (0,0) size 88x22
          text run at (0,0) width 88: "Dummy text."
      RenderBlock {DIV} at (0,142) size 768x22 [color=#C0C0C0]
        RenderText {#text} at (0,0) size 88x22
          text run at (0,0) width 88: "Dummy text."
      RenderBlock {DIV} at (0,164) size 768x22 [color=#C0C0C0]
        RenderText {#text} at (0,0) size 88x22
          text run at (0,0) width 88: "Dummy text."
      RenderBlock {DIV} at (0,186) size 768x22 [color=#C0C0C0]
        RenderText {#text} at (0,0) size 88x22
          text run at (0,0) width 88: "Dummy text."
      RenderBlock {DIV} at (0,208) size 768x22 [color=#C0C0C0]
        RenderText {#text} at (0,0) size 88x22
          text run at (0,0) width 88: "Dummy text."
      RenderBlock {DIV} at (0,230) size 768x22 [color=#C0C0C0]
        RenderText {#text} at (0,0) size 88x22
          text run at (0,0) width 88: "Dummy text."
      RenderBlock {DIV} at (0,252) size 768x22 [color=#C0C0C0]
        RenderText {#text} at (0,0) size 88x22
          text run at (0,0) width 88: "Dummy text."
      RenderBlock {DIV} at (0,274) size 768x22 [color=#C0C0C0]
        RenderText {#text} at (0,0) size 88x22
          text run at (0,0) width 88: "Dummy text."
      RenderBlock {DIV} at (0,296) size 768x22 [color=#C0C0C0]
        RenderText {#text} at (0,0) size 88x22
          text run at (0,0) width 88: "Dummy text."
      RenderBlock {DIV} at (0,318) size 768x22 [color=#C0C0C0]
        RenderText {#text} at (0,0) size 88x22
          text run at (0,0) width 88: "Dummy text."
      RenderBlock {DIV} at (0,340) size 768x22 [color=#C0C0C0]
        RenderText {#text} at (0,0) size 88x22
          text run at (0,0) width 88: "Dummy text."
      RenderBlock {DIV} at (0,362) size 768x22 [color=#C0C0C0]
        RenderText {#text} at (0,0) size 88x22
          text run at (0,0) width 88: "Dummy text."
      RenderBlock {DIV} at (0,384) size 768x22 [color=#C0C0C0]
        RenderText {#text} at (0,0) size 88x22
          text run at (0,0) width 88: "Dummy text."
      RenderBlock {DIV} at (0,406) size 768x22 [color=#C0C0C0]
        RenderText {#text} at (0,0) size 88x22
          text run at (0,0) width 88: "Dummy text."
      RenderBlock {DIV} at (0,428) size 768x22 [color=#C0C0C0]
        RenderText {#text} at (0,0) size 88x22
          text run at (0,0) width 88: "Dummy text."
      RenderBlock {DIV} at (0,450) size 768x22 [color=#C0C0C0]
        RenderText {#text} at (0,0) size 88x22
          text run at (0,0) width 88: "Dummy text."
      RenderBlock {DIV} at (0,472) size 768x22 [color=#C0C0C0]
        RenderText {#text} at (0,0) size 88x22
          text run at (0,0) width 88: "Dummy text."
      RenderBlock {DIV} at (0,494) size 768x22 [color=#C0C0C0]
        RenderText {#text} at (0,0) size 88x22
          text run at (0,0) width 88: "Dummy text."
      RenderBlock {DIV} at (0,516) size 768x22 [color=#C0C0C0]
        RenderText {#text} at (0,0) size 88x22
          text run at (0,0) width 88: "Dummy text."
      RenderBlock {DIV} at (0,538) size 768x22 [color=#C0C0C0]
        RenderText {#text} at (0,0) size 88x22
          text run at (0,0) width 88: "Dummy text."
      RenderBlock {DIV} at (0,560) size 768x22 [color=#C0C0C0]
        RenderText {#text} at (0,0) size 88x22
          text run at (0,0) width 88: "Dummy text."
      RenderBlock {DIV} at (0,582) size 768x22 [color=#C0C0C0]
        RenderText {#text} at (0,0) size 88x22
          text run at (0,0) width 88: "Dummy text."
      RenderBlock {DIV} at (0,604) size 768x22 [color=#C0C0C0]
        RenderText {#text} at (0,0) size 88x22
          text run at (0,0) width 88: "Dummy text."
      RenderBlock {DIV} at (0,626) size 768x22 [color=#C0C0C0]
        RenderText {#text} at (0,0) size 88x22
          text run at (0,0) width 88: "Dummy text."
      RenderBlock {DIV} at (0,648) size 768x22 [color=#C0C0C0]
        RenderText {#text} at (0,0) size 88x22
          text run at (0,0) width 88: "Dummy text."
      RenderBlock {DIV} at (0,670) size 768x22 [color=#C0C0C0]
        RenderText {#text} at (0,0) size 88x22
          text run at (0,0) width 88: "Dummy text."
      RenderBlock {DIV} at (0,692) size 768x22 [color=#C0C0C0]
        RenderText {#text} at (0,0) size 88x22
          text run at (0,0) width 88: "Dummy text."
      RenderBlock {DIV} at (0,714) size 768x22 [color=#C0C0C0]
        RenderText {#text} at (0,0) size 88x22
          text run at (0,0) width 88: "Dummy text."
      RenderBlock {DIV} at (0,736) size 768x22 [color=#C0C0C0]
        RenderText {#text} at (0,0) size 88x22
          text run at (0,0) width 88: "Dummy text."
      RenderBlock {DIV} at (0,758) size 768x22 [color=#C0C0C0]
        RenderText {#text} at (0,0) size 88x22
          text run at (0,0) width 88: "Dummy text."
      RenderBlock {DIV} at (0,780) size 768x22 [color=#C0C0C0]
        RenderText {#text} at (0,0) size 88x22
          text run at (0,0) width 88: "Dummy text."
      RenderBlock {DIV} at (0,802) size 768x22 [color=#C0C0C0]
        RenderText {#text} at (0,0) size 88x22
          text run at (0,0) width 88: "Dummy text."
      RenderBlock {DIV} at (0,824) size 768x22 [color=#C0C0C0]
        RenderText {#text} at (0,0) size 88x22
          text run at (0,0) width 88: "Dummy text."
      RenderBlock {DIV} at (0,846) size 768x22 [color=#C0C0C0]
        RenderText {#text} at (0,0) size 88x22
          text run at (0,0) width 88: "Dummy text."
      RenderBlock {DIV} at (0,868) size 768x22 [color=#C0C0C0]
        RenderText {#text} at (0,0) size 88x22
          text run at (0,0) width 88: "Dummy text."
      RenderBlock {DIV} at (0,890) size 768x22 [color=#C0C0C0]
        RenderText {#text} at (0,0) size 88x22
          text run at (0,0) width 88: "Dummy text."
      RenderBlock {DIV} at (0,912) size 768x22 [color=#C0C0C0]
        RenderText {#text} at (0,0) size 88x22
          text run at (0,0) width 88: "Dummy text."
      RenderBlock {DIV} at (0,934) size 768x22 [color=#C0C0C0]
        RenderText {#text} at (0,0) size 88x22
          text run at (0,0) width 88: "Dummy text."
      RenderBlock {DIV} at (0,956) size 768x22 [color=#C0C0C0]
        RenderText {#text} at (0,0) size 88x22
          text run at (0,0) width 88: "Dummy text."
      RenderBlock {DIV} at (0,978) size 768x22 [color=#C0C0C0]
        RenderText {#text} at (0,0) size 88x22
          text run at (0,0) width 88: "Dummy text."
      RenderBlock {DIV} at (0,1000) size 768x22 [color=#C0C0C0]
        RenderText {#text} at (0,0) size 88x22
          text run at (0,0) width 88: "Dummy text."
      RenderBlock {DIV} at (0,1022) size 768x22 [color=#C0C0C0]
        RenderText {#text} at (0,0) size 88x22
          text run at (0,0) width 88: "Dummy text."
      RenderBlock {DIV} at (0,1044) size 768x22 [color=#C0C0C0]
        RenderText {#text} at (0,0) size 88x22
          text run at (0,0) width 88: "Dummy text."
      RenderBlock {DIV} at (0,1066) size 768x22 [color=#C0C0C0]
        RenderText {#text} at (0,0) size 88x22
          text run at (0,0) width 88: "Dummy text."
      RenderBlock {DIV} at (0,1088) size 768x22 [color=#C0C0C0]
        RenderText {#text} at (0,0) size 88x22
          text run at (0,0) width 88: "Dummy text."
      RenderBlock {DIV} at (0,1110) size 768x22 [color=#C0C0C0]
        RenderText {#text} at (0,0) size 88x22
          text run at (0,0) width 88: "Dummy text."
      RenderBlock {DIV} at (0,1132) size 768x22 [color=#C0C0C0]
        RenderText {#text} at (0,0) size 88x22
          text run at (0,0) width 88: "Dummy text."
      RenderBlock {DIV} at (0,1154) size 768x22 [color=#C0C0C0]
        RenderText {#text} at (0,0) size 88x22
          text run at (0,0) width 88: "Dummy text."
      RenderBlock {DIV} at (0,1176) size 768x22 [color=#C0C0C0]
        RenderText {#text} at (0,0) size 88x22
          text run at (0,0) width 88: "Dummy text."
      RenderBlock {DIV} at (0,1198) size 768x22 [color=#C0C0C0]
        RenderText {#text} at (0,0) size 88x22
          text run at (0,0) width 88: "Dummy text."
      RenderBlock {DIV} at (0,1220) size 768x22 [color=#C0C0C0]
        RenderText {#text} at (0,0) size 88x22
          text run at (0,0) width 88: "Dummy text."
      RenderBlock {DIV} at (0,1242) size 768x22 [color=#C0C0C0]
        RenderText {#text} at (0,0) size 88x22
          text run at (0,0) width 88: "Dummy text."
      RenderBlock {DIV} at (0,1264) size 768x22 [color=#C0C0C0]
        RenderText {#text} at (0,0) size 88x22
          text run at (0,0) width 88: "Dummy text."
      RenderBlock {DIV} at (0,1286) size 768x22 [color=#C0C0C0]
        RenderText {#text} at (0,0) size 88x22
          text run at (0,0) width 88: "Dummy text."
      RenderBlock {DIV} at (0,1308) size 768x22 [color=#C0C0C0]
        RenderText {#text} at (0,0) size 88x22
          text run at (0,0) width 88: "Dummy text."
      RenderBlock {DIV} at (0,1330) size 768x22 [color=#C0C0C0]
        RenderText {#text} at (0,0) size 88x22
          text run at (0,0) width 88: "Dummy text."
      RenderBlock {DIV} at (0,1352) size 768x22 [color=#C0C0C0]
        RenderText {#text} at (0,0) size 88x22
          text run at (0,0) width 88: "Dummy text."
      RenderBlock {DIV} at (0,1374) size 768x22 [color=#C0C0C0]
        RenderText {#text} at (0,0) size 88x22
          text run at (0,0) width 88: "Dummy text."
      RenderBlock {DIV} at (0,1396) size 768x22 [color=#C0C0C0]
        RenderText {#text} at (0,0) size 88x22
          text run at (0,0) width 88: "Dummy text."
      RenderBlock {DIV} at (0,1418) size 768x22 [color=#C0C0C0]
        RenderText {#text} at (0,0) size 88x22
          text run at (0,0) width 88: "Dummy text."
      RenderBlock {DIV} at (0,1440) size 768x22 [color=#C0C0C0]
        RenderText {#text} at (0,0) size 88x22
          text run at (0,0) width 88: "Dummy text."
      RenderBlock {DIV} at (0,1462) size 768x22 [color=#C0C0C0]
        RenderText {#text} at (0,0) size 88x22
          text run at (0,0) width 88: "Dummy text."
      RenderBlock {DIV} at (0,1484) size 768x22 [color=#C0C0C0]
        RenderText {#text} at (0,0) size 88x22
          text run at (0,0) width 88: "Dummy text."
      RenderBlock {DIV} at (0,1506) size 768x22 [color=#C0C0C0]
        RenderText {#text} at (0,0) size 88x22
          text run at (0,0) width 88: "Dummy text."
      RenderBlock {DIV} at (0,1528) size 768x22 [color=#C0C0C0]
        RenderText {#text} at (0,0) size 88x22
          text run at (0,0) width 88: "Dummy text."
      RenderBlock {DIV} at (0,1550) size 768x22 [color=#C0C0C0]
        RenderText {#text} at (0,0) size 88x22
          text run at (0,0) width 88: "Dummy text."
      RenderBlock {DIV} at (0,1572) size 768x22 [color=#C0C0C0]
        RenderText {#text} at (0,0) size 88x22
          text run at (0,0) width 88: "Dummy text."
      RenderBlock {DIV} at (0,1594) size 768x22 [color=#C0C0C0]
        RenderText {#text} at (0,0) size 88x22
          text run at (0,0) width 88: "Dummy text."
      RenderBlock {DIV} at (0,1616) size 768x22 [color=#C0C0C0]
        RenderText {#text} at (0,0) size 88x22
          text run at (0,0) width 88: "Dummy text."
      RenderBlock {DIV} at (0,1638) size 768x22 [color=#C0C0C0]
        RenderText {#text} at (0,0) size 88x22
          text run at (0,0) width 88: "Dummy text."
      RenderBlock {DIV} at (0,1660) size 768x22 [color=#C0C0C0]
        RenderText {#text} at (0,0) size 88x22
          text run at (0,0) width 88: "Dummy text."
      RenderBlock {DIV} at (0,1682) size 768x22 [color=#C0C0C0]
        RenderText {#text} at (0,0) size 88x22
          text run at (0,0) width 88: "Dummy text."
      RenderBlock {DIV} at (0,1704) size 768x22 [color=#C0C0C0]
        RenderText {#text} at (0,0) size 88x22
          text run at (0,0) width 88: "Dummy text."
      RenderBlock {DIV} at (0,1726) size 768x22 [color=#C0C0C0]
        RenderText {#text} at (0,0) size 88x22
          text run at (0,0) width 88: "Dummy text."
      RenderBlock {DIV} at (0,1748) size 768x22 [color=#C0C0C0]
        RenderText {#text} at (0,0) size 88x22
          text run at (0,0) width 88: "Dummy text."
      RenderBlock {DIV} at (0,1770) size 768x22 [color=#C0C0C0]
        RenderText {#text} at (0,0) size 88x22
          text run at (0,0) width 88: "Dummy text."
      RenderBlock {DIV} at (0,1792) size 768x22 [color=#C0C0C0]
        RenderText {#text} at (0,0) size 88x22
          text run at (0,0) width 88: "Dummy text."
      RenderBlock {DIV} at (0,1814) size 768x22 [color=#C0C0C0]
        RenderText {#text} at (0,0) size 88x22
          text run at (0,0) width 88: "Dummy text."
      RenderBlock {DIV} at (0,1836) size 768x22 [color=#C0C0C0]
        RenderText {#text} at (0,0) size 88x22
          text run at (0,0) width 88: "Dummy text."
      RenderBlock {DIV} at (0,1858) size 768x22 [color=#C0C0C0]
        RenderText {#text} at (0,0) size 88x22
          text run at (0,0) width 88: "Dummy text."
      RenderBlock {DIV} at (0,1880) size 768x22 [color=#C0C0C0]
        RenderText {#text} at (0,0) size 88x22
          text run at (0,0) width 88: "Dummy text."
      RenderBlock {DIV} at (0,1902) size 768x22 [color=#C0C0C0]
        RenderText {#text} at (0,0) size 88x22
          text run at (0,0) width 88: "Dummy text."
      RenderBlock {DIV} at (0,1924) size 768x22 [color=#C0C0C0]
        RenderText {#text} at (0,0) size 88x22
          text run at (0,0) width 88: "Dummy text."
      RenderBlock {DIV} at (0,1946) size 768x22 [color=#C0C0C0]
        RenderText {#text} at (0,0) size 88x22
          text run at (0,0) width 88: "Dummy text."
      RenderBlock {DIV} at (0,1968) size 768x22 [color=#C0C0C0]
        RenderText {#text} at (0,0) size 88x22
          text run at (0,0) width 88: "Dummy text."
      RenderBlock {DIV} at (0,1990) size 768x22 [color=#C0C0C0]
        RenderText {#text} at (0,0) size 88x22
          text run at (0,0) width 88: "Dummy text."
      RenderBlock {DIV} at (0,2012) size 768x22 [color=#C0C0C0]
        RenderText {#text} at (0,0) size 88x22
          text run at (0,0) width 88: "Dummy text."
      RenderBlock {DIV} at (0,2034) size 768x22 [color=#C0C0C0]
        RenderText {#text} at (0,0) size 88x22
          text run at (0,0) width 88: "Dummy text."
      RenderBlock {DIV} at (0,2056) size 768x22 [color=#C0C0C0]
        RenderText {#text} at (0,0) size 88x22
          text run at (0,0) width 88: "Dummy text."
      RenderBlock {DIV} at (0,2078) size 768x22 [color=#C0C0C0]
        RenderText {#text} at (0,0) size 88x22
          text run at (0,0) width 88: "Dummy text."
      RenderBlock {DIV} at (0,2100) size 768x22 [color=#C0C0C0]
        RenderText {#text} at (0,0) size 88x22
          text run at (0,0) width 88: "Dummy text."
      RenderBlock {DIV} at (0,2122) size 768x22 [color=#C0C0C0]
        RenderText {#text} at (0,0) size 88x22
          text run at (0,0) width 88: "Dummy text."
      RenderBlock {DIV} at (0,2144) size 768x22 [color=#C0C0C0]
        RenderText {#text} at (0,0) size 88x22
          text run at (0,0) width 88: "Dummy text."
      RenderBlock {DIV} at (0,2166) size 768x22 [color=#C0C0C0]
        RenderText {#text} at (0,0) size 88x22
          text run at (0,0) width 88: "Dummy text."
      RenderBlock {DIV} at (0,2188) size 768x22 [color=#C0C0C0]
        RenderText {#text} at (0,0) size 88x22
          text run at (0,0) width 88: "Dummy text."
      RenderBlock {DIV} at (0,2210) size 768x22 [color=#C0C0C0]
        RenderText {#text} at (0,0) size 88x22
          text run at (0,0) width 88: "Dummy text."
      RenderBlock {DIV} at (0,2232) size 768x22 [color=#C0C0C0]
        RenderText {#text} at (0,0) size 88x22
          text run at (0,0) width 88: "Dummy text."
      RenderBlock {DIV} at (0,2254) size 768x22 [color=#C0C0C0]
        RenderText {#text} at (0,0) size 88x22
          text run at (0,0) width 88: "Dummy text."
      RenderBlock {DIV} at (0,2276) size 768x22 [color=#C0C0C0]
        RenderText {#text} at (0,0) size 88x22
          text run at (0,0) width 88: "Dummy text."
      RenderBlock {DIV} at (0,2298) size 768x22 [color=#C0C0C0]
        RenderText {#text} at (0,0) size 88x22
          text run at (0,0) width 88: "Dummy text."
      RenderBlock {DIV} at (0,2320) size 768x22 [color=#C0C0C0]
        RenderText {#text} at (0,0) size 88x22
          text run at (0,0) width 88: "Dummy text."
      RenderBlock {DIV} at (0,2342) size 768x22 [color=#C0C0C0]
        RenderText {#text} at (0,0) size 88x22
          text run at (0,0) width 88: "Dummy text."
      RenderBlock {DIV} at (0,2364) size 768x22 [color=#C0C0C0]
        RenderText {#text} at (0,0) size 88x22
          text run at (0,0) width 88: "Dummy text."
      RenderBlock {DIV} at (0,2386) size 768x22 [color=#C0C0C0]
        RenderText {#text} at (0,0) size 88x22
          text run at (0,0) width 88: "Dummy text."
      RenderBlock {DIV} at (0,2408) size 768x22 [color=#C0C0C0]
        RenderText {#text} at (0,0) size 88x22
          text run at (0,0) width 88: "Dummy text."
      RenderBlock {DIV} at (0,2430) size 768x22 [color=#C0C0C0]
        RenderText {#text} at (0,0) size 88x22
          text run at (0,0) width 88: "Dummy text."
      RenderBlock {DIV} at (0,2452) size 768x22 [color=#C0C0C0]
        RenderText {#text} at (0,0) size 88x22
          text run at (0,0) width 88: "Dummy text."
      RenderBlock {DIV} at (0,2474) size 768x22 [color=#C0C0C0]
        RenderText {#text} at (0,0) size 88x22
          text run at (0,0) width 88: "Dummy text."
      RenderBlock {DIV} at (0,2496) size 768x22 [color=#C0C0C0]
        RenderText {#text} at (0,0) size 88x22
          text run at (0,0) width 88: "Dummy text."
      RenderBlock {DIV} at (0,2518) size 768x22 [color=#C0C0C0]
        RenderText {#text} at (0,0) size 88x22
          text run at (0,0) width 88: "Dummy text."
      RenderBlock {DIV} at (0,2540) size 768x22 [color=#C0C0C0]
        RenderText {#text} at (0,0) size 88x22
          text run at (0,0) width 88: "Dummy text."
      RenderBlock {DIV} at (0,2562) size 768x22 [color=#C0C0C0]
        RenderText {#text} at (0,0) size 88x22
          text run at (0,0) width 88: "Dummy text."
      RenderBlock {DIV} at (0,2584) size 768x22 [color=#C0C0C0]
        RenderText {#text} at (0,0) size 88x22
          text run at (0,0) width 88: "Dummy text."
      RenderBlock {DIV} at (0,2606) size 768x22 [color=#C0C0C0]
        RenderText {#text} at (0,0) size 88x22
          text run at (0,0) width 88: "Dummy text."
      RenderBlock {DIV} at (0,2628) size 768x22 [color=#C0C0C0]
        RenderText {#text} at (0,0) size 88x22
          text run at (0,0) width 88: "Dummy text."
      RenderBlock {DIV} at (0,2650) size 768x22 [color=#C0C0C0]
        RenderText {#text} at (0,0) size 88x22
          text run at (0,0) width 88: "Dummy text."
      RenderBlock {DIV} at (0,2672) size 768x22 [color=#C0C0C0]
        RenderText {#text} at (0,0) size 88x22
          text run at (0,0) width 88: "Dummy text."
      RenderBlock {DIV} at (0,2694) size 768x22 [color=#C0C0C0]
        RenderText {#text} at (0,0) size 88x22
          text run at (0,0) width 88: "Dummy text."
      RenderBlock {DIV} at (0,2716) size 768x22 [color=#C0C0C0]
        RenderText {#text} at (0,0) size 88x22
          text run at (0,0) width 88: "Dummy text."
      RenderBlock {DIV} at (0,2738) size 768x22 [color=#C0C0C0]
        RenderText {#text} at (0,0) size 88x22
          text run at (0,0) width 88: "Dummy text."
      RenderBlock {DIV} at (0,2760) size 768x22 [color=#C0C0C0]
        RenderText {#text} at (0,0) size 88x22
          text run at (0,0) width 88: "Dummy text."
      RenderBlock {DIV} at (0,2782) size 768x22 [color=#C0C0C0]
        RenderText {#text} at (0,0) size 88x22
          text run at (0,0) width 88: "Dummy text."
      RenderBlock {DIV} at (0,2804) size 768x22 [color=#C0C0C0]
        RenderText {#text} at (0,0) size 88x22
          text run at (0,0) width 88: "Dummy text."
      RenderBlock {DIV} at (0,2826) size 768x22 [color=#C0C0C0]
        RenderText {#text} at (0,0) size 88x22
          text run at (0,0) width 88: "Dummy text."
      RenderBlock {DIV} at (0,2848) size 768x22 [color=#C0C0C0]
        RenderText {#text} at (0,0) size 88x22
          text run at (0,0) width 88: "Dummy text."
      RenderBlock {DIV} at (0,2870) size 768x22 [color=#C0C0C0]
        RenderText {#text} at (0,0) size 88x22
          text run at (0,0) width 88: "Dummy text."
      RenderBlock {DIV} at (0,2892) size 768x22 [color=#C0C0C0]
        RenderText {#text} at (0,0) size 88x22
          text run at (0,0) width 88: "Dummy text."
      RenderBlock {DIV} at (0,2914) size 768x22 [color=#C0C0C0]
        RenderText {#text} at (0,0) size 88x22
          text run at (0,0) width 88: "Dummy text."
      RenderBlock {DIV} at (0,2936) size 768x22 [color=#C0C0C0]
        RenderText {#text} at (0,0) size 88x22
          text run at (0,0) width 88: "Dummy text."
      RenderBlock {DIV} at (0,2958) size 768x22 [color=#C0C0C0]
        RenderText {#text} at (0,0) size 88x22
          text run at (0,0) width 88: "Dummy text."
      RenderBlock {DIV} at (0,2980) size 768x22 [color=#C0C0C0]
        RenderText {#text} at (0,0) size 88x22
          text run at (0,0) width 88: "Dummy text."
      RenderBlock {DIV} at (0,3002) size 768x22 [color=#C0C0C0]
        RenderText {#text} at (0,0) size 88x22
          text run at (0,0) width 88: "Dummy text."
      RenderBlock {DIV} at (0,3024) size 768x22 [color=#C0C0C0]
        RenderText {#text} at (0,0) size 88x22
          text run at (0,0) width 88: "Dummy text."
      RenderBlock {DIV} at (0,3046) size 768x22 [color=#C0C0C0]
        RenderText {#text} at (0,0) size 88x22
          text run at (0,0) width 88: "Dummy text."
      RenderBlock {DIV} at (0,3068) size 768x22 [color=#C0C0C0]
        RenderText {#text} at (0,0) size 88x22
          text run at (0,0) width 88: "Dummy text."
      RenderBlock {DIV} at (0,3090) size 768x22 [color=#C0C0C0]
        RenderText {#text} at (0,0) size 88x22
          text run at (0,0) width 88: "Dummy text."
      RenderBlock {DIV} at (0,3112) size 768x22 [color=#C0C0C0]
        RenderText {#text} at (0,0) size 88x22
          text run at (0,0) width 88: "Dummy text."
      RenderBlock {DIV} at (0,3134) size 768x22 [color=#C0C0C0]
        RenderText {#text} at (0,0) size 88x22
          text run at (0,0) width 88: "Dummy text."
      RenderBlock {DIV} at (0,3156) size 768x22 [color=#C0C0C0]
        RenderText {#text} at (0,0) size 88x22
          text run at (0,0) width 88: "Dummy text."
      RenderBlock {DIV} at (0,3178) size 768x22 [color=#C0C0C0]
        RenderText {#text} at (0,0) size 88x22
          text run at (0,0) width 88: "Dummy text."
      RenderBlock {DIV} at (0,3200) size 768x22 [color=#C0C0C0]
        RenderText {#text} at (0,0) size 88x22
          text run at (0,0) width 88: "Dummy text."
      RenderBlock {DIV} at (0,3222) size 768x22 [color=#C0C0C0]
        RenderText {#text} at (0,0) size 88x22
          text run at (0,0) width 88: "Dummy text."
      RenderBlock {DIV} at (0,3244) size 768x22 [color=#C0C0C0]
        RenderText {#text} at (0,0) size 88x22
          text run at (0,0) width 88: "Dummy text."
      RenderBlock {DIV} at (0,3266) size 768x22 [color=#C0C0C0]
        RenderText {#text} at (0,0) size 88x22
          text run at (0,0) width 88: "Dummy text."
      RenderBlock {DIV} at (0,3288) size 768x22 [color=#C0C0C0]
        RenderText {#text} at (0,0) size 88x22
          text run at (0,0) width 88: "Dummy text."
      RenderBlock {DIV} at (0,3310) size 768x22 [color=#C0C0C0]
        RenderText {#text} at (0,0) size 88x22
          text run at (0,0) width 88: "Dummy text."
      RenderBlock {DIV} at (0,3332) size 768x22 [color=#C0C0C0]
        RenderText {#text} at (0,0) size 88x22
          text run at (0,0) width 88: "Dummy text."
      RenderBlock {DIV} at (0,3354) size 768x22 [color=#C0C0C0]
        RenderText {#text} at (0,0) size 88x22
          text run at (0,0) width 88: "Dummy text."
      RenderBlock {DIV} at (0,3376) size 768x22 [color=#C0C0C0]
        RenderText {#text} at (0,0) size 88x22
          text run at (0,0) width 88: "Dummy text."
      RenderBlock {DIV} at (0,3398) size 768x22 [color=#C0C0C0]
        RenderText {#text} at (0,0) size 88x22
          text run at (0,0) width 88: "Dummy text."
      RenderBlock {DIV} at (0,3420) size 768x22 [color=#C0C0C0]
        RenderText {#text} at (0,0) size 88x22
          text run at (0,0) width 88: "Dummy text."
      RenderBlock {DIV} at (0,3442) size 768x22 [color=#C0C0C0]
        RenderText {#text} at (0,0) size 88x22
          text run at (0,0) width 88: "Dummy text."
      RenderBlock {DIV} at (0,3464) size 768x22 [color=#C0C0C0]
        RenderText {#text} at (0,0) size 88x22
          text run at (0,0) width 88: "Dummy text."
      RenderBlock {DIV} at (0,3486) size 768x22 [color=#C0C0C0]
        RenderText {#text} at (0,0) size 88x22
          text run at (0,0) width 88: "Dummy text."
      RenderBlock {DIV} at (0,3508) size 768x22 [color=#C0C0C0]
        RenderText {#text} at (0,0) size 88x22
          text run at (0,0) width 88: "Dummy text."
      RenderBlock {DIV} at (0,3530) size 768x22 [color=#C0C0C0]
        RenderText {#text} at (0,0) size 88x22
          text run at (0,0) width 88: "Dummy text."
