layer at (0,0) size 800x600
  RenderView at (0,0) size 800x600
layer at (0,0) size 800x72
  RenderBlock {HTML} at (0,0) size 800x72 [bgcolor=#800080]
    RenderBody {BODY} at (25,25) size 750x22 [color=#FFFFFF] [bgcolor=#000080]
      RenderBlock {P} at (0,0) size 750x22
        RenderText {#text} at (0,0) size 717x22
          text run at (0,0) width 411: "This paragraph should be in a blue block near the top of the "
          text run at (411,0) width 306: "page. Around it on all sides should be purple."
