layer at (0,0) size 800x1889
  RenderView at (0,0) size 800x600
layer at (0,0) size 800x1889
  RenderBlock {HTML} at (0,0) size 800x1889
    RenderBody {BODY} at (8,14) size 784x1861
      RenderBlock {P} at (0,0) size 784x19 [color=#C0C0C0]
        RenderText {#text} at (0,0) size 80x19
          text run at (0,0) width 80: "Dummy text."
      RenderBlock {P} at (0,33) size 784x19 [color=#C0C0C0]
        RenderText {#text} at (0,0) size 80x19
          text run at (0,0) width 80: "Dummy text."
      RenderBlock {P} at (0,66) size 784x19 [color=#C0C0C0]
        RenderText {#text} at (0,0) size 80x19
          text run at (0,0) width 80: "Dummy text."
      RenderBlock {P} at (0,99) size 784x38
        RenderText {#text} at (0,0) size 761x38
          text run at (0,0) width 393: "Scroll this document. A line of blue should remain stuck at the "
          text run at (393,0) width 368: "top of the viewport the whole time, and there should be no"
          text run at (0,19) width 25: "red "
          text run at (25,19) width 177: "below, just a block of green."
      RenderBlock {DIV} at (30,151) size 165x75 [color=#008000] [bgcolor=#008000]
        RenderText {#text} at (0,0) size 165x76
          text run at (0,0) width 165: "          X"
          text run at (0,15) width 165: "          X"
          text run at (0,30) width 165: "          X"
          text run at (0,45) width 165: "          X"
          text run at (0,60) width 165: "          X"
      RenderBlock {DIV} at (30,226) size 165x75 [color=#008000] [bgcolor=#008000]
        RenderText {#text} at (0,0) size 165x76
          text run at (0,0) width 165: "     X     "
          text run at (0,15) width 165: "     X     "
          text run at (0,30) width 165: "     X     "
          text run at (0,45) width 165: "     X     "
          text run at (0,60) width 165: "     X     "
      RenderBlock {DIV} at (30,301) size 165x75 [color=#008000] [bgcolor=#008000]
        RenderText {#text} at (0,0) size 165x76
          text run at (0,0) width 165: "XXXXXXXXXXX"
          text run at (0,15) width 165: "           "
          text run at (0,30) width 165: "           "
          text run at (0,45) width 165: "           "
          text run at (0,60) width 165: "           "
      RenderBlock {P} at (0,390) size 784x19 [color=#C0C0C0]
        RenderText {#text} at (0,0) size 80x19
          text run at (0,0) width 80: "Dummy text."
      RenderBlock {P} at (0,423) size 784x19 [color=#C0C0C0]
        RenderText {#text} at (0,0) size 80x19
          text run at (0,0) width 80: "Dummy text."
      RenderBlock {P} at (0,456) size 784x19 [color=#C0C0C0]
        RenderText {#text} at (0,0) size 80x19
          text run at (0,0) width 80: "Dummy text."
      RenderBlock {P} at (0,489) size 784x19 [color=#C0C0C0]
        RenderText {#text} at (0,0) size 80x19
          text run at (0,0) width 80: "Dummy text."
      RenderBlock {P} at (0,522) size 784x19 [color=#C0C0C0]
        RenderText {#text} at (0,0) size 80x19
          text run at (0,0) width 80: "Dummy text."
      RenderBlock {P} at (0,555) size 784x19 [color=#C0C0C0]
        RenderText {#text} at (0,0) size 80x19
          text run at (0,0) width 80: "Dummy text."
      RenderBlock {P} at (0,588) size 784x19 [color=#C0C0C0]
        RenderText {#text} at (0,0) size 80x19
          text run at (0,0) width 80: "Dummy text."
      RenderBlock {P} at (0,621) size 784x19 [color=#C0C0C0]
        RenderText {#text} at (0,0) size 80x19
          text run at (0,0) width 80: "Dummy text."
      RenderBlock {P} at (0,654) size 784x19 [color=#C0C0C0]
        RenderText {#text} at (0,0) size 80x19
          text run at (0,0) width 80: "Dummy text."
      RenderBlock {P} at (0,687) size 784x19 [color=#C0C0C0]
        RenderText {#text} at (0,0) size 80x19
          text run at (0,0) width 80: "Dummy text."
      RenderBlock {P} at (0,720) size 784x19 [color=#C0C0C0]
        RenderText {#text} at (0,0) size 80x19
          text run at (0,0) width 80: "Dummy text."
      RenderBlock {P} at (0,753) size 784x19 [color=#C0C0C0]
        RenderText {#text} at (0,0) size 80x19
          text run at (0,0) width 80: "Dummy text."
      RenderBlock {P} at (0,786) size 784x19 [color=#C0C0C0]
        RenderText {#text} at (0,0) size 80x19
          text run at (0,0) width 80: "Dummy text."
      RenderBlock {P} at (0,819) size 784x19 [color=#C0C0C0]
        RenderText {#text} at (0,0) size 80x19
          text run at (0,0) width 80: "Dummy text."
      RenderBlock {P} at (0,852) size 784x19 [color=#C0C0C0]
        RenderText {#text} at (0,0) size 80x19
          text run at (0,0) width 80: "Dummy text."
      RenderBlock {P} at (0,885) size 784x19 [color=#C0C0C0]
        RenderText {#text} at (0,0) size 80x19
          text run at (0,0) width 80: "Dummy text."
      RenderBlock {P} at (0,918) size 784x19 [color=#C0C0C0]
        RenderText {#text} at (0,0) size 80x19
          text run at (0,0) width 80: "Dummy text."
      RenderBlock {P} at (0,951) size 784x19 [color=#C0C0C0]
        RenderText {#text} at (0,0) size 80x19
          text run at (0,0) width 80: "Dummy text."
      RenderBlock {P} at (0,984) size 784x19 [color=#C0C0C0]
        RenderText {#text} at (0,0) size 80x19
          text run at (0,0) width 80: "Dummy text."
      RenderBlock {P} at (0,1017) size 784x19 [color=#C0C0C0]
        RenderText {#text} at (0,0) size 80x19
          text run at (0,0) width 80: "Dummy text."
      RenderBlock {P} at (0,1050) size 784x19 [color=#C0C0C0]
        RenderText {#text} at (0,0) size 80x19
          text run at (0,0) width 80: "Dummy text."
      RenderBlock {P} at (0,1083) size 784x19 [color=#C0C0C0]
        RenderText {#text} at (0,0) size 80x19
          text run at (0,0) width 80: "Dummy text."
      RenderBlock {P} at (0,1116) size 784x19 [color=#C0C0C0]
        RenderText {#text} at (0,0) size 80x19
          text run at (0,0) width 80: "Dummy text."
      RenderBlock {P} at (0,1149) size 784x19 [color=#C0C0C0]
        RenderText {#text} at (0,0) size 80x19
          text run at (0,0) width 80: "Dummy text."
      RenderBlock {P} at (0,1182) size 784x19 [color=#C0C0C0]
        RenderText {#text} at (0,0) size 80x19
          text run at (0,0) width 80: "Dummy text."
      RenderBlock {P} at (0,1215) size 784x19 [color=#C0C0C0]
        RenderText {#text} at (0,0) size 80x19
          text run at (0,0) width 80: "Dummy text."
      RenderBlock {P} at (0,1248) size 784x19 [color=#C0C0C0]
        RenderText {#text} at (0,0) size 80x19
          text run at (0,0) width 80: "Dummy text."
      RenderBlock {P} at (0,1281) size 784x19 [color=#C0C0C0]
        RenderText {#text} at (0,0) size 80x19
          text run at (0,0) width 80: "Dummy text."
      RenderBlock {P} at (0,1314) size 784x19 [color=#C0C0C0]
        RenderText {#text} at (0,0) size 80x19
          text run at (0,0) width 80: "Dummy text."
      RenderBlock {P} at (0,1347) size 784x19 [color=#C0C0C0]
        RenderText {#text} at (0,0) size 80x19
          text run at (0,0) width 80: "Dummy text."
      RenderBlock {P} at (0,1380) size 784x19 [color=#C0C0C0]
        RenderText {#text} at (0,0) size 80x19
          text run at (0,0) width 80: "Dummy text."
      RenderBlock {P} at (0,1413) size 784x19 [color=#C0C0C0]
        RenderText {#text} at (0,0) size 80x19
          text run at (0,0) width 80: "Dummy text."
      RenderBlock {P} at (0,1446) size 784x19 [color=#C0C0C0]
        RenderText {#text} at (0,0) size 80x19
          text run at (0,0) width 80: "Dummy text."
      RenderBlock {P} at (0,1479) size 784x19 [color=#C0C0C0]
        RenderText {#text} at (0,0) size 80x19
          text run at (0,0) width 80: "Dummy text."
      RenderBlock {P} at (0,1512) size 784x19 [color=#C0C0C0]
        RenderText {#text} at (0,0) size 80x19
          text run at (0,0) width 80: "Dummy text."
      RenderBlock {P} at (0,1545) size 784x19 [color=#C0C0C0]
        RenderText {#text} at (0,0) size 80x19
          text run at (0,0) width 80: "Dummy text."
      RenderBlock {P} at (0,1578) size 784x19 [color=#C0C0C0]
        RenderText {#text} at (0,0) size 80x19
          text run at (0,0) width 80: "Dummy text."
      RenderBlock {P} at (0,1611) size 784x19 [color=#C0C0C0]
        RenderText {#text} at (0,0) size 80x19
          text run at (0,0) width 80: "Dummy text."
      RenderBlock {P} at (0,1644) size 784x19 [color=#C0C0C0]
        RenderText {#text} at (0,0) size 80x19
          text run at (0,0) width 80: "Dummy text."
      RenderBlock {P} at (0,1677) size 784x19 [color=#C0C0C0]
        RenderText {#text} at (0,0) size 80x19
          text run at (0,0) width 80: "Dummy text."
      RenderBlock {P} at (0,1710) size 784x19 [color=#C0C0C0]
        RenderText {#text} at (0,0) size 80x19
          text run at (0,0) width 80: "Dummy text."
      RenderBlock {P} at (0,1743) size 784x19 [color=#C0C0C0]
        RenderText {#text} at (0,0) size 80x19
          text run at (0,0) width 80: "Dummy text."
      RenderBlock {P} at (0,1776) size 784x19 [color=#C0C0C0]
        RenderText {#text} at (0,0) size 80x19
          text run at (0,0) width 80: "Dummy text."
      RenderBlock {P} at (0,1809) size 784x19 [color=#C0C0C0]
        RenderText {#text} at (0,0) size 80x19
          text run at (0,0) width 80: "Dummy text."
      RenderBlock {P} at (0,1842) size 784x19 [color=#C0C0C0]
        RenderText {#text} at (0,0) size 80x19
          text run at (0,0) width 80: "Dummy text."
