layer at (0,0) size 800x600
  RenderView at (0,0) size 800x600
layer at (0,0) size 800x225
  RenderBlock {HTML} at (0,0) size 800x225
    RenderBody {BODY} at (8,18) size 784x189 [color=#000080]
      RenderBlock {P} at (0,0) size 784x189
        RenderText {#text} at (0,0) size 594x26
          text run at (0,0) width 594: "This text should be 18px serif. There should be a 9px gap between each line. "
        RenderInline {SPAN} at (0,0) size 779x188 [color=#C0C0C0]
          RenderText {#text} at (594,0) size 779x188
            text run at (594,0) width 157: "dummy text dummy"
            text run at (0,27) width 392: "text dummy text dummy text dummy text dummy "
            text run at (392,27) width 387: "text dummy text dummy text dummy text dummy"
            text run at (0,54) width 196: "text dummy text dummy "
            text run at (196,54) width 583: "text dummy text dummy text dummy text dummy text dummy text dummy"
            text run at (0,81) width 588: "text dummy text dummy text dummy text dummy text dummy text dummy "
            text run at (588,81) width 191: "text dummy text dummy"
            text run at (0,108) width 392: "text dummy text dummy text dummy text dummy "
            text run at (392,108) width 387: "text dummy text dummy text dummy text dummy"
            text run at (0,135) width 196: "text dummy text dummy "
            text run at (196,135) width 583: "text dummy text dummy text dummy text dummy text dummy text dummy"
            text run at (0,162) width 519: "text dummy text dummy text dummy text dummy text dummy text"
        RenderText {#text} at (0,0) size 0x0
