layer at (0,0) size 800x600
  RenderView at (0,0) size 800x600
layer at (0,0) size 800x172
  RenderBlock {HTML} at (0,0) size 800x172
    RenderBody {BODY} at (8,16) size 784x146
      RenderBlock {P} at (0,0) size 784x22
        RenderText {#text} at (0,0) size 306x22
          text run at (0,0) width 306: "The two boxes below should be the same size."
      RenderBlock {DIV} at (0,38) size 784x108 [color=#000080]
        RenderBlock {P} at (30,0) size 724x49
          RenderText {#text} at (0,0) size 48x49
            text run at (0,0) width 48: "x"
        RenderBlock {P} at (30,59) size 724x49
          RenderText {#text} at (0,0) size 48x49
            text run at (0,0) width 48: "x"
