layer at (0,0) size 800x600
  RenderView at (0,0) size 800x600
layer at (0,0) size 800x333
  RenderBlock {HTML} at (0,0) size 800x333
    RenderBody {BODY} at (8,10) size 784x313
      RenderBlock {P} at (10,0) size 764x19 [color=#000080]
        RenderText {#text} at (0,0) size 207x19
          text run at (0,0) width 207: "This sentence should be normal."
      RenderBlock {P} at (10,29) size 764x19 [color=#000080]
        RenderText {#text} at (0,0) size 222x19
          text run at (0,0) width 222: "This sentence should be the same."
      RenderBlock {P} at (10,58) size 764x23 [color=#000080]
        RenderText {#text} at (0,0) size 328x23
          text run at (0,0) width 328: "This sentence should be larger than normal."
      RenderBlock {P} at (10,91) size 764x17 [color=#000080]
        RenderText {#text} at (0,0) size 247x17
          text run at (0,0) width 247: "This sentence should be smaller than normal."
      RenderBlock {P} at (10,118) size 764x19 [color=#000080]
        RenderText {#text} at (0,5) size 154x13
          text run at (0,5) width 154: "This sentence should be very small. "
        RenderInline {SPAN} at (0,0) size 257x19
          RenderText {#text} at (154,0) size 257x19
            text run at (154,0) width 257: "This sentence should be back to normal."
        RenderText {#text} at (0,0) size 0x0
      RenderBlock {P} at (10,147) size 764x19 [color=#000080]
        RenderText {#text} at (0,4) size 176x14
          text run at (0,4) width 176: "This sentence should be rather small. "
        RenderInline {SPAN} at (0,0) size 257x19
          RenderText {#text} at (176,0) size 257x19
            text run at (176,0) width 257: "This sentence should be back to normal."
        RenderText {#text} at (0,0) size 0x0
      RenderBlock {P} at (10,176) size 764x19 [color=#000080]
        RenderText {#text} at (0,2) size 171x17
          text run at (0,2) width 171: "This sentence should be small. "
        RenderInline {SPAN} at (0,0) size 257x19
          RenderText {#text} at (171,0) size 257x19
            text run at (171,0) width 257: "This sentence should be back to normal."
        RenderText {#text} at (0,0) size 0x0
      RenderBlock {P} at (10,205) size 764x23 [color=#000080]
        RenderText {#text} at (0,0) size 234x23
          text run at (0,0) width 234: "This sentence should be large. "
        RenderInline {SPAN} at (0,0) size 257x19
          RenderText {#text} at (234,3) size 257x19
            text run at (234,3) width 257: "This sentence should be back to normal."
        RenderText {#text} at (0,0) size 0x0
      RenderBlock {P} at (10,238) size 764x28 [color=#000080]
        RenderText {#text} at (0,0) size 363x28
          text run at (0,0) width 363: "This sentence should be rather large. "
        RenderInline {SPAN} at (0,0) size 257x19
          RenderText {#text} at (363,7) size 257x19
            text run at (363,7) width 257: "This sentence should be back to normal."
        RenderText {#text} at (0,0) size 0x0
      RenderBlock {P} at (10,276) size 764x37 [color=#000080]
        RenderText {#text} at (0,0) size 457x36
          text run at (0,0) width 457: "This sentence should be very large. "
        RenderInline {SPAN} at (0,0) size 257x19
          RenderText {#text} at (457,13) size 257x19
            text run at (457,13) width 257: "This sentence should be back to normal."
        RenderText {#text} at (0,0) size 0x0
