layer at (0,0) size 800x600
  RenderView at (0,0) size 800x600
layer at (0,0) size 800x115
  RenderBlock {HTML} at (0,0) size 800x115
    RenderBody {BODY} at (8,14) size 784x87
      RenderBlock {P} at (0,0) size 784x20 [color=#000080]
        RenderText {#text} at (0,0) size 217x19
          text run at (0,0) width 217: "This sentence should be in italics. "
        RenderInline {SPAN} at (0,0) size 207x19
          RenderText {#text} at (217,0) size 207x19
            text run at (217,0) width 207: "This sentence should be normal."
        RenderText {#text} at (0,0) size 0x0
      RenderBlock {P} at (0,34) size 784x20 [color=#000080]
        RenderText {#text} at (0,0) size 209x19
          text run at (0,0) width 209: "This sentence should be oblique."
      RenderBlock {P} at (0,68) size 784x19 [color=#000080]
        RenderInline {I} at (0,0) size 207x19
          RenderText {#text} at (0,0) size 207x19
            text run at (0,0) width 207: "This sentence should be normal."
        RenderText {#text} at (0,0) size 0x0
