layer at (0,0) size 800x600
  RenderView at (0,0) size 800x600
layer at (0,0) size 800x80
  RenderBlock {HTML} at (0,0) size 800x80
    RenderBody {BODY} at (8,14) size 784x52
      RenderBlock {P} at (0,0) size 784x19 [color=#000080]
        RenderText {#text} at (0,0) size 253x19
          text run at (0,0) width 253: "This Paragraph should be in Small Caps."
      RenderBlock {P} at (0,33) size 784x19 [color=#000080]
        RenderText {#text} at (0,0) size 248x19
          text run at (0,0) width 248: "This Sentence should be in Small Caps. "
        RenderInline {SPAN} at (0,0) size 211x19
          RenderText {#text} at (248,0) size 211x19
            text run at (248,0) width 211: "This Sentence should be Normal."
        RenderText {#text} at (0,0) size 0x0
