layer at (0,0) size 800x600
  RenderView at (0,0) size 800x600
layer at (0,0) size 800x458
  RenderBlock {HTML} at (0,0) size 800x458
    RenderBody {BODY} at (8,16) size 784x426
      RenderBlock {P} at (0,0) size 784x21 [color=#000080]
        RenderText {#text} at (0,0) size 248x21
          text run at (0,0) width 248: "This sentence should be left-justified."
      RenderBlock {P} at (0,37) size 784x21 [color=#000080]
        RenderText {#text} at (524,0) size 260x21
          text run at (524,0) width 260: "This sentence should be right-justified."
      RenderBlock {P} at (0,74) size 784x21 [color=#000080]
        RenderText {#text} at (279,0) size 226x21
          text run at (279,0) width 226: "This sentence should be centered."
      RenderBlock {P} at (0,111) size 784x315 [color=#000080]
        RenderText {#text} at (0,0) size 563x21
          text run at (0,0) width 447: "This paragraph should be justified (the right and left margins "
          text run at (447,0) width 116: "should line up). "
        RenderInline {SPAN} at (0,0) size 784x315 [color=#C0C0C0]
          RenderText {#text} at (563,0) size 784x315
            text run at (563,0) width 219: "This is just lovely dummy text."
            text run at (0,21) width 153: "Dummy text. Dummy "
            text run at (153,21) width 555: "text. This is just lovely dummy text. This is just lovely dummy text. Dummy text. "
            text run at (708,21) width 74: "This is just"
            text run at (0,42) width 495: "lovely dummy text. This is just lovely dummy text. Dummy text. Dummy "
            text run at (495,42) width 288: "text. This is just lovely dummy text. This is"
            text run at (0,63) width 260: "just lovely dummy text. Dummy text. "
            text run at (260,63) width 523: "This is just lovely dummy text. This is just lovely dummy text. Dummy text."
            text run at (0,84) width 59: "Dummy "
            text run at (59,84) width 550: "text. This is just lovely dummy text. This is just lovely dummy text. Dummy text. "
            text run at (609,84) width 174: "This is just lovely dummy"
            text run at (0,105) width 409: "text. This is just lovely dummy text. Dummy text. Dummy "
            text run at (409,105) width 374: "text. This is just lovely dummy text. This is just lovely"
            text run at (0,126) width 182: "dummy text. Dummy text. "
            text run at (182,126) width 572: "This is just lovely dummy text. This is just lovely dummy text. Dummy text. Dummy "
            text run at (754,126) width 29: "text."
            text run at (0,147) width 524: "This is just lovely dummy text. This is just lovely dummy text. Dummy text. "
            text run at (524,147) width 260: "This is just lovely dummy text. This is"
            text run at (0,168) width 321: "just lovely dummy text. Dummy text. Dummy "
            text run at (321,168) width 462: "text. This is just lovely dummy text. This is just lovely dummy text."
            text run at (0,189) width 93: "Dummy text. "
            text run at (93,189) width 581: "This is just lovely dummy text. This is just lovely dummy text. Dummy text. Dummy "
            text run at (674,189) width 108: "text. This is just"
            text run at (0,210) width 447: "lovely dummy text. This is just lovely dummy text. Dummy text. "
            text run at (447,210) width 336: "This is just lovely dummy text. This is just lovely"
            text run at (0,231) width 241: "dummy text. Dummy text. Dummy "
            text run at (241,231) width 542: "text. This is just lovely dummy text. This is just lovely dummy text. Dummy text."
            text run at (0,252) width 576: "This is just lovely dummy text. This is just lovely dummy text. Dummy text. Dummy "
            text run at (576,252) width 207: "text. This is just lovely dummy"
            text run at (0,273) width 350: "text. This is just lovely dummy text. Dummy text. "
            text run at (350,273) width 433: "This is just lovely dummy text. This is just lovely dummy text."
            text run at (0,294) width 151: "Dummy text. Dummy "
            text run at (151,294) width 125: "text. Dummy text. "
        RenderText {#text} at (276,294) size 406x21
          text run at (276,294) width 277: "This sentence should be at the end of the "
          text run at (553,294) width 129: "block, not justified."
