layer at (0,0) size 800x600
  RenderView at (0,0) size 800x600
layer at (0,0) size 800x266
  RenderBlock {HTML} at (0,0) size 800x266
    RenderBody {BODY} at (8,16) size 784x242
      RenderBlock {P} at (0,0) size 784x42 [bgcolor=#00FFFF]
        RenderText {#text} at (392,0) size 774x42
          text run at (392,0) width 382: "The first line of this sentence should be indented halfway"
          text run at (0,21) width 71: "across the "
          text run at (71,21) width 447: "page, but the rest of it should be flush with the normal left margin "
          text run at (518,21) width 78: "of the page."
      RenderBlock {P} at (0,58) size 784x84 [bgcolor=#00FFFF]
        RenderText {#text} at (80,0) size 223x21
          text run at (80,0) width 223: "Only the first line of this sentence"
        RenderBR {BR} at (303,0) size 0x21
        RenderText {#text} at (0,21) size 132x21
          text run at (0,21) width 132: "should be indented,"
        RenderBR {BR} at (132,21) size 0x21
        RenderText {#text} at (0,42) size 156x21
          text run at (0,42) width 156: "the others should all be"
        RenderBR {BR} at (156,42) size 0x21
        RenderInline {EM} at (0,0) size 117x21
          RenderText {#text} at (0,63) size 117x21
            text run at (0,63) width 117: "aligned on the left"
        RenderText {#text} at (117,63) size 104x21
          text run at (117,63) width 104: " of the window."
      RenderBlock {DIV} at (0,158) size 196x84 [bgcolor=#00FFFF]
        RenderText {#text} at (392,0) size 404x84
          text run at (392,0) width 12: "X"
          text run at (0,21) width 179: "The X on the previous line"
          text run at (0,42) width 173: "should be centered across"
          text run at (0,63) width 83: "the window."
