layer at (0,0) size 800x600
  RenderView at (0,0) size 800x600
layer at (0,0) size 800x242
  RenderBlock {HTML} at (0,0) size 800x242
    RenderBody {BODY} at (8,16) size 784x218
      RenderBlock {P} at (0,0) size 784x22
        RenderText {#text} at (0,0) size 342x22
          text run at (0,0) width 342: "There should be no red borders on the table below"
      RenderTable {TABLE} at (0,38) size 162x180 [border: (2px none #808080)]
        RenderTableSection {TBODY} at (2,2) size 157x175
          RenderTableRow {TR} at (0,0) size 157x58
            RenderTableCell {TD} at (0,14) size 50x29 [border: (3px outset #00FF00)] [r=0 c=0 rs=1 cs=1]
              RenderText {#text} at (4,4) size 40x22
                text run at (4,4) width 40: "outset"
            RenderTableCell {TD} at (50,13) size 58x32 [border: (3px outset #00FF00) (5px outset #FF0000) (3px outset #00FF00)] [r=0 c=1 rs=1 cs=1]
              RenderText {#text} at (4,4) size 40x22
                text run at (4,4) width 40: "outset"
            RenderTableCell {TD} at (108,14) size 49x29 [border: (3px outset #00FF00)] [r=0 c=2 rs=1 cs=1]
              RenderText {#text} at (4,4) size 40x22
                text run at (4,4) width 40: "outset"
          RenderTableRow {TR} at (0,58) size 157x60
            RenderTableCell {TD} at (0,73) size 50x29 [border: (3px outset #00FF00) (5px outset #FF0000) (2px outset #00FF00)] [r=1 c=0 rs=1 cs=1]
              RenderText {#text} at (4,4) size 40x22
                text run at (4,4) width 40: "outset"
            RenderTableCell {TD} at (50,71) size 58x34 [border: (5px groove #00FF00)] [r=1 c=1 rs=1 cs=1]
              RenderText {#text} at (6,6) size 46x22
                text run at (6,6) width 46: "groove"
            RenderTableCell {TD} at (108,73) size 49x29 [border: (3px outset #00FF00) (5px outset #FF0000)] [r=1 c=2 rs=1 cs=1]
              RenderText {#text} at (6,4) size 40x22
                text run at (6,4) width 40: "outset"
          RenderTableRow {TR} at (0,118) size 157x57
            RenderTableCell {TD} at (0,132) size 50x29 [border: (3px outset #00FF00)] [r=2 c=0 rs=1 cs=1]
              RenderText {#text} at (4,4) size 40x22
                text run at (4,4) width 40: "outset"
            RenderTableCell {TD} at (50,131) size 58x31 [border: (5px outset #FF0000) (2px outset #00FF00)] [r=2 c=1 rs=1 cs=1]
              RenderText {#text} at (4,6) size 40x22
                text run at (4,6) width 40: "outset"
            RenderTableCell {TD} at (108,132) size 49x29 [border: (3px outset #00FF00)] [r=2 c=2 rs=1 cs=1]
              RenderText {#text} at (4,4) size 40x22
                text run at (4,4) width 40: "outset"
