layer at (0,0) size 800x600
  RenderView at (0,0) size 800x600
layer at (0,0) size 800x207
  RenderBlock {HTML} at (0,0) size 800x207
    RenderBody {BODY} at (8,14) size 784x185
      RenderBlock {P} at (0,0) size 784x19
        RenderText {#text} at (0,0) size 322x19
          text run at (0,0) width 322: "There should be no red borders on the table below"
      RenderTable {TABLE} at (0,33) size 124x152 [border: (2px none #808080)]
        RenderTableSection {TBODY} at (2,2) size 119x147
          RenderTableRow {TR} at (0,0) size 119x49
            RenderTableCell {TD} at (0,11) size 37x26 [border: (3px inset #00FF00)] [r=0 c=0 rs=1 cs=1]
              RenderText {#text} at (4,4) size 30x19
                text run at (4,4) width 30: "inset"
            RenderTableCell {TD} at (37,12) size 45x24 [border: (3px inset #00FF00) none (3px inset #00FF00)] [r=0 c=1 rs=1 cs=1]
              RenderText {#text} at (4,4) size 30x19
                text run at (4,4) width 30: "inset"
            RenderTableCell {TD} at (82,11) size 37x26 [border: (3px inset #00FF00)] [r=0 c=2 rs=1 cs=1]
              RenderText {#text} at (4,4) size 30x19
                text run at (4,4) width 30: "inset"
          RenderTableRow {TR} at (0,49) size 119x49
            RenderTableCell {TD} at (0,60) size 37x26 [border: (3px inset #00FF00) none (2px inset #00FF00)] [r=1 c=0 rs=1 cs=1]
              RenderText {#text} at (4,4) size 30x19
                text run at (4,4) width 30: "inset"
            RenderTableCell {TD} at (37,63) size 45x21 [r=1 c=1 rs=1 cs=1]
              RenderText {#text} at (1,1) size 43x19
                text run at (1,1) width 43: "hidden"
            RenderTableCell {TD} at (82,60) size 37x26 [border: (3px inset #00FF00) none] [r=1 c=2 rs=1 cs=1]
              RenderText {#text} at (1,4) size 30x19
                text run at (1,4) width 30: "inset"
          RenderTableRow {TR} at (0,98) size 119x49
            RenderTableCell {TD} at (0,109) size 37x26 [border: (3px inset #00FF00)] [r=2 c=0 rs=1 cs=1]
              RenderText {#text} at (4,4) size 30x19
                text run at (4,4) width 30: "inset"
            RenderTableCell {TD} at (37,111) size 45x23 [border: none (2px inset #00FF00)] [r=2 c=1 rs=1 cs=1]
              RenderText {#text} at (4,1) size 30x19
                text run at (4,1) width 30: "inset"
            RenderTableCell {TD} at (82,109) size 37x26 [border: (3px inset #00FF00)] [r=2 c=2 rs=1 cs=1]
              RenderText {#text} at (4,4) size 30x19
                text run at (4,4) width 30: "inset"
