layer at (0,0) size 800x600
  RenderView at (0,0) size 800x600
layer at (0,0) size 800x231
  RenderBlock {HTML} at (0,0) size 800x231
    RenderBody {BODY} at (8,16) size 784x207
      RenderBlock {P} at (0,0) size 784x21
        RenderText {#text} at (0,0) size 342x21
          text run at (0,0) width 342: "There should be no red borders on the table below"
      RenderTable {TABLE} at (0,37) size 170x170 [border: (2px none #808080)]
        RenderTableSection {TBODY} at (2,2) size 165x165
          RenderTableRow {TR} at (0,0) size 165x55
            RenderTableCell {TD} at (0,13) size 55x28 [border: (3px dashed #00FF00)] [r=0 c=0 rs=1 cs=1]
              RenderText {#text} at (4,4) size 48x21
                text run at (4,4) width 48: "dashed"
            RenderTableCell {TD} at (55,14) size 55x26 [border: (3px dashed #00FF00) none (3px dashed #00FF00)] [r=0 c=1 rs=1 cs=1]
              RenderText {#text} at (4,4) size 48x21
                text run at (4,4) width 48: "dashed"
            RenderTableCell {TD} at (110,13) size 55x28 [border: (3px dashed #00FF00)] [r=0 c=2 rs=1 cs=1]
              RenderText {#text} at (4,4) size 48x21
                text run at (4,4) width 48: "dashed"
          RenderTableRow {TR} at (0,55) size 165x55
            RenderTableCell {TD} at (0,68) size 55x28 [border: (3px dashed #00FF00) none (2px dashed #00FF00)] [r=1 c=0 rs=1 cs=1]
              RenderText {#text} at (4,4) size 48x21
                text run at (4,4) width 48: "dashed"
            RenderTableCell {TD} at (55,71) size 55x23 [r=1 c=1 rs=1 cs=1]
              RenderText {#text} at (1,1) size 47x21
                text run at (1,1) width 47: "hidden"
            RenderTableCell {TD} at (110,68) size 55x28 [border: (3px dashed #00FF00) none] [r=1 c=2 rs=1 cs=1]
              RenderText {#text} at (1,4) size 48x21
                text run at (1,4) width 48: "dashed"
          RenderTableRow {TR} at (0,110) size 165x55
            RenderTableCell {TD} at (0,123) size 55x28 [border: (3px dashed #00FF00)] [r=2 c=0 rs=1 cs=1]
              RenderText {#text} at (4,4) size 48x21
                text run at (4,4) width 48: "dashed"
            RenderTableCell {TD} at (55,125) size 55x25 [border: none (2px dashed #00FF00)] [r=2 c=1 rs=1 cs=1]
              RenderText {#text} at (4,1) size 48x21
                text run at (4,1) width 48: "dashed"
            RenderTableCell {TD} at (110,123) size 55x28 [border: (3px dashed #00FF00)] [r=2 c=2 rs=1 cs=1]
              RenderText {#text} at (4,4) size 48x21
                text run at (4,4) width 48: "dashed"
