layer at (0,0) size 800x600
  RenderView at (0,0) size 800x600
layer at (0,0) size 800x232
  RenderBlock {HTML} at (0,0) size 800x232
    RenderBody {BODY} at (8,16) size 784x208
      RenderBlock {P} at (0,0) size 784x22
        RenderText {#text} at (0,0) size 342x22
          text run at (0,0) width 342: "There should be no red borders on the table below"
      RenderTable {TABLE} at (0,38) size 131x170 [border: (2px none #808080)]
        RenderTableSection {TBODY} at (2,2) size 126x165
          RenderTableRow {TR} at (0,0) size 126x55
            RenderTableCell {TD} at (0,13) size 42x29 [border: (3px ridge #00FF00)] [r=0 c=0 rs=1 cs=1]
              RenderText {#text} at (4,4) size 35x22
                text run at (4,4) width 35: "ridge"
            RenderTableCell {TD} at (42,13) size 42x29 [border: (3px ridge #00FF00)] [r=0 c=1 rs=1 cs=1]
              RenderText {#text} at (4,4) size 35x22
                text run at (4,4) width 35: "ridge"
            RenderTableCell {TD} at (84,13) size 42x29 [border: (3px ridge #00FF00)] [r=0 c=2 rs=1 cs=1]
              RenderText {#text} at (4,4) size 35x22
                text run at (4,4) width 35: "ridge"
          RenderTableRow {TR} at (0,55) size 126x55
            RenderTableCell {TD} at (0,68) size 42x29 [border: (3px ridge #00FF00)] [r=1 c=0 rs=1 cs=1]
              RenderText {#text} at (4,4) size 35x22
                text run at (4,4) width 35: "ridge"
            RenderTableCell {TD} at (42,68) size 42x29 [border: (3px none #FF0000)] [r=1 c=1 rs=1 cs=1]
              RenderText {#text} at (4,4) size 33x22
                text run at (4,4) width 33: "none"
            RenderTableCell {TD} at (84,68) size 42x29 [border: (3px ridge #00FF00)] [r=1 c=2 rs=1 cs=1]
              RenderText {#text} at (4,4) size 35x22
                text run at (4,4) width 35: "ridge"
          RenderTableRow {TR} at (0,110) size 126x55
            RenderTableCell {TD} at (0,123) size 42x29 [border: (3px ridge #00FF00)] [r=2 c=0 rs=1 cs=1]
              RenderText {#text} at (4,4) size 35x22
                text run at (4,4) width 35: "ridge"
            RenderTableCell {TD} at (42,123) size 42x29 [border: (3px ridge #00FF00)] [r=2 c=1 rs=1 cs=1]
              RenderText {#text} at (4,4) size 35x22
                text run at (4,4) width 35: "ridge"
            RenderTableCell {TD} at (84,123) size 42x29 [border: (3px ridge #00FF00)] [r=2 c=2 rs=1 cs=1]
              RenderText {#text} at (4,4) size 35x22
                text run at (4,4) width 35: "ridge"
