layer at (0,0) size 800x600
  RenderView at (0,0) size 800x600
layer at (0,0) size 800x231
  RenderBlock {HTML} at (0,0) size 800x231
    RenderBody {BODY} at (8,16) size 784x207
      RenderBlock {P} at (0,0) size 784x21
        RenderText {#text} at (0,0) size 342x21
          text run at (0,0) width 342: "There should be no red borders on the table below"
      RenderTable {TABLE} at (0,37) size 132x170
        RenderTableSection {TBODY} at (0,0) size 132x170
          RenderTableRow {TR} at (0,0) size 132x55
            RenderTableCell {TD} at (0,16) size 40x23 [r=0 c=0 rs=1 cs=1]
              RenderText {#text} at (1,1) size 33x21
                text run at (1,1) width 33: "none"
            RenderTableCell {TD} at (40,13) size 52x28 [border: none] [r=0 c=1 rs=1 cs=1]
              RenderText {#text} at (1,1) size 33x21
                text run at (1,1) width 33: "none"
            RenderTableCell {TD} at (92,16) size 40x23 [r=0 c=2 rs=1 cs=1]
              RenderText {#text} at (1,1) size 33x21
                text run at (1,1) width 33: "none"
          RenderTableRow {TR} at (0,55) size 132x60
            RenderTableCell {TD} at (0,73) size 40x23 [border: none] [r=1 c=0 rs=1 cs=1]
              RenderText {#text} at (1,1) size 33x21
                text run at (1,1) width 33: "none"
            RenderTableCell {TD} at (40,68) size 52x33 [border: (5px outset #00FF00)] [r=1 c=1 rs=1 cs=1]
              RenderText {#text} at (6,6) size 40x21
                text run at (6,6) width 40: "outset"
            RenderTableCell {TD} at (92,73) size 40x23 [border: none] [r=1 c=2 rs=1 cs=1]
              RenderText {#text} at (6,1) size 33x21
                text run at (6,1) width 33: "none"
          RenderTableRow {TR} at (0,115) size 132x55
            RenderTableCell {TD} at (0,131) size 40x23 [r=2 c=0 rs=1 cs=1]
              RenderText {#text} at (1,1) size 33x21
                text run at (1,1) width 33: "none"
            RenderTableCell {TD} at (40,128) size 52x28 [border: (5px none #FF0000)] [r=2 c=1 rs=1 cs=1]
              RenderText {#text} at (1,6) size 33x21
                text run at (1,6) width 33: "none"
            RenderTableCell {TD} at (92,131) size 40x23 [r=2 c=2 rs=1 cs=1]
              RenderText {#text} at (1,1) size 33x21
                text run at (1,1) width 33: "none"
