layer at (0,0) size 800x600
  RenderView at (0,0) size 800x600
layer at (0,0) size 800x242
  RenderBlock {HTML} at (0,0) size 800x242
    RenderBody {BODY} at (8,16) size 784x218
      RenderBlock {P} at (0,0) size 784x22
        RenderText {#text} at (0,0) size 342x22
          text run at (0,0) width 342: "There should be no red borders on the table below"
      RenderTable {TABLE} at (0,38) size 175x180 [border: (2px none #808080)]
        RenderTableSection {TBODY} at (2,2) size 170x175
          RenderTableRow {TR} at (0,0) size 170x58
            RenderTableCell {TD} at (0,14) size 58x29 [border: (3px dashed #00FF00)] [r=0 c=0 rs=1 cs=1]
              RenderText {#text} at (4,4) size 48x22
                text run at (4,4) width 48: "dashed"
            RenderTableCell {TD} at (58,13) size 55x32 [border: (3px dashed #00FF00) (5px dashed #FF0000) (3px dashed #00FF00)] [r=0 c=1 rs=1 cs=1]
              RenderText {#text} at (4,4) size 48x22
                text run at (4,4) width 48: "dashed"
            RenderTableCell {TD} at (113,14) size 57x29 [border: (3px dashed #00FF00)] [r=0 c=2 rs=1 cs=1]
              RenderText {#text} at (4,4) size 48x22
                text run at (4,4) width 48: "dashed"
          RenderTableRow {TR} at (0,58) size 170x60
            RenderTableCell {TD} at (0,73) size 58x29 [border: (3px dashed #00FF00) (5px dashed #FF0000) (2px dashed #00FF00)] [r=1 c=0 rs=1 cs=1]
              RenderText {#text} at (4,4) size 48x22
                text run at (4,4) width 48: "dashed"
            RenderTableCell {TD} at (58,71) size 55x34 [border: (5px dotted #00FF00)] [r=1 c=1 rs=1 cs=1]
              RenderText {#text} at (6,6) size 43x22
                text run at (6,6) width 43: "dotted"
            RenderTableCell {TD} at (113,73) size 57x29 [border: (3px dashed #00FF00) (5px dashed #FF0000)] [r=1 c=2 rs=1 cs=1]
              RenderText {#text} at (6,4) size 48x22
                text run at (6,4) width 48: "dashed"
          RenderTableRow {TR} at (0,118) size 170x57
            RenderTableCell {TD} at (0,132) size 58x29 [border: (3px dashed #00FF00)] [r=2 c=0 rs=1 cs=1]
              RenderText {#text} at (4,4) size 48x22
                text run at (4,4) width 48: "dashed"
            RenderTableCell {TD} at (58,131) size 55x31 [border: (5px dashed #FF0000) (2px dashed #00FF00)] [r=2 c=1 rs=1 cs=1]
              RenderText {#text} at (4,6) size 48x22
                text run at (4,6) width 48: "dashed"
            RenderTableCell {TD} at (113,132) size 57x29 [border: (3px dashed #00FF00)] [r=2 c=2 rs=1 cs=1]
              RenderText {#text} at (4,4) size 48x22
                text run at (4,4) width 48: "dashed"
