layer at (0,0) size 800x600
  RenderView at (0,0) size 800x600
layer at (0,0) size 800x212
  RenderBlock {HTML} at (0,0) size 800x212
    RenderBody {BODY} at (8,16) size 784x188
      RenderBlock {P} at (0,0) size 784x22
        RenderText {#text} at (0,0) size 342x22
          text run at (0,0) width 342: "There should be no red borders on the table below"
      RenderTable {TABLE} at (0,38) size 119x150
        RenderTableSection {TBODY} at (0,0) size 119x150
          RenderTableRow {TR} at (0,0) size 119x50
            RenderTableCell {TD} at (0,13) size 35x24 [r=0 c=0 rs=1 cs=1]
              RenderText {#text} at (1,1) size 33x22
                text run at (1,1) width 33: "none"
            RenderTableCell {TD} at (35,13) size 49x24 [r=0 c=1 rs=1 cs=1]
              RenderText {#text} at (1,1) size 33x22
                text run at (1,1) width 33: "none"
            RenderTableCell {TD} at (84,13) size 35x24 [r=0 c=2 rs=1 cs=1]
              RenderText {#text} at (1,1) size 33x22
                text run at (1,1) width 33: "none"
          RenderTableRow {TR} at (0,50) size 119x50
            RenderTableCell {TD} at (0,63) size 35x24 [r=1 c=0 rs=1 cs=1]
              RenderText {#text} at (1,1) size 33x22
                text run at (1,1) width 33: "none"
            RenderTableCell {TD} at (35,63) size 49x24 [r=1 c=1 rs=1 cs=1]
              RenderText {#text} at (1,1) size 47x22
                text run at (1,1) width 47: "hidden"
            RenderTableCell {TD} at (84,63) size 35x24 [r=1 c=2 rs=1 cs=1]
              RenderText {#text} at (1,1) size 33x22
                text run at (1,1) width 33: "none"
          RenderTableRow {TR} at (0,100) size 119x50
            RenderTableCell {TD} at (0,113) size 35x24 [r=2 c=0 rs=1 cs=1]
              RenderText {#text} at (1,1) size 33x22
                text run at (1,1) width 33: "none"
            RenderTableCell {TD} at (35,113) size 49x24 [r=2 c=1 rs=1 cs=1]
              RenderText {#text} at (1,1) size 33x22
                text run at (1,1) width 33: "none"
            RenderTableCell {TD} at (84,113) size 35x24 [r=2 c=2 rs=1 cs=1]
              RenderText {#text} at (1,1) size 33x22
                text run at (1,1) width 33: "none"
