layer at (0,0) size 800x600
  RenderView at (0,0) size 800x600
layer at (0,0) size 800x242
  RenderBlock {HTML} at (0,0) size 800x242
    RenderBody {BODY} at (8,16) size 784x218
      RenderBlock {P} at (0,0) size 784x22
        RenderText {#text} at (0,0) size 342x22
          text run at (0,0) width 342: "There should be no red borders on the table below"
      RenderTable {TABLE} at (0,38) size 176x180 [border: (2px none #808080)]
        RenderTableSection {TBODY} at (2,2) size 171x175
          RenderTableRow {TR} at (0,0) size 171x58
            RenderTableCell {TD} at (0,14) size 56x29 [border: (3px groove #00FF00)] [r=0 c=0 rs=1 cs=1]
              RenderText {#text} at (4,4) size 46x22
                text run at (4,4) width 46: "groove"
            RenderTableCell {TD} at (56,13) size 60x32 [border: (3px groove #00FF00) (5px groove #FF0000) (3px groove #00FF00)] [r=0 c=1 rs=1 cs=1]
              RenderText {#text} at (4,4) size 46x22
                text run at (4,4) width 46: "groove"
            RenderTableCell {TD} at (116,14) size 55x29 [border: (3px groove #00FF00)] [r=0 c=2 rs=1 cs=1]
              RenderText {#text} at (4,4) size 46x22
                text run at (4,4) width 46: "groove"
          RenderTableRow {TR} at (0,58) size 171x60
            RenderTableCell {TD} at (0,73) size 56x29 [border: (3px groove #00FF00) (5px groove #FF0000) (2px groove #00FF00)] [r=1 c=0 rs=1 cs=1]
              RenderText {#text} at (4,4) size 46x22
                text run at (4,4) width 46: "groove"
            RenderTableCell {TD} at (56,71) size 60x34 [border: (5px dashed #00FF00)] [r=1 c=1 rs=1 cs=1]
              RenderText {#text} at (6,6) size 48x22
                text run at (6,6) width 48: "dashed"
            RenderTableCell {TD} at (116,73) size 55x29 [border: (3px groove #00FF00) (5px groove #FF0000)] [r=1 c=2 rs=1 cs=1]
              RenderText {#text} at (6,4) size 46x22
                text run at (6,4) width 46: "groove"
          RenderTableRow {TR} at (0,118) size 171x57
            RenderTableCell {TD} at (0,132) size 56x29 [border: (3px groove #00FF00)] [r=2 c=0 rs=1 cs=1]
              RenderText {#text} at (4,4) size 46x22
                text run at (4,4) width 46: "groove"
            RenderTableCell {TD} at (56,131) size 60x31 [border: (5px groove #FF0000) (2px groove #00FF00)] [r=2 c=1 rs=1 cs=1]
              RenderText {#text} at (4,6) size 46x22
                text run at (4,6) width 46: "groove"
            RenderTableCell {TD} at (116,132) size 55x29 [border: (3px groove #00FF00)] [r=2 c=2 rs=1 cs=1]
              RenderText {#text} at (4,4) size 46x22
                text run at (4,4) width 46: "groove"
