layer at (0,0) size 800x600
  RenderView at (0,0) size 800x600
layer at (0,0) size 800x242
  RenderBlock {HTML} at (0,0) size 800x242
    RenderBody {BODY} at (8,16) size 784x218
      RenderBlock {P} at (0,0) size 784x22
        RenderText {#text} at (0,0) size 342x22
          text run at (0,0) width 342: "There should be no red borders on the table below"
      RenderTable {TABLE} at (0,38) size 129x180 [border: (2px none #808080)]
        RenderTableSection {TBODY} at (2,2) size 124x175
          RenderTableRow {TR} at (0,0) size 124x58
            RenderTableCell {TD} at (0,14) size 41x29 [border: (3px inset #00FF00)] [r=0 c=0 rs=1 cs=1]
              RenderText {#text} at (4,4) size 31x22
                text run at (4,4) width 31: "inset"
            RenderTableCell {TD} at (41,13) size 43x32 [border: (3px inset #00FF00) (5px inset #FF0000) (3px inset #00FF00)] [r=0 c=1 rs=1 cs=1]
              RenderText {#text} at (4,4) size 31x22
                text run at (4,4) width 31: "inset"
            RenderTableCell {TD} at (84,14) size 40x29 [border: (3px inset #00FF00)] [r=0 c=2 rs=1 cs=1]
              RenderText {#text} at (4,4) size 31x22
                text run at (4,4) width 31: "inset"
          RenderTableRow {TR} at (0,58) size 124x60
            RenderTableCell {TD} at (0,73) size 41x29 [border: (3px inset #00FF00) (5px inset #FF0000) (2px inset #00FF00)] [r=1 c=0 rs=1 cs=1]
              RenderText {#text} at (4,4) size 31x22
                text run at (4,4) width 31: "inset"
            RenderTableCell {TD} at (41,71) size 43x34 [border: (5px solid #00FF00)] [r=1 c=1 rs=1 cs=1]
              RenderText {#text} at (6,6) size 31x22
                text run at (6,6) width 31: "solid"
            RenderTableCell {TD} at (84,73) size 40x29 [border: (3px inset #00FF00) (5px inset #FF0000)] [r=1 c=2 rs=1 cs=1]
              RenderText {#text} at (6,4) size 31x22
                text run at (6,4) width 31: "inset"
          RenderTableRow {TR} at (0,118) size 124x57
            RenderTableCell {TD} at (0,132) size 41x29 [border: (3px inset #00FF00)] [r=2 c=0 rs=1 cs=1]
              RenderText {#text} at (4,4) size 31x22
                text run at (4,4) width 31: "inset"
            RenderTableCell {TD} at (41,131) size 43x31 [border: (5px inset #FF0000) (2px inset #00FF00)] [r=2 c=1 rs=1 cs=1]
              RenderText {#text} at (4,6) size 31x22
                text run at (4,6) width 31: "inset"
            RenderTableCell {TD} at (84,132) size 40x29 [border: (3px inset #00FF00)] [r=2 c=2 rs=1 cs=1]
              RenderText {#text} at (4,4) size 31x22
                text run at (4,4) width 31: "inset"
