layer at (0,0) size 800x600
  RenderView at (0,0) size 800x600
layer at (0,0) size 800x242
  RenderBlock {HTML} at (0,0) size 800x242
    RenderBody {BODY} at (8,16) size 784x218
      RenderBlock {P} at (0,0) size 784x22
        RenderText {#text} at (0,0) size 342x22
          text run at (0,0) width 342: "There should be no red borders on the table below"
      RenderTable {TABLE} at (0,38) size 144x180 [border: (2px none #808080)]
        RenderTableSection {TBODY} at (2,2) size 139x175
          RenderTableRow {TR} at (0,0) size 139x58
            RenderTableCell {TD} at (0,14) size 41x29 [border: (3px solid #00FF00)] [r=0 c=0 rs=1 cs=1]
              RenderText {#text} at (4,4) size 31x22
                text run at (4,4) width 31: "solid"
            RenderTableCell {TD} at (41,13) size 58x32 [border: (3px solid #00FF00) (5px solid #FF0000) (3px solid #00FF00)] [r=0 c=1 rs=1 cs=1]
              RenderText {#text} at (4,4) size 31x22
                text run at (4,4) width 31: "solid"
            RenderTableCell {TD} at (99,14) size 40x29 [border: (3px solid #00FF00)] [r=0 c=2 rs=1 cs=1]
              RenderText {#text} at (4,4) size 31x22
                text run at (4,4) width 31: "solid"
          RenderTableRow {TR} at (0,58) size 139x60
            RenderTableCell {TD} at (0,73) size 41x29 [border: (3px solid #00FF00) (5px solid #FF0000) (2px solid #00FF00)] [r=1 c=0 rs=1 cs=1]
              RenderText {#text} at (4,4) size 31x22
                text run at (4,4) width 31: "solid"
            RenderTableCell {TD} at (41,71) size 58x34 [border: (5px double #00FF00)] [r=1 c=1 rs=1 cs=1]
              RenderText {#text} at (6,6) size 46x22
                text run at (6,6) width 46: "double"
            RenderTableCell {TD} at (99,73) size 40x29 [border: (3px solid #00FF00) (5px solid #FF0000)] [r=1 c=2 rs=1 cs=1]
              RenderText {#text} at (6,4) size 31x22
                text run at (6,4) width 31: "solid"
          RenderTableRow {TR} at (0,118) size 139x57
            RenderTableCell {TD} at (0,132) size 41x29 [border: (3px solid #00FF00)] [r=2 c=0 rs=1 cs=1]
              RenderText {#text} at (4,4) size 31x22
                text run at (4,4) width 31: "solid"
            RenderTableCell {TD} at (41,131) size 58x31 [border: (5px solid #FF0000) (2px solid #00FF00)] [r=2 c=1 rs=1 cs=1]
              RenderText {#text} at (4,6) size 31x22
                text run at (4,6) width 31: "solid"
            RenderTableCell {TD} at (99,132) size 40x29 [border: (3px solid #00FF00)] [r=2 c=2 rs=1 cs=1]
              RenderText {#text} at (4,4) size 31x22
                text run at (4,4) width 31: "solid"
