layer at (0,0) size 800x600
  RenderCanvas at (0,0) size 800x600
layer at (0,0) size 800x322
  RenderBlock {HTML} at (0,0) size 800x322
    RenderBody {BODY} at (8,8) size 784x306 [bgcolor=#CCCCCC]
      RenderBlock {P} at (0,0) size 784x17 [bgcolor=#000000]
        RenderText {TEXT} at (0,0) size 385x17
          text run at (0,0) width 385: "The style declarations which apply to the text below are:"
      RenderBlock {PRE} at (0,31) size 784x48 [bgcolor=#000000]
        RenderText {TEXT} at (0,0) size 424x48
          text run at (0,0) width 224: ".one {border-right-width: 25"
          text run at (224,0) width 200: "px; border-style: solid;}"
          text run at (0,16) width 424: ".two {border-right-width: thin; border-style: solid;}"
          text run at (0,32) width 240: ".three {border-right-width: 25"
          text run at (240,32) width 32: "px;}"
      RenderBlock {HR} at (1,93) size 782x2 [bgcolor=#000000]
      RenderBlock {P} at (0,109) size 784x74 [bgcolor=#000000]
        RenderText {TEXT} at (3,3) size 188x17
          text run at (3,3) width 188: "This element has a class of "
        RenderInline {TT} at (0,0) size 24x16
          RenderText {TEXT} at (191,4) size 24x16
            text run at (191,4) width 24: "one"
        RenderText {TEXT} at (215,3) size 174x17
          text run at (215,3) width 9: ". "
          text run at (224,3) width 165: "However, it contains an "
        RenderInline {SPAN} at (0,0) size 185x23
          RenderText {TEXT} at (392,3) size 157x17
            text run at (392,3) width 157: "inline element of class "
          RenderInline {TT} at (0,0) size 24x16
            RenderText {TEXT} at (549,4) size 24x16
              text run at (549,4) width 24: "two"
        RenderText {TEXT} at (574,3) size 742x34
          text run at (574,3) width 171: ", which should result in a"
          text run at (3,20) width 279: "thin solid border on the right side of the "
        RenderInline {STRONG} at (0,0) size 27x17
          RenderText {TEXT} at (282,20) size 27x17
            text run at (282,20) width 27: "last"
        RenderText {TEXT} at (309,20) size 725x34
          text run at (309,20) width 419: " box of the inline element (and the UA's default border on the"
          text run at (3,37) width 130: "other three sides). "
          text run at (133,37) width 112: "There is also an "
        RenderInline {SPAN} at (0,0) size 197x17
          RenderText {TEXT} at (245,37) size 157x17
            text run at (245,37) width 157: "inline element of class "
          RenderInline {TT} at (0,0) size 40x16
            RenderText {TEXT} at (402,38) size 40x16
              text run at (402,38) width 40: "three"
        RenderText {TEXT} at (442,37) size 744x34
          text run at (442,37) width 305: ", which should have no right border width or"
          text run at (3,54) width 322: "visible border because no border style was set."
      RenderTable {TABLE} at (0,197) size 784x109 [bgcolor=#000000]
        RenderTableSection {TBODY} at (1,1) size 0x107
          RenderTableRow {TR} at (0,0) size 0x0
            RenderTableCell {TD} at (0,0) size 782x25 [bgcolor=#C0C0C0] [r=0 c=0 rs=1 cs=2]
              RenderInline {STRONG} at (0,0) size 164x17 [bgcolor=#000000]
                RenderText {TEXT} at (4,4) size 164x17
                  text run at (4,4) width 164: "TABLE Testing Section"
          RenderTableRow {TR} at (0,0) size 0x0
            RenderTableCell {TD} at (0,53) size 12x25 [bgcolor=#C0C0C0] [r=1 c=0 rs=1 cs=1]
              RenderText {TEXT} at (4,4) size 4x17
                text run at (4,4) width 4: "\x{A0}"
            RenderTableCell {TD} at (12,25) size 770x82 [r=1 c=1 rs=1 cs=1]
              RenderBlock {P} at (4,4) size 762x74
                RenderText {TEXT} at (3,3) size 188x17
                  text run at (3,3) width 188: "This element has a class of "
                RenderInline {TT} at (0,0) size 24x16
                  RenderText {TEXT} at (191,4) size 24x16
                    text run at (191,4) width 24: "one"
                RenderText {TEXT} at (215,3) size 174x17
                  text run at (215,3) width 9: ". "
                  text run at (224,3) width 165: "However, it contains an "
                RenderInline {SPAN} at (0,0) size 185x23
                  RenderText {TEXT} at (392,3) size 157x17
                    text run at (392,3) width 157: "inline element of class "
                  RenderInline {TT} at (0,0) size 24x16
                    RenderText {TEXT} at (549,4) size 24x16
                      text run at (549,4) width 24: "two"
                RenderText {TEXT} at (574,3) size 730x34
                  text run at (574,3) width 159: ", which should result in"
                  text run at (3,20) width 291: "a thin solid border on the right side of the "
                RenderInline {STRONG} at (0,0) size 27x17
                  RenderText {TEXT} at (294,20) size 27x17
                    text run at (294,20) width 27: "last"
                RenderText {TEXT} at (321,20) size 711x34
                  text run at (321,20) width 393: " box of the inline element (and the UA's default border on"
                  text run at (3,37) width 156: "the other three sides). "
                  text run at (159,37) width 112: "There is also an "
                RenderInline {SPAN} at (0,0) size 197x17
                  RenderText {TEXT} at (271,37) size 157x17
                    text run at (271,37) width 157: "inline element of class "
                  RenderInline {TT} at (0,0) size 40x16
                    RenderText {TEXT} at (428,38) size 40x16
                      text run at (428,38) width 40: "three"
                RenderText {TEXT} at (468,37) size 709x34
                  text run at (468,37) width 244: ", which should have no right border"
                  text run at (3,54) width 383: "width or visible border because no border style was set."
