layer at (0,0) size 800x600
  RenderCanvas at (0,0) size 800x600
layer at (0,0) size 800x276
  RenderBlock {HTML} at (0,0) size 800x276
    RenderBody {BODY} at (8,8) size 784x260 [bgcolor=#CCCCCC]
      RenderBlock {P} at (0,0) size 784x17 [bgcolor=#000000]
        RenderText {TEXT} at (0,0) size 385x17
          text run at (0,0) width 385: "The style declarations which apply to the text below are:"
      RenderBlock {PRE} at (0,31) size 784x48 [bgcolor=#000000]
        RenderText {TEXT} at (0,0) size 256x32
          text run at (0,0) width 128: ".one {border: 10"
          text run at (128,0) width 128: "px teal outset;}"
          text run at (0,16) width 128: ".two {border: 10"
          text run at (128,16) width 128: "px olive inset;}"
      RenderBlock {HR} at (1,93) size 782x2 [bgcolor=#000000]
      RenderBlock {P} at (0,109) size 784x51 [bgcolor=#C0C0C0]
        RenderText {TEXT} at (0,0) size 740x17
          text run at (0,0) width 740: "This is an unstyled element, save for the background color, and containing inline elements with a classes of "
        RenderInline {SPAN} at (0,0) size 784x54 [bgcolor=#000000]
          RenderText {TEXT} at (750,0) size 784x34
            text run at (750,0) width 34: "class"
            text run at (0,17) width 26: "one"
        RenderText {TEXT} at (36,17) size 400x17
          text run at (36,17) width 201: ", which should result in a 10-"
          text run at (237,17) width 199: "pixel outset teal border; and "
        RenderInline {SPAN} at (0,0) size 83x37 [bgcolor=#000000]
          RenderText {TEXT} at (446,17) size 63x17
            text run at (446,17) width 63: "class two"
        RenderText {TEXT} at (519,17) size 754x34
          text run at (519,17) width 201: ", which should result in a 10-"
          text run at (720,17) width 34: "pixel"
          text run at (0,34) width 128: "inset olive border. "
          text run at (128,34) width 471: "The line-height of the parent element should not change on any line."
      RenderTable {TABLE} at (0,174) size 784x86 [bgcolor=#000000]
        RenderTableSection {TBODY} at (1,1) size 0x84
          RenderTableRow {TR} at (0,0) size 0x0
            RenderTableCell {TD} at (0,0) size 782x25 [bgcolor=#C0C0C0] [r=0 c=0 rs=1 cs=2]
              RenderInline {STRONG} at (0,0) size 164x17 [bgcolor=#000000]
                RenderText {TEXT} at (4,4) size 164x17
                  text run at (4,4) width 164: "TABLE Testing Section"
          RenderTableRow {TR} at (0,0) size 0x0
            RenderTableCell {TD} at (0,42) size 12x25 [bgcolor=#C0C0C0] [r=1 c=0 rs=1 cs=1]
              RenderText {TEXT} at (4,4) size 4x17
                text run at (4,4) width 4: "\x{A0}"
            RenderTableCell {TD} at (12,25) size 770x59 [r=1 c=1 rs=1 cs=1]
              RenderBlock {P} at (4,4) size 762x51 [bgcolor=#C0C0C0]
                RenderText {TEXT} at (0,0) size 736x17
                  text run at (0,0) width 736: "This is an unstyled element, save for the background color, and containing inline elements with a classes of"
                RenderInline {SPAN} at (0,0) size 84x37 [bgcolor=#000000]
                  RenderText {TEXT} at (10,17) size 64x17
                    text run at (10,17) width 64: "class one"
                RenderText {TEXT} at (84,17) size 400x17
                  text run at (84,17) width 201: ", which should result in a 10-"
                  text run at (285,17) width 199: "pixel outset teal border; and "
                RenderInline {SPAN} at (0,0) size 83x37 [bgcolor=#000000]
                  RenderText {TEXT} at (494,17) size 63x17
                    text run at (494,17) width 63: "class two"
                RenderText {TEXT} at (567,17) size 738x34
                  text run at (567,17) width 171: ", which should result in a"
                  text run at (0,34) width 192: "10-pixel inset olive border. "
                  text run at (192,34) width 471: "The line-height of the parent element should not change on any line."
