layer at (0,0) size 800x600
  RenderCanvas at (0,0) size 800x600
layer at (0,0) size 800x366
  RenderBlock {HTML} at (0,0) size 800x366
    RenderBody {BODY} at (8,8) size 784x350 [bgcolor=#CCCCCC]
      RenderBlock {P} at (0,0) size 784x17 [bgcolor=#000000]
        RenderText {TEXT} at (0,0) size 385x17
          text run at (0,0) width 385: "The style declarations which apply to the text below are:"
      RenderBlock {PRE} at (0,31) size 784x48 [bgcolor=#000000]
        RenderText {TEXT} at (0,0) size 408x48
          text run at (0,0) width 208: ".one {border-top-width: 25"
          text run at (208,0) width 200: "px; border-style: solid;}"
          text run at (0,16) width 408: ".two {border-top-width: thin; border-style: solid;}"
          text run at (0,32) width 224: ".three {border-top-width: 25"
          text run at (224,32) width 32: "px;}"
      RenderBlock {HR} at (1,93) size 782x2 [bgcolor=#000000]
      RenderBlock {P} at (0,109) size 784x96 [bgcolor=#000000]
        RenderText {TEXT} at (3,25) size 188x17
          text run at (3,25) width 188: "This element has a class of "
        RenderInline {TT} at (0,0) size 24x16
          RenderText {TEXT} at (191,26) size 24x16
            text run at (191,26) width 24: "one"
        RenderText {TEXT} at (215,25) size 174x17
          text run at (215,25) width 9: ". "
          text run at (224,25) width 165: "However, it contains an "
        RenderInline {SPAN} at (0,0) size 187x21
          RenderText {TEXT} at (392,25) size 157x17
            text run at (392,25) width 157: "inline element of class "
          RenderInline {TT} at (0,0) size 24x16
            RenderText {TEXT} at (549,26) size 24x16
              text run at (549,26) width 24: "two"
        RenderText {TEXT} at (576,25) size 775x51
          text run at (576,25) width 202: ", which should result in a thin"
          text run at (3,42) width 743: "solid border on the top side of each box in the inline element (and the UA's default border on the other three"
          text run at (3,59) width 49: "sides). "
          text run at (52,59) width 112: "There is also an "
        RenderInline {SPAN} at (0,0) size 197x17
          RenderText {TEXT} at (164,59) size 157x17
            text run at (164,59) width 157: "inline element of class "
          RenderInline {TT} at (0,0) size 40x16
            RenderText {TEXT} at (321,60) size 40x16
              text run at (321,60) width 40: "three"
        RenderText {TEXT} at (361,59) size 751x34
          text run at (361,59) width 393: ", which should have no top border width or visible border"
          text run at (3,76) width 224: "because no border style was set."
      RenderTable {TABLE} at (0,219) size 784x131 [bgcolor=#000000]
        RenderTableSection {TBODY} at (1,1) size 0x129
          RenderTableRow {TR} at (0,0) size 0x0
            RenderTableCell {TD} at (0,0) size 782x25 [bgcolor=#C0C0C0] [r=0 c=0 rs=1 cs=2]
              RenderInline {STRONG} at (0,0) size 164x17 [bgcolor=#000000]
                RenderText {TEXT} at (4,4) size 164x17
                  text run at (4,4) width 164: "TABLE Testing Section"
          RenderTableRow {TR} at (0,0) size 0x0
            RenderTableCell {TD} at (0,64) size 12x25 [bgcolor=#C0C0C0] [r=1 c=0 rs=1 cs=1]
              RenderText {TEXT} at (4,4) size 4x17
                text run at (4,4) width 4: "\x{A0}"
            RenderTableCell {TD} at (12,25) size 770x104 [r=1 c=1 rs=1 cs=1]
              RenderBlock {P} at (4,4) size 762x96
                RenderText {TEXT} at (3,25) size 188x17
                  text run at (3,25) width 188: "This element has a class of "
                RenderInline {TT} at (0,0) size 24x16
                  RenderText {TEXT} at (191,26) size 24x16
                    text run at (191,26) width 24: "one"
                RenderText {TEXT} at (215,25) size 174x17
                  text run at (215,25) width 9: ". "
                  text run at (224,25) width 165: "However, it contains an "
                RenderInline {SPAN} at (0,0) size 187x21
                  RenderText {TEXT} at (392,25) size 157x17
                    text run at (392,25) width 157: "inline element of class "
                  RenderInline {TT} at (0,0) size 24x16
                    RenderText {TEXT} at (549,26) size 24x16
                      text run at (549,26) width 24: "two"
                RenderText {TEXT} at (576,25) size 744x51
                  text run at (576,25) width 171: ", which should result in a"
                  text run at (3,42) width 734: "thin solid border on the top side of each box in the inline element (and the UA's default border on the other"
                  text run at (3,59) width 89: "three sides). "
                  text run at (92,59) width 112: "There is also an "
                RenderInline {SPAN} at (0,0) size 197x17
                  RenderText {TEXT} at (204,59) size 157x17
                    text run at (204,59) width 157: "inline element of class "
                  RenderInline {TT} at (0,0) size 40x16
                    RenderText {TEXT} at (361,60) size 40x16
                      text run at (361,60) width 40: "three"
                RenderText {TEXT} at (401,59) size 741x34
                  text run at (401,59) width 343: ", which should have no top border width or visible"
                  text run at (3,76) width 274: "border because no border style was set."
