layer at (0,0) size 800x812
  RenderCanvas at (0,0) size 800x600
layer at (0,0) size 800x812
  RenderBlock {HTML} at (0,0) size 800x812
    RenderBody {BODY} at (8,8) size 784x796 [bgcolor=#CCCCCC]
      RenderBlock {P} at (0,0) size 784x17 [bgcolor=#000000]
        RenderText {TEXT} at (0,0) size 385x17
          text run at (0,0) width 385: "The style declarations which apply to the text below are:"
      RenderBlock {PRE} at (0,31) size 784x96 [bgcolor=#000000]
        RenderText {TEXT} at (0,0) size 456x96
          text run at (0,0) width 448: ".zero {background-color: silver; border-right-width: 0;}"
          text run at (0,16) width 224: ".one {border-right-width: 25"
          text run at (224,16) width 200: "px; border-style: solid;}"
          text run at (0,32) width 432: ".two {border-right-width: thick; border-style: solid;}"
          text run at (0,48) width 456: ".three {border-right-width: medium; border-style: solid;}"
          text run at (0,64) width 432: ".four {border-right-width: thin; border-style: solid;}"
          text run at (0,80) width 240: ".five {border-right-width: 100"
          text run at (240,80) width 32: "px;}"
      RenderBlock {HR} at (1,141) size 782x2 [bgcolor=#000000]
      RenderBlock {P} at (0,157) size 784x17 [bgcolor=#000000]
        RenderText {TEXT} at (0,0) size 161x17
          text run at (0,0) width 161: "(These will only work if "
        RenderInline {CODE} at (0,0) size 96x16
          RenderText {TEXT} at (161,1) size 96x16
            text run at (161,1) width 96: "border-style"
        RenderText {TEXT} at (257,0) size 100x17
          text run at (257,0) width 100: " is supported.)"
      RenderBlock {P} at (0,188) size 784x17 [bgcolor=#C0C0C0]
        RenderText {TEXT} at (0,0) size 224x17
          text run at (0,0) width 224: "This element has a class of zero."
      RenderBlock {P} at (0,219) size 784x40 [bgcolor=#000000]
        RenderText {TEXT} at (3,3) size 750x34
          text run at (3,3) width 750: "This element should have a right border width of 25 pixels, which will be more obvious if the element is more"
          text run at (3,20) width 130: "than one line long."
      RenderBlock {P} at (0,273) size 784x40 [bgcolor=#000000]
        RenderText {TEXT} at (3,3) size 768x34
          text run at (3,3) width 768: "This element should have a thick right border width, which will be more obvious if the element is more than one"
          text run at (3,20) width 65: "line long."
      RenderBlock {P} at (0,327) size 784x40 [bgcolor=#000000]
        RenderText {TEXT} at (3,3) size 760x34
          text run at (3,3) width 760: "This element should have a medium right border width, which will be more obvious if the element is more than"
          text run at (3,20) width 95: "one line long."
      RenderBlock {P} at (0,381) size 784x40 [bgcolor=#000000]
        RenderText {TEXT} at (3,3) size 761x34
          text run at (3,3) width 761: "This element should have a thin right border width, which will be more obvious if the element is more than one"
          text run at (3,20) width 65: "line long."
      RenderBlock {P} at (0,435) size 784x17 [bgcolor=#000000]
        RenderText {TEXT} at (0,0) size 571x17
          text run at (0,0) width 571: "This element should have no border and no extra \"padding\" on its right side, as no "
        RenderInline {CODE} at (0,0) size 96x16
          RenderText {TEXT} at (571,1) size 96x16
            text run at (571,1) width 96: "border-style"
        RenderText {TEXT} at (667,0) size 60x17
          text run at (667,0) width 60: " was set."
      RenderTable {TABLE} at (0,466) size 784x330 [bgcolor=#000000]
        RenderTableSection {TBODY} at (1,1) size 0x328
          RenderTableRow {TR} at (0,0) size 0x0
            RenderTableCell {TD} at (0,0) size 782x25 [bgcolor=#C0C0C0] [r=0 c=0 rs=1 cs=2]
              RenderInline {STRONG} at (0,0) size 164x17 [bgcolor=#000000]
                RenderText {TEXT} at (4,4) size 164x17
                  text run at (4,4) width 164: "TABLE Testing Section"
          RenderTableRow {TR} at (0,0) size 0x0
            RenderTableCell {TD} at (0,164) size 12x25 [bgcolor=#C0C0C0] [r=1 c=0 rs=1 cs=1]
              RenderText {TEXT} at (4,4) size 4x17
                text run at (4,4) width 4: "\x{A0}"
            RenderTableCell {TD} at (12,25) size 770x303 [r=1 c=1 rs=1 cs=1]
              RenderBlock {P} at (4,4) size 762x17
                RenderText {TEXT} at (0,0) size 161x17
                  text run at (0,0) width 161: "(These will only work if "
                RenderInline {CODE} at (0,0) size 96x16
                  RenderText {TEXT} at (161,1) size 96x16
                    text run at (161,1) width 96: "border-style"
                RenderText {TEXT} at (257,0) size 100x17
                  text run at (257,0) width 100: " is supported.)"
              RenderBlock {P} at (4,35) size 762x17 [bgcolor=#C0C0C0]
                RenderText {TEXT} at (0,0) size 224x17
                  text run at (0,0) width 224: "This element has a class of zero."
              RenderBlock {P} at (4,66) size 762x40
                RenderText {TEXT} at (3,3) size 710x34
                  text run at (3,3) width 710: "This element should have a right border width of 25 pixels, which will be more obvious if the element is"
                  text run at (3,20) width 170: "more than one line long."
              RenderBlock {P} at (4,120) size 762x40
                RenderText {TEXT} at (3,3) size 738x34
                  text run at (3,3) width 738: "This element should have a thick right border width, which will be more obvious if the element is more than"
                  text run at (3,20) width 95: "one line long."
              RenderBlock {P} at (4,174) size 762x40
                RenderText {TEXT} at (3,3) size 725x34
                  text run at (3,3) width 725: "This element should have a medium right border width, which will be more obvious if the element is more"
                  text run at (3,20) width 130: "than one line long."
              RenderBlock {P} at (4,228) size 762x40
                RenderText {TEXT} at (3,3) size 731x34
                  text run at (3,3) width 731: "This element should have a thin right border width, which will be more obvious if the element is more than"
                  text run at (3,20) width 95: "one line long."
              RenderBlock {P} at (4,282) size 762x17
                RenderText {TEXT} at (0,0) size 571x17
                  text run at (0,0) width 571: "This element should have no border and no extra \"padding\" on its right side, as no "
                RenderInline {CODE} at (0,0) size 96x16
                  RenderText {TEXT} at (571,1) size 96x16
                    text run at (571,1) width 96: "border-style"
                RenderText {TEXT} at (667,0) size 60x17
                  text run at (667,0) width 60: " was set."
