layer at (0,0) size 800x600
  RenderCanvas at (0,0) size 800x600
layer at (0,0) size 800x276
  RenderBlock {HTML} at (0,0) size 800x276
    RenderBody {BODY} at (8,8) size 784x260 [bgcolor=#CCCCCC]
      RenderBlock {P} at (0,0) size 784x17 [bgcolor=#000000]
        RenderText {TEXT} at (0,0) size 385x17
          text run at (0,0) width 385: "The style declarations which apply to the text below are:"
      RenderBlock {PRE} at (0,31) size 784x48 [bgcolor=#000000]
        RenderText {TEXT} at (0,0) size 304x32
          text run at (0,0) width 272: ".one {border-top: purple double 10"
          text run at (272,0) width 32: "px;}"
          text run at (0,16) width 296: ".two {border-top: purple thin solid;}"
      RenderBlock {HR} at (1,93) size 782x2 [bgcolor=#000000]
      RenderBlock {P} at (0,109) size 784x51 [bgcolor=#C0C0C0]
        RenderText {TEXT} at (0,0) size 728x17
          text run at (0,0) width 728: "This is an unstyled element, save for the background color, and containing inline elements with classes of "
        RenderInline {SPAN} at (0,0) size 762x44 [bgcolor=#000000]
          RenderText {TEXT} at (728,0) size 762x34
            text run at (728,0) width 34: "class"
            text run at (0,17) width 26: "one"
        RenderText {TEXT} at (26,17) size 426x17
          text run at (26,17) width 177: ", which should have a 10-"
          text run at (203,17) width 249: "pixel purple double top border; and "
        RenderInline {SPAN} at (0,0) size 63x18 [bgcolor=#000000]
          RenderText {TEXT} at (452,17) size 63x17
            text run at (452,17) width 63: "class two"
        RenderText {TEXT} at (515,17) size 778x34
          text run at (515,17) width 263: ", which should have a thin solid purple"
          text run at (0,34) width 82: "top border. "
          text run at (82,34) width 471: "The line-height of the parent element should not change on any line."
      RenderTable {TABLE} at (0,174) size 784x86 [bgcolor=#000000]
        RenderTableSection {TBODY} at (1,1) size 0x84
          RenderTableRow {TR} at (0,0) size 0x0
            RenderTableCell {TD} at (0,0) size 782x25 [bgcolor=#C0C0C0] [r=0 c=0 rs=1 cs=2]
              RenderInline {STRONG} at (0,0) size 164x17 [bgcolor=#000000]
                RenderText {TEXT} at (4,4) size 164x17
                  text run at (4,4) width 164: "TABLE Testing Section"
          RenderTableRow {TR} at (0,0) size 0x0
            RenderTableCell {TD} at (0,42) size 12x25 [bgcolor=#C0C0C0] [r=1 c=0 rs=1 cs=1]
              RenderText {TEXT} at (4,4) size 4x17
                text run at (4,4) width 4: "\x{A0}"
            RenderTableCell {TD} at (12,25) size 770x59 [r=1 c=1 rs=1 cs=1]
              RenderBlock {P} at (4,4) size 762x51 [bgcolor=#C0C0C0]
                RenderText {TEXT} at (0,0) size 728x17
                  text run at (0,0) width 728: "This is an unstyled element, save for the background color, and containing inline elements with classes of "
                RenderInline {SPAN} at (0,0) size 762x44 [bgcolor=#000000]
                  RenderText {TEXT} at (728,0) size 762x34
                    text run at (728,0) width 34: "class"
                    text run at (0,17) width 26: "one"
                RenderText {TEXT} at (26,17) size 426x17
                  text run at (26,17) width 177: ", which should have a 10-"
                  text run at (203,17) width 249: "pixel purple double top border; and "
                RenderInline {SPAN} at (0,0) size 63x18 [bgcolor=#000000]
                  RenderText {TEXT} at (452,17) size 63x17
                    text run at (452,17) width 63: "class two"
                RenderText {TEXT} at (515,17) size 730x34
                  text run at (515,17) width 215: ", which should have a thin solid"
                  text run at (0,34) width 130: "purple top border. "
                  text run at (130,34) width 471: "The line-height of the parent element should not change on any line."
