layer at (0,0) size 800x720
  RenderCanvas at (0,0) size 800x600
layer at (0,0) size 800x720
  RenderBlock {HTML} at (0,0) size 800x720
    RenderBody {BODY} at (8,8) size 784x704 [bgcolor=#CCCCCC]
      RenderBlock {P} at (0,0) size 784x17 [bgcolor=#000000]
        RenderText {TEXT} at (0,0) size 385x17
          text run at (0,0) width 385: "The style declarations which apply to the text below are:"
      RenderBlock {PRE} at (0,31) size 784x96 [bgcolor=#000000]
        RenderText {TEXT} at (0,0) size 440x96
          text run at (0,0) width 432: ".zero {background-color: silver; border-top-width: 0;}"
          text run at (0,16) width 208: ".one {border-top-width: 25"
          text run at (208,16) width 200: "px; border-style: solid;}"
          text run at (0,32) width 416: ".two {border-top-width: thick; border-style: solid;}"
          text run at (0,48) width 440: ".three {border-top-width: medium; border-style: solid;}"
          text run at (0,64) width 416: ".four {border-top-width: thin; border-style: solid;}"
          text run at (0,80) width 216: ".five {border-top-width: 25"
          text run at (216,80) width 32: "px;}"
      RenderBlock {HR} at (1,141) size 782x2 [bgcolor=#000000]
      RenderBlock {P} at (0,157) size 784x17 [bgcolor=#000000]
        RenderText {TEXT} at (0,0) size 161x17
          text run at (0,0) width 161: "(These will only work if "
        RenderInline {CODE} at (0,0) size 96x16
          RenderText {TEXT} at (161,1) size 96x16
            text run at (161,1) width 96: "border-style"
        RenderText {TEXT} at (257,0) size 100x17
          text run at (257,0) width 100: " is supported.)"
      RenderBlock {P} at (0,188) size 784x17 [bgcolor=#C0C0C0]
        RenderText {TEXT} at (0,0) size 224x17
          text run at (0,0) width 224: "This element has a class of zero."
      RenderBlock {P} at (0,219) size 784x45 [bgcolor=#000000]
        RenderText {TEXT} at (3,25) size 410x17
          text run at (3,25) width 410: "This paragraph should have a top border width of 25 pixels."
      RenderBlock {P} at (0,278) size 784x25 [bgcolor=#000000]
        RenderText {TEXT} at (3,5) size 363x17
          text run at (3,5) width 363: "This paragraph should have a thick top border width."
      RenderBlock {P} at (0,317) size 784x23 [bgcolor=#000000]
        RenderText {TEXT} at (3,3) size 385x17
          text run at (3,3) width 385: "This paragraph should have a medium top border width."
      RenderBlock {P} at (0,354) size 784x21 [bgcolor=#000000]
        RenderText {TEXT} at (3,1) size 356x17
          text run at (3,1) width 356: "This paragraph should have a thin top border width."
      RenderBlock {P} at (0,389) size 784x17 [bgcolor=#000000]
        RenderText {TEXT} at (0,0) size 576x17
          text run at (0,0) width 576: "This paragraph should have no border and no extra \"padding\" on its top side, as no "
        RenderInline {CODE} at (0,0) size 96x16
          RenderText {TEXT} at (576,1) size 96x16
            text run at (576,1) width 96: "border-style"
        RenderText {TEXT} at (672,0) size 60x17
          text run at (672,0) width 60: " was set."
      RenderTable {TABLE} at (0,420) size 754x284 [bgcolor=#000000]
        RenderTableSection {TBODY} at (1,1) size 0x282
          RenderTableRow {TR} at (0,0) size 0x0
            RenderTableCell {TD} at (0,0) size 752x25 [bgcolor=#C0C0C0] [r=0 c=0 rs=1 cs=2]
              RenderInline {STRONG} at (0,0) size 164x17 [bgcolor=#000000]
                RenderText {TEXT} at (4,4) size 164x17
                  text run at (4,4) width 164: "TABLE Testing Section"
          RenderTableRow {TR} at (0,0) size 0x0
            RenderTableCell {TD} at (0,141) size 12x25 [bgcolor=#C0C0C0] [r=1 c=0 rs=1 cs=1]
              RenderText {TEXT} at (4,4) size 4x17
                text run at (4,4) width 4: "\x{A0}"
            RenderTableCell {TD} at (12,25) size 740x257 [r=1 c=1 rs=1 cs=1]
              RenderBlock {P} at (4,4) size 732x17
                RenderText {TEXT} at (0,0) size 161x17
                  text run at (0,0) width 161: "(These will only work if "
                RenderInline {CODE} at (0,0) size 96x16
                  RenderText {TEXT} at (161,1) size 96x16
                    text run at (161,1) width 96: "border-style"
                RenderText {TEXT} at (257,0) size 100x17
                  text run at (257,0) width 100: " is supported.)"
              RenderBlock {P} at (4,35) size 732x17 [bgcolor=#C0C0C0]
                RenderText {TEXT} at (0,0) size 224x17
                  text run at (0,0) width 224: "This element has a class of zero."
              RenderBlock {P} at (4,66) size 732x45
                RenderText {TEXT} at (3,25) size 410x17
                  text run at (3,25) width 410: "This paragraph should have a top border width of 25 pixels."
              RenderBlock {P} at (4,125) size 732x25
                RenderText {TEXT} at (3,5) size 363x17
                  text run at (3,5) width 363: "This paragraph should have a thick top border width."
              RenderBlock {P} at (4,164) size 732x23
                RenderText {TEXT} at (3,3) size 385x17
                  text run at (3,3) width 385: "This paragraph should have a medium top border width."
              RenderBlock {P} at (4,201) size 732x21
                RenderText {TEXT} at (3,1) size 356x17
                  text run at (3,1) width 356: "This paragraph should have a thin top border width."
              RenderBlock {P} at (4,236) size 732x17
                RenderText {TEXT} at (0,0) size 576x17
                  text run at (0,0) width 576: "This paragraph should have no border and no extra \"padding\" on its top side, as no "
                RenderInline {CODE} at (0,0) size 96x16
                  RenderText {TEXT} at (576,1) size 96x16
                    text run at (576,1) width 96: "border-style"
                RenderText {TEXT} at (672,0) size 60x17
                  text run at (672,0) width 60: " was set."
