layer at (0,0) size 800x1358
  RenderCanvas at (0,0) size 800x600
layer at (0,0) size 800x1358
  RenderBlock {HTML} at (0,0) size 800x1358
    RenderBody {BODY} at (8,8) size 784x1342 [bgcolor=#CCCCCC]
      RenderBlock {P} at (0,0) size 784x17 [bgcolor=#000000]
        RenderText {TEXT} at (0,0) size 385x17
          text run at (0,0) width 385: "The style declarations which apply to the text below are:"
      RenderBlock {PRE} at (0,31) size 784x144 [bgcolor=#000000]
        RenderText {TEXT} at (0,0) size 272x144
          text run at (0,0) width 272: ".one {border: medium black solid;}"
          text run at (0,16) width 264: ".two {border: thin maroon ridge;}"
          text run at (0,32) width 144: ".three {border: 10"
          text run at (144,32) width 128: "px teal outset;}"
          text run at (0,48) width 136: ".four {border: 10"
          text run at (136,48) width 128: "px olive inset;}"
          text run at (0,64) width 136: ".five {border: 10"
          text run at (136,64) width 88: "px maroon;}"
          text run at (0,80) width 232: ".six {border: maroon double;}"
          text run at (0,96) width 256: ".seven {border: left red solid;}"
          text run at (0,112) width 136: ".eight {border: 0"
          text run at (136,112) width 32: "px;}"
          text run at (0,128) width 104: "TD {border: 2"
          text run at (104,128) width 128: "px solid green;}"
      RenderBlock {HR} at (1,189) size 782x2 [bgcolor=#000000]
      RenderBlock {P} at (0,205) size 784x34 [bgcolor=#000000]
        RenderText {TEXT} at (0,0) size 767x34
          text run at (0,0) width 688: "Note that all table cells on this page should have a two-pixel solid green border along all four sides. "
          text run at (688,0) width 79: "This border"
          text run at (0,17) width 399: "applies only to the cells, not the rows which contain them."
      RenderBlock {P} at (0,253) size 784x23 [bgcolor=#000000]
        RenderText {TEXT} at (3,3) size 522x17
          text run at (3,3) width 522: "This paragraph should have a medium black solid border all the way around."
      RenderBlock {P} at (0,290) size 784x19 [bgcolor=#000000]
        RenderText {TEXT} at (1,1) size 521x17
          text run at (1,1) width 521: "This paragraph should have a thin maroon ridged border all the way around."
      RenderBlock {P} at (0,323) size 784x37 [bgcolor=#000000]
        RenderText {TEXT} at (10,10) size 568x17
          text run at (10,10) width 568: "This paragraph should have a ten-pixel-wide teal outset border all the way around."
      RenderBlock {P} at (0,374) size 784x37 [bgcolor=#000000]
        RenderText {TEXT} at (10,10) size 565x17
          text run at (10,10) width 565: "This paragraph should have a ten-pixel-wide olive inset border all the way around."
      RenderBlock {P} at (0,425) size 784x34 [bgcolor=#000000]
        RenderText {TEXT} at (0,0) size 382x17
          text run at (0,0) width 382: "This paragraph should have no border around it, as the "
        RenderInline {TT} at (0,0) size 96x16
          RenderText {TEXT} at (382,1) size 96x16
            text run at (382,1) width 96: "border-style"
        RenderText {TEXT} at (478,0) size 768x34
          text run at (478,0) width 290: " was not set, and it should not be offset in"
          text run at (0,17) width 59: "any way."
      RenderBlock {P} at (0,473) size 784x40 [bgcolor=#000000]
        RenderText {TEXT} at (3,3) size 584x17
          text run at (3,3) width 584: "This paragraph should have a medium maroon double border around it, even though "
        RenderInline {CODE} at (0,0) size 96x16
          RenderText {TEXT} at (587,4) size 96x16
            text run at (587,4) width 96: "border-width"
        RenderText {TEXT} at (683,3) size 737x34
          text run at (683,3) width 57: " was not"
          text run at (3,20) width 92: "explicitly set."
      RenderBlock {P} at (0,527) size 784x17 [bgcolor=#000000]
        RenderText {TEXT} at (0,0) size 681x17
          text run at (0,0) width 681: "This paragraph should have no border around it, as its declaration is invalid and should be ignored."
      RenderBlock {P} at (0,558) size 784x35 [bgcolor=#000000]
        RenderInline {A} at (0,0) size 26x17
          RenderText {TEXT} at (0,0) size 26x17
            text run at (0,0) width 26: "The"
        RenderText {TEXT} at (26,0) size 736x35
          text run at (26,0) width 710: " following image is also an anchor which points to a target on this page, but it should not have a border"
          text run at (0,18) width 72: "around it: "
        RenderInline {A} at (0,0) size 15x17 [color=#0000FF]
          RenderImage {IMG} at (72,17) size 15x15
        RenderText {TEXT} at (87,18) size 5x17
          text run at (87,18) width 5: "."
      RenderTable {TABLE} at (0,607) size 784x109 [bgcolor=#000000]
        RenderTableSection {TBODY} at (1,1) size 0x107
          RenderTableRow {TR} at (0,0) size 0x0
            RenderTableCell {TD} at (5,5) size 772x40 [r=0 c=0 rs=1 cs=2]
              RenderText {TEXT} at (3,3) size 757x34
                text run at (3,3) width 268: "Every cell in this table should have a 2-"
                text run at (271,3) width 173: "pixel solid green border. "
                text run at (444,3) width 316: "This is also true of the table-testing section in"
                text run at (3,20) width 222: "the second half of the test page."
          RenderTableRow {TR} at (0,0) size 0x0
            RenderTableCell {TD} at (5,64) size 191x23 [r=1 c=0 rs=1 cs=1]
              RenderText {TEXT} at (3,3) size 56x17
                text run at (3,3) width 56: "Cell one"
            RenderTableCell {TD} at (201,50) size 576x52 [r=1 c=1 rs=1 cs=1]
              RenderBlock (anonymous) at (3,3) size 570x17
                RenderText {TEXT} at (0,0) size 55x17
                  text run at (0,0) width 55: "Cell two"
              RenderTable {TABLE} at (3,20) size 179x29
                RenderTableSection {TBODY} at (1,1) size 0x27
                  RenderTableRow {TR} at (0,0) size 0x0
                    RenderTableCell {TD} at (2,2) size 173x23 [r=0 c=0 rs=1 cs=1]
                      RenderText {TEXT} at (3,3) size 167x17
                        text run at (3,3) width 167: "Nested single-cell table!"
      RenderBlock {P} at (0,730) size 784x17 [bgcolor=#000000]
        RenderText {TEXT} at (0,0) size 192x17
          text run at (0,0) width 192: "This is an unstyled element."
      RenderTable {TABLE} at (0,761) size 784x581 [bgcolor=#000000]
        RenderTableSection {TBODY} at (1,1) size 0x579
          RenderTableRow {TR} at (0,0) size 0x0
            RenderTableCell {TD} at (0,0) size 782x27 [bgcolor=#C0C0C0] [r=0 c=0 rs=1 cs=2]
              RenderInline {STRONG} at (0,0) size 164x17 [bgcolor=#000000]
                RenderText {TEXT} at (5,5) size 164x17
                  text run at (5,5) width 164: "TABLE Testing Section"
          RenderTableRow {TR} at (0,0) size 0x0
            RenderTableCell {TD} at (0,289) size 14x27 [bgcolor=#C0C0C0] [r=1 c=0 rs=1 cs=1]
              RenderText {TEXT} at (5,5) size 4x17
                text run at (5,5) width 4: "\x{A0}"
            RenderTableCell {TD} at (14,27) size 768x552 [r=1 c=1 rs=1 cs=1]
              RenderBlock {P} at (5,5) size 758x34
                RenderText {TEXT} at (0,0) size 717x34
                  text run at (0,0) width 688: "Note that all table cells on this page should have a two-pixel solid green border along all four sides. "
                  text run at (688,0) width 29: "This"
                  text run at (0,17) width 449: "border applies only to the cells, not the rows which contain them."
              RenderBlock {P} at (5,53) size 758x23
                RenderText {TEXT} at (3,3) size 522x17
                  text run at (3,3) width 522: "This paragraph should have a medium black solid border all the way around."
              RenderBlock {P} at (5,90) size 758x19
                RenderText {TEXT} at (1,1) size 521x17
                  text run at (1,1) width 521: "This paragraph should have a thin maroon ridged border all the way around."
              RenderBlock {P} at (5,123) size 758x37
                RenderText {TEXT} at (10,10) size 568x17
                  text run at (10,10) width 568: "This paragraph should have a ten-pixel-wide teal outset border all the way around."
              RenderBlock {P} at (5,174) size 758x37
                RenderText {TEXT} at (10,10) size 565x17
                  text run at (10,10) width 565: "This paragraph should have a ten-pixel-wide olive inset border all the way around."
              RenderBlock {P} at (5,225) size 758x34
                RenderText {TEXT} at (0,0) size 382x17
                  text run at (0,0) width 382: "This paragraph should have no border around it, as the "
                RenderInline {TT} at (0,0) size 96x16
                  RenderText {TEXT} at (382,1) size 96x16
                    text run at (382,1) width 96: "border-style"
                RenderText {TEXT} at (478,0) size 751x34
                  text run at (478,0) width 273: " was not set, and it should not be offset"
                  text run at (0,17) width 76: "in any way."
              RenderBlock {P} at (5,273) size 758x40
                RenderText {TEXT} at (3,3) size 584x17
                  text run at (3,3) width 584: "This paragraph should have a medium maroon double border around it, even though "
                RenderInline {CODE} at (0,0) size 96x16
                  RenderText {TEXT} at (587,4) size 96x16
                    text run at (587,4) width 96: "border-width"
                RenderText {TEXT} at (683,3) size 737x34
                  text run at (683,3) width 57: " was not"
                  text run at (3,20) width 92: "explicitly set."
              RenderBlock {P} at (5,327) size 758x17
                RenderText {TEXT} at (0,0) size 681x17
                  text run at (0,0) width 681: "This paragraph should have no border around it, as its declaration is invalid and should be ignored."
              RenderBlock {P} at (5,358) size 758x35
                RenderInline {A} at (0,0) size 26x17
                  RenderText {TEXT} at (0,0) size 26x17
                    text run at (0,0) width 26: "The"
                RenderText {TEXT} at (26,0) size 736x35
                  text run at (26,0) width 710: " following image is also an anchor which points to a target on this page, but it should not have a border"
                  text run at (0,18) width 72: "around it: "
                RenderInline {A} at (0,0) size 15x17 [color=#0000FF]
                  RenderImage {IMG} at (72,17) size 15x15
                RenderText {TEXT} at (87,18) size 5x17
                  text run at (87,18) width 5: "."
              RenderTable {TABLE} at (5,407) size 758x109
                RenderTableSection {TBODY} at (1,1) size 0x107
                  RenderTableRow {TR} at (0,0) size 0x0
                    RenderTableCell {TD} at (5,5) size 746x40 [r=0 c=0 rs=1 cs=2]
                      RenderText {TEXT} at (3,3) size 740x34
                        text run at (3,3) width 268: "Every cell in this table should have a 2-"
                        text run at (271,3) width 173: "pixel solid green border. "
                        text run at (444,3) width 299: "This is also true of the table-testing section"
                        text run at (3,20) width 239: "in the second half of the test page."
                  RenderTableRow {TR} at (0,0) size 0x0
                    RenderTableCell {TD} at (5,64) size 185x23 [r=1 c=0 rs=1 cs=1]
                      RenderText {TEXT} at (3,3) size 56x17
                        text run at (3,3) width 56: "Cell one"
                    RenderTableCell {TD} at (195,50) size 556x52 [r=1 c=1 rs=1 cs=1]
                      RenderBlock (anonymous) at (3,3) size 550x17
                        RenderText {TEXT} at (0,0) size 55x17
                          text run at (0,0) width 55: "Cell two"
                      RenderTable {TABLE} at (3,20) size 179x29
                        RenderTableSection {TBODY} at (1,1) size 0x27
                          RenderTableRow {TR} at (0,0) size 0x0
                            RenderTableCell {TD} at (2,2) size 173x23 [r=0 c=0 rs=1 cs=1]
                              RenderText {TEXT} at (3,3) size 167x17
                                text run at (3,3) width 167: "Nested single-cell table!"
              RenderBlock {P} at (5,530) size 758x17
                RenderText {TEXT} at (0,0) size 192x17
                  text run at (0,0) width 192: "This is an unstyled element."
