layer at (0,0) size 800x600
  RenderCanvas at (0,0) size 800x600
layer at (0,0) size 800x322
  RenderBlock {HTML} at (0,0) size 800x322
    RenderBody {BODY} at (8,8) size 784x306 [bgcolor=#CCCCCC]
      RenderBlock {P} at (0,0) size 784x17 [bgcolor=#000000]
        RenderText {TEXT} at (0,0) size 385x17
          text run at (0,0) width 385: "The style declarations which apply to the text below are:"
      RenderBlock {PRE} at (0,31) size 784x48 [bgcolor=#000000]
        RenderText {TEXT} at (0,0) size 416x48
          text run at (0,0) width 216: ".one {border-left-width: 25"
          text run at (216,0) width 200: "px; border-style: solid;}"
          text run at (0,16) width 416: ".two {border-left-width: thin; border-style: solid;}"
          text run at (0,32) width 232: ".three {border-left-width: 25"
          text run at (232,32) width 32: "px;}"
      RenderBlock {HR} at (1,93) size 782x2 [bgcolor=#000000]
      RenderBlock {P} at (0,109) size 784x74 [bgcolor=#000000]
        RenderText {TEXT} at (25,3) size 188x17
          text run at (25,3) width 188: "This element has a class of "
        RenderInline {TT} at (0,0) size 24x16
          RenderText {TEXT} at (213,4) size 24x16
            text run at (213,4) width 24: "one"
        RenderText {TEXT} at (237,3) size 174x17
          text run at (237,3) width 9: ". "
          text run at (246,3) width 165: "However, it contains an "
        RenderInline {SPAN} at (0,0) size 185x23
          RenderText {TEXT} at (412,3) size 157x17
            text run at (412,3) width 157: "inline element of class "
          RenderInline {TT} at (0,0) size 24x16
            RenderText {TEXT} at (569,4) size 24x16
              text run at (569,4) width 24: "two"
        RenderText {TEXT} at (596,3) size 742x34
          text run at (596,3) width 171: ", which should result in a"
          text run at (25,20) width 269: "thin solid border on the left side of the "
        RenderInline {STRONG} at (0,0) size 31x17
          RenderText {TEXT} at (294,20) size 31x17
            text run at (294,20) width 31: "first"
        RenderText {TEXT} at (325,20) size 718x34
          text run at (325,20) width 418: " box in the inline element (and the UA's default border on the"
          text run at (25,37) width 130: "other three sides). "
          text run at (155,37) width 112: "There is also an "
        RenderInline {SPAN} at (0,0) size 197x17
          RenderText {TEXT} at (267,37) size 157x17
            text run at (267,37) width 157: "inline element of class "
          RenderInline {TT} at (0,0) size 40x16
            RenderText {TEXT} at (424,38) size 40x16
              text run at (424,38) width 40: "three"
        RenderText {TEXT} at (464,37) size 734x34
          text run at (464,37) width 295: ", which should have no left border width or"
          text run at (25,54) width 322: "visible border because no border style was set."
      RenderTable {TABLE} at (0,197) size 784x109 [bgcolor=#000000]
        RenderTableSection {TBODY} at (1,1) size 0x107
          RenderTableRow {TR} at (0,0) size 0x0
            RenderTableCell {TD} at (0,0) size 782x25 [bgcolor=#C0C0C0] [r=0 c=0 rs=1 cs=2]
              RenderInline {STRONG} at (0,0) size 164x17 [bgcolor=#000000]
                RenderText {TEXT} at (4,4) size 164x17
                  text run at (4,4) width 164: "TABLE Testing Section"
          RenderTableRow {TR} at (0,0) size 0x0
            RenderTableCell {TD} at (0,53) size 12x25 [bgcolor=#C0C0C0] [r=1 c=0 rs=1 cs=1]
              RenderText {TEXT} at (4,4) size 4x17
                text run at (4,4) width 4: "\x{A0}"
            RenderTableCell {TD} at (12,25) size 770x82 [r=1 c=1 rs=1 cs=1]
              RenderBlock {P} at (4,4) size 762x74
                RenderText {TEXT} at (25,3) size 188x17
                  text run at (25,3) width 188: "This element has a class of "
                RenderInline {TT} at (0,0) size 24x16
                  RenderText {TEXT} at (213,4) size 24x16
                    text run at (213,4) width 24: "one"
                RenderText {TEXT} at (237,3) size 174x17
                  text run at (237,3) width 9: ". "
                  text run at (246,3) width 165: "However, it contains an "
                RenderInline {SPAN} at (0,0) size 185x23
                  RenderText {TEXT} at (412,3) size 157x17
                    text run at (412,3) width 157: "inline element of class "
                  RenderInline {TT} at (0,0) size 24x16
                    RenderText {TEXT} at (569,4) size 24x16
                      text run at (569,4) width 24: "two"
                RenderText {TEXT} at (596,3) size 730x34
                  text run at (596,3) width 159: ", which should result in"
                  text run at (25,20) width 281: "a thin solid border on the left side of the "
                RenderInline {STRONG} at (0,0) size 31x17
                  RenderText {TEXT} at (306,20) size 31x17
                    text run at (306,20) width 31: "first"
                RenderText {TEXT} at (337,20) size 730x34
                  text run at (337,20) width 418: " box in the inline element (and the UA's default border on the"
                  text run at (25,37) width 130: "other three sides). "
                  text run at (155,37) width 112: "There is also an "
                RenderInline {SPAN} at (0,0) size 197x17
                  RenderText {TEXT} at (267,37) size 157x17
                    text run at (267,37) width 157: "inline element of class "
                  RenderInline {TT} at (0,0) size 40x16
                    RenderText {TEXT} at (424,38) size 40x16
                      text run at (424,38) width 40: "three"
                RenderText {TEXT} at (464,37) size 734x34
                  text run at (464,37) width 295: ", which should have no left border width or"
                  text run at (25,54) width 322: "visible border because no border style was set."
