layer at (0,0) size 800x805
  RenderCanvas at (0,0) size 800x600
layer at (0,0) size 800x805
  RenderBlock {HTML} at (0,0) size 800x805
    RenderBody {BODY} at (8,8) size 784x789 [bgcolor=#CCCCCC]
      RenderBlock {P} at (0,0) size 784x18
        RenderText {TEXT} at (0,0) size 355x18
          text run at (0,0) width 355: "The style declarations which apply to the text below are:"
      RenderBlock {PRE} at (0,34) size 784x90
        RenderText {TEXT} at (0,0) size 448x90
          text run at (0,0) width 440: ".zero {background-color: silver; border-left-width: 0;}"
          text run at (0,15) width 216: ".one {border-left-width: 50"
          text run at (216,15) width 200: "px; border-style: solid;}"
          text run at (0,30) width 424: ".two {border-left-width: thick; border-style: solid;}"
          text run at (0,45) width 448: ".three {border-left-width: medium; border-style: solid;}"
          text run at (0,60) width 424: ".four {border-left-width: thin; border-style: solid;}"
          text run at (0,75) width 224: ".five {border-left-width: 25"
          text run at (224,75) width 32: "px;}"
      RenderBlock {HR} at (0,137) size 784x2 [border: (1px inset #000000)]
      RenderBlock {P} at (0,155) size 784x18
        RenderText {TEXT} at (0,0) size 157x18
          text run at (0,0) width 157: "(These will only work if "
        RenderInline {CODE} at (0,0) size 96x15
          RenderText {TEXT} at (157,2) size 96x15
            text run at (157,2) width 96: "border-style"
        RenderText {TEXT} at (253,0) size 89x18
          text run at (253,0) width 89: " is supported.)"
      RenderBlock {P} at (0,189) size 784x18 [bgcolor=#C0C0C0]
        RenderText {TEXT} at (0,0) size 203x18
          text run at (0,0) width 203: "This element has a class of zero."
      RenderBlock {P} at (0,223) size 784x42 [border: (3px solid #000000) (50px solid #000000)]
        RenderText {TEXT} at (50,3) size 713x36
          text run at (50,3) width 713: "This element should have a left border width of 50 pixels, which will be more obvious if the element is more than"
          text run at (50,21) width 86: "one line long."
      RenderBlock {P} at (0,281) size 784x24 [border: (3px solid #000000) (5px solid #000000)]
        RenderText {TEXT} at (5,3) size 760x18
          text run at (5,3) width 760: "This element should have a thick left border width, which will be more obvious if the element is more than one line long."
      RenderBlock {P} at (0,321) size 784x42 [border: (3px solid #000000)]
        RenderText {TEXT} at (3,3) size 744x36
          text run at (3,3) width 744: "This element should have a medium left border width, which will be more obvious if the element is more than one line"
          text run at (3,21) width 32: "long."
      RenderBlock {P} at (0,379) size 784x24 [border: (3px solid #000000) (1px solid #000000)]
        RenderText {TEXT} at (1,3) size 753x18
          text run at (1,3) width 753: "This element should have a thin left border width, which will be more obvious if the element is more than one line long."
      RenderBlock {P} at (0,419) size 784x18
        RenderText {TEXT} at (0,0) size 513x18
          text run at (0,0) width 513: "This element should have no border and no extra \"padding\" on its left side, as no "
        RenderInline {CODE} at (0,0) size 96x15
          RenderText {TEXT} at (513,2) size 96x15
            text run at (513,2) width 96: "border-style"
        RenderText {TEXT} at (609,0) size 54x18
          text run at (609,0) width 54: " was set."
      RenderTable {TABLE} at (0,453) size 784x336 [border: (1px outset #808080)]
        RenderTableSection {TBODY} at (1,1) size 0x334
          RenderTableRow {TR} at (0,0) size 0x0
            RenderTableCell {TD} at (0,0) size 782x26 [bgcolor=#C0C0C0] [border: (1px inset #808080)] [r=0 c=0 rs=1 cs=2]
              RenderInline {STRONG} at (0,0) size 163x18
                RenderText {TEXT} at (4,4) size 163x18
                  text run at (4,4) width 163: "TABLE Testing Section"
          RenderTableRow {TR} at (0,0) size 0x0
            RenderTableCell {TD} at (0,167) size 12x26 [bgcolor=#C0C0C0] [border: (1px inset #808080)] [r=1 c=0 rs=1 cs=1]
              RenderText {TEXT} at (4,4) size 4x18
                text run at (4,4) width 4: " "
            RenderTableCell {TD} at (12,26) size 770x308 [border: (1px inset #808080)] [r=1 c=1 rs=1 cs=1]
              RenderBlock {P} at (4,4) size 762x18
                RenderText {TEXT} at (0,0) size 157x18
                  text run at (0,0) width 157: "(These will only work if "
                RenderInline {CODE} at (0,0) size 96x15
                  RenderText {TEXT} at (157,2) size 96x15
                    text run at (157,2) width 96: "border-style"
                RenderText {TEXT} at (253,0) size 89x18
                  text run at (253,0) width 89: " is supported.)"
              RenderBlock {P} at (4,38) size 762x18 [bgcolor=#C0C0C0]
                RenderText {TEXT} at (0,0) size 203x18
                  text run at (0,0) width 203: "This element has a class of zero."
              RenderBlock {P} at (4,72) size 762x42 [border: (3px solid #000000) (50px solid #000000)]
                RenderText {TEXT} at (50,3) size 682x36
                  text run at (50,3) width 682: "This element should have a left border width of 50 pixels, which will be more obvious if the element is more"
                  text run at (50,21) width 117: "than one line long."
              RenderBlock {P} at (4,130) size 762x42 [border: (3px solid #000000) (5px solid #000000)]
                RenderText {TEXT} at (5,3) size 724x36
                  text run at (5,3) width 724: "This element should have a thick left border width, which will be more obvious if the element is more than one line"
                  text run at (5,21) width 32: "long."
              RenderBlock {P} at (4,188) size 762x42 [border: (3px solid #000000)]
                RenderText {TEXT} at (3,3) size 744x36
                  text run at (3,3) width 744: "This element should have a medium left border width, which will be more obvious if the element is more than one line"
                  text run at (3,21) width 32: "long."
              RenderBlock {P} at (4,246) size 762x24 [border: (3px solid #000000) (1px solid #000000)]
                RenderText {TEXT} at (1,3) size 753x18
                  text run at (1,3) width 753: "This element should have a thin left border width, which will be more obvious if the element is more than one line long."
              RenderBlock {P} at (4,286) size 762x18
                RenderText {TEXT} at (0,0) size 513x18
                  text run at (0,0) width 513: "This element should have no border and no extra \"padding\" on its left side, as no "
                RenderInline {CODE} at (0,0) size 96x15
                  RenderText {TEXT} at (513,2) size 96x15
                    text run at (513,2) width 96: "border-style"
                RenderText {TEXT} at (609,0) size 54x18
                  text run at (609,0) width 54: " was set."
