layer at (0,0) size 800x910
  RenderCanvas at (0,0) size 800x600
layer at (0,0) size 800x910
  RenderBlock {HTML} at (0,0) size 800x910
    RenderBody {BODY} at (8,8) size 784x894 [bgcolor=#CCCCCC]
      RenderBlock {P} at (0,0) size 784x17 [bgcolor=#000000]
        RenderText {TEXT} at (0,0) size 385x17
          text run at (0,0) width 385: "The style declarations which apply to the text below are:"
      RenderBlock {PRE} at (0,31) size 784x64 [bgcolor=#000000]
        RenderText {TEXT} at (0,0) size 320x64
          text run at (0,0) width 272: ".one {border-top: purple double 10"
          text run at (272,0) width 32: "px;}"
          text run at (0,16) width 296: ".two {border-top: purple thin solid;}"
          text run at (0,32) width 320: ".three {border-top: black medium solid;}"
          text run at (0,48) width 184: "TD {border-top: green 2"
          text run at (184,48) width 80: "px solid;}"
      RenderBlock {HR} at (1,109) size 782x2 [bgcolor=#000000]
      RenderBlock {P} at (0,125) size 784x34 [bgcolor=#000000]
        RenderText {TEXT} at (0,0) size 777x34
          text run at (0,0) width 698: "Note that all table cells on this page should have a two-pixel solid green border along their top sides. "
          text run at (698,0) width 79: "This border"
          text run at (0,17) width 399: "applies only to the cells, not the rows which contain them."
      RenderBlock {P} at (0,173) size 784x27 [bgcolor=#000000]
        RenderText {TEXT} at (0,10) size 456x17
          text run at (0,10) width 340: "This paragraph should have a purple, double, 10-"
          text run at (340,10) width 116: "pixel top border."
      RenderBlock {P} at (0,214) size 784x18 [bgcolor=#000000]
        RenderText {TEXT} at (0,1) size 362x17
          text run at (0,1) width 362: "This paragraph should have a thin purple top border."
      RenderTable {TABLE} at (0,246) size 784x106 [bgcolor=#000000]
        RenderTableSection {TBODY} at (1,1) size 0x104
          RenderTableRow {TR} at (0,0) size 0x0
            RenderTableCell {TD} at (5,5) size 772x39 [r=0 c=0 rs=1 cs=2]
              RenderText {TEXT} at (2,3) size 767x34
                text run at (2,3) width 268: "Every cell in this table should have a 2-"
                text run at (270,3) width 200: "pixel solid green top border. "
                text run at (470,3) width 299: "This is also true of the table-testing section"
                text run at (2,20) width 239: "in the second half of the test page."
          RenderTableRow {TR} at (0,0) size 0x0
            RenderTableCell {TD} at (5,63) size 190x22 [r=1 c=0 rs=1 cs=1]
              RenderText {TEXT} at (2,3) size 56x17
                text run at (2,3) width 56: "Cell one"
            RenderTableCell {TD} at (200,49) size 577x50 [r=1 c=1 rs=1 cs=1]
              RenderBlock (anonymous) at (2,3) size 573x17
                RenderText {TEXT} at (0,0) size 55x17
                  text run at (0,0) width 55: "Cell two"
              RenderTable {TABLE} at (2,20) size 177x28
                RenderTableSection {TBODY} at (1,1) size 0x26
                  RenderTableRow {TR} at (0,0) size 0x0
                    RenderTableCell {TD} at (2,2) size 171x22 [r=0 c=0 rs=1 cs=1]
                      RenderText {TEXT} at (2,3) size 167x17
                        text run at (2,3) width 167: "Nested single-cell table!"
      RenderBlock {UL} at (0,366) size 784x111 [bgcolor=#000000]
        RenderListItem {LI} at (40,0) size 744x71
          RenderBlock (anonymous) at (0,3) size 744x17
            RenderListMarker at (0,0) size 0x14
            RenderText {TEXT} at (0,0) size 132x17
              text run at (0,0) width 132: "This is a list item..."
          RenderBlock {UL} at (0,20) size 744x51
            RenderListItem {LI} at (40,0) size 704x17
              RenderListMarker at (0,0) size 0x14
              RenderText {TEXT} at (0,0) size 86x17
                text run at (0,0) width 86: "...and this..."
            RenderListItem {LI} at (40,17) size 704x17
              RenderListMarker at (0,0) size 0x14
              RenderText {TEXT} at (0,0) size 132x17
                text run at (0,0) width 132: "...is a second list..."
            RenderListItem {LI} at (40,34) size 704x17
              RenderListMarker at (0,0) size 0x14
              RenderText {TEXT} at (0,0) size 198x17
                text run at (0,0) width 198: "...nested within the list item."
        RenderListItem {LI} at (40,71) size 744x20
          RenderListMarker at (0,3) size 0x14
          RenderText {TEXT} at (0,3) size 175x17
            text run at (0,3) width 175: "This is a second list item."
        RenderListItem {LI} at (40,91) size 744x20
          RenderListMarker at (0,3) size 0x14
          RenderText {TEXT} at (0,3) size 528x17
            text run at (0,3) width 528: "Each list item in this list should have a medium-width black border at its top."
      RenderTable {TABLE} at (0,491) size 784x403 [bgcolor=#000000]
        RenderTableSection {TBODY} at (1,1) size 0x401
          RenderTableRow {TR} at (0,0) size 0x0
            RenderTableCell {TD} at (0,0) size 782x26 [bgcolor=#C0C0C0] [r=0 c=0 rs=1 cs=2]
              RenderInline {STRONG} at (0,0) size 164x17 [bgcolor=#000000]
                RenderText {TEXT} at (4,5) size 164x17
                  text run at (4,5) width 164: "TABLE Testing Section"
          RenderTableRow {TR} at (0,0) size 0x0
            RenderTableCell {TD} at (0,200) size 12x26 [bgcolor=#C0C0C0] [r=1 c=0 rs=1 cs=1]
              RenderText {TEXT} at (4,5) size 4x17
                text run at (4,5) width 4: "\x{A0}"
            RenderTableCell {TD} at (12,26) size 770x375 [r=1 c=1 rs=1 cs=1]
              RenderBlock {P} at (4,5) size 762x34
                RenderText {TEXT} at (0,0) size 727x34
                  text run at (0,0) width 698: "Note that all table cells on this page should have a two-pixel solid green border along their top sides. "
                  text run at (698,0) width 29: "This"
                  text run at (0,17) width 449: "border applies only to the cells, not the rows which contain them."
              RenderBlock {P} at (4,53) size 762x27
                RenderText {TEXT} at (0,10) size 456x17
                  text run at (0,10) width 340: "This paragraph should have a purple, double, 10-"
                  text run at (340,10) width 116: "pixel top border."
              RenderBlock {P} at (4,94) size 762x18
                RenderText {TEXT} at (0,1) size 362x17
                  text run at (0,1) width 362: "This paragraph should have a thin purple top border."
              RenderTable {TABLE} at (4,126) size 762x106
                RenderTableSection {TBODY} at (1,1) size 0x104
                  RenderTableRow {TR} at (0,0) size 0x0
                    RenderTableCell {TD} at (5,5) size 750x39 [r=0 c=0 rs=1 cs=2]
                      RenderText {TEXT} at (2,3) size 714x34
                        text run at (2,3) width 268: "Every cell in this table should have a 2-"
                        text run at (270,3) width 200: "pixel solid green top border. "
                        text run at (470,3) width 246: "This is also true of the table-testing"
                        text run at (2,20) width 292: "section in the second half of the test page."
                  RenderTableRow {TR} at (0,0) size 0x0
                    RenderTableCell {TD} at (5,63) size 185x22 [r=1 c=0 rs=1 cs=1]
                      RenderText {TEXT} at (2,3) size 56x17
                        text run at (2,3) width 56: "Cell one"
                    RenderTableCell {TD} at (195,49) size 560x50 [r=1 c=1 rs=1 cs=1]
                      RenderBlock (anonymous) at (2,3) size 556x17
                        RenderText {TEXT} at (0,0) size 55x17
                          text run at (0,0) width 55: "Cell two"
                      RenderTable {TABLE} at (2,20) size 177x28
                        RenderTableSection {TBODY} at (1,1) size 0x26
                          RenderTableRow {TR} at (0,0) size 0x0
                            RenderTableCell {TD} at (2,2) size 171x22 [r=0 c=0 rs=1 cs=1]
                              RenderText {TEXT} at (2,3) size 167x17
                                text run at (2,3) width 167: "Nested single-cell table!"
              RenderBlock {UL} at (4,246) size 762x111
                RenderListItem {LI} at (40,0) size 722x71
                  RenderBlock (anonymous) at (0,3) size 722x17
                    RenderListMarker at (0,0) size 0x14
                    RenderText {TEXT} at (0,0) size 132x17
                      text run at (0,0) width 132: "This is a list item..."
                  RenderBlock {UL} at (0,20) size 722x51
                    RenderListItem {LI} at (40,0) size 682x17
                      RenderListMarker at (0,0) size 0x14
                      RenderText {TEXT} at (0,0) size 86x17
                        text run at (0,0) width 86: "...and this..."
                    RenderListItem {LI} at (40,17) size 682x17
                      RenderListMarker at (0,0) size 0x14
                      RenderText {TEXT} at (0,0) size 132x17
                        text run at (0,0) width 132: "...is a second list..."
                    RenderListItem {LI} at (40,34) size 682x17
                      RenderListMarker at (0,0) size 0x14
                      RenderText {TEXT} at (0,0) size 198x17
                        text run at (0,0) width 198: "...nested within the list item."
                RenderListItem {LI} at (40,71) size 722x20
                  RenderListMarker at (0,3) size 0x14
                  RenderText {TEXT} at (0,3) size 175x17
                    text run at (0,3) width 175: "This is a second list item."
                RenderListItem {LI} at (40,91) size 722x20
                  RenderListMarker at (0,3) size 0x14
                  RenderText {TEXT} at (0,3) size 528x17
                    text run at (0,3) width 528: "Each list item in this list should have a medium-width black border at its top."
