layer at (0,0) size 800x600
  RenderCanvas at (0,0) size 800x600
layer at (0,0) size 800x310
  RenderBlock {HTML} at (0,0) size 800x310
    RenderBody {BODY} at (8,8) size 784x294 [bgcolor=#CCCCCC]
      RenderBlock {P} at (0,0) size 784x17 [bgcolor=#000000]
        RenderText {TEXT} at (0,0) size 385x17
          text run at (0,0) width 385: "The style declarations which apply to the text below are:"
      RenderBlock {PRE} at (0,31) size 784x48 [bgcolor=#000000]
        RenderText {TEXT} at (0,0) size 728x48
          text run at (0,0) width 392: ".one {border-color: purple; border-style: solid;}"
          text run at (0,16) width 568: ".two {border-color: purple; border-width: medium; border-style: solid;}"
          text run at (0,32) width 728: ".three {border-color: purple green blue yellow; border-width: medium; border-style: solid;}"
      RenderBlock {HR} at (1,93) size 782x2 [bgcolor=#000000]
      RenderBlock {P} at (0,109) size 784x68 [bgcolor=#C0C0C0]
        RenderText {TEXT} at (0,0) size 740x17
          text run at (0,0) width 740: "This is an unstyled element, save for the background color, and containing inline elements with a classes of "
        RenderInline {SPAN} at (0,0) size 777x40 [bgcolor=#000000]
          RenderText {TEXT} at (743,0) size 777x34
            text run at (743,0) width 34: "class"
            text run at (0,17) width 26: "one"
        RenderText {TEXT} at (29,17) size 9x17
          text run at (29,17) width 9: ", "
        RenderInline {SPAN} at (0,0) size 69x23 [bgcolor=#000000]
          RenderText {TEXT} at (41,17) size 63x17
            text run at (41,17) width 63: "class two"
        RenderText {TEXT} at (107,17) size 39x17
          text run at (107,17) width 39: ", and "
        RenderInline {SPAN} at (0,0) size 80x23 [bgcolor=#000000]
          RenderText {TEXT} at (149,17) size 74x17
            text run at (149,17) width 74: "class three"
        RenderText {TEXT} at (226,17) size 756x51
          text run at (226,17) width 9: ". "
          text run at (235,17) width 521: "The effect for each inline element should be to have a purple medium-width"
          text run at (0,34) width 748: "solid border in the first and second cases, and a purple-green-blue-yellow medium-width solid border in the"
          text run at (0,51) width 42: "third. "
          text run at (42,51) width 513: "The line-height of the parent element should not change at all, on any line."
      RenderTable {TABLE} at (0,191) size 784x103 [bgcolor=#000000]
        RenderTableSection {TBODY} at (1,1) size 0x101
          RenderTableRow {TR} at (0,0) size 0x0
            RenderTableCell {TD} at (0,0) size 782x25 [bgcolor=#C0C0C0] [r=0 c=0 rs=1 cs=2]
              RenderInline {STRONG} at (0,0) size 164x17 [bgcolor=#000000]
                RenderText {TEXT} at (4,4) size 164x17
                  text run at (4,4) width 164: "TABLE Testing Section"
          RenderTableRow {TR} at (0,0) size 0x0
            RenderTableCell {TD} at (0,50) size 12x25 [bgcolor=#C0C0C0] [r=1 c=0 rs=1 cs=1]
              RenderText {TEXT} at (4,4) size 4x17
                text run at (4,4) width 4: "\x{A0}"
            RenderTableCell {TD} at (12,25) size 770x76 [r=1 c=1 rs=1 cs=1]
              RenderBlock {P} at (4,4) size 762x68 [bgcolor=#C0C0C0]
                RenderText {TEXT} at (0,0) size 736x17
                  text run at (0,0) width 736: "This is an unstyled element, save for the background color, and containing inline elements with a classes of"
                RenderInline {SPAN} at (0,0) size 70x23 [bgcolor=#000000]
                  RenderText {TEXT} at (3,17) size 64x17
                    text run at (3,17) width 64: "class one"
                RenderText {TEXT} at (70,17) size 9x17
                  text run at (70,17) width 9: ", "
                RenderInline {SPAN} at (0,0) size 69x23 [bgcolor=#000000]
                  RenderText {TEXT} at (82,17) size 63x17
                    text run at (82,17) width 63: "class two"
                RenderText {TEXT} at (148,17) size 39x17
                  text run at (148,17) width 39: ", and "
                RenderInline {SPAN} at (0,0) size 80x23 [bgcolor=#000000]
                  RenderText {TEXT} at (190,17) size 74x17
                    text run at (190,17) width 74: "class three"
                RenderText {TEXT} at (267,17) size 761x51
                  text run at (267,17) width 9: ". "
                  text run at (276,17) width 415: "The effect for each inline element should be to have a purple"
                  text run at (0,34) width 761: "medium-width solid border in the first and second cases, and a purple-green-blue-yellow medium-width solid"
                  text run at (0,51) width 135: "border in the third. "
                  text run at (135,51) width 513: "The line-height of the parent element should not change at all, on any line."
