layer at (0,0) size 800x864
  RenderCanvas at (0,0) size 800x600
layer at (0,0) size 800x864
  RenderBlock {HTML} at (0,0) size 800x864
    RenderBody {BODY} at (8,8) size 784x848 [bgcolor=#CCCCCC]
      RenderBlock {P} at (0,0) size 784x17 [bgcolor=#000000]
        RenderText {TEXT} at (0,0) size 385x17
          text run at (0,0) width 385: "The style declarations which apply to the text below are:"
      RenderBlock {PRE} at (0,31) size 784x96 [bgcolor=#000000]
        RenderText {TEXT} at (0,0) size 408x96
          text run at (0,0) width 400: ".zero {background-color: silver; border-width: 0;}"
          text run at (0,16) width 176: ".one {border-width: 50"
          text run at (176,16) width 200: "px; border-style: solid;}"
          text run at (0,32) width 384: ".two {border-width: thick; border-style: solid;}"
          text run at (0,48) width 408: ".three {border-width: medium; border-style: solid;}"
          text run at (0,64) width 384: ".four {border-width: thin; border-style: solid;}"
          text run at (0,80) width 184: ".five {border-width: 25"
          text run at (184,80) width 32: "px;}"
      RenderBlock {HR} at (1,141) size 782x2 [bgcolor=#000000]
      RenderBlock {P} at (0,157) size 784x17 [bgcolor=#000000]
        RenderText {TEXT} at (0,0) size 161x17
          text run at (0,0) width 161: "(These will only work if "
        RenderInline {CODE} at (0,0) size 96x16
          RenderText {TEXT} at (161,1) size 96x16
            text run at (161,1) width 96: "border-style"
        RenderText {TEXT} at (257,0) size 100x17
          text run at (257,0) width 100: " is supported.)"
      RenderBlock {P} at (0,188) size 784x17 [bgcolor=#C0C0C0]
        RenderText {TEXT} at (0,0) size 224x17
          text run at (0,0) width 224: "This element has a class of zero."
      RenderBlock {P} at (0,219) size 784x117 [bgcolor=#000000]
        RenderText {TEXT} at (50,50) size 427x17
          text run at (50,50) width 427: "This element should have an overall border width of 50 pixels."
      RenderBlock {P} at (0,350) size 784x27 [bgcolor=#000000]
        RenderText {TEXT} at (5,5) size 371x17
          text run at (5,5) width 371: "This element should have a thick overall border width."
      RenderBlock {P} at (0,391) size 784x23 [bgcolor=#000000]
        RenderText {TEXT} at (3,3) size 393x17
          text run at (3,3) width 393: "This element should have a medium overall border width."
      RenderBlock {P} at (0,428) size 784x19 [bgcolor=#000000]
        RenderText {TEXT} at (1,1) size 364x17
          text run at (1,1) width 364: "This element should have a thin overall border width."
      RenderBlock {P} at (0,461) size 784x17 [bgcolor=#000000]
        RenderText {TEXT} at (0,0) size 541x17
          text run at (0,0) width 541: "This element should have no border and no extra \"padding\" on any side, as no "
        RenderInline {CODE} at (0,0) size 96x16
          RenderText {TEXT} at (541,1) size 96x16
            text run at (541,1) width 96: "border-style"
        RenderText {TEXT} at (637,0) size 60x17
          text run at (637,0) width 60: " was set."
      RenderTable {TABLE} at (0,492) size 719x356 [bgcolor=#000000]
        RenderTableSection {TBODY} at (1,1) size 0x354
          RenderTableRow {TR} at (0,0) size 0x0
            RenderTableCell {TD} at (0,0) size 717x25 [bgcolor=#C0C0C0] [r=0 c=0 rs=1 cs=2]
              RenderInline {STRONG} at (0,0) size 164x17 [bgcolor=#000000]
                RenderText {TEXT} at (4,4) size 164x17
                  text run at (4,4) width 164: "TABLE Testing Section"
          RenderTableRow {TR} at (0,0) size 0x0
            RenderTableCell {TD} at (0,177) size 12x25 [bgcolor=#C0C0C0] [r=1 c=0 rs=1 cs=1]
              RenderText {TEXT} at (4,4) size 4x17
                text run at (4,4) width 4: "\x{A0}"
            RenderTableCell {TD} at (12,25) size 705x329 [r=1 c=1 rs=1 cs=1]
              RenderBlock {P} at (4,4) size 697x17
                RenderText {TEXT} at (0,0) size 161x17
                  text run at (0,0) width 161: "(These will only work if "
                RenderInline {CODE} at (0,0) size 96x16
                  RenderText {TEXT} at (161,1) size 96x16
                    text run at (161,1) width 96: "border-style"
                RenderText {TEXT} at (257,0) size 100x17
                  text run at (257,0) width 100: " is supported.)"
              RenderBlock {P} at (4,35) size 697x17 [bgcolor=#C0C0C0]
                RenderText {TEXT} at (0,0) size 224x17
                  text run at (0,0) width 224: "This element has a class of zero."
              RenderBlock {P} at (4,66) size 697x117
                RenderText {TEXT} at (50,50) size 427x17
                  text run at (50,50) width 427: "This element should have an overall border width of 50 pixels."
              RenderBlock {P} at (4,197) size 697x27
                RenderText {TEXT} at (5,5) size 371x17
                  text run at (5,5) width 371: "This element should have a thick overall border width."
              RenderBlock {P} at (4,238) size 697x23
                RenderText {TEXT} at (3,3) size 393x17
                  text run at (3,3) width 393: "This element should have a medium overall border width."
              RenderBlock {P} at (4,275) size 697x19
                RenderText {TEXT} at (1,1) size 364x17
                  text run at (1,1) width 364: "This element should have a thin overall border width."
              RenderBlock {P} at (4,308) size 697x17
                RenderText {TEXT} at (0,0) size 541x17
                  text run at (0,0) width 541: "This element should have no border and no extra \"padding\" on any side, as no "
                RenderInline {CODE} at (0,0) size 96x16
                  RenderText {TEXT} at (541,1) size 96x16
                    text run at (541,1) width 96: "border-style"
                RenderText {TEXT} at (637,0) size 60x17
                  text run at (637,0) width 60: " was set."
