layer at (0,0) size 800x600
  RenderCanvas at (0,0) size 800x600
layer at (0,0) size 800x326
  RenderBlock {HTML} at (0,0) size 800x326
    RenderBody {BODY} at (8,8) size 784x310 [bgcolor=#CCCCCC]
      RenderBlock {P} at (0,0) size 764x17 [bgcolor=#000000]
        RenderText {TEXT} at (0,0) size 385x17
          text run at (0,0) width 385: "The style declarations which apply to the text below are:"
      RenderBlock {PRE} at (0,31) size 784x64 [bgcolor=#000000]
        RenderText {TEXT} at (0,0) size 320x48
          text run at (0,0) width 152: "P {margin-right: 20"
          text run at (152,0) width 32: "px;}"
          text run at (0,16) width 288: ".one {border-right: purple double 10"
          text run at (288,16) width 32: "px;}"
          text run at (0,32) width 312: ".two {border-right: purple thin solid;}"
      RenderBlock {HR} at (1,109) size 782x2 [bgcolor=#000000]
      RenderBlock {P} at (0,125) size 764x68 [bgcolor=#C0C0C0]
        RenderText {TEXT} at (0,0) size 741x34
          text run at (0,0) width 399: "This paragraph has a background color of silver and a 20-"
          text run at (399,0) width 342: "pixel right margin, and it contains inline elements"
          text run at (0,17) width 104: "with classes of "
        RenderInline {SPAN} at (0,0) size 74x17 [bgcolor=#000000]
          RenderText {TEXT} at (104,17) size 64x17
            text run at (104,17) width 64: "class one"
        RenderText {TEXT} at (178,17) size 436x17
          text run at (178,17) width 177: ", which should have a 10-"
          text run at (355,17) width 259: "pixel purple double right border; and "
        RenderInline {SPAN} at (0,0) size 64x17 [bgcolor=#000000]
          RenderText {TEXT} at (614,17) size 63x17
            text run at (614,17) width 63: "class two"
        RenderText {TEXT} at (678,17) size 743x51
          text run at (678,17) width 49: ", which"
          text run at (0,34) width 306: "should have a thin solid purple right border. "
          text run at (306,34) width 437: "The line-height of the parent element should not change on any"
          text run at (0,51) width 30: "line."
      RenderTable {TABLE} at (0,207) size 784x103 [bgcolor=#000000]
        RenderTableSection {TBODY} at (1,1) size 0x101
          RenderTableRow {TR} at (0,0) size 0x0
            RenderTableCell {TD} at (0,0) size 782x25 [bgcolor=#C0C0C0] [r=0 c=0 rs=1 cs=2]
              RenderInline {STRONG} at (0,0) size 164x17 [bgcolor=#000000]
                RenderText {TEXT} at (4,4) size 164x17
                  text run at (4,4) width 164: "TABLE Testing Section"
          RenderTableRow {TR} at (0,0) size 0x0
            RenderTableCell {TD} at (0,50) size 12x25 [bgcolor=#C0C0C0] [r=1 c=0 rs=1 cs=1]
              RenderText {TEXT} at (4,4) size 4x17
                text run at (4,4) width 4: "\x{A0}"
            RenderTableCell {TD} at (12,25) size 770x76 [r=1 c=1 rs=1 cs=1]
              RenderBlock {P} at (4,4) size 742x68 [bgcolor=#C0C0C0]
                RenderText {TEXT} at (0,0) size 741x34
                  text run at (0,0) width 399: "This paragraph has a background color of silver and a 20-"
                  text run at (399,0) width 342: "pixel right margin, and it contains inline elements"
                  text run at (0,17) width 104: "with classes of "
                RenderInline {SPAN} at (0,0) size 74x17 [bgcolor=#000000]
                  RenderText {TEXT} at (104,17) size 64x17
                    text run at (104,17) width 64: "class one"
                RenderText {TEXT} at (178,17) size 436x17
                  text run at (178,17) width 177: ", which should have a 10-"
                  text run at (355,17) width 259: "pixel purple double right border; and "
                RenderInline {SPAN} at (0,0) size 64x17 [bgcolor=#000000]
                  RenderText {TEXT} at (614,17) size 63x17
                    text run at (614,17) width 63: "class two"
                RenderText {TEXT} at (678,17) size 727x51
                  text run at (678,17) width 49: ", which"
                  text run at (0,34) width 306: "should have a thin solid purple right border. "
                  text run at (306,34) width 409: "The line-height of the parent element should not change on"
                  text run at (0,51) width 58: "any line."
