layer at (0,0) size 800x944
  RenderCanvas at (0,0) size 800x600
layer at (0,0) size 800x944
  RenderBlock {HTML} at (0,0) size 800x944
    RenderBody {BODY} at (8,8) size 784x928 [bgcolor=#CCCCCC]
      RenderBlock {P} at (0,0) size 784x17 [bgcolor=#000000]
        RenderText {TEXT} at (0,0) size 385x17
          text run at (0,0) width 385: "The style declarations which apply to the text below are:"
      RenderBlock {PRE} at (0,31) size 784x64 [bgcolor=#000000]
        RenderText {TEXT} at (0,0) size 344x64
          text run at (0,0) width 296: ".one {border-bottom: purple double 10"
          text run at (296,0) width 32: "px;}"
          text run at (0,16) width 320: ".two {border-bottom: purple thin solid;}"
          text run at (0,32) width 344: ".three {border-bottom: black medium solid;}"
          text run at (0,48) width 208: "TD {border-bottom: green 2"
          text run at (208,48) width 80: "px solid;}"
      RenderBlock {HR} at (1,109) size 782x2 [bgcolor=#000000]
      RenderBlock {P} at (0,125) size 784x34 [bgcolor=#000000]
        RenderText {TEXT} at (0,0) size 754x34
          text run at (0,0) width 725: "Note that all table cells on this page should have a two-pixel solid green border along their bottom sides. "
          text run at (725,0) width 29: "This"
          text run at (0,17) width 449: "border applies only to the cells, not the rows which contain them."
      RenderBlock {P} at (0,173) size 784x27 [bgcolor=#000000]
        RenderText {TEXT} at (0,0) size 483x17
          text run at (0,0) width 340: "This paragraph should have a purple, double, 10-"
          text run at (340,0) width 143: "pixel bottom border."
      RenderBlock {P} at (0,214) size 784x18 [bgcolor=#000000]
        RenderText {TEXT} at (0,0) size 389x17
          text run at (0,0) width 389: "This paragraph should have a thin purple bottom border."
      RenderTable {TABLE} at (0,246) size 784x106 [bgcolor=#000000]
        RenderTableSection {TBODY} at (1,1) size 0x104
          RenderTableRow {TR} at (0,0) size 0x0
            RenderTableCell {TD} at (5,5) size 772x39 [r=0 c=0 rs=1 cs=2]
              RenderText {TEXT} at (2,2) size 741x34
                text run at (2,2) width 268: "Every cell in this table should have a 2-"
                text run at (270,2) width 227: "pixel solid green bottom border. "
                text run at (497,2) width 246: "This is also true of the table-testing"
                text run at (2,19) width 292: "section in the second half of the test page."
          RenderTableRow {TR} at (0,0) size 0x0
            RenderTableCell {TD} at (5,63) size 190x22 [r=1 c=0 rs=1 cs=1]
              RenderText {TEXT} at (2,2) size 56x17
                text run at (2,2) width 56: "Cell one"
            RenderTableCell {TD} at (200,49) size 577x50 [r=1 c=1 rs=1 cs=1]
              RenderBlock (anonymous) at (2,2) size 573x17
                RenderText {TEXT} at (0,0) size 55x17
                  text run at (0,0) width 55: "Cell two"
              RenderTable {TABLE} at (2,19) size 177x28
                RenderTableSection {TBODY} at (1,1) size 0x26
                  RenderTableRow {TR} at (0,0) size 0x0
                    RenderTableCell {TD} at (2,2) size 171x22 [r=0 c=0 rs=1 cs=1]
                      RenderText {TEXT} at (2,2) size 167x17
                        text run at (2,2) width 167: "Nested single-cell table!"
      RenderBlock {UL} at (0,366) size 784x128 [bgcolor=#000000]
        RenderListItem {LI} at (40,0) size 744x71
          RenderBlock (anonymous) at (0,0) size 744x17
            RenderListMarker at (0,0) size 0x14
            RenderText {TEXT} at (0,0) size 132x17
              text run at (0,0) width 132: "This is a list item..."
          RenderBlock {UL} at (0,17) size 744x51
            RenderListItem {LI} at (40,0) size 704x17
              RenderListMarker at (0,0) size 0x14
              RenderText {TEXT} at (0,0) size 86x17
                text run at (0,0) width 86: "...and this..."
            RenderListItem {LI} at (40,17) size 704x17
              RenderListMarker at (0,0) size 0x14
              RenderText {TEXT} at (0,0) size 132x17
                text run at (0,0) width 132: "...is a second list..."
            RenderListItem {LI} at (40,34) size 704x17
              RenderListMarker at (0,0) size 0x14
              RenderText {TEXT} at (0,0) size 198x17
                text run at (0,0) width 198: "...nested within the list item."
        RenderListItem {LI} at (40,71) size 744x20
          RenderListMarker at (0,0) size 0x14
          RenderText {TEXT} at (0,0) size 175x17
            text run at (0,0) width 175: "This is a second list item."
        RenderListItem {LI} at (40,91) size 744x37
          RenderListMarker at (0,0) size 0x14
          RenderText {TEXT} at (0,0) size 716x34
            text run at (0,0) width 716: "Each list item in this list should have a medium-width black border at its bottom, which for the first item"
            text run at (0,17) width 195: "means that it should appear "
          RenderInline {EM} at (0,0) size 52x16
            RenderText {TEXT} at (195,18) size 52x16
              text run at (195,18) width 52: "beneath"
          RenderText {TEXT} at (247,17) size 426x17
            text run at (247,17) width 426: " the nested list (below the line \"...nested within the list item.\")."
      RenderTable {TABLE} at (0,508) size 784x420 [bgcolor=#000000]
        RenderTableSection {TBODY} at (1,1) size 0x418
          RenderTableRow {TR} at (0,0) size 0x0
            RenderTableCell {TD} at (0,0) size 782x26 [bgcolor=#C0C0C0] [r=0 c=0 rs=1 cs=2]
              RenderInline {STRONG} at (0,0) size 164x17 [bgcolor=#000000]
                RenderText {TEXT} at (4,4) size 164x17
                  text run at (4,4) width 164: "TABLE Testing Section"
          RenderTableRow {TR} at (0,0) size 0x0
            RenderTableCell {TD} at (0,209) size 12x26 [bgcolor=#C0C0C0] [r=1 c=0 rs=1 cs=1]
              RenderText {TEXT} at (4,4) size 4x17
                text run at (4,4) width 4: "\x{A0}"
            RenderTableCell {TD} at (12,26) size 770x392 [r=1 c=1 rs=1 cs=1]
              RenderBlock {P} at (4,4) size 762x34
                RenderText {TEXT} at (0,0) size 754x34
                  text run at (0,0) width 725: "Note that all table cells on this page should have a two-pixel solid green border along their bottom sides. "
                  text run at (725,0) width 29: "This"
                  text run at (0,17) width 449: "border applies only to the cells, not the rows which contain them."
              RenderBlock {P} at (4,52) size 762x27
                RenderText {TEXT} at (0,0) size 483x17
                  text run at (0,0) width 340: "This paragraph should have a purple, double, 10-"
                  text run at (340,0) width 143: "pixel bottom border."
              RenderBlock {P} at (4,93) size 762x18
                RenderText {TEXT} at (0,0) size 389x17
                  text run at (0,0) width 389: "This paragraph should have a thin purple bottom border."
              RenderTable {TABLE} at (4,125) size 762x106
                RenderTableSection {TBODY} at (1,1) size 0x104
                  RenderTableRow {TR} at (0,0) size 0x0
                    RenderTableCell {TD} at (5,5) size 750x39 [r=0 c=0 rs=1 cs=2]
                      RenderText {TEXT} at (2,2) size 741x34
                        text run at (2,2) width 268: "Every cell in this table should have a 2-"
                        text run at (270,2) width 227: "pixel solid green bottom border. "
                        text run at (497,2) width 246: "This is also true of the table-testing"
                        text run at (2,19) width 292: "section in the second half of the test page."
                  RenderTableRow {TR} at (0,0) size 0x0
                    RenderTableCell {TD} at (5,63) size 184x22 [r=1 c=0 rs=1 cs=1]
                      RenderText {TEXT} at (2,2) size 56x17
                        text run at (2,2) width 56: "Cell one"
                    RenderTableCell {TD} at (194,49) size 561x50 [r=1 c=1 rs=1 cs=1]
                      RenderBlock (anonymous) at (2,2) size 557x17
                        RenderText {TEXT} at (0,0) size 55x17
                          text run at (0,0) width 55: "Cell two"
                      RenderTable {TABLE} at (2,19) size 177x28
                        RenderTableSection {TBODY} at (1,1) size 0x26
                          RenderTableRow {TR} at (0,0) size 0x0
                            RenderTableCell {TD} at (2,2) size 171x22 [r=0 c=0 rs=1 cs=1]
                              RenderText {TEXT} at (2,2) size 167x17
                                text run at (2,2) width 167: "Nested single-cell table!"
              RenderBlock {UL} at (4,245) size 762x128
                RenderListItem {LI} at (40,0) size 722x71
                  RenderBlock (anonymous) at (0,0) size 722x17
                    RenderListMarker at (0,0) size 0x14
                    RenderText {TEXT} at (0,0) size 132x17
                      text run at (0,0) width 132: "This is a list item..."
                  RenderBlock {UL} at (0,17) size 722x51
                    RenderListItem {LI} at (40,0) size 682x17
                      RenderListMarker at (0,0) size 0x14
                      RenderText {TEXT} at (0,0) size 86x17
                        text run at (0,0) width 86: "...and this..."
                    RenderListItem {LI} at (40,17) size 682x17
                      RenderListMarker at (0,0) size 0x14
                      RenderText {TEXT} at (0,0) size 132x17
                        text run at (0,0) width 132: "...is a second list..."
                    RenderListItem {LI} at (40,34) size 682x17
                      RenderListMarker at (0,0) size 0x14
                      RenderText {TEXT} at (0,0) size 198x17
                        text run at (0,0) width 198: "...nested within the list item."
                RenderListItem {LI} at (40,71) size 722x20
                  RenderListMarker at (0,0) size 0x14
                  RenderText {TEXT} at (0,0) size 175x17
                    text run at (0,0) width 175: "This is a second list item."
                RenderListItem {LI} at (40,91) size 722x37
                  RenderListMarker at (0,0) size 0x14
                  RenderText {TEXT} at (0,0) size 716x34
                    text run at (0,0) width 716: "Each list item in this list should have a medium-width black border at its bottom, which for the first item"
                    text run at (0,17) width 195: "means that it should appear "
                  RenderInline {EM} at (0,0) size 52x16
                    RenderText {TEXT} at (195,18) size 52x16
                      text run at (195,18) width 52: "beneath"
                  RenderText {TEXT} at (247,17) size 426x17
                    text run at (247,17) width 426: " the nested list (below the line \"...nested within the list item.\")."
