layer at (0,0) size 800x706
  RenderCanvas at (0,0) size 800x600
layer at (0,0) size 800x706
  RenderBlock {HTML} at (0,0) size 800x706
    RenderBody {BODY} at (8,8) size 784x678 [bgcolor=#CCCCCC]
      RenderBlock {P} at (0,0) size 784x17 [bgcolor=#000000]
        RenderText {TEXT} at (0,0) size 385x17
          text run at (0,0) width 385: "The style declarations which apply to the text below are:"
      RenderBlock {PRE} at (0,31) size 784x208 [bgcolor=#000000]
        RenderText {TEXT} at (0,0) size 512x192
          text run at (0,0) width 392: "P { margin: 0; padding: 0; text-align:  justify;}"
          text run at (0,32) width 336: "DIV.yellow, DIV.blue, DIV.red, DIV.green {"
          text run at (0,48) width 80: " width: 60"
          text run at (80,48) width 120: "px; padding: 20"
          text run at (200,48) width 112: "px; margin: 10"
          text run at (312,48) width 24: "px;"
          text run at (0,64) width 88: " border: 20"
          text run at (88,64) width 384: "px solid black; float: left; text-align: center;"
          text run at (0,80) width 360: " font-family: \"Times New Roman\",Times,serif;}"
          text run at (0,96) width 208: "DIV.yellow {margin-left: 0"
          text run at (208,96) width 304: "px; background: yellow; color: black;}"
          text run at (0,112) width 336: "DIV.blue {background: blue; color: white;}"
          text run at (0,128) width 320: "DIV.red {background: red; color: black;}"
          text run at (0,144) width 352: "DIV.green {background: green; color: white;}"
          text run at (0,160) width 192: "DIV.below {clear: both;}"
          text run at (0,176) width 136: "TABLE {margin: 20"
          text run at (136,176) width 32: "px 0"
          text run at (168,176) width 32: "px;}"
      RenderBlock {HR} at (1,253) size 782x2 [bgcolor=#000000]
      RenderBlock {P} at (0,267) size 784x34 [bgcolor=#000000]
        RenderText {TEXT} at (0,0) size 784x34
          text run at (0,0) width 784: "The four floating DIV elements below should appear next to each other horizontally. The table at the bottom of"
          text run at (0,17) width 503: "this page indicates how the DIV elements should be laid out horizontally. "
          text run at (503,17) width 236: "They should align with each other."
      RenderBlock (floating) {DIV} at (0,311) size 140x96 [bgcolor=#FFFF00]
        RenderBlock {P} at (40,40) size 60x16 [bgcolor=#000000]
          RenderText {TEXT} at (0,0) size 41x16
            text run at (0,0) width 41: "Yellow"
      RenderBlock (floating) {DIV} at (160,311) size 140x96 [color=#FFFFFF] [bgcolor=#0000FF]
        RenderBlock {P} at (40,40) size 60x16 [bgcolor=#000000]
          RenderText {TEXT} at (0,0) size 26x16
            text run at (0,0) width 26: "Blue"
      RenderBlock (floating) {DIV} at (320,311) size 140x96 [bgcolor=#FF0000]
        RenderBlock {P} at (40,40) size 60x16 [bgcolor=#000000]
          RenderText {TEXT} at (0,0) size 22x16
            text run at (0,0) width 22: "Red"
      RenderBlock (floating) {DIV} at (480,311) size 140x96 [color=#FFFFFF] [bgcolor=#008000]
        RenderBlock {P} at (40,40) size 60x16 [bgcolor=#000000]
          RenderText {TEXT} at (0,0) size 34x16
            text run at (0,0) width 34: "Green"
      RenderBlock {DIV} at (0,417) size 784x18 [bgcolor=#000000]
        RenderTable {TABLE} at (0,0) size 601x18
          RenderTableSection {TBODY} at (0,0) size 0x18
            RenderTableRow {TR} at (0,0) size 0x0
              RenderTableCell {TD} at (0,8) size 20x1 [bgcolor=#000000] [r=0 c=0 rs=1 cs=1]
                RenderImage {IMG} at (0,0) size 20x1 [bgcolor=#000000]
              RenderTableCell {TD} at (20,8) size 100x1 [bgcolor=#FFFF00] [r=0 c=1 rs=1 cs=1]
                RenderImage {IMG} at (0,0) size 100x1 [bgcolor=#000000]
              RenderTableCell {TD} at (120,9) size 1x0 [bgcolor=#000000] [r=0 c=2 rs=1 cs=1]
              RenderTableCell {TD} at (121,8) size 20x1 [bgcolor=#FFFFFF] [r=0 c=3 rs=1 cs=1]
                RenderImage {IMG} at (0,0) size 20x1 [bgcolor=#000000]
              RenderTableCell {TD} at (141,8) size 20x1 [bgcolor=#000000] [r=0 c=4 rs=1 cs=1]
                RenderImage {IMG} at (0,0) size 20x1 [bgcolor=#000000]
              RenderTableCell {TD} at (161,8) size 100x1 [bgcolor=#0000FF] [r=0 c=5 rs=1 cs=1]
                RenderImage {IMG} at (0,0) size 100x1 [bgcolor=#000000]
              RenderTableCell {TD} at (261,8) size 20x1 [bgcolor=#000000] [r=0 c=6 rs=1 cs=1]
                RenderImage {IMG} at (0,0) size 20x1 [bgcolor=#000000]
              RenderTableCell {TD} at (281,8) size 20x1 [bgcolor=#FFFFFF] [r=0 c=7 rs=1 cs=1]
                RenderImage {IMG} at (0,0) size 20x1 [bgcolor=#000000]
              RenderTableCell {TD} at (301,8) size 20x1 [bgcolor=#000000] [r=0 c=8 rs=1 cs=1]
                RenderImage {IMG} at (0,0) size 20x1 [bgcolor=#000000]
              RenderTableCell {TD} at (321,8) size 100x1 [bgcolor=#FF0000] [r=0 c=9 rs=1 cs=1]
                RenderImage {IMG} at (0,0) size 100x1 [bgcolor=#000000]
              RenderTableCell {TD} at (421,0) size 20x18 [bgcolor=#000000] [r=0 c=10 rs=1 cs=1]
                RenderImage {IMG} at (0,0) size 20x1 [bgcolor=#000000]
                RenderText {TEXT} at (0,1) size 5x17
                  text run at (0,1) width 5: ";"
              RenderTableCell {TD} at (441,8) size 20x1 [bgcolor=#FFFFFF] [r=0 c=11 rs=1 cs=1]
                RenderImage {IMG} at (0,0) size 20x1 [bgcolor=#000000]
              RenderTableCell {TD} at (461,8) size 20x1 [bgcolor=#000000] [r=0 c=12 rs=1 cs=1]
                RenderImage {IMG} at (0,0) size 20x1 [bgcolor=#000000]
              RenderTableCell {TD} at (481,8) size 100x1 [bgcolor=#008000] [r=0 c=13 rs=1 cs=1]
                RenderImage {IMG} at (0,0) size 100x1 [bgcolor=#000000]
              RenderTableCell {TD} at (581,8) size 20x1 [bgcolor=#000000] [r=0 c=14 rs=1 cs=1]
                RenderImage {IMG} at (0,0) size 20x1 [bgcolor=#000000]
      RenderTable {TABLE} at (0,455) size 784x223 [bgcolor=#000000]
        RenderTableSection {TBODY} at (1,1) size 0x221
          RenderTableRow {TR} at (0,0) size 0x0
            RenderTableCell {TD} at (0,0) size 782x25 [bgcolor=#C0C0C0] [r=0 c=0 rs=1 cs=2]
              RenderInline {STRONG} at (0,0) size 164x17 [bgcolor=#000000]
                RenderText {TEXT} at (4,4) size 164x17
                  text run at (4,4) width 164: "TABLE Testing Section"
          RenderTableRow {TR} at (0,0) size 0x0
            RenderTableCell {TD} at (0,110) size 12x25 [bgcolor=#C0C0C0] [r=1 c=0 rs=1 cs=1]
              RenderText {TEXT} at (4,4) size 4x17
                text run at (4,4) width 4: "\x{A0}"
            RenderTableCell {TD} at (12,25) size 770x196 [r=1 c=1 rs=1 cs=1]
              RenderBlock {P} at (4,4) size 762x34
                RenderText {TEXT} at (0,0) size 762x34
                  text run at (0,0) width 762: "The four floating DIV elements below should appear next to each other horizontally. The table at the bottom of"
                  text run at (0,17) width 503: "this page indicates how the DIV elements should be laid out horizontally. "
                  text run at (503,17) width 236: "They should align with each other."
              RenderBlock (floating) {DIV} at (4,48) size 140x96 [bgcolor=#FFFF00]
                RenderBlock {P} at (40,40) size 60x16 [bgcolor=#000000]
                  RenderText {TEXT} at (0,0) size 41x16
                    text run at (0,0) width 41: "Yellow"
              RenderBlock (floating) {DIV} at (164,48) size 140x96 [color=#FFFFFF] [bgcolor=#0000FF]
                RenderBlock {P} at (40,40) size 60x16 [bgcolor=#000000]
                  RenderText {TEXT} at (0,0) size 26x16
                    text run at (0,0) width 26: "Blue"
              RenderBlock (floating) {DIV} at (324,48) size 140x96 [bgcolor=#FF0000]
                RenderBlock {P} at (40,40) size 60x16 [bgcolor=#000000]
                  RenderText {TEXT} at (0,0) size 22x16
                    text run at (0,0) width 22: "Red"
              RenderBlock (floating) {DIV} at (484,48) size 140x96 [color=#FFFFFF] [bgcolor=#008000]
                RenderBlock {P} at (40,40) size 60x16 [bgcolor=#000000]
                  RenderText {TEXT} at (0,0) size 34x16
                    text run at (0,0) width 34: "Green"
              RenderBlock {DIV} at (4,154) size 762x18
                RenderTable {TABLE} at (0,0) size 601x18
                  RenderTableSection {TBODY} at (0,0) size 0x18
                    RenderTableRow {TR} at (0,0) size 0x0
                      RenderTableCell {TD} at (0,8) size 20x1 [bgcolor=#000000] [r=0 c=0 rs=1 cs=1]
                        RenderImage {IMG} at (0,0) size 20x1 [bgcolor=#000000]
                      RenderTableCell {TD} at (20,8) size 100x1 [bgcolor=#FFFF00] [r=0 c=1 rs=1 cs=1]
                        RenderImage {IMG} at (0,0) size 100x1 [bgcolor=#000000]
                      RenderTableCell {TD} at (120,9) size 1x0 [bgcolor=#000000] [r=0 c=2 rs=1 cs=1]
                      RenderTableCell {TD} at (121,8) size 20x1 [bgcolor=#FFFFFF] [r=0 c=3 rs=1 cs=1]
                        RenderImage {IMG} at (0,0) size 20x1 [bgcolor=#000000]
                      RenderTableCell {TD} at (141,8) size 20x1 [bgcolor=#000000] [r=0 c=4 rs=1 cs=1]
                        RenderImage {IMG} at (0,0) size 20x1 [bgcolor=#000000]
                      RenderTableCell {TD} at (161,8) size 100x1 [bgcolor=#0000FF] [r=0 c=5 rs=1 cs=1]
                        RenderImage {IMG} at (0,0) size 100x1 [bgcolor=#000000]
                      RenderTableCell {TD} at (261,8) size 20x1 [bgcolor=#000000] [r=0 c=6 rs=1 cs=1]
                        RenderImage {IMG} at (0,0) size 20x1 [bgcolor=#000000]
                      RenderTableCell {TD} at (281,8) size 20x1 [bgcolor=#FFFFFF] [r=0 c=7 rs=1 cs=1]
                        RenderImage {IMG} at (0,0) size 20x1 [bgcolor=#000000]
                      RenderTableCell {TD} at (301,8) size 20x1 [bgcolor=#000000] [r=0 c=8 rs=1 cs=1]
                        RenderImage {IMG} at (0,0) size 20x1 [bgcolor=#000000]
                      RenderTableCell {TD} at (321,8) size 100x1 [bgcolor=#FF0000] [r=0 c=9 rs=1 cs=1]
                        RenderImage {IMG} at (0,0) size 100x1 [bgcolor=#000000]
                      RenderTableCell {TD} at (421,0) size 20x18 [bgcolor=#000000] [r=0 c=10 rs=1 cs=1]
                        RenderImage {IMG} at (0,0) size 20x1 [bgcolor=#000000]
                        RenderText {TEXT} at (0,1) size 5x17
                          text run at (0,1) width 5: ";"
                      RenderTableCell {TD} at (441,8) size 20x1 [bgcolor=#FFFFFF] [r=0 c=11 rs=1 cs=1]
                        RenderImage {IMG} at (0,0) size 20x1 [bgcolor=#000000]
                      RenderTableCell {TD} at (461,8) size 20x1 [bgcolor=#000000] [r=0 c=12 rs=1 cs=1]
                        RenderImage {IMG} at (0,0) size 20x1 [bgcolor=#000000]
                      RenderTableCell {TD} at (481,8) size 100x1 [bgcolor=#008000] [r=0 c=13 rs=1 cs=1]
                        RenderImage {IMG} at (0,0) size 100x1 [bgcolor=#000000]
                      RenderTableCell {TD} at (581,8) size 20x1 [bgcolor=#000000] [r=0 c=14 rs=1 cs=1]
                        RenderImage {IMG} at (0,0) size 20x1 [bgcolor=#000000]
