layer at (0,0) size 800x974
  RenderCanvas at (0,0) size 800x600
layer at (0,0) size 800x974
  RenderBlock {HTML} at (0,0) size 800x974
    RenderBody {BODY} at (8,8) size 784x958 [bgcolor=#CCCCCC]
      RenderBlock {P} at (0,0) size 784x18
        RenderText {TEXT} at (0,0) size 355x18
          text run at (0,0) width 355: "The style declarations which apply to the text below are:"
      RenderBlock {PRE} at (0,34) size 784x45
        RenderText {TEXT} at (0,0) size 168x30
          text run at (0,0) width 128: ".one {height: 50"
          text run at (128,0) width 32: "px;}"
          text run at (0,15) width 136: ".two {height: 100"
          text run at (136,15) width 32: "px;}"
      RenderBlock {HR} at (0,92) size 784x2 [border: (1px inset #000000)]
      RenderBlock (anonymous) at (0,102) size 784x50
        RenderImage {IMG} at (0,0) size 50x50
        RenderText {TEXT} at (0,0) size 0x0
      RenderBlock {P} at (0,168) size 784x18
        RenderText {TEXT} at (0,0) size 275x18
          text run at (0,0) width 275: "The square above should be fifty pixels tall."
      RenderBlock (anonymous) at (0,202) size 784x100
        RenderImage {IMG} at (0,0) size 100x100
        RenderText {TEXT} at (0,0) size 0x0
      RenderBlock {P} at (0,318) size 784x18
        RenderText {TEXT} at (0,0) size 335x18
          text run at (0,0) width 335: "The square above should be 100 pixels tall and wide."
      RenderBlock (anonymous) at (0,352) size 784x100
        RenderImage {IMG} at (0,0) size 30x100
        RenderText {TEXT} at (0,0) size 0x0
      RenderBlock {P} at (0,468) size 784x36
        RenderText {TEXT} at (0,0) size 784x36
          text run at (0,0) width 619: "The rectangular image above should be 100 pixels tall and 30 pixels wide (the original image is 50"
          text run at (619,0) width 165: "x15, and the size has been"
          text run at (0,18) width 116: "doubled using the "
        RenderInline {CODE} at (0,0) size 48x15
          RenderText {TEXT} at (116,20) size 48x15
            text run at (116,20) width 48: "height"
        RenderText {TEXT} at (164,18) size 66x18
          text run at (164,18) width 66: " property)."
      RenderTable {TABLE} at (0,520) size 784x438 [border: (1px outset #808080)]
        RenderTableSection {TBODY} at (1,1) size 0x436
          RenderTableRow {TR} at (0,0) size 0x0
            RenderTableCell {TD} at (0,0) size 782x26 [bgcolor=#C0C0C0] [border: (1px inset #808080)] [r=0 c=0 rs=1 cs=2]
              RenderInline {STRONG} at (0,0) size 163x18
                RenderText {TEXT} at (4,4) size 163x18
                  text run at (4,4) width 163: "TABLE Testing Section"
          RenderTableRow {TR} at (0,0) size 0x0
            RenderTableCell {TD} at (0,218) size 12x26 [bgcolor=#C0C0C0] [border: (1px inset #808080)] [r=1 c=0 rs=1 cs=1]
              RenderText {TEXT} at (4,4) size 4x18
                text run at (4,4) width 4: " "
            RenderTableCell {TD} at (12,26) size 770x410 [border: (1px inset #808080)] [r=1 c=1 rs=1 cs=1]
              RenderBlock (anonymous) at (4,4) size 762x50
                RenderImage {IMG} at (0,0) size 50x50
                RenderText {TEXT} at (0,0) size 0x0
              RenderBlock {P} at (4,70) size 762x18
                RenderText {TEXT} at (0,0) size 275x18
                  text run at (0,0) width 275: "The square above should be fifty pixels tall."
              RenderBlock (anonymous) at (4,104) size 762x100
                RenderImage {IMG} at (0,0) size 100x100
                RenderText {TEXT} at (0,0) size 0x0
              RenderBlock {P} at (4,220) size 762x18
                RenderText {TEXT} at (0,0) size 335x18
                  text run at (0,0) width 335: "The square above should be 100 pixels tall and wide."
              RenderBlock (anonymous) at (4,254) size 762x100
                RenderImage {IMG} at (0,0) size 30x100
                RenderText {TEXT} at (0,0) size 0x0
              RenderBlock {P} at (4,370) size 762x36
                RenderText {TEXT} at (0,0) size 750x36
                  text run at (0,0) width 619: "The rectangular image above should be 100 pixels tall and 30 pixels wide (the original image is 50"
                  text run at (619,0) width 131: "x15, and the size has"
                  text run at (0,18) width 150: "been doubled using the "
                RenderInline {CODE} at (0,0) size 48x15
                  RenderText {TEXT} at (150,20) size 48x15
                    text run at (150,20) width 48: "height"
                RenderText {TEXT} at (198,18) size 66x18
                  text run at (198,18) width 66: " property)."
