layer at (0,0) size 800x600
  RenderCanvas at (0,0) size 800x600
layer at (0,0) size 800x411
  RenderBlock {HTML} at (0,0) size 800x411
    RenderBody {BODY} at (8,8) size 784x395 [bgcolor=#CCCCCC]
      RenderBlock {P} at (0,0) size 784x18
        RenderText {TEXT} at (0,0) size 355x18
          text run at (0,0) width 355: "The style declarations which apply to the text below are:"
      RenderBlock {PRE} at (0,34) size 784x30
        RenderText {TEXT} at (0,0) size 416x30
          text run at (0,0) width 184: ".one {margin-bottom: 25"
          text run at (184,0) width 224: "px; background-color: aqua;}"
          text run at (0,15) width 192: ".two {margin-bottom: -10"
          text run at (192,15) width 224: "px; background-color: aqua;}"
      RenderBlock {HR} at (0,77) size 784x2 [border: (1px inset #000000)]
      RenderBlock {P} at (0,95) size 784x54 [bgcolor=#808080]
        RenderText {TEXT} at (0,0) size 481x18
          text run at (0,0) width 393: "This element is unstyled save for a background color of gray.. "
          text run at (393,0) width 88: "It contains an "
        RenderInline {SPAN} at (0,0) size 761x36 [bgcolor=#00FFFF]
          RenderText {TEXT} at (481,0) size 143x18
            text run at (481,0) width 143: "inline element of class "
          RenderInline {TT} at (0,0) size 24x15
            RenderText {TEXT} at (624,2) size 24x15
              text run at (624,2) width 24: "one"
          RenderText {TEXT} at (648,0) size 761x36
            text run at (648,0) width 113: ", giving it an aqua"
            text run at (0,18) width 133: "background and a 25"
            text run at (133,18) width 112: "px bottom margin"
        RenderText {TEXT} at (245,18) size 784x36
          text run at (245,18) width 8: ". "
          text run at (253,18) width 531: "Margins on inline elements does not affect line-height calculations, so all lines in this"
          text run at (0,36) width 263: "element should have the same line-height."
      RenderBlock {P} at (0,165) size 784x54 [bgcolor=#808080]
        RenderText {TEXT} at (0,0) size 481x18
          text run at (0,0) width 393: "This element is unstyled save for a background color of gray.. "
          text run at (393,0) width 88: "It contains an "
        RenderInline {SPAN} at (0,0) size 761x36 [bgcolor=#00FFFF]
          RenderText {TEXT} at (481,0) size 143x18
            text run at (481,0) width 143: "inline element of class "
          RenderInline {TT} at (0,0) size 24x15
            RenderText {TEXT} at (624,2) size 24x15
              text run at (624,2) width 24: "two"
          RenderText {TEXT} at (648,0) size 761x36
            text run at (648,0) width 113: ", giving it an aqua"
            text run at (0,18) width 138: "background and a -10"
            text run at (138,18) width 112: "px bottom margin"
        RenderText {TEXT} at (250,18) size 763x36
          text run at (250,18) width 8: ". "
          text run at (258,18) width 505: "Margins on inline elements does not affect line-height calculations, so all lines in"
          text run at (0,36) width 289: "this element should have the same line-height."
      RenderTable {TABLE} at (0,235) size 784x160 [border: (1px outset #808080)]
        RenderTableSection {TBODY} at (1,1) size 0x158
          RenderTableRow {TR} at (0,0) size 0x0
            RenderTableCell {TD} at (0,0) size 782x26 [bgcolor=#C0C0C0] [border: (1px inset #808080)] [r=0 c=0 rs=1 cs=2]
              RenderInline {STRONG} at (0,0) size 163x18
                RenderText {TEXT} at (4,4) size 163x18
                  text run at (4,4) width 163: "TABLE Testing Section"
          RenderTableRow {TR} at (0,0) size 0x0
            RenderTableCell {TD} at (0,79) size 12x26 [bgcolor=#C0C0C0] [border: (1px inset #808080)] [r=1 c=0 rs=1 cs=1]
              RenderText {TEXT} at (4,4) size 4x18
                text run at (4,4) width 4: " "
            RenderTableCell {TD} at (12,26) size 770x132 [border: (1px inset #808080)] [r=1 c=1 rs=1 cs=1]
              RenderBlock {P} at (4,4) size 762x54 [bgcolor=#808080]
                RenderText {TEXT} at (0,0) size 481x18
                  text run at (0,0) width 393: "This element is unstyled save for a background color of gray.. "
                  text run at (393,0) width 88: "It contains an "
                RenderInline {SPAN} at (0,0) size 761x36 [bgcolor=#00FFFF]
                  RenderText {TEXT} at (481,0) size 143x18
                    text run at (481,0) width 143: "inline element of class "
                  RenderInline {TT} at (0,0) size 24x15
                    RenderText {TEXT} at (624,2) size 24x15
                      text run at (624,2) width 24: "one"
                  RenderText {TEXT} at (648,0) size 761x36
                    text run at (648,0) width 113: ", giving it an aqua"
                    text run at (0,18) width 133: "background and a 25"
                    text run at (133,18) width 112: "px bottom margin"
                RenderText {TEXT} at (245,18) size 758x36
                  text run at (245,18) width 8: ". "
                  text run at (253,18) width 505: "Margins on inline elements does not affect line-height calculations, so all lines in"
                  text run at (0,36) width 289: "this element should have the same line-height."
              RenderBlock {P} at (4,74) size 762x54 [bgcolor=#808080]
                RenderText {TEXT} at (0,0) size 481x18
                  text run at (0,0) width 393: "This element is unstyled save for a background color of gray.. "
                  text run at (393,0) width 88: "It contains an "
                RenderInline {SPAN} at (0,0) size 761x36 [bgcolor=#00FFFF]
                  RenderText {TEXT} at (481,0) size 143x18
                    text run at (481,0) width 143: "inline element of class "
                  RenderInline {TT} at (0,0) size 24x15
                    RenderText {TEXT} at (624,2) size 24x15
                      text run at (624,2) width 24: "two"
                  RenderText {TEXT} at (648,0) size 761x36
                    text run at (648,0) width 113: ", giving it an aqua"
                    text run at (0,18) width 138: "background and a -10"
                    text run at (138,18) width 112: "px bottom margin"
                RenderText {TEXT} at (250,18) size 747x36
                  text run at (250,18) width 8: ". "
                  text run at (258,18) width 489: "Margins on inline elements does not affect line-height calculations, so all lines"
                  text run at (0,36) width 305: "in this element should have the same line-height."
