layer at (0,0) size 802x979
  RenderCanvas at (0,0) size 800x600
layer at (0,0) size 802x979
  RenderBlock {HTML} at (0,0) size 800x979
    RenderBody {BODY} at (8,8) size 784x963 [bgcolor=#CCCCCC]
      RenderBlock {P} at (0,0) size 784x17 [bgcolor=#000000]
        RenderText {TEXT} at (0,0) size 385x17
          text run at (0,0) width 385: "The style declarations which apply to the text below are:"
      RenderBlock {PRE} at (0,31) size 784x96 [bgcolor=#000000]
        RenderText {TEXT} at (0,0) size 560x96
          text run at (0,0) width 552: ".zero {background-color: silver; margin-right: 0; text-align: right;}"
          text run at (0,16) width 184: ".one {margin-right: 0.5"
          text run at (184,16) width 376: "in; text-align: right; background-color: aqua;}"
          text run at (0,32) width 176: ".two {margin-right: 25"
          text run at (176,32) width 376: "px; text-align: right; background-color: aqua;}"
          text run at (0,48) width 184: ".three {margin-right: 5"
          text run at (184,48) width 376: "em; text-align: right; background-color: aqua;}"
          text run at (0,64) width 552: ".four {margin-right: 25%; text-align: right; background-color: aqua;}"
          text run at (0,80) width 192: ".five {margin-right: -10"
          text run at (192,80) width 224: "px; background-color: aqua;}"
      RenderBlock {HR} at (1,141) size 782x2 [bgcolor=#000000]
      RenderBlock {P} at (0,157) size 784x17 [bgcolor=#C0C0C0]
        RenderText {TEXT} at (560,0) size 224x17
          text run at (560,0) width 224: "This element has a class of zero."
      RenderBlock {P} at (0,188) size 736x17 [bgcolor=#00FFFF]
        RenderText {TEXT} at (348,0) size 388x17
          text run at (348,0) width 388: "This sentence should have a right margin of half an inch."
      RenderBlock {P} at (0,219) size 759x17 [bgcolor=#00FFFF]
        RenderText {TEXT} at (388,0) size 371x17
          text run at (388,0) width 371: "This sentence should have a right margin of 25 pixels."
      RenderBlock {P} at (0,250) size 714x17 [bgcolor=#00FFFF]
        RenderText {TEXT} at (372,0) size 342x17
          text run at (372,0) width 342: "This sentence should have a right margin of 5 em."
      RenderBlock {P} at (0,281) size 588x34 [bgcolor=#00FFFF]
        RenderText {TEXT} at (14,0) size 574x34
          text run at (14,0) width 574: "This sentence should have a right margin of 25%, which is calculated with respect to"
          text run at (368,17) width 220: "the width of the parent element."
      RenderBlock {UL} at (0,329) size 759x102 [bgcolor=#808080]
        RenderListItem {LI} at (40,0) size 719x34 [bgcolor=#000000]
          RenderListMarker at (24,0) size 0x14
          RenderText {TEXT} at (24,0) size 695x34
            text run at (24,0) width 695: "The right margin on this unordered list has been set to 25 pixels, and the background color has been"
            text run at (641,17) width 78: "set to gray."
        RenderListItem {LI} at (40,34) size 694x51 [bgcolor=#FFFFFF]
          RenderListMarker at (25,0) size 0x14 [bgcolor=#000000]
          RenderText {TEXT} at (25,0) size 684x51
            text run at (25,0) width 669: "Another list item might not be such a bad idea, either, considering that such things do need to be"
            text run at (10,17) width 120: "double-checked. "
            text run at (130,17) width 564: "This list item has its right margin also set to 25 pixels, which should combine with"
            text run at (50,34) width 644: "the list's margin to make 50 pixels of margin, and its background-color has been set to white."
        RenderListItem {LI} at (40,85) size 719x17 [bgcolor=#000000]
          RenderListMarker at (521,0) size 0x14
          RenderText {TEXT} at (521,0) size 198x17
            text run at (521,0) width 198: "This is an unclassed list item"
      RenderBlock {P} at (0,445) size 784x17 [bgcolor=#C0C0C0]
        RenderText {TEXT} at (560,0) size 224x17
          text run at (560,0) width 224: "This element has a class of zero."
      RenderBlock {P} at (0,476) size 794x51 [bgcolor=#00FFFF]
        RenderText {TEXT} at (0,0) size 768x51
          text run at (0,0) width 280: "This paragraph has a right margin of -10"
          text run at (280,0) width 488: "px, which should cause it to be wider than it might otherwise be, and it"
          text run at (0,17) width 200: "has a light blue background. "
          text run at (200,17) width 423: "In all other respects, however, the element should be normal. "
          text run at (623,17) width 136: "No styles have been"
          text run at (0,34) width 502: "applied to it besides the negative right margin and the background color."
      RenderTable {TABLE} at (0,541) size 784x422 [bgcolor=#000000]
        RenderTableSection {TBODY} at (1,1) size 0x420
          RenderTableRow {TR} at (0,0) size 0x0
            RenderTableCell {TD} at (0,0) size 782x25 [bgcolor=#C0C0C0] [r=0 c=0 rs=1 cs=2]
              RenderInline {STRONG} at (0,0) size 164x17 [bgcolor=#000000]
                RenderText {TEXT} at (4,4) size 164x17
                  text run at (4,4) width 164: "TABLE Testing Section"
          RenderTableRow {TR} at (0,0) size 0x0
            RenderTableCell {TD} at (0,210) size 12x25 [bgcolor=#C0C0C0] [r=1 c=0 rs=1 cs=1]
              RenderText {TEXT} at (4,4) size 4x17
                text run at (4,4) width 4: "\x{A0}"
            RenderTableCell {TD} at (12,25) size 770x395 [r=1 c=1 rs=1 cs=1]
              RenderBlock {P} at (4,4) size 762x17 [bgcolor=#C0C0C0]
                RenderText {TEXT} at (538,0) size 224x17
                  text run at (538,0) width 224: "This element has a class of zero."
              RenderBlock {P} at (4,35) size 714x17 [bgcolor=#00FFFF]
                RenderText {TEXT} at (326,0) size 388x17
                  text run at (326,0) width 388: "This sentence should have a right margin of half an inch."
              RenderBlock {P} at (4,66) size 737x17 [bgcolor=#00FFFF]
                RenderText {TEXT} at (366,0) size 371x17
                  text run at (366,0) width 371: "This sentence should have a right margin of 25 pixels."
              RenderBlock {P} at (4,97) size 692x17 [bgcolor=#00FFFF]
                RenderText {TEXT} at (350,0) size 342x17
                  text run at (350,0) width 342: "This sentence should have a right margin of 5 em."
              RenderBlock {P} at (4,128) size 572x34 [bgcolor=#00FFFF]
                RenderText {TEXT} at (16,0) size 556x34
                  text run at (16,0) width 556: "This sentence should have a right margin of 25%, which is calculated with respect"
                  text run at (334,17) width 238: "to the width of the parent element."
              RenderBlock {UL} at (4,176) size 737x119 [bgcolor=#808080]
                RenderListItem {LI} at (40,0) size 697x34 [bgcolor=#000000]
                  RenderListMarker at (2,0) size 0x14
                  RenderText {TEXT} at (2,0) size 695x34
                    text run at (2,0) width 695: "The right margin on this unordered list has been set to 25 pixels, and the background color has been"
                    text run at (619,17) width 78: "set to gray."
                RenderListItem {LI} at (40,34) size 672x68 [bgcolor=#FFFFFF]
                  RenderListMarker at (3,0) size 0x14 [bgcolor=#000000]
                  RenderText {TEXT} at (3,0) size 669x68
                    text run at (3,0) width 669: "Another list item might not be such a bad idea, either, considering that such things do need to be"
                    text run at (21,17) width 120: "double-checked. "
                    text run at (141,17) width 531: "This list item has its right margin also set to 25 pixels, which should combine"
                    text run at (41,34) width 631: "with the list's margin to make 50 pixels of margin, and its background-color has been set to"
                    text run at (630,51) width 42: "white."
                RenderListItem {LI} at (40,102) size 697x17 [bgcolor=#000000]
                  RenderListMarker at (499,0) size 0x14
                  RenderText {TEXT} at (499,0) size 198x17
                    text run at (499,0) width 198: "This is an unclassed list item"
              RenderBlock {P} at (4,309) size 762x17 [bgcolor=#C0C0C0]
                RenderText {TEXT} at (538,0) size 224x17
                  text run at (538,0) width 224: "This element has a class of zero."
              RenderBlock {P} at (4,340) size 772x51 [bgcolor=#00FFFF]
                RenderText {TEXT} at (0,0) size 768x51
                  text run at (0,0) width 280: "This paragraph has a right margin of -10"
                  text run at (280,0) width 488: "px, which should cause it to be wider than it might otherwise be, and it"
                  text run at (0,17) width 200: "has a light blue background. "
                  text run at (200,17) width 423: "In all other respects, however, the element should be normal. "
                  text run at (623,17) width 136: "No styles have been"
                  text run at (0,34) width 502: "applied to it besides the negative right margin and the background color."
