layer at (0,0) size 800x600
  RenderCanvas at (0,0) size 800x600
layer at (0,0) size 800x422
  RenderBlock {HTML} at (0,0) size 800x422
    RenderBody {BODY} at (8,8) size 784x406 [bgcolor=#CCCCCC]
      RenderBlock {P} at (0,0) size 784x17 [bgcolor=#000000]
        RenderText {TEXT} at (0,0) size 385x17
          text run at (0,0) width 385: "The style declarations which apply to the text below are:"
      RenderBlock {PRE} at (0,31) size 784x64 [bgcolor=#000000]
        RenderText {TEXT} at (0,0) size 392x48
          text run at (0,0) width 384: ".zero {background-color: silver; margin-top: 0;}"
          text run at (0,16) width 160: ".one {margin-top: 25"
          text run at (160,16) width 224: "px; background-color: aqua;}"
          text run at (0,32) width 168: ".two {margin-top: -10"
          text run at (168,32) width 224: "px; background-color: aqua;}"
      RenderBlock {HR} at (1,109) size 782x2 [bgcolor=#000000]
      RenderBlock {P} at (0,125) size 784x51 [bgcolor=#808080]
        RenderText {TEXT} at (0,0) size 519x17
          text run at (0,0) width 422: "This element is unstyled save for a background color of gray. "
          text run at (422,0) width 97: "It contains an "
        RenderInline {SPAN} at (0,0) size 765x34 [bgcolor=#00FFFF]
          RenderText {TEXT} at (519,0) size 157x17
            text run at (519,0) width 157: "inline element of class "
          RenderInline {TT} at (0,0) size 24x16 [bgcolor=#000000]
            RenderText {TEXT} at (676,1) size 24x16
              text run at (676,1) width 24: "one"
          RenderText {TEXT} at (700,0) size 765x34
            text run at (700,0) width 65: ", giving it"
            text run at (0,17) width 204: "an aqua background and a 25"
            text run at (204,17) width 97: "px top margin"
        RenderText {TEXT} at (301,17) size 777x34
          text run at (301,17) width 9: ". "
          text run at (310,17) width 467: "Margins on inline elements do not affect line-height calculations, so"
          text run at (0,34) width 395: "all lines in this element should have the same line-height."
      RenderBlock {P} at (0,190) size 784x51 [bgcolor=#808080]
        RenderText {TEXT} at (0,0) size 519x17
          text run at (0,0) width 422: "This element is unstyled save for a background color of gray. "
          text run at (422,0) width 97: "It contains an "
        RenderInline {SPAN} at (0,0) size 777x34 [bgcolor=#00FFFF]
          RenderText {TEXT} at (519,0) size 157x17
            text run at (519,0) width 157: "inline element of class "
          RenderInline {TT} at (0,0) size 24x16 [bgcolor=#000000]
            RenderText {TEXT} at (676,1) size 24x16
              text run at (676,1) width 24: "two"
          RenderText {TEXT} at (700,0) size 777x34
            text run at (700,0) width 77: ", giving the"
            text run at (0,17) width 313: "inline element an aqua background and a -10"
            text run at (313,17) width 97: "px top margin"
        RenderText {TEXT} at (410,17) size 776x34
          text run at (410,17) width 9: ". "
          text run at (419,17) width 357: "Margins on inline elements do not affect line-height"
          text run at (0,34) width 505: "calculations, so all lines in this element should have the same line-height."
      RenderTable {TABLE} at (0,255) size 784x151 [bgcolor=#000000]
        RenderTableSection {TBODY} at (1,1) size 0x149
          RenderTableRow {TR} at (0,0) size 0x0
            RenderTableCell {TD} at (0,0) size 782x25 [bgcolor=#C0C0C0] [r=0 c=0 rs=1 cs=2]
              RenderInline {STRONG} at (0,0) size 164x17 [bgcolor=#000000]
                RenderText {TEXT} at (4,4) size 164x17
                  text run at (4,4) width 164: "TABLE Testing Section"
          RenderTableRow {TR} at (0,0) size 0x0
            RenderTableCell {TD} at (0,74) size 12x25 [bgcolor=#C0C0C0] [r=1 c=0 rs=1 cs=1]
              RenderText {TEXT} at (4,4) size 4x17
                text run at (4,4) width 4: "\x{A0}"
            RenderTableCell {TD} at (12,25) size 770x124 [r=1 c=1 rs=1 cs=1]
              RenderBlock {P} at (4,4) size 762x51 [bgcolor=#808080]
                RenderText {TEXT} at (0,0) size 519x17
                  text run at (0,0) width 422: "This element is unstyled save for a background color of gray. "
                  text run at (422,0) width 97: "It contains an "
                RenderInline {SPAN} at (0,0) size 751x34 [bgcolor=#00FFFF]
                  RenderText {TEXT} at (519,0) size 157x17
                    text run at (519,0) width 157: "inline element of class "
                  RenderInline {TT} at (0,0) size 24x16 [bgcolor=#000000]
                    RenderText {TEXT} at (676,1) size 24x16
                      text run at (676,1) width 24: "one"
                  RenderText {TEXT} at (700,0) size 751x34
                    text run at (700,0) width 51: ", giving"
                    text run at (0,17) width 218: "it an aqua background and a 25"
                    text run at (218,17) width 97: "px top margin"
                RenderText {TEXT} at (315,17) size 681x34
                  text run at (315,17) width 9: ". "
                  text run at (324,17) width 357: "Margins on inline elements do not affect line-height"
                  text run at (0,34) width 505: "calculations, so all lines in this element should have the same line-height."
              RenderBlock {P} at (4,69) size 762x51 [bgcolor=#808080]
                RenderText {TEXT} at (0,0) size 519x17
                  text run at (0,0) width 422: "This element is unstyled save for a background color of gray. "
                  text run at (422,0) width 97: "It contains an "
                RenderInline {SPAN} at (0,0) size 751x34 [bgcolor=#00FFFF]
                  RenderText {TEXT} at (519,0) size 157x17
                    text run at (519,0) width 157: "inline element of class "
                  RenderInline {TT} at (0,0) size 24x16 [bgcolor=#000000]
                    RenderText {TEXT} at (676,1) size 24x16
                      text run at (676,1) width 24: "two"
                  RenderText {TEXT} at (700,0) size 751x34
                    text run at (700,0) width 51: ", giving"
                    text run at (0,17) width 339: "the inline element an aqua background and a -10"
                    text run at (339,17) width 97: "px top margin"
                RenderText {TEXT} at (436,17) size 722x34
                  text run at (436,17) width 9: ". "
                  text run at (445,17) width 277: "Margins on inline elements do not affect"
                  text run at (0,34) width 585: "line-height calculations, so all lines in this element should have the same line-height."
