layer at (0,0) size 800x991
  RenderCanvas at (0,0) size 800x600
layer at (0,0) size 800x991
  RenderBlock {HTML} at (0,0) size 800x991
    RenderBody {BODY} at (8,8) size 784x975 [bgcolor=#CCCCCC]
      RenderBlock {P} at (0,0) size 784x18
        RenderText {TEXT} at (0,0) size 355x18
          text run at (0,0) width 355: "The style declarations which apply to the text below are:"
      RenderBlock {PRE} at (0,34) size 784x90
        RenderText {TEXT} at (0,0) size 416x90
          text run at (0,0) width 400: ".zero {background-color: silver; padding-left: 0;}"
          text run at (0,15) width 184: ".one {padding-left: 0.5"
          text run at (184,15) width 224: "in; background-color: aqua;}"
          text run at (0,30) width 176: ".two {padding-left: 25"
          text run at (176,30) width 224: "px; background-color: aqua;}"
          text run at (0,45) width 184: ".three {padding-left: 5"
          text run at (184,45) width 224: "em; background-color: aqua;}"
          text run at (0,60) width 400: ".four {padding-left: 25%; background-color: aqua;}"
          text run at (0,75) width 192: ".five {padding-left: -20"
          text run at (192,75) width 224: "px; background-color: aqua;}"
      RenderBlock {HR} at (0,137) size 784x2 [border: (1px inset #000000)]
      RenderBlock {P} at (0,155) size 784x18 [bgcolor=#C0C0C0]
        RenderText {TEXT} at (0,0) size 203x18
          text run at (0,0) width 203: "This element has a class of zero."
      RenderBlock {P} at (0,189) size 784x36 [bgcolor=#00FFFF]
        RenderText {TEXT} at (48,0) size 687x36
          text run at (48,0) width 633: "This element should have a left padding of half an inch, which will require extra text in order to test. "
          text run at (681,0) width 54: "Both the"
          text run at (48,18) width 406: "content background and the padding should be aqua (light blue)."
      RenderBlock {P} at (0,241) size 784x36 [bgcolor=#00FFFF]
        RenderText {TEXT} at (25,0) size 720x36
          text run at (25,0) width 616: "This element should have a left padding of 25 pixels, which will require extra text in order to test. "
          text run at (641,0) width 104: "Both the content"
          text run at (25,18) width 356: "background and the padding should be aqua (light blue)."
      RenderBlock {P} at (0,293) size 784x36 [bgcolor=#00FFFF]
        RenderText {TEXT} at (80,0) size 690x36
          text run at (80,0) width 280: "This element should have a left padding of 5"
          text run at (360,0) width 306: "em, which will require extra text in order to test. "
          text run at (666,0) width 104: "Both the content"
          text run at (80,18) width 356: "background and the padding should be aqua (light blue)."
      RenderBlock {P} at (0,345) size 784x54 [bgcolor=#00FFFF]
        RenderText {TEXT} at (196,0) size 588x54
          text run at (196,0) width 588: "This element should have a left padding of 25%, which is calculated with respect to the width"
          text run at (196,18) width 140: "of the parent element. "
          text run at (336,18) width 424: "Both the content background and the padding should be aqua (light"
          text run at (196,36) width 36: "blue)."
      RenderBlock {UL} at (0,415) size 784x72 [bgcolor=#808080]
        RenderListItem {LI} at (25,0) size 759x18
          RenderListMarker at (0,0) size 0x14
          RenderText {TEXT} at (0,0) size 715x18
            text run at (0,0) width 715: "The left padding on this unordered list has been set to 25 pixels, which will require some extra test in order to test."
        RenderListItem {LI} at (25,18) size 759x54 [bgcolor=#FFFFFF]
          RenderListMarker at (25,0) size 0x14
          RenderText {TEXT} at (25,0) size 712x54
            text run at (25,0) width 712: "Another list item might not be such a bad idea, either, considering that such things do need to be double-checked."
            text run at (25,18) width 696: "This list item has its left padding also set to 25 pixels, which should combine with the list's padding to make 50"
            text run at (25,36) width 106: "pixels of margin."
      RenderBlock {P} at (0,503) size 784x36 [bgcolor=#00FFFF]
        RenderText {TEXT} at (0,0) size 775x36
          text run at (0,0) width 565: "This element should have no left padding, since negative padding values are not allowed. "
          text run at (565,0) width 210: "Both the content background and"
          text run at (0,18) width 298: "the normal padding should be aqua (light blue)."
      RenderTable {TABLE} at (0,555) size 784x420 [border: (1px outset #808080)]
        RenderTableSection {TBODY} at (1,1) size 0x418
          RenderTableRow {TR} at (0,0) size 0x0
            RenderTableCell {TD} at (0,0) size 782x26 [bgcolor=#C0C0C0] [border: (1px inset #808080)] [r=0 c=0 rs=1 cs=2]
              RenderInline {STRONG} at (0,0) size 163x18
                RenderText {TEXT} at (4,4) size 163x18
                  text run at (4,4) width 163: "TABLE Testing Section"
          RenderTableRow {TR} at (0,0) size 0x0
            RenderTableCell {TD} at (0,209) size 12x26 [bgcolor=#C0C0C0] [border: (1px inset #808080)] [r=1 c=0 rs=1 cs=1]
              RenderText {TEXT} at (4,4) size 4x18
                text run at (4,4) width 4: " "
            RenderTableCell {TD} at (12,26) size 770x392 [border: (1px inset #808080)] [r=1 c=1 rs=1 cs=1]
              RenderBlock {P} at (4,4) size 762x18 [bgcolor=#C0C0C0]
                RenderText {TEXT} at (0,0) size 203x18
                  text run at (0,0) width 203: "This element has a class of zero."
              RenderBlock {P} at (4,38) size 762x36 [bgcolor=#00FFFF]
                RenderText {TEXT} at (48,0) size 687x36
                  text run at (48,0) width 633: "This element should have a left padding of half an inch, which will require extra text in order to test. "
                  text run at (681,0) width 54: "Both the"
                  text run at (48,18) width 406: "content background and the padding should be aqua (light blue)."
              RenderBlock {P} at (4,90) size 762x36 [bgcolor=#00FFFF]
                RenderText {TEXT} at (25,0) size 720x36
                  text run at (25,0) width 616: "This element should have a left padding of 25 pixels, which will require extra text in order to test. "
                  text run at (641,0) width 104: "Both the content"
                  text run at (25,18) width 356: "background and the padding should be aqua (light blue)."
              RenderBlock {P} at (4,142) size 762x36 [bgcolor=#00FFFF]
                RenderText {TEXT} at (80,0) size 640x36
                  text run at (80,0) width 280: "This element should have a left padding of 5"
                  text run at (360,0) width 306: "em, which will require extra text in order to test. "
                  text run at (666,0) width 54: "Both the"
                  text run at (80,18) width 406: "content background and the padding should be aqua (light blue)."
              RenderBlock {P} at (4,194) size 762x54 [bgcolor=#00FFFF]
                RenderText {TEXT} at (190,0) size 567x54
                  text run at (190,0) width 548: "This element should have a left padding of 25%, which is calculated with respect to the"
                  text run at (190,18) width 180: "width of the parent element. "
                  text run at (370,18) width 387: "Both the content background and the padding should be aqua"
                  text run at (190,36) width 73: "(light blue)."
              RenderBlock {UL} at (4,264) size 762x72 [bgcolor=#808080]
                RenderListItem {LI} at (25,0) size 737x18
                  RenderListMarker at (0,0) size 0x14
                  RenderText {TEXT} at (0,0) size 715x18
                    text run at (0,0) width 715: "The left padding on this unordered list has been set to 25 pixels, which will require some extra test in order to test."
                RenderListItem {LI} at (25,18) size 737x54 [bgcolor=#FFFFFF]
                  RenderListMarker at (25,0) size 0x14
                  RenderText {TEXT} at (25,0) size 712x54
                    text run at (25,0) width 712: "Another list item might not be such a bad idea, either, considering that such things do need to be double-checked."
                    text run at (25,18) width 696: "This list item has its left padding also set to 25 pixels, which should combine with the list's padding to make 50"
                    text run at (25,36) width 106: "pixels of margin."
              RenderBlock {P} at (4,352) size 762x36 [bgcolor=#00FFFF]
                RenderText {TEXT} at (0,0) size 748x36
                  text run at (0,0) width 565: "This element should have no left padding, since negative padding values are not allowed. "
                  text run at (565,0) width 183: "Both the content background"
                  text run at (0,18) width 325: "and the normal padding should be aqua (light blue)."
