layer at (0,0) size 800x600
  RenderCanvas at (0,0) size 800x600
layer at (0,0) size 800x440
  RenderBlock {HTML} at (0,0) size 800x440
    RenderBody {BODY} at (8,8) size 784x424 [bgcolor=#CCCCCC]
      RenderBlock {P} at (0,0) size 784x17 [bgcolor=#000000]
        RenderText {TEXT} at (0,0) size 385x17
          text run at (0,0) width 385: "The style declarations which apply to the text below are:"
      RenderBlock {PRE} at (0,31) size 784x48 [bgcolor=#000000]
        RenderText {TEXT} at (0,0) size 400x32
          text run at (0,0) width 168: ".one {padding-top: 25"
          text run at (168,0) width 224: "px; background-color: aqua;}"
          text run at (0,16) width 176: ".two {padding-top: -10"
          text run at (176,16) width 224: "px; background-color: aqua;}"
      RenderBlock {HR} at (1,93) size 782x2 [bgcolor=#000000]
      RenderBlock {P} at (0,109) size 784x68 [bgcolor=#808080]
        RenderText {TEXT} at (0,0) size 519x17
          text run at (0,0) width 422: "This element is unstyled save for a background color of gray. "
          text run at (422,0) width 97: "It contains an "
        RenderInline {SPAN} at (0,0) size 765x59 [bgcolor=#00FFFF]
          RenderText {TEXT} at (519,0) size 157x17
            text run at (519,0) width 157: "inline element of class "
          RenderInline {TT} at (0,0) size 24x16 [bgcolor=#000000]
            RenderText {TEXT} at (676,1) size 24x16
              text run at (676,1) width 24: "one"
          RenderText {TEXT} at (700,0) size 765x34
            text run at (700,0) width 65: ", giving it"
            text run at (0,17) width 204: "an aqua background and a 25"
            text run at (204,17) width 105: "px top padding"
        RenderText {TEXT} at (309,17) size 780x51
          text run at (309,17) width 9: ". "
          text run at (318,17) width 462: "Padding on inline elements does not affect line-height calculations,"
          text run at (0,34) width 419: "so all lines in this element should have the same line-height. "
          text run at (419,34) width 361: "There may be implementation-specific limits on how"
          text run at (0,51) width 369: "much of the padding the user agent is able to display."
      RenderBlock {P} at (0,191) size 784x51 [bgcolor=#808080]
        RenderText {TEXT} at (0,0) size 519x17
          text run at (0,0) width 422: "This element is unstyled save for a background color of gray. "
          text run at (422,0) width 97: "It contains an "
        RenderInline {SPAN} at (0,0) size 765x34 [bgcolor=#00FFFF]
          RenderText {TEXT} at (519,0) size 157x17
            text run at (519,0) width 157: "inline element of class "
          RenderInline {TT} at (0,0) size 24x16 [bgcolor=#000000]
            RenderText {TEXT} at (676,1) size 24x16
              text run at (676,1) width 24: "two"
          RenderText {TEXT} at (700,0) size 765x34
            text run at (700,0) width 65: ", giving it"
            text run at (0,17) width 601: "an aqua background and no top padding, since negative padding values are not allowed"
        RenderText {TEXT} at (601,17) size 758x34
          text run at (601,17) width 9: ". "
          text run at (610,17) width 119: "Padding on inline"
          text run at (0,34) width 758: "elements does not affect line-height calculations, so all lines in this element should have the same line-height."
      RenderTable {TABLE} at (0,256) size 784x168 [bgcolor=#000000]
        RenderTableSection {TBODY} at (1,1) size 0x166
          RenderTableRow {TR} at (0,0) size 0x0
            RenderTableCell {TD} at (0,0) size 782x25 [bgcolor=#C0C0C0] [r=0 c=0 rs=1 cs=2]
              RenderInline {STRONG} at (0,0) size 164x17 [bgcolor=#000000]
                RenderText {TEXT} at (4,4) size 164x17
                  text run at (4,4) width 164: "TABLE Testing Section"
          RenderTableRow {TR} at (0,0) size 0x0
            RenderTableCell {TD} at (0,83) size 12x25 [bgcolor=#C0C0C0] [r=1 c=0 rs=1 cs=1]
              RenderText {TEXT} at (4,4) size 4x17
                text run at (4,4) width 4: "\x{A0}"
            RenderTableCell {TD} at (12,25) size 770x141 [r=1 c=1 rs=1 cs=1]
              RenderBlock {P} at (4,4) size 762x68 [bgcolor=#808080]
                RenderText {TEXT} at (0,0) size 519x17
                  text run at (0,0) width 422: "This element is unstyled save for a background color of gray. "
                  text run at (422,0) width 97: "It contains an "
                RenderInline {SPAN} at (0,0) size 751x59 [bgcolor=#00FFFF]
                  RenderText {TEXT} at (519,0) size 157x17
                    text run at (519,0) width 157: "inline element of class "
                  RenderInline {TT} at (0,0) size 24x16 [bgcolor=#000000]
                    RenderText {TEXT} at (676,1) size 24x16
                      text run at (676,1) width 24: "one"
                  RenderText {TEXT} at (700,0) size 751x34
                    text run at (700,0) width 51: ", giving"
                    text run at (0,17) width 218: "it an aqua background and a 25"
                    text run at (218,17) width 105: "px top padding"
                RenderText {TEXT} at (323,17) size 704x51
                  text run at (323,17) width 9: ". "
                  text run at (332,17) width 372: "Padding on inline elements does not affect line-height"
                  text run at (0,34) width 509: "calculations, so all lines in this element should have the same line-height. "
                  text run at (509,34) width 93: "There may be"
                  text run at (0,51) width 637: "implementation-specific limits on how much of the padding the user agent is able to display."
              RenderBlock {P} at (4,86) size 762x51 [bgcolor=#808080]
                RenderText {TEXT} at (0,0) size 519x17
                  text run at (0,0) width 422: "This element is unstyled save for a background color of gray. "
                  text run at (422,0) width 97: "It contains an "
                RenderInline {SPAN} at (0,0) size 751x34 [bgcolor=#00FFFF]
                  RenderText {TEXT} at (519,0) size 157x17
                    text run at (519,0) width 157: "inline element of class "
                  RenderInline {TT} at (0,0) size 24x16 [bgcolor=#000000]
                    RenderText {TEXT} at (676,1) size 24x16
                      text run at (676,1) width 24: "two"
                  RenderText {TEXT} at (700,0) size 751x34
                    text run at (700,0) width 51: ", giving"
                    text run at (0,17) width 615: "it an aqua background and no top padding, since negative padding values are not allowed"
                RenderText {TEXT} at (615,17) size 758x34
                  text run at (615,17) width 9: ". "
                  text run at (624,17) width 119: "Padding on inline"
                  text run at (0,34) width 758: "elements does not affect line-height calculations, so all lines in this element should have the same line-height."
