layer at (0,0) size 800x710
  RenderCanvas at (0,0) size 800x600
layer at (0,0) size 800x710
  RenderBlock {HTML} at (0,0) size 800x710
    RenderBody {BODY} at (8,8) size 784x694 [bgcolor=#CCCCCC]
      RenderBlock {P} at (0,0) size 784x17 [bgcolor=#000000]
        RenderText {TEXT} at (0,0) size 385x17
          text run at (0,0) width 385: "The style declarations which apply to the text below are:"
      RenderBlock {PRE} at (0,31) size 784x64 [bgcolor=#000000]
        RenderText {TEXT} at (0,0) size 368x48
          text run at (0,0) width 360: ".zero {background-color: silver; padding: 0;}"
          text run at (0,16) width 136: ".one {padding: 25"
          text run at (136,16) width 224: "px; background-color: aqua;}"
          text run at (0,32) width 144: ".two {padding: -10"
          text run at (144,32) width 224: "px; background-color: aqua;}"
      RenderBlock {HR} at (1,109) size 782x2 [bgcolor=#000000]
      RenderBlock {P} at (0,125) size 784x17 [bgcolor=#C0C0C0]
        RenderText {TEXT} at (0,0) size 224x17
          text run at (0,0) width 224: "This element has a class of zero."
      RenderBlock {P} at (0,156) size 784x102 [bgcolor=#808080]
        RenderText {TEXT} at (0,0) size 519x17
          text run at (0,0) width 422: "This element is unstyled save for a background color of gray. "
          text run at (422,0) width 97: "It contains an "
        RenderInline {SPAN} at (0,0) size 776x84 [bgcolor=#00FFFF]
          RenderText {TEXT} at (544,0) size 157x17
            text run at (544,0) width 157: "inline element of class "
          RenderInline {TT} at (0,0) size 24x16 [bgcolor=#000000]
            RenderText {TEXT} at (701,1) size 24x16
              text run at (701,1) width 24: "one"
          RenderText {TEXT} at (725,0) size 776x34
            text run at (725,0) width 51: ", giving"
            text run at (0,17) width 218: "it an aqua background and a 25"
            text run at (218,17) width 78: "px padding"
        RenderText {TEXT} at (321,17) size 773x85
          text run at (321,17) width 9: ". "
          text run at (330,17) width 372: "Padding on inline elements does not affect line-height"
          text run at (0,34) width 509: "calculations, so all lines in this element should have the same line-height. "
          text run at (509,34) width 264: "There may be implementation-specific"
          text run at (0,51) width 655: "limits on how much of the padding the user agent is able to display above and below each line. "
          text run at (655,51) width 104: "However, there"
          text run at (0,68) width 142: "should be at least 25"
          text run at (142,68) width 548: "px of padding to the left side of the inline box in the first line it appears, and 25"
          text run at (690,68) width 36: "px of"
          text run at (0,85) width 567: "padding to the right side of the inline element box in the last line where it appears."
      RenderBlock {P} at (0,272) size 784x17 [bgcolor=#C0C0C0]
        RenderText {TEXT} at (0,0) size 224x17
          text run at (0,0) width 224: "This element has a class of zero."
      RenderBlock {P} at (0,303) size 784x51 [bgcolor=#808080]
        RenderText {TEXT} at (0,0) size 519x17
          text run at (0,0) width 422: "This element is unstyled save for a background color of gray. "
          text run at (422,0) width 97: "It contains an "
        RenderInline {SPAN} at (0,0) size 765x34 [bgcolor=#00FFFF]
          RenderText {TEXT} at (519,0) size 157x17
            text run at (519,0) width 157: "inline element of class "
          RenderInline {TT} at (0,0) size 24x16 [bgcolor=#000000]
            RenderText {TEXT} at (676,1) size 24x16
              text run at (676,1) width 24: "two"
          RenderText {TEXT} at (700,0) size 765x34
            text run at (700,0) width 65: ", giving it"
            text run at (0,17) width 574: "an aqua background and no padding, since negative padding values are not allowed"
        RenderText {TEXT} at (574,17) size 768x34
          text run at (574,17) width 9: ". "
          text run at (583,17) width 185: "Padding on inline elements"
          text run at (0,34) width 692: "does not affect line-height calculations, so all lines in this element should have the same line-height."
      RenderBlock {P} at (0,368) size 784x17 [bgcolor=#C0C0C0]
        RenderText {TEXT} at (0,0) size 224x17
          text run at (0,0) width 224: "This element has a class of zero."
      RenderTable {TABLE} at (0,399) size 784x295 [bgcolor=#000000]
        RenderTableSection {TBODY} at (1,1) size 0x293
          RenderTableRow {TR} at (0,0) size 0x0
            RenderTableCell {TD} at (0,0) size 782x25 [bgcolor=#C0C0C0] [r=0 c=0 rs=1 cs=2]
              RenderInline {STRONG} at (0,0) size 164x17 [bgcolor=#000000]
                RenderText {TEXT} at (4,4) size 164x17
                  text run at (4,4) width 164: "TABLE Testing Section"
          RenderTableRow {TR} at (0,0) size 0x0
            RenderTableCell {TD} at (0,146) size 12x25 [bgcolor=#C0C0C0] [r=1 c=0 rs=1 cs=1]
              RenderText {TEXT} at (4,4) size 4x17
                text run at (4,4) width 4: "\x{A0}"
            RenderTableCell {TD} at (12,25) size 770x268 [r=1 c=1 rs=1 cs=1]
              RenderBlock {P} at (4,4) size 762x17 [bgcolor=#C0C0C0]
                RenderText {TEXT} at (0,0) size 224x17
                  text run at (0,0) width 224: "This element has a class of zero."
              RenderBlock {P} at (4,35) size 762x102 [bgcolor=#808080]
                RenderText {TEXT} at (0,0) size 519x17
                  text run at (0,0) width 422: "This element is unstyled save for a background color of gray. "
                  text run at (422,0) width 97: "It contains an "
                RenderInline {SPAN} at (0,0) size 730x84 [bgcolor=#00FFFF]
                  RenderText {TEXT} at (544,0) size 157x17
                    text run at (544,0) width 157: "inline element of class "
                  RenderInline {TT} at (0,0) size 24x16 [bgcolor=#000000]
                    RenderText {TEXT} at (701,1) size 24x16
                      text run at (701,1) width 24: "one"
                  RenderText {TEXT} at (725,0) size 730x34
                    text run at (725,0) width 5: ","
                    text run at (0,17) width 264: "giving it an aqua background and a 25"
                    text run at (264,17) width 78: "px padding"
                RenderText {TEXT} at (367,17) size 753x85
                  text run at (367,17) width 9: ". "
                  text run at (376,17) width 372: "Padding on inline elements does not affect line-height"
                  text run at (0,34) width 509: "calculations, so all lines in this element should have the same line-height. "
                  text run at (509,34) width 93: "There may be"
                  text run at (0,51) width 752: "implementation-specific limits on how much of the padding the user agent is able to display above and below"
                  text run at (0,68) width 70: "each line. "
                  text run at (70,68) width 250: "However, there should be at least 25"
                  text run at (320,68) width 433: "px of padding to the left side of the inline box in the first line it"
                  text run at (0,85) width 111: "appears, and 25"
                  text run at (111,85) width 607: "px of padding to the right side of the inline element box in the last line where it appears."
              RenderBlock {P} at (4,151) size 762x17 [bgcolor=#C0C0C0]
                RenderText {TEXT} at (0,0) size 224x17
                  text run at (0,0) width 224: "This element has a class of zero."
              RenderBlock {P} at (4,182) size 762x51 [bgcolor=#808080]
                RenderText {TEXT} at (0,0) size 519x17
                  text run at (0,0) width 422: "This element is unstyled save for a background color of gray. "
                  text run at (422,0) width 97: "It contains an "
                RenderInline {SPAN} at (0,0) size 751x34 [bgcolor=#00FFFF]
                  RenderText {TEXT} at (519,0) size 157x17
                    text run at (519,0) width 157: "inline element of class "
                  RenderInline {TT} at (0,0) size 24x16 [bgcolor=#000000]
                    RenderText {TEXT} at (676,1) size 24x16
                      text run at (676,1) width 24: "two"
                  RenderText {TEXT} at (700,0) size 751x34
                    text run at (700,0) width 51: ", giving"
                    text run at (0,17) width 588: "it an aqua background and no padding, since negative padding values are not allowed"
                RenderText {TEXT} at (588,17) size 758x34
                  text run at (588,17) width 9: ". "
                  text run at (597,17) width 119: "Padding on inline"
                  text run at (0,34) width 758: "elements does not affect line-height calculations, so all lines in this element should have the same line-height."
              RenderBlock {P} at (4,247) size 762x17 [bgcolor=#C0C0C0]
                RenderText {TEXT} at (0,0) size 224x17
                  text run at (0,0) width 224: "This element has a class of zero."
