layer at (0,0) size 800x600
  RenderCanvas at (0,0) size 800x600
layer at (0,0) size 800x406
  RenderBlock {HTML} at (0,0) size 800x406
    RenderBody {BODY} at (8,8) size 784x390 [bgcolor=#CCCCCC]
      RenderBlock {P} at (0,0) size 784x17 [bgcolor=#000000]
        RenderText {TEXT} at (0,0) size 385x17
          text run at (0,0) width 385: "The style declarations which apply to the text below are:"
      RenderBlock {PRE} at (0,31) size 784x48 [bgcolor=#000000]
        RenderText {TEXT} at (0,0) size 408x32
          text run at (0,0) width 176: ".one {padding-left: 25"
          text run at (176,0) width 224: "px; background-color: aqua;}"
          text run at (0,16) width 184: ".two {padding-left: -10"
          text run at (184,16) width 224: "px; background-color: aqua;}"
      RenderBlock {HR} at (1,93) size 782x2 [bgcolor=#000000]
      RenderBlock {P} at (0,109) size 784x51 [bgcolor=#808080]
        RenderText {TEXT} at (0,0) size 587x17
          text run at (0,0) width 422: "This element is unstyled save for a background color of gray. "
          text run at (422,0) width 165: "However, it contains an "
        RenderInline {SPAN} at (0,0) size 765x34 [bgcolor=#00FFFF]
          RenderText {TEXT} at (612,0) size 153x17
            text run at (612,0) width 153: "inline element of class"
          RenderInline {TT} at (0,0) size 24x16 [bgcolor=#000000]
            RenderText {TEXT} at (0,18) size 24x16
              text run at (0,18) width 24: "one"
        RenderText {TEXT} at (24,17) size 621x17
          text run at (24,17) width 184: " which should result in 25-"
          text run at (208,17) width 437: "pixel left padding (which should also be a light blue) only in the "
        RenderInline {STRONG} at (0,0) size 31x17 [bgcolor=#000000]
          RenderText {TEXT} at (645,17) size 31x17
            text run at (645,17) width 31: "first"
        RenderText {TEXT} at (676,17) size 766x34
          text run at (676,17) width 90: " line in which"
          text run at (0,34) width 157: "the inline box appears."
      RenderBlock {P} at (0,174) size 784x51 [bgcolor=#808080]
        RenderText {TEXT} at (0,0) size 587x17
          text run at (0,0) width 422: "This element is unstyled save for a background color of gray. "
          text run at (422,0) width 165: "However, it contains an "
        RenderInline {SPAN} at (0,0) size 181x17 [bgcolor=#00FFFF]
          RenderText {TEXT} at (587,0) size 157x17
            text run at (587,0) width 157: "inline element of class "
          RenderInline {TT} at (0,0) size 24x16 [bgcolor=#000000]
            RenderText {TEXT} at (744,1) size 24x16
              text run at (744,1) width 24: "two"
        RenderText {TEXT} at (0,17) size 601x17
          text run at (0,17) width 180: "which should result in -10"
          text run at (180,17) width 421: "px left padding (which should also be a light blue) only in the "
        RenderInline {STRONG} at (0,0) size 31x17 [bgcolor=#000000]
          RenderText {TEXT} at (601,17) size 31x17
            text run at (601,17) width 31: "first"
        RenderText {TEXT} at (632,17) size 748x34
          text run at (632,17) width 116: " line in which the"
          text run at (0,34) width 131: "inline box appears."
      RenderTable {TABLE} at (0,239) size 784x151 [bgcolor=#000000]
        RenderTableSection {TBODY} at (1,1) size 0x149
          RenderTableRow {TR} at (0,0) size 0x0
            RenderTableCell {TD} at (0,0) size 782x25 [bgcolor=#C0C0C0] [r=0 c=0 rs=1 cs=2]
              RenderInline {STRONG} at (0,0) size 164x17 [bgcolor=#000000]
                RenderText {TEXT} at (4,4) size 164x17
                  text run at (4,4) width 164: "TABLE Testing Section"
          RenderTableRow {TR} at (0,0) size 0x0
            RenderTableCell {TD} at (0,74) size 12x25 [bgcolor=#C0C0C0] [r=1 c=0 rs=1 cs=1]
              RenderText {TEXT} at (4,4) size 4x17
                text run at (4,4) width 4: "\x{A0}"
            RenderTableCell {TD} at (12,25) size 770x124 [r=1 c=1 rs=1 cs=1]
              RenderBlock {P} at (4,4) size 762x51 [bgcolor=#808080]
                RenderText {TEXT} at (0,0) size 587x17
                  text run at (0,0) width 422: "This element is unstyled save for a background color of gray. "
                  text run at (422,0) width 165: "However, it contains an "
                RenderInline {SPAN} at (0,0) size 727x34 [bgcolor=#00FFFF]
                  RenderText {TEXT} at (612,0) size 727x34
                    text run at (612,0) width 115: "inline element of"
                    text run at (0,17) width 38: "class "
                  RenderInline {TT} at (0,0) size 24x16 [bgcolor=#000000]
                    RenderText {TEXT} at (38,18) size 24x16
                      text run at (38,18) width 24: "one"
                RenderText {TEXT} at (62,17) size 621x17
                  text run at (62,17) width 184: " which should result in 25-"
                  text run at (246,17) width 437: "pixel left padding (which should also be a light blue) only in the "
                RenderInline {STRONG} at (0,0) size 31x17 [bgcolor=#000000]
                  RenderText {TEXT} at (683,17) size 31x17
                    text run at (683,17) width 31: "first"
                RenderText {TEXT} at (714,17) size 760x34
                  text run at (714,17) width 46: " line in"
                  text run at (0,34) width 201: "which the inline box appears."
              RenderBlock {P} at (4,69) size 762x51 [bgcolor=#808080]
                RenderText {TEXT} at (0,0) size 587x17
                  text run at (0,0) width 422: "This element is unstyled save for a background color of gray. "
                  text run at (422,0) width 165: "However, it contains an "
                RenderInline {SPAN} at (0,0) size 740x34 [bgcolor=#00FFFF]
                  RenderText {TEXT} at (587,0) size 153x17
                    text run at (587,0) width 153: "inline element of class"
                  RenderInline {TT} at (0,0) size 24x16 [bgcolor=#000000]
                    RenderText {TEXT} at (0,18) size 24x16
                      text run at (0,18) width 24: "two"
                RenderText {TEXT} at (24,17) size 605x17
                  text run at (24,17) width 184: " which should result in -10"
                  text run at (208,17) width 421: "px left padding (which should also be a light blue) only in the "
                RenderInline {STRONG} at (0,0) size 31x17 [bgcolor=#000000]
                  RenderText {TEXT} at (629,17) size 31x17
                    text run at (629,17) width 31: "first"
                RenderText {TEXT} at (660,17) size 750x34
                  text run at (660,17) width 90: " line in which"
                  text run at (0,34) width 157: "the inline box appears."
