layer at (0,0) size 800x600
  RenderView at (0,0) size 800x600
layer at (0,0) size 800x286
  RenderBlock {HTML} at (0,0) size 800x286
    RenderBody {BODY} at (8,16) size 784x262
      RenderBlock {P} at (0,0) size 784x44
        RenderInline {A} at (0,0) size 322x22 [color=#0000EE]
          RenderText {#text} at (0,0) size 322x22
            text run at (0,0) width 322: "https://bugs.webkit.org/show_bug.cgi?id=25829"
        RenderBR {BR} at (322,16) size 0x0
        RenderText {#text} at (0,22) size 615x22
          text run at (0,22) width 615: "You should see no areas of read below. (This paragraph is required for the test to be valid.)"
      RenderBlock {DIV} at (0,60) size 502x202 [color=#008000] [bgcolor=#FF0000] [border: (1px solid #000000)]
        RenderText {#text} at (1,1) size 470x168
          text run at (1,1) width 470: "This background"
          text run at (1,85) width 429: "clips to the text."
