layer at (0,0) size 800x600
  RenderView at (0,0) size 800x600
layer at (0,0) size 800x162
  RenderBlock {HTML} at (0,0) size 800x162
    RenderBody {BODY} at (8,8) size 784x138
      RenderBlock {DIV} at (0,0) size 784x22
        RenderText {#text} at (0,0) size 206x22
          text run at (0,0) width 206: "There should be no red below."
layer at (8,46) size 100x100
  RenderBlock (relative positioned) {P} at (0,38) size 100x100
layer at (44,46) size 64x32
  RenderBlock (positioned) {SPAN} at (36,0) size 64x32 [bgcolor=#FFFFFF]
