layer at (0,0) size 800x2256
  RenderView at (0,0) size 800x600
layer at (0,0) size 800x2256
  RenderBlock {HTML} at (0,0) size 800x2256
    RenderBody {BODY} at (8,8) size 784x2240
      RenderBlock (anonymous) at (0,0) size 784x32
        RenderBR {BR} at (0,0) size 0x16
        RenderText {#text} at (0,16) size 73x16
          text run at (0,16) width 73: "table - color"
      RenderTable {TABLE} at (0,32) size 68x34 [bgcolor=#FFA500] [border: (1px outset #808080)]
        RenderTableSection {TBODY} at (1,1) size 66x32
          RenderTableRow {TR} at (0,6) size 66x20
            RenderTableCell {TD} at (6,6) size 24x20 [border: (1px inset #808080)] [r=0 c=0 rs=1 cs=1]
              RenderText {#text} at (2,2) size 20x16
                text run at (2,2) width 20: "foo"
            RenderTableCell {TD} at (36,6) size 24x20 [border: (1px inset #808080)] [r=0 c=1 rs=1 cs=1]
              RenderText {#text} at (2,2) size 20x16
                text run at (2,2) width 20: "bar"
      RenderBlock (anonymous) at (0,66) size 784x32
        RenderBR {BR} at (0,0) size 0x16
        RenderText {#text} at (0,16) size 80x16
          text run at (0,16) width 80: "table - image"
      RenderTable {TABLE} at (0,98) size 68x34 [border: (1px outset #808080)]
        RenderTableSection {TBODY} at (1,1) size 66x32
          RenderTableRow {TR} at (0,6) size 66x20
            RenderTableCell {TD} at (6,6) size 24x20 [border: (1px inset #808080)] [r=0 c=0 rs=1 cs=1]
              RenderText {#text} at (2,2) size 20x16
                text run at (2,2) width 20: "foo"
            RenderTableCell {TD} at (36,6) size 24x20 [border: (1px inset #808080)] [r=0 c=1 rs=1 cs=1]
              RenderText {#text} at (2,2) size 20x16
                text run at (2,2) width 20: "bar"
      RenderBlock (anonymous) at (0,132) size 784x32
        RenderBR {BR} at (0,0) size 0x16
        RenderText {#text} at (0,16) size 118x16
          text run at (0,16) width 118: "table - color, image"
      RenderTable {TABLE} at (0,164) size 68x34 [bgcolor=#FFA500] [border: (1px outset #808080)]
        RenderTableSection {TBODY} at (1,1) size 66x32
          RenderTableRow {TR} at (0,6) size 66x20
            RenderTableCell {TD} at (6,6) size 24x20 [border: (1px inset #808080)] [r=0 c=0 rs=1 cs=1]
              RenderText {#text} at (2,2) size 20x16
                text run at (2,2) width 20: "foo"
            RenderTableCell {TD} at (36,6) size 24x20 [border: (1px inset #808080)] [r=0 c=1 rs=1 cs=1]
              RenderText {#text} at (2,2) size 20x16
                text run at (2,2) width 20: "bar"
      RenderBlock (anonymous) at (0,198) size 784x32
        RenderBR {BR} at (0,0) size 0x16
        RenderText {#text} at (0,16) size 64x16
          text run at (0,16) width 64: "cell - color"
      RenderTable {TABLE} at (0,230) size 68x34 [border: (1px outset #808080)]
        RenderTableSection {TBODY} at (1,1) size 66x32
          RenderTableRow {TR} at (0,6) size 66x20
            RenderTableCell {TD} at (6,6) size 24x20 [bgcolor=#FF55DD] [border: (1px inset #808080)] [r=0 c=0 rs=1 cs=1]
              RenderText {#text} at (2,2) size 20x16
                text run at (2,2) width 20: "foo"
            RenderTableCell {TD} at (36,6) size 24x20 [border: (1px inset #808080)] [r=0 c=1 rs=1 cs=1]
              RenderText {#text} at (2,2) size 20x16
                text run at (2,2) width 20: "bar"
      RenderBlock (anonymous) at (0,264) size 784x32
        RenderBR {BR} at (0,0) size 0x16
        RenderText {#text} at (0,16) size 71x16
          text run at (0,16) width 71: "cell - image"
      RenderTable {TABLE} at (0,296) size 68x34 [border: (1px outset #808080)]
        RenderTableSection {TBODY} at (1,1) size 66x32
          RenderTableRow {TR} at (0,6) size 66x20
            RenderTableCell {TD} at (6,6) size 24x20 [border: (1px inset #808080)] [r=0 c=0 rs=1 cs=1]
              RenderText {#text} at (2,2) size 20x16
                text run at (2,2) width 20: "foo"
            RenderTableCell {TD} at (36,6) size 24x20 [border: (1px inset #808080)] [r=0 c=1 rs=1 cs=1]
              RenderText {#text} at (2,2) size 20x16
                text run at (2,2) width 20: "bar"
      RenderBlock (anonymous) at (0,330) size 784x32
        RenderBR {BR} at (0,0) size 0x16
        RenderText {#text} at (0,16) size 109x16
          text run at (0,16) width 109: "cell - color, image"
      RenderTable {TABLE} at (0,362) size 68x34 [border: (1px outset #808080)]
        RenderTableSection {TBODY} at (1,1) size 66x32
          RenderTableRow {TR} at (0,6) size 66x20
            RenderTableCell {TD} at (6,6) size 24x20 [bgcolor=#FF55DD] [border: (1px inset #808080)] [r=0 c=0 rs=1 cs=1]
              RenderText {#text} at (2,2) size 20x16
                text run at (2,2) width 20: "foo"
            RenderTableCell {TD} at (36,6) size 24x20 [border: (1px inset #808080)] [r=0 c=1 rs=1 cs=1]
              RenderText {#text} at (2,2) size 20x16
                text run at (2,2) width 20: "bar"
      RenderBlock (anonymous) at (0,396) size 784x32
        RenderBR {BR} at (0,0) size 0x16
        RenderText {#text} at (0,16) size 145x16
          text run at (0,16) width 145: "table - color; cell - color"
      RenderTable {TABLE} at (0,428) size 68x34 [bgcolor=#FFA500] [border: (1px outset #808080)]
        RenderTableSection {TBODY} at (1,1) size 66x32
          RenderTableRow {TR} at (0,6) size 66x20
            RenderTableCell {TD} at (6,6) size 24x20 [bgcolor=#FF55DD] [border: (1px inset #808080)] [r=0 c=0 rs=1 cs=1]
              RenderText {#text} at (2,2) size 20x16
                text run at (2,2) width 20: "foo"
            RenderTableCell {TD} at (36,6) size 24x20 [border: (1px inset #808080)] [r=0 c=1 rs=1 cs=1]
              RenderText {#text} at (2,2) size 20x16
                text run at (2,2) width 20: "bar"
      RenderBlock (anonymous) at (0,462) size 784x32
        RenderBR {BR} at (0,0) size 0x16
        RenderText {#text} at (0,16) size 152x16
          text run at (0,16) width 152: "table - image; cell - color"
      RenderTable {TABLE} at (0,494) size 68x34 [border: (1px outset #808080)]
        RenderTableSection {TBODY} at (1,1) size 66x32
          RenderTableRow {TR} at (0,6) size 66x20
            RenderTableCell {TD} at (6,6) size 24x20 [bgcolor=#FF55DD] [border: (1px inset #808080)] [r=0 c=0 rs=1 cs=1]
              RenderText {#text} at (2,2) size 20x16
                text run at (2,2) width 20: "foo"
            RenderTableCell {TD} at (36,6) size 24x20 [border: (1px inset #808080)] [r=0 c=1 rs=1 cs=1]
              RenderText {#text} at (2,2) size 20x16
                text run at (2,2) width 20: "bar"
      RenderBlock (anonymous) at (0,528) size 784x32
        RenderBR {BR} at (0,0) size 0x16
        RenderText {#text} at (0,16) size 159x16
          text run at (0,16) width 159: "table - image; cell - image"
      RenderTable {TABLE} at (0,560) size 68x34 [border: (1px outset #808080)]
        RenderTableSection {TBODY} at (1,1) size 66x32
          RenderTableRow {TR} at (0,6) size 66x20
            RenderTableCell {TD} at (6,6) size 24x20 [border: (1px inset #808080)] [r=0 c=0 rs=1 cs=1]
              RenderText {#text} at (2,2) size 20x16
                text run at (2,2) width 20: "foo"
            RenderTableCell {TD} at (36,6) size 24x20 [border: (1px inset #808080)] [r=0 c=1 rs=1 cs=1]
              RenderText {#text} at (2,2) size 20x16
                text run at (2,2) width 20: "bar"
      RenderBlock (anonymous) at (0,594) size 784x32
        RenderBR {BR} at (0,0) size 0x16
        RenderText {#text} at (0,16) size 98x16
          text run at (0,16) width 98: "row group color"
      RenderTable {TABLE} at (0,626) size 68x34 [border: (1px outset #808080)]
        RenderTableSection {TBODY} at (1,1) size 66x32 [bgcolor=#FF0000]
          RenderTableRow {TR} at (0,6) size 66x20
            RenderTableCell {TD} at (6,6) size 24x20 [border: (1px inset #808080)] [r=0 c=0 rs=1 cs=1]
              RenderText {#text} at (2,2) size 20x16
                text run at (2,2) width 20: "foo"
            RenderTableCell {TD} at (36,6) size 24x20 [border: (1px inset #808080)] [r=0 c=1 rs=1 cs=1]
              RenderText {#text} at (2,2) size 20x16
                text run at (2,2) width 20: "bar"
      RenderBlock (anonymous) at (0,660) size 784x32
        RenderBR {BR} at (0,0) size 0x16
        RenderText {#text} at (0,16) size 98x16
          text run at (0,16) width 98: "row group color"
      RenderTable {TABLE} at (0,692) size 68x66 [border: (1px outset #808080)]
        RenderTableSection {TBODY} at (1,1) size 66x32 [bgcolor=#FF0000]
          RenderTableRow {TR} at (0,6) size 66x20
            RenderTableCell {TD} at (6,6) size 24x20 [border: (1px inset #808080)] [r=0 c=0 rs=1 cs=1]
              RenderText {#text} at (2,2) size 20x16
                text run at (2,2) width 20: "foo"
            RenderTableCell {TD} at (36,6) size 24x20 [border: (1px inset #808080)] [r=0 c=1 rs=1 cs=1]
              RenderText {#text} at (2,2) size 20x16
                text run at (2,2) width 20: "bar"
        RenderTableSection {TBODY} at (1,33) size 66x32
          RenderTableRow {TR} at (0,6) size 66x20
            RenderTableCell {TD} at (6,6) size 24x20 [border: (1px inset #808080)] [r=0 c=0 rs=1 cs=1]
              RenderText {#text} at (2,2) size 20x16
                text run at (2,2) width 20: "foo"
            RenderTableCell {TD} at (36,6) size 24x20 [border: (1px inset #808080)] [r=0 c=1 rs=1 cs=1]
              RenderText {#text} at (2,2) size 20x16
                text run at (2,2) width 20: "bar"
      RenderBlock (anonymous) at (0,758) size 784x32
        RenderBR {BR} at (0,0) size 0x16
        RenderText {#text} at (0,16) size 58x16
          text run at (0,16) width 58: "row color"
      RenderTable {TABLE} at (0,790) size 68x34 [border: (1px outset #808080)]
        RenderTableSection {TBODY} at (1,1) size 66x32
          RenderTableRow {TR} at (0,6) size 66x20 [bgcolor=#FF0000]
            RenderTableCell {TD} at (6,6) size 24x20 [border: (1px inset #808080)] [r=0 c=0 rs=1 cs=1]
              RenderText {#text} at (2,2) size 20x16
                text run at (2,2) width 20: "foo"
            RenderTableCell {TD} at (36,6) size 24x20 [border: (1px inset #808080)] [r=0 c=1 rs=1 cs=1]
              RenderText {#text} at (2,2) size 20x16
                text run at (2,2) width 20: "bar"
      RenderBlock (anonymous) at (0,824) size 784x32
        RenderBR {BR} at (0,0) size 0x16
        RenderText {#text} at (0,16) size 58x16
          text run at (0,16) width 58: "row color"
      RenderTable {TABLE} at (0,856) size 68x60 [border: (1px outset #808080)]
        RenderTableSection {TBODY} at (1,1) size 66x58
          RenderTableRow {TR} at (0,6) size 66x20 [bgcolor=#FF0000]
            RenderTableCell {TD} at (6,6) size 24x20 [border: (1px inset #808080)] [r=0 c=0 rs=1 cs=1]
              RenderText {#text} at (2,2) size 20x16
                text run at (2,2) width 20: "foo"
            RenderTableCell {TD} at (36,6) size 24x20 [border: (1px inset #808080)] [r=0 c=1 rs=1 cs=1]
              RenderText {#text} at (2,2) size 20x16
                text run at (2,2) width 20: "bar"
          RenderTableRow {TR} at (0,32) size 66x20
            RenderTableCell {TD} at (6,32) size 24x20 [border: (1px inset #808080)] [r=1 c=0 rs=1 cs=1]
              RenderText {#text} at (2,2) size 20x16
                text run at (2,2) width 20: "foo"
            RenderTableCell {TD} at (36,32) size 24x20 [border: (1px inset #808080)] [r=1 c=1 rs=1 cs=1]
              RenderText {#text} at (2,2) size 20x16
                text run at (2,2) width 20: "bar"
      RenderBlock (anonymous) at (0,916) size 784x32
        RenderBR {BR} at (0,0) size 0x16
        RenderText {#text} at (0,16) size 65x16
          text run at (0,16) width 65: "row image"
      RenderTable {TABLE} at (0,948) size 68x34 [border: (1px outset #808080)]
        RenderTableSection {TBODY} at (1,1) size 66x32
          RenderTableRow {TR} at (0,6) size 66x20
            RenderTableCell {TD} at (6,6) size 24x20 [border: (1px inset #808080)] [r=0 c=0 rs=1 cs=1]
              RenderText {#text} at (2,2) size 20x16
                text run at (2,2) width 20: "foo"
            RenderTableCell {TD} at (36,6) size 24x20 [border: (1px inset #808080)] [r=0 c=1 rs=1 cs=1]
              RenderText {#text} at (2,2) size 20x16
                text run at (2,2) width 20: "bar"
      RenderBlock (anonymous) at (0,982) size 784x32
        RenderBR {BR} at (0,0) size 0x16
        RenderText {#text} at (0,16) size 138x16
          text run at (0,16) width 138: "table - color, row color"
      RenderTable {TABLE} at (0,1014) size 68x60 [bgcolor=#FFA500] [border: (1px outset #808080)]
        RenderTableSection {TBODY} at (1,1) size 66x58
          RenderTableRow {TR} at (0,6) size 66x20 [bgcolor=#FF0000]
            RenderTableCell {TD} at (6,6) size 24x20 [border: (1px inset #808080)] [r=0 c=0 rs=1 cs=1]
              RenderText {#text} at (2,2) size 20x16
                text run at (2,2) width 20: "foo"
            RenderTableCell {TD} at (36,6) size 24x20 [border: (1px inset #808080)] [r=0 c=1 rs=1 cs=1]
              RenderText {#text} at (2,2) size 20x16
                text run at (2,2) width 20: "bar"
          RenderTableRow {TR} at (0,32) size 66x20
            RenderTableCell {TD} at (6,32) size 24x20 [border: (1px inset #808080)] [r=1 c=0 rs=1 cs=1]
              RenderText {#text} at (2,2) size 20x16
                text run at (2,2) width 20: "foo"
            RenderTableCell {TD} at (36,32) size 24x20 [border: (1px inset #808080)] [r=1 c=1 rs=1 cs=1]
              RenderText {#text} at (2,2) size 20x16
                text run at (2,2) width 20: "bar"
      RenderBlock (anonymous) at (0,1074) size 784x32
        RenderBR {BR} at (0,0) size 0x16
        RenderText {#text} at (0,16) size 145x16
          text run at (0,16) width 145: "table - image, row color"
      RenderTable {TABLE} at (0,1106) size 68x60 [border: (1px outset #808080)]
        RenderTableSection {TBODY} at (1,1) size 66x58
          RenderTableRow {TR} at (0,6) size 66x20 [bgcolor=#FF0000]
            RenderTableCell {TD} at (6,6) size 24x20 [border: (1px inset #808080)] [r=0 c=0 rs=1 cs=1]
              RenderText {#text} at (2,2) size 20x16
                text run at (2,2) width 20: "foo"
            RenderTableCell {TD} at (36,6) size 24x20 [border: (1px inset #808080)] [r=0 c=1 rs=1 cs=1]
              RenderText {#text} at (2,2) size 20x16
                text run at (2,2) width 20: "bar"
          RenderTableRow {TR} at (0,32) size 66x20
            RenderTableCell {TD} at (6,32) size 24x20 [border: (1px inset #808080)] [r=1 c=0 rs=1 cs=1]
              RenderText {#text} at (2,2) size 20x16
                text run at (2,2) width 20: "foo"
            RenderTableCell {TD} at (36,32) size 24x20 [border: (1px inset #808080)] [r=1 c=1 rs=1 cs=1]
              RenderText {#text} at (2,2) size 20x16
                text run at (2,2) width 20: "bar"
      RenderBlock (anonymous) at (0,1166) size 784x32
        RenderBR {BR} at (0,0) size 0x16
        RenderText {#text} at (0,16) size 146x16
          text run at (0,16) width 146: "table - color; row image"
      RenderTable {TABLE} at (0,1198) size 68x34 [bgcolor=#FFA500] [border: (1px outset #808080)]
        RenderTableSection {TBODY} at (1,1) size 66x32
          RenderTableRow {TR} at (0,6) size 66x20
            RenderTableCell {TD} at (6,6) size 24x20 [border: (1px inset #808080)] [r=0 c=0 rs=1 cs=1]
              RenderText {#text} at (2,2) size 20x16
                text run at (2,2) width 20: "foo"
            RenderTableCell {TD} at (36,6) size 24x20 [border: (1px inset #808080)] [r=0 c=1 rs=1 cs=1]
              RenderText {#text} at (2,2) size 20x16
                text run at (2,2) width 20: "bar"
      RenderBlock (anonymous) at (0,1232) size 784x32
        RenderBR {BR} at (0,0) size 0x16
        RenderText {#text} at (0,16) size 152x16
          text run at (0,16) width 152: "table - image, row image"
      RenderTable {TABLE} at (0,1264) size 68x34 [border: (1px outset #808080)]
        RenderTableSection {TBODY} at (1,1) size 66x32
          RenderTableRow {TR} at (0,6) size 66x20
            RenderTableCell {TD} at (6,6) size 24x20 [border: (1px inset #808080)] [r=0 c=0 rs=1 cs=1]
              RenderText {#text} at (2,2) size 20x16
                text run at (2,2) width 20: "foo"
            RenderTableCell {TD} at (36,6) size 24x20 [border: (1px inset #808080)] [r=0 c=1 rs=1 cs=1]
              RenderText {#text} at (2,2) size 20x16
                text run at (2,2) width 20: "bar"
      RenderBlock (anonymous) at (0,1298) size 784x32
        RenderBR {BR} at (0,0) size 0x16
        RenderText {#text} at (0,16) size 203x16
          text run at (0,16) width 203: "table - color; row color; cell color"
      RenderTable {TABLE} at (0,1330) size 68x60 [bgcolor=#FFA500] [border: (1px outset #808080)]
        RenderTableSection {TBODY} at (1,1) size 66x58
          RenderTableRow {TR} at (0,6) size 66x20 [bgcolor=#FF0000]
            RenderTableCell {TD} at (6,6) size 24x20 [bgcolor=#FF55DD] [border: (1px inset #808080)] [r=0 c=0 rs=1 cs=1]
              RenderText {#text} at (2,2) size 20x16
                text run at (2,2) width 20: "foo"
            RenderTableCell {TD} at (36,6) size 24x20 [border: (1px inset #808080)] [r=0 c=1 rs=1 cs=1]
              RenderText {#text} at (2,2) size 20x16
                text run at (2,2) width 20: "bar"
          RenderTableRow {TR} at (0,32) size 66x20
            RenderTableCell {TD} at (6,32) size 24x20 [border: (1px inset #808080)] [r=1 c=0 rs=1 cs=1]
              RenderText {#text} at (2,2) size 20x16
                text run at (2,2) width 20: "foo"
            RenderTableCell {TD} at (36,32) size 24x20 [border: (1px inset #808080)] [r=1 c=1 rs=1 cs=1]
              RenderText {#text} at (2,2) size 20x16
                text run at (2,2) width 20: "bar"
      RenderBlock (anonymous) at (0,1390) size 784x32
        RenderBR {BR} at (0,0) size 0x16
        RenderText {#text} at (0,16) size 210x16
          text run at (0,16) width 210: "table - image; row color; cell color"
      RenderTable {TABLE} at (0,1422) size 68x60 [border: (1px outset #808080)]
        RenderTableSection {TBODY} at (1,1) size 66x58
          RenderTableRow {TR} at (0,6) size 66x20 [bgcolor=#FF0000]
            RenderTableCell {TD} at (6,6) size 24x20 [bgcolor=#FF55DD] [border: (1px inset #808080)] [r=0 c=0 rs=1 cs=1]
              RenderText {#text} at (2,2) size 20x16
                text run at (2,2) width 20: "foo"
            RenderTableCell {TD} at (36,6) size 24x20 [border: (1px inset #808080)] [r=0 c=1 rs=1 cs=1]
              RenderText {#text} at (2,2) size 20x16
                text run at (2,2) width 20: "bar"
          RenderTableRow {TR} at (0,32) size 66x20
            RenderTableCell {TD} at (6,32) size 24x20 [border: (1px inset #808080)] [r=1 c=0 rs=1 cs=1]
              RenderText {#text} at (2,2) size 20x16
                text run at (2,2) width 20: "foo"
            RenderTableCell {TD} at (36,32) size 24x20 [border: (1px inset #808080)] [r=1 c=1 rs=1 cs=1]
              RenderText {#text} at (2,2) size 20x16
                text run at (2,2) width 20: "bar"
      RenderBlock (anonymous) at (0,1482) size 784x32
        RenderBR {BR} at (0,0) size 0x16
        RenderText {#text} at (0,16) size 210x16
          text run at (0,16) width 210: "table - color; row image; cell color"
      RenderTable {TABLE} at (0,1514) size 68x60 [bgcolor=#FFA500] [border: (1px outset #808080)]
        RenderTableSection {TBODY} at (1,1) size 66x58
          RenderTableRow {TR} at (0,6) size 66x20
            RenderTableCell {TD} at (6,6) size 24x20 [bgcolor=#FF55DD] [border: (1px inset #808080)] [r=0 c=0 rs=1 cs=1]
              RenderText {#text} at (2,2) size 20x16
                text run at (2,2) width 20: "foo"
            RenderTableCell {TD} at (36,6) size 24x20 [border: (1px inset #808080)] [r=0 c=1 rs=1 cs=1]
              RenderText {#text} at (2,2) size 20x16
                text run at (2,2) width 20: "bar"
          RenderTableRow {TR} at (0,32) size 66x20
            RenderTableCell {TD} at (6,32) size 24x20 [border: (1px inset #808080)] [r=1 c=0 rs=1 cs=1]
              RenderText {#text} at (2,2) size 20x16
                text run at (2,2) width 20: "foo"
            RenderTableCell {TD} at (36,32) size 24x20 [border: (1px inset #808080)] [r=1 c=1 rs=1 cs=1]
              RenderText {#text} at (2,2) size 20x16
                text run at (2,2) width 20: "bar"
      RenderBlock (anonymous) at (0,1574) size 784x32
        RenderBR {BR} at (0,0) size 0x16
        RenderText {#text} at (0,16) size 210x16
          text run at (0,16) width 210: "table - color; row color; cell image"
      RenderTable {TABLE} at (0,1606) size 68x60 [bgcolor=#FFA500] [border: (1px outset #808080)]
        RenderTableSection {TBODY} at (1,1) size 66x58
          RenderTableRow {TR} at (0,6) size 66x20 [bgcolor=#FF0000]
            RenderTableCell {TD} at (6,6) size 24x20 [border: (1px inset #808080)] [r=0 c=0 rs=1 cs=1]
              RenderText {#text} at (2,2) size 20x16
                text run at (2,2) width 20: "foo"
            RenderTableCell {TD} at (36,6) size 24x20 [border: (1px inset #808080)] [r=0 c=1 rs=1 cs=1]
              RenderText {#text} at (2,2) size 20x16
                text run at (2,2) width 20: "bar"
          RenderTableRow {TR} at (0,32) size 66x20
            RenderTableCell {TD} at (6,32) size 24x20 [border: (1px inset #808080)] [r=1 c=0 rs=1 cs=1]
              RenderText {#text} at (2,2) size 20x16
                text run at (2,2) width 20: "foo"
            RenderTableCell {TD} at (36,32) size 24x20 [border: (1px inset #808080)] [r=1 c=1 rs=1 cs=1]
              RenderText {#text} at (2,2) size 20x16
                text run at (2,2) width 20: "bar"
      RenderBlock (anonymous) at (0,1666) size 784x32
        RenderBR {BR} at (0,0) size 0x16
        RenderText {#text} at (0,16) size 93x16
          text run at (0,16) width 93: "col group color"
      RenderTable {TABLE} at (0,1698) size 38x34 [border: (1px outset #808080)]
        RenderTableCol {COLGROUP} at (0,0) size 0x0 [bgcolor=#FF0000]
          RenderTableCol {COL} at (0,0) size 0x0
        RenderTableSection {TBODY} at (1,1) size 36x32
          RenderTableRow {TR} at (0,6) size 36x20
            RenderTableCell {TD} at (6,6) size 24x20 [border: (1px inset #808080)] [r=0 c=0 rs=1 cs=1]
              RenderText {#text} at (2,2) size 20x16
                text run at (2,2) width 20: "foo"
      RenderBlock (anonymous) at (0,1732) size 784x32
        RenderBR {BR} at (0,0) size 0x16
        RenderText {#text} at (0,16) size 53x16
          text run at (0,16) width 53: "col color"
      RenderTable {TABLE} at (0,1764) size 38x34 [border: (1px outset #808080)]
        RenderTableCol {COL} at (0,0) size 0x0 [bgcolor=#FF0000]
        RenderTableSection {TBODY} at (1,1) size 36x32
          RenderTableRow {TR} at (0,6) size 36x20
            RenderTableCell {TD} at (6,6) size 24x20 [border: (1px inset #808080)] [r=0 c=0 rs=1 cs=1]
              RenderText {#text} at (2,2) size 20x16
                text run at (2,2) width 20: "foo"
      RenderBlock (anonymous) at (0,1798) size 784x32
        RenderBR {BR} at (0,0) size 0x16
        RenderText {#text} at (0,16) size 224x16
          text run at (0,16) width 224: "table - image; row image; cell image"
      RenderTable {TABLE} at (0,1830) size 68x60 [border: (1px outset #808080)]
        RenderTableSection {TBODY} at (1,1) size 66x58
          RenderTableRow {TR} at (0,6) size 66x20
            RenderTableCell {TD} at (6,6) size 24x20 [border: (1px inset #808080)] [r=0 c=0 rs=1 cs=1]
              RenderText {#text} at (2,2) size 20x16
                text run at (2,2) width 20: "foo"
            RenderTableCell {TD} at (36,6) size 24x20 [border: (1px inset #808080)] [r=0 c=1 rs=1 cs=1]
              RenderText {#text} at (2,2) size 20x16
                text run at (2,2) width 20: "bar"
          RenderTableRow {TR} at (0,32) size 66x20
            RenderTableCell {TD} at (6,32) size 24x20 [border: (1px inset #808080)] [r=1 c=0 rs=1 cs=1]
              RenderText {#text} at (2,2) size 20x16
                text run at (2,2) width 20: "foo"
            RenderTableCell {TD} at (36,32) size 24x20 [border: (1px inset #808080)] [r=1 c=1 rs=1 cs=1]
              RenderText {#text} at (2,2) size 20x16
                text run at (2,2) width 20: "bar"
      RenderBlock (anonymous) at (0,1890) size 784x32
        RenderBR {BR} at (0,0) size 0x16
        RenderText {#text} at (0,16) size 225x16
          text run at (0,16) width 225: "table - color, tbodies color, row color"
      RenderTable {TABLE} at (0,1922) size 46x94 [bgcolor=#FFA500] [border: (1px outset #808080)]
        RenderTableSection {TBODY} at (7,7) size 32x52 [bgcolor=#FF0000]
          RenderTableRow {TR} at (0,4) size 32x20 [bgcolor=#FFFF00]
            RenderTableCell {TD} at (4,4) size 24x20 [border: (1px inset #808080)] [r=0 c=0 rs=1 cs=1]
              RenderText {#text} at (2,2) size 20x16
                text run at (2,2) width 20: "foo"
          RenderTableRow {TR} at (0,28) size 32x20
            RenderTableCell {TD} at (4,28) size 24x20 [border: (1px inset #808080)] [r=1 c=0 rs=1 cs=1]
              RenderText {#text} at (2,2) size 20x16
                text run at (2,2) width 20: "foo"
        RenderTableSection {TBODY} at (7,59) size 32x28 [bgcolor=#008000]
          RenderTableRow {TR} at (0,4) size 32x20
            RenderTableCell {TD} at (4,4) size 24x20 [border: (1px inset #808080)] [r=0 c=0 rs=1 cs=1]
              RenderText {#text} at (2,2) size 20x16
                text run at (2,2) width 20: "foo"
      RenderBlock (anonymous) at (0,2016) size 784x32
        RenderBR {BR} at (0,0) size 0x16
        RenderText {#text} at (0,16) size 60x16
          text run at (0,16) width 60: "col image"
      RenderTable {TABLE} at (0,2048) size 74x66 [border: (1px outset #808080)]
        RenderTableCol {COL} at (0,0) size 0x0 [bgcolor=#FF0000]
        RenderTableSection {TBODY} at (7,7) size 60x52
          RenderTableRow {TR} at (0,4) size 60x20
            RenderTableCell {TD} at (4,4) size 24x20 [border: (1px inset #808080)] [r=0 c=0 rs=1 cs=1]
              RenderText {#text} at (2,2) size 20x16
                text run at (2,2) width 20: "foo"
            RenderTableCell {TD} at (32,4) size 24x20 [border: (1px inset #808080)] [r=0 c=1 rs=1 cs=1]
              RenderText {#text} at (2,2) size 20x16
                text run at (2,2) width 20: "bar"
          RenderTableRow {TR} at (0,28) size 60x20
            RenderTableCell {TD} at (4,28) size 24x20 [border: (1px inset #808080)] [r=1 c=0 rs=1 cs=1]
              RenderText {#text} at (2,2) size 20x16
                text run at (2,2) width 20: "foo"
            RenderTableCell {TD} at (32,28) size 24x20 [border: (1px inset #808080)] [r=1 c=1 rs=1 cs=1]
              RenderText {#text} at (2,2) size 20x16
                text run at (2,2) width 20: "bar"
      RenderBlock (anonymous) at (0,2114) size 784x32
        RenderBR {BR} at (0,0) size 0x16
        RenderText {#text} at (0,16) size 357x16
          text run at (0,16) width 357: "table color; col group color; col color; row color; cell color"
      RenderTable {TABLE} at (0,2146) size 118x78 [bgcolor=#FFA500] [border: (1px outset #808080)]
        RenderTableCol {COLGROUP} at (0,0) size 0x0 [bgcolor=#FF0000]
          RenderTableCol {COL} at (0,0) size 0x0 [bgcolor=#FF9999]
          RenderTableCol {COL} at (0,0) size 0x0
        RenderTableCol {COLGROUP} at (0,0) size 0x0 [bgcolor=#0000FF]
          RenderTableCol {COL} at (0,0) size 0x0
          RenderTableCol {COL} at (0,0) size 0x0 [bgcolor=#9999FF]
        RenderTableSection {TBODY} at (1,1) size 116x76
          RenderTableRow {TR} at (0,4) size 116x20 [bgcolor=#FFFF00]
            RenderTableCell {TD} at (4,4) size 24x20 [border: (1px inset #808080)] [r=0 c=0 rs=1 cs=1]
              RenderText {#text} at (2,2) size 20x16
                text run at (2,2) width 20: "foo"
            RenderTableCell {TD} at (32,4) size 24x20 [bgcolor=#FFA500] [border: (1px inset #808080)] [r=0 c=1 rs=1 cs=1]
              RenderText {#text} at (2,2) size 20x16
                text run at (2,2) width 20: "bar"
            RenderTableCell {TD} at (60,4) size 24x20 [border: (1px inset #808080)] [r=0 c=2 rs=1 cs=1]
              RenderText {#text} at (2,2) size 20x16
                text run at (2,2) width 20: "foo"
            RenderTableCell {TD} at (88,4) size 24x20 [border: (1px inset #808080)] [r=0 c=3 rs=1 cs=1]
              RenderText {#text} at (2,2) size 20x16
                text run at (2,2) width 20: "bar"
          RenderTableRow {TR} at (0,28) size 116x20
            RenderTableCell {TD} at (4,28) size 24x20 [border: (1px inset #808080)] [r=1 c=0 rs=1 cs=1]
              RenderText {#text} at (2,2) size 20x16
                text run at (2,2) width 20: "foo"
            RenderTableCell {TD} at (32,28) size 24x20 [border: (1px inset #808080)] [r=1 c=1 rs=1 cs=1]
              RenderText {#text} at (2,2) size 20x16
                text run at (2,2) width 20: "bar"
            RenderTableCell {TD} at (60,28) size 24x20 [border: (1px inset #808080)] [r=1 c=2 rs=1 cs=1]
              RenderText {#text} at (2,2) size 20x16
                text run at (2,2) width 20: "foo"
            RenderTableCell {TD} at (88,28) size 24x20 [border: (1px inset #808080)] [r=1 c=3 rs=1 cs=1]
              RenderText {#text} at (2,2) size 20x16
                text run at (2,2) width 20: "bar"
          RenderTableRow {TR} at (0,52) size 116x20
            RenderTableCell {TD} at (4,52) size 24x20 [border: (1px inset #808080)] [r=2 c=0 rs=1 cs=1]
              RenderText {#text} at (2,2) size 20x16
                text run at (2,2) width 20: "foo"
            RenderTableCell {TD} at (32,52) size 24x20 [border: (1px inset #808080)] [r=2 c=1 rs=1 cs=1]
              RenderText {#text} at (2,2) size 20x16
                text run at (2,2) width 20: "bar"
            RenderTableCell {TD} at (60,52) size 24x20 [border: (1px inset #808080)] [r=2 c=2 rs=1 cs=1]
              RenderText {#text} at (2,2) size 20x16
                text run at (2,2) width 20: "foo"
            RenderTableCell {TD} at (88,52) size 24x20 [border: (1px inset #808080)] [r=2 c=3 rs=1 cs=1]
              RenderText {#text} at (2,2) size 20x16
                text run at (2,2) width 20: "bar"
      RenderBlock (anonymous) at (0,2224) size 784x16
        RenderText {#text} at (0,0) size 16x16
          text run at (0,0) width 16: "-->"
        RenderText {#text} at (0,0) size 0x0
