layer at (0,0) size 800x1033
  RenderView at (0,0) size 800x600
layer at (0,0) size 800x1033
  RenderBlock {HTML} at (0,0) size 800x1033
    RenderBody {BODY} at (8,8) size 784x1017
      RenderBlock {CENTER} at (0,0) size 784x16
        RenderText {#text} at (329,0) size 126x16
          text run at (329,0) width 126: "bottom caption tests"
      RenderBlock (anonymous) at (0,16) size 784x16
        RenderText {#text} at (0,0) size 100x16
          text run at (0,0) width 100: "table 1 - original"
      RenderTable {TABLE} at (5,42) size 90x104 [border: (10px solid #008000)]
        RenderBlock {CAPTION} at (10,0) size 60x40 [border: (3px solid #800080)]
          RenderText {#text} at (7,3) size 46x16
            text run at (7,3) width 46: "caption"
          RenderBlock {INPUT} at (23,21) size 13x13 [bgcolor=#C0C0C0]
        RenderTableSection {TBODY} at (10,52) size 70x42
          RenderTableRow {TR} at (0,2) size 70x18
            RenderTableCell {TD} at (2,2) size 32x18 [r=0 c=0 rs=1 cs=1]
              RenderText {#text} at (1,1) size 30x16
                text run at (1,1) width 30: "Data"
            RenderTableCell {TD} at (36,2) size 32x18 [r=0 c=1 rs=1 cs=1]
              RenderText {#text} at (1,1) size 30x16
                text run at (1,1) width 30: "Data"
          RenderTableRow {TR} at (0,22) size 70x18
            RenderTableCell {TD} at (2,22) size 32x18 [r=1 c=0 rs=1 cs=1]
              RenderText {#text} at (1,1) size 30x16
                text run at (1,1) width 30: "Data"
            RenderTableCell {TD} at (36,22) size 32x18 [r=1 c=1 rs=1 cs=1]
              RenderText {#text} at (1,1) size 30x16
                text run at (1,1) width 30: "Data"
      RenderBlock (anonymous) at (0,151) size 784x16
        RenderText {#text} at (0,0) size 189x16
          text run at (0,0) width 189: "table 2 - caption gains content"
      RenderTable {TABLE} at (5,177) size 90x120 [border: (10px solid #008000)]
        RenderBlock {CAPTION} at (10,0) size 60x56 [border: (3px solid #800080)]
          RenderText {#text} at (7,3) size 46x16
            text run at (7,3) width 46: "caption"
          RenderBlock {INPUT} at (13,21) size 13x13 [bgcolor=#C0C0C0]
          RenderText {#text} at (28,21) size 28x32
            text run at (28,21) width 20: "foo"
            text run at (20,37) width 20: "foo"
        RenderTableSection {TBODY} at (10,68) size 70x42
          RenderTableRow {TR} at (0,2) size 70x18
            RenderTableCell {TD} at (2,2) size 32x18 [r=0 c=0 rs=1 cs=1]
              RenderText {#text} at (1,1) size 30x16
                text run at (1,1) width 30: "Data"
            RenderTableCell {TD} at (36,2) size 32x18 [r=0 c=1 rs=1 cs=1]
              RenderText {#text} at (1,1) size 30x16
                text run at (1,1) width 30: "Data"
          RenderTableRow {TR} at (0,22) size 70x18
            RenderTableCell {TD} at (2,22) size 32x18 [r=1 c=0 rs=1 cs=1]
              RenderText {#text} at (1,1) size 30x16
                text run at (1,1) width 30: "Data"
            RenderTableCell {TD} at (36,22) size 32x18 [r=1 c=1 rs=1 cs=1]
              RenderText {#text} at (1,1) size 30x16
                text run at (1,1) width 30: "Data"
      RenderBlock (anonymous) at (0,302) size 784x16
        RenderText {#text} at (0,0) size 386x16
          text run at (0,0) width 386: "table 3 - caption gains content extending its max element size"
      RenderTable {TABLE} at (5,328) size 165x104 [border: (10px solid #008000)]
        RenderBlock {CAPTION} at (10,0) size 135x40 [border: (3px solid #800080)]
          RenderText {#text} at (36,5) size 46x16
            text run at (36,5) width 46: "caption"
          RenderBlock {INPUT} at (84,5) size 13x13 [bgcolor=#C0C0C0]
          RenderText {#text} at (3,21) size 142x16
            text run at (3,21) width 142: "very_large_very_large"
        RenderTableSection {TBODY} at (10,52) size 145x42
          RenderTableRow {TR} at (0,2) size 145x18
            RenderTableCell {TD} at (2,2) size 69x18 [r=0 c=0 rs=1 cs=1]
              RenderText {#text} at (1,1) size 30x16
                text run at (1,1) width 30: "Data"
            RenderTableCell {TD} at (73,2) size 70x18 [r=0 c=1 rs=1 cs=1]
              RenderText {#text} at (1,1) size 30x16
                text run at (1,1) width 30: "Data"
          RenderTableRow {TR} at (0,22) size 145x18
            RenderTableCell {TD} at (2,22) size 69x18 [r=1 c=0 rs=1 cs=1]
              RenderText {#text} at (1,1) size 30x16
                text run at (1,1) width 30: "Data"
            RenderTableCell {TD} at (73,22) size 70x18 [r=1 c=1 rs=1 cs=1]
              RenderText {#text} at (1,1) size 30x16
                text run at (1,1) width 30: "Data"
      RenderBlock (anonymous) at (0,437) size 784x16
        RenderText {#text} at (0,0) size 188x16
          text run at (0,0) width 188: "table 4 - caption loses content"
      RenderTable {TABLE} at (5,463) size 90x86 [border: (10px solid #008000)]
        RenderBlock {CAPTION} at (10,0) size 60x22 [border: (3px solid #800080)]
          RenderText {#text} at (7,3) size 46x16
            text run at (7,3) width 46: "caption"
        RenderTableSection {TBODY} at (10,34) size 70x42
          RenderTableRow {TR} at (0,2) size 70x18
            RenderTableCell {TD} at (2,2) size 32x18 [r=0 c=0 rs=1 cs=1]
              RenderText {#text} at (1,1) size 30x16
                text run at (1,1) width 30: "Data"
            RenderTableCell {TD} at (36,2) size 32x18 [r=0 c=1 rs=1 cs=1]
              RenderText {#text} at (1,1) size 30x16
                text run at (1,1) width 30: "Data"
          RenderTableRow {TR} at (0,22) size 70x18
            RenderTableCell {TD} at (2,22) size 32x18 [r=1 c=0 rs=1 cs=1]
              RenderText {#text} at (1,1) size 30x16
                text run at (1,1) width 30: "Data"
            RenderTableCell {TD} at (36,22) size 32x18 [r=1 c=1 rs=1 cs=1]
              RenderText {#text} at (1,1) size 30x16
                text run at (1,1) width 30: "Data"
      RenderBlock (anonymous) at (0,554) size 784x16
        RenderText {#text} at (0,0) size 153x16
          text run at (0,0) width 153: "table 5 - table gets wider"
      RenderTable {TABLE} at (5,580) size 134x88 [border: (10px solid #008000)]
        RenderBlock {CAPTION} at (10,0) size 104x24 [border: (3px solid #800080)]
          RenderText {#text} at (20,5) size 46x16
            text run at (20,5) width 46: "caption"
          RenderBlock {INPUT} at (68,5) size 13x13 [bgcolor=#C0C0C0]
        RenderTableSection {TBODY} at (10,36) size 114x42
          RenderTableRow {TR} at (0,2) size 114x18
            RenderTableCell {TD} at (2,2) size 32x18 [r=0 c=0 rs=1 cs=1]
              RenderText {#text} at (1,1) size 30x16
                text run at (1,1) width 30: "Data"
            RenderTableCell {TD} at (36,2) size 76x18 [r=0 c=1 rs=1 cs=1]
              RenderText {#text} at (1,1) size 30x16
                text run at (1,1) width 30: "Data"
              RenderText {#text} at (31,1) size 44x16
                text run at (31,1) width 44: "foo foo"
          RenderTableRow {TR} at (0,22) size 114x18
            RenderTableCell {TD} at (2,22) size 32x18 [r=1 c=0 rs=1 cs=1]
              RenderText {#text} at (1,1) size 30x16
                text run at (1,1) width 30: "Data"
            RenderTableCell {TD} at (36,22) size 76x18 [r=1 c=1 rs=1 cs=1]
              RenderText {#text} at (1,1) size 30x16
                text run at (1,1) width 30: "Data"
      RenderBlock (anonymous) at (0,673) size 784x16
        RenderText {#text} at (0,0) size 150x16
          text run at (0,0) width 150: "table 6 - table gets taller"
      RenderTable {TABLE} at (5,699) size 104x108 [border: (10px solid #008000)]
        RenderBlock {CAPTION} at (10,0) size 74x24 [border: (3px solid #800080)]
          RenderText {#text} at (5,5) size 46x16
            text run at (5,5) width 46: "caption"
          RenderBlock {INPUT} at (53,5) size 13x13 [bgcolor=#C0C0C0]
        RenderTableSection {TBODY} at (10,36) size 84x62
          RenderTableRow {TR} at (0,2) size 84x18
            RenderTableCell {TD} at (2,2) size 46x18 [r=0 c=0 rs=1 cs=1]
              RenderText {#text} at (1,1) size 30x16
                text run at (1,1) width 30: "Data"
            RenderTableCell {TD} at (50,2) size 32x18 [r=0 c=1 rs=1 cs=1]
              RenderText {#text} at (1,1) size 30x16
                text run at (1,1) width 30: "Data"
          RenderTableRow {TR} at (0,22) size 84x18
            RenderTableCell {TD} at (2,22) size 46x18 [r=1 c=0 rs=1 cs=1]
              RenderText {#text} at (1,1) size 30x16
                text run at (1,1) width 30: "Data"
            RenderTableCell {TD} at (50,22) size 32x18 [r=1 c=1 rs=1 cs=1]
              RenderText {#text} at (1,1) size 30x16
                text run at (1,1) width 30: "Data"
          RenderTableRow {TR} at (0,42) size 84x18
            RenderTableCell {TD} at (2,42) size 46x18 [r=2 c=0 rs=1 cs=1]
              RenderText {#text} at (1,1) size 44x16
                text run at (1,1) width 44: "foo foo"
      RenderBlock (anonymous) at (0,812) size 784x16
        RenderText {#text} at (0,0) size 139x16
          text run at (0,0) width 139: "table 7 - insert caption"
      RenderTable {TABLE} at (5,838) size 90x86 [border: (10px solid #008000)]
        RenderTableSection {TBODY} at (10,34) size 70x42
          RenderTableRow {TR} at (0,2) size 70x18
            RenderTableCell {TD} at (2,2) size 32x18 [r=0 c=0 rs=1 cs=1]
              RenderText {#text} at (1,1) size 30x16
                text run at (1,1) width 30: "Data"
            RenderTableCell {TD} at (36,2) size 32x18 [r=0 c=1 rs=1 cs=1]
              RenderText {#text} at (1,1) size 30x16
                text run at (1,1) width 30: "Data"
          RenderTableRow {TR} at (0,22) size 70x18
            RenderTableCell {TD} at (2,22) size 32x18 [r=1 c=0 rs=1 cs=1]
              RenderText {#text} at (1,1) size 30x16
                text run at (1,1) width 30: "Data"
            RenderTableCell {TD} at (36,22) size 32x18 [r=1 c=1 rs=1 cs=1]
              RenderText {#text} at (1,1) size 30x16
                text run at (1,1) width 30: "Data"
        RenderBlock {CAPTION} at (10,0) size 60x22 [border: (3px solid #800080)]
          RenderText {#text} at (3,3) size 53x16
            text run at (3,3) width 53: "new cap"
      RenderBlock (anonymous) at (0,929) size 784x16
        RenderText {#text} at (0,0) size 151x16
          text run at (0,0) width 151: "table 8 - remove caption"
      RenderTable {TABLE} at (5,955) size 90x62 [border: (10px solid #008000)]
        RenderTableSection {TBODY} at (10,10) size 70x42
          RenderTableRow {TR} at (0,2) size 70x18
            RenderTableCell {TD} at (2,2) size 32x18 [r=0 c=0 rs=1 cs=1]
              RenderText {#text} at (1,1) size 30x16
                text run at (1,1) width 30: "Data"
            RenderTableCell {TD} at (36,2) size 32x18 [r=0 c=1 rs=1 cs=1]
              RenderText {#text} at (1,1) size 30x16
                text run at (1,1) width 30: "Data"
          RenderTableRow {TR} at (0,22) size 70x18
            RenderTableCell {TD} at (2,22) size 32x18 [r=1 c=0 rs=1 cs=1]
              RenderText {#text} at (1,1) size 30x16
                text run at (1,1) width 30: "Data"
            RenderTableCell {TD} at (36,22) size 32x18 [r=1 c=1 rs=1 cs=1]
              RenderText {#text} at (1,1) size 30x16
                text run at (1,1) width 30: "Data"
