layer at (0,0) size 96x334
  RenderView at (0,0) size 96x26
layer at (0,0) size 96x334
  RenderBlock {HTML} at (0,0) size 96x334
    RenderBody {BODY} at (8,8) size 80x318
      RenderBlock (anonymous) at (0,0) size 80x64
        RenderText {#text} at (0,0) size 60x64
          text run at (0,0) width 29: "Both"
          text run at (0,16) width 51: "columns"
          text run at (0,32) width 60: "should be"
          text run at (0,48) width 39: "200px"
      RenderTable {TABLE} at (0,64) size 80x26 [bgcolor=#FFA500] [border: (1px outset #808080)]
        RenderTableCol {COLGROUP} at (0,0) size 0x0
        RenderTableSection {TBODY} at (1,1) size 78x24
          RenderTableRow {TR} at (0,2) size 78x20
            RenderTableCell {TD} at (2,2) size 36x20 [border: (1px inset #808080)] [r=0 c=0 rs=1 cs=1]
              RenderText {#text} at (2,2) size 23x16
                text run at (2,2) width 23: "c11"
            RenderTableCell {TD} at (40,2) size 36x20 [border: (1px inset #808080)] [r=0 c=1 rs=1 cs=1]
              RenderText {#text} at (2,2) size 23x16
                text run at (2,2) width 23: "c12"
      RenderBlock (anonymous) at (0,90) size 80x80
        RenderBR {BR} at (0,0) size 0x16
        RenderText {#text} at (0,16) size 60x64
          text run at (0,16) width 29: "Both"
          text run at (0,32) width 51: "columns"
          text run at (0,48) width 60: "should be"
          text run at (0,64) width 39: "200px"
      RenderTable {TABLE} at (0,170) size 62x26 [bgcolor=#FFA500] [border: (1px outset #808080)]
        RenderTableCol {COLGROUP} at (0,0) size 0x0
          RenderTableCol {COL} at (0,0) size 0x0
        RenderTableSection {TBODY} at (1,1) size 60x24
          RenderTableRow {TR} at (0,2) size 60x20
            RenderTableCell {TD} at (2,2) size 27x20 [border: (1px inset #808080)] [r=0 c=0 rs=1 cs=1]
              RenderText {#text} at (2,2) size 23x16
                text run at (2,2) width 23: "c11"
            RenderTableCell {TD} at (31,2) size 27x20 [border: (1px inset #808080)] [r=0 c=1 rs=1 cs=1]
              RenderText {#text} at (2,2) size 23x16
                text run at (2,2) width 23: "c12"
      RenderBlock (anonymous) at (0,196) size 80x80
        RenderBR {BR} at (0,0) size 0x16
        RenderText {#text} at (0,16) size 60x64
          text run at (0,16) width 29: "Both"
          text run at (0,32) width 51: "columns"
          text run at (0,48) width 60: "should be"
          text run at (0,64) width 39: "200px"
      RenderTable {TABLE} at (0,276) size 80x26 [bgcolor=#FFA500] [border: (1px outset #808080)]
        RenderTableCol {COL} at (0,0) size 0x0
        RenderTableSection {TBODY} at (1,1) size 78x24
          RenderTableRow {TR} at (0,2) size 78x20
            RenderTableCell {TD} at (2,2) size 36x20 [border: (1px inset #808080)] [r=0 c=0 rs=1 cs=1]
              RenderText {#text} at (2,2) size 23x16
                text run at (2,2) width 23: "c11"
            RenderTableCell {TD} at (40,2) size 36x20 [border: (1px inset #808080)] [r=0 c=1 rs=1 cs=1]
              RenderText {#text} at (2,2) size 23x16
                text run at (2,2) width 23: "c12"
      RenderBlock (anonymous) at (0,302) size 80x16
        RenderBR {BR} at (0,0) size 0x16
