layer at (0,0) size 408x1414
  RenderView at (0,0) size 96x26
layer at (0,0) size 408x1414
  RenderBlock {HTML} at (0,0) size 96x1414
    RenderBody {BODY} at (8,8) size 80x1398
      RenderBlock (anonymous) at (0,0) size 80x32
        RenderText {#text} at (0,0) size 61x32
          text run at (0,0) width 61: "auto table"
          text run at (0,16) width 42: "cols=2"
      RenderTable {TABLE} at (0,32) size 107x138 [border: (1px outset #808080)]
        RenderTableSection {TBODY} at (1,1) size 105x136
          RenderTableRow {TR} at (0,2) size 105x132
            RenderTableCell {TD} at (2,2) size 31x132 [border: (1px inset #808080)] [r=0 c=0 rs=1 cs=1]
              RenderText {#text} at (2,2) size 27x128
                text run at (2,2) width 27: "auto"
                text run at (2,18) width 27: "auto"
                text run at (2,34) width 27: "auto"
                text run at (2,50) width 27: "auto"
                text run at (2,66) width 27: "auto"
                text run at (2,82) width 27: "auto"
                text run at (2,98) width 27: "auto"
                text run at (2,114) width 27: "auto"
            RenderTableCell {TD} at (35,26) size 35x84 [border: (1px inset #808080)] [r=0 c=1 rs=1 cs=1]
              RenderText {#text} at (2,2) size 31x80
                text run at (2,2) width 31: "auto-"
                text run at (2,18) width 27: "auto"
                text run at (2,34) width 27: "auto"
                text run at (2,50) width 27: "auto"
                text run at (2,66) width 27: "auto"
            RenderTableCell {TD} at (72,42) size 31x52 [border: (1px inset #808080)] [r=0 c=2 rs=1 cs=1]
              RenderText {#text} at (2,2) size 27x48
                text run at (2,2) width 27: "auto"
                text run at (2,18) width 27: "auto"
                text run at (2,34) width 27: "auto"
      RenderBlock (anonymous) at (0,170) size 80x48
        RenderBR {BR} at (0,0) size 0x16
        RenderText {#text} at (0,16) size 61x32
          text run at (0,16) width 61: "auto table"
          text run at (0,32) width 42: "cols=2"
      RenderTable {TABLE} at (0,218) size 107x58 [border: (1px outset #808080)]
        RenderTableSection {TBODY} at (1,1) size 105x56
          RenderTableRow {TR} at (0,2) size 105x52
            RenderTableCell {TD} at (2,18) size 31x20 [border: (1px inset #808080)] [r=0 c=0 rs=1 cs=1]
              RenderText {#text} at (2,2) size 27x16
                text run at (2,2) width 27: "auto"
            RenderTableCell {TD} at (35,10) size 35x36 [border: (1px inset #808080)] [r=0 c=1 rs=1 cs=1]
              RenderText {#text} at (2,2) size 31x32
                text run at (2,2) width 31: "auto-"
                text run at (2,18) width 27: "auto"
            RenderTableCell {TD} at (72,2) size 31x52 [border: (1px inset #808080)] [r=0 c=2 rs=1 cs=1]
              RenderText {#text} at (2,2) size 27x48
                text run at (2,2) width 27: "auto"
                text run at (2,18) width 27: "auto"
                text run at (2,34) width 27: "auto"
      RenderBlock (anonymous) at (0,276) size 80x64
        RenderBR {BR} at (0,0) size 0x16
        RenderText {#text} at (0,16) size 73x48
          text run at (0,16) width 73: "auto table 2"
          text run at (0,32) width 54: "cols with"
          text run at (0,48) width 33: "1*,1*"
      RenderTable {TABLE} at (0,340) size 107x58 [border: (1px outset #808080)]
        RenderTableCol {COL} at (0,0) size 0x0
        RenderTableCol {COL} at (0,0) size 0x0
        RenderTableSection {TBODY} at (1,1) size 105x56
          RenderTableRow {TR} at (0,2) size 105x52
            RenderTableCell {TD} at (2,18) size 31x20 [border: (1px inset #808080)] [r=0 c=0 rs=1 cs=1]
              RenderText {#text} at (2,2) size 27x16
                text run at (2,2) width 27: "auto"
            RenderTableCell {TD} at (35,10) size 35x36 [border: (1px inset #808080)] [r=0 c=1 rs=1 cs=1]
              RenderText {#text} at (2,2) size 31x32
                text run at (2,2) width 31: "auto-"
                text run at (2,18) width 27: "auto"
            RenderTableCell {TD} at (72,2) size 31x52 [border: (1px inset #808080)] [r=0 c=2 rs=1 cs=1]
              RenderText {#text} at (2,2) size 27x48
                text run at (2,2) width 27: "auto"
                text run at (2,18) width 27: "auto"
                text run at (2,34) width 27: "auto"
      RenderBlock (anonymous) at (0,398) size 80x64
        RenderBR {BR} at (0,0) size 0x16
        RenderText {#text} at (0,16) size 73x48
          text run at (0,16) width 73: "auto table 2"
          text run at (0,32) width 54: "cols with"
          text run at (0,48) width 33: "2*,1*"
      RenderTable {TABLE} at (0,462) size 107x58 [border: (1px outset #808080)]
        RenderTableCol {COL} at (0,0) size 0x0
        RenderTableCol {COL} at (0,0) size 0x0
        RenderTableSection {TBODY} at (1,1) size 105x56
          RenderTableRow {TR} at (0,2) size 105x52
            RenderTableCell {TD} at (2,18) size 31x20 [border: (1px inset #808080)] [r=0 c=0 rs=1 cs=1]
              RenderText {#text} at (2,2) size 27x16
                text run at (2,2) width 27: "auto"
            RenderTableCell {TD} at (35,10) size 35x36 [border: (1px inset #808080)] [r=0 c=1 rs=1 cs=1]
              RenderText {#text} at (2,2) size 31x32
                text run at (2,2) width 31: "auto-"
                text run at (2,18) width 27: "auto"
            RenderTableCell {TD} at (72,2) size 31x52 [border: (1px inset #808080)] [r=0 c=2 rs=1 cs=1]
              RenderText {#text} at (2,2) size 27x48
                text run at (2,2) width 27: "auto"
                text run at (2,18) width 27: "auto"
                text run at (2,34) width 27: "auto"
      RenderBlock (anonymous) at (0,520) size 80x48
        RenderBR {BR} at (0,0) size 0x16
        RenderText {#text} at (0,16) size 64x32
          text run at (0,16) width 64: "fixed table"
          text run at (0,32) width 42: "cols=2"
      RenderTable {TABLE} at (0,568) size 400x26 [border: (1px outset #808080)]
        RenderTableSection {TBODY} at (1,1) size 398x24
          RenderTableRow {TR} at (0,2) size 398x20
            RenderTableCell {TD} at (2,2) size 65x20 [border: (1px inset #808080)] [r=0 c=0 rs=1 cs=1]
              RenderText {#text} at (2,2) size 27x16
                text run at (2,2) width 27: "auto"
            RenderTableCell {TD} at (69,2) size 130x20 [border: (1px inset #808080)] [r=0 c=1 rs=1 cs=1]
              RenderText {#text} at (2,2) size 58x16
                text run at (2,2) width 58: "auto-auto"
            RenderTableCell {TD} at (201,2) size 195x20 [border: (1px inset #808080)] [r=0 c=2 rs=1 cs=1]
              RenderText {#text} at (2,2) size 89x16
                text run at (2,2) width 89: "auto auto auto"
      RenderBlock (anonymous) at (0,594) size 80x48
        RenderBR {BR} at (0,0) size 0x16
        RenderText {#text} at (0,16) size 61x32
          text run at (0,16) width 61: "auto table"
          text run at (0,32) width 42: "cols=3"
      RenderTable {TABLE} at (0,642) size 107x58 [border: (1px outset #808080)]
        RenderTableSection {TBODY} at (1,1) size 105x56
          RenderTableRow {TR} at (0,2) size 105x52
            RenderTableCell {TD} at (2,18) size 31x20 [border: (1px inset #808080)] [r=0 c=0 rs=1 cs=1]
              RenderText {#text} at (2,2) size 27x16
                text run at (2,2) width 27: "auto"
            RenderTableCell {TD} at (35,10) size 35x36 [border: (1px inset #808080)] [r=0 c=1 rs=1 cs=1]
              RenderText {#text} at (2,2) size 31x32
                text run at (2,2) width 31: "auto-"
                text run at (2,18) width 27: "auto"
            RenderTableCell {TD} at (72,2) size 31x52 [border: (1px inset #808080)] [r=0 c=2 rs=1 cs=1]
              RenderText {#text} at (2,2) size 27x48
                text run at (2,2) width 27: "auto"
                text run at (2,18) width 27: "auto"
                text run at (2,34) width 27: "auto"
      RenderBlock (anonymous) at (0,700) size 80x48
        RenderBR {BR} at (0,0) size 0x16
        RenderText {#text} at (0,16) size 64x32
          text run at (0,16) width 64: "fixed table"
          text run at (0,32) width 42: "cols=3"
      RenderTable {TABLE} at (0,748) size 400x26 [border: (1px outset #808080)]
        RenderTableSection {TBODY} at (1,1) size 398x24
          RenderTableRow {TR} at (0,2) size 398x20
            RenderTableCell {TD} at (2,2) size 65x20 [border: (1px inset #808080)] [r=0 c=0 rs=1 cs=1]
              RenderText {#text} at (2,2) size 27x16
                text run at (2,2) width 27: "auto"
            RenderTableCell {TD} at (69,2) size 130x20 [border: (1px inset #808080)] [r=0 c=1 rs=1 cs=1]
              RenderText {#text} at (2,2) size 58x16
                text run at (2,2) width 58: "auto-auto"
            RenderTableCell {TD} at (201,2) size 195x20 [border: (1px inset #808080)] [r=0 c=2 rs=1 cs=1]
              RenderText {#text} at (2,2) size 89x16
                text run at (2,2) width 89: "auto auto auto"
      RenderBlock (anonymous) at (0,774) size 80x48
        RenderBR {BR} at (0,0) size 0x16
        RenderText {#text} at (0,16) size 61x32
          text run at (0,16) width 61: "auto table"
          text run at (0,32) width 42: "cols=3"
      RenderTable {TABLE} at (0,822) size 104x58 [border: (1px outset #808080)]
        RenderTableSection {TBODY} at (1,1) size 102x56
          RenderTableRow {TR} at (0,2) size 102x52
            RenderTableCell {TD} at (2,18) size 28x20 [border: (1px inset #808080)] [r=0 c=0 rs=1 cs=1]
              RenderText {#text} at (2,2) size 24x16
                text run at (2,2) width 24: "200"
            RenderTableCell {TD} at (32,10) size 35x36 [border: (1px inset #808080)] [r=0 c=1 rs=1 cs=1]
              RenderText {#text} at (2,2) size 31x32
                text run at (2,2) width 31: "auto-"
                text run at (2,18) width 27: "auto"
            RenderTableCell {TD} at (69,2) size 31x52 [border: (1px inset #808080)] [r=0 c=2 rs=1 cs=1]
              RenderText {#text} at (2,2) size 27x48
                text run at (2,2) width 27: "auto"
                text run at (2,18) width 27: "auto"
                text run at (2,34) width 27: "auto"
      RenderBlock (anonymous) at (0,880) size 80x48
        RenderBR {BR} at (0,0) size 0x16
        RenderText {#text} at (0,16) size 64x32
          text run at (0,16) width 64: "fixed table"
          text run at (0,32) width 42: "cols=3"
      RenderTable {TABLE} at (0,928) size 400x26 [border: (1px outset #808080)]
        RenderTableSection {TBODY} at (1,1) size 398x24
          RenderTableRow {TR} at (0,2) size 398x20
            RenderTableCell {TD} at (2,2) size 204x20 [border: (1px inset #808080)] [r=0 c=0 rs=1 cs=1]
              RenderText {#text} at (2,2) size 24x16
                text run at (2,2) width 24: "200"
            RenderTableCell {TD} at (208,2) size 74x20 [border: (1px inset #808080)] [r=0 c=1 rs=1 cs=1]
              RenderText {#text} at (2,2) size 58x16
                text run at (2,2) width 58: "auto-auto"
            RenderTableCell {TD} at (284,2) size 112x20 [border: (1px inset #808080)] [r=0 c=2 rs=1 cs=1]
              RenderText {#text} at (2,2) size 89x16
                text run at (2,2) width 89: "auto auto auto"
      RenderBlock (anonymous) at (0,954) size 80x48
        RenderBR {BR} at (0,0) size 0x16
        RenderText {#text} at (0,16) size 61x32
          text run at (0,16) width 61: "auto table"
          text run at (0,32) width 42: "cols=2"
      RenderTable {TABLE} at (0,1002) size 104x42 [border: (1px outset #808080)]
        RenderTableSection {TBODY} at (1,1) size 102x40
          RenderTableRow {TR} at (0,2) size 102x36
            RenderTableCell {TD} at (2,10) size 31x20 [border: (1px inset #808080)] [r=0 c=0 rs=1 cs=1]
              RenderText {#text} at (2,2) size 27x16
                text run at (2,2) width 27: "auto"
            RenderTableCell {TD} at (35,2) size 35x36 [border: (1px inset #808080)] [r=0 c=1 rs=1 cs=1]
              RenderText {#text} at (2,2) size 31x32
                text run at (2,2) width 31: "auto-"
                text run at (2,18) width 27: "auto"
            RenderTableCell {TD} at (72,10) size 28x20 [border: (1px inset #808080)] [r=0 c=2 rs=1 cs=1]
              RenderText {#text} at (2,2) size 24x16
                text run at (2,2) width 24: "200"
      RenderBlock (anonymous) at (0,1044) size 80x48
        RenderBR {BR} at (0,0) size 0x16
        RenderText {#text} at (0,16) size 64x32
          text run at (0,16) width 64: "fixed table"
          text run at (0,32) width 42: "cols=2"
      RenderTable {TABLE} at (0,1092) size 400x26 [border: (1px outset #808080)]
        RenderTableSection {TBODY} at (1,1) size 398x24
          RenderTableRow {TR} at (0,2) size 398x20
            RenderTableCell {TD} at (2,2) size 62x20 [border: (1px inset #808080)] [r=0 c=0 rs=1 cs=1]
              RenderText {#text} at (2,2) size 27x16
                text run at (2,2) width 27: "auto"
            RenderTableCell {TD} at (66,2) size 124x20 [border: (1px inset #808080)] [r=0 c=1 rs=1 cs=1]
              RenderText {#text} at (2,2) size 58x16
                text run at (2,2) width 58: "auto-auto"
            RenderTableCell {TD} at (192,2) size 204x20 [border: (1px inset #808080)] [r=0 c=2 rs=1 cs=1]
              RenderText {#text} at (2,2) size 24x16
                text run at (2,2) width 24: "200"
      RenderBlock (anonymous) at (0,1118) size 80x16
        RenderText {#text} at (0,0) size 61x16
          text run at (0,0) width 61: "auto table"
      RenderTable {TABLE} at (0,1134) size 80x42 [border: (1px outset #808080)]
        RenderTableSection {TBODY} at (1,1) size 78x40
          RenderTableRow {TR} at (0,2) size 78x36
            RenderTableCell {TD} at (2,2) size 41x36 [border: (1px inset #808080)] [r=0 c=0 rs=1 cs=1]
              RenderText {#text} at (2,2) size 32x32
                text run at (2,2) width 32: "0 0 0"
                text run at (2,18) width 8: "0"
            RenderTableCell {TD} at (45,10) size 31x20 [border: (1px inset #808080)] [r=0 c=1 rs=1 cs=1]
              RenderText {#text} at (2,2) size 27x16
                text run at (2,2) width 27: "auto"
      RenderBlock (anonymous) at (0,1176) size 80x32
        RenderBR {BR} at (0,0) size 0x16
        RenderText {#text} at (0,16) size 61x16
          text run at (0,16) width 61: "auto table"
      RenderTable {TABLE} at (0,1208) size 80x74 [border: (1px outset #808080)]
        RenderTableSection {TBODY} at (1,1) size 78x72
          RenderTableRow {TR} at (0,2) size 78x68
            RenderTableCell {TD} at (2,2) size 41x68 [border: (1px inset #808080)] [r=0 c=0 rs=1 cs=1]
              RenderText {#text} at (2,2) size 20x64
                text run at (2,2) width 20: "0%"
                text run at (2,18) width 20: "0%"
                text run at (2,34) width 20: "0%"
                text run at (2,50) width 20: "0%"
            RenderTableCell {TD} at (45,26) size 31x20 [border: (1px inset #808080)] [r=0 c=1 rs=1 cs=1]
              RenderText {#text} at (2,2) size 27x16
                text run at (2,2) width 27: "auto"
      RenderBlock (anonymous) at (0,1282) size 80x32
        RenderBR {BR} at (0,0) size 0x16
        RenderText {#text} at (0,16) size 61x16
          text run at (0,16) width 61: "auto table"
      RenderTable {TABLE} at (0,1314) size 80x26 [border: (1px outset #808080)]
        RenderTableCol {COL} at (0,0) size 0x0
        RenderTableSection {TBODY} at (1,1) size 78x24
          RenderTableRow {TR} at (0,2) size 78x20
            RenderTableCell {TD} at (2,2) size 41x20 [border: (1px inset #808080)] [r=0 c=0 rs=1 cs=1]
              RenderText {#text} at (2,2) size 37x16
                text run at (2,2) width 37: "0* col"
            RenderTableCell {TD} at (45,2) size 31x20 [border: (1px inset #808080)] [r=0 c=1 rs=1 cs=1]
              RenderText {#text} at (2,2) size 27x16
                text run at (2,2) width 27: "auto"
      RenderBlock (anonymous) at (0,1340) size 80x32
        RenderBR {BR} at (0,0) size 0x16
        RenderText {#text} at (0,16) size 64x16
          text run at (0,16) width 64: "fixed table"
      RenderTable {TABLE} at (0,1372) size 200x26 [border: (1px outset #808080)]
        RenderTableCol {COL} at (0,0) size 0x0
        RenderTableSection {TBODY} at (1,1) size 198x24
          RenderTableRow {TR} at (0,2) size 198x20
            RenderTableCell {TD} at (2,2) size 109x20 [border: (1px inset #808080)] [r=0 c=0 rs=1 cs=1]
              RenderText {#text} at (2,2) size 37x16
                text run at (2,2) width 37: "0* col"
            RenderTableCell {TD} at (113,2) size 83x20 [border: (1px inset #808080)] [r=0 c=1 rs=1 cs=1]
              RenderText {#text} at (2,2) size 27x16
                text run at (2,2) width 27: "auto"
