layer at (0,0) size 508x2104
  RenderView at (0,0) size 96x26
layer at (0,0) size 508x2104
  RenderBlock {HTML} at (0,0) size 96x2104
    RenderBody {BODY} at (8,8) size 80x2088
      RenderBlock (anonymous) at (0,0) size 80x48
        RenderText {#text} at (0,0) size 72x48
          text run at (0,0) width 72: "fixed table -"
          text run at (0,16) width 69: "width on td"
          text run at (0,32) width 60: "overriden"
      RenderTable {TABLE} at (0,48) size 400x54 [border: (10px outset #808080)]
        RenderTableSection {TBODY} at (10,10) size 380x34
          RenderTableRow {TR} at (0,3) size 380x28
            RenderTableCell {TD} at (3,3) size 339x28 [border: (1px inset #808080)] [r=0 c=0 rs=1 cs=1]
              RenderText {#text} at (6,6) size 20x16
                text run at (6,6) width 20: "foo"
            RenderTableCell {TD} at (345,3) size 32x28 [border: (1px inset #808080)] [r=0 c=1 rs=1 cs=1]
              RenderText {#text} at (6,6) size 20x16
                text run at (6,6) width 20: "foo"
      RenderBlock {HR} at (0,109) size 402x2 [border: (1px inset #000000)]
      RenderBlock (anonymous) at (0,118) size 80x96
        RenderBR {BR} at (0,0) size 0x16
        RenderText {#text} at (0,16) size 78x80
          text run at (0,16) width 72: "fixed table -"
          text run at (0,32) width 73: "percent cell"
          text run at (0,48) width 78: "wins over fix"
          text run at (0,64) width 69: "cell (and in"
          text run at (0,80) width 26: "IE5)"
      RenderTable {TABLE} at (0,214) size 500x48 [border: (1px outset #808080)]
        RenderTableSection {TBODY} at (1,1) size 498x46
          RenderTableRow {TR} at (0,2) size 498x20
            RenderTableCell {TD} at (2,2) size 246x20 [border: (1px inset #808080)] [r=0 c=0 rs=1 cs=1]
              RenderText {#text} at (2,2) size 31x16
                text run at (2,2) width 31: "20px"
            RenderTableCell {TD} at (250,2) size 246x20 [border: (1px inset #808080)] [r=0 c=1 rs=1 cs=1]
              RenderText {#text} at (2,2) size 27x16
                text run at (2,2) width 27: "auto"
          RenderTableRow {TR} at (0,24) size 498x20
            RenderTableCell {TD} at (2,24) size 246x20 [border: (1px inset #808080)] [r=1 c=0 rs=1 cs=1]
              RenderText {#text} at (2,2) size 28x16
                text run at (2,2) width 28: "50%"
            RenderTableCell {TD} at (250,24) size 246x20 [border: (1px inset #808080)] [r=1 c=1 rs=1 cs=1]
              RenderText {#text} at (2,2) size 27x16
                text run at (2,2) width 27: "auto"
      RenderBlock (anonymous) at (0,262) size 80x96
        RenderBR {BR} at (0,0) size 0x16
        RenderText {#text} at (0,16) size 78x80
          text run at (0,16) width 72: "fixed table -"
          text run at (0,32) width 73: "percent cell"
          text run at (0,48) width 78: "wins over fix"
          text run at (0,64) width 69: "cell (and in"
          text run at (0,80) width 26: "IE5)"
      RenderTable {TABLE} at (0,358) size 300x48 [border: (1px outset #808080)]
        RenderTableSection {TBODY} at (1,1) size 298x46
          RenderTableRow {TR} at (0,2) size 298x20
            RenderTableCell {TD} at (2,2) size 32x20 [border: (1px inset #808080)] [r=0 c=0 rs=1 cs=1]
              RenderText {#text} at (2,2) size 24x16
                text run at (2,2) width 24: "100"
            RenderTableCell {TD} at (36,2) size 260x20 [border: (1px inset #808080)] [r=0 c=1 rs=1 cs=1]
              RenderText {#text} at (2,2) size 27x16
                text run at (2,2) width 27: "auto"
          RenderTableRow {TR} at (0,24) size 298x20
            RenderTableCell {TD} at (2,24) size 32x20 [border: (1px inset #808080)] [r=1 c=0 rs=1 cs=1]
              RenderText {#text} at (2,2) size 28x16
                text run at (2,2) width 28: "10%"
            RenderTableCell {TD} at (36,24) size 260x20 [border: (1px inset #808080)] [r=1 c=1 rs=1 cs=1]
              RenderText {#text} at (2,2) size 27x16
                text run at (2,2) width 27: "auto"
      RenderBlock (anonymous) at (0,406) size 80x96
        RenderBR {BR} at (0,0) size 0x16
        RenderText {#text} at (0,16) size 78x80
          text run at (0,16) width 72: "fixed table -"
          text run at (0,32) width 73: "percent cell"
          text run at (0,48) width 78: "wins over fix"
          text run at (0,64) width 69: "cell (and in"
          text run at (0,80) width 26: "IE5)"
      RenderTable {TABLE} at (0,502) size 500x48 [border: (1px outset #808080)]
        RenderTableCol {COL} at (0,0) size 0x0
        RenderTableSection {TBODY} at (1,1) size 498x46
          RenderTableRow {TR} at (0,2) size 498x20
            RenderTableCell {TD} at (2,2) size 246x20 [border: (1px inset #808080)] [r=0 c=0 rs=1 cs=1]
              RenderText {#text} at (2,2) size 104x16
                text run at (2,2) width 104: "50%Col,20%Cell"
            RenderTableCell {TD} at (250,2) size 246x20 [border: (1px inset #808080)] [r=0 c=1 rs=1 cs=1]
              RenderText {#text} at (2,2) size 27x16
                text run at (2,2) width 27: "auto"
          RenderTableRow {TR} at (0,24) size 498x20
            RenderTableCell {TD} at (2,24) size 246x20 [border: (1px inset #808080)] [r=1 c=0 rs=1 cs=1]
              RenderText {#text} at (2,2) size 27x16
                text run at (2,2) width 27: "auto"
            RenderTableCell {TD} at (250,24) size 246x20 [border: (1px inset #808080)] [r=1 c=1 rs=1 cs=1]
              RenderText {#text} at (2,2) size 27x16
                text run at (2,2) width 27: "auto"
      RenderBlock (anonymous) at (0,550) size 80x96
        RenderBR {BR} at (0,0) size 0x16
        RenderText {#text} at (0,16) size 78x80
          text run at (0,16) width 72: "fixed table -"
          text run at (0,32) width 73: "percent cell"
          text run at (0,48) width 78: "wins over fix"
          text run at (0,64) width 69: "cell (and in"
          text run at (0,80) width 26: "IE5)"
      RenderTable {TABLE} at (0,646) size 500x48 [border: (1px outset #808080)]
        RenderTableCol {COL} at (0,0) size 0x0
        RenderTableSection {TBODY} at (1,1) size 498x46
          RenderTableRow {TR} at (0,2) size 498x20
            RenderTableCell {TD} at (2,2) size 246x20 [border: (1px inset #808080)] [r=0 c=0 rs=1 cs=1]
              RenderText {#text} at (2,2) size 104x16
                text run at (2,2) width 104: "20%Col,50%Cell"
            RenderTableCell {TD} at (250,2) size 246x20 [border: (1px inset #808080)] [r=0 c=1 rs=1 cs=1]
              RenderText {#text} at (2,2) size 27x16
                text run at (2,2) width 27: "auto"
          RenderTableRow {TR} at (0,24) size 498x20
            RenderTableCell {TD} at (2,24) size 246x20 [border: (1px inset #808080)] [r=1 c=0 rs=1 cs=1]
              RenderText {#text} at (2,2) size 27x16
                text run at (2,2) width 27: "auto"
            RenderTableCell {TD} at (250,24) size 246x20 [border: (1px inset #808080)] [r=1 c=1 rs=1 cs=1]
              RenderText {#text} at (2,2) size 27x16
                text run at (2,2) width 27: "auto"
      RenderBlock (anonymous) at (0,694) size 80x96
        RenderBR {BR} at (0,0) size 0x16
        RenderText {#text} at (0,16) size 78x80
          text run at (0,16) width 72: "fixed table -"
          text run at (0,32) width 73: "percent cell"
          text run at (0,48) width 78: "wins over fix"
          text run at (0,64) width 69: "cell (and in"
          text run at (0,80) width 26: "IE5)"
      RenderTable {TABLE} at (0,790) size 500x48 [border: (1px outset #808080)]
        RenderTableCol {COL} at (0,0) size 0x0
        RenderTableSection {TBODY} at (1,1) size 498x46
          RenderTableRow {TR} at (0,2) size 498x20
            RenderTableCell {TD} at (2,2) size 246x20 [border: (1px inset #808080)] [r=0 c=0 rs=1 cs=1]
              RenderText {#text} at (2,2) size 110x16
                text run at (2,2) width 110: "50PerCol,100Cell"
            RenderTableCell {TD} at (250,2) size 246x20 [border: (1px inset #808080)] [r=0 c=1 rs=1 cs=1]
              RenderText {#text} at (2,2) size 27x16
                text run at (2,2) width 27: "auto"
          RenderTableRow {TR} at (0,24) size 498x20
            RenderTableCell {TD} at (2,24) size 246x20 [border: (1px inset #808080)] [r=1 c=0 rs=1 cs=1]
              RenderText {#text} at (2,2) size 27x16
                text run at (2,2) width 27: "auto"
            RenderTableCell {TD} at (250,24) size 246x20 [border: (1px inset #808080)] [r=1 c=1 rs=1 cs=1]
              RenderText {#text} at (2,2) size 27x16
                text run at (2,2) width 27: "auto"
      RenderBlock (anonymous) at (0,838) size 80x96
        RenderBR {BR} at (0,0) size 0x16
        RenderText {#text} at (0,16) size 78x80
          text run at (0,16) width 72: "fixed table -"
          text run at (0,32) width 73: "percent cell"
          text run at (0,48) width 78: "wins over fix"
          text run at (0,64) width 69: "cell (and in"
          text run at (0,80) width 26: "IE5)"
      RenderTable {TABLE} at (0,934) size 500x48 [border: (1px outset #808080)]
        RenderTableCol {COL} at (0,0) size 0x0
        RenderTableSection {TBODY} at (1,1) size 498x46
          RenderTableRow {TR} at (0,2) size 498x20
            RenderTableCell {TD} at (2,2) size 114x20 [border: (1px inset #808080)] [r=0 c=0 rs=1 cs=1]
              RenderText {#text} at (2,2) size 110x16
                text run at (2,2) width 110: "20PerCol,300Cell"
            RenderTableCell {TD} at (118,2) size 378x20 [border: (1px inset #808080)] [r=0 c=1 rs=1 cs=1]
              RenderText {#text} at (2,2) size 27x16
                text run at (2,2) width 27: "auto"
          RenderTableRow {TR} at (0,24) size 498x20
            RenderTableCell {TD} at (2,24) size 114x20 [border: (1px inset #808080)] [r=1 c=0 rs=1 cs=1]
              RenderText {#text} at (2,2) size 27x16
                text run at (2,2) width 27: "auto"
            RenderTableCell {TD} at (118,24) size 378x20 [border: (1px inset #808080)] [r=1 c=1 rs=1 cs=1]
              RenderText {#text} at (2,2) size 27x16
                text run at (2,2) width 27: "auto"
      RenderBlock (anonymous) at (0,982) size 80x80
        RenderBR {BR} at (0,0) size 0x16
        RenderText {#text} at (0,16) size 76x64
          text run at (0,16) width 72: "fixed table -"
          text run at (0,32) width 76: "% wins over"
          text run at (0,48) width 65: "fixed even"
          text run at (0,64) width 69: "on colspan"
      RenderTable {TABLE} at (0,1062) size 300x48 [border: (1px outset #808080)]
        RenderTableSection {TBODY} at (1,1) size 298x46
          RenderTableRow {TR} at (0,2) size 298x20
            RenderTableCell {TD} at (2,2) size 147x20 [border: (1px inset #808080)] [r=0 c=0 rs=1 cs=2]
              RenderText {#text} at (2,2) size 43x16
                text run at (2,2) width 43: "50CS2"
            RenderTableCell {TD} at (151,2) size 145x20 [border: (1px inset #808080)] [r=0 c=2 rs=1 cs=1]
              RenderText {#text} at (2,2) size 27x16
                text run at (2,2) width 27: "auto"
          RenderTableRow {TR} at (0,24) size 298x20
            RenderTableCell {TD} at (2,24) size 147x20 [border: (1px inset #808080)] [r=1 c=0 rs=1 cs=2]
              RenderText {#text} at (2,2) size 55x16
                text run at (2,2) width 55: "50%CS2"
            RenderTableCell {TD} at (151,24) size 145x20 [border: (1px inset #808080)] [r=1 c=2 rs=1 cs=1]
              RenderText {#text} at (2,2) size 27x16
                text run at (2,2) width 27: "auto"
      RenderBlock (anonymous) at (0,1110) size 80x80
        RenderBR {BR} at (0,0) size 0x16
        RenderText {#text} at (0,16) size 76x64
          text run at (0,16) width 72: "fixed table -"
          text run at (0,32) width 76: "% wins over"
          text run at (0,48) width 65: "fixed even"
          text run at (0,64) width 69: "on colspan"
      RenderTable {TABLE} at (0,1190) size 300x48 [border: (1px outset #808080)]
        RenderTableSection {TBODY} at (1,1) size 298x46
          RenderTableRow {TR} at (0,2) size 298x20
            RenderTableCell {TD} at (2,2) size 89x20 [border: (1px inset #808080)] [r=0 c=0 rs=1 cs=2]
              RenderText {#text} at (2,2) size 51x16
                text run at (2,2) width 51: "100CS2"
            RenderTableCell {TD} at (93,2) size 203x20 [border: (1px inset #808080)] [r=0 c=2 rs=1 cs=1]
              RenderText {#text} at (2,2) size 20x16
                text run at (2,2) width 20: "bar"
          RenderTableRow {TR} at (0,24) size 298x20
            RenderTableCell {TD} at (2,24) size 89x20 [border: (1px inset #808080)] [r=1 c=0 rs=1 cs=2]
              RenderText {#text} at (2,2) size 55x16
                text run at (2,2) width 55: "30%CS2"
            RenderTableCell {TD} at (93,24) size 203x20 [border: (1px inset #808080)] [r=1 c=2 rs=1 cs=1]
              RenderText {#text} at (2,2) size 20x16
                text run at (2,2) width 20: "bar"
      RenderBlock (anonymous) at (0,1238) size 80x112
        RenderBR {BR} at (0,0) size 0x16
        RenderText {#text} at (0,16) size 80x96
          text run at (0,16) width 69: "auto table -"
          text run at (0,32) width 48: "percent"
          text run at (0,48) width 49: "colspan"
          text run at (0,64) width 60: "wins over"
          text run at (0,80) width 30: "fixed"
          text run at (0,96) width 80: "colspan XXX"
      RenderTable {TABLE} at (0,1350) size 98x48 [border: (1px outset #808080)]
        RenderTableSection {TBODY} at (1,1) size 96x46
          RenderTableRow {TR} at (0,2) size 96x20
            RenderTableCell {TD} at (2,2) size 59x20 [border: (1px inset #808080)] [r=0 c=0 rs=1 cs=2]
              RenderText {#text} at (2,2) size 51x16
                text run at (2,2) width 51: "500CS2"
            RenderTableCell {TD} at (63,2) size 31x20 [border: (1px inset #808080)] [r=0 c=2 rs=1 cs=1]
              RenderText {#text} at (2,2) size 27x16
                text run at (2,2) width 27: "atuo"
          RenderTableRow {TR} at (0,24) size 96x20
            RenderTableCell {TD} at (2,24) size 59x20 [border: (1px inset #808080)] [r=1 c=0 rs=1 cs=2]
              RenderText {#text} at (2,2) size 55x16
                text run at (2,2) width 55: "10%CS2"
            RenderTableCell {TD} at (63,24) size 31x20 [border: (1px inset #808080)] [r=1 c=2 rs=1 cs=1]
              RenderText {#text} at (2,2) size 27x16
                text run at (2,2) width 27: "auto"
      RenderBlock (anonymous) at (0,1398) size 80x112
        RenderBR {BR} at (0,0) size 0x16
        RenderText {#text} at (0,16) size 69x96
          text run at (0,16) width 69: "auto table -"
          text run at (0,32) width 48: "percent"
          text run at (0,48) width 49: "colspan"
          text run at (0,64) width 60: "wins over"
          text run at (0,80) width 30: "fixed"
          text run at (0,96) width 49: "colspan"
      RenderTable {TABLE} at (0,1510) size 103x70 [border: (1px outset #808080)]
        RenderTableSection {TBODY} at (1,1) size 101x68
          RenderTableRow {TR} at (0,2) size 101x20
            RenderTableCell {TD} at (2,2) size 64x20 [border: (1px inset #808080)] [r=0 c=0 rs=1 cs=2]
              RenderText {#text} at (2,2) size 51x16
                text run at (2,2) width 51: "500CS2"
            RenderTableCell {TD} at (68,2) size 31x20 [border: (1px inset #808080)] [r=0 c=2 rs=1 cs=1]
              RenderText {#text} at (2,2) size 27x16
                text run at (2,2) width 27: "auto"
          RenderTableRow {TR} at (0,24) size 101x20
            RenderTableCell {TD} at (2,24) size 64x20 [border: (1px inset #808080)] [r=1 c=0 rs=1 cs=2]
              RenderText {#text} at (2,2) size 55x16
                text run at (2,2) width 55: "20%CS2"
            RenderTableCell {TD} at (68,24) size 31x20 [border: (1px inset #808080)] [r=1 c=2 rs=1 cs=1]
              RenderText {#text} at (2,2) size 27x16
                text run at (2,2) width 27: "auto"
          RenderTableRow {TR} at (0,46) size 101x20
            RenderTableCell {TD} at (2,46) size 31x20 [border: (1px inset #808080)] [r=2 c=0 rs=1 cs=1]
              RenderText {#text} at (2,2) size 27x16
                text run at (2,2) width 27: "auto"
            RenderTableCell {TD} at (35,46) size 31x20 [border: (1px inset #808080)] [r=2 c=1 rs=1 cs=1]
              RenderText {#text} at (2,2) size 27x16
                text run at (2,2) width 27: "auto"
            RenderTableCell {TD} at (68,46) size 31x20 [border: (1px inset #808080)] [r=2 c=2 rs=1 cs=1]
              RenderText {#text} at (2,2) size 27x16
                text run at (2,2) width 27: "auto"
      RenderBlock (anonymous) at (0,1580) size 80x112
        RenderBR {BR} at (0,0) size 0x16
        RenderText {#text} at (0,16) size 69x96
          text run at (0,16) width 69: "auto table -"
          text run at (0,32) width 48: "percent"
          text run at (0,48) width 49: "colspan"
          text run at (0,64) width 60: "wins over"
          text run at (0,80) width 30: "fixed"
          text run at (0,96) width 49: "colspan"
      RenderTable {TABLE} at (0,1692) size 103x70 [border: (1px outset #808080)]
        RenderTableSection {TBODY} at (1,1) size 101x68
          RenderTableRow {TR} at (0,2) size 101x20
            RenderTableCell {TD} at (2,2) size 64x20 [border: (1px inset #808080)] [r=0 c=0 rs=1 cs=2]
              RenderText {#text} at (2,2) size 51x16
                text run at (2,2) width 51: "200CS2"
            RenderTableCell {TD} at (68,2) size 31x20 [border: (1px inset #808080)] [r=0 c=2 rs=1 cs=1]
              RenderText {#text} at (2,2) size 27x16
                text run at (2,2) width 27: "auto"
          RenderTableRow {TR} at (0,24) size 101x20
            RenderTableCell {TD} at (2,24) size 64x20 [border: (1px inset #808080)] [r=1 c=0 rs=1 cs=2]
              RenderText {#text} at (2,2) size 55x16
                text run at (2,2) width 55: "20%CS2"
            RenderTableCell {TD} at (68,24) size 31x20 [border: (1px inset #808080)] [r=1 c=2 rs=1 cs=1]
              RenderText {#text} at (2,2) size 27x16
                text run at (2,2) width 27: "auto"
          RenderTableRow {TR} at (0,46) size 101x20
            RenderTableCell {TD} at (2,46) size 31x20 [border: (1px inset #808080)] [r=2 c=0 rs=1 cs=1]
              RenderText {#text} at (2,2) size 27x16
                text run at (2,2) width 27: "auto"
            RenderTableCell {TD} at (35,46) size 31x20 [border: (1px inset #808080)] [r=2 c=1 rs=1 cs=1]
              RenderText {#text} at (2,2) size 27x16
                text run at (2,2) width 27: "auto"
            RenderTableCell {TD} at (68,46) size 31x20 [border: (1px inset #808080)] [r=2 c=2 rs=1 cs=1]
              RenderText {#text} at (2,2) size 27x16
                text run at (2,2) width 27: "auto"
      RenderBlock (anonymous) at (0,1762) size 80x112
        RenderBR {BR} at (0,0) size 0x16
        RenderText {#text} at (0,16) size 69x96
          text run at (0,16) width 69: "auto table -"
          text run at (0,32) width 48: "percent"
          text run at (0,48) width 49: "colspan"
          text run at (0,64) width 60: "wins over"
          text run at (0,80) width 30: "fixed"
          text run at (0,96) width 49: "colspan"
      RenderTable {TABLE} at (0,1874) size 103x70 [border: (1px outset #808080)]
        RenderTableSection {TBODY} at (1,1) size 101x68
          RenderTableRow {TR} at (0,2) size 101x20
            RenderTableCell {TD} at (2,2) size 64x20 [border: (1px inset #808080)] [r=0 c=0 rs=1 cs=2]
              RenderText {#text} at (2,2) size 59x16
                text run at (2,2) width 59: "1000CS2"
            RenderTableCell {TD} at (68,2) size 31x20 [border: (1px inset #808080)] [r=0 c=2 rs=1 cs=1]
              RenderText {#text} at (2,2) size 27x16
                text run at (2,2) width 27: "auto"
          RenderTableRow {TR} at (0,24) size 101x20
            RenderTableCell {TD} at (2,24) size 64x20 [border: (1px inset #808080)] [r=1 c=0 rs=1 cs=2]
              RenderText {#text} at (2,2) size 55x16
                text run at (2,2) width 55: "20%CS2"
            RenderTableCell {TD} at (68,24) size 31x20 [border: (1px inset #808080)] [r=1 c=2 rs=1 cs=1]
              RenderText {#text} at (2,2) size 27x16
                text run at (2,2) width 27: "auto"
          RenderTableRow {TR} at (0,46) size 101x20
            RenderTableCell {TD} at (2,46) size 31x20 [border: (1px inset #808080)] [r=2 c=0 rs=1 cs=1]
              RenderText {#text} at (2,2) size 27x16
                text run at (2,2) width 27: "auto"
            RenderTableCell {TD} at (35,46) size 31x20 [border: (1px inset #808080)] [r=2 c=1 rs=1 cs=1]
              RenderText {#text} at (2,2) size 27x16
                text run at (2,2) width 27: "auto"
            RenderTableCell {TD} at (68,46) size 31x20 [border: (1px inset #808080)] [r=2 c=2 rs=1 cs=1]
              RenderText {#text} at (2,2) size 27x16
                text run at (2,2) width 27: "auto"
      RenderBlock (anonymous) at (0,1944) size 80x112
        RenderBR {BR} at (0,0) size 0x16
        RenderText {#text} at (0,16) size 79x96
          text run at (0,16) width 48: "percent"
          text run at (0,32) width 43: "cell/col"
          text run at (0,48) width 72: "percentage"
          text run at (0,64) width 79: "conflict goes"
          text run at (0,80) width 70: "to cell (and"
          text run at (0,96) width 41: "in IE5)"
      RenderTable {TABLE} at (0,2056) size 500x32 [border: (1px outset #808080)]
        RenderTableCol {COL} at (0,0) size 0x0
        RenderTableSection {TBODY} at (1,1) size 498x30
          RenderTableRow {TR} at (0,5) size 498x20
            RenderTableCell {TD} at (5,5) size 386x20 [border: (1px inset #808080)] [r=0 c=0 rs=1 cs=1]
              RenderText {#text} at (2,2) size 78x16
                text run at (2,2) width 78: "30%-80%col"
            RenderTableCell {TD} at (396,5) size 97x20 [border: (1px inset #808080)] [r=0 c=1 rs=1 cs=1]
              RenderText {#text} at (2,2) size 27x16
                text run at (2,2) width 27: "auto"
