layer at (0,0) size 800x2128
  RenderView at (0,0) size 800x600
layer at (0,0) size 800x2128
  RenderBlock {HTML} at (0,0) size 800x2128
    RenderBody {BODY} at (8,18) size 784x2102
      RenderBlock {H1} at (0,0) size 784x32
        RenderText {#text} at (0,1) size 495x30
          text run at (0,1) width 495: "Problems with COLSPAN and WIDTH"
      RenderBlock {P} at (0,50) size 784x16
        RenderText {#text} at (0,0) size 248x16
          text run at (0,0) width 248: "Each block of tables should be identical."
      RenderBlock {H2} at (0,83) size 784x24
        RenderText {#text} at (0,0) size 130x23
          text run at (0,0) width 130: "Sized Tables"
      RenderBlock {P} at (0,124) size 784x16
        RenderText {#text} at (0,0) size 760x16
          text run at (0,0) width 760: "The following tables have width=400, which should make them the same width as the red lines which are caused by DIVs:"
      RenderBlock {H3} at (0,156) size 784x18
        RenderText {#text} at (0,0) size 58x18
          text run at (0,0) width 58: "260/140"
      RenderBlock {DIV} at (0,190) size 406x6 [border: (3px solid #FF0000)]
      RenderTable {TABLE} at (0,196) size 400x42
        RenderTableSection {TBODY} at (0,0) size 400x42
          RenderTableRow {TR} at (0,2) size 400x18
            RenderTableCell {TD} at (2,2) size 252x18 [bgcolor=#00FF00] [r=0 c=0 rs=1 cs=1]
              RenderText {#text} at (1,1) size 30x16
                text run at (1,1) width 30: "plain"
            RenderTableCell {TD} at (256,2) size 142x18 [bgcolor=#FFFF00] [r=0 c=1 rs=1 cs=1]
              RenderText {#text} at (1,1) size 66x16
                text run at (1,1) width 66: "width=140"
          RenderTableRow {TR} at (0,22) size 400x18
            RenderTableCell {TD} at (2,22) size 396x18 [bgcolor=#FF00FF] [r=1 c=0 rs=1 cs=2]
              RenderText {#text} at (1,1) size 136x16
                text run at (1,1) width 136: "colspan=2 width=400"
      RenderBlock {DIV} at (0,238) size 406x6 [border: (3px solid #FF0000)]
      RenderTable {TABLE} at (0,244) size 400x42
        RenderTableSection {TBODY} at (0,0) size 400x42
          RenderTableRow {TR} at (0,2) size 400x18
            RenderTableCell {TD} at (2,2) size 262x18 [bgcolor=#00FF00] [r=0 c=0 rs=1 cs=1]
              RenderText {#text} at (1,1) size 66x16
                text run at (1,1) width 66: "width=260"
            RenderTableCell {TD} at (266,2) size 132x18 [bgcolor=#FFFF00] [r=0 c=1 rs=1 cs=1]
              RenderText {#text} at (1,1) size 30x16
                text run at (1,1) width 30: "plain"
          RenderTableRow {TR} at (0,22) size 400x18
            RenderTableCell {TD} at (2,22) size 396x18 [bgcolor=#FF00FF] [r=1 c=0 rs=1 cs=2]
              RenderText {#text} at (1,1) size 136x16
                text run at (1,1) width 136: "colspan=2 width=400"
      RenderBlock {DIV} at (0,286) size 406x6 [border: (3px solid #FF0000)]
      RenderTable {TABLE} at (0,292) size 400x42
        RenderTableSection {TBODY} at (0,0) size 400x42
          RenderTableRow {TR} at (0,2) size 400x18
            RenderTableCell {TD} at (2,2) size 254x18 [bgcolor=#00FF00] [r=0 c=0 rs=1 cs=1]
              RenderText {#text} at (1,1) size 66x16
                text run at (1,1) width 66: "width=260"
            RenderTableCell {TD} at (258,2) size 140x18 [bgcolor=#FFFF00] [r=0 c=1 rs=1 cs=1]
              RenderText {#text} at (1,1) size 66x16
                text run at (1,1) width 66: "width=140"
          RenderTableRow {TR} at (0,22) size 400x18
            RenderTableCell {TD} at (2,22) size 396x18 [bgcolor=#FF00FF] [r=1 c=0 rs=1 cs=2]
              RenderText {#text} at (1,1) size 136x16
                text run at (1,1) width 136: "colspan=2 width=400"
      RenderBlock {DIV} at (0,334) size 406x6 [border: (3px solid #FF0000)]
      RenderTable {TABLE} at (0,340) size 400x42
        RenderTableSection {TBODY} at (0,0) size 400x42
          RenderTableRow {TR} at (0,2) size 400x18
            RenderTableCell {TD} at (2,2) size 254x18 [bgcolor=#00FF00] [r=0 c=0 rs=1 cs=1]
              RenderText {#text} at (1,1) size 66x16
                text run at (1,1) width 66: "width=260"
            RenderTableCell {TD} at (258,2) size 140x18 [bgcolor=#FFFF00] [r=0 c=1 rs=1 cs=1]
              RenderText {#text} at (1,1) size 66x16
                text run at (1,1) width 66: "width=140"
          RenderTableRow {TR} at (0,22) size 400x18
            RenderTableCell {TD} at (2,22) size 396x18 [bgcolor=#FF00FF] [r=1 c=0 rs=1 cs=2]
              RenderText {#text} at (1,1) size 66x16
                text run at (1,1) width 66: "colspan=2"
      RenderBlock {DIV} at (0,382) size 406x6 [border: (3px solid #FF0000)]
      RenderTable {TABLE} at (0,388) size 400x42
        RenderTableSection {TBODY} at (0,0) size 400x42
          RenderTableRow {TR} at (0,2) size 400x18
            RenderTableCell {TD} at (2,2) size 256x18 [bgcolor=#00FF00] [r=0 c=0 rs=1 cs=1]
              RenderText {#text} at (1,1) size 70x16
                text run at (1,1) width 70: "width=65%"
            RenderTableCell {TD} at (260,2) size 138x18 [bgcolor=#FFFF00] [r=0 c=1 rs=1 cs=1]
              RenderText {#text} at (1,1) size 30x16
                text run at (1,1) width 30: "plain"
          RenderTableRow {TR} at (0,22) size 400x18
            RenderTableCell {TD} at (2,22) size 396x18 [bgcolor=#FF00FF] [r=1 c=0 rs=1 cs=2]
              RenderText {#text} at (1,1) size 66x16
                text run at (1,1) width 66: "colspan=2"
      RenderBlock {DIV} at (0,430) size 406x6 [border: (3px solid #FF0000)]
      RenderTable {TABLE} at (0,436) size 400x42
        RenderTableSection {TBODY} at (0,0) size 400x42
          RenderTableRow {TR} at (0,2) size 400x18
            RenderTableCell {TD} at (2,2) size 257x18 [bgcolor=#00FF00] [r=0 c=0 rs=1 cs=1]
              RenderText {#text} at (1,1) size 30x16
                text run at (1,1) width 30: "plain"
            RenderTableCell {TD} at (261,2) size 137x18 [bgcolor=#FFFF00] [r=0 c=1 rs=1 cs=1]
              RenderText {#text} at (1,1) size 70x16
                text run at (1,1) width 70: "width=35%"
          RenderTableRow {TR} at (0,22) size 400x18
            RenderTableCell {TD} at (2,22) size 396x18 [bgcolor=#FF00FF] [r=1 c=0 rs=1 cs=2]
              RenderText {#text} at (1,1) size 66x16
                text run at (1,1) width 66: "colspan=2"
      RenderBlock {DIV} at (0,478) size 406x6 [border: (3px solid #FF0000)]
      RenderTable {TABLE} at (0,484) size 400x42
        RenderTableSection {TBODY} at (0,0) size 400x42
          RenderTableRow {TR} at (0,2) size 400x18
            RenderTableCell {TD} at (2,2) size 257x18 [bgcolor=#00FF00] [r=0 c=0 rs=1 cs=1]
              RenderText {#text} at (1,1) size 70x16
                text run at (1,1) width 70: "width=65%"
            RenderTableCell {TD} at (261,2) size 137x18 [bgcolor=#FFFF00] [r=0 c=1 rs=1 cs=1]
              RenderText {#text} at (1,1) size 70x16
                text run at (1,1) width 70: "width=35%"
          RenderTableRow {TR} at (0,22) size 400x18
            RenderTableCell {TD} at (2,22) size 396x18 [bgcolor=#FF00FF] [r=1 c=0 rs=1 cs=2]
              RenderText {#text} at (1,1) size 66x16
                text run at (1,1) width 66: "colspan=2"
      RenderBlock {DIV} at (0,526) size 406x6 [border: (3px solid #FF0000)]
      RenderBlock {H3} at (0,548) size 784x18
        RenderText {#text} at (0,0) size 58x18
          text run at (0,0) width 58: "140/260"
      RenderBlock {DIV} at (0,582) size 406x6 [border: (3px solid #FF0000)]
      RenderTable {TABLE} at (0,588) size 400x42
        RenderTableSection {TBODY} at (0,0) size 400x42
          RenderTableRow {TR} at (0,2) size 400x18
            RenderTableCell {TD} at (2,2) size 142x18 [bgcolor=#00FF00] [r=0 c=0 rs=1 cs=1]
              RenderText {#text} at (1,1) size 66x16
                text run at (1,1) width 66: "width=140"
            RenderTableCell {TD} at (146,2) size 252x18 [bgcolor=#FFFF00] [r=0 c=1 rs=1 cs=1]
              RenderText {#text} at (1,1) size 30x16
                text run at (1,1) width 30: "plain"
          RenderTableRow {TR} at (0,22) size 400x18
            RenderTableCell {TD} at (2,22) size 396x18 [bgcolor=#FF00FF] [r=1 c=0 rs=1 cs=2]
              RenderText {#text} at (1,1) size 136x16
                text run at (1,1) width 136: "colspan=2 width=400"
      RenderBlock {DIV} at (0,630) size 406x6 [border: (3px solid #FF0000)]
      RenderTable {TABLE} at (0,636) size 400x42
        RenderTableSection {TBODY} at (0,0) size 400x42
          RenderTableRow {TR} at (0,2) size 400x18
            RenderTableCell {TD} at (2,2) size 132x18 [bgcolor=#00FF00] [r=0 c=0 rs=1 cs=1]
              RenderText {#text} at (1,1) size 30x16
                text run at (1,1) width 30: "plain"
            RenderTableCell {TD} at (136,2) size 262x18 [bgcolor=#FFFF00] [r=0 c=1 rs=1 cs=1]
              RenderText {#text} at (1,1) size 66x16
                text run at (1,1) width 66: "width=260"
          RenderTableRow {TR} at (0,22) size 400x18
            RenderTableCell {TD} at (2,22) size 396x18 [bgcolor=#FF00FF] [r=1 c=0 rs=1 cs=2]
              RenderText {#text} at (1,1) size 136x16
                text run at (1,1) width 136: "colspan=2 width=400"
      RenderBlock {DIV} at (0,678) size 406x6 [border: (3px solid #FF0000)]
      RenderTable {TABLE} at (0,684) size 400x42
        RenderTableSection {TBODY} at (0,0) size 400x42
          RenderTableRow {TR} at (0,2) size 400x18
            RenderTableCell {TD} at (2,2) size 139x18 [bgcolor=#00FF00] [r=0 c=0 rs=1 cs=1]
              RenderText {#text} at (1,1) size 66x16
                text run at (1,1) width 66: "width=140"
            RenderTableCell {TD} at (143,2) size 255x18 [bgcolor=#FFFF00] [r=0 c=1 rs=1 cs=1]
              RenderText {#text} at (1,1) size 66x16
                text run at (1,1) width 66: "width=260"
          RenderTableRow {TR} at (0,22) size 400x18
            RenderTableCell {TD} at (2,22) size 396x18 [bgcolor=#FF00FF] [r=1 c=0 rs=1 cs=2]
              RenderText {#text} at (1,1) size 136x16
                text run at (1,1) width 136: "colspan=2 width=400"
      RenderBlock {DIV} at (0,726) size 406x6 [border: (3px solid #FF0000)]
      RenderTable {TABLE} at (0,732) size 400x42
        RenderTableSection {TBODY} at (0,0) size 400x42
          RenderTableRow {TR} at (0,2) size 400x18
            RenderTableCell {TD} at (2,2) size 139x18 [bgcolor=#00FF00] [r=0 c=0 rs=1 cs=1]
              RenderText {#text} at (1,1) size 66x16
                text run at (1,1) width 66: "width=140"
            RenderTableCell {TD} at (143,2) size 255x18 [bgcolor=#FFFF00] [r=0 c=1 rs=1 cs=1]
              RenderText {#text} at (1,1) size 66x16
                text run at (1,1) width 66: "width=260"
          RenderTableRow {TR} at (0,22) size 400x18
            RenderTableCell {TD} at (2,22) size 396x18 [bgcolor=#FF00FF] [r=1 c=0 rs=1 cs=2]
              RenderText {#text} at (1,1) size 66x16
                text run at (1,1) width 66: "colspan=2"
      RenderBlock {DIV} at (0,774) size 406x6 [border: (3px solid #FF0000)]
      RenderTable {TABLE} at (0,780) size 400x42
        RenderTableSection {TBODY} at (0,0) size 400x42
          RenderTableRow {TR} at (0,2) size 400x18
            RenderTableCell {TD} at (2,2) size 137x18 [bgcolor=#00FF00] [r=0 c=0 rs=1 cs=1]
              RenderText {#text} at (1,1) size 70x16
                text run at (1,1) width 70: "width=35%"
            RenderTableCell {TD} at (141,2) size 257x18 [bgcolor=#FFFF00] [r=0 c=1 rs=1 cs=1]
              RenderText {#text} at (1,1) size 30x16
                text run at (1,1) width 30: "plain"
          RenderTableRow {TR} at (0,22) size 400x18
            RenderTableCell {TD} at (2,22) size 396x18 [bgcolor=#FF00FF] [r=1 c=0 rs=1 cs=2]
              RenderText {#text} at (1,1) size 66x16
                text run at (1,1) width 66: "colspan=2"
      RenderBlock {DIV} at (0,822) size 406x6 [border: (3px solid #FF0000)]
      RenderTable {TABLE} at (0,828) size 400x42
        RenderTableSection {TBODY} at (0,0) size 400x42
          RenderTableRow {TR} at (0,2) size 400x18
            RenderTableCell {TD} at (2,2) size 138x18 [bgcolor=#00FF00] [r=0 c=0 rs=1 cs=1]
              RenderText {#text} at (1,1) size 30x16
                text run at (1,1) width 30: "plain"
            RenderTableCell {TD} at (142,2) size 256x18 [bgcolor=#FFFF00] [r=0 c=1 rs=1 cs=1]
              RenderText {#text} at (1,1) size 70x16
                text run at (1,1) width 70: "width=65%"
          RenderTableRow {TR} at (0,22) size 400x18
            RenderTableCell {TD} at (2,22) size 396x18 [bgcolor=#FF00FF] [r=1 c=0 rs=1 cs=2]
              RenderText {#text} at (1,1) size 66x16
                text run at (1,1) width 66: "colspan=2"
      RenderBlock {DIV} at (0,870) size 406x6 [border: (3px solid #FF0000)]
      RenderTable {TABLE} at (0,876) size 400x42
        RenderTableSection {TBODY} at (0,0) size 400x42
          RenderTableRow {TR} at (0,2) size 400x18
            RenderTableCell {TD} at (2,2) size 138x18 [bgcolor=#00FF00] [r=0 c=0 rs=1 cs=1]
              RenderText {#text} at (1,1) size 70x16
                text run at (1,1) width 70: "width=35%"
            RenderTableCell {TD} at (142,2) size 256x18 [bgcolor=#FFFF00] [r=0 c=1 rs=1 cs=1]
              RenderText {#text} at (1,1) size 70x16
                text run at (1,1) width 70: "width=65%"
          RenderTableRow {TR} at (0,22) size 400x18
            RenderTableCell {TD} at (2,22) size 396x18 [bgcolor=#FF00FF] [r=1 c=0 rs=1 cs=2]
              RenderText {#text} at (1,1) size 66x16
                text run at (1,1) width 66: "colspan=2"
      RenderBlock {DIV} at (0,918) size 406x6 [border: (3px solid #FF0000)]
      RenderBlock {H3} at (0,940) size 784x18
        RenderText {#text} at (0,0) size 32x18
          text run at (0,0) width 32: "50%"
      RenderBlock {DIV} at (0,974) size 406x6 [border: (3px solid #FF0000)]
      RenderTable {TABLE} at (0,980) size 400x42
        RenderTableSection {TBODY} at (0,0) size 400x42
          RenderTableRow {TR} at (0,2) size 400x18
            RenderTableCell {TD} at (2,2) size 197x18 [bgcolor=#00FF00] [r=0 c=0 rs=1 cs=1]
              RenderText {#text} at (1,1) size 70x16
                text run at (1,1) width 70: "width=50%"
            RenderTableCell {TD} at (201,2) size 197x18 [bgcolor=#FFFF00] [r=0 c=1 rs=1 cs=1]
              RenderText {#text} at (1,1) size 30x16
                text run at (1,1) width 30: "plain"
          RenderTableRow {TR} at (0,22) size 400x18
            RenderTableCell {TD} at (2,22) size 396x18 [bgcolor=#FF00FF] [r=1 c=0 rs=1 cs=2]
              RenderText {#text} at (1,1) size 136x16
                text run at (1,1) width 136: "colspan=2 width=400"
      RenderBlock {DIV} at (0,1022) size 406x6 [border: (3px solid #FF0000)]
      RenderTable {TABLE} at (0,1028) size 400x42
        RenderTableSection {TBODY} at (0,0) size 400x42
          RenderTableRow {TR} at (0,2) size 400x18
            RenderTableCell {TD} at (2,2) size 197x18 [bgcolor=#00FF00] [r=0 c=0 rs=1 cs=1]
              RenderText {#text} at (1,1) size 30x16
                text run at (1,1) width 30: "plain"
            RenderTableCell {TD} at (201,2) size 197x18 [bgcolor=#FFFF00] [r=0 c=1 rs=1 cs=1]
              RenderText {#text} at (1,1) size 70x16
                text run at (1,1) width 70: "width=50%"
          RenderTableRow {TR} at (0,22) size 400x18
            RenderTableCell {TD} at (2,22) size 396x18 [bgcolor=#FF00FF] [r=1 c=0 rs=1 cs=2]
              RenderText {#text} at (1,1) size 136x16
                text run at (1,1) width 136: "colspan=2 width=400"
      RenderBlock {DIV} at (0,1070) size 406x6 [border: (3px solid #FF0000)]
      RenderTable {TABLE} at (0,1076) size 400x42
        RenderTableSection {TBODY} at (0,0) size 400x42
          RenderTableRow {TR} at (0,2) size 400x18
            RenderTableCell {TD} at (2,2) size 197x18 [bgcolor=#00FF00] [r=0 c=0 rs=1 cs=1]
              RenderText {#text} at (1,1) size 70x16
                text run at (1,1) width 70: "width=50%"
            RenderTableCell {TD} at (201,2) size 197x18 [bgcolor=#FFFF00] [r=0 c=1 rs=1 cs=1]
              RenderText {#text} at (1,1) size 70x16
                text run at (1,1) width 70: "width=50%"
          RenderTableRow {TR} at (0,22) size 400x18
            RenderTableCell {TD} at (2,22) size 396x18 [bgcolor=#FF00FF] [r=1 c=0 rs=1 cs=2]
              RenderText {#text} at (1,1) size 136x16
                text run at (1,1) width 136: "colspan=2 width=400"
      RenderBlock {DIV} at (0,1118) size 406x6 [border: (3px solid #FF0000)]
      RenderTable {TABLE} at (0,1124) size 400x42
        RenderTableSection {TBODY} at (0,0) size 400x42
          RenderTableRow {TR} at (0,2) size 400x18
            RenderTableCell {TD} at (2,2) size 197x18 [bgcolor=#00FF00] [r=0 c=0 rs=1 cs=1]
              RenderText {#text} at (1,1) size 30x16
                text run at (1,1) width 30: "plain"
            RenderTableCell {TD} at (201,2) size 197x18 [bgcolor=#FFFF00] [r=0 c=1 rs=1 cs=1]
              RenderText {#text} at (1,1) size 30x16
                text run at (1,1) width 30: "plain"
          RenderTableRow {TR} at (0,22) size 400x18
            RenderTableCell {TD} at (2,22) size 396x18 [bgcolor=#FF00FF] [r=1 c=0 rs=1 cs=2]
              RenderText {#text} at (1,1) size 136x16
                text run at (1,1) width 136: "colspan=2 width=400"
      RenderBlock {DIV} at (0,1166) size 406x6 [border: (3px solid #FF0000)]
      RenderTable {TABLE} at (0,1172) size 400x42
        RenderTableSection {TBODY} at (0,0) size 400x42
          RenderTableRow {TR} at (0,2) size 400x18
            RenderTableCell {TD} at (2,2) size 197x18 [bgcolor=#00FF00] [r=0 c=0 rs=1 cs=1]
              RenderText {#text} at (1,1) size 66x16
                text run at (1,1) width 66: "width=200"
            RenderTableCell {TD} at (201,2) size 197x18 [bgcolor=#FFFF00] [r=0 c=1 rs=1 cs=1]
              RenderText {#text} at (1,1) size 66x16
                text run at (1,1) width 66: "width=200"
          RenderTableRow {TR} at (0,22) size 400x18
            RenderTableCell {TD} at (2,22) size 396x18 [bgcolor=#FF00FF] [r=1 c=0 rs=1 cs=2]
              RenderText {#text} at (1,1) size 66x16
                text run at (1,1) width 66: "colspan=2"
      RenderBlock {DIV} at (0,1214) size 406x6 [border: (3px solid #FF0000)]
      RenderBlock {H2} at (0,1237) size 784x24
        RenderText {#text} at (0,0) size 218x23
          text run at (0,0) width 218: "Tables Without Width"
      RenderBlock {P} at (0,1278) size 784x32
        RenderText {#text} at (0,0) size 737x32
          text run at (0,0) width 737: "The following tables have no width. They should still be the same size, by virtue of them having a 400 pixel cell and no"
          text run at (0,16) width 153: "padding/margin/borders."
      RenderBlock {H3} at (0,1326) size 784x18
        RenderText {#text} at (0,0) size 58x18
          text run at (0,0) width 58: "260/140"
      RenderBlock {DIV} at (0,1360) size 406x6 [border: (3px solid #FF0000)]
      RenderTable {TABLE} at (0,1366) size 406x42
        RenderTableSection {TBODY} at (0,0) size 406x42
          RenderTableRow {TR} at (0,2) size 406x18
            RenderTableCell {TD} at (2,2) size 258x18 [bgcolor=#00FF00] [r=0 c=0 rs=1 cs=1]
              RenderText {#text} at (1,1) size 30x16
                text run at (1,1) width 30: "plain"
            RenderTableCell {TD} at (262,2) size 142x18 [bgcolor=#FFFF00] [r=0 c=1 rs=1 cs=1]
              RenderText {#text} at (1,1) size 66x16
                text run at (1,1) width 66: "width=140"
          RenderTableRow {TR} at (0,22) size 406x18
            RenderTableCell {TD} at (2,22) size 402x18 [bgcolor=#FF00FF] [r=1 c=0 rs=1 cs=2]
              RenderText {#text} at (1,1) size 136x16
                text run at (1,1) width 136: "colspan=2 width=400"
      RenderBlock {DIV} at (0,1408) size 406x6 [border: (3px solid #FF0000)]
      RenderTable {TABLE} at (0,1414) size 406x42
        RenderTableSection {TBODY} at (0,0) size 406x42
          RenderTableRow {TR} at (0,2) size 406x18
            RenderTableCell {TD} at (2,2) size 262x18 [bgcolor=#00FF00] [r=0 c=0 rs=1 cs=1]
              RenderText {#text} at (1,1) size 66x16
                text run at (1,1) width 66: "width=260"
            RenderTableCell {TD} at (266,2) size 138x18 [bgcolor=#FFFF00] [r=0 c=1 rs=1 cs=1]
              RenderText {#text} at (1,1) size 30x16
                text run at (1,1) width 30: "plain"
          RenderTableRow {TR} at (0,22) size 406x18
            RenderTableCell {TD} at (2,22) size 402x18 [bgcolor=#FF00FF] [r=1 c=0 rs=1 cs=2]
              RenderText {#text} at (1,1) size 136x16
                text run at (1,1) width 136: "colspan=2 width=400"
      RenderBlock {DIV} at (0,1456) size 406x6 [border: (3px solid #FF0000)]
      RenderTable {TABLE} at (0,1462) size 410x42
        RenderTableSection {TBODY} at (0,0) size 410x42
          RenderTableRow {TR} at (0,2) size 410x18
            RenderTableCell {TD} at (2,2) size 262x18 [bgcolor=#00FF00] [r=0 c=0 rs=1 cs=1]
              RenderText {#text} at (1,1) size 66x16
                text run at (1,1) width 66: "width=260"
            RenderTableCell {TD} at (266,2) size 142x18 [bgcolor=#FFFF00] [r=0 c=1 rs=1 cs=1]
              RenderText {#text} at (1,1) size 66x16
                text run at (1,1) width 66: "width=140"
          RenderTableRow {TR} at (0,22) size 410x18
            RenderTableCell {TD} at (2,22) size 406x18 [bgcolor=#FF00FF] [r=1 c=0 rs=1 cs=2]
              RenderText {#text} at (1,1) size 136x16
                text run at (1,1) width 136: "colspan=2 width=400"
      RenderBlock {DIV} at (0,1504) size 406x6 [border: (3px solid #FF0000)]
      RenderTable {TABLE} at (0,1510) size 410x42
        RenderTableSection {TBODY} at (0,0) size 410x42
          RenderTableRow {TR} at (0,2) size 410x18
            RenderTableCell {TD} at (2,2) size 262x18 [bgcolor=#00FF00] [r=0 c=0 rs=1 cs=1]
              RenderText {#text} at (1,1) size 66x16
                text run at (1,1) width 66: "width=260"
            RenderTableCell {TD} at (266,2) size 142x18 [bgcolor=#FFFF00] [r=0 c=1 rs=1 cs=1]
              RenderText {#text} at (1,1) size 66x16
                text run at (1,1) width 66: "width=140"
          RenderTableRow {TR} at (0,22) size 410x18
            RenderTableCell {TD} at (2,22) size 406x18 [bgcolor=#FF00FF] [r=1 c=0 rs=1 cs=2]
              RenderText {#text} at (1,1) size 66x16
                text run at (1,1) width 66: "colspan=2"
      RenderBlock {DIV} at (0,1552) size 406x6 [border: (3px solid #FF0000)]
      RenderBlock {H3} at (0,1574) size 784x18
        RenderText {#text} at (0,0) size 58x18
          text run at (0,0) width 58: "140/260"
      RenderBlock {DIV} at (0,1608) size 406x6 [border: (3px solid #FF0000)]
      RenderTable {TABLE} at (0,1614) size 406x42
        RenderTableSection {TBODY} at (0,0) size 406x42
          RenderTableRow {TR} at (0,2) size 406x18
            RenderTableCell {TD} at (2,2) size 142x18 [bgcolor=#00FF00] [r=0 c=0 rs=1 cs=1]
              RenderText {#text} at (1,1) size 66x16
                text run at (1,1) width 66: "width=140"
            RenderTableCell {TD} at (146,2) size 258x18 [bgcolor=#FFFF00] [r=0 c=1 rs=1 cs=1]
              RenderText {#text} at (1,1) size 30x16
                text run at (1,1) width 30: "plain"
          RenderTableRow {TR} at (0,22) size 406x18
            RenderTableCell {TD} at (2,22) size 402x18 [bgcolor=#FF00FF] [r=1 c=0 rs=1 cs=2]
              RenderText {#text} at (1,1) size 136x16
                text run at (1,1) width 136: "colspan=2 width=400"
      RenderBlock {DIV} at (0,1656) size 406x6 [border: (3px solid #FF0000)]
      RenderTable {TABLE} at (0,1662) size 406x42
        RenderTableSection {TBODY} at (0,0) size 406x42
          RenderTableRow {TR} at (0,2) size 406x18
            RenderTableCell {TD} at (2,2) size 138x18 [bgcolor=#00FF00] [r=0 c=0 rs=1 cs=1]
              RenderText {#text} at (1,1) size 30x16
                text run at (1,1) width 30: "plain"
            RenderTableCell {TD} at (142,2) size 262x18 [bgcolor=#FFFF00] [r=0 c=1 rs=1 cs=1]
              RenderText {#text} at (1,1) size 66x16
                text run at (1,1) width 66: "width=260"
          RenderTableRow {TR} at (0,22) size 406x18
            RenderTableCell {TD} at (2,22) size 402x18 [bgcolor=#FF00FF] [r=1 c=0 rs=1 cs=2]
              RenderText {#text} at (1,1) size 136x16
                text run at (1,1) width 136: "colspan=2 width=400"
      RenderBlock {DIV} at (0,1704) size 406x6 [border: (3px solid #FF0000)]
      RenderTable {TABLE} at (0,1710) size 410x42
        RenderTableSection {TBODY} at (0,0) size 410x42
          RenderTableRow {TR} at (0,2) size 410x18
            RenderTableCell {TD} at (2,2) size 142x18 [bgcolor=#00FF00] [r=0 c=0 rs=1 cs=1]
              RenderText {#text} at (1,1) size 66x16
                text run at (1,1) width 66: "width=140"
            RenderTableCell {TD} at (146,2) size 262x18 [bgcolor=#FFFF00] [r=0 c=1 rs=1 cs=1]
              RenderText {#text} at (1,1) size 66x16
                text run at (1,1) width 66: "width=260"
          RenderTableRow {TR} at (0,22) size 410x18
            RenderTableCell {TD} at (2,22) size 406x18 [bgcolor=#FF00FF] [r=1 c=0 rs=1 cs=2]
              RenderText {#text} at (1,1) size 136x16
                text run at (1,1) width 136: "colspan=2 width=400"
      RenderBlock {DIV} at (0,1752) size 406x6 [border: (3px solid #FF0000)]
      RenderTable {TABLE} at (0,1758) size 410x42
        RenderTableSection {TBODY} at (0,0) size 410x42
          RenderTableRow {TR} at (0,2) size 410x18
            RenderTableCell {TD} at (2,2) size 142x18 [bgcolor=#00FF00] [r=0 c=0 rs=1 cs=1]
              RenderText {#text} at (1,1) size 66x16
                text run at (1,1) width 66: "width=140"
            RenderTableCell {TD} at (146,2) size 262x18 [bgcolor=#FFFF00] [r=0 c=1 rs=1 cs=1]
              RenderText {#text} at (1,1) size 66x16
                text run at (1,1) width 66: "width=260"
          RenderTableRow {TR} at (0,22) size 410x18
            RenderTableCell {TD} at (2,22) size 406x18 [bgcolor=#FF00FF] [r=1 c=0 rs=1 cs=2]
              RenderText {#text} at (1,1) size 66x16
                text run at (1,1) width 66: "colspan=2"
      RenderBlock {DIV} at (0,1800) size 406x6 [border: (3px solid #FF0000)]
      RenderBlock {H3} at (0,1822) size 784x18
        RenderText {#text} at (0,0) size 32x18
          text run at (0,0) width 32: "50%"
      RenderBlock {DIV} at (0,1856) size 406x6 [border: (3px solid #FF0000)]
      RenderTable {TABLE} at (0,1862) size 558x42
        RenderTableSection {TBODY} at (0,0) size 558x42
          RenderTableRow {TR} at (0,2) size 558x18
            RenderTableCell {TD} at (2,2) size 276x18 [bgcolor=#00FF00] [r=0 c=0 rs=1 cs=1]
              RenderText {#text} at (1,1) size 70x16
                text run at (1,1) width 70: "width=50%"
            RenderTableCell {TD} at (280,2) size 276x18 [bgcolor=#FFFF00] [r=0 c=1 rs=1 cs=1]
              RenderText {#text} at (1,1) size 30x16
                text run at (1,1) width 30: "plain"
          RenderTableRow {TR} at (0,22) size 558x18
            RenderTableCell {TD} at (2,22) size 554x18 [bgcolor=#FF00FF] [r=1 c=0 rs=1 cs=2]
              RenderText {#text} at (1,1) size 136x16
                text run at (1,1) width 136: "colspan=2 width=400"
      RenderBlock {DIV} at (0,1904) size 406x6 [border: (3px solid #FF0000)]
      RenderTable {TABLE} at (0,1910) size 560x42
        RenderTableSection {TBODY} at (0,0) size 560x42
          RenderTableRow {TR} at (0,2) size 560x18
            RenderTableCell {TD} at (2,2) size 277x18 [bgcolor=#00FF00] [r=0 c=0 rs=1 cs=1]
              RenderText {#text} at (1,1) size 30x16
                text run at (1,1) width 30: "plain"
            RenderTableCell {TD} at (281,2) size 277x18 [bgcolor=#FFFF00] [r=0 c=1 rs=1 cs=1]
              RenderText {#text} at (1,1) size 70x16
                text run at (1,1) width 70: "width=50%"
          RenderTableRow {TR} at (0,22) size 560x18
            RenderTableCell {TD} at (2,22) size 556x18 [bgcolor=#FF00FF] [r=1 c=0 rs=1 cs=2]
              RenderText {#text} at (1,1) size 136x16
                text run at (1,1) width 136: "colspan=2 width=400"
      RenderBlock {DIV} at (0,1952) size 406x6 [border: (3px solid #FF0000)]
      RenderTable {TABLE} at (0,1958) size 406x42
        RenderTableSection {TBODY} at (0,0) size 406x42
          RenderTableRow {TR} at (0,2) size 406x18
            RenderTableCell {TD} at (2,2) size 200x18 [bgcolor=#00FF00] [r=0 c=0 rs=1 cs=1]
              RenderText {#text} at (1,1) size 70x16
                text run at (1,1) width 70: "width=50%"
            RenderTableCell {TD} at (204,2) size 200x18 [bgcolor=#FFFF00] [r=0 c=1 rs=1 cs=1]
              RenderText {#text} at (1,1) size 70x16
                text run at (1,1) width 70: "width=50%"
          RenderTableRow {TR} at (0,22) size 406x18
            RenderTableCell {TD} at (2,22) size 402x18 [bgcolor=#FF00FF] [r=1 c=0 rs=1 cs=2]
              RenderText {#text} at (1,1) size 136x16
                text run at (1,1) width 136: "colspan=2 width=400"
      RenderBlock {DIV} at (0,2000) size 406x6 [border: (3px solid #FF0000)]
      RenderTable {TABLE} at (0,2006) size 406x42
        RenderTableSection {TBODY} at (0,0) size 406x42
          RenderTableRow {TR} at (0,2) size 406x18
            RenderTableCell {TD} at (2,2) size 200x18 [bgcolor=#00FF00] [r=0 c=0 rs=1 cs=1]
              RenderText {#text} at (1,1) size 30x16
                text run at (1,1) width 30: "plain"
            RenderTableCell {TD} at (204,2) size 200x18 [bgcolor=#FFFF00] [r=0 c=1 rs=1 cs=1]
              RenderText {#text} at (1,1) size 30x16
                text run at (1,1) width 30: "plain"
          RenderTableRow {TR} at (0,22) size 406x18
            RenderTableCell {TD} at (2,22) size 402x18 [bgcolor=#FF00FF] [r=1 c=0 rs=1 cs=2]
              RenderText {#text} at (1,1) size 136x16
                text run at (1,1) width 136: "colspan=2 width=400"
      RenderBlock {DIV} at (0,2048) size 406x6 [border: (3px solid #FF0000)]
      RenderTable {TABLE} at (0,2054) size 410x42
        RenderTableSection {TBODY} at (0,0) size 410x42
          RenderTableRow {TR} at (0,2) size 410x18
            RenderTableCell {TD} at (2,2) size 202x18 [bgcolor=#00FF00] [r=0 c=0 rs=1 cs=1]
              RenderText {#text} at (1,1) size 66x16
                text run at (1,1) width 66: "width=200"
            RenderTableCell {TD} at (206,2) size 202x18 [bgcolor=#FFFF00] [r=0 c=1 rs=1 cs=1]
              RenderText {#text} at (1,1) size 66x16
                text run at (1,1) width 66: "width=200"
          RenderTableRow {TR} at (0,22) size 410x18
            RenderTableCell {TD} at (2,22) size 406x18 [bgcolor=#FF00FF] [r=1 c=0 rs=1 cs=2]
              RenderText {#text} at (1,1) size 66x16
                text run at (1,1) width 66: "colspan=2"
      RenderBlock {DIV} at (0,2096) size 406x6 [border: (3px solid #FF0000)]
