layer at (0,0) size 800x600
  RenderView at (0,0) size 800x600
layer at (0,0) size 800x362
  RenderBlock {html} at (0,0) size 800x362
    RenderBody {body} at (8,8) size 784x346
      RenderBlock (anonymous) at (0,0) size 784x308
        RenderSVGRoot {svg} at (196,196) size 79x79
          RenderSVGPath {circle} at (197,197) size 77x77 [fill={[type=SOLID] [color=#FF0000]}] [cx=300.00] [cy=300.00] [r=50.00]
        RenderText {#text} at (302,286) size 4x22
          text run at (302,286) width 4: " "
        RenderBR {br} at (306,286) size 0x22
      RenderBlock {p} at (0,324) size 784x0
      RenderBlock {p} at (0,324) size 784x0
      RenderBlock (anonymous) at (0,324) size 784x22
        RenderText {#text} at (0,0) size 590x22
          text run at (0,0) width 590: "The circle should not be (partially or fully)visible at the original position after moving it."
