layer at (0,0) size 800x600
  RenderView at (0,0) size 800x600
layer at (0,0) size 800x105
  RenderBlock {html} at (0,0) size 800x105
    RenderInline {head} at (0,0) size 83x21
      RenderText {#text} at (0,0) size 0x0
      RenderInline {title} at (0,0) size 79x21
        RenderText {#text} at (0,84) size 79x21
          text run at (0,84) width 79: "SVG Image"
      RenderText {#text} at (79,84) size 4x21
        text run at (79,84) width 4: " "
    RenderText {#text} at (0,0) size 0x0
    RenderInline {body} at (0,0) size 600x21
      RenderText {#text} at (0,0) size 0x0
      RenderSVGRoot {svg} at (93,10) size 100x60
        RenderSVGImage {image} at (93,10) size 100x60
      RenderText {#text} at (0,0) size 0x0
    RenderText {#text} at (0,0) size 0x0
