layer at (0,0) size 800x600
  RenderView at (0,0) size 800x600
layer at (0,0) size 400x400
  RenderSVGRoot {svg} at (0,0) size 400x400
    RenderSVGHiddenContainer {defs} at (0,0) size 0x0
      RenderSVGResourceLinearGradient {linearGradient} [id="gradient"] [gradientUnits=objectBoundingBox] [start=(0,0)] [end=(0,1)]
        RenderSVGGradientStop {stop} [offset=0.00] [color=#FF72B480]
        RenderSVGGradientStop {stop} [offset=1.00] [color=#FF007B]
      RenderSVGResourceLinearGradient {linearGradient} [id="h_stroke_gradient"] [gradientUnits=objectBoundingBox] [start=(0,0)] [end=(1,0)]
        RenderSVGGradientStop {stop} [offset=0.00] [color=#000000]
        RenderSVGGradientStop {stop} [offset=1.00] [color=#00000000]
      RenderSVGResourceLinearGradient {linearGradient} [id="v_stroke_gradient"] [gradientUnits=objectBoundingBox] [start=(0,0)] [end=(0,1)]
        RenderSVGGradientStop {stop} [offset=0.00] [color=#000000]
        RenderSVGGradientStop {stop} [offset=1.00] [color=#00000000]
    RenderSVGPath {rect} at (0,0) size 400x400 [fill={[type=LINEAR-GRADIENT] [id="gradient"]}] [x=0.00] [y=0.00] [width=400.00] [height=400.00]
    RenderSVGContainer {g} at (9,6) size 381x29 [transform={m=((1.00,0.00)(0.00,1.00)) t=(10.00,10.00)}]
      RenderSVGPath {rect} at (10,10) size 380x25 [opacity=0.50] [fill={[type=SOLID] [color=#FFFFFF]}] [x=0.00] [y=0.00] [width=380.00] [height=25.00]
      RenderSVGContainer {g} at (8,8) size 382x27 [transform={m=((1.00,0.00)(0.00,1.00)) t=(-0.50,-0.50)}]
        RenderSVGPath {line} at (9,8) size 381x3 [stroke={[type=LINEAR-GRADIENT] [id="h_stroke_gradient"]}] [fill={[type=SOLID] [color=#000000]}] [x1=0.00] [y1=0.00] [x2=380.00] [y2=0.00]
        RenderSVGPath {line} at (8,8) size 3x27 [stroke={[type=LINEAR-GRADIENT] [id="v_stroke_gradient"]}] [fill={[type=SOLID] [color=#000000]}] [x1=0.00] [y1=-0.50] [x2=0.00] [y2=25.00]
      RenderSVGText {text} at (2,-4) size 342x26 contains 1 chunk(s)
        RenderSVGInlineText {#text} at (0,0) size 342x26
          chunk 1 text run 1 at (2.00,16.00) startOffset 0 endOffset 40 width 342.00: "This is hanging from the top-left corner"
    RenderSVGForeignObject {foreignObject} at (10,45) size 380x150
      RenderBlock {html} at (0,0) size 380x142
        RenderBody {body} at (8,0) size 364x142
          RenderBlock {p} at (0,0) size 364x105
            RenderText {#text} at (0,0) size 336x42
              text run at (0,0) width 336: "The piece of text above should be aligned with the"
              text run at (0,21) width 328: "top-left corner of the rectangle below it. Both the"
            RenderInline {code} at (0,0) size 38x16
              RenderText {#text} at (0,45) size 38x16
                text run at (0,45) width 38: "<text>"
            RenderText {#text} at (38,42) size 59x21
              text run at (38,42) width 59: " and the "
            RenderInline {code} at (0,0) size 38x16
              RenderText {#text} at (97,45) size 38x16
                text run at (97,45) width 38: "<rect>"
            RenderText {#text} at (135,42) size 293x42
              text run at (135,42) width 158: " are located at the same"
              text run at (0,63) width 137: "coordinates and the "
            RenderInline {code} at (0,0) size 38x16
              RenderText {#text} at (137,66) size 38x16
                text run at (137,66) width 38: "<text>"
            RenderText {#text} at (175,63) size 117x21
              text run at (175,63) width 117: " element uses the "
            RenderInline {code} at (0,0) size 45x16
              RenderText {#text} at (292,66) size 45x16
                text run at (292,66) width 45: "hanging"
            RenderText {#text} at (0,84) size 83x21
              text run at (0,84) width 83: "value for its "
            RenderInline {code} at (0,0) size 105x16
              RenderText {#text} at (83,87) size 105x16
                text run at (83,87) width 105: "dominant-baseline"
            RenderText {#text} at (188,84) size 67x21
              text run at (188,84) width 67: " attribute."
          RenderBlock {p} at (0,121) size 364x21
            RenderInline {a} at (0,0) size 97x21 [color=#800000]
              RenderText {#text} at (0,0) size 97x21
                text run at (0,0) width 97: "Antoine Quint"
            RenderText {#text} at (97,0) size 99x21
              text run at (97,0) width 99: ", January 27th"
