layer at (0,0) size 800x600
  RenderView at (0,0) size 800x600
    RenderSVGContainer {svg} at (0,60) size 480x160
      RenderSVGText {text} at (0,0) size 800x1 [color=#000080]
        RenderSVGInlineText {#text} at (0,-1) size 3x1
          text run at (0,-1) width 3: "PASS"
