layer at (0,0) size 800x600
  RenderView at (0,0) size 800x600
layer at (0,0) size 800x600
  RenderBlock {HTML} at (0,0) size 800x600
    RenderBody {BODY} at (8,8) size 784x576
      RenderBlock {P} at (0,0) size 784x21
        RenderText {#text} at (0,0) size 57x21
          text run at (0,0) width 57: "Test for "
        RenderInline {A} at (0,0) size 70x21 [color=#0000EE]
          RenderText {#text} at (57,0) size 70x21
            text run at (57,0) width 70: "bug 11141"
        RenderText {#text} at (127,0) size 365x21
          text run at (127,0) width 9: ": "
          text run at (136,0) width 356: "CSS '@import' doesn't respect HTML Base element."
      RenderBlock {P} at (0,37) size 784x21 [color=#008000]
        RenderText {#text} at (0,0) size 174x21
          text run at (0,0) width 174: "This text should be green."
      RenderBlock {P} at (0,74) size 784x63
        RenderText {#text} at (0,0) size 749x63
          text run at (0,0) width 404: "If it is red, the css has been loaded relative to the document. "
          text run at (404,0) width 345: "If it is black, no stylesheet has been rendered, if it is"
          text run at (0,21) width 112: "rendered green, "
          text run at (112,21) width 502: "the stylesheet has been rendered correctly from the HREF attribute of the "
          text run at (614,21) width 130: "Base element in the"
          text run at (0,42) width 217: "HEAD section of this document."
      RenderBlock {P} at (0,153) size 784x21 [color=#008000]
        RenderText {#text} at (0,0) size 204x21
          text run at (0,0) width 204: "This text should also be green."
