layer at (0,0) size 557x48
  RenderView at (0,0) size 96x26
layer at (0,0) size 557x48
  RenderBlock {HTML} at (0,0) size 96x48
    RenderBody {BODY} at (8,8) size 80x32
      RenderText {#text} at (0,0) size 549x32
        text run at (0,0) width 549: "GIF89a\x{D4}\x{1}<\x{20AC}\x{7F}!\x{FF}\x{B}NETSCAPE2.0\x{3}\x{1}!\x{F9}\x{4}\x{4}<,\x{D4}\x{1}<\x{201A}\x{7F}\x{FF}\x{FF}\x{FF}\x{FF}\x{FF}\x{DF}\x{DF}\x{DF}\x{BF}\x{BF}\x{BF}\x{7F}\x{7F}\x{7F}\x{3}\x{FF}8\x{BA}\x{DC}\x{FE}0\x{CA}I\x{AB}\x{BD}8\x{EB}\x{CD}\x{BB}\x{FF}`(\x{17D}di*\x{C6}"
        text run at (0,16) width 138: "\x{AC}l\x{EB}\x{BE}p,\x{CF}tm\x{DF}x\x{AE}\x{EF}|\x{EF}\x{FF}\x{C0} pH,"
