layer at (0,0) size 800x600
  RenderView at (0,0) size 800x600
layer at (0,0) size 800x600
  RenderBlock {HTML} at (0,0) size 800x600
    RenderBody {BODY} at (8,8) size 784x576
      RenderBlock {FORM} at (0,0) size 784x27
        RenderTable {TABLE} at (0,0) size 705x27 [bgcolor=#FFE030] [border: (1px outset #808080)]
          RenderTableSection {TBODY} at (1,1) size 703x25
            RenderTableRow {TR} at (0,0) size 703x25
              RenderTableCell {TD} at (0,0) size 703x25 [border: (1px inset #808080)] [r=0 c=0 rs=1 cs=1]
                RenderInline {NOBR} at (0,0) size 701x18
                  RenderTextControl {INPUT} at (3,3) size 221x19 [bgcolor=#FFFFFF] [border: (2px inset #000000)]
                  RenderText {#text} at (226,3) size 13x18
                    text run at (226,3) width 13: " - "
                  RenderTextControl {INPUT} at (241,3) size 221x19 [bgcolor=#FFFFFF] [border: (2px inset #000000)]
                  RenderText {#text} at (464,3) size 13x18
                    text run at (464,3) width 13: " - "
                  RenderTextControl {INPUT} at (479,3) size 221x19 [bgcolor=#FFFFFF] [border: (2px inset #000000)]
                RenderText {#text} at (0,0) size 0x0
            RenderTableRow {TR} at (0,25) size 703x0
layer at (15,15) size 215x13
  RenderBlock {DIV} at (3,3) size 215x13
layer at (253,15) size 215x13
  RenderBlock {DIV} at (3,3) size 215x13
layer at (491,15) size 215x13
  RenderBlock {DIV} at (3,3) size 215x13
