layer at (0,0) size 1018x581
  RenderView at (0,0) size 781x581
layer at (0,0) size 1018x581
  RenderBlock {HTML} at (0,0) size 1018x581
    RenderBody {BODY} at (8,8) size 1002x565
      RenderBlock {DIV} at (0,-3437) size 1002x4002 [border: (1px solid #FF0000)]
        RenderText {#text} at (1,2509) size 19x1492
          text run at (1,2509) width 1492: "BEGINddddddddddddddddddddddddddddddddddddddddddddddddddddddddddddddddddddddddddddddddddddddddddddddddddddddddddddddddddddddddddddddddddddddddddddddddddddddddddddddddddddddddddddddddEND"
