EDITING DELEGATE: shouldBeginEditingInDOMRange:range from 0 of DIV > BODY > HTML > #document to 2 of DIV > BODY > HTML > #document
EDITING DELEGATE: webViewDidBeginEditing:WebViewDidBeginEditingNotification
EDITING DELEGATE: webViewDidChangeSelection:WebViewDidChangeSelectionNotification
EDITING DELEGATE: shouldChangeSelectedDOMRange:range from 0 of DIV > DIV > BODY > HTML > #document to 0 of DIV > DIV > BODY > HTML > #document toDOMRange:range from 0 of #text > DIV > DIV > BODY > HTML > #document to 3 of #text > DIV > BODY > HTML > #document affinity:NSSelectionAffinityDownstream stillSelecting:FALSE
EDITING DELEGATE: webViewDidChangeSelection:WebViewDidChangeSelectionNotification
EDITING DELEGATE: shouldEndEditingInDOMRange:range from 0 of DIV > BODY > HTML > #document to 2 of DIV > BODY > HTML > #document
EDITING DELEGATE: webViewDidEndEditing:WebViewDidEndEditingNotification
EDITING DELEGATE: shouldBeginEditingInDOMRange:range from 0 of DIV > BODY > HTML > #document to 0 of DIV > BODY > HTML > #document
EDITING DELEGATE: webViewDidBeginEditing:WebViewDidBeginEditingNotification
EDITING DELEGATE: webViewDidChangeSelection:WebViewDidChangeSelectionNotification
EDITING DELEGATE: shouldInsertNode:#document-fragment replacingDOMRange:range from 0 of DIV > BODY > HTML > #document to 0 of DIV > BODY > HTML > #document givenAction:WebViewInsertActionPasted
EDITING DELEGATE: shouldChangeSelectedDOMRange:range from 0 of DIV > BODY > HTML > #document to 0 of DIV > BODY > HTML > #document toDOMRange:range from 3 of #text > DIV > BODY > HTML > #document to 3 of #text > DIV > BODY > HTML > #document affinity:NSSelectionAffinityDownstream stillSelecting:FALSE
EDITING DELEGATE: webViewDidChangeSelection:WebViewDidChangeSelectionNotification
EDITING DELEGATE: webViewDidChange:WebViewDidChangeNotification
layer at (0,0) size 800x600
  RenderView at (0,0) size 800x600
layer at (0,0) size 800x600
  RenderBlock {HTML} at (0,0) size 800x600
    RenderBody {BODY} at (8,8) size 784x584
      RenderBlock {P} at (0,0) size 784x42
        RenderText {#text} at (0,0) size 760x42
          text run at (0,0) width 760: "This tests for a bug in createMarkup (markup for ancestors of the start of the selection wasn't being added to the"
          text run at (0,21) width 89: "pasteboard). "
          text run at (89,21) width 357: "You should see the same thing in both regions below."
      RenderBlock {P} at (0,58) size 784x21
        RenderInline {B} at (0,0) size 438x21
          RenderText {#text} at (0,0) size 438x21
            text run at (0,0) width 438: "This demonstrates a bug: 'foo' is pulled out of its bordered block."
      RenderBlock {DIV} at (0,95) size 784x82
        RenderBlock {DIV} at (5,0) size 774x56 [border: (1px solid #FF0000)]
          RenderBlock (anonymous) at (1,1) size 772x21
            RenderText {#text} at (0,0) size 21x21
              text run at (0,0) width 21: "foo"
          RenderBlock {DIV} at (6,27) size 762x23 [border: (1px solid #0000FF)]
            RenderText {#text} at (1,1) size 24x21
              text run at (1,1) width 24: "bar"
        RenderBlock (anonymous) at (0,61) size 784x21
          RenderText {#text} at (0,0) size 24x21
            text run at (0,0) width 24: "baz"
      RenderBlock {DIV} at (0,182) size 784x82
        RenderBlock {DIV} at (5,0) size 774x56 [border: (1px solid #FF0000)]
          RenderBlock (anonymous) at (1,1) size 772x21
            RenderText {#text} at (0,0) size 21x21
              text run at (0,0) width 21: "foo"
          RenderBlock {DIV} at (6,27) size 762x23 [border: (1px solid #0000FF)]
            RenderText {#text} at (1,1) size 24x21
              text run at (1,1) width 24: "bar"
        RenderBlock (anonymous) at (0,61) size 784x21
          RenderText {#text} at (0,0) size 24x21
            text run at (0,0) width 24: "baz"
caret: position 3 of child 1 {#text} of child 6 {DIV} of body
