EDITING DELEGATE: shouldBeginEditingInDOMRange:range from 0 of DIV > BODY > HTML > #document to 0 of DIV > BODY > HTML > #document
EDITING DELEGATE: webViewDidBeginEditing:WebViewDidBeginEditingNotification
EDITING DELEGATE: webViewDidChangeSelection:WebViewDidChangeSelectionNotification
EDITING DELEGATE: shouldChangeSelectedDOMRange:range from 0 of DIV > BODY > HTML > #document to 0 of DIV > BODY > HTML > #document toDOMRange:range from 2 of DIV > BODY > HTML > #document to 2 of DIV > BODY > HTML > #document affinity:NSSelectionAffinityDownstream stillSelecting:FALSE
EDITING DELEGATE: webViewDidChangeSelection:WebViewDidChangeSelectionNotification
EDITING DELEGATE: webViewDidChange:WebViewDidChangeNotification
layer at (0,0) size 800x600
  RenderView at (0,0) size 800x600
layer at (0,0) size 800x600
  RenderBlock {HTML} at (0,0) size 800x600
    RenderBody {BODY} at (8,8) size 784x584
      RenderBlock {P} at (0,0) size 784x38
        RenderText {#text} at (0,0) size 641x38
          text run at (0,0) width 424: "This tests pasting a fragment containing an <iframe> after a <div>. "
          text run at (424,0) width 217: "This used to fail on an assertion in"
          text run at (0,19) width 321: "moveParagraphContentsToNewBlockIfNecessary. "
          text run at (321,19) width 313: "You should see 'foo' and then an <iframe> below."
      RenderBlock {DIV} at (0,52) size 784x71
        RenderBlock {DIV} at (0,0) size 784x19
          RenderText {#text} at (0,0) size 20x19
            text run at (0,0) width 20: "foo"
        RenderBlock (anonymous) at (0,19) size 784x52
          RenderPartObject {IFRAME} at (0,0) size 102x52 [border: (1px solid #000000)]
            layer at (0,0) size 100x50
              RenderView at (0,0) size 100x50
            layer at (0,0) size 100x8
              RenderBlock {HTML} at (0,0) size 100x8
                RenderBody {BODY} at (8,8) size 84x0
caret: position 1 of child 1 {IFRAME} of child 2 {DIV} of child 1 {BODY} of child 0 {HTML} of document
