layer at (0,0) size 800x600
  RenderView at (0,0) size 800x600
layer at (0,0) size 800x600
  RenderBlock {HTML} at (0,0) size 800x600
    RenderBody {BODY} at (8,8) size 784x584
      RenderBlock {P} at (0,0) size 784x19
        RenderText {#text} at (0,0) size 543x19
          text run at (0,0) width 246: "This tests for an infinite loop on Paste. "
          text run at (246,0) width 297: "You should see 'Hello: ' and then an input field."
      RenderBlock {DIV} at (0,33) size 784x29
        RenderText {#text} at (0,5) size 32x19
          text run at (0,5) width 32: "Hello"
        RenderTextControl {INPUT} at (34,2) size 168x25 [bgcolor=#FFFFFF] [border: (2px inset #000000)]
        RenderText {#text} at (204,5) size 4x19
          text run at (204,5) width 4: ":"
layer at (45,46) size 162x19
  RenderBlock {DIV} at (3,3) size 162x19
caret: position 1 of child 1 {INPUT} of child 2 {DIV} of child 0 {BODY} of child 0 {HTML} of document
