layer at (0,0) size 800x600
  RenderView at (0,0) size 800x600
layer at (0,0) size 800x600
  RenderBlock {HTML} at (0,0) size 800x600
    RenderBody {BODY} at (8,8) size 784x584
      RenderBlock {P} at (0,0) size 784x38
        RenderText {#text} at (0,0) size 773x38
          text run at (0,0) width 420: "This tests for a crash when pasting into a link that is display:block. "
          text run at (420,0) width 353: "'bar' is pasted between 'foo' and 'baz', and must be part"
          text run at (0,19) width 407: "of the link in order to acheive the expected paragraph structure. "
          text run at (407,19) width 344: "It should be part of the link but of the default font style."
      RenderBlock {DIV} at (0,52) size 784x19
        RenderBlock {A} at (0,0) size 784x19 [color=#0000EE]
          RenderText {#text} at (0,0) size 20x19
            text run at (0,0) width 20: "foo"
          RenderInline {SPAN} at (0,0) size 44x19 [color=#000000]
            RenderText {#text} at (20,0) size 21x19
              text run at (20,0) width 21: "bar"
            RenderInline {A} at (0,0) size 23x19 [color=#0000EE]
              RenderText {#text} at (41,0) size 23x19
                text run at (41,0) width 23: "baz"
        RenderBlock (anonymous) at (0,19) size 784x0
caret: position 3 of child 0 {#text} of child 1 {SPAN} of child 0 {A} of child 2 {DIV} of child 1 {BODY} of child 0 {HTML} of document
