layer at (0,0) size 800x600
  RenderView at (0,0) size 800x600
layer at (0,0) size 800x600
  RenderBlock {HTML} at (0,0) size 800x600
    RenderBody {BODY} at (8,8) size 784x584
      RenderBlock {P} at (0,0) size 784x38
        RenderText {#text} at (0,0) size 775x38
          text run at (0,0) width 423: "This tests smart paste of a fragment that ends in a select element. "
          text run at (423,0) width 352: "There should be no spaces added because the paste is"
          text run at (0,19) width 218: "performed in an empty paragraph."
      RenderBlock {DIV} at (0,52) size 784x29
        RenderText {#text} at (0,6) size 20x19
          text run at (0,6) width 20: "foo"
        RenderMenuList {SELECT} at (22,2) size 74x25 [bgcolor=#FFFFFF]
          RenderBlock (anonymous) at (8,4) size 42x19
            RenderText at (0,0) size 8x19
              text run at (0,0) width 8: "1"
      RenderBlock {DIV} at (0,81) size 784x29
        RenderText {#text} at (0,6) size 20x19
          text run at (0,6) width 20: "foo"
        RenderMenuList {SELECT} at (22,2) size 74x25 [bgcolor=#FFFFFF]
          RenderBlock (anonymous) at (8,4) size 42x19
            RenderText at (0,0) size 8x19
              text run at (0,0) width 8: "1"
caret: position 3 of child 1 {SELECT} of child 4 {DIV} of child 1 {BODY} of child 0 {HTML} of document
