layer at (0,0) size 800x600
  RenderView at (0,0) size 800x600
layer at (0,0) size 800x600
  RenderBlock {HTML} at (0,0) size 800x600
    RenderBody {BODY} at (8,8) size 784x584
      RenderBlock {P} at (0,0) size 784x19
        RenderText {#text} at (0,0) size 609x19
          text run at (0,0) width 430: "This tests copying/pasting less than a paragraph of quoted content. "
          text run at (430,0) width 179: "It should not appear quoted."
      RenderBlock {DIV} at (0,33) size 784x95
        RenderBlock (anonymous) at (0,0) size 784x38
          RenderText {#text} at (0,0) size 19x19
            text run at (0,0) width 19: "On"
          RenderBR {BR} at (19,14) size 0x0
          RenderBR {BR} at (0,19) size 0x19
        RenderBlock {BLOCKQUOTE} at (0,38) size 784x19 [color=#0000FF] [border: (2px solid #0000FF)]
          RenderText {#text} at (12,0) size 162x19
            text run at (12,0) width 162: "On Tuesday, Dave wrote:"
        RenderBlock {BLOCKQUOTE} at (0,57) size 784x19 [color=#0000FF] [border: (2px solid #0000FF)]
          RenderBR {BR} at (12,0) size 0x19
        RenderBlock {BLOCKQUOTE} at (0,76) size 784x19 [color=#0000FF] [border: (2px solid #0000FF)]
          RenderText {#text} at (12,0) size 77x19
            text run at (12,0) width 77: "Hello World."
caret: position 2 of child 1 {#text} of child 2 {DIV} of child 1 {BODY} of child 0 {HTML} of document
