layer at (0,0) size 800x600
  RenderView at (0,0) size 800x600
layer at (0,0) size 800x600
  RenderBlock {HTML} at (0,0) size 800x600
    RenderBody {BODY} at (8,8) size 784x578
      RenderBlock {P} at (0,0) size 784x38
        RenderText {#text} at (0,0) size 768x38
          text run at (0,0) width 408: "This tests a bug when copying HTML markup inside <pre> tags. "
          text run at (408,0) width 360: "When pasted, this content would appear as the rendered"
          text run at (0,19) width 133: "form of that markup. "
          text run at (133,19) width 332: "You should see markup in the editable region below."
      RenderBlock {PRE} at (0,52) size 784x19
        RenderBlock (anonymous) at (0,0) size 784x0
          RenderInline {SPAN} at (0,0) size 0x0
        RenderBlock (anonymous) at (0,0) size 784x19
          RenderBlock {PRE} at (0,0) size 784x19
            RenderText {#text} at (0,0) size 277x19
              text run at (0,0) width 277: "<input type='button'>foo<br>bar<b>baz</b>"
        RenderBlock (anonymous) at (0,33) size 784x0
          RenderInline {SPAN} at (0,0) size 0x0
caret: position 41 of child 0 {#text} of child 0 {PRE} of child 0 {SPAN} of child 2 {PRE} of child 0 {BODY} of child 0 {HTML} of document
