layer at (0,0) size 800x600
  RenderView at (0,0) size 800x600
layer at (0,0) size 800x600
  RenderBlock {HTML} at (0,0) size 800x600
    RenderBody {BODY} at (8,8) size 784x584
      RenderBlock {P} at (0,0) size 784x38
        RenderText {#text} at (0,0) size 776x38
          text run at (0,0) width 705: "This tests for a bug where content pasted at the end of a paragraph would be inserted into the next paragraph. "
          text run at (705,0) width 71: "You should"
          text run at (0,19) width 142: "see 'helloworld' below."
      RenderBlock {DIV} at (0,52) size 784x19
        RenderText {#text} at (0,0) size 30x19
          text run at (0,0) width 30: "hello"
        RenderText {#text} at (30,0) size 34x19
          text run at (30,0) width 34: "world"
caret: position 5 of child 1 {#text} of child 2 {DIV} of child 0 {BODY} of child 0 {HTML} of document
