layer at (0,0) size 800x600
  RenderView at (0,0) size 800x600
layer at (0,0) size 800x600
  RenderBlock {HTML} at (0,0) size 800x600
    RenderBody {BODY} at (8,8) size 784x584
      RenderBlock {P} at (0,0) size 784x19
        RenderText {#text} at (0,0) size 587x19
          text run at (0,0) width 587: "This tests for a bug where links that weren't fully selected would be copy/pasted as plain text."
      RenderBlock {DIV} at (0,33) size 784x19
        RenderText {#text} at (0,0) size 162x19
          text run at (0,0) width 162: "This should be plain text. "
        RenderInline {A} at (0,0) size 134x19 [color=#0000EE]
          RenderText {#text} at (162,0) size 134x19
            text run at (162,0) width 134: "This should be a link."
        RenderText {#text} at (296,0) size 162x19
          text run at (296,0) width 162: " This should be plain text."
      RenderBlock {DIV} at (0,52) size 784x19
        RenderInline {A} at (0,0) size 134x19 [color=#0000EE]
          RenderText {#text} at (0,0) size 134x19
            text run at (0,0) width 134: "This should be a link."
caret: position 22 of child 0 {#text} of child 0 {A} of child 4 {DIV} of child 1 {BODY} of child 0 {HTML} of document
