layer at (0,0) size 800x600
  RenderView at (0,0) size 800x600
layer at (0,0) size 800x600
  RenderBlock {HTML} at (0,0) size 800x600
    RenderBody {BODY} at (8,8) size 784x584
      RenderBlock {P} at (0,0) size 784x42
        RenderText {#text} at (0,0) size 737x42
          text run at (0,0) width 398: "This test for a bug moving a paragraph of underlined text. "
          text run at (398,0) width 339: "The text should look the same before and after the"
          text run at (0,21) width 57: "deletion."
      RenderBlock {DIV} at (0,58) size 784x21
        RenderBlock {DIV} at (0,0) size 784x21
          RenderText {#text} at (0,0) size 207x21
            text run at (0,0) width 207: "This should not be underlined."
          RenderInline {SPAN} at (0,0) size 181x21 [color=#0000FF]
            RenderInline {SPAN} at (0,0) size 181x21 [color=#FF0000]
              RenderText {#text} at (207,0) size 181x21
                text run at (207,0) width 181: "This should be underlined."
        RenderBlock (anonymous) at (0,21) size 784x0
caret: position 30 of child 0 {#text} of child 0 {DIV} of child 2 {DIV} of body
