layer at (0,0) size 800x600
  RenderView at (0,0) size 800x600
layer at (0,0) size 800x600
  RenderBlock {HTML} at (0,0) size 800x600
    RenderBody {BODY} at (8,8) size 784x576
      RenderBlock {DIV} at (0,0) size 784x42
        RenderText {#text} at (0,0) size 773x42
          text run at (0,0) width 773: "This tests to make sure that content that has the document default color is pasted as blue (or whatever the color for"
          text run at (0,21) width 427: "quoted content is) when pasted in the middle of quoted content."
      RenderBlock {DIV} at (0,58) size 784x21
        RenderBlock {BLOCKQUOTE} at (0,0) size 744x21 [color=#0000FF] [border: (2px solid #0000FF)]
          RenderBlock {DIV} at (12,0) size 732x21
            RenderText {#text} at (0,0) size 5x21
              text run at (0,0) width 5: "("
            RenderText {#text} at (5,0) size 165x21
              text run at (5,0) width 165: "This text should be blue."
            RenderText {#text} at (170,0) size 5x21
              text run at (170,0) width 5: ")"
        RenderBlock (anonymous) at (0,37) size 784x0
caret: position 25 of child 1 {#text} of child 0 {DIV} of child 0 {BLOCKQUOTE} of child 3 {DIV} of body
