layer at (0,0) size 800x600
  RenderView at (0,0) size 800x600
layer at (0,0) size 800x600
  RenderBlock {HTML} at (0,0) size 800x600
    RenderBody {BODY} at (8,8) size 784x584
      RenderBlock {P} at (0,0) size 784x19
        RenderText {#text} at (0,0) size 655x19
          text run at (0,0) width 514: "This tests for a hang when pasting underlined content at the end of a paragraph. "
          text run at (514,0) width 141: "You should see 'Hello "
        RenderInline {U} at (0,0) size 41x19
          RenderText {#text} at (655,0) size 41x19
            text run at (655,0) width 41: "World!"
        RenderText {#text} at (696,0) size 48x19
          text run at (696,0) width 48: "' below."
      RenderBlock {DIV} at (0,33) size 784x19
        RenderBlock {DIV} at (0,0) size 784x19
          RenderText {#text} at (0,0) size 36x19
            text run at (0,0) width 36: "Hello "
          RenderInline {SPAN} at (0,0) size 41x19
            RenderInline {DIV} at (0,0) size 41x19
              RenderText {#text} at (36,0) size 41x19
                text run at (36,0) width 41: "World!"
        RenderBlock (anonymous) at (0,19) size 784x0
caret: position 6 of child 0 {#text} of child 0 {DIV} of child 1 {SPAN} of child 0 {DIV} of child 2 {DIV} of child 0 {BODY} of child 0 {HTML} of document
