layer at (0,0) size 800x600
  RenderView at (0,0) size 800x600
layer at (0,0) size 800x600
  RenderBlock {HTML} at (0,0) size 800x600
    RenderBody {BODY} at (8,8) size 784x584
      RenderBlock {P} at (0,0) size 784x38
        RenderText {#text} at (0,0) size 738x38
          text run at (0,0) width 738: "This tests for a bug where newlines would not be preserved during copy/paste. Below you should see two paragaphs"
          text run at (0,19) width 468: "containing \"Hello World!\" and an empty third paragraph with the caret in it."
      RenderBlock {DIV} at (0,52) size 784x57
        RenderBlock (anonymous) at (0,0) size 784x19
          RenderText {#text} at (0,0) size 77x19
            text run at (0,0) width 77: "Hello World!"
        RenderBlock {DIV} at (0,19) size 784x19
          RenderText {#text} at (0,0) size 77x19
            text run at (0,0) width 77: "Hello World!"
        RenderBlock {DIV} at (0,38) size 784x19
          RenderBR {BR} at (0,0) size 0x19
caret: position 0 of child 0 {BR} of child 2 {DIV} of child 2 {DIV} of child 1 {BODY} of child 0 {HTML} of document
