layer at (0,0) size 800x600
  RenderView at (0,0) size 800x600
layer at (0,0) size 800x600
  RenderBlock {HTML} at (0,0) size 800x600
    RenderBody {BODY} at (8,8) size 784x584
      RenderBlock {P} at (0,0) size 784x38
        RenderText {#text} at (0,0) size 738x38
          text run at (0,0) width 445: "We copy and paste a blockquoted paragraph plus a paragraph break. "
          text run at (445,0) width 281: "The paragraph break shouldn't be inside the"
          text run at (0,19) width 136: "blockquote on paste. "
          text run at (136,19) width 602: "You should see 'hello' (blockquoted), empty paragraph, 'hello' (blockquoted), empty paragraph."
      RenderBlock {DIV} at (0,52) size 784x76
        RenderBlock {BLOCKQUOTE} at (0,0) size 784x19 [color=#0000FF] [border: (2px solid #0000FF)]
          RenderText {#text} at (7,0) size 30x19
            text run at (7,0) width 30: "hello"
          RenderBR {BR} at (37,14) size 0x0
        RenderBlock (anonymous) at (0,19) size 784x0
        RenderBlock {DIV} at (0,19) size 784x19
          RenderInline {FONT} at (0,0) size 0x19 [color=#0000FF]
            RenderBR {BR} at (0,0) size 0x19
        RenderBlock {BLOCKQUOTE} at (0,38) size 784x19 [color=#0000FF] [border: (2px solid #0000FF)]
          RenderText {#text} at (7,0) size 30x19
            text run at (7,0) width 30: "hello"
          RenderBR {BR} at (37,14) size 0x0
        RenderBlock (anonymous) at (0,57) size 784x19
          RenderBR {BR} at (0,0) size 0x19
caret: position 0 of child 0 {BR} of child 0 {FONT} of child 1 {DIV} of child 2 {DIV} of child 1 {BODY} of child 0 {HTML} of document
