layer at (0,0) size 800x600
  RenderView at (0,0) size 800x600
layer at (0,0) size 800x600
  RenderBlock {HTML} at (0,0) size 800x600
    RenderBody {BODY} at (8,8) size 784x584
      RenderBlock {P} at (0,0) size 784x19
        RenderText {#text} at (0,0) size 519x19
          text run at (0,0) width 519: "This tests that inherited block properties do not propigate to the editing style span."
      RenderBlock {DIV} at (50,33) size 734x20
        RenderText {#text} at (265,0) size 154x20
          text run at (265,0) width 154: "Some text that is bold."
      RenderBlock {DIV} at (0,53) size 784x40
        RenderBlock (anonymous) at (0,0) size 784x20
          RenderText {#text} at (0,0) size 110x19
            text run at (0,0) width 110: "Some text that is "
          RenderInline {SPAN} at (0,0) size 35x20
            RenderText {#text} at (110,0) size 35x20
              text run at (110,0) width 35: "bold."
        RenderBlock {DIV} at (0,20) size 784x20
          RenderInline {B} at (0,0) size 398x20
            RenderText {#text} at (0,0) size 398x20
              text run at (0,0) width 398: "This text should bold and left justified with \"Some text...\"."
caret: position 61 of child 0 {#text} of child 0 {B} of child 2 {DIV} of child 4 {DIV} of child 1 {BODY} of child 0 {HTML} of document
