layer at (0,0) size 800x600
  RenderView at (0,0) size 800x600
layer at (0,0) size 800x600
  RenderBlock {HTML} at (0,0) size 800x600
    RenderBody {BODY} at (8,8) size 784x584
      RenderBlock {P} at (0,0) size 784x44
        RenderText {#text} at (0,0) size 768x44
          text run at (0,0) width 436: "This tests for a bug where a copied link wouldn't paste as a link. "
          text run at (436,0) width 332: "Both editable regions below should contain a link"
          text run at (0,22) width 114: "\"Hello\\nWorld\"."
      RenderBlock {DIV} at (0,60) size 784x44
        RenderInline {A} at (0,0) size 44x44 [color=#0000EE]
          RenderText {#text} at (0,0) size 35x22
            text run at (0,0) width 35: "Hello"
          RenderBR {BR} at (35,16) size 0x0
          RenderText {#text} at (0,22) size 44x22
            text run at (0,22) width 44: "World"
        RenderText {#text} at (0,0) size 0x0
      RenderBlock {DIV} at (0,104) size 784x44
        RenderInline {A} at (0,0) size 44x44 [color=#0000EE]
          RenderText {#text} at (0,0) size 35x22
            text run at (0,0) width 35: "Hello"
          RenderBR {BR} at (35,16) size 0x0
          RenderText {#text} at (0,22) size 44x22
            text run at (0,22) width 44: "World"
caret: position 5 of child 2 {#text} of child 0 {A} of child 4 {DIV} of body
