layer at (0,0) size 800x600
  RenderView at (0,0) size 800x600
layer at (0,0) size 800x600
  RenderBlock {HTML} at (0,0) size 800x600
    RenderBody {BODY} at (8,8) size 784x584
      RenderBlock {DIV} at (0,0) size 784x44
        RenderBlock {DIV} at (0,0) size 784x22
          RenderText {#text} at (0,0) size 21x22
            text run at (0,0) width 21: "foo"
        RenderBlock (anonymous) at (0,22) size 784x22
          RenderText {#text} at (0,0) size 24x22
            text run at (0,0) width 24: "bar"
