EDITING DELEGATE: shouldBeginEditingInDOMRange:range from 0 of DIV > BODY > HTML > #document to 1 of DIV > BODY > HTML > #document
EDITING DELEGATE: webViewDidBeginEditing:WebViewDidBeginEditingNotification
EDITING DELEGATE: webViewDidChangeSelection:WebViewDidChangeSelectionNotification
EDITING DELEGATE: webViewDidChangeSelection:WebViewDidChangeSelectionNotification
EDITING DELEGATE: webViewDidChangeSelection:WebViewDidChangeSelectionNotification
EDITING DELEGATE: shouldChangeSelectedDOMRange:(null) toDOMRange:range from 0 of DIV > DIV > BODY > HTML > #document to 0 of DIV > DIV > BODY > HTML > #document affinity:NSSelectionAffinityDownstream stillSelecting:FALSE
EDITING DELEGATE: webViewDidChangeSelection:WebViewDidChangeSelectionNotification
EDITING DELEGATE: webViewDidChange:WebViewDidChangeNotification
layer at (0,0) size 800x600
  RenderView at (0,0) size 800x600
layer at (0,0) size 800x600
  RenderBlock {HTML} at (0,0) size 800x600
    RenderBody {BODY} at (8,8) size 784x584
      RenderBlock {P} at (0,0) size 784x57
        RenderText {#text} at (0,0) size 772x57
          text run at (0,0) width 300: "This tests a change made with the fix for 8145. "
          text run at (300,0) width 434: "The paragraph separator inserted to prevent nesting blocks from the"
          text run at (0,19) width 772: "fragment to paste inside the block where the paste occured was not being inserted when the fragment had an interchange"
          text run at (0,38) width 120: "newline at the end."
      RenderBlock {DIV} at (0,71) size 784x59 [border: (1px solid #000000)]
        RenderBlock {DIV} at (1,1) size 782x19
          RenderText {#text} at (0,0) size 4x19
            text run at (0,0) width 4: "f"
          RenderText {#text} at (4,0) size 21x19
            text run at (4,0) width 21: "bar"
        RenderBlock (anonymous) at (1,20) size 782x19
          RenderText {#text} at (0,0) size 23x19
            text run at (0,0) width 23: "baz"
        RenderBlock {DIV} at (1,39) size 782x19
          RenderText {#text} at (0,0) size 16x19
            text run at (0,0) width 16: "oo"
caret: position 0 of child 0 {#text} of child 2 {DIV} of child 2 {DIV} of child 1 {BODY} of child 0 {HTML} of document
