EDITING DELEGATE: shouldBeginEditingInDOMRange:range from 0 of DIV > BODY > HTML > #document to 5 of DIV > BODY > HTML > #document
EDITING DELEGATE: webViewDidBeginEditing:WebViewDidBeginEditingNotification
EDITING DELEGATE: webViewDidChangeSelection:WebViewDidChangeSelectionNotification
EDITING DELEGATE: webViewDidChangeSelection:WebViewDidChangeSelectionNotification
EDITING DELEGATE: webViewDidChangeSelection:WebViewDidChangeSelectionNotification
EDITING DELEGATE: shouldChangeSelectedDOMRange:range from 3 of #text > DIV > BODY > HTML > #document to 3 of #text > DIV > BODY > HTML > #document toDOMRange:range from 3 of #text > DIV > BODY > HTML > #document to 3 of #text > DIV > BODY > HTML > #document affinity:NSSelectionAffinityDownstream stillSelecting:FALSE
EDITING DELEGATE: webViewDidChangeSelection:WebViewDidChangeSelectionNotification
EDITING DELEGATE: webViewDidChange:WebViewDidChangeNotification
layer at (0,0) size 800x600
  RenderView at (0,0) size 800x600
layer at (0,0) size 800x600
  RenderBlock {HTML} at (0,0) size 800x600
    RenderBody {BODY} at (8,8) size 784x584
      RenderBlock {P} at (0,0) size 784x57
        RenderText {#text} at (0,0) size 784x57
          text run at (0,0) width 300: "This tests a change made with the fix for 8145. "
          text run at (300,0) width 434: "The paragraph separator inserted to prevent nesting blocks from the"
          text run at (0,19) width 784: "fragment to paste inside the block where the paste occured was incorrectly inserted when the paste occured at the start of a"
          text run at (0,38) width 70: "paragraph."
      RenderBlock {DIV} at (0,71) size 784x78 [border: (1px solid #000000)]
        RenderBlock (anonymous) at (1,1) size 782x19
          RenderText {#text} at (0,0) size 20x19
            text run at (0,0) width 20: "foo"
          RenderBR {BR} at (20,14) size 0x0
        RenderBlock {DIV} at (1,20) size 782x19
          RenderText {#text} at (0,0) size 20x19
            text run at (0,0) width 20: "foo"
        RenderBlock (anonymous) at (1,39) size 782x38
          RenderText {#text} at (0,0) size 21x19
            text run at (0,0) width 21: "bar"
          RenderText {#text} at (21,0) size 21x19
            text run at (21,0) width 21: "bar"
          RenderBR {BR} at (42,14) size 0x0
          RenderText {#text} at (0,19) size 23x19
            text run at (0,19) width 23: "baz"
caret: position 3 of child 3 {#text} of child 2 {DIV} of child 1 {BODY} of child 0 {HTML} of document
