layer at (0,0) size 800x600
  RenderView at (0,0) size 800x600
layer at (0,0) size 800x600
  RenderBlock {HTML} at (0,0) size 800x600
    RenderBody {BODY} at (8,8) size 784x584
      RenderBlock {P} at (0,0) size 784x42
        RenderText {#text} at (0,0) size 780x42
          text run at (0,0) width 780: "These tests to see if bidi text with a base writing direction of right to left is put onto the paste board in logical (DOM)"
          text run at (0,21) width 42: "order."
      RenderBlock {DIV} at (0,58) size 784x21
        RenderText {#text} at (683,0) size 101x21
          text run at (683,0) width 69 RTL: "\x{5E9}\x{5D3}\x{5D2}\x{5DB}:"
          text run at (752,0) width 32: "1234"
      RenderBlock {DIV} at (0,79) size 784x42
        RenderBlock {DIV} at (0,0) size 784x42
          RenderBlock {DIV} at (0,0) size 784x21
            RenderText {#text} at (0,0) size 101x21
              text run at (0,0) width 32: "1234"
              text run at (32,0) width 64 RTL: "\x{5E9}\x{5D3}\x{5D2}\x{5DB}"
              text run at (96,0) width 5: ":"
          RenderBlock {DIV} at (0,21) size 784x21
            RenderText {#text} at (683,0) size 101x21
              text run at (683,0) width 69 RTL: "\x{5E9}\x{5D3}\x{5D2}\x{5DB}:"
              text run at (752,0) width 32: "1234"
          RenderBlock (anonymous) at (0,42) size 784x0
caret: position 9 of child 0 {#text} of child 1 {DIV} of child 1 {DIV} of child 4 {DIV} of body
