EDITING DELEGATE: shouldBeginEditingInDOMRange:range from 0 of DIV > BODY > HTML > #document to 5 of DIV > BODY > HTML > #document
EDITING DELEGATE: webViewDidBeginEditing:WebViewDidBeginEditingNotification
EDITING DELEGATE: webViewDidChangeSelection:WebViewDidChangeSelectionNotification
EDITING DELEGATE: webViewDidChangeSelection:WebViewDidChangeSelectionNotification
EDITING DELEGATE: webViewDidChangeSelection:WebViewDidChangeSelectionNotification
EDITING DELEGATE: shouldInsertNode:#document-fragment replacingDOMRange:range from 0 of #text > B > SPAN > DIV > BODY > HTML > #document to 4 of #text > B > SPAN > DIV > BODY > HTML > #document givenAction:WebViewInsertActionPasted
EDITING DELEGATE: webViewDidChangeSelection:WebViewDidChangeSelectionNotification
EDITING DELEGATE: shouldChangeSelectedDOMRange:(null) toDOMRange:range from 4 of #text > SPAN > SPAN > DIV > BODY > HTML > #document to 4 of #text > SPAN > SPAN > DIV > BODY > HTML > #document affinity:NSSelectionAffinityDownstream stillSelecting:FALSE
EDITING DELEGATE: webViewDidChangeSelection:WebViewDidChangeSelectionNotification
EDITING DELEGATE: webViewDidChange:WebViewDidChangeNotification
layer at (0,0) size 800x600
  RenderView at (0,0) size 800x600
layer at (0,0) size 800x600
  RenderBlock {HTML} at (0,0) size 800x600
    RenderBody {BODY} at (8,8) size 784x584
      RenderBlock (anonymous) at (0,0) size 784x57
        RenderText {#text} at (0,0) size 198x19
          text run at (0,0) width 198: "This is a testcase for the fix for "
        RenderInline {A} at (0,0) size 337x19 [color=#0000EE]
          RenderText {#text} at (198,0) size 337x19
            text run at (198,0) width 337: "http://bugzilla.opendarwin.org/show_bug.cgi?id=7904"
        RenderText {#text} at (535,0) size 770x57
          text run at (535,0) width 8: ". "
          text run at (543,0) width 227: "ReplaceSelectionCommand used to"
          text run at (0,19) width 447: "guess whether or not nodes in the fragment to be pasted were blocks. "
          text run at (447,19) width 143: "It now knows for sure. "
          text run at (590,19) width 88: "Before the fix,"
          text run at (0,38) width 597: "ReplaceSelectionCommand blew away content of the div below after copy/pasting it over itself."
      RenderBlock {HR} at (0,64) size 784x2 [border: (1px inset #000000)]
      RenderBlock {DIV} at (0,73) size 784x40
        RenderBlock {SPAN} at (0,0) size 784x20
          RenderInline {B} at (0,0) size 136x20
            RenderText {#text} at (0,0) size 136x20
              text run at (0,0) width 136: "This is a paragraph."
        RenderBlock {SPAN} at (0,20) size 784x20
          RenderInline {SPAN} at (0,0) size 181x20
            RenderText {#text} at (0,0) size 30x20
              text run at (0,0) width 30: "This"
            RenderText {#text} at (30,0) size 151x20
              text run at (30,0) width 151: " is another paragraph."
caret: position 4 of child 0 {#text} of child 0 {SPAN} of child 2 {SPAN} of child 5 {DIV} of child 1 {BODY} of child 0 {HTML} of document
