layer at (0,0) size 800x600
  RenderView at (0,0) size 800x600
layer at (0,0) size 800x600
  RenderBlock {HTML} at (0,0) size 800x600
    RenderBody {BODY} at (8,8) size 784x578
      RenderBlock {DIV} at (0,0) size 784x19
        RenderText {#text} at (0,0) size 499x19
          text run at (0,0) width 499: "Checks that the text iterator is emitting a space before and after an inline table."
      RenderBlock {DIV} at (0,19) size 784x30
        RenderText {#text} at (0,11) size 30x19
          text run at (0,11) width 30: "hello"
        RenderTable {TABLE} at (30,0) size 14x25
          RenderTableSection {TBODY} at (0,0) size 14x25
            RenderTableRow {TR} at (0,2) size 14x21
              RenderTableCell {TD} at (2,2) size 10x21 [r=0 c=0 rs=1 cs=1]
                RenderText {#text} at (1,1) size 8x19
                  text run at (1,1) width 8: "1"
        RenderText {#text} at (44,11) size 34x19
          text run at (44,11) width 34: "world"
      RenderBlock {DIV} at (0,49) size 784x30
        RenderText {#text} at (0,11) size 24x19
          text run at (0,11) width 24: "foo "
        RenderTable {TABLE} at (24,0) size 14x25
          RenderTableSection {TBODY} at (0,0) size 14x25
            RenderTableRow {TR} at (0,2) size 14x21
              RenderTableCell {TD} at (2,2) size 10x21 [r=0 c=0 rs=1 cs=1]
                RenderText {#text} at (1,1) size 8x19
                  text run at (1,1) width 8: "2"
        RenderText {#text} at (38,11) size 25x19
          text run at (38,11) width 25: " bar"
      RenderBlock {UL} at (0,93) size 784x19
        RenderListItem {LI} at (40,0) size 744x19
          RenderBlock {PRE} at (0,0) size 744x19
            RenderListMarker at (-17,0) size 7x19: bullet
            RenderText {#text} at (0,0) size 57x19
              text run at (0,0) width 57: "Success!"
