EDITING DELEGATE: shouldBeginEditingInDOMRange:range from 0 of DIV > BODY > HTML > #document to 1 of DIV > BODY > HTML > #document
EDITING DELEGATE: webViewDidBeginEditing:WebViewDidBeginEditingNotification
EDITING DELEGATE: webViewDidChangeSelection:WebViewDidChangeSelectionNotification
EDITING DELEGATE: webViewDidChangeSelection:WebViewDidChangeSelectionNotification
EDITING DELEGATE: shouldChangeSelectedDOMRange:range from 1 of #text > DIV > BODY > HTML > #document to 1 of #text > DIV > BODY > HTML > #document toDOMRange:range from 3 of #text > DIV > BODY > HTML > #document to 3 of #text > DIV > BODY > HTML > #document affinity:NSSelectionAffinityDownstream stillSelecting:FALSE
EDITING DELEGATE: webViewDidChangeSelection:WebViewDidChangeSelectionNotification
EDITING DELEGATE: webViewDidChange:WebViewDidChangeNotification
layer at (0,0) size 800x600
  RenderView at (0,0) size 800x600
layer at (0,0) size 800x600
  RenderBlock {HTML} at (0,0) size 800x600
    RenderBody {BODY} at (8,8) size 784x584
      RenderBlock {P} at (0,0) size 784x19
        RenderText {#text} at (0,0) size 553x19
          text run at (0,0) width 345: "Tests for a case where paste's end merge was failing. "
          text run at (345,0) width 208: "You should see xfoo\\nbar\\nbazx."
      RenderBlock {DIV} at (0,33) size 784x57
        RenderBlock (anonymous) at (0,0) size 784x19
          RenderText {#text} at (0,0) size 7x19
            text run at (0,0) width 7: "x"
          RenderText {#text} at (7,0) size 20x19
            text run at (7,0) width 20: "foo"
        RenderBlock {DIV} at (0,19) size 784x19
          RenderText {#text} at (0,0) size 21x19
            text run at (0,0) width 21: "bar"
        RenderBlock (anonymous) at (0,38) size 784x19
          RenderText {#text} at (0,0) size 23x19
            text run at (0,0) width 23: "baz"
          RenderText {#text} at (23,0) size 7x19
            text run at (23,0) width 7: "x"
caret: position 3 of child 3 {#text} of child 2 {DIV} of child 1 {BODY} of child 0 {HTML} of document
