EDITING DELEGATE: shouldBeginEditingInDOMRange:range from 0 of DIV > BODY > HTML > #document to 2 of DIV > BODY > HTML > #document
EDITING DELEGATE: webViewDidBeginEditing:WebViewDidBeginEditingNotification
EDITING DELEGATE: shouldChangeSelectedDOMRange:(null) toDOMRange:range from 0 of #text > SPAN > DIV > BODY > HTML > #document to 3 of #text > DIV > BODY > HTML > #document affinity:NSSelectionAffinityDownstream stillSelecting:FALSE
EDITING DELEGATE: webViewDidChangeSelection:WebViewDidChangeSelectionNotification
EDITING DELEGATE: webViewDidChangeSelection:WebViewDidChangeSelectionNotification
EDITING DELEGATE: webViewDidChangeSelection:WebViewDidChangeSelectionNotification
EDITING DELEGATE: shouldChangeSelectedDOMRange:range from 1 of #text > SPAN > DIV > BODY > HTML > #document to 1 of #text > SPAN > DIV > BODY > HTML > #document toDOMRange:range from 3 of #text > SPAN > DIV > BODY > HTML > #document to 3 of #text > SPAN > DIV > BODY > HTML > #document affinity:NSSelectionAffinityDownstream stillSelecting:FALSE
EDITING DELEGATE: webViewDidChangeSelection:WebViewDidChangeSelectionNotification
EDITING DELEGATE: webViewDidChange:WebViewDidChangeNotification
layer at (0,0) size 800x600
  RenderView at (0,0) size 800x600
layer at (0,0) size 800x600
  RenderBlock {HTML} at (0,0) size 800x600
    RenderBody {BODY} at (8,8) size 784x584
      RenderBlock {P} at (0,0) size 784x38
        RenderText {#text} at (0,0) size 763x38
          text run at (0,0) width 763: "This tests one of the cases where it is necessary for paste to merge the last paragraph in the fragment being pasted with"
          text run at (0,19) width 353: "the content after the position where the paste will occur."
      RenderBlock {DIV} at (0,52) size 784x57
        RenderBlock (anonymous) at (0,0) size 784x19
          RenderInline {SPAN} at (0,0) size 4x19
            RenderText {#text} at (0,0) size 4x19
              text run at (0,0) width 4: "f"
        RenderBlock (anonymous) at (0,19) size 784x0
        RenderBlock (anonymous) at (0,19) size 784x38
          RenderInline {SPAN} at (0,0) size 39x38
            RenderText {#text} at (0,0) size 21x19
              text run at (0,0) width 21: "bar"
            RenderBR {BR} at (21,14) size 0x0
            RenderText {#text} at (0,19) size 23x19
              text run at (0,19) width 23: "baz"
            RenderText {#text} at (23,19) size 16x19
              text run at (23,19) width 16: "oo"
          RenderText {#text} at (39,19) size 21x19
            text run at (39,19) width 21: "bar"
caret: position 3 of child 3 {#text} of child 0 {SPAN} of child 2 {DIV} of child 1 {BODY} of child 0 {HTML} of document
