EDITING DELEGATE: shouldBeginEditingInDOMRange:range from 0 of DIV > BODY > HTML > #document to 2 of DIV > BODY > HTML > #document
EDITING DELEGATE: webViewDidBeginEditing:WebViewDidBeginEditingNotification
EDITING DELEGATE: webViewDidChangeSelection:WebViewDidChangeSelectionNotification
EDITING DELEGATE: webViewDidChangeSelection:WebViewDidChangeSelectionNotification
EDITING DELEGATE: webViewDidChangeSelection:WebViewDidChangeSelectionNotification
EDITING DELEGATE: webViewDidChangeSelection:WebViewDidChangeSelectionNotification
EDITING DELEGATE: webViewDidChangeSelection:WebViewDidChangeSelectionNotification
EDITING DELEGATE: webViewDidChangeSelection:WebViewDidChangeSelectionNotification
EDITING DELEGATE: shouldChangeSelectedDOMRange:(null) toDOMRange:range from 36 of #text > DIV > DIV > BODY > HTML > #document to 36 of #text > DIV > DIV > BODY > HTML > #document affinity:NSSelectionAffinityDownstream stillSelecting:FALSE
EDITING DELEGATE: webViewDidChangeSelection:WebViewDidChangeSelectionNotification
EDITING DELEGATE: webViewDidChange:WebViewDidChangeNotification
layer at (0,0) size 800x600
  RenderView at (0,0) size 800x600
layer at (0,0) size 800x600
  RenderBlock {HTML} at (0,0) size 800x600
    RenderBody {BODY} at (8,8) size 784x584
      RenderBlock {P} at (0,0) size 784x38
        RenderText {#text} at (0,0) size 758x38
          text run at (0,0) width 758: "Pasting a paragraph or less into a selection that spans multiple blocks should insert content into the block containing the"
          text run at (0,19) width 132: "start of the selection."
      RenderBlock {DIV} at (0,52) size 784x21
        RenderBlock {DIV} at (0,0) size 784x21 [border: (1px solid #FF0000)]
          RenderText {#text} at (1,1) size 31x19
            text run at (1,1) width 31: "This "
          RenderText {#text} at (32,1) size 236x19
            text run at (32,1) width 236: "text should have a red border around"
          RenderText {#text} at (268,1) size 15x19
            text run at (268,1) width 15: " it."
caret: position 36 of child 1 {#text} of child 0 {DIV} of child 2 {DIV} of child 1 {BODY} of child 0 {HTML} of document
