EDITING DELEGATE: shouldBeginEditingInDOMRange:range from 0 of DIV > BODY > HTML > #document to 2 of DIV > BODY > HTML > #document
EDITING DELEGATE: webViewDidBeginEditing:WebViewDidBeginEditingNotification
EDITING DELEGATE: webViewDidChangeSelection:WebViewDidChangeSelectionNotification
EDITING DELEGATE: webViewDidChangeSelection:WebViewDidChangeSelectionNotification
EDITING DELEGATE: webViewDidChangeSelection:WebViewDidChangeSelectionNotification
EDITING DELEGATE: webViewDidChangeSelection:WebViewDidChangeSelectionNotification
EDITING DELEGATE: webViewDidChangeSelection:WebViewDidChangeSelectionNotification
EDITING DELEGATE: shouldChangeSelectedDOMRange:range from 0 of #text > DIV > BODY > HTML > #document to 4 of #text > DIV > DIV > BODY > HTML > #document toDOMRange:range from 4 of #text > DIV > DIV > BODY > HTML > #document to 4 of #text > DIV > DIV > BODY > HTML > #document affinity:NSSelectionAffinityDownstream stillSelecting:FALSE
EDITING DELEGATE: webViewDidChangeSelection:WebViewDidChangeSelectionNotification
EDITING DELEGATE: webViewDidChange:WebViewDidChangeNotification
layer at (0,0) size 800x600
  RenderView at (0,0) size 800x600
layer at (0,0) size 800x600
  RenderBlock {HTML} at (0,0) size 800x600
    RenderBody {BODY} at (8,8) size 784x584
      RenderBlock {P} at (0,0) size 784x57
        RenderText {#text} at (0,0) size 775x57
          text run at (0,0) width 775: "This is a test for the merge that paste does of the last paragraph of the incoming fragment with content after the end of the"
          text run at (0,19) width 177: "selection being pasted into. "
          text run at (177,19) width 592: "A fragment that ends in with paragraph surrounded by a blue border is pasted into a selection"
          text run at (0,38) width 327: "ending in a paragraph surrounded by a red border. "
          text run at (327,38) width 171: "The red border should win."
      RenderBlock {P} at (0,71) size 784x20
        RenderInline {B} at (0,0) size 593x20
          RenderText {#text} at (0,0) size 593x20
            text run at (0,0) width 593: "The second paragraph should be surrounded by a red border before and after the test."
      RenderBlock {DIV} at (0,105) size 784x40
        RenderBlock (anonymous) at (0,0) size 784x19
          RenderText {#text} at (0,0) size 32x19
            text run at (0,0) width 32: "First "
          RenderText {#text} at (32,0) size 66x19
            text run at (32,0) width 66: "paragraph"
        RenderBlock {DIV} at (0,19) size 784x21 [border: (1px solid #FF0000)]
          RenderText {#text} at (1,1) size 27x19
            text run at (1,1) width 27: "This"
          RenderText {#text} at (28,1) size 276x19
            text run at (28,1) width 276: " text should be surrounded by a red border."
caret: position 4 of child 0 {#text} of child 2 {DIV} of child 3 {DIV} of child 1 {BODY} of child 0 {HTML} of document
