EDITING DELEGATE: shouldBeginEditingInDOMRange:range from 0 of DIV > BODY > HTML > #document to 1 of DIV > BODY > HTML > #document
EDITING DELEGATE: webViewDidBeginEditing:WebViewDidBeginEditingNotification
EDITING DELEGATE: webViewDidChangeSelection:WebViewDidChangeSelectionNotification
EDITING DELEGATE: webViewDidChangeSelection:WebViewDidChangeSelectionNotification
EDITING DELEGATE: shouldChangeSelectedDOMRange:range from 1 of #text > DIV > BODY > HTML > #document to 1 of #text > DIV > BODY > HTML > #document toDOMRange:range from 1 of #text > TD > TR > TBODY > TABLE > DIV > BODY > HTML > #document to 1 of #text > TD > TR > TBODY > TABLE > DIV > BODY > HTML > #document affinity:NSSelectionAffinityDownstream stillSelecting:FALSE
EDITING DELEGATE: webViewDidChangeSelection:WebViewDidChangeSelectionNotification
EDITING DELEGATE: webViewDidChange:WebViewDidChangeNotification
EDITING DELEGATE: shouldEndEditingInDOMRange:range from 0 of DIV > BODY > HTML > #document to 3 of DIV > BODY > HTML > #document
EDITING DELEGATE: webViewDidEndEditing:WebViewDidEndEditingNotification
EDITING DELEGATE: shouldBeginEditingInDOMRange:range from 0 of DIV > BODY > HTML > #document to 1 of DIV > BODY > HTML > #document
EDITING DELEGATE: webViewDidBeginEditing:WebViewDidBeginEditingNotification
EDITING DELEGATE: webViewDidChangeSelection:WebViewDidChangeSelectionNotification
EDITING DELEGATE: webViewDidChangeSelection:WebViewDidChangeSelectionNotification
EDITING DELEGATE: webViewDidChangeSelection:WebViewDidChangeSelectionNotification
EDITING DELEGATE: shouldChangeSelectedDOMRange:(null) toDOMRange:range from 3 of #text > DIV > TD > TR > TBODY > TABLE > DIV > BODY > HTML > #document to 3 of #text > DIV > TD > TR > TBODY > TABLE > DIV > BODY > HTML > #document affinity:NSSelectionAffinityDownstream stillSelecting:FALSE
EDITING DELEGATE: webViewDidChangeSelection:WebViewDidChangeSelectionNotification
EDITING DELEGATE: webViewDidChange:WebViewDidChangeNotification
layer at (0,0) size 800x600
  RenderView at (0,0) size 800x600
layer at (0,0) size 800x600
  RenderBlock {HTML} at (0,0) size 800x600
    RenderBody {BODY} at (8,8) size 784x584
      RenderBlock {P} at (0,0) size 784x19
        RenderText {#text} at (0,0) size 528x19
          text run at (0,0) width 528: "This tests pasting a table into a position that would normally result in an end merge."
      RenderBlock {DIV} at (0,33) size 784x67
        RenderBlock (anonymous) at (0,0) size 784x19
          RenderText {#text} at (0,0) size 7x19
            text run at (0,0) width 7: "x"
        RenderTable {TABLE} at (0,19) size 32x29 [border: (1px outset #808080)]
          RenderTableSection {TBODY} at (1,1) size 30x27
            RenderTableRow {TR} at (0,2) size 30x23
              RenderTableCell {TD} at (2,2) size 12x23 [border: (1px inset #808080)] [r=0 c=0 rs=1 cs=1]
                RenderText {#text} at (2,2) size 8x19
                  text run at (2,2) width 8: "1"
              RenderTableCell {TD} at (16,2) size 12x23 [border: (1px inset #808080)] [r=0 c=1 rs=1 cs=1]
                RenderText {#text} at (2,2) size 8x19
                  text run at (2,2) width 8: "2"
        RenderBlock (anonymous) at (0,48) size 784x19
          RenderText {#text} at (0,0) size 7x19
            text run at (0,0) width 7: "x"
      RenderBlock {P} at (0,114) size 784x38
        RenderText {#text} at (0,0) size 715x38
          text run at (0,0) width 245: "This tests pasting text into a table cell. "
          text run at (245,0) width 470: "The last bit of content in the incoming fragment should be merged with the"
          text run at (0,19) width 293: "paragraph after the position being pasted into."
      RenderBlock {DIV} at (0,166) size 784x48
        RenderTable {TABLE} at (0,0) size 104x48 [border: (1px outset #808080)]
          RenderTableSection {TBODY} at (1,1) size 102x46
            RenderTableRow {TR} at (0,2) size 102x42
              RenderTableCell {TD} at (2,2) size 52x42 [border: (1px inset #808080)] [r=0 c=0 rs=1 cs=1]
                RenderBlock {DIV} at (2,2) size 48x19
                  RenderText {#text} at (0,0) size 28x19
                    text run at (0,0) width 28: "Item"
                  RenderText {#text} at (28,0) size 20x19
                    text run at (28,0) width 20: "foo"
                RenderBlock {DIV} at (2,21) size 48x19
                  RenderText {#text} at (0,0) size 21x19
                    text run at (0,0) width 21: "bar"
                  RenderText {#text} at (21,0) size 12x19
                    text run at (21,0) width 12: " 1"
              RenderTableCell {TD} at (56,11) size 44x23 [border: (1px inset #808080)] [r=0 c=1 rs=1 cs=1]
                RenderText {#text} at (2,2) size 40x19
                  text run at (2,2) width 40: "Item 2"
caret: position 3 of child 0 {#text} of child 1 {DIV} of child 0 {TD} of child 0 {TR} of child 0 {TBODY} of child 0 {TABLE} of child 10 {DIV} of child 1 {BODY} of child 0 {HTML} of document
