EDITING DELEGATE: shouldBeginEditingInDOMRange:range from 0 of DIV > BODY > HTML > #document to 0 of DIV > BODY > HTML > #document
EDITING DELEGATE: webViewDidBeginEditing:WebViewDidBeginEditingNotification
EDITING DELEGATE: webViewDidChangeSelection:WebViewDidChangeSelectionNotification
EDITING DELEGATE: shouldChangeSelectedDOMRange:range from 0 of DIV > BODY > HTML > #document to 0 of DIV > BODY > HTML > #document toDOMRange:range from 3 of #text > BLOCKQUOTE > DIV > BODY > HTML > #document to 3 of #text > BLOCKQUOTE > DIV > BODY > HTML > #document affinity:NSSelectionAffinityDownstream stillSelecting:FALSE
EDITING DELEGATE: webViewDidChangeSelection:WebViewDidChangeSelectionNotification
EDITING DELEGATE: webViewDidChange:WebViewDidChangeNotification
layer at (0,0) size 800x600
  RenderView at (0,0) size 800x600
layer at (0,0) size 800x600
  RenderBlock {HTML} at (0,0) size 800x600
    RenderBody {BODY} at (8,8) size 784x578
      RenderBlock {P} at (0,0) size 784x38
        RenderText {#text} at (0,0) size 776x38
          text run at (0,0) width 776: "This test makes sure that content inside a Mail blockquote in an incoming fragment isn't pulled out of the blockquote during"
          text run at (0,19) width 39: "paste."
      RenderBlock {P} at (0,52) size 784x20
        RenderInline {B} at (0,0) size 573x20
          RenderText {#text} at (0,0) size 573x20
            text run at (0,0) width 573: "You should see 'bar' inside a blockquote (it will have a blue border around it if it is)."
      RenderBlock {DIV} at (0,86) size 784x21
        RenderBlock {BLOCKQUOTE} at (40,0) size 704x21 [border: (1px solid #0000FF)]
          RenderText {#text} at (1,1) size 21x19
            text run at (1,1) width 21: "bar"
caret: position 3 of child 0 {#text} of child 0 {BLOCKQUOTE} of child 4 {DIV} of child 2 {BODY} of child 0 {HTML} of document
