layer at (0,0) size 800x600
  RenderView at (0,0) size 800x600
layer at (0,0) size 800x600
  RenderBlock {HTML} at (0,0) size 800x600
    RenderBody {BODY} at (8,8) size 784x584
      RenderBlock {P} at (0,0) size 784x22
        RenderText {#text} at (0,0) size 647x22
          text run at (0,0) width 647: "This tests pasting a blockquote into a blockquote. Nothing below should be double-blockquoted."
      RenderBlock {DIV} at (0,38) size 784x44
        RenderBlock {BLOCKQUOTE} at (0,0) size 784x22 [color=#0000FF] [border: (2px solid #0000FF)]
          RenderText {#text} at (22,0) size 28x22
            text run at (22,0) width 28: "One"
          RenderText {#text} at (50,0) size 31x22
            text run at (50,0) width 31: "Two"
        RenderBlock (anonymous) at (0,22) size 784x0
          RenderInline {SPAN} at (0,0) size 0x0
        RenderBlock (anonymous) at (0,22) size 784x22
          RenderBlock {BLOCKQUOTE} at (0,0) size 784x22 [color=#0000FF] [border: (2px solid #0000FF)]
            RenderBlock {DIV} at (22,0) size 762x22
              RenderText {#text} at (0,0) size 41x22
                text run at (0,0) width 41: "Three"
        RenderBlock (anonymous) at (0,44) size 784x0
          RenderInline {SPAN} at (0,0) size 0x0
caret: position 5 of child 0 {#text} of child 0 {DIV} of child 0 {BLOCKQUOTE} of child 1 {SPAN} of child 3 {DIV} of body
