layer at (0,0) size 800x600
  RenderView at (0,0) size 800x600
layer at (0,0) size 800x600
  RenderBlock {HTML} at (0,0) size 800x600
    RenderBody {BODY} at (8,8) size 784x584
      RenderBlock {P} at (0,0) size 784x19
        RenderText {#text} at (0,0) size 395x19
          text run at (0,0) width 395: "This tests pasting a blockquote into the middle of a paragraph."
      RenderBlock {DIV} at (0,33) size 784x57
        RenderBlock (anonymous) at (0,0) size 784x19
          RenderText {#text} at (0,0) size 202x19
            text run at (0,0) width 202: "This should not be blockquoted."
          RenderText {#text} at (202,0) size 206x19
            text run at (202,0) width 206: " This should not be blockquoted."
        RenderBlock {BLOCKQUOTE} at (0,19) size 784x19 [color=#0000FF] [border: (2px solid #0000FF)]
          RenderText {#text} at (22,0) size 178x19
            text run at (22,0) width 178: "This should be blockquoted."
          RenderBR {BR} at (200,14) size 0x0
        RenderBlock (anonymous) at (0,38) size 784x19
          RenderText {#text} at (0,0) size 202x19
            text run at (0,0) width 202: "This should not be blockquoted."
          RenderText {#text} at (202,0) size 206x19
            text run at (202,0) width 206: " This should not be blockquoted."
caret: position 31 of child 3 {#text} of child 2 {DIV} of child 1 {BODY} of child 0 {HTML} of document
