EDITING DELEGATE: shouldBeginEditingInDOMRange:range from 0 of DIV > BODY > HTML > #document to 6 of DIV > BODY > HTML > #document
EDITING DELEGATE: webViewDidBeginEditing:WebViewDidBeginEditingNotification
EDITING DELEGATE: webViewDidChangeSelection:WebViewDidChangeSelectionNotification
EDITING DELEGATE: webViewDidChangeSelection:WebViewDidChangeSelectionNotification
EDITING DELEGATE: webViewDidChangeSelection:WebViewDidChangeSelectionNotification
EDITING DELEGATE: webViewDidChangeSelection:WebViewDidChangeSelectionNotification
EDITING DELEGATE: webViewDidChangeSelection:WebViewDidChangeSelectionNotification
EDITING DELEGATE: webViewDidChangeSelection:WebViewDidChangeSelectionNotification
EDITING DELEGATE: shouldInsertNode:#document-fragment replacingDOMRange:range from 21 of #text > LI > OL > DIV > BODY > HTML > #document to 21 of #text > LI > OL > DIV > BODY > HTML > #document givenAction:WebViewInsertActionPasted
EDITING DELEGATE: shouldChangeSelectedDOMRange:range from 21 of #text > LI > OL > DIV > BODY > HTML > #document to 21 of #text > LI > OL > DIV > BODY > HTML > #document toDOMRange:range from 21 of #text > LI > OL > LI > OL > DIV > BODY > HTML > #document to 21 of #text > LI > OL > LI > OL > DIV > BODY > HTML > #document affinity:NSSelectionAffinityDownstream stillSelecting:FALSE
EDITING DELEGATE: webViewDidChangeSelection:WebViewDidChangeSelectionNotification
EDITING DELEGATE: webViewDidChange:WebViewDidChangeNotification
layer at (0,0) size 800x600
  RenderView at (0,0) size 800x600
layer at (0,0) size 800x600
  RenderBlock {HTML} at (0,0) size 800x600
    RenderBody {BODY} at (8,8) size 784x584
      RenderBlock {DIV} at (0,0) size 784x300 [border: (2px solid #FF0000)]
        RenderBlock (anonymous) at (14,14) size 756x32
          RenderInline {SPAN} at (0,0) size 156x31
            RenderText {#text} at (0,0) size 156x31
              text run at (0,0) width 156: "Empty list item"
          RenderText {#text} at (0,0) size 0x0
        RenderBlock {P} at (14,70) size 756x0
        RenderBlock {OL} at (14,70) size 756x192
          RenderListItem {LI} at (40,0) size 716x32
            RenderListMarker at (-34,0) size 27x31: "1"
            RenderText {#text} at (0,0) size 230x31
              text run at (0,0) width 230: "I should be number 1."
          RenderListItem {LI} at (40,32) size 716x32
            RenderListMarker at (-34,0) size 27x31: "2"
          RenderListItem {LI} at (40,64) size 716x128
            RenderBlock (anonymous) at (0,0) size 716x32
              RenderListMarker at (-34,0) size 27x31: "3"
              RenderText {#text} at (0,0) size 230x31
                text run at (0,0) width 230: "I should be number 3."
            RenderBlock {OL} at (0,32) size 716x96
              RenderListItem {LI} at (40,0) size 676x32
                RenderListMarker at (-34,0) size 27x31: "1"
                RenderText {#text} at (0,0) size 230x31
                  text run at (0,0) width 230: "I should be number 1."
              RenderListItem {LI} at (40,32) size 676x32
                RenderListMarker at (-34,0) size 27x31: "2"
              RenderListItem {LI} at (40,64) size 676x32
                RenderListMarker at (-34,0) size 27x31: "3"
                RenderText {#text} at (0,0) size 230x31
                  text run at (0,0) width 230: "I should be number 3."
caret: position 21 of child 0 {#text} of child 2 {LI} of child 1 {OL} of child 5 {LI} of child 4 {OL} of child 1 {DIV} of child 1 {BODY} of child 0 {HTML} of document
