EDITING DELEGATE: shouldBeginEditingInDOMRange:range from 0 of BODY > HTML > #document to 10 of BODY > HTML > #document
EDITING DELEGATE: webViewDidBeginEditing:WebViewDidBeginEditingNotification
EDITING DELEGATE: webViewDidChangeSelection:WebViewDidChangeSelectionNotification
EDITING DELEGATE: webViewDidChangeSelection:WebViewDidChangeSelectionNotification
EDITING DELEGATE: webViewDidChangeSelection:WebViewDidChangeSelectionNotification
EDITING DELEGATE: webViewDidChangeSelection:WebViewDidChangeSelectionNotification
EDITING DELEGATE: webViewDidChangeSelection:WebViewDidChangeSelectionNotification
EDITING DELEGATE: webViewDidChangeSelection:WebViewDidChangeSelectionNotification
EDITING DELEGATE: shouldChangeSelectedDOMRange:range from 0 of DIV > BODY > HTML > #document to 0 of DIV > BODY > HTML > #document toDOMRange:range from 1 of #text > DIV > BODY > HTML > #document to 1 of #text > DIV > BODY > HTML > #document affinity:NSSelectionAffinityDownstream stillSelecting:FALSE
EDITING DELEGATE: webViewDidChangeSelection:WebViewDidChangeSelectionNotification
EDITING DELEGATE: webViewDidChange:WebViewDidChangeNotification
EDITING DELEGATE: shouldInsertNode:#document-fragment replacingDOMRange:range from 1 of #text > DIV > BODY > HTML > #document to 1 of #text > DIV > BODY > HTML > #document givenAction:WebViewInsertActionPasted
EDITING DELEGATE: shouldChangeSelectedDOMRange:range from 1 of #text > DIV > BODY > HTML > #document to 1 of #text > DIV > BODY > HTML > #document toDOMRange:range from 0 of DIV > DIV > BODY > HTML > #document to 0 of DIV > DIV > BODY > HTML > #document affinity:NSSelectionAffinityDownstream stillSelecting:FALSE
EDITING DELEGATE: webViewDidChangeSelection:WebViewDidChangeSelectionNotification
EDITING DELEGATE: webViewDidChange:WebViewDidChangeNotification
layer at (0,0) size 800x600
  RenderView at (0,0) size 800x600
layer at (0,0) size 800x600
  RenderBlock {HTML} at (0,0) size 800x600
    RenderBody {BODY} at (8,8) size 784x584
      RenderBlock (anonymous) at (0,0) size 784x66
        RenderText {#text} at (0,0) size 90x22
          text run at (0,0) width 90: "See this bug: "
        RenderInline {A} at (0,0) size 179x22 [color=#0000EE]
          RenderText {#text} at (90,0) size 179x22
            text run at (90,0) width 179: "<rdar://problem/3918712>"
        RenderText {#text} at (269,0) size 764x66
          text run at (269,0) width 481: " \"Paste as Quotation\" in Mail just pastes (<blockquote> tag seems to be"
          text run at (750,0) width 4: " "
          text run at (0,22) width 760: "lost). Should see one box with blockquoted \"foo\" text, followed by another box with an \"x\" (not in a blockquote)"
          text run at (760,22) width 4: " "
          text run at (0,44) width 191: "and \"foo\" (in a blockquote)."
      RenderBlock {DIV} at (0,66) size 784x24
      RenderBlock {DIV} at (0,90) size 784x109 [border: (2px solid #FF0000)]
        RenderBlock {DIV} at (14,38) size 756x33
          RenderBlock {BLOCKQUOTE} at (40,0) size 676x33
            RenderText {#text} at (0,0) size 32x33
              text run at (0,0) width 32: "foo"
      RenderBlock {DIV} at (0,199) size 784x61 [border: (2px solid #FF0000)]
        RenderText {#text} at (14,14) size 12x33
          text run at (14,14) width 12: "x"
      RenderBlock {DIV} at (0,260) size 784x142 [border: (2px solid #FF0000)]
        RenderBlock {DIV} at (14,38) size 756x33
          RenderBlock {BLOCKQUOTE} at (40,0) size 676x33
            RenderText {#text} at (0,0) size 32x33
              text run at (0,0) width 32: "foo"
        RenderBlock {DIV} at (14,95) size 756x33
          RenderBR {BR} at (0,0) size 0x33
caret: position 0 of child 0 {BR} of child 1 {DIV} of child 8 {DIV} of body
