EDITING DELEGATE: shouldBeginEditingInDOMRange:range from 0 of BODY > HTML > #document to 4 of BODY > HTML > #document
EDITING DELEGATE: webViewDidBeginEditing:WebViewDidBeginEditingNotification
EDITING DELEGATE: webViewDidChangeSelection:WebViewDidChangeSelectionNotification
EDITING DELEGATE: webViewDidChangeSelection:WebViewDidChangeSelectionNotification
EDITING DELEGATE: webViewDidChangeSelection:WebViewDidChangeSelectionNotification
EDITING DELEGATE: webViewDidChangeSelection:WebViewDidChangeSelectionNotification
EDITING DELEGATE: webViewDidChangeSelection:WebViewDidChangeSelectionNotification
EDITING DELEGATE: webViewDidChangeSelection:WebViewDidChangeSelectionNotification
EDITING DELEGATE: webViewDidChangeSelection:WebViewDidChangeSelectionNotification
EDITING DELEGATE: webViewDidChangeSelection:WebViewDidChangeSelectionNotification
EDITING DELEGATE: shouldChangeSelectedDOMRange:range from 0 of #text > P > DIV > DIV > BODY > HTML > #document to 3 of #text > P > DIV > DIV > BODY > HTML > #document toDOMRange:range from 0 of #text > P > DIV > DIV > BODY > HTML > #document to 3 of #text > P > DIV > DIV > BODY > HTML > #document affinity:NSSelectionAffinityDownstream stillSelecting:FALSE
EDITING DELEGATE: shouldDeleteDOMRange:range from 0 of #text > P > DIV > DIV > BODY > HTML > #document to 3 of #text > P > DIV > DIV > BODY > HTML > #document
EDITING DELEGATE: webViewDidChangeSelection:WebViewDidChangeSelectionNotification
EDITING DELEGATE: shouldChangeSelectedDOMRange:(null) toDOMRange:range from 0 of P > DIV > DIV > BODY > HTML > #document to 0 of P > DIV > DIV > BODY > HTML > #document affinity:NSSelectionAffinityDownstream stillSelecting:FALSE
EDITING DELEGATE: webViewDidChangeSelection:WebViewDidChangeSelectionNotification
EDITING DELEGATE: webViewDidChange:WebViewDidChangeNotification
EDITING DELEGATE: shouldInsertNode:#document-fragment replacingDOMRange:range from 0 of P > DIV > DIV > BODY > HTML > #document to 0 of P > DIV > DIV > BODY > HTML > #document givenAction:WebViewInsertActionPasted
EDITING DELEGATE: webViewDidChangeSelection:WebViewDidChangeSelectionNotification
EDITING DELEGATE: shouldChangeSelectedDOMRange:(null) toDOMRange:range from 3 of #text > P > DIV > DIV > SPAN > P > DIV > DIV > BODY > HTML > #document to 3 of #text > P > DIV > DIV > SPAN > P > DIV > DIV > BODY > HTML > #document affinity:NSSelectionAffinityDownstream stillSelecting:FALSE
EDITING DELEGATE: webViewDidChangeSelection:WebViewDidChangeSelectionNotification
EDITING DELEGATE: webViewDidChange:WebViewDidChangeNotification
EDITING DELEGATE: shouldChangeSelectedDOMRange:range from 3 of #text > P > DIV > DIV > SPAN > P > DIV > DIV > BODY > HTML > #document to 3 of #text > P > DIV > DIV > SPAN > P > DIV > DIV > BODY > HTML > #document toDOMRange:range from 0 of P > DIV > DIV > SPAN > P > DIV > DIV > BODY > HTML > #document to 0 of P > DIV > DIV > SPAN > P > DIV > DIV > BODY > HTML > #document affinity:NSSelectionAffinityDownstream stillSelecting:FALSE
EDITING DELEGATE: webViewDidChangeSelection:WebViewDidChangeSelectionNotification
EDITING DELEGATE: webViewDidChange:WebViewDidChangeNotification
EDITING DELEGATE: shouldInsertNode:#document-fragment replacingDOMRange:range from 0 of P > DIV > DIV > SPAN > P > DIV > DIV > BODY > HTML > #document to 0 of P > DIV > DIV > SPAN > P > DIV > DIV > BODY > HTML > #document givenAction:WebViewInsertActionPasted
EDITING DELEGATE: webViewDidChangeSelection:WebViewDidChangeSelectionNotification
EDITING DELEGATE: shouldChangeSelectedDOMRange:(null) toDOMRange:range from 3 of #text > P > DIV > DIV > SPAN > P > DIV > DIV > SPAN > P > DIV > DIV > BODY > HTML > #document to 3 of #text > P > DIV > DIV > SPAN > P > DIV > DIV > SPAN > P > DIV > DIV > BODY > HTML > #document affinity:NSSelectionAffinityDownstream stillSelecting:FALSE
EDITING DELEGATE: webViewDidChangeSelection:WebViewDidChangeSelectionNotification
EDITING DELEGATE: webViewDidChange:WebViewDidChangeNotification
layer at (0,0) size 800x600
  RenderView at (0,0) size 800x600
layer at (0,0) size 800x600
  RenderBlock {HTML} at (0,0) size 800x600
    RenderBody {BODY} at (8,8) size 784x584
      RenderBlock {DIV} at (0,0) size 784x212
        RenderBlock {DIV} at (0,0) size 784x212 [border: (2px solid #FF0000)]
          RenderBlock {P} at (14,14) size 756x184
            RenderBlock (anonymous) at (0,0) size 756x0
              RenderInline {SPAN} at (0,0) size 0x0
            RenderBlock (anonymous) at (0,0) size 756x184
              RenderBlock {DIV} at (0,0) size 756x184
                RenderBlock {DIV} at (0,0) size 756x184 [border: (2px solid #FF0000)]
                  RenderBlock {P} at (14,14) size 728x32
                    RenderText {#text} at (0,0) size 33x31
                      text run at (0,0) width 33: "foo"
                  RenderBlock {P} at (14,46) size 728x32
                    RenderText {#text} at (0,0) size 34x31
                      text run at (0,0) width 34: "bar"
                  RenderBlock {P} at (14,78) size 728x92
                    RenderBlock (anonymous) at (0,0) size 728x0
                      RenderInline {SPAN} at (0,0) size 0x0
                    RenderBlock (anonymous) at (0,0) size 728x92
                      RenderBlock {DIV} at (0,0) size 728x92
                        RenderBlock {DIV} at (0,0) size 728x92 [border: (2px solid #FF0000)]
                          RenderBlock {P} at (14,14) size 700x32
                            RenderText {#text} at (0,0) size 33x31
                              text run at (0,0) width 33: "foo"
                          RenderBlock {P} at (14,46) size 700x32
                            RenderText {#text} at (0,0) size 34x31
                              text run at (0,0) width 34: "bar"
                    RenderBlock (anonymous) at (0,92) size 728x0
                      RenderInline {SPAN} at (0,0) size 0x0
            RenderBlock (anonymous) at (0,184) size 756x0
              RenderInline {SPAN} at (0,0) size 0x0
caret: position 3 of child 0 {#text} of child 1 {P} of child 0 {DIV} of child 0 {DIV} of child 0 {SPAN} of child 2 {P} of child 0 {DIV} of child 0 {DIV} of child 0 {SPAN} of child 0 {P} of child 1 {DIV} of child 1 {DIV} of child 1 {BODY} of child 0 {HTML} of document
