EDITING DELEGATE: shouldBeginEditingInDOMRange:range from 0 of DIV > BODY > HTML > #document to 3 of DIV > BODY > HTML > #document
EDITING DELEGATE: webViewDidBeginEditing:WebViewDidBeginEditingNotification
EDITING DELEGATE: webViewDidChangeSelection:WebViewDidChangeSelectionNotification
EDITING DELEGATE: webViewDidChangeSelection:WebViewDidChangeSelectionNotification
EDITING DELEGATE: shouldDeleteDOMRange:range from 1 of #text > DIV > DIV > BODY > HTML > #document to 6 of #text > DIV > DIV > BODY > HTML > #document
EDITING DELEGATE: webViewDidChangeSelection:WebViewDidChangeSelectionNotification
EDITING DELEGATE: shouldChangeSelectedDOMRange:(null) toDOMRange:range from 0 of DIV > DIV > BODY > HTML > #document to 0 of DIV > DIV > BODY > HTML > #document affinity:NSSelectionAffinityDownstream stillSelecting:FALSE
EDITING DELEGATE: webViewDidChangeSelection:WebViewDidChangeSelectionNotification
EDITING DELEGATE: webViewDidChange:WebViewDidChangeNotification
EDITING DELEGATE: shouldInsertText:hello replacingDOMRange:range from 0 of DIV > DIV > BODY > HTML > #document to 0 of DIV > DIV > BODY > HTML > #document givenAction:WebViewInsertActionPasted
EDITING DELEGATE: webViewDidChangeSelection:WebViewDidChangeSelectionNotification
EDITING DELEGATE: shouldChangeSelectedDOMRange:(null) toDOMRange:range from 5 of #text > B > DIV > DIV > BODY > HTML > #document to 5 of #text > B > DIV > DIV > BODY > HTML > #document affinity:NSSelectionAffinityDownstream stillSelecting:FALSE
EDITING DELEGATE: webViewDidChangeSelection:WebViewDidChangeSelectionNotification
EDITING DELEGATE: webViewDidChange:WebViewDidChangeNotification
layer at (0,0) size 800x600
  RenderView at (0,0) size 800x600
layer at (0,0) size 800x600
  RenderBlock {HTML} at (0,0) size 800x600
    RenderBody {BODY} at (8,8) size 784x584
      RenderBlock {DIV} at (0,0) size 784x271 [border: (2px solid #0000FF)]
        RenderBlock {DIV} at (14,14) size 756x97
          RenderText {#text} at (0,0) size 77x33
            text run at (0,0) width 77: "Tests: "
          RenderBR {BR} at (0,0) size 0x0
          RenderText {#text} at (0,33) size 738x63
            text run at (0,33) width 738: "Pasting and matching style when there is nothing typed, but the typing"
            text run at (0,65) width 554: "style is set to bold. This test was created after fixing "
          RenderInline {A} at (0,0) size 91x31 [color=#0000EE]
            RenderText {#text} at (554,65) size 91x31
              text run at (554,65) width 91: "3976872"
          RenderText {#text} at (645,65) size 7x31
            text run at (645,65) width 7: "."
        RenderBlock {DIV} at (14,127) size 756x130
          RenderText {#text} at (0,0) size 214x33
            text run at (0,0) width 214: "Expected Results: "
          RenderBR {BR} at (214,24) size 0x0
          RenderText {#text} at (0,33) size 754x63
            text run at (0,33) width 754: "The pasted word should match the current typing style. In this case, the"
            text run at (0,65) width 754: "typing style is set to bold. Should see this content in the red box below: "
          RenderBR {BR} at (754,88) size 0x0
          RenderInline {B} at (0,0) size 57x33
            RenderText {#text} at (0,97) size 57x33
              text run at (0,97) width 57: "hello"
          RenderText {#text} at (0,0) size 0x0
      RenderBlock {DIV} at (0,295) size 784x37
        RenderBlock {DIV} at (0,0) size 784x37 [border: (2px solid #FF0000)]
          RenderInline {B} at (0,0) size 57x33
            RenderText {#text} at (2,2) size 57x33
              text run at (2,2) width 57: "hello"
caret: position 5 of child 0 {#text} of child 0 {B} of child 1 {DIV} of child 3 {DIV} of child 1 {BODY} of child 0 {HTML} of document
