layer at (0,0) size 800x600
  RenderView at (0,0) size 800x600
layer at (0,0) size 800x600
  RenderBlock {HTML} at (0,0) size 800x600
    RenderBody {BODY} at (8,8) size 784x584
      RenderBlock {P} at (0,0) size 784x22
        RenderText {#text} at (0,0) size 383x22
          text run at (0,0) width 383: "This tests pasting a blockquote after another blockquote."
      RenderBlock {DIV} at (0,38) size 784x44
        RenderBlock {BLOCKQUOTE} at (0,0) size 784x22 [color=#0000FF] [border: (2px solid #0000FF)]
          RenderText {#text} at (22,0) size 43x22
            text run at (22,0) width 43: "Line 1"
        RenderBlock {BLOCKQUOTE} at (0,22) size 784x22 [color=#0000FF] [border: (2px solid #0000FF)]
          RenderText {#text} at (22,0) size 43x22
            text run at (22,0) width 43: "Line 2"
        RenderBlock (anonymous) at (0,44) size 784x0
caret: position 6 of child 0 {#text} of child 1 {BLOCKQUOTE} of child 2 {DIV} of body
