EDITING DELEGATE: shouldBeginEditingInDOMRange:range from 0 of BODY > HTML > #document to 10 of BODY > HTML > #document
EDITING DELEGATE: webViewDidBeginEditing:WebViewDidBeginEditingNotification
EDITING DELEGATE: webViewDidChangeSelection:WebViewDidChangeSelectionNotification
EDITING DELEGATE: webViewDidChangeSelection:WebViewDidChangeSelectionNotification
EDITING DELEGATE: webViewDidChangeSelection:WebViewDidChangeSelectionNotification
EDITING DELEGATE: webViewDidChangeSelection:WebViewDidChangeSelectionNotification
EDITING DELEGATE: webViewDidChangeSelection:WebViewDidChangeSelectionNotification
EDITING DELEGATE: webViewDidChangeSelection:WebViewDidChangeSelectionNotification
EDITING DELEGATE: webViewDidChangeSelection:WebViewDidChangeSelectionNotification
EDITING DELEGATE: shouldDeleteDOMRange:range from 0 of #text > P > DIV > DIV > BODY > HTML > #document to 0 of P > DIV > DIV > BODY > HTML > #document
EDITING DELEGATE: webViewDidChangeSelection:WebViewDidChangeSelectionNotification
EDITING DELEGATE: shouldChangeSelectedDOMRange:(null) toDOMRange:range from 0 of P > DIV > DIV > BODY > HTML > #document to 0 of P > DIV > DIV > BODY > HTML > #document affinity:NSSelectionAffinityDownstream stillSelecting:FALSE
EDITING DELEGATE: webViewDidChangeSelection:WebViewDidChangeSelectionNotification
EDITING DELEGATE: webViewDidChange:WebViewDidChangeNotification
EDITING DELEGATE: webViewDidChangeSelection:WebViewDidChangeSelectionNotification
EDITING DELEGATE: webViewDidChangeSelection:WebViewDidChangeSelectionNotification
EDITING DELEGATE: webViewDidChangeSelection:WebViewDidChangeSelectionNotification
EDITING DELEGATE: webViewDidChangeSelection:WebViewDidChangeSelectionNotification
EDITING DELEGATE: webViewDidChangeSelection:WebViewDidChangeSelectionNotification
EDITING DELEGATE: webViewDidChangeSelection:WebViewDidChangeSelectionNotification
EDITING DELEGATE: shouldInsertNode:#document-fragment replacingDOMRange:range from 2 of P > DIV > DIV > BODY > HTML > #document to 2 of P > DIV > DIV > BODY > HTML > #document givenAction:WebViewInsertActionPasted
EDITING DELEGATE: webViewDidChangeSelection:WebViewDidChangeSelectionNotification
EDITING DELEGATE: shouldChangeSelectedDOMRange:(null) toDOMRange:range from 0 of DIV > P > DIV > DIV > BODY > HTML > #document to 0 of DIV > P > DIV > DIV > BODY > HTML > #document affinity:NSSelectionAffinityDownstream stillSelecting:FALSE
EDITING DELEGATE: webViewDidChangeSelection:WebViewDidChangeSelectionNotification
EDITING DELEGATE: webViewDidChange:WebViewDidChangeNotification
layer at (0,0) size 800x600
  RenderView at (0,0) size 800x600
layer at (0,0) size 800x600
  RenderBlock {HTML} at (0,0) size 800x600
    RenderBody {BODY} at (8,8) size 784x584
      RenderBlock (anonymous) at (0,0) size 784x38
        RenderText {#text} at (0,0) size 96x19
          text run at (0,0) width 96: "Fixes this bug: "
        RenderInline {A} at (0,0) size 166x19 [color=#0000EE]
          RenderText {#text} at (96,0) size 166x19
            text run at (96,0) width 166: "<rdar://problem/3927554>"
        RenderText {#text} at (262,0) size 377x19
          text run at (262,0) width 377: " REGRESSION (Mail): Paste inserts content in wrong place "
        RenderBR {BR} at (0,0) size 0x0
        RenderText {#text} at (0,19) size 352x19
          text run at (0,19) width 352: "***TEST*** line should be second, following the first line."
      RenderBlock {DIV} at (0,38) size 784x12
      RenderBlock {DIV} at (0,50) size 784x252
        RenderBlock {DIV} at (0,0) size 784x252 [border: (2px solid #FF0000)]
          RenderBlock {P} at (14,14) size 756x128
            RenderBlock (anonymous) at (0,0) size 756x32
              RenderText {#text} at (0,0) size 340x31
                text run at (0,0) width 340: "Should be first line of document."
              RenderBR {BR} at (340,23) size 0x0
            RenderBlock {P} at (0,32) size 756x32
              RenderText {#text} at (0,0) size 116x31
                text run at (0,0) width 116: "***TEST***"
            RenderBlock {DIV} at (0,64) size 756x32
              RenderBR {BR} at (0,0) size 0x31
            RenderBlock (anonymous) at (0,96) size 756x32
              RenderText {#text} at (0,0) size 133x31
                text run at (0,0) width 133: "Another line."
          RenderBlock {P} at (14,142) size 756x0
          RenderBlock (anonymous) at (14,142) size 756x32
            RenderText {#text} at (0,0) size 7x31
              text run at (0,0) width 7: " "
          RenderBlock {P} at (14,174) size 756x0
          RenderBlock (anonymous) at (14,174) size 756x32
            RenderText {#text} at (0,0) size 7x31
              text run at (0,0) width 7: " "
          RenderBlock {P} at (14,206) size 756x32
            RenderBR {BR} at (0,0) size 0x31
caret: position 0 of child 0 {BR} of child 3 {DIV} of child 0 {P} of child 1 {DIV} of child 7 {DIV} of child 1 {BODY} of child 0 {HTML} of document
