EDITING DELEGATE: shouldBeginEditingInDOMRange:range from 0 of DIV > BODY > HTML > #document to 3 of DIV > BODY > HTML > #document
EDITING DELEGATE: webViewDidBeginEditing:WebViewDidBeginEditingNotification
EDITING DELEGATE: webViewDidChangeSelection:WebViewDidChangeSelectionNotification
EDITING DELEGATE: webViewDidChangeSelection:WebViewDidChangeSelectionNotification
EDITING DELEGATE: webViewDidChangeSelection:WebViewDidChangeSelectionNotification
EDITING DELEGATE: shouldDeleteDOMRange:range from 0 of #text > PRE > DIV > DIV > BODY > HTML > #document to 7 of #text > PRE > DIV > DIV > BODY > HTML > #document
EDITING DELEGATE: webViewDidChangeSelection:WebViewDidChangeSelectionNotification
EDITING DELEGATE: shouldChangeSelectedDOMRange:(null) toDOMRange:range from 0 of PRE > DIV > DIV > BODY > HTML > #document to 0 of PRE > DIV > DIV > BODY > HTML > #document affinity:NSSelectionAffinityDownstream stillSelecting:FALSE
EDITING DELEGATE: webViewDidChangeSelection:WebViewDidChangeSelectionNotification
EDITING DELEGATE: webViewDidChange:WebViewDidChangeNotification
EDITING DELEGATE: shouldInsertNode:#document-fragment replacingDOMRange:range from 0 of PRE > DIV > DIV > BODY > HTML > #document to 0 of PRE > DIV > DIV > BODY > HTML > #document givenAction:WebViewInsertActionPasted
EDITING DELEGATE: webViewDidChangeSelection:WebViewDidChangeSelectionNotification
EDITING DELEGATE: shouldChangeSelectedDOMRange:(null) toDOMRange:range from 7 of #text > PRE > SPAN > PRE > DIV > DIV > BODY > HTML > #document to 7 of #text > PRE > SPAN > PRE > DIV > DIV > BODY > HTML > #document affinity:NSSelectionAffinityDownstream stillSelecting:FALSE
EDITING DELEGATE: webViewDidChangeSelection:WebViewDidChangeSelectionNotification
EDITING DELEGATE: webViewDidChange:WebViewDidChangeNotification
layer at (0,0) size 800x600
  RenderView at (0,0) size 800x600
layer at (0,0) size 800x600
  RenderBlock {HTML} at (0,0) size 800x600
    RenderBody {BODY} at (8,8) size 784x584
      RenderBlock {DIV} at (0,0) size 784x348 [border: (2px solid #0000FF)]
        RenderBlock {DIV} at (14,14) size 756x97
          RenderText {#text} at (0,0) size 77x33
            text run at (0,0) width 77: "Tests: "
          RenderBR {BR} at (0,0) size 0x0
          RenderText {#text} at (0,33) size 751x63
            text run at (0,33) width 751: "Copying and pasting content inside of a PRE tag. This test was created"
            text run at (0,65) width 117: "after fixing "
          RenderInline {A} at (0,0) size 91x31 [color=#0000EE]
            RenderText {#text} at (117,65) size 91x31
              text run at (117,65) width 91: "3918056"
          RenderText {#text} at (208,65) size 7x31
            text run at (208,65) width 7: "."
        RenderBlock {DIV} at (14,127) size 756x183
          RenderBlock (anonymous) at (0,0) size 756x97
            RenderText {#text} at (0,0) size 214x33
              text run at (0,0) width 214: "Expected Results: "
            RenderBR {BR} at (214,24) size 0x0
            RenderText {#text} at (0,33) size 749x63
              text run at (0,33) width 749: "The PRE tag and the formatting of the text inside of the PRE should be"
              text run at (0,65) width 602: "maintained. Should see this content in the red box below:"
          RenderBlock {PRE} at (0,121) size 756x62
            RenderText {#text} at (0,1) size 42x59
              text run at (0,1) width 42: "foo"
              text run at (42,1) width 0: " "
              text run at (0,32) width 42: "bar"
      RenderBlock {DIV} at (0,372) size 784x114
        RenderBlock {DIV} at (0,0) size 784x114 [border: (2px solid #FF0000)]
          RenderBlock {PRE} at (2,26) size 780x62
            RenderBlock (anonymous) at (0,0) size 780x0
              RenderInline {SPAN} at (0,0) size 0x0
            RenderBlock (anonymous) at (0,0) size 780x62
              RenderBlock {PRE} at (0,0) size 780x62
                RenderText {#text} at (0,1) size 42x59
                  text run at (0,1) width 42: "foo"
                  text run at (42,1) width 0: " "
                  text run at (0,32) width 42: "bar"
            RenderBlock (anonymous) at (0,86) size 780x0
              RenderInline {SPAN} at (0,0) size 0x0
caret: position 7 of child 0 {#text} of child 0 {PRE} of child 0 {SPAN} of child 1 {PRE} of child 1 {DIV} of child 3 {DIV} of child 1 {BODY} of child 0 {HTML} of document
