EDITING DELEGATE: shouldBeginEditingInDOMRange:range from 0 of DIV > BODY > HTML > #document to 3 of DIV > BODY > HTML > #document
EDITING DELEGATE: webViewDidBeginEditing:WebViewDidBeginEditingNotification
EDITING DELEGATE: webViewDidChangeSelection:WebViewDidChangeSelectionNotification
EDITING DELEGATE: webViewDidChangeSelection:WebViewDidChangeSelectionNotification
EDITING DELEGATE: webViewDidChangeSelection:WebViewDidChangeSelectionNotification
EDITING DELEGATE: webViewDidChangeSelection:WebViewDidChangeSelectionNotification
EDITING DELEGATE: webViewDidChangeSelection:WebViewDidChangeSelectionNotification
EDITING DELEGATE: webViewDidChangeSelection:WebViewDidChangeSelectionNotification
EDITING DELEGATE: webViewDidChangeSelection:WebViewDidChangeSelectionNotification
EDITING DELEGATE: webViewDidChangeSelection:WebViewDidChangeSelectionNotification
EDITING DELEGATE: webViewDidChangeSelection:WebViewDidChangeSelectionNotification
EDITING DELEGATE: webViewDidChangeSelection:WebViewDidChangeSelectionNotification
EDITING DELEGATE: shouldInsertNode:#document-fragment replacingDOMRange:range from 8 of #text > DIV > DIV > DIV > BODY > HTML > #document to 0 of DIV > DIV > DIV > DIV > BODY > HTML > #document givenAction:WebViewInsertActionPasted
EDITING DELEGATE: shouldChangeSelectedDOMRange:range from 8 of #text > DIV > DIV > DIV > BODY > HTML > #document to 0 of DIV > DIV > DIV > DIV > BODY > HTML > #document toDOMRange:range from 0 of DIV > DIV > DIV > DIV > BODY > HTML > #document to 0 of DIV > DIV > DIV > DIV > BODY > HTML > #document affinity:NSSelectionAffinityDownstream stillSelecting:FALSE
EDITING DELEGATE: webViewDidChangeSelection:WebViewDidChangeSelectionNotification
EDITING DELEGATE: webViewDidChange:WebViewDidChangeNotification
layer at (0,0) size 800x600
  RenderView at (0,0) size 800x600
layer at (0,0) size 800x600
  RenderBlock {HTML} at (0,0) size 800x600
    RenderBody {BODY} at (8,8) size 784x584
      RenderBlock {DIV} at (0,0) size 784x261 [border: (2px solid #0000FF)]
        RenderBlock {DIV} at (14,14) size 756x93
          RenderText {#text} at (0,0) size 67x32
            text run at (0,0) width 67: "Tests: "
          RenderBR {BR} at (0,0) size 0x0
          RenderText {#text} at (0,31) size 172x32
            text run at (0,31) width 172: "Fix for this bug: "
          RenderInline {A} at (0,0) size 275x32 [color=#0000EE]
            RenderText {#text} at (172,31) size 275x32
              text run at (172,31) width 275: "<rdar://problem/4045511>"
          RenderText {#text} at (447,31) size 742x63
            text run at (447,31) width 295: " Copying and pasting end-of-"
            text run at (0,62) width 566: "paragraph selection puts insertion point in wrong place"
        RenderBlock {DIV} at (14,123) size 756x124
          RenderText {#text} at (0,0) size 189x32
            text run at (0,0) width 189: "Expected Results: "
          RenderBR {BR} at (189,24) size 0x0
          RenderText {#text} at (0,31) size 730x94
            text run at (0,31) width 730: "Should see two lines of text below, self-documenting themselves as \"line"
            text run at (0,62) width 701: "one\" and \"line two\". The insertion point must be at the start of \"line"
            text run at (0,93) width 56: "two\"."
      RenderBlock {DIV} at (0,285) size 784x66
        RenderBlock {DIV} at (0,0) size 784x66 [border: (2px solid #FF0000)]
          RenderBlock {DIV} at (2,2) size 780x62
            RenderBlock (anonymous) at (0,0) size 780x31
              RenderText {#text} at (0,0) size 80x32
                text run at (0,0) width 80: "line one"
            RenderBlock {DIV} at (0,31) size 780x31
              RenderText {#text} at (0,0) size 81x32
                text run at (0,0) width 81: "line two"
caret: position 0 of child 0 {#text} of child 1 {DIV} of child 1 {DIV} of child 1 {DIV} of child 3 {DIV} of body
