EDITING DELEGATE: shouldBeginEditingInDOMRange:range from 0 of DIV > BODY > HTML > #document to 3 of DIV > BODY > HTML > #document
EDITING DELEGATE: webViewDidBeginEditing:WebViewDidBeginEditingNotification
EDITING DELEGATE: webViewDidChangeSelection:WebViewDidChangeSelectionNotification
EDITING DELEGATE: webViewDidChangeSelection:WebViewDidChangeSelectionNotification
EDITING DELEGATE: webViewDidChangeSelection:WebViewDidChangeSelectionNotification
EDITING DELEGATE: shouldInsertNode:#document-fragment replacingDOMRange:range from 0 of #text > LI > UL > DIV > DIV > BODY > HTML > #document to 5 of #text > LI > UL > DIV > DIV > DIV > BODY > HTML > #document givenAction:WebViewInsertActionPasted
EDITING DELEGATE: webViewDidChangeSelection:WebViewDidChangeSelectionNotification
EDITING DELEGATE: shouldChangeSelectedDOMRange:(null) toDOMRange:range from 1 of #text > LI > UL > DIV > LI > UL > DIV > DIV > BODY > HTML > #document to 1 of #text > LI > UL > DIV > LI > UL > DIV > DIV > BODY > HTML > #document affinity:NSSelectionAffinityDownstream stillSelecting:FALSE
EDITING DELEGATE: webViewDidChangeSelection:WebViewDidChangeSelectionNotification
EDITING DELEGATE: webViewDidChange:WebViewDidChangeNotification
layer at (0,0) size 800x600
  RenderView at (0,0) size 800x600
layer at (0,0) size 800x600
  RenderBlock {HTML} at (0,0) size 800x600
    RenderBody {BODY} at (8,8) size 784x584
      RenderBlock {DIV} at (0,0) size 784x364 [border: (2px solid #0000FF)]
        RenderBlock {DIV} at (14,14) size 756x93
          RenderText {#text} at (0,0) size 67x32
            text run at (0,0) width 67: "Tests: "
          RenderBR {BR} at (0,0) size 0x0
          RenderText {#text} at (0,31) size 117x32
            text run at (0,31) width 117: "Bug fix for "
          RenderInline {A} at (0,0) size 275x32 [color=#0000EE]
            RenderText {#text} at (117,31) size 275x32
              text run at (117,31) width 275: "<rdar://problem/4039777>"
          RenderText {#text} at (392,31) size 691x63
            text run at (392,31) width 299: " Pasting particular snippet of"
            text run at (0,62) width 672: "HTML containing list items and a link creates too many list items"
        RenderBlock {DIV} at (14,123) size 756x203
          RenderBlock (anonymous) at (0,0) size 756x62
            RenderText {#text} at (0,0) size 189x32
              text run at (0,0) width 189: "Expected Results: "
            RenderBR {BR} at (189,24) size 0x0
            RenderText {#text} at (0,31) size 155x32
              text run at (0,31) width 155: "Should match: "
            RenderBR {BR} at (155,55) size 0x0
          RenderBlock {UL} at (0,86) size 756x31
            RenderListItem {LI} at (40,0) size 716x31
              RenderListMarker at (-24,0) size 10x32: bullet
              RenderText {#text} at (699,0) size 17x32
                text run at (699,0) width 17: "A"
          RenderBlock {DIV} at (0,141) size 756x62
            RenderBlock {UL} at (0,0) size 756x62
              RenderListItem {LI} at (40,0) size 716x62
                RenderListMarker at (-24,0) size 10x32: bullet
                RenderInline {A} at (0,0) size 16x32 [color=#0000EE]
                  RenderText {#text} at (0,0) size 16x32
                    text run at (0,0) width 16: "B"
                RenderText {#text} at (16,0) size 6x32
                  text run at (16,0) width 6: " "
                RenderBR {BR} at (0,0) size 0x0
                RenderText {#text} at (0,31) size 17x32
                  text run at (0,31) width 17: "C"
      RenderBlock {DIV} at (0,388) size 784x176
        RenderBlock {DIV} at (0,0) size 784x176 [border: (2px solid #FF0000)]
          RenderBlock {UL} at (2,26) size 780x124
            RenderListItem {LI} at (40,0) size 740x124
              RenderBlock (anonymous) at (0,0) size 740x31
                RenderListMarker at (-24,0) size 10x32: bullet
              RenderBlock {UL} at (0,31) size 740x31
                RenderListItem {LI} at (40,0) size 700x31
                  RenderListMarker at (-24,0) size 10x32: white bullet
                  RenderText {#text} at (683,0) size 17x32
                    text run at (683,0) width 17: "A"
              RenderBlock {DIV} at (0,62) size 740x62
                RenderBlock {UL} at (0,0) size 740x62
                  RenderListItem {LI} at (40,0) size 700x62
                    RenderListMarker at (-24,0) size 10x32: white bullet
                    RenderInline {A} at (0,0) size 16x32 [color=#0000EE]
                      RenderText {#text} at (678,0) size 16x32
                        text run at (678,0) width 16: "B"
                    RenderText {#text} at (694,0) size 6x32
                      text run at (694,0) width 6: " "
                    RenderBR {BR} at (700,24) size 0x0
                    RenderText {#text} at (683,31) size 17x32
                      text run at (683,31) width 17: "C"
              RenderBlock (anonymous) at (0,124) size 740x0
          RenderBlock {DIV} at (2,174) size 780x0
            RenderBlock {UL} at (0,0) size 780x0
caret: position 1 of child 3 {#text} of child 0 {LI} of child 0 {UL} of child 1 {DIV} of child 0 {LI} of child 1 {UL} of child 1 {DIV} of child 3 {DIV} of body
