layer at (0,0) size 800x600
  RenderView at (0,0) size 800x600
layer at (0,0) size 800x600
  RenderBlock {HTML} at (0,0) size 800x600
    RenderBody {BODY} at (8,8) size 784x584
      RenderBlock {DIV} at (0,0) size 784x163
        RenderBlock {DIV} at (0,0) size 784x142
          RenderBlock {P} at (0,0) size 784x21
            RenderText {#text} at (0,0) size 647x21
              text run at (0,0) width 647: "This tests pasting a blockquote into a blockquote. Nothing below should be double-blockquoted."
          RenderBlock {BLOCKQUOTE} at (0,37) size 784x84 [color=#0000FF] [border: (2px solid #0000FF)]
            RenderText {#text} at (22,0) size 24x21
              text run at (22,0) width 24: "one"
            RenderBR {BR} at (46,16) size 0x0
            RenderText {#text} at (22,21) size 25x21
              text run at (22,21) width 25: "two"
            RenderBR {BR} at (47,37) size 0x0
            RenderText {#text} at (22,42) size 35x21
              text run at (22,42) width 35: "three"
            RenderBR {BR} at (57,58) size 0x0
            RenderText {#text} at (22,63) size 25x21
              text run at (22,63) width 25: "two"
          RenderBlock (anonymous) at (0,121) size 784x0
          RenderBlock {BLOCKQUOTE} at (0,121) size 784x21 [color=#0000FF] [border: (2px solid #0000FF)]
            RenderBR {BR} at (22,0) size 0x21
        RenderBlock (anonymous) at (0,142) size 784x21
          RenderBR {BR} at (0,0) size 0x21
caret: position 3 of child 6 {#text} of child 3 {BLOCKQUOTE} of child 1 {DIV} of child 1 {DIV} of body
