EDITING DELEGATE: shouldBeginEditingInDOMRange:range from 0 of DIV > BODY > HTML > #document to 3 of DIV > BODY > HTML > #document
EDITING DELEGATE: webViewDidBeginEditing:WebViewDidBeginEditingNotification
EDITING DELEGATE: webViewDidChangeSelection:WebViewDidChangeSelectionNotification
EDITING DELEGATE: webViewDidChangeSelection:WebViewDidChangeSelectionNotification
EDITING DELEGATE: webViewDidChangeSelection:WebViewDidChangeSelectionNotification
EDITING DELEGATE: webViewDidChangeSelection:WebViewDidChangeSelectionNotification
EDITING DELEGATE: webViewDidChangeSelection:WebViewDidChangeSelectionNotification
EDITING DELEGATE: webViewDidChangeSelection:WebViewDidChangeSelectionNotification
EDITING DELEGATE: webViewDidChangeSelection:WebViewDidChangeSelectionNotification
EDITING DELEGATE: webViewDidChangeSelection:WebViewDidChangeSelectionNotification
EDITING DELEGATE: webViewDidChangeSelection:WebViewDidChangeSelectionNotification
EDITING DELEGATE: webViewDidChangeSelection:WebViewDidChangeSelectionNotification
EDITING DELEGATE: shouldInsertNode:#document-fragment replacingDOMRange:range from 8 of #text > DIV > DIV > DIV > BODY > HTML > #document to 0 of DIV > DIV > DIV > BODY > HTML > #document givenAction:WebViewInsertActionPasted
EDITING DELEGATE: shouldChangeSelectedDOMRange:range from 8 of #text > DIV > DIV > DIV > BODY > HTML > #document to 0 of DIV > DIV > DIV > BODY > HTML > #document toDOMRange:range from 0 of DIV > DIV > DIV > BODY > HTML > #document to 0 of DIV > DIV > DIV > BODY > HTML > #document affinity:NSSelectionAffinityDownstream stillSelecting:FALSE
EDITING DELEGATE: webViewDidChangeSelection:WebViewDidChangeSelectionNotification
EDITING DELEGATE: webViewDidChange:WebViewDidChangeNotification
layer at (0,0) size 800x600
  RenderView at (0,0) size 800x600
layer at (0,0) size 800x600
  RenderBlock {HTML} at (0,0) size 800x600
    RenderBody {BODY} at (8,8) size 784x584
      RenderBlock {DIV} at (0,0) size 784x270 [border: (2px solid #0000FF)]
        RenderBlock {DIV} at (14,14) size 756x97
          RenderText {#text} at (0,0) size 77x33
            text run at (0,0) width 77: "Tests: "
          RenderBR {BR} at (0,0) size 0x0
          RenderText {#text} at (0,33) size 171x31
            text run at (0,33) width 171: "Fix for this bug: "
          RenderInline {A} at (0,0) size 274x31 [color=#0000EE]
            RenderText {#text} at (171,33) size 274x31
              text run at (171,33) width 274: "<rdar://problem/4045511>"
          RenderText {#text} at (445,33) size 749x63
            text run at (445,33) width 304: " Copying and pasting end-of-"
            text run at (0,65) width 572: "paragraph selection puts insertion point in wrong place"
        RenderBlock {DIV} at (14,127) size 756x129
          RenderText {#text} at (0,0) size 214x33
            text run at (0,0) width 214: "Expected Results: "
          RenderBR {BR} at (214,24) size 0x0
          RenderText {#text} at (0,33) size 752x95
            text run at (0,33) width 711: "Should see two lines of text below, self-documenting themselves as"
            text run at (0,65) width 752: "\"line one\" and \"line two\". The insertion point must be at the start of \"line"
            text run at (0,97) width 53: "two\"."
      RenderBlock {DIV} at (0,294) size 784x68
        RenderBlock {DIV} at (0,0) size 784x68 [border: (2px solid #FF0000)]
          RenderBlock {DIV} at (2,2) size 780x32
            RenderText {#text} at (0,0) size 82x31
              text run at (0,0) width 82: "line one"
          RenderBlock {DIV} at (2,34) size 780x32
            RenderText {#text} at (0,0) size 80x31
              text run at (0,0) width 80: "line two"
caret: position 0 of child 0 {#text} of child 2 {DIV} of child 1 {DIV} of child 3 {DIV} of child 1 {BODY} of child 0 {HTML} of document
