layer at (0,0) size 800x600
  RenderView at (0,0) size 800x600
layer at (0,0) size 800x600
  RenderBlock {HTML} at (0,0) size 800x600
    RenderBody {BODY} at (8,8) size 784x584
      RenderBlock {P} at (0,0) size 784x19
        RenderText {#text} at (0,0) size 370x19
          text run at (0,0) width 370: "This tests pasting a blockquote at the start of a paragraph."
      RenderBlock {DIV} at (0,33) size 784x19
        RenderText {#text} at (0,0) size 202x19
          text run at (0,0) width 202: "This should not be blockquoted."
        RenderText {#text} at (202,0) size 206x19
          text run at (202,0) width 206: " This should not be blockquoted."
caret: position 31 of child 0 {#text} of child 2 {DIV} of child 1 {BODY} of child 0 {HTML} of document
