EDITING DELEGATE: shouldBeginEditingInDOMRange:range from 0 of DIV > BODY > HTML > #document to 1 of DIV > BODY > HTML > #document
EDITING DELEGATE: webViewDidBeginEditing:WebViewDidBeginEditingNotification
EDITING DELEGATE: webViewDidChangeSelection:WebViewDidChangeSelectionNotification
EDITING DELEGATE: webViewDidChangeSelection:WebViewDidChangeSelectionNotification
layer at (0,0) size 800x600
  RenderView at (0,0) size 800x600
layer at (0,0) size 800x600
  RenderBlock {HTML} at (0,0) size 800x600
    RenderBody {BODY} at (8,8) size 784x584
      RenderBlock {P} at (0,0) size 784x38
        RenderText {#text} at (0,0) size 783x38
          text run at (0,0) width 783: "This is a test to make sure that the final <br> in an incoming fragment is interpretted strictly in quirks mode (where brs at the"
          text run at (0,19) width 186: "end of blocks are collapsed). "
          text run at (186,19) width 518: "This test used to fail because of unrendered content to the left of the collapsed br."
      RenderBlock {DIV} at (0,52) size 784x19
        RenderBlock {DIV} at (0,0) size 784x19
          RenderText {#text} at (0,0) size 376x19
            text run at (0,0) width 376: "The test should add a single blank line after this paragraph."
          RenderInline {SPAN} at (0,0) size 0x19
          RenderBR {BR} at (376,14) size 0x0
caret: position 61 of child 0 {#text} of child 0 {DIV} of child 2 {DIV} of child 1 {BODY} of child 0 {HTML} of document
