EDITING DELEGATE: shouldBeginEditingInDOMRange:range from 0 of DIV > BODY > HTML > #document to 3 of DIV > BODY > HTML > #document
EDITING DELEGATE: webViewDidBeginEditing:WebViewDidBeginEditingNotification
EDITING DELEGATE: webViewDidChangeSelection:WebViewDidChangeSelectionNotification
EDITING DELEGATE: shouldChangeSelectedDOMRange:range from 0 of DIV > DIV > BODY > HTML > #document to 0 of DIV > DIV > BODY > HTML > #document toDOMRange:range from 1 of #text > DIV > DIV > BODY > HTML > #document to 5 of #text > DIV > DIV > BODY > HTML > #document affinity:NSSelectionAffinityDownstream stillSelecting:FALSE
EDITING DELEGATE: webViewDidChangeSelection:WebViewDidChangeSelectionNotification
EDITING DELEGATE: webViewDidChangeSelection:WebViewDidChangeSelectionNotification
EDITING DELEGATE: webViewDidChangeSelection:WebViewDidChangeSelectionNotification
EDITING DELEGATE: shouldInsertNode:#document-fragment replacingDOMRange:range from 6 of #text > DIV > DIV > BODY > HTML > #document to 6 of #text > DIV > DIV > BODY > HTML > #document givenAction:WebViewInsertActionPasted
EDITING DELEGATE: webViewDidChangeSelection:WebViewDidChangeSelectionNotification
EDITING DELEGATE: webViewDidChangeSelection:WebViewDidChangeSelectionNotification
EDITING DELEGATE: webViewDidChangeSelection:WebViewDidChangeSelectionNotification
EDITING DELEGATE: shouldChangeSelectedDOMRange:(null) toDOMRange:range from 5 of #text > DIV > DIV > BODY > HTML > #document to 5 of #text > DIV > DIV > BODY > HTML > #document affinity:NSSelectionAffinityDownstream stillSelecting:FALSE
EDITING DELEGATE: webViewDidChangeSelection:WebViewDidChangeSelectionNotification
EDITING DELEGATE: webViewDidChange:WebViewDidChangeNotification
layer at (0,0) size 800x600
  RenderView at (0,0) size 800x600
layer at (0,0) size 800x600
  RenderBlock {HTML} at (0,0) size 800x600
    RenderBody {BODY} at (8,8) size 784x584
      RenderBlock {DIV} at (0,0) size 784x242 [border: (2px solid #0000FF)]
        RenderBlock {DIV} at (14,14) size 756x66
          RenderText {#text} at (0,0) size 67x33
            text run at (0,0) width 67: "Tests: "
          RenderBR {BR} at (0,0) size 0x0
          RenderText {#text} at (0,33) size 725x33
            text run at (0,33) width 725: "Smart paste when pasting after word and a space before another word."
        RenderBlock {DIV} at (14,96) size 756x132
          RenderText {#text} at (0,0) size 189x33
            text run at (0,0) width 189: "Expected Results: "
          RenderBR {BR} at (189,24) size 0x0
          RenderText {#text} at (0,33) size 646x66
            text run at (0,33) width 646: "A space should be added after the pasted word before the other"
            text run at (0,66) width 185: "preexisting word. "
            text run at (185,66) width 234: "It should like this this: "
          RenderBR {BR} at (419,90) size 0x0
          RenderText {#text} at (0,99) size 120x33
            text run at (0,99) width 120: "test test test"
      RenderBlock {DIV} at (0,266) size 784x37
        RenderBlock {DIV} at (0,0) size 784x37 [border: (2px solid #FF0000)]
          RenderText {#text} at (2,2) size 42x33
            text run at (2,2) width 42: "test "
          RenderText {#text} at (44,2) size 42x33
            text run at (44,2) width 42: "test "
          RenderText {#text} at (86,2) size 36x33
            text run at (86,2) width 36: "test"
        RenderBlock (anonymous) at (0,37) size 784x0
caret: position 5 of child 1 {#text} of child 1 {DIV} of child 3 {DIV} of body
