EDITING DELEGATE: shouldBeginEditingInDOMRange:range from 0 of DIV > BODY > HTML > #document to 3 of DIV > BODY > HTML > #document
EDITING DELEGATE: webViewDidBeginEditing:WebViewDidBeginEditingNotification
EDITING DELEGATE: webViewDidChangeSelection:WebViewDidChangeSelectionNotification
EDITING DELEGATE: shouldInsertNode:#document-fragment replacingDOMRange:range from 1 of #text > DIV > DIV > BODY > HTML > #document to 3 of #text > DIV > DIV > DIV > DIV > BODY > HTML > #document givenAction:WebViewInsertActionPasted
EDITING DELEGATE: webViewDidChangeSelection:WebViewDidChangeSelectionNotification
EDITING DELEGATE: shouldChangeSelectedDOMRange:(null) toDOMRange:range from 3 of #text > DIV > DIV > DIV > DIV > BODY > HTML > #document to 3 of #text > DIV > DIV > DIV > DIV > BODY > HTML > #document affinity:NSSelectionAffinityDownstream stillSelecting:FALSE
EDITING DELEGATE: webViewDidChangeSelection:WebViewDidChangeSelectionNotification
EDITING DELEGATE: webViewDidChange:WebViewDidChangeNotification
layer at (0,0) size 800x600
  RenderView at (0,0) size 800x600
layer at (0,0) size 800x600
  RenderBlock {HTML} at (0,0) size 800x600
    RenderBody {BODY} at (8,8) size 784x584
      RenderBlock (anonymous) at (0,0) size 784x42
        RenderText {#text} at (0,0) size 764x42
          text run at (0,0) width 764: "When copying some text, under certain circumstances, empty style (or font) tags are created. This test checks that"
          text run at (0,21) width 376: "there is no empty <font> tag after 'foo' and before 'bar'."
      RenderBlock {DIV} at (0,42) size 784x66
        RenderBlock {DIV} at (0,0) size 784x66 [border: (2px solid #FF0000)]
          RenderBlock (anonymous) at (2,2) size 780x31
            RenderText {#text} at (0,0) size 32x32
              text run at (0,0) width 32: "foo"
          RenderBlock {DIV} at (2,33) size 780x31 [color=#FF0000]
            RenderBlock {DIV} at (0,0) size 780x31
              RenderText {#text} at (0,0) size 36x32
                text run at (0,0) width 36: "bar"
          RenderBlock (anonymous) at (2,64) size 780x0
          RenderBlock {DIV} at (2,64) size 780x0 [color=#FF0000]
caret: position 3 of child 0 {#text} of child 0 {DIV} of child 1 {DIV} of child 1 {DIV} of child 1 {DIV} of body
