layer at (0,0) size 105x240
  RenderView at (0,0) size 96x26
layer at (0,0) size 96x27
  RenderBlock {HTML} at (0,0) size 96x27
    RenderBody {BODY} at (0,0) size 96x26 [bgcolor=#000000]
      RenderBlock {A} at (0,0) size 96x26 [color=#0000EE] [bgcolor=#FF0000]
        RenderText {#text} at (10,5) size 37x16
          text run at (10,5) width 37: "Home"
layer at (55,190) size 50x50
  RenderImage {IMG} at (55,190) size 50x50
layer at (55,190) size 50x50
  RenderBlock (positioned) {DIV} at (55,190) size 50x50 [bgcolor=#008000]
