layer at (0,0) size 800x868
  RenderView at (0,0) size 800x600
layer at (0,0) size 800x868
  RenderBlock {HTML} at (0,0) size 800x868
    RenderBody {BODY} at (8,8) size 784x839
layer at (8,8) size 512x839
  RenderBlock (relative positioned) {DIV} at (0,0) size 512x839
    RenderBlock {H2} at (0,0) size 512x29
      RenderText {#text} at (0,-2) size 90x34
        text run at (0,-2) width 90: "Bug 1"
    RenderBlock {P} at (0,55) size 512x232
      RenderText {#text} at (0,3) size 494x139
        text run at (0,3) width 471: "Safari public beta does not support CSS absolute"
        text run at (0,32) width 494: "positioning correctly (if at all). Immediately following"
        text run at (0,61) width 469: "the text position marked by the dagger, there is a"
        text run at (0,90) width 491: "<span> element that is positioned to the right of the"
        text run at (0,119) width 394: "<div> block that contains this paragraph\x{2020}"
      RenderText {#text} at (394,119) size 504x110
        text run at (394,119) width 97: ". In IE 5.x,"
        text run at (0,148) width 477: "Mozilla 1.2, and Chimera 0.6+, the contents of the"
        text run at (0,177) width 504: "<span> element appears in the margin directly to the"
        text run at (0,206) width 181: "right of the dagger."
    RenderBlock {P} at (0,308) size 512x87
      RenderText {#text} at (0,3) size 506x81
        text run at (0,3) width 506: "I should note that Chimera 0.6 rendered this test with"
        text run at (0,32) width 492: "the marginal note shifted down by one line; this has"
        text run at (0,61) width 310: "been fixed in subsequent builds."
    RenderBlock {H2} at (0,421) size 512x29
      RenderText {#text} at (0,-2) size 90x34
        text run at (0,-2) width 90: "Bug 2"
    RenderBlock {P} at (0,476) size 512x58
      RenderText {#text} at (0,7) size 494x44
        text run at (0,7) width 494: "Fonts also render substantially smaller than other browsers, which is not a good thing"
        text run at (0,36) width 484: "when you consider that most sites specify fonts that are too small in the first place."
    RenderBlock {P} at (0,555) size 512x87
      RenderText {#text} at (0,3) size 501x81
        text run at (0,3) width 459: "At the very least, the preferences panel needs a"
        text run at (0,32) width 501: "default text-zoom setting to enable compatibility with"
        text run at (0,61) width 148: "other browsers."
    RenderBlock {H2} at (0,668) size 512x29
      RenderText {#text} at (0,-2) size 90x34
        text run at (0,-2) width 90: "Bug 3"
    RenderBlock {P} at (0,723) size 512x116
      RenderText {#text} at (0,3) size 74x23
        text run at (0,3) width 74: "Worse, "
      RenderInline {I} at (0,0) size 496x52
        RenderText {#text} at (74,3) size 496x52
          text run at (74,3) width 422: "the \"make text bigger\" button does not scale"
          text run at (0,32) width 330: "line-height when it scales font-size"
      RenderText {#text} at (330,32) size 498x81
        text run at (330,32) width 168: " (hit it a few times"
        text run at (0,61) width 496: "on this page). This is a crippling flaw for people who"
        text run at (0,90) width 436: "need to enlarge the fonts to read comfortably."
layer at (546,179) size 200x48
  RenderBlock (positioned) {SPAN} at (538,171) size 200x48
    RenderText {#text} at (0,0) size 194x47
      text run at (0,0) width 194: "\x{2190} this should be to the right of the"
      text run at (0,16) width 162: "paragraph, lining up with the"
      text run at (0,32) width 39: "dagger"
