layer at (0,0) size 778x94
  RenderView at (0,0) size 96x26
layer at (0,0) size 778x94
  RenderBlock {HTML} at (0,0) size 96x94
    RenderBody {BODY} at (8,8) size 80x78
      RenderBlock {DIV} at (0,0) size 770x78 [bgcolor=#000000]
layer at (8,8) size 770x78
  RenderBlock (relative positioned) {DIV} at (0,0) size 770x78 [bgcolor=#FF0000]
    RenderTable {TABLE} at (0,0) size 96x62
      RenderTableSection {TBODY} at (0,0) size 96x62
        RenderTableRow {TR} at (0,2) size 96x18
          RenderTableCell {TD} at (2,2) size 92x18 [r=0 c=0 rs=1 cs=1]
            RenderText {#text} at (1,1) size 90x16
              text run at (1,1) width 90: "Some content."
        RenderTableRow {TR} at (0,22) size 96x18
          RenderTableCell {TD} at (2,22) size 92x18 [r=1 c=0 rs=1 cs=1]
            RenderText {#text} at (1,1) size 86x16
              text run at (1,1) width 86: "more content."
        RenderTableRow {TR} at (0,42) size 96x18
          RenderTableCell {TD} at (2,42) size 92x18 [r=2 c=0 rs=1 cs=1]
            RenderText {#text} at (1,1) size 70x16
              text run at (1,1) width 70: "even more."
    RenderBlock {DIV} at (0,62) size 770x16 [color=#FFFFFF] [bgcolor=#008000]
      RenderText {#text} at (0,0) size 144x16
        text run at (0,0) width 144: "Hello. Here I am below."
