layer at (0,0) size 96x1928
  RenderView at (0,0) size 96x26
layer at (0,0) size 96x48
  RenderBlock {HTML} at (0,0) size 96x48
    RenderBody {BODY} at (8,8) size 80x32
      RenderBlock (anonymous) at (0,0) size 80x32
        RenderText {#text} at (0,0) size 66x32
          text run at (0,0) width 66: "Content at"
          text run at (0,16) width 51: "the end."
        RenderText {#text} at (0,0) size 0x0
        RenderText {#text} at (0,0) size 0x0
layer at (8,8) size 16x1920
  RenderBlock (positioned) {DIV} at (0,0) size 16x1920
    RenderText {#text} at (0,0) size 8x16
      text run at (0,0) width 8: "1"
    RenderBR {BR} at (8,13) size 0x0
    RenderText {#text} at (0,16) size 8x16
      text run at (0,16) width 8: "2"
    RenderBR {BR} at (8,29) size 0x0
    RenderText {#text} at (0,32) size 8x16
      text run at (0,32) width 8: "3"
    RenderBR {BR} at (8,45) size 0x0
    RenderText {#text} at (0,48) size 8x16
      text run at (0,48) width 8: "4"
    RenderBR {BR} at (8,61) size 0x0
    RenderText {#text} at (0,64) size 8x16
      text run at (0,64) width 8: "5"
    RenderBR {BR} at (8,77) size 0x0
    RenderText {#text} at (0,80) size 8x16
      text run at (0,80) width 8: "6"
    RenderBR {BR} at (8,93) size 0x0
    RenderText {#text} at (0,96) size 8x16
      text run at (0,96) width 8: "7"
    RenderBR {BR} at (8,109) size 0x0
    RenderText {#text} at (0,112) size 8x16
      text run at (0,112) width 8: "8"
    RenderBR {BR} at (8,125) size 0x0
    RenderText {#text} at (0,128) size 8x16
      text run at (0,128) width 8: "9"
    RenderBR {BR} at (8,141) size 0x0
    RenderText {#text} at (0,144) size 16x16
      text run at (0,144) width 16: "10"
    RenderBR {BR} at (16,157) size 0x0
    RenderText {#text} at (0,160) size 16x16
      text run at (0,160) width 16: "11"
    RenderBR {BR} at (16,173) size 0x0
    RenderText {#text} at (0,176) size 16x16
      text run at (0,176) width 16: "12"
    RenderBR {BR} at (16,189) size 0x0
    RenderText {#text} at (0,192) size 16x16
      text run at (0,192) width 16: "13"
    RenderBR {BR} at (16,205) size 0x0
    RenderText {#text} at (0,208) size 16x16
      text run at (0,208) width 16: "14"
    RenderBR {BR} at (16,221) size 0x0
    RenderText {#text} at (0,224) size 16x16
      text run at (0,224) width 16: "15"
    RenderBR {BR} at (16,237) size 0x0
    RenderText {#text} at (0,240) size 16x16
      text run at (0,240) width 16: "16"
    RenderBR {BR} at (16,253) size 0x0
    RenderText {#text} at (0,256) size 16x16
      text run at (0,256) width 16: "17"
    RenderBR {BR} at (16,269) size 0x0
    RenderText {#text} at (0,272) size 16x16
      text run at (0,272) width 16: "18"
    RenderBR {BR} at (16,285) size 0x0
    RenderText {#text} at (0,288) size 16x16
      text run at (0,288) width 16: "19"
    RenderBR {BR} at (16,301) size 0x0
    RenderText {#text} at (0,304) size 16x16
      text run at (0,304) width 16: "20"
    RenderBR {BR} at (16,317) size 0x0
    RenderText {#text} at (0,320) size 8x16
      text run at (0,320) width 8: "1"
    RenderBR {BR} at (8,333) size 0x0
    RenderText {#text} at (0,336) size 8x16
      text run at (0,336) width 8: "2"
    RenderBR {BR} at (8,349) size 0x0
    RenderText {#text} at (0,352) size 8x16
      text run at (0,352) width 8: "3"
    RenderBR {BR} at (8,365) size 0x0
    RenderText {#text} at (0,368) size 8x16
      text run at (0,368) width 8: "4"
    RenderBR {BR} at (8,381) size 0x0
    RenderText {#text} at (0,384) size 8x16
      text run at (0,384) width 8: "5"
    RenderBR {BR} at (8,397) size 0x0
    RenderText {#text} at (0,400) size 8x16
      text run at (0,400) width 8: "6"
    RenderBR {BR} at (8,413) size 0x0
    RenderText {#text} at (0,416) size 8x16
      text run at (0,416) width 8: "7"
    RenderBR {BR} at (8,429) size 0x0
    RenderText {#text} at (0,432) size 8x16
      text run at (0,432) width 8: "8"
    RenderBR {BR} at (8,445) size 0x0
    RenderText {#text} at (0,448) size 8x16
      text run at (0,448) width 8: "9"
    RenderBR {BR} at (8,461) size 0x0
    RenderText {#text} at (0,464) size 16x16
      text run at (0,464) width 16: "10"
    RenderBR {BR} at (16,477) size 0x0
    RenderText {#text} at (0,480) size 16x16
      text run at (0,480) width 16: "11"
    RenderBR {BR} at (16,493) size 0x0
    RenderText {#text} at (0,496) size 16x16
      text run at (0,496) width 16: "12"
    RenderBR {BR} at (16,509) size 0x0
    RenderText {#text} at (0,512) size 16x16
      text run at (0,512) width 16: "13"
    RenderBR {BR} at (16,525) size 0x0
    RenderText {#text} at (0,528) size 16x16
      text run at (0,528) width 16: "14"
    RenderBR {BR} at (16,541) size 0x0
    RenderText {#text} at (0,544) size 16x16
      text run at (0,544) width 16: "15"
    RenderBR {BR} at (16,557) size 0x0
    RenderText {#text} at (0,560) size 16x16
      text run at (0,560) width 16: "16"
    RenderBR {BR} at (16,573) size 0x0
    RenderText {#text} at (0,576) size 16x16
      text run at (0,576) width 16: "17"
    RenderBR {BR} at (16,589) size 0x0
    RenderText {#text} at (0,592) size 16x16
      text run at (0,592) width 16: "18"
    RenderBR {BR} at (16,605) size 0x0
    RenderText {#text} at (0,608) size 16x16
      text run at (0,608) width 16: "19"
    RenderBR {BR} at (16,621) size 0x0
    RenderText {#text} at (0,624) size 16x16
      text run at (0,624) width 16: "20"
    RenderBR {BR} at (16,637) size 0x0
    RenderText {#text} at (0,640) size 8x16
      text run at (0,640) width 8: "1"
    RenderBR {BR} at (8,653) size 0x0
    RenderText {#text} at (0,656) size 8x16
      text run at (0,656) width 8: "2"
    RenderBR {BR} at (8,669) size 0x0
    RenderText {#text} at (0,672) size 8x16
      text run at (0,672) width 8: "3"
    RenderBR {BR} at (8,685) size 0x0
    RenderText {#text} at (0,688) size 8x16
      text run at (0,688) width 8: "4"
    RenderBR {BR} at (8,701) size 0x0
    RenderText {#text} at (0,704) size 8x16
      text run at (0,704) width 8: "5"
    RenderBR {BR} at (8,717) size 0x0
    RenderText {#text} at (0,720) size 8x16
      text run at (0,720) width 8: "6"
    RenderBR {BR} at (8,733) size 0x0
    RenderText {#text} at (0,736) size 8x16
      text run at (0,736) width 8: "7"
    RenderBR {BR} at (8,749) size 0x0
    RenderText {#text} at (0,752) size 8x16
      text run at (0,752) width 8: "8"
    RenderBR {BR} at (8,765) size 0x0
    RenderText {#text} at (0,768) size 8x16
      text run at (0,768) width 8: "9"
    RenderBR {BR} at (8,781) size 0x0
    RenderText {#text} at (0,784) size 16x16
      text run at (0,784) width 16: "10"
    RenderBR {BR} at (16,797) size 0x0
    RenderText {#text} at (0,800) size 16x16
      text run at (0,800) width 16: "11"
    RenderBR {BR} at (16,813) size 0x0
    RenderText {#text} at (0,816) size 16x16
      text run at (0,816) width 16: "12"
    RenderBR {BR} at (16,829) size 0x0
    RenderText {#text} at (0,832) size 16x16
      text run at (0,832) width 16: "13"
    RenderBR {BR} at (16,845) size 0x0
    RenderText {#text} at (0,848) size 16x16
      text run at (0,848) width 16: "14"
    RenderBR {BR} at (16,861) size 0x0
    RenderText {#text} at (0,864) size 16x16
      text run at (0,864) width 16: "15"
    RenderBR {BR} at (16,877) size 0x0
    RenderText {#text} at (0,880) size 16x16
      text run at (0,880) width 16: "16"
    RenderBR {BR} at (16,893) size 0x0
    RenderText {#text} at (0,896) size 16x16
      text run at (0,896) width 16: "17"
    RenderBR {BR} at (16,909) size 0x0
    RenderText {#text} at (0,912) size 16x16
      text run at (0,912) width 16: "18"
    RenderBR {BR} at (16,925) size 0x0
    RenderText {#text} at (0,928) size 16x16
      text run at (0,928) width 16: "19"
    RenderBR {BR} at (16,941) size 0x0
    RenderText {#text} at (0,944) size 16x16
      text run at (0,944) width 16: "20"
    RenderBR {BR} at (16,957) size 0x0
    RenderText {#text} at (0,960) size 8x16
      text run at (0,960) width 8: "1"
    RenderBR {BR} at (8,973) size 0x0
    RenderText {#text} at (0,976) size 8x16
      text run at (0,976) width 8: "2"
    RenderBR {BR} at (8,989) size 0x0
    RenderText {#text} at (0,992) size 8x16
      text run at (0,992) width 8: "3"
    RenderBR {BR} at (8,1005) size 0x0
    RenderText {#text} at (0,1008) size 8x16
      text run at (0,1008) width 8: "4"
    RenderBR {BR} at (8,1021) size 0x0
    RenderText {#text} at (0,1024) size 8x16
      text run at (0,1024) width 8: "5"
    RenderBR {BR} at (8,1037) size 0x0
    RenderText {#text} at (0,1040) size 8x16
      text run at (0,1040) width 8: "6"
    RenderBR {BR} at (8,1053) size 0x0
    RenderText {#text} at (0,1056) size 8x16
      text run at (0,1056) width 8: "7"
    RenderBR {BR} at (8,1069) size 0x0
    RenderText {#text} at (0,1072) size 8x16
      text run at (0,1072) width 8: "8"
    RenderBR {BR} at (8,1085) size 0x0
    RenderText {#text} at (0,1088) size 8x16
      text run at (0,1088) width 8: "9"
    RenderBR {BR} at (8,1101) size 0x0
    RenderText {#text} at (0,1104) size 16x16
      text run at (0,1104) width 16: "10"
    RenderBR {BR} at (16,1117) size 0x0
    RenderText {#text} at (0,1120) size 16x16
      text run at (0,1120) width 16: "11"
    RenderBR {BR} at (16,1133) size 0x0
    RenderText {#text} at (0,1136) size 16x16
      text run at (0,1136) width 16: "12"
    RenderBR {BR} at (16,1149) size 0x0
    RenderText {#text} at (0,1152) size 16x16
      text run at (0,1152) width 16: "13"
    RenderBR {BR} at (16,1165) size 0x0
    RenderText {#text} at (0,1168) size 16x16
      text run at (0,1168) width 16: "14"
    RenderBR {BR} at (16,1181) size 0x0
    RenderText {#text} at (0,1184) size 16x16
      text run at (0,1184) width 16: "15"
    RenderBR {BR} at (16,1197) size 0x0
    RenderText {#text} at (0,1200) size 16x16
      text run at (0,1200) width 16: "16"
    RenderBR {BR} at (16,1213) size 0x0
    RenderText {#text} at (0,1216) size 16x16
      text run at (0,1216) width 16: "17"
    RenderBR {BR} at (16,1229) size 0x0
    RenderText {#text} at (0,1232) size 16x16
      text run at (0,1232) width 16: "18"
    RenderBR {BR} at (16,1245) size 0x0
    RenderText {#text} at (0,1248) size 16x16
      text run at (0,1248) width 16: "19"
    RenderBR {BR} at (16,1261) size 0x0
    RenderText {#text} at (0,1264) size 16x16
      text run at (0,1264) width 16: "20"
    RenderBR {BR} at (16,1277) size 0x0
    RenderText {#text} at (0,1280) size 8x16
      text run at (0,1280) width 8: "1"
    RenderBR {BR} at (8,1293) size 0x0
    RenderText {#text} at (0,1296) size 8x16
      text run at (0,1296) width 8: "2"
    RenderBR {BR} at (8,1309) size 0x0
    RenderText {#text} at (0,1312) size 8x16
      text run at (0,1312) width 8: "3"
    RenderBR {BR} at (8,1325) size 0x0
    RenderText {#text} at (0,1328) size 8x16
      text run at (0,1328) width 8: "4"
    RenderBR {BR} at (8,1341) size 0x0
    RenderText {#text} at (0,1344) size 8x16
      text run at (0,1344) width 8: "5"
    RenderBR {BR} at (8,1357) size 0x0
    RenderText {#text} at (0,1360) size 8x16
      text run at (0,1360) width 8: "6"
    RenderBR {BR} at (8,1373) size 0x0
    RenderText {#text} at (0,1376) size 8x16
      text run at (0,1376) width 8: "7"
    RenderBR {BR} at (8,1389) size 0x0
    RenderText {#text} at (0,1392) size 8x16
      text run at (0,1392) width 8: "8"
    RenderBR {BR} at (8,1405) size 0x0
    RenderText {#text} at (0,1408) size 8x16
      text run at (0,1408) width 8: "9"
    RenderBR {BR} at (8,1421) size 0x0
    RenderText {#text} at (0,1424) size 16x16
      text run at (0,1424) width 16: "10"
    RenderBR {BR} at (16,1437) size 0x0
    RenderText {#text} at (0,1440) size 16x16
      text run at (0,1440) width 16: "11"
    RenderBR {BR} at (16,1453) size 0x0
    RenderText {#text} at (0,1456) size 16x16
      text run at (0,1456) width 16: "12"
    RenderBR {BR} at (16,1469) size 0x0
    RenderText {#text} at (0,1472) size 16x16
      text run at (0,1472) width 16: "13"
    RenderBR {BR} at (16,1485) size 0x0
    RenderText {#text} at (0,1488) size 16x16
      text run at (0,1488) width 16: "14"
    RenderBR {BR} at (16,1501) size 0x0
    RenderText {#text} at (0,1504) size 16x16
      text run at (0,1504) width 16: "15"
    RenderBR {BR} at (16,1517) size 0x0
    RenderText {#text} at (0,1520) size 16x16
      text run at (0,1520) width 16: "16"
    RenderBR {BR} at (16,1533) size 0x0
    RenderText {#text} at (0,1536) size 16x16
      text run at (0,1536) width 16: "17"
    RenderBR {BR} at (16,1549) size 0x0
    RenderText {#text} at (0,1552) size 16x16
      text run at (0,1552) width 16: "18"
    RenderBR {BR} at (16,1565) size 0x0
    RenderText {#text} at (0,1568) size 16x16
      text run at (0,1568) width 16: "19"
    RenderBR {BR} at (16,1581) size 0x0
    RenderText {#text} at (0,1584) size 16x16
      text run at (0,1584) width 16: "20"
    RenderBR {BR} at (16,1597) size 0x0
    RenderText {#text} at (0,1600) size 8x16
      text run at (0,1600) width 8: "1"
    RenderBR {BR} at (8,1613) size 0x0
    RenderText {#text} at (0,1616) size 8x16
      text run at (0,1616) width 8: "2"
    RenderBR {BR} at (8,1629) size 0x0
    RenderText {#text} at (0,1632) size 8x16
      text run at (0,1632) width 8: "3"
    RenderBR {BR} at (8,1645) size 0x0
    RenderText {#text} at (0,1648) size 8x16
      text run at (0,1648) width 8: "4"
    RenderBR {BR} at (8,1661) size 0x0
    RenderText {#text} at (0,1664) size 8x16
      text run at (0,1664) width 8: "5"
    RenderBR {BR} at (8,1677) size 0x0
    RenderText {#text} at (0,1680) size 8x16
      text run at (0,1680) width 8: "6"
    RenderBR {BR} at (8,1693) size 0x0
    RenderText {#text} at (0,1696) size 8x16
      text run at (0,1696) width 8: "7"
    RenderBR {BR} at (8,1709) size 0x0
    RenderText {#text} at (0,1712) size 8x16
      text run at (0,1712) width 8: "8"
    RenderBR {BR} at (8,1725) size 0x0
    RenderText {#text} at (0,1728) size 8x16
      text run at (0,1728) width 8: "9"
    RenderBR {BR} at (8,1741) size 0x0
    RenderText {#text} at (0,1744) size 16x16
      text run at (0,1744) width 16: "10"
    RenderBR {BR} at (16,1757) size 0x0
    RenderText {#text} at (0,1760) size 16x16
      text run at (0,1760) width 16: "11"
    RenderBR {BR} at (16,1773) size 0x0
    RenderText {#text} at (0,1776) size 16x16
      text run at (0,1776) width 16: "12"
    RenderBR {BR} at (16,1789) size 0x0
    RenderText {#text} at (0,1792) size 16x16
      text run at (0,1792) width 16: "13"
    RenderBR {BR} at (16,1805) size 0x0
    RenderText {#text} at (0,1808) size 16x16
      text run at (0,1808) width 16: "14"
    RenderBR {BR} at (16,1821) size 0x0
    RenderText {#text} at (0,1824) size 16x16
      text run at (0,1824) width 16: "15"
    RenderBR {BR} at (16,1837) size 0x0
    RenderText {#text} at (0,1840) size 16x16
      text run at (0,1840) width 16: "16"
    RenderBR {BR} at (16,1853) size 0x0
    RenderText {#text} at (0,1856) size 16x16
      text run at (0,1856) width 16: "17"
    RenderBR {BR} at (16,1869) size 0x0
    RenderText {#text} at (0,1872) size 16x16
      text run at (0,1872) width 16: "18"
    RenderBR {BR} at (16,1885) size 0x0
    RenderText {#text} at (0,1888) size 16x16
      text run at (0,1888) width 16: "19"
    RenderBR {BR} at (16,1901) size 0x0
    RenderText {#text} at (0,1904) size 16x16
      text run at (0,1904) width 16: "20"
    RenderBR {BR} at (16,1917) size 0x0
