layer at (0,0) size 96x189
  RenderView at (0,0) size 96x26
layer at (0,0) size 96x26
  RenderBlock {HTML} at (0,0) size 96x26
    RenderBody {BODY} at (8,8) size 80x10
layer at (8,25) size 88x164
  RenderBlock (positioned) {DIV} at (8,25) size 88x164 [border: (2px solid #008000)]
    RenderInline {SPAN} at (0,0) size 0x0
      RenderText {#text} at (0,0) size 0x0
    RenderText {#text} at (0,0) size 0x0
    RenderInline {SPAN} at (0,0) size 0x0
      RenderText {#text} at (0,0) size 0x0
    RenderText {#text} at (0,0) size 0x0
    RenderInline {SPAN} at (0,0) size 0x0
      RenderText {#text} at (0,0) size 0x0
    RenderText {#text} at (0,0) size 0x0
    RenderInline {SPAN} at (0,0) size 0x0
      RenderText {#text} at (0,0) size 0x0
    RenderText {#text} at (0,0) size 0x0
    RenderInline {SPAN} at (0,0) size 0x0
      RenderText {#text} at (0,0) size 0x0
    RenderText {#text} at (0,0) size 0x0
    RenderInline {SPAN} at (0,0) size 0x0
      RenderText {#text} at (0,0) size 0x0
    RenderText {#text} at (0,0) size 0x0
    RenderInline {SPAN} at (0,0) size 0x0
      RenderText {#text} at (0,0) size 0x0
    RenderText {#text} at (0,0) size 0x0
    RenderInline {SPAN} at (0,0) size 0x0
      RenderText {#text} at (0,0) size 0x0
    RenderText {#text} at (0,0) size 0x0
    RenderInline {SPAN} at (0,0) size 0x0
      RenderText {#text} at (0,0) size 0x0
    RenderText {#text} at (0,0) size 0x0
    RenderInline {SPAN} at (0,0) size 0x0
      RenderText {#text} at (0,0) size 0x0
    RenderText {#text} at (0,0) size 0x0
    RenderInline {SPAN} at (0,0) size 0x0
      RenderText {#text} at (0,0) size 0x0
    RenderText {#text} at (0,0) size 0x0
    RenderInline {SPAN} at (0,0) size 0x0
      RenderText {#text} at (0,0) size 0x0
    RenderText {#text} at (0,0) size 0x0
    RenderInline {SPAN} at (0,0) size 0x0
      RenderText {#text} at (0,0) size 0x0
    RenderText {#text} at (0,0) size 0x0
    RenderInline {SPAN} at (0,0) size 0x0
      RenderText {#text} at (0,0) size 0x0
    RenderText {#text} at (0,0) size 0x0
    RenderInline {SPAN} at (0,0) size 0x0
      RenderText {#text} at (0,0) size 0x0
    RenderText {#text} at (0,0) size 0x0
    RenderInline {SPAN} at (0,0) size 0x0
      RenderText {#text} at (0,0) size 0x0
    RenderText {#text} at (0,0) size 0x0
    RenderInline {SPAN} at (0,0) size 0x0
      RenderText {#text} at (0,0) size 0x0
    RenderInline {SPAN} at (0,0) size 74x160
      RenderText {#text} at (2,2) size 74x160
        text run at (2,2) width 66: "The green"
        text run at (2,18) width 41: "border"
        text run at (2,34) width 56: "should fit"
        text run at (2,50) width 65: "snugly. No"
        text run at (2,66) width 74: "extra space"
        text run at (2,82) width 41: "should"
        text run at (2,98) width 45: "appear"
        text run at (2,114) width 57: "before or"
        text run at (2,130) width 55: "after this"
        text run at (2,146) width 26: "text."
    RenderText {#text} at (0,0) size 0x0
