layer at (0,0) size 800x600
  RenderView at (0,0) size 800x600
layer at (0,0) size 800x600
  RenderBlock {HTML} at (0,0) size 800x600
    RenderBody {BODY} at (8,8) size 784x578
      RenderBlock {P} at (0,0) size 784x16
        RenderText {#text} at (0,0) size 586x16
          text run at (0,0) width 356: "In this test case you should only see one line green text. "
          text run at (356,0) width 230: "If there is any red the test has failed."
layer at (8,38) size 125x16
  RenderBlock (positioned) {DIV} at (0,0) size 125x16 [color=#008000]
    RenderText {#text} at (0,0) size 125x16
      text run at (0,0) width 125: "You should see this."
