layer at (0,0) size 608x196
  RenderView at (0,0) size 96x26
layer at (0,0) size 608x196
  RenderBlock {HTML} at (0,0) size 96x196
    RenderBody {BODY} at (8,8) size 80x174
      RenderBlock {P} at (0,0) size 80x144
        RenderText {#text} at (0,0) size 75x80
          text run at (0,0) width 61: "The black"
          text run at (0,16) width 67: "outline box"
          text run at (0,32) width 41: "should"
          text run at (0,48) width 75: "stretch from"
          text run at (0,64) width 47: "the left "
        RenderInline {SPAN} at (0,0) size 25x16 [color=#0000FF]
          RenderText {#text} at (47,64) size 25x16
            text run at (47,64) width 25: "blue"
        RenderText {#text} at (0,80) size 60x32
          text run at (0,80) width 60: "border, to"
          text run at (0,96) width 52: "the right"
        RenderInline {SPAN} at (0,0) size 45x16 [color=#FFA500]
          RenderText {#text} at (0,112) size 45x16
            text run at (0,112) width 45: "orange"
        RenderText {#text} at (0,128) size 44x16
          text run at (0,128) width 44: "border."
      RenderBlock {P} at (0,158) size 600x16
        RenderText {#text} at (0,0) size 180x16
          text run at (0,0) width 180: "ILorem ipsum dolor sit amet, "
        RenderText {#text} at (414,0) size 172x16
          text run at (414,0) width 172: "irure dolor in reprehenderit."
layer at (8,166) size 214x18
  RenderInline (relative positioned) {SPAN} at (0,0) size 214x18 [bgcolor=#008000] [border: (1px solid #808080) (20px solid #FFA500) (1px solid #808080) (20px solid #0000FF)]
    RenderText {#text} at (220,0) size 94x16
      text run at (220,0) width 94: "con a pariatur. "
    RenderText {#text} at (314,0) size 60x16
      text run at (314,0) width 60: "duis aute "
layer at (218,166) size 174x16
  RenderBlock (positioned) {DIV} at (20,1) size 174x16
