layer at (0,0) size 800x600
  RenderView at (0,0) size 800x600
layer at (0,0) size 800x600
  RenderBlock {HTML} at (0,0) size 800x600
    RenderBody {BODY} at (8,8) size 784x578
      RenderBlock {P} at (0,0) size 784x32
        RenderText {#text} at (0,0) size 653x16
          text run at (0,0) width 653: "The black outline box should be a 50px by 50px square with its bottom right corner anchored to the right "
        RenderInline {SPAN} at (0,0) size 45x16 [color=#FFA500]
          RenderText {#text} at (653,0) size 45x16
            text run at (653,0) width 45: "orange"
        RenderText {#text} at (698,0) size 763x32
          text run at (698,0) width 65: " border on"
          text run at (0,16) width 81: "the third line."
      RenderBlock {P} at (0,46) size 600x64
        RenderText {#text} at (0,0) size 180x16
          text run at (0,0) width 180: "ILorem ipsum dolor sit amet, "
        RenderText {#text} at (496,32) size 584x32
          text run at (496,32) width 88: "duis aute irure"
          text run at (0,48) width 245: "dolor in reprehenderit in voluptate velit."
layer at (8,54) size 573x50
  RenderInline (relative positioned) {SPAN} at (0,0) size 573x50 [bgcolor=#008000] [border: (1px solid #808080) (20px solid #FFA500) (1px solid #808080) (20px solid #0000FF)]
    RenderText {#text} at (220,0) size 553x32
      text run at (220,0) width 333: "con a pariatur. Excepteur sint occaecat cupidatat non"
      text run at (0,16) width 355: "proident, sunt in culp qui officia deserunt mollit animequs "
    RenderText {#text} at (355,16) size 573x32
      text run at (355,16) width 218: "ILOREM ipsum dol sDuis aute irure"
      text run at (0,32) width 456: "dolor in reprehenderit in voluptate velit esse cillum dolore eu fugiat nullat "
layer at (424,52) size 50x50
  RenderBlock (positioned) {DIV} at (226,-1) size 50x50
