layer at (0,0) size 312x118
  RenderView at (0,0) size 96x26
layer at (0,0) size 96x118
  RenderBlock {HTML} at (0,0) size 96x118
    RenderBody {BODY} at (8,8) size 80x96
      RenderBlock {P} at (0,0) size 80x96
        RenderText {#text} at (0,0) size 75x96
          text run at (0,0) width 61: "The inner"
          text run at (0,16) width 51: "blue box"
          text run at (0,32) width 60: "should be"
          text run at (0,48) width 69: "50% as tall"
          text run at (0,64) width 75: "as the outer"
          text run at (0,80) width 68: "yellow box."
layer at (8,30) size 304x6
  RenderBlock (positioned) {DIV} at (8,30) size 304x4 [bgcolor=#FFFF00] [border: (2px dashed #000000)]
    RenderBlock {DIV} at (2,2) size 300x4 [bgcolor=#0000FF] [border: (2px dashed #000000)]
