layer at (0,0) size 286x685
  RenderView at (0,0) size 96x26
layer at (0,0) size 286x685
  RenderBlock {HTML} at (0,0) size 96x685
    RenderBody {BODY} at (8,8) size 80x669
      RenderBlock {P} at (0,0) size 80x288
        RenderText {#text} at (0,0) size 67x64
          text run at (0,0) width 61: "This tests"
          text run at (0,16) width 29: "for a"
          text run at (0,32) width 67: "regression"
          text run at (0,48) width 46: "against"
        RenderInline {I} at (0,0) size 278x224
          RenderInline {A} at (0,0) size 278x32 [color=#0000EE]
            RenderText {#text} at (0,64) size 278x32
              text run at (0,64) width 278: "http://bugzilla.opendarwin.org/show_bug.cgi?"
              text run at (0,80) width 52: "id=6881"
          RenderText {#text} at (0,96) size 104x192
            text run at (0,96) width 63: "Block with"
            text run at (0,112) width 104: "position:absolute"
            text run at (0,128) width 53: "bottom:0"
            text run at (0,144) width 46: "doesn't"
            text run at (0,160) width 43: "always"
            text run at (0,176) width 72: "move when"
            text run at (0,192) width 55: "height of"
            text run at (0,208) width 65: "containing"
            text run at (0,224) width 32: "block"
            text run at (0,240) width 54: "changes"
            text run at (0,256) width 47: "(affects"
            text run at (0,272) width 74: "Safari RSS)"
        RenderText {#text} at (74,272) size 3x16
          text run at (74,272) width 3: "."
      RenderBlock {P} at (0,302) size 80x128
        RenderText {#text} at (0,0) size 79x128
          text run at (0,0) width 79: "The squares"
          text run at (0,16) width 36: "below"
          text run at (0,32) width 76: "should have"
          text run at (0,48) width 56: "blue tops"
          text run at (0,64) width 65: "and green"
          text run at (0,80) width 76: "bottoms, not"
          text run at (0,96) width 57: "the other"
          text run at (0,112) width 76: "way around."
      RenderBlock {HR} at (0,444) size 80x2 [border: (1px inset #000000)]
      RenderBlock (anonymous) at (0,553) size 80x16
        RenderBR {BR} at (0,0) size 0x16
layer at (8,461) size 100x100
  RenderBlock (relative positioned) {DIV} at (0,453) size 80x100
    RenderBlock {DIV} at (0,0) size 100x100 [bgcolor=#87CEEB]
layer at (8,511) size 100x50
  RenderBlock (positioned) {DIV} at (0,50) size 100x50 [bgcolor=#90EE90]
layer at (8,577) size 100x100
  RenderFlexibleBox (relative positioned) {DIV} at (0,569) size 80x100
    RenderBlock {DIV} at (0,0) size 100x100 [bgcolor=#87CEEB]
layer at (8,627) size 100x50
  RenderBlock (positioned) {DIV} at (0,50) size 100x50 [bgcolor=#90EE90]
