layer at (0,0) size 458x496
  RenderView at (0,0) size 96x26
layer at (0,0) size 308x496
  RenderBlock {HTML} at (0,0) size 96x496
    RenderBody {BODY} at (8,8) size 80x480
      RenderBlock (anonymous) at (0,0) size 80x80
        RenderText {#text} at (0,0) size 61x80
          text run at (0,0) width 61: "If you see"
          text run at (0,16) width 48: "any red"
          text run at (0,32) width 60: "below the"
          text run at (0,48) width 50: "test has"
          text run at (0,64) width 37: "failed."
layer at (8,88) size 300x400
  RenderBlock (relative positioned) {DIV} at (0,80) size 300x400 [bgcolor=#FF0000]
    RenderTable {TABLE} at (0,0) size 250x400 [bgcolor=#008000]
      RenderTableSection {TBODY} at (0,0) size 250x400
        RenderTableRow {TR} at (0,0) size 250x400
          RenderTableCell {TD} at (0,200) size 250x0 [r=0 c=0 rs=1 cs=1]
layer at (258,88) size 200x400
  RenderBlock (positioned) {DIV} at (250,0) size 200x400 [bgcolor=#008000]
