layer at (0,0) size 800x600
  RenderView at (0,0) size 800x600
layer at (0,0) size 800x600
  RenderBlock {HTML} at (0,0) size 800x600
    RenderBody {BODY} at (8,8) size 784x584
      RenderBlock {P} at (0,0) size 784x32
        RenderText {#text} at (0,0) size 219x16
          text run at (0,0) width 219: "This tests for a regression against "
        RenderInline {I} at (0,0) size 740x32
          RenderInline {A} at (0,0) size 330x16 [color=#0000EE]
            RenderText {#text} at (219,0) size 330x16
              text run at (219,0) width 330: "http://bugzilla.opendarwin.org/show_bug.cgi?id=7095"
          RenderText {#text} at (549,0) size 740x32
            text run at (549,0) width 4: " "
            text run at (553,0) width 187: "Removing positioning from an"
            text run at (0,16) width 219: "element does not relayout properly"
        RenderText {#text} at (219,16) size 3x16
          text run at (219,16) width 3: "."
      RenderBlock {P} at (0,46) size 784x16
        RenderText {#text} at (0,0) size 373x16
          text run at (0,0) width 373: "The green square should be to the left of the yellow square."
      RenderBlock {HR} at (0,76) size 784x2 [border: (1px inset #000000)]
layer at (8,93) size 200x100
  RenderBlock (relative positioned) {DIV} at (0,85) size 200x100 [bgcolor=#FFFF00]
    RenderBlock {DIV} at (0,0) size 100x100 [bgcolor=#008000]
