layer at (0,0) size 784x762
  RenderView at (0,0) size 784x600
layer at (0,0) size 784x762
  RenderBlock {HTML} at (0,0) size 784x762
    RenderBody {BODY} at (8,8) size 768x738 [color=#333333] [bgcolor=#FFFFFF]
      RenderTable {TABLE} at (0,0) size 636x709 [border: (1px outset #808080)]
        RenderTableSection {TBODY} at (1,1) size 634x707
          RenderTableRow {TR} at (0,0) size 634x24
            RenderTableCell {TD} at (0,0) size 148x707 [bgcolor=#660000] [border: (1px inset #808080)] [r=0 c=0 rs=6 cs=1]
              RenderInline {B} at (0,0) size 64x22
                RenderInline {A} at (0,0) size 64x22
                  RenderInline {FONT} at (0,0) size 64x17 [color=#FFFFFF]
                    RenderText {#text} at (4,4) size 64x17
                      text run at (4,4) width 64: "MARKETS"
                  RenderBR {BR} at (68,17) size 0x0
              RenderText {#text} at (0,0) size 0x0
              RenderInline {A} at (0,0) size 32x22
                RenderInline {FONT} at (0,0) size 32x17 [color=#FFFFFF]
                  RenderText {#text} at (4,21) size 32x17
                    text run at (4,21) width 32: "News"
                RenderBR {BR} at (36,34) size 0x0
              RenderText {#text} at (0,0) size 0x0
              RenderInline {A} at (0,0) size 41x22
                RenderInline {FONT} at (0,0) size 41x17 [color=#FFFFFF]
                  RenderText {#text} at (4,38) size 41x17
                    text run at (4,38) width 41: "Stocks"
                RenderBR {BR} at (45,51) size 0x0
              RenderText {#text} at (0,0) size 0x0
              RenderInline {A} at (0,0) size 74x22
                RenderInline {FONT} at (0,0) size 74x17 [color=#FFFFFF]
                  RenderText {#text} at (4,55) size 74x17
                    text run at (4,55) width 74: "Tech Stocks"
                RenderBR {BR} at (78,68) size 0x0
              RenderText {#text} at (0,0) size 0x0
              RenderInline {A} at (0,0) size 117x22
                RenderInline {FONT} at (0,0) size 117x17 [color=#FFFFFF]
                  RenderText {#text} at (4,72) size 117x17
                    text run at (4,72) width 117: "Stocks on the Move"
                RenderBR {BR} at (121,85) size 0x0
              RenderText {#text} at (0,0) size 0x0
              RenderInline {A} at (0,0) size 65x22
                RenderInline {FONT} at (0,0) size 65x17 [color=#FFFFFF]
                  RenderText {#text} at (4,89) size 65x17
                    text run at (4,89) width 65: "IPO Center"
                RenderBR {BR} at (69,102) size 0x0
              RenderText {#text} at (0,0) size 0x0
              RenderInline {A} at (0,0) size 79x22
                RenderInline {FONT} at (0,0) size 79x17 [color=#FFFFFF]
                  RenderText {#text} at (4,106) size 79x17
                    text run at (4,106) width 79: "World Indices"
                RenderBR {BR} at (83,119) size 0x0
              RenderText {#text} at (0,0) size 0x0
              RenderInline {A} at (0,0) size 88x22
                RenderInline {FONT} at (0,0) size 88x17 [color=#FFFFFF]
                  RenderInline {NOBR} at (0,0) size 88x17
                    RenderText {#text} at (4,123) size 88x17
                      text run at (4,123) width 88: "Rates & Bonds"
                RenderBR {BR} at (92,136) size 0x0
              RenderText {#text} at (0,0) size 0x0
              RenderInline {A} at (0,0) size 91x22
                RenderInline {FONT} at (0,0) size 91x17 [color=#FFFFFF]
                  RenderText {#text} at (4,140) size 91x17
                    text run at (4,140) width 91: "U.S. Treasuries"
                RenderBR {BR} at (95,153) size 0x0
              RenderText {#text} at (0,0) size 0x0
              RenderInline {A} at (0,0) size 62x22
                RenderInline {FONT} at (0,0) size 62x17 [color=#FFFFFF]
                  RenderText {#text} at (4,157) size 62x17
                    text run at (4,157) width 62: "Currencies"
                RenderBR {BR} at (66,170) size 0x0
              RenderText {#text} at (0,0) size 0x0
              RenderInline {A} at (0,0) size 114x22
                RenderInline {FONT} at (0,0) size 114x17 [color=#FFFFFF]
                  RenderText {#text} at (4,174) size 114x17
                    text run at (4,174) width 114: "Currency Calculator"
                RenderBR {BR} at (118,187) size 0x0
              RenderText {#text} at (0,0) size 0x0
              RenderInline {A} at (0,0) size 76x22
                RenderInline {FONT} at (0,0) size 76x17 [color=#FFFFFF]
                  RenderText {#text} at (4,191) size 76x17
                    text run at (4,191) width 76: "Commodities"
                RenderBR {BR} at (80,204) size 0x0
              RenderText {#text} at (0,0) size 0x0
              RenderBR {BR} at (4,208) size 0x22
              RenderInline {B} at (0,0) size 48x22
                RenderInline {A} at (0,0) size 48x22
                  RenderInline {FONT} at (0,0) size 48x17 [color=#FFFFFF]
                    RenderText {#text} at (4,230) size 48x17
                      text run at (4,230) width 48: "MONEY"
                  RenderBR {BR} at (52,243) size 0x0
              RenderText {#text} at (0,0) size 0x0
              RenderInline {A} at (0,0) size 79x22
                RenderInline {FONT} at (0,0) size 79x17 [color=#FFFFFF]
                  RenderText {#text} at (4,247) size 79x17
                    text run at (4,247) width 79: "Mutual Funds"
                RenderBR {BR} at (83,260) size 0x0
              RenderText {#text} at (0,0) size 0x0
              RenderInline {A} at (0,0) size 48x22
                RenderInline {FONT} at (0,0) size 48x17 [color=#FFFFFF]
                  RenderText {#text} at (4,264) size 48x17
                    text run at (4,264) width 48: "Portfolio"
                RenderBR {BR} at (52,277) size 0x0
              RenderText {#text} at (0,0) size 0x0
              RenderInline {A} at (0,0) size 70x22
                RenderInline {FONT} at (0,0) size 70x17 [color=#FFFFFF]
                  RenderText {#text} at (4,281) size 70x17
                    text run at (4,281) width 70: "Loan Center"
                RenderBR {BR} at (74,294) size 0x0
              RenderText {#text} at (0,0) size 0x0
              RenderInline {A} at (0,0) size 116x22
                RenderInline {FONT} at (0,0) size 116x17 [color=#FFFFFF]
                  RenderText {#text} at (4,298) size 116x17
                    text run at (4,298) width 116: "Mortgage Calculator"
                RenderBR {BR} at (120,311) size 0x0
              RenderText {#text} at (0,0) size 0x0
              RenderInline {A} at (0,0) size 53x22
                RenderInline {FONT} at (0,0) size 53x17 [color=#FFFFFF]
                  RenderText {#text} at (4,315) size 53x17
                    text run at (4,315) width 53: "Investing"
                RenderBR {BR} at (57,328) size 0x0
              RenderText {#text} at (0,0) size 0x0
              RenderInline {A} at (0,0) size 63x22
                RenderInline {FONT} at (0,0) size 63x17 [color=#FFFFFF]
                  RenderText {#text} at (4,332) size 63x17
                    text run at (4,332) width 63: "Retirement"
                RenderBR {BR} at (67,345) size 0x0
              RenderText {#text} at (0,0) size 0x0
              RenderInline {A} at (0,0) size 120x22
                RenderInline {FONT} at (0,0) size 120x17 [color=#FFFFFF]
                  RenderText {#text} at (4,349) size 120x17
                    text run at (4,349) width 120: "Negocios Bloomberg"
                RenderBR {BR} at (124,362) size 0x0
              RenderText {#text} at (0,0) size 0x0
              RenderBR {BR} at (4,366) size 0x22
              RenderInline {B} at (0,0) size 78x22
                RenderInline {A} at (0,0) size 78x22
                  RenderInline {FONT} at (0,0) size 78x17 [color=#FFFFFF]
                    RenderText {#text} at (4,388) size 78x17
                      text run at (4,388) width 78: "MAGAZINES"
                  RenderBR {BR} at (82,401) size 0x0
              RenderText {#text} at (0,0) size 0x0
              RenderInline {A} at (0,0) size 101x22
                RenderInline {FONT} at (0,0) size 101x17 [color=#FFFFFF]
                  RenderText {#text} at (4,405) size 101x17
                    text run at (4,405) width 101: "Personal Finance"
                RenderBR {BR} at (105,418) size 0x0
              RenderText {#text} at (0,0) size 0x0
              RenderInline {A} at (0,0) size 94x22
                RenderInline {FONT} at (0,0) size 94x17 [color=#FFFFFF]
                  RenderText {#text} at (4,422) size 94x17
                    text run at (4,422) width 94: "Wealth Manager"
                RenderBR {BR} at (98,435) size 0x0
              RenderText {#text} at (0,0) size 0x0
              RenderBR {BR} at (4,439) size 0x22
              RenderInline {FONT} at (0,0) size 124x17 [color=#FFFFFF]
                RenderInline {B} at (0,0) size 124x17
                  RenderText {#text} at (4,461) size 124x17
                    text run at (4,461) width 124: "BUSINESS CENTER"
                RenderBR {BR} at (128,474) size 0x0
              RenderText {#text} at (0,0) size 0x0
              RenderInline {A} at (0,0) size 91x22
                RenderInline {FONT} at (0,0) size 91x17 [color=#FFFFFF]
                  RenderText {#text} at (4,478) size 91x17
                    text run at (4,478) width 91: "Small Business"
                RenderBR {BR} at (95,491) size 0x0
              RenderText {#text} at (0,0) size 0x0
              RenderBR {BR} at (4,495) size 0x22
              RenderInline {B} at (0,0) size 63x22
                RenderInline {A} at (0,0) size 63x22
                  RenderInline {FONT} at (0,0) size 63x17 [color=#FFFFFF]
                    RenderText {#text} at (4,517) size 63x17
                      text run at (4,517) width 63: "CAREERS"
                  RenderBR {BR} at (67,530) size 0x0
              RenderText {#text} at (0,0) size 0x0
              RenderBR {BR} at (4,534) size 0x22
              RenderInline {B} at (0,0) size 29x22
                RenderInline {A} at (0,0) size 29x22
                  RenderInline {FONT} at (0,0) size 29x17 [color=#FFFFFF]
                    RenderText {#text} at (4,556) size 29x17
                      text run at (4,556) width 29: "LIFE"
                  RenderBR {BR} at (33,569) size 0x0
              RenderText {#text} at (0,0) size 0x0
              RenderInline {A} at (0,0) size 98x22
                RenderInline {FONT} at (0,0) size 98x17 [color=#FFFFFF]
                  RenderText {#text} at (4,573) size 98x17
                    text run at (4,573) width 98: "The Finer Things"
                RenderBR {BR} at (102,586) size 0x0
              RenderText {#text} at (0,0) size 0x0
              RenderInline {A} at (0,0) size 38x22
                RenderInline {FONT} at (0,0) size 38x17 [color=#FFFFFF]
                  RenderText {#text} at (4,590) size 38x17
                    text run at (4,590) width 38: "Sports"
                RenderBR {BR} at (42,603) size 0x0
              RenderText {#text} at (0,0) size 0x0
              RenderInline {A} at (0,0) size 74x22
                RenderInline {FONT} at (0,0) size 74x17 [color=#FFFFFF]
                  RenderText {#text} at (4,607) size 74x17
                    text run at (4,607) width 74: "Charlie Rose"
                RenderBR {BR} at (78,620) size 0x0
              RenderText {#text} at (0,0) size 0x0
              RenderInline {A} at (0,0) size 76x22
                RenderInline {FONT} at (0,0) size 76x17 [color=#FFFFFF]
                  RenderText {#text} at (4,624) size 76x17
                    text run at (4,624) width 76: "B-Commerce"
                RenderBR {BR} at (80,637) size 0x0
              RenderBR {BR} at (4,641) size 0x22
              RenderImage {IMG} at (4,663) size 140x1
              RenderBR {BR} at (144,664) size 0x0
              RenderInline {A} at (0,0) size 74x22
                RenderInline {FONT} at (0,0) size 74x17 [color=#FFFFFF]
                  RenderText {#text} at (4,664) size 74x17
                    text run at (4,664) width 74: "To Advertise"
                RenderBR {BR} at (78,677) size 0x0
              RenderBR {BR} at (4,681) size 0x22
            RenderTableCell {TD} at (148,0) size 486x24 [bgcolor=#660000] [border: (1px inset #808080)] [r=0 c=1 rs=1 cs=3]
              RenderImage {IMG} at (11,4) size 465x16
          RenderTableRow {TR} at (0,24) size 634x69
            RenderTableCell {TD} at (148,24) size 128x69 [border: (1px inset #808080)] [r=1 c=1 rs=1 cs=1]
              RenderInline {A} at (0,0) size 120x22
                RenderText {#text} at (0,0) size 0x0
                RenderImage {IMG} at (4,4) size 120x60
              RenderText {#text} at (0,0) size 0x0
              RenderText {#text} at (0,0) size 0x0
              RenderImage {IMG} at (4,64) size 120x1
            RenderTableCell {TD} at (276,24) size 175x69 [border: (1px inset #808080)] [r=1 c=2 rs=1 cs=1]
              RenderInline {A} at (0,0) size 167x22
                RenderText {#text} at (0,0) size 0x0
                RenderImage {IMG} at (4,4) size 167x60
              RenderText {#text} at (0,0) size 0x0
              RenderText {#text} at (0,0) size 0x0
              RenderImage {IMG} at (4,64) size 167x1
            RenderTableCell {TD} at (451,24) size 183x537 [bgcolor=#CCCC99] [border: (1px inset #808080)] [r=1 c=3 rs=6 cs=1]
              RenderBlock (anonymous) at (4,4) size 175x30
                RenderInline {FONT} at (0,0) size 143x14
                  RenderInline {FONT} at (0,0) size 143x13
                    RenderInline {SPAN} at (0,0) size 143x13
                      RenderText {#text} at (16,0) size 143x13
                        text run at (16,0) width 143: "Tue, 27 Jul 1999, 2:47pm EDT"
                      RenderBR {BR} at (159,10) size 0x0
                RenderText {#text} at (0,0) size 0x0
                RenderInline {FONT} at (0,0) size 105x17 [color=#000000]
                  RenderInline {B} at (0,0) size 105x17
                    RenderInline {SPAN} at (0,0) size 105x17
                      RenderText {#text} at (35,13) size 105x17
                        text run at (35,13) width 105: "Market Snapshot"
                      RenderBR {BR} at (139,26) size 1x0
                RenderText {#text} at (0,0) size 0x0
              RenderBlock {CENTER} at (4,34) size 175x499
                RenderInline {A} at (0,0) size 175x22
                  RenderImage {IMG} at (0,0) size 175x270
                RenderText {#text} at (0,0) size 0x0
                RenderText {#text} at (0,0) size 0x0
                RenderInline {A} at (0,0) size 161x22
                  RenderText {#text} at (0,0) size 0x0
                  RenderImage {IMG} at (7,270) size 161x30
                RenderText {#text} at (0,0) size 0x0
                RenderText {#text} at (0,0) size 0x0
                RenderInline {FONT} at (0,0) size 149x17 [color=#000000]
                  RenderInline {B} at (0,0) size 149x17
                    RenderInline {SPAN} at (0,0) size 149x17
                      RenderText {#text} at (13,300) size 149x17
                        text run at (13,300) width 149: "Financial Market Update"
                      RenderBR {BR} at (162,313) size 0x0
                RenderText {#text} at (0,0) size 0x0
                RenderInline {FONT} at (0,0) size 85x13
                  RenderInline {A} at (0,0) size 32x13
                    RenderText {#text} at (45,317) size 32x13
                      text run at (45,317) width 32: "AUDIO"
                  RenderText {#text} at (77,317) size 18x13
                    text run at (77,317) width 18: "  |   "
                  RenderInline {A} at (0,0) size 32x13
                    RenderText {#text} at (95,317) size 32x13
                      text run at (95,317) width 32: "VIDEO"
                  RenderText {#text} at (127,317) size 3x13
                    text run at (127,317) width 3: " "
                RenderText {#text} at (0,0) size 0x0
                RenderBR {BR} at (0,0) size 0x0
                RenderBR {BR} at (87,330) size 1x22
                RenderBR {BR} at (87,352) size 1x22
                RenderInline {A} at (0,0) size 125x22
                  RenderText {#text} at (0,0) size 0x0
                  RenderImage {IMG} at (25,374) size 125x125
                RenderText {#text} at (0,0) size 0x0
                RenderText {#text} at (0,0) size 0x0
          RenderTableRow {TR} at (0,93) size 634x140
            RenderTableCell {TD} at (148,93) size 303x140 [bgcolor=#FFFFFF] [border: (1px inset #808080)] [r=2 c=1 rs=1 cs=2]
              RenderInline {A} at (0,0) size 0x0
                RenderImage {IMG} at (4,4) size 288x26
              RenderBR {BR} at (295,4) size 0x22
              RenderBR {BR} at (295,26) size 0x22
              RenderInline {A} at (0,0) size 291x66
                RenderInline {SPAN} at (0,0) size 291x66
                  RenderText {#text} at (4,48) size 291x66
                    text run at (4,48) width 283: "Looking for a new approach to investing?"
                    text run at (4,70) width 291: "How about a portfolio where every holding"
                    text run at (4,92) width 221: "has a word for its stock symbol? "
              RenderBR {BR} at (0,0) size 0x0
              RenderInline {SPAN} at (0,0) size 49x22
                RenderInline {A} at (0,0) size 49x22
                  RenderText {#text} at (4,114) size 49x22
                    text run at (4,114) width 49: "More..."
              RenderText {#text} at (0,0) size 0x0
          RenderTableRow {TR} at (0,233) size 634x349
            RenderTableCell {TD} at (148,233) size 303x349 [bgcolor=#C0C0C0] [border: (1px inset #808080)] [r=3 c=1 rs=1 cs=2]
              RenderImage {IMG} at (4,4) size 290x35
              RenderBR {BR} at (294,39) size 0x0
              RenderInline {A} at (0,0) size 249x22
                RenderInline {FONT} at (0,0) size 249x17
                  RenderInline {SPAN} at (0,0) size 249x17
                    RenderInline {STRON} at (0,0) size 249x17
                      RenderInline {U} at (0,0) size 249x17
                        RenderText {#text} at (4,39) size 249x17
                          text run at (4,39) width 249: "Use BLOOMBERG.com to Find a New Job"
              RenderBR {BR} at (253,52) size 0x0
              RenderInline {FONT} at (0,0) size 282x68
                RenderInline {SPAN} at (0,0) size 282x68
                  RenderText {#text} at (4,56) size 282x68
                    text run at (4,56) width 280: "Whether you know what you're looking for or just"
                    text run at (4,73) width 275: "know you're looking, the new career page offers"
                    text run at (4,90) width 282: "better searches, news, and calculators than ever"
                    text run at (4,107) width 40: "before."
              RenderBR {BR} at (44,120) size 0x0
              RenderInline {A} at (0,0) size 215x22
                RenderInline {FONT} at (0,0) size 215x17
                  RenderInline {SPAN} at (0,0) size 215x17
                    RenderInline {STRONG} at (0,0) size 215x17
                      RenderInline {U} at (0,0) size 215x17
                        RenderText {#text} at (4,124) size 215x17
                          text run at (4,124) width 215: "Bloomberg News on Rocket eBook"
              RenderBR {BR} at (219,137) size 0x0
              RenderInline {FONT} at (0,0) size 292x85
                RenderInline {SPAN} at (0,0) size 292x85
                  RenderText {#text} at (4,141) size 292x85
                    text run at (4,141) width 285: "Bloomberg's Top Financial News is now available"
                    text run at (4,158) width 235: "for download on your Rocket eBook. Get"
                    text run at (4,175) width 292: "tomorrow's news today with Bloomberg's summary"
                    text run at (4,192) width 233: "of the day's top stories. Bloomberg daily"
                    text run at (4,209) width 259: "RocketEditions are FREE until September 1."
              RenderBR {BR} at (263,222) size 0x0
              RenderInline {A} at (0,0) size 144x22
                RenderInline {FONT} at (0,0) size 144x17
                  RenderInline {SPAN} at (0,0) size 144x17
                    RenderInline {STRONG} at (0,0) size 144x17
                      RenderInline {U} at (0,0) size 144x17
                        RenderText {#text} at (4,226) size 144x17
                          text run at (4,226) width 144: "Bloomberg News to Go"
              RenderBR {BR} at (148,239) size 0x0
              RenderInline {FONT} at (0,0) size 294x51
                RenderInline {SPAN} at (0,0) size 294x51
                  RenderText {#text} at (4,243) size 294x51
                    text run at (4,243) width 165: "Get tomorrow's news today. "
                    text run at (169,243) width 125: "FREE weekday email"
                    text run at (4,260) width 294: "report of the top stories in business & finance from"
                    text run at (4,277) width 205: "BLOOMBERG NEWS at 5pm EST."
              RenderBR {BR} at (209,290) size 0x0
              RenderInline {A} at (0,0) size 179x22
                RenderInline {FONT} at (0,0) size 179x17
                  RenderInline {SPAN} at (0,0) size 179x17
                    RenderInline {STRONG} at (0,0) size 179x17
                      RenderInline {U} at (0,0) size 179x17
                        RenderText {#text} at (4,294) size 179x17
                          text run at (4,294) width 179: "Bloomberg Year 2000 Letters"
              RenderBR {BR} at (183,307) size 0x0
              RenderInline {FONT} at (0,0) size 284x34
                RenderInline {SPAN} at (0,0) size 284x34
                  RenderText {#text} at (4,311) size 284x34
                    text run at (4,311) width 284: "For Y2K information on BLOOMBERG, download"
                    text run at (4,328) width 147: "our customer letters now."
              RenderBR {BR} at (151,341) size 0x0
      RenderBlock {P} at (0,725) size 768x13
        RenderInline {FONT} at (0,0) size 424x13
          RenderText {#text} at (0,0) size 197x13
            text run at (0,0) width 197: "\x{A9}1999 Bloomberg L.P. All rights reserved. "
          RenderInline {A} at (0,0) size 77x13
            RenderText {#text} at (197,0) size 77x13
              text run at (197,0) width 77: "Terms of Service"
          RenderText {#text} at (274,0) size 6x13
            text run at (274,0) width 6: ", "
          RenderInline {A} at (0,0) size 63x13
            RenderText {#text} at (280,0) size 63x13
              text run at (280,0) width 63: "Privacy Policy"
          RenderText {#text} at (343,0) size 24x13
            text run at (343,0) width 24: " and "
          RenderInline {A} at (0,0) size 54x13
            RenderText {#text} at (367,0) size 54x13
              text run at (367,0) width 54: "Trademarks"
          RenderText {#text} at (421,0) size 3x13
            text run at (421,0) width 3: "."
        RenderText {#text} at (0,0) size 0x0
