layer at (0,0) size 784x643
  RenderView at (0,0) size 784x600
layer at (0,0) size 784x643
  RenderBlock {HTML} at (0,0) size 784x643
    RenderBody {BODY} at (8,8) size 768x627
      RenderTable {TABLE} at (0,0) size 77x33 [border: (2px solid #FF0000)]
        RenderTableSection {TBODY} at (2,2) size 73x29
          RenderTableRow {TR} at (0,2) size 73x25
            RenderTableCell {TD} at (2,2) size 32x25 [border: (1px inset #FF0000)] [r=0 c=0 rs=1 cs=1]
              RenderText {#text} at (2,2) size 28x21
                text run at (2,2) width 28: "One"
            RenderTableCell {TD} at (36,2) size 35x25 [border: (1px inset #FF0000)] [r=0 c=1 rs=1 cs=1]
              RenderText {#text} at (2,2) size 31x21
                text run at (2,2) width 31: "Two"
      RenderBlock (anonymous) at (0,33) size 768x21
        RenderBR {BR} at (0,0) size 0x21
      RenderTable {TABLE} at (0,54) size 79x35 [border: (3px solid #FF0000)]
        RenderTableSection {TBODY} at (3,3) size 73x29
          RenderTableRow {TR} at (0,2) size 73x25
            RenderTableCell {TD} at (2,2) size 32x25 [border: (1px inset #FF0000)] [r=0 c=0 rs=1 cs=1]
              RenderText {#text} at (2,2) size 28x21
                text run at (2,2) width 28: "One"
            RenderTableCell {TD} at (36,2) size 35x25 [border: (1px inset #FF0000)] [r=0 c=1 rs=1 cs=1]
              RenderText {#text} at (2,2) size 31x21
                text run at (2,2) width 31: "Two"
      RenderTable {TABLE} at (0,89) size 65x31 [border: (1px outset #808080)]
        RenderTableSection {TBODY} at (1,1) size 63x29
          RenderTableRow {TR} at (0,2) size 63x25
            RenderTableCell {TD} at (2,2) size 28x25 [border: (1px inset #808080)] [r=0 c=0 rs=1 cs=1]
              RenderText {#text} at (2,2) size 24x21
                text run at (2,2) width 24: "one"
            RenderTableCell {TD} at (32,2) size 29x25 [border: (1px inset #808080)] [r=0 c=1 rs=1 cs=1]
              RenderText {#text} at (2,2) size 25x21
                text run at (2,2) width 25: "two"
      RenderBlock (anonymous) at (0,120) size 768x21
        RenderBR {BR} at (0,0) size 0x21
      RenderTable {TABLE} at (0,141) size 74x27
        RenderTableSection {TBODY} at (0,0) size 74x27
          RenderTableRow {TR} at (0,2) size 74x23
            RenderTableCell {TD} at (2,2) size 19x23 [r=0 c=0 rs=1 cs=1]
              RenderText {#text} at (1,1) size 17x21
                text run at (1,1) width 17: "no"
            RenderTableCell {TD} at (23,2) size 49x23 [r=0 c=1 rs=1 cs=1]
              RenderText {#text} at (1,1) size 47x21
                text run at (1,1) width 47: "border"
      RenderBlock (anonymous) at (0,168) size 768x21
        RenderText {#text} at (0,0) size 72x21
          text run at (0,0) width 72: "This table:"
      RenderTable {TABLE} at (0,189) size 75x31 [border: (1px solid #FF0000)]
        RenderTableSection {TBODY} at (1,1) size 73x29
          RenderTableRow {TR} at (0,2) size 73x25
            RenderTableCell {TD} at (2,2) size 32x25 [border: (1px inset #FF0000)] [r=0 c=0 rs=1 cs=1]
              RenderText {#text} at (2,2) size 28x21
                text run at (2,2) width 28: "One"
            RenderTableCell {TD} at (36,2) size 35x25 [border: (1px inset #FF0000)] [r=0 c=1 rs=1 cs=1]
              RenderText {#text} at (2,2) size 31x21
                text run at (2,2) width 31: "Two"
      RenderBlock (anonymous) at (0,220) size 768x42
        RenderBR {BR} at (0,0) size 0x21
        RenderText {#text} at (0,21) size 199x21
          text run at (0,21) width 199: "Should look just like this one:"
      RenderTable {TABLE} at (0,262) size 77x33 [border: (2px outset #808080)]
        RenderTableSection {TBODY} at (2,2) size 73x29
          RenderTableRow {TR} at (0,2) size 73x25
            RenderTableCell {TD} at (2,2) size 32x25 [border: (1px inset #808080)] [r=0 c=0 rs=1 cs=1]
              RenderText {#text} at (2,2) size 28x21
                text run at (2,2) width 28: "One"
            RenderTableCell {TD} at (36,2) size 35x25 [border: (1px inset #808080)] [r=0 c=1 rs=1 cs=1]
              RenderText {#text} at (2,2) size 31x21
                text run at (2,2) width 31: "Two"
      RenderBlock (anonymous) at (0,295) size 768x21
        RenderBR {BR} at (0,0) size 0x21
      RenderTable {TABLE} at (0,316) size 65x31 [border: (1px solid #FF0000)]
        RenderTableSection {TBODY} at (1,1) size 63x29
          RenderTableRow {TR} at (0,2) size 63x25
            RenderTableCell {TD} at (2,2) size 28x25 [border: (1px solid #008000)] [r=0 c=0 rs=1 cs=1]
              RenderText {#text} at (2,2) size 24x21
                text run at (2,2) width 24: "one"
            RenderTableCell {TD} at (32,2) size 29x25 [border: (1px solid #FF0000)] [r=0 c=1 rs=1 cs=1]
              RenderText {#text} at (2,2) size 25x21
                text run at (2,2) width 25: "two"
      RenderBlock (anonymous) at (0,347) size 768x21
        RenderBR {BR} at (0,0) size 0x21
      RenderTable {TABLE} at (0,368) size 111x58 [border: (1px solid #FF0000)]
        RenderTableSection {TBODY} at (1,1) size 109x56
          RenderTableRow {TR} at (0,2) size 109x25
            RenderTableCell {TD} at (2,2) size 33x25 [border: (1px solid #008000)] [r=0 c=0 rs=1 cs=1]
              RenderText {#text} at (2,2) size 24x21
                text run at (2,2) width 24: "one"
            RenderTableCell {TD} at (37,2) size 29x25 [border: (1px solid #FF0000)] [r=0 c=1 rs=1 cs=1]
              RenderText {#text} at (2,2) size 25x21
                text run at (2,2) width 25: "two"
            RenderTableCell {TD} at (68,2) size 39x25 [border: (1px solid #0000FF)] [r=0 c=2 rs=1 cs=1]
              RenderText {#text} at (2,2) size 35x21
                text run at (2,2) width 35: "three"
          RenderTableRow {TR} at (0,29) size 109x25
            RenderTableCell {TD} at (2,29) size 33x25 [border: (1px solid #008000)] [r=1 c=0 rs=1 cs=1]
              RenderText {#text} at (2,2) size 29x21
                text run at (2,2) width 29: "four"
            RenderTableCell {TD} at (37,29) size 29x25 [border: (1px solid #FFFF00)] [r=1 c=1 rs=1 cs=1]
              RenderText {#text} at (2,2) size 24x21
                text run at (2,2) width 24: "five"
            RenderTableCell {TD} at (68,29) size 39x25 [border: (1px solid #FFA500)] [r=1 c=2 rs=1 cs=1]
              RenderText {#text} at (2,2) size 18x21
                text run at (2,2) width 18: "six"
      RenderBlock (anonymous) at (0,426) size 768x21
        RenderBR {BR} at (0,0) size 0x21
      RenderTable {TABLE} at (0,447) size 111x58 [border: (1px solid #FF0000)]
        RenderTableSection {TBODY} at (1,1) size 109x56
          RenderTableRow {TR} at (0,2) size 109x25
            RenderTableCell {TD} at (2,2) size 33x25 [border: (1px solid #008000)] [r=0 c=0 rs=1 cs=1]
              RenderText {#text} at (2,2) size 24x21
                text run at (2,2) width 24: "one"
            RenderTableCell {TD} at (37,2) size 29x25 [border: (1px solid #FF0000)] [r=0 c=1 rs=1 cs=1]
              RenderText {#text} at (2,2) size 25x21
                text run at (2,2) width 25: "two"
            RenderTableCell {TD} at (68,2) size 39x25 [border: (1px solid #0000FF)] [r=0 c=2 rs=1 cs=1]
              RenderText {#text} at (2,2) size 35x21
                text run at (2,2) width 35: "three"
          RenderTableRow {TR} at (0,29) size 109x25
            RenderTableCell {TD} at (2,29) size 33x25 [border: (1px solid #008000)] [r=1 c=0 rs=1 cs=1]
              RenderText {#text} at (2,2) size 29x21
                text run at (2,2) width 29: "four"
            RenderTableCell {TD} at (37,29) size 29x25 [border: (1px solid #FFFF00)] [r=1 c=1 rs=1 cs=1]
              RenderText {#text} at (2,2) size 24x21
                text run at (2,2) width 24: "five"
            RenderTableCell {TD} at (68,29) size 39x25 [border: (1px solid #FFA500)] [r=1 c=2 rs=1 cs=1]
              RenderText {#text} at (2,2) size 18x21
                text run at (2,2) width 18: "six"
      RenderBlock (anonymous) at (0,505) size 768x21
        RenderBR {BR} at (0,0) size 0x21
      RenderTable {TABLE} at (0,526) size 69x39 [border: (5px outset #808080)]
        RenderTableSection {TBODY} at (5,5) size 59x29
          RenderTableRow {TR} at (0,2) size 59x25
            RenderTableCell {TD} at (2,2) size 25x25 [border: (1px inset #808080)] [r=0 c=0 rs=1 cs=1]
              RenderText {#text} at (2,2) size 21x21
                text run at (2,2) width 21: "foo"
            RenderTableCell {TD} at (29,2) size 28x25 [border: (1px inset #808080)] [r=0 c=1 rs=1 cs=1]
              RenderText {#text} at (2,2) size 24x21
                text run at (2,2) width 24: "bar"
      RenderBlock (anonymous) at (0,565) size 768x21
        RenderBR {BR} at (0,0) size 0x21
      RenderTable {TABLE} at (0,586) size 73x41 [border: (5px outset #808080)]
        RenderTableSection {TBODY} at (5,5) size 63x31
          RenderTableRow {TR} at (0,2) size 63x27
            RenderTableCell {TD} at (2,2) size 27x27 [border: (2px solid #FF0000)] [r=0 c=0 rs=1 cs=1]
              RenderText {#text} at (3,3) size 21x21
                text run at (3,3) width 21: "foo"
            RenderTableCell {TD} at (31,2) size 30x27 [border: (2px solid #FF0000)] [r=0 c=1 rs=1 cs=1]
              RenderText {#text} at (3,3) size 24x21
                text run at (3,3) width 24: "bar"
