layer at (0,0) size 800x600
  RenderView at (0,0) size 800x600
layer at (0,0) size 800x600
  RenderBlock {HTML} at (0,0) size 800x600
    RenderBody {BODY} at (8,8) size 784x584
      RenderTable {TABLE} at (0,0) size 100x118 [bgcolor=#0000FF] [border: (20px solid #000000)]
        RenderTableSection {TBODY} at (30,30) size 40x58
          RenderTableRow {TR} at (0,2) size 40x26
            RenderTableCell {TD} at (2,2) size 36x26 [border: (1px inset #000000)] [r=0 c=0 rs=1 cs=1]
              RenderText {#text} at (2,2) size 21x22
                text run at (2,2) width 21: "foo"
          RenderTableRow {TR} at (0,30) size 40x26
            RenderTableCell {TD} at (2,30) size 36x26 [border: (1px inset #000000)] [r=1 c=0 rs=1 cs=1]
              RenderText {#text} at (2,2) size 24x22
                text run at (2,2) width 24: "bar"
      RenderBlock (anonymous) at (0,118) size 784x22
        RenderBR {BR} at (0,0) size 0x22
      RenderTable {TABLE} at (0,140) size 100x118 [bgcolor=#0000FF] [border: (20px solid #000000)]
        RenderTableSection {TBODY} at (30,30) size 40x58
          RenderTableRow {TR} at (0,2) size 40x26
            RenderTableCell {TD} at (2,2) size 36x26 [border: (1px inset #000000)] [r=0 c=0 rs=1 cs=1]
              RenderText {#text} at (2,2) size 21x22
                text run at (2,2) width 21: "foo"
          RenderTableRow {TR} at (0,30) size 40x26
            RenderTableCell {TD} at (2,30) size 36x26 [border: (1px inset #000000)] [r=1 c=0 rs=1 cs=1]
              RenderText {#text} at (2,2) size 24x22
                text run at (2,2) width 24: "bar"
      RenderBlock (anonymous) at (0,258) size 784x22
        RenderBR {BR} at (0,0) size 0x22
      RenderTable {TABLE} at (0,280) size 100x118 [bgcolor=#0000FF] [border: (20px solid #000000)]
        RenderTableSection {TBODY} at (30,30) size 40x58
          RenderTableRow {TR} at (0,2) size 40x26
            RenderTableCell {TD} at (2,2) size 36x26 [border: (1px inset #000000)] [r=0 c=0 rs=1 cs=1]
              RenderText {#text} at (2,2) size 21x22
                text run at (2,2) width 21: "foo"
          RenderTableRow {TR} at (0,30) size 40x26
            RenderTableCell {TD} at (2,30) size 36x26 [border: (1px inset #000000)] [r=1 c=0 rs=1 cs=1]
              RenderText {#text} at (2,2) size 24x22
                text run at (2,2) width 24: "bar"
