layer at (0,0) size 784x15935
  RenderView at (0,0) size 784x600
layer at (0,0) size 784x15935
  RenderBlock {HTML} at (0,0) size 784x15935
    RenderBody {BODY} at (8,8) size 768x15919
      RenderTable {TABLE} at (0,0) size 42x584 [bgcolor=#0000FF] [border: (1px outset #808080)]
        RenderTableSection {TBODY} at (1,1) size 40x582
          RenderTableRow {TR} at (0,2) size 40x114
            RenderTableCell {TD} at (2,46) size 36x25 [border: (1px inset #808080)] [r=0 c=0 rs=1 cs=1]
              RenderText {#text} at (2,2) size 32x21
                text run at (2,2) width 32: "20%"
          RenderTableRow {TR} at (0,118) size 40x462
            RenderTableCell {TD} at (2,336) size 36x25 [border: (1px inset #808080)] [r=1 c=0 rs=1 cs=1]
              RenderText {#text} at (2,2) size 32x21
                text run at (2,2) width 32: "80%"
      RenderBlock (anonymous) at (0,584) size 768x21
        RenderBR {BR} at (0,0) size 0x21
      RenderTable {TABLE} at (0,605) size 57x108 [bgcolor=#0000FF] [border: (1px outset #808080)]
        RenderTableSection {TBODY} at (1,1) size 55x106
          RenderTableRow {TR} at (0,2) size 55x50
            RenderTableCell {TD} at (2,14) size 51x25 [border: (1px inset #808080)] [r=0 c=0 rs=1 cs=1]
              RenderText {#text} at (2,2) size 47x21
                text run at (2,2) width 47: "row 50"
          RenderTableRow {TR} at (0,54) size 55x50
            RenderTableCell {TD} at (2,66) size 51x25 [border: (1px inset #808080)] [r=1 c=0 rs=1 cs=1]
              RenderText {#text} at (2,2) size 16x21
                text run at (2,2) width 16: "50"
      RenderBlock (anonymous) at (0,713) size 768x21
        RenderBR {BR} at (0,0) size 0x21
      RenderTable {TABLE} at (0,734) size 26x125 [bgcolor=#0000FF] [border: (1px outset #808080)]
        RenderTableSection {TBODY} at (1,1) size 24x123
          RenderTableRow {TR} at (0,2) size 24x67
            RenderTableCell {TD} at (2,2) size 20x67 [border: (1px inset #808080)] [r=0 c=0 rs=1 cs=1]
              RenderText {#text} at (2,2) size 8x63
                text run at (2,2) width 8: "5"
                text run at (2,23) width 8: "5"
                text run at (2,44) width 8: "5"
          RenderTableRow {TR} at (0,71) size 24x50
            RenderTableCell {TD} at (2,83) size 20x25 [border: (1px inset #808080)] [r=1 c=0 rs=1 cs=1]
              RenderText {#text} at (2,2) size 16x21
                text run at (2,2) width 16: "50"
      RenderTable {TABLE} at (0,859) size 34x258 [bgcolor=#0000FF] [border: (1px outset #808080)]
        RenderTableSection {TBODY} at (1,1) size 32x256
          RenderTableRow {TR} at (0,2) size 32x200
            RenderTableCell {TD} at (2,89) size 28x25 [border: (1px inset #808080)] [r=0 c=0 rs=1 cs=1]
              RenderText {#text} at (2,2) size 24x21
                text run at (2,2) width 24: "200"
          RenderTableRow {TR} at (0,204) size 32x50
            RenderTableCell {TD} at (2,216) size 28x25 [border: (1px inset #808080)] [r=1 c=0 rs=1 cs=1]
              RenderText {#text} at (2,2) size 16x21
                text run at (2,2) width 16: "50"
      RenderBlock (anonymous) at (0,1117) size 768x21
        RenderBR {BR} at (0,0) size 0x21
      RenderTable {TABLE} at (0,1138) size 34x258 [bgcolor=#0000FF] [border: (1px outset #808080)]
        RenderTableSection {TBODY} at (1,1) size 32x256
          RenderTableRow {TR} at (0,2) size 32x200
            RenderTableCell {TD} at (2,89) size 28x25 [border: (1px inset #808080)] [r=0 c=0 rs=1 cs=1]
              RenderText {#text} at (2,2) size 24x21
                text run at (2,2) width 24: "200"
          RenderTableRow {TR} at (0,204) size 32x50
            RenderTableCell {TD} at (2,216) size 28x25 [border: (1px inset #808080)] [r=1 c=0 rs=1 cs=1]
              RenderText {#text} at (2,2) size 16x21
                text run at (2,2) width 16: "50"
      RenderBlock (anonymous) at (0,1396) size 768x21
        RenderBR {BR} at (0,0) size 0x21
      RenderTable {TABLE} at (0,1417) size 64x208 [bgcolor=#FFA500] [border: (1px outset #808080)]
        RenderTableSection {TBODY} at (1,1) size 62x206
          RenderTableRow {TR} at (0,2) size 62x100
            RenderTableCell {TD} at (2,90) size 28x25 [border: (1px inset #808080)] [r=0 c=0 rs=2 cs=1]
              RenderText {#text} at (2,2) size 24x21
                text run at (2,2) width 24: "100"
            RenderTableCell {TD} at (32,39) size 28x25 [border: (1px inset #808080)] [r=0 c=1 rs=1 cs=1]
              RenderText {#text} at (2,2) size 24x21
                text run at (2,2) width 24: "100"
          RenderTableRow {TR} at (0,104) size 62x100
            RenderTableCell {TD} at (32,120) size 28x67 [border: (1px inset #808080)] [r=1 c=1 rs=1 cs=1]
              RenderText {#text} at (2,2) size 24x63
                text run at (2,2) width 24: "100"
                text run at (2,23) width 24: "100"
                text run at (2,44) width 24: "100"
      RenderBlock (anonymous) at (0,1625) size 768x21
        RenderBR {BR} at (0,0) size 0x21
      RenderTable {TABLE} at (0,1646) size 50x31 [bgcolor=#FFFF00] [border: (1px outset #808080)]
        RenderTableSection {TBODY} at (1,1) size 48x29
          RenderTableRow {TR} at (0,2) size 48x25
            RenderTableCell {TD} at (2,2) size 44x25 [border: (1px inset #808080)] [r=0 c=0 rs=1 cs=1]
              RenderText {#text} at (2,2) size 40x21
                text run at (2,2) width 40: "100%"
      RenderBlock (anonymous) at (0,1677) size 768x21
        RenderBR {BR} at (0,0) size 0x21
      RenderTable {TABLE} at (0,1698) size 42x1698 [bgcolor=#FFA500] [border: (1px outset #808080)]
        RenderTableSection {TBODY} at (1,1) size 40x1696
          RenderTableRow {TR} at (0,2) size 40x337
            RenderTableCell {TD} at (2,158) size 36x25 [border: (1px inset #808080)] [r=0 c=0 rs=1 cs=1]
              RenderText {#text} at (2,2) size 32x21
                text run at (2,2) width 32: "20%"
          RenderTableRow {TR} at (0,341) size 40x1353
            RenderTableCell {TD} at (2,1005) size 36x25 [border: (1px inset #808080)] [r=1 c=0 rs=1 cs=1]
              RenderText {#text} at (2,2) size 32x21
                text run at (2,2) width 32: "80%"
      RenderBlock (anonymous) at (0,3396) size 768x21
        RenderBR {BR} at (0,0) size 0x21
      RenderTable {TABLE} at (0,3417) size 64x206 [bgcolor=#808080] [border: (1px outset #808080)]
        RenderTableSection {TBODY} at (1,1) size 62x204
          RenderTableRow {TR} at (0,2) size 62x200
            RenderTableCell {TD} at (2,89) size 28x25 [border: (1px inset #808080)] [r=0 c=0 rs=1 cs=1]
              RenderText {#text} at (2,2) size 24x21
                text run at (2,2) width 24: "5%"
            RenderTableCell {TD} at (32,89) size 28x25 [border: (1px inset #808080)] [r=0 c=1 rs=1 cs=1]
              RenderText {#text} at (2,2) size 24x21
                text run at (2,2) width 24: "200"
      RenderBlock (anonymous) at (0,3623) size 768x21
        RenderBR {BR} at (0,0) size 0x21
      RenderTable {TABLE} at (0,3644) size 64x198 [bgcolor=#FFA500] [border: (1px outset #808080)]
        RenderTableSection {TBODY} at (1,1) size 62x196
          RenderTableRow {TR} at (0,2) size 62x192
            RenderTableCell {TD} at (2,85) size 36x25 [border: (1px inset #808080)] [r=0 c=0 rs=1 cs=1]
              RenderText {#text} at (2,2) size 32x21
                text run at (2,2) width 32: "50%"
            RenderTableCell {TD} at (40,85) size 20x25 [border: (1px inset #808080)] [r=0 c=1 rs=1 cs=1]
              RenderText {#text} at (2,2) size 16x21
                text run at (2,2) width 16: "20"
      RenderBlock (anonymous) at (0,3842) size 768x21
        RenderBR {BR} at (0,0) size 0x21
      RenderTable {TABLE} at (0,3863) size 42x3862 [border: (1px outset #808080)]
        RenderTableSection {TBODY} at (1,1) size 40x3860
          RenderTableRow {TR} at (0,2) size 40x537
            RenderTableCell {TD} at (2,258) size 36x25 [border: (1px inset #808080)] [r=0 c=0 rs=1 cs=1]
              RenderText {#text} at (2,2) size 24x21
                text run at (2,2) width 24: "500"
          RenderTableRow {TR} at (0,541) size 40x3317
            RenderTableCell {TD} at (2,2187) size 36x25 [border: (1px inset #808080)] [r=1 c=0 rs=1 cs=1]
              RenderText {#text} at (2,2) size 32x21
                text run at (2,2) width 32: "80%"
      RenderBlock (anonymous) at (0,7725) size 768x21
        RenderBR {BR} at (0,0) size 0x21
      RenderTable {TABLE} at (0,7746) size 112x7746 [bgcolor=#FF0000] [border: (1px outset #808080)]
        RenderTableSection {TBODY} at (1,1) size 110x7744
          RenderTableRow {TR} at (0,2) size 110x2429
            RenderTableCell {TD} at (2,2643) size 34x25 [border: (1px inset #808080)] [r=0 c=0 rs=2 cs=1]
              RenderText {#text} at (2,2) size 24x21
                text run at (2,2) width 24: "500"
            RenderTableCell {TD} at (38,1204) size 34x25 [border: (1px inset #808080)] [r=0 c=1 rs=1 cs=1]
              RenderText {#text} at (2,2) size 30x21
                text run at (2,2) width 30: "auto"
          RenderTableRow {TR} at (0,2433) size 110x2877
            RenderTableCell {TD} at (38,3859) size 34x25 [border: (1px inset #808080)] [r=1 c=1 rs=1 cs=1]
              RenderText {#text} at (2,2) size 30x21
                text run at (2,2) width 30: "auto"
            RenderTableCell {TD} at (74,3859) size 34x25 [border: (1px inset #808080)] [r=1 c=2 rs=1 cs=1]
              RenderText {#text} at (2,2) size 30x21
                text run at (2,2) width 30: "auto"
          RenderTableRow {TR} at (0,5312) size 110x2430
            RenderTableCell {TD} at (2,6514) size 34x25 [border: (1px inset #808080)] [r=2 c=0 rs=1 cs=1]
              RenderText {#text} at (2,2) size 30x21
                text run at (2,2) width 30: "auto"
            RenderTableCell {TD} at (38,6514) size 34x25 [border: (1px inset #808080)] [r=2 c=1 rs=1 cs=1]
              RenderText {#text} at (2,2) size 30x21
                text run at (2,2) width 30: "auto"
      RenderBlock (anonymous) at (0,15492) size 768x21
        RenderBR {BR} at (0,0) size 0x21
      RenderTable {TABLE} at (0,15513) size 56x406 [bgcolor=#FFA500] [border: (1px outset #808080)]
        RenderTableSection {TBODY} at (1,1) size 54x404
          RenderTableRow {TR} at (0,2) size 54x400
            RenderTableCell {TD} at (2,2) size 50x400 [border: (1px inset #808080)] [r=0 c=0 rs=1 cs=1]
              RenderTable {TABLE} at (2,2) size 46x396 [bgcolor=#0000FF]
                RenderTableSection {TBODY} at (0,0) size 46x396
                  RenderTableRow {TR} at (0,2) size 46x392
                    RenderTableCell {TD} at (2,186) size 42x23 [r=0 c=0 rs=1 cs=1]
                      RenderText {#text} at (1,1) size 40x21
                        text run at (1,1) width 40: "100%"
