layer at (0,0) size 784x1093
  RenderView at (0,0) size 784x600
layer at (0,0) size 784x1093
  RenderBlock {HTML} at (0,0) size 784x1093
    RenderBody {BODY} at (8,8) size 768x1077
      RenderBlock (anonymous) at (0,0) size 768x21
        RenderText {#text} at (0,0) size 334x21
          text run at (0,0) width 334: "fixed table - percentage width cell honored to min"
      RenderTable {TABLE} at (0,21) size 300x31 [border: (1px outset #808080)]
        RenderTableSection {TBODY} at (1,1) size 298x29
          RenderTableRow {TR} at (0,2) size 298x25
            RenderTableCell {TD} at (2,2) size 25x25 [border: (1px inset #808080)] [r=0 c=0 rs=1 cs=1]
              RenderText {#text} at (2,2) size 21x21
                text run at (2,2) width 21: "foo"
            RenderTableCell {TD} at (29,2) size 267x25 [border: (1px inset #808080)] [r=0 c=1 rs=1 cs=1]
              RenderText {#text} at (2,2) size 21x21
                text run at (2,2) width 21: "foo"
      RenderBlock (anonymous) at (0,52) size 768x42
        RenderBR {BR} at (0,0) size 0x21
        RenderText {#text} at (0,21) size 363x21
          text run at (0,21) width 363: "fixed table - percentage cells allocated left to rigth first"
      RenderTable {TABLE} at (0,94) size 300x52 [border: (1px outset #808080)]
        RenderTableSection {TBODY} at (1,1) size 298x50
          RenderTableRow {TR} at (0,2) size 298x46
            RenderTableCell {TD} at (2,2) size 45x46 [border: (1px inset #808080)] [r=0 c=0 rs=1 cs=1]
              RenderText {#text} at (2,2) size 41x42
                text run at (2,2) width 41: "100px"
                text run at (2,23) width 41: "100px"
            RenderTableCell {TD} at (49,12) size 122x25 [border: (1px inset #808080)] [r=0 c=1 rs=1 cs=1]
              RenderText {#text} at (2,2) size 32x21
                text run at (2,2) width 32: "50%"
            RenderTableCell {TD} at (173,12) size 123x25 [border: (1px inset #808080)] [r=0 c=2 rs=1 cs=1]
              RenderText {#text} at (2,2) size 32x21
                text run at (2,2) width 32: "50%"
      RenderBlock (anonymous) at (0,146) size 768x42
        RenderBR {BR} at (0,0) size 0x21
        RenderText {#text} at (0,21) size 543x21
          text run at (0,21) width 543: "fixed table - percentage cells allocated left to rigth first allocated from left to right"
      RenderTable {TABLE} at (0,188) size 300x52 [border: (1px outset #808080)]
        RenderTableSection {TBODY} at (1,1) size 298x50
          RenderTableRow {TR} at (0,2) size 298x46
            RenderTableCell {TD} at (2,2) size 45x46 [border: (1px inset #808080)] [r=0 c=0 rs=1 cs=1]
              RenderText {#text} at (2,2) size 41x42
                text run at (2,2) width 41: "100px"
                text run at (2,23) width 41: "100px"
            RenderTableCell {TD} at (49,12) size 209x25 [border: (1px inset #808080)] [r=0 c=1 rs=1 cs=1]
              RenderText {#text} at (2,2) size 32x21
                text run at (2,2) width 32: "95%"
            RenderTableCell {TD} at (260,12) size 36x25 [border: (1px inset #808080)] [r=0 c=2 rs=1 cs=1]
              RenderText {#text} at (2,2) size 32x21
                text run at (2,2) width 32: "95%"
      RenderBlock (anonymous) at (0,240) size 768x42
        RenderBR {BR} at (0,0) size 0x21
        RenderText {#text} at (0,21) size 363x21
          text run at (0,21) width 363: "fixed table - percentage cells allocated left to rigth first"
      RenderTable {TABLE} at (0,282) size 200x68 [border: (1px outset #808080)]
        RenderTableSection {TBODY} at (1,1) size 198x66
          RenderTableRow {TR} at (0,10) size 198x46
            RenderTableCell {TD} at (10,10) size 84x46 [border: (1px inset #808080)] [r=0 c=0 rs=1 cs=1]
              RenderText {#text} at (2,2) size 41x42
                text run at (2,2) width 41: "100px"
                text run at (2,23) width 41: "100px"
            RenderTableCell {TD} at (104,20) size 84x25 [border: (1px inset #808080)] [r=0 c=1 rs=1 cs=1]
              RenderText {#text} at (2,2) size 32x21
                text run at (2,2) width 32: "50%"
      RenderBlock (anonymous) at (0,350) size 768x42
        RenderBR {BR} at (0,0) size 0x21
        RenderText {#text} at (0,21) size 363x21
          text run at (0,21) width 363: "fixed table - percentage cells allocated left to right first"
      RenderTable {TABLE} at (0,392) size 200x89 [border: (1px outset #808080)]
        RenderTableSection {TBODY} at (1,1) size 198x87
          RenderTableRow {TR} at (0,10) size 198x67
            RenderTableCell {TD} at (10,20) size 45x46 [border: (1px inset #808080)] [r=0 c=0 rs=1 cs=1]
              RenderText {#text} at (2,2) size 41x42
                text run at (2,2) width 41: "100px"
                text run at (2,23) width 41: "100px"
            RenderTableCell {TD} at (65,10) size 56x67 [border: (1px inset #808080)] [r=0 c=1 rs=1 cs=1]
              RenderText {#text} at (2,2) size 32x63
                text run at (2,2) width 32: "50%"
                text run at (2,23) width 32: "50%"
                text run at (2,44) width 32: "50%"
            RenderTableCell {TD} at (131,10) size 57x67 [border: (1px inset #808080)] [r=0 c=2 rs=1 cs=1]
              RenderText {#text} at (2,2) size 32x63
                text run at (2,2) width 32: "50%"
                text run at (2,23) width 32: "50%"
                text run at (2,44) width 32: "50%"
      RenderBlock (anonymous) at (0,481) size 768x42
        RenderBR {BR} at (0,0) size 0x21
        RenderText {#text} at (0,21) size 363x21
          text run at (0,21) width 363: "fixed table - percentage cells allocated left to right first"
      RenderTable {TABLE} at (0,523) size 400x68 [border: (1px outset #808080)]
        RenderTableSection {TBODY} at (1,1) size 398x66
          RenderTableRow {TR} at (0,10) size 398x46
            RenderTableCell {TD} at (10,10) size 45x46 [border: (1px inset #808080)] [r=0 c=0 rs=1 cs=1]
              RenderText {#text} at (2,2) size 41x42
                text run at (2,2) width 41: "100px"
                text run at (2,23) width 41: "100px"
            RenderTableCell {TD} at (65,10) size 45x46 [border: (1px inset #808080)] [r=0 c=1 rs=1 cs=1]
              RenderText {#text} at (2,2) size 41x42
                text run at (2,2) width 41: "100px"
                text run at (2,23) width 41: "100px"
            RenderTableCell {TD} at (120,20) size 129x25 [border: (1px inset #808080)] [r=0 c=2 rs=1 cs=1]
              RenderText {#text} at (2,2) size 104x21
                text run at (2,2) width 104: "50% 50% 50%"
            RenderTableCell {TD} at (259,20) size 129x25 [border: (1px inset #808080)] [r=0 c=3 rs=1 cs=1]
              RenderText {#text} at (2,2) size 104x21
                text run at (2,2) width 104: "50% 50% 50%"
      RenderBlock (anonymous) at (0,591) size 768x42
        RenderBR {BR} at (0,0) size 0x21
        RenderText {#text} at (0,21) size 363x21
          text run at (0,21) width 363: "fixed table - percentage cells allocated left to right first"
      RenderTable {TABLE} at (0,633) size 400x89 [border: (1px outset #808080)]
        RenderTableSection {TBODY} at (1,1) size 398x87
          RenderTableRow {TR} at (0,10) size 398x67
            RenderTableCell {TD} at (10,20) size 45x46 [border: (1px inset #808080)] [r=0 c=0 rs=1 cs=1]
              RenderText {#text} at (2,2) size 41x42
                text run at (2,2) width 41: "100px"
                text run at (2,23) width 41: "100px"
            RenderTableCell {TD} at (65,20) size 45x46 [border: (1px inset #808080)] [r=0 c=1 rs=1 cs=1]
              RenderText {#text} at (2,2) size 41x42
                text run at (2,2) width 41: "100px"
                text run at (2,23) width 41: "100px"
            RenderTableCell {TD} at (120,20) size 106x46 [border: (1px inset #808080)] [r=0 c=2 rs=1 cs=1]
              RenderText {#text} at (2,2) size 68x42
                text run at (2,2) width 68: "50% 50%"
                text run at (2,23) width 32: "50%"
            RenderTableCell {TD} at (236,20) size 106x46 [border: (1px inset #808080)] [r=0 c=3 rs=1 cs=1]
              RenderText {#text} at (2,2) size 68x42
                text run at (2,2) width 68: "50% 50%"
                text run at (2,23) width 32: "50%"
            RenderTableCell {TD} at (352,10) size 36x67 [border: (1px inset #808080)] [r=0 c=4 rs=1 cs=1]
              RenderText {#text} at (2,2) size 32x63
                text run at (2,2) width 32: "50%"
                text run at (2,23) width 32: "50%"
                text run at (2,44) width 32: "50%"
      RenderBlock (anonymous) at (0,722) size 768x21
        RenderBR {BR} at (0,0) size 0x21
      RenderTable {TABLE} at (0,743) size 200x31 [border: (1px outset #808080)]
        RenderTableSection {TBODY} at (1,1) size 198x29
          RenderTableRow {TR} at (0,2) size 198x25
            RenderTableCell {TD} at (2,2) size 25x25 [border: (1px inset #808080)] [r=0 c=0 rs=1 cs=1]
              RenderText {#text} at (2,2) size 21x21
                text run at (2,2) width 21: "foo"
            RenderTableCell {TD} at (29,2) size 82x25 [border: (1px inset #808080)] [r=0 c=1 rs=1 cs=1]
              RenderText {#text} at (2,2) size 24x21
                text run at (2,2) width 24: "bar"
            RenderTableCell {TD} at (113,2) size 83x25 [border: (1px inset #808080)] [r=0 c=2 rs=1 cs=1]
              RenderText {#text} at (2,2) size 24x21
                text run at (2,2) width 24: "zap"
      RenderBlock (anonymous) at (0,774) size 768x42
        RenderBR {BR} at (0,0) size 0x21
        RenderText {#text} at (0,21) size 244x21
          text run at (0,21) width 244: "PERCENTAGE WIDTH TABLES"
      RenderTable {TABLE} at (0,816) size 768x94 [border: (1px outset #808080)]
        RenderTableSection {TBODY} at (1,1) size 766x92
          RenderTableRow {TR} at (0,2) size 766x88
            RenderTableCell {TD} at (2,33) size 146x25 [bgcolor=#FFA500] [border: (1px inset #808080)] [r=0 c=0 rs=1 cs=1]
              RenderText {#text} at (2,2) size 96x21
                text run at (2,2) width 96: "foo foo foo foo"
            RenderTableCell {TD} at (150,33) size 146x25 [bgcolor=#0000FF] [border: (1px inset #808080)] [r=0 c=1 rs=1 cs=1]
              RenderText {#text} at (2,2) size 96x21
                text run at (2,2) width 96: "foo foo foo foo"
            RenderTableCell {TD} at (298,33) size 439x25 [bgcolor=#008000] [border: (1px inset #808080)] [r=0 c=2 rs=1 cs=1]
              RenderText {#text} at (341,2) size 96x21
                text run at (341,2) width 96: "foo foo foo foo"
            RenderTableCell {TD} at (739,2) size 25x88 [bgcolor=#FF0000] [border: (1px inset #808080)] [r=0 c=3 rs=1 cs=1]
              RenderText {#text} at (2,2) size 21x84
                text run at (2,2) width 21: "foo"
                text run at (2,23) width 21: "foo"
                text run at (2,44) width 21: "foo"
                text run at (2,65) width 21: "foo"
      RenderBlock (anonymous) at (0,910) size 768x21
        RenderBR {BR} at (0,0) size 0x21
      RenderTable {TABLE} at (0,931) size 768x94 [border: (1px outset #808080)]
        RenderTableSection {TBODY} at (1,1) size 766x92
          RenderTableRow {TR} at (0,2) size 766x88
            RenderTableCell {TD} at (2,2) size 25x88 [bgcolor=#FF0000] [border: (1px inset #808080)] [r=0 c=0 rs=1 cs=1]
              RenderText {#text} at (2,2) size 21x84
                text run at (2,2) width 21: "foo"
                text run at (2,23) width 21: "foo"
                text run at (2,44) width 21: "foo"
                text run at (2,65) width 21: "foo"
            RenderTableCell {TD} at (29,33) size 140x25 [bgcolor=#FFA500] [border: (1px inset #808080)] [r=0 c=1 rs=1 cs=1]
              RenderText {#text} at (2,2) size 96x21
                text run at (2,2) width 96: "foo foo foo foo"
            RenderTableCell {TD} at (171,33) size 141x25 [bgcolor=#0000FF] [border: (1px inset #808080)] [r=0 c=2 rs=1 cs=1]
              RenderText {#text} at (2,2) size 96x21
                text run at (2,2) width 96: "foo foo foo foo"
            RenderTableCell {TD} at (314,33) size 423x25 [bgcolor=#008000] [border: (1px inset #808080)] [r=0 c=3 rs=1 cs=1]
              RenderText {#text} at (325,2) size 96x21
                text run at (325,2) width 96: "foo foo foo foo"
            RenderTableCell {TD} at (739,2) size 25x88 [bgcolor=#FF0000] [border: (1px inset #808080)] [r=0 c=4 rs=1 cs=1]
              RenderText {#text} at (2,2) size 21x84
                text run at (2,2) width 21: "foo"
                text run at (2,23) width 21: "foo"
                text run at (2,44) width 21: "foo"
                text run at (2,65) width 21: "foo"
      RenderBlock (anonymous) at (0,1025) size 768x21
        RenderBR {BR} at (0,0) size 0x21
      RenderTable {TABLE} at (0,1046) size 768x31 [border: (1px outset #808080)]
        RenderTableSection {TBODY} at (1,1) size 766x29
          RenderTableRow {TR} at (0,2) size 766x25
            RenderTableCell {TD} at (2,2) size 152x25 [bgcolor=#FF0000] [border: (1px inset #808080)] [r=0 c=0 rs=1 cs=1]
              RenderText {#text} at (2,2) size 96x21
                text run at (2,2) width 96: "foo foo foo foo"
            RenderTableCell {TD} at (156,2) size 150x25 [bgcolor=#FFA500] [border: (1px inset #808080)] [r=0 c=1 rs=1 cs=1]
              RenderText {#text} at (2,2) size 96x21
                text run at (2,2) width 96: "foo foo foo foo"
            RenderTableCell {TD} at (308,2) size 150x25 [bgcolor=#0000FF] [border: (1px inset #808080)] [r=0 c=2 rs=1 cs=1]
              RenderText {#text} at (2,2) size 96x21
                text run at (2,2) width 96: "foo foo foo foo"
            RenderTableCell {TD} at (460,2) size 150x25 [bgcolor=#008000] [border: (1px inset #808080)] [r=0 c=3 rs=1 cs=1]
              RenderText {#text} at (52,2) size 96x21
                text run at (52,2) width 96: "foo foo foo foo"
            RenderTableCell {TD} at (612,2) size 152x25 [bgcolor=#FF0000] [border: (1px inset #808080)] [r=0 c=4 rs=1 cs=1]
              RenderText {#text} at (2,2) size 96x21
                text run at (2,2) width 96: "foo foo foo foo"
