layer at (0,0) size 784x815
  RenderView at (0,0) size 784x600
layer at (0,0) size 784x815
  RenderBlock {HTML} at (0,0) size 784x815
    RenderBody {BODY} at (8,8) size 768x799
      RenderTable {TABLE} at (0,0) size 150x31 [bgcolor=#00FF00] [border: (1px outset #808080)]
        RenderTableSection {TBODY} at (1,1) size 148x29
          RenderTableRow {TR} at (0,2) size 148x25
            RenderTableCell {TD} at (2,2) size 63x25 [border: (1px inset #808080)] [r=0 c=0 rs=1 cs=1]
              RenderText {#text} at (2,2) size 24x21
                text run at (2,2) width 24: "200"
            RenderTableCell {TD} at (67,2) size 79x25 [border: (1px inset #808080)] [r=0 c=1 rs=1 cs=1]
              RenderText {#text} at (2,2) size 68x21
                text run at (2,2) width 68: "one_hund"
      RenderBlock (anonymous) at (0,31) size 768x21
        RenderBR {BR} at (0,0) size 0x21
      RenderTable {TABLE} at (0,52) size 500x31 [border: (1px outset #808080)]
        RenderTableSection {TBODY} at (1,1) size 498x29
          RenderTableRow {TR} at (0,2) size 498x25
            RenderTableCell {TD} at (2,2) size 174x25 [bgcolor=#FF0000] [border: (1px inset #808080)] [r=0 c=0 rs=1 cs=1]
              RenderText {#text} at (2,2) size 77x21
                text run at (2,2) width 77: "fooooooooo"
            RenderTableCell {TD} at (178,2) size 174x25 [bgcolor=#008000] [border: (1px inset #808080)] [r=0 c=1 rs=1 cs=1]
              RenderText {#text} at (2,2) size 77x21
                text run at (2,2) width 77: "fooooooooo"
            RenderTableCell {TD} at (354,2) size 142x25 [bgcolor=#FFA500] [border: (1px inset #808080)] [r=0 c=2 rs=1 cs=1]
              RenderText {#text} at (2,2) size 96x21
                text run at (2,2) width 96: "foo foo foo foo"
      RenderBlock (anonymous) at (0,83) size 768x42
        RenderBR {BR} at (0,0) size 0x21
        RenderText {#text} at (0,21) size 386x21
          text run at (0,21) width 386: "fixed table - fixed cells are increased based on fixed width"
      RenderTable {TABLE} at (0,125) size 400x52 [border: (1px outset #808080)]
        RenderTableSection {TBODY} at (1,1) size 398x50
          RenderTableRow {TR} at (0,2) size 398x46
            RenderTableCell {TD} at (2,12) size 259x25 [border: (1px inset #808080)] [r=0 c=0 rs=1 cs=1]
              RenderText {#text} at (2,2) size 21x21
                text run at (2,2) width 21: "foo"
            RenderTableCell {TD} at (263,2) size 133x46 [border: (1px inset #808080)] [r=0 c=1 rs=1 cs=1]
              RenderText {#text} at (2,2) size 121x42
                text run at (2,2) width 121: "foo foo foo foo foo"
                text run at (2,23) width 71: "foo foo foo"
      RenderBlock (anonymous) at (0,177) size 768x63
        RenderBR {BR} at (0,0) size 0x21
        RenderBR {BR} at (0,21) size 0x21
        RenderText {#text} at (0,42) size 395x21
          text run at (0,42) width 395: "excess above min allocated based on fixed widths (not min)"
      RenderTable {TABLE} at (0,240) size 100x52 [border: (1px outset #808080)]
        RenderTableSection {TBODY} at (1,1) size 98x50
          RenderTableRow {TR} at (0,2) size 98x46
            RenderTableCell {TD} at (2,2) size 34x46 [border: (1px inset #808080)] [r=0 c=0 rs=1 cs=1]
              RenderText {#text} at (2,2) size 21x42
                text run at (2,2) width 21: "foo"
                text run at (2,23) width 21: "foo"
            RenderTableCell {TD} at (38,12) size 58x25 [border: (1px inset #808080)] [r=0 c=1 rs=1 cs=1]
              RenderText {#text} at (2,2) size 21x21
                text run at (2,2) width 21: "foo"
      RenderBlock (anonymous) at (0,292) size 768x42
        RenderBR {BR} at (0,0) size 0x21
        RenderText {#text} at (0,21) size 395x21
          text run at (0,21) width 395: "excess above min allocated based on fixed widths (not min)"
      RenderTable {TABLE} at (0,334) size 100x52 [border: (1px outset #808080)]
        RenderTableSection {TBODY} at (1,1) size 98x50
          RenderTableRow {TR} at (0,2) size 98x46
            RenderTableCell {TD} at (2,2) size 25x46 [border: (1px inset #808080)] [r=0 c=0 rs=1 cs=1]
              RenderText {#text} at (2,2) size 21x42
                text run at (2,2) width 21: "foo"
                text run at (2,23) width 21: "foo"
            RenderTableCell {TD} at (29,12) size 67x25 [border: (1px inset #808080)] [r=0 c=1 rs=1 cs=1]
              RenderText {#text} at (2,2) size 21x21
                text run at (2,2) width 21: "foo"
      RenderBlock (anonymous) at (0,386) size 768x21
        RenderBR {BR} at (0,0) size 0x21
      RenderTable {TABLE} at (0,407) size 600x31 [border: (1px outset #808080)]
        RenderTableSection {TBODY} at (1,1) size 598x29
          RenderTableRow {TR} at (0,2) size 598x25
            RenderTableCell {TD} at (2,2) size 25x25 [border: (1px inset #808080)] [r=0 c=0 rs=1 cs=1]
              RenderText {#text} at (2,2) size 21x21
                text run at (2,2) width 21: "foo"
            RenderTableCell {TD} at (29,2) size 567x25 [border: (1px inset #808080)] [r=0 c=1 rs=1 cs=1]
              RenderText {#text} at (2,2) size 21x21
                text run at (2,2) width 21: "foo"
      RenderBlock (anonymous) at (0,438) size 768x21
        RenderBR {BR} at (0,0) size 0x21
      RenderTable {TABLE} at (0,459) size 40x31 [border: (1px outset #808080)]
        RenderTableSection {TBODY} at (1,1) size 38x29
          RenderTableRow {TR} at (0,2) size 38x25
            RenderTableCell {TD} at (2,2) size 34x25 [border: (1px inset #808080)] [r=0 c=0 rs=1 cs=1]
              RenderText {#text} at (2,2) size 21x21
                text run at (2,2) width 21: "foo"
      RenderBlock (anonymous) at (0,490) size 768x42
        RenderBR {BR} at (0,0) size 0x21
        RenderText {#text} at (0,21) size 355x21
          text run at (0,21) width 355: "auto table - fixed width cell does not exceed viewport"
      RenderTable {TABLE} at (0,532) size 768x31 [border: (1px outset #808080)]
        RenderTableSection {TBODY} at (1,1) size 766x29
          RenderTableRow {TR} at (0,2) size 766x25
            RenderTableCell {TD} at (2,2) size 762x25 [border: (1px inset #808080)] [r=0 c=0 rs=1 cs=1]
              RenderText {#text} at (2,2) size 21x21
                text run at (2,2) width 21: "foo"
      RenderBlock (anonymous) at (0,563) size 768x42
        RenderBR {BR} at (0,0) size 0x21
        RenderText {#text} at (0,21) size 308x21
          text run at (0,21) width 308: "auto table - fixed cells cannot exceed viewport"
      RenderTable {TABLE} at (0,605) size 768x31 [border: (1px outset #808080)]
        RenderTableSection {TBODY} at (1,1) size 766x29
          RenderTableRow {TR} at (0,2) size 766x25
            RenderTableCell {TD} at (2,2) size 150x25 [border: (1px inset #808080)] [r=0 c=0 rs=1 cs=1]
              RenderText {#text} at (2,2) size 41x21
                text run at (2,2) width 41: "200px"
            RenderTableCell {TD} at (154,2) size 151x25 [border: (1px inset #808080)] [r=0 c=1 rs=1 cs=1]
              RenderText {#text} at (2,2) size 41x21
                text run at (2,2) width 41: "200px"
            RenderTableCell {TD} at (307,2) size 151x25 [border: (1px inset #808080)] [r=0 c=2 rs=1 cs=1]
              RenderText {#text} at (2,2) size 41x21
                text run at (2,2) width 41: "200px"
            RenderTableCell {TD} at (460,2) size 151x25 [border: (1px inset #808080)] [r=0 c=3 rs=1 cs=1]
              RenderText {#text} at (2,2) size 41x21
                text run at (2,2) width 41: "200px"
            RenderTableCell {TD} at (613,2) size 151x25 [border: (1px inset #808080)] [r=0 c=4 rs=1 cs=1]
              RenderText {#text} at (2,2) size 41x21
                text run at (2,2) width 41: "200px"
      RenderBlock (anonymous) at (0,636) size 768x42
        RenderBR {BR} at (0,0) size 0x21
        RenderText {#text} at (0,21) size 318x21
          text run at (0,21) width 318: "auto table - cell width does not include padding"
      RenderTable {TABLE} at (0,678) size 148x69 [border: (1px outset #808080)]
        RenderTableSection {TBODY} at (1,1) size 146x67
          RenderTableRow {TR} at (0,2) size 146x63
            RenderTableCell {TD} at (2,2) size 142x63 [border: (1px inset #808080)] [r=0 c=0 rs=1 cs=1]
              RenderText {#text} at (21,21) size 72x21
                text run at (21,21) width 72: "cell=100px"
      RenderBlock (anonymous) at (0,747) size 768x21
        RenderBR {BR} at (0,0) size 0x21
      RenderTable {TABLE} at (0,768) size 110x31 [border: (1px outset #808080)]
        RenderTableSection {TBODY} at (1,1) size 108x29
          RenderTableRow {TR} at (0,2) size 108x25
            RenderTableCell {TD} at (2,2) size 104x25 [border: (1px inset #808080)] [r=0 c=0 rs=1 cs=1]
              RenderText {#text} at (2,2) size 72x21
                text run at (2,2) width 72: "cell=100px"
