layer at (0,0) size 784x666
  RenderView at (0,0) size 784x600
layer at (0,0) size 784x666
  RenderBlock {HTML} at (0,0) size 784x666
    RenderBody {BODY} at (8,8) size 768x650
      RenderTable {TABLE} at (0,0) size 271x52 [border: (1px outset #808080)]
        RenderTableSection {TBODY} at (1,1) size 269x50
          RenderTableRow {TR} at (0,2) size 269x46
            RenderTableCell {TD} at (2,12) size 185x25 [border: (1px inset #808080)] [r=0 c=0 rs=1 cs=1]
              RenderText {#text} at (2,2) size 24x21
                text run at (2,2) width 24: "100"
            RenderTableCell {TD} at (189,2) size 78x46 [border: (1px inset #808080)] [r=0 c=1 rs=1 cs=1]
              RenderText {#text} at (2,2) size 39x42
                text run at (2,2) width 32: "30%"
                text run at (2,23) width 39: "width"
      RenderBlock (anonymous) at (0,52) size 768x21
        RenderBR {BR} at (0,0) size 0x21
      RenderTable {TABLE} at (0,73) size 216x52 [border: (1px outset #808080)]
        RenderTableSection {TBODY} at (1,1) size 214x50
          RenderTableRow {TR} at (0,2) size 214x46
            RenderTableCell {TD} at (2,2) size 104x46 [border: (1px inset #808080)] [r=0 c=0 rs=1 cs=1]
              RenderText {#text} at (2,2) size 80x42
                text run at (2,2) width 80: "100 100 100"
                text run at (2,23) width 80: "100 100 100"
            RenderTableCell {TD} at (108,12) size 104x25 [border: (1px inset #808080)] [r=0 c=1 rs=1 cs=1]
              RenderText {#text} at (2,2) size 75x21
                text run at (2,2) width 75: "50% width"
      RenderBlock (anonymous) at (0,125) size 768x21
        RenderBR {BR} at (0,0) size 0x21
      RenderTable {TABLE} at (0,146) size 527x58 [border: (1px outset #808080)]
        RenderTableSection {TBODY} at (1,1) size 525x56
          RenderTableRow {TR} at (0,2) size 525x25
            RenderTableCell {TD} at (2,2) size 104x25 [border: (1px inset #808080)] [r=0 c=0 rs=1 cs=1]
              RenderText {#text} at (2,2) size 24x21
                text run at (2,2) width 24: "100"
            RenderTableCell {TD} at (108,2) size 258x25 [border: (1px inset #808080)] [r=0 c=1 rs=1 cs=1]
              RenderText {#text} at (2,2) size 100x21
                text run at (2,2) width 100: "no width given"
            RenderTableCell {TD} at (368,2) size 155x25 [border: (1px inset #808080)] [r=0 c=2 rs=1 cs=1]
              RenderText {#text} at (2,2) size 75x21
                text run at (2,2) width 75: "30% width"
          RenderTableRow {TR} at (0,29) size 525x25
            RenderTableCell {TD} at (2,29) size 521x25 [border: (1px inset #808080)] [r=1 c=0 rs=1 cs=3]
              RenderText {#text} at (2,2) size 96x21
                text run at (2,2) width 96: "500 colspan=3"
      RenderBlock (anonymous) at (0,204) size 768x21
        RenderBR {BR} at (0,0) size 0x21
      RenderTable {TABLE} at (0,225) size 446x85 [border: (1px outset #808080)]
        RenderTableSection {TBODY} at (1,1) size 444x83
          RenderTableRow {TR} at (0,2) size 444x25
            RenderTableCell {TD} at (2,2) size 104x25 [border: (1px inset #808080)] [r=0 c=0 rs=1 cs=1]
              RenderText {#text} at (2,2) size 21x21
                text run at (2,2) width 21: "foo"
            RenderTableCell {TD} at (108,2) size 202x25 [border: (1px inset #808080)] [r=0 c=1 rs=1 cs=1]
              RenderText {#text} at (2,2) size 100x21
                text run at (2,2) width 100: "no width given"
            RenderTableCell {TD} at (312,2) size 130x25 [border: (1px inset #808080)] [r=0 c=2 rs=1 cs=1]
              RenderText {#text} at (2,2) size 75x21
                text run at (2,2) width 75: "30% width"
          RenderTableRow {TR} at (0,29) size 444x25
            RenderTableCell {TD} at (2,29) size 308x25 [border: (1px inset #808080)] [r=1 c=0 rs=1 cs=2]
              RenderText {#text} at (2,2) size 114x21
                text run at (2,2) width 114: "200 spans col 1-2"
            RenderTableCell {TD} at (312,29) size 130x25 [border: (1px inset #808080)] [r=1 c=2 rs=1 cs=1]
              RenderText {#text} at (2,2) size 49x21
                text run at (2,2) width 49: "last cell"
          RenderTableRow {TR} at (0,56) size 444x25
            RenderTableCell {TD} at (2,56) size 104x25 [border: (1px inset #808080)] [r=2 c=0 rs=1 cs=1]
              RenderText {#text} at (2,2) size 53x21
                text run at (2,2) width 53: "first cell"
            RenderTableCell {TD} at (108,56) size 334x25 [border: (1px inset #808080)] [r=2 c=1 rs=1 cs=2]
              RenderText {#text} at (2,2) size 114x21
                text run at (2,2) width 114: "300 spans col 2-3"
      RenderBlock (anonymous) at (0,310) size 768x21
        RenderBR {BR} at (0,0) size 0x21
      RenderTable {TABLE} at (0,331) size 700x73 [border: (1px outset #808080)]
        RenderTableSection {TBODY} at (1,1) size 698x71
          RenderTableRow {TR} at (0,2) size 698x67
            RenderTableCell {TD} at (2,2) size 104x67 [border: (1px inset #808080)] [r=0 c=0 rs=1 cs=1]
              RenderText {#text} at (2,2) size 100x63
                text run at (2,2) width 97: "fooooo oooooo"
                text run at (2,23) width 100: "oooooo oooooo"
                text run at (2,44) width 48: "oooooo"
            RenderTableCell {TD} at (108,23) size 588x25 [border: (1px inset #808080)] [r=0 c=1 rs=1 cs=1]
              RenderText {#text} at (2,2) size 24x21
                text run at (2,2) width 24: "bar"
      RenderBlock (anonymous) at (0,404) size 768x21
        RenderBR {BR} at (0,0) size 0x21
      RenderTable {TABLE} at (0,425) size 400x102 [border: (1px outset #808080)]
        RenderTableSection {TBODY} at (1,1) size 398x100
          RenderTableRow {TR} at (0,0) size 398x50
            RenderTableCell {TD} at (0,0) size 108x50 [border: (1px inset #808080)] [r=0 c=0 rs=1 cs=2]
              RenderBlock {P} at (4,4) size 100x42
                RenderInline {B} at (0,0) size 68x42
                  RenderText {#text} at (0,0) size 68x42
                    text run at (0,0) width 44: "This is"
                    text run at (0,21) width 68: "colspan=2"
            RenderTableCell {TD} at (108,0) size 290x50 [border: (1px inset #808080)] [r=0 c=2 rs=1 cs=1]
              RenderText {#text} at (4,4) size 248x42
                text run at (4,4) width 248: "Blah Blah Blah Blah Blah Blah Blah"
                text run at (4,25) width 68: "Blah Blah"
          RenderTableRow {TR} at (0,50) size 398x50
            RenderTableCell {TD} at (0,50) size 398x50 [border: (1px inset #808080)] [r=1 c=0 rs=1 cs=3]
              RenderBlock {P} at (4,4) size 390x42
                RenderInline {B} at (0,0) size 116x21
                  RenderText {#text} at (0,0) size 116x21
                    text run at (0,0) width 116: "This is colspan=3"
                RenderText {#text} at (116,0) size 388x42
                  text run at (116,0) width 174: " blah blah blah blah blah "
                  text run at (290,0) width 98: "blah blah blah"
                  text run at (0,21) width 234: "blah blah blah blah blah blah blah"
      RenderBlock (anonymous) at (0,527) size 768x42
        RenderBR {BR} at (0,0) size 0x21
        RenderBR {BR} at (0,21) size 0x21
      RenderTable {TABLE} at (0,569) size 400x81 [border: (1px outset #808080)]
        RenderTableSection {TBODY} at (1,1) size 398x79
          RenderTableRow {TR} at (0,0) size 398x29
            RenderTableCell {TD} at (0,0) size 155x29 [border: (1px inset #808080)] [r=0 c=0 rs=1 cs=1]
              RenderBlock {P} at (4,4) size 147x21
                RenderInline {B} at (0,0) size 134x21
                  RenderText {#text} at (0,0) size 134x21
                    text run at (0,0) width 134: "no colspan declared"
            RenderTableCell {TD} at (155,0) size 243x29 [border: (1px inset #808080)] [r=0 c=1 rs=1 cs=1]
              RenderText {#text} at (4,4) size 212x21
                text run at (4,4) width 212: "Blah Blah Blah Blah Blah Blah"
          RenderTableRow {TR} at (0,29) size 398x50
            RenderTableCell {TD} at (0,29) size 398x50 [border: (1px inset #808080)] [r=1 c=0 rs=1 cs=2]
              RenderBlock {P} at (4,4) size 390x42
                RenderInline {B} at (0,0) size 116x21
                  RenderText {#text} at (0,0) size 116x21
                    text run at (0,0) width 116: "This is colspan=2"
                RenderText {#text} at (116,0) size 388x42
                  text run at (116,0) width 174: " blah blah blah blah blah "
                  text run at (290,0) width 98: "blah blah blah"
                  text run at (0,21) width 234: "blah blah blah blah blah blah blah"
