layer at (0,0) size 800x600
  RenderView at (0,0) size 800x600
layer at (0,0) size 800x600
  RenderBlock {HTML} at (0,0) size 800x600
    RenderBody {BODY} at (8,8) size 784x584
      RenderBlock (anonymous) at (0,0) size 784x21
        RenderText {#text} at (0,0) size 466x21
          text run at (0,0) width 466: "fixed table - fixed cells get expanded in Quirks mode, not in Standard"
      RenderTable {TABLE} at (0,21) size 200x52 [border: (1px outset #808080)]
        RenderTableSection {TBODY} at (1,1) size 198x50
          RenderTableRow {TR} at (0,2) size 198x46
            RenderTableCell {TD} at (2,2) size 104x46 [border: (1px inset #808080)] [r=0 c=0 rs=1 cs=1]
              RenderText {#text} at (2,2) size 86x42
                text run at (2,2) width 86: "100px 100px"
                text run at (2,23) width 41: "100px"
            RenderTableCell {TD} at (108,12) size 88x25 [border: (1px inset #808080)] [r=0 c=1 rs=1 cs=1]
              RenderText {#text} at (2,2) size 64x21
                text run at (2,2) width 64: "auto auto"
      RenderBlock (anonymous) at (0,73) size 784x21
        RenderBR {BR} at (0,0) size 0x21
      RenderBlock {HR} at (0,102) size 102x2 [border: (1px inset #000000)]
      RenderBlock (anonymous) at (0,112) size 784x21
        RenderText {#text} at (0,0) size 328x21
          text run at (0,0) width 328: "table fixed at 600, 1st 2 cells fixed at 100, 2nd not"
      RenderTable {TABLE} at (0,133) size 600x31 [border: (1px outset #808080)]
        RenderTableSection {TBODY} at (1,1) size 598x29
          RenderTableRow {TR} at (0,2) size 598x25
            RenderTableCell {TD} at (2,2) size 104x25 [border: (1px inset #808080)] [r=0 c=0 rs=1 cs=1]
              RenderText {#text} at (2,2) size 21x21
                text run at (2,2) width 21: "foo"
            RenderTableCell {TD} at (108,2) size 104x25 [border: (1px inset #808080)] [r=0 c=1 rs=1 cs=1]
              RenderText {#text} at (2,2) size 24x21
                text run at (2,2) width 24: "bar"
            RenderTableCell {TD} at (214,2) size 382x25 [border: (1px inset #808080)] [r=0 c=2 rs=1 cs=1]
              RenderText {#text} at (2,2) size 21x21
                text run at (2,2) width 21: "foo"
      RenderBlock (anonymous) at (0,164) size 784x42
        RenderBR {BR} at (0,0) size 0x21
        RenderText {#text} at (0,21) size 328x21
          text run at (0,21) width 328: "table fixed at 600, 1st 2 cells fixed at 100, 2nd not"
      RenderTable {TABLE} at (0,206) size 600x31 [border: (1px outset #808080)]
        RenderTableSection {TBODY} at (1,1) size 598x29
          RenderTableRow {TR} at (0,2) size 598x25
            RenderTableCell {TD} at (2,2) size 104x25 [border: (1px inset #808080)] [r=0 c=0 rs=1 cs=1]
              RenderText {#text} at (2,2) size 21x21
                text run at (2,2) width 21: "foo"
            RenderTableCell {TD} at (108,2) size 104x25 [border: (1px inset #808080)] [r=0 c=1 rs=1 cs=1]
              RenderText {#text} at (2,2) size 24x21
                text run at (2,2) width 24: "bar"
            RenderTableCell {TD} at (214,2) size 382x25 [border: (1px inset #808080)] [r=0 c=2 rs=1 cs=1]
              RenderText {#text} at (2,2) size 21x21
                text run at (2,2) width 21: "foo"
      RenderBlock (anonymous) at (0,237) size 784x42
        RenderBR {BR} at (0,0) size 0x21
        RenderText {#text} at (0,21) size 320x21
          text run at (0,21) width 320: "table fixed at 600, 1st 2 cells fixed at 50, 2nd not"
      RenderTable {TABLE} at (0,279) size 600x31 [border: (1px outset #808080)]
        RenderTableSection {TBODY} at (1,1) size 598x29
          RenderTableRow {TR} at (0,2) size 598x25
            RenderTableCell {TD} at (2,2) size 54x25 [border: (1px inset #808080)] [r=0 c=0 rs=1 cs=1]
              RenderText {#text} at (2,2) size 21x21
                text run at (2,2) width 21: "foo"
            RenderTableCell {TD} at (58,2) size 54x25 [border: (1px inset #808080)] [r=0 c=1 rs=1 cs=1]
              RenderText {#text} at (2,2) size 24x21
                text run at (2,2) width 24: "bar"
            RenderTableCell {TD} at (114,2) size 482x25 [border: (1px inset #808080)] [r=0 c=2 rs=1 cs=1]
              RenderText {#text} at (2,2) size 21x21
                text run at (2,2) width 21: "foo"
      RenderBlock (anonymous) at (0,310) size 784x42
        RenderBR {BR} at (0,0) size 0x21
        RenderText {#text} at (0,21) size 336x21
          text run at (0,21) width 336: "table fixed at 600, 1st 2 cells fixed at 1000, 2nd not"
      RenderTable {TABLE} at (0,352) size 600x31 [border: (1px outset #808080)]
        RenderTableSection {TBODY} at (1,1) size 598x29
          RenderTableRow {TR} at (0,2) size 598x25
            RenderTableCell {TD} at (2,2) size 281x25 [border: (1px inset #808080)] [r=0 c=0 rs=1 cs=1]
              RenderText {#text} at (2,2) size 21x21
                text run at (2,2) width 21: "foo"
            RenderTableCell {TD} at (285,2) size 284x25 [border: (1px inset #808080)] [r=0 c=1 rs=1 cs=1]
              RenderText {#text} at (2,2) size 24x21
                text run at (2,2) width 24: "bar"
            RenderTableCell {TD} at (571,2) size 25x25 [border: (1px inset #808080)] [r=0 c=2 rs=1 cs=1]
              RenderText {#text} at (2,2) size 21x21
                text run at (2,2) width 21: "foo"
      RenderBlock (anonymous) at (0,383) size 784x42
        RenderBR {BR} at (0,0) size 0x21
        RenderText {#text} at (0,21) size 312x21
          text run at (0,21) width 312: "table fixed at 600, 1st 2 cells fixed at 5, 2nd not"
      RenderTable {TABLE} at (0,425) size 600x31 [border: (1px outset #808080)]
        RenderTableSection {TBODY} at (1,1) size 598x29
          RenderTableRow {TR} at (0,2) size 598x25
            RenderTableCell {TD} at (2,2) size 25x25 [border: (1px inset #808080)] [r=0 c=0 rs=1 cs=1]
              RenderText {#text} at (2,2) size 21x21
                text run at (2,2) width 21: "foo"
            RenderTableCell {TD} at (29,2) size 28x25 [border: (1px inset #808080)] [r=0 c=1 rs=1 cs=1]
              RenderText {#text} at (2,2) size 24x21
                text run at (2,2) width 24: "bar"
            RenderTableCell {TD} at (59,2) size 537x25 [border: (1px inset #808080)] [r=0 c=2 rs=1 cs=1]
              RenderText {#text} at (2,2) size 21x21
                text run at (2,2) width 21: "foo"
      RenderBlock (anonymous) at (0,456) size 784x21
        RenderBR {BR} at (0,0) size 0x21
