layer at (0,0) size 800x600
  RenderView at (0,0) size 800x600
layer at (0,0) size 800x600
  RenderBlock {HTML} at (0,0) size 800x600
    RenderBody {BODY} at (8,8) size 784x584
      RenderBlock (anonymous) at (0,0) size 784x22
        RenderText {#text} at (0,0) size 348x22
          text run at (0,0) width 348: "fixed table - percentage width cell is honored to min"
      RenderTable {TABLE} at (0,22) size 300x32 [border: (1px outset #808080)]
        RenderTableSection {TBODY} at (1,1) size 298x30
          RenderTableRow {TR} at (0,2) size 298x26
            RenderTableCell {TD} at (2,2) size 146x26 [border: (1px inset #808080)] [r=0 c=0 rs=1 cs=1]
              RenderText {#text} at (2,2) size 21x22
                text run at (2,2) width 21: "foo"
            RenderTableCell {TD} at (150,2) size 146x26 [border: (1px inset #808080)] [r=0 c=1 rs=1 cs=1]
              RenderText {#text} at (2,2) size 21x22
                text run at (2,2) width 21: "foo"
      RenderBlock (anonymous) at (0,54) size 784x22
        RenderBR {BR} at (0,0) size 0x22
      RenderTable {TABLE} at (0,76) size 500x32 [border: (1px outset #808080)]
        RenderTableSection {TBODY} at (1,1) size 498x30
          RenderTableRow {TR} at (0,2) size 498x26
            RenderTableCell {TD} at (2,2) size 174x26 [bgcolor=#FF0000] [border: (1px inset #808080)] [r=0 c=0 rs=1 cs=1]
              RenderText {#text} at (2,2) size 77x22
                text run at (2,2) width 77: "fooooooooo"
            RenderTableCell {TD} at (178,2) size 174x26 [bgcolor=#008000] [border: (1px inset #808080)] [r=0 c=1 rs=1 cs=1]
              RenderText {#text} at (2,2) size 77x22
                text run at (2,2) width 77: "fooooooooo"
            RenderTableCell {TD} at (354,2) size 142x26 [bgcolor=#FFA500] [border: (1px inset #808080)] [r=0 c=2 rs=1 cs=1]
              RenderText {#text} at (2,2) size 96x22
                text run at (2,2) width 96: "foo foo foo foo"
      RenderBlock (anonymous) at (0,108) size 784x22
        RenderBR {BR} at (0,0) size 0x22
      RenderTable {TABLE} at (0,130) size 500x98 [border: (1px outset #808080)]
        RenderTableSection {TBODY} at (1,1) size 498x96
          RenderTableRow {TR} at (0,2) size 498x92
            RenderTableCell {TD} at (2,35) size 232x26 [bgcolor=#FF0000] [border: (1px inset #808080)] [r=0 c=0 rs=1 cs=1]
              RenderText {#text} at (2,2) size 77x22
                text run at (2,2) width 77: "fooooooooo"
            RenderTableCell {TD} at (236,35) size 233x26 [bgcolor=#008000] [border: (1px inset #808080)] [r=0 c=1 rs=1 cs=1]
              RenderText {#text} at (2,2) size 77x22
                text run at (2,2) width 77: "fooooooooo"
            RenderTableCell {TD} at (471,2) size 25x92 [bgcolor=#FFA500] [border: (1px inset #808080)] [r=0 c=2 rs=1 cs=1]
              RenderText {#text} at (2,2) size 21x88
                text run at (2,2) width 21: "foo"
                text run at (2,24) width 21: "foo"
                text run at (2,46) width 21: "foo"
                text run at (2,68) width 21: "foo"
      RenderBlock (anonymous) at (0,228) size 784x22
        RenderBR {BR} at (0,0) size 0x22
      RenderTable {TABLE} at (0,250) size 784x32 [border: (1px outset #808080)]
        RenderTableSection {TBODY} at (1,1) size 782x30
          RenderTableRow {TR} at (0,2) size 782x26
            RenderTableCell {TD} at (2,2) size 155x26 [bgcolor=#FFA500] [border: (1px inset #808080)] [r=0 c=0 rs=1 cs=1]
              RenderText {#text} at (2,2) size 96x22
                text run at (2,2) width 96: "foo foo foo foo"
            RenderTableCell {TD} at (159,2) size 154x26 [bgcolor=#0000FF] [border: (1px inset #808080)] [r=0 c=1 rs=1 cs=1]
              RenderText {#text} at (2,2) size 96x22
                text run at (2,2) width 96: "foo foo foo foo"
            RenderTableCell {TD} at (315,2) size 465x26 [bgcolor=#008000] [border: (1px inset #808080)] [r=0 c=2 rs=1 cs=1]
              RenderText {#text} at (367,2) size 96x22
                text run at (367,2) width 96: "foo foo foo foo"
      RenderBlock (anonymous) at (0,282) size 784x22
        RenderBR {BR} at (0,0) size 0x22
