layer at (0,0) size 800x600
  RenderView at (0,0) size 800x600
layer at (0,0) size 800x600
  RenderBlock {HTML} at (0,0) size 800x600
    RenderBody {BODY} at (8,8) size 784x584
      RenderBlock (anonymous) at (0,0) size 784x22
        RenderText {#text} at (0,0) size 304x22
          text run at (0,0) width 304: "table with no cells doesn't show up BEFORE"
      RenderTable {TABLE} at (0,22) size 100x6 [border: (1px outset #808080)]
        RenderTableSection {TBODY} at (1,1) size 98x4
          RenderTableRow {TR} at (0,2) size 98x0
      RenderBlock (anonymous) at (0,28) size 784x22
        RenderText {#text} at (0,0) size 36x22
          text run at (0,0) width 36: "after "
        RenderBR {BR} at (36,16) size 0x0
