layer at (0,0) size 800x600
  RenderView at (0,0) size 800x600
layer at (0,0) size 800x600
  RenderBlock {HTML} at (0,0) size 800x600
    RenderBody {BODY} at (8,8) size 784x584
      RenderTable {TABLE} at (0,0) size 784x58 [border: (1px outset #808080)]
        RenderTableSection {TBODY} at (1,1) size 782x56
          RenderTableRow {TR} at (0,2) size 782x25
            RenderTableCell {TD} at (2,2) size 81x25 [bgcolor=#FF0000] [border: (1px inset #808080)] [r=0 c=0 rs=1 cs=1]
              RenderText {#text} at (2,2) size 77x21
                text run at (2,2) width 77: "fooooooooo"
            RenderTableCell {TD} at (85,2) size 81x25 [bgcolor=#008000] [border: (1px inset #808080)] [r=0 c=1 rs=1 cs=1]
              RenderText {#text} at (2,2) size 77x21
                text run at (2,2) width 77: "fooooooooo"
            RenderTableCell {TD} at (168,2) size 308x25 [bgcolor=#FFA500] [border: (1px inset #808080)] [r=0 c=2 rs=1 cs=2]
              RenderText {#text} at (2,2) size 96x21
                text run at (2,2) width 96: "foo foo foo foo"
            RenderTableCell {TD} at (478,2) size 302x25 [bgcolor=#0000FF] [border: (1px inset #808080)] [r=0 c=4 rs=1 cs=1]
              RenderText {#text} at (2,2) size 96x21
                text run at (2,2) width 96: "foo foo foo foo"
          RenderTableRow {TR} at (0,29) size 782x25
            RenderTableCell {TD} at (2,29) size 81x25 [bgcolor=#FF0000] [border: (1px inset #808080)] [r=1 c=0 rs=1 cs=1]
              RenderText {#text} at (2,2) size 77x21
                text run at (2,2) width 77: "fooooooooo"
            RenderTableCell {TD} at (85,29) size 81x25 [bgcolor=#008000] [border: (1px inset #808080)] [r=1 c=1 rs=1 cs=1]
              RenderText {#text} at (2,2) size 77x21
                text run at (2,2) width 77: "fooooooooo"
            RenderTableCell {TD} at (168,29) size 153x25 [bgcolor=#FFA500] [border: (1px inset #808080)] [r=1 c=2 rs=1 cs=1]
              RenderText {#text} at (2,2) size 96x21
                text run at (2,2) width 96: "foo foo foo foo"
            RenderTableCell {TD} at (323,29) size 153x25 [bgcolor=#FFA500] [border: (1px inset #808080)] [r=1 c=3 rs=1 cs=1]
              RenderText {#text} at (2,2) size 96x21
                text run at (2,2) width 96: "foo foo foo foo"
            RenderTableCell {TD} at (478,29) size 302x25 [bgcolor=#0000FF] [border: (1px inset #808080)] [r=1 c=4 rs=1 cs=1]
              RenderText {#text} at (2,2) size 96x21
                text run at (2,2) width 96: "foo foo foo foo"
      RenderBlock (anonymous) at (0,58) size 784x21
        RenderBR {BR} at (0,0) size 0x21
      RenderTable {TABLE} at (0,79) size 290x31 [border: (1px outset #808080)]
        RenderTableSection {TBODY} at (1,1) size 288x29
          RenderTableRow {TR} at (0,2) size 288x25
            RenderTableCell {TD} at (2,2) size 224x25 [border: (1px inset #808080)] [r=0 c=0 rs=1 cs=1]
              RenderText {#text} at (2,2) size 21x21
                text run at (2,2) width 21: "foo"
            RenderTableCell {TD} at (228,2) size 28x25 [border: (1px inset #808080)] [r=0 c=1 rs=1 cs=1]
              RenderText {#text} at (2,2) size 24x21
                text run at (2,2) width 24: "bar"
            RenderTableCell {TD} at (258,2) size 28x25 [border: (1px inset #808080)] [r=0 c=2 rs=1 cs=1]
              RenderText {#text} at (2,2) size 24x21
                text run at (2,2) width 24: "zap"
