layer at (0,0) size 800x600
  RenderView at (0,0) size 800x600
layer at (0,0) size 800x600
  RenderBlock {HTML} at (0,0) size 800x600
    RenderBody {BODY} at (8,8) size 784x584
      RenderBlock (anonymous) at (0,0) size 784x22
        RenderText {#text} at (0,0) size 242x22
          text run at (0,0) width 242: "cell split with color (standard mode)"
      RenderTable {TABLE} at (0,22) size 31x32 [border: (1px outset #808080)]
        RenderTableCol {COLGROUP} at (0,0) size 0x0
          RenderTableCol {COL} at (0,0) size 0x0 [bgcolor=#FF0000]
          RenderTableCol {COL} at (0,0) size 0x0 [bgcolor=#0000FF]
        RenderTableSection {TBODY} at (1,1) size 29x30
          RenderTableRow {TR} at (0,2) size 29x26
            RenderTableCell {TD} at (2,2) size 25x26 [border: (1px inset #808080)] [r=0 c=0 rs=1 cs=2]
              RenderText {#text} at (2,2) size 21x22
                text run at (2,2) width 21: "foo"
      RenderBlock (anonymous) at (0,54) size 784x22
        RenderBR {BR} at (0,0) size 0x22
      RenderBlock {HR} at (0,84) size 602x2 [border: (1px inset #000000)]
      RenderBlock (anonymous) at (0,94) size 784x22
        RenderBR {BR} at (0,0) size 0x22
      RenderTable {TABLE} at (0,116) size 600x122
        RenderTableSection {TBODY} at (0,0) size 600x122
          RenderTableRow {TR} at (0,2) size 600x44
            RenderTableCell {TD} at (2,2) size 594x44 [r=0 c=0 rs=1 cs=3]
              RenderImage {IMG} at (8,1) size 579x42
              RenderText {#text} at (0,0) size 0x0
          RenderTableRow {TR} at (0,48) size 600x46
            RenderTableCell {TD} at (2,52) size 242x37 [r=1 c=0 rs=1 cs=1]
              RenderImage {IMG} at (1,1) size 232x35 [border: (1px solid #000000)]
            RenderTableCell {TD} at (246,48) size 142x46 [r=1 c=1 rs=1 cs=1]
              RenderText {#text} at (31,1) size 80x44
                text run at (31,1) width 80: "Hassle-Free"
                text run at (38,23) width 66: "Upgrades"
          RenderTableRow {TR} at (0,96) size 600x24
            RenderTableCell {TD} at (2,96) size 596x24 [bgcolor=#99CCCC] [r=2 c=0 rs=1 cs=4]
              RenderText {#text} at (1,1) size 8x22
                text run at (1,1) width 8: "x"
