layer at (0,0) size 808x584
  RenderView at (0,0) size 800x584
layer at (0,0) size 800x584
  RenderBlock {HTML} at (0,0) size 800x584
    RenderBody {BODY} at (8,8) size 784x568
      RenderTable {TABLE} at (0,0) size 206x37 [border: (1px outset #808080)]
        RenderTableSection {TBODY} at (1,1) size 204x35
          RenderTableRow {TR} at (0,2) size 204x31
            RenderTableCell {TD} at (2,2) size 200x31 [border: (1px inset #808080)] [r=0 c=0 rs=1 cs=1]
              RenderTable {TABLE} at (2,2) size 196x27 [bgcolor=#FFA500]
                RenderTableSection {TBODY} at (0,0) size 196x27
                  RenderTableRow {TR} at (0,2) size 196x23
                    RenderTableCell {TD} at (2,2) size 192x23 [r=0 c=0 rs=1 cs=1]
                      RenderText {#text} at (1,1) size 190x21
                        text run at (1,1) width 190: "nested in auto, width=100%"
      RenderBlock (anonymous) at (0,37) size 784x21
        RenderBR {BR} at (0,0) size 0x21
      RenderTable {TABLE} at (0,58) size 200x58 [border: (1px outset #808080)]
        RenderTableSection {TBODY} at (1,1) size 198x56
          RenderTableRow {TR} at (0,2) size 198x52
            RenderTableCell {TD} at (2,2) size 194x52 [border: (1px inset #808080)] [r=0 c=0 rs=1 cs=1]
              RenderTable {TABLE} at (2,2) size 190x48 [bgcolor=#00FF00]
                RenderTableSection {TBODY} at (0,0) size 190x48
                  RenderTableRow {TR} at (0,2) size 190x44
                    RenderTableCell {TD} at (2,2) size 186x44 [r=0 c=0 rs=1 cs=1]
                      RenderText {#text} at (1,1) size 101x42
                        text run at (1,1) width 101: "nested in fixed,"
                        text run at (1,22) width 88: "width=100%"
      RenderBlock (anonymous) at (0,116) size 784x21
        RenderBR {BR} at (0,0) size 0x21
      RenderTable {TABLE} at (0,137) size 800x37 [border: (1px outset #808080)]
        RenderTableSection {TBODY} at (1,1) size 798x35
          RenderTableRow {TR} at (0,2) size 798x31
            RenderTableCell {TD} at (2,2) size 794x31 [border: (1px inset #808080)] [r=0 c=0 rs=1 cs=1]
              RenderTable {TABLE} at (2,2) size 790x27 [bgcolor=#00FF00]
                RenderTableSection {TBODY} at (0,0) size 790x27
                  RenderTableRow {TR} at (0,2) size 790x23
                    RenderTableCell {TD} at (2,2) size 786x23 [r=0 c=0 rs=1 cs=1]
                      RenderText {#text} at (1,1) size 193x21
                        text run at (1,1) width 193: "nested in fixed, width=100%"
      RenderBlock (anonymous) at (0,174) size 784x21
        RenderBR {BR} at (0,0) size 0x21
      RenderTable {TABLE} at (0,195) size 242x37 [border: (1px outset #808080)]
        RenderTableSection {TBODY} at (1,1) size 240x35
          RenderTableRow {TR} at (0,2) size 240x31
            RenderTableCell {TD} at (2,2) size 200x31 [border: (1px inset #808080)] [r=0 c=0 rs=1 cs=1]
              RenderTable {TABLE} at (2,2) size 196x27
                RenderTableSection {TBODY} at (0,0) size 196x27
                  RenderTableRow {TR} at (0,2) size 196x23
                    RenderTableCell {TD} at (2,2) size 192x23 [r=0 c=0 rs=1 cs=1]
                      RenderText {#text} at (1,1) size 190x21
                        text run at (1,1) width 190: "nested in auto, width=100%"
            RenderTableCell {TD} at (204,5) size 34x25 [border: (1px inset #808080)] [r=0 c=1 rs=1 cs=1]
              RenderText {#text} at (2,2) size 30x21
                text run at (2,2) width 30: "auto"
      RenderBlock (anonymous) at (0,232) size 784x21
        RenderBR {BR} at (0,0) size 0x21
      RenderTable {TABLE} at (0,253) size 784x37 [border: (1px outset #808080)]
        RenderTableSection {TBODY} at (1,1) size 782x35
          RenderTableRow {TR} at (0,2) size 782x31
            RenderTableCell {TD} at (2,2) size 690x31 [border: (1px inset #808080)] [r=0 c=0 rs=1 cs=1]
              RenderTable {TABLE} at (2,2) size 343x27 [bgcolor=#00FF00]
                RenderTableSection {TBODY} at (0,0) size 343x27
                  RenderTableRow {TR} at (0,2) size 343x23
                    RenderTableCell {TD} at (2,2) size 339x23 [r=0 c=0 rs=1 cs=1]
                      RenderText {#text} at (1,1) size 192x21
                        text run at (1,1) width 192: "nested in 100%, width=50%"
            RenderTableCell {TD} at (694,5) size 86x25 [border: (1px inset #808080)] [r=0 c=1 rs=1 cs=1]
              RenderText {#text} at (2,2) size 21x21
                text run at (2,2) width 21: "foo"
      RenderBlock (anonymous) at (0,290) size 784x21
        RenderBR {BR} at (0,0) size 0x21
      RenderTable {TABLE} at (0,311) size 784x43 [border: (1px outset #808080)]
        RenderTableSection {TBODY} at (1,1) size 782x41
          RenderTableRow {TR} at (0,2) size 782x37
            RenderTableCell {TD} at (2,2) size 560x37 [border: (1px inset #808080)] [r=0 c=0 rs=1 cs=1]
              RenderTable {TABLE} at (2,2) size 278x33 [bgcolor=#00FF00]
                RenderTableSection {TBODY} at (0,0) size 278x33
                  RenderTableRow {TR} at (0,2) size 278x29
                    RenderTableCell {TD} at (2,2) size 274x29 [r=0 c=0 rs=1 cs=1]
                      RenderTable {TABLE} at (1,1) size 136x27 [bgcolor=#FF0000]
                        RenderTableSection {TBODY} at (0,0) size 136x27
                          RenderTableRow {TR} at (0,2) size 136x23
                            RenderTableCell {TD} at (2,2) size 132x23 [r=0 c=0 rs=1 cs=1]
                              RenderText {#text} at (1,1) size 49x21
                                text run at (1,1) width 49: "2n50%"
            RenderTableCell {TD} at (564,8) size 216x25 [border: (1px inset #808080)] [r=0 c=1 rs=1 cs=1]
              RenderText {#text} at (2,2) size 21x21
                text run at (2,2) width 21: "foo"
