layer at (0,0) size 784x861
  RenderView at (0,0) size 784x600
layer at (0,0) size 784x861
  RenderBlock {HTML} at (0,0) size 784x861
    RenderBody {BODY} at (8,8) size 768x845
      RenderBlock (anonymous) at (0,0) size 768x21
        RenderText {#text} at (0,0) size 167x21
          text run at (0,0) width 167: "Table auto, no cells fixed"
      RenderTable {TABLE} at (0,21) size 363x31 [border: (1px outset #808080)]
        RenderTableSection {TBODY} at (1,1) size 361x29
          RenderTableRow {TR} at (0,2) size 361x25
            RenderTableCell {TD} at (2,2) size 241x25 [border: (1px inset #808080)] [r=0 c=0 rs=1 cs=1]
              RenderText {#text} at (2,2) size 237x21
                text run at (2,2) width 237: "fooooooooooooooooooooooooooooo"
            RenderTableCell {TD} at (245,2) size 84x25 [border: (1px inset #808080)] [r=0 c=1 rs=1 cs=1]
              RenderText {#text} at (2,2) size 80x21
                text run at (2,2) width 80: "barrrrrrrrr"
            RenderTableCell {TD} at (331,2) size 28x25 [border: (1px inset #808080)] [r=0 c=2 rs=1 cs=1]
              RenderText {#text} at (2,2) size 24x21
                text run at (2,2) width 24: "zap"
      RenderBlock (anonymous) at (0,52) size 768x42
        RenderBR {BR} at (0,0) size 0x21
        RenderText {#text} at (0,21) size 170x21
          text run at (0,21) width 170: "Table fixed, no cells fixed"
      RenderTable {TABLE} at (0,94) size 500x31 [border: (1px outset #808080)]
        RenderTableSection {TBODY} at (1,1) size 498x29
          RenderTableRow {TR} at (0,2) size 498x25
            RenderTableCell {TD} at (2,2) size 334x25 [border: (1px inset #808080)] [r=0 c=0 rs=1 cs=1]
              RenderText {#text} at (2,2) size 237x21
                text run at (2,2) width 237: "fooooooooooooooooooooooooooooo"
            RenderTableCell {TD} at (338,2) size 117x25 [border: (1px inset #808080)] [r=0 c=1 rs=1 cs=1]
              RenderText {#text} at (2,2) size 80x21
                text run at (2,2) width 80: "barrrrrrrrr"
            RenderTableCell {TD} at (457,2) size 39x25 [border: (1px inset #808080)] [r=0 c=2 rs=1 cs=1]
              RenderText {#text} at (2,2) size 24x21
                text run at (2,2) width 24: "zap"
      RenderBlock (anonymous) at (0,125) size 768x42
        RenderBR {BR} at (0,0) size 0x21
        RenderText {#text} at (0,21) size 170x21
          text run at (0,21) width 170: "Table fixed, no cells fixed"
      RenderTable {TABLE} at (0,167) size 200x73 [border: (1px outset #808080)]
        RenderTableSection {TBODY} at (1,1) size 198x71
          RenderTableRow {TR} at (0,2) size 198x67
            RenderTableCell {TD} at (2,2) size 119x67 [border: (1px inset #808080)] [r=0 c=0 rs=1 cs=1]
              RenderText {#text} at (2,2) size 113x63
                text run at (2,2) width 113: "fo oo oo oo oo oo"
                text run at (2,23) width 96: "oo oo oo oo oo"
                text run at (2,44) width 76: "oo oo oo oo"
            RenderTableCell {TD} at (123,2) size 43x67 [border: (1px inset #808080)] [r=0 c=1 rs=1 cs=1]
              RenderText {#text} at (2,2) size 31x63
                text run at (2,2) width 31: "barr"
                text run at (2,23) width 28: "rrrr"
                text run at (2,44) width 28: "rrrr"
            RenderTableCell {TD} at (168,23) size 28x25 [border: (1px inset #808080)] [r=0 c=2 rs=1 cs=1]
              RenderText {#text} at (2,2) size 24x21
                text run at (2,2) width 24: "zap"
      RenderBlock (anonymous) at (0,240) size 768x42
        RenderBR {BR} at (0,0) size 0x21
        RenderText {#text} at (0,21) size 163x21
          text run at (0,21) width 163: "Table auto, 1st cell fixed"
      RenderTable {TABLE} at (0,282) size 140x31 [border: (1px outset #808080)]
        RenderTableSection {TBODY} at (1,1) size 138x29
          RenderTableRow {TR} at (0,2) size 138x25
            RenderTableCell {TD} at (2,2) size 104x25 [border: (1px inset #808080)] [r=0 c=0 rs=1 cs=1]
              RenderText {#text} at (2,2) size 45x21
                text run at (2,2) width 45: "fooooo"
            RenderTableCell {TD} at (108,2) size 28x25 [border: (1px inset #808080)] [r=0 c=1 rs=1 cs=1]
              RenderText {#text} at (2,2) size 24x21
                text run at (2,2) width 24: "bar"
      RenderBlock (anonymous) at (0,313) size 768x42
        RenderBR {BR} at (0,0) size 0x21
        RenderText {#text} at (0,21) size 166x21
          text run at (0,21) width 166: "Table fixed, 1st cell fixed"
      RenderTable {TABLE} at (0,355) size 500x31 [border: (1px outset #808080)]
        RenderTableSection {TBODY} at (1,1) size 498x29
          RenderTableRow {TR} at (0,2) size 498x25
            RenderTableCell {TD} at (2,2) size 104x25 [border: (1px inset #808080)] [r=0 c=0 rs=1 cs=1]
              RenderText {#text} at (2,2) size 45x21
                text run at (2,2) width 45: "fooooo"
            RenderTableCell {TD} at (108,2) size 388x25 [border: (1px inset #808080)] [r=0 c=1 rs=1 cs=1]
              RenderText {#text} at (2,2) size 24x21
                text run at (2,2) width 24: "bar"
      RenderBlock (anonymous) at (0,386) size 768x42
        RenderBR {BR} at (0,0) size 0x21
        RenderText {#text} at (0,21) size 227x21
          text run at (0,21) width 227: "Table auto, 1st cell fixed too small"
      RenderTable {TABLE} at (0,428) size 277x31 [border: (1px outset #808080)]
        RenderTableSection {TBODY} at (1,1) size 275x29
          RenderTableRow {TR} at (0,2) size 275x25
            RenderTableCell {TD} at (2,2) size 241x25 [border: (1px inset #808080)] [r=0 c=0 rs=1 cs=1]
              RenderText {#text} at (2,2) size 237x21
                text run at (2,2) width 237: "fooooooooooooooooooooooooooooo"
            RenderTableCell {TD} at (245,2) size 28x25 [border: (1px inset #808080)] [r=0 c=1 rs=1 cs=1]
              RenderText {#text} at (2,2) size 24x21
                text run at (2,2) width 24: "bar"
      RenderBlock (anonymous) at (0,459) size 768x42
        RenderBR {BR} at (0,0) size 0x21
        RenderText {#text} at (0,21) size 230x21
          text run at (0,21) width 230: "Table fixed, 1st cell fixed too small"
      RenderTable {TABLE} at (0,501) size 500x31 [border: (1px outset #808080)]
        RenderTableSection {TBODY} at (1,1) size 498x29
          RenderTableRow {TR} at (0,2) size 498x25
            RenderTableCell {TD} at (2,2) size 241x25 [border: (1px inset #808080)] [r=0 c=0 rs=1 cs=1]
              RenderText {#text} at (2,2) size 237x21
                text run at (2,2) width 237: "fooooooooooooooooooooooooooooo"
            RenderTableCell {TD} at (245,2) size 251x25 [border: (1px inset #808080)] [r=0 c=1 rs=1 cs=1]
              RenderText {#text} at (2,2) size 24x21
                text run at (2,2) width 24: "bar"
      RenderBlock (anonymous) at (0,532) size 768x42
        RenderBR {BR} at (0,0) size 0x21
        RenderText {#text} at (0,21) size 181x21
          text run at (0,21) width 181: "Table auto, both cells fixed"
      RenderTable {TABLE} at (0,574) size 216x31 [border: (1px outset #808080)]
        RenderTableSection {TBODY} at (1,1) size 214x29
          RenderTableRow {TR} at (0,2) size 214x25
            RenderTableCell {TD} at (2,2) size 104x25 [border: (1px inset #808080)] [r=0 c=0 rs=1 cs=1]
              RenderText {#text} at (2,2) size 37x21
                text run at (2,2) width 37: "foooo"
            RenderTableCell {TD} at (108,2) size 104x25 [border: (1px inset #808080)] [r=0 c=1 rs=1 cs=1]
              RenderText {#text} at (2,2) size 24x21
                text run at (2,2) width 24: "bar"
      RenderBlock (anonymous) at (0,605) size 768x42
        RenderBR {BR} at (0,0) size 0x21
        RenderText {#text} at (0,21) size 184x21
          text run at (0,21) width 184: "Table fixed, both cells fixed"
      RenderTable {TABLE} at (0,647) size 500x31 [border: (1px outset #808080)]
        RenderTableSection {TBODY} at (1,1) size 498x29
          RenderTableRow {TR} at (0,2) size 498x25
            RenderTableCell {TD} at (2,2) size 246x25 [border: (1px inset #808080)] [r=0 c=0 rs=1 cs=1]
              RenderText {#text} at (2,2) size 37x21
                text run at (2,2) width 37: "foooo"
            RenderTableCell {TD} at (250,2) size 246x25 [border: (1px inset #808080)] [r=0 c=1 rs=1 cs=1]
              RenderText {#text} at (2,2) size 24x21
                text run at (2,2) width 24: "bar"
      RenderBlock (anonymous) at (0,678) size 768x42
        RenderBR {BR} at (0,0) size 0x21
        RenderText {#text} at (0,21) size 300x21
          text run at (0,21) width 300: "Table auto, both cells fixed, 1st one too small"
      RenderTable {TABLE} at (0,720) size 353x31 [border: (1px outset #808080)]
        RenderTableSection {TBODY} at (1,1) size 351x29
          RenderTableRow {TR} at (0,2) size 351x25
            RenderTableCell {TD} at (2,2) size 241x25 [border: (1px inset #808080)] [r=0 c=0 rs=1 cs=1]
              RenderText {#text} at (2,2) size 237x21
                text run at (2,2) width 237: "fooooooooooooooooooooooooooooo"
            RenderTableCell {TD} at (245,2) size 104x25 [border: (1px inset #808080)] [r=0 c=1 rs=1 cs=1]
              RenderText {#text} at (2,2) size 24x21
                text run at (2,2) width 24: "bar"
      RenderBlock (anonymous) at (0,751) size 768x42
        RenderBR {BR} at (0,0) size 0x21
        RenderText {#text} at (0,21) size 338x21
          text run at (0,21) width 338: "Table fixed, both cells fixed, 1st cell fixed too small"
      RenderTable {TABLE} at (0,793) size 500x31 [border: (1px outset #808080)]
        RenderTableSection {TBODY} at (1,1) size 498x29
          RenderTableRow {TR} at (0,2) size 498x25
            RenderTableCell {TD} at (2,2) size 343x25 [border: (1px inset #808080)] [r=0 c=0 rs=1 cs=1]
              RenderText {#text} at (2,2) size 237x21
                text run at (2,2) width 237: "fooooooooooooooooooooooooooooo"
            RenderTableCell {TD} at (347,2) size 149x25 [border: (1px inset #808080)] [r=0 c=1 rs=1 cs=1]
              RenderText {#text} at (2,2) size 24x21
                text run at (2,2) width 24: "bar"
      RenderBlock (anonymous) at (0,824) size 768x21
        RenderBR {BR} at (0,0) size 0x21
