layer at (0,0) size 784x924
  RenderView at (0,0) size 784x600
layer at (0,0) size 784x924
  RenderBlock {HTML} at (0,0) size 784x924
    RenderBody {BODY} at (8,8) size 768x908
      RenderBlock (anonymous) at (0,0) size 768x21
        RenderText {#text} at (0,0) size 92x21
          text run at (0,0) width 92: "ROWSPANS"
      RenderTable {TABLE} at (0,21) size 144x66 [border: (5px outset #808080)]
        RenderTableSection {TBODY} at (5,5) size 134x56
          RenderTableRow {TR} at (0,2) size 134x25
            RenderTableCell {TD} at (2,15) size 42x25 [border: (1px inset #808080)] [r=0 c=0 rs=2 cs=1]
              RenderText {#text} at (2,2) size 38x21
                text run at (2,2) width 38: "auto1"
            RenderTableCell {TD} at (46,2) size 42x25 [border: (1px inset #808080)] [r=0 c=1 rs=1 cs=1]
              RenderText {#text} at (2,2) size 38x21
                text run at (2,2) width 38: "auto2"
          RenderTableRow {TR} at (0,29) size 134x25
            RenderTableCell {TD} at (46,29) size 42x25 [border: (1px inset #808080)] [r=1 c=1 rs=1 cs=1]
              RenderText {#text} at (2,2) size 38x21
                text run at (2,2) width 38: "auto3"
            RenderTableCell {TD} at (90,29) size 42x25 [border: (1px inset #808080)] [r=1 c=2 rs=1 cs=1]
              RenderText {#text} at (2,2) size 38x21
                text run at (2,2) width 38: "auto4"
      RenderTable {TABLE} at (0,87) size 274x85 [border: (1px outset #808080)]
        RenderTableSection {TBODY} at (1,1) size 272x83
          RenderTableRow {TR} at (0,2) size 272x25
            RenderTableCell {TD} at (2,29) size 196x25 [border: (1px inset #808080)] [r=0 c=0 rs=3 cs=1]
              RenderText {#text} at (2,2) size 192x21
                text run at (2,2) width 192: "c0r[2-6],Data 2 span=3 rows"
            RenderTableCell {TD} at (200,2) size 34x25 [border: (1px inset #808080)] [r=0 c=1 rs=1 cs=1]
              RenderText {#text} at (2,2) size 30x21
                text run at (2,2) width 30: "c0r2"
            RenderTableCell {TD} at (236,2) size 34x25 [border: (1px inset #808080)] [r=0 c=2 rs=1 cs=1]
              RenderText {#text} at (2,2) size 30x21
                text run at (2,2) width 30: "c1r2"
          RenderTableRow {TR} at (0,29) size 272x25
            RenderTableCell {TD} at (200,29) size 34x25 [border: (1px inset #808080)] [r=1 c=1 rs=1 cs=1]
              RenderText {#text} at (2,2) size 30x21
                text run at (2,2) width 30: "c0r3"
            RenderTableCell {TD} at (236,29) size 34x25 [border: (1px inset #808080)] [r=1 c=2 rs=1 cs=1]
              RenderText {#text} at (2,2) size 30x21
                text run at (2,2) width 30: "c1r3"
          RenderTableRow {TR} at (0,56) size 272x25
            RenderTableCell {TD} at (200,56) size 34x25 [border: (1px inset #808080)] [r=2 c=1 rs=1 cs=1]
              RenderText {#text} at (2,2) size 30x21
                text run at (2,2) width 30: "c0r4"
            RenderTableCell {TD} at (236,56) size 34x25 [border: (1px inset #808080)] [r=2 c=2 rs=1 cs=1]
              RenderText {#text} at (2,2) size 30x21
                text run at (2,2) width 30: "c1r4"
      RenderBlock (anonymous) at (0,172) size 768x21
        RenderBR {BR} at (0,0) size 0x21
      RenderTable {TABLE} at (0,193) size 274x220 [border: (1px outset #808080)]
        RenderTableSection {TBODY} at (1,1) size 272x218
          RenderTableRow {TR} at (0,2) size 272x25
            RenderTableCell {TD} at (2,56) size 196x25 [border: (1px inset #808080)] [r=0 c=0 rs=5 cs=1]
              RenderText {#text} at (2,2) size 192x21
                text run at (2,2) width 192: "c0r[2-6],Data 2 span=5 rows"
            RenderTableCell {TD} at (200,2) size 34x25 [border: (1px inset #808080)] [r=0 c=1 rs=1 cs=1]
              RenderText {#text} at (2,2) size 30x21
                text run at (2,2) width 30: "c0r2"
            RenderTableCell {TD} at (236,2) size 34x25 [border: (1px inset #808080)] [r=0 c=2 rs=1 cs=1]
              RenderText {#text} at (2,2) size 30x21
                text run at (2,2) width 30: "c1r2"
          RenderTableRow {TR} at (0,29) size 272x25
            RenderTableCell {TD} at (200,29) size 34x25 [border: (1px inset #808080)] [r=1 c=1 rs=1 cs=1]
              RenderText {#text} at (2,2) size 30x21
                text run at (2,2) width 30: "c0r3"
            RenderTableCell {TD} at (236,29) size 34x25 [border: (1px inset #808080)] [r=1 c=2 rs=1 cs=1]
              RenderText {#text} at (2,2) size 30x21
                text run at (2,2) width 30: "c1r3"
          RenderTableRow {TR} at (0,56) size 272x25
            RenderTableCell {TD} at (200,56) size 34x25 [border: (1px inset #808080)] [r=2 c=1 rs=1 cs=1]
              RenderText {#text} at (2,2) size 30x21
                text run at (2,2) width 30: "c0r4"
            RenderTableCell {TD} at (236,56) size 34x25 [border: (1px inset #808080)] [r=2 c=2 rs=1 cs=1]
              RenderText {#text} at (2,2) size 30x21
                text run at (2,2) width 30: "c1r4"
          RenderTableRow {TR} at (0,83) size 272x25
            RenderTableCell {TD} at (200,83) size 34x25 [border: (1px inset #808080)] [r=3 c=1 rs=1 cs=1]
              RenderText {#text} at (2,2) size 30x21
                text run at (2,2) width 30: "c0r5"
            RenderTableCell {TD} at (236,83) size 34x25 [border: (1px inset #808080)] [r=3 c=2 rs=1 cs=1]
              RenderText {#text} at (2,2) size 30x21
                text run at (2,2) width 30: "c1r5"
          RenderTableRow {TR} at (0,110) size 272x25
            RenderTableCell {TD} at (200,110) size 34x25 [border: (1px inset #808080)] [r=4 c=1 rs=1 cs=1]
              RenderText {#text} at (2,2) size 30x21
                text run at (2,2) width 30: "c0r6"
            RenderTableCell {TD} at (236,110) size 34x25 [border: (1px inset #808080)] [r=4 c=2 rs=1 cs=1]
              RenderText {#text} at (2,2) size 30x21
                text run at (2,2) width 30: "c1r6"
          RenderTableRow {TR} at (0,137) size 272x25
            RenderTableCell {TD} at (2,164) size 196x25 [border: (1px inset #808080)] [r=5 c=0 rs=3 cs=1]
              RenderText {#text} at (2,2) size 143x21
                text run at (2,2) width 143: "c0r[7-9] span=3 rows"
            RenderTableCell {TD} at (200,137) size 34x25 [border: (1px inset #808080)] [r=5 c=1 rs=1 cs=1]
              RenderText {#text} at (2,2) size 30x21
                text run at (2,2) width 30: "c0r7"
            RenderTableCell {TD} at (236,137) size 34x25 [border: (1px inset #808080)] [r=5 c=2 rs=1 cs=1]
              RenderText {#text} at (2,2) size 30x21
                text run at (2,2) width 30: "c1r7"
          RenderTableRow {TR} at (0,164) size 272x25
            RenderTableCell {TD} at (200,164) size 34x25 [border: (1px inset #808080)] [r=6 c=1 rs=1 cs=1]
              RenderText {#text} at (2,2) size 30x21
                text run at (2,2) width 30: "c0r8"
            RenderTableCell {TD} at (236,164) size 34x25 [border: (1px inset #808080)] [r=6 c=2 rs=1 cs=1]
              RenderText {#text} at (2,2) size 30x21
                text run at (2,2) width 30: "c1r8"
          RenderTableRow {TR} at (0,191) size 272x25
            RenderTableCell {TD} at (200,191) size 34x25 [border: (1px inset #808080)] [r=7 c=1 rs=1 cs=1]
              RenderText {#text} at (2,2) size 30x21
                text run at (2,2) width 30: "c0r9"
            RenderTableCell {TD} at (236,191) size 34x25 [border: (1px inset #808080)] [r=7 c=2 rs=1 cs=1]
              RenderText {#text} at (2,2) size 30x21
                text run at (2,2) width 30: "c1r9"
      RenderBlock (anonymous) at (0,413) size 768x21
        RenderBR {BR} at (0,0) size 0x21
      RenderTable {TABLE} at (0,434) size 65x58 [border: (1px outset #808080)]
        RenderTableSection {TBODY} at (1,1) size 63x56
          RenderTableRow {TR} at (0,2) size 63x25
            RenderTableCell {TD} at (2,2) size 28x25 [border: (1px inset #808080)] [r=0 c=0 rs=1 cs=1]
              RenderText {#text} at (2,2) size 24x21
                text run at (2,2) width 24: "one"
            RenderTableCell {TD} at (32,15) size 29x25 [border: (1px inset #808080)] [r=0 c=1 rs=2 cs=1]
              RenderText {#text} at (2,2) size 25x21
                text run at (2,2) width 25: "two"
          RenderTableRow {TR} at (0,29) size 63x25
            RenderTableCell {TD} at (2,29) size 59x25 [border: (1px inset #808080)] [r=1 c=0 rs=1 cs=2]
              RenderText {#text} at (12,2) size 35x21
                text run at (12,2) width 35: "three"
      RenderTable {TABLE} at (0,492) size 61x31 [border: (1px outset #808080)]
        RenderTableSection {TBODY} at (1,1) size 59x29
          RenderTableRow {TR} at (0,2) size 59x0
            RenderTableCell {TD} at (2,2) size 25x25 [border: (1px inset #808080)] [r=0 c=0 rs=2 cs=1]
              RenderText {#text} at (2,2) size 21x21
                text run at (2,2) width 21: "foo"
          RenderTableRow {TR} at (0,4) size 59x23
            RenderTableCell {TD} at (29,3) size 28x25 [border: (1px inset #808080)] [r=1 c=1 rs=2 cs=1]
              RenderText {#text} at (2,2) size 24x21
                text run at (2,2) width 24: "bar"
      RenderBlock (anonymous) at (0,523) size 768x21
        RenderBR {BR} at (0,0) size 0x21
      RenderTable {TABLE} at (0,544) size 602x364 [border: (1px outset #808080)]
        RenderTableSection {TBODY} at (1,1) size 600x362
          RenderTableRow {TR} at (0,0) size 600x0
            RenderTableCell {TD} at (0,0) size 502x362 [bgcolor=#FFFFFF] [border: (1px inset #808080)] [r=0 c=0 rs=2 cs=2]
              RenderImage {IMG} at (1,1) size 132x360
          RenderTableRow {TR} at (0,0) size 600x362
            RenderTableCell {TD} at (502,169) size 98x23 [border: (1px inset #808080)] [r=1 c=2 rs=1 cs=6]
              RenderText {#text} at (73,1) size 24x21
                text run at (73,1) width 24: "xxx"
