layer at (0,0) size 800x600
  RenderView at (0,0) size 800x600
layer at (0,0) size 800x600
  RenderBlock {HTML} at (0,0) size 800x600
    RenderBody {BODY} at (8,8) size 784x584
      RenderTable {TABLE} at (0,0) size 72x48 [border: none]
        RenderTableSection {TBODY} at (0,0) size 71x47
          RenderTableRow {TR} at (0,0) size 71x24
            RenderTableCell {TD} at (0,0) size 36x24 [border: (1px none #000000)] [r=0 c=0 rs=1 cs=1]
              RenderText {#text} at (2,2) size 33x21
                text run at (2,2) width 33: "rules"
            RenderTableCell {TD} at (36,0) size 35x24 [border: (1px none #000000)] [r=0 c=1 rs=1 cs=1]
              RenderText {#text} at (1,2) size 33x21
                text run at (1,2) width 33: "none"
          RenderTableRow {TR} at (0,24) size 71x23
            RenderTableCell {TD} at (0,24) size 36x23 [border: none] [r=1 c=0 rs=1 cs=1]
              RenderText {#text} at (2,1) size 33x21
                text run at (2,1) width 33: "rules"
            RenderTableCell {TD} at (36,24) size 35x23 [r=1 c=1 rs=1 cs=1]
              RenderText {#text} at (1,1) size 33x21
                text run at (1,1) width 33: "none"
      RenderBlock (anonymous) at (0,48) size 784x21
        RenderBR {BR} at (0,0) size 0x21
      RenderTable {TABLE} at (0,69) size 123x95 [border: none]
        RenderTableSection {TBODY} at (0,0) size 122x47 [border: (1px solid #808080) none (1px solid #808080) none]
          RenderTableRow {TR} at (0,0) size 122x24
            RenderTableCell {TD} at (0,0) size 36x24 [border: (1px none #000000)] [r=0 c=0 rs=1 cs=1]
              RenderText {#text} at (2,2) size 33x21
                text run at (2,2) width 33: "rules"
            RenderTableCell {TD} at (36,0) size 86x24 [border: (1px none #000000)] [r=0 c=1 rs=1 cs=1]
              RenderText {#text} at (1,2) size 84x21
                text run at (1,2) width 84: "row group 1"
          RenderTableRow {TR} at (0,24) size 122x23
            RenderTableCell {TD} at (0,24) size 36x23 [border: none] [r=1 c=0 rs=1 cs=1]
              RenderText {#text} at (2,1) size 33x21
                text run at (2,1) width 33: "rules"
            RenderTableCell {TD} at (36,24) size 86x23 [r=1 c=1 rs=1 cs=1]
              RenderText {#text} at (1,1) size 84x21
                text run at (1,1) width 84: "row group 1"
        RenderTableSection {TBODY} at (0,47) size 122x47 [border: (1px solid #808080) none (1px solid #808080) none]
          RenderTableRow {TR} at (0,0) size 122x24
            RenderTableCell {TD} at (0,0) size 36x24 [border: (1px none #000000)] [r=0 c=0 rs=1 cs=1]
              RenderText {#text} at (2,2) size 33x21
                text run at (2,2) width 33: "rules"
            RenderTableCell {TD} at (36,0) size 86x24 [border: (1px none #000000)] [r=0 c=1 rs=1 cs=1]
              RenderText {#text} at (1,2) size 84x21
                text run at (1,2) width 84: "row group 2"
          RenderTableRow {TR} at (0,24) size 122x23
            RenderTableCell {TD} at (0,24) size 36x23 [border: none] [r=1 c=0 rs=1 cs=1]
              RenderText {#text} at (2,1) size 33x21
                text run at (2,1) width 33: "rules"
            RenderTableCell {TD} at (36,24) size 86x23 [r=1 c=1 rs=1 cs=1]
              RenderText {#text} at (1,1) size 84x21
                text run at (1,1) width 84: "row group 2"
      RenderBlock (anonymous) at (0,164) size 784x21
        RenderBR {BR} at (0,0) size 0x21
      RenderTable {TABLE} at (0,185) size 229x48 [border: none]
        RenderTableCol {COLGROUP} at (0,0) size 0x0 [border: (1px solid #000000) none (1px solid #000000)]
          RenderTableCol {COL} at (0,0) size 0x0
          RenderTableCol {COL} at (0,0) size 0x0
        RenderTableCol {COLGROUP} at (0,0) size 0x0 [border: (1px solid #000000) none (1px solid #000000)]
          RenderTableCol {COL} at (0,0) size 0x0
          RenderTableCol {COL} at (0,0) size 0x0
        RenderTableSection {TBODY} at (0,0) size 228x47 [border: (1px solid #808080) none (1px solid #808080) none]
          RenderTableRow {TR} at (0,0) size 228x24
            RenderTableCell {TD} at (0,0) size 36x24 [border: (1px none #000000)] [r=0 c=0 rs=1 cs=1]
              RenderText {#text} at (2,2) size 33x21
                text run at (2,2) width 33: "rules"
            RenderTableCell {TD} at (36,0) size 78x24 [border: (1px none #000000)] [r=0 c=1 rs=1 cs=1]
              RenderText {#text} at (1,2) size 76x21
                text run at (1,2) width 76: "col group 1"
            RenderTableCell {TD} at (114,0) size 36x24 [border: (1px none #000000)] [r=0 c=2 rs=1 cs=1]
              RenderText {#text} at (2,2) size 33x21
                text run at (2,2) width 33: "rules"
            RenderTableCell {TD} at (150,0) size 78x24 [border: (1px none #000000)] [r=0 c=3 rs=1 cs=1]
              RenderText {#text} at (1,2) size 76x21
                text run at (1,2) width 76: "col group 2"
          RenderTableRow {TR} at (0,24) size 228x23
            RenderTableCell {TD} at (0,24) size 36x23 [border: none] [r=1 c=0 rs=1 cs=1]
              RenderText {#text} at (2,1) size 33x21
                text run at (2,1) width 33: "rules"
            RenderTableCell {TD} at (36,24) size 78x23 [r=1 c=1 rs=1 cs=1]
              RenderText {#text} at (1,1) size 76x21
                text run at (1,1) width 76: "col group 1"
            RenderTableCell {TD} at (114,24) size 36x23 [border: none] [r=1 c=2 rs=1 cs=1]
              RenderText {#text} at (2,1) size 33x21
                text run at (2,1) width 33: "rules"
            RenderTableCell {TD} at (150,24) size 78x23 [r=1 c=3 rs=1 cs=1]
              RenderText {#text} at (1,1) size 76x21
                text run at (1,1) width 76: "col group 2"
      RenderBlock (anonymous) at (0,233) size 784x21
        RenderBR {BR} at (0,0) size 0x21
      RenderTable {TABLE} at (0,254) size 72x49 [border: none]
        RenderTableSection {TBODY} at (0,0) size 71x48
          RenderTableRow {TR} at (0,0) size 71x24
            RenderTableCell {TD} at (0,0) size 36x24 [border: (1px solid #808080) none none (1px none #808080)] [r=0 c=0 rs=1 cs=1]
              RenderText {#text} at (2,2) size 33x21
                text run at (2,2) width 33: "rules"
            RenderTableCell {TD} at (36,0) size 35x24 [border: (1px solid #808080) none none none] [r=0 c=1 rs=1 cs=1]
              RenderText {#text} at (1,2) size 33x21
                text run at (1,2) width 33: "rows"
          RenderTableRow {TR} at (0,24) size 71x24
            RenderTableCell {TD} at (0,24) size 36x24 [border: (1px solid #808080) none none (1px none #808080)] [r=1 c=0 rs=1 cs=1]
              RenderText {#text} at (2,2) size 33x21
                text run at (2,2) width 33: "rules"
            RenderTableCell {TD} at (36,24) size 35x24 [border: (1px solid #808080) none none none] [r=1 c=1 rs=1 cs=1]
              RenderText {#text} at (1,2) size 33x21
                text run at (1,2) width 33: "rows"
      RenderBlock (anonymous) at (0,303) size 784x21
        RenderBR {BR} at (0,0) size 0x21
      RenderTable {TABLE} at (0,324) size 65x48 [border: none]
        RenderTableSection {TBODY} at (0,0) size 64x47
          RenderTableRow {TR} at (0,0) size 64x24
            RenderTableCell {TD} at (0,0) size 36x24 [border: (1px none #808080) none none (1px solid #808080)] [r=0 c=0 rs=1 cs=1]
              RenderText {#text} at (2,2) size 33x21
                text run at (2,2) width 33: "rules"
            RenderTableCell {TD} at (36,0) size 28x24 [border: (1px none #808080) none none (1px solid #808080)] [r=0 c=1 rs=1 cs=1]
              RenderText {#text} at (2,2) size 25x21
                text run at (2,2) width 25: "cols"
          RenderTableRow {TR} at (0,24) size 64x23
            RenderTableCell {TD} at (0,24) size 36x23 [border: none none none (1px solid #808080)] [r=1 c=0 rs=1 cs=1]
              RenderText {#text} at (2,1) size 33x21
                text run at (2,1) width 33: "rules"
            RenderTableCell {TD} at (36,24) size 28x23 [border: none none none (1px solid #808080)] [r=1 c=1 rs=1 cs=1]
              RenderText {#text} at (2,1) size 25x21
                text run at (2,1) width 25: "cols"
      RenderBlock (anonymous) at (0,372) size 784x21
        RenderBR {BR} at (0,0) size 0x21
      RenderTable {TABLE} at (0,393) size 56x49 [border: none]
        RenderTableSection {TBODY} at (0,0) size 55x48
          RenderTableRow {TR} at (0,0) size 55x24
            RenderTableCell {TD} at (0,0) size 36x24 [border: (1px solid #808080)] [r=0 c=0 rs=1 cs=1]
              RenderText {#text} at (2,2) size 33x21
                text run at (2,2) width 33: "rules"
            RenderTableCell {TD} at (36,0) size 19x24 [border: (1px solid #808080)] [r=0 c=1 rs=1 cs=1]
              RenderText {#text} at (2,2) size 16x21
                text run at (2,2) width 16: "all"
          RenderTableRow {TR} at (0,24) size 55x24
            RenderTableCell {TD} at (0,24) size 36x24 [border: (1px solid #808080)] [r=1 c=0 rs=1 cs=1]
              RenderText {#text} at (2,2) size 33x21
                text run at (2,2) width 33: "rules"
            RenderTableCell {TD} at (36,24) size 19x24 [border: (1px solid #808080)] [r=1 c=1 rs=1 cs=1]
              RenderText {#text} at (2,2) size 16x21
                text run at (2,2) width 16: "all"
      RenderBlock (anonymous) at (0,442) size 784x21
        RenderBR {BR} at (0,0) size 0x21
