layer at (0,0) size 800x600
  RenderView at (0,0) size 800x600
layer at (0,0) size 800x600
  RenderBlock {HTML} at (0,0) size 800x600
    RenderBody {BODY} at (8,8) size 784x584
      RenderTable {TABLE} at (0,0) size 83x29
        RenderTableSection {TBODY} at (0,0) size 83x29
          RenderTableRow {TR} at (0,2) size 83x25
            RenderTableCell {TD} at (2,2) size 44x25 [border: (1px inset #808080)] [r=0 c=0 rs=1 cs=1]
              RenderText {#text} at (2,2) size 40x21
                text run at (2,2) width 40: "frame"
            RenderTableCell {TD} at (48,2) size 33x25 [border: (1px inset #808080)] [r=0 c=1 rs=1 cs=1]
              RenderText {#text} at (2,2) size 29x21
                text run at (2,2) width 29: "void"
      RenderBlock (anonymous) at (0,29) size 784x21
        RenderBR {BR} at (0,0) size 0x21
      RenderTable {TABLE} at (0,50) size 94x30 [border: (1px solid #808080) none]
        RenderTableSection {TBODY} at (0,1) size 94x29
          RenderTableRow {TR} at (0,2) size 94x25
            RenderTableCell {TD} at (2,2) size 44x25 [border: (1px inset #808080)] [r=0 c=0 rs=1 cs=1]
              RenderText {#text} at (2,2) size 40x21
                text run at (2,2) width 40: "frame"
            RenderTableCell {TD} at (48,2) size 44x25 [border: (1px inset #808080)] [r=0 c=1 rs=1 cs=1]
              RenderText {#text} at (2,2) size 40x21
                text run at (2,2) width 40: "above"
      RenderBlock (anonymous) at (0,80) size 784x21
        RenderBR {BR} at (0,0) size 0x21
      RenderTable {TABLE} at (0,101) size 94x30 [border: none (1px solid #808080) none]
        RenderTableSection {TBODY} at (0,0) size 94x29
          RenderTableRow {TR} at (0,2) size 94x25
            RenderTableCell {TD} at (2,2) size 44x25 [border: (1px inset #808080)] [r=0 c=0 rs=1 cs=1]
              RenderText {#text} at (2,2) size 40x21
                text run at (2,2) width 40: "frame"
            RenderTableCell {TD} at (48,2) size 44x25 [border: (1px inset #808080)] [r=0 c=1 rs=1 cs=1]
              RenderText {#text} at (2,2) size 40x21
                text run at (2,2) width 40: "below"
      RenderBlock (anonymous) at (0,131) size 784x21
        RenderBR {BR} at (0,0) size 0x21
      RenderTable {TABLE} at (0,152) size 95x31 [border: (1px solid #808080) none (1px solid #808080) none]
        RenderTableSection {TBODY} at (0,1) size 95x29
          RenderTableRow {TR} at (0,2) size 95x25
            RenderTableCell {TD} at (2,2) size 44x25 [border: (1px inset #808080)] [r=0 c=0 rs=1 cs=1]
              RenderText {#text} at (2,2) size 40x21
                text run at (2,2) width 40: "frame"
            RenderTableCell {TD} at (48,2) size 45x25 [border: (1px inset #808080)] [r=0 c=1 rs=1 cs=1]
              RenderText {#text} at (2,2) size 41x21
                text run at (2,2) width 41: "hsides"
      RenderBlock (anonymous) at (0,183) size 784x21
        RenderBR {BR} at (0,0) size 0x21
      RenderTable {TABLE} at (0,204) size 96x29 [border: none (1px solid #808080) none (1px solid #808080)]
        RenderTableSection {TBODY} at (1,0) size 94x29
          RenderTableRow {TR} at (0,2) size 94x25
            RenderTableCell {TD} at (2,2) size 44x25 [border: (1px inset #808080)] [r=0 c=0 rs=1 cs=1]
              RenderText {#text} at (2,2) size 40x21
                text run at (2,2) width 40: "frame"
            RenderTableCell {TD} at (48,2) size 44x25 [border: (1px inset #808080)] [r=0 c=1 rs=1 cs=1]
              RenderText {#text} at (2,2) size 40x21
                text run at (2,2) width 40: "vsides"
      RenderBlock (anonymous) at (0,233) size 784x21
        RenderBR {BR} at (0,0) size 0x21
      RenderTable {TABLE} at (0,254) size 77x29 [border: none (1px solid #808080) none]
        RenderTableSection {TBODY} at (0,0) size 76x29
          RenderTableRow {TR} at (0,2) size 76x25
            RenderTableCell {TD} at (2,2) size 44x25 [border: (1px inset #808080)] [r=0 c=0 rs=1 cs=1]
              RenderText {#text} at (2,2) size 40x21
                text run at (2,2) width 40: "frame"
            RenderTableCell {TD} at (48,2) size 26x25 [border: (1px inset #808080)] [r=0 c=1 rs=1 cs=1]
              RenderText {#text} at (2,2) size 22x21
                text run at (2,2) width 22: "rhs"
      RenderBlock (anonymous) at (0,283) size 784x21
        RenderBR {BR} at (0,0) size 0x21
      RenderTable {TABLE} at (0,304) size 74x29 [border: none (1px solid #808080)]
        RenderTableSection {TBODY} at (1,0) size 73x29
          RenderTableRow {TR} at (0,2) size 73x25
            RenderTableCell {TD} at (2,2) size 44x25 [border: (1px inset #808080)] [r=0 c=0 rs=1 cs=1]
              RenderText {#text} at (2,2) size 40x21
                text run at (2,2) width 40: "frame"
            RenderTableCell {TD} at (48,2) size 23x25 [border: (1px inset #808080)] [r=0 c=1 rs=1 cs=1]
              RenderText {#text} at (2,2) size 19x21
                text run at (2,2) width 19: "lhs"
      RenderBlock (anonymous) at (0,333) size 784x21
        RenderBR {BR} at (0,0) size 0x21
      RenderTable {TABLE} at (0,354) size 81x31 [border: (1px solid #808080)]
        RenderTableSection {TBODY} at (1,1) size 79x29
          RenderTableRow {TR} at (0,2) size 79x25
            RenderTableCell {TD} at (2,2) size 44x25 [border: (1px inset #808080)] [r=0 c=0 rs=1 cs=1]
              RenderText {#text} at (2,2) size 40x21
                text run at (2,2) width 40: "frame"
            RenderTableCell {TD} at (48,2) size 29x25 [border: (1px inset #808080)] [r=0 c=1 rs=1 cs=1]
              RenderText {#text} at (2,2) size 25x21
                text run at (2,2) width 25: "box"
      RenderBlock (anonymous) at (0,385) size 784x21
        RenderBR {BR} at (0,0) size 0x21
      RenderTable {TABLE} at (0,406) size 103x31 [border: (1px solid #808080)]
        RenderTableSection {TBODY} at (1,1) size 101x29
          RenderTableRow {TR} at (0,2) size 101x25
            RenderTableCell {TD} at (2,2) size 44x25 [border: (1px inset #808080)] [r=0 c=0 rs=1 cs=1]
              RenderText {#text} at (2,2) size 40x21
                text run at (2,2) width 40: "frame"
            RenderTableCell {TD} at (48,2) size 51x25 [border: (1px inset #808080)] [r=0 c=1 rs=1 cs=1]
              RenderText {#text} at (2,2) size 47x21
                text run at (2,2) width 47: "border"
      RenderBlock (anonymous) at (0,437) size 784x21
        RenderBR {BR} at (0,0) size 0x21
