layer at (0,0) size 800x600
  RenderView at (0,0) size 800x600
layer at (0,0) size 800x600
  RenderBlock {HTML} at (0,0) size 800x600
    RenderBody {BODY} at (8,8) size 784x584
      RenderBlock (anonymous) at (0,0) size 784x21
        RenderText {#text} at (0,0) size 186x21
          text run at (0,0) width 186: "table width includes border"
      RenderBlock {HR} at (0,29) size 202x2 [border: (1px inset #000000)]
      RenderTable {TABLE} at (0,39) size 200x49 [border: (10px outset #808080)]
        RenderTableSection {TBODY} at (10,10) size 180x29
          RenderTableRow {TR} at (0,2) size 180x25
            RenderTableCell {TD} at (2,2) size 176x25 [border: (1px inset #808080)] [r=0 c=0 rs=1 cs=1]
              RenderText {#text} at (2,2) size 61x21
                text run at (2,2) width 61: "200 table"
      RenderBlock (anonymous) at (0,88) size 784x42
        RenderBR {BR} at (0,0) size 0x21
        RenderText {#text} at (0,21) size 233x21
          text run at (0,21) width 233: "nested table width includes border"
      RenderTable {TABLE} at (0,130) size 204x53 [border: (1px outset #808080)]
        RenderTableSection {TBODY} at (1,1) size 202x51
          RenderTableRow {TR} at (0,0) size 202x51
            RenderTableCell {TD} at (0,0) size 202x51 [border: (1px inset #808080)] [r=0 c=0 rs=1 cs=1]
              RenderTable {TABLE} at (1,1) size 200x49 [border: (10px outset #808080)]
                RenderTableSection {TBODY} at (10,10) size 180x29
                  RenderTableRow {TR} at (0,2) size 180x25
                    RenderTableCell {TD} at (2,2) size 176x25 [border: (1px inset #808080)] [r=0 c=0 rs=1 cs=1]
                      RenderText {#text} at (2,2) size 108x21
                        text run at (2,2) width 108: "200 nested table"
      RenderBlock (anonymous) at (0,183) size 784x21
        RenderText {#text} at (0,0) size 233x21
          text run at (0,0) width 233: "nested table width includes border"
      RenderTable {TABLE} at (0,204) size 156x53 [border: (1px outset #808080)]
        RenderTableSection {TBODY} at (1,1) size 154x51
          RenderTableRow {TR} at (0,0) size 154x51
            RenderTableCell {TD} at (0,0) size 154x51 [border: (1px inset #808080)] [r=0 c=0 rs=1 cs=1]
              RenderTable {TABLE} at (1,1) size 152x49 [border: (10px outset #808080)]
                RenderTableSection {TBODY} at (10,10) size 132x29
                  RenderTableRow {TR} at (0,2) size 132x25
                    RenderTableCell {TD} at (2,2) size 128x25 [border: (1px inset #808080)] [r=0 c=0 rs=1 cs=1]
                      RenderText {#text} at (2,2) size 124x21
                        text run at (2,2) width 124: "100% nested table"
