layer at (0,0) size 785x1273
  RenderCanvas at (0,0) size 785x600
layer at (0,0) size 785x1273
  RenderBlock {HTML} at (0,0) size 785x1273
    RenderBody {BODY} at (8,17) size 769x1248 [color=#00FF00] [bgcolor=#333333]
      RenderBlock {H1} at (0,0) size 769x30
        RenderText {#text} at (0,0) size 528x30
          text run at (0,0) width 528: "CSS2 Table Backgrounds Test Suite"
      RenderBlock {H2} at (0,47) size 769x23
        RenderText {#text} at (0,0) size 252x23
          text run at (0,0) width 252: "Part E: Special Tests"
      RenderBlock {H3} at (0,86) size 769x17
        RenderText {#text} at (0,0) size 108x17
          text run at (0,0) width 108: "opacity: 0.5"
      RenderBlock {UL} at (0,118) size 769x60
        RenderListItem {LI} at (40,0) size 729x15
          RenderListMarker at (-16,0) size 6x15
          RenderText {#text} at (0,0) size 280x15
            text run at (0,0) width 280: "The first three rows should be red."
        RenderListItem {LI} at (40,15) size 729x15
          RenderListMarker at (-16,0) size 6x15
          RenderText {#text} at (0,0) size 240x15
            text run at (0,0) width 240: "The last row should be orange."
        RenderListItem {LI} at (40,30) size 729x30
          RenderListMarker at (-16,0) size 6x15
          RenderText {#text} at (0,0) size 696x30
            text run at (0,0) width 696: "Cell A should be purple. Cell P should also be purple, but of a shade that reflects the"
            text run at (0,15) width 304: "underlying orange rather than the red."
      RenderBlock {DL} at (0,191) size 769x90
        RenderBlock {DT} at (0,0) size 769x15
          RenderText {#text} at (0,0) size 32x15
            text run at (0,0) width 32: "next"
        RenderBlock {DD} at (40,15) size 729x15
          RenderInline {A} at (0,0) size 256x15 [color=#FFFF00]
            RenderText {#text} at (0,0) size 256x15
              text run at (0,0) width 256: "Special Tests: Fixed Backgrounds"
          RenderText {#text} at (0,0) size 0x0
        RenderBlock {DT} at (0,30) size 769x15
          RenderText {#text} at (0,0) size 64x15
            text run at (0,0) width 64: "previous"
        RenderBlock {DD} at (40,45) size 729x15
          RenderInline {A} at (0,0) size 408x15 [color=#FFFF00]
            RenderText {#text} at (0,0) size 408x15
              text run at (0,0) width 408: "Background with Borders: Background on 'table-cell'"
          RenderText {#text} at (0,0) size 0x0
        RenderBlock {DT} at (0,60) size 769x15
          RenderText {#text} at (0,0) size 64x15
            text run at (0,0) width 64: "contents"
        RenderBlock {DD} at (40,75) size 729x15
          RenderInline {A} at (0,0) size 136x15 [color=#FFFF00]
            RenderText {#text} at (0,0) size 136x15
              text run at (0,0) width 136: "Table of Contents"
          RenderText {#text} at (0,0) size 0x0
      RenderTable {TABLE} at (0,294) size 618x480 [color=#000000] [bgcolor=#FFFFFF] [border: (1px dotted #000000)]
        RenderBlock {CAPTION} at (0,0) size 616x22 [color=#FFFFFF]
          RenderText {#text} at (162,0) size 292x22
            text run at (162,0) width 292: "With 'border-collapse: separate'"
        RenderTableCol {COLGROUP} at (0,0) size 0x0
          RenderTableCol {COL} at (0,0) size 0x0
          RenderTableCol {COL} at (0,0) size 0x0
          RenderTableCol {COL} at (0,0) size 0x0
        RenderTableCol {COLGROUP} at (0,0) size 0x0
          RenderTableCol {COL} at (0,0) size 0x0
        RenderTableSection {THEAD} at (1,23) size 616x114
        RenderTableSection {TBODY} at (1,137) size 616x213
      RenderTable {TABLE} at (0,774) size 577x425 [color=#000000] [bgcolor=#FFFFFF]
        RenderBlock {CAPTION} at (0,0) size 577x22 [color=#FFFFFF]
          RenderText {#text} at (143,0) size 290x22
            text run at (143,0) width 290: "With 'border-collapse: collapse'"
        RenderTableCol {COLGROUP} at (0,0) size 0x0
          RenderTableCol {COL} at (0,0) size 0x0
          RenderTableCol {COL} at (0,0) size 0x0
          RenderTableCol {COL} at (0,0) size 0x0
        RenderTableCol {COLGROUP} at (0,0) size 0x0
          RenderTableCol {COL} at (0,0) size 0x0
        RenderTableSection {THEAD} at (0,22) size 577x99
        RenderTableSection {TBODY} at (0,121) size 577x190
      RenderBlock {DIV} at (0,1199) size 769x34
        RenderInline {A} at (0,0) size 88x15 [color=#FFFF00]
          RenderImage {IMG} at (0,0) size 88x31
        RenderText {#text} at (0,0) size 0x0
      RenderBlock {ADDRESS} at (0,1233) size 769x15
        RenderText {#text} at (0,0) size 704x15
          text run at (0,0) width 704: "CSS2 Table Backgrounds Test Suite designed and written by fantasai <fantasai@escape.com>"
layer at (9,341) size 616x100
  RenderTableRow {TR} at (0,7) size 616x100 [bgcolor=#FF0000]
    RenderTableCell {TH} at (149,32) size 206x50 [border: (13px dotted #000000)] [r=0 c=1 rs=1 cs=1]
      RenderText {#text} at (80,14) size 45x22
        text run at (80,14) width 45: "TH B"
    RenderTableCell {TH} at (362,55) size 122x4 [border: (1px dotted #000000)] [r=0 c=2 rs=1 cs=1]
    RenderTableCell {TH} at (491,44) size 118x26 [border: (1px dotted #000000)] [r=0 c=3 rs=1 cs=1]
      RenderText {#text} at (36,2) size 45x22
        text run at (36,2) width 45: "TH D"
layer at (16,341) size 135x100
  RenderTableCell {TH} at (7,44) size 135x26 [bgcolor=#0000FF] [border: (1px dotted #000000)] [r=0 c=0 rs=1 cs=1]
    RenderText {#text} at (45,2) size 45x22
      text run at (45,2) width 45: "TH A"
layer at (9,661) size 616x129
  RenderTableSection {TFOOT} at (1,350) size 616x129 [bgcolor=#FFFF00]
layer at (9,668) size 616x115
  RenderTableRow {TR} at (0,7) size 616x115 [bgcolor=#FF0000]
    RenderTableCell {TD} at (7,51) size 348x26 [border: (1px dotted #000000)] [r=0 c=0 rs=1 cs=2]
      RenderText {#text} at (2,2) size 47x22
        text run at (2,2) width 47: "TD M"
    RenderTableCell {TD} at (362,51) size 122x26 [border: (1px dotted #000000)] [r=0 c=2 rs=1 cs=1]
      RenderText {#text} at (2,2) size 46x22
        text run at (2,2) width 46: "TD O"
layer at (500,668) size 118x115
  RenderTableCell {TD} at (491,51) size 118x26 [bgcolor=#0000FF] [border: (1px dotted #000000)] [r=0 c=3 rs=1 cs=1]
    RenderText {#text} at (2,2) size 44x22
      text run at (2,2) width 44: "TD P"
layer at (9,455) size 616x108
  RenderTableRow {TR} at (0,7) size 616x108 [bgcolor=#FF0000]
    RenderTableCell {TD} at (7,81) size 135x50 [border: (13px dotted #000000)] [r=0 c=0 rs=2 cs=1]
      RenderText {#text} at (14,14) size 44x22
        text run at (14,14) width 44: "TD E"
    RenderTableCell {TD} at (149,48) size 206x26 [border: (1px dotted #000000)] [r=0 c=1 rs=1 cs=1]
      RenderText {#text} at (2,2) size 43x22
        text run at (2,2) width 43: "TD F"
    RenderTableCell {TD} at (362,48) size 122x26 [border: (1px dotted #000000)] [r=0 c=2 rs=1 cs=1]
      RenderText {#text} at (2,2) size 46x22
        text run at (2,2) width 46: "TD G"
    RenderTableCell {TD} at (491,48) size 118x26 [border: (1px dotted #000000)] [r=0 c=3 rs=1 cs=1]
      RenderText {#text} at (2,2) size 45x22
        text run at (2,2) width 45: "TD H"
layer at (9,570) size 616x84
  RenderTableRow {TR} at (0,122) size 616x84 [bgcolor=#FF0000]
    RenderTableCell {TD} at (149,151) size 206x26 [border: (1px dotted #000000)] [r=1 c=1 rs=1 cs=1]
      RenderText {#text} at (2,2) size 42x22
        text run at (2,2) width 42: "TD J"
    RenderTableCell {TD} at (362,151) size 122x26 [border: (1px dotted #000000)] [r=1 c=2 rs=1 cs=1]
      RenderText {#text} at (2,2) size 45x22
        text run at (2,2) width 45: "TD K"
    RenderTableCell {TD} at (491,151) size 118x26 [border: (1px dotted #000000)] [r=1 c=3 rs=1 cs=1]
      RenderText {#text} at (2,2) size 43x22
        text run at (2,2) width 43: "TD L"
layer at (8,813) size 577x99
  RenderTableRow {TR} at (0,0) size 577x99 [bgcolor=#FF0000]
    RenderTableCell {TH} at (134,31) size 204x37 [border: (7px dotted #000000)] [r=0 c=1 rs=1 cs=1]
      RenderText {#text} at (80,8) size 45x22
        text run at (80,8) width 45: "TH B"
    RenderTableCell {TH} at (338,48) size 122x3 [border: (1px dotted #000000)] [r=0 c=2 rs=1 cs=1]
    RenderTableCell {TH} at (460,37) size 117x25 [border: (1px dotted #000000)] [r=0 c=3 rs=1 cs=1]
      RenderText {#text} at (36,2) size 45x22
        text run at (36,2) width 45: "TH D"
layer at (8,813) size 134x99
  RenderTableCell {TH} at (0,37) size 134x25 [bgcolor=#0000FF] [border: (1px dotted #000000)] [r=0 c=0 rs=1 cs=1]
    RenderText {#text} at (42,2) size 45x22
      text run at (42,2) width 45: "TH A"
layer at (8,1102) size 577x114
  RenderTableSection {TFOOT} at (0,311) size 577x114 [bgcolor=#FFFF00]
layer at (8,1102) size 577x114
  RenderTableRow {TR} at (0,0) size 577x114 [bgcolor=#FF0000]
    RenderTableCell {TD} at (0,41) size 338x31 [border: (1px dotted #000000)] [r=0 c=0 rs=1 cs=2]
      RenderText {#text} at (2,2) size 47x22
        text run at (2,2) width 47: "TD M"
    RenderTableCell {TD} at (338,44) size 122x25 [border: (1px dotted #000000)] [r=0 c=2 rs=1 cs=1]
      RenderText {#text} at (2,2) size 46x22
        text run at (2,2) width 46: "TD O"
layer at (468,1102) size 117x114
  RenderTableCell {TD} at (460,44) size 117x25 [bgcolor=#0000FF] [border: (1px dotted #000000)] [r=0 c=3 rs=1 cs=1]
    RenderText {#text} at (2,2) size 44x22
      text run at (2,2) width 44: "TD P"
layer at (8,912) size 577x107
  RenderTableRow {TR} at (0,0) size 577x107 [bgcolor=#FF0000]
    RenderTableCell {TD} at (0,76) size 134x37 [border: (7px dotted #000000)] [r=0 c=0 rs=2 cs=1]
      RenderText {#text} at (8,8) size 44x22
        text run at (8,8) width 44: "TD E"
    RenderTableCell {TD} at (134,41) size 204x25 [border: (1px dotted #000000)] [r=0 c=1 rs=1 cs=1]
      RenderText {#text} at (8,2) size 43x22
        text run at (8,2) width 43: "TD F"
    RenderTableCell {TD} at (338,41) size 122x25 [border: (1px dotted #000000)] [r=0 c=2 rs=1 cs=1]
      RenderText {#text} at (2,2) size 46x22
        text run at (2,2) width 46: "TD G"
    RenderTableCell {TD} at (460,41) size 117x25 [border: (1px dotted #000000)] [r=0 c=3 rs=1 cs=1]
      RenderText {#text} at (2,2) size 45x22
        text run at (2,2) width 45: "TD H"
layer at (8,1019) size 577x83
  RenderTableRow {TR} at (0,107) size 577x83 [bgcolor=#FF0000]
    RenderTableCell {TD} at (134,136) size 204x25 [border: (1px dotted #000000)] [r=1 c=1 rs=1 cs=1]
      RenderText {#text} at (8,2) size 42x22
        text run at (8,2) width 42: "TD J"
    RenderTableCell {TD} at (338,136) size 122x25 [border: (1px dotted #000000)] [r=1 c=2 rs=1 cs=1]
      RenderText {#text} at (2,2) size 45x22
        text run at (2,2) width 45: "TD K"
    RenderTableCell {TD} at (460,136) size 117x25 [border: (1px dotted #000000)] [r=1 c=3 rs=1 cs=1]
      RenderText {#text} at (2,2) size 43x22
        text run at (2,2) width 43: "TD L"
