layer at (0,0) size 800x600
  RenderCanvas at (0,0) size 800x600
layer at (0,0) size 800x600
  RenderBlock {HTML} at (0,0) size 800x600
    RenderBody {BODY} at (8,8) size 784x584
      RenderBlock (anonymous) at (0,0) size 784x18
        RenderText {TEXT} at (0,0) size 765x18
          text run at (0,0) width 765: "The TD tag uses the ALIGN attribute. The contents in the first TD tag (Netscape Communicator) should be aligned right."
        RenderBR {BR} at (0,0) size 0x0
      RenderTable {TABLE} at (0,18) size 293x52 [border: (1px outset #808080)]
        RenderTableSection {TBODY} at (1,1) size 0x50
          RenderTableRow {TR} at (0,0) size 0x0
            RenderTableCell {TD} at (2,2) size 281x22 [border: (1px inset #808080)] [r=0 c=0 rs=1 cs=1]
              RenderText {TEXT} at (123,2) size 156x18
                text run at (123,2) width 156: "Netscape Communicator"
            RenderTableCell {TD} at (285,11) size 4x4 [border: (1px inset #808080)] [r=0 c=1 rs=1 cs=1]
          RenderTableRow {TR} at (0,0) size 0x0
            RenderTableCell {TD} at (2,26) size 281x22 [border: (1px inset #808080)] [r=1 c=0 rs=1 cs=1]
              RenderText {TEXT} at (2,2) size 277x18
                text run at (2,2) width 277: "Available on the Mac/PC/UNIX platforms !"
