layer at (0,0) size 800x600
  RenderCanvas at (0,0) size 800x600
layer at (0,0) size 800x62
  RenderBlock {HTML} at (0,0) size 800x62
    RenderBody {BODY} at (8,8) size 784x46
      RenderTable {TABLE} at (0,0) size 784x46 [border: (1px outset #808080)]
        RenderBlock {CAPTION} at (0,0) size 767x18 [bgcolor=#00FF00]
          RenderText {TEXT} at (244,0) size 279x18
            text run at (244,0) width 204: "This caption should have a lime "
            text run at (448,0) width 75: "background"
        RenderTableSection {TBODY} at (1,19) size 0x26
          RenderTableRow {TR} at (0,0) size 0x0
            RenderTableCell {TD} at (2,2) size 778x22 [border: (1px inset #808080)] [r=0 c=0 rs=1 cs=1]
              RenderText {TEXT} at (2,2) size 22x18
                text run at (2,2) width 22: "cell"
