layer at (0,0) size 800x600
  RenderCanvas at (0,0) size 800x600
layer at (0,0) size 800x158
  RenderBlock {HTML} at (0,0) size 800x158
    RenderBody {BODY} at (8,16) size 784x134
      RenderBlock {P} at (0,0) size 784x18
        RenderText {TEXT} at (0,0) size 119x18
          text run at (0,0) width 119: "COL WIDTH=pct"
      RenderTable {TABLE} at (0,34) size 400x100 [border: (1px outset #808080)]
        RenderTableCol {COLGROUP} at (0,0) size 0x0
          RenderTableCol {COL} at (0,0) size 0x0
          RenderTableCol {COL} at (0,0) size 0x0
        RenderTableSection {TBODY} at (1,1) size 0x98
          RenderTableRow {TR} at (0,0) size 0x0
            RenderTableCell {TD} at (2,2) size 98x94 [border: (1px inset #808080)] [r=0 c=0 rs=1 cs=1]
              RenderText {TEXT} at (2,2) size 87x90
                text run at (2,2) width 79: "This column"
                text run at (2,20) width 87: "should have a"
                text run at (2,38) width 86: "width of 25%"
                text run at (2,56) width 74: "of 400px or"
                text run at (2,74) width 40: "100px"
            RenderTableCell {TD} at (102,29) size 294x40 [border: (1px inset #808080)] [r=0 c=1 rs=1 cs=1]
              RenderText {TEXT} at (2,2) size 277x36
                text run at (2,2) width 277: "This column should have a width of 75% of"
                text run at (2,20) width 101: "400px or 300px"
