layer at (0,0) size 800x600
  RenderCanvas at (0,0) size 800x600
layer at (0,0) size 800x116
  RenderBlock {HTML} at (0,0) size 800x116
    RenderBody {BODY} at (8,8) size 784x100
      RenderTable {TABLE} at (0,0) size 600x100 [border: (1px outset #808080)]
        RenderTableCol {COLGROUP} at (0,0) size 0x0
          RenderTableCol {COL} at (0,0) size 0x0
          RenderTableCol {COL} at (0,0) size 0x0
        RenderTableSection {TBODY} at (1,1) size 0x98
          RenderTableRow {TR} at (0,0) size 0x0
            RenderTableCell {TD} at (2,2) size 296x94 [border: (1px inset #808080)] [r=0 c=0 rs=1 cs=1]
              RenderText {TEXT} at (2,2) size 273x90
                text run at (2,2) width 266: "The text in this cell text should be justified"
                text run at (2,20) width 114: "which means that "
                text run at (116,20) width 157: "the right and left margins"
                text run at (2,38) width 243: "should line up, no matter how long the"
                text run at (2,56) width 273: "content becomes (except the last line which"
                text run at (2,74) width 89: "should be left "
                text run at (91,74) width 55: "aligned)."
            RenderTableCell {TD} at (300,2) size 296x94 [border: (1px inset #808080)] [r=0 c=1 rs=1 cs=1]
              RenderText {TEXT} at (2,2) size 273x90
                text run at (2,2) width 266: "The text in this cell text should be justified"
                text run at (2,20) width 114: "which means that "
                text run at (116,20) width 157: "the right and left margins"
                text run at (2,38) width 243: "should line up, no matter how long the"
                text run at (2,56) width 273: "content becomes (except the last line which"
                text run at (2,74) width 89: "should be left "
                text run at (91,74) width 55: "aligned)."
