layer at (0,0) size 800x600
  RenderCanvas at (0,0) size 800x600
layer at (0,0) size 800x298
  RenderBlock {HTML} at (0,0) size 800x298
    RenderBody {BODY} at (8,16) size 784x274
      RenderBlock {P} at (0,0) size 784x18
        RenderText {TEXT} at (0,0) size 244x18
          text run at (0,0) width 244: "COLGROUP VALIGN=BASELINE"
      RenderTable {TABLE} at (0,34) size 784x240 [border: (1px outset #808080)]
        RenderTableCol {COLGROUP} at (0,0) size 0x0
          RenderTableCol {COL} at (0,0) size 0x0
          RenderTableCol {COL} at (0,0) size 0x0
        RenderTableSection {TBODY} at (1,1) size 0x238
          RenderTableRow {TR} at (0,0) size 0x0
            RenderTableCell {TD} at (2,72) size 213x94 [border: (1px inset #808080)] [r=0 c=0 rs=1 cs=1]
              RenderText {TEXT} at (2,2) size 206x90
                text run at (2,2) width 204: "Compare the baseline of the first"
                text run at (2,20) width 139: "line of text in this cell "
                text run at (141,20) width 51: "with the"
                text run at (2,38) width 206: "baseline of the first line of text in"
                text run at (2,56) width 115: "the next cell: they "
                text run at (117,56) width 61: "should be"
                text run at (2,74) width 108: "vertically aligned"
            RenderTableCell {TD} at (217,2) size 563x234 [border: (1px inset #808080)] [r=0 c=1 rs=1 cs=1]
              RenderText {TEXT} at (2,2) size 532x230
                text run at (2,2) width 524: "Compare the baseline of the first"
                text run at (2,48) width 70: "line "
                text run at (72,48) width 420: "of text in this cell with the"
                text run at (2,94) width 532: "baseline of the first line of text in"
                text run at (2,140) width 520: "the previous cell: they should be"
                text run at (2,186) width 279: "vertically aligned"
