layer at (0,0) size 800x600
  RenderCanvas at (0,0) size 800x600
layer at (0,0) size 800x44
  RenderBlock {HTML} at (0,0) size 800x44
    RenderBody {BODY} at (8,8) size 784x28
      RenderTable {TABLE} at (0,0) size 600x28 [border: (1px outset #808080)]
        RenderTableCol {COLGROUP} at (0,0) size 0x0
          RenderTableCol {COL} at (0,0) size 0x0
          RenderTableCol {COL} at (0,0) size 0x0
        RenderTableSection {TBODY} at (1,1) size 0x26
          RenderTableRow {TR} at (0,0) size 0x0
            RenderTableCell {TD} at (2,2) size 296x22 [border: (1px inset #808080)] [r=0 c=0 rs=1 cs=1]
              RenderText {TEXT} at (2,2) size 210x18
                text run at (2,2) width 210: "Cell text should be center aligned"
            RenderTableCell {TD} at (300,2) size 296x22 [border: (1px inset #808080)] [r=0 c=1 rs=1 cs=1]
              RenderText {TEXT} at (2,2) size 210x18
                text run at (2,2) width 210: "Cell text should be center aligned"
