layer at (0,0) size 800x600
  RenderCanvas at (0,0) size 800x600
layer at (0,0) size 800x110
  RenderBlock {HTML} at (0,0) size 800x110
    RenderBody {BODY} at (8,16) size 784x86
      RenderBlock {P} at (0,0) size 784x18
        RenderText {TEXT} at (0,0) size 333x18
          text run at (0,0) width 333: "Numbers in table should be aligned at decimal points"
      RenderTable {TABLE} at (0,34) size 600x52 [border: (1px outset #808080)]
        RenderTableCol {COLGROUP} at (0,0) size 0x0
          RenderTableCol {COL} at (0,0) size 0x0
          RenderTableCol {COL} at (0,0) size 0x0
        RenderTableSection {TBODY} at (1,1) size 0x50
          RenderTableRow {TR} at (0,0) size 0x0
            RenderTableCell {TD} at (2,2) size 276x22 [border: (1px inset #808080)] [r=0 c=0 rs=1 cs=1]
              RenderText {TEXT} at (2,2) size 36x18
                text run at (2,2) width 36: "55.00"
            RenderTableCell {TD} at (280,2) size 316x22 [border: (1px inset #808080)] [r=0 c=1 rs=1 cs=1]
              RenderText {TEXT} at (2,2) size 60x18
                text run at (2,2) width 60: "55555.00"
          RenderTableRow {TR} at (0,0) size 0x0
            RenderTableCell {TD} at (2,26) size 276x22 [border: (1px inset #808080)] [r=1 c=0 rs=1 cs=1]
              RenderText {TEXT} at (2,2) size 52x18
                text run at (2,2) width 52: "1234.56"
            RenderTableCell {TD} at (280,26) size 316x22 [border: (1px inset #808080)] [r=1 c=1 rs=1 cs=1]
              RenderText {TEXT} at (2,2) size 44x18
                text run at (2,2) width 44: "123.45"
