layer at (0,0) size 800x600
  RenderCanvas at (0,0) size 800x600
layer at (0,0) size 800x62
  RenderBlock {HTML} at (0,0) size 800x62
    RenderBody {BODY} at (8,8) size 784x46
      RenderTable {TABLE} at (0,0) size 784x46 [bgcolor=#00FF00] [border: (1px outset #808080)]
        RenderTableSection {TBODY} at (1,1) size 0x44
          RenderTableRow {TR} at (0,0) size 0x0
            RenderTableCell {TD} at (2,2) size 388x40 [border: (1px inset #808080)] [r=0 c=0 rs=1 cs=1]
              RenderText {TEXT} at (2,2) size 383x36
                text run at (2,2) width 343: "Here is a bordered table using the CLASS attribute for"
                text run at (2,20) width 383: "background color. The table should have a lime background."
            RenderTableCell {TD} at (392,2) size 388x40 [border: (1px inset #808080)] [r=0 c=1 rs=1 cs=1]
              RenderText {TEXT} at (2,2) size 383x36
                text run at (2,2) width 343: "Here is a bordered table using the CLASS attribute for"
                text run at (2,20) width 383: "background color. The table should have a lime background."
