layer at (0,0) size 800x600
  RenderCanvas at (0,0) size 800x600
layer at (0,0) size 800x300
  RenderBlock {HTML} at (0,0) size 800x300
    RenderBody {BODY} at (8,8) size 784x284
      RenderTable {TABLE} at (0,0) size 100x82 [border: (1px outset #808080)]
        RenderTableSection {TBODY} at (1,1) size 0x80
          RenderTableRow {TR} at (0,0) size 0x0
            RenderTableCell {TD} at (2,2) size 94x76 [border: (1px inset #808080)] [r=0 c=0 rs=1 cs=1]
              RenderText {TEXT} at (2,2) size 87x72
                text run at (2,2) width 62: "This table"
                text run at (2,20) width 87: "should have a"
                text run at (2,38) width 81: "width of 100"
                text run at (2,56) width 37: "pixels"
      RenderBlock (anonymous) at (0,82) size 784x18
        RenderBR {BR} at (0,0) size 0x18
      RenderTable {TABLE} at (0,100) size 200x46 [border: (1px outset #808080)]
        RenderTableSection {TBODY} at (1,1) size 0x44
          RenderTableRow {TR} at (0,0) size 0x0
            RenderTableCell {TD} at (2,2) size 194x40 [border: (1px inset #808080)] [r=0 c=0 rs=1 cs=1]
              RenderText {TEXT} at (2,2) size 153x36
                text run at (2,2) width 153: "This table should have a"
                text run at (2,20) width 122: "width of 200 pixels"
      RenderBlock (anonymous) at (0,146) size 784x18
        RenderBR {BR} at (0,0) size 0x18
      RenderTable {TABLE} at (0,164) size 300x28 [border: (1px outset #808080)]
        RenderTableSection {TBODY} at (1,1) size 0x26
          RenderTableRow {TR} at (0,0) size 0x0
            RenderTableCell {TD} at (2,2) size 294x22 [border: (1px inset #808080)] [r=0 c=0 rs=1 cs=1]
              RenderText {TEXT} at (2,2) size 279x18
                text run at (2,2) width 279: "This table should have a width of 300 pixels"
      RenderBlock (anonymous) at (0,192) size 784x18
        RenderBR {BR} at (0,0) size 0x18
      RenderTable {TABLE} at (0,210) size 400x28 [border: (1px outset #808080)]
        RenderTableSection {TBODY} at (1,1) size 0x26
          RenderTableRow {TR} at (0,0) size 0x0
            RenderTableCell {TD} at (2,2) size 394x22 [border: (1px inset #808080)] [r=0 c=0 rs=1 cs=1]
              RenderText {TEXT} at (2,2) size 279x18
                text run at (2,2) width 279: "This table should have a width of 400 pixels"
      RenderBlock (anonymous) at (0,238) size 784x18
        RenderBR {BR} at (0,0) size 0x18
      RenderTable {TABLE} at (0,256) size 500x28 [border: (1px outset #808080)]
        RenderTableSection {TBODY} at (1,1) size 0x26
          RenderTableRow {TR} at (0,0) size 0x0
            RenderTableCell {TD} at (2,2) size 494x22 [border: (1px inset #808080)] [r=0 c=0 rs=1 cs=1]
              RenderText {TEXT} at (2,2) size 279x18
                text run at (2,2) width 279: "This table should have a width of 500 pixels"
