layer at (0,0) size 800x600
  RenderCanvas at (0,0) size 800x600
layer at (0,0) size 800x62
  RenderBlock {HTML} at (0,0) size 800x62
    RenderBody {BODY} at (8,8) size 784x46
      RenderTable {TABLE} at (0,0) size 540x46 [border: (1px outset #808080)]
        RenderTableSection {TBODY} at (1,1) size 0x44
          RenderTableRow {TR} at (0,0) size 0x0
            RenderTableCell {TD} at (2,2) size 266x40 [border: (1px inset #808080)] [r=0 c=0 rs=1 cs=1]
              RenderText {TEXT} at (11,11) size 244x18
                text run at (11,11) width 244: "This cell should have an 10px padding"
            RenderTableCell {TD} at (270,2) size 266x40 [border: (1px inset #808080)] [r=0 c=1 rs=1 cs=1]
              RenderText {TEXT} at (11,11) size 244x18
                text run at (11,11) width 244: "This cell should have an 10px padding"
