layer at (0,0) size 800x600
  RenderCanvas at (0,0) size 800x600
layer at (0,0) size 800x46
  RenderBlock {HTML} at (0,0) size 800x46
    RenderBody {BODY} at (8,8) size 784x30
      RenderTable {TABLE} at (0,0) size 581x30 [border: (3px solid #FF0000)]
        RenderTableSection {TBODY} at (3,3) size 0x24
          RenderTableRow {TR} at (0,0) size 0x0
            RenderTableCell {TD} at (2,2) size 571x20 [r=0 c=0 rs=1 cs=1]
              RenderText {TEXT} at (1,1) size 569x18
                text run at (1,1) width 370: "This tests the 'style' attribute of TABLE. This table should "
                text run at (371,1) width 199: "have a solid medium red border"
