layer at (0,0) size 800x600
  RenderCanvas at (0,0) size 800x600
layer at (0,0) size 800x82
  RenderBlock {HTML} at (0,0) size 800x82
    RenderBody {BODY} at (8,8) size 784x66
      RenderTable {TABLE} at (0,0) size 536x66 [border: (1px outset #808080)]
        RenderTableSection {TBODY} at (1,1) size 0x64
          RenderTableRow {TR} at (0,0) size 0x0
            RenderTableCell {TD} at (2,2) size 264x60 [border: (1px inset #808080)] [r=0 c=0 rs=1 cs=1]
              RenderText {TEXT} at (21,21) size 222x18
                text run at (21,21) width 222: "This cell should have 20% padding"
            RenderTableCell {TD} at (268,2) size 264x60 [border: (1px inset #808080)] [r=0 c=1 rs=1 cs=1]
              RenderText {TEXT} at (21,21) size 222x18
                text run at (21,21) width 222: "This cell should have 20% padding"
