layer at (0,0) size 800x600
  RenderCanvas at (0,0) size 800x600
layer at (0,0) size 800x236
  RenderBlock {HTML} at (0,0) size 800x236
    RenderBody {BODY} at (8,8) size 784x220
      RenderTable {TABLE} at (0,0) size 784x28 [border: (1px outset #808080)]
        RenderTableSection {TBODY} at (1,1) size 0x26
          RenderTableRow {TR} at (0,0) size 0x0
            RenderTableCell {TD} at (2,2) size 778x22 [border: (1px inset #808080)] [r=0 c=0 rs=1 cs=1]
              RenderText {TEXT} at (2,2) size 440x18
                text run at (2,2) width 405: "This table should have a width 100% of the available horizontal "
                text run at (407,2) width 35: "space"
      RenderBlock (anonymous) at (0,28) size 784x18
        RenderBR {BR} at (0,0) size 0x18
      RenderTable {TABLE} at (0,46) size 588x28 [border: (1px outset #808080)]
        RenderTableSection {TBODY} at (1,1) size 0x26
          RenderTableRow {TR} at (0,0) size 0x0
            RenderTableCell {TD} at (2,2) size 582x22 [border: (1px inset #808080)] [r=0 c=0 rs=1 cs=1]
              RenderText {TEXT} at (2,2) size 432x18
                text run at (2,2) width 397: "This table should have a width 75% of the available horizontal "
                text run at (399,2) width 35: "space"
      RenderBlock (anonymous) at (0,74) size 784x18
        RenderBR {BR} at (0,0) size 0x18
      RenderTable {TABLE} at (0,92) size 392x46 [border: (1px outset #808080)]
        RenderTableSection {TBODY} at (1,1) size 0x44
          RenderTableRow {TR} at (0,0) size 0x0
            RenderTableCell {TD} at (2,2) size 386x40 [border: (1px inset #808080)] [r=0 c=0 rs=1 cs=1]
              RenderText {TEXT} at (2,2) size 326x36
                text run at (2,2) width 326: "This table should have a width 50% of the available"
                text run at (2,20) width 67: "horizontal "
                text run at (69,20) width 35: "space"
      RenderBlock (anonymous) at (0,138) size 784x18
        RenderBR {BR} at (0,0) size 0x18
      RenderTable {TABLE} at (0,156) size 196x64 [border: (1px outset #808080)]
        RenderTableSection {TBODY} at (1,1) size 0x62
          RenderTableRow {TR} at (0,0) size 0x0
            RenderTableCell {TD} at (2,2) size 190x58 [border: (1px inset #808080)] [r=0 c=0 rs=1 cs=1]
              RenderText {TEXT} at (2,2) size 169x54
                text run at (2,2) width 153: "This table should have a"
                text run at (2,20) width 169: "width 25% of the available"
                text run at (2,38) width 67: "horizontal "
                text run at (69,38) width 35: "space"
