layer at (0,0) size 800x600
  RenderCanvas at (0,0) size 800x600
layer at (0,0) size 800x330
  RenderBlock {HTML} at (0,0) size 800x330
    RenderBody {BODY} at (8,16) size 784x306
      RenderBlock {P} at (0,0) size 784x18
        RenderText {TEXT} at (0,0) size 274x18
          text run at (0,0) width 274: "The table below should have the following:"
      RenderBlock {OL} at (0,34) size 784x108
        RenderListItem {LI} at (40,0) size 744x18
          RenderListMarker at (0,0) size 0x14
          RenderText {TEXT} at (0,0) size 120x18
            text run at (0,0) width 120: "a caption 'TABLE'"
        RenderListItem {LI} at (40,18) size 744x18
          RenderListMarker at (0,0) size 0x14
          RenderText {TEXT} at (0,0) size 61x18
            text run at (0,0) width 61: "no border"
        RenderListItem {LI} at (40,36) size 744x18
          RenderListMarker at (0,0) size 0x14
          RenderText {TEXT} at (0,0) size 221x18
            text run at (0,0) width 221: "3 colgroups, each with one column"
        RenderListItem {LI} at (40,54) size 744x18
          RenderListMarker at (0,0) size 0x14
          RenderText {TEXT} at (0,0) size 155x18
            text run at (0,0) width 155: "a THEAD with one row"
        RenderListItem {LI} at (40,72) size 744x18
          RenderListMarker at (0,0) size 0x14
          RenderText {TEXT} at (0,0) size 163x18
            text run at (0,0) width 163: "a TBODY with two rows"
        RenderListItem {LI} at (40,90) size 744x18
          RenderListMarker at (0,0) size 0x14
          RenderText {TEXT} at (0,0) size 152x18
            text run at (0,0) width 152: "a TFOOT with one row"
      RenderBlock (anonymous) at (0,158) size 784x36
        RenderBR {BR} at (0,0) size 0x18
        RenderBR {BR} at (0,18) size 0x18
      RenderTable {TABLE} at (0,194) size 188x112
        RenderBlock {CAPTION} at (0,0) size 188x18
          RenderText {TEXT} at (67,0) size 53x18
            text run at (67,0) width 53: "TABLE"
        RenderTableCol {COLGROUP} at (0,0) size 0x0
          RenderTableCol {COL} at (0,0) size 0x0
        RenderTableCol {COLGROUP} at (0,0) size 0x0
          RenderTableCol {COL} at (0,0) size 0x0
        RenderTableCol {COLGROUP} at (0,0) size 0x0
          RenderTableCol {COL} at (0,0) size 0x0
        RenderTableSection {THEAD} at (0,18) size 0x24
          RenderTableRow {TR} at (0,0) size 0x0
            RenderTableCell {TH} at (2,2) size 60x20 [r=0 c=0 rs=1 cs=1]
              RenderText {TEXT} at (1,1) size 58x18
                text run at (1,1) width 58: "THEAD"
            RenderTableCell {TH} at (64,2) size 60x20 [r=0 c=1 rs=1 cs=1]
              RenderText {TEXT} at (1,1) size 58x18
                text run at (1,1) width 58: "THEAD"
            RenderTableCell {TH} at (126,2) size 60x20 [r=0 c=2 rs=1 cs=1]
              RenderText {TEXT} at (1,1) size 58x18
                text run at (1,1) width 58: "THEAD"
        RenderTableSection {TFOOT} at (0,88) size 0x24
          RenderTableRow {TR} at (0,0) size 0x0
            RenderTableCell {TD} at (2,2) size 60x20 [r=0 c=0 rs=1 cs=1]
              RenderText {TEXT} at (1,1) size 53x18
                text run at (1,1) width 53: "TFOOT"
            RenderTableCell {TD} at (64,2) size 60x20 [r=0 c=1 rs=1 cs=1]
              RenderText {TEXT} at (1,1) size 53x18
                text run at (1,1) width 53: "TFOOT"
            RenderTableCell {TD} at (126,2) size 60x20 [r=0 c=2 rs=1 cs=1]
              RenderText {TEXT} at (1,1) size 53x18
                text run at (1,1) width 53: "TFOOT"
        RenderTableSection {TBODY} at (0,42) size 0x46
          RenderTableRow {TR} at (0,0) size 0x0
            RenderTableCell {TD} at (2,2) size 60x20 [r=0 c=0 rs=1 cs=1]
              RenderText {TEXT} at (1,1) size 57x18
                text run at (1,1) width 57: "TBODY"
            RenderTableCell {TD} at (64,2) size 60x20 [r=0 c=1 rs=1 cs=1]
              RenderText {TEXT} at (1,1) size 57x18
                text run at (1,1) width 57: "TBODY"
            RenderTableCell {TD} at (126,2) size 60x20 [r=0 c=2 rs=1 cs=1]
              RenderText {TEXT} at (1,1) size 57x18
                text run at (1,1) width 57: "TBODY"
          RenderTableRow {TR} at (0,0) size 0x0
            RenderTableCell {TD} at (2,24) size 60x20 [r=1 c=0 rs=1 cs=1]
              RenderText {TEXT} at (1,1) size 57x18
                text run at (1,1) width 57: "TBODY"
            RenderTableCell {TD} at (64,24) size 60x20 [r=1 c=1 rs=1 cs=1]
              RenderText {TEXT} at (1,1) size 57x18
                text run at (1,1) width 57: "TBODY"
            RenderTableCell {TD} at (126,24) size 60x20 [r=1 c=2 rs=1 cs=1]
              RenderText {TEXT} at (1,1) size 57x18
                text run at (1,1) width 57: "TBODY"
