layer at (0,0) size 800x600
  RenderCanvas at (0,0) size 800x600
layer at (0,0) size 800x210
  RenderBlock {HTML} at (0,0) size 800x210
    RenderBody {BODY} at (8,16) size 784x186
      RenderBlock {P} at (0,0) size 784x18
        RenderText {TEXT} at (0,0) size 302x18
          text run at (0,0) width 302: "In this test, the TBODY text should be justified."
      RenderTable {TABLE} at (0,34) size 300x152 [border: (1px outset #808080)]
        RenderTableSection {THEAD} at (1,1) size 0x26
          RenderTableRow {TR} at (0,0) size 0x0
            RenderTableCell {TD} at (2,2) size 294x22 [border: (1px inset #808080)] [r=0 c=0 rs=1 cs=1]
              RenderText {TEXT} at (2,2) size 168x18
                text run at (2,2) width 168: "This text is in the THEAD"
        RenderTableSection {TFOOT} at (1,125) size 0x26
          RenderTableRow {TR} at (0,0) size 0x0
            RenderTableCell {TD} at (2,2) size 294x22 [border: (1px inset #808080)] [r=0 c=0 rs=1 cs=1]
              RenderText {TEXT} at (2,2) size 165x18
                text run at (2,2) width 165: "This text is in the TFOOT"
        RenderTableSection {TBODY} at (1,27) size 0x98
          RenderTableRow {TR} at (0,0) size 0x0
            RenderTableCell {TD} at (2,2) size 294x94 [border: (1px inset #808080)] [r=0 c=0 rs=1 cs=1]
              RenderText {TEXT} at (2,2) size 290x90
                text run at (2,2) width 290: "This TBODY text should be justified which"
                text run at (2,20) width 136: "means that the right "
                text run at (138,20) width 154: "and left margins should"
                text run at (2,38) width 290: "line up, no matter how long the content"
                text run at (2,56) width 290: "becomes (except the last line which should be"
                text run at (2,74) width 75: "left aligned)"
