layer at (0,0) size 800x600
  RenderCanvas at (0,0) size 800x600
layer at (0,0) size 800x282
  RenderBlock {HTML} at (0,0) size 800x282
    RenderBody {BODY} at (8,8) size 784x266
      RenderTable {TABLE} at (0,0) size 110x64 [border: (1px outset #808080)]
        RenderTableSection {TBODY} at (1,1) size 0x62
          RenderTableRow {TR} at (0,0) size 0x0
            RenderTableCell {TD} at (2,2) size 104x58 [border: (1px inset #808080)] [r=0 c=0 rs=1 cs=1]
              RenderText {TEXT} at (2,2) size 94x54
                text run at (2,2) width 82: "The width of"
                text run at (2,20) width 94: "this cell should"
                text run at (2,38) width 84: "be 100 pixels"
      RenderBlock (anonymous) at (0,64) size 784x18
        RenderBR {BR} at (0,0) size 0x18
      RenderTable {TABLE} at (0,82) size 210x46 [border: (1px outset #808080)]
        RenderTableSection {TBODY} at (1,1) size 0x44
          RenderTableRow {TR} at (0,0) size 0x0
            RenderTableCell {TD} at (2,2) size 204x40 [border: (1px inset #808080)] [r=0 c=0 rs=1 cs=1]
              RenderText {TEXT} at (2,2) size 199x36
                text run at (2,2) width 199: "The width of this cell should be"
                text run at (2,20) width 65: "200 pixels"
      RenderBlock (anonymous) at (0,128) size 784x18
        RenderBR {BR} at (0,0) size 0x18
      RenderTable {TABLE} at (0,146) size 310x28 [border: (1px outset #808080)]
        RenderTableSection {TBODY} at (1,1) size 0x26
          RenderTableRow {TR} at (0,0) size 0x0
            RenderTableCell {TD} at (2,2) size 304x22 [border: (1px inset #808080)] [r=0 c=0 rs=1 cs=1]
              RenderText {TEXT} at (2,2) size 268x18
                text run at (2,2) width 268: "The width of this cell should be 300 pixels"
      RenderBlock (anonymous) at (0,174) size 784x18
        RenderBR {BR} at (0,0) size 0x18
      RenderTable {TABLE} at (0,192) size 410x28 [border: (1px outset #808080)]
        RenderTableSection {TBODY} at (1,1) size 0x26
          RenderTableRow {TR} at (0,0) size 0x0
            RenderTableCell {TD} at (2,2) size 404x22 [border: (1px inset #808080)] [r=0 c=0 rs=1 cs=1]
              RenderText {TEXT} at (2,2) size 268x18
                text run at (2,2) width 268: "The width of this cell should be 400 pixels"
      RenderBlock (anonymous) at (0,220) size 784x18
        RenderBR {BR} at (0,0) size 0x18
      RenderTable {TABLE} at (0,238) size 510x28 [border: (1px outset #808080)]
        RenderTableSection {TBODY} at (1,1) size 0x26
          RenderTableRow {TR} at (0,0) size 0x0
            RenderTableCell {TD} at (2,2) size 504x22 [border: (1px inset #808080)] [r=0 c=0 rs=1 cs=1]
              RenderText {TEXT} at (2,2) size 268x18
                text run at (2,2) width 268: "The width of this cell should be 500 pixels"
