layer at (0,0) size 800x600
  RenderCanvas at (0,0) size 800x600
layer at (0,0) size 800x272
  RenderBlock {HTML} at (0,0) size 800x272
    RenderBody {BODY} at (8,16) size 784x248
      RenderBlock {P} at (0,0) size 784x18
        RenderText {TEXT} at (0,0) size 167x18
          text run at (0,0) width 167: "TD VALIGN=BOTTOM"
      RenderTable {TABLE} at (0,34) size 784x214 [border: (1px outset #808080)]
        RenderTableSection {TBODY} at (1,1) size 0x212
          RenderTableRow {TR} at (0,0) size 0x0
            RenderTableCell {TD} at (2,2) size 204x208 [border: (1px inset #808080)] [r=0 c=0 rs=1 cs=1]
              RenderImage {IMG} at (2,2) size 200x200
            RenderTableCell {TD} at (208,152) size 572x58 [border: (1px inset #808080)] [r=0 c=1 rs=1 cs=1]
              RenderText {TEXT} at (2,2) size 561x54
                text run at (2,2) width 274: "The bottom of this text should be vertically "
                text run at (276,2) width 287: "aligned to the bottom of the image. x-fill x-fill"
                text run at (2,20) width 68: "x-fill x-fill "
                text run at (70,20) width 306: "x-fill x-fill x-fill x-fill x-fill x-fill x-fill x-fill x-fill "
                text run at (376,20) width 183: "x-fill x-fill x-fill x-fill x-fill x-"
                text run at (2,38) width 123: "fill x-fill x-fill x-fill "
                text run at (125,38) width 200: "x-fill x-fill x-fill x-fill x-fill x-fill"
