layer at (0,0) size 800x600
  RenderCanvas at (0,0) size 800x600
layer at (0,0) size 800x98
  RenderBlock {HTML} at (0,0) size 800x98
    RenderBody {BODY} at (8,8) size 784x82
      RenderTable {TABLE} at (0,0) size 784x82 [border: (1px outset #808080)]
        RenderTableSection {TBODY} at (1,1) size 0x80
          RenderTableRow {TR} at (0,0) size 0x0
            RenderTableCell {TD} at (2,2) size 388x76 [border: (1px inset #808080)] [r=0 c=0 rs=1 cs=1]
              RenderText {TEXT} at (2,2) size 384x72
                text run at (2,2) width 212: "This cell text should be justified "
                text run at (214,2) width 172: "which means that the right"
                text run at (2,20) width 247: "and left margins should line up, no "
                text run at (249,20) width 137: "matter how long the"
                text run at (2,38) width 294: "content becomes (except the last line which "
                text run at (296,38) width 90: "should be left"
                text run at (2,56) width 51: "aligned)"
            RenderTableCell {TD} at (392,29) size 388x22 [border: (1px inset #808080)] [r=0 c=1 rs=1 cs=1]
              RenderText {TEXT} at (2,2) size 224x18
                text run at (2,2) width 224: "This cell text should be left justified"
