layer at (0,0) size 800x600
  RenderCanvas at (0,0) size 800x600
layer at (0,0) size 800x68
  RenderBlock {HTML} at (0,0) size 800x68
    RenderBody {BODY} at (8,8) size 784x52
      RenderTable {TABLE} at (0,0) size 224x52 [border: (1px outset #808080)]
        RenderTableSection {TBODY} at (1,1) size 0x50
          RenderTableRow {TR} at (0,0) size 0x0
            RenderTableCell {TD} at (2,14) size 160x22 [border: (1px inset #808080)] [r=0 c=0 rs=2 cs=1]
              RenderText {TEXT} at (2,2) size 156x18
                text run at (2,2) width 156: "This cell spans two rows"
            RenderTableCell {TD} at (164,2) size 56x22 [border: (1px inset #808080)] [r=0 c=1 rs=1 cs=1]
              RenderText {TEXT} at (2,2) size 52x18
                text run at (2,2) width 52: "xxx xxx"
          RenderTableRow {TR} at (0,0) size 0x0
            RenderTableCell {TD} at (164,26) size 56x22 [border: (1px inset #808080)] [r=1 c=1 rs=1 cs=1]
              RenderText {TEXT} at (2,2) size 52x18
                text run at (2,2) width 52: "xxx xxx"
