layer at (0,0) size 908x585
  RenderCanvas at (0,0) size 800x585
layer at (0,0) size 908x68
  RenderBlock {HTML} at (0,0) size 800x68
    RenderBody {BODY} at (8,8) size 784x52
      RenderTable {TABLE} at (0,0) size 900x52 [border: (1px outset #808080)]
        RenderTableSection {TBODY} at (1,1) size 0x50
          RenderTableRow {TR} at (0,0) size 0x0
            RenderTableCell {TD} at (2,2) size 894x22 [border: (1px inset #808080)] [r=0 c=0 rs=1 cs=1]
              RenderText {TEXT} at (2,2) size 890x18
                text run at (2,2) width 263: "The text in the cell should not wrap upon "
                text run at (265,2) width 257: "window resizing    x-fill x-fill x-fill x-fill "
                text run at (522,2) width 306: "x-fill x-fill x-fill x-fill x-fill x-fill x-fill x-fill x-fill "
                text run at (828,2) width 64: "x-fill x-fill"
          RenderTableRow {TR} at (0,0) size 0x0
            RenderTableCell {TD} at (2,26) size 894x22 [border: (1px inset #808080)] [r=1 c=0 rs=1 cs=1]
              RenderText {TEXT} at (2,2) size 890x18
                text run at (2,2) width 263: "The text in the cell should not wrap upon "
                text run at (265,2) width 257: "window resizing    x-fill x-fill x-fill x-fill "
                text run at (522,2) width 306: "x-fill x-fill x-fill x-fill x-fill x-fill x-fill x-fill x-fill "
                text run at (828,2) width 64: "x-fill x-fill"
