layer at (0,0) size 800x600
  RenderCanvas at (0,0) size 800x600
layer at (0,0) size 800x324
  RenderBlock {HTML} at (0,0) size 800x324
    RenderBody {BODY} at (8,16) size 784x300
      RenderBlock {P} at (0,0) size 784x18
        RenderText {TEXT} at (0,0) size 198x18
          text run at (0,0) width 198: "TFOOT VALIGN=BOTTOM"
      RenderTable {TABLE} at (0,34) size 784x266 [border: (1px outset #808080)]
        RenderTableSection {THEAD} at (1,1) size 0x26
          RenderTableRow {TR} at (0,0) size 0x0
            RenderTableCell {TD} at (2,2) size 204x22 [border: (1px inset #808080)] [r=0 c=0 rs=1 cs=1]
              RenderText {TEXT} at (2,2) size 56x18
                text run at (2,2) width 56: "THEAD"
            RenderTableCell {TD} at (208,2) size 572x22 [border: (1px inset #808080)] [r=0 c=1 rs=1 cs=1]
              RenderText {TEXT} at (2,2) size 56x18
                text run at (2,2) width 56: "THEAD"
        RenderTableSection {TFOOT} at (1,53) size 0x212
          RenderTableRow {TR} at (0,0) size 0x0
            RenderTableCell {TD} at (2,2) size 204x208 [border: (1px inset #808080)] [r=0 c=0 rs=1 cs=1]
              RenderImage {IMG} at (2,2) size 200x200
            RenderTableCell {TD} at (208,152) size 572x58 [border: (1px inset #808080)] [r=0 c=1 rs=1 cs=1]
              RenderText {TEXT} at (2,2) size 561x54
                text run at (2,2) width 363: "The bottom of this text should be vertically aligned to the "
                text run at (365,2) width 198: "bottom of the image. x-fill x-fill"
                text run at (2,20) width 136: "x-fill x-fill x-fill x-fill "
                text run at (138,20) width 306: "x-fill x-fill x-fill x-fill x-fill x-fill x-fill x-fill x-fill "
                text run at (444,20) width 115: "x-fill x-fill x-fill x-"
                text run at (2,38) width 191: "fill x-fill x-fill x-fill x-fill x-fill "
                text run at (193,38) width 132: "x-fill x-fill x-fill x-fill"
        RenderTableSection {TBODY} at (1,27) size 0x26
          RenderTableRow {TR} at (0,0) size 0x0
            RenderTableCell {TD} at (2,2) size 204x22 [border: (1px inset #808080)] [r=0 c=0 rs=1 cs=1]
              RenderText {TEXT} at (2,2) size 57x18
                text run at (2,2) width 57: "TBODY"
            RenderTableCell {TD} at (208,2) size 572x22 [border: (1px inset #808080)] [r=0 c=1 rs=1 cs=1]
              RenderText {TEXT} at (2,2) size 57x18
                text run at (2,2) width 57: "TBODY"
