layer at (0,0) size 800x600
  RenderCanvas at (0,0) size 800x600
layer at (0,0) size 800x96
  RenderBlock {HTML} at (0,0) size 800x96
    RenderBody {BODY} at (8,8) size 784x80
      RenderTable {TABLE} at (0,0) size 630x80 [border: (1px outset #808080)]
        RenderTableSection {THEAD} at (1,1) size 0x26 [bgcolor=#00FF00]
          RenderTableRow {TR} at (0,0) size 0x0
            RenderTableCell {TD} at (2,2) size 311x22 [border: (1px inset #808080)] [r=0 c=0 rs=1 cs=1]
              RenderText {TEXT} at (2,2) size 267x18
                text run at (2,2) width 267: "This thead should have a lime background"
            RenderTableCell {TD} at (315,2) size 311x22 [border: (1px inset #808080)] [r=0 c=1 rs=1 cs=1]
              RenderText {TEXT} at (2,2) size 267x18
                text run at (2,2) width 267: "This thead should have a lime background"
        RenderTableSection {TFOOT} at (1,53) size 0x26
          RenderTableRow {TR} at (0,0) size 0x0
            RenderTableCell {TD} at (2,2) size 311x22 [border: (1px inset #808080)] [r=0 c=0 rs=1 cs=1]
              RenderText {TEXT} at (2,2) size 300x18
                text run at (2,2) width 300: "This tfoot should NOT have a lime background"
            RenderTableCell {TD} at (315,2) size 311x22 [border: (1px inset #808080)] [r=0 c=1 rs=1 cs=1]
              RenderText {TEXT} at (2,2) size 300x18
                text run at (2,2) width 300: "This tfoot should NOT have a lime background"
        RenderTableSection {TBODY} at (1,27) size 0x26
          RenderTableRow {TR} at (0,0) size 0x0
            RenderTableCell {TD} at (2,2) size 311x22 [border: (1px inset #808080)] [r=0 c=0 rs=1 cs=1]
              RenderText {TEXT} at (2,2) size 307x18
                text run at (2,2) width 307: "This tbody should NOT have a lime background"
            RenderTableCell {TD} at (315,2) size 311x22 [border: (1px inset #808080)] [r=0 c=1 rs=1 cs=1]
              RenderText {TEXT} at (2,2) size 307x18
                text run at (2,2) width 307: "This tbody should NOT have a lime background"
