layer at (0,0) size 800x600
  RenderCanvas at (0,0) size 800x600
layer at (0,0) size 800x138
  RenderBlock {HTML} at (0,0) size 800x138
    RenderBody {BODY} at (8,16) size 784x114
      RenderBlock {P} at (0,0) size 784x18
        RenderText {TEXT} at (0,0) size 335x18
          text run at (0,0) width 335: "In this test, the THEAD text should be center aligned"
      RenderTable {TABLE} at (0,34) size 179x80 [border: (1px outset #808080)]
        RenderTableSection {THEAD} at (1,1) size 0x26
          RenderTableRow {TR} at (0,0) size 0x0
            RenderTableCell {TD} at (2,2) size 173x22 [border: (1px inset #808080)] [r=0 c=0 rs=1 cs=1]
              RenderText {TEXT} at (58,2) size 56x18
                text run at (58,2) width 56: "THEAD"
        RenderTableSection {TFOOT} at (1,53) size 0x26
          RenderTableRow {TR} at (0,0) size 0x0
            RenderTableCell {TD} at (2,2) size 173x22 [border: (1px inset #808080)] [r=0 c=0 rs=1 cs=1]
              RenderText {TEXT} at (2,2) size 165x18
                text run at (2,2) width 165: "This text is in the TFOOT"
        RenderTableSection {TBODY} at (1,27) size 0x26
          RenderTableRow {TR} at (0,0) size 0x0
            RenderTableCell {TD} at (2,2) size 173x22 [border: (1px inset #808080)] [r=0 c=0 rs=1 cs=1]
              RenderText {TEXT} at (2,2) size 169x18
                text run at (2,2) width 169: "This text is in the TBODY"
