layer at (0,0) size 800x600
  RenderCanvas at (0,0) size 800x600
layer at (0,0) size 800x68
  RenderBlock {HTML} at (0,0) size 800x68
    RenderBody {BODY} at (8,8) size 784x52
      RenderTable {TABLE} at (0,0) size 197x52 [border: (1px outset #808080)]
        RenderTableSection {TBODY} at (1,1) size 0x50
          RenderTableRow {TR} at (0,0) size 0x0
            RenderTableCell {TH} at (2,2) size 191x22 [border: (1px inset #808080)] [r=0 c=0 rs=1 cs=2]
              RenderText {TEXT} at (2,2) size 187x18
                text run at (2,2) width 187: "This cell spans two columns"
          RenderTableRow {TR} at (0,0) size 0x0
            RenderTableCell {TH} at (2,26) size 94x22 [border: (1px inset #808080)] [r=1 c=0 rs=1 cs=1]
              RenderText {TEXT} at (21,2) size 52x18
                text run at (21,2) width 52: "xxx xxx"
            RenderTableCell {TH} at (98,26) size 95x22 [border: (1px inset #808080)] [r=1 c=1 rs=1 cs=1]
              RenderText {TEXT} at (21,2) size 52x18
                text run at (21,2) width 52: "xxx xxx"
