layer at (0,0) size 800x600
  RenderCanvas at (0,0) size 800x600
layer at (0,0) size 800x110
  RenderBlock {HTML} at (0,0) size 800x110
    RenderBody {BODY} at (8,16) size 784x86
      RenderBlock {P} at (0,0) size 784x18
        RenderText {TEXT} at (0,0) size 301x18
          text run at (0,0) width 301: "TEST: Numbers should align by decimal points"
      RenderTable {TABLE} at (0,34) size 194x52 [border: (1px outset #808080)]
        RenderTableSection {TBODY} at (1,1) size 0x50
          RenderTableRow {TR} at (0,0) size 0x0
            RenderTableCell {TH} at (2,2) size 56x22 [border: (1px inset #808080)] [r=0 c=0 rs=1 cs=1]
              RenderText {TEXT} at (10,2) size 36x18
                text run at (10,2) width 36: "55.00"
            RenderTableCell {TH} at (60,2) size 64x22 [border: (1px inset #808080)] [r=0 c=1 rs=1 cs=1]
              RenderText {TEXT} at (2,2) size 60x18
                text run at (2,2) width 60: "55555.00"
            RenderTableCell {TH} at (126,2) size 64x22 [border: (1px inset #808080)] [r=0 c=2 rs=1 cs=1]
              RenderText {TEXT} at (10,2) size 44x18
                text run at (10,2) width 44: "555.00"
          RenderTableRow {TR} at (0,0) size 0x0
            RenderTableCell {TH} at (2,26) size 56x22 [border: (1px inset #808080)] [r=1 c=0 rs=1 cs=1]
              RenderText {TEXT} at (2,2) size 52x18
                text run at (2,2) width 52: "1234.56"
            RenderTableCell {TH} at (60,26) size 64x22 [border: (1px inset #808080)] [r=1 c=1 rs=1 cs=1]
              RenderText {TEXT} at (10,2) size 44x18
                text run at (10,2) width 44: "123.45"
            RenderTableCell {TH} at (126,26) size 64x22 [border: (1px inset #808080)] [r=1 c=2 rs=1 cs=1]
              RenderText {TEXT} at (2,2) size 60x18
                text run at (2,2) width 60: "12345.67"
