layer at (0,0) size 800x600
  RenderCanvas at (0,0) size 800x600
layer at (0,0) size 800x272
  RenderBlock {HTML} at (0,0) size 800x272
    RenderBody {BODY} at (8,16) size 784x248
      RenderBlock {P} at (0,0) size 784x18
        RenderText {TEXT} at (0,0) size 167x18
          text run at (0,0) width 167: "TH VALIGN=BOTTOM"
      RenderTable {TABLE} at (0,34) size 784x214 [border: (1px outset #808080)]
        RenderTableSection {TBODY} at (1,1) size 0x212
          RenderTableRow {TR} at (0,0) size 0x0
            RenderTableCell {TH} at (2,2) size 204x208 [border: (1px inset #808080)] [r=0 c=0 rs=1 cs=1]
              RenderImage {IMG} at (2,2) size 200x200
            RenderTableCell {TH} at (208,152) size 572x58 [border: (1px inset #808080)] [r=0 c=1 rs=1 cs=1]
              RenderText {TEXT} at (6,2) size 559x54
                text run at (6,2) width 292: "The bottom of this text should be vertically "
                text run at (298,2) width 267: "aligned to the bottom of the image. x-fill"
                text run at (7,20) width 102: "x-fill x-fill x-fill "
                text run at (109,20) width 306: "x-fill x-fill x-fill x-fill x-fill x-fill x-fill x-fill x-fill "
                text run at (415,20) width 149: "x-fill x-fill x-fill x-fill x-"
                text run at (107,38) width 157: "fill x-fill x-fill x-fill x-fill "
                text run at (264,38) width 200: "x-fill x-fill x-fill x-fill x-fill x-fill"
