layer at (0,0) size 800x600
  RenderCanvas at (0,0) size 800x600
layer at (0,0) size 800x298
  RenderBlock {HTML} at (0,0) size 800x298
    RenderBody {BODY} at (8,16) size 784x274
      RenderBlock {P} at (0,0) size 784x18
        RenderText {TEXT} at (0,0) size 177x18
          text run at (0,0) width 177: "TH VALIGN=BASELINE"
      RenderTable {TABLE} at (0,34) size 784x240 [border: (1px outset #808080)]
        RenderTableSection {TBODY} at (1,1) size 0x238
          RenderTableRow {TR} at (0,0) size 0x0
            RenderTableCell {TH} at (2,24) size 214x94 [border: (1px inset #808080)] [r=0 c=0 rs=1 cs=1]
              RenderText {TEXT} at (12,2) size 206x90
                text run at (12,2) width 189: "Compare the baseline of the"
                text run at (4,20) width 76: "first line of "
                text run at (80,20) width 130: "text in this cell with"
                text run at (8,38) width 197: "the baseline of the first line of"
                text run at (25,56) width 46: "text in "
                text run at (71,56) width 118: "the next cell: they"
                text run at (15,74) width 184: "should be vertically aligned"
            RenderTableCell {TH} at (218,2) size 562x234 [border: (1px inset #808080)] [r=0 c=1 rs=1 cs=1]
              RenderText {TEXT} at (2,2) size 558x230
                text run at (2,2) width 381: "Compare the baseline "
                text run at (383,2) width 177: "of the first"
                text run at (26,48) width 510: "line of text in this cell with the"
                text run at (2,94) width 254: "baseline of the "
                text run at (256,94) width 303: "first line of text in"
                text run at (7,140) width 547: "the previous cell: they should be"
                text run at (134,186) width 170: "vertically "
                text run at (304,186) width 124: "aligned"
