layer at (0,0) size 800x600
  RenderCanvas at (0,0) size 800x600
layer at (0,0) size 800x258
  RenderBlock {HTML} at (0,0) size 800x258
    RenderBody {BODY} at (8,16) size 784x234
      RenderBlock {P} at (0,0) size 784x18
        RenderText {TEXT} at (0,0) size 155x18
          text run at (0,0) width 155: "TEST: th align=\"center\""
      RenderBlock {P} at (0,34) size 784x36
        RenderInline {B} at (0,0) size 76x18
          RenderText {TEXT} at (0,0) size 76x18
            text run at (0,0) width 76: "Example 1."
        RenderBR {BR} at (76,0) size 0x18
        RenderText {TEXT} at (0,18) size 122x18
          text run at (0,18) width 122: "Table width=100%"
      RenderTable {TABLE} at (0,86) size 784x28 [border: (1px outset #808080)]
        RenderTableSection {TBODY} at (1,1) size 0x26
          RenderTableRow {TR} at (0,0) size 0x0
            RenderTableCell {TH} at (2,2) size 778x22 [border: (1px inset #808080)] [r=0 c=0 rs=1 cs=1]
              RenderText {TEXT} at (277,2) size 224x18
                text run at (277,2) width 224: "Cell text should be center aligned"
      RenderBlock {P} at (0,130) size 784x36
        RenderInline {B} at (0,0) size 76x18
          RenderText {TEXT} at (0,0) size 76x18
            text run at (0,0) width 76: "Example 2."
        RenderBR {BR} at (76,0) size 0x18
        RenderText {TEXT} at (0,18) size 424x18
          text run at (0,18) width 399: "No specific table width; text in second row exceeds text in first "
          text run at (399,18) width 25: "row"
      RenderTable {TABLE} at (0,182) size 566x52 [border: (1px outset #808080)]
        RenderTableSection {TBODY} at (1,1) size 0x50
          RenderTableRow {TR} at (0,0) size 0x0
            RenderTableCell {TH} at (2,2) size 560x22 [border: (1px inset #808080)] [r=0 c=0 rs=1 cs=1]
              RenderText {TEXT} at (168,2) size 224x18
                text run at (168,2) width 224: "Cell text should be center aligned"
          RenderTableRow {TR} at (0,0) size 0x0
            RenderTableCell {TH} at (2,26) size 560x22 [border: (1px inset #808080)] [r=1 c=0 rs=1 cs=1]
              RenderText {TEXT} at (2,2) size 556x18
                text run at (2,2) width 448: "xxx xxx xxx xxx xxx xxx xxx xxx xxx xxx xxx xxx xxx xxx xxx xxx "
                text run at (450,2) width 108: "xxx xxx xxx xxx"
