layer at (0,0) size 800x600
  RenderCanvas at (0,0) size 800x600
layer at (0,0) size 800x44
  RenderBlock {HTML} at (0,0) size 800x44
    RenderBody {BODY} at (8,8) size 784x28
      RenderTable {TABLE} at (0,0) size 784x28 [border: (1px outset #808080)]
        RenderTableSection {TBODY} at (1,1) size 0x26
          RenderTableRow {TR} at (0,0) size 0x0
            RenderTableCell {TD} at (2,2) size 388x22 [border: (1px inset #808080)] [r=0 c=0 rs=1 cs=1]
              RenderText {TEXT} at (185,2) size 201x18
                text run at (185,2) width 201: "Cell text should be right aligned"
            RenderTableCell {TD} at (392,2) size 388x22 [border: (1px inset #808080)] [r=0 c=1 rs=1 cs=1]
              RenderText {TEXT} at (185,2) size 201x18
                text run at (185,2) width 201: "Cell text should be right aligned"
