layer at (0,0) size 800x600
  RenderCanvas at (0,0) size 800x600
layer at (0,0) size 800x98
  RenderBlock {HTML} at (0,0) size 800x98
    RenderBody {BODY} at (8,8) size 784x82
      RenderTable {TABLE} at (0,0) size 600x82 [border: (1px outset #808080)]
        RenderTableSection {TBODY} at (1,1) size 0x80
          RenderTableRow {TR} at (0,0) size 0x0
            RenderTableCell {TD} at (2,2) size 296x76 [border: (1px inset #808080)] [r=0 c=0 rs=1 cs=1]
              RenderText {TEXT} at (2,2) size 292x72
                text run at (2,2) width 292: "Cell text should be justified which means that"
                text run at (2,20) width 89: "the right and "
                text run at (91,20) width 203: "left margins should line up, no"
                text run at (2,38) width 246: "matter how long the content becomes "
                text run at (248,38) width 46: "(except"
                text run at (2,56) width 262: "the last line which should be left aligned)."
            RenderTableCell {TD} at (300,2) size 296x76 [border: (1px inset #808080)] [r=0 c=1 rs=1 cs=1]
              RenderText {TEXT} at (2,2) size 292x72
                text run at (2,2) width 292: "Cell text should be justified which means that"
                text run at (2,20) width 89: "the right and "
                text run at (91,20) width 203: "left margins should line up, no"
                text run at (2,38) width 246: "matter how long the content becomes "
                text run at (248,38) width 46: "(except"
                text run at (2,56) width 262: "the last line which should be left aligned)."
