layer at (0,0) size 800x600
  RenderCanvas at (0,0) size 800x600
layer at (0,0) size 800x60
  RenderBlock {HTML} at (0,0) size 800x60
    RenderBody {BODY} at (8,8) size 784x36
      RenderBlock {UL} at (0,0) size 784x36
        RenderListItem {LI} at (40,0) size 744x36
          RenderListMarker at (0,0) size 14x14
          RenderText {TEXT} at (14,0) size 264x18
            text run at (14,0) width 264: "This list item should have an inside bullet."
          RenderBR {BR} at (0,0) size 0x0
          RenderText {TEXT} at (0,18) size 246x18
            text run at (0,18) width 246: "This line should begin under the bullet."
