layer at (0,0) size 800x600
  RenderView at (0,0) size 800x600
layer at (0,0) size 800x600
  RenderBlock {HTML} at (0,0) size 800x600
    RenderBody {BODY} at (8,8) size 784x576
      RenderBlock {P} at (0,0) size 784x36
        RenderText {#text} at (0,0) size 53x18
          text run at (0,0) width 53: "Test for "
        RenderInline {I} at (0,0) size 726x36
          RenderInline {A} at (0,0) size 348x18 [color=#0000EE]
            RenderText {#text} at (53,0) size 348x18
              text run at (53,0) width 348: "http://bugzilla.opendarwin.org/show_bug.cgi?id=3560"
          RenderText {#text} at (401,0) size 726x36
            text run at (401,0) width 325: " page with use of first-letter crashes reproducibly in"
            text run at (0,18) width 189: "RenderObject::renderArena()"
        RenderText {#text} at (189,18) size 4x18
          text run at (189,18) width 4: "."
      RenderBlock {P} at (0,52) size 784x18
        RenderText {#text} at (0,0) size 171x18
          text run at (0,0) width 171: "The next line should read \x{201C}"
        RenderInline {SPAN} at (0,0) size 9x18 [color=#0000FF]
          RenderText {#text} at (171,0) size 9x18
            text run at (171,0) width 9: "P"
        RenderText {#text} at (180,0) size 209x18
          text run at (180,0) width 209: "ASS\x{201D}, with nothing before the P."
      RenderBlock {HR} at (0,86) size 784x2 [border: (1px inset #000000)]
      RenderBlock {P} at (0,104) size 784x18
        RenderInline (generated) at (0,0) size 9x18 [color=#0000FF]
          RenderText {#text} at (0,0) size 9x18
            text run at (0,0) width 9: "P"
        RenderText {#text} at (9,0) size 30x18
          text run at (9,0) width 30: "ASS"
