layer at (0,0) size 785x608
  RenderView at (0,0) size 785x600
layer at (0,0) size 785x608
  RenderBlock {HTML} at (0,0) size 785x608
    RenderBody {BODY} at (8,8) size 769x584
      RenderBlock {P} at (0,0) size 769x18
        RenderText {#text} at (0,0) size 465x18
          text run at (0,0) width 465: "Fails indicate that the font property specification is invalid in quirks mode."
      RenderBlock {P} at (0,50) size 769x37
        RenderText {#text} at (0,0) size 220x37
          text run at (0,0) width 220: "24pt italic = 24pt"
      RenderBlock {P} at (0,119) size 769x37
        RenderText {#text} at (0,0) size 294x37
          text run at (0,0) width 294: "24pt italic Arial = 24pt"
      RenderBlock {P} at (0,188) size 769x37
        RenderText {#text} at (0,0) size 394x36
          text run at (0,0) width 394: "24pt italic 'Arial' = 24pt Arial"
      RenderBlock {P} at (0,257) size 769x37
        RenderText {#text} at (0,0) size 131x37
          text run at (0,0) width 131: "italic 24pt"
      RenderBlock {P} at (0,326) size 769x37
        RenderText {#text} at (0,0) size 457x36
          text run at (0,0) width 457: "italic 24pt Arial = 24pt Arial Italic"
      RenderBlock {P} at (0,395) size 769x37
        RenderText {#text} at (0,0) size 469x36
          text run at (0,0) width 469: "italic 24pt 'Arial' = 24pt Arial Italic"
      RenderBlock {P} at (0,464) size 769x18
        RenderText {#text} at (0,0) size 141x18
          text run at (0,0) width 141: "Arial 24pt italic = fails"
      RenderBlock {P} at (0,498) size 769x18
        RenderText {#text} at (0,0) size 147x18
          text run at (0,0) width 147: "'Arial' 24pt italic = fails"
      RenderBlock {P} at (0,532) size 769x18
        RenderText {#text} at (0,0) size 141x18
          text run at (0,0) width 141: "Arial italic 24pt = fails"
      RenderBlock {P} at (0,566) size 769x18
        RenderText {#text} at (0,0) size 147x18
          text run at (0,0) width 147: "'Arial' italic 24pt = fails"
