layer at (0,0) size 785x880
  RenderView at (0,0) size 785x600
layer at (0,0) size 785x880
  RenderBlock {HTML} at (0,0) size 785x880
    RenderBody {BODY} at (8,8) size 769x864
      RenderTable {TABLE} at (0,0) size 583x864
        RenderTableSection {TBODY} at (0,0) size 583x864
          RenderTableRow {TR} at (0,16) size 583x20
            RenderTableCell {TH} at (16,16) size 262x20 [r=0 c=0 rs=1 cs=1]
              RenderText {#text} at (99,1) size 63x18
                text run at (99,1) width 63: "Expected"
            RenderTableCell {TH} at (294,16) size 273x20 [r=0 c=1 rs=1 cs=1]
              RenderText {#text} at (114,1) size 45x18
                text run at (114,1) width 45: "Actual"
          RenderTableRow {TR} at (0,52) size 583x182
            RenderTableCell {TD} at (16,52) size 262x182 [r=1 c=0 rs=1 cs=1]
              RenderBlock {P} at (1,1) size 260x18
                RenderText {#text} at (0,0) size 165x18
                  text run at (0,0) width 165: "American Typewriter"
              RenderBlock {DIV} at (1,19) size 260x54
                RenderBlock {P} at (0,0) size 260x18
                  RenderText {#text} at (0,0) size 227x18
                    text run at (0,0) width 227: "American Typewriter Normal"
                RenderBlock {P} at (0,18) size 260x18
                  RenderText {#text} at (0,0) size 201x18
                    text run at (0,0) width 201: "\x{BB} American Typewriter Narrower"
                RenderBlock {P} at (0,36) size 260x18
                  RenderText {#text} at (0,0) size 225x18
                    text run at (0,0) width 225: "\x{BB} American Typewriter Wider"
              RenderBlock {DIV} at (1,73) size 260x54
                RenderBlock {P} at (0,0) size 260x18
                  RenderText {#text} at (0,0) size 200x18
                    text run at (0,0) width 200: "American Typewriter Condensed"
                RenderBlock {P} at (0,18) size 260x18
                  RenderText {#text} at (0,0) size 201x18
                    text run at (0,0) width 201: "\x{BB} American Typewriter Narrower"
                RenderBlock {P} at (0,36) size 260x18
                  RenderText {#text} at (0,0) size 225x18
                    text run at (0,0) width 225: "\x{BB} American Typewriter Wider"
              RenderBlock {DIV} at (1,127) size 260x54
                RenderBlock {P} at (0,0) size 260x18
                  RenderText {#text} at (0,0) size 247x18
                    text run at (0,0) width 247: "American Typewriter Expanded"
                RenderBlock {P} at (0,18) size 260x18
                  RenderText {#text} at (0,0) size 201x18
                    text run at (0,0) width 201: "\x{BB} American Typewriter Narrower"
                RenderBlock {P} at (0,36) size 260x18
                  RenderText {#text} at (0,0) size 225x18
                    text run at (0,0) width 225: "\x{BB} American Typewriter Wider"
            RenderTableCell {TD} at (294,52) size 273x182 [r=1 c=1 rs=1 cs=1]
              RenderBlock {P} at (1,1) size 271x18
                RenderText {#text} at (0,0) size 165x18
                  text run at (0,0) width 165: "American Typewriter"
              RenderBlock {DIV} at (1,19) size 271x54
                RenderBlock {P} at (0,0) size 271x18
                  RenderText {#text} at (0,0) size 227x18
                    text run at (0,0) width 227: "American Typewriter Normal"
                RenderBlock {P} at (0,18) size 271x18
                  RenderText {#text} at (0,0) size 201x18
                    text run at (0,0) width 201: "\x{BB} American Typewriter Narrower"
                RenderBlock {P} at (0,36) size 271x18
                  RenderText {#text} at (0,0) size 225x18
                    text run at (0,0) width 225: "\x{BB} American Typewriter Wider"
              RenderBlock {DIV} at (1,73) size 271x54
                RenderBlock {P} at (0,0) size 271x18
                  RenderText {#text} at (0,0) size 200x18
                    text run at (0,0) width 200: "American Typewriter Condensed"
                RenderBlock {P} at (0,18) size 271x18
                  RenderText {#text} at (0,0) size 201x18
                    text run at (0,0) width 201: "\x{BB} American Typewriter Narrower"
                RenderBlock {P} at (0,36) size 271x18
                  RenderText {#text} at (0,0) size 225x18
                    text run at (0,0) width 225: "\x{BB} American Typewriter Wider"
              RenderBlock {DIV} at (1,127) size 271x54
                RenderBlock {P} at (0,0) size 271x18
                  RenderText {#text} at (0,0) size 247x18
                    text run at (0,0) width 247: "American Typewriter Expanded"
                RenderBlock {P} at (0,18) size 271x18
                  RenderText {#text} at (0,0) size 254x18
                    text run at (0,0) width 254: "\x{BB} American Typewriter Narrower"
                RenderBlock {P} at (0,36) size 271x18
                  RenderText {#text} at (0,0) size 225x18
                    text run at (0,0) width 225: "\x{BB} American Typewriter Wider"
          RenderTableRow {TR} at (0,250) size 583x192
            RenderTableCell {TD} at (16,250) size 262x192 [r=2 c=0 rs=1 cs=1]
              RenderBlock {P} at (1,1) size 260x19
                RenderText {#text} at (0,0) size 175x19
                  text run at (0,0) width 175: "American Typewriter"
              RenderBlock {DIV} at (1,20) size 260x57
                RenderBlock {P} at (0,0) size 260x19
                  RenderText {#text} at (0,0) size 240x19
                    text run at (0,0) width 240: "American Typewriter Normal"
                RenderBlock {P} at (0,19) size 260x19
                  RenderText {#text} at (0,0) size 209x19
                    text run at (0,0) width 209: "\x{BB} American Typewriter Narrower"
                RenderBlock {P} at (0,38) size 260x19
                  RenderText {#text} at (0,0) size 241x19
                    text run at (0,0) width 241: "\x{BB} American Typewriter Wider"
              RenderBlock {DIV} at (1,77) size 260x57
                RenderBlock {P} at (0,0) size 260x19
                  RenderText {#text} at (0,0) size 206x19
                    text run at (0,0) width 206: "American Typewriter Condensed"
                RenderBlock {P} at (0,19) size 260x19
                  RenderText {#text} at (0,0) size 209x19
                    text run at (0,0) width 209: "\x{BB} American Typewriter Narrower"
                RenderBlock {P} at (0,38) size 260x19
                  RenderText {#text} at (0,0) size 241x19
                    text run at (0,0) width 241: "\x{BB} American Typewriter Wider"
              RenderBlock {DIV} at (1,134) size 260x57
                RenderBlock {P} at (0,0) size 260x19
                  RenderText {#text} at (0,0) size 260x19
                    text run at (0,0) width 260: "American Typewriter Expanded"
                RenderBlock {P} at (0,19) size 260x19
                  RenderText {#text} at (0,0) size 209x19
                    text run at (0,0) width 209: "\x{BB} American Typewriter Narrower"
                RenderBlock {P} at (0,38) size 260x19
                  RenderText {#text} at (0,0) size 241x19
                    text run at (0,0) width 241: "\x{BB} American Typewriter Wider"
            RenderTableCell {TD} at (294,250) size 273x192 [r=2 c=1 rs=1 cs=1]
              RenderBlock {P} at (1,1) size 271x19
                RenderText {#text} at (0,0) size 175x19
                  text run at (0,0) width 175: "American Typewriter"
              RenderBlock {DIV} at (1,20) size 271x57
                RenderBlock {P} at (0,0) size 271x19
                  RenderText {#text} at (0,0) size 240x19
                    text run at (0,0) width 240: "American Typewriter Normal"
                RenderBlock {P} at (0,19) size 271x19
                  RenderText {#text} at (0,0) size 209x19
                    text run at (0,0) width 209: "\x{BB} American Typewriter Narrower"
                RenderBlock {P} at (0,38) size 271x19
                  RenderText {#text} at (0,0) size 241x19
                    text run at (0,0) width 241: "\x{BB} American Typewriter Wider"
              RenderBlock {DIV} at (1,77) size 271x57
                RenderBlock {P} at (0,0) size 271x19
                  RenderText {#text} at (0,0) size 206x19
                    text run at (0,0) width 206: "American Typewriter Condensed"
                RenderBlock {P} at (0,19) size 271x19
                  RenderText {#text} at (0,0) size 209x19
                    text run at (0,0) width 209: "\x{BB} American Typewriter Narrower"
                RenderBlock {P} at (0,38) size 271x19
                  RenderText {#text} at (0,0) size 241x19
                    text run at (0,0) width 241: "\x{BB} American Typewriter Wider"
              RenderBlock {DIV} at (1,134) size 271x57
                RenderBlock {P} at (0,0) size 271x19
                  RenderText {#text} at (0,0) size 260x19
                    text run at (0,0) width 260: "American Typewriter Expanded"
                RenderBlock {P} at (0,19) size 271x19
                  RenderText {#text} at (0,0) size 271x19
                    text run at (0,0) width 271: "\x{BB} American Typewriter Narrower"
                RenderBlock {P} at (0,38) size 271x19
                  RenderText {#text} at (0,0) size 241x19
                    text run at (0,0) width 241: "\x{BB} American Typewriter Wider"
          RenderTableRow {TR} at (0,458) size 583x182
            RenderTableCell {TD} at (16,458) size 262x182 [r=3 c=0 rs=1 cs=1]
              RenderBlock {P} at (1,1) size 260x18
                RenderText {#text} at (0,0) size 112x18
                  text run at (0,0) width 112: "Helvetica Neue"
              RenderBlock {DIV} at (1,19) size 260x54
                RenderBlock {P} at (0,0) size 260x18
                  RenderText {#text} at (0,0) size 169x18
                    text run at (0,0) width 169: "Helvetica Neue Normal"
                RenderBlock {P} at (0,18) size 260x18
                  RenderText {#text} at (0,0) size 193x18
                    text run at (0,0) width 193: "\x{BB} Helvetica Neue Narrower"
                RenderBlock {P} at (0,36) size 260x18
                  RenderText {#text} at (0,0) size 169x18
                    text run at (0,0) width 169: "\x{BB} Helvetica Neue Wider"
              RenderBlock {DIV} at (1,73) size 260x54
                RenderBlock {P} at (0,0) size 260x18
                  RenderText {#text} at (0,0) size 199x18
                    text run at (0,0) width 199: "Helvetica Neue Condensed"
                RenderBlock {P} at (0,18) size 260x18
                  RenderText {#text} at (0,0) size 193x18
                    text run at (0,0) width 193: "\x{BB} Helvetica Neue Narrower"
                RenderBlock {P} at (0,36) size 260x18
                  RenderText {#text} at (0,0) size 169x18
                    text run at (0,0) width 169: "\x{BB} Helvetica Neue Wider"
              RenderBlock {DIV} at (1,127) size 260x54
                RenderBlock {P} at (0,0) size 260x18
                  RenderText {#text} at (0,0) size 188x18
                    text run at (0,0) width 188: "Helvetica Neue Expanded"
                RenderBlock {P} at (0,18) size 260x18
                  RenderText {#text} at (0,0) size 193x18
                    text run at (0,0) width 193: "\x{BB} Helvetica Neue Narrower"
                RenderBlock {P} at (0,36) size 260x18
                  RenderText {#text} at (0,0) size 169x18
                    text run at (0,0) width 169: "\x{BB} Helvetica Neue Wider"
            RenderTableCell {TD} at (294,458) size 273x182 [r=3 c=1 rs=1 cs=1]
              RenderBlock {P} at (1,1) size 271x18
                RenderText {#text} at (0,0) size 112x18
                  text run at (0,0) width 112: "Helvetica Neue"
              RenderBlock {DIV} at (1,19) size 271x54
                RenderBlock {P} at (0,0) size 271x18
                  RenderText {#text} at (0,0) size 169x18
                    text run at (0,0) width 169: "Helvetica Neue Normal"
                RenderBlock {P} at (0,18) size 271x18
                  RenderText {#text} at (0,0) size 193x18
                    text run at (0,0) width 193: "\x{BB} Helvetica Neue Narrower"
                RenderBlock {P} at (0,36) size 271x18
                  RenderText {#text} at (0,0) size 169x18
                    text run at (0,0) width 169: "\x{BB} Helvetica Neue Wider"
              RenderBlock {DIV} at (1,73) size 271x54
                RenderBlock {P} at (0,0) size 271x18
                  RenderText {#text} at (0,0) size 199x18
                    text run at (0,0) width 199: "Helvetica Neue Condensed"
                RenderBlock {P} at (0,18) size 271x18
                  RenderText {#text} at (0,0) size 193x18
                    text run at (0,0) width 193: "\x{BB} Helvetica Neue Narrower"
                RenderBlock {P} at (0,36) size 271x18
                  RenderText {#text} at (0,0) size 169x18
                    text run at (0,0) width 169: "\x{BB} Helvetica Neue Wider"
              RenderBlock {DIV} at (1,127) size 271x54
                RenderBlock {P} at (0,0) size 271x18
                  RenderText {#text} at (0,0) size 188x18
                    text run at (0,0) width 188: "Helvetica Neue Expanded"
                RenderBlock {P} at (0,18) size 271x18
                  RenderText {#text} at (0,0) size 193x18
                    text run at (0,0) width 193: "\x{BB} Helvetica Neue Narrower"
                RenderBlock {P} at (0,36) size 271x18
                  RenderText {#text} at (0,0) size 169x18
                    text run at (0,0) width 169: "\x{BB} Helvetica Neue Wider"
          RenderTableRow {TR} at (0,656) size 583x192
            RenderTableCell {TD} at (16,656) size 262x192 [r=4 c=0 rs=1 cs=1]
              RenderBlock {P} at (1,1) size 260x19
                RenderText {#text} at (0,0) size 113x19
                  text run at (0,0) width 113: "Helvetica Neue"
              RenderBlock {DIV} at (1,20) size 260x57
                RenderBlock {P} at (0,0) size 260x19
                  RenderText {#text} at (0,0) size 172x19
                    text run at (0,0) width 172: "Helvetica Neue Normal"
                RenderBlock {P} at (0,19) size 260x19
                  RenderText {#text} at (0,0) size 166x19
                    text run at (0,0) width 166: "\x{BB} Helvetica Neue Narrower"
                RenderBlock {P} at (0,38) size 260x19
                  RenderText {#text} at (0,0) size 172x19
                    text run at (0,0) width 172: "\x{BB} Helvetica Neue Wider"
              RenderBlock {DIV} at (1,77) size 260x57
                RenderBlock {P} at (0,0) size 260x19
                  RenderText {#text} at (0,0) size 167x19
                    text run at (0,0) width 167: "Helvetica Neue Condensed"
                RenderBlock {P} at (0,19) size 260x19
                  RenderText {#text} at (0,0) size 166x19
                    text run at (0,0) width 166: "\x{BB} Helvetica Neue Narrower"
                RenderBlock {P} at (0,38) size 260x19
                  RenderText {#text} at (0,0) size 172x19
                    text run at (0,0) width 172: "\x{BB} Helvetica Neue Wider"
              RenderBlock {DIV} at (1,134) size 260x57
                RenderBlock {P} at (0,0) size 260x19
                  RenderText {#text} at (0,0) size 193x19
                    text run at (0,0) width 193: "Helvetica Neue Expanded"
                RenderBlock {P} at (0,19) size 260x19
                  RenderText {#text} at (0,0) size 166x19
                    text run at (0,0) width 166: "\x{BB} Helvetica Neue Narrower"
                RenderBlock {P} at (0,38) size 260x19
                  RenderText {#text} at (0,0) size 172x19
                    text run at (0,0) width 172: "\x{BB} Helvetica Neue Wider"
            RenderTableCell {TD} at (294,656) size 273x192 [r=4 c=1 rs=1 cs=1]
              RenderBlock {P} at (1,1) size 271x19
                RenderText {#text} at (0,0) size 113x19
                  text run at (0,0) width 113: "Helvetica Neue"
              RenderBlock {DIV} at (1,20) size 271x57
                RenderBlock {P} at (0,0) size 271x19
                  RenderText {#text} at (0,0) size 172x19
                    text run at (0,0) width 172: "Helvetica Neue Normal"
                RenderBlock {P} at (0,19) size 271x19
                  RenderText {#text} at (0,0) size 166x19
                    text run at (0,0) width 166: "\x{BB} Helvetica Neue Narrower"
                RenderBlock {P} at (0,38) size 271x19
                  RenderText {#text} at (0,0) size 172x19
                    text run at (0,0) width 172: "\x{BB} Helvetica Neue Wider"
              RenderBlock {DIV} at (1,77) size 271x57
                RenderBlock {P} at (0,0) size 271x19
                  RenderText {#text} at (0,0) size 167x19
                    text run at (0,0) width 167: "Helvetica Neue Condensed"
                RenderBlock {P} at (0,19) size 271x19
                  RenderText {#text} at (0,0) size 166x19
                    text run at (0,0) width 166: "\x{BB} Helvetica Neue Narrower"
                RenderBlock {P} at (0,38) size 271x19
                  RenderText {#text} at (0,0) size 172x19
                    text run at (0,0) width 172: "\x{BB} Helvetica Neue Wider"
              RenderBlock {DIV} at (1,134) size 271x57
                RenderBlock {P} at (0,0) size 271x19
                  RenderText {#text} at (0,0) size 193x19
                    text run at (0,0) width 193: "Helvetica Neue Expanded"
                RenderBlock {P} at (0,19) size 271x19
                  RenderText {#text} at (0,0) size 199x19
                    text run at (0,0) width 199: "\x{BB} Helvetica Neue Narrower"
                RenderBlock {P} at (0,38) size 271x19
                  RenderText {#text} at (0,0) size 172x19
                    text run at (0,0) width 172: "\x{BB} Helvetica Neue Wider"
