layer at (0,0) size 800x600
  RenderView at (0,0) size 800x600
layer at (0,0) size 800x600
  RenderBlock {HTML} at (0,0) size 800x600
    RenderBody {BODY} at (8,8) size 784x584
      RenderBlock {DIV} at (186,0) size 412x48 [color=#FFFFFF] [bgcolor=#800080] [border: (10px double #000000)]
        RenderText {#text} at (10,10) size 50x28
          text run at (10,10) width 50: "Test"
      RenderBlock (anonymous) at (0,48) size 784x144
        RenderText {#text} at (0,0) size 84x18
          text run at (0,0) width 84: "width: 392px"
        RenderBR {BR} at (84,14) size 0x0
        RenderText {#text} at (0,18) size 79x18
          text run at (0,18) width 79: "height: 28px"
        RenderBR {BR} at (79,32) size 0x0
        RenderText {#text} at (0,36) size 117x18
          text run at (0,36) width 117: "margin-left: 186px"
        RenderBR {BR} at (117,50) size 0x0
        RenderText {#text} at (0,54) size 126x18
          text run at (0,54) width 126: "margin-right: 186px"
        RenderBR {BR} at (126,68) size 0x0
        RenderText {#text} at (0,72) size 101x18
          text run at (0,72) width 101: "margin-top: 0px"
        RenderBR {BR} at (101,86) size 0x0
        RenderText {#text} at (0,90) size 125x18
          text run at (0,90) width 125: "margin-bottom: 0px"
        RenderBR {BR} at (125,104) size 0x0
        RenderText {#text} at (0,108) size 108x18
          text run at (0,108) width 108: "padding-left: 0px"
        RenderBR {BR} at (108,122) size 0x0
        RenderText {#text} at (0,126) size 55x18
          text run at (0,126) width 55: "left: auto"
        RenderBR {BR} at (55,140) size 0x0
