EDITING DELEGATE: shouldChangeSelectedDOMRange:(null) toDOMRange:range from 1 of #text > SPAN > DIV > BODY > HTML > #document to 1 of #text > SPAN > DIV > BODY > HTML > #document affinity:NSSelectionAffinityDownstream stillSelecting:FALSE
EDITING DELEGATE: webViewDidChangeSelection:WebViewDidChangeSelectionNotification
layer at (0,0) size 800x600
  RenderCanvas at (0,0) size 800x600
layer at (0,0) size 800x600
  RenderBlock {HTML} at (0,0) size 800x600
    RenderBody {BODY} at (8,8) size 784x576
      RenderBlock {DIV} at (0,0) size 784x18
        RenderInline {SPAN} at (0,0) size 249x18
          RenderText {TEXT} at (0,0) size 249x18
            text run at (0,0) width 249: "This should not turn red when hovered."
        RenderText {TEXT} at (0,0) size 0x0
      RenderBlock {HR} at (0,26) size 784x2 [border: (1px inset #000000)]
      RenderBlock {P} at (0,44) size 784x36
        RenderText {TEXT} at (0,0) size 53x18
          text run at (0,0) width 53: "Test for "
        RenderInline {I} at (0,0) size 548x18
          RenderInline {A} at (0,0) size 348x18 [color=#0000EE]
            RenderText {TEXT} at (53,0) size 348x18
              text run at (53,0) width 348: "http://bugzilla.opendarwin.org/show_bug.cgi?id=7218"
          RenderText {TEXT} at (401,0) size 200x18
            text run at (401,0) width 200: " Text underlined on mouse over"
        RenderText {TEXT} at (601,0) size 98x18
          text run at (601,0) width 98: ". This tests that "
        RenderInline {CODE} at (0,0) size 56x15
          RenderText {TEXT} at (699,2) size 56x15
            text run at (699,2) width 56: "*:hover"
        RenderText {TEXT} at (0,18) size 256x18
          text run at (0,18) width 256: "does not match anything in quirks mode."
caret: position 1 of child 0 {TEXT} of child 1 {SPAN} of child 1 {DIV} of child 1 {BODY} of child 0 {HTML} of document
