layer at (0,0) size 800x600
  RenderView at (0,0) size 800x600
layer at (0,0) size 800x600
  RenderBlock {HTML} at (0,0) size 800x600
    RenderBody {BODY} at (8,8) size 784x584
      RenderBlock {P} at (0,0) size 784x38
        RenderText {#text} at (0,0) size 494x19
          text run at (0,0) width 494: "This tests the correct placement of inline spelling and grammar markers in text."
        RenderBR {BR} at (494,15) size 0x0
        RenderText {#text} at (0,19) size 477x19
          text run at (0,19) width 477: "Spelling markers should line up exactly under misspelled words in all cases."
      RenderBlock (anonymous) at (0,54) size 784x19
        RenderText {#text} at (0,0) size 31x19
          text run at (0,0) width 31: "LTR"
      RenderBlock (anonymous) at (0,95) size 784x19
        RenderText {#text} at (0,0) size 31x19
          text run at (0,0) width 31: "RTL"
      RenderBlock (anonymous) at (0,136) size 784x19
        RenderText {#text} at (0,0) size 184x19
          text run at (0,0) width 184: "LTR (text-overflow:ellipses):"
      RenderBlock (anonymous) at (0,177) size 784x19
        RenderText {#text} at (0,0) size 184x19
          text run at (0,0) width 184: "RTL (text-overflow:ellipses):"
layer at (8,81) size 202x22 clip at (9,82) size 200x20 scrollWidth 221
  RenderBlock {DIV} at (0,73) size 202x22 [border: (1px solid #000000)]
    RenderText {#text} at (1,1) size 220x19
      text run at (1,1) width 220: "the the adlj adaasj sdklj. there there"
layer at (8,122) size 202x22 clip at (9,123) size 200x20 scrollX 20 scrollWidth 220
  RenderBlock {DIV} at (0,114) size 202x22 [border: (1px solid #000000)]
    RenderText {#text} at (-19,1) size 220x19
      text run at (-19,1) width 220 RTL override: "the the adlj adaasj sdklj. there there"
layer at (8,163) size 202x22 clip at (9,164) size 200x20 scrollWidth 221
  RenderBlock {DIV} at (0,155) size 202x22 [border: (1px solid #000000)]
    RenderText {#text} at (1,1) size 220x19
      text run at (1,1) width 220: "the the adlj adaasj sdklj. there there"
layer at (8,204) size 202x22 clip at (9,205) size 200x20 scrollX 20 scrollWidth 220
  RenderBlock {DIV} at (0,196) size 202x22 [border: (1px solid #000000)]
    RenderText {#text} at (-19,1) size 220x19
      text run at (-19,1) width 220 RTL override: "the the adlj adaasj sdklj. there there"
