layer at (0,0) size 800x600
  RenderView at (0,0) size 800x600
layer at (0,0) size 800x600
  RenderBlock {HTML} at (0,0) size 800x600
    RenderBody {BODY} at (8,8) size 784x584
      RenderBlock {P} at (0,0) size 784x40
        RenderText {#text} at (0,0) size 749x40
          text run at (0,0) width 748: "This tests if the \"spellcheck\" attribute is implemented as written in its specification. If this test succeeds, you can see six"
          text run at (0,20) width 749: "forms filled with an invalid word 'zz '. Nevertheless, the 'zz ' only in the line 1.1, 1.2, and 2.2 are marked as misspelled."
      RenderBlock {DIV} at (0,56) size 784x96
        RenderInline {LABEL} at (0,0) size 24x20
          RenderText {#text} at (0,6) size 24x20
            text run at (0,6) width 24: "1.1."
        RenderTextControl {INPUT} at (26,2) size 177x28 [bgcolor=#FFFFFF]
        RenderBR {BR} at (205,21) size 0x0
        RenderInline {LABEL} at (0,0) size 24x20
          RenderText {#text} at (0,38) size 24x20
            text run at (0,38) width 24: "1.2."
        RenderTextControl {INPUT} at (26,34) size 177x28 [bgcolor=#FFFFFF]
        RenderBR {BR} at (205,53) size 0x0
        RenderInline {LABEL} at (0,0) size 24x20
          RenderText {#text} at (0,70) size 24x20
            text run at (0,70) width 24: "1.3."
        RenderTextControl {INPUT} at (26,66) size 177x28 [bgcolor=#FFFFFF]
        RenderBR {BR} at (205,85) size 0x0
      RenderBlock {DIV} at (0,152) size 784x96
        RenderInline {LABEL} at (0,0) size 24x20
          RenderText {#text} at (0,6) size 24x20
            text run at (0,6) width 24: "2.1."
        RenderTextControl {INPUT} at (26,2) size 177x28 [bgcolor=#FFFFFF]
        RenderBR {BR} at (205,21) size 0x0
        RenderInline {LABEL} at (0,0) size 24x20
          RenderText {#text} at (0,38) size 24x20
            text run at (0,38) width 24: "2.2."
        RenderTextControl {INPUT} at (26,34) size 177x28 [bgcolor=#FFFFFF]
        RenderBR {BR} at (205,53) size 0x0
        RenderInline {LABEL} at (0,0) size 24x20
          RenderText {#text} at (0,70) size 24x20
            text run at (0,70) width 24: "2.3."
        RenderTextControl {INPUT} at (26,66) size 177x28 [bgcolor=#FFFFFF]
        RenderBR {BR} at (205,85) size 0x0
layer at (38,70) size 169x20
  RenderBlock {DIV} at (4,4) size 169x20
    RenderText {#text} at (1,0) size 18x20
      text run at (1,0) width 18: "zz "
layer at (38,102) size 169x20
  RenderBlock {DIV} at (4,4) size 169x20
    RenderText {#text} at (1,0) size 18x20
      text run at (1,0) width 18: "zz "
layer at (38,134) size 169x20
  RenderBlock {DIV} at (4,4) size 169x20
    RenderText {#text} at (1,0) size 18x20
      text run at (1,0) width 18: "zz "
layer at (38,166) size 169x20
  RenderBlock {DIV} at (4,4) size 169x20
    RenderText {#text} at (1,0) size 18x20
      text run at (1,0) width 18: "zz "
layer at (38,198) size 169x20
  RenderBlock {DIV} at (4,4) size 169x20
    RenderText {#text} at (1,0) size 18x20
      text run at (1,0) width 18: "zz "
layer at (38,230) size 169x20
  RenderBlock {DIV} at (4,4) size 169x20
    RenderText {#text} at (1,0) size 18x20
      text run at (1,0) width 18: "zz "
caret: position 3 of child 0 {#text} of child 0 {DIV} of child 10 {INPUT} of child 5 {DIV} of child 1 {BODY} of child 0 {HTML} of document
