layer at (0,0) size 800x600
  RenderView at (0,0) size 800x600
layer at (0,0) size 800x600
  RenderBlock {HTML} at (0,0) size 800x600
    RenderBody {BODY} at (8,8) size 784x584 [bgcolor=#CCCCCC]
      RenderBlock {P} at (0,0) size 764x19
        RenderText {#text} at (0,0) size 354x19
          text run at (0,0) width 354: "The style declarations which apply to the text below are:"
      RenderBlock {PRE} at (0,33) size 784x76
        RenderText {#text} at (0,1) size 320x74
          text run at (0,1) width 184: "P {margin-right: 20px;}"
          text run at (184,1) width 0: " "
          text run at (0,20) width 320: ".one {border-right: purple double 10px;}"
          text run at (320,20) width 0: " "
          text run at (0,39) width 312: ".two {border-right: purple thin solid;}"
          text run at (312,39) width 0: " "
          text run at (0,58) width 0: " "
      RenderBlock {HR} at (0,123) size 784x2 [border: (1px inset #000000)]
      RenderBlock {P} at (0,139) size 764x57 [bgcolor=#C0C0C0]
        RenderText {#text} at (0,0) size 756x38
          text run at (0,0) width 756: "This paragraph has a background color of silver and a 20-pixel right margin, and it contains inline elements with classes"
          text run at (0,19) width 16: "of "
        RenderInline {SPAN} at (0,0) size 70x19 [border: (10px double #800080) none]
          RenderText {#text} at (16,19) size 60x19
            text run at (16,19) width 60: "class one"
        RenderText {#text} at (86,19) size 396x19
          text run at (86,19) width 396: ", which should have a 10-pixel purple double right border; and "
        RenderInline {SPAN} at (0,0) size 59x19 [border: (1px solid #800080) none]
          RenderText {#text} at (482,19) size 58x19
            text run at (482,19) width 58: "class two"
        RenderText {#text} at (541,19) size 738x38
          text run at (541,19) width 197: ", which should have a thin solid"
          text run at (0,38) width 126: "purple right border. "
          text run at (126,38) width 433: "The line-height of the parent element should not change on any line."
      RenderTable {TABLE} at (0,210) size 784x95 [border: (1px outset #808080)]
        RenderTableSection {TBODY} at (1,1) size 782x93
          RenderTableRow {TR} at (0,0) size 782x28
            RenderTableCell {TD} at (0,0) size 782x28 [bgcolor=#C0C0C0] [border: (1px inset #808080)] [r=0 c=0 rs=1 cs=2]
              RenderInline {STRONG} at (0,0) size 159x20
                RenderText {#text} at (4,4) size 159x20
                  text run at (4,4) width 159: "TABLE Testing Section"
          RenderTableRow {TR} at (0,28) size 782x65
            RenderTableCell {TD} at (0,47) size 12x27 [bgcolor=#C0C0C0] [border: (1px inset #808080)] [r=1 c=0 rs=1 cs=1]
              RenderText {#text} at (4,4) size 4x19
                text run at (4,4) width 4: " "
            RenderTableCell {TD} at (12,28) size 770x65 [border: (1px inset #808080)] [r=1 c=1 rs=1 cs=1]
              RenderBlock {P} at (4,4) size 742x57 [bgcolor=#C0C0C0]
                RenderText {#text} at (0,0) size 705x38
                  text run at (0,0) width 705: "This paragraph has a background color of silver and a 20-pixel right margin, and it contains inline elements with"
                  text run at (0,19) width 67: "classes of "
                RenderInline {SPAN} at (0,0) size 70x19 [border: (10px double #800080) none]
                  RenderText {#text} at (67,19) size 60x19
                    text run at (67,19) width 60: "class one"
                RenderText {#text} at (137,19) size 396x19
                  text run at (137,19) width 396: ", which should have a 10-pixel purple double right border; and "
                RenderInline {SPAN} at (0,0) size 59x19 [border: (1px solid #800080) none]
                  RenderText {#text} at (533,19) size 58x19
                    text run at (533,19) width 58: "class two"
                RenderText {#text} at (592,19) size 729x38
                  text run at (592,19) width 137: ", which should have a"
                  text run at (0,38) width 186: "thin solid purple right border. "
                  text run at (186,38) width 433: "The line-height of the parent element should not change on any line."
