layer at (0,0) size 800x600
  RenderView at (0,0) size 800x600
layer at (0,0) size 800x600
  RenderBlock {HTML} at (0,0) size 800x600
    RenderBody {BODY} at (8,8) size 784x584 [bgcolor=#CCCCCC]
      RenderBlock {P} at (20,0) size 764x19
        RenderText {#text} at (0,0) size 354x19
          text run at (0,0) width 354: "The style declarations which apply to the text below are:"
      RenderBlock {PRE} at (0,33) size 784x76
        RenderText {#text} at (0,1) size 312x74
          text run at (0,1) width 176: "P {margin-left: 20px;}"
          text run at (176,1) width 0: " "
          text run at (0,20) width 312: ".one {border-left: purple double 10px;}"
          text run at (312,20) width 0: " "
          text run at (0,39) width 304: ".two {border-left: purple thin solid;}"
          text run at (304,39) width 0: " "
          text run at (0,58) width 0: " "
      RenderBlock {HR} at (0,123) size 784x2 [border: (1px inset #000000)]
      RenderBlock {P} at (20,139) size 764x57 [bgcolor=#C0C0C0]
        RenderText {#text} at (0,0) size 763x19
          text run at (0,0) width 763: "This paragraph has a background color of silver and a 20-pixel left margin, and it contains inline elements with classes of"
        RenderInline {SPAN} at (0,0) size 70x19 [border: (10px double #800080)]
          RenderText {#text} at (10,19) size 60x19
            text run at (10,19) width 60: "class one"
        RenderText {#text} at (70,19) size 387x19
          text run at (70,19) width 387: ", which should have a 10-pixel purple double left border; and "
        RenderInline {SPAN} at (0,0) size 59x19 [border: (1px solid #800080)]
          RenderText {#text} at (458,19) size 58x19
            text run at (458,19) width 58: "class two"
        RenderText {#text} at (516,19) size 757x38
          text run at (516,19) width 241: ", which should have a thin solid purple"
          text run at (0,38) width 73: "left border. "
          text run at (73,38) width 433: "The line-height of the parent element should not change on any line."
      RenderTable {TABLE} at (0,210) size 784x95 [border: (1px outset #808080)]
        RenderTableSection {TBODY} at (1,1) size 782x93
          RenderTableRow {TR} at (0,0) size 782x28
            RenderTableCell {TD} at (0,0) size 782x28 [bgcolor=#C0C0C0] [border: (1px inset #808080)] [r=0 c=0 rs=1 cs=2]
              RenderInline {STRONG} at (0,0) size 159x20
                RenderText {#text} at (4,4) size 159x20
                  text run at (4,4) width 159: "TABLE Testing Section"
          RenderTableRow {TR} at (0,28) size 782x65
            RenderTableCell {TD} at (0,47) size 12x27 [bgcolor=#C0C0C0] [border: (1px inset #808080)] [r=1 c=0 rs=1 cs=1]
              RenderText {#text} at (4,4) size 4x19
                text run at (4,4) width 4: " "
            RenderTableCell {TD} at (12,28) size 770x65 [border: (1px inset #808080)] [r=1 c=1 rs=1 cs=1]
              RenderBlock {P} at (24,4) size 742x57 [bgcolor=#C0C0C0]
                RenderText {#text} at (0,0) size 696x38
                  text run at (0,0) width 696: "This paragraph has a background color of silver and a 20-pixel left margin, and it contains inline elements with"
                  text run at (0,19) width 67: "classes of "
                RenderInline {SPAN} at (0,0) size 70x19 [border: (10px double #800080)]
                  RenderText {#text} at (77,19) size 60x19
                    text run at (77,19) width 60: "class one"
                RenderText {#text} at (137,19) size 387x19
                  text run at (137,19) width 387: ", which should have a 10-pixel purple double left border; and "
                RenderInline {SPAN} at (0,0) size 59x19 [border: (1px solid #800080)]
                  RenderText {#text} at (525,19) size 58x19
                    text run at (525,19) width 58: "class two"
                RenderText {#text} at (583,19) size 720x38
                  text run at (583,19) width 137: ", which should have a"
                  text run at (0,38) width 177: "thin solid purple left border. "
                  text run at (177,38) width 433: "The line-height of the parent element should not change on any line."
