layer at (0,0) size 800x600
  RenderView at (0,0) size 800x600
layer at (0,0) size 800x600
  RenderBlock {HTML} at (0,0) size 800x600
    RenderBody {BODY} at (8,8) size 784x584 [bgcolor=#CCCCCC]
      RenderBlock {P} at (0,0) size 784x19
        RenderText {#text} at (0,0) size 354x19
          text run at (0,0) width 354: "The style declarations which apply to the text below are:"
      RenderBlock {PRE} at (0,33) size 784x57
        RenderText {#text} at (0,1) size 728x55
          text run at (0,1) width 392: ".one {border-color: purple; border-style: solid;}"
          text run at (392,1) width 0: " "
          text run at (0,20) width 568: ".two {border-color: purple; border-width: medium; border-style: solid;}"
          text run at (568,20) width 0: " "
          text run at (0,39) width 728: ".three {border-color: purple green blue yellow; border-width: medium; border-style: solid;}"
          text run at (728,39) width 0: " "
      RenderBlock {HR} at (0,104) size 784x2 [border: (1px inset #000000)]
      RenderBlock {P} at (0,120) size 784x76 [bgcolor=#C0C0C0]
        RenderText {#text} at (0,0) size 682x19
          text run at (0,0) width 682: "This is an unstyled element, save for the background color, and containing inline elements with a classes of "
        RenderInline {SPAN} at (0,0) size 66x25 [border: (3px solid #800080)]
          RenderText {#text} at (685,0) size 60x19
            text run at (685,0) width 60: "class one"
        RenderText {#text} at (748,0) size 4x19
          text run at (748,0) width 4: ","
        RenderInline {SPAN} at (0,0) size 64x25 [border: (3px solid #800080)]
          RenderText {#text} at (3,19) size 58x19
            text run at (3,19) width 58: "class two"
        RenderText {#text} at (64,19) size 36x19
          text run at (64,19) width 36: ", and "
        RenderInline {SPAN} at (0,0) size 75x25 [border: (3px solid #800080) (3px solid #008000) (3px solid #0000FF) (3px solid #FFFF00)]
          RenderText {#text} at (103,19) size 69x19
            text run at (103,19) width 69: "class three"
        RenderText {#text} at (175,19) size 779x57
          text run at (175,19) width 8: ". "
          text run at (183,19) width 596: "The effect for each inline element should be to have a purple medium-width solid border in the"
          text run at (0,38) width 599: "first and second cases, and a purple-green-blue-yellow medium-width solid border in the third. "
          text run at (599,38) width 180: "The line-height of the parent"
          text run at (0,57) width 287: "element should not change at all, on any line."
      RenderTable {TABLE} at (0,210) size 784x114 [border: (1px outset #808080)]
        RenderTableSection {TBODY} at (1,1) size 782x112
          RenderTableRow {TR} at (0,0) size 782x28
            RenderTableCell {TD} at (0,0) size 782x28 [bgcolor=#C0C0C0] [border: (1px inset #808080)] [r=0 c=0 rs=1 cs=2]
              RenderInline {STRONG} at (0,0) size 159x20
                RenderText {#text} at (4,4) size 159x20
                  text run at (4,4) width 159: "TABLE Testing Section"
          RenderTableRow {TR} at (0,28) size 782x84
            RenderTableCell {TD} at (0,56) size 12x27 [bgcolor=#C0C0C0] [border: (1px inset #808080)] [r=1 c=0 rs=1 cs=1]
              RenderText {#text} at (4,4) size 4x19
                text run at (4,4) width 4: " "
            RenderTableCell {TD} at (12,28) size 770x84 [border: (1px inset #808080)] [r=1 c=1 rs=1 cs=1]
              RenderBlock {P} at (4,4) size 762x76 [bgcolor=#C0C0C0]
                RenderText {#text} at (0,0) size 682x19
                  text run at (0,0) width 682: "This is an unstyled element, save for the background color, and containing inline elements with a classes of "
                RenderInline {SPAN} at (0,0) size 66x25 [border: (3px solid #800080)]
                  RenderText {#text} at (685,0) size 60x19
                    text run at (685,0) width 60: "class one"
                RenderText {#text} at (748,0) size 4x19
                  text run at (748,0) width 4: ","
                RenderInline {SPAN} at (0,0) size 64x25 [border: (3px solid #800080)]
                  RenderText {#text} at (3,19) size 58x19
                    text run at (3,19) width 58: "class two"
                RenderText {#text} at (64,19) size 36x19
                  text run at (64,19) width 36: ", and "
                RenderInline {SPAN} at (0,0) size 75x25 [border: (3px solid #800080) (3px solid #008000) (3px solid #0000FF) (3px solid #FFFF00)]
                  RenderText {#text} at (103,19) size 69x19
                    text run at (103,19) width 69: "class three"
                RenderText {#text} at (175,19) size 758x57
                  text run at (175,19) width 8: ". "
                  text run at (183,19) width 572: "The effect for each inline element should be to have a purple medium-width solid border in"
                  text run at (0,38) width 623: "the first and second cases, and a purple-green-blue-yellow medium-width solid border in the third. "
                  text run at (623,38) width 135: "The line-height of the"
                  text run at (0,57) width 332: "parent element should not change at all, on any line."
