layer at (0,0) size 800x780
  RenderView at (0,0) size 800x600
layer at (0,0) size 800x780
  RenderBlock {HTML} at (0,0) size 800x780
    RenderBody {BODY} at (8,8) size 784x764 [bgcolor=#CCCCCC]
      RenderBlock {P} at (0,0) size 784x19
        RenderText {#text} at (0,0) size 354x19
          text run at (0,0) width 354: "The style declarations which apply to the text below are:"
      RenderBlock {PRE} at (0,33) size 784x171
        RenderText {#text} at (0,1) size 616x169
          text run at (0,1) width 392: "P { margin: 0; padding: 0; text-align:  justify;}"
          text run at (392,1) width 0: " "
          text run at (0,20) width 0: " "
          text run at (0,39) width 384: "DIV.menu {float: left; clear: left; width: 11em;"
          text run at (384,39) width 0: " "
          text run at (0,58) width 464: "          margin: 0; margin-bottom: 10px; padding: 0.5em;}"
          text run at (464,58) width 0: " "
          text run at (0,77) width 432: "DIV.menu H1 {font-size: 1.2em; margin: 0; padding: 0;}"
          text run at (432,77) width 0: " "
          text run at (0,96) width 448: "DIV.menu UL {margin: 0.2em 0.3em 0.2em 1em; padding: 0;}"
          text run at (448,96) width 0: " "
          text run at (0,115) width 616: "DIV.article {padding: 0.5em; margin: 0; margin-left: 14em; margin-right: 2em;"
          text run at (616,115) width 0: " "
          text run at (0,134) width 480: "             color: black; background: yellow; clear: none;}"
          text run at (480,134) width 0: " "
          text run at (0,153) width 0: " "
      RenderBlock {HR} at (0,218) size 784x2 [border: (1px inset #000000)]
      RenderBlock (floating) {DIV} at (0,227) size 168x118 [color=#FFFFFF] [bgcolor=#008000]
        RenderBlock {H1} at (7,7) size 154x24
          RenderText {#text} at (0,0) size 79x24
            text run at (0,0) width 79: "Top menu"
        RenderBlock {UL} at (21,33) size 136x76
          RenderListItem {LI} at (0,0) size 136x19
            RenderListMarker at (-17,0) size 7x19: bullet
            RenderText {#text} at (0,0) size 37x19
              text run at (0,0) width 37: "green"
          RenderListItem {LI} at (0,19) size 136x19
            RenderListMarker at (-17,0) size 7x19: bullet
            RenderText {#text} at (0,0) size 60x19
              text run at (0,0) width 60: "white text"
          RenderListItem {LI} at (0,38) size 136x19
            RenderListMarker at (-17,0) size 7x19: bullet
            RenderText {#text} at (0,0) size 95x19
              text run at (0,0) width 95: "0.5em padding"
          RenderListItem {LI} at (0,57) size 136x19
            RenderListMarker at (-17,0) size 7x19: bullet
            RenderText {#text} at (0,0) size 88x19
              text run at (0,0) width 88: "0.5em margin"
      RenderBlock (floating) {DIV} at (0,355) size 168x118 [color=#FFFFFF] [bgcolor=#0000FF]
        RenderBlock {H1} at (7,7) size 154x24
          RenderText {#text} at (0,0) size 108x24
            text run at (0,0) width 108: "Bottom menu"
        RenderBlock {UL} at (21,33) size 136x76
          RenderListItem {LI} at (0,0) size 136x19
            RenderListMarker at (-17,0) size 7x19: bullet
            RenderText {#text} at (0,0) size 106x19
              text run at (0,0) width 106: "blue background"
          RenderListItem {LI} at (0,19) size 136x19
            RenderListMarker at (-17,0) size 7x19: bullet
            RenderText {#text} at (0,0) size 60x19
              text run at (0,0) width 60: "white text"
          RenderListItem {LI} at (0,38) size 136x19
            RenderListMarker at (-17,0) size 7x19: bullet
            RenderText {#text} at (0,0) size 95x19
              text run at (0,0) width 95: "0.5em padding"
          RenderListItem {LI} at (0,57) size 136x19
            RenderListMarker at (-17,0) size 7x19: bullet
            RenderText {#text} at (0,0) size 88x19
              text run at (0,0) width 88: "0.5em margin"
      RenderBlock {DIV} at (196,227) size 560x221 [bgcolor=#FFFF00]
        RenderBlock {H1} at (7,25) size 546x38
          RenderText {#text} at (0,0) size 261x38
            text run at (0,0) width 261: "The 'clear' property"
        RenderBlock {P} at (7,81) size 546x95
          RenderText {#text} at (0,0) size 546x95
            text run at (0,0) width 546: "This page has two floating \"menus\" on the side; one has a green background, and the"
            text run at (0,19) width 167: "other a blue background. "
            text run at (167,19) width 379: "Due to settings on the 'float' and 'clear' properties, the two"
            text run at (0,38) width 546: "menus should appear on the left side of the page, the blue below the green. There"
            text run at (0,57) width 546: "should be a 10px gap between the two menus. There should also be a 10px gap"
            text run at (0,76) width 298: "between the top menu and the top of the page."
        RenderBlock {P} at (7,176) size 546x38
          RenderText {#text} at (0,0) size 546x38
            text run at (0,0) width 546: "The top of the yellow rectangle (to which this paragraph belongs) should be vertically"
            text run at (0,19) width 271: "aligned with the top of the green rectangle."
      RenderTable {TABLE} at (168,448) size 616x316 [border: (1px outset #808080)]
        RenderTableSection {TBODY} at (1,1) size 614x314
          RenderTableRow {TR} at (0,0) size 614x28
            RenderTableCell {TD} at (0,0) size 614x28 [bgcolor=#C0C0C0] [border: (1px inset #808080)] [r=0 c=0 rs=1 cs=2]
              RenderInline {STRONG} at (0,0) size 159x20
                RenderText {#text} at (4,4) size 159x20
                  text run at (4,4) width 159: "TABLE Testing Section"
          RenderTableRow {TR} at (0,28) size 614x286
            RenderTableCell {TD} at (0,157) size 12x27 [bgcolor=#C0C0C0] [border: (1px inset #808080)] [r=1 c=0 rs=1 cs=1]
              RenderText {#text} at (4,4) size 4x19
                text run at (4,4) width 4: " "
            RenderTableCell {TD} at (12,28) size 602x286 [border: (1px inset #808080)] [r=1 c=1 rs=1 cs=1]
              RenderBlock (floating) {DIV} at (4,4) size 168x118 [color=#FFFFFF] [bgcolor=#008000]
                RenderBlock {H1} at (7,7) size 154x24
                  RenderText {#text} at (0,0) size 79x24
                    text run at (0,0) width 79: "Top menu"
                RenderBlock {UL} at (21,33) size 136x76
                  RenderListItem {LI} at (0,0) size 136x19
                    RenderListMarker at (-17,0) size 7x19: bullet
                    RenderText {#text} at (0,0) size 37x19
                      text run at (0,0) width 37: "green"
                  RenderListItem {LI} at (0,19) size 136x19
                    RenderListMarker at (-17,0) size 7x19: bullet
                    RenderText {#text} at (0,0) size 60x19
                      text run at (0,0) width 60: "white text"
                  RenderListItem {LI} at (0,38) size 136x19
                    RenderListMarker at (-17,0) size 7x19: bullet
                    RenderText {#text} at (0,0) size 95x19
                      text run at (0,0) width 95: "0.5em padding"
                  RenderListItem {LI} at (0,57) size 136x19
                    RenderListMarker at (-17,0) size 7x19: bullet
                    RenderText {#text} at (0,0) size 88x19
                      text run at (0,0) width 88: "0.5em margin"
              RenderBlock (floating) {DIV} at (4,132) size 168x118 [color=#FFFFFF] [bgcolor=#0000FF]
                RenderBlock {H1} at (7,7) size 154x24
                  RenderText {#text} at (0,0) size 108x24
                    text run at (0,0) width 108: "Bottom menu"
                RenderBlock {UL} at (21,33) size 136x76
                  RenderListItem {LI} at (0,0) size 136x19
                    RenderListMarker at (-17,0) size 7x19: bullet
                    RenderText {#text} at (0,0) size 106x19
                      text run at (0,0) width 106: "blue background"
                  RenderListItem {LI} at (0,19) size 136x19
                    RenderListMarker at (-17,0) size 7x19: bullet
                    RenderText {#text} at (0,0) size 60x19
                      text run at (0,0) width 60: "white text"
                  RenderListItem {LI} at (0,38) size 136x19
                    RenderListMarker at (-17,0) size 7x19: bullet
                    RenderText {#text} at (0,0) size 95x19
                      text run at (0,0) width 95: "0.5em padding"
                  RenderListItem {LI} at (0,57) size 136x19
                    RenderListMarker at (-17,0) size 7x19: bullet
                    RenderText {#text} at (0,0) size 88x19
                      text run at (0,0) width 88: "0.5em margin"
              RenderBlock {DIV} at (200,4) size 370x278 [bgcolor=#FFFF00]
                RenderBlock {H1} at (7,25) size 356x38
                  RenderText {#text} at (0,0) size 261x38
                    text run at (0,0) width 261: "The 'clear' property"
                RenderBlock {P} at (7,81) size 356x133
                  RenderText {#text} at (0,0) size 356x133
                    text run at (0,0) width 356: "This page has two floating \"menus\" on the side; one has"
                    text run at (0,19) width 356: "a green background, and the other a blue background."
                    text run at (0,38) width 356: "Due to settings on the 'float' and 'clear' properties, the"
                    text run at (0,57) width 356: "two menus should appear on the left side of the page,"
                    text run at (0,76) width 356: "the blue below the green. There should be a 10px gap"
                    text run at (0,95) width 356: "between the two menus. There should also be a 10px"
                    text run at (0,114) width 326: "gap between the top menu and the top of the page."
                RenderBlock {P} at (7,214) size 356x57
                  RenderText {#text} at (0,0) size 356x57
                    text run at (0,0) width 356: "The top of the yellow rectangle (to which this paragraph"
                    text run at (0,19) width 356: "belongs) should be vertically aligned with the top of the"
                    text run at (0,38) width 104: "green rectangle."
