layer at (0,0) size 800x1011
  RenderView at (0,0) size 800x600
layer at (0,0) size 800x1011
  RenderBlock {HTML} at (0,0) size 800x1011
    RenderBody {BODY} at (8,8) size 784x995 [bgcolor=#CCCCCC]
      RenderBlock {P} at (0,0) size 784x19
        RenderText {#text} at (0,0) size 354x19
          text run at (0,0) width 354: "The style declarations which apply to the text below are:"
      RenderBlock {PRE} at (0,33) size 784x114
        RenderText {#text} at (0,1) size 408x112
          text run at (0,1) width 392: ".zero {background-color: silver; margin-left: 0;}"
          text run at (392,1) width 0: " "
          text run at (0,20) width 400: ".one {margin-left: 0.5in; background-color: aqua;}"
          text run at (400,20) width 0: " "
          text run at (0,39) width 392: ".two {margin-left: 25px; background-color: aqua;}"
          text run at (392,39) width 0: " "
          text run at (0,58) width 400: ".three {margin-left: 5em; background-color: aqua;}"
          text run at (400,58) width 0: " "
          text run at (0,77) width 392: ".four {margin-left: 25%; background-color: aqua;}"
          text run at (392,77) width 0: " "
          text run at (0,96) width 408: ".five {margin-left: -10px; background-color: aqua;}"
          text run at (408,96) width 0: " "
      RenderBlock {HR} at (0,161) size 784x2 [border: (1px inset #000000)]
      RenderBlock {P} at (0,177) size 784x19 [bgcolor=#C0C0C0]
        RenderText {#text} at (0,0) size 209x19
          text run at (0,0) width 209: "This element has a class of zero."
      RenderBlock {P} at (48,210) size 736x19 [bgcolor=#00FFFF]
        RenderText {#text} at (0,0) size 350x19
          text run at (0,0) width 350: "This sentence should have a left margin of half an inch."
      RenderBlock {P} at (25,243) size 759x19 [bgcolor=#00FFFF]
        RenderText {#text} at (0,0) size 333x19
          text run at (0,0) width 333: "This sentence should have a left margin of 25 pixels."
      RenderBlock {P} at (70,276) size 714x19 [bgcolor=#00FFFF]
        RenderText {#text} at (0,0) size 309x19
          text run at (0,0) width 309: "This sentence should have a left margin of 5 em."
      RenderBlock {P} at (196,309) size 588x38 [bgcolor=#00FFFF]
        RenderText {#text} at (0,0) size 584x38
          text run at (0,0) width 584: "This sentence should have a left margin of 25%, which is calculated with respect to the width"
          text run at (0,19) width 140: "of the parent element."
      RenderBlock {UL} at (25,361) size 759x95 [bgcolor=#808080]
        RenderListItem {LI} at (40,0) size 719x19
          RenderListMarker at (-17,0) size 7x19: bullet
          RenderText {#text} at (0,0) size 697x19
            text run at (0,0) width 697: "The left margin on this unordered list has been set to 25 pixels, and its background color has been set to gray."
        RenderListItem {LI} at (65,19) size 694x57 [bgcolor=#FFFFFF]
          RenderListMarker at (-17,0) size 7x19: bullet
          RenderText {#text} at (0,0) size 681x57
            text run at (0,0) width 663: "Another list item might not be such a bad idea, either, considering that such things do need to be double-"
            text run at (0,19) width 61: "checked. "
            text run at (61,19) width 620: "This list item has its left margin also set to 25 pixels, which should combine with the list's margin to"
            text run at (0,38) width 466: "make 50 pixels of margin, and its background color has been set to white."
        RenderListItem {LI} at (40,76) size 719x19
          RenderListMarker at (-17,0) size 7x19: bullet
          RenderText {#text} at (0,0) size 181x19
            text run at (0,0) width 181: "This is an unclassed list item"
      RenderBlock {P} at (0,470) size 784x19 [bgcolor=#C0C0C0]
        RenderText {#text} at (0,0) size 209x19
          text run at (0,0) width 209: "This element has a class of zero."
      RenderBlock {P} at (-10,503) size 794x57 [bgcolor=#00FFFF]
        RenderText {#text} at (0,0) size 790x57
          text run at (0,0) width 790: "This paragraph has a left margin of -10px, which should cause it to be wider than it might otherwise be, and it has a light blue"
          text run at (0,19) width 83: "background. "
          text run at (83,19) width 392: "In all other respects, however, the element should be normal. "
          text run at (475,19) width 283: "No styles have been applied to it besides the"
          text run at (0,38) width 295: "negative left margin and the background color."
      RenderTable {TABLE} at (0,574) size 784x421 [border: (1px outset #808080)]
        RenderTableSection {TBODY} at (1,1) size 782x419
          RenderTableRow {TR} at (0,0) size 782x28
            RenderTableCell {TD} at (0,0) size 782x28 [bgcolor=#C0C0C0] [border: (1px inset #808080)] [r=0 c=0 rs=1 cs=2]
              RenderInline {STRONG} at (0,0) size 159x20
                RenderText {#text} at (4,4) size 159x20
                  text run at (4,4) width 159: "TABLE Testing Section"
          RenderTableRow {TR} at (0,28) size 782x391
            RenderTableCell {TD} at (0,210) size 12x27 [bgcolor=#C0C0C0] [border: (1px inset #808080)] [r=1 c=0 rs=1 cs=1]
              RenderText {#text} at (4,4) size 4x19
                text run at (4,4) width 4: " "
            RenderTableCell {TD} at (12,28) size 770x391 [border: (1px inset #808080)] [r=1 c=1 rs=1 cs=1]
              RenderBlock {P} at (4,4) size 762x19 [bgcolor=#C0C0C0]
                RenderText {#text} at (0,0) size 209x19
                  text run at (0,0) width 209: "This element has a class of zero."
              RenderBlock {P} at (52,37) size 714x19 [bgcolor=#00FFFF]
                RenderText {#text} at (0,0) size 350x19
                  text run at (0,0) width 350: "This sentence should have a left margin of half an inch."
              RenderBlock {P} at (29,70) size 737x19 [bgcolor=#00FFFF]
                RenderText {#text} at (0,0) size 333x19
                  text run at (0,0) width 333: "This sentence should have a left margin of 25 pixels."
              RenderBlock {P} at (74,103) size 692x19 [bgcolor=#00FFFF]
                RenderText {#text} at (0,0) size 309x19
                  text run at (0,0) width 309: "This sentence should have a left margin of 5 em."
              RenderBlock {P} at (194,136) size 572x38 [bgcolor=#00FFFF]
                RenderText {#text} at (0,0) size 547x38
                  text run at (0,0) width 547: "This sentence should have a left margin of 25%, which is calculated with respect to the"
                  text run at (0,19) width 177: "width of the parent element."
              RenderBlock {UL} at (29,188) size 737x95 [bgcolor=#808080]
                RenderListItem {LI} at (40,0) size 697x19
                  RenderListMarker at (-17,0) size 7x19: bullet
                  RenderText {#text} at (0,0) size 697x19
                    text run at (0,0) width 697: "The left margin on this unordered list has been set to 25 pixels, and its background color has been set to gray."
                RenderListItem {LI} at (65,19) size 672x57 [bgcolor=#FFFFFF]
                  RenderListMarker at (-17,0) size 7x19: bullet
                  RenderText {#text} at (0,0) size 665x57
                    text run at (0,0) width 663: "Another list item might not be such a bad idea, either, considering that such things do need to be double-"
                    text run at (0,19) width 61: "checked. "
                    text run at (61,19) width 604: "This list item has its left margin also set to 25 pixels, which should combine with the list's margin"
                    text run at (0,38) width 482: "to make 50 pixels of margin, and its background color has been set to white."
                RenderListItem {LI} at (40,76) size 697x19
                  RenderListMarker at (-17,0) size 7x19: bullet
                  RenderText {#text} at (0,0) size 181x19
                    text run at (0,0) width 181: "This is an unclassed list item"
              RenderBlock {P} at (4,297) size 762x19 [bgcolor=#C0C0C0]
                RenderText {#text} at (0,0) size 209x19
                  text run at (0,0) width 209: "This element has a class of zero."
              RenderBlock {P} at (-6,330) size 772x57 [bgcolor=#00FFFF]
                RenderText {#text} at (0,0) size 765x57
                  text run at (0,0) width 759: "This paragraph has a left margin of -10px, which should cause it to be wider than it might otherwise be, and it has a light"
                  text run at (0,19) width 114: "blue background. "
                  text run at (114,19) width 392: "In all other respects, however, the element should be normal. "
                  text run at (506,19) width 259: "No styles have been applied to it besides"
                  text run at (0,38) width 319: "the negative left margin and the background color."
