layer at (0,0) size 800x1077
  RenderView at (0,0) size 800x600
layer at (0,0) size 800x1077
  RenderBlock {HTML} at (0,0) size 800x1077
    RenderBody {BODY} at (8,8) size 784x1061
      RenderBlock (anonymous) at (0,0) size 784x80
        RenderText {#text} at (0,0) size 343x16
          text run at (0,0) width 343: "This test was provided by open-source contributors on "
        RenderInline {A} at (0,0) size 48x16 [color=#0000EE]
          RenderText {#text} at (343,0) size 48x16
            text run at (343,0) width 48: "Bugzilla"
        RenderText {#text} at (391,0) size 772x64
          text run at (391,0) width 378: ". Currently, the \"Browser rendering\" results are not expected"
          text run at (0,16) width 679: "to match the \"Correct output sample\" results. In fact, I do not entirely agree with all of the given test cases in "
          text run at (679,16) width 83: "terms of their"
          text run at (0,32) width 772: "expected results, nor do I think that the browser should yet be expected to match all of the cases in the different languages,"
          text run at (0,48) width 53: "but I am "
          text run at (53,48) width 287: "(at least temporarily) adding the test anyway. "
        RenderBR {BR} at (340,61) size 0x0
        RenderBR {BR} at (0,64) size 0x16
      RenderTable {TABLE} at (0,80) size 784x327
        RenderBlock {CAPTION} at (0,0) size 784x16
          RenderText {#text} at (353,0) size 77x16
            text run at (353,0) width 77: "Input source"
        RenderTableSection {TBODY} at (0,16) size 784x311
          RenderTableRow {TR} at (0,2) size 784x52
            RenderTableCell {TH} at (2,18) size 56x20 [bgcolor=#F8F8F8] [border: (1px solid #EEEEEE)] [r=0 c=0 rs=1 cs=1]
              RenderText {#text} at (2,2) size 52x16
                text run at (2,2) width 52: "generic"
            RenderTableCell {TD} at (60,2) size 722x52 [border: (1px solid #EEEEEE)] [r=0 c=1 rs=1 cs=1]
              RenderText {#text} at (2,2) size 716x48
                text run at (2,2) width 14: "lip"
                text run at (16,2) width 51: "smackin"
                text run at (67,2) width 31: "thirst"
                text run at (98,2) width 57: "quenchin"
                text run at (155,2) width 57: "acetastin"
                text run at (212,2) width 56: "motivatin"
                text run at (268,2) width 32: "good"
                text run at (300,2) width 39: "buzzin"
                text run at (339,2) width 26: "cool"
                text run at (365,2) width 33: "talkin"
                text run at (398,2) width 27: "high"
                text run at (425,2) width 39: "walkin"
                text run at (464,2) width 23: "fast"
                text run at (487,2) width 24: "livin"
                text run at (511,2) width 28: "ever"
                text run at (539,2) width 29: "givin"
                text run at (568,2) width 26: "cool"
                text run at (594,2) width 32: "fizzin"
                text run at (626,2) width 14: "lip"
                text run at (640,2) width 55: "smackin\x{AD}"
                text run at (2,18) width 31: "thirst"
                text run at (33,18) width 57: "quenchin"
                text run at (90,18) width 57: "acetastin"
                text run at (147,18) width 56: "motivatin"
                text run at (203,18) width 32: "good"
                text run at (235,18) width 39: "buzzin"
                text run at (274,18) width 26: "cool"
                text run at (300,18) width 33: "talkin"
                text run at (333,18) width 27: "high"
                text run at (360,18) width 39: "walkin"
                text run at (399,18) width 23: "fast"
                text run at (422,18) width 24: "livin"
                text run at (446,18) width 28: "ever"
                text run at (474,18) width 29: "givin"
                text run at (503,18) width 26: "cool"
                text run at (529,18) width 32: "fizzin"
                text run at (561,18) width 14: "lip"
                text run at (575,18) width 51: "smackin"
                text run at (626,18) width 31: "thirst"
                text run at (657,18) width 61: "quenchin\x{AD}"
                text run at (2,34) width 57: "acetastin"
                text run at (59,34) width 56: "motivatin"
                text run at (115,34) width 32: "good"
                text run at (147,34) width 39: "buzzin"
                text run at (186,34) width 26: "cool"
                text run at (212,34) width 33: "talkin"
                text run at (245,34) width 27: "high"
                text run at (272,34) width 39: "walkin"
                text run at (311,34) width 23: "fast"
                text run at (334,34) width 24: "livin"
                text run at (358,34) width 28: "ever"
                text run at (386,34) width 29: "givin"
                text run at (415,34) width 26: "cool"
                text run at (441,34) width 32: "fizzin"
          RenderTableRow {TR} at (0,56) size 784x20
            RenderTableCell {TH} at (2,56) size 56x20 [bgcolor=#F8F8F8] [border: (1px solid #EEEEEE)] [r=1 c=0 rs=1 cs=1]
              RenderText {#text} at (20,2) size 16x16
                text run at (20,2) width 16: "cy"
            RenderTableCell {TD} at (60,56) size 722x20 [border: (1px solid #EEEEEE)] [r=1 c=1 rs=1 cs=1]
              RenderText {#text} at (2,2) size 20x16
                text run at (2,2) width 20: "\x{175}yl"
          RenderTableRow {TR} at (0,78) size 784x20
            RenderTableCell {TH} at (2,78) size 56x20 [bgcolor=#F8F8F8] [border: (1px solid #EEEEEE)] [r=2 c=0 rs=1 cs=1]
              RenderText {#text} at (22,2) size 12x16
                text run at (22,2) width 12: "el"
            RenderTableCell {TD} at (60,78) size 722x20 [border: (1px solid #EEEEEE)] [r=2 c=1 rs=1 cs=1]
              RenderText {#text} at (2,2) size 168x16
                text run at (2,2) width 168: "\x{3B3}\x{3B5}\x{3C9}\x{3B3}\x{3C1}\x{3B1}\x{3C6}\x{3B9}\x{3BA}\x{3AC}\x{2010}\x{3C3}\x{3C5}\x{3C3}\x{3C7}\x{3B5}\x{3C4}\x{3B9}\x{3C3}\x{3BC}\x{3AD}\x{3BD}\x{3B5}\x{3C2} \x{3AE}\x{3C4}\x{3B1}"
          RenderTableRow {TR} at (0,100) size 784x52
            RenderTableCell {TH} at (2,116) size 56x20 [bgcolor=#F8F8F8] [border: (1px solid #EEEEEE)] [r=3 c=0 rs=1 cs=1]
              RenderText {#text} at (19,2) size 17x16
                text run at (19,2) width 17: "en"
            RenderTableCell {TD} at (60,100) size 722x52 [border: (1px solid #EEEEEE)] [r=3 c=1 rs=1 cs=1]
              RenderText {#text} at (2,2) size 418x16
                text run at (2,2) width 418: "'cept nut'in safari\x{2019}s \x{2018}sure\x{2019} nai\x{308}ve r\x{E9}sum\x{E9}\x{2014}h\x{E1}c\x{30C}ek full\x{2010}time one-to-one"
              RenderBR {BR} at (420,15) size 0x0
              RenderText {#text} at (2,18) size 315x16
                text run at (2,18) width 315: "\"newcastle\x{2011}upon\x{2011}tyne\" washington\x{2011}on\x{2011}the\x{2011}brazos"
              RenderBR {BR} at (317,31) size 0x0
              RenderInline {SPAN} at (0,0) size 33x16
                RenderText {#text} at (2,34) size 33x16
                  text run at (2,34) width 33: "earth"
              RenderText {#text} at (35,34) size 75x16
                text run at (35,34) width 75: "quake earth"
              RenderInline {SPAN} at (0,0) size 34x16
                RenderText {#text} at (110,34) size 34x16
                  text run at (110,34) width 34: "worm"
              RenderText {#text} at (144,34) size 4x16
                text run at (144,34) width 4: " "
              RenderInline {SPAN} at (0,0) size 46x16
                RenderText {#text} at (148,34) size 46x16
                  text run at (148,34) width 46: "cheese"
              RenderInline {SPAN} at (0,0) size 40x16
                RenderText {#text} at (194,34) size 40x16
                  text run at (194,34) width 40: "burger"
              RenderText {#text} at (234,34) size 109x16
                text run at (234,34) width 109: " [house] ~six -big-"
          RenderTableRow {TR} at (0,154) size 784x20
            RenderTableCell {TH} at (2,154) size 56x20 [bgcolor=#F8F8F8] [border: (1px solid #EEEEEE)] [r=4 c=0 rs=1 cs=1]
              RenderText {#text} at (20,2) size 16x16
                text run at (20,2) width 16: "es"
            RenderTableCell {TD} at (60,154) size 722x20 [border: (1px solid #EEEEEE)] [r=4 c=1 rs=1 cs=1]
              RenderText {#text} at (2,2) size 62x16
                text run at (2,2) width 62: "\x{A1}jalape\x{F1}o!"
          RenderTableRow {TR} at (0,176) size 784x23
            RenderTableCell {TH} at (2,177) size 56x20 [bgcolor=#F8F8F8] [border: (1px solid #EEEEEE)] [r=5 c=0 rs=1 cs=1]
              RenderText {#text} at (23,2) size 10x16
                text run at (23,2) width 10: "fr"
            RenderTableCell {TD} at (60,176) size 722x23 [border: (1px solid #EEEEEE)] [r=5 c=1 rs=1 cs=1]
              RenderText {#text} at (2,5) size 201x16
                text run at (2,5) width 201: "quelqu'un l\x{2019}amour t'appelles\x{2011}tu 3"
              RenderInline {SUP} at (0,0) size 24x14
                RenderText {#text} at (203,2) size 24x14
                  text run at (203,2) width 24: "eme"
          RenderTableRow {TR} at (0,201) size 784x20
            RenderTableCell {TH} at (2,201) size 56x20 [bgcolor=#F8F8F8] [border: (1px solid #EEEEEE)] [r=6 c=0 rs=1 cs=1]
              RenderText {#text} at (19,2) size 18x16
                text run at (19,2) width 18: "hu"
            RenderTableCell {TD} at (60,201) size 722x20 [border: (1px solid #EEEEEE)] [r=6 c=1 rs=1 cs=1]
              RenderText {#text} at (2,2) size 107x16
                text run at (2,2) width 107: "11-ei london\x{2011}ban"
          RenderTableRow {TR} at (0,223) size 784x20
            RenderTableCell {TH} at (2,223) size 56x20 [bgcolor=#F8F8F8] [border: (1px solid #EEEEEE)] [r=7 c=0 rs=1 cs=1]
              RenderText {#text} at (21,2) size 13x16
                text run at (21,2) width 13: "nl"
            RenderTableCell {TD} at (60,223) size 722x20 [border: (1px solid #EEEEEE)] [r=7 c=1 rs=1 cs=1]
              RenderText {#text} at (2,2) size 72x16
                text run at (2,2) width 72: "'s ochtends"
          RenderTableRow {TR} at (0,245) size 784x20
            RenderTableCell {TH} at (2,245) size 56x20 [bgcolor=#F8F8F8] [border: (1px solid #EEEEEE)] [r=8 c=0 rs=1 cs=1]
              RenderText {#text} at (21,2) size 13x16
                text run at (21,2) width 13: "pl"
            RenderTableCell {TD} at (60,245) size 722x20 [border: (1px solid #EEEEEE)] [r=8 c=1 rs=1 cs=1]
              RenderText {#text} at (2,2) size 91x16
                text run at (2,2) width 91: "wzi\x{119}\x{142}a bie\x{17C}\x{105}ce"
          RenderTableRow {TR} at (0,267) size 784x20
            RenderTableCell {TH} at (2,267) size 56x20 [bgcolor=#F8F8F8] [border: (1px solid #EEEEEE)] [r=9 c=0 rs=1 cs=1]
              RenderText {#text} at (20,2) size 15x16
                text run at (20,2) width 15: "ru"
            RenderTableCell {TD} at (60,267) size 722x20 [border: (1px solid #EEEEEE)] [r=9 c=1 rs=1 cs=1]
              RenderText {#text} at (2,2) size 165x16
                text run at (2,2) width 165: "\x{43D}\x{44C}\x{44E}-\x{439}\x{43E}\x{440}\x{43A} 1990-\x{445} 14-vii-1789"
          RenderTableRow {TR} at (0,289) size 784x20
            RenderTableCell {TH} at (2,289) size 56x20 [bgcolor=#F8F8F8] [border: (1px solid #EEEEEE)] [r=10 c=0 rs=1 cs=1]
              RenderText {#text} at (19,2) size 18x16
                text run at (19,2) width 18: "tlh"
            RenderTableCell {TD} at (60,289) size 722x20 [border: (1px solid #EEEEEE)] [r=10 c=1 rs=1 cs=1]
              RenderText {#text} at (2,2) size 179x16
                text run at (2,2) width 179: "tlhIngan Hol wa''uy' loghqam"
      RenderTable {TABLE} at (0,407) size 784x327
        RenderBlock {CAPTION} at (0,0) size 784x16
          RenderText {#text} at (323,0) size 138x16
            text run at (323,0) width 138: "Correct output sample"
        RenderTableSection {TBODY} at (0,16) size 784x311
          RenderTableRow {TR} at (0,2) size 784x52
            RenderTableCell {TH} at (2,18) size 56x20 [bgcolor=#F8F8F8] [border: (1px solid #EEEEEE)] [r=0 c=0 rs=1 cs=1]
              RenderText {#text} at (2,2) size 52x16
                text run at (2,2) width 52: "generic"
            RenderTableCell {TD} at (60,2) size 722x52 [border: (1px solid #EEEEEE)] [r=0 c=1 rs=1 cs=1]
              RenderText {#text} at (2,2) size 716x48
                text run at (2,2) width 19: "Lip"
                text run at (21,2) width 51: "smackin"
                text run at (72,2) width 31: "thirst"
                text run at (103,2) width 57: "quenchin"
                text run at (160,2) width 57: "acetastin"
                text run at (217,2) width 56: "motivatin"
                text run at (273,2) width 32: "good"
                text run at (305,2) width 39: "buzzin"
                text run at (344,2) width 26: "cool"
                text run at (370,2) width 33: "talkin"
                text run at (403,2) width 27: "high"
                text run at (430,2) width 39: "walkin"
                text run at (469,2) width 23: "fast"
                text run at (492,2) width 24: "livin"
                text run at (516,2) width 28: "ever"
                text run at (544,2) width 29: "givin"
                text run at (573,2) width 26: "cool"
                text run at (599,2) width 32: "fizzin"
                text run at (631,2) width 14: "lip"
                text run at (645,2) width 55: "smackin\x{AD}"
                text run at (2,18) width 31: "thirst"
                text run at (33,18) width 57: "quenchin"
                text run at (90,18) width 57: "acetastin"
                text run at (147,18) width 56: "motivatin"
                text run at (203,18) width 32: "good"
                text run at (235,18) width 39: "buzzin"
                text run at (274,18) width 26: "cool"
                text run at (300,18) width 33: "talkin"
                text run at (333,18) width 27: "high"
                text run at (360,18) width 39: "walkin"
                text run at (399,18) width 23: "fast"
                text run at (422,18) width 24: "livin"
                text run at (446,18) width 28: "ever"
                text run at (474,18) width 29: "givin"
                text run at (503,18) width 26: "cool"
                text run at (529,18) width 32: "fizzin"
                text run at (561,18) width 14: "lip"
                text run at (575,18) width 51: "smackin"
                text run at (626,18) width 31: "thirst"
                text run at (657,18) width 61: "quenchin\x{AD}"
                text run at (2,34) width 57: "acetastin"
                text run at (59,34) width 56: "motivatin"
                text run at (115,34) width 32: "good"
                text run at (147,34) width 39: "buzzin"
                text run at (186,34) width 26: "cool"
                text run at (212,34) width 33: "talkin"
                text run at (245,34) width 27: "high"
                text run at (272,34) width 39: "walkin"
                text run at (311,34) width 23: "fast"
                text run at (334,34) width 24: "livin"
                text run at (358,34) width 28: "ever"
                text run at (386,34) width 29: "givin"
                text run at (415,34) width 26: "cool"
                text run at (441,34) width 32: "fizzin"
          RenderTableRow {TR} at (0,56) size 784x20
            RenderTableCell {TH} at (2,56) size 56x20 [bgcolor=#F8F8F8] [border: (1px solid #EEEEEE)] [r=1 c=0 rs=1 cs=1]
              RenderText {#text} at (20,2) size 16x16
                text run at (20,2) width 16: "cy"
            RenderTableCell {TD} at (60,56) size 722x20 [border: (1px solid #EEEEEE)] [r=1 c=1 rs=1 cs=1]
              RenderText {#text} at (2,2) size 23x16
                text run at (2,2) width 23: "\x{174}yl"
          RenderTableRow {TR} at (0,78) size 784x20
            RenderTableCell {TH} at (2,78) size 56x20 [bgcolor=#F8F8F8] [border: (1px solid #EEEEEE)] [r=2 c=0 rs=1 cs=1]
              RenderText {#text} at (22,2) size 12x16
                text run at (22,2) width 12: "el"
            RenderTableCell {TD} at (60,78) size 722x20 [border: (1px solid #EEEEEE)] [r=2 c=1 rs=1 cs=1]
              RenderText {#text} at (2,2) size 168x16
                text run at (2,2) width 168: "\x{393}\x{3B5}\x{3C9}\x{3B3}\x{3C1}\x{3B1}\x{3C6}\x{3B9}\x{3BA}\x{3AC}\x{2010}\x{3A3}\x{3C5}\x{3C3}\x{3C7}\x{3B5}\x{3C4}\x{3B9}\x{3C3}\x{3BC}\x{3AD}\x{3BD}\x{3B5}\x{3C2} \x{389}\x{3C4}\x{3B1}"
          RenderTableRow {TR} at (0,100) size 784x52
            RenderTableCell {TH} at (2,116) size 56x20 [bgcolor=#F8F8F8] [border: (1px solid #EEEEEE)] [r=3 c=0 rs=1 cs=1]
              RenderText {#text} at (19,2) size 17x16
                text run at (19,2) width 17: "en"
            RenderTableCell {TD} at (60,100) size 722x52 [border: (1px solid #EEEEEE)] [r=3 c=1 rs=1 cs=1]
              RenderText {#text} at (2,2) size 446x16
                text run at (2,2) width 446: "'Cept Nut'in Safari\x{2019}s \x{2018}Sure\x{2019} Na\x{EF}ve R\x{E9}sum\x{E9}\x{2014}H\x{E1}\x{10D}ek Full\x{2010}time One-to-One"
              RenderBR {BR} at (448,15) size 0x0
              RenderText {#text} at (2,18) size 323x16
                text run at (2,18) width 323: "\"Newcastle-upon-Tyne\" Washington\x{2011}on\x{2011}the\x{2011}Brazos"
              RenderBR {BR} at (325,31) size 0x0
              RenderText {#text} at (2,34) size 352x16
                text run at (2,34) width 352: "Earthquake Earthworm Cheeseburger [House] ~Six -Big-"
          RenderTableRow {TR} at (0,154) size 784x20
            RenderTableCell {TH} at (2,154) size 56x20 [bgcolor=#F8F8F8] [border: (1px solid #EEEEEE)] [r=4 c=0 rs=1 cs=1]
              RenderText {#text} at (20,2) size 16x16
                text run at (20,2) width 16: "es"
            RenderTableCell {TD} at (60,154) size 722x20 [border: (1px solid #EEEEEE)] [r=4 c=1 rs=1 cs=1]
              RenderText {#text} at (2,2) size 66x16
                text run at (2,2) width 66: "\x{A1}Jalape\x{F1}o!"
          RenderTableRow {TR} at (0,176) size 784x23
            RenderTableCell {TH} at (2,177) size 56x20 [bgcolor=#F8F8F8] [border: (1px solid #EEEEEE)] [r=5 c=0 rs=1 cs=1]
              RenderText {#text} at (23,2) size 10x16
                text run at (23,2) width 10: "fr"
            RenderTableCell {TD} at (60,176) size 722x23 [border: (1px solid #EEEEEE)] [r=5 c=1 rs=1 cs=1]
              RenderText {#text} at (2,5) size 211x16
                text run at (2,5) width 211: "Quelqu'un l\x{2019}Amour t'Appelles\x{2011}Tu 3"
              RenderInline {SUP} at (0,0) size 24x14
                RenderText {#text} at (213,2) size 24x14
                  text run at (213,2) width 24: "eme"
          RenderTableRow {TR} at (0,201) size 784x20
            RenderTableCell {TH} at (2,201) size 56x20 [bgcolor=#F8F8F8] [border: (1px solid #EEEEEE)] [r=6 c=0 rs=1 cs=1]
              RenderText {#text} at (19,2) size 18x16
                text run at (19,2) width 18: "hu"
            RenderTableCell {TD} at (60,201) size 722x20 [border: (1px solid #EEEEEE)] [r=6 c=1 rs=1 cs=1]
              RenderText {#text} at (2,2) size 112x16
                text run at (2,2) width 112: "11-ei London\x{2011}ban"
          RenderTableRow {TR} at (0,223) size 784x20
            RenderTableCell {TH} at (2,223) size 56x20 [bgcolor=#F8F8F8] [border: (1px solid #EEEEEE)] [r=7 c=0 rs=1 cs=1]
              RenderText {#text} at (21,2) size 13x16
                text run at (21,2) width 13: "nl"
            RenderTableCell {TD} at (60,223) size 722x20 [border: (1px solid #EEEEEE)] [r=7 c=1 rs=1 cs=1]
              RenderText {#text} at (2,2) size 75x16
                text run at (2,2) width 75: "'s Ochtends"
          RenderTableRow {TR} at (0,245) size 784x20
            RenderTableCell {TH} at (2,245) size 56x20 [bgcolor=#F8F8F8] [border: (1px solid #EEEEEE)] [r=8 c=0 rs=1 cs=1]
              RenderText {#text} at (21,2) size 13x16
                text run at (21,2) width 13: "pl"
            RenderTableCell {TD} at (60,245) size 722x20 [border: (1px solid #EEEEEE)] [r=8 c=1 rs=1 cs=1]
              RenderText {#text} at (2,2) size 96x16
                text run at (2,2) width 96: "Wzi\x{119}\x{142}a Bie\x{17C}\x{105}ce"
          RenderTableRow {TR} at (0,267) size 784x20
            RenderTableCell {TH} at (2,267) size 56x20 [bgcolor=#F8F8F8] [border: (1px solid #EEEEEE)] [r=9 c=0 rs=1 cs=1]
              RenderText {#text} at (20,2) size 15x16
                text run at (20,2) width 15: "ru"
            RenderTableCell {TD} at (60,267) size 722x20 [border: (1px solid #EEEEEE)] [r=9 c=1 rs=1 cs=1]
              RenderText {#text} at (2,2) size 165x16
                text run at (2,2) width 165: "\x{41D}\x{44C}\x{44E}-\x{419}\x{43E}\x{440}\x{43A} 1990-\x{445} 14-vii-1789"
          RenderTableRow {TR} at (0,289) size 784x20
            RenderTableCell {TH} at (2,289) size 56x20 [bgcolor=#F8F8F8] [border: (1px solid #EEEEEE)] [r=10 c=0 rs=1 cs=1]
              RenderText {#text} at (19,2) size 18x16
                text run at (19,2) width 18: "tlh"
            RenderTableCell {TD} at (60,289) size 722x20 [border: (1px solid #EEEEEE)] [r=10 c=1 rs=1 cs=1]
              RenderText {#text} at (2,2) size 179x16
                text run at (2,2) width 179: "tlhIngan Hol wa''uy' loghqam"
      RenderTable {TABLE} at (0,734) size 784x327
        RenderBlock {CAPTION} at (0,0) size 784x16
          RenderText {#text} at (333,0) size 117x16
            text run at (333,0) width 117: "Browser rendering"
        RenderTableSection {TBODY} at (0,16) size 784x311
          RenderTableRow {TR} at (0,2) size 784x52
            RenderTableCell {TH} at (2,18) size 56x20 [bgcolor=#F8F8F8] [border: (1px solid #EEEEEE)] [r=0 c=0 rs=1 cs=1]
              RenderText {#text} at (2,2) size 52x16
                text run at (2,2) width 52: "generic"
            RenderTableCell {TD} at (60,2) size 722x52 [border: (1px solid #EEEEEE)] [r=0 c=1 rs=1 cs=1]
              RenderText {#text} at (2,2) size 716x48
                text run at (2,2) width 19: "Lip"
                text run at (21,2) width 51: "smackin"
                text run at (72,2) width 31: "thirst"
                text run at (103,2) width 57: "quenchin"
                text run at (160,2) width 57: "acetastin"
                text run at (217,2) width 56: "motivatin"
                text run at (273,2) width 32: "good"
                text run at (305,2) width 39: "buzzin"
                text run at (344,2) width 26: "cool"
                text run at (370,2) width 33: "talkin"
                text run at (403,2) width 27: "high"
                text run at (430,2) width 39: "walkin"
                text run at (469,2) width 23: "fast"
                text run at (492,2) width 24: "livin"
                text run at (516,2) width 28: "ever"
                text run at (544,2) width 29: "givin"
                text run at (573,2) width 26: "cool"
                text run at (599,2) width 32: "fizzin"
                text run at (631,2) width 14: "lip"
                text run at (645,2) width 55: "smackin\x{AD}"
                text run at (2,18) width 31: "thirst"
                text run at (33,18) width 57: "quenchin"
                text run at (90,18) width 57: "acetastin"
                text run at (147,18) width 56: "motivatin"
                text run at (203,18) width 32: "good"
                text run at (235,18) width 39: "buzzin"
                text run at (274,18) width 26: "cool"
                text run at (300,18) width 33: "talkin"
                text run at (333,18) width 27: "high"
                text run at (360,18) width 39: "walkin"
                text run at (399,18) width 23: "fast"
                text run at (422,18) width 24: "livin"
                text run at (446,18) width 28: "ever"
                text run at (474,18) width 29: "givin"
                text run at (503,18) width 26: "cool"
                text run at (529,18) width 32: "fizzin"
                text run at (561,18) width 14: "lip"
                text run at (575,18) width 51: "smackin"
                text run at (626,18) width 31: "thirst"
                text run at (657,18) width 61: "quenchin\x{AD}"
                text run at (2,34) width 57: "acetastin"
                text run at (59,34) width 56: "motivatin"
                text run at (115,34) width 32: "good"
                text run at (147,34) width 39: "buzzin"
                text run at (186,34) width 26: "cool"
                text run at (212,34) width 33: "talkin"
                text run at (245,34) width 27: "high"
                text run at (272,34) width 39: "walkin"
                text run at (311,34) width 23: "fast"
                text run at (334,34) width 24: "livin"
                text run at (358,34) width 28: "ever"
                text run at (386,34) width 29: "givin"
                text run at (415,34) width 26: "cool"
                text run at (441,34) width 32: "fizzin"
          RenderTableRow {TR} at (0,56) size 784x20
            RenderTableCell {TH} at (2,56) size 56x20 [bgcolor=#F8F8F8] [border: (1px solid #EEEEEE)] [r=1 c=0 rs=1 cs=1]
              RenderText {#text} at (20,2) size 16x16
                text run at (20,2) width 16: "cy"
            RenderTableCell {TD} at (60,56) size 722x20 [border: (1px solid #EEEEEE)] [r=1 c=1 rs=1 cs=1]
              RenderText {#text} at (2,2) size 23x16
                text run at (2,2) width 23: "\x{174}yl"
          RenderTableRow {TR} at (0,78) size 784x20
            RenderTableCell {TH} at (2,78) size 56x20 [bgcolor=#F8F8F8] [border: (1px solid #EEEEEE)] [r=2 c=0 rs=1 cs=1]
              RenderText {#text} at (22,2) size 12x16
                text run at (22,2) width 12: "el"
            RenderTableCell {TD} at (60,78) size 722x20 [border: (1px solid #EEEEEE)] [r=2 c=1 rs=1 cs=1]
              RenderText {#text} at (2,2) size 168x16
                text run at (2,2) width 168: "\x{393}\x{3B5}\x{3C9}\x{3B3}\x{3C1}\x{3B1}\x{3C6}\x{3B9}\x{3BA}\x{3AC}\x{2010}\x{3C3}\x{3C5}\x{3C3}\x{3C7}\x{3B5}\x{3C4}\x{3B9}\x{3C3}\x{3BC}\x{3AD}\x{3BD}\x{3B5}\x{3C2} \x{389}\x{3C4}\x{3B1}"
          RenderTableRow {TR} at (0,100) size 784x52
            RenderTableCell {TH} at (2,116) size 56x20 [bgcolor=#F8F8F8] [border: (1px solid #EEEEEE)] [r=3 c=0 rs=1 cs=1]
              RenderText {#text} at (19,2) size 17x16
                text run at (19,2) width 17: "en"
            RenderTableCell {TD} at (60,100) size 722x52 [border: (1px solid #EEEEEE)] [r=3 c=1 rs=1 cs=1]
              RenderText {#text} at (2,2) size 436x16
                text run at (2,2) width 436: "'cept Nut'in Safari\x{2019}s \x{2018}sure\x{2019} Nai\x{308}ve R\x{E9}sum\x{E9}\x{2014}h\x{E1}c\x{30C}ek Full\x{2010}time One-to-one"
              RenderBR {BR} at (438,15) size 0x0
              RenderText {#text} at (2,18) size 318x16
                text run at (2,18) width 318: "\"newcastle\x{2011}upon\x{2011}tyne\" Washington\x{2011}on\x{2011}the\x{2011}brazos"
              RenderBR {BR} at (320,31) size 0x0
              RenderInline {SPAN} at (0,0) size 34x16
                RenderText {#text} at (2,34) size 34x16
                  text run at (2,34) width 34: "Earth"
              RenderText {#text} at (36,34) size 76x16
                text run at (36,34) width 76: "quake Earth"
              RenderInline {SPAN} at (0,0) size 34x16
                RenderText {#text} at (112,34) size 34x16
                  text run at (112,34) width 34: "worm"
              RenderText {#text} at (146,34) size 4x16
                text run at (146,34) width 4: " "
              RenderInline {SPAN} at (0,0) size 49x16
                RenderText {#text} at (150,34) size 49x16
                  text run at (150,34) width 49: "Cheese"
              RenderInline {SPAN} at (0,0) size 40x16
                RenderText {#text} at (199,34) size 40x16
                  text run at (199,34) width 40: "burger"
              RenderText {#text} at (239,34) size 109x16
                text run at (239,34) width 109: " [house] ~six -big-"
          RenderTableRow {TR} at (0,154) size 784x20
            RenderTableCell {TH} at (2,154) size 56x20 [bgcolor=#F8F8F8] [border: (1px solid #EEEEEE)] [r=4 c=0 rs=1 cs=1]
              RenderText {#text} at (20,2) size 16x16
                text run at (20,2) width 16: "es"
            RenderTableCell {TD} at (60,154) size 722x20 [border: (1px solid #EEEEEE)] [r=4 c=1 rs=1 cs=1]
              RenderText {#text} at (2,2) size 62x16
                text run at (2,2) width 62: "\x{A1}jalape\x{F1}o!"
          RenderTableRow {TR} at (0,176) size 784x23
            RenderTableCell {TH} at (2,177) size 56x20 [bgcolor=#F8F8F8] [border: (1px solid #EEEEEE)] [r=5 c=0 rs=1 cs=1]
              RenderText {#text} at (23,2) size 10x16
                text run at (23,2) width 10: "fr"
            RenderTableCell {TD} at (60,176) size 722x23 [border: (1px solid #EEEEEE)] [r=5 c=1 rs=1 cs=1]
              RenderText {#text} at (2,5) size 214x16
                text run at (2,5) width 214: "Quelqu'un L\x{2019}amour T'appelles\x{2011}tu 3"
              RenderInline {SUP} at (0,0) size 24x14
                RenderText {#text} at (216,2) size 24x14
                  text run at (216,2) width 24: "eme"
          RenderTableRow {TR} at (0,201) size 784x20
            RenderTableCell {TH} at (2,201) size 56x20 [bgcolor=#F8F8F8] [border: (1px solid #EEEEEE)] [r=6 c=0 rs=1 cs=1]
              RenderText {#text} at (19,2) size 18x16
                text run at (19,2) width 18: "hu"
            RenderTableCell {TD} at (60,201) size 722x20 [border: (1px solid #EEEEEE)] [r=6 c=1 rs=1 cs=1]
              RenderText {#text} at (2,2) size 112x16
                text run at (2,2) width 112: "11-ei London\x{2011}ban"
          RenderTableRow {TR} at (0,223) size 784x20
            RenderTableCell {TH} at (2,223) size 56x20 [bgcolor=#F8F8F8] [border: (1px solid #EEEEEE)] [r=7 c=0 rs=1 cs=1]
              RenderText {#text} at (21,2) size 13x16
                text run at (21,2) width 13: "nl"
            RenderTableCell {TD} at (60,223) size 722x20 [border: (1px solid #EEEEEE)] [r=7 c=1 rs=1 cs=1]
              RenderText {#text} at (2,2) size 75x16
                text run at (2,2) width 75: "'s Ochtends"
          RenderTableRow {TR} at (0,245) size 784x20
            RenderTableCell {TH} at (2,245) size 56x20 [bgcolor=#F8F8F8] [border: (1px solid #EEEEEE)] [r=8 c=0 rs=1 cs=1]
              RenderText {#text} at (21,2) size 13x16
                text run at (21,2) width 13: "pl"
            RenderTableCell {TD} at (60,245) size 722x20 [border: (1px solid #EEEEEE)] [r=8 c=1 rs=1 cs=1]
              RenderText {#text} at (2,2) size 96x16
                text run at (2,2) width 96: "Wzi\x{119}\x{142}a Bie\x{17C}\x{105}ce"
          RenderTableRow {TR} at (0,267) size 784x20
            RenderTableCell {TH} at (2,267) size 56x20 [bgcolor=#F8F8F8] [border: (1px solid #EEEEEE)] [r=9 c=0 rs=1 cs=1]
              RenderText {#text} at (20,2) size 15x16
                text run at (20,2) width 15: "ru"
            RenderTableCell {TD} at (60,267) size 722x20 [border: (1px solid #EEEEEE)] [r=9 c=1 rs=1 cs=1]
              RenderText {#text} at (2,2) size 165x16
                text run at (2,2) width 165: "\x{41D}\x{44C}\x{44E}-\x{439}\x{43E}\x{440}\x{43A} 1990-\x{445} 14-vii-1789"
          RenderTableRow {TR} at (0,289) size 784x20
            RenderTableCell {TH} at (2,289) size 56x20 [bgcolor=#F8F8F8] [border: (1px solid #EEEEEE)] [r=10 c=0 rs=1 cs=1]
              RenderText {#text} at (19,2) size 18x16
                text run at (19,2) width 18: "tlh"
            RenderTableCell {TD} at (60,289) size 722x20 [border: (1px solid #EEEEEE)] [r=10 c=1 rs=1 cs=1]
              RenderText {#text} at (2,2) size 192x16
                text run at (2,2) width 192: "TlhIngan Hol Wa''uy' Loghqam"
