layer at (0,0) size 800x1048
  RenderView at (0,0) size 800x600
layer at (0,0) size 800x1048
  RenderBlock {HTML} at (0,0) size 800x1048
    RenderBody {BODY} at (8,8) size 784x1032 [bgcolor=#CCCCCC]
      RenderBlock {P} at (0,0) size 784x16
        RenderText {#text} at (0,0) size 352x16
          text run at (0,0) width 352: "The style declarations which apply to the text below are:"
      RenderBlock {PRE} at (0,30) size 784x128
        RenderText {#text} at (0,0) size 232x128
          text run at (0,0) width 136: ".one {text-decoration: underline;}"
          text run at (136,0) width 0: " "
          text run at (0,16) width 132: ".two {text-decoration: overline;}"
          text run at (132,16) width 0: " "
          text run at (0,32) width 156: ".three {text-decoration: line-through;}"
          text run at (156,32) width 0: " "
          text run at (0,48) width 124: ".four {text-decoration: blink;}"
          text run at (124,48) width 0: " "
          text run at (0,64) width 124: "B.five {text-decoration: none;}"
          text run at (124,64) width 0: " "
          text run at (0,80) width 172: ".six {text-decoration: underline overline;}"
          text run at (172,80) width 0: " "
          text run at (0,96) width 232: ".seven {text-decoration: underline overline line-through;}"
          text run at (232,96) width 0: " "
          text run at (0,112) width 0: " "
      RenderBlock {HR} at (0,172) size 784x2 [border: (1px inset #000000)]
      RenderBlock {P} at (0,188) size 784x16
        RenderText {#text} at (0,0) size 226x16
          text run at (0,0) width 226: "This sentence should be underlined."
      RenderBlock {P} at (0,218) size 784x16
        RenderText {#text} at (0,0) size 218x16
          text run at (0,0) width 218: "This sentence should be overlined."
      RenderBlock {P} at (0,248) size 784x16
        RenderText {#text} at (0,0) size 336x16
          text run at (0,0) width 336: "This sentence should have stricken text (linethrough)."
      RenderBlock {P} at (0,278) size 784x16
        RenderText {#text} at (0,0) size 575x16
          text run at (0,0) width 203: "This element should be blinking. "
          text run at (203,0) width 372: "(It is not required, however, that UAs support this behavior.)"
      RenderBlock {P} at (0,308) size 784x32
        RenderText {#text} at (0,0) size 504x16
          text run at (0,0) width 288: "The text in this element should be underlined. "
          text run at (288,0) width 216: "The boldfaced text in this element "
        RenderInline {B} at (0,0) size 181x16
          RenderText {#text} at (504,0) size 181x16
            text run at (504,0) width 181: "should also be underlined"
        RenderText {#text} at (685,0) size 733x32
          text run at (685,0) width 7: ". "
          text run at (692,0) width 41: "This is"
          text run at (0,16) width 713: "because the parent's underline will 'span' the boldfaced text, even if the inline element has no underline of its own."
      RenderBlock {P} at (0,354) size 784x16
        RenderText {#text} at (0,0) size 316x16
          text run at (0,0) width 316: "This sentence should be underlined and overlined."
      RenderBlock {P} at (0,384) size 784x16
        RenderText {#text} at (0,0) size 375x16
          text run at (0,0) width 375: "This sentence should be underlined, overlined, and stricken."
      RenderBlock {P} at (0,414) size 784x0
      RenderBlock {P} at (0,414) size 784x32
        RenderText {#text} at (0,0) size 769x32
          text run at (0,0) width 769: "There should be nothing visible between this sentence and the one above (there is an empty paragraph element with class"
          text run at (0,16) width 62: "of seven)."
      RenderBlock {P} at (0,460) size 784x50
        RenderText {#text} at (0,2) size 640x16
          text run at (0,2) width 640: "Text decorations only apply to the text of an element, so the image at the end of this sentence should "
        RenderInline {EM} at (0,0) size 20x16
          RenderText {#text} at (640,2) size 20x16
            text run at (640,2) width 20: "not"
        RenderText {#text} at (660,2) size 88x16
          text run at (660,2) width 88: " be overlined: "
        RenderImage {IMG} at (748,0) size 15x15
        RenderText {#text} at (763,2) size 766x48
          text run at (763,2) width 3: "."
          text run at (0,18) width 731: "The underline of the parent element should hold true beneath the image, however, since text-decoration 'spans' child"
          text run at (0,34) width 60: "elements."
      RenderBlock {P} at (0,524) size 784x16 [color=#008000]
        RenderText {#text} at (0,0) size 102x16
          text run at (0,0) width 102: "The underlining "
        RenderInline {SPAN} at (0,0) size 99x16 [color=#0000FF]
          RenderText {#text} at (102,0) size 99x16
            text run at (102,0) width 99: "in this sentence"
        RenderText {#text} at (201,0) size 234x16
          text run at (201,0) width 234: " should be green, no matter what the "
        RenderInline {SPAN} at (0,0) size 107x16 [color=#000000]
          RenderText {#text} at (435,0) size 107x16
            text run at (435,0) width 107: "text color may be"
        RenderText {#text} at (542,0) size 3x16
          text run at (542,0) width 3: "."
      RenderBlock {P} at (0,554) size 784x32
        RenderText {#text} at (0,0) size 111x16
          text run at (0,0) width 111: "The colors of the "
        RenderInline {SPAN} at (0,0) size 69x16 [color=#800080]
          RenderText {#text} at (111,0) size 69x16
            text run at (111,0) width 69: "underlining"
        RenderText {#text} at (180,0) size 19x16
          text run at (180,0) width 19: " in "
        RenderInline {SPAN} at (0,0) size 84x16 [color=#0000FF]
          RenderText {#text} at (199,0) size 84x16
            text run at (199,0) width 84: "this sentence"
        RenderText {#text} at (283,0) size 68x16
          text run at (283,0) width 68: " should be "
        RenderInline {SPAN} at (0,0) size 217x16 [color=#808080]
          RenderText {#text} at (351,0) size 217x16
            text run at (351,0) width 217: "the same as that of the parent text"
        RenderText {#text} at (568,0) size 743x32
          text run at (568,0) width 175: " (that is, the first word in the"
          text run at (0,16) width 209: "sentence, which should be black)."
      RenderTable {TABLE} at (0,600) size 784x432 [border: (1px outset #808080)]
        RenderTableSection {TBODY} at (1,1) size 782x430
          RenderTableRow {TR} at (0,0) size 782x24
            RenderTableCell {TD} at (0,0) size 782x24 [bgcolor=#C0C0C0] [border: (1px inset #808080)] [r=0 c=0 rs=1 cs=2]
              RenderInline {STRONG} at (0,0) size 157x16
                RenderText {#text} at (4,4) size 157x16
                  text run at (4,4) width 157: "TABLE Testing Section"
          RenderTableRow {TR} at (0,24) size 782x406
            RenderTableCell {TD} at (0,215) size 12x24 [bgcolor=#C0C0C0] [border: (1px inset #808080)] [r=1 c=0 rs=1 cs=1]
              RenderText {#text} at (4,4) size 4x16
                text run at (4,4) width 4: " "
            RenderTableCell {TD} at (12,24) size 770x406 [border: (1px inset #808080)] [r=1 c=1 rs=1 cs=1]
              RenderBlock {P} at (4,4) size 762x16
                RenderText {#text} at (0,0) size 226x16
                  text run at (0,0) width 226: "This sentence should be underlined."
              RenderBlock {P} at (4,34) size 762x16
                RenderText {#text} at (0,0) size 218x16
                  text run at (0,0) width 218: "This sentence should be overlined."
              RenderBlock {P} at (4,64) size 762x16
                RenderText {#text} at (0,0) size 336x16
                  text run at (0,0) width 336: "This sentence should have stricken text (linethrough)."
              RenderBlock {P} at (4,94) size 762x16
                RenderText {#text} at (0,0) size 575x16
                  text run at (0,0) width 203: "This element should be blinking. "
                  text run at (203,0) width 372: "(It is not required, however, that UAs support this behavior.)"
              RenderBlock {P} at (4,124) size 762x32
                RenderText {#text} at (0,0) size 504x16
                  text run at (0,0) width 288: "The text in this element should be underlined. "
                  text run at (288,0) width 216: "The boldfaced text in this element "
                RenderInline {B} at (0,0) size 181x16
                  RenderText {#text} at (504,0) size 181x16
                    text run at (504,0) width 181: "should also be underlined"
                RenderText {#text} at (685,0) size 733x32
                  text run at (685,0) width 7: ". "
                  text run at (692,0) width 41: "This is"
                  text run at (0,16) width 713: "because the parent's underline will 'span' the boldfaced text, even if the inline element has no underline of its own."
              RenderBlock {P} at (4,170) size 762x16
                RenderText {#text} at (0,0) size 316x16
                  text run at (0,0) width 316: "This sentence should be underlined and overlined."
              RenderBlock {P} at (4,200) size 762x16
                RenderText {#text} at (0,0) size 375x16
                  text run at (0,0) width 375: "This sentence should be underlined, overlined, and stricken."
              RenderBlock {P} at (4,230) size 762x0
              RenderBlock {P} at (4,230) size 762x32
                RenderText {#text} at (0,0) size 733x32
                  text run at (0,0) width 733: "There should be nothing visible between this sentence and the one above (there is an empty paragraph element with"
                  text run at (0,16) width 98: "class of seven)."
              RenderBlock {P} at (4,276) size 762x50
                RenderText {#text} at (0,0) size 640x16
                  text run at (0,0) width 640: "Text decorations only apply to the text of an element, so the image at the end of this sentence should "
                RenderInline {EM} at (0,0) size 20x16
                  RenderText {#text} at (640,0) size 20x16
                    text run at (640,0) width 20: "not"
                RenderText {#text} at (660,0) size 88x16
                  text run at (660,0) width 88: " be overlined: "
                RenderImage {IMG} at (0,16) size 15x15
                RenderText {#text} at (15,18) size 753x32
                  text run at (15,18) width 7: ". "
                  text run at (22,18) width 731: "The underline of the parent element should hold true beneath the image, however, since text-decoration 'spans' child"
                  text run at (0,34) width 60: "elements."
              RenderBlock {P} at (4,340) size 762x16 [color=#008000]
                RenderText {#text} at (0,0) size 102x16
                  text run at (0,0) width 102: "The underlining "
                RenderInline {SPAN} at (0,0) size 99x16 [color=#0000FF]
                  RenderText {#text} at (102,0) size 99x16
                    text run at (102,0) width 99: "in this sentence"
                RenderText {#text} at (201,0) size 234x16
                  text run at (201,0) width 234: " should be green, no matter what the "
                RenderInline {SPAN} at (0,0) size 107x16 [color=#000000]
                  RenderText {#text} at (435,0) size 107x16
                    text run at (435,0) width 107: "text color may be"
                RenderText {#text} at (542,0) size 3x16
                  text run at (542,0) width 3: "."
              RenderBlock {P} at (4,370) size 762x32
                RenderText {#text} at (0,0) size 111x16
                  text run at (0,0) width 111: "The colors of the "
                RenderInline {SPAN} at (0,0) size 69x16 [color=#800080]
                  RenderText {#text} at (111,0) size 69x16
                    text run at (111,0) width 69: "underlining"
                RenderText {#text} at (180,0) size 19x16
                  text run at (180,0) width 19: " in "
                RenderInline {SPAN} at (0,0) size 84x16 [color=#0000FF]
                  RenderText {#text} at (199,0) size 84x16
                    text run at (199,0) width 84: "this sentence"
                RenderText {#text} at (283,0) size 68x16
                  text run at (283,0) width 68: " should be "
                RenderInline {SPAN} at (0,0) size 217x16 [color=#808080]
                  RenderText {#text} at (351,0) size 217x16
                    text run at (351,0) width 217: "the same as that of the parent text"
                RenderText {#text} at (568,0) size 743x32
                  text run at (568,0) width 175: " (that is, the first word in the"
                  text run at (0,16) width 209: "sentence, which should be black)."
