layer at (0,0) size 120x1696
  RenderView at (0,0) size 96x26
layer at (0,0) size 120x1696
  RenderBlock {HTML} at (0,0) size 96x1696
    RenderBody {BODY} at (8,8) size 80x1680 [bgcolor=#CCCCCC]
      RenderBlock {P} at (0,0) size 80x80
        RenderText {#text} at (0,0) size 77x80
          text run at (0,0) width 58: "The style"
          text run at (0,16) width 77: "declarations"
          text run at (0,32) width 74: "which apply"
          text run at (0,48) width 63: "to the text"
          text run at (0,64) width 64: "below are:"
      RenderBlock {PRE} at (0,94) size 80x80
        RenderText {#text} at (0,0) size 112x80
          text run at (0,0) width 96: ".one {text-align: left;}"
          text run at (96,0) width 0: " "
          text run at (0,16) width 100: ".two {text-align: right;}"
          text run at (100,16) width 0: " "
          text run at (0,32) width 112: ".three {text-align: center;}"
          text run at (112,32) width 0: " "
          text run at (0,48) width 112: ".four {text-align: justify;}"
          text run at (112,48) width 0: " "
          text run at (0,64) width 0: " "
      RenderBlock {HR} at (0,188) size 80x2 [border: (1px inset #000000)]
      RenderBlock {P} at (0,204) size 80x64
        RenderText {#text} at (0,0) size 73x64
          text run at (0,0) width 27: "This"
          text run at (0,16) width 58: "sentence"
          text run at (0,32) width 60: "should be"
          text run at (0,48) width 73: "left-justified."
      RenderBlock {P} at (0,282) size 80x80
        RenderText {#text} at (53,0) size 60x80
          text run at (53,0) width 27: "This"
          text run at (22,16) width 58: "sentence"
          text run at (20,32) width 60: "should be"
          text run at (48,48) width 32: "right-"
          text run at (30,64) width 50: "justified."
      RenderBlock {P} at (0,376) size 80x64
        RenderText {#text} at (26,0) size 60x64
          text run at (26,0) width 27: "This"
          text run at (11,16) width 58: "sentence"
          text run at (10,32) width 60: "should be"
          text run at (10,48) width 59: "centered."
      RenderBlock {P} at (0,454) size 80x400
        RenderText {#text} at (0,0) size 80x400
          text run at (0,0) width 27: "This"
          text run at (0,16) width 58: "sentence"
          text run at (0,32) width 80: "should be"
          text run at (0,48) width 80: "fully justified,"
          text run at (0,64) width 36: "which"
          text run at (0,80) width 80: "means that"
          text run at (0,96) width 80: "the right and"
          text run at (0,112) width 80: "left margins"
          text run at (0,128) width 80: "of this"
          text run at (0,144) width 66: "paragraph"
          text run at (0,160) width 80: "should line"
          text run at (0,176) width 80: "up, no"
          text run at (0,192) width 80: "matter how"
          text run at (0,208) width 80: "long the"
          text run at (0,224) width 66: "paragraph"
          text run at (0,240) width 60: "becomes;"
          text run at (0,256) width 20: "the"
          text run at (0,272) width 80: "exception, of"
          text run at (0,288) width 80: "course, is"
          text run at (0,304) width 80: "the last line,"
          text run at (0,320) width 36: "which"
          text run at (0,336) width 80: "should be"
          text run at (0,352) width 70: "left-justified"
          text run at (0,368) width 80: "in Western"
          text run at (0,384) width 68: "languages."
      RenderTable {TABLE} at (0,868) size 90x812 [border: (1px outset #808080)]
        RenderTableSection {TBODY} at (1,1) size 88x810
          RenderTableRow {TR} at (0,0) size 88x56
            RenderTableCell {TD} at (0,0) size 88x56 [bgcolor=#C0C0C0] [border: (1px inset #808080)] [r=0 c=0 rs=1 cs=2]
              RenderInline {STRONG} at (0,0) size 53x48
                RenderText {#text} at (4,4) size 53x48
                  text run at (4,4) width 45: "TABLE"
                  text run at (4,20) width 51: "Testing"
                  text run at (4,36) width 53: "Section"
          RenderTableRow {TR} at (0,56) size 88x754
            RenderTableCell {TD} at (0,421) size 12x24 [bgcolor=#C0C0C0] [border: (1px inset #808080)] [r=1 c=0 rs=1 cs=1]
              RenderText {#text} at (4,4) size 4x16
                text run at (4,4) width 4: " "
            RenderTableCell {TD} at (12,56) size 76x754 [border: (1px inset #808080)] [r=1 c=1 rs=1 cs=1]
              RenderBlock {P} at (4,4) size 68x80
                RenderText {#text} at (0,0) size 60x80
                  text run at (0,0) width 27: "This"
                  text run at (0,16) width 58: "sentence"
                  text run at (0,32) width 60: "should be"
                  text run at (0,48) width 23: "left-"
                  text run at (0,64) width 50: "justified."
              RenderBlock {P} at (4,98) size 68x80
                RenderText {#text} at (41,0) size 60x80
                  text run at (41,0) width 27: "This"
                  text run at (10,16) width 58: "sentence"
                  text run at (8,32) width 60: "should be"
                  text run at (36,48) width 32: "right-"
                  text run at (18,64) width 50: "justified."
              RenderBlock {P} at (4,192) size 68x64
                RenderText {#text} at (20,0) size 60x64
                  text run at (20,0) width 27: "This"
                  text run at (5,16) width 58: "sentence"
                  text run at (4,32) width 60: "should be"
                  text run at (4,48) width 59: "centered."
              RenderBlock {P} at (4,270) size 68x480
                RenderText {#text} at (0,0) size 68x480
                  text run at (0,0) width 27: "This"
                  text run at (0,16) width 58: "sentence"
                  text run at (0,32) width 68: "should be"
                  text run at (0,48) width 24: "fully"
                  text run at (0,64) width 50: "justified,"
                  text run at (0,80) width 36: "which"
                  text run at (0,96) width 42: "means"
                  text run at (0,112) width 68: "that the"
                  text run at (0,128) width 68: "right and"
                  text run at (0,144) width 19: "left"
                  text run at (0,160) width 68: "margins of"
                  text run at (0,176) width 22: "this"
                  text run at (0,192) width 66: "paragraph"
                  text run at (0,208) width 68: "should line"
                  text run at (0,224) width 68: "up, no"
                  text run at (0,240) width 40: "matter"
                  text run at (0,256) width 68: "how long"
                  text run at (0,272) width 20: "the"
                  text run at (0,288) width 66: "paragraph"
                  text run at (0,304) width 60: "becomes;"
                  text run at (0,320) width 20: "the"
                  text run at (0,336) width 64: "exception,"
                  text run at (0,352) width 68: "of course,"
                  text run at (0,368) width 68: "is the last"
                  text run at (0,384) width 68: "line, which"
                  text run at (0,400) width 68: "should be"
                  text run at (0,416) width 23: "left-"
                  text run at (0,432) width 68: "justified in"
                  text run at (0,448) width 53: "Western"
                  text run at (0,464) width 68: "languages."
