layer at (0,0) size 800x920
  RenderView at (0,0) size 800x600
layer at (0,0) size 800x920
  RenderBlock {HTML} at (0,0) size 800x920
    RenderBody {BODY} at (8,8) size 784x904 [bgcolor=#CCCCCC]
      RenderBlock {P} at (0,0) size 784x16
        RenderText {#text} at (0,0) size 352x16
          text run at (0,0) width 352: "The style declarations which apply to the text below are:"
      RenderBlock {PRE} at (0,30) size 784x192
        RenderText {#text} at (0,0) size 124x192
          text run at (0,0) width 108: ".one {word-spacing: 0.3in;}"
          text run at (108,0) width 0: " "
          text run at (0,16) width 108: ".two {word-spacing: 0.5cm;}"
          text run at (108,16) width 0: " "
          text run at (0,32) width 108: ".three {word-spacing: 5mm;}"
          text run at (108,32) width 0: " "
          text run at (0,48) width 104: ".four {word-spacing: 3pt;}"
          text run at (104,48) width 0: " "
          text run at (0,64) width 116: ".five {word-spacing: 0.25pc;}"
          text run at (116,64) width 0: " "
          text run at (0,80) width 100: ".six {word-spacing: 1em;}"
          text run at (100,80) width 0: " "
          text run at (0,96) width 108: ".seven {word-spacing: 1ex;}"
          text run at (108,96) width 0: " "
          text run at (0,112) width 108: ".eight {word-spacing: 5px;}"
          text run at (108,112) width 0: " "
          text run at (0,128) width 116: ".nine {word-spacing: normal;}"
          text run at (116,128) width 0: " "
          text run at (0,144) width 104: ".ten {word-spacing: 300%;}"
          text run at (104,144) width 0: " "
          text run at (0,160) width 124: ".eleven {word-spacing: -0.2em;}"
          text run at (124,160) width 0: " "
          text run at (0,176) width 0: " "
      RenderBlock {HR} at (0,236) size 784x2 [border: (1px inset #000000)]
      RenderBlock {P} at (0,252) size 784x16
        RenderText {#text} at (0,0) size 705x16
          text run at (0,0) width 705: "This words in this sentence should have extra space between them."
      RenderBlock {P} at (0,282) size 784x16
        RenderText {#text} at (0,0) size 605x16
          text run at (0,0) width 605: "This words in this sentence should have extra space between them."
      RenderBlock {P} at (0,312) size 784x16
        RenderText {#text} at (0,0) size 605x16
          text run at (0,0) width 605: "This words in this sentence should have extra space between them."
      RenderBlock {P} at (0,342) size 784x16
        RenderText {#text} at (0,0) size 465x16
          text run at (0,0) width 465: "This words in this sentence should have extra space between them."
      RenderBlock {P} at (0,372) size 784x16
        RenderText {#text} at (0,0) size 465x16
          text run at (0,0) width 465: "This words in this sentence should have extra space between them."
      RenderBlock {P} at (0,402) size 784x16
        RenderText {#text} at (0,0) size 565x16
          text run at (0,0) width 565: "This words in this sentence should have extra space between them."
      RenderBlock {P} at (0,432) size 784x16
        RenderText {#text} at (0,0) size 505x16
          text run at (0,0) width 505: "This words in this sentence should have extra space between them."
      RenderBlock {P} at (0,462) size 784x32
        RenderText {#text} at (0,0) size 756x16
          text run at (0,0) width 756: "This words in this sentence should have extra space between them, but the last few words in the sentence"
        RenderInline {SPAN} at (0,0) size 176x16
          RenderText {#text} at (0,16) size 176x16
            text run at (0,16) width 176: "should have normal spacing"
        RenderText {#text} at (176,16) size 3x16
          text run at (176,16) width 3: "."
      RenderBlock {P} at (0,508) size 784x16
        RenderText {#text} at (0,0) size 671x16
          text run at (0,0) width 671: "This sentence should have normal word-spacing, since percentage values are not allowed on this property."
      RenderBlock {P} at (0,538) size 784x16
        RenderText {#text} at (0,0) size 730x16
          text run at (0,0) width 730: "This words in this sentence should have reduced space between them, since negative values are allowed on this property."
      RenderTable {TABLE} at (0,568) size 784x336 [border: (1px outset #808080)]
        RenderTableSection {TBODY} at (1,1) size 782x334
          RenderTableRow {TR} at (0,0) size 782x24
            RenderTableCell {TD} at (0,0) size 782x24 [bgcolor=#C0C0C0] [border: (1px inset #808080)] [r=0 c=0 rs=1 cs=2]
              RenderInline {STRONG} at (0,0) size 157x16
                RenderText {#text} at (4,4) size 157x16
                  text run at (4,4) width 157: "TABLE Testing Section"
          RenderTableRow {TR} at (0,24) size 782x310
            RenderTableCell {TD} at (0,167) size 12x24 [bgcolor=#C0C0C0] [border: (1px inset #808080)] [r=1 c=0 rs=1 cs=1]
              RenderText {#text} at (4,4) size 4x16
                text run at (4,4) width 4: " "
            RenderTableCell {TD} at (12,24) size 770x310 [border: (1px inset #808080)] [r=1 c=1 rs=1 cs=1]
              RenderBlock {P} at (4,4) size 762x16
                RenderText {#text} at (0,0) size 705x16
                  text run at (0,0) width 705: "This words in this sentence should have extra space between them."
              RenderBlock {P} at (4,34) size 762x16
                RenderText {#text} at (0,0) size 605x16
                  text run at (0,0) width 605: "This words in this sentence should have extra space between them."
              RenderBlock {P} at (4,64) size 762x16
                RenderText {#text} at (0,0) size 605x16
                  text run at (0,0) width 605: "This words in this sentence should have extra space between them."
              RenderBlock {P} at (4,94) size 762x16
                RenderText {#text} at (0,0) size 465x16
                  text run at (0,0) width 465: "This words in this sentence should have extra space between them."
              RenderBlock {P} at (4,124) size 762x16
                RenderText {#text} at (0,0) size 465x16
                  text run at (0,0) width 465: "This words in this sentence should have extra space between them."
              RenderBlock {P} at (4,154) size 762x16
                RenderText {#text} at (0,0) size 565x16
                  text run at (0,0) width 565: "This words in this sentence should have extra space between them."
              RenderBlock {P} at (4,184) size 762x16
                RenderText {#text} at (0,0) size 505x16
                  text run at (0,0) width 505: "This words in this sentence should have extra space between them."
              RenderBlock {P} at (4,214) size 762x32
                RenderText {#text} at (0,0) size 756x16
                  text run at (0,0) width 756: "This words in this sentence should have extra space between them, but the last few words in the sentence"
                RenderInline {SPAN} at (0,0) size 176x16
                  RenderText {#text} at (0,16) size 176x16
                    text run at (0,16) width 176: "should have normal spacing"
                RenderText {#text} at (176,16) size 3x16
                  text run at (176,16) width 3: "."
              RenderBlock {P} at (4,260) size 762x16
                RenderText {#text} at (0,0) size 671x16
                  text run at (0,0) width 671: "This sentence should have normal word-spacing, since percentage values are not allowed on this property."
              RenderBlock {P} at (4,290) size 762x16
                RenderText {#text} at (0,0) size 730x16
                  text run at (0,0) width 730: "This words in this sentence should have reduced space between them, since negative values are allowed on this property."
