layer at (0,0) size 800x600
  RenderView at (0,0) size 800x600
layer at (0,0) size 800x600
  RenderBlock {HTML} at (0,0) size 800x600
    RenderBody {BODY} at (8,8) size 784x584
      RenderBlock {P} at (0,0) size 784x18
        RenderText {#text} at (0,0) size 53x18
          text run at (0,0) width 53: "Test for "
        RenderInline {I} at (0,0) size 572x18
          RenderInline {A} at (0,0) size 154x18 [color=#0000EE]
            RenderText {#text} at (53,0) size 154x18
              text run at (53,0) width 154: "rdar://problem/6131096"
          RenderText {#text} at (207,0) size 418x18
            text run at (207,0) width 4: " "
            text run at (211,0) width 414: "Reproducible crash in CounterNode::isReset under guard malloc"
        RenderText {#text} at (625,0) size 4x18
          text run at (625,0) width 4: "."
      RenderBlock {DIV} at (0,34) size 784x23
        RenderInline (generated) at (0,0) size 20x23
          RenderCounter at (0,0) size 10x23
            text run at (0,0) width 10: "1"
          RenderText at (10,0) size 10x23
            text run at (10,0) width 10: ". "
        RenderText {#text} at (20,0) size 300x23
          text run at (20,0) width 300: "This sentence should be numbered 1."
