layer at (0,0) size 800x600
  RenderView at (0,0) size 800x600
layer at (0,0) size 800x311
  RenderBlock {HTML} at (0,0) size 800x311
    RenderBody {BODY} at (8,14) size 784x283
      RenderBlock {P} at (0,0) size 784x19 [color=#FF0000]
        RenderText {#text} at (0,0) size 134x19
          text run at (0,0) width 134: "This should be green"
      RenderBlock {P} at (0,33) size 784x19 [color=#FF0000]
        RenderText {#text} at (0,0) size 134x19
          text run at (0,0) width 134: "This should be green"
      RenderBlock {P} at (0,66) size 784x19 [color=#FF0000]
        RenderText {#text} at (0,0) size 134x19
          text run at (0,0) width 134: "This should be green"
      RenderBlock {P} at (0,99) size 784x19 [color=#FF0000]
        RenderText {#text} at (0,0) size 134x19
          text run at (0,0) width 134: "This should be green"
      RenderBlock {P} at (0,132) size 784x19 [color=#008000]
        RenderText {#text} at (0,0) size 134x19
          text run at (0,0) width 134: "This should be green"
      RenderBlock {P} at (0,165) size 784x19 [color=#008000]
        RenderText {#text} at (0,0) size 134x19
          text run at (0,0) width 134: "This should be green"
      RenderBlock {P} at (0,198) size 784x19 [color=#008000]
        RenderText {#text} at (0,0) size 134x19
          text run at (0,0) width 134: "This should be green"
      RenderBlock {P} at (0,231) size 784x19 [color=#008000]
        RenderText {#text} at (0,0) size 134x19
          text run at (0,0) width 134: "This should be green"
      RenderBlock {P} at (0,264) size 784x19 [color=#007F00]
        RenderText {#text} at (0,0) size 134x19
          text run at (0,0) width 134: "This should be green"
