layer at (0,0) size 800x600
  RenderView at (0,0) size 800x600
layer at (0,0) size 800x331
  RenderBlock {HTML} at (0,0) size 800x331
    RenderBody {BODY} at (8,14) size 784x309
      RenderBlock {P} at (0,0) size 784x19
        RenderText {#text} at (0,0) size 229x19
          text run at (0,0) width 229: "There should be a green box below."
      RenderBlock {DIV} at (0,33) size 186x276 [color=#008000] [bgcolor=#FF0000] [border: (3px solid #000000)]
        RenderBlock {DIV} at (48,18) size 90x75
          RenderBlock {P} at (0,0) size 90x75
            RenderText {#text} at (0,0) size 75x76
              text run at (0,0) width 75: "x x x"
              text run at (0,15) width 75: "x x x"
              text run at (0,30) width 75: "x x x"
              text run at (0,45) width 75: "x x x"
              text run at (0,60) width 75: "x x x"
        RenderBlock {DIV} at (93,108) size 90x75
          RenderBlock {P} at (0,0) size 90x75
            RenderText {#text} at (0,0) size 75x76
              text run at (0,0) width 75: "x x x"
              text run at (0,15) width 75: "x x x"
              text run at (0,30) width 75: "x x x"
              text run at (0,45) width 75: "x x x"
              text run at (0,60) width 75: "x x x"
        RenderBlock {P} at (48,198) size 135x60
          RenderText {#text} at (0,0) size 135x61
            text run at (0,0) width 135: "x x x x x"
            text run at (0,15) width 135: "x x x x x"
            text run at (0,30) width 135: "x x x x x"
            text run at (0,45) width 135: "x x x x x"
