layer at (0,0) size 800x600
  RenderView at (0,0) size 800x600
layer at (0,0) size 800x93
  RenderBlock {HTML} at (0,0) size 800x93
    RenderBody {BODY} at (8,14) size 784x71
      RenderBlock {P} at (0,0) size 784x19
        RenderText {#text} at (0,0) size 286x19
          text run at (0,0) width 286: "The following two lines should look the same:"
      RenderBlock {DIV} at (0,33) size 784x19
        RenderInline {SPAN} at (0,0) size 8x19
          RenderInline (generated) at (0,0) size 8x19
            RenderCounter at (0,0) size 8x19
              text run at (0,0) width 8: "a"
        RenderText {#text} at (8,0) size 4x19
          text run at (8,0) width 4: " "
        RenderInline {SPAN} at (0,0) size 8x19
          RenderInline (generated) at (0,0) size 8x19
            RenderCounter at (12,0) size 8x19
              text run at (12,0) width 8: "b"
        RenderText {#text} at (20,0) size 4x19
          text run at (20,0) width 4: " "
        RenderInline {SPAN} at (0,0) size 7x19
          RenderInline (generated) at (0,0) size 7x19
            RenderCounter at (24,0) size 7x19
              text run at (24,0) width 7: "c"
        RenderText {#text} at (31,0) size 4x19
          text run at (31,0) width 4: " "
        RenderInline {SPAN} at (0,0) size 8x19
          RenderInline (generated) at (0,0) size 8x19
            RenderCounter at (35,0) size 8x19
              text run at (35,0) width 8: "d"
        RenderText {#text} at (43,0) size 4x19
          text run at (43,0) width 4: " "
        RenderInline {SPAN} at (0,0) size 8x19
          RenderInline (generated) at (0,0) size 8x19
            RenderCounter at (47,0) size 8x19
              text run at (47,0) width 8: "e"
        RenderText {#text} at (55,0) size 4x19
          text run at (55,0) width 4: " "
        RenderInline {SPAN} at (0,0) size 4x19
          RenderInline (generated) at (0,0) size 4x19
            RenderCounter at (59,0) size 4x19
              text run at (59,0) width 4: "f"
        RenderText {#text} at (63,0) size 4x19
          text run at (63,0) width 4: " "
        RenderInline {SPAN} at (0,0) size 8x19
          RenderInline (generated) at (0,0) size 8x19
            RenderCounter at (67,0) size 8x19
              text run at (67,0) width 8: "g"
        RenderText {#text} at (75,0) size 4x19
          text run at (75,0) width 4: " "
        RenderInline {SPAN} at (0,0) size 8x19
          RenderInline (generated) at (0,0) size 8x19
            RenderCounter at (79,0) size 8x19
              text run at (79,0) width 8: "h"
        RenderText {#text} at (87,0) size 4x19
          text run at (87,0) width 4: " "
        RenderInline {SPAN} at (0,0) size 3x19
          RenderInline (generated) at (0,0) size 3x19
            RenderCounter at (91,0) size 3x19
              text run at (91,0) width 3: "i"
        RenderText {#text} at (94,0) size 4x19
          text run at (94,0) width 4: " "
        RenderInline {SPAN} at (0,0) size 3x19
          RenderInline (generated) at (0,0) size 3x19
            RenderCounter at (98,0) size 3x19
              text run at (98,0) width 3: "j"
        RenderText {#text} at (101,0) size 4x19
          text run at (101,0) width 4: " "
        RenderInline {SPAN} at (0,0) size 7x19
          RenderInline (generated) at (0,0) size 7x19
            RenderCounter at (105,0) size 7x19
              text run at (105,0) width 7: "k"
        RenderText {#text} at (112,0) size 4x19
          text run at (112,0) width 4: " "
        RenderInline {SPAN} at (0,0) size 3x19
          RenderInline (generated) at (0,0) size 3x19
            RenderCounter at (116,0) size 3x19
              text run at (116,0) width 3: "l"
        RenderText {#text} at (0,0) size 0x0
      RenderBlock {DIV} at (0,52) size 784x19
        RenderText {#text} at (0,0) size 119x19
          text run at (0,0) width 12: "a "
          text run at (12,0) width 12: "b "
          text run at (24,0) width 11: "c "
          text run at (35,0) width 12: "d "
          text run at (47,0) width 12: "e "
          text run at (59,0) width 8: "f "
          text run at (67,0) width 12: "g "
          text run at (79,0) width 12: "h "
          text run at (91,0) width 7: "i "
          text run at (98,0) width 7: "j "
          text run at (105,0) width 11: "k "
          text run at (116,0) width 3: "l"
