layer at (0,0) size 800x600
  RenderView at (0,0) size 800x600
layer at (0,0) size 800x207
  RenderBlock {HTML} at (0,0) size 800x207
    RenderBody {BODY} at (8,14) size 784x185
      RenderBlock {P} at (0,0) size 784x19
        RenderText {#text} at (0,0) size 322x19
          text run at (0,0) width 322: "There should be no red borders on the table below"
      RenderTable {TABLE} at (0,33) size 128x152 [border: (2px none #808080)]
        RenderTableSection {TBODY} at (2,2) size 123x147
          RenderTableRow {TR} at (0,0) size 123x49
            RenderTableCell {TD} at (0,11) size 39x26 [border: (3px ridge #00FF00)] [r=0 c=0 rs=1 cs=1]
              RenderText {#text} at (4,4) size 32x19
                text run at (4,4) width 32: "ridge"
            RenderTableCell {TD} at (39,12) size 45x24 [border: (3px ridge #00FF00) none (3px ridge #00FF00)] [r=0 c=1 rs=1 cs=1]
              RenderText {#text} at (4,4) size 32x19
                text run at (4,4) width 32: "ridge"
            RenderTableCell {TD} at (84,11) size 39x26 [border: (3px ridge #00FF00)] [r=0 c=2 rs=1 cs=1]
              RenderText {#text} at (4,4) size 32x19
                text run at (4,4) width 32: "ridge"
          RenderTableRow {TR} at (0,49) size 123x49
            RenderTableCell {TD} at (0,60) size 39x26 [border: (3px ridge #00FF00) none (2px ridge #00FF00)] [r=1 c=0 rs=1 cs=1]
              RenderText {#text} at (4,4) size 32x19
                text run at (4,4) width 32: "ridge"
            RenderTableCell {TD} at (39,63) size 45x21 [r=1 c=1 rs=1 cs=1]
              RenderText {#text} at (1,1) size 43x19
                text run at (1,1) width 43: "hidden"
            RenderTableCell {TD} at (84,60) size 39x26 [border: (3px ridge #00FF00) none] [r=1 c=2 rs=1 cs=1]
              RenderText {#text} at (1,4) size 32x19
                text run at (1,4) width 32: "ridge"
          RenderTableRow {TR} at (0,98) size 123x49
            RenderTableCell {TD} at (0,109) size 39x26 [border: (3px ridge #00FF00)] [r=2 c=0 rs=1 cs=1]
              RenderText {#text} at (4,4) size 32x19
                text run at (4,4) width 32: "ridge"
            RenderTableCell {TD} at (39,111) size 45x23 [border: none (2px ridge #00FF00)] [r=2 c=1 rs=1 cs=1]
              RenderText {#text} at (4,1) size 32x19
                text run at (4,1) width 32: "ridge"
            RenderTableCell {TD} at (84,109) size 39x26 [border: (3px ridge #00FF00)] [r=2 c=2 rs=1 cs=1]
              RenderText {#text} at (4,4) size 32x19
                text run at (4,4) width 32: "ridge"
