layer at (0,0) size 800x600
  RenderView at (0,0) size 800x600
layer at (0,0) size 328x600
  RenderBlock {HTML} at (0,0) size 328x600
    RenderBody {BODY} at (8,8) size 312x584
      RenderBlock {P} at (0,16) size 38x552
        RenderText {#text} at (0,0) size 19x135
          text run at (0,0) width 135: "This is a test case for "
        RenderInline {I} at (0,0) size 38x529
          RenderText {#text} at (0,135) size 38x529
            text run at (0,135) width 394: "http://bugzilla.opendarwin.org/show_bug.cgi?id=5826 Blocks"
            text run at (19,0) width 445: "with direction:rtl and overflow:auto or scroll have incorrect scrollbars"
        RenderText {#text} at (19,445) size 19x4
          text run at (19,445) width 4: "."
      RenderBlock (anonymous) at (38,0) size 19x584
        RenderText {#text} at (0,0) size 19x457
          text run at (0,0) width 457: "The right column should be a mirror-image of the left column in terms of"
      RenderBlock {UL} at (73,0) size 57x584
        RenderListItem {LI} at (0,40) size 19x544
          RenderListMarker at (0,-18) size 19x7: bullet
          RenderText {#text} at (0,0) size 19x164
            text run at (0,0) width 164: "the presence of a scrollbar"
        RenderListItem {LI} at (19,40) size 19x544
          RenderListMarker at (0,-18) size 19x7: bullet
          RenderText {#text} at (0,0) size 19x234
            text run at (0,0) width 234: "the initial position of the scroll thumb"
        RenderListItem {LI} at (38,40) size 19x544
          RenderListMarker at (0,-18) size 19x7: bullet
          RenderText {#text} at (0,0) size 19x331
            text run at (0,0) width 331: "which letters are visible initially and when you scroll"
      RenderTable {TABLE} at (146,0) size 166x256
        RenderTableSection {TBODY} at (0,0) size 166x256
          RenderTableRow {TR} at (0,2) size 162x256
            RenderTableCell {TD} at (2,2) size 162x125 [r=0 c=0 rs=1 cs=1]
            RenderTableCell {TD} at (2,129) size 162x125 [r=0 c=1 rs=1 cs=1]
layer at (161,15) size 48x115 clip at (161,25) size 32x100 scrollHeight 188
  RenderBlock {DIV} at (5,5) size 48x115 [bgcolor=#FFFF00] [border: (10px solid #FF0000) none (5px solid #008000) none]
    RenderText {#text} at (0,10) size 19x188
      text run at (0,10) width 188: "abcdefghijklmnopqrstuvwxyz"
layer at (213,15) size 48x115 clip at (213,25) size 48x100
  RenderBlock {DIV} at (57,5) size 48x115 [bgcolor=#FFFF00] [border: (10px solid #FF0000) none (5px solid #008000) none]
    RenderBlock {DIV} at (0,10) size 19x100 [bgcolor=#D3D3D3]
      RenderText {#text} at (0,-88) size 19x188
        text run at (0,-88) width 188: "abcdefghijklmnopqrstuvwxyz"
layer at (265,15) size 48x115 clip at (265,25) size 32x100 scrollHeight 188
  RenderBlock {DIV} at (109,5) size 48x115 [bgcolor=#FFFF00] [border: (10px solid #FF0000) none (5px solid #008000) none]
    RenderBlock {DIV} at (0,10) size 19x100 [bgcolor=#D3D3D3]
      RenderText {#text} at (0,0) size 19x188
        text run at (0,0) width 188: "abcdefghijklmnopqrstuvwxyz"
layer at (161,142) size 48x115 clip at (161,147) size 32x100 scrollY 88 scrollHeight 188
  RenderBlock {DIV} at (5,5) size 48x115 [bgcolor=#FFFF00] [border: (5px solid #008000) none (10px solid #FF0000) none]
    RenderText {#text} at (0,-83) size 19x188
      text run at (0,-83) width 188: "zyxwvutsrqponmlkjihgfedcba"
layer at (213,142) size 48x115 clip at (213,147) size 48x100
  RenderBlock {DIV} at (57,5) size 48x115 [bgcolor=#FFFF00] [border: (5px solid #008000) none (10px solid #FF0000) none]
    RenderBlock {DIV} at (0,5) size 19x100 [bgcolor=#D3D3D3]
      RenderText {#text} at (0,0) size 19x188
        text run at (0,0) width 188: "zyxwvutsrqponmlkjihgfedcba"
layer at (265,142) size 48x115 clip at (265,147) size 32x100 scrollY 88 scrollHeight 188
  RenderBlock {DIV} at (109,5) size 48x115 [bgcolor=#FFFF00] [border: (5px solid #008000) none (10px solid #FF0000) none]
    RenderBlock {DIV} at (0,5) size 19x100 [bgcolor=#D3D3D3]
      RenderText {#text} at (0,-88) size 19x188
        text run at (0,-88) width 188: "zyxwvutsrqponmlkjihgfedcba"
