layer at (0,0) size 800x600
  RenderView at (0,0) size 800x600
layer at (0,0) size 800x600
  RenderBlock {HTML} at (0,0) size 800x600
    RenderBody {BODY} at (8,8) size 784x584
      RenderBlock {P} at (0,0) size 784x21
        RenderText {#text} at (0,0) size 380x21
          text run at (0,0) width 380: "The style declarations which apply to the text below are:"
      RenderBlock {PRE} at (0,37) size 784x64
        RenderText {#text} at (0,0) size 480x64
          text run at (0,0) width 480: "<LINK rel=\"stylesheet\" type=\"text/css\" media=\"screen\" href=\"../resources/bg.gif\">"
          text run at (480,0) width 0: " "
          text run at (0,16) width 219: "@import url(../resources/sec642.css);"
          text run at (219,16) width 0: " "
          text run at (0,32) width 255: "BODY {background: url(../resources/bg.gif);}"
          text run at (255,32) width 0: " "
          text run at (0,48) width 0: " "
      RenderBlock {HR} at (0,114) size 784x2 [border: (1px inset #000000)]
      RenderBlock {P} at (0,132) size 784x21
        RenderText {#text} at (0,0) size 419x21
          text run at (0,0) width 419: "This page should have a green grid pattern as its background."
      RenderBlock {P} at (0,169) size 784x63 [bgcolor=#FFFFFF]
        RenderText {#text} at (0,0) size 778x63
          text run at (0,0) width 673: "This paragraph should have a white background, but NO image should appear in the background. "
          text run at (673,0) width 97: "If an image, in"
          text run at (0,21) width 778: "this case a red square-- or, indeed, any red at all-- is seen there, then the browser has incorrectly interpreted a URL"
          text run at (0,42) width 407: "in relation to the document's URL, not the stylesheet's URL."
      RenderBlock {P} at (0,248) size 784x63 [bgcolor=#FFFFFF]
        RenderText {#text} at (0,0) size 778x63
          text run at (0,0) width 673: "This paragraph should have a white background, but NO image should appear in the background. "
          text run at (673,0) width 97: "If an image, in"
          text run at (0,21) width 778: "this case a red square-- or, indeed, any red at all-- is seen there, then the browser has incorrectly interpreted a URL"
          text run at (0,42) width 407: "in relation to the document's URL, not the stylesheet's URL."
      RenderTable {TABLE} at (0,327) size 784x218 [border: (1px outset #808080)]
        RenderTableSection {TBODY} at (1,1) size 782x216
          RenderTableRow {TR} at (0,0) size 782x29
            RenderTableCell {TD} at (0,0) size 782x29 [bgcolor=#C0C0C0] [border: (1px inset #808080)] [r=0 c=0 rs=1 cs=2]
              RenderInline {STRONG} at (0,0) size 163x21
                RenderText {#text} at (4,4) size 163x21
                  text run at (4,4) width 163: "TABLE Testing Section"
          RenderTableRow {TR} at (0,29) size 782x187
            RenderTableCell {TD} at (0,108) size 12x29 [bgcolor=#C0C0C0] [border: (1px inset #808080)] [r=1 c=0 rs=1 cs=1]
              RenderText {#text} at (4,4) size 4x21
                text run at (4,4) width 4: " "
            RenderTableCell {TD} at (12,29) size 770x187 [border: (1px inset #808080)] [r=1 c=1 rs=1 cs=1]
              RenderBlock {P} at (4,4) size 762x21
                RenderText {#text} at (0,0) size 419x21
                  text run at (0,0) width 419: "This page should have a green grid pattern as its background."
              RenderBlock {P} at (4,41) size 762x63 [bgcolor=#FFFFFF]
                RenderText {#text} at (0,0) size 756x63
                  text run at (0,0) width 673: "This paragraph should have a white background, but NO image should appear in the background. "
                  text run at (673,0) width 80: "If an image,"
                  text run at (0,21) width 756: "in this case a red square-- or, indeed, any red at all-- is seen there, then the browser has incorrectly interpreted a"
                  text run at (0,42) width 446: "URL in relation to the document's URL, not the stylesheet's URL."
              RenderBlock {P} at (4,120) size 762x63 [bgcolor=#FFFFFF]
                RenderText {#text} at (0,0) size 756x63
                  text run at (0,0) width 673: "This paragraph should have a white background, but NO image should appear in the background. "
                  text run at (673,0) width 80: "If an image,"
                  text run at (0,21) width 756: "in this case a red square-- or, indeed, any red at all-- is seen there, then the browser has incorrectly interpreted a"
                  text run at (0,42) width 446: "URL in relation to the document's URL, not the stylesheet's URL."
