layer at (0,0) size 800x600
  RenderView at (0,0) size 800x600
layer at (0,0) size 800x600
  RenderBlock {HTML} at (0,0) size 800x600
    RenderBody {BODY} at (8,8) size 784x584
      RenderBlock {P} at (0,0) size 784x18
        RenderText {#text} at (0,0) size 422x18
          text run at (0,0) width 422: "Test appearances of input-speech-button in <input type='number'>."
      RenderBlock {DIV} at (0,34) size 784x0
      RenderBlock {DIV} at (0,34) size 784x311
        RenderTable {TABLE} at (0,0) size 616x311
          RenderTableSection {TBODY} at (0,0) size 616x311
            RenderTableRow {TR} at (0,2) size 616x307
              RenderTableCell {TD} at (2,2) size 156x307 [r=0 c=0 rs=1 cs=1]
                RenderBlock {DIV} at (1,1) size 154x305
                  RenderTextControl {INPUT} at (0,0) size 100x16 [bgcolor=#FFFFFF] [border: (2px inset #000000)]
                    RenderBlock {DIV} at (80,2) size 0x12
                    RenderBlock {DIV} at (84,1) size 13x15
                  RenderBR {BR} at (100,11) size 0x0
                  RenderTextControl {INPUT} at (0,16) size 100x16 [bgcolor=#FFFFFF] [border: (2px inset #000000)]
                    RenderBlock {DIV} at (3,2) size 94x12
                      RenderBlock {DIV} at (66,0) size 10x10
                    RenderBlock {DIV} at (84,1) size 13x15
                  RenderBR {BR} at (100,32) size 0x0
                  RenderTextControl {INPUT} at (0,32) size 102x17 [bgcolor=#FFFFFF] [border: (2px inset #000000)]
                    RenderBlock {DIV} at (82,2) size 0x13
                    RenderBlock {DIV} at (86,1) size 13x15
                  RenderBR {BR} at (102,44) size 0x0
                  RenderTextControl {INPUT} at (0,49) size 102x17 [bgcolor=#FFFFFF] [border: (2px inset #000000)]
                    RenderBlock {DIV} at (3,2) size 96x13
                      RenderBlock {DIV} at (67,0) size 11x11
                    RenderBlock {DIV} at (86,1) size 13x15
                  RenderBR {BR} at (102,66) size 0x0
                  RenderTextControl {INPUT} at (0,66) size 104x18 [bgcolor=#FFFFFF] [border: (2px inset #000000)]
                    RenderBlock {DIV} at (84,2) size 0x14
                    RenderBlock {DIV} at (88,2) size 13x15
                  RenderBR {BR} at (104,79) size 0x0
                  RenderTextControl {INPUT} at (0,84) size 104x18 [bgcolor=#FFFFFF] [border: (2px inset #000000)]
                    RenderBlock {DIV} at (3,2) size 98x14
                      RenderBlock {DIV} at (68,0) size 12x12
                    RenderBlock {DIV} at (88,2) size 13x15
                  RenderBR {BR} at (104,102) size 0x0
                  RenderTextControl {INPUT} at (2,104) size 125x19 [bgcolor=#FFFFFF] [border: (2px inset #000000)]
                    RenderBlock {DIV} at (105,2) size 0x15
                    RenderBlock {DIV} at (109,2) size 13x15
                  RenderBR {BR} at (129,118) size 0x0
                  RenderTextControl {INPUT} at (2,127) size 125x20 [bgcolor=#FFFFFF] [border: (2px inset #000000)]
                    RenderBlock {DIV} at (3,2) size 119x16
                      RenderBlock {DIV} at (87,0) size 14x14
                    RenderBlock {DIV} at (109,3) size 13x15
                  RenderBR {BR} at (129,149) size 0x0
                  RenderTextControl {INPUT} at (2,151) size 127x21 [bgcolor=#FFFFFF] [border: (2px inset #000000)]
                    RenderBlock {DIV} at (107,2) size 0x17
                    RenderBlock {DIV} at (111,3) size 13x15
                  RenderBR {BR} at (131,166) size 0x0
                  RenderTextControl {INPUT} at (2,176) size 127x21 [bgcolor=#FFFFFF] [border: (2px inset #000000)]
                    RenderBlock {DIV} at (3,1) size 121x18
                      RenderBlock {DIV} at (88,0) size 15x15
                    RenderBlock {DIV} at (111,3) size 13x15
                  RenderBR {BR} at (131,199) size 0x0
                  RenderTextControl {INPUT} at (2,201) size 148x22 [bgcolor=#FFFFFF] [border: (2px inset #000000)]
                    RenderBlock {DIV} at (126,2) size 0x18
                    RenderBlock {DIV} at (130,0) size 15x22
                  RenderBR {BR} at (152,217) size 0x0
                  RenderTextControl {INPUT} at (2,227) size 148x22 [bgcolor=#FFFFFF] [border: (2px inset #000000)]
                    RenderBlock {DIV} at (3,1) size 142x19
                      RenderBlock {DIV} at (106,0) size 16x16
                    RenderBlock {DIV} at (130,0) size 15x22
                  RenderBR {BR} at (152,251) size 0x0
                  RenderTextControl {INPUT} at (2,253) size 150x23 [bgcolor=#FFFFFF] [border: (2px inset #000000)]
                    RenderBlock {DIV} at (128,2) size 0x19
                    RenderBlock {DIV} at (132,1) size 15x22
                  RenderBR {BR} at (154,270) size 0x0
                  RenderTextControl {INPUT} at (2,280) size 150x23 [bgcolor=#FFFFFF] [border: (2px inset #000000)]
                    RenderBlock {DIV} at (3,1) size 144x20
                      RenderBlock {DIV} at (107,0) size 17x17
                    RenderBlock {DIV} at (132,1) size 15x22
                  RenderBR {BR} at (154,305) size 0x0
              RenderTableCell {TD} at (160,3) size 203x305 [r=0 c=1 rs=1 cs=1]
                RenderBlock {DIV} at (1,1) size 201x303
                  RenderTextControl {INPUT} at (2,2) size 170x24 [bgcolor=#FFFFFF] [border: (2px inset #000000)]
                    RenderBlock {DIV} at (148,2) size 0x20
                    RenderBlock {DIV} at (152,1) size 15x22
                  RenderBR {BR} at (174,20) size 0x0
                  RenderTextControl {INPUT} at (2,30) size 170x24 [bgcolor=#FFFFFF] [border: (2px inset #000000)]
                    RenderBlock {DIV} at (3,1) size 164x21
                      RenderBlock {DIV} at (126,0) size 18x18
                    RenderBlock {DIV} at (152,1) size 15x22
                  RenderBR {BR} at (174,56) size 0x0
                  RenderTextControl {INPUT} at (2,58) size 172x24 [bgcolor=#FFFFFF] [border: (2px inset #000000)]
                    RenderBlock {DIV} at (150,2) size 0x20
                    RenderBlock {DIV} at (154,1) size 15x22
                  RenderBR {BR} at (176,76) size 0x0
                  RenderTextControl {INPUT} at (2,86) size 172x26 [bgcolor=#FFFFFF] [border: (2px inset #000000)]
                    RenderBlock {DIV} at (3,1) size 166x23
                      RenderBlock {DIV} at (126,0) size 20x20
                    RenderBlock {DIV} at (154,2) size 15x22
                  RenderBR {BR} at (176,114) size 0x0
                  RenderTextControl {INPUT} at (2,116) size 174x26 [bgcolor=#FFFFFF] [border: (2px inset #000000)]
                    RenderBlock {DIV} at (152,2) size 0x22
                    RenderBlock {DIV} at (156,2) size 15x22
                  RenderBR {BR} at (178,135) size 0x0
                  RenderTextControl {INPUT} at (2,146) size 174x27 [bgcolor=#FFFFFF] [border: (2px inset #000000)]
                    RenderBlock {DIV} at (3,1) size 168x25
                      RenderBlock {DIV} at (127,0) size 21x21
                    RenderBlock {DIV} at (156,3) size 15x22
                  RenderBR {BR} at (178,175) size 0x0
                  RenderTextControl {INPUT} at (2,177) size 195x27 [bgcolor=#FFFFFF] [border: (2px inset #000000)]
                    RenderBlock {DIV} at (169,2) size 0x23
                    RenderBlock {DIV} at (173,0) size 19x27
                  RenderBR {BR} at (199,197) size 0x0
                  RenderTextControl {INPUT} at (2,208) size 195x28 [bgcolor=#FFFFFF] [border: (2px inset #000000)]
                    RenderBlock {DIV} at (3,1) size 189x26
                      RenderBlock {DIV} at (143,0) size 22x22
                    RenderBlock {DIV} at (173,1) size 19x27
                  RenderBR {BR} at (199,238) size 0x0
                  RenderTextControl {INPUT} at (2,240) size 197x28 [bgcolor=#FFFFFF] [border: (2px inset #000000)]
                    RenderBlock {DIV} at (171,2) size 0x24
                    RenderBlock {DIV} at (175,1) size 19x27
                  RenderBR {BR} at (201,261) size 0x0
                  RenderTextControl {INPUT} at (2,272) size 197x29 [bgcolor=#FFFFFF] [border: (2px inset #000000)]
                    RenderBlock {DIV} at (3,1) size 191x27
                      RenderBlock {DIV} at (144,0) size 23x23
                    RenderBlock {DIV} at (175,1) size 19x27
                  RenderBR {BR} at (201,303) size 0x0
              RenderTableCell {TD} at (365,11) size 249x288 [r=0 c=2 rs=1 cs=1]
                RenderBlock {DIV} at (1,1) size 247x286
                  RenderTextControl {INPUT} at (2,2) size 218x29 [bgcolor=#FFFFFF] [border: (2px inset #000000)]
                    RenderBlock {DIV} at (192,2) size 0x25
                    RenderBlock {DIV} at (196,1) size 19x27
                  RenderBR {BR} at (222,24) size 0x0
                  RenderTextControl {INPUT} at (2,35) size 218x31 [bgcolor=#FFFFFF] [border: (2px inset #000000)]
                    RenderBlock {DIV} at (3,1) size 212x29
                      RenderBlock {DIV} at (163,0) size 25x25
                    RenderBlock {DIV} at (196,2) size 19x27
                  RenderBR {BR} at (222,68) size 0x0
                  RenderTextControl {INPUT} at (2,70) size 220x30 [bgcolor=#FFFFFF] [border: (2px inset #000000)]
                    RenderBlock {DIV} at (194,2) size 0x26
                    RenderBlock {DIV} at (198,2) size 19x27
                  RenderBR {BR} at (224,93) size 0x0
                  RenderTextControl {INPUT} at (2,104) size 220x32 [bgcolor=#FFFFFF] [border: (2px inset #000000)]
                    RenderBlock {DIV} at (3,1) size 214x30
                      RenderBlock {DIV} at (164,0) size 26x26
                    RenderBlock {DIV} at (198,3) size 19x27
                  RenderBR {BR} at (224,138) size 0x0
                  RenderTextControl {INPUT} at (2,140) size 241x32 [bgcolor=#FFFFFF] [border: (2px inset #000000)]
                    RenderBlock {DIV} at (215,2) size 0x28
                    RenderBlock {DIV} at (219,3) size 19x27
                  RenderBR {BR} at (245,164) size 0x0
                  RenderTextControl {INPUT} at (2,176) size 241x33 [bgcolor=#FFFFFF] [border: (2px inset #000000)]
                    RenderBlock {DIV} at (3,0) size 235x32
                      RenderBlock {DIV} at (184,0) size 27x27
                    RenderBlock {DIV} at (219,3) size 19x27
                  RenderBR {BR} at (245,211) size 0x0
                  RenderTextControl {INPUT} at (2,213) size 243x33 [bgcolor=#FFFFFF] [border: (2px inset #000000)]
                    RenderBlock {DIV} at (217,2) size 0x29
                    RenderBlock {DIV} at (221,3) size 19x27
                  RenderBR {BR} at (247,238) size 0x0
                  RenderTextControl {INPUT} at (2,250) size 243x34 [bgcolor=#FFFFFF] [border: (2px inset #000000)]
                    RenderBlock {DIV} at (3,0) size 237x33
                      RenderBlock {DIV} at (185,0) size 28x28
                    RenderBlock {DIV} at (221,4) size 19x27
                  RenderBR {BR} at (247,286) size 0x0
layer at (14,48) size 76x10 scrollWidth 154
  RenderBlock {DIV} at (3,3) size 76x10
    RenderText {#text} at (1,0) size 152x10
      text run at (1,0) width 152: "012345678901234567890123456789"
layer at (14,65) size 66x10 scrollWidth 154
  RenderBlock {DIV} at (0,2) size 66x10
    RenderText {#text} at (1,0) size 152x10
      text run at (1,0) width 152: "012345678901234567890123456789"
layer at (14,80) size 78x11 scrollWidth 173
  RenderBlock {DIV} at (3,3) size 78x11
    RenderText {#text} at (1,0) size 171x11
      text run at (1,0) width 171: "012345678901234567890123456789"
layer at (14,98) size 67x11 scrollWidth 173
  RenderBlock {DIV} at (0,2) size 67x11
    RenderText {#text} at (1,0) size 171x11
      text run at (1,0) width 171: "012345678901234567890123456789"
layer at (14,114) size 80x12 scrollWidth 192
  RenderBlock {DIV} at (3,3) size 80x12
    RenderText {#text} at (1,0) size 190x12
      text run at (1,0) width 190: "012345678901234567890123456789"
layer at (14,133) size 68x12 scrollWidth 192
  RenderBlock {DIV} at (0,2) size 68x12
    RenderText {#text} at (1,0) size 190x12
      text run at (1,0) width 190: "012345678901234567890123456789"
layer at (16,152) size 101x13 scrollWidth 211
  RenderBlock {DIV} at (3,3) size 101x13
    RenderText {#text} at (1,0) size 209x13
      text run at (1,0) width 209: "012345678901234567890123456789"
layer at (16,177) size 87x13 scrollWidth 211
  RenderBlock {DIV} at (0,3) size 87x13
    RenderText {#text} at (1,0) size 209x13
      text run at (1,0) width 209: "012345678901234567890123456789"
layer at (16,199) size 103x15 scrollWidth 230
  RenderBlock {DIV} at (3,3) size 103x15
    RenderText {#text} at (1,0) size 228x15
      text run at (1,0) width 228: "012345678901234567890123456789"
layer at (16,225) size 88x15 scrollWidth 230
  RenderBlock {DIV} at (0,3) size 88x15
    RenderText {#text} at (1,0) size 228x15
      text run at (1,0) width 228: "012345678901234567890123456789"
layer at (16,249) size 122x16 scrollWidth 249
  RenderBlock {DIV} at (3,3) size 122x16
    RenderText {#text} at (1,0) size 247x16
      text run at (1,0) width 247: "012345678901234567890123456789"
layer at (16,276) size 106x16 scrollWidth 249
  RenderBlock {DIV} at (0,3) size 106x16
    RenderText {#text} at (1,0) size 247x16
      text run at (1,0) width 247: "012345678901234567890123456789"
layer at (16,301) size 124x17 scrollWidth 268
  RenderBlock {DIV} at (3,3) size 124x17
    RenderText {#text} at (1,0) size 266x17
      text run at (1,0) width 266: "012345678901234567890123456789"
layer at (16,329) size 107x17 scrollWidth 268
  RenderBlock {DIV} at (0,3) size 107x17
    RenderText {#text} at (1,0) size 266x17
      text run at (1,0) width 266: "012345678901234567890123456789"
layer at (174,51) size 144x18 scrollWidth 287
  RenderBlock {DIV} at (3,3) size 144x18
    RenderText {#text} at (1,0) size 285x18
      text run at (1,0) width 285: "012345678901234567890123456789"
layer at (174,80) size 126x18 scrollWidth 287
  RenderBlock {DIV} at (0,3) size 126x18
    RenderText {#text} at (1,0) size 285x18
      text run at (1,0) width 285: "012345678901234567890123456789"
layer at (174,107) size 146x18 scrollWidth 306
  RenderBlock {DIV} at (3,3) size 146x18
    RenderText {#text} at (1,0) size 304x18
      text run at (1,0) width 304: "012345678901234567890123456789"
layer at (174,138) size 126x18 scrollWidth 306
  RenderBlock {DIV} at (0,5) size 126x18
    RenderText {#text} at (1,0) size 304x18
      text run at (1,0) width 304: "012345678901234567890123456789"
layer at (174,165) size 148x20 scrollWidth 325
  RenderBlock {DIV} at (3,3) size 148x20
    RenderText {#text} at (1,0) size 323x20
      text run at (1,0) width 323: "012345678901234567890123456789"
layer at (174,198) size 127x20 scrollWidth 325
  RenderBlock {DIV} at (0,5) size 127x20
    RenderText {#text} at (1,0) size 323x20
      text run at (1,0) width 323: "012345678901234567890123456789"
layer at (174,226) size 165x21 scrollWidth 344
  RenderBlock {DIV} at (3,3) size 165x21
    RenderText {#text} at (1,0) size 342x21
      text run at (1,0) width 342: "012345678901234567890123456789"
layer at (174,260) size 143x21 scrollWidth 344
  RenderBlock {DIV} at (0,5) size 143x21
    RenderText {#text} at (1,0) size 342x21
      text run at (1,0) width 342: "012345678901234567890123456789"
layer at (174,289) size 167x22 scrollWidth 363
  RenderBlock {DIV} at (3,3) size 167x22
    RenderText {#text} at (1,0) size 361x22
      text run at (1,0) width 361: "012345678901234567890123456789"
layer at (174,324) size 144x22 scrollWidth 363
  RenderBlock {DIV} at (0,5) size 144x22
    RenderText {#text} at (1,0) size 361x22
      text run at (1,0) width 361: "012345678901234567890123456789"
layer at (379,59) size 188x23 scrollWidth 382
  RenderBlock {DIV} at (3,3) size 188x23
    RenderText {#text} at (1,0) size 380x23
      text run at (1,0) width 380: "012345678901234567890123456789"
layer at (379,96) size 163x23 scrollWidth 382
  RenderBlock {DIV} at (0,6) size 163x23
    RenderText {#text} at (1,0) size 380x23
      text run at (1,0) width 380: "012345678901234567890123456789"
layer at (379,127) size 190x24 scrollWidth 401
  RenderBlock {DIV} at (3,3) size 190x24
    RenderText {#text} at (1,0) size 399x24
      text run at (1,0) width 399: "012345678901234567890123456789"
layer at (379,165) size 164x24 scrollWidth 401
  RenderBlock {DIV} at (0,6) size 164x24
    RenderText {#text} at (1,0) size 399x24
      text run at (1,0) width 399: "012345678901234567890123456789"
layer at (379,197) size 211x26 scrollWidth 420
  RenderBlock {DIV} at (3,3) size 211x26
    RenderText {#text} at (1,0) size 418x26
      text run at (1,0) width 418: "012345678901234567890123456789"
layer at (379,236) size 184x26 scrollWidth 420
  RenderBlock {DIV} at (0,6) size 184x26
    RenderText {#text} at (1,0) size 418x26
      text run at (1,0) width 418: "012345678901234567890123456789"
layer at (379,270) size 213x27 scrollWidth 439
  RenderBlock {DIV} at (3,3) size 213x27
    RenderText {#text} at (1,0) size 437x27
      text run at (1,0) width 437: "012345678901234567890123456789"
layer at (379,310) size 185x27 scrollWidth 439
  RenderBlock {DIV} at (0,6) size 185x27
    RenderText {#text} at (1,0) size 437x27
      text run at (1,0) width 437: "012345678901234567890123456789"
