layer at (0,0) size 785x6519
  RenderCanvas at (0,0) size 785x600
layer at (0,0) size 785x6519
  RenderBlock {HTML} at (0,0) size 785x6519
    RenderBody {BODY} at (8,21) size 769x6490
      RenderBlock {H1} at (0,0) size 769x37
        RenderText {TEXT} at (0,0) size 299x37
          text run at (0,0) width 299: "XHTML Entities Test"
      RenderBlock {UL} at (0,58) size 769x54
        RenderListItem {LI} at (40,0) size 729x18
          RenderListMarker at (0,0) size 0x14
          RenderInline {A} at (0,0) size 218x18 [color=#0000EE]
            RenderText {TEXT} at (0,0) size 218x18
              text run at (0,0) width 218: "Latin-1 Characters (xhtml-lat1.ent)"
        RenderListItem {LI} at (40,18) size 729x18
          RenderListMarker at (0,0) size 0x14
          RenderInline {A} at (0,0) size 238x18 [color=#0000EE]
            RenderText {TEXT} at (0,0) size 238x18
              text run at (0,0) width 238: "Special Characters (xhtml-special.ent)"
        RenderListItem {LI} at (40,36) size 729x18
          RenderListMarker at (0,0) size 0x14
          RenderInline {A} at (0,0) size 179x18 [color=#0000EE]
            RenderText {TEXT} at (0,0) size 179x18
              text run at (0,0) width 179: "Symbols (xhtml-symbol.ent)"
      RenderBlock {H2} at (0,131) size 769x28
        RenderText {TEXT} at (0,0) size 364x28
          text run at (0,0) width 364: "Latin-1 Characters (xhtml-lat1.ent)"
      RenderBlock (anonymous) at (0,178) size 769x18
        RenderText {TEXT} at (0,0) size 14x18
          text run at (0,0) width 14: "\x{D834}\x{DF0C}"
      RenderTable {TABLE} at (0,196) size 425x2334 [border: (1px outset #808080)]
        RenderTableSection {THEAD} at (1,1) size 0x26
          RenderTableRow {TR} at (0,0) size 0x0
            RenderTableCell {TH} at (2,2) size 56x22 [border: (1px inset #808080)] [r=0 c=0 rs=1 cs=1]
              RenderText {TEXT} at (2,2) size 52x18
                text run at (2,2) width 52: "decimal"
            RenderTableCell {TH} at (60,2) size 88x22 [border: (1px inset #808080)] [r=0 c=1 rs=1 cs=1]
              RenderText {TEXT} at (2,2) size 84x18
                text run at (2,2) width 84: "hexadecimal"
            RenderTableCell {TH} at (150,2) size 83x22 [border: (1px inset #808080)] [r=0 c=2 rs=1 cs=1]
              RenderText {TEXT} at (2,2) size 79x18
                text run at (2,2) width 79: "entity name"
            RenderTableCell {TH} at (235,2) size 57x22 [border: (1px inset #808080)] [r=0 c=3 rs=1 cs=1]
              RenderText {TEXT} at (2,2) size 53x18
                text run at (2,2) width 53: "&#nnn;"
            RenderTableCell {TH} at (294,2) size 65x22 [border: (1px inset #808080)] [r=0 c=4 rs=1 cs=1]
              RenderText {TEXT} at (2,2) size 61x18
                text run at (2,2) width 61: "&#xhhh;"
            RenderTableCell {TH} at (361,2) size 60x22 [border: (1px inset #808080)] [r=0 c=5 rs=1 cs=1]
              RenderText {TEXT} at (2,2) size 56x18
                text run at (2,2) width 56: "&entity;"
        RenderTableSection {TBODY} at (1,27) size 0x2306
          RenderTableRow {TR} at (0,0) size 0x0
            RenderTableCell {TD} at (2,2) size 56x22 [border: (1px inset #808080)] [r=0 c=0 rs=1 cs=1]
              RenderText {TEXT} at (2,2) size 24x18
                text run at (2,2) width 24: "160"
            RenderTableCell {TD} at (60,2) size 88x22 [border: (1px inset #808080)] [r=0 c=1 rs=1 cs=1]
              RenderText {TEXT} at (2,2) size 20x18
                text run at (2,2) width 20: "A0"
            RenderTableCell {TD} at (150,2) size 83x22 [border: (1px inset #808080)] [r=0 c=2 rs=1 cs=1]
              RenderText {TEXT} at (2,2) size 30x18
                text run at (2,2) width 30: "nbsp"
            RenderTableCell {TD} at (235,2) size 57x22 [border: (1px inset #808080)] [r=0 c=3 rs=1 cs=1]
              RenderText {TEXT} at (2,2) size 4x18
                text run at (2,2) width 4: " "
            RenderTableCell {TD} at (294,2) size 65x22 [border: (1px inset #808080)] [r=0 c=4 rs=1 cs=1]
              RenderText {TEXT} at (2,2) size 4x18
                text run at (2,2) width 4: " "
            RenderTableCell {TD} at (361,2) size 60x22 [border: (1px inset #808080)] [r=0 c=5 rs=1 cs=1]
              RenderText {TEXT} at (2,2) size 4x18
                text run at (2,2) width 4: " "
          RenderTableRow {TR} at (0,0) size 0x0
            RenderTableCell {TD} at (2,26) size 56x22 [border: (1px inset #808080)] [r=1 c=0 rs=1 cs=1]
              RenderText {TEXT} at (2,2) size 24x18
                text run at (2,2) width 24: "161"
            RenderTableCell {TD} at (60,26) size 88x22 [border: (1px inset #808080)] [r=1 c=1 rs=1 cs=1]
              RenderText {TEXT} at (2,2) size 20x18
                text run at (2,2) width 20: "A1"
            RenderTableCell {TD} at (150,26) size 83x22 [border: (1px inset #808080)] [r=1 c=2 rs=1 cs=1]
              RenderText {TEXT} at (2,2) size 30x18
                text run at (2,2) width 30: "iexcl"
            RenderTableCell {TD} at (235,26) size 57x22 [border: (1px inset #808080)] [r=1 c=3 rs=1 cs=1]
              RenderText {TEXT} at (2,2) size 5x18
                text run at (2,2) width 5: "\x{A1}"
            RenderTableCell {TD} at (294,26) size 65x22 [border: (1px inset #808080)] [r=1 c=4 rs=1 cs=1]
              RenderText {TEXT} at (2,2) size 5x18
                text run at (2,2) width 5: "\x{A1}"
            RenderTableCell {TD} at (361,26) size 60x22 [border: (1px inset #808080)] [r=1 c=5 rs=1 cs=1]
              RenderText {TEXT} at (2,2) size 5x18
                text run at (2,2) width 5: "\x{A1}"
          RenderTableRow {TR} at (0,0) size 0x0
            RenderTableCell {TD} at (2,50) size 56x22 [border: (1px inset #808080)] [r=2 c=0 rs=1 cs=1]
              RenderText {TEXT} at (2,2) size 24x18
                text run at (2,2) width 24: "162"
            RenderTableCell {TD} at (60,50) size 88x22 [border: (1px inset #808080)] [r=2 c=1 rs=1 cs=1]
              RenderText {TEXT} at (2,2) size 20x18
                text run at (2,2) width 20: "A2"
            RenderTableCell {TD} at (150,50) size 83x22 [border: (1px inset #808080)] [r=2 c=2 rs=1 cs=1]
              RenderText {TEXT} at (2,2) size 26x18
                text run at (2,2) width 26: "cent"
            RenderTableCell {TD} at (235,50) size 57x22 [border: (1px inset #808080)] [r=2 c=3 rs=1 cs=1]
              RenderText {TEXT} at (2,2) size 8x18
                text run at (2,2) width 8: "\x{A2}"
            RenderTableCell {TD} at (294,50) size 65x22 [border: (1px inset #808080)] [r=2 c=4 rs=1 cs=1]
              RenderText {TEXT} at (2,2) size 8x18
                text run at (2,2) width 8: "\x{A2}"
            RenderTableCell {TD} at (361,50) size 60x22 [border: (1px inset #808080)] [r=2 c=5 rs=1 cs=1]
              RenderText {TEXT} at (2,2) size 8x18
                text run at (2,2) width 8: "\x{A2}"
          RenderTableRow {TR} at (0,0) size 0x0
            RenderTableCell {TD} at (2,74) size 56x22 [border: (1px inset #808080)] [r=3 c=0 rs=1 cs=1]
              RenderText {TEXT} at (2,2) size 24x18
                text run at (2,2) width 24: "163"
            RenderTableCell {TD} at (60,74) size 88x22 [border: (1px inset #808080)] [r=3 c=1 rs=1 cs=1]
              RenderText {TEXT} at (2,2) size 20x18
                text run at (2,2) width 20: "A3"
            RenderTableCell {TD} at (150,74) size 83x22 [border: (1px inset #808080)] [r=3 c=2 rs=1 cs=1]
              RenderText {TEXT} at (2,2) size 40x18
                text run at (2,2) width 40: "pound"
            RenderTableCell {TD} at (235,74) size 57x22 [border: (1px inset #808080)] [r=3 c=3 rs=1 cs=1]
              RenderText {TEXT} at (2,2) size 8x18
                text run at (2,2) width 8: "\x{A3}"
            RenderTableCell {TD} at (294,74) size 65x22 [border: (1px inset #808080)] [r=3 c=4 rs=1 cs=1]
              RenderText {TEXT} at (2,2) size 8x18
                text run at (2,2) width 8: "\x{A3}"
            RenderTableCell {TD} at (361,74) size 60x22 [border: (1px inset #808080)] [r=3 c=5 rs=1 cs=1]
              RenderText {TEXT} at (2,2) size 8x18
                text run at (2,2) width 8: "\x{A3}"
          RenderTableRow {TR} at (0,0) size 0x0
            RenderTableCell {TD} at (2,98) size 56x22 [border: (1px inset #808080)] [r=4 c=0 rs=1 cs=1]
              RenderText {TEXT} at (2,2) size 24x18
                text run at (2,2) width 24: "164"
            RenderTableCell {TD} at (60,98) size 88x22 [border: (1px inset #808080)] [r=4 c=1 rs=1 cs=1]
              RenderText {TEXT} at (2,2) size 20x18
                text run at (2,2) width 20: "A4"
            RenderTableCell {TD} at (150,98) size 83x22 [border: (1px inset #808080)] [r=4 c=2 rs=1 cs=1]
              RenderText {TEXT} at (2,2) size 40x18
                text run at (2,2) width 40: "curren"
            RenderTableCell {TD} at (235,98) size 57x22 [border: (1px inset #808080)] [r=4 c=3 rs=1 cs=1]
              RenderText {TEXT} at (2,2) size 8x18
                text run at (2,2) width 8: "\x{A4}"
            RenderTableCell {TD} at (294,98) size 65x22 [border: (1px inset #808080)] [r=4 c=4 rs=1 cs=1]
              RenderText {TEXT} at (2,2) size 8x18
                text run at (2,2) width 8: "\x{A4}"
            RenderTableCell {TD} at (361,98) size 60x22 [border: (1px inset #808080)] [r=4 c=5 rs=1 cs=1]
              RenderText {TEXT} at (2,2) size 8x18
                text run at (2,2) width 8: "\x{A4}"
          RenderTableRow {TR} at (0,0) size 0x0
            RenderTableCell {TD} at (2,122) size 56x22 [border: (1px inset #808080)] [r=5 c=0 rs=1 cs=1]
              RenderText {TEXT} at (2,2) size 24x18
                text run at (2,2) width 24: "165"
            RenderTableCell {TD} at (60,122) size 88x22 [border: (1px inset #808080)] [r=5 c=1 rs=1 cs=1]
              RenderText {TEXT} at (2,2) size 20x18
                text run at (2,2) width 20: "A5"
            RenderTableCell {TD} at (150,122) size 83x22 [border: (1px inset #808080)] [r=5 c=2 rs=1 cs=1]
              RenderText {TEXT} at (2,2) size 23x18
                text run at (2,2) width 23: "yen"
            RenderTableCell {TD} at (235,122) size 57x22 [border: (1px inset #808080)] [r=5 c=3 rs=1 cs=1]
              RenderText {TEXT} at (2,2) size 8x18
                text run at (2,2) width 8: "\x{A5}"
            RenderTableCell {TD} at (294,122) size 65x22 [border: (1px inset #808080)] [r=5 c=4 rs=1 cs=1]
              RenderText {TEXT} at (2,2) size 8x18
                text run at (2,2) width 8: "\x{A5}"
            RenderTableCell {TD} at (361,122) size 60x22 [border: (1px inset #808080)] [r=5 c=5 rs=1 cs=1]
              RenderText {TEXT} at (2,2) size 8x18
                text run at (2,2) width 8: "\x{A5}"
          RenderTableRow {TR} at (0,0) size 0x0
            RenderTableCell {TD} at (2,146) size 56x22 [border: (1px inset #808080)] [r=6 c=0 rs=1 cs=1]
              RenderText {TEXT} at (2,2) size 24x18
                text run at (2,2) width 24: "166"
            RenderTableCell {TD} at (60,146) size 88x22 [border: (1px inset #808080)] [r=6 c=1 rs=1 cs=1]
              RenderText {TEXT} at (2,2) size 20x18
                text run at (2,2) width 20: "A6"
            RenderTableCell {TD} at (150,146) size 83x22 [border: (1px inset #808080)] [r=6 c=2 rs=1 cs=1]
              RenderText {TEXT} at (2,2) size 41x18
                text run at (2,2) width 41: "brvbar"
            RenderTableCell {TD} at (235,146) size 57x22 [border: (1px inset #808080)] [r=6 c=3 rs=1 cs=1]
              RenderText {TEXT} at (2,2) size 3x18
                text run at (2,2) width 3: "\x{A6}"
            RenderTableCell {TD} at (294,146) size 65x22 [border: (1px inset #808080)] [r=6 c=4 rs=1 cs=1]
              RenderText {TEXT} at (2,2) size 3x18
                text run at (2,2) width 3: "\x{A6}"
            RenderTableCell {TD} at (361,146) size 60x22 [border: (1px inset #808080)] [r=6 c=5 rs=1 cs=1]
              RenderText {TEXT} at (2,2) size 3x18
                text run at (2,2) width 3: "\x{A6}"
          RenderTableRow {TR} at (0,0) size 0x0
            RenderTableCell {TD} at (2,170) size 56x22 [border: (1px inset #808080)] [r=7 c=0 rs=1 cs=1]
              RenderText {TEXT} at (2,2) size 24x18
                text run at (2,2) width 24: "167"
            RenderTableCell {TD} at (60,170) size 88x22 [border: (1px inset #808080)] [r=7 c=1 rs=1 cs=1]
              RenderText {TEXT} at (2,2) size 20x18
                text run at (2,2) width 20: "A7"
            RenderTableCell {TD} at (150,170) size 83x22 [border: (1px inset #808080)] [r=7 c=2 rs=1 cs=1]
              RenderText {TEXT} at (2,2) size 24x18
                text run at (2,2) width 24: "sect"
            RenderTableCell {TD} at (235,170) size 57x22 [border: (1px inset #808080)] [r=7 c=3 rs=1 cs=1]
              RenderText {TEXT} at (2,2) size 8x18
                text run at (2,2) width 8: "\x{A7}"
            RenderTableCell {TD} at (294,170) size 65x22 [border: (1px inset #808080)] [r=7 c=4 rs=1 cs=1]
              RenderText {TEXT} at (2,2) size 8x18
                text run at (2,2) width 8: "\x{A7}"
            RenderTableCell {TD} at (361,170) size 60x22 [border: (1px inset #808080)] [r=7 c=5 rs=1 cs=1]
              RenderText {TEXT} at (2,2) size 8x18
                text run at (2,2) width 8: "\x{A7}"
          RenderTableRow {TR} at (0,0) size 0x0
            RenderTableCell {TD} at (2,194) size 56x22 [border: (1px inset #808080)] [r=8 c=0 rs=1 cs=1]
              RenderText {TEXT} at (2,2) size 24x18
                text run at (2,2) width 24: "168"
            RenderTableCell {TD} at (60,194) size 88x22 [border: (1px inset #808080)] [r=8 c=1 rs=1 cs=1]
              RenderText {TEXT} at (2,2) size 20x18
                text run at (2,2) width 20: "A8"
            RenderTableCell {TD} at (150,194) size 83x22 [border: (1px inset #808080)] [r=8 c=2 rs=1 cs=1]
              RenderText {TEXT} at (2,2) size 24x18
                text run at (2,2) width 24: "uml"
            RenderTableCell {TD} at (235,194) size 57x22 [border: (1px inset #808080)] [r=8 c=3 rs=1 cs=1]
              RenderText {TEXT} at (2,2) size 5x18
                text run at (2,2) width 5: "\x{A8}"
            RenderTableCell {TD} at (294,194) size 65x22 [border: (1px inset #808080)] [r=8 c=4 rs=1 cs=1]
              RenderText {TEXT} at (2,2) size 5x18
                text run at (2,2) width 5: "\x{A8}"
            RenderTableCell {TD} at (361,194) size 60x22 [border: (1px inset #808080)] [r=8 c=5 rs=1 cs=1]
              RenderText {TEXT} at (2,2) size 5x18
                text run at (2,2) width 5: "\x{A8}"
          RenderTableRow {TR} at (0,0) size 0x0
            RenderTableCell {TD} at (2,218) size 56x22 [border: (1px inset #808080)] [r=9 c=0 rs=1 cs=1]
              RenderText {TEXT} at (2,2) size 24x18
                text run at (2,2) width 24: "169"
            RenderTableCell {TD} at (60,218) size 88x22 [border: (1px inset #808080)] [r=9 c=1 rs=1 cs=1]
              RenderText {TEXT} at (2,2) size 20x18
                text run at (2,2) width 20: "A9"
            RenderTableCell {TD} at (150,218) size 83x22 [border: (1px inset #808080)] [r=9 c=2 rs=1 cs=1]
              RenderText {TEXT} at (2,2) size 31x18
                text run at (2,2) width 31: "copy"
            RenderTableCell {TD} at (235,218) size 57x22 [border: (1px inset #808080)] [r=9 c=3 rs=1 cs=1]
              RenderText {TEXT} at (2,2) size 12x18
                text run at (2,2) width 12: "\x{A9}"
            RenderTableCell {TD} at (294,218) size 65x22 [border: (1px inset #808080)] [r=9 c=4 rs=1 cs=1]
              RenderText {TEXT} at (2,2) size 12x18
                text run at (2,2) width 12: "\x{A9}"
            RenderTableCell {TD} at (361,218) size 60x22 [border: (1px inset #808080)] [r=9 c=5 rs=1 cs=1]
              RenderText {TEXT} at (2,2) size 12x18
                text run at (2,2) width 12: "\x{A9}"
          RenderTableRow {TR} at (0,0) size 0x0
            RenderTableCell {TD} at (2,242) size 56x22 [border: (1px inset #808080)] [r=10 c=0 rs=1 cs=1]
              RenderText {TEXT} at (2,2) size 24x18
                text run at (2,2) width 24: "170"
            RenderTableCell {TD} at (60,242) size 88x22 [border: (1px inset #808080)] [r=10 c=1 rs=1 cs=1]
              RenderText {TEXT} at (2,2) size 24x18
                text run at (2,2) width 24: "AA"
            RenderTableCell {TD} at (150,242) size 83x22 [border: (1px inset #808080)] [r=10 c=2 rs=1 cs=1]
              RenderText {TEXT} at (2,2) size 26x18
                text run at (2,2) width 26: "ordf"
            RenderTableCell {TD} at (235,242) size 57x22 [border: (1px inset #808080)] [r=10 c=3 rs=1 cs=1]
              RenderText {TEXT} at (2,2) size 4x18
                text run at (2,2) width 4: "\x{AA}"
            RenderTableCell {TD} at (294,242) size 65x22 [border: (1px inset #808080)] [r=10 c=4 rs=1 cs=1]
              RenderText {TEXT} at (2,2) size 4x18
                text run at (2,2) width 4: "\x{AA}"
            RenderTableCell {TD} at (361,242) size 60x22 [border: (1px inset #808080)] [r=10 c=5 rs=1 cs=1]
              RenderText {TEXT} at (2,2) size 4x18
                text run at (2,2) width 4: "\x{AA}"
          RenderTableRow {TR} at (0,0) size 0x0
            RenderTableCell {TD} at (2,266) size 56x22 [border: (1px inset #808080)] [r=11 c=0 rs=1 cs=1]
              RenderText {TEXT} at (2,2) size 24x18
                text run at (2,2) width 24: "171"
            RenderTableCell {TD} at (60,266) size 88x22 [border: (1px inset #808080)] [r=11 c=1 rs=1 cs=1]
              RenderText {TEXT} at (2,2) size 23x18
                text run at (2,2) width 23: "AB"
            RenderTableCell {TD} at (150,266) size 83x22 [border: (1px inset #808080)] [r=11 c=2 rs=1 cs=1]
              RenderText {TEXT} at (2,2) size 35x18
                text run at (2,2) width 35: "laquo"
            RenderTableCell {TD} at (235,266) size 57x22 [border: (1px inset #808080)] [r=11 c=3 rs=1 cs=1]
              RenderText {TEXT} at (2,2) size 8x18
                text run at (2,2) width 8: "\x{AB}"
            RenderTableCell {TD} at (294,266) size 65x22 [border: (1px inset #808080)] [r=11 c=4 rs=1 cs=1]
              RenderText {TEXT} at (2,2) size 8x18
                text run at (2,2) width 8: "\x{AB}"
            RenderTableCell {TD} at (361,266) size 60x22 [border: (1px inset #808080)] [r=11 c=5 rs=1 cs=1]
              RenderText {TEXT} at (2,2) size 8x18
                text run at (2,2) width 8: "\x{AB}"
          RenderTableRow {TR} at (0,0) size 0x0
            RenderTableCell {TD} at (2,290) size 56x22 [border: (1px inset #808080)] [r=12 c=0 rs=1 cs=1]
              RenderText {TEXT} at (2,2) size 24x18
                text run at (2,2) width 24: "172"
            RenderTableCell {TD} at (60,290) size 88x22 [border: (1px inset #808080)] [r=12 c=1 rs=1 cs=1]
              RenderText {TEXT} at (2,2) size 23x18
                text run at (2,2) width 23: "AC"
            RenderTableCell {TD} at (150,290) size 83x22 [border: (1px inset #808080)] [r=12 c=2 rs=1 cs=1]
              RenderText {TEXT} at (2,2) size 20x18
                text run at (2,2) width 20: "not"
            RenderTableCell {TD} at (235,290) size 57x22 [border: (1px inset #808080)] [r=12 c=3 rs=1 cs=1]
              RenderText {TEXT} at (2,2) size 9x18
                text run at (2,2) width 9: "\x{AC}"
            RenderTableCell {TD} at (294,290) size 65x22 [border: (1px inset #808080)] [r=12 c=4 rs=1 cs=1]
              RenderText {TEXT} at (2,2) size 9x18
                text run at (2,2) width 9: "\x{AC}"
            RenderTableCell {TD} at (361,290) size 60x22 [border: (1px inset #808080)] [r=12 c=5 rs=1 cs=1]
              RenderText {TEXT} at (2,2) size 9x18
                text run at (2,2) width 9: "\x{AC}"
          RenderTableRow {TR} at (0,0) size 0x0
            RenderTableCell {TD} at (2,314) size 56x22 [border: (1px inset #808080)] [r=13 c=0 rs=1 cs=1]
              RenderText {TEXT} at (2,2) size 24x18
                text run at (2,2) width 24: "173"
            RenderTableCell {TD} at (60,314) size 88x22 [border: (1px inset #808080)] [r=13 c=1 rs=1 cs=1]
              RenderText {TEXT} at (2,2) size 24x18
                text run at (2,2) width 24: "AD"
            RenderTableCell {TD} at (150,314) size 83x22 [border: (1px inset #808080)] [r=13 c=2 rs=1 cs=1]
              RenderText {TEXT} at (2,2) size 22x18
                text run at (2,2) width 22: "shy"
            RenderTableCell {TD} at (235,323) size 57x4 [border: (1px inset #808080)] [r=13 c=3 rs=1 cs=1]
              RenderText {TEXT} at (0,0) size 0x0
            RenderTableCell {TD} at (294,323) size 65x4 [border: (1px inset #808080)] [r=13 c=4 rs=1 cs=1]
              RenderText {TEXT} at (0,0) size 0x0
            RenderTableCell {TD} at (361,323) size 60x4 [border: (1px inset #808080)] [r=13 c=5 rs=1 cs=1]
              RenderText {TEXT} at (0,0) size 0x0
          RenderTableRow {TR} at (0,0) size 0x0
            RenderTableCell {TD} at (2,338) size 56x22 [border: (1px inset #808080)] [r=14 c=0 rs=1 cs=1]
              RenderText {TEXT} at (2,2) size 24x18
                text run at (2,2) width 24: "174"
            RenderTableCell {TD} at (60,338) size 88x22 [border: (1px inset #808080)] [r=14 c=1 rs=1 cs=1]
              RenderText {TEXT} at (2,2) size 22x18
                text run at (2,2) width 22: "AE"
            RenderTableCell {TD} at (150,338) size 83x22 [border: (1px inset #808080)] [r=14 c=2 rs=1 cs=1]
              RenderText {TEXT} at (2,2) size 20x18
                text run at (2,2) width 20: "reg"
            RenderTableCell {TD} at (235,338) size 57x22 [border: (1px inset #808080)] [r=14 c=3 rs=1 cs=1]
              RenderText {TEXT} at (2,2) size 12x18
                text run at (2,2) width 12: "\x{AE}"
            RenderTableCell {TD} at (294,338) size 65x22 [border: (1px inset #808080)] [r=14 c=4 rs=1 cs=1]
              RenderText {TEXT} at (2,2) size 12x18
                text run at (2,2) width 12: "\x{AE}"
            RenderTableCell {TD} at (361,338) size 60x22 [border: (1px inset #808080)] [r=14 c=5 rs=1 cs=1]
              RenderText {TEXT} at (2,2) size 12x18
                text run at (2,2) width 12: "\x{AE}"
          RenderTableRow {TR} at (0,0) size 0x0
            RenderTableCell {TD} at (2,362) size 56x22 [border: (1px inset #808080)] [r=15 c=0 rs=1 cs=1]
              RenderText {TEXT} at (2,2) size 24x18
                text run at (2,2) width 24: "175"
            RenderTableCell {TD} at (60,362) size 88x22 [border: (1px inset #808080)] [r=15 c=1 rs=1 cs=1]
              RenderText {TEXT} at (2,2) size 21x18
                text run at (2,2) width 21: "AF"
            RenderTableCell {TD} at (150,362) size 83x22 [border: (1px inset #808080)] [r=15 c=2 rs=1 cs=1]
              RenderText {TEXT} at (2,2) size 31x18
                text run at (2,2) width 31: "macr"
            RenderTableCell {TD} at (235,362) size 57x22 [border: (1px inset #808080)] [r=15 c=3 rs=1 cs=1]
              RenderText {TEXT} at (2,2) size 5x18
                text run at (2,2) width 5: "\x{AF}"
            RenderTableCell {TD} at (294,362) size 65x22 [border: (1px inset #808080)] [r=15 c=4 rs=1 cs=1]
              RenderText {TEXT} at (2,2) size 5x18
                text run at (2,2) width 5: "\x{AF}"
            RenderTableCell {TD} at (361,362) size 60x22 [border: (1px inset #808080)] [r=15 c=5 rs=1 cs=1]
              RenderText {TEXT} at (2,2) size 5x18
                text run at (2,2) width 5: "\x{AF}"
          RenderTableRow {TR} at (0,0) size 0x0
            RenderTableCell {TD} at (2,386) size 56x22 [border: (1px inset #808080)] [r=16 c=0 rs=1 cs=1]
              RenderText {TEXT} at (2,2) size 24x18
                text run at (2,2) width 24: "176"
            RenderTableCell {TD} at (60,386) size 88x22 [border: (1px inset #808080)] [r=16 c=1 rs=1 cs=1]
              RenderText {TEXT} at (2,2) size 19x18
                text run at (2,2) width 19: "B0"
            RenderTableCell {TD} at (150,386) size 83x22 [border: (1px inset #808080)] [r=16 c=2 rs=1 cs=1]
              RenderText {TEXT} at (2,2) size 23x18
                text run at (2,2) width 23: "deg"
            RenderTableCell {TD} at (235,386) size 57x22 [border: (1px inset #808080)] [r=16 c=3 rs=1 cs=1]
              RenderText {TEXT} at (2,2) size 6x18
                text run at (2,2) width 6: "\x{B0}"
            RenderTableCell {TD} at (294,386) size 65x22 [border: (1px inset #808080)] [r=16 c=4 rs=1 cs=1]
              RenderText {TEXT} at (2,2) size 6x18
                text run at (2,2) width 6: "\x{B0}"
            RenderTableCell {TD} at (361,386) size 60x22 [border: (1px inset #808080)] [r=16 c=5 rs=1 cs=1]
              RenderText {TEXT} at (2,2) size 6x18
                text run at (2,2) width 6: "\x{B0}"
          RenderTableRow {TR} at (0,0) size 0x0
            RenderTableCell {TD} at (2,410) size 56x22 [border: (1px inset #808080)] [r=17 c=0 rs=1 cs=1]
              RenderText {TEXT} at (2,2) size 24x18
                text run at (2,2) width 24: "177"
            RenderTableCell {TD} at (60,410) size 88x22 [border: (1px inset #808080)] [r=17 c=1 rs=1 cs=1]
              RenderText {TEXT} at (2,2) size 19x18
                text run at (2,2) width 19: "B1"
            RenderTableCell {TD} at (150,410) size 83x22 [border: (1px inset #808080)] [r=17 c=2 rs=1 cs=1]
              RenderText {TEXT} at (2,2) size 46x18
                text run at (2,2) width 46: "plusmn"
            RenderTableCell {TD} at (235,410) size 57x22 [border: (1px inset #808080)] [r=17 c=3 rs=1 cs=1]
              RenderText {TEXT} at (2,2) size 9x18
                text run at (2,2) width 9: "\x{B1}"
            RenderTableCell {TD} at (294,410) size 65x22 [border: (1px inset #808080)] [r=17 c=4 rs=1 cs=1]
              RenderText {TEXT} at (2,2) size 9x18
                text run at (2,2) width 9: "\x{B1}"
            RenderTableCell {TD} at (361,410) size 60x22 [border: (1px inset #808080)] [r=17 c=5 rs=1 cs=1]
              RenderText {TEXT} at (2,2) size 9x18
                text run at (2,2) width 9: "\x{B1}"
          RenderTableRow {TR} at (0,0) size 0x0
            RenderTableCell {TD} at (2,434) size 56x22 [border: (1px inset #808080)] [r=18 c=0 rs=1 cs=1]
              RenderText {TEXT} at (2,2) size 24x18
                text run at (2,2) width 24: "178"
            RenderTableCell {TD} at (60,434) size 88x22 [border: (1px inset #808080)] [r=18 c=1 rs=1 cs=1]
              RenderText {TEXT} at (2,2) size 19x18
                text run at (2,2) width 19: "B2"
            RenderTableCell {TD} at (150,434) size 83x22 [border: (1px inset #808080)] [r=18 c=2 rs=1 cs=1]
              RenderText {TEXT} at (2,2) size 30x18
                text run at (2,2) width 30: "sup2"
            RenderTableCell {TD} at (235,434) size 57x22 [border: (1px inset #808080)] [r=18 c=3 rs=1 cs=1]
              RenderText {TEXT} at (2,2) size 5x18
                text run at (2,2) width 5: "\x{B2}"
            RenderTableCell {TD} at (294,434) size 65x22 [border: (1px inset #808080)] [r=18 c=4 rs=1 cs=1]
              RenderText {TEXT} at (2,2) size 5x18
                text run at (2,2) width 5: "\x{B2}"
            RenderTableCell {TD} at (361,434) size 60x22 [border: (1px inset #808080)] [r=18 c=5 rs=1 cs=1]
              RenderText {TEXT} at (2,2) size 5x18
                text run at (2,2) width 5: "\x{B2}"
          RenderTableRow {TR} at (0,0) size 0x0
            RenderTableCell {TD} at (2,458) size 56x22 [border: (1px inset #808080)] [r=19 c=0 rs=1 cs=1]
              RenderText {TEXT} at (2,2) size 24x18
                text run at (2,2) width 24: "179"
            RenderTableCell {TD} at (60,458) size 88x22 [border: (1px inset #808080)] [r=19 c=1 rs=1 cs=1]
              RenderText {TEXT} at (2,2) size 19x18
                text run at (2,2) width 19: "B3"
            RenderTableCell {TD} at (150,458) size 83x22 [border: (1px inset #808080)] [r=19 c=2 rs=1 cs=1]
              RenderText {TEXT} at (2,2) size 30x18
                text run at (2,2) width 30: "sup3"
            RenderTableCell {TD} at (235,458) size 57x22 [border: (1px inset #808080)] [r=19 c=3 rs=1 cs=1]
              RenderText {TEXT} at (2,2) size 5x18
                text run at (2,2) width 5: "\x{B3}"
            RenderTableCell {TD} at (294,458) size 65x22 [border: (1px inset #808080)] [r=19 c=4 rs=1 cs=1]
              RenderText {TEXT} at (2,2) size 5x18
                text run at (2,2) width 5: "\x{B3}"
            RenderTableCell {TD} at (361,458) size 60x22 [border: (1px inset #808080)] [r=19 c=5 rs=1 cs=1]
              RenderText {TEXT} at (2,2) size 5x18
                text run at (2,2) width 5: "\x{B3}"
          RenderTableRow {TR} at (0,0) size 0x0
            RenderTableCell {TD} at (2,482) size 56x22 [border: (1px inset #808080)] [r=20 c=0 rs=1 cs=1]
              RenderText {TEXT} at (2,2) size 24x18
                text run at (2,2) width 24: "180"
            RenderTableCell {TD} at (60,482) size 88x22 [border: (1px inset #808080)] [r=20 c=1 rs=1 cs=1]
              RenderText {TEXT} at (2,2) size 19x18
                text run at (2,2) width 19: "B4"
            RenderTableCell {TD} at (150,482) size 83x22 [border: (1px inset #808080)] [r=20 c=2 rs=1 cs=1]
              RenderText {TEXT} at (2,2) size 33x18
                text run at (2,2) width 33: "acute"
            RenderTableCell {TD} at (235,482) size 57x22 [border: (1px inset #808080)] [r=20 c=3 rs=1 cs=1]
              RenderText {TEXT} at (2,2) size 5x18
                text run at (2,2) width 5: "\x{B4}"
            RenderTableCell {TD} at (294,482) size 65x22 [border: (1px inset #808080)] [r=20 c=4 rs=1 cs=1]
              RenderText {TEXT} at (2,2) size 5x18
                text run at (2,2) width 5: "\x{B4}"
            RenderTableCell {TD} at (361,482) size 60x22 [border: (1px inset #808080)] [r=20 c=5 rs=1 cs=1]
              RenderText {TEXT} at (2,2) size 5x18
                text run at (2,2) width 5: "\x{B4}"
          RenderTableRow {TR} at (0,0) size 0x0
            RenderTableCell {TD} at (2,506) size 56x22 [border: (1px inset #808080)] [r=21 c=0 rs=1 cs=1]
              RenderText {TEXT} at (2,2) size 24x18
                text run at (2,2) width 24: "181"
            RenderTableCell {TD} at (60,506) size 88x22 [border: (1px inset #808080)] [r=21 c=1 rs=1 cs=1]
              RenderText {TEXT} at (2,2) size 19x18
                text run at (2,2) width 19: "B5"
            RenderTableCell {TD} at (150,506) size 83x22 [border: (1px inset #808080)] [r=21 c=2 rs=1 cs=1]
              RenderText {TEXT} at (2,2) size 36x18
                text run at (2,2) width 36: "micro"
            RenderTableCell {TD} at (235,506) size 57x22 [border: (1px inset #808080)] [r=21 c=3 rs=1 cs=1]
              RenderText {TEXT} at (2,2) size 9x18
                text run at (2,2) width 9: "\x{B5}"
            RenderTableCell {TD} at (294,506) size 65x22 [border: (1px inset #808080)] [r=21 c=4 rs=1 cs=1]
              RenderText {TEXT} at (2,2) size 9x18
                text run at (2,2) width 9: "\x{B5}"
            RenderTableCell {TD} at (361,506) size 60x22 [border: (1px inset #808080)] [r=21 c=5 rs=1 cs=1]
              RenderText {TEXT} at (2,2) size 9x18
                text run at (2,2) width 9: "\x{B5}"
          RenderTableRow {TR} at (0,0) size 0x0
            RenderTableCell {TD} at (2,530) size 56x22 [border: (1px inset #808080)] [r=22 c=0 rs=1 cs=1]
              RenderText {TEXT} at (2,2) size 24x18
                text run at (2,2) width 24: "182"
            RenderTableCell {TD} at (60,530) size 88x22 [border: (1px inset #808080)] [r=22 c=1 rs=1 cs=1]
              RenderText {TEXT} at (2,2) size 19x18
                text run at (2,2) width 19: "B6"
            RenderTableCell {TD} at (150,530) size 83x22 [border: (1px inset #808080)] [r=22 c=2 rs=1 cs=1]
              RenderText {TEXT} at (2,2) size 27x18
                text run at (2,2) width 27: "para"
            RenderTableCell {TD} at (235,530) size 57x22 [border: (1px inset #808080)] [r=22 c=3 rs=1 cs=1]
              RenderText {TEXT} at (2,2) size 7x18
                text run at (2,2) width 7: "\x{B6}"
            RenderTableCell {TD} at (294,530) size 65x22 [border: (1px inset #808080)] [r=22 c=4 rs=1 cs=1]
              RenderText {TEXT} at (2,2) size 7x18
                text run at (2,2) width 7: "\x{B6}"
            RenderTableCell {TD} at (361,530) size 60x22 [border: (1px inset #808080)] [r=22 c=5 rs=1 cs=1]
              RenderText {TEXT} at (2,2) size 7x18
                text run at (2,2) width 7: "\x{B6}"
          RenderTableRow {TR} at (0,0) size 0x0
            RenderTableCell {TD} at (2,554) size 56x22 [border: (1px inset #808080)] [r=23 c=0 rs=1 cs=1]
              RenderText {TEXT} at (2,2) size 24x18
                text run at (2,2) width 24: "183"
            RenderTableCell {TD} at (60,554) size 88x22 [border: (1px inset #808080)] [r=23 c=1 rs=1 cs=1]
              RenderText {TEXT} at (2,2) size 19x18
                text run at (2,2) width 19: "B7"
            RenderTableCell {TD} at (150,554) size 83x22 [border: (1px inset #808080)] [r=23 c=2 rs=1 cs=1]
              RenderText {TEXT} at (2,2) size 44x18
                text run at (2,2) width 44: "middot"
            RenderTableCell {TD} at (235,554) size 57x22 [border: (1px inset #808080)] [r=23 c=3 rs=1 cs=1]
              RenderText {TEXT} at (2,2) size 4x18
                text run at (2,2) width 4: "\x{B7}"
            RenderTableCell {TD} at (294,554) size 65x22 [border: (1px inset #808080)] [r=23 c=4 rs=1 cs=1]
              RenderText {TEXT} at (2,2) size 4x18
                text run at (2,2) width 4: "\x{B7}"
            RenderTableCell {TD} at (361,554) size 60x22 [border: (1px inset #808080)] [r=23 c=5 rs=1 cs=1]
              RenderText {TEXT} at (2,2) size 4x18
                text run at (2,2) width 4: "\x{B7}"
          RenderTableRow {TR} at (0,0) size 0x0
            RenderTableCell {TD} at (2,578) size 56x22 [border: (1px inset #808080)] [r=24 c=0 rs=1 cs=1]
              RenderText {TEXT} at (2,2) size 24x18
                text run at (2,2) width 24: "184"
            RenderTableCell {TD} at (60,578) size 88x22 [border: (1px inset #808080)] [r=24 c=1 rs=1 cs=1]
              RenderText {TEXT} at (2,2) size 19x18
                text run at (2,2) width 19: "B8"
            RenderTableCell {TD} at (150,578) size 83x22 [border: (1px inset #808080)] [r=24 c=2 rs=1 cs=1]
              RenderText {TEXT} at (2,2) size 30x18
                text run at (2,2) width 30: "cedil"
            RenderTableCell {TD} at (235,578) size 57x22 [border: (1px inset #808080)] [r=24 c=3 rs=1 cs=1]
              RenderText {TEXT} at (2,2) size 5x18
                text run at (2,2) width 5: "\x{B8}"
            RenderTableCell {TD} at (294,578) size 65x22 [border: (1px inset #808080)] [r=24 c=4 rs=1 cs=1]
              RenderText {TEXT} at (2,2) size 5x18
                text run at (2,2) width 5: "\x{B8}"
            RenderTableCell {TD} at (361,578) size 60x22 [border: (1px inset #808080)] [r=24 c=5 rs=1 cs=1]
              RenderText {TEXT} at (2,2) size 5x18
                text run at (2,2) width 5: "\x{B8}"
          RenderTableRow {TR} at (0,0) size 0x0
            RenderTableCell {TD} at (2,602) size 56x22 [border: (1px inset #808080)] [r=25 c=0 rs=1 cs=1]
              RenderText {TEXT} at (2,2) size 24x18
                text run at (2,2) width 24: "185"
            RenderTableCell {TD} at (60,602) size 88x22 [border: (1px inset #808080)] [r=25 c=1 rs=1 cs=1]
              RenderText {TEXT} at (2,2) size 19x18
                text run at (2,2) width 19: "B9"
            RenderTableCell {TD} at (150,602) size 83x22 [border: (1px inset #808080)] [r=25 c=2 rs=1 cs=1]
              RenderText {TEXT} at (2,2) size 30x18
                text run at (2,2) width 30: "sup1"
            RenderTableCell {TD} at (235,602) size 57x22 [border: (1px inset #808080)] [r=25 c=3 rs=1 cs=1]
              RenderText {TEXT} at (2,2) size 5x18
                text run at (2,2) width 5: "\x{B9}"
            RenderTableCell {TD} at (294,602) size 65x22 [border: (1px inset #808080)] [r=25 c=4 rs=1 cs=1]
              RenderText {TEXT} at (2,2) size 5x18
                text run at (2,2) width 5: "\x{B9}"
            RenderTableCell {TD} at (361,602) size 60x22 [border: (1px inset #808080)] [r=25 c=5 rs=1 cs=1]
              RenderText {TEXT} at (2,2) size 5x18
                text run at (2,2) width 5: "\x{B9}"
          RenderTableRow {TR} at (0,0) size 0x0
            RenderTableCell {TD} at (2,626) size 56x22 [border: (1px inset #808080)] [r=26 c=0 rs=1 cs=1]
              RenderText {TEXT} at (2,2) size 24x18
                text run at (2,2) width 24: "186"
            RenderTableCell {TD} at (60,626) size 88x22 [border: (1px inset #808080)] [r=26 c=1 rs=1 cs=1]
              RenderText {TEXT} at (2,2) size 23x18
                text run at (2,2) width 23: "BA"
            RenderTableCell {TD} at (150,626) size 83x22 [border: (1px inset #808080)] [r=26 c=2 rs=1 cs=1]
              RenderText {TEXT} at (2,2) size 33x18
                text run at (2,2) width 33: "ordm"
            RenderTableCell {TD} at (235,626) size 57x22 [border: (1px inset #808080)] [r=26 c=3 rs=1 cs=1]
              RenderText {TEXT} at (2,2) size 5x18
                text run at (2,2) width 5: "\x{BA}"
            RenderTableCell {TD} at (294,626) size 65x22 [border: (1px inset #808080)] [r=26 c=4 rs=1 cs=1]
              RenderText {TEXT} at (2,2) size 5x18
                text run at (2,2) width 5: "\x{BA}"
            RenderTableCell {TD} at (361,626) size 60x22 [border: (1px inset #808080)] [r=26 c=5 rs=1 cs=1]
              RenderText {TEXT} at (2,2) size 5x18
                text run at (2,2) width 5: "\x{BA}"
          RenderTableRow {TR} at (0,0) size 0x0
            RenderTableCell {TD} at (2,650) size 56x22 [border: (1px inset #808080)] [r=27 c=0 rs=1 cs=1]
              RenderText {TEXT} at (2,2) size 24x18
                text run at (2,2) width 24: "187"
            RenderTableCell {TD} at (60,650) size 88x22 [border: (1px inset #808080)] [r=27 c=1 rs=1 cs=1]
              RenderText {TEXT} at (2,2) size 22x18
                text run at (2,2) width 22: "BB"
            RenderTableCell {TD} at (150,650) size 83x22 [border: (1px inset #808080)] [r=27 c=2 rs=1 cs=1]
              RenderText {TEXT} at (2,2) size 36x18
                text run at (2,2) width 36: "raquo"
            RenderTableCell {TD} at (235,650) size 57x22 [border: (1px inset #808080)] [r=27 c=3 rs=1 cs=1]
              RenderText {TEXT} at (2,2) size 8x18
                text run at (2,2) width 8: "\x{BB}"
            RenderTableCell {TD} at (294,650) size 65x22 [border: (1px inset #808080)] [r=27 c=4 rs=1 cs=1]
              RenderText {TEXT} at (2,2) size 8x18
                text run at (2,2) width 8: "\x{BB}"
            RenderTableCell {TD} at (361,650) size 60x22 [border: (1px inset #808080)] [r=27 c=5 rs=1 cs=1]
              RenderText {TEXT} at (2,2) size 8x18
                text run at (2,2) width 8: "\x{BB}"
          RenderTableRow {TR} at (0,0) size 0x0
            RenderTableCell {TD} at (2,674) size 56x22 [border: (1px inset #808080)] [r=28 c=0 rs=1 cs=1]
              RenderText {TEXT} at (2,2) size 24x18
                text run at (2,2) width 24: "188"
            RenderTableCell {TD} at (60,674) size 88x22 [border: (1px inset #808080)] [r=28 c=1 rs=1 cs=1]
              RenderText {TEXT} at (2,2) size 22x18
                text run at (2,2) width 22: "BC"
            RenderTableCell {TD} at (150,674) size 83x22 [border: (1px inset #808080)] [r=28 c=2 rs=1 cs=1]
              RenderText {TEXT} at (2,2) size 40x18
                text run at (2,2) width 40: "frac14"
            RenderTableCell {TD} at (235,674) size 57x22 [border: (1px inset #808080)] [r=28 c=3 rs=1 cs=1]
              RenderText {TEXT} at (2,2) size 12x18
                text run at (2,2) width 12: "\x{BC}"
            RenderTableCell {TD} at (294,674) size 65x22 [border: (1px inset #808080)] [r=28 c=4 rs=1 cs=1]
              RenderText {TEXT} at (2,2) size 12x18
                text run at (2,2) width 12: "\x{BC}"
            RenderTableCell {TD} at (361,674) size 60x22 [border: (1px inset #808080)] [r=28 c=5 rs=1 cs=1]
              RenderText {TEXT} at (2,2) size 12x18
                text run at (2,2) width 12: "\x{BC}"
          RenderTableRow {TR} at (0,0) size 0x0
            RenderTableCell {TD} at (2,698) size 56x22 [border: (1px inset #808080)] [r=29 c=0 rs=1 cs=1]
              RenderText {TEXT} at (2,2) size 24x18
                text run at (2,2) width 24: "189"
            RenderTableCell {TD} at (60,698) size 88x22 [border: (1px inset #808080)] [r=29 c=1 rs=1 cs=1]
              RenderText {TEXT} at (2,2) size 23x18
                text run at (2,2) width 23: "BD"
            RenderTableCell {TD} at (150,698) size 83x22 [border: (1px inset #808080)] [r=29 c=2 rs=1 cs=1]
              RenderText {TEXT} at (2,2) size 40x18
                text run at (2,2) width 40: "frac12"
            RenderTableCell {TD} at (235,698) size 57x22 [border: (1px inset #808080)] [r=29 c=3 rs=1 cs=1]
              RenderText {TEXT} at (2,2) size 12x18
                text run at (2,2) width 12: "\x{BD}"
            RenderTableCell {TD} at (294,698) size 65x22 [border: (1px inset #808080)] [r=29 c=4 rs=1 cs=1]
              RenderText {TEXT} at (2,2) size 12x18
                text run at (2,2) width 12: "\x{BD}"
            RenderTableCell {TD} at (361,698) size 60x22 [border: (1px inset #808080)] [r=29 c=5 rs=1 cs=1]
              RenderText {TEXT} at (2,2) size 12x18
                text run at (2,2) width 12: "\x{BD}"
          RenderTableRow {TR} at (0,0) size 0x0
            RenderTableCell {TD} at (2,722) size 56x22 [border: (1px inset #808080)] [r=30 c=0 rs=1 cs=1]
              RenderText {TEXT} at (2,2) size 24x18
                text run at (2,2) width 24: "190"
            RenderTableCell {TD} at (60,722) size 88x22 [border: (1px inset #808080)] [r=30 c=1 rs=1 cs=1]
              RenderText {TEXT} at (2,2) size 21x18
                text run at (2,2) width 21: "BE"
            RenderTableCell {TD} at (150,722) size 83x22 [border: (1px inset #808080)] [r=30 c=2 rs=1 cs=1]
              RenderText {TEXT} at (2,2) size 40x18
                text run at (2,2) width 40: "frac34"
            RenderTableCell {TD} at (235,722) size 57x22 [border: (1px inset #808080)] [r=30 c=3 rs=1 cs=1]
              RenderText {TEXT} at (2,2) size 12x18
                text run at (2,2) width 12: "\x{BE}"
            RenderTableCell {TD} at (294,722) size 65x22 [border: (1px inset #808080)] [r=30 c=4 rs=1 cs=1]
              RenderText {TEXT} at (2,2) size 12x18
                text run at (2,2) width 12: "\x{BE}"
            RenderTableCell {TD} at (361,722) size 60x22 [border: (1px inset #808080)] [r=30 c=5 rs=1 cs=1]
              RenderText {TEXT} at (2,2) size 12x18
                text run at (2,2) width 12: "\x{BE}"
          RenderTableRow {TR} at (0,0) size 0x0
            RenderTableCell {TD} at (2,746) size 56x22 [border: (1px inset #808080)] [r=31 c=0 rs=1 cs=1]
              RenderText {TEXT} at (2,2) size 24x18
                text run at (2,2) width 24: "191"
            RenderTableCell {TD} at (60,746) size 88x22 [border: (1px inset #808080)] [r=31 c=1 rs=1 cs=1]
              RenderText {TEXT} at (2,2) size 20x18
                text run at (2,2) width 20: "BF"
            RenderTableCell {TD} at (150,746) size 83x22 [border: (1px inset #808080)] [r=31 c=2 rs=1 cs=1]
              RenderText {TEXT} at (2,2) size 37x18
                text run at (2,2) width 37: "iquest"
            RenderTableCell {TD} at (235,746) size 57x22 [border: (1px inset #808080)] [r=31 c=3 rs=1 cs=1]
              RenderText {TEXT} at (2,2) size 7x18
                text run at (2,2) width 7: "\x{BF}"
            RenderTableCell {TD} at (294,746) size 65x22 [border: (1px inset #808080)] [r=31 c=4 rs=1 cs=1]
              RenderText {TEXT} at (2,2) size 7x18
                text run at (2,2) width 7: "\x{BF}"
            RenderTableCell {TD} at (361,746) size 60x22 [border: (1px inset #808080)] [r=31 c=5 rs=1 cs=1]
              RenderText {TEXT} at (2,2) size 7x18
                text run at (2,2) width 7: "\x{BF}"
          RenderTableRow {TR} at (0,0) size 0x0
            RenderTableCell {TD} at (2,770) size 56x22 [border: (1px inset #808080)] [r=32 c=0 rs=1 cs=1]
              RenderText {TEXT} at (2,2) size 24x18
                text run at (2,2) width 24: "192"
            RenderTableCell {TD} at (60,770) size 88x22 [border: (1px inset #808080)] [r=32 c=1 rs=1 cs=1]
              RenderText {TEXT} at (2,2) size 19x18
                text run at (2,2) width 19: "C0"
            RenderTableCell {TD} at (150,770) size 83x22 [border: (1px inset #808080)] [r=32 c=2 rs=1 cs=1]
              RenderText {TEXT} at (2,2) size 47x18
                text run at (2,2) width 47: "Agrave"
            RenderTableCell {TD} at (235,770) size 57x22 [border: (1px inset #808080)] [r=32 c=3 rs=1 cs=1]
              RenderText {TEXT} at (2,2) size 12x18
                text run at (2,2) width 12: "\x{C0}"
            RenderTableCell {TD} at (294,770) size 65x22 [border: (1px inset #808080)] [r=32 c=4 rs=1 cs=1]
              RenderText {TEXT} at (2,2) size 12x18
                text run at (2,2) width 12: "\x{C0}"
            RenderTableCell {TD} at (361,770) size 60x22 [border: (1px inset #808080)] [r=32 c=5 rs=1 cs=1]
              RenderText {TEXT} at (2,2) size 12x18
                text run at (2,2) width 12: "\x{C0}"
          RenderTableRow {TR} at (0,0) size 0x0
            RenderTableCell {TD} at (2,794) size 56x22 [border: (1px inset #808080)] [r=33 c=0 rs=1 cs=1]
              RenderText {TEXT} at (2,2) size 24x18
                text run at (2,2) width 24: "193"
            RenderTableCell {TD} at (60,794) size 88x22 [border: (1px inset #808080)] [r=33 c=1 rs=1 cs=1]
              RenderText {TEXT} at (2,2) size 19x18
                text run at (2,2) width 19: "C1"
            RenderTableCell {TD} at (150,794) size 83x22 [border: (1px inset #808080)] [r=33 c=2 rs=1 cs=1]
              RenderText {TEXT} at (2,2) size 45x18
                text run at (2,2) width 45: "Aacute"
            RenderTableCell {TD} at (235,794) size 57x22 [border: (1px inset #808080)] [r=33 c=3 rs=1 cs=1]
              RenderText {TEXT} at (2,2) size 12x18
                text run at (2,2) width 12: "\x{C1}"
            RenderTableCell {TD} at (294,794) size 65x22 [border: (1px inset #808080)] [r=33 c=4 rs=1 cs=1]
              RenderText {TEXT} at (2,2) size 12x18
                text run at (2,2) width 12: "\x{C1}"
            RenderTableCell {TD} at (361,794) size 60x22 [border: (1px inset #808080)] [r=33 c=5 rs=1 cs=1]
              RenderText {TEXT} at (2,2) size 12x18
                text run at (2,2) width 12: "\x{C1}"
          RenderTableRow {TR} at (0,0) size 0x0
            RenderTableCell {TD} at (2,818) size 56x22 [border: (1px inset #808080)] [r=34 c=0 rs=1 cs=1]
              RenderText {TEXT} at (2,2) size 24x18
                text run at (2,2) width 24: "194"
            RenderTableCell {TD} at (60,818) size 88x22 [border: (1px inset #808080)] [r=34 c=1 rs=1 cs=1]
              RenderText {TEXT} at (2,2) size 19x18
                text run at (2,2) width 19: "C2"
            RenderTableCell {TD} at (150,818) size 83x22 [border: (1px inset #808080)] [r=34 c=2 rs=1 cs=1]
              RenderText {TEXT} at (2,2) size 35x18
                text run at (2,2) width 35: "Acirc"
            RenderTableCell {TD} at (235,818) size 57x22 [border: (1px inset #808080)] [r=34 c=3 rs=1 cs=1]
              RenderText {TEXT} at (2,2) size 12x18
                text run at (2,2) width 12: "\x{C2}"
            RenderTableCell {TD} at (294,818) size 65x22 [border: (1px inset #808080)] [r=34 c=4 rs=1 cs=1]
              RenderText {TEXT} at (2,2) size 12x18
                text run at (2,2) width 12: "\x{C2}"
            RenderTableCell {TD} at (361,818) size 60x22 [border: (1px inset #808080)] [r=34 c=5 rs=1 cs=1]
              RenderText {TEXT} at (2,2) size 12x18
                text run at (2,2) width 12: "\x{C2}"
          RenderTableRow {TR} at (0,0) size 0x0
            RenderTableCell {TD} at (2,842) size 56x22 [border: (1px inset #808080)] [r=35 c=0 rs=1 cs=1]
              RenderText {TEXT} at (2,2) size 24x18
                text run at (2,2) width 24: "195"
            RenderTableCell {TD} at (60,842) size 88x22 [border: (1px inset #808080)] [r=35 c=1 rs=1 cs=1]
              RenderText {TEXT} at (2,2) size 19x18
                text run at (2,2) width 19: "C3"
            RenderTableCell {TD} at (150,842) size 83x22 [border: (1px inset #808080)] [r=35 c=2 rs=1 cs=1]
              RenderText {TEXT} at (2,2) size 39x18
                text run at (2,2) width 39: "Atilde"
            RenderTableCell {TD} at (235,842) size 57x22 [border: (1px inset #808080)] [r=35 c=3 rs=1 cs=1]
              RenderText {TEXT} at (2,2) size 12x18
                text run at (2,2) width 12: "\x{C3}"
            RenderTableCell {TD} at (294,842) size 65x22 [border: (1px inset #808080)] [r=35 c=4 rs=1 cs=1]
              RenderText {TEXT} at (2,2) size 12x18
                text run at (2,2) width 12: "\x{C3}"
            RenderTableCell {TD} at (361,842) size 60x22 [border: (1px inset #808080)] [r=35 c=5 rs=1 cs=1]
              RenderText {TEXT} at (2,2) size 12x18
                text run at (2,2) width 12: "\x{C3}"
          RenderTableRow {TR} at (0,0) size 0x0
            RenderTableCell {TD} at (2,866) size 56x22 [border: (1px inset #808080)] [r=36 c=0 rs=1 cs=1]
              RenderText {TEXT} at (2,2) size 24x18
                text run at (2,2) width 24: "196"
            RenderTableCell {TD} at (60,866) size 88x22 [border: (1px inset #808080)] [r=36 c=1 rs=1 cs=1]
              RenderText {TEXT} at (2,2) size 19x18
                text run at (2,2) width 19: "C4"
            RenderTableCell {TD} at (150,866) size 83x22 [border: (1px inset #808080)] [r=36 c=2 rs=1 cs=1]
              RenderText {TEXT} at (2,2) size 36x18
                text run at (2,2) width 36: "Auml"
            RenderTableCell {TD} at (235,866) size 57x22 [border: (1px inset #808080)] [r=36 c=3 rs=1 cs=1]
              RenderText {TEXT} at (2,2) size 12x18
                text run at (2,2) width 12: "\x{C4}"
            RenderTableCell {TD} at (294,866) size 65x22 [border: (1px inset #808080)] [r=36 c=4 rs=1 cs=1]
              RenderText {TEXT} at (2,2) size 12x18
                text run at (2,2) width 12: "\x{C4}"
            RenderTableCell {TD} at (361,866) size 60x22 [border: (1px inset #808080)] [r=36 c=5 rs=1 cs=1]
              RenderText {TEXT} at (2,2) size 12x18
                text run at (2,2) width 12: "\x{C4}"
          RenderTableRow {TR} at (0,0) size 0x0
            RenderTableCell {TD} at (2,890) size 56x22 [border: (1px inset #808080)] [r=37 c=0 rs=1 cs=1]
              RenderText {TEXT} at (2,2) size 24x18
                text run at (2,2) width 24: "197"
            RenderTableCell {TD} at (60,890) size 88x22 [border: (1px inset #808080)] [r=37 c=1 rs=1 cs=1]
              RenderText {TEXT} at (2,2) size 19x18
                text run at (2,2) width 19: "C5"
            RenderTableCell {TD} at (150,890) size 83x22 [border: (1px inset #808080)] [r=37 c=2 rs=1 cs=1]
              RenderText {TEXT} at (2,2) size 37x18
                text run at (2,2) width 37: "Aring"
            RenderTableCell {TD} at (235,890) size 57x22 [border: (1px inset #808080)] [r=37 c=3 rs=1 cs=1]
              RenderText {TEXT} at (2,2) size 12x18
                text run at (2,2) width 12: "\x{C5}"
            RenderTableCell {TD} at (294,890) size 65x22 [border: (1px inset #808080)] [r=37 c=4 rs=1 cs=1]
              RenderText {TEXT} at (2,2) size 12x18
                text run at (2,2) width 12: "\x{C5}"
            RenderTableCell {TD} at (361,890) size 60x22 [border: (1px inset #808080)] [r=37 c=5 rs=1 cs=1]
              RenderText {TEXT} at (2,2) size 12x18
                text run at (2,2) width 12: "\x{C5}"
          RenderTableRow {TR} at (0,0) size 0x0
            RenderTableCell {TD} at (2,914) size 56x22 [border: (1px inset #808080)] [r=38 c=0 rs=1 cs=1]
              RenderText {TEXT} at (2,2) size 24x18
                text run at (2,2) width 24: "198"
            RenderTableCell {TD} at (60,914) size 88x22 [border: (1px inset #808080)] [r=38 c=1 rs=1 cs=1]
              RenderText {TEXT} at (2,2) size 19x18
                text run at (2,2) width 19: "C6"
            RenderTableCell {TD} at (150,914) size 83x22 [border: (1px inset #808080)] [r=38 c=2 rs=1 cs=1]
              RenderText {TEXT} at (2,2) size 38x18
                text run at (2,2) width 38: "AElig"
            RenderTableCell {TD} at (235,914) size 57x22 [border: (1px inset #808080)] [r=38 c=3 rs=1 cs=1]
              RenderText {TEXT} at (2,2) size 14x18
                text run at (2,2) width 14: "\x{C6}"
            RenderTableCell {TD} at (294,914) size 65x22 [border: (1px inset #808080)] [r=38 c=4 rs=1 cs=1]
              RenderText {TEXT} at (2,2) size 14x18
                text run at (2,2) width 14: "\x{C6}"
            RenderTableCell {TD} at (361,914) size 60x22 [border: (1px inset #808080)] [r=38 c=5 rs=1 cs=1]
              RenderText {TEXT} at (2,2) size 14x18
                text run at (2,2) width 14: "\x{C6}"
          RenderTableRow {TR} at (0,0) size 0x0
            RenderTableCell {TD} at (2,938) size 56x22 [border: (1px inset #808080)] [r=39 c=0 rs=1 cs=1]
              RenderText {TEXT} at (2,2) size 24x18
                text run at (2,2) width 24: "199"
            RenderTableCell {TD} at (60,938) size 88x22 [border: (1px inset #808080)] [r=39 c=1 rs=1 cs=1]
              RenderText {TEXT} at (2,2) size 19x18
                text run at (2,2) width 19: "C7"
            RenderTableCell {TD} at (150,938) size 83x22 [border: (1px inset #808080)] [r=39 c=2 rs=1 cs=1]
              RenderText {TEXT} at (2,2) size 41x18
                text run at (2,2) width 41: "Ccedil"
            RenderTableCell {TD} at (235,938) size 57x22 [border: (1px inset #808080)] [r=39 c=3 rs=1 cs=1]
              RenderText {TEXT} at (2,2) size 11x18
                text run at (2,2) width 11: "\x{C7}"
            RenderTableCell {TD} at (294,938) size 65x22 [border: (1px inset #808080)] [r=39 c=4 rs=1 cs=1]
              RenderText {TEXT} at (2,2) size 11x18
                text run at (2,2) width 11: "\x{C7}"
            RenderTableCell {TD} at (361,938) size 60x22 [border: (1px inset #808080)] [r=39 c=5 rs=1 cs=1]
              RenderText {TEXT} at (2,2) size 11x18
                text run at (2,2) width 11: "\x{C7}"
          RenderTableRow {TR} at (0,0) size 0x0
            RenderTableCell {TD} at (2,962) size 56x22 [border: (1px inset #808080)] [r=40 c=0 rs=1 cs=1]
              RenderText {TEXT} at (2,2) size 24x18
                text run at (2,2) width 24: "200"
            RenderTableCell {TD} at (60,962) size 88x22 [border: (1px inset #808080)] [r=40 c=1 rs=1 cs=1]
              RenderText {TEXT} at (2,2) size 19x18
                text run at (2,2) width 19: "C8"
            RenderTableCell {TD} at (150,962) size 83x22 [border: (1px inset #808080)] [r=40 c=2 rs=1 cs=1]
              RenderText {TEXT} at (2,2) size 45x18
                text run at (2,2) width 45: "Egrave"
            RenderTableCell {TD} at (235,962) size 57x22 [border: (1px inset #808080)] [r=40 c=3 rs=1 cs=1]
              RenderText {TEXT} at (2,2) size 10x18
                text run at (2,2) width 10: "\x{C8}"
            RenderTableCell {TD} at (294,962) size 65x22 [border: (1px inset #808080)] [r=40 c=4 rs=1 cs=1]
              RenderText {TEXT} at (2,2) size 10x18
                text run at (2,2) width 10: "\x{C8}"
            RenderTableCell {TD} at (361,962) size 60x22 [border: (1px inset #808080)] [r=40 c=5 rs=1 cs=1]
              RenderText {TEXT} at (2,2) size 10x18
                text run at (2,2) width 10: "\x{C8}"
          RenderTableRow {TR} at (0,0) size 0x0
            RenderTableCell {TD} at (2,986) size 56x22 [border: (1px inset #808080)] [r=41 c=0 rs=1 cs=1]
              RenderText {TEXT} at (2,2) size 24x18
                text run at (2,2) width 24: "201"
            RenderTableCell {TD} at (60,986) size 88x22 [border: (1px inset #808080)] [r=41 c=1 rs=1 cs=1]
              RenderText {TEXT} at (2,2) size 19x18
                text run at (2,2) width 19: "C9"
            RenderTableCell {TD} at (150,986) size 83x22 [border: (1px inset #808080)] [r=41 c=2 rs=1 cs=1]
              RenderText {TEXT} at (2,2) size 43x18
                text run at (2,2) width 43: "Eacute"
            RenderTableCell {TD} at (235,986) size 57x22 [border: (1px inset #808080)] [r=41 c=3 rs=1 cs=1]
              RenderText {TEXT} at (2,2) size 10x18
                text run at (2,2) width 10: "\x{C9}"
            RenderTableCell {TD} at (294,986) size 65x22 [border: (1px inset #808080)] [r=41 c=4 rs=1 cs=1]
              RenderText {TEXT} at (2,2) size 10x18
                text run at (2,2) width 10: "\x{C9}"
            RenderTableCell {TD} at (361,986) size 60x22 [border: (1px inset #808080)] [r=41 c=5 rs=1 cs=1]
              RenderText {TEXT} at (2,2) size 10x18
                text run at (2,2) width 10: "\x{C9}"
          RenderTableRow {TR} at (0,0) size 0x0
            RenderTableCell {TD} at (2,1010) size 56x22 [border: (1px inset #808080)] [r=42 c=0 rs=1 cs=1]
              RenderText {TEXT} at (2,2) size 24x18
                text run at (2,2) width 24: "202"
            RenderTableCell {TD} at (60,1010) size 88x22 [border: (1px inset #808080)] [r=42 c=1 rs=1 cs=1]
              RenderText {TEXT} at (2,2) size 23x18
                text run at (2,2) width 23: "CA"
            RenderTableCell {TD} at (150,1010) size 83x22 [border: (1px inset #808080)] [r=42 c=2 rs=1 cs=1]
              RenderText {TEXT} at (2,2) size 33x18
                text run at (2,2) width 33: "Ecirc"
            RenderTableCell {TD} at (235,1010) size 57x22 [border: (1px inset #808080)] [r=42 c=3 rs=1 cs=1]
              RenderText {TEXT} at (2,2) size 10x18
                text run at (2,2) width 10: "\x{CA}"
            RenderTableCell {TD} at (294,1010) size 65x22 [border: (1px inset #808080)] [r=42 c=4 rs=1 cs=1]
              RenderText {TEXT} at (2,2) size 10x18
                text run at (2,2) width 10: "\x{CA}"
            RenderTableCell {TD} at (361,1010) size 60x22 [border: (1px inset #808080)] [r=42 c=5 rs=1 cs=1]
              RenderText {TEXT} at (2,2) size 10x18
                text run at (2,2) width 10: "\x{CA}"
          RenderTableRow {TR} at (0,0) size 0x0
            RenderTableCell {TD} at (2,1034) size 56x22 [border: (1px inset #808080)] [r=43 c=0 rs=1 cs=1]
              RenderText {TEXT} at (2,2) size 24x18
                text run at (2,2) width 24: "203"
            RenderTableCell {TD} at (60,1034) size 88x22 [border: (1px inset #808080)] [r=43 c=1 rs=1 cs=1]
              RenderText {TEXT} at (2,2) size 22x18
                text run at (2,2) width 22: "CB"
            RenderTableCell {TD} at (150,1034) size 83x22 [border: (1px inset #808080)] [r=43 c=2 rs=1 cs=1]
              RenderText {TEXT} at (2,2) size 34x18
                text run at (2,2) width 34: "Euml"
            RenderTableCell {TD} at (235,1034) size 57x22 [border: (1px inset #808080)] [r=43 c=3 rs=1 cs=1]
              RenderText {TEXT} at (2,2) size 10x18
                text run at (2,2) width 10: "\x{CB}"
            RenderTableCell {TD} at (294,1034) size 65x22 [border: (1px inset #808080)] [r=43 c=4 rs=1 cs=1]
              RenderText {TEXT} at (2,2) size 10x18
                text run at (2,2) width 10: "\x{CB}"
            RenderTableCell {TD} at (361,1034) size 60x22 [border: (1px inset #808080)] [r=43 c=5 rs=1 cs=1]
              RenderText {TEXT} at (2,2) size 10x18
                text run at (2,2) width 10: "\x{CB}"
          RenderTableRow {TR} at (0,0) size 0x0
            RenderTableCell {TD} at (2,1058) size 56x22 [border: (1px inset #808080)] [r=44 c=0 rs=1 cs=1]
              RenderText {TEXT} at (2,2) size 24x18
                text run at (2,2) width 24: "204"
            RenderTableCell {TD} at (60,1058) size 88x22 [border: (1px inset #808080)] [r=44 c=1 rs=1 cs=1]
              RenderText {TEXT} at (2,2) size 22x18
                text run at (2,2) width 22: "CC"
            RenderTableCell {TD} at (150,1058) size 83x22 [border: (1px inset #808080)] [r=44 c=2 rs=1 cs=1]
              RenderText {TEXT} at (2,2) size 40x18
                text run at (2,2) width 40: "Igrave"
            RenderTableCell {TD} at (235,1058) size 57x22 [border: (1px inset #808080)] [r=44 c=3 rs=1 cs=1]
              RenderText {TEXT} at (2,2) size 5x18
                text run at (2,2) width 5: "\x{CC}"
            RenderTableCell {TD} at (294,1058) size 65x22 [border: (1px inset #808080)] [r=44 c=4 rs=1 cs=1]
              RenderText {TEXT} at (2,2) size 5x18
                text run at (2,2) width 5: "\x{CC}"
            RenderTableCell {TD} at (361,1058) size 60x22 [border: (1px inset #808080)] [r=44 c=5 rs=1 cs=1]
              RenderText {TEXT} at (2,2) size 5x18
                text run at (2,2) width 5: "\x{CC}"
          RenderTableRow {TR} at (0,0) size 0x0
            RenderTableCell {TD} at (2,1082) size 56x22 [border: (1px inset #808080)] [r=45 c=0 rs=1 cs=1]
              RenderText {TEXT} at (2,2) size 24x18
                text run at (2,2) width 24: "205"
            RenderTableCell {TD} at (60,1082) size 88x22 [border: (1px inset #808080)] [r=45 c=1 rs=1 cs=1]
              RenderText {TEXT} at (2,2) size 23x18
                text run at (2,2) width 23: "CD"
            RenderTableCell {TD} at (150,1082) size 83x22 [border: (1px inset #808080)] [r=45 c=2 rs=1 cs=1]
              RenderText {TEXT} at (2,2) size 38x18
                text run at (2,2) width 38: "Iacute"
            RenderTableCell {TD} at (235,1082) size 57x22 [border: (1px inset #808080)] [r=45 c=3 rs=1 cs=1]
              RenderText {TEXT} at (2,2) size 5x18
                text run at (2,2) width 5: "\x{CD}"
            RenderTableCell {TD} at (294,1082) size 65x22 [border: (1px inset #808080)] [r=45 c=4 rs=1 cs=1]
              RenderText {TEXT} at (2,2) size 5x18
                text run at (2,2) width 5: "\x{CD}"
            RenderTableCell {TD} at (361,1082) size 60x22 [border: (1px inset #808080)] [r=45 c=5 rs=1 cs=1]
              RenderText {TEXT} at (2,2) size 5x18
                text run at (2,2) width 5: "\x{CD}"
          RenderTableRow {TR} at (0,0) size 0x0
            RenderTableCell {TD} at (2,1106) size 56x22 [border: (1px inset #808080)] [r=46 c=0 rs=1 cs=1]
              RenderText {TEXT} at (2,2) size 24x18
                text run at (2,2) width 24: "206"
            RenderTableCell {TD} at (60,1106) size 88x22 [border: (1px inset #808080)] [r=46 c=1 rs=1 cs=1]
              RenderText {TEXT} at (2,2) size 21x18
                text run at (2,2) width 21: "CE"
            RenderTableCell {TD} at (150,1106) size 83x22 [border: (1px inset #808080)] [r=46 c=2 rs=1 cs=1]
              RenderText {TEXT} at (2,2) size 28x18
                text run at (2,2) width 28: "Icirc"
            RenderTableCell {TD} at (235,1106) size 57x22 [border: (1px inset #808080)] [r=46 c=3 rs=1 cs=1]
              RenderText {TEXT} at (2,2) size 5x18
                text run at (2,2) width 5: "\x{CE}"
            RenderTableCell {TD} at (294,1106) size 65x22 [border: (1px inset #808080)] [r=46 c=4 rs=1 cs=1]
              RenderText {TEXT} at (2,2) size 5x18
                text run at (2,2) width 5: "\x{CE}"
            RenderTableCell {TD} at (361,1106) size 60x22 [border: (1px inset #808080)] [r=46 c=5 rs=1 cs=1]
              RenderText {TEXT} at (2,2) size 5x18
                text run at (2,2) width 5: "\x{CE}"
          RenderTableRow {TR} at (0,0) size 0x0
            RenderTableCell {TD} at (2,1130) size 56x22 [border: (1px inset #808080)] [r=47 c=0 rs=1 cs=1]
              RenderText {TEXT} at (2,2) size 24x18
                text run at (2,2) width 24: "207"
            RenderTableCell {TD} at (60,1130) size 88x22 [border: (1px inset #808080)] [r=47 c=1 rs=1 cs=1]
              RenderText {TEXT} at (2,2) size 20x18
                text run at (2,2) width 20: "CF"
            RenderTableCell {TD} at (150,1130) size 83x22 [border: (1px inset #808080)] [r=47 c=2 rs=1 cs=1]
              RenderText {TEXT} at (2,2) size 29x18
                text run at (2,2) width 29: "Iuml"
            RenderTableCell {TD} at (235,1130) size 57x22 [border: (1px inset #808080)] [r=47 c=3 rs=1 cs=1]
              RenderText {TEXT} at (2,2) size 5x18
                text run at (2,2) width 5: "\x{CF}"
            RenderTableCell {TD} at (294,1130) size 65x22 [border: (1px inset #808080)] [r=47 c=4 rs=1 cs=1]
              RenderText {TEXT} at (2,2) size 5x18
                text run at (2,2) width 5: "\x{CF}"
            RenderTableCell {TD} at (361,1130) size 60x22 [border: (1px inset #808080)] [r=47 c=5 rs=1 cs=1]
              RenderText {TEXT} at (2,2) size 5x18
                text run at (2,2) width 5: "\x{CF}"
          RenderTableRow {TR} at (0,0) size 0x0
            RenderTableCell {TD} at (2,1154) size 56x22 [border: (1px inset #808080)] [r=48 c=0 rs=1 cs=1]
              RenderText {TEXT} at (2,2) size 24x18
                text run at (2,2) width 24: "208"
            RenderTableCell {TD} at (60,1154) size 88x22 [border: (1px inset #808080)] [r=48 c=1 rs=1 cs=1]
              RenderText {TEXT} at (2,2) size 20x18
                text run at (2,2) width 20: "D0"
            RenderTableCell {TD} at (150,1154) size 83x22 [border: (1px inset #808080)] [r=48 c=2 rs=1 cs=1]
              RenderText {TEXT} at (2,2) size 32x18
                text run at (2,2) width 32: "ETH"
            RenderTableCell {TD} at (235,1154) size 57x22 [border: (1px inset #808080)] [r=48 c=3 rs=1 cs=1]
              RenderText {TEXT} at (2,2) size 12x18
                text run at (2,2) width 12: "\x{D0}"
            RenderTableCell {TD} at (294,1154) size 65x22 [border: (1px inset #808080)] [r=48 c=4 rs=1 cs=1]
              RenderText {TEXT} at (2,2) size 12x18
                text run at (2,2) width 12: "\x{D0}"
            RenderTableCell {TD} at (361,1154) size 60x22 [border: (1px inset #808080)] [r=48 c=5 rs=1 cs=1]
              RenderText {TEXT} at (2,2) size 12x18
                text run at (2,2) width 12: "\x{D0}"
          RenderTableRow {TR} at (0,0) size 0x0
            RenderTableCell {TD} at (2,1178) size 56x22 [border: (1px inset #808080)] [r=49 c=0 rs=1 cs=1]
              RenderText {TEXT} at (2,2) size 24x18
                text run at (2,2) width 24: "209"
            RenderTableCell {TD} at (60,1178) size 88x22 [border: (1px inset #808080)] [r=49 c=1 rs=1 cs=1]
              RenderText {TEXT} at (2,2) size 20x18
                text run at (2,2) width 20: "D1"
            RenderTableCell {TD} at (150,1178) size 83x22 [border: (1px inset #808080)] [r=49 c=2 rs=1 cs=1]
              RenderText {TEXT} at (2,2) size 39x18
                text run at (2,2) width 39: "Ntilde"
            RenderTableCell {TD} at (235,1178) size 57x22 [border: (1px inset #808080)] [r=49 c=3 rs=1 cs=1]
              RenderText {TEXT} at (2,2) size 12x18
                text run at (2,2) width 12: "\x{D1}"
            RenderTableCell {TD} at (294,1178) size 65x22 [border: (1px inset #808080)] [r=49 c=4 rs=1 cs=1]
              RenderText {TEXT} at (2,2) size 12x18
                text run at (2,2) width 12: "\x{D1}"
            RenderTableCell {TD} at (361,1178) size 60x22 [border: (1px inset #808080)] [r=49 c=5 rs=1 cs=1]
              RenderText {TEXT} at (2,2) size 12x18
                text run at (2,2) width 12: "\x{D1}"
          RenderTableRow {TR} at (0,0) size 0x0
            RenderTableCell {TD} at (2,1202) size 56x22 [border: (1px inset #808080)] [r=50 c=0 rs=1 cs=1]
              RenderText {TEXT} at (2,2) size 24x18
                text run at (2,2) width 24: "210"
            RenderTableCell {TD} at (60,1202) size 88x22 [border: (1px inset #808080)] [r=50 c=1 rs=1 cs=1]
              RenderText {TEXT} at (2,2) size 20x18
                text run at (2,2) width 20: "D2"
            RenderTableCell {TD} at (150,1202) size 83x22 [border: (1px inset #808080)] [r=50 c=2 rs=1 cs=1]
              RenderText {TEXT} at (2,2) size 47x18
                text run at (2,2) width 47: "Ograve"
            RenderTableCell {TD} at (235,1202) size 57x22 [border: (1px inset #808080)] [r=50 c=3 rs=1 cs=1]
              RenderText {TEXT} at (2,2) size 12x18
                text run at (2,2) width 12: "\x{D2}"
            RenderTableCell {TD} at (294,1202) size 65x22 [border: (1px inset #808080)] [r=50 c=4 rs=1 cs=1]
              RenderText {TEXT} at (2,2) size 12x18
                text run at (2,2) width 12: "\x{D2}"
            RenderTableCell {TD} at (361,1202) size 60x22 [border: (1px inset #808080)] [r=50 c=5 rs=1 cs=1]
              RenderText {TEXT} at (2,2) size 12x18
                text run at (2,2) width 12: "\x{D2}"
          RenderTableRow {TR} at (0,0) size 0x0
            RenderTableCell {TD} at (2,1226) size 56x22 [border: (1px inset #808080)] [r=51 c=0 rs=1 cs=1]
              RenderText {TEXT} at (2,2) size 24x18
                text run at (2,2) width 24: "211"
            RenderTableCell {TD} at (60,1226) size 88x22 [border: (1px inset #808080)] [r=51 c=1 rs=1 cs=1]
              RenderText {TEXT} at (2,2) size 20x18
                text run at (2,2) width 20: "D3"
            RenderTableCell {TD} at (150,1226) size 83x22 [border: (1px inset #808080)] [r=51 c=2 rs=1 cs=1]
              RenderText {TEXT} at (2,2) size 45x18
                text run at (2,2) width 45: "Oacute"
            RenderTableCell {TD} at (235,1226) size 57x22 [border: (1px inset #808080)] [r=51 c=3 rs=1 cs=1]
              RenderText {TEXT} at (2,2) size 12x18
                text run at (2,2) width 12: "\x{D3}"
            RenderTableCell {TD} at (294,1226) size 65x22 [border: (1px inset #808080)] [r=51 c=4 rs=1 cs=1]
              RenderText {TEXT} at (2,2) size 12x18
                text run at (2,2) width 12: "\x{D3}"
            RenderTableCell {TD} at (361,1226) size 60x22 [border: (1px inset #808080)] [r=51 c=5 rs=1 cs=1]
              RenderText {TEXT} at (2,2) size 12x18
                text run at (2,2) width 12: "\x{D3}"
          RenderTableRow {TR} at (0,0) size 0x0
            RenderTableCell {TD} at (2,1250) size 56x22 [border: (1px inset #808080)] [r=52 c=0 rs=1 cs=1]
              RenderText {TEXT} at (2,2) size 24x18
                text run at (2,2) width 24: "212"
            RenderTableCell {TD} at (60,1250) size 88x22 [border: (1px inset #808080)] [r=52 c=1 rs=1 cs=1]
              RenderText {TEXT} at (2,2) size 20x18
                text run at (2,2) width 20: "D4"
            RenderTableCell {TD} at (150,1250) size 83x22 [border: (1px inset #808080)] [r=52 c=2 rs=1 cs=1]
              RenderText {TEXT} at (2,2) size 35x18
                text run at (2,2) width 35: "Ocirc"
            RenderTableCell {TD} at (235,1250) size 57x22 [border: (1px inset #808080)] [r=52 c=3 rs=1 cs=1]
              RenderText {TEXT} at (2,2) size 12x18
                text run at (2,2) width 12: "\x{D4}"
            RenderTableCell {TD} at (294,1250) size 65x22 [border: (1px inset #808080)] [r=52 c=4 rs=1 cs=1]
              RenderText {TEXT} at (2,2) size 12x18
                text run at (2,2) width 12: "\x{D4}"
            RenderTableCell {TD} at (361,1250) size 60x22 [border: (1px inset #808080)] [r=52 c=5 rs=1 cs=1]
              RenderText {TEXT} at (2,2) size 12x18
                text run at (2,2) width 12: "\x{D4}"
          RenderTableRow {TR} at (0,0) size 0x0
            RenderTableCell {TD} at (2,1274) size 56x22 [border: (1px inset #808080)] [r=53 c=0 rs=1 cs=1]
              RenderText {TEXT} at (2,2) size 24x18
                text run at (2,2) width 24: "213"
            RenderTableCell {TD} at (60,1274) size 88x22 [border: (1px inset #808080)] [r=53 c=1 rs=1 cs=1]
              RenderText {TEXT} at (2,2) size 20x18
                text run at (2,2) width 20: "D5"
            RenderTableCell {TD} at (150,1274) size 83x22 [border: (1px inset #808080)] [r=53 c=2 rs=1 cs=1]
              RenderText {TEXT} at (2,2) size 39x18
                text run at (2,2) width 39: "Otilde"
            RenderTableCell {TD} at (235,1274) size 57x22 [border: (1px inset #808080)] [r=53 c=3 rs=1 cs=1]
              RenderText {TEXT} at (2,2) size 12x18
                text run at (2,2) width 12: "\x{D5}"
            RenderTableCell {TD} at (294,1274) size 65x22 [border: (1px inset #808080)] [r=53 c=4 rs=1 cs=1]
              RenderText {TEXT} at (2,2) size 12x18
                text run at (2,2) width 12: "\x{D5}"
            RenderTableCell {TD} at (361,1274) size 60x22 [border: (1px inset #808080)] [r=53 c=5 rs=1 cs=1]
              RenderText {TEXT} at (2,2) size 12x18
                text run at (2,2) width 12: "\x{D5}"
          RenderTableRow {TR} at (0,0) size 0x0
            RenderTableCell {TD} at (2,1298) size 56x22 [border: (1px inset #808080)] [r=54 c=0 rs=1 cs=1]
              RenderText {TEXT} at (2,2) size 24x18
                text run at (2,2) width 24: "214"
            RenderTableCell {TD} at (60,1298) size 88x22 [border: (1px inset #808080)] [r=54 c=1 rs=1 cs=1]
              RenderText {TEXT} at (2,2) size 20x18
                text run at (2,2) width 20: "D6"
            RenderTableCell {TD} at (150,1298) size 83x22 [border: (1px inset #808080)] [r=54 c=2 rs=1 cs=1]
              RenderText {TEXT} at (2,2) size 36x18
                text run at (2,2) width 36: "Ouml"
            RenderTableCell {TD} at (235,1298) size 57x22 [border: (1px inset #808080)] [r=54 c=3 rs=1 cs=1]
              RenderText {TEXT} at (2,2) size 12x18
                text run at (2,2) width 12: "\x{D6}"
            RenderTableCell {TD} at (294,1298) size 65x22 [border: (1px inset #808080)] [r=54 c=4 rs=1 cs=1]
              RenderText {TEXT} at (2,2) size 12x18
                text run at (2,2) width 12: "\x{D6}"
            RenderTableCell {TD} at (361,1298) size 60x22 [border: (1px inset #808080)] [r=54 c=5 rs=1 cs=1]
              RenderText {TEXT} at (2,2) size 12x18
                text run at (2,2) width 12: "\x{D6}"
          RenderTableRow {TR} at (0,0) size 0x0
            RenderTableCell {TD} at (2,1322) size 56x22 [border: (1px inset #808080)] [r=55 c=0 rs=1 cs=1]
              RenderText {TEXT} at (2,2) size 24x18
                text run at (2,2) width 24: "215"
            RenderTableCell {TD} at (60,1322) size 88x22 [border: (1px inset #808080)] [r=55 c=1 rs=1 cs=1]
              RenderText {TEXT} at (2,2) size 20x18
                text run at (2,2) width 20: "D7"
            RenderTableCell {TD} at (150,1322) size 83x22 [border: (1px inset #808080)] [r=55 c=2 rs=1 cs=1]
              RenderText {TEXT} at (2,2) size 33x18
                text run at (2,2) width 33: "times"
            RenderTableCell {TD} at (235,1322) size 57x22 [border: (1px inset #808080)] [r=55 c=3 rs=1 cs=1]
              RenderText {TEXT} at (2,2) size 9x18
                text run at (2,2) width 9: "\x{D7}"
            RenderTableCell {TD} at (294,1322) size 65x22 [border: (1px inset #808080)] [r=55 c=4 rs=1 cs=1]
              RenderText {TEXT} at (2,2) size 9x18
                text run at (2,2) width 9: "\x{D7}"
            RenderTableCell {TD} at (361,1322) size 60x22 [border: (1px inset #808080)] [r=55 c=5 rs=1 cs=1]
              RenderText {TEXT} at (2,2) size 9x18
                text run at (2,2) width 9: "\x{D7}"
          RenderTableRow {TR} at (0,0) size 0x0
            RenderTableCell {TD} at (2,1346) size 56x22 [border: (1px inset #808080)] [r=56 c=0 rs=1 cs=1]
              RenderText {TEXT} at (2,2) size 24x18
                text run at (2,2) width 24: "216"
            RenderTableCell {TD} at (60,1346) size 88x22 [border: (1px inset #808080)] [r=56 c=1 rs=1 cs=1]
              RenderText {TEXT} at (2,2) size 20x18
                text run at (2,2) width 20: "D8"
            RenderTableCell {TD} at (150,1346) size 83x22 [border: (1px inset #808080)] [r=56 c=2 rs=1 cs=1]
              RenderText {TEXT} at (2,2) size 43x18
                text run at (2,2) width 43: "Oslash"
            RenderTableCell {TD} at (235,1346) size 57x22 [border: (1px inset #808080)] [r=56 c=3 rs=1 cs=1]
              RenderText {TEXT} at (2,2) size 12x18
                text run at (2,2) width 12: "\x{D8}"
            RenderTableCell {TD} at (294,1346) size 65x22 [border: (1px inset #808080)] [r=56 c=4 rs=1 cs=1]
              RenderText {TEXT} at (2,2) size 12x18
                text run at (2,2) width 12: "\x{D8}"
            RenderTableCell {TD} at (361,1346) size 60x22 [border: (1px inset #808080)] [r=56 c=5 rs=1 cs=1]
              RenderText {TEXT} at (2,2) size 12x18
                text run at (2,2) width 12: "\x{D8}"
          RenderTableRow {TR} at (0,0) size 0x0
            RenderTableCell {TD} at (2,1370) size 56x22 [border: (1px inset #808080)] [r=57 c=0 rs=1 cs=1]
              RenderText {TEXT} at (2,2) size 24x18
                text run at (2,2) width 24: "217"
            RenderTableCell {TD} at (60,1370) size 88x22 [border: (1px inset #808080)] [r=57 c=1 rs=1 cs=1]
              RenderText {TEXT} at (2,2) size 20x18
                text run at (2,2) width 20: "D9"
            RenderTableCell {TD} at (150,1370) size 83x22 [border: (1px inset #808080)] [r=57 c=2 rs=1 cs=1]
              RenderText {TEXT} at (2,2) size 47x18
                text run at (2,2) width 47: "Ugrave"
            RenderTableCell {TD} at (235,1370) size 57x22 [border: (1px inset #808080)] [r=57 c=3 rs=1 cs=1]
              RenderText {TEXT} at (2,2) size 12x18
                text run at (2,2) width 12: "\x{D9}"
            RenderTableCell {TD} at (294,1370) size 65x22 [border: (1px inset #808080)] [r=57 c=4 rs=1 cs=1]
              RenderText {TEXT} at (2,2) size 12x18
                text run at (2,2) width 12: "\x{D9}"
            RenderTableCell {TD} at (361,1370) size 60x22 [border: (1px inset #808080)] [r=57 c=5 rs=1 cs=1]
              RenderText {TEXT} at (2,2) size 12x18
                text run at (2,2) width 12: "\x{D9}"
          RenderTableRow {TR} at (0,0) size 0x0
            RenderTableCell {TD} at (2,1394) size 56x22 [border: (1px inset #808080)] [r=58 c=0 rs=1 cs=1]
              RenderText {TEXT} at (2,2) size 24x18
                text run at (2,2) width 24: "218"
            RenderTableCell {TD} at (60,1394) size 88x22 [border: (1px inset #808080)] [r=58 c=1 rs=1 cs=1]
              RenderText {TEXT} at (2,2) size 24x18
                text run at (2,2) width 24: "DA"
            RenderTableCell {TD} at (150,1394) size 83x22 [border: (1px inset #808080)] [r=58 c=2 rs=1 cs=1]
              RenderText {TEXT} at (2,2) size 45x18
                text run at (2,2) width 45: "Uacute"
            RenderTableCell {TD} at (235,1394) size 57x22 [border: (1px inset #808080)] [r=58 c=3 rs=1 cs=1]
              RenderText {TEXT} at (2,2) size 12x18
                text run at (2,2) width 12: "\x{DA}"
            RenderTableCell {TD} at (294,1394) size 65x22 [border: (1px inset #808080)] [r=58 c=4 rs=1 cs=1]
              RenderText {TEXT} at (2,2) size 12x18
                text run at (2,2) width 12: "\x{DA}"
            RenderTableCell {TD} at (361,1394) size 60x22 [border: (1px inset #808080)] [r=58 c=5 rs=1 cs=1]
              RenderText {TEXT} at (2,2) size 12x18
                text run at (2,2) width 12: "\x{DA}"
          RenderTableRow {TR} at (0,0) size 0x0
            RenderTableCell {TD} at (2,1418) size 56x22 [border: (1px inset #808080)] [r=59 c=0 rs=1 cs=1]
              RenderText {TEXT} at (2,2) size 24x18
                text run at (2,2) width 24: "219"
            RenderTableCell {TD} at (60,1418) size 88x22 [border: (1px inset #808080)] [r=59 c=1 rs=1 cs=1]
              RenderText {TEXT} at (2,2) size 23x18
                text run at (2,2) width 23: "DB"
            RenderTableCell {TD} at (150,1418) size 83x22 [border: (1px inset #808080)] [r=59 c=2 rs=1 cs=1]
              RenderText {TEXT} at (2,2) size 35x18
                text run at (2,2) width 35: "Ucirc"
            RenderTableCell {TD} at (235,1418) size 57x22 [border: (1px inset #808080)] [r=59 c=3 rs=1 cs=1]
              RenderText {TEXT} at (2,2) size 12x18
                text run at (2,2) width 12: "\x{DB}"
            RenderTableCell {TD} at (294,1418) size 65x22 [border: (1px inset #808080)] [r=59 c=4 rs=1 cs=1]
              RenderText {TEXT} at (2,2) size 12x18
                text run at (2,2) width 12: "\x{DB}"
            RenderTableCell {TD} at (361,1418) size 60x22 [border: (1px inset #808080)] [r=59 c=5 rs=1 cs=1]
              RenderText {TEXT} at (2,2) size 12x18
                text run at (2,2) width 12: "\x{DB}"
          RenderTableRow {TR} at (0,0) size 0x0
            RenderTableCell {TD} at (2,1442) size 56x22 [border: (1px inset #808080)] [r=60 c=0 rs=1 cs=1]
              RenderText {TEXT} at (2,2) size 24x18
                text run at (2,2) width 24: "220"
            RenderTableCell {TD} at (60,1442) size 88x22 [border: (1px inset #808080)] [r=60 c=1 rs=1 cs=1]
              RenderText {TEXT} at (2,2) size 23x18
                text run at (2,2) width 23: "DC"
            RenderTableCell {TD} at (150,1442) size 83x22 [border: (1px inset #808080)] [r=60 c=2 rs=1 cs=1]
              RenderText {TEXT} at (2,2) size 36x18
                text run at (2,2) width 36: "Uuml"
            RenderTableCell {TD} at (235,1442) size 57x22 [border: (1px inset #808080)] [r=60 c=3 rs=1 cs=1]
              RenderText {TEXT} at (2,2) size 12x18
                text run at (2,2) width 12: "\x{DC}"
            RenderTableCell {TD} at (294,1442) size 65x22 [border: (1px inset #808080)] [r=60 c=4 rs=1 cs=1]
              RenderText {TEXT} at (2,2) size 12x18
                text run at (2,2) width 12: "\x{DC}"
            RenderTableCell {TD} at (361,1442) size 60x22 [border: (1px inset #808080)] [r=60 c=5 rs=1 cs=1]
              RenderText {TEXT} at (2,2) size 12x18
                text run at (2,2) width 12: "\x{DC}"
          RenderTableRow {TR} at (0,0) size 0x0
            RenderTableCell {TD} at (2,1466) size 56x22 [border: (1px inset #808080)] [r=61 c=0 rs=1 cs=1]
              RenderText {TEXT} at (2,2) size 24x18
                text run at (2,2) width 24: "221"
            RenderTableCell {TD} at (60,1466) size 88x22 [border: (1px inset #808080)] [r=61 c=1 rs=1 cs=1]
              RenderText {TEXT} at (2,2) size 24x18
                text run at (2,2) width 24: "DD"
            RenderTableCell {TD} at (150,1466) size 83x22 [border: (1px inset #808080)] [r=61 c=2 rs=1 cs=1]
              RenderText {TEXT} at (2,2) size 45x18
                text run at (2,2) width 45: "Yacute"
            RenderTableCell {TD} at (235,1466) size 57x22 [border: (1px inset #808080)] [r=61 c=3 rs=1 cs=1]
              RenderText {TEXT} at (2,2) size 12x18
                text run at (2,2) width 12: "\x{DD}"
            RenderTableCell {TD} at (294,1466) size 65x22 [border: (1px inset #808080)] [r=61 c=4 rs=1 cs=1]
              RenderText {TEXT} at (2,2) size 12x18
                text run at (2,2) width 12: "\x{DD}"
            RenderTableCell {TD} at (361,1466) size 60x22 [border: (1px inset #808080)] [r=61 c=5 rs=1 cs=1]
              RenderText {TEXT} at (2,2) size 12x18
                text run at (2,2) width 12: "\x{DD}"
          RenderTableRow {TR} at (0,0) size 0x0
            RenderTableCell {TD} at (2,1490) size 56x22 [border: (1px inset #808080)] [r=62 c=0 rs=1 cs=1]
              RenderText {TEXT} at (2,2) size 24x18
                text run at (2,2) width 24: "222"
            RenderTableCell {TD} at (60,1490) size 88x22 [border: (1px inset #808080)] [r=62 c=1 rs=1 cs=1]
              RenderText {TEXT} at (2,2) size 22x18
                text run at (2,2) width 22: "DE"
            RenderTableCell {TD} at (150,1490) size 83x22 [border: (1px inset #808080)] [r=62 c=2 rs=1 cs=1]
              RenderText {TEXT} at (2,2) size 57x18
                text run at (2,2) width 57: "THORN"
            RenderTableCell {TD} at (235,1490) size 57x22 [border: (1px inset #808080)] [r=62 c=3 rs=1 cs=1]
              RenderText {TEXT} at (2,2) size 9x18
                text run at (2,2) width 9: "\x{DE}"
            RenderTableCell {TD} at (294,1490) size 65x22 [border: (1px inset #808080)] [r=62 c=4 rs=1 cs=1]
              RenderText {TEXT} at (2,2) size 9x18
                text run at (2,2) width 9: "\x{DE}"
            RenderTableCell {TD} at (361,1490) size 60x22 [border: (1px inset #808080)] [r=62 c=5 rs=1 cs=1]
              RenderText {TEXT} at (2,2) size 9x18
                text run at (2,2) width 9: "\x{DE}"
          RenderTableRow {TR} at (0,0) size 0x0
            RenderTableCell {TD} at (2,1514) size 56x22 [border: (1px inset #808080)] [r=63 c=0 rs=1 cs=1]
              RenderText {TEXT} at (2,2) size 24x18
                text run at (2,2) width 24: "223"
            RenderTableCell {TD} at (60,1514) size 88x22 [border: (1px inset #808080)] [r=63 c=1 rs=1 cs=1]
              RenderText {TEXT} at (2,2) size 21x18
                text run at (2,2) width 21: "DF"
            RenderTableCell {TD} at (150,1514) size 83x22 [border: (1px inset #808080)] [r=63 c=2 rs=1 cs=1]
              RenderText {TEXT} at (2,2) size 29x18
                text run at (2,2) width 29: "szlig"
            RenderTableCell {TD} at (235,1514) size 57x22 [border: (1px inset #808080)] [r=63 c=3 rs=1 cs=1]
              RenderText {TEXT} at (2,2) size 8x18
                text run at (2,2) width 8: "\x{DF}"
            RenderTableCell {TD} at (294,1514) size 65x22 [border: (1px inset #808080)] [r=63 c=4 rs=1 cs=1]
              RenderText {TEXT} at (2,2) size 8x18
                text run at (2,2) width 8: "\x{DF}"
            RenderTableCell {TD} at (361,1514) size 60x22 [border: (1px inset #808080)] [r=63 c=5 rs=1 cs=1]
              RenderText {TEXT} at (2,2) size 8x18
                text run at (2,2) width 8: "\x{DF}"
          RenderTableRow {TR} at (0,0) size 0x0
            RenderTableCell {TD} at (2,1538) size 56x22 [border: (1px inset #808080)] [r=64 c=0 rs=1 cs=1]
              RenderText {TEXT} at (2,2) size 24x18
                text run at (2,2) width 24: "224"
            RenderTableCell {TD} at (60,1538) size 88x22 [border: (1px inset #808080)] [r=64 c=1 rs=1 cs=1]
              RenderText {TEXT} at (2,2) size 18x18
                text run at (2,2) width 18: "E0"
            RenderTableCell {TD} at (150,1538) size 83x22 [border: (1px inset #808080)] [r=64 c=2 rs=1 cs=1]
              RenderText {TEXT} at (2,2) size 42x18
                text run at (2,2) width 42: "agrave"
            RenderTableCell {TD} at (235,1538) size 57x22 [border: (1px inset #808080)] [r=64 c=3 rs=1 cs=1]
              RenderText {TEXT} at (2,2) size 7x18
                text run at (2,2) width 7: "\x{E0}"
            RenderTableCell {TD} at (294,1538) size 65x22 [border: (1px inset #808080)] [r=64 c=4 rs=1 cs=1]
              RenderText {TEXT} at (2,2) size 7x18
                text run at (2,2) width 7: "\x{E0}"
            RenderTableCell {TD} at (361,1538) size 60x22 [border: (1px inset #808080)] [r=64 c=5 rs=1 cs=1]
              RenderText {TEXT} at (2,2) size 7x18
                text run at (2,2) width 7: "\x{E0}"
          RenderTableRow {TR} at (0,0) size 0x0
            RenderTableCell {TD} at (2,1562) size 56x22 [border: (1px inset #808080)] [r=65 c=0 rs=1 cs=1]
              RenderText {TEXT} at (2,2) size 24x18
                text run at (2,2) width 24: "225"
            RenderTableCell {TD} at (60,1562) size 88x22 [border: (1px inset #808080)] [r=65 c=1 rs=1 cs=1]
              RenderText {TEXT} at (2,2) size 18x18
                text run at (2,2) width 18: "E1"
            RenderTableCell {TD} at (150,1562) size 83x22 [border: (1px inset #808080)] [r=65 c=2 rs=1 cs=1]
              RenderText {TEXT} at (2,2) size 40x18
                text run at (2,2) width 40: "aacute"
            RenderTableCell {TD} at (235,1562) size 57x22 [border: (1px inset #808080)] [r=65 c=3 rs=1 cs=1]
              RenderText {TEXT} at (2,2) size 7x18
                text run at (2,2) width 7: "\x{E1}"
            RenderTableCell {TD} at (294,1562) size 65x22 [border: (1px inset #808080)] [r=65 c=4 rs=1 cs=1]
              RenderText {TEXT} at (2,2) size 7x18
                text run at (2,2) width 7: "\x{E1}"
            RenderTableCell {TD} at (361,1562) size 60x22 [border: (1px inset #808080)] [r=65 c=5 rs=1 cs=1]
              RenderText {TEXT} at (2,2) size 7x18
                text run at (2,2) width 7: "\x{E1}"
          RenderTableRow {TR} at (0,0) size 0x0
            RenderTableCell {TD} at (2,1586) size 56x22 [border: (1px inset #808080)] [r=66 c=0 rs=1 cs=1]
              RenderText {TEXT} at (2,2) size 24x18
                text run at (2,2) width 24: "226"
            RenderTableCell {TD} at (60,1586) size 88x22 [border: (1px inset #808080)] [r=66 c=1 rs=1 cs=1]
              RenderText {TEXT} at (2,2) size 18x18
                text run at (2,2) width 18: "E2"
            RenderTableCell {TD} at (150,1586) size 83x22 [border: (1px inset #808080)] [r=66 c=2 rs=1 cs=1]
              RenderText {TEXT} at (2,2) size 30x18
                text run at (2,2) width 30: "acirc"
            RenderTableCell {TD} at (235,1586) size 57x22 [border: (1px inset #808080)] [r=66 c=3 rs=1 cs=1]
              RenderText {TEXT} at (2,2) size 7x18
                text run at (2,2) width 7: "\x{E2}"
            RenderTableCell {TD} at (294,1586) size 65x22 [border: (1px inset #808080)] [r=66 c=4 rs=1 cs=1]
              RenderText {TEXT} at (2,2) size 7x18
                text run at (2,2) width 7: "\x{E2}"
            RenderTableCell {TD} at (361,1586) size 60x22 [border: (1px inset #808080)] [r=66 c=5 rs=1 cs=1]
              RenderText {TEXT} at (2,2) size 7x18
                text run at (2,2) width 7: "\x{E2}"
          RenderTableRow {TR} at (0,0) size 0x0
            RenderTableCell {TD} at (2,1610) size 56x22 [border: (1px inset #808080)] [r=67 c=0 rs=1 cs=1]
              RenderText {TEXT} at (2,2) size 24x18
                text run at (2,2) width 24: "227"
            RenderTableCell {TD} at (60,1610) size 88x22 [border: (1px inset #808080)] [r=67 c=1 rs=1 cs=1]
              RenderText {TEXT} at (2,2) size 18x18
                text run at (2,2) width 18: "E3"
            RenderTableCell {TD} at (150,1610) size 83x22 [border: (1px inset #808080)] [r=67 c=2 rs=1 cs=1]
              RenderText {TEXT} at (2,2) size 34x18
                text run at (2,2) width 34: "atilde"
            RenderTableCell {TD} at (235,1610) size 57x22 [border: (1px inset #808080)] [r=67 c=3 rs=1 cs=1]
              RenderText {TEXT} at (2,2) size 7x18
                text run at (2,2) width 7: "\x{E3}"
            RenderTableCell {TD} at (294,1610) size 65x22 [border: (1px inset #808080)] [r=67 c=4 rs=1 cs=1]
              RenderText {TEXT} at (2,2) size 7x18
                text run at (2,2) width 7: "\x{E3}"
            RenderTableCell {TD} at (361,1610) size 60x22 [border: (1px inset #808080)] [r=67 c=5 rs=1 cs=1]
              RenderText {TEXT} at (2,2) size 7x18
                text run at (2,2) width 7: "\x{E3}"
          RenderTableRow {TR} at (0,0) size 0x0
            RenderTableCell {TD} at (2,1634) size 56x22 [border: (1px inset #808080)] [r=68 c=0 rs=1 cs=1]
              RenderText {TEXT} at (2,2) size 24x18
                text run at (2,2) width 24: "228"
            RenderTableCell {TD} at (60,1634) size 88x22 [border: (1px inset #808080)] [r=68 c=1 rs=1 cs=1]
              RenderText {TEXT} at (2,2) size 18x18
                text run at (2,2) width 18: "E4"
            RenderTableCell {TD} at (150,1634) size 83x22 [border: (1px inset #808080)] [r=68 c=2 rs=1 cs=1]
              RenderText {TEXT} at (2,2) size 31x18
                text run at (2,2) width 31: "auml"
            RenderTableCell {TD} at (235,1634) size 57x22 [border: (1px inset #808080)] [r=68 c=3 rs=1 cs=1]
              RenderText {TEXT} at (2,2) size 7x18
                text run at (2,2) width 7: "\x{E4}"
            RenderTableCell {TD} at (294,1634) size 65x22 [border: (1px inset #808080)] [r=68 c=4 rs=1 cs=1]
              RenderText {TEXT} at (2,2) size 7x18
                text run at (2,2) width 7: "\x{E4}"
            RenderTableCell {TD} at (361,1634) size 60x22 [border: (1px inset #808080)] [r=68 c=5 rs=1 cs=1]
              RenderText {TEXT} at (2,2) size 7x18
                text run at (2,2) width 7: "\x{E4}"
          RenderTableRow {TR} at (0,0) size 0x0
            RenderTableCell {TD} at (2,1658) size 56x22 [border: (1px inset #808080)] [r=69 c=0 rs=1 cs=1]
              RenderText {TEXT} at (2,2) size 24x18
                text run at (2,2) width 24: "229"
            RenderTableCell {TD} at (60,1658) size 88x22 [border: (1px inset #808080)] [r=69 c=1 rs=1 cs=1]
              RenderText {TEXT} at (2,2) size 18x18
                text run at (2,2) width 18: "E5"
            RenderTableCell {TD} at (150,1658) size 83x22 [border: (1px inset #808080)] [r=69 c=2 rs=1 cs=1]
              RenderText {TEXT} at (2,2) size 32x18
                text run at (2,2) width 32: "aring"
            RenderTableCell {TD} at (235,1658) size 57x22 [border: (1px inset #808080)] [r=69 c=3 rs=1 cs=1]
              RenderText {TEXT} at (2,2) size 7x18
                text run at (2,2) width 7: "\x{E5}"
            RenderTableCell {TD} at (294,1658) size 65x22 [border: (1px inset #808080)] [r=69 c=4 rs=1 cs=1]
              RenderText {TEXT} at (2,2) size 7x18
                text run at (2,2) width 7: "\x{E5}"
            RenderTableCell {TD} at (361,1658) size 60x22 [border: (1px inset #808080)] [r=69 c=5 rs=1 cs=1]
              RenderText {TEXT} at (2,2) size 7x18
                text run at (2,2) width 7: "\x{E5}"
          RenderTableRow {TR} at (0,0) size 0x0
            RenderTableCell {TD} at (2,1682) size 56x22 [border: (1px inset #808080)] [r=70 c=0 rs=1 cs=1]
              RenderText {TEXT} at (2,2) size 24x18
                text run at (2,2) width 24: "230"
            RenderTableCell {TD} at (60,1682) size 88x22 [border: (1px inset #808080)] [r=70 c=1 rs=1 cs=1]
              RenderText {TEXT} at (2,2) size 18x18
                text run at (2,2) width 18: "E6"
            RenderTableCell {TD} at (150,1682) size 83x22 [border: (1px inset #808080)] [r=70 c=2 rs=1 cs=1]
              RenderText {TEXT} at (2,2) size 30x18
                text run at (2,2) width 30: "aelig"
            RenderTableCell {TD} at (235,1682) size 57x22 [border: (1px inset #808080)] [r=70 c=3 rs=1 cs=1]
              RenderText {TEXT} at (2,2) size 11x18
                text run at (2,2) width 11: "\x{E6}"
            RenderTableCell {TD} at (294,1682) size 65x22 [border: (1px inset #808080)] [r=70 c=4 rs=1 cs=1]
              RenderText {TEXT} at (2,2) size 11x18
                text run at (2,2) width 11: "\x{E6}"
            RenderTableCell {TD} at (361,1682) size 60x22 [border: (1px inset #808080)] [r=70 c=5 rs=1 cs=1]
              RenderText {TEXT} at (2,2) size 11x18
                text run at (2,2) width 11: "\x{E6}"
          RenderTableRow {TR} at (0,0) size 0x0
            RenderTableCell {TD} at (2,1706) size 56x22 [border: (1px inset #808080)] [r=71 c=0 rs=1 cs=1]
              RenderText {TEXT} at (2,2) size 24x18
                text run at (2,2) width 24: "231"
            RenderTableCell {TD} at (60,1706) size 88x22 [border: (1px inset #808080)] [r=71 c=1 rs=1 cs=1]
              RenderText {TEXT} at (2,2) size 18x18
                text run at (2,2) width 18: "E7"
            RenderTableCell {TD} at (150,1706) size 83x22 [border: (1px inset #808080)] [r=71 c=2 rs=1 cs=1]
              RenderText {TEXT} at (2,2) size 37x18
                text run at (2,2) width 37: "ccedil"
            RenderTableCell {TD} at (235,1706) size 57x22 [border: (1px inset #808080)] [r=71 c=3 rs=1 cs=1]
              RenderText {TEXT} at (2,2) size 7x18
                text run at (2,2) width 7: "\x{E7}"
            RenderTableCell {TD} at (294,1706) size 65x22 [border: (1px inset #808080)] [r=71 c=4 rs=1 cs=1]
              RenderText {TEXT} at (2,2) size 7x18
                text run at (2,2) width 7: "\x{E7}"
            RenderTableCell {TD} at (361,1706) size 60x22 [border: (1px inset #808080)] [r=71 c=5 rs=1 cs=1]
              RenderText {TEXT} at (2,2) size 7x18
                text run at (2,2) width 7: "\x{E7}"
          RenderTableRow {TR} at (0,0) size 0x0
            RenderTableCell {TD} at (2,1730) size 56x22 [border: (1px inset #808080)] [r=72 c=0 rs=1 cs=1]
              RenderText {TEXT} at (2,2) size 24x18
                text run at (2,2) width 24: "232"
            RenderTableCell {TD} at (60,1730) size 88x22 [border: (1px inset #808080)] [r=72 c=1 rs=1 cs=1]
              RenderText {TEXT} at (2,2) size 18x18
                text run at (2,2) width 18: "E8"
            RenderTableCell {TD} at (150,1730) size 83x22 [border: (1px inset #808080)] [r=72 c=2 rs=1 cs=1]
              RenderText {TEXT} at (2,2) size 42x18
                text run at (2,2) width 42: "egrave"
            RenderTableCell {TD} at (235,1730) size 57x22 [border: (1px inset #808080)] [r=72 c=3 rs=1 cs=1]
              RenderText {TEXT} at (2,2) size 7x18
                text run at (2,2) width 7: "\x{E8}"
            RenderTableCell {TD} at (294,1730) size 65x22 [border: (1px inset #808080)] [r=72 c=4 rs=1 cs=1]
              RenderText {TEXT} at (2,2) size 7x18
                text run at (2,2) width 7: "\x{E8}"
            RenderTableCell {TD} at (361,1730) size 60x22 [border: (1px inset #808080)] [r=72 c=5 rs=1 cs=1]
              RenderText {TEXT} at (2,2) size 7x18
                text run at (2,2) width 7: "\x{E8}"
          RenderTableRow {TR} at (0,0) size 0x0
            RenderTableCell {TD} at (2,1754) size 56x22 [border: (1px inset #808080)] [r=73 c=0 rs=1 cs=1]
              RenderText {TEXT} at (2,2) size 24x18
                text run at (2,2) width 24: "233"
            RenderTableCell {TD} at (60,1754) size 88x22 [border: (1px inset #808080)] [r=73 c=1 rs=1 cs=1]
              RenderText {TEXT} at (2,2) size 18x18
                text run at (2,2) width 18: "E9"
            RenderTableCell {TD} at (150,1754) size 83x22 [border: (1px inset #808080)] [r=73 c=2 rs=1 cs=1]
              RenderText {TEXT} at (2,2) size 40x18
                text run at (2,2) width 40: "eacute"
            RenderTableCell {TD} at (235,1754) size 57x22 [border: (1px inset #808080)] [r=73 c=3 rs=1 cs=1]
              RenderText {TEXT} at (2,2) size 7x18
                text run at (2,2) width 7: "\x{E9}"
            RenderTableCell {TD} at (294,1754) size 65x22 [border: (1px inset #808080)] [r=73 c=4 rs=1 cs=1]
              RenderText {TEXT} at (2,2) size 7x18
                text run at (2,2) width 7: "\x{E9}"
            RenderTableCell {TD} at (361,1754) size 60x22 [border: (1px inset #808080)] [r=73 c=5 rs=1 cs=1]
              RenderText {TEXT} at (2,2) size 7x18
                text run at (2,2) width 7: "\x{E9}"
          RenderTableRow {TR} at (0,0) size 0x0
            RenderTableCell {TD} at (2,1778) size 56x22 [border: (1px inset #808080)] [r=74 c=0 rs=1 cs=1]
              RenderText {TEXT} at (2,2) size 24x18
                text run at (2,2) width 24: "234"
            RenderTableCell {TD} at (60,1778) size 88x22 [border: (1px inset #808080)] [r=74 c=1 rs=1 cs=1]
              RenderText {TEXT} at (2,2) size 22x18
                text run at (2,2) width 22: "EA"
            RenderTableCell {TD} at (150,1778) size 83x22 [border: (1px inset #808080)] [r=74 c=2 rs=1 cs=1]
              RenderText {TEXT} at (2,2) size 30x18
                text run at (2,2) width 30: "ecirc"
            RenderTableCell {TD} at (235,1778) size 57x22 [border: (1px inset #808080)] [r=74 c=3 rs=1 cs=1]
              RenderText {TEXT} at (2,2) size 7x18
                text run at (2,2) width 7: "\x{EA}"
            RenderTableCell {TD} at (294,1778) size 65x22 [border: (1px inset #808080)] [r=74 c=4 rs=1 cs=1]
              RenderText {TEXT} at (2,2) size 7x18
                text run at (2,2) width 7: "\x{EA}"
            RenderTableCell {TD} at (361,1778) size 60x22 [border: (1px inset #808080)] [r=74 c=5 rs=1 cs=1]
              RenderText {TEXT} at (2,2) size 7x18
                text run at (2,2) width 7: "\x{EA}"
          RenderTableRow {TR} at (0,0) size 0x0
            RenderTableCell {TD} at (2,1802) size 56x22 [border: (1px inset #808080)] [r=75 c=0 rs=1 cs=1]
              RenderText {TEXT} at (2,2) size 24x18
                text run at (2,2) width 24: "235"
            RenderTableCell {TD} at (60,1802) size 88x22 [border: (1px inset #808080)] [r=75 c=1 rs=1 cs=1]
              RenderText {TEXT} at (2,2) size 21x18
                text run at (2,2) width 21: "EB"
            RenderTableCell {TD} at (150,1802) size 83x22 [border: (1px inset #808080)] [r=75 c=2 rs=1 cs=1]
              RenderText {TEXT} at (2,2) size 31x18
                text run at (2,2) width 31: "euml"
            RenderTableCell {TD} at (235,1802) size 57x22 [border: (1px inset #808080)] [r=75 c=3 rs=1 cs=1]
              RenderText {TEXT} at (2,2) size 7x18
                text run at (2,2) width 7: "\x{EB}"
            RenderTableCell {TD} at (294,1802) size 65x22 [border: (1px inset #808080)] [r=75 c=4 rs=1 cs=1]
              RenderText {TEXT} at (2,2) size 7x18
                text run at (2,2) width 7: "\x{EB}"
            RenderTableCell {TD} at (361,1802) size 60x22 [border: (1px inset #808080)] [r=75 c=5 rs=1 cs=1]
              RenderText {TEXT} at (2,2) size 7x18
                text run at (2,2) width 7: "\x{EB}"
          RenderTableRow {TR} at (0,0) size 0x0
            RenderTableCell {TD} at (2,1826) size 56x22 [border: (1px inset #808080)] [r=76 c=0 rs=1 cs=1]
              RenderText {TEXT} at (2,2) size 24x18
                text run at (2,2) width 24: "236"
            RenderTableCell {TD} at (60,1826) size 88x22 [border: (1px inset #808080)] [r=76 c=1 rs=1 cs=1]
              RenderText {TEXT} at (2,2) size 21x18
                text run at (2,2) width 21: "EC"
            RenderTableCell {TD} at (150,1826) size 83x22 [border: (1px inset #808080)] [r=76 c=2 rs=1 cs=1]
              RenderText {TEXT} at (2,2) size 39x18
                text run at (2,2) width 39: "igrave"
            RenderTableCell {TD} at (235,1826) size 57x22 [border: (1px inset #808080)] [r=76 c=3 rs=1 cs=1]
              RenderText {TEXT} at (2,2) size 4x18
                text run at (2,2) width 4: "\x{EC}"
            RenderTableCell {TD} at (294,1826) size 65x22 [border: (1px inset #808080)] [r=76 c=4 rs=1 cs=1]
              RenderText {TEXT} at (2,2) size 4x18
                text run at (2,2) width 4: "\x{EC}"
            RenderTableCell {TD} at (361,1826) size 60x22 [border: (1px inset #808080)] [r=76 c=5 rs=1 cs=1]
              RenderText {TEXT} at (2,2) size 4x18
                text run at (2,2) width 4: "\x{EC}"
          RenderTableRow {TR} at (0,0) size 0x0
            RenderTableCell {TD} at (2,1850) size 56x22 [border: (1px inset #808080)] [r=77 c=0 rs=1 cs=1]
              RenderText {TEXT} at (2,2) size 24x18
                text run at (2,2) width 24: "237"
            RenderTableCell {TD} at (60,1850) size 88x22 [border: (1px inset #808080)] [r=77 c=1 rs=1 cs=1]
              RenderText {TEXT} at (2,2) size 22x18
                text run at (2,2) width 22: "ED"
            RenderTableCell {TD} at (150,1850) size 83x22 [border: (1px inset #808080)] [r=77 c=2 rs=1 cs=1]
              RenderText {TEXT} at (2,2) size 37x18
                text run at (2,2) width 37: "iacute"
            RenderTableCell {TD} at (235,1850) size 57x22 [border: (1px inset #808080)] [r=77 c=3 rs=1 cs=1]
              RenderText {TEXT} at (2,2) size 4x18
                text run at (2,2) width 4: "\x{ED}"
            RenderTableCell {TD} at (294,1850) size 65x22 [border: (1px inset #808080)] [r=77 c=4 rs=1 cs=1]
              RenderText {TEXT} at (2,2) size 4x18
                text run at (2,2) width 4: "\x{ED}"
            RenderTableCell {TD} at (361,1850) size 60x22 [border: (1px inset #808080)] [r=77 c=5 rs=1 cs=1]
              RenderText {TEXT} at (2,2) size 4x18
                text run at (2,2) width 4: "\x{ED}"
          RenderTableRow {TR} at (0,0) size 0x0
            RenderTableCell {TD} at (2,1874) size 56x22 [border: (1px inset #808080)] [r=78 c=0 rs=1 cs=1]
              RenderText {TEXT} at (2,2) size 24x18
                text run at (2,2) width 24: "238"
            RenderTableCell {TD} at (60,1874) size 88x22 [border: (1px inset #808080)] [r=78 c=1 rs=1 cs=1]
              RenderText {TEXT} at (2,2) size 20x18
                text run at (2,2) width 20: "EE"
            RenderTableCell {TD} at (150,1874) size 83x22 [border: (1px inset #808080)] [r=78 c=2 rs=1 cs=1]
              RenderText {TEXT} at (2,2) size 27x18
                text run at (2,2) width 27: "icirc"
            RenderTableCell {TD} at (235,1874) size 57x22 [border: (1px inset #808080)] [r=78 c=3 rs=1 cs=1]
              RenderText {TEXT} at (2,2) size 4x18
                text run at (2,2) width 4: "\x{EE}"
            RenderTableCell {TD} at (294,1874) size 65x22 [border: (1px inset #808080)] [r=78 c=4 rs=1 cs=1]
              RenderText {TEXT} at (2,2) size 4x18
                text run at (2,2) width 4: "\x{EE}"
            RenderTableCell {TD} at (361,1874) size 60x22 [border: (1px inset #808080)] [r=78 c=5 rs=1 cs=1]
              RenderText {TEXT} at (2,2) size 4x18
                text run at (2,2) width 4: "\x{EE}"
          RenderTableRow {TR} at (0,0) size 0x0
            RenderTableCell {TD} at (2,1898) size 56x22 [border: (1px inset #808080)] [r=79 c=0 rs=1 cs=1]
              RenderText {TEXT} at (2,2) size 24x18
                text run at (2,2) width 24: "239"
            RenderTableCell {TD} at (60,1898) size 88x22 [border: (1px inset #808080)] [r=79 c=1 rs=1 cs=1]
              RenderText {TEXT} at (2,2) size 19x18
                text run at (2,2) width 19: "EF"
            RenderTableCell {TD} at (150,1898) size 83x22 [border: (1px inset #808080)] [r=79 c=2 rs=1 cs=1]
              RenderText {TEXT} at (2,2) size 28x18
                text run at (2,2) width 28: "iuml"
            RenderTableCell {TD} at (235,1898) size 57x22 [border: (1px inset #808080)] [r=79 c=3 rs=1 cs=1]
              RenderText {TEXT} at (2,2) size 4x18
                text run at (2,2) width 4: "\x{EF}"
            RenderTableCell {TD} at (294,1898) size 65x22 [border: (1px inset #808080)] [r=79 c=4 rs=1 cs=1]
              RenderText {TEXT} at (2,2) size 4x18
                text run at (2,2) width 4: "\x{EF}"
            RenderTableCell {TD} at (361,1898) size 60x22 [border: (1px inset #808080)] [r=79 c=5 rs=1 cs=1]
              RenderText {TEXT} at (2,2) size 4x18
                text run at (2,2) width 4: "\x{EF}"
          RenderTableRow {TR} at (0,0) size 0x0
            RenderTableCell {TD} at (2,1922) size 56x22 [border: (1px inset #808080)] [r=80 c=0 rs=1 cs=1]
              RenderText {TEXT} at (2,2) size 24x18
                text run at (2,2) width 24: "240"
            RenderTableCell {TD} at (60,1922) size 88x22 [border: (1px inset #808080)] [r=80 c=1 rs=1 cs=1]
              RenderText {TEXT} at (2,2) size 17x18
                text run at (2,2) width 17: "F0"
            RenderTableCell {TD} at (150,1922) size 83x22 [border: (1px inset #808080)] [r=80 c=2 rs=1 cs=1]
              RenderText {TEXT} at (2,2) size 19x18
                text run at (2,2) width 19: "eth"
            RenderTableCell {TD} at (235,1922) size 57x22 [border: (1px inset #808080)] [r=80 c=3 rs=1 cs=1]
              RenderText {TEXT} at (2,2) size 8x18
                text run at (2,2) width 8: "\x{F0}"
            RenderTableCell {TD} at (294,1922) size 65x22 [border: (1px inset #808080)] [r=80 c=4 rs=1 cs=1]
              RenderText {TEXT} at (2,2) size 8x18
                text run at (2,2) width 8: "\x{F0}"
            RenderTableCell {TD} at (361,1922) size 60x22 [border: (1px inset #808080)] [r=80 c=5 rs=1 cs=1]
              RenderText {TEXT} at (2,2) size 8x18
                text run at (2,2) width 8: "\x{F0}"
          RenderTableRow {TR} at (0,0) size 0x0
            RenderTableCell {TD} at (2,1946) size 56x22 [border: (1px inset #808080)] [r=81 c=0 rs=1 cs=1]
              RenderText {TEXT} at (2,2) size 24x18
                text run at (2,2) width 24: "241"
            RenderTableCell {TD} at (60,1946) size 88x22 [border: (1px inset #808080)] [r=81 c=1 rs=1 cs=1]
              RenderText {TEXT} at (2,2) size 17x18
                text run at (2,2) width 17: "F1"
            RenderTableCell {TD} at (150,1946) size 83x22 [border: (1px inset #808080)] [r=81 c=2 rs=1 cs=1]
              RenderText {TEXT} at (2,2) size 35x18
                text run at (2,2) width 35: "ntilde"
            RenderTableCell {TD} at (235,1946) size 57x22 [border: (1px inset #808080)] [r=81 c=3 rs=1 cs=1]
              RenderText {TEXT} at (2,2) size 8x18
                text run at (2,2) width 8: "\x{F1}"
            RenderTableCell {TD} at (294,1946) size 65x22 [border: (1px inset #808080)] [r=81 c=4 rs=1 cs=1]
              RenderText {TEXT} at (2,2) size 8x18
                text run at (2,2) width 8: "\x{F1}"
            RenderTableCell {TD} at (361,1946) size 60x22 [border: (1px inset #808080)] [r=81 c=5 rs=1 cs=1]
              RenderText {TEXT} at (2,2) size 8x18
                text run at (2,2) width 8: "\x{F1}"
          RenderTableRow {TR} at (0,0) size 0x0
            RenderTableCell {TD} at (2,1970) size 56x22 [border: (1px inset #808080)] [r=82 c=0 rs=1 cs=1]
              RenderText {TEXT} at (2,2) size 24x18
                text run at (2,2) width 24: "242"
            RenderTableCell {TD} at (60,1970) size 88x22 [border: (1px inset #808080)] [r=82 c=1 rs=1 cs=1]
              RenderText {TEXT} at (2,2) size 17x18
                text run at (2,2) width 17: "F2"
            RenderTableCell {TD} at (150,1970) size 83x22 [border: (1px inset #808080)] [r=82 c=2 rs=1 cs=1]
              RenderText {TEXT} at (2,2) size 43x18
                text run at (2,2) width 43: "ograve"
            RenderTableCell {TD} at (235,1970) size 57x22 [border: (1px inset #808080)] [r=82 c=3 rs=1 cs=1]
              RenderText {TEXT} at (2,2) size 8x18
                text run at (2,2) width 8: "\x{F2}"
            RenderTableCell {TD} at (294,1970) size 65x22 [border: (1px inset #808080)] [r=82 c=4 rs=1 cs=1]
              RenderText {TEXT} at (2,2) size 8x18
                text run at (2,2) width 8: "\x{F2}"
            RenderTableCell {TD} at (361,1970) size 60x22 [border: (1px inset #808080)] [r=82 c=5 rs=1 cs=1]
              RenderText {TEXT} at (2,2) size 8x18
                text run at (2,2) width 8: "\x{F2}"
          RenderTableRow {TR} at (0,0) size 0x0
            RenderTableCell {TD} at (2,1994) size 56x22 [border: (1px inset #808080)] [r=83 c=0 rs=1 cs=1]
              RenderText {TEXT} at (2,2) size 24x18
                text run at (2,2) width 24: "243"
            RenderTableCell {TD} at (60,1994) size 88x22 [border: (1px inset #808080)] [r=83 c=1 rs=1 cs=1]
              RenderText {TEXT} at (2,2) size 17x18
                text run at (2,2) width 17: "F3"
            RenderTableCell {TD} at (150,1994) size 83x22 [border: (1px inset #808080)] [r=83 c=2 rs=1 cs=1]
              RenderText {TEXT} at (2,2) size 41x18
                text run at (2,2) width 41: "oacute"
            RenderTableCell {TD} at (235,1994) size 57x22 [border: (1px inset #808080)] [r=83 c=3 rs=1 cs=1]
              RenderText {TEXT} at (2,2) size 8x18
                text run at (2,2) width 8: "\x{F3}"
            RenderTableCell {TD} at (294,1994) size 65x22 [border: (1px inset #808080)] [r=83 c=4 rs=1 cs=1]
              RenderText {TEXT} at (2,2) size 8x18
                text run at (2,2) width 8: "\x{F3}"
            RenderTableCell {TD} at (361,1994) size 60x22 [border: (1px inset #808080)] [r=83 c=5 rs=1 cs=1]
              RenderText {TEXT} at (2,2) size 8x18
                text run at (2,2) width 8: "\x{F3}"
          RenderTableRow {TR} at (0,0) size 0x0
            RenderTableCell {TD} at (2,2018) size 56x22 [border: (1px inset #808080)] [r=84 c=0 rs=1 cs=1]
              RenderText {TEXT} at (2,2) size 24x18
                text run at (2,2) width 24: "244"
            RenderTableCell {TD} at (60,2018) size 88x22 [border: (1px inset #808080)] [r=84 c=1 rs=1 cs=1]
              RenderText {TEXT} at (2,2) size 17x18
                text run at (2,2) width 17: "F4"
            RenderTableCell {TD} at (150,2018) size 83x22 [border: (1px inset #808080)] [r=84 c=2 rs=1 cs=1]
              RenderText {TEXT} at (2,2) size 31x18
                text run at (2,2) width 31: "ocirc"
            RenderTableCell {TD} at (235,2018) size 57x22 [border: (1px inset #808080)] [r=84 c=3 rs=1 cs=1]
              RenderText {TEXT} at (2,2) size 8x18
                text run at (2,2) width 8: "\x{F4}"
            RenderTableCell {TD} at (294,2018) size 65x22 [border: (1px inset #808080)] [r=84 c=4 rs=1 cs=1]
              RenderText {TEXT} at (2,2) size 8x18
                text run at (2,2) width 8: "\x{F4}"
            RenderTableCell {TD} at (361,2018) size 60x22 [border: (1px inset #808080)] [r=84 c=5 rs=1 cs=1]
              RenderText {TEXT} at (2,2) size 8x18
                text run at (2,2) width 8: "\x{F4}"
          RenderTableRow {TR} at (0,0) size 0x0
            RenderTableCell {TD} at (2,2042) size 56x22 [border: (1px inset #808080)] [r=85 c=0 rs=1 cs=1]
              RenderText {TEXT} at (2,2) size 24x18
                text run at (2,2) width 24: "245"
            RenderTableCell {TD} at (60,2042) size 88x22 [border: (1px inset #808080)] [r=85 c=1 rs=1 cs=1]
              RenderText {TEXT} at (2,2) size 17x18
                text run at (2,2) width 17: "F5"
            RenderTableCell {TD} at (150,2042) size 83x22 [border: (1px inset #808080)] [r=85 c=2 rs=1 cs=1]
              RenderText {TEXT} at (2,2) size 35x18
                text run at (2,2) width 35: "otilde"
            RenderTableCell {TD} at (235,2042) size 57x22 [border: (1px inset #808080)] [r=85 c=3 rs=1 cs=1]
              RenderText {TEXT} at (2,2) size 8x18
                text run at (2,2) width 8: "\x{F5}"
            RenderTableCell {TD} at (294,2042) size 65x22 [border: (1px inset #808080)] [r=85 c=4 rs=1 cs=1]
              RenderText {TEXT} at (2,2) size 8x18
                text run at (2,2) width 8: "\x{F5}"
            RenderTableCell {TD} at (361,2042) size 60x22 [border: (1px inset #808080)] [r=85 c=5 rs=1 cs=1]
              RenderText {TEXT} at (2,2) size 8x18
                text run at (2,2) width 8: "\x{F5}"
          RenderTableRow {TR} at (0,0) size 0x0
            RenderTableCell {TD} at (2,2066) size 56x22 [border: (1px inset #808080)] [r=86 c=0 rs=1 cs=1]
              RenderText {TEXT} at (2,2) size 24x18
                text run at (2,2) width 24: "246"
            RenderTableCell {TD} at (60,2066) size 88x22 [border: (1px inset #808080)] [r=86 c=1 rs=1 cs=1]
              RenderText {TEXT} at (2,2) size 17x18
                text run at (2,2) width 17: "F6"
            RenderTableCell {TD} at (150,2066) size 83x22 [border: (1px inset #808080)] [r=86 c=2 rs=1 cs=1]
              RenderText {TEXT} at (2,2) size 32x18
                text run at (2,2) width 32: "ouml"
            RenderTableCell {TD} at (235,2066) size 57x22 [border: (1px inset #808080)] [r=86 c=3 rs=1 cs=1]
              RenderText {TEXT} at (2,2) size 8x18
                text run at (2,2) width 8: "\x{F6}"
            RenderTableCell {TD} at (294,2066) size 65x22 [border: (1px inset #808080)] [r=86 c=4 rs=1 cs=1]
              RenderText {TEXT} at (2,2) size 8x18
                text run at (2,2) width 8: "\x{F6}"
            RenderTableCell {TD} at (361,2066) size 60x22 [border: (1px inset #808080)] [r=86 c=5 rs=1 cs=1]
              RenderText {TEXT} at (2,2) size 8x18
                text run at (2,2) width 8: "\x{F6}"
          RenderTableRow {TR} at (0,0) size 0x0
            RenderTableCell {TD} at (2,2090) size 56x22 [border: (1px inset #808080)] [r=87 c=0 rs=1 cs=1]
              RenderText {TEXT} at (2,2) size 24x18
                text run at (2,2) width 24: "247"
            RenderTableCell {TD} at (60,2090) size 88x22 [border: (1px inset #808080)] [r=87 c=1 rs=1 cs=1]
              RenderText {TEXT} at (2,2) size 17x18
                text run at (2,2) width 17: "F7"
            RenderTableCell {TD} at (150,2090) size 83x22 [border: (1px inset #808080)] [r=87 c=2 rs=1 cs=1]
              RenderText {TEXT} at (2,2) size 39x18
                text run at (2,2) width 39: "divide"
            RenderTableCell {TD} at (235,2090) size 57x22 [border: (1px inset #808080)] [r=87 c=3 rs=1 cs=1]
              RenderText {TEXT} at (2,2) size 9x18
                text run at (2,2) width 9: "\x{F7}"
            RenderTableCell {TD} at (294,2090) size 65x22 [border: (1px inset #808080)] [r=87 c=4 rs=1 cs=1]
              RenderText {TEXT} at (2,2) size 9x18
                text run at (2,2) width 9: "\x{F7}"
            RenderTableCell {TD} at (361,2090) size 60x22 [border: (1px inset #808080)] [r=87 c=5 rs=1 cs=1]
              RenderText {TEXT} at (2,2) size 9x18
                text run at (2,2) width 9: "\x{F7}"
          RenderTableRow {TR} at (0,0) size 0x0
            RenderTableCell {TD} at (2,2114) size 56x22 [border: (1px inset #808080)] [r=88 c=0 rs=1 cs=1]
              RenderText {TEXT} at (2,2) size 24x18
                text run at (2,2) width 24: "248"
            RenderTableCell {TD} at (60,2114) size 88x22 [border: (1px inset #808080)] [r=88 c=1 rs=1 cs=1]
              RenderText {TEXT} at (2,2) size 17x18
                text run at (2,2) width 17: "F8"
            RenderTableCell {TD} at (150,2114) size 83x22 [border: (1px inset #808080)] [r=88 c=2 rs=1 cs=1]
              RenderText {TEXT} at (2,2) size 39x18
                text run at (2,2) width 39: "oslash"
            RenderTableCell {TD} at (235,2114) size 57x22 [border: (1px inset #808080)] [r=88 c=3 rs=1 cs=1]
              RenderText {TEXT} at (2,2) size 8x18
                text run at (2,2) width 8: "\x{F8}"
            RenderTableCell {TD} at (294,2114) size 65x22 [border: (1px inset #808080)] [r=88 c=4 rs=1 cs=1]
              RenderText {TEXT} at (2,2) size 8x18
                text run at (2,2) width 8: "\x{F8}"
            RenderTableCell {TD} at (361,2114) size 60x22 [border: (1px inset #808080)] [r=88 c=5 rs=1 cs=1]
              RenderText {TEXT} at (2,2) size 8x18
                text run at (2,2) width 8: "\x{F8}"
          RenderTableRow {TR} at (0,0) size 0x0
            RenderTableCell {TD} at (2,2138) size 56x22 [border: (1px inset #808080)] [r=89 c=0 rs=1 cs=1]
              RenderText {TEXT} at (2,2) size 24x18
                text run at (2,2) width 24: "249"
            RenderTableCell {TD} at (60,2138) size 88x22 [border: (1px inset #808080)] [r=89 c=1 rs=1 cs=1]
              RenderText {TEXT} at (2,2) size 17x18
                text run at (2,2) width 17: "F9"
            RenderTableCell {TD} at (150,2138) size 83x22 [border: (1px inset #808080)] [r=89 c=2 rs=1 cs=1]
              RenderText {TEXT} at (2,2) size 43x18
                text run at (2,2) width 43: "ugrave"
            RenderTableCell {TD} at (235,2138) size 57x22 [border: (1px inset #808080)] [r=89 c=3 rs=1 cs=1]
              RenderText {TEXT} at (2,2) size 8x18
                text run at (2,2) width 8: "\x{F9}"
            RenderTableCell {TD} at (294,2138) size 65x22 [border: (1px inset #808080)] [r=89 c=4 rs=1 cs=1]
              RenderText {TEXT} at (2,2) size 8x18
                text run at (2,2) width 8: "\x{F9}"
            RenderTableCell {TD} at (361,2138) size 60x22 [border: (1px inset #808080)] [r=89 c=5 rs=1 cs=1]
              RenderText {TEXT} at (2,2) size 8x18
                text run at (2,2) width 8: "\x{F9}"
          RenderTableRow {TR} at (0,0) size 0x0
            RenderTableCell {TD} at (2,2162) size 56x22 [border: (1px inset #808080)] [r=90 c=0 rs=1 cs=1]
              RenderText {TEXT} at (2,2) size 24x18
                text run at (2,2) width 24: "250"
            RenderTableCell {TD} at (60,2162) size 88x22 [border: (1px inset #808080)] [r=90 c=1 rs=1 cs=1]
              RenderText {TEXT} at (2,2) size 21x18
                text run at (2,2) width 21: "FA"
            RenderTableCell {TD} at (150,2162) size 83x22 [border: (1px inset #808080)] [r=90 c=2 rs=1 cs=1]
              RenderText {TEXT} at (2,2) size 41x18
                text run at (2,2) width 41: "uacute"
            RenderTableCell {TD} at (235,2162) size 57x22 [border: (1px inset #808080)] [r=90 c=3 rs=1 cs=1]
              RenderText {TEXT} at (2,2) size 8x18
                text run at (2,2) width 8: "\x{FA}"
            RenderTableCell {TD} at (294,2162) size 65x22 [border: (1px inset #808080)] [r=90 c=4 rs=1 cs=1]
              RenderText {TEXT} at (2,2) size 8x18
                text run at (2,2) width 8: "\x{FA}"
            RenderTableCell {TD} at (361,2162) size 60x22 [border: (1px inset #808080)] [r=90 c=5 rs=1 cs=1]
              RenderText {TEXT} at (2,2) size 8x18
                text run at (2,2) width 8: "\x{FA}"
          RenderTableRow {TR} at (0,0) size 0x0
            RenderTableCell {TD} at (2,2186) size 56x22 [border: (1px inset #808080)] [r=91 c=0 rs=1 cs=1]
              RenderText {TEXT} at (2,2) size 24x18
                text run at (2,2) width 24: "251"
            RenderTableCell {TD} at (60,2186) size 88x22 [border: (1px inset #808080)] [r=91 c=1 rs=1 cs=1]
              RenderText {TEXT} at (2,2) size 20x18
                text run at (2,2) width 20: "FB"
            RenderTableCell {TD} at (150,2186) size 83x22 [border: (1px inset #808080)] [r=91 c=2 rs=1 cs=1]
              RenderText {TEXT} at (2,2) size 31x18
                text run at (2,2) width 31: "ucirc"
            RenderTableCell {TD} at (235,2186) size 57x22 [border: (1px inset #808080)] [r=91 c=3 rs=1 cs=1]
              RenderText {TEXT} at (2,2) size 8x18
                text run at (2,2) width 8: "\x{FB}"
            RenderTableCell {TD} at (294,2186) size 65x22 [border: (1px inset #808080)] [r=91 c=4 rs=1 cs=1]
              RenderText {TEXT} at (2,2) size 8x18
                text run at (2,2) width 8: "\x{FB}"
            RenderTableCell {TD} at (361,2186) size 60x22 [border: (1px inset #808080)] [r=91 c=5 rs=1 cs=1]
              RenderText {TEXT} at (2,2) size 8x18
                text run at (2,2) width 8: "\x{FB}"
          RenderTableRow {TR} at (0,0) size 0x0
            RenderTableCell {TD} at (2,2210) size 56x22 [border: (1px inset #808080)] [r=92 c=0 rs=1 cs=1]
              RenderText {TEXT} at (2,2) size 24x18
                text run at (2,2) width 24: "252"
            RenderTableCell {TD} at (60,2210) size 88x22 [border: (1px inset #808080)] [r=92 c=1 rs=1 cs=1]
              RenderText {TEXT} at (2,2) size 20x18
                text run at (2,2) width 20: "FC"
            RenderTableCell {TD} at (150,2210) size 83x22 [border: (1px inset #808080)] [r=92 c=2 rs=1 cs=1]
              RenderText {TEXT} at (2,2) size 32x18
                text run at (2,2) width 32: "uuml"
            RenderTableCell {TD} at (235,2210) size 57x22 [border: (1px inset #808080)] [r=92 c=3 rs=1 cs=1]
              RenderText {TEXT} at (2,2) size 8x18
                text run at (2,2) width 8: "\x{FC}"
            RenderTableCell {TD} at (294,2210) size 65x22 [border: (1px inset #808080)] [r=92 c=4 rs=1 cs=1]
              RenderText {TEXT} at (2,2) size 8x18
                text run at (2,2) width 8: "\x{FC}"
            RenderTableCell {TD} at (361,2210) size 60x22 [border: (1px inset #808080)] [r=92 c=5 rs=1 cs=1]
              RenderText {TEXT} at (2,2) size 8x18
                text run at (2,2) width 8: "\x{FC}"
          RenderTableRow {TR} at (0,0) size 0x0
            RenderTableCell {TD} at (2,2234) size 56x22 [border: (1px inset #808080)] [r=93 c=0 rs=1 cs=1]
              RenderText {TEXT} at (2,2) size 24x18
                text run at (2,2) width 24: "253"
            RenderTableCell {TD} at (60,2234) size 88x22 [border: (1px inset #808080)] [r=93 c=1 rs=1 cs=1]
              RenderText {TEXT} at (2,2) size 21x18
                text run at (2,2) width 21: "FD"
            RenderTableCell {TD} at (150,2234) size 83x22 [border: (1px inset #808080)] [r=93 c=2 rs=1 cs=1]
              RenderText {TEXT} at (2,2) size 41x18
                text run at (2,2) width 41: "yacute"
            RenderTableCell {TD} at (235,2234) size 57x22 [border: (1px inset #808080)] [r=93 c=3 rs=1 cs=1]
              RenderText {TEXT} at (2,2) size 8x18
                text run at (2,2) width 8: "\x{FD}"
            RenderTableCell {TD} at (294,2234) size 65x22 [border: (1px inset #808080)] [r=93 c=4 rs=1 cs=1]
              RenderText {TEXT} at (2,2) size 8x18
                text run at (2,2) width 8: "\x{FD}"
            RenderTableCell {TD} at (361,2234) size 60x22 [border: (1px inset #808080)] [r=93 c=5 rs=1 cs=1]
              RenderText {TEXT} at (2,2) size 8x18
                text run at (2,2) width 8: "\x{FD}"
          RenderTableRow {TR} at (0,0) size 0x0
            RenderTableCell {TD} at (2,2258) size 56x22 [border: (1px inset #808080)] [r=94 c=0 rs=1 cs=1]
              RenderText {TEXT} at (2,2) size 24x18
                text run at (2,2) width 24: "254"
            RenderTableCell {TD} at (60,2258) size 88x22 [border: (1px inset #808080)] [r=94 c=1 rs=1 cs=1]
              RenderText {TEXT} at (2,2) size 19x18
                text run at (2,2) width 19: "FE"
            RenderTableCell {TD} at (150,2258) size 83x22 [border: (1px inset #808080)] [r=94 c=2 rs=1 cs=1]
              RenderText {TEXT} at (2,2) size 33x18
                text run at (2,2) width 33: "thorn"
            RenderTableCell {TD} at (235,2258) size 57x22 [border: (1px inset #808080)] [r=94 c=3 rs=1 cs=1]
              RenderText {TEXT} at (2,2) size 8x18
                text run at (2,2) width 8: "\x{FE}"
            RenderTableCell {TD} at (294,2258) size 65x22 [border: (1px inset #808080)] [r=94 c=4 rs=1 cs=1]
              RenderText {TEXT} at (2,2) size 8x18
                text run at (2,2) width 8: "\x{FE}"
            RenderTableCell {TD} at (361,2258) size 60x22 [border: (1px inset #808080)] [r=94 c=5 rs=1 cs=1]
              RenderText {TEXT} at (2,2) size 8x18
                text run at (2,2) width 8: "\x{FE}"
          RenderTableRow {TR} at (0,0) size 0x0
            RenderTableCell {TD} at (2,2282) size 56x22 [border: (1px inset #808080)] [r=95 c=0 rs=1 cs=1]
              RenderText {TEXT} at (2,2) size 24x18
                text run at (2,2) width 24: "255"
            RenderTableCell {TD} at (60,2282) size 88x22 [border: (1px inset #808080)] [r=95 c=1 rs=1 cs=1]
              RenderText {TEXT} at (2,2) size 18x18
                text run at (2,2) width 18: "FF"
            RenderTableCell {TD} at (150,2282) size 83x22 [border: (1px inset #808080)] [r=95 c=2 rs=1 cs=1]
              RenderText {TEXT} at (2,2) size 32x18
                text run at (2,2) width 32: "yuml"
            RenderTableCell {TD} at (235,2282) size 57x22 [border: (1px inset #808080)] [r=95 c=3 rs=1 cs=1]
              RenderText {TEXT} at (2,2) size 8x18
                text run at (2,2) width 8: "\x{FF}"
            RenderTableCell {TD} at (294,2282) size 65x22 [border: (1px inset #808080)] [r=95 c=4 rs=1 cs=1]
              RenderText {TEXT} at (2,2) size 8x18
                text run at (2,2) width 8: "\x{FF}"
            RenderTableCell {TD} at (361,2282) size 60x22 [border: (1px inset #808080)] [r=95 c=5 rs=1 cs=1]
              RenderText {TEXT} at (2,2) size 8x18
                text run at (2,2) width 8: "\x{FF}"
      RenderBlock {H2} at (0,2549) size 769x28
        RenderText {TEXT} at (0,0) size 393x28
          text run at (0,0) width 393: "Special Characters (xhtml-special.ent)"
      RenderTable {TABLE} at (0,2596) size 425x822 [border: (1px outset #808080)]
        RenderTableSection {THEAD} at (1,1) size 0x26
          RenderTableRow {TR} at (0,0) size 0x0
            RenderTableCell {TH} at (2,2) size 56x22 [border: (1px inset #808080)] [r=0 c=0 rs=1 cs=1]
              RenderText {TEXT} at (2,2) size 52x18
                text run at (2,2) width 52: "decimal"
            RenderTableCell {TH} at (60,2) size 88x22 [border: (1px inset #808080)] [r=0 c=1 rs=1 cs=1]
              RenderText {TEXT} at (2,2) size 84x18
                text run at (2,2) width 84: "hexadecimal"
            RenderTableCell {TH} at (150,2) size 83x22 [border: (1px inset #808080)] [r=0 c=2 rs=1 cs=1]
              RenderText {TEXT} at (2,2) size 79x18
                text run at (2,2) width 79: "entity name"
            RenderTableCell {TH} at (235,2) size 57x22 [border: (1px inset #808080)] [r=0 c=3 rs=1 cs=1]
              RenderText {TEXT} at (2,2) size 53x18
                text run at (2,2) width 53: "&#nnn;"
            RenderTableCell {TH} at (294,2) size 65x22 [border: (1px inset #808080)] [r=0 c=4 rs=1 cs=1]
              RenderText {TEXT} at (2,2) size 61x18
                text run at (2,2) width 61: "&#xhhh;"
            RenderTableCell {TH} at (361,2) size 60x22 [border: (1px inset #808080)] [r=0 c=5 rs=1 cs=1]
              RenderText {TEXT} at (2,2) size 56x18
                text run at (2,2) width 56: "&entity;"
        RenderTableSection {TBODY} at (1,27) size 0x794
          RenderTableRow {TR} at (0,0) size 0x0
            RenderTableCell {TD} at (2,2) size 56x22 [border: (1px inset #808080)] [r=0 c=0 rs=1 cs=1]
              RenderText {TEXT} at (2,2) size 16x18
                text run at (2,2) width 16: "34"
            RenderTableCell {TD} at (60,2) size 88x22 [border: (1px inset #808080)] [r=0 c=1 rs=1 cs=1]
              RenderText {TEXT} at (2,2) size 16x18
                text run at (2,2) width 16: "22"
            RenderTableCell {TD} at (150,2) size 83x22 [border: (1px inset #808080)] [r=0 c=2 rs=1 cs=1]
              RenderText {TEXT} at (2,2) size 28x18
                text run at (2,2) width 28: "quot"
            RenderTableCell {TD} at (235,2) size 57x22 [border: (1px inset #808080)] [r=0 c=3 rs=1 cs=1]
              RenderText {TEXT} at (2,2) size 7x18
                text run at (2,2) width 7: "\""
            RenderTableCell {TD} at (294,2) size 65x22 [border: (1px inset #808080)] [r=0 c=4 rs=1 cs=1]
              RenderText {TEXT} at (2,2) size 7x18
                text run at (2,2) width 7: "\""
            RenderTableCell {TD} at (361,2) size 60x22 [border: (1px inset #808080)] [r=0 c=5 rs=1 cs=1]
              RenderText {TEXT} at (2,2) size 7x18
                text run at (2,2) width 7: "\""
          RenderTableRow {TR} at (0,0) size 0x0
            RenderTableCell {TD} at (2,26) size 56x22 [border: (1px inset #808080)] [r=1 c=0 rs=1 cs=1]
              RenderText {TEXT} at (2,2) size 16x18
                text run at (2,2) width 16: "38"
            RenderTableCell {TD} at (60,26) size 88x22 [border: (1px inset #808080)] [r=1 c=1 rs=1 cs=1]
              RenderText {TEXT} at (2,2) size 16x18
                text run at (2,2) width 16: "26"
            RenderTableCell {TD} at (150,26) size 83x22 [border: (1px inset #808080)] [r=1 c=2 rs=1 cs=1]
              RenderText {TEXT} at (2,2) size 27x18
                text run at (2,2) width 27: "amp"
            RenderTableCell {TD} at (235,26) size 57x22 [border: (1px inset #808080)] [r=1 c=3 rs=1 cs=1]
              RenderText {TEXT} at (2,2) size 12x18
                text run at (2,2) width 12: "&"
            RenderTableCell {TD} at (294,26) size 65x22 [border: (1px inset #808080)] [r=1 c=4 rs=1 cs=1]
              RenderText {TEXT} at (2,2) size 12x18
                text run at (2,2) width 12: "&"
            RenderTableCell {TD} at (361,26) size 60x22 [border: (1px inset #808080)] [r=1 c=5 rs=1 cs=1]
              RenderText {TEXT} at (2,2) size 12x18
                text run at (2,2) width 12: "&"
          RenderTableRow {TR} at (0,0) size 0x0
            RenderTableCell {TD} at (2,50) size 56x22 [border: (1px inset #808080)] [r=2 c=0 rs=1 cs=1]
              RenderText {TEXT} at (2,2) size 16x18
                text run at (2,2) width 16: "60"
            RenderTableCell {TD} at (60,50) size 88x22 [border: (1px inset #808080)] [r=2 c=1 rs=1 cs=1]
              RenderText {TEXT} at (2,2) size 19x18
                text run at (2,2) width 19: "3C"
            RenderTableCell {TD} at (150,50) size 83x22 [border: (1px inset #808080)] [r=2 c=2 rs=1 cs=1]
              RenderText {TEXT} at (2,2) size 8x18
                text run at (2,2) width 8: "lt"
            RenderTableCell {TD} at (235,50) size 57x22 [border: (1px inset #808080)] [r=2 c=3 rs=1 cs=1]
              RenderText {TEXT} at (2,2) size 9x18
                text run at (2,2) width 9: "<"
            RenderTableCell {TD} at (294,50) size 65x22 [border: (1px inset #808080)] [r=2 c=4 rs=1 cs=1]
              RenderText {TEXT} at (2,2) size 9x18
                text run at (2,2) width 9: "<"
            RenderTableCell {TD} at (361,50) size 60x22 [border: (1px inset #808080)] [r=2 c=5 rs=1 cs=1]
              RenderText {TEXT} at (2,2) size 9x18
                text run at (2,2) width 9: "<"
          RenderTableRow {TR} at (0,0) size 0x0
            RenderTableCell {TD} at (2,74) size 56x22 [border: (1px inset #808080)] [r=3 c=0 rs=1 cs=1]
              RenderText {TEXT} at (2,2) size 16x18
                text run at (2,2) width 16: "62"
            RenderTableCell {TD} at (60,74) size 88x22 [border: (1px inset #808080)] [r=3 c=1 rs=1 cs=1]
              RenderText {TEXT} at (2,2) size 18x18
                text run at (2,2) width 18: "3E"
            RenderTableCell {TD} at (150,74) size 83x22 [border: (1px inset #808080)] [r=3 c=2 rs=1 cs=1]
              RenderText {TEXT} at (2,2) size 12x18
                text run at (2,2) width 12: "gt"
            RenderTableCell {TD} at (235,74) size 57x22 [border: (1px inset #808080)] [r=3 c=3 rs=1 cs=1]
              RenderText {TEXT} at (2,2) size 9x18
                text run at (2,2) width 9: ">"
            RenderTableCell {TD} at (294,74) size 65x22 [border: (1px inset #808080)] [r=3 c=4 rs=1 cs=1]
              RenderText {TEXT} at (2,2) size 9x18
                text run at (2,2) width 9: ">"
            RenderTableCell {TD} at (361,74) size 60x22 [border: (1px inset #808080)] [r=3 c=5 rs=1 cs=1]
              RenderText {TEXT} at (2,2) size 9x18
                text run at (2,2) width 9: ">"
          RenderTableRow {TR} at (0,0) size 0x0
            RenderTableCell {TD} at (2,98) size 56x22 [border: (1px inset #808080)] [r=4 c=0 rs=1 cs=1]
              RenderText {TEXT} at (2,2) size 16x18
                text run at (2,2) width 16: "39"
            RenderTableCell {TD} at (60,98) size 88x22 [border: (1px inset #808080)] [r=4 c=1 rs=1 cs=1]
              RenderText {TEXT} at (2,2) size 16x18
                text run at (2,2) width 16: "27"
            RenderTableCell {TD} at (150,98) size 83x22 [border: (1px inset #808080)] [r=4 c=2 rs=1 cs=1]
              RenderText {TEXT} at (2,2) size 29x18
                text run at (2,2) width 29: "apos"
            RenderTableCell {TD} at (235,98) size 57x22 [border: (1px inset #808080)] [r=4 c=3 rs=1 cs=1]
              RenderText {TEXT} at (2,2) size 3x18
                text run at (2,2) width 3: "'"
            RenderTableCell {TD} at (294,98) size 65x22 [border: (1px inset #808080)] [r=4 c=4 rs=1 cs=1]
              RenderText {TEXT} at (2,2) size 3x18
                text run at (2,2) width 3: "'"
            RenderTableCell {TD} at (361,98) size 60x22 [border: (1px inset #808080)] [r=4 c=5 rs=1 cs=1]
              RenderText {TEXT} at (2,2) size 3x18
                text run at (2,2) width 3: "'"
          RenderTableRow {TR} at (0,0) size 0x0
            RenderTableCell {TD} at (2,122) size 56x22 [border: (1px inset #808080)] [r=5 c=0 rs=1 cs=1]
              RenderText {TEXT} at (2,2) size 24x18
                text run at (2,2) width 24: "338"
            RenderTableCell {TD} at (60,122) size 88x22 [border: (1px inset #808080)] [r=5 c=1 rs=1 cs=1]
              RenderText {TEXT} at (2,2) size 24x18
                text run at (2,2) width 24: "152"
            RenderTableCell {TD} at (150,122) size 83x22 [border: (1px inset #808080)] [r=5 c=2 rs=1 cs=1]
              RenderText {TEXT} at (2,2) size 38x18
                text run at (2,2) width 38: "OElig"
            RenderTableCell {TD} at (235,122) size 57x22 [border: (1px inset #808080)] [r=5 c=3 rs=1 cs=1]
              RenderText {TEXT} at (2,2) size 14x18
                text run at (2,2) width 14: "\x{152}"
            RenderTableCell {TD} at (294,122) size 65x22 [border: (1px inset #808080)] [r=5 c=4 rs=1 cs=1]
              RenderText {TEXT} at (2,2) size 14x18
                text run at (2,2) width 14: "\x{152}"
            RenderTableCell {TD} at (361,122) size 60x22 [border: (1px inset #808080)] [r=5 c=5 rs=1 cs=1]
              RenderText {TEXT} at (2,2) size 14x18
                text run at (2,2) width 14: "\x{152}"
          RenderTableRow {TR} at (0,0) size 0x0
            RenderTableCell {TD} at (2,146) size 56x22 [border: (1px inset #808080)] [r=6 c=0 rs=1 cs=1]
              RenderText {TEXT} at (2,2) size 24x18
                text run at (2,2) width 24: "339"
            RenderTableCell {TD} at (60,146) size 88x22 [border: (1px inset #808080)] [r=6 c=1 rs=1 cs=1]
              RenderText {TEXT} at (2,2) size 24x18
                text run at (2,2) width 24: "153"
            RenderTableCell {TD} at (150,146) size 83x22 [border: (1px inset #808080)] [r=6 c=2 rs=1 cs=1]
              RenderText {TEXT} at (2,2) size 31x18
                text run at (2,2) width 31: "oelig"
            RenderTableCell {TD} at (235,146) size 57x22 [border: (1px inset #808080)] [r=6 c=3 rs=1 cs=1]
              RenderText {TEXT} at (2,2) size 12x18
                text run at (2,2) width 12: "\x{153}"
            RenderTableCell {TD} at (294,146) size 65x22 [border: (1px inset #808080)] [r=6 c=4 rs=1 cs=1]
              RenderText {TEXT} at (2,2) size 12x18
                text run at (2,2) width 12: "\x{153}"
            RenderTableCell {TD} at (361,146) size 60x22 [border: (1px inset #808080)] [r=6 c=5 rs=1 cs=1]
              RenderText {TEXT} at (2,2) size 12x18
                text run at (2,2) width 12: "\x{153}"
          RenderTableRow {TR} at (0,0) size 0x0
            RenderTableCell {TD} at (2,170) size 56x22 [border: (1px inset #808080)] [r=7 c=0 rs=1 cs=1]
              RenderText {TEXT} at (2,2) size 24x18
                text run at (2,2) width 24: "352"
            RenderTableCell {TD} at (60,170) size 88x22 [border: (1px inset #808080)] [r=7 c=1 rs=1 cs=1]
              RenderText {TEXT} at (2,2) size 24x18
                text run at (2,2) width 24: "160"
            RenderTableCell {TD} at (150,170) size 83x22 [border: (1px inset #808080)] [r=7 c=2 rs=1 cs=1]
              RenderText {TEXT} at (2,2) size 44x18
                text run at (2,2) width 44: "Scaron"
            RenderTableCell {TD} at (235,170) size 57x22 [border: (1px inset #808080)] [r=7 c=3 rs=1 cs=1]
              RenderText {TEXT} at (2,2) size 9x18
                text run at (2,2) width 9: "\x{160}"
            RenderTableCell {TD} at (294,170) size 65x22 [border: (1px inset #808080)] [r=7 c=4 rs=1 cs=1]
              RenderText {TEXT} at (2,2) size 9x18
                text run at (2,2) width 9: "\x{160}"
            RenderTableCell {TD} at (361,170) size 60x22 [border: (1px inset #808080)] [r=7 c=5 rs=1 cs=1]
              RenderText {TEXT} at (2,2) size 9x18
                text run at (2,2) width 9: "\x{160}"
          RenderTableRow {TR} at (0,0) size 0x0
            RenderTableCell {TD} at (2,194) size 56x22 [border: (1px inset #808080)] [r=8 c=0 rs=1 cs=1]
              RenderText {TEXT} at (2,2) size 24x18
                text run at (2,2) width 24: "353"
            RenderTableCell {TD} at (60,194) size 88x22 [border: (1px inset #808080)] [r=8 c=1 rs=1 cs=1]
              RenderText {TEXT} at (2,2) size 24x18
                text run at (2,2) width 24: "161"
            RenderTableCell {TD} at (150,194) size 83x22 [border: (1px inset #808080)] [r=8 c=2 rs=1 cs=1]
              RenderText {TEXT} at (2,2) size 41x18
                text run at (2,2) width 41: "scaron"
            RenderTableCell {TD} at (235,194) size 57x22 [border: (1px inset #808080)] [r=8 c=3 rs=1 cs=1]
              RenderText {TEXT} at (2,2) size 6x18
                text run at (2,2) width 6: "\x{161}"
            RenderTableCell {TD} at (294,194) size 65x22 [border: (1px inset #808080)] [r=8 c=4 rs=1 cs=1]
              RenderText {TEXT} at (2,2) size 6x18
                text run at (2,2) width 6: "\x{161}"
            RenderTableCell {TD} at (361,194) size 60x22 [border: (1px inset #808080)] [r=8 c=5 rs=1 cs=1]
              RenderText {TEXT} at (2,2) size 6x18
                text run at (2,2) width 6: "\x{161}"
          RenderTableRow {TR} at (0,0) size 0x0
            RenderTableCell {TD} at (2,218) size 56x22 [border: (1px inset #808080)] [r=9 c=0 rs=1 cs=1]
              RenderText {TEXT} at (2,2) size 24x18
                text run at (2,2) width 24: "376"
            RenderTableCell {TD} at (60,218) size 88x22 [border: (1px inset #808080)] [r=9 c=1 rs=1 cs=1]
              RenderText {TEXT} at (2,2) size 24x18
                text run at (2,2) width 24: "178"
            RenderTableCell {TD} at (150,218) size 83x22 [border: (1px inset #808080)] [r=9 c=2 rs=1 cs=1]
              RenderText {TEXT} at (2,2) size 36x18
                text run at (2,2) width 36: "Yuml"
            RenderTableCell {TD} at (235,218) size 57x22 [border: (1px inset #808080)] [r=9 c=3 rs=1 cs=1]
              RenderText {TEXT} at (2,2) size 12x18
                text run at (2,2) width 12: "\x{178}"
            RenderTableCell {TD} at (294,218) size 65x22 [border: (1px inset #808080)] [r=9 c=4 rs=1 cs=1]
              RenderText {TEXT} at (2,2) size 12x18
                text run at (2,2) width 12: "\x{178}"
            RenderTableCell {TD} at (361,218) size 60x22 [border: (1px inset #808080)] [r=9 c=5 rs=1 cs=1]
              RenderText {TEXT} at (2,2) size 12x18
                text run at (2,2) width 12: "\x{178}"
          RenderTableRow {TR} at (0,0) size 0x0
            RenderTableCell {TD} at (2,242) size 56x22 [border: (1px inset #808080)] [r=10 c=0 rs=1 cs=1]
              RenderText {TEXT} at (2,2) size 24x18
                text run at (2,2) width 24: "710"
            RenderTableCell {TD} at (60,242) size 88x22 [border: (1px inset #808080)] [r=10 c=1 rs=1 cs=1]
              RenderText {TEXT} at (2,2) size 27x18
                text run at (2,2) width 27: "2C6"
            RenderTableCell {TD} at (150,242) size 83x22 [border: (1px inset #808080)] [r=10 c=2 rs=1 cs=1]
              RenderText {TEXT} at (2,2) size 23x18
                text run at (2,2) width 23: "circ"
            RenderTableCell {TD} at (235,242) size 57x22 [border: (1px inset #808080)] [r=10 c=3 rs=1 cs=1]
              RenderText {TEXT} at (2,2) size 5x18
                text run at (2,2) width 5: "\x{2C6}"
            RenderTableCell {TD} at (294,242) size 65x22 [border: (1px inset #808080)] [r=10 c=4 rs=1 cs=1]
              RenderText {TEXT} at (2,2) size 5x18
                text run at (2,2) width 5: "\x{2C6}"
            RenderTableCell {TD} at (361,242) size 60x22 [border: (1px inset #808080)] [r=10 c=5 rs=1 cs=1]
              RenderText {TEXT} at (2,2) size 5x18
                text run at (2,2) width 5: "\x{2C6}"
          RenderTableRow {TR} at (0,0) size 0x0
            RenderTableCell {TD} at (2,266) size 56x22 [border: (1px inset #808080)] [r=11 c=0 rs=1 cs=1]
              RenderText {TEXT} at (2,2) size 24x18
                text run at (2,2) width 24: "732"
            RenderTableCell {TD} at (60,266) size 88x22 [border: (1px inset #808080)] [r=11 c=1 rs=1 cs=1]
              RenderText {TEXT} at (2,2) size 31x18
                text run at (2,2) width 31: "2DC"
            RenderTableCell {TD} at (150,266) size 83x22 [border: (1px inset #808080)] [r=11 c=2 rs=1 cs=1]
              RenderText {TEXT} at (2,2) size 27x18
                text run at (2,2) width 27: "tilde"
            RenderTableCell {TD} at (235,266) size 57x22 [border: (1px inset #808080)] [r=11 c=3 rs=1 cs=1]
              RenderText {TEXT} at (2,2) size 5x18
                text run at (2,2) width 5: "\x{2DC}"
            RenderTableCell {TD} at (294,266) size 65x22 [border: (1px inset #808080)] [r=11 c=4 rs=1 cs=1]
              RenderText {TEXT} at (2,2) size 5x18
                text run at (2,2) width 5: "\x{2DC}"
            RenderTableCell {TD} at (361,266) size 60x22 [border: (1px inset #808080)] [r=11 c=5 rs=1 cs=1]
              RenderText {TEXT} at (2,2) size 5x18
                text run at (2,2) width 5: "\x{2DC}"
          RenderTableRow {TR} at (0,0) size 0x0
            RenderTableCell {TD} at (2,290) size 56x22 [border: (1px inset #808080)] [r=12 c=0 rs=1 cs=1]
              RenderText {TEXT} at (2,2) size 32x18
                text run at (2,2) width 32: "8194"
            RenderTableCell {TD} at (60,290) size 88x22 [border: (1px inset #808080)] [r=12 c=1 rs=1 cs=1]
              RenderText {TEXT} at (2,2) size 32x18
                text run at (2,2) width 32: "2002"
            RenderTableCell {TD} at (150,290) size 83x22 [border: (1px inset #808080)] [r=12 c=2 rs=1 cs=1]
              RenderText {TEXT} at (2,2) size 29x18
                text run at (2,2) width 29: "ensp"
            RenderTableCell {TD} at (235,290) size 57x22 [border: (1px inset #808080)] [r=12 c=3 rs=1 cs=1]
              RenderText {TEXT} at (2,2) size 8x18
                text run at (2,2) width 8: "\x{2002}"
            RenderTableCell {TD} at (294,290) size 65x22 [border: (1px inset #808080)] [r=12 c=4 rs=1 cs=1]
              RenderText {TEXT} at (2,2) size 8x18
                text run at (2,2) width 8: "\x{2002}"
            RenderTableCell {TD} at (361,290) size 60x22 [border: (1px inset #808080)] [r=12 c=5 rs=1 cs=1]
              RenderText {TEXT} at (2,2) size 8x18
                text run at (2,2) width 8: "\x{2002}"
          RenderTableRow {TR} at (0,0) size 0x0
            RenderTableCell {TD} at (2,314) size 56x22 [border: (1px inset #808080)] [r=13 c=0 rs=1 cs=1]
              RenderText {TEXT} at (2,2) size 32x18
                text run at (2,2) width 32: "8195"
            RenderTableCell {TD} at (60,314) size 88x22 [border: (1px inset #808080)] [r=13 c=1 rs=1 cs=1]
              RenderText {TEXT} at (2,2) size 32x18
                text run at (2,2) width 32: "2003"
            RenderTableCell {TD} at (150,314) size 83x22 [border: (1px inset #808080)] [r=13 c=2 rs=1 cs=1]
              RenderText {TEXT} at (2,2) size 33x18
                text run at (2,2) width 33: "emsp"
            RenderTableCell {TD} at (235,314) size 57x22 [border: (1px inset #808080)] [r=13 c=3 rs=1 cs=1]
              RenderText {TEXT} at (2,2) size 16x18
                text run at (2,2) width 16: "\x{2003}"
            RenderTableCell {TD} at (294,314) size 65x22 [border: (1px inset #808080)] [r=13 c=4 rs=1 cs=1]
              RenderText {TEXT} at (2,2) size 16x18
                text run at (2,2) width 16: "\x{2003}"
            RenderTableCell {TD} at (361,314) size 60x22 [border: (1px inset #808080)] [r=13 c=5 rs=1 cs=1]
              RenderText {TEXT} at (2,2) size 16x18
                text run at (2,2) width 16: "\x{2003}"
          RenderTableRow {TR} at (0,0) size 0x0
            RenderTableCell {TD} at (2,338) size 56x22 [border: (1px inset #808080)] [r=14 c=0 rs=1 cs=1]
              RenderText {TEXT} at (2,2) size 32x18
                text run at (2,2) width 32: "8201"
            RenderTableCell {TD} at (60,338) size 88x22 [border: (1px inset #808080)] [r=14 c=1 rs=1 cs=1]
              RenderText {TEXT} at (2,2) size 32x18
                text run at (2,2) width 32: "2009"
            RenderTableCell {TD} at (150,338) size 83x22 [border: (1px inset #808080)] [r=14 c=2 rs=1 cs=1]
              RenderText {TEXT} at (2,2) size 38x18
                text run at (2,2) width 38: "thinsp"
            RenderTableCell {TD} at (235,338) size 57x22 [border: (1px inset #808080)] [r=14 c=3 rs=1 cs=1]
              RenderText {TEXT} at (2,2) size 4x18
                text run at (2,2) width 4: "\x{2009}"
            RenderTableCell {TD} at (294,338) size 65x22 [border: (1px inset #808080)] [r=14 c=4 rs=1 cs=1]
              RenderText {TEXT} at (2,2) size 4x18
                text run at (2,2) width 4: "\x{2009}"
            RenderTableCell {TD} at (361,338) size 60x22 [border: (1px inset #808080)] [r=14 c=5 rs=1 cs=1]
              RenderText {TEXT} at (2,2) size 4x18
                text run at (2,2) width 4: "\x{2009}"
          RenderTableRow {TR} at (0,0) size 0x0
            RenderTableCell {TD} at (2,362) size 56x22 [border: (1px inset #808080)] [r=15 c=0 rs=1 cs=1]
              RenderText {TEXT} at (2,2) size 32x18
                text run at (2,2) width 32: "8204"
            RenderTableCell {TD} at (60,362) size 88x22 [border: (1px inset #808080)] [r=15 c=1 rs=1 cs=1]
              RenderText {TEXT} at (2,2) size 35x18
                text run at (2,2) width 35: "200C"
            RenderTableCell {TD} at (150,362) size 83x22 [border: (1px inset #808080)] [r=15 c=2 rs=1 cs=1]
              RenderText {TEXT} at (2,2) size 31x18
                text run at (2,2) width 31: "zwnj"
            RenderTableCell {TD} at (235,362) size 57x22 [border: (1px inset #808080)] [r=15 c=3 rs=1 cs=1]
              RenderText {TEXT} at (2,2) size 0x18
                text run at (2,2) width 0: "\x{200C}"
            RenderTableCell {TD} at (294,362) size 65x22 [border: (1px inset #808080)] [r=15 c=4 rs=1 cs=1]
              RenderText {TEXT} at (2,2) size 0x18
                text run at (2,2) width 0: "\x{200C}"
            RenderTableCell {TD} at (361,362) size 60x22 [border: (1px inset #808080)] [r=15 c=5 rs=1 cs=1]
              RenderText {TEXT} at (2,2) size 0x18
                text run at (2,2) width 0: "\x{200C}"
          RenderTableRow {TR} at (0,0) size 0x0
            RenderTableCell {TD} at (2,386) size 56x22 [border: (1px inset #808080)] [r=16 c=0 rs=1 cs=1]
              RenderText {TEXT} at (2,2) size 32x18
                text run at (2,2) width 32: "8205"
            RenderTableCell {TD} at (60,386) size 88x22 [border: (1px inset #808080)] [r=16 c=1 rs=1 cs=1]
              RenderText {TEXT} at (2,2) size 36x18
                text run at (2,2) width 36: "200D"
            RenderTableCell {TD} at (150,386) size 83x22 [border: (1px inset #808080)] [r=16 c=2 rs=1 cs=1]
              RenderText {TEXT} at (2,2) size 23x18
                text run at (2,2) width 23: "zwj"
            RenderTableCell {TD} at (235,386) size 57x22 [border: (1px inset #808080)] [r=16 c=3 rs=1 cs=1]
              RenderText {TEXT} at (2,2) size 0x18
                text run at (2,2) width 0: "\x{200D}"
            RenderTableCell {TD} at (294,386) size 65x22 [border: (1px inset #808080)] [r=16 c=4 rs=1 cs=1]
              RenderText {TEXT} at (2,2) size 0x18
                text run at (2,2) width 0: "\x{200D}"
            RenderTableCell {TD} at (361,386) size 60x22 [border: (1px inset #808080)] [r=16 c=5 rs=1 cs=1]
              RenderText {TEXT} at (2,2) size 0x18
                text run at (2,2) width 0: "\x{200D}"
          RenderTableRow {TR} at (0,0) size 0x0
            RenderTableCell {TD} at (2,410) size 56x22 [border: (1px inset #808080)] [r=17 c=0 rs=1 cs=1]
              RenderText {TEXT} at (2,2) size 32x18
                text run at (2,2) width 32: "8206"
            RenderTableCell {TD} at (60,410) size 88x22 [border: (1px inset #808080)] [r=17 c=1 rs=1 cs=1]
              RenderText {TEXT} at (2,2) size 34x18
                text run at (2,2) width 34: "200E"
            RenderTableCell {TD} at (150,410) size 83x22 [border: (1px inset #808080)] [r=17 c=2 rs=1 cs=1]
              RenderText {TEXT} at (2,2) size 21x18
                text run at (2,2) width 21: "lrm"
            RenderTableCell {TD} at (235,410) size 57x22 [border: (1px inset #808080)] [r=17 c=3 rs=1 cs=1]
              RenderText {TEXT} at (2,2) size 0x18
                text run at (2,2) width 0: "\x{200E}"
            RenderTableCell {TD} at (294,410) size 65x22 [border: (1px inset #808080)] [r=17 c=4 rs=1 cs=1]
              RenderText {TEXT} at (2,2) size 0x18
                text run at (2,2) width 0: "\x{200E}"
            RenderTableCell {TD} at (361,410) size 60x22 [border: (1px inset #808080)] [r=17 c=5 rs=1 cs=1]
              RenderText {TEXT} at (2,2) size 0x18
                text run at (2,2) width 0: "\x{200E}"
          RenderTableRow {TR} at (0,0) size 0x0
            RenderTableCell {TD} at (2,434) size 56x22 [border: (1px inset #808080)] [r=18 c=0 rs=1 cs=1]
              RenderText {TEXT} at (2,2) size 32x18
                text run at (2,2) width 32: "8207"
            RenderTableCell {TD} at (60,434) size 88x22 [border: (1px inset #808080)] [r=18 c=1 rs=1 cs=1]
              RenderText {TEXT} at (2,2) size 33x18
                text run at (2,2) width 33: "200F"
            RenderTableCell {TD} at (150,434) size 83x22 [border: (1px inset #808080)] [r=18 c=2 rs=1 cs=1]
              RenderText {TEXT} at (2,2) size 21x18
                text run at (2,2) width 21: "rlm"
            RenderTableCell {TD} at (235,434) size 57x22 [border: (1px inset #808080)] [r=18 c=3 rs=1 cs=1]
              RenderText {TEXT} at (2,2) size 0x18
                text run at (2,2) width 0 RTL: "\x{200F}"
            RenderTableCell {TD} at (294,434) size 65x22 [border: (1px inset #808080)] [r=18 c=4 rs=1 cs=1]
              RenderText {TEXT} at (2,2) size 0x18
                text run at (2,2) width 0 RTL: "\x{200F}"
            RenderTableCell {TD} at (361,434) size 60x22 [border: (1px inset #808080)] [r=18 c=5 rs=1 cs=1]
              RenderText {TEXT} at (2,2) size 0x18
                text run at (2,2) width 0 RTL: "\x{200F}"
          RenderTableRow {TR} at (0,0) size 0x0
            RenderTableCell {TD} at (2,458) size 56x22 [border: (1px inset #808080)] [r=19 c=0 rs=1 cs=1]
              RenderText {TEXT} at (2,2) size 32x18
                text run at (2,2) width 32: "8211"
            RenderTableCell {TD} at (60,458) size 88x22 [border: (1px inset #808080)] [r=19 c=1 rs=1 cs=1]
              RenderText {TEXT} at (2,2) size 32x18
                text run at (2,2) width 32: "2013"
            RenderTableCell {TD} at (150,458) size 83x22 [border: (1px inset #808080)] [r=19 c=2 rs=1 cs=1]
              RenderText {TEXT} at (2,2) size 37x18
                text run at (2,2) width 37: "ndash"
            RenderTableCell {TD} at (235,458) size 57x22 [border: (1px inset #808080)] [r=19 c=3 rs=1 cs=1]
              RenderText {TEXT} at (2,2) size 8x18
                text run at (2,2) width 8: "\x{2013}"
            RenderTableCell {TD} at (294,458) size 65x22 [border: (1px inset #808080)] [r=19 c=4 rs=1 cs=1]
              RenderText {TEXT} at (2,2) size 8x18
                text run at (2,2) width 8: "\x{2013}"
            RenderTableCell {TD} at (361,458) size 60x22 [border: (1px inset #808080)] [r=19 c=5 rs=1 cs=1]
              RenderText {TEXT} at (2,2) size 8x18
                text run at (2,2) width 8: "\x{2013}"
          RenderTableRow {TR} at (0,0) size 0x0
            RenderTableCell {TD} at (2,482) size 56x22 [border: (1px inset #808080)] [r=20 c=0 rs=1 cs=1]
              RenderText {TEXT} at (2,2) size 32x18
                text run at (2,2) width 32: "8212"
            RenderTableCell {TD} at (60,482) size 88x22 [border: (1px inset #808080)] [r=20 c=1 rs=1 cs=1]
              RenderText {TEXT} at (2,2) size 32x18
                text run at (2,2) width 32: "2014"
            RenderTableCell {TD} at (150,482) size 83x22 [border: (1px inset #808080)] [r=20 c=2 rs=1 cs=1]
              RenderText {TEXT} at (2,2) size 41x18
                text run at (2,2) width 41: "mdash"
            RenderTableCell {TD} at (235,482) size 57x22 [border: (1px inset #808080)] [r=20 c=3 rs=1 cs=1]
              RenderText {TEXT} at (2,2) size 16x18
                text run at (2,2) width 16: "\x{2014}"
            RenderTableCell {TD} at (294,482) size 65x22 [border: (1px inset #808080)] [r=20 c=4 rs=1 cs=1]
              RenderText {TEXT} at (2,2) size 16x18
                text run at (2,2) width 16: "\x{2014}"
            RenderTableCell {TD} at (361,482) size 60x22 [border: (1px inset #808080)] [r=20 c=5 rs=1 cs=1]
              RenderText {TEXT} at (2,2) size 16x18
                text run at (2,2) width 16: "\x{2014}"
          RenderTableRow {TR} at (0,0) size 0x0
            RenderTableCell {TD} at (2,506) size 56x22 [border: (1px inset #808080)] [r=21 c=0 rs=1 cs=1]
              RenderText {TEXT} at (2,2) size 32x18
                text run at (2,2) width 32: "8216"
            RenderTableCell {TD} at (60,506) size 88x22 [border: (1px inset #808080)] [r=21 c=1 rs=1 cs=1]
              RenderText {TEXT} at (2,2) size 32x18
                text run at (2,2) width 32: "2018"
            RenderTableCell {TD} at (150,506) size 83x22 [border: (1px inset #808080)] [r=21 c=2 rs=1 cs=1]
              RenderText {TEXT} at (2,2) size 34x18
                text run at (2,2) width 34: "lsquo"
            RenderTableCell {TD} at (235,506) size 57x22 [border: (1px inset #808080)] [r=21 c=3 rs=1 cs=1]
              RenderText {TEXT} at (2,2) size 5x18
                text run at (2,2) width 5: "\x{2018}"
            RenderTableCell {TD} at (294,506) size 65x22 [border: (1px inset #808080)] [r=21 c=4 rs=1 cs=1]
              RenderText {TEXT} at (2,2) size 5x18
                text run at (2,2) width 5: "\x{2018}"
            RenderTableCell {TD} at (361,506) size 60x22 [border: (1px inset #808080)] [r=21 c=5 rs=1 cs=1]
              RenderText {TEXT} at (2,2) size 5x18
                text run at (2,2) width 5: "\x{2018}"
          RenderTableRow {TR} at (0,0) size 0x0
            RenderTableCell {TD} at (2,530) size 56x22 [border: (1px inset #808080)] [r=22 c=0 rs=1 cs=1]
              RenderText {TEXT} at (2,2) size 32x18
                text run at (2,2) width 32: "8217"
            RenderTableCell {TD} at (60,530) size 88x22 [border: (1px inset #808080)] [r=22 c=1 rs=1 cs=1]
              RenderText {TEXT} at (2,2) size 32x18
                text run at (2,2) width 32: "2019"
            RenderTableCell {TD} at (150,530) size 83x22 [border: (1px inset #808080)] [r=22 c=2 rs=1 cs=1]
              RenderText {TEXT} at (2,2) size 35x18
                text run at (2,2) width 35: "rsquo"
            RenderTableCell {TD} at (235,530) size 57x22 [border: (1px inset #808080)] [r=22 c=3 rs=1 cs=1]
              RenderText {TEXT} at (2,2) size 5x18
                text run at (2,2) width 5: "\x{2019}"
            RenderTableCell {TD} at (294,530) size 65x22 [border: (1px inset #808080)] [r=22 c=4 rs=1 cs=1]
              RenderText {TEXT} at (2,2) size 5x18
                text run at (2,2) width 5: "\x{2019}"
            RenderTableCell {TD} at (361,530) size 60x22 [border: (1px inset #808080)] [r=22 c=5 rs=1 cs=1]
              RenderText {TEXT} at (2,2) size 5x18
                text run at (2,2) width 5: "\x{2019}"
          RenderTableRow {TR} at (0,0) size 0x0
            RenderTableCell {TD} at (2,554) size 56x22 [border: (1px inset #808080)] [r=23 c=0 rs=1 cs=1]
              RenderText {TEXT} at (2,2) size 32x18
                text run at (2,2) width 32: "8218"
            RenderTableCell {TD} at (60,554) size 88x22 [border: (1px inset #808080)] [r=23 c=1 rs=1 cs=1]
              RenderText {TEXT} at (2,2) size 36x18
                text run at (2,2) width 36: "201A"
            RenderTableCell {TD} at (150,554) size 83x22 [border: (1px inset #808080)] [r=23 c=2 rs=1 cs=1]
              RenderText {TEXT} at (2,2) size 38x18
                text run at (2,2) width 38: "sbquo"
            RenderTableCell {TD} at (235,554) size 57x22 [border: (1px inset #808080)] [r=23 c=3 rs=1 cs=1]
              RenderText {TEXT} at (2,2) size 5x18
                text run at (2,2) width 5: "\x{201A}"
            RenderTableCell {TD} at (294,554) size 65x22 [border: (1px inset #808080)] [r=23 c=4 rs=1 cs=1]
              RenderText {TEXT} at (2,2) size 5x18
                text run at (2,2) width 5: "\x{201A}"
            RenderTableCell {TD} at (361,554) size 60x22 [border: (1px inset #808080)] [r=23 c=5 rs=1 cs=1]
              RenderText {TEXT} at (2,2) size 5x18
                text run at (2,2) width 5: "\x{201A}"
          RenderTableRow {TR} at (0,0) size 0x0
            RenderTableCell {TD} at (2,578) size 56x22 [border: (1px inset #808080)] [r=24 c=0 rs=1 cs=1]
              RenderText {TEXT} at (2,2) size 32x18
                text run at (2,2) width 32: "8220"
            RenderTableCell {TD} at (60,578) size 88x22 [border: (1px inset #808080)] [r=24 c=1 rs=1 cs=1]
              RenderText {TEXT} at (2,2) size 35x18
                text run at (2,2) width 35: "201C"
            RenderTableCell {TD} at (150,578) size 83x22 [border: (1px inset #808080)] [r=24 c=2 rs=1 cs=1]
              RenderText {TEXT} at (2,2) size 36x18
                text run at (2,2) width 36: "ldquo"
            RenderTableCell {TD} at (235,578) size 57x22 [border: (1px inset #808080)] [r=24 c=3 rs=1 cs=1]
              RenderText {TEXT} at (2,2) size 7x18
                text run at (2,2) width 7: "\x{201C}"
            RenderTableCell {TD} at (294,578) size 65x22 [border: (1px inset #808080)] [r=24 c=4 rs=1 cs=1]
              RenderText {TEXT} at (2,2) size 7x18
                text run at (2,2) width 7: "\x{201C}"
            RenderTableCell {TD} at (361,578) size 60x22 [border: (1px inset #808080)] [r=24 c=5 rs=1 cs=1]
              RenderText {TEXT} at (2,2) size 7x18
                text run at (2,2) width 7: "\x{201C}"
          RenderTableRow {TR} at (0,0) size 0x0
            RenderTableCell {TD} at (2,602) size 56x22 [border: (1px inset #808080)] [r=25 c=0 rs=1 cs=1]
              RenderText {TEXT} at (2,2) size 32x18
                text run at (2,2) width 32: "8221"
            RenderTableCell {TD} at (60,602) size 88x22 [border: (1px inset #808080)] [r=25 c=1 rs=1 cs=1]
              RenderText {TEXT} at (2,2) size 36x18
                text run at (2,2) width 36: "201D"
            RenderTableCell {TD} at (150,602) size 83x22 [border: (1px inset #808080)] [r=25 c=2 rs=1 cs=1]
              RenderText {TEXT} at (2,2) size 37x18
                text run at (2,2) width 37: "rdquo"
            RenderTableCell {TD} at (235,602) size 57x22 [border: (1px inset #808080)] [r=25 c=3 rs=1 cs=1]
              RenderText {TEXT} at (2,2) size 7x18
                text run at (2,2) width 7: "\x{201D}"
            RenderTableCell {TD} at (294,602) size 65x22 [border: (1px inset #808080)] [r=25 c=4 rs=1 cs=1]
              RenderText {TEXT} at (2,2) size 7x18
                text run at (2,2) width 7: "\x{201D}"
            RenderTableCell {TD} at (361,602) size 60x22 [border: (1px inset #808080)] [r=25 c=5 rs=1 cs=1]
              RenderText {TEXT} at (2,2) size 7x18
                text run at (2,2) width 7: "\x{201D}"
          RenderTableRow {TR} at (0,0) size 0x0
            RenderTableCell {TD} at (2,626) size 56x22 [border: (1px inset #808080)] [r=26 c=0 rs=1 cs=1]
              RenderText {TEXT} at (2,2) size 32x18
                text run at (2,2) width 32: "8222"
            RenderTableCell {TD} at (60,626) size 88x22 [border: (1px inset #808080)] [r=26 c=1 rs=1 cs=1]
              RenderText {TEXT} at (2,2) size 34x18
                text run at (2,2) width 34: "201E"
            RenderTableCell {TD} at (150,626) size 83x22 [border: (1px inset #808080)] [r=26 c=2 rs=1 cs=1]
              RenderText {TEXT} at (2,2) size 40x18
                text run at (2,2) width 40: "bdquo"
            RenderTableCell {TD} at (235,626) size 57x22 [border: (1px inset #808080)] [r=26 c=3 rs=1 cs=1]
              RenderText {TEXT} at (2,2) size 7x18
                text run at (2,2) width 7: "\x{201E}"
            RenderTableCell {TD} at (294,626) size 65x22 [border: (1px inset #808080)] [r=26 c=4 rs=1 cs=1]
              RenderText {TEXT} at (2,2) size 7x18
                text run at (2,2) width 7: "\x{201E}"
            RenderTableCell {TD} at (361,626) size 60x22 [border: (1px inset #808080)] [r=26 c=5 rs=1 cs=1]
              RenderText {TEXT} at (2,2) size 7x18
                text run at (2,2) width 7: "\x{201E}"
          RenderTableRow {TR} at (0,0) size 0x0
            RenderTableCell {TD} at (2,650) size 56x22 [border: (1px inset #808080)] [r=27 c=0 rs=1 cs=1]
              RenderText {TEXT} at (2,2) size 32x18
                text run at (2,2) width 32: "8224"
            RenderTableCell {TD} at (60,650) size 88x22 [border: (1px inset #808080)] [r=27 c=1 rs=1 cs=1]
              RenderText {TEXT} at (2,2) size 32x18
                text run at (2,2) width 32: "2020"
            RenderTableCell {TD} at (150,650) size 83x22 [border: (1px inset #808080)] [r=27 c=2 rs=1 cs=1]
              RenderText {TEXT} at (2,2) size 43x18
                text run at (2,2) width 43: "dagger"
            RenderTableCell {TD} at (235,650) size 57x22 [border: (1px inset #808080)] [r=27 c=3 rs=1 cs=1]
              RenderText {TEXT} at (2,2) size 8x18
                text run at (2,2) width 8: "\x{2020}"
            RenderTableCell {TD} at (294,650) size 65x22 [border: (1px inset #808080)] [r=27 c=4 rs=1 cs=1]
              RenderText {TEXT} at (2,2) size 8x18
                text run at (2,2) width 8: "\x{2020}"
            RenderTableCell {TD} at (361,650) size 60x22 [border: (1px inset #808080)] [r=27 c=5 rs=1 cs=1]
              RenderText {TEXT} at (2,2) size 8x18
                text run at (2,2) width 8: "\x{2020}"
          RenderTableRow {TR} at (0,0) size 0x0
            RenderTableCell {TD} at (2,674) size 56x22 [border: (1px inset #808080)] [r=28 c=0 rs=1 cs=1]
              RenderText {TEXT} at (2,2) size 32x18
                text run at (2,2) width 32: "8225"
            RenderTableCell {TD} at (60,674) size 88x22 [border: (1px inset #808080)] [r=28 c=1 rs=1 cs=1]
              RenderText {TEXT} at (2,2) size 32x18
                text run at (2,2) width 32: "2021"
            RenderTableCell {TD} at (150,674) size 83x22 [border: (1px inset #808080)] [r=28 c=2 rs=1 cs=1]
              RenderText {TEXT} at (2,2) size 47x18
                text run at (2,2) width 47: "Dagger"
            RenderTableCell {TD} at (235,674) size 57x22 [border: (1px inset #808080)] [r=28 c=3 rs=1 cs=1]
              RenderText {TEXT} at (2,2) size 8x18
                text run at (2,2) width 8: "\x{2021}"
            RenderTableCell {TD} at (294,674) size 65x22 [border: (1px inset #808080)] [r=28 c=4 rs=1 cs=1]
              RenderText {TEXT} at (2,2) size 8x18
                text run at (2,2) width 8: "\x{2021}"
            RenderTableCell {TD} at (361,674) size 60x22 [border: (1px inset #808080)] [r=28 c=5 rs=1 cs=1]
              RenderText {TEXT} at (2,2) size 8x18
                text run at (2,2) width 8: "\x{2021}"
          RenderTableRow {TR} at (0,0) size 0x0
            RenderTableCell {TD} at (2,698) size 56x22 [border: (1px inset #808080)] [r=29 c=0 rs=1 cs=1]
              RenderText {TEXT} at (2,2) size 32x18
                text run at (2,2) width 32: "8240"
            RenderTableCell {TD} at (60,698) size 88x22 [border: (1px inset #808080)] [r=29 c=1 rs=1 cs=1]
              RenderText {TEXT} at (2,2) size 32x18
                text run at (2,2) width 32: "2030"
            RenderTableCell {TD} at (150,698) size 83x22 [border: (1px inset #808080)] [r=29 c=2 rs=1 cs=1]
              RenderText {TEXT} at (2,2) size 40x18
                text run at (2,2) width 40: "permil"
            RenderTableCell {TD} at (235,698) size 57x22 [border: (1px inset #808080)] [r=29 c=3 rs=1 cs=1]
              RenderText {TEXT} at (2,2) size 16x18
                text run at (2,2) width 16: "\x{2030}"
            RenderTableCell {TD} at (294,698) size 65x22 [border: (1px inset #808080)] [r=29 c=4 rs=1 cs=1]
              RenderText {TEXT} at (2,2) size 16x18
                text run at (2,2) width 16: "\x{2030}"
            RenderTableCell {TD} at (361,698) size 60x22 [border: (1px inset #808080)] [r=29 c=5 rs=1 cs=1]
              RenderText {TEXT} at (2,2) size 16x18
                text run at (2,2) width 16: "\x{2030}"
          RenderTableRow {TR} at (0,0) size 0x0
            RenderTableCell {TD} at (2,722) size 56x22 [border: (1px inset #808080)] [r=30 c=0 rs=1 cs=1]
              RenderText {TEXT} at (2,2) size 32x18
                text run at (2,2) width 32: "8249"
            RenderTableCell {TD} at (60,722) size 88x22 [border: (1px inset #808080)] [r=30 c=1 rs=1 cs=1]
              RenderText {TEXT} at (2,2) size 32x18
                text run at (2,2) width 32: "2039"
            RenderTableCell {TD} at (150,722) size 83x22 [border: (1px inset #808080)] [r=30 c=2 rs=1 cs=1]
              RenderText {TEXT} at (2,2) size 41x18
                text run at (2,2) width 41: "lsaquo"
            RenderTableCell {TD} at (235,722) size 57x22 [border: (1px inset #808080)] [r=30 c=3 rs=1 cs=1]
              RenderText {TEXT} at (2,2) size 5x18
                text run at (2,2) width 5: "\x{2039}"
            RenderTableCell {TD} at (294,722) size 65x22 [border: (1px inset #808080)] [r=30 c=4 rs=1 cs=1]
              RenderText {TEXT} at (2,2) size 5x18
                text run at (2,2) width 5: "\x{2039}"
            RenderTableCell {TD} at (361,722) size 60x22 [border: (1px inset #808080)] [r=30 c=5 rs=1 cs=1]
              RenderText {TEXT} at (2,2) size 5x18
                text run at (2,2) width 5: "\x{2039}"
          RenderTableRow {TR} at (0,0) size 0x0
            RenderTableCell {TD} at (2,746) size 56x22 [border: (1px inset #808080)] [r=31 c=0 rs=1 cs=1]
              RenderText {TEXT} at (2,2) size 32x18
                text run at (2,2) width 32: "8250"
            RenderTableCell {TD} at (60,746) size 88x22 [border: (1px inset #808080)] [r=31 c=1 rs=1 cs=1]
              RenderText {TEXT} at (2,2) size 36x18
                text run at (2,2) width 36: "203A"
            RenderTableCell {TD} at (150,746) size 83x22 [border: (1px inset #808080)] [r=31 c=2 rs=1 cs=1]
              RenderText {TEXT} at (2,2) size 42x18
                text run at (2,2) width 42: "rsaquo"
            RenderTableCell {TD} at (235,746) size 57x22 [border: (1px inset #808080)] [r=31 c=3 rs=1 cs=1]
              RenderText {TEXT} at (2,2) size 5x18
                text run at (2,2) width 5: "\x{203A}"
            RenderTableCell {TD} at (294,746) size 65x22 [border: (1px inset #808080)] [r=31 c=4 rs=1 cs=1]
              RenderText {TEXT} at (2,2) size 5x18
                text run at (2,2) width 5: "\x{203A}"
            RenderTableCell {TD} at (361,746) size 60x22 [border: (1px inset #808080)] [r=31 c=5 rs=1 cs=1]
              RenderText {TEXT} at (2,2) size 5x18
                text run at (2,2) width 5: "\x{203A}"
          RenderTableRow {TR} at (0,0) size 0x0
            RenderTableCell {TD} at (2,770) size 56x22 [border: (1px inset #808080)] [r=32 c=0 rs=1 cs=1]
              RenderText {TEXT} at (2,2) size 32x18
                text run at (2,2) width 32: "8364"
            RenderTableCell {TD} at (60,770) size 88x22 [border: (1px inset #808080)] [r=32 c=1 rs=1 cs=1]
              RenderText {TEXT} at (2,2) size 39x18
                text run at (2,2) width 39: "20AC"
            RenderTableCell {TD} at (150,770) size 83x22 [border: (1px inset #808080)] [r=32 c=2 rs=1 cs=1]
              RenderText {TEXT} at (2,2) size 28x18
                text run at (2,2) width 28: "euro"
            RenderTableCell {TD} at (235,770) size 57x22 [border: (1px inset #808080)] [r=32 c=3 rs=1 cs=1]
              RenderText {TEXT} at (2,2) size 12x18
                text run at (2,2) width 12: "\x{20AC}"
            RenderTableCell {TD} at (294,770) size 65x22 [border: (1px inset #808080)] [r=32 c=4 rs=1 cs=1]
              RenderText {TEXT} at (2,2) size 12x18
                text run at (2,2) width 12: "\x{20AC}"
            RenderTableCell {TD} at (361,770) size 60x22 [border: (1px inset #808080)] [r=32 c=5 rs=1 cs=1]
              RenderText {TEXT} at (2,2) size 12x18
                text run at (2,2) width 12: "\x{20AC}"
      RenderBlock {H2} at (0,3437) size 769x28
        RenderText {TEXT} at (0,0) size 287x28
          text run at (0,0) width 287: "Symbols (xhtml-symbol.ent)"
      RenderTable {TABLE} at (0,3484) size 425x3006 [border: (1px outset #808080)]
        RenderTableSection {THEAD} at (1,1) size 0x26
          RenderTableRow {TR} at (0,0) size 0x0
            RenderTableCell {TH} at (2,2) size 56x22 [border: (1px inset #808080)] [r=0 c=0 rs=1 cs=1]
              RenderText {TEXT} at (2,2) size 52x18
                text run at (2,2) width 52: "decimal"
            RenderTableCell {TH} at (60,2) size 88x22 [border: (1px inset #808080)] [r=0 c=1 rs=1 cs=1]
              RenderText {TEXT} at (2,2) size 84x18
                text run at (2,2) width 84: "hexadecimal"
            RenderTableCell {TH} at (150,2) size 83x22 [border: (1px inset #808080)] [r=0 c=2 rs=1 cs=1]
              RenderText {TEXT} at (2,2) size 79x18
                text run at (2,2) width 79: "entity name"
            RenderTableCell {TH} at (235,2) size 57x22 [border: (1px inset #808080)] [r=0 c=3 rs=1 cs=1]
              RenderText {TEXT} at (2,2) size 53x18
                text run at (2,2) width 53: "&#nnn;"
            RenderTableCell {TH} at (294,2) size 65x22 [border: (1px inset #808080)] [r=0 c=4 rs=1 cs=1]
              RenderText {TEXT} at (2,2) size 61x18
                text run at (2,2) width 61: "&#xhhh;"
            RenderTableCell {TH} at (361,2) size 60x22 [border: (1px inset #808080)] [r=0 c=5 rs=1 cs=1]
              RenderText {TEXT} at (2,2) size 56x18
                text run at (2,2) width 56: "&entity;"
        RenderTableSection {TBODY} at (1,27) size 0x2978
          RenderTableRow {TR} at (0,0) size 0x0
            RenderTableCell {TD} at (2,2) size 56x22 [border: (1px inset #808080)] [r=0 c=0 rs=1 cs=1]
              RenderText {TEXT} at (2,2) size 24x18
                text run at (2,2) width 24: "402"
            RenderTableCell {TD} at (60,2) size 88x22 [border: (1px inset #808080)] [r=0 c=1 rs=1 cs=1]
              RenderText {TEXT} at (2,2) size 24x18
                text run at (2,2) width 24: "192"
            RenderTableCell {TD} at (150,2) size 83x22 [border: (1px inset #808080)] [r=0 c=2 rs=1 cs=1]
              RenderText {TEXT} at (2,2) size 26x18
                text run at (2,2) width 26: "fnof"
            RenderTableCell {TD} at (235,2) size 57x22 [border: (1px inset #808080)] [r=0 c=3 rs=1 cs=1]
              RenderText {TEXT} at (2,2) size 8x18
                text run at (2,2) width 8: "\x{192}"
            RenderTableCell {TD} at (294,2) size 65x22 [border: (1px inset #808080)] [r=0 c=4 rs=1 cs=1]
              RenderText {TEXT} at (2,2) size 8x18
                text run at (2,2) width 8: "\x{192}"
            RenderTableCell {TD} at (361,2) size 60x22 [border: (1px inset #808080)] [r=0 c=5 rs=1 cs=1]
              RenderText {TEXT} at (2,2) size 8x18
                text run at (2,2) width 8: "\x{192}"
          RenderTableRow {TR} at (0,0) size 0x0
            RenderTableCell {TD} at (2,26) size 56x22 [border: (1px inset #808080)] [r=1 c=0 rs=1 cs=1]
              RenderText {TEXT} at (2,2) size 24x18
                text run at (2,2) width 24: "913"
            RenderTableCell {TD} at (60,26) size 88x22 [border: (1px inset #808080)] [r=1 c=1 rs=1 cs=1]
              RenderText {TEXT} at (2,2) size 24x18
                text run at (2,2) width 24: "391"
            RenderTableCell {TD} at (150,26) size 83x22 [border: (1px inset #808080)] [r=1 c=2 rs=1 cs=1]
              RenderText {TEXT} at (2,2) size 39x18
                text run at (2,2) width 39: "Alpha"
            RenderTableCell {TD} at (235,26) size 57x22 [border: (1px inset #808080)] [r=1 c=3 rs=1 cs=1]
              RenderText {TEXT} at (2,2) size 13x18
                text run at (2,2) width 13: "\x{391}"
            RenderTableCell {TD} at (294,26) size 65x22 [border: (1px inset #808080)] [r=1 c=4 rs=1 cs=1]
              RenderText {TEXT} at (2,2) size 13x18
                text run at (2,2) width 13: "\x{391}"
            RenderTableCell {TD} at (361,26) size 60x22 [border: (1px inset #808080)] [r=1 c=5 rs=1 cs=1]
              RenderText {TEXT} at (2,2) size 13x18
                text run at (2,2) width 13: "\x{391}"
          RenderTableRow {TR} at (0,0) size 0x0
            RenderTableCell {TD} at (2,50) size 56x22 [border: (1px inset #808080)] [r=2 c=0 rs=1 cs=1]
              RenderText {TEXT} at (2,2) size 24x18
                text run at (2,2) width 24: "914"
            RenderTableCell {TD} at (60,50) size 88x22 [border: (1px inset #808080)] [r=2 c=1 rs=1 cs=1]
              RenderText {TEXT} at (2,2) size 24x18
                text run at (2,2) width 24: "392"
            RenderTableCell {TD} at (150,50) size 83x22 [border: (1px inset #808080)] [r=2 c=2 rs=1 cs=1]
              RenderText {TEXT} at (2,2) size 29x18
                text run at (2,2) width 29: "Beta"
            RenderTableCell {TD} at (235,50) size 57x22 [border: (1px inset #808080)] [r=2 c=3 rs=1 cs=1]
              RenderText {TEXT} at (2,2) size 12x18
                text run at (2,2) width 12: "\x{392}"
            RenderTableCell {TD} at (294,50) size 65x22 [border: (1px inset #808080)] [r=2 c=4 rs=1 cs=1]
              RenderText {TEXT} at (2,2) size 12x18
                text run at (2,2) width 12: "\x{392}"
            RenderTableCell {TD} at (361,50) size 60x22 [border: (1px inset #808080)] [r=2 c=5 rs=1 cs=1]
              RenderText {TEXT} at (2,2) size 12x18
                text run at (2,2) width 12: "\x{392}"
          RenderTableRow {TR} at (0,0) size 0x0
            RenderTableCell {TD} at (2,74) size 56x22 [border: (1px inset #808080)] [r=3 c=0 rs=1 cs=1]
              RenderText {TEXT} at (2,2) size 24x18
                text run at (2,2) width 24: "915"
            RenderTableCell {TD} at (60,74) size 88x22 [border: (1px inset #808080)] [r=3 c=1 rs=1 cs=1]
              RenderText {TEXT} at (2,2) size 24x18
                text run at (2,2) width 24: "393"
            RenderTableCell {TD} at (150,74) size 83x22 [border: (1px inset #808080)] [r=3 c=2 rs=1 cs=1]
              RenderText {TEXT} at (2,2) size 50x18
                text run at (2,2) width 50: "Gamma"
            RenderTableCell {TD} at (235,74) size 57x22 [border: (1px inset #808080)] [r=3 c=3 rs=1 cs=1]
              RenderText {TEXT} at (2,2) size 10x18
                text run at (2,2) width 10: "\x{393}"
            RenderTableCell {TD} at (294,74) size 65x22 [border: (1px inset #808080)] [r=3 c=4 rs=1 cs=1]
              RenderText {TEXT} at (2,2) size 10x18
                text run at (2,2) width 10: "\x{393}"
            RenderTableCell {TD} at (361,74) size 60x22 [border: (1px inset #808080)] [r=3 c=5 rs=1 cs=1]
              RenderText {TEXT} at (2,2) size 10x18
                text run at (2,2) width 10: "\x{393}"
          RenderTableRow {TR} at (0,0) size 0x0
            RenderTableCell {TD} at (2,98) size 56x22 [border: (1px inset #808080)] [r=4 c=0 rs=1 cs=1]
              RenderText {TEXT} at (2,2) size 24x18
                text run at (2,2) width 24: "916"
            RenderTableCell {TD} at (60,98) size 88x22 [border: (1px inset #808080)] [r=4 c=1 rs=1 cs=1]
              RenderText {TEXT} at (2,2) size 24x18
                text run at (2,2) width 24: "394"
            RenderTableCell {TD} at (150,98) size 83x22 [border: (1px inset #808080)] [r=4 c=2 rs=1 cs=1]
              RenderText {TEXT} at (2,2) size 34x18
                text run at (2,2) width 34: "Delta"
            RenderTableCell {TD} at (235,98) size 57x22 [border: (1px inset #808080)] [r=4 c=3 rs=1 cs=1]
              RenderText {TEXT} at (2,2) size 12x18
                text run at (2,2) width 12: "\x{394}"
            RenderTableCell {TD} at (294,98) size 65x22 [border: (1px inset #808080)] [r=4 c=4 rs=1 cs=1]
              RenderText {TEXT} at (2,2) size 12x18
                text run at (2,2) width 12: "\x{394}"
            RenderTableCell {TD} at (361,98) size 60x22 [border: (1px inset #808080)] [r=4 c=5 rs=1 cs=1]
              RenderText {TEXT} at (2,2) size 12x18
                text run at (2,2) width 12: "\x{394}"
          RenderTableRow {TR} at (0,0) size 0x0
            RenderTableCell {TD} at (2,122) size 56x22 [border: (1px inset #808080)] [r=5 c=0 rs=1 cs=1]
              RenderText {TEXT} at (2,2) size 24x18
                text run at (2,2) width 24: "917"
            RenderTableCell {TD} at (60,122) size 88x22 [border: (1px inset #808080)] [r=5 c=1 rs=1 cs=1]
              RenderText {TEXT} at (2,2) size 24x18
                text run at (2,2) width 24: "395"
            RenderTableCell {TD} at (150,122) size 83x22 [border: (1px inset #808080)] [r=5 c=2 rs=1 cs=1]
              RenderText {TEXT} at (2,2) size 48x18
                text run at (2,2) width 48: "Epsilon"
            RenderTableCell {TD} at (235,122) size 57x22 [border: (1px inset #808080)] [r=5 c=3 rs=1 cs=1]
              RenderText {TEXT} at (2,2) size 12x18
                text run at (2,2) width 12: "\x{395}"
            RenderTableCell {TD} at (294,122) size 65x22 [border: (1px inset #808080)] [r=5 c=4 rs=1 cs=1]
              RenderText {TEXT} at (2,2) size 12x18
                text run at (2,2) width 12: "\x{395}"
            RenderTableCell {TD} at (361,122) size 60x22 [border: (1px inset #808080)] [r=5 c=5 rs=1 cs=1]
              RenderText {TEXT} at (2,2) size 12x18
                text run at (2,2) width 12: "\x{395}"
          RenderTableRow {TR} at (0,0) size 0x0
            RenderTableCell {TD} at (2,146) size 56x22 [border: (1px inset #808080)] [r=6 c=0 rs=1 cs=1]
              RenderText {TEXT} at (2,2) size 24x18
                text run at (2,2) width 24: "918"
            RenderTableCell {TD} at (60,146) size 88x22 [border: (1px inset #808080)] [r=6 c=1 rs=1 cs=1]
              RenderText {TEXT} at (2,2) size 24x18
                text run at (2,2) width 24: "396"
            RenderTableCell {TD} at (150,146) size 83x22 [border: (1px inset #808080)] [r=6 c=2 rs=1 cs=1]
              RenderText {TEXT} at (2,2) size 28x18
                text run at (2,2) width 28: "Zeta"
            RenderTableCell {TD} at (235,146) size 57x22 [border: (1px inset #808080)] [r=6 c=3 rs=1 cs=1]
              RenderText {TEXT} at (2,2) size 12x18
                text run at (2,2) width 12: "\x{396}"
            RenderTableCell {TD} at (294,146) size 65x22 [border: (1px inset #808080)] [r=6 c=4 rs=1 cs=1]
              RenderText {TEXT} at (2,2) size 12x18
                text run at (2,2) width 12: "\x{396}"
            RenderTableCell {TD} at (361,146) size 60x22 [border: (1px inset #808080)] [r=6 c=5 rs=1 cs=1]
              RenderText {TEXT} at (2,2) size 12x18
                text run at (2,2) width 12: "\x{396}"
          RenderTableRow {TR} at (0,0) size 0x0
            RenderTableCell {TD} at (2,170) size 56x22 [border: (1px inset #808080)] [r=7 c=0 rs=1 cs=1]
              RenderText {TEXT} at (2,2) size 24x18
                text run at (2,2) width 24: "919"
            RenderTableCell {TD} at (60,170) size 88x22 [border: (1px inset #808080)] [r=7 c=1 rs=1 cs=1]
              RenderText {TEXT} at (2,2) size 24x18
                text run at (2,2) width 24: "397"
            RenderTableCell {TD} at (150,170) size 83x22 [border: (1px inset #808080)] [r=7 c=2 rs=1 cs=1]
              RenderText {TEXT} at (2,2) size 21x18
                text run at (2,2) width 21: "Eta"
            RenderTableCell {TD} at (235,170) size 57x22 [border: (1px inset #808080)] [r=7 c=3 rs=1 cs=1]
              RenderText {TEXT} at (2,2) size 13x18
                text run at (2,2) width 13: "\x{397}"
            RenderTableCell {TD} at (294,170) size 65x22 [border: (1px inset #808080)] [r=7 c=4 rs=1 cs=1]
              RenderText {TEXT} at (2,2) size 13x18
                text run at (2,2) width 13: "\x{397}"
            RenderTableCell {TD} at (361,170) size 60x22 [border: (1px inset #808080)] [r=7 c=5 rs=1 cs=1]
              RenderText {TEXT} at (2,2) size 13x18
                text run at (2,2) width 13: "\x{397}"
          RenderTableRow {TR} at (0,0) size 0x0
            RenderTableCell {TD} at (2,194) size 56x22 [border: (1px inset #808080)] [r=8 c=0 rs=1 cs=1]
              RenderText {TEXT} at (2,2) size 24x18
                text run at (2,2) width 24: "920"
            RenderTableCell {TD} at (60,194) size 88x22 [border: (1px inset #808080)] [r=8 c=1 rs=1 cs=1]
              RenderText {TEXT} at (2,2) size 24x18
                text run at (2,2) width 24: "398"
            RenderTableCell {TD} at (150,194) size 83x22 [border: (1px inset #808080)] [r=8 c=2 rs=1 cs=1]
              RenderText {TEXT} at (2,2) size 36x18
                text run at (2,2) width 36: "Theta"
            RenderTableCell {TD} at (235,194) size 57x22 [border: (1px inset #808080)] [r=8 c=3 rs=1 cs=1]
              RenderText {TEXT} at (2,2) size 13x18
                text run at (2,2) width 13: "\x{398}"
            RenderTableCell {TD} at (294,194) size 65x22 [border: (1px inset #808080)] [r=8 c=4 rs=1 cs=1]
              RenderText {TEXT} at (2,2) size 13x18
                text run at (2,2) width 13: "\x{398}"
            RenderTableCell {TD} at (361,194) size 60x22 [border: (1px inset #808080)] [r=8 c=5 rs=1 cs=1]
              RenderText {TEXT} at (2,2) size 13x18
                text run at (2,2) width 13: "\x{398}"
          RenderTableRow {TR} at (0,0) size 0x0
            RenderTableCell {TD} at (2,218) size 56x22 [border: (1px inset #808080)] [r=9 c=0 rs=1 cs=1]
              RenderText {TEXT} at (2,2) size 24x18
                text run at (2,2) width 24: "921"
            RenderTableCell {TD} at (60,218) size 88x22 [border: (1px inset #808080)] [r=9 c=1 rs=1 cs=1]
              RenderText {TEXT} at (2,2) size 24x18
                text run at (2,2) width 24: "399"
            RenderTableCell {TD} at (150,218) size 83x22 [border: (1px inset #808080)] [r=9 c=2 rs=1 cs=1]
              RenderText {TEXT} at (2,2) size 24x18
                text run at (2,2) width 24: "Iota"
            RenderTableCell {TD} at (235,218) size 57x22 [border: (1px inset #808080)] [r=9 c=3 rs=1 cs=1]
              RenderText {TEXT} at (2,2) size 6x18
                text run at (2,2) width 6: "\x{399}"
            RenderTableCell {TD} at (294,218) size 65x22 [border: (1px inset #808080)] [r=9 c=4 rs=1 cs=1]
              RenderText {TEXT} at (2,2) size 6x18
                text run at (2,2) width 6: "\x{399}"
            RenderTableCell {TD} at (361,218) size 60x22 [border: (1px inset #808080)] [r=9 c=5 rs=1 cs=1]
              RenderText {TEXT} at (2,2) size 6x18
                text run at (2,2) width 6: "\x{399}"
          RenderTableRow {TR} at (0,0) size 0x0
            RenderTableCell {TD} at (2,242) size 56x22 [border: (1px inset #808080)] [r=10 c=0 rs=1 cs=1]
              RenderText {TEXT} at (2,2) size 24x18
                text run at (2,2) width 24: "922"
            RenderTableCell {TD} at (60,242) size 88x22 [border: (1px inset #808080)] [r=10 c=1 rs=1 cs=1]
              RenderText {TEXT} at (2,2) size 28x18
                text run at (2,2) width 28: "39A"
            RenderTableCell {TD} at (150,242) size 83x22 [border: (1px inset #808080)] [r=10 c=2 rs=1 cs=1]
              RenderText {TEXT} at (2,2) size 42x18
                text run at (2,2) width 42: "Kappa"
            RenderTableCell {TD} at (235,242) size 57x22 [border: (1px inset #808080)] [r=10 c=3 rs=1 cs=1]
              RenderText {TEXT} at (2,2) size 12x18
                text run at (2,2) width 12: "\x{39A}"
            RenderTableCell {TD} at (294,242) size 65x22 [border: (1px inset #808080)] [r=10 c=4 rs=1 cs=1]
              RenderText {TEXT} at (2,2) size 12x18
                text run at (2,2) width 12: "\x{39A}"
            RenderTableCell {TD} at (361,242) size 60x22 [border: (1px inset #808080)] [r=10 c=5 rs=1 cs=1]
              RenderText {TEXT} at (2,2) size 12x18
                text run at (2,2) width 12: "\x{39A}"
          RenderTableRow {TR} at (0,0) size 0x0
            RenderTableCell {TD} at (2,266) size 56x22 [border: (1px inset #808080)] [r=11 c=0 rs=1 cs=1]
              RenderText {TEXT} at (2,2) size 24x18
                text run at (2,2) width 24: "923"
            RenderTableCell {TD} at (60,266) size 88x22 [border: (1px inset #808080)] [r=11 c=1 rs=1 cs=1]
              RenderText {TEXT} at (2,2) size 27x18
                text run at (2,2) width 27: "39B"
            RenderTableCell {TD} at (150,266) size 83x22 [border: (1px inset #808080)] [r=11 c=2 rs=1 cs=1]
              RenderText {TEXT} at (2,2) size 52x18
                text run at (2,2) width 52: "Lambda"
            RenderTableCell {TD} at (235,266) size 57x22 [border: (1px inset #808080)] [r=11 c=3 rs=1 cs=1]
              RenderText {TEXT} at (2,2) size 12x18
                text run at (2,2) width 12: "\x{39B}"
            RenderTableCell {TD} at (294,266) size 65x22 [border: (1px inset #808080)] [r=11 c=4 rs=1 cs=1]
              RenderText {TEXT} at (2,2) size 12x18
                text run at (2,2) width 12: "\x{39B}"
            RenderTableCell {TD} at (361,266) size 60x22 [border: (1px inset #808080)] [r=11 c=5 rs=1 cs=1]
              RenderText {TEXT} at (2,2) size 12x18
                text run at (2,2) width 12: "\x{39B}"
          RenderTableRow {TR} at (0,0) size 0x0
            RenderTableCell {TD} at (2,290) size 56x22 [border: (1px inset #808080)] [r=12 c=0 rs=1 cs=1]
              RenderText {TEXT} at (2,2) size 24x18
                text run at (2,2) width 24: "924"
            RenderTableCell {TD} at (60,290) size 88x22 [border: (1px inset #808080)] [r=12 c=1 rs=1 cs=1]
              RenderText {TEXT} at (2,2) size 27x18
                text run at (2,2) width 27: "39C"
            RenderTableCell {TD} at (150,290) size 83x22 [border: (1px inset #808080)] [r=12 c=2 rs=1 cs=1]
              RenderText {TEXT} at (2,2) size 22x18
                text run at (2,2) width 22: "Mu"
            RenderTableCell {TD} at (235,290) size 57x22 [border: (1px inset #808080)] [r=12 c=3 rs=1 cs=1]
              RenderText {TEXT} at (2,2) size 15x18
                text run at (2,2) width 15: "\x{39C}"
            RenderTableCell {TD} at (294,290) size 65x22 [border: (1px inset #808080)] [r=12 c=4 rs=1 cs=1]
              RenderText {TEXT} at (2,2) size 15x18
                text run at (2,2) width 15: "\x{39C}"
            RenderTableCell {TD} at (361,290) size 60x22 [border: (1px inset #808080)] [r=12 c=5 rs=1 cs=1]
              RenderText {TEXT} at (2,2) size 15x18
                text run at (2,2) width 15: "\x{39C}"
          RenderTableRow {TR} at (0,0) size 0x0
            RenderTableCell {TD} at (2,314) size 56x22 [border: (1px inset #808080)] [r=13 c=0 rs=1 cs=1]
              RenderText {TEXT} at (2,2) size 24x18
                text run at (2,2) width 24: "925"
            RenderTableCell {TD} at (60,314) size 88x22 [border: (1px inset #808080)] [r=13 c=1 rs=1 cs=1]
              RenderText {TEXT} at (2,2) size 28x18
                text run at (2,2) width 28: "39D"
            RenderTableCell {TD} at (150,314) size 83x22 [border: (1px inset #808080)] [r=13 c=2 rs=1 cs=1]
              RenderText {TEXT} at (2,2) size 20x18
                text run at (2,2) width 20: "Nu"
            RenderTableCell {TD} at (235,314) size 57x22 [border: (1px inset #808080)] [r=13 c=3 rs=1 cs=1]
              RenderText {TEXT} at (2,2) size 12x18
                text run at (2,2) width 12: "\x{39D}"
            RenderTableCell {TD} at (294,314) size 65x22 [border: (1px inset #808080)] [r=13 c=4 rs=1 cs=1]
              RenderText {TEXT} at (2,2) size 12x18
                text run at (2,2) width 12: "\x{39D}"
            RenderTableCell {TD} at (361,314) size 60x22 [border: (1px inset #808080)] [r=13 c=5 rs=1 cs=1]
              RenderText {TEXT} at (2,2) size 12x18
                text run at (2,2) width 12: "\x{39D}"
          RenderTableRow {TR} at (0,0) size 0x0
            RenderTableCell {TD} at (2,338) size 56x22 [border: (1px inset #808080)] [r=14 c=0 rs=1 cs=1]
              RenderText {TEXT} at (2,2) size 24x18
                text run at (2,2) width 24: "926"
            RenderTableCell {TD} at (60,338) size 88x22 [border: (1px inset #808080)] [r=14 c=1 rs=1 cs=1]
              RenderText {TEXT} at (2,2) size 26x18
                text run at (2,2) width 26: "39E"
            RenderTableCell {TD} at (150,338) size 83x22 [border: (1px inset #808080)] [r=14 c=2 rs=1 cs=1]
              RenderText {TEXT} at (2,2) size 16x18
                text run at (2,2) width 16: "Xi"
            RenderTableCell {TD} at (235,338) size 57x22 [border: (1px inset #808080)] [r=14 c=3 rs=1 cs=1]
              RenderText {TEXT} at (2,2) size 11x18
                text run at (2,2) width 11: "\x{39E}"
            RenderTableCell {TD} at (294,338) size 65x22 [border: (1px inset #808080)] [r=14 c=4 rs=1 cs=1]
              RenderText {TEXT} at (2,2) size 11x18
                text run at (2,2) width 11: "\x{39E}"
            RenderTableCell {TD} at (361,338) size 60x22 [border: (1px inset #808080)] [r=14 c=5 rs=1 cs=1]
              RenderText {TEXT} at (2,2) size 11x18
                text run at (2,2) width 11: "\x{39E}"
          RenderTableRow {TR} at (0,0) size 0x0
            RenderTableCell {TD} at (2,362) size 56x22 [border: (1px inset #808080)] [r=15 c=0 rs=1 cs=1]
              RenderText {TEXT} at (2,2) size 24x18
                text run at (2,2) width 24: "927"
            RenderTableCell {TD} at (60,362) size 88x22 [border: (1px inset #808080)] [r=15 c=1 rs=1 cs=1]
              RenderText {TEXT} at (2,2) size 25x18
                text run at (2,2) width 25: "39F"
            RenderTableCell {TD} at (150,362) size 83x22 [border: (1px inset #808080)] [r=15 c=2 rs=1 cs=1]
              RenderText {TEXT} at (2,2) size 56x18
                text run at (2,2) width 56: "Omicron"
            RenderTableCell {TD} at (235,362) size 57x22 [border: (1px inset #808080)] [r=15 c=3 rs=1 cs=1]
              RenderText {TEXT} at (2,2) size 13x18
                text run at (2,2) width 13: "\x{39F}"
            RenderTableCell {TD} at (294,362) size 65x22 [border: (1px inset #808080)] [r=15 c=4 rs=1 cs=1]
              RenderText {TEXT} at (2,2) size 13x18
                text run at (2,2) width 13: "\x{39F}"
            RenderTableCell {TD} at (361,362) size 60x22 [border: (1px inset #808080)] [r=15 c=5 rs=1 cs=1]
              RenderText {TEXT} at (2,2) size 13x18
                text run at (2,2) width 13: "\x{39F}"
          RenderTableRow {TR} at (0,0) size 0x0
            RenderTableCell {TD} at (2,386) size 56x22 [border: (1px inset #808080)] [r=16 c=0 rs=1 cs=1]
              RenderText {TEXT} at (2,2) size 24x18
                text run at (2,2) width 24: "928"
            RenderTableCell {TD} at (60,386) size 88x22 [border: (1px inset #808080)] [r=16 c=1 rs=1 cs=1]
              RenderText {TEXT} at (2,2) size 28x18
                text run at (2,2) width 28: "3A0"
            RenderTableCell {TD} at (150,386) size 83x22 [border: (1px inset #808080)] [r=16 c=2 rs=1 cs=1]
              RenderText {TEXT} at (2,2) size 13x18
                text run at (2,2) width 13: "Pi"
            RenderTableCell {TD} at (235,386) size 57x22 [border: (1px inset #808080)] [r=16 c=3 rs=1 cs=1]
              RenderText {TEXT} at (2,2) size 13x18
                text run at (2,2) width 13: "\x{3A0}"
            RenderTableCell {TD} at (294,386) size 65x22 [border: (1px inset #808080)] [r=16 c=4 rs=1 cs=1]
              RenderText {TEXT} at (2,2) size 13x18
                text run at (2,2) width 13: "\x{3A0}"
            RenderTableCell {TD} at (361,386) size 60x22 [border: (1px inset #808080)] [r=16 c=5 rs=1 cs=1]
              RenderText {TEXT} at (2,2) size 13x18
                text run at (2,2) width 13: "\x{3A0}"
          RenderTableRow {TR} at (0,0) size 0x0
            RenderTableCell {TD} at (2,410) size 56x22 [border: (1px inset #808080)] [r=17 c=0 rs=1 cs=1]
              RenderText {TEXT} at (2,2) size 24x18
                text run at (2,2) width 24: "929"
            RenderTableCell {TD} at (60,410) size 88x22 [border: (1px inset #808080)] [r=17 c=1 rs=1 cs=1]
              RenderText {TEXT} at (2,2) size 28x18
                text run at (2,2) width 28: "3A1"
            RenderTableCell {TD} at (150,410) size 83x22 [border: (1px inset #808080)] [r=17 c=2 rs=1 cs=1]
              RenderText {TEXT} at (2,2) size 27x18
                text run at (2,2) width 27: "Rho"
            RenderTableCell {TD} at (235,410) size 57x22 [border: (1px inset #808080)] [r=17 c=3 rs=1 cs=1]
              RenderText {TEXT} at (2,2) size 10x18
                text run at (2,2) width 10: "\x{3A1}"
            RenderTableCell {TD} at (294,410) size 65x22 [border: (1px inset #808080)] [r=17 c=4 rs=1 cs=1]
              RenderText {TEXT} at (2,2) size 10x18
                text run at (2,2) width 10: "\x{3A1}"
            RenderTableCell {TD} at (361,410) size 60x22 [border: (1px inset #808080)] [r=17 c=5 rs=1 cs=1]
              RenderText {TEXT} at (2,2) size 10x18
                text run at (2,2) width 10: "\x{3A1}"
          RenderTableRow {TR} at (0,0) size 0x0
            RenderTableCell {TD} at (2,434) size 56x22 [border: (1px inset #808080)] [r=18 c=0 rs=1 cs=1]
              RenderText {TEXT} at (2,2) size 24x18
                text run at (2,2) width 24: "931"
            RenderTableCell {TD} at (60,434) size 88x22 [border: (1px inset #808080)] [r=18 c=1 rs=1 cs=1]
              RenderText {TEXT} at (2,2) size 28x18
                text run at (2,2) width 28: "3A3"
            RenderTableCell {TD} at (150,434) size 83x22 [border: (1px inset #808080)] [r=18 c=2 rs=1 cs=1]
              RenderText {TEXT} at (2,2) size 40x18
                text run at (2,2) width 40: "Sigma"
            RenderTableCell {TD} at (235,434) size 57x22 [border: (1px inset #808080)] [r=18 c=3 rs=1 cs=1]
              RenderText {TEXT} at (2,2) size 10x18
                text run at (2,2) width 10: "\x{3A3}"
            RenderTableCell {TD} at (294,434) size 65x22 [border: (1px inset #808080)] [r=18 c=4 rs=1 cs=1]
              RenderText {TEXT} at (2,2) size 10x18
                text run at (2,2) width 10: "\x{3A3}"
            RenderTableCell {TD} at (361,434) size 60x22 [border: (1px inset #808080)] [r=18 c=5 rs=1 cs=1]
              RenderText {TEXT} at (2,2) size 10x18
                text run at (2,2) width 10: "\x{3A3}"
          RenderTableRow {TR} at (0,0) size 0x0
            RenderTableCell {TD} at (2,458) size 56x22 [border: (1px inset #808080)] [r=19 c=0 rs=1 cs=1]
              RenderText {TEXT} at (2,2) size 24x18
                text run at (2,2) width 24: "932"
            RenderTableCell {TD} at (60,458) size 88x22 [border: (1px inset #808080)] [r=19 c=1 rs=1 cs=1]
              RenderText {TEXT} at (2,2) size 28x18
                text run at (2,2) width 28: "3A4"
            RenderTableCell {TD} at (150,458) size 83x22 [border: (1px inset #808080)] [r=19 c=2 rs=1 cs=1]
              RenderText {TEXT} at (2,2) size 25x18
                text run at (2,2) width 25: "Tau"
            RenderTableCell {TD} at (235,458) size 57x22 [border: (1px inset #808080)] [r=19 c=3 rs=1 cs=1]
              RenderText {TEXT} at (2,2) size 11x18
                text run at (2,2) width 11: "\x{3A4}"
            RenderTableCell {TD} at (294,458) size 65x22 [border: (1px inset #808080)] [r=19 c=4 rs=1 cs=1]
              RenderText {TEXT} at (2,2) size 11x18
                text run at (2,2) width 11: "\x{3A4}"
            RenderTableCell {TD} at (361,458) size 60x22 [border: (1px inset #808080)] [r=19 c=5 rs=1 cs=1]
              RenderText {TEXT} at (2,2) size 11x18
                text run at (2,2) width 11: "\x{3A4}"
          RenderTableRow {TR} at (0,0) size 0x0
            RenderTableCell {TD} at (2,482) size 56x22 [border: (1px inset #808080)] [r=20 c=0 rs=1 cs=1]
              RenderText {TEXT} at (2,2) size 24x18
                text run at (2,2) width 24: "933"
            RenderTableCell {TD} at (60,482) size 88x22 [border: (1px inset #808080)] [r=20 c=1 rs=1 cs=1]
              RenderText {TEXT} at (2,2) size 28x18
                text run at (2,2) width 28: "3A5"
            RenderTableCell {TD} at (150,482) size 83x22 [border: (1px inset #808080)] [r=20 c=2 rs=1 cs=1]
              RenderText {TEXT} at (2,2) size 50x18
                text run at (2,2) width 50: "Upsilon"
            RenderTableCell {TD} at (235,482) size 57x22 [border: (1px inset #808080)] [r=20 c=3 rs=1 cs=1]
              RenderText {TEXT} at (2,2) size 12x18
                text run at (2,2) width 12: "\x{3A5}"
            RenderTableCell {TD} at (294,482) size 65x22 [border: (1px inset #808080)] [r=20 c=4 rs=1 cs=1]
              RenderText {TEXT} at (2,2) size 12x18
                text run at (2,2) width 12: "\x{3A5}"
            RenderTableCell {TD} at (361,482) size 60x22 [border: (1px inset #808080)] [r=20 c=5 rs=1 cs=1]
              RenderText {TEXT} at (2,2) size 12x18
                text run at (2,2) width 12: "\x{3A5}"
          RenderTableRow {TR} at (0,0) size 0x0
            RenderTableCell {TD} at (2,506) size 56x22 [border: (1px inset #808080)] [r=21 c=0 rs=1 cs=1]
              RenderText {TEXT} at (2,2) size 24x18
                text run at (2,2) width 24: "934"
            RenderTableCell {TD} at (60,506) size 88x22 [border: (1px inset #808080)] [r=21 c=1 rs=1 cs=1]
              RenderText {TEXT} at (2,2) size 28x18
                text run at (2,2) width 28: "3A6"
            RenderTableCell {TD} at (150,506) size 83x22 [border: (1px inset #808080)] [r=21 c=2 rs=1 cs=1]
              RenderText {TEXT} at (2,2) size 21x18
                text run at (2,2) width 21: "Phi"
            RenderTableCell {TD} at (235,506) size 57x22 [border: (1px inset #808080)] [r=21 c=3 rs=1 cs=1]
              RenderText {TEXT} at (2,2) size 13x18
                text run at (2,2) width 13: "\x{3A6}"
            RenderTableCell {TD} at (294,506) size 65x22 [border: (1px inset #808080)] [r=21 c=4 rs=1 cs=1]
              RenderText {TEXT} at (2,2) size 13x18
                text run at (2,2) width 13: "\x{3A6}"
            RenderTableCell {TD} at (361,506) size 60x22 [border: (1px inset #808080)] [r=21 c=5 rs=1 cs=1]
              RenderText {TEXT} at (2,2) size 13x18
                text run at (2,2) width 13: "\x{3A6}"
          RenderTableRow {TR} at (0,0) size 0x0
            RenderTableCell {TD} at (2,530) size 56x22 [border: (1px inset #808080)] [r=22 c=0 rs=1 cs=1]
              RenderText {TEXT} at (2,2) size 24x18
                text run at (2,2) width 24: "935"
            RenderTableCell {TD} at (60,530) size 88x22 [border: (1px inset #808080)] [r=22 c=1 rs=1 cs=1]
              RenderText {TEXT} at (2,2) size 28x18
                text run at (2,2) width 28: "3A7"
            RenderTableCell {TD} at (150,530) size 83x22 [border: (1px inset #808080)] [r=22 c=2 rs=1 cs=1]
              RenderText {TEXT} at (2,2) size 23x18
                text run at (2,2) width 23: "Chi"
            RenderTableCell {TD} at (235,530) size 57x22 [border: (1px inset #808080)] [r=22 c=3 rs=1 cs=1]
              RenderText {TEXT} at (2,2) size 12x18
                text run at (2,2) width 12: "\x{3A7}"
            RenderTableCell {TD} at (294,530) size 65x22 [border: (1px inset #808080)] [r=22 c=4 rs=1 cs=1]
              RenderText {TEXT} at (2,2) size 12x18
                text run at (2,2) width 12: "\x{3A7}"
            RenderTableCell {TD} at (361,530) size 60x22 [border: (1px inset #808080)] [r=22 c=5 rs=1 cs=1]
              RenderText {TEXT} at (2,2) size 12x18
                text run at (2,2) width 12: "\x{3A7}"
          RenderTableRow {TR} at (0,0) size 0x0
            RenderTableCell {TD} at (2,554) size 56x22 [border: (1px inset #808080)] [r=23 c=0 rs=1 cs=1]
              RenderText {TEXT} at (2,2) size 24x18
                text run at (2,2) width 24: "936"
            RenderTableCell {TD} at (60,554) size 88x22 [border: (1px inset #808080)] [r=23 c=1 rs=1 cs=1]
              RenderText {TEXT} at (2,2) size 28x18
                text run at (2,2) width 28: "3A8"
            RenderTableCell {TD} at (150,554) size 83x22 [border: (1px inset #808080)] [r=23 c=2 rs=1 cs=1]
              RenderText {TEXT} at (2,2) size 19x18
                text run at (2,2) width 19: "Psi"
            RenderTableCell {TD} at (235,554) size 57x22 [border: (1px inset #808080)] [r=23 c=3 rs=1 cs=1]
              RenderText {TEXT} at (2,2) size 14x18
                text run at (2,2) width 14: "\x{3A8}"
            RenderTableCell {TD} at (294,554) size 65x22 [border: (1px inset #808080)] [r=23 c=4 rs=1 cs=1]
              RenderText {TEXT} at (2,2) size 14x18
                text run at (2,2) width 14: "\x{3A8}"
            RenderTableCell {TD} at (361,554) size 60x22 [border: (1px inset #808080)] [r=23 c=5 rs=1 cs=1]
              RenderText {TEXT} at (2,2) size 14x18
                text run at (2,2) width 14: "\x{3A8}"
          RenderTableRow {TR} at (0,0) size 0x0
            RenderTableCell {TD} at (2,578) size 56x22 [border: (1px inset #808080)] [r=24 c=0 rs=1 cs=1]
              RenderText {TEXT} at (2,2) size 24x18
                text run at (2,2) width 24: "937"
            RenderTableCell {TD} at (60,578) size 88x22 [border: (1px inset #808080)] [r=24 c=1 rs=1 cs=1]
              RenderText {TEXT} at (2,2) size 28x18
                text run at (2,2) width 28: "3A9"
            RenderTableCell {TD} at (150,578) size 83x22 [border: (1px inset #808080)] [r=24 c=2 rs=1 cs=1]
              RenderText {TEXT} at (2,2) size 46x18
                text run at (2,2) width 46: "Omega"
            RenderTableCell {TD} at (235,578) size 57x22 [border: (1px inset #808080)] [r=24 c=3 rs=1 cs=1]
              RenderText {TEXT} at (2,2) size 12x18
                text run at (2,2) width 12: "\x{3A9}"
            RenderTableCell {TD} at (294,578) size 65x22 [border: (1px inset #808080)] [r=24 c=4 rs=1 cs=1]
              RenderText {TEXT} at (2,2) size 12x18
                text run at (2,2) width 12: "\x{3A9}"
            RenderTableCell {TD} at (361,578) size 60x22 [border: (1px inset #808080)] [r=24 c=5 rs=1 cs=1]
              RenderText {TEXT} at (2,2) size 12x18
                text run at (2,2) width 12: "\x{3A9}"
          RenderTableRow {TR} at (0,0) size 0x0
            RenderTableCell {TD} at (2,602) size 56x22 [border: (1px inset #808080)] [r=25 c=0 rs=1 cs=1]
              RenderText {TEXT} at (2,2) size 24x18
                text run at (2,2) width 24: "945"
            RenderTableCell {TD} at (60,602) size 88x22 [border: (1px inset #808080)] [r=25 c=1 rs=1 cs=1]
              RenderText {TEXT} at (2,2) size 27x18
                text run at (2,2) width 27: "3B1"
            RenderTableCell {TD} at (150,602) size 83x22 [border: (1px inset #808080)] [r=25 c=2 rs=1 cs=1]
              RenderText {TEXT} at (2,2) size 34x18
                text run at (2,2) width 34: "alpha"
            RenderTableCell {TD} at (235,602) size 57x22 [border: (1px inset #808080)] [r=25 c=3 rs=1 cs=1]
              RenderText {TEXT} at (2,2) size 10x18
                text run at (2,2) width 10: "\x{3B1}"
            RenderTableCell {TD} at (294,602) size 65x22 [border: (1px inset #808080)] [r=25 c=4 rs=1 cs=1]
              RenderText {TEXT} at (2,2) size 10x18
                text run at (2,2) width 10: "\x{3B1}"
            RenderTableCell {TD} at (361,602) size 60x22 [border: (1px inset #808080)] [r=25 c=5 rs=1 cs=1]
              RenderText {TEXT} at (2,2) size 10x18
                text run at (2,2) width 10: "\x{3B1}"
          RenderTableRow {TR} at (0,0) size 0x0
            RenderTableCell {TD} at (2,626) size 56x22 [border: (1px inset #808080)] [r=26 c=0 rs=1 cs=1]
              RenderText {TEXT} at (2,2) size 24x18
                text run at (2,2) width 24: "946"
            RenderTableCell {TD} at (60,626) size 88x22 [border: (1px inset #808080)] [r=26 c=1 rs=1 cs=1]
              RenderText {TEXT} at (2,2) size 27x18
                text run at (2,2) width 27: "3B2"
            RenderTableCell {TD} at (150,626) size 83x22 [border: (1px inset #808080)] [r=26 c=2 rs=1 cs=1]
              RenderText {TEXT} at (2,2) size 26x18
                text run at (2,2) width 26: "beta"
            RenderTableCell {TD} at (235,626) size 57x22 [border: (1px inset #808080)] [r=26 c=3 rs=1 cs=1]
              RenderText {TEXT} at (2,2) size 9x18
                text run at (2,2) width 9: "\x{3B2}"
            RenderTableCell {TD} at (294,626) size 65x22 [border: (1px inset #808080)] [r=26 c=4 rs=1 cs=1]
              RenderText {TEXT} at (2,2) size 9x18
                text run at (2,2) width 9: "\x{3B2}"
            RenderTableCell {TD} at (361,626) size 60x22 [border: (1px inset #808080)] [r=26 c=5 rs=1 cs=1]
              RenderText {TEXT} at (2,2) size 9x18
                text run at (2,2) width 9: "\x{3B2}"
          RenderTableRow {TR} at (0,0) size 0x0
            RenderTableCell {TD} at (2,650) size 56x22 [border: (1px inset #808080)] [r=27 c=0 rs=1 cs=1]
              RenderText {TEXT} at (2,2) size 24x18
                text run at (2,2) width 24: "947"
            RenderTableCell {TD} at (60,650) size 88x22 [border: (1px inset #808080)] [r=27 c=1 rs=1 cs=1]
              RenderText {TEXT} at (2,2) size 27x18
                text run at (2,2) width 27: "3B3"
            RenderTableCell {TD} at (150,650) size 83x22 [border: (1px inset #808080)] [r=27 c=2 rs=1 cs=1]
              RenderText {TEXT} at (2,2) size 46x18
                text run at (2,2) width 46: "gamma"
            RenderTableCell {TD} at (235,650) size 57x22 [border: (1px inset #808080)] [r=27 c=3 rs=1 cs=1]
              RenderText {TEXT} at (2,2) size 8x18
                text run at (2,2) width 8: "\x{3B3}"
            RenderTableCell {TD} at (294,650) size 65x22 [border: (1px inset #808080)] [r=27 c=4 rs=1 cs=1]
              RenderText {TEXT} at (2,2) size 8x18
                text run at (2,2) width 8: "\x{3B3}"
            RenderTableCell {TD} at (361,650) size 60x22 [border: (1px inset #808080)] [r=27 c=5 rs=1 cs=1]
              RenderText {TEXT} at (2,2) size 8x18
                text run at (2,2) width 8: "\x{3B3}"
          RenderTableRow {TR} at (0,0) size 0x0
            RenderTableCell {TD} at (2,674) size 56x22 [border: (1px inset #808080)] [r=28 c=0 rs=1 cs=1]
              RenderText {TEXT} at (2,2) size 24x18
                text run at (2,2) width 24: "948"
            RenderTableCell {TD} at (60,674) size 88x22 [border: (1px inset #808080)] [r=28 c=1 rs=1 cs=1]
              RenderText {TEXT} at (2,2) size 27x18
                text run at (2,2) width 27: "3B4"
            RenderTableCell {TD} at (150,674) size 83x22 [border: (1px inset #808080)] [r=28 c=2 rs=1 cs=1]
              RenderText {TEXT} at (2,2) size 30x18
                text run at (2,2) width 30: "delta"
            RenderTableCell {TD} at (235,674) size 57x22 [border: (1px inset #808080)] [r=28 c=3 rs=1 cs=1]
              RenderText {TEXT} at (2,2) size 9x18
                text run at (2,2) width 9: "\x{3B4}"
            RenderTableCell {TD} at (294,674) size 65x22 [border: (1px inset #808080)] [r=28 c=4 rs=1 cs=1]
              RenderText {TEXT} at (2,2) size 9x18
                text run at (2,2) width 9: "\x{3B4}"
            RenderTableCell {TD} at (361,674) size 60x22 [border: (1px inset #808080)] [r=28 c=5 rs=1 cs=1]
              RenderText {TEXT} at (2,2) size 9x18
                text run at (2,2) width 9: "\x{3B4}"
          RenderTableRow {TR} at (0,0) size 0x0
            RenderTableCell {TD} at (2,698) size 56x22 [border: (1px inset #808080)] [r=29 c=0 rs=1 cs=1]
              RenderText {TEXT} at (2,2) size 24x18
                text run at (2,2) width 24: "949"
            RenderTableCell {TD} at (60,698) size 88x22 [border: (1px inset #808080)] [r=29 c=1 rs=1 cs=1]
              RenderText {TEXT} at (2,2) size 27x18
                text run at (2,2) width 27: "3B5"
            RenderTableCell {TD} at (150,698) size 83x22 [border: (1px inset #808080)] [r=29 c=2 rs=1 cs=1]
              RenderText {TEXT} at (2,2) size 45x18
                text run at (2,2) width 45: "epsilon"
            RenderTableCell {TD} at (235,698) size 57x22 [border: (1px inset #808080)] [r=29 c=3 rs=1 cs=1]
              RenderText {TEXT} at (2,2) size 7x18
                text run at (2,2) width 7: "\x{3B5}"
            RenderTableCell {TD} at (294,698) size 65x22 [border: (1px inset #808080)] [r=29 c=4 rs=1 cs=1]
              RenderText {TEXT} at (2,2) size 7x18
                text run at (2,2) width 7: "\x{3B5}"
            RenderTableCell {TD} at (361,698) size 60x22 [border: (1px inset #808080)] [r=29 c=5 rs=1 cs=1]
              RenderText {TEXT} at (2,2) size 7x18
                text run at (2,2) width 7: "\x{3B5}"
          RenderTableRow {TR} at (0,0) size 0x0
            RenderTableCell {TD} at (2,722) size 56x22 [border: (1px inset #808080)] [r=30 c=0 rs=1 cs=1]
              RenderText {TEXT} at (2,2) size 24x18
                text run at (2,2) width 24: "950"
            RenderTableCell {TD} at (60,722) size 88x22 [border: (1px inset #808080)] [r=30 c=1 rs=1 cs=1]
              RenderText {TEXT} at (2,2) size 27x18
                text run at (2,2) width 27: "3B6"
            RenderTableCell {TD} at (150,722) size 83x22 [border: (1px inset #808080)] [r=30 c=2 rs=1 cs=1]
              RenderText {TEXT} at (2,2) size 25x18
                text run at (2,2) width 25: "zeta"
            RenderTableCell {TD} at (235,722) size 57x22 [border: (1px inset #808080)] [r=30 c=3 rs=1 cs=1]
              RenderText {TEXT} at (2,2) size 8x18
                text run at (2,2) width 8: "\x{3B6}"
            RenderTableCell {TD} at (294,722) size 65x22 [border: (1px inset #808080)] [r=30 c=4 rs=1 cs=1]
              RenderText {TEXT} at (2,2) size 8x18
                text run at (2,2) width 8: "\x{3B6}"
            RenderTableCell {TD} at (361,722) size 60x22 [border: (1px inset #808080)] [r=30 c=5 rs=1 cs=1]
              RenderText {TEXT} at (2,2) size 8x18
                text run at (2,2) width 8: "\x{3B6}"
          RenderTableRow {TR} at (0,0) size 0x0
            RenderTableCell {TD} at (2,746) size 56x22 [border: (1px inset #808080)] [r=31 c=0 rs=1 cs=1]
              RenderText {TEXT} at (2,2) size 24x18
                text run at (2,2) width 24: "951"
            RenderTableCell {TD} at (60,746) size 88x22 [border: (1px inset #808080)] [r=31 c=1 rs=1 cs=1]
              RenderText {TEXT} at (2,2) size 27x18
                text run at (2,2) width 27: "3B7"
            RenderTableCell {TD} at (150,746) size 83x22 [border: (1px inset #808080)] [r=31 c=2 rs=1 cs=1]
              RenderText {TEXT} at (2,2) size 18x18
                text run at (2,2) width 18: "eta"
            RenderTableCell {TD} at (235,746) size 57x22 [border: (1px inset #808080)] [r=31 c=3 rs=1 cs=1]
              RenderText {TEXT} at (2,2) size 9x18
                text run at (2,2) width 9: "\x{3B7}"
            RenderTableCell {TD} at (294,746) size 65x22 [border: (1px inset #808080)] [r=31 c=4 rs=1 cs=1]
              RenderText {TEXT} at (2,2) size 9x18
                text run at (2,2) width 9: "\x{3B7}"
            RenderTableCell {TD} at (361,746) size 60x22 [border: (1px inset #808080)] [r=31 c=5 rs=1 cs=1]
              RenderText {TEXT} at (2,2) size 9x18
                text run at (2,2) width 9: "\x{3B7}"
          RenderTableRow {TR} at (0,0) size 0x0
            RenderTableCell {TD} at (2,770) size 56x22 [border: (1px inset #808080)] [r=32 c=0 rs=1 cs=1]
              RenderText {TEXT} at (2,2) size 24x18
                text run at (2,2) width 24: "952"
            RenderTableCell {TD} at (60,770) size 88x22 [border: (1px inset #808080)] [r=32 c=1 rs=1 cs=1]
              RenderText {TEXT} at (2,2) size 27x18
                text run at (2,2) width 27: "3B8"
            RenderTableCell {TD} at (150,770) size 83x22 [border: (1px inset #808080)] [r=32 c=2 rs=1 cs=1]
              RenderText {TEXT} at (2,2) size 30x18
                text run at (2,2) width 30: "theta"
            RenderTableCell {TD} at (235,770) size 57x22 [border: (1px inset #808080)] [r=32 c=3 rs=1 cs=1]
              RenderText {TEXT} at (2,2) size 9x18
                text run at (2,2) width 9: "\x{3B8}"
            RenderTableCell {TD} at (294,770) size 65x22 [border: (1px inset #808080)] [r=32 c=4 rs=1 cs=1]
              RenderText {TEXT} at (2,2) size 9x18
                text run at (2,2) width 9: "\x{3B8}"
            RenderTableCell {TD} at (361,770) size 60x22 [border: (1px inset #808080)] [r=32 c=5 rs=1 cs=1]
              RenderText {TEXT} at (2,2) size 9x18
                text run at (2,2) width 9: "\x{3B8}"
          RenderTableRow {TR} at (0,0) size 0x0
            RenderTableCell {TD} at (2,794) size 56x22 [border: (1px inset #808080)] [r=33 c=0 rs=1 cs=1]
              RenderText {TEXT} at (2,2) size 24x18
                text run at (2,2) width 24: "953"
            RenderTableCell {TD} at (60,794) size 88x22 [border: (1px inset #808080)] [r=33 c=1 rs=1 cs=1]
              RenderText {TEXT} at (2,2) size 27x18
                text run at (2,2) width 27: "3B9"
            RenderTableCell {TD} at (150,794) size 83x22 [border: (1px inset #808080)] [r=33 c=2 rs=1 cs=1]
              RenderText {TEXT} at (2,2) size 23x18
                text run at (2,2) width 23: "iota"
            RenderTableCell {TD} at (235,794) size 57x22 [border: (1px inset #808080)] [r=33 c=3 rs=1 cs=1]
              RenderText {TEXT} at (2,2) size 4x18
                text run at (2,2) width 4: "\x{3B9}"
            RenderTableCell {TD} at (294,794) size 65x22 [border: (1px inset #808080)] [r=33 c=4 rs=1 cs=1]
              RenderText {TEXT} at (2,2) size 4x18
                text run at (2,2) width 4: "\x{3B9}"
            RenderTableCell {TD} at (361,794) size 60x22 [border: (1px inset #808080)] [r=33 c=5 rs=1 cs=1]
              RenderText {TEXT} at (2,2) size 4x18
                text run at (2,2) width 4: "\x{3B9}"
          RenderTableRow {TR} at (0,0) size 0x0
            RenderTableCell {TD} at (2,818) size 56x22 [border: (1px inset #808080)] [r=34 c=0 rs=1 cs=1]
              RenderText {TEXT} at (2,2) size 24x18
                text run at (2,2) width 24: "954"
            RenderTableCell {TD} at (60,818) size 88x22 [border: (1px inset #808080)] [r=34 c=1 rs=1 cs=1]
              RenderText {TEXT} at (2,2) size 31x18
                text run at (2,2) width 31: "3BA"
            RenderTableCell {TD} at (150,818) size 83x22 [border: (1px inset #808080)] [r=34 c=2 rs=1 cs=1]
              RenderText {TEXT} at (2,2) size 38x18
                text run at (2,2) width 38: "kappa"
            RenderTableCell {TD} at (235,818) size 57x22 [border: (1px inset #808080)] [r=34 c=3 rs=1 cs=1]
              RenderText {TEXT} at (2,2) size 9x18
                text run at (2,2) width 9: "\x{3BA}"
            RenderTableCell {TD} at (294,818) size 65x22 [border: (1px inset #808080)] [r=34 c=4 rs=1 cs=1]
              RenderText {TEXT} at (2,2) size 9x18
                text run at (2,2) width 9: "\x{3BA}"
            RenderTableCell {TD} at (361,818) size 60x22 [border: (1px inset #808080)] [r=34 c=5 rs=1 cs=1]
              RenderText {TEXT} at (2,2) size 9x18
                text run at (2,2) width 9: "\x{3BA}"
          RenderTableRow {TR} at (0,0) size 0x0
            RenderTableCell {TD} at (2,842) size 56x22 [border: (1px inset #808080)] [r=35 c=0 rs=1 cs=1]
              RenderText {TEXT} at (2,2) size 24x18
                text run at (2,2) width 24: "955"
            RenderTableCell {TD} at (60,842) size 88x22 [border: (1px inset #808080)] [r=35 c=1 rs=1 cs=1]
              RenderText {TEXT} at (2,2) size 30x18
                text run at (2,2) width 30: "3BB"
            RenderTableCell {TD} at (150,842) size 83x22 [border: (1px inset #808080)] [r=35 c=2 rs=1 cs=1]
              RenderText {TEXT} at (2,2) size 46x18
                text run at (2,2) width 46: "lambda"
            RenderTableCell {TD} at (235,842) size 57x22 [border: (1px inset #808080)] [r=35 c=3 rs=1 cs=1]
              RenderText {TEXT} at (2,2) size 8x18
                text run at (2,2) width 8: "\x{3BB}"
            RenderTableCell {TD} at (294,842) size 65x22 [border: (1px inset #808080)] [r=35 c=4 rs=1 cs=1]
              RenderText {TEXT} at (2,2) size 8x18
                text run at (2,2) width 8: "\x{3BB}"
            RenderTableCell {TD} at (361,842) size 60x22 [border: (1px inset #808080)] [r=35 c=5 rs=1 cs=1]
              RenderText {TEXT} at (2,2) size 8x18
                text run at (2,2) width 8: "\x{3BB}"
          RenderTableRow {TR} at (0,0) size 0x0
            RenderTableCell {TD} at (2,866) size 56x22 [border: (1px inset #808080)] [r=36 c=0 rs=1 cs=1]
              RenderText {TEXT} at (2,2) size 24x18
                text run at (2,2) width 24: "956"
            RenderTableCell {TD} at (60,866) size 88x22 [border: (1px inset #808080)] [r=36 c=1 rs=1 cs=1]
              RenderText {TEXT} at (2,2) size 30x18
                text run at (2,2) width 30: "3BC"
            RenderTableCell {TD} at (150,866) size 83x22 [border: (1px inset #808080)] [r=36 c=2 rs=1 cs=1]
              RenderText {TEXT} at (2,2) size 20x18
                text run at (2,2) width 20: "mu"
            RenderTableCell {TD} at (235,866) size 57x22 [border: (1px inset #808080)] [r=36 c=3 rs=1 cs=1]
              RenderText {TEXT} at (2,2) size 9x18
                text run at (2,2) width 9: "\x{3BC}"
            RenderTableCell {TD} at (294,866) size 65x22 [border: (1px inset #808080)] [r=36 c=4 rs=1 cs=1]
              RenderText {TEXT} at (2,2) size 9x18
                text run at (2,2) width 9: "\x{3BC}"
            RenderTableCell {TD} at (361,866) size 60x22 [border: (1px inset #808080)] [r=36 c=5 rs=1 cs=1]
              RenderText {TEXT} at (2,2) size 9x18
                text run at (2,2) width 9: "\x{3BC}"
          RenderTableRow {TR} at (0,0) size 0x0
            RenderTableCell {TD} at (2,890) size 56x22 [border: (1px inset #808080)] [r=37 c=0 rs=1 cs=1]
              RenderText {TEXT} at (2,2) size 24x18
                text run at (2,2) width 24: "957"
            RenderTableCell {TD} at (60,890) size 88x22 [border: (1px inset #808080)] [r=37 c=1 rs=1 cs=1]
              RenderText {TEXT} at (2,2) size 31x18
                text run at (2,2) width 31: "3BD"
            RenderTableCell {TD} at (150,890) size 83x22 [border: (1px inset #808080)] [r=37 c=2 rs=1 cs=1]
              RenderText {TEXT} at (2,2) size 16x18
                text run at (2,2) width 16: "nu"
            RenderTableCell {TD} at (235,890) size 57x22 [border: (1px inset #808080)] [r=37 c=3 rs=1 cs=1]
              RenderText {TEXT} at (2,2) size 8x18
                text run at (2,2) width 8: "\x{3BD}"
            RenderTableCell {TD} at (294,890) size 65x22 [border: (1px inset #808080)] [r=37 c=4 rs=1 cs=1]
              RenderText {TEXT} at (2,2) size 8x18
                text run at (2,2) width 8: "\x{3BD}"
            RenderTableCell {TD} at (361,890) size 60x22 [border: (1px inset #808080)] [r=37 c=5 rs=1 cs=1]
              RenderText {TEXT} at (2,2) size 8x18
                text run at (2,2) width 8: "\x{3BD}"
          RenderTableRow {TR} at (0,0) size 0x0
            RenderTableCell {TD} at (2,914) size 56x22 [border: (1px inset #808080)] [r=38 c=0 rs=1 cs=1]
              RenderText {TEXT} at (2,2) size 24x18
                text run at (2,2) width 24: "958"
            RenderTableCell {TD} at (60,914) size 88x22 [border: (1px inset #808080)] [r=38 c=1 rs=1 cs=1]
              RenderText {TEXT} at (2,2) size 29x18
                text run at (2,2) width 29: "3BE"
            RenderTableCell {TD} at (150,914) size 83x22 [border: (1px inset #808080)] [r=38 c=2 rs=1 cs=1]
              RenderText {TEXT} at (2,2) size 12x18
                text run at (2,2) width 12: "xi"
            RenderTableCell {TD} at (235,914) size 57x22 [border: (1px inset #808080)] [r=38 c=3 rs=1 cs=1]
              RenderText {TEXT} at (2,2) size 8x18
                text run at (2,2) width 8: "\x{3BE}"
            RenderTableCell {TD} at (294,914) size 65x22 [border: (1px inset #808080)] [r=38 c=4 rs=1 cs=1]
              RenderText {TEXT} at (2,2) size 8x18
                text run at (2,2) width 8: "\x{3BE}"
            RenderTableCell {TD} at (361,914) size 60x22 [border: (1px inset #808080)] [r=38 c=5 rs=1 cs=1]
              RenderText {TEXT} at (2,2) size 8x18
                text run at (2,2) width 8: "\x{3BE}"
          RenderTableRow {TR} at (0,0) size 0x0
            RenderTableCell {TD} at (2,938) size 56x22 [border: (1px inset #808080)] [r=39 c=0 rs=1 cs=1]
              RenderText {TEXT} at (2,2) size 24x18
                text run at (2,2) width 24: "959"
            RenderTableCell {TD} at (60,938) size 88x22 [border: (1px inset #808080)] [r=39 c=1 rs=1 cs=1]
              RenderText {TEXT} at (2,2) size 28x18
                text run at (2,2) width 28: "3BF"
            RenderTableCell {TD} at (150,938) size 83x22 [border: (1px inset #808080)] [r=39 c=2 rs=1 cs=1]
              RenderText {TEXT} at (2,2) size 52x18
                text run at (2,2) width 52: "omicron"
            RenderTableCell {TD} at (235,938) size 57x22 [border: (1px inset #808080)] [r=39 c=3 rs=1 cs=1]
              RenderText {TEXT} at (2,2) size 9x18
                text run at (2,2) width 9: "\x{3BF}"
            RenderTableCell {TD} at (294,938) size 65x22 [border: (1px inset #808080)] [r=39 c=4 rs=1 cs=1]
              RenderText {TEXT} at (2,2) size 9x18
                text run at (2,2) width 9: "\x{3BF}"
            RenderTableCell {TD} at (361,938) size 60x22 [border: (1px inset #808080)] [r=39 c=5 rs=1 cs=1]
              RenderText {TEXT} at (2,2) size 9x18
                text run at (2,2) width 9: "\x{3BF}"
          RenderTableRow {TR} at (0,0) size 0x0
            RenderTableCell {TD} at (2,962) size 56x22 [border: (1px inset #808080)] [r=40 c=0 rs=1 cs=1]
              RenderText {TEXT} at (2,2) size 24x18
                text run at (2,2) width 24: "960"
            RenderTableCell {TD} at (60,962) size 88x22 [border: (1px inset #808080)] [r=40 c=1 rs=1 cs=1]
              RenderText {TEXT} at (2,2) size 27x18
                text run at (2,2) width 27: "3C0"
            RenderTableCell {TD} at (150,962) size 83x22 [border: (1px inset #808080)] [r=40 c=2 rs=1 cs=1]
              RenderText {TEXT} at (2,2) size 12x18
                text run at (2,2) width 12: "pi"
            RenderTableCell {TD} at (235,962) size 57x22 [border: (1px inset #808080)] [r=40 c=3 rs=1 cs=1]
              RenderText {TEXT} at (2,2) size 9x18
                text run at (2,2) width 9: "\x{3C0}"
            RenderTableCell {TD} at (294,962) size 65x22 [border: (1px inset #808080)] [r=40 c=4 rs=1 cs=1]
              RenderText {TEXT} at (2,2) size 9x18
                text run at (2,2) width 9: "\x{3C0}"
            RenderTableCell {TD} at (361,962) size 60x22 [border: (1px inset #808080)] [r=40 c=5 rs=1 cs=1]
              RenderText {TEXT} at (2,2) size 9x18
                text run at (2,2) width 9: "\x{3C0}"
          RenderTableRow {TR} at (0,0) size 0x0
            RenderTableCell {TD} at (2,986) size 56x22 [border: (1px inset #808080)] [r=41 c=0 rs=1 cs=1]
              RenderText {TEXT} at (2,2) size 24x18
                text run at (2,2) width 24: "961"
            RenderTableCell {TD} at (60,986) size 88x22 [border: (1px inset #808080)] [r=41 c=1 rs=1 cs=1]
              RenderText {TEXT} at (2,2) size 27x18
                text run at (2,2) width 27: "3C1"
            RenderTableCell {TD} at (150,986) size 83x22 [border: (1px inset #808080)] [r=41 c=2 rs=1 cs=1]
              RenderText {TEXT} at (2,2) size 21x18
                text run at (2,2) width 21: "rho"
            RenderTableCell {TD} at (235,986) size 57x22 [border: (1px inset #808080)] [r=41 c=3 rs=1 cs=1]
              RenderText {TEXT} at (2,2) size 9x18
                text run at (2,2) width 9: "\x{3C1}"
            RenderTableCell {TD} at (294,986) size 65x22 [border: (1px inset #808080)] [r=41 c=4 rs=1 cs=1]
              RenderText {TEXT} at (2,2) size 9x18
                text run at (2,2) width 9: "\x{3C1}"
            RenderTableCell {TD} at (361,986) size 60x22 [border: (1px inset #808080)] [r=41 c=5 rs=1 cs=1]
              RenderText {TEXT} at (2,2) size 9x18
                text run at (2,2) width 9: "\x{3C1}"
          RenderTableRow {TR} at (0,0) size 0x0
            RenderTableCell {TD} at (2,1010) size 56x22 [border: (1px inset #808080)] [r=42 c=0 rs=1 cs=1]
              RenderText {TEXT} at (2,2) size 24x18
                text run at (2,2) width 24: "962"
            RenderTableCell {TD} at (60,1010) size 88x22 [border: (1px inset #808080)] [r=42 c=1 rs=1 cs=1]
              RenderText {TEXT} at (2,2) size 27x18
                text run at (2,2) width 27: "3C2"
            RenderTableCell {TD} at (150,1010) size 83x22 [border: (1px inset #808080)] [r=42 c=2 rs=1 cs=1]
              RenderText {TEXT} at (2,2) size 42x18
                text run at (2,2) width 42: "sigmaf"
            RenderTableCell {TD} at (235,1010) size 57x22 [border: (1px inset #808080)] [r=42 c=3 rs=1 cs=1]
              RenderText {TEXT} at (2,2) size 7x18
                text run at (2,2) width 7: "\x{3C2}"
            RenderTableCell {TD} at (294,1010) size 65x22 [border: (1px inset #808080)] [r=42 c=4 rs=1 cs=1]
              RenderText {TEXT} at (2,2) size 7x18
                text run at (2,2) width 7: "\x{3C2}"
            RenderTableCell {TD} at (361,1010) size 60x22 [border: (1px inset #808080)] [r=42 c=5 rs=1 cs=1]
              RenderText {TEXT} at (2,2) size 7x18
                text run at (2,2) width 7: "\x{3C2}"
          RenderTableRow {TR} at (0,0) size 0x0
            RenderTableCell {TD} at (2,1034) size 56x22 [border: (1px inset #808080)] [r=43 c=0 rs=1 cs=1]
              RenderText {TEXT} at (2,2) size 24x18
                text run at (2,2) width 24: "963"
            RenderTableCell {TD} at (60,1034) size 88x22 [border: (1px inset #808080)] [r=43 c=1 rs=1 cs=1]
              RenderText {TEXT} at (2,2) size 27x18
                text run at (2,2) width 27: "3C3"
            RenderTableCell {TD} at (150,1034) size 83x22 [border: (1px inset #808080)] [r=43 c=2 rs=1 cs=1]
              RenderText {TEXT} at (2,2) size 37x18
                text run at (2,2) width 37: "sigma"
            RenderTableCell {TD} at (235,1034) size 57x22 [border: (1px inset #808080)] [r=43 c=3 rs=1 cs=1]
              RenderText {TEXT} at (2,2) size 9x18
                text run at (2,2) width 9: "\x{3C3}"
            RenderTableCell {TD} at (294,1034) size 65x22 [border: (1px inset #808080)] [r=43 c=4 rs=1 cs=1]
              RenderText {TEXT} at (2,2) size 9x18
                text run at (2,2) width 9: "\x{3C3}"
            RenderTableCell {TD} at (361,1034) size 60x22 [border: (1px inset #808080)] [r=43 c=5 rs=1 cs=1]
              RenderText {TEXT} at (2,2) size 9x18
                text run at (2,2) width 9: "\x{3C3}"
          RenderTableRow {TR} at (0,0) size 0x0
            RenderTableCell {TD} at (2,1058) size 56x22 [border: (1px inset #808080)] [r=44 c=0 rs=1 cs=1]
              RenderText {TEXT} at (2,2) size 24x18
                text run at (2,2) width 24: "964"
            RenderTableCell {TD} at (60,1058) size 88x22 [border: (1px inset #808080)] [r=44 c=1 rs=1 cs=1]
              RenderText {TEXT} at (2,2) size 27x18
                text run at (2,2) width 27: "3C4"
            RenderTableCell {TD} at (150,1058) size 83x22 [border: (1px inset #808080)] [r=44 c=2 rs=1 cs=1]
              RenderText {TEXT} at (2,2) size 19x18
                text run at (2,2) width 19: "tau"
            RenderTableCell {TD} at (235,1058) size 57x22 [border: (1px inset #808080)] [r=44 c=3 rs=1 cs=1]
              RenderText {TEXT} at (2,2) size 7x18
                text run at (2,2) width 7: "\x{3C4}"
            RenderTableCell {TD} at (294,1058) size 65x22 [border: (1px inset #808080)] [r=44 c=4 rs=1 cs=1]
              RenderText {TEXT} at (2,2) size 7x18
                text run at (2,2) width 7: "\x{3C4}"
            RenderTableCell {TD} at (361,1058) size 60x22 [border: (1px inset #808080)] [r=44 c=5 rs=1 cs=1]
              RenderText {TEXT} at (2,2) size 7x18
                text run at (2,2) width 7: "\x{3C4}"
          RenderTableRow {TR} at (0,0) size 0x0
            RenderTableCell {TD} at (2,1082) size 56x22 [border: (1px inset #808080)] [r=45 c=0 rs=1 cs=1]
              RenderText {TEXT} at (2,2) size 24x18
                text run at (2,2) width 24: "965"
            RenderTableCell {TD} at (60,1082) size 88x22 [border: (1px inset #808080)] [r=45 c=1 rs=1 cs=1]
              RenderText {TEXT} at (2,2) size 27x18
                text run at (2,2) width 27: "3C5"
            RenderTableCell {TD} at (150,1082) size 83x22 [border: (1px inset #808080)] [r=45 c=2 rs=1 cs=1]
              RenderText {TEXT} at (2,2) size 46x18
                text run at (2,2) width 46: "upsilon"
            RenderTableCell {TD} at (235,1082) size 57x22 [border: (1px inset #808080)] [r=45 c=3 rs=1 cs=1]
              RenderText {TEXT} at (2,2) size 9x18
                text run at (2,2) width 9: "\x{3C5}"
            RenderTableCell {TD} at (294,1082) size 65x22 [border: (1px inset #808080)] [r=45 c=4 rs=1 cs=1]
              RenderText {TEXT} at (2,2) size 9x18
                text run at (2,2) width 9: "\x{3C5}"
            RenderTableCell {TD} at (361,1082) size 60x22 [border: (1px inset #808080)] [r=45 c=5 rs=1 cs=1]
              RenderText {TEXT} at (2,2) size 9x18
                text run at (2,2) width 9: "\x{3C5}"
          RenderTableRow {TR} at (0,0) size 0x0
            RenderTableCell {TD} at (2,1106) size 56x22 [border: (1px inset #808080)] [r=46 c=0 rs=1 cs=1]
              RenderText {TEXT} at (2,2) size 24x18
                text run at (2,2) width 24: "966"
            RenderTableCell {TD} at (60,1106) size 88x22 [border: (1px inset #808080)] [r=46 c=1 rs=1 cs=1]
              RenderText {TEXT} at (2,2) size 27x18
                text run at (2,2) width 27: "3C6"
            RenderTableCell {TD} at (150,1106) size 83x22 [border: (1px inset #808080)] [r=46 c=2 rs=1 cs=1]
              RenderText {TEXT} at (2,2) size 20x18
                text run at (2,2) width 20: "phi"
            RenderTableCell {TD} at (235,1106) size 57x22 [border: (1px inset #808080)] [r=46 c=3 rs=1 cs=1]
              RenderText {TEXT} at (2,2) size 11x18
                text run at (2,2) width 11: "\x{3C6}"
            RenderTableCell {TD} at (294,1106) size 65x22 [border: (1px inset #808080)] [r=46 c=4 rs=1 cs=1]
              RenderText {TEXT} at (2,2) size 11x18
                text run at (2,2) width 11: "\x{3C6}"
            RenderTableCell {TD} at (361,1106) size 60x22 [border: (1px inset #808080)] [r=46 c=5 rs=1 cs=1]
              RenderText {TEXT} at (2,2) size 11x18
                text run at (2,2) width 11: "\x{3C6}"
          RenderTableRow {TR} at (0,0) size 0x0
            RenderTableCell {TD} at (2,1130) size 56x22 [border: (1px inset #808080)] [r=47 c=0 rs=1 cs=1]
              RenderText {TEXT} at (2,2) size 24x18
                text run at (2,2) width 24: "967"
            RenderTableCell {TD} at (60,1130) size 88x22 [border: (1px inset #808080)] [r=47 c=1 rs=1 cs=1]
              RenderText {TEXT} at (2,2) size 27x18
                text run at (2,2) width 27: "3C7"
            RenderTableCell {TD} at (150,1130) size 83x22 [border: (1px inset #808080)] [r=47 c=2 rs=1 cs=1]
              RenderText {TEXT} at (2,2) size 19x18
                text run at (2,2) width 19: "chi"
            RenderTableCell {TD} at (235,1130) size 57x22 [border: (1px inset #808080)] [r=47 c=3 rs=1 cs=1]
              RenderText {TEXT} at (2,2) size 8x18
                text run at (2,2) width 8: "\x{3C7}"
            RenderTableCell {TD} at (294,1130) size 65x22 [border: (1px inset #808080)] [r=47 c=4 rs=1 cs=1]
              RenderText {TEXT} at (2,2) size 8x18
                text run at (2,2) width 8: "\x{3C7}"
            RenderTableCell {TD} at (361,1130) size 60x22 [border: (1px inset #808080)] [r=47 c=5 rs=1 cs=1]
              RenderText {TEXT} at (2,2) size 8x18
                text run at (2,2) width 8: "\x{3C7}"
          RenderTableRow {TR} at (0,0) size 0x0
            RenderTableCell {TD} at (2,1154) size 56x22 [border: (1px inset #808080)] [r=48 c=0 rs=1 cs=1]
              RenderText {TEXT} at (2,2) size 24x18
                text run at (2,2) width 24: "968"
            RenderTableCell {TD} at (60,1154) size 88x22 [border: (1px inset #808080)] [r=48 c=1 rs=1 cs=1]
              RenderText {TEXT} at (2,2) size 27x18
                text run at (2,2) width 27: "3C8"
            RenderTableCell {TD} at (150,1154) size 83x22 [border: (1px inset #808080)] [r=48 c=2 rs=1 cs=1]
              RenderText {TEXT} at (2,2) size 18x18
                text run at (2,2) width 18: "psi"
            RenderTableCell {TD} at (235,1154) size 57x22 [border: (1px inset #808080)] [r=48 c=3 rs=1 cs=1]
              RenderText {TEXT} at (2,2) size 12x18
                text run at (2,2) width 12: "\x{3C8}"
            RenderTableCell {TD} at (294,1154) size 65x22 [border: (1px inset #808080)] [r=48 c=4 rs=1 cs=1]
              RenderText {TEXT} at (2,2) size 12x18
                text run at (2,2) width 12: "\x{3C8}"
            RenderTableCell {TD} at (361,1154) size 60x22 [border: (1px inset #808080)] [r=48 c=5 rs=1 cs=1]
              RenderText {TEXT} at (2,2) size 12x18
                text run at (2,2) width 12: "\x{3C8}"
          RenderTableRow {TR} at (0,0) size 0x0
            RenderTableCell {TD} at (2,1178) size 56x22 [border: (1px inset #808080)] [r=49 c=0 rs=1 cs=1]
              RenderText {TEXT} at (2,2) size 24x18
                text run at (2,2) width 24: "969"
            RenderTableCell {TD} at (60,1178) size 88x22 [border: (1px inset #808080)] [r=49 c=1 rs=1 cs=1]
              RenderText {TEXT} at (2,2) size 27x18
                text run at (2,2) width 27: "3C9"
            RenderTableCell {TD} at (150,1178) size 83x22 [border: (1px inset #808080)] [r=49 c=2 rs=1 cs=1]
              RenderText {TEXT} at (2,2) size 42x18
                text run at (2,2) width 42: "omega"
            RenderTableCell {TD} at (235,1178) size 57x22 [border: (1px inset #808080)] [r=49 c=3 rs=1 cs=1]
              RenderText {TEXT} at (2,2) size 12x18
                text run at (2,2) width 12: "\x{3C9}"
            RenderTableCell {TD} at (294,1178) size 65x22 [border: (1px inset #808080)] [r=49 c=4 rs=1 cs=1]
              RenderText {TEXT} at (2,2) size 12x18
                text run at (2,2) width 12: "\x{3C9}"
            RenderTableCell {TD} at (361,1178) size 60x22 [border: (1px inset #808080)] [r=49 c=5 rs=1 cs=1]
              RenderText {TEXT} at (2,2) size 12x18
                text run at (2,2) width 12: "\x{3C9}"
          RenderTableRow {TR} at (0,0) size 0x0
            RenderTableCell {TD} at (2,1202) size 56x22 [border: (1px inset #808080)] [r=50 c=0 rs=1 cs=1]
              RenderText {TEXT} at (2,2) size 24x18
                text run at (2,2) width 24: "977"
            RenderTableCell {TD} at (60,1202) size 88x22 [border: (1px inset #808080)] [r=50 c=1 rs=1 cs=1]
              RenderText {TEXT} at (2,2) size 28x18
                text run at (2,2) width 28: "3D1"
            RenderTableCell {TD} at (150,1202) size 83x22 [border: (1px inset #808080)] [r=50 c=2 rs=1 cs=1]
              RenderText {TEXT} at (2,2) size 56x18
                text run at (2,2) width 56: "thetasym"
            RenderTableCell {TD} at (235,1202) size 57x22 [border: (1px inset #808080)] [r=50 c=3 rs=1 cs=1]
              RenderText {TEXT} at (2,2) size 10x18
                text run at (2,2) width 10: "\x{3D1}"
            RenderTableCell {TD} at (294,1202) size 65x22 [border: (1px inset #808080)] [r=50 c=4 rs=1 cs=1]
              RenderText {TEXT} at (2,2) size 10x18
                text run at (2,2) width 10: "\x{3D1}"
            RenderTableCell {TD} at (361,1202) size 60x22 [border: (1px inset #808080)] [r=50 c=5 rs=1 cs=1]
              RenderText {TEXT} at (2,2) size 10x18
                text run at (2,2) width 10: "\x{3D1}"
          RenderTableRow {TR} at (0,0) size 0x0
            RenderTableCell {TD} at (2,1226) size 56x22 [border: (1px inset #808080)] [r=51 c=0 rs=1 cs=1]
              RenderText {TEXT} at (2,2) size 24x18
                text run at (2,2) width 24: "978"
            RenderTableCell {TD} at (60,1226) size 88x22 [border: (1px inset #808080)] [r=51 c=1 rs=1 cs=1]
              RenderText {TEXT} at (2,2) size 28x18
                text run at (2,2) width 28: "3D2"
            RenderTableCell {TD} at (150,1226) size 83x22 [border: (1px inset #808080)] [r=51 c=2 rs=1 cs=1]
              RenderText {TEXT} at (2,2) size 34x18
                text run at (2,2) width 34: "upsih"
            RenderTableCell {TD} at (235,1226) size 57x22 [border: (1px inset #808080)] [r=51 c=3 rs=1 cs=1]
              RenderText {TEXT} at (2,2) size 10x18
                text run at (2,2) width 10: "\x{3D2}"
            RenderTableCell {TD} at (294,1226) size 65x22 [border: (1px inset #808080)] [r=51 c=4 rs=1 cs=1]
              RenderText {TEXT} at (2,2) size 10x18
                text run at (2,2) width 10: "\x{3D2}"
            RenderTableCell {TD} at (361,1226) size 60x22 [border: (1px inset #808080)] [r=51 c=5 rs=1 cs=1]
              RenderText {TEXT} at (2,2) size 10x18
                text run at (2,2) width 10: "\x{3D2}"
          RenderTableRow {TR} at (0,0) size 0x0
            RenderTableCell {TD} at (2,1250) size 56x22 [border: (1px inset #808080)] [r=52 c=0 rs=1 cs=1]
              RenderText {TEXT} at (2,2) size 24x18
                text run at (2,2) width 24: "982"
            RenderTableCell {TD} at (60,1250) size 88x22 [border: (1px inset #808080)] [r=52 c=1 rs=1 cs=1]
              RenderText {TEXT} at (2,2) size 28x18
                text run at (2,2) width 28: "3D6"
            RenderTableCell {TD} at (150,1250) size 83x22 [border: (1px inset #808080)] [r=52 c=2 rs=1 cs=1]
              RenderText {TEXT} at (2,2) size 20x18
                text run at (2,2) width 20: "piv"
            RenderTableCell {TD} at (235,1250) size 57x22 [border: (1px inset #808080)] [r=52 c=3 rs=1 cs=1]
              RenderText {TEXT} at (2,2) size 11x18
                text run at (2,2) width 11: "\x{3D6}"
            RenderTableCell {TD} at (294,1250) size 65x22 [border: (1px inset #808080)] [r=52 c=4 rs=1 cs=1]
              RenderText {TEXT} at (2,2) size 11x18
                text run at (2,2) width 11: "\x{3D6}"
            RenderTableCell {TD} at (361,1250) size 60x22 [border: (1px inset #808080)] [r=52 c=5 rs=1 cs=1]
              RenderText {TEXT} at (2,2) size 11x18
                text run at (2,2) width 11: "\x{3D6}"
          RenderTableRow {TR} at (0,0) size 0x0
            RenderTableCell {TD} at (2,1274) size 56x22 [border: (1px inset #808080)] [r=53 c=0 rs=1 cs=1]
              RenderText {TEXT} at (2,2) size 32x18
                text run at (2,2) width 32: "8226"
            RenderTableCell {TD} at (60,1274) size 88x22 [border: (1px inset #808080)] [r=53 c=1 rs=1 cs=1]
              RenderText {TEXT} at (2,2) size 32x18
                text run at (2,2) width 32: "2022"
            RenderTableCell {TD} at (150,1274) size 83x22 [border: (1px inset #808080)] [r=53 c=2 rs=1 cs=1]
              RenderText {TEXT} at (2,2) size 24x18
                text run at (2,2) width 24: "bull"
            RenderTableCell {TD} at (235,1274) size 57x22 [border: (1px inset #808080)] [r=53 c=3 rs=1 cs=1]
              RenderText {TEXT} at (2,2) size 6x18
                text run at (2,2) width 6: "\x{2022}"
            RenderTableCell {TD} at (294,1274) size 65x22 [border: (1px inset #808080)] [r=53 c=4 rs=1 cs=1]
              RenderText {TEXT} at (2,2) size 6x18
                text run at (2,2) width 6: "\x{2022}"
            RenderTableCell {TD} at (361,1274) size 60x22 [border: (1px inset #808080)] [r=53 c=5 rs=1 cs=1]
              RenderText {TEXT} at (2,2) size 6x18
                text run at (2,2) width 6: "\x{2022}"
          RenderTableRow {TR} at (0,0) size 0x0
            RenderTableCell {TD} at (2,1298) size 56x22 [border: (1px inset #808080)] [r=54 c=0 rs=1 cs=1]
              RenderText {TEXT} at (2,2) size 32x18
                text run at (2,2) width 32: "8230"
            RenderTableCell {TD} at (60,1298) size 88x22 [border: (1px inset #808080)] [r=54 c=1 rs=1 cs=1]
              RenderText {TEXT} at (2,2) size 32x18
                text run at (2,2) width 32: "2026"
            RenderTableCell {TD} at (150,1298) size 83x22 [border: (1px inset #808080)] [r=54 c=2 rs=1 cs=1]
              RenderText {TEXT} at (2,2) size 35x18
                text run at (2,2) width 35: "hellip"
            RenderTableCell {TD} at (235,1298) size 57x22 [border: (1px inset #808080)] [r=54 c=3 rs=1 cs=1]
              RenderText {TEXT} at (2,2) size 16x18
                text run at (2,2) width 16: "\x{2026}"
            RenderTableCell {TD} at (294,1298) size 65x22 [border: (1px inset #808080)] [r=54 c=4 rs=1 cs=1]
              RenderText {TEXT} at (2,2) size 16x18
                text run at (2,2) width 16: "\x{2026}"
            RenderTableCell {TD} at (361,1298) size 60x22 [border: (1px inset #808080)] [r=54 c=5 rs=1 cs=1]
              RenderText {TEXT} at (2,2) size 16x18
                text run at (2,2) width 16: "\x{2026}"
          RenderTableRow {TR} at (0,0) size 0x0
            RenderTableCell {TD} at (2,1322) size 56x22 [border: (1px inset #808080)] [r=55 c=0 rs=1 cs=1]
              RenderText {TEXT} at (2,2) size 32x18
                text run at (2,2) width 32: "8242"
            RenderTableCell {TD} at (60,1322) size 88x22 [border: (1px inset #808080)] [r=55 c=1 rs=1 cs=1]
              RenderText {TEXT} at (2,2) size 32x18
                text run at (2,2) width 32: "2032"
            RenderTableCell {TD} at (150,1322) size 83x22 [border: (1px inset #808080)] [r=55 c=2 rs=1 cs=1]
              RenderText {TEXT} at (2,2) size 36x18
                text run at (2,2) width 36: "prime"
            RenderTableCell {TD} at (235,1322) size 57x22 [border: (1px inset #808080)] [r=55 c=3 rs=1 cs=1]
              RenderText {TEXT} at (2,2) size 4x18
                text run at (2,2) width 4: "\x{2032}"
            RenderTableCell {TD} at (294,1322) size 65x22 [border: (1px inset #808080)] [r=55 c=4 rs=1 cs=1]
              RenderText {TEXT} at (2,2) size 4x18
                text run at (2,2) width 4: "\x{2032}"
            RenderTableCell {TD} at (361,1322) size 60x22 [border: (1px inset #808080)] [r=55 c=5 rs=1 cs=1]
              RenderText {TEXT} at (2,2) size 4x18
                text run at (2,2) width 4: "\x{2032}"
          RenderTableRow {TR} at (0,0) size 0x0
            RenderTableCell {TD} at (2,1346) size 56x22 [border: (1px inset #808080)] [r=56 c=0 rs=1 cs=1]
              RenderText {TEXT} at (2,2) size 32x18
                text run at (2,2) width 32: "8243"
            RenderTableCell {TD} at (60,1346) size 88x22 [border: (1px inset #808080)] [r=56 c=1 rs=1 cs=1]
              RenderText {TEXT} at (2,2) size 32x18
                text run at (2,2) width 32: "2033"
            RenderTableCell {TD} at (150,1346) size 83x22 [border: (1px inset #808080)] [r=56 c=2 rs=1 cs=1]
              RenderText {TEXT} at (2,2) size 37x18
                text run at (2,2) width 37: "Prime"
            RenderTableCell {TD} at (235,1346) size 57x22 [border: (1px inset #808080)] [r=56 c=3 rs=1 cs=1]
              RenderText {TEXT} at (2,2) size 7x18
                text run at (2,2) width 7: "\x{2033}"
            RenderTableCell {TD} at (294,1346) size 65x22 [border: (1px inset #808080)] [r=56 c=4 rs=1 cs=1]
              RenderText {TEXT} at (2,2) size 7x18
                text run at (2,2) width 7: "\x{2033}"
            RenderTableCell {TD} at (361,1346) size 60x22 [border: (1px inset #808080)] [r=56 c=5 rs=1 cs=1]
              RenderText {TEXT} at (2,2) size 7x18
                text run at (2,2) width 7: "\x{2033}"
          RenderTableRow {TR} at (0,0) size 0x0
            RenderTableCell {TD} at (2,1370) size 56x22 [border: (1px inset #808080)] [r=57 c=0 rs=1 cs=1]
              RenderText {TEXT} at (2,2) size 32x18
                text run at (2,2) width 32: "8254"
            RenderTableCell {TD} at (60,1370) size 88x22 [border: (1px inset #808080)] [r=57 c=1 rs=1 cs=1]
              RenderText {TEXT} at (2,2) size 34x18
                text run at (2,2) width 34: "203E"
            RenderTableCell {TD} at (150,1370) size 83x22 [border: (1px inset #808080)] [r=57 c=2 rs=1 cs=1]
              RenderText {TEXT} at (2,2) size 31x18
                text run at (2,2) width 31: "oline"
            RenderTableCell {TD} at (235,1370) size 57x22 [border: (1px inset #808080)] [r=57 c=3 rs=1 cs=1]
              RenderText {TEXT} at (2,2) size 8x18
                text run at (2,2) width 8: "\x{203E}"
            RenderTableCell {TD} at (294,1370) size 65x22 [border: (1px inset #808080)] [r=57 c=4 rs=1 cs=1]
              RenderText {TEXT} at (2,2) size 8x18
                text run at (2,2) width 8: "\x{203E}"
            RenderTableCell {TD} at (361,1370) size 60x22 [border: (1px inset #808080)] [r=57 c=5 rs=1 cs=1]
              RenderText {TEXT} at (2,2) size 8x18
                text run at (2,2) width 8: "\x{203E}"
          RenderTableRow {TR} at (0,0) size 0x0
            RenderTableCell {TD} at (2,1394) size 56x22 [border: (1px inset #808080)] [r=58 c=0 rs=1 cs=1]
              RenderText {TEXT} at (2,2) size 32x18
                text run at (2,2) width 32: "8260"
            RenderTableCell {TD} at (60,1394) size 88x22 [border: (1px inset #808080)] [r=58 c=1 rs=1 cs=1]
              RenderText {TEXT} at (2,2) size 32x18
                text run at (2,2) width 32: "2044"
            RenderTableCell {TD} at (150,1394) size 83x22 [border: (1px inset #808080)] [r=58 c=2 rs=1 cs=1]
              RenderText {TEXT} at (2,2) size 27x18
                text run at (2,2) width 27: "frasl"
            RenderTableCell {TD} at (235,1394) size 57x22 [border: (1px inset #808080)] [r=58 c=3 rs=1 cs=1]
              RenderText {TEXT} at (2,2) size 3x18
                text run at (2,2) width 3: "\x{2044}"
            RenderTableCell {TD} at (294,1394) size 65x22 [border: (1px inset #808080)] [r=58 c=4 rs=1 cs=1]
              RenderText {TEXT} at (2,2) size 3x18
                text run at (2,2) width 3: "\x{2044}"
            RenderTableCell {TD} at (361,1394) size 60x22 [border: (1px inset #808080)] [r=58 c=5 rs=1 cs=1]
              RenderText {TEXT} at (2,2) size 3x18
                text run at (2,2) width 3: "\x{2044}"
          RenderTableRow {TR} at (0,0) size 0x0
            RenderTableCell {TD} at (2,1418) size 56x22 [border: (1px inset #808080)] [r=59 c=0 rs=1 cs=1]
              RenderText {TEXT} at (2,2) size 32x18
                text run at (2,2) width 32: "8472"
            RenderTableCell {TD} at (60,1418) size 88x22 [border: (1px inset #808080)] [r=59 c=1 rs=1 cs=1]
              RenderText {TEXT} at (2,2) size 32x18
                text run at (2,2) width 32: "2118"
            RenderTableCell {TD} at (150,1418) size 83x22 [border: (1px inset #808080)] [r=59 c=2 rs=1 cs=1]
              RenderText {TEXT} at (2,2) size 43x18
                text run at (2,2) width 43: "weierp"
            RenderTableCell {TD} at (235,1418) size 57x22 [border: (1px inset #808080)] [r=59 c=3 rs=1 cs=1]
              RenderText {TEXT} at (2,2) size 16x18
                text run at (2,2) width 16: "\x{2118}"
            RenderTableCell {TD} at (294,1418) size 65x22 [border: (1px inset #808080)] [r=59 c=4 rs=1 cs=1]
              RenderText {TEXT} at (2,2) size 16x18
                text run at (2,2) width 16: "\x{2118}"
            RenderTableCell {TD} at (361,1418) size 60x22 [border: (1px inset #808080)] [r=59 c=5 rs=1 cs=1]
              RenderText {TEXT} at (2,2) size 16x18
                text run at (2,2) width 16: "\x{2118}"
          RenderTableRow {TR} at (0,0) size 0x0
            RenderTableCell {TD} at (2,1442) size 56x22 [border: (1px inset #808080)] [r=60 c=0 rs=1 cs=1]
              RenderText {TEXT} at (2,2) size 32x18
                text run at (2,2) width 32: "8465"
            RenderTableCell {TD} at (60,1442) size 88x22 [border: (1px inset #808080)] [r=60 c=1 rs=1 cs=1]
              RenderText {TEXT} at (2,2) size 32x18
                text run at (2,2) width 32: "2111"
            RenderTableCell {TD} at (150,1442) size 83x22 [border: (1px inset #808080)] [r=60 c=2 rs=1 cs=1]
              RenderText {TEXT} at (2,2) size 38x18
                text run at (2,2) width 38: "image"
            RenderTableCell {TD} at (235,1442) size 57x22 [border: (1px inset #808080)] [r=60 c=3 rs=1 cs=1]
              RenderText {TEXT} at (2,2) size 11x18
                text run at (2,2) width 11: "\x{2111}"
            RenderTableCell {TD} at (294,1442) size 65x22 [border: (1px inset #808080)] [r=60 c=4 rs=1 cs=1]
              RenderText {TEXT} at (2,2) size 11x18
                text run at (2,2) width 11: "\x{2111}"
            RenderTableCell {TD} at (361,1442) size 60x22 [border: (1px inset #808080)] [r=60 c=5 rs=1 cs=1]
              RenderText {TEXT} at (2,2) size 11x18
                text run at (2,2) width 11: "\x{2111}"
          RenderTableRow {TR} at (0,0) size 0x0
            RenderTableCell {TD} at (2,1466) size 56x22 [border: (1px inset #808080)] [r=61 c=0 rs=1 cs=1]
              RenderText {TEXT} at (2,2) size 32x18
                text run at (2,2) width 32: "8476"
            RenderTableCell {TD} at (60,1466) size 88x22 [border: (1px inset #808080)] [r=61 c=1 rs=1 cs=1]
              RenderText {TEXT} at (2,2) size 35x18
                text run at (2,2) width 35: "211C"
            RenderTableCell {TD} at (150,1466) size 83x22 [border: (1px inset #808080)] [r=61 c=2 rs=1 cs=1]
              RenderText {TEXT} at (2,2) size 23x18
                text run at (2,2) width 23: "real"
            RenderTableCell {TD} at (235,1466) size 57x22 [border: (1px inset #808080)] [r=61 c=3 rs=1 cs=1]
              RenderText {TEXT} at (2,2) size 13x18
                text run at (2,2) width 13: "\x{211C}"
            RenderTableCell {TD} at (294,1466) size 65x22 [border: (1px inset #808080)] [r=61 c=4 rs=1 cs=1]
              RenderText {TEXT} at (2,2) size 13x18
                text run at (2,2) width 13: "\x{211C}"
            RenderTableCell {TD} at (361,1466) size 60x22 [border: (1px inset #808080)] [r=61 c=5 rs=1 cs=1]
              RenderText {TEXT} at (2,2) size 13x18
                text run at (2,2) width 13: "\x{211C}"
          RenderTableRow {TR} at (0,0) size 0x0
            RenderTableCell {TD} at (2,1490) size 56x22 [border: (1px inset #808080)] [r=62 c=0 rs=1 cs=1]
              RenderText {TEXT} at (2,2) size 32x18
                text run at (2,2) width 32: "8482"
            RenderTableCell {TD} at (60,1490) size 88x22 [border: (1px inset #808080)] [r=62 c=1 rs=1 cs=1]
              RenderText {TEXT} at (2,2) size 32x18
                text run at (2,2) width 32: "2122"
            RenderTableCell {TD} at (150,1490) size 83x22 [border: (1px inset #808080)] [r=62 c=2 rs=1 cs=1]
              RenderText {TEXT} at (2,2) size 31x18
                text run at (2,2) width 31: "trade"
            RenderTableCell {TD} at (235,1490) size 57x22 [border: (1px inset #808080)] [r=62 c=3 rs=1 cs=1]
              RenderText {TEXT} at (2,2) size 16x18
                text run at (2,2) width 16: "\x{2122}"
            RenderTableCell {TD} at (294,1490) size 65x22 [border: (1px inset #808080)] [r=62 c=4 rs=1 cs=1]
              RenderText {TEXT} at (2,2) size 16x18
                text run at (2,2) width 16: "\x{2122}"
            RenderTableCell {TD} at (361,1490) size 60x22 [border: (1px inset #808080)] [r=62 c=5 rs=1 cs=1]
              RenderText {TEXT} at (2,2) size 16x18
                text run at (2,2) width 16: "\x{2122}"
          RenderTableRow {TR} at (0,0) size 0x0
            RenderTableCell {TD} at (2,1514) size 56x22 [border: (1px inset #808080)] [r=63 c=0 rs=1 cs=1]
              RenderText {TEXT} at (2,2) size 32x18
                text run at (2,2) width 32: "8501"
            RenderTableCell {TD} at (60,1514) size 88x22 [border: (1px inset #808080)] [r=63 c=1 rs=1 cs=1]
              RenderText {TEXT} at (2,2) size 32x18
                text run at (2,2) width 32: "2135"
            RenderTableCell {TD} at (150,1514) size 83x22 [border: (1px inset #808080)] [r=63 c=2 rs=1 cs=1]
              RenderText {TEXT} at (2,2) size 49x18
                text run at (2,2) width 49: "alefsym"
            RenderTableCell {TD} at (235,1514) size 57x22 [border: (1px inset #808080)] [r=63 c=3 rs=1 cs=1]
              RenderText {TEXT} at (2,2) size 13x18
                text run at (2,2) width 13: "\x{2135}"
            RenderTableCell {TD} at (294,1514) size 65x22 [border: (1px inset #808080)] [r=63 c=4 rs=1 cs=1]
              RenderText {TEXT} at (2,2) size 13x18
                text run at (2,2) width 13: "\x{2135}"
            RenderTableCell {TD} at (361,1514) size 60x22 [border: (1px inset #808080)] [r=63 c=5 rs=1 cs=1]
              RenderText {TEXT} at (2,2) size 13x18
                text run at (2,2) width 13: "\x{2135}"
          RenderTableRow {TR} at (0,0) size 0x0
            RenderTableCell {TD} at (2,1538) size 56x22 [border: (1px inset #808080)] [r=64 c=0 rs=1 cs=1]
              RenderText {TEXT} at (2,2) size 32x18
                text run at (2,2) width 32: "8592"
            RenderTableCell {TD} at (60,1538) size 88x22 [border: (1px inset #808080)] [r=64 c=1 rs=1 cs=1]
              RenderText {TEXT} at (2,2) size 32x18
                text run at (2,2) width 32: "2190"
            RenderTableCell {TD} at (150,1538) size 83x22 [border: (1px inset #808080)] [r=64 c=2 rs=1 cs=1]
              RenderText {TEXT} at (2,2) size 21x18
                text run at (2,2) width 21: "larr"
            RenderTableCell {TD} at (235,1538) size 57x22 [border: (1px inset #808080)] [r=64 c=3 rs=1 cs=1]
              RenderText {TEXT} at (2,2) size 16x18
                text run at (2,2) width 16: "\x{2190}"
            RenderTableCell {TD} at (294,1538) size 65x22 [border: (1px inset #808080)] [r=64 c=4 rs=1 cs=1]
              RenderText {TEXT} at (2,2) size 16x18
                text run at (2,2) width 16: "\x{2190}"
            RenderTableCell {TD} at (361,1538) size 60x22 [border: (1px inset #808080)] [r=64 c=5 rs=1 cs=1]
              RenderText {TEXT} at (2,2) size 16x18
                text run at (2,2) width 16: "\x{2190}"
          RenderTableRow {TR} at (0,0) size 0x0
            RenderTableCell {TD} at (2,1562) size 56x22 [border: (1px inset #808080)] [r=65 c=0 rs=1 cs=1]
              RenderText {TEXT} at (2,2) size 32x18
                text run at (2,2) width 32: "8593"
            RenderTableCell {TD} at (60,1562) size 88x22 [border: (1px inset #808080)] [r=65 c=1 rs=1 cs=1]
              RenderText {TEXT} at (2,2) size 32x18
                text run at (2,2) width 32: "2191"
            RenderTableCell {TD} at (150,1562) size 83x22 [border: (1px inset #808080)] [r=65 c=2 rs=1 cs=1]
              RenderText {TEXT} at (2,2) size 25x18
                text run at (2,2) width 25: "uarr"
            RenderTableCell {TD} at (235,1562) size 57x22 [border: (1px inset #808080)] [r=65 c=3 rs=1 cs=1]
              RenderText {TEXT} at (2,2) size 10x18
                text run at (2,2) width 10: "\x{2191}"
            RenderTableCell {TD} at (294,1562) size 65x22 [border: (1px inset #808080)] [r=65 c=4 rs=1 cs=1]
              RenderText {TEXT} at (2,2) size 10x18
                text run at (2,2) width 10: "\x{2191}"
            RenderTableCell {TD} at (361,1562) size 60x22 [border: (1px inset #808080)] [r=65 c=5 rs=1 cs=1]
              RenderText {TEXT} at (2,2) size 10x18
                text run at (2,2) width 10: "\x{2191}"
          RenderTableRow {TR} at (0,0) size 0x0
            RenderTableCell {TD} at (2,1586) size 56x22 [border: (1px inset #808080)] [r=66 c=0 rs=1 cs=1]
              RenderText {TEXT} at (2,2) size 32x18
                text run at (2,2) width 32: "8594"
            RenderTableCell {TD} at (60,1586) size 88x22 [border: (1px inset #808080)] [r=66 c=1 rs=1 cs=1]
              RenderText {TEXT} at (2,2) size 32x18
                text run at (2,2) width 32: "2192"
            RenderTableCell {TD} at (150,1586) size 83x22 [border: (1px inset #808080)] [r=66 c=2 rs=1 cs=1]
              RenderText {TEXT} at (2,2) size 22x18
                text run at (2,2) width 22: "rarr"
            RenderTableCell {TD} at (235,1586) size 57x22 [border: (1px inset #808080)] [r=66 c=3 rs=1 cs=1]
              RenderText {TEXT} at (2,2) size 16x18
                text run at (2,2) width 16: "\x{2192}"
            RenderTableCell {TD} at (294,1586) size 65x22 [border: (1px inset #808080)] [r=66 c=4 rs=1 cs=1]
              RenderText {TEXT} at (2,2) size 16x18
                text run at (2,2) width 16: "\x{2192}"
            RenderTableCell {TD} at (361,1586) size 60x22 [border: (1px inset #808080)] [r=66 c=5 rs=1 cs=1]
              RenderText {TEXT} at (2,2) size 16x18
                text run at (2,2) width 16: "\x{2192}"
          RenderTableRow {TR} at (0,0) size 0x0
            RenderTableCell {TD} at (2,1610) size 56x22 [border: (1px inset #808080)] [r=67 c=0 rs=1 cs=1]
              RenderText {TEXT} at (2,2) size 32x18
                text run at (2,2) width 32: "8595"
            RenderTableCell {TD} at (60,1610) size 88x22 [border: (1px inset #808080)] [r=67 c=1 rs=1 cs=1]
              RenderText {TEXT} at (2,2) size 32x18
                text run at (2,2) width 32: "2193"
            RenderTableCell {TD} at (150,1610) size 83x22 [border: (1px inset #808080)] [r=67 c=2 rs=1 cs=1]
              RenderText {TEXT} at (2,2) size 25x18
                text run at (2,2) width 25: "darr"
            RenderTableCell {TD} at (235,1610) size 57x22 [border: (1px inset #808080)] [r=67 c=3 rs=1 cs=1]
              RenderText {TEXT} at (2,2) size 10x18
                text run at (2,2) width 10: "\x{2193}"
            RenderTableCell {TD} at (294,1610) size 65x22 [border: (1px inset #808080)] [r=67 c=4 rs=1 cs=1]
              RenderText {TEXT} at (2,2) size 10x18
                text run at (2,2) width 10: "\x{2193}"
            RenderTableCell {TD} at (361,1610) size 60x22 [border: (1px inset #808080)] [r=67 c=5 rs=1 cs=1]
              RenderText {TEXT} at (2,2) size 10x18
                text run at (2,2) width 10: "\x{2193}"
          RenderTableRow {TR} at (0,0) size 0x0
            RenderTableCell {TD} at (2,1634) size 56x22 [border: (1px inset #808080)] [r=68 c=0 rs=1 cs=1]
              RenderText {TEXT} at (2,2) size 32x18
                text run at (2,2) width 32: "8596"
            RenderTableCell {TD} at (60,1634) size 88x22 [border: (1px inset #808080)] [r=68 c=1 rs=1 cs=1]
              RenderText {TEXT} at (2,2) size 32x18
                text run at (2,2) width 32: "2194"
            RenderTableCell {TD} at (150,1634) size 83x22 [border: (1px inset #808080)] [r=68 c=2 rs=1 cs=1]
              RenderText {TEXT} at (2,2) size 25x18
                text run at (2,2) width 25: "harr"
            RenderTableCell {TD} at (235,1634) size 57x22 [border: (1px inset #808080)] [r=68 c=3 rs=1 cs=1]
              RenderText {TEXT} at (2,2) size 17x18
                text run at (2,2) width 17: "\x{2194}"
            RenderTableCell {TD} at (294,1634) size 65x22 [border: (1px inset #808080)] [r=68 c=4 rs=1 cs=1]
              RenderText {TEXT} at (2,2) size 17x18
                text run at (2,2) width 17: "\x{2194}"
            RenderTableCell {TD} at (361,1634) size 60x22 [border: (1px inset #808080)] [r=68 c=5 rs=1 cs=1]
              RenderText {TEXT} at (2,2) size 17x18
                text run at (2,2) width 17: "\x{2194}"
          RenderTableRow {TR} at (0,0) size 0x0
            RenderTableCell {TD} at (2,1658) size 56x22 [border: (1px inset #808080)] [r=69 c=0 rs=1 cs=1]
              RenderText {TEXT} at (2,2) size 32x18
                text run at (2,2) width 32: "8629"
            RenderTableCell {TD} at (60,1658) size 88x22 [border: (1px inset #808080)] [r=69 c=1 rs=1 cs=1]
              RenderText {TEXT} at (2,2) size 35x18
                text run at (2,2) width 35: "21B5"
            RenderTableCell {TD} at (150,1658) size 83x22 [border: (1px inset #808080)] [r=69 c=2 rs=1 cs=1]
              RenderText {TEXT} at (2,2) size 29x18
                text run at (2,2) width 29: "crarr"
            RenderTableCell {TD} at (235,1658) size 57x22 [border: (1px inset #808080)] [r=69 c=3 rs=1 cs=1]
              RenderText {TEXT} at (2,2) size 11x18
                text run at (2,2) width 11: "\x{21B5}"
            RenderTableCell {TD} at (294,1658) size 65x22 [border: (1px inset #808080)] [r=69 c=4 rs=1 cs=1]
              RenderText {TEXT} at (2,2) size 11x18
                text run at (2,2) width 11: "\x{21B5}"
            RenderTableCell {TD} at (361,1658) size 60x22 [border: (1px inset #808080)] [r=69 c=5 rs=1 cs=1]
              RenderText {TEXT} at (2,2) size 11x18
                text run at (2,2) width 11: "\x{21B5}"
          RenderTableRow {TR} at (0,0) size 0x0
            RenderTableCell {TD} at (2,1682) size 56x22 [border: (1px inset #808080)] [r=70 c=0 rs=1 cs=1]
              RenderText {TEXT} at (2,2) size 32x18
                text run at (2,2) width 32: "8656"
            RenderTableCell {TD} at (60,1682) size 88x22 [border: (1px inset #808080)] [r=70 c=1 rs=1 cs=1]
              RenderText {TEXT} at (2,2) size 36x18
                text run at (2,2) width 36: "21D0"
            RenderTableCell {TD} at (150,1682) size 83x22 [border: (1px inset #808080)] [r=70 c=2 rs=1 cs=1]
              RenderText {TEXT} at (2,2) size 26x18
                text run at (2,2) width 26: "lArr"
            RenderTableCell {TD} at (235,1682) size 57x22 [border: (1px inset #808080)] [r=70 c=3 rs=1 cs=1]
              RenderText {TEXT} at (2,2) size 16x18
                text run at (2,2) width 16: "\x{21D0}"
            RenderTableCell {TD} at (294,1682) size 65x22 [border: (1px inset #808080)] [r=70 c=4 rs=1 cs=1]
              RenderText {TEXT} at (2,2) size 16x18
                text run at (2,2) width 16: "\x{21D0}"
            RenderTableCell {TD} at (361,1682) size 60x22 [border: (1px inset #808080)] [r=70 c=5 rs=1 cs=1]
              RenderText {TEXT} at (2,2) size 16x18
                text run at (2,2) width 16: "\x{21D0}"
          RenderTableRow {TR} at (0,0) size 0x0
            RenderTableCell {TD} at (2,1706) size 56x22 [border: (1px inset #808080)] [r=71 c=0 rs=1 cs=1]
              RenderText {TEXT} at (2,2) size 32x18
                text run at (2,2) width 32: "8657"
            RenderTableCell {TD} at (60,1706) size 88x22 [border: (1px inset #808080)] [r=71 c=1 rs=1 cs=1]
              RenderText {TEXT} at (2,2) size 36x18
                text run at (2,2) width 36: "21D1"
            RenderTableCell {TD} at (150,1706) size 83x22 [border: (1px inset #808080)] [r=71 c=2 rs=1 cs=1]
              RenderText {TEXT} at (2,2) size 30x18
                text run at (2,2) width 30: "uArr"
            RenderTableCell {TD} at (235,1706) size 57x22 [border: (1px inset #808080)] [r=71 c=3 rs=1 cs=1]
              RenderText {TEXT} at (2,2) size 10x18
                text run at (2,2) width 10: "\x{21D1}"
            RenderTableCell {TD} at (294,1706) size 65x22 [border: (1px inset #808080)] [r=71 c=4 rs=1 cs=1]
              RenderText {TEXT} at (2,2) size 10x18
                text run at (2,2) width 10: "\x{21D1}"
            RenderTableCell {TD} at (361,1706) size 60x22 [border: (1px inset #808080)] [r=71 c=5 rs=1 cs=1]
              RenderText {TEXT} at (2,2) size 10x18
                text run at (2,2) width 10: "\x{21D1}"
          RenderTableRow {TR} at (0,0) size 0x0
            RenderTableCell {TD} at (2,1730) size 56x22 [border: (1px inset #808080)] [r=72 c=0 rs=1 cs=1]
              RenderText {TEXT} at (2,2) size 32x18
                text run at (2,2) width 32: "8658"
            RenderTableCell {TD} at (60,1730) size 88x22 [border: (1px inset #808080)] [r=72 c=1 rs=1 cs=1]
              RenderText {TEXT} at (2,2) size 36x18
                text run at (2,2) width 36: "21D2"
            RenderTableCell {TD} at (150,1730) size 83x22 [border: (1px inset #808080)] [r=72 c=2 rs=1 cs=1]
              RenderText {TEXT} at (2,2) size 27x18
                text run at (2,2) width 27: "rArr"
            RenderTableCell {TD} at (235,1730) size 57x22 [border: (1px inset #808080)] [r=72 c=3 rs=1 cs=1]
              RenderText {TEXT} at (2,2) size 16x18
                text run at (2,2) width 16: "\x{21D2}"
            RenderTableCell {TD} at (294,1730) size 65x22 [border: (1px inset #808080)] [r=72 c=4 rs=1 cs=1]
              RenderText {TEXT} at (2,2) size 16x18
                text run at (2,2) width 16: "\x{21D2}"
            RenderTableCell {TD} at (361,1730) size 60x22 [border: (1px inset #808080)] [r=72 c=5 rs=1 cs=1]
              RenderText {TEXT} at (2,2) size 16x18
                text run at (2,2) width 16: "\x{21D2}"
          RenderTableRow {TR} at (0,0) size 0x0
            RenderTableCell {TD} at (2,1754) size 56x22 [border: (1px inset #808080)] [r=73 c=0 rs=1 cs=1]
              RenderText {TEXT} at (2,2) size 32x18
                text run at (2,2) width 32: "8659"
            RenderTableCell {TD} at (60,1754) size 88x22 [border: (1px inset #808080)] [r=73 c=1 rs=1 cs=1]
              RenderText {TEXT} at (2,2) size 36x18
                text run at (2,2) width 36: "21D3"
            RenderTableCell {TD} at (150,1754) size 83x22 [border: (1px inset #808080)] [r=73 c=2 rs=1 cs=1]
              RenderText {TEXT} at (2,2) size 30x18
                text run at (2,2) width 30: "dArr"
            RenderTableCell {TD} at (235,1754) size 57x22 [border: (1px inset #808080)] [r=73 c=3 rs=1 cs=1]
              RenderText {TEXT} at (2,2) size 10x18
                text run at (2,2) width 10: "\x{21D3}"
            RenderTableCell {TD} at (294,1754) size 65x22 [border: (1px inset #808080)] [r=73 c=4 rs=1 cs=1]
              RenderText {TEXT} at (2,2) size 10x18
                text run at (2,2) width 10: "\x{21D3}"
            RenderTableCell {TD} at (361,1754) size 60x22 [border: (1px inset #808080)] [r=73 c=5 rs=1 cs=1]
              RenderText {TEXT} at (2,2) size 10x18
                text run at (2,2) width 10: "\x{21D3}"
          RenderTableRow {TR} at (0,0) size 0x0
            RenderTableCell {TD} at (2,1778) size 56x22 [border: (1px inset #808080)] [r=74 c=0 rs=1 cs=1]
              RenderText {TEXT} at (2,2) size 32x18
                text run at (2,2) width 32: "8660"
            RenderTableCell {TD} at (60,1778) size 88x22 [border: (1px inset #808080)] [r=74 c=1 rs=1 cs=1]
              RenderText {TEXT} at (2,2) size 36x18
                text run at (2,2) width 36: "21D4"
            RenderTableCell {TD} at (150,1778) size 83x22 [border: (1px inset #808080)] [r=74 c=2 rs=1 cs=1]
              RenderText {TEXT} at (2,2) size 30x18
                text run at (2,2) width 30: "hArr"
            RenderTableCell {TD} at (235,1778) size 57x22 [border: (1px inset #808080)] [r=74 c=3 rs=1 cs=1]
              RenderText {TEXT} at (2,2) size 17x18
                text run at (2,2) width 17: "\x{21D4}"
            RenderTableCell {TD} at (294,1778) size 65x22 [border: (1px inset #808080)] [r=74 c=4 rs=1 cs=1]
              RenderText {TEXT} at (2,2) size 17x18
                text run at (2,2) width 17: "\x{21D4}"
            RenderTableCell {TD} at (361,1778) size 60x22 [border: (1px inset #808080)] [r=74 c=5 rs=1 cs=1]
              RenderText {TEXT} at (2,2) size 17x18
                text run at (2,2) width 17: "\x{21D4}"
          RenderTableRow {TR} at (0,0) size 0x0
            RenderTableCell {TD} at (2,1802) size 56x22 [border: (1px inset #808080)] [r=75 c=0 rs=1 cs=1]
              RenderText {TEXT} at (2,2) size 32x18
                text run at (2,2) width 32: "8704"
            RenderTableCell {TD} at (60,1802) size 88x22 [border: (1px inset #808080)] [r=75 c=1 rs=1 cs=1]
              RenderText {TEXT} at (2,2) size 32x18
                text run at (2,2) width 32: "2200"
            RenderTableCell {TD} at (150,1802) size 83x22 [border: (1px inset #808080)] [r=75 c=2 rs=1 cs=1]
              RenderText {TEXT} at (2,2) size 33x18
                text run at (2,2) width 33: "forall"
            RenderTableCell {TD} at (235,1802) size 57x22 [border: (1px inset #808080)] [r=75 c=3 rs=1 cs=1]
              RenderText {TEXT} at (2,2) size 11x18
                text run at (2,2) width 11: "\x{2200}"
            RenderTableCell {TD} at (294,1802) size 65x22 [border: (1px inset #808080)] [r=75 c=4 rs=1 cs=1]
              RenderText {TEXT} at (2,2) size 11x18
                text run at (2,2) width 11: "\x{2200}"
            RenderTableCell {TD} at (361,1802) size 60x22 [border: (1px inset #808080)] [r=75 c=5 rs=1 cs=1]
              RenderText {TEXT} at (2,2) size 11x18
                text run at (2,2) width 11: "\x{2200}"
          RenderTableRow {TR} at (0,0) size 0x0
            RenderTableCell {TD} at (2,1826) size 56x22 [border: (1px inset #808080)] [r=76 c=0 rs=1 cs=1]
              RenderText {TEXT} at (2,2) size 32x18
                text run at (2,2) width 32: "8706"
            RenderTableCell {TD} at (60,1826) size 88x22 [border: (1px inset #808080)] [r=76 c=1 rs=1 cs=1]
              RenderText {TEXT} at (2,2) size 32x18
                text run at (2,2) width 32: "2202"
            RenderTableCell {TD} at (150,1826) size 83x22 [border: (1px inset #808080)] [r=76 c=2 rs=1 cs=1]
              RenderText {TEXT} at (2,2) size 24x18
                text run at (2,2) width 24: "part"
            RenderTableCell {TD} at (235,1826) size 57x22 [border: (1px inset #808080)] [r=76 c=3 rs=1 cs=1]
              RenderText {TEXT} at (2,2) size 8x18
                text run at (2,2) width 8: "\x{2202}"
            RenderTableCell {TD} at (294,1826) size 65x22 [border: (1px inset #808080)] [r=76 c=4 rs=1 cs=1]
              RenderText {TEXT} at (2,2) size 8x18
                text run at (2,2) width 8: "\x{2202}"
            RenderTableCell {TD} at (361,1826) size 60x22 [border: (1px inset #808080)] [r=76 c=5 rs=1 cs=1]
              RenderText {TEXT} at (2,2) size 8x18
                text run at (2,2) width 8: "\x{2202}"
          RenderTableRow {TR} at (0,0) size 0x0
            RenderTableCell {TD} at (2,1850) size 56x22 [border: (1px inset #808080)] [r=77 c=0 rs=1 cs=1]
              RenderText {TEXT} at (2,2) size 32x18
                text run at (2,2) width 32: "8707"
            RenderTableCell {TD} at (60,1850) size 88x22 [border: (1px inset #808080)] [r=77 c=1 rs=1 cs=1]
              RenderText {TEXT} at (2,2) size 32x18
                text run at (2,2) width 32: "2203"
            RenderTableCell {TD} at (150,1850) size 83x22 [border: (1px inset #808080)] [r=77 c=2 rs=1 cs=1]
              RenderText {TEXT} at (2,2) size 29x18
                text run at (2,2) width 29: "exist"
            RenderTableCell {TD} at (235,1850) size 57x22 [border: (1px inset #808080)] [r=77 c=3 rs=1 cs=1]
              RenderText {TEXT} at (2,2) size 9x18
                text run at (2,2) width 9: "\x{2203}"
            RenderTableCell {TD} at (294,1850) size 65x22 [border: (1px inset #808080)] [r=77 c=4 rs=1 cs=1]
              RenderText {TEXT} at (2,2) size 9x18
                text run at (2,2) width 9: "\x{2203}"
            RenderTableCell {TD} at (361,1850) size 60x22 [border: (1px inset #808080)] [r=77 c=5 rs=1 cs=1]
              RenderText {TEXT} at (2,2) size 9x18
                text run at (2,2) width 9: "\x{2203}"
          RenderTableRow {TR} at (0,0) size 0x0
            RenderTableCell {TD} at (2,1874) size 56x22 [border: (1px inset #808080)] [r=78 c=0 rs=1 cs=1]
              RenderText {TEXT} at (2,2) size 32x18
                text run at (2,2) width 32: "8709"
            RenderTableCell {TD} at (60,1874) size 88x22 [border: (1px inset #808080)] [r=78 c=1 rs=1 cs=1]
              RenderText {TEXT} at (2,2) size 32x18
                text run at (2,2) width 32: "2205"
            RenderTableCell {TD} at (150,1874) size 83x22 [border: (1px inset #808080)] [r=78 c=2 rs=1 cs=1]
              RenderText {TEXT} at (2,2) size 39x18
                text run at (2,2) width 39: "empty"
            RenderTableCell {TD} at (235,1874) size 57x22 [border: (1px inset #808080)] [r=78 c=3 rs=1 cs=1]
              RenderText {TEXT} at (2,2) size 13x18
                text run at (2,2) width 13: "\x{2205}"
            RenderTableCell {TD} at (294,1874) size 65x22 [border: (1px inset #808080)] [r=78 c=4 rs=1 cs=1]
              RenderText {TEXT} at (2,2) size 13x18
                text run at (2,2) width 13: "\x{2205}"
            RenderTableCell {TD} at (361,1874) size 60x22 [border: (1px inset #808080)] [r=78 c=5 rs=1 cs=1]
              RenderText {TEXT} at (2,2) size 13x18
                text run at (2,2) width 13: "\x{2205}"
          RenderTableRow {TR} at (0,0) size 0x0
            RenderTableCell {TD} at (2,1898) size 56x22 [border: (1px inset #808080)] [r=79 c=0 rs=1 cs=1]
              RenderText {TEXT} at (2,2) size 32x18
                text run at (2,2) width 32: "8711"
            RenderTableCell {TD} at (60,1898) size 88x22 [border: (1px inset #808080)] [r=79 c=1 rs=1 cs=1]
              RenderText {TEXT} at (2,2) size 32x18
                text run at (2,2) width 32: "2207"
            RenderTableCell {TD} at (150,1898) size 83x22 [border: (1px inset #808080)] [r=79 c=2 rs=1 cs=1]
              RenderText {TEXT} at (2,2) size 34x18
                text run at (2,2) width 34: "nabla"
            RenderTableCell {TD} at (235,1898) size 57x22 [border: (1px inset #808080)] [r=79 c=3 rs=1 cs=1]
              RenderText {TEXT} at (2,2) size 11x18
                text run at (2,2) width 11: "\x{2207}"
            RenderTableCell {TD} at (294,1898) size 65x22 [border: (1px inset #808080)] [r=79 c=4 rs=1 cs=1]
              RenderText {TEXT} at (2,2) size 11x18
                text run at (2,2) width 11: "\x{2207}"
            RenderTableCell {TD} at (361,1898) size 60x22 [border: (1px inset #808080)] [r=79 c=5 rs=1 cs=1]
              RenderText {TEXT} at (2,2) size 11x18
                text run at (2,2) width 11: "\x{2207}"
          RenderTableRow {TR} at (0,0) size 0x0
            RenderTableCell {TD} at (2,1922) size 56x22 [border: (1px inset #808080)] [r=80 c=0 rs=1 cs=1]
              RenderText {TEXT} at (2,2) size 32x18
                text run at (2,2) width 32: "8712"
            RenderTableCell {TD} at (60,1922) size 88x22 [border: (1px inset #808080)] [r=80 c=1 rs=1 cs=1]
              RenderText {TEXT} at (2,2) size 32x18
                text run at (2,2) width 32: "2208"
            RenderTableCell {TD} at (150,1922) size 83x22 [border: (1px inset #808080)] [r=80 c=2 rs=1 cs=1]
              RenderText {TEXT} at (2,2) size 22x18
                text run at (2,2) width 22: "isin"
            RenderTableCell {TD} at (235,1922) size 57x22 [border: (1px inset #808080)] [r=80 c=3 rs=1 cs=1]
              RenderText {TEXT} at (2,2) size 11x18
                text run at (2,2) width 11: "\x{2208}"
            RenderTableCell {TD} at (294,1922) size 65x22 [border: (1px inset #808080)] [r=80 c=4 rs=1 cs=1]
              RenderText {TEXT} at (2,2) size 11x18
                text run at (2,2) width 11: "\x{2208}"
            RenderTableCell {TD} at (361,1922) size 60x22 [border: (1px inset #808080)] [r=80 c=5 rs=1 cs=1]
              RenderText {TEXT} at (2,2) size 11x18
                text run at (2,2) width 11: "\x{2208}"
          RenderTableRow {TR} at (0,0) size 0x0
            RenderTableCell {TD} at (2,1946) size 56x22 [border: (1px inset #808080)] [r=81 c=0 rs=1 cs=1]
              RenderText {TEXT} at (2,2) size 32x18
                text run at (2,2) width 32: "8713"
            RenderTableCell {TD} at (60,1946) size 88x22 [border: (1px inset #808080)] [r=81 c=1 rs=1 cs=1]
              RenderText {TEXT} at (2,2) size 32x18
                text run at (2,2) width 32: "2209"
            RenderTableCell {TD} at (150,1946) size 83x22 [border: (1px inset #808080)] [r=81 c=2 rs=1 cs=1]
              RenderText {TEXT} at (2,2) size 32x18
                text run at (2,2) width 32: "notin"
            RenderTableCell {TD} at (235,1946) size 57x22 [border: (1px inset #808080)] [r=81 c=3 rs=1 cs=1]
              RenderText {TEXT} at (2,2) size 11x18
                text run at (2,2) width 11: "\x{2209}"
            RenderTableCell {TD} at (294,1946) size 65x22 [border: (1px inset #808080)] [r=81 c=4 rs=1 cs=1]
              RenderText {TEXT} at (2,2) size 11x18
                text run at (2,2) width 11: "\x{2209}"
            RenderTableCell {TD} at (361,1946) size 60x22 [border: (1px inset #808080)] [r=81 c=5 rs=1 cs=1]
              RenderText {TEXT} at (2,2) size 11x18
                text run at (2,2) width 11: "\x{2209}"
          RenderTableRow {TR} at (0,0) size 0x0
            RenderTableCell {TD} at (2,1970) size 56x22 [border: (1px inset #808080)] [r=82 c=0 rs=1 cs=1]
              RenderText {TEXT} at (2,2) size 32x18
                text run at (2,2) width 32: "8715"
            RenderTableCell {TD} at (60,1970) size 88x22 [border: (1px inset #808080)] [r=82 c=1 rs=1 cs=1]
              RenderText {TEXT} at (2,2) size 35x18
                text run at (2,2) width 35: "220B"
            RenderTableCell {TD} at (150,1970) size 83x22 [border: (1px inset #808080)] [r=82 c=2 rs=1 cs=1]
              RenderText {TEXT} at (2,2) size 12x18
                text run at (2,2) width 12: "ni"
            RenderTableCell {TD} at (235,1970) size 57x22 [border: (1px inset #808080)] [r=82 c=3 rs=1 cs=1]
              RenderText {TEXT} at (2,2) size 11x18
                text run at (2,2) width 11: "\x{220B}"
            RenderTableCell {TD} at (294,1970) size 65x22 [border: (1px inset #808080)] [r=82 c=4 rs=1 cs=1]
              RenderText {TEXT} at (2,2) size 11x18
                text run at (2,2) width 11: "\x{220B}"
            RenderTableCell {TD} at (361,1970) size 60x22 [border: (1px inset #808080)] [r=82 c=5 rs=1 cs=1]
              RenderText {TEXT} at (2,2) size 11x18
                text run at (2,2) width 11: "\x{220B}"
          RenderTableRow {TR} at (0,0) size 0x0
            RenderTableCell {TD} at (2,1994) size 56x22 [border: (1px inset #808080)] [r=83 c=0 rs=1 cs=1]
              RenderText {TEXT} at (2,2) size 32x18
                text run at (2,2) width 32: "8719"
            RenderTableCell {TD} at (60,1994) size 88x22 [border: (1px inset #808080)] [r=83 c=1 rs=1 cs=1]
              RenderText {TEXT} at (2,2) size 33x18
                text run at (2,2) width 33: "220F"
            RenderTableCell {TD} at (150,1994) size 83x22 [border: (1px inset #808080)] [r=83 c=2 rs=1 cs=1]
              RenderText {TEXT} at (2,2) size 29x18
                text run at (2,2) width 29: "prod"
            RenderTableCell {TD} at (235,1994) size 57x22 [border: (1px inset #808080)] [r=83 c=3 rs=1 cs=1]
              RenderText {TEXT} at (2,2) size 13x18
                text run at (2,2) width 13: "\x{220F}"
            RenderTableCell {TD} at (294,1994) size 65x22 [border: (1px inset #808080)] [r=83 c=4 rs=1 cs=1]
              RenderText {TEXT} at (2,2) size 13x18
                text run at (2,2) width 13: "\x{220F}"
            RenderTableCell {TD} at (361,1994) size 60x22 [border: (1px inset #808080)] [r=83 c=5 rs=1 cs=1]
              RenderText {TEXT} at (2,2) size 13x18
                text run at (2,2) width 13: "\x{220F}"
          RenderTableRow {TR} at (0,0) size 0x0
            RenderTableCell {TD} at (2,2018) size 56x22 [border: (1px inset #808080)] [r=84 c=0 rs=1 cs=1]
              RenderText {TEXT} at (2,2) size 32x18
                text run at (2,2) width 32: "8721"
            RenderTableCell {TD} at (60,2018) size 88x22 [border: (1px inset #808080)] [r=84 c=1 rs=1 cs=1]
              RenderText {TEXT} at (2,2) size 32x18
                text run at (2,2) width 32: "2211"
            RenderTableCell {TD} at (150,2018) size 83x22 [border: (1px inset #808080)] [r=84 c=2 rs=1 cs=1]
              RenderText {TEXT} at (2,2) size 26x18
                text run at (2,2) width 26: "sum"
            RenderTableCell {TD} at (235,2018) size 57x22 [border: (1px inset #808080)] [r=84 c=3 rs=1 cs=1]
              RenderText {TEXT} at (2,2) size 11x18
                text run at (2,2) width 11: "\x{2211}"
            RenderTableCell {TD} at (294,2018) size 65x22 [border: (1px inset #808080)] [r=84 c=4 rs=1 cs=1]
              RenderText {TEXT} at (2,2) size 11x18
                text run at (2,2) width 11: "\x{2211}"
            RenderTableCell {TD} at (361,2018) size 60x22 [border: (1px inset #808080)] [r=84 c=5 rs=1 cs=1]
              RenderText {TEXT} at (2,2) size 11x18
                text run at (2,2) width 11: "\x{2211}"
          RenderTableRow {TR} at (0,0) size 0x0
            RenderTableCell {TD} at (2,2042) size 56x22 [border: (1px inset #808080)] [r=85 c=0 rs=1 cs=1]
              RenderText {TEXT} at (2,2) size 32x18
                text run at (2,2) width 32: "8722"
            RenderTableCell {TD} at (60,2042) size 88x22 [border: (1px inset #808080)] [r=85 c=1 rs=1 cs=1]
              RenderText {TEXT} at (2,2) size 32x18
                text run at (2,2) width 32: "2212"
            RenderTableCell {TD} at (150,2042) size 83x22 [border: (1px inset #808080)] [r=85 c=2 rs=1 cs=1]
              RenderText {TEXT} at (2,2) size 38x18
                text run at (2,2) width 38: "minus"
            RenderTableCell {TD} at (235,2042) size 57x22 [border: (1px inset #808080)] [r=85 c=3 rs=1 cs=1]
              RenderText {TEXT} at (2,2) size 9x18
                text run at (2,2) width 9: "\x{2212}"
            RenderTableCell {TD} at (294,2042) size 65x22 [border: (1px inset #808080)] [r=85 c=4 rs=1 cs=1]
              RenderText {TEXT} at (2,2) size 9x18
                text run at (2,2) width 9: "\x{2212}"
            RenderTableCell {TD} at (361,2042) size 60x22 [border: (1px inset #808080)] [r=85 c=5 rs=1 cs=1]
              RenderText {TEXT} at (2,2) size 9x18
                text run at (2,2) width 9: "\x{2212}"
          RenderTableRow {TR} at (0,0) size 0x0
            RenderTableCell {TD} at (2,2066) size 56x22 [border: (1px inset #808080)] [r=86 c=0 rs=1 cs=1]
              RenderText {TEXT} at (2,2) size 32x18
                text run at (2,2) width 32: "8727"
            RenderTableCell {TD} at (60,2066) size 88x22 [border: (1px inset #808080)] [r=86 c=1 rs=1 cs=1]
              RenderText {TEXT} at (2,2) size 32x18
                text run at (2,2) width 32: "2217"
            RenderTableCell {TD} at (150,2066) size 83x22 [border: (1px inset #808080)] [r=86 c=2 rs=1 cs=1]
              RenderText {TEXT} at (2,2) size 41x18
                text run at (2,2) width 41: "lowast"
            RenderTableCell {TD} at (235,2066) size 57x22 [border: (1px inset #808080)] [r=86 c=3 rs=1 cs=1]
              RenderText {TEXT} at (2,2) size 8x18
                text run at (2,2) width 8: "\x{2217}"
            RenderTableCell {TD} at (294,2066) size 65x22 [border: (1px inset #808080)] [r=86 c=4 rs=1 cs=1]
              RenderText {TEXT} at (2,2) size 8x18
                text run at (2,2) width 8: "\x{2217}"
            RenderTableCell {TD} at (361,2066) size 60x22 [border: (1px inset #808080)] [r=86 c=5 rs=1 cs=1]
              RenderText {TEXT} at (2,2) size 8x18
                text run at (2,2) width 8: "\x{2217}"
          RenderTableRow {TR} at (0,0) size 0x0
            RenderTableCell {TD} at (2,2090) size 56x22 [border: (1px inset #808080)] [r=87 c=0 rs=1 cs=1]
              RenderText {TEXT} at (2,2) size 32x18
                text run at (2,2) width 32: "8730"
            RenderTableCell {TD} at (60,2090) size 88x22 [border: (1px inset #808080)] [r=87 c=1 rs=1 cs=1]
              RenderText {TEXT} at (2,2) size 36x18
                text run at (2,2) width 36: "221A"
            RenderTableCell {TD} at (150,2090) size 83x22 [border: (1px inset #808080)] [r=87 c=2 rs=1 cs=1]
              RenderText {TEXT} at (2,2) size 31x18
                text run at (2,2) width 31: "radic"
            RenderTableCell {TD} at (235,2090) size 57x22 [border: (1px inset #808080)] [r=87 c=3 rs=1 cs=1]
              RenderText {TEXT} at (2,2) size 9x18
                text run at (2,2) width 9: "\x{221A}"
            RenderTableCell {TD} at (294,2090) size 65x22 [border: (1px inset #808080)] [r=87 c=4 rs=1 cs=1]
              RenderText {TEXT} at (2,2) size 9x18
                text run at (2,2) width 9: "\x{221A}"
            RenderTableCell {TD} at (361,2090) size 60x22 [border: (1px inset #808080)] [r=87 c=5 rs=1 cs=1]
              RenderText {TEXT} at (2,2) size 9x18
                text run at (2,2) width 9: "\x{221A}"
          RenderTableRow {TR} at (0,0) size 0x0
            RenderTableCell {TD} at (2,2114) size 56x22 [border: (1px inset #808080)] [r=88 c=0 rs=1 cs=1]
              RenderText {TEXT} at (2,2) size 32x18
                text run at (2,2) width 32: "8733"
            RenderTableCell {TD} at (60,2114) size 88x22 [border: (1px inset #808080)] [r=88 c=1 rs=1 cs=1]
              RenderText {TEXT} at (2,2) size 36x18
                text run at (2,2) width 36: "221D"
            RenderTableCell {TD} at (150,2114) size 83x22 [border: (1px inset #808080)] [r=88 c=2 rs=1 cs=1]
              RenderText {TEXT} at (2,2) size 29x18
                text run at (2,2) width 29: "prop"
            RenderTableCell {TD} at (235,2114) size 57x22 [border: (1px inset #808080)] [r=88 c=3 rs=1 cs=1]
              RenderText {TEXT} at (2,2) size 11x18
                text run at (2,2) width 11: "\x{221D}"
            RenderTableCell {TD} at (294,2114) size 65x22 [border: (1px inset #808080)] [r=88 c=4 rs=1 cs=1]
              RenderText {TEXT} at (2,2) size 11x18
                text run at (2,2) width 11: "\x{221D}"
            RenderTableCell {TD} at (361,2114) size 60x22 [border: (1px inset #808080)] [r=88 c=5 rs=1 cs=1]
              RenderText {TEXT} at (2,2) size 11x18
                text run at (2,2) width 11: "\x{221D}"
          RenderTableRow {TR} at (0,0) size 0x0
            RenderTableCell {TD} at (2,2138) size 56x22 [border: (1px inset #808080)] [r=89 c=0 rs=1 cs=1]
              RenderText {TEXT} at (2,2) size 32x18
                text run at (2,2) width 32: "8734"
            RenderTableCell {TD} at (60,2138) size 88x22 [border: (1px inset #808080)] [r=89 c=1 rs=1 cs=1]
              RenderText {TEXT} at (2,2) size 34x18
                text run at (2,2) width 34: "221E"
            RenderTableCell {TD} at (150,2138) size 83x22 [border: (1px inset #808080)] [r=89 c=2 rs=1 cs=1]
              RenderText {TEXT} at (2,2) size 29x18
                text run at (2,2) width 29: "infin"
            RenderTableCell {TD} at (235,2138) size 57x22 [border: (1px inset #808080)] [r=89 c=3 rs=1 cs=1]
              RenderText {TEXT} at (2,2) size 11x18
                text run at (2,2) width 11: "\x{221E}"
            RenderTableCell {TD} at (294,2138) size 65x22 [border: (1px inset #808080)] [r=89 c=4 rs=1 cs=1]
              RenderText {TEXT} at (2,2) size 11x18
                text run at (2,2) width 11: "\x{221E}"
            RenderTableCell {TD} at (361,2138) size 60x22 [border: (1px inset #808080)] [r=89 c=5 rs=1 cs=1]
              RenderText {TEXT} at (2,2) size 11x18
                text run at (2,2) width 11: "\x{221E}"
          RenderTableRow {TR} at (0,0) size 0x0
            RenderTableCell {TD} at (2,2162) size 56x22 [border: (1px inset #808080)] [r=90 c=0 rs=1 cs=1]
              RenderText {TEXT} at (2,2) size 32x18
                text run at (2,2) width 32: "8736"
            RenderTableCell {TD} at (60,2162) size 88x22 [border: (1px inset #808080)] [r=90 c=1 rs=1 cs=1]
              RenderText {TEXT} at (2,2) size 32x18
                text run at (2,2) width 32: "2220"
            RenderTableCell {TD} at (150,2162) size 83x22 [border: (1px inset #808080)] [r=90 c=2 rs=1 cs=1]
              RenderText {TEXT} at (2,2) size 23x18
                text run at (2,2) width 23: "ang"
            RenderTableCell {TD} at (235,2162) size 57x22 [border: (1px inset #808080)] [r=90 c=3 rs=1 cs=1]
              RenderText {TEXT} at (2,2) size 12x18
                text run at (2,2) width 12: "\x{2220}"
            RenderTableCell {TD} at (294,2162) size 65x22 [border: (1px inset #808080)] [r=90 c=4 rs=1 cs=1]
              RenderText {TEXT} at (2,2) size 12x18
                text run at (2,2) width 12: "\x{2220}"
            RenderTableCell {TD} at (361,2162) size 60x22 [border: (1px inset #808080)] [r=90 c=5 rs=1 cs=1]
              RenderText {TEXT} at (2,2) size 12x18
                text run at (2,2) width 12: "\x{2220}"
          RenderTableRow {TR} at (0,0) size 0x0
            RenderTableCell {TD} at (2,2186) size 56x22 [border: (1px inset #808080)] [r=91 c=0 rs=1 cs=1]
              RenderText {TEXT} at (2,2) size 32x18
                text run at (2,2) width 32: "8743"
            RenderTableCell {TD} at (60,2186) size 88x22 [border: (1px inset #808080)] [r=91 c=1 rs=1 cs=1]
              RenderText {TEXT} at (2,2) size 32x18
                text run at (2,2) width 32: "2227"
            RenderTableCell {TD} at (150,2186) size 83x22 [border: (1px inset #808080)] [r=91 c=2 rs=1 cs=1]
              RenderText {TEXT} at (2,2) size 23x18
                text run at (2,2) width 23: "and"
            RenderTableCell {TD} at (235,2186) size 57x22 [border: (1px inset #808080)] [r=91 c=3 rs=1 cs=1]
              RenderText {TEXT} at (2,2) size 10x18
                text run at (2,2) width 10: "\x{2227}"
            RenderTableCell {TD} at (294,2186) size 65x22 [border: (1px inset #808080)] [r=91 c=4 rs=1 cs=1]
              RenderText {TEXT} at (2,2) size 10x18
                text run at (2,2) width 10: "\x{2227}"
            RenderTableCell {TD} at (361,2186) size 60x22 [border: (1px inset #808080)] [r=91 c=5 rs=1 cs=1]
              RenderText {TEXT} at (2,2) size 10x18
                text run at (2,2) width 10: "\x{2227}"
          RenderTableRow {TR} at (0,0) size 0x0
            RenderTableCell {TD} at (2,2210) size 56x22 [border: (1px inset #808080)] [r=92 c=0 rs=1 cs=1]
              RenderText {TEXT} at (2,2) size 32x18
                text run at (2,2) width 32: "8744"
            RenderTableCell {TD} at (60,2210) size 88x22 [border: (1px inset #808080)] [r=92 c=1 rs=1 cs=1]
              RenderText {TEXT} at (2,2) size 32x18
                text run at (2,2) width 32: "2228"
            RenderTableCell {TD} at (150,2210) size 83x22 [border: (1px inset #808080)] [r=92 c=2 rs=1 cs=1]
              RenderText {TEXT} at (2,2) size 13x18
                text run at (2,2) width 13: "or"
            RenderTableCell {TD} at (235,2210) size 57x22 [border: (1px inset #808080)] [r=92 c=3 rs=1 cs=1]
              RenderText {TEXT} at (2,2) size 10x18
                text run at (2,2) width 10: "\x{2228}"
            RenderTableCell {TD} at (294,2210) size 65x22 [border: (1px inset #808080)] [r=92 c=4 rs=1 cs=1]
              RenderText {TEXT} at (2,2) size 10x18
                text run at (2,2) width 10: "\x{2228}"
            RenderTableCell {TD} at (361,2210) size 60x22 [border: (1px inset #808080)] [r=92 c=5 rs=1 cs=1]
              RenderText {TEXT} at (2,2) size 10x18
                text run at (2,2) width 10: "\x{2228}"
          RenderTableRow {TR} at (0,0) size 0x0
            RenderTableCell {TD} at (2,2234) size 56x22 [border: (1px inset #808080)] [r=93 c=0 rs=1 cs=1]
              RenderText {TEXT} at (2,2) size 32x18
                text run at (2,2) width 32: "8745"
            RenderTableCell {TD} at (60,2234) size 88x22 [border: (1px inset #808080)] [r=93 c=1 rs=1 cs=1]
              RenderText {TEXT} at (2,2) size 32x18
                text run at (2,2) width 32: "2229"
            RenderTableCell {TD} at (150,2234) size 83x22 [border: (1px inset #808080)] [r=93 c=2 rs=1 cs=1]
              RenderText {TEXT} at (2,2) size 22x18
                text run at (2,2) width 22: "cap"
            RenderTableCell {TD} at (235,2234) size 57x22 [border: (1px inset #808080)] [r=93 c=3 rs=1 cs=1]
              RenderText {TEXT} at (2,2) size 12x18
                text run at (2,2) width 12: "\x{2229}"
            RenderTableCell {TD} at (294,2234) size 65x22 [border: (1px inset #808080)] [r=93 c=4 rs=1 cs=1]
              RenderText {TEXT} at (2,2) size 12x18
                text run at (2,2) width 12: "\x{2229}"
            RenderTableCell {TD} at (361,2234) size 60x22 [border: (1px inset #808080)] [r=93 c=5 rs=1 cs=1]
              RenderText {TEXT} at (2,2) size 12x18
                text run at (2,2) width 12: "\x{2229}"
          RenderTableRow {TR} at (0,0) size 0x0
            RenderTableCell {TD} at (2,2258) size 56x22 [border: (1px inset #808080)] [r=94 c=0 rs=1 cs=1]
              RenderText {TEXT} at (2,2) size 32x18
                text run at (2,2) width 32: "8746"
            RenderTableCell {TD} at (60,2258) size 88x22 [border: (1px inset #808080)] [r=94 c=1 rs=1 cs=1]
              RenderText {TEXT} at (2,2) size 36x18
                text run at (2,2) width 36: "222A"
            RenderTableCell {TD} at (150,2258) size 83x22 [border: (1px inset #808080)] [r=94 c=2 rs=1 cs=1]
              RenderText {TEXT} at (2,2) size 23x18
                text run at (2,2) width 23: "cup"
            RenderTableCell {TD} at (235,2258) size 57x22 [border: (1px inset #808080)] [r=94 c=3 rs=1 cs=1]
              RenderText {TEXT} at (2,2) size 12x18
                text run at (2,2) width 12: "\x{222A}"
            RenderTableCell {TD} at (294,2258) size 65x22 [border: (1px inset #808080)] [r=94 c=4 rs=1 cs=1]
              RenderText {TEXT} at (2,2) size 12x18
                text run at (2,2) width 12: "\x{222A}"
            RenderTableCell {TD} at (361,2258) size 60x22 [border: (1px inset #808080)] [r=94 c=5 rs=1 cs=1]
              RenderText {TEXT} at (2,2) size 12x18
                text run at (2,2) width 12: "\x{222A}"
          RenderTableRow {TR} at (0,0) size 0x0
            RenderTableCell {TD} at (2,2282) size 56x22 [border: (1px inset #808080)] [r=95 c=0 rs=1 cs=1]
              RenderText {TEXT} at (2,2) size 32x18
                text run at (2,2) width 32: "8747"
            RenderTableCell {TD} at (60,2282) size 88x22 [border: (1px inset #808080)] [r=95 c=1 rs=1 cs=1]
              RenderText {TEXT} at (2,2) size 35x18
                text run at (2,2) width 35: "222B"
            RenderTableCell {TD} at (150,2282) size 83x22 [border: (1px inset #808080)] [r=95 c=2 rs=1 cs=1]
              RenderText {TEXT} at (2,2) size 16x18
                text run at (2,2) width 16: "int"
            RenderTableCell {TD} at (235,2282) size 57x22 [border: (1px inset #808080)] [r=95 c=3 rs=1 cs=1]
              RenderText {TEXT} at (2,2) size 4x18
                text run at (2,2) width 4: "\x{222B}"
            RenderTableCell {TD} at (294,2282) size 65x22 [border: (1px inset #808080)] [r=95 c=4 rs=1 cs=1]
              RenderText {TEXT} at (2,2) size 4x18
                text run at (2,2) width 4: "\x{222B}"
            RenderTableCell {TD} at (361,2282) size 60x22 [border: (1px inset #808080)] [r=95 c=5 rs=1 cs=1]
              RenderText {TEXT} at (2,2) size 4x18
                text run at (2,2) width 4: "\x{222B}"
          RenderTableRow {TR} at (0,0) size 0x0
            RenderTableCell {TD} at (2,2306) size 56x22 [border: (1px inset #808080)] [r=96 c=0 rs=1 cs=1]
              RenderText {TEXT} at (2,2) size 32x18
                text run at (2,2) width 32: "8756"
            RenderTableCell {TD} at (60,2306) size 88x22 [border: (1px inset #808080)] [r=96 c=1 rs=1 cs=1]
              RenderText {TEXT} at (2,2) size 32x18
                text run at (2,2) width 32: "2234"
            RenderTableCell {TD} at (150,2306) size 83x22 [border: (1px inset #808080)] [r=96 c=2 rs=1 cs=1]
              RenderText {TEXT} at (2,2) size 39x18
                text run at (2,2) width 39: "there4"
            RenderTableCell {TD} at (235,2306) size 57x22 [border: (1px inset #808080)] [r=96 c=3 rs=1 cs=1]
              RenderText {TEXT} at (2,2) size 14x18
                text run at (2,2) width 14: "\x{2234}"
            RenderTableCell {TD} at (294,2306) size 65x22 [border: (1px inset #808080)] [r=96 c=4 rs=1 cs=1]
              RenderText {TEXT} at (2,2) size 14x18
                text run at (2,2) width 14: "\x{2234}"
            RenderTableCell {TD} at (361,2306) size 60x22 [border: (1px inset #808080)] [r=96 c=5 rs=1 cs=1]
              RenderText {TEXT} at (2,2) size 14x18
                text run at (2,2) width 14: "\x{2234}"
          RenderTableRow {TR} at (0,0) size 0x0
            RenderTableCell {TD} at (2,2330) size 56x22 [border: (1px inset #808080)] [r=97 c=0 rs=1 cs=1]
              RenderText {TEXT} at (2,2) size 32x18
                text run at (2,2) width 32: "8764"
            RenderTableCell {TD} at (60,2330) size 88x22 [border: (1px inset #808080)] [r=97 c=1 rs=1 cs=1]
              RenderText {TEXT} at (2,2) size 35x18
                text run at (2,2) width 35: "223C"
            RenderTableCell {TD} at (150,2330) size 83x22 [border: (1px inset #808080)] [r=97 c=2 rs=1 cs=1]
              RenderText {TEXT} at (2,2) size 22x18
                text run at (2,2) width 22: "sim"
            RenderTableCell {TD} at (235,2330) size 57x22 [border: (1px inset #808080)] [r=97 c=3 rs=1 cs=1]
              RenderText {TEXT} at (2,2) size 9x18
                text run at (2,2) width 9: "\x{223C}"
            RenderTableCell {TD} at (294,2330) size 65x22 [border: (1px inset #808080)] [r=97 c=4 rs=1 cs=1]
              RenderText {TEXT} at (2,2) size 9x18
                text run at (2,2) width 9: "\x{223C}"
            RenderTableCell {TD} at (361,2330) size 60x22 [border: (1px inset #808080)] [r=97 c=5 rs=1 cs=1]
              RenderText {TEXT} at (2,2) size 9x18
                text run at (2,2) width 9: "\x{223C}"
          RenderTableRow {TR} at (0,0) size 0x0
            RenderTableCell {TD} at (2,2354) size 56x22 [border: (1px inset #808080)] [r=98 c=0 rs=1 cs=1]
              RenderText {TEXT} at (2,2) size 32x18
                text run at (2,2) width 32: "8773"
            RenderTableCell {TD} at (60,2354) size 88x22 [border: (1px inset #808080)] [r=98 c=1 rs=1 cs=1]
              RenderText {TEXT} at (2,2) size 32x18
                text run at (2,2) width 32: "2245"
            RenderTableCell {TD} at (150,2354) size 83x22 [border: (1px inset #808080)] [r=98 c=2 rs=1 cs=1]
              RenderText {TEXT} at (2,2) size 31x18
                text run at (2,2) width 31: "cong"
            RenderTableCell {TD} at (235,2354) size 57x22 [border: (1px inset #808080)] [r=98 c=3 rs=1 cs=1]
              RenderText {TEXT} at (2,2) size 9x18
                text run at (2,2) width 9: "\x{2245}"
            RenderTableCell {TD} at (294,2354) size 65x22 [border: (1px inset #808080)] [r=98 c=4 rs=1 cs=1]
              RenderText {TEXT} at (2,2) size 9x18
                text run at (2,2) width 9: "\x{2245}"
            RenderTableCell {TD} at (361,2354) size 60x22 [border: (1px inset #808080)] [r=98 c=5 rs=1 cs=1]
              RenderText {TEXT} at (2,2) size 9x18
                text run at (2,2) width 9: "\x{2245}"
          RenderTableRow {TR} at (0,0) size 0x0
            RenderTableCell {TD} at (2,2378) size 56x22 [border: (1px inset #808080)] [r=99 c=0 rs=1 cs=1]
              RenderText {TEXT} at (2,2) size 32x18
                text run at (2,2) width 32: "8776"
            RenderTableCell {TD} at (60,2378) size 88x22 [border: (1px inset #808080)] [r=99 c=1 rs=1 cs=1]
              RenderText {TEXT} at (2,2) size 32x18
                text run at (2,2) width 32: "2248"
            RenderTableCell {TD} at (150,2378) size 83x22 [border: (1px inset #808080)] [r=99 c=2 rs=1 cs=1]
              RenderText {TEXT} at (2,2) size 41x18
                text run at (2,2) width 41: "asymp"
            RenderTableCell {TD} at (235,2378) size 57x22 [border: (1px inset #808080)] [r=99 c=3 rs=1 cs=1]
              RenderText {TEXT} at (2,2) size 9x18
                text run at (2,2) width 9: "\x{2248}"
            RenderTableCell {TD} at (294,2378) size 65x22 [border: (1px inset #808080)] [r=99 c=4 rs=1 cs=1]
              RenderText {TEXT} at (2,2) size 9x18
                text run at (2,2) width 9: "\x{2248}"
            RenderTableCell {TD} at (361,2378) size 60x22 [border: (1px inset #808080)] [r=99 c=5 rs=1 cs=1]
              RenderText {TEXT} at (2,2) size 9x18
                text run at (2,2) width 9: "\x{2248}"
          RenderTableRow {TR} at (0,0) size 0x0
            RenderTableCell {TD} at (2,2402) size 56x22 [border: (1px inset #808080)] [r=100 c=0 rs=1 cs=1]
              RenderText {TEXT} at (2,2) size 32x18
                text run at (2,2) width 32: "8800"
            RenderTableCell {TD} at (60,2402) size 88x22 [border: (1px inset #808080)] [r=100 c=1 rs=1 cs=1]
              RenderText {TEXT} at (2,2) size 32x18
                text run at (2,2) width 32: "2260"
            RenderTableCell {TD} at (150,2402) size 83x22 [border: (1px inset #808080)] [r=100 c=2 rs=1 cs=1]
              RenderText {TEXT} at (2,2) size 15x18
                text run at (2,2) width 15: "ne"
            RenderTableCell {TD} at (235,2402) size 57x22 [border: (1px inset #808080)] [r=100 c=3 rs=1 cs=1]
              RenderText {TEXT} at (2,2) size 9x18
                text run at (2,2) width 9: "\x{2260}"
            RenderTableCell {TD} at (294,2402) size 65x22 [border: (1px inset #808080)] [r=100 c=4 rs=1 cs=1]
              RenderText {TEXT} at (2,2) size 9x18
                text run at (2,2) width 9: "\x{2260}"
            RenderTableCell {TD} at (361,2402) size 60x22 [border: (1px inset #808080)] [r=100 c=5 rs=1 cs=1]
              RenderText {TEXT} at (2,2) size 9x18
                text run at (2,2) width 9: "\x{2260}"
          RenderTableRow {TR} at (0,0) size 0x0
            RenderTableCell {TD} at (2,2426) size 56x22 [border: (1px inset #808080)] [r=101 c=0 rs=1 cs=1]
              RenderText {TEXT} at (2,2) size 32x18
                text run at (2,2) width 32: "8801"
            RenderTableCell {TD} at (60,2426) size 88x22 [border: (1px inset #808080)] [r=101 c=1 rs=1 cs=1]
              RenderText {TEXT} at (2,2) size 32x18
                text run at (2,2) width 32: "2261"
            RenderTableCell {TD} at (150,2426) size 83x22 [border: (1px inset #808080)] [r=101 c=2 rs=1 cs=1]
              RenderText {TEXT} at (2,2) size 35x18
                text run at (2,2) width 35: "equiv"
            RenderTableCell {TD} at (235,2426) size 57x22 [border: (1px inset #808080)] [r=101 c=3 rs=1 cs=1]
              RenderText {TEXT} at (2,2) size 9x18
                text run at (2,2) width 9: "\x{2261}"
            RenderTableCell {TD} at (294,2426) size 65x22 [border: (1px inset #808080)] [r=101 c=4 rs=1 cs=1]
              RenderText {TEXT} at (2,2) size 9x18
                text run at (2,2) width 9: "\x{2261}"
            RenderTableCell {TD} at (361,2426) size 60x22 [border: (1px inset #808080)] [r=101 c=5 rs=1 cs=1]
              RenderText {TEXT} at (2,2) size 9x18
                text run at (2,2) width 9: "\x{2261}"
          RenderTableRow {TR} at (0,0) size 0x0
            RenderTableCell {TD} at (2,2450) size 56x22 [border: (1px inset #808080)] [r=102 c=0 rs=1 cs=1]
              RenderText {TEXT} at (2,2) size 32x18
                text run at (2,2) width 32: "8804"
            RenderTableCell {TD} at (60,2450) size 88x22 [border: (1px inset #808080)] [r=102 c=1 rs=1 cs=1]
              RenderText {TEXT} at (2,2) size 32x18
                text run at (2,2) width 32: "2264"
            RenderTableCell {TD} at (150,2450) size 83x22 [border: (1px inset #808080)] [r=102 c=2 rs=1 cs=1]
              RenderText {TEXT} at (2,2) size 11x18
                text run at (2,2) width 11: "le"
            RenderTableCell {TD} at (235,2450) size 57x22 [border: (1px inset #808080)] [r=102 c=3 rs=1 cs=1]
              RenderText {TEXT} at (2,2) size 9x18
                text run at (2,2) width 9: "\x{2264}"
            RenderTableCell {TD} at (294,2450) size 65x22 [border: (1px inset #808080)] [r=102 c=4 rs=1 cs=1]
              RenderText {TEXT} at (2,2) size 9x18
                text run at (2,2) width 9: "\x{2264}"
            RenderTableCell {TD} at (361,2450) size 60x22 [border: (1px inset #808080)] [r=102 c=5 rs=1 cs=1]
              RenderText {TEXT} at (2,2) size 9x18
                text run at (2,2) width 9: "\x{2264}"
          RenderTableRow {TR} at (0,0) size 0x0
            RenderTableCell {TD} at (2,2474) size 56x22 [border: (1px inset #808080)] [r=103 c=0 rs=1 cs=1]
              RenderText {TEXT} at (2,2) size 32x18
                text run at (2,2) width 32: "8805"
            RenderTableCell {TD} at (60,2474) size 88x22 [border: (1px inset #808080)] [r=103 c=1 rs=1 cs=1]
              RenderText {TEXT} at (2,2) size 32x18
                text run at (2,2) width 32: "2265"
            RenderTableCell {TD} at (150,2474) size 83x22 [border: (1px inset #808080)] [r=103 c=2 rs=1 cs=1]
              RenderText {TEXT} at (2,2) size 15x18
                text run at (2,2) width 15: "ge"
            RenderTableCell {TD} at (235,2474) size 57x22 [border: (1px inset #808080)] [r=103 c=3 rs=1 cs=1]
              RenderText {TEXT} at (2,2) size 9x18
                text run at (2,2) width 9: "\x{2265}"
            RenderTableCell {TD} at (294,2474) size 65x22 [border: (1px inset #808080)] [r=103 c=4 rs=1 cs=1]
              RenderText {TEXT} at (2,2) size 9x18
                text run at (2,2) width 9: "\x{2265}"
            RenderTableCell {TD} at (361,2474) size 60x22 [border: (1px inset #808080)] [r=103 c=5 rs=1 cs=1]
              RenderText {TEXT} at (2,2) size 9x18
                text run at (2,2) width 9: "\x{2265}"
          RenderTableRow {TR} at (0,0) size 0x0
            RenderTableCell {TD} at (2,2498) size 56x22 [border: (1px inset #808080)] [r=104 c=0 rs=1 cs=1]
              RenderText {TEXT} at (2,2) size 32x18
                text run at (2,2) width 32: "8834"
            RenderTableCell {TD} at (60,2498) size 88x22 [border: (1px inset #808080)] [r=104 c=1 rs=1 cs=1]
              RenderText {TEXT} at (2,2) size 32x18
                text run at (2,2) width 32: "2282"
            RenderTableCell {TD} at (150,2498) size 83x22 [border: (1px inset #808080)] [r=104 c=2 rs=1 cs=1]
              RenderText {TEXT} at (2,2) size 22x18
                text run at (2,2) width 22: "sub"
            RenderTableCell {TD} at (235,2498) size 57x22 [border: (1px inset #808080)] [r=104 c=3 rs=1 cs=1]
              RenderText {TEXT} at (2,2) size 11x18
                text run at (2,2) width 11: "\x{2282}"
            RenderTableCell {TD} at (294,2498) size 65x22 [border: (1px inset #808080)] [r=104 c=4 rs=1 cs=1]
              RenderText {TEXT} at (2,2) size 11x18
                text run at (2,2) width 11: "\x{2282}"
            RenderTableCell {TD} at (361,2498) size 60x22 [border: (1px inset #808080)] [r=104 c=5 rs=1 cs=1]
              RenderText {TEXT} at (2,2) size 11x18
                text run at (2,2) width 11: "\x{2282}"
          RenderTableRow {TR} at (0,0) size 0x0
            RenderTableCell {TD} at (2,2522) size 56x22 [border: (1px inset #808080)] [r=105 c=0 rs=1 cs=1]
              RenderText {TEXT} at (2,2) size 32x18
                text run at (2,2) width 32: "8835"
            RenderTableCell {TD} at (60,2522) size 88x22 [border: (1px inset #808080)] [r=105 c=1 rs=1 cs=1]
              RenderText {TEXT} at (2,2) size 32x18
                text run at (2,2) width 32: "2283"
            RenderTableCell {TD} at (150,2522) size 83x22 [border: (1px inset #808080)] [r=105 c=2 rs=1 cs=1]
              RenderText {TEXT} at (2,2) size 22x18
                text run at (2,2) width 22: "sup"
            RenderTableCell {TD} at (235,2522) size 57x22 [border: (1px inset #808080)] [r=105 c=3 rs=1 cs=1]
              RenderText {TEXT} at (2,2) size 11x18
                text run at (2,2) width 11: "\x{2283}"
            RenderTableCell {TD} at (294,2522) size 65x22 [border: (1px inset #808080)] [r=105 c=4 rs=1 cs=1]
              RenderText {TEXT} at (2,2) size 11x18
                text run at (2,2) width 11: "\x{2283}"
            RenderTableCell {TD} at (361,2522) size 60x22 [border: (1px inset #808080)] [r=105 c=5 rs=1 cs=1]
              RenderText {TEXT} at (2,2) size 11x18
                text run at (2,2) width 11: "\x{2283}"
          RenderTableRow {TR} at (0,0) size 0x0
            RenderTableCell {TD} at (2,2546) size 56x22 [border: (1px inset #808080)] [r=106 c=0 rs=1 cs=1]
              RenderText {TEXT} at (2,2) size 32x18
                text run at (2,2) width 32: "8836"
            RenderTableCell {TD} at (60,2546) size 88x22 [border: (1px inset #808080)] [r=106 c=1 rs=1 cs=1]
              RenderText {TEXT} at (2,2) size 32x18
                text run at (2,2) width 32: "2284"
            RenderTableCell {TD} at (150,2546) size 83x22 [border: (1px inset #808080)] [r=106 c=2 rs=1 cs=1]
              RenderText {TEXT} at (2,2) size 30x18
                text run at (2,2) width 30: "nsub"
            RenderTableCell {TD} at (235,2546) size 57x22 [border: (1px inset #808080)] [r=106 c=3 rs=1 cs=1]
              RenderText {TEXT} at (2,2) size 11x18
                text run at (2,2) width 11: "\x{2284}"
            RenderTableCell {TD} at (294,2546) size 65x22 [border: (1px inset #808080)] [r=106 c=4 rs=1 cs=1]
              RenderText {TEXT} at (2,2) size 11x18
                text run at (2,2) width 11: "\x{2284}"
            RenderTableCell {TD} at (361,2546) size 60x22 [border: (1px inset #808080)] [r=106 c=5 rs=1 cs=1]
              RenderText {TEXT} at (2,2) size 11x18
                text run at (2,2) width 11: "\x{2284}"
          RenderTableRow {TR} at (0,0) size 0x0
            RenderTableCell {TD} at (2,2570) size 56x22 [border: (1px inset #808080)] [r=107 c=0 rs=1 cs=1]
              RenderText {TEXT} at (2,2) size 32x18
                text run at (2,2) width 32: "8838"
            RenderTableCell {TD} at (60,2570) size 88x22 [border: (1px inset #808080)] [r=107 c=1 rs=1 cs=1]
              RenderText {TEXT} at (2,2) size 32x18
                text run at (2,2) width 32: "2286"
            RenderTableCell {TD} at (150,2570) size 83x22 [border: (1px inset #808080)] [r=107 c=2 rs=1 cs=1]
              RenderText {TEXT} at (2,2) size 29x18
                text run at (2,2) width 29: "sube"
            RenderTableCell {TD} at (235,2570) size 57x22 [border: (1px inset #808080)] [r=107 c=3 rs=1 cs=1]
              RenderText {TEXT} at (2,2) size 11x18
                text run at (2,2) width 11: "\x{2286}"
            RenderTableCell {TD} at (294,2570) size 65x22 [border: (1px inset #808080)] [r=107 c=4 rs=1 cs=1]
              RenderText {TEXT} at (2,2) size 11x18
                text run at (2,2) width 11: "\x{2286}"
            RenderTableCell {TD} at (361,2570) size 60x22 [border: (1px inset #808080)] [r=107 c=5 rs=1 cs=1]
              RenderText {TEXT} at (2,2) size 11x18
                text run at (2,2) width 11: "\x{2286}"
          RenderTableRow {TR} at (0,0) size 0x0
            RenderTableCell {TD} at (2,2594) size 56x22 [border: (1px inset #808080)] [r=108 c=0 rs=1 cs=1]
              RenderText {TEXT} at (2,2) size 32x18
                text run at (2,2) width 32: "8839"
            RenderTableCell {TD} at (60,2594) size 88x22 [border: (1px inset #808080)] [r=108 c=1 rs=1 cs=1]
              RenderText {TEXT} at (2,2) size 32x18
                text run at (2,2) width 32: "2287"
            RenderTableCell {TD} at (150,2594) size 83x22 [border: (1px inset #808080)] [r=108 c=2 rs=1 cs=1]
              RenderText {TEXT} at (2,2) size 29x18
                text run at (2,2) width 29: "supe"
            RenderTableCell {TD} at (235,2594) size 57x22 [border: (1px inset #808080)] [r=108 c=3 rs=1 cs=1]
              RenderText {TEXT} at (2,2) size 11x18
                text run at (2,2) width 11: "\x{2287}"
            RenderTableCell {TD} at (294,2594) size 65x22 [border: (1px inset #808080)] [r=108 c=4 rs=1 cs=1]
              RenderText {TEXT} at (2,2) size 11x18
                text run at (2,2) width 11: "\x{2287}"
            RenderTableCell {TD} at (361,2594) size 60x22 [border: (1px inset #808080)] [r=108 c=5 rs=1 cs=1]
              RenderText {TEXT} at (2,2) size 11x18
                text run at (2,2) width 11: "\x{2287}"
          RenderTableRow {TR} at (0,0) size 0x0
            RenderTableCell {TD} at (2,2618) size 56x22 [border: (1px inset #808080)] [r=109 c=0 rs=1 cs=1]
              RenderText {TEXT} at (2,2) size 32x18
                text run at (2,2) width 32: "8853"
            RenderTableCell {TD} at (60,2618) size 88x22 [border: (1px inset #808080)] [r=109 c=1 rs=1 cs=1]
              RenderText {TEXT} at (2,2) size 32x18
                text run at (2,2) width 32: "2295"
            RenderTableCell {TD} at (150,2618) size 83x22 [border: (1px inset #808080)] [r=109 c=2 rs=1 cs=1]
              RenderText {TEXT} at (2,2) size 34x18
                text run at (2,2) width 34: "oplus"
            RenderTableCell {TD} at (235,2618) size 57x22 [border: (1px inset #808080)] [r=109 c=3 rs=1 cs=1]
              RenderText {TEXT} at (2,2) size 12x18
                text run at (2,2) width 12: "\x{2295}"
            RenderTableCell {TD} at (294,2618) size 65x22 [border: (1px inset #808080)] [r=109 c=4 rs=1 cs=1]
              RenderText {TEXT} at (2,2) size 12x18
                text run at (2,2) width 12: "\x{2295}"
            RenderTableCell {TD} at (361,2618) size 60x22 [border: (1px inset #808080)] [r=109 c=5 rs=1 cs=1]
              RenderText {TEXT} at (2,2) size 12x18
                text run at (2,2) width 12: "\x{2295}"
          RenderTableRow {TR} at (0,0) size 0x0
            RenderTableCell {TD} at (2,2642) size 56x22 [border: (1px inset #808080)] [r=110 c=0 rs=1 cs=1]
              RenderText {TEXT} at (2,2) size 32x18
                text run at (2,2) width 32: "8855"
            RenderTableCell {TD} at (60,2642) size 88x22 [border: (1px inset #808080)] [r=110 c=1 rs=1 cs=1]
              RenderText {TEXT} at (2,2) size 32x18
                text run at (2,2) width 32: "2297"
            RenderTableCell {TD} at (150,2642) size 83x22 [border: (1px inset #808080)] [r=110 c=2 rs=1 cs=1]
              RenderText {TEXT} at (2,2) size 41x18
                text run at (2,2) width 41: "otimes"
            RenderTableCell {TD} at (235,2642) size 57x22 [border: (1px inset #808080)] [r=110 c=3 rs=1 cs=1]
              RenderText {TEXT} at (2,2) size 12x18
                text run at (2,2) width 12: "\x{2297}"
            RenderTableCell {TD} at (294,2642) size 65x22 [border: (1px inset #808080)] [r=110 c=4 rs=1 cs=1]
              RenderText {TEXT} at (2,2) size 12x18
                text run at (2,2) width 12: "\x{2297}"
            RenderTableCell {TD} at (361,2642) size 60x22 [border: (1px inset #808080)] [r=110 c=5 rs=1 cs=1]
              RenderText {TEXT} at (2,2) size 12x18
                text run at (2,2) width 12: "\x{2297}"
          RenderTableRow {TR} at (0,0) size 0x0
            RenderTableCell {TD} at (2,2666) size 56x22 [border: (1px inset #808080)] [r=111 c=0 rs=1 cs=1]
              RenderText {TEXT} at (2,2) size 32x18
                text run at (2,2) width 32: "8869"
            RenderTableCell {TD} at (60,2666) size 88x22 [border: (1px inset #808080)] [r=111 c=1 rs=1 cs=1]
              RenderText {TEXT} at (2,2) size 36x18
                text run at (2,2) width 36: "22A5"
            RenderTableCell {TD} at (150,2666) size 83x22 [border: (1px inset #808080)] [r=111 c=2 rs=1 cs=1]
              RenderText {TEXT} at (2,2) size 28x18
                text run at (2,2) width 28: "perp"
            RenderTableCell {TD} at (235,2666) size 57x22 [border: (1px inset #808080)] [r=111 c=3 rs=1 cs=1]
              RenderText {TEXT} at (2,2) size 11x18
                text run at (2,2) width 11: "\x{22A5}"
            RenderTableCell {TD} at (294,2666) size 65x22 [border: (1px inset #808080)] [r=111 c=4 rs=1 cs=1]
              RenderText {TEXT} at (2,2) size 11x18
                text run at (2,2) width 11: "\x{22A5}"
            RenderTableCell {TD} at (361,2666) size 60x22 [border: (1px inset #808080)] [r=111 c=5 rs=1 cs=1]
              RenderText {TEXT} at (2,2) size 11x18
                text run at (2,2) width 11: "\x{22A5}"
          RenderTableRow {TR} at (0,0) size 0x0
            RenderTableCell {TD} at (2,2690) size 56x22 [border: (1px inset #808080)] [r=112 c=0 rs=1 cs=1]
              RenderText {TEXT} at (2,2) size 32x18
                text run at (2,2) width 32: "8901"
            RenderTableCell {TD} at (60,2690) size 88x22 [border: (1px inset #808080)] [r=112 c=1 rs=1 cs=1]
              RenderText {TEXT} at (2,2) size 35x18
                text run at (2,2) width 35: "22C5"
            RenderTableCell {TD} at (150,2690) size 83x22 [border: (1px inset #808080)] [r=112 c=2 rs=1 cs=1]
              RenderText {TEXT} at (2,2) size 26x18
                text run at (2,2) width 26: "sdot"
            RenderTableCell {TD} at (235,2690) size 57x22 [border: (1px inset #808080)] [r=112 c=3 rs=1 cs=1]
              RenderText {TEXT} at (2,2) size 4x18
                text run at (2,2) width 4: "\x{22C5}"
            RenderTableCell {TD} at (294,2690) size 65x22 [border: (1px inset #808080)] [r=112 c=4 rs=1 cs=1]
              RenderText {TEXT} at (2,2) size 4x18
                text run at (2,2) width 4: "\x{22C5}"
            RenderTableCell {TD} at (361,2690) size 60x22 [border: (1px inset #808080)] [r=112 c=5 rs=1 cs=1]
              RenderText {TEXT} at (2,2) size 4x18
                text run at (2,2) width 4: "\x{22C5}"
          RenderTableRow {TR} at (0,0) size 0x0
            RenderTableCell {TD} at (2,2714) size 56x22 [border: (1px inset #808080)] [r=113 c=0 rs=1 cs=1]
              RenderText {TEXT} at (2,2) size 32x18
                text run at (2,2) width 32: "8968"
            RenderTableCell {TD} at (60,2714) size 88x22 [border: (1px inset #808080)] [r=113 c=1 rs=1 cs=1]
              RenderText {TEXT} at (2,2) size 32x18
                text run at (2,2) width 32: "2308"
            RenderTableCell {TD} at (150,2714) size 83x22 [border: (1px inset #808080)] [r=113 c=2 rs=1 cs=1]
              RenderText {TEXT} at (2,2) size 26x18
                text run at (2,2) width 26: "lceil"
            RenderTableCell {TD} at (235,2714) size 57x22 [border: (1px inset #808080)] [r=113 c=3 rs=1 cs=1]
              RenderText {TEXT} at (2,2) size 11x18
                text run at (2,2) width 11: "\x{2308}"
            RenderTableCell {TD} at (294,2714) size 65x22 [border: (1px inset #808080)] [r=113 c=4 rs=1 cs=1]
              RenderText {TEXT} at (2,2) size 11x18
                text run at (2,2) width 11: "\x{2308}"
            RenderTableCell {TD} at (361,2714) size 60x22 [border: (1px inset #808080)] [r=113 c=5 rs=1 cs=1]
              RenderText {TEXT} at (2,2) size 11x18
                text run at (2,2) width 11: "\x{2308}"
          RenderTableRow {TR} at (0,0) size 0x0
            RenderTableCell {TD} at (2,2738) size 56x22 [border: (1px inset #808080)] [r=114 c=0 rs=1 cs=1]
              RenderText {TEXT} at (2,2) size 32x18
                text run at (2,2) width 32: "8969"
            RenderTableCell {TD} at (60,2738) size 88x22 [border: (1px inset #808080)] [r=114 c=1 rs=1 cs=1]
              RenderText {TEXT} at (2,2) size 32x18
                text run at (2,2) width 32: "2309"
            RenderTableCell {TD} at (150,2738) size 83x22 [border: (1px inset #808080)] [r=114 c=2 rs=1 cs=1]
              RenderText {TEXT} at (2,2) size 27x18
                text run at (2,2) width 27: "rceil"
            RenderTableCell {TD} at (235,2738) size 57x22 [border: (1px inset #808080)] [r=114 c=3 rs=1 cs=1]
              RenderText {TEXT} at (2,2) size 11x18
                text run at (2,2) width 11: "\x{2309}"
            RenderTableCell {TD} at (294,2738) size 65x22 [border: (1px inset #808080)] [r=114 c=4 rs=1 cs=1]
              RenderText {TEXT} at (2,2) size 11x18
                text run at (2,2) width 11: "\x{2309}"
            RenderTableCell {TD} at (361,2738) size 60x22 [border: (1px inset #808080)] [r=114 c=5 rs=1 cs=1]
              RenderText {TEXT} at (2,2) size 11x18
                text run at (2,2) width 11: "\x{2309}"
          RenderTableRow {TR} at (0,0) size 0x0
            RenderTableCell {TD} at (2,2762) size 56x22 [border: (1px inset #808080)] [r=115 c=0 rs=1 cs=1]
              RenderText {TEXT} at (2,2) size 32x18
                text run at (2,2) width 32: "8970"
            RenderTableCell {TD} at (60,2762) size 88x22 [border: (1px inset #808080)] [r=115 c=1 rs=1 cs=1]
              RenderText {TEXT} at (2,2) size 36x18
                text run at (2,2) width 36: "230A"
            RenderTableCell {TD} at (150,2762) size 83x22 [border: (1px inset #808080)] [r=115 c=2 rs=1 cs=1]
              RenderText {TEXT} at (2,2) size 34x18
                text run at (2,2) width 34: "lfloor"
            RenderTableCell {TD} at (235,2762) size 57x22 [border: (1px inset #808080)] [r=115 c=3 rs=1 cs=1]
              RenderText {TEXT} at (2,2) size 11x18
                text run at (2,2) width 11: "\x{230A}"
            RenderTableCell {TD} at (294,2762) size 65x22 [border: (1px inset #808080)] [r=115 c=4 rs=1 cs=1]
              RenderText {TEXT} at (2,2) size 11x18
                text run at (2,2) width 11: "\x{230A}"
            RenderTableCell {TD} at (361,2762) size 60x22 [border: (1px inset #808080)] [r=115 c=5 rs=1 cs=1]
              RenderText {TEXT} at (2,2) size 11x18
                text run at (2,2) width 11: "\x{230A}"
          RenderTableRow {TR} at (0,0) size 0x0
            RenderTableCell {TD} at (2,2786) size 56x22 [border: (1px inset #808080)] [r=116 c=0 rs=1 cs=1]
              RenderText {TEXT} at (2,2) size 32x18
                text run at (2,2) width 32: "8971"
            RenderTableCell {TD} at (60,2786) size 88x22 [border: (1px inset #808080)] [r=116 c=1 rs=1 cs=1]
              RenderText {TEXT} at (2,2) size 35x18
                text run at (2,2) width 35: "230B"
            RenderTableCell {TD} at (150,2786) size 83x22 [border: (1px inset #808080)] [r=116 c=2 rs=1 cs=1]
              RenderText {TEXT} at (2,2) size 35x18
                text run at (2,2) width 35: "rfloor"
            RenderTableCell {TD} at (235,2786) size 57x22 [border: (1px inset #808080)] [r=116 c=3 rs=1 cs=1]
              RenderText {TEXT} at (2,2) size 11x18
                text run at (2,2) width 11: "\x{230B}"
            RenderTableCell {TD} at (294,2786) size 65x22 [border: (1px inset #808080)] [r=116 c=4 rs=1 cs=1]
              RenderText {TEXT} at (2,2) size 11x18
                text run at (2,2) width 11: "\x{230B}"
            RenderTableCell {TD} at (361,2786) size 60x22 [border: (1px inset #808080)] [r=116 c=5 rs=1 cs=1]
              RenderText {TEXT} at (2,2) size 11x18
                text run at (2,2) width 11: "\x{230B}"
          RenderTableRow {TR} at (0,0) size 0x0
            RenderTableCell {TD} at (2,2810) size 56x22 [border: (1px inset #808080)] [r=117 c=0 rs=1 cs=1]
              RenderText {TEXT} at (2,2) size 32x18
                text run at (2,2) width 32: "9001"
            RenderTableCell {TD} at (60,2810) size 88x22 [border: (1px inset #808080)] [r=117 c=1 rs=1 cs=1]
              RenderText {TEXT} at (2,2) size 32x18
                text run at (2,2) width 32: "2329"
            RenderTableCell {TD} at (150,2810) size 83x22 [border: (1px inset #808080)] [r=117 c=2 rs=1 cs=1]
              RenderText {TEXT} at (2,2) size 27x18
                text run at (2,2) width 27: "lang"
            RenderTableCell {TD} at (235,2810) size 57x22 [border: (1px inset #808080)] [r=117 c=3 rs=1 cs=1]
              RenderText {TEXT} at (2,2) size 12x18
                text run at (2,2) width 12: "\x{2329}"
            RenderTableCell {TD} at (294,2810) size 65x22 [border: (1px inset #808080)] [r=117 c=4 rs=1 cs=1]
              RenderText {TEXT} at (2,2) size 12x18
                text run at (2,2) width 12: "\x{2329}"
            RenderTableCell {TD} at (361,2810) size 60x22 [border: (1px inset #808080)] [r=117 c=5 rs=1 cs=1]
              RenderText {TEXT} at (2,2) size 12x18
                text run at (2,2) width 12: "\x{2329}"
          RenderTableRow {TR} at (0,0) size 0x0
            RenderTableCell {TD} at (2,2834) size 56x22 [border: (1px inset #808080)] [r=118 c=0 rs=1 cs=1]
              RenderText {TEXT} at (2,2) size 32x18
                text run at (2,2) width 32: "9002"
            RenderTableCell {TD} at (60,2834) size 88x22 [border: (1px inset #808080)] [r=118 c=1 rs=1 cs=1]
              RenderText {TEXT} at (2,2) size 36x18
                text run at (2,2) width 36: "232A"
            RenderTableCell {TD} at (150,2834) size 83x22 [border: (1px inset #808080)] [r=118 c=2 rs=1 cs=1]
              RenderText {TEXT} at (2,2) size 28x18
                text run at (2,2) width 28: "rang"
            RenderTableCell {TD} at (235,2834) size 57x22 [border: (1px inset #808080)] [r=118 c=3 rs=1 cs=1]
              RenderText {TEXT} at (2,2) size 12x18
                text run at (2,2) width 12: "\x{232A}"
            RenderTableCell {TD} at (294,2834) size 65x22 [border: (1px inset #808080)] [r=118 c=4 rs=1 cs=1]
              RenderText {TEXT} at (2,2) size 12x18
                text run at (2,2) width 12: "\x{232A}"
            RenderTableCell {TD} at (361,2834) size 60x22 [border: (1px inset #808080)] [r=118 c=5 rs=1 cs=1]
              RenderText {TEXT} at (2,2) size 12x18
                text run at (2,2) width 12: "\x{232A}"
          RenderTableRow {TR} at (0,0) size 0x0
            RenderTableCell {TD} at (2,2858) size 56x22 [border: (1px inset #808080)] [r=119 c=0 rs=1 cs=1]
              RenderText {TEXT} at (2,2) size 32x18
                text run at (2,2) width 32: "9674"
            RenderTableCell {TD} at (60,2858) size 88x22 [border: (1px inset #808080)] [r=119 c=1 rs=1 cs=1]
              RenderText {TEXT} at (2,2) size 39x18
                text run at (2,2) width 39: "25CA"
            RenderTableCell {TD} at (150,2858) size 83x22 [border: (1px inset #808080)] [r=119 c=2 rs=1 cs=1]
              RenderText {TEXT} at (2,2) size 19x18
                text run at (2,2) width 19: "loz"
            RenderTableCell {TD} at (235,2858) size 57x22 [border: (1px inset #808080)] [r=119 c=3 rs=1 cs=1]
              RenderText {TEXT} at (2,2) size 8x18
                text run at (2,2) width 8: "\x{25CA}"
            RenderTableCell {TD} at (294,2858) size 65x22 [border: (1px inset #808080)] [r=119 c=4 rs=1 cs=1]
              RenderText {TEXT} at (2,2) size 8x18
                text run at (2,2) width 8: "\x{25CA}"
            RenderTableCell {TD} at (361,2858) size 60x22 [border: (1px inset #808080)] [r=119 c=5 rs=1 cs=1]
              RenderText {TEXT} at (2,2) size 8x18
                text run at (2,2) width 8: "\x{25CA}"
          RenderTableRow {TR} at (0,0) size 0x0
            RenderTableCell {TD} at (2,2882) size 56x22 [border: (1px inset #808080)] [r=120 c=0 rs=1 cs=1]
              RenderText {TEXT} at (2,2) size 32x18
                text run at (2,2) width 32: "9824"
            RenderTableCell {TD} at (60,2882) size 88x22 [border: (1px inset #808080)] [r=120 c=1 rs=1 cs=1]
              RenderText {TEXT} at (2,2) size 32x18
                text run at (2,2) width 32: "2660"
            RenderTableCell {TD} at (150,2882) size 83x22 [border: (1px inset #808080)] [r=120 c=2 rs=1 cs=1]
              RenderText {TEXT} at (2,2) size 42x18
                text run at (2,2) width 42: "spades"
            RenderTableCell {TD} at (235,2882) size 57x22 [border: (1px inset #808080)] [r=120 c=3 rs=1 cs=1]
              RenderText {TEXT} at (2,2) size 12x18
                text run at (2,2) width 12: "\x{2660}"
            RenderTableCell {TD} at (294,2882) size 65x22 [border: (1px inset #808080)] [r=120 c=4 rs=1 cs=1]
              RenderText {TEXT} at (2,2) size 12x18
                text run at (2,2) width 12: "\x{2660}"
            RenderTableCell {TD} at (361,2882) size 60x22 [border: (1px inset #808080)] [r=120 c=5 rs=1 cs=1]
              RenderText {TEXT} at (2,2) size 12x18
                text run at (2,2) width 12: "\x{2660}"
          RenderTableRow {TR} at (0,0) size 0x0
            RenderTableCell {TD} at (2,2906) size 56x22 [border: (1px inset #808080)] [r=121 c=0 rs=1 cs=1]
              RenderText {TEXT} at (2,2) size 32x18
                text run at (2,2) width 32: "9827"
            RenderTableCell {TD} at (60,2906) size 88x22 [border: (1px inset #808080)] [r=121 c=1 rs=1 cs=1]
              RenderText {TEXT} at (2,2) size 32x18
                text run at (2,2) width 32: "2663"
            RenderTableCell {TD} at (150,2906) size 83x22 [border: (1px inset #808080)] [r=121 c=2 rs=1 cs=1]
              RenderText {TEXT} at (2,2) size 33x18
                text run at (2,2) width 33: "clubs"
            RenderTableCell {TD} at (235,2906) size 57x22 [border: (1px inset #808080)] [r=121 c=3 rs=1 cs=1]
              RenderText {TEXT} at (2,2) size 12x18
                text run at (2,2) width 12: "\x{2663}"
            RenderTableCell {TD} at (294,2906) size 65x22 [border: (1px inset #808080)] [r=121 c=4 rs=1 cs=1]
              RenderText {TEXT} at (2,2) size 12x18
                text run at (2,2) width 12: "\x{2663}"
            RenderTableCell {TD} at (361,2906) size 60x22 [border: (1px inset #808080)] [r=121 c=5 rs=1 cs=1]
              RenderText {TEXT} at (2,2) size 12x18
                text run at (2,2) width 12: "\x{2663}"
          RenderTableRow {TR} at (0,0) size 0x0
            RenderTableCell {TD} at (2,2930) size 56x22 [border: (1px inset #808080)] [r=122 c=0 rs=1 cs=1]
              RenderText {TEXT} at (2,2) size 32x18
                text run at (2,2) width 32: "9829"
            RenderTableCell {TD} at (60,2930) size 88x22 [border: (1px inset #808080)] [r=122 c=1 rs=1 cs=1]
              RenderText {TEXT} at (2,2) size 32x18
                text run at (2,2) width 32: "2665"
            RenderTableCell {TD} at (150,2930) size 83x22 [border: (1px inset #808080)] [r=122 c=2 rs=1 cs=1]
              RenderText {TEXT} at (2,2) size 37x18
                text run at (2,2) width 37: "hearts"
            RenderTableCell {TD} at (235,2930) size 57x22 [border: (1px inset #808080)] [r=122 c=3 rs=1 cs=1]
              RenderText {TEXT} at (2,2) size 12x18
                text run at (2,2) width 12: "\x{2665}"
            RenderTableCell {TD} at (294,2930) size 65x22 [border: (1px inset #808080)] [r=122 c=4 rs=1 cs=1]
              RenderText {TEXT} at (2,2) size 12x18
                text run at (2,2) width 12: "\x{2665}"
            RenderTableCell {TD} at (361,2930) size 60x22 [border: (1px inset #808080)] [r=122 c=5 rs=1 cs=1]
              RenderText {TEXT} at (2,2) size 12x18
                text run at (2,2) width 12: "\x{2665}"
          RenderTableRow {TR} at (0,0) size 0x0
            RenderTableCell {TD} at (2,2954) size 56x22 [border: (1px inset #808080)] [r=123 c=0 rs=1 cs=1]
              RenderText {TEXT} at (2,2) size 32x18
                text run at (2,2) width 32: "9830"
            RenderTableCell {TD} at (60,2954) size 88x22 [border: (1px inset #808080)] [r=123 c=1 rs=1 cs=1]
              RenderText {TEXT} at (2,2) size 32x18
                text run at (2,2) width 32: "2666"
            RenderTableCell {TD} at (150,2954) size 83x22 [border: (1px inset #808080)] [r=123 c=2 rs=1 cs=1]
              RenderText {TEXT} at (2,2) size 37x18
                text run at (2,2) width 37: "diams"
            RenderTableCell {TD} at (235,2954) size 57x22 [border: (1px inset #808080)] [r=123 c=3 rs=1 cs=1]
              RenderText {TEXT} at (2,2) size 12x18
                text run at (2,2) width 12: "\x{2666}"
            RenderTableCell {TD} at (294,2954) size 65x22 [border: (1px inset #808080)] [r=123 c=4 rs=1 cs=1]
              RenderText {TEXT} at (2,2) size 12x18
                text run at (2,2) width 12: "\x{2666}"
            RenderTableCell {TD} at (361,2954) size 60x22 [border: (1px inset #808080)] [r=123 c=5 rs=1 cs=1]
              RenderText {TEXT} at (2,2) size 12x18
                text run at (2,2) width 12: "\x{2666}"
