layer at (0,0) size 800x600
  RenderCanvas at (0,0) size 800x600
layer at (0,0) size 800x600
  RenderBlock {HTML} at (0,0) size 800x600
    RenderBody {BODY} at (8,8) size 784x576
      RenderBlock (anonymous) at (0,0) size 784x0
        RenderInline {SPAN} at (0,0) size 0x0 [color=#FF0000]
      RenderBlock (anonymous) at (0,0) size 784x0 [color=#FF0000]
      RenderBlock (anonymous) at (0,0) size 784x0
        RenderInline {SPAN} at (0,0) size 0x0 [color=#FF0000]
      RenderBlock {FORM} at (0,0) size 784x18
        RenderInline {SPAN} at (0,0) size 0x0 [color=#FF0000]
        RenderText {TEXT} at (0,0) size 125x18
          text run at (0,0) width 125: "this should be black"
