layer at (0,0) size 800x600
  RenderCanvas at (0,0) size 800x600
layer at (0,0) size 800x600
  RenderBlock {HTML} at (0,0) size 800x600
    RenderBody {BODY} at (8,8) size 784x584
      RenderText {TEXT} at (0,0) size 360x18
        text run at (0,0) width 360: "You should see the text \"inside\" the following script tag: "
      RenderText {TEXT} at (360,0) size 221x18
        text run at (360,0) width 221: "This is the text inside the script tag."
      RenderText {TEXT} at (0,0) size 0x0
      RenderText {TEXT} at (0,0) size 0x0
