layer at (0,0) size 800x600
  RenderView at (0,0) size 800x600
layer at (0,0) size 800x600
  RenderBlock {HTML} at (0,0) size 800x600
    RenderBody {BODY} at (8,8) size 784x584
      RenderDetails {DETAILS} at (0,0) size 784x44
        RenderBlock (anonymous) at (0,0) size 784x22
          RenderSummary {SUMMARY} at (0,0) size 784x22
            RenderDetailsMarker at (0,0) size 10x22: down
            RenderText {#text} at (17,0) size 40x22
              text run at (17,0) width 40: "new 1"
        RenderBlock (anonymous) at (0,22) size 784x22
          RenderSummary {SUMMARY} at (0,0) size 784x22
            RenderText {#text} at (0,0) size 64x22
              text run at (0,0) width 64: "summary"
