layer at (0,0) size 800x600
  RenderView at (0,0) size 800x600
layer at (0,0) size 800x600
  RenderBlock {HTML} at (0,0) size 800x600
    RenderBody {BODY} at (0,0) size 800x600
      RenderDetails {DETAILS} at (0,0) size 800x22
        RenderBlock (anonymous) at (0,0) size 800x22
          RenderBlock (anonymous) at (0,0) size 800x22
            RenderDetailsMarker at (0,0) size 10x22: down
            RenderText at (17,0) size 46x22
              text run at (17,0) width 46: "Details"
caret: position 0 of child 1 {DETAILS} of body
