layer at (0,0) size 800x600
  RenderView at (0,0) size 800x600
layer at (0,0) size 800x600
  RenderBlock {HTML} at (0,0) size 800x600
    RenderBody {BODY} at (8,8) size 784x576
      RenderBlock {UL} at (0,0) size 784x66
        RenderListItem {LI} at (40,0) size 744x22
          RenderListMarker at (-15,8) size 8x8
          RenderText {#text} at (0,0) size 63x22
            text run at (0,0) width 63: "Item One"
        RenderListItem {LI} at (40,22) size 744x22
          RenderListMarker at (-15,8) size 8x8
          RenderText {#text} at (0,0) size 66x22
            text run at (0,0) width 66: "Item Two"
        RenderListItem {LI} at (40,44) size 744x22
          RenderListMarker at (-15,8) size 8x8
          RenderText {#text} at (0,0) size 76x22
            text run at (0,0) width 76: "Item Three"
