layer at (0,0) size 800x600
  RenderView at (0,0) size 800x600
layer at (0,0) size 800x110
  RenderBlock {HTML} at (0,0) size 800x110
    RenderBody {BODY} at (8,8) size 784x94
      RenderTable {TABLE} at (0,0) size 400x94 [border: (1px outset #808080)]
        RenderTableSection {TBODY} at (1,1) size 398x92
          RenderTableRow {TR} at (0,0) size 398x92
            RenderTableCell {TD} at (0,5) size 302x82 [border: (1px inset #808080)] [r=0 c=0 rs=1 cs=2]
              RenderTable {TABLE} at (1,1) size 300x80 [border: (1px outset #808080)]
                RenderTableSection {TBODY} at (1,1) size 298x78
                  RenderTableRow {TR} at (0,0) size 298x78
                    RenderTableCell {TD} at (0,0) size 298x78 [border: (1px inset #808080)] [r=0 c=0 rs=1 cs=1]
                      RenderText {#text} at (1,1) size 295x76
                        text run at (1,1) width 284: "Presidential candidates George W. Bush and"
                        text run at (1,20) width 295: "Al Gore are expected to show a kinder, gentler"
                        text run at (1,39) width 247: "side Wednesday in the second of three"
                        text run at (1,58) width 183: "nationally televised debates. "
                      RenderBR {BR} at (184,72) size 0x0
            RenderTableCell {TD} at (302,0) size 96x92 [border: (1px inset #808080)] [r=0 c=2 rs=1 cs=1]
              RenderBlock (anonymous) at (1,1) size 94x76
                RenderInline {FONT} at (0,0) size 94x76 [color=#CC3333]
                  RenderText {#text} at (0,0) size 94x76
                    text run at (0,0) width 94: "Avon.com: Fall"
                    text run at (0,19) width 85: "makeup sale."
                    text run at (0,38) width 68: "Save up to"
                    text run at (0,57) width 32: "47%."
              RenderBlock (anonymous) at (1,91) size 94x0 [color=#CC3333]
                RenderBlock {FORM} at (0,0) size 94x0
              RenderBlock (anonymous) at (1,91) size 94x0
                RenderInline {FONT} at (0,0) size 0x0 [color=#CC3333]
