layer at (0,0) size 800x600
  RenderCanvas at (0,0) size 800x600
layer at (0,0) size 800x73
  RenderBlock {HTML} at (0,0) size 800x73
    RenderBody {BODY} at (8,8) size 784x57
      RenderBlock {DIV} at (0,0) size 784x57
        RenderText {TEXT} at (2,38) size 171x17
          text run at (2,38) width 171: "This image has a margin "
        RenderImage {IMG} at (223,2) size 50x50 [bgcolor=#008000]
        RenderText {TEXT} at (323,38) size 41x17
          text run at (323,38) width 41: " on it."
