layer at (0,0) size 800x600
  RenderView at (0,0) size 800x600
layer at (0,0) size 800x600
  RenderBlock {HTML} at (0,0) size 800x600
    RenderBody {BODY} at (8,8) size 784x574
      RenderBlock {P} at (0,0) size 784x18
        RenderText {#text} at (0,0) size 160x18
          text run at (0,0) width 160: "Outline ring painting test."
      RenderBlock {P} at (0,34) size 784x94
        RenderBlock (anonymous) at (0,0) size 784x18
        RenderBlock (anonymous) at (0,36) size 784x22
          RenderBlock {H3} at (0,0) size 784x22
            RenderText {#text} at (0,0) size 150x22
              text run at (0,0) width 150: "Bold with margin."
        RenderBlock (anonymous) at (0,76) size 784x18
      RenderBlock {P} at (0,146) size 784x58
        RenderBlock (anonymous) at (0,0) size 784x0
        RenderBlock (anonymous) at (0,0) size 784x22
          RenderBlock {H3} at (0,0) size 784x22
            RenderText {#text} at (0,0) size 150x22
              text run at (0,0) width 150: "No content before."
        RenderBlock (anonymous) at (0,40) size 784x18
      RenderBlock {P} at (0,220) size 784x94
        RenderBlock (anonymous) at (0,0) size 784x18
        RenderBlock (anonymous) at (0,36) size 784x22
          RenderBlock {H3} at (0,0) size 784x22
            RenderText {#text} at (0,0) size 58x22
              text run at (0,0) width 58: "Middle"
        RenderBlock (anonymous) at (0,76) size 784x18
      RenderBlock {P} at (0,332) size 784x22
        RenderBlock (anonymous) at (0,0) size 784x0
        RenderBlock (anonymous) at (0,0) size 784x22
          RenderBlock {H3} at (0,0) size 784x22
            RenderText {#text} at (0,0) size 216x22
              text run at (0,0) width 216: "No content before or after."
        RenderBlock (anonymous) at (0,40) size 784x0
layer at (8,42) size 98x18
  RenderInline (relative positioned) {SPAN} at (0,0) size 98x18
    RenderText {#text} at (0,0) size 98x18
      text run at (0,0) width 98: "Content before."
layer at (8,118) size 82x18
  RenderInline (relative positioned) {SPAN} at (0,0) size 82x18
    RenderText {#text} at (0,0) size 82x18
      text run at (0,0) width 82: "Content after"
layer at (8,194) size 86x18
  RenderInline (relative positioned) {SPAN} at (0,0) size 86x18
    RenderText {#text} at (0,0) size 86x18
      text run at (0,0) width 86: "Content after."
layer at (8,228) size 94x18
  RenderInline (relative positioned) {SPAN} at (0,0) size 94x18
    RenderText {#text} at (0,0) size 94x18
      text run at (0,0) width 94: "Content before"
layer at (8,304) size 106x18
  RenderInline (relative positioned) {SPAN} at (0,0) size 106x18
    RenderText {#text} at (0,0) size 106x18
      text run at (0,0) width 106: "No content after."
