layer at (0,0) size 800x600
  RenderView at (0,0) size 800x600
layer at (0,0) size 800x38
  RenderBlock {HTML} at (0,0) size 800x38
    RenderBody {BODY} at (8,8) size 784x22
      RenderText {#text} at (0,0) size 474x22
        text run at (0,0) width 474: "You should see the text 'after' in the inner box with no mangled pixels."
      RenderText {#text} at (0,0) size 0x0
      RenderText {#text} at (0,0) size 0x0
layer at (8,30) size 127x302 clip at (9,31) size 125x300 scrollX 10 scrollY 10 scrollWidth 1000 scrollHeight 1000
  RenderBlock (positioned) {DIV} at (8,30) size 127x302 [border: (1px solid #FF0000)]
    RenderBlock {DIV} at (1,1) size 1000x1000
layer at (99,121) size 102x102 backgroundClip at (99,121) size 35x102 clip at (100,122) size 34x100 outlineClip at (9,31) size 125x300
  RenderBlock (positioned) {DIV} at (101,101) size 102x102 [border: (1px solid #008000)]
    RenderBlock {DIV} at (1,1) size 50x50
      RenderText {#text} at (0,0) size 32x22
        text run at (0,0) width 32: "after"
