layer at (0,0) size 800x600
  RenderView at (0,0) size 800x600
layer at (0,0) size 800x600
  RenderBlock {HTML} at (0,0) size 800x600
    RenderBody {BODY} at (8,8) size 784x584
      RenderBlock {P} at (0,0) size 784x21
        RenderText {#text} at (0,0) size 57x21
          text run at (0,0) width 57: "Test for "
        RenderInline {I} at (0,0) size 723x21
          RenderInline {A} at (0,0) size 310x21 [color=#0000EE]
            RenderText {#text} at (57,0) size 310x21
              text run at (57,0) width 310: "https://bugs.webkit.org/show_bug.cgi?id=34946"
          RenderText {#text} at (367,0) size 413x21
            text run at (367,0) width 4: " "
            text run at (371,0) width 409: "REGRESSION: Selection painting issue in bug review textbox"
        RenderText {#text} at (780,0) size 4x21
          text run at (780,0) width 4: "."
layer at (13,45) size 126x126 clip at (16,48) size 104x120 scrollY 42 scrollHeight 162
  RenderBlock {DIV} at (5,37) size 126x126 [border: (3px solid #000000)]
    RenderBlock {DIV} at (13,13) size 84x100
    RenderBlock (anonymous) at (13,113) size 84x42
      RenderBlock {DIV} at (0,0) size 94x42
        RenderInline {SPAN} at (0,0) size 46x42
          RenderText {#text} at (0,0) size 46x21
            text run at (0,0) width 46: "Lorem"
          RenderBR {BR} at (46,16) size 0x0
          RenderText {#text} at (0,21) size 41x21
            text run at (0,21) width 41: "ipsum"
      RenderText {#text} at (0,0) size 0x0
