layer at (0,0) size 800x600
  RenderView at (0,0) size 800x600
layer at (0,0) size 800x336
  RenderBlock {HTML} at (0,0) size 800x336
    RenderBody {BODY} at (8,16) size 784x312
      RenderBlock {P} at (0,0) size 784x44
        RenderInline {B} at (0,0) size 62x22
          RenderText {#text} at (0,0) size 62x22
            text run at (0,0) width 62: "BUG ID:"
        RenderText {#text} at (62,0) size 4x22
          text run at (62,0) width 4: " "
        RenderInline {A} at (0,0) size 121x22 [color=#0000EE]
          RenderText {#text} at (66,0) size 121x22
            text run at (66,0) width 121: "Bugzilla bug 6274"
        RenderText {#text} at (187,0) size 783x44
          text run at (187,0) width 596: "Text repainting does not account for glyphs which draw outside the typographic bounds"
          text run at (0,22) width 73: "of the font."
      RenderBlock {P} at (0,60) size 784x28 [bgcolor=#98FB98]
        RenderInline {B} at (0,0) size 91x22
          RenderText {#text} at (3,3) size 91x22
            text run at (3,3) width 91: "TEST PASS:"
        RenderText {#text} at (94,3) size 218x22
          text run at (94,3) width 4: " "
          text run at (98,3) width 214: "The text will entirely disappear."
      RenderBlock {P} at (0,104) size 784x28 [bgcolor=#FF3300]
        RenderInline {B} at (0,0) size 90x22
          RenderText {#text} at (3,3) size 90x22
            text run at (3,3) width 90: "TEST FAIL:"
        RenderText {#text} at (93,3) size 595x22
          text run at (93,3) width 4: " "
          text run at (97,3) width 591: "Most of the text will be gone, but some artifacts will be left behind at the top of the page."
      RenderBlock {DIV} at (0,148) size 222x142 [border: (1px solid #0000FF)]
        RenderBlock {DIV} at (11,11) size 200x0
      RenderBlock (anonymous) at (0,290) size 784x22
        RenderBR {BR} at (0,0) size 0x22
