layer at (0,0) size 781x634
  RenderView at (0,0) size 781x600
layer at (0,0) size 781x634
  RenderBlock {HTML} at (0,0) size 781x634
    RenderBody {BODY} at (8,8) size 765x618
layer at (8,8) size 765x618
  RenderBlock {DIV} at (0,0) size 765x618 [border: (5px solid #000000)]
    RenderText {#text} at (15,5) size 234x1796
      text run at (15,5) width 177: "Lorem ipsum dolor sit amet,"
      text run at (15,25) width 212: "consectetuer adipiscing elit. Nulla"
      text run at (15,45) width 179: "varius enim ac mi. Curabitur"
      text run at (15,65) width 230: "sollicitudin felis quis lectus. Quisque"
      text run at (15,85) width 224: "adipiscing rhoncus sem. Proin nulla"
      text run at (15,105) width 190: "purus, vulputate vel, varius ut,"
      text run at (15,125) width 217: "euismod et, nisi. Sed vitae felis vel"
      text run at (15,145) width 222: "orci sagittis aliquam. Cras convallis"
      text run at (15,165) width 200: "adipiscing sem. Nam nonummy"
      text run at (15,185) width 204: "enim. Nullam bibendum lobortis"
      text run at (15,205) width 231: "neque. Vestibulum velit orci, tempus"
      text run at (15,225) width 203: "euismod, pretium quis, interdum"
      text run at (15,245) width 211: "vitae, nulla. Phasellus eget ante et"
      text run at (15,265) width 201: "tortor condimentum vestibulum."
      text run at (15,285) width 202: "Suspendisse hendrerit quam nec"
      text run at (15,305) width 211: "felis. Sed varius turpis vitae pede."
      text run at (15,325) width 177: "Lorem ipsum dolor sit amet,"
      text run at (15,345) width 211: "consectetuer adipiscing elit. Proin"
      text run at (15,365) width 234: "bibendum justo ac enim. Class aptent"
      text run at (15,385) width 224: "taciti sociosqu ad litora torquent per"
      text run at (15,405) width 176: "conubia nostra, per inceptos"
      text run at (15,425) width 234: "hymenaeos. Sed leo nulla, rutrum eu,"
      text run at (15,445) width 213: "dictum ut, posuere vel, arcu. Nam"
      text run at (15,465) width 182: "libero. Morbi orci. Maecenas"
      text run at (15,485) width 204: "pellentesque. Curabitur erat erat,"
      text run at (15,505) width 227: "ullamcorper at, gravida vitae, iaculis"
      text run at (15,525) width 212: "vitae, elit. Nullam quam. Quisque"
      text run at (15,545) width 233: "orci lectus, ullamcorper eu, imperdiet"
      text run at (15,565) width 222: "sed, accumsan et, ligula. Duis diam"
      text run at (15,585) width 194: "nisl, sagittis a, blandit volutpat,"
      text run at (15,613) width 197: "interdum sed, velit. Vestibulum"
      text run at (15,633) width 195: "quam. Nulla a purus. Phasellus"
      text run at (15,653) width 177: "semper semper lectus. Nulla"
      text run at (15,673) width 211: "porttitor, dolor dictum scelerisque"
      text run at (15,693) width 233: "luctus, velit ipsum lobortis mauris, ac"
      text run at (15,713) width 216: "pretium enim nunc vel risus. Proin"
      text run at (15,733) width 201: "gravida mi ut sem cursus mattis."
      text run at (15,753) width 184: "Fusce laoreet, nisi quis luctus"
      text run at (15,773) width 218: "volutpat, arcu pede tincidunt enim,"
      text run at (15,793) width 208: "nec malesuada urna nisl eu enim."
      text run at (15,813) width 202: "Vivamus varius augue ac purus."
      text run at (15,833) width 228: "Vestibulum vestibulum. Phasellus et"
      text run at (15,853) width 205: "est vitae ante accumsan rhoncus."
      text run at (15,873) width 209: "Morbi convallis, arcu at hendrerit"
      text run at (15,893) width 216: "gravida, sem diam dignissim risus,"
      text run at (15,913) width 193: "sed aliquet erat mi ut mi. Nunc"
      text run at (15,933) width 181: "cursus lacinia elit. Nunc nisi."
      text run at (15,953) width 223: "Quisque at erat. Vestibulum dictum"
      text run at (15,973) width 208: "quam vitae nibh. Nunc vitae ante"
      text run at (15,993) width 231: "non odio interdum blandit. Curabitur"
      text run at (15,1013) width 230: "leo quam, fermentum sed, feugiat in,"
      text run at (15,1033) width 230: "ullamcorper id, nibh. Suspendisse ac"
      text run at (15,1053) width 201: "turpis. In iaculis sollicitudin dui."
      text run at (15,1073) width 192: "Aenean vitae lectus vitae nulla"
      text run at (15,1093) width 194: "pellentesque sollicitudin. Nunc"
      text run at (15,1113) width 223: "gravida pharetra lectus. Etiam lacus"
      text run at (15,1133) width 197: "ligula, placerat ut, dictum vitae,"
      text run at (15,1153) width 200: "tempus vel, risus. Cras rhoncus."
      text run at (15,1173) width 226: "Praesent varius ultricies orci. Donec"
      text run at (15,1193) width 230: "mattis, neque ut ornare fringilla, ante"
      text run at (15,1221) width 231: "urna placerat eros, vel commodo nisi"
      text run at (15,1241) width 217: "tortor ut mauris. Morbi magna dui,"
      text run at (15,1261) width 177: "sagittis sit amet, tincidunt et,"
      text run at (15,1281) width 187: "elementum eget, quam. Fusce"
      text run at (15,1301) width 230: "molestie nisl vitae nisi. Vestibulum a"
      text run at (15,1321) width 234: "sapien. Phasellus ante lacus, vehicula"
      text run at (15,1341) width 205: "non, cursus a, tempor ut, magna."
      text run at (15,1361) width 219: "Suspendisse potenti. Fusce aliquet,"
      text run at (15,1381) width 224: "odio viverra vulputate dictum, enim"
      text run at (15,1401) width 201: "odio luctus purus, ut scelerisque"
      text run at (15,1421) width 199: "quam nulla non est. Donec eros"
      text run at (15,1441) width 202: "lacus, egestas vitae, lacinia quis,"
      text run at (15,1461) width 218: "tempor quis, pede. Morbi orci erat,"
      text run at (15,1481) width 218: "iaculis id, ornare ac, elementum at,"
      text run at (15,1501) width 192: "sem. Nunc ornare sodales nisi."
      text run at (15,1521) width 196: "Morbi interdum commodo nisl."
      text run at (15,1541) width 195: "Fusce eget eros non nisi ornare"
      text run at (15,1561) width 185: "facilisis. Sed placerat, est non"
      text run at (15,1581) width 174: "posuere posuere, purus sem"
      text run at (15,1601) width 200: "dignissim libero, a viverra tellus"
      text run at (15,1621) width 220: "dolor vel lorem. Cras augue. Etiam"
      text run at (15,1641) width 218: "ultricies consequat odio. Mauris ac"
      text run at (15,1661) width 212: "libero. Etiam posuere, libero vitae"
      text run at (15,1681) width 226: "euismod gravida, urna elit imperdiet"
      text run at (15,1701) width 194: "magna, vel cursus elit felis non"
      text run at (15,1721) width 207: "mauris. Donec orci erat, porta id,"
      text run at (15,1741) width 211: "dignissim ut, posuere dictum, leo."
      text run at (15,1761) width 199: "Suspendisse scelerisque egestas"
      text run at (15,1781) width 35: "nulla."
