layer at (0,0) size 1570x620
  RenderView at (0,0) size 781x581
layer at (0,0) size 1570x620
  RenderBlock {HTML} at (0,0) size 781x620
layer at (8,19) size 1562x585
  RenderBody {BODY} at (8,19) size 765x585
    RenderBlock {DIV} at (0,0) size 765x33 [bgcolor=#00FFFF]
      RenderBlock (floating) {DIV} at (4,4) size 382x492 [bgcolor=#FFFF00]
        RenderImage {IMG} at (0,0) size 133x70
        RenderText {#text} at (133,0) size 379x100
          text run at (133,0) width 229: "You've already downloaded a build."
          text run at (133,20) width 219: "All you have to do is use it as your"
          text run at (133,40) width 208: "everyday browser and mail/news"
          text run at (133,60) width 246: "reader. If you downloaded a build with"
          text run at (0,80) width 253: "Talkback, please turn it on when it asks."
        RenderBlock (floating) {DIV} at (300,80) size 82x412 [bgcolor=#FF0000]
          RenderBlock {P} at (0,16) size 82x20
            RenderText {#text} at (0,0) size 74x20
              text run at (0,0) width 74: "Hola hola 1"
          RenderBlock {P} at (0,52) size 82x20
            RenderText {#text} at (0,0) size 74x20
              text run at (0,0) width 74: "Hola hola 2"
          RenderBlock {P} at (0,88) size 82x20
            RenderText {#text} at (0,0) size 74x20
              text run at (0,0) width 74: "Hola hola 3"
          RenderBlock {P} at (0,124) size 82x20
            RenderText {#text} at (0,0) size 74x20
              text run at (0,0) width 74: "Hola hola 4"
          RenderBlock {P} at (0,160) size 82x20
            RenderText {#text} at (0,0) size 74x20
              text run at (0,0) width 74: "Hola hola 5"
          RenderBlock {P} at (0,196) size 82x20
            RenderText {#text} at (0,0) size 74x20
              text run at (0,0) width 74: "Hola hola 6"
          RenderBlock {P} at (0,232) size 82x20
            RenderText {#text} at (0,0) size 74x20
              text run at (0,0) width 74: "Hola hola 7"
          RenderBlock {P} at (0,268) size 82x20
            RenderText {#text} at (0,0) size 74x20
              text run at (0,0) width 74: "Hola hola 8"
          RenderBlock {P} at (0,304) size 82x20
            RenderText {#text} at (0,0) size 74x20
              text run at (0,0) width 74: "Hola hola 9"
          RenderBlock {P} at (0,340) size 82x20
            RenderText {#text} at (0,0) size 82x20
              text run at (0,0) width 82: "Hola hola 10"
          RenderBlock {P} at (0,376) size 82x20
            RenderText {#text} at (0,0) size 82x20
              text run at (0,0) width 82: "Hola hola 11"
        RenderText {#text} at (0,100) size 300x60
          text run at (0,100) width 281: "Talkback reports give us really valuable data"
          text run at (0,120) width 300: "on which crashes are the most serious, and how"
          text run at (0,140) width 226: "often people are encountering them."
      RenderBlock (floating) {DIV} at (682,0) size 83x324 [bgcolor=#FF00FF]
        RenderBlock {P} at (0,0) size 83x20
          RenderText {#text} at (0,0) size 83x20
            text run at (0,0) width 83: "Hello Kitty 1"
        RenderBlock {P} at (0,36) size 83x20
          RenderText {#text} at (0,0) size 83x20
            text run at (0,0) width 83: "Hello Kitty 2"
        RenderBlock {P} at (0,72) size 83x20
          RenderText {#text} at (0,0) size 83x20
            text run at (0,0) width 83: "Hello Kitty 3"
        RenderBlock {P} at (0,108) size 83x20
          RenderText {#text} at (0,0) size 83x20
            text run at (0,0) width 83: "Hello Kitty 4"
        RenderBlock {P} at (0,144) size 83x20
          RenderText {#text} at (0,0) size 83x20
            text run at (0,0) width 83: "Hello Kitty 5"
        RenderBlock {P} at (0,180) size 83x20
          RenderText {#text} at (0,0) size 83x20
            text run at (0,0) width 83: "Hello Kitty 6"
        RenderBlock {P} at (0,216) size 83x20
          RenderText {#text} at (0,0) size 83x20
            text run at (0,0) width 83: "Hello Kitty 7"
        RenderBlock {P} at (0,252) size 83x20
          RenderText {#text} at (0,0) size 83x20
            text run at (0,0) width 83: "Hello Kitty 8"
        RenderBlock {P} at (0,288) size 83x20
          RenderText {#text} at (0,0) size 83x20
            text run at (0,0) width 83: "Hello Kitty 9"
      RenderBlock {H2} at (0,0) size 765x33
        RenderText {#text} at (390,0) size 262x33
          text run at (390,0) width 262: "What Needs To Be Done?"
    RenderBlock (floating) {DIV} at (390,52) size 82x412 [bgcolor=#808080]
      RenderBlock {P} at (0,16) size 82x20
        RenderText {#text} at (0,0) size 74x20
          text run at (0,0) width 74: "Hola hola 1"
      RenderBlock {P} at (0,52) size 82x20
        RenderText {#text} at (0,0) size 74x20
          text run at (0,0) width 74: "Hola hola 2"
      RenderBlock {P} at (0,88) size 82x20
        RenderText {#text} at (0,0) size 74x20
          text run at (0,0) width 74: "Hola hola 3"
      RenderBlock {P} at (0,124) size 82x20
        RenderText {#text} at (0,0) size 74x20
          text run at (0,0) width 74: "Hola hola 4"
      RenderBlock {P} at (0,160) size 82x20
        RenderText {#text} at (0,0) size 74x20
          text run at (0,0) width 74: "Hola hola 5"
      RenderBlock {P} at (0,196) size 82x20
        RenderText {#text} at (0,0) size 74x20
          text run at (0,0) width 74: "Hola hola 6"
      RenderBlock {P} at (0,232) size 82x20
        RenderText {#text} at (0,0) size 74x20
          text run at (0,0) width 74: "Hola hola 7"
      RenderBlock {P} at (0,268) size 82x20
        RenderText {#text} at (0,0) size 74x20
          text run at (0,0) width 74: "Hola hola 8"
      RenderBlock {P} at (0,304) size 82x20
        RenderText {#text} at (0,0) size 74x20
          text run at (0,0) width 74: "Hola hola 9"
      RenderBlock {P} at (0,340) size 82x20
        RenderText {#text} at (0,0) size 82x20
          text run at (0,0) width 82: "Hola hola 10"
      RenderBlock {P} at (0,376) size 82x20
        RenderText {#text} at (0,0) size 82x20
          text run at (0,0) width 82: "Hola hola 11"
    RenderBlock {DL} at (0,52) size 765x633
      RenderBlock {DT} at (0,0) size 765x20
        RenderText {#text} at (472,0) size 80x20
          text run at (472,0) width 80: "Report Bugs"
      RenderBlock {DD} at (40,36) size 725x300
        RenderBlock {P} at (0,0) size 725x300
          RenderText {#text} at (432,0) size 209x120
            text run at (432,0) width 189: "You've already downloaded a"
            text run at (432,20) width 209: "build. All you have to do is use it"
            text run at (432,40) width 17: "as "
            text run at (449,40) width 173: "your everyday browser and"
            text run at (432,60) width 153: "mail/news reader. If you"
            text run at (432,80) width 157: "downloaded a build with"
            text run at (432,100) width 67: "Talkback, "
          RenderInline {EM} at (0,0) size 102x20
            RenderText {#text} at (499,100) size 102x20
              text run at (499,100) width 44: "please "
              text run at (543,100) width 58: "turn it on"
          RenderText {#text} at (601,100) size 272x180
            text run at (601,100) width 39: " when"
            text run at (432,120) width 188: "it asks. Talkback reports give "
            text run at (620,120) width 14: "us"
            text run at (432,140) width 126: "really valuable data "
            text run at (558,140) width 59: "on which"
            text run at (432,160) width 205: "crashes are the most serious, and"
            text run at (432,180) width 32: "how "
            text run at (464,180) width 101: "often people are"
            text run at (432,200) width 86: "encountering "
            text run at (518,200) width 114: "them. And all you"
            text run at (432,220) width 164: "have to do is click \"OK\". "
            text run at (596,220) width 38: "If you"
            text run at (432,240) width 272: "find something you think is a bug, check to"
            text run at (432,260) width 132: "see if it's not already "
          RenderInline {A} at (0,0) size 83x20 [color=#0000EE]
            RenderText {#text} at (564,260) size 83x20
              text run at (564,260) width 83: "known about"
          RenderText {#text} at (647,260) size 277x40
            text run at (647,260) width 62: ", and then"
            text run at (432,280) width 43: "please "
            text run at (475,280) width 68: "follow the "
          RenderInline {A} at (0,0) size 165x20 [color=#0000EE]
            RenderText {#text} at (543,280) size 165x20
              text run at (543,280) width 165: "bug submission procedure"
          RenderText {#text} at (708,280) size 4x20
            text run at (708,280) width 4: "."
      RenderBlock (floating) {DIV} at (472,352) size 82x397 [bgcolor=#008000]
        RenderBlock {P} at (0,16) size 82x20
          RenderText {#text} at (0,0) size 74x20
            text run at (0,0) width 74: "Hola hola 1"
        RenderBlock {P} at (0,52) size 82x20
          RenderText {#text} at (0,0) size 74x20
            text run at (0,0) width 74: "Hola hola 2"
        RenderBlock {P} at (0,88) size 82x20
          RenderText {#text} at (0,0) size 74x20
            text run at (0,0) width 74: "Hola hola 3"
        RenderBlock {P} at (0,124) size 82x20
          RenderText {#text} at (0,0) size 74x20
            text run at (0,0) width 74: "Hola hola 4"
        RenderBlock {P} at (0,160) size 82x20
          RenderText {#text} at (0,0) size 74x20
            text run at (0,0) width 74: "Hola hola 5"
        RenderBlock {P} at (0,181) size 82x20
          RenderText {#text} at (0,0) size 74x20
            text run at (0,0) width 74: "Hola hola 6"
        RenderBlock {P} at (0,217) size 82x20
          RenderText {#text} at (0,0) size 74x20
            text run at (0,0) width 74: "Hola hola 7"
        RenderBlock {P} at (0,253) size 82x20
          RenderText {#text} at (0,0) size 74x20
            text run at (0,0) width 74: "Hola hola 8"
        RenderBlock {P} at (0,289) size 82x20
          RenderText {#text} at (0,0) size 74x20
            text run at (0,0) width 74: "Hola hola 9"
        RenderBlock {P} at (0,325) size 82x20
          RenderText {#text} at (0,0) size 82x20
            text run at (0,0) width 82: "Hola hola 10"
        RenderBlock {P} at (0,361) size 82x20
          RenderText {#text} at (0,0) size 82x20
            text run at (0,0) width 82: "Hola hola 11"
      RenderBlock {DT} at (0,352) size 765x20
        RenderText {#text} at (554,0) size 117x20
          text run at (554,0) width 117: "Quality Assurance"
      RenderBlock {DD} at (40,388) size 725x245
        RenderBlock {P} at (0,0) size 725x245
          RenderInline {A} at (0,0) size 76x20 [color=#0000EE]
            RenderText {#text} at (514,0) size 76x20
              text run at (514,0) width 76: "Mozilla QA"
          RenderText {#text} at (590,0) size 40x20
            text run at (590,0) width 4: " "
            text run at (594,0) width 36: "has a "
          RenderInline {A} at (0,0) size 30x20 [color=#0000EE]
            RenderText {#text} at (630,0) size 30x20
              text run at (630,0) width 30: "page"
          RenderText {#text} at (660,0) size 210x225
            text run at (660,0) width 4: " "
            text run at (664,0) width 60: "dedicated"
            text run at (514,20) width 179: "to ways to get involved with"
            text run at (514,40) width 182: "helping. This doesn't involve"
            text run at (514,60) width 201: "knowing how to code, although"
            text run at (514,80) width 193: "a little knowledge of HTML is"
            text run at (514,100) width 94: "helpful. Being "
            text run at (608,100) width 115: "involved with QA"
            text run at (514,120) width 14: "is "
            text run at (528,120) width 194: "good for people wanting to get"
            text run at (514,145) width 120: "more familiar with "
            text run at (634,145) width 79: "Mozilla, and"
            text run at (514,165) width 189: "there's a strong community. A"
            text run at (514,185) width 177: "particularly good way to get"
            text run at (514,205) width 59: "involved "
            text run at (573,205) width 77: "is to join the"
          RenderInline {A} at (0,0) size 73x20 [color=#0000EE]
            RenderText {#text} at (514,225) size 73x20
              text run at (514,225) width 73: "BugAThon"
          RenderText {#text} at (587,225) size 4x20
            text run at (587,225) width 4: "."
