layer at (0,0) size 1282x676
  RenderView at (0,0) size 781x581
layer at (0,0) size 1282x676
  RenderBlock {HTML} at (0,0) size 781x676
    RenderBody {BODY} at (8,8) size 765x660
      RenderBlock (anonymous) at (0,0) size 765x20
        RenderText {#text} at (0,0) size 89x20
          text run at (0,0) width 89: "LTR Version:"
      RenderBlock (anonymous) at (0,330) size 765x20
        RenderText {#text} at (0,0) size 89x20
          text run at (0,0) width 89: "RTL Version:"
layer at (8,28) size 1274x310
  RenderBlock {DIV} at (0,20) size 765x310 [border: (5px solid #800000)]
    RenderBlock (anonymous) at (5,5) size 241x260
      RenderText {#text} at (0,0) size 106x20
        text run at (0,0) width 106: "This is some text"
      RenderBR {BR} at (106,15) size 0x0
      RenderText {#text} at (0,20) size 106x20
        text run at (0,20) width 106: "This is some text"
      RenderBR {BR} at (106,35) size 0x0
      RenderText {#text} at (0,40) size 106x20
        text run at (0,40) width 106: "This is some text"
      RenderBR {BR} at (106,55) size 0x0
      RenderText {#text} at (0,60) size 106x20
        text run at (0,60) width 106: "This is some text"
      RenderBR {BR} at (106,75) size 0x0
      RenderText {#text} at (0,80) size 106x20
        text run at (0,80) width 106: "This is some text"
      RenderBR {BR} at (106,95) size 0x0
      RenderText {#text} at (0,100) size 106x20
        text run at (0,100) width 106: "This is some text"
      RenderBR {BR} at (106,115) size 0x0
      RenderText {#text} at (0,120) size 106x20
        text run at (0,120) width 106: "This is some text"
      RenderBR {BR} at (106,135) size 0x0
      RenderText {#text} at (0,140) size 106x20
        text run at (0,140) width 106: "This is some text"
      RenderBR {BR} at (106,155) size 0x0
      RenderText {#text} at (0,160) size 106x20
        text run at (0,160) width 106: "This is some text"
      RenderBR {BR} at (106,175) size 0x0
      RenderText {#text} at (0,180) size 106x20
        text run at (0,180) width 106: "This is some text"
      RenderBR {BR} at (106,195) size 0x0
      RenderText {#text} at (0,200) size 106x20
        text run at (0,200) width 106: "This is some text"
      RenderBR {BR} at (106,215) size 0x0
      RenderText {#text} at (0,220) size 106x20
        text run at (0,220) width 106: "This is some text"
      RenderBR {BR} at (106,235) size 0x0
      RenderText {#text} at (0,240) size 106x20
        text run at (0,240) width 106: "This is some text"
      RenderBR {BR} at (106,255) size 0x0
    RenderBlock {DIV} at (5,265) size 241x270
      RenderText {#text} at (0,0) size 0x0
    RenderBlock (anonymous) at (5,535) size 241x570
      RenderText {#text} at (0,0) size 106x20
        text run at (0,0) width 106: "This is some text"
      RenderBR {BR} at (106,15) size 0x0
      RenderText {#text} at (0,20) size 106x20
        text run at (0,20) width 106: "This is some text"
      RenderBR {BR} at (106,35) size 0x0
      RenderText {#text} at (0,40) size 106x20
        text run at (0,40) width 106: "This is some text"
      RenderBR {BR} at (106,55) size 0x0
      RenderText {#text} at (0,70) size 106x20
        text run at (0,70) width 106: "This is some text"
      RenderBR {BR} at (106,85) size 0x0
      RenderText {#text} at (0,90) size 106x20
        text run at (0,90) width 106: "This is some text"
      RenderBR {BR} at (106,105) size 0x0
      RenderText {#text} at (0,110) size 106x20
        text run at (0,110) width 106: "This is some text"
      RenderBR {BR} at (106,125) size 0x0
      RenderText {#text} at (0,130) size 106x20
        text run at (0,130) width 106: "This is some text"
      RenderBR {BR} at (106,145) size 0x0
      RenderText {#text} at (0,150) size 106x20
        text run at (0,150) width 106: "This is some text"
      RenderBR {BR} at (106,165) size 0x0
      RenderText {#text} at (0,170) size 106x20
        text run at (0,170) width 106: "This is some text"
      RenderBR {BR} at (106,185) size 0x0
      RenderText {#text} at (0,190) size 106x20
        text run at (0,190) width 106: "This is some text"
      RenderBR {BR} at (106,205) size 0x0
      RenderText {#text} at (0,210) size 106x20
        text run at (0,210) width 106: "This is some text"
      RenderBR {BR} at (106,225) size 0x0
      RenderText {#text} at (0,230) size 106x20
        text run at (0,230) width 106: "This is some text"
      RenderBR {BR} at (106,245) size 0x0
      RenderText {#text} at (0,250) size 106x20
        text run at (0,250) width 106: "This is some text"
      RenderBR {BR} at (106,265) size 0x0
      RenderText {#text} at (0,270) size 106x20
        text run at (0,270) width 106: "This is some text"
      RenderBR {BR} at (106,285) size 0x0
      RenderText {#text} at (0,290) size 106x20
        text run at (0,290) width 106: "This is some text"
      RenderBR {BR} at (106,305) size 0x0
      RenderText {#text} at (0,310) size 106x20
        text run at (0,310) width 106: "This is some text"
      RenderBR {BR} at (106,325) size 0x0
      RenderText {#text} at (0,330) size 106x20
        text run at (0,330) width 106: "This is some text"
      RenderBR {BR} at (106,345) size 0x0
      RenderText {#text} at (0,350) size 106x20
        text run at (0,350) width 106: "This is some text"
      RenderBR {BR} at (106,365) size 0x0
      RenderText {#text} at (0,370) size 106x20
        text run at (0,370) width 106: "This is some text"
      RenderBR {BR} at (106,385) size 0x0
      RenderText {#text} at (0,390) size 106x20
        text run at (0,390) width 106: "This is some text"
      RenderBR {BR} at (106,405) size 0x0
      RenderText {#text} at (0,410) size 106x20
        text run at (0,410) width 106: "This is some text"
      RenderBR {BR} at (106,425) size 0x0
      RenderText {#text} at (0,430) size 106x20
        text run at (0,430) width 106: "This is some text"
      RenderBR {BR} at (106,445) size 0x0
      RenderText {#text} at (0,450) size 106x20
        text run at (0,450) width 106: "This is some text"
      RenderBR {BR} at (106,465) size 0x0
      RenderText {#text} at (0,470) size 106x20
        text run at (0,470) width 106: "This is some text"
      RenderBR {BR} at (106,485) size 0x0
      RenderText {#text} at (0,490) size 106x20
        text run at (0,490) width 106: "This is some text"
      RenderBR {BR} at (106,505) size 0x0
      RenderText {#text} at (0,510) size 106x20
        text run at (0,510) width 106: "This is some text"
      RenderBR {BR} at (106,525) size 0x0
      RenderText {#text} at (0,530) size 106x20
        text run at (0,530) width 106: "This is some text"
      RenderBR {BR} at (106,545) size 0x0
      RenderText {#text} at (0,0) size 0x0
    RenderBlock (anonymous) at (5,1125) size 241x280
      RenderText {#text} at (0,0) size 106x20
        text run at (0,0) width 106: "This is some text"
      RenderBR {BR} at (106,15) size 0x0
      RenderText {#text} at (0,20) size 106x20
        text run at (0,20) width 106: "This is some text"
      RenderBR {BR} at (106,35) size 0x0
      RenderText {#text} at (0,40) size 106x20
        text run at (0,40) width 106: "This is some text"
      RenderBR {BR} at (106,55) size 0x0
      RenderText {#text} at (0,60) size 106x20
        text run at (0,60) width 106: "This is some text"
      RenderBR {BR} at (106,75) size 0x0
      RenderText {#text} at (0,80) size 106x20
        text run at (0,80) width 106: "This is some text"
      RenderBR {BR} at (106,95) size 0x0
      RenderText {#text} at (0,100) size 106x20
        text run at (0,100) width 106: "This is some text"
      RenderBR {BR} at (106,115) size 0x0
      RenderText {#text} at (0,120) size 106x20
        text run at (0,120) width 106: "This is some text"
      RenderBR {BR} at (106,135) size 0x0
      RenderText {#text} at (0,140) size 106x20
        text run at (0,140) width 106: "This is some text"
      RenderBR {BR} at (106,155) size 0x0
      RenderText {#text} at (0,160) size 106x20
        text run at (0,160) width 106: "This is some text"
      RenderBR {BR} at (106,175) size 0x0
      RenderText {#text} at (0,180) size 106x20
        text run at (0,180) width 106: "This is some text"
      RenderBR {BR} at (106,195) size 0x0
      RenderText {#text} at (0,200) size 106x20
        text run at (0,200) width 106: "This is some text"
      RenderBR {BR} at (106,215) size 0x0
      RenderText {#text} at (0,220) size 106x20
        text run at (0,220) width 106: "This is some text"
      RenderBR {BR} at (106,235) size 0x0
      RenderText {#text} at (0,240) size 106x20
        text run at (0,240) width 106: "This is some text"
      RenderBR {BR} at (106,255) size 0x0
      RenderText {#text} at (0,260) size 106x20
        text run at (0,260) width 106: "This is some text"
      RenderBR {BR} at (106,275) size 0x0
layer at (8,358) size 765x310
  RenderBlock {DIV} at (0,350) size 765x310 [border: (5px solid #800000)]
    RenderBlock (anonymous) at (5,5) size 241x260
      RenderText {#text} at (135,0) size 106x20
        text run at (135,0) width 106: "This is some text"
      RenderBR {BR} at (135,15) size 0x0
      RenderText {#text} at (135,20) size 106x20
        text run at (135,20) width 106: "This is some text"
      RenderBR {BR} at (135,35) size 0x0
      RenderText {#text} at (135,40) size 106x20
        text run at (135,40) width 106: "This is some text"
      RenderBR {BR} at (135,55) size 0x0
      RenderText {#text} at (135,60) size 106x20
        text run at (135,60) width 106: "This is some text"
      RenderBR {BR} at (135,75) size 0x0
      RenderText {#text} at (135,80) size 106x20
        text run at (135,80) width 106: "This is some text"
      RenderBR {BR} at (135,95) size 0x0
      RenderText {#text} at (135,100) size 106x20
        text run at (135,100) width 106: "This is some text"
      RenderBR {BR} at (135,115) size 0x0
      RenderText {#text} at (135,120) size 106x20
        text run at (135,120) width 106: "This is some text"
      RenderBR {BR} at (135,135) size 0x0
      RenderText {#text} at (135,140) size 106x20
        text run at (135,140) width 106: "This is some text"
      RenderBR {BR} at (135,155) size 0x0
      RenderText {#text} at (135,160) size 106x20
        text run at (135,160) width 106: "This is some text"
      RenderBR {BR} at (135,175) size 0x0
      RenderText {#text} at (135,180) size 106x20
        text run at (135,180) width 106: "This is some text"
      RenderBR {BR} at (135,195) size 0x0
      RenderText {#text} at (135,200) size 106x20
        text run at (135,200) width 106: "This is some text"
      RenderBR {BR} at (135,215) size 0x0
      RenderText {#text} at (135,220) size 106x20
        text run at (135,220) width 106: "This is some text"
      RenderBR {BR} at (135,235) size 0x0
      RenderText {#text} at (135,240) size 106x20
        text run at (135,240) width 106: "This is some text"
      RenderBR {BR} at (135,255) size 0x0
    RenderBlock {DIV} at (5,265) size 241x270
      RenderText {#text} at (0,0) size 0x0
    RenderBlock (anonymous) at (5,535) size 241x570
      RenderText {#text} at (135,0) size 106x20
        text run at (135,0) width 106: "This is some text"
      RenderBR {BR} at (135,15) size 0x0
      RenderText {#text} at (135,20) size 106x20
        text run at (135,20) width 106: "This is some text"
      RenderBR {BR} at (135,35) size 0x0
      RenderText {#text} at (135,40) size 106x20
        text run at (135,40) width 106: "This is some text"
      RenderBR {BR} at (135,55) size 0x0
      RenderText {#text} at (135,70) size 106x20
        text run at (135,70) width 106: "This is some text"
      RenderBR {BR} at (135,85) size 0x0
      RenderText {#text} at (135,90) size 106x20
        text run at (135,90) width 106: "This is some text"
      RenderBR {BR} at (135,105) size 0x0
      RenderText {#text} at (135,110) size 106x20
        text run at (135,110) width 106: "This is some text"
      RenderBR {BR} at (135,125) size 0x0
      RenderText {#text} at (135,130) size 106x20
        text run at (135,130) width 106: "This is some text"
      RenderBR {BR} at (135,145) size 0x0
      RenderText {#text} at (135,150) size 106x20
        text run at (135,150) width 106: "This is some text"
      RenderBR {BR} at (135,165) size 0x0
      RenderText {#text} at (135,170) size 106x20
        text run at (135,170) width 106: "This is some text"
      RenderBR {BR} at (135,185) size 0x0
      RenderText {#text} at (135,190) size 106x20
        text run at (135,190) width 106: "This is some text"
      RenderBR {BR} at (135,205) size 0x0
      RenderText {#text} at (135,210) size 106x20
        text run at (135,210) width 106: "This is some text"
      RenderBR {BR} at (135,225) size 0x0
      RenderText {#text} at (135,230) size 106x20
        text run at (135,230) width 106: "This is some text"
      RenderBR {BR} at (135,245) size 0x0
      RenderText {#text} at (135,250) size 106x20
        text run at (135,250) width 106: "This is some text"
      RenderBR {BR} at (135,265) size 0x0
      RenderText {#text} at (135,270) size 106x20
        text run at (135,270) width 106: "This is some text"
      RenderBR {BR} at (135,285) size 0x0
      RenderText {#text} at (135,290) size 106x20
        text run at (135,290) width 106: "This is some text"
      RenderBR {BR} at (135,305) size 0x0
      RenderText {#text} at (135,310) size 106x20
        text run at (135,310) width 106: "This is some text"
      RenderBR {BR} at (135,325) size 0x0
      RenderText {#text} at (135,330) size 106x20
        text run at (135,330) width 106: "This is some text"
      RenderBR {BR} at (135,345) size 0x0
      RenderText {#text} at (135,350) size 106x20
        text run at (135,350) width 106: "This is some text"
      RenderBR {BR} at (135,365) size 0x0
      RenderText {#text} at (135,370) size 106x20
        text run at (135,370) width 106: "This is some text"
      RenderBR {BR} at (135,385) size 0x0
      RenderText {#text} at (135,390) size 106x20
        text run at (135,390) width 106: "This is some text"
      RenderBR {BR} at (135,405) size 0x0
      RenderText {#text} at (135,410) size 106x20
        text run at (135,410) width 106: "This is some text"
      RenderBR {BR} at (135,425) size 0x0
      RenderText {#text} at (135,430) size 106x20
        text run at (135,430) width 106: "This is some text"
      RenderBR {BR} at (135,445) size 0x0
      RenderText {#text} at (135,450) size 106x20
        text run at (135,450) width 106: "This is some text"
      RenderBR {BR} at (135,465) size 0x0
      RenderText {#text} at (135,470) size 106x20
        text run at (135,470) width 106: "This is some text"
      RenderBR {BR} at (135,485) size 0x0
      RenderText {#text} at (135,490) size 106x20
        text run at (135,490) width 106: "This is some text"
      RenderBR {BR} at (135,505) size 0x0
      RenderText {#text} at (135,510) size 106x20
        text run at (135,510) width 106: "This is some text"
      RenderBR {BR} at (135,525) size 0x0
      RenderText {#text} at (135,530) size 106x20
        text run at (135,530) width 106: "This is some text"
      RenderBR {BR} at (135,545) size 0x0
      RenderText {#text} at (0,0) size 0x0
    RenderBlock (anonymous) at (5,1125) size 241x280
      RenderText {#text} at (135,0) size 106x20
        text run at (135,0) width 106: "This is some text"
      RenderBR {BR} at (135,15) size 0x0
      RenderText {#text} at (135,20) size 106x20
        text run at (135,20) width 106: "This is some text"
      RenderBR {BR} at (135,35) size 0x0
      RenderText {#text} at (135,40) size 106x20
        text run at (135,40) width 106: "This is some text"
      RenderBR {BR} at (135,55) size 0x0
      RenderText {#text} at (135,60) size 106x20
        text run at (135,60) width 106: "This is some text"
      RenderBR {BR} at (135,75) size 0x0
      RenderText {#text} at (135,80) size 106x20
        text run at (135,80) width 106: "This is some text"
      RenderBR {BR} at (135,95) size 0x0
      RenderText {#text} at (135,100) size 106x20
        text run at (135,100) width 106: "This is some text"
      RenderBR {BR} at (135,115) size 0x0
      RenderText {#text} at (135,120) size 106x20
        text run at (135,120) width 106: "This is some text"
      RenderBR {BR} at (135,135) size 0x0
      RenderText {#text} at (135,140) size 106x20
        text run at (135,140) width 106: "This is some text"
      RenderBR {BR} at (135,155) size 0x0
      RenderText {#text} at (135,160) size 106x20
        text run at (135,160) width 106: "This is some text"
      RenderBR {BR} at (135,175) size 0x0
      RenderText {#text} at (135,180) size 106x20
        text run at (135,180) width 106: "This is some text"
      RenderBR {BR} at (135,195) size 0x0
      RenderText {#text} at (135,200) size 106x20
        text run at (135,200) width 106: "This is some text"
      RenderBR {BR} at (135,215) size 0x0
      RenderText {#text} at (135,220) size 106x20
        text run at (135,220) width 106: "This is some text"
      RenderBR {BR} at (135,235) size 0x0
      RenderText {#text} at (135,240) size 106x20
        text run at (135,240) width 106: "This is some text"
      RenderBR {BR} at (135,255) size 0x0
      RenderText {#text} at (135,260) size 106x20
        text run at (135,260) width 106: "This is some text"
      RenderBR {BR} at (135,275) size 0x0
layer at (13,293) size 100x270
  RenderBlock (relative positioned) {DIV} at (0,0) size 100x270 [bgcolor=#008000]
layer at (154,623) size 100x270 backgroundClip at (0,0) size 1282x676 clip at (0,0) size 1282x676 outlineClip at (0,0) size 1282x676
  RenderBlock (relative positioned) {DIV} at (141,0) size 100x270 [bgcolor=#008000]
