layer at (0,0) size 800x600
  RenderView at (0,0) size 800x600
layer at (0,0) size 800x600
  RenderBlock {HTML} at (0,0) size 800x600
    RenderBody {BODY} at (8,8) size 784x584
      RenderBlock (anonymous) at (0,0) size 784x80
        RenderText {#text} at (0,0) size 768x80
          text run at (0,0) width 427: "This is capturing current behavior, but it's not clear that it is correct. "
          text run at (427,0) width 291: "It's not clear if max-height on a columns block"
          text run at (0,20) width 291: "constitutes a constraint on the columns or not. "
          text run at (291,20) width 477: "You obviously begin trying to balance, but only run into the constraint once"
          text run at (0,40) width 290: "the balanced columns exceed the max-height. "
          text run at (290,40) width 325: "It's not clear that you should suddenly shift to a fill. "
          text run at (615,40) width 132: "Our current behavior"
          text run at (0,60) width 512: "(which matches Firefox) is to just overflow without changing from balance to fill."
layer at (8,88) size 404x64
  RenderBlock {DIV} at (0,80) size 404x64 [border: (2px solid #000000)]
    RenderText {#text} at (2,2) size 51x120
      text run at (2,2) width 43: "This"
      text run at (2,32) width 16: "is"
      text run at (2,62) width 51: "some"
      text run at (2,92) width 37: "text"
    RenderBR {BR} at (39,115) size 0x0
    RenderText {#text} at (2,122) size 51x120
      text run at (2,122) width 43: "This"
      text run at (2,152) width 16: "is"
      text run at (2,182) width 51: "some"
      text run at (2,212) width 37: "text"
    RenderBR {BR} at (39,235) size 0x0
    RenderText {#text} at (2,242) size 51x120
      text run at (2,242) width 43: "This"
      text run at (2,272) width 16: "is"
      text run at (2,302) width 51: "some"
      text run at (2,332) width 37: "text"
    RenderBR {BR} at (39,355) size 0x0
    RenderText {#text} at (2,362) size 51x120
      text run at (2,362) width 43: "This"
      text run at (2,392) width 16: "is"
      text run at (2,422) width 51: "some"
      text run at (2,452) width 37: "text"
    RenderBR {BR} at (39,475) size 0x0
    RenderText {#text} at (2,482) size 51x120
      text run at (2,482) width 43: "This"
      text run at (2,512) width 16: "is"
      text run at (2,542) width 51: "some"
      text run at (2,572) width 37: "text"
    RenderBR {BR} at (39,595) size 0x0
