layer at (0,0) size 1141x600
  RenderView at (0,0) size 800x600
layer at (0,0) size 1141x600
  RenderBlock {HTML} at (0,0) size 800x600
layer at (8,8) size 1133x500
  RenderBody {BODY} at (8,8) size 750x500
    RenderBlock {H1} at (0,0) size 367x42
      RenderText {#text} at (0,0) size 166x42
        text run at (0,0) width 166: "Header One"
    RenderBlock (anonymous) at (0,63) size 367x220
      RenderText {#text} at (0,0) size 362x220
        text run at (0,0) width 354: "Lorem ipsum dolor sit amet, consectetuer adipiscing elit."
        text run at (0,20) width 351: "Nulla varius enim ac mi. Curabitur sollicitudin felis quis"
        text run at (0,40) width 325: "lectus. Quisque adipiscing rhoncus sem. Proin nulla"
        text run at (0,60) width 358: "purus, vulputate vel, varius ut, euismod et, nisi. Sed vitae"
        text run at (0,80) width 343: "felis vel orci sagittis aliquam. Cras convallis adipiscing"
        text run at (0,100) width 340: "sem. Nam nonummy enim. Nullam bibendum lobortis"
        text run at (0,120) width 344: "neque. Vestibulum velit orci, tempus euismod, pretium"
        text run at (0,140) width 343: "quis, interdum vitae, nulla. Phasellus eget ante et tortor"
        text run at (0,160) width 343: "condimentum vestibulum. Suspendisse hendrerit quam"
        text run at (0,180) width 362: "nec felis. Sed varius turpis vitae pede. Lorem ipsum dolor"
        text run at (0,200) width 229: "sit amet, consectetuer adipiscing elit."
    RenderBlock {H1} at (0,304) size 367x42
      RenderText {#text} at (0,0) size 169x42
        text run at (0,0) width 169: "Header Two"
    RenderBlock (anonymous) at (0,367) size 367x220
      RenderText {#text} at (0,0) size 362x220
        text run at (0,0) width 354: "Lorem ipsum dolor sit amet, consectetuer adipiscing elit."
        text run at (0,20) width 351: "Nulla varius enim ac mi. Curabitur sollicitudin felis quis"
        text run at (0,40) width 325: "lectus. Quisque adipiscing rhoncus sem. Proin nulla"
        text run at (0,60) width 358: "purus, vulputate vel, varius ut, euismod et, nisi. Sed vitae"
        text run at (0,80) width 343: "felis vel orci sagittis aliquam. Cras convallis adipiscing"
        text run at (0,100) width 340: "sem. Nam nonummy enim. Nullam bibendum lobortis"
        text run at (0,120) width 344: "neque. Vestibulum velit orci, tempus euismod, pretium"
        text run at (0,140) width 343: "quis, interdum vitae, nulla. Phasellus eget ante et tortor"
        text run at (0,160) width 343: "condimentum vestibulum. Suspendisse hendrerit quam"
        text run at (0,180) width 362: "nec felis. Sed varius turpis vitae pede. Lorem ipsum dolor"
        text run at (0,200) width 229: "sit amet, consectetuer adipiscing elit."
    RenderBlock {H1} at (0,608) size 367x42
      RenderText {#text} at (0,0) size 190x42
        text run at (0,0) width 190: "Header Three"
    RenderBlock {H1} at (0,932) size 367x42
      RenderText {#text} at (0,0) size 177x42
        text run at (0,0) width 177: "Header Four"
    RenderBlock (anonymous) at (0,995) size 367x40
      RenderText {#text} at (0,0) size 354x40
        text run at (0,0) width 354: "Lorem ipsum dolor sit amet, consectetuer adipiscing elit."
        text run at (0,20) width 154: "Nulla varius enim ac mi."
      RenderText {#text} at (0,0) size 0x0
      RenderText {#text} at (0,0) size 0x0
layer at (391,192) size 367x240
  RenderBlock {DIV} at (0,671) size 367x240
    RenderText {#text} at (0,0) size 175x440
      text run at (0,0) width 139: "Lorem ipsum dolor sit"
      text run at (0,20) width 116: "amet, consectetuer"
      text run at (0,40) width 172: "adipiscing elit. Nulla varius"
      text run at (0,60) width 137: "enim ac mi. Curabitur"
      text run at (0,80) width 173: "sollicitudin felis quis lectus."
      text run at (0,100) width 175: "Quisque adipiscing rhoncus"
      text run at (0,120) width 145: "sem. Proin nulla purus,"
      text run at (0,140) width 147: "vulputate vel, varius ut,"
      text run at (0,160) width 164: "euismod et, nisi. Sed vitae"
      text run at (0,180) width 124: "felis vel orci sagittis"
      text run at (0,200) width 147: "aliquam. Cras convallis"
      text run at (0,220) width 132: "adipiscing sem. Nam"
      text run at (0,240) width 154: "nonummy enim. Nullam"
      text run at (0,260) width 160: "bibendum lobortis neque."
      text run at (0,280) width 136: "Vestibulum velit orci,"
      text run at (0,300) width 158: "tempus euismod, pretium"
      text run at (0,320) width 167: "quis, interdum vitae, nulla."
      text run at (0,340) width 172: "Phasellus eget ante et tortor"
      text run at (0,360) width 163: "condimentum vestibulum."
      text run at (0,380) width 137: "Suspendisse hendrerit"
      text run at (0,400) width 165: "quam nec felis. Sed varius"
      text run at (0,420) width 111: "turpis vitae pede. "
    RenderText {#text} at (0,0) size 0x0
layer at (582,-48) size 173x60 backgroundClip at (0,0) size 1141x600 clip at (0,0) size 1141x600 outlineClip at (0,0) size 1141x600
  RenderInline (relative positioned) {SPAN} at (0,0) size 173x60
    RenderText {#text} at (111,420) size 173x60
      text run at (111,420) width 42: "Lorem"
      text run at (0,440) width 131: "ipsum dolor sit amet,"
      text run at (0,460) width 173: "consectetuer adipiscing elit."
