layer at (0,0) size 1942x1010
  RenderView at (0,0) size 781x581
layer at (0,0) size 1942x1010
  RenderBlock {HTML} at (0,0) size 781x1010
    RenderBody {BODY} at (8,8) size 765x994
      RenderBlock {HR} at (0,358) size 765x2 [border: (1px inset #000000)]
      RenderBlock {HR} at (0,676) size 765x2 [border: (1px inset #000000)]
layer at (8,8) size 1544x350
  RenderBlock {DIV} at (0,0) size 765x350
    RenderTable {TABLE} at (0,0) size 374x1302 [border: (1px outset #808080)]
      RenderTableSection {TBODY} at (1,1) size 372x1300
        RenderTableRow {TR} at (0,0) size 372x1300
          RenderTableCell {TD} at (0,45) size 139x1255 [border: (1px inset #808080)] [r=0 c=0 rs=1 cs=1]
            RenderText {#text} at (11,11) size 105x40
              text run at (11,11) width 105: "This cell has lots"
              text run at (11,31) width 44: "of text."
            RenderBR {BR} at (55,46) size 0x0
            RenderText {#text} at (11,51) size 105x40
              text run at (11,51) width 105: "This cell has lots"
              text run at (11,71) width 44: "of text."
            RenderBR {BR} at (55,86) size 0x0
            RenderText {#text} at (11,91) size 105x40
              text run at (11,91) width 105: "This cell has lots"
              text run at (11,111) width 44: "of text."
            RenderBR {BR} at (55,126) size 0x0
            RenderText {#text} at (11,131) size 105x40
              text run at (11,131) width 105: "This cell has lots"
              text run at (11,151) width 44: "of text."
            RenderBR {BR} at (55,166) size 0x0
            RenderText {#text} at (11,171) size 105x40
              text run at (11,171) width 105: "This cell has lots"
              text run at (11,191) width 44: "of text."
            RenderBR {BR} at (55,206) size 0x0
            RenderText {#text} at (11,211) size 105x40
              text run at (11,211) width 105: "This cell has lots"
              text run at (11,231) width 44: "of text."
            RenderBR {BR} at (55,246) size 0x0
            RenderText {#text} at (11,251) size 105x40
              text run at (11,251) width 105: "This cell has lots"
              text run at (11,271) width 44: "of text."
            RenderBR {BR} at (55,286) size 0x0
            RenderText {#text} at (11,304) size 105x40
              text run at (11,304) width 105: "This cell has lots"
              text run at (11,324) width 44: "of text."
            RenderBR {BR} at (55,339) size 0x0
            RenderText {#text} at (11,344) size 105x40
              text run at (11,344) width 105: "This cell has lots"
              text run at (11,364) width 44: "of text."
            RenderBR {BR} at (55,379) size 0x0
            RenderText {#text} at (11,384) size 105x40
              text run at (11,384) width 105: "This cell has lots"
              text run at (11,404) width 44: "of text."
            RenderBR {BR} at (55,419) size 0x0
            RenderText {#text} at (11,424) size 105x40
              text run at (11,424) width 105: "This cell has lots"
              text run at (11,444) width 44: "of text."
            RenderBR {BR} at (55,459) size 0x0
            RenderText {#text} at (11,464) size 105x40
              text run at (11,464) width 105: "This cell has lots"
              text run at (11,484) width 44: "of text."
            RenderBR {BR} at (55,499) size 0x0
            RenderText {#text} at (11,504) size 105x40
              text run at (11,504) width 105: "This cell has lots"
              text run at (11,524) width 44: "of text."
            RenderBR {BR} at (55,539) size 0x0
            RenderText {#text} at (11,544) size 105x40
              text run at (11,544) width 105: "This cell has lots"
              text run at (11,564) width 44: "of text."
            RenderBR {BR} at (55,579) size 0x0
            RenderText {#text} at (11,584) size 105x40
              text run at (11,584) width 105: "This cell has lots"
              text run at (11,604) width 44: "of text."
            RenderBR {BR} at (55,619) size 0x0
            RenderText {#text} at (11,624) size 105x50
              text run at (11,624) width 105: "This cell has lots"
              text run at (11,654) width 44: "of text."
            RenderBR {BR} at (55,669) size 0x0
            RenderText {#text} at (11,674) size 105x40
              text run at (11,674) width 105: "This cell has lots"
              text run at (11,694) width 44: "of text."
            RenderBR {BR} at (55,709) size 0x0
            RenderText {#text} at (11,714) size 105x40
              text run at (11,714) width 105: "This cell has lots"
              text run at (11,734) width 44: "of text."
            RenderBR {BR} at (55,749) size 0x0
            RenderText {#text} at (11,754) size 105x40
              text run at (11,754) width 105: "This cell has lots"
              text run at (11,774) width 44: "of text."
            RenderBR {BR} at (55,789) size 0x0
            RenderText {#text} at (11,794) size 105x40
              text run at (11,794) width 105: "This cell has lots"
              text run at (11,814) width 44: "of text."
            RenderBR {BR} at (55,829) size 0x0
            RenderText {#text} at (11,834) size 105x40
              text run at (11,834) width 105: "This cell has lots"
              text run at (11,854) width 44: "of text."
            RenderBR {BR} at (55,869) size 0x0
            RenderText {#text} at (11,874) size 105x40
              text run at (11,874) width 105: "This cell has lots"
              text run at (11,894) width 44: "of text."
            RenderBR {BR} at (55,909) size 0x0
            RenderText {#text} at (11,914) size 105x40
              text run at (11,914) width 105: "This cell has lots"
              text run at (11,934) width 44: "of text."
            RenderBR {BR} at (55,949) size 0x0
            RenderText {#text} at (11,954) size 105x40
              text run at (11,954) width 105: "This cell has lots"
              text run at (11,974) width 44: "of text."
            RenderBR {BR} at (55,989) size 0x0
            RenderText {#text} at (11,1004) size 105x40
              text run at (11,1004) width 105: "This cell has lots"
              text run at (11,1024) width 44: "of text."
            RenderBR {BR} at (55,1039) size 0x0
            RenderText {#text} at (11,1044) size 105x40
              text run at (11,1044) width 105: "This cell has lots"
              text run at (11,1064) width 44: "of text."
            RenderBR {BR} at (55,1079) size 0x0
            RenderText {#text} at (11,1084) size 105x40
              text run at (11,1084) width 105: "This cell has lots"
              text run at (11,1104) width 44: "of text."
            RenderBR {BR} at (55,1119) size 0x0
            RenderText {#text} at (11,1124) size 105x40
              text run at (11,1124) width 105: "This cell has lots"
              text run at (11,1144) width 44: "of text."
            RenderBR {BR} at (55,1159) size 0x0
            RenderText {#text} at (11,1164) size 105x40
              text run at (11,1164) width 105: "This cell has lots"
              text run at (11,1184) width 44: "of text."
            RenderBR {BR} at (55,1199) size 0x0
            RenderText {#text} at (11,1204) size 105x40
              text run at (11,1204) width 105: "This cell has lots"
              text run at (11,1224) width 44: "of text."
            RenderBR {BR} at (55,1239) size 0x0
          RenderTableCell {TD} at (139,0) size 233x178 [border: (1px inset #808080)] [r=0 c=1 rs=1 cs=1]
            RenderInline {SPAN} at (0,0) size 145x156
              RenderText {#text} at (11,11) size 145x156
                text run at (11,11) width 145: "Other"
                text run at (11,89) width 108: "cell."
layer at (8,376) size 1934x300
  RenderBlock {DIV} at (0,368) size 765x300
    RenderTable {TABLE} at (0,0) size 374x1232 [border: (1px outset #808080)]
      RenderTableSection {TBODY} at (1,1) size 372x1230
        RenderTableRow {TR} at (0,0) size 372x1230
          RenderTableCell {TD} at (0,0) size 139x1230 [border: (1px inset #808080)] [r=0 c=0 rs=1 cs=1]
            RenderText {#text} at (11,11) size 105x40
              text run at (11,11) width 105: "This cell has lots"
              text run at (11,31) width 44: "of text."
            RenderBR {BR} at (55,46) size 0x0
            RenderText {#text} at (11,51) size 105x40
              text run at (11,51) width 105: "This cell has lots"
              text run at (11,71) width 44: "of text."
            RenderBR {BR} at (55,86) size 0x0
            RenderText {#text} at (11,91) size 105x40
              text run at (11,91) width 105: "This cell has lots"
              text run at (11,111) width 44: "of text."
            RenderBR {BR} at (55,126) size 0x0
            RenderText {#text} at (11,131) size 105x40
              text run at (11,131) width 105: "This cell has lots"
              text run at (11,151) width 44: "of text."
            RenderBR {BR} at (55,166) size 0x0
            RenderText {#text} at (11,171) size 105x40
              text run at (11,171) width 105: "This cell has lots"
              text run at (11,191) width 44: "of text."
            RenderBR {BR} at (55,206) size 0x0
            RenderText {#text} at (11,211) size 105x40
              text run at (11,211) width 105: "This cell has lots"
              text run at (11,231) width 44: "of text."
            RenderBR {BR} at (55,246) size 0x0
            RenderText {#text} at (11,251) size 105x40
              text run at (11,251) width 105: "This cell has lots"
              text run at (11,271) width 44: "of text."
            RenderBR {BR} at (55,286) size 0x0
            RenderText {#text} at (11,299) size 105x40
              text run at (11,299) width 105: "This cell has lots"
              text run at (11,319) width 44: "of text."
            RenderBR {BR} at (55,334) size 0x0
            RenderText {#text} at (11,339) size 105x40
              text run at (11,339) width 105: "This cell has lots"
              text run at (11,359) width 44: "of text."
            RenderBR {BR} at (55,374) size 0x0
            RenderText {#text} at (11,379) size 105x40
              text run at (11,379) width 105: "This cell has lots"
              text run at (11,399) width 44: "of text."
            RenderBR {BR} at (55,414) size 0x0
            RenderText {#text} at (11,419) size 105x40
              text run at (11,419) width 105: "This cell has lots"
              text run at (11,439) width 44: "of text."
            RenderBR {BR} at (55,454) size 0x0
            RenderText {#text} at (11,459) size 105x40
              text run at (11,459) width 105: "This cell has lots"
              text run at (11,479) width 44: "of text."
            RenderBR {BR} at (55,494) size 0x0
            RenderText {#text} at (11,499) size 105x40
              text run at (11,499) width 105: "This cell has lots"
              text run at (11,519) width 44: "of text."
            RenderBR {BR} at (55,534) size 0x0
            RenderText {#text} at (11,539) size 105x40
              text run at (11,539) width 105: "This cell has lots"
              text run at (11,559) width 44: "of text."
            RenderBR {BR} at (55,574) size 0x0
            RenderText {#text} at (11,579) size 105x40
              text run at (11,579) width 105: "This cell has lots"
              text run at (11,599) width 44: "of text."
            RenderBR {BR} at (55,614) size 0x0
            RenderText {#text} at (11,619) size 105x40
              text run at (11,619) width 105: "This cell has lots"
              text run at (11,639) width 44: "of text."
            RenderBR {BR} at (55,654) size 0x0
            RenderText {#text} at (11,659) size 105x40
              text run at (11,659) width 105: "This cell has lots"
              text run at (11,679) width 44: "of text."
            RenderBR {BR} at (55,694) size 0x0
            RenderText {#text} at (11,699) size 105x40
              text run at (11,699) width 105: "This cell has lots"
              text run at (11,719) width 44: "of text."
            RenderBR {BR} at (55,734) size 0x0
            RenderText {#text} at (11,739) size 105x40
              text run at (11,739) width 105: "This cell has lots"
              text run at (11,759) width 44: "of text."
            RenderBR {BR} at (55,774) size 0x0
            RenderText {#text} at (11,779) size 105x40
              text run at (11,779) width 105: "This cell has lots"
              text run at (11,799) width 44: "of text."
            RenderBR {BR} at (55,814) size 0x0
            RenderText {#text} at (11,819) size 105x40
              text run at (11,819) width 105: "This cell has lots"
              text run at (11,839) width 44: "of text."
            RenderBR {BR} at (55,854) size 0x0
            RenderText {#text} at (11,859) size 105x40
              text run at (11,859) width 105: "This cell has lots"
              text run at (11,879) width 44: "of text."
            RenderBR {BR} at (55,894) size 0x0
            RenderText {#text} at (11,899) size 105x40
              text run at (11,899) width 105: "This cell has lots"
              text run at (11,919) width 44: "of text."
            RenderBR {BR} at (55,934) size 0x0
            RenderText {#text} at (11,939) size 105x40
              text run at (11,939) width 105: "This cell has lots"
              text run at (11,959) width 44: "of text."
            RenderBR {BR} at (55,974) size 0x0
            RenderText {#text} at (11,979) size 105x40
              text run at (11,979) width 105: "This cell has lots"
              text run at (11,999) width 44: "of text."
            RenderBR {BR} at (55,1014) size 0x0
            RenderText {#text} at (11,1019) size 105x40
              text run at (11,1019) width 105: "This cell has lots"
              text run at (11,1039) width 44: "of text."
            RenderBR {BR} at (55,1054) size 0x0
            RenderText {#text} at (11,1059) size 105x40
              text run at (11,1059) width 105: "This cell has lots"
              text run at (11,1079) width 44: "of text."
            RenderBR {BR} at (55,1094) size 0x0
            RenderText {#text} at (11,1099) size 105x40
              text run at (11,1099) width 105: "This cell has lots"
              text run at (11,1119) width 44: "of text."
            RenderBR {BR} at (55,1134) size 0x0
            RenderText {#text} at (11,1139) size 105x40
              text run at (11,1139) width 105: "This cell has lots"
              text run at (11,1159) width 44: "of text."
            RenderBR {BR} at (55,1174) size 0x0
            RenderText {#text} at (11,1179) size 105x40
              text run at (11,1179) width 105: "This cell has lots"
              text run at (11,1199) width 44: "of text."
            RenderBR {BR} at (55,1214) size 0x0
          RenderTableCell {TD} at (139,495) size 233x240 [border: (1px inset #808080)] [r=0 c=1 rs=1 cs=1]
            RenderInline {SPAN} at (0,0) size 145x171
              RenderText {#text} at (11,11) size 145x171
                text run at (11,11) width 145: "Other"
                text run at (11,104) width 108: "cell."
layer at (8,702) size 1934x300
  RenderBlock {DIV} at (0,694) size 765x300
    RenderTable {TABLE} at (0,0) size 374x1232 [border: (1px outset #808080)]
      RenderTableSection {TBODY} at (1,1) size 372x1230
        RenderTableRow {TR} at (0,0) size 372x1230
          RenderTableCell {TD} at (0,0) size 139x1230 [border: (1px inset #808080)] [r=0 c=0 rs=1 cs=1]
            RenderText {#text} at (11,11) size 105x40
              text run at (11,11) width 105: "This cell has lots"
              text run at (11,31) width 44: "of text."
            RenderBR {BR} at (55,46) size 0x0
            RenderText {#text} at (11,51) size 105x40
              text run at (11,51) width 105: "This cell has lots"
              text run at (11,71) width 44: "of text."
            RenderBR {BR} at (55,86) size 0x0
            RenderText {#text} at (11,91) size 105x40
              text run at (11,91) width 105: "This cell has lots"
              text run at (11,111) width 44: "of text."
            RenderBR {BR} at (55,126) size 0x0
            RenderText {#text} at (11,131) size 105x40
              text run at (11,131) width 105: "This cell has lots"
              text run at (11,151) width 44: "of text."
            RenderBR {BR} at (55,166) size 0x0
            RenderText {#text} at (11,171) size 105x40
              text run at (11,171) width 105: "This cell has lots"
              text run at (11,191) width 44: "of text."
            RenderBR {BR} at (55,206) size 0x0
            RenderText {#text} at (11,211) size 105x40
              text run at (11,211) width 105: "This cell has lots"
              text run at (11,231) width 44: "of text."
            RenderBR {BR} at (55,246) size 0x0
            RenderText {#text} at (11,251) size 105x40
              text run at (11,251) width 105: "This cell has lots"
              text run at (11,271) width 44: "of text."
            RenderBR {BR} at (55,286) size 0x0
            RenderText {#text} at (11,299) size 105x40
              text run at (11,299) width 105: "This cell has lots"
              text run at (11,319) width 44: "of text."
            RenderBR {BR} at (55,334) size 0x0
            RenderText {#text} at (11,339) size 105x40
              text run at (11,339) width 105: "This cell has lots"
              text run at (11,359) width 44: "of text."
            RenderBR {BR} at (55,374) size 0x0
            RenderText {#text} at (11,379) size 105x40
              text run at (11,379) width 105: "This cell has lots"
              text run at (11,399) width 44: "of text."
            RenderBR {BR} at (55,414) size 0x0
            RenderText {#text} at (11,419) size 105x40
              text run at (11,419) width 105: "This cell has lots"
              text run at (11,439) width 44: "of text."
            RenderBR {BR} at (55,454) size 0x0
            RenderText {#text} at (11,459) size 105x40
              text run at (11,459) width 105: "This cell has lots"
              text run at (11,479) width 44: "of text."
            RenderBR {BR} at (55,494) size 0x0
            RenderText {#text} at (11,499) size 105x40
              text run at (11,499) width 105: "This cell has lots"
              text run at (11,519) width 44: "of text."
            RenderBR {BR} at (55,534) size 0x0
            RenderText {#text} at (11,539) size 105x40
              text run at (11,539) width 105: "This cell has lots"
              text run at (11,559) width 44: "of text."
            RenderBR {BR} at (55,574) size 0x0
            RenderText {#text} at (11,579) size 105x40
              text run at (11,579) width 105: "This cell has lots"
              text run at (11,599) width 44: "of text."
            RenderBR {BR} at (55,614) size 0x0
            RenderText {#text} at (11,619) size 105x40
              text run at (11,619) width 105: "This cell has lots"
              text run at (11,639) width 44: "of text."
            RenderBR {BR} at (55,654) size 0x0
            RenderText {#text} at (11,659) size 105x40
              text run at (11,659) width 105: "This cell has lots"
              text run at (11,679) width 44: "of text."
            RenderBR {BR} at (55,694) size 0x0
            RenderText {#text} at (11,699) size 105x40
              text run at (11,699) width 105: "This cell has lots"
              text run at (11,719) width 44: "of text."
            RenderBR {BR} at (55,734) size 0x0
            RenderText {#text} at (11,739) size 105x40
              text run at (11,739) width 105: "This cell has lots"
              text run at (11,759) width 44: "of text."
            RenderBR {BR} at (55,774) size 0x0
            RenderText {#text} at (11,779) size 105x40
              text run at (11,779) width 105: "This cell has lots"
              text run at (11,799) width 44: "of text."
            RenderBR {BR} at (55,814) size 0x0
            RenderText {#text} at (11,819) size 105x40
              text run at (11,819) width 105: "This cell has lots"
              text run at (11,839) width 44: "of text."
            RenderBR {BR} at (55,854) size 0x0
            RenderText {#text} at (11,859) size 105x40
              text run at (11,859) width 105: "This cell has lots"
              text run at (11,879) width 44: "of text."
            RenderBR {BR} at (55,894) size 0x0
            RenderText {#text} at (11,899) size 105x40
              text run at (11,899) width 105: "This cell has lots"
              text run at (11,919) width 44: "of text."
            RenderBR {BR} at (55,934) size 0x0
            RenderText {#text} at (11,939) size 105x40
              text run at (11,939) width 105: "This cell has lots"
              text run at (11,959) width 44: "of text."
            RenderBR {BR} at (55,974) size 0x0
            RenderText {#text} at (11,979) size 105x40
              text run at (11,979) width 105: "This cell has lots"
              text run at (11,999) width 44: "of text."
            RenderBR {BR} at (55,1014) size 0x0
            RenderText {#text} at (11,1019) size 105x40
              text run at (11,1019) width 105: "This cell has lots"
              text run at (11,1039) width 44: "of text."
            RenderBR {BR} at (55,1054) size 0x0
            RenderText {#text} at (11,1059) size 105x40
              text run at (11,1059) width 105: "This cell has lots"
              text run at (11,1079) width 44: "of text."
            RenderBR {BR} at (55,1094) size 0x0
            RenderText {#text} at (11,1099) size 105x40
              text run at (11,1099) width 105: "This cell has lots"
              text run at (11,1119) width 44: "of text."
            RenderBR {BR} at (55,1134) size 0x0
            RenderText {#text} at (11,1139) size 105x40
              text run at (11,1139) width 105: "This cell has lots"
              text run at (11,1159) width 44: "of text."
            RenderBR {BR} at (55,1174) size 0x0
            RenderText {#text} at (11,1179) size 105x40
              text run at (11,1179) width 105: "This cell has lots"
              text run at (11,1199) width 44: "of text."
            RenderBR {BR} at (55,1214) size 0x0
          RenderTableCell {TD} at (139,995) size 233x235 [border: (1px inset #808080)] [r=0 c=1 rs=1 cs=1]
            RenderInline {SPAN} at (0,0) size 145x156
              RenderText {#text} at (11,11) size 145x156
                text run at (11,11) width 145: "Other"
                text run at (11,89) width 108: "cell."
