layer at (0,0) size 800x600
  RenderView at (0,0) size 800x600
layer at (0,0) size 800x600
  RenderBlock {HTML} at (0,0) size 800x600
    RenderBody {BODY} at (8,8) size 784x576
      RenderBlock {P} at (0,0) size 784x442
        RenderText {#text} at (0,0) size 732x42
          text run at (0,0) width 732: "Test canvas arc() start / end points when the arc is >= 360 degrees. The result should be a circle with two line"
          text run at (0,21) width 578: "segments connected to the left hand side, towards the top left and bottom left corners. "
        RenderHTMLCanvas {CANVAS} at (0,42) size 400x400
        RenderText {#text} at (0,0) size 0x0
        RenderText {#text} at (0,0) size 0x0
