layer at (0,0) size 800x600
  RenderView at (0,0) size 800x600
layer at (0,0) size 800x266
  RenderBlock {HTML} at (0,0) size 800x266
    RenderBody {BODY} at (8,14) size 784x238
      RenderBlock {P} at (0,0) size 784x19
        RenderText {#text} at (0,0) size 269x19
          text run at (0,0) width 269: "There should be nothing below. Bug 8994."
      RenderBlock {P} at (0,33) size 784x205
        RenderHTMLCanvas {CANVAS} at (0,0) size 200x200
