layer at (0,0) size 800x600
  RenderView at (0,0) size 800x600
layer at (0,0) size 800x600
  RenderBlock {HTML} at (0,0) size 800x600
    RenderBody {BODY} at (8,8) size 784x584
      RenderBlock {P} at (0,0) size 784x19
        RenderText {#text} at (0,0) size 372x19
          text run at (0,0) width 372: "All three of these small canvases should be green, not red."
      RenderBlock (anonymous) at (0,33) size 784x25
        RenderHTMLCanvas {CANVAS} at (0,0) size 20x20
        RenderText {#text} at (20,6) size 4x19
          text run at (20,6) width 4: " "
        RenderHTMLCanvas {CANVAS} at (24,0) size 20x20
        RenderText {#text} at (44,6) size 4x19
          text run at (44,6) width 4: " "
        RenderHTMLCanvas {CANVAS} at (48,0) size 20x20
        RenderText {#text} at (0,0) size 0x0
      RenderBlock {P} at (0,72) size 784x38
        RenderText {#text} at (0,0) size 760x38
          text run at (0,0) width 760: "All three of these small canvases should be green, not red, too, but these test the Dashboard compatibility mode so they"
          text run at (0,19) width 280: "work properly only under DumpRenderTree."
      RenderBlock (anonymous) at (0,124) size 784x25
        RenderHTMLCanvas {CANVAS} at (0,0) size 20x20
        RenderText {#text} at (20,6) size 4x19
          text run at (20,6) width 4: " "
        RenderHTMLCanvas {CANVAS} at (24,0) size 20x20
        RenderText {#text} at (44,6) size 4x19
          text run at (44,6) width 4: " "
        RenderHTMLCanvas {CANVAS} at (48,0) size 20x20
        RenderText {#text} at (0,0) size 0x0
        RenderText {#text} at (0,0) size 0x0
        RenderText {#text} at (0,0) size 0x0
