layer at (0,0) size 784x707
  RenderView at (0,0) size 784x600
layer at (0,0) size 784x707
  RenderBlock {HTML} at (0,0) size 784x707
    RenderBody {BODY} at (8,16) size 768x678
      RenderBlock {P} at (0,0) size 768x42
        RenderText {#text} at (0,0) size 753x42
          text run at (0,0) width 753: "This tests that the Image JavaScript object works as expected when used in a canvas. If the test is successful, the"
          text run at (0,21) width 458: "Apple logo should appear scaled, normal and finally tiled in a circle."
      RenderBlock {DIV} at (0,58) size 768x155
        RenderHTMLCanvas {CANVAS} at (0,0) size 150x150
        RenderText {#text} at (150,134) size 125x21
          text run at (150,134) width 125: "Using drawImage."
      RenderBlock {DIV} at (0,213) size 768x155
        RenderHTMLCanvas {CANVAS} at (0,0) size 150x150
        RenderText {#text} at (150,134) size 194x21
          text run at (150,134) width 194: "Using drawImageFromRect."
      RenderBlock {DIV} at (0,368) size 768x155
        RenderHTMLCanvas {CANVAS} at (0,0) size 150x150
        RenderText {#text} at (150,134) size 140x21
          text run at (150,134) width 140: "Using ImagePattern."
      RenderBlock {DIV} at (0,523) size 768x155
        RenderHTMLCanvas {CANVAS} at (0,0) size 150x150
        RenderText {#text} at (150,134) size 228x21
          text run at (150,134) width 228: "Using ImagePattern and rotation."
      RenderBlock {PRE} at (0,691) size 768x0
