layer at (0,0) size 800x600
  RenderView at (0,0) size 800x600
layer at (0,0) size 800x473
  RenderBlock {HTML} at (0,0) size 800x473
    RenderBody {BODY} at (8,16) size 784x441
      RenderBlock {P} at (0,0) size 784x84
        RenderText {#text} at (0,0) size 780x84
          text run at (0,0) width 780: "There should be one big square below containing four squares. Top left square should be filled with 3 rows of 2 and"
          text run at (0,21) width 766: "bit Apple images. Top right square should be 2 and a bit rows with one Apple image column along the left edge of"
          text run at (0,42) width 779: "the square. Bottom left square should be one row with three Apple images along the top of the square. Bottom right"
          text run at (0,63) width 353: "square should be one Apple image in top left corner."
      RenderBlock {P} at (0,100) size 784x341
        RenderHTMLCanvas {CANVAS} at (0,0) size 336x336 [border: (3px solid #000000)]
