layer at (0,0) size 800x600
  RenderView at (0,0) size 800x600
layer at (0,0) size 800x418
  RenderBlock {html} at (0,0) size 800x418
    RenderBody {body} at (8,16) size 784x21
      RenderBlock {p} at (0,0) size 784x21
        RenderText {#text} at (0,0) size 443x21
          text run at (0,0) width 443: "This test case should produce a sine-wave stroked with 1px black."
    RenderBlock (anonymous) at (0,53) size 800x365
      RenderHTMLCanvas {canvas} at (0,0) size 480x360
