layer at (0,0) size 800x600
  RenderView at (0,0) size 800x600
layer at (0,0) size 800x278
  RenderBlock {HTML} at (0,0) size 800x278
    RenderBody {BODY} at (8,8) size 784x262
      RenderBlock {DIV} at (0,0) size 784x21
        RenderText {#text} at (0,0) size 331x21
          text run at (0,0) width 331: "No font is specified. expected: backslash, actual: \\"
      RenderBlock {DIV} at (0,21) size 784x20
        RenderText {#text} at (0,0) size 382x20
          text run at (0,0) width 382: "Using font \"MS PGothic\". expected: yen sign, actual: \x{A5}"
      RenderBlock {DIV} at (0,41) size 784x20
        RenderText {#text} at (0,0) size 371x20
          text run at (0,0) width 371: "Using font \"MS Gothic\". expected: yen sign, actual: \x{A5}"
      RenderBlock {DIV} at (0,61) size 784x20
        RenderText {#text} at (0,0) size 388x20
          text run at (0,0) width 388: "Using font \"MS PMincho\". expected: yen sign, actual: \x{A5}"
      RenderBlock {DIV} at (0,81) size 784x20
        RenderText {#text} at (0,0) size 377x20
          text run at (0,0) width 377: "Using font \"MS Mincho\". expected: yen sign, actual: \x{A5}"
      RenderBlock {DIV} at (0,101) size 784x20
        RenderText {#text} at (0,0) size 345x20
          text run at (0,0) width 345: "Using font \"Meiryo\". expected: yen sign, actual: \x{A5}"
      RenderBlock {DIV} at (0,121) size 784x20
        RenderText {#text} at (0,0) size 329x20
          text run at (0,0) width 329: "Using font \"\x{FF2D}\x{FF33} \x{FF30}\x{30B4}\x{30B7}\x{30C3}\x{30AF}\". expected: yen sign, actual: \x{A5}"
      RenderBlock {DIV} at (0,141) size 784x20
        RenderText {#text} at (0,0) size 325x20
          text run at (0,0) width 325: "Using font \"\x{FF2D}\x{FF33} \x{30B4}\x{30B7}\x{30C3}\x{30AF}\". expected: yen sign, actual: \x{A5}"
      RenderBlock {DIV} at (0,161) size 784x20
        RenderText {#text} at (0,0) size 321x20
          text run at (0,0) width 321: "Using font \"\x{FF2D}\x{FF33} \x{FF30}\x{660E}\x{671D}\". expected: yen sign, actual: \x{A5}"
      RenderBlock {DIV} at (0,181) size 784x20
        RenderText {#text} at (0,0) size 317x20
          text run at (0,0) width 317: "Using font \"\x{FF2D}\x{FF33} \x{660E}\x{671D}\". expected: yen sign, actual: \x{A5}"
      RenderBlock {DIV} at (0,201) size 784x20
        RenderText {#text} at (0,0) size 313x20
          text run at (0,0) width 313: "Using font \"\x{30E1}\x{30A4}\x{30EA}\x{30AA}\". expected: yen sign, actual: \x{A5}"
      RenderBlock {DIV} at (0,221) size 784x21
        RenderText {#text} at (0,0) size 337x21
          text run at (0,0) width 337: "Using font \"Times\". expected: backslash, actual: \\"
      RenderBlock {DIV} at (0,242) size 784x20
        RenderText {#text} at (0,0) size 349x20
          text run at (0,0) width 349: "Using font \"foobar\". expected: backslash, actual: \\"
