layer at (0,0) size 800x600
  RenderView at (0,0) size 800x600
layer at (0,0) size 800x600
  RenderBlock {HTML} at (0,0) size 800x600
    RenderBody {BODY} at (8,8) size 784x576
      RenderBlock {P} at (0,0) size 784x44
        RenderText {#text} at (0,0) size 57x22
          text run at (0,0) width 57: "Test for "
        RenderInline {I} at (0,0) size 757x44
          RenderInline {A} at (0,0) size 304x22 [color=#0000EE]
            RenderText {#text} at (57,0) size 304x22
              text run at (57,0) width 304: "http://bugs.webkit.org/show_bug.cgi?id=11671"
          RenderText {#text} at (361,0) size 757x44
            text run at (361,0) width 4: " "
            text run at (365,0) width 392: "REGRESSION (r13702): text-transform: capitalize changes"
            text run at (0,22) width 197: "non-breaking spaces to spaces"
        RenderText {#text} at (197,22) size 4x22
          text run at (197,22) width 4: "."
      RenderBlock {P} at (0,60) size 784x22
        RenderText {#text} at (0,0) size 302x22
          text run at (0,0) width 302: "The next three lines should all look the same."
      RenderBlock {P} at (0,98) size 784x22
        RenderText {#text} at (0,0) size 109x22
          text run at (0,0) width 109: "Lorem     Ipsum"
      RenderBlock {P} at (0,136) size 784x22
        RenderText {#text} at (0,0) size 66x22
          text run at (0,0) width 66: "Lorem     "
        RenderInline {SPAN} at (0,0) size 43x22
          RenderText {#text} at (66,0) size 43x22
            text run at (66,0) width 43: "Ipsum"
      RenderBlock {P} at (0,174) size 784x22
        RenderText {#text} at (0,0) size 109x22
          text run at (0,0) width 109: "Lorem     Ipsum"
