layer at (0,0) size 800x600
  RenderView at (0,0) size 800x600
layer at (0,0) size 800x600
  RenderBlock {HTML} at (0,0) size 800x600
    RenderBody {BODY} at (8,8) size 784x576
      RenderBlock {P} at (0,0) size 784x66
        RenderText {#text} at (0,0) size 777x66
          text run at (0,0) width 764: "This layout test is designed to test that our fake italic mode is working correctly. The Ahem font, used below, does"
          text run at (0,22) width 777: "not include an italic variant. Thus, when we ask for italic Ahem, we should skew the glyphs ourselves, resulting in a"
          text run at (0,44) width 221: "series of italic black boxes below."
      RenderBlock {P} at (0,82) size 784x17
        RenderText {#text} at (0,0) size 112x17
          text run at (0,0) width 112: "A A A A"
