layer at (0,0) size 800x600
  RenderView at (0,0) size 800x600
layer at (0,0) size 800x600
  RenderBlock {HTML} at (0,0) size 800x600
    RenderBody {BODY} at (8,8) size 784x584
      RenderBlock {P} at (0,0) size 784x22
        RenderText {#text} at (0,0) size 57x22
          text run at (0,0) width 57: "Test for "
        RenderInline {I} at (0,0) size 633x22
          RenderInline {A} at (0,0) size 304x22 [color=#0000EE]
            RenderText {#text} at (57,0) size 304x22
              text run at (57,0) width 304: "http://bugs.webkit.org/show_bug.cgi?id=12039"
          RenderText {#text} at (361,0) size 329x22
            text run at (361,0) width 4: " "
            text run at (365,0) width 325: "Assertion failure in WebCore::Font::primaryFont"
        RenderText {#text} at (690,0) size 4x22
          text run at (690,0) width 4: "."
      RenderBlock (anonymous) at (0,38) size 784x22
        RenderInline {SPAN} at (0,0) size 40x22
          RenderText {#text} at (0,0) size 40x22
            text run at (0,0) width 40: "PASS"
        RenderText {#text} at (0,0) size 0x0
        RenderText {#text} at (0,0) size 0x0
