layer at (0,0) size 784x608
  RenderView at (0,0) size 784x600
layer at (0,0) size 784x608
  RenderBlock {HTML} at (0,0) size 784x608
    RenderBody {BODY} at (8,8) size 768x560
      RenderBlock (anonymous) at (0,0) size 768x20
        RenderText {#text} at (0,0) size 525x20
          text run at (0,0) width 525: "This tests the ZWJ and ZWNJ format control characters on basic Latin text."
      RenderBlock {DIV} at (0,60) size 768x230
        RenderBlock {P} at (0,0) size 768x50
          RenderText {#text} at (0,0) size 263x50
            text run at (0,0) width 263: "fi fl ff ffi ffl fl f   i"
        RenderBlock {P} at (0,90) size 768x50
          RenderText {#text} at (0,0) size 263x50
            text run at (0,0) width 263: "f\x{200C}i f\x{200C}l f\x{200C}f f\x{200C}f\x{200C}i f\x{200C}f\x{200C}l f\x{200C}\x{200C}\x{200C}\x{200C}\x{200C}\x{200C}\x{200C}l f\x{200C}\x{200C}\x{200C}\x{200C}\x{200C}\x{200C}\x{200C} \x{200C}\x{200C}\x{200C}\x{200C}\x{200C}\x{200C}\x{200C} \x{200C}\x{200C}\x{200C}\x{200C}\x{200C}\x{200C}\x{200C} \x{200C}\x{200C}\x{200C}\x{200C}\x{200C}\x{200C}\x{200C}i"
        RenderBlock {P} at (0,180) size 768x50
          RenderText {#text} at (0,0) size 263x50
            text run at (0,0) width 263: "f\x{200D}i f\x{200D}l f\x{200D}f f\x{200D}f\x{200D}i f\x{200D}f\x{200D}l f\x{200D}\x{200D}\x{200D}\x{200D}\x{200D}\x{200D}\x{200D}l f\x{200D}\x{200D}\x{200D}\x{200D}\x{200D}\x{200D}\x{200D} \x{200D}\x{200D}\x{200D}\x{200D}\x{200D}\x{200D}\x{200D} \x{200D}\x{200D}\x{200D}\x{200D}\x{200D}\x{200D}\x{200D} \x{200D}\x{200D}\x{200D}\x{200D}\x{200D}\x{200D}\x{200D}i"
      RenderBlock {DIV} at (0,330) size 768x230
        RenderBlock {P} at (0,0) size 768x50
          RenderText {#text} at (0,0) size 263x50
            text run at (0,0) width 263: "fi fl ff ffi ffl fl f   i"
        RenderBlock {P} at (0,90) size 768x50
          RenderText {#text} at (0,0) size 263x50
            text run at (0,0) width 263: "f\x{200C}i f\x{200C}l f\x{200C}f f\x{200C}f\x{200C}i f\x{200C}f\x{200C}l f\x{200C}\x{200C}\x{200C}\x{200C}\x{200C}\x{200C}\x{200C}l f\x{200C}\x{200C}\x{200C}\x{200C}\x{200C}\x{200C}\x{200C} \x{200C}\x{200C}\x{200C}\x{200C}\x{200C}\x{200C}\x{200C} \x{200C}\x{200C}\x{200C}\x{200C}\x{200C}\x{200C}\x{200C} \x{200C}\x{200C}\x{200C}\x{200C}\x{200C}\x{200C}\x{200C}i"
        RenderBlock {P} at (0,180) size 768x50
          RenderText {#text} at (0,0) size 263x50
            text run at (0,0) width 263: "f\x{200D}i f\x{200D}l f\x{200D}f f\x{200D}f\x{200D}i f\x{200D}f\x{200D}l f\x{200D}\x{200D}\x{200D}\x{200D}\x{200D}\x{200D}\x{200D}l f\x{200D}\x{200D}\x{200D}\x{200D}\x{200D}\x{200D}\x{200D} \x{200D}\x{200D}\x{200D}\x{200D}\x{200D}\x{200D}\x{200D} \x{200D}\x{200D}\x{200D}\x{200D}\x{200D}\x{200D}\x{200D} \x{200D}\x{200D}\x{200D}\x{200D}\x{200D}\x{200D}\x{200D}i"
