layer at (0,0) size 800x600
  RenderView at (0,0) size 800x600
layer at (0,0) size 800x600
  RenderBlock {HTML} at (0,0) size 800x600
    RenderBody {BODY} at (8,8) size 784x584
      RenderBlock {P} at (0,0) size 784x22
        RenderText {#text} at (0,0) size 114x22
          text run at (0,0) width 114: "Test for revision "
        RenderInline {A} at (0,0) size 48x22 [color=#0000EE]
          RenderText {#text} at (114,0) size 48x22
            text run at (114,0) width 48: "#20574"
        RenderText {#text} at (162,0) size 4x22
          text run at (162,0) width 4: "."
      RenderBlock {P} at (0,38) size 784x22
        RenderText {#text} at (0,0) size 265x22
          text run at (0,0) width 265: "The two blue boxes should be identical."
      RenderBlock {DIV} at (0,76) size 106x50 [border: (3px solid #0000FF)]
        RenderText {#text} at (3,3) size 11x22
          text run at (3,3) width 11: "L"
        RenderInline {SPAN} at (0,0) size 40x22 [color=#008000] [bgcolor=#FFFF00]
          RenderText {#text} at (14,3) size 40x22
            text run at (14,3) width 40: "o r"
        RenderText {#text} at (54,3) size 100x44
          text run at (54,3) width 49: "e mi"
          text run at (3,25) width 73: "psumdolor"
      RenderBlock (anonymous) at (0,126) size 784x22
        RenderBR {BR} at (0,0) size 0x22
      RenderBlock {DIV} at (0,148) size 106x50 [border: (3px solid #0000FF)]
        RenderText {#text} at (3,3) size 100x44
          text run at (3,3) width 100: "Lo re mi"
          text run at (3,25) width 73: "psumdolor"
selection start: position 1 of child 0 {#text} of child 8 {DIV} of body
selection end:   position 4 of child 0 {#text} of child 8 {DIV} of body
