layer at (0,0) size 800x600
  RenderView at (0,0) size 800x600
layer at (0,0) size 800x600
  RenderBlock {HTML} at (0,0) size 800x600
    RenderBody {BODY} at (8,8) size 784x584
      RenderBlock {P} at (0,0) size 784x44
        RenderText {#text} at (0,0) size 184x22
          text run at (0,0) width 184: "This is a regression test for "
        RenderInline {I} at (0,0) size 732x44
          RenderInline {A} at (0,0) size 352x22 [color=#0000EE]
            RenderText {#text} at (184,0) size 352x22
              text run at (184,0) width 352: "http://bugzilla.opendarwin.org/show_bug.cgi?id=8485"
          RenderText {#text} at (536,0) size 732x44
            text run at (536,0) width 4: " "
            text run at (540,0) width 192: "iExploder(#11705): Freeze in"
            text run at (0,22) width 146: "RenderBlock::layout()"
        RenderText {#text} at (146,22) size 4x22
          text run at (146,22) width 4: "."
      RenderBlock {HR} at (0,60) size 784x2 [border: (1px inset #000000)]
      RenderBlock {DIV} at (0,70) size 30x314
        RenderText {#text} at (0,0) size 87x314
          text run at (0,0) width 0: " "
          text run at (0,157) width 87: "A"
