layer at (0,0) size 800x600
  RenderView at (0,0) size 800x600
layer at (0,0) size 800x600
  RenderBlock {HTML} at (0,0) size 800x600
    RenderBody {BODY} at (8,8) size 784x578
      RenderBlock {P} at (0,0) size 784x40
        RenderText {#text} at (0,0) size 324x19
          text run at (0,0) width 324: "Test for monospace width cache bug mentioned in "
        RenderInline {A} at (0,0) size 68x19 [color=#0000EE]
          RenderText {#text} at (324,0) size 68x19
            text run at (324,0) width 68: "bug 11197"
        RenderText {#text} at (392,0) size 4x19
          text run at (392,0) width 4: " "
        RenderInline {I} at (0,0) size 736x39
          RenderText {#text} at (396,0) size 736x39
            text run at (396,0) width 340: "REGRESSION: Specifying a counter for a CODE tag's"
            text run at (0,20) width 352: "content style property on before or after causes a crash"
        RenderText {#text} at (352,20) size 4x19
          text run at (352,20) width 4: "."
      RenderBlock {P} at (0,54) size 784x19
        RenderText {#text} at (0,0) size 373x19
          text run at (0,0) width 373: "The blue line and the black line should be the same length."
      RenderBlock {P} at (0,87) size 784x19
        RenderInline {SPAN} at (0,0) size 64x18 [border: (1px solid #0000FF) none]
          RenderText {#text} at (0,1) size 64x17
            text run at (0,1) width 64: "\x{23AF}\x{23AF}\x{23AF}\x{23AF}\x{23AF}\x{23AF}\x{23AF}\x{23AF}"
