layer at (0,0) size 800x600
  RenderView at (0,0) size 800x600
layer at (0,0) size 800x600
  RenderBlock {HTML} at (0,0) size 800x600
    RenderBody {BODY} at (8,8) size 784x584
      RenderBlock {DIV} at (0,0) size 784x168 [textFillColor=#800080] [textStrokeWidth=2.00]
        RenderText {#text} at (0,0) size 660x168
          text run at (0,0) width 660: "Purple\x{300} fill, black stroke,"
          text run at (0,84) width 345: "complex text"
      RenderBlock {DIV} at (0,168) size 784x84 [textStrokeColor=#FFA500] [textStrokeWidth=1.33]
        RenderText {#text} at (0,0) size 681x84
          text run at (0,0) width 681: "Orange stroke, black fill."
      RenderBlock {DIV} at (0,252) size 784x168 [textStrokeColor=#0000FF] [textStrokeWidth=1.33]
        RenderText {#text} at (0,0) size 626x168
          text run at (0,0) width 626: "Blue stroke, no fill, red"
          text run at (0,84) width 223: "shadow."
