layer at (0,0) size 784x604
  RenderView at (0,0) size 784x600
layer at (0,0) size 784x604
  RenderBlock {HTML} at (0,0) size 784x604
    RenderBody {BODY} at (8,8) size 768x588
      RenderBlock {DIV} at (0,0) size 768x252 [textFillColor=#800080] [textStrokeWidth=2.00]
        RenderText {#text} at (0,0) size 660x252
          text run at (0,0) width 660: "Purple\x{300} fill, black stroke,"
          text run at (0,84) width 527: "complex text, black"
          text run at (0,168) width 264: "underline"
      RenderBlock {DIV} at (0,252) size 768x168 [textStrokeColor=#FFA500] [textStrokeWidth=1.33]
        RenderText {#text} at (0,0) size 681x168
          text run at (0,0) width 681: "Orange stroke, black fill,"
          text run at (0,84) width 440: "orange overline."
      RenderBlock {DIV} at (0,420) size 768x168 [textFillColor=#0000FF] [textStrokeWidth=1.33]
        RenderText {#text} at (0,0) size 637x168
          text run at (0,0) width 629: "No stroke, blue fill, red"
          text run at (0,84) width 637: "shadow, blue underline"
