layer at (0,0) size 132x566
  RenderView at (0,0) size 96x26
layer at (0,0) size 132x566
  RenderBlock {HTML} at (0,0) size 96x566
    RenderBody {BODY} at (8,8) size 80x550
      RenderBlock {P} at (0,0) size 80x80
        RenderText {#text} at (0,0) size 76x80
          text run at (0,0) width 76: "100 percent"
          text run at (0,16) width 73: "height table"
          text run at (0,32) width 65: "inside 100"
          text run at (0,48) width 48: "percent"
          text run at (0,64) width 76: "height table:"
      RenderTable {TABLE} at (0,94) size 124x80 [bgcolor=#808080] [border: (1px outset #808080)]
        RenderTableSection {TBODY} at (1,1) size 122x78
          RenderTableRow {TR} at (0,2) size 122x74
            RenderTableCell {TD} at (2,2) size 73x74 [border: (1px inset #808080)] [r=0 c=0 rs=1 cs=1]
              RenderTable {TABLE} at (2,2) size 69x70 [bgcolor=#FFFF00] [border: (1px outset #808080)]
                RenderTableSection {TBODY} at (1,1) size 67x68
                  RenderTableRow {TR} at (0,2) size 67x64
                    RenderTableCell {TD} at (2,8) size 53x52 [border: (1px inset #808080)] [r=0 c=0 rs=1 cs=1]
                      RenderText {#text} at (2,2) size 49x48
                        text run at (2,2) width 37: " Inner"
                        text run at (2,18) width 35: "Table"
                        text run at (2,34) width 49: "(yellow)"
                    RenderTableCell {TD} at (57,24) size 8x20 [border: (1px inset #808080)] [r=0 c=1 rs=1 cs=1]
                      RenderText {#text} at (2,2) size 4x16
                        text run at (2,2) width 4: " "
            RenderTableCell {TD} at (77,13) size 43x52 [border: (1px inset #808080)] [r=0 c=1 rs=1 cs=1]
              RenderText {#text} at (2,2) size 39x48
                text run at (2,2) width 39: " Outer"
                text run at (2,18) width 35: "Table"
                text run at (2,34) width 38: "(grey)"
      RenderBlock {P} at (0,188) size 80x80
        RenderText {#text} at (0,0) size 76x80
          text run at (0,0) width 68: "50 percent"
          text run at (0,16) width 73: "height table"
          text run at (0,32) width 65: "inside 100"
          text run at (0,48) width 48: "percent"
          text run at (0,64) width 76: "height table:"
      RenderTable {TABLE} at (0,282) size 124x268 [bgcolor=#808080] [border: (1px outset #808080)]
        RenderTableSection {TBODY} at (1,1) size 122x266
          RenderTableRow {TR} at (0,2) size 122x262
            RenderTableCell {TD} at (2,2) size 73x133 [border: (1px inset #808080)] [r=0 c=0 rs=1 cs=1]
              RenderTable {TABLE} at (2,2) size 69x129 [bgcolor=#FFFF00] [border: (1px outset #808080)]
                RenderTableSection {TBODY} at (1,1) size 67x127
                  RenderTableRow {TR} at (0,2) size 67x123
                    RenderTableCell {TD} at (2,37) size 53x52 [border: (1px inset #808080)] [r=0 c=0 rs=1 cs=1]
                      RenderText {#text} at (2,2) size 49x48
                        text run at (2,2) width 37: " Inner"
                        text run at (2,18) width 35: "Table"
                        text run at (2,34) width 49: "(yellow)"
                    RenderTableCell {TD} at (57,53) size 8x20 [border: (1px inset #808080)] [r=0 c=1 rs=1 cs=1]
                      RenderText {#text} at (2,2) size 4x16
                        text run at (2,2) width 4: " "
            RenderTableCell {TD} at (77,107) size 43x52 [border: (1px inset #808080)] [r=0 c=1 rs=1 cs=1]
              RenderText {#text} at (2,2) size 39x48
                text run at (2,2) width 39: " Outer"
                text run at (2,18) width 35: "Table"
                text run at (2,34) width 38: "(grey)"
