layer at (0,0) size 156x3440
  RenderView at (0,0) size 96x26
layer at (0,0) size 156x3440
  RenderBlock {HTML} at (0,0) size 96x3440
    RenderBody {BODY} at (8,8) size 80x3424
      RenderTable {TABLE} at (0,0) size 148x3424
        RenderTableSection {TBODY} at (0,0) size 148x3424
          RenderTableRow {TR} at (0,0) size 148x1712
            RenderTableCell {TD} at (0,0) size 49x1168 [r=0 c=0 rs=1 cs=1]
              RenderTable {TABLE} at (0,0) size 49x1168
                RenderTableSection {THEAD} at (0,0) size 49x32
                  RenderTableRow {TR} at (0,0) size 49x32
                    RenderTableCell {TH} at (0,0) size 49x32 [r=0 c=0 rs=1 cs=1]
                      RenderText {#text} at (0,0) size 49x32
                        text run at (0,0) width 49: "Header"
                        text run at (14,16) width 20: "1/1"
                RenderTableSection {TBODY} at (0,32) size 49x1136
                  RenderTableRow {TR} at (0,0) size 49x1136
                    RenderTableCell {TD} at (0,0) size 49x1136 [r=0 c=0 rs=1 cs=1]
                      RenderText {#text} at (0,0) size 48x1136
                        text run at (0,0) width 48: "1 2 3 - -"
                        text run at (0,16) width 44: "- - - - - -"
                        text run at (0,32) width 44: "- - - - - -"
                        text run at (0,48) width 44: "- - - - - -"
                        text run at (0,64) width 44: "- - - - - -"
                        text run at (0,80) width 44: "- - - - - -"
                        text run at (0,96) width 44: "- - - - - -"
                        text run at (0,112) width 44: "- - - - - -"
                        text run at (0,128) width 44: "- - - - - -"
                        text run at (0,144) width 44: "- - - - - -"
                        text run at (0,160) width 44: "- - - - - -"
                        text run at (0,176) width 44: "- - - - - -"
                        text run at (0,192) width 44: "- - - - - -"
                        text run at (0,208) width 44: "- - - - - -"
                        text run at (0,224) width 44: "- - - - - -"
                        text run at (0,240) width 44: "- - - - - -"
                        text run at (0,256) width 44: "- - - - - -"
                        text run at (0,272) width 44: "- - - - - -"
                        text run at (0,288) width 44: "- - - - - -"
                        text run at (0,304) width 44: "- - - - - -"
                        text run at (0,320) width 44: "- - - - - -"
                        text run at (0,336) width 44: "- - - - - -"
                        text run at (0,352) width 44: "- - - - - -"
                        text run at (0,368) width 44: "- - - - - -"
                        text run at (0,384) width 44: "- - - - - -"
                        text run at (0,400) width 44: "- - - - - -"
                        text run at (0,416) width 44: "- - - - - -"
                        text run at (0,432) width 44: "- - - - - -"
                        text run at (0,448) width 44: "- - - - - -"
                        text run at (0,464) width 44: "- - - - - -"
                        text run at (0,480) width 44: "- - - - - -"
                        text run at (0,496) width 44: "- - - - - -"
                        text run at (0,512) width 44: "- - - - - -"
                        text run at (0,528) width 44: "- - - - - -"
                        text run at (0,544) width 44: "- - - - - -"
                        text run at (0,560) width 8: "- "
                        text run at (8,560) width 36: "- - - - -"
                        text run at (0,576) width 44: "- - - - - -"
                        text run at (0,592) width 44: "- - - - - -"
                        text run at (0,608) width 44: "- - - - - -"
                        text run at (0,624) width 44: "- - - - - -"
                        text run at (0,640) width 44: "- - - - - -"
                        text run at (0,656) width 44: "- - - - - -"
                        text run at (0,672) width 44: "- - - - - -"
                        text run at (0,688) width 44: "- - - - - -"
                        text run at (0,704) width 44: "- - - - - -"
                        text run at (0,720) width 44: "- - - - - -"
                        text run at (0,736) width 44: "- - - - - -"
                        text run at (0,752) width 44: "- - - - - -"
                        text run at (0,768) width 44: "- - - - - -"
                        text run at (0,784) width 44: "- - - - - -"
                        text run at (0,800) width 44: "- - - - - -"
                        text run at (0,816) width 44: "- - - - - -"
                        text run at (0,832) width 44: "- - - - - -"
                        text run at (0,848) width 44: "- - - - - -"
                        text run at (0,864) width 44: "- - - - - -"
                        text run at (0,880) width 44: "- - - - - -"
                        text run at (0,896) width 44: "- - - - - -"
                        text run at (0,912) width 44: "- - - - - -"
                        text run at (0,928) width 44: "- - - - - -"
                        text run at (0,944) width 44: "- - - - - -"
                        text run at (0,960) width 44: "- - - - - -"
                        text run at (0,976) width 44: "- - - - - -"
                        text run at (0,992) width 44: "- - - - - -"
                        text run at (0,1008) width 44: "- - - - - -"
                        text run at (0,1024) width 44: "- - - - - -"
                        text run at (0,1040) width 44: "- - - - - -"
                        text run at (0,1056) width 44: "- - - - - -"
                        text run at (0,1072) width 44: "- - - - - -"
                        text run at (0,1088) width 44: "- - - - - -"
                        text run at (0,1104) width 44: "- - - - - -"
                        text run at (0,1120) width 4: "-"
            RenderTableCell {TD} at (49,0) size 49x1712 [r=0 c=1 rs=1 cs=1]
              RenderTable {TABLE} at (0,0) size 49x1712
                RenderTableSection {THEAD} at (0,0) size 49x32
                  RenderTableRow {TR} at (0,0) size 49x32
                    RenderTableCell {TH} at (0,0) size 49x32 [r=0 c=0 rs=1 cs=1]
                      RenderText {#text} at (0,0) size 49x32
                        text run at (0,0) width 49: "Header"
                        text run at (14,16) width 20: "2/1"
                RenderTableSection {TBODY} at (0,32) size 49x1680
                  RenderTableRow {TR} at (0,0) size 49x1680
                    RenderTableCell {TD} at (0,0) size 49x1680 [r=0 c=0 rs=1 cs=1]
                      RenderText {#text} at (0,0) size 44x1680
                        text run at (0,0) width 44: "1 2 3 #"
                        text run at (0,16) width 44: "# # # #"
                        text run at (0,32) width 44: "# # # #"
                        text run at (0,48) width 44: "# # # #"
                        text run at (0,64) width 44: "# # # #"
                        text run at (0,80) width 44: "# # # #"
                        text run at (0,96) width 44: "# # # #"
                        text run at (0,112) width 44: "# # # #"
                        text run at (0,128) width 44: "# # # #"
                        text run at (0,144) width 44: "# # # #"
                        text run at (0,160) width 44: "# # # #"
                        text run at (0,176) width 44: "# # # #"
                        text run at (0,192) width 44: "# # # #"
                        text run at (0,208) width 44: "# # # #"
                        text run at (0,224) width 44: "# # # #"
                        text run at (0,240) width 44: "# # # #"
                        text run at (0,256) width 44: "# # # #"
                        text run at (0,272) width 44: "# # # #"
                        text run at (0,288) width 44: "# # # #"
                        text run at (0,304) width 44: "# # # #"
                        text run at (0,320) width 44: "# # # #"
                        text run at (0,336) width 44: "# # # #"
                        text run at (0,352) width 44: "# # # #"
                        text run at (0,368) width 44: "# # # #"
                        text run at (0,384) width 44: "# # # #"
                        text run at (0,400) width 44: "# # # #"
                        text run at (0,416) width 44: "# # # #"
                        text run at (0,432) width 44: "# # # #"
                        text run at (0,448) width 44: "# # # #"
                        text run at (0,464) width 44: "# # # #"
                        text run at (0,480) width 44: "# # # #"
                        text run at (0,496) width 44: "# # # #"
                        text run at (0,512) width 44: "# # # #"
                        text run at (0,528) width 44: "# # # #"
                        text run at (0,544) width 44: "# # # #"
                        text run at (0,560) width 44: "# # # #"
                        text run at (0,576) width 44: "# # # #"
                        text run at (0,592) width 44: "# # # #"
                        text run at (0,608) width 44: "# # # #"
                        text run at (0,624) width 44: "# # # #"
                        text run at (0,640) width 44: "# # # #"
                        text run at (0,656) width 44: "# # # #"
                        text run at (0,672) width 44: "# # # #"
                        text run at (0,688) width 44: "# # # #"
                        text run at (0,704) width 44: "# # # #"
                        text run at (0,720) width 44: "# # # #"
                        text run at (0,736) width 44: "# # # #"
                        text run at (0,752) width 44: "# # # #"
                        text run at (0,768) width 44: "# # # #"
                        text run at (0,784) width 44: "# # # #"
                        text run at (0,800) width 44: "# # # #"
                        text run at (0,816) width 44: "# # # #"
                        text run at (0,832) width 24: "# # "
                        text run at (24,832) width 20: "# #"
                        text run at (0,848) width 44: "# # # #"
                        text run at (0,864) width 44: "# # # #"
                        text run at (0,880) width 44: "# # # #"
                        text run at (0,896) width 44: "# # # #"
                        text run at (0,912) width 44: "# # # #"
                        text run at (0,928) width 44: "# # # #"
                        text run at (0,944) width 44: "# # # #"
                        text run at (0,960) width 44: "# # # #"
                        text run at (0,976) width 44: "# # # #"
                        text run at (0,992) width 44: "# # # #"
                        text run at (0,1008) width 44: "# # # #"
                        text run at (0,1024) width 44: "# # # #"
                        text run at (0,1040) width 44: "# # # #"
                        text run at (0,1056) width 44: "# # # #"
                        text run at (0,1072) width 44: "# # # #"
                        text run at (0,1088) width 44: "# # # #"
                        text run at (0,1104) width 44: "# # # #"
                        text run at (0,1120) width 44: "# # # #"
                        text run at (0,1136) width 44: "# # # #"
                        text run at (0,1152) width 44: "# # # #"
                        text run at (0,1168) width 44: "# # # #"
                        text run at (0,1184) width 44: "# # # #"
                        text run at (0,1200) width 44: "# # # #"
                        text run at (0,1216) width 44: "# # # #"
                        text run at (0,1232) width 44: "# # # #"
                        text run at (0,1248) width 44: "# # # #"
                        text run at (0,1264) width 44: "# # # #"
                        text run at (0,1280) width 44: "# # # #"
                        text run at (0,1296) width 44: "# # # #"
                        text run at (0,1312) width 44: "# # # #"
                        text run at (0,1328) width 44: "# # # #"
                        text run at (0,1344) width 44: "# # # #"
                        text run at (0,1360) width 44: "# # # #"
                        text run at (0,1376) width 44: "# # # #"
                        text run at (0,1392) width 44: "# # # #"
                        text run at (0,1408) width 44: "# # # #"
                        text run at (0,1424) width 44: "# # # #"
                        text run at (0,1440) width 44: "# # # #"
                        text run at (0,1456) width 44: "# # # #"
                        text run at (0,1472) width 44: "# # # #"
                        text run at (0,1488) width 44: "# # # #"
                        text run at (0,1504) width 44: "# # # #"
                        text run at (0,1520) width 44: "# # # #"
                        text run at (0,1536) width 44: "# # # #"
                        text run at (0,1552) width 44: "# # # #"
                        text run at (0,1568) width 44: "# # # #"
                        text run at (0,1584) width 44: "# # # #"
                        text run at (0,1600) width 44: "# # # #"
                        text run at (0,1616) width 44: "# # # #"
                        text run at (0,1632) width 44: "# # # #"
                        text run at (0,1648) width 44: "# # # #"
                        text run at (0,1664) width 44: "# # # #"
            RenderTableCell {TD} at (98,0) size 49x1168 [r=0 c=2 rs=1 cs=1]
              RenderTable {TABLE} at (0,0) size 49x1168
                RenderTableSection {THEAD} at (0,0) size 49x32
                  RenderTableRow {TR} at (0,0) size 49x32
                    RenderTableCell {TH} at (0,0) size 49x32 [r=0 c=0 rs=1 cs=1]
                      RenderText {#text} at (0,0) size 49x32
                        text run at (0,0) width 49: "Header"
                        text run at (14,16) width 20: "3/1"
                RenderTableSection {TBODY} at (0,32) size 49x1136
                  RenderTableRow {TR} at (0,0) size 49x1136
                    RenderTableCell {TD} at (0,0) size 49x1136 [r=0 c=0 rs=1 cs=1]
                      RenderText {#text} at (0,0) size 48x1136
                        text run at (0,0) width 48: "1 2 3 ! !"
                        text run at (0,16) width 44: "! ! ! ! ! !"
                        text run at (0,32) width 44: "! ! ! ! ! !"
                        text run at (0,48) width 44: "! ! ! ! ! !"
                        text run at (0,64) width 44: "! ! ! ! ! !"
                        text run at (0,80) width 44: "! ! ! ! ! !"
                        text run at (0,96) width 44: "! ! ! ! ! !"
                        text run at (0,112) width 44: "! ! ! ! ! !"
                        text run at (0,128) width 44: "! ! ! ! ! !"
                        text run at (0,144) width 44: "! ! ! ! ! !"
                        text run at (0,160) width 44: "! ! ! ! ! !"
                        text run at (0,176) width 44: "! ! ! ! ! !"
                        text run at (0,192) width 44: "! ! ! ! ! !"
                        text run at (0,208) width 44: "! ! ! ! ! !"
                        text run at (0,224) width 44: "! ! ! ! ! !"
                        text run at (0,240) width 44: "! ! ! ! ! !"
                        text run at (0,256) width 44: "! ! ! ! ! !"
                        text run at (0,272) width 44: "! ! ! ! ! !"
                        text run at (0,288) width 44: "! ! ! ! ! !"
                        text run at (0,304) width 44: "! ! ! ! ! !"
                        text run at (0,320) width 44: "! ! ! ! ! !"
                        text run at (0,336) width 44: "! ! ! ! ! !"
                        text run at (0,352) width 44: "! ! ! ! ! !"
                        text run at (0,368) width 44: "! ! ! ! ! !"
                        text run at (0,384) width 44: "! ! ! ! ! !"
                        text run at (0,400) width 44: "! ! ! ! ! !"
                        text run at (0,416) width 44: "! ! ! ! ! !"
                        text run at (0,432) width 44: "! ! ! ! ! !"
                        text run at (0,448) width 44: "! ! ! ! ! !"
                        text run at (0,464) width 44: "! ! ! ! ! !"
                        text run at (0,480) width 44: "! ! ! ! ! !"
                        text run at (0,496) width 44: "! ! ! ! ! !"
                        text run at (0,512) width 44: "! ! ! ! ! !"
                        text run at (0,528) width 44: "! ! ! ! ! !"
                        text run at (0,544) width 44: "! ! ! ! ! !"
                        text run at (0,560) width 8: "! "
                        text run at (8,560) width 36: "! ! ! ! !"
                        text run at (0,576) width 44: "! ! ! ! ! !"
                        text run at (0,592) width 44: "! ! ! ! ! !"
                        text run at (0,608) width 44: "! ! ! ! ! !"
                        text run at (0,624) width 44: "! ! ! ! ! !"
                        text run at (0,640) width 44: "! ! ! ! ! !"
                        text run at (0,656) width 44: "! ! ! ! ! !"
                        text run at (0,672) width 44: "! ! ! ! ! !"
                        text run at (0,688) width 44: "! ! ! ! ! !"
                        text run at (0,704) width 44: "! ! ! ! ! !"
                        text run at (0,720) width 44: "! ! ! ! ! !"
                        text run at (0,736) width 44: "! ! ! ! ! !"
                        text run at (0,752) width 44: "! ! ! ! ! !"
                        text run at (0,768) width 44: "! ! ! ! ! !"
                        text run at (0,784) width 44: "! ! ! ! ! !"
                        text run at (0,800) width 44: "! ! ! ! ! !"
                        text run at (0,816) width 44: "! ! ! ! ! !"
                        text run at (0,832) width 44: "! ! ! ! ! !"
                        text run at (0,848) width 44: "! ! ! ! ! !"
                        text run at (0,864) width 44: "! ! ! ! ! !"
                        text run at (0,880) width 44: "! ! ! ! ! !"
                        text run at (0,896) width 44: "! ! ! ! ! !"
                        text run at (0,912) width 44: "! ! ! ! ! !"
                        text run at (0,928) width 44: "! ! ! ! ! !"
                        text run at (0,944) width 44: "! ! ! ! ! !"
                        text run at (0,960) width 44: "! ! ! ! ! !"
                        text run at (0,976) width 44: "! ! ! ! ! !"
                        text run at (0,992) width 44: "! ! ! ! ! !"
                        text run at (0,1008) width 44: "! ! ! ! ! !"
                        text run at (0,1024) width 44: "! ! ! ! ! !"
                        text run at (0,1040) width 44: "! ! ! ! ! !"
                        text run at (0,1056) width 44: "! ! ! ! ! !"
                        text run at (0,1072) width 44: "! ! ! ! ! !"
                        text run at (0,1088) width 44: "! ! ! ! ! !"
                        text run at (0,1104) width 44: "! ! ! ! ! !"
                        text run at (0,1120) width 4: "!"
            RenderTableCell {TD} at (147,0) size 1x0 [r=0 c=3 rs=1 cs=1]
          RenderTableRow {TR} at (0,1712) size 148x1712
            RenderTableCell {TD} at (0,1984) size 49x1168 [r=1 c=0 rs=1 cs=1]
              RenderTable {TABLE} at (0,0) size 49x1168
                RenderTableSection {THEAD} at (0,0) size 49x32
                  RenderTableRow {TR} at (0,0) size 49x32
                    RenderTableCell {TH} at (0,0) size 49x32 [r=0 c=0 rs=1 cs=1]
                      RenderText {#text} at (0,0) size 49x32
                        text run at (0,0) width 49: "Header"
                        text run at (14,16) width 20: "1/2"
                RenderTableSection {TBODY} at (0,32) size 49x1136
                  RenderTableRow {TR} at (0,0) size 49x1136
                    RenderTableCell {TD} at (0,0) size 49x1136 [r=0 c=0 rs=1 cs=1]
                      RenderText {#text} at (0,0) size 48x1136
                        text run at (0,0) width 48: "1 2 3 - -"
                        text run at (0,16) width 44: "- - - - - -"
                        text run at (0,32) width 44: "- - - - - -"
                        text run at (0,48) width 44: "- - - - - -"
                        text run at (0,64) width 44: "- - - - - -"
                        text run at (0,80) width 44: "- - - - - -"
                        text run at (0,96) width 44: "- - - - - -"
                        text run at (0,112) width 44: "- - - - - -"
                        text run at (0,128) width 44: "- - - - - -"
                        text run at (0,144) width 44: "- - - - - -"
                        text run at (0,160) width 44: "- - - - - -"
                        text run at (0,176) width 44: "- - - - - -"
                        text run at (0,192) width 44: "- - - - - -"
                        text run at (0,208) width 44: "- - - - - -"
                        text run at (0,224) width 44: "- - - - - -"
                        text run at (0,240) width 44: "- - - - - -"
                        text run at (0,256) width 44: "- - - - - -"
                        text run at (0,272) width 44: "- - - - - -"
                        text run at (0,288) width 44: "- - - - - -"
                        text run at (0,304) width 44: "- - - - - -"
                        text run at (0,320) width 44: "- - - - - -"
                        text run at (0,336) width 44: "- - - - - -"
                        text run at (0,352) width 44: "- - - - - -"
                        text run at (0,368) width 44: "- - - - - -"
                        text run at (0,384) width 44: "- - - - - -"
                        text run at (0,400) width 44: "- - - - - -"
                        text run at (0,416) width 44: "- - - - - -"
                        text run at (0,432) width 44: "- - - - - -"
                        text run at (0,448) width 44: "- - - - - -"
                        text run at (0,464) width 44: "- - - - - -"
                        text run at (0,480) width 44: "- - - - - -"
                        text run at (0,496) width 44: "- - - - - -"
                        text run at (0,512) width 44: "- - - - - -"
                        text run at (0,528) width 44: "- - - - - -"
                        text run at (0,544) width 44: "- - - - - -"
                        text run at (0,560) width 8: "- "
                        text run at (8,560) width 36: "- - - - -"
                        text run at (0,576) width 44: "- - - - - -"
                        text run at (0,592) width 44: "- - - - - -"
                        text run at (0,608) width 44: "- - - - - -"
                        text run at (0,624) width 44: "- - - - - -"
                        text run at (0,640) width 44: "- - - - - -"
                        text run at (0,656) width 44: "- - - - - -"
                        text run at (0,672) width 44: "- - - - - -"
                        text run at (0,688) width 44: "- - - - - -"
                        text run at (0,704) width 44: "- - - - - -"
                        text run at (0,720) width 44: "- - - - - -"
                        text run at (0,736) width 44: "- - - - - -"
                        text run at (0,752) width 44: "- - - - - -"
                        text run at (0,768) width 44: "- - - - - -"
                        text run at (0,784) width 44: "- - - - - -"
                        text run at (0,800) width 44: "- - - - - -"
                        text run at (0,816) width 44: "- - - - - -"
                        text run at (0,832) width 44: "- - - - - -"
                        text run at (0,848) width 44: "- - - - - -"
                        text run at (0,864) width 44: "- - - - - -"
                        text run at (0,880) width 44: "- - - - - -"
                        text run at (0,896) width 44: "- - - - - -"
                        text run at (0,912) width 44: "- - - - - -"
                        text run at (0,928) width 44: "- - - - - -"
                        text run at (0,944) width 44: "- - - - - -"
                        text run at (0,960) width 44: "- - - - - -"
                        text run at (0,976) width 44: "- - - - - -"
                        text run at (0,992) width 44: "- - - - - -"
                        text run at (0,1008) width 44: "- - - - - -"
                        text run at (0,1024) width 44: "- - - - - -"
                        text run at (0,1040) width 44: "- - - - - -"
                        text run at (0,1056) width 44: "- - - - - -"
                        text run at (0,1072) width 44: "- - - - - -"
                        text run at (0,1088) width 44: "- - - - - -"
                        text run at (0,1104) width 44: "- - - - - -"
                        text run at (0,1120) width 4: "-"
            RenderTableCell {TD} at (49,1712) size 49x1712 [r=1 c=1 rs=1 cs=1]
              RenderTable {TABLE} at (0,0) size 49x1712
                RenderTableSection {THEAD} at (0,0) size 49x32
                  RenderTableRow {TR} at (0,0) size 49x32
                    RenderTableCell {TH} at (0,0) size 49x32 [r=0 c=0 rs=1 cs=1]
                      RenderText {#text} at (0,0) size 49x32
                        text run at (0,0) width 49: "Header"
                        text run at (14,16) width 20: "2/2"
                RenderTableSection {TBODY} at (0,32) size 49x1680
                  RenderTableRow {TR} at (0,0) size 49x1680
                    RenderTableCell {TD} at (0,0) size 49x1680 [r=0 c=0 rs=1 cs=1]
                      RenderText {#text} at (0,0) size 44x1680
                        text run at (0,0) width 44: "1 2 3 #"
                        text run at (0,16) width 44: "# # # #"
                        text run at (0,32) width 44: "# # # #"
                        text run at (0,48) width 44: "# # # #"
                        text run at (0,64) width 44: "# # # #"
                        text run at (0,80) width 44: "# # # #"
                        text run at (0,96) width 44: "# # # #"
                        text run at (0,112) width 44: "# # # #"
                        text run at (0,128) width 44: "# # # #"
                        text run at (0,144) width 44: "# # # #"
                        text run at (0,160) width 44: "# # # #"
                        text run at (0,176) width 44: "# # # #"
                        text run at (0,192) width 44: "# # # #"
                        text run at (0,208) width 44: "# # # #"
                        text run at (0,224) width 44: "# # # #"
                        text run at (0,240) width 44: "# # # #"
                        text run at (0,256) width 44: "# # # #"
                        text run at (0,272) width 44: "# # # #"
                        text run at (0,288) width 44: "# # # #"
                        text run at (0,304) width 44: "# # # #"
                        text run at (0,320) width 44: "# # # #"
                        text run at (0,336) width 44: "# # # #"
                        text run at (0,352) width 44: "# # # #"
                        text run at (0,368) width 44: "# # # #"
                        text run at (0,384) width 44: "# # # #"
                        text run at (0,400) width 44: "# # # #"
                        text run at (0,416) width 44: "# # # #"
                        text run at (0,432) width 44: "# # # #"
                        text run at (0,448) width 44: "# # # #"
                        text run at (0,464) width 44: "# # # #"
                        text run at (0,480) width 44: "# # # #"
                        text run at (0,496) width 44: "# # # #"
                        text run at (0,512) width 44: "# # # #"
                        text run at (0,528) width 44: "# # # #"
                        text run at (0,544) width 44: "# # # #"
                        text run at (0,560) width 44: "# # # #"
                        text run at (0,576) width 44: "# # # #"
                        text run at (0,592) width 44: "# # # #"
                        text run at (0,608) width 44: "# # # #"
                        text run at (0,624) width 44: "# # # #"
                        text run at (0,640) width 44: "# # # #"
                        text run at (0,656) width 44: "# # # #"
                        text run at (0,672) width 44: "# # # #"
                        text run at (0,688) width 44: "# # # #"
                        text run at (0,704) width 44: "# # # #"
                        text run at (0,720) width 44: "# # # #"
                        text run at (0,736) width 44: "# # # #"
                        text run at (0,752) width 44: "# # # #"
                        text run at (0,768) width 44: "# # # #"
                        text run at (0,784) width 44: "# # # #"
                        text run at (0,800) width 44: "# # # #"
                        text run at (0,816) width 44: "# # # #"
                        text run at (0,832) width 24: "# # "
                        text run at (24,832) width 20: "# #"
                        text run at (0,848) width 44: "# # # #"
                        text run at (0,864) width 44: "# # # #"
                        text run at (0,880) width 44: "# # # #"
                        text run at (0,896) width 44: "# # # #"
                        text run at (0,912) width 44: "# # # #"
                        text run at (0,928) width 44: "# # # #"
                        text run at (0,944) width 44: "# # # #"
                        text run at (0,960) width 44: "# # # #"
                        text run at (0,976) width 44: "# # # #"
                        text run at (0,992) width 44: "# # # #"
                        text run at (0,1008) width 44: "# # # #"
                        text run at (0,1024) width 44: "# # # #"
                        text run at (0,1040) width 44: "# # # #"
                        text run at (0,1056) width 44: "# # # #"
                        text run at (0,1072) width 44: "# # # #"
                        text run at (0,1088) width 44: "# # # #"
                        text run at (0,1104) width 44: "# # # #"
                        text run at (0,1120) width 44: "# # # #"
                        text run at (0,1136) width 44: "# # # #"
                        text run at (0,1152) width 44: "# # # #"
                        text run at (0,1168) width 44: "# # # #"
                        text run at (0,1184) width 44: "# # # #"
                        text run at (0,1200) width 44: "# # # #"
                        text run at (0,1216) width 44: "# # # #"
                        text run at (0,1232) width 44: "# # # #"
                        text run at (0,1248) width 44: "# # # #"
                        text run at (0,1264) width 44: "# # # #"
                        text run at (0,1280) width 44: "# # # #"
                        text run at (0,1296) width 44: "# # # #"
                        text run at (0,1312) width 44: "# # # #"
                        text run at (0,1328) width 44: "# # # #"
                        text run at (0,1344) width 44: "# # # #"
                        text run at (0,1360) width 44: "# # # #"
                        text run at (0,1376) width 44: "# # # #"
                        text run at (0,1392) width 44: "# # # #"
                        text run at (0,1408) width 44: "# # # #"
                        text run at (0,1424) width 44: "# # # #"
                        text run at (0,1440) width 44: "# # # #"
                        text run at (0,1456) width 44: "# # # #"
                        text run at (0,1472) width 44: "# # # #"
                        text run at (0,1488) width 44: "# # # #"
                        text run at (0,1504) width 44: "# # # #"
                        text run at (0,1520) width 44: "# # # #"
                        text run at (0,1536) width 44: "# # # #"
                        text run at (0,1552) width 44: "# # # #"
                        text run at (0,1568) width 44: "# # # #"
                        text run at (0,1584) width 44: "# # # #"
                        text run at (0,1600) width 44: "# # # #"
                        text run at (0,1616) width 44: "# # # #"
                        text run at (0,1632) width 44: "# # # #"
                        text run at (0,1648) width 44: "# # # #"
                        text run at (0,1664) width 44: "# # # #"
            RenderTableCell {TD} at (98,1984) size 49x1168 [r=1 c=2 rs=1 cs=1]
              RenderTable {TABLE} at (0,0) size 49x1168
                RenderTableSection {THEAD} at (0,0) size 49x32
                  RenderTableRow {TR} at (0,0) size 49x32
                    RenderTableCell {TH} at (0,0) size 49x32 [r=0 c=0 rs=1 cs=1]
                      RenderText {#text} at (0,0) size 49x32
                        text run at (0,0) width 49: "Header"
                        text run at (14,16) width 20: "3/2"
                RenderTableSection {TBODY} at (0,32) size 49x1136
                  RenderTableRow {TR} at (0,0) size 49x1136
                    RenderTableCell {TD} at (0,0) size 49x1136 [r=0 c=0 rs=1 cs=1]
                      RenderText {#text} at (0,0) size 48x1136
                        text run at (0,0) width 48: "1 2 3 ! !"
                        text run at (0,16) width 44: "! ! ! ! ! !"
                        text run at (0,32) width 44: "! ! ! ! ! !"
                        text run at (0,48) width 44: "! ! ! ! ! !"
                        text run at (0,64) width 44: "! ! ! ! ! !"
                        text run at (0,80) width 44: "! ! ! ! ! !"
                        text run at (0,96) width 44: "! ! ! ! ! !"
                        text run at (0,112) width 44: "! ! ! ! ! !"
                        text run at (0,128) width 44: "! ! ! ! ! !"
                        text run at (0,144) width 44: "! ! ! ! ! !"
                        text run at (0,160) width 44: "! ! ! ! ! !"
                        text run at (0,176) width 44: "! ! ! ! ! !"
                        text run at (0,192) width 44: "! ! ! ! ! !"
                        text run at (0,208) width 44: "! ! ! ! ! !"
                        text run at (0,224) width 44: "! ! ! ! ! !"
                        text run at (0,240) width 44: "! ! ! ! ! !"
                        text run at (0,256) width 44: "! ! ! ! ! !"
                        text run at (0,272) width 44: "! ! ! ! ! !"
                        text run at (0,288) width 44: "! ! ! ! ! !"
                        text run at (0,304) width 44: "! ! ! ! ! !"
                        text run at (0,320) width 44: "! ! ! ! ! !"
                        text run at (0,336) width 44: "! ! ! ! ! !"
                        text run at (0,352) width 44: "! ! ! ! ! !"
                        text run at (0,368) width 44: "! ! ! ! ! !"
                        text run at (0,384) width 44: "! ! ! ! ! !"
                        text run at (0,400) width 44: "! ! ! ! ! !"
                        text run at (0,416) width 44: "! ! ! ! ! !"
                        text run at (0,432) width 44: "! ! ! ! ! !"
                        text run at (0,448) width 44: "! ! ! ! ! !"
                        text run at (0,464) width 44: "! ! ! ! ! !"
                        text run at (0,480) width 44: "! ! ! ! ! !"
                        text run at (0,496) width 44: "! ! ! ! ! !"
                        text run at (0,512) width 44: "! ! ! ! ! !"
                        text run at (0,528) width 44: "! ! ! ! ! !"
                        text run at (0,544) width 44: "! ! ! ! ! !"
                        text run at (0,560) width 8: "! "
                        text run at (8,560) width 36: "! ! ! ! !"
                        text run at (0,576) width 44: "! ! ! ! ! !"
                        text run at (0,592) width 44: "! ! ! ! ! !"
                        text run at (0,608) width 44: "! ! ! ! ! !"
                        text run at (0,624) width 44: "! ! ! ! ! !"
                        text run at (0,640) width 44: "! ! ! ! ! !"
                        text run at (0,656) width 44: "! ! ! ! ! !"
                        text run at (0,672) width 44: "! ! ! ! ! !"
                        text run at (0,688) width 44: "! ! ! ! ! !"
                        text run at (0,704) width 44: "! ! ! ! ! !"
                        text run at (0,720) width 44: "! ! ! ! ! !"
                        text run at (0,736) width 44: "! ! ! ! ! !"
                        text run at (0,752) width 44: "! ! ! ! ! !"
                        text run at (0,768) width 44: "! ! ! ! ! !"
                        text run at (0,784) width 44: "! ! ! ! ! !"
                        text run at (0,800) width 44: "! ! ! ! ! !"
                        text run at (0,816) width 44: "! ! ! ! ! !"
                        text run at (0,832) width 44: "! ! ! ! ! !"
                        text run at (0,848) width 44: "! ! ! ! ! !"
                        text run at (0,864) width 44: "! ! ! ! ! !"
                        text run at (0,880) width 44: "! ! ! ! ! !"
                        text run at (0,896) width 44: "! ! ! ! ! !"
                        text run at (0,912) width 44: "! ! ! ! ! !"
                        text run at (0,928) width 44: "! ! ! ! ! !"
                        text run at (0,944) width 44: "! ! ! ! ! !"
                        text run at (0,960) width 44: "! ! ! ! ! !"
                        text run at (0,976) width 44: "! ! ! ! ! !"
                        text run at (0,992) width 44: "! ! ! ! ! !"
                        text run at (0,1008) width 44: "! ! ! ! ! !"
                        text run at (0,1024) width 44: "! ! ! ! ! !"
                        text run at (0,1040) width 44: "! ! ! ! ! !"
                        text run at (0,1056) width 44: "! ! ! ! ! !"
                        text run at (0,1072) width 44: "! ! ! ! ! !"
                        text run at (0,1088) width 44: "! ! ! ! ! !"
                        text run at (0,1104) width 44: "! ! ! ! ! !"
                        text run at (0,1120) width 4: "!"
