layer at (0,0) size 96x3298
  RenderView at (0,0) size 96x26
layer at (0,0) size 96x3298
  RenderBlock {HTML} at (0,0) size 96x3298
    RenderBody {BODY} at (8,8) size 80x3282 [bgcolor=#C0C0C0]
      RenderTable {TABLE} at (0,0) size 80x1068 [border: (3px outset #808080)]
        RenderTableSection {TBODY} at (3,3) size 74x1062
          RenderTableRow {TR} at (0,2) size 74x1058
            RenderTableCell {TD} at (2,2) size 70x1058 [border: (1px inset #808080)] [r=0 c=0 rs=1 cs=1]
              RenderTable {TABLE} at (2,2) size 40x1054 [border: (3px outset #808080)]
                RenderTableSection {TBODY} at (3,3) size 34x1048
                  RenderTableRow {TR} at (0,2) size 34x1044
                    RenderTableCell {TD} at (2,2) size 30x1044 [border: (1px inset #808080)] [r=0 c=0 rs=1 cs=1]
                      RenderText {#text} at (2,2) size 26x1040
                        text run at (2,2) width 26: "blah"
                        text run at (2,18) width 26: "blah"
                        text run at (2,34) width 26: "blah"
                        text run at (2,50) width 26: "blah"
                        text run at (2,66) width 26: "blah"
                        text run at (2,82) width 26: "blah"
                        text run at (2,98) width 26: "blah"
                        text run at (2,114) width 26: "blah"
                        text run at (2,130) width 26: "blah"
                        text run at (2,146) width 26: "blah"
                        text run at (2,162) width 26: "blah"
                        text run at (2,178) width 26: "blah"
                        text run at (2,194) width 26: "blah"
                        text run at (2,210) width 26: "blah"
                        text run at (2,226) width 26: "blah"
                        text run at (2,242) width 26: "blah"
                        text run at (2,258) width 26: "blah"
                        text run at (2,274) width 26: "blah"
                        text run at (2,290) width 26: "blah"
                        text run at (2,306) width 26: "blah"
                        text run at (2,322) width 26: "blah"
                        text run at (2,338) width 26: "blah"
                        text run at (2,354) width 26: "blah"
                        text run at (2,370) width 26: "blah"
                        text run at (2,386) width 26: "blah"
                        text run at (2,402) width 26: "blah"
                        text run at (2,418) width 26: "blah"
                        text run at (2,434) width 26: "blah"
                        text run at (2,450) width 26: "blah"
                        text run at (2,466) width 26: "blah"
                        text run at (2,482) width 26: "blah"
                        text run at (2,498) width 26: "blah"
                        text run at (2,514) width 26: "blah"
                        text run at (2,530) width 26: "blah"
                        text run at (2,546) width 26: "blah"
                        text run at (2,562) width 26: "blah"
                        text run at (2,578) width 26: "blah"
                        text run at (2,594) width 26: "blah"
                        text run at (2,610) width 26: "blah"
                        text run at (2,626) width 26: "blah"
                        text run at (2,642) width 26: "blah"
                        text run at (2,658) width 26: "blah"
                        text run at (2,674) width 26: "blah"
                        text run at (2,690) width 26: "blah"
                        text run at (2,706) width 26: "blah"
                        text run at (2,722) width 26: "blah"
                        text run at (2,738) width 26: "blah"
                        text run at (2,754) width 26: "blah"
                        text run at (2,770) width 26: "blah"
                        text run at (2,786) width 26: "blah"
                        text run at (2,802) width 26: "blah"
                        text run at (2,818) width 26: "blah"
                        text run at (2,834) width 26: "blah"
                        text run at (2,850) width 26: "blah"
                        text run at (2,866) width 26: "blah"
                        text run at (2,882) width 26: "blah"
                        text run at (2,898) width 26: "blah"
                        text run at (2,914) width 26: "blah"
                        text run at (2,930) width 26: "blah"
                        text run at (2,946) width 26: "blah"
                        text run at (2,962) width 26: "blah"
                        text run at (2,978) width 26: "blah"
                        text run at (2,994) width 26: "blah"
                        text run at (2,1010) width 26: "blah"
                        text run at (2,1026) width 26: "blah"
      RenderBlock (anonymous) at (0,1068) size 80x16
        RenderBR {BR} at (0,0) size 0x16
      RenderTable {TABLE} at (0,1084) size 80x1084 [border: (3px outset #808080)]
        RenderTableSection {TBODY} at (3,3) size 74x1078
          RenderTableRow {TR} at (0,2) size 74x1074
            RenderTableCell {TD} at (2,2) size 70x1074 [border: (1px inset #808080)] [r=0 c=0 rs=1 cs=1]
              RenderText {#text} at (2,2) size 56x16
                text run at (2,2) width 56: "blah blah"
              RenderTable {TABLE} at (2,18) size 40x1054 [border: (3px outset #808080)]
                RenderTableSection {TBODY} at (3,3) size 34x1048
                  RenderTableRow {TR} at (0,2) size 34x1044
                    RenderTableCell {TD} at (2,2) size 30x1044 [border: (1px inset #808080)] [r=0 c=0 rs=1 cs=1]
                      RenderText {#text} at (2,2) size 26x1040
                        text run at (2,2) width 26: "blah"
                        text run at (2,18) width 26: "blah"
                        text run at (2,34) width 26: "blah"
                        text run at (2,50) width 26: "blah"
                        text run at (2,66) width 26: "blah"
                        text run at (2,82) width 26: "blah"
                        text run at (2,98) width 26: "blah"
                        text run at (2,114) width 26: "blah"
                        text run at (2,130) width 26: "blah"
                        text run at (2,146) width 26: "blah"
                        text run at (2,162) width 26: "blah"
                        text run at (2,178) width 26: "blah"
                        text run at (2,194) width 26: "blah"
                        text run at (2,210) width 26: "blah"
                        text run at (2,226) width 26: "blah"
                        text run at (2,242) width 26: "blah"
                        text run at (2,258) width 26: "blah"
                        text run at (2,274) width 26: "blah"
                        text run at (2,290) width 26: "blah"
                        text run at (2,306) width 26: "blah"
                        text run at (2,322) width 26: "blah"
                        text run at (2,338) width 26: "blah"
                        text run at (2,354) width 26: "blah"
                        text run at (2,370) width 26: "blah"
                        text run at (2,386) width 26: "blah"
                        text run at (2,402) width 26: "blah"
                        text run at (2,418) width 26: "blah"
                        text run at (2,434) width 26: "blah"
                        text run at (2,450) width 26: "blah"
                        text run at (2,466) width 26: "blah"
                        text run at (2,482) width 26: "blah"
                        text run at (2,498) width 26: "blah"
                        text run at (2,514) width 26: "blah"
                        text run at (2,530) width 26: "blah"
                        text run at (2,546) width 26: "blah"
                        text run at (2,562) width 26: "blah"
                        text run at (2,578) width 26: "blah"
                        text run at (2,594) width 26: "blah"
                        text run at (2,610) width 26: "blah"
                        text run at (2,626) width 26: "blah"
                        text run at (2,642) width 26: "blah"
                        text run at (2,658) width 26: "blah"
                        text run at (2,674) width 26: "blah"
                        text run at (2,690) width 26: "blah"
                        text run at (2,706) width 26: "blah"
                        text run at (2,722) width 26: "blah"
                        text run at (2,738) width 26: "blah"
                        text run at (2,754) width 26: "blah"
                        text run at (2,770) width 26: "blah"
                        text run at (2,786) width 26: "blah"
                        text run at (2,802) width 26: "blah"
                        text run at (2,818) width 26: "blah"
                        text run at (2,834) width 26: "blah"
                        text run at (2,850) width 26: "blah"
                        text run at (2,866) width 26: "blah"
                        text run at (2,882) width 26: "blah"
                        text run at (2,898) width 26: "blah"
                        text run at (2,914) width 26: "blah"
                        text run at (2,930) width 26: "blah"
                        text run at (2,946) width 26: "blah"
                        text run at (2,962) width 26: "blah"
                        text run at (2,978) width 26: "blah"
                        text run at (2,994) width 26: "blah"
                        text run at (2,1010) width 26: "blah"
                        text run at (2,1026) width 26: "blah"
              RenderText {#text} at (0,0) size 0x0
      RenderBlock (anonymous) at (0,2168) size 80x16
        RenderBR {BR} at (0,0) size 0x16
      RenderTable {TABLE} at (0,2184) size 80x1098 [border: (3px outset #808080)]
        RenderTableSection {TBODY} at (3,3) size 74x1092
          RenderTableRow {TR} at (0,2) size 74x1088
            RenderTableCell {TD} at (2,2) size 70x1088 [border: (1px inset #808080)] [r=0 c=0 rs=1 cs=1]
              RenderBlock (anonymous) at (2,2) size 66x16
                RenderText {#text} at (0,0) size 56x16
                  text run at (0,0) width 56: "blah blah"
              RenderBlock {P} at (2,32) size 66x0
                RenderTable {TABLE} at (0,0) size 40x1054 [border: (3px outset #808080)]
                  RenderTableSection {TBODY} at (3,3) size 34x1048
                    RenderTableRow {TR} at (0,2) size 34x1044
                      RenderTableCell {TD} at (2,2) size 30x1044 [border: (1px inset #808080)] [r=0 c=0 rs=1 cs=1]
                        RenderText {#text} at (2,2) size 26x1040
                          text run at (2,2) width 26: "blah"
                          text run at (2,18) width 26: "blah"
                          text run at (2,34) width 26: "blah"
                          text run at (2,50) width 26: "blah"
                          text run at (2,66) width 26: "blah"
                          text run at (2,82) width 26: "blah"
                          text run at (2,98) width 26: "blah"
                          text run at (2,114) width 26: "blah"
                          text run at (2,130) width 26: "blah"
                          text run at (2,146) width 26: "blah"
                          text run at (2,162) width 26: "blah"
                          text run at (2,178) width 26: "blah"
                          text run at (2,194) width 26: "blah"
                          text run at (2,210) width 26: "blah"
                          text run at (2,226) width 26: "blah"
                          text run at (2,242) width 26: "blah"
                          text run at (2,258) width 26: "blah"
                          text run at (2,274) width 26: "blah"
                          text run at (2,290) width 26: "blah"
                          text run at (2,306) width 26: "blah"
                          text run at (2,322) width 26: "blah"
                          text run at (2,338) width 26: "blah"
                          text run at (2,354) width 26: "blah"
                          text run at (2,370) width 26: "blah"
                          text run at (2,386) width 26: "blah"
                          text run at (2,402) width 26: "blah"
                          text run at (2,418) width 26: "blah"
                          text run at (2,434) width 26: "blah"
                          text run at (2,450) width 26: "blah"
                          text run at (2,466) width 26: "blah"
                          text run at (2,482) width 26: "blah"
                          text run at (2,498) width 26: "blah"
                          text run at (2,514) width 26: "blah"
                          text run at (2,530) width 26: "blah"
                          text run at (2,546) width 26: "blah"
                          text run at (2,562) width 26: "blah"
                          text run at (2,578) width 26: "blah"
                          text run at (2,594) width 26: "blah"
                          text run at (2,610) width 26: "blah"
                          text run at (2,626) width 26: "blah"
                          text run at (2,642) width 26: "blah"
                          text run at (2,658) width 26: "blah"
                          text run at (2,674) width 26: "blah"
                          text run at (2,690) width 26: "blah"
                          text run at (2,706) width 26: "blah"
                          text run at (2,722) width 26: "blah"
                          text run at (2,738) width 26: "blah"
                          text run at (2,754) width 26: "blah"
                          text run at (2,770) width 26: "blah"
                          text run at (2,786) width 26: "blah"
                          text run at (2,802) width 26: "blah"
                          text run at (2,818) width 26: "blah"
                          text run at (2,834) width 26: "blah"
                          text run at (2,850) width 26: "blah"
                          text run at (2,866) width 26: "blah"
                          text run at (2,882) width 26: "blah"
                          text run at (2,898) width 26: "blah"
                          text run at (2,914) width 26: "blah"
                          text run at (2,930) width 26: "blah"
                          text run at (2,946) width 26: "blah"
                          text run at (2,962) width 26: "blah"
                          text run at (2,978) width 26: "blah"
                          text run at (2,994) width 26: "blah"
                          text run at (2,1010) width 26: "blah"
                          text run at (2,1026) width 26: "blah"
