layer at (0,0) size 145x563
  RenderView at (0,0) size 96x26
layer at (0,0) size 145x563
  RenderBlock {HTML} at (0,0) size 96x563
    RenderBody {BODY} at (8,8) size 80x547
      RenderTable {TABLE} at (0,0) size 137x547 [bgcolor=#FFC0CB]
        RenderTableSection {TBODY} at (0,0) size 137x547
          RenderTableRow {TR} at (0,0) size 137x16
            RenderTableCell {TD} at (0,0) size 137x16 [bgcolor=#FFFF00] [r=0 c=0 rs=1 cs=3]
              RenderText {#text} at (0,0) size 8x16
                text run at (0,0) width 8: "1"
          RenderTableRow {TR} at (0,16) size 137x16
            RenderTableCell {TD} at (0,16) size 137x16 [bgcolor=#FF0000] [r=1 c=0 rs=1 cs=3]
              RenderText {#text} at (0,0) size 8x16
                text run at (0,0) width 8: "2"
          RenderTableRow {TR} at (0,32) size 137x0
            RenderTableCell {TD} at (0,32) size 8x16 [bgcolor=#00FFFF] [r=2 c=0 rs=40 cs=1]
              RenderText {#text} at (0,0) size 8x16
                text run at (0,0) width 8: "3"
          RenderBlock {FORM} at (0,0) size 137x0
          RenderTableRow {TR} at (0,32) size 137x35
            RenderTableCell {TD} at (8,32) size 129x35 [bgcolor=#FFA500] [r=3 c=1 rs=1 cs=1]
              RenderTable {TABLE} at (0,0) size 129x35
                RenderTableSection {TBODY} at (0,0) size 129x35
                  RenderTableRow {TR} at (0,2) size 129x31
                    RenderTableCell {TD} at (2,2) size 113x31 [r=0 c=0 rs=1 cs=1]
                      RenderButton {INPUT} at (3,3) size 107x25 [bgcolor=#C0C0C0] [border: (2px outset #C0C0C0)]
                        RenderBlock (anonymous) at (8,4) size 91x16
                          RenderText at (0,0) size 91x16
                            text run at (0,0) width 91: "Submit Criteria"
                    RenderTableCell {TD} at (117,8) size 10x18 [r=0 c=1 rs=1 cs=1]
                      RenderText {#text} at (1,1) size 8x16
                        text run at (1,1) width 8: "4"
          RenderTableRow {TR} at (0,67) size 137x16
            RenderTableCell {TD} at (8,67) size 129x16 [bgcolor=#FF0000] [r=4 c=1 rs=1 cs=1]
              RenderText {#text} at (0,0) size 8x16
                text run at (0,0) width 8: "5"
          RenderTableRow {TR} at (0,83) size 137x80
            RenderTableCell {TD} at (8,83) size 129x80 [bgcolor=#FFFF00] [r=5 c=1 rs=1 cs=1]
              RenderText {#text} at (0,0) size 125x80
                text run at (0,0) width 122: "If you have entered"
                text run at (0,16) width 125: "your feature criteria,"
                text run at (0,32) width 109: "press the \"Submit"
                text run at (0,48) width 93: "Criteria\" button"
                text run at (0,64) width 41: "above."
          RenderTableRow {TR} at (0,163) size 137x16
            RenderTableCell {TD} at (8,163) size 129x16 [bgcolor=#D3D3D3] [r=6 c=1 rs=1 cs=1]
              RenderText {#text} at (0,0) size 8x16
                text run at (0,0) width 8: "6"
          RenderTableRow {TR} at (0,179) size 137x144
            RenderTableCell {TD} at (8,179) size 129x144 [r=7 c=1 rs=1 cs=1]
              RenderText {#text} at (0,0) size 127x144
                text run at (0,0) width 116: "If you want to do a"
                text run at (0,16) width 85: "radius search"
                text run at (0,32) width 53: "instead, "
                text run at (53,32) width 59: "press the"
                text run at (0,48) width 102: "\"Radius Search\""
                text run at (0,64) width 45: "button. "
                text run at (45,64) width 50: "This will"
                text run at (0,80) width 127: "allow you to select a"
                text run at (0,96) width 86: "starting point "
                text run at (86,96) width 24: "and"
                text run at (0,112) width 116: "enter a radius with"
                text run at (0,128) width 124: "new feature criteria."
          RenderTableRow {TR} at (0,323) size 137x16
            RenderTableCell {TD} at (8,323) size 129x16 [r=8 c=1 rs=1 cs=1]
              RenderText {#text} at (0,0) size 4x16
                text run at (0,0) width 4: " "
          RenderTableRow {TR} at (0,339) size 137x208
            RenderTableCell {TD} at (8,339) size 129x208 [r=9 c=1 rs=1 cs=1]
              RenderText {#text} at (0,0) size 129x208
                text run at (0,0) width 89: "All information"
                text run at (0,16) width 124: "provided is deemed"
                text run at (0,32) width 105: "reliable but is not"
                text run at (0,48) width 100: "guaranteed and"
                text run at (0,64) width 60: "should be"
                text run at (0,80) width 89: "independently"
                text run at (0,96) width 113: "verified. The price"
                text run at (0,112) width 71: "shown may"
                text run at (0,128) width 126: "represent the top or"
                text run at (0,144) width 74: "bottom of a "
                text run at (74,144) width 31: "price"
                text run at (0,160) width 129: "range listing and not"
                text run at (0,176) width 117: "necessarily a fixed"
                text run at (0,192) width 67: "price offer."
