layer at (0,0) size 96x26
  RenderView at (0,0) size 96x26
layer at (0,0) size 41x22
  RenderTable {table} at (0,0) size 41x22
    RenderTableSection {tbody} at (0,0) size 41x22
      RenderTableRow {tr} at (0,2) size 41x18
        RenderTableCell {td} at (2,2) size 37x18 [r=0 c=0 rs=1 cs=1]
          RenderText {#text} at (1,1) size 35x16
            text run at (1,1) width 35: "a test"
