layer at (0,0) size 163x2212
  RenderView at (0,0) size 96x26
layer at (0,0) size 163x2212
  RenderBlock {HTML} at (0,0) size 96x2212
    RenderBody {BODY} at (8,8) size 80x2196
      RenderTable {TABLE} at (0,0) size 151x326
        RenderTableSection {TBODY} at (0,0) size 151x326
          RenderTableRow {TR} at (0,2) size 151x322
            RenderTableCell {TD} at (2,2) size 90x322 [r=0 c=0 rs=1 cs=1]
              RenderImage {IMG} at (1,1) size 88x64
              RenderImage {IMG} at (1,65) size 88x64
              RenderImage {IMG} at (1,129) size 88x64
              RenderImage {IMG} at (1,193) size 88x64
              RenderImage {IMG} at (1,257) size 88x64
            RenderTableCell {TD} at (94,138) size 55x50 [r=0 c=1 rs=1 cs=1]
              RenderText {#text} at (1,1) size 53x48
                text run at (1,1) width 49: "Nothing"
                text run at (1,17) width 53: "between"
                text run at (1,33) width 45: "images"
      RenderTable {TABLE} at (0,326) size 151x326
        RenderTableSection {TBODY} at (0,0) size 151x326
          RenderTableRow {TR} at (0,2) size 151x322
            RenderTableCell {TD} at (2,2) size 90x322 [r=0 c=0 rs=1 cs=1]
              RenderImage {IMG} at (1,1) size 88x64
              RenderText {#text} at (0,0) size 0x0
              RenderImage {IMG} at (1,65) size 88x64
              RenderText {#text} at (0,0) size 0x0
              RenderImage {IMG} at (1,129) size 88x64
              RenderText {#text} at (0,0) size 0x0
              RenderImage {IMG} at (1,193) size 88x64
              RenderText {#text} at (0,0) size 0x0
              RenderImage {IMG} at (1,257) size 88x64
            RenderTableCell {TD} at (94,138) size 55x50 [r=0 c=1 rs=1 cs=1]
              RenderText {#text} at (1,1) size 53x48
                text run at (1,1) width 47: "Spaces"
                text run at (1,17) width 53: "between"
                text run at (1,33) width 45: "images"
      RenderTable {TABLE} at (0,652) size 155x326
        RenderTableSection {TBODY} at (0,0) size 155x326
          RenderTableRow {TR} at (0,2) size 155x322
            RenderTableCell {TD} at (2,2) size 90x322 [r=0 c=0 rs=1 cs=1]
              RenderImage {IMG} at (1,1) size 88x64
              RenderText {#text} at (0,0) size 0x0
              RenderImage {IMG} at (1,65) size 88x64
              RenderText {#text} at (0,0) size 0x0
              RenderImage {IMG} at (1,129) size 88x64
              RenderText {#text} at (0,0) size 0x0
              RenderImage {IMG} at (1,193) size 88x64
              RenderText {#text} at (0,0) size 0x0
              RenderImage {IMG} at (1,257) size 88x64
            RenderTableCell {TD} at (94,138) size 59x50 [r=0 c=1 rs=1 cs=1]
              RenderText {#text} at (1,1) size 57x48
                text run at (1,1) width 57: "Newlines"
                text run at (1,17) width 53: "between"
                text run at (1,33) width 45: "images"
      RenderTable {TABLE} at (0,978) size 151x406
        RenderTableSection {TBODY} at (0,0) size 151x406
          RenderTableRow {TR} at (0,2) size 151x402
            RenderTableCell {TD} at (2,2) size 90x402 [r=0 c=0 rs=1 cs=1]
              RenderText {#text} at (1,1) size 27x16
                text run at (1,1) width 27: "One"
              RenderImage {IMG} at (1,17) size 88x64
              RenderText {#text} at (1,81) size 27x16
                text run at (1,81) width 27: "Two"
              RenderImage {IMG} at (1,97) size 88x64
              RenderText {#text} at (1,161) size 38x16
                text run at (1,161) width 38: "Three"
              RenderImage {IMG} at (1,177) size 88x64
              RenderText {#text} at (1,241) size 28x16
                text run at (1,241) width 28: "Four"
              RenderImage {IMG} at (1,257) size 88x64
              RenderText {#text} at (1,321) size 26x16
                text run at (1,321) width 26: "Five"
              RenderImage {IMG} at (1,337) size 88x64
            RenderTableCell {TD} at (94,178) size 55x50 [r=0 c=1 rs=1 cs=1]
              RenderText {#text} at (1,1) size 53x48
                text run at (1,1) width 28: "Text"
                text run at (1,17) width 53: "between"
                text run at (1,33) width 45: "images"
      RenderTable {TABLE} at (0,1384) size 151x406
        RenderTableSection {TBODY} at (0,0) size 151x406
          RenderTableRow {TR} at (0,2) size 151x402
            RenderTableCell {TD} at (2,2) size 90x402 [r=0 c=0 rs=1 cs=1]
              RenderText {#text} at (1,1) size 31x16
                text run at (1,1) width 31: "One "
              RenderImage {IMG} at (1,17) size 88x64
              RenderText {#text} at (1,81) size 31x16
                text run at (1,81) width 31: "Two "
              RenderImage {IMG} at (1,97) size 88x64
              RenderText {#text} at (1,161) size 42x16
                text run at (1,161) width 42: "Three "
              RenderImage {IMG} at (1,177) size 88x64
              RenderText {#text} at (1,241) size 32x16
                text run at (1,241) width 32: "Four "
              RenderImage {IMG} at (1,257) size 88x64
              RenderText {#text} at (1,321) size 30x16
                text run at (1,321) width 30: "Five "
              RenderImage {IMG} at (1,337) size 88x64
            RenderTableCell {TD} at (94,162) size 55x82 [r=0 c=1 rs=1 cs=1]
              RenderText {#text} at (1,1) size 53x80
                text run at (1,1) width 28: "Text"
                text run at (1,17) width 25: "with"
                text run at (1,33) width 45: "spaces"
                text run at (1,49) width 53: "between"
                text run at (1,65) width 45: "images"
      RenderTable {TABLE} at (0,1790) size 151x406
        RenderTableSection {TBODY} at (0,0) size 151x406
          RenderTableRow {TR} at (0,2) size 151x402
            RenderTableCell {TD} at (2,2) size 90x402 [r=0 c=0 rs=1 cs=1]
              RenderText {#text} at (1,1) size 40x16
                text run at (1,1) width 40: "One A"
              RenderImage {IMG} at (1,17) size 88x64
              RenderText {#text} at (1,81) size 38x16
                text run at (1,81) width 38: "Two b"
              RenderImage {IMG} at (1,97) size 88x64
              RenderText {#text} at (1,161) size 49x16
                text run at (1,161) width 49: "Three c"
              RenderImage {IMG} at (1,177) size 88x64
              RenderText {#text} at (1,241) size 40x16
                text run at (1,241) width 40: "Four d"
              RenderImage {IMG} at (1,257) size 88x64
              RenderText {#text} at (1,321) size 38x16
                text run at (1,321) width 38: "Five e"
              RenderImage {IMG} at (1,337) size 88x64
            RenderTableCell {TD} at (94,138) size 55x130 [r=0 c=1 rs=1 cs=1]
              RenderText {#text} at (1,1) size 53x128
                text run at (1,1) width 28: "Text"
                text run at (1,17) width 25: "with"
                text run at (1,33) width 45: "spaces"
                text run at (1,49) width 24: "and"
                text run at (1,65) width 32: "more"
                text run at (1,81) width 23: "text"
                text run at (1,97) width 53: "between"
                text run at (1,113) width 45: "images"
