layer at (0,0) size 96x96
  RenderView at (0,0) size 96x26
layer at (0,0) size 96x96
  RenderBlock {HTML} at (0,0) size 96x96
    RenderBody {BODY} at (8,8) size 80x80
      RenderBlock (anonymous) at (0,0) size 80x16
        RenderText {#text} at (0,0) size 8x16
          text run at (0,0) width 8: "1"
      RenderTable {TABLE} at (0,16) size 80x10 [border: (1px outset #808080)]
        RenderTableSection {TBODY} at (1,1) size 78x8
          RenderTableRow {TR} at (0,2) size 78x4
            RenderTableCell {TD} at (2,2) size 74x4 [border: (1px inset #808080)] [r=0 c=0 rs=1 cs=1]
      RenderBlock (anonymous) at (0,26) size 80x32
        RenderText {#text} at (0,0) size 12x16
          text run at (0,0) width 12: "2 "
        RenderBR {BR} at (0,0) size 0x0
        RenderText {#text} at (0,16) size 8x16
          text run at (0,16) width 8: "3"
      RenderTable {TABLE} at (0,58) size 80x6 [border: (1px outset #808080)]
        RenderTableSection {TBODY} at (1,1) size 78x4
          RenderTableRow {TR} at (0,2) size 78x0
      RenderBlock (anonymous) at (0,64) size 80x16
        RenderText {#text} at (0,0) size 8x16
          text run at (0,0) width 8: "4"
        RenderText {#text} at (0,0) size 0x0
        RenderText {#text} at (0,0) size 0x0
