layer at (0,0) size 800x2454
  RenderView at (0,0) size 800x600
layer at (0,0) size 800x2230
  RenderBlock {HTML} at (0,0) size 800x2230
    RenderBody {BODY} at (8,8) size 784x2214 [bgcolor=#19BCD2]
      RenderTable {TABLE} at (0,0) size 784x199 [bgcolor=#FFA500] [border: (1px outset #808080)]
        RenderTableSection {TBODY} at (1,1) size 782x197
          RenderTableRow {TR} at (0,0) size 782x158
            RenderTableCell {TD} at (0,0) size 782x18 [border: (1px inset #808080)] [r=0 c=0 rs=1 cs=1]
              RenderText {#text} at (1,1) size 155x16
                text run at (1,1) width 155: "80% of table 200px table"
          RenderTableRow {TR} at (0,158) size 782x39
            RenderTableCell {TD} at (0,158) size 782x18 [border: (1px inset #808080)] [r=1 c=0 rs=1 cs=1]
              RenderText {#text} at (1,1) size 155x16
                text run at (1,1) width 155: "20% of table 200px table"
      RenderBlock (anonymous) at (0,199) size 784x16
        RenderBR {BR} at (0,0) size 0x16
      RenderTable {TABLE} at (0,215) size 784x38 [bgcolor=#FFA500] [border: (1px outset #808080)]
        RenderTableSection {TBODY} at (1,1) size 782x36
          RenderTableRow {TR} at (0,0) size 782x18
            RenderTableCell {TD} at (0,0) size 782x18 [border: (1px inset #808080)] [r=0 c=0 rs=1 cs=1]
              RenderText {#text} at (1,1) size 125x16
                text run at (1,1) width 125: "80% of 200px tbody"
          RenderTableRow {TR} at (0,18) size 782x18
            RenderTableCell {TD} at (0,18) size 782x18 [border: (1px inset #808080)] [r=1 c=0 rs=1 cs=1]
              RenderText {#text} at (1,1) size 125x16
                text run at (1,1) width 125: "20% of 200px tbody"
      RenderBlock (anonymous) at (0,253) size 784x16
        RenderBR {BR} at (0,0) size 0x16
      RenderTable {TABLE} at (0,269) size 784x38 [bgcolor=#FFA500] [border: (1px outset #808080)]
        RenderTableSection {TBODY} at (1,1) size 782x36
          RenderTableRow {TR} at (0,0) size 782x18
            RenderTableCell {TD} at (0,0) size 782x18 [border: (1px inset #808080)] [r=0 c=0 rs=1 cs=1]
              RenderText {#text} at (1,1) size 125x16
                text run at (1,1) width 125: "80% of 200px tbody"
          RenderTableRow {TR} at (0,18) size 782x18
            RenderTableCell {TD} at (0,18) size 782x18 [border: (1px inset #808080)] [r=1 c=0 rs=1 cs=1]
              RenderText {#text} at (1,1) size 125x16
                text run at (1,1) width 125: "20% of 200px tbody"
      RenderBlock (anonymous) at (0,307) size 784x16
        RenderBR {BR} at (0,0) size 0x16
      RenderTable {TABLE} at (0,323) size 784x199 [bgcolor=#FFA500] [border: (1px outset #808080)]
        RenderTableSection {TBODY} at (1,1) size 782x197
          RenderTableRow {TR} at (0,0) size 782x158
            RenderTableCell {TD} at (0,0) size 782x18 [border: (1px inset #808080)] [r=0 c=0 rs=1 cs=1]
              RenderText {#text} at (1,1) size 148x16
                text run at (1,1) width 148: "row 80% of 200px table"
          RenderTableRow {TR} at (0,158) size 782x39
            RenderTableCell {TD} at (0,158) size 782x18 [border: (1px inset #808080)] [r=1 c=0 rs=1 cs=1]
              RenderText {#text} at (1,1) size 148x16
                text run at (1,1) width 148: "row 20% of 200px table"
      RenderBlock (anonymous) at (0,522) size 784x16
        RenderBR {BR} at (0,0) size 0x16
      RenderTable {TABLE} at (0,538) size 784x38 [bgcolor=#FFA500] [border: (1px outset #808080)]
        RenderTableSection {TBODY} at (1,1) size 782x36
          RenderTableRow {TR} at (0,0) size 782x18
            RenderTableCell {TD} at (0,0) size 782x18 [border: (1px inset #808080)] [r=0 c=0 rs=1 cs=1]
              RenderText {#text} at (1,1) size 152x16
                text run at (1,1) width 152: "row 80% of 200px tbody"
          RenderTableRow {TR} at (0,18) size 782x18
            RenderTableCell {TD} at (0,18) size 782x18 [border: (1px inset #808080)] [r=1 c=0 rs=1 cs=1]
              RenderText {#text} at (1,1) size 152x16
                text run at (1,1) width 152: "row 20% of 200px tbody"
      RenderBlock (anonymous) at (0,576) size 784x16
        RenderBR {BR} at (0,0) size 0x16
      RenderTable {TABLE} at (0,592) size 784x380 [bgcolor=#FFA500] [border: (1px outset #808080)]
        RenderTableSection {TBODY} at (1,1) size 782x378
          RenderTableRow {TR} at (0,0) size 782x378
            RenderTableCell {TD} at (0,0) size 782x618 [border: (1px inset #808080)] [r=0 c=0 rs=1 cs=1]
              RenderTable {TABLE} at (1,1) size 780x376 [bgcolor=#FFFF00]
                RenderTableSection {TBODY} at (0,0) size 780x376
                  RenderTableRow {TR} at (0,0) size 780x376
                    RenderTableCell {TD} at (0,180) size 780x16 [r=0 c=0 rs=1 cs=1]
                      RenderText {#text} at (0,0) size 11x16
                        text run at (0,0) width 11: " x"
              RenderTable {TABLE} at (1,377) size 780x240
                RenderTableSection {TBODY} at (0,0) size 780x240
                  RenderTableRow {TR} at (0,0) size 780x240
                    RenderTableCell {TD} at (0,0) size 780x240 [bgcolor=#E0FFFF] [r=0 c=0 rs=1 cs=1]
                      RenderText {#text} at (0,0) size 102x16
                        text run at (0,0) width 71: "yuiyututuyu "
                        text run at (71,0) width 31: "fesfe"
                      RenderBR {BR} at (102,13) size 0x0
                      RenderText {#text} at (0,16) size 4x16
                        text run at (0,16) width 4: " "
                      RenderBR {BR} at (4,29) size 0x0
                      RenderText {#text} at (0,32) size 4x16
                        text run at (0,32) width 4: " "
                      RenderBR {BR} at (4,45) size 0x0
                      RenderText {#text} at (0,48) size 4x16
                        text run at (0,48) width 4: " "
                      RenderBR {BR} at (4,61) size 0x0
                      RenderText {#text} at (0,64) size 4x16
                        text run at (0,64) width 4: " "
                      RenderBR {BR} at (4,77) size 0x0
                      RenderText {#text} at (0,80) size 4x16
                        text run at (0,80) width 4: " "
                      RenderBR {BR} at (4,93) size 0x0
                      RenderText {#text} at (0,96) size 4x16
                        text run at (0,96) width 4: " "
                      RenderBR {BR} at (4,109) size 0x0
                      RenderText {#text} at (0,112) size 4x16
                        text run at (0,112) width 4: " "
                      RenderBR {BR} at (4,125) size 0x0
                      RenderText {#text} at (0,128) size 4x16
                        text run at (0,128) width 4: " "
                      RenderBR {BR} at (4,141) size 0x0
                      RenderText {#text} at (0,144) size 4x16
                        text run at (0,144) width 4: " "
                      RenderBR {BR} at (4,157) size 0x0
                      RenderText {#text} at (0,160) size 4x16
                        text run at (0,160) width 4: " "
                      RenderBR {BR} at (4,173) size 0x0
                      RenderText {#text} at (0,176) size 4x16
                        text run at (0,176) width 4: " "
                      RenderBR {BR} at (4,189) size 0x0
                      RenderText {#text} at (0,192) size 4x16
                        text run at (0,192) width 4: " "
                      RenderBR {BR} at (4,205) size 0x0
                      RenderText {#text} at (0,208) size 4x16
                        text run at (0,208) width 4: " "
                      RenderBR {BR} at (4,221) size 0x0
                      RenderText {#text} at (0,224) size 4x16
                        text run at (0,224) width 4: " "
      RenderBlock (anonymous) at (0,972) size 784x16
        RenderBR {BR} at (0,0) size 0x16
      RenderTable {TABLE} at (0,988) size 600x400 [border: (1px outset #808080)]
        RenderTableSection {TBODY} at (1,1) size 598x398
          RenderTableRow {TR} at (0,2) size 598x394
            RenderTableCell {TD} at (2,2) size 594x394 [border: (1px inset #808080)] [r=0 c=0 rs=1 cs=1]
              RenderTable {TABLE} at (2,2) size 590x390 [border: (1px outset #808080)]
                RenderTableSection {TBODY} at (1,1) size 588x388
                  RenderTableRow {TR} at (0,2) size 588x384
                    RenderTableCell {TD} at (2,2) size 584x384 [border: (1px inset #808080)] [r=0 c=0 rs=1 cs=1]
                      RenderTable {TABLE} at (2,2) size 580x380 [border: (1px outset #808080)]
                        RenderTableSection {TBODY} at (1,1) size 578x378
                          RenderTableRow {TR} at (0,2) size 578x374
                            RenderTableCell {TD} at (2,179) size 574x20 [border: (1px inset #808080)] [r=0 c=0 rs=1 cs=1]
                              RenderText {#text} at (2,2) size 20x16
                                text run at (2,2) width 20: "foo"
      RenderBlock (anonymous) at (0,1388) size 784x16
        RenderBR {BR} at (0,0) size 0x16
      RenderTable {TABLE} at (0,1404) size 60x20 [border: (1px outset #808080)]
        RenderTableSection {TBODY} at (1,1) size 58x18
          RenderTableRow {TR} at (0,0) size 58x0
            RenderTableCell {TD} at (0,0) size 58x18 [border: (1px inset #808080)] [r=0 c=0 rs=2 cs=1]
              RenderText {#text} at (1,1) size 56x16
                text run at (1,1) width 56: "blah blah"
          RenderTableRow {TR} at (0,0) size 58x18
      RenderBlock (anonymous) at (0,1424) size 784x16
        RenderBR {BR} at (0,0) size 0x16
      RenderTable {TABLE} at (0,1440) size 602x364 [border: (1px outset #808080)]
        RenderTableSection {TBODY} at (1,1) size 600x362
          RenderTableRow {TR} at (0,0) size 600x0
            RenderTableCell {TD} at (0,0) size 512x362 [bgcolor=#FFFFFF] [border: (1px inset #808080)] [r=0 c=0 rs=2 cs=2]
              RenderImage {IMG} at (1,1) size 132x360
          RenderTableRow {TR} at (0,0) size 600x362
            RenderTableCell {TD} at (512,172) size 88x18 [border: (1px inset #808080)] [r=1 c=2 rs=1 cs=6]
              RenderText {#text} at (66,1) size 21x16
                text run at (66,1) width 21: "xxx"
      RenderBlock (anonymous) at (0,1804) size 784x16
        RenderBR {BR} at (0,0) size 0x16
      RenderTable {TABLE} at (18,1820) size 748x394 [bgcolor=#808080]
        RenderTableSection {TBODY} at (0,0) size 748x394
          RenderTableRow {TR} at (0,4) size 748x386
            RenderTableCell {TD} at (4,4) size 740x386 [r=0 c=0 rs=1 cs=1]
              RenderTable {TABLE} at (3,3) size 734x380 [bgcolor=#FFA500] [border: (1px outset #808080)]
                RenderTableSection {TBODY} at (1,1) size 732x378
                  RenderTableRow {TR} at (0,0) size 732x378
                    RenderTableCell {TD} at (0,0) size 732x618 [border: (1px inset #808080)] [r=0 c=0 rs=1 cs=1]
                      RenderTable {TABLE} at (1,1) size 730x376 [bgcolor=#FFFF00]
                        RenderTableSection at (0,0) size 730x276
                          RenderTableRow at (0,0) size 730x276
                            RenderTableCell at (0,0) size 730x16 [r=0 c=0 rs=1 cs=1]
                              RenderText {#text} at (0,0) size 7x16
                                text run at (0,0) width 7: "x"
                        RenderTableSection {TBODY} at (0,276) size 730x100
                          RenderTableRow {TR} at (0,0) size 730x100
                            RenderTableCell {TD} at (0,42) size 730x16 [r=0 c=0 rs=1 cs=1]
                              RenderText {#text} at (0,0) size 4x16
                                text run at (0,0) width 4: " "
                      RenderTable {TABLE} at (1,377) size 730x240
                        RenderTableSection {TBODY} at (0,0) size 730x240
                          RenderTableRow {TR} at (0,0) size 730x240
                            RenderTableCell {TD} at (0,0) size 730x240 [bgcolor=#E0FFFF] [r=0 c=0 rs=1 cs=1]
                              RenderText {#text} at (0,0) size 106x16
                                text run at (0,0) width 71: "yuiyututuyu "
                                text run at (71,0) width 35: "fesf e"
                              RenderBR {BR} at (106,13) size 0x0
                              RenderText {#text} at (0,16) size 4x16
                                text run at (0,16) width 4: " "
                              RenderBR {BR} at (4,29) size 0x0
                              RenderText {#text} at (0,32) size 4x16
                                text run at (0,32) width 4: " "
                              RenderBR {BR} at (4,45) size 0x0
                              RenderText {#text} at (0,48) size 4x16
                                text run at (0,48) width 4: " "
                              RenderBR {BR} at (4,61) size 0x0
                              RenderText {#text} at (0,64) size 4x16
                                text run at (0,64) width 4: " "
                              RenderBR {BR} at (4,77) size 0x0
                              RenderText {#text} at (0,80) size 4x16
                                text run at (0,80) width 4: " "
                              RenderBR {BR} at (4,93) size 0x0
                              RenderText {#text} at (0,96) size 4x16
                                text run at (0,96) width 4: " "
                              RenderBR {BR} at (4,109) size 0x0
                              RenderText {#text} at (0,112) size 4x16
                                text run at (0,112) width 4: " "
                              RenderBR {BR} at (4,125) size 0x0
                              RenderText {#text} at (0,128) size 4x16
                                text run at (0,128) width 4: " "
                              RenderBR {BR} at (4,141) size 0x0
                              RenderText {#text} at (0,144) size 4x16
                                text run at (0,144) width 4: " "
                              RenderBR {BR} at (4,157) size 0x0
                              RenderText {#text} at (0,160) size 4x16
                                text run at (0,160) width 4: " "
                              RenderBR {BR} at (4,173) size 0x0
                              RenderText {#text} at (0,176) size 4x16
                                text run at (0,176) width 4: " "
                              RenderBR {BR} at (4,189) size 0x0
                              RenderText {#text} at (0,192) size 4x16
                                text run at (0,192) width 4: " "
                              RenderBR {BR} at (4,205) size 0x0
                              RenderText {#text} at (0,208) size 4x16
                                text run at (0,208) width 4: " "
                              RenderBR {BR} at (4,221) size 0x0
                              RenderText {#text} at (0,224) size 4x16
                                text run at (0,224) width 4: " "
