layer at (0,0) size 685x2134
  RenderView at (0,0) size 96x26
layer at (0,0) size 685x2134
  RenderBlock {HTML} at (0,0) size 96x2134
    RenderBody {BODY} at (8,8) size 80x2112
      RenderBlock {CENTER} at (0,0) size 80x2112
        RenderBlock (anonymous) at (0,0) size 80x64
          RenderText {#text} at (25,0) size 92x64
            text run at (25,0) width 30: "Build"
            text run at (0,16) width 92: "1999/10/27/08"
            text run at (16,32) width 48: "Win95 -"
            text run at (7,48) width 65: "Daily Build"
          RenderBR {BR} at (72,61) size 0x0
        RenderTable {TABLE} at (0,64) size 677x1154 [border: (10px outset #808080)]
          RenderBlock {CAPTION} at (0,0) size 657x16
            RenderText {#text} at (285,0) size 86x16
              text run at (285,0) width 86: "January 2000"
          RenderTableSection {TBODY} at (10,26) size 657x1118
            RenderTableRow {TR} at (0,0) size 657x430
              RenderTableCell {TD} at (0,0) size 96x22 [color=#FFFFFF] [bgcolor=#404080] [border: (1px inset #808080)] [r=0 c=0 rs=1 cs=1]
                RenderText {#text} at (2,2) size 5x18
                  text run at (2,2) width 5: "-"
              RenderTableCell {TD} at (96,0) size 93x22 [color=#FFFFFF] [bgcolor=#404080] [border: (1px inset #808080)] [r=0 c=1 rs=1 cs=1]
                RenderText {#text} at (2,2) size 5x18
                  text run at (2,2) width 5: "-"
              RenderTableCell {TD} at (189,0) size 91x22 [color=#FFFFFF] [bgcolor=#404080] [border: (1px inset #808080)] [r=0 c=2 rs=1 cs=1]
                RenderText {#text} at (2,2) size 5x18
                  text run at (2,2) width 5: "-"
              RenderTableCell {TD} at (280,0) size 91x22 [color=#FFFFFF] [bgcolor=#404080] [border: (1px inset #808080)] [r=0 c=3 rs=1 cs=1]
                RenderText {#text} at (2,2) size 5x18
                  text run at (2,2) width 5: "-"
              RenderTableCell {TD} at (371,0) size 91x22 [color=#FFFFFF] [bgcolor=#404080] [border: (1px inset #808080)] [r=0 c=4 rs=1 cs=1]
                RenderText {#text} at (2,2) size 5x18
                  text run at (2,2) width 5: "-"
              RenderTableCell {TD} at (462,0) size 94x22 [color=#FFFFFF] [bgcolor=#404080] [border: (1px inset #808080)] [r=0 c=5 rs=1 cs=1]
                RenderText {#text} at (2,2) size 5x18
                  text run at (2,2) width 5: "-"
              RenderTableCell {TD} at (556,0) size 101x430 [color=#FFFFFF] [bgcolor=#404080] [border: (1px inset #808080)] [r=0 c=6 rs=1 cs=1]
                RenderTable {TABLE} at (2,2) size 97x408 [color=#000000]
                  RenderTableSection {TBODY} at (0,0) size 97x408
                    RenderTableRow {TR} at (0,0) size 97x408
                      RenderTableCell {TD} at (0,0) size 20x26 [color=#FFFF00] [bgcolor=#404080] [r=0 c=0 rs=1 cs=1]
                        RenderText {#text} at (1,1) size 18x23
                          text run at (1,1) width 18: "1."
                      RenderTableCell {TD} at (20,0) size 77x408 [color=#FFFFFF] [bgcolor=#404080] [r=0 c=1 rs=1 cs=1]
                        RenderTable {TABLE} at (1,1) size 75x406 [color=#000000]
                          RenderTableSection {TBODY} at (0,0) size 75x406 [bgcolor=#FFFF00]
                            RenderTableRow {TR} at (0,0) size 75x406
                              RenderTableCell {TD} at (0,0) size 75x406 [color=#FFFFFF] [bgcolor=#404080] [r=0 c=0 rs=1 cs=1]
                                RenderBlock {P} at (1,1) size 73x72
                                  RenderText {#text} at (0,0) size 56x72
                                    text run at (0,0) width 31: "Test"
                                    text run at (0,18) width 51: "mozilla"
                                    text run at (0,36) width 56: "one last"
                                    text run at (0,54) width 34: "time."
                                RenderBlock {P} at (1,89) size 73x54
                                  RenderText {#text} at (0,0) size 42x54
                                    text run at (0,0) width 33: "New"
                                    text run at (0,18) width 42: "Years"
                                    text run at (0,36) width 30: "day."
                                RenderBlock {P} at (1,159) size 73x18
                                  RenderText {#text} at (0,0) size 43x18
                                    text run at (0,0) width 43: "Y2K!!!"
                                RenderBlock {P} at (1,193) size 73x54
                                  RenderText {#text} at (0,0) size 64x54
                                    text run at (0,0) width 32: "Find"
                                    text run at (0,18) width 54: "Abacus"
                                    text run at (0,36) width 64: "from attic"
                                RenderBlock {P} at (1,263) size 73x72
                                  RenderText {#text} at (0,0) size 57x72
                                    text run at (0,0) width 49: "Eat Ice"
                                    text run at (0,18) width 48: "Cream"
                                    text run at (0,36) width 57: "before it"
                                    text run at (0,54) width 38: "melts"
                                RenderBlock {P} at (1,351) size 73x54
                                  RenderText {#text} at (0,0) size 55x54
                                    text run at (0,0) width 34: "Lock"
                                    text run at (0,18) width 55: "doors &"
                                    text run at (0,36) width 31: "hide"
                RenderBlock (anonymous) at (2,410) size 97x18
                  RenderBR {BR} at (0,0) size 0x18
            RenderTableRow {TR} at (0,430) size 657x274
              RenderTableCell {TD} at (0,430) size 96x202 [color=#FFFFFF] [bgcolor=#404080] [border: (1px inset #808080)] [r=1 c=0 rs=1 cs=1]
                RenderTable {TABLE} at (2,2) size 92x180 [color=#000000]
                  RenderTableSection {TBODY} at (0,0) size 92x180
                    RenderTableRow {TR} at (0,0) size 92x180
                      RenderTableCell {TD} at (0,0) size 20x26 [color=#FFFF00] [bgcolor=#404080] [r=0 c=0 rs=1 cs=1]
                        RenderText {#text} at (1,1) size 18x23
                          text run at (1,1) width 18: "2."
                      RenderTableCell {TD} at (20,0) size 72x180 [color=#FFFFFF] [bgcolor=#404080] [r=0 c=1 rs=1 cs=1]
                        RenderTable {TABLE} at (1,1) size 70x178 [color=#000000]
                          RenderTableSection {TBODY} at (0,0) size 70x178 [bgcolor=#FFFF00]
                            RenderTableRow {TR} at (0,0) size 70x178
                              RenderTableCell {TD} at (0,0) size 70x178 [color=#FFFFFF] [bgcolor=#404080] [r=0 c=0 rs=1 cs=1]
                                RenderBlock {P} at (1,1) size 68x54
                                  RenderText {#text} at (0,0) size 68x54
                                    text run at (0,0) width 57: "Look for"
                                    text run at (0,18) width 31: "Y2K"
                                    text run at (0,36) width 68: "survivers."
                                RenderBlock {P} at (1,71) size 68x36
                                  RenderText {#text} at (0,0) size 66x36
                                    text run at (0,0) width 37: "Build"
                                    text run at (0,18) width 66: "outhouse"
                                RenderBlock {P} at (1,123) size 68x54
                                  RenderText {#text} at (0,0) size 53x54
                                    text run at (0,0) width 24: "Eat"
                                    text run at (0,18) width 53: "reserve"
                                    text run at (0,36) width 31: "food"
                RenderBlock (anonymous) at (2,182) size 92x18
                  RenderBR {BR} at (0,0) size 0x18
              RenderTableCell {TD} at (96,430) size 93x80 [color=#FFFFFF] [bgcolor=#404080] [border: (1px inset #808080)] [r=1 c=1 rs=1 cs=1]
                RenderTable {TABLE} at (2,2) size 89x76 [color=#000000]
                  RenderTableSection {TBODY} at (0,0) size 89x76
                    RenderTableRow {TR} at (0,0) size 89x76
                      RenderTableCell {TD} at (0,0) size 20x26 [color=#FFFF00] [bgcolor=#404080] [r=0 c=0 rs=1 cs=1]
                        RenderText {#text} at (1,1) size 18x23
                          text run at (1,1) width 18: "3."
                      RenderTableCell {TD} at (20,0) size 69x76 [color=#FFFFFF] [bgcolor=#404080] [r=0 c=1 rs=1 cs=1]
                        RenderTable {TABLE} at (1,1) size 67x74 [color=#000000]
                          RenderTableSection {TBODY} at (0,0) size 67x74 [bgcolor=#FFFF00]
                            RenderTableRow {TR} at (0,0) size 67x74
                              RenderTableCell {TD} at (0,0) size 67x74 [color=#FFFFFF] [bgcolor=#404080] [r=0 c=0 rs=1 cs=1]
                                RenderBlock {P} at (1,1) size 65x72
                                  RenderText {#text} at (0,0) size 65x72
                                    text run at (0,0) width 37: "Write"
                                    text run at (0,18) width 52: "letter to"
                                    text run at (0,36) width 51: "electric"
                                    text run at (0,54) width 65: "company"
              RenderTableCell {TD} at (189,430) size 91x256 [color=#FFFFFF] [bgcolor=#404080] [border: (1px inset #808080)] [r=1 c=2 rs=1 cs=1]
                RenderTable {TABLE} at (2,2) size 87x252 [color=#000000]
                  RenderTableSection {TBODY} at (0,0) size 87x252
                    RenderTableRow {TR} at (0,0) size 87x252
                      RenderTableCell {TD} at (0,0) size 20x26 [color=#FFFF00] [bgcolor=#404080] [r=0 c=0 rs=1 cs=1]
                        RenderText {#text} at (1,1) size 18x23
                          text run at (1,1) width 18: "4."
                      RenderTableCell {TD} at (20,0) size 67x252 [color=#FFFFFF] [bgcolor=#404080] [r=0 c=1 rs=1 cs=1]
                        RenderTable {TABLE} at (1,1) size 65x250 [color=#000000]
                          RenderTableSection {TBODY} at (0,0) size 65x250 [bgcolor=#FFFF00]
                            RenderTableRow {TR} at (0,0) size 65x250
                              RenderTableCell {TD} at (0,0) size 65x250 [color=#FFFFFF] [bgcolor=#404080] [r=0 c=0 rs=1 cs=1]
                                RenderBlock {P} at (1,1) size 63x54
                                  RenderText {#text} at (0,0) size 60x54
                                    text run at (0,0) width 38: "Send"
                                    text run at (0,18) width 60: "the snail"
                                    text run at (0,36) width 30: "mail"
                                RenderBlock {P} at (1,71) size 63x108
                                  RenderText {#text} at (0,0) size 53x108
                                    text run at (0,0) width 38: "Go to"
                                    text run at (0,18) width 34: "work"
                                    text run at (0,36) width 27: "and"
                                    text run at (0,54) width 52: "stare at"
                                    text run at (0,72) width 36: "dead"
                                    text run at (0,90) width 53: "monitor"
                                RenderBlock {P} at (1,195) size 63x54
                                  RenderText {#text} at (0,0) size 53x54
                                    text run at (0,0) width 24: "Eat"
                                    text run at (0,18) width 53: "reserve"
                                    text run at (0,36) width 31: "food"
              RenderTableCell {TD} at (280,430) size 91x186 [color=#FFFFFF] [bgcolor=#404080] [border: (1px inset #808080)] [r=1 c=3 rs=1 cs=1]
                RenderTable {TABLE} at (2,2) size 87x182 [color=#000000]
                  RenderTableSection {TBODY} at (0,0) size 87x182
                    RenderTableRow {TR} at (0,0) size 87x182
                      RenderTableCell {TD} at (0,0) size 20x26 [color=#FFFF00] [bgcolor=#404080] [r=0 c=0 rs=1 cs=1]
                        RenderText {#text} at (1,1) size 18x23
                          text run at (1,1) width 18: "5."
                      RenderTableCell {TD} at (20,0) size 67x182 [color=#FFFFFF] [bgcolor=#404080] [r=0 c=1 rs=1 cs=1]
                        RenderTable {TABLE} at (1,1) size 65x180 [color=#000000]
                          RenderTableSection {TBODY} at (0,0) size 65x180 [bgcolor=#FFFF00]
                            RenderTableRow {TR} at (0,0) size 65x180
                              RenderTableCell {TD} at (0,0) size 65x180 [color=#FFFFFF] [bgcolor=#404080] [r=0 c=0 rs=1 cs=1]
                                RenderBlock {P} at (1,1) size 63x108
                                  RenderText {#text} at (0,0) size 53x108
                                    text run at (0,0) width 38: "Go to"
                                    text run at (0,18) width 34: "work"
                                    text run at (0,36) width 27: "and"
                                    text run at (0,54) width 52: "stare at"
                                    text run at (0,72) width 36: "dead"
                                    text run at (0,90) width 53: "monitor"
                                RenderBlock {P} at (1,125) size 63x54
                                  RenderText {#text} at (0,0) size 53x54
                                    text run at (0,0) width 24: "Eat"
                                    text run at (0,18) width 53: "reserve"
                                    text run at (0,36) width 31: "food"
              RenderTableCell {TD} at (371,430) size 91x186 [color=#FFFFFF] [bgcolor=#404080] [border: (1px inset #808080)] [r=1 c=4 rs=1 cs=1]
                RenderTable {TABLE} at (2,2) size 87x182 [color=#000000]
                  RenderTableSection {TBODY} at (0,0) size 87x182
                    RenderTableRow {TR} at (0,0) size 87x182
                      RenderTableCell {TD} at (0,0) size 20x26 [color=#FFFF00] [bgcolor=#404080] [r=0 c=0 rs=1 cs=1]
                        RenderText {#text} at (1,1) size 18x23
                          text run at (1,1) width 18: "6."
                      RenderTableCell {TD} at (20,0) size 67x182 [color=#FFFFFF] [bgcolor=#404080] [r=0 c=1 rs=1 cs=1]
                        RenderTable {TABLE} at (1,1) size 65x180 [color=#000000]
                          RenderTableSection {TBODY} at (0,0) size 65x180 [bgcolor=#FFFF00]
                            RenderTableRow {TR} at (0,0) size 65x180
                              RenderTableCell {TD} at (0,0) size 65x180 [color=#FFFFFF] [bgcolor=#404080] [r=0 c=0 rs=1 cs=1]
                                RenderBlock {P} at (1,1) size 63x108
                                  RenderText {#text} at (0,0) size 53x108
                                    text run at (0,0) width 38: "Go to"
                                    text run at (0,18) width 34: "work"
                                    text run at (0,36) width 27: "and"
                                    text run at (0,54) width 52: "stare at"
                                    text run at (0,72) width 36: "dead"
                                    text run at (0,90) width 53: "monitor"
                                RenderBlock {P} at (1,125) size 63x54
                                  RenderText {#text} at (0,0) size 53x54
                                    text run at (0,0) width 24: "Eat"
                                    text run at (0,18) width 53: "reserve"
                                    text run at (0,36) width 31: "food"
              RenderTableCell {TD} at (462,430) size 94x238 [color=#FFFFFF] [bgcolor=#404080] [border: (1px inset #808080)] [r=1 c=5 rs=1 cs=1]
                RenderTable {TABLE} at (2,2) size 90x234 [color=#000000]
                  RenderTableSection {TBODY} at (0,0) size 90x234
                    RenderTableRow {TR} at (0,0) size 90x234
                      RenderTableCell {TD} at (0,0) size 20x26 [color=#FFFF00] [bgcolor=#404080] [r=0 c=0 rs=1 cs=1]
                        RenderText {#text} at (1,1) size 18x23
                          text run at (1,1) width 18: "7."
                      RenderTableCell {TD} at (20,0) size 70x234 [color=#FFFFFF] [bgcolor=#404080] [r=0 c=1 rs=1 cs=1]
                        RenderTable {TABLE} at (1,1) size 68x232 [color=#000000]
                          RenderTableSection {TBODY} at (0,0) size 68x232 [bgcolor=#FFFF00]
                            RenderTableRow {TR} at (0,0) size 68x232
                              RenderTableCell {TD} at (0,0) size 68x232 [color=#FFFFFF] [bgcolor=#404080] [r=0 c=0 rs=1 cs=1]
                                RenderBlock {P} at (1,1) size 66x72
                                  RenderText {#text} at (0,0) size 66x72
                                    text run at (0,0) width 21: "Go"
                                    text run at (0,18) width 53: "internet"
                                    text run at (0,36) width 66: "exploring"
                                    text run at (0,54) width 57: "for food."
                                RenderBlock {P} at (1,89) size 66x72
                                  RenderText {#text} at (0,0) size 66x72
                                    text run at (0,0) width 53: "Internet"
                                    text run at (0,18) width 66: "exploring"
                                    text run at (0,36) width 51: "doesn't"
                                    text run at (0,54) width 38: "work."
                                RenderBlock {P} at (1,177) size 66x54
                                  RenderText {#text} at (0,0) size 53x54
                                    text run at (0,0) width 24: "Eat"
                                    text run at (0,18) width 53: "reserve"
                                    text run at (0,36) width 31: "food"
              RenderTableCell {TD} at (556,430) size 101x274 [color=#FFFFFF] [bgcolor=#404080] [border: (1px inset #808080)] [r=1 c=6 rs=1 cs=1]
                RenderTable {TABLE} at (2,2) size 97x270 [color=#000000]
                  RenderTableSection {TBODY} at (0,0) size 97x270
                    RenderTableRow {TR} at (0,0) size 97x270
                      RenderTableCell {TD} at (0,0) size 20x26 [color=#FFFF00] [bgcolor=#404080] [r=0 c=0 rs=1 cs=1]
                        RenderText {#text} at (1,1) size 18x23
                          text run at (1,1) width 18: "8."
                      RenderTableCell {TD} at (20,0) size 77x270 [color=#FFFFFF] [bgcolor=#404080] [r=0 c=1 rs=1 cs=1]
                        RenderTable {TABLE} at (1,1) size 75x268 [color=#000000]
                          RenderTableSection {TBODY} at (0,0) size 75x268 [bgcolor=#FFFF00]
                            RenderTableRow {TR} at (0,0) size 75x268
                              RenderTableCell {TD} at (0,0) size 75x268 [color=#FFFFFF] [bgcolor=#404080] [r=0 c=0 rs=1 cs=1]
                                RenderBlock {P} at (1,1) size 73x90
                                  RenderText {#text} at (0,0) size 66x90
                                    text run at (0,0) width 21: "Go"
                                    text run at (0,18) width 53: "internet"
                                    text run at (0,36) width 66: "exploring"
                                    text run at (0,54) width 53: "for food"
                                    text run at (0,72) width 44: "again."
                                RenderBlock {P} at (1,107) size 73x90
                                  RenderText {#text} at (0,0) size 66x90
                                    text run at (0,0) width 53: "Internet"
                                    text run at (0,18) width 66: "exploring"
                                    text run at (0,36) width 51: "doesn't"
                                    text run at (0,54) width 34: "work"
                                    text run at (0,72) width 44: "again."
                                RenderBlock {P} at (1,213) size 73x54
                                  RenderText {#text} at (0,0) size 53x54
                                    text run at (0,0) width 24: "Eat"
                                    text run at (0,18) width 53: "reserve"
                                    text run at (0,36) width 31: "food"
            RenderTableRow {TR} at (0,704) size 657x362
              RenderTableCell {TD} at (0,704) size 96x362 [color=#FFFFFF] [bgcolor=#404080] [border: (1px inset #808080)] [r=2 c=0 rs=1 cs=1]
                RenderTable {TABLE} at (2,2) size 92x340 [color=#000000]
                  RenderTableSection {TBODY} at (0,0) size 92x340
                    RenderTableRow {TR} at (0,0) size 92x340
                      RenderTableCell {TD} at (0,0) size 20x26 [color=#FFFF00] [bgcolor=#404080] [r=0 c=0 rs=1 cs=1]
                        RenderText {#text} at (1,1) size 18x23
                          text run at (1,1) width 18: "9."
                      RenderTableCell {TD} at (20,0) size 72x340 [color=#FFFFFF] [bgcolor=#404080] [r=0 c=1 rs=1 cs=1]
                        RenderTable {TABLE} at (1,1) size 70x338 [color=#000000]
                          RenderTableSection {TBODY} at (0,0) size 70x338 [bgcolor=#FFFF00]
                            RenderTableRow {TR} at (0,0) size 70x338
                              RenderTableCell {TD} at (0,0) size 70x338 [color=#FFFFFF] [bgcolor=#404080] [r=0 c=0 rs=1 cs=1]
                                RenderBlock {P} at (1,1) size 68x72
                                  RenderText {#text} at (0,0) size 66x72
                                    text run at (0,0) width 21: "Go"
                                    text run at (0,18) width 53: "internet"
                                    text run at (0,36) width 66: "exploring"
                                    text run at (0,54) width 57: "for food."
                                RenderBlock {P} at (1,89) size 68x90
                                  RenderText {#text} at (0,0) size 66x90
                                    text run at (0,0) width 53: "Internet"
                                    text run at (0,18) width 66: "exploring"
                                    text run at (0,36) width 24: "still"
                                    text run at (0,54) width 51: "doesn't"
                                    text run at (0,72) width 38: "work."
                                RenderBlock {P} at (1,195) size 68x72
                                  RenderText {#text} at (0,0) size 66x72
                                    text run at (0,0) width 55: "Give up"
                                    text run at (0,18) width 53: "internet"
                                    text run at (0,36) width 66: "exploring"
                                    text run at (0,54) width 57: "for food."
                                RenderBlock {P} at (1,283) size 68x54
                                  RenderText {#text} at (0,0) size 53x54
                                    text run at (0,0) width 24: "Eat"
                                    text run at (0,18) width 53: "reserve"
                                    text run at (0,36) width 31: "food"
                RenderBlock (anonymous) at (2,342) size 92x18
                  RenderBR {BR} at (0,0) size 0x18
              RenderTableCell {TD} at (96,704) size 93x290 [color=#FFFFFF] [bgcolor=#404080] [border: (1px inset #808080)] [r=2 c=1 rs=1 cs=1]
                RenderTable {TABLE} at (2,2) size 89x286 [color=#000000]
                  RenderTableSection {TBODY} at (0,0) size 89x286
                    RenderTableRow {TR} at (0,0) size 89x286
                      RenderTableCell {TD} at (0,0) size 32x26 [color=#FFFF00] [bgcolor=#404080] [r=0 c=0 rs=1 cs=1]
                        RenderText {#text} at (1,1) size 30x23
                          text run at (1,1) width 30: "10."
                      RenderTableCell {TD} at (32,0) size 57x286 [color=#FFFFFF] [bgcolor=#404080] [r=0 c=1 rs=1 cs=1]
                        RenderTable {TABLE} at (1,1) size 55x284 [color=#000000]
                          RenderTableSection {TBODY} at (0,0) size 55x284 [bgcolor=#FFFF00]
                            RenderTableRow {TR} at (0,0) size 55x284
                              RenderTableCell {TD} at (0,0) size 55x284 [color=#FFFFFF] [bgcolor=#404080] [r=0 c=0 rs=1 cs=1]
                                RenderBlock {P} at (1,1) size 53x72
                                  RenderText {#text} at (0,0) size 47x72
                                    text run at (0,0) width 46: "Power"
                                    text run at (0,18) width 47: "comes"
                                    text run at (0,36) width 34: "back"
                                    text run at (0,54) width 22: "on."
                                RenderBlock {P} at (1,89) size 53x90
                                  RenderText {#text} at (0,0) size 52x90
                                    text run at (0,0) width 24: "Put"
                                    text run at (0,18) width 38: "trusty"
                                    text run at (0,36) width 52: "abacus"
                                    text run at (0,54) width 51: "back in"
                                    text run at (0,72) width 29: "attic"
                                RenderBlock {P} at (1,195) size 53x54
                                  RenderText {#text} at (0,0) size 51x54
                                    text run at (0,0) width 35: "Grab"
                                    text run at (0,18) width 38: "latest"
                                    text run at (0,36) width 51: "mozilla"
                                RenderBlock {P} at (1,265) size 53x18
                                  RenderText {#text} at (0,0) size 43x18
                                    text run at (0,0) width 43: "Test it"
              RenderTableCell {TD} at (189,704) size 91x96 [color=#FFFFFF] [bgcolor=#404080] [border: (1px inset #808080)] [r=2 c=2 rs=1 cs=1]
                RenderTable {TABLE} at (2,2) size 87x92 [color=#000000]
                  RenderTableSection {TBODY} at (0,0) size 87x92
                    RenderTableRow {TR} at (0,0) size 87x92
                      RenderTableCell {TD} at (0,0) size 32x26 [color=#FFFF00] [bgcolor=#404080] [r=0 c=0 rs=1 cs=1]
                        RenderText {#text} at (1,1) size 30x23
                          text run at (1,1) width 30: "11."
                      RenderTableCell {TD} at (32,0) size 55x92 [color=#FFFFFF] [bgcolor=#404080] [r=0 c=1 rs=1 cs=1]
                        RenderTable {TABLE} at (1,1) size 53x90 [color=#000000]
                          RenderTableSection {TBODY} at (0,0) size 53x90 [bgcolor=#FFFF00]
                            RenderTableRow {TR} at (0,0) size 53x90
                              RenderTableCell {TD} at (0,0) size 53x90 [color=#FFFFFF] [bgcolor=#404080] [r=0 c=0 rs=1 cs=1]
                                RenderBlock {P} at (1,1) size 51x54
                                  RenderText {#text} at (0,0) size 51x54
                                    text run at (0,0) width 35: "Grab"
                                    text run at (0,18) width 38: "latest"
                                    text run at (0,36) width 51: "mozilla"
                                RenderBlock {P} at (1,71) size 51x18
                                  RenderText {#text} at (0,0) size 43x18
                                    text run at (0,0) width 43: "Test it"
              RenderTableCell {TD} at (280,704) size 91x96 [color=#FFFFFF] [bgcolor=#404080] [border: (1px inset #808080)] [r=2 c=3 rs=1 cs=1]
                RenderTable {TABLE} at (2,2) size 87x92 [color=#000000]
                  RenderTableSection {TBODY} at (0,0) size 87x92
                    RenderTableRow {TR} at (0,0) size 87x92
                      RenderTableCell {TD} at (0,0) size 32x26 [color=#FFFF00] [bgcolor=#404080] [r=0 c=0 rs=1 cs=1]
                        RenderText {#text} at (1,1) size 30x23
                          text run at (1,1) width 30: "12."
                      RenderTableCell {TD} at (32,0) size 55x92 [color=#FFFFFF] [bgcolor=#404080] [r=0 c=1 rs=1 cs=1]
                        RenderTable {TABLE} at (1,1) size 53x90 [color=#000000]
                          RenderTableSection {TBODY} at (0,0) size 53x90 [bgcolor=#FFFF00]
                            RenderTableRow {TR} at (0,0) size 53x90
                              RenderTableCell {TD} at (0,0) size 53x90 [color=#FFFFFF] [bgcolor=#404080] [r=0 c=0 rs=1 cs=1]
                                RenderBlock {P} at (1,1) size 51x54
                                  RenderText {#text} at (0,0) size 51x54
                                    text run at (0,0) width 35: "Grab"
                                    text run at (0,18) width 38: "latest"
                                    text run at (0,36) width 51: "mozilla"
                                RenderBlock {P} at (1,71) size 51x18
                                  RenderText {#text} at (0,0) size 43x18
                                    text run at (0,0) width 43: "Test it"
              RenderTableCell {TD} at (371,704) size 91x96 [color=#FFFFFF] [bgcolor=#404080] [border: (1px inset #808080)] [r=2 c=4 rs=1 cs=1]
                RenderTable {TABLE} at (2,2) size 87x92 [color=#000000]
                  RenderTableSection {TBODY} at (0,0) size 87x92
                    RenderTableRow {TR} at (0,0) size 87x92
                      RenderTableCell {TD} at (0,0) size 32x26 [color=#FFFF00] [bgcolor=#404080] [r=0 c=0 rs=1 cs=1]
                        RenderText {#text} at (1,1) size 30x23
                          text run at (1,1) width 30: "13."
                      RenderTableCell {TD} at (32,0) size 55x92 [color=#FFFFFF] [bgcolor=#404080] [r=0 c=1 rs=1 cs=1]
                        RenderTable {TABLE} at (1,1) size 53x90 [color=#000000]
                          RenderTableSection {TBODY} at (0,0) size 53x90 [bgcolor=#FFFF00]
                            RenderTableRow {TR} at (0,0) size 53x90
                              RenderTableCell {TD} at (0,0) size 53x90 [color=#FFFFFF] [bgcolor=#404080] [r=0 c=0 rs=1 cs=1]
                                RenderBlock {P} at (1,1) size 51x54
                                  RenderText {#text} at (0,0) size 51x54
                                    text run at (0,0) width 35: "Grab"
                                    text run at (0,18) width 38: "latest"
                                    text run at (0,36) width 51: "mozilla"
                                RenderBlock {P} at (1,71) size 51x18
                                  RenderText {#text} at (0,0) size 43x18
                                    text run at (0,0) width 43: "Test it"
              RenderTableCell {TD} at (462,704) size 94x96 [color=#FFFFFF] [bgcolor=#404080] [border: (1px inset #808080)] [r=2 c=5 rs=1 cs=1]
                RenderTable {TABLE} at (2,2) size 90x92 [color=#000000]
                  RenderTableSection {TBODY} at (0,0) size 90x92
                    RenderTableRow {TR} at (0,0) size 90x92
                      RenderTableCell {TD} at (0,0) size 32x26 [color=#FFFF00] [bgcolor=#404080] [r=0 c=0 rs=1 cs=1]
                        RenderText {#text} at (1,1) size 30x23
                          text run at (1,1) width 30: "14."
                      RenderTableCell {TD} at (32,0) size 58x92 [color=#FFFFFF] [bgcolor=#404080] [r=0 c=1 rs=1 cs=1]
                        RenderTable {TABLE} at (1,1) size 56x90 [color=#000000]
                          RenderTableSection {TBODY} at (0,0) size 56x90 [bgcolor=#FFFF00]
                            RenderTableRow {TR} at (0,0) size 56x90
                              RenderTableCell {TD} at (0,0) size 56x90 [color=#FFFFFF] [bgcolor=#404080] [r=0 c=0 rs=1 cs=1]
                                RenderBlock {P} at (1,1) size 54x54
                                  RenderText {#text} at (0,0) size 51x54
                                    text run at (0,0) width 35: "Grab"
                                    text run at (0,18) width 38: "latest"
                                    text run at (0,36) width 51: "mozilla"
                                RenderBlock {P} at (1,71) size 54x18
                                  RenderText {#text} at (0,0) size 43x18
                                    text run at (0,0) width 43: "Test it"
              RenderTableCell {TD} at (556,704) size 101x290 [color=#FFFFFF] [bgcolor=#404080] [border: (1px inset #808080)] [r=2 c=6 rs=1 cs=1]
                RenderTable {TABLE} at (2,2) size 97x286 [color=#000000]
                  RenderTableSection {TBODY} at (0,0) size 97x286
                    RenderTableRow {TR} at (0,0) size 97x286
                      RenderTableCell {TD} at (0,0) size 32x26 [color=#FFFF00] [bgcolor=#404080] [r=0 c=0 rs=1 cs=1]
                        RenderText {#text} at (1,1) size 30x23
                          text run at (1,1) width 30: "15."
                      RenderTableCell {TD} at (32,0) size 65x286 [color=#FFFFFF] [bgcolor=#404080] [r=0 c=1 rs=1 cs=1]
                        RenderTable {TABLE} at (1,1) size 63x284 [color=#000000]
                          RenderTableSection {TBODY} at (0,0) size 63x284 [bgcolor=#FFFF00]
                            RenderTableRow {TR} at (0,0) size 63x284
                              RenderTableCell {TD} at (0,0) size 63x284 [color=#FFFFFF] [bgcolor=#404080] [r=0 c=0 rs=1 cs=1]
                                RenderBlock {P} at (1,1) size 61x54
                                  RenderText {#text} at (0,0) size 51x54
                                    text run at (0,0) width 35: "Grab"
                                    text run at (0,18) width 38: "latest"
                                    text run at (0,36) width 51: "mozilla"
                                RenderBlock {P} at (1,71) size 61x18
                                  RenderText {#text} at (0,0) size 43x18
                                    text run at (0,0) width 43: "Test it"
                                RenderBlock {P} at (1,105) size 61x108
                                  RenderText {#text} at (0,0) size 61x108
                                    text run at (0,0) width 51: "Mozilla"
                                    text run at (0,18) width 61: "removes"
                                    text run at (0,36) width 31: "Y2K"
                                    text run at (0,54) width 60: "Warning"
                                    text run at (0,72) width 31: "from"
                                    text run at (0,90) width 60: "FTP site"
                                RenderBlock {P} at (1,229) size 61x54
                                  RenderText {#text} at (0,0) size 43x54
                                    text run at (0,0) width 31: "This"
                                    text run at (0,18) width 43: "bug is"
                                    text run at (0,36) width 34: "fixed"
            RenderTableRow {TR} at (0,1066) size 657x30
              RenderTableCell {TD} at (0,1066) size 96x30 [color=#FFFFFF] [bgcolor=#404080] [border: (1px inset #808080)] [r=3 c=0 rs=1 cs=1]
                RenderTable {TABLE} at (2,2) size 92x26 [color=#000000]
                  RenderTableSection {TBODY} at (0,0) size 92x26
                    RenderTableRow {TR} at (0,0) size 92x26
                      RenderTableCell {TD} at (0,0) size 32x26 [color=#FFFF00] [bgcolor=#404080] [r=0 c=0 rs=1 cs=1]
                        RenderText {#text} at (1,1) size 30x23
                          text run at (1,1) width 30: "16."
                      RenderTableCell {TD} at (32,0) size 60x22 [color=#FFFFFF] [bgcolor=#404080] [r=0 c=1 rs=1 cs=1]
                        RenderTable {TABLE} at (1,1) size 58x20 [color=#000000]
                          RenderTableSection {TBODY} at (0,0) size 58x20 [bgcolor=#FFFF00]
                            RenderTableRow {TR} at (0,0) size 58x20
                              RenderTableCell {TD} at (0,0) size 58x20 [color=#FFFFFF] [bgcolor=#404080] [r=0 c=0 rs=1 cs=1]
                                RenderText {#text} at (1,1) size 9x18
                                  text run at (1,1) width 9: "?"
              RenderTableCell {TD} at (96,1066) size 93x22 [color=#FFFFFF] [bgcolor=#404080] [border: (1px inset #808080)] [r=3 c=1 rs=1 cs=1]
                RenderText {#text} at (2,2) size 5x18
                  text run at (2,2) width 5: "-"
              RenderTableCell {TD} at (189,1066) size 91x22 [color=#FFFFFF] [bgcolor=#404080] [border: (1px inset #808080)] [r=3 c=2 rs=1 cs=1]
                RenderText {#text} at (2,2) size 5x18
                  text run at (2,2) width 5: "-"
              RenderTableCell {TD} at (280,1066) size 91x22 [color=#FFFFFF] [bgcolor=#404080] [border: (1px inset #808080)] [r=3 c=3 rs=1 cs=1]
                RenderText {#text} at (2,2) size 5x18
                  text run at (2,2) width 5: "-"
              RenderTableCell {TD} at (371,1066) size 91x22 [color=#FFFFFF] [bgcolor=#404080] [border: (1px inset #808080)] [r=3 c=4 rs=1 cs=1]
                RenderText {#text} at (2,2) size 5x18
                  text run at (2,2) width 5: "-"
              RenderTableCell {TD} at (462,1066) size 94x22 [color=#FFFFFF] [bgcolor=#404080] [border: (1px inset #808080)] [r=3 c=5 rs=1 cs=1]
                RenderText {#text} at (2,2) size 5x18
                  text run at (2,2) width 5: "-"
              RenderTableCell {TD} at (556,1066) size 101x22 [color=#FFFFFF] [bgcolor=#404080] [border: (1px inset #808080)] [r=3 c=6 rs=1 cs=1]
                RenderText {#text} at (2,2) size 5x18
                  text run at (2,2) width 5: "-"
            RenderTableRow {TR} at (0,1096) size 657x22
              RenderTableCell {TD} at (0,1096) size 96x22 [color=#FFFFFF] [bgcolor=#404080] [border: (1px inset #808080)] [r=4 c=0 rs=1 cs=1]
                RenderText {#text} at (2,2) size 5x18
                  text run at (2,2) width 5: "-"
              RenderTableCell {TD} at (96,1096) size 93x22 [color=#FFFFFF] [bgcolor=#404080] [border: (1px inset #808080)] [r=4 c=1 rs=1 cs=1]
                RenderText {#text} at (2,2) size 5x18
                  text run at (2,2) width 5: "-"
              RenderTableCell {TD} at (189,1096) size 91x22 [color=#FFFFFF] [bgcolor=#404080] [border: (1px inset #808080)] [r=4 c=2 rs=1 cs=1]
                RenderText {#text} at (2,2) size 5x18
                  text run at (2,2) width 5: "-"
              RenderTableCell {TD} at (280,1096) size 91x22 [color=#FFFFFF] [bgcolor=#404080] [border: (1px inset #808080)] [r=4 c=3 rs=1 cs=1]
                RenderText {#text} at (2,2) size 5x18
                  text run at (2,2) width 5: "-"
              RenderTableCell {TD} at (371,1096) size 91x22 [color=#FFFFFF] [bgcolor=#404080] [border: (1px inset #808080)] [r=4 c=4 rs=1 cs=1]
                RenderText {#text} at (2,2) size 5x18
                  text run at (2,2) width 5: "-"
              RenderTableCell {TD} at (462,1096) size 94x22 [color=#FFFFFF] [bgcolor=#404080] [border: (1px inset #808080)] [r=4 c=5 rs=1 cs=1]
                RenderText {#text} at (2,2) size 5x18
                  text run at (2,2) width 5: "-"
              RenderTableCell {TD} at (556,1096) size 101x22 [color=#FFFFFF] [bgcolor=#404080] [border: (1px inset #808080)] [r=4 c=6 rs=1 cs=1]
                RenderText {#text} at (2,2) size 5x18
                  text run at (2,2) width 5: "-"
        RenderBlock (anonymous) at (0,1218) size 80x208
          RenderBR {BR} at (40,0) size 0x16
          RenderText {#text} at (8,16) size 78x192
            text run at (8,16) width 64: "Notice the"
            text run at (8,32) width 63: "scrollbars,"
            text run at (14,48) width 52: "they are"
            text run at (11,64) width 58: "rendered"
            text run at (9,80) width 61: "outside of"
            text run at (13,96) width 54: "the table"
            text run at (13,112) width 54: "columns,"
            text run at (16,128) width 48: "and the"
            text run at (7,144) width 66: "yellow day"
            text run at (1,160) width 78: "numbers are"
            text run at (18,176) width 43: "hidden"
            text run at (3,192) width 74: "under them."
        RenderBlock {P} at (0,1440) size 80x672
          RenderText {#text} at (19,0) size 80x672
            text run at (19,0) width 41: "This is"
            text run at (13,16) width 53: "probably"
            text run at (2,32) width 75: "another bug"
            text run at (16,48) width 47: "already"
            text run at (4,64) width 71: "covered, or"
            text run at (12,80) width 55: "fixed, but"
            text run at (5,96) width 69: "day 3 & 16"
            text run at (2,112) width 76: "should have"
            text run at (2,128) width 76: "no scrollbar,"
            text run at (2,144) width 75: "but the area"
            text run at (8,160) width 63: "where the"
            text run at (23,176) width 33: "other"
            text run at (10,192) width 60: "scrollbars"
            text run at (1,208) width 78: "are drawn is"
            text run at (0,224) width 80: "drawn funny."
            text run at (11,240) width 57: "They are"
            text run at (30,256) width 20: "not"
            text run at (9,272) width 61: "rendered."
            text run at (5,288) width 70: "They seem"
            text run at (24,304) width 31: "to be"
            text run at (11,320) width 58: "whatever"
            text run at (6,336) width 68: "was drawn"
            text run at (0,352) width 80: "there before,"
            text run at (12,368) width 56: "or drawn"
            text run at (3,384) width 73: "somewhere"
            text run at (1,400) width 78: "else. Day 16"
            text run at (7,416) width 66: "(contaings"
            text run at (15,432) width 50: "only the"
            text run at (10,448) width 59: "letter \"?\")"
            text run at (0,464) width 79: "has a region"
            text run at (4,480) width 72: "below the ?"
            text run at (3,496) width 73: "mark that is"
            text run at (22,512) width 36: "never"
            text run at (9,528) width 61: "rendered."
            text run at (6,544) width 67: "Resize the"
            text run at (7,560) width 66: "window so"
            text run at (4,576) width 71: "the window"
            text run at (10,592) width 60: "can scroll"
            text run at (9,608) width 62: "down and"
            text run at (11,624) width 57: "scroll the"
            text run at (7,640) width 65: "page up &"
            text run at (21,656) width 37: "down."
