layer at (0,0) size 800x1349
  RenderView at (0,0) size 800x600
layer at (0,0) size 800x1349
  RenderBlock {HTML} at (0,0) size 800x1349
    RenderBody {BODY} at (8,8) size 784x1333
      RenderTable {TABLE} at (0,0) size 200x114 [bgcolor=#FFA500] [border: (10px solid #0000FF)]
        RenderBlock {CAPTION} at (0,0) size 150x16
          RenderText {#text} at (21,0) size 107x16
            text run at (21,0) width 107: "clip at table-outer"
        RenderTableSection {TBODY} at (25,41) size 150x48
          RenderTableRow {TR} at (0,15) size 150x18
            RenderTableCell {TD} at (15,15) size 52x18 [bgcolor=#FFFF00] [r=0 c=0 rs=1 cs=1]
              RenderText {#text} at (1,1) size 29x16
                text run at (1,1) width 29: "cell1"
            RenderTableCell {TD} at (82,15) size 53x18 [bgcolor=#FFFF00] [r=0 c=1 rs=1 cs=1]
              RenderText {#text} at (1,1) size 129x16
                text run at (1,1) width 129: "contentwithoutspace"
      RenderBlock (anonymous) at (0,114) size 784x16
        RenderBR {BR} at (0,0) size 0x16
      RenderTable {TABLE} at (0,244) size 200x147 [bgcolor=#FFA500] [border: (10px solid #0000FF)]
        RenderBlock {CAPTION} at (0,0) size 150x16
          RenderText {#text} at (50,0) size 50x16
            text run at (50,0) width 50: "clip at tr"
        RenderTableSection {TBODY} at (25,41) size 150x81
          RenderTableRow {TR} at (0,48) size 150x18
            RenderTableCell {TD} at (15,48) size 52x18 [bgcolor=#FFFF00] [r=1 c=0 rs=1 cs=1]
              RenderText {#text} at (1,1) size 29x16
                text run at (1,1) width 29: "cell1"
            RenderTableCell {TD} at (82,48) size 53x18 [bgcolor=#FFFF00] [r=1 c=1 rs=1 cs=1]
              RenderText {#text} at (1,1) size 129x16
                text run at (1,1) width 129: "contentwithoutspace"
      RenderTable {TABLE} at (0,391) size 200x147 [bgcolor=#FFA500] [border: (10px solid #0000FF)]
        RenderTableCol {COLGROUP} at (0,0) size 0x0
          RenderTableCol {COL} at (0,0) size 0x0
          RenderTableCol {COL} at (0,0) size 0x0
        RenderBlock {CAPTION} at (0,0) size 150x16
          RenderText {#text} at (40,0) size 69x16
            text run at (40,0) width 69: "clip column"
        RenderTableSection {TBODY} at (25,41) size 150x81
          RenderTableRow {TR} at (0,15) size 150x18
            RenderTableCell {TD} at (15,15) size 52x18 [bgcolor=#FFFF00] [r=0 c=0 rs=1 cs=1]
              RenderText {#text} at (1,1) size 29x16
                text run at (1,1) width 29: "cell1"
            RenderTableCell {TD} at (82,15) size 53x18 [bgcolor=#FFFF00] [r=0 c=1 rs=1 cs=1]
              RenderText {#text} at (1,1) size 129x16
                text run at (1,1) width 129: "contentwithoutspace"
          RenderTableRow {TR} at (0,48) size 150x18
            RenderTableCell {TD} at (15,48) size 52x18 [bgcolor=#FFFF00] [r=1 c=0 rs=1 cs=1]
              RenderText {#text} at (1,1) size 29x16
                text run at (1,1) width 29: "cell1"
            RenderTableCell {TD} at (82,48) size 53x18 [bgcolor=#FFFF00] [r=1 c=1 rs=1 cs=1]
              RenderText {#text} at (1,1) size 129x16
                text run at (1,1) width 129: "contentwithoutspace"
      RenderTable {TABLE} at (0,538) size 200x147 [bgcolor=#FFA500] [border: (10px solid #0000FF)]
        RenderTableCol {COLGROUP} at (0,0) size 0x0
          RenderTableCol {COL} at (0,0) size 0x0
        RenderTableCol {COLGROUP} at (0,0) size 0x0
          RenderTableCol {COL} at (0,0) size 0x0
        RenderBlock {CAPTION} at (0,0) size 150x16
          RenderText {#text} at (22,0) size 105x16
            text run at (22,0) width 105: "clip columngroup"
        RenderTableSection {TBODY} at (25,41) size 150x81
          RenderTableRow {TR} at (0,15) size 150x18
            RenderTableCell {TD} at (15,15) size 52x18 [bgcolor=#FFFF00] [r=0 c=0 rs=1 cs=1]
              RenderText {#text} at (1,1) size 29x16
                text run at (1,1) width 29: "cell1"
            RenderTableCell {TD} at (82,15) size 53x18 [bgcolor=#FFFF00] [r=0 c=1 rs=1 cs=1]
              RenderText {#text} at (1,1) size 129x16
                text run at (1,1) width 129: "contentwithoutspace"
          RenderTableRow {TR} at (0,48) size 150x18
            RenderTableCell {TD} at (15,48) size 52x18 [bgcolor=#FFFF00] [r=1 c=0 rs=1 cs=1]
              RenderText {#text} at (1,1) size 29x16
                text run at (1,1) width 29: "cell1"
            RenderTableCell {TD} at (82,48) size 53x18 [bgcolor=#FFFF00] [r=1 c=1 rs=1 cs=1]
              RenderText {#text} at (1,1) size 129x16
                text run at (1,1) width 129: "contentwithoutspace"
      RenderTable {TABLE} at (0,685) size 200x162 [bgcolor=#FFA500] [border: (10px solid #0000FF)]
        RenderBlock {CAPTION} at (0,0) size 150x16
          RenderText {#text} at (44,0) size 61x16
            text run at (44,0) width 61: "clip thead"
        RenderTableSection {TBODY} at (25,89) size 150x48
          RenderTableRow {TR} at (0,15) size 150x18
            RenderTableCell {TD} at (15,15) size 52x18 [bgcolor=#FFFF00] [r=0 c=0 rs=1 cs=1]
              RenderText {#text} at (1,1) size 29x16
                text run at (1,1) width 29: "cell1"
            RenderTableCell {TD} at (82,15) size 53x18 [bgcolor=#FFFF00] [r=0 c=1 rs=1 cs=1]
              RenderText {#text} at (1,1) size 129x16
                text run at (1,1) width 129: "contentwithoutspace"
      RenderTable {TABLE} at (0,847) size 200x162 [bgcolor=#FFA500] [border: (10px solid #0000FF)]
        RenderBlock {CAPTION} at (0,0) size 150x16
          RenderText {#text} at (45,0) size 59x16
            text run at (45,0) width 59: "clip tbody"
        RenderTableSection {THEAD} at (25,41) size 150x48
          RenderTableRow {TR} at (0,15) size 150x18
            RenderTableCell {TD} at (15,15) size 52x18 [bgcolor=#FFFF00] [r=0 c=0 rs=1 cs=1]
              RenderText {#text} at (1,1) size 29x16
                text run at (1,1) width 29: "cell1"
            RenderTableCell {TD} at (82,15) size 53x18 [bgcolor=#FFFF00] [r=0 c=1 rs=1 cs=1]
              RenderText {#text} at (1,1) size 129x16
                text run at (1,1) width 129: "contentwithoutspace"
      RenderTable {TABLE} at (0,1009) size 200x162 [bgcolor=#FFA500] [border: (10px solid #0000FF)]
        RenderBlock {CAPTION} at (0,0) size 150x16
          RenderText {#text} at (48,0) size 53x16
            text run at (48,0) width 53: "clip tfoot"
        RenderTableSection {TBODY} at (25,41) size 150x48
          RenderTableRow {TR} at (0,15) size 150x18
            RenderTableCell {TD} at (15,15) size 52x18 [bgcolor=#FFFF00] [r=0 c=0 rs=1 cs=1]
              RenderText {#text} at (1,1) size 29x16
                text run at (1,1) width 29: "cell1"
            RenderTableCell {TD} at (82,15) size 53x18 [bgcolor=#FFFF00] [r=0 c=1 rs=1 cs=1]
              RenderText {#text} at (1,1) size 129x16
                text run at (1,1) width 129: "contentwithoutspace"
      RenderTable {TABLE} at (0,1171) size 200x162 [bgcolor=#FFA500] [border: (10px solid #0000FF)]
        RenderBlock {CAPTION} at (0,0) size 150x16
          RenderText {#text} at (56,0) size 37x16
            text run at (56,0) width 37: "clip td"
        RenderTableSection {TBODY} at (25,41) size 150x48
          RenderTableRow {TR} at (0,15) size 150x18
            RenderTableCell {TD} at (15,15) size 52x18 [bgcolor=#FFFF00] [r=0 c=0 rs=1 cs=1]
              RenderText {#text} at (1,1) size 29x16
                text run at (1,1) width 29: "cell1"
            RenderTableCell {TD} at (82,15) size 53x18 [bgcolor=#FFFF00] [r=0 c=1 rs=1 cs=1]
              RenderText {#text} at (1,1) size 129x16
                text run at (1,1) width 129: "contentwithoutspace"
layer at (8,138) size 200x114 clip at (18,138) size 180x114 scrollWidth 227
  RenderTable {TABLE} at (0,130) size 200x114 [bgcolor=#FFA500] [border: (10px solid #0000FF)]
    RenderBlock {CAPTION} at (0,0) size 150x16
      RenderText {#text} at (39,0) size 71x16
        text run at (39,0) width 71: "clip at table"
    RenderTableSection {TBODY} at (25,41) size 150x48
      RenderTableRow {TR} at (0,15) size 150x18
        RenderTableCell {TD} at (15,15) size 52x18 [bgcolor=#FFFF00] [r=0 c=0 rs=1 cs=1]
          RenderText {#text} at (1,1) size 29x16
            text run at (1,1) width 29: "cell1"
        RenderTableCell {TD} at (82,15) size 53x18 [bgcolor=#FFFF00] [r=0 c=1 rs=1 cs=1]
          RenderText {#text} at (1,1) size 129x16
            text run at (1,1) width 129: "contentwithoutspace"
layer at (33,308) size 150x18
  RenderTableRow {TR} at (0,15) size 150x18
    RenderTableCell {TD} at (15,15) size 52x18 [bgcolor=#FFFF00] [r=0 c=0 rs=1 cs=1]
      RenderText {#text} at (1,1) size 29x16
        text run at (1,1) width 29: "cell1"
    RenderTableCell {TD} at (82,15) size 53x18 [bgcolor=#FFFF00] [r=0 c=1 rs=1 cs=1]
      RenderText {#text} at (1,1) size 129x16
        text run at (1,1) width 129: "contentwithoutspace"
layer at (33,734) size 150x48 scrollWidth 212
  RenderTableSection {THEAD} at (25,41) size 150x48
    RenderTableRow {TR} at (0,15) size 150x18
      RenderTableCell {TD} at (15,15) size 52x18 [bgcolor=#FFFF00] [r=0 c=0 rs=1 cs=1]
        RenderText {#text} at (1,1) size 29x16
          text run at (1,1) width 29: "cell1"
      RenderTableCell {TD} at (82,15) size 53x18 [bgcolor=#FFFF00] [r=0 c=1 rs=1 cs=1]
        RenderText {#text} at (1,1) size 129x16
          text run at (1,1) width 129: "contentwithoutspace"
layer at (33,944) size 150x48 scrollWidth 212
  RenderTableSection {TBODY} at (25,89) size 150x48
    RenderTableRow {TR} at (0,15) size 150x18
      RenderTableCell {TD} at (15,15) size 52x18 [bgcolor=#FFFF00] [r=0 c=0 rs=1 cs=1]
        RenderText {#text} at (1,1) size 29x16
          text run at (1,1) width 29: "cell1"
      RenderTableCell {TD} at (82,15) size 53x18 [bgcolor=#FFFF00] [r=0 c=1 rs=1 cs=1]
        RenderText {#text} at (1,1) size 129x16
          text run at (1,1) width 129: "contentwithoutspace"
layer at (33,1106) size 150x48 scrollWidth 212
  RenderTableSection {TFOOT} at (25,89) size 150x48
    RenderTableRow {TR} at (0,15) size 150x18
      RenderTableCell {TD} at (15,15) size 52x18 [bgcolor=#FFFF00] [r=0 c=0 rs=1 cs=1]
        RenderText {#text} at (1,1) size 29x16
          text run at (1,1) width 29: "cell1"
      RenderTableCell {TD} at (82,15) size 53x18 [bgcolor=#FFFF00] [r=0 c=1 rs=1 cs=1]
        RenderText {#text} at (1,1) size 129x16
          text run at (1,1) width 129: "contentwithoutspace"
layer at (33,1268) size 150x48
  RenderTableSection {TFOOT} at (25,89) size 150x48
    RenderTableRow {TR} at (0,15) size 150x18
      RenderTableCell {TD} at (15,15) size 52x18 [bgcolor=#FFFF00] [r=0 c=0 rs=1 cs=1]
        RenderText {#text} at (1,1) size 29x16
          text run at (1,1) width 29: "cell1"
layer at (115,1283) size 53x18 scrollWidth 130
  RenderTableCell {TD} at (82,15) size 53x18 [bgcolor=#FFFF00] [r=0 c=1 rs=1 cs=1]
    RenderText {#text} at (1,1) size 129x16
      text run at (1,1) width 129: "contentwithoutspace"
