layer at (0,0) size 300x378
  RenderView at (0,0) size 96x26
layer at (0,0) size 300x378
  RenderBlock {HTML} at (0,0) size 96x378
    RenderBody {BODY} at (8,8) size 80x356
      RenderTable {TABLE} at (0,0) size 292x70 [bgcolor=#CCCCCC] [border: (1px solid #FF0000)]
        RenderTableSection {TBODY} at (1,1) size 290x68
          RenderTableRow {TR} at (0,2) size 290x20
            RenderTableCell {TD} at (2,2) size 8x20 [border: (1px solid #FF0000)] [r=0 c=0 rs=2 cs=1]
              RenderText {#text} at (2,2) size 4x16
                text run at (2,2) width 4: " "
            RenderTableCell {TD} at (12,2) size 184x20 [border: (1px solid #FF0000)] [r=0 c=1 rs=1 cs=6]
              RenderText {#text} at (2,2) size 4x16
                text run at (2,2) width 4: " "
            RenderTableCell {TD} at (198,2) size 80x20 [border: (1px solid #FF0000)] [r=0 c=7 rs=1 cs=1]
              RenderText {#text} at (2,2) size 4x16
                text run at (2,2) width 4: " "
            RenderTableCell {TD} at (280,2) size 8x20 [border: (1px solid #FF0000)] [r=0 c=8 rs=2 cs=1]
              RenderText {#text} at (2,2) size 4x16
                text run at (2,2) width 4: " "
          RenderTableRow {TR} at (0,24) size 290x20
            RenderTableCell {TD} at (12,24) size 103x20 [border: (1px solid #FF0000)] [r=1 c=1 rs=1 cs=3]
              RenderText {#text} at (2,2) size 99x16
                text run at (2,2) width 99: "Find a Business"
            RenderTableCell {TD} at (117,24) size 79x20 [border: (1px solid #FF0000)] [r=1 c=4 rs=1 cs=3]
              RenderText {#text} at (2,2) size 75x16
                text run at (2,2) width 75: "What's New"
            RenderTableCell {TD} at (198,24) size 80x20 [border: (1px solid #FF0000)] [r=1 c=7 rs=1 cs=1]
              RenderText {#text} at (2,2) size 76x16
                text run at (2,2) width 76: "Search Tips"
          RenderTableRow {TR} at (0,46) size 290x20
            RenderTableCell {TD} at (2,46) size 286x20 [border: (1px solid #FF0000)] [r=2 c=0 rs=1 cs=9]
              RenderText {#text} at (2,2) size 4x16
                text run at (2,2) width 4: " "
      RenderBlock {P} at (0,84) size 80x272
        RenderText {#text} at (0,0) size 80x272
          text run at (0,0) width 74: "bug #17826"
          text run at (0,16) width 62: ": Drag the"
          text run at (0,32) width 80: "right edge of"
          text run at (0,48) width 71: "the window"
          text run at (0,64) width 64: "and either"
          text run at (0,80) width 54: "widen or"
          text run at (0,96) width 68: "narrow the"
          text run at (0,112) width 75: "window; the"
          text run at (0,128) width 44: "column"
          text run at (0,144) width 40: "widths"
          text run at (0,160) width 41: "should"
          text run at (0,176) width 70: "oscillate as"
          text run at (0,192) width 64: "you resize"
          text run at (0,208) width 71: "the window"
          text run at (0,224) width 44: "(tested"
          text run at (0,240) width 80: "1999122008"
          text run at (0,256) width 48: "WinNT)"
