layer at (0,0) size 800x1466
  RenderView at (0,0) size 800x600
layer at (0,0) size 800x1466
  RenderBlock {HTML} at (0,0) size 800x1466
    RenderBody {BODY} at (8,8) size 784x1450
      RenderTable {TABLE} at (0,0) size 784x272
        RenderTableSection {TBODY} at (0,0) size 784x272
          RenderTableRow {TR} at (0,0) size 784x272
            RenderTableCell {TD} at (0,0) size 36x272 [bgcolor=#0000FF] [r=0 c=0 rs=1 cs=1]
              RenderText {#text} at (0,0) size 36x272
                text run at (0,0) width 36: "XXXX"
                text run at (0,16) width 36: "XXXX"
                text run at (0,32) width 36: "XXXX"
                text run at (0,48) width 36: "XXXX"
                text run at (0,64) width 36: "XXXX"
                text run at (0,80) width 36: "XXXX"
                text run at (0,96) width 36: "XXXX"
                text run at (0,112) width 36: "XXXX"
                text run at (0,128) width 36: "XXXX"
                text run at (0,144) width 36: "XXXX"
                text run at (0,160) width 36: "XXXX"
                text run at (0,176) width 36: "XXXX"
                text run at (0,192) width 36: "XXXX"
                text run at (0,208) width 36: "XXXX"
                text run at (0,224) width 36: "XXXX"
                text run at (0,240) width 36: "XXXX"
                text run at (0,256) width 36: "XXXX"
            RenderTableCell {TD} at (36,136) size 748x0 [bgcolor=#008000] [r=0 c=1 rs=1 cs=1]
              RenderTable {TABLE} at (0,0) size 0x0 [bgcolor=#FFFF00]
      RenderBlock (anonymous) at (0,272) size 784x16
        RenderBR {BR} at (0,0) size 0x16
      RenderTable {TABLE} at (0,288) size 784x276 [border: (1px outset #808080)]
        RenderTableSection {TBODY} at (1,1) size 782x274
          RenderTableRow {TR} at (0,0) size 782x274
            RenderTableCell {TD} at (0,0) size 38x274 [bgcolor=#0000FF] [border: (1px inset #808080)] [r=0 c=0 rs=1 cs=1]
              RenderText {#text} at (1,1) size 36x272
                text run at (1,1) width 36: "XXXX"
                text run at (1,17) width 36: "XXXX"
                text run at (1,33) width 36: "XXXX"
                text run at (1,49) width 36: "XXXX"
                text run at (1,65) width 36: "XXXX"
                text run at (1,81) width 36: "XXXX"
                text run at (1,97) width 36: "XXXX"
                text run at (1,113) width 36: "XXXX"
                text run at (1,129) width 36: "XXXX"
                text run at (1,145) width 36: "XXXX"
                text run at (1,161) width 36: "XXXX"
                text run at (1,177) width 36: "XXXX"
                text run at (1,193) width 36: "XXXX"
                text run at (1,209) width 36: "XXXX"
                text run at (1,225) width 36: "XXXX"
                text run at (1,241) width 36: "XXXX"
                text run at (1,257) width 36: "XXXX"
            RenderTableCell {TD} at (38,136) size 744x2 [bgcolor=#008000] [border: (1px inset #808080)] [r=0 c=1 rs=1 cs=1]
              RenderTable {TABLE} at (1,1) size 0x0 [bgcolor=#FFFF00]
      RenderBlock (anonymous) at (0,564) size 784x16
        RenderBR {BR} at (0,0) size 0x16
      RenderTable {TABLE} at (0,580) size 784x278 [border: (1px outset #808080)]
        RenderTableSection {TBODY} at (1,1) size 782x276
          RenderTableRow {TR} at (0,0) size 782x276
            RenderTableCell {TD} at (0,0) size 40x276 [bgcolor=#0000FF] [border: (1px inset #808080)] [r=0 c=0 rs=1 cs=1]
              RenderText {#text} at (2,2) size 36x272
                text run at (2,2) width 36: "XXXX"
                text run at (2,18) width 36: "XXXX"
                text run at (2,34) width 36: "XXXX"
                text run at (2,50) width 36: "XXXX"
                text run at (2,66) width 36: "XXXX"
                text run at (2,82) width 36: "XXXX"
                text run at (2,98) width 36: "XXXX"
                text run at (2,114) width 36: "XXXX"
                text run at (2,130) width 36: "XXXX"
                text run at (2,146) width 36: "XXXX"
                text run at (2,162) width 36: "XXXX"
                text run at (2,178) width 36: "XXXX"
                text run at (2,194) width 36: "XXXX"
                text run at (2,210) width 36: "XXXX"
                text run at (2,226) width 36: "XXXX"
                text run at (2,242) width 36: "XXXX"
                text run at (2,258) width 36: "XXXX"
            RenderTableCell {TD} at (40,136) size 742x4 [bgcolor=#008000] [border: (1px inset #808080)] [r=0 c=1 rs=1 cs=1]
              RenderTable {TABLE} at (2,2) size 0x0 [bgcolor=#FFFF00]
      RenderBlock (anonymous) at (0,858) size 784x16
        RenderBR {BR} at (0,0) size 0x16
      RenderTable {TABLE} at (0,874) size 784x272
        RenderTableSection {TBODY} at (0,0) size 784x272
          RenderTableRow {TR} at (0,0) size 784x272
            RenderTableCell {TD} at (0,0) size 36x272 [bgcolor=#0000FF] [r=0 c=0 rs=1 cs=1]
              RenderText {#text} at (0,0) size 36x272
                text run at (0,0) width 36: "XXXX"
                text run at (0,16) width 36: "XXXX"
                text run at (0,32) width 36: "XXXX"
                text run at (0,48) width 36: "XXXX"
                text run at (0,64) width 36: "XXXX"
                text run at (0,80) width 36: "XXXX"
                text run at (0,96) width 36: "XXXX"
                text run at (0,112) width 36: "XXXX"
                text run at (0,128) width 36: "XXXX"
                text run at (0,144) width 36: "XXXX"
                text run at (0,160) width 36: "XXXX"
                text run at (0,176) width 36: "XXXX"
                text run at (0,192) width 36: "XXXX"
                text run at (0,208) width 36: "XXXX"
                text run at (0,224) width 36: "XXXX"
                text run at (0,240) width 36: "XXXX"
                text run at (0,256) width 36: "XXXX"
            RenderTableCell {TD} at (36,0) size 36x272 [bgcolor=#FFA500] [r=0 c=1 rs=1 cs=1]
              RenderText {#text} at (0,0) size 36x272
                text run at (0,0) width 36: "XXXX"
                text run at (0,16) width 36: "XXXX"
                text run at (0,32) width 36: "XXXX"
                text run at (0,48) width 36: "XXXX"
                text run at (0,64) width 36: "XXXX"
                text run at (0,80) width 36: "XXXX"
                text run at (0,96) width 36: "XXXX"
                text run at (0,112) width 36: "XXXX"
                text run at (0,128) width 36: "XXXX"
                text run at (0,144) width 36: "XXXX"
                text run at (0,160) width 36: "XXXX"
                text run at (0,176) width 36: "XXXX"
                text run at (0,192) width 36: "XXXX"
                text run at (0,208) width 36: "XXXX"
                text run at (0,224) width 36: "XXXX"
                text run at (0,240) width 36: "XXXX"
                text run at (0,256) width 36: "XXXX"
            RenderTableCell {TD} at (72,136) size 712x0 [bgcolor=#008000] [r=0 c=2 rs=1 cs=1]
              RenderTable {TABLE} at (0,0) size 0x0 [bgcolor=#FFFF00]
      RenderBlock (anonymous) at (0,1146) size 784x16
        RenderBR {BR} at (0,0) size 0x16
      RenderTable {TABLE} at (0,1162) size 784x272
        RenderTableSection {TBODY} at (0,0) size 784x272
          RenderTableRow {TR} at (0,0) size 784x272
            RenderTableCell {TD} at (0,0) size 36x272 [bgcolor=#0000FF] [r=0 c=0 rs=1 cs=1]
              RenderText {#text} at (0,0) size 36x272
                text run at (0,0) width 36: "XXXX"
                text run at (0,16) width 36: "XXXX"
                text run at (0,32) width 36: "XXXX"
                text run at (0,48) width 36: "XXXX"
                text run at (0,64) width 36: "XXXX"
                text run at (0,80) width 36: "XXXX"
                text run at (0,96) width 36: "XXXX"
                text run at (0,112) width 36: "XXXX"
                text run at (0,128) width 36: "XXXX"
                text run at (0,144) width 36: "XXXX"
                text run at (0,160) width 36: "XXXX"
                text run at (0,176) width 36: "XXXX"
                text run at (0,192) width 36: "XXXX"
                text run at (0,208) width 36: "XXXX"
                text run at (0,224) width 36: "XXXX"
                text run at (0,240) width 36: "XXXX"
                text run at (0,256) width 36: "XXXX"
            RenderTableCell {TD} at (36,128) size 748x16 [bgcolor=#008000] [r=0 c=1 rs=1 cs=1]
              RenderText {#text} at (0,0) size 7x16
                text run at (0,0) width 7: "x"
      RenderBlock (anonymous) at (0,1434) size 784x16
        RenderText {#text} at (0,0) size 16x16
          text run at (0,0) width 16: "-->"
