layer at (0,0) size 800x600
  RenderView at (0,0) size 800x600
layer at (0,0) size 800x600
  RenderBlock {HTML} at (0,0) size 800x600
    RenderBody {BODY} at (8,8) size 784x584
      RenderTable {TABLE} at (0,0) size 784x86
        RenderTableSection {TBODY} at (0,0) size 784x86
          RenderTableRow {TR} at (0,2) size 784x82
            RenderTableCell {TD} at (2,2) size 638x82 [r=0 c=0 rs=1 cs=1]
              RenderTable {TABLE} at (1,1) size 636x80
                RenderTableSection {TBODY} at (0,0) size 636x80
                  RenderTableRow {TR} at (0,2) size 636x76
                    RenderTableCell {TD} at (2,2) size 632x76 [r=0 c=0 rs=1 cs=1]
                      RenderText {#text} at (1,1) size 87x16
                        text run at (1,1) width 87: "inside of table"
                      RenderImage {IMG} at (1,17) size 600x58
            RenderTableCell {TD} at (642,26) size 140x34 [r=0 c=1 rs=1 cs=1]
              RenderText {#text} at (1,1) size 116x32
                text run at (1,1) width 116: "2nd row of outside"
                text run at (1,17) width 30: "table"
