layer at (0,0) size 756x64
  RenderView at (0,0) size 96x26
layer at (0,0) size 756x64
  RenderBlock {HTML} at (0,0) size 96x64
    RenderBody {BODY} at (8,8) size 80x48 [bgcolor=#FFFFFF]
      RenderTable {TABLE} at (0,0) size 748x48 [border: (1px outset #808080)]
        RenderTableSection {TBODY} at (1,1) size 746x46
          RenderTableRow {TR} at (0,2) size 746x20
            RenderTableCell {TD} at (2,2) size 227x20 [border: (1px inset #808080)] [r=0 c=0 rs=1 cs=1]
              RenderText {#text} at (2,2) size 106x16
                text run at (2,2) width 106: "R1C1 colspan=0"
            RenderTableCell {TD} at (231,2) size 513x20 [border: (1px inset #808080)] [r=0 c=1 rs=1 cs=1]
              RenderText {#text} at (2,2) size 106x16
                text run at (2,2) width 106: "R1C2 colspan=0"
          RenderTableRow {TR} at (0,24) size 746x20
            RenderTableCell {TD} at (2,24) size 742x20 [border: (1px inset #808080)] [r=1 c=0 rs=1 cs=2]
              RenderText {#text} at (2,2) size 106x16
                text run at (2,2) width 106: "R2C1 colspan=2"
