layer at (0,0) size 808x50
  RenderView at (0,0) size 96x26
layer at (0,0) size 808x50
  RenderBlock {HTML} at (0,0) size 96x50
    RenderBody {BODY} at (8,8) size 80x34
      RenderTable {TABLE} at (0,0) size 800x34 [border: (1px outset #808080)]
        RenderTableSection {TBODY} at (1,1) size 798x32
          RenderTableRow {TR} at (0,3) size 798x26
            RenderTableCell {TD} at (3,3) size 394x26 [border: (1px inset #808080)] [r=0 c=0 rs=1 cs=10]
              RenderText {#text} at (5,5) size 9x16
                text run at (5,5) width 9: "A"
            RenderTableCell {TD} at (400,3) size 196x26 [border: (1px inset #808080)] [r=0 c=10 rs=1 cs=50]
              RenderText {#text} at (5,5) size 9x16
                text run at (5,5) width 9: "B"
            RenderTableCell {TD} at (599,3) size 196x26 [border: (1px inset #808080)] [r=0 c=60 rs=1 cs=120]
              RenderText {#text} at (5,5) size 10x16
                text run at (5,5) width 10: "C"
