layer at (0,0) size 508x416
  RenderView at (0,0) size 96x26
layer at (0,0) size 508x416
  RenderBlock {HTML} at (0,0) size 96x416
    RenderBody {BODY} at (8,8) size 80x400
      RenderBlock {HR} at (0,0) size 80x2 [border: (1px inset #000000)]
      RenderBlock {H3} at (0,18) size 80x18
        RenderText {#text} at (0,0) size 55x18
          text run at (0,0) width 55: "Table 1"
      RenderBlock {PRE} at (0,52) size 80x64
        RenderText {#text} at (0,0) size 112x64
          text run at (0,0) width 112: "<TABLE width=\"500\" border=1>"
          text run at (112,0) width 0: " "
          text run at (0,16) width 84: "<COLGROUP width=\"1*\">"
          text run at (84,16) width 0: " "
          text run at (0,32) width 84: "<COLGROUP width=\"1*\">"
          text run at (84,32) width 0: " "
          text run at (0,48) width 84: "<COLGROUP width=\"3*\">"
          text run at (84,48) width 0: " "
      RenderTable {TABLE} at (0,130) size 500x70 [border: (1px outset #808080)]
        RenderTableCol {COLGROUP} at (0,0) size 0x0
        RenderTableCol {COLGROUP} at (0,0) size 0x0
        RenderTableCol {COLGROUP} at (0,0) size 0x0
        RenderTableSection {TBODY} at (1,1) size 498x68
          RenderTableRow {TR} at (0,2) size 498x20
            RenderTableCell {TD} at (2,2) size 165x20 [border: (1px inset #808080)] [r=0 c=0 rs=1 cs=1]
              RenderText {#text} at (2,2) size 37x16
                text run at (2,2) width 37: "Cell A"
            RenderTableCell {TD} at (169,2) size 162x20 [border: (1px inset #808080)] [r=0 c=1 rs=1 cs=1]
              RenderText {#text} at (2,2) size 37x16
                text run at (2,2) width 37: "Cell B"
            RenderTableCell {TD} at (333,2) size 163x20 [border: (1px inset #808080)] [r=0 c=2 rs=1 cs=1]
              RenderText {#text} at (2,2) size 38x16
                text run at (2,2) width 38: "Cell C"
          RenderTableRow {TR} at (0,24) size 498x20
            RenderTableCell {TD} at (2,24) size 165x20 [border: (1px inset #808080)] [r=1 c=0 rs=1 cs=1]
              RenderText {#text} at (2,2) size 38x16
                text run at (2,2) width 38: "Cell D"
            RenderTableCell {TD} at (169,24) size 162x20 [border: (1px inset #808080)] [r=1 c=1 rs=1 cs=1]
              RenderText {#text} at (2,2) size 37x16
                text run at (2,2) width 37: "Cell E"
            RenderTableCell {TD} at (333,24) size 163x20 [border: (1px inset #808080)] [r=1 c=2 rs=1 cs=1]
              RenderText {#text} at (2,2) size 36x16
                text run at (2,2) width 36: "Cell F"
          RenderTableRow {TR} at (0,46) size 498x20
            RenderTableCell {TD} at (2,46) size 165x20 [border: (1px inset #808080)] [r=2 c=0 rs=1 cs=1]
              RenderText {#text} at (2,2) size 39x16
                text run at (2,2) width 39: "Cell G"
            RenderTableCell {TD} at (169,46) size 162x20 [border: (1px inset #808080)] [r=2 c=1 rs=1 cs=1]
              RenderText {#text} at (2,2) size 38x16
                text run at (2,2) width 38: "Cell H"
            RenderTableCell {TD} at (333,46) size 163x20 [border: (1px inset #808080)] [r=2 c=2 rs=1 cs=1]
              RenderText {#text} at (2,2) size 32x16
                text run at (2,2) width 32: "Cell I"
      RenderBlock {HR} at (0,207) size 80x2 [border: (1px inset #000000)]
      RenderBlock {H3} at (0,225) size 80x18
        RenderText {#text} at (0,0) size 55x18
          text run at (0,0) width 55: "Table 2"
      RenderBlock {PRE} at (0,259) size 80x48
        RenderText {#text} at (0,0) size 112x48
          text run at (0,0) width 112: "<TABLE width=\"500\" border=1>"
          text run at (112,0) width 0: " "
          text run at (0,16) width 112: "<COLGROUP span=2 width=\"1*\">"
          text run at (112,16) width 0: " "
          text run at (0,32) width 84: "<COLGROUP width=\"3*\">"
          text run at (84,32) width 0: " "
      RenderTable {TABLE} at (0,321) size 500x70 [border: (1px outset #808080)]
        RenderTableCol {COLGROUP} at (0,0) size 0x0
        RenderTableCol {COLGROUP} at (0,0) size 0x0
        RenderTableSection {TBODY} at (1,1) size 498x68
          RenderTableRow {TR} at (0,2) size 498x20
            RenderTableCell {TD} at (2,2) size 165x20 [border: (1px inset #808080)] [r=0 c=0 rs=1 cs=1]
              RenderText {#text} at (2,2) size 37x16
                text run at (2,2) width 37: "Cell A"
            RenderTableCell {TD} at (169,2) size 162x20 [border: (1px inset #808080)] [r=0 c=1 rs=1 cs=1]
              RenderText {#text} at (2,2) size 37x16
                text run at (2,2) width 37: "Cell B"
            RenderTableCell {TD} at (333,2) size 163x20 [border: (1px inset #808080)] [r=0 c=2 rs=1 cs=1]
              RenderText {#text} at (2,2) size 38x16
                text run at (2,2) width 38: "Cell C"
          RenderTableRow {TR} at (0,24) size 498x20
            RenderTableCell {TD} at (2,24) size 165x20 [border: (1px inset #808080)] [r=1 c=0 rs=1 cs=1]
              RenderText {#text} at (2,2) size 38x16
                text run at (2,2) width 38: "Cell D"
            RenderTableCell {TD} at (169,24) size 162x20 [border: (1px inset #808080)] [r=1 c=1 rs=1 cs=1]
              RenderText {#text} at (2,2) size 37x16
                text run at (2,2) width 37: "Cell E"
            RenderTableCell {TD} at (333,24) size 163x20 [border: (1px inset #808080)] [r=1 c=2 rs=1 cs=1]
              RenderText {#text} at (2,2) size 36x16
                text run at (2,2) width 36: "Cell F"
          RenderTableRow {TR} at (0,46) size 498x20
            RenderTableCell {TD} at (2,46) size 165x20 [border: (1px inset #808080)] [r=2 c=0 rs=1 cs=1]
              RenderText {#text} at (2,2) size 39x16
                text run at (2,2) width 39: "Cell G"
            RenderTableCell {TD} at (169,46) size 162x20 [border: (1px inset #808080)] [r=2 c=1 rs=1 cs=1]
              RenderText {#text} at (2,2) size 38x16
                text run at (2,2) width 38: "Cell H"
            RenderTableCell {TD} at (333,46) size 163x20 [border: (1px inset #808080)] [r=2 c=2 rs=1 cs=1]
              RenderText {#text} at (2,2) size 32x16
                text run at (2,2) width 32: "Cell I"
      RenderBlock {HR} at (0,398) size 80x2 [border: (1px inset #000000)]
