layer at (0,0) size 96x3170
  RenderView at (0,0) size 96x26
layer at (0,0) size 96x3170
  RenderBlock {HTML} at (0,0) size 96x3170
    RenderBody {BODY} at (8,8) size 80x3154 [bgcolor=#FFFFFF]
      RenderTable {TABLE} at (0,0) size 80x3154 [border: (3px solid #008000)]
        RenderBlock {CAPTION} at (0,0) size 74x102 [border: (3px solid #FFA500)]
          RenderText {#text} at (14,3) size 46x96
            text run at (14,3) width 46: "caption"
            text run at (25,19) width 23: "text"
            text run at (14,35) width 46: "caption"
            text run at (25,51) width 23: "text"
            text run at (14,67) width 46: "caption"
            text run at (25,83) width 23: "text"
        RenderTableSection {TBODY} at (3,105) size 74x3046
          RenderTableRow {TR} at (0,2) size 74x3042
            RenderTableCell {TD} at (2,2) size 70x3042 [r=0 c=0 rs=1 cs=1]
              RenderText {#text} at (1,1) size 65x3040
                text run at (1,1) width 57: "table text"
                text run at (1,17) width 36: "which"
                text run at (1,33) width 41: "should"
                text run at (1,49) width 65: "wrap table"
                text run at (1,65) width 63: "text which"
                text run at (1,81) width 41: "should"
                text run at (1,97) width 65: "wrap table"
                text run at (1,113) width 63: "text which"
                text run at (1,129) width 41: "should"
                text run at (1,145) width 65: "wrap table"
                text run at (1,161) width 63: "text which"
                text run at (1,177) width 41: "should"
                text run at (1,193) width 65: "wrap table"
                text run at (1,209) width 63: "text which"
                text run at (1,225) width 41: "should"
                text run at (1,241) width 65: "wrap table"
                text run at (1,257) width 63: "text which"
                text run at (1,273) width 41: "should"
                text run at (1,289) width 65: "wrap table"
                text run at (1,305) width 63: "text which"
                text run at (1,321) width 41: "should"
                text run at (1,337) width 65: "wrap table"
                text run at (1,353) width 63: "text which"
                text run at (1,369) width 41: "should"
                text run at (1,385) width 65: "wrap table"
                text run at (1,401) width 63: "text which"
                text run at (1,417) width 41: "should"
                text run at (1,433) width 65: "wrap table"
                text run at (1,449) width 63: "text which"
                text run at (1,465) width 41: "should"
                text run at (1,481) width 65: "wrap table"
                text run at (1,497) width 63: "text which"
                text run at (1,513) width 41: "should"
                text run at (1,529) width 65: "wrap table"
                text run at (1,545) width 63: "text which"
                text run at (1,561) width 41: "should"
                text run at (1,577) width 65: "wrap table"
                text run at (1,593) width 63: "text which"
                text run at (1,609) width 41: "should"
                text run at (1,625) width 65: "wrap table"
                text run at (1,641) width 63: "text which"
                text run at (1,657) width 41: "should"
                text run at (1,673) width 65: "wrap table"
                text run at (1,689) width 63: "text which"
                text run at (1,705) width 41: "should"
                text run at (1,721) width 65: "wrap table"
                text run at (1,737) width 63: "text which"
                text run at (1,753) width 41: "should"
                text run at (1,769) width 65: "wrap table"
                text run at (1,785) width 63: "text which"
                text run at (1,801) width 41: "should"
                text run at (1,817) width 65: "wrap table"
                text run at (1,833) width 63: "text which"
                text run at (1,849) width 41: "should"
                text run at (1,865) width 65: "wrap table"
                text run at (1,881) width 63: "text which"
                text run at (1,897) width 41: "should"
                text run at (1,913) width 65: "wrap table"
                text run at (1,929) width 63: "text which"
                text run at (1,945) width 41: "should"
                text run at (1,961) width 65: "wrap table"
                text run at (1,977) width 63: "text which"
                text run at (1,993) width 41: "should"
                text run at (1,1009) width 65: "wrap table"
                text run at (1,1025) width 63: "text which"
                text run at (1,1041) width 41: "should"
                text run at (1,1057) width 65: "wrap table"
                text run at (1,1073) width 63: "text which"
                text run at (1,1089) width 41: "should"
                text run at (1,1105) width 65: "wrap table"
                text run at (1,1121) width 63: "text which"
                text run at (1,1137) width 41: "should"
                text run at (1,1153) width 65: "wrap table"
                text run at (1,1169) width 63: "text which"
                text run at (1,1185) width 41: "should"
                text run at (1,1201) width 65: "wrap table"
                text run at (1,1217) width 63: "text which"
                text run at (1,1233) width 41: "should"
                text run at (1,1249) width 65: "wrap table"
                text run at (1,1265) width 63: "text which"
                text run at (1,1281) width 41: "should"
                text run at (1,1297) width 65: "wrap table"
                text run at (1,1313) width 63: "text which"
                text run at (1,1329) width 41: "should"
                text run at (1,1345) width 65: "wrap table"
                text run at (1,1361) width 63: "text which"
                text run at (1,1377) width 41: "should"
                text run at (1,1393) width 65: "wrap table"
                text run at (1,1409) width 63: "text which"
                text run at (1,1425) width 41: "should"
                text run at (1,1441) width 65: "wrap table"
                text run at (1,1457) width 63: "text which"
                text run at (1,1473) width 41: "should"
                text run at (1,1489) width 65: "wrap table"
                text run at (1,1505) width 63: "text which"
                text run at (1,1521) width 41: "should"
                text run at (1,1537) width 65: "wrap table"
                text run at (1,1553) width 63: "text which"
                text run at (1,1569) width 41: "should"
                text run at (1,1585) width 65: "wrap table"
                text run at (1,1601) width 63: "text which"
                text run at (1,1617) width 41: "should"
                text run at (1,1633) width 65: "wrap table"
                text run at (1,1649) width 63: "text which"
                text run at (1,1665) width 41: "should"
                text run at (1,1681) width 65: "wrap table"
                text run at (1,1697) width 63: "text which"
                text run at (1,1713) width 41: "should"
                text run at (1,1729) width 65: "wrap table"
                text run at (1,1745) width 63: "text which"
                text run at (1,1761) width 41: "should"
                text run at (1,1777) width 65: "wrap table"
                text run at (1,1793) width 63: "text which"
                text run at (1,1809) width 41: "should"
                text run at (1,1825) width 65: "wrap table"
                text run at (1,1841) width 63: "text which"
                text run at (1,1857) width 41: "should"
                text run at (1,1873) width 65: "wrap table"
                text run at (1,1889) width 63: "text which"
                text run at (1,1905) width 41: "should"
                text run at (1,1921) width 65: "wrap table"
                text run at (1,1937) width 63: "text which"
                text run at (1,1953) width 41: "should"
                text run at (1,1969) width 65: "wrap table"
                text run at (1,1985) width 63: "text which"
                text run at (1,2001) width 41: "should"
                text run at (1,2017) width 61: "wraptable"
                text run at (1,2033) width 63: "text which"
                text run at (1,2049) width 41: "should"
                text run at (1,2065) width 65: "wrap table"
                text run at (1,2081) width 63: "text which"
                text run at (1,2097) width 41: "should"
                text run at (1,2113) width 65: "wrap table"
                text run at (1,2129) width 63: "text which"
                text run at (1,2145) width 41: "should"
                text run at (1,2161) width 65: "wrap table"
                text run at (1,2177) width 63: "text which"
                text run at (1,2193) width 41: "should"
                text run at (1,2209) width 65: "wrap table"
                text run at (1,2225) width 63: "text which"
                text run at (1,2241) width 41: "should"
                text run at (1,2257) width 65: "wrap table"
                text run at (1,2273) width 63: "text which"
                text run at (1,2289) width 41: "should"
                text run at (1,2305) width 65: "wrap table"
                text run at (1,2321) width 63: "text which"
                text run at (1,2337) width 41: "should"
                text run at (1,2353) width 65: "wrap table"
                text run at (1,2369) width 63: "text which"
                text run at (1,2385) width 41: "should"
                text run at (1,2401) width 65: "wrap table"
                text run at (1,2417) width 63: "text which"
                text run at (1,2433) width 41: "should"
                text run at (1,2449) width 65: "wrap table"
                text run at (1,2465) width 63: "text which"
                text run at (1,2481) width 41: "should"
                text run at (1,2497) width 65: "wrap table"
                text run at (1,2513) width 63: "text which"
                text run at (1,2529) width 41: "should"
                text run at (1,2545) width 65: "wrap table"
                text run at (1,2561) width 63: "text which"
                text run at (1,2577) width 41: "should"
                text run at (1,2593) width 65: "wrap table"
                text run at (1,2609) width 63: "text which"
                text run at (1,2625) width 41: "should"
                text run at (1,2641) width 65: "wrap table"
                text run at (1,2657) width 63: "text which"
                text run at (1,2673) width 41: "should"
                text run at (1,2689) width 65: "wrap table"
                text run at (1,2705) width 63: "text which"
                text run at (1,2721) width 41: "should"
                text run at (1,2737) width 65: "wrap table"
                text run at (1,2753) width 63: "text which"
                text run at (1,2769) width 41: "should"
                text run at (1,2785) width 65: "wrap table"
                text run at (1,2801) width 63: "text which"
                text run at (1,2817) width 41: "should"
                text run at (1,2833) width 65: "wrap table"
                text run at (1,2849) width 63: "text which"
                text run at (1,2865) width 41: "should"
                text run at (1,2881) width 65: "wrap table"
                text run at (1,2897) width 63: "text which"
                text run at (1,2913) width 41: "should"
                text run at (1,2929) width 65: "wrap table"
                text run at (1,2945) width 63: "text which"
                text run at (1,2961) width 41: "should"
                text run at (1,2977) width 65: "wrap table"
                text run at (1,2993) width 63: "text which"
                text run at (1,3009) width 41: "should"
                text run at (1,3025) width 31: "wrap"
