layer at (0,0) size 109x1512
  RenderView at (0,0) size 96x26
layer at (0,0) size 109x1512
  RenderBlock {HTML} at (0,0) size 96x1512
    RenderBody {BODY} at (8,8) size 80x1496
      RenderBlock (anonymous) at (0,0) size 80x496
        RenderText {#text} at (0,0) size 80x96
          text run at (0,0) width 25: "The"
          text run at (0,16) width 55: "following"
          text run at (0,32) width 33: "three"
          text run at (0,48) width 60: "examples"
          text run at (0,64) width 80: "are 2 nested"
          text run at (0,80) width 40: "tables."
        RenderBR {BR} at (40,93) size 0x0
        RenderText {#text} at (0,96) size 78x192
          text run at (0,96) width 61: "The inner"
          text run at (0,112) width 69: "table has a"
          text run at (0,128) width 55: "height of"
          text run at (0,144) width 63: "100%, the"
          text run at (0,160) width 66: "outer table"
          text run at (0,176) width 78: "has a height"
          text run at (0,192) width 35: "set of"
          text run at (0,208) width 62: "200px, on"
          text run at (0,224) width 73: "the <table>,"
          text run at (0,240) width 53: "<tr> and"
          text run at (0,256) width 28: "<td>"
          text run at (0,272) width 78: "respectively."
        RenderBR {BR} at (78,285) size 0x0
        RenderBR {BR} at (0,288) size 0x16
        RenderText {#text} at (0,304) size 75x176
          text run at (0,304) width 30: "In all"
          text run at (0,320) width 60: "examples"
          text run at (0,336) width 56: "the inner"
          text run at (0,352) width 75: "table should"
          text run at (0,368) width 67: "completely"
          text run at (0,384) width 73: "fill the outer"
          text run at (0,400) width 67: "table. (with"
          text run at (0,416) width 63: "respect of"
          text run at (0,432) width 75: "the padding"
          text run at (0,448) width 69: "and border"
          text run at (0,464) width 59: "ofcourse)"
        RenderBR {BR} at (59,477) size 0x0
        RenderBR {BR} at (0,480) size 0x16
      RenderTable {TABLE} at (0,496) size 101x200 [border: (1px outset #808080)]
        RenderTableSection {TBODY} at (1,1) size 99x198
          RenderTableRow {TR} at (0,2) size 99x194
            RenderTableCell {TD} at (2,2) size 95x194 [border: (1px inset #808080)] [r=0 c=0 rs=1 cs=1]
              RenderTable {TABLE} at (2,2) size 91x190 [border: (1px outset #808080)]
                RenderTableSection {TBODY} at (1,1) size 89x188
                  RenderTableRow {TR} at (0,2) size 89x184
                    RenderTableCell {TD} at (2,60) size 85x68 [border: (1px inset #808080)] [r=0 c=0 rs=1 cs=1]
                      RenderText {#text} at (2,2) size 81x64
                        text run at (2,2) width 66: "outer table"
                        text run at (2,18) width 23: "has"
                        text run at (2,34) width 81: "height:200px"
                        text run at (2,50) width 66: "on <table>"
      RenderBlock (anonymous) at (0,696) size 80x16
        RenderBR {BR} at (0,0) size 0x16
      RenderTable {TABLE} at (0,712) size 101x206 [border: (1px outset #808080)]
        RenderTableSection {TBODY} at (1,1) size 99x204
          RenderTableRow {TR} at (0,2) size 99x200
            RenderTableCell {TD} at (2,63) size 95x78 [border: (1px inset #808080)] [r=0 c=0 rs=1 cs=1]
              RenderTable {TABLE} at (2,2) size 91x74 [border: (1px outset #808080)]
                RenderTableSection {TBODY} at (1,1) size 89x72
                  RenderTableRow {TR} at (0,2) size 89x68
                    RenderTableCell {TD} at (2,2) size 85x68 [border: (1px inset #808080)] [r=0 c=0 rs=1 cs=1]
                      RenderText {#text} at (2,2) size 81x64
                        text run at (2,2) width 66: "outer table"
                        text run at (2,18) width 23: "has"
                        text run at (2,34) width 81: "height:200px"
                        text run at (2,50) width 45: "on <tr>"
      RenderBlock (anonymous) at (0,918) size 80x16
        RenderBR {BR} at (0,0) size 0x16
      RenderTable {TABLE} at (0,934) size 101x206 [border: (1px outset #808080)]
        RenderTableSection {TBODY} at (1,1) size 99x204
          RenderTableRow {TR} at (0,2) size 99x200
            RenderTableCell {TD} at (2,2) size 95x200 [border: (1px inset #808080)] [r=0 c=0 rs=1 cs=1]
              RenderTable {TABLE} at (2,2) size 91x196 [border: (1px outset #808080)]
                RenderTableSection {TBODY} at (1,1) size 89x194
                  RenderTableRow {TR} at (0,2) size 89x190
                    RenderTableCell {TD} at (2,63) size 85x68 [border: (1px inset #808080)] [r=0 c=0 rs=1 cs=1]
                      RenderText {#text} at (2,2) size 81x64
                        text run at (2,2) width 66: "outer table"
                        text run at (2,18) width 23: "has"
                        text run at (2,34) width 81: "height:200px"
                        text run at (2,50) width 48: "on <td>"
      RenderBlock (anonymous) at (0,1140) size 80x16
        RenderBR {BR} at (0,0) size 0x16
      RenderTable {TABLE} at (0,1156) size 80x340 [border: (1px outset #808080)]
        RenderTableSection {TBODY} at (1,1) size 78x338
          RenderTableRow {TR} at (0,2) size 78x334
            RenderTableCell {TD} at (2,2) size 74x334 [border: (1px inset #808080)] [r=0 c=0 rs=1 cs=1]
              RenderTable {TABLE} at (2,2) size 70x330 [border: (1px outset #808080)]
                RenderTableSection {TBODY} at (1,1) size 68x328
                  RenderTableRow {TR} at (0,2) size 68x324
                    RenderTableCell {TD} at (2,2) size 64x324 [border: (1px inset #808080)] [r=0 c=0 rs=1 cs=1]
                      RenderText {#text} at (2,2) size 59x112
                        text run at (2,2) width 32: "outer"
                        text run at (2,18) width 57: "table has"
                        text run at (2,34) width 59: "no height"
                        text run at (2,50) width 58: "set, inner"
                        text run at (2,66) width 57: "table has"
                        text run at (2,82) width 51: "a height"
                        text run at (2,98) width 47: "of 50%."
                      RenderBR {BR} at (49,111) size 0x0
                      RenderText {#text} at (2,114) size 60x208
                        text run at (2,114) width 55: "Here the"
                        text run at (2,130) width 39: "height"
                        text run at (2,146) width 60: "should be"
                        text run at (2,162) width 35: "set to"
                        text run at (2,178) width 30: "auto,"
                        text run at (2,194) width 52: "because"
                        text run at (2,210) width 20: "the"
                        text run at (2,226) width 55: "height of"
                        text run at (2,242) width 56: "the outer"
                        text run at (2,258) width 12: "td"
                        text run at (2,274) width 55: "depends"
                        text run at (2,290) width 40: "on the"
                        text run at (2,306) width 50: "content."
