layer at (0,0) size 800x600
  RenderView at (0,0) size 800x600
layer at (0,0) size 800x600
  RenderBlock {HTML} at (0,0) size 800x600
    RenderBody {BODY} at (8,8) size 784x584
      RenderBlock (anonymous) at (0,0) size 784x16
        RenderText {#text} at (0,0) size 4x16
          text run at (0,0) width 4: " "
      RenderTable {TABLE} at (0,16) size 392x58 [border: (1px outset #808080)]
        RenderTableSection {TBODY} at (1,1) size 390x56
          RenderTableRow {TR} at (0,2) size 390x52
            RenderTableCell {TD} at (2,2) size 269x52 [border: (1px inset #808080)] [r=0 c=0 rs=1 cs=1]
              RenderTable {TABLE} at (2,2) size 76x48 [border: (1px outset #808080)]
                RenderTableSection {TBODY} at (1,1) size 74x46
                  RenderTableRow {TR} at (0,2) size 74x20
                    RenderTableCell {TD} at (2,2) size 34x20 [border: (1px inset #808080)] [r=0 c=0 rs=1 cs=1]
                      RenderText {#text} at (2,2) size 30x16
                        text run at (2,2) width 30: "hello"
                    RenderTableCell {TD} at (38,2) size 34x20 [border: (1px inset #808080)] [r=0 c=1 rs=1 cs=1]
                      RenderText {#text} at (2,2) size 30x16
                        text run at (2,2) width 30: "hello"
                  RenderTableRow {TR} at (0,24) size 74x20
                    RenderTableCell {TD} at (2,24) size 34x20 [border: (1px inset #808080)] [r=1 c=0 rs=1 cs=1]
                      RenderText {#text} at (2,2) size 30x16
                        text run at (2,2) width 30: "hello"
                    RenderTableCell {TD} at (38,24) size 34x20 [border: (1px inset #808080)] [r=1 c=1 rs=1 cs=1]
                      RenderText {#text} at (2,2) size 30x16
                        text run at (2,2) width 30: "hello"
            RenderTableCell {TD} at (273,18) size 115x20 [border: (1px inset #808080)] [r=0 c=1 rs=1 cs=1]
              RenderText {#text} at (2,2) size 30x16
                text run at (2,2) width 30: "hello"
