layer at (0,0) size 208x66
  RenderView at (0,0) size 96x26
layer at (0,0) size 208x66
  RenderBlock {HTML} at (0,0) size 96x66
    RenderBody {BODY} at (8,8) size 80x50 [bgcolor=#FFFFFF]
      RenderTable {TABLE} at (0,0) size 200x50 [border: (3px solid #008000)]
        RenderBlock {CAPTION} at (0,0) size 194x22 [border: (3px solid #FFA500)]
          RenderText {#text} at (85,3) size 23x16
            text run at (85,3) width 23: "cap"
        RenderTableSection {TBODY} at (3,25) size 194x22
          RenderTableRow {TR} at (0,2) size 194x18
            RenderTableCell {TD} at (2,2) size 190x18 [r=0 c=0 rs=1 cs=1]
              RenderText {#text} at (1,1) size 30x16
                text run at (1,1) width 30: "table"
