layer at (0,0) size 96x254
  RenderView at (0,0) size 96x26
layer at (0,0) size 96x254
  RenderBlock {HTML} at (0,0) size 96x222
    RenderBody {BODY} at (8,8) size 80x206
      RenderBlock {DIV} at (0,0) size 80x206 [border: (3px solid #0000FF)]
        RenderTable {TABLE} at (6,3) size 67x243 [border: (3px solid #008000)]
          RenderBlock {CAPTION} at (0,0) size 18x83 [border: (3px solid #FFA500)]
            RenderText {#text} at (3,3) size 23x16
              text run at (3,3) width 23: "cap"
          RenderTableSection {TBODY} at (3,86) size 61x154
            RenderTableRow {TR} at (0,2) size 61x150
              RenderTableCell {TD} at (2,68) size 57x18 [r=0 c=0 rs=1 cs=1]
                RenderText {#text} at (1,1) size 55x16
                  text run at (1,1) width 55: "table cell"
