layer at (0,0) size 800x600
  RenderView at (0,0) size 800x600
layer at (0,0) size 800x600
  RenderBlock {HTML} at (0,0) size 800x600
    RenderBody {BODY} at (8,8) size 784x578
      RenderBlock (anonymous) at (0,0) size 784x16
        RenderText {#text} at (0,0) size 776x16
          text run at (0,0) width 776: "This page shows a difference between IE and Netscape 6 rendering of tables / cells with heights expressed in percentages."
      RenderBlock {P} at (0,30) size 784x32
        RenderText {#text} at (0,0) size 784x32
          text run at (0,0) width 204: "The table A below has two cells. "
          text run at (204,0) width 383: "Cell A1 contains an invisible image to make the cell fairly tall. "
          text run at (587,0) width 197: "Cell A2 has a height attribute of"
          text run at (0,16) width 264: "100%, and contains another table, table B."
      RenderBlock {P} at (0,76) size 784x32
        RenderText {#text} at (0,0) size 767x32
          text run at (0,0) width 213: "Table B has two cells, B1 and B2. "
          text run at (213,0) width 249: "B1 has a fixed pixel height of 30 pixels. "
          text run at (462,0) width 162: "B2 has a height of 100%. "
          text run at (624,0) width 143: "In IE, this causes B2 to"
          text run at (0,16) width 755: "stretch to fill the entire height of cell A2, while in Netscape 6 / Gecko, it seems to have no impact on the height of cell A2."
      RenderBlock {P} at (0,122) size 784x207
        RenderTable {TABLE} at (0,0) size 118x207 [border: (1px outset #808080)]
          RenderTableSection {TBODY} at (1,1) size 116x205
            RenderTableRow {TR} at (0,0) size 116x205
              RenderTableCell {TD} at (0,0) size 57x205 [border: (1px inset #808080)] [r=0 c=0 rs=1 cs=1]
                RenderImage {IMG} at (1,1) size 10x200
                RenderText {#text} at (11,188) size 45x16
                  text run at (11,188) width 45: "Cell A1"
              RenderTableCell {TD} at (57,71) size 59x62 [border: (1px inset #808080)] [r=0 c=1 rs=1 cs=1]
                RenderTable {TABLE} at (1,1) size 57x60 [border: (2px outset #808080)]
                  RenderTableSection {TBODY} at (2,2) size 53x56
                    RenderTableRow {TR} at (0,2) size 53x30
                      RenderTableCell {TD} at (2,7) size 49x20 [border: (1px inset #808080)] [r=0 c=0 rs=1 cs=1]
                        RenderText {#text} at (2,2) size 45x16
                          text run at (2,2) width 45: "Cell B1"
                    RenderTableRow {TR} at (0,34) size 53x20
                      RenderTableCell {TD} at (2,34) size 49x20 [bgcolor=#99CC99] [border: (1px inset #808080)] [r=1 c=0 rs=1 cs=1]
                        RenderText {#text} at (2,2) size 45x16
                          text run at (2,2) width 45: "Cell B2"
