layer at (0,0) size 800x600
  RenderView at (0,0) size 800x600
layer at (0,0) size 800x600
  RenderBlock {HTML} at (0,0) size 800x600
    RenderBody {BODY} at (8,8) size 784x584
      RenderTable {TABLE} at (0,0) size 155x62 [border: (3px solid #008000)]
        RenderTableSection {TBODY} at (3,3) size 149x56
          RenderTableRow {TR} at (0,2) size 149x52
            RenderTableCell {TD} at (2,2) size 145x52 [r=0 c=0 rs=1 cs=1]
              RenderTable {TABLE} at (1,1) size 143x50 [border: (3px solid #008000)]
                RenderBlock {CAPTION} at (0,0) size 74x22 [border: (3px solid #FFA500)]
                  RenderText {#text} at (25,3) size 23x16
                    text run at (25,3) width 23: "cap"
                RenderTableSection {TBODY} at (3,25) size 137x22
                  RenderTableRow {TR} at (0,2) size 137x18
                    RenderTableCell {TD} at (2,2) size 133x18 [r=0 c=0 rs=1 cs=1]
                      RenderText {#text} at (1,1) size 131x16
                        text run at (1,1) width 131: "table cell foo and bar"
