layer at (0,0) size 414x562
  RenderView at (0,0) size 96x26
layer at (0,0) size 414x562
  RenderBlock {HTML} at (0,0) size 96x562
    RenderBody {BODY} at (8,8) size 80x546 [bgcolor=#FFFFFF]
      RenderTable {TABLE} at (0,0) size 406x546 [border: (3px solid #008000)]
        RenderBlock {CAPTION} at (0,0) size 406x22 [border: (3px solid #FFA500)]
          RenderText {#text} at (89,3) size 227x16
            text run at (89,3) width 227: "caption text caption text caption text"
        RenderTableSection {TBODY} at (3,25) size 400x518
          RenderTableRow {TR} at (0,2) size 400x514
            RenderTableCell {TD} at (2,2) size 396x514 [r=0 c=0 rs=1 cs=1]
              RenderText {#text} at (1,1) size 394x512
                text run at (1,1) width 392: "table text which should wrap table text which should wrap table"
                text run at (1,17) width 385: "text which should wrap table text which should wrap table text"
                text run at (1,33) width 358: "which should wrap table text which should wrap table text"
                text run at (1,49) width 358: "which should wrap table text which should wrap table text"
                text run at (1,65) width 358: "which should wrap table text which should wrap table text"
                text run at (1,81) width 358: "which should wrap table text which should wrap table text"
                text run at (1,97) width 358: "which should wrap table text which should wrap table text"
                text run at (1,113) width 358: "which should wrap table text which should wrap table text"
                text run at (1,129) width 358: "which should wrap table text which should wrap table text"
                text run at (1,145) width 358: "which should wrap table text which should wrap table text"
                text run at (1,161) width 358: "which should wrap table text which should wrap table text"
                text run at (1,177) width 358: "which should wrap table text which should wrap table text"
                text run at (1,193) width 358: "which should wrap table text which should wrap table text"
                text run at (1,209) width 358: "which should wrap table text which should wrap table text"
                text run at (1,225) width 358: "which should wrap table text which should wrap table text"
                text run at (1,241) width 358: "which should wrap table text which should wrap table text"
                text run at (1,257) width 358: "which should wrap table text which should wrap table text"
                text run at (1,273) width 358: "which should wrap table text which should wrap table text"
                text run at (1,289) width 358: "which should wrap table text which should wrap table text"
                text run at (1,305) width 358: "which should wrap table text which should wrap table text"
                text run at (1,321) width 394: "which should wrap table text which should wraptable text which"
                text run at (1,337) width 358: "should wrap table text which should wrap table text which"
                text run at (1,353) width 358: "should wrap table text which should wrap table text which"
                text run at (1,369) width 358: "should wrap table text which should wrap table text which"
                text run at (1,385) width 358: "should wrap table text which should wrap table text which"
                text run at (1,401) width 358: "should wrap table text which should wrap table text which"
                text run at (1,417) width 358: "should wrap table text which should wrap table text which"
                text run at (1,433) width 358: "should wrap table text which should wrap table text which"
                text run at (1,449) width 358: "should wrap table text which should wrap table text which"
                text run at (1,465) width 358: "should wrap table text which should wrap table text which"
                text run at (1,481) width 358: "should wrap table text which should wrap table text which"
                text run at (1,497) width 76: "should wrap"
