layer at (0,0) size 96x1090
  RenderView at (0,0) size 96x26
layer at (0,0) size 96x1090
  RenderBlock {HTML} at (0,0) size 96x1090
    RenderBody {BODY} at (8,8) size 80x1074 [bgcolor=#FFFFFF]
      RenderTable {TABLE} at (0,0) size 80x1074 [border: (3px solid #008000)]
        RenderBlock {CAPTION} at (0,0) size 74x38 [border: (3px solid #FFA500)]
          RenderText {#text} at (14,3) size 46x32
            text run at (14,3) width 46: "caption"
            text run at (25,19) width 23: "text"
        RenderTableSection {TBODY} at (3,41) size 74x1030
          RenderTableRow {TR} at (0,2) size 74x1026
            RenderTableCell {TD} at (2,2) size 70x1026 [r=0 c=0 rs=1 cs=1]
              RenderText {#text} at (1,1) size 65x1024
                text run at (1,1) width 57: "table text"
                text run at (1,17) width 36: "which"
                text run at (1,33) width 41: "should"
                text run at (1,49) width 65: "wrap table"
                text run at (1,65) width 63: "text which"
                text run at (1,81) width 41: "should"
                text run at (1,97) width 65: "wrap table"
                text run at (1,113) width 63: "text which"
                text run at (1,129) width 41: "should"
                text run at (1,145) width 65: "wrap table"
                text run at (1,161) width 63: "text which"
                text run at (1,177) width 41: "should"
                text run at (1,193) width 65: "wrap table"
                text run at (1,209) width 63: "text which"
                text run at (1,225) width 41: "should"
                text run at (1,241) width 65: "wrap table"
                text run at (1,257) width 63: "text which"
                text run at (1,273) width 41: "should"
                text run at (1,289) width 65: "wrap table"
                text run at (1,305) width 63: "text which"
                text run at (1,321) width 41: "should"
                text run at (1,337) width 65: "wrap table"
                text run at (1,353) width 63: "text which"
                text run at (1,369) width 41: "should"
                text run at (1,385) width 65: "wrap table"
                text run at (1,401) width 63: "text which"
                text run at (1,417) width 41: "should"
                text run at (1,433) width 65: "wrap table"
                text run at (1,449) width 63: "text which"
                text run at (1,465) width 41: "should"
                text run at (1,481) width 65: "wrap table"
                text run at (1,497) width 63: "text which"
                text run at (1,513) width 41: "should"
                text run at (1,529) width 65: "wrap table"
                text run at (1,545) width 63: "text which"
                text run at (1,561) width 41: "should"
                text run at (1,577) width 65: "wrap table"
                text run at (1,593) width 63: "text which"
                text run at (1,609) width 41: "should"
                text run at (1,625) width 65: "wrap table"
                text run at (1,641) width 63: "text which"
                text run at (1,657) width 41: "should"
                text run at (1,673) width 65: "wrap table"
                text run at (1,689) width 63: "text which"
                text run at (1,705) width 41: "should"
                text run at (1,721) width 65: "wrap table"
                text run at (1,737) width 63: "text which"
                text run at (1,753) width 41: "should"
                text run at (1,769) width 65: "wrap table"
                text run at (1,785) width 63: "text which"
                text run at (1,801) width 41: "should"
                text run at (1,817) width 65: "wrap table"
                text run at (1,833) width 63: "text which"
                text run at (1,849) width 41: "should"
                text run at (1,865) width 65: "wrap table"
                text run at (1,881) width 63: "text which"
                text run at (1,897) width 41: "should"
                text run at (1,913) width 65: "wrap table"
                text run at (1,929) width 63: "text which"
                text run at (1,945) width 41: "should"
                text run at (1,961) width 65: "wrap table"
                text run at (1,977) width 63: "text which"
                text run at (1,993) width 41: "should"
                text run at (1,1009) width 31: "wrap"
