layer at (0,0) size 194x430
  RenderView at (0,0) size 96x26
layer at (0,0) size 194x430
  RenderBlock {HTML} at (0,0) size 96x430
    RenderBody {BODY} at (8,19) size 80x403
      RenderBlock {H5} at (0,0) size 80x42
        RenderText {#text} at (0,0) size 77x42
          text run at (0,0) width 70: "table - color,"
          text run at (0,14) width 77: "tbodies color,"
          text run at (0,28) width 53: "row color"
      RenderTable {TABLE} at (0,61) size 186x342 [bgcolor=#FFA500] [border: (1px outset #808080)]
        RenderTableSection {TBODY} at (41,41) size 104x160 [bgcolor=#FF0000]
          RenderTableRow {TR} at (0,40) size 104x20 [bgcolor=#FFFF00]
            RenderTableCell {TD} at (40,40) size 24x20 [border: (1px inset #808080)] [r=0 c=0 rs=1 cs=1]
              RenderText {#text} at (2,2) size 20x16
                text run at (2,2) width 20: "foo"
          RenderTableRow {TR} at (0,100) size 104x20
            RenderTableCell {TD} at (40,100) size 24x20 [border: (1px inset #808080)] [r=1 c=0 rs=1 cs=1]
              RenderText {#text} at (2,2) size 20x16
                text run at (2,2) width 20: "foo"
        RenderTableSection {TBODY} at (41,201) size 104x100 [bgcolor=#008000]
          RenderTableRow {TR} at (0,40) size 104x20
            RenderTableCell {TD} at (40,40) size 24x20 [border: (1px inset #808080)] [r=0 c=0 rs=1 cs=1]
              RenderText {#text} at (2,2) size 20x16
                text run at (2,2) width 20: "foo"
