layer at (0,0) size 800x600
  RenderView at (0,0) size 800x600
layer at (0,0) size 800x76
  RenderBlock {HTML} at (0,0) size 800x76
    RenderBody {BODY} at (8,8) size 784x60
      RenderTable {TABLE} at (0,0) size 784x60
        RenderTableCol {COL} at (0,0) size 0x0
        RenderTableCol {COL} at (0,0) size 0x0
        RenderTableCol {COL} at (0,0) size 0x0
        RenderTableCol {COL} at (0,0) size 0x0
        RenderTableCol {COL} at (0,0) size 0x0
        RenderTableSection {TBODY} at (0,0) size 784x60
          RenderTableRow {TR} at (0,0) size 784x60
            RenderTableCell {TD} at (0,30) size 26x0 [r=0 c=0 rs=1 cs=1]
            RenderTableCell {TD} at (26,0) size 758x60 [r=0 c=1 rs=1 cs=2]
              RenderBlock {P} at (0,14) size 758x32
                RenderText {#text} at (0,0) size 736x32
                  text run at (0,0) width 736: "Nach der Pruefung der Daten, (Normalerweise benoetigen wir f\x{FC}r die Pruefung nur wenige Minuten, aber wenn einmal"
                  text run at (0,16) width 394: "besonders viel los ist, kann es auch ein wenig laenger dauern.)"
