layer at (0,0) size 240x408
  RenderView at (0,0) size 96x26
layer at (0,0) size 240x408
  RenderBlock {HTML} at (0,0) size 96x408
    RenderBody {BODY} at (8,8) size 80x392
      RenderBlock {P} at (0,0) size 80x48
        RenderText {#text} at (0,0) size 72x48
          text run at (0,0) width 10: "A"
          text run at (0,16) width 72: "paragraph"
          text run at (0,32) width 42: "of text"
      RenderTable {TABLE} at (0,62) size 232x330 [border: (1px outset #808080)]
        RenderTableSection {THEAD} at (1,1) size 230x40
          RenderTableRow {TR} at (0,2) size 230x36
            RenderTableCell {TH} at (2,2) size 55x36 [border: (1px inset #808080)] [r=0 c=0 rs=1 cs=1]
              RenderText {#text} at (2,2) size 51x32
                text run at (2,2) width 51: "column"
                text run at (23,18) width 8: "1"
            RenderTableCell {TH} at (59,2) size 55x36 [border: (1px inset #808080)] [r=0 c=1 rs=1 cs=1]
              RenderText {#text} at (2,2) size 51x32
                text run at (2,2) width 51: "column"
                text run at (23,18) width 8: "2"
            RenderTableCell {TH} at (116,2) size 55x36 [border: (1px inset #808080)] [r=0 c=2 rs=1 cs=1]
              RenderText {#text} at (2,2) size 51x32
                text run at (2,2) width 51: "column"
                text run at (23,18) width 8: "3"
            RenderTableCell {TH} at (173,2) size 55x36 [border: (1px inset #808080)] [r=0 c=3 rs=1 cs=1]
              RenderText {#text} at (2,2) size 51x32
                text run at (2,2) width 51: "column"
                text run at (23,18) width 8: "4"
        RenderTableSection {TBODY} at (1,41) size 230x288
          RenderTableRow {TR} at (0,2) size 230x20
            RenderTableCell {TD} at (2,2) size 55x20 [border: (1px inset #808080)] [r=0 c=0 rs=1 cs=1]
              RenderText {#text} at (2,2) size 24x16
                text run at (2,2) width 24: "one"
            RenderTableCell {TD} at (59,2) size 55x20 [border: (1px inset #808080)] [r=0 c=1 rs=1 cs=1]
              RenderText {#text} at (2,2) size 22x16
                text run at (2,2) width 22: "two"
            RenderTableCell {TD} at (116,2) size 55x20 [border: (1px inset #808080)] [r=0 c=2 rs=1 cs=1]
              RenderText {#text} at (2,2) size 33x16
                text run at (2,2) width 33: "three"
            RenderTableCell {TD} at (173,2) size 55x20 [border: (1px inset #808080)] [r=0 c=3 rs=1 cs=1]
              RenderText {#text} at (2,2) size 24x16
                text run at (2,2) width 24: "four"
          RenderTableRow {TR} at (0,24) size 230x20
            RenderTableCell {TD} at (2,24) size 55x20 [border: (1px inset #808080)] [r=1 c=0 rs=1 cs=1]
              RenderText {#text} at (2,2) size 24x16
                text run at (2,2) width 24: "one"
            RenderTableCell {TD} at (59,24) size 55x20 [border: (1px inset #808080)] [r=1 c=1 rs=1 cs=1]
              RenderText {#text} at (2,2) size 22x16
                text run at (2,2) width 22: "two"
            RenderTableCell {TD} at (116,24) size 55x20 [border: (1px inset #808080)] [r=1 c=2 rs=1 cs=1]
              RenderText {#text} at (2,2) size 33x16
                text run at (2,2) width 33: "three"
            RenderTableCell {TD} at (173,24) size 55x20 [border: (1px inset #808080)] [r=1 c=3 rs=1 cs=1]
              RenderText {#text} at (2,2) size 24x16
                text run at (2,2) width 24: "four"
          RenderTableRow {TR} at (0,46) size 230x20
            RenderTableCell {TD} at (2,46) size 55x20 [border: (1px inset #808080)] [r=2 c=0 rs=1 cs=1]
              RenderText {#text} at (2,2) size 24x16
                text run at (2,2) width 24: "one"
            RenderTableCell {TD} at (59,46) size 55x20 [border: (1px inset #808080)] [r=2 c=1 rs=1 cs=1]
              RenderText {#text} at (2,2) size 22x16
                text run at (2,2) width 22: "two"
            RenderTableCell {TD} at (116,46) size 55x20 [border: (1px inset #808080)] [r=2 c=2 rs=1 cs=1]
              RenderText {#text} at (2,2) size 33x16
                text run at (2,2) width 33: "three"
            RenderTableCell {TD} at (173,46) size 55x20 [border: (1px inset #808080)] [r=2 c=3 rs=1 cs=1]
              RenderText {#text} at (2,2) size 24x16
                text run at (2,2) width 24: "four"
          RenderTableRow {TR} at (0,68) size 230x20
            RenderTableCell {TD} at (2,68) size 55x20 [border: (1px inset #808080)] [r=3 c=0 rs=1 cs=1]
              RenderText {#text} at (2,2) size 24x16
                text run at (2,2) width 24: "one"
            RenderTableCell {TD} at (59,68) size 55x20 [border: (1px inset #808080)] [r=3 c=1 rs=1 cs=1]
              RenderText {#text} at (2,2) size 22x16
                text run at (2,2) width 22: "two"
            RenderTableCell {TD} at (116,68) size 55x20 [border: (1px inset #808080)] [r=3 c=2 rs=1 cs=1]
              RenderText {#text} at (2,2) size 33x16
                text run at (2,2) width 33: "three"
            RenderTableCell {TD} at (173,68) size 55x20 [border: (1px inset #808080)] [r=3 c=3 rs=1 cs=1]
              RenderText {#text} at (2,2) size 24x16
                text run at (2,2) width 24: "four"
          RenderTableRow {TR} at (0,90) size 230x20
            RenderTableCell {TD} at (2,90) size 55x20 [border: (1px inset #808080)] [r=4 c=0 rs=1 cs=1]
              RenderText {#text} at (2,2) size 24x16
                text run at (2,2) width 24: "one"
            RenderTableCell {TD} at (59,90) size 55x20 [border: (1px inset #808080)] [r=4 c=1 rs=1 cs=1]
              RenderText {#text} at (2,2) size 22x16
                text run at (2,2) width 22: "two"
            RenderTableCell {TD} at (116,90) size 55x20 [border: (1px inset #808080)] [r=4 c=2 rs=1 cs=1]
              RenderText {#text} at (2,2) size 33x16
                text run at (2,2) width 33: "three"
            RenderTableCell {TD} at (173,90) size 55x20 [border: (1px inset #808080)] [r=4 c=3 rs=1 cs=1]
              RenderText {#text} at (2,2) size 24x16
                text run at (2,2) width 24: "four"
          RenderTableRow {TR} at (0,112) size 230x20
            RenderTableCell {TD} at (2,112) size 55x20 [border: (1px inset #808080)] [r=5 c=0 rs=1 cs=1]
              RenderText {#text} at (2,2) size 24x16
                text run at (2,2) width 24: "one"
            RenderTableCell {TD} at (59,112) size 55x20 [border: (1px inset #808080)] [r=5 c=1 rs=1 cs=1]
              RenderText {#text} at (2,2) size 22x16
                text run at (2,2) width 22: "two"
            RenderTableCell {TD} at (116,112) size 55x20 [border: (1px inset #808080)] [r=5 c=2 rs=1 cs=1]
              RenderText {#text} at (2,2) size 33x16
                text run at (2,2) width 33: "three"
            RenderTableCell {TD} at (173,112) size 55x20 [border: (1px inset #808080)] [r=5 c=3 rs=1 cs=1]
              RenderText {#text} at (2,2) size 24x16
                text run at (2,2) width 24: "four"
          RenderTableRow {TR} at (0,134) size 230x20
            RenderTableCell {TD} at (2,134) size 55x20 [border: (1px inset #808080)] [r=6 c=0 rs=1 cs=1]
              RenderText {#text} at (2,2) size 24x16
                text run at (2,2) width 24: "one"
            RenderTableCell {TD} at (59,134) size 55x20 [border: (1px inset #808080)] [r=6 c=1 rs=1 cs=1]
              RenderText {#text} at (2,2) size 22x16
                text run at (2,2) width 22: "two"
            RenderTableCell {TD} at (116,134) size 55x20 [border: (1px inset #808080)] [r=6 c=2 rs=1 cs=1]
              RenderText {#text} at (2,2) size 33x16
                text run at (2,2) width 33: "three"
            RenderTableCell {TD} at (173,134) size 55x20 [border: (1px inset #808080)] [r=6 c=3 rs=1 cs=1]
              RenderText {#text} at (2,2) size 24x16
                text run at (2,2) width 24: "four"
          RenderTableRow {TR} at (0,156) size 230x20
            RenderTableCell {TD} at (2,156) size 55x20 [border: (1px inset #808080)] [r=7 c=0 rs=1 cs=1]
              RenderText {#text} at (2,2) size 24x16
                text run at (2,2) width 24: "one"
            RenderTableCell {TD} at (59,156) size 55x20 [border: (1px inset #808080)] [r=7 c=1 rs=1 cs=1]
              RenderText {#text} at (2,2) size 22x16
                text run at (2,2) width 22: "two"
            RenderTableCell {TD} at (116,156) size 55x20 [border: (1px inset #808080)] [r=7 c=2 rs=1 cs=1]
              RenderText {#text} at (2,2) size 33x16
                text run at (2,2) width 33: "three"
            RenderTableCell {TD} at (173,156) size 55x20 [border: (1px inset #808080)] [r=7 c=3 rs=1 cs=1]
              RenderText {#text} at (2,2) size 24x16
                text run at (2,2) width 24: "four"
          RenderTableRow {TR} at (0,178) size 230x20
            RenderTableCell {TD} at (2,178) size 55x20 [border: (1px inset #808080)] [r=8 c=0 rs=1 cs=1]
              RenderText {#text} at (2,2) size 24x16
                text run at (2,2) width 24: "one"
            RenderTableCell {TD} at (59,178) size 55x20 [border: (1px inset #808080)] [r=8 c=1 rs=1 cs=1]
              RenderText {#text} at (2,2) size 22x16
                text run at (2,2) width 22: "two"
            RenderTableCell {TD} at (116,178) size 55x20 [border: (1px inset #808080)] [r=8 c=2 rs=1 cs=1]
              RenderText {#text} at (2,2) size 33x16
                text run at (2,2) width 33: "three"
            RenderTableCell {TD} at (173,178) size 55x20 [border: (1px inset #808080)] [r=8 c=3 rs=1 cs=1]
              RenderText {#text} at (2,2) size 24x16
                text run at (2,2) width 24: "four"
          RenderTableRow {TR} at (0,200) size 230x20
            RenderTableCell {TD} at (2,200) size 55x20 [border: (1px inset #808080)] [r=9 c=0 rs=1 cs=1]
              RenderText {#text} at (2,2) size 24x16
                text run at (2,2) width 24: "one"
            RenderTableCell {TD} at (59,200) size 55x20 [border: (1px inset #808080)] [r=9 c=1 rs=1 cs=1]
              RenderText {#text} at (2,2) size 22x16
                text run at (2,2) width 22: "two"
            RenderTableCell {TD} at (116,200) size 55x20 [border: (1px inset #808080)] [r=9 c=2 rs=1 cs=1]
              RenderText {#text} at (2,2) size 33x16
                text run at (2,2) width 33: "three"
            RenderTableCell {TD} at (173,200) size 55x20 [border: (1px inset #808080)] [r=9 c=3 rs=1 cs=1]
              RenderText {#text} at (2,2) size 24x16
                text run at (2,2) width 24: "four"
          RenderTableRow {TR} at (0,222) size 230x20
            RenderTableCell {TD} at (2,222) size 55x20 [border: (1px inset #808080)] [r=10 c=0 rs=1 cs=1]
              RenderText {#text} at (2,2) size 24x16
                text run at (2,2) width 24: "one"
            RenderTableCell {TD} at (59,222) size 55x20 [border: (1px inset #808080)] [r=10 c=1 rs=1 cs=1]
              RenderText {#text} at (2,2) size 22x16
                text run at (2,2) width 22: "two"
            RenderTableCell {TD} at (116,222) size 55x20 [border: (1px inset #808080)] [r=10 c=2 rs=1 cs=1]
              RenderText {#text} at (2,2) size 33x16
                text run at (2,2) width 33: "three"
            RenderTableCell {TD} at (173,222) size 55x20 [border: (1px inset #808080)] [r=10 c=3 rs=1 cs=1]
              RenderText {#text} at (2,2) size 24x16
                text run at (2,2) width 24: "four"
          RenderTableRow {TR} at (0,244) size 230x20
            RenderTableCell {TD} at (2,244) size 55x20 [border: (1px inset #808080)] [r=11 c=0 rs=1 cs=1]
              RenderText {#text} at (2,2) size 24x16
                text run at (2,2) width 24: "one"
            RenderTableCell {TD} at (59,244) size 55x20 [border: (1px inset #808080)] [r=11 c=1 rs=1 cs=1]
              RenderText {#text} at (2,2) size 22x16
                text run at (2,2) width 22: "two"
            RenderTableCell {TD} at (116,244) size 55x20 [border: (1px inset #808080)] [r=11 c=2 rs=1 cs=1]
              RenderText {#text} at (2,2) size 33x16
                text run at (2,2) width 33: "three"
            RenderTableCell {TD} at (173,244) size 55x20 [border: (1px inset #808080)] [r=11 c=3 rs=1 cs=1]
              RenderText {#text} at (2,2) size 24x16
                text run at (2,2) width 24: "four"
          RenderTableRow {TR} at (0,266) size 230x20
            RenderTableCell {TD} at (2,266) size 55x20 [border: (1px inset #808080)] [r=12 c=0 rs=1 cs=1]
              RenderText {#text} at (2,2) size 24x16
                text run at (2,2) width 24: "one"
            RenderTableCell {TD} at (59,266) size 55x20 [border: (1px inset #808080)] [r=12 c=1 rs=1 cs=1]
              RenderText {#text} at (2,2) size 22x16
                text run at (2,2) width 22: "two"
            RenderTableCell {TD} at (116,266) size 55x20 [border: (1px inset #808080)] [r=12 c=2 rs=1 cs=1]
              RenderText {#text} at (2,2) size 33x16
                text run at (2,2) width 33: "three"
            RenderTableCell {TD} at (173,266) size 55x20 [border: (1px inset #808080)] [r=12 c=3 rs=1 cs=1]
              RenderText {#text} at (2,2) size 24x16
                text run at (2,2) width 24: "four"
