layer at (0,0) size 800x600
  RenderView at (0,0) size 800x600
layer at (0,0) size 800x98
  RenderBlock {HTML} at (0,0) size 800x98
    RenderBody {BODY} at (8,8) size 784x82
      RenderTable {TABLE} at (0,0) size 400x82 [border: (1px outset #808080)]
        RenderTableSection {TBODY} at (1,1) size 398x80
          RenderTableRow {TR} at (0,0) size 398x80
            RenderTableCell {TD} at (0,5) size 302x70 [border: (1px inset #808080)] [r=0 c=0 rs=1 cs=2]
              RenderTable {TABLE} at (1,1) size 300x68 [border: (1px outset #808080)]
                RenderTableSection {TBODY} at (1,1) size 298x66
                  RenderTableRow {TR} at (0,0) size 298x66
                    RenderTableCell {TD} at (0,0) size 298x66 [border: (1px inset #808080)] [r=0 c=0 rs=1 cs=1]
                      RenderText {#text} at (1,1) size 294x64
                        text run at (1,1) width 282: "Presidential candidates George W. Bush and"
                        text run at (1,17) width 294: "Al Gore are expected to show a kinder, gentler"
                        text run at (1,33) width 247: "side Wednesday in the second of three"
                        text run at (1,49) width 181: "nationally televised debates. "
                      RenderBR {BR} at (182,62) size 0x0
            RenderTableCell {TD} at (302,0) size 96x80 [border: (1px inset #808080)] [r=0 c=2 rs=1 cs=1]
              RenderBlock (anonymous) at (1,1) size 94x64
                RenderInline {FONT} at (0,0) size 90x64 [color=#CC3333]
                  RenderText {#text} at (0,0) size 90x64
                    text run at (0,0) width 90: "Avon.com: Fall"
                    text run at (0,16) width 82: "makeup sale."
                    text run at (0,32) width 67: "Save up to"
                    text run at (0,48) width 31: "47%."
              RenderBlock (anonymous) at (1,79) size 94x0 [color=#CC3333]
                RenderBlock {FORM} at (0,0) size 94x0
              RenderBlock (anonymous) at (1,79) size 94x0
                RenderInline {FONT} at (0,0) size 0x0 [color=#CC3333]
