layer at (0,0) size 96x272
  RenderView at (0,0) size 96x26
layer at (0,0) size 96x272
  RenderBlock {HTML} at (0,0) size 96x272
    RenderBody {BODY} at (8,8) size 80x256
      RenderTable {TABLE} at (0,0) size 64x48 [border: (1px outset #808080)]
        RenderTableSection {TBODY} at (1,1) size 62x46
          RenderTableRow {TR} at (0,2) size 62x0
            RenderTableCell {TD} at (2,2) size 58x20 [border: (1px inset #808080)] [r=0 c=0 rs=2 cs=1]
              RenderText {#text} at (2,2) size 54x16
                text run at (2,2) width 54: "First row"
          RenderTableRow {TR} at (0,4) size 62x18
          RenderTableRow {TR} at (0,24) size 62x20
            RenderTableCell {TD} at (2,24) size 58x20 [border: (1px inset #808080)] [r=2 c=0 rs=1 cs=1]
              RenderText {#text} at (2,2) size 54x16
                text run at (2,2) width 54: "Last row"
      RenderTable {TABLE} at (0,48) size 64x48 [border: (1px outset #808080)]
        RenderTableSection {TBODY} at (1,1) size 62x46
          RenderTableRow {TR} at (0,2) size 62x0
            RenderTableCell {TD} at (2,2) size 58x20 [border: (1px inset #808080)] [r=0 c=0 rs=3 cs=1]
              RenderText {#text} at (2,2) size 54x16
                text run at (2,2) width 54: "First row"
          RenderTableRow {TR} at (0,4) size 62x0
          RenderTableRow {TR} at (0,6) size 62x16
          RenderTableRow {TR} at (0,24) size 62x20
            RenderTableCell {TD} at (2,24) size 58x20 [border: (1px inset #808080)] [r=3 c=0 rs=1 cs=1]
              RenderText {#text} at (2,2) size 54x16
                text run at (2,2) width 54: "Last row"
      RenderTable {TABLE} at (0,96) size 64x48 [border: (1px outset #808080)]
        RenderTableSection {TBODY} at (1,1) size 62x46
          RenderTableRow {TR} at (0,2) size 62x0
            RenderTableCell {TD} at (2,2) size 58x20 [border: (1px inset #808080)] [r=0 c=0 rs=4 cs=1]
              RenderText {#text} at (2,2) size 54x16
                text run at (2,2) width 54: "First row"
          RenderTableRow {TR} at (0,4) size 62x0
          RenderTableRow {TR} at (0,6) size 62x0
          RenderTableRow {TR} at (0,8) size 62x14
          RenderTableRow {TR} at (0,24) size 62x20
            RenderTableCell {TD} at (2,24) size 58x20 [border: (1px inset #808080)] [r=4 c=0 rs=1 cs=1]
              RenderText {#text} at (2,2) size 54x16
                text run at (2,2) width 54: "Last row"
      RenderBlock (anonymous) at (0,144) size 80x64
        RenderBR {BR} at (0,0) size 0x16
        RenderText {#text} at (0,16) size 61x48
          text run at (0,16) width 16: "an"
          text run at (0,32) width 61: "additional"
          text run at (0,48) width 23: "test"
      RenderTable {TABLE} at (0,208) size 32x48 [border: (1px outset #808080)]
        RenderTableSection {TBODY} at (1,1) size 30x46
          RenderTableRow {TR} at (0,2) size 30x0
            RenderTableCell {TD} at (2,2) size 26x20 [border: (1px inset #808080)] [r=0 c=0 rs=2 cs=1]
              RenderText {#text} at (2,2) size 8x16
                text run at (2,2) width 8: "1"
          RenderTableRow {TR} at (0,4) size 30x18
          RenderTableRow {TR} at (0,24) size 30x20
            RenderTableCell {TD} at (2,24) size 26x20 [border: (1px inset #808080)] [r=2 c=0 rs=1 cs=1]
              RenderText {#text} at (2,2) size 22x16
                text run at (2,2) width 22: "abc"
