layer at (0,0) size 102x682
  RenderView at (0,0) size 96x26
layer at (0,0) size 102x682
  RenderBlock {HTML} at (0,0) size 96x682
    RenderBody {BODY} at (8,8) size 80x666
      RenderBlock {DIV} at (0,0) size 80x666
        RenderTable {TABLE} at (0,0) size 94x666 [bgcolor=#0000FF] [border: (1px outset #808080)]
          RenderTableSection {TBODY} at (1,1) size 92x664
            RenderTableRow {TR} at (0,2) size 92x660
              RenderTableCell {TD} at (2,2) size 88x660 [border: (1px inset #808080)] [r=0 c=0 rs=1 cs=1]
                RenderBlock (anonymous) at (2,2) size 84x16
                  RenderText {#text} at (0,0) size 40x16
                    text run at (0,0) width 40: "before"
                RenderTable {TABLE} at (2,18) size 84x624 [bgcolor=#FF0000] [border: (1px outset #808080)]
                  RenderTableSection {TBODY} at (1,1) size 82x622
                    RenderTableRow {TR} at (0,2) size 82x164
                      RenderTableCell {TD} at (2,2) size 38x164 [border: (1px inset #808080)] [r=0 c=0 rs=1 cs=1]
                        RenderText {#text} at (2,2) size 34x160
                          text run at (2,2) width 27: "This"
                          text run at (2,18) width 10: "is"
                          text run at (2,34) width 34: "some"
                          text run at (2,50) width 26: "text."
                          text run at (2,66) width 27: "This"
                          text run at (2,82) width 10: "is"
                          text run at (2,98) width 34: "some"
                          text run at (2,114) width 26: "text."
                          text run at (2,130) width 24: "Cell"
                          text run at (2,146) width 8: "1"
                      RenderTableCell {TD} at (42,34) size 38x100 [border: (1px inset #808080)] [r=0 c=1 rs=1 cs=1]
                        RenderText {#text} at (2,2) size 34x96
                          text run at (2,2) width 27: "This"
                          text run at (2,18) width 10: "is"
                          text run at (2,34) width 34: "some"
                          text run at (2,50) width 26: "text."
                          text run at (2,66) width 24: "Cell"
                          text run at (2,82) width 8: "2"
                    RenderTableRow {TR} at (0,168) size 82x452
                      RenderTableCell {TD} at (2,168) size 78x452 [border: (1px inset #808080)] [r=1 c=0 rs=1 cs=2]
                        RenderText {#text} at (2,2) size 64x448
                          text run at (2,2) width 41: "This is"
                          text run at (2,18) width 64: "some text."
                          text run at (2,34) width 41: "This is"
                          text run at (2,50) width 64: "some text."
                          text run at (2,66) width 41: "This is"
                          text run at (2,82) width 64: "some text."
                          text run at (2,98) width 41: "This is"
                          text run at (2,114) width 64: "some text."
                          text run at (2,130) width 41: "This is"
                          text run at (2,146) width 64: "some text."
                          text run at (2,162) width 41: "This is"
                          text run at (2,178) width 64: "some text."
                          text run at (2,194) width 41: "This is"
                          text run at (2,210) width 64: "some text."
                          text run at (2,226) width 41: "This is"
                          text run at (2,242) width 64: "some text."
                          text run at (2,258) width 41: "This is"
                          text run at (2,274) width 64: "some text."
                          text run at (2,290) width 41: "This is"
                          text run at (2,306) width 64: "some text."
                          text run at (2,322) width 41: "This is"
                          text run at (2,338) width 64: "some text."
                          text run at (2,354) width 41: "This is"
                          text run at (2,370) width 64: "some text."
                          text run at (2,386) width 41: "This is"
                          text run at (2,402) width 64: "some text."
                          text run at (2,418) width 41: "This is"
                          text run at (2,434) width 64: "some text."
                RenderBlock (anonymous) at (2,642) size 84x16
                  RenderText {#text} at (0,0) size 29x16
                    text run at (0,0) width 29: "after"
