layer at (0,0) size 800x600
  RenderView at (0,0) size 800x600
layer at (0,0) size 800x600
  RenderBlock {HTML} at (0,0) size 800x600
    RenderBody {BODY} at (8,8) size 784x584
      RenderTable {TABLE} at (0,0) size 247x22
        RenderTableSection {TBODY} at (0,0) size 247x22
          RenderTableRow {TR} at (0,2) size 247x18
            RenderTableCell {TD} at (2,2) size 3x18 [bgcolor=#000000] [r=0 c=0 rs=1 cs=15]
              RenderBR {BR} at (1,1) size 0x16
            RenderTableCell {TD} at (7,2) size 234x15 [bgcolor=#000000] [r=0 c=15 rs=1 cs=1]
              RenderInline {FONT} at (0,0) size 232x12 [color=#AAAAAA]
                RenderText {#text} at (1,1) size 232x12
                  text run at (1,1) width 232: "Copyright \x{A9} 1998-1999 The Mozilla Organization."
              RenderText {#text} at (0,0) size 0x0
            RenderTableCell {TD} at (243,2) size 2x18 [bgcolor=#000000] [r=0 c=16 rs=1 cs=15]
              RenderBR {BR} at (1,1) size 0x16
