layer at (0,0) size 194x216
  RenderView at (0,0) size 96x26
layer at (0,0) size 194x216
  RenderBlock {HTML} at (0,0) size 96x216
    RenderBody {BODY} at (8,8) size 80x200
      RenderTable {TABLE} at (0,0) size 186x164 [border: (1px outset #808080)]
        RenderTableSection {TBODY} at (1,1) size 184x162
          RenderTableRow {TR} at (0,2) size 184x158
            RenderTableCell {TD} at (2,2) size 120x158 [border: (1px inset #808080)] [r=0 c=0 rs=1 cs=1]
              RenderBlock (anonymous) at (2,2) size 116x48
                RenderText {#text} at (0,0) size 111x48
                  text run at (0,0) width 108: "some normal text"
                  text run at (0,16) width 111: "before the nested"
                  text run at (0,32) width 30: "table"
              RenderTable {TABLE} at (52,50) size 110x58 [border: (1px outset #808080)]
                RenderTableSection {TBODY} at (1,1) size 108x56
                  RenderTableRow {TR} at (0,2) size 108x52
                    RenderTableCell {TD} at (2,2) size 104x52 [border: (1px inset #808080)] [r=0 c=0 rs=1 cs=1]
                      RenderText {#text} at (2,2) size 82x48
                        text run at (2,2) width 72: "selection of"
                        text run at (2,18) width 82: "words to pad"
                        text run at (2,34) width 55: "table cell"
              RenderBlock (anonymous) at (2,108) size 116x48
                RenderText {#text} at (0,0) size 108x48
                  text run at (0,0) width 108: "some normal text"
                  text run at (0,16) width 100: "after the nested"
                  text run at (0,32) width 30: "table"
            RenderTableCell {TD} at (124,47) size 58x68 [border: (1px inset #808080)] [r=0 c=1 rs=1 cs=1]
              RenderText {#text} at (2,2) size 54x64
                text run at (2,2) width 54: "contents"
                text run at (2,18) width 46: "of table"
                text run at (2,34) width 37: "cell to"
                text run at (2,50) width 28: "right"
      RenderTable {TABLE} at (0,164) size 40x36 [border: (1px outset #808080)]
        RenderTableSection {TBODY} at (1,1) size 38x34
          RenderTableRow {TR} at (0,2) size 38x30
            RenderTableCell {TD} at (2,2) size 34x30 [border: (1px inset #808080)] [r=0 c=0 rs=1 cs=1]
              RenderTable {TABLE} at (2,2) size 36x26 [border: (1px outset #808080)]
                RenderTableSection {TBODY} at (1,1) size 34x24
                  RenderTableRow {TR} at (0,2) size 34x20
                    RenderTableCell {TD} at (2,2) size 30x20 [border: (1px inset #808080)] [r=0 c=0 rs=1 cs=1]
                      RenderText {#text} at (2,2) size 20x16
                        text run at (2,2) width 20: "foo"
