layer at (0,0) size 800x656
  RenderView at (0,0) size 800x600
layer at (0,0) size 800x656
  RenderBlock {HTML} at (0,0) size 800x656
    RenderBody {BODY} at (8,8) size 784x640
      RenderTable {TABLE} at (0,0) size 784x640 [border: (1px outset #808080)]
        RenderTableSection {TBODY} at (1,1) size 782x638
          RenderTableRow {TR} at (0,0) size 782x18
            RenderTableCell {TD} at (0,0) size 73x18 [border: (1px inset #808080)] [r=0 c=0 rs=1 cs=1]
              RenderText {#text} at (1,1) size 20x16
                text run at (1,1) width 20: "foo"
            RenderTableCell {TD} at (73,0) size 709x18 [border: (1px inset #808080)] [r=0 c=1 rs=1 cs=1]
              RenderText {#text} at (1,1) size 20x16
                text run at (1,1) width 20: "bar"
          RenderTableRow {TR} at (0,18) size 782x620
            RenderTableCell {TD} at (0,18) size 782x620 [border: (1px inset #808080)] [r=1 c=0 rs=1 cs=2]
              RenderTable {TABLE} at (1,1) size 780x618 [border: (1px outset #808080)]
                RenderTableSection {TBODY} at (1,1) size 778x616
                  RenderTableRow {TR} at (0,2) size 778x612
                    RenderTableCell {TD} at (2,2) size 774x612 [border: (1px inset #808080)] [r=0 c=0 rs=1 cs=1]
                      RenderText {#text} at (2,2) size 746x32
                        text run at (2,2) width 746: "When the Whiten house burned down in Renfrew Ontario, the insurer denied liability, asserting that the Plaintiff Daphne"
                        text run at (2,18) width 416: "Whiten was the cause of the fire herself and had committed arson."
                      RenderBR {BR} at (418,31) size 0x0
                      RenderBR {BR} at (2,34) size 0x16
                      RenderText {#text} at (2,50) size 769x64
                        text run at (2,50) width 752: "The insurance company had not only refused to pay, but had received opinions from its adjuster, its expert engineer and"
                        text run at (2,66) width 769: "an investigative agency that the fire was accidental. Its own adjuster had recommended the claim be paid. The defendant's"
                        text run at (2,82) width 765: "counsel, as the court found, had pressured experts to provide opinions supporting an arson defence and withheld relevant"
                        text run at (2,98) width 611: "information from the experts and gave them misleading information to buttress the arson defence."
                      RenderBR {BR} at (613,111) size 0x0
                      RenderBR {BR} at (2,114) size 0x16
                      RenderText {#text} at (2,130) size 627x16
                        text run at (2,130) width 627: "After the fire the Plaintiff and her husband, Keith Whiten needed welfare assistance to support them."
                      RenderBR {BR} at (629,143) size 0x0
                      RenderBR {BR} at (2,146) size 0x16
                      RenderText {#text} at (2,162) size 752x48
                        text run at (2,162) width 752: "The jury, however, in a 4 week trial, disagreed with the position of the insurance company. It awarded not only the policy"
                        text run at (2,178) width 733: "sum against the insurer, but also was sufficiently annoyed with the conduct of the company to award a further punitive"
                        text run at (2,194) width 176: "damage award of $1 million."
                      RenderBR {BR} at (178,207) size 0x0
                      RenderBR {BR} at (2,210) size 0x16
                      RenderText {#text} at (2,226) size 763x48
                        text run at (2,226) width 749: "The company appealed. At the time of the appeal, the company acknowledged that the fire was accidental. The Ontario"
                        text run at (2,242) width 763: "Court of Appeal reversed the jury award and in a 2-1 decision determined that there should be a cap on punitive damages"
                        text run at (2,258) width 78: "of $100,000."
                      RenderBR {BR} at (80,271) size 0x0
                      RenderBR {BR} at (2,274) size 0x16
                      RenderText {#text} at (2,290) size 760x80
                        text run at (2,290) width 736: "Lawyers became hard pressed to reconcile this decision with a prior case, Hill vs. Church of Scientology. Hill, a Crown"
                        text run at (2,306) width 667: "Attorney, had sued the Church for libel due to statements made accusing him of breaching a judge's order. "
                        text run at (669,306) width 93: "He succeeded."
                        text run at (2,322) width 735: "The jury at trial, aside from awarding compensatory damages, also awarded a punitive damage sum of $800,000. The"
                        text run at (2,338) width 746: "decision was appealed without success to the Ontario Court of Appeal and again to the Supreme Court of Canada. The"
                        text run at (2,354) width 414: "award of punitive damages was sustained at both appellate levels."
                      RenderBR {BR} at (416,367) size 0x0
                      RenderBR {BR} at (2,370) size 0x16
                      RenderText {#text} at (2,386) size 737x48
                        text run at (2,386) width 716: "In the Whiten case, the insurance industry is mounting all its ammunition to maintain the notion of a cap on punitive"
                        text run at (2,402) width 737: "damages. It is expected that the Court of Appeal decision will receive a rough ride in the Supreme Court, given the Hill"
                        text run at (2,418) width 165: "decision a few years prior."
                      RenderBR {BR} at (167,431) size 0x0
                      RenderBR {BR} at (2,434) size 0x16
                      RenderText {#text} at (2,450) size 767x48
                        text run at (2,450) width 757: "The concept of punitive damages is designed to act as civil penalty imposed on a wrong doer, which has conducted itself"
                        text run at (2,466) width 767: "in a vindictive manner, which offends one's sense of propriety - high handed shocking behaviour. Traditionally the financial"
                        text run at (2,482) width 677: "abilities of the wrong doer are a factor - the deeper the pockets the more substantial the sum to be awarded."
                      RenderBR {BR} at (679,495) size 0x0
                      RenderBR {BR} at (2,498) size 0x16
                      RenderText {#text} at (2,514) size 768x80
                        text run at (2,514) width 746: "Canadian courts have been reluctant to embrace the concept - awards such as Hill are rare. It is worthy of note that the"
                        text run at (2,530) width 743: "dissenting reasons of Justice Laskin in Whiten were much in favour of maintaining the trial award - a lucid and powerful"
                        text run at (2,546) width 768: "dissent written by a much respected jurist. Much attention will be given to this decision. Oral argument is set for the week of"
                        text run at (2,562) width 745: "December 11th. A decision will likely be forthcoming in March to June time period. This decision will be no doubt a much"
                        text run at (2,578) width 371: "quoted decision for many years, regardless of the outcome."
                      RenderBR {BR} at (373,591) size 0x0
                      RenderBR {BR} at (2,594) size 0x16
