layer at (0,0) size 970x2964
  RenderView at (0,0) size 800x600
layer at (0,0) size 970x2964
  RenderBlock {HTML} at (0,0) size 800x2964
    RenderBody {BODY} at (28,28) size 744x2908
      RenderBlock {DIV} at (28,0) size 688x660 [border: (1px solid #008000)]
        RenderBlock {DIV} at (29,29) size 630x602 [border: (1px solid #FF0000)]
          RenderImage {IMG} at (1,1) size 628x600
          RenderText {#text} at (0,0) size 0x0
      RenderBlock {P} at (0,688) size 744x16
        RenderText {#text} at (0,0) size 530x16
          text run at (0,0) width 530: "percentage height images in DIV with no height (red) in a DIV with no height (green)"
      RenderBlock {DIV} at (28,732) size 688x664 [border: (3px dotted #008000)]
        RenderBlock {DIV} at (31,31) size 626x602 [border: (1px solid #FF0000)]
          RenderImage {IMG} at (1,1) size 882x600
          RenderText {#text} at (0,0) size 0x0
      RenderBlock {P} at (0,1424) size 744x16
        RenderText {#text} at (0,0) size 466x16
          text run at (0,0) width 466: "percentage height image in table cell (red), in a DIV with no height (green)"
      RenderBlock {DIV} at (28,1468) size 688x1440
        RenderTable {TABLE} at (0,0) size 260x1440 [border: (1px solid #FF0000)]
          RenderTableSection {TBODY} at (1,1) size 258x1438
            RenderTableRow {TR} at (0,2) size 258x1434
              RenderTableCell {TD} at (2,632) size 254x174 [border: (1px solid #FF0000)] [r=0 c=0 rs=1 cs=1]
                RenderImage {IMG} at (2,2) size 250x170
