layer at (0,0) size 800x1378
  RenderCanvas at (0,0) size 800x600
layer at (0,0) size 800x1378
  RenderBlock {HTML} at (0,0) size 800x1378
    RenderBody {BODY} at (8,8) size 784x1362 [bgcolor=#CCCCCC]
      RenderBlock {P} at (0,0) size 784x18
        RenderText {TEXT} at (0,0) size 355x18
          text run at (0,0) width 355: "The style declarations which apply to the text below are:"
      RenderBlock {PRE} at (0,34) size 784x165
        RenderText {TEXT} at (0,0) size 264x165
          text run at (0,0) width 200: ".one {letter-spacing: 0.3"
          text run at (200,0) width 32: "in;}"
          text run at (0,15) width 200: ".two {letter-spacing: 0.5"
          text run at (200,15) width 32: "cm;}"
          text run at (0,30) width 200: ".three {letter-spacing: 5"
          text run at (200,30) width 32: "mm;}"
          text run at (0,45) width 192: ".four {letter-spacing: 3"
          text run at (192,45) width 32: "pt;}"
          text run at (0,60) width 216: ".five {letter-spacing: 0.25"
          text run at (216,60) width 32: "pc;}"
          text run at (0,75) width 184: ".six {letter-spacing: 1"
          text run at (184,75) width 32: "em;}"
          text run at (0,90) width 200: ".seven {letter-spacing: 1"
          text run at (200,90) width 32: "ex;}"
          text run at (0,105) width 200: ".eight {letter-spacing: 5"
          text run at (200,105) width 32: "px;}"
          text run at (0,120) width 248: ".nine {letter-spacing: normal;}"
          text run at (0,135) width 224: ".ten {letter-spacing: 300%;}"
          text run at (0,150) width 232: ".eleven {letter-spacing: -0.1"
          text run at (232,150) width 32: "em;}"
      RenderBlock {HR} at (0,212) size 784x2 [border: (1px inset #000000)]
      RenderBlock {P} at (0,230) size 784x72
        RenderText {TEXT} at (0,0) size 694x72
          text run at (0,0) width 671: "This letters in this"
          text run at (0,18) width 694: "sentence should have"
          text run at (0,36) width 659: "extra space between"
          text run at (0,54) width 175: "them."
      RenderBlock {P} at (0,318) size 784x54
        RenderText {TEXT} at (0,0) size 765x54
          text run at (0,0) width 691: "This letters in this sentence"
          text run at (0,18) width 765: "should have extra space between"
          text run at (0,36) width 125: "them."
      RenderBlock {P} at (0,388) size 784x54
        RenderText {TEXT} at (0,0) size 765x54
          text run at (0,0) width 691: "This letters in this sentence"
          text run at (0,18) width 765: "should have extra space between"
          text run at (0,36) width 125: "them."
      RenderBlock {P} at (0,458) size 784x18
        RenderText {TEXT} at (0,0) size 687x18
          text run at (0,0) width 687: "This letters in this sentence should have extra space between them."
      RenderBlock {P} at (0,492) size 784x18
        RenderText {TEXT} at (0,0) size 687x18
          text run at (0,0) width 687: "This letters in this sentence should have extra space between them."
      RenderBlock {P} at (0,526) size 784x54
        RenderText {TEXT} at (0,0) size 703x54
          text run at (0,0) width 633: "This letters in this sentence"
          text run at (0,18) width 703: "should have extra space between"
          text run at (0,36) width 115: "them."
      RenderBlock {P} at (0,596) size 784x36
        RenderText {TEXT} at (0,0) size 747x36
          text run at (0,0) width 747: "This letters in this sentence should have extra space"
          text run at (0,18) width 196: "between them."
      RenderBlock {P} at (0,648) size 784x36
        RenderText {TEXT} at (0,0) size 754x36
          text run at (0,0) width 754: "This letters in this sentence should have extra space between them,"
          text run at (0,18) width 435: "but the last few words in the sentence "
        RenderInline {SPAN} at (0,0) size 180x18
          RenderText {TEXT} at (435,18) size 180x18
            text run at (435,18) width 180: "should show normal spacing"
        RenderText {TEXT} at (615,18) size 9x18
          text run at (615,18) width 9: "."
      RenderBlock {P} at (0,700) size 784x36
        RenderText {TEXT} at (0,0) size 731x36
          text run at (0,0) width 731: "This letters in this sentence should have normal space between them, since percentage values are not allowed on this"
          text run at (0,18) width 57: "property."
      RenderBlock {P} at (0,752) size 784x18
        RenderText {TEXT} at (0,0) size 638x18
          text run at (0,0) width 638: "This letters in this sentence should have reduced space between them, since negative values are allowed on this property."
      RenderTable {TABLE} at (0,786) size 784x576 [border: (1px outset #808080)]
        RenderTableSection {TBODY} at (1,1) size 0x574
          RenderTableRow {TR} at (0,0) size 0x0
            RenderTableCell {TD} at (0,0) size 782x26 [bgcolor=#C0C0C0] [border: (1px inset #808080)] [r=0 c=0 rs=1 cs=2]
              RenderInline {STRONG} at (0,0) size 163x18
                RenderText {TEXT} at (4,4) size 163x18
                  text run at (4,4) width 163: "TABLE Testing Section"
          RenderTableRow {TR} at (0,0) size 0x0
            RenderTableCell {TD} at (0,287) size 12x26 [bgcolor=#C0C0C0] [border: (1px inset #808080)] [r=1 c=0 rs=1 cs=1]
              RenderText {TEXT} at (4,4) size 4x18
                text run at (4,4) width 4: " "
            RenderTableCell {TD} at (12,26) size 770x548 [border: (1px inset #808080)] [r=1 c=1 rs=1 cs=1]
              RenderBlock {P} at (4,4) size 762x72
                RenderText {TEXT} at (0,0) size 694x72
                  text run at (0,0) width 671: "This letters in this"
                  text run at (0,18) width 694: "sentence should have"
                  text run at (0,36) width 659: "extra space between"
                  text run at (0,54) width 175: "them."
              RenderBlock {P} at (4,92) size 762x54
                RenderText {TEXT} at (0,0) size 691x54
                  text run at (0,0) width 691: "This letters in this sentence"
                  text run at (0,18) width 564: "should have extra space"
                  text run at (0,36) width 326: "between them."
              RenderBlock {P} at (4,162) size 762x54
                RenderText {TEXT} at (0,0) size 691x54
                  text run at (0,0) width 691: "This letters in this sentence"
                  text run at (0,18) width 564: "should have extra space"
                  text run at (0,36) width 326: "between them."
              RenderBlock {P} at (4,232) size 762x18
                RenderText {TEXT} at (0,0) size 687x18
                  text run at (0,0) width 687: "This letters in this sentence should have extra space between them."
              RenderBlock {P} at (4,266) size 762x18
                RenderText {TEXT} at (0,0) size 687x18
                  text run at (0,0) width 687: "This letters in this sentence should have extra space between them."
              RenderBlock {P} at (4,300) size 762x54
                RenderText {TEXT} at (0,0) size 703x54
                  text run at (0,0) width 633: "This letters in this sentence"
                  text run at (0,18) width 703: "should have extra space between"
                  text run at (0,36) width 115: "them."
              RenderBlock {P} at (4,370) size 762x36
                RenderText {TEXT} at (0,0) size 747x36
                  text run at (0,0) width 747: "This letters in this sentence should have extra space"
                  text run at (0,18) width 196: "between them."
              RenderBlock {P} at (4,422) size 762x36
                RenderText {TEXT} at (0,0) size 754x36
                  text run at (0,0) width 754: "This letters in this sentence should have extra space between them,"
                  text run at (0,18) width 435: "but the last few words in the sentence "
                RenderInline {SPAN} at (0,0) size 180x18
                  RenderText {TEXT} at (435,18) size 180x18
                    text run at (435,18) width 180: "should show normal spacing"
                RenderText {TEXT} at (615,18) size 9x18
                  text run at (615,18) width 9: "."
              RenderBlock {P} at (4,474) size 762x36
                RenderText {TEXT} at (0,0) size 731x36
                  text run at (0,0) width 731: "This letters in this sentence should have normal space between them, since percentage values are not allowed on this"
                  text run at (0,18) width 57: "property."
              RenderBlock {P} at (4,526) size 762x18
                RenderText {TEXT} at (0,0) size 638x18
                  text run at (0,0) width 638: "This letters in this sentence should have reduced space between them, since negative values are allowed on this property."
