layer at (0,0) size 800x600
  RenderCanvas at (0,0) size 800x600
layer at (0,0) size 800x494
  RenderBlock {HTML} at (0,0) size 800x494
    RenderBody {BODY} at (8,8) size 784x478 [bgcolor=#CCCCCC]
      RenderBlock {P} at (0,0) size 784x17 [bgcolor=#000000]
        RenderText {TEXT} at (0,0) size 385x17
          text run at (0,0) width 385: "The style declarations which apply to the text below are:"
      RenderBlock {PRE} at (0,31) size 784x80 [bgcolor=#000000]
        RenderText {TEXT} at (0,0) size 224x64
          text run at (0,0) width 192: ".one {text-align: left;}"
          text run at (0,16) width 200: ".two {text-align: right;}"
          text run at (0,32) width 224: ".three {text-align: center;}"
          text run at (0,48) width 224: ".four {text-align: justify;}"
      RenderBlock {HR} at (1,125) size 782x2 [bgcolor=#000000]
      RenderBlock {P} at (0,141) size 784x17 [bgcolor=#000000]
        RenderText {TEXT} at (0,0) size 260x17
          text run at (0,0) width 260: "This sentence should be left-justified."
      RenderBlock {P} at (0,172) size 784x17 [bgcolor=#000000]
        RenderText {TEXT} at (514,0) size 270x17
          text run at (514,0) width 270: "This sentence should be right-justified."
      RenderBlock {P} at (0,203) size 784x17 [bgcolor=#000000]
        RenderText {TEXT} at (275,0) size 234x17
          text run at (275,0) width 234: "This sentence should be centered."
      RenderBlock {P} at (0,234) size 784x51 [bgcolor=#000000]
        RenderText {TEXT} at (0,0) size 784x51
          text run at (0,0) width 784: "This sentence should be fully justified, which means that the right and left margins of this paragraph should line"
          text run at (0,17) width 784: "up, no matter how long the paragraph becomes; the exception, of course, is the last line, which should be"
          text run at (0,34) width 241: "left-justified in Western languages."
      RenderTable {TABLE} at (0,299) size 784x179 [bgcolor=#000000]
        RenderTableSection {TBODY} at (1,1) size 0x177
          RenderTableRow {TR} at (0,0) size 0x0
            RenderTableCell {TD} at (0,0) size 782x25 [bgcolor=#C0C0C0] [r=0 c=0 rs=1 cs=2]
              RenderInline {STRONG} at (0,0) size 164x17 [bgcolor=#000000]
                RenderText {TEXT} at (4,4) size 164x17
                  text run at (4,4) width 164: "TABLE Testing Section"
          RenderTableRow {TR} at (0,0) size 0x0
            RenderTableCell {TD} at (0,88) size 12x25 [bgcolor=#C0C0C0] [r=1 c=0 rs=1 cs=1]
              RenderText {TEXT} at (4,4) size 4x17
                text run at (4,4) width 4: "\x{A0}"
            RenderTableCell {TD} at (12,25) size 770x152 [r=1 c=1 rs=1 cs=1]
              RenderBlock {P} at (4,4) size 762x17
                RenderText {TEXT} at (0,0) size 260x17
                  text run at (0,0) width 260: "This sentence should be left-justified."
              RenderBlock {P} at (4,35) size 762x17
                RenderText {TEXT} at (492,0) size 270x17
                  text run at (492,0) width 270: "This sentence should be right-justified."
              RenderBlock {P} at (4,66) size 762x17
                RenderText {TEXT} at (264,0) size 234x17
                  text run at (264,0) width 234: "This sentence should be centered."
              RenderBlock {P} at (4,97) size 762x51
                RenderText {TEXT} at (0,0) size 762x51
                  text run at (0,0) width 762: "This sentence should be fully justified, which means that the right and left margins of this paragraph should"
                  text run at (0,17) width 762: "line up, no matter how long the paragraph becomes; the exception, of course, is the last line, which should be"
                  text run at (0,34) width 241: "left-justified in Western languages."
