layer at (0,0) size 800x1151
  RenderCanvas at (0,0) size 800x600
layer at (0,0) size 800x1151
  RenderBlock {HTML} at (0,0) size 800x1151
    RenderBody {BODY} at (8,8) size 784x1135 [bgcolor=#CCCCCC]
      RenderBlock {P} at (0,0) size 784x18
        RenderText {TEXT} at (0,0) size 355x18
          text run at (0,0) width 355: "The style declarations which apply to the text below are:"
      RenderBlock {PRE} at (0,34) size 784x120
        RenderText {TEXT} at (0,0) size 464x105
          text run at (0,0) width 272: ".one {text-decoration: underline;}"
          text run at (0,15) width 264: ".two {text-decoration: overline;}"
          text run at (0,30) width 312: ".three {text-decoration: line-through;}"
          text run at (0,45) width 248: ".four {text-decoration: blink;}"
          text run at (0,60) width 248: "B.five {text-decoration: none;}"
          text run at (0,75) width 344: ".six {text-decoration: underline overline;}"
          text run at (0,90) width 464: ".seven {text-decoration: underline overline line-through;}"
      RenderBlock {HR} at (0,167) size 784x2 [border: (1px inset #000000)]
      RenderBlock {P} at (0,185) size 784x18
        RenderText {TEXT} at (0,0) size 226x18
          text run at (0,0) width 226: "This sentence should be underlined."
      RenderBlock {P} at (0,219) size 784x18
        RenderText {TEXT} at (0,0) size 218x18
          text run at (0,0) width 218: "This sentence should be overlined."
      RenderBlock {P} at (0,253) size 784x18
        RenderText {TEXT} at (0,0) size 336x18
          text run at (0,0) width 336: "This sentence should have stricken text (linethrough)."
      RenderBlock {P} at (0,287) size 784x18
        RenderText {TEXT} at (0,0) size 591x18
          text run at (0,0) width 210: "This element should be blinking. "
          text run at (210,0) width 381: "(It is not required, however, that UAs support this behavior.)"
      RenderBlock {P} at (0,321) size 784x36
        RenderText {TEXT} at (0,0) size 508x18
          text run at (0,0) width 291: "The text in this element should be underlined. "
          text run at (291,0) width 217: "The boldfaced text in this element "
        RenderInline {B} at (0,0) size 173x18
          RenderText {TEXT} at (508,0) size 173x18
            text run at (508,0) width 173: "should also be underlined"
        RenderText {TEXT} at (681,0) size 731x36
          text run at (681,0) width 8: ". "
          text run at (689,0) width 42: "This is"
          text run at (0,18) width 716: "because the parent's underline will 'span' the boldfaced text, even if the inline element has no underline of its own."
      RenderBlock {P} at (0,373) size 784x18
        RenderText {TEXT} at (0,0) size 316x18
          text run at (0,0) width 316: "This sentence should be underlined and overlined."
      RenderBlock {P} at (0,407) size 784x18
        RenderText {TEXT} at (0,0) size 377x18
          text run at (0,0) width 377: "This sentence should be underlined, overlined, and stricken."
      RenderBlock {P} at (0,441) size 784x0
      RenderBlock {P} at (0,441) size 784x36
        RenderText {TEXT} at (0,0) size 778x36
          text run at (0,0) width 778: "There should be nothing visible between this sentence and the one above (there is an empty paragraph element with class of"
          text run at (0,18) width 45: "seven)."
      RenderBlock {P} at (0,493) size 784x55
        RenderText {TEXT} at (0,1) size 634x18
          text run at (0,1) width 634: "Text decorations only apply to the text of an element, so the image at the end of this sentence should "
        RenderInline {EM} at (0,0) size 20x18
          RenderText {TEXT} at (634,1) size 20x18
            text run at (634,1) width 20: "not"
        RenderText {TEXT} at (654,1) size 90x18
          text run at (654,1) width 90: " be overlined: "
        RenderImage {IMG} at (744,0) size 15x15
        RenderText {TEXT} at (759,1) size 763x54
          text run at (759,1) width 4: "."
          text run at (0,19) width 729: "The underline of the parent element should hold true beneath the image, however, since text-decoration 'spans' child"
          text run at (0,37) width 59: "elements."
      RenderBlock {P} at (0,564) size 784x18 [color=#008000]
        RenderText {TEXT} at (0,0) size 105x18
          text run at (0,0) width 105: "The underlining "
        RenderInline {SPAN} at (0,0) size 96x18 [color=#0000FF]
          RenderText {TEXT} at (105,0) size 96x18
            text run at (105,0) width 96: "in this sentence"
        RenderText {TEXT} at (201,0) size 233x18
          text run at (201,0) width 233: " should be green, no matter what the "
        RenderInline {SPAN} at (0,0) size 109x18 [color=#000000]
          RenderText {TEXT} at (434,0) size 109x18
            text run at (434,0) width 109: "text color may be"
        RenderText {TEXT} at (543,0) size 4x18
          text run at (543,0) width 4: "."
      RenderBlock {P} at (0,598) size 784x36
        RenderText {TEXT} at (0,0) size 111x18
          text run at (0,0) width 111: "The colors of the "
        RenderInline {SPAN} at (0,0) size 72x18 [color=#800080]
          RenderText {TEXT} at (111,0) size 72x18
            text run at (111,0) width 72: "underlining"
        RenderText {TEXT} at (183,0) size 20x18
          text run at (183,0) width 20: " in "
        RenderInline {SPAN} at (0,0) size 80x18 [color=#0000FF]
          RenderText {TEXT} at (203,0) size 80x18
            text run at (203,0) width 80: "this sentence"
        RenderText {TEXT} at (283,0) size 69x18
          text run at (283,0) width 69: " should be "
        RenderInline {SPAN} at (0,0) size 209x18 [color=#808080]
          RenderText {TEXT} at (352,0) size 209x18
            text run at (352,0) width 209: "the same as that of the parent text"
        RenderText {TEXT} at (561,0) size 738x36
          text run at (561,0) width 177: " (that is, the first word in the"
          text run at (0,18) width 213: "sentence, which should be black)."
      RenderTable {TABLE} at (0,650) size 784x485 [border: (1px outset #808080)]
        RenderTableSection {TBODY} at (1,1) size 0x483
          RenderTableRow {TR} at (0,0) size 0x0
            RenderTableCell {TD} at (0,0) size 782x26 [bgcolor=#C0C0C0] [border: (1px inset #808080)] [r=0 c=0 rs=1 cs=2]
              RenderInline {STRONG} at (0,0) size 163x18
                RenderText {TEXT} at (4,4) size 163x18
                  text run at (4,4) width 163: "TABLE Testing Section"
          RenderTableRow {TR} at (0,0) size 0x0
            RenderTableCell {TD} at (0,241) size 12x26 [bgcolor=#C0C0C0] [border: (1px inset #808080)] [r=1 c=0 rs=1 cs=1]
              RenderText {TEXT} at (4,4) size 4x18
                text run at (4,4) width 4: " "
            RenderTableCell {TD} at (12,26) size 770x457 [border: (1px inset #808080)] [r=1 c=1 rs=1 cs=1]
              RenderBlock {P} at (4,4) size 762x18
                RenderText {TEXT} at (0,0) size 226x18
                  text run at (0,0) width 226: "This sentence should be underlined."
              RenderBlock {P} at (4,38) size 762x18
                RenderText {TEXT} at (0,0) size 218x18
                  text run at (0,0) width 218: "This sentence should be overlined."
              RenderBlock {P} at (4,72) size 762x18
                RenderText {TEXT} at (0,0) size 336x18
                  text run at (0,0) width 336: "This sentence should have stricken text (linethrough)."
              RenderBlock {P} at (4,106) size 762x18
                RenderText {TEXT} at (0,0) size 591x18
                  text run at (0,0) width 210: "This element should be blinking. "
                  text run at (210,0) width 381: "(It is not required, however, that UAs support this behavior.)"
              RenderBlock {P} at (4,140) size 762x36
                RenderText {TEXT} at (0,0) size 508x18
                  text run at (0,0) width 291: "The text in this element should be underlined. "
                  text run at (291,0) width 217: "The boldfaced text in this element "
                RenderInline {B} at (0,0) size 173x18
                  RenderText {TEXT} at (508,0) size 173x18
                    text run at (508,0) width 173: "should also be underlined"
                RenderText {TEXT} at (681,0) size 731x36
                  text run at (681,0) width 8: ". "
                  text run at (689,0) width 42: "This is"
                  text run at (0,18) width 716: "because the parent's underline will 'span' the boldfaced text, even if the inline element has no underline of its own."
              RenderBlock {P} at (4,192) size 762x18
                RenderText {TEXT} at (0,0) size 316x18
                  text run at (0,0) width 316: "This sentence should be underlined and overlined."
              RenderBlock {P} at (4,226) size 762x18
                RenderText {TEXT} at (0,0) size 377x18
                  text run at (0,0) width 377: "This sentence should be underlined, overlined, and stricken."
              RenderBlock {P} at (4,260) size 762x0
              RenderBlock {P} at (4,260) size 762x36
                RenderText {TEXT} at (0,0) size 761x36
                  text run at (0,0) width 761: "There should be nothing visible between this sentence and the one above (there is an empty paragraph element with class"
                  text run at (0,18) width 62: "of seven)."
              RenderBlock {P} at (4,312) size 762x55
                RenderText {TEXT} at (0,1) size 634x18
                  text run at (0,1) width 634: "Text decorations only apply to the text of an element, so the image at the end of this sentence should "
                RenderInline {EM} at (0,0) size 20x18
                  RenderText {TEXT} at (634,1) size 20x18
                    text run at (634,1) width 20: "not"
                RenderText {TEXT} at (654,1) size 90x18
                  text run at (654,1) width 90: " be overlined: "
                RenderImage {IMG} at (744,0) size 15x15
                RenderText {TEXT} at (0,19) size 737x36
                  text run at (0,19) width 8: ". "
                  text run at (8,19) width 729: "The underline of the parent element should hold true beneath the image, however, since text-decoration 'spans' child"
                  text run at (0,37) width 59: "elements."
              RenderBlock {P} at (4,383) size 762x18 [color=#008000]
                RenderText {TEXT} at (0,0) size 105x18
                  text run at (0,0) width 105: "The underlining "
                RenderInline {SPAN} at (0,0) size 96x18 [color=#0000FF]
                  RenderText {TEXT} at (105,0) size 96x18
                    text run at (105,0) width 96: "in this sentence"
                RenderText {TEXT} at (201,0) size 233x18
                  text run at (201,0) width 233: " should be green, no matter what the "
                RenderInline {SPAN} at (0,0) size 109x18 [color=#000000]
                  RenderText {TEXT} at (434,0) size 109x18
                    text run at (434,0) width 109: "text color may be"
                RenderText {TEXT} at (543,0) size 4x18
                  text run at (543,0) width 4: "."
              RenderBlock {P} at (4,417) size 762x36
                RenderText {TEXT} at (0,0) size 111x18
                  text run at (0,0) width 111: "The colors of the "
                RenderInline {SPAN} at (0,0) size 72x18 [color=#800080]
                  RenderText {TEXT} at (111,0) size 72x18
                    text run at (111,0) width 72: "underlining"
                RenderText {TEXT} at (183,0) size 20x18
                  text run at (183,0) width 20: " in "
                RenderInline {SPAN} at (0,0) size 80x18 [color=#0000FF]
                  RenderText {TEXT} at (203,0) size 80x18
                    text run at (203,0) width 80: "this sentence"
                RenderText {TEXT} at (283,0) size 69x18
                  text run at (283,0) width 69: " should be "
                RenderInline {SPAN} at (0,0) size 209x18 [color=#808080]
                  RenderText {TEXT} at (352,0) size 209x18
                    text run at (352,0) width 209: "the same as that of the parent text"
                RenderText {TEXT} at (561,0) size 738x36
                  text run at (561,0) width 177: " (that is, the first word in the"
                  text run at (0,18) width 213: "sentence, which should be black)."
