layer at (0,0) size 800x1174
  RenderCanvas at (0,0) size 800x600
layer at (0,0) size 800x1174
  RenderBlock {HTML} at (0,0) size 800x1174
    RenderBody {BODY} at (8,8) size 784x1158 [bgcolor=#CCCCCC]
      RenderBlock {P} at (0,0) size 784x17 [bgcolor=#000000]
        RenderText {TEXT} at (0,0) size 385x17
          text run at (0,0) width 385: "The style declarations which apply to the text below are:"
      RenderBlock {PRE} at (0,31) size 784x176 [bgcolor=#000000]
        RenderText {TEXT} at (0,0) size 384x160
          text run at (0,0) width 176: ".one {text-indent: 0.5"
          text run at (176,0) width 176: "in; background: aqua;}"
          text run at (0,16) width 160: ".two {text-indent: 2"
          text run at (160,16) width 176: "cm; background: aqua;}"
          text run at (0,32) width 184: ".three {text-indent: 20"
          text run at (184,32) width 176: "mm; background: aqua;}"
          text run at (0,48) width 176: ".four {text-indent: 24"
          text run at (176,48) width 176: "pt; background: aqua;}"
          text run at (0,64) width 168: ".five {text-indent: 2"
          text run at (168,64) width 176: "pc; background: aqua;}"
          text run at (0,80) width 160: ".six {text-indent: 2"
          text run at (160,80) width 176: "em; background: aqua;}"
          text run at (0,96) width 176: ".seven {text-indent: 2"
          text run at (176,96) width 176: "ex; background: aqua;}"
          text run at (0,112) width 352: ".eight {text-indent: 50%; background: aqua;}"
          text run at (0,128) width 176: ".nine {text-indent: 25"
          text run at (176,128) width 176: "px; background: aqua;}"
          text run at (0,144) width 384: "blockquote {text-indent: 50%; background: aqua;}"
      RenderBlock {HR} at (1,221) size 782x2 [bgcolor=#000000]
      RenderBlock {P} at (0,237) size 784x17 [bgcolor=#00FFFF]
        RenderText {TEXT} at (48,0) size 424x17
          text run at (48,0) width 424: "The first line of this sentence should be indented half an inch."
      RenderBlock {P} at (0,268) size 784x17 [bgcolor=#00FFFF]
        RenderText {TEXT} at (75,0) size 453x17
          text run at (75,0) width 453: "The first line of this sentence should be indented two centimeters."
      RenderBlock {P} at (0,299) size 784x17 [bgcolor=#00FFFF]
        RenderText {TEXT} at (75,0) size 471x17
          text run at (75,0) width 471: "The first line of this sentence should be indented twenty millimeters."
      RenderBlock {P} at (0,330) size 784x17 [bgcolor=#00FFFF]
        RenderText {TEXT} at (32,0) size 473x17
          text run at (32,0) width 473: "The first line of this sentence should be indented twenty-four points."
      RenderBlock {P} at (0,361) size 784x17 [bgcolor=#00FFFF]
        RenderText {TEXT} at (32,0) size 408x17
          text run at (32,0) width 408: "The first line of this sentence should be indented two picas."
      RenderBlock {P} at (0,392) size 784x17 [bgcolor=#00FFFF]
        RenderText {TEXT} at (28,0) size 394x17
          text run at (28,0) width 394: "The first line of this sentence should be indented two em."
      RenderBlock {P} at (0,423) size 784x17 [bgcolor=#00FFFF]
        RenderText {TEXT} at (17,0) size 390x17
          text run at (17,0) width 390: "The first line of this sentence should be indented two ex."
      RenderBlock {P} at (0,454) size 784x34 [bgcolor=#00FFFF]
        RenderText {TEXT} at (392,0) size 783x34
          text run at (392,0) width 391: "The first line of this sentence should be indented halfway"
          text run at (0,17) width 614: "across the page, but the rest of it should be flush with the normal left margin of the page."
      RenderBlock {P} at (0,502) size 784x34 [bgcolor=#00FFFF]
        RenderText {TEXT} at (25,0) size 767x34
          text run at (25,0) width 742: "The first line of this sentence should be indented 25 pixels, but the rest of it should be flush with the normal"
          text run at (0,17) width 162: "left margin of the page."
      RenderBlock {P} at (0,550) size 784x51 [bgcolor=#00FFFF]
        RenderText {TEXT} at (48,0) size 455x17
          text run at (48,0) width 455: "Only the first line of this sentence should be indented half an inch,"
        RenderBR {BR} at (0,0) size 0x0 [bgcolor=#000000]
        RenderText {TEXT} at (0,17) size 289x17
          text run at (0,17) width 289: "no matter where the lines might start, and"
        RenderBR {BR} at (0,0) size 0x0 [bgcolor=#000000]
        RenderText {TEXT} at (0,0) size 0x0
        RenderInline {EM} at (0,0) size 199x16 [bgcolor=#000000]
          RenderText {TEXT} at (0,35) size 199x16
            text run at (0,35) width 199: "regardless of any other markup"
        RenderText {TEXT} at (199,34) size 159x17
          text run at (199,34) width 159: " which may be present."
      RenderBlock {BLOCKQUOTE} at (40,615) size 704x51 [bgcolor=#00FFFF]
        RenderText {TEXT} at (392,0) size 664x51
          text run at (392,0) width 248: "In the first half of the test page, this"
          text run at (0,17) width 664: "BLOCKQUOTE element should have a text indent equal to 50% of the BODY element's width, since"
          text run at (0,34) width 504: "BLOCKQUOTE is a child of BODY; in the second half, it is a child of TABLE."
      RenderTable {TABLE} at (0,680) size 784x478 [bgcolor=#000000]
        RenderTableSection {TBODY} at (1,1) size 0x476
          RenderTableRow {TR} at (0,0) size 0x0
            RenderTableCell {TD} at (0,0) size 782x25 [bgcolor=#C0C0C0] [r=0 c=0 rs=1 cs=2]
              RenderInline {STRONG} at (0,0) size 164x17 [bgcolor=#000000]
                RenderText {TEXT} at (4,4) size 164x17
                  text run at (4,4) width 164: "TABLE Testing Section"
          RenderTableRow {TR} at (0,0) size 0x0
            RenderTableCell {TD} at (0,238) size 12x25 [bgcolor=#C0C0C0] [r=1 c=0 rs=1 cs=1]
              RenderText {TEXT} at (4,4) size 4x17
                text run at (4,4) width 4: "\x{A0}"
            RenderTableCell {TD} at (12,25) size 770x451 [r=1 c=1 rs=1 cs=1]
              RenderBlock {P} at (4,4) size 762x17 [bgcolor=#00FFFF]
                RenderText {TEXT} at (48,0) size 424x17
                  text run at (48,0) width 424: "The first line of this sentence should be indented half an inch."
              RenderBlock {P} at (4,35) size 762x17 [bgcolor=#00FFFF]
                RenderText {TEXT} at (75,0) size 453x17
                  text run at (75,0) width 453: "The first line of this sentence should be indented two centimeters."
              RenderBlock {P} at (4,66) size 762x17 [bgcolor=#00FFFF]
                RenderText {TEXT} at (75,0) size 471x17
                  text run at (75,0) width 471: "The first line of this sentence should be indented twenty millimeters."
              RenderBlock {P} at (4,97) size 762x17 [bgcolor=#00FFFF]
                RenderText {TEXT} at (32,0) size 473x17
                  text run at (32,0) width 473: "The first line of this sentence should be indented twenty-four points."
              RenderBlock {P} at (4,128) size 762x17 [bgcolor=#00FFFF]
                RenderText {TEXT} at (32,0) size 408x17
                  text run at (32,0) width 408: "The first line of this sentence should be indented two picas."
              RenderBlock {P} at (4,159) size 762x17 [bgcolor=#00FFFF]
                RenderText {TEXT} at (28,0) size 394x17
                  text run at (28,0) width 394: "The first line of this sentence should be indented two em."
              RenderBlock {P} at (4,190) size 762x17 [bgcolor=#00FFFF]
                RenderText {TEXT} at (17,0) size 390x17
                  text run at (17,0) width 390: "The first line of this sentence should be indented two ex."
              RenderBlock {P} at (4,221) size 762x34 [bgcolor=#00FFFF]
                RenderText {TEXT} at (381,0) size 716x34
                  text run at (381,0) width 335: "The first line of this sentence should be indented"
                  text run at (0,17) width 670: "halfway across the page, but the rest of it should be flush with the normal left margin of the page."
              RenderBlock {P} at (4,269) size 762x34 [bgcolor=#00FFFF]
                RenderText {TEXT} at (25,0) size 715x34
                  text run at (25,0) width 690: "The first line of this sentence should be indented 25 pixels, but the rest of it should be flush with the"
                  text run at (0,17) width 214: "normal left margin of the page."
              RenderBlock {P} at (4,317) size 762x51 [bgcolor=#00FFFF]
                RenderText {TEXT} at (48,0) size 455x17
                  text run at (48,0) width 455: "Only the first line of this sentence should be indented half an inch,"
                RenderBR {BR} at (0,0) size 0x0 [bgcolor=#000000]
                RenderText {TEXT} at (0,17) size 289x17
                  text run at (0,17) width 289: "no matter where the lines might start, and"
                RenderBR {BR} at (0,0) size 0x0 [bgcolor=#000000]
                RenderText {TEXT} at (0,0) size 0x0
                RenderInline {EM} at (0,0) size 199x16 [bgcolor=#000000]
                  RenderText {TEXT} at (0,35) size 199x16
                    text run at (0,35) width 199: "regardless of any other markup"
                RenderText {TEXT} at (199,34) size 159x17
                  text run at (199,34) width 159: " which may be present."
              RenderBlock {BLOCKQUOTE} at (44,382) size 682x51 [bgcolor=#00FFFF]
                RenderText {TEXT} at (381,0) size 664x51
                  text run at (381,0) width 248: "In the first half of the test page, this"
                  text run at (0,17) width 664: "BLOCKQUOTE element should have a text indent equal to 50% of the BODY element's width, since"
                  text run at (0,34) width 504: "BLOCKQUOTE is a child of BODY; in the second half, it is a child of TABLE."
