layer at (0,0) size 800x978
  RenderCanvas at (0,0) size 800x600
layer at (0,0) size 800x978
  RenderBlock {HTML} at (0,0) size 800x978
    RenderBody {BODY} at (8,8) size 784x962 [bgcolor=#CCCCCC]
      RenderBlock {P} at (0,0) size 784x17 [bgcolor=#000000]
        RenderText {TEXT} at (0,0) size 385x17
          text run at (0,0) width 385: "The style declarations which apply to the text below are:"
      RenderBlock {PRE} at (0,31) size 784x192 [bgcolor=#000000]
        RenderText {TEXT} at (0,0) size 248x176
          text run at (0,0) width 184: ".one {word-spacing: 0.3"
          text run at (184,0) width 32: "in;}"
          text run at (0,16) width 184: ".two {word-spacing: 0.5"
          text run at (184,16) width 32: "cm;}"
          text run at (0,32) width 184: ".three {word-spacing: 5"
          text run at (184,32) width 32: "mm;}"
          text run at (0,48) width 176: ".four {word-spacing: 3"
          text run at (176,48) width 32: "pt;}"
          text run at (0,64) width 200: ".five {word-spacing: 0.25"
          text run at (200,64) width 32: "pc;}"
          text run at (0,80) width 168: ".six {word-spacing: 1"
          text run at (168,80) width 32: "em;}"
          text run at (0,96) width 184: ".seven {word-spacing: 1"
          text run at (184,96) width 32: "ex;}"
          text run at (0,112) width 184: ".eight {word-spacing: 5"
          text run at (184,112) width 32: "px;}"
          text run at (0,128) width 232: ".nine {word-spacing: normal;}"
          text run at (0,144) width 208: ".ten {word-spacing: 300%;}"
          text run at (0,160) width 216: ".eleven {word-spacing: -0.2"
          text run at (216,160) width 32: "em;}"
      RenderBlock {HR} at (1,237) size 782x2 [bgcolor=#000000]
      RenderBlock {P} at (0,253) size 784x17 [bgcolor=#000000]
        RenderText {TEXT} at (0,0) size 741x17
          text run at (0,0) width 741: "This words in this sentence should have extra space between them."
      RenderBlock {P} at (0,284) size 784x17 [bgcolor=#000000]
        RenderText {TEXT} at (0,0) size 641x17
          text run at (0,0) width 641: "This words in this sentence should have extra space between them."
      RenderBlock {P} at (0,315) size 784x17 [bgcolor=#000000]
        RenderText {TEXT} at (0,0) size 641x17
          text run at (0,0) width 641: "This words in this sentence should have extra space between them."
      RenderBlock {P} at (0,346) size 784x17 [bgcolor=#000000]
        RenderText {TEXT} at (0,0) size 501x17
          text run at (0,0) width 501: "This words in this sentence should have extra space between them."
      RenderBlock {P} at (0,377) size 784x17 [bgcolor=#000000]
        RenderText {TEXT} at (0,0) size 501x17
          text run at (0,0) width 501: "This words in this sentence should have extra space between them."
      RenderBlock {P} at (0,408) size 784x17 [bgcolor=#000000]
        RenderText {TEXT} at (0,0) size 601x17
          text run at (0,0) width 601: "This words in this sentence should have extra space between them."
      RenderBlock {P} at (0,439) size 784x17 [bgcolor=#000000]
        RenderText {TEXT} at (0,0) size 541x17
          text run at (0,0) width 541: "This words in this sentence should have extra space between them."
      RenderBlock {P} at (0,470) size 784x34 [bgcolor=#000000]
        RenderText {TEXT} at (0,0) size 745x34
          text run at (0,0) width 745: "This words in this sentence should have extra space between them, but the last few words in the"
          text run at (0,17) width 70: "sentence "
        RenderInline {SPAN} at (0,0) size 191x17
          RenderText {TEXT} at (70,17) size 191x17
            text run at (70,17) width 191: "should have normal spacing"
        RenderText {TEXT} at (261,17) size 5x17
          text run at (261,17) width 5: "."
      RenderBlock {P} at (0,518) size 784x17 [bgcolor=#000000]
        RenderText {TEXT} at (0,0) size 731x17
          text run at (0,0) width 731: "This sentence should have normal word-spacing, since percentage values are not allowed on this property."
      RenderBlock {P} at (0,549) size 784x34 [bgcolor=#000000]
        RenderText {TEXT} at (0,0) size 728x34
          text run at (0,0) width 728: "This words in this sentence should have reduced space between them, since negative values are allowed on this"
          text run at (0,17) width 64: "property."
      RenderTable {TABLE} at (0,597) size 784x365 [bgcolor=#000000]
        RenderTableSection {TBODY} at (1,1) size 0x363
          RenderTableRow {TR} at (0,0) size 0x0
            RenderTableCell {TD} at (0,0) size 782x25 [bgcolor=#C0C0C0] [r=0 c=0 rs=1 cs=2]
              RenderInline {STRONG} at (0,0) size 164x17 [bgcolor=#000000]
                RenderText {TEXT} at (4,4) size 164x17
                  text run at (4,4) width 164: "TABLE Testing Section"
          RenderTableRow {TR} at (0,0) size 0x0
            RenderTableCell {TD} at (0,181) size 12x25 [bgcolor=#C0C0C0] [r=1 c=0 rs=1 cs=1]
              RenderText {TEXT} at (4,4) size 4x17
                text run at (4,4) width 4: "\x{A0}"
            RenderTableCell {TD} at (12,25) size 770x338 [r=1 c=1 rs=1 cs=1]
              RenderBlock {P} at (4,4) size 762x17
                RenderText {TEXT} at (0,0) size 741x17
                  text run at (0,0) width 741: "This words in this sentence should have extra space between them."
              RenderBlock {P} at (4,35) size 762x17
                RenderText {TEXT} at (0,0) size 641x17
                  text run at (0,0) width 641: "This words in this sentence should have extra space between them."
              RenderBlock {P} at (4,66) size 762x17
                RenderText {TEXT} at (0,0) size 641x17
                  text run at (0,0) width 641: "This words in this sentence should have extra space between them."
              RenderBlock {P} at (4,97) size 762x17
                RenderText {TEXT} at (0,0) size 501x17
                  text run at (0,0) width 501: "This words in this sentence should have extra space between them."
              RenderBlock {P} at (4,128) size 762x17
                RenderText {TEXT} at (0,0) size 501x17
                  text run at (0,0) width 501: "This words in this sentence should have extra space between them."
              RenderBlock {P} at (4,159) size 762x17
                RenderText {TEXT} at (0,0) size 601x17
                  text run at (0,0) width 601: "This words in this sentence should have extra space between them."
              RenderBlock {P} at (4,190) size 762x17
                RenderText {TEXT} at (0,0) size 541x17
                  text run at (0,0) width 541: "This words in this sentence should have extra space between them."
              RenderBlock {P} at (4,221) size 762x34
                RenderText {TEXT} at (0,0) size 745x34
                  text run at (0,0) width 745: "This words in this sentence should have extra space between them, but the last few words in the"
                  text run at (0,17) width 70: "sentence "
                RenderInline {SPAN} at (0,0) size 191x17
                  RenderText {TEXT} at (70,17) size 191x17
                    text run at (70,17) width 191: "should have normal spacing"
                RenderText {TEXT} at (261,17) size 5x17
                  text run at (261,17) width 5: "."
              RenderBlock {P} at (4,269) size 762x17
                RenderText {TEXT} at (0,0) size 731x17
                  text run at (0,0) width 731: "This sentence should have normal word-spacing, since percentage values are not allowed on this property."
              RenderBlock {P} at (4,300) size 762x34
                RenderText {TEXT} at (0,0) size 728x34
                  text run at (0,0) width 728: "This words in this sentence should have reduced space between them, since negative values are allowed on this"
                  text run at (0,17) width 64: "property."
