layer at (0,0) size 800x600
  RenderView at (0,0) size 800x600
layer at (0,0) size 800x600
  RenderBlock {HTML} at (0,0) size 800x600
    RenderBody {BODY} at (8,8) size 784x584
      RenderTable {TABLE} at (0,0) size 784x154
        RenderTableSection {TBODY} at (0,0) size 784x154
          RenderTableRow {TR} at (0,0) size 784x78
            RenderTableCell {TD} at (0,0) size 784x78 [r=0 c=0 rs=1 cs=4]
              RenderBR {BR} at (392,1) size 0x19
              RenderInline {FONT} at (0,0) size 728x57
                RenderText {#text} at (28,20) size 728x38
                  text run at (28,20) width 181: "The Supreme Court says "
                  text run at (209,20) width 547: "Wisconsin can continue using tuition vouchers to help poor parents send their"
                  text run at (212,39) width 221: "children to church-run schools. "
                  text run at (433,39) width 139: "What's your stand? "
                RenderBR {BR} at (572,54) size 0x0
                RenderBR {BR} at (392,58) size 0x19
              RenderText {#text} at (0,0) size 0x0
          RenderTableRow {TR} at (0,78) size 784x21
            RenderTableCell {TD} at (0,80) size 528x17 [r=1 c=0 rs=1 cs=1]
              RenderInline {FONT} at (0,0) size 140x15
                RenderText {#text} at (387,1) size 140x15
                  text run at (387,1) width 140: "I agree with the program"
              RenderText {#text} at (0,0) size 0x0
            RenderTableCell {TD} at (528,78) size 78x21 [r=1 c=1 rs=1 cs=1]
              RenderBlock {INPUT} at (5,4) size 13x13
          RenderTableRow {TR} at (0,99) size 784x21
            RenderTableCell {TD} at (0,101) size 528x17 [r=2 c=0 rs=1 cs=1]
              RenderInline {FONT} at (0,0) size 153x15
                RenderText {#text} at (374,1) size 153x15
                  text run at (374,1) width 153: "I think vouchers are wrong"
              RenderText {#text} at (0,0) size 0x0
            RenderTableCell {TD} at (528,99) size 78x21 [r=2 c=1 rs=1 cs=1]
              RenderBlock {INPUT} at (5,4) size 13x13
          RenderTableRow {TR} at (0,120) size 784x34
            RenderTableCell {TD} at (0,128) size 606x17 [r=3 c=0 rs=1 cs=2]
              RenderInline {A} at (0,0) size 76x19 [color=#0000EE]
                RenderInline {FONT} at (0,0) size 76x15
                  RenderText {#text} at (265,1) size 76x15
                    text run at (265,1) width 76: "View Results"
              RenderInline {FONT} at (0,0) size 0x0
                RenderText {#text} at (0,0) size 0x0
            RenderTableCell {TD} at (606,120) size 178x34 [r=3 c=2 rs=1 cs=2]
              RenderButton {INPUT} at (66,3) size 46x28 [bgcolor=#C0C0C0] [border: (2px outset #C0C0C0)]
                RenderBlock (anonymous) at (8,4) size 30x19
                  RenderText at (0,0) size 30x19
                    text run at (0,0) width 30: "vote"
              RenderText {#text} at (0,0) size 0x0
