layer at (0,0) size 800x600
  RenderView at (0,0) size 800x600
layer at (0,0) size 800x600
  RenderBlock {HTML} at (0,0) size 800x600
    RenderBody {BODY} at (8,8) size 784x584
      RenderBlock {H3} at (0,0) size 784x22
        RenderText {#text} at (0,0) size 200x22
          text run at (0,0) width 200: "With long hidden values"
      RenderTable {TABLE} at (0,40) size 200x77 [border: (1px solid #FF0000)]
        RenderTableSection {TBODY} at (1,1) size 198x75
          RenderTableRow {TR} at (0,2) size 198x69
            RenderTableCell {TD} at (2,2) size 194x69 [r=0 c=0 rs=1 cs=1]
              RenderBlock {FORM} at (1,1) size 192x51
                RenderTextControl {INPUT} at (2,3) size 131x25 [bgcolor=#FFFFFF] [border: (2px inset #000000)]
                RenderText {#text} at (135,6) size 4x19
                  text run at (135,6) width 4: " "
                RenderButton {INPUT} at (141,2) size 45x28 [bgcolor=#C0C0C0] [border: (2px outset #C0C0C0)]
                  RenderBlock (anonymous) at (8,4) size 29x19
                    RenderText at (0,0) size 29x19
                      text run at (0,0) width 29: " Go "
                RenderText {#text} at (188,6) size 4x19
                  text run at (188,6) width 4: " "
                RenderBR {BR} at (192,21) size 0x0
                RenderText {#text} at (0,32) size 188x19
                  text run at (0,32) width 188: "Enter City Name or Zip Code"
          RenderTableRow {TR} at (0,73) size 198x0
      RenderBlock {HR} at (0,125) size 784x2 [border: (1px inset #000000)]
      RenderBlock {H3} at (0,145) size 784x22
        RenderText {#text} at (0,0) size 206x22
          text run at (0,0) width 206: "With short hidden values"
      RenderTable {TABLE} at (0,185) size 200x77 [border: (1px solid #FF0000)]
        RenderTableSection {TBODY} at (1,1) size 198x75
          RenderTableRow {TR} at (0,2) size 198x69
            RenderTableCell {TD} at (2,2) size 194x69 [r=0 c=0 rs=1 cs=1]
              RenderBlock {FORM} at (1,1) size 192x51
                RenderTextControl {INPUT} at (2,3) size 131x25 [bgcolor=#FFFFFF] [border: (2px inset #000000)]
                RenderText {#text} at (135,6) size 4x19
                  text run at (135,6) width 4: " "
                RenderButton {INPUT} at (141,2) size 45x28 [bgcolor=#C0C0C0] [border: (2px outset #C0C0C0)]
                  RenderBlock (anonymous) at (8,4) size 29x19
                    RenderText at (0,0) size 29x19
                      text run at (0,0) width 29: " Go "
                RenderText {#text} at (188,6) size 4x19
                  text run at (188,6) width 4: " "
                RenderBR {BR} at (192,21) size 0x0
                RenderText {#text} at (0,32) size 188x19
                  text run at (0,32) width 188: "Enter City Name or Zip Code"
          RenderTableRow {TR} at (0,73) size 198x0
layer at (17,58) size 125x19
  RenderBlock {DIV} at (3,3) size 125x19
layer at (17,203) size 125x19
  RenderBlock {DIV} at (3,3) size 125x19
