layer at (0,0) size 800x600
  RenderView at (0,0) size 800x600
layer at (0,0) size 800x600
  RenderBlock {HTML} at (0,0) size 800x600
    RenderBody {BODY} at (8,8) size 784x584 [bgcolor=#FFFFFF]
      RenderBlock (anonymous) at (0,0) size 784x19
        RenderText {#text} at (0,0) size 716x19
          text run at (0,0) width 716: "The bug causes the nested table containing the textarea to be positioned away from the left edge of the outer table "
        RenderBR {BR} at (716,15) size 0x0
      RenderTable {TABLE} at (242,19) size 300x68 [border: (1px outset #808080)]
        RenderTableSection {TBODY} at (1,1) size 298x66
          RenderTableRow {TR} at (0,2) size 298x62
            RenderTableCell {TD} at (2,2) size 294x62 [border: (1px inset #808080)] [r=0 c=0 rs=1 cs=1]
              RenderTable {TABLE} at (2,2) size 81x58 [border: (1px outset #808080)]
                RenderTableSection {TBODY} at (1,1) size 79x56
                  RenderTableRow {TR} at (0,2) size 79x52
                    RenderTableCell {TD} at (2,2) size 75x52 [border: (1px inset #808080)] [r=0 c=0 rs=1 cs=1]
                      RenderText {#text} at (0,0) size 0x0
layer at (262,39) size 67x44 clip at (263,40) size 65x42
  RenderTextControl {TEXTAREA} at (4,4) size 67x44 [bgcolor=#FFFFFF] [border: (1px solid #000000)]
    RenderBlock {DIV} at (3,3) size 61x19
      RenderText {#text} at (0,0) size 23x19
        text run at (0,0) width 23: "bar"
