layer at (0,0) size 781x608
  RenderView at (0,0) size 781x600
layer at (0,0) size 781x608
  RenderBlock {HTML} at (0,0) size 781x608
    RenderBody {BODY} at (8,8) size 765x584
      RenderBlock {FORM} at (0,0) size 765x584
        RenderTable {TABLE} at (0,0) size 765x584 [border: (1px outset #808080)]
          RenderTableSection {TBODY} at (1,1) size 763x582
            RenderTableRow {TR} at (0,2) size 763x578
              RenderTableCell {TD} at (2,279) size 759x23 [border: (1px inset #808080)] [r=0 c=0 rs=1 cs=1]
                RenderText {#text} at (253,2) size 253x19
                  text run at (253,2) width 253: "This should be in the center of the page."
