layer at (0,0) size 800x600
  RenderView at (0,0) size 800x600
layer at (0,0) size 800x34
  RenderBlock {HTML} at (0,0) size 800x34
    RenderBody {BODY} at (8,8) size 784x18
      RenderText {#text} at (0,0) size 23x18
        text run at (0,0) width 23: "text"
      RenderText {#text} at (23,0) size 4x18
        text run at (23,0) width 4: " "
      RenderText {#text} at (27,0) size 21x18
        text run at (27,0) width 21: "test"
