layer at (0,0) size 800x600
  RenderView at (0,0) size 800x600
    RenderSVGContainer {svg} at (-781.25,-781.25) size 2343.75x2343.75
      RenderSVGHiddenContainer {defs} at (0,0) size 0x0
      RenderPath {rect} at (-781.25,-781.25) size 2343.75x2343.75 [fill={[type=SOLID] [color=#DEB887]}] [data="M-1000.00,-1000.00L2000.00,-1000.00L2000.00,2000.00L-1000.00,2000.00"]
      RenderSVGContainer {g} at (77.34,77.34) size 634.38x204.69
        RenderSVGContainer {g} at (77.34,77.34) size 79.69x25
          RenderPath {rect} at (77.34,77.34) size 78.12x23.44 [fill={[type=SOLID] [color=#FFFFFF]}] [data="M99.00,99.00L199.00,99.00L199.00,129.00L99.00,129.00"]
          RenderPath {rect} at (78.91,78.91) size 78.12x23.44 [fill={[type=SOLID] [color=#000080]}] [data="M101.00,101.00L201.00,101.00L201.00,131.00L101.00,131.00"]
          RenderPath {rect} at (78.12,78.12) size 78.12x23.44 [fill={[type=SOLID] [color=#B0C4DE]}] [data="M100.00,100.00L200.00,100.00L200.00,130.00L100.00,130.00"]
          RenderSVGText {text} at (150,120) size 800x14
            RenderSVGTSpan {tspan} at (0,0) size 47x14
              RenderSVGInlineText {#text} at (-23,-11) size 47x14
                text run at (-23,-11) width 47: "Click me"
        RenderSVGContainer {g} at (171.09,77.34) size 79.69x25
          RenderPath {rect} at (171.09,77.34) size 78.12x23.44 [fill={[type=SOLID] [color=#FFFFFF]}] [data="M219.00,99.00L319.00,99.00L319.00,129.00L219.00,129.00"]
          RenderPath {rect} at (172.66,78.91) size 78.12x23.44 [fill={[type=SOLID] [color=#000080]}] [data="M221.00,101.00L321.00,101.00L321.00,131.00L221.00,131.00"]
          RenderPath {rect} at (171.88,78.12) size 78.12x23.44 [fill={[type=SOLID] [color=#B0C4DE]}] [data="M220.00,100.00L320.00,100.00L320.00,130.00L220.00,130.00"]
          RenderSVGText {text} at (270,120) size 800x14
            RenderSVGTSpan {tspan} at (0,0) size 57x14
              RenderSVGInlineText {#text} at (-28,-11) size 57x14
                text run at (-28,-11) width 57: "Click me 2"
        RenderSVGContainer {g} at (264.84,77.34) size 103.12x25
          RenderPath {rect} at (264.84,77.34) size 101.56x23.44 [fill={[type=SOLID] [color=#FFFFFF]}] [data="M339.00,99.00L469.00,99.00L469.00,129.00L339.00,129.00"]
          RenderPath {rect} at (266.41,78.91) size 101.56x23.44 [fill={[type=SOLID] [color=#000080]}] [data="M341.00,101.00L471.00,101.00L471.00,131.00L341.00,131.00"]
          RenderPath {rect} at (265.62,78.12) size 101.56x23.44 [fill={[type=SOLID] [color=#B0C4DE]}] [data="M340.00,100.00L470.00,100.00L470.00,130.00L340.00,130.00"]
          RenderSVGText {text} at (405,120) size 800x14
            RenderSVGTSpan {tspan} at (0,0) size 106x14
              RenderSVGInlineText {#text} at (-53,-11) size 106x14
                text run at (-53,-11) width 106: "Deactivate Button 2"
        RenderSVGContainer {g} at (382.03,77.34) size 95.31x25
          RenderPath {rect} at (382.03,77.34) size 93.75x23.44 [fill={[type=SOLID] [color=#FFFFFF]}] [data="M489.00,99.00L609.00,99.00L609.00,129.00L489.00,129.00"]
          RenderPath {rect} at (383.59,78.91) size 93.75x23.44 [fill={[type=SOLID] [color=#000080]}] [data="M491.00,101.00L611.00,101.00L611.00,131.00L491.00,131.00"]
          RenderPath {rect} at (382.81,78.12) size 93.75x23.44 [fill={[type=SOLID] [color=#B0C4DE]}] [data="M490.00,100.00L610.00,100.00L610.00,130.00L490.00,130.00"]
          RenderSVGText {text} at (550,120) size 800x14
            RenderSVGTSpan {tspan} at (0,0) size 91x14
              RenderSVGInlineText {#text} at (-45,-11) size 91x14
                text run at (-45,-11) width 91: "Switch Button on"
        RenderSVGContainer {g} at (491.41,77.34) size 103.12x25
          RenderPath {rect} at (491.41,77.34) size 101.56x23.44 [fill={[type=SOLID] [color=#FFFFFF]}] [data="M629.00,99.00L759.00,99.00L759.00,129.00L629.00,129.00"]
          RenderPath {rect} at (492.97,78.91) size 101.56x23.44 [fill={[type=SOLID] [color=#000080]}] [data="M631.00,101.00L761.00,101.00L761.00,131.00L631.00,131.00"]
          RenderPath {rect} at (492.19,78.12) size 101.56x23.44 [fill={[type=SOLID] [color=#B0C4DE]}] [data="M630.00,100.00L760.00,100.00L760.00,130.00L630.00,130.00"]
          RenderSVGText {text} at (695,120) size 800x14
            RenderSVGTSpan {tspan} at (0,0) size 94x14
              RenderSVGInlineText {#text} at (-47,-11) size 94x14
                text run at (-47,-11) width 94: "Remove Button 1"
        RenderSVGContainer {g} at (608.59,77.34) size 103.12x25
          RenderPath {rect} at (608.59,77.34) size 101.56x23.44 [fill={[type=SOLID] [color=#FFFFFF]}] [data="M779.00,99.00L909.00,99.00L909.00,129.00L779.00,129.00"]
          RenderPath {rect} at (610.16,78.91) size 101.56x23.44 [fill={[type=SOLID] [color=#000080]}] [data="M781.00,101.00L911.00,101.00L911.00,131.00L781.00,131.00"]
          RenderPath {rect} at (609.38,78.12) size 101.56x23.44 [fill={[type=SOLID] [color=#B0C4DE]}] [data="M780.00,100.00L910.00,100.00L910.00,130.00L780.00,130.00"]
          RenderSVGText {text} at (845,120) size 800x14
            RenderSVGTSpan {tspan} at (0,0) size 101x14
              RenderSVGInlineText {#text} at (-50,-11) size 101x14
                text run at (-50,-11) width 101: "Switch Button 4 on"
        RenderSVGContainer {g} at (155.47,233.59) size 118.75x48.44
          RenderPath {rect} at (155.47,233.59) size 117.19x46.88 [fill={[type=SOLID] [color=#FFFFFF]}] [data="M209.00,299.00L339.00,299.00C344.52,299.00,349.00,303.48,349.00,309.00L349.00,349.00C349.00,354.52,344.52,359.00,339.00,359.00L209.00,359.00C203.48,359.00,199.00,354.52,199.00,349.00L199.00,309.00C199.00,303.48,203.48,299.00,209.00,299.00"]
          RenderPath {rect} at (157.03,235.16) size 117.19x46.88 [fill={[type=SOLID] [color=#000080]}] [data="M211.00,301.00L341.00,301.00C346.52,301.00,351.00,305.48,351.00,311.00L351.00,351.00C351.00,356.52,346.52,361.00,341.00,361.00L211.00,361.00C205.48,361.00,201.00,356.52,201.00,351.00L201.00,311.00C201.00,305.48,205.48,301.00,211.00,301.00"]
          RenderPath {rect} at (156.25,234.38) size 117.19x46.88 [fill={[type=SOLID] [color=#B0C4DE]}] [data="M210.00,300.00L340.00,300.00C345.52,300.00,350.00,304.48,350.00,310.00L350.00,350.00C350.00,355.52,345.52,360.00,340.00,360.00L210.00,360.00C204.48,360.00,200.00,355.52,200.00,350.00L200.00,310.00C200.00,304.48,204.48,300.00,210.00,300.00"]
          RenderSVGText {text} at (275,322) size 800x40
            RenderSVGTSpan {tspan} at (0,0) size 94x14
              RenderSVGInlineText {#text} at (-47,-11) size 94x14
                text run at (-47,-11) width 94: "This is a multiline"
            RenderSVGTSpan {tspan} at (0,0) size 78x14
              RenderSVGInlineText {#text} at (-39,2) size 78x14
                text run at (-39,2) width 78: "textbutton with"
            RenderSVGTSpan {tspan} at (0,0) size 76x14
              RenderSVGInlineText {#text} at (-38,15) size 76x14
                text run at (-38,15) width 76: "round corners"
      RenderSVGContainer {g} at (233.59,112.50) size 60.16x21.09
        RenderSVGContainer {g} at (233.59,116.41) size 17.19x17.19
          RenderPath {rect} at (233.59,116.41) size 15.62x15.62 [fill={[type=SOLID] [color=#FFFFFF]}] [data="M299.00,149.00L319.00,149.00L319.00,169.00L299.00,169.00"]
          RenderPath {rect} at (235.16,117.97) size 15.62x15.62 [fill={[type=SOLID] [color=#000080]}] [data="M301.00,151.00L321.00,151.00L321.00,171.00L301.00,171.00"]
          RenderPath {rect} at (234.38,117.19) size 15.62x15.62 [fill={[type=SOLID] [color=#B0C4DE]}] [data="M300.00,150.00L320.00,150.00L320.00,170.00L300.00,170.00"]
        RenderSVGContainer {g} at (272.66,112.50) size 21.09x21.09
          RenderPath {ellipse} at (272.66,112.50) size 19.53x19.53 [fill={[type=SOLID] [color=#FFFFFF]}] [data="M374.00,156.50L373.98,157.28L373.90,158.07L373.78,158.84L373.61,159.61L373.39,160.36L373.12,161.10L372.81,161.82L372.45,162.52L372.05,163.20L371.61,163.85L371.13,164.47L370.61,165.06L370.06,165.61L369.47,166.13L368.85,166.61L368.20,167.05L367.52,167.45L366.82,167.81L366.10,168.12L365.36,168.39L364.61,168.61L363.84,168.78L363.07,168.90L362.28,168.98L361.50,169.00L360.72,168.98L359.93,168.90L359.16,168.78L358.39,168.61L357.64,168.39L356.90,168.12L356.18,167.81L355.48,167.45L354.80,167.05L354.15,166.61L353.53,166.13L352.94,165.61L352.39,165.06L351.87,164.47L351.39,163.85L350.95,163.20L350.55,162.52L350.19,161.82L349.88,161.10L349.61,160.36L349.39,159.61L349.22,158.84L349.10,158.07L349.02,157.28L349.00,156.50L349.02,155.72L349.10,154.93L349.22,154.16L349.39,153.39L349.61,152.64L349.88,151.90L350.19,151.18L350.55,150.48L350.95,149.80L351.39,149.15L351.87,148.53L352.39,147.94L352.94,147.39L353.53,146.87L354.15,146.39L354.80,145.95L355.48,145.55L356.18,145.19L356.90,144.88L357.64,144.61L358.39,144.39L359.16,144.22L359.93,144.10L360.72,144.02L361.50,144.00L362.28,144.02L363.07,144.10L363.84,144.22L364.61,144.39L365.36,144.61L366.10,144.88L366.82,145.19L367.52,145.55L368.20,145.95L368.85,146.39L369.47,146.87L370.06,147.39L370.61,147.94L371.13,148.53L371.61,149.15L372.05,149.80L372.45,150.48L372.81,151.18L373.12,151.90L373.39,152.64L373.61,153.39L373.78,154.16L373.90,154.93L373.98,155.72"]
          RenderPath {ellipse} at (274.22,114.06) size 19.53x19.53 [fill={[type=SOLID] [color=#000080]}] [data="M376.00,158.50L375.98,159.28L375.90,160.07L375.78,160.84L375.61,161.61L375.39,162.36L375.12,163.10L374.81,163.82L374.45,164.52L374.05,165.20L373.61,165.85L373.13,166.47L372.61,167.06L372.06,167.61L371.47,168.13L370.85,168.61L370.20,169.05L369.52,169.45L368.82,169.81L368.10,170.12L367.36,170.39L366.61,170.61L365.84,170.78L365.07,170.90L364.28,170.98L363.50,171.00L362.72,170.98L361.93,170.90L361.16,170.78L360.39,170.61L359.64,170.39L358.90,170.12L358.18,169.81L357.48,169.45L356.80,169.05L356.15,168.61L355.53,168.13L354.94,167.61L354.39,167.06L353.87,166.47L353.39,165.85L352.95,165.20L352.55,164.52L352.19,163.82L351.88,163.10L351.61,162.36L351.39,161.61L351.22,160.84L351.10,160.07L351.02,159.28L351.00,158.50L351.02,157.72L351.10,156.93L351.22,156.16L351.39,155.39L351.61,154.64L351.88,153.90L352.19,153.18L352.55,152.48L352.95,151.80L353.39,151.15L353.87,150.53L354.39,149.94L354.94,149.39L355.53,148.87L356.15,148.39L356.80,147.95L357.48,147.55L358.18,147.19L358.90,146.88L359.64,146.61L360.39,146.39L361.16,146.22L361.93,146.10L362.72,146.02L363.50,146.00L364.28,146.02L365.07,146.10L365.84,146.22L366.61,146.39L367.36,146.61L368.10,146.88L368.82,147.19L369.52,147.55L370.20,147.95L370.85,148.39L371.47,148.87L372.06,149.39L372.61,149.94L373.13,150.53L373.61,151.15L374.05,151.80L374.45,152.48L374.81,153.18L375.12,153.90L375.39,154.64L375.61,155.39L375.78,156.16L375.90,156.93L375.98,157.72"]
          RenderPath {ellipse} at (273.44,113.28) size 19.53x19.53 [fill={[type=SOLID] [color=#B0C4DE]}] [data="M375.00,157.50L374.98,158.28L374.90,159.07L374.78,159.84L374.61,160.61L374.39,161.36L374.12,162.10L373.81,162.82L373.45,163.52L373.05,164.20L372.61,164.85L372.13,165.47L371.61,166.06L371.06,166.61L370.47,167.13L369.85,167.61L369.20,168.05L368.52,168.45L367.82,168.81L367.10,169.12L366.36,169.39L365.61,169.61L364.84,169.78L364.07,169.90L363.28,169.98L362.50,170.00L361.72,169.98L360.93,169.90L360.16,169.78L359.39,169.61L358.64,169.39L357.90,169.12L357.18,168.81L356.48,168.45L355.80,168.05L355.15,167.61L354.53,167.13L353.94,166.61L353.39,166.06L352.87,165.47L352.39,164.85L351.95,164.20L351.55,163.52L351.19,162.82L350.88,162.10L350.61,161.36L350.39,160.61L350.22,159.84L350.10,159.07L350.02,158.28L350.00,157.50L350.02,156.72L350.10,155.93L350.22,155.16L350.39,154.39L350.61,153.64L350.88,152.90L351.19,152.18L351.55,151.48L351.95,150.80L352.39,150.15L352.87,149.53L353.39,148.94L353.94,148.39L354.53,147.87L355.15,147.39L355.80,146.95L356.48,146.55L357.18,146.19L357.90,145.88L358.64,145.61L359.39,145.39L360.16,145.22L360.93,145.10L361.72,145.02L362.50,145.00L363.28,145.02L364.07,145.10L364.84,145.22L365.61,145.39L366.36,145.61L367.10,145.88L367.82,146.19L368.52,146.55L369.20,146.95L369.85,147.39L370.47,147.87L371.06,148.39L371.61,148.94L372.13,149.53L372.61,150.15L373.05,150.80L373.45,151.48L373.81,152.18L374.12,152.90L374.39,153.64L374.61,154.39L374.78,155.16L374.90,155.93L374.98,156.72"]
      RenderSVGText {text} at (100,210) size 800x18
        RenderSVGInlineText {#text} at (0,-14) size 67x18
          text run at (0,-14) width 67: "StatusText"
      RenderSVGText {text} at (430,320) size 800x18
        RenderSVGInlineText {#text} at (0,-14) size 441x18
          text run at (0,-14) width 441: "Click this text to randomly resize the multiline textbutton (textbutton7)"
      RenderSVGText {text} at (430,340) size 800x18
        RenderSVGInlineText {#text} at (0,-14) size 467x18
          text run at (0,-14) width 467: "Click this text to randomly reposition the multiline textbutton (textbutton7)"
