layer at (0,0) size 785x25812
  RenderView at (0,0) size 785x600
layer at (0,0) size 785x600
  RenderBlock {HTML} at (0,0) size 785x600
    RenderBody {BODY} at (8,8) size 769x576
      RenderBlock {P} at (0,0) size 769x72
        RenderText {#text} at (0,0) size 764x72
          text run at (0,0) width 764: "The column on the right has explicit spaces. Line breaks should be roughly the same if Thai line breaks are working well."
          text run at (0,18) width 760: "The original source of this text was ICU, and the test program said \"by it's very nature, Thai word breaking is not exact\","
          text run at (0,36) width 759: "so the columns don't match exactly. In a future version we might decide to tweak the right column to match our expected"
          text run at (0,54) width 59: "behavior."
layer at (235,96) size 85x24757
  RenderBlock (positioned) {DIV} at (235,96) size 1x24757
    RenderText {#text} at (0,1) size 85x24756
      text run at (0,1) width 21: "\x{E1A}\x{E17}"
      text run at (0,20) width 51: "\x{E17}\x{E35}\x{E48}\x{E51}\x{E1E}\x{E32}\x{E22}\x{E38}"
      text run at (0,39) width 59: "\x{E44}\x{E0B}\x{E42}\x{E04}\x{E25}\x{E19}"
      text run at (0,58) width 20: "\x{E42}\x{E14}"
      text run at (0,77) width 27: "\x{E42}\x{E23}\x{E18}"
      text run at (0,95) width 0: "\x{E35}"
      text run at (0,114) width 39: "\x{E2D}\x{E32}\x{E28}\x{E31}\x{E22}"
      text run at (0,133) width 20: "\x{E2D}\x{E22}\x{E39}\x{E48}"
      text run at (0,152) width 66: "\x{E17}\x{E48}\x{E32}\x{E21}\x{E01}\x{E25}\x{E32}\x{E07}"
      text run at (0,171) width 51: "\x{E17}\x{E38}\x{E48}\x{E07}\x{E43}\x{E2B}\x{E0D}\x{E48}"
      text run at (0,190) width 19: "\x{E43}\x{E19}"
      text run at (0,209) width 50: "\x{E41}\x{E04}\x{E19}\x{E0B}\x{E31}\x{E2A}"
      text run at (0,228) width 20: "\x{E01}\x{E31}\x{E1A}"
      text run at (0,247) width 18: "\x{E25}\x{E38}\x{E07}"
      text run at (0,266) width 16: "\x{E40}\x{E2E}"
      text run at (0,285) width 20: "\x{E19}\x{E23}\x{E35}"
      text run at (0,304) width 45: "\x{E0A}\x{E32}\x{E27}\x{E44}\x{E23}\x{E48}"
      text run at (0,323) width 27: "\x{E41}\x{E25}\x{E30}"
      text run at (0,342) width 19: "\x{E1B}\x{E49}\x{E32}"
      text run at (0,361) width 27: "\x{E40}\x{E2D}\x{E47}\x{E21}"
      text run at (0,380) width 46: "\x{E20}\x{E23}\x{E23}\x{E22}\x{E32}"
      text run at (0,399) width 45: "\x{E0A}\x{E32}\x{E27}\x{E44}\x{E23}\x{E48}"
      text run at (0,418) width 29: "\x{E1A}\x{E49}\x{E32}\x{E19}"
      text run at (0,437) width 28: "\x{E02}\x{E2D}\x{E07}"
      text run at (0,456) width 31: "\x{E1E}\x{E27}\x{E01}"
      text run at (0,475) width 24: "\x{E40}\x{E02}\x{E32}"
      text run at (0,494) width 28: "\x{E2B}\x{E25}\x{E31}\x{E07}"
      text run at (0,513) width 26: "\x{E40}\x{E25}\x{E47}\x{E01}"
      text run at (0,532) width 43: "\x{E40}\x{E1E}\x{E23}\x{E32}\x{E30}"
      text run at (0,551) width 20: "\x{E44}\x{E21}\x{E49}"
      text run at (0,570) width 35: "\x{E2A}\x{E23}\x{E49}\x{E32}\x{E07}"
      text run at (0,589) width 29: "\x{E1A}\x{E49}\x{E32}\x{E19}"
      text run at (0,608) width 29: "\x{E15}\x{E49}\x{E2D}\x{E07}"
      text run at (0,627) width 21: "\x{E02}\x{E19}"
      text run at (0,646) width 20: "\x{E21}\x{E32}"
      text run at (0,665) width 28: "\x{E14}\x{E49}\x{E27}\x{E22}"
      text run at (0,684) width 44: "\x{E40}\x{E01}\x{E27}\x{E35}\x{E22}\x{E19}"
      text run at (0,703) width 26: "\x{E40}\x{E1B}\x{E47}\x{E19}"
      text run at (0,722) width 34: "\x{E23}\x{E30}\x{E22}\x{E30}"
      text run at (0,741) width 27: "\x{E17}\x{E32}\x{E07}"
      text run at (0,760) width 38: "\x{E2B}\x{E25}\x{E32}\x{E22}"
      text run at (0,779) width 30: "\x{E44}\x{E21}\x{E25}\x{E4C}"
      text run at (0,798) width 29: "\x{E1A}\x{E49}\x{E32}\x{E19}"
      text run at (0,817) width 11: "\x{E21}\x{E35}"
      text run at (0,836) width 10: "\x{E2A}\x{E35}\x{E48}"
      text run at (0,855) width 19: "\x{E1D}\x{E32}"
      text run at (0,874) width 11: "\x{E21}\x{E35}"
      text run at (0,893) width 23: "\x{E1E}\x{E37}\x{E49}\x{E19}"
      text run at (0,912) width 20: "\x{E01}\x{E31}\x{E1A}"
      text run at (0,931) width 47: "\x{E2B}\x{E25}\x{E31}\x{E07}\x{E04}\x{E32}"
      text run at (0,950) width 28: "\x{E23}\x{E27}\x{E21}"
      text run at (0,969) width 20: "\x{E17}\x{E33}"
      text run at (0,988) width 26: "\x{E40}\x{E1B}\x{E47}\x{E19}"
      text run at (0,1007) width 29: "\x{E2B}\x{E49}\x{E2D}\x{E07}"
      text run at (0,1026) width 33: "\x{E40}\x{E14}\x{E35}\x{E22}\x{E27}"
      text run at (0,1045) width 19: "\x{E43}\x{E19}"
      text run at (0,1064) width 29: "\x{E2B}\x{E49}\x{E2D}\x{E07}"
      text run at (0,1083) width 11: "\x{E21}\x{E35}"
      text run at (0,1102) width 19: "\x{E17}\x{E31}\x{E49}\x{E07}"
      text run at (0,1121) width 25: "\x{E40}\x{E15}\x{E32}"
      text run at (0,1140) width 19: "\x{E2B}\x{E38}\x{E07}"
      text run at (0,1159) width 22: "\x{E15}\x{E49}\x{E21}"
      text run at (0,1178) width 11: "\x{E17}\x{E35}\x{E48}"
      text run at (0,1197) width 32: "\x{E2A}\x{E19}\x{E34}\x{E21}"
      text run at (0,1216) width 11: "\x{E14}\x{E39}"
      text run at (0,1235) width 21: "\x{E02}\x{E36}\x{E49}\x{E19}"
      text run at (0,1254) width 34: "\x{E40}\x{E25}\x{E2D}\x{E30}"
      text run at (0,1273) width 11: "\x{E21}\x{E35}"
      text run at (0,1292) width 11: "\x{E15}\x{E39}\x{E49}"
      text run at (0,1311) width 18: "\x{E43}\x{E2A}\x{E48}"
      text run at (0,1330) width 28: "\x{E16}\x{E49}\x{E27}\x{E22}"
      text run at (0,1349) width 30: "\x{E0A}\x{E32}\x{E21}"
      text run at (0,1368) width 28: "\x{E42}\x{E15}\x{E4A}\x{E30}"
      text run at (0,1387) width 35: "\x{E40}\x{E01}\x{E49}\x{E32}\x{E2D}\x{E35}\x{E49}"
      text run at (0,1406) width 29: "\x{E2A}\x{E32}\x{E21}"
      text run at (0,1425) width 30: "\x{E2B}\x{E23}\x{E37}\x{E2D}"
      text run at (0,1444) width 10: "\x{E2A}\x{E35}\x{E48}"
      text run at (0,1463) width 19: "\x{E15}\x{E31}\x{E27}"
      text run at (0,1482) width 27: "\x{E41}\x{E25}\x{E49}\x{E27}"
      text run at (0,1501) width 11: "\x{E01}\x{E47}"
      text run at (0,1520) width 11: "\x{E21}\x{E35}"
      text run at (0,1539) width 33: "\x{E40}\x{E15}\x{E35}\x{E22}\x{E07}"
      text run at (0,1558) width 32: "\x{E19}\x{E2D}\x{E19}"
      text run at (0,1577) width 18: "\x{E25}\x{E38}\x{E07}"
      text run at (0,1596) width 16: "\x{E40}\x{E2E}"
      text run at (0,1615) width 20: "\x{E19}\x{E23}\x{E35}"
      text run at (0,1634) width 20: "\x{E01}\x{E31}\x{E1A}"
      text run at (0,1653) width 19: "\x{E1B}\x{E49}\x{E32}"
      text run at (0,1672) width 27: "\x{E40}\x{E2D}\x{E47}\x{E21}"
      text run at (0,1691) width 11: "\x{E21}\x{E35}"
      text run at (0,1710) width 33: "\x{E40}\x{E15}\x{E35}\x{E22}\x{E07}"
      text run at (0,1729) width 32: "\x{E19}\x{E2D}\x{E19}"
      text run at (0,1748) width 33: "\x{E43}\x{E2B}\x{E0D}\x{E48}"
      text run at (0,1767) width 20: "\x{E2D}\x{E22}\x{E39}\x{E48}"
      text run at (0,1786) width 11: "\x{E17}\x{E35}\x{E48}"
      text run at (0,1805) width 22: "\x{E21}\x{E38}\x{E21}"
      text run at (0,1824) width 29: "\x{E2B}\x{E19}\x{E36}\x{E48}\x{E07}"
      text run at (0,1843) width 29: "\x{E2A}\x{E48}\x{E27}\x{E19}"
      text run at (0,1862) width 20: "\x{E42}\x{E14}"
      text run at (0,1881) width 27: "\x{E42}\x{E23}\x{E18}"
      text run at (0,1899) width 0: "\x{E35}"
      text run at (0,1918) width 11: "\x{E21}\x{E35}"
      text run at (0,1937) width 16: "\x{E40}\x{E15}\x{E35}"
      text run at (0,1956) width 32: "\x{E22}\x{E07}\x{E40}\x{E25}\x{E47}"
      text run at (0,1975) width 31: "\x{E01}\x{E2D}\x{E35}\x{E01}"
      text run at (0,1994) width 11: "\x{E17}\x{E35}\x{E48}"
      text run at (0,2013) width 22: "\x{E21}\x{E38}\x{E21}"
      text run at (0,2032) width 29: "\x{E2B}\x{E19}\x{E36}\x{E48}\x{E07}"
      text run at (0,2051) width 31: "\x{E44}\x{E21}\x{E48}\x{E21}\x{E35}"
      text run at (0,2070) width 29: "\x{E2B}\x{E49}\x{E2D}\x{E07}"
      text run at (0,2089) width 18: "\x{E43}\x{E15}\x{E49}"
      text run at (0,2108) width 47: "\x{E40}\x{E1E}\x{E14}\x{E32}\x{E19}"
      text run at (0,2127) width 24: "\x{E40}\x{E25}\x{E22}"
      text run at (0,2146) width 29: "\x{E2B}\x{E49}\x{E2D}\x{E07}"
      text run at (0,2165) width 39: "\x{E43}\x{E15}\x{E49}\x{E16}\x{E38}\x{E19}"
      text run at (0,2184) width 11: "\x{E01}\x{E47}"
      text run at (0,2203) width 31: "\x{E44}\x{E21}\x{E48}\x{E21}\x{E35}"
      text run at (0,2222) width 25: "\x{E40}\x{E27}\x{E49}\x{E19}"
      text run at (0,2241) width 20: "\x{E41}\x{E15}\x{E48}"
      text run at (0,2260) width 11: "\x{E21}\x{E35}"
      text run at (0,2279) width 21: "\x{E42}\x{E1E}"
      text run at (0,2298) width 17: "\x{E23}\x{E07}"
      text run at (0,2317) width 26: "\x{E40}\x{E25}\x{E47}\x{E01}"
      text run at (0,2336) width 10: "\x{E46}"
      text run at (0,2355) width 11: "\x{E17}\x{E35}\x{E48}"
      text run at (0,2374) width 21: "\x{E02}\x{E38}\x{E14}"
      text run at (0,2393) width 19: "\x{E44}\x{E1B}"
      text run at (0,2412) width 18: "\x{E43}\x{E15}\x{E49}"
      text run at (0,2431) width 23: "\x{E1E}\x{E37}\x{E49}\x{E19}"
      text run at (0,2450) width 34: "\x{E40}\x{E23}\x{E35}\x{E22}\x{E01}"
      text run at (0,2469) width 17: "\x{E27}\x{E48}\x{E32}"
      text run at (0,2488) width 45: "\"\x{E42}\x{E1E}\x{E23}\x{E07}"
      text run at (0,2507) width 66: "\x{E44}\x{E0B}\x{E42}\x{E04}\x{E25}\x{E19}\""
      text run at (0,2526) width 26: "\x{E40}\x{E1B}\x{E47}\x{E19}"
      text run at (0,2545) width 11: "\x{E17}\x{E35}\x{E48}"
      text run at (0,2564) width 67: "\x{E04}\x{E23}\x{E2D}\x{E1A}\x{E04}\x{E23}\x{E31}\x{E27}"
      text run at (0,2583) width 11: "\x{E19}\x{E35}\x{E49}"
      text run at (0,2602) width 17: "\x{E08}\x{E30}"
      text run at (0,2621) width 22: "\x{E21}\x{E38}\x{E14}"
      text run at (0,2640) width 42: "\x{E40}\x{E02}\x{E49}\x{E32}\x{E44}\x{E1B}"
      text run at (0,2659) width 27: "\x{E40}\x{E21}\x{E37}\x{E48}\x{E2D}"
      text run at (0,2678) width 26: "\x{E40}\x{E01}\x{E34}\x{E14}"
      text run at (0,2697) width 21: "\x{E25}\x{E21}"
      text run at (0,2716) width 30: "\x{E21}\x{E2B}\x{E32}"
      text run at (0,2735) width 20: "\x{E20}\x{E31}\x{E22}"
      text run at (0,2754) width 18: "\x{E0B}\x{E36}\x{E48}\x{E07}"
      text run at (0,2773) width 56: "\x{E01}\x{E23}\x{E30}\x{E42}\x{E0A}\x{E01}"
      text run at (0,2792) width 26: "\x{E41}\x{E23}\x{E07}"
      text run at (0,2811) width 20: "\x{E08}\x{E19}"
      text run at (0,2830) width 39: "\x{E1A}\x{E14}\x{E02}\x{E22}\x{E35}\x{E49}"
      text run at (0,2849) width 18: "\x{E2A}\x{E34}\x{E48}\x{E07}"
      text run at (0,2868) width 21: "\x{E01}\x{E48}\x{E2D}"
      text run at (0,2887) width 35: "\x{E2A}\x{E23}\x{E49}\x{E32}\x{E07}"
      text run at (0,2906) width 28: "\x{E43}\x{E14}\x{E46}"
      text run at (0,2925) width 11: "\x{E17}\x{E35}\x{E48}"
      text run at (0,2944) width 35: "\x{E02}\x{E27}\x{E32}\x{E07}"
      text run at (0,2963) width 27: "\x{E17}\x{E32}\x{E07}"
      text run at (0,2982) width 22: "\x{E21}\x{E31}\x{E19}"
      text run at (0,3001) width 19: "\x{E44}\x{E14}\x{E49}"
      text run at (0,3020) width 27: "\x{E15}\x{E23}\x{E07}"
      text run at (0,3039) width 36: "\x{E01}\x{E25}\x{E32}\x{E07}"
      text run at (0,3058) width 23: "\x{E1E}\x{E37}\x{E49}\x{E19}"
      text run at (0,3077) width 11: "\x{E21}\x{E35}"
      text run at (0,3096) width 19: "\x{E1D}\x{E32}"
      text run at (0,3115) width 26: "\x{E40}\x{E1B}\x{E34}\x{E14}"
      text run at (0,3134) width 42: "\x{E40}\x{E02}\x{E49}\x{E32}\x{E44}\x{E1B}"
      text run at (0,3153) width 28: "\x{E08}\x{E32}\x{E01}"
      text run at (0,3172) width 22: "\x{E19}\x{E31}\x{E49}\x{E19}"
      text run at (0,3191) width 11: "\x{E21}\x{E35}"
      text run at (0,3210) width 40: "\x{E1A}\x{E31}\x{E19}\x{E44}\x{E14}"
      text run at (0,3229) width 18: "\x{E25}\x{E07}"
      text run at (0,3248) width 19: "\x{E44}\x{E1B}"
      text run at (0,3267) width 18: "\x{E16}\x{E36}\x{E07}"
      text run at (0,3286) width 38: "\x{E42}\x{E1E}\x{E23}\x{E07}"
      text run at (0,3305) width 22: "\x{E21}\x{E37}\x{E14}"
      text run at (0,3324) width 26: "\x{E40}\x{E25}\x{E47}\x{E01}"
      text run at (0,3343) width 10: "\x{E46}"
      text run at (0,3362) width 27: "\x{E40}\x{E21}\x{E37}\x{E48}\x{E2D}"
      text run at (0,3381) width 20: "\x{E42}\x{E14}"
      text run at (0,3400) width 27: "\x{E42}\x{E23}\x{E18}"
      text run at (0,3418) width 0: "\x{E35}"
      text run at (0,3437) width 20: "\x{E22}\x{E37}\x{E19}"
      text run at (0,3456) width 11: "\x{E17}\x{E35}\x{E48}"
      text run at (0,3475) width 29: "\x{E1B}\x{E32}\x{E01}"
      text run at (0,3494) width 37: "\x{E1B}\x{E23}\x{E30}\x{E15}\x{E39}"
      text run at (0,3513) width 27: "\x{E41}\x{E25}\x{E30}"
      text run at (0,3532) width 29: "\x{E21}\x{E2D}\x{E07}"
      text run at (0,3551) width 19: "\x{E44}\x{E1B}"
      text run at (0,3570) width 29: "\x{E23}\x{E2D}\x{E1A}"
      text run at (0,3589) width 10: "\x{E46}"
      text run at (0,3608) width 25: "\x{E40}\x{E18}\x{E2D}"
      text run at (0,3627) width 20: "\x{E44}\x{E21}\x{E48}"
      text run at (0,3646) width 27: "\x{E40}\x{E2B}\x{E47}\x{E19}"
      text run at (0,3665) width 36: "\x{E2D}\x{E30}\x{E44}\x{E23}"
      text run at (0,3684) width 59: "\x{E19}\x{E2D}\x{E01}\x{E08}\x{E32}\x{E01}"
      text run at (0,3703) width 29: "\x{E17}\x{E49}\x{E2D}\x{E07}"
      text run at (0,3722) width 19: "\x{E17}\x{E38}\x{E48}\x{E07}"
      text run at (0,3741) width 35: "\x{E01}\x{E27}\x{E49}\x{E32}\x{E07}"
      text run at (0,3760) width 10: "\x{E2A}\x{E35}"
      text run at (0,3779) width 25: "\x{E40}\x{E17}\x{E32}"
      text run at (0,3798) width 32: "\x{E2B}\x{E21}\x{E48}\x{E19}"
      text run at (0,3817) width 19: "\x{E17}\x{E31}\x{E48}\x{E27}"
      text run at (0,3836) width 21: "\x{E17}\x{E38}\x{E01}"
      text run at (0,3855) width 30: "\x{E14}\x{E49}\x{E32}\x{E19}"
      text run at (0,3874) width 31: "\x{E44}\x{E21}\x{E48}\x{E21}\x{E35}"
      text run at (0,3893) width 20: "\x{E41}\x{E21}\x{E49}"
      text run at (0,3912) width 41: "\x{E15}\x{E49}\x{E19}\x{E44}\x{E21}\x{E49}"
      text run at (0,3931) width 20: "\x{E2A}\x{E31}\x{E01}"
      text run at (0,3950) width 22: "\x{E15}\x{E49}\x{E19}"
      text run at (0,3969) width 30: "\x{E2B}\x{E23}\x{E37}\x{E2D}"
      text run at (0,3988) width 29: "\x{E1A}\x{E49}\x{E32}\x{E19}"
      text run at (0,4007) width 20: "\x{E2A}\x{E31}\x{E01}"
      text run at (0,4026) width 28: "\x{E2B}\x{E25}\x{E31}\x{E07}"
      text run at (0,4045) width 11: "\x{E17}\x{E35}\x{E48}"
      text run at (0,4064) width 29: "\x{E42}\x{E1C}\x{E25}\x{E48}"
      text run at (0,4083) width 23: "\x{E1E}\x{E49}\x{E19}"
      text run at (0,4102) width 21: "\x{E20}\x{E39}\x{E21}\x{E34}"
      text run at (0,4121) width 53: "\x{E1B}\x{E23}\x{E30}\x{E40}\x{E17}\x{E28}"
      text run at (0,4140) width 22: "\x{E2D}\x{E31}\x{E19}"
      text run at (0,4159) width 27: "\x{E23}\x{E32}\x{E1A}"
      text run at (0,4178) width 33: "\x{E40}\x{E23}\x{E35}\x{E22}\x{E1A}"
      text run at (0,4197) width 20: "\x{E41}\x{E1C}\x{E48}"
      text run at (0,4216) width 19: "\x{E44}\x{E1B}"
      text run at (0,4235) width 29: "\x{E44}\x{E01}\x{E25}"
      text run at (0,4254) width 20: "\x{E08}\x{E19}"
      text run at (0,4273) width 19: "\x{E08}\x{E14}"
      text run at (0,4292) width 30: "\x{E02}\x{E2D}\x{E1A}"
      text run at (0,4311) width 21: "\x{E1F}\x{E49}\x{E32}"
      text run at (0,4330) width 19: "\x{E17}\x{E31}\x{E48}\x{E27}"
      text run at (0,4349) width 21: "\x{E17}\x{E38}\x{E01}"
      text run at (0,4368) width 21: "\x{E17}\x{E34}\x{E28}"
      text run at (0,4387) width 64: "\x{E14}\x{E27}\x{E07}\x{E15}\x{E30}\x{E27}\x{E31}\x{E19}"
      text run at (0,4406) width 24: "\x{E40}\x{E1C}\x{E32}"
      text run at (0,4425) width 22: "\x{E1C}\x{E37}\x{E19}"
      text run at (0,4444) width 22: "\x{E14}\x{E34}\x{E19}"
      text run at (0,4463) width 11: "\x{E17}\x{E35}\x{E48}"
      text run at (0,4482) width 19: "\x{E44}\x{E16}"
      text run at (0,4501) width 27: "\x{E41}\x{E25}\x{E49}\x{E27}"
      text run at (0,4520) width 20: "\x{E08}\x{E19}"
      text run at (0,4539) width 38: "\x{E01}\x{E25}\x{E32}\x{E22}"
      text run at (0,4558) width 26: "\x{E40}\x{E1B}\x{E47}\x{E19}"
      text run at (0,4577) width 30: "\x{E41}\x{E1C}\x{E48}\x{E19}"
      text run at (0,4596) width 41: "\x{E21}\x{E2B}\x{E36}\x{E21}\x{E32}"
      text run at (0,4615) width 10: "\x{E2A}\x{E35}"
      text run at (0,4634) width 19: "\x{E14}\x{E33}"
      text run at (0,4653) width 11: "\x{E21}\x{E35}"
      text run at (0,4672) width 29: "\x{E23}\x{E2D}\x{E22}"
      text run at (0,4691) width 30: "\x{E41}\x{E15}\x{E01}"
      text run at (0,4710) width 44: "\x{E23}\x{E30}\x{E41}\x{E2B}\x{E07}"
      text run at (0,4729) width 20: "\x{E2D}\x{E22}\x{E39}\x{E48}"
      text run at (0,4748) width 41: "\x{E15}\x{E25}\x{E2D}\x{E14}"
      text run at (0,4767) width 39: "\x{E41}\x{E21}\x{E49}\x{E41}\x{E15}\x{E48}"
      text run at (0,4786) width 34: "\x{E2B}\x{E0D}\x{E49}\x{E32}"
      text run at (0,4805) width 11: "\x{E01}\x{E47}"
      text run at (0,4824) width 20: "\x{E44}\x{E21}\x{E48}"
      text run at (0,4843) width 33: "\x{E40}\x{E02}\x{E35}\x{E22}\x{E27}"
      text run at (0,4862) width 43: "\x{E40}\x{E1E}\x{E23}\x{E32}\x{E30}"
      text run at (0,4881) width 64: "\x{E14}\x{E27}\x{E07}\x{E15}\x{E30}\x{E27}\x{E31}\x{E19}"
      text run at (0,4900) width 24: "\x{E40}\x{E1C}\x{E32}"
      text run at (0,4919) width 30: "\x{E22}\x{E2D}\x{E14}"
      text run at (0,4938) width 18: "\x{E43}\x{E1A}"
      text run at (0,4957) width 26: "\x{E22}\x{E32}\x{E27}"
      text run at (0,4976) width 24: "\x{E40}\x{E2A}\x{E35}\x{E22}"
      text run at (0,4995) width 20: "\x{E08}\x{E19}"
      text run at (0,5014) width 26: "\x{E40}\x{E1B}\x{E47}\x{E19}"
      text run at (0,5033) width 10: "\x{E2A}\x{E35}"
      text run at (0,5052) width 25: "\x{E40}\x{E17}\x{E32}"
      text run at (0,5071) width 32: "\x{E2B}\x{E21}\x{E48}\x{E19}"
      text run at (0,5090) width 29: "\x{E21}\x{E2D}\x{E07}"
      text run at (0,5109) width 27: "\x{E40}\x{E2B}\x{E47}\x{E19}"
      text run at (0,5128) width 20: "\x{E2D}\x{E22}\x{E39}\x{E48}"
      text run at (0,5147) width 38: "\x{E17}\x{E31}\x{E48}\x{E27}\x{E44}\x{E1B}"
      text run at (0,5166) width 27: "\x{E04}\x{E23}\x{E31}\x{E49}\x{E07}"
      text run at (0,5185) width 29: "\x{E2B}\x{E19}\x{E36}\x{E48}\x{E07}"
      text run at (0,5204) width 25: "\x{E40}\x{E04}\x{E22}"
      text run at (0,5223) width 29: "\x{E17}\x{E32}\x{E2A}\x{E35}"
      text run at (0,5242) width 29: "\x{E1A}\x{E49}\x{E32}\x{E19}"
      text run at (0,5261) width 24: "\x{E40}\x{E2D}\x{E32}"
      text run at (0,5280) width 18: "\x{E44}\x{E27}\x{E49}"
      text run at (0,5299) width 20: "\x{E41}\x{E15}\x{E48}"
      text run at (0,5318) width 11: "\x{E01}\x{E47}"
      text run at (0,5337) width 21: "\x{E16}\x{E39}\x{E01}"
      text run at (0,5356) width 64: "\x{E14}\x{E27}\x{E07}\x{E15}\x{E30}\x{E27}\x{E31}\x{E19}"
      text run at (0,5375) width 24: "\x{E40}\x{E1C}\x{E32}"
      text run at (0,5394) width 24: "\x{E40}\x{E2A}\x{E35}\x{E22}"
      text run at (0,5413) width 20: "\x{E08}\x{E19}"
      text run at (0,5432) width 10: "\x{E2A}\x{E35}"
      text run at (0,5451) width 30: "\x{E1E}\x{E2D}\x{E07}"
      text run at (0,5470) width 27: "\x{E41}\x{E25}\x{E49}\x{E27}"
      text run at (0,5489) width 22: "\x{E1D}\x{E19}"
      text run at (0,5508) width 11: "\x{E01}\x{E47}"
      text run at (0,5527) width 18: "\x{E0A}\x{E30}"
      text run at (0,5546) width 22: "\x{E21}\x{E31}\x{E19}"
      text run at (0,5565) width 31: "\x{E2B}\x{E25}\x{E38}\x{E14}"
      text run at (0,5584) width 19: "\x{E44}\x{E1B}"
      text run at (0,5603) width 20: "\x{E08}\x{E19}"
      text run at (0,5622) width 32: "\x{E2B}\x{E21}\x{E14}"
      text run at (0,5641) width 27: "\x{E41}\x{E25}\x{E30}"
      text run at (0,5660) width 32: "\x{E15}\x{E2D}\x{E19}"
      text run at (0,5679) width 11: "\x{E19}\x{E35}\x{E49}"
      text run at (0,5698) width 29: "\x{E1A}\x{E49}\x{E32}\x{E19}"
      text run at (0,5717) width 17: "\x{E08}\x{E36}\x{E07}"
      text run at (0,5736) width 11: "\x{E14}\x{E39}"
      text run at (0,5755) width 72: "\x{E2B}\x{E21}\x{E48}\x{E19}\x{E2B}\x{E21}\x{E2D}\x{E07}"
      text run at (0,5774) width 26: "\x{E40}\x{E1B}\x{E47}\x{E19}"
      text run at (0,5793) width 10: "\x{E2A}\x{E35}"
      text run at (0,5812) width 25: "\x{E40}\x{E17}\x{E32}"
      text run at (0,5831) width 48: "\x{E40}\x{E2B}\x{E21}\x{E37}\x{E2D}\x{E19}"
      text run at (0,5850) width 18: "\x{E2A}\x{E34}\x{E48}\x{E07}"
      text run at (0,5869) width 22: "\x{E2D}\x{E37}\x{E48}\x{E19}"
      text run at (0,5888) width 10: "\x{E46}"
      text run at (0,5907) width 28: "\x{E14}\x{E49}\x{E27}\x{E22}"
      text run at (0,5926) width 32: "\x{E15}\x{E2D}\x{E19}"
      text run at (0,5945) width 11: "\x{E17}\x{E35}\x{E48}"
      text run at (0,5964) width 19: "\x{E1B}\x{E49}\x{E32}"
      text run at (0,5983) width 27: "\x{E40}\x{E2D}\x{E47}\x{E21}"
      text run at (0,6002) width 27: "\x{E22}\x{E49}\x{E32}\x{E22}"
      text run at (0,6021) width 20: "\x{E21}\x{E32}"
      text run at (0,6040) width 20: "\x{E2D}\x{E22}\x{E39}\x{E48}"
      text run at (0,6059) width 11: "\x{E17}\x{E35}\x{E48}"
      text run at (0,6078) width 11: "\x{E19}\x{E35}\x{E48}"
      text run at (0,6097) width 25: "\x{E40}\x{E18}\x{E2D}"
      text run at (0,6116) width 17: "\x{E22}\x{E31}\x{E07}"
      text run at (0,6135) width 27: "\x{E2A}\x{E32}\x{E27}"
      text run at (0,6154) width 26: "\x{E40}\x{E1B}\x{E47}\x{E19}"
      text run at (0,6173) width 46: "\x{E20}\x{E23}\x{E23}\x{E22}\x{E32}"
      text run at (0,6192) width 11: "\x{E17}\x{E35}\x{E48}"
      text run at (0,6211) width 45: "\x{E07}\x{E14}\x{E07}\x{E32}\x{E21}"
      text run at (0,6230) width 27: "\x{E41}\x{E25}\x{E49}\x{E27}"
      text run at (0,6249) width 30: "\x{E41}\x{E14}\x{E14}"
      text run at (0,6268) width 27: "\x{E41}\x{E25}\x{E30}"
      text run at (0,6287) width 21: "\x{E25}\x{E21}"
      text run at (0,6306) width 30: "\x{E01}\x{E47}\x{E44}\x{E14}\x{E49}"
      text run at (0,6325) width 45: "\x{E40}\x{E1B}\x{E25}\x{E35}\x{E48}\x{E22}\x{E19}"
      text run at (0,6344) width 25: "\x{E40}\x{E18}\x{E2D}"
      text run at (0,6363) width 19: "\x{E44}\x{E1B}"
      text run at (0,6382) width 24: "\x{E40}\x{E2D}\x{E32}"
      text run at (0,6401) width 55: "\x{E1B}\x{E23}\x{E30}\x{E01}\x{E32}\x{E22}"
      text run at (0,6420) width 19: "\x{E44}\x{E1B}"
      text run at (0,6439) width 28: "\x{E08}\x{E32}\x{E01}"
      text run at (0,6458) width 46: "\x{E14}\x{E27}\x{E07}\x{E15}\x{E32}"
      text run at (0,6477) width 25: "\x{E40}\x{E18}\x{E2D}"
      text run at (0,6496) width 39: "\x{E1B}\x{E25}\x{E48}\x{E2D}\x{E22}"
      text run at (0,6515) width 18: "\x{E44}\x{E27}\x{E49}"
      text run at (0,6534) width 20: "\x{E41}\x{E15}\x{E48}"
      text run at (0,6553) width 38: "\x{E04}\x{E27}\x{E32}\x{E21}"
      text run at (0,6572) width 31: "\x{E2A}\x{E38}\x{E02}\x{E38}\x{E21}"
      text run at (0,6591) width 36: "\x{E2D}\x{E22}\x{E48}\x{E32}\x{E07}"
      text run at (0,6610) width 72: "\x{E2B}\x{E21}\x{E48}\x{E19}\x{E2B}\x{E21}\x{E2D}\x{E07}"
      text run at (0,6629) width 24: "\x{E40}\x{E2D}\x{E32}"
      text run at (0,6648) width 10: "\x{E2A}\x{E35}"
      text run at (0,6667) width 27: "\x{E41}\x{E14}\x{E07}"
      text run at (0,6686) width 28: "\x{E08}\x{E32}\x{E01}"
      text run at (0,6705) width 30: "\x{E41}\x{E01}\x{E49}\x{E21}"
      text run at (0,6724) width 27: "\x{E41}\x{E25}\x{E30}"
      text run at (0,6743) width 20: "\x{E23}\x{E34}\x{E21}"
      text run at (0,6762) width 39: "\x{E1D}\x{E35}\x{E1B}\x{E32}\x{E01}"
      text run at (0,6781) width 25: "\x{E40}\x{E18}\x{E2D}"
      text run at (0,6800) width 19: "\x{E44}\x{E1B}"
      text run at (0,6819) width 38: "\x{E01}\x{E25}\x{E32}\x{E22}"
      text run at (0,6838) width 26: "\x{E40}\x{E1B}\x{E47}\x{E19}"
      text run at (0,6857) width 10: "\x{E2A}\x{E35}"
      text run at (0,6876) width 32: "\x{E2B}\x{E21}\x{E48}\x{E19}"
      text run at (0,6895) width 10: "\x{E46}"
      text run at (0,6914) width 48: "\x{E40}\x{E2B}\x{E21}\x{E37}\x{E2D}\x{E19}"
      text run at (0,6933) width 21: "\x{E01}\x{E31}\x{E19}"
      text run at (0,6952) width 25: "\x{E40}\x{E18}\x{E2D}"
      text run at (0,6971) width 32: "\x{E1C}\x{E2D}\x{E21}"
      text run at (0,6990) width 27: "\x{E41}\x{E25}\x{E30}"
      text run at (0,7009) width 28: "\x{E2B}\x{E25}\x{E31}\x{E07}"
      text run at (0,7028) width 27: "\x{E42}\x{E04}\x{E49}\x{E07}"
      text run at (0,7047) width 27: "\x{E41}\x{E25}\x{E30}"
      text run at (0,7066) width 33: "\x{E40}\x{E14}\x{E35}\x{E4B}\x{E22}\x{E27}"
      text run at (0,7085) width 11: "\x{E19}\x{E35}\x{E49}"
      text run at (0,7104) width 20: "\x{E44}\x{E21}\x{E48}"
      text run at (0,7123) width 25: "\x{E40}\x{E04}\x{E22}"
      text run at (0,7142) width 20: "\x{E22}\x{E34}\x{E49}\x{E21}"
      text run at (0,7161) width 24: "\x{E40}\x{E25}\x{E22}"
      text run at (0,7180) width 27: "\x{E40}\x{E21}\x{E37}\x{E48}\x{E2D}"
      text run at (0,7199) width 20: "\x{E42}\x{E14}"
      text run at (0,7218) width 27: "\x{E42}\x{E23}\x{E18}"
      text run at (0,7236) width 0: "\x{E35}"
      text run at (0,7255) width 18: "\x{E0B}\x{E36}\x{E48}\x{E07}"
      text run at (0,7274) width 26: "\x{E40}\x{E1B}\x{E47}\x{E19}"
      text run at (0,7293) width 26: "\x{E40}\x{E14}\x{E47}\x{E01}"
      text run at (0,7312) width 19: "\x{E01}\x{E33}"
      text run at (0,7331) width 30: "\x{E1E}\x{E23}\x{E49}\x{E32}"
      text run at (0,7350) width 20: "\x{E21}\x{E32}"
      text run at (0,7369) width 20: "\x{E2D}\x{E22}\x{E39}\x{E48}"
      text run at (0,7388) width 20: "\x{E01}\x{E31}\x{E1A}"
      text run at (0,7407) width 25: "\x{E40}\x{E18}\x{E2D}"
      text run at (0,7426) width 32: "\x{E15}\x{E2D}\x{E19}"
      text run at (0,7445) width 28: "\x{E41}\x{E23}\x{E01}"
      text run at (0,7464) width 19: "\x{E1B}\x{E49}\x{E32}"
      text run at (0,7483) width 27: "\x{E40}\x{E2D}\x{E47}\x{E21}"
      text run at (0,7502) width 22: "\x{E15}\x{E37}\x{E48}\x{E19}"
      text run at (0,7521) width 27: "\x{E40}\x{E15}\x{E49}\x{E19}"
      text run at (0,7540) width 20: "\x{E01}\x{E31}\x{E1A}"
      text run at (0,7559) width 32: "\x{E40}\x{E2A}\x{E35}\x{E22}\x{E07}"
      text run at (0,7578) width 50: "\x{E2B}\x{E31}\x{E27}\x{E40}\x{E23}\x{E32}\x{E30}"
      text run at (0,7597) width 28: "\x{E02}\x{E2D}\x{E07}"
      text run at (0,7616) width 26: "\x{E40}\x{E14}\x{E47}\x{E01}"
      text run at (0,7635) width 31: "\x{E19}\x{E49}\x{E2D}\x{E22}"
      text run at (0,7654) width 30: "\x{E21}\x{E32}\x{E01}"
      text run at (0,7673) width 25: "\x{E40}\x{E18}\x{E2D}"
      text run at (0,7692) width 17: "\x{E08}\x{E30}"
      text run at (0,7711) width 18: "\x{E2A}\x{E48}\x{E07}"
      text run at (0,7730) width 32: "\x{E40}\x{E2A}\x{E35}\x{E22}\x{E07}"
      text run at (0,7749) width 27: "\x{E23}\x{E49}\x{E2D}\x{E07}"
      text run at (0,7768) width 27: "\x{E41}\x{E25}\x{E49}\x{E27}"
      text run at (0,7787) width 24: "\x{E40}\x{E2D}\x{E32}"
      text run at (0,7806) width 22: "\x{E21}\x{E37}\x{E2D}"
      text run at (0,7825) width 29: "\x{E17}\x{E32}\x{E1A}"
      text run at (0,7844) width 21: "\x{E2D}\x{E01}"
      text run at (0,7863) width 21: "\x{E17}\x{E38}\x{E01}"
      text run at (0,7882) width 27: "\x{E04}\x{E23}\x{E31}\x{E49}\x{E07}"
      text run at (0,7901) width 11: "\x{E17}\x{E35}\x{E48}"
      text run at (0,7920) width 32: "\x{E40}\x{E2A}\x{E35}\x{E22}\x{E07}"
      text run at (0,7939) width 22: "\x{E2D}\x{E31}\x{E19}"
      text run at (0,7958) width 18: "\x{E23}\x{E48}\x{E32}"
      text run at (0,7977) width 22: "\x{E40}\x{E23}\x{E34}\x{E07}"
      text run at (0,7996) width 28: "\x{E02}\x{E2D}\x{E07}"
      text run at (0,8015) width 20: "\x{E42}\x{E14}"
      text run at (0,8034) width 27: "\x{E42}\x{E23}\x{E18}"
      text run at (0,8052) width 0: "\x{E35}"
      text run at (0,8071) width 35: "\x{E40}\x{E02}\x{E49}\x{E32}\x{E2B}\x{E39}"
      text run at (0,8090) width 25: "\x{E40}\x{E18}\x{E2D}"
      text run at (0,8109) width 27: "\x{E41}\x{E25}\x{E30}"
      text run at (0,8128) width 25: "\x{E40}\x{E18}\x{E2D}"
      text run at (0,8147) width 24: "\x{E40}\x{E1D}\x{E49}\x{E32}"
      text run at (0,8166) width 29: "\x{E21}\x{E2D}\x{E07}"
      text run at (0,8185) width 26: "\x{E40}\x{E14}\x{E47}\x{E01}"
      text run at (0,8204) width 33: "\x{E2B}\x{E0D}\x{E34}\x{E07}"
      text run at (0,8223) width 31: "\x{E19}\x{E49}\x{E2D}\x{E22}"
      text run at (0,8242) width 10: "\x{E46}"
      text run at (0,8261) width 28: "\x{E14}\x{E49}\x{E27}\x{E22}"
      text run at (0,8280) width 38: "\x{E04}\x{E27}\x{E32}\x{E21}"
      text run at (0,8299) width 66: "\x{E1B}\x{E23}\x{E30}\x{E2B}\x{E25}\x{E32}\x{E14}"
      text run at (0,8318) width 16: "\x{E43}\x{E08}"
      text run at (0,8337) width 28: "\x{E14}\x{E49}\x{E27}\x{E22}"
      text run at (0,8356) width 17: "\x{E22}\x{E31}\x{E07}"
      text run at (0,8375) width 19: "\x{E2B}\x{E32}"
      text run at (0,8394) width 36: "\x{E2D}\x{E30}\x{E44}\x{E23}"
      text run at (0,8413) width 20: "\x{E21}\x{E32}"
      text run at (0,8432) width 26: "\x{E40}\x{E1B}\x{E47}\x{E19}"
      text run at (0,8451) width 32: "\x{E40}\x{E23}\x{E37}\x{E48}\x{E2D}\x{E07}"
      text run at (0,8470) width 50: "\x{E2B}\x{E31}\x{E27}\x{E40}\x{E23}\x{E32}\x{E30}"
      text run at (0,8489) width 19: "\x{E44}\x{E14}\x{E49}"
      text run at (0,8508) width 18: "\x{E25}\x{E38}\x{E07}"
      text run at (0,8527) width 16: "\x{E40}\x{E2E}"
      text run at (0,8546) width 20: "\x{E19}\x{E23}\x{E35}"
      text run at (0,8565) width 20: "\x{E44}\x{E21}\x{E48}"
      text run at (0,8584) width 25: "\x{E40}\x{E04}\x{E22}"
      text run at (0,8603) width 50: "\x{E2B}\x{E31}\x{E27}\x{E40}\x{E23}\x{E32}\x{E30}"
      text run at (0,8622) width 18: "\x{E25}\x{E38}\x{E07}"
      text run at (0,8641) width 46: "\x{E17}\x{E33}\x{E07}\x{E32}\x{E19}"
      text run at (0,8660) width 32: "\x{E2B}\x{E19}\x{E31}\x{E01}"
      text run at (0,8679) width 28: "\x{E08}\x{E32}\x{E01}"
      text run at (0,8698) width 24: "\x{E40}\x{E0A}\x{E49}\x{E32}"
      text run at (0,8717) width 20: "\x{E22}\x{E31}\x{E19}"
      text run at (0,8736) width 19: "\x{E04}\x{E48}\x{E33}"
      text run at (0,8755) width 27: "\x{E41}\x{E25}\x{E30}"
      text run at (0,8774) width 20: "\x{E44}\x{E21}\x{E48}"
      text run at (0,8793) width 25: "\x{E40}\x{E04}\x{E22}"
      text run at (0,8812) width 28: "\x{E23}\x{E39}\x{E49}\x{E08}\x{E31}\x{E01}"
      text run at (0,8831) width 17: "\x{E27}\x{E48}\x{E32}"
      text run at (0,8850) width 38: "\x{E04}\x{E27}\x{E32}\x{E21}"
      text run at (0,8869) width 39: "\x{E23}\x{E48}\x{E32}\x{E40}\x{E23}\x{E34}\x{E07}"
      text run at (0,8888) width 21: "\x{E04}\x{E37}\x{E2D}"
      text run at (0,8907) width 36: "\x{E2D}\x{E30}\x{E44}\x{E23}"
      text run at (0,8926) width 18: "\x{E25}\x{E38}\x{E07}"
      text run at (0,8945) width 11: "\x{E14}\x{E39}"
      text run at (0,8964) width 72: "\x{E2B}\x{E21}\x{E48}\x{E19}\x{E2B}\x{E21}\x{E2D}\x{E07}"
      text run at (0,8983) width 19: "\x{E44}\x{E1B}"
      text run at (0,9002) width 32: "\x{E2B}\x{E21}\x{E14}"
      text run at (0,9021) width 18: "\x{E15}\x{E31}\x{E49}\x{E07}"
      text run at (0,9040) width 20: "\x{E41}\x{E15}\x{E48}"
      text run at (0,9059) width 33: "\x{E40}\x{E04}\x{E23}\x{E32}"
      text run at (0,9078) width 26: "\x{E22}\x{E32}\x{E27}"
      text run at (0,9097) width 20: "\x{E08}\x{E19}"
      text run at (0,9116) width 19: "\x{E08}\x{E14}"
      text run at (0,9135) width 27: "\x{E23}\x{E2D}\x{E07}"
      text run at (0,9154) width 34: "\x{E40}\x{E17}\x{E49}\x{E32}\x{E1A}\x{E39}"
      text run at (0,9173) width 32: "\x{E15}\x{E2D}\x{E31}\x{E19}"
      text run at (0,9192) width 38: "\x{E2B}\x{E22}\x{E32}\x{E1A}"
      text run at (0,9211) width 27: "\x{E41}\x{E25}\x{E49}\x{E27}"
      text run at (0,9230) width 18: "\x{E25}\x{E38}\x{E07}"
      text run at (0,9249) width 11: "\x{E01}\x{E47}"
      text run at (0,9268) width 11: "\x{E14}\x{E39}"
      text run at (0,9287) width 62: "\x{E40}\x{E04}\x{E23}\x{E48}\x{E07}\x{E02}\x{E23}\x{E36}\x{E21}"
      text run at (0,9306) width 20: "\x{E19}\x{E48}\x{E32}"
      text run at (0,9325) width 32: "\x{E40}\x{E01}\x{E23}\x{E07}"
      text run at (0,9344) width 30: "\x{E02}\x{E32}\x{E21}"
      text run at (0,9363) width 20: "\x{E44}\x{E21}\x{E48}"
      text run at (0,9382) width 30: "\x{E04}\x{E48}\x{E2D}\x{E22}"
      text run at (0,9401) width 17: "\x{E08}\x{E30}"
      text run at (0,9420) width 23: "\x{E1E}\x{E39}\x{E14}"
      text run at (0,9439) width 11: "\x{E21}\x{E35}"
      text run at (0,9458) width 20: "\x{E42}\x{E15}"
      text run at (0,9477) width 20: "\x{E42}\x{E15}\x{E49}"
      text run at (0,9496) width 11: "\x{E17}\x{E35}\x{E48}"
      text run at (0,9515) width 20: "\x{E17}\x{E33}"
      text run at (0,9534) width 18: "\x{E43}\x{E2B}\x{E49}"
      text run at (0,9553) width 20: "\x{E42}\x{E14}"
      text run at (0,9572) width 27: "\x{E42}\x{E23}\x{E18}"
      text run at (0,9590) width 0: "\x{E35}"
      text run at (0,9609) width 50: "\x{E2B}\x{E31}\x{E27}\x{E40}\x{E23}\x{E32}\x{E30}"
      text run at (0,9628) width 19: "\x{E44}\x{E14}\x{E49}"
      text run at (0,9647) width 27: "\x{E41}\x{E25}\x{E30}"
      text run at (0,9666) width 28: "\x{E0A}\x{E48}\x{E27}\x{E22}"
      text run at (0,9685) width 25: "\x{E40}\x{E18}\x{E2D}"
      text run at (0,9704) width 18: "\x{E43}\x{E2B}\x{E49}"
      text run at (0,9723) width 23: "\x{E1E}\x{E49}\x{E19}"
      text run at (0,9742) width 28: "\x{E08}\x{E32}\x{E01}"
      text run at (0,9761) width 28: "\x{E01}\x{E32}\x{E23}"
      text run at (0,9780) width 38: "\x{E01}\x{E25}\x{E32}\x{E22}"
      text run at (0,9799) width 26: "\x{E40}\x{E1B}\x{E47}\x{E19}"
      text run at (0,9818) width 10: "\x{E2A}\x{E35}"
      text run at (0,9837) width 25: "\x{E40}\x{E17}\x{E32}"
      text run at (0,9856) width 32: "\x{E2B}\x{E21}\x{E48}\x{E19}"
      text run at (0,9875) width 48: "\x{E40}\x{E2B}\x{E21}\x{E37}\x{E2D}\x{E19}"
      text run at (0,9894) width 20: "\x{E01}\x{E31}\x{E1A}"
      text run at (0,9913) width 18: "\x{E2A}\x{E34}\x{E48}\x{E07}"
      text run at (0,9932) width 29: "\x{E23}\x{E2D}\x{E1A}"
      text run at (0,9951) width 19: "\x{E15}\x{E31}\x{E27}"
      text run at (0,9970) width 22: "\x{E2D}\x{E37}\x{E48}\x{E19}"
      text run at (0,9989) width 10: "\x{E46}"
      text run at (0,10008) width 20: "\x{E42}\x{E15}"
      text run at (0,10027) width 20: "\x{E42}\x{E15}\x{E49}"
      text run at (0,10046) width 10: "\x{E2A}\x{E35}"
      text run at (0,10065) width 20: "\x{E44}\x{E21}\x{E48}"
      text run at (0,10084) width 25: "\x{E40}\x{E17}\x{E32}"
      text run at (0,10103) width 32: "\x{E2B}\x{E21}\x{E48}\x{E19}"
      text run at (0,10122) width 20: "\x{E41}\x{E15}\x{E48}"
      text run at (0,10141) width 22: "\x{E21}\x{E31}\x{E19}"
      text run at (0,10160) width 26: "\x{E40}\x{E1B}\x{E47}\x{E19}"
      text run at (0,10179) width 30: "\x{E2B}\x{E21}\x{E32}"
      text run at (0,10198) width 10: "\x{E2A}\x{E35}"
      text run at (0,10217) width 19: "\x{E14}\x{E33}"
      text run at (0,10236) width 19: "\x{E15}\x{E31}\x{E27}"
      text run at (0,10255) width 31: "\x{E19}\x{E49}\x{E2D}\x{E22}"
      text run at (0,10274) width 10: "\x{E46}"
      text run at (0,10293) width 21: "\x{E02}\x{E19}"
      text run at (0,10312) width 26: "\x{E22}\x{E32}\x{E27}"
      text run at (0,10331) width 19: "\x{E1B}\x{E38}\x{E22}"
      text run at (0,10350) width 46: "\x{E23}\x{E32}\x{E27}\x{E01}\x{E31}\x{E1A}"
      text run at (0,10369) width 30: "\x{E44}\x{E2B}\x{E21}"
      text run at (0,10388) width 11: "\x{E21}\x{E35}"
      text run at (0,10407) width 19: "\x{E15}\x{E32}"
      text run at (0,10426) width 19: "\x{E14}\x{E33}"
      text run at (0,10445) width 26: "\x{E40}\x{E25}\x{E47}\x{E01}"
      text run at (0,10464) width 26: "\x{E40}\x{E1B}\x{E47}\x{E19}"
      text run at (0,10483) width 55: "\x{E1B}\x{E23}\x{E30}\x{E01}\x{E32}\x{E22}"
      text run at (0,10502) width 42: "\x{E23}\x{E37}\x{E48}\x{E19}\x{E40}\x{E23}\x{E34}\x{E07}"
      text run at (0,10521) width 20: "\x{E2D}\x{E22}\x{E39}\x{E48}"
      text run at (0,10540) width 28: "\x{E2A}\x{E2D}\x{E07}"
      text run at (0,10559) width 27: "\x{E02}\x{E49}\x{E32}\x{E07}"
      text run at (0,10578) width 30: "\x{E08}\x{E21}\x{E39}\x{E01}"
      text run at (0,10597) width 26: "\x{E40}\x{E25}\x{E47}\x{E01}"
      text run at (0,10616) width 22: "\x{E2D}\x{E31}\x{E19}"
      text run at (0,10635) width 20: "\x{E19}\x{E48}\x{E32}"
      text run at (0,10654) width 21: "\x{E02}\x{E31}\x{E19}"
      text run at (0,10673) width 28: "\x{E02}\x{E2D}\x{E07}"
      text run at (0,10692) width 22: "\x{E21}\x{E31}\x{E19}"
      text run at (0,10711) width 20: "\x{E42}\x{E15}"
      text run at (0,10730) width 20: "\x{E42}\x{E15}\x{E49}"
      text run at (0,10749) width 26: "\x{E40}\x{E25}\x{E48}\x{E19}"
      text run at (0,10768) width 19: "\x{E17}\x{E31}\x{E49}\x{E07}"
      text run at (0,10787) width 20: "\x{E27}\x{E31}\x{E19}"
      text run at (0,10806) width 27: "\x{E41}\x{E25}\x{E30}"
      text run at (0,10825) width 20: "\x{E42}\x{E14}"
      text run at (0,10844) width 27: "\x{E42}\x{E23}\x{E18}"
      text run at (0,10862) width 0: "\x{E35}"
      text run at (0,10881) width 11: "\x{E01}\x{E47}"
      text run at (0,10900) width 15: "\x{E40}\x{E25}\x{E48}"
      text run at (0,10919) width 31: "\x{E19}\x{E01}\x{E31}\x{E1A}"
      text run at (0,10938) width 22: "\x{E21}\x{E31}\x{E19}"
      text run at (0,10957) width 27: "\x{E41}\x{E25}\x{E30}"
      text run at (0,10976) width 19: "\x{E23}\x{E31}\x{E01}"
      text run at (0,10995) width 22: "\x{E21}\x{E31}\x{E19}"
      text run at (0,11014) width 36: "\x{E40}\x{E2B}\x{E25}\x{E37}\x{E2D}"
      text run at (0,11033) width 27: "\x{E40}\x{E01}\x{E34}\x{E19}"
      text run at (0,11052) width 53: "\x{E2D}\x{E22}\x{E48}\x{E32}\x{E07}\x{E44}\x{E23}"
      text run at (0,11071) width 40: "\x{E01}\x{E47}\x{E15}\x{E32}\x{E21}"
      text run at (0,11090) width 20: "\x{E27}\x{E31}\x{E19}"
      text run at (0,11109) width 11: "\x{E19}\x{E35}\x{E49}"
      text run at (0,11128) width 19: "\x{E17}\x{E31}\x{E49}\x{E07}"
      text run at (0,11147) width 11: "\x{E04}\x{E39}\x{E48}"
      text run at (0,11166) width 20: "\x{E44}\x{E21}\x{E48}"
      text run at (0,11185) width 19: "\x{E44}\x{E14}\x{E49}"
      text run at (0,11204) width 26: "\x{E40}\x{E25}\x{E48}\x{E19}"
      text run at (0,11223) width 18: "\x{E25}\x{E38}\x{E07}"
      text run at (0,11242) width 16: "\x{E40}\x{E2E}"
      text run at (0,11261) width 20: "\x{E19}\x{E23}\x{E35}"
      text run at (0,11280) width 19: "\x{E19}\x{E31}\x{E48}\x{E07}"
      text run at (0,11299) width 20: "\x{E2D}\x{E22}\x{E39}\x{E48}"
      text run at (0,11318) width 11: "\x{E17}\x{E35}\x{E48}"
      text run at (0,11337) width 40: "\x{E1A}\x{E31}\x{E19}\x{E44}\x{E14}"
      text run at (0,11356) width 37: "\x{E1B}\x{E23}\x{E30}\x{E15}\x{E39}"
      text run at (0,11375) width 27: "\x{E41}\x{E25}\x{E30}"
      text run at (0,11394) width 24: "\x{E40}\x{E1D}\x{E49}\x{E32}"
      text run at (0,11413) width 36: "\x{E01}\x{E31}\x{E07}\x{E27}\x{E25}"
      text run at (0,11432) width 27: "\x{E08}\x{E49}\x{E2D}\x{E07}"
      text run at (0,11451) width 11: "\x{E14}\x{E39}"
      text run at (0,11470) width 49: "\x{E17}\x{E49}\x{E2D}\x{E07}\x{E1F}\x{E49}\x{E32}"
      text run at (0,11489) width 10: "\x{E2A}\x{E35}"
      text run at (0,11508) width 25: "\x{E40}\x{E17}\x{E32}"
      text run at (0,11527) width 32: "\x{E2B}\x{E21}\x{E48}\x{E19}"
      text run at (0,11546) width 21: "\x{E1C}\x{E34}\x{E14}"
      text run at (0,11565) width 31: "\x{E1B}\x{E01}\x{E15}\x{E34}"
      text run at (0,11584) width 20: "\x{E42}\x{E14}"
      text run at (0,11603) width 27: "\x{E42}\x{E23}\x{E18}"
      text run at (0,11621) width 0: "\x{E35}"
      text run at (0,11640) width 20: "\x{E22}\x{E37}\x{E19}"
      text run at (0,11659) width 11: "\x{E17}\x{E35}\x{E48}"
      text run at (0,11678) width 37: "\x{E1B}\x{E23}\x{E30}\x{E15}\x{E39}"
      text run at (0,11697) width 31: "\x{E01}\x{E2D}\x{E14}"
      text run at (0,11716) width 20: "\x{E42}\x{E15}"
      text run at (0,11735) width 20: "\x{E42}\x{E15}\x{E49}"
      text run at (0,11754) width 18: "\x{E44}\x{E27}\x{E49}"
      text run at (0,11773) width 19: "\x{E43}\x{E19}"
      text run at (0,11792) width 32: "\x{E2D}\x{E49}\x{E2D}\x{E21}"
      text run at (0,11811) width 30: "\x{E41}\x{E02}\x{E19}"
      text run at (0,11830) width 27: "\x{E41}\x{E25}\x{E30}"
      text run at (0,11849) width 11: "\x{E01}\x{E47}"
      text run at (0,11868) width 29: "\x{E21}\x{E2D}\x{E07}"
      text run at (0,11887) width 11: "\x{E14}\x{E39}"
      text run at (0,11906) width 49: "\x{E17}\x{E49}\x{E2D}\x{E07}\x{E1F}\x{E49}\x{E32}"
      text run at (0,11925) width 20: "\x{E2D}\x{E22}\x{E39}\x{E48}"
      text run at (0,11944) width 48: "\x{E40}\x{E2B}\x{E21}\x{E37}\x{E2D}\x{E19}"
      text run at (0,11963) width 21: "\x{E01}\x{E31}\x{E19}"
      text run at (0,11982) width 19: "\x{E1B}\x{E49}\x{E32}"
      text run at (0,12001) width 27: "\x{E40}\x{E2D}\x{E47}\x{E21}"
      text run at (0,12020) width 36: "\x{E01}\x{E33}\x{E25}\x{E31}\x{E07}"
      text run at (0,12039) width 26: "\x{E25}\x{E49}\x{E32}\x{E07}"
      text run at (0,12058) width 30: "\x{E0A}\x{E32}\x{E21}"
      text run at (0,12077) width 20: "\x{E2D}\x{E22}\x{E39}\x{E48}"
      text run at (0,12096) width 28: "\x{E08}\x{E32}\x{E01}"
      text run at (0,12115) width 30: "\x{E14}\x{E49}\x{E32}\x{E19}"
      text run at (0,12134) width 37: "\x{E40}\x{E2B}\x{E19}\x{E37}\x{E2D}"
      text run at (0,12153) width 29: "\x{E44}\x{E01}\x{E25}"
      text run at (0,12172) width 31: "\x{E2D}\x{E2D}\x{E01}"
      text run at (0,12191) width 19: "\x{E44}\x{E1B}"
      text run at (0,12210) width 11: "\x{E21}\x{E35}"
      text run at (0,12229) width 32: "\x{E40}\x{E2A}\x{E35}\x{E22}\x{E07}"
      text run at (0,12248) width 21: "\x{E25}\x{E21}"
      text run at (0,12267) width 36: "\x{E04}\x{E23}\x{E32}\x{E07}"
      text run at (0,12286) width 28: "\x{E41}\x{E1C}\x{E48}\x{E27}"
      text run at (0,12305) width 24: "\x{E40}\x{E1A}\x{E32}"
      text run at (0,12324) width 39: "\x{E44}\x{E14}\x{E49}\x{E22}\x{E34}\x{E19}"
      text run at (0,12343) width 20: "\x{E21}\x{E32}"
      text run at (0,12362) width 18: "\x{E25}\x{E38}\x{E07}"
      text run at (0,12381) width 16: "\x{E40}\x{E2E}"
      text run at (0,12400) width 20: "\x{E19}\x{E23}\x{E35}"
      text run at (0,12419) width 27: "\x{E41}\x{E25}\x{E30}"
      text run at (0,12438) width 20: "\x{E42}\x{E14}"
      text run at (0,12457) width 27: "\x{E42}\x{E23}\x{E18}"
      text run at (0,12475) width 0: "\x{E35}"
      text run at (0,12494) width 27: "\x{E40}\x{E2B}\x{E47}\x{E19}"
      text run at (0,12513) width 22: "\x{E15}\x{E49}\x{E19}"
      text run at (0,12532) width 34: "\x{E2B}\x{E0D}\x{E49}\x{E32}"
      text run at (0,12551) width 18: "\x{E2A}\x{E39}\x{E07}"
      text run at (0,12570) width 27: "\x{E40}\x{E2D}\x{E19}"
      text run at (0,12589) width 26: "\x{E40}\x{E1B}\x{E47}\x{E19}"
      text run at (0,12608) width 31: "\x{E04}\x{E25}\x{E37}\x{E48}\x{E19}"
      text run at (0,12627) width 21: "\x{E01}\x{E48}\x{E2D}"
      text run at (0,12646) width 22: "\x{E19}\x{E17}\x{E35}"
      text run at (0,12664) width 0: "\x{E48}"
      text run at (0,12683) width 30: "\x{E1E}\x{E32}\x{E22}\x{E38}"
      text run at (0,12702) width 17: "\x{E08}\x{E30}"
      text run at (0,12721) width 37: "\x{E21}\x{E32}\x{E16}\x{E36}\x{E07}"
      text run at (0,12740) width 27: "\x{E41}\x{E25}\x{E49}\x{E27}"
      text run at (0,12759) width 11: "\x{E01}\x{E47}"
      text run at (0,12778) width 11: "\x{E21}\x{E35}"
      text run at (0,12797) width 32: "\x{E40}\x{E2A}\x{E35}\x{E22}\x{E07}"
      text run at (0,12816) width 30: "\x{E2B}\x{E27}\x{E35}\x{E14}"
      text run at (0,12835) width 28: "\x{E2B}\x{E27}\x{E34}\x{E27}"
      text run at (0,12854) width 45: "\x{E0A}\x{E31}\x{E14}\x{E40}\x{E08}\x{E19}"
      text run at (0,12873) width 20: "\x{E21}\x{E32}"
      text run at (0,12892) width 28: "\x{E08}\x{E32}\x{E01}"
      text run at (0,12911) width 74: "\x{E1A}\x{E23}\x{E23}\x{E22}\x{E32}\x{E01}\x{E32}\x{E28}"
      text run at (0,12930) width 27: "\x{E17}\x{E32}\x{E07}"
      text run at (0,12949) width 18: "\x{E43}\x{E15}\x{E49}"
      text run at (0,12968) width 27: "\x{E41}\x{E25}\x{E30}"
      text run at (0,12987) width 27: "\x{E40}\x{E21}\x{E37}\x{E48}\x{E2D}"
      text run at (0,13006) width 46: "\x{E40}\x{E2B}\x{E25}\x{E37}\x{E2D}\x{E1A}"
      text run at (0,13025) width 19: "\x{E15}\x{E32}"
      text run at (0,13044) width 19: "\x{E44}\x{E1B}"
      text run at (0,13063) width 27: "\x{E17}\x{E32}\x{E07}"
      text run at (0,13082) width 30: "\x{E14}\x{E49}\x{E32}\x{E19}"
      text run at (0,13101) width 22: "\x{E19}\x{E31}\x{E49}\x{E19}"
      text run at (0,13120) width 11: "\x{E01}\x{E47}"
      text run at (0,13139) width 27: "\x{E40}\x{E2B}\x{E47}\x{E19}"
      text run at (0,13158) width 31: "\x{E04}\x{E25}\x{E37}\x{E48}\x{E19}"
      text run at (0,13177) width 34: "\x{E2B}\x{E0D}\x{E49}\x{E32}"
      text run at (0,13196) width 20: "\x{E21}\x{E32}"
      text run at (0,13215) width 27: "\x{E17}\x{E32}\x{E07}"
      text run at (0,13234) width 30: "\x{E14}\x{E49}\x{E32}\x{E19}"
      text run at (0,13253) width 22: "\x{E19}\x{E31}\x{E49}\x{E19}"
      text run at (0,13272) width 28: "\x{E14}\x{E49}\x{E27}\x{E22}"
      text run at (0,13291) width 18: "\x{E25}\x{E38}\x{E07}"
      text run at (0,13310) width 16: "\x{E40}\x{E2E}"
      text run at (0,13329) width 20: "\x{E19}\x{E23}\x{E35}"
      text run at (0,13348) width 21: "\x{E1C}\x{E38}\x{E14}"
      text run at (0,13367) width 20: "\x{E25}\x{E38}\x{E01}"
      text run at (0,13386) width 21: "\x{E02}\x{E36}\x{E49}\x{E19}"
      text run at (0,13405) width 40: "\x{E17}\x{E31}\x{E19}\x{E43}\x{E14}"
      text run at (0,13424) width 28: "\"\x{E25}\x{E21}"
      text run at (0,13443) width 59: "\x{E44}\x{E0B}\x{E42}\x{E04}\x{E25}\x{E19}"
      text run at (0,13462) width 20: "\x{E21}\x{E32}"
      text run at (0,13481) width 34: "\x{E40}\x{E2D}\x{E47}\x{E21}\""
      text run at (0,13500) width 18: "\x{E25}\x{E38}\x{E07}"
      text run at (0,13519) width 27: "\x{E23}\x{E49}\x{E2D}\x{E07}"
      text run at (0,13538) width 30: "\x{E1A}\x{E2D}\x{E01}"
      text run at (0,13557) width 46: "\x{E20}\x{E23}\x{E23}\x{E22}\x{E32}"
      text run at (0,13576) width 26: "\"\x{E02}\x{E49}\x{E32}"
      text run at (0,13595) width 17: "\x{E08}\x{E30}"
      text run at (0,13614) width 19: "\x{E44}\x{E1B}"
      text run at (0,13633) width 11: "\x{E14}\x{E39}"
      text run at (0,13652) width 29: "\x{E2A}\x{E31}\x{E15}\x{E27}\x{E4C}"
      text run at (0,13671) width 32: "\x{E40}\x{E25}\x{E35}\x{E49}\x{E22}\x{E07}"
      text run at (0,13690) width 48: "\x{E2B}\x{E19}\x{E48}\x{E2D}\x{E22}\""
      text run at (0,13709) width 27: "\x{E41}\x{E25}\x{E49}\x{E27}"
      text run at (0,13728) width 18: "\x{E25}\x{E38}\x{E07}"
      text run at (0,13747) width 11: "\x{E01}\x{E47}"
      text run at (0,13766) width 16: "\x{E27}\x{E34}\x{E48}\x{E07}"
      text run at (0,13785) width 19: "\x{E44}\x{E1B}"
      text run at (0,13804) width 17: "\x{E22}\x{E31}\x{E07}"
      text run at (0,13823) width 25: "\x{E40}\x{E1E}\x{E34}\x{E07}"
      text run at (0,13842) width 11: "\x{E17}\x{E35}\x{E48}"
      text run at (0,13861) width 17: "\x{E27}\x{E31}\x{E27}"
      text run at (0,13880) width 27: "\x{E41}\x{E25}\x{E30}"
      text run at (0,13899) width 20: "\x{E21}\x{E49}\x{E32}"
      text run at (0,13918) width 39: "\x{E2D}\x{E32}\x{E28}\x{E31}\x{E22}"
      text run at (0,13937) width 20: "\x{E2D}\x{E22}\x{E39}\x{E48}"
      text run at (0,13956) width 19: "\x{E1B}\x{E49}\x{E32}"
      text run at (0,13975) width 27: "\x{E40}\x{E2D}\x{E47}\x{E21}"
      text run at (0,13994) width 30: "\x{E2B}\x{E22}\x{E38}\x{E14}"
      text run at (0,14013) width 46: "\x{E17}\x{E33}\x{E07}\x{E32}\x{E19}"
      text run at (0,14032) width 27: "\x{E41}\x{E25}\x{E30}"
      text run at (0,14051) width 20: "\x{E21}\x{E32}"
      text run at (0,14070) width 11: "\x{E17}\x{E35}\x{E48}"
      text run at (0,14089) width 37: "\x{E1B}\x{E23}\x{E30}\x{E15}\x{E39}"
      text run at (0,14108) width 34: "\x{E40}\x{E1E}\x{E35}\x{E22}\x{E07}"
      text run at (0,14127) width 47: "\x{E0A}\x{E32}\x{E22}\x{E15}\x{E32}"
      text run at (0,14146) width 29: "\x{E21}\x{E2D}\x{E07}"
      text run at (0,14165) width 19: "\x{E1B}\x{E49}\x{E32}"
      text run at (0,14184) width 11: "\x{E01}\x{E47}"
      text run at (0,14203) width 30: "\x{E1A}\x{E2D}\x{E01}"
      text run at (0,14222) width 19: "\x{E44}\x{E14}\x{E49}"
      text run at (0,14241) width 17: "\x{E27}\x{E48}\x{E32}"
      text run at (0,14260) width 58: "\x{E2D}\x{E31}\x{E19}\x{E15}\x{E23}\x{E32}\x{E22}"
      text run at (0,14279) width 20: "\x{E21}\x{E32}"
      text run at (0,14298) width 18: "\x{E16}\x{E36}\x{E07}"
      text run at (0,14317) width 27: "\x{E41}\x{E25}\x{E49}\x{E27}"
      text run at (0,14336) width 30: "\"\x{E40}\x{E23}\x{E47}\x{E27}"
      text run at (0,14355) width 20: "\x{E42}\x{E14}"
      text run at (0,14374) width 27: "\x{E42}\x{E23}\x{E18}"
      text run at (0,14392) width 12: "\x{E35}!\""
      text run at (0,14411) width 19: "\x{E1B}\x{E49}\x{E32}"
      text run at (0,14430) width 49: "\x{E15}\x{E30}\x{E42}\x{E01}\x{E19}"
      text run at (0,14449) width 23: "\"\x{E27}\x{E34}\x{E48}\x{E07}"
      text run at (0,14468) width 19: "\x{E44}\x{E1B}"
      text run at (0,14487) width 29: "\x{E2B}\x{E49}\x{E2D}\x{E07}"
      text run at (0,14506) width 46: "\x{E43}\x{E15}\x{E49}\x{E16}\x{E38}\x{E19}\""
      text run at (0,14525) width 20: "\x{E42}\x{E15}"
      text run at (0,14544) width 20: "\x{E42}\x{E15}\x{E49}"
      text run at (0,14563) width 31: "\x{E1C}\x{E25}\x{E38}\x{E19}"
      text run at (0,14582) width 57: "\x{E01}\x{E23}\x{E30}\x{E42}\x{E14}\x{E14}"
      text run at (0,14601) width 18: "\x{E25}\x{E07}"
      text run at (0,14620) width 28: "\x{E08}\x{E32}\x{E01}"
      text run at (0,14639) width 32: "\x{E2D}\x{E49}\x{E2D}\x{E21}"
      text run at (0,14658) width 49: "\x{E41}\x{E02}\x{E19}\x{E42}\x{E14}"
      text run at (0,14677) width 27: "\x{E42}\x{E23}\x{E18}"
      text run at (0,14695) width 0: "\x{E35}"
      text run at (0,14714) width 27: "\x{E41}\x{E25}\x{E49}\x{E27}"
      text run at (0,14733) width 42: "\x{E40}\x{E02}\x{E49}\x{E32}\x{E44}\x{E1B}"
      text run at (0,14752) width 32: "\x{E0B}\x{E48}\x{E2D}\x{E19}"
      text run at (0,14771) width 20: "\x{E2D}\x{E22}\x{E39}\x{E48}"
      text run at (0,14790) width 18: "\x{E43}\x{E15}\x{E49}"
      text run at (0,14809) width 33: "\x{E40}\x{E15}\x{E35}\x{E22}\x{E07}"
      text run at (0,14828) width 26: "\x{E40}\x{E14}\x{E47}\x{E01}"
      text run at (0,14847) width 33: "\x{E2B}\x{E0D}\x{E34}\x{E07}"
      text run at (0,14866) width 31: "\x{E19}\x{E49}\x{E2D}\x{E22}"
      text run at (0,14885) width 42: "\x{E40}\x{E02}\x{E49}\x{E32}\x{E44}\x{E1B}"
      text run at (0,14904) width 18: "\x{E14}\x{E36}\x{E07}"
      text run at (0,14923) width 22: "\x{E21}\x{E31}\x{E19}"
      text run at (0,14942) width 31: "\x{E2D}\x{E2D}\x{E01}"
      text run at (0,14961) width 20: "\x{E21}\x{E32}"
      text run at (0,14980) width 19: "\x{E1B}\x{E49}\x{E32}"
      text run at (0,14999) width 16: "\x{E40}\x{E2D}\x{E47}"
      text run at (0,15018) width 30: "\x{E21}\x{E01}\x{E23}"
      text run at (0,15037) width 9: "\x{E30}"
      text run at (0,15056) width 29: "\x{E0A}\x{E32}\x{E01}"
      text run at (0,15075) width 19: "\x{E1D}\x{E32}"
      text run at (0,15094) width 11: "\x{E17}\x{E35}\x{E48}"
      text run at (0,15113) width 23: "\x{E1E}\x{E37}\x{E49}\x{E19}"
      text run at (0,15132) width 31: "\x{E2D}\x{E2D}\x{E01}"
      text run at (0,15151) width 36: "\x{E2D}\x{E22}\x{E48}\x{E32}\x{E07}"
      text run at (0,15170) width 21: "\x{E2D}\x{E01}"
      text run at (0,15189) width 21: "\x{E2A}\x{E31}\x{E48}\x{E19}"
      text run at (0,15208) width 33: "\x{E02}\x{E27}\x{E31}\x{E0D}"
      text run at (0,15227) width 28: "\x{E2B}\x{E32}\x{E22}"
      text run at (0,15246) width 21: "\x{E1B}\x{E35}\x{E19}"
      text run at (0,15265) width 40: "\x{E1A}\x{E31}\x{E19}\x{E44}\x{E14}"
      text run at (0,15284) width 20: "\x{E44}\x{E21}\x{E49}"
      text run at (0,15303) width 18: "\x{E25}\x{E07}"
      text run at (0,15322) width 19: "\x{E44}\x{E1B}"
      text run at (0,15341) width 19: "\x{E43}\x{E19}"
      text run at (0,15360) width 38: "\x{E42}\x{E1E}\x{E23}\x{E07}"
      text run at (0,15379) width 26: "\x{E40}\x{E25}\x{E47}\x{E01}"
      text run at (0,15398) width 22: "\x{E2D}\x{E31}\x{E19}"
      text run at (0,15417) width 22: "\x{E21}\x{E37}\x{E14}"
      text run at (0,15436) width 21: "\x{E17}\x{E36}\x{E1A}"
      text run at (0,15455) width 20: "\x{E42}\x{E14}"
      text run at (0,15474) width 27: "\x{E42}\x{E23}\x{E18}"
      text run at (0,15492) width 0: "\x{E35}"
      text run at (0,15511) width 19: "\x{E08}\x{E31}\x{E1A}"
      text run at (0,15530) width 20: "\x{E42}\x{E15}"
      text run at (0,15549) width 20: "\x{E42}\x{E15}\x{E49}"
      text run at (0,15568) width 19: "\x{E44}\x{E14}\x{E49}"
      text run at (0,15587) width 19: "\x{E43}\x{E19}"
      text run at (0,15606) width 31: "\x{E17}\x{E35}\x{E48}\x{E2A}\x{E38}\x{E14}"
      text run at (0,15625) width 27: "\x{E41}\x{E25}\x{E30}"
      text run at (0,15644) width 16: "\x{E27}\x{E34}\x{E48}\x{E07}"
      text run at (0,15663) width 30: "\x{E15}\x{E32}\x{E21}"
      text run at (0,15682) width 19: "\x{E1B}\x{E49}\x{E32}"
      text run at (0,15701) width 25: "\x{E40}\x{E18}\x{E2D}"
      text run at (0,15720) width 19: "\x{E44}\x{E1B}"
      text run at (0,15739) width 27: "\x{E40}\x{E21}\x{E37}\x{E48}\x{E2D}"
      text run at (0,15758) width 25: "\x{E40}\x{E18}\x{E2D}"
      text run at (0,15777) width 20: "\x{E21}\x{E32}"
      text run at (0,15796) width 19: "\x{E44}\x{E14}\x{E49}"
      text run at (0,15815) width 27: "\x{E04}\x{E23}\x{E36}\x{E48}\x{E07}"
      text run at (0,15834) width 29: "\x{E2B}\x{E49}\x{E2D}\x{E07}"
      text run at (0,15853) width 11: "\x{E01}\x{E47}"
      text run at (0,15872) width 11: "\x{E21}\x{E35}"
      text run at (0,15891) width 32: "\x{E40}\x{E2A}\x{E35}\x{E22}\x{E07}"
      text run at (0,15910) width 30: "\x{E2B}\x{E27}\x{E35}\x{E14}"
      text run at (0,15929) width 29: "\x{E2B}\x{E27}\x{E37}\x{E2D}"
      text run at (0,15948) width 29: "\x{E2A}\x{E48}\x{E27}\x{E19}"
      text run at (0,15967) width 29: "\x{E1A}\x{E49}\x{E32}\x{E19}"
      text run at (0,15986) width 11: "\x{E01}\x{E47}"
      text run at (0,16005) width 21: "\x{E2A}\x{E31}\x{E48}\x{E19}"
      text run at (0,16024) width 36: "\x{E2D}\x{E22}\x{E48}\x{E32}\x{E07}"
      text run at (0,16043) width 26: "\x{E41}\x{E23}\x{E07}"
      text run at (0,16062) width 20: "\x{E08}\x{E19}"
      text run at (0,16081) width 25: "\x{E40}\x{E18}\x{E2D}"
      text run at (0,16100) width 21: "\x{E2B}\x{E01}"
      text run at (0,16119) width 38: "\x{E04}\x{E30}\x{E21}\x{E33}"
      text run at (0,16138) width 19: "\x{E19}\x{E31}\x{E48}\x{E07}"
      text run at (0,16157) width 17: "\x{E08}\x{E49}\x{E33}"
      text run at (0,16176) width 24: "\x{E40}\x{E1A}\x{E49}\x{E32}"
      text run at (0,16195) width 20: "\x{E2D}\x{E22}\x{E39}\x{E48}"
      text run at (0,16214) width 20: "\x{E01}\x{E31}\x{E1A}"
      text run at (0,16233) width 23: "\x{E1E}\x{E37}\x{E49}\x{E19}"
      text run at (0,16252) width 27: "\x{E41}\x{E25}\x{E49}\x{E27}"
      text run at (0,16271) width 18: "\x{E2A}\x{E34}\x{E48}\x{E07}"
      text run at (0,16290) width 66: "\x{E1B}\x{E23}\x{E30}\x{E2B}\x{E25}\x{E32}\x{E14}"
      text run at (0,16309) width 11: "\x{E01}\x{E47}"
      text run at (0,16328) width 26: "\x{E40}\x{E01}\x{E34}\x{E14}"
      text run at (0,16347) width 21: "\x{E02}\x{E36}\x{E49}\x{E19}"
      text run at (0,16366) width 29: "\x{E1A}\x{E49}\x{E32}\x{E19}"
      text run at (0,16385) width 32: "\x{E2B}\x{E21}\x{E38}\x{E19}"
      text run at (0,16404) width 19: "\x{E44}\x{E1B}"
      text run at (0,16423) width 32: "\x{E2B}\x{E21}\x{E38}\x{E19}"
      text run at (0,16442) width 29: "\x{E21}\x{E32}\x{E2A}"
      text run at (0,16461) width 18: "\x{E2D}\x{E07}"
      text run at (0,16480) width 29: "\x{E2A}\x{E32}\x{E21}"
      text run at (0,16499) width 29: "\x{E23}\x{E2D}\x{E1A}"
      text run at (0,16518) width 27: "\x{E41}\x{E25}\x{E49}\x{E27}"
      text run at (0,16537) width 11: "\x{E01}\x{E47}"
      text run at (0,16556) width 29: "\x{E25}\x{E2D}\x{E22}"
      text run at (0,16575) width 21: "\x{E02}\x{E36}\x{E49}\x{E19}"
      text run at (0,16594) width 10: "\x{E2A}\x{E39}\x{E48}"
      text run at (0,16613) width 48: "\x{E2D}\x{E32}\x{E01}\x{E32}\x{E28}"
      text run at (0,16632) width 36: "\x{E2D}\x{E22}\x{E48}\x{E32}\x{E07}"
      text run at (0,16651) width 28: "\x{E0A}\x{E49}\x{E32}\x{E46}"
      text run at (0,16670) width 20: "\x{E42}\x{E14}"
      text run at (0,16689) width 27: "\x{E42}\x{E23}\x{E18}"
      text run at (0,16707) width 0: "\x{E35}"
      text run at (0,16726) width 29: "\x{E23}\x{E39}\x{E49}\x{E2A}\x{E36}\x{E01}"
      text run at (0,16745) width 46: "\x{E23}\x{E32}\x{E27}\x{E01}\x{E31}\x{E1A}"
      text run at (0,16764) width 17: "\x{E27}\x{E48}\x{E32}"
      text run at (0,16783) width 25: "\x{E40}\x{E18}\x{E2D}"
      text run at (0,16802) width 19: "\x{E44}\x{E14}\x{E49}"
      text run at (0,16821) width 21: "\x{E02}\x{E36}\x{E49}\x{E19}"
      text run at (0,16840) width 19: "\x{E44}\x{E1B}"
      text run at (0,16859) width 20: "\x{E01}\x{E31}\x{E1A}"
      text run at (0,16878) width 20: "\x{E25}\x{E39}\x{E01}"
      text run at (0,16897) width 50: "\x{E1A}\x{E2D}\x{E25}\x{E25}\x{E39}\x{E19}"
      text run at (0,16916) width 30: "\x{E1E}\x{E32}\x{E22}\x{E38}"
      text run at (0,16935) width 37: "\x{E40}\x{E2B}\x{E19}\x{E37}\x{E2D}"
      text run at (0,16954) width 20: "\x{E01}\x{E31}\x{E1A}"
      text run at (0,16973) width 30: "\x{E1E}\x{E32}\x{E22}\x{E38}"
      text run at (0,16992) width 18: "\x{E43}\x{E15}\x{E49}"
      text run at (0,17011) width 20: "\x{E21}\x{E32}"
      text run at (0,17030) width 22: "\x{E1E}\x{E1A}"
      text run at (0,17049) width 21: "\x{E01}\x{E31}\x{E19}"
      text run at (0,17068) width 27: "\x{E15}\x{E23}\x{E07}"
      text run at (0,17087) width 11: "\x{E17}\x{E35}\x{E48}"
      text run at (0,17106) width 29: "\x{E1A}\x{E49}\x{E32}\x{E19}"
      text run at (0,17125) width 33: "\x{E1E}\x{E2D}\x{E14}\x{E35}"
      text run at (0,17144) width 27: "\x{E41}\x{E25}\x{E30}"
      text run at (0,17163) width 37: "\x{E17}\x{E33}\x{E43}\x{E2B}\x{E49}"
      text run at (0,17182) width 27: "\x{E15}\x{E23}\x{E07}"
      text run at (0,17201) width 22: "\x{E19}\x{E31}\x{E49}\x{E19}"
      text run at (0,17220) width 26: "\x{E40}\x{E1B}\x{E47}\x{E19}"
      text run at (0,17239) width 85: "\x{E08}\x{E38}\x{E14}\x{E28}\x{E39}\x{E19}\x{E22}\x{E4C}\x{E01}\x{E25}\x{E32}\x{E07}"
      text run at (0,17258) width 28: "\x{E02}\x{E2D}\x{E07}"
      text run at (0,17277) width 30: "\x{E1E}\x{E32}\x{E22}\x{E38}"
      text run at (0,17296) width 59: "\x{E44}\x{E0B}\x{E42}\x{E04}\x{E25}\x{E19}"
      text run at (0,17315) width 30: "\x{E15}\x{E32}\x{E21}"
      text run at (0,17334) width 31: "\x{E1B}\x{E01}\x{E15}\x{E34}"
      text run at (0,17353) width 27: "\x{E15}\x{E23}\x{E07}"
      text run at (0,17372) width 36: "\x{E01}\x{E25}\x{E32}\x{E07}"
      text run at (0,17391) width 30: "\x{E1E}\x{E32}\x{E22}\x{E38}"
      text run at (0,17410) width 59: "\x{E44}\x{E0B}\x{E42}\x{E04}\x{E25}\x{E19}"
      text run at (0,17429) width 48: "\x{E2D}\x{E32}\x{E01}\x{E32}\x{E28}"
      text run at (0,17448) width 17: "\x{E08}\x{E30}"
      text run at (0,17467) width 19: "\x{E19}\x{E34}\x{E48}\x{E07}"
      text run at (0,17486) width 20: "\x{E41}\x{E15}\x{E48}"
      text run at (0,17505) width 38: "\x{E04}\x{E27}\x{E32}\x{E21}"
      text run at (0,17524) width 42: "\x{E01}\x{E14}\x{E14}\x{E31}\x{E19}"
      text run at (0,17543) width 36: "\x{E2D}\x{E22}\x{E48}\x{E32}\x{E07}"
      text run at (0,17562) width 32: "\x{E2B}\x{E19}\x{E31}\x{E01}"
      text run at (0,17581) width 28: "\x{E02}\x{E2D}\x{E07}"
      text run at (0,17600) width 21: "\x{E25}\x{E21}"
      text run at (0,17619) width 21: "\x{E17}\x{E38}\x{E01}"
      text run at (0,17638) width 30: "\x{E14}\x{E49}\x{E32}\x{E19}"
      text run at (0,17657) width 29: "\x{E23}\x{E2D}\x{E1A}"
      text run at (0,17676) width 29: "\x{E1A}\x{E49}\x{E32}\x{E19}"
      text run at (0,17695) width 37: "\x{E17}\x{E33}\x{E43}\x{E2B}\x{E49}"
      text run at (0,17714) width 29: "\x{E1A}\x{E49}\x{E32}\x{E19}"
      text run at (0,17733) width 29: "\x{E25}\x{E2D}\x{E22}"
      text run at (0,17752) width 18: "\x{E2A}\x{E39}\x{E07}"
      text run at (0,17771) width 31: "\x{E02}\x{E36}\x{E49}\x{E19}\x{E46}"
      text run at (0,17790) width 20: "\x{E08}\x{E19}"
      text run at (0,17809) width 46: "\x{E01}\x{E23}\x{E30}\x{E17}\x{E31}\x{E48}\x{E07}"
      text run at (0,17828) width 21: "\x{E02}\x{E36}\x{E49}\x{E19}"
      text run at (0,17847) width 19: "\x{E44}\x{E1B}"
      text run at (0,17866) width 20: "\x{E2D}\x{E22}\x{E39}\x{E48}"
      text run at (0,17885) width 20: "\x{E2A}\x{E38}\x{E14}"
      text run at (0,17904) width 30: "\x{E22}\x{E2D}\x{E14}"
      text run at (0,17923) width 28: "\x{E02}\x{E2D}\x{E07}"
      text run at (0,17942) width 30: "\x{E1E}\x{E32}\x{E22}\x{E38}"
      text run at (0,17961) width 59: "\x{E44}\x{E0B}\x{E42}\x{E04}\x{E25}\x{E19}"
      text run at (0,17980) width 27: "\x{E41}\x{E25}\x{E30}"
      text run at (0,17999) width 28: "\x{E08}\x{E32}\x{E01}"
      text run at (0,18018) width 27: "\x{E15}\x{E23}\x{E07}"
      text run at (0,18037) width 22: "\x{E19}\x{E31}\x{E49}\x{E19}"
      text run at (0,18056) width 11: "\x{E01}\x{E47}"
      text run at (0,18075) width 21: "\x{E16}\x{E39}\x{E01}"
      text run at (0,18094) width 31: "\x{E2B}\x{E2D}\x{E1A}"
      text run at (0,18113) width 19: "\x{E44}\x{E1B}"
      text run at (0,18132) width 38: "\x{E2B}\x{E25}\x{E32}\x{E22}"
      text run at (0,18151) width 30: "\x{E44}\x{E21}\x{E25}\x{E4C}"
      text run at (0,18170) width 54: "\x{E07}\x{E48}\x{E32}\x{E22}\x{E14}\x{E32}\x{E22}"
      text run at (0,18189) width 46: "\x{E23}\x{E32}\x{E27}\x{E01}\x{E31}\x{E1A}"
      text run at (0,18208) width 31: "\x{E2B}\x{E2D}\x{E1A}"
      text run at (0,18227) width 21: "\x{E02}\x{E19}"
      text run at (0,18246) width 21: "\x{E19}\x{E01}"
      text run at (0,18265) width 22: "\x{E21}\x{E37}\x{E14}"
      text run at (0,18284) width 30: "\x{E21}\x{E32}\x{E01}"
      text run at (0,18303) width 27: "\x{E41}\x{E25}\x{E49}\x{E27}"
      text run at (0,18322) width 21: "\x{E25}\x{E21}"
      text run at (0,18341) width 17: "\x{E22}\x{E31}\x{E07}"
      text run at (0,18360) width 18: "\x{E2A}\x{E48}\x{E07}"
      text run at (0,18379) width 32: "\x{E40}\x{E2A}\x{E35}\x{E22}\x{E07}"
      text run at (0,18398) width 30: "\x{E2B}\x{E27}\x{E35}\x{E14}"
      text run at (0,18417) width 29: "\x{E2B}\x{E27}\x{E37}\x{E2D}"
      text run at (0,18436) width 20: "\x{E19}\x{E48}\x{E32}"
      text run at (0,18455) width 29: "\x{E01}\x{E25}\x{E31}\x{E27}"
      text run at (0,18474) width 20: "\x{E2D}\x{E22}\x{E39}\x{E48}"
      text run at (0,18493) width 29: "\x{E23}\x{E2D}\x{E1A}"
      text run at (0,18512) width 19: "\x{E15}\x{E31}\x{E27}"
      text run at (0,18531) width 25: "\x{E40}\x{E18}\x{E2D}"
      text run at (0,18550) width 20: "\x{E41}\x{E15}\x{E48}"
      text run at (0,18569) width 20: "\x{E42}\x{E14}"
      text run at (0,18588) width 27: "\x{E42}\x{E23}\x{E18}"
      text run at (0,18606) width 0: "\x{E35}"
      text run at (0,18625) width 27: "\x{E40}\x{E2B}\x{E47}\x{E19}"
      text run at (0,18644) width 17: "\x{E27}\x{E48}\x{E32}"
      text run at (0,18663) width 25: "\x{E40}\x{E18}\x{E2D}"
      text run at (0,18682) width 19: "\x{E2A}\x{E32}"
      text run at (0,18701) width 20: "\x{E21}\x{E32}"
      text run at (0,18720) width 19: "\x{E23}\x{E16}"
      text run at (0,18739) width 19: "\x{E19}\x{E31}\x{E48}\x{E07}"
      text run at (0,18758) width 19: "\x{E44}\x{E1B}"
      text run at (0,18777) width 19: "\x{E44}\x{E14}\x{E49}"
      text run at (0,18796) width 36: "\x{E2D}\x{E22}\x{E48}\x{E32}\x{E07}"
      text run at (0,18815) width 54: "\x{E07}\x{E48}\x{E32}\x{E22}\x{E14}\x{E32}\x{E22}"
      text run at (0,18834) width 21: "\x{E19}\x{E31}\x{E01}"
      text run at (0,18853) width 27: "\x{E04}\x{E23}\x{E31}\x{E49}\x{E07}"
      text run at (0,18872) width 29: "\x{E2B}\x{E19}\x{E36}\x{E48}\x{E07}"
      text run at (0,18891) width 28: "\x{E2B}\x{E25}\x{E31}\x{E07}"
      text run at (0,18910) width 28: "\x{E08}\x{E32}\x{E01}"
      text run at (0,18929) width 11: "\x{E17}\x{E35}\x{E48}"
      text run at (0,18948) width 29: "\x{E1A}\x{E49}\x{E32}\x{E19}"
      text run at (0,18967) width 39: "\x{E2A}\x{E30}\x{E14}\x{E38}\x{E14}"
      text run at (0,18986) width 36: "\x{E2D}\x{E22}\x{E48}\x{E32}\x{E07}"
      text run at (0,19005) width 26: "\x{E41}\x{E23}\x{E07}"
      text run at (0,19024) width 27: "\x{E41}\x{E25}\x{E30}"
      text run at (0,19043) width 32: "\x{E2B}\x{E21}\x{E38}\x{E19}"
      text run at (0,19062) width 19: "\x{E44}\x{E1B}"
      text run at (0,19081) width 29: "\x{E23}\x{E2D}\x{E1A}"
      text run at (0,19100) width 10: "\x{E46}"
      text run at (0,19119) width 28: "\x{E2A}\x{E2D}\x{E07}"
      text run at (0,19138) width 29: "\x{E2A}\x{E32}\x{E21}"
      text run at (0,19157) width 27: "\x{E04}\x{E23}\x{E31}\x{E49}\x{E07}"
      text run at (0,19176) width 19: "\x{E43}\x{E19}"
      text run at (0,19195) width 32: "\x{E15}\x{E2D}\x{E19}"
      text run at (0,19214) width 28: "\x{E41}\x{E23}\x{E01}"
      text run at (0,19233) width 25: "\x{E40}\x{E18}\x{E2D}"
      text run at (0,19252) width 11: "\x{E01}\x{E47}"
      text run at (0,19271) width 29: "\x{E23}\x{E39}\x{E49}\x{E2A}\x{E36}\x{E01}"
      text run at (0,19290) width 17: "\x{E27}\x{E48}\x{E32}"
      text run at (0,19309) width 19: "\x{E15}\x{E31}\x{E27}"
      text run at (0,19328) width 24: "\x{E40}\x{E2D}\x{E07}"
      text run at (0,19347) width 21: "\x{E16}\x{E39}\x{E01}"
      text run at (0,19366) width 35: "\x{E41}\x{E01}\x{E27}\x{E48}\x{E07}"
      text run at (0,19385) width 36: "\x{E2D}\x{E22}\x{E48}\x{E32}\x{E07}"
      text run at (0,19404) width 28: "\x{E41}\x{E1C}\x{E48}\x{E27}"
      text run at (0,19423) width 24: "\x{E40}\x{E1A}\x{E32}"
      text run at (0,19442) width 26: "\x{E23}\x{E32}\x{E27}"
      text run at (0,19461) width 38: "\x{E17}\x{E32}\x{E23}\x{E01}"
      text run at (0,19480) width 19: "\x{E43}\x{E19}"
      text run at (0,19499) width 25: "\x{E40}\x{E1B}\x{E25}"
      text run at (0,19518) width 20: "\x{E42}\x{E15}"
      text run at (0,19537) width 20: "\x{E42}\x{E15}\x{E49}"
      text run at (0,19556) width 20: "\x{E44}\x{E21}\x{E48}"
      text run at (0,19575) width 46: "\x{E0A}\x{E2D}\x{E1A}\x{E43}\x{E08}"
      text run at (0,19594) width 24: "\x{E40}\x{E25}\x{E22}"
      text run at (0,19613) width 22: "\x{E21}\x{E31}\x{E19}"
      text run at (0,19632) width 16: "\x{E27}\x{E34}\x{E48}\x{E07}"
      text run at (0,19651) width 19: "\x{E44}\x{E1B}"
      text run at (0,19670) width 16: "\x{E27}\x{E34}\x{E48}\x{E07}"
      text run at (0,19689) width 29: "\x{E21}\x{E32}\x{E23}"
      text run at (0,19708) width 20: "\x{E2D}\x{E1A}"
      text run at (0,19727) width 29: "\x{E2B}\x{E49}\x{E2D}\x{E07}"
      text run at (0,19746) width 27: "\x{E17}\x{E32}\x{E07}"
      text run at (0,19765) width 31: "\x{E42}\x{E19}\x{E49}\x{E19}"
      text run at (0,19784) width 11: "\x{E17}\x{E35}"
      text run at (0,19803) width 27: "\x{E17}\x{E32}\x{E07}"
      text run at (0,19822) width 11: "\x{E19}\x{E35}\x{E49}"
      text run at (0,19841) width 11: "\x{E17}\x{E35}"
      text run at (0,19860) width 18: "\x{E2A}\x{E48}\x{E07}"
      text run at (0,19879) width 32: "\x{E40}\x{E2A}\x{E35}\x{E22}\x{E07}"
      text run at (0,19898) width 25: "\x{E40}\x{E2B}\x{E48}\x{E32}"
      text run at (0,19917) width 18: "\x{E14}\x{E31}\x{E07}"
      text run at (0,19936) width 28: "\x{E01}\x{E49}\x{E2D}\x{E07}"
      text run at (0,19955) width 20: "\x{E41}\x{E15}\x{E48}"
      text run at (0,19974) width 20: "\x{E42}\x{E14}"
      text run at (0,19993) width 27: "\x{E42}\x{E23}\x{E18}"
      text run at (0,20011) width 0: "\x{E35}"
      text run at (0,20030) width 19: "\x{E19}\x{E31}\x{E48}\x{E07}"
      text run at (0,20049) width 11: "\x{E19}\x{E34}\x{E48}"
      text run at (0,20068) width 18: "\x{E07}\x{E2D}"
      text run at (0,20087) width 10: "\x{E22}\x{E39}\x{E48}"
      text run at (0,20106) width 21: "\x{E1A}\x{E19}"
      text run at (0,20125) width 23: "\x{E1E}\x{E37}\x{E49}\x{E19}"
      text run at (0,20144) width 24: "\x{E40}\x{E1D}\x{E49}\x{E32}"
      text run at (0,20163) width 30: "\x{E04}\x{E2D}\x{E22}"
      text run at (0,20182) width 11: "\x{E14}\x{E39}"
      text run at (0,20201) width 17: "\x{E27}\x{E48}\x{E32}"
      text run at (0,20220) width 17: "\x{E08}\x{E30}"
      text run at (0,20239) width 26: "\x{E40}\x{E01}\x{E34}\x{E14}"
      text run at (0,20258) width 36: "\x{E2D}\x{E30}\x{E44}\x{E23}"
      text run at (0,20277) width 21: "\x{E02}\x{E36}\x{E49}\x{E19}"
      text run at (0,20296) width 27: "\x{E04}\x{E23}\x{E31}\x{E49}\x{E07}"
      text run at (0,20315) width 29: "\x{E2B}\x{E19}\x{E36}\x{E48}\x{E07}"
      text run at (0,20334) width 20: "\x{E42}\x{E15}"
      text run at (0,20353) width 20: "\x{E42}\x{E15}\x{E49}"
      text run at (0,20372) width 42: "\x{E40}\x{E02}\x{E49}\x{E32}\x{E44}\x{E1B}"
      text run at (0,20391) width 28: "\x{E43}\x{E01}\x{E25}\x{E49}"
      text run at (0,20410) width 19: "\x{E1D}\x{E32}"
      text run at (0,20429) width 11: "\x{E17}\x{E35}\x{E48}"
      text run at (0,20448) width 23: "\x{E1E}\x{E37}\x{E49}\x{E19}"
      text run at (0,20467) width 30: "\x{E21}\x{E32}\x{E01}"
      text run at (0,20486) width 19: "\x{E44}\x{E1B}"
      text run at (0,20505) width 24: "\x{E40}\x{E25}\x{E22}"
      text run at (0,20524) width 32: "\x{E1E}\x{E25}\x{E31}\x{E14}"
      text run at (0,20543) width 38: "\x{E15}\x{E01}\x{E25}\x{E07}"
      text run at (0,20562) width 19: "\x{E44}\x{E1B}"
      text run at (0,20581) width 11: "\x{E17}\x{E35}"
      text run at (0,20600) width 28: "\x{E41}\x{E23}\x{E01}"
      text run at (0,20619) width 26: "\x{E40}\x{E14}\x{E47}\x{E01}"
      text run at (0,20638) width 33: "\x{E2B}\x{E0D}\x{E34}\x{E07}"
      text run at (0,20657) width 21: "\x{E04}\x{E34}\x{E14}"
      text run at (0,20676) width 17: "\x{E27}\x{E48}\x{E32}"
      text run at (0,20695) width 25: "\x{E40}\x{E18}\x{E2D}"
      text run at (0,20714) width 17: "\x{E08}\x{E30}"
      text run at (0,20733) width 25: "\x{E2A}\x{E39}\x{E0D}"
      text run at (0,20752) width 24: "\x{E40}\x{E2A}\x{E35}\x{E22}"
      text run at (0,20771) width 22: "\x{E21}\x{E31}\x{E19}"
      text run at (0,20790) width 19: "\x{E44}\x{E1B}"
      text run at (0,20809) width 24: "\x{E40}\x{E2A}\x{E35}\x{E22}"
      text run at (0,20828) width 27: "\x{E41}\x{E25}\x{E49}\x{E27}"
      text run at (0,20847) width 20: "\x{E41}\x{E15}\x{E48}"
      text run at (0,20866) width 19: "\x{E0A}\x{E31}\x{E48}\x{E27}"
      text run at (0,20885) width 20: "\x{E04}\x{E23}\x{E39}\x{E48}"
      text run at (0,20904) width 25: "\x{E40}\x{E18}\x{E2D}"
      text run at (0,20923) width 11: "\x{E01}\x{E47}"
      text run at (0,20942) width 27: "\x{E40}\x{E2B}\x{E47}\x{E19}"
      text run at (0,20961) width 11: "\x{E2B}\x{E39}"
      text run at (0,20980) width 28: "\x{E02}\x{E2D}\x{E07}"
      text run at (0,20999) width 22: "\x{E21}\x{E31}\x{E19}"
      text run at (0,21018) width 29: "\x{E42}\x{E1C}\x{E25}\x{E48}"
      text run at (0,21037) width 21: "\x{E02}\x{E36}\x{E49}\x{E19}"
      text run at (0,21056) width 20: "\x{E21}\x{E32}"
      text run at (0,21075) width 28: "\x{E08}\x{E32}\x{E01}"
      text run at (0,21094) width 28: "\x{E0A}\x{E48}\x{E2D}\x{E07}"
      text run at (0,21113) width 22: "\x{E19}\x{E31}\x{E49}\x{E19}"
      text run at (0,21132) width 30: "\x{E17}\x{E31}\x{E49}\x{E07}\x{E19}\x{E35}\x{E49}"
      text run at (0,21151) width 43: "\x{E40}\x{E1E}\x{E23}\x{E32}\x{E30}"
      text run at (0,21170) width 26: "\x{E41}\x{E23}\x{E07}"
      text run at (0,21189) width 21: "\x{E01}\x{E14}"
      text run at (0,21208) width 36: "\x{E2D}\x{E22}\x{E48}\x{E32}\x{E07}"
      text run at (0,21227) width 32: "\x{E2B}\x{E19}\x{E31}\x{E01}"
      text run at (0,21246) width 28: "\x{E02}\x{E2D}\x{E07}"
      text run at (0,21265) width 48: "\x{E2D}\x{E32}\x{E01}\x{E32}\x{E28}"
      text run at (0,21284) width 37: "\x{E17}\x{E33}\x{E43}\x{E2B}\x{E49}"
      text run at (0,21303) width 20: "\x{E42}\x{E15}"
      text run at (0,21322) width 20: "\x{E42}\x{E15}\x{E49}"
      text run at (0,21341) width 20: "\x{E44}\x{E21}\x{E48}"
      text run at (0,21360) width 38: "\x{E15}\x{E01}\x{E25}\x{E07}"
      text run at (0,21379) width 19: "\x{E44}\x{E1B}"
      text run at (0,21398) width 27: "\x{E02}\x{E49}\x{E32}\x{E07}"
      text run at (0,21417) width 26: "\x{E25}\x{E48}\x{E32}\x{E07}"
      text run at (0,21436) width 20: "\x{E42}\x{E14}"
      text run at (0,21455) width 27: "\x{E42}\x{E23}\x{E18}"
      text run at (0,21473) width 0: "\x{E35}"
      text run at (0,21492) width 40: "\x{E04}\x{E25}\x{E32}\x{E19}"
      text run at (0,21511) width 19: "\x{E44}\x{E1B}"
      text run at (0,21530) width 11: "\x{E17}\x{E35}\x{E48}"
      text run at (0,21549) width 28: "\x{E0A}\x{E48}\x{E2D}\x{E07}"
      text run at (0,21568) width 22: "\x{E19}\x{E31}\x{E49}\x{E19}"
      text run at (0,21587) width 19: "\x{E08}\x{E31}\x{E1A}"
      text run at (0,21606) width 11: "\x{E2B}\x{E39}"
      text run at (0,21625) width 20: "\x{E42}\x{E15}"
      text run at (0,21644) width 20: "\x{E42}\x{E15}\x{E49}"
      text run at (0,21663) width 18: "\x{E44}\x{E27}\x{E49}"
      text run at (0,21682) width 19: "\x{E44}\x{E14}\x{E49}"
      text run at (0,21701) width 27: "\x{E41}\x{E25}\x{E30}"
      text run at (0,21720) width 29: "\x{E25}\x{E32}\x{E01}"
      text run at (0,21739) width 22: "\x{E21}\x{E31}\x{E19}"
      text run at (0,21758) width 20: "\x{E21}\x{E32}"
      text run at (0,21777) width 11: "\x{E17}\x{E35}\x{E48}"
      text run at (0,21796) width 29: "\x{E2B}\x{E49}\x{E2D}\x{E07}"
      text run at (0,21815) width 21: "\x{E2D}\x{E35}\x{E01}"
      text run at (0,21834) width 28: "\x{E2B}\x{E25}\x{E31}\x{E07}"
      text run at (0,21853) width 28: "\x{E08}\x{E32}\x{E01}"
      text run at (0,21872) width 22: "\x{E19}\x{E31}\x{E49}\x{E19}"
      text run at (0,21891) width 11: "\x{E01}\x{E47}"
      text run at (0,21910) width 20: "\x{E1B}\x{E34}\x{E14}"
      text run at (0,21929) width 19: "\x{E1D}\x{E32}"
      text run at (0,21948) width 23: "\x{E1E}\x{E37}\x{E49}\x{E19}"
      text run at (0,21967) width 28: "\x{E40}\x{E1E}\x{E37}\x{E48}\x{E2D}"
      text run at (0,21986) width 17: "\x{E08}\x{E30}"
      text run at (0,22005) width 19: "\x{E44}\x{E14}\x{E49}"
      text run at (0,22024) width 20: "\x{E44}\x{E21}\x{E48}"
      text run at (0,22043) width 26: "\x{E40}\x{E01}\x{E34}\x{E14}"
      text run at (0,22062) width 57: "\x{E2D}\x{E38}\x{E1A}\x{E31}\x{E15}\x{E34}\x{E40}\x{E2B}\x{E15}\x{E38}"
      text run at (0,22081) width 21: "\x{E2D}\x{E35}\x{E01}"
      text run at (0,22100) width 46: "\x{E0A}\x{E31}\x{E48}\x{E27}\x{E42}\x{E21}\x{E07}"
      text run at (0,22119) width 27: "\x{E41}\x{E25}\x{E49}\x{E27}"
      text run at (0,22138) width 46: "\x{E0A}\x{E31}\x{E48}\x{E27}\x{E42}\x{E21}\x{E07}"
      text run at (0,22157) width 24: "\x{E40}\x{E25}\x{E48}\x{E32}"
      text run at (0,22176) width 30: "\x{E1C}\x{E48}\x{E32}\x{E19}"
      text run at (0,22195) width 19: "\x{E44}\x{E1B}"
      text run at (0,22214) width 20: "\x{E42}\x{E14}"
      text run at (0,22233) width 27: "\x{E42}\x{E23}\x{E18}"
      text run at (0,22251) width 0: "\x{E35}"
      text run at (0,22270) width 30: "\x{E04}\x{E48}\x{E2D}\x{E22}"
      text run at (0,22289) width 10: "\x{E46}"
      text run at (0,22308) width 28: "\x{E2B}\x{E32}\x{E22}"
      text run at (0,22327) width 29: "\x{E01}\x{E25}\x{E31}\x{E27}"
      text run at (0,22346) width 20: "\x{E41}\x{E15}\x{E48}"
      text run at (0,22365) width 25: "\x{E40}\x{E18}\x{E2D}"
      text run at (0,22384) width 29: "\x{E23}\x{E39}\x{E49}\x{E2A}\x{E36}\x{E01}"
      text run at (0,22403) width 32: "\x{E40}\x{E2B}\x{E07}\x{E32}"
      text run at (0,22422) width 36: "\x{E40}\x{E2B}\x{E25}\x{E37}\x{E2D}"
      text run at (0,22441) width 27: "\x{E40}\x{E01}\x{E34}\x{E19}"
      text run at (0,22460) width 27: "\x{E41}\x{E25}\x{E30}"
      text run at (0,22479) width 21: "\x{E25}\x{E21}"
      text run at (0,22498) width 11: "\x{E01}\x{E47}"
      text run at (0,22517) width 18: "\x{E2A}\x{E48}\x{E07}"
      text run at (0,22536) width 32: "\x{E40}\x{E2A}\x{E35}\x{E22}\x{E07}"
      text run at (0,22555) width 30: "\x{E2B}\x{E27}\x{E35}\x{E14}"
      text run at (0,22574) width 29: "\x{E2B}\x{E27}\x{E37}\x{E2D}"
      text run at (0,22593) width 18: "\x{E14}\x{E31}\x{E07}"
      text run at (0,22612) width 24: "\x{E40}\x{E2A}\x{E35}\x{E22}"
      text run at (0,22631) width 20: "\x{E08}\x{E19}"
      text run at (0,22650) width 25: "\x{E40}\x{E18}\x{E2D}"
      text run at (0,22669) width 30: "\x{E41}\x{E17}\x{E1A}"
      text run at (0,22688) width 17: "\x{E08}\x{E30}"
      text run at (0,22707) width 11: "\x{E2B}\x{E39}"
      text run at (0,22726) width 40: "\x{E2B}\x{E19}\x{E27}\x{E01}"
      text run at (0,22745) width 11: "\x{E17}\x{E35}"
      text run at (0,22764) width 28: "\x{E41}\x{E23}\x{E01}"
      text run at (0,22783) width 25: "\x{E40}\x{E18}\x{E2D}"
      text run at (0,22802) width 36: "\x{E2A}\x{E07}\x{E2A}\x{E31}\x{E22}"
      text run at (0,22821) width 17: "\x{E27}\x{E48}\x{E32}"
      text run at (0,22840) width 35: "\x{E04}\x{E07}\x{E08}\x{E30}"
      text run at (0,22859) width 21: "\x{E16}\x{E39}\x{E01}"
      text run at (0,22878) width 21: "\x{E09}\x{E35}\x{E01}"
      text run at (0,22897) width 56: "\x{E01}\x{E23}\x{E30}\x{E0A}\x{E32}\x{E01}"
      text run at (0,22916) width 31: "\x{E2D}\x{E2D}\x{E01}"
      text run at (0,22935) width 26: "\x{E40}\x{E1B}\x{E47}\x{E19}"
      text run at (0,22954) width 21: "\x{E0A}\x{E34}\x{E49}\x{E19}"
      text run at (0,22973) width 26: "\x{E40}\x{E25}\x{E47}\x{E01}"
      text run at (0,22992) width 21: "\x{E0A}\x{E34}\x{E49}\x{E19}"
      text run at (0,23011) width 31: "\x{E19}\x{E49}\x{E2D}\x{E22}"
      text run at (0,23030) width 27: "\x{E40}\x{E21}\x{E37}\x{E48}\x{E2D}"
      text run at (0,23049) width 29: "\x{E1A}\x{E49}\x{E32}\x{E19}"
      text run at (0,23068) width 27: "\x{E40}\x{E2D}\x{E19}"
      text run at (0,23087) width 21: "\x{E25}\x{E49}\x{E21}"
      text run at (0,23106) width 18: "\x{E25}\x{E07}"
      text run at (0,23125) width 21: "\x{E2D}\x{E35}\x{E01}"
      text run at (0,23144) width 27: "\x{E04}\x{E23}\x{E31}\x{E49}\x{E07}"
      text run at (0,23163) width 20: "\x{E41}\x{E15}\x{E48}"
      text run at (0,23182) width 38: "\x{E2B}\x{E25}\x{E32}\x{E22}"
      text run at (0,23201) width 46: "\x{E0A}\x{E31}\x{E48}\x{E27}\x{E42}\x{E21}\x{E07}"
      text run at (0,23220) width 30: "\x{E1C}\x{E48}\x{E32}\x{E19}"
      text run at (0,23239) width 19: "\x{E44}\x{E1B}"
      text run at (0,23258) width 11: "\x{E01}\x{E47}"
      text run at (0,23277) width 31: "\x{E44}\x{E21}\x{E48}\x{E21}\x{E35}"
      text run at (0,23296) width 36: "\x{E2D}\x{E30}\x{E44}\x{E23}"
      text run at (0,23315) width 26: "\x{E40}\x{E01}\x{E34}\x{E14}"
      text run at (0,23334) width 21: "\x{E02}\x{E36}\x{E49}\x{E19}"
      text run at (0,23353) width 25: "\x{E40}\x{E18}\x{E2D}"
      text run at (0,23372) width 24: "\x{E40}\x{E25}\x{E22}"
      text run at (0,23391) width 26: "\x{E40}\x{E25}\x{E34}\x{E01}"
      text run at (0,23410) width 29: "\x{E27}\x{E34}\x{E15}\x{E01}"
      text run at (0,23429) width 27: "\x{E41}\x{E25}\x{E30}"
      text run at (0,23448) width 42: "\x{E15}\x{E31}\x{E14}\x{E2A}\x{E34}\x{E19}"
      text run at (0,23467) width 16: "\x{E43}\x{E08}"
      text run at (0,23486) width 30: "\x{E04}\x{E2D}\x{E22}"
      text run at (0,23505) width 11: "\x{E14}\x{E39}"
      text run at (0,23524) width 36: "\x{E2D}\x{E22}\x{E48}\x{E32}\x{E07}"
      text run at (0,23543) width 27: "\x{E2A}\x{E07}\x{E1A}"
      text run at (0,23562) width 27: "\x{E41}\x{E25}\x{E30}"
      text run at (0,23581) width 19: "\x{E23}\x{E2D}"
      text run at (0,23600) width 17: "\x{E27}\x{E48}\x{E32}"
      text run at (0,23619) width 51: "\x{E2D}\x{E19}\x{E32}\x{E04}\x{E15}"
      text run at (0,23638) width 17: "\x{E08}\x{E30}"
      text run at (0,23657) width 26: "\x{E40}\x{E1B}\x{E47}\x{E19}"
      text run at (0,23676) width 53: "\x{E2D}\x{E22}\x{E48}\x{E32}\x{E07}\x{E44}\x{E23}"
      text run at (0,23695) width 19: "\x{E43}\x{E19}"
      text run at (0,23714) width 31: "\x{E17}\x{E35}\x{E48}\x{E2A}\x{E38}\x{E14}"
      text run at (0,23733) width 25: "\x{E40}\x{E18}\x{E2D}"
      text run at (0,23752) width 40: "\x{E04}\x{E25}\x{E32}\x{E19}"
      text run at (0,23771) width 28: "\x{E08}\x{E32}\x{E01}"
      text run at (0,23790) width 23: "\x{E1E}\x{E37}\x{E49}\x{E19}"
      text run at (0,23809) width 29: "\x{E2B}\x{E49}\x{E2D}\x{E07}"
      text run at (0,23828) width 11: "\x{E17}\x{E35}\x{E48}"
      text run at (0,23847) width 29: "\x{E42}\x{E22}\x{E01}"
      text run at (0,23866) width 19: "\x{E44}\x{E1B}"
      text run at (0,23885) width 20: "\x{E21}\x{E32}"
      text run at (0,23904) width 21: "\x{E02}\x{E36}\x{E49}\x{E19}"
      text run at (0,23923) width 19: "\x{E44}\x{E1B}"
      text run at (0,23942) width 21: "\x{E1A}\x{E19}"
      text run at (0,23961) width 33: "\x{E40}\x{E15}\x{E35}\x{E22}\x{E07}"
      text run at (0,23980) width 27: "\x{E41}\x{E25}\x{E49}\x{E27}"
      text run at (0,23999) width 11: "\x{E01}\x{E47}"
      text run at (0,24018) width 32: "\x{E19}\x{E2D}\x{E19}"
      text run at (0,24037) width 18: "\x{E25}\x{E07}"
      text run at (0,24056) width 20: "\x{E42}\x{E15}"
      text run at (0,24075) width 20: "\x{E42}\x{E15}\x{E49}"
      text run at (0,24094) width 30: "\x{E15}\x{E32}\x{E21}"
      text run at (0,24113) width 21: "\x{E15}\x{E34}\x{E14}"
      text run at (0,24132) width 20: "\x{E21}\x{E32}"
      text run at (0,24151) width 32: "\x{E19}\x{E2D}\x{E19}"
      text run at (0,24170) width 18: "\x{E25}\x{E07}"
      text run at (0,24189) width 28: "\x{E43}\x{E01}\x{E25}\x{E49}"
      text run at (0,24208) width 10: "\x{E46}"
      text run at (0,24227) width 25: "\x{E40}\x{E18}\x{E2D}"
      text run at (0,24246) width 20: "\x{E44}\x{E21}\x{E48}"
      text run at (0,24265) width 19: "\x{E0A}\x{E49}\x{E32}"
      text run at (0,24284) width 20: "\x{E42}\x{E14}"
      text run at (0,24303) width 27: "\x{E42}\x{E23}\x{E18}"
      text run at (0,24321) width 0: "\x{E35}"
      text run at (0,24340) width 11: "\x{E01}\x{E47}"
      text run at (0,24359) width 20: "\x{E1B}\x{E34}\x{E14}"
      text run at (0,24378) width 19: "\x{E15}\x{E32}"
      text run at (0,24397) width 18: "\x{E25}\x{E07}"
      text run at (0,24416) width 30: "\x{E2B}\x{E25}\x{E31}\x{E1A}"
      text run at (0,24435) width 40: "\x{E1C}\x{E25}\x{E47}\x{E2D}\x{E22}"
      text run at (0,24454) width 19: "\x{E44}\x{E1B}"
      text run at (0,24473) width 36: "\x{E2D}\x{E22}\x{E48}\x{E32}\x{E07}"
      text run at (0,24492) width 32: "\x{E2A}\x{E19}\x{E34}\x{E17}"
      text run at (0,24511) width 19: "\x{E17}\x{E31}\x{E49}\x{E07}"
      text run at (0,24530) width 10: "\x{E46}"
      text run at (0,24549) width 11: "\x{E17}\x{E35}\x{E48}"
      text run at (0,24568) width 29: "\x{E1A}\x{E49}\x{E32}\x{E19}"
      text run at (0,24587) width 29: "\x{E42}\x{E22}\x{E01}"
      text run at (0,24606) width 19: "\x{E44}\x{E1B}"
      text run at (0,24625) width 20: "\x{E21}\x{E32}"
      text run at (0,24644) width 27: "\x{E41}\x{E25}\x{E30}"
      text run at (0,24663) width 21: "\x{E25}\x{E21}"
      text run at (0,24682) width 11: "\x{E01}\x{E47}"
      text run at (0,24701) width 36: "\x{E04}\x{E23}\x{E32}\x{E07}"
      text run at (0,24720) width 30: "\x{E2B}\x{E27}\x{E35}\x{E14}"
      text run at (0,24739) width 29: "\x{E2B}\x{E27}\x{E37}\x{E2D}"
layer at (471,96) size 74x25716
  RenderBlock (positioned) {DIV} at (471,96) size 1x25716
    RenderText {#text} at (0,1) size 74x25715
      text run at (0,1) width 21: "\x{E1A}\x{E17}"
      text run at (0,20) width 11: "\x{E17}\x{E35}\x{E48}"
      text run at (0,39) width 11: "\x{E51}"
      text run at (0,58) width 30: "\x{E1E}\x{E32}\x{E22}\x{E38}"
      text run at (0,77) width 59: "\x{E44}\x{E0B}\x{E42}\x{E04}\x{E25}\x{E19}"
      text run at (0,96) width 20: "\x{E42}\x{E14}"
      text run at (0,115) width 27: "\x{E42}\x{E23}\x{E18}"
      text run at (0,133) width 0: "\x{E35}"
      text run at (0,152) width 39: "\x{E2D}\x{E32}\x{E28}\x{E31}\x{E22}"
      text run at (0,171) width 20: "\x{E2D}\x{E22}\x{E39}\x{E48}"
      text run at (0,190) width 20: "\x{E17}\x{E48}\x{E32}"
      text run at (0,209) width 11: "\x{E21}"
      text run at (0,228) width 36: "\x{E01}\x{E25}\x{E32}\x{E07}"
      text run at (0,247) width 19: "\x{E17}\x{E38}\x{E48}\x{E07}"
      text run at (0,266) width 33: "\x{E43}\x{E2B}\x{E0D}\x{E48}"
      text run at (0,285) width 19: "\x{E43}\x{E19}"
      text run at (0,304) width 50: "\x{E41}\x{E04}\x{E19}\x{E0B}\x{E31}\x{E2A}"
      text run at (0,323) width 20: "\x{E01}\x{E31}\x{E1A}"
      text run at (0,342) width 18: "\x{E25}\x{E38}\x{E07}"
      text run at (0,361) width 16: "\x{E40}\x{E2E}"
      text run at (0,380) width 20: "\x{E19}\x{E23}\x{E35}"
      text run at (0,399) width 27: "\x{E0A}\x{E32}\x{E27}"
      text run at (0,418) width 18: "\x{E44}\x{E23}\x{E48}"
      text run at (0,437) width 27: "\x{E41}\x{E25}\x{E30}"
      text run at (0,456) width 19: "\x{E1B}\x{E49}\x{E32}"
      text run at (0,475) width 27: "\x{E40}\x{E2D}\x{E47}\x{E21}"
      text run at (0,494) width 46: "\x{E20}\x{E23}\x{E23}\x{E22}\x{E32}"
      text run at (0,513) width 45: "\x{E0A}\x{E32}\x{E27}\x{E44}\x{E23}\x{E48}"
      text run at (0,532) width 29: "\x{E1A}\x{E49}\x{E32}\x{E19}"
      text run at (0,551) width 28: "\x{E02}\x{E2D}\x{E07}"
      text run at (0,570) width 31: "\x{E1E}\x{E27}\x{E01}"
      text run at (0,589) width 24: "\x{E40}\x{E02}\x{E32}"
      text run at (0,608) width 28: "\x{E2B}\x{E25}\x{E31}\x{E07}"
      text run at (0,627) width 26: "\x{E40}\x{E25}\x{E47}\x{E01}"
      text run at (0,646) width 43: "\x{E40}\x{E1E}\x{E23}\x{E32}\x{E30}"
      text run at (0,665) width 20: "\x{E44}\x{E21}\x{E49}"
      text run at (0,684) width 35: "\x{E2A}\x{E23}\x{E49}\x{E32}\x{E07}"
      text run at (0,703) width 29: "\x{E1A}\x{E49}\x{E32}\x{E19}"
      text run at (0,722) width 29: "\x{E15}\x{E49}\x{E2D}\x{E07}"
      text run at (0,741) width 21: "\x{E02}\x{E19}"
      text run at (0,760) width 20: "\x{E21}\x{E32}"
      text run at (0,779) width 28: "\x{E14}\x{E49}\x{E27}\x{E22}"
      text run at (0,798) width 44: "\x{E40}\x{E01}\x{E27}\x{E35}\x{E22}\x{E19}"
      text run at (0,817) width 26: "\x{E40}\x{E1B}\x{E47}\x{E19}"
      text run at (0,836) width 34: "\x{E23}\x{E30}\x{E22}\x{E30}"
      text run at (0,855) width 27: "\x{E17}\x{E32}\x{E07}"
      text run at (0,874) width 38: "\x{E2B}\x{E25}\x{E32}\x{E22}"
      text run at (0,893) width 30: "\x{E44}\x{E21}\x{E25}\x{E4C}"
      text run at (0,912) width 29: "\x{E1A}\x{E49}\x{E32}\x{E19}"
      text run at (0,931) width 11: "\x{E21}\x{E35}"
      text run at (0,950) width 10: "\x{E2A}\x{E35}\x{E48}"
      text run at (0,969) width 19: "\x{E1D}\x{E32}"
      text run at (0,988) width 11: "\x{E21}\x{E35}"
      text run at (0,1007) width 23: "\x{E1E}\x{E37}\x{E49}\x{E19}"
      text run at (0,1026) width 20: "\x{E01}\x{E31}\x{E1A}"
      text run at (0,1045) width 47: "\x{E2B}\x{E25}\x{E31}\x{E07}\x{E04}\x{E32}"
      text run at (0,1064) width 28: "\x{E23}\x{E27}\x{E21}"
      text run at (0,1083) width 20: "\x{E17}\x{E33}"
      text run at (0,1102) width 26: "\x{E40}\x{E1B}\x{E47}\x{E19}"
      text run at (0,1121) width 29: "\x{E2B}\x{E49}\x{E2D}\x{E07}"
      text run at (0,1140) width 33: "\x{E40}\x{E14}\x{E35}\x{E22}\x{E27}"
      text run at (0,1159) width 19: "\x{E43}\x{E19}"
      text run at (0,1178) width 29: "\x{E2B}\x{E49}\x{E2D}\x{E07}"
      text run at (0,1197) width 11: "\x{E21}\x{E35}"
      text run at (0,1216) width 19: "\x{E17}\x{E31}\x{E49}\x{E07}"
      text run at (0,1235) width 25: "\x{E40}\x{E15}\x{E32}"
      text run at (0,1254) width 19: "\x{E2B}\x{E38}\x{E07}"
      text run at (0,1273) width 22: "\x{E15}\x{E49}\x{E21}"
      text run at (0,1292) width 11: "\x{E17}\x{E35}\x{E48}"
      text run at (0,1311) width 32: "\x{E2A}\x{E19}\x{E34}\x{E21}"
      text run at (0,1330) width 11: "\x{E14}\x{E39}"
      text run at (0,1349) width 21: "\x{E02}\x{E36}\x{E49}\x{E19}"
      text run at (0,1368) width 34: "\x{E40}\x{E25}\x{E2D}\x{E30}"
      text run at (0,1387) width 11: "\x{E21}\x{E35}"
      text run at (0,1406) width 11: "\x{E15}\x{E39}\x{E49}"
      text run at (0,1425) width 18: "\x{E43}\x{E2A}\x{E48}"
      text run at (0,1444) width 28: "\x{E16}\x{E49}\x{E27}\x{E22}"
      text run at (0,1463) width 30: "\x{E0A}\x{E32}\x{E21}"
      text run at (0,1482) width 28: "\x{E42}\x{E15}\x{E4A}\x{E30}"
      text run at (0,1501) width 35: "\x{E40}\x{E01}\x{E49}\x{E32}\x{E2D}\x{E35}\x{E49}"
      text run at (0,1520) width 29: "\x{E2A}\x{E32}\x{E21}"
      text run at (0,1539) width 30: "\x{E2B}\x{E23}\x{E37}\x{E2D}"
      text run at (0,1558) width 10: "\x{E2A}\x{E35}\x{E48}"
      text run at (0,1577) width 19: "\x{E15}\x{E31}\x{E27}"
      text run at (0,1596) width 27: "\x{E41}\x{E25}\x{E49}\x{E27}"
      text run at (0,1615) width 11: "\x{E01}\x{E47}"
      text run at (0,1634) width 11: "\x{E21}\x{E35}"
      text run at (0,1653) width 33: "\x{E40}\x{E15}\x{E35}\x{E22}\x{E07}"
      text run at (0,1672) width 32: "\x{E19}\x{E2D}\x{E19}"
      text run at (0,1691) width 18: "\x{E25}\x{E38}\x{E07}"
      text run at (0,1710) width 16: "\x{E40}\x{E2E}"
      text run at (0,1729) width 20: "\x{E19}\x{E23}\x{E35}"
      text run at (0,1748) width 20: "\x{E01}\x{E31}\x{E1A}"
      text run at (0,1767) width 19: "\x{E1B}\x{E49}\x{E32}"
      text run at (0,1786) width 27: "\x{E40}\x{E2D}\x{E47}\x{E21}"
      text run at (0,1805) width 11: "\x{E21}\x{E35}"
      text run at (0,1824) width 33: "\x{E40}\x{E15}\x{E35}\x{E22}\x{E07}"
      text run at (0,1843) width 32: "\x{E19}\x{E2D}\x{E19}"
      text run at (0,1862) width 33: "\x{E43}\x{E2B}\x{E0D}\x{E48}"
      text run at (0,1881) width 20: "\x{E2D}\x{E22}\x{E39}\x{E48}"
      text run at (0,1900) width 11: "\x{E17}\x{E35}\x{E48}"
      text run at (0,1919) width 22: "\x{E21}\x{E38}\x{E21}"
      text run at (0,1938) width 29: "\x{E2B}\x{E19}\x{E36}\x{E48}\x{E07}"
      text run at (0,1957) width 29: "\x{E2A}\x{E48}\x{E27}\x{E19}"
      text run at (0,1976) width 20: "\x{E42}\x{E14}"
      text run at (0,1995) width 27: "\x{E42}\x{E23}\x{E18}"
      text run at (0,2013) width 0: "\x{E35}"
      text run at (0,2032) width 11: "\x{E21}\x{E35}"
      text run at (0,2051) width 33: "\x{E40}\x{E15}\x{E35}\x{E22}\x{E07}"
      text run at (0,2070) width 26: "\x{E40}\x{E25}\x{E47}\x{E01}"
      text run at (0,2089) width 21: "\x{E2D}\x{E35}\x{E01}"
      text run at (0,2108) width 11: "\x{E17}\x{E35}\x{E48}"
      text run at (0,2127) width 22: "\x{E21}\x{E38}\x{E21}"
      text run at (0,2146) width 29: "\x{E2B}\x{E19}\x{E36}\x{E48}\x{E07}"
      text run at (0,2165) width 20: "\x{E44}\x{E21}\x{E48}"
      text run at (0,2184) width 11: "\x{E21}\x{E35}"
      text run at (0,2203) width 29: "\x{E2B}\x{E49}\x{E2D}\x{E07}"
      text run at (0,2222) width 18: "\x{E43}\x{E15}\x{E49}"
      text run at (0,2241) width 47: "\x{E40}\x{E1E}\x{E14}\x{E32}\x{E19}"
      text run at (0,2260) width 24: "\x{E40}\x{E25}\x{E22}"
      text run at (0,2279) width 29: "\x{E2B}\x{E49}\x{E2D}\x{E07}"
      text run at (0,2298) width 39: "\x{E43}\x{E15}\x{E49}\x{E16}\x{E38}\x{E19}"
      text run at (0,2317) width 11: "\x{E01}\x{E47}"
      text run at (0,2336) width 20: "\x{E44}\x{E21}\x{E48}"
      text run at (0,2355) width 11: "\x{E21}\x{E35}"
      text run at (0,2374) width 25: "\x{E40}\x{E27}\x{E49}\x{E19}"
      text run at (0,2393) width 20: "\x{E41}\x{E15}\x{E48}"
      text run at (0,2412) width 11: "\x{E21}\x{E35}"
      text run at (0,2431) width 38: "\x{E42}\x{E1E}\x{E23}\x{E07}"
      text run at (0,2450) width 26: "\x{E40}\x{E25}\x{E47}\x{E01}"
      text run at (0,2469) width 10: "\x{E46}"
      text run at (0,2488) width 11: "\x{E17}\x{E35}\x{E48}"
      text run at (0,2507) width 21: "\x{E02}\x{E38}\x{E14}"
      text run at (0,2526) width 19: "\x{E44}\x{E1B}"
      text run at (0,2545) width 18: "\x{E43}\x{E15}\x{E49}"
      text run at (0,2564) width 23: "\x{E1E}\x{E37}\x{E49}\x{E19}"
      text run at (0,2583) width 34: "\x{E40}\x{E23}\x{E35}\x{E22}\x{E01}"
      text run at (0,2602) width 17: "\x{E27}\x{E48}\x{E32}"
      text run at (0,2620) width 7: "\""
      text run at (0,2639) width 38: "\x{E42}\x{E1E}\x{E23}\x{E07}"
      text run at (0,2658) width 59: "\x{E44}\x{E0B}\x{E42}\x{E04}\x{E25}\x{E19}"
      text run at (0,2676) width 7: "\""
      text run at (0,2695) width 26: "\x{E40}\x{E1B}\x{E47}\x{E19}"
      text run at (0,2714) width 11: "\x{E17}\x{E35}\x{E48}"
      text run at (0,2733) width 67: "\x{E04}\x{E23}\x{E2D}\x{E1A}\x{E04}\x{E23}\x{E31}\x{E27}"
      text run at (0,2752) width 11: "\x{E19}\x{E35}\x{E49}"
      text run at (0,2771) width 17: "\x{E08}\x{E30}"
      text run at (0,2790) width 22: "\x{E21}\x{E38}\x{E14}"
      text run at (0,2809) width 24: "\x{E40}\x{E02}\x{E49}\x{E32}"
      text run at (0,2828) width 19: "\x{E44}\x{E1B}"
      text run at (0,2847) width 27: "\x{E40}\x{E21}\x{E37}\x{E48}\x{E2D}"
      text run at (0,2866) width 26: "\x{E40}\x{E01}\x{E34}\x{E14}"
      text run at (0,2885) width 21: "\x{E25}\x{E21}"
      text run at (0,2904) width 30: "\x{E21}\x{E2B}\x{E32}"
      text run at (0,2923) width 20: "\x{E20}\x{E31}\x{E22}"
      text run at (0,2942) width 18: "\x{E0B}\x{E36}\x{E48}\x{E07}"
      text run at (0,2961) width 56: "\x{E01}\x{E23}\x{E30}\x{E42}\x{E0A}\x{E01}"
      text run at (0,2980) width 26: "\x{E41}\x{E23}\x{E07}"
      text run at (0,2999) width 20: "\x{E08}\x{E19}"
      text run at (0,3018) width 20: "\x{E1A}\x{E14}"
      text run at (0,3037) width 20: "\x{E02}\x{E22}\x{E35}\x{E49}"
      text run at (0,3056) width 18: "\x{E2A}\x{E34}\x{E48}\x{E07}"
      text run at (0,3075) width 21: "\x{E01}\x{E48}\x{E2D}"
      text run at (0,3094) width 35: "\x{E2A}\x{E23}\x{E49}\x{E32}\x{E07}"
      text run at (0,3113) width 18: "\x{E43}\x{E14}"
      text run at (0,3132) width 10: "\x{E46}"
      text run at (0,3151) width 11: "\x{E17}\x{E35}\x{E48}"
      text run at (0,3170) width 35: "\x{E02}\x{E27}\x{E32}\x{E07}"
      text run at (0,3189) width 27: "\x{E17}\x{E32}\x{E07}"
      text run at (0,3208) width 22: "\x{E21}\x{E31}\x{E19}"
      text run at (0,3227) width 19: "\x{E44}\x{E14}\x{E49}"
      text run at (0,3246) width 27: "\x{E15}\x{E23}\x{E07}"
      text run at (0,3265) width 36: "\x{E01}\x{E25}\x{E32}\x{E07}"
      text run at (0,3284) width 23: "\x{E1E}\x{E37}\x{E49}\x{E19}"
      text run at (0,3303) width 11: "\x{E21}\x{E35}"
      text run at (0,3322) width 19: "\x{E1D}\x{E32}"
      text run at (0,3341) width 26: "\x{E40}\x{E1B}\x{E34}\x{E14}"
      text run at (0,3360) width 24: "\x{E40}\x{E02}\x{E49}\x{E32}"
      text run at (0,3379) width 19: "\x{E44}\x{E1B}"
      text run at (0,3398) width 28: "\x{E08}\x{E32}\x{E01}"
      text run at (0,3417) width 22: "\x{E19}\x{E31}\x{E49}\x{E19}"
      text run at (0,3436) width 11: "\x{E21}\x{E35}"
      text run at (0,3455) width 40: "\x{E1A}\x{E31}\x{E19}\x{E44}\x{E14}"
      text run at (0,3474) width 18: "\x{E25}\x{E07}"
      text run at (0,3493) width 19: "\x{E44}\x{E1B}"
      text run at (0,3512) width 18: "\x{E16}\x{E36}\x{E07}"
      text run at (0,3531) width 38: "\x{E42}\x{E1E}\x{E23}\x{E07}"
      text run at (0,3550) width 22: "\x{E21}\x{E37}\x{E14}"
      text run at (0,3569) width 26: "\x{E40}\x{E25}\x{E47}\x{E01}"
      text run at (0,3588) width 10: "\x{E46}"
      text run at (0,3607) width 27: "\x{E40}\x{E21}\x{E37}\x{E48}\x{E2D}"
      text run at (0,3626) width 20: "\x{E42}\x{E14}"
      text run at (0,3645) width 27: "\x{E42}\x{E23}\x{E18}"
      text run at (0,3663) width 0: "\x{E35}"
      text run at (0,3682) width 20: "\x{E22}\x{E37}\x{E19}"
      text run at (0,3701) width 11: "\x{E17}\x{E35}\x{E48}"
      text run at (0,3720) width 29: "\x{E1B}\x{E32}\x{E01}"
      text run at (0,3739) width 37: "\x{E1B}\x{E23}\x{E30}\x{E15}\x{E39}"
      text run at (0,3758) width 27: "\x{E41}\x{E25}\x{E30}"
      text run at (0,3777) width 29: "\x{E21}\x{E2D}\x{E07}"
      text run at (0,3796) width 19: "\x{E44}\x{E1B}"
      text run at (0,3815) width 29: "\x{E23}\x{E2D}\x{E1A}"
      text run at (0,3834) width 10: "\x{E46}"
      text run at (0,3853) width 25: "\x{E40}\x{E18}\x{E2D}"
      text run at (0,3872) width 20: "\x{E44}\x{E21}\x{E48}"
      text run at (0,3891) width 27: "\x{E40}\x{E2B}\x{E47}\x{E19}"
      text run at (0,3910) width 36: "\x{E2D}\x{E30}\x{E44}\x{E23}"
      text run at (0,3929) width 32: "\x{E19}\x{E2D}\x{E01}"
      text run at (0,3948) width 28: "\x{E08}\x{E32}\x{E01}"
      text run at (0,3967) width 29: "\x{E17}\x{E49}\x{E2D}\x{E07}"
      text run at (0,3986) width 19: "\x{E17}\x{E38}\x{E48}\x{E07}"
      text run at (0,4005) width 35: "\x{E01}\x{E27}\x{E49}\x{E32}\x{E07}"
      text run at (0,4024) width 10: "\x{E2A}\x{E35}"
      text run at (0,4043) width 25: "\x{E40}\x{E17}\x{E32}"
      text run at (0,4062) width 32: "\x{E2B}\x{E21}\x{E48}\x{E19}"
      text run at (0,4081) width 19: "\x{E17}\x{E31}\x{E48}\x{E27}"
      text run at (0,4100) width 21: "\x{E17}\x{E38}\x{E01}"
      text run at (0,4119) width 30: "\x{E14}\x{E49}\x{E32}\x{E19}"
      text run at (0,4138) width 20: "\x{E44}\x{E21}\x{E48}"
      text run at (0,4157) width 11: "\x{E21}\x{E35}"
      text run at (0,4176) width 20: "\x{E41}\x{E21}\x{E49}"
      text run at (0,4195) width 41: "\x{E15}\x{E49}\x{E19}\x{E44}\x{E21}\x{E49}"
      text run at (0,4214) width 20: "\x{E2A}\x{E31}\x{E01}"
      text run at (0,4233) width 22: "\x{E15}\x{E49}\x{E19}"
      text run at (0,4252) width 30: "\x{E2B}\x{E23}\x{E37}\x{E2D}"
      text run at (0,4271) width 29: "\x{E1A}\x{E49}\x{E32}\x{E19}"
      text run at (0,4290) width 20: "\x{E2A}\x{E31}\x{E01}"
      text run at (0,4309) width 28: "\x{E2B}\x{E25}\x{E31}\x{E07}"
      text run at (0,4328) width 11: "\x{E17}\x{E35}\x{E48}"
      text run at (0,4347) width 29: "\x{E42}\x{E1C}\x{E25}\x{E48}"
      text run at (0,4366) width 23: "\x{E1E}\x{E49}\x{E19}"
      text run at (0,4385) width 21: "\x{E20}\x{E39}\x{E21}\x{E34}"
      text run at (0,4404) width 53: "\x{E1B}\x{E23}\x{E30}\x{E40}\x{E17}\x{E28}"
      text run at (0,4423) width 22: "\x{E2D}\x{E31}\x{E19}"
      text run at (0,4442) width 27: "\x{E23}\x{E32}\x{E1A}"
      text run at (0,4461) width 33: "\x{E40}\x{E23}\x{E35}\x{E22}\x{E1A}"
      text run at (0,4480) width 20: "\x{E41}\x{E1C}\x{E48}"
      text run at (0,4499) width 19: "\x{E44}\x{E1B}"
      text run at (0,4518) width 29: "\x{E44}\x{E01}\x{E25}"
      text run at (0,4537) width 20: "\x{E08}\x{E19}"
      text run at (0,4556) width 19: "\x{E08}\x{E14}"
      text run at (0,4575) width 30: "\x{E02}\x{E2D}\x{E1A}"
      text run at (0,4594) width 21: "\x{E1F}\x{E49}\x{E32}"
      text run at (0,4613) width 19: "\x{E17}\x{E31}\x{E48}\x{E27}"
      text run at (0,4632) width 21: "\x{E17}\x{E38}\x{E01}"
      text run at (0,4651) width 21: "\x{E17}\x{E34}\x{E28}"
      text run at (0,4670) width 27: "\x{E14}\x{E27}\x{E07}"
      text run at (0,4689) width 38: "\x{E15}\x{E30}\x{E27}\x{E31}\x{E19}"
      text run at (0,4708) width 24: "\x{E40}\x{E1C}\x{E32}"
      text run at (0,4727) width 22: "\x{E1C}\x{E37}\x{E19}"
      text run at (0,4746) width 22: "\x{E14}\x{E34}\x{E19}"
      text run at (0,4765) width 11: "\x{E17}\x{E35}\x{E48}"
      text run at (0,4784) width 19: "\x{E44}\x{E16}"
      text run at (0,4803) width 27: "\x{E41}\x{E25}\x{E49}\x{E27}"
      text run at (0,4822) width 20: "\x{E08}\x{E19}"
      text run at (0,4841) width 38: "\x{E01}\x{E25}\x{E32}\x{E22}"
      text run at (0,4860) width 26: "\x{E40}\x{E1B}\x{E47}\x{E19}"
      text run at (0,4879) width 30: "\x{E41}\x{E1C}\x{E48}\x{E19}"
      text run at (0,4898) width 41: "\x{E21}\x{E2B}\x{E36}\x{E21}\x{E32}"
      text run at (0,4917) width 10: "\x{E2A}\x{E35}"
      text run at (0,4936) width 19: "\x{E14}\x{E33}"
      text run at (0,4955) width 11: "\x{E21}\x{E35}"
      text run at (0,4974) width 29: "\x{E23}\x{E2D}\x{E22}"
      text run at (0,4993) width 30: "\x{E41}\x{E15}\x{E01}"
      text run at (0,5012) width 44: "\x{E23}\x{E30}\x{E41}\x{E2B}\x{E07}"
      text run at (0,5031) width 20: "\x{E2D}\x{E22}\x{E39}\x{E48}"
      text run at (0,5050) width 41: "\x{E15}\x{E25}\x{E2D}\x{E14}"
      text run at (0,5069) width 39: "\x{E41}\x{E21}\x{E49}\x{E41}\x{E15}\x{E48}"
      text run at (0,5088) width 34: "\x{E2B}\x{E0D}\x{E49}\x{E32}"
      text run at (0,5107) width 11: "\x{E01}\x{E47}"
      text run at (0,5126) width 20: "\x{E44}\x{E21}\x{E48}"
      text run at (0,5145) width 33: "\x{E40}\x{E02}\x{E35}\x{E22}\x{E27}"
      text run at (0,5164) width 43: "\x{E40}\x{E1E}\x{E23}\x{E32}\x{E30}"
      text run at (0,5183) width 27: "\x{E14}\x{E27}\x{E07}"
      text run at (0,5202) width 38: "\x{E15}\x{E30}\x{E27}\x{E31}\x{E19}"
      text run at (0,5221) width 24: "\x{E40}\x{E1C}\x{E32}"
      text run at (0,5240) width 30: "\x{E22}\x{E2D}\x{E14}"
      text run at (0,5259) width 18: "\x{E43}\x{E1A}"
      text run at (0,5278) width 26: "\x{E22}\x{E32}\x{E27}"
      text run at (0,5297) width 24: "\x{E40}\x{E2A}\x{E35}\x{E22}"
      text run at (0,5316) width 20: "\x{E08}\x{E19}"
      text run at (0,5335) width 26: "\x{E40}\x{E1B}\x{E47}\x{E19}"
      text run at (0,5354) width 10: "\x{E2A}\x{E35}"
      text run at (0,5373) width 25: "\x{E40}\x{E17}\x{E32}"
      text run at (0,5392) width 32: "\x{E2B}\x{E21}\x{E48}\x{E19}"
      text run at (0,5411) width 29: "\x{E21}\x{E2D}\x{E07}"
      text run at (0,5430) width 27: "\x{E40}\x{E2B}\x{E47}\x{E19}"
      text run at (0,5449) width 20: "\x{E2D}\x{E22}\x{E39}\x{E48}"
      text run at (0,5468) width 19: "\x{E17}\x{E31}\x{E48}\x{E27}"
      text run at (0,5487) width 19: "\x{E44}\x{E1B}"
      text run at (0,5506) width 27: "\x{E04}\x{E23}\x{E31}\x{E49}\x{E07}"
      text run at (0,5525) width 29: "\x{E2B}\x{E19}\x{E36}\x{E48}\x{E07}"
      text run at (0,5544) width 25: "\x{E40}\x{E04}\x{E22}"
      text run at (0,5563) width 20: "\x{E17}\x{E32}"
      text run at (0,5582) width 10: "\x{E2A}\x{E35}"
      text run at (0,5601) width 29: "\x{E1A}\x{E49}\x{E32}\x{E19}"
      text run at (0,5620) width 24: "\x{E40}\x{E2D}\x{E32}"
      text run at (0,5639) width 18: "\x{E44}\x{E27}\x{E49}"
      text run at (0,5658) width 20: "\x{E41}\x{E15}\x{E48}"
      text run at (0,5677) width 11: "\x{E01}\x{E47}"
      text run at (0,5696) width 21: "\x{E16}\x{E39}\x{E01}"
      text run at (0,5715) width 27: "\x{E14}\x{E27}\x{E07}"
      text run at (0,5734) width 38: "\x{E15}\x{E30}\x{E27}\x{E31}\x{E19}"
      text run at (0,5753) width 24: "\x{E40}\x{E1C}\x{E32}"
      text run at (0,5772) width 24: "\x{E40}\x{E2A}\x{E35}\x{E22}"
      text run at (0,5791) width 20: "\x{E08}\x{E19}"
      text run at (0,5810) width 10: "\x{E2A}\x{E35}"
      text run at (0,5829) width 30: "\x{E1E}\x{E2D}\x{E07}"
      text run at (0,5848) width 27: "\x{E41}\x{E25}\x{E49}\x{E27}"
      text run at (0,5867) width 22: "\x{E1D}\x{E19}"
      text run at (0,5886) width 11: "\x{E01}\x{E47}"
      text run at (0,5905) width 18: "\x{E0A}\x{E30}"
      text run at (0,5924) width 22: "\x{E21}\x{E31}\x{E19}"
      text run at (0,5943) width 31: "\x{E2B}\x{E25}\x{E38}\x{E14}"
      text run at (0,5962) width 19: "\x{E44}\x{E1B}"
      text run at (0,5981) width 20: "\x{E08}\x{E19}"
      text run at (0,6000) width 32: "\x{E2B}\x{E21}\x{E14}"
      text run at (0,6019) width 27: "\x{E41}\x{E25}\x{E30}"
      text run at (0,6038) width 32: "\x{E15}\x{E2D}\x{E19}"
      text run at (0,6057) width 11: "\x{E19}\x{E35}\x{E49}"
      text run at (0,6076) width 29: "\x{E1A}\x{E49}\x{E32}\x{E19}"
      text run at (0,6095) width 17: "\x{E08}\x{E36}\x{E07}"
      text run at (0,6114) width 11: "\x{E14}\x{E39}"
      text run at (0,6133) width 72: "\x{E2B}\x{E21}\x{E48}\x{E19}\x{E2B}\x{E21}\x{E2D}\x{E07}"
      text run at (0,6152) width 26: "\x{E40}\x{E1B}\x{E47}\x{E19}"
      text run at (0,6171) width 10: "\x{E2A}\x{E35}"
      text run at (0,6190) width 25: "\x{E40}\x{E17}\x{E32}"
      text run at (0,6209) width 48: "\x{E40}\x{E2B}\x{E21}\x{E37}\x{E2D}\x{E19}"
      text run at (0,6228) width 18: "\x{E2A}\x{E34}\x{E48}\x{E07}"
      text run at (0,6247) width 22: "\x{E2D}\x{E37}\x{E48}\x{E19}"
      text run at (0,6266) width 10: "\x{E46}"
      text run at (0,6285) width 28: "\x{E14}\x{E49}\x{E27}\x{E22}"
      text run at (0,6304) width 32: "\x{E15}\x{E2D}\x{E19}"
      text run at (0,6323) width 11: "\x{E17}\x{E35}\x{E48}"
      text run at (0,6342) width 19: "\x{E1B}\x{E49}\x{E32}"
      text run at (0,6361) width 27: "\x{E40}\x{E2D}\x{E47}\x{E21}"
      text run at (0,6380) width 27: "\x{E22}\x{E49}\x{E32}\x{E22}"
      text run at (0,6399) width 20: "\x{E21}\x{E32}"
      text run at (0,6418) width 20: "\x{E2D}\x{E22}\x{E39}\x{E48}"
      text run at (0,6437) width 11: "\x{E17}\x{E35}\x{E48}"
      text run at (0,6456) width 11: "\x{E19}\x{E35}\x{E48}"
      text run at (0,6475) width 25: "\x{E40}\x{E18}\x{E2D}"
      text run at (0,6494) width 17: "\x{E22}\x{E31}\x{E07}"
      text run at (0,6513) width 27: "\x{E2A}\x{E32}\x{E27}"
      text run at (0,6532) width 26: "\x{E40}\x{E1B}\x{E47}\x{E19}"
      text run at (0,6551) width 46: "\x{E20}\x{E23}\x{E23}\x{E22}\x{E32}"
      text run at (0,6570) width 11: "\x{E17}\x{E35}\x{E48}"
      text run at (0,6589) width 45: "\x{E07}\x{E14}\x{E07}\x{E32}\x{E21}"
      text run at (0,6608) width 27: "\x{E41}\x{E25}\x{E49}\x{E27}"
      text run at (0,6627) width 30: "\x{E41}\x{E14}\x{E14}"
      text run at (0,6646) width 27: "\x{E41}\x{E25}\x{E30}"
      text run at (0,6665) width 21: "\x{E25}\x{E21}"
      text run at (0,6684) width 11: "\x{E01}\x{E47}"
      text run at (0,6703) width 19: "\x{E44}\x{E14}\x{E49}"
      text run at (0,6722) width 45: "\x{E40}\x{E1B}\x{E25}\x{E35}\x{E48}\x{E22}\x{E19}"
      text run at (0,6741) width 25: "\x{E40}\x{E18}\x{E2D}"
      text run at (0,6760) width 19: "\x{E44}\x{E1B}"
      text run at (0,6779) width 24: "\x{E40}\x{E2D}\x{E32}"
      text run at (0,6798) width 55: "\x{E1B}\x{E23}\x{E30}\x{E01}\x{E32}\x{E22}"
      text run at (0,6817) width 19: "\x{E44}\x{E1B}"
      text run at (0,6836) width 28: "\x{E08}\x{E32}\x{E01}"
      text run at (0,6855) width 46: "\x{E14}\x{E27}\x{E07}\x{E15}\x{E32}"
      text run at (0,6874) width 25: "\x{E40}\x{E18}\x{E2D}"
      text run at (0,6893) width 39: "\x{E1B}\x{E25}\x{E48}\x{E2D}\x{E22}"
      text run at (0,6912) width 18: "\x{E44}\x{E27}\x{E49}"
      text run at (0,6931) width 20: "\x{E41}\x{E15}\x{E48}"
      text run at (0,6950) width 38: "\x{E04}\x{E27}\x{E32}\x{E21}"
      text run at (0,6969) width 31: "\x{E2A}\x{E38}\x{E02}\x{E38}\x{E21}"
      text run at (0,6988) width 36: "\x{E2D}\x{E22}\x{E48}\x{E32}\x{E07}"
      text run at (0,7007) width 72: "\x{E2B}\x{E21}\x{E48}\x{E19}\x{E2B}\x{E21}\x{E2D}\x{E07}"
      text run at (0,7026) width 24: "\x{E40}\x{E2D}\x{E32}"
      text run at (0,7045) width 10: "\x{E2A}\x{E35}"
      text run at (0,7064) width 27: "\x{E41}\x{E14}\x{E07}"
      text run at (0,7083) width 28: "\x{E08}\x{E32}\x{E01}"
      text run at (0,7102) width 30: "\x{E41}\x{E01}\x{E49}\x{E21}"
      text run at (0,7121) width 27: "\x{E41}\x{E25}\x{E30}"
      text run at (0,7140) width 20: "\x{E23}\x{E34}\x{E21}"
      text run at (0,7159) width 39: "\x{E1D}\x{E35}\x{E1B}\x{E32}\x{E01}"
      text run at (0,7178) width 25: "\x{E40}\x{E18}\x{E2D}"
      text run at (0,7197) width 19: "\x{E44}\x{E1B}"
      text run at (0,7216) width 38: "\x{E01}\x{E25}\x{E32}\x{E22}"
      text run at (0,7235) width 26: "\x{E40}\x{E1B}\x{E47}\x{E19}"
      text run at (0,7254) width 10: "\x{E2A}\x{E35}"
      text run at (0,7273) width 32: "\x{E2B}\x{E21}\x{E48}\x{E19}"
      text run at (0,7292) width 10: "\x{E46}"
      text run at (0,7311) width 48: "\x{E40}\x{E2B}\x{E21}\x{E37}\x{E2D}\x{E19}"
      text run at (0,7330) width 21: "\x{E01}\x{E31}\x{E19}"
      text run at (0,7349) width 25: "\x{E40}\x{E18}\x{E2D}"
      text run at (0,7368) width 32: "\x{E1C}\x{E2D}\x{E21}"
      text run at (0,7387) width 27: "\x{E41}\x{E25}\x{E30}"
      text run at (0,7406) width 28: "\x{E2B}\x{E25}\x{E31}\x{E07}"
      text run at (0,7425) width 27: "\x{E42}\x{E04}\x{E49}\x{E07}"
      text run at (0,7444) width 27: "\x{E41}\x{E25}\x{E30}"
      text run at (0,7463) width 33: "\x{E40}\x{E14}\x{E35}\x{E4B}\x{E22}\x{E27}"
      text run at (0,7482) width 11: "\x{E19}\x{E35}\x{E49}"
      text run at (0,7501) width 20: "\x{E44}\x{E21}\x{E48}"
      text run at (0,7520) width 25: "\x{E40}\x{E04}\x{E22}"
      text run at (0,7539) width 20: "\x{E22}\x{E34}\x{E49}\x{E21}"
      text run at (0,7558) width 24: "\x{E40}\x{E25}\x{E22}"
      text run at (0,7577) width 27: "\x{E40}\x{E21}\x{E37}\x{E48}\x{E2D}"
      text run at (0,7596) width 20: "\x{E42}\x{E14}"
      text run at (0,7615) width 27: "\x{E42}\x{E23}\x{E18}"
      text run at (0,7633) width 0: "\x{E35}"
      text run at (0,7652) width 18: "\x{E0B}\x{E36}\x{E48}\x{E07}"
      text run at (0,7671) width 26: "\x{E40}\x{E1B}\x{E47}\x{E19}"
      text run at (0,7690) width 26: "\x{E40}\x{E14}\x{E47}\x{E01}"
      text run at (0,7709) width 48: "\x{E01}\x{E33}\x{E1E}\x{E23}\x{E49}\x{E32}"
      text run at (0,7728) width 20: "\x{E21}\x{E32}"
      text run at (0,7747) width 20: "\x{E2D}\x{E22}\x{E39}\x{E48}"
      text run at (0,7766) width 20: "\x{E01}\x{E31}\x{E1A}"
      text run at (0,7785) width 25: "\x{E40}\x{E18}\x{E2D}"
      text run at (0,7804) width 32: "\x{E15}\x{E2D}\x{E19}"
      text run at (0,7823) width 28: "\x{E41}\x{E23}\x{E01}"
      text run at (0,7842) width 19: "\x{E1B}\x{E49}\x{E32}"
      text run at (0,7861) width 27: "\x{E40}\x{E2D}\x{E47}\x{E21}"
      text run at (0,7880) width 22: "\x{E15}\x{E37}\x{E48}\x{E19}"
      text run at (0,7899) width 27: "\x{E40}\x{E15}\x{E49}\x{E19}"
      text run at (0,7918) width 20: "\x{E01}\x{E31}\x{E1A}"
      text run at (0,7937) width 32: "\x{E40}\x{E2A}\x{E35}\x{E22}\x{E07}"
      text run at (0,7956) width 50: "\x{E2B}\x{E31}\x{E27}\x{E40}\x{E23}\x{E32}\x{E30}"
      text run at (0,7975) width 28: "\x{E02}\x{E2D}\x{E07}"
      text run at (0,7994) width 26: "\x{E40}\x{E14}\x{E47}\x{E01}"
      text run at (0,8013) width 31: "\x{E19}\x{E49}\x{E2D}\x{E22}"
      text run at (0,8032) width 30: "\x{E21}\x{E32}\x{E01}"
      text run at (0,8051) width 25: "\x{E40}\x{E18}\x{E2D}"
      text run at (0,8070) width 17: "\x{E08}\x{E30}"
      text run at (0,8089) width 18: "\x{E2A}\x{E48}\x{E07}"
      text run at (0,8108) width 32: "\x{E40}\x{E2A}\x{E35}\x{E22}\x{E07}"
      text run at (0,8127) width 27: "\x{E23}\x{E49}\x{E2D}\x{E07}"
      text run at (0,8146) width 27: "\x{E41}\x{E25}\x{E49}\x{E27}"
      text run at (0,8165) width 24: "\x{E40}\x{E2D}\x{E32}"
      text run at (0,8184) width 22: "\x{E21}\x{E37}\x{E2D}"
      text run at (0,8203) width 29: "\x{E17}\x{E32}\x{E1A}"
      text run at (0,8222) width 21: "\x{E2D}\x{E01}"
      text run at (0,8241) width 21: "\x{E17}\x{E38}\x{E01}"
      text run at (0,8260) width 27: "\x{E04}\x{E23}\x{E31}\x{E49}\x{E07}"
      text run at (0,8279) width 11: "\x{E17}\x{E35}\x{E48}"
      text run at (0,8298) width 32: "\x{E40}\x{E2A}\x{E35}\x{E22}\x{E07}"
      text run at (0,8317) width 22: "\x{E2D}\x{E31}\x{E19}"
      text run at (0,8336) width 39: "\x{E23}\x{E48}\x{E32}\x{E40}\x{E23}\x{E34}\x{E07}"
      text run at (0,8355) width 28: "\x{E02}\x{E2D}\x{E07}"
      text run at (0,8374) width 20: "\x{E42}\x{E14}"
      text run at (0,8393) width 27: "\x{E42}\x{E23}\x{E18}"
      text run at (0,8411) width 0: "\x{E35}"
      text run at (0,8430) width 24: "\x{E40}\x{E02}\x{E49}\x{E32}"
      text run at (0,8449) width 11: "\x{E2B}\x{E39}"
      text run at (0,8468) width 25: "\x{E40}\x{E18}\x{E2D}"
      text run at (0,8487) width 27: "\x{E41}\x{E25}\x{E30}"
      text run at (0,8506) width 25: "\x{E40}\x{E18}\x{E2D}"
      text run at (0,8525) width 24: "\x{E40}\x{E1D}\x{E49}\x{E32}"
      text run at (0,8544) width 29: "\x{E21}\x{E2D}\x{E07}"
      text run at (0,8563) width 26: "\x{E40}\x{E14}\x{E47}\x{E01}"
      text run at (0,8582) width 33: "\x{E2B}\x{E0D}\x{E34}\x{E07}"
      text run at (0,8601) width 31: "\x{E19}\x{E49}\x{E2D}\x{E22}"
      text run at (0,8620) width 10: "\x{E46}"
      text run at (0,8639) width 28: "\x{E14}\x{E49}\x{E27}\x{E22}"
      text run at (0,8658) width 38: "\x{E04}\x{E27}\x{E32}\x{E21}"
      text run at (0,8677) width 66: "\x{E1B}\x{E23}\x{E30}\x{E2B}\x{E25}\x{E32}\x{E14}"
      text run at (0,8696) width 16: "\x{E43}\x{E08}"
      text run at (0,8715) width 28: "\x{E14}\x{E49}\x{E27}\x{E22}"
      text run at (0,8734) width 17: "\x{E22}\x{E31}\x{E07}"
      text run at (0,8753) width 19: "\x{E2B}\x{E32}"
      text run at (0,8772) width 36: "\x{E2D}\x{E30}\x{E44}\x{E23}"
      text run at (0,8791) width 20: "\x{E21}\x{E32}"
      text run at (0,8810) width 26: "\x{E40}\x{E1B}\x{E47}\x{E19}"
      text run at (0,8829) width 32: "\x{E40}\x{E23}\x{E37}\x{E48}\x{E2D}\x{E07}"
      text run at (0,8848) width 50: "\x{E2B}\x{E31}\x{E27}\x{E40}\x{E23}\x{E32}\x{E30}"
      text run at (0,8867) width 19: "\x{E44}\x{E14}\x{E49}"
      text run at (0,8886) width 18: "\x{E25}\x{E38}\x{E07}"
      text run at (0,8905) width 16: "\x{E40}\x{E2E}"
      text run at (0,8924) width 20: "\x{E19}\x{E23}\x{E35}"
      text run at (0,8943) width 20: "\x{E44}\x{E21}\x{E48}"
      text run at (0,8962) width 25: "\x{E40}\x{E04}\x{E22}"
      text run at (0,8981) width 50: "\x{E2B}\x{E31}\x{E27}\x{E40}\x{E23}\x{E32}\x{E30}"
      text run at (0,9000) width 18: "\x{E25}\x{E38}\x{E07}"
      text run at (0,9019) width 46: "\x{E17}\x{E33}\x{E07}\x{E32}\x{E19}"
      text run at (0,9038) width 32: "\x{E2B}\x{E19}\x{E31}\x{E01}"
      text run at (0,9057) width 28: "\x{E08}\x{E32}\x{E01}"
      text run at (0,9076) width 24: "\x{E40}\x{E0A}\x{E49}\x{E32}"
      text run at (0,9095) width 20: "\x{E22}\x{E31}\x{E19}"
      text run at (0,9114) width 19: "\x{E04}\x{E48}\x{E33}"
      text run at (0,9133) width 27: "\x{E41}\x{E25}\x{E30}"
      text run at (0,9152) width 20: "\x{E44}\x{E21}\x{E48}"
      text run at (0,9171) width 25: "\x{E40}\x{E04}\x{E22}"
      text run at (0,9190) width 28: "\x{E23}\x{E39}\x{E49}\x{E08}\x{E31}\x{E01}"
      text run at (0,9209) width 17: "\x{E27}\x{E48}\x{E32}"
      text run at (0,9228) width 38: "\x{E04}\x{E27}\x{E32}\x{E21}"
      text run at (0,9247) width 39: "\x{E23}\x{E48}\x{E32}\x{E40}\x{E23}\x{E34}\x{E07}"
      text run at (0,9266) width 21: "\x{E04}\x{E37}\x{E2D}"
      text run at (0,9285) width 36: "\x{E2D}\x{E30}\x{E44}\x{E23}"
      text run at (0,9304) width 18: "\x{E25}\x{E38}\x{E07}"
      text run at (0,9323) width 11: "\x{E14}\x{E39}"
      text run at (0,9342) width 72: "\x{E2B}\x{E21}\x{E48}\x{E19}\x{E2B}\x{E21}\x{E2D}\x{E07}"
      text run at (0,9361) width 19: "\x{E44}\x{E1B}"
      text run at (0,9380) width 32: "\x{E2B}\x{E21}\x{E14}"
      text run at (0,9399) width 18: "\x{E15}\x{E31}\x{E49}\x{E07}"
      text run at (0,9418) width 20: "\x{E41}\x{E15}\x{E48}"
      text run at (0,9437) width 33: "\x{E40}\x{E04}\x{E23}\x{E32}"
      text run at (0,9456) width 26: "\x{E22}\x{E32}\x{E27}"
      text run at (0,9475) width 20: "\x{E08}\x{E19}"
      text run at (0,9494) width 19: "\x{E08}\x{E14}"
      text run at (0,9513) width 51: "\x{E23}\x{E2D}\x{E07}\x{E40}\x{E17}\x{E49}\x{E32}"
      text run at (0,9532) width 20: "\x{E1A}\x{E39}\x{E15}"
      text run at (0,9551) width 22: "\x{E2D}\x{E31}\x{E19}"
      text run at (0,9570) width 38: "\x{E2B}\x{E22}\x{E32}\x{E1A}"
      text run at (0,9589) width 27: "\x{E41}\x{E25}\x{E49}\x{E27}"
      text run at (0,9608) width 18: "\x{E25}\x{E38}\x{E07}"
      text run at (0,9627) width 11: "\x{E01}\x{E47}"
      text run at (0,9646) width 11: "\x{E14}\x{E39}"
      text run at (0,9665) width 62: "\x{E40}\x{E04}\x{E23}\x{E48}\x{E07}\x{E02}\x{E23}\x{E36}\x{E21}"
      text run at (0,9684) width 20: "\x{E19}\x{E48}\x{E32}"
      text run at (0,9703) width 32: "\x{E40}\x{E01}\x{E23}\x{E07}"
      text run at (0,9722) width 30: "\x{E02}\x{E32}\x{E21}"
      text run at (0,9741) width 20: "\x{E44}\x{E21}\x{E48}"
      text run at (0,9760) width 30: "\x{E04}\x{E48}\x{E2D}\x{E22}"
      text run at (0,9779) width 17: "\x{E08}\x{E30}"
      text run at (0,9798) width 23: "\x{E1E}\x{E39}\x{E14}"
      text run at (0,9817) width 11: "\x{E21}\x{E35}"
      text run at (0,9836) width 20: "\x{E42}\x{E15}"
      text run at (0,9855) width 20: "\x{E42}\x{E15}\x{E49}"
      text run at (0,9874) width 11: "\x{E17}\x{E35}\x{E48}"
      text run at (0,9893) width 20: "\x{E17}\x{E33}"
      text run at (0,9912) width 18: "\x{E43}\x{E2B}\x{E49}"
      text run at (0,9931) width 20: "\x{E42}\x{E14}"
      text run at (0,9950) width 27: "\x{E42}\x{E23}\x{E18}"
      text run at (0,9968) width 0: "\x{E35}"
      text run at (0,9987) width 50: "\x{E2B}\x{E31}\x{E27}\x{E40}\x{E23}\x{E32}\x{E30}"
      text run at (0,10006) width 19: "\x{E44}\x{E14}\x{E49}"
      text run at (0,10025) width 27: "\x{E41}\x{E25}\x{E30}"
      text run at (0,10044) width 28: "\x{E0A}\x{E48}\x{E27}\x{E22}"
      text run at (0,10063) width 25: "\x{E40}\x{E18}\x{E2D}"
      text run at (0,10082) width 18: "\x{E43}\x{E2B}\x{E49}"
      text run at (0,10101) width 23: "\x{E1E}\x{E49}\x{E19}"
      text run at (0,10120) width 28: "\x{E08}\x{E32}\x{E01}"
      text run at (0,10139) width 28: "\x{E01}\x{E32}\x{E23}"
      text run at (0,10158) width 38: "\x{E01}\x{E25}\x{E32}\x{E22}"
      text run at (0,10177) width 26: "\x{E40}\x{E1B}\x{E47}\x{E19}"
      text run at (0,10196) width 10: "\x{E2A}\x{E35}"
      text run at (0,10215) width 25: "\x{E40}\x{E17}\x{E32}"
      text run at (0,10234) width 32: "\x{E2B}\x{E21}\x{E48}\x{E19}"
      text run at (0,10253) width 48: "\x{E40}\x{E2B}\x{E21}\x{E37}\x{E2D}\x{E19}"
      text run at (0,10272) width 20: "\x{E01}\x{E31}\x{E1A}"
      text run at (0,10291) width 18: "\x{E2A}\x{E34}\x{E48}\x{E07}"
      text run at (0,10310) width 29: "\x{E23}\x{E2D}\x{E1A}"
      text run at (0,10329) width 19: "\x{E15}\x{E31}\x{E27}"
      text run at (0,10348) width 22: "\x{E2D}\x{E37}\x{E48}\x{E19}"
      text run at (0,10367) width 10: "\x{E46}"
      text run at (0,10386) width 20: "\x{E42}\x{E15}"
      text run at (0,10405) width 20: "\x{E42}\x{E15}\x{E49}"
      text run at (0,10424) width 10: "\x{E2A}\x{E35}"
      text run at (0,10443) width 20: "\x{E44}\x{E21}\x{E48}"
      text run at (0,10462) width 25: "\x{E40}\x{E17}\x{E32}"
      text run at (0,10481) width 32: "\x{E2B}\x{E21}\x{E48}\x{E19}"
      text run at (0,10500) width 20: "\x{E41}\x{E15}\x{E48}"
      text run at (0,10519) width 22: "\x{E21}\x{E31}\x{E19}"
      text run at (0,10538) width 26: "\x{E40}\x{E1B}\x{E47}\x{E19}"
      text run at (0,10557) width 30: "\x{E2B}\x{E21}\x{E32}"
      text run at (0,10576) width 10: "\x{E2A}\x{E35}"
      text run at (0,10595) width 19: "\x{E14}\x{E33}"
      text run at (0,10614) width 19: "\x{E15}\x{E31}\x{E27}"
      text run at (0,10633) width 31: "\x{E19}\x{E49}\x{E2D}\x{E22}"
      text run at (0,10652) width 10: "\x{E46}"
      text run at (0,10671) width 21: "\x{E02}\x{E19}"
      text run at (0,10690) width 26: "\x{E22}\x{E32}\x{E27}"
      text run at (0,10709) width 19: "\x{E1B}\x{E38}\x{E22}"
      text run at (0,10728) width 26: "\x{E23}\x{E32}\x{E27}"
      text run at (0,10747) width 20: "\x{E01}\x{E31}\x{E1A}"
      text run at (0,10766) width 30: "\x{E44}\x{E2B}\x{E21}"
      text run at (0,10785) width 11: "\x{E21}\x{E35}"
      text run at (0,10804) width 19: "\x{E15}\x{E32}"
      text run at (0,10823) width 19: "\x{E14}\x{E33}"
      text run at (0,10842) width 26: "\x{E40}\x{E25}\x{E47}\x{E01}"
      text run at (0,10861) width 26: "\x{E40}\x{E1B}\x{E47}\x{E19}"
      text run at (0,10880) width 55: "\x{E1B}\x{E23}\x{E30}\x{E01}\x{E32}\x{E22}"
      text run at (0,10899) width 42: "\x{E23}\x{E37}\x{E48}\x{E19}\x{E40}\x{E23}\x{E34}\x{E07}"
      text run at (0,10918) width 20: "\x{E2D}\x{E22}\x{E39}\x{E48}"
      text run at (0,10937) width 28: "\x{E2A}\x{E2D}\x{E07}"
      text run at (0,10956) width 27: "\x{E02}\x{E49}\x{E32}\x{E07}"
      text run at (0,10975) width 30: "\x{E08}\x{E21}\x{E39}\x{E01}"
      text run at (0,10994) width 26: "\x{E40}\x{E25}\x{E47}\x{E01}"
      text run at (0,11013) width 22: "\x{E2D}\x{E31}\x{E19}"
      text run at (0,11032) width 20: "\x{E19}\x{E48}\x{E32}"
      text run at (0,11051) width 21: "\x{E02}\x{E31}\x{E19}"
      text run at (0,11070) width 28: "\x{E02}\x{E2D}\x{E07}"
      text run at (0,11089) width 22: "\x{E21}\x{E31}\x{E19}"
      text run at (0,11108) width 20: "\x{E42}\x{E15}"
      text run at (0,11127) width 20: "\x{E42}\x{E15}\x{E49}"
      text run at (0,11146) width 26: "\x{E40}\x{E25}\x{E48}\x{E19}"
      text run at (0,11165) width 19: "\x{E17}\x{E31}\x{E49}\x{E07}"
      text run at (0,11184) width 20: "\x{E27}\x{E31}\x{E19}"
      text run at (0,11203) width 27: "\x{E41}\x{E25}\x{E30}"
      text run at (0,11222) width 20: "\x{E42}\x{E14}"
      text run at (0,11241) width 27: "\x{E42}\x{E23}\x{E18}"
      text run at (0,11259) width 0: "\x{E35}"
      text run at (0,11278) width 11: "\x{E01}\x{E47}"
      text run at (0,11297) width 26: "\x{E40}\x{E25}\x{E48}\x{E19}"
      text run at (0,11316) width 20: "\x{E01}\x{E31}\x{E1A}"
      text run at (0,11335) width 22: "\x{E21}\x{E31}\x{E19}"
      text run at (0,11354) width 27: "\x{E41}\x{E25}\x{E30}"
      text run at (0,11373) width 19: "\x{E23}\x{E31}\x{E01}"
      text run at (0,11392) width 22: "\x{E21}\x{E31}\x{E19}"
      text run at (0,11411) width 36: "\x{E40}\x{E2B}\x{E25}\x{E37}\x{E2D}"
      text run at (0,11430) width 27: "\x{E40}\x{E01}\x{E34}\x{E19}"
      text run at (0,11449) width 53: "\x{E2D}\x{E22}\x{E48}\x{E32}\x{E07}\x{E44}\x{E23}"
      text run at (0,11468) width 11: "\x{E01}\x{E47}"
      text run at (0,11487) width 30: "\x{E15}\x{E32}\x{E21}"
      text run at (0,11506) width 20: "\x{E27}\x{E31}\x{E19}"
      text run at (0,11525) width 11: "\x{E19}\x{E35}\x{E49}"
      text run at (0,11544) width 19: "\x{E17}\x{E31}\x{E49}\x{E07}"
      text run at (0,11563) width 11: "\x{E04}\x{E39}\x{E48}"
      text run at (0,11582) width 20: "\x{E44}\x{E21}\x{E48}"
      text run at (0,11601) width 19: "\x{E44}\x{E14}\x{E49}"
      text run at (0,11620) width 26: "\x{E40}\x{E25}\x{E48}\x{E19}"
      text run at (0,11639) width 18: "\x{E25}\x{E38}\x{E07}"
      text run at (0,11658) width 16: "\x{E40}\x{E2E}"
      text run at (0,11677) width 20: "\x{E19}\x{E23}\x{E35}"
      text run at (0,11696) width 19: "\x{E19}\x{E31}\x{E48}\x{E07}"
      text run at (0,11715) width 20: "\x{E2D}\x{E22}\x{E39}\x{E48}"
      text run at (0,11734) width 11: "\x{E17}\x{E35}\x{E48}"
      text run at (0,11753) width 40: "\x{E1A}\x{E31}\x{E19}\x{E44}\x{E14}"
      text run at (0,11772) width 37: "\x{E1B}\x{E23}\x{E30}\x{E15}\x{E39}"
      text run at (0,11791) width 27: "\x{E41}\x{E25}\x{E30}"
      text run at (0,11810) width 24: "\x{E40}\x{E1D}\x{E49}\x{E32}"
      text run at (0,11829) width 36: "\x{E01}\x{E31}\x{E07}\x{E27}\x{E25}"
      text run at (0,11848) width 27: "\x{E08}\x{E49}\x{E2D}\x{E07}"
      text run at (0,11867) width 11: "\x{E14}\x{E39}"
      text run at (0,11886) width 29: "\x{E17}\x{E49}\x{E2D}\x{E07}"
      text run at (0,11905) width 21: "\x{E1F}\x{E49}\x{E32}"
      text run at (0,11924) width 10: "\x{E2A}\x{E35}"
      text run at (0,11943) width 25: "\x{E40}\x{E17}\x{E32}"
      text run at (0,11962) width 32: "\x{E2B}\x{E21}\x{E48}\x{E19}"
      text run at (0,11981) width 21: "\x{E1C}\x{E34}\x{E14}"
      text run at (0,12000) width 31: "\x{E1B}\x{E01}\x{E15}\x{E34}"
      text run at (0,12019) width 20: "\x{E42}\x{E14}"
      text run at (0,12038) width 27: "\x{E42}\x{E23}\x{E18}"
      text run at (0,12056) width 0: "\x{E35}"
      text run at (0,12075) width 20: "\x{E22}\x{E37}\x{E19}"
      text run at (0,12094) width 11: "\x{E17}\x{E35}\x{E48}"
      text run at (0,12113) width 37: "\x{E1B}\x{E23}\x{E30}\x{E15}\x{E39}"
      text run at (0,12132) width 31: "\x{E01}\x{E2D}\x{E14}"
      text run at (0,12151) width 20: "\x{E42}\x{E15}"
      text run at (0,12170) width 20: "\x{E42}\x{E15}\x{E49}"
      text run at (0,12189) width 18: "\x{E44}\x{E27}\x{E49}"
      text run at (0,12208) width 19: "\x{E43}\x{E19}"
      text run at (0,12227) width 32: "\x{E2D}\x{E49}\x{E2D}\x{E21}"
      text run at (0,12246) width 30: "\x{E41}\x{E02}\x{E19}"
      text run at (0,12265) width 27: "\x{E41}\x{E25}\x{E30}"
      text run at (0,12284) width 11: "\x{E01}\x{E47}"
      text run at (0,12303) width 29: "\x{E21}\x{E2D}\x{E07}"
      text run at (0,12322) width 11: "\x{E14}\x{E39}"
      text run at (0,12341) width 29: "\x{E17}\x{E49}\x{E2D}\x{E07}"
      text run at (0,12360) width 21: "\x{E1F}\x{E49}\x{E32}"
      text run at (0,12379) width 20: "\x{E2D}\x{E22}\x{E39}\x{E48}"
      text run at (0,12398) width 48: "\x{E40}\x{E2B}\x{E21}\x{E37}\x{E2D}\x{E19}"
      text run at (0,12417) width 21: "\x{E01}\x{E31}\x{E19}"
      text run at (0,12436) width 19: "\x{E1B}\x{E49}\x{E32}"
      text run at (0,12455) width 27: "\x{E40}\x{E2D}\x{E47}\x{E21}"
      text run at (0,12474) width 36: "\x{E01}\x{E33}\x{E25}\x{E31}\x{E07}"
      text run at (0,12493) width 26: "\x{E25}\x{E49}\x{E32}\x{E07}"
      text run at (0,12512) width 30: "\x{E0A}\x{E32}\x{E21}"
      text run at (0,12531) width 20: "\x{E2D}\x{E22}\x{E39}\x{E48}"
      text run at (0,12550) width 28: "\x{E08}\x{E32}\x{E01}"
      text run at (0,12569) width 30: "\x{E14}\x{E49}\x{E32}\x{E19}"
      text run at (0,12588) width 37: "\x{E40}\x{E2B}\x{E19}\x{E37}\x{E2D}"
      text run at (0,12607) width 29: "\x{E44}\x{E01}\x{E25}"
      text run at (0,12626) width 31: "\x{E2D}\x{E2D}\x{E01}"
      text run at (0,12645) width 19: "\x{E44}\x{E1B}"
      text run at (0,12664) width 11: "\x{E21}\x{E35}"
      text run at (0,12683) width 32: "\x{E40}\x{E2A}\x{E35}\x{E22}\x{E07}"
      text run at (0,12702) width 21: "\x{E25}\x{E21}"
      text run at (0,12721) width 36: "\x{E04}\x{E23}\x{E32}\x{E07}"
      text run at (0,12740) width 28: "\x{E41}\x{E1C}\x{E48}\x{E27}"
      text run at (0,12759) width 24: "\x{E40}\x{E1A}\x{E32}"
      text run at (0,12778) width 39: "\x{E44}\x{E14}\x{E49}\x{E22}\x{E34}\x{E19}"
      text run at (0,12797) width 20: "\x{E21}\x{E32}"
      text run at (0,12816) width 18: "\x{E25}\x{E38}\x{E07}"
      text run at (0,12835) width 16: "\x{E40}\x{E2E}"
      text run at (0,12854) width 20: "\x{E19}\x{E23}\x{E35}"
      text run at (0,12873) width 27: "\x{E41}\x{E25}\x{E30}"
      text run at (0,12892) width 20: "\x{E42}\x{E14}"
      text run at (0,12911) width 27: "\x{E42}\x{E23}\x{E18}"
      text run at (0,12929) width 0: "\x{E35}"
      text run at (0,12948) width 27: "\x{E40}\x{E2B}\x{E47}\x{E19}"
      text run at (0,12967) width 22: "\x{E15}\x{E49}\x{E19}"
      text run at (0,12986) width 34: "\x{E2B}\x{E0D}\x{E49}\x{E32}"
      text run at (0,13005) width 18: "\x{E2A}\x{E39}\x{E07}"
      text run at (0,13024) width 27: "\x{E40}\x{E2D}\x{E19}"
      text run at (0,13043) width 26: "\x{E40}\x{E1B}\x{E47}\x{E19}"
      text run at (0,13062) width 31: "\x{E04}\x{E25}\x{E37}\x{E48}\x{E19}"
      text run at (0,13081) width 32: "\x{E01}\x{E48}\x{E2D}\x{E19}"
      text run at (0,13100) width 11: "\x{E17}\x{E35}\x{E48}"
      text run at (0,13119) width 30: "\x{E1E}\x{E32}\x{E22}\x{E38}"
      text run at (0,13138) width 17: "\x{E08}\x{E30}"
      text run at (0,13157) width 20: "\x{E21}\x{E32}"
      text run at (0,13176) width 18: "\x{E16}\x{E36}\x{E07}"
      text run at (0,13195) width 27: "\x{E41}\x{E25}\x{E49}\x{E27}"
      text run at (0,13214) width 11: "\x{E01}\x{E47}"
      text run at (0,13233) width 11: "\x{E21}\x{E35}"
      text run at (0,13252) width 32: "\x{E40}\x{E2A}\x{E35}\x{E22}\x{E07}"
      text run at (0,13271) width 30: "\x{E2B}\x{E27}\x{E35}\x{E14}"
      text run at (0,13290) width 28: "\x{E2B}\x{E27}\x{E34}\x{E27}"
      text run at (0,13309) width 45: "\x{E0A}\x{E31}\x{E14}\x{E40}\x{E08}\x{E19}"
      text run at (0,13328) width 20: "\x{E21}\x{E32}"
      text run at (0,13347) width 28: "\x{E08}\x{E32}\x{E01}"
      text run at (0,13366) width 74: "\x{E1A}\x{E23}\x{E23}\x{E22}\x{E32}\x{E01}\x{E32}\x{E28}"
      text run at (0,13385) width 27: "\x{E17}\x{E32}\x{E07}"
      text run at (0,13404) width 18: "\x{E43}\x{E15}\x{E49}"
      text run at (0,13423) width 27: "\x{E41}\x{E25}\x{E30}"
      text run at (0,13442) width 27: "\x{E40}\x{E21}\x{E37}\x{E48}\x{E2D}"
      text run at (0,13461) width 46: "\x{E40}\x{E2B}\x{E25}\x{E37}\x{E2D}\x{E1A}"
      text run at (0,13480) width 19: "\x{E15}\x{E32}"
      text run at (0,13499) width 19: "\x{E44}\x{E1B}"
      text run at (0,13518) width 27: "\x{E17}\x{E32}\x{E07}"
      text run at (0,13537) width 30: "\x{E14}\x{E49}\x{E32}\x{E19}"
      text run at (0,13556) width 22: "\x{E19}\x{E31}\x{E49}\x{E19}"
      text run at (0,13575) width 11: "\x{E01}\x{E47}"
      text run at (0,13594) width 27: "\x{E40}\x{E2B}\x{E47}\x{E19}"
      text run at (0,13613) width 31: "\x{E04}\x{E25}\x{E37}\x{E48}\x{E19}"
      text run at (0,13632) width 34: "\x{E2B}\x{E0D}\x{E49}\x{E32}"
      text run at (0,13651) width 20: "\x{E21}\x{E32}"
      text run at (0,13670) width 27: "\x{E17}\x{E32}\x{E07}"
      text run at (0,13689) width 30: "\x{E14}\x{E49}\x{E32}\x{E19}"
      text run at (0,13708) width 22: "\x{E19}\x{E31}\x{E49}\x{E19}"
      text run at (0,13727) width 28: "\x{E14}\x{E49}\x{E27}\x{E22}"
      text run at (0,13746) width 18: "\x{E25}\x{E38}\x{E07}"
      text run at (0,13765) width 16: "\x{E40}\x{E2E}"
      text run at (0,13784) width 20: "\x{E19}\x{E23}\x{E35}"
      text run at (0,13803) width 21: "\x{E1C}\x{E38}\x{E14}"
      text run at (0,13822) width 20: "\x{E25}\x{E38}\x{E01}"
      text run at (0,13841) width 21: "\x{E02}\x{E36}\x{E49}\x{E19}"
      text run at (0,13860) width 22: "\x{E17}\x{E31}\x{E19}"
      text run at (0,13879) width 18: "\x{E43}\x{E14}"
      text run at (0,13897) width 7: "\""
      text run at (0,13916) width 21: "\x{E25}\x{E21}"
      text run at (0,13935) width 59: "\x{E44}\x{E0B}\x{E42}\x{E04}\x{E25}\x{E19}"
      text run at (0,13954) width 20: "\x{E21}\x{E32}"
      text run at (0,13973) width 27: "\x{E40}\x{E2D}\x{E47}\x{E21}"
      text run at (0,13991) width 7: "\""
      text run at (0,14010) width 18: "\x{E25}\x{E38}\x{E07}"
      text run at (0,14029) width 27: "\x{E23}\x{E49}\x{E2D}\x{E07}"
      text run at (0,14048) width 30: "\x{E1A}\x{E2D}\x{E01}"
      text run at (0,14067) width 46: "\x{E20}\x{E23}\x{E23}\x{E22}\x{E32}"
      text run at (0,14085) width 7: "\""
      text run at (0,14104) width 19: "\x{E02}\x{E49}\x{E32}"
      text run at (0,14123) width 17: "\x{E08}\x{E30}"
      text run at (0,14142) width 19: "\x{E44}\x{E1B}"
      text run at (0,14161) width 11: "\x{E14}\x{E39}"
      text run at (0,14180) width 29: "\x{E2A}\x{E31}\x{E15}\x{E27}\x{E4C}"
      text run at (0,14199) width 32: "\x{E40}\x{E25}\x{E35}\x{E49}\x{E22}\x{E07}"
      text run at (0,14218) width 41: "\x{E2B}\x{E19}\x{E48}\x{E2D}\x{E22}"
      text run at (0,14236) width 7: "\""
      text run at (0,14255) width 27: "\x{E41}\x{E25}\x{E49}\x{E27}"
      text run at (0,14274) width 18: "\x{E25}\x{E38}\x{E07}"
      text run at (0,14293) width 11: "\x{E01}\x{E47}"
      text run at (0,14312) width 16: "\x{E27}\x{E34}\x{E48}\x{E07}"
      text run at (0,14331) width 19: "\x{E44}\x{E1B}"
      text run at (0,14350) width 17: "\x{E22}\x{E31}\x{E07}"
      text run at (0,14369) width 25: "\x{E40}\x{E1E}\x{E34}\x{E07}"
      text run at (0,14388) width 11: "\x{E17}\x{E35}\x{E48}"
      text run at (0,14407) width 17: "\x{E27}\x{E31}\x{E27}"
      text run at (0,14426) width 27: "\x{E41}\x{E25}\x{E30}"
      text run at (0,14445) width 20: "\x{E21}\x{E49}\x{E32}"
      text run at (0,14464) width 39: "\x{E2D}\x{E32}\x{E28}\x{E31}\x{E22}"
      text run at (0,14483) width 20: "\x{E2D}\x{E22}\x{E39}\x{E48}"
      text run at (0,14502) width 19: "\x{E1B}\x{E49}\x{E32}"
      text run at (0,14521) width 27: "\x{E40}\x{E2D}\x{E47}\x{E21}"
      text run at (0,14540) width 30: "\x{E2B}\x{E22}\x{E38}\x{E14}"
      text run at (0,14559) width 46: "\x{E17}\x{E33}\x{E07}\x{E32}\x{E19}"
      text run at (0,14578) width 27: "\x{E41}\x{E25}\x{E30}"
      text run at (0,14597) width 20: "\x{E21}\x{E32}"
      text run at (0,14616) width 11: "\x{E17}\x{E35}\x{E48}"
      text run at (0,14635) width 37: "\x{E1B}\x{E23}\x{E30}\x{E15}\x{E39}"
      text run at (0,14654) width 34: "\x{E40}\x{E1E}\x{E35}\x{E22}\x{E07}"
      text run at (0,14673) width 47: "\x{E0A}\x{E32}\x{E22}\x{E15}\x{E32}"
      text run at (0,14692) width 29: "\x{E21}\x{E2D}\x{E07}"
      text run at (0,14711) width 19: "\x{E1B}\x{E49}\x{E32}"
      text run at (0,14730) width 11: "\x{E01}\x{E47}"
      text run at (0,14749) width 30: "\x{E1A}\x{E2D}\x{E01}"
      text run at (0,14768) width 19: "\x{E44}\x{E14}\x{E49}"
      text run at (0,14787) width 17: "\x{E27}\x{E48}\x{E32}"
      text run at (0,14806) width 58: "\x{E2D}\x{E31}\x{E19}\x{E15}\x{E23}\x{E32}\x{E22}"
      text run at (0,14825) width 20: "\x{E21}\x{E32}"
      text run at (0,14844) width 18: "\x{E16}\x{E36}\x{E07}"
      text run at (0,14863) width 27: "\x{E41}\x{E25}\x{E49}\x{E27}"
      text run at (0,14881) width 7: "\""
      text run at (0,14900) width 23: "\x{E40}\x{E23}\x{E47}\x{E27}"
      text run at (0,14919) width 20: "\x{E42}\x{E14}"
      text run at (0,14938) width 27: "\x{E42}\x{E23}\x{E18}"
      text run at (0,14956) width 0: "\x{E35}"
      text run at (0,14974) width 5: "!"
      text run at (0,14992) width 7: "\""
      text run at (0,15011) width 19: "\x{E1B}\x{E49}\x{E32}"
      text run at (0,15030) width 49: "\x{E15}\x{E30}\x{E42}\x{E01}\x{E19}"
      text run at (0,15048) width 7: "\""
      text run at (0,15067) width 16: "\x{E27}\x{E34}\x{E48}\x{E07}"
      text run at (0,15086) width 19: "\x{E44}\x{E1B}"
      text run at (0,15105) width 29: "\x{E2B}\x{E49}\x{E2D}\x{E07}"
      text run at (0,15124) width 39: "\x{E43}\x{E15}\x{E49}\x{E16}\x{E38}\x{E19}"
      text run at (0,15142) width 7: "\""
      text run at (0,15161) width 20: "\x{E42}\x{E15}"
      text run at (0,15180) width 20: "\x{E42}\x{E15}\x{E49}"
      text run at (0,15199) width 31: "\x{E1C}\x{E25}\x{E38}\x{E19}"
      text run at (0,15218) width 57: "\x{E01}\x{E23}\x{E30}\x{E42}\x{E14}\x{E14}"
      text run at (0,15237) width 18: "\x{E25}\x{E07}"
      text run at (0,15256) width 28: "\x{E08}\x{E32}\x{E01}"
      text run at (0,15275) width 32: "\x{E2D}\x{E49}\x{E2D}\x{E21}"
      text run at (0,15294) width 30: "\x{E41}\x{E02}\x{E19}"
      text run at (0,15313) width 20: "\x{E42}\x{E14}"
      text run at (0,15332) width 27: "\x{E42}\x{E23}\x{E18}"
      text run at (0,15350) width 0: "\x{E35}"
      text run at (0,15369) width 27: "\x{E41}\x{E25}\x{E49}\x{E27}"
      text run at (0,15388) width 24: "\x{E40}\x{E02}\x{E49}\x{E32}"
      text run at (0,15407) width 19: "\x{E44}\x{E1B}"
      text run at (0,15426) width 32: "\x{E0B}\x{E48}\x{E2D}\x{E19}"
      text run at (0,15445) width 20: "\x{E2D}\x{E22}\x{E39}\x{E48}"
      text run at (0,15464) width 18: "\x{E43}\x{E15}\x{E49}"
      text run at (0,15483) width 33: "\x{E40}\x{E15}\x{E35}\x{E22}\x{E07}"
      text run at (0,15502) width 26: "\x{E40}\x{E14}\x{E47}\x{E01}"
      text run at (0,15521) width 33: "\x{E2B}\x{E0D}\x{E34}\x{E07}"
      text run at (0,15540) width 31: "\x{E19}\x{E49}\x{E2D}\x{E22}"
      text run at (0,15559) width 24: "\x{E40}\x{E02}\x{E49}\x{E32}"
      text run at (0,15578) width 19: "\x{E44}\x{E1B}"
      text run at (0,15597) width 18: "\x{E14}\x{E36}\x{E07}"
      text run at (0,15616) width 22: "\x{E21}\x{E31}\x{E19}"
      text run at (0,15635) width 31: "\x{E2D}\x{E2D}\x{E01}"
      text run at (0,15654) width 20: "\x{E21}\x{E32}"
      text run at (0,15673) width 19: "\x{E1B}\x{E49}\x{E32}"
      text run at (0,15692) width 27: "\x{E40}\x{E2D}\x{E47}\x{E21}"
      text run at (0,15711) width 56: "\x{E01}\x{E23}\x{E30}\x{E0A}\x{E32}\x{E01}"
      text run at (0,15730) width 19: "\x{E1D}\x{E32}"
      text run at (0,15749) width 11: "\x{E17}\x{E35}\x{E48}"
      text run at (0,15768) width 23: "\x{E1E}\x{E37}\x{E49}\x{E19}"
      text run at (0,15787) width 31: "\x{E2D}\x{E2D}\x{E01}"
      text run at (0,15806) width 36: "\x{E2D}\x{E22}\x{E48}\x{E32}\x{E07}"
      text run at (0,15825) width 21: "\x{E2D}\x{E01}"
      text run at (0,15844) width 21: "\x{E2A}\x{E31}\x{E48}\x{E19}"
      text run at (0,15863) width 33: "\x{E02}\x{E27}\x{E31}\x{E0D}"
      text run at (0,15882) width 28: "\x{E2B}\x{E32}\x{E22}"
      text run at (0,15901) width 21: "\x{E1B}\x{E35}\x{E19}"
      text run at (0,15920) width 40: "\x{E1A}\x{E31}\x{E19}\x{E44}\x{E14}"
      text run at (0,15939) width 20: "\x{E44}\x{E21}\x{E49}"
      text run at (0,15958) width 18: "\x{E25}\x{E07}"
      text run at (0,15977) width 19: "\x{E44}\x{E1B}"
      text run at (0,15996) width 19: "\x{E43}\x{E19}"
      text run at (0,16015) width 38: "\x{E42}\x{E1E}\x{E23}\x{E07}"
      text run at (0,16034) width 26: "\x{E40}\x{E25}\x{E47}\x{E01}"
      text run at (0,16053) width 22: "\x{E2D}\x{E31}\x{E19}"
      text run at (0,16072) width 22: "\x{E21}\x{E37}\x{E14}"
      text run at (0,16091) width 21: "\x{E17}\x{E36}\x{E1A}"
      text run at (0,16110) width 20: "\x{E42}\x{E14}"
      text run at (0,16129) width 27: "\x{E42}\x{E23}\x{E18}"
      text run at (0,16147) width 0: "\x{E35}"
      text run at (0,16166) width 19: "\x{E08}\x{E31}\x{E1A}"
      text run at (0,16185) width 20: "\x{E42}\x{E15}"
      text run at (0,16204) width 20: "\x{E42}\x{E15}\x{E49}"
      text run at (0,16223) width 19: "\x{E44}\x{E14}\x{E49}"
      text run at (0,16242) width 19: "\x{E43}\x{E19}"
      text run at (0,16261) width 11: "\x{E17}\x{E35}\x{E48}"
      text run at (0,16280) width 20: "\x{E2A}\x{E38}\x{E14}"
      text run at (0,16299) width 27: "\x{E41}\x{E25}\x{E30}"
      text run at (0,16318) width 16: "\x{E27}\x{E34}\x{E48}\x{E07}"
      text run at (0,16337) width 30: "\x{E15}\x{E32}\x{E21}"
      text run at (0,16356) width 19: "\x{E1B}\x{E49}\x{E32}"
      text run at (0,16375) width 25: "\x{E40}\x{E18}\x{E2D}"
      text run at (0,16394) width 19: "\x{E44}\x{E1B}"
      text run at (0,16413) width 27: "\x{E40}\x{E21}\x{E37}\x{E48}\x{E2D}"
      text run at (0,16432) width 25: "\x{E40}\x{E18}\x{E2D}"
      text run at (0,16451) width 20: "\x{E21}\x{E32}"
      text run at (0,16470) width 19: "\x{E44}\x{E14}\x{E49}"
      text run at (0,16489) width 27: "\x{E04}\x{E23}\x{E36}\x{E48}\x{E07}"
      text run at (0,16508) width 29: "\x{E2B}\x{E49}\x{E2D}\x{E07}"
      text run at (0,16527) width 11: "\x{E01}\x{E47}"
      text run at (0,16546) width 11: "\x{E21}\x{E35}"
      text run at (0,16565) width 32: "\x{E40}\x{E2A}\x{E35}\x{E22}\x{E07}"
      text run at (0,16584) width 30: "\x{E2B}\x{E27}\x{E35}\x{E14}"
      text run at (0,16603) width 29: "\x{E2B}\x{E27}\x{E37}\x{E2D}"
      text run at (0,16622) width 29: "\x{E2A}\x{E48}\x{E27}\x{E19}"
      text run at (0,16641) width 29: "\x{E1A}\x{E49}\x{E32}\x{E19}"
      text run at (0,16660) width 11: "\x{E01}\x{E47}"
      text run at (0,16679) width 21: "\x{E2A}\x{E31}\x{E48}\x{E19}"
      text run at (0,16698) width 36: "\x{E2D}\x{E22}\x{E48}\x{E32}\x{E07}"
      text run at (0,16717) width 26: "\x{E41}\x{E23}\x{E07}"
      text run at (0,16736) width 20: "\x{E08}\x{E19}"
      text run at (0,16755) width 25: "\x{E40}\x{E18}\x{E2D}"
      text run at (0,16774) width 21: "\x{E2B}\x{E01}"
      text run at (0,16793) width 38: "\x{E04}\x{E30}\x{E21}\x{E33}"
      text run at (0,16812) width 19: "\x{E19}\x{E31}\x{E48}\x{E07}"
      text run at (0,16831) width 17: "\x{E08}\x{E49}\x{E33}"
      text run at (0,16850) width 24: "\x{E40}\x{E1A}\x{E49}\x{E32}"
      text run at (0,16869) width 20: "\x{E2D}\x{E22}\x{E39}\x{E48}"
      text run at (0,16888) width 20: "\x{E01}\x{E31}\x{E1A}"
      text run at (0,16907) width 23: "\x{E1E}\x{E37}\x{E49}\x{E19}"
      text run at (0,16926) width 27: "\x{E41}\x{E25}\x{E49}\x{E27}"
      text run at (0,16945) width 18: "\x{E2A}\x{E34}\x{E48}\x{E07}"
      text run at (0,16964) width 66: "\x{E1B}\x{E23}\x{E30}\x{E2B}\x{E25}\x{E32}\x{E14}"
      text run at (0,16983) width 11: "\x{E01}\x{E47}"
      text run at (0,17002) width 26: "\x{E40}\x{E01}\x{E34}\x{E14}"
      text run at (0,17021) width 21: "\x{E02}\x{E36}\x{E49}\x{E19}"
      text run at (0,17040) width 29: "\x{E1A}\x{E49}\x{E32}\x{E19}"
      text run at (0,17059) width 32: "\x{E2B}\x{E21}\x{E38}\x{E19}"
      text run at (0,17078) width 19: "\x{E44}\x{E1B}"
      text run at (0,17097) width 32: "\x{E2B}\x{E21}\x{E38}\x{E19}"
      text run at (0,17116) width 20: "\x{E21}\x{E32}"
      text run at (0,17135) width 28: "\x{E2A}\x{E2D}\x{E07}"
      text run at (0,17154) width 29: "\x{E2A}\x{E32}\x{E21}"
      text run at (0,17173) width 29: "\x{E23}\x{E2D}\x{E1A}"
      text run at (0,17192) width 27: "\x{E41}\x{E25}\x{E49}\x{E27}"
      text run at (0,17211) width 11: "\x{E01}\x{E47}"
      text run at (0,17230) width 29: "\x{E25}\x{E2D}\x{E22}"
      text run at (0,17249) width 21: "\x{E02}\x{E36}\x{E49}\x{E19}"
      text run at (0,17268) width 10: "\x{E2A}\x{E39}\x{E48}"
      text run at (0,17287) width 48: "\x{E2D}\x{E32}\x{E01}\x{E32}\x{E28}"
      text run at (0,17306) width 36: "\x{E2D}\x{E22}\x{E48}\x{E32}\x{E07}"
      text run at (0,17325) width 19: "\x{E0A}\x{E49}\x{E32}"
      text run at (0,17344) width 10: "\x{E46}"
      text run at (0,17363) width 20: "\x{E42}\x{E14}"
      text run at (0,17382) width 27: "\x{E42}\x{E23}\x{E18}"
      text run at (0,17400) width 0: "\x{E35}"
      text run at (0,17419) width 29: "\x{E23}\x{E39}\x{E49}\x{E2A}\x{E36}\x{E01}"
      text run at (0,17438) width 26: "\x{E23}\x{E32}\x{E27}"
      text run at (0,17457) width 20: "\x{E01}\x{E31}\x{E1A}"
      text run at (0,17476) width 17: "\x{E27}\x{E48}\x{E32}"
      text run at (0,17495) width 25: "\x{E40}\x{E18}\x{E2D}"
      text run at (0,17514) width 19: "\x{E44}\x{E14}\x{E49}"
      text run at (0,17533) width 21: "\x{E02}\x{E36}\x{E49}\x{E19}"
      text run at (0,17552) width 19: "\x{E44}\x{E1B}"
      text run at (0,17571) width 20: "\x{E01}\x{E31}\x{E1A}"
      text run at (0,17590) width 20: "\x{E25}\x{E39}\x{E01}"
      text run at (0,17609) width 50: "\x{E1A}\x{E2D}\x{E25}\x{E25}\x{E39}\x{E19}"
      text run at (0,17628) width 30: "\x{E1E}\x{E32}\x{E22}\x{E38}"
      text run at (0,17647) width 37: "\x{E40}\x{E2B}\x{E19}\x{E37}\x{E2D}"
      text run at (0,17666) width 20: "\x{E01}\x{E31}\x{E1A}"
      text run at (0,17685) width 30: "\x{E1E}\x{E32}\x{E22}\x{E38}"
      text run at (0,17704) width 18: "\x{E43}\x{E15}\x{E49}"
      text run at (0,17723) width 20: "\x{E21}\x{E32}"
      text run at (0,17742) width 22: "\x{E1E}\x{E1A}"
      text run at (0,17761) width 21: "\x{E01}\x{E31}\x{E19}"
      text run at (0,17780) width 27: "\x{E15}\x{E23}\x{E07}"
      text run at (0,17799) width 11: "\x{E17}\x{E35}\x{E48}"
      text run at (0,17818) width 29: "\x{E1A}\x{E49}\x{E32}\x{E19}"
      text run at (0,17837) width 23: "\x{E1E}\x{E2D}"
      text run at (0,17856) width 11: "\x{E14}\x{E35}"
      text run at (0,17875) width 27: "\x{E41}\x{E25}\x{E30}"
      text run at (0,17894) width 20: "\x{E17}\x{E33}"
      text run at (0,17913) width 18: "\x{E43}\x{E2B}\x{E49}"
      text run at (0,17932) width 27: "\x{E15}\x{E23}\x{E07}"
      text run at (0,17951) width 22: "\x{E19}\x{E31}\x{E49}\x{E19}"
      text run at (0,17970) width 26: "\x{E40}\x{E1B}\x{E47}\x{E19}"
      text run at (0,17989) width 19: "\x{E08}\x{E38}\x{E14}"
      text run at (0,18008) width 31: "\x{E28}\x{E39}\x{E19}\x{E22}\x{E4C}"
      text run at (0,18027) width 36: "\x{E01}\x{E25}\x{E32}\x{E07}"
      text run at (0,18046) width 28: "\x{E02}\x{E2D}\x{E07}"
      text run at (0,18065) width 30: "\x{E1E}\x{E32}\x{E22}\x{E38}"
      text run at (0,18084) width 59: "\x{E44}\x{E0B}\x{E42}\x{E04}\x{E25}\x{E19}"
      text run at (0,18103) width 30: "\x{E15}\x{E32}\x{E21}"
      text run at (0,18122) width 31: "\x{E1B}\x{E01}\x{E15}\x{E34}"
      text run at (0,18141) width 27: "\x{E15}\x{E23}\x{E07}"
      text run at (0,18160) width 36: "\x{E01}\x{E25}\x{E32}\x{E07}"
      text run at (0,18179) width 30: "\x{E1E}\x{E32}\x{E22}\x{E38}"
      text run at (0,18198) width 59: "\x{E44}\x{E0B}\x{E42}\x{E04}\x{E25}\x{E19}"
      text run at (0,18217) width 48: "\x{E2D}\x{E32}\x{E01}\x{E32}\x{E28}"
      text run at (0,18236) width 17: "\x{E08}\x{E30}"
      text run at (0,18255) width 19: "\x{E19}\x{E34}\x{E48}\x{E07}"
      text run at (0,18274) width 20: "\x{E41}\x{E15}\x{E48}"
      text run at (0,18293) width 38: "\x{E04}\x{E27}\x{E32}\x{E21}"
      text run at (0,18312) width 42: "\x{E01}\x{E14}\x{E14}\x{E31}\x{E19}"
      text run at (0,18331) width 36: "\x{E2D}\x{E22}\x{E48}\x{E32}\x{E07}"
      text run at (0,18350) width 32: "\x{E2B}\x{E19}\x{E31}\x{E01}"
      text run at (0,18369) width 28: "\x{E02}\x{E2D}\x{E07}"
      text run at (0,18388) width 21: "\x{E25}\x{E21}"
      text run at (0,18407) width 21: "\x{E17}\x{E38}\x{E01}"
      text run at (0,18426) width 30: "\x{E14}\x{E49}\x{E32}\x{E19}"
      text run at (0,18445) width 29: "\x{E23}\x{E2D}\x{E1A}"
      text run at (0,18464) width 29: "\x{E1A}\x{E49}\x{E32}\x{E19}"
      text run at (0,18483) width 20: "\x{E17}\x{E33}"
      text run at (0,18502) width 18: "\x{E43}\x{E2B}\x{E49}"
      text run at (0,18521) width 29: "\x{E1A}\x{E49}\x{E32}\x{E19}"
      text run at (0,18540) width 29: "\x{E25}\x{E2D}\x{E22}"
      text run at (0,18559) width 18: "\x{E2A}\x{E39}\x{E07}"
      text run at (0,18578) width 21: "\x{E02}\x{E36}\x{E49}\x{E19}"
      text run at (0,18597) width 10: "\x{E46}"
      text run at (0,18616) width 20: "\x{E08}\x{E19}"
      text run at (0,18635) width 46: "\x{E01}\x{E23}\x{E30}\x{E17}\x{E31}\x{E48}\x{E07}"
      text run at (0,18654) width 21: "\x{E02}\x{E36}\x{E49}\x{E19}"
      text run at (0,18673) width 19: "\x{E44}\x{E1B}"
      text run at (0,18692) width 20: "\x{E2D}\x{E22}\x{E39}\x{E48}"
      text run at (0,18711) width 20: "\x{E2A}\x{E38}\x{E14}"
      text run at (0,18730) width 30: "\x{E22}\x{E2D}\x{E14}"
      text run at (0,18749) width 28: "\x{E02}\x{E2D}\x{E07}"
      text run at (0,18768) width 30: "\x{E1E}\x{E32}\x{E22}\x{E38}"
      text run at (0,18787) width 59: "\x{E44}\x{E0B}\x{E42}\x{E04}\x{E25}\x{E19}"
      text run at (0,18806) width 27: "\x{E41}\x{E25}\x{E30}"
      text run at (0,18825) width 28: "\x{E08}\x{E32}\x{E01}"
      text run at (0,18844) width 27: "\x{E15}\x{E23}\x{E07}"
      text run at (0,18863) width 22: "\x{E19}\x{E31}\x{E49}\x{E19}"
      text run at (0,18882) width 11: "\x{E01}\x{E47}"
      text run at (0,18901) width 21: "\x{E16}\x{E39}\x{E01}"
      text run at (0,18920) width 31: "\x{E2B}\x{E2D}\x{E1A}"
      text run at (0,18939) width 19: "\x{E44}\x{E1B}"
      text run at (0,18958) width 38: "\x{E2B}\x{E25}\x{E32}\x{E22}"
      text run at (0,18977) width 30: "\x{E44}\x{E21}\x{E25}\x{E4C}"
      text run at (0,18996) width 26: "\x{E07}\x{E48}\x{E32}\x{E22}"
      text run at (0,19015) width 28: "\x{E14}\x{E32}\x{E22}"
      text run at (0,19034) width 26: "\x{E23}\x{E32}\x{E27}"
      text run at (0,19053) width 20: "\x{E01}\x{E31}\x{E1A}"
      text run at (0,19072) width 31: "\x{E2B}\x{E2D}\x{E1A}"
      text run at (0,19091) width 21: "\x{E02}\x{E19}"
      text run at (0,19110) width 21: "\x{E19}\x{E01}"
      text run at (0,19129) width 22: "\x{E21}\x{E37}\x{E14}"
      text run at (0,19148) width 30: "\x{E21}\x{E32}\x{E01}"
      text run at (0,19167) width 27: "\x{E41}\x{E25}\x{E49}\x{E27}"
      text run at (0,19186) width 21: "\x{E25}\x{E21}"
      text run at (0,19205) width 17: "\x{E22}\x{E31}\x{E07}"
      text run at (0,19224) width 18: "\x{E2A}\x{E48}\x{E07}"
      text run at (0,19243) width 32: "\x{E40}\x{E2A}\x{E35}\x{E22}\x{E07}"
      text run at (0,19262) width 30: "\x{E2B}\x{E27}\x{E35}\x{E14}"
      text run at (0,19281) width 29: "\x{E2B}\x{E27}\x{E37}\x{E2D}"
      text run at (0,19300) width 20: "\x{E19}\x{E48}\x{E32}"
      text run at (0,19319) width 29: "\x{E01}\x{E25}\x{E31}\x{E27}"
      text run at (0,19338) width 20: "\x{E2D}\x{E22}\x{E39}\x{E48}"
      text run at (0,19357) width 29: "\x{E23}\x{E2D}\x{E1A}"
      text run at (0,19376) width 19: "\x{E15}\x{E31}\x{E27}"
      text run at (0,19395) width 25: "\x{E40}\x{E18}\x{E2D}"
      text run at (0,19414) width 20: "\x{E41}\x{E15}\x{E48}"
      text run at (0,19433) width 20: "\x{E42}\x{E14}"
      text run at (0,19452) width 27: "\x{E42}\x{E23}\x{E18}"
      text run at (0,19470) width 0: "\x{E35}"
      text run at (0,19489) width 27: "\x{E40}\x{E2B}\x{E47}\x{E19}"
      text run at (0,19508) width 17: "\x{E27}\x{E48}\x{E32}"
      text run at (0,19527) width 25: "\x{E40}\x{E18}\x{E2D}"
      text run at (0,19546) width 57: "\x{E2A}\x{E32}\x{E21}\x{E32}\x{E23}\x{E16}"
      text run at (0,19565) width 19: "\x{E19}\x{E31}\x{E48}\x{E07}"
      text run at (0,19584) width 19: "\x{E44}\x{E1B}"
      text run at (0,19603) width 19: "\x{E44}\x{E14}\x{E49}"
      text run at (0,19622) width 28: "\x{E2D}\x{E22}\x{E48}\x{E32}"
      text run at (0,19641) width 33: "\x{E07}\x{E07}\x{E48}\x{E32}\x{E22}"
      text run at (0,19660) width 28: "\x{E14}\x{E32}\x{E22}"
      text run at (0,19679) width 21: "\x{E19}\x{E31}\x{E01}"
      text run at (0,19698) width 27: "\x{E04}\x{E23}\x{E31}\x{E49}\x{E07}"
      text run at (0,19717) width 29: "\x{E2B}\x{E19}\x{E36}\x{E48}\x{E07}"
      text run at (0,19736) width 28: "\x{E2B}\x{E25}\x{E31}\x{E07}"
      text run at (0,19755) width 28: "\x{E08}\x{E32}\x{E01}"
      text run at (0,19774) width 11: "\x{E17}\x{E35}\x{E48}"
      text run at (0,19793) width 29: "\x{E1A}\x{E49}\x{E32}\x{E19}"
      text run at (0,19812) width 39: "\x{E2A}\x{E30}\x{E14}\x{E38}\x{E14}"
      text run at (0,19831) width 36: "\x{E2D}\x{E22}\x{E48}\x{E32}\x{E07}"
      text run at (0,19850) width 26: "\x{E41}\x{E23}\x{E07}"
      text run at (0,19869) width 27: "\x{E41}\x{E25}\x{E30}"
      text run at (0,19888) width 32: "\x{E2B}\x{E21}\x{E38}\x{E19}"
      text run at (0,19907) width 19: "\x{E44}\x{E1B}"
      text run at (0,19926) width 29: "\x{E23}\x{E2D}\x{E1A}"
      text run at (0,19945) width 10: "\x{E46}"
      text run at (0,19964) width 28: "\x{E2A}\x{E2D}\x{E07}"
      text run at (0,19983) width 29: "\x{E2A}\x{E32}\x{E21}"
      text run at (0,20002) width 27: "\x{E04}\x{E23}\x{E31}\x{E49}\x{E07}"
      text run at (0,20021) width 19: "\x{E43}\x{E19}"
      text run at (0,20040) width 32: "\x{E15}\x{E2D}\x{E19}"
      text run at (0,20059) width 28: "\x{E41}\x{E23}\x{E01}"
      text run at (0,20078) width 25: "\x{E40}\x{E18}\x{E2D}"
      text run at (0,20097) width 11: "\x{E01}\x{E47}"
      text run at (0,20116) width 29: "\x{E23}\x{E39}\x{E49}\x{E2A}\x{E36}\x{E01}"
      text run at (0,20135) width 17: "\x{E27}\x{E48}\x{E32}"
      text run at (0,20154) width 19: "\x{E15}\x{E31}\x{E27}"
      text run at (0,20173) width 24: "\x{E40}\x{E2D}\x{E07}"
      text run at (0,20192) width 21: "\x{E16}\x{E39}\x{E01}"
      text run at (0,20211) width 35: "\x{E41}\x{E01}\x{E27}\x{E48}\x{E07}"
      text run at (0,20230) width 36: "\x{E2D}\x{E22}\x{E48}\x{E32}\x{E07}"
      text run at (0,20249) width 28: "\x{E41}\x{E1C}\x{E48}\x{E27}"
      text run at (0,20268) width 24: "\x{E40}\x{E1A}\x{E32}"
      text run at (0,20287) width 26: "\x{E23}\x{E32}\x{E27}"
      text run at (0,20306) width 38: "\x{E17}\x{E32}\x{E23}\x{E01}"
      text run at (0,20325) width 19: "\x{E43}\x{E19}"
      text run at (0,20344) width 25: "\x{E40}\x{E1B}\x{E25}"
      text run at (0,20363) width 20: "\x{E42}\x{E15}"
      text run at (0,20382) width 20: "\x{E42}\x{E15}\x{E49}"
      text run at (0,20401) width 20: "\x{E44}\x{E21}\x{E48}"
      text run at (0,20420) width 30: "\x{E0A}\x{E2D}\x{E1A}"
      text run at (0,20439) width 16: "\x{E43}\x{E08}"
      text run at (0,20458) width 24: "\x{E40}\x{E25}\x{E22}"
      text run at (0,20477) width 22: "\x{E21}\x{E31}\x{E19}"
      text run at (0,20496) width 16: "\x{E27}\x{E34}\x{E48}\x{E07}"
      text run at (0,20515) width 19: "\x{E44}\x{E1B}"
      text run at (0,20534) width 16: "\x{E27}\x{E34}\x{E48}\x{E07}"
      text run at (0,20553) width 20: "\x{E21}\x{E32}"
      text run at (0,20572) width 29: "\x{E23}\x{E2D}\x{E1A}"
      text run at (0,20591) width 29: "\x{E2B}\x{E49}\x{E2D}\x{E07}"
      text run at (0,20610) width 27: "\x{E17}\x{E32}\x{E07}"
      text run at (0,20629) width 31: "\x{E42}\x{E19}\x{E49}\x{E19}"
      text run at (0,20648) width 11: "\x{E17}\x{E35}"
      text run at (0,20667) width 27: "\x{E17}\x{E32}\x{E07}"
      text run at (0,20686) width 11: "\x{E19}\x{E35}\x{E49}"
      text run at (0,20705) width 11: "\x{E17}\x{E35}"
      text run at (0,20724) width 18: "\x{E2A}\x{E48}\x{E07}"
      text run at (0,20743) width 32: "\x{E40}\x{E2A}\x{E35}\x{E22}\x{E07}"
      text run at (0,20762) width 25: "\x{E40}\x{E2B}\x{E48}\x{E32}"
      text run at (0,20781) width 18: "\x{E14}\x{E31}\x{E07}"
      text run at (0,20800) width 28: "\x{E01}\x{E49}\x{E2D}\x{E07}"
      text run at (0,20819) width 20: "\x{E41}\x{E15}\x{E48}"
      text run at (0,20838) width 20: "\x{E42}\x{E14}"
      text run at (0,20857) width 27: "\x{E42}\x{E23}\x{E18}"
      text run at (0,20875) width 0: "\x{E35}"
      text run at (0,20894) width 19: "\x{E19}\x{E31}\x{E48}\x{E07}"
      text run at (0,20913) width 19: "\x{E19}\x{E34}\x{E48}\x{E07}"
      text run at (0,20932) width 20: "\x{E2D}\x{E22}\x{E39}\x{E48}"
      text run at (0,20951) width 21: "\x{E1A}\x{E19}"
      text run at (0,20970) width 23: "\x{E1E}\x{E37}\x{E49}\x{E19}"
      text run at (0,20989) width 24: "\x{E40}\x{E1D}\x{E49}\x{E32}"
      text run at (0,21008) width 30: "\x{E04}\x{E2D}\x{E22}"
      text run at (0,21027) width 11: "\x{E14}\x{E39}"
      text run at (0,21046) width 17: "\x{E27}\x{E48}\x{E32}"
      text run at (0,21065) width 17: "\x{E08}\x{E30}"
      text run at (0,21084) width 26: "\x{E40}\x{E01}\x{E34}\x{E14}"
      text run at (0,21103) width 36: "\x{E2D}\x{E30}\x{E44}\x{E23}"
      text run at (0,21122) width 21: "\x{E02}\x{E36}\x{E49}\x{E19}"
      text run at (0,21141) width 27: "\x{E04}\x{E23}\x{E31}\x{E49}\x{E07}"
      text run at (0,21160) width 29: "\x{E2B}\x{E19}\x{E36}\x{E48}\x{E07}"
      text run at (0,21179) width 20: "\x{E42}\x{E15}"
      text run at (0,21198) width 20: "\x{E42}\x{E15}\x{E49}"
      text run at (0,21217) width 24: "\x{E40}\x{E02}\x{E49}\x{E32}"
      text run at (0,21236) width 19: "\x{E44}\x{E1B}"
      text run at (0,21255) width 28: "\x{E43}\x{E01}\x{E25}\x{E49}"
      text run at (0,21274) width 19: "\x{E1D}\x{E32}"
      text run at (0,21293) width 11: "\x{E17}\x{E35}\x{E48}"
      text run at (0,21312) width 23: "\x{E1E}\x{E37}\x{E49}\x{E19}"
      text run at (0,21331) width 30: "\x{E21}\x{E32}\x{E01}"
      text run at (0,21350) width 19: "\x{E44}\x{E1B}"
      text run at (0,21369) width 24: "\x{E40}\x{E25}\x{E22}"
      text run at (0,21388) width 32: "\x{E1E}\x{E25}\x{E31}\x{E14}"
      text run at (0,21407) width 38: "\x{E15}\x{E01}\x{E25}\x{E07}"
      text run at (0,21426) width 19: "\x{E44}\x{E1B}"
      text run at (0,21445) width 11: "\x{E17}\x{E35}"
      text run at (0,21464) width 28: "\x{E41}\x{E23}\x{E01}"
      text run at (0,21483) width 26: "\x{E40}\x{E14}\x{E47}\x{E01}"
      text run at (0,21502) width 33: "\x{E2B}\x{E0D}\x{E34}\x{E07}"
      text run at (0,21521) width 21: "\x{E04}\x{E34}\x{E14}"
      text run at (0,21540) width 17: "\x{E27}\x{E48}\x{E32}"
      text run at (0,21559) width 25: "\x{E40}\x{E18}\x{E2D}"
      text run at (0,21578) width 17: "\x{E08}\x{E30}"
      text run at (0,21597) width 25: "\x{E2A}\x{E39}\x{E0D}"
      text run at (0,21616) width 24: "\x{E40}\x{E2A}\x{E35}\x{E22}"
      text run at (0,21635) width 22: "\x{E21}\x{E31}\x{E19}"
      text run at (0,21654) width 19: "\x{E44}\x{E1B}"
      text run at (0,21673) width 24: "\x{E40}\x{E2A}\x{E35}\x{E22}"
      text run at (0,21692) width 27: "\x{E41}\x{E25}\x{E49}\x{E27}"
      text run at (0,21711) width 20: "\x{E41}\x{E15}\x{E48}"
      text run at (0,21730) width 19: "\x{E0A}\x{E31}\x{E48}\x{E27}"
      text run at (0,21749) width 20: "\x{E04}\x{E23}\x{E39}\x{E48}"
      text run at (0,21768) width 25: "\x{E40}\x{E18}\x{E2D}"
      text run at (0,21787) width 11: "\x{E01}\x{E47}"
      text run at (0,21806) width 27: "\x{E40}\x{E2B}\x{E47}\x{E19}"
      text run at (0,21825) width 11: "\x{E2B}\x{E39}"
      text run at (0,21844) width 28: "\x{E02}\x{E2D}\x{E07}"
      text run at (0,21863) width 22: "\x{E21}\x{E31}\x{E19}"
      text run at (0,21882) width 29: "\x{E42}\x{E1C}\x{E25}\x{E48}"
      text run at (0,21901) width 21: "\x{E02}\x{E36}\x{E49}\x{E19}"
      text run at (0,21920) width 20: "\x{E21}\x{E32}"
      text run at (0,21939) width 28: "\x{E08}\x{E32}\x{E01}"
      text run at (0,21958) width 28: "\x{E0A}\x{E48}\x{E2D}\x{E07}"
      text run at (0,21977) width 22: "\x{E19}\x{E31}\x{E49}\x{E19}"
      text run at (0,21996) width 19: "\x{E17}\x{E31}\x{E49}\x{E07}"
      text run at (0,22015) width 11: "\x{E19}\x{E35}\x{E49}"
      text run at (0,22034) width 43: "\x{E40}\x{E1E}\x{E23}\x{E32}\x{E30}"
      text run at (0,22053) width 26: "\x{E41}\x{E23}\x{E07}"
      text run at (0,22072) width 21: "\x{E01}\x{E14}"
      text run at (0,22091) width 36: "\x{E2D}\x{E22}\x{E48}\x{E32}\x{E07}"
      text run at (0,22110) width 32: "\x{E2B}\x{E19}\x{E31}\x{E01}"
      text run at (0,22129) width 28: "\x{E02}\x{E2D}\x{E07}"
      text run at (0,22148) width 48: "\x{E2D}\x{E32}\x{E01}\x{E32}\x{E28}"
      text run at (0,22167) width 20: "\x{E17}\x{E33}"
      text run at (0,22186) width 18: "\x{E43}\x{E2B}\x{E49}"
      text run at (0,22205) width 20: "\x{E42}\x{E15}"
      text run at (0,22224) width 20: "\x{E42}\x{E15}\x{E49}"
      text run at (0,22243) width 20: "\x{E44}\x{E21}\x{E48}"
      text run at (0,22262) width 38: "\x{E15}\x{E01}\x{E25}\x{E07}"
      text run at (0,22281) width 19: "\x{E44}\x{E1B}"
      text run at (0,22300) width 27: "\x{E02}\x{E49}\x{E32}\x{E07}"
      text run at (0,22319) width 26: "\x{E25}\x{E48}\x{E32}\x{E07}"
      text run at (0,22338) width 20: "\x{E42}\x{E14}"
      text run at (0,22357) width 27: "\x{E42}\x{E23}\x{E18}"
      text run at (0,22375) width 0: "\x{E35}"
      text run at (0,22394) width 40: "\x{E04}\x{E25}\x{E32}\x{E19}"
      text run at (0,22413) width 19: "\x{E44}\x{E1B}"
      text run at (0,22432) width 11: "\x{E17}\x{E35}\x{E48}"
      text run at (0,22451) width 28: "\x{E0A}\x{E48}\x{E2D}\x{E07}"
      text run at (0,22470) width 22: "\x{E19}\x{E31}\x{E49}\x{E19}"
      text run at (0,22489) width 19: "\x{E08}\x{E31}\x{E1A}"
      text run at (0,22508) width 11: "\x{E2B}\x{E39}"
      text run at (0,22527) width 20: "\x{E42}\x{E15}"
      text run at (0,22546) width 20: "\x{E42}\x{E15}\x{E49}"
      text run at (0,22565) width 18: "\x{E44}\x{E27}\x{E49}"
      text run at (0,22584) width 19: "\x{E44}\x{E14}\x{E49}"
      text run at (0,22603) width 27: "\x{E41}\x{E25}\x{E30}"
      text run at (0,22622) width 29: "\x{E25}\x{E32}\x{E01}"
      text run at (0,22641) width 22: "\x{E21}\x{E31}\x{E19}"
      text run at (0,22660) width 20: "\x{E21}\x{E32}"
      text run at (0,22679) width 11: "\x{E17}\x{E35}\x{E48}"
      text run at (0,22698) width 29: "\x{E2B}\x{E49}\x{E2D}\x{E07}"
      text run at (0,22717) width 21: "\x{E2D}\x{E35}\x{E01}"
      text run at (0,22736) width 28: "\x{E2B}\x{E25}\x{E31}\x{E07}"
      text run at (0,22755) width 28: "\x{E08}\x{E32}\x{E01}"
      text run at (0,22774) width 22: "\x{E19}\x{E31}\x{E49}\x{E19}"
      text run at (0,22793) width 11: "\x{E01}\x{E47}"
      text run at (0,22812) width 20: "\x{E1B}\x{E34}\x{E14}"
      text run at (0,22831) width 19: "\x{E1D}\x{E32}"
      text run at (0,22850) width 23: "\x{E1E}\x{E37}\x{E49}\x{E19}"
      text run at (0,22869) width 28: "\x{E40}\x{E1E}\x{E37}\x{E48}\x{E2D}"
      text run at (0,22888) width 17: "\x{E08}\x{E30}"
      text run at (0,22907) width 19: "\x{E44}\x{E14}\x{E49}"
      text run at (0,22926) width 20: "\x{E44}\x{E21}\x{E48}"
      text run at (0,22945) width 26: "\x{E40}\x{E01}\x{E34}\x{E14}"
      text run at (0,22964) width 57: "\x{E2D}\x{E38}\x{E1A}\x{E31}\x{E15}\x{E34}\x{E40}\x{E2B}\x{E15}\x{E38}"
      text run at (0,22983) width 21: "\x{E2D}\x{E35}\x{E01}"
      text run at (0,23002) width 46: "\x{E0A}\x{E31}\x{E48}\x{E27}\x{E42}\x{E21}\x{E07}"
      text run at (0,23021) width 27: "\x{E41}\x{E25}\x{E49}\x{E27}"
      text run at (0,23040) width 46: "\x{E0A}\x{E31}\x{E48}\x{E27}\x{E42}\x{E21}\x{E07}"
      text run at (0,23059) width 24: "\x{E40}\x{E25}\x{E48}\x{E32}"
      text run at (0,23078) width 30: "\x{E1C}\x{E48}\x{E32}\x{E19}"
      text run at (0,23097) width 19: "\x{E44}\x{E1B}"
      text run at (0,23116) width 20: "\x{E42}\x{E14}"
      text run at (0,23135) width 27: "\x{E42}\x{E23}\x{E18}"
      text run at (0,23153) width 0: "\x{E35}"
      text run at (0,23172) width 30: "\x{E04}\x{E48}\x{E2D}\x{E22}"
      text run at (0,23191) width 10: "\x{E46}"
      text run at (0,23210) width 28: "\x{E2B}\x{E32}\x{E22}"
      text run at (0,23229) width 29: "\x{E01}\x{E25}\x{E31}\x{E27}"
      text run at (0,23248) width 20: "\x{E41}\x{E15}\x{E48}"
      text run at (0,23267) width 25: "\x{E40}\x{E18}\x{E2D}"
      text run at (0,23286) width 29: "\x{E23}\x{E39}\x{E49}\x{E2A}\x{E36}\x{E01}"
      text run at (0,23305) width 32: "\x{E40}\x{E2B}\x{E07}\x{E32}"
      text run at (0,23324) width 36: "\x{E40}\x{E2B}\x{E25}\x{E37}\x{E2D}"
      text run at (0,23343) width 27: "\x{E40}\x{E01}\x{E34}\x{E19}"
      text run at (0,23362) width 27: "\x{E41}\x{E25}\x{E30}"
      text run at (0,23381) width 21: "\x{E25}\x{E21}"
      text run at (0,23400) width 11: "\x{E01}\x{E47}"
      text run at (0,23419) width 18: "\x{E2A}\x{E48}\x{E07}"
      text run at (0,23438) width 32: "\x{E40}\x{E2A}\x{E35}\x{E22}\x{E07}"
      text run at (0,23457) width 30: "\x{E2B}\x{E27}\x{E35}\x{E14}"
      text run at (0,23476) width 29: "\x{E2B}\x{E27}\x{E37}\x{E2D}"
      text run at (0,23495) width 18: "\x{E14}\x{E31}\x{E07}"
      text run at (0,23514) width 24: "\x{E40}\x{E2A}\x{E35}\x{E22}"
      text run at (0,23533) width 20: "\x{E08}\x{E19}"
      text run at (0,23552) width 25: "\x{E40}\x{E18}\x{E2D}"
      text run at (0,23571) width 30: "\x{E41}\x{E17}\x{E1A}"
      text run at (0,23590) width 17: "\x{E08}\x{E30}"
      text run at (0,23609) width 11: "\x{E2B}\x{E39}"
      text run at (0,23628) width 40: "\x{E2B}\x{E19}\x{E27}\x{E01}"
      text run at (0,23647) width 11: "\x{E17}\x{E35}"
      text run at (0,23666) width 28: "\x{E41}\x{E23}\x{E01}"
      text run at (0,23685) width 25: "\x{E40}\x{E18}\x{E2D}"
      text run at (0,23704) width 36: "\x{E2A}\x{E07}\x{E2A}\x{E31}\x{E22}"
      text run at (0,23723) width 17: "\x{E27}\x{E48}\x{E32}"
      text run at (0,23742) width 18: "\x{E04}\x{E07}"
      text run at (0,23761) width 17: "\x{E08}\x{E30}"
      text run at (0,23780) width 21: "\x{E16}\x{E39}\x{E01}"
      text run at (0,23799) width 21: "\x{E09}\x{E35}\x{E01}"
      text run at (0,23818) width 56: "\x{E01}\x{E23}\x{E30}\x{E0A}\x{E32}\x{E01}"
      text run at (0,23837) width 31: "\x{E2D}\x{E2D}\x{E01}"
      text run at (0,23856) width 26: "\x{E40}\x{E1B}\x{E47}\x{E19}"
      text run at (0,23875) width 21: "\x{E0A}\x{E34}\x{E49}\x{E19}"
      text run at (0,23894) width 26: "\x{E40}\x{E25}\x{E47}\x{E01}"
      text run at (0,23913) width 21: "\x{E0A}\x{E34}\x{E49}\x{E19}"
      text run at (0,23932) width 31: "\x{E19}\x{E49}\x{E2D}\x{E22}"
      text run at (0,23951) width 27: "\x{E40}\x{E21}\x{E37}\x{E48}\x{E2D}"
      text run at (0,23970) width 29: "\x{E1A}\x{E49}\x{E32}\x{E19}"
      text run at (0,23989) width 27: "\x{E40}\x{E2D}\x{E19}"
      text run at (0,24008) width 21: "\x{E25}\x{E49}\x{E21}"
      text run at (0,24027) width 18: "\x{E25}\x{E07}"
      text run at (0,24046) width 21: "\x{E2D}\x{E35}\x{E01}"
      text run at (0,24065) width 27: "\x{E04}\x{E23}\x{E31}\x{E49}\x{E07}"
      text run at (0,24084) width 20: "\x{E41}\x{E15}\x{E48}"
      text run at (0,24103) width 38: "\x{E2B}\x{E25}\x{E32}\x{E22}"
      text run at (0,24122) width 46: "\x{E0A}\x{E31}\x{E48}\x{E27}\x{E42}\x{E21}\x{E07}"
      text run at (0,24141) width 30: "\x{E1C}\x{E48}\x{E32}\x{E19}"
      text run at (0,24160) width 19: "\x{E44}\x{E1B}"
      text run at (0,24179) width 11: "\x{E01}\x{E47}"
      text run at (0,24198) width 20: "\x{E44}\x{E21}\x{E48}"
      text run at (0,24217) width 11: "\x{E21}\x{E35}"
      text run at (0,24236) width 36: "\x{E2D}\x{E30}\x{E44}\x{E23}"
      text run at (0,24255) width 26: "\x{E40}\x{E01}\x{E34}\x{E14}"
      text run at (0,24274) width 21: "\x{E02}\x{E36}\x{E49}\x{E19}"
      text run at (0,24293) width 25: "\x{E40}\x{E18}\x{E2D}"
      text run at (0,24312) width 24: "\x{E40}\x{E25}\x{E22}"
      text run at (0,24331) width 26: "\x{E40}\x{E25}\x{E34}\x{E01}"
      text run at (0,24350) width 29: "\x{E27}\x{E34}\x{E15}\x{E01}"
      text run at (0,24369) width 27: "\x{E41}\x{E25}\x{E30}"
      text run at (0,24388) width 42: "\x{E15}\x{E31}\x{E14}\x{E2A}\x{E34}\x{E19}"
      text run at (0,24407) width 16: "\x{E43}\x{E08}"
      text run at (0,24426) width 30: "\x{E04}\x{E2D}\x{E22}"
      text run at (0,24445) width 11: "\x{E14}\x{E39}"
      text run at (0,24464) width 36: "\x{E2D}\x{E22}\x{E48}\x{E32}\x{E07}"
      text run at (0,24483) width 27: "\x{E2A}\x{E07}\x{E1A}"
      text run at (0,24502) width 27: "\x{E41}\x{E25}\x{E30}"
      text run at (0,24521) width 19: "\x{E23}\x{E2D}"
      text run at (0,24540) width 17: "\x{E27}\x{E48}\x{E32}"
      text run at (0,24559) width 51: "\x{E2D}\x{E19}\x{E32}\x{E04}\x{E15}"
      text run at (0,24578) width 17: "\x{E08}\x{E30}"
      text run at (0,24597) width 26: "\x{E40}\x{E1B}\x{E47}\x{E19}"
      text run at (0,24616) width 53: "\x{E2D}\x{E22}\x{E48}\x{E32}\x{E07}\x{E44}\x{E23}"
      text run at (0,24635) width 19: "\x{E43}\x{E19}"
      text run at (0,24654) width 11: "\x{E17}\x{E35}\x{E48}"
      text run at (0,24673) width 20: "\x{E2A}\x{E38}\x{E14}"
      text run at (0,24692) width 25: "\x{E40}\x{E18}\x{E2D}"
      text run at (0,24711) width 40: "\x{E04}\x{E25}\x{E32}\x{E19}"
      text run at (0,24730) width 28: "\x{E08}\x{E32}\x{E01}"
      text run at (0,24749) width 23: "\x{E1E}\x{E37}\x{E49}\x{E19}"
      text run at (0,24768) width 29: "\x{E2B}\x{E49}\x{E2D}\x{E07}"
      text run at (0,24787) width 11: "\x{E17}\x{E35}\x{E48}"
      text run at (0,24806) width 29: "\x{E42}\x{E22}\x{E01}"
      text run at (0,24825) width 19: "\x{E44}\x{E1B}"
      text run at (0,24844) width 20: "\x{E21}\x{E32}"
      text run at (0,24863) width 21: "\x{E02}\x{E36}\x{E49}\x{E19}"
      text run at (0,24882) width 19: "\x{E44}\x{E1B}"
      text run at (0,24901) width 21: "\x{E1A}\x{E19}"
      text run at (0,24920) width 33: "\x{E40}\x{E15}\x{E35}\x{E22}\x{E07}"
      text run at (0,24939) width 27: "\x{E41}\x{E25}\x{E49}\x{E27}"
      text run at (0,24958) width 11: "\x{E01}\x{E47}"
      text run at (0,24977) width 32: "\x{E19}\x{E2D}\x{E19}"
      text run at (0,24996) width 18: "\x{E25}\x{E07}"
      text run at (0,25015) width 20: "\x{E42}\x{E15}"
      text run at (0,25034) width 20: "\x{E42}\x{E15}\x{E49}"
      text run at (0,25053) width 30: "\x{E15}\x{E32}\x{E21}"
      text run at (0,25072) width 21: "\x{E15}\x{E34}\x{E14}"
      text run at (0,25091) width 20: "\x{E21}\x{E32}"
      text run at (0,25110) width 32: "\x{E19}\x{E2D}\x{E19}"
      text run at (0,25129) width 18: "\x{E25}\x{E07}"
      text run at (0,25148) width 28: "\x{E43}\x{E01}\x{E25}\x{E49}"
      text run at (0,25167) width 10: "\x{E46}"
      text run at (0,25186) width 25: "\x{E40}\x{E18}\x{E2D}"
      text run at (0,25205) width 20: "\x{E44}\x{E21}\x{E48}"
      text run at (0,25224) width 19: "\x{E0A}\x{E49}\x{E32}"
      text run at (0,25243) width 20: "\x{E42}\x{E14}"
      text run at (0,25262) width 27: "\x{E42}\x{E23}\x{E18}"
      text run at (0,25280) width 0: "\x{E35}"
      text run at (0,25299) width 11: "\x{E01}\x{E47}"
      text run at (0,25318) width 20: "\x{E1B}\x{E34}\x{E14}"
      text run at (0,25337) width 19: "\x{E15}\x{E32}"
      text run at (0,25356) width 18: "\x{E25}\x{E07}"
      text run at (0,25375) width 30: "\x{E2B}\x{E25}\x{E31}\x{E1A}"
      text run at (0,25394) width 40: "\x{E1C}\x{E25}\x{E47}\x{E2D}\x{E22}"
      text run at (0,25413) width 19: "\x{E44}\x{E1B}"
      text run at (0,25432) width 36: "\x{E2D}\x{E22}\x{E48}\x{E32}\x{E07}"
      text run at (0,25451) width 32: "\x{E2A}\x{E19}\x{E34}\x{E17}"
      text run at (0,25470) width 19: "\x{E17}\x{E31}\x{E49}\x{E07}"
      text run at (0,25489) width 10: "\x{E46}"
      text run at (0,25508) width 11: "\x{E17}\x{E35}\x{E48}"
      text run at (0,25527) width 29: "\x{E1A}\x{E49}\x{E32}\x{E19}"
      text run at (0,25546) width 29: "\x{E42}\x{E22}\x{E01}"
      text run at (0,25565) width 19: "\x{E44}\x{E1B}"
      text run at (0,25584) width 20: "\x{E21}\x{E32}"
      text run at (0,25603) width 27: "\x{E41}\x{E25}\x{E30}"
      text run at (0,25622) width 21: "\x{E25}\x{E21}"
      text run at (0,25641) width 11: "\x{E01}\x{E47}"
      text run at (0,25660) width 36: "\x{E04}\x{E23}\x{E32}\x{E07}"
      text run at (0,25679) width 30: "\x{E2B}\x{E27}\x{E35}\x{E14}"
      text run at (0,25698) width 29: "\x{E2B}\x{E27}\x{E37}\x{E2D}"
