layer at (0,0) size 800x600
  RenderView at (0,0) size 800x600
layer at (0,0) size 800x600
  RenderBlock {HTML} at (0,0) size 800x600
    RenderBody {BODY} at (8,8) size 784x584
      RenderBlock (anonymous) at (0,0) size 784x0
        RenderInline {B} at (0,0) size 0x0
      RenderBlock (anonymous) at (0,0) size 784x0
      RenderBlock (anonymous) at (0,0) size 784x0
        RenderInline {B} at (0,0) size 0x0
      RenderBlock {P} at (0,0) size 784x22
        RenderInline {B} at (0,0) size 36x22
          RenderText {#text} at (0,0) size 36x22
            text run at (0,0) width 36: "Bold "
        RenderText {#text} at (36,0) size 59x22
          text run at (36,0) width 59: "Not bold"
      RenderBlock (anonymous) at (0,38) size 784x22
        RenderText {#text} at (0,0) size 94x22
          text run at (0,0) width 94: "Also not bold."
