layer at (0,0) size 800x600
  RenderView at (0,0) size 800x600
layer at (0,0) size 800x600
  RenderBlock {HTML} at (0,0) size 800x600
    RenderBody {BODY} at (8,8) size 784x584
      RenderBlock (anonymous) at (0,0) size 784x22
        RenderText {#text} at (0,0) size 356x22
          text run at (0,0) width 356: "The style rule on this page should be totally ignored. "
        RenderInline {A} at (0,0) size 86x22
          RenderText {#text} at (356,0) size 86x22
            text run at (356,0) width 86: "here is a link"
        RenderText {#text} at (0,0) size 0x0
      RenderBlock {H1} at (0,43) size 784x42
        RenderText {#text} at (0,0) size 109x42
          text run at (0,0) width 109: "heading"
      RenderBlock (anonymous) at (0,106) size 784x110
        RenderInline {SPAN} at (0,0) size 32x22
          RenderText {#text} at (0,0) size 32x22
            text run at (0,0) width 32: "issue"
        RenderBR {BR} at (32,16) size 0x0
        RenderInline {SPAN} at (0,0) size 21x22
          RenderText {#text} at (0,22) size 21x22
            text run at (0,22) width 21: "fail"
        RenderBR {BR} at (21,38) size 0x0
        RenderInline {A} at (0,0) size 131x22
          RenderText {#text} at (0,44) size 131x22
            text run at (0,44) width 131: "here is another link"
        RenderBR {BR} at (131,60) size 0x0
        RenderInline {SPAN} at (0,0) size 21x22
          RenderText {#text} at (0,66) size 21x22
            text run at (0,66) width 21: "n/a"
        RenderBR {BR} at (21,82) size 0x0
        RenderInline {SPAN} at (0,0) size 29x22
          RenderText {#text} at (0,88) size 29x22
            text run at (0,88) width 29: "pass"
        RenderBR {BR} at (29,104) size 0x0
      RenderBlock {H1} at (0,237) size 784x42
        RenderText {#text} at (0,0) size 224x42
          text run at (0,0) width 224: "another heading"
      RenderBlock (anonymous) at (0,300) size 784x22
        RenderInline {SPAN} at (0,0) size 21x22
          RenderText {#text} at (0,0) size 21x22
            text run at (0,0) width 21: "n/a"
        RenderBR {BR} at (21,16) size 0x0
