layer at (0,0) size 800x600
  RenderView at (0,0) size 800x600
layer at (0,0) size 800x96
  RenderBlock {html} at (0,0) size 800x96
    RenderBody {body} at (8,8) size 784x80
      RenderTable {table} at (0,0) size 73x80
        RenderBlock {caption} at (0,0) size 73x80
          RenderText {#text} at (16,0) size 73x79
            text run at (16,0) width 41: "PASS:"
            text run at (0,20) width 73: "Dynamically"
            text run at (17,40) width 39: "added"
            text run at (14,60) width 45: "caption"
