layer at (0,0) size 781x769
  RenderView at (0,0) size 781x532
layer at (0,0) size 781x769
  RenderBlock {HTML} at (0,0) size 781x769
    RenderBody {BODY} at (8,8) size 765x753
      RenderBlock {H1} at (0,0) size 765x37
        RenderText {#text} at (0,0) size 725x36
          text run at (0,0) width 725: "Radial Gradients With One Center, Inner Radius > 0"
      RenderBlock {DIV} at (0,58) size 154x154 [border: (2px solid #000000)]
      RenderBlock {DIV} at (0,212) size 154x154 [border: (2px solid #000000)]
      RenderBlock {H1} at (0,387) size 765x37
        RenderText {#text} at (0,0) size 641x36
          text run at (0,0) width 641: "Radial Gradients With One, Inner Radius == 0"
      RenderBlock {DIV} at (0,445) size 154x154 [border: (2px solid #000000)]
      RenderBlock {DIV} at (0,599) size 154x154 [border: (2px solid #000000)]
