layer at (0,0) size 800x600
  RenderCanvas at (0,0) size 800x600
layer at (0,0) size 800x49
  RenderBlock {HTML} at (0,0) size 800x49
    RenderBody {BODY} at (8,8) size 784x33
      RenderBlock (anonymous) at (0,0) size 784x17
        RenderInline {P} at (0,0) size 462x14 [color=#FFFFFF] [bgcolor=#FF0000]
          RenderText {TEXT} at (0,3) size 462x14
            text run at (0,3) width 462: "Ahem_font_required_for_this_test."
        RenderText {TEXT} at (0,0) size 0x0
      RenderBlock {P} at (0,17) size 784x16
        RenderText {TEXT} at (0,-1) size 289x16
          text run at (0,-1) width 289: "The following two blocks should be identical."
layer at (8,75) size 204x64
  RenderBlock (positioned) {DIV} at (8,75) size 204x64 [bgcolor=#FFFF00]
    RenderText {TEXT} at (0,0) size 0x0
    RenderText {TEXT} at (0,0) size 0x0
    RenderText {TEXT} at (0,0) size 0x0
    RenderText {TEXT} at (0,0) size 0x0
    RenderText {TEXT} at (0,0) size 0x0
layer at (10,77) size 50x50
  RenderBlock (positioned) {DIV} at (2,2) size 50x50 [bgcolor=#FFA500]
layer at (160,77) size 50x50
  RenderBlock (positioned) {DIV} at (152,2) size 50x50 [bgcolor=#FFA500]
layer at (8,175) size 204x64
  RenderBlock (positioned) {DIV} at (8,175) size 204x64 [bgcolor=#FFFF00]
    RenderBlock (floating) {DIV} at (2,2) size 50x50 [bgcolor=#FFA500]
    RenderText {TEXT} at (0,0) size 0x0
    RenderBlock {DIV} at (152,2) size 50x50 [bgcolor=#FFA500]
    RenderText {TEXT} at (0,0) size 0x0
