layer at (0,0) size 800x600
  RenderView at (0,0) size 800x600
layer at (0,0) size 800x600
  RenderBlock {HTML} at (0,0) size 800x600
    RenderBody {BODY} at (8,8) size 784x584
      RenderBlock {P} at (0,0) size 784x36
        RenderText {#text} at (0,0) size 781x36
          text run at (0,0) width 421: "This tests for a crash when pasting into a link that is display:block. "
          text run at (421,0) width 360: "'bar' is pasted between 'foo' and 'baz', and must be part of"
          text run at (0,18) width 384: "the link in order to acheive the expected paragraph structure. "
          text run at (384,18) width 347: "It should be part of the link but of the default font style."
      RenderBlock {DIV} at (0,52) size 784x18
        RenderBlock {A} at (0,0) size 784x18 [color=#0000EE]
          RenderText {#text} at (0,0) size 21x18
            text run at (0,0) width 21: "foo"
          RenderInline {SPAN} at (0,0) size 42x18 [color=#000000]
            RenderText {#text} at (21,0) size 20x18
              text run at (21,0) width 20: "bar"
            RenderInline {A} at (0,0) size 22x18 [color=#0000EE]
              RenderText {#text} at (41,0) size 22x18
                text run at (41,0) width 22: "baz"
        RenderBlock (anonymous) at (0,18) size 784x0
caret: position 3 of child 0 {#text} of child 1 {SPAN} of child 0 {A} of child 2 {DIV} of child 0 {BODY} of child 0 {HTML} of document
