layer at (0,0) size 800x600
  RenderCanvas at (0,0) size 800x600
layer at (0,0) size 800x34
  RenderBlock {HTML} at (0,0) size 800x34
    RenderBody {BODY} at (8,8) size 784x18 [color=#008000]
      RenderInline {/A} at (0,0) size 540x18
        RenderText {TEXT} at (0,0) size 0x0
        RenderInline {/ABBR} at (0,0) size 82x18
          RenderText {TEXT} at (0,0) size 82x18
            text run at (0,0) width 82: "None of this "
        RenderText {TEXT} at (0,0) size 0x0
        RenderInline {COMMENT} at (0,0) size 92x18
          RenderText {TEXT} at (82,0) size 92x18
            text run at (82,0) width 92: "text should be "
        RenderText {TEXT} at (0,0) size 0x0
        RenderInline {/ACRONYM} at (0,0) size 118x18
          RenderText {TEXT} at (174,0) size 118x18
            text run at (174,0) width 118: "matching the style "
        RenderText {TEXT} at (0,0) size 0x0
        RenderInline {SPAN} at (0,0) size 95x18
          RenderText {TEXT} at (292,0) size 95x18
            text run at (292,0) width 95: "rules, and thus "
        RenderText {TEXT} at (0,0) size 0x0
        RenderInline {/ADDRESS} at (0,0) size 64x18
          RenderText {TEXT} at (387,0) size 64x18
            text run at (387,0) width 64: "none of it "
        RenderText {TEXT} at (0,0) size 0x0
        RenderInline {SPAN} at (0,0) size 89x18
          RenderText {TEXT} at (451,0) size 89x18
            text run at (451,0) width 89: "should be red."
        RenderText {TEXT} at (0,0) size 0x0
      RenderText {TEXT} at (0,0) size 0x0
