layer at (0,0) size 800x600
  RenderCanvas at (0,0) size 800x600
layer at (0,0) size 800x34
  RenderBlock {HTML} at (0,0) size 800x34
    RenderBody {BODY} at (8,8) size 784x18
      RenderInline {A} at (0,0) size 263x18 [color=#0000EE]
        RenderText {TEXT} at (0,0) size 263x18
          text run at (0,0) width 263: "You should not see anything but this link."
      RenderText {TEXT} at (0,0) size 0x0
      RenderText {TEXT} at (0,0) size 0x0
