layer at (0,0) size 800x600
  RenderCanvas at (0,0) size 800x600
layer at (0,0) size 800x68
  RenderBlock {HTML} at (0,0) size 800x68
    RenderBody {BODY} at (8,8) size 784x52
      RenderBlock (anonymous) at (0,0) size 784x18
        RenderInline {Q} at (0,0) size 158x18
          RenderInline (anonymous) at (0,0) size 7x18
            RenderText at (0,0) size 7x18
              text run at (0,0) width 7: "\""
          RenderText {TEXT} at (7,0) size 151x18
            text run at (7,0) width 151: "Quotes should surround"
      RenderBlock (anonymous) at (0,34) size 784x0
        RenderBlock {P} at (0,0) size 784x0
      RenderBlock (anonymous) at (0,34) size 784x18
        RenderInline {Q} at (0,0) size 60x18
          RenderText {TEXT} at (0,0) size 53x18
            text run at (0,0) width 53: "this text."
          RenderInline (anonymous) at (0,0) size 7x18
            RenderText at (53,0) size 7x18
              text run at (53,0) width 7: "\""
        RenderText {TEXT} at (0,0) size 0x0
