layer at (0,0) size 800x600
  RenderCanvas at (0,0) size 800x600
layer at (0,0) size 800x70
  RenderBlock {HTML} at (0,0) size 800x70
    RenderBody {BODY} at (8,8) size 784x48
      RenderBlock {DIV} at (0,0) size 784x17
        RenderInline (anonymous) at (0,0) size 9x17
          RenderText {TEXT} at (0,0) size 9x17
            text run at (0,0) width 9: "T"
        RenderText {TEXT} at (9,0) size 228x17
          text run at (9,0) width 228: "HIS TEXT SHOULD BE UPPERCASE."
      RenderBlock {P} at (0,31) size 784x17
        RenderInline (anonymous) at (0,0) size 237x17
          RenderText at (0,0) size 237x17
            text run at (0,0) width 237: "THIS TEXT SHOULD BE UPPERCASE."
