layer at (0,0) size 800x600
  RenderCanvas at (0,0) size 800x600
layer at (0,0) size 800x33
  RenderBlock {HTML} at (0,0) size 800x33
    RenderBody {BODY} at (8,8) size 784x17
      RenderBlock {P} at (0,0) size 784x0
      RenderBlock {DIV} at (0,0) size 784x17
        RenderText {TEXT} at (0,0) size 655x17
          text run at (0,0) width 478: "In this paragraph, there should be a right floating green ::after block. "
          text run at (478,0) width 177: "It should be ok to do this."
        RenderBlock (floating) at (684,0) size 100x100 [color=#008000] [bgcolor=#008000]
          RenderText at (0,0) size 56x17
            text run at (0,0) width 56: "Invisible"
layer at (300,300) size 334x17
  RenderBlock (positioned) at (300,300) size 334x17
    RenderText at (0,0) size 334x17
      text run at (0,0) width 334: "Some text that should be at an (x,y) of (300,300)"
