layer at (0,0) size 800x600
  RenderCanvas at (0,0) size 800x600
layer at (0,0) size 800x159
  RenderBlock {HTML} at (0,0) size 800x159
    RenderBody {BODY} at (8,8) size 784x143
      RenderBlock {P} at (0,0) size 784x17
        RenderText {TEXT} at (0,0) size 70x17
          text run at (0,0) width 70: "All of this "
        RenderInline {SPAN} at (0,0) size 98x17
          RenderText {TEXT} at (70,0) size 98x17
            text run at (70,0) width 98: "text should be"
        RenderText {TEXT} at (168,0) size 48x17
          text run at (168,0) width 48: " green."
      RenderBlock {UL} at (0,31) size 784x17
        RenderListItem {LI} at (40,0) size 744x17
          RenderListMarker at (0,0) size 0x14
          RenderText {TEXT} at (0,0) size 405x17
            text run at (0,0) width 405: "All of this text should be green. The bullet should be black."
      RenderBlock {DIV} at (0,62) size 784x50 [color=#FF0000]
        RenderInline {SPAN} at (0,0) size 461x17 [color=#008000]
          RenderInline (anonymous) at (0,0) size 29x50
            RenderText {TEXT} at (0,0) size 29x50
              text run at (0,0) width 29: "A"
          RenderText {TEXT} at (29,27) size 432x17
            text run at (29,27) width 432: "ll of this text should be green, including the big \"A\" first-letter."
      RenderBlock {P} at (0,126) size 784x0
      RenderBlock {DIV} at (0,126) size 784x17
        RenderBlock {DIV} at (0,0) size 179x17 [color=#FF0000]
          RenderText {TEXT} at (0,0) size 179x17
            text run at (0,0) width 179: "This text should be green."
