layer at (0,0) size 800x600
  RenderCanvas at (0,0) size 800x600
layer at (0,0) size 800x34
  RenderBlock {HTML} at (0,0) size 800x34
    RenderBody {BODY} at (8,8) size 784x18
      RenderInline {A} at (0,0) size 124x18 [color=#0000EE]
        RenderInline (generated) at (0,0) size 17x18
          RenderImage at (0,3) size 17x11
        RenderText {TEXT} at (17,0) size 107x18
          text run at (17,0) width 107: "What's going on."
