EDITING DELEGATE: shouldChangeSelectedDOMRange:(null) toDOMRange:range from 15 of #text > DIV > BODY > HTML > #document to 15 of #text > DIV > BODY > HTML > #document affinity:NSSelectionAffinityDownstream stillSelecting:FALSE
EDITING DELEGATE: webViewDidChangeSelection:WebViewDidChangeSelectionNotification
EDITING DELEGATE: shouldChangeSelectedDOMRange:range from 15 of #text > DIV > BODY > HTML > #document to 15 of #text > DIV > BODY > HTML > #document toDOMRange:range from 11 of #text > DIV > BODY > HTML > #document to 4 of #text > DIV > BODY > HTML > #document affinity:NSSelectionAffinityDownstream stillSelecting:FALSE
EDITING DELEGATE: webViewDidChangeSelection:WebViewDidChangeSelectionNotification
EDITING DELEGATE: shouldChangeSelectedDOMRange:range from 11 of #text > DIV > BODY > HTML > #document to 4 of #text > DIV > BODY > HTML > #document toDOMRange:range from 1 of #text > DIV > BODY > HTML > #document to 4 of DIV > BODY > HTML > #document affinity:NSSelectionAffinityDownstream stillSelecting:FALSE
EDITING DELEGATE: webViewDidChangeSelection:WebViewDidChangeSelectionNotification
EDITING DELEGATE: shouldChangeSelectedDOMRange:range from 1 of #text > DIV > BODY > HTML > #document to 4 of DIV > BODY > HTML > #document toDOMRange:range from 1 of #text > DIV > BODY > HTML > #document to 5 of #text > DIV > BODY > HTML > #document affinity:NSSelectionAffinityDownstream stillSelecting:FALSE
EDITING DELEGATE: webViewDidChangeSelection:WebViewDidChangeSelectionNotification
layer at (0,0) size 800x600
  RenderView at (0,0) size 800x600
layer at (0,0) size 800x600
  RenderBlock {HTML} at (0,0) size 800x600
    RenderBody {BODY} at (8,8) size 784x584
      RenderBlock {P} at (0,0) size 784x19
        RenderText {#text} at (0,0) size 697x19
          text run at (0,0) width 368: "This tests modifying a selection created with a triple click. "
          text run at (368,0) width 329: "The new selection should use paragraph granularity."
      RenderBlock {P} at (0,35) size 784x57 [color=#008000]
        RenderText {#text} at (0,0) size 771x57
          text run at (0,0) width 224: "This test does not run interactively. "
          text run at (224,0) width 414: "It uses the layoutTestControllers eventSender to do mouse clicks. "
          text run at (638,0) width 121: "To run it manually,"
          text run at (0,19) width 365: "double click on the blue 'g', then drag down to the red 'g'. "
          text run at (365,19) width 406: "As you drag, watch the selection that is created, it should always"
          text run at (0,38) width 244: "start and end on paragraph boundaries."
      RenderBlock {DIV} at (0,108) size 784x114
        RenderText {#text} at (0,0) size 84x19
          text run at (0,0) width 84: "This is a para"
        RenderInline {SPAN} at (0,0) size 8x19 [color=#0000FF]
          RenderText {#text} at (84,0) size 8x19
            text run at (84,0) width 8: "g"
        RenderText {#text} at (92,0) size 32x19
          text run at (92,0) width 32: "raph."
        RenderBR {BR} at (124,15) size 0x0
        RenderText {#text} at (0,19) size 63x19
          text run at (0,19) width 63: "Some text"
        RenderBR {BR} at (63,34) size 0x0
        RenderText {#text} at (0,38) size 63x19
          text run at (0,38) width 63: "Some text"
        RenderBR {BR} at (63,53) size 0x0
        RenderText {#text} at (0,57) size 63x19
          text run at (0,57) width 63: "Some text"
        RenderBR {BR} at (63,72) size 0x0
        RenderText {#text} at (0,76) size 63x19
          text run at (0,76) width 63: "Some text"
        RenderBR {BR} at (63,91) size 0x0
        RenderText {#text} at (0,95) size 84x19
          text run at (0,95) width 84: "This is a para"
        RenderInline {SPAN} at (0,0) size 8x19 [color=#FF0000]
          RenderText {#text} at (84,95) size 8x19
            text run at (84,95) width 8: "g"
        RenderText {#text} at (92,95) size 32x19
          text run at (92,95) width 32: "raph."
selection start: position 1 of child 0 {#text} of child 5 {DIV} of body
selection end:   position 5 of child 14 {#text} of child 5 {DIV} of body
