layer at (0,0) size 800x600
  RenderView at (0,0) size 800x600
layer at (0,0) size 800x600
  RenderBlock {HTML} at (0,0) size 800x600
    RenderBody {BODY} at (8,8) size 784x576
      RenderBlock {P} at (0,0) size 784x19
        RenderText {#text} at (0,0) size 337x19
          text run at (0,0) width 337: "This tests Range.selectNode() of a text node and a br."
      RenderBlock {DIV} at (0,35) size 784x19
        RenderText {#text} at (0,0) size 23x19
          text run at (0,0) width 23: "one"
      RenderBlock {DIV} at (0,54) size 784x38
        RenderText {#text} at (0,0) size 24x19
          text run at (0,0) width 24: "two"
        RenderBR {BR} at (24,15) size 0x0
        RenderText {#text} at (0,19) size 31x19
          text run at (0,19) width 31: "three"
      RenderBlock {DIV} at (0,92) size 784x19
        RenderText {#text} at (0,0) size 26x19
          text run at (0,0) width 26: "four"
      RenderBlock {UL} at (0,127) size 784x19
        RenderListItem {LI} at (40,0) size 744x19
          RenderListMarker at (-18,0) size 7x19: bullet
          RenderText {#text} at (0,0) size 54x19
            text run at (0,0) width 54: "Success."
