layer at (0,0) size 800x600
  RenderView at (0,0) size 800x600
layer at (0,0) size 800x600
  RenderBlock {HTML} at (0,0) size 800x600
    RenderBody {BODY} at (8,8) size 784x584
      RenderBlock {P} at (0,0) size 784x19
        RenderText {#text} at (0,0) size 691x19
          text run at (0,0) width 292: "This tests caret movement across a select box. "
          text run at (292,0) width 399: "The caret should skip over the select box as if it were an image."
      RenderBlock {DIV} at (0,35) size 784x29
        RenderBlock {DIV} at (0,0) size 784x29
          RenderText {#text} at (0,5) size 71x19
            text run at (0,5) width 71: "select box: "
          RenderMenuList {SELECT} at (73,2) size 32x25 [bgcolor=#FFFFFF] [border: (1px solid #000000)]
            RenderBlock (anonymous) at (1,1) size 30x23
              RenderText at (2,2) size 9x19
                text run at (2,2) width 9: "1"
          RenderText {#text} at (107,5) size 66x19
            text run at (107,5) width 66: " the end ..."
caret: position 1 of child 0 {#text} of child 1 {DIV} of child 3 {DIV} of body
