layer at (0,0) size 800x600
  RenderView at (0,0) size 800x600
layer at (0,0) size 800x600
  RenderBlock {HTML} at (0,0) size 800x600
    RenderBody {BODY} at (8,8) size 784x584
      RenderBlock {DIV} at (0,0) size 784x19
        RenderText {#text} at (0,0) size 21x19
          text run at (0,0) width 21: "test"
      RenderBlock {DIV} at (0,19) size 784x19
        RenderText {#text} at (0,0) size 7x19
          text run at (0,0) width 7: "x"
caret: position 1 of child 0 {#text} of child 2 {DIV} of body
