layer at (0,0) size 800x600
  RenderView at (0,0) size 800x600
layer at (0,0) size 800x600
  RenderBlock {HTML} at (0,0) size 800x600
    RenderBody {BODY} at (8,8) size 784x584 [border: (2px solid #FF0000)]
      RenderBR {BR} at (14,14) size 0x28
      RenderText {#text} at (14,42) size 36x28
        text run at (14,42) width 36: "xxx"
      RenderText {#text} at (0,0) size 0x0
caret: position 3 of child 1 {#text} of body
