layer at (0,0) size 800x600
  RenderView at (0,0) size 800x600
layer at (0,0) size 800x600
  RenderBlock {HTML} at (0,0) size 800x600
    RenderBody {BODY} at (8,8) size 784x584
      RenderBlock {DIV} at (0,0) size 784x56 [border: (2px solid #FF0000)]
        RenderInline {SPAN} at (0,0) size 113x28
          RenderText {#text} at (14,14) size 79x28
            text run at (14,14) width 79: "Foo xxx"
          RenderInline {I} at (0,0) size 34x28
            RenderText {#text} at (93,14) size 34x28
              text run at (93,14) width 34: "bar"
        RenderText {#text} at (0,0) size 0x0
caret: position 7 of child 0 {#text} of child 1 {SPAN} of child 1 {DIV} of body
