layer at (0,0) size 800x600
  RenderView at (0,0) size 800x600
layer at (0,0) size 800x600
  RenderBlock {HTML} at (0,0) size 800x600
    RenderBody {BODY} at (8,8) size 784x584
      RenderTextControl {INPUT} at (2,2) size 194x25 [bgcolor=#FFFFFF] [border: (2px inset #000000)]
      RenderBR {BR} at (198,20) size 0x0
      RenderTextControl {INPUT} at (2,31) size 194x25 [bgcolor=#FFFFFF] [border: (2px inset #000000)]
      RenderText {#text} at (198,34) size 4x19
        text run at (198,34) width 4: " "
      RenderText {#text} at (202,34) size 455x19
        text run at (202,34) width 455: "tabbing between forms in design mode (nothing happens at the moment)"
      RenderBR {BR} at (657,49) size 0x0
layer at (13,13) size 188x19
  RenderBlock {DIV} at (3,3) size 188x19
    RenderInline {SPAN} at (0,0) size 32x19
      RenderText {#text} at (1,0) size 32x19
        text run at (1,0) width 32: "\x{9}"
layer at (13,42) size 188x19
  RenderBlock {DIV} at (3,3) size 188x19
caret: position 1 of child 0 {#text} of child 0 {SPAN} of child 0 {DIV} of child 1 {INPUT} of body
