layer at (0,0) size 880x1201
  RenderCanvas at (0,0) size 800x585
layer at (0,0) size 880x1201
  RenderBlock {HTML} at (0,0) size 800x1201
    RenderBody {BODY} at (8,8) size 784x1185 [bgcolor=#CCCCCC]
      RenderBlock {P} at (0,0) size 784x18
        RenderText {TEXT} at (0,0) size 355x18
          text run at (0,0) width 355: "The style declarations which apply to the text below are:"
      RenderBlock {PRE} at (0,34) size 784x30
        RenderText {TEXT} at (0,0) size 872x15
          text run at (0,0) width 872: "BODY {background-image: url(../resources/bg.gif); background-repeat: repeat-x; background-attachment: fixed;}"
      RenderBlock {HR} at (0,77) size 784x2 [border: (1px inset #000000)]
      RenderBlock {P} at (0,95) size 784x90
        RenderText {TEXT} at (0,0) size 781x90
          text run at (0,0) width 763: "This document should have a green grid-pattern line across the top of the page (or at least a tiled background) which does"
          text run at (0,18) width 201: "NOT scroll with the document. "
          text run at (201,18) width 575: "It should, instead, appear to be a fixed pattern past which the content scrolls, even when the"
          text run at (0,36) width 172: "end of the page is reached. "
          text run at (172,36) width 609: "In addition, the default Test Suite background should NOT appear, as it's been overridden by the"
          text run at (0,54) width 131: "styles shown above. "
          text run at (131,54) width 644: "I'll have to add a lot of extra text to the page in order to make all this something we can actually check."
          text run at (0,72) width 227: "Don't worry, I'll think of something."
      RenderBlock {P} at (0,201) size 784x18
        RenderText {TEXT} at (0,0) size 508x18
          text run at (0,0) width 417: "In fact, why not the relevant section from the CSS1 specification? "
          text run at (417,0) width 91: "A capital idea."
      RenderBlock {HR} at (0,235) size 784x2 [border: (1px inset #000000)]
      RenderBlock {HR} at (0,249) size 784x2 [border: (1px inset #000000)]
      RenderBlock {H4} at (0,272) size 784x18
        RenderInline {A} at (0,0) size 220x18
          RenderText {TEXT} at (0,0) size 220x18
            text run at (0,0) width 220: "5.3.5    'background-attachment'"
        RenderText {TEXT} at (0,0) size 0x0
      RenderBlock {P} at (0,311) size 784x90
        RenderInline {EM} at (0,0) size 42x18
          RenderText {TEXT} at (0,0) size 42x18
            text run at (0,0) width 42: "Value:"
        RenderText {TEXT} at (42,0) size 81x18
          text run at (42,0) width 81: " scroll | fixed"
        RenderBR {BR} at (0,0) size 0x0
        RenderText {TEXT} at (0,0) size 0x0
        RenderInline {EM} at (0,0) size 42x18
          RenderText {TEXT} at (0,18) size 42x18
            text run at (0,18) width 42: "Initial:"
        RenderText {TEXT} at (42,18) size 38x18
          text run at (42,18) width 38: " scroll"
        RenderBR {BR} at (0,0) size 0x0
        RenderText {TEXT} at (0,0) size 0x0
        RenderInline {EM} at (0,0) size 68x18
          RenderText {TEXT} at (0,36) size 68x18
            text run at (0,36) width 68: "Applies to:"
        RenderText {TEXT} at (68,36) size 78x18
          text run at (68,36) width 78: " all elements"
        RenderBR {BR} at (0,0) size 0x0
        RenderText {TEXT} at (0,0) size 0x0
        RenderInline {EM} at (0,0) size 62x18
          RenderText {TEXT} at (0,54) size 62x18
            text run at (0,54) width 62: "Inherited:"
        RenderText {TEXT} at (62,54) size 20x18
          text run at (62,54) width 20: " no"
        RenderBR {BR} at (0,0) size 0x0
        RenderText {TEXT} at (0,0) size 0x0
        RenderInline {EM} at (0,0) size 121x18
          RenderText {TEXT} at (0,72) size 121x18
            text run at (0,72) width 121: "Percentage values:"
        RenderText {TEXT} at (121,72) size 32x18
          text run at (121,72) width 32: " N/A"
        RenderBR {BR} at (0,0) size 0x0
        RenderText {TEXT} at (0,0) size 0x0
      RenderBlock {P} at (0,417) size 784x36
        RenderText {TEXT} at (0,0) size 782x36
          text run at (0,0) width 782: "If a background image is specified, the value of 'background-attachment' determines if it is fixed with regard to the canvas or"
          text run at (0,18) width 213: "if it scrolls along with the content."
      RenderBlock {PRE} at (0,469) size 784x75
        RenderText {TEXT} at (0,0) size 296x75
          text run at (0,0) width 72: "  BODY { "
          text run at (0,15) width 296: "    background: red url(pendant.gif);"
          text run at (0,30) width 256: "    background-repeat: repeat-y;"
          text run at (0,45) width 264: "    background-attachment: fixed;"
          text run at (0,60) width 24: "  }"
      RenderBlock {P} at (0,560) size 784x54
        RenderInline {EM} at (0,0) size 72x18
          RenderText {TEXT} at (0,0) size 72x18
            text run at (0,0) width 72: "CSS1 core:"
        RenderText {TEXT} at (72,0) size 767x54
          text run at (72,0) width 671: " UAs may treat 'fixed' as 'scroll'. However, it is recommended they interpret 'fixed' correctly, at least on the"
          text run at (0,18) width 767: "HTML and BODY elements, since there is no way for an author to provide an image only for those browsers that support"
          text run at (0,36) width 42: "'fixed'."
      RenderTable {TABLE} at (0,630) size 784x555 [border: (1px outset #808080)]
        RenderTableSection {TBODY} at (1,1) size 0x553
          RenderTableRow {TR} at (0,0) size 0x0
            RenderTableCell {TD} at (0,0) size 782x26 [bgcolor=#C0C0C0] [border: (1px inset #808080)] [r=0 c=0 rs=1 cs=2]
              RenderInline {STRONG} at (0,0) size 163x18
                RenderText {TEXT} at (4,4) size 163x18
                  text run at (4,4) width 163: "TABLE Testing Section"
          RenderTableRow {TR} at (0,0) size 0x0
            RenderTableCell {TD} at (0,276) size 12x26 [bgcolor=#C0C0C0] [border: (1px inset #808080)] [r=1 c=0 rs=1 cs=1]
              RenderText {TEXT} at (4,4) size 4x18
                text run at (4,4) width 4: " "
            RenderTableCell {TD} at (12,26) size 770x527 [border: (1px inset #808080)] [r=1 c=1 rs=1 cs=1]
              RenderBlock {P} at (4,4) size 762x90
                RenderText {TEXT} at (0,0) size 747x90
                  text run at (0,0) width 730: "This document should have a green grid-pattern line across the top of the page (or at least a tiled background) which"
                  text run at (0,18) width 234: "does NOT scroll with the document. "
                  text run at (234,18) width 513: "It should, instead, appear to be a fixed pattern past which the content scrolls, even"
                  text run at (0,36) width 234: "when the end of the page is reached. "
                  text run at (234,36) width 494: "In addition, the default Test Suite background should NOT appear, as it's been"
                  text run at (0,54) width 246: "overridden by the styles shown above. "
                  text run at (246,54) width 497: "I'll have to add a lot of extra text to the page in order to make all this something"
                  text run at (0,72) width 147: "we can actually check. "
                  text run at (147,72) width 227: "Don't worry, I'll think of something."
              RenderBlock {P} at (4,110) size 762x18
                RenderText {TEXT} at (0,0) size 508x18
                  text run at (0,0) width 417: "In fact, why not the relevant section from the CSS1 specification? "
                  text run at (417,0) width 91: "A capital idea."
              RenderBlock {HR} at (4,144) size 762x2 [border: (1px inset #000000)]
              RenderBlock {HR} at (4,158) size 762x2 [border: (1px inset #000000)]
              RenderBlock {H4} at (4,181) size 762x18
                RenderInline {A} at (0,0) size 220x18
                  RenderText {TEXT} at (0,0) size 220x18
                    text run at (0,0) width 220: "5.3.5    'background-attachment'"
                RenderText {TEXT} at (0,0) size 0x0
              RenderBlock {P} at (4,220) size 762x90
                RenderInline {EM} at (0,0) size 42x18
                  RenderText {TEXT} at (0,0) size 42x18
                    text run at (0,0) width 42: "Value:"
                RenderText {TEXT} at (42,0) size 81x18
                  text run at (42,0) width 81: " scroll | fixed"
                RenderBR {BR} at (0,0) size 0x0
                RenderText {TEXT} at (0,0) size 0x0
                RenderInline {EM} at (0,0) size 42x18
                  RenderText {TEXT} at (0,18) size 42x18
                    text run at (0,18) width 42: "Initial:"
                RenderText {TEXT} at (42,18) size 38x18
                  text run at (42,18) width 38: " scroll"
                RenderBR {BR} at (0,0) size 0x0
                RenderText {TEXT} at (0,0) size 0x0
                RenderInline {EM} at (0,0) size 68x18
                  RenderText {TEXT} at (0,36) size 68x18
                    text run at (0,36) width 68: "Applies to:"
                RenderText {TEXT} at (68,36) size 78x18
                  text run at (68,36) width 78: " all elements"
                RenderBR {BR} at (0,0) size 0x0
                RenderText {TEXT} at (0,0) size 0x0
                RenderInline {EM} at (0,0) size 62x18
                  RenderText {TEXT} at (0,54) size 62x18
                    text run at (0,54) width 62: "Inherited:"
                RenderText {TEXT} at (62,54) size 20x18
                  text run at (62,54) width 20: " no"
                RenderBR {BR} at (0,0) size 0x0
                RenderText {TEXT} at (0,0) size 0x0
                RenderInline {EM} at (0,0) size 121x18
                  RenderText {TEXT} at (0,72) size 121x18
                    text run at (0,72) width 121: "Percentage values:"
                RenderText {TEXT} at (121,72) size 32x18
                  text run at (121,72) width 32: " N/A"
                RenderBR {BR} at (0,0) size 0x0
                RenderText {TEXT} at (0,0) size 0x0
              RenderBlock {P} at (4,326) size 762x36
                RenderText {TEXT} at (0,0) size 718x36
                  text run at (0,0) width 718: "If a background image is specified, the value of 'background-attachment' determines if it is fixed with regard to the"
                  text run at (0,18) width 277: "canvas or if it scrolls along with the content."
              RenderBlock {PRE} at (4,378) size 762x75
                RenderText {TEXT} at (0,0) size 296x75
                  text run at (0,0) width 72: "  BODY { "
                  text run at (0,15) width 296: "    background: red url(pendant.gif);"
                  text run at (0,30) width 256: "    background-repeat: repeat-y;"
                  text run at (0,45) width 264: "    background-attachment: fixed;"
                  text run at (0,60) width 24: "  }"
              RenderBlock {P} at (4,469) size 762x54
                RenderInline {EM} at (0,0) size 72x18
                  RenderText {TEXT} at (0,0) size 72x18
                    text run at (0,0) width 72: "CSS1 core:"
                RenderText {TEXT} at (72,0) size 743x54
                  text run at (72,0) width 671: " UAs may treat 'fixed' as 'scroll'. However, it is recommended they interpret 'fixed' correctly, at least on the"
                  text run at (0,18) width 716: "HTML and BODY elements, since there is no way for an author to provide an image only for those browsers that"
                  text run at (0,36) width 93: "support 'fixed'."
