layer at (0,0) size 800x600
  RenderCanvas at (0,0) size 800x600
layer at (0,0) size 800x546
  RenderBlock {HTML} at (0,0) size 800x546
    RenderBody {BODY} at (8,8) size 784x530 [bgcolor=#CCCCCC]
      RenderBlock {P} at (0,0) size 784x17 [bgcolor=#008000]
        RenderText {TEXT} at (0,0) size 385x17
          text run at (0,0) width 385: "The style declarations which apply to the text below are:"
      RenderBlock {PRE} at (0,31) size 784x64 [bgcolor=#000000]
        RenderText {TEXT} at (0,0) size 296x48
          text run at (0,0) width 224: "P {background-color: green;}"
          text run at (0,16) width 240: ".one {background-color: lime;}"
          text run at (0,32) width 296: ".two {background-color: transparent;}"
      RenderBlock {HR} at (1,109) size 782x2 [bgcolor=#000000]
      RenderBlock {P} at (0,125) size 784x17 [bgcolor=#008000]
        RenderText {TEXT} at (0,0) size 303x17
          text run at (0,0) width 303: "This element's background should be green."
      RenderBlock {P} at (0,156) size 784x17 [bgcolor=#00FF00]
        RenderText {TEXT} at (0,0) size 381x17
          text run at (0,0) width 381: "This element's background should be lime (light green)."
      RenderBlock {P} at (0,187) size 784x68 [bgcolor=#008000]
        RenderText {TEXT} at (0,0) size 711x17
          text run at (0,0) width 711: "This element's background should be green, and the last word in this sentence should also have a green"
        RenderInline {SPAN} at (0,0) size 82x17 [bgcolor=#000000]
          RenderText {TEXT} at (0,17) size 82x17
            text run at (0,17) width 82: "background"
        RenderText {TEXT} at (82,17) size 768x34
          text run at (82,17) width 9: ". "
          text run at (91,17) width 677: "This is because the background color of the parent element (the paragraph) should \"shine through\""
          text run at (0,34) width 326: "the SPANned word \"sentence,\" which was set to "
        RenderInline {CODE} at (0,0) size 88x16 [bgcolor=#000000]
          RenderText {TEXT} at (326,35) size 88x16
            text run at (326,35) width 88: "transparent"
        RenderText {TEXT} at (414,34) size 772x34
          text run at (414,34) width 9: ". "
          text run at (423,34) width 349: "If the document background is visible, the browser"
          text run at (0,51) width 72: "is in error."
      RenderBlock {P} at (0,269) size 784x34 [bgcolor=#000000]
        RenderText {TEXT} at (0,0) size 768x34
          text run at (0,0) width 500: "This element should allow the document background to \"shine through.\" "
          text run at (500,0) width 268: "There should be no green backgrounds"
          text run at (0,17) width 36: "here!"
      RenderTable {TABLE} at (0,317) size 784x213 [bgcolor=#000000]
        RenderTableSection {TBODY} at (1,1) size 0x211
          RenderTableRow {TR} at (0,0) size 0x0
            RenderTableCell {TD} at (0,0) size 782x25 [bgcolor=#C0C0C0] [r=0 c=0 rs=1 cs=2]
              RenderInline {STRONG} at (0,0) size 164x17 [bgcolor=#000000]
                RenderText {TEXT} at (4,4) size 164x17
                  text run at (4,4) width 164: "TABLE Testing Section"
          RenderTableRow {TR} at (0,0) size 0x0
            RenderTableCell {TD} at (0,105) size 12x25 [bgcolor=#C0C0C0] [r=1 c=0 rs=1 cs=1]
              RenderText {TEXT} at (4,4) size 4x17
                text run at (4,4) width 4: "\x{A0}"
            RenderTableCell {TD} at (12,25) size 770x186 [r=1 c=1 rs=1 cs=1]
              RenderBlock {P} at (4,4) size 762x17 [bgcolor=#008000]
                RenderText {TEXT} at (0,0) size 303x17
                  text run at (0,0) width 303: "This element's background should be green."
              RenderBlock {P} at (4,35) size 762x17 [bgcolor=#00FF00]
                RenderText {TEXT} at (0,0) size 381x17
                  text run at (0,0) width 381: "This element's background should be lime (light green)."
              RenderBlock {P} at (4,66) size 762x68 [bgcolor=#008000]
                RenderText {TEXT} at (0,0) size 711x17
                  text run at (0,0) width 711: "This element's background should be green, and the last word in this sentence should also have a green"
                RenderInline {SPAN} at (0,0) size 82x17 [bgcolor=#000000]
                  RenderText {TEXT} at (0,17) size 82x17
                    text run at (0,17) width 82: "background"
                RenderText {TEXT} at (82,17) size 704x34
                  text run at (82,17) width 9: ". "
                  text run at (91,17) width 613: "This is because the background color of the parent element (the paragraph) should \"shine"
                  text run at (0,34) width 390: "through\" the SPANned word \"sentence,\" which was set to "
                RenderInline {CODE} at (0,0) size 88x16 [bgcolor=#000000]
                  RenderText {TEXT} at (390,35) size 88x16
                    text run at (390,35) width 88: "transparent"
                RenderText {TEXT} at (478,34) size 751x34
                  text run at (478,34) width 9: ". "
                  text run at (487,34) width 264: "If the document background is visible,"
                  text run at (0,51) width 157: "the browser is in error."
              RenderBlock {P} at (4,148) size 762x34
                RenderText {TEXT} at (0,0) size 675x34
                  text run at (0,0) width 500: "This element should allow the document background to \"shine through.\" "
                  text run at (500,0) width 175: "There should be no green"
                  text run at (0,17) width 129: "backgrounds here!"
