layer at (0,0) size 800x682
  RenderCanvas at (0,0) size 800x600
layer at (0,0) size 800x682
  RenderBlock {HTML} at (0,0) size 800x682
    RenderBody {BODY} at (8,8) size 784x666 [bgcolor=#008000]
      RenderBlock {P} at (0,0) size 784x17 [bgcolor=#000000]
        RenderText {TEXT} at (0,0) size 385x17
          text run at (0,0) width 385: "The style declarations which apply to the text below are:"
      RenderBlock {PRE} at (0,31) size 784x64 [bgcolor=#000000]
        RenderText {TEXT} at (0,0) size 648x64
          text run at (0,0) width 648: "BODY {background: green url(../resources/oransqr.gif) repeat-x center top fixed;}"
          text run at (0,16) width 568: ".one {background: lime url(../resources/oransqr.gif) repeat-y 100% 0%;}"
          text run at (0,32) width 592: ".two {background: lime url(../resources/oransqr.gif) repeat-y center top;}"
          text run at (0,48) width 592: ".three {background: lime url(../resources/oransqr.gif) repeat-x left top;}"
      RenderBlock {HR} at (1,109) size 782x2 [bgcolor=#000000]
      RenderBlock {P} at (0,125) size 784x51 [bgcolor=#000000]
        RenderText {TEXT} at (0,0) size 760x34
          text run at (0,0) width 760: "This document should have a green background with an orange strip running across the entire top of the page,"
          text run at (0,17) width 39: "since "
        RenderInline {CODE} at (0,0) size 64x16
          RenderText {TEXT} at (39,18) size 64x16
            text run at (39,18) width 64: "repeat-x"
        RenderText {TEXT} at (103,17) size 777x34
          text run at (103,17) width 331: " indicates tiling in both directions of the x-axis. "
          text run at (434,17) width 327: "Furthermore, the strip should be fixed in place. "
          text run at (761,17) width 16: "I'll"
          text run at (0,34) width 628: "have to add extra text at the end of this page to make it long enough to scroll conveniently."
      RenderBlock {P} at (0,190) size 784x51 [bgcolor=#00FF00]
        RenderText {TEXT} at (0,0) size 761x51
          text run at (0,0) width 761: "This paragraph should have a lime background and an orange strip which starts at the top right and runs to the"
          text run at (0,17) width 59: "bottom. "
          text run at (59,17) width 689: "Therefore, extra text would be in order, so that we can intelligently evaluate the performance of your"
          text run at (0,34) width 273: "browser in handling these declarations. "
          text run at (273,34) width 330: "Hey, I didn't say the page would be pretty, did I?"
      RenderBlock {P} at (0,255) size 784x51 [bgcolor=#00FF00]
        RenderText {TEXT} at (0,0) size 771x51
          text run at (0,0) width 771: "This paragraph should have a lime background and an orange strip which starts at the center top and runs to the"
          text run at (0,17) width 59: "bottom. "
          text run at (59,17) width 689: "Therefore, extra text would be in order, so that we can intelligently evaluate the performance of your"
          text run at (0,34) width 273: "browser in handling these declarations. "
          text run at (273,34) width 330: "Hey, I didn't say the page would be pretty, did I?"
      RenderBlock {P} at (0,320) size 784x51 [bgcolor=#00FF00]
        RenderText {TEXT} at (0,0) size 778x51
          text run at (0,0) width 778: "This paragraph should have a lime background and an orange strip which starts at the top left and runs to the top"
          text run at (0,17) width 42: "right. "
          text run at (42,17) width 689: "Therefore, extra text would be in order, so that we can intelligently evaluate the performance of your"
          text run at (0,34) width 273: "browser in handling these declarations. "
          text run at (273,34) width 330: "Hey, I didn't say the page would be pretty, did I?"
      RenderTable {TABLE} at (0,385) size 784x281 [bgcolor=#000000]
        RenderTableSection {TBODY} at (1,1) size 0x279
          RenderTableRow {TR} at (0,0) size 0x0
            RenderTableCell {TD} at (0,0) size 782x25 [bgcolor=#C0C0C0] [r=0 c=0 rs=1 cs=2]
              RenderInline {STRONG} at (0,0) size 164x17 [bgcolor=#000000]
                RenderText {TEXT} at (4,4) size 164x17
                  text run at (4,4) width 164: "TABLE Testing Section"
          RenderTableRow {TR} at (0,0) size 0x0
            RenderTableCell {TD} at (0,139) size 12x25 [bgcolor=#C0C0C0] [r=1 c=0 rs=1 cs=1]
              RenderText {TEXT} at (4,4) size 4x17
                text run at (4,4) width 4: "\x{A0}"
            RenderTableCell {TD} at (12,25) size 770x254 [r=1 c=1 rs=1 cs=1]
              RenderBlock {P} at (4,4) size 762x51
                RenderText {TEXT} at (0,0) size 760x34
                  text run at (0,0) width 760: "This document should have a green background with an orange strip running across the entire top of the page,"
                  text run at (0,17) width 39: "since "
                RenderInline {CODE} at (0,0) size 64x16
                  RenderText {TEXT} at (39,18) size 64x16
                    text run at (39,18) width 64: "repeat-x"
                RenderText {TEXT} at (103,17) size 757x34
                  text run at (103,17) width 331: " indicates tiling in both directions of the x-axis. "
                  text run at (434,17) width 323: "Furthermore, the strip should be fixed in place."
                  text run at (0,34) width 648: "I'll have to add extra text at the end of this page to make it long enough to scroll conveniently."
              RenderBlock {P} at (4,69) size 762x51 [bgcolor=#00FF00]
                RenderText {TEXT} at (0,0) size 761x51
                  text run at (0,0) width 761: "This paragraph should have a lime background and an orange strip which starts at the top right and runs to the"
                  text run at (0,17) width 59: "bottom. "
                  text run at (59,17) width 689: "Therefore, extra text would be in order, so that we can intelligently evaluate the performance of your"
                  text run at (0,34) width 273: "browser in handling these declarations. "
                  text run at (273,34) width 330: "Hey, I didn't say the page would be pretty, did I?"
              RenderBlock {P} at (4,134) size 762x51 [bgcolor=#00FF00]
                RenderText {TEXT} at (0,0) size 745x51
                  text run at (0,0) width 745: "This paragraph should have a lime background and an orange strip which starts at the center top and runs to"
                  text run at (0,17) width 85: "the bottom. "
                  text run at (85,17) width 654: "Therefore, extra text would be in order, so that we can intelligently evaluate the performance of"
                  text run at (0,34) width 308: "your browser in handling these declarations. "
                  text run at (308,34) width 330: "Hey, I didn't say the page would be pretty, did I?"
              RenderBlock {P} at (4,199) size 762x51 [bgcolor=#00FF00]
                RenderText {TEXT} at (0,0) size 758x51
                  text run at (0,0) width 751: "This paragraph should have a lime background and an orange strip which starts at the top left and runs to the"
                  text run at (0,17) width 69: "top right. "
                  text run at (69,17) width 689: "Therefore, extra text would be in order, so that we can intelligently evaluate the performance of your"
                  text run at (0,34) width 273: "browser in handling these declarations. "
                  text run at (273,34) width 330: "Hey, I didn't say the page would be pretty, did I?"
