layer at (0,0) size 800x600
  RenderCanvas at (0,0) size 800x600
layer at (0,0) size 800x254
  RenderBlock {HTML} at (0,0) size 800x254
    RenderBody {BODY} at (8,8) size 784x238 [bgcolor=#CCCCCC]
      RenderBlock {P} at (0,0) size 784x17 [bgcolor=#000000]
        RenderText {TEXT} at (0,0) size 385x17
          text run at (0,0) width 385: "The style declarations which apply to the text below are:"
      RenderBlock {PRE} at (0,31) size 784x32 [bgcolor=#000000]
        RenderText {TEXT} at (0,0) size 160x16
          text run at (0,0) width 160: ".one {color: green;}"
      RenderBlock {HR} at (1,77) size 782x2 [bgcolor=#000000]
      RenderBlock {P} at (0,93) size 784x17 [color=#008000] [bgcolor=#000000]
        RenderText {TEXT} at (0,0) size 213x17
          text run at (0,0) width 213: "This sentence should be green."
      RenderBlock {P} at (0,124) size 784x17 [color=#008000] [bgcolor=#000000]
        RenderText {TEXT} at (0,0) size 213x17
          text run at (0,0) width 213: "This sentence should be green."
      RenderTable {TABLE} at (0,155) size 235x83 [bgcolor=#000000]
        RenderTableSection {TBODY} at (1,1) size 0x81
          RenderTableRow {TR} at (0,0) size 0x0
            RenderTableCell {TD} at (0,0) size 233x25 [bgcolor=#C0C0C0] [r=0 c=0 rs=1 cs=2]
              RenderInline {STRONG} at (0,0) size 164x17 [bgcolor=#000000]
                RenderText {TEXT} at (4,4) size 164x17
                  text run at (4,4) width 164: "TABLE Testing Section"
          RenderTableRow {TR} at (0,0) size 0x0
            RenderTableCell {TD} at (0,40) size 12x25 [bgcolor=#C0C0C0] [r=1 c=0 rs=1 cs=1]
              RenderText {TEXT} at (4,4) size 4x17
                text run at (4,4) width 4: "\x{A0}"
            RenderTableCell {TD} at (12,25) size 221x56 [r=1 c=1 rs=1 cs=1]
              RenderBlock {P} at (4,4) size 213x17 [color=#008000]
                RenderText {TEXT} at (0,0) size 213x17
                  text run at (0,0) width 213: "This sentence should be green."
              RenderBlock {P} at (4,35) size 213x17 [color=#008000]
                RenderText {TEXT} at (0,0) size 213x17
                  text run at (0,0) width 213: "This sentence should be green."
