layer at (0,0) size 800x600
  RenderView at (0,0) size 800x600
    RenderSVGContainer {svg} at (0,100) size 800.22x400.23
      RenderPath {rect} at (0,100) size 800x400 [data="M0.00,0.00L800.00,0.00L800.00,400.00L0.00,400.00"]
      RenderSVGContainer {g} at (0.02,114.25) size 800.20x385.98
        RenderPath {path} at (413.24,188.55) size 1.95x1.75 [stroke={[type=SOLID] [color=#808080] [stroke width=0.20]}] [fill={[type=SOLID] [color=#001D00]}] [data="M413.52,90.07L413.65,89.72L413.35,89.52L413.33,89.19L413.54,88.87L413.79,88.72L413.93,88.64L414.15,88.71L414.21,89.02L414.62,89.33L415.09,89.42L415.05,89.71L414.80,89.86L414.87,90.21L414.73,90.15L414.16,90.14L413.52,90.07"]
        RenderPath {path} at (413.71,193.80) size 10.09x4.45 [stroke={[type=SOLID] [color=#808080] [stroke width=0.20]}] [fill={[type=SOLID] [color=#000C00]}] [data="M421.68,94.40L421.88,94.73L421.61,95.01L421.82,95.29L421.73,95.49L422.36,95.55L422.36,95.69L422.91,95.93L423.49,95.60L423.71,95.72L423.68,95.89L423.55,96.20L423.67,96.41L423.63,96.60L423.31,96.55L423.14,96.39L422.85,96.48L422.77,96.75L423.02,96.89L422.79,97.30L422.54,96.97L422.08,97.02L422.00,97.14L421.79,97.17L421.56,97.03L421.42,96.67L421.04,96.75L421.06,97.09L420.64,97.47L420.62,98.01L420.33,98.16L419.95,97.85L420.05,97.66L419.74,97.59L419.20,97.23L419.19,96.82L418.41,97.22L418.51,97.43L418.16,97.86L417.89,98.02L417.26,97.86L416.63,98.06L416.03,98.00L415.93,97.57L415.62,96.77L415.00,96.91L414.15,97.58L413.78,97.47L414.02,97.25L414.03,96.92L413.95,96.79L414.04,96.49L414.76,96.07L414.72,95.76L415.30,95.52L415.31,95.44L415.84,94.95L416.01,94.91L415.89,94.82L415.74,94.80L415.96,94.50L416.41,94.50L416.40,94.60L416.88,94.61L417.26,94.30L417.53,94.39L417.80,94.27L418.07,94.36L418.64,94.21L418.92,94.32L419.27,94.29L419.09,94.10L419.80,93.90L419.82,94.05L420.02,94.03L420.17,94.12L421.02,94.13L421.68,94.39"]
        RenderPath {path} at (389.86,186.46) size 31.90x21.83 [stroke={[type=SOLID] [color=#808080] [stroke width=0.20]}] [fill={[type=SOLID] [color=#001800]}] [data="M421.39,104.56L421.50,104.73L421.54,104.99L421.48,105.46L421.60,105.52L421.66,105.85L421.58,106.65L421.37,106.97L421.25,107.70L420.96,108.20L420.66,108.15L420.61,107.96L420.20,107.88L419.97,107.73L420.25,107.52L420.18,107.45L419.75,107.35L420.00,107.02L419.89,106.95L419.60,107.02L419.55,106.87L419.66,106.85L419.84,106.69L419.74,106.54L419.49,106.46L419.50,106.29L419.75,106.17L419.47,105.95L419.71,105.67L420.31,105.36L420.58,105.34L420.62,105.22L420.91,105.18L421.10,105.28L421.20,105.14L421.18,104.79L421.25,104.57L421.39,104.56M396.32,103.85L396.70,103.73L397.11,103.37L397.66,101.07L398.05,100.98L397.85,100.69L397.62,100.94L397.74,99.80L397.97,98.97L398.08,99.13L398.58,99.43L398.77,99.82L398.96,100.04L398.68,99.37L398.05,98.79L397.81,98.56L397.83,98.31L398.19,97.83L397.99,97.46L397.79,97.18L397.46,96.97L396.78,96.87L396.26,96.29L395.85,95.97L396.12,95.55L395.89,95.36L395.55,95.23L395.04,95.09L394.85,94.92L395.10,94.54L394.77,94.37L394.26,94.55L393.77,94.30L392.95,94.05L392.33,93.87L392.01,93.88L391.79,93.63L390.88,93.80L390.82,93.55L390.56,93.42L390.19,93.38L390.13,93.28L390.99,93.19L390.91,92.97L390.38,92.86L390.83,92.76L390.91,92.55L390.64,92.57L390.37,92.55L389.96,92.63L390.00,92.19L390.30,92.21L390.60,92.06L391.13,91.97L391.69,91.80L391.91,91.99L392.09,91.82L392.56,91.88L392.67,91.62L392.95,91.56L393.71,91.49L394.10,91.85L394.38,92.11L394.72,92.19L395.37,91.92L395.69,92.09L395.96,91.96L396.42,91.84L396.45,92.07L397.04,92.00L397.34,91.90L397.08,91.71L397.05,91.46L397.10,91.12L397.07,90.69L396.94,90.71L396.37,90.03L396.26,89.62L397.19,89.75L397.80,89.64L397.71,90.04L397.96,90.46L398.30,90.31L399.55,90.42L400.05,90.56L400.12,90.55L400.65,90.46L401.31,90.18L400.78,90.06L400.83,89.86L401.00,89.68L401.75,89.36L402.51,89.18L403.41,88.96L403.72,88.73L404.03,88.46L403.97,87.69L404.11,87.15L404.63,86.90L405.09,86.74L406.01,86.65L406.18,86.55L406.39,87.00L406.70,87.33L406.97,87.46L407.11,87.39L407.52,87.18L407.67,87.35L407.87,87.81L408.07,87.94L408.58,87.93L408.74,88.23L409.00,88.22L409.58,88.27L409.95,88.43L409.80,88.68L409.89,88.85L409.81,89.05L410.10,89.17L410.51,89.10L410.95,89.06L411.14,88.75L411.39,88.68L411.27,89.05L411.42,89.23L411.38,89.46L411.91,89.50L412.25,89.70L412.62,89.90L412.74,90.13L413.44,89.95L413.52,90.07L414.16,90.13L414.73,90.14L414.87,90.21L415.30,90.52L415.64,90.80L416.03,90.75L416.08,90.89L416.77,90.83L416.84,90.78L417.07,90.79L417.17,90.97L417.62,91.06L418.10,91.05L418.71,91.24L417.75,92.05L417.70,92.26L417.64,92.62L417.32,92.99L417.25,93.29L417.34,93.36L417.12,94.06L417.26,94.30L416.87,94.61L416.40,94.60L416.41,94.50L415.96,94.50L415.74,94.80L415.89,94.83L416.01,94.92L415.83,94.95L415.31,95.45L415.30,95.52L414.72,95.76L414.76,96.08L414.04,96.50L413.95,96.79L414.03,96.93L414.02,97.25L413.78,97.48L414.15,97.59L415.00,96.92L415.62,96.77L415.93,97.58L416.03,98.00L415.41,98.30L415.94,98.65L415.97,98.94L416.40,99.13L416.20,99.40L415.66,99.76L415.47,99.64L415.04,99.83L415.39,100.19L416.00,100.38L416.14,100.71L415.96,100.72L415.65,101.09L415.84,101.53L416.60,101.93L417.45,101.86L417.51,102.14L417.36,102.61L417.02,102.83L416.79,103.05L415.96,103.54L415.07,104.20L414.64,104.28L414.33,104.33L413.53,104.49L413.12,104.46L412.65,104.30L411.80,103.80L411.49,103.72L411.13,103.75L410.90,103.82L410.39,103.76L409.64,103.45L409.04,103.49L408.31,103.84L407.95,104.10L407.39,104.66L407.25,105.04L407.35,105.56L407.44,105.93L407.10,105.84L406.35,105.98L406.31,106.12L405.83,106.10L405.40,105.90L405.01,106.07L404.75,106.06L404.71,105.90L404.38,105.81L404.17,105.84L403.80,105.92L403.61,105.84L403.57,105.56L403.48,105.34L402.23,105.04L401.88,105.04L401.89,105.36L401.35,105.34L401.01,105.40L400.98,105.28L400.21,105.31L400.12,105.20L400.10,105.16L399.67,105.01L399.54,105.08L399.27,105.05L399.22,105.13L398.71,104.73L398.56,104.79L397.47,104.46L397.36,104.57L397.21,104.54L397.12,104.43L397.32,104.19L397.26,104.07L396.79,104.10L396.32,103.85"]
        RenderPath {path} at (680.44,214.38) size 7.94x9.64 [stroke={[type=SOLID] [color=#808080] [stroke width=0.20]}] [fill={[type=SOLID] [color=#000800]}] [data="M681.31,116.39L681.55,116.22L681.83,115.97L682.46,115.23L682.78,115.07L683.37,115.08L683.95,115.15L684.46,115.25L684.77,115.13L685.34,114.46L686.03,115.08L687.20,116.69L687.53,117.18L687.80,117.85L687.80,118.60L687.77,119.54L687.64,120.18L687.78,120.29L688.28,120.25L688.16,120.66L687.88,121.18L687.38,121.93L687.06,122.25L686.82,122.29L686.25,122.08L686.00,122.18L685.39,122.76L684.96,122.67L684.67,122.45L684.13,122.55L683.60,122.75L682.41,123.58L681.95,123.63L681.49,123.94L681.44,123.37L681.38,123.05L681.22,122.35L681.08,121.95L681.25,121.50L681.75,121.03L681.75,120.68L681.97,120.25L681.93,120.11L681.55,119.80L681.46,119.50L681.47,119.04L681.38,118.70L681.09,118.57L680.49,118.49L681.15,118.08L681.45,117.96L682.10,118.23L682.36,117.99L682.33,117.71L681.56,116.82L681.45,116.50L681.31,116.40"]
        RenderPath {path} at (471.91,220.78) size 5.29x2.65 [stroke={[type=SOLID] [color=#808080] [stroke width=0.20]}] [fill={[type=SOLID] [color=#C0C0C0]}] [data="M475.65,121.85L475.63,122.02L475.97,122.41L475.67,122.40L475.54,122.51L475.43,122.45L475.11,122.43L474.99,122.76L474.20,123.02L473.82,123.07L473.72,123.12L473.72,123.33L473.50,123.33L473.43,123.14L473.03,123.17L472.48,123.02L472.29,122.93L472.29,122.72L472.13,122.62L472.01,122.21L472.09,122.18L472.21,122.28L472.36,122.27L472.76,121.97L473.02,121.96L473.34,122.06L473.42,121.97L473.51,121.68L473.46,121.51L474.08,121.60L474.74,121.63L475.11,121.57L475.93,121.34L476.61,121.04L477.15,120.88L476.67,121.17L476.24,121.40L475.64,121.85"]
        RenderPath {path} at (687.93,199.03) size 35.95x32.52 [stroke={[type=SOLID] [color=#808080] [stroke width=0.20]}] [fill={[type=SOLID] [color=#004300]}] [data="M704.40,117.27L704.60,117.18L705.71,116.90L705.77,117.26L705.28,117.54L705.05,117.78L704.98,118.24L705.12,118.60L705.41,118.66L705.64,118.54L706.05,118.19L706.29,118.11L707.95,117.41L708.34,117.20L708.80,116.87L709.15,116.23L709.91,115.82L710.26,115.49L710.45,115.22L710.59,114.71L711.13,114.13L711.12,113.99L711.46,113.42L711.62,112.96L711.76,112.35L711.72,111.88L711.39,111.68L711.26,111.44L711.49,111.23L711.66,110.94L711.50,109.92L712.05,109.58L712.22,109.34L712.55,109.01L712.74,109.01L712.95,109.36L713.15,109.59L713.45,109.53L714.25,109.28L714.08,108.75L713.77,108.72L713.41,108.41L714.11,107.99L714.55,108.15L714.88,108.38L714.91,108.58L714.89,109.44L714.95,110.06L715.17,110.18L715.41,110.49L716.13,111.93L716.13,112.42L715.89,113.13L715.18,113.90L714.95,114.34L715.01,114.70L714.86,114.78L714.13,115.06L713.97,115.17L713.80,115.37L713.63,115.82L713.65,116.22L713.74,116.47L713.87,117.27L713.83,117.96L713.15,118.71L712.91,119.45L712.92,120.15L713.12,120.45L713.54,120.80L712.93,121.10L712.73,121.23L712.57,121.40L712.40,122.23L711.31,122.67L711.22,122.39L711.51,121.72L711.70,121.20L711.50,121.07L710.99,121.32L710.41,121.94L709.93,121.94L709.59,122.25L709.52,123.00L709.17,123.27L708.98,123.24L708.91,123.09L708.91,122.48L708.77,122.32L708.55,122.37L708.25,122.52L707.90,122.83L707.58,123.36L706.71,123.30L706.21,123.36L705.58,123.46L705.12,122.91L704.43,122.59L704.17,122.84L704.10,123.03L703.93,123.38L703.97,123.43L704.38,123.63L704.80,123.95L704.51,124.15L703.68,124.28L703.24,124.52L702.78,125.14L702.26,125.99L701.57,125.63L701.01,125.42L700.72,125.22L700.71,125.05L700.51,124.23L700.61,124.08L701.11,123.75L701.28,123.48L701.22,123.20L701.04,123.16L700.44,123.33L700.10,123.30L699.31,123.13L698.83,123.26L698.41,123.49L697.97,123.67L697.70,123.57L697.44,123.55L695.80,123.95L694.98,124.24L694.77,123.93L694.32,123.89L693.91,124.33L693.90,124.96L693.15,124.73L692.57,124.67L691.47,124.75L691.20,124.61L691.27,124.27L691.45,123.98L691.93,124.00L692.43,123.88L693.18,123.42L695.38,121.46L695.66,121.45L696.09,121.32L696.15,121.74L696.64,121.61L697.92,121.36L698.85,121.30L700.04,121.13L700.93,120.87L701.00,121.32L701.37,121.59L701.54,121.51L702.19,121.31L702.64,120.97L702.64,120.61L702.75,120.15L703.22,119.64L703.91,119.06L704.28,118.60L704.22,117.49L704.41,117.27M695.46,127.76L695.17,127.56L694.95,127.29L694.85,126.91L694.67,126.51L694.18,125.98L694.91,125.60L695.20,125.33L695.65,124.74L696.06,124.99L696.68,124.97L697.16,124.79L697.47,124.45L697.92,124.14L698.38,124.11L698.69,124.28L699.55,124.50L699.71,124.76L699.61,124.88L699.51,125.31L699.21,125.55L698.35,126.42L698.17,126.21L697.74,125.92L697.28,125.88L696.66,126.09L696.47,126.27L696.23,126.77L696.06,127.28L695.91,127.49L695.46,127.76M691.12,131.45L690.75,131.41L690.70,131.26L690.97,130.73L691.09,130.13L690.76,130.02L690.52,130.22L690.37,130.69L689.98,131.14L689.66,130.93L689.60,130.72L689.92,130.25L689.95,129.96L689.60,129.04L689.77,128.93L690.45,128.35L690.54,128.20L690.57,127.74L690.04,126.95L689.71,126.91L689.54,127.18L689.12,127.67L688.88,127.56L688.65,127.05L688.27,126.78L688.01,126.42L688.42,126.09L689.15,126.18L689.86,126.00L690.17,125.54L690.41,125.26L690.90,125.20L691.38,125.25L691.62,125.63L691.90,125.80L692.33,125.89L692.95,125.67L693.18,126.07L692.61,126.51L693.01,126.75L693.46,127.18L693.54,127.44L692.94,128.02L692.70,128.43L692.59,128.79L692.51,129.41L692.40,130.06L692.16,130.42L691.96,130.51L691.80,130.59L691.60,130.77L691.12,131.45M711.94,108.37L711.72,108.13L711.64,107.86L711.96,107.21L711.91,106.87L711.36,106.68L711.19,106.50L711.05,105.69L711.63,105.31L712.15,105.13L712.80,104.76L712.83,104.40L712.52,104.12L712.79,103.82L713.02,103.81L713.68,104.23L714.05,104.32L714.58,104.12L714.58,102.93L715.03,102.74L715.48,102.50L715.56,101.76L715.57,100.91L715.17,100.15L715.07,99.68L715.23,99.46L715.85,99.12L715.92,99.19L716.42,99.62L717.33,100.44L718.40,101.28L719.48,101.96L720.11,102.25L720.64,102.42L721.66,102.62L721.94,102.66L722.24,102.57L723.11,101.91L723.57,101.77L723.57,101.87L723.26,102.23L722.93,102.78L723.12,103.20L723.59,103.80L723.79,104.15L723.23,104.43L722.78,104.67L722.25,104.83L721.88,104.84L721.40,104.64L720.94,104.66L720.58,104.80L720.23,105.03L719.48,105.82L719.09,106.32L718.83,106.92L718.42,106.85L718.00,106.61L715.97,105.64L715.51,105.56L714.79,105.60L713.75,106.19L713.60,105.89L713.22,105.53L712.89,105.56L712.62,105.68L712.18,105.95L712.23,106.25L713.39,106.74L713.95,107.04L714.25,107.31L713.86,107.53L713.56,107.55L713.25,107.43L712.99,107.47L712.67,107.78L712.28,108.25L711.93,108.37"]
        RenderPath {path} at (597.73,237.16) size 7.39x3.72 [stroke={[type=SOLID] [color=#808080] [stroke width=0.20]}] [fill={[type=SOLID] [color=#C0C0C0]}] [data="M597.92,139.68L599.17,138.14L599.78,137.60L600.12,137.36L600.27,137.26L600.69,137.24L601.00,137.54L601.48,137.74L603.14,137.79L603.51,137.83L603.82,138.04L604.15,138.66L604.08,138.82L604.12,139.06L604.45,139.35L604.76,139.42L605.02,139.66L605.04,139.94L604.82,140.52L604.20,140.58L603.16,140.64L601.92,140.58L601.59,140.45L601.28,140.40L600.75,140.71L600.21,140.79L600.12,140.76L599.26,140.55L598.70,140.47L598.06,140.29L597.83,139.80L597.92,139.68"]
        RenderPath {path} at (362.66,238.73) size 18.84x14.18 [stroke={[type=SOLID] [color=#808080] [stroke width=0.20]}] [fill={[type=SOLID] [color=#C0C0C0]}] [data="M362.76,152.72L362.84,152.10L363.23,151.22L363.75,150.67L364.24,150.10L364.48,149.60L365.66,147.04L365.90,146.79L367.30,145.62L367.64,145.12L367.70,144.21L368.00,143.12L368.65,142.04L369.05,141.70L369.45,141.51L370.29,141.00L370.65,140.50L370.99,139.72L371.42,138.87L373.05,138.83L375.56,138.83L378.24,138.83L379.96,138.84L381.38,138.83L381.40,139.70L381.37,141.46L381.38,142.11L381.27,142.50L380.71,142.49L374.71,142.47L374.15,142.54L374.10,143.05L374.03,145.31L373.93,147.91L373.79,148.04L372.98,148.33L372.26,148.64L371.68,149.07L371.43,149.45L371.42,150.16L371.58,151.70L371.64,152.80L371.42,152.77L370.69,152.81L368.30,152.79L363.24,152.74L362.77,152.72"]
        RenderPath {path} at (513.48,242.07) size 1.88x3.90 [stroke={[type=SOLID] [color=#808080] [stroke width=0.20]}] [fill={[type=SOLID] [color=#C0C0C0]}] [data="M514.55,145.84L514.18,145.87L513.84,145.79L513.83,145.17L513.68,144.73L513.57,143.94L513.76,143.34L513.95,143.23L513.89,143.04L514.07,142.43L514.40,142.16L514.71,142.24L514.78,142.56L515.04,142.65L515.10,142.85L515.22,143.18L515.11,143.60L515.14,144.31L515.26,144.56L515.15,144.94L514.83,145.41L514.55,145.84"]
        RenderPath {path} at (514.09,242.32) size 11.94x8.83 [stroke={[type=SOLID] [color=#808080] [stroke width=0.20]}] [fill={[type=SOLID] [color=#003500]}] [data="M514.18,145.87L514.55,145.84L514.56,146.13L514.92,146.27L515.07,146.40L515.26,146.30L515.21,146.75L515.61,146.75L516.01,146.88L516.70,146.78L516.80,146.57L516.98,146.51L517.20,146.63L517.63,146.59L518.22,146.70L518.45,146.67L518.53,146.56L519.88,146.78L520.61,146.64L520.59,146.35L520.82,146.53L521.19,146.51L521.35,146.41L521.66,145.99L521.89,145.92L522.16,145.42L522.29,145.12L523.00,144.49L523.82,143.60L523.98,143.70L524.21,143.52L525.06,142.82L525.37,142.38L525.52,142.54L525.27,142.96L525.17,143.26L525.16,143.44L525.26,143.50L525.38,143.48L525.84,143.52L525.93,143.85L525.93,144.35L525.92,144.71L525.43,144.75L525.03,144.66L524.93,145.06L525.00,146.38L524.80,146.73L524.26,147.32L524.27,148.27L524.29,150.34L524.35,150.52L524.20,150.58L523.62,151.05L522.78,150.94L519.39,150.50L516.03,150.12L515.77,149.22L515.22,148.07L514.18,145.87"]
        RenderPath {path} at (667.04,244.14) size 4.24x7.31 [stroke={[type=SOLID] [color=#808080] [stroke width=0.20]}] [fill={[type=SOLID] [color=#000500]}] [data="M668.63,151.37L668.53,151.31L668.42,150.98L667.50,149.77L667.16,148.79L667.13,148.35L667.29,147.60L667.84,146.81L669.15,144.95L669.41,144.77L669.83,144.64L670.06,144.46L670.42,144.23L670.65,144.36L671.20,144.75L670.87,145.18L670.78,145.32L670.81,145.63L670.74,146.25L670.54,146.55L670.35,146.90L670.29,147.59L670.19,148.09L669.87,148.89L669.40,149.60L668.98,150.43L668.97,150.78L668.85,151.22L668.63,151.36"]
        RenderPath {path} at (373.47,244.45) size 36.65x33.39 [stroke={[type=SOLID] [color=#808080] [stroke width=0.20]}] [fill={[type=SOLID] [color=#C0C0C0]}] [data="M389.77,144.54L389.86,144.63L390.76,145.16L392.81,146.50L393.62,147.08L396.91,149.32L398.83,150.58L400.12,151.40L400.52,151.65L402.99,153.12L403.17,153.38L403.08,153.77L403.16,153.96L403.55,154.24L404.66,155.27L404.89,155.30L405.36,154.99L405.95,155.55L406.33,155.72L407.07,155.74L407.38,155.85L407.66,156.20L407.76,156.73L407.60,157.40L407.74,157.97L409.92,157.56L409.98,158.58L410.02,160.78L410.02,161.74L409.94,162.63L409.79,163.55L409.36,164.80L408.76,165.59L408.42,165.86L408.14,165.99L405.60,166.07L403.79,166.20L403.58,166.27L403.02,166.70L402.44,166.97L401.77,166.92L401.18,166.84L400.12,166.66L399.76,166.60L399.41,166.48L399.04,166.55L397.82,167.26L396.87,167.72L396.57,167.95L396.25,168.74L395.98,168.72L395.65,168.54L395.14,168.33L394.86,168.43L394.23,169.05L393.73,169.72L393.34,170.54L393.17,170.77L392.72,170.87L392.17,170.51L391.87,170.23L391.60,170.28L391.20,170.67L390.85,171.88L390.56,172.93L390.24,173.30L389.70,173.57L389.25,173.73L388.99,173.74L388.85,174.00L388.91,174.75L388.77,175.62L388.51,176.54L388.34,176.87L388.30,177.03L388.22,177.07L388.06,177.17L387.45,177.57L387.10,177.63L386.95,177.39L386.84,177.01L386.83,176.71L386.68,176.50L386.43,176.46L386.19,176.57L385.62,177.06L385.26,177.52L384.91,177.75L384.45,177.32L383.89,177.00L383.53,177.05L383.01,177.60L382.45,176.69L382.26,175.55L381.91,174.83L381.43,174.35L381.17,173.90L380.90,173.07L380.88,172.73L380.63,172.45L380.31,172.40L379.62,172.82L379.32,173.15L378.89,173.40L378.33,173.24L377.97,173.09L377.64,173.06L377.16,173.48L376.91,173.73L376.37,173.47L375.49,172.75L375.31,172.57L375.20,172.54L375.26,172.40L375.26,171.84L375.18,171.00L374.92,170.66L374.36,170.34L374.18,170.15L373.96,169.67L373.82,169.00L373.57,167.90L373.62,167.57L374.13,167.17L374.46,166.88L374.48,166.27L374.66,165.72L374.91,165.47L375.31,165.39L375.58,165.51L376.14,166.34L376.36,166.50L376.81,166.59L376.92,166.32L376.86,166.02L376.92,165.81L377.46,165.93L378.17,166.07L378.66,166.12L379.04,166.09L379.99,165.75L381.94,165.72L388.40,165.71L388.78,164.10L388.05,163.31L387.87,161.84L387.67,159.46L387.34,156.71L387.16,154.97L386.97,153.50L386.06,145.54L386.02,144.76L389.25,144.67L389.77,144.54"]
        RenderPath {path} at (515.60,241.72) size 18.03x21.46 [stroke={[type=SOLID] [color=#808080] [stroke width=0.20]}] [fill={[type=SOLID] [color=#C0C0C0]}] [data="M525.37,142.38L525.68,141.96L525.84,141.79L525.92,142.62L525.50,143.32L525.38,143.48L525.26,143.51L525.16,143.44L525.16,143.26L525.27,142.97L525.52,142.55L525.37,142.38M525.92,144.71L525.92,144.93L526.38,145.69L526.79,146.16L527.57,146.79L528.25,147.19L529.25,147.71L529.65,147.86L529.92,147.88L530.50,147.85L530.86,147.96L531.74,148.93L532.25,149.58L532.71,150.00L533.52,150.37L533.55,150.58L532.88,151.64L532.26,152.36L531.38,153.17L530.60,154.71L530.36,154.85L529.80,154.77L529.57,154.68L529.31,154.75L529.04,155.26L528.97,156.38L528.97,157.17L529.11,157.79L528.71,157.93L527.66,158.00L527.03,158.27L526.67,158.56L526.38,159.05L526.24,159.60L526.04,159.89L525.60,160.14L525.05,160.24L524.76,160.24L524.38,160.20L524.05,160.23L523.67,160.51L523.45,160.81L523.32,161.32L523.33,161.67L523.23,161.98L522.60,162.38L522.26,162.42L521.48,162.21L520.77,162.27L519.87,162.54L519.10,162.84L518.82,162.93L518.40,163.08L518.16,162.77L517.68,162.08L517.68,161.79L517.56,161.54L516.62,160.17L516.02,159.20L515.79,158.57L515.70,157.90L517.39,157.09L519.74,155.88L525.09,152.89L524.93,151.44L524.35,150.53L524.29,150.34L524.27,148.27L524.26,147.32L524.80,146.73L525.00,146.39L524.93,145.06L525.03,144.66L525.43,144.75L525.92,144.71"]
        RenderPath {path} at (400.92,247.83) size 35.22x26.30 [stroke={[type=SOLID] [color=#808080] [stroke width=0.20]}] [fill={[type=SOLID] [color=#C0C0C0]}] [data="M405.73,173.04L405.17,172.07L404.60,172.04L404.23,172.09L403.72,171.91L402.75,171.15L402.63,170.92L402.97,170.49L402.95,170.27L402.77,170.01L402.27,169.59L401.88,169.32L401.46,168.83L401.03,167.90L401.01,167.50L401.19,166.84L401.77,166.92L402.45,166.97L403.02,166.70L403.59,166.27L403.80,166.20L405.60,166.07L408.14,165.99L408.43,165.86L408.77,165.59L409.36,164.80L409.80,163.55L409.94,162.63L410.02,161.74L410.02,160.78L409.98,158.58L409.92,157.56L411.59,157.24L413.41,156.88L416.50,154.26L417.33,153.60L419.64,152.15L421.25,151.19L425.26,148.95L426.89,148.11L427.15,147.92L427.99,148.06L429.63,148.50L430.64,148.84L430.90,149.02L432.09,149.93L432.32,149.77L433.84,149.04L434.20,151.19L434.37,152.49L434.79,153.51L435.35,154.32L436.05,154.92L435.66,155.64L435.40,156.63L435.23,157.72L435.15,158.71L435.17,159.25L435.11,159.95L435.09,161.00L435.05,162.09L435.00,162.55L432.57,165.16L431.98,165.95L431.11,167.28L430.53,168.07L430.53,168.75L430.65,169.47L430.66,169.74L429.71,169.77L429.28,169.97L428.82,170.27L428.06,170.97L427.80,171.03L427.19,170.82L426.47,170.62L425.59,170.40L425.05,170.36L424.35,170.41L423.72,170.51L422.94,170.80L422.54,171.13L421.91,171.53L421.64,171.59L420.70,171.59L419.74,171.31L418.57,170.57L418.21,170.49L417.75,170.60L416.41,171.15L416.04,171.15L415.83,171.05L414.73,169.83L413.91,169.55L412.80,169.43L411.63,169.54L410.57,169.73L409.89,170.13L409.20,171.74L408.85,172.22L408.69,173.07L408.60,174.03L407.70,173.53L406.97,172.94L406.63,172.66L406.31,172.74L405.73,173.04"]
        RenderPath {path} at (430.43,248.04) size 23.51x35.59 [stroke={[type=SOLID] [color=#808080] [stroke width=0.20]}] [fill={[type=SOLID] [color=#C0C0C0]}] [data="M431.76,171.06L431.41,170.66L430.84,170.14L430.66,169.74L430.65,169.47L430.53,168.75L430.53,168.08L431.11,167.28L431.98,165.95L432.57,165.17L435.00,162.56L435.05,162.09L435.09,161.00L435.11,159.96L435.17,159.25L435.15,158.71L435.23,157.72L435.40,156.64L435.66,155.65L436.05,154.92L435.35,154.32L434.79,153.52L434.37,152.49L434.20,151.19L433.84,149.05L435.66,148.19L436.07,148.13L441.30,150.68L446.24,153.06L451.82,155.85L453.80,156.81L453.78,157.86L453.76,158.80L453.73,159.44L453.81,161.94L453.77,162.69L453.81,163.69L453.84,164.92L453.80,165.20L452.96,165.19L451.72,165.24L451.49,165.38L451.07,166.63L450.49,167.44L450.37,167.88L450.50,168.55L450.35,168.77L449.63,169.19L449.58,169.43L449.92,170.10L449.83,170.44L449.29,171.03L448.97,171.64L449.19,171.99L449.71,171.90L450.05,171.92L450.19,172.14L450.41,173.37L450.55,173.89L450.70,174.19L451.15,174.59L451.41,175.06L451.44,175.43L451.29,175.85L450.73,175.64L450.41,175.63L450.09,175.72L449.15,176.33L448.77,176.56L448.61,176.94L448.61,177.35L448.41,177.63L445.76,179.91L445.37,180.00L443.19,180.05L442.76,180.11L442.55,180.31L442.43,181.12L441.79,182.29L441.53,182.43L441.16,182.46L440.28,182.46L439.46,182.73L438.71,183.12L438.24,183.39L438.02,183.42L437.79,183.35L437.30,182.69L435.94,183.37L435.49,183.53L435.25,183.50L435.15,183.42L434.94,183.24L434.56,182.18L433.92,181.11L432.58,179.93L431.49,178.86L431.82,178.32L432.11,178.01L432.35,177.91L432.83,177.99L434.01,178.18L434.69,178.15L434.91,178.01L434.86,177.88L434.66,177.67L434.28,177.04L434.07,176.46L433.90,175.23L434.04,174.58L433.92,173.38L433.52,172.50L432.60,171.26L432.39,171.18L431.76,171.07"]
        RenderPath {path} at (627.07,248.22) size 16.49x33.12 [stroke={[type=SOLID] [color=#808080] [stroke width=0.20]}] [fill={[type=SOLID] [color=#001100]}] [data="M627.17,150.01L627.66,149.78L628.17,149.65L628.51,149.66L629.11,150.06L629.43,150.15L630.02,149.74L630.35,149.63L631.95,149.57L632.75,149.46L633.09,149.30L633.79,148.75L634.31,148.42L634.61,148.32L635.23,148.89L636.00,149.13L636.66,149.18L637.44,149.13L637.68,149.34L637.73,149.72L637.26,150.47L637.36,150.99L637.63,151.36L638.57,151.97L639.19,152.14L640.10,152.25L640.30,152.39L640.11,152.52L639.28,153.00L639.39,153.47L639.19,153.68L637.92,153.63L637.79,153.82L637.85,154.22L637.56,154.60L636.98,155.39L636.76,155.54L636.22,155.78L636.05,155.90L635.78,156.30L635.48,157.23L635.09,158.21L635.36,158.43L635.83,158.99L636.94,160.07L636.96,160.31L637.01,160.83L637.09,161.08L637.51,161.57L638.61,162.40L639.89,163.70L640.15,163.90L640.79,163.97L641.10,164.35L641.38,165.36L641.68,165.94L642.32,166.55L642.61,167.21L642.96,168.59L643.48,171.40L643.18,171.84L642.95,172.33L643.00,173.15L642.91,173.56L642.96,174.23L642.93,174.32L642.57,174.88L642.12,175.32L641.87,175.44L641.36,175.54L640.94,175.71L640.44,176.07L639.85,176.69L639.27,177.04L638.95,177.09L638.43,176.89L638.03,176.58L637.85,176.44L637.70,176.86L637.75,177.35L637.80,177.71L637.59,178.43L637.20,178.85L636.88,178.92L636.64,178.85L636.40,179.34L635.97,179.66L635.45,179.80L635.03,180.02L634.57,180.58L634.37,180.85L633.97,181.15L633.70,181.25L633.34,181.20L633.42,180.34L633.52,179.03L633.67,178.54L633.88,178.25L633.86,177.90L633.39,177.46L632.64,177.23L632.55,177.16L632.85,176.87L633.49,176.64L634.41,176.11L635.01,175.88L635.51,175.90L636.19,176.09L636.36,175.82L636.33,175.62L635.77,175.19L635.55,174.76L635.78,174.34L636.77,173.77L637.29,173.54L638.23,173.10L638.83,172.91L639.21,172.62L639.43,172.12L639.37,171.04L639.42,170.62L639.50,170.25L639.04,169.24L639.02,168.57L639.23,167.67L639.39,166.75L639.32,166.17L639.11,165.74L638.58,165.26L638.51,164.98L638.73,164.54L638.60,164.14L638.24,163.84L637.55,163.45L637.08,162.93L636.51,162.01L634.83,159.89L634.13,159.12L633.49,158.47L632.86,158.00L631.63,157.26L631.47,157.16L631.42,156.66L631.70,156.29L632.01,156.19L632.49,156.26L632.77,156.20L633.03,156.02L633.29,155.69L633.28,155.18L632.41,154.22L631.98,153.54L631.72,153.46L631.33,153.63L630.82,154.11L630.53,154.17L630.06,153.98L629.45,153.54L629.12,152.85L628.78,151.92L628.24,151.32L627.62,150.74L627.17,150.00"]
        RenderPath {path} at (212.26,248.57) size 23.55x7.45 [stroke={[type=SOLID] [color=#808080] [stroke width=0.20]}] [fill={[type=SOLID] [color=#C0C0C0]}] [data="M217.96,150.38L218.26,150.34L219.10,150.07L218.93,149.82L218.62,149.71L218.25,149.65L217.60,149.67L217.11,149.62L216.46,149.78L215.27,150.70L214.90,150.73L214.24,150.73L214.03,150.84L213.84,151.30L213.45,151.58L213.13,151.62L212.34,151.71L212.60,151.38L213.07,151.07L212.95,150.48L213.23,150.10L213.34,150.00L214.60,149.39L216.23,148.92L217.39,148.83L218.23,148.67L219.06,148.71L219.62,148.67L220.35,148.84L221.20,148.92L221.80,149.12L222.36,149.23L222.84,149.24L223.34,149.51L223.91,150.05L224.29,150.30L224.87,150.47L225.64,150.58L226.87,150.93L227.89,151.42L228.34,151.73L228.72,152.28L229.05,152.42L229.52,152.46L231.23,152.98L232.25,153.15L232.57,153.39L232.23,153.97L232.46,154.12L233.02,154.17L233.78,154.10L234.27,154.26L234.78,154.64L235.37,154.92L235.75,155.22L235.52,155.30L234.54,155.39L233.39,155.79L232.76,155.85L231.71,155.64L230.81,155.60L229.87,155.78L228.93,155.90L228.45,155.93L228.00,155.86L228.35,155.48L229.08,154.85L229.25,154.46L229.00,154.20L228.82,154.08L228.20,153.94L227.50,153.94L226.89,153.83L226.24,153.49L226.10,152.74L225.84,152.20L225.63,152.05L225.23,152.02L224.23,152.07L223.39,151.93L222.77,151.70L221.81,151.21L221.07,150.97L220.46,150.90L219.30,150.83L218.82,150.74L217.96,150.38"]
        RenderPath {path} at (622.73,249.92) size 16.75x19.39 [stroke={[type=SOLID] [color=#808080] [stroke width=0.20]}] [fill={[type=SOLID] [color=#C0C0C0]}] [data="M634.04,168.44L634.84,167.80L634.97,167.37L634.96,166.42L634.81,165.91L634.39,165.21L633.41,163.93L633.15,163.47L633.05,163.10L632.99,161.58L632.55,160.95L631.86,160.29L631.58,159.75L631.53,159.47L631.26,159.32L630.37,159.12L629.97,159.11L629.68,159.57L629.48,160.10L628.94,160.36L628.71,160.43L628.12,160.17L627.29,159.82L626.94,159.85L625.77,161.03L625.40,161.44L624.92,161.30L624.77,160.98L624.80,160.48L624.92,160.04L625.45,158.48L625.53,158.07L625.28,156.76L625.24,156.64L624.82,156.69L624.33,156.89L623.91,156.89L623.72,156.74L623.66,156.37L623.77,155.56L623.76,155.14L623.64,154.97L623.34,154.79L622.80,154.62L622.99,154.44L623.58,153.99L624.02,153.40L624.55,152.79L625.05,152.44L625.23,152.63L625.55,152.85L626.32,152.93L626.58,152.71L626.69,152.37L626.57,151.85L626.35,151.49L626.21,150.89L626.25,150.57L626.49,150.33L627.17,150.01L627.62,150.76L628.23,151.33L628.78,151.94L629.11,152.87L629.45,153.56L630.05,153.99L630.53,154.18L630.81,154.13L631.32,153.64L631.71,153.47L631.97,153.56L632.41,154.23L633.28,155.20L633.29,155.71L633.03,156.03L632.77,156.22L632.48,156.28L632.01,156.21L631.70,156.31L631.42,156.68L631.46,157.17L631.62,157.27L632.86,158.01L633.49,158.49L634.13,159.13L634.83,159.90L636.51,162.03L637.08,162.94L637.55,163.46L638.23,163.85L638.59,164.16L638.73,164.55L638.50,164.99L638.57,165.27L639.10,165.75L639.32,166.19L639.38,166.77L639.23,167.68L639.02,167.80L638.04,168.23L637.74,168.30L637.37,167.95L636.92,167.77L636.45,167.95L636.06,168.24L636.16,168.54L636.35,168.72L636.45,168.93L636.36,169.17L636.11,169.23L635.64,168.98L635.30,168.86L634.57,168.70L634.03,168.45"]
        RenderPath {path} at (18.15,141.42) size 233.73x116.65 [stroke={[type=SOLID] [color=#808080] [stroke width=0.20]}] [fill={[type=SOLID] [color=#003400]}] [data="M60.07,72.61L59.97,72.83L59.48,73.31L59.09,73.49L58.63,73.55L58.00,73.46L57.04,73.10L56.89,72.90L57.06,72.61L57.60,72.34L57.94,72.02L58.65,72.38L58.95,72.47L59.42,72.21L59.63,72.00L59.70,71.64L60.18,71.59L61.29,71.72L61.82,72.06L61.96,72.27L61.20,72.33L60.77,72.33L60.18,72.52L60.07,72.61M40.09,77.57L39.36,77.54L39.27,77.30L39.28,77.00L40.08,76.76L40.40,76.55L41.00,76.12L41.45,75.99L42.09,75.91L43.52,76.16L44.23,76.40L44.15,76.61L43.85,76.66L43.09,76.59L42.60,76.62L41.52,76.80L41.25,77.03L40.09,77.57M38.43,77.98L37.91,77.77L37.77,77.49L38.15,77.26L38.83,77.53L38.92,77.72L38.80,77.87L38.43,77.98M37.90,78.45L37.64,78.53L37.08,78.68L35.97,78.63L35.59,78.76L35.19,79.19L34.88,79.35L34.02,79.14L33.89,78.91L34.39,78.56L34.89,78.24L35.84,78.07L36.70,77.73L37.09,77.82L37.56,78.04L37.90,78.45M29.63,81.29L29.46,80.70L29.14,80.22L29.98,80.08L30.40,80.17L30.83,80.41L30.59,80.68L30.33,80.74L30.26,81.04L30.04,81.12L29.63,81.29M27.54,81.59L27.15,81.62L26.41,81.79L26.10,81.65L26.01,81.48L26.12,81.36L26.45,81.09L26.75,81.00L27.33,81.22L27.54,81.59M54.39,157.99L53.83,157.63L53.79,156.75L53.55,156.07L54.03,155.67L53.99,155.47L53.84,155.21L53.89,155.06L54.06,155.01L54.42,155.17L55.07,155.45L55.66,155.87L55.65,156.15L55.89,156.20L56.01,156.48L56.31,156.63L56.25,156.79L56.00,156.93L55.83,157.14L55.06,157.33L54.69,157.56L54.39,157.99M23.01,59.92L21.40,59.27L20.65,59.07L19.86,59.01L18.96,59.07L18.67,58.98L18.24,58.76L18.42,58.47L18.93,58.42L20.07,58.64L20.65,58.64L21.19,58.56L21.73,58.56L22.56,58.84L24.28,59.20L24.71,59.44L24.76,59.55L24.19,59.52L23.54,59.56L23.01,59.92M99.86,70.99L100.32,71.92L100.25,72.09L99.37,71.82L98.75,71.74L98.82,72.18L98.76,72.41L97.83,71.80L97.03,71.41L97.43,70.95L97.69,70.80L98.30,70.72L99.08,71.10L99.86,70.99M100.97,73.61L101.10,73.88L101.02,74.15L100.70,74.63L100.14,73.82L99.54,72.91L99.50,72.68L99.60,72.47L100.00,72.50L100.57,72.69L100.97,73.61M106.86,78.21L104.99,77.04L104.42,76.49L104.43,76.02L103.87,75.18L103.94,75.07L104.40,75.13L104.67,75.39L105.84,75.87L105.92,76.06L105.86,76.20L105.71,76.42L106.01,76.86L106.85,77.23L106.86,78.21M140.19,127.82L140.15,127.72L139.95,127.36L139.90,127.30L139.87,127.34L139.84,127.39L139.80,127.30L139.80,126.63L139.47,126.03L139.00,125.58L138.34,125.13L137.83,124.93L137.71,124.88L137.57,124.91L137.57,125.00L137.48,125.03L137.38,124.99L137.24,124.85L137.31,124.77L137.24,124.57L137.01,124.32L136.73,124.29L136.42,124.37L135.48,124.04L135.20,123.71L134.77,123.47L134.39,123.51L133.46,123.35L132.73,123.40L132.61,123.21L132.38,123.15L132.33,122.97L132.43,122.85L132.27,122.35L132.40,121.89L132.18,121.79L132.05,121.80L131.80,121.66L131.80,121.56L131.88,121.47L131.85,121.25L131.50,121.07L131.25,120.78L130.83,120.56L130.44,119.94L130.24,119.86L130.04,119.55L129.63,119.33L129.47,118.80L129.47,118.57L129.65,118.58L129.79,118.42L129.82,118.09L129.61,117.84L129.42,117.80L129.20,117.83L128.90,117.71L128.36,117.19L128.44,116.98L128.35,116.67L128.22,116.60L128.18,116.14L128.24,115.99L128.35,115.96L128.45,116.03L128.53,116.11L128.44,116.21L128.59,116.41L128.88,116.54L128.99,116.65L129.20,116.67L128.81,116.11L128.63,115.96L128.61,115.73L128.43,115.62L128.37,115.27L128.24,115.28L128.23,115.42L128.28,115.87L128.19,115.89L127.89,115.69L127.78,115.74L127.26,115.33L127.12,114.97L126.75,114.45L126.22,114.07L125.59,113.49L125.47,113.35L125.58,113.25L125.26,112.50L125.42,112.07L125.16,111.59L124.94,111.23L124.21,110.45L124.10,110.15L124.20,109.53L124.45,108.90L124.62,108.54L124.68,107.68L124.46,106.90L123.77,105.41L123.62,104.50L123.71,104.21L123.94,103.97L124.35,103.77L124.71,103.05L124.35,102.48L124.28,102.15L124.70,100.55L124.86,99.98L124.92,99.34L125.01,98.57L125.03,98.39L124.88,98.23L124.96,98.00L124.85,97.83L125.01,97.75L124.98,97.57L124.93,97.38L124.90,97.28L124.90,97.22L125.22,97.32L125.43,97.30L125.49,97.20L125.28,97.21L124.67,97.08L124.73,96.38L124.62,96.05L124.64,95.77L125.23,95.55L124.88,95.53L124.72,95.39L124.60,95.39L124.54,95.43L124.58,95.55L124.46,95.60L124.33,94.62L123.40,93.16L123.39,92.69L123.52,92.56L124.06,92.65L124.69,92.86L125.48,92.98L126.12,93.00L126.66,92.96L127.08,93.05L127.63,93.36L127.67,93.80L127.25,94.21L126.83,94.55L127.36,94.70L127.55,94.89L127.80,95.06L127.83,94.83L127.99,94.60L128.38,94.29L128.59,93.71L128.69,93.25L128.63,92.82L128.27,91.87L128.12,91.56L127.46,91.05L127.65,91.06L130.23,91.06L131.57,91.08L136.16,91.06L140.10,91.07L142.96,91.06L144.65,91.07L149.77,91.04L150.51,91.05L154.64,91.07L155.73,91.04L159.55,91.06L160.42,91.06L164.04,91.05L168.88,91.07L169.48,91.07L172.42,91.08L174.55,91.07L177.33,91.10L180.24,91.08L182.35,91.09L183.70,91.08L186.49,91.11L189.18,91.08L189.86,91.08L189.48,90.49L189.34,90.15L189.85,90.11L190.74,90.86L191.02,91.23L191.49,91.69L192.32,92.14L192.84,92.07L194.26,92.27L194.28,92.46L194.55,92.45L194.89,92.93L195.05,92.68L195.55,92.69L195.80,92.96L196.26,93.05L196.33,93.23L196.84,93.33L197.41,93.19L197.63,93.13L198.04,92.94L198.41,92.86L198.44,93.15L198.64,93.26L199.49,93.18L199.97,93.22L200.12,93.34L200.32,93.48L200.86,93.43L201.57,93.50L203.04,92.91L203.84,92.72L204.64,92.95L205.62,93.34L209.59,94.91L211.74,95.97L211.84,96.40L212.30,96.87L212.93,96.84L213.11,96.98L213.29,97.27L214.21,97.45L214.51,97.69L214.40,98.01L214.66,98.34L217.19,99.39L218.07,102.55L218.12,103.09L218.10,103.84L217.72,104.41L217.42,104.96L217.16,105.39L216.75,105.68L216.04,106.21L215.99,106.43L216.01,106.76L216.38,107.18L216.88,107.35L217.45,107.42L217.97,107.31L218.90,106.80L219.84,106.32L220.72,106.06L221.63,106.00L222.58,105.83L224.04,105.38L224.92,104.96L224.87,104.59L224.71,104.12L224.69,103.80L224.85,103.43L225.32,103.22L226.26,103.13L227.38,103.14L228.68,103.28L229.84,103.08L230.28,102.81L230.44,102.30L230.59,101.86L231.13,101.70L232.89,100.89L233.42,100.58L234.39,100.06L236.15,100.05L238.66,100.08L240.51,100.08L241.60,100.18L241.78,99.80L242.14,99.37L242.54,99.31L243.71,99.43L244.84,97.98L245.98,95.76L246.50,95.14L247.13,94.61L247.40,94.69L247.91,95.05L248.29,95.14L248.70,94.96L249.47,94.99L249.96,95.28L250.13,95.55L250.44,98.37L250.36,98.60L250.97,98.83L251.19,98.83L251.24,98.98L251.09,99.05L251.11,99.31L250.92,99.39L251.08,99.68L251.27,99.52L251.62,100.02L251.35,100.30L251.65,100.26L251.82,100.35L251.31,100.73L250.80,100.82L250.50,100.70L250.49,100.95L250.35,101.02L250.27,100.91L250.04,100.83L249.77,100.96L249.67,101.25L249.49,101.23L249.35,101.39L249.17,101.04L248.42,101.32L248.22,101.23L248.34,101.64L247.67,101.43L247.87,100.95L247.72,100.91L247.36,101.43L247.03,101.99L246.69,102.32L246.36,102.10L246.11,102.54L245.77,102.46L245.89,102.15L245.56,102.40L245.73,102.56L245.40,102.86L245.09,102.72L245.19,102.50L244.54,102.75L244.60,103.11L244.34,103.15L244.18,103.52L243.82,103.63L243.49,104.31L243.09,104.81L243.26,104.96L243.33,105.17L243.50,105.22L243.58,105.14L243.75,105.16L243.63,105.30L243.08,105.41L243.13,105.50L242.74,105.79L242.67,105.95L243.01,105.98L243.29,106.07L243.89,106.78L243.95,107.17L244.34,107.28L245.04,107.04L245.01,106.86L244.87,106.83L244.62,106.55L244.52,106.51L244.51,106.44L244.71,106.44L244.94,106.58L245.16,106.93L245.19,107.36L243.59,107.65L243.56,107.27L243.43,107.20L243.32,107.43L243.16,107.47L243.13,107.56L243.02,107.45L242.87,107.72L242.70,107.76L242.41,107.80L242.36,107.47L242.56,107.14L242.12,107.25L241.96,107.11L241.88,107.36L241.79,108.02L240.37,108.16L238.67,108.32L237.49,108.66L236.70,109.02L236.61,109.23L236.29,109.28L236.14,109.46L236.11,109.42L236.42,108.66L236.44,108.55L236.37,108.58L235.96,109.57L235.88,109.49L235.48,109.79L235.69,110.10L236.25,110.20L235.79,111.71L235.49,112.14L235.23,112.05L235.27,112.30L235.21,112.49L234.97,112.63L234.51,113.13L234.22,113.43L234.05,113.46L233.97,113.34L234.15,113.03L234.04,112.85L233.61,112.87L233.16,112.52L233.01,112.47L232.68,111.93L233.00,111.67L233.15,111.43L232.88,111.55L232.52,111.92L233.01,112.76L233.04,113.12L233.43,113.70L233.71,113.76L233.81,114.53L233.71,114.77L233.56,115.00L233.43,114.99L232.95,115.65L232.55,116.45L232.58,116.50L232.45,116.63L232.35,116.51L231.97,117.23L232.00,117.36L231.77,117.40L231.64,117.14L231.98,116.27L232.17,115.98L232.42,115.86L232.48,115.63L232.39,115.57L232.01,115.69L232.24,115.30L232.02,115.34L231.85,115.25L231.86,115.06L232.10,115.02L232.02,114.69L231.58,114.99L231.34,114.78L231.19,114.83L230.96,114.44L231.31,114.27L231.67,114.21L231.66,114.15L231.06,113.84L230.97,114.00L230.90,114.00L231.00,113.68L231.09,113.66L231.30,113.82L231.43,113.76L231.33,113.54L230.98,113.47L230.92,113.36L231.01,113.25L231.35,113.26L231.54,112.98L231.26,113.03L231.10,112.97L231.34,112.60L231.99,112.45L231.67,112.39L231.81,111.98L231.53,112.07L231.44,112.20L231.55,112.28L231.23,112.47L231.20,112.25L231.10,112.30L231.15,112.53L231.07,112.61L231.02,112.45L230.93,112.39L230.82,112.80L230.38,112.72L230.78,113.22L230.48,113.89L230.55,114.13L230.83,114.62L230.77,114.75L230.30,114.44L230.21,114.23L230.23,114.43L230.40,114.65L230.83,114.89L230.96,115.39L230.33,114.99L229.97,114.99L229.85,114.70L229.70,114.65L229.77,114.90L229.23,114.58L228.90,114.62L228.91,114.33L229.34,114.00L228.91,114.08L228.72,114.55L228.92,114.78L229.38,114.83L229.58,115.08L230.54,115.38L230.49,115.47L231.04,115.63L231.20,115.76L230.98,116.23L230.75,116.29L229.71,115.49L230.42,116.30L231.05,116.47L230.80,116.56L231.12,116.64L231.08,116.72L231.14,116.78L231.10,117.03L230.79,116.84L230.72,116.91L230.82,117.12L230.61,117.14L229.95,116.58L229.93,116.61L230.35,117.08L230.66,117.24L230.84,117.22L231.03,117.43L231.05,117.74L230.75,117.79L230.26,117.26L229.78,117.06L229.59,117.22L229.63,117.27L230.07,117.41L230.56,117.79L230.51,118.03L230.95,118.00L230.99,117.88L231.73,118.00L231.88,118.38L232.29,119.59L232.74,120.39L232.60,120.30L232.34,119.95L232.28,119.82L231.92,118.65L231.77,118.37L231.71,118.68L231.85,118.68L231.88,118.88L231.59,118.82L231.76,119.10L231.91,119.20L232.14,119.78L231.99,119.72L231.78,119.34L231.78,119.57L231.26,119.26L231.20,119.32L231.47,119.62L231.22,119.74L230.70,119.54L230.92,119.74L230.55,119.96L230.37,119.93L230.12,119.72L230.10,119.51L230.18,119.35L230.10,119.30L230.01,119.50L230.05,119.73L230.17,119.94L230.06,120.10L230.96,120.12L231.53,119.97L231.65,120.14L231.54,120.33L231.47,120.70L231.61,120.77L231.70,120.51L231.84,120.14L232.01,120.04L232.28,120.35L232.33,120.64L232.16,120.89L232.00,120.88L231.94,120.78L231.62,121.25L231.37,121.45L230.88,121.40L230.68,121.33L230.53,121.27L230.40,121.02L230.25,121.04L230.39,121.28L230.31,121.29L229.77,121.17L229.34,121.02L229.50,121.20L229.77,121.23L230.60,121.56L230.57,121.68L230.17,121.83L230.42,121.83L230.23,122.08L229.95,122.22L229.80,122.22L229.32,121.85L229.56,122.24L229.99,122.40L230.29,122.23L230.58,122.26L230.69,122.06L230.73,122.23L230.95,122.27L231.00,122.35L230.57,122.68L230.56,122.76L230.30,122.83L228.80,123.05L227.93,123.94L227.45,124.55L227.32,124.68L226.38,124.82L225.85,124.95L225.24,125.19L224.56,125.73L224.33,126.15L224.24,126.51L223.42,127.20L222.73,127.58L222.30,127.78L221.50,127.87L221.15,128.45L220.97,128.65L220.16,129.77L219.89,130.55L219.43,131.80L219.67,133.26L220.05,134.18L220.51,135.05L221.45,136.62L221.80,138.36L222.28,139.56L222.21,139.65L222.49,139.92L222.62,140.26L222.68,141.08L222.38,142.62L222.32,142.90L222.01,143.31L222.11,143.74L222.09,143.99L221.70,144.54L221.68,144.45L221.81,144.21L221.79,144.07L221.53,144.10L221.15,144.24L220.86,144.12L220.35,144.25L220.23,143.92L220.24,143.69L219.68,142.62L218.91,142.49L218.71,142.13L218.60,141.31L218.17,141.09L218.03,140.38L217.66,140.48L217.05,139.40L216.67,138.91L216.97,138.91L217.35,138.48L217.39,138.25L217.23,138.02L216.76,138.43L216.48,138.22L216.60,137.65L216.75,136.89L216.91,135.85L216.62,135.40L216.36,135.23L215.86,135.10L215.03,134.12L214.15,133.31L213.63,133.14L213.20,133.21L212.66,133.51L212.21,133.87L211.00,134.17L210.73,133.95L210.60,133.33L210.35,133.08L210.08,132.97L209.33,132.90L208.81,132.60L208.59,132.37L208.09,132.51L207.04,132.62L206.38,132.44L206.34,132.74L205.70,132.83L205.51,132.83L204.94,131.91L204.70,132.69L204.25,132.55L203.60,132.55L202.27,132.51L201.60,132.95L201.21,133.01L200.21,132.55L200.12,132.56L199.97,132.57L199.61,133.10L199.81,133.33L200.12,133.33L200.33,133.33L200.86,133.12L201.27,133.21L201.95,133.70L201.27,134.07L201.29,134.32L201.55,134.68L202.14,134.82L202.37,135.04L202.72,135.37L202.19,135.51L201.68,135.43L201.41,135.01L200.62,134.74L200.40,134.52L200.13,134.47L200.12,134.49L199.91,134.81L200.12,134.96L200.37,135.15L200.12,135.32L200.05,135.38L199.60,134.92L199.12,135.11L198.84,135.40L197.81,134.93L197.39,134.43L196.23,133.79L195.62,133.86L196.17,134.25L195.87,134.44L194.70,134.35L193.81,134.10L192.91,133.93L191.37,134.11L190.74,134.43L190.34,134.42L189.91,134.39L189.77,133.90L189.44,133.96L189.33,134.14L189.80,134.87L188.93,135.51L188.12,136.09L187.20,136.40L186.79,136.45L186.37,136.39L185.64,136.28L185.52,136.48L185.95,136.92L185.71,137.31L185.39,137.51L184.76,137.62L184.02,137.90L183.75,138.07L184.31,138.42L184.42,138.59L183.76,139.28L183.61,139.58L183.60,140.43L183.74,141.06L184.01,141.82L184.44,142.73L184.09,142.61L183.27,142.23L182.98,142.23L182.56,142.35L182.30,142.28L181.27,141.72L180.35,141.40L179.97,141.03L179.64,140.44L179.30,139.51L179.23,139.04L178.96,138.79L178.30,138.21L177.46,137.17L176.71,135.94L176.05,134.91L175.69,134.55L175.27,134.30L174.49,133.98L174.02,133.89L173.37,133.91L172.90,134.11L172.33,134.65L171.91,135.07L171.63,135.44L171.21,135.60L170.71,135.58L170.37,135.51L169.27,135.01L168.18,134.35L167.73,133.80L167.41,132.96L167.13,132.28L166.95,132.05L166.24,131.56L165.41,131.04L164.64,130.41L164.01,129.75L163.80,129.64L161.91,129.59L160.05,129.59L159.96,130.48L159.74,130.58L157.88,130.59L156.91,130.55L155.37,130.54L153.70,130.52L153.37,130.46L149.85,129.35L147.04,128.42L145.85,128.03L145.59,127.87L145.27,127.56L142.89,127.65L140.52,127.80L140.18,127.82M49.82,152.78L49.70,152.86L49.42,152.89L49.31,152.76L49.13,152.76L48.81,152.81L48.50,152.42L48.43,152.15L48.77,152.14L49.07,151.89L49.26,152.11L49.36,152.40L49.58,152.50L49.82,152.78M52.78,154.31L52.63,154.23L52.54,153.88L52.08,153.55L52.18,153.32L52.32,153.27L52.69,153.48L53.03,153.53L53.65,153.89L53.64,154.06L53.35,154.24L52.79,154.31M111.68,77.22L111.54,77.64L111.10,77.71L110.77,77.82L110.48,78.07L110.15,77.93L109.97,77.72L110.06,77.28L110.14,76.83L109.71,76.16L109.24,75.84L109.04,75.57L107.76,75.62L107.32,75.72L107.17,75.88L106.68,75.98L106.66,75.79L106.62,75.35L106.83,75.08L107.02,74.87L106.64,74.52L106.00,74.08L105.31,73.39L104.58,73.07L104.13,72.94L104.26,72.59L103.69,71.99L103.60,71.78L103.97,71.55L103.90,71.43L103.60,71.28L103.15,71.20L102.76,70.93L102.52,70.67L101.95,70.36L100.95,69.95L100.47,69.19L100.26,68.61L99.89,68.21L99.53,68.22L99.43,69.04L99.85,69.91L99.96,70.21L99.91,70.37L99.21,70.23L98.94,70.16L98.43,69.65L98.03,69.19L97.49,69.33L96.27,69.10L97.53,69.82L97.56,70.04L95.94,70.21L94.85,69.86L93.46,68.91L92.92,68.62L92.26,68.57L92.18,68.57L91.24,68.36L89.94,67.82L90.87,67.58L91.01,67.41L90.80,67.13L90.42,66.98L89.62,67.13L89.17,67.27L88.51,67.29L87.46,67.23L86.39,66.98L86.42,66.74L86.27,66.55L85.94,66.44L85.58,66.46L85.11,66.66L84.08,66.71L82.61,66.59L80.46,66.64L79.67,66.55L79.43,66.44L78.78,66.05L78.35,65.53L78.05,65.75L77.26,65.90L76.37,65.61L76.14,65.28L75.72,65.14L74.85,64.90L73.31,64.67L72.49,64.42L71.82,64.08L71.27,64.31L70.59,64.39L70.65,64.83L70.46,64.89L70.07,65.14L69.82,65.54L70.94,65.84L71.11,66.13L71.02,66.52L70.59,66.97L70.13,66.97L69.33,66.75L68.74,66.69L68.17,66.79L67.20,67.39L66.13,67.61L65.19,68.06L64.16,68.50L63.06,68.61L63.24,68.31L63.31,68.18L64.03,67.78L63.93,67.40L63.28,66.87L63.28,66.76L64.10,66.19L64.51,65.71L64.67,65.29L65.40,64.98L66.27,64.74L67.44,64.72L68.52,64.85L68.76,64.69L67.52,64.22L66.55,63.83L65.51,63.88L65.28,64.10L64.83,64.20L64.26,64.64L63.40,65.01L62.38,65.29L61.55,65.90L61.15,65.99L60.85,66.13L60.98,66.46L60.80,66.99L60.24,67.32L59.68,67.40L59.00,67.54L58.41,67.82L57.73,68.42L57.69,68.71L58.07,68.88L58.43,68.91L59.10,69.02L59.56,69.25L59.49,69.43L59.06,69.77L58.43,69.97L57.88,70.25L57.45,70.64L56.91,71.03L56.24,71.12L54.80,71.43L54.12,71.83L53.09,72.16L52.39,72.53L52.91,73.03L52.81,73.20L51.70,73.61L50.80,73.76L50.03,73.93L49.51,74.19L48.30,74.65L48.10,74.83L47.83,75.22L47.07,75.66L45.88,75.89L44.65,76.07L43.67,75.73L43.67,75.55L44.01,75.20L44.77,74.93L45.08,74.71L45.52,74.35L46.69,73.91L48.09,73.98L47.97,73.77L47.99,73.25L48.46,72.95L49.19,72.66L49.94,72.29L50.21,72.08L50.21,71.35L50.46,70.60L51.15,70.11L51.34,69.71L51.38,69.30L50.74,69.42L49.49,69.61L48.82,69.58L48.32,68.98L48.05,69.04L47.44,69.26L47.30,69.49L47.54,69.84L47.56,70.19L47.39,70.24L47.00,70.11L46.43,69.79L45.95,69.40L45.44,69.11L44.88,69.08L44.06,68.97L43.15,69.07L43.18,69.20L42.54,69.54L41.36,69.68L40.72,69.59L40.65,69.47L40.57,69.36L40.44,68.33L40.74,67.82L40.60,67.39L39.74,66.39L38.31,66.83L37.57,66.91L37.16,67.11L36.07,67.20L35.67,66.97L35.28,66.62L34.81,66.29L33.81,65.83L33.63,65.55L33.92,65.38L34.26,64.94L34.96,65.08L36.27,65.39L36.96,65.42L37.20,65.19L36.83,64.70L36.37,64.44L36.00,64.44L35.46,64.66L34.94,64.64L33.59,64.13L32.97,63.95L32.77,63.96L31.92,63.93L31.89,63.85L31.27,62.87L32.06,62.68L32.13,62.22L32.62,62.00L32.73,61.70L32.95,61.36L33.85,60.87L34.18,60.49L34.57,60.19L35.10,59.71L35.49,59.53L36.21,59.64L37.19,59.91L37.67,60.01L38.42,59.86L38.85,59.61L39.52,59.18L40.78,58.92L41.55,58.89L42.51,58.84L42.86,58.66L43.05,58.19L42.79,57.52L41.97,56.83L42.00,56.74L42.93,56.70L43.27,56.44L43.02,56.06L42.52,55.81L42.15,55.72L40.28,56.11L39.33,56.53L38.80,56.82L38.30,56.88L36.39,56.55L35.54,56.52L34.80,56.49L33.53,56.65L32.26,56.62L30.92,56.45L30.39,56.24L30.20,55.45L30.35,55.31L30.98,55.28L31.99,55.27L32.44,55.09L31.38,54.85L29.47,54.55L28.13,54.31L26.84,54.10L27.06,53.99L27.84,53.73L29.41,53.51L30.74,53.18L31.70,52.97L32.75,52.61L33.71,52.38L35.11,52.10L36.62,52.23L36.46,52.75L36.48,53.03L37.53,53.19L38.89,53.28L39.97,53.26L40.62,53.16L41.41,52.92L41.96,52.62L42.22,52.54L42.97,52.60L43.72,52.72L44.74,52.67L44.94,52.34L44.95,52.16L44.26,52.10L42.32,51.80L41.03,51.76L40.72,51.00L39.25,50.84L38.29,50.81L36.72,50.71L36.52,50.20L36.04,49.89L35.00,49.43L34.48,49.28L31.82,48.62L29.82,48.08L30.13,47.91L30.94,47.51L31.03,47.02L33.17,46.97L34.16,46.90L35.99,46.61L36.77,46.26L37.22,45.63L38.01,45.06L38.63,44.53L39.44,44.12L40.19,43.90L41.25,43.80L42.38,43.56L43.43,43.52L45.24,43.58L45.38,43.40L45.23,43.19L44.47,42.83L44.49,42.62L46.42,42.53L47.57,42.57L48.54,42.51L49.88,42.37L50.98,41.96L51.90,41.54L52.86,41.52L53.14,41.57L53.81,41.81L53.97,41.99L53.59,42.12L53.60,42.47L54.65,42.60L55.08,42.64L55.61,42.35L55.91,42.14L57.33,42.32L58.86,42.37L59.93,42.42L60.64,42.46L61.35,42.71L61.71,42.99L62.49,43.34L62.99,43.43L63.41,43.34L64.70,43.46L65.82,43.47L67.38,43.42L68.83,43.33L70.04,43.43L71.42,43.69L72.30,43.81L75.73,43.94L77.01,44.10L77.75,44.27L79.78,44.23L82.11,44.09L83.24,44.33L85.68,45.12L86.89,45.42L87.11,45.43L87.21,45.91L87.21,48.77L87.25,51.03L87.30,53.36L87.43,56.16L87.40,58.34L87.36,62.67L87.39,64.84L87.48,65.89L87.67,66.17L88.51,66.24L90.94,66.12L91.68,66.18L92.01,66.57L92.18,66.95L92.53,67.24L94.69,68.56L95.64,69.24L95.87,68.91L96.72,68.71L97.95,68.04L98.68,67.54L99.17,67.41L100.00,67.48L100.32,67.68L100.69,68.18L101.04,68.50L103.09,69.67L103.90,70.25L105.67,72.02L107.34,73.90L107.86,74.29L108.04,74.32L109.02,74.64L111.05,75.40L111.45,75.66L111.29,76.44L111.68,77.22"]
        RenderPath {path} at (564.23,181.08) size 135.80x78.88 [stroke={[type=SOLID] [color=#808080] [stroke width=0.20]}] [fill={[type=SOLID] [color=#000000]}] [data="M643.76,159.87L642.66,159.35L642.03,159.02L641.82,157.73L641.86,157.45L642.10,157.21L642.52,156.97L643.24,156.35L643.73,156.40L643.78,156.23L644.02,155.84L644.26,155.86L644.83,156.09L645.16,155.78L645.59,155.77L646.39,155.60L646.99,156.29L646.83,156.46L646.38,156.82L645.97,157.36L645.68,158.09L645.83,158.39L645.60,158.70L645.31,158.78L644.29,159.16L643.76,159.87M627.17,150.01L626.49,150.33L626.25,150.57L626.21,150.89L626.35,151.48L626.58,151.85L626.70,152.37L626.59,152.71L626.32,152.92L625.55,152.84L625.23,152.63L625.05,152.44L624.90,152.20L624.79,151.82L624.16,152.23L623.51,152.39L623.27,152.31L622.89,152.04L622.55,151.29L622.26,150.92L621.78,150.96L621.27,150.96L621.04,150.87L620.92,150.51L621.65,148.93L621.62,148.66L621.10,148.57L620.55,148.64L620.34,148.32L620.07,146.55L619.91,146.43L619.43,146.45L618.66,146.53L617.84,146.98L617.53,147.06L617.31,146.99L617.31,146.73L617.54,146.15L617.38,145.44L617.30,144.98L617.92,144.12L618.11,143.93L618.59,143.66L619.21,143.13L619.64,142.41L619.99,141.55L619.97,140.67L619.77,139.02L619.63,138.88L619.12,138.91L618.84,138.87L618.62,138.56L618.38,137.66L617.98,137.23L617.47,136.95L617.20,136.99L616.89,137.33L616.89,137.46L616.27,137.38L615.54,137.20L614.88,137.12L614.58,137.06L614.48,137.01L614.62,136.74L614.97,136.29L614.92,135.90L614.21,135.19L613.75,134.80L612.38,135.64L612.00,135.68L611.02,135.36L610.74,135.20L610.38,135.28L609.84,135.58L608.73,136.31L607.90,136.57L607.36,136.94L606.24,138.04L605.84,138.31L605.13,138.53L604.34,138.56L604.15,138.66L603.82,138.04L603.51,137.83L603.14,137.79L601.48,137.75L601.00,137.54L600.69,137.24L600.27,137.26L600.12,137.36L599.78,137.60L599.17,138.14L597.92,139.69L597.71,139.02L597.76,138.16L597.62,137.98L597.39,137.91L596.92,138.01L596.57,138.14L595.92,137.98L595.58,138.26L595.24,138.15L594.39,138.21L594.07,137.85L593.44,137.57L593.03,137.57L592.95,137.90L592.68,137.98L591.99,137.60L592.01,137.97L591.77,138.07L591.63,137.60L591.09,137.11L590.72,137.17L589.79,137.11L589.77,136.84L589.95,136.45L589.62,136.43L589.29,136.68L587.84,135.78L587.91,135.50L587.73,135.12L587.44,134.96L586.73,135.07L586.57,135.24L585.91,134.45L585.46,134.16L585.31,134.30L584.84,134.08L584.11,133.49L583.25,133.22L583.11,132.61L582.03,132.41L581.85,132.59L581.57,132.53L581.44,133.04L581.16,133.35L580.86,133.30L580.62,132.87L579.77,132.28L579.61,132.34L578.86,132.10L578.97,131.73L577.89,131.15L577.53,131.27L576.76,130.43L576.38,130.18L575.90,130.49L575.70,130.43L575.60,130.00L575.82,129.78L575.54,129.42L575.65,128.97L575.07,128.38L574.91,127.68L575.70,127.48L575.73,127.85L576.07,128.11L576.44,128.06L576.81,127.78L577.39,127.42L577.02,126.72L577.13,126.31L576.45,126.21L576.40,126.03L576.31,125.95L575.59,125.86L575.30,125.63L575.26,125.08L575.19,124.49L575.37,124.31L575.70,124.09L575.48,123.83L575.04,123.43L574.23,123.32L574.01,122.80L573.57,121.77L573.57,121.25L573.07,121.41L572.92,121.28L572.62,121.17L571.28,121.07L570.71,120.63L570.54,120.54L570.43,120.34L570.19,120.34L569.67,120.54L569.42,120.26L569.22,120.04L568.92,119.97L569.23,119.45L569.23,118.95L569.01,118.70L568.64,118.38L568.02,118.39L567.73,118.52L567.73,118.06L567.18,117.94L566.88,117.90L566.60,118.11L566.49,118.00L566.18,117.86L566.13,117.77L565.90,117.76L565.89,117.49L566.46,117.55L566.65,117.40L567.01,117.26L567.09,117.02L567.27,116.83L567.07,116.67L567.22,116.31L566.97,116.07L567.10,115.64L567.05,115.52L566.90,115.51L566.87,115.26L566.88,114.98L566.59,114.48L566.31,114.33L565.62,114.29L565.40,114.23L565.17,114.39L564.71,114.44L564.38,114.04L564.31,113.74L564.51,113.52L564.49,112.49L564.50,112.42L564.64,111.68L564.77,111.46L565.04,111.28L566.47,110.57L568.20,109.84L568.56,109.81L568.62,109.88L568.80,110.45L569.15,110.50L569.66,110.36L570.54,110.23L570.81,109.98L571.27,109.20L571.74,108.73L571.98,108.70L573.22,108.93L573.68,108.92L574.16,108.81L574.81,108.47L575.45,107.77L575.85,107.47L576.30,107.32L577.63,106.97L578.60,106.75L578.93,106.57L578.98,106.41L578.95,106.21L578.81,105.36L578.83,104.96L579.15,104.56L579.85,104.01L580.08,103.68L579.96,103.21L579.67,102.77L579.32,102.14L579.29,100.78L578.81,100.64L578.44,100.70L578.21,100.52L578.28,100.30L578.49,100.00L578.89,99.81L580.69,99.56L581.77,99.35L582.12,99.29L582.62,99.48L583.75,99.71L584.15,99.64L584.38,99.50L584.53,99.25L584.41,98.96L583.78,98.45L583.92,98.03L584.21,97.43L584.65,96.63L585.16,95.49L585.59,94.99L586.68,95.24L587.41,95.38L588.00,95.52L589.40,95.60L590.12,95.54L590.54,95.43L590.98,95.04L591.14,94.65L590.92,93.95L590.83,93.20L591.17,92.61L591.60,92.34L592.79,92.25L593.08,92.18L593.39,91.97L593.42,91.49L593.44,91.21L593.72,90.95L594.26,90.80L594.81,90.77L595.04,90.75L595.60,90.75L595.85,90.68L595.91,90.82L596.04,91.23L596.28,91.79L596.65,92.22L597.95,92.97L598.79,93.38L599.40,93.45L600.13,93.62L600.77,93.76L601.12,93.91L601.69,94.53L602.76,95.98L603.16,96.64L602.94,97.08L602.71,97.83L602.49,98.22L602.12,98.57L602.09,98.70L602.19,99.13L602.43,99.36L603.15,99.67L604.21,99.85L605.72,99.87L606.71,99.91L607.38,99.99L608.38,100.22L609.01,100.48L610.66,101.29L611.49,101.60L612.24,101.70L612.34,102.24L613.91,104.40L614.38,104.84L614.83,105.09L616.80,105.11L618.05,105.32L618.85,105.43L620.01,105.45L622.87,105.39L623.81,105.41L624.97,105.43L626.66,105.55L627.19,105.72L628.00,106.27L629.01,106.64L630.61,107.07L631.53,107.19L632.20,107.13L632.81,107.20L633.06,107.50L633.49,107.69L633.97,107.68L634.66,107.39L636.10,106.85L636.40,106.75L637.14,106.48L637.96,106.19L639.16,105.84L640.50,105.83L642.01,105.77L643.00,105.85L643.65,105.79L645.59,105.05L645.86,104.88L646.97,103.83L647.64,103.44L648.90,103.15L649.23,102.89L649.35,102.62L649.16,102.39L648.57,101.98L648.18,101.41L648.17,101.07L648.39,100.67L648.93,100.08L649.38,99.85L649.70,99.78L650.42,99.93L651.09,100.31L651.68,100.44L652.66,100.43L653.40,100.39L654.15,99.95L655.34,99.04L655.56,99.06L656.00,99.07L656.62,99.12L657.52,98.99L658.16,98.74L658.50,98.55L658.74,98.33L659.06,97.51L659.42,97.18L659.89,96.98L660.35,96.93L660.84,97.06L661.19,96.87L662.02,96.59L662.56,96.45L663.50,96.23L664.35,96.19L664.78,96.29L665.86,96.30L666.32,96.43L666.73,96.21L666.84,95.99L666.79,95.72L666.20,95.22L665.32,94.23L664.52,93.73L663.98,93.53L663.05,93.32L662.61,93.32L661.42,94.11L661.13,94.04L660.70,93.62L660.38,93.53L659.81,93.55L659.05,93.61L658.12,94.01L657.78,94.05L657.73,94.03L657.46,93.19L657.84,92.61L659.07,90.65L659.76,89.44L660.05,89.13L660.10,89.15L660.55,89.32L661.67,89.90L662.02,89.88L662.46,89.79L664.90,89.04L665.67,88.70L665.80,88.47L665.74,88.16L665.39,87.81L665.33,87.67L665.43,87.42L665.85,86.99L666.27,86.45L666.94,85.67L667.54,85.13L668.91,84.52L669.07,83.72L668.97,83.47L668.50,83.17L667.94,83.14L667.12,83.22L667.24,82.97L667.62,82.69L668.81,81.90L669.29,81.74L669.89,81.60L671.74,81.46L672.58,81.33L673.78,81.23L674.70,81.18L675.85,81.39L676.88,81.87L677.57,82.06L678.95,81.94L679.49,81.96L680.26,82.43L681.00,83.38L682.08,85.76L683.02,87.35L683.95,89.26L684.39,89.64L684.89,89.85L686.14,90.19L687.66,90.44L690.32,91.28L690.53,91.42L690.83,92.29L691.27,93.57L691.53,94.02L692.21,93.98L692.85,93.97L694.51,93.91L695.12,93.69L696.07,93.39L697.43,93.08L698.61,92.87L699.51,92.83L699.76,92.95L699.82,93.21L699.93,93.60L699.95,94.10L699.39,94.51L698.73,94.90L698.43,95.61L698.16,96.50L697.62,97.57L696.99,98.65L696.66,99.08L696.11,99.77L695.64,100.11L695.09,100.02L694.42,99.79L693.73,99.55L693.34,99.51L691.67,100.49L691.62,101.05L691.96,101.95L692.02,102.60L692.01,103.22L691.99,103.60L691.89,103.73L692.00,104.03L691.84,104.36L691.33,104.79L690.08,105.25L689.97,105.31L689.39,104.63L689.15,104.63L688.89,104.76L688.51,105.11L688.28,105.83L687.32,106.36L686.70,106.62L686.17,106.64L685.71,106.58L685.38,106.46L684.99,106.51L684.72,106.76L684.69,107.10L685.20,107.86L685.24,107.98L684.72,108.14L683.74,108.18L683.23,108.03L682.74,107.78L682.47,107.38L682.02,107.40L681.64,107.53L680.95,108.56L680.31,109.10L679.28,109.64L677.75,110.25L677.23,110.58L676.81,111.02L676.43,111.55L676.37,111.46L675.95,111.63L674.73,111.76L674.00,111.93L671.75,112.85L671.12,113.22L670.55,113.69L669.95,113.96L669.61,113.98L669.74,113.72L670.61,113.04L670.94,112.69L670.47,112.57L670.10,112.65L669.94,112.35L670.00,112.19L670.96,111.41L671.22,111.03L671.77,110.61L671.93,110.42L671.88,110.12L671.15,109.56L670.42,109.28L670.29,109.27L669.66,109.30L669.49,109.31L669.00,109.68L667.85,110.87L667.50,111.02L666.86,111.11L666.24,111.35L665.88,111.55L665.49,112.00L665.35,112.41L665.22,112.67L664.97,112.92L664.53,113.05L664.04,113.04L663.72,113.31L663.41,113.42L662.95,112.86L662.60,112.84L662.25,112.97L661.85,113.61L661.55,114.30L661.64,114.64L661.89,115.01L662.44,115.28L663.24,115.54L664.45,115.50L664.74,115.75L664.72,116.29L664.60,116.87L664.66,117.41L664.92,117.69L665.65,117.76L666.35,117.61L667.11,117.08L667.62,116.58L668.17,116.36L668.71,116.23L668.99,116.30L669.89,116.92L670.43,117.12L671.45,117.03L671.82,117.06L672.29,117.20L672.56,117.20L672.31,117.90L672.26,118.46L671.64,118.26L671.35,118.18L670.82,118.23L669.14,118.79L668.44,119.23L668.36,119.96L667.84,120.12L667.70,120.01L667.68,119.74L667.55,119.65L667.05,119.77L667.19,120.24L667.04,120.60L666.55,121.10L665.16,122.22L665.03,122.44L665.07,122.99L665.69,123.22L666.40,123.71L667.19,124.23L667.58,124.77L668.00,126.01L668.67,126.65L668.84,127.09L668.71,127.77L668.89,127.95L669.58,128.25L669.98,128.84L670.54,129.09L670.81,129.36L670.90,129.67L670.85,129.82L670.06,130.19L670.15,130.26L670.58,130.57L670.89,131.36L670.87,131.66L670.73,131.84L670.20,131.89L669.54,132.10L668.60,132.65L667.75,132.87L667.12,133.16L667.84,133.37L668.22,133.43L669.16,133.00L669.65,132.95L669.81,133.00L670.33,133.59L670.72,133.76L671.18,133.79L671.19,133.94L670.96,134.25L670.57,134.48L670.27,134.72L670.38,134.88L670.71,134.85L670.91,134.93L670.72,135.26L670.42,136.01L670.23,136.65L670.26,137.01L670.04,137.46L669.83,137.59L669.48,137.25L669.34,137.39L668.77,138.15L668.37,138.78L668.15,139.40L668.02,139.69L667.43,140.12L667.18,140.56L666.92,140.74L666.35,140.77L665.97,141.00L666.25,141.72L665.99,142.22L666.06,142.82L665.97,143.09L665.76,143.35L665.23,143.55L665.07,143.84L664.90,144.23L664.60,144.87L663.98,145.22L663.57,145.72L663.07,145.58L662.63,145.51L662.49,145.62L662.34,145.82L662.46,146.65L662.25,146.79L661.48,147.45L661.12,147.57L660.49,147.74L659.93,148.21L659.36,148.42L659.25,148.54L659.24,149.02L659.11,149.17L658.54,149.23L658.04,149.34L657.70,149.78L657.34,149.66L656.82,149.49L656.54,149.54L656.23,149.87L655.79,150.07L655.15,150.17L655.10,149.70L654.58,149.76L653.88,149.97L653.56,150.17L653.28,150.13L652.88,149.64L652.72,149.48L652.52,149.76L652.62,149.93L652.57,150.15L652.53,150.84L652.32,151.13L651.90,151.25L651.40,151.07L651.28,151.35L651.28,151.59L651.13,151.74L650.52,151.80L650.15,151.91L649.55,151.96L649.09,151.75L648.87,151.85L648.43,152.33L648.21,152.40L647.43,152.36L646.69,152.58L646.28,152.91L645.83,152.88L645.55,152.80L645.54,152.86L645.47,153.21L645.18,153.60L645.19,153.72L645.67,154.35L645.94,154.48L645.99,154.68L645.63,154.95L644.86,155.10L644.38,154.38L644.14,153.69L644.15,153.30L644.55,152.52L644.53,152.35L643.95,152.10L643.72,152.17L643.52,152.47L643.06,152.54L642.39,152.33L641.81,151.60L641.61,151.68L641.60,151.85L641.44,152.24L641.17,152.37L640.84,152.32L640.36,152.36L640.30,152.40L640.10,152.26L639.20,152.15L638.57,151.98L637.63,151.37L637.36,151.00L637.26,150.48L637.73,149.73L637.68,149.35L637.44,149.14L636.66,149.19L636.00,149.13L635.23,148.90L634.61,148.32L634.31,148.43L633.79,148.75L633.09,149.31L632.75,149.46L631.95,149.58L630.35,149.63L630.02,149.75L629.44,150.16L629.11,150.07L628.51,149.67L628.17,149.66L627.66,149.79L627.17,150.02"]
        RenderPath {path} at (235.05,255.67) size 6.34x4.49 [stroke={[type=SOLID] [color=#808080] [stroke width=0.20]}] [fill={[type=SOLID] [color=#C0C0C0]}] [data="M241.07,156.15L241.09,156.67L241.19,157.89L241.20,158.10L240.82,158.55L240.81,158.72L241.29,160.08L240.63,159.51L240.18,159.45L239.42,159.59L238.54,159.58L237.88,159.44L237.30,159.38L236.83,159.48L236.45,159.84L236.32,159.80L235.32,159.25L235.15,158.92L235.19,158.72L235.46,158.54L236.51,158.64L237.14,158.75L238.27,158.91L238.92,158.96L239.53,158.77L239.92,158.62L239.72,158.46L239.03,158.00L238.89,157.70L239.08,156.99L238.87,156.70L238.48,156.54L237.57,156.40L237.26,156.19L237.30,156.01L237.42,155.92L237.76,155.82L238.49,155.76L239.27,155.89L240.35,156.18L240.93,156.24L241.07,156.15"]
        RenderPath {path} at (240.71,255.70) size 8.01x5.14 [stroke={[type=SOLID] [color=#808080] [stroke width=0.20]}] [fill={[type=SOLID] [color=#C0C0C0]}] [data="M241.29,160.08L240.81,158.72L240.82,158.55L241.20,158.10L241.19,157.89L241.09,156.67L241.07,156.15L241.58,155.87L241.97,156.01L242.31,156.01L242.70,155.84L243.06,155.80L243.20,156.00L243.38,156.11L244.38,156.42L245.04,156.35L245.25,156.74L245.59,157.08L246.11,157.40L246.45,157.49L247.09,157.70L248.01,158.15L248.41,158.50L248.64,158.81L248.45,158.98L248.30,159.28L247.99,159.65L247.75,159.55L247.27,158.96L246.90,158.91L246.11,158.97L245.82,158.87L245.45,158.87L245.12,158.97L244.36,159.51L243.96,159.46L243.64,158.96L243.48,158.93L243.32,158.99L242.66,159.32L242.32,160.10L241.91,160.75L241.62,160.63L241.29,160.08"]
        RenderPath {path} at (660.77,258.76) size 20.74x29.21 [stroke={[type=SOLID] [color=#808080] [stroke width=0.20]}] [fill={[type=SOLID] [color=#001A00]}] [data="M668.05,167.80L667.92,167.70L667.18,166.96L666.74,165.71L666.78,165.29L666.83,164.58L666.54,164.12L666.72,163.73L667.70,164.44L667.90,164.01L667.92,163.60L667.82,163.16L667.79,162.59L667.94,162.15L667.96,161.48L668.04,160.62L668.12,159.99L668.50,159.12L668.69,159.00L669.02,158.86L669.55,158.91L670.76,159.43L671.33,159.47L671.52,159.26L671.80,159.09L672.00,159.23L672.02,159.63L671.75,160.07L671.70,160.55L671.84,161.34L672.39,161.73L672.57,162.05L672.14,163.33L671.83,163.79L671.00,164.40L670.44,164.71L670.36,164.81L670.36,165.08L670.28,165.65L670.00,166.07L670.13,166.28L670.48,167.01L670.83,168.11L671.09,168.73L671.18,168.76L671.63,169.09L671.93,169.16L672.09,168.83L672.57,168.29L672.77,168.26L673.19,168.38L673.41,168.59L673.59,169.22L673.88,169.58L674.20,169.66L674.71,169.08L675.33,169.35L675.47,169.38L675.55,169.50L675.38,169.66L675.00,169.81L674.79,170.03L675.73,171.25L675.42,171.44L674.85,171.24L674.44,171.14L674.35,170.66L674.12,170.35L673.52,169.82L672.77,169.24L672.51,169.24L672.41,169.47L672.78,170.24L672.57,170.52L671.84,169.75L670.86,169.20L670.55,169.22L670.20,169.36L670.02,169.61L669.88,169.68L669.49,169.74L669.16,169.52L668.57,169.15L668.38,168.73L669.02,168.12L669.34,168.33L669.70,168.41L670.10,168.22L669.95,168.05L669.23,167.75L668.81,167.36L668.29,167.19L668.05,167.80M669.68,172.97L669.22,172.61L668.88,172.20L668.82,171.97L668.46,170.86L668.00,170.34L668.69,170.28L669.55,170.29L669.87,170.46L670.14,170.91L670.17,171.77L670.07,172.25L669.86,172.54L669.67,172.98M679.07,175.37L678.51,175.10L678.33,174.85L678.10,174.68L678.03,174.55L678.17,174.21L678.08,173.79L677.53,173.44L676.87,172.96L676.72,172.49L677.23,172.39L678.25,172.25L678.62,172.36L678.91,172.77L678.97,173.59L679.10,174.39L679.35,175.18L679.24,175.31L679.08,175.37M671.41,176.82L671.43,176.47L671.61,175.13L671.67,173.96L672.16,174.35L672.73,174.63L673.10,174.66L673.73,174.48L673.76,174.91L673.68,175.31L673.44,175.58L673.26,175.78L672.35,176.43L671.41,176.82M664.72,177.81L664.35,177.79L664.48,177.49L664.68,177.39L665.00,176.99L665.26,176.47L665.34,175.86L665.48,175.35L665.81,175.17L665.95,175.35L665.79,175.64L666.07,176.19L666.28,176.75L666.17,176.86L665.51,177.22L665.10,177.59L664.72,177.81M673.78,179.98L673.40,179.62L672.57,179.02L672.36,178.64L672.46,178.28L673.03,178.06L673.25,177.79L673.73,175.97L674.17,175.79L674.44,175.82L674.55,175.94L674.60,176.22L674.23,177.13L674.14,177.35L673.83,178.77L673.99,179.06L674.21,179.53L673.99,179.94L673.78,179.98M661.18,181.31L660.86,181.27L661.08,180.79L661.42,180.32L661.77,179.98L662.36,179.62L663.00,179.13L663.93,178.04L664.04,178.59L663.92,179.01L663.66,179.31L663.42,179.49L662.90,179.71L662.73,179.84L662.48,180.46L662.16,180.73L661.57,180.90L661.18,181.31M680.68,185.40L680.48,185.30L680.38,184.87L680.02,184.12L679.72,184.01L679.34,184.61L678.98,185.43L679.22,185.81L679.39,186.21L679.54,186.89L679.38,187.38L679.00,187.89L678.69,187.64L678.52,187.37L678.72,186.96L678.64,186.63L678.28,186.56L677.92,187.23L677.74,187.17L676.63,186.55L676.07,186.01L675.87,185.50L675.83,184.86L676.30,183.96L676.19,183.48L675.72,183.07L674.95,182.77L674.65,182.82L674.59,182.99L674.46,183.21L673.96,183.47L673.30,183.53L673.27,183.03L673.10,182.79L672.70,182.99L672.20,183.95L671.67,184.82L671.45,184.73L671.33,184.60L671.30,184.41L671.35,184.10L671.71,183.35L671.90,182.81L672.16,182.53L672.54,182.34L673.11,182.30L673.33,182.17L673.46,181.71L673.67,181.55L674.22,181.31L674.99,181.21L675.28,181.56L675.39,182.28L675.70,182.12L676.19,182.07L676.40,181.88L676.60,181.32L676.96,181.06L677.44,181.27L677.62,181.36L677.78,180.27L678.07,180.26L678.34,180.72L678.65,180.24L678.86,180.10L679.25,180.20L679.38,179.97L679.33,179.26L679.16,178.70L679.31,178.35L679.72,178.89L680.43,179.70L680.66,180.18L680.74,180.50L680.41,181.24L680.65,181.46L681.18,181.36L681.26,181.79L681.14,182.21L681.20,182.90L681.41,183.34L681.41,183.78L681.29,184.20L681.01,184.78L680.68,185.40"]
        RenderPath {path} at (251.14,258.77) size 3.48x1.55 [stroke={[type=SOLID] [color=#808080] [stroke width=0.20]}] [fill={[type=SOLID] [color=#C0C0C0]}] [data="M251.90,160.23L251.35,160.12L251.28,159.90L251.33,159.35L251.22,159.11L251.33,158.94L251.57,158.87L252.11,158.94L252.51,158.93L254.02,159.04L254.41,159.21L254.52,159.35L254.34,159.70L254.26,159.80L253.98,160.03L253.65,160.07L252.91,159.99L252.25,160.06L251.90,160.23"]
        RenderPath {path} at (226.44,258.86) size 4.68x1.76 [stroke={[type=SOLID] [color=#808080] [stroke width=0.20]}] [fill={[type=SOLID] [color=#C0C0C0]}] [data="M228.82,160.52L228.52,160.46L227.83,160.24L227.60,159.97L227.13,159.60L226.66,159.52L226.52,159.31L227.05,159.03L227.76,158.95L229.12,159.21L230.09,159.56L230.74,159.82L231.02,160.10L230.98,160.30L230.65,160.37L229.90,160.08L229.35,160.14L229.13,160.39L228.82,160.52"]
        RenderPath {path} at (388.16,266.39) size 17.80x12.53 [stroke={[type=SOLID] [color=#808080] [stroke width=0.20]}] [fill={[type=SOLID] [color=#C0C0C0]}] [data="M400.72,175.50L400.12,175.38L399.96,175.35L398.99,175.81L397.56,175.80L396.69,175.76L394.57,175.80L394.30,175.96L394.18,176.30L394.44,178.24L394.46,178.65L394.27,178.82L393.64,178.38L392.99,178.21L392.22,178.29L391.62,178.45L391.17,178.71L390.80,178.82L390.45,178.74L390.00,178.51L389.48,177.95L389.33,177.49L389.02,177.24L388.47,177.24L388.21,177.07L388.29,177.03L388.34,176.87L388.51,176.55L388.77,175.63L388.91,174.75L388.85,174.00L388.99,173.75L389.25,173.73L389.69,173.57L390.24,173.30L390.55,172.93L390.85,171.88L391.20,170.67L391.60,170.28L391.87,170.23L392.16,170.51L392.71,170.87L393.17,170.77L393.34,170.54L393.73,169.72L394.22,169.05L394.86,168.43L395.13,168.33L395.65,168.54L395.98,168.72L396.25,168.74L396.56,167.95L396.87,167.72L397.82,167.27L399.04,166.55L399.40,166.48L399.76,166.60L400.12,166.66L401.18,166.84L401.01,167.50L401.03,167.90L401.45,168.83L401.88,169.32L402.27,169.59L402.77,170.01L402.95,170.27L402.96,170.49L402.63,170.93L402.74,171.15L403.71,171.91L404.23,172.09L404.60,172.04L405.16,172.07L405.73,173.04L405.86,173.41L405.62,174.17L405.21,174.64L404.87,174.80L404.13,174.70L403.71,174.75L403.30,175.02L402.93,175.57L402.69,175.73L402.63,175.87L402.34,175.83L401.73,175.66L400.72,175.50"]
        RenderPath {path} at (205.62,266.66) size 9.95x9.63 [stroke={[type=SOLID] [color=#808080] [stroke width=0.20]}] [fill={[type=SOLID] [color=#C0C0C0]}] [data="M209.82,175.47L209.43,174.82L208.50,173.94L207.50,172.85L206.66,172.04L205.94,171.57L205.74,171.39L205.72,171.16L206.35,171.13L207.35,171.01L207.64,170.86L207.93,170.45L207.93,169.49L208.82,169.46L209.33,168.87L210.05,169.29L211.26,168.30L211.76,167.50L212.06,167.26L212.32,167.27L212.65,167.46L213.11,167.55L213.36,167.47L213.78,167.24L215.21,166.75L215.44,167.27L215.47,167.61L215.42,168.12L215.20,168.83L214.66,169.63L214.56,170.38L214.60,171.29L214.36,172.41L214.17,173.15L214.07,174.54L214.10,175.09L214.28,175.55L214.47,175.91L214.19,176.19L213.42,176.04L213.18,175.58L212.90,175.66L212.50,175.55L211.90,175.80L210.25,175.20L209.82,175.47"]
        RenderPath {path} at (627.89,267.59) size 11.71x9.66 [stroke={[type=SOLID] [color=#808080] [stroke width=0.20]}] [fill={[type=SOLID] [color=#C0C0C0]}] [data="M634.04,168.44L634.57,168.70L635.30,168.86L635.65,168.97L636.11,169.22L636.36,169.16L636.46,168.92L636.35,168.71L636.17,168.53L636.06,168.24L636.45,167.95L636.93,167.76L637.37,167.95L637.75,168.30L638.05,168.22L639.02,167.79L639.23,167.68L639.02,168.59L639.04,169.25L639.50,170.26L639.42,170.63L639.37,171.05L639.43,172.13L639.21,172.64L638.83,172.92L638.23,173.11L637.29,173.55L636.77,173.78L635.78,174.35L635.55,174.78L635.77,175.20L636.33,175.63L636.36,175.83L636.19,176.10L635.51,175.91L635.01,175.90L634.41,176.12L633.49,176.65L632.85,176.88L632.55,177.17L632.29,176.98L632.04,176.71L631.69,176.67L631.31,176.81L631.11,176.77L630.81,176.82L630.63,176.70L630.77,176.39L630.96,176.16L630.91,175.91L630.63,175.52L630.35,175.56L629.89,175.86L629.55,175.87L629.38,174.83L628.73,173.34L628.88,173.16L628.72,172.68L628.23,171.97L628.01,171.32L627.99,170.68L628.06,170.30L628.21,170.01L629.13,168.77L629.65,168.33L630.03,168.23L631.21,168.14L632.00,168.21L632.56,168.13L633.14,168.17L633.74,168.28L634.04,168.45"]
        RenderPath {path} at (209.72,275.11) size 7.48x7.13 [stroke={[type=SOLID] [color=#808080] [stroke width=0.20]}] [fill={[type=SOLID] [color=#C0C0C0]}] [data="M214.47,175.91L215.29,176.80L215.68,177.42L215.99,177.74L216.22,177.79L216.68,178.43L217.12,178.79L217.11,178.79L217.04,178.91L216.56,178.73L216.34,178.93L216.33,179.26L216.33,179.84L216.83,180.14L216.44,180.51L216.56,181.04L216.19,181.41L216.43,181.60L216.23,182.21L216.23,181.74L215.93,181.43L215.94,180.86L215.57,180.72L215.33,180.61L215.22,180.70L215.54,181.11L215.63,181.33L215.51,181.39L214.79,181.09L214.66,180.81L214.91,180.47L214.95,180.09L214.77,179.75L214.28,179.43L213.59,179.14L213.51,179.00L212.82,178.90L212.50,178.57L212.51,178.15L212.36,177.89L212.11,177.79L211.54,177.44L211.12,177.18L211.35,177.69L211.43,177.91L211.85,177.95L212.04,178.22L211.49,178.79L211.35,178.53L210.99,178.25L210.43,178.04L210.11,177.80L209.96,177.56L209.86,177.06L209.99,176.64L210.32,176.42L210.31,176.03L209.76,175.80L210.12,175.68L210.06,175.45L209.82,175.47L210.25,175.20L211.90,175.80L212.51,175.55L212.90,175.66L213.19,175.58L213.43,176.04L214.19,176.19L214.48,175.91"]
        RenderPath {path} at (432.49,275.53) size 28.79x19.91 [stroke={[type=SOLID] [color=#808080] [stroke width=0.20]}] [fill={[type=SOLID] [color=#C0C0C0]}] [data="M436.30,195.36L436.10,194.91L435.90,194.10L435.40,193.30L434.19,192.07L434.07,191.74L434.01,190.95L433.58,190.35L433.18,189.68L432.97,189.09L432.70,187.91L432.59,187.13L432.65,186.71L432.79,186.51L433.32,186.11L433.72,185.60L434.59,183.86L434.94,183.53L435.15,183.42L435.25,183.50L435.49,183.53L435.93,183.37L437.30,182.68L437.79,183.34L438.02,183.41L438.24,183.38L438.71,183.11L439.46,182.73L440.28,182.45L441.16,182.46L441.53,182.43L441.79,182.29L442.43,181.11L442.55,180.31L442.76,180.11L443.19,180.05L445.37,179.99L445.76,179.91L448.41,177.63L448.60,177.35L448.61,176.94L448.77,176.55L449.15,176.33L450.08,175.71L450.41,175.63L450.73,175.64L451.29,175.85L452.63,177.52L452.98,178.07L453.10,178.61L452.68,180.08L452.69,180.74L452.85,180.95L453.65,180.93L453.92,180.93L454.13,181.06L454.38,181.55L454.61,181.78L455.40,182.22L456.20,182.46L456.55,182.65L456.78,182.92L456.63,183.40L456.80,183.80L457.25,184.15L457.80,184.53L458.52,184.96L458.73,185.13L458.93,185.49L458.99,186.21L459.28,186.65L459.64,186.88L460.46,187.04L461.02,187.52L461.17,187.87L461.09,188.55L461.12,188.62L460.63,188.76L459.66,189.11L459.35,189.08L459.06,188.91L458.37,188.65L457.22,188.29L456.82,188.42L456.74,188.97L456.61,189.21L456.35,189.27L455.95,189.24L455.09,189.04L454.50,189.14L453.57,189.51L452.64,190.00L452.37,190.01L451.81,189.66L451.43,189.51L451.07,189.70L450.40,191.06L450.22,191.21L449.63,191.15L447.70,190.63L446.27,190.45L445.76,190.12L445.60,189.88L445.27,189.49L444.52,188.97L444.09,188.81L443.61,188.87L443.08,189.17L442.73,189.51L441.94,190.49L441.84,190.78L441.94,191.24L441.92,191.59L441.86,192.18L441.70,192.24L440.95,192.53L440.05,192.43L439.43,192.30L439.06,192.24L438.09,192.42L437.61,192.52L437.35,192.75L437.13,194.03L436.97,194.56L436.61,195.05L436.30,195.37"]
        RenderPath {path} at (371.14,277.95) size 6.47x7.00 [stroke={[type=SOLID] [color=#808080] [stroke width=0.20]}] [fill={[type=SOLID] [color=#C0C0C0]}] [data="M371.32,180.42L372.41,179.18L373.05,178.32L373.29,178.16L373.89,178.20L375.02,178.05L375.49,178.09L375.91,178.32L376.37,178.74L376.84,179.36L377.09,180.12L377.26,181.49L377.52,182.14L377.26,182.64L376.08,183.79L375.45,184.52L375.16,184.77L375.10,184.88L374.47,184.35L373.81,183.95L373.32,183.75L373.29,183.61L373.35,183.31L373.30,183.13L372.77,182.92L371.98,182.37L371.59,182.00L371.21,181.54L371.71,181.30L371.88,181.07L371.85,180.92L371.36,180.71L371.30,180.59L371.32,180.42"]
        RenderPath {path} at (577.53,278.49) size 5.06x8.52 [stroke={[type=SOLID] [color=#808080] [stroke width=0.20]}] [fill={[type=SOLID] [color=#C0C0C0]}] [data="M579.61,186.91L579.11,186.82L578.85,186.63L578.64,186.27L578.39,185.65L578.03,184.40L578.00,183.75L578.00,182.98L577.98,182.08L577.74,181.38L577.93,180.87L577.63,180.52L577.70,180.24L578.12,180.26L578.47,179.83L578.53,179.47L578.75,179.10L578.60,178.56L579.13,179.04L579.83,179.42L580.06,179.82L580.61,180.59L580.78,180.92L580.69,181.26L580.71,181.40L581.30,181.73L581.57,182.47L582.37,183.84L582.50,184.34L582.31,185.08L581.91,185.76L581.54,186.15L581.03,186.58L580.25,186.86L579.61,186.90"]
        RenderPath {path} at (216.12,278.58) size 13.16x5.62 [stroke={[type=SOLID] [color=#808080] [stroke width=0.20]}] [fill={[type=SOLID] [color=#C0C0C0]}] [data="M217.11,178.79L217.63,179.10L217.83,179.61L217.85,179.99L218.21,180.14L218.84,180.16L219.08,179.96L219.48,180.39L220.21,180.47L220.66,180.39L222.01,179.64L222.52,179.59L223.91,178.67L224.29,178.81L225.03,178.88L225.10,179.04L225.89,179.02L226.65,179.23L227.32,179.61L227.96,180.18L228.37,180.84L228.45,181.17L228.68,181.32L229.19,182.35L228.87,182.42L228.77,182.85L228.19,183.26L228.11,182.95L227.92,182.87L227.96,183.32L227.73,183.40L227.48,184.15L227.10,183.33L226.66,182.57L226.52,182.11L226.70,181.87L226.92,181.79L227.71,181.91L227.37,181.72L227.24,181.56L227.15,181.09L226.84,181.39L226.40,181.43L226.16,181.05L226.13,180.79L225.93,180.50L225.80,180.65L225.57,180.37L225.46,180.47L225.33,180.20L224.88,180.01L224.32,180.00L223.82,180.24L223.43,180.35L223.36,180.71L223.45,180.94L222.92,181.26L222.54,181.44L222.21,181.47L221.86,181.88L221.91,182.18L222.23,182.48L222.69,182.90L222.87,183.29L222.86,183.44L222.58,183.52L222.33,183.48L221.90,183.87L221.34,183.97L221.00,183.93L220.81,183.78L220.91,183.62L220.57,182.79L220.32,182.43L220.15,183.11L219.33,182.70L219.11,181.94L218.90,181.98L217.94,181.86L217.51,181.59L216.91,181.59L216.59,181.71L216.23,182.20L216.43,181.59L216.19,181.41L216.57,181.04L216.44,180.51L216.84,180.14L216.33,179.83L216.33,179.25L216.34,178.93L216.56,178.73L217.04,178.91L217.12,178.79"]
        RenderPath {path} at (264.36,281.25) size 10.35x16.36 [stroke={[type=SOLID] [color=#808080] [stroke width=0.20]}] [fill={[type=SOLID] [color=#C0C0C0]}] [data="M266.02,188.96L265.51,188.31L264.78,187.56L264.46,187.04L264.53,186.83L264.92,186.29L264.91,185.71L264.98,185.26L266.01,185.07L266.42,184.93L266.73,184.63L266.58,184.35L265.96,183.74L265.89,183.53L265.99,183.27L267.65,182.04L267.71,181.62L267.61,181.33L267.68,181.38L268.18,181.72L269.04,182.24L269.73,182.76L270.32,183.42L270.45,183.83L270.41,184.56L270.56,185.51L270.86,184.92L271.08,184.82L271.68,185.00L271.78,185.13L272.28,185.42L272.99,185.97L273.39,186.46L273.77,187.11L273.75,187.45L273.61,187.95L273.53,188.81L273.35,189.08L272.21,189.17L272.05,189.34L272.12,190.12L272.03,190.58L271.70,191.28L272.27,192.11L272.80,192.78L273.36,192.85L273.55,193.15L273.80,193.98L274.29,195.10L274.62,195.67L274.56,195.88L273.61,195.86L272.68,196.29L271.68,196.62L271.17,196.93L270.48,197.45L269.80,197.52L269.18,197.13L268.08,196.23L267.93,195.93L267.92,195.54L267.99,195.18L267.83,194.88L267.55,194.48L267.39,194.02L267.60,193.05L268.15,191.64L268.33,191.27L267.89,190.31L267.36,190.17L267.06,190.18L267.51,189.09L267.47,188.87L267.21,188.76L266.69,188.64L266.39,188.70L266.02,188.95"]
        RenderPath {path} at (375.01,281.24) size 9.31x9.27 [stroke={[type=SOLID] [color=#808080] [stroke width=0.20]}] [fill={[type=SOLID] [color=#C0C0C0]}] [data="M377.52,182.14L377.71,181.77L377.96,181.52L378.33,181.38L378.86,181.34L379.20,181.43L379.36,181.80L379.58,182.64L379.59,183.29L379.55,183.58L379.82,183.90L380.23,184.22L380.55,184.25L381.30,183.33L381.45,183.24L381.78,183.34L382.12,183.56L382.06,183.73L382.18,184.28L382.12,184.72L381.62,185.58L381.67,185.77L381.86,185.95L382.23,186.05L382.83,186.01L384.09,187.35L384.22,187.63L384.16,188.08L383.91,188.93L383.81,189.50L383.77,190.42L382.26,189.77L381.03,189.15L380.02,188.59L379.62,188.17L378.49,187.06L377.38,186.30L376.66,185.96L375.76,185.42L375.10,184.88L375.16,184.77L375.44,184.52L376.07,183.79L377.26,182.64L377.51,182.14"]
        RenderPath {path} at (427.58,288.19) size 42.52x41.92 [stroke={[type=SOLID] [color=#808080] [stroke width=0.20]}] [fill={[type=SOLID] [color=#C0C0C0]}] [data="M429.51,210.68L429.99,211.02L430.17,211.03L430.61,210.76L430.94,210.18L432.43,209.65L432.48,210.07L432.53,210.74L432.67,210.95L433.24,210.62L433.80,210.22L434.73,209.41L435.09,209.18L436.12,208.24L436.20,207.54L436.08,206.82L436.16,206.42L436.35,205.26L436.69,204.51L437.16,203.68L437.57,203.22L438.38,202.62L438.91,202.39L439.36,201.97L439.50,201.44L439.67,200.74L439.79,200.12L440.04,198.78L440.24,196.76L440.39,196.00L440.49,195.45L440.84,194.63L441.39,193.79L441.79,192.59L441.82,192.43L441.70,192.23L441.86,192.18L441.92,191.58L441.94,191.23L441.84,190.78L441.94,190.48L442.72,189.50L443.08,189.16L443.60,188.86L444.08,188.80L444.52,188.97L445.27,189.48L445.60,189.88L445.76,190.12L446.27,190.44L447.69,190.63L449.63,191.14L450.22,191.21L450.39,191.05L451.07,189.69L451.42,189.50L451.81,189.66L452.36,190.01L452.64,189.99L453.57,189.50L454.50,189.13L455.09,189.03L455.95,189.24L456.35,189.26L456.61,189.20L456.74,188.96L456.82,188.41L457.22,188.28L458.37,188.64L459.05,188.91L459.34,189.07L459.66,189.10L460.62,188.76L461.12,188.61L461.26,188.85L462.06,189.62L462.40,190.12L462.93,190.59L463.30,190.79L463.65,190.77L463.91,190.53L464.43,190.16L464.82,190.17L465.50,190.80L465.66,190.70L466.10,190.12L466.36,189.96L466.56,190.05L467.60,190.97L468.88,192.29L468.95,192.32L469.11,192.50L469.09,192.93L468.83,194.81L468.96,195.06L469.15,195.09L469.63,195.13L469.90,195.31L470.01,195.62L469.82,196.07L468.62,197.14L467.38,198.13L467.13,198.42L466.73,199.10L466.51,200.12L466.41,200.63L466.43,201.22L466.40,201.95L466.46,202.70L466.38,202.97L466.20,203.27L465.77,203.68L465.47,203.85L465.20,204.11L465.08,204.53L464.59,205.89L464.79,206.23L465.47,207.23L465.56,207.61L465.52,208.05L465.54,208.68L465.77,209.32L465.79,210.65L465.73,211.41L466.15,212.85L466.05,213.70L466.17,214.39L466.66,215.02L467.59,215.92L468.02,216.70L468.71,218.50L468.15,218.57L465.13,219.07L464.78,219.28L464.63,219.48L463.83,220.76L463.80,221.38L464.18,223.47L463.80,224.64L463.50,225.66L463.54,225.96L464.00,226.56L464.83,227.40L465.28,227.68L465.80,227.70L466.24,227.24L466.61,227.05L466.74,227.24L466.77,228.03L466.80,229.46L466.76,230.01L466.39,229.99L465.03,229.90L464.69,229.69L464.30,229.05L463.74,228.32L463.33,227.96L462.85,227.71L461.96,227.45L461.58,227.17L460.85,225.75L460.64,226.10L460.11,226.78L459.75,226.87L459.42,226.76L458.50,226.60L457.58,226.35L457.09,226.15L456.51,225.14L456.33,225.21L455.19,225.50L454.99,225.44L454.82,225.09L454.45,224.71L453.78,224.62L452.54,224.47L451.55,224.61L450.69,224.87L450.08,224.88L449.88,224.68L449.87,224.43L450.07,223.52L450.07,223.06L449.77,222.44L448.92,221.44L448.80,221.23L448.78,221.01L449.08,219.98L449.15,218.92L449.04,218.32L448.74,217.71L448.79,217.36L448.97,216.66L448.92,216.48L448.60,216.38L447.37,216.48L446.49,216.49L446.27,216.33L446.33,215.85L446.15,215.62L444.13,215.70L444.02,215.70L443.93,216.06L443.96,216.65L443.67,217.54L443.49,217.95L442.49,217.96L441.60,217.84L440.58,218.08L439.70,218.12L439.40,217.95L438.76,217.16L438.17,216.09L437.63,214.68L437.57,214.10L437.45,213.58L437.37,213.46L437.05,213.35L436.66,213.33L435.56,213.33L434.68,213.36L434.05,213.36L432.74,213.32L431.80,213.26L431.01,213.28L430.58,213.31L430.26,213.41L429.37,213.48L428.67,213.79L428.11,213.85L428.00,213.84L427.67,212.91L427.69,212.86L428.43,212.56L428.41,212.48L428.51,211.59L428.60,211.44L428.92,211.24L429.50,210.68"]
        RenderPath {path} at (465.62,302.48) size 24.96x23.89 [stroke={[type=SOLID] [color=#808080] [stroke width=0.20]}] [fill={[type=SOLID] [color=#C0C0C0]}] [data="M468.57,202.65L469.85,202.60L474.50,202.60L475.95,202.57L480.61,205.14L484.17,207.12L484.30,207.50L484.19,208.05L484.26,208.29L486.69,210.05L487.75,210.85L487.52,211.28L487.10,212.61L486.96,213.63L487.07,214.18L487.73,215.16L488.50,215.74L488.48,216.02L488.21,216.38L487.84,217.42L487.88,217.59L488.19,217.63L488.30,217.86L488.13,218.55L488.11,219.50L488.52,221.29L488.70,221.85L489.11,222.32L489.93,222.87L490.33,223.14L490.50,223.37L489.35,224.20L488.83,224.54L487.61,224.95L486.37,225.51L485.92,225.54L485.27,225.12L485.00,225.03L484.79,225.36L484.25,226.12L483.85,226.27L483.43,226.21L482.47,226.22L481.50,226.24L480.99,225.95L480.67,225.55L480.44,225.47L480.32,225.60L479.67,225.95L479.15,226.04L478.13,225.89L477.23,225.88L477.03,225.32L476.90,224.55L476.85,223.97L476.71,223.02L476.26,222.18L475.60,221.64L474.59,221.53L474.36,221.55L473.98,221.14L473.25,220.79L471.67,220.22L470.40,219.62L469.67,219.36L469.41,219.15L468.71,218.51L468.02,216.70L467.59,215.92L466.65,215.03L466.17,214.40L466.05,213.70L466.15,212.85L465.72,211.41L465.79,210.65L467.04,210.30L467.43,209.77L468.07,208.56L468.76,207.71L469.11,207.44L469.15,207.23L469.00,206.99L468.73,206.86L468.33,206.79L468.12,206.58L468.27,205.61L468.58,205.59L468.98,205.43L469.12,205.26L469.22,204.78L469.05,204.29L468.69,203.40L468.57,202.65"]
        RenderPath {path} at (464.49,302.55) size 4.82x4.12 [stroke={[type=SOLID] [color=#808080] [stroke width=0.20]}] [fill={[type=SOLID] [color=#C0C0C0]}] [data="M464.79,206.24L464.59,205.90L465.08,204.54L465.20,204.11L465.47,203.86L465.77,203.69L466.20,203.27L466.26,203.32L466.81,203.54L467.24,203.49L467.70,203.07L468.25,202.67L468.57,202.65L468.69,203.40L469.05,204.29L469.22,204.78L469.12,205.26L468.98,205.43L468.58,205.59L468.27,205.61L467.72,205.64L467.21,205.80L466.82,206.36L466.66,206.45L466.26,206.58L465.47,206.26L464.79,206.24"]
        RenderPath {path} at (464.70,305.51) size 4.54x5.24 [stroke={[type=SOLID] [color=#808080] [stroke width=0.20]}] [fill={[type=SOLID] [color=#C0C0C0]}] [data="M465.79,210.65L465.77,209.32L465.54,208.69L465.52,208.05L465.56,207.62L465.48,207.23L464.79,206.24L465.47,206.26L466.26,206.58L466.66,206.45L466.82,206.36L467.21,205.80L467.72,205.64L468.27,205.61L468.12,206.58L468.33,206.79L468.73,206.86L469.00,206.99L469.15,207.23L469.11,207.44L468.76,207.71L468.07,208.56L467.43,209.77L467.04,210.30L465.79,210.65"]
        RenderPath {path} at (426.66,310.07) size 27.55x30.17 [stroke={[type=SOLID] [color=#808080] [stroke width=0.20]}] [fill={[type=SOLID] [color=#C0C0C0]}] [data="M427.24,211.21L427.78,210.79L428.46,210.28L428.81,210.15L429.51,210.68L428.92,211.25L428.61,211.45L428.51,211.59L428.41,212.48L428.43,212.57L427.69,212.87L427.83,212.24L427.75,212.00L427.24,211.21M428.00,213.84L428.11,213.86L428.67,213.80L429.37,213.48L430.27,213.42L430.58,213.32L431.02,213.29L431.80,213.27L432.74,213.32L434.05,213.37L434.68,213.37L435.56,213.33L436.66,213.34L437.05,213.35L437.37,213.46L437.45,213.59L437.57,214.11L437.63,214.69L438.17,216.10L438.77,217.17L439.40,217.96L439.70,218.12L440.58,218.09L441.60,217.84L442.50,217.97L443.49,217.96L443.67,217.55L443.96,216.66L443.93,216.06L444.02,215.71L444.13,215.71L446.15,215.63L446.33,215.85L446.28,216.33L446.49,216.50L447.37,216.48L448.60,216.39L448.92,216.49L448.97,216.67L448.80,217.36L448.74,217.72L449.04,218.32L449.15,218.93L449.08,219.99L448.79,221.02L448.81,221.23L448.92,221.44L449.77,222.44L450.07,223.06L450.07,223.53L449.87,224.43L449.88,224.69L450.08,224.88L450.69,224.88L451.55,224.62L452.54,224.47L453.78,224.62L453.56,225.96L453.76,227.02L454.03,227.35L454.12,227.60L453.98,227.97L453.55,228.41L453.42,229.00L453.30,229.09L452.78,229.05L449.38,229.14L449.32,230.02L449.34,231.36L449.32,234.61L449.33,235.46L449.36,236.05L449.45,236.49L449.76,236.88L450.23,237.32L451.59,238.71L452.20,239.34L451.27,239.56L449.31,239.94L448.26,240.14L447.55,240.06L446.38,240.12L445.98,240.04L445.63,239.83L443.60,239.86L442.90,239.83L442.28,239.68L441.88,239.36L441.58,238.99L441.17,238.90L440.18,238.88L437.59,238.89L435.95,238.87L435.32,238.86L434.03,238.85L431.83,238.87L431.19,238.72L430.73,238.41L430.28,237.93L429.98,237.85L429.48,237.93L428.89,238.22L428.11,238.73L427.36,238.27L427.01,238.42L426.76,238.61L426.80,236.80L426.79,236.00L426.76,235.35L427.16,235.01L427.38,234.74L427.64,234.03L427.80,233.30L427.98,231.90L428.22,230.93L428.54,230.01L429.13,229.34L429.31,228.78L429.58,228.42L430.22,228.20L430.49,227.87L430.91,227.19L431.27,225.99L431.33,225.33L431.28,224.48L431.09,223.52L430.89,222.98L430.40,222.28L429.92,221.50L429.65,220.73L429.79,220.23L430.27,219.85L430.43,219.70L430.53,219.27L430.53,218.79L430.33,218.21L429.84,217.52L429.40,216.79L429.20,215.76L429.01,215.34L428.74,214.97L428.07,214.00L428.00,213.85"]
        RenderPath {path} at (449.21,318.43) size 26.24x22.03 [stroke={[type=SOLID] [color=#808080] [stroke width=0.20]}] [fill={[type=SOLID] [color=#C0C0C0]}] [data="M452.20,239.34L451.59,238.71L450.23,237.32L449.76,236.88L449.45,236.49L449.36,236.05L449.33,235.46L449.32,234.61L449.34,231.36L449.32,230.02L449.38,229.14L452.78,229.05L453.30,229.09L453.42,229.00L453.55,228.41L453.98,227.97L454.12,227.60L454.03,227.35L453.76,227.02L453.56,225.96L453.78,224.62L454.46,224.72L454.82,225.10L454.99,225.45L455.19,225.50L456.33,225.21L456.51,225.14L457.09,226.16L457.58,226.35L458.50,226.60L459.42,226.76L459.75,226.88L460.12,226.79L460.64,226.11L460.85,225.75L461.58,227.18L461.96,227.46L462.85,227.72L463.33,227.97L463.75,228.32L464.31,229.05L464.69,229.70L465.04,229.91L466.39,230.00L466.76,230.01L466.80,229.46L466.77,228.03L466.74,227.24L466.61,227.06L466.24,227.25L465.80,227.70L465.28,227.69L464.84,227.41L464.00,226.57L463.54,225.96L463.50,225.67L463.80,224.65L464.18,223.47L463.81,221.38L463.83,220.76L464.63,219.49L464.79,219.29L465.13,219.07L468.15,218.57L468.71,218.51L469.41,219.15L469.68,219.36L470.41,219.62L471.67,220.22L473.25,220.79L473.98,221.14L474.37,221.55L474.92,222.43L475.36,223.29L475.37,223.62L475.19,223.89L474.48,224.23L474.47,224.36L474.51,224.95L474.42,226.63L474.50,226.99L474.71,227.16L475.23,227.42L475.30,227.62L475.10,227.86L474.63,228.12L473.84,228.38L473.69,228.72L473.60,229.48L473.30,230.29L473.50,230.77L473.76,231.18L474.15,231.30L472.89,231.83L471.19,232.40L470.26,232.80L468.09,233.38L467.91,233.51L467.90,234.01L468.05,234.47L468.14,234.91L467.63,234.81L466.63,234.86L465.84,235.12L465.20,235.66L464.89,236.20L464.87,236.78L464.70,236.98L464.42,237.09L463.42,237.15L462.80,237.36L462.49,237.70L461.72,238.63L461.15,239.37L460.33,240.32L459.98,240.37L459.17,240.20L458.75,239.89L458.42,240.02L457.90,240.31L457.49,240.33L456.90,240.12L456.63,240.02L456.48,239.85L456.32,239.82L456.13,239.67L455.67,239.28L455.38,239.22L454.29,239.13L454.20,239.03L454.04,238.97L452.20,239.34"]
        RenderPath {path} at (473.20,321.43) size 7.20x16.86 [stroke={[type=SOLID] [color=#808080] [stroke width=0.20]}] [fill={[type=SOLID] [color=#C0C0C0]}] [data="M477.23,225.87L477.01,227.06L476.90,227.54L477.15,228.46L477.33,229.47L477.48,229.88L477.72,230.15L478.52,230.74L479.71,231.90L480.16,232.56L480.30,233.04L480.15,235.39L480.11,235.80L479.89,236.01L479.46,236.09L479.14,236.10L478.91,236.32L478.83,236.94L478.91,237.45L478.94,237.93L478.85,238.21L478.66,238.10L478.10,237.63L477.34,236.52L476.85,235.97L476.62,235.55L476.65,235.34L477.15,234.73L477.27,234.50L477.30,233.81L477.20,232.85L476.98,232.37L476.71,232.31L476.04,232.38L475.34,232.51L475.07,232.30L474.73,231.89L474.34,231.34L474.15,231.30L473.75,231.17L473.49,230.77L473.29,230.29L473.59,229.48L473.69,228.72L473.83,228.38L474.62,228.12L475.10,227.86L475.29,227.62L475.22,227.42L474.71,227.15L474.49,226.99L474.42,226.63L474.51,224.95L474.47,224.36L474.48,224.23L475.19,223.89L475.37,223.62L475.36,223.29L474.92,222.43L474.36,221.55L474.59,221.53L475.60,221.64L476.26,222.18L476.71,223.02L476.85,223.96L476.90,224.55L477.03,225.31L477.23,225.87"]
        RenderPath {path} at (245.86,321.78) size 26.84x29.48 [stroke={[type=SOLID] [color=#808080] [stroke width=0.20]}] [fill={[type=SOLID] [color=#C0C0C0]}] [data="M245.93,224.31L246.87,224.45L247.99,224.75L248.35,224.72L249.30,223.90L249.63,223.93L250.11,223.95L250.53,223.71L252.00,222.60L252.87,222.11L253.23,221.96L254.17,221.88L255.45,221.90L255.49,222.65L255.41,223.27L255.35,223.89L255.39,224.71L255.53,225.35L255.86,225.94L256.68,226.86L257.78,227.80L258.09,227.90L258.88,227.92L259.23,227.89L259.91,228.14L260.60,228.45L261.35,229.05L261.65,229.15L262.53,229.19L262.63,229.20L263.01,229.98L263.41,230.28L263.63,230.37L264.78,230.29L265.41,230.41L265.95,230.58L266.35,230.82L266.44,230.99L266.40,231.55L266.60,232.58L266.63,233.29L266.77,235.32L267.02,236.26L267.17,236.37L268.14,236.41L268.64,236.42L270.26,236.44L270.95,236.46L270.99,236.76L270.73,237.60L270.80,238.16L271.23,238.57L271.96,238.93L272.28,239.41L272.58,240.18L272.61,240.68L272.42,241.85L272.18,242.68L271.80,243.45L271.38,244.11L271.29,244.03L269.34,243.04L268.99,242.98L268.06,243.00L267.22,242.99L267.09,243.12L266.02,243.33L264.91,243.49L264.13,243.69L263.80,243.73L263.47,244.12L262.77,245.22L262.49,245.56L262.36,246.07L262.37,246.71L261.99,247.90L261.59,249.00L261.45,249.32L260.85,249.21L259.52,249.14L258.84,249.14L257.80,250.93L257.39,249.84L257.05,249.53L256.68,249.34L256.14,249.27L255.62,249.32L254.72,249.35L254.10,249.16L253.91,248.99L253.59,248.81L253.29,249.08L251.27,251.16L250.22,251.17L249.95,250.99L249.55,248.84L249.27,247.87L249.06,247.31L248.29,246.20L248.04,245.52L248.09,245.17L248.52,243.61L248.51,243.33L247.74,242.59L247.49,242.07L247.30,240.85L247.00,240.21L246.44,239.46L246.29,239.21L246.27,239.07L246.14,238.77L246.09,238.29L246.21,238.06L246.93,237.45L247.22,237.01L247.20,236.49L246.60,235.32L246.58,234.84L246.74,234.50L246.95,234.14L246.60,233.29L246.70,232.84L247.23,232.26L247.46,231.92L247.61,231.58L247.38,230.68L247.32,230.15L247.46,229.30L247.61,228.78L248.05,228.05L247.97,227.81L247.05,226.16L245.94,224.32"]
        RenderPath {path} at (467.80,323.28) size 23.67x36.92 [stroke={[type=SOLID] [color=#808080] [stroke width=0.20]}] [fill={[type=SOLID] [color=#C0C0C0]}] [data="M473.58,260.04L472.24,260.05L472.05,260.11L471.98,259.73L471.72,258.84L471.79,258.34L471.72,258.05L471.62,257.72L471.65,256.92L471.71,255.62L471.64,254.85L471.49,254.18L471.16,253.23L470.72,252.54L470.54,251.60L470.24,250.40L470.09,250.21L470.53,249.83L470.93,249.42L472.61,247.71L472.72,247.49L472.63,247.12L472.71,246.28L472.94,245.80L473.67,245.12L473.88,244.78L474.05,244.37L473.45,243.52L473.33,242.72L473.22,242.23L473.35,241.94L473.80,241.35L474.00,240.93L473.87,240.13L473.78,238.99L473.75,238.20L473.57,237.38L473.13,237.00L472.62,236.77L471.45,236.43L470.41,235.98L469.75,235.76L468.31,235.75L468.17,235.61L468.15,235.12L468.14,234.91L468.05,234.47L467.90,234.00L467.91,233.51L468.10,233.38L470.26,232.80L471.19,232.40L472.89,231.83L474.15,231.30L474.35,231.34L474.73,231.89L475.07,232.29L475.34,232.51L476.04,232.37L476.72,232.31L476.98,232.37L477.20,232.85L477.30,233.81L477.27,234.50L477.16,234.73L476.66,235.34L476.62,235.55L476.86,235.97L477.34,236.52L478.10,237.63L478.67,238.10L478.85,238.21L478.95,237.92L478.92,237.44L478.84,236.93L478.91,236.31L479.14,236.10L479.46,236.08L479.90,236.01L480.11,235.80L480.15,235.39L480.31,233.04L480.17,232.56L479.71,231.90L478.52,230.73L477.72,230.15L477.48,229.88L477.33,229.47L477.16,228.45L476.90,227.54L477.01,227.06L477.23,225.87L478.13,225.89L479.15,226.04L479.68,225.95L480.32,225.60L480.44,225.47L480.67,225.55L481.00,225.94L481.51,226.24L482.47,226.22L483.43,226.21L483.86,226.27L484.25,226.12L484.79,225.36L485.00,225.03L485.28,225.11L485.93,225.53L486.37,225.50L487.62,224.94L488.83,224.54L489.35,224.20L490.51,223.36L490.64,223.53L490.85,224.01L490.66,224.59L490.36,225.04L490.16,225.30L490.34,225.75L490.47,226.47L490.46,226.93L490.64,228.05L490.54,228.63L490.28,228.95L490.66,229.66L490.81,230.15L490.80,231.27L490.80,232.09L490.84,232.27L491.03,232.40L491.36,232.48L491.37,232.75L491.21,233.24L490.64,233.82L490.83,234.21L490.75,234.49L490.33,235.05L489.53,235.96L489.02,236.58L488.30,237.23L486.93,237.98L485.45,238.64L484.73,238.86L483.42,239.45L482.57,240.08L481.28,241.53L480.39,242.38L479.20,243.25L478.02,244.09L477.75,244.22L477.72,245.18L477.63,245.67L477.69,245.80L478.41,246.34L478.60,246.72L478.43,247.17L478.35,247.35L478.81,248.86L478.88,249.43L478.94,249.58L479.18,249.60L479.36,249.47L479.50,249.38L479.54,249.99L479.31,252.21L479.02,253.03L479.35,253.22L479.50,253.28L479.47,253.61L479.32,253.92L478.80,254.48L478.10,255.02L477.44,255.36L476.17,255.77L475.38,256.08L474.69,256.31L473.79,256.84L473.14,257.50L472.80,258.01L473.10,258.35L473.68,258.69L473.73,259.01L473.58,260.04"]
        RenderPath {path} at (496.68,327.27) size 16.22x29.90 [stroke={[type=SOLID] [color=#808080] [stroke width=0.20]}] [fill={[type=SOLID] [color=#C0C0C0]}] [data="M499.85,236.17L500.39,236.10L501.02,235.73L501.20,235.75L501.54,235.85L501.81,235.77L502.21,235.40L503.12,235.26L503.43,235.54L503.73,235.51L503.83,235.32L503.66,234.96L504.43,234.42L504.86,234.22L505.18,234.45L505.57,234.23L505.26,233.74L505.47,233.46L505.97,233.03L506.20,233.33L506.43,233.38L506.99,232.79L506.83,232.59L506.58,232.18L506.67,231.89L506.92,231.90L507.18,231.83L507.36,231.49L507.06,230.62L507.12,230.28L507.38,230.23L507.49,230.30L507.74,230.74L508.02,230.84L508.23,230.43L508.92,229.91L509.15,229.54L509.29,229.09L509.45,228.40L509.32,228.04L509.32,227.82L509.86,227.35L510.22,227.67L510.67,228.32L511.28,228.60L511.42,228.80L511.64,229.65L511.93,231.47L512.03,232.13L512.26,232.92L512.65,233.65L512.81,234.12L512.77,234.49L512.70,234.64L512.65,234.74L512.11,235.55L511.89,235.42L511.70,235.05L511.14,234.31L510.85,234.45L510.80,234.87L510.99,235.75L511.39,236.27L511.46,236.67L511.16,237.30L510.41,238.31L510.37,238.76L510.41,239.65L510.23,240.60L509.52,242.71L508.69,245.29L507.44,249.07L506.12,253.55L505.60,255.12L505.41,255.38L504.90,256.02L504.70,256.13L503.33,256.23L502.33,256.56L501.86,257.02L501.05,257.11L500.68,256.65L500.49,256.50L499.94,256.32L499.57,256.39L499.30,256.34L498.44,255.62L498.34,255.38L498.32,254.81L498.21,254.57L497.75,254.21L497.63,253.93L497.63,253.21L497.97,252.12L497.88,251.79L497.59,251.31L496.97,250.38L496.78,249.89L496.86,249.22L497.25,247.85L497.48,247.64L497.95,247.46L498.72,246.09L499.41,244.91L499.51,244.59L499.66,243.48L499.55,243.13L499.27,242.90L498.92,242.54L498.98,242.35L499.24,241.85L498.72,240.98L498.60,240.31L498.53,239.81L498.30,239.09L498.32,238.98L498.84,238.29L499.20,237.69L499.36,237.26L499.37,236.18L499.86,236.17"]
        RenderPath {path} at (456.71,334.72) size 17.43x15.58 [stroke={[type=SOLID] [color=#808080] [stroke width=0.20]}] [fill={[type=SOLID] [color=#C0C0C0]}] [data="M468.14,234.91L468.15,235.12L468.17,235.62L468.31,235.76L469.75,235.76L470.41,235.98L471.45,236.43L472.62,236.78L473.13,237.00L473.57,237.38L473.75,238.20L473.78,238.99L473.87,240.13L474.00,240.94L473.80,241.35L473.35,241.94L473.22,242.23L473.33,242.72L473.45,243.53L474.05,244.37L473.88,244.78L473.67,245.12L472.94,245.80L472.71,246.29L472.63,247.12L472.72,247.49L472.61,247.71L470.93,249.42L470.53,249.83L470.09,250.22L469.74,249.99L469.20,249.87L468.76,249.84L468.23,249.99L467.92,250.00L466.93,249.60L466.33,249.46L465.61,249.44L465.54,249.40L465.36,249.30L465.05,248.85L464.57,248.50L464.02,248.33L463.08,248.19L462.73,248.04L462.21,247.17L462.05,246.60L462.08,246.04L461.95,245.80L461.17,245.82L460.97,245.72L460.86,245.51L460.91,244.97L460.80,244.80L460.25,244.54L459.72,244.32L459.15,243.99L458.59,243.50L458.21,242.84L457.96,241.88L457.49,241.28L457.07,240.80L456.80,240.35L456.90,240.12L457.49,240.33L457.90,240.31L458.42,240.03L458.75,239.90L459.17,240.21L459.98,240.37L460.33,240.33L461.16,239.38L461.72,238.64L462.50,237.70L462.80,237.36L463.42,237.16L464.42,237.10L464.71,236.98L464.88,236.78L464.89,236.20L465.21,235.66L465.84,235.12L466.64,234.87L467.64,234.82L468.14,234.91"]
        RenderPath {path} at (426.64,337.75) size 29.56x26.80 [stroke={[type=SOLID] [color=#808080] [stroke width=0.20]}] [fill={[type=SOLID] [color=#C0C0C0]}] [data="M444.67,255.52L444.67,258.95L444.70,260.85L444.72,263.09L444.67,263.30L444.21,263.62L443.67,263.92L443.09,264.42L442.66,264.45L442.08,264.28L441.33,264.24L440.44,264.29L439.92,264.25L439.63,264.04L439.57,263.51L439.53,263.17L439.34,262.94L438.70,262.60L438.37,262.47L438.04,262.58L437.93,262.80L437.61,263.22L437.03,263.49L436.88,263.56L436.42,263.07L435.38,262.06L434.92,261.46L434.56,260.43L434.21,259.71L434.08,259.21L434.20,258.95L434.25,258.61L433.79,257.89L433.56,257.03L433.71,256.17L433.71,255.68L433.17,254.36L432.67,252.12L433.45,252.10L433.49,251.42L433.41,250.67L432.95,250.66L432.97,250.60L432.87,250.08L432.61,249.57L431.59,248.29L431.25,247.74L430.15,245.58L429.31,243.96L428.41,242.45L427.42,241.18L426.91,240.14L426.79,239.74L426.74,239.19L426.76,238.61L427.00,238.41L427.36,238.27L428.11,238.73L428.89,238.22L429.48,237.93L429.98,237.85L430.28,237.93L430.73,238.41L431.19,238.71L431.83,238.87L434.03,238.85L435.32,238.86L435.95,238.87L437.59,238.89L440.18,238.87L441.17,238.90L441.58,238.99L441.88,239.36L442.28,239.68L442.90,239.83L443.60,239.85L445.62,239.83L445.97,240.04L446.38,240.12L447.55,240.06L448.26,240.14L449.31,239.94L451.27,239.56L452.20,239.34L454.04,238.98L454.21,239.03L454.29,239.13L455.38,239.22L455.68,239.28L456.13,239.67L455.32,239.99L454.43,240.01L454.15,240.15L453.15,241.09L452.94,241.12L452.32,240.34L451.28,240.48L448.31,240.95L447.13,240.97L447.14,242.18L447.13,243.47L447.10,244.35L447.06,245.55L447.06,249.11L446.48,249.15L444.91,249.21L444.77,249.23L444.66,251.89L444.65,253.09L444.67,254.71L444.67,255.52"]
        RenderPath {path} at (232.73,339.11) size 19.12x83.16 [stroke={[type=SOLID] [color=#808080] [stroke width=0.20]}] [fill={[type=SOLID] [color=#000600]}] [data="M248.45,316.58L248.15,316.68L247.26,316.59L246.72,316.30L246.48,316.28L246.17,316.45L245.75,316.84L245.25,317.04L244.10,317.13L243.75,317.22L243.39,317.42L243.12,318.04L243.01,318.39L243.07,318.92L242.91,319.54L242.80,319.69L242.35,319.72L241.82,319.82L240.86,319.41L241.53,318.77L241.85,318.33L242.43,317.93L242.46,317.78L242.09,317.60L241.82,317.48L240.46,318.02L239.45,318.01L238.91,318.17L238.71,317.83L238.83,317.64L239.79,317.37L240.06,317.40L240.85,317.19L241.29,317.07L240.69,316.91L240.10,316.91L239.33,316.91L239.32,316.50L239.59,316.19L239.58,316.00L239.13,315.93L238.78,315.49L238.12,315.87L237.45,315.70L237.74,315.17L237.78,314.99L237.40,315.03L237.04,315.18L236.62,314.78L236.41,314.67L236.82,314.39L236.94,314.21L236.85,313.93L236.79,313.86L236.44,313.89L235.67,313.47L235.53,313.41L236.38,313.21L236.63,313.05L236.73,312.76L237.13,312.39L237.18,312.16L236.54,312.22L236.28,312.32L235.97,312.25L235.71,311.58L236.28,311.18L235.72,310.81L235.60,310.39L236.35,309.93L236.21,309.51L235.53,309.93L235.44,308.41L235.84,307.82L235.65,306.99L235.66,306.77L236.26,306.79L236.67,307.03L237.38,307.10L237.55,306.86L237.55,306.70L236.66,306.25L235.79,306.40L235.47,306.22L234.94,306.28L234.92,306.05L235.26,305.72L235.28,305.47L235.22,305.39L235.40,305.18L235.94,305.20L236.17,304.82L236.18,304.60L235.46,304.21L235.10,304.09L234.21,304.13L233.88,304.03L233.86,303.54L232.92,303.70L232.80,303.60L232.93,303.45L233.96,302.93L234.21,302.82L234.61,302.41L234.88,302.02L235.71,301.96L235.98,302.17L236.04,302.51L235.39,302.71L235.07,302.99L235.18,303.49L235.29,303.55L235.48,303.45L235.75,303.06L235.93,302.97L236.18,303.07L236.14,303.39L236.20,303.89L237.08,302.90L237.24,302.22L237.30,301.57L237.54,301.20L237.62,301.14L238.25,300.92L238.04,300.85L237.61,300.71L237.55,300.55L237.65,300.28L237.90,300.20L238.47,299.96L239.07,299.53L239.34,299.07L239.28,298.84L238.88,298.68L238.22,298.29L238.17,297.91L238.31,297.67L238.41,297.21L238.35,296.38L238.72,296.05L239.40,295.78L238.96,295.20L238.91,294.41L239.04,294.26L239.60,294.10L239.65,293.78L239.54,293.50L239.22,293.41L238.95,293.22L239.18,292.89L239.27,292.57L238.87,292.39L238.59,292.38L238.43,292.48L237.96,292.89L237.41,292.95L237.32,292.95L237.03,292.75L236.87,292.27L236.47,291.54L236.34,290.84L236.53,289.93L236.66,289.52L237.39,288.78L237.92,288.01L237.91,287.69L237.37,285.93L237.37,285.32L237.46,284.76L237.38,284.32L236.86,283.43L236.82,283.13L237.05,282.93L237.55,283.03L237.73,282.94L237.93,282.80L238.03,282.66L238.44,281.37L238.69,280.89L239.00,279.95L239.18,279.30L239.84,278.50L240.20,277.77L240.40,277.14L240.66,276.19L240.97,275.50L241.15,275.37L241.43,274.99L241.44,274.70L241.13,273.85L241.21,273.66L241.66,273.21L241.87,272.87L241.90,272.63L241.81,272.41L241.64,271.60L241.35,269.51L241.25,268.65L241.28,268.09L241.69,267.52L242.06,266.99L242.27,266.42L242.28,265.69L241.94,265.17L241.84,264.76L242.13,263.80L242.35,262.86L242.48,262.30L242.94,261.71L243.11,260.79L243.35,259.82L243.48,259.01L243.56,258.45L243.50,257.36L243.92,256.69L244.13,256.20L243.91,255.27L243.86,254.43L244.01,254.20L243.99,253.28L244.22,252.67L244.10,252.37L243.73,252.29L243.79,251.97L243.74,251.57L243.97,251.37L244.37,251.17L244.51,250.75L244.50,249.93L244.59,249.34L244.77,248.42L244.77,246.08L244.60,244.00L244.55,242.46L244.36,241.49L244.21,241.10L245.06,240.83L245.32,240.53L245.55,239.60L245.70,239.40L246.29,239.21L246.44,239.46L246.99,240.21L247.30,240.85L247.49,242.07L247.74,242.59L248.50,243.33L248.52,243.62L248.08,245.17L248.04,245.52L248.29,246.20L249.06,247.31L249.27,247.87L249.55,248.85L249.95,250.99L250.22,251.17L251.26,251.17L251.37,251.22L251.58,251.36L251.74,251.52L251.65,252.15L251.11,253.61L250.75,253.87L249.40,254.40L248.59,254.77L248.38,255.08L248.63,255.90L248.21,256.62L248.20,257.20L248.32,257.63L248.66,258.08L248.69,258.31L248.41,258.68L248.25,259.06L248.37,259.57L248.90,260.04L248.91,260.27L248.76,260.58L248.42,260.60L247.63,260.69L247.30,261.52L246.84,262.36L246.23,263.05L245.95,263.49L245.13,265.33L245.29,266.80L245.35,267.56L245.22,267.74L244.73,268.01L244.44,268.35L244.05,269.55L243.90,270.52L244.18,271.15L244.59,272.30L245.37,275.12L245.43,275.81L245.35,276.22L244.27,278.07L243.95,278.67L244.04,279.08L244.23,280.14L244.15,280.46L242.82,281.57L242.58,281.88L242.44,282.96L242.46,284.12L242.71,285.22L243.14,286.15L242.94,286.30L241.99,286.83L241.86,287.00L241.81,287.31L241.30,289.73L240.98,290.28L240.88,290.65L241.01,292.48L241.24,293.35L241.25,293.77L240.65,294.09L240.48,294.26L240.38,294.54L240.47,295.76L240.59,295.89L241.15,296.00L241.24,296.65L241.05,298.11L241.30,298.70L241.56,298.88L242.35,298.99L242.65,299.16L242.64,299.35L242.40,299.55L242.07,299.68L241.35,299.71L240.59,299.86L240.77,300.03L241.35,300.33L241.91,300.71L241.92,300.93L241.16,301.72L241.10,302.82L241.26,303.85L241.04,304.75L240.83,305.18L240.60,305.45L240.00,305.61L239.72,305.83L239.47,306.61L239.92,307.25L239.85,307.44L239.55,308.66L239.25,308.92L237.52,309.93L237.25,310.23L237.21,310.67L237.49,311.98L238.00,313.11L238.22,313.15L239.18,312.87L239.83,312.75L240.02,312.99L240.25,315.28L241.03,315.85L241.70,315.89L243.11,315.84L245.93,315.97L246.77,316.18L248.16,316.55L248.45,316.58M236.64,296.77L236.25,296.66L235.82,296.63L235.61,296.46L235.48,296.23L235.68,295.77L235.84,295.12L235.75,294.60L235.76,294.19L236.12,293.46L236.94,293.35L237.30,293.67L237.34,294.00L236.66,294.44L236.51,294.67L237.00,295.44L236.81,296.50L236.64,296.77M238.18,317.94L237.73,317.76L237.82,316.92L236.97,316.99L236.89,316.62L237.11,316.27L237.93,316.37L238.44,316.17L238.65,316.27L238.70,317.08L238.43,317.42L238.18,317.94M247.80,322.06L246.77,322.16L246.30,322.05L245.75,321.81L245.33,321.81L244.85,321.91L243.91,322.14L243.42,322.17L243.54,321.83L243.75,321.52L243.64,321.20L244.55,321.05L245.98,321.11L246.41,321.43L247.12,321.43L246.50,320.74L246.19,320.58L245.63,320.46L245.45,320.37L245.27,320.40L244.93,320.06L244.70,319.66L246.31,319.08L246.27,318.78L246.10,318.63L244.28,318.92L243.99,318.70L244.25,318.22L244.40,318.06L245.47,317.54L246.34,316.90L246.76,317.18L247.91,317.24L247.90,318.39L247.80,322.06"]
        RenderPath {path} at (444.55,339.57) size 21.07x20.51 [stroke={[type=SOLID] [color=#808080] [stroke width=0.20]}] [fill={[type=SOLID] [color=#C0C0C0]}] [data="M456.13,239.67L456.32,239.82L456.48,239.85L456.64,240.02L456.90,240.12L456.80,240.34L457.07,240.79L457.49,241.27L457.96,241.88L458.21,242.84L458.59,243.50L459.15,243.99L459.72,244.31L460.25,244.53L460.80,244.80L460.91,244.97L460.86,245.51L460.97,245.72L461.17,245.82L461.95,245.80L462.08,246.04L462.05,246.60L462.21,247.16L462.73,248.04L463.08,248.19L464.02,248.33L464.57,248.49L465.05,248.84L465.36,249.29L465.54,249.39L465.23,249.80L464.84,250.13L464.33,250.37L463.58,250.45L463.28,250.56L462.58,251.39L461.99,251.97L461.63,252.20L460.88,252.55L460.50,252.91L460.39,253.55L460.17,254.21L459.92,254.45L459.29,254.81L458.31,255.14L458.06,255.35L457.84,256.06L457.49,257.02L457.21,257.38L456.97,257.51L456.39,257.62L455.96,257.60L455.48,257.66L454.97,257.65L454.15,257.45L453.41,257.13L452.43,256.49L451.89,256.45L451.55,256.64L451.47,256.88L450.88,258.01L450.50,258.48L449.85,259.10L449.22,259.53L448.42,259.90L447.60,259.94L446.74,259.98L446.37,259.89L446.26,259.70L446.27,259.22L446.51,258.61L446.67,258.08L446.46,257.32L445.92,256.37L445.20,255.59L444.67,255.52L444.67,254.71L444.65,253.09L444.66,251.89L444.77,249.23L444.92,249.20L446.48,249.15L447.07,249.10L447.06,245.54L447.11,244.34L447.13,243.47L447.14,242.18L447.13,240.96L448.32,240.94L451.28,240.47L452.33,240.34L452.95,241.11L453.15,241.08L454.15,240.15L454.43,240.00L455.32,239.98L456.13,239.67"]
        RenderPath {path} at (261.36,342.88) size 18.83x18.29 [stroke={[type=SOLID] [color=#808080] [stroke width=0.20]}] [fill={[type=SOLID] [color=#C0C0C0]}] [data="M279.29,257.30L279.31,257.53L278.76,259.10L278.39,259.57L277.38,260.31L277.08,260.58L276.73,261.09L276.12,260.73L275.77,260.63L275.54,260.66L275.15,260.83L274.40,260.96L273.69,260.97L273.13,260.87L272.14,260.54L271.53,260.52L270.34,260.85L270.15,260.79L270.22,260.58L270.64,260.15L271.13,259.76L271.24,259.56L271.03,258.94L271.08,258.71L271.70,257.86L272.32,256.66L272.34,256.39L271.40,255.89L270.75,255.71L269.30,255.01L267.67,253.90L267.00,253.60L265.82,253.39L265.33,253.15L264.49,252.57L263.91,252.01L262.64,250.63L261.86,249.72L261.64,249.38L261.45,249.32L261.60,249.00L261.99,247.89L262.38,246.71L262.36,246.07L262.49,245.56L262.77,245.22L263.47,244.12L263.80,243.73L264.13,243.69L264.91,243.49L266.02,243.32L267.09,243.12L267.22,242.99L268.06,243.00L268.99,242.98L269.34,243.04L271.30,244.03L271.38,244.11L271.64,244.52L271.72,245.18L272.24,246.05L272.35,247.01L272.21,247.88L272.13,248.60L272.12,249.32L272.49,249.36L273.31,249.51L274.24,249.73L274.58,249.70L275.29,249.29L275.41,249.28L276.13,249.56L276.97,249.97L277.10,250.40L277.58,252.93L277.84,253.49L278.06,253.54L279.35,253.10L279.58,253.21L280.08,253.55L280.09,253.69L279.77,254.44L279.48,255.27L279.25,256.09L279.23,256.87L279.29,257.29"]
        RenderPath {path} at (432.50,349.31) size 41.18x28.63 [stroke={[type=SOLID] [color=#808080] [stroke width=0.20]}] [fill={[type=SOLID] [color=#008100]}] [data="M444.67,255.52L445.20,255.59L445.92,256.37L446.46,257.32L446.67,258.08L446.51,258.62L446.27,259.23L446.26,259.70L446.37,259.89L446.74,259.98L447.59,259.94L448.42,259.90L449.22,259.53L449.85,259.11L450.50,258.48L450.88,258.01L451.47,256.88L451.55,256.64L451.88,256.45L452.43,256.49L453.41,257.14L454.15,257.45L454.97,257.65L455.48,257.66L455.95,257.60L456.39,257.62L456.97,257.51L457.21,257.38L457.49,257.03L457.84,256.06L458.06,255.35L458.30,255.14L459.29,254.81L459.92,254.45L460.17,254.21L460.39,253.55L460.49,252.91L460.88,252.56L461.63,252.20L461.99,251.97L462.58,251.39L463.28,250.56L463.58,250.45L464.33,250.37L464.84,250.13L465.22,249.80L465.54,249.39L465.61,249.43L466.33,249.46L466.92,249.60L467.92,250.00L468.23,249.98L468.75,249.84L469.20,249.86L469.74,249.99L470.08,250.21L470.24,250.40L470.54,251.60L470.72,252.54L471.16,253.23L471.49,254.17L471.64,254.85L471.71,255.62L471.65,256.92L471.62,257.72L471.72,258.05L470.27,257.46L469.99,257.66L469.33,258.64L469.05,259.21L469.05,259.53L469.44,260.21L469.74,260.67L470.20,260.99L470.87,261.10L471.47,261.10L471.55,260.51L471.61,260.31L471.92,260.12L472.05,260.11L472.24,260.05L473.58,260.04L473.39,261.23L473.04,262.08L472.86,262.27L472.45,262.36L472.36,262.61L472.56,263.14L472.46,263.61L472.21,263.96L471.64,264.42L470.72,265.00L470.13,265.75L468.74,267.73L468.11,268.56L466.87,269.93L465.68,270.99L464.85,271.86L463.41,272.89L462.04,273.98L461.48,274.36L460.49,275.00L459.82,275.30L459.04,275.40L458.06,275.39L457.51,275.46L457.38,275.82L457.39,275.94L457.28,276.03L456.83,275.93L456.28,275.80L455.97,275.82L455.72,276.02L455.45,276.33L455.23,276.44L454.87,276.39L454.10,275.98L453.34,275.81L452.80,275.80L452.49,275.91L452.11,276.18L451.62,276.08L450.98,275.87L450.68,275.97L450.05,276.01L449.46,276.23L448.73,276.77L448.01,276.85L447.57,276.84L446.90,276.75L446.16,276.83L445.59,277.02L444.76,277.85L443.51,277.27L443.42,276.76L443.20,276.58L442.72,276.52L442.44,276.61L442.18,276.13L441.84,276.07L441.69,276.33L441.66,276.52L441.35,276.41L441.23,276.18L441.49,275.69L441.60,275.27L440.74,273.91L440.42,273.63L440.28,273.40L440.46,273.23L441.09,273.19L441.26,272.77L441.32,271.95L441.16,271.28L440.98,270.76L440.36,269.62L439.61,268.59L439.14,267.69L438.53,266.30L437.89,264.84L437.31,264.02L436.88,263.55L437.03,263.48L437.61,263.21L437.93,262.80L438.04,262.58L438.37,262.46L438.70,262.59L439.34,262.94L439.53,263.16L439.57,263.51L439.63,264.04L439.92,264.25L440.44,264.29L441.33,264.24L442.08,264.28L442.66,264.45L443.09,264.41L443.67,263.91L444.21,263.61L444.67,263.29L444.72,263.09L444.70,260.84L444.67,258.95L444.67,255.51M462.46,268.50L462.87,268.46L463.07,267.90L463.70,267.56L464.74,267.26L465.00,267.06L465.58,266.05L465.85,265.73L465.99,265.48L465.89,265.26L464.92,264.52L464.59,264.18L464.17,263.91L463.86,264.00L462.87,264.36L462.22,264.69L461.70,265.25L461.43,265.69L460.74,266.30L460.86,266.71L461.44,267.57L461.72,267.94L462.46,268.50M432.95,250.66L433.41,250.67L433.49,251.42L433.45,252.09L432.68,252.11L432.60,251.76L432.57,251.36L432.86,251.07L432.96,250.66"]
        RenderPath {path} at (468.95,357.37) size 3.20x3.83 [stroke={[type=SOLID] [color=#808080] [stroke width=0.20]}] [fill={[type=SOLID] [color=#C0C0C0]}] [data="M471.72,258.05L471.79,258.34L471.72,258.84L471.98,259.73L472.05,260.11L471.92,260.12L471.61,260.31L471.55,260.51L471.47,261.10L470.87,261.11L470.20,261.00L469.74,260.67L469.44,260.21L469.05,259.53L469.05,259.21L469.33,258.64L469.99,257.66L470.27,257.46L471.72,258.05"]
        RenderPath {path} at (460.64,363.83) size 5.44x4.77 [stroke={[type=SOLID] [color=#808080] [stroke width=0.20]}] [fill={[type=SOLID] [color=#C0C0C0]}] [data="M462.46,268.50L461.72,267.94L461.44,267.57L460.86,266.72L460.74,266.31L461.43,265.70L461.70,265.26L462.21,264.69L462.86,264.36L463.86,264.00L464.17,263.92L464.59,264.18L464.92,264.52L465.89,265.26L465.99,265.49L465.85,265.73L465.58,266.05L465.00,267.06L464.73,267.26L463.70,267.56L463.07,267.91L462.87,268.46L462.46,268.50"]
        RenderPath {path} at (770.39,376.71) size 27.17x27.29 [stroke={[type=SOLID] [color=#808080] [stroke width=0.20]}] [fill={[type=SOLID] [color=#000E00]}] [data="M790.15,283.02L790.89,283.22L790.90,282.99L790.65,282.47L790.71,282.18L790.94,282.20L791.33,282.37L791.70,283.12L791.97,284.08L792.46,284.25L794.21,284.94L794.71,285.06L795.08,284.98L795.78,284.50L796.67,284.16L797.07,284.19L797.40,284.36L797.46,284.81L797.44,285.01L797.04,286.24L796.76,286.32L795.99,286.37L795.96,287.06L795.84,287.21L795.41,287.24L794.67,287.26L794.23,287.46L793.96,287.74L794.00,288.13L794.26,288.65L794.26,288.86L794.10,289.06L793.46,289.58L792.56,290.71L791.71,291.77L790.96,292.35L790.28,292.67L789.94,292.50L789.47,292.18L789.23,291.86L789.29,291.54L789.58,291.16L789.89,290.48L790.28,289.98L790.25,289.64L789.98,289.51L789.22,288.93L788.80,288.75L788.21,288.56L787.23,288.11L786.92,287.86L786.81,287.68L786.89,287.56L787.31,287.40L788.70,286.71L788.91,286.20L788.83,285.51L788.92,285.20L789.31,284.76L789.34,284.37L788.86,283.54L788.94,282.97L788.79,282.66L788.31,282.00L787.73,281.32L787.84,281.16L787.69,280.86L787.40,280.51L787.07,280.32L786.78,280.15L786.89,280.39L787.39,280.90L787.44,281.04L787.27,281.04L787.06,280.76L786.53,280.13L785.91,279.36L785.39,278.80L785.39,278.68L785.13,278.42L785.17,278.28L785.18,278.14L785.13,277.96L784.93,277.56L784.55,277.14L784.21,276.88L784.37,276.84L784.58,276.93L784.93,276.88L785.07,276.79L785.15,277.07L785.00,277.26L785.19,277.56L785.36,277.77L785.53,277.89L785.76,278.05L785.80,277.91L786.07,277.93L786.59,278.19L787.01,278.31L787.28,278.38L787.41,278.63L787.40,278.77L787.58,278.80L787.73,278.61L787.91,278.63L787.89,278.80L788.12,279.15L788.37,279.33L788.60,279.61L788.42,279.64L788.34,279.80L788.44,279.96L788.20,279.94L788.02,279.89L788.16,280.01L788.41,280.20L788.65,280.43L789.00,280.71L789.06,280.95L789.08,281.16L788.82,281.11L788.91,281.27L789.15,281.62L789.41,281.81L789.12,281.83L788.89,281.83L788.69,281.79L788.68,281.93L788.99,282.07L789.31,282.23L789.22,282.44L789.42,282.49L789.69,282.47L789.92,282.47L790.14,282.61L790.03,282.68L789.99,282.82L790.02,282.96L790.16,283.02M782.94,297.69L782.85,297.85L782.29,297.98L781.98,298.27L781.66,298.37L781.42,298.61L780.72,298.37L780.56,298.46L780.71,298.67L781.14,299.09L781.00,299.26L781.02,299.52L780.96,299.95L780.74,299.88L779.76,299.78L780.18,300.01L780.63,300.26L780.35,300.75L779.93,301.64L779.71,302.19L779.30,302.51L778.62,302.86L778.45,303.10L778.19,303.25L777.61,303.48L777.02,303.89L776.62,303.90L775.47,303.64L774.84,303.76L774.25,303.32L773.44,303.16L773.07,303.09L772.91,302.78L772.44,302.68L772.20,302.83L772.14,302.99L771.36,303.09L771.14,302.92L770.63,302.83L770.48,302.54L770.91,302.45L770.69,302.24L771.02,302.12L771.34,302.12L770.89,301.64L771.71,301.90L771.24,301.33L771.36,301.18L772.31,301.34L772.39,301.21L772.25,301.04L772.05,300.82L771.99,300.53L772.27,300.23L772.84,299.98L773.17,299.61L773.73,299.23L773.83,298.93L774.83,298.36L775.94,298.08L776.65,297.75L777.20,297.39L777.57,297.29L778.26,296.72L778.32,296.44L778.80,296.14L779.18,296.13L779.96,295.80L780.63,295.39L780.75,295.18L780.74,295.01L781.01,294.86L781.46,294.56L781.35,294.06L781.43,293.85L781.59,293.41L781.90,293.45L781.96,293.30L782.54,293.04L782.99,292.77L783.12,292.49L783.26,291.30L783.77,290.65L784.14,290.70L784.51,290.86L784.54,291.12L784.87,291.18L785.06,291.37L785.29,292.17L785.60,292.41L786.58,291.77L787.00,291.74L787.37,291.85L787.59,292.35L787.40,292.75L787.69,293.18L787.76,293.45L787.15,294.11L786.89,294.51L786.41,294.87L785.54,295.61L784.97,295.97L784.67,296.10L784.43,296.36L784.05,296.52L783.78,296.78L784.19,297.18L784.62,297.23L785.04,297.52L784.76,297.63L784.28,297.70L783.78,297.41L783.29,297.54L782.94,297.70"]
        RenderPath {path} at (237.12,348.71) size 44.41x73.85 [stroke={[type=SOLID] [color=#808080] [stroke width=0.20]}] [fill={[type=SOLID] [color=#002000]}] [data="M247.90,318.39L247.91,317.24L248.73,317.53L248.79,317.74L248.43,318.05L247.90,318.39M248.45,316.58L248.17,316.54L246.78,316.18L245.94,315.96L243.11,315.83L241.70,315.88L241.04,315.84L240.26,315.27L240.03,312.99L239.84,312.74L239.18,312.86L238.22,313.14L238.01,313.10L237.50,311.98L237.22,310.67L237.26,310.22L237.53,309.92L239.26,308.92L239.56,308.65L239.86,307.43L239.93,307.25L239.48,306.60L239.73,305.82L240.01,305.60L240.61,305.44L240.83,305.17L241.05,304.74L241.26,303.85L241.10,302.81L241.16,301.72L241.93,300.92L241.91,300.71L241.36,300.32L240.77,300.02L240.60,299.85L241.36,299.71L242.08,299.67L242.40,299.54L242.65,299.34L242.66,299.15L242.35,298.98L241.57,298.88L241.30,298.69L241.05,298.11L241.24,296.65L241.16,295.99L240.60,295.88L240.48,295.75L240.38,294.53L240.49,294.26L240.66,294.08L241.26,293.77L241.24,293.34L241.01,292.47L240.89,290.64L240.99,290.27L241.31,289.73L241.82,287.30L241.87,286.99L242.00,286.82L242.95,286.29L243.15,286.15L242.71,285.21L242.46,284.11L242.45,282.95L242.59,281.88L242.82,281.56L244.16,280.45L244.23,280.13L244.04,279.07L243.96,278.66L244.28,278.07L245.36,276.21L245.43,275.80L245.38,275.11L244.60,272.30L244.19,271.14L243.90,270.51L244.06,269.55L244.45,268.35L244.74,268.01L245.23,267.73L245.35,267.55L245.30,266.79L245.13,265.32L245.96,263.48L246.24,263.04L246.85,262.35L247.31,261.52L247.64,260.68L248.43,260.59L248.76,260.57L248.91,260.26L248.90,260.04L248.37,259.56L248.26,259.05L248.42,258.67L248.69,258.30L248.66,258.08L248.32,257.63L248.21,257.19L248.22,256.61L248.64,255.89L248.39,255.07L248.59,254.76L249.41,254.39L250.76,253.86L251.12,253.60L251.66,252.14L251.75,251.51L251.59,251.35L251.38,251.21L251.27,251.16L253.30,249.07L253.59,248.80L253.91,248.98L254.10,249.15L254.72,249.35L255.62,249.31L256.15,249.27L256.68,249.33L257.05,249.53L257.39,249.84L257.81,250.92L258.84,249.14L259.53,249.13L260.86,249.21L261.45,249.32L261.64,249.38L261.86,249.71L262.64,250.62L263.92,252.00L264.49,252.56L265.33,253.15L265.83,253.39L267.00,253.59L267.67,253.90L269.30,255.01L270.75,255.70L271.40,255.88L272.34,256.39L272.32,256.65L271.70,257.86L271.08,258.71L271.03,258.93L271.24,259.55L271.13,259.75L270.64,260.15L270.22,260.58L270.15,260.79L270.35,260.84L271.53,260.51L272.14,260.54L273.13,260.87L273.70,260.96L274.40,260.96L275.15,260.83L275.54,260.66L275.77,260.63L276.12,260.73L276.73,261.09L277.08,260.58L277.38,260.31L278.39,259.57L278.77,259.10L279.31,257.53L279.29,257.29L280.25,257.13L280.71,257.11L280.92,257.31L281.43,258.46L281.34,260.10L281.18,260.57L280.66,260.88L278.90,261.62L278.55,261.87L276.92,263.32L275.49,264.68L273.68,266.49L272.85,267.37L272.63,267.64L272.19,268.17L272.13,268.62L271.53,270.98L271.43,271.50L271.48,272.35L271.64,273.33L271.53,273.66L271.05,274.18L270.81,274.68L270.80,275.20L270.99,275.78L270.94,276.11L270.77,276.39L270.51,276.71L270.53,276.94L271.45,277.77L272.13,278.05L272.85,278.33L273.13,278.50L273.41,278.83L273.39,279.15L273.02,279.67L272.98,280.07L273.09,280.41L273.26,280.68L273.73,281.00L274.25,281.17L274.36,281.28L274.58,282.18L274.28,282.66L273.53,283.59L272.80,284.36L272.48,285.10L272.12,285.38L271.28,285.72L270.24,286.07L268.32,286.47L266.53,286.65L265.17,286.77L264.22,286.81L263.05,286.70L262.11,286.48L261.99,286.68L262.02,287.48L262.34,287.80L262.65,287.98L262.56,288.28L262.18,288.90L261.84,289.40L261.77,289.79L262.16,290.47L262.23,290.75L262.02,290.97L261.91,291.02L260.66,291.50L259.52,291.61L258.71,291.54L257.74,291.20L256.27,290.81L256.03,290.86L255.80,291.14L255.84,291.73L256.27,292.42L256.30,292.82L256.06,293.46L256.15,293.84L256.93,294.38L257.72,294.47L258.09,294.27L257.70,293.87L258.58,293.68L258.96,293.64L259.19,294.68L259.25,294.98L259.10,295.14L258.80,295.24L258.36,295.31L258.09,295.15L257.99,294.85L257.88,294.78L256.83,294.86L256.16,295.06L255.95,295.16L256.10,295.37L256.69,295.44L257.16,295.55L257.61,295.67L257.67,295.70L256.81,296.08L256.03,296.37L255.45,296.97L255.46,297.39L255.62,298.17L255.54,298.43L254.72,299.25L254.74,299.46L255.17,299.83L254.68,299.95L253.48,300.04L253.00,300.13L252.37,300.37L251.75,300.76L251.19,301.31L250.64,302.13L250.59,302.52L250.65,302.89L250.96,303.48L251.44,303.93L252.42,304.56L253.08,304.81L254.05,304.95L254.41,305.04L254.55,305.31L254.40,306.11L254.27,306.45L253.93,306.92L253.74,307.06L252.66,307.59L251.12,308.40L250.41,309.10L250.23,309.38L250.14,309.83L250.25,310.35L250.08,310.80L249.84,311.12L248.87,311.57L247.90,311.82L247.48,312.05L247.16,312.44L246.93,313.23L246.88,313.75L247.08,314.52L247.62,315.42L248.32,316.20L248.56,316.54L248.46,316.57M247.90,318.39L248.08,318.57L248.23,318.64L248.83,318.57L249.18,318.70L249.83,319.42L250.73,320.09L251.73,320.85L252.25,321.07L252.98,321.44L253.23,321.51L253.65,321.51L254.13,321.67L255.41,321.70L255.56,321.68L255.55,321.91L255.36,322.12L254.87,322.18L253.67,322.27L252.89,322.47L252.53,322.47L251.35,322.11L250.60,322.02L249.45,322.00L248.63,321.98L247.80,322.06L247.90,318.39"]
        RenderPath {path} at (346.67,152.31) size 23.94x7.16 [stroke={[type=SOLID] [color=#808080] [stroke width=0.20]}] [fill={[type=SOLID] [color=#C0C0C0]}] [data="M346.76,54.46L346.89,54.29L347.30,54.12L348.20,54.13L348.87,54.03L348.52,53.81L348.11,53.47L348.43,53.12L348.71,53.12L349.66,53.54L350.33,53.59L350.63,53.43L350.44,53.17L349.82,52.80L350.18,52.55L351.22,52.78L352.18,52.86L352.92,53.13L353.37,53.68L353.25,54.09L352.81,54.38L353.73,55.19L354.29,54.83L354.64,54.70L355.27,54.59L355.76,54.41L355.82,54.20L355.65,53.42L356.19,53.17L356.69,53.63L357.12,53.94L357.61,54.14L357.82,54.16L358.01,54.03L357.74,53.58L357.99,53.41L358.26,53.38L359.07,53.22L359.76,53.65L360.29,53.90L360.83,53.96L360.88,53.78L360.53,53.25L361.53,53.39L362.97,53.47L363.76,53.35L364.18,53.13L364.16,52.41L365.33,52.49L365.97,52.96L367.08,53.28L367.77,53.30L368.04,53.54L367.79,54.09L368.57,54.38L370.25,54.54L370.38,54.69L370.52,55.24L370.45,55.62L370.30,55.88L370.14,56.13L369.70,56.26L368.89,56.28L368.69,56.38L368.65,56.81L368.14,57.27L367.64,57.43L367.07,57.40L366.65,57.24L365.83,57.74L365.29,57.88L363.83,58.34L362.98,58.46L362.25,58.46L361.48,58.56L360.70,59.14L360.23,59.27L359.15,59.37L358.44,59.34L357.12,59.17L356.52,59.02L355.23,58.53L354.17,58.44L353.73,58.51L352.69,58.49L350.86,58.37L350.56,58.16L350.99,57.97L352.12,57.62L352.82,57.03L352.00,57.01L351.49,56.89L351.07,56.49L350.81,56.39L350.45,56.47L348.89,56.59L348.33,56.62L347.96,56.40L348.10,56.21L348.49,56.08L349.16,55.98L349.95,55.97L350.68,55.85L351.73,55.75L352.11,55.56L352.29,55.24L352.14,54.98L351.79,54.80L351.36,54.79L350.88,54.64L349.88,54.60L349.05,54.69L348.63,54.86L347.95,54.94L346.91,54.67L346.75,54.46"]
        RenderPath {path} at (452.36,167.80) size 10.87x4.58 [stroke={[type=SOLID] [color=#808080] [stroke width=0.20]}] [fill={[type=SOLID] [color=#C0C0C0]}] [data="M462.83,67.96L462.97,68.01L463.13,68.14L463.09,68.32L462.92,68.36L462.73,68.36L462.61,68.36L462.52,68.40L462.46,68.53L462.29,68.81L462.07,69.01L461.75,69.15L461.55,69.28L461.46,69.44L461.49,69.60L461.62,70.03L461.69,70.22L461.72,70.38L461.55,70.51L461.55,70.69L461.72,70.92L461.92,71.01L462.01,71.08L462.01,71.15L462.03,71.24L462.07,71.39L462.25,71.43L462.30,71.49L462.13,71.56L461.87,71.61L461.71,71.66L461.65,71.77L461.56,71.88L461.43,71.88L461.40,72.00L461.39,72.09L461.27,72.14L461.35,72.25L461.23,72.28L461.14,72.26L460.83,72.22L460.67,72.16L460.50,72.09L460.30,72.04L460.16,72.14L459.96,72.12L459.83,72.16L459.67,72.25L459.52,72.26L459.38,72.17L459.26,72.14L459.09,72.14L458.88,72.03L458.77,71.85L458.56,71.74L458.42,71.69L458.35,71.58L458.16,71.58L457.91,71.53L457.70,71.42L457.68,71.42L457.40,71.40L457.30,71.30L457.05,71.26L456.93,71.16L456.74,71.07L456.74,71.14L456.63,71.23L456.50,71.17L456.48,71.10L456.40,71.07L456.29,71.07L456.02,71.19L455.92,71.21L455.78,71.23L455.57,71.25L455.42,71.29L455.16,71.32L454.88,71.40L454.77,71.51L454.68,71.51L454.83,71.32L454.83,70.96L455.01,70.73L454.65,70.52L454.04,70.95L453.71,70.70L453.18,70.67L453.22,69.72L452.83,69.91L452.49,69.50L452.65,69.29L452.44,69.04L452.70,68.97L452.61,68.71L452.96,68.67L453.98,68.59L453.98,68.46L454.54,68.35L454.67,68.16L455.11,68.26L455.18,68.15L455.50,68.20L455.58,67.98L456.68,68.18L457.13,67.88L457.22,68.05L457.74,67.96L459.12,67.99L460.27,68.15L460.58,68.27L461.17,68.23L462.14,68.32L462.57,68.21L462.84,67.97L462.83,67.96"]
        RenderPath {path} at (446.96,170.96) size 16.35x5.52 [stroke={[type=SOLID] [color=#808080] [stroke width=0.20]}] [fill={[type=SOLID] [color=#001600]}] [data="M461.35,72.25L461.72,72.25L461.71,72.36L461.71,72.48L461.94,72.55L462.14,72.64L462.23,72.71L462.43,72.77L462.42,72.86L462.39,72.97L462.38,73.06L462.27,73.13L462.19,73.15L462.08,73.18L462.21,73.26L462.14,73.40L462.17,73.51L462.10,73.60L462.00,73.67L461.95,73.78L462.16,73.72L462.30,73.70L462.43,73.77L462.52,73.79L462.59,73.83L462.54,73.92L462.49,73.99L462.61,74.09L462.74,74.15L462.77,74.31L462.91,74.41L463.07,74.46L463.02,74.54L463.15,74.66L463.13,74.85L463.22,75.08L463.17,75.17L463.16,75.29L463.10,75.33L462.86,75.37L462.62,75.42L462.50,75.54L462.27,75.58L462.14,75.73L462.00,75.82L461.93,75.92L461.86,76.13L461.68,76.16L461.44,76.13L461.20,76.09L460.87,76.06L460.51,76.06L460.34,76.13L460.24,76.26L460.02,76.35L459.86,76.35L459.76,76.33L459.67,76.38L459.30,76.35L459.02,76.28L458.87,76.11L458.73,75.96L458.40,75.82L457.91,75.60L457.57,75.36L457.19,75.32L456.61,75.29L456.28,75.17L455.99,74.98L455.90,74.72L455.72,74.74L455.55,74.81L455.18,74.98L454.79,74.99L454.55,74.99L454.28,75.08L454.04,74.99L453.73,74.89L453.13,74.87L452.84,74.94L452.48,74.87L452.19,74.82L452.03,74.86L451.76,74.93L451.66,74.87L451.54,74.74L451.38,74.74L451.13,74.81L450.94,74.81L450.18,74.79L449.74,74.70L448.98,74.87L448.39,75.03L447.96,75.13L447.70,75.27L447.65,75.46L447.12,75.48L447.06,75.42L447.13,74.59L447.17,74.28L447.29,74.12L447.96,73.74L448.00,73.02L448.27,72.86L448.53,72.59L448.75,72.38L449.05,72.36L450.10,72.16L450.27,72.11L450.43,72.05L450.72,72.05L450.77,72.28L451.42,72.67L451.85,72.83L452.08,73.31L452.17,73.46L452.61,73.65L453.39,73.71L454.26,73.47L454.50,73.35L454.68,73.06L454.63,72.66L454.43,71.79L454.63,71.55L454.68,71.50L454.77,71.50L454.88,71.39L455.16,71.31L455.42,71.28L455.57,71.24L455.78,71.22L455.92,71.21L456.02,71.18L456.29,71.06L456.40,71.06L456.48,71.09L456.50,71.16L456.63,71.22L456.74,71.13L456.74,71.06L456.93,71.15L457.05,71.25L457.30,71.29L457.40,71.39L457.68,71.41L457.70,71.41L457.91,71.52L458.16,71.57L458.35,71.57L458.42,71.68L458.56,71.73L458.77,71.84L458.88,72.02L459.09,72.14L459.26,72.14L459.38,72.16L459.52,72.25L459.67,72.24L459.83,72.15L459.96,72.11L460.16,72.14L460.30,72.03L460.50,72.08L460.67,72.15L460.83,72.21L461.14,72.25L461.23,72.27L461.35,72.24"]
        RenderPath {path} at (447.05,174.61) size 13.03x5.85 [stroke={[type=SOLID] [color=#808080] [stroke width=0.20]}] [fill={[type=SOLID] [color=#003D00]}] [data="M451.02,79.17L450.99,79.13L450.96,78.99L450.94,78.82L451.01,78.61L451.08,78.46L451.30,78.34L451.25,78.22L451.23,78.08L451.06,78.01L450.87,77.98L450.77,77.88L450.68,77.74L450.46,77.76L450.20,77.76L449.76,77.76L449.53,77.81L449.45,77.70L448.93,77.64L448.68,77.57L448.45,77.45L448.21,77.45L448.13,77.39L448.08,77.24L447.96,77.28L447.60,77.37L447.56,77.29L447.69,77.28L447.72,77.10L447.28,76.45L447.27,76.31L447.23,75.59L447.12,75.48L447.65,75.46L447.70,75.27L447.96,75.13L448.39,75.03L448.98,74.88L449.74,74.71L450.18,74.79L450.94,74.81L451.12,74.81L451.38,74.74L451.54,74.74L451.66,74.88L451.76,74.93L452.03,74.86L452.19,74.82L452.48,74.88L452.84,74.94L453.13,74.88L453.73,74.89L454.04,75.00L454.28,75.08L454.55,75.00L454.79,75.00L455.18,74.98L455.54,74.81L455.71,74.74L455.90,74.72L455.99,74.98L456.28,75.17L456.61,75.29L457.19,75.32L457.57,75.36L457.91,75.60L458.40,75.82L458.73,75.96L458.87,76.11L459.02,76.28L459.29,76.35L459.67,76.39L459.65,76.56L459.57,76.71L459.53,76.83L459.41,76.97L459.33,77.10L459.67,77.14L459.95,77.19L460.03,77.24L459.91,77.29L459.83,77.29L459.72,77.45L459.70,77.60L459.53,77.62L459.41,77.53L459.29,77.58L459.05,77.55L458.90,77.58L458.81,77.74L458.71,77.89L458.45,77.96L458.02,77.96L457.89,78.10L457.77,78.21L457.73,78.37L457.65,78.54L457.75,78.71L457.68,78.85L457.44,79.00L457.44,79.14L457.38,79.22L457.31,79.36L457.48,79.39L457.68,79.39L457.82,79.60L457.74,79.79L457.46,79.81L457.24,79.74L457.24,79.58L457.20,79.50L457.12,79.43L456.95,79.48L456.83,79.57L456.54,79.53L456.47,79.67L456.23,79.79L456.08,79.79L455.89,79.76L455.61,79.86L455.70,80.03L455.63,80.15L455.46,80.18L455.32,80.15L455.12,80.20L454.74,80.36L454.45,80.36L454.38,80.25L454.26,80.20L454.02,80.25L453.64,80.27L453.40,80.30L453.11,80.27L452.96,80.30L452.87,80.27L452.78,80.10L452.76,80.07L452.66,79.88L452.38,79.39L451.70,79.15L451.66,79.14L451.02,79.16"]
        RenderPath {path} at (452.00,175.26) size 21.33x10.97 [stroke={[type=SOLID] [color=#808080] [stroke width=0.20]}] [fill={[type=SOLID] [color=#C0C0C0]}] [data="M452.87,80.27L452.96,80.31L453.11,80.27L453.40,80.31L453.64,80.27L454.02,80.26L454.26,80.21L454.38,80.26L454.45,80.36L454.74,80.36L455.12,80.21L455.32,80.15L455.46,80.19L455.63,80.15L455.70,80.04L455.61,79.86L455.89,79.76L456.08,79.79L456.23,79.79L456.47,79.68L456.54,79.54L456.83,79.57L456.95,79.49L457.12,79.43L457.20,79.50L457.24,79.59L457.24,79.74L457.46,79.81L457.74,79.79L457.82,79.61L457.68,79.40L457.48,79.40L457.31,79.37L457.38,79.23L457.44,79.14L457.44,79.01L457.68,78.85L457.75,78.72L457.65,78.54L457.73,78.37L457.77,78.22L457.89,78.10L458.02,77.96L458.45,77.96L458.71,77.89L458.81,77.74L458.90,77.59L459.05,77.55L459.29,77.59L459.41,77.54L459.53,77.62L459.70,77.61L459.72,77.45L459.83,77.30L459.91,77.30L460.03,77.25L459.95,77.19L459.67,77.14L459.33,77.11L459.41,76.97L459.53,76.83L459.57,76.71L459.65,76.56L459.67,76.39L459.76,76.34L459.86,76.36L460.01,76.36L460.24,76.27L460.34,76.13L460.51,76.07L460.87,76.07L461.20,76.10L461.44,76.13L461.67,76.17L461.86,76.13L461.93,75.93L462.00,75.82L462.14,75.74L462.27,75.58L462.50,75.55L462.62,75.43L462.86,75.38L463.10,75.34L463.26,75.48L463.49,75.55L463.69,75.42L463.87,75.43L464.18,75.47L464.31,75.61L464.40,75.76L464.59,75.73L464.81,75.67L465.17,75.62L465.48,75.67L465.78,75.73L465.92,75.75L465.92,75.86L465.76,75.96L465.74,76.06L465.81,76.21L465.97,76.36L466.17,76.36L466.38,76.16L466.66,76.14L466.83,76.14L466.97,76.04L467.20,75.96L467.33,76.01L467.43,76.06L467.68,76.01L468.22,76.12L468.35,76.26L468.63,76.36L468.73,76.45L468.88,76.55L469.04,76.59L469.19,76.55L469.24,76.67L469.17,76.78L469.17,76.87L469.14,77.03L469.01,77.19L469.21,77.44L469.36,77.54L469.40,77.71L469.34,77.84L469.23,77.84L469.23,77.92L469.11,78.00L469.01,78.05L468.98,78.21L468.93,78.36L469.27,78.41L469.41,78.59L469.49,78.71L469.67,78.66L469.80,78.69L469.70,78.81L469.64,78.94L469.65,79.04L469.87,79.05L470.03,79.32L470.15,79.55L470.59,79.76L470.82,79.82L471.10,79.91L471.26,80.01L471.33,80.15L471.23,80.35L471.16,80.53L471.35,80.60L471.71,80.53L472.08,80.60L472.45,80.70L472.71,80.76L472.68,80.83L472.61,80.88L472.53,80.89L472.63,81.07L472.92,81.22L473.20,81.29L473.23,81.42L473.17,81.58L472.87,81.58L472.73,81.67L472.68,81.73L472.23,81.98L471.71,82.08L471.20,82.06L471.00,81.93L470.67,81.88L470.31,81.90L470.18,82.06L470.08,82.19L470.10,82.36L470.38,82.62L470.67,82.79L470.67,82.95L470.54,83.02L470.64,83.16L470.79,83.29L470.70,83.39L470.74,83.56L470.77,83.79L470.74,83.89L470.90,83.97L470.98,84.08L471.15,84.15L471.15,84.29L470.63,84.29L470.11,84.34L470.00,84.47L469.79,84.42L469.61,84.38L469.27,84.46L469.21,84.59L469.10,84.70L468.79,84.89L468.60,85.15L468.34,85.37L468.28,85.58L468.52,85.78L468.58,85.93L468.45,86.14L468.19,86.12L468.04,86.06L467.89,85.86L467.78,85.80L467.59,85.72L467.36,85.69L467.14,85.72L466.90,85.80L466.60,85.82L466.45,85.69L466.23,85.76L466.04,85.86L465.72,85.91L465.53,85.86L465.50,85.65L465.39,85.52L465.22,85.39L465.09,85.43L464.96,85.50L464.79,85.50L464.49,85.65L464.36,85.80L464.19,85.80L464.10,85.61L463.97,85.54L463.76,85.54L463.54,85.65L463.40,85.46L463.18,85.37L463.05,85.48L462.70,85.54L462.43,85.43L462.32,85.43L462.30,85.63L462.14,85.72L462.04,85.67L462.10,85.44L461.86,85.40L461.67,85.35L461.13,85.46L461.13,85.31L460.94,85.31L460.96,85.09L460.68,85.05L460.44,85.13L459.91,85.01L459.34,84.96L459.26,84.90L458.74,84.90L458.53,84.73L458.27,84.75L457.75,84.66L457.28,84.74L456.80,84.74L456.44,84.68L456.09,84.74L455.73,84.79L455.25,84.75L454.77,84.77L454.56,84.96L454.52,85.13L454.15,85.29L453.78,85.50L453.66,85.39L453.40,85.39L453.03,85.37L452.99,85.50L452.99,85.55L452.87,85.41L453.18,84.66L453.17,84.41L452.95,84.26L452.80,84.08L452.38,83.94L452.09,83.93L452.22,83.64L452.51,83.31L453.08,83.06L453.52,83.03L453.78,82.82L453.81,82.59L453.64,82.09L453.02,80.59L452.86,80.29"]
        RenderPath {path} at (382.43,169.85) size 22.01x19.29 [stroke={[type=SOLID] [color=#808080] [stroke width=0.20]}] [fill={[type=SOLID] [color=#000F00]}] [data="M400.12,81.15L400.76,81.45L400.97,81.66L401.17,82.03L401.14,82.22L400.59,82.78L401.30,82.96L401.70,82.65L402.23,82.53L402.83,82.56L403.64,82.73L404.10,83.09L404.34,83.84L404.26,84.06L403.94,84.47L402.87,84.95L402.11,85.51L401.14,85.75L402.37,85.91L402.87,85.96L403.22,85.85L403.61,85.97L403.55,86.49L402.55,86.79L402.55,86.99L402.08,86.91L401.01,87.35L400.13,87.21L399.84,87.16L398.72,87.37L398.13,87.16L397.53,87.27L395.95,87.41L396.08,87.71L395.18,87.54L394.91,87.71L394.00,87.37L393.67,87.51L392.76,87.60L392.66,88.17L392.33,88.49L391.96,88.53L391.68,88.28L391.15,88.11L391.02,88.26L390.49,88.18L389.54,88.50L388.84,89.06L388.52,88.83L387.74,88.68L388.94,88.21L389.43,87.73L389.88,87.63L390.35,87.25L390.47,86.76L390.71,86.82L391.08,86.61L391.07,86.34L392.08,86.23L392.84,86.35L393.77,86.36L393.84,86.02L394.15,85.88L394.47,85.32L393.53,85.72L392.81,85.73L391.34,85.25L389.47,85.20L389.07,85.01L388.92,84.84L389.33,84.52L390.32,84.32L391.04,84.09L391.42,83.70L391.48,82.88L391.37,82.68L390.65,82.73L390.31,82.69L390.60,82.33L390.99,82.11L391.79,81.86L393.18,81.79L394.11,81.72L393.79,81.17L393.96,80.49L394.21,80.03L394.17,79.71L393.34,79.78L392.85,79.48L392.65,79.17L392.96,78.66L393.58,78.23L393.23,78.12L392.64,78.04L391.90,78.33L391.42,78.40L390.67,78.17L390.58,78.37L390.36,78.56L389.69,78.46L389.23,78.33L389.33,77.98L389.67,77.62L390.28,76.92L389.98,76.78L389.68,76.39L389.71,76.15L390.01,76.05L390.31,75.85L390.12,75.36L389.81,75.43L389.17,75.88L388.73,75.92L388.21,76.20L388.07,75.78L388.37,75.25L388.81,74.69L388.87,74.44L388.45,74.24L388.26,74.20L388.04,74.50L387.65,74.76L387.15,74.59L387.45,74.02L387.99,73.56L388.08,73.43L387.86,72.85L388.22,72.76L388.45,72.56L387.78,72.05L388.21,71.70L388.96,71.85L389.35,71.75L388.70,71.00L389.68,70.83L389.22,70.32L389.64,69.94L390.56,70.31L391.39,70.21L392.07,70.08L392.94,70.03L393.55,70.04L393.85,70.30L393.55,70.59L391.82,71.30L391.36,71.57L391.14,72.01L391.36,72.19L392.15,72.22L393.02,72.14L393.71,72.14L394.24,72.22L395.80,72.15L396.26,72.53L395.90,72.96L395.69,73.28L395.78,73.39L395.22,74.05L394.99,74.16L394.65,74.60L393.96,74.86L393.58,74.90L394.03,75.08L394.54,75.25L394.42,75.27L394.15,75.46L393.54,75.51L393.26,75.71L391.92,75.68L392.33,75.90L392.63,75.90L393.12,76.00L393.55,75.99L394.07,75.77L394.49,75.74L394.94,75.90L395.59,76.07L396.27,76.63L396.76,76.86L396.88,77.03L396.81,77.26L397.12,78.04L397.49,78.58L397.93,78.77L398.65,78.88L399.24,79.43L399.92,80.02L400.06,80.54L399.87,81.03L400.13,81.15M387.92,77.13L387.79,76.81L387.94,76.47L388.32,76.38L388.39,76.88L388.09,77.13L387.92,77.13M386.79,80.18L386.61,79.91L385.64,79.98L385.76,79.73L385.40,79.58L385.14,79.32L384.80,79.21L384.55,79.58L383.80,79.83L383.02,79.64L382.62,79.36L382.52,79.09L383.38,78.81L382.90,78.55L383.71,78.44L384.10,77.96L384.07,77.73L384.52,77.64L385.03,77.49L385.81,77.41L386.23,77.45L386.62,77.56L386.98,77.51L387.20,77.66L387.72,78.45L387.77,78.63L387.69,78.93L387.99,79.37L387.84,79.70L387.44,80.03L387.08,80.15L386.79,80.19"]
        RenderPath {path} at (503.97,176.81) size 90.91x33.05 [stroke={[type=SOLID] [color=#808080] [stroke width=0.20]}] [fill={[type=SOLID] [color=#C0C0C0]}] [data="M578.94,106.22L578.53,105.84L578.07,105.74L577.40,105.74L577.21,105.47L576.94,105.33L576.79,104.98L576.23,105.03L575.25,104.79L574.58,104.86L573.23,104.84L572.57,104.74L571.86,104.52L571.08,104.66L570.31,104.66L569.46,104.69L569.02,104.96L568.47,104.86L567.57,104.66L566.83,104.42L566.07,104.15L565.48,104.07L564.79,104.20L564.33,104.57L564.08,105.30L564.11,105.74L563.76,105.62L562.95,105.50L562.27,105.30L561.38,105.06L560.50,104.91L559.84,105.01L559.10,105.13L558.78,105.50L558.39,105.94L558.43,106.21L558.11,106.24L557.73,106.62L557.45,106.50L557.23,106.56L556.89,106.84L556.35,107.31L555.60,107.50L554.65,107.88L554.37,108.07L554.15,108.54L553.71,108.73L553.21,109.17L553.36,109.57L553.24,109.76L552.58,109.76L552.14,109.42L552.20,109.13L552.14,108.85L551.70,108.54L551.35,108.54L550.35,108.63L549.66,108.66L549.15,108.60L548.81,107.53L548.59,106.71L547.58,106.71L547.55,105.96L547.74,105.55L547.77,104.51L547.11,104.83L546.45,103.82L545.85,103.60L545.13,102.88L544.03,103.29L541.26,103.10L538.68,103.44L536.67,101.78L530.95,98.79L525.29,100.08L525.23,108.26L525.08,108.24L524.73,108.35L524.25,108.39L523.80,108.14L523.16,107.43L522.91,106.92L522.29,106.54L521.61,106.16L521.09,105.92L520.12,106.01L518.84,106.31L517.90,106.84L517.37,107.29L517.47,106.89L517.41,106.71L517.28,106.59L517.42,106.33L517.62,106.13L517.77,105.81L517.80,105.51L517.98,105.31L517.83,105.07L517.43,104.91L516.97,104.97L516.79,104.81L516.49,104.87L516.29,104.91L516.09,104.73L515.87,104.41L515.55,104.13L515.21,104.13L514.85,104.15L514.85,103.95L514.93,103.67L514.73,103.29L514.49,103.17L514.29,102.93L513.89,102.13L513.81,101.85L513.25,101.73L512.55,101.65L512.41,101.49L512.43,101.05L512.59,100.93L512.89,100.87L513.29,100.89L513.63,100.91L514.11,101.05L514.65,101.23L514.83,101.15L515.19,101.07L514.99,100.91L514.73,100.79L514.33,100.59L514.13,100.35L514.39,99.99L514.67,99.95L514.75,99.69L514.93,99.39L515.05,99.25L515.31,99.29L515.63,99.21L515.79,99.11L516.13,99.24L516.37,99.24L517.49,99.19L518.49,99.33L518.98,99.36L518.83,99.28L518.49,99.07L518.01,98.96L517.99,98.65L518.19,98.46L518.47,98.24L518.69,97.96L518.80,97.43L518.92,97.15L518.77,96.92L518.62,96.75L518.72,96.56L518.98,96.36L518.87,96.24L518.77,95.93L518.41,95.82L518.05,95.78L517.37,95.68L517.17,95.83L516.97,95.92L516.45,96.00L515.99,95.88L515.67,95.61L515.41,95.56L514.73,95.43L514.17,95.50L513.51,95.81L513.09,95.83L512.29,96.33L511.57,96.61L511.07,96.67L510.65,96.65L510.37,96.89L510.16,97.07L509.54,96.88L508.69,96.51L508.62,96.20L508.96,96.10L509.27,96.20L509.72,96.30L509.85,96.20L508.89,95.07L508.55,94.55L508.07,94.35L507.56,93.90L507.04,93.87L506.70,93.90L506.12,93.70L506.01,94.04L505.50,93.53L505.57,93.22L505.43,92.84L504.06,92.50L504.71,91.33L505.16,91.06L505.39,90.85L505.16,90.58L504.81,90.41L505.02,89.10L505.84,88.97L506.18,88.42L506.29,88.11L506.70,88.04L507.21,88.28L507.69,88.83L508.21,89.24L508.86,89.24L509.27,89.00L509.34,88.55L509.17,88.14L509.10,87.70L509.58,87.49L510.47,87.08L510.64,86.84L510.95,86.53L511.46,86.36L512.01,86.29L512.80,85.92L513.35,85.57L513.86,85.26L514.51,85.33L514.99,85.33L515.30,85.61L515.95,85.47L516.22,85.33L516.84,85.09L517.25,85.16L517.66,85.68L518.45,85.71L519.07,85.64L520.03,85.81L520.03,86.16L520.61,86.36L521.40,86.71L521.81,86.98L521.88,87.56L522.15,87.70L522.39,87.43L522.19,86.94L522.15,86.71L522.87,86.77L523.46,87.32L524.14,87.46L524.55,87.70L525.24,87.53L525.51,87.25L525.89,86.91L526.40,86.53L527.23,86.60L527.88,86.64L528.53,87.05L529.14,86.98L529.28,86.57L530.34,86.46L531.10,86.57L531.37,87.11L532.30,87.42L533.05,87.56L533.46,87.73L534.11,87.39L534.28,87.08L534.52,87.08L534.87,87.42L535.83,87.46L537.40,87.05L537.54,86.74L537.68,86.05L537.44,85.81L536.27,85.64L536.00,85.33L535.35,85.26L534.97,85.13L535.04,84.96L534.66,84.82L534.42,84.82L534.26,84.54L534.73,84.48L535.46,84.11L536.05,83.96L536.38,83.67L535.94,83.19L535.79,82.93L536.46,82.42L537.15,82.23L538.26,82.38L538.77,82.31L538.88,82.05L537.92,81.76L536.86,81.65L536.86,81.32L537.15,81.24L536.86,81.02L536.79,80.58L536.97,80.07L537.30,79.99L538.37,80.14L538.88,80.14L539.65,80.14L540.02,79.95L541.42,79.55L542.45,79.51L543.18,79.40L544.73,79.29L545.32,79.22L545.65,79.29L545.87,78.96L546.49,78.63L547.67,78.59L549.69,78.19L551.57,78.11L552.19,78.04L552.56,77.67L552.56,77.39L553.07,77.35L553.66,77.17L553.77,76.95L554.51,76.91L555.43,77.06L555.94,77.17L556.71,77.43L557.34,77.32L558.22,77.28L558.59,77.68L558.55,78.01L558.70,78.23L559.21,78.45L559.10,78.79L558.96,79.04L559.03,79.37L558.70,79.41L558.88,79.67L559.36,79.74L559.66,79.59L560.10,79.70L560.46,79.56L560.83,79.63L561.16,79.41L561.46,79.52L561.75,79.89L562.12,80.11L562.27,79.96L562.45,79.82L562.93,79.85L563.33,80.15L563.81,80.26L564.25,80.04L564.62,80.04L564.47,80.33L564.03,80.51L563.70,80.95L564.03,81.14L564.47,81.03L565.24,80.96L565.68,80.99L566.24,81.18L566.53,80.88L567.30,80.44L568.41,80.18L569.36,79.67L570.13,79.45L570.65,79.23L571.46,79.15L571.46,79.60L570.94,79.71L570.83,80.07L571.94,80.66L572.74,80.96L574.03,81.73L575.10,82.76L576.79,84.89L577.63,85.77L578.74,87.21L579.25,86.95L579.58,86.69L579.95,86.18L580.87,86.18L581.24,86.51L581.24,86.88L581.72,86.88L581.97,87.13L582.16,87.32L582.75,87.32L583.74,87.32L584.73,87.10L585.50,86.87L586.50,86.84L587.19,87.28L587.97,87.87L588.30,88.49L589.25,88.64L589.84,89.19L590.50,89.89L591.39,89.96L592.38,90.04L592.86,89.67L593.48,89.48L593.41,89.82L593.85,90.15L594.14,90.62L594.73,90.62L594.80,90.77L594.24,90.80L593.70,90.95L593.42,91.21L593.41,91.49L593.38,91.97L593.07,92.18L592.78,92.25L591.58,92.34L591.16,92.61L590.82,93.20L590.91,93.95L591.13,94.65L590.97,95.04L590.53,95.43L590.11,95.54L589.39,95.60L587.99,95.52L587.39,95.38L586.67,95.24L585.58,94.99L585.15,95.49L584.63,96.63L584.20,97.43L583.91,98.04L583.78,98.45L584.40,98.97L584.53,99.25L584.37,99.50L584.14,99.64L583.74,99.72L582.61,99.48L582.11,99.29L581.76,99.36L580.68,99.56L578.88,99.82L578.49,100.00L578.27,100.31L578.20,100.52L578.44,100.71L578.80,100.65L579.28,100.79L579.32,102.14L579.66,102.77L579.95,103.21L580.07,103.68L579.85,104.01L579.14,104.56L578.82,104.96L578.80,105.36L578.94,106.22"]
        RenderPath {path} at (377.15,177.21) size 10.09x8.68 [stroke={[type=SOLID] [color=#808080] [stroke width=0.20]}] [fill={[type=SOLID] [color=#001700]}] [data="M386.79,80.18L386.48,80.22L386.26,80.31L386.50,80.56L386.86,81.33L387.15,82.55L387.09,82.83L386.73,83.17L386.49,83.58L386.34,84.06L386.16,84.10L385.87,84.04L385.26,84.07L385.11,84.29L384.19,84.33L383.35,84.46L383.11,84.60L382.45,84.89L381.54,85.39L380.91,85.42L380.04,85.71L378.76,85.79L378.81,85.41L378.72,84.97L377.87,85.07L377.70,84.58L378.43,84.33L377.25,84.31L377.31,84.08L378.60,84.10L378.79,84.00L378.83,83.78L378.94,83.47L379.45,83.33L380.15,83.30L380.28,83.02L379.21,83.12L379.59,82.68L379.41,82.52L379.89,82.06L380.58,82.04L380.74,81.96L380.57,81.64L380.22,81.82L379.91,81.69L379.60,81.72L379.20,81.54L378.79,81.54L378.61,81.65L378.00,81.48L378.31,81.17L378.02,81.03L378.78,80.90L378.64,80.60L379.03,80.37L378.55,80.15L377.96,80.28L378.00,79.79L378.38,79.52L378.60,79.36L379.52,79.55L379.86,79.48L380.39,79.51L381.49,79.64L381.27,79.28L382.13,79.00L382.33,78.68L380.96,78.68L381.11,78.53L381.68,78.42L381.74,78.13L382.03,77.65L382.54,77.47L383.34,77.30L383.56,77.61L383.92,77.75L384.07,77.72L384.10,77.96L383.71,78.44L382.90,78.55L383.38,78.81L382.52,79.08L382.62,79.36L383.02,79.64L383.80,79.83L384.55,79.57L384.80,79.21L385.14,79.32L385.40,79.57L385.76,79.72L385.64,79.98L386.61,79.91L386.79,80.18"]
        RenderPath {path} at (449.61,183.56) size 40.25x17.75 [stroke={[type=SOLID] [color=#808080] [stroke width=0.20]}] [fill={[type=SOLID] [color=#C0C0C0]}] [data="M453.00,85.54L453.00,85.49L453.04,85.36L453.41,85.38L453.67,85.38L453.78,85.49L454.15,85.28L454.53,85.12L454.57,84.95L454.77,84.76L455.26,84.74L455.74,84.78L456.10,84.72L456.45,84.67L456.80,84.72L457.29,84.72L457.76,84.65L458.28,84.74L458.54,84.72L458.74,84.89L459.27,84.89L459.34,84.95L459.92,85.00L460.44,85.11L460.68,85.04L460.96,85.08L460.95,85.30L461.13,85.30L461.13,85.45L461.67,85.34L461.86,85.39L462.10,85.43L462.05,85.66L462.14,85.71L462.31,85.62L462.33,85.41L462.44,85.41L462.70,85.53L463.06,85.47L463.19,85.36L463.41,85.45L463.54,85.64L463.77,85.53L463.97,85.53L464.10,85.60L464.20,85.79L464.36,85.79L464.49,85.64L464.79,85.49L464.96,85.49L465.09,85.42L465.22,85.38L465.39,85.51L465.50,85.64L465.54,85.84L465.73,85.90L466.04,85.84L466.23,85.75L466.46,85.68L466.61,85.81L466.90,85.79L467.15,85.71L467.37,85.68L467.60,85.71L467.78,85.79L467.89,85.84L468.04,86.05L468.19,86.11L468.45,86.12L468.58,85.92L468.53,85.77L468.29,85.57L468.34,85.36L468.60,85.14L468.79,84.87L469.11,84.69L469.22,84.57L469.28,84.44L469.61,84.37L469.80,84.41L470.00,84.46L470.12,84.33L470.64,84.28L471.16,84.28L471.51,84.37L471.98,84.39L472.30,84.24L472.48,83.94L472.61,83.68L473.14,83.92L473.68,83.90L474.35,83.68L475.04,83.79L475.56,83.66L475.76,83.92L476.07,84.06L476.32,84.39L476.45,84.59L476.70,84.75L477.01,84.91L477.01,85.17L476.70,85.15L476.38,85.29L476.52,85.58L476.63,85.93L476.90,86.22L477.55,86.22L477.70,86.34L478.21,86.27L478.60,86.29L478.60,86.60L479.00,86.60L479.00,86.96L479.22,87.23L479.31,87.47L479.22,87.65L479.31,87.88L479.49,87.97L479.78,88.26L480.05,88.08L480.52,88.01L480.79,88.08L481.26,88.37L481.46,88.30L481.64,88.32L481.81,88.48L482.24,88.37L482.55,88.25L482.82,88.25L483.36,88.12L483.71,88.05L483.82,88.21L484.09,88.39L484.09,88.52L484.29,88.70L484.32,88.84L484.72,88.88L484.90,89.06L485.12,89.17L485.41,89.04L485.45,88.88L485.68,88.81L485.97,89.08L486.39,89.15L486.86,89.26L487.13,89.37L487.49,89.31L487.69,89.48L487.98,89.57L488.45,89.60L488.56,89.82L488.92,89.97L489.19,89.97L489.32,89.93L489.52,89.84L489.68,89.93L489.59,90.04L489.57,90.22L489.68,90.31L489.77,90.49L489.72,90.71L489.52,90.80L489.36,90.87L489.01,91.07L488.70,91.11L488.92,91.36L489.19,91.45L489.48,91.49L489.34,91.65L489.03,91.65L488.79,91.65L488.74,91.83L488.70,92.05L488.85,92.12L489.03,92.19L489.08,92.32L489.12,92.50L489.21,92.70L489.28,92.77L489.12,93.26L488.96,93.55L488.96,93.71L488.63,93.84L487.83,93.68L487.09,93.73L486.82,93.73L486.80,93.91L486.58,94.08L486.20,94.22L485.84,94.24L485.61,94.33L485.52,94.84L485.52,95.07L485.50,95.18L485.49,95.31L484.71,95.41L483.74,95.47L483.23,95.88L482.50,96.06L481.37,96.14L480.25,96.39L479.74,96.71L479.28,96.76L478.83,96.45L478.46,97.07L478.15,97.26L477.67,97.30L477.23,97.24L476.28,97.28L475.78,97.43L476.42,97.72L478.37,98.73L478.43,98.90L478.33,99.09L478.50,99.33L479.06,99.37L479.57,99.24L480.24,99.10L481.30,99.11L481.74,99.22L481.50,99.48L481.39,99.73L481.17,99.87L480.59,99.99L480.28,100.02L479.69,99.86L479.21,99.90L478.51,100.39L477.50,100.44L476.96,100.62L476.43,101.11L476.16,101.21L475.38,101.14L474.79,100.97L475.15,100.23L475.06,99.81L474.79,99.52L473.94,99.24L473.75,99.22L473.12,99.24L472.97,99.28L472.81,99.10L473.69,98.59L474.34,98.33L475.11,98.14L475.33,98.03L475.08,97.57L474.65,97.50L473.85,97.54L472.84,97.58L472.14,97.48L471.94,97.38L471.52,96.95L472.11,96.55L471.58,95.94L471.20,96.30L470.66,96.30L469.66,96.45L469.10,96.58L468.40,97.30L467.40,98.17L466.64,98.37L466.42,98.42L466.14,98.92L466.21,99.08L466.39,99.17L465.69,99.04L465.02,99.30L464.56,99.30L464.53,99.49L463.92,99.44L463.52,99.28L463.40,99.03L463.26,99.05L463.31,98.97L463.41,98.95L463.54,98.96L463.65,98.97L463.84,98.97L463.93,98.86L463.93,98.77L463.86,98.66L463.89,98.54L464.02,98.48L464.07,98.42L464.14,98.40L464.23,98.38L464.32,98.32L464.41,98.23L464.43,98.10L464.42,97.99L464.56,97.98L464.85,97.91L464.92,97.84L464.90,97.75L464.84,97.66L464.96,97.55L465.00,97.48L464.99,97.40L464.87,97.28L464.92,97.18L464.84,97.03L464.77,96.93L464.98,96.78L465.21,96.75L465.34,96.67L465.45,96.69L465.47,96.78L465.45,96.99L465.52,97.01L465.63,97.01L465.63,96.92L465.62,96.86L465.72,96.89L465.78,96.95L465.81,96.87L465.88,96.83L466.02,96.82L466.02,96.89L466.11,96.96L466.18,96.96L466.31,97.12L466.39,97.05L466.46,96.97L466.47,96.92L466.58,96.89L466.75,96.89L466.71,97.08L466.89,97.11L466.93,97.07L466.97,97.03L467.11,97.05L467.33,97.05L467.37,97.02L467.45,96.94L467.32,96.93L467.16,96.81L467.05,96.75L466.98,96.71L466.99,96.67L467.09,96.60L467.07,96.49L467.11,96.39L467.09,96.26L467.04,96.12L466.94,96.06L466.77,95.99L466.69,95.99L466.54,95.86L466.39,95.80L466.24,95.76L466.29,95.61L466.33,95.52L466.29,95.47L466.16,95.51L466.10,95.39L466.21,95.36L466.20,95.17L466.29,95.09L466.26,94.99L466.23,94.90L466.11,94.90L466.01,94.95L465.92,95.00L465.81,94.92L465.72,94.81L465.53,94.71L465.39,94.69L465.29,94.55L465.24,94.41L465.42,94.27L465.42,94.08L465.44,93.97L465.49,93.92L465.37,93.86L465.53,93.70L465.42,93.68L465.34,93.62L465.28,93.49L465.14,93.48L465.08,93.58L464.95,93.55L464.74,93.53L464.61,93.34L464.56,93.15L464.14,93.07L463.87,93.09L463.80,93.14L463.73,93.24L463.67,93.19L463.67,93.11L463.58,93.09L463.48,93.13L463.52,93.08L463.60,92.97L463.58,92.91L463.46,92.91L463.29,92.95L463.16,92.93L463.06,92.94L462.98,92.86L462.93,92.80L462.83,92.74L462.68,92.72L462.54,92.67L462.40,92.55L462.19,92.46L462.15,92.45L462.03,92.47L461.98,92.50L461.86,92.44L461.77,92.42L461.64,92.44L461.46,92.50L461.28,92.47L461.22,92.51L461.09,92.62L460.89,92.62L460.63,92.58L460.50,92.64L460.18,92.52L460.10,92.62L460.11,92.74L459.98,92.74L459.91,92.67L459.78,92.79L459.72,92.84L459.09,92.92L458.94,93.23L458.66,93.41L456.67,93.60L456.48,93.81L456.24,93.93L455.90,93.99L455.71,93.77L455.38,93.77L455.36,93.54L455.00,93.58L453.88,93.52L452.92,93.32L452.68,93.43L451.89,93.31L451.76,93.40L451.08,93.01L450.53,92.81L449.86,92.51L449.69,92.52L450.74,91.05L451.39,91.07L451.04,90.69L451.00,90.14L451.08,89.83L452.59,88.61L453.19,88.21L453.48,88.03L453.90,88.02L454.16,87.78L454.17,87.46L453.84,87.16L453.93,87.03L454.22,86.98L453.91,86.79L453.09,85.95L453.17,85.71L453.01,85.54"]
        RenderPath {path} at (595.75,184.35) size 71.17x23.43 [stroke={[type=SOLID] [color=#808080] [stroke width=0.20]}] [fill={[type=SOLID] [color=#C0C0C0]}] [data="M660.04,89.13L659.75,89.44L659.06,90.65L657.84,92.61L657.46,93.19L657.73,94.02L657.78,94.05L658.12,94.01L659.05,93.61L659.80,93.55L660.38,93.53L660.70,93.62L661.13,94.03L661.42,94.10L662.61,93.32L663.05,93.32L663.97,93.53L664.51,93.73L665.31,94.23L666.19,95.22L666.79,95.72L666.84,95.99L666.73,96.21L666.32,96.43L665.85,96.30L664.78,96.29L664.34,96.19L663.49,96.22L662.55,96.45L662.02,96.59L661.18,96.87L660.83,97.06L660.35,96.93L659.88,96.98L659.41,97.18L659.05,97.51L658.74,98.33L658.50,98.55L658.15,98.74L657.51,98.99L656.62,99.12L655.99,99.07L655.55,99.05L655.33,99.04L654.14,99.95L653.40,100.38L652.65,100.43L651.67,100.44L651.08,100.31L650.41,99.93L649.69,99.78L649.38,99.85L648.92,100.08L648.38,100.67L648.17,101.07L648.17,101.41L648.56,101.98L649.16,102.39L649.35,102.62L649.22,102.89L648.90,103.15L647.63,103.44L646.96,103.83L645.85,104.88L645.59,105.05L643.65,105.79L642.99,105.85L642.01,105.77L640.49,105.83L639.15,105.84L637.95,106.19L637.13,106.48L636.40,106.75L636.09,106.85L634.66,107.39L633.97,107.68L633.49,107.69L633.05,107.50L632.80,107.20L632.19,107.13L631.53,107.19L630.60,107.07L629.00,106.64L627.99,106.27L627.18,105.72L626.66,105.55L624.97,105.43L623.80,105.41L622.87,105.39L620.01,105.45L618.84,105.43L618.04,105.32L616.80,105.11L614.82,105.09L614.38,104.84L613.91,104.40L612.34,102.24L612.23,101.69L611.49,101.60L610.65,101.29L609.01,100.48L608.37,100.21L607.38,99.99L606.71,99.91L605.71,99.87L604.21,99.85L603.15,99.67L602.42,99.36L602.19,99.13L602.08,98.70L602.12,98.57L602.49,98.22L602.70,97.83L602.94,97.08L603.15,96.64L602.75,95.97L601.68,94.52L601.11,93.91L600.76,93.76L600.13,93.62L599.40,93.45L598.78,93.38L597.95,92.97L596.65,92.22L596.28,91.79L596.04,91.23L595.91,90.82L595.84,90.68L596.00,90.63L596.80,90.21L597.40,90.00L598.78,89.92L599.39,89.77L600.11,89.39L600.13,89.38L601.10,88.69L601.89,88.29L603.03,87.95L604.54,87.47L605.38,87.29L606.34,87.39L607.27,87.55L609.11,87.67L609.94,87.75L610.63,88.51L611.03,88.91L611.73,89.03L613.18,89.02L613.90,89.10L614.75,89.10L615.63,89.16L615.94,89.28L616.52,89.46L617.08,89.45L617.83,89.17L618.14,89.00L618.89,88.43L619.05,87.91L618.93,87.70L618.54,87.40L618.13,86.54L618.23,86.25L619.13,85.41L620.40,84.45L621.24,84.65L622.27,84.75L623.30,84.93L625.05,85.26L625.76,85.49L626.74,85.81L627.51,85.95L627.66,86.15L627.66,86.69L627.84,87.18L628.25,87.63L628.67,87.96L630.31,88.49L630.99,88.60L633.47,88.07L634.26,87.99L635.43,88.03L636.86,88.05L637.63,88.28L638.96,89.03L639.58,89.36L640.72,89.67L641.53,90.04L642.84,90.30L643.75,90.54L644.73,90.62L645.47,90.66L647.08,90.55L648.09,90.49L648.62,90.41L649.49,90.31L650.64,90.17L651.16,90.01L651.77,89.74L652.22,89.35L652.97,88.85L654.14,88.36L654.47,88.36L655.08,88.31L655.82,88.47L656.57,88.98L656.91,89.11L657.77,89.27L659.00,88.98L659.62,88.96L660.05,89.13"]
        RenderPath {path} at (406.14,185.59) size 8.51x4.64 [stroke={[type=SOLID] [color=#808080] [stroke width=0.20]}] [fill={[type=SOLID] [color=#000600]}] [data="M406.18,86.55L407.23,86.06L407.72,85.97L408.29,86.06L408.76,86.04L408.97,85.89L409.44,85.99L409.85,86.03L410.37,86.00L410.35,85.84L410.65,85.85L410.96,85.85L411.23,85.67L411.54,85.91L411.71,85.79L411.94,85.85L412.23,86.23L412.77,86.12L413.52,86.49L413.41,86.92L413.24,87.01L413.24,87.35L413.91,87.33L414.26,87.50L414.54,87.87L414.58,88.34L414.15,88.71L413.93,88.64L413.79,88.72L413.54,88.87L413.33,89.19L413.35,89.52L413.66,89.72L413.52,90.07L413.44,89.96L412.75,90.13L412.62,89.90L412.25,89.70L411.91,89.51L411.38,89.46L411.42,89.23L411.27,89.05L411.39,88.68L411.15,88.75L410.95,89.06L410.51,89.10L410.10,89.17L409.82,89.05L409.89,88.85L409.80,88.68L409.96,88.44L409.58,88.27L409.01,88.22L408.75,88.23L408.59,87.93L408.07,87.94L407.88,87.81L407.67,87.35L407.52,87.18L407.11,87.39L406.97,87.46L406.70,87.33L406.39,87.00L406.18,86.55"]
        RenderPath {path} at (438.08,189.73) size 12.74x4.06 [stroke={[type=SOLID] [color=#808080] [stroke width=0.20]}] [fill={[type=SOLID] [color=#003800]}] [data="M438.22,91.95L438.26,91.91L438.32,91.80L438.34,91.67L438.43,91.61L438.58,91.49L438.60,91.45L438.77,91.39L438.87,91.37L438.96,91.42L439.09,91.47L439.25,91.47L439.31,91.45L439.41,91.45L439.47,91.47L439.54,91.50L439.63,91.47L439.77,91.43L439.91,91.43L440.02,91.38L440.10,91.33L440.17,91.30L440.27,91.28L440.31,91.28L440.37,91.20L440.41,91.11L440.48,91.03L440.58,91.05L440.68,91.01L440.83,90.95L440.88,90.84L440.93,90.76L440.96,90.63L440.98,90.54L441.04,90.45L441.16,90.43L441.26,90.42L441.39,90.34L441.51,90.29L441.63,90.20L441.68,90.12L441.82,90.05L441.88,90.01L442.00,90.00L442.14,90.01L442.25,90.04L442.32,90.00L442.38,89.93L442.45,89.94L442.74,89.98L442.77,90.21L443.20,90.16L443.38,89.92L443.57,89.94L443.64,89.83L443.90,89.80L444.09,90.04L444.16,90.21L444.49,90.19L444.56,90.37L444.53,90.45L444.54,90.65L444.93,90.57L445.11,90.69L445.26,90.56L445.36,90.38L445.92,90.18L446.08,90.23L446.57,90.19L447.03,90.44L447.40,90.26L447.47,90.12L447.98,90.16L448.54,90.09L448.67,90.22L449.38,90.40L449.48,90.62L449.90,90.72L450.73,91.05L449.69,92.52L449.06,92.60L448.62,92.46L448.09,92.10L447.02,92.13L446.31,92.18L445.28,92.94L444.86,93.00L444.27,92.93L443.77,92.99L443.01,93.12L442.75,93.12L442.42,93.69L440.77,93.66L440.35,93.63L439.74,93.46L439.34,93.29L439.09,93.43L438.33,92.89L438.18,92.63L438.27,92.04L438.22,91.95"]
        RenderPath {path} at (436.62,192.01) size 15.19x6.48 [stroke={[type=SOLID] [color=#808080] [stroke width=0.20]}] [fill={[type=SOLID] [color=#002B00]}] [data="M442.39,98.11L441.80,98.31L441.37,98.35L440.70,98.39L440.12,98.29L439.01,97.62L437.59,97.01L437.38,96.81L437.01,96.48L436.71,95.89L437.06,95.59L437.21,95.30L437.01,95.11L437.05,94.74L437.45,94.67L437.61,94.47L437.48,94.27L437.02,94.21L437.25,94.01L437.57,94.01L437.74,94.14L438.44,94.09L438.46,93.72L439.09,93.43L439.34,93.29L439.74,93.46L440.35,93.63L440.77,93.66L442.42,93.69L442.75,93.12L443.01,93.12L443.77,92.99L444.27,92.93L444.86,93.00L445.28,92.94L446.31,92.18L447.02,92.13L448.09,92.10L448.62,92.46L449.06,92.60L449.69,92.52L449.85,92.51L450.52,92.81L451.08,93.01L451.75,93.39L451.30,93.73L450.18,94.00L449.60,94.41L448.63,95.86L448.00,96.70L447.25,97.27L446.89,97.43L446.16,97.47L445.90,97.58L445.72,97.57L444.81,97.51L443.92,97.58L442.39,98.11"]
        RenderPath {path} at (459.65,192.32) size 7.87x6.83 [stroke={[type=SOLID] [color=#808080] [stroke width=0.20]}] [fill={[type=SOLID] [color=#C0C0C0]}] [data="M459.72,92.84L459.78,92.78L459.90,92.67L459.98,92.73L460.10,92.73L460.09,92.62L460.18,92.52L460.49,92.63L460.62,92.58L460.89,92.62L461.09,92.62L461.21,92.51L461.28,92.47L461.45,92.49L461.63,92.44L461.77,92.42L461.86,92.44L461.97,92.49L462.02,92.47L462.15,92.44L462.18,92.46L462.40,92.54L462.54,92.67L462.68,92.72L462.83,92.73L462.93,92.80L462.98,92.86L463.06,92.93L463.16,92.92L463.28,92.95L463.46,92.91L463.57,92.91L463.60,92.97L463.51,93.07L463.47,93.12L463.57,93.08L463.66,93.11L463.66,93.19L463.72,93.24L463.80,93.14L463.86,93.08L464.14,93.07L464.56,93.15L464.61,93.34L464.73,93.53L464.95,93.55L465.07,93.57L465.14,93.47L465.27,93.49L465.34,93.61L465.41,93.68L465.53,93.70L465.36,93.85L465.49,93.92L465.44,93.96L465.41,94.08L465.41,94.27L465.24,94.41L465.29,94.55L465.39,94.68L465.53,94.71L465.71,94.81L465.80,94.91L465.92,95.00L466.01,94.95L466.11,94.90L466.22,94.90L466.26,94.99L466.28,95.09L466.19,95.16L466.21,95.35L466.09,95.39L466.16,95.50L466.28,95.47L466.32,95.52L466.28,95.61L466.23,95.76L466.38,95.79L466.53,95.86L466.68,95.98L466.76,95.98L466.94,96.06L467.04,96.12L467.09,96.26L467.10,96.39L467.06,96.49L467.09,96.60L466.99,96.66L466.98,96.70L467.05,96.75L467.15,96.80L467.32,96.93L467.44,96.94L467.37,97.02L467.33,97.04L467.10,97.04L466.96,97.03L466.92,97.07L466.89,97.11L466.71,97.08L466.75,96.89L466.57,96.89L466.47,96.92L466.46,96.97L466.38,97.04L466.30,97.12L466.18,96.96L466.10,96.96L466.02,96.89L466.02,96.82L465.88,96.83L465.80,96.87L465.78,96.94L465.71,96.89L465.61,96.85L465.62,96.92L465.62,97.00L465.51,97.00L465.45,96.99L465.46,96.78L465.45,96.69L465.34,96.67L465.21,96.75L464.97,96.78L464.77,96.93L464.83,97.03L464.92,97.18L464.87,97.28L464.98,97.39L464.99,97.48L464.96,97.55L464.83,97.66L464.89,97.75L464.92,97.84L464.84,97.91L464.55,97.97L464.41,97.99L464.43,98.10L464.40,98.23L464.31,98.32L464.23,98.38L464.14,98.40L464.06,98.42L464.01,98.48L463.89,98.54L463.86,98.66L463.92,98.77L463.92,98.86L463.83,98.97L463.65,98.97L463.53,98.96L463.41,98.94L463.30,98.97L463.25,99.05L463.22,99.05L463.16,98.81L462.94,98.71L463.10,98.64L463.08,98.37L462.98,97.81L463.30,96.83L463.33,96.43L462.97,95.57L462.37,95.29L461.33,94.17L460.57,93.00L459.94,92.81L459.72,92.84"]
        RenderPath {path} at (445.62,192.71) size 21.07x10.26 [stroke={[type=SOLID] [color=#808080] [stroke width=0.20]}] [fill={[type=SOLID] [color=#002900]}] [data="M445.72,97.57L445.90,97.57L446.16,97.47L446.89,97.43L447.25,97.26L448.00,96.70L448.63,95.86L449.60,94.41L450.18,94.00L451.30,93.73L451.75,93.39L451.89,93.31L452.68,93.43L452.92,93.32L453.88,93.52L454.99,93.58L455.35,93.54L455.38,93.77L455.71,93.76L455.89,93.99L456.23,93.93L456.48,93.81L456.66,93.60L458.65,93.41L458.93,93.23L459.08,92.92L459.72,92.84L459.94,92.81L460.57,93.00L461.33,94.17L462.37,95.29L462.98,95.57L463.33,96.43L463.30,96.83L462.98,97.81L463.08,98.37L463.10,98.64L462.94,98.71L463.16,98.82L463.22,99.06L463.25,99.05L463.40,99.03L463.52,99.28L463.92,99.45L464.53,99.49L464.56,99.30L465.02,99.30L465.68,99.04L466.39,99.17L466.54,99.25L466.60,99.51L466.31,99.96L466.04,100.27L465.60,100.32L465.22,100.36L464.84,100.61L464.32,101.22L464.07,101.87L463.98,102.65L463.93,102.88L463.26,102.76L461.91,102.42L461.40,102.20L461.11,102.15L460.43,101.79L459.87,101.75L459.25,101.96L457.35,102.73L456.97,102.79L455.58,102.44L455.29,102.43L454.60,102.69L454.26,102.72L453.10,102.33L452.60,102.32L451.83,102.51L451.56,102.54L451.51,102.35L451.75,102.03L451.39,101.92L451.00,101.72L450.58,101.53L450.44,101.20L450.76,101.00L451.11,101.01L451.00,100.89L450.37,100.64L450.12,100.77L449.90,101.05L449.76,101.17L449.34,100.93L449.15,100.79L448.55,100.73L448.53,100.54L448.30,100.54L448.05,100.51L448.00,100.34L448.18,100.25L448.45,100.18L448.21,100.09L448.03,100.03L448.15,99.89L448.34,99.76L448.27,99.62L447.97,99.50L447.41,99.36L446.70,98.89L446.76,98.80L446.66,98.68L446.73,98.33L446.53,98.29L446.34,98.05L445.77,97.88L445.72,97.57"]
        RenderPath {path} at (414.97,195.35) size 26.86x23.20 [stroke={[type=SOLID] [color=#808080] [stroke width=0.20]}] [fill={[type=SOLID] [color=#000E00]}] [data="M420.18,113.47L419.90,113.43L419.65,113.28L419.28,112.95L419.19,112.74L419.39,112.00L419.49,111.32L419.44,110.74L419.31,110.17L418.80,109.73L418.71,109.46L418.89,109.30L419.26,109.28L420.06,109.28L420.40,109.11L421.26,108.57L421.89,109.19L422.34,109.95L422.33,110.22L422.12,110.50L421.98,110.99L422.13,111.88L422.02,112.40L421.64,113.10L421.24,112.90L420.72,112.93L420.57,113.03L420.42,113.30L420.18,113.47M433.78,118.45L433.07,118.36L432.17,117.75L431.40,117.52L429.49,116.70L428.66,116.57L428.43,116.45L428.26,116.16L428.39,115.82L428.72,115.48L428.99,115.38L429.61,115.50L430.18,115.15L430.86,115.58L431.27,115.72L431.99,115.70L433.39,115.52L434.77,115.19L434.92,115.27L434.96,115.40L434.85,115.53L434.32,116.35L434.16,116.85L434.17,117.23L434.58,117.74L434.40,117.86L433.97,118.43L433.79,118.45M431.24,98.83L430.96,98.50L430.72,98.47L430.44,98.67L430.28,98.54L429.81,98.47L429.70,98.79L429.24,98.85L428.24,99.21L428.32,99.06L427.87,99.19L427.80,99.44L427.65,99.49L427.64,99.61L427.94,99.69L427.96,99.99L428.15,100.11L428.41,100.35L428.30,100.56L427.85,100.82L427.87,101.09L428.01,101.64L428.80,102.46L430.80,103.34L431.09,103.70L431.23,104.26L431.50,104.82L431.90,105.40L432.59,105.97L432.85,106.25L433.29,106.44L433.33,106.65L433.74,106.82L434.91,107.07L436.16,106.97L436.55,107.11L436.58,107.32L436.11,107.57L435.85,107.86L436.11,108.07L437.07,108.36L438.24,108.77L439.07,109.13L440.65,109.87L440.71,110.06L441.43,110.52L441.74,110.99L441.54,111.43L441.39,111.76L440.94,111.48L440.62,111.32L440.51,110.83L440.25,110.66L439.73,110.56L439.25,110.55L438.81,110.32L438.90,110.10L438.55,110.03L438.24,110.13L438.01,110.39L437.75,110.79L437.48,111.00L437.52,111.27L437.33,111.57L437.32,111.87L438.08,112.21L438.69,112.49L438.60,112.80L438.63,113.23L438.76,113.37L438.57,113.61L437.91,113.59L437.50,113.81L437.30,114.03L437.41,114.63L436.87,114.93L436.26,115.80L435.66,115.85L435.49,115.78L435.31,115.64L435.31,115.13L435.67,114.99L435.99,114.44L435.75,114.26L436.11,114.01L436.48,114.08L436.61,113.92L436.53,113.57L436.32,113.39L436.11,112.47L435.75,111.95L435.60,111.35L435.40,111.00L435.06,111.05L434.88,111.22L433.98,110.73L433.69,110.66L433.90,110.37L433.81,109.97L433.35,109.63L432.44,109.88L432.47,109.77L432.79,109.58L432.52,109.31L432.23,109.31L431.81,109.50L431.56,108.98L431.37,108.78L431.24,108.55L430.58,108.31L430.07,108.28L429.42,108.15L428.67,107.80L428.13,107.36L427.17,106.75L426.13,105.92L425.26,105.54L424.45,104.86L423.89,104.01L423.45,102.97L423.11,102.52L422.60,102.07L422.12,101.82L420.93,101.48L420.35,101.34L419.85,101.38L418.77,102.03L418.32,102.39L417.67,102.56L417.37,102.61L417.51,102.14L417.45,101.86L416.60,101.93L415.85,101.54L415.65,101.09L415.97,100.72L416.14,100.71L416.01,100.38L415.39,100.19L415.04,99.83L415.48,99.65L415.66,99.76L416.20,99.40L416.40,99.13L415.97,98.94L415.95,98.65L415.41,98.30L416.04,98.00L416.64,98.07L417.26,97.86L417.89,98.03L418.17,97.87L418.52,97.44L418.41,97.22L419.19,96.82L419.21,97.24L419.74,97.60L420.05,97.67L419.95,97.85L420.34,98.16L420.62,98.01L420.64,97.48L421.07,97.09L421.05,96.76L421.42,96.68L421.56,97.03L421.79,97.18L422.01,97.15L422.08,97.02L422.55,96.97L422.79,97.31L423.02,96.89L422.78,96.76L422.86,96.49L423.14,96.40L423.32,96.56L423.63,96.61L423.67,96.42L423.56,96.21L423.68,95.90L424.31,96.07L424.91,96.10L425.24,95.69L425.61,95.60L425.79,95.68L426.23,95.57L426.54,95.67L427.39,95.44L427.41,95.81L427.73,95.90L428.05,96.29L429.36,96.54L430.26,96.62L430.73,96.74L430.85,96.93L430.24,97.24L430.33,97.39L430.63,97.39L430.82,97.57L430.45,97.86L430.79,97.95L430.66,98.31L431.02,98.42L431.30,98.62L431.25,98.83"]
        RenderPath {path} at (430.15,195.79) size 7.30x3.44 [stroke={[type=SOLID] [color=#808080] [stroke width=0.20]}] [fill={[type=SOLID] [color=#001000]}] [data="M430.73,96.73L431.77,96.80L431.95,96.90L432.56,96.89L432.85,97.05L433.49,96.55L434.06,96.44L434.91,96.52L435.21,96.32L436.10,96.44L436.02,96.05L436.71,95.89L437.01,96.48L437.38,96.81L437.34,96.80L437.24,96.73L437.10,96.69L436.92,96.69L436.78,96.70L436.73,96.77L436.73,96.84L436.74,96.93L436.75,97.01L436.69,97.02L436.55,97.01L436.45,96.97L436.36,97.04L436.31,97.12L436.23,97.18L436.15,97.23L436.07,97.24L435.90,97.27L435.79,97.31L435.68,97.34L435.62,97.39L435.47,97.38L435.34,97.45L435.28,97.51L435.26,97.59L435.30,97.66L435.38,97.71L435.44,97.77L435.49,97.81L435.51,97.88L435.52,97.97L435.49,98.07L435.47,98.14L435.42,98.24L435.32,98.24L435.23,98.23L435.14,98.26L435.04,98.26L434.92,98.32L434.83,98.34L434.75,98.36L434.65,98.41L434.59,98.47L434.56,98.50L434.61,98.52L434.67,98.53L434.70,98.55L434.74,98.62L434.69,98.69L434.66,98.70L434.58,98.72L434.57,98.77L434.62,98.85L434.62,98.92L434.66,99.02L434.61,99.09L434.55,99.08L434.45,99.12L434.33,99.14L434.20,99.10L434.14,99.08L434.04,99.01L433.94,99.01L433.88,98.99L433.76,98.94L433.74,98.99L433.71,99.03L433.61,99.06L433.48,99.06L433.42,99.01L433.35,98.95L433.23,98.93L433.21,98.84L433.18,98.82L433.12,98.77L433.06,98.74L433.05,98.69L433.04,98.64L433.00,98.63L432.94,98.64L432.90,98.70L432.89,98.72L432.84,98.79L432.82,98.81L432.80,98.89L432.74,98.93L432.69,98.95L432.63,99.00L432.59,99.01L432.34,99.01L432.23,98.99L432.12,99.01L431.98,99.02L431.88,99.01L431.78,98.98L431.73,98.96L431.68,98.96L431.68,99.00L431.68,99.03L431.63,99.06L431.59,99.08L431.45,99.07L431.42,99.03L431.32,99.05L431.30,99.07L431.16,99.08L431.10,99.10L430.97,99.12L430.70,99.06L431.13,98.98L431.24,98.82L431.30,98.61L431.01,98.41L430.65,98.30L430.78,97.94L430.45,97.85L430.81,97.56L430.62,97.38L430.33,97.38L430.23,97.23L430.84,96.92L430.73,96.72"]
        RenderPath {path} at (430.54,196.60) size 13.28x9.43 [stroke={[type=SOLID] [color=#808080] [stroke width=0.20]}] [fill={[type=SOLID] [color=#000200]}] [data="M439.57,104.71L438.52,104.04L438.34,103.82L437.55,103.67L437.35,103.51L436.95,103.39L436.27,103.57L435.94,103.08L434.83,102.46L434.24,101.78L434.52,101.79L435.13,101.80L434.55,101.58L433.89,101.11L433.70,100.70L433.79,100.25L433.50,99.92L432.85,99.50L432.48,99.37L432.22,99.95L432.08,100.07L432.11,100.22L431.82,100.32L431.67,100.57L431.45,100.62L430.96,99.98L430.90,99.69L430.64,99.08L430.70,99.07L430.97,99.13L431.10,99.11L431.16,99.09L431.30,99.08L431.32,99.06L431.43,99.04L431.45,99.08L431.59,99.08L431.63,99.07L431.68,99.04L431.68,99.00L431.68,98.97L431.73,98.97L431.78,98.99L431.88,99.02L431.98,99.03L432.12,99.02L432.23,99.00L432.34,99.02L432.59,99.02L432.63,99.01L432.69,98.96L432.74,98.94L432.80,98.90L432.82,98.82L432.84,98.80L432.89,98.73L432.90,98.71L432.94,98.65L433.00,98.64L433.04,98.64L433.05,98.70L433.06,98.75L433.12,98.78L433.18,98.83L433.21,98.85L433.23,98.94L433.35,98.96L433.43,99.02L433.48,99.07L433.62,99.07L433.72,99.04L433.74,99.00L433.76,98.95L433.88,99.00L433.94,99.02L434.04,99.02L434.14,99.08L434.20,99.11L434.33,99.15L434.45,99.13L434.55,99.08L434.61,99.10L434.67,99.03L434.62,98.93L434.62,98.86L434.58,98.78L434.58,98.73L434.67,98.71L434.69,98.70L434.74,98.63L434.70,98.56L434.67,98.54L434.61,98.53L434.56,98.51L434.59,98.48L434.65,98.42L434.75,98.37L434.83,98.35L434.92,98.33L435.04,98.27L435.14,98.26L435.24,98.24L435.32,98.25L435.42,98.25L435.47,98.15L435.49,98.08L435.52,97.98L435.51,97.89L435.49,97.82L435.44,97.78L435.38,97.72L435.30,97.67L435.26,97.60L435.28,97.51L435.34,97.46L435.47,97.39L435.62,97.40L435.68,97.35L435.79,97.32L435.90,97.28L436.07,97.25L436.15,97.24L436.23,97.19L436.31,97.13L436.36,97.05L436.45,96.98L436.55,97.02L436.69,97.03L436.75,97.02L436.74,96.94L436.73,96.85L436.73,96.78L436.78,96.71L436.93,96.70L437.10,96.70L437.24,96.74L437.34,96.81L437.38,96.82L437.59,97.02L439.01,97.63L440.12,98.30L440.70,98.40L441.37,98.35L441.80,98.32L442.39,98.12L442.59,98.26L442.65,98.35L442.67,98.46L442.65,98.54L442.69,98.58L442.70,98.65L442.63,98.71L442.61,98.85L442.69,98.92L442.84,98.89L442.94,98.92L442.98,99.01L442.91,99.02L442.85,99.00L442.83,99.07L442.86,99.18L442.82,99.21L442.77,99.23L442.84,99.34L443.01,99.32L443.04,99.40L443.16,99.50L443.28,99.50L443.39,99.50L443.48,99.58L443.60,99.59L443.73,99.59L443.74,99.67L443.71,99.72L443.58,99.71L443.49,99.68L443.42,99.70L443.34,99.69L443.27,99.64L443.22,99.63L443.17,99.64L443.21,99.71L443.11,99.80L443.03,99.80L443.03,99.95L443.07,100.02L443.04,100.10L443.06,100.18L443.07,100.25L442.98,100.29L442.89,100.25L442.84,100.32L442.92,100.41L442.84,100.42L442.65,100.44L442.45,100.42L442.30,100.30L442.36,100.20L442.31,100.11L442.19,100.10L442.17,99.99L442.02,99.93L441.88,99.89L441.78,99.97L441.68,99.96L441.52,99.89L441.45,99.86L441.31,99.86L441.15,99.82L441.04,99.89L440.91,99.93L440.77,99.89L440.66,99.82L440.55,99.82L440.43,99.91L440.26,99.99L440.10,99.92L439.84,99.83L439.66,99.84L439.50,99.85L439.31,99.79L439.14,99.78L438.99,99.69L438.90,99.77L438.79,99.79L438.73,99.74L438.50,99.66L438.34,99.61L438.21,99.56L438.12,99.55L437.98,99.67L437.87,99.66L437.65,99.64L437.48,99.61L437.27,99.63L437.17,99.74L437.02,99.88L436.90,100.08L436.70,100.06L436.44,99.93L436.29,99.74L436.19,99.63L435.87,99.59L435.75,99.64L435.66,99.82L435.62,99.98L435.66,100.12L435.66,100.20L435.70,100.41L435.57,100.47L435.59,100.56L435.73,100.64L435.82,100.73L435.94,100.76L436.04,100.80L436.22,100.98L436.37,101.21L436.45,101.35L436.48,101.47L436.63,101.58L436.55,101.64L436.54,101.74L436.57,101.88L436.73,101.87L436.82,101.98L436.88,102.10L436.99,102.21L437.16,102.26L437.32,102.29L437.69,102.65L437.71,102.82L437.79,102.86L438.01,102.94L438.38,103.30L438.61,103.42L438.83,103.49L438.93,103.54L438.93,103.65L439.01,103.93L439.21,104.01L439.40,104.18L439.55,104.29L439.79,104.41L439.86,104.62L439.57,104.71M439.79,104.83L439.92,104.71L440.06,104.73L440.18,104.76L440.23,104.84L440.29,104.93L440.44,105.02L440.62,105.09L440.83,105.11L441.14,105.36L441.19,105.43L441.32,105.40L441.44,105.42L441.53,105.45L441.59,105.51L441.60,105.52L441.58,105.61L441.61,105.69L441.69,105.76L441.72,105.85L441.72,105.95L441.13,105.58L440.58,105.21L439.79,104.83"]
        RenderPath {path} at (442.33,197.41) size 9.27x9.76 [stroke={[type=SOLID] [color=#808080] [stroke width=0.20]}] [fill={[type=SOLID] [color=#C0C0C0]}] [data="M451.01,101.72L450.68,102.07L450.30,102.44L450.12,102.75L450.17,103.02L451.50,104.14L451.53,104.34L451.23,104.64L450.46,104.97L450.22,105.28L450.21,105.79L450.20,106.00L450.14,105.98L450.07,106.01L449.91,106.03L449.76,106.05L449.65,106.07L449.59,106.09L449.49,106.04L449.40,106.08L449.31,106.10L449.21,106.06L449.14,106.04L449.01,106.15L448.93,106.24L448.77,106.22L448.58,106.21L448.52,106.22L448.34,106.18L448.19,106.26L448.04,106.37L447.93,106.42L447.99,106.50L447.96,106.55L447.84,106.55L447.75,106.44L447.62,106.39L447.53,106.31L447.45,106.38L447.33,106.44L447.09,106.50L446.86,106.55L446.77,106.61L446.72,106.78L446.75,106.91L446.72,106.98L446.64,107.07L446.46,107.07L446.32,107.02L446.30,106.91L445.57,106.04L445.18,105.67L445.13,105.67L445.23,105.38L445.23,105.32L445.16,105.25L445.06,105.25L445.00,105.19L445.02,105.11L445.13,105.07L445.28,105.08L445.45,105.12L445.50,105.08L445.52,105.02L445.61,104.97L445.75,104.95L445.84,104.94L445.83,104.85L445.73,104.75L445.56,104.68L445.42,104.64L445.37,104.59L445.26,104.61L445.18,104.57L445.14,104.50L445.02,104.40L444.94,104.30L444.88,104.28L444.81,104.32L444.73,104.31L444.63,104.26L444.35,104.18L444.27,104.16L444.22,104.12L444.05,103.99L443.95,103.84L443.84,103.73L443.67,103.65L443.52,103.55L443.29,103.50L443.29,103.40L443.47,103.30L443.56,103.18L443.64,103.17L443.71,103.21L443.78,103.25L443.88,103.27L443.93,103.25L443.94,103.12L443.95,102.93L443.82,102.78L443.64,102.59L443.43,102.46L443.33,102.31L443.43,102.34L443.53,102.35L443.67,102.40L443.90,102.45L444.03,102.37L444.12,102.31L444.19,102.24L444.10,102.19L443.96,102.17L443.87,102.08L443.75,102.00L443.60,101.91L443.56,101.81L443.52,101.71L443.30,101.72L443.14,101.67L443.06,101.57L443.04,101.43L443.12,101.37L443.12,101.28L443.08,101.18L443.14,101.12L443.20,101.04L443.36,100.89L443.52,100.66L443.55,100.50L443.61,100.40L443.58,100.33L443.46,100.31L443.28,100.30L443.13,100.30L442.92,100.41L442.84,100.32L442.89,100.25L442.98,100.29L443.07,100.25L443.06,100.18L443.04,100.10L443.07,100.02L443.03,99.95L443.03,99.80L443.11,99.80L443.21,99.71L443.17,99.64L443.22,99.63L443.27,99.64L443.34,99.68L443.42,99.70L443.48,99.67L443.57,99.71L443.71,99.72L443.74,99.66L443.73,99.58L443.60,99.58L443.47,99.57L443.38,99.50L443.28,99.50L443.16,99.50L443.04,99.40L443.01,99.32L442.84,99.34L442.77,99.23L442.82,99.21L442.86,99.17L442.83,99.07L442.85,99.00L442.90,99.02L442.98,99.01L442.94,98.92L442.84,98.88L442.69,98.92L442.61,98.85L442.62,98.70L442.70,98.65L442.69,98.58L442.65,98.54L442.67,98.46L442.65,98.35L442.59,98.26L442.39,98.12L443.92,97.59L444.81,97.51L445.72,97.58L445.77,97.89L446.34,98.06L446.53,98.30L446.74,98.34L446.66,98.69L446.77,98.81L446.71,98.90L447.42,99.37L447.97,99.51L448.28,99.63L448.35,99.77L448.16,99.90L448.04,100.04L448.22,100.10L448.46,100.19L448.19,100.26L448.01,100.35L448.06,100.52L448.30,100.55L448.54,100.55L448.56,100.74L449.15,100.80L449.35,100.94L449.76,101.18L449.91,101.06L450.12,100.78L450.38,100.65L451.00,100.90L451.11,101.03L450.76,101.01L450.44,101.21L450.59,101.54L451.01,101.73"]
        RenderPath {path} at (525.14,198.71) size 38.27x19.39 [stroke={[type=SOLID] [color=#808080] [stroke width=0.20]}] [fill={[type=SOLID] [color=#C0C0C0]}] [data="M551.20,118.00L550.85,117.52L550.61,117.39L549.39,117.34L548.75,117.33L548.65,117.31L548.74,116.59L548.68,116.08L548.84,115.83L548.90,115.61L548.40,115.52L547.86,115.24L547.30,115.05L546.83,115.11L546.45,114.86L545.32,114.26L544.75,114.04L543.81,113.45L543.49,113.51L542.49,113.01L542.11,112.57L540.92,111.97L539.53,110.99L539.53,110.71L539.34,110.27L539.06,110.08L538.65,109.49L538.53,108.92L538.31,108.54L537.43,108.29L537.24,108.45L536.80,108.51L536.27,108.39L535.83,108.42L535.32,108.51L535.01,108.36L534.32,108.04L534.41,107.82L534.57,107.63L534.38,107.41L534.41,107.22L534.60,107.07L534.16,106.79L534.16,106.57L534.13,106.35L533.88,106.12L533.34,106.03L532.65,105.94L532.43,105.62L532.09,105.59L531.46,105.21L530.98,105.12L530.80,105.18L530.23,105.34L530.48,105.59L530.67,105.97L530.07,105.68L529.79,105.68L529.66,105.81L529.45,106.15L529.16,106.28L528.53,106.28L528.03,106.53L527.53,106.94L527.47,107.57L527.78,107.98L527.65,108.29L526.27,108.32L525.24,108.26L525.30,100.09L530.95,98.80L536.68,101.78L538.69,103.45L541.27,103.10L544.03,103.29L545.13,102.88L545.86,103.61L546.45,103.83L547.11,104.83L547.77,104.52L547.74,105.56L547.55,105.96L547.59,106.72L548.59,106.72L548.81,107.54L549.16,108.61L549.66,108.67L550.35,108.64L551.36,108.54L551.71,108.54L552.15,108.86L552.21,109.14L552.15,109.42L552.59,109.77L553.24,109.77L553.37,109.58L553.21,109.17L553.72,108.73L554.16,108.54L554.38,108.07L554.66,107.88L555.60,107.51L556.36,107.32L556.89,106.85L557.24,106.56L557.46,106.50L557.74,106.63L558.12,106.25L558.44,106.22L558.79,106.09L559.23,106.34L558.86,106.51L558.49,106.68L558.27,106.73L558.20,106.93L557.90,106.97L557.61,107.15L557.41,107.29L556.97,107.59L556.80,107.69L556.78,107.81L557.07,107.86L557.37,107.93L557.51,108.06L557.93,107.91L558.03,108.13L558.20,108.35L558.57,108.62L559.16,108.62L559.55,108.62L559.60,108.23L559.82,108.28L560.02,108.08L560.04,107.84L560.24,107.93L560.43,108.11L560.60,108.40L560.65,108.55L561.05,108.57L561.19,108.55L561.27,108.79L561.29,108.89L561.63,108.87L561.95,109.01L562.20,109.21L562.71,109.28L563.18,109.31L563.35,109.43L562.86,109.65L562.66,109.80L562.44,109.94L561.95,109.92L561.71,109.87L561.76,110.04L561.76,110.19L561.44,110.19L561.27,110.24L560.92,110.43L560.70,110.63L560.43,110.68L560.21,110.88L559.97,110.73L559.65,110.63L559.35,110.53L559.13,110.56L558.89,110.63L558.57,110.56L558.53,110.66L558.18,110.65L557.77,110.68L557.58,110.40L557.33,110.34L557.21,110.15L557.46,110.02L557.87,109.68L558.05,109.46L557.80,109.21L557.36,108.83L557.14,109.08L556.67,109.43L555.98,109.61L555.76,109.77L555.51,109.55L555.29,109.39L554.94,109.39L554.97,109.61L554.69,109.93L554.88,110.24L554.85,110.59L554.78,110.71L554.31,110.62L553.75,110.71L553.24,110.81L553.50,110.93L554.03,110.90L554.16,111.00L553.91,111.06L553.72,111.12L553.68,111.47L553.50,111.47L553.25,111.62L553.18,112.03L552.90,112.22L551.83,112.13L551.20,112.00L550.73,112.28L550.61,112.75L550.86,113.04L551.20,113.23L551.36,113.38L551.80,113.42L552.15,113.42L552.27,113.64L552.15,113.86L552.11,114.33L552.24,114.74L552.71,115.05L552.84,115.33L552.68,115.55L552.18,115.90L551.90,116.40L551.52,116.78L551.58,117.16L551.21,118.00"]
        RenderPath {path} at (435.47,199.45) size 8.79x6.15 [stroke={[type=SOLID] [color=#808080] [stroke width=0.20]}] [fill={[type=SOLID] [color=#C0C0C0]}] [data="M439.79,104.83L439.68,104.78L439.57,104.71L439.86,104.63L439.79,104.41L439.55,104.29L439.40,104.18L439.21,104.01L439.01,103.93L438.93,103.65L438.93,103.54L438.83,103.49L438.61,103.42L438.38,103.30L438.01,102.94L437.79,102.86L437.71,102.82L437.69,102.65L437.32,102.29L437.16,102.26L436.99,102.22L436.88,102.11L436.82,101.98L436.73,101.87L436.57,101.88L436.54,101.74L436.55,101.64L436.63,101.58L436.48,101.47L436.45,101.35L436.37,101.21L436.22,100.98L436.04,100.80L435.94,100.77L435.82,100.73L435.73,100.64L435.59,100.57L435.57,100.48L435.70,100.41L435.66,100.20L435.66,100.12L435.62,99.99L435.66,99.82L435.75,99.64L435.87,99.60L436.19,99.63L436.29,99.74L436.44,99.93L436.70,100.06L436.90,100.09L437.02,99.89L437.17,99.74L437.27,99.63L437.48,99.61L437.65,99.64L437.87,99.66L437.98,99.67L438.12,99.55L438.21,99.56L438.34,99.61L438.50,99.66L438.73,99.74L438.79,99.80L438.90,99.77L438.99,99.70L439.14,99.79L439.31,99.80L439.50,99.85L439.66,99.84L439.84,99.83L440.10,99.92L440.26,99.99L440.43,99.91L440.55,99.82L440.66,99.82L440.77,99.89L440.91,99.93L441.04,99.89L441.15,99.82L441.31,99.86L441.45,99.86L441.52,99.89L441.68,99.96L441.78,99.97L441.88,99.89L442.02,99.93L442.17,99.99L442.19,100.10L442.31,100.11L442.36,100.20L442.30,100.30L442.45,100.42L442.65,100.44L442.84,100.42L442.92,100.41L443.13,100.30L443.28,100.30L443.46,100.31L443.59,100.33L443.61,100.40L443.55,100.50L443.52,100.67L443.36,100.89L443.21,101.05L443.14,101.12L443.08,101.18L443.12,101.28L443.12,101.37L443.04,101.44L443.06,101.57L443.14,101.67L443.31,101.73L443.52,101.71L443.56,101.82L443.60,101.92L443.75,102.00L443.88,102.08L443.96,102.17L444.10,102.19L444.19,102.24L444.12,102.32L444.03,102.37L443.90,102.45L443.67,102.41L443.53,102.35L443.43,102.34L443.33,102.32L443.43,102.46L443.64,102.60L443.82,102.79L443.95,102.93L443.94,103.12L443.93,103.25L443.89,103.28L443.79,103.25L443.71,103.21L443.64,103.18L443.56,103.19L443.47,103.30L443.29,103.40L443.24,103.37L443.08,103.42L442.97,103.40L442.90,103.36L442.79,103.39L442.71,103.45L442.73,103.52L442.82,103.62L442.94,103.79L442.99,103.89L442.94,103.99L442.83,103.99L442.74,103.94L442.68,103.85L442.62,103.80L442.50,103.79L442.38,103.85L442.21,103.93L442.17,104.03L442.12,104.12L442.01,104.22L442.05,104.31L442.06,104.41L442.00,104.46L441.87,104.47L441.76,104.49L441.65,104.58L441.64,104.71L441.65,104.83L441.67,104.97L441.68,105.01L441.74,105.13L441.82,105.22L441.87,105.32L441.78,105.41L441.59,105.51L441.53,105.45L441.44,105.42L441.32,105.39L441.18,105.43L441.14,105.36L440.83,105.10L440.62,105.09L440.44,105.01L440.29,104.93L440.23,104.84L440.18,104.76L440.06,104.72L439.92,104.71L439.79,104.83"]
        RenderPath {path} at (450.03,201.64) size 14.00x7.09 [stroke={[type=SOLID] [color=#808080] [stroke width=0.20]}] [fill={[type=SOLID] [color=#002300]}] [data="M450.20,106.00L450.21,105.79L450.22,105.28L450.46,104.97L451.23,104.64L451.53,104.34L451.50,104.14L450.17,103.02L450.12,102.75L450.30,102.44L450.68,102.07L451.01,101.72L451.40,101.93L451.75,102.04L451.52,102.35L451.57,102.54L451.83,102.52L452.61,102.33L453.11,102.33L454.26,102.73L454.60,102.70L455.29,102.43L455.59,102.45L456.98,102.80L457.36,102.74L459.26,101.97L459.88,101.75L460.44,101.79L461.11,102.16L461.41,102.20L461.92,102.43L463.27,102.76L463.94,102.88L463.87,103.22L463.80,103.48L463.53,103.56L463.22,103.53L462.88,103.66L462.55,104.39L462.52,104.98L462.44,105.12L462.04,105.24L461.70,105.61L461.68,105.87L461.93,105.83L462.19,106.05L462.22,106.21L462.61,106.58L462.62,106.81L461.29,106.80L460.76,106.69L460.27,106.74L459.64,107.11L459.14,107.55L458.78,107.53L458.43,107.74L458.53,108.07L458.44,108.33L457.33,108.61L456.94,108.64L456.32,108.43L454.85,107.92L454.26,107.98L453.46,108.24L451.61,108.44L451.52,108.47L451.47,108.27L451.58,107.97L451.58,107.47L451.36,107.00L451.00,106.62L450.33,106.32L450.20,106.11L450.20,106.00"]
        RenderPath {path} at (379.89,202.79) size 27.80x17.38 [stroke={[type=SOLID] [color=#808080] [stroke width=0.20]}] [fill={[type=SOLID] [color=#001600]}] [data="M381.01,107.00L380.89,106.72L381.03,106.32L381.37,105.82L381.01,105.35L380.71,104.92L380.19,104.85L380.03,104.75L379.98,104.42L380.14,104.18L380.55,103.91L380.91,103.81L381.48,103.78L382.11,103.75L382.24,103.58L382.31,103.16L382.85,102.89L383.61,102.93L384.69,103.30L385.45,103.37L386.21,103.28L386.78,103.11L387.29,102.97L387.64,102.96L388.27,103.25L388.97,103.41L389.91,103.49L391.45,103.53L392.03,103.56L392.98,103.70L393.48,103.54L393.89,103.31L394.43,103.34L395.32,103.81L395.99,103.79L396.32,103.85L396.79,104.10L397.26,104.07L397.32,104.19L397.12,104.43L397.21,104.54L397.36,104.57L397.47,104.46L398.56,104.80L398.71,104.74L399.22,105.13L399.27,105.05L399.54,105.08L399.67,105.01L400.10,105.16L400.12,105.20L400.21,105.31L400.98,105.28L401.01,105.40L401.35,105.34L401.89,105.36L401.88,105.04L402.23,105.04L403.48,105.34L403.57,105.56L403.61,105.85L403.80,105.92L404.17,105.85L404.38,105.82L404.71,105.91L404.75,106.06L405.01,106.07L405.40,105.91L405.83,106.10L406.31,106.12L406.35,105.98L407.10,105.85L407.44,105.94L407.44,106.02L407.43,106.49L407.59,106.59L407.53,107.07L406.42,107.60L405.47,107.99L405.20,108.31L404.15,108.51L403.49,108.63L402.53,108.93L402.21,109.25L402.15,109.45L402.42,109.58L402.33,109.74L401.70,109.88L401.11,110.67L400.22,111.45L400.12,111.64L399.94,112.00L399.70,112.46L400.05,113.28L400.12,113.39L400.21,113.52L400.86,113.82L400.96,114.00L400.34,114.33L400.12,114.43L399.61,114.69L399.32,115.17L399.10,115.25L398.64,116.18L398.79,116.50L398.53,116.60L397.54,116.65L396.96,116.89L396.54,117.22L396.26,117.97L395.60,118.47L395.34,118.26L394.74,118.28L394.44,118.55L394.10,118.55L393.97,118.44L390.69,118.48L390.00,119.01L388.98,119.18L388.63,119.56L388.60,119.84L388.52,119.93L388.45,119.71L388.38,119.70L388.38,119.94L387.99,120.07L387.57,119.93L386.79,119.46L386.56,119.08L386.60,118.82L386.25,118.70L386.13,118.49L386.30,118.33L385.83,117.82L385.13,117.53L385.00,117.50L384.52,117.36L383.93,117.40L383.94,117.38L384.24,116.43L384.48,116.06L385.37,115.42L384.96,115.11L384.15,114.99L384.32,114.53L384.82,113.88L385.17,113.51L385.01,113.31L384.55,112.76L384.07,112.26L384.35,112.13L384.83,112.09L385.29,111.86L385.34,111.66L385.28,110.72L385.41,109.74L385.34,109.28L385.39,108.84L385.47,108.77L386.71,108.26L387.00,108.05L386.93,107.81L386.09,107.31L385.94,107.07L385.67,106.84L385.33,106.79L384.80,107.05L382.98,107.00L382.45,106.56L381.90,106.75L381.01,107.00"]
        RenderPath {path} at (489.59,203.12) size 15.12x5.81 [stroke={[type=SOLID] [color=#808080] [stroke width=0.20]}] [fill={[type=SOLID] [color=#C0C0C0]}] [data="M489.68,103.69L489.80,103.38L490.06,103.22L490.34,103.26L490.41,103.31L490.81,103.33L491.26,103.36L491.55,103.45L491.83,103.60L492.02,103.69L492.21,103.74L492.54,103.74L492.75,103.74L492.96,103.90L493.22,104.00L493.53,104.07L493.89,104.11L494.19,104.11L494.62,104.02L495.16,104.02L495.56,104.19L495.75,104.19L496.04,104.14L496.39,104.31L496.48,104.45L496.77,104.66L497.29,104.78L497.64,104.85L497.88,104.97L498.19,105.09L498.04,105.20L498.00,105.32L498.26,105.44L498.47,105.51L498.73,105.39L499.01,105.39L499.18,105.23L499.27,105.13L499.49,105.06L499.84,105.06L500.10,105.13L500.29,105.27L500.43,105.11L500.53,105.04L500.64,105.04L500.88,105.15L501.02,105.25L501.23,105.25L501.42,105.37L501.64,105.53L502.02,105.53L502.37,105.56L502.49,105.70L502.37,105.89L502.25,106.19L502.61,106.48L502.89,106.64L503.15,106.74L503.43,106.79L503.67,106.76L503.90,106.83L504.03,107.02L503.76,107.21L503.62,107.35L503.52,107.43L503.67,107.68L503.88,107.99L504.49,108.16L504.61,108.37L504.52,108.70L504.28,108.80L504.05,108.84L503.79,108.65L503.64,108.58L503.45,108.56L503.17,108.61L502.53,108.42L502.34,108.21L502.01,108.02L501.54,107.99L501.30,107.99L500.89,108.30L500.60,108.39L500.22,108.44L499.63,108.54L499.03,108.49L498.63,108.61L498.21,108.63L497.90,108.73L497.59,108.70L497.21,108.81L497.18,108.78L495.86,107.76L495.45,107.72L494.69,108.08L494.46,108.15L493.97,108.09L492.76,108.00L492.84,107.94L493.16,107.36L493.20,107.21L493.13,106.48L492.80,105.40L492.59,105.00L491.95,104.49L491.61,104.36L490.70,104.21L490.02,103.93L489.68,103.69"]
        RenderPath {path} at (441.48,203.27) size 4.46x3.92 [stroke={[type=SOLID] [color=#808080] [stroke width=0.20]}] [fill={[type=SOLID] [color=#C0C0C0]}] [data="M443.62,107.10L443.55,107.06L443.12,106.90L443.10,106.75L442.60,106.27L441.75,105.97L441.72,105.95L441.72,105.85L441.69,105.76L441.61,105.68L441.58,105.61L441.60,105.52L441.59,105.51L441.78,105.40L441.87,105.32L441.82,105.21L441.74,105.13L441.68,105.01L441.67,104.97L441.65,104.82L441.64,104.71L441.65,104.58L441.76,104.49L441.87,104.47L442.00,104.46L442.06,104.40L442.05,104.30L442.01,104.21L442.12,104.11L442.17,104.02L442.21,103.92L442.38,103.84L442.50,103.79L442.62,103.80L442.68,103.84L442.74,103.93L442.83,103.99L442.94,103.99L442.99,103.89L442.94,103.79L442.82,103.62L442.73,103.52L442.71,103.44L442.79,103.38L442.90,103.35L442.97,103.39L443.08,103.42L443.24,103.36L443.29,103.39L443.29,103.50L443.52,103.55L443.67,103.65L443.84,103.73L443.95,103.84L444.05,103.99L444.22,104.12L444.28,104.15L444.35,104.18L444.63,104.25L444.73,104.31L444.81,104.32L444.88,104.28L444.95,104.30L445.02,104.40L445.15,104.50L445.18,104.57L445.26,104.61L445.37,104.59L445.42,104.63L445.56,104.68L445.73,104.75L445.83,104.85L445.84,104.94L445.75,104.95L445.61,104.97L445.52,105.01L445.50,105.08L445.45,105.11L445.28,105.08L445.13,105.07L445.02,105.10L445.00,105.19L445.06,105.25L445.16,105.25L445.24,105.31L445.24,105.38L445.13,105.67L444.77,105.64L444.04,105.54L443.77,105.81L443.49,106.32L443.62,106.75L443.62,107.09"]
        RenderPath {path} at (554.59,203.98) size 24.48x9.03 [stroke={[type=SOLID] [color=#808080] [stroke width=0.20]}] [fill={[type=SOLID] [color=#C0C0C0]}] [data="M558.52,110.65L558.56,110.55L558.88,110.63L559.13,110.55L559.35,110.53L559.64,110.63L559.96,110.72L560.21,110.87L560.43,110.68L560.70,110.63L560.92,110.43L561.26,110.24L561.43,110.19L561.75,110.19L561.75,110.04L561.70,109.87L561.95,109.92L562.44,109.94L562.66,109.79L562.86,109.65L563.35,109.43L563.17,109.30L562.71,109.28L562.19,109.21L561.95,109.01L561.63,108.86L561.28,108.89L561.26,108.79L561.19,108.54L561.04,108.57L560.65,108.54L560.60,108.40L560.43,108.10L560.23,107.93L560.03,107.83L560.01,108.08L559.81,108.27L559.59,108.22L559.54,108.62L559.15,108.62L558.56,108.62L558.19,108.35L558.02,108.13L557.92,107.90L557.51,108.05L557.36,107.93L557.07,107.86L556.77,107.81L556.79,107.68L556.97,107.58L557.41,107.29L557.60,107.14L557.90,106.97L558.19,106.92L558.27,106.73L558.49,106.68L558.85,106.51L559.22,106.33L558.78,106.09L558.43,106.21L558.39,105.94L558.78,105.50L559.10,105.13L559.84,105.01L560.50,104.91L561.38,105.06L562.27,105.30L562.95,105.50L563.76,105.62L564.11,105.74L564.08,105.30L564.33,104.57L564.79,104.20L565.48,104.07L566.07,104.15L566.83,104.42L567.57,104.67L568.47,104.86L569.02,104.96L569.46,104.69L570.31,104.67L571.08,104.67L571.86,104.52L572.57,104.74L573.23,104.84L574.58,104.86L575.25,104.79L576.23,105.03L576.79,104.98L576.94,105.33L577.21,105.47L577.40,105.75L578.07,105.75L578.53,105.84L578.94,106.22L578.97,106.41L578.92,106.57L578.60,106.76L577.63,106.97L576.29,107.32L575.84,107.47L575.44,107.77L574.80,108.47L574.16,108.82L573.68,108.92L573.22,108.93L571.97,108.70L571.73,108.73L571.27,109.20L570.80,109.99L570.53,110.23L569.65,110.36L569.14,110.51L568.80,110.45L568.62,109.88L568.56,109.81L568.20,109.84L566.46,110.58L565.04,111.28L564.76,111.47L564.64,111.68L564.50,112.42L564.30,112.35L563.96,112.44L563.61,112.61L563.07,112.61L562.41,112.54L561.58,112.76L561.40,112.91L561.21,112.91L561.04,112.59L560.67,112.61L560.35,112.79L560.28,112.57L560.23,112.39L560.10,112.42L559.79,112.29L559.74,112.15L559.52,112.12L559.07,112.25L558.73,112.30L558.76,112.52L558.46,112.57L558.07,112.49L557.99,112.30L557.85,112.17L557.48,112.07L556.99,112.22L556.79,112.15L556.10,112.17L555.54,112.17L554.95,112.20L554.83,112.10L554.78,111.95L554.68,111.68L554.78,111.44L554.98,111.24L555.08,111.46L555.27,111.39L555.22,111.19L555.32,110.92L555.44,110.92L556.42,110.73L556.94,110.87L557.46,111.07L557.55,111.24L557.75,111.24L557.77,111.00L558.22,110.80L558.52,110.65"]
        RenderPath {path} at (676.35,204.53) size 14.18x12.33 [stroke={[type=SOLID] [color=#808080] [stroke width=0.20]}] [fill={[type=SOLID] [color=#C0C0C0]}] [data="M685.34,114.46L684.77,115.13L684.46,115.25L683.95,115.15L683.37,115.08L682.78,115.07L682.46,115.23L681.83,115.97L681.55,116.22L681.31,116.39L681.04,116.19L680.69,116.53L680.38,116.73L680.00,116.12L679.60,116.01L678.96,116.79L678.76,116.41L678.53,116.15L677.84,115.79L677.68,115.33L677.77,115.02L678.20,114.61L678.95,114.38L679.01,114.11L678.42,113.83L678.83,112.95L679.02,112.61L678.82,112.34L678.18,112.04L678.04,112.04L677.66,112.07L677.35,112.22L677.12,112.15L676.60,111.78L676.43,111.55L676.81,111.02L677.22,110.58L677.74,110.25L679.28,109.64L680.31,109.10L680.95,108.56L681.63,107.53L682.02,107.40L682.47,107.38L682.74,107.78L683.23,108.03L683.74,108.18L684.72,108.14L685.24,107.98L685.20,107.86L684.69,107.10L684.71,106.76L684.99,106.51L685.38,106.45L685.71,106.58L686.16,106.63L686.70,106.62L687.32,106.36L688.28,105.83L688.51,105.11L688.89,104.75L689.14,104.63L689.39,104.62L689.97,105.31L690.27,105.74L690.43,106.14L689.08,107.06L688.67,107.52L688.56,107.93L688.65,108.36L688.49,108.81L688.31,109.68L687.64,109.80L687.28,110.03L686.78,110.41L686.02,111.05L685.55,111.27L684.87,111.30L684.29,111.50L684.03,111.72L683.78,112.04L683.41,112.93L683.70,113.25L684.92,114.10L685.34,114.46"]
        RenderPath {path} at (517.31,205.03) size 31.68x16.83 [stroke={[type=SOLID] [color=#808080] [stroke width=0.20]}] [fill={[type=SOLID] [color=#C0C0C0]}] [data="M536.62,121.02L536.55,120.99L536.40,120.30L536.39,119.73L536.35,118.88L536.16,118.67L535.38,118.75L534.68,118.74L534.03,118.23L532.22,116.87L531.63,116.53L530.97,116.37L530.47,116.31L529.68,116.25L528.86,115.91L528.15,115.66L527.75,115.22L526.69,115.12L526.17,115.06L525.83,115.19L525.31,115.54L524.98,115.57L524.20,115.53L523.59,115.56L523.18,115.70L522.70,116.03L522.08,116.68L521.61,116.99L521.05,117.11L520.61,117.09L520.54,116.71L520.42,116.03L520.31,115.59L520.44,115.29L520.44,114.90L520.44,114.37L520.54,114.18L520.65,113.88L520.74,113.65L520.65,113.44L520.40,113.31L520.08,113.12L519.86,112.86L519.82,112.71L519.65,112.71L519.46,112.67L519.10,112.57L518.91,112.76L518.82,112.53L518.91,112.42L519.05,112.16L519.18,112.27L519.57,112.23L519.99,112.31L520.12,112.33L520.16,112.21L519.84,111.99L519.59,111.97L519.50,111.69L519.67,111.44L519.89,111.25L519.48,111.21L519.16,111.29L518.78,111.29L518.46,111.21L518.33,111.36L518.16,111.10L518.01,110.80L518.01,110.46L517.97,110.17L518.14,109.95L518.25,109.63L518.29,109.38L518.40,109.10L518.48,108.87L518.70,109.21L518.76,109.33L518.93,109.50L519.33,109.42L519.72,109.55L519.82,109.40L519.80,109.25L519.91,109.25L520.05,109.27L520.12,109.59L520.22,109.78L520.52,109.76L520.82,109.70L521.08,109.59L521.31,109.68L521.50,109.74L521.59,109.61L521.44,109.42L521.40,109.21L521.59,109.17L521.69,109.32L521.93,109.40L522.18,109.32L522.40,109.25L522.42,109.02L522.24,108.68L521.91,108.44L521.37,108.12L520.95,107.91L520.88,107.59L520.84,107.25L520.63,107.08L520.63,106.87L520.63,106.65L520.54,106.53L519.99,106.46L519.37,106.55L518.95,106.57L518.50,106.70L518.31,106.97L518.22,107.27L518.35,107.46L518.29,107.74L518.20,108.14L518.27,108.38L518.29,108.68L518.03,108.12L517.67,107.81L517.71,107.64L517.65,107.44L517.38,107.30L517.90,106.85L518.84,106.32L520.12,106.02L521.10,105.93L521.61,106.17L522.29,106.55L522.91,106.93L523.16,107.44L523.80,108.15L524.25,108.40L524.74,108.36L525.08,108.25L525.24,108.27L526.27,108.33L527.65,108.30L527.78,107.98L527.46,107.57L527.52,106.95L528.03,106.54L528.53,106.29L529.16,106.29L529.44,106.16L529.66,105.82L529.79,105.69L530.07,105.69L530.67,105.97L530.48,105.60L530.23,105.34L530.79,105.19L530.98,105.12L531.45,105.22L532.08,105.60L532.43,105.63L532.65,105.94L533.34,106.04L533.87,106.13L534.12,106.35L534.16,106.57L534.16,106.79L534.60,107.07L534.41,107.23L534.38,107.42L534.57,107.64L534.41,107.83L534.31,108.05L535.01,108.36L535.32,108.52L535.82,108.42L536.26,108.39L536.80,108.52L537.23,108.46L537.42,108.30L538.30,108.55L538.52,108.93L538.65,109.49L539.06,110.09L539.34,110.28L539.53,110.72L539.53,111.00L540.91,111.97L542.11,112.57L542.48,113.01L543.49,113.51L543.80,113.45L544.75,114.05L545.31,114.27L546.44,114.87L546.82,115.12L547.29,115.05L547.86,115.24L548.39,115.53L548.90,115.62L548.83,115.84L548.68,116.09L548.74,116.59L548.65,117.32L547.19,117.08L546.63,116.78L546.18,117.14L545.77,117.34L544.63,117.54L544.20,118.35L544.00,119.34L543.89,119.47L543.39,119.71L541.40,120.40L540.83,120.56L540.71,120.76L540.71,121.23L540.49,121.43L539.86,121.73L539.32,121.76L538.75,121.68L537.75,121.33L536.81,121.13L536.62,121.02"]
        RenderPath {path} at (443.40,205.44) size 3.98x6.81 [stroke={[type=SOLID] [color=#808080] [stroke width=0.20]}] [fill={[type=SOLID] [color=#C0C0C0]}] [data="M445.29,112.20L445.22,112.08L445.09,111.61L444.59,111.16L443.62,110.62L443.64,110.48L443.87,110.54L443.90,110.30L443.55,109.89L443.97,109.27L443.79,109.05L443.98,108.49L443.73,108.21L443.91,107.81L444.17,107.73L444.15,107.28L443.82,107.20L443.62,107.10L443.62,106.75L443.49,106.33L443.77,105.81L444.04,105.54L444.77,105.65L445.13,105.67L445.18,105.67L445.57,106.04L446.30,106.91L446.32,107.02L446.35,107.24L446.22,107.67L446.29,108.31L446.59,108.97L447.31,109.58L447.22,109.61L446.77,110.45L446.37,110.84L445.88,111.31L445.29,112.19"]
        RenderPath {path} at (446.13,205.89) size 5.55x3.77 [stroke={[type=SOLID] [color=#808080] [stroke width=0.20]}] [fill={[type=SOLID] [color=#C0C0C0]}] [data="M451.51,108.46L451.01,108.62L450.47,108.87L449.85,108.81L449.49,108.77L449.12,108.93L448.73,109.36L448.12,109.51L447.32,109.58L446.59,108.97L446.30,108.31L446.22,107.67L446.35,107.24L446.32,107.02L446.46,107.07L446.65,107.07L446.72,106.98L446.75,106.91L446.72,106.78L446.78,106.61L446.86,106.55L447.09,106.50L447.33,106.44L447.45,106.38L447.53,106.32L447.62,106.39L447.75,106.45L447.84,106.56L447.96,106.56L447.99,106.50L447.93,106.43L448.04,106.37L448.19,106.26L448.34,106.18L448.52,106.22L448.58,106.21L448.78,106.22L448.93,106.24L449.02,106.16L449.15,106.04L449.21,106.06L449.31,106.10L449.40,106.08L449.49,106.04L449.59,106.09L449.65,106.08L449.76,106.05L449.91,106.03L450.07,106.01L450.14,105.98L450.20,106.00L450.19,106.11L450.33,106.32L450.99,106.61L451.35,107.00L451.57,107.47L451.57,107.96L451.46,108.26L451.51,108.46"]
        RenderPath {path} at (379.27,206.48) size 7.82x11.50 [stroke={[type=SOLID] [color=#808080] [stroke width=0.20]}] [fill={[type=SOLID] [color=#000B00]}] [data="M383.93,117.40L383.68,117.50L383.16,117.79L382.73,117.85L382.18,117.67L381.60,117.67L381.32,117.60L380.60,117.89L380.54,117.71L380.93,116.70L380.91,115.84L380.73,115.73L380.97,115.18L380.92,114.79L381.05,114.67L380.90,114.53L380.53,114.62L380.05,114.71L379.94,114.27L380.42,114.21L380.71,113.99L380.66,113.82L380.49,113.60L380.19,114.01L379.77,114.15L379.42,114.11L379.36,113.92L379.55,113.52L379.69,112.91L379.65,112.61L379.91,112.49L380.32,111.99L380.77,110.89L380.64,110.78L381.26,108.99L380.91,108.07L380.90,107.65L380.75,107.27L381.01,107.00L381.90,106.75L382.45,106.56L382.98,107.00L384.80,107.05L385.33,106.79L385.67,106.84L385.94,107.07L386.09,107.31L386.93,107.81L386.99,108.05L386.71,108.26L385.47,108.77L385.39,108.84L385.34,109.28L385.41,109.74L385.28,110.72L385.33,111.66L385.29,111.86L384.83,112.09L384.35,112.13L384.06,112.26L384.55,112.76L385.01,113.31L385.17,113.50L384.82,113.88L384.32,114.53L384.15,114.99L384.96,115.11L385.37,115.42L384.48,116.06L384.24,116.43L383.94,117.38L383.93,117.40"]
        RenderPath {path} at (458.32,206.57) size 41.91x13.99 [stroke={[type=SOLID] [color=#808080] [stroke width=0.20]}] [fill={[type=SOLID] [color=#000200]}] [data="M500.12,117.57L499.71,117.56L499.28,117.94L499.12,118.07L498.80,117.96L498.70,117.70L498.73,117.44L498.45,117.29L498.09,117.20L497.84,117.44L497.50,117.42L496.69,117.26L496.33,117.29L496.02,117.13L495.58,117.23L495.32,117.37L495.09,117.41L495.02,117.17L494.82,117.15L494.58,117.44L493.88,117.74L492.70,117.97L491.99,117.93L491.24,117.80L490.80,117.88L489.30,118.55L488.74,118.68L487.63,118.86L487.08,118.70L485.55,118.26L485.27,118.29L484.34,118.66L483.59,118.74L483.02,118.71L482.24,118.55L482.02,118.55L481.88,118.51L481.82,118.83L481.92,119.28L482.17,119.71L481.54,119.83L481.38,120.21L481.18,120.38L481.01,120.33L480.90,120.46L480.51,120.34L480.20,120.34L479.95,119.88L479.83,119.79L479.93,119.61L480.17,119.41L480.79,119.01L480.81,118.84L480.76,118.70L480.48,118.42L480.34,118.37L479.85,118.74L479.62,118.78L479.48,118.84L479.57,118.88L479.46,119.10L479.28,119.12L479.22,119.07L479.14,119.16L478.85,119.22L478.52,119.00L478.07,118.80L477.61,118.64L477.21,118.69L476.36,119.24L476.03,119.52L476.03,119.73L475.89,119.77L475.77,119.84L475.77,119.93L475.59,119.76L474.98,119.96L474.29,120.15L473.70,120.14L473.11,120.07L472.43,119.80L471.47,118.98L470.29,118.50L469.26,118.32L468.56,118.39L468.45,118.64L468.35,119.25L468.30,119.67L468.12,119.82L467.87,119.82L467.61,119.67L466.49,119.91L466.07,119.88L465.68,119.70L465.03,118.54L464.61,118.89L463.84,118.44L463.39,118.50L462.83,118.91L462.60,118.53L462.67,118.40L462.91,118.23L462.80,118.06L461.81,118.05L461.26,118.04L461.17,117.77L461.74,117.57L461.67,117.33L461.39,117.13L460.93,117.06L460.85,116.76L460.89,116.42L460.98,116.14L460.89,115.89L460.49,115.76L459.86,115.41L459.49,115.49L459.23,115.41L459.22,115.15L459.39,114.65L459.53,114.71L460.00,115.02L460.57,114.75L460.17,114.47L460.20,114.34L459.90,114.22L459.93,114.09L460.50,113.93L460.65,113.82L460.58,113.67L460.44,113.59L460.10,113.55L460.11,113.36L460.29,113.29L460.13,113.13L459.93,113.01L459.92,112.86L459.69,112.85L459.95,112.67L460.25,112.39L460.41,112.36L460.48,112.20L460.14,112.16L459.57,112.28L458.66,112.44L458.50,112.40L458.54,112.07L458.67,111.95L458.67,111.75L458.64,111.46L458.77,111.20L459.07,111.21L459.25,110.80L459.43,110.78L460.06,110.36L460.57,110.37L460.70,110.24L461.18,110.19L461.31,110.40L461.58,110.51L461.75,110.54L462.28,110.56L462.42,110.43L462.36,110.30L462.09,110.17L462.37,110.08L462.70,110.11L462.81,110.19L462.60,110.42L462.81,110.39L463.86,110.32L464.48,110.36L464.86,110.41L465.14,110.45L465.29,110.28L465.21,110.18L464.74,110.15L464.53,110.03L464.80,109.82L466.19,109.67L466.61,109.65L466.98,109.54L466.54,109.53L465.95,109.55L465.73,109.55L465.67,109.40L465.05,109.02L465.38,108.49L466.30,108.63L467.55,108.68L467.81,108.56L468.90,108.89L469.95,108.85L470.36,108.61L470.32,108.34L470.95,108.10L471.40,107.88L472.62,107.31L473.22,107.10L474.26,106.86L475.15,106.79L475.90,106.86L476.81,106.99L477.61,107.03L478.36,106.66L478.58,107.18L478.99,107.48L479.27,107.58L479.86,107.59L480.48,107.45L480.94,108.19L481.43,108.44L482.00,108.27L482.39,108.33L483.36,108.91L484.63,108.95L485.72,109.15L486.47,109.15L487.55,108.88L488.07,108.83L488.72,108.97L489.48,109.07L490.27,109.05L490.82,108.91L492.34,108.34L492.77,108.00L493.98,108.08L494.47,108.15L494.70,108.08L495.46,107.72L495.87,107.76L497.19,108.78L497.22,108.81L498.02,109.53L498.04,109.73L497.62,110.54L497.66,110.95L497.94,111.16L499.35,111.28L499.85,111.74L499.77,111.95L499.36,111.92L499.13,112.06L499.12,112.50L498.54,112.76L498.50,113.03L498.77,113.70L498.64,114.08L498.87,114.57L498.96,114.69L499.06,114.58L499.35,114.79L499.39,114.99L499.16,115.27L498.87,115.81L498.81,115.94L499.03,116.08L499.45,116.19L499.31,116.43L499.40,116.85L499.83,117.23L500.10,117.26L500.12,117.57M462.62,106.80L462.86,107.01L462.84,107.30L462.95,107.59L463.03,107.66L463.62,108.01L464.44,108.25L465.05,108.41L465.20,108.53L464.94,109.00L464.64,109.17L464.12,109.09L463.18,108.85L462.86,108.92L462.65,109.07L461.63,109.06L461.27,109.44L461.16,109.71L460.33,110.03L459.72,110.31L459.50,110.57L459.19,110.72L458.92,111.02L458.67,111.10L458.83,110.84L458.85,110.70L458.79,110.52L459.37,110.23L459.59,110.09L459.37,109.90L459.28,109.91L458.63,109.86L458.40,109.71L458.73,109.16L459.11,108.61L459.79,107.97L459.67,107.75L459.24,107.55L459.13,107.55L459.63,107.11L460.26,106.73L460.76,106.69L461.29,106.80L462.62,106.80"]
        RenderPath {path} at (499.74,206.90) size 13.08x8.14 [stroke={[type=SOLID] [color=#808080] [stroke width=0.20]}] [fill={[type=SOLID] [color=#C0C0C0]}] [data="M509.08,114.96L508.36,114.64L508.09,114.65L507.73,114.22L507.36,114.12L507.23,113.75L507.76,113.48L507.86,113.26L507.43,113.08L507.40,112.90L508.03,112.77L508.12,112.61L508.06,112.50L507.58,112.29L507.22,112.01L506.92,111.84L506.46,112.08L505.40,112.57L505.03,113.01L504.39,113.20L504.13,113.46L504.12,113.43L504.21,113.31L504.12,113.10L503.93,113.03L504.19,112.93L504.36,112.89L504.10,112.70L503.86,112.46L504.10,112.34L504.19,112.15L503.91,112.11L503.55,112.08L503.27,111.96L503.06,111.75L502.82,111.73L502.56,111.38L502.28,111.23L502.23,111.14L502.40,111.14L502.77,111.14L502.94,110.90L502.94,110.67L502.73,110.64L502.54,110.50L501.99,110.17L501.71,109.82L501.76,109.53L502.16,109.39L502.04,109.15L501.83,108.99L501.40,108.92L501.12,108.82L501.19,108.73L501.26,108.61L500.98,108.51L500.89,108.30L501.31,108.00L501.54,108.00L502.02,108.02L502.35,108.21L502.54,108.42L503.17,108.61L503.46,108.56L503.65,108.59L503.79,108.66L504.05,108.85L504.29,108.80L504.52,108.70L504.62,108.37L504.50,108.16L503.89,107.99L503.67,107.69L503.53,107.43L503.62,107.36L503.77,107.21L504.04,107.03L504.26,107.00L504.29,107.17L504.50,107.12L504.69,107.12L504.83,107.31L505.30,107.59L505.40,107.71L505.52,107.71L505.80,108.00L505.80,108.30L506.39,108.40L506.84,108.54L507.22,108.49L507.38,108.28L507.69,107.95L507.98,107.86L508.47,107.57L508.76,107.12L509.23,107.45L509.46,107.83L509.72,108.02L510.01,108.33L510.10,108.85L510.24,109.08L510.53,109.34L510.81,109.51L510.81,109.67L511.26,109.91L511.73,109.86L512.11,109.93L512.40,110.10L512.63,110.29L512.73,110.48L512.73,110.62L512.37,110.48L511.97,110.43L511.76,110.43L511.50,110.48L511.36,110.60L510.95,110.67L510.74,110.81L510.69,111.00L510.67,111.47L510.55,111.73L510.46,111.97L510.36,112.35L510.58,112.58L510.55,112.77L510.32,112.70L510.22,112.79L510.15,113.12L510.08,113.39L509.96,113.34L509.87,113.10L509.73,113.01L509.56,113.10L509.51,113.41L509.58,113.57L509.46,113.69L509.35,113.79L509.44,114.05L509.08,114.96M499.84,111.74L500.55,111.80L500.70,111.75L500.95,111.68L501.19,111.92L501.26,112.08L501.64,112.22L501.85,112.30L502.16,112.18L502.68,112.18L502.61,112.39L502.63,112.63L502.75,112.65L503.08,112.82L503.01,113.05L503.43,113.82L503.42,113.82L503.17,113.68L502.76,113.72L502.24,113.70L501.82,113.57L501.49,113.36L501.19,112.96L500.64,112.74L500.36,112.32L500.10,111.94L499.84,111.74"]
        RenderPath {path} at (445.20,207.43) size 14.67x15.12 [stroke={[type=SOLID] [color=#808080] [stroke width=0.20]}] [fill={[type=SOLID] [color=#001900]}] [data="M455.45,122.44L455.50,122.23L455.44,122.11L454.63,121.85L453.94,121.84L453.43,121.73L452.95,121.74L452.83,121.70L452.73,121.61L452.87,121.04L453.18,121.04L453.18,120.95L453.17,120.83L453.24,120.76L453.32,120.92L453.34,121.06L453.64,121.08L453.82,121.14L454.00,121.06L453.98,120.98L454.09,120.95L454.25,121.06L454.21,121.15L454.11,121.16L454.07,121.21L454.16,121.23L454.31,121.27L454.40,121.31L454.42,121.44L454.77,121.48L455.62,121.36L456.13,121.38L456.16,121.51L456.36,121.54L456.96,121.61L457.27,121.66L457.63,121.54L457.72,121.58L457.62,121.90L457.78,122.01L457.89,122.01L458.21,121.84L458.50,121.78L458.58,121.83L458.73,121.76L458.96,121.62L458.88,121.80L458.89,121.99L458.71,122.26L458.13,122.21L457.78,122.29L457.44,122.28L455.45,122.44M445.29,112.20L445.88,111.31L446.37,110.84L446.77,110.45L447.22,109.61L447.31,109.58L448.12,109.51L448.73,109.36L449.12,108.93L449.49,108.77L449.85,108.81L450.47,108.87L451.00,108.62L451.51,108.46L451.60,108.43L453.46,108.24L454.26,107.98L454.84,107.92L456.31,108.42L456.93,108.63L457.32,108.60L458.44,108.32L458.52,108.07L458.42,107.74L458.77,107.53L459.13,107.55L459.24,107.55L459.66,107.75L459.79,107.97L459.11,108.61L458.73,109.16L458.40,109.71L458.34,109.30L457.54,109.25L456.80,109.21L456.23,109.08L456.17,108.94L455.71,109.12L455.47,109.25L455.06,109.26L455.03,109.01L454.70,109.04L454.40,109.35L453.96,109.54L453.65,109.57L453.35,109.41L453.10,109.48L453.09,109.61L453.26,109.80L453.43,110.14L453.74,110.20L454.57,110.81L454.40,110.88L454.03,110.62L454.02,110.51L453.74,110.43L453.41,110.33L453.29,110.43L453.08,110.43L453.15,110.56L453.13,110.69L453.47,110.86L453.62,110.84L453.73,111.08L453.70,111.21L453.46,111.23L453.01,110.77L452.67,110.63L452.46,110.57L452.33,110.56L452.34,110.65L452.26,110.69L452.40,110.85L452.50,110.96L452.66,111.10L452.85,111.16L453.00,111.19L453.11,111.29L453.01,111.35L452.52,111.30L452.27,111.26L452.30,111.09L452.16,110.79L452.00,110.61L451.60,110.50L451.13,110.13L451.39,110.01L451.41,109.87L451.36,109.75L451.17,109.71L451.02,109.91L450.56,110.09L450.80,110.31L450.55,110.68L450.50,110.93L450.63,111.06L450.70,111.23L451.01,111.57L451.14,111.60L451.27,112.08L451.85,112.50L452.21,112.97L452.04,113.11L451.80,113.19L451.91,113.00L451.79,112.82L451.64,112.69L451.51,112.65L451.35,112.61L451.06,112.78L451.17,112.97L451.32,113.05L451.40,113.37L451.21,113.55L450.55,113.69L450.80,113.74L451.07,113.88L451.46,113.94L451.65,114.16L451.91,114.15L452.06,114.16L452.11,114.29L452.48,114.56L452.78,114.57L452.92,114.86L453.20,114.87L453.47,114.87L453.82,115.18L453.84,115.30L453.64,115.39L453.88,116.17L453.73,116.34L453.54,116.34L453.32,115.96L453.10,115.91L452.89,115.63L452.79,115.49L452.62,115.49L452.12,115.63L451.64,115.74L451.46,115.86L451.77,115.96L451.79,116.14L451.79,116.44L452.02,116.55L452.18,116.53L452.40,116.45L452.38,116.65L452.61,116.82L452.10,116.91L452.10,117.03L451.93,117.09L451.62,117.01L451.74,116.80L451.55,116.71L451.05,116.65L450.89,116.56L450.88,116.77L451.08,117.22L451.27,117.39L451.22,117.56L451.43,117.76L451.64,118.72L450.96,118.41L450.63,118.48L450.33,118.92L449.89,118.18L449.43,117.82L448.97,118.26L448.55,117.90L448.42,117.61L448.63,117.18L448.60,116.94L448.39,116.67L447.90,116.25L447.73,116.02L447.75,115.85L448.22,115.24L448.83,115.34L449.25,115.04L449.45,115.08L451.12,115.75L451.46,115.65L451.94,115.29L451.68,115.24L451.41,115.19L450.20,114.69L449.08,114.61L448.71,114.67L448.05,114.73L447.62,114.87L446.73,113.75L447.00,113.65L447.25,113.71L447.47,113.59L447.59,113.41L447.25,113.17L447.02,113.28L446.52,113.24L445.49,112.52L445.29,112.19"]
        RenderPath {path} at (497.15,208.21) size 7.26x5.71 [stroke={[type=SOLID] [color=#808080] [stroke width=0.20]}] [fill={[type=SOLID] [color=#C0C0C0]}] [data="M504.14,113.46L503.81,113.79L503.43,113.82L503.01,113.05L503.08,112.82L502.75,112.65L502.63,112.63L502.61,112.39L502.68,112.18L502.16,112.18L501.85,112.30L501.64,112.23L501.26,112.08L501.19,111.92L500.95,111.68L500.69,111.75L500.55,111.80L499.84,111.74L499.35,111.29L497.94,111.17L497.65,110.96L497.62,110.54L498.04,109.73L498.02,109.53L497.22,108.81L497.60,108.70L497.90,108.73L498.21,108.63L498.64,108.61L499.04,108.49L499.63,108.54L500.22,108.44L500.60,108.40L500.89,108.30L500.98,108.51L501.26,108.61L501.19,108.73L501.12,108.82L501.40,108.92L501.83,108.99L502.04,109.15L502.16,109.39L501.76,109.53L501.71,109.82L502.00,110.17L502.54,110.50L502.73,110.64L502.94,110.67L502.94,110.90L502.78,111.14L502.40,111.14L502.23,111.14L502.28,111.23L502.56,111.37L502.82,111.73L503.06,111.75L503.27,111.96L503.56,112.08L503.91,112.11L504.19,112.15L504.10,112.34L503.86,112.46L504.10,112.70L504.36,112.89L504.19,112.93L503.93,113.03L504.12,113.10L504.22,113.31L504.12,113.43L504.14,113.46"]
        RenderPath {path} at (550.50,208.75) size 16.83x9.88 [stroke={[type=SOLID] [color=#808080] [stroke width=0.20]}] [fill={[type=SOLID] [color=#C0C0C0]}] [data="M566.65,117.40L566.09,117.25L565.59,117.19L565.33,117.04L564.76,117.27L563.79,117.42L563.65,117.36L563.78,117.18L563.58,117.10L562.90,117.13L562.16,117.45L561.57,117.93L560.98,118.00L560.24,118.49L559.89,118.52L559.52,118.50L559.39,118.41L559.23,118.00L559.03,117.48L559.21,117.04L559.31,116.26L559.34,116.01L559.17,115.82L558.69,115.92L558.84,115.32L558.27,114.87L558.11,114.81L557.73,114.83L557.45,114.99L557.31,115.35L556.88,115.78L556.83,116.21L556.83,116.46L556.62,116.69L556.18,116.85L556.05,116.83L555.46,116.68L555.17,116.74L555.10,116.93L555.10,117.24L554.80,117.55L554.59,117.68L554.21,117.69L553.58,117.46L553.26,117.46L552.68,117.74L552.10,118.09L551.61,118.23L551.37,118.19L551.24,118.05L551.20,117.99L551.57,117.15L551.51,116.77L551.89,116.40L552.17,115.89L552.67,115.55L552.83,115.33L552.71,115.04L552.23,114.73L552.11,114.32L552.14,113.85L552.27,113.63L552.14,113.41L551.79,113.41L551.35,113.38L551.20,113.22L550.85,113.03L550.60,112.75L550.72,112.28L551.20,112.00L551.83,112.12L552.89,112.22L553.18,112.03L553.24,111.62L553.49,111.46L553.68,111.46L553.71,111.12L553.90,111.05L554.15,110.99L554.02,110.90L553.49,110.93L553.24,110.80L553.74,110.71L554.31,110.61L554.78,110.71L554.84,110.58L554.87,110.24L554.68,109.92L554.97,109.61L554.93,109.39L555.28,109.39L555.50,109.54L555.75,109.76L555.97,109.61L556.66,109.42L557.14,109.07L557.36,108.82L557.80,109.20L558.05,109.45L557.86,109.67L557.45,110.02L557.20,110.14L557.33,110.33L557.58,110.39L557.77,110.68L558.17,110.65L558.52,110.65L558.22,110.80L557.78,110.99L557.75,111.24L557.56,111.24L557.46,111.07L556.94,110.87L556.43,110.72L555.45,110.92L555.32,110.92L555.22,111.19L555.27,111.39L555.08,111.46L554.98,111.24L554.78,111.44L554.68,111.68L554.78,111.95L554.83,112.10L554.95,112.20L555.54,112.17L556.11,112.17L556.79,112.15L556.99,112.22L557.48,112.07L557.85,112.17L558.00,112.29L558.07,112.49L558.46,112.57L558.76,112.52L558.73,112.29L559.08,112.25L559.52,112.12L559.74,112.15L559.79,112.29L560.11,112.42L560.23,112.39L560.28,112.57L560.35,112.79L560.67,112.61L561.04,112.59L561.21,112.91L561.41,112.91L561.58,112.76L562.41,112.54L563.08,112.61L563.61,112.61L563.96,112.44L564.30,112.35L564.50,112.42L564.49,112.49L564.51,113.52L564.30,113.74L564.38,114.05L564.71,114.44L565.17,114.39L565.40,114.23L565.62,114.29L566.31,114.33L566.58,114.49L566.88,114.98L566.87,115.26L566.90,115.51L567.05,115.52L567.10,115.64L566.97,116.07L567.22,116.31L567.06,116.67L567.26,116.83L567.08,117.02L567.00,117.27L566.65,117.40"]
        RenderPath {path} at (498.40,211.66) size 42.85x32.91 [stroke={[type=SOLID] [color=#808080] [stroke width=0.20]}] [fill={[type=SOLID] [color=#000800]}] [data="M500.12,117.57L500.10,117.26L499.82,117.23L499.40,116.86L499.30,116.43L499.45,116.19L499.02,116.08L498.81,115.94L498.87,115.81L499.16,115.28L499.39,114.99L499.35,114.79L499.06,114.58L498.95,114.69L498.86,114.57L498.64,114.08L498.76,113.71L498.50,113.04L498.54,112.76L499.12,112.50L499.13,112.07L499.36,111.92L499.77,111.95L499.84,111.74L500.10,111.93L500.36,112.31L500.64,112.73L501.19,112.95L501.49,113.36L501.82,113.57L502.24,113.69L502.75,113.72L503.17,113.68L503.42,113.81L503.43,113.81L503.81,113.78L504.14,113.45L504.39,113.20L505.03,113.01L505.41,112.57L506.46,112.07L506.92,111.84L507.23,112.00L507.58,112.29L508.06,112.50L508.12,112.61L508.03,112.76L507.40,112.89L507.43,113.08L507.86,113.26L507.76,113.48L507.23,113.75L507.36,114.11L507.73,114.22L508.09,114.65L508.36,114.63L509.08,114.95L509.09,114.96L509.04,115.67L508.90,116.25L509.11,116.73L509.60,116.98L510.52,117.21L511.35,117.26L511.78,117.36L511.94,117.64L512.25,118.10L512.94,118.56L514.84,119.07L515.68,119.12L516.12,119.06L517.47,118.80L518.66,118.65L520.13,118.57L520.54,118.35L520.73,117.99L520.60,117.09L520.61,117.09L521.05,117.11L521.61,116.98L522.08,116.68L522.70,116.03L523.18,115.70L523.59,115.56L524.20,115.52L524.98,115.56L525.31,115.53L525.83,115.19L526.17,115.06L526.69,115.11L527.75,115.22L528.15,115.66L528.86,115.91L529.68,116.24L530.47,116.31L530.97,116.36L531.63,116.53L532.22,116.87L534.03,118.23L534.68,118.74L535.38,118.75L536.16,118.67L536.35,118.88L536.39,119.73L536.40,120.29L536.55,120.99L536.63,121.01L536.48,121.25L536.40,121.59L536.15,122.40L535.66,123.67L535.44,123.97L534.84,124.35L534.83,124.50L534.95,125.16L535.04,125.26L535.78,125.49L535.81,125.67L535.15,126.61L535.11,126.76L535.36,127.85L535.53,129.13L535.67,129.91L535.87,130.12L536.08,130.16L537.27,130.43L537.67,130.60L537.82,130.97L537.86,131.40L537.44,131.96L536.59,132.75L535.73,133.79L536.53,134.87L537.24,135.94L537.60,136.40L538.29,136.79L539.44,137.18L539.85,137.40L540.01,137.78L540.12,139.12L540.31,139.52L540.96,139.57L541.15,139.85L541.11,140.82L540.92,141.08L540.72,141.15L539.72,141.23L539.02,141.49L538.22,141.96L537.94,142.34L537.63,143.13L537.58,143.49L537.40,144.44L536.90,144.47L535.82,144.32L535.58,144.12L534.98,143.87L534.57,143.81L533.14,143.81L532.36,143.77L531.76,143.84L531.28,143.46L531.12,143.34L530.28,143.31L529.71,143.31L529.24,143.33L529.03,143.09L528.28,142.96L527.97,142.78L527.81,142.76L527.79,142.26L527.49,142.14L527.39,141.62L527.10,141.27L527.09,140.63L526.78,140.14L526.54,140.15L526.50,139.97L525.98,139.85L525.17,139.83L524.80,139.85L524.59,140.07L524.26,140.09L523.74,140.17L523.55,140.53L523.02,140.67L522.63,141.11L522.27,141.39L522.01,141.44L520.72,140.75L519.76,140.64L519.20,140.29L518.11,139.97L517.86,139.67L517.54,139.38L517.04,138.79L516.05,138.36L515.46,138.27L515.27,138.25L514.69,137.78L514.09,136.72L513.46,135.61L513.25,135.34L513.25,134.75L512.49,133.99L511.98,133.27L511.06,133.41L510.60,133.37L510.47,133.24L510.18,133.19L509.99,132.92L509.96,132.35L509.51,132.45L509.35,132.55L509.02,133.23L508.83,133.41L508.48,133.43L508.46,133.31L508.11,133.08L507.42,132.54L507.49,132.32L507.48,131.93L507.32,131.46L507.10,131.45L506.55,131.46L506.52,131.13L506.57,130.55L506.77,129.93L506.78,129.42L506.67,129.18L506.38,128.90L505.61,128.30L505.17,128.09L503.93,127.17L503.40,127.14L503.08,127.25L503.00,127.11L503.03,126.29L502.01,125.33L501.70,124.98L501.70,124.80L501.83,123.92L502.07,123.16L503.21,122.18L502.79,121.42L502.80,121.17L503.27,120.57L502.20,120.46L501.44,120.25L501.38,120.06L500.81,118.97L500.12,117.57"]
        RenderPath {path} at (534.73,214.73) size 31.98x20.23 [stroke={[type=SOLID] [color=#808080] [stroke width=0.20]}] [fill={[type=SOLID] [color=#C0C0C0]}] [data="M535.73,133.79L536.59,132.76L537.44,131.96L537.86,131.41L537.82,130.97L537.67,130.61L537.27,130.44L536.08,130.16L535.87,130.12L535.68,129.91L535.53,129.14L535.37,127.86L535.11,126.77L535.15,126.61L535.81,125.68L535.78,125.50L535.04,125.26L534.95,125.16L534.83,124.50L534.84,124.36L535.44,123.98L535.66,123.68L536.15,122.41L536.40,121.60L536.48,121.26L536.63,121.02L536.82,121.13L537.76,121.32L538.76,121.67L539.33,121.75L539.86,121.72L540.50,121.42L540.72,121.22L540.72,120.76L540.84,120.56L541.41,120.40L543.39,119.71L543.90,119.47L544.00,119.34L544.21,118.35L544.64,117.54L545.77,117.34L546.19,117.14L546.64,116.78L547.20,117.07L548.65,117.32L548.75,117.33L549.40,117.35L550.61,117.39L550.85,117.52L551.20,118.00L551.24,118.06L551.37,118.20L551.61,118.24L552.10,118.09L552.68,117.75L553.26,117.46L553.59,117.46L554.22,117.70L554.60,117.68L554.81,117.56L555.11,117.24L555.10,116.93L555.17,116.75L555.46,116.69L556.05,116.84L556.18,116.86L556.63,116.70L556.83,116.47L556.83,116.21L556.88,115.79L557.31,115.36L557.45,115.00L557.73,114.84L558.12,114.82L558.27,114.88L558.84,115.33L558.69,115.92L559.17,115.83L559.34,116.02L559.31,116.27L559.22,117.05L559.03,117.49L559.23,118.01L559.39,118.42L559.52,118.50L559.89,118.53L560.24,118.50L560.98,118.01L561.57,117.94L562.17,117.46L562.91,117.14L563.58,117.11L563.78,117.19L563.65,117.36L563.79,117.42L564.76,117.28L565.33,117.05L565.59,117.20L566.09,117.25L566.65,117.41L566.46,117.55L565.89,117.49L565.90,117.76L566.13,117.77L566.18,117.86L566.03,118.00L565.67,118.01L565.22,118.31L564.89,118.30L564.55,118.48L563.90,118.33L562.56,118.35L561.41,118.50L560.88,118.79L560.61,118.98L560.05,119.38L559.80,119.35L559.54,119.57L559.08,119.98L559.09,120.30L559.50,120.57L559.51,120.91L559.74,121.08L559.62,121.56L559.82,122.04L559.50,122.46L558.97,122.82L558.57,123.16L558.44,123.44L558.67,123.92L558.70,124.23L558.41,124.49L557.90,124.70L557.20,124.66L556.20,124.54L555.85,124.67L556.20,125.00L556.56,125.41L556.69,125.69L556.78,126.13L556.58,126.39L556.27,126.50L555.75,126.53L555.34,126.65L555.04,126.87L554.82,127.30L554.53,128.13L554.39,129.35L554.37,129.43L554.03,129.81L553.80,129.90L552.79,129.52L552.23,129.50L551.67,129.74L551.31,130.01L550.99,130.71L550.74,130.79L550.22,130.71L549.58,130.67L549.29,130.74L548.70,131.18L548.28,131.55L548.10,131.89L547.86,132.77L547.77,133.67L547.70,133.86L547.45,134.01L546.38,134.29L545.20,134.48L544.24,134.65L543.00,134.77L542.00,134.64L541.65,134.64L540.46,134.86L539.72,134.83L539.18,134.79L538.33,134.56L537.26,134.31L536.63,134.12L535.74,133.80"]
        RenderPath {path} at (486.61,217.05) size 21.97x18.76 [stroke={[type=SOLID] [color=#808080] [stroke width=0.20]}] [fill={[type=SOLID] [color=#C0C0C0]}] [data="M486.70,126.29L491.95,123.58L492.54,120.88L492.52,120.42L492.33,119.91L492.34,119.65L492.57,119.30L492.88,119.08L493.75,118.91L494.20,118.54L495.15,117.66L495.09,117.42L495.32,117.37L495.58,117.23L496.02,117.14L496.33,117.30L496.69,117.26L497.50,117.42L497.84,117.44L498.09,117.21L498.45,117.29L498.73,117.44L498.70,117.70L498.80,117.97L499.12,118.07L499.28,117.95L499.71,117.56L500.12,117.57L500.81,118.97L501.37,120.06L501.44,120.25L502.20,120.46L503.27,120.57L502.80,121.17L502.79,121.42L503.21,122.18L502.07,123.16L501.83,123.92L501.70,124.80L501.70,124.98L502.01,125.33L503.03,126.29L503.00,127.11L503.08,127.26L503.40,127.15L503.93,127.17L505.17,128.10L505.61,128.30L506.38,128.91L506.67,129.19L506.78,129.43L506.77,129.93L506.57,130.56L506.52,131.14L506.55,131.46L507.10,131.46L507.32,131.47L507.48,131.94L507.49,132.33L507.42,132.54L508.11,133.09L508.46,133.31L508.48,133.43L508.38,133.44L507.71,133.54L507.31,133.48L507.15,133.54L507.05,133.66L505.78,133.71L505.26,133.84L504.92,134.53L504.45,135.14L503.93,135.71L499.88,135.58L498.33,134.88L497.51,134.60L497.40,134.35L497.35,133.53L497.47,133.14L497.33,132.77L496.36,132.82L496.22,132.75L495.82,132.12L495.56,131.92L493.12,130.82L491.98,130.35L489.95,129.41L489.19,129.19L488.06,128.73L487.97,128.67L487.88,128.62L487.56,127.93L486.69,126.30"]
        RenderPath {path} at (479.39,217.05) size 15.85x11.62 [stroke={[type=SOLID] [color=#808080] [stroke width=0.20]}] [fill={[type=SOLID] [color=#C0C0C0]}] [data="M479.92,127.38L479.83,127.29L479.88,127.17L479.86,126.99L479.66,126.86L479.48,126.51L479.87,126.30L479.92,126.21L480.44,125.81L480.39,125.75L480.17,125.65L480.25,125.50L480.55,125.25L481.14,125.25L481.00,125.10L480.97,125.05L481.05,124.94L481.22,124.78L481.39,124.66L481.69,124.42L481.62,124.37L481.65,124.20L481.56,124.16L481.53,123.93L481.29,123.78L481.06,123.72L481.27,123.52L481.14,123.46L481.09,123.35L480.97,123.41L480.63,123.46L480.25,123.43L480.02,122.87L480.15,122.28L480.22,122.21L480.12,121.71L479.70,121.38L479.83,121.29L479.86,121.14L479.98,121.01L479.89,120.79L479.99,120.77L480.25,120.45L480.19,120.34L480.50,120.34L480.89,120.47L481.01,120.34L481.18,120.38L481.38,120.21L481.54,119.84L482.16,119.71L481.92,119.29L481.82,118.83L481.87,118.52L482.01,118.55L482.24,118.55L483.01,118.72L483.59,118.74L484.33,118.67L485.26,118.29L485.54,118.26L487.07,118.71L487.63,118.86L488.73,118.68L489.30,118.55L490.80,117.88L491.24,117.81L491.98,117.93L492.70,117.97L493.88,117.75L494.57,117.44L494.81,117.15L495.02,117.17L495.08,117.42L495.14,117.66L494.20,118.54L493.74,118.91L492.88,119.09L492.57,119.30L492.34,119.65L492.33,119.91L492.51,120.42L492.54,120.89L491.95,123.59L486.69,126.30L486.53,126.37L483.57,127.91L482.43,128.57L482.18,128.58L481.81,128.41L479.91,127.38"]
        RenderPath {path} at (417.21,217.14) size 8.95x15.90 [stroke={[type=SOLID] [color=#808080] [stroke width=0.20]}] [fill={[type=SOLID] [color=#C0C0C0]}] [data="M426.07,126.43L425.98,127.42L426.04,127.98L425.95,128.25L425.14,128.68L424.57,128.99L423.09,130.13L422.97,130.48L423.24,131.46L423.09,131.99L422.94,132.22L422.07,132.82L421.85,132.96L421.29,131.42L420.59,129.18L420.27,128.72L419.90,128.47L419.47,128.29L418.99,127.45L418.76,126.99L418.40,126.71L417.95,126.61L417.61,125.84L417.31,124.95L417.42,124.44L418.42,123.59L418.84,123.23L419.00,122.82L419.05,122.29L419.00,121.69L418.97,120.80L418.96,119.37L419.07,118.93L419.76,118.30L419.77,118.12L420.28,117.93L420.91,117.48L421.50,117.25L422.20,117.24L422.85,117.42L423.10,117.63L423.15,117.87L423.40,118.41L423.67,118.49L424.09,118.32L424.67,117.88L425.08,117.71L425.11,118.07L424.85,118.63L424.21,119.14L423.93,119.61L423.94,119.90L424.14,120.33L424.65,120.80L425.00,120.93L425.30,121.78L425.21,121.99L424.67,122.75L424.08,123.09L423.06,124.01L422.84,124.35L423.13,124.80L423.72,125.35L424.24,125.65L424.53,125.70L424.92,125.47L425.24,125.56L425.48,126.19L426.07,126.43"]
        RenderPath {path} at (381.28,217.58) size 45.94x40.50 [stroke={[type=SOLID] [color=#808080] [stroke width=0.20]}] [fill={[type=SOLID] [color=#C0C0C0]}] [data="M381.40,139.70L381.38,138.83L381.44,136.82L381.48,136.44L382.17,136.13L383.68,135.13L384.64,134.59L385.91,134.66L386.30,134.60L386.48,133.91L387.35,133.88L388.13,133.71L388.65,133.48L389.18,133.12L389.66,132.47L390.77,132.14L392.29,131.43L392.42,131.21L392.12,130.59L392.10,130.19L392.18,129.96L392.44,129.85L393.63,129.73L394.01,129.54L394.32,128.99L395.34,129.01L396.01,129.00L397.84,129.00L398.18,127.97L398.11,127.76L397.60,127.43L397.00,126.65L396.84,126.18L396.86,124.91L396.88,124.08L396.71,123.19L396.53,122.98L395.96,122.70L395.70,122.19L396.05,122.19L396.71,122.05L397.26,121.79L397.62,121.22L398.03,120.91L398.54,120.83L398.95,120.67L399.62,120.40L399.95,120.63L400.12,120.64L400.37,120.67L400.61,120.53L401.02,120.01L401.63,119.59L402.31,119.23L402.93,119.06L404.09,118.95L405.67,118.89L406.19,118.82L406.82,118.50L407.40,118.71L407.96,118.64L408.55,118.33L408.89,118.23L409.83,118.24L410.34,118.23L410.65,118.28L410.87,118.32L411.19,118.44L412.01,118.61L412.54,118.59L413.31,118.42L414.02,118.22L414.63,117.67L415.62,118.17L415.96,118.27L416.27,118.13L416.59,117.89L416.82,117.73L417.34,117.77L417.73,117.97L417.89,118.24L418.16,118.37L418.68,118.28L419.77,118.12L419.76,118.31L419.07,118.93L418.96,119.37L418.97,120.80L419.00,121.69L419.05,122.29L419.00,122.82L418.84,123.24L418.42,123.59L417.42,124.44L417.31,124.95L417.61,125.84L417.95,126.61L418.40,126.71L418.77,126.99L418.99,127.46L419.47,128.29L419.91,128.47L420.27,128.72L420.59,129.18L421.29,131.43L421.86,132.96L421.65,133.12L421.41,133.50L422.29,135.11L422.44,135.94L422.49,136.63L422.39,137.49L422.49,138.24L422.33,138.86L422.17,139.36L422.63,140.51L422.57,141.18L422.48,141.35L421.82,141.82L421.57,141.95L421.42,142.23L422.69,143.93L422.94,144.85L423.50,145.72L423.74,145.87L424.29,145.67L424.99,145.84L426.02,146.18L426.19,146.35L427.05,147.86L427.15,147.93L426.89,148.12L425.26,148.96L421.24,151.20L419.64,152.15L417.33,153.61L416.49,154.26L413.41,156.88L411.59,157.24L409.92,157.57L407.74,157.97L407.60,157.41L407.76,156.73L407.66,156.21L407.38,155.86L407.07,155.75L406.32,155.72L405.95,155.55L405.36,154.99L404.89,155.31L404.66,155.28L403.55,154.24L403.16,153.96L403.08,153.78L403.17,153.38L402.99,153.13L400.52,151.66L400.12,151.41L398.83,150.58L396.91,149.32L393.62,147.08L392.81,146.51L390.76,145.16L389.86,144.63L389.76,144.55L388.35,143.64L384.23,141.22L381.40,139.71"]
        RenderPath {path} at (371.32,220.31) size 26.95x18.66 [stroke={[type=SOLID] [color=#808080] [stroke width=0.20]}] [fill={[type=SOLID] [color=#000100]}] [data="M395.70,122.19L395.96,122.70L396.53,122.98L396.71,123.19L396.88,124.08L396.86,124.91L396.84,126.18L397.00,126.64L397.60,127.43L398.11,127.75L398.17,127.97L397.83,129.00L396.01,128.99L395.34,129.01L394.32,128.99L394.01,129.54L393.63,129.73L392.44,129.85L392.18,129.96L392.10,130.19L392.12,130.59L392.42,131.21L392.29,131.43L390.77,132.13L389.66,132.47L389.18,133.12L388.65,133.48L388.12,133.70L387.35,133.88L386.48,133.91L386.30,134.60L385.91,134.66L384.64,134.59L383.68,135.13L382.17,136.12L381.48,136.44L381.44,136.82L381.37,138.83L379.95,138.84L378.24,138.83L375.56,138.83L373.05,138.83L371.41,138.87L371.55,138.59L371.98,138.18L372.41,138.10L373.71,137.81L374.85,137.36L375.30,137.04L376.45,136.19L377.60,135.32L378.64,134.21L379.10,133.52L379.24,133.01L379.19,132.52L378.76,131.74L378.67,131.06L378.77,130.55L379.16,129.92L379.87,129.05L380.08,128.40L380.02,128.04L380.09,127.68L381.37,126.48L382.10,126.00L383.01,125.67L384.28,125.21L385.01,124.81L385.57,124.26L386.11,123.52L386.57,122.61L387.40,120.69L387.67,120.56L388.21,120.39L388.40,120.52L389.08,121.37L389.22,121.46L390.37,121.97L391.03,121.97L391.62,122.01L392.93,121.94L393.45,121.71L393.89,121.44L394.29,121.99L394.54,122.09L395.34,122.19L395.70,122.19"]
        RenderPath {path} at (478.22,223.26) size 3.54x3.80 [stroke={[type=SOLID] [color=#808080] [stroke width=0.20]}] [fill={[type=SOLID] [color=#C0C0C0]}] [data="M480.25,123.44L480.64,123.46L480.97,123.41L481.09,123.35L481.14,123.47L481.27,123.52L481.07,123.72L481.29,123.78L481.53,123.94L481.56,124.16L481.65,124.21L481.63,124.37L481.69,124.43L481.39,124.67L481.23,124.78L481.05,124.94L480.97,125.06L481.01,125.10L481.15,125.25L480.55,125.25L480.25,125.50L480.17,125.65L480.39,125.75L480.44,125.81L479.92,126.21L479.88,126.31L479.48,126.51L479.41,126.49L479.32,126.53L479.25,126.73L479.24,126.89L478.89,126.96L478.82,126.86L478.67,126.84L478.30,126.89L478.56,126.60L478.65,126.24L478.82,126.01L479.15,125.33L479.13,125.10L479.31,125.10L479.45,124.91L479.52,124.59L479.54,124.27L479.95,123.84L480.18,123.77L480.30,123.59L480.25,123.44"]
        RenderPath {path} at (140.09,227.49) size 67.47x40.36 [stroke={[type=SOLID] [color=#808080] [stroke width=0.20]}] [fill={[type=SOLID] [color=#000E00]}] [data="M184.44,142.73L184.08,143.55L183.56,144.37L183.37,145.13L183.19,146.29L183.21,148.14L183.08,149.33L183.06,150.46L183.63,152.20L183.90,153.00L184.52,153.95L185.29,154.85L185.48,155.30L185.96,155.82L186.49,156.80L187.21,158.02L187.59,158.32L188.27,158.39L188.70,158.38L189.28,158.53L189.87,158.98L190.38,159.49L191.15,159.56L192.16,159.32L193.71,158.86L195.11,158.56L195.91,158.40L195.89,158.94L196.73,159.17L197.00,158.88L197.29,158.68L197.18,158.43L196.79,158.26L197.87,157.64L198.50,157.02L198.58,156.19L199.08,155.76L198.99,155.29L199.08,154.14L199.33,153.44L199.96,153.11L200.12,153.07L200.88,152.87L201.58,152.77L202.67,152.54L203.68,152.17L204.28,152.11L204.78,152.17L205.92,152.35L206.42,152.15L206.80,152.25L207.42,152.75L207.46,153.05L207.38,153.48L207.09,153.86L206.55,154.35L206.11,154.78L205.80,155.22L205.78,155.92L205.52,156.22L205.33,156.57L205.49,156.73L205.83,156.59L205.73,157.24L205.46,158.44L205.36,159.00L205.29,159.24L204.95,158.71L204.79,158.25L204.71,158.10L204.33,158.44L204.31,158.99L203.87,159.00L203.69,159.45L203.10,160.31L202.71,160.04L202.43,160.13L202.46,160.46L200.12,160.46L198.33,160.45L198.29,161.69L197.29,161.72L197.69,161.95L198.18,162.49L198.81,162.72L199.17,163.41L199.70,163.63L199.49,164.31L197.73,164.31L196.67,164.31L195.59,166.13L195.90,166.52L195.69,166.76L195.74,167.31L195.79,167.77L195.08,167.21L194.13,166.32L193.17,165.56L192.10,164.71L191.57,164.35L191.52,164.28L190.88,164.03L189.83,163.82L189.17,163.86L188.36,164.26L187.26,164.83L186.50,165.08L185.57,165.01L184.85,164.80L184.37,164.61L183.06,164.41L182.47,164.15L181.83,163.72L180.89,163.20L180.11,162.94L178.40,162.54L177.43,162.18L176.71,161.81L175.64,161.38L175.05,161.02L173.92,160.02L173.72,159.96L173.11,160.01L172.42,159.87L170.59,159.30L170.02,158.76L169.52,158.13L169.02,157.73L167.98,157.16L167.36,156.89L166.86,156.40L166.11,155.41L165.75,154.86L165.71,154.74L165.86,154.59L166.37,154.50L166.55,154.33L166.59,154.15L166.26,153.78L166.72,153.10L166.76,152.72L166.59,152.26L165.85,151.30L165.97,151.00L166.11,150.83L166.04,150.56L165.38,149.94L163.88,148.17L163.34,147.67L162.37,146.62L161.90,146.09L161.08,145.51L160.76,145.32L160.60,145.05L160.55,144.57L160.40,144.39L160.07,144.19L159.46,143.99L159.06,143.68L158.69,143.16L158.42,143.13L158.01,143.25L157.77,143.09L157.60,142.73L157.60,142.40L158.06,141.66L157.93,141.32L157.18,140.71L156.74,140.96L156.37,140.34L156.25,139.99L155.89,139.77L155.28,139.61L154.96,139.31L154.84,139.06L154.89,138.68L154.97,138.41L154.79,138.18L154.22,137.97L153.76,137.87L153.30,137.62L152.37,136.76L151.89,136.05L151.61,135.50L150.96,134.67L150.23,133.60L150.04,133.18L149.66,132.50L149.42,132.16L149.27,131.71L149.31,131.20L149.34,130.89L148.78,130.65L147.99,130.45L147.93,130.00L147.80,129.85L147.34,129.66L147.05,129.99L146.80,130.03L145.37,129.38L145.09,130.39L145.04,130.83L145.08,130.91L145.34,131.25L145.60,131.54L145.63,132.59L145.72,133.10L146.23,133.78L146.37,133.95L147.02,134.21L147.62,134.75L148.14,135.41L148.74,136.63L149.18,136.91L149.51,136.95L149.75,137.12L150.07,138.52L150.18,138.69L150.42,138.84L150.92,138.90L151.05,138.95L151.27,139.39L151.43,140.04L151.87,140.83L152.36,140.76L152.59,140.62L152.83,141.07L153.18,142.54L153.71,143.60L154.36,144.80L154.43,145.39L154.41,145.91L154.67,146.27L155.05,146.42L155.44,146.25L155.67,146.05L156.26,146.86L156.52,147.43L156.98,147.69L157.26,147.70L157.40,148.01L157.20,148.55L157.06,148.68L156.37,149.27L156.12,149.23L155.87,148.82L155.63,148.09L155.01,147.51L154.39,147.20L153.87,146.72L153.04,146.21L151.89,145.23L151.48,144.78L151.32,144.51L151.53,143.52L151.50,143.26L151.01,142.26L150.77,141.88L150.44,141.60L150.00,141.50L149.50,141.19L148.83,140.51L148.52,140.66L148.16,140.60L146.90,139.85L146.18,139.54L145.28,138.57L145.14,138.45L144.90,138.19L145.57,138.34L146.17,138.35L146.76,138.07L147.01,137.74L147.10,137.11L147.09,136.92L146.63,136.29L146.16,135.84L145.06,134.95L144.08,134.46L143.68,134.12L143.47,133.60L143.20,132.95L143.11,132.79L142.66,132.67L142.51,132.31L142.49,131.72L142.28,131.32L141.66,130.59L141.23,129.88L141.22,129.63L141.44,129.25L140.66,128.63L140.40,128.30L140.18,127.82L140.52,127.80L142.89,127.65L145.27,127.56L145.59,127.87L145.86,128.03L147.04,128.42L149.85,129.35L153.37,130.46L153.71,130.52L155.37,130.54L156.91,130.55L157.88,130.59L159.75,130.58L159.96,130.48L160.05,129.59L161.91,129.59L163.80,129.64L164.01,129.75L164.65,130.41L165.41,131.04L166.25,131.56L166.96,132.05L167.13,132.28L167.42,132.96L167.74,133.80L168.18,134.35L169.27,135.01L170.38,135.51L170.71,135.58L171.22,135.60L171.63,135.44L171.91,135.07L172.33,134.65L172.91,134.11L173.38,133.91L174.02,133.89L174.49,133.98L175.28,134.30L175.69,134.55L176.05,134.91L176.72,135.94L177.46,137.17L178.30,138.21L178.96,138.79L179.23,139.04L179.31,139.51L179.64,140.44L179.98,141.03L180.35,141.40L181.27,141.72L182.30,142.28L182.57,142.35L182.98,142.23L183.28,142.23L184.09,142.61L184.44,142.73"]
        RenderPath {path} at (503.86,233.57) size 4.47x3.46 [stroke={[type=SOLID] [color=#808080] [stroke width=0.20]}] [fill={[type=SOLID] [color=#C0C0C0]}] [data="M507.05,133.66L507.10,133.86L507.24,134.55L506.90,134.52L506.39,135.04L506.81,135.23L507.23,135.03L507.53,135.05L508.23,136.89L507.59,136.93L506.52,136.88L506.33,136.64L506.00,136.02L505.59,135.97L503.93,135.71L504.45,135.14L504.92,134.53L505.26,133.84L505.78,133.71L507.05,133.67"]
        RenderPath {path} at (605.21,236.86) size 19.93x40.83 [stroke={[type=SOLID] [color=#808080] [stroke width=0.20]}] [fill={[type=SOLID] [color=#C0C0C0]}] [data="M606.16,150.95L606.75,151.10L607.01,151.24L607.26,151.12L607.53,150.75L607.54,150.07L607.39,149.14L607.62,148.96L608.02,148.81L608.21,148.46L608.07,146.86L608.20,146.58L609.01,146.90L609.40,147.01L609.71,147.02L609.88,146.90L611.03,144.65L611.03,144.32L610.84,143.91L610.88,143.70L611.82,142.57L611.95,142.18L611.90,141.42L612.09,141.07L613.54,140.19L614.26,139.68L614.57,139.55L615.13,139.63L615.98,139.85L616.28,139.79L616.09,139.07L616.16,138.79L616.76,138.21L616.87,137.97L616.89,137.46L616.89,137.33L617.20,136.99L617.47,136.95L617.98,137.23L618.38,137.66L618.62,138.56L618.84,138.87L619.12,138.91L619.63,138.88L619.77,139.02L619.97,140.67L619.99,141.55L619.64,142.41L619.21,143.13L618.59,143.66L618.11,143.93L617.92,144.12L617.30,144.98L617.38,145.44L617.54,146.15L617.31,146.73L617.31,146.99L617.53,147.06L617.84,146.98L618.66,146.53L619.43,146.45L619.91,146.43L620.07,146.55L620.34,148.32L620.55,148.64L621.10,148.57L621.62,148.66L621.65,148.93L620.92,150.51L621.04,150.87L621.27,150.96L621.78,150.96L622.26,150.92L622.55,151.29L622.89,152.04L623.27,152.31L623.51,152.39L624.16,152.23L624.79,151.82L624.90,152.20L625.05,152.44L624.55,152.79L624.02,153.40L623.58,153.98L623.00,154.44L622.80,154.62L622.72,154.71L622.57,154.78L621.92,154.84L621.48,155.01L620.96,155.35L620.56,155.95L619.48,156.26L618.86,156.28L618.39,156.20L618.03,156.61L617.89,156.98L617.85,157.80L617.74,158.31L617.80,158.72L617.71,158.96L617.55,158.96L616.96,159.09L617.70,159.97L617.77,160.15L617.88,161.03L618.14,161.17L619.23,162.12L619.38,162.45L620.02,163.49L620.18,163.83L619.99,164.07L619.54,164.30L619.41,164.52L619.64,165.71L619.47,165.90L618.66,166.33L618.84,166.71L619.44,168.15L619.98,168.63L620.58,169.23L620.79,169.71L620.88,170.37L620.79,171.01L620.79,171.26L621.28,172.45L621.87,173.67L621.79,173.97L620.78,175.53L619.77,177.23L619.67,177.60L619.31,177.42L619.24,176.61L619.70,175.95L619.87,175.45L620.00,174.68L620.28,174.21L619.77,174.18L619.67,174.10L619.66,173.82L619.86,173.31L619.68,171.79L619.43,170.95L618.80,169.77L618.31,168.46L617.96,167.61L617.78,166.74L617.61,165.00L617.49,164.32L617.46,163.76L617.41,163.55L617.06,163.46L616.91,163.36L616.61,162.45L616.09,161.77L615.87,161.54L615.62,161.57L615.54,162.56L615.38,162.99L614.95,163.40L614.36,163.68L613.27,164.19L612.91,164.81L612.62,165.11L612.42,165.25L612.18,164.97L612.18,164.53L611.96,164.55L611.63,164.90L611.30,164.89L611.14,164.68L611.29,164.18L611.28,164.07L610.66,164.24L610.39,164.37L610.14,164.65L609.79,164.52L609.78,164.06L610.34,162.52L610.50,161.73L610.50,160.84L610.40,159.78L610.02,158.81L609.58,157.73L609.39,157.44L609.11,157.98L608.79,157.85L608.26,157.48L608.74,157.31L609.05,157.30L608.91,156.82L608.85,156.55L608.17,155.78L607.99,155.59L607.80,155.57L607.39,155.66L607.01,155.40L607.09,154.96L607.07,154.82L606.86,154.71L606.49,154.75L605.92,154.29L605.41,153.68L605.30,153.43L605.55,153.09L606.35,152.57L606.16,150.96"]
        RenderPath {path} at (596.07,241.47) size 10.38x12.03 [stroke={[type=SOLID] [color=#808080] [stroke width=0.20]}] [fill={[type=SOLID] [color=#C0C0C0]}] [data="M605.30,153.43L605.17,153.16L604.90,152.62L604.68,151.40L604.07,149.99L603.71,149.60L602.98,149.95L602.59,149.95L602.55,149.87L602.31,149.66L601.96,149.06L601.83,149.02L601.68,149.15L601.65,149.69L602.03,150.48L602.02,150.90L601.88,151.07L601.42,151.15L601.19,151.69L600.93,151.79L600.67,151.35L600.36,150.96L600.29,150.90L600.13,151.57L599.85,151.82L599.64,151.86L599.37,151.33L598.88,151.96L598.52,151.70L598.37,151.17L597.97,149.39L597.64,147.98L597.29,147.53L597.25,147.28L597.76,146.51L597.79,146.24L597.59,146.04L596.55,145.60L596.21,145.28L596.76,144.67L597.16,144.37L597.66,144.24L598.04,144.14L598.09,143.99L597.97,143.87L596.74,142.94L596.25,142.70L596.16,142.54L596.29,142.26L596.84,141.74L597.08,141.57L598.33,141.87L598.67,142.13L599.04,142.40L599.53,142.34L599.95,142.39L600.08,142.72L600.13,143.20L600.21,143.92L600.30,144.01L600.84,144.12L601.39,144.18L602.30,144.12L602.86,144.11L605.33,144.31L605.45,144.41L605.50,144.54L605.49,145.32L605.33,145.66L604.39,146.43L603.90,146.56L603.24,146.92L603.11,147.20L603.12,147.72L603.12,148.10L603.35,148.38L603.60,148.65L604.13,149.10L604.35,148.75L604.75,147.59L605.03,147.47L605.43,147.43L605.49,148.01L606.12,150.49L606.16,150.95L606.35,152.56L605.55,153.09L605.30,153.43"]
        RenderPath {path} at (616.89,254.52) size 18.18x33.36 [stroke={[type=SOLID] [color=#808080] [stroke width=0.20]}] [fill={[type=SOLID] [color=#000000]}] [data="M627.41,186.41L627.32,186.75L626.83,187.10L626.72,187.67L626.07,187.76L626.02,187.28L625.71,187.12L625.43,187.40L625.19,187.79L624.99,187.71L624.87,187.47L625.08,187.07L625.04,186.87L624.99,186.64L624.72,186.40L624.28,186.28L624.17,185.82L623.60,185.83L623.15,186.00L623.17,185.90L623.29,185.60L623.14,185.41L622.73,185.63L622.43,185.56L622.05,185.18L621.94,184.67L622.00,184.39L621.85,183.95L621.62,183.78L621.23,183.82L620.84,183.10L620.63,182.60L620.33,182.27L620.02,182.12L619.57,181.72L619.22,181.82L619.01,181.96L618.79,181.58L618.75,180.98L618.91,180.23L619.47,178.49L619.76,177.64L619.67,177.60L619.77,177.22L620.78,175.52L621.79,173.96L621.87,173.67L621.28,172.44L620.80,171.26L620.79,171.01L620.88,170.37L620.79,169.71L620.59,169.23L619.98,168.62L619.44,168.15L618.84,166.71L618.66,166.33L619.47,165.90L619.64,165.70L619.41,164.52L619.54,164.29L619.99,164.06L620.19,163.82L620.02,163.49L619.38,162.44L619.23,162.12L618.14,161.17L617.88,161.03L617.77,160.15L617.70,159.97L616.96,159.09L617.55,158.95L617.72,158.95L617.80,158.71L617.74,158.30L617.85,157.79L617.89,156.98L618.03,156.61L618.39,156.20L618.87,156.28L619.49,156.26L620.56,155.95L620.96,155.35L621.49,155.01L621.92,154.84L622.57,154.78L622.72,154.71L622.80,154.62L623.35,154.79L623.64,154.97L623.76,155.14L623.77,155.56L623.66,156.36L623.73,156.73L623.91,156.88L624.34,156.88L624.83,156.68L625.24,156.64L625.29,156.75L625.53,158.06L625.45,158.47L624.92,160.04L624.80,160.48L624.78,160.97L624.92,161.30L625.40,161.43L625.77,161.02L626.95,159.85L627.29,159.82L628.13,160.16L628.72,160.43L628.94,160.36L629.48,160.10L629.68,159.56L629.97,159.11L630.37,159.12L631.27,159.31L631.53,159.46L631.58,159.75L631.87,160.28L632.56,160.94L632.99,161.57L633.05,163.10L633.16,163.46L633.41,163.93L634.39,165.21L634.81,165.91L634.97,166.42L634.97,167.36L634.85,167.80L634.04,168.44L633.74,168.27L633.14,168.16L632.57,168.12L632.01,168.20L631.21,168.13L630.04,168.22L629.65,168.32L629.13,168.76L628.21,170.00L628.07,170.29L627.99,170.68L628.02,171.31L628.24,171.96L628.72,172.68L628.88,173.16L628.74,173.33L628.71,173.27L628.42,173.09L627.97,173.00L627.07,172.12L626.63,171.96L626.33,171.95L625.76,172.17L625.37,172.06L625.08,171.92L624.74,171.91L624.74,171.62L624.93,170.38L624.82,170.20L624.10,170.14L623.85,170.06L623.33,170.10L622.89,170.31L622.65,170.61L622.85,171.20L622.75,171.54L622.43,172.25L622.52,172.83L622.57,173.24L622.28,173.90L621.69,175.09L620.99,176.77L620.74,178.09L620.84,179.26L621.02,179.55L621.24,179.72L621.79,179.65L622.19,179.51L622.44,179.58L622.58,179.93L622.59,180.26L622.51,180.72L622.65,181.00L622.83,181.21L623.10,181.12L623.27,181.58L623.47,182.55L623.44,182.81L623.57,183.55L624.00,184.42L624.17,184.57L624.97,184.85L625.51,184.96L625.98,184.91L626.27,185.10L626.54,185.72L627.20,186.26L627.41,186.40"]
        RenderPath {path} at (202.14,258.89) size 2.73x5.97 [stroke={[type=SOLID] [color=#808080] [stroke width=0.20]}] [fill={[type=SOLID] [color=#C0C0C0]}] [data="M204.31,158.99L204.13,159.40L204.75,159.23L204.77,159.66L204.35,160.90L204.53,161.17L204.29,161.96L204.48,162.28L204.39,162.68L204.03,163.55L203.73,163.90L203.37,163.93L203.32,164.22L202.93,164.46L202.93,164.74L202.24,164.76L202.46,160.46L202.43,160.13L202.71,160.04L203.10,160.31L203.70,159.45L203.87,159.01L204.31,158.99"]
        RenderPath {path} at (195.51,260.35) size 8.97x9.22 [stroke={[type=SOLID] [color=#808080] [stroke width=0.20]}] [fill={[type=SOLID] [color=#C0C0C0]}] [data="M200.28,169.48L200.12,169.43L199.20,169.08L198.58,169.12L197.82,169.08L197.21,168.84L196.30,168.19L195.79,167.77L195.74,167.32L195.69,166.76L195.90,166.52L195.59,166.13L196.67,164.32L197.73,164.31L199.49,164.32L199.70,163.63L199.17,163.41L198.81,162.72L198.18,162.49L197.69,161.95L197.29,161.72L198.29,161.69L198.33,160.45L200.12,160.46L202.46,160.46L202.24,164.76L202.93,164.74L203.24,164.84L203.55,165.14L203.69,164.95L203.62,164.57L203.96,164.73L204.41,165.09L202.91,166.30L202.41,166.54L202.23,167.03L202.39,167.64L201.96,167.94L201.49,167.99L201.45,168.24L201.61,168.40L201.26,168.51L201.07,168.81L200.85,168.80L200.29,169.26L200.28,169.48"]
        RenderPath {path} at (201.90,264.45) size 13.40x6.78 [stroke={[type=SOLID] [color=#808080] [stroke width=0.20]}] [fill={[type=SOLID] [color=#C0C0C0]}] [data="M204.41,165.09L204.73,165.06L205.34,164.79L205.98,164.74L206.72,164.86L207.20,164.93L208.64,164.97L209.34,164.74L209.72,164.54L210.29,164.81L211.07,164.78L211.84,164.68L212.47,164.68L212.97,164.80L213.53,165.06L213.49,165.41L213.39,165.64L213.62,165.92L214.40,166.16L214.96,166.23L215.21,166.75L213.78,167.24L213.36,167.46L213.11,167.55L212.65,167.45L212.32,167.27L212.06,167.26L211.76,167.50L211.26,168.29L210.05,169.29L209.33,168.87L208.82,169.45L207.93,169.49L207.93,170.45L207.64,170.86L207.35,171.00L206.35,171.13L206.04,170.47L206.01,170.38L205.53,170.08L205.62,169.35L205.49,169.18L205.22,169.18L204.68,168.90L204.24,169.24L203.88,169.23L203.81,168.95L203.25,168.60L202.84,168.52L202.63,168.11L201.95,167.94L202.39,167.63L202.23,167.03L202.41,166.54L202.90,166.30L204.41,165.09"]
        RenderPath {path} at (200.18,267.84) size 5.54x3.07 [stroke={[type=SOLID] [color=#808080] [stroke width=0.20]}] [fill={[type=SOLID] [color=#C0C0C0]}] [data="M205.53,170.09L205.57,170.16L205.36,170.22L205.37,170.48L205.14,170.82L204.46,170.77L203.60,170.63L201.91,170.13L200.60,169.69L200.28,169.48L200.29,169.26L200.85,168.80L201.07,168.81L201.26,168.51L201.61,168.40L201.45,168.24L201.49,167.99L201.96,167.94L202.63,168.11L202.84,168.53L203.25,168.61L203.81,168.96L203.88,169.23L204.24,169.24L204.68,168.90L205.22,169.18L205.49,169.18L205.62,169.36L205.53,170.09"]
        RenderPath {path} at (224.79,272.37) size 26.58x37.10 [stroke={[type=SOLID] [color=#808080] [stroke width=0.20]}] [fill={[type=SOLID] [color=#001100]}] [data="M242.38,173.62L242.25,173.51L241.41,173.68L240.88,173.84L240.46,174.04L240.41,174.33L240.46,174.82L240.33,175.22L240.10,175.19L239.72,175.25L238.73,177.01L238.56,177.73L238.32,178.45L237.61,179.65L238.01,179.67L238.24,179.57L238.63,179.55L238.94,180.16L239.79,181.61L239.90,182.00L239.67,183.14L239.77,183.49L240.17,183.80L240.60,184.35L240.99,184.60L241.49,184.58L242.65,184.46L243.82,184.41L244.34,184.59L244.98,184.91L245.17,185.17L246.02,186.16L246.57,186.74L246.71,186.74L247.24,186.61L248.00,186.44L249.99,186.21L250.63,186.29L250.22,186.82L250.14,187.82L249.76,188.33L249.61,188.66L249.64,188.91L249.67,189.35L249.72,189.72L249.88,190.52L250.33,191.31L250.59,191.75L251.07,192.40L251.19,192.68L250.46,193.29L249.98,193.82L250.49,194.31L251.29,195.49L250.77,195.77L249.93,196.34L249.52,196.50L249.06,196.52L246.25,196.44L245.61,196.41L245.57,196.74L245.55,197.77L245.73,197.92L246.63,198.04L246.80,198.13L247.10,198.54L247.15,198.90L246.76,198.86L246.35,198.75L245.66,198.79L245.17,198.97L245.06,199.06L245.06,200.13L245.06,200.68L245.25,200.88L245.94,201.24L246.13,201.43L246.10,202.20L246.50,202.76L246.53,202.98L246.20,204.40L245.49,208.82L245.42,209.20L245.29,209.40L245.13,209.26L244.56,208.55L244.32,208.43L244.16,208.49L243.71,208.52L244.87,206.56L244.90,206.36L244.77,206.29L243.48,205.45L242.97,205.24L242.26,205.69L241.86,205.50L241.34,205.08L240.89,205.51L240.55,205.67L240.05,205.70L239.02,205.69L238.44,205.54L238.35,205.26L238.35,204.86L238.18,204.57L237.70,204.53L237.34,204.39L237.26,204.10L237.01,203.34L236.02,202.67L235.49,202.31L235.29,201.69L235.08,201.36L234.57,200.93L233.67,200.51L232.74,200.40L232.66,200.29L232.39,200.13L232.19,200.01L231.49,199.38L231.36,199.32L230.47,199.73L229.80,199.79L228.82,199.51L228.46,199.20L228.30,198.71L228.07,198.48L226.64,197.83L225.14,197.02L225.18,196.96L225.06,196.64L224.88,196.36L224.99,196.15L225.50,196.04L225.96,196.15L226.15,195.82L225.80,195.26L225.88,194.84L226.20,194.61L227.08,194.55L227.27,194.59L227.68,194.37L228.12,193.69L228.57,192.73L229.23,191.66L229.10,191.40L228.54,190.99L228.47,190.80L228.78,190.08L228.87,189.56L228.72,188.70L228.35,187.84L228.43,187.59L228.92,187.44L229.06,187.23L228.97,187.03L228.40,186.55L228.36,186.33L228.47,186.13L228.71,185.80L228.74,185.55L228.57,185.27L227.83,184.55L227.47,184.15L227.72,183.40L227.95,183.32L227.91,182.87L228.10,182.95L228.18,183.26L228.77,182.85L228.86,182.42L229.18,182.35L228.67,181.32L228.45,181.17L228.36,180.84L228.50,180.92L228.92,181.25L229.32,181.76L229.54,182.27L229.77,182.47L229.97,182.30L230.12,182.05L229.79,181.28L229.81,181.07L229.99,180.77L230.43,180.43L230.83,180.13L231.33,179.40L231.66,179.24L232.34,179.14L232.56,178.76L232.45,178.38L232.63,177.60L232.70,176.95L232.90,176.47L233.40,176.03L233.83,175.75L234.42,175.51L234.53,175.51L234.91,175.71L235.13,176.15L235.41,175.82L235.44,175.38L235.64,174.83L235.86,174.76L236.13,174.88L236.98,174.92L237.54,174.92L238.17,174.65L238.40,174.40L238.88,174.10L239.73,173.84L240.16,173.45L240.44,172.90L240.77,172.64L241.24,172.47L241.82,172.48L242.35,172.82L242.50,172.95L242.66,173.29L242.37,173.62"]
        RenderPath {path} at (402.35,272.59) size 6.83x13.70 [stroke={[type=SOLID] [color=#808080] [stroke width=0.20]}] [fill={[type=SOLID] [color=#C0C0C0]}] [data="M408.60,174.04L408.54,174.82L408.70,175.58L409.09,176.30L408.77,177.26L408.58,177.82L408.36,178.12L407.70,178.54L407.61,178.88L407.73,179.47L407.65,179.84L407.21,179.97L406.96,180.00L406.72,180.39L406.72,180.77L406.73,181.26L406.71,182.13L406.62,183.12L406.84,184.56L406.72,185.75L406.73,185.98L406.39,186.00L405.16,186.14L404.49,186.19L404.39,185.99L404.09,184.91L404.28,184.21L404.30,183.37L404.27,182.84L404.13,181.86L404.13,181.00L404.09,180.48L404.11,179.90L403.66,178.59L403.50,177.90L403.10,177.57L402.63,177.28L402.45,176.89L402.59,176.29L402.64,175.87L402.70,175.73L402.94,175.57L403.30,175.02L403.72,174.74L404.14,174.70L404.88,174.79L405.21,174.64L405.63,174.17L405.86,173.40L405.73,173.04L406.31,172.74L406.63,172.66L406.97,172.95L407.70,173.53L408.60,174.04"]
        RenderPath {path} at (393.39,275.25) size 9.86x14.49 [stroke={[type=SOLID] [color=#808080] [stroke width=0.20]}] [fill={[type=SOLID] [color=#C0C0C0]}] [data="M394.27,178.81L394.46,178.64L394.44,178.23L394.18,176.30L394.30,175.96L394.57,175.80L396.69,175.76L397.56,175.80L398.99,175.80L399.96,175.35L400.12,175.38L400.72,175.50L400.47,176.35L400.52,176.60L401.15,177.52L401.40,177.97L401.21,178.69L401.23,179.08L401.49,180.20L401.67,180.79L402.18,181.58L402.21,181.73L401.92,181.98L401.75,182.36L401.76,183.67L401.75,184.39L401.77,184.94L401.95,185.42L402.42,186.00L403.17,186.61L402.67,187.29L402.36,187.39L401.77,187.37L400.78,187.52L400.31,187.70L400.13,187.80L399.23,188.27L397.96,188.67L397.02,189.08L396.07,189.65L395.49,189.32L394.54,188.89L394.47,188.76L394.40,188.02L393.85,186.87L393.58,186.12L393.48,185.41L393.81,184.41L394.25,183.13L394.77,182.28L394.97,181.69L394.64,180.25L394.45,178.97L394.27,178.81"]
        RenderPath {path} at (400.37,275.40) size 4.21x11.29 [stroke={[type=SOLID] [color=#808080] [stroke width=0.20]}] [fill={[type=SOLID] [color=#C0C0C0]}] [data="M400.72,175.50L401.73,175.66L402.34,175.83L402.63,175.87L402.59,176.29L402.45,176.89L402.63,177.28L403.10,177.58L403.50,177.90L403.66,178.59L404.10,179.90L404.09,180.48L404.13,181.00L404.13,181.86L404.27,182.84L404.30,183.38L404.28,184.21L404.09,184.92L404.38,185.99L404.49,186.19L404.04,186.23L403.56,186.36L403.19,186.57L403.17,186.61L402.42,186.00L401.95,185.42L401.77,184.94L401.75,184.39L401.76,183.67L401.75,182.36L401.92,181.98L402.21,181.74L402.18,181.58L401.67,180.79L401.49,180.20L401.23,179.09L401.21,178.69L401.39,177.97L401.15,177.52L400.52,176.60L400.47,176.35L400.72,175.50"]
        RenderPath {path} at (381.54,276.36) size 13.53x14.21 [stroke={[type=SOLID] [color=#808080] [stroke width=0.20]}] [fill={[type=SOLID] [color=#C0C0C0]}] [data="M383.77,190.42L383.81,189.50L383.92,188.93L384.17,188.09L384.22,187.63L384.09,187.35L382.83,186.02L382.24,186.05L381.87,185.95L381.67,185.77L381.62,185.59L382.12,184.72L382.18,184.28L382.07,183.73L382.13,183.56L382.17,183.46L382.78,182.91L382.96,182.56L382.79,182.35L382.49,181.80L382.52,181.67L382.68,181.47L382.98,181.44L383.53,181.66L383.83,181.68L384.02,181.53L383.97,181.31L383.32,180.75L383.02,180.40L383.35,180.02L383.47,179.74L383.27,179.43L382.58,179.03L382.37,178.62L382.63,177.99L383.01,177.60L383.53,177.06L383.88,177.00L384.45,177.32L384.90,177.76L385.25,177.53L385.62,177.06L386.19,176.58L386.43,176.46L386.68,176.50L386.83,176.71L386.83,177.01L386.95,177.39L387.10,177.63L387.45,177.57L388.05,177.17L388.21,177.07L388.47,177.24L389.02,177.24L389.33,177.49L389.48,177.96L390.00,178.52L390.45,178.74L390.80,178.82L391.17,178.71L391.62,178.45L392.22,178.29L392.99,178.22L393.64,178.38L394.27,178.82L394.45,178.97L394.63,180.26L394.97,181.69L394.77,182.29L394.24,183.14L393.81,184.41L393.48,185.42L393.58,186.12L393.85,186.87L394.40,188.03L394.47,188.77L394.35,188.57L394.06,188.37L393.85,188.38L393.71,188.62L393.61,188.67L393.13,188.64L392.43,188.47L391.82,188.39L389.47,188.45L388.19,188.70L387.61,188.89L386.54,189.26L384.80,190.04L384.10,190.47L383.85,190.46L383.77,190.42"]
        RenderPath {path} at (623.01,284.70) size 42.19x13.86 [stroke={[type=SOLID] [color=#808080] [stroke width=0.20]}] [fill={[type=SOLID] [color=#001100]}] [data="M627.41,186.41L627.44,186.43L627.97,186.53L629.03,187.73L629.72,188.65L630.23,189.41L630.31,189.99L630.28,190.79L630.15,191.65L630.22,192.73L630.15,193.36L630.25,193.86L630.44,194.24L630.97,194.73L631.31,195.27L632.02,196.88L632.08,197.00L631.71,196.93L630.82,196.88L630.42,197.02L630.24,196.95L629.72,196.51L628.84,195.91L628.23,195.57L627.00,194.90L625.98,194.16L625.77,193.91L625.61,192.92L625.17,192.23L624.27,191.41L624.08,190.75L624.12,190.26L624.15,189.98L624.04,189.57L623.64,188.93L623.29,187.08L623.11,186.36L623.15,186.00L623.60,185.83L624.17,185.82L624.28,186.28L624.72,186.40L624.98,186.64L625.04,186.87L625.08,187.08L624.87,187.48L624.98,187.71L625.19,187.80L625.43,187.40L625.71,187.12L626.02,187.29L626.07,187.76L626.71,187.68L626.82,187.10L627.32,186.75L627.41,186.41M643.95,196.04L644.03,196.09L644.41,196.49L644.80,196.63L645.66,196.72L646.08,196.89L646.84,197.32L647.17,197.36L647.51,197.26L647.01,196.73L647.18,196.18L647.54,195.57L648.07,194.31L648.65,194.04L650.13,193.70L651.15,193.40L651.58,193.07L652.10,192.05L652.63,191.73L653.50,190.61L653.72,190.40L653.96,190.26L654.07,190.19L654.16,190.31L654.22,190.68L654.45,190.67L654.56,190.93L654.87,191.20L655.26,190.93L656.49,190.51L656.47,190.42L656.27,190.23L656.28,189.98L656.30,189.87L656.16,189.43L656.05,189.25L656.21,189.21L656.40,189.35L656.49,189.34L656.94,189.25L657.10,188.97L657.06,188.73L656.58,188.36L656.78,187.97L657.22,187.90L657.73,187.94L657.88,187.33L658.29,187.02L658.57,186.54L659.10,185.96L659.60,184.93L659.68,184.76L660.00,185.22L660.33,185.32L660.64,184.90L660.95,185.39L661.30,185.67L661.70,185.88L661.78,186.22L661.59,186.57L661.36,187.03L661.40,187.23L662.03,187.10L662.50,186.97L662.62,187.20L662.27,187.69L663.01,187.59L663.37,187.51L663.64,187.56L664.67,188.22L665.02,188.36L665.11,188.60L664.96,188.87L664.76,189.03L664.32,189.17L663.72,189.20L663.04,189.12L662.68,189.43L662.78,189.68L663.67,190.37L663.51,190.68L663.05,190.88L662.40,190.98L661.89,191.10L661.82,191.24L661.64,191.15L660.88,190.86L660.44,190.82L659.81,190.84L659.16,190.76L658.41,190.68L657.95,190.70L657.70,190.85L657.32,191.49L657.20,192.06L657.31,193.04L657.09,193.43L656.44,193.67L656.22,194.01L656.30,194.76L655.37,196.54L654.99,196.84L654.12,197.02L653.66,197.19L653.19,197.55L652.90,197.58L652.34,197.42L651.82,197.20L651.26,196.95L650.83,196.84L650.35,196.91L649.82,197.35L649.42,197.88L648.89,198.22L648.49,198.39L647.95,198.28L647.42,198.06L647.17,198.06L646.24,198.48L645.79,198.20L645.49,198.12L644.49,197.13L644.24,196.84L643.95,196.04"]
        RenderPath {path} at (271.61,286.65) size 9.41x9.70 [stroke={[type=SOLID] [color=#808080] [stroke width=0.20]}] [fill={[type=SOLID] [color=#C0C0C0]}] [data="M274.56,195.88L274.62,195.67L274.28,195.11L273.79,193.98L273.55,193.15L273.36,192.85L272.80,192.79L272.27,192.11L271.70,191.28L272.03,190.59L272.12,190.12L272.04,189.34L272.21,189.17L273.34,189.08L273.53,188.81L273.61,187.95L273.75,187.46L273.77,187.12L274.09,186.80L274.47,186.75L275.87,187.21L276.33,187.25L276.41,186.84L276.55,186.76L276.89,186.78L277.73,186.80L278.59,186.77L279.31,186.84L279.94,187.02L280.94,187.44L280.29,188.32L279.90,189.07L279.77,189.66L279.86,190.05L279.99,190.68L280.08,191.35L280.60,192.19L280.63,192.63L280.20,194.10L279.72,195.06L278.67,194.57L278.35,194.57L277.81,194.96L277.42,195.02L277.00,194.88L276.36,194.76L276.18,194.91L275.98,195.24L276.59,196.25L276.07,196.20L274.96,195.92L274.56,195.88"]
        RenderPath {path} at (279.63,287.35) size 6.33x8.38 [stroke={[type=SOLID] [color=#808080] [stroke width=0.20]}] [fill={[type=SOLID] [color=#C0C0C0]}] [data="M285.86,190.72L285.87,191.14L284.77,192.79L284.35,193.55L283.91,194.54L283.44,195.23L283.14,195.44L282.58,195.41L281.47,195.02L280.59,195.64L280.37,195.57L279.72,195.06L280.21,194.10L280.63,192.63L280.60,192.19L280.08,191.35L279.99,190.68L279.86,190.05L279.77,189.67L279.90,189.07L280.29,188.32L280.94,187.45L281.16,187.54L282.19,187.83L282.74,188.03L283.54,188.58L284.80,189.66L285.35,190.23L285.67,190.69L285.86,190.72"]
        RenderPath {path} at (425.27,292.14) size 16.65x19.15 [stroke={[type=SOLID] [color=#808080] [stroke width=0.20]}] [fill={[type=SOLID] [color=#C0C0C0]}] [data="M429.51,210.68L428.81,210.15L428.46,210.28L427.78,210.79L427.24,211.21L427.13,211.03L426.74,210.17L425.36,208.83L425.54,208.53L425.95,208.30L426.76,208.61L427.10,207.93L427.05,207.63L426.77,207.38L426.39,206.86L426.27,206.49L426.33,206.00L426.45,205.90L427.36,205.75L427.97,205.51L428.09,205.30L428.26,204.49L428.43,204.30L428.67,204.27L428.86,204.41L429.21,204.89L429.61,205.41L430.00,205.61L430.28,205.59L430.47,205.37L430.83,204.88L431.12,205.14L431.29,205.71L431.44,205.83L431.74,205.90L432.00,205.78L432.18,205.10L432.42,204.01L432.55,202.78L432.78,201.74L432.67,201.40L432.51,201.27L432.12,201.19L431.60,200.98L431.35,200.67L431.22,200.23L431.23,200.12L431.25,199.82L431.41,199.54L431.90,199.14L432.46,198.70L432.55,198.35L432.16,197.45L431.79,197.12L431.20,197.06L430.26,197.56L429.80,197.53L429.65,197.28L429.58,196.54L429.66,195.87L430.06,195.40L430.62,195.51L431.48,195.53L432.36,195.45L432.63,195.51L433.11,195.55L433.67,195.67L434.24,195.87L435.11,196.20L435.97,196.49L436.24,196.41L436.14,195.55L436.30,195.36L436.60,195.05L436.97,194.55L437.13,194.03L437.35,192.74L437.60,192.51L438.08,192.41L439.06,192.24L439.42,192.29L440.05,192.43L440.94,192.52L441.70,192.24L441.82,192.43L441.79,192.59L441.39,193.79L440.84,194.63L440.49,195.45L440.39,196.00L440.24,196.76L440.04,198.79L439.79,200.13L439.67,200.74L439.50,201.45L439.36,201.97L438.90,202.40L438.38,202.62L437.57,203.22L437.16,203.68L436.69,204.51L436.35,205.26L436.15,206.42L436.08,206.82L436.20,207.54L436.12,208.24L435.09,209.18L434.73,209.41L433.80,210.22L433.24,210.62L432.67,210.95L432.53,210.74L432.48,210.07L432.43,209.65L430.93,210.18L430.61,210.76L430.17,211.04L429.99,211.02L429.50,210.69"]
        RenderPath {path} at (420.09,294.93) size 12.79x13.97 [stroke={[type=SOLID] [color=#808080] [stroke width=0.20]}] [fill={[type=SOLID] [color=#C0C0C0]}] [data="M425.51,195.52L425.55,195.03L426.43,195.12L428.20,195.21L429.04,195.25L430.06,195.40L429.66,195.86L429.58,196.54L429.65,197.28L429.80,197.53L430.26,197.55L431.20,197.05L431.79,197.12L432.16,197.44L432.55,198.35L432.46,198.70L431.90,199.14L431.41,199.54L431.25,199.82L431.23,200.12L431.22,200.23L431.35,200.67L431.60,200.98L432.12,201.19L432.51,201.27L432.67,201.40L432.78,201.73L432.55,202.78L432.42,204.01L432.18,205.10L432.00,205.78L431.74,205.89L431.44,205.82L431.29,205.71L431.12,205.13L430.83,204.88L430.47,205.36L430.28,205.59L430.00,205.61L429.61,205.41L429.21,204.89L428.86,204.41L428.67,204.27L428.43,204.30L428.26,204.49L428.09,205.29L427.97,205.51L427.36,205.75L426.45,205.90L426.33,205.99L426.27,206.49L426.39,206.86L426.77,207.38L427.05,207.63L427.10,207.93L426.76,208.61L425.95,208.30L425.54,208.53L425.36,208.82L425.32,208.79L424.76,208.29L424.23,207.74L423.97,207.28L422.65,206.11L422.93,205.80L422.57,205.52L422.04,205.46L421.12,204.02L421.50,203.73L421.61,203.62L421.29,203.23L420.83,203.09L420.54,202.53L420.17,202.07L420.49,201.90L421.03,201.49L421.25,201.10L421.54,200.12L421.63,199.83L422.05,199.90L422.54,199.91L422.48,199.70L421.92,199.35L421.36,198.90L421.56,198.85L421.83,198.73L421.98,198.11L422.81,198.07L423.73,198.07L424.98,198.10L425.55,198.06L425.55,197.91L425.53,197.36L425.51,195.52"]
        RenderPath {path} at (419.00,291.87) size 6.65x6.35 [stroke={[type=SOLID] [color=#808080] [stroke width=0.20]}] [fill={[type=SOLID] [color=#C0C0C0]}] [data="M422.54,195.51L423.54,195.51L425.51,195.52L425.53,197.36L425.55,197.91L425.55,198.07L424.98,198.10L423.73,198.08L422.81,198.07L421.98,198.11L422.01,197.96L421.96,197.67L421.82,197.58L421.40,197.49L421.69,197.02L422.13,196.50L422.47,195.92L422.54,195.51M419.64,193.27L419.15,193.22L419.10,193.01L419.15,192.71L419.39,192.62L419.42,192.47L419.42,192.18L419.59,192.08L419.76,191.96L419.98,192.01L420.19,192.06L420.29,192.25L420.10,192.42L419.95,192.66L419.78,193.00L419.64,193.27"]
        RenderPath {path} at (220.56,296.93) size 12.98x14.46 [stroke={[type=SOLID] [color=#808080] [stroke width=0.20]}] [fill={[type=SOLID] [color=#003C00]}] [data="M222.29,207.80L222.48,207.68L222.74,207.36L223.33,206.30L223.37,206.03L223.16,205.30L223.21,204.91L222.74,205.53L222.01,206.15L221.67,206.05L221.07,205.73L220.66,205.32L221.05,205.04L221.15,204.80L220.99,204.22L220.99,203.78L221.12,203.31L221.01,203.03L220.65,202.38L220.85,202.21L221.32,202.01L222.05,201.56L221.73,201.16L221.73,200.94L221.90,200.59L222.40,200.12L222.56,199.98L222.70,199.13L222.58,198.68L222.50,198.49L222.61,198.27L223.29,198.17L224.18,197.82L224.58,197.58L225.05,197.20L225.15,197.02L226.64,197.82L228.07,198.48L228.30,198.70L228.47,199.19L228.82,199.50L229.80,199.78L230.47,199.72L231.36,199.32L231.49,199.37L232.20,200.00L232.39,200.12L232.66,200.28L232.74,200.40L233.13,201.16L233.45,201.95L233.37,202.20L233.02,202.58L232.47,203.73L231.94,204.51L231.23,205.24L230.23,205.99L229.89,206.08L228.86,206.38L227.96,206.74L227.15,207.24L226.56,207.89L226.28,208.40L225.29,210.91L225.02,211.22L224.78,211.29L224.38,211.22L223.99,210.73L223.80,210.25L223.48,210.00L222.67,210.01L222.23,209.90L222.12,209.70L222.02,209.20L222.26,208.86L222.29,208.37L222.29,207.80"]
        RenderPath {path} at (219.55,300.29) size 28.58x40.90 [stroke={[type=SOLID] [color=#808080] [stroke width=0.20]}] [fill={[type=SOLID] [color=#000200]}] [data="M245.93,224.31L247.04,226.16L247.96,227.80L248.04,228.04L247.61,228.78L247.46,229.30L247.32,230.15L247.37,230.67L247.61,231.57L247.45,231.91L247.23,232.25L246.70,232.84L246.60,233.29L246.94,234.13L246.73,234.50L246.57,234.84L246.60,235.32L247.20,236.49L247.22,237.01L246.93,237.45L246.21,238.06L246.09,238.29L246.14,238.77L246.27,239.06L246.29,239.20L245.70,239.39L245.55,239.59L245.32,240.52L245.06,240.82L244.21,241.10L244.01,240.58L243.72,240.27L242.30,239.65L241.99,239.41L241.75,238.73L241.44,238.35L240.88,238.13L240.38,237.85L239.89,237.59L239.27,237.29L238.40,236.82L237.73,236.46L236.86,236.08L236.02,235.74L234.75,234.89L233.40,233.91L232.16,232.81L231.57,232.10L231.15,231.43L231.16,230.99L231.16,230.09L230.89,229.48L230.11,228.44L228.72,225.66L228.43,225.39L227.97,225.18L227.89,225.10L227.95,224.56L227.93,224.16L227.78,223.77L226.57,221.57L225.57,219.61L224.89,218.34L223.52,216.42L223.25,216.07L222.65,215.10L222.19,214.67L221.44,214.24L220.52,213.87L219.91,213.51L220.03,213.34L220.21,213.22L220.82,213.19L220.97,212.78L220.85,212.50L220.26,211.63L219.90,211.19L219.65,210.47L219.66,210.23L219.90,209.71L220.48,209.09L221.50,208.21L221.97,208.01L222.29,207.79L222.29,208.36L222.26,208.86L222.02,209.20L222.12,209.69L222.23,209.89L222.67,210.00L223.48,209.99L223.80,210.25L223.99,210.73L224.38,211.22L224.78,211.29L225.02,211.21L225.29,210.90L226.28,208.40L226.56,207.88L227.15,207.23L227.96,206.73L228.86,206.38L229.89,206.07L230.23,205.99L231.23,205.23L231.94,204.51L232.47,203.73L233.02,202.58L233.37,202.20L233.45,201.94L233.13,201.15L232.74,200.39L233.67,200.50L234.57,200.92L235.08,201.35L235.29,201.68L235.49,202.29L236.02,202.66L237.01,203.33L237.26,204.09L237.34,204.37L237.70,204.51L238.18,204.55L238.36,204.85L238.35,205.24L238.44,205.53L239.02,205.68L240.05,205.69L240.55,205.65L240.89,205.50L241.34,205.07L241.86,205.49L242.26,205.67L242.97,205.23L243.48,205.44L244.78,206.28L244.90,206.35L244.87,206.55L243.71,208.50L244.16,208.47L244.32,208.41L244.56,208.54L245.13,209.24L245.29,209.38L245.43,209.71L245.09,209.89L244.29,209.66L243.80,209.56L243.48,209.63L242.87,210.08L242.50,210.19L241.83,210.12L239.94,210.90L239.24,211.34L238.87,211.51L238.27,212.93L237.95,213.44L237.93,213.59L238.20,214.45L238.21,214.57L237.59,215.06L236.97,215.39L236.62,215.73L236.37,216.35L236.48,216.92L237.10,217.88L238.43,220.04L238.54,220.17L238.29,220.66L238.08,220.98L239.17,221.10L239.58,221.14L239.90,221.32L240.14,221.64L240.23,222.30L242.07,222.34L242.84,221.84L243.49,221.35L243.81,221.24L243.75,222.75L243.65,223.92L243.76,224.28L244.08,224.61L244.36,224.68L244.72,224.61L245.51,224.35L245.93,224.30"]
        RenderPath {path} at (236.29,288.54) size 86.86x86.90 [stroke={[type=SOLID] [color=#808080] [stroke width=0.20]}] [fill={[type=SOLID] [color=#000D00]}] [data="M279.29,257.30L279.23,256.87L279.25,256.10L279.47,255.28L279.77,254.44L280.09,253.69L280.07,253.55L279.58,253.21L279.35,253.10L278.06,253.55L277.83,253.49L277.58,252.93L277.09,250.40L276.97,249.97L276.13,249.56L275.41,249.29L275.29,249.29L274.58,249.70L274.24,249.73L273.31,249.51L272.49,249.36L272.12,249.32L272.13,248.60L272.21,247.88L272.35,247.02L272.24,246.06L271.72,245.18L271.64,244.52L271.38,244.11L271.80,243.45L272.18,242.68L272.42,241.85L272.61,240.68L272.58,240.18L272.28,239.41L271.96,238.93L271.23,238.57L270.80,238.16L270.73,237.60L270.99,236.76L270.95,236.47L270.26,236.44L268.64,236.42L268.14,236.41L267.17,236.38L267.02,236.26L266.77,235.32L266.63,233.29L266.60,232.58L266.40,231.55L266.44,230.99L266.35,230.82L265.95,230.58L265.41,230.41L264.78,230.29L263.63,230.37L263.41,230.29L263.01,229.98L262.63,229.20L262.53,229.19L261.65,229.15L261.35,229.05L260.60,228.45L259.91,228.14L259.23,227.89L258.88,227.92L258.09,227.90L257.78,227.80L256.68,226.87L255.86,225.94L255.53,225.35L255.39,224.71L255.35,223.89L255.41,223.27L255.49,222.65L255.45,221.90L254.17,221.88L253.23,221.96L252.87,222.12L252.00,222.60L250.53,223.71L250.11,223.95L249.63,223.93L249.30,223.90L248.35,224.73L247.99,224.76L246.87,224.45L245.93,224.32L245.51,224.36L244.73,224.62L244.37,224.69L244.09,224.62L243.77,224.29L243.66,223.93L243.76,222.76L243.82,221.25L243.49,221.36L242.84,221.85L242.08,222.35L240.24,222.31L240.14,221.65L239.90,221.33L239.59,221.15L239.17,221.11L238.09,220.99L238.30,220.67L238.54,220.18L238.44,220.05L237.10,217.89L236.49,216.93L236.38,216.37L236.63,215.74L236.98,215.40L237.60,215.07L238.22,214.57L238.21,214.46L237.93,213.60L237.95,213.45L238.27,212.94L238.87,211.52L239.24,211.35L239.94,210.91L241.84,210.13L242.51,210.20L242.88,210.09L243.48,209.65L243.80,209.57L244.30,209.67L245.09,209.90L245.43,209.72L245.30,209.39L245.43,209.20L245.50,208.81L246.21,204.40L246.53,202.98L246.50,202.76L246.10,202.20L246.13,201.42L245.94,201.24L245.26,200.88L245.06,200.68L245.06,200.13L245.06,199.06L245.18,198.97L245.67,198.78L246.35,198.75L246.77,198.86L247.16,198.90L247.10,198.54L246.81,198.13L246.63,198.04L245.74,197.92L245.56,197.77L245.57,196.74L245.62,196.41L246.26,196.43L249.07,196.52L249.53,196.50L249.94,196.34L250.78,195.77L251.30,195.49L251.44,195.65L251.58,196.09L251.74,196.95L251.83,197.40L252.03,197.84L252.46,197.90L253.16,198.44L253.64,198.66L254.05,198.59L254.81,197.89L254.89,198.08L255.08,198.85L255.35,198.84L255.99,198.10L256.73,197.44L257.29,197.16L257.94,196.99L258.17,196.77L258.43,196.11L258.64,195.91L259.29,195.78L259.86,195.50L260.12,195.23L259.97,194.98L259.54,194.86L258.58,194.80L258.41,194.57L258.33,194.02L258.03,192.49L257.64,191.80L257.02,191.11L257.07,190.93L257.23,190.90L257.53,191.03L258.43,191.49L258.82,191.53L259.96,191.49L260.31,191.72L260.94,192.33L261.28,192.22L261.52,191.10L261.80,190.99L262.27,191.04L262.82,190.97L263.63,190.74L265.37,189.84L265.96,189.45L266.12,189.13L266.02,188.96L266.40,188.70L266.70,188.64L267.21,188.77L267.47,188.88L267.51,189.09L267.06,190.18L267.37,190.18L267.90,190.32L268.33,191.27L268.15,191.64L267.61,193.06L267.39,194.02L267.55,194.49L267.83,194.88L268.00,195.19L267.93,195.54L267.93,195.94L268.08,196.24L269.19,197.13L269.80,197.52L270.49,197.45L271.18,196.94L271.69,196.62L272.69,196.29L273.62,195.86L274.56,195.88L274.96,195.92L276.07,196.20L276.60,196.25L275.99,195.24L276.19,194.91L276.36,194.76L277.00,194.88L277.42,195.02L277.82,194.96L278.35,194.58L278.67,194.58L279.72,195.06L280.37,195.57L280.60,195.64L281.48,195.02L282.59,195.41L283.15,195.44L283.45,195.23L283.91,194.54L284.35,193.55L284.78,192.79L285.88,191.14L285.86,190.72L286.27,190.48L286.55,190.62L286.78,191.04L286.95,191.83L287.36,193.17L287.47,193.78L287.94,195.16L288.24,195.71L288.56,196.04L289.54,196.25L289.73,196.59L289.77,197.14L289.73,197.39L289.20,197.74L288.27,199.16L288.03,199.48L287.52,199.89L287.11,200.12L286.87,200.26L286.07,201.04L285.53,201.99L285.11,203.01L284.71,203.46L284.98,203.57L285.49,203.50L285.99,203.30L287.19,202.59L287.30,202.56L287.60,203.45L288.04,204.27L288.30,204.38L288.58,204.45L289.72,204.42L290.31,204.36L291.05,204.07L290.77,204.74L290.75,205.33L291.20,204.77L292.45,203.77L292.74,203.61L293.05,203.23L293.55,202.29L293.82,201.90L294.08,201.80L295.08,201.80L295.43,201.60L295.61,201.60L296.30,202.15L296.95,202.41L297.27,202.39L298.08,202.67L299.15,203.12L299.49,203.40L299.76,203.99L299.84,204.02L300.01,204.00L300.42,203.65L300.73,203.69L301.04,203.95L301.57,204.74L301.78,205.13L301.65,205.38L301.34,205.79L301.23,206.22L301.32,206.68L301.49,207.08L302.31,206.26L302.68,206.10L303.29,205.95L304.29,205.49L304.51,205.47L304.88,205.54L305.64,205.91L306.55,206.35L307.01,206.45L308.13,206.62L309.24,206.70L309.71,206.64L310.19,206.61L310.77,206.44L311.18,206.43L312.31,206.78L313.04,207.18L313.80,207.66L314.39,208.10L315.99,209.49L316.73,210.16L317.55,210.76L317.96,211.10L318.44,211.30L319.17,211.46L320.42,211.56L321.33,211.60L321.77,211.80L322.04,212.26L322.13,212.87L322.72,214.87L322.99,216.02L323.05,217.01L322.97,217.58L322.79,218.49L322.55,219.34L321.99,220.64L321.47,221.49L320.13,222.66L318.74,223.95L318.30,224.15L317.94,224.19L317.55,224.83L317.46,225.22L317.45,225.58L316.94,226.65L316.34,227.63L315.54,228.73L315.28,228.94L315.08,228.96L315.01,228.53L314.73,228.24L314.36,228.15L314.30,228.94L313.76,230.58L313.71,231.32L313.63,231.93L313.95,234.66L314.03,235.65L313.45,238.19L313.41,238.86L313.55,239.51L313.60,239.59L312.84,240.09L312.43,240.60L312.17,241.39L312.13,241.75L312.38,243.22L312.27,243.59L312.06,243.87L311.38,244.48L310.63,245.98L309.62,247.38L309.42,247.91L309.36,248.23L309.51,249.17L308.30,249.54L307.76,249.82L307.40,250.19L307.32,250.66L307.34,251.02L306.94,251.14L306.08,251.10L305.10,251.27L304.44,251.27L303.68,251.22L303.21,251.10L302.29,251.18L301.56,251.18L301.34,251.79L301.05,251.98L300.25,252.29L299.77,252.75L299.56,253.10L298.81,252.84L298.46,252.91L297.90,253.16L296.04,254.39L295.51,254.79L294.78,255.17L294.17,255.61L293.64,256.29L293.15,256.53L292.58,256.60L292.30,256.59L292.31,256.83L292.65,257.05L292.77,257.59L292.66,258.13L292.56,258.41L292.27,258.56L292.19,258.72L292.58,259.37L292.61,260.55L292.66,261.60L292.60,261.91L292.49,262.50L292.30,263.12L291.83,263.86L291.27,264.35L290.48,264.88L289.61,265.92L289.40,266.32L288.93,267.46L288.43,268.40L287.68,269.40L286.99,270.02L286.19,270.80L286.51,270.00L286.95,269.40L287.57,268.84L288.18,267.68L288.12,267.42L287.76,267.57L287.37,267.55L286.73,267.34L286.66,267.50L286.66,267.80L286.26,269.01L285.91,269.49L285.25,269.93L284.93,270.21L284.71,270.64L284.69,270.99L284.25,272.70L283.77,273.46L282.98,274.39L281.90,275.37L281.80,275.06L281.54,274.32L281.65,274.05L282.28,273.28L282.30,273.01L281.96,272.63L281.80,272.61L281.67,272.41L280.82,271.30L280.34,270.86L279.34,270.28L278.79,270.08L278.18,269.89L277.74,269.31L277.38,268.92L276.69,269.35L276.42,269.36L276.18,268.98L275.60,268.17L275.22,267.76L274.75,267.40L274.48,267.30L274.23,267.40L273.19,267.65L272.64,267.65L272.85,267.38L273.68,266.50L275.49,264.68L276.92,263.32L278.56,261.87L278.91,261.63L280.66,260.89L281.18,260.57L281.34,260.11L281.44,258.47L280.92,257.32L280.71,257.12L280.25,257.14L279.29,257.30M288.97,203.94L288.41,203.82L288.11,203.28L288.03,202.90L288.19,202.70L288.10,202.07L288.14,201.69L288.35,200.67L288.53,200.57L289.01,200.51L289.89,200.61L290.89,200.72L291.37,200.52L291.74,200.55L292.22,200.71L292.70,200.80L293.02,200.95L292.68,201.49L292.49,202.44L292.23,202.93L291.94,203.24L291.38,203.57L290.92,203.74L290.39,203.76L289.61,203.77L288.97,203.94"]
        RenderPath {path} at (713.26,306.20) size 25.78x17.85 [stroke={[type=SOLID] [color=#808080] [stroke width=0.20]}] [fill={[type=SOLID] [color=#C0C0C0]}] [data="M732.92,214.32L732.76,214.08L732.53,213.89L732.15,213.76L731.74,213.96L731.34,213.58L731.05,213.39L730.39,213.16L730.15,212.92L730.30,212.66L730.59,212.69L731.33,212.63L731.86,212.76L732.61,212.84L733.13,212.78L733.39,212.60L733.62,212.09L733.67,212.19L734.03,212.58L734.31,212.77L734.55,212.78L735.51,212.58L735.88,212.35L736.24,211.63L736.48,211.42L737.14,211.39L737.40,211.26L737.44,210.98L737.37,210.41L737.33,209.88L737.83,210.07L738.23,210.13L738.55,209.78L738.87,210.35L738.95,210.71L738.75,211.20L738.65,211.39L738.15,211.43L737.99,211.66L738.05,211.83L738.48,212.31L738.18,212.66L737.91,212.77L737.17,212.69L736.75,212.69L736.66,212.96L736.26,213.46L735.98,213.61L735.01,214.04L734.52,214.18L733.72,214.21L732.92,214.32M713.79,220.70L713.83,217.26L713.78,216.45L713.35,215.09L713.79,214.26L713.62,206.30L716.20,207.10L717.05,207.44L718.09,207.73L719.34,208.11L720.19,208.62L720.81,208.94L721.40,209.02L721.78,208.96L722.04,209.47L722.32,209.73L722.95,210.08L723.64,210.47L724.42,211.19L724.12,212.14L724.15,212.37L724.46,212.59L725.12,212.70L727.01,213.49L727.36,213.52L728.08,213.70L728.26,213.95L728.68,214.49L728.89,215.07L728.72,215.18L727.61,215.25L727.04,215.41L726.95,215.56L726.99,215.90L727.58,216.89L728.08,217.41L729.55,218.41L729.76,219.26L730.49,220.30L730.78,220.44L731.08,220.43L731.79,220.34L732.13,220.35L732.22,220.55L731.86,221.10L732.08,221.32L732.48,221.46L732.91,221.50L733.54,221.67L733.63,221.79L733.60,221.93L732.95,222.15L733.24,222.39L734.30,222.67L734.84,222.96L735.08,223.73L735.01,223.95L733.92,223.94L733.70,223.79L733.56,223.32L733.43,223.22L732.42,223.11L731.36,222.84L730.71,222.72L729.96,222.73L729.19,222.71L728.61,222.50L728.12,222.15L727.90,221.62L727.66,221.35L726.93,221.04L726.46,220.71L726.33,220.51L725.24,218.90L724.62,218.09L724.17,218.03L722.65,217.69L721.97,217.38L721.42,217.33L721.01,217.51L720.61,217.58L719.84,217.13L720.12,217.90L720.09,218.11L719.84,218.18L719.46,218.05L719.15,218.15L719.44,218.55L719.33,218.66L718.29,218.71L717.17,218.52L716.69,218.55L716.92,218.68L717.16,218.83L717.81,219.00L718.47,219.35L718.87,219.69L719.09,220.09L718.68,220.29L717.94,220.71L717.48,220.93L716.82,220.83L715.02,220.79L713.80,220.70"]
        RenderPath {path} at (651.68,324.26) size 90.09x73.08 [stroke={[type=SOLID] [color=#808080] [stroke width=0.20]}] [fill={[type=SOLID] [color=#000A00]}] [data="M726.60,297.25L726.13,297.02L724.95,296.55L724.40,296.18L723.90,295.46L723.42,294.90L723.20,294.49L723.47,294.45L723.64,294.55L724.06,294.72L724.19,294.57L723.98,294.19L723.27,293.49L722.66,292.77L722.51,292.52L722.13,291.56L722.12,290.89L722.30,290.85L723.31,291.16L724.78,291.51L725.87,291.88L726.67,291.85L727.13,291.71L727.51,291.59L727.89,291.54L728.57,291.56L728.88,291.26L729.59,291.02L730.07,291.40L730.06,291.50L730.19,292.30L730.18,292.99L729.43,294.49L729.30,295.25L729.06,295.56L728.11,295.82L727.56,296.21L727.07,296.90L726.88,297.17L726.61,297.24M716.88,224.34L717.57,224.74L717.80,225.25L717.84,225.90L717.96,226.57L718.22,226.77L718.64,226.78L718.74,227.02L718.29,227.94L719.01,228.28L719.18,228.56L719.33,229.16L719.41,230.46L719.55,231.08L720.01,232.23L720.30,232.50L720.72,232.52L721.05,232.20L721.43,232.02L721.76,232.68L722.12,232.81L722.68,233.22L723.07,233.37L723.21,233.53L723.21,233.94L723.29,234.90L723.57,235.67L723.52,236.73L723.80,236.97L724.73,238.30L725.01,239.00L725.06,239.78L724.85,240.66L725.26,241.30L725.53,242.14L725.74,242.49L727.13,243.29L727.42,243.45L728.16,243.56L728.56,244.21L729.41,244.74L729.89,244.91L731.03,244.98L731.15,245.18L731.00,245.42L730.73,245.99L731.04,246.41L731.91,246.89L732.14,247.45L732.60,248.79L732.82,249.54L732.93,249.94L733.18,250.25L733.95,250.60L733.93,250.47L733.79,249.70L734.70,250.20L735.27,250.36L735.45,250.49L735.59,250.78L735.69,252.53L736.58,253.29L737.15,253.62L737.76,253.77L738.04,254.07L738.29,254.65L738.52,255.07L739.06,255.24L739.24,255.54L739.24,255.80L739.43,256.34L739.54,256.45L740.04,256.58L740.20,256.69L740.36,257.05L740.73,258.37L740.76,259.25L740.77,260.11L740.64,260.52L740.46,260.85L741.23,262.12L741.46,262.60L741.64,263.43L741.67,264.18L741.38,264.89L741.03,266.55L740.44,268.31L740.58,269.10L740.51,269.91L740.21,270.68L739.54,271.66L739.34,272.33L738.74,273.15L738.29,273.33L737.83,273.43L737.41,273.90L736.94,274.58L736.61,276.11L736.14,276.75L735.79,277.24L735.81,277.89L735.60,278.43L735.27,278.74L734.67,279.08L734.40,279.41L734.10,280.43L733.93,281.48L733.85,282.42L733.87,283.08L733.59,283.72L733.27,284.08L732.80,284.38L732.05,284.48L730.89,284.56L730.07,284.59L729.54,284.75L729.03,285.05L727.50,285.99L727.06,286.12L726.84,286.40L726.50,286.47L725.97,286.53L725.68,286.52L725.98,286.89L726.19,287.16L724.87,286.49L723.99,286.14L723.99,285.67L723.92,285.51L723.36,285.05L722.73,284.68L722.31,284.67L721.82,284.84L721.49,285.08L722.24,285.55L721.27,285.79L720.34,286.22L719.38,286.66L719.16,286.69L718.56,286.46L717.67,286.02L717.00,285.80L715.92,285.49L715.41,285.45L715.17,285.60L715.12,285.71L714.41,285.55L713.66,285.19L713.13,284.89L712.24,284.07L711.71,283.73L711.29,282.86L711.38,281.82L711.30,281.41L711.11,280.91L710.45,280.18L710.31,279.65L710.28,279.23L709.75,279.22L708.96,279.61L708.36,279.73L708.02,279.79L707.84,279.72L707.68,279.55L708.20,279.09L708.43,278.52L708.50,277.70L708.25,277.38L707.71,276.79L707.47,276.43L706.98,277.17L706.54,278.60L706.35,278.71L705.55,278.71L705.35,278.87L705.16,278.89L704.90,278.91L705.10,278.52L705.18,278.12L705.26,278.02L705.89,278.06L706.14,277.92L706.26,277.67L706.16,276.66L706.61,275.83L706.94,275.37L707.03,274.98L707.05,274.57L707.20,274.44L707.44,274.43L707.66,274.07L707.61,273.85L707.29,273.35L706.95,272.86L706.84,273.56L706.55,273.82L706.03,274.12L705.72,274.58L705.64,274.74L705.45,275.21L705.17,275.53L704.42,275.77L703.69,276.26L703.03,276.82L702.67,277.52L702.16,278.32L701.75,277.98L701.37,276.66L701.11,276.08L700.92,275.75L700.23,274.96L699.93,274.23L699.76,274.02L699.05,274.09L698.82,273.99L698.68,273.75L698.59,273.48L698.93,273.14L698.88,272.84L698.53,272.45L697.99,271.95L697.72,271.86L696.89,272.01L696.41,271.94L695.46,271.39L695.18,271.38L694.75,271.55L694.31,271.52L693.89,271.34L693.23,270.82L692.31,270.38L692.09,270.38L691.37,270.60L690.09,270.68L689.42,270.69L687.65,270.75L687.04,270.88L686.39,271.09L685.40,271.53L684.42,271.79L683.39,272.04L681.88,272.13L681.09,272.12L680.71,272.16L679.78,272.45L678.79,272.91L678.01,273.31L677.47,273.45L677.04,273.54L676.68,273.74L676.07,274.43L675.29,275.45L674.71,275.73L673.94,275.72L673.39,275.71L672.47,275.85L672.07,276.04L671.40,275.64L671.11,275.56L670.38,275.57L668.80,275.75L667.86,275.90L667.41,275.86L666.73,275.91L666.34,276.13L665.75,276.93L665.41,277.05L664.45,276.93L664.29,276.99L663.72,277.70L663.26,278.06L662.34,278.33L661.75,278.42L660.24,278.34L659.60,278.28L658.91,278.09L658.28,277.72L657.50,277.04L656.76,276.69L656.39,276.65L656.23,276.58L656.04,275.35L656.10,275.10L656.59,275.21L657.04,275.12L657.37,274.70L657.57,274.23L657.84,272.87L657.79,271.66L657.64,271.04L657.38,270.44L656.26,268.54L656.05,267.90L655.91,267.07L655.94,266.08L655.78,265.39L655.31,264.31L654.65,263.37L654.04,262.64L653.83,262.38L653.96,261.48L653.74,260.94L653.01,259.83L652.04,258.81L651.76,258.23L651.89,257.99L652.08,258.18L652.23,258.62L652.41,258.79L652.65,259.14L652.97,259.32L653.33,259.35L652.98,258.20L652.54,257.81L652.32,257.48L652.40,257.18L653.15,258.02L653.64,258.99L654.12,259.06L654.02,258.51L654.31,258.47L654.31,257.90L654.03,257.42L653.00,256.05L652.65,255.36L652.53,254.78L652.49,254.05L652.84,253.46L653.17,252.93L653.38,252.27L653.29,251.24L653.04,250.60L653.07,250.23L653.51,249.54L653.62,249.22L653.68,249.06L653.96,249.71L653.97,250.13L654.07,250.32L654.42,250.35L654.59,250.23L654.78,249.67L654.92,249.19L655.68,248.72L656.91,248.10L657.39,247.77L658.07,247.19L658.65,246.72L659.28,246.39L660.07,246.28L660.77,246.26L661.47,246.26L661.90,246.22L662.25,246.03L662.73,245.58L663.22,245.45L664.15,245.38L664.43,245.24L664.72,244.69L664.88,244.59L665.32,244.61L666.20,244.84L666.82,244.79L667.73,244.50L668.82,244.03L669.18,243.81L669.89,243.15L670.32,242.57L670.61,241.95L670.74,241.65L671.15,241.28L672.12,240.63L672.20,240.46L672.13,240.05L671.89,239.25L671.88,238.75L672.94,237.63L673.33,236.94L673.62,237.11L673.96,237.55L674.58,238.90L674.84,239.15L675.02,238.58L675.04,238.11L675.47,238.35L675.74,238.42L675.93,237.81L675.87,237.67L675.31,237.43L675.14,237.19L675.14,236.63L675.19,236.51L676.08,236.55L676.74,236.81L677.39,236.78L677.72,236.75L678.01,236.82L677.31,236.37L676.88,236.23L677.01,235.69L676.94,235.39L677.07,234.88L677.49,234.53L677.66,234.46L678.39,234.85L678.59,234.81L678.48,234.36L678.59,233.88L678.74,233.51L678.70,232.99L679.05,232.82L679.45,232.71L680.27,232.75L680.80,231.66L681.17,231.36L681.52,231.53L681.78,231.98L682.05,231.43L682.27,231.20L682.47,230.72L683.16,231.34L683.68,231.43L683.97,231.64L684.30,232.17L684.93,232.76L685.05,233.47L684.98,234.07L685.16,234.26L685.42,233.98L685.88,233.30L686.04,233.17L687.20,233.25L687.68,233.41L688.31,233.90L688.65,234.04L688.80,233.56L689.10,233.26L689.12,233.02L688.86,232.70L688.26,232.31L688.18,232.12L688.19,231.88L688.33,231.78L688.94,231.24L688.94,230.79L689.13,230.58L689.65,230.30L689.92,230.06L690.07,229.79L689.98,229.60L689.98,229.31L690.49,228.44L690.61,228.39L690.93,228.36L691.33,228.33L691.58,228.16L691.37,227.75L691.75,227.35L692.09,227.28L692.88,227.65L693.50,227.58L694.79,227.49L695.30,227.36L695.53,227.19L695.58,227.13L695.50,226.94L695.30,226.20L695.05,225.92L694.58,225.65L694.21,225.74L693.96,225.60L694.00,225.39L694.36,225.24L694.76,225.20L695.38,225.72L695.63,225.82L695.97,225.72L696.34,226.03L697.01,226.49L697.37,226.65L698.67,226.94L699.26,227.03L699.67,226.88L700.04,226.90L700.44,227.50L700.86,227.62L701.00,227.59L701.56,227.15L702.02,227.18L702.67,227.56L703.00,228.04L703.46,227.89L703.58,227.10L703.76,227.02L704.22,227.48L704.55,227.58L704.71,227.73L704.27,228.15L704.14,228.57L703.97,228.78L703.96,229.22L703.84,229.47L703.32,229.49L702.81,229.72L702.42,230.06L702.41,230.61L702.72,230.96L702.53,231.65L702.15,232.23L701.59,232.71L701.43,233.19L701.50,233.36L701.97,233.80L703.00,234.42L703.81,235.10L704.32,235.70L704.57,235.80L704.92,235.69L705.18,235.71L705.96,236.07L706.70,236.53L707.14,236.98L707.82,237.52L708.15,237.65L708.59,237.67L709.38,237.85L709.63,238.04L709.85,238.66L710.01,238.83L710.52,239.14L711.28,239.56L711.82,239.71L712.24,239.64L712.65,239.47L713.26,239.27L713.46,239.12L714.20,237.77L714.60,236.64L714.80,235.33L715.06,234.61L715.49,233.93L715.35,233.51L714.95,232.88L714.97,232.57L715.20,231.94L715.39,231.46L715.23,231.17L715.04,230.78L715.13,230.09L715.24,229.08L715.46,228.79L715.79,228.63L715.95,228.32L715.41,227.80L715.45,227.60L716.02,226.65L716.34,225.72L716.41,224.89L716.60,224.65L716.88,224.35"]
        RenderPath {path} at (270.69,367.21) size 11.70x10.79 [stroke={[type=SOLID] [color=#808080] [stroke width=0.20]}] [fill={[type=SOLID] [color=#C0C0C0]}] [data="M270.93,276.12L270.99,275.79L270.79,275.21L270.80,274.69L271.05,274.19L271.52,273.67L271.64,273.34L271.48,272.36L271.43,271.51L271.53,270.99L272.12,268.63L272.19,268.18L272.63,267.65L273.18,267.65L274.22,267.40L274.47,267.30L274.74,267.40L275.21,267.76L275.59,268.17L276.18,268.98L276.41,269.36L276.68,269.35L277.37,268.92L277.74,269.32L278.17,269.89L278.79,270.08L279.34,270.28L280.34,270.87L280.81,271.30L281.66,272.41L281.80,272.61L281.96,272.63L282.29,273.01L282.27,273.28L281.64,274.05L281.54,274.32L281.80,275.06L281.90,275.38L281.84,275.43L281.03,276.53L280.41,277.08L279.63,277.54L279.19,277.69L278.38,277.79L277.50,277.46L276.95,277.50L276.40,277.61L275.76,277.90L275.38,277.86L274.53,277.18L273.90,276.93L273.14,276.77L272.67,276.90L272.16,276.97L271.83,276.85L271.29,276.28L270.93,276.12"]
        RenderPath {path} at (418.35,171.64) size 10.03x6.59 [stroke={[type=SOLID] [color=#808080] [stroke width=0.20]}] [fill={[type=SOLID] [color=#004B00]}] [data="M418.76,73.87L419.15,73.37L419.54,73.11L419.83,73.19L420.49,73.13L421.25,73.05L421.58,72.92L422.47,72.13L423.45,71.93L423.67,71.95L423.87,71.73L424.04,71.77L423.69,72.30L423.80,72.40L423.83,72.88L423.54,73.04L423.37,73.41L421.70,73.48L421.32,73.37L420.89,73.40L420.75,73.34L420.51,73.42L420.24,73.45L420.08,73.87L419.84,74.09L419.48,74.21L419.40,74.32L419.17,74.16L418.76,73.87M421.68,78.00L419.84,78.13L419.73,78.11L419.79,77.71L419.60,77.07L419.42,77.09L419.07,76.79L418.83,76.98L418.43,76.81L418.63,76.45L419.07,76.16L419.06,75.98L418.62,75.44L418.63,75.18L418.77,74.68L419.04,74.58L419.36,74.73L419.86,74.85L420.29,74.27L420.59,74.18L420.88,74.62L421.27,74.57L421.30,74.04L421.40,73.68L422.43,73.67L423.28,73.75L423.31,74.30L423.50,74.60L424.64,74.66L424.78,74.82L424.47,75.43L423.90,75.57L423.79,75.31L423.45,75.34L423.19,75.47L423.31,75.75L423.13,76.17L422.82,76.24L422.75,76.49L422.11,76.52L422.27,76.75L421.98,76.85L421.79,77.09L421.73,77.37L421.73,77.58L421.52,77.92L421.68,78.00M427.18,77.97L427.04,77.82L426.73,77.47L426.32,77.50L425.66,77.45L425.53,77.12L425.25,76.46L425.68,76.37L426.28,75.90L426.64,76.39L427.16,76.57L427.36,76.30L427.44,75.72L427.77,75.67L428.23,75.71L428.29,76.29L428.15,76.64L428.01,76.74L427.60,77.02L428.20,77.32L427.91,77.49L427.42,77.88L427.18,77.97"]
        RenderPath {path} at (413.67,177.92) size 20.37x17.16 [stroke={[type=SOLID] [color=#808080] [stroke width=0.20]}] [fill={[type=SOLID] [color=#003A00]}] [data="M417.26,94.30L417.12,94.07L417.34,93.37L417.25,93.29L417.32,93.00L417.64,92.62L417.70,92.27L417.75,92.05L418.71,91.25L418.10,91.05L417.62,91.07L417.17,90.98L417.07,90.79L416.84,90.79L416.77,90.83L416.08,90.89L416.03,90.75L415.64,90.81L415.30,90.53L414.87,90.21L414.80,89.86L415.05,89.71L415.09,89.42L414.62,89.33L414.21,89.02L414.15,88.71L414.58,88.34L414.54,87.87L414.26,87.51L413.91,87.33L414.08,87.05L413.93,86.83L413.75,86.80L413.83,86.70L414.07,86.57L414.30,86.43L414.11,86.31L414.31,86.04L414.40,85.89L414.25,85.60L414.17,85.33L413.80,85.15L413.86,84.97L414.21,84.89L414.38,84.80L414.76,84.93L415.42,84.78L415.74,84.63L415.87,84.25L416.28,84.05L416.29,83.72L416.13,83.55L415.94,83.61L415.50,83.48L415.53,83.29L415.64,83.11L416.21,83.15L416.30,82.75L416.64,82.39L416.49,81.95L416.55,81.80L416.09,81.61L416.22,81.18L416.50,81.00L416.87,80.97L417.99,80.91L418.29,80.89L418.38,81.06L418.58,81.33L418.42,81.48L418.74,81.60L418.89,81.53L418.93,81.34L418.77,81.13L419.03,81.14L419.47,81.31L419.31,80.95L419.55,80.53L420.24,80.65L420.86,80.56L420.26,80.39L420.18,80.16L420.46,80.06L420.21,79.94L420.09,79.79L420.25,79.71L420.32,79.58L419.64,79.66L419.58,79.48L420.25,79.35L420.47,79.16L420.00,78.74L419.68,78.40L419.72,78.12L419.84,78.13L421.68,78.00L421.93,78.14L422.50,78.48L422.77,78.77L422.75,79.00L422.50,79.18L422.94,79.13L423.11,79.34L423.27,79.26L423.55,79.29L423.79,79.44L424.24,79.51L425.10,79.39L425.18,79.60L425.11,79.75L425.05,79.88L424.39,80.17L424.70,80.36L425.35,80.23L425.47,80.41L425.92,80.40L426.27,80.01L427.33,79.88L427.93,79.64L428.69,79.38L428.94,79.49L429.34,79.32L429.52,79.50L429.61,79.66L430.24,79.95L430.42,80.02L430.95,79.90L431.10,80.02L431.16,80.36L431.20,80.59L431.35,80.69L431.71,80.82L432.08,80.80L432.11,80.93L432.31,80.95L432.63,81.79L432.41,82.31L432.02,82.45L431.96,82.78L432.36,82.88L433.04,83.31L432.82,83.71L432.92,83.89L433.23,84.03L433.21,84.34L433.34,84.44L433.22,84.73L433.01,84.86L433.00,85.05L433.32,85.32L433.21,85.57L433.68,85.76L433.96,86.25L433.52,86.94L433.38,87.06L433.04,86.99L433.01,86.71L432.70,86.59L432.26,86.66L432.55,86.88L432.29,86.96L432.01,87.06L431.48,87.11L431.36,87.28L430.62,87.30L430.51,87.52L430.34,87.45L429.98,87.51L429.88,87.74L429.50,87.75L429.42,87.93L428.98,87.93L428.56,88.13L428.26,88.10L428.00,88.28L427.76,88.45L427.80,88.50L428.06,88.88L428.47,88.98L428.31,89.23L428.23,89.63L428.39,89.72L428.43,89.95L428.67,90.12L429.15,90.39L429.34,90.32L429.91,90.83L430.34,91.00L430.53,91.20L430.75,91.12L430.91,91.30L431.12,91.34L431.57,91.97L430.88,92.23L430.45,92.08L430.31,92.11L430.27,92.44L430.11,92.61L429.14,92.91L428.78,93.14L429.32,93.71L429.12,94.00L429.46,94.02L429.51,94.17L429.41,94.52L429.33,94.57L428.89,94.39L428.94,94.23L428.79,94.11L428.23,94.17L428.04,94.04L427.60,94.07L427.51,94.25L426.26,94.28L426.14,94.46L425.82,94.47L425.77,94.60L425.40,94.70L424.81,94.72L424.75,94.58L424.65,94.43L424.16,94.34L423.90,94.40L423.66,94.36L423.69,94.63L423.24,94.97L423.03,94.97L423.11,94.78L422.85,94.74L422.86,94.57L422.66,94.53L422.56,94.39L422.31,94.38L422.21,94.27L422.05,94.41L421.68,94.40L421.02,94.14L420.17,94.13L420.02,94.04L419.82,94.05L419.80,93.90L419.09,94.10L419.27,94.30L418.92,94.32L418.64,94.21L418.07,94.37L417.80,94.27L417.53,94.39L417.26,94.30M432.01,80.47L431.84,80.43L431.75,80.39L431.31,80.47L431.20,80.20L431.20,79.99L431.84,80.27L432.01,80.47"]
        RenderPath {path} at (431.77,178.38) size 22.51x12.78 [stroke={[type=SOLID] [color=#808080] [stroke width=0.20]}] [fill={[type=SOLID] [color=#001F00]}] [data="M450.73,91.05L449.90,90.72L449.48,90.62L449.38,90.40L448.67,90.22L448.54,90.09L447.98,90.16L447.47,90.12L447.40,90.26L447.03,90.44L446.57,90.18L446.08,90.23L445.92,90.18L445.36,90.38L445.26,90.56L445.11,90.69L444.93,90.57L444.54,90.65L444.53,90.45L444.56,90.37L444.49,90.19L444.16,90.21L444.09,90.04L443.90,89.80L443.64,89.83L443.57,89.94L443.38,89.92L443.20,90.16L442.77,90.21L442.74,89.98L442.45,89.94L442.35,89.61L441.96,89.51L441.78,89.31L441.80,89.06L440.99,88.93L440.68,88.75L440.32,88.91L440.02,88.89L440.01,88.67L440.01,88.42L439.68,88.50L439.86,88.22L439.15,88.22L438.90,88.10L438.39,87.91L438.10,87.89L438.10,88.03L438.38,88.33L437.97,88.45L437.75,88.64L437.43,88.57L437.14,88.19L436.59,87.94L436.81,87.73L437.02,87.71L437.12,87.59L436.92,87.40L436.66,87.38L436.60,87.45L436.13,87.51L436.14,87.34L435.86,87.38L435.73,87.20L435.16,87.15L434.96,87.12L434.60,86.96L434.50,86.70L434.29,86.61L433.93,86.62L433.87,86.71L433.93,86.78L433.91,86.93L433.53,86.93L433.97,86.24L433.69,85.75L433.22,85.56L433.33,85.30L433.01,85.03L433.01,84.84L433.23,84.72L433.35,84.43L433.21,84.32L433.24,84.02L432.92,83.88L432.83,83.69L433.05,83.30L432.36,82.87L431.97,82.77L432.02,82.44L432.42,82.29L432.63,81.77L432.32,80.94L432.65,80.98L432.89,81.11L432.79,80.91L432.95,80.76L432.93,80.61L432.76,80.48L432.74,80.36L432.73,80.28L433.66,80.13L434.09,80.07L434.61,79.92L435.91,79.79L436.39,79.64L437.19,79.16L438.30,78.86L439.82,78.56L441.20,78.47L442.27,78.89L441.39,78.59L441.33,78.74L441.59,78.91L441.72,79.38L442.08,79.51L442.72,79.57L443.37,79.46L444.43,79.06L444.49,79.06L443.51,79.48L443.32,79.59L443.31,79.71L443.53,79.72L443.82,79.60L444.43,79.39L444.97,79.14L445.82,79.14L448.06,79.26L451.02,79.16L451.66,79.14L451.70,79.15L452.38,79.39L452.67,79.88L452.77,80.07L452.78,80.10L452.87,80.27L453.03,80.57L453.65,82.07L453.82,82.57L453.80,82.81L453.53,83.01L453.09,83.04L452.52,83.29L452.23,83.62L452.10,83.91L452.39,83.92L452.81,84.07L452.96,84.24L453.18,84.39L453.19,84.64L452.88,85.39L453.00,85.53L453.16,85.70L453.09,85.94L453.91,86.78L454.22,86.97L453.92,87.02L453.84,87.15L454.17,87.46L454.16,87.77L453.90,88.01L453.47,88.02L453.19,88.20L452.59,88.60L451.08,89.82L451.00,90.13L451.04,90.68L451.39,91.06L450.74,91.04M431.84,80.27L432.08,80.29L432.14,80.50L432.01,80.47L431.84,80.27M432.74,80.36L432.71,80.49L432.43,80.47L432.24,80.50L432.19,80.29L432.37,80.28L432.63,80.28L432.74,80.36"]
        RenderPath {path} at (408.35,181.38) size 8.39x6.07 [stroke={[type=SOLID] [color=#808080] [stroke width=0.20]}] [fill={[type=SOLID] [color=#002600]}] [data="M416.49,81.94L416.64,82.38L416.29,82.74L416.21,83.14L415.64,83.11L415.53,83.29L415.50,83.47L415.94,83.61L416.12,83.55L416.29,83.72L416.28,84.04L415.87,84.25L415.74,84.63L415.42,84.78L414.76,84.93L414.38,84.80L414.20,84.89L413.86,84.97L413.79,85.15L414.17,85.33L414.25,85.60L414.40,85.89L414.31,86.04L414.11,86.31L414.30,86.43L414.07,86.57L413.83,86.70L413.75,86.79L413.93,86.83L414.08,87.05L413.91,87.33L413.24,87.35L413.24,87.01L413.41,86.92L413.52,86.49L412.77,86.12L412.23,86.23L411.94,85.85L411.71,85.79L411.54,85.91L411.22,85.67L410.96,85.85L410.65,85.85L410.34,85.84L410.37,86.00L409.85,86.03L409.44,85.99L408.96,85.89L408.89,85.73L408.40,85.46L409.19,84.99L410.05,84.37L410.32,84.02L410.89,82.85L411.06,82.75L411.70,82.63L412.07,82.88L412.21,83.15L411.93,83.35L411.70,83.29L411.77,83.79L411.57,83.91L412.74,84.14L412.96,83.90L413.37,83.79L413.50,83.37L413.04,83.35L412.92,83.23L412.90,83.02L413.14,82.86L412.97,82.84L412.41,82.78L412.48,82.45L412.45,82.32L412.42,82.28L412.55,82.00L413.12,81.80L413.83,81.56L414.49,81.59L415.58,81.44L415.82,81.72L416.15,81.76L416.23,81.94L416.48,81.94"]
        RenderPath {path} at (427.68,186.49) size 14.86x5.81 [stroke={[type=SOLID] [color=#808080] [stroke width=0.20]}] [fill={[type=SOLID] [color=#004E00]}] [data="M431.57,91.96L431.12,91.33L430.92,91.30L430.75,91.12L430.53,91.20L430.35,91.00L429.92,90.83L429.35,90.32L429.16,90.39L428.68,90.12L428.43,89.95L428.40,89.72L428.24,89.63L428.32,89.22L428.48,88.97L428.06,88.88L427.80,88.50L427.77,88.44L428.01,88.28L428.27,88.09L428.56,88.13L428.98,87.93L429.43,87.93L429.51,87.75L429.89,87.73L429.98,87.50L430.34,87.44L430.52,87.51L430.63,87.30L431.36,87.27L431.49,87.11L432.01,87.06L432.30,86.96L432.55,86.88L432.27,86.66L432.70,86.59L433.01,86.71L433.04,86.99L433.39,87.06L433.53,86.94L433.90,86.94L433.93,86.79L433.87,86.72L433.93,86.63L434.29,86.62L434.50,86.71L434.60,86.97L434.96,87.13L435.16,87.15L435.73,87.21L435.86,87.39L436.14,87.35L436.13,87.52L436.60,87.46L436.66,87.39L436.92,87.41L437.11,87.60L437.02,87.72L436.81,87.74L436.58,87.95L437.13,88.20L437.43,88.58L437.75,88.65L437.97,88.46L438.38,88.34L438.10,88.04L438.10,87.90L438.39,87.92L438.89,88.11L439.15,88.23L439.86,88.23L439.68,88.51L440.01,88.43L440.01,88.68L440.02,88.90L440.31,88.92L440.68,88.75L440.99,88.93L441.80,89.07L441.77,89.32L441.96,89.52L442.35,89.62L442.45,89.95L442.38,89.94L442.31,90.00L442.25,90.04L442.14,90.02L442.00,90.00L441.88,90.01L441.82,90.05L441.68,90.12L441.63,90.20L441.51,90.29L441.39,90.34L441.26,90.42L441.16,90.43L441.04,90.45L440.99,90.54L440.96,90.63L440.93,90.76L440.88,90.84L440.83,90.95L440.68,91.01L440.58,91.05L440.49,91.03L440.41,91.11L440.37,91.20L440.31,91.28L440.27,91.28L440.17,91.30L440.10,91.33L440.02,91.38L439.91,91.43L439.77,91.43L439.63,91.47L439.54,91.50L439.47,91.47L439.41,91.45L439.31,91.45L439.25,91.47L439.09,91.47L438.96,91.42L438.87,91.37L438.77,91.39L438.60,91.45L438.58,91.49L438.43,91.61L438.34,91.67L438.33,91.80L438.26,91.91L438.22,91.95L438.17,91.86L437.62,91.66L436.29,91.84L435.27,91.61L433.90,91.27L433.15,92.04L432.55,92.21L432.07,92.11L431.71,91.98L431.57,91.96"]
        RenderPath {path} at (421.53,191.18) size 17.62x5.96 [stroke={[type=SOLID] [color=#808080] [stroke width=0.20]}] [fill={[type=SOLID] [color=#008000]}] [data="M421.68,94.40L422.05,94.41L422.21,94.27L422.31,94.38L422.56,94.39L422.66,94.53L422.86,94.58L422.85,94.74L423.11,94.78L423.03,94.97L423.24,94.97L423.70,94.63L423.66,94.36L423.90,94.40L424.16,94.34L424.66,94.43L424.75,94.58L424.81,94.72L425.40,94.70L425.78,94.60L425.82,94.47L426.14,94.45L426.27,94.28L427.52,94.25L427.61,94.07L428.04,94.03L428.23,94.17L428.80,94.11L428.95,94.23L428.90,94.39L429.34,94.57L429.42,94.51L429.52,94.17L429.46,94.01L429.13,94.00L429.32,93.71L428.79,93.13L429.15,92.91L430.12,92.61L430.28,92.44L430.32,92.10L430.45,92.08L430.89,92.23L431.57,91.97L431.71,91.98L432.07,92.11L432.55,92.21L433.15,92.05L433.90,91.27L435.27,91.61L436.29,91.84L437.62,91.66L438.17,91.86L438.22,91.96L438.27,92.05L438.18,92.63L438.33,92.89L439.09,93.44L438.46,93.73L438.44,94.09L437.74,94.15L437.57,94.01L437.25,94.01L437.02,94.21L437.48,94.27L437.61,94.47L437.46,94.68L437.05,94.74L437.01,95.11L437.21,95.30L437.06,95.60L436.71,95.89L436.02,96.05L436.10,96.44L435.21,96.33L434.91,96.52L434.06,96.44L433.50,96.55L432.85,97.05L432.56,96.90L431.95,96.91L431.77,96.80L430.73,96.74L430.25,96.62L429.36,96.54L428.05,96.29L427.73,95.90L427.41,95.81L427.39,95.44L426.53,95.67L426.23,95.57L425.79,95.68L425.60,95.60L425.24,95.69L424.91,96.10L424.31,96.07L423.68,95.90L423.71,95.73L423.49,95.61L422.92,95.94L422.36,95.70L422.36,95.56L421.73,95.49L421.83,95.30L421.61,95.01L421.88,94.74L421.68,94.40"]
        RenderPath {path} at (406.52,269.34) size 26.48x21.31 [stroke={[type=SOLID] [color=#808080] [stroke width=0.20]}] [fill={[type=SOLID] [color=#C0C0C0]}] [data="M431.76,171.06L431.70,171.42L431.79,172.14L431.89,172.65L432.12,172.81L432.68,172.92L432.83,173.11L432.90,173.46L432.81,174.57L432.67,174.80L432.39,174.97L431.51,175.19L431.22,175.45L430.55,176.72L430.05,177.92L429.81,178.93L429.45,179.06L429.08,179.09L428.96,179.44L428.81,180.67L428.62,180.98L428.23,181.03L427.98,181.31L427.56,182.15L426.61,184.37L426.31,184.99L425.96,185.49L425.59,185.85L425.35,185.96L425.21,185.90L424.48,184.93L424.34,184.79L423.24,184.74L422.96,184.77L421.65,186.04L420.71,186.88L420.22,187.40L420.24,188.38L420.05,188.93L419.67,189.62L419.48,189.50L419.26,189.45L419.08,189.33L418.94,189.54L419.08,189.84L419.02,189.96L418.67,190.16L418.11,190.19L417.13,190.29L416.52,190.02L416.24,190.07L415.96,190.43L415.79,190.55L415.36,190.48L414.11,190.47L413.58,190.24L413.04,189.79L412.62,189.07L412.43,188.42L412.48,188.17L412.69,187.91L412.54,187.62L412.03,187.55L411.90,187.29L411.44,186.74L410.88,186.28L410.27,186.03L409.63,185.77L409.36,185.46L408.84,185.54L408.60,185.83L408.27,185.90L407.39,185.95L406.73,185.98L406.72,185.74L406.84,184.56L406.62,183.12L406.71,182.13L406.73,181.25L406.72,180.77L406.72,180.39L406.96,179.99L407.21,179.96L407.65,179.83L407.73,179.47L407.61,178.87L407.70,178.53L408.36,178.12L408.58,177.82L408.77,177.26L409.09,176.29L408.70,175.58L408.54,174.81L408.60,174.04L408.69,173.08L408.85,172.23L409.20,171.74L409.89,170.13L410.57,169.73L411.63,169.54L412.80,169.43L413.92,169.56L414.74,169.83L415.83,171.06L416.04,171.15L416.41,171.15L417.75,170.61L418.21,170.49L418.57,170.57L419.74,171.32L420.71,171.59L421.64,171.59L421.91,171.53L422.54,171.13L422.95,170.80L423.72,170.52L424.35,170.41L425.06,170.37L425.59,170.41L426.47,170.63L427.20,170.82L427.80,171.03L428.06,170.97L428.82,170.27L429.28,169.98L429.71,169.77L430.67,169.74L430.84,170.13L431.41,170.65L431.76,171.06"]
        RenderPath {path} at (419.58,270.96) size 16.81x25.62 [stroke={[type=SOLID] [color=#808080] [stroke width=0.20]}] [fill={[type=SOLID] [color=#C0C0C0]}] [data="M425.51,195.52L423.54,195.51L422.54,195.51L422.57,195.34L422.36,194.80L422.63,193.81L422.47,193.09L422.28,192.57L421.88,191.92L422.31,191.52L422.02,191.16L421.79,191.10L421.21,191.16L420.65,190.89L420.47,190.57L420.41,190.03L420.30,189.82L419.77,189.68L419.67,189.62L420.05,188.93L420.24,188.38L420.22,187.40L420.71,186.88L421.65,186.04L422.96,184.77L423.23,184.74L424.34,184.79L424.48,184.93L425.21,185.90L425.35,185.96L425.59,185.85L425.96,185.49L426.31,184.99L426.61,184.37L427.56,182.15L427.98,181.31L428.23,181.03L428.62,180.98L428.81,180.67L428.95,179.44L429.08,179.09L429.45,179.06L429.81,178.93L430.05,177.92L430.55,176.72L431.22,175.45L431.51,175.19L432.39,174.97L432.67,174.80L432.81,174.57L432.90,173.46L432.83,173.11L432.68,172.92L432.12,172.81L431.89,172.65L431.79,172.14L431.70,171.42L431.76,171.06L432.39,171.17L432.60,171.26L433.52,172.49L433.92,173.38L434.03,174.58L433.90,175.23L434.07,176.46L434.27,177.04L434.65,177.67L434.86,177.88L434.91,178.01L434.68,178.15L434.01,178.18L432.82,177.99L432.34,177.91L432.10,178.01L431.81,178.32L431.49,178.86L432.58,179.93L433.92,181.11L434.56,182.18L434.94,183.23L435.15,183.42L434.94,183.53L434.59,183.86L433.72,185.60L433.32,186.11L432.79,186.51L432.65,186.71L432.58,187.13L432.70,187.91L432.97,189.09L433.18,189.68L433.58,190.35L434.01,190.95L434.07,191.74L434.18,192.07L435.40,193.30L435.90,194.10L436.09,194.91L436.30,195.36L436.14,195.54L436.24,196.40L435.97,196.49L435.11,196.20L434.25,195.87L433.67,195.67L433.11,195.55L432.63,195.51L432.36,195.45L431.48,195.53L430.62,195.51L430.06,195.40L429.04,195.25L428.21,195.21L426.43,195.12L425.55,195.03L425.51,195.52"]
        RenderPath {path} at (535.65,217.77) size 37.47x29.61 [stroke={[type=SOLID] [color=#808080] [stroke width=0.20]}] [fill={[type=SOLID] [color=#C0C0C0]}] [data="M551.79,147.28L551.01,147.17L550.55,146.91L550.17,146.55L549.92,145.45L549.81,145.30L549.47,145.16L548.80,145.08L548.70,145.01L548.68,144.74L548.80,144.28L548.62,143.83L548.21,143.45L547.91,143.43L546.73,143.85L545.50,143.93L544.69,144.07L543.74,144.15L543.33,144.07L543.07,143.84L542.93,143.64L542.02,143.79L541.47,144.17L540.62,144.18L539.35,144.17L538.66,144.30L537.94,144.41L537.40,144.45L537.58,143.49L537.63,143.14L537.94,142.35L538.22,141.96L539.02,141.49L539.72,141.23L540.72,141.16L540.92,141.09L541.11,140.83L541.15,139.86L540.96,139.57L540.31,139.52L540.13,139.13L540.02,137.79L539.85,137.41L539.44,137.18L538.29,136.80L537.60,136.40L537.25,135.94L536.54,134.87L535.73,133.79L536.62,134.11L537.25,134.30L538.32,134.55L539.17,134.79L539.72,134.83L540.46,134.85L541.64,134.63L541.99,134.63L543.00,134.76L544.23,134.65L545.20,134.47L546.38,134.28L547.45,134.01L547.69,133.85L547.76,133.67L547.86,132.76L548.09,131.89L548.28,131.55L548.69,131.18L549.29,130.74L549.57,130.66L550.22,130.70L550.73,130.79L550.99,130.70L551.31,130.01L551.67,129.74L552.23,129.49L552.79,129.52L553.79,129.89L554.03,129.81L554.37,129.42L554.39,129.34L554.53,128.13L554.82,127.29L555.04,126.87L555.33,126.64L555.75,126.53L556.26,126.49L556.58,126.38L556.78,126.12L556.69,125.69L556.56,125.41L556.19,125.00L555.84,124.66L556.20,124.54L557.20,124.66L557.89,124.70L558.41,124.48L558.70,124.23L558.66,123.92L558.44,123.44L558.57,123.15L558.97,122.81L559.49,122.46L559.82,122.03L559.62,121.56L559.74,121.07L559.51,120.90L559.50,120.57L559.09,120.29L559.08,119.97L559.54,119.56L559.80,119.35L560.04,119.37L560.60,118.98L560.87,118.79L561.40,118.49L562.55,118.34L563.90,118.33L564.54,118.47L564.88,118.29L565.21,118.30L565.67,118.00L566.03,118.00L566.17,117.86L566.49,118.00L566.59,118.11L566.87,117.90L567.17,117.95L567.72,118.06L567.73,118.52L568.01,118.39L568.64,118.38L569.01,118.71L569.22,118.95L569.23,119.45L568.92,119.97L569.22,120.04L569.41,120.26L569.67,120.54L570.19,120.34L570.43,120.34L570.53,120.54L570.71,120.63L571.27,121.07L572.61,121.17L572.91,121.28L573.06,121.41L572.85,121.49L572.17,121.86L571.76,122.09L571.60,122.52L571.53,123.00L571.30,123.12L571.17,122.94L570.55,122.84L570.11,122.97L569.84,123.27L569.58,123.15L569.02,123.42L568.09,123.27L567.53,123.13L565.82,122.81L564.92,123.07L564.54,123.68L564.63,123.85L564.97,123.85L565.02,124.16L564.82,124.31L564.92,124.51L565.51,124.49L565.51,124.84L565.13,124.94L564.99,125.35L565.38,125.58L565.26,126.06L565.05,126.19L565.14,126.44L565.74,126.74L565.74,127.27L566.52,127.27L566.48,127.70L566.67,127.95L567.37,127.90L568.04,128.27L568.05,128.49L567.85,128.74L567.35,128.94L566.71,129.14L566.19,129.38L566.22,129.75L566.41,130.13L566.17,131.10L564.66,132.61L564.92,132.99L564.56,133.27L563.95,133.40L563.60,133.87L563.09,135.08L562.61,135.63L561.42,136.13L561.24,136.49L560.97,136.97L560.40,137.58L560.33,137.96L559.62,138.22L558.88,138.21L557.99,138.52L557.63,138.43L557.47,137.91L557.26,137.78L556.86,137.86L556.32,138.33L556.18,138.77L555.20,139.66L555.01,140.21L554.93,140.48L555.05,140.86L555.59,141.02L556.10,141.10L556.52,141.12L556.41,141.81L556.25,142.54L556.66,142.95L556.99,143.05L557.53,142.95L557.64,143.40L557.86,143.90L558.51,145.24L558.28,145.38L558.52,145.85L558.21,145.91L558.06,146.16L557.51,146.24L557.36,145.91L557.18,145.85L556.40,146.06L556.20,146.39L555.46,146.29L555.23,146.15L554.40,146.12L553.56,146.12L553.30,146.06L553.32,146.79L552.45,146.81L552.16,147.24L551.79,147.27"]
        RenderPath {path} at (551.69,221.17) size 65.29x61.19 [stroke={[type=SOLID] [color=#808080] [stroke width=0.20]}] [fill={[type=SOLID] [color=#004200]}] [data="M606.16,150.95L606.12,150.49L605.49,148.01L605.43,147.43L605.03,147.47L604.75,147.59L604.35,148.75L604.13,149.10L603.60,148.65L603.35,148.39L603.12,148.11L603.12,147.73L603.11,147.20L603.24,146.92L603.89,146.56L604.39,146.43L605.33,145.67L605.49,145.33L605.50,144.54L605.44,144.41L605.33,144.31L602.86,144.11L602.30,144.12L601.38,144.18L600.84,144.13L600.30,144.02L600.20,143.92L600.12,143.20L600.07,142.72L599.94,142.40L599.53,142.34L599.04,142.40L598.66,142.14L598.33,141.87L597.07,141.57L596.84,141.74L596.28,142.26L596.16,142.55L596.24,142.70L596.74,142.94L597.96,143.88L598.09,143.99L598.04,144.14L597.66,144.24L597.16,144.37L596.76,144.67L596.21,145.28L596.55,145.61L597.59,146.04L597.78,146.25L597.75,146.52L597.25,147.28L597.29,147.54L597.64,147.99L597.97,149.39L598.37,151.17L598.51,151.70L598.34,152.02L598.41,152.21L598.09,152.28L597.74,152.22L597.59,151.51L597.39,151.43L597.14,151.79L596.97,152.14L596.80,152.20L596.68,152.10L596.40,151.51L596.25,151.34L595.84,151.87L595.33,152.17L594.34,152.57L593.77,152.78L593.51,153.01L593.46,153.12L593.56,153.70L593.75,154.11L593.41,154.60L593.10,154.93L593.09,155.19L592.54,155.61L591.95,156.07L591.48,156.26L591.05,156.32L590.31,156.52L589.72,156.88L589.26,157.46L588.71,158.02L587.83,159.08L587.21,159.63L586.54,159.90L585.87,160.73L585.19,161.20L584.46,161.57L584.01,161.81L583.58,162.12L583.39,162.63L583.32,163.10L582.98,163.51L582.33,163.80L581.90,163.86L581.39,163.76L581.14,164.03L580.77,164.92L580.49,165.15L579.99,164.90L579.37,165.04L579.02,165.32L578.72,165.89L578.55,166.37L578.55,166.88L578.71,168.41L578.73,169.22L578.52,169.71L578.75,170.04L579.06,170.46L579.05,170.97L578.85,171.58L578.18,173.19L577.84,174.02L577.71,174.66L577.76,175.31L577.97,177.07L577.89,177.31L577.24,177.31L576.81,177.30L576.62,177.44L576.29,178.40L575.97,179.00L575.99,179.12L576.48,179.48L575.68,179.80L575.37,179.82L574.60,180.10L574.31,180.51L574.21,181.20L574.05,181.46L573.68,181.74L573.16,182.00L573.06,182.05L572.99,182.10L572.76,182.25L572.62,182.25L572.44,182.20L571.03,180.74L570.93,180.35L570.66,179.83L570.32,178.43L569.63,176.64L568.69,174.71L567.71,173.20L567.16,171.48L566.65,169.68L565.91,168.05L565.09,166.63L564.67,165.89L564.07,164.45L563.71,163.29L562.94,160.02L562.47,157.32L562.31,155.76L562.26,155.52L562.49,154.95L563.04,154.12L563.05,153.81L562.64,153.53L562.28,153.09L562.16,152.46L562.05,151.54L562.12,150.92L561.28,150.95L561.09,151.16L560.86,151.58L560.87,151.77L561.14,152.02L561.22,152.20L561.14,152.64L560.84,153.08L560.34,153.45L559.53,153.82L559.02,153.93L558.41,154.18L558.03,154.20L557.17,153.92L556.60,153.54L555.58,152.54L554.19,151.27L553.67,150.57L553.94,150.52L555.00,150.65L555.61,150.56L556.06,150.42L556.52,150.14L557.04,149.53L556.97,149.29L556.82,149.36L556.23,149.47L555.38,149.45L554.78,149.34L554.14,149.20L553.64,148.99L553.44,148.92L552.51,148.26L551.84,147.48L551.79,147.28L552.16,147.25L552.45,146.82L553.32,146.80L553.30,146.07L553.56,146.12L554.40,146.13L555.23,146.15L555.46,146.30L556.20,146.40L556.40,146.07L557.18,145.85L557.36,145.92L557.51,146.25L558.05,146.17L558.21,145.92L558.52,145.85L558.28,145.39L558.51,145.24L557.86,143.91L557.64,143.40L557.53,142.96L557.00,143.06L556.67,142.96L556.26,142.55L556.41,141.81L556.53,141.12L556.10,141.11L555.60,141.02L555.06,140.86L554.94,140.48L555.02,140.21L555.21,139.67L556.18,138.78L556.33,138.33L556.86,137.87L557.27,137.79L557.47,137.92L557.63,138.43L557.99,138.53L558.89,138.21L559.62,138.23L560.33,137.97L560.41,137.59L560.97,136.98L561.25,136.50L561.42,136.13L562.62,135.64L563.10,135.09L563.60,133.87L563.96,133.41L564.57,133.27L564.92,132.99L564.66,132.61L566.18,131.11L566.41,130.13L566.22,129.76L566.19,129.39L566.71,129.14L567.35,128.95L567.86,128.74L568.06,128.49L568.04,128.28L567.38,127.90L566.67,127.95L566.49,127.70L566.53,127.27L565.74,127.28L565.75,126.75L565.14,126.45L565.05,126.20L565.27,126.07L565.38,125.59L564.99,125.36L565.13,124.94L565.52,124.84L565.52,124.50L564.92,124.51L564.82,124.32L565.02,124.17L564.97,123.85L564.64,123.85L564.55,123.69L564.93,123.07L565.82,122.81L567.53,123.14L568.10,123.27L569.03,123.42L569.58,123.16L569.85,123.27L570.12,122.97L570.55,122.84L571.18,122.94L571.30,123.12L571.53,123.01L571.61,122.53L571.76,122.10L572.17,121.87L572.86,121.50L573.07,121.41L573.57,121.26L573.57,121.78L574.01,122.81L574.23,123.32L575.04,123.43L575.48,123.84L575.70,124.09L575.37,124.32L575.19,124.50L575.26,125.09L575.30,125.64L575.59,125.86L576.31,125.96L576.40,126.04L576.45,126.22L577.13,126.32L577.02,126.73L577.39,127.42L576.81,127.79L576.43,128.07L576.07,128.12L575.73,127.85L575.70,127.49L574.91,127.69L575.07,128.38L575.65,128.98L575.54,129.42L575.82,129.79L575.60,130.00L575.70,130.43L575.90,130.50L576.38,130.18L576.76,130.43L577.53,131.27L577.89,131.16L578.97,131.74L578.85,132.10L579.61,132.35L579.77,132.28L580.62,132.88L579.55,133.79L579.27,133.90L579.28,134.27L579.06,134.53L579.10,134.93L578.79,135.33L578.57,135.76L578.61,136.01L579.24,136.38L579.71,136.30L580.37,136.78L581.08,136.93L581.38,137.46L582.62,138.14L582.85,137.97L583.88,138.57L584.42,138.50L584.60,138.90L585.44,139.06L585.74,139.26L585.89,139.20L585.98,138.98L586.48,138.98L586.96,139.24L587.54,138.90L588.04,139.20L588.68,139.26L588.82,139.49L588.72,139.94L589.39,140.09L589.67,140.37L590.29,140.63L590.87,140.35L591.19,140.42L591.15,140.75L591.47,141.00L591.84,140.77L592.57,140.91L593.41,141.28L594.02,140.98L594.29,141.35L594.68,141.46L595.04,141.33L595.31,141.41L596.00,141.28L596.34,141.33L596.65,140.64L596.22,139.81L596.29,138.93L596.61,138.17L596.57,138.15L596.91,138.02L597.39,137.92L597.62,137.99L597.76,138.17L597.70,139.03L597.91,139.70L597.82,139.81L598.06,140.30L598.70,140.48L599.25,140.56L600.12,140.78L600.21,140.80L600.75,140.72L601.28,140.41L601.58,140.46L601.92,140.59L603.16,140.65L604.19,140.59L604.82,140.53L605.03,139.95L605.02,139.67L604.76,139.43L604.45,139.36L604.12,139.07L604.08,138.83L604.15,138.67L604.34,138.57L605.12,138.54L605.84,138.32L606.23,138.05L607.35,136.95L607.90,136.58L608.73,136.32L609.83,135.59L610.38,135.29L610.73,135.21L611.02,135.37L611.99,135.69L612.37,135.65L613.75,134.81L614.20,135.20L614.92,135.91L614.97,136.29L614.61,136.75L614.47,137.02L614.58,137.07L614.88,137.13L615.53,137.21L616.26,137.39L616.89,137.47L616.87,137.98L616.76,138.22L616.16,138.80L616.09,139.08L616.27,139.80L615.98,139.86L615.12,139.64L614.57,139.56L614.25,139.68L613.53,140.20L612.09,141.08L611.89,141.43L611.95,142.20L611.81,142.58L610.88,143.71L610.83,143.92L611.02,144.33L611.02,144.65L609.87,146.90L609.70,147.03L609.40,147.02L609.00,146.91L608.19,146.59L608.06,146.87L608.21,148.47L608.02,148.82L607.61,148.96L607.39,149.15L607.54,150.08L607.52,150.76L607.25,151.13L607.00,151.26L606.74,151.12L606.15,150.96"]
        RenderPath {path} at (478.24,226.20) size 9.80x9.39 [stroke={[type=SOLID] [color=#808080] [stroke width=0.20]}] [fill={[type=SOLID] [color=#C0C0C0]}] [data="M478.52,135.17L478.57,134.88L478.52,134.71L478.32,134.60L478.43,134.43L478.72,133.51L478.71,132.69L479.22,131.60L479.52,130.71L479.52,130.30L479.65,130.02L479.72,129.27L479.76,128.42L479.82,128.25L479.84,127.97L479.78,127.56L479.82,127.44L479.92,127.38L481.82,128.41L482.18,128.58L482.44,128.56L483.58,127.91L486.54,126.37L486.70,126.30L487.57,127.93L487.88,128.62L487.97,128.67L487.51,129.11L487.25,129.29L486.28,129.54L483.70,130.17L483.05,130.40L484.20,131.72L484.90,132.60L484.13,133.32L483.67,133.70L483.43,133.77L482.19,134.10L481.72,134.71L480.75,135.49L478.67,135.19L478.52,135.18"]
        RenderPath {path} at (421.32,226.34) size 35.14x30.56 [stroke={[type=SOLID] [color=#808080] [stroke width=0.20]}] [fill={[type=SOLID] [color=#C0C0C0]}] [data="M456.03,151.46L456.01,152.46L456.04,155.54L455.95,155.71L454.39,155.69L453.87,155.68L453.80,156.81L451.82,155.85L446.24,153.06L441.30,150.68L436.07,148.13L435.66,148.19L433.84,149.05L432.32,149.78L432.09,149.93L430.90,149.02L430.64,148.84L429.63,148.51L427.99,148.07L427.15,147.93L427.06,147.86L426.20,146.35L426.02,146.18L424.99,145.84L424.29,145.67L423.74,145.87L423.50,145.72L422.94,144.85L422.69,143.93L421.42,142.23L421.57,141.94L421.82,141.82L422.48,141.35L422.57,141.18L422.63,140.51L422.17,139.36L422.33,138.86L422.49,138.24L422.39,137.49L422.49,136.63L422.44,135.94L422.29,135.10L421.41,133.50L421.65,133.12L421.86,132.96L422.08,132.82L422.94,132.22L423.10,131.99L423.24,131.46L422.97,130.48L423.10,130.13L424.57,128.99L425.15,128.68L425.95,128.25L426.04,127.98L425.98,127.42L426.07,126.43L427.51,127.03L428.50,127.33L429.02,127.35L429.89,127.22L430.49,127.25L432.04,127.47L432.66,127.95L433.45,128.17L433.94,128.17L434.28,128.37L434.45,128.59L434.71,129.41L435.10,129.98L435.79,130.57L436.17,130.69L436.85,130.83L437.88,130.92L438.32,130.99L439.30,131.21L439.93,131.43L440.49,131.71L441.78,132.50L442.62,132.97L443.08,132.98L443.52,132.85L444.28,132.44L444.99,131.82L445.29,131.29L445.29,131.04L445.01,130.42L444.90,129.84L444.94,129.43L445.18,128.89L445.84,128.31L446.17,128.12L446.73,127.88L447.37,127.58L448.75,127.16L449.95,127.22L450.68,127.37L451.52,127.74L451.71,127.91L451.76,128.41L452.04,128.67L452.34,128.68L453.28,128.81L453.99,129.12L454.44,129.14L455.73,129.18L456.03,129.38L456.10,129.76L456.38,130.06L456.28,130.26L455.91,130.49L455.70,130.83L456.05,132.12L455.82,132.54L455.50,133.09L455.44,133.40L455.63,134.35L456.02,135.26L456.06,135.63L456.04,136.62L456.02,140.49L456.01,141.96L456.00,144.01L456.00,144.70L456.04,147.51L456.02,148.85L456.03,151.46"]
        RenderPath {path} at (476.37,226.39) size 3.62x8.36 [stroke={[type=SOLID] [color=#808080] [stroke width=0.20]}] [fill={[type=SOLID] [color=#000A00]}] [data="M478.21,134.71L477.38,132.97L476.58,131.02L476.46,130.74L476.57,130.67L477.25,129.82L477.46,129.38L477.65,128.87L477.82,128.31L478.01,127.49L478.12,127.50L478.26,127.41L478.27,127.21L478.29,126.89L478.67,126.84L478.82,126.86L478.89,126.96L479.24,126.89L479.25,126.72L479.32,126.53L479.41,126.49L479.48,126.51L479.66,126.86L479.86,126.99L479.88,127.17L479.83,127.29L479.92,127.38L479.81,127.44L479.78,127.56L479.84,127.97L479.82,128.25L479.75,128.42L479.72,129.27L479.65,130.02L479.52,130.30L479.52,130.71L479.22,131.60L478.70,132.69L478.72,133.51L478.43,134.43L478.32,134.60L478.25,134.67L478.21,134.71"]
        RenderPath {path} at (477.74,228.58) size 47.46x38.10 [stroke={[type=SOLID] [color=#808080] [stroke width=0.20]}] [fill={[type=SOLID] [color=#000B00]}] [data="M495.75,163.82L495.72,163.63L495.61,163.10L495.10,162.15L494.37,161.16L493.93,160.67L493.09,159.98L492.58,159.11L491.76,157.23L491.29,156.34L491.01,155.93L490.21,155.43L488.94,154.74L488.42,154.10L487.62,152.93L487.54,151.97L487.48,151.20L487.47,150.31L487.37,149.93L487.06,149.26L486.11,147.61L485.76,147.12L485.00,146.50L484.54,146.27L484.04,146.15L483.73,145.87L483.25,145.29L483.40,144.60L483.29,144.16L482.81,143.34L482.07,142.27L481.27,141.37L480.20,139.87L479.68,138.94L479.33,138.46L478.61,137.70L478.08,137.65L477.83,137.65L477.91,137.35L478.10,137.07L478.41,135.75L478.52,135.17L478.67,135.19L480.75,135.49L481.73,134.70L482.19,134.09L483.44,133.76L483.68,133.69L484.13,133.32L484.90,132.60L484.20,131.71L483.05,130.39L483.70,130.16L486.29,129.54L487.26,129.28L487.51,129.11L487.97,128.67L488.07,128.72L489.20,129.18L489.95,129.40L491.99,130.34L493.13,130.81L495.57,131.91L495.82,132.11L496.22,132.74L496.36,132.81L497.34,132.76L497.47,133.13L497.35,133.53L497.40,134.34L497.52,134.60L498.33,134.87L499.89,135.57L503.94,135.70L505.59,135.96L506.00,136.02L506.33,136.63L506.52,136.87L507.59,136.92L508.23,136.88L508.28,137.00L508.55,137.65L508.92,138.14L509.10,138.81L509.15,138.92L509.76,138.89L510.01,139.02L509.81,139.25L510.00,139.44L510.19,139.72L510.42,139.79L510.65,140.06L511.54,140.23L511.96,140.66L511.89,140.94L511.66,140.98L511.55,141.23L511.86,141.61L511.67,142.20L511.55,142.40L511.72,142.67L512.02,143.34L512.17,143.22L512.54,143.50L512.65,144.12L513.07,144.81L513.04,145.24L513.26,145.50L513.42,145.70L513.71,145.78L513.84,145.78L514.18,145.86L515.22,148.06L515.77,149.21L516.03,150.11L519.40,150.49L522.78,150.93L523.62,151.04L524.21,150.57L524.36,150.52L524.94,151.43L525.09,152.88L519.75,155.87L517.40,157.08L515.71,157.89L515.54,157.98L514.39,158.32L511.29,159.36L506.67,160.93L506.19,161.15L506.15,161.28L505.77,161.68L503.86,163.95L501.82,166.62L500.52,163.91L499.30,161.46L498.85,161.45L498.14,161.50L497.69,161.37L497.02,161.22L496.80,161.32L496.63,161.51L496.52,162.00L496.56,162.68L496.45,163.25L495.76,163.81"]
        RenderPath {path} at (455.34,229.96) size 27.10x21.59 [stroke={[type=SOLID] [color=#808080] [stroke width=0.20]}] [fill={[type=SOLID] [color=#000000]}] [data="M476.46,130.74L476.58,131.02L477.38,132.97L478.21,134.71L477.83,135.10L477.35,136.24L477.02,137.65L476.85,138.25L476.67,138.40L476.26,138.33L475.81,137.81L475.03,137.13L474.64,136.64L474.31,135.65L473.79,135.20L473.50,134.58L473.33,134.10L473.13,133.75L472.66,133.92L472.40,134.44L473.00,135.78L473.13,136.16L473.77,137.02L474.70,138.07L475.17,139.26L475.70,140.24L475.97,141.06L476.36,141.52L477.28,143.26L478.35,145.16L478.78,145.87L479.36,146.41L479.81,146.77L479.96,146.95L479.72,147.12L479.44,147.22L479.40,147.37L479.63,148.46L479.89,148.93L480.01,149.17L480.83,149.76L481.22,149.93L481.63,150.45L482.04,150.83L482.36,151.39L471.97,151.38L469.83,151.38L467.06,151.38L464.55,151.40L462.28,151.37L460.62,151.38L459.38,151.38L457.76,151.37L456.85,151.37L456.03,151.46L456.02,148.85L456.04,147.51L455.99,144.70L455.99,144.00L456.00,141.96L456.02,140.49L456.04,136.62L456.05,135.63L456.01,135.26L455.62,134.35L455.44,133.40L455.49,133.09L455.82,132.54L456.05,132.11L455.69,130.83L455.90,130.49L456.27,130.26L456.37,130.05L456.71,130.22L457.26,130.21L457.89,130.11L458.67,130.11L460.19,130.40L460.77,130.51L461.55,130.64L462.27,130.79L462.62,131.20L463.02,131.20L463.95,131.28L464.95,131.68L465.58,131.74L465.82,131.62L466.54,131.08L467.47,130.68L468.30,130.50L469.08,130.23L469.46,130.15L469.80,130.21L470.34,130.21L471.06,130.34L471.26,130.80L471.86,131.17L472.38,131.01L473.02,131.28L473.40,131.30L473.96,130.90L474.20,131.08L474.48,131.14L475.15,131.27L475.49,131.21L475.95,131.04L476.46,130.73"]
        RenderPath {path} at (578.49,232.31) size 18.25x9.24 [stroke={[type=SOLID] [color=#808080] [stroke width=0.20]}] [fill={[type=SOLID] [color=#C0C0C0]}] [data="M580.62,132.87L580.86,133.30L581.16,133.35L581.44,133.04L581.57,132.53L581.85,132.59L582.03,132.41L583.11,132.61L583.25,133.22L584.11,133.49L584.84,134.08L585.31,134.29L585.46,134.16L585.91,134.44L586.57,135.24L586.73,135.07L587.44,134.96L587.73,135.12L587.91,135.50L587.84,135.78L589.29,136.68L589.62,136.43L589.95,136.45L589.77,136.84L589.79,137.11L590.72,137.17L591.09,137.11L591.63,137.60L591.77,138.07L592.01,137.97L591.99,137.60L592.68,137.98L592.95,137.90L593.03,137.57L593.44,137.57L594.07,137.85L594.39,138.21L595.24,138.15L595.58,138.26L595.92,137.98L596.57,138.14L596.61,138.16L596.29,138.92L596.22,139.80L596.65,140.63L596.34,141.32L596.00,141.27L595.32,141.40L595.04,141.32L594.69,141.45L594.29,141.34L594.02,140.97L593.41,141.27L592.57,140.90L591.85,140.76L591.47,140.99L591.16,140.74L591.19,140.41L590.88,140.34L590.29,140.62L589.67,140.36L589.39,140.08L588.72,139.93L588.83,139.48L588.68,139.25L588.04,139.19L587.55,138.89L586.97,139.24L586.48,138.97L585.98,138.97L585.89,139.18L585.74,139.25L585.44,139.05L584.60,138.89L584.42,138.49L583.88,138.56L582.86,137.96L582.63,138.13L581.38,137.45L581.08,136.92L580.38,136.77L579.71,136.29L579.24,136.38L578.61,135.99L578.58,135.75L578.79,135.32L579.10,134.92L579.06,134.52L579.28,134.26L579.28,133.90L579.56,133.78L580.63,132.87"]
        RenderPath {path} at (362.59,239.61) size 27.23x27.64 [stroke={[type=SOLID] [color=#808080] [stroke width=0.20]}] [fill={[type=SOLID] [color=#C0C0C0]}] [data="M374.12,167.17L372.71,166.24L372.05,165.64L371.52,164.85L371.23,164.19L371.08,164.01L370.76,163.85L370.20,163.80L369.54,163.49L368.85,162.93L368.24,162.74L367.67,162.71L366.47,162.83L364.64,163.02L364.12,163.44L364.18,162.94L364.74,161.64L364.93,160.82L365.06,159.69L364.90,158.59L364.60,157.80L363.98,157.05L364.24,156.77L364.43,156.34L364.49,155.37L364.43,154.83L364.25,154.48L363.45,153.66L363.15,153.55L362.76,153.99L362.70,153.79L362.69,153.41L362.77,152.72L363.24,152.73L368.30,152.79L370.69,152.80L371.42,152.77L371.64,152.80L371.59,151.70L371.42,150.16L371.43,149.45L371.68,149.07L372.26,148.64L372.98,148.32L373.79,148.04L373.93,147.91L374.03,145.31L374.10,143.05L374.15,142.54L374.71,142.47L380.71,142.49L381.27,142.50L381.38,142.10L381.38,141.45L381.40,139.70L384.23,141.21L388.35,143.63L389.77,144.54L389.24,144.67L386.01,144.76L386.06,145.54L386.97,153.50L387.16,154.96L387.34,156.70L387.66,159.45L387.87,161.84L388.05,163.31L388.78,164.10L388.40,165.71L381.94,165.72L379.99,165.74L379.04,166.09L378.65,166.12L378.17,166.07L377.46,165.93L376.92,165.80L376.86,166.02L376.92,166.31L376.81,166.58L376.36,166.50L376.14,166.33L375.57,165.50L375.31,165.39L374.91,165.46L374.66,165.72L374.48,166.27L374.46,166.88L374.13,167.16"]
        RenderPath {path} at (448.88,251.26) size 37.63x41.13 [stroke={[type=SOLID] [color=#808080] [stroke width=0.20]}] [fill={[type=SOLID] [color=#C0C0C0]}] [data="M476.11,191.14L475.55,191.68L474.92,191.99L474.56,192.01L474.26,191.81L473.95,191.72L473.07,191.85L472.19,192.18L471.28,192.23L470.34,191.99L469.84,191.98L469.38,192.07L468.88,192.30L467.60,190.98L466.56,190.05L466.36,189.97L466.10,190.12L465.66,190.71L465.50,190.81L464.82,190.18L464.43,190.16L463.90,190.53L463.65,190.78L463.30,190.79L462.93,190.60L462.40,190.12L462.06,189.63L461.26,188.85L461.12,188.62L461.09,188.55L461.17,187.87L461.01,187.51L460.45,187.04L459.64,186.87L459.27,186.65L458.99,186.21L458.93,185.49L458.72,185.13L458.52,184.96L457.80,184.52L457.24,184.15L456.80,183.80L456.62,183.40L456.77,182.92L456.55,182.65L456.20,182.46L455.40,182.22L454.60,181.77L454.38,181.55L454.13,181.06L453.92,180.93L453.65,180.93L452.85,180.95L452.69,180.74L452.68,180.08L453.09,178.60L452.97,178.07L452.62,177.52L451.28,175.85L451.43,175.42L451.41,175.05L451.14,174.59L450.70,174.18L450.54,173.89L450.40,173.37L450.18,172.14L450.04,171.91L449.70,171.90L449.19,171.99L448.97,171.64L449.29,171.03L449.83,170.43L449.91,170.09L449.57,169.43L449.62,169.19L450.34,168.76L450.49,168.55L450.36,167.87L450.48,167.43L451.07,166.62L451.48,165.38L451.71,165.24L452.96,165.19L453.80,165.20L453.84,164.91L453.80,163.68L453.77,162.68L453.81,161.93L453.72,159.43L453.76,158.80L453.77,157.85L453.79,156.81L453.87,155.68L454.39,155.69L455.95,155.71L456.04,155.54L456.00,152.46L456.02,151.46L456.84,151.37L457.76,151.36L459.37,151.38L460.61,151.37L462.28,151.36L464.54,151.39L467.06,151.38L469.83,151.38L471.97,151.38L482.35,151.38L482.58,151.80L483.08,152.91L483.36,156.41L483.68,158.05L483.86,158.26L484.49,158.65L485.08,159.02L485.70,159.53L486.19,159.72L486.44,159.95L486.20,160.15L485.93,160.47L485.62,161.04L485.25,161.28L484.74,161.45L484.32,161.57L484.16,161.71L483.93,162.21L483.58,162.38L482.85,162.41L482.64,162.96L482.61,163.41L482.40,164.28L482.16,165.00L481.62,166.30L481.55,166.80L481.65,167.70L481.63,168.38L481.63,168.46L481.48,169.41L481.09,170.64L480.87,171.70L479.83,172.03L479.42,172.40L478.73,173.54L478.57,173.88L478.38,174.96L478.24,176.04L478.04,176.22L477.77,176.27L477.34,176.17L477.08,176.24L476.92,176.36L476.73,177.46L476.61,178.39L476.41,179.66L476.45,180.19L476.22,181.35L475.75,181.64L475.47,181.63L474.54,181.51L474.22,181.54L474.03,182.35L473.98,182.81L474.07,182.95L474.55,183.06L475.28,183.19L475.62,183.35L476.42,184.27L477.48,185.33L478.23,186.80L478.58,187.53L478.92,187.95L479.39,188.23L479.80,188.33L480.07,188.64L480.19,189.62L480.15,189.79L480.14,189.93L480.06,189.91L479.59,189.92L478.58,190.06L477.75,190.06L477.08,190.01L476.79,190.34L476.11,191.13"]
        RenderPath {path} at (495.51,257.81) size 22.99x14.34 [stroke={[type=SOLID] [color=#808080] [stroke width=0.20]}] [fill={[type=SOLID] [color=#C0C0C0]}] [data="M518.40,163.08L518.12,163.18L517.58,163.45L516.93,164.01L516.66,164.31L516.49,164.82L516.43,165.23L516.02,165.55L514.60,166.21L512.34,166.85L511.05,167.26L510.21,167.57L509.85,167.87L509.38,168.49L508.94,168.76L508.44,168.87L507.84,168.80L507.32,168.88L506.49,169.31L505.84,169.71L504.89,170.11L504.13,170.31L502.97,170.31L502.41,170.30L502.11,170.42L501.73,170.74L501.46,171.03L501.01,171.35L500.50,171.59L500.11,171.63L499.87,171.59L499.33,172.00L498.49,172.06L498.00,171.94L497.38,171.51L497.21,171.35L496.89,170.91L496.81,170.66L496.99,169.94L496.90,169.30L496.59,168.80L496.25,167.63L495.68,165.71L495.61,165.27L495.88,164.56L495.75,163.82L496.44,163.25L496.56,162.69L496.52,162.01L496.63,161.51L496.80,161.33L497.02,161.23L497.69,161.38L498.13,161.51L498.85,161.46L499.30,161.47L500.51,163.92L501.81,166.62L503.86,163.96L505.76,161.68L506.14,161.29L506.19,161.16L506.67,160.93L511.29,159.37L514.39,158.33L515.53,157.99L515.70,157.90L515.79,158.56L516.02,159.20L516.62,160.17L517.56,161.53L517.68,161.79L517.68,162.08L518.16,162.77L518.40,163.08"]
        RenderPath {path} at (481.46,259.87) size 14.86x12.95 [stroke={[type=SOLID] [color=#808080] [stroke width=0.20]}] [fill={[type=SOLID] [color=#C0C0C0]}] [data="M494.64,172.63L494.38,172.46L493.90,171.83L493.43,171.67L492.99,170.76L491.72,169.97L491.45,169.37L490.77,168.70L490.18,168.58L489.31,168.03L488.75,168.10L488.60,167.95L488.36,167.99L488.08,167.79L487.73,167.95L487.25,168.03L486.97,167.59L486.82,167.83L486.38,168.03L485.59,168.10L485.03,167.51L484.80,167.51L484.40,167.19L483.57,168.86L483.13,167.99L482.66,168.07L482.38,168.42L481.98,168.34L481.63,168.38L481.65,167.70L481.55,166.80L481.62,166.30L482.16,165.00L482.41,164.28L482.61,163.42L482.65,162.97L482.85,162.41L483.58,162.38L483.93,162.21L484.16,161.71L484.32,161.57L484.74,161.46L485.25,161.29L485.62,161.04L485.93,160.48L486.21,160.15L486.44,159.95L486.54,160.08L487.26,162.18L487.70,163.80L488.39,165.72L489.01,166.56L489.21,166.34L489.14,165.87L489.23,165.64L489.55,165.89L489.95,166.57L490.33,166.96L490.86,166.92L491.11,166.93L492.44,168.22L493.25,169.13L493.38,169.23L494.08,169.29L494.70,170.16L494.72,170.40L494.70,170.60L494.81,170.81L495.32,170.99L496.24,171.86L496.16,171.96L495.63,172.74L495.30,172.55L494.90,172.43L494.69,172.54L494.64,172.63"]
        RenderPath {path} at (361.79,262.61) size 13.57x10.22 [stroke={[type=SOLID] [color=#808080] [stroke width=0.20]}] [fill={[type=SOLID] [color=#000B00]}] [data="M370.15,172.04L367.85,171.99L366.80,172.00L366.30,172.38L365.79,172.57L365.05,172.54L364.23,172.59L363.76,172.73L363.76,172.73L363.48,172.50L363.31,172.09L363.41,171.67L363.32,171.12L363.30,170.92L363.30,170.88L364.99,170.89L364.99,170.46L365.15,170.46L365.49,170.44L365.68,170.36L365.92,170.42L366.22,170.38L366.34,170.29L366.36,170.02L366.44,169.94L366.58,169.93L366.73,170.08L366.96,170.21L367.32,170.32L367.36,170.42L367.50,170.47L367.72,170.44L367.98,170.55L368.17,170.72L368.60,170.72L368.79,170.61L369.05,170.50L369.33,170.50L369.44,170.38L369.46,170.25L369.30,170.04L369.10,169.96L368.90,169.99L368.60,170.08L368.50,170.18L368.25,170.24L367.97,170.05L367.94,169.87L367.75,169.76L367.58,169.74L367.40,169.87L367.26,169.76L367.15,169.54L366.99,169.43L366.79,169.46L366.62,169.40L366.24,169.57L366.13,169.46L365.97,169.51L365.77,169.63L365.68,169.93L364.01,169.93L364.01,169.86L363.98,169.59L363.60,169.32L363.53,169.17L363.48,168.80L363.09,168.17L362.69,167.67L362.31,167.36L361.84,167.18L362.38,166.84L363.10,166.09L363.69,165.09L364.03,164.27L364.12,163.44L364.65,163.02L366.47,162.83L367.68,162.71L368.24,162.74L368.85,162.93L369.54,163.49L370.20,163.80L370.77,163.85L371.08,164.00L371.23,164.19L371.52,164.85L372.06,165.64L372.72,166.24L374.13,167.16L373.62,167.56L373.57,167.90L373.82,169.00L373.96,169.67L374.18,170.15L374.36,170.34L374.92,170.66L375.18,171.00L375.26,171.83L375.26,172.40L375.20,172.54L375.05,172.50L374.09,172.59L373.43,172.66L372.70,172.58L372.20,172.37L371.41,172.05L370.15,172.03"]
        RenderPath {path} at (473.88,267.12) size 33.22x25.61 [stroke={[type=SOLID] [color=#808080] [stroke width=0.20]}] [fill={[type=SOLID] [color=#C0C0C0]}] [data="M495.97,175.88L495.61,176.69L495.69,177.10L496.12,177.83L496.71,178.67L497.44,179.47L498.04,180.02L498.67,180.34L499.21,180.55L503.47,181.99L504.92,182.47L506.79,182.43L507.03,182.58L502.94,186.79L501.38,188.48L500.57,189.38L499.77,189.39L498.07,189.34L497.45,189.43L496.89,189.65L496.50,189.86L495.99,190.36L495.70,190.78L495.36,190.90L494.15,190.98L493.84,191.08L493.39,191.59L492.29,191.48L491.83,191.30L491.37,190.96L491.10,190.87L490.24,191.22L489.57,191.57L489.31,191.77L488.60,192.52L488.44,192.63L487.59,192.54L486.92,192.35L485.55,192.21L485.21,192.17L482.86,190.65L482.26,190.35L481.51,190.16L480.45,190.01L480.14,189.94L480.15,189.80L480.19,189.63L480.07,188.64L479.80,188.34L479.39,188.24L478.92,187.96L478.58,187.54L478.23,186.80L477.48,185.34L476.42,184.27L475.62,183.36L475.28,183.19L474.55,183.07L474.07,182.96L473.98,182.82L474.03,182.35L474.22,181.55L474.54,181.52L475.47,181.64L475.75,181.65L476.22,181.35L476.45,180.19L476.41,179.67L476.61,178.40L476.73,177.47L476.92,176.36L477.08,176.25L477.34,176.18L477.77,176.27L478.04,176.23L478.24,176.04L478.38,174.97L478.57,173.88L478.73,173.54L479.42,172.41L479.83,172.04L480.87,171.71L481.09,170.65L481.48,169.42L481.63,168.47L481.63,168.39L481.98,168.35L482.38,168.43L482.65,168.07L483.13,167.99L483.57,168.86L484.40,167.20L484.79,167.51L485.03,167.51L485.59,168.11L486.38,168.03L486.81,167.83L486.97,167.60L487.25,168.03L487.73,167.95L488.08,167.79L488.36,167.99L488.60,167.95L488.75,168.11L489.31,168.03L490.18,168.58L490.77,168.70L491.45,169.38L491.72,169.97L492.99,170.76L493.43,171.67L493.90,171.83L494.38,172.46L494.64,172.63L494.05,173.55L493.56,174.16L493.45,174.42L493.42,174.81L493.62,175.97L494.12,175.90L495.02,175.65L495.42,175.69L495.97,175.88"]
        RenderPath {path} at (363.20,269.31) size 6.36x1.68 [stroke={[type=SOLID] [color=#808080] [stroke width=0.20]}] [fill={[type=SOLID] [color=#C0C0C0]}] [data="M364.01,169.93L365.67,169.93L365.77,169.63L365.97,169.51L366.12,169.46L366.23,169.57L366.62,169.40L366.79,169.46L366.99,169.43L367.15,169.54L367.25,169.76L367.39,169.87L367.58,169.74L367.75,169.76L367.93,169.87L367.97,170.05L368.24,170.24L368.49,170.18L368.60,170.08L368.89,169.99L369.10,169.96L369.30,170.04L369.45,170.25L369.44,170.38L369.33,170.50L369.05,170.50L368.79,170.61L368.60,170.72L368.17,170.72L367.98,170.55L367.72,170.44L367.50,170.47L367.36,170.42L367.32,170.32L366.96,170.21L366.73,170.08L366.57,169.93L366.43,169.94L366.36,170.02L366.34,170.29L366.22,170.38L365.92,170.42L365.67,170.36L365.49,170.44L365.15,170.46L364.99,170.46L364.99,170.89L363.30,170.88L363.32,170.40L363.49,170.20L363.92,170.14L364.02,169.99L364.01,169.93"]
        RenderPath {path} at (493.32,271.79) size 3.93x4.28 [stroke={[type=SOLID] [color=#808080] [stroke width=0.20]}] [fill={[type=SOLID] [color=#C0C0C0]}] [data="M495.97,175.88L495.42,175.69L495.02,175.65L494.12,175.89L493.62,175.97L493.42,174.81L493.45,174.41L493.56,174.16L494.05,173.55L494.64,172.63L494.69,172.54L494.91,172.43L495.30,172.55L495.64,172.74L496.16,171.96L496.24,171.86L496.87,172.46L497.15,172.92L497.19,173.21L497.07,173.32L496.71,173.50L496.27,173.60L495.71,173.91L495.14,174.38L495.40,174.51L496.04,174.45L496.36,174.46L496.80,174.59L496.68,174.85L496.31,175.32L495.97,175.88"]
        RenderPath {path} at (363.69,271.89) size 6.55x3.59 [stroke={[type=SOLID] [color=#808080] [stroke width=0.20]}] [fill={[type=SOLID] [color=#C0C0C0]}] [data="M363.76,172.73L364.23,172.59L365.05,172.55L365.79,172.57L366.30,172.38L366.80,172.00L367.85,171.99L370.15,172.04L370.04,172.83L370.15,173.68L369.96,173.99L369.63,174.17L369.12,174.20L368.72,174.22L368.34,174.41L367.55,175.05L367.23,175.42L367.18,175.29L366.99,175.29L366.49,175.15L366.32,174.90L366.44,174.49L366.77,174.05L367.02,173.84L366.89,173.70L366.52,173.59L366.02,173.60L365.61,173.77L365.45,173.77L364.83,173.49L364.47,173.19L364.40,172.95L364.08,172.87L363.76,172.73"]
        RenderPath {path} at (367.11,271.93) size 17.01x12.41 [stroke={[type=SOLID] [color=#808080] [stroke width=0.20]}] [fill={[type=SOLID] [color=#C0C0C0]}] [data="M383.01,177.60L382.63,177.99L382.36,178.62L382.58,179.02L383.27,179.43L383.47,179.74L383.34,180.02L383.01,180.39L383.32,180.74L383.97,181.30L384.02,181.53L383.83,181.67L383.52,181.66L382.98,181.44L382.67,181.47L382.52,181.67L382.48,181.79L382.78,182.34L382.96,182.55L382.77,182.91L382.17,183.46L382.12,183.56L381.78,183.34L381.45,183.24L381.30,183.33L380.55,184.25L380.23,184.22L379.82,183.90L379.55,183.58L379.59,183.29L379.58,182.64L379.36,181.80L379.20,181.43L378.86,181.34L378.33,181.38L377.96,181.52L377.71,181.77L377.52,182.14L377.26,181.49L377.09,180.12L376.84,179.36L376.37,178.74L375.91,178.32L375.49,178.09L375.02,178.05L373.89,178.20L373.29,178.16L373.05,178.32L372.41,179.18L371.32,180.42L371.38,180.03L371.06,179.48L370.30,178.70L370.18,178.05L369.34,177.69L368.43,177.12L368.15,176.83L368.24,176.43L368.19,176.12L367.64,176.08L367.32,175.98L367.20,175.83L367.26,175.52L367.23,175.42L367.55,175.04L368.33,174.40L368.72,174.22L369.12,174.20L369.63,174.17L369.96,173.98L370.15,173.67L370.03,172.82L370.14,172.03L371.40,172.05L372.20,172.37L372.70,172.58L373.42,172.66L374.08,172.59L375.04,172.50L375.19,172.54L375.30,172.57L375.48,172.75L376.36,173.47L376.90,173.73L377.15,173.48L377.63,173.06L377.97,173.09L378.32,173.24L378.89,173.39L379.32,173.15L379.62,172.82L380.30,172.40L380.62,172.45L380.87,172.73L380.89,173.07L381.16,173.90L381.43,174.35L381.90,174.83L382.25,175.55L382.45,176.69L383.00,177.59"]
        RenderPath {path} at (237.52,272.85) size 30.29x26.10 [stroke={[type=SOLID] [color=#808080] [stroke width=0.20]}] [fill={[type=SOLID] [color=#000F00]}] [data="M266.02,188.96L266.12,189.12L265.95,189.45L265.36,189.84L263.62,190.74L262.82,190.97L262.26,191.04L261.79,190.99L261.51,191.10L261.28,192.22L260.93,192.33L260.30,191.71L259.96,191.49L258.81,191.53L258.42,191.49L257.53,191.02L257.22,190.90L257.06,190.93L257.02,191.11L257.64,191.80L258.03,192.49L258.33,194.01L258.41,194.57L258.57,194.80L259.53,194.85L259.97,194.98L260.12,195.23L259.85,195.50L259.28,195.77L258.63,195.91L258.43,196.10L258.17,196.77L257.93,196.98L257.28,197.16L256.73,197.44L255.99,198.10L255.34,198.84L255.07,198.85L254.89,198.08L254.80,197.89L254.05,198.59L253.63,198.66L253.15,198.44L252.46,197.89L252.02,197.84L251.82,197.40L251.74,196.95L251.58,196.09L251.44,195.65L251.29,195.49L250.49,194.30L249.98,193.81L250.46,193.29L251.19,192.67L251.07,192.39L250.59,191.74L250.33,191.31L249.88,190.52L249.72,189.71L249.67,189.35L249.64,188.91L249.61,188.66L249.76,188.33L250.14,187.82L250.22,186.82L250.63,186.29L249.99,186.21L248.00,186.43L247.24,186.61L246.72,186.74L246.57,186.74L246.02,186.16L245.17,185.16L244.98,184.91L244.34,184.59L243.82,184.41L242.65,184.46L241.49,184.58L241.00,184.60L240.60,184.34L240.17,183.79L239.77,183.49L239.67,183.13L239.90,182.00L239.79,181.61L238.94,180.16L238.63,179.55L238.24,179.57L238.01,179.67L237.61,179.64L238.32,178.45L238.56,177.73L238.73,177.01L239.72,175.25L240.10,175.19L240.33,175.22L240.46,174.82L240.41,174.32L240.46,174.04L240.88,173.84L241.41,173.68L242.25,173.51L242.38,173.61L241.48,173.76L240.75,174.08L240.60,174.29L240.79,174.90L240.94,175.30L241.16,175.43L241.12,175.57L241.27,176.15L241.14,176.52L240.81,176.88L240.46,177.71L240.32,178.08L240.58,178.55L240.87,178.81L241.12,179.53L241.46,179.88L241.98,179.77L242.16,179.61L242.58,179.36L242.70,179.21L242.77,178.69L242.60,178.04L242.39,177.76L241.95,176.96L241.82,176.82L241.70,176.43L241.45,176.25L241.69,176.15L241.79,175.90L241.58,175.75L242.58,175.37L243.67,175.05L244.66,174.77L244.75,174.55L245.44,174.46L245.58,174.46L245.54,174.30L245.49,174.10L245.36,174.06L245.32,173.96L245.20,173.88L244.97,173.96L244.81,173.98L244.58,173.97L244.27,173.42L244.38,173.17L244.71,172.95L245.08,172.91L245.17,173.02L245.31,173.39L245.50,173.55L245.50,173.70L245.52,173.89L245.59,173.98L245.60,174.18L245.85,174.44L246.18,174.42L246.88,174.53L247.33,174.60L247.92,174.80L248.25,175.05L248.64,175.61L248.80,176.25L249.15,176.57L249.51,176.66L250.53,176.53L251.46,176.47L252.05,176.41L252.85,176.35L253.56,176.48L253.96,176.96L254.23,177.12L254.81,177.38L255.30,177.52L256.39,177.56L256.77,177.50L257.16,177.27L258.20,176.47L258.67,176.28L259.13,176.32L260.09,176.25L261.24,176.18L262.16,176.23L262.41,176.35L262.35,176.49L262.06,176.67L261.20,176.63L260.77,176.65L260.69,176.86L260.74,177.04L261.34,177.29L261.95,177.83L262.14,178.48L262.39,177.96L262.57,177.81L262.99,178.07L263.47,178.09L263.85,178.19L264.10,178.53L265.02,178.92L265.48,179.22L264.76,179.71L264.60,180.36L264.38,180.59L263.33,181.01L263.83,181.07L264.42,181.17L264.79,181.14L265.12,181.00L266.05,180.97L266.78,181.05L267.62,181.32L267.71,181.62L267.65,182.03L265.99,183.27L265.89,183.52L265.97,183.74L266.59,184.34L266.73,184.62L266.42,184.92L266.01,185.07L264.98,185.26L264.92,185.71L264.93,186.29L264.53,186.83L264.46,187.04L264.78,187.56L265.52,188.30L266.02,188.95"]
        RenderPath {path} at (491.62,273.44) size 22.93x30.87 [stroke={[type=SOLID] [color=#808080] [stroke width=0.20]}] [fill={[type=SOLID] [color=#C0C0C0]}] [data="M493.04,204.26L491.82,202.49L491.79,201.55L491.76,200.12L491.72,198.08L491.72,197.06L491.72,196.62L491.73,195.78L491.74,194.56L491.74,194.05L493.39,191.59L493.84,191.08L494.15,190.98L495.36,190.90L495.70,190.78L495.99,190.36L496.50,189.86L496.89,189.65L497.45,189.43L498.07,189.34L499.77,189.39L500.57,189.38L501.38,188.48L502.94,186.79L507.03,182.58L506.79,182.43L504.92,182.47L503.47,181.99L499.21,180.55L498.67,180.34L498.04,180.02L497.44,179.47L496.71,178.67L496.12,177.83L495.69,177.10L495.61,176.69L495.97,175.88L496.31,175.31L496.68,174.85L496.80,174.59L496.95,174.63L497.89,175.77L498.47,176.39L498.71,176.77L498.98,176.98L499.35,176.91L499.77,176.91L500.23,176.94L500.61,176.87L501.18,176.60L502.01,176.17L502.60,176.02L503.00,176.11L503.76,176.38L504.30,176.31L504.86,175.98L505.64,175.42L505.89,175.29L506.34,175.33L506.82,175.43L507.24,175.39L508.43,174.90L508.72,174.93L509.40,175.13L510.14,175.10L510.90,174.91L511.87,174.59L512.77,173.92L513.24,173.54L513.84,173.69L514.23,173.90L514.31,173.92L514.46,174.18L514.05,175.10L514.07,175.67L514.20,176.29L514.03,176.74L513.66,177.25L513.63,177.93L513.59,178.76L513.42,179.27L512.16,181.53L511.32,182.32L511.19,182.63L511.30,182.99L510.40,184.56L509.57,185.83L509.36,186.77L509.00,187.41L508.29,188.53L507.42,189.72L506.26,191.21L505.88,191.65L503.60,194.16L501.78,195.71L499.62,196.84L499.02,197.22L497.74,198.31L496.00,200.06L495.94,200.12L494.89,201.22L493.65,202.79L493.04,203.63L493.14,203.98L493.05,204.26"]
        RenderPath {path} at (262.61,275.93) size 2.25x1.95 [stroke={[type=SOLID] [color=#808080] [stroke width=0.20]}] [fill={[type=SOLID] [color=#C0C0C0]}] [data="M264.77,176.04L264.64,176.26L264.52,176.33L264.50,176.47L264.54,176.72L264.48,176.80L264.60,177.18L264.56,177.60L264.11,177.76L263.98,177.75L263.83,177.79L263.35,177.75L263.16,177.79L263.07,177.74L262.71,177.74L262.69,177.68L262.73,177.61L262.93,177.58L263.16,177.45L263.18,177.36L263.28,177.38L263.44,177.39L263.57,177.25L263.48,176.97L263.52,176.84L263.55,176.66L263.48,176.53L263.39,176.40L263.11,176.35L263.23,176.26L263.39,176.24L263.62,176.21L263.73,176.12L264.12,176.14L264.23,176.10L264.52,176.03L264.77,176.04"]
        RenderPath {path} at (653.99,288.84) size 2.60x2.44 [stroke={[type=SOLID] [color=#808080] [stroke width=0.20]}] [fill={[type=SOLID] [color=#C0C0C0]}] [data="M654.08,190.19L654.28,190.06L654.91,189.95L655.57,189.01L655.81,188.94L655.74,189.21L655.86,189.29L656.05,189.25L656.16,189.42L656.31,189.87L656.28,189.98L656.27,190.23L656.47,190.42L656.49,190.51L655.26,190.93L654.87,191.20L654.57,190.93L654.45,190.67L654.22,190.68L654.16,190.31L654.07,190.18"]
        RenderPath {path} at (474.41,289.82) size 19.06x21.12 [stroke={[type=SOLID] [color=#808080] [stroke width=0.20]}] [fill={[type=SOLID] [color=#C0C0C0]}] [data="M493.04,204.26L492.44,204.65L491.89,204.82L491.50,204.71L491.41,205.48L491.13,205.85L490.46,205.96L490.07,206.35L489.98,206.83L489.99,207.18L489.63,207.80L488.67,209.16L488.76,209.70L488.42,210.35L488.17,210.60L487.84,210.70L487.75,210.85L486.69,210.05L484.26,208.29L484.19,208.05L484.30,207.50L484.17,207.12L480.61,205.14L475.95,202.57L474.50,202.60L475.65,200.12L475.75,199.90L476.41,199.06L477.39,198.12L477.87,197.60L478.30,196.90L478.44,196.34L478.40,195.67L478.17,195.07L477.95,194.71L477.22,193.65L477.04,193.18L477.02,192.32L476.89,192.09L476.41,191.63L476.11,191.14L476.79,190.34L477.08,190.01L477.75,190.07L478.58,190.06L479.59,189.93L480.06,189.91L480.14,189.94L480.46,190.01L481.51,190.16L482.26,190.35L482.86,190.64L485.22,192.17L485.55,192.21L486.92,192.34L487.59,192.54L488.44,192.63L488.60,192.52L489.31,191.76L489.57,191.56L490.24,191.22L491.10,190.86L491.37,190.96L491.83,191.30L492.29,191.48L493.39,191.58L491.74,194.05L491.74,194.56L491.74,195.77L491.72,196.62L491.72,197.06L491.72,198.08L491.77,200.12L491.80,201.55L491.82,202.48L493.05,204.26"]
        RenderPath {path} at (466.11,291.07) size 12.43x12.57 [stroke={[type=SOLID] [color=#808080] [stroke width=0.20]}] [fill={[type=SOLID] [color=#C0C0C0]}] [data="M466.20,203.27L466.38,202.98L466.46,202.71L466.40,201.96L466.43,201.23L466.41,200.63L466.51,200.12L466.73,199.10L467.13,198.42L467.38,198.14L468.62,197.14L469.82,196.08L470.01,195.62L469.90,195.32L469.63,195.13L469.15,195.09L468.96,195.07L468.83,194.81L469.09,192.93L469.11,192.51L468.95,192.33L468.88,192.30L469.38,192.07L469.84,191.98L470.34,191.99L471.28,192.23L472.19,192.18L473.07,191.85L473.95,191.72L474.26,191.81L474.56,192.01L474.93,191.99L475.55,191.68L476.11,191.14L476.42,191.63L476.89,192.10L477.02,192.32L477.05,193.18L477.22,193.65L477.95,194.72L478.17,195.07L478.40,195.68L478.45,196.34L478.30,196.90L477.87,197.60L477.40,198.12L476.41,199.06L475.76,199.90L475.65,200.13L474.51,202.61L469.85,202.61L468.57,202.66L468.25,202.67L467.70,203.07L467.24,203.50L466.81,203.54L466.26,203.32L466.20,203.28"]
        RenderPath {path} at (612.02,287.62) size 101.91x35.63 [stroke={[type=SOLID] [color=#808080] [stroke width=0.20]}] [fill={[type=SOLID] [color=#003500]}] [data="M713.62,206.30L713.79,214.26L713.35,215.09L713.78,216.45L713.83,217.26L713.80,220.70L713.28,220.18L712.35,219.30L711.64,218.40L711.23,218.34L710.46,218.44L709.72,218.58L709.28,218.57L709.37,218.19L709.81,217.54L709.82,217.26L709.25,216.73L708.69,215.96L708.72,215.73L709.16,215.84L709.40,215.80L709.53,215.69L709.06,215.28L708.47,214.87L708.18,214.49L707.91,213.84L706.85,212.15L706.34,211.76L705.88,211.47L705.27,211.28L703.29,210.68L702.03,210.30L701.42,210.23L700.71,209.99L700.08,209.67L700.16,209.33L700.06,209.06L699.86,209.03L699.25,209.13L698.86,209.06L698.45,208.87L698.04,208.47L697.83,207.89L697.96,207.40L697.81,207.17L697.62,207.28L697.39,207.68L697.26,208.34L697.01,208.95L696.68,209.22L695.98,209.57L695.83,209.41L695.50,208.73L695.52,208.57L695.90,208.30L695.75,207.88L695.58,207.64L695.01,207.25L694.31,206.85L693.97,206.80L693.91,206.58L693.95,206.36L694.36,206.31L694.75,206.40L695.35,206.64L695.51,206.61L695.88,206.27L696.40,205.86L696.55,205.91L696.85,206.18L697.87,206.14L698.01,206.01L698.10,205.49L698.04,205.08L697.80,205.11L697.45,205.31L696.85,205.38L696.19,205.34L695.43,205.38L694.40,205.30L693.99,204.99L693.85,204.79L693.71,204.13L693.51,203.79L693.09,203.63L691.84,203.51L692.10,203.21L692.16,202.96L692.16,202.37L692.63,202.34L693.55,201.93L694.04,201.54L694.48,201.26L694.83,201.29L695.23,201.35L696.73,202.00L697.24,202.17L698.15,202.32L698.54,203.03L698.67,203.42L698.39,204.17L698.32,204.55L698.54,204.93L698.66,205.43L698.78,205.91L698.99,206.43L699.18,206.63L699.37,206.75L699.60,206.10L699.68,206.22L699.77,206.36L700.08,207.43L700.25,207.60L700.48,207.78L700.78,207.90L701.13,207.95L701.71,207.75L702.22,207.31L703.41,205.46L703.76,205.45L704.84,205.23L705.22,205.09L705.26,205.00L705.27,204.49L705.49,204.32L706.59,203.72L706.93,203.67L708.66,204.43L710.79,205.37L712.33,205.89L713.63,206.30M691.21,208.71L690.82,208.64L690.13,208.26L689.28,207.61L688.98,207.47L688.57,207.50L688.51,207.60L688.53,208.05L688.33,208.08L687.31,207.67L687.05,207.32L686.47,207.52L686.18,207.79L685.86,207.97L685.67,207.79L685.36,207.34L685.11,206.88L685.36,206.69L685.66,206.66L685.94,206.71L687.04,206.75L687.61,207.06L687.93,207.05L688.48,206.72L688.89,206.71L689.42,206.83L690.28,207.04L690.78,207.44L691.07,207.83L691.25,208.46L691.20,208.71M682.04,208.70L681.63,208.64L680.91,208.15L680.68,207.70L680.83,207.42L681.43,207.32L682.19,207.27L682.44,207.40L682.70,207.71L683.01,207.91L683.12,208.13L683.05,208.36L682.92,208.41L682.05,208.70M707.64,219.10L706.53,218.89L707.11,217.85L707.67,217.15L708.08,216.88L708.51,216.80L709.03,217.14L709.23,217.38L709.12,217.57L708.80,218.20L708.54,218.37L707.91,219.07L707.64,219.10M673.80,218.70L673.23,218.96L673.27,219.19L672.38,219.52L671.80,219.79L671.46,219.75L671.01,220.08L670.51,220.01L670.08,219.90L669.70,220.15L669.40,220.21L669.04,220.14L668.46,219.94L667.42,219.90L667.10,219.95L666.89,219.38L666.92,219.14L667.30,218.94L667.97,218.74L668.50,218.73L669.64,219.14L670.09,219.46L670.42,219.47L670.75,219.18L671.21,219.16L671.64,219.09L672.06,219.28L672.52,219.16L672.45,218.94L672.87,218.75L673.28,218.52L673.37,218.37L673.29,218.25L673.11,218.27L673.23,218.07L673.39,218.09L673.61,218.18L673.78,218.40L673.80,218.71M662.66,219.07L662.35,218.97L662.15,218.84L662.08,218.67L662.11,218.46L662.37,218.26L662.68,218.22L662.85,218.32L662.91,218.53L663.09,218.63L663.40,218.48L663.73,218.59L663.84,218.74L663.83,219.19L664.01,219.04L664.17,218.74L664.49,218.71L664.72,218.93L664.74,219.36L664.92,219.32L664.98,219.43L664.96,219.82L664.64,219.61L664.33,219.55L664.19,219.61L664.26,219.77L663.41,219.92L663.27,219.83L663.36,219.56L663.28,219.51L662.97,219.77L662.74,220.03L662.45,219.98L661.82,220.21L661.19,220.41L660.84,220.36L660.53,220.48L660.13,220.41L660.03,220.34L659.83,220.22L659.77,219.94L659.91,219.68L659.83,219.42L660.02,219.31L660.25,219.20L660.48,219.04L660.71,219.11L661.32,219.12L661.72,219.23L661.81,219.51L662.10,219.62L662.39,219.67L662.58,219.41L662.87,219.40L662.92,219.21L662.66,219.06M656.29,219.60L655.90,219.32L655.05,218.87L654.93,218.60L655.34,218.60L655.86,218.42L656.32,218.39L657.25,218.91L656.91,219.08L656.68,219.18L656.29,219.60M631.05,200.12L630.99,200.35L630.58,200.79L630.38,201.20L629.99,201.55L630.16,201.91L630.32,202.07L631.13,202.57L631.96,202.62L632.20,202.74L632.35,203.12L632.48,203.88L632.47,204.29L632.74,204.71L632.95,204.84L633.49,204.88L633.04,205.81L633.20,206.02L633.90,205.57L634.72,205.82L634.90,205.87L635.16,206.12L635.31,206.56L636.01,207.23L635.49,209.21L635.45,209.66L635.68,210.61L635.66,211.05L635.68,211.71L635.68,211.98L635.53,213.04L635.44,213.20L635.34,213.27L634.97,213.01L634.59,212.49L634.33,212.41L634.07,212.89L633.98,213.16L632.94,212.54L632.72,212.62L633.12,213.37L632.95,213.58L632.75,213.39L631.41,211.96L630.63,211.20L629.62,210.34L628.27,209.38L627.88,208.93L627.68,208.44L627.49,208.10L626.49,207.47L625.79,206.79L624.60,205.28L624.53,204.93L624.57,204.59L624.25,203.71L623.41,202.25L622.74,201.20L622.13,200.43L621.76,200.13L621.47,199.89L620.83,199.60L620.58,198.85L619.89,197.04L619.96,196.80L619.85,196.49L619.69,196.30L619.03,195.79L618.32,195.40L617.78,195.19L617.46,195.09L617.34,194.73L617.27,194.00L617.09,193.59L616.70,193.11L615.88,192.28L615.51,191.86L614.79,191.99L614.18,191.31L613.53,190.70L612.94,190.01L612.38,189.07L612.15,188.43L612.11,188.07L612.17,187.87L612.32,187.76L612.72,187.71L613.09,187.81L613.34,187.94L613.97,188.50L614.33,188.65L615.25,188.81L615.59,188.84L616.13,188.74L616.59,188.59L616.99,188.58L617.31,188.89L618.23,190.04L618.74,190.35L618.80,190.51L618.68,191.05L619.75,191.96L620.49,192.46L621.67,193.14L622.35,193.47L622.49,193.64L622.52,194.23L622.50,194.38L623.07,194.44L623.82,195.38L624.43,195.93L624.70,195.92L624.70,195.72L624.58,195.49L624.65,195.25L625.16,195.46L625.63,196.27L626.08,196.65L626.52,196.70L626.95,196.90L627.26,197.27L627.54,198.00L627.86,198.44L628.29,198.71L628.80,198.83L629.57,198.91L630.00,199.07L630.49,199.45L631.07,200.05L631.05,200.13M684.20,200.12L684.19,199.95L683.78,198.90L683.96,198.34L683.88,198.20L683.74,197.91L683.78,197.58L684.06,196.69L684.58,195.87L684.84,196.24L684.99,196.59L684.94,196.88L684.69,197.27L684.33,198.03L684.39,198.36L684.58,198.50L684.68,198.36L685.11,197.95L685.25,197.43L685.43,197.28L686.23,196.87L686.38,197.01L686.32,197.27L686.43,197.82L686.07,198.03L685.61,198.38L685.45,198.69L685.60,198.79L686.05,198.92L686.45,199.13L686.43,199.27L686.59,199.62L685.90,199.47L685.47,199.32L685.10,199.27L684.80,199.43L684.72,199.87L684.77,200.13L684.90,200.81L685.24,201.43L685.65,201.87L685.84,202.15L685.69,202.37L685.43,202.15L684.76,201.51L684.21,200.77L684.21,200.38L684.20,200.13M637.36,207.14L636.50,206.75L636.12,206.51L635.92,206.14L635.87,205.78L635.72,205.38L635.21,204.99L634.92,204.89L634.47,204.92L634.35,204.78L634.63,204.13L634.86,203.89L635.37,204.44L635.52,203.97L635.83,203.70L635.90,204.10L636.21,204.99L636.86,205.80L637.56,206.11L637.29,206.30L637.18,206.58L637.36,207.14M634.32,215.35L634.23,215.16L634.55,215.13L634.95,215.23L635.32,215.10L635.39,214.57L635.40,214.43L635.71,214.49L635.67,213.99L635.89,213.76L635.98,213.48L636.19,213.60L636.82,213.71L637.29,213.67L637.53,214.11L638.05,214.02L638.21,213.72L638.23,213.48L638.49,213.60L639.11,213.76L639.52,214.20L639.86,214.15L640.06,214.43L640.51,214.40L640.96,214.21L641.26,214.42L641.63,214.95L641.81,215.47L642.70,215.51L643.16,215.70L643.65,215.62L645.08,215.74L645.56,215.71L645.90,215.54L646.11,214.89L646.39,214.62L646.83,214.61L647.05,214.82L647.34,215.31L647.98,215.44L648.51,215.47L649.28,215.55L650.08,215.70L650.37,215.94L650.66,216.23L650.58,216.68L650.85,217.14L650.97,217.24L651.85,217.59L652.27,217.66L652.93,217.67L653.38,217.49L653.79,217.47L654.42,217.71L654.47,217.91L654.22,218.33L654.06,218.83L654.64,219.60L654.14,219.39L653.34,219.20L652.74,218.94L651.85,218.63L651.32,218.64L650.73,218.89L650.39,218.95L649.67,218.85L648.22,218.71L646.75,218.57L645.94,218.32L645.10,217.84L644.01,217.51L642.88,217.24L641.93,217.20L641.38,217.50L640.93,217.54L639.97,217.39L639.17,216.90L638.81,216.83L637.21,216.76L636.84,216.60L636.90,216.46L637.35,216.00L636.94,215.73L636.39,215.63L635.89,215.49L635.58,215.46L634.32,215.34M675.00,223.09L675.25,222.60L675.28,222.06L675.39,221.75L676.06,221.27L677.51,220.64L678.17,220.19L678.53,219.58L679.00,219.43L680.58,219.32L681.49,219.11L682.03,219.07L682.90,218.92L683.01,218.99L683.11,219.19L682.88,219.40L682.52,219.66L680.91,220.27L679.54,220.71L678.83,220.96L678.22,221.32L677.13,222.28L676.48,222.76L676.04,222.85L675.48,223.08L675.01,223.09M667.87,223.15L667.65,223.08L666.73,222.48L665.93,222.02L665.59,221.93L665.09,221.80L664.80,221.60L664.91,221.39L665.28,221.25L666.27,221.22L666.77,221.10L667.12,221.40L668.27,222.15L668.53,222.53L668.41,222.85L668.16,223.09L667.86,223.15M661.82,191.24L661.78,191.33L662.10,192.02L661.87,192.16L661.32,192.21L660.74,192.29L660.94,192.52L661.05,192.82L660.89,193.04L661.10,193.25L661.34,193.36L661.88,194.20L662.42,194.94L662.46,195.14L662.12,195.86L662.20,196.09L662.60,196.55L663.35,197.00L663.95,197.50L664.50,198.26L664.03,198.43L663.28,198.40L662.49,198.16L662.15,198.26L661.76,198.73L661.41,199.65L661.33,200.12L661.28,200.40L661.41,201.04L661.53,201.47L661.40,202.32L661.14,202.32L660.68,202.16L659.64,203.13L659.21,203.78L658.46,204.38L658.90,204.76L658.96,205.16L659.13,205.46L658.44,205.51L658.90,206.09L658.90,206.30L658.80,206.53L658.25,207.20L658.05,207.59L657.92,207.95L657.39,208.54L656.10,209.15L655.49,209.43L655.20,209.63L655.01,209.32L655.03,208.90L654.70,208.09L654.39,207.71L654.13,207.53L653.84,207.56L653.34,208.08L653.04,208.11L652.71,207.60L652.40,207.40L651.96,207.29L651.57,206.84L651.23,206.69L650.88,207.49L650.74,207.69L650.36,207.75L650.01,207.64L649.57,207.77L649.25,208.12L648.88,208.19L648.83,207.64L648.86,207.33L648.54,206.30L648.21,206.70L646.79,207.13L646.47,206.73L645.83,206.74L645.55,206.90L645.24,206.93L645.19,206.28L645.16,205.63L644.90,204.22L644.89,203.74L644.53,202.99L644.13,202.58L643.34,202.16L643.19,202.02L643.75,201.66L643.22,201.28L642.96,200.99L643.15,200.25L643.07,200.12L642.79,199.65L642.44,199.35L642.51,198.88L642.38,198.29L642.56,197.64L642.70,197.29L643.12,196.71L643.42,195.90L643.74,195.93L643.95,196.04L644.23,196.83L644.49,197.13L645.49,198.11L645.79,198.19L646.24,198.47L647.16,198.06L647.42,198.06L647.95,198.28L648.49,198.39L648.89,198.22L649.42,197.88L649.82,197.35L650.35,196.91L650.83,196.84L651.26,196.95L651.82,197.20L652.34,197.42L652.90,197.57L653.19,197.54L653.65,197.19L654.12,197.01L654.98,196.84L655.37,196.54L656.30,194.76L656.22,194.01L656.44,193.67L657.09,193.42L657.31,193.04L657.20,192.05L657.32,191.49L657.70,190.85L657.95,190.69L658.41,190.68L659.16,190.76L659.81,190.84L660.43,190.82L660.88,190.86L661.63,191.15L661.82,191.24M666.56,200.12L666.57,200.08L667.05,198.89L667.49,198.48L667.78,198.34L668.21,198.67L668.49,198.36L668.66,198.04L668.95,197.56L669.45,197.50L670.05,197.64L670.78,198.17L671.23,198.20L672.09,198.16L672.57,198.32L673.32,198.59L673.89,198.37L675.75,198.45L676.47,198.32L677.09,197.96L677.30,197.68L677.15,197.41L677.34,197.13L677.73,196.89L678.03,196.48L678.32,196.42L678.39,196.66L678.32,197.20L678.20,197.51L678.12,197.64L678.04,197.76L677.07,199.02L676.65,199.42L676.19,199.52L674.96,199.75L674.47,199.68L673.87,199.26L672.72,199.19L671.57,199.25L670.70,199.21L669.66,199.25L669.08,199.17L668.41,199.20L668.00,199.30L667.56,199.67L667.30,200.13L667.15,200.40L666.96,201.12L667.03,201.60L667.29,202.10L667.49,202.28L667.89,202.51L668.15,202.70L668.37,203.31L668.55,203.46L668.78,203.50L669.59,203.53L669.84,203.26L670.49,202.29L670.88,202.34L671.18,202.52L671.68,202.57L672.04,202.34L672.71,202.18L673.33,202.04L673.60,201.74L673.87,201.68L674.34,201.88L674.47,202.09L674.39,202.83L673.92,202.56L673.37,202.52L673.01,202.82L672.62,203.34L672.18,203.76L671.12,204.20L670.91,204.53L670.77,204.56L670.53,204.51L670.06,204.39L670.03,204.44L670.05,204.76L670.27,204.88L670.94,205.46L671.41,205.98L672.26,207.22L672.17,207.55L672.01,208.23L672.11,208.63L672.56,209.17L673.11,209.61L673.18,209.83L673.13,210.12L672.70,210.06L672.04,210.12L671.63,210.41L671.41,211.11L670.91,211.08L670.45,210.90L670.34,210.73L670.39,210.08L670.60,209.50L669.62,208.65L669.20,208.34L669.03,208.07L669.06,207.84L669.35,207.44L669.46,206.86L669.30,206.37L668.56,206.31L668.06,206.52L667.57,206.92L667.72,207.27L667.87,208.21L667.80,208.71L667.56,209.86L667.93,210.76L667.92,211.07L667.54,211.71L667.52,211.94L667.80,212.50L667.07,212.67L666.56,212.91L666.08,212.98L665.84,212.66L665.68,212.14L665.83,211.81L666.01,211.35L666.08,210.47L666.14,209.40L666.02,208.89L666.05,208.55L665.83,208.15L665.52,208.03L665.13,208.20L664.56,208.23L664.57,207.82L664.32,206.53L664.45,206.22L664.94,205.70L665.41,204.92L665.57,204.44L665.48,203.52L665.47,203.27L665.56,202.82L665.90,202.10L666.35,202.04L666.30,201.18L666.56,200.12"]
        RenderPath {path} at (239.29,114.25) size 133.46x53.11 [stroke={[type=SOLID] [color=#808080] [stroke width=0.20]}] [fill={[type=SOLID] [color=#C0C0C0]}] [data="M341.05,41.07L343.13,41.34L343.48,41.70L342.61,41.88L342.07,42.01L340.39,42.12L339.23,42.16L338.54,42.31L338.17,42.54L337.86,43.14L337.50,43.51L338.55,43.90L339.52,44.07L341.64,44.14L342.24,44.13L344.02,43.89L345.95,43.85L346.81,43.99L347.74,44.21L348.16,44.34L348.45,44.33L349.45,44.32L350.72,44.36L351.34,44.41L350.06,45.03L348.48,45.49L346.50,46.01L345.95,46.00L345.25,45.88L344.30,46.55L343.24,47.05L341.99,47.51L340.87,47.80L340.66,47.86L338.45,47.91L337.92,48.05L337.42,48.05L336.44,48.25L335.77,48.42L335.24,48.47L334.30,48.05L333.92,48.10L333.23,49.02L332.27,49.13L331.64,49.07L330.90,48.87L330.28,48.41L329.42,47.98L328.78,47.76L328.67,47.76L328.68,47.96L329.38,49.01L329.19,49.26L328.87,49.27L328.18,49.52L327.34,49.77L326.77,50.15L325.77,51.06L325.11,51.71L324.06,52.56L323.29,52.83L322.25,52.91L321.23,52.63L321.08,53.19L320.64,53.76L319.86,54.03L318.87,53.94L318.25,53.99L317.07,54.43L318.01,52.71L317.89,52.72L317.10,52.71L316.04,52.53L316.30,52.95L316.28,53.41L315.89,53.82L315.10,54.21L313.94,54.37L312.96,54.37L311.71,54.46L312.17,54.86L312.39,55.26L312.30,55.65L311.92,55.74L311.60,55.68L311.13,55.72L309.33,55.56L309.85,55.88L310.62,56.34L310.91,56.69L310.90,56.92L310.64,57.09L309.45,57.12L308.39,57.25L309.24,57.67L309.71,57.79L310.16,58.01L310.55,58.35L309.99,58.81L309.71,58.92L309.11,58.83L308.63,58.92L308.97,59.40L308.96,59.52L308.50,60.00L308.02,59.88L307.43,59.81L307.46,59.97L307.71,60.43L307.61,60.78L307.32,60.78L306.67,60.68L306.58,60.67L305.60,60.78L304.52,60.80L305.20,61.28L306.31,61.67L306.64,61.88L306.56,62.91L306.18,63.85L305.75,63.94L304.94,63.88L305.43,64.47L305.41,64.97L305.57,65.21L305.50,65.58L305.18,65.64L304.69,65.61L303.92,65.69L304.68,66.08L305.11,66.68L304.99,67.13L304.70,67.16L303.74,66.90L302.68,66.39L302.19,66.68L301.76,67.29L301.13,66.69L301.28,66.11L300.90,65.91L299.77,65.73L299.20,65.42L299.24,65.23L299.49,64.98L299.55,64.76L299.23,64.49L298.86,64.30L298.20,64.66L297.92,64.67L297.62,64.82L297.18,64.77L296.20,64.83L295.78,64.85L295.21,65.15L294.73,65.43L294.31,65.02L294.20,64.67L293.98,64.45L293.47,64.22L292.65,63.98L291.88,63.60L291.36,62.81L291.43,62.08L291.23,61.92L290.80,61.83L290.33,61.88L289.36,61.61L289.25,61.51L289.11,61.28L289.26,60.82L289.71,60.43L289.79,60.16L289.53,60.10L288.98,60.06L288.43,59.97L288.16,59.75L288.10,59.12L287.64,58.99L287.02,59.04L286.43,58.47L286.46,58.28L286.66,58.03L287.27,57.66L288.49,57.32L288.90,57.02L289.38,56.89L289.43,56.51L289.15,56.22L288.68,56.32L287.76,56.40L287.26,56.49L286.63,56.91L286.09,57.04L285.46,57.34L285.12,57.03L285.16,56.40L285.04,55.62L284.84,55.17L284.85,54.81L284.61,54.49L284.11,54.57L283.83,54.54L283.17,54.19L282.58,53.70L282.56,53.34L283.40,52.81L283.67,52.82L283.11,52.63L282.03,52.70L281.93,52.42L282.31,52.24L282.99,52.21L283.57,52.16L284.03,52.07L284.35,51.40L283.14,51.35L282.57,51.40L282.21,51.37L281.92,51.21L281.80,51.01L282.03,50.73L282.24,50.72L282.42,50.56L282.85,50.51L282.48,50.32L281.92,50.39L281.70,50.14L281.76,49.96L281.83,49.82L282.09,49.82L282.40,49.72L283.23,49.47L284.45,49.56L285.30,49.72L286.08,49.75L286.45,49.88L287.38,50.03L288.41,50.12L288.38,49.76L288.68,49.22L288.38,49.03L287.36,48.77L286.00,48.46L285.10,48.29L283.51,47.97L283.15,47.85L283.49,47.50L284.28,47.50L285.74,47.86L286.77,47.91L287.24,47.84L287.35,47.78L287.44,47.17L287.53,46.87L288.12,46.84L288.65,46.96L288.88,46.85L288.85,46.50L288.65,46.32L287.76,46.00L287.93,45.57L288.45,45.11L288.20,44.83L286.99,44.66L285.83,44.66L284.65,44.37L283.01,43.88L282.23,43.78L281.32,43.73L280.56,43.39L279.75,42.92L279.91,42.88L280.23,42.73L280.83,42.72L281.41,42.71L283.49,43.01L284.21,43.04L285.46,43.35L286.91,43.81L287.64,43.98L287.69,43.67L287.38,43.24L286.52,42.70L286.35,42.25L285.75,41.81L285.26,41.76L284.58,41.51L284.95,41.24L285.49,41.10L285.64,41.00L284.94,40.76L283.84,40.74L283.21,40.66L282.08,40.33L281.20,40.94L280.88,41.10L280.60,41.39L279.73,41.63L278.33,41.57L277.30,41.22L276.99,40.98L276.96,40.69L277.40,40.37L277.69,39.73L277.54,38.47L278.12,38.42L278.82,38.61L279.19,38.48L279.34,38.15L278.95,37.78L278.02,37.24L277.57,37.10L276.62,36.30L275.73,35.37L274.62,34.08L274.05,33.60L272.19,33.22L271.52,32.97L271.23,32.76L271.18,32.06L270.28,31.66L269.32,31.55L267.73,31.38L265.80,30.96L263.89,30.62L261.76,30.44L260.77,30.39L259.13,30.35L258.35,30.54L257.30,30.64L256.50,30.83L255.08,30.98L253.85,30.81L252.39,30.52L252.71,31.26L252.66,31.36L251.61,31.34L250.32,31.16L247.15,30.54L248.68,29.98L249.15,29.86L249.06,29.64L248.63,29.47L247.57,29.45L245.36,29.44L244.54,29.36L243.91,29.34L242.68,28.91L241.81,28.70L242.39,28.40L243.65,28.36L246.69,28.50L248.71,28.54L250.05,28.55L252.17,28.40L253.23,28.18L253.52,28.09L253.57,27.74L252.95,27.46L252.13,27.25L250.91,27.40L249.80,27.66L248.49,27.68L247.35,27.56L246.60,27.64L245.72,27.74L245.04,27.68L244.18,27.49L243.52,27.13L242.70,26.94L242.04,26.88L241.31,26.94L240.83,26.86L239.41,26.38L239.37,26.03L239.73,25.58L240.54,25.46L241.77,25.36L243.29,25.22L245.36,25.06L246.65,24.98L247.60,24.58L248.69,24.33L249.54,24.25L252.01,24.24L253.12,24.14L255.06,24.17L255.46,24.04L255.77,23.84L256.38,23.68L256.58,23.02L256.86,22.52L256.97,22.42L256.08,22.19L254.14,22.15L252.98,22.34L252.02,22.22L250.78,21.84L251.37,21.06L252.75,20.72L255.60,20.36L257.01,20.14L258.97,19.89L261.08,19.73L262.24,19.82L263.46,19.75L264.77,19.67L265.12,19.49L265.13,19.27L264.77,18.51L264.75,18.31L265.27,18.17L267.16,18.12L268.69,18.32L270.83,18.73L272.12,18.96L272.92,19.14L273.75,18.86L272.09,18.34L271.39,17.83L271.56,17.78L273.76,17.66L274.93,17.54L276.78,17.33L279.30,17.13L280.03,17.20L281.10,17.32L281.33,19.05L282.24,18.89L282.78,18.57L283.21,17.57L284.21,17.59L286.22,17.91L288.08,18.33L289.61,18.58L289.81,18.28L289.17,17.98L288.35,17.44L287.46,17.04L287.75,16.75L288.49,16.77L290.25,16.80L291.39,17.01L294.14,17.38L295.42,17.66L297.53,17.98L299.41,18.25L301.28,18.46L302.08,18.25L302.90,16.77L302.57,16.58L301.28,16.24L300.11,15.71L300.81,15.46L303.22,15.46L306.18,15.13L307.51,15.05L309.04,15.22L311.26,15.71L312.82,15.88L314.83,16.02L315.13,15.26L314.83,14.79L317.48,14.58L319.50,14.50L322.08,14.60L324.07,14.74L325.96,14.56L328.33,14.35L330.37,14.35L332.23,14.57L334.05,14.52L335.37,14.59L335.99,14.69L336.54,14.59L338.48,14.73L340.19,14.78L341.86,14.87L344.30,15.64L345.67,15.88L347.02,15.80L348.13,15.97L350.73,16.20L351.17,16.61L350.87,16.73L350.38,16.92L348.69,17.07L346.39,17.19L345.24,17.32L344.01,17.37L342.54,17.30L339.70,17.23L337.48,17.17L336.10,17.34L334.48,17.36L332.55,17.39L331.39,17.42L329.90,17.58L329.46,17.70L328.14,17.92L327.80,18.38L328.55,18.63L331.10,18.35L332.46,18.28L336.38,18.32L338.60,18.19L340.93,18.19L341.93,18.17L342.86,18.23L344.63,18.67L345.30,18.76L346.39,18.57L348.05,18.36L349.58,18.08L351.55,17.93L352.14,18.40L351.57,18.88L349.26,19.52L348.28,19.86L347.00,20.59L347.12,20.90L347.44,21.05L348.24,20.96L348.71,20.92L350.33,20.36L352.10,19.83L353.51,19.44L355.21,19.12L355.99,18.91L357.65,18.75L359.27,18.86L360.66,18.93L362.16,18.63L362.86,18.30L363.99,18.07L366.14,18.07L367.81,18.18L368.91,18.22L370.10,18.36L371.24,18.58L372.35,18.70L372.66,18.95L372.48,19.22L370.51,19.47L369.02,19.61L367.77,20.10L367.22,20.39L365.61,20.75L364.04,21.30L362.98,21.39L362.06,21.34L360.47,21.39L358.26,21.35L356.77,21.55L356.04,21.77L355.54,22.30L355.71,22.62L357.66,22.32L359.24,22.27L361.09,22.37L361.10,22.79L360.35,23.03L357.96,23.16L357.50,23.30L357.29,23.50L357.13,24.09L356.66,24.80L355.98,24.96L354.92,24.88L354.18,24.92L353.35,25.82L352.36,26.91L352.21,27.26L352.66,27.57L353.07,27.66L353.67,27.18L354.41,26.81L355.27,26.77L357.61,27.04L357.96,27.13L358.23,27.42L358.17,27.63L356.93,27.56L356.26,27.54L355.75,27.64L355.61,27.83L355.90,28.11L357.66,28.30L358.21,28.43L360.02,28.30L360.54,28.50L360.76,28.83L360.71,29.26L360.45,29.40L358.62,29.21L356.96,29.16L356.18,29.08L354.89,29.16L353.51,29.64L352.68,29.50L352.19,29.35L351.13,29.40L350.85,29.77L352.24,30.37L353.43,30.59L354.73,30.72L356.39,30.79L357.09,30.94L357.64,31.42L357.91,31.87L357.93,32.42L357.49,32.83L357.11,32.90L355.82,32.72L355.00,32.61L354.62,32.72L354.65,33.27L354.77,33.51L355.19,33.67L355.81,33.76L356.53,33.97L357.45,34.12L358.20,34.28L358.58,34.65L358.24,34.88L357.41,35.03L356.76,35.15L355.02,35.12L353.84,35.04L352.22,34.95L351.62,35.40L352.18,35.59L353.57,35.64L354.62,35.80L355.35,36.05L355.44,36.37L355.40,36.92L355.27,36.91L354.18,36.87L352.93,36.98L352.34,37.24L351.09,37.26L349.86,37.12L348.37,36.72L347.45,36.24L347.07,36.17L345.98,36.46L345.00,36.81L343.92,36.90L343.33,37.08L341.88,37.05L340.96,36.96L339.99,37.10L339.60,37.23L339.42,37.51L339.43,37.65L339.79,38.18L340.49,38.42L341.78,38.47L343.29,38.73L344.86,38.68L346.18,39.22L346.94,39.44L347.42,39.67L348.62,40.00L349.87,40.38L350.25,40.65L350.73,41.55L351.62,41.34L351.90,41.21L352.30,41.41L352.60,41.84L352.67,42.19L352.86,43.35L352.70,43.56L352.33,43.67L351.78,43.57L351.24,43.46L350.32,43.46L349.28,43.49L347.79,43.22L347.15,42.81L346.74,42.18L346.39,41.91L345.22,41.34L344.38,41.05L343.63,40.91L342.53,40.83L342.01,40.97L341.05,41.07M351.36,40.03L349.84,39.49L348.88,39.26L348.17,39.11L348.01,39.04L347.69,38.62L349.18,38.58L350.07,38.72L351.13,38.98L351.95,39.28L352.11,39.76L351.90,39.97L351.37,40.03M281.57,46.13L281.01,46.00L280.30,45.68L279.50,45.50L279.30,45.40L279.05,45.18L278.97,44.34L279.26,44.00L279.63,43.98L280.27,44.12L281.43,44.18L282.72,44.45L283.46,44.72L284.06,44.82L284.84,45.04L285.44,45.37L285.30,45.57L285.18,45.61L284.64,45.66L283.87,45.69L283.10,45.88L282.09,46.03L281.58,46.13"]
        RenderPath {path} at (87.02,115.15) size 196.47x92.37 [stroke={[type=SOLID] [color=#808080] [stroke width=0.20]}] [fill={[type=SOLID] [color=#001200]}] [data="M105.98,81.69L105.03,80.86L104.83,80.52L104.81,80.04L104.90,79.94L105.31,79.98L105.62,79.94L106.40,80.12L107.06,80.04L107.34,80.16L107.48,80.32L107.24,80.55L107.07,81.11L107.04,81.42L106.46,81.50L105.98,81.69M125.24,92.38L123.93,92.09L122.58,91.65L122.36,91.48L122.43,91.29L122.80,90.82L121.78,90.83L121.37,91.07L121.07,91.00L120.65,90.81L120.82,90.36L120.33,90.03L120.06,90.01L119.33,89.93L119.10,89.67L119.42,89.37L118.44,88.85L117.89,88.97L117.50,88.87L116.65,88.36L115.37,87.49L115.15,87.26L115.17,87.14L116.13,87.02L116.47,87.06L118.45,87.66L119.43,87.86L121.20,88.07L121.59,88.33L122.21,88.86L122.63,89.50L123.06,89.92L123.43,90.11L125.01,90.64L125.33,90.85L125.81,91.60L125.93,92.01L125.65,92.36L125.24,92.38M271.38,92.09L270.18,91.86L270.82,91.12L271.18,90.96L271.45,91.01L271.75,91.01L272.10,90.75L271.40,90.10L271.48,89.88L272.00,89.00L273.12,87.65L274.58,86.34L275.30,85.90L275.80,85.71L277.11,85.51L277.31,85.59L277.42,85.81L277.12,86.03L276.54,86.06L276.30,86.19L276.64,86.63L275.89,87.41L274.66,88.85L274.39,89.38L274.51,89.67L274.62,89.67L275.04,89.49L275.53,88.94L275.98,88.75L277.10,89.05L276.20,89.74L276.46,89.94L276.69,90.01L278.12,90.58L278.88,90.55L279.20,90.14L279.51,90.08L280.23,90.14L281.05,90.34L281.67,90.57L281.37,90.86L281.00,91.10L280.29,91.56L280.63,91.90L281.11,92.26L281.37,92.27L281.78,92.11L282.25,91.98L282.53,92.10L282.55,92.25L282.29,92.52L281.89,92.76L281.00,92.87L280.84,93.00L281.11,93.36L281.24,93.77L281.52,94.00L281.70,93.79L282.01,93.53L282.54,93.69L282.44,94.14L282.59,94.42L283.30,94.44L283.39,94.43L283.40,94.63L283.23,94.94L282.98,95.59L282.64,96.24L282.42,96.17L281.71,96.04L281.41,95.89L281.37,95.24L280.77,95.65L280.39,95.67L280.30,95.39L280.80,94.74L280.81,94.41L280.39,93.93L280.11,93.86L279.72,94.25L279.30,94.54L278.93,94.68L278.50,94.89L277.94,95.43L277.45,95.76L276.57,95.72L276.35,95.50L276.51,95.36L277.74,94.95L278.20,94.43L278.84,94.06L278.14,93.93L277.54,93.88L277.21,94.34L276.80,94.36L276.67,94.20L276.71,93.70L275.96,93.72L275.81,94.01L275.40,94.23L274.35,94.27L273.64,94.21L272.50,94.03L271.49,93.94L270.13,94.00L269.12,94.15L268.97,93.96L268.76,93.50L268.94,93.33L269.51,92.99L270.24,92.58L270.74,92.42L271.38,92.09M265.43,98.65L264.97,98.60L264.47,98.32L264.11,97.76L264.17,97.13L264.92,96.39L265.85,95.35L266.67,95.78L266.29,96.21L266.18,96.68L265.95,97.01L265.68,97.12L265.10,97.44L264.86,97.89L265.38,98.14L265.55,98.11L265.83,97.85L266.25,97.49L266.86,97.17L267.17,97.22L267.67,97.68L267.49,98.03L267.25,98.19L266.11,98.61L265.43,98.65M211.34,59.68L210.66,59.63L210.73,58.76L210.35,58.43L209.40,58.59L207.02,58.88L207.13,58.42L207.69,58.11L209.33,57.55L209.03,57.07L208.93,56.66L209.03,56.24L209.43,55.41L209.87,54.84L210.12,54.19L210.45,53.72L211.56,54.29L211.25,54.81L212.04,55.19L212.57,55.24L212.97,54.77L213.64,54.88L214.44,55.17L215.36,55.69L215.94,55.94L218.11,56.43L218.55,56.70L218.73,56.96L218.64,57.88L219.18,57.93L219.75,57.87L220.68,57.91L221.38,58.05L222.40,58.48L221.98,58.58L221.71,58.70L221.25,58.97L220.30,58.93L219.68,58.80L218.35,58.68L217.92,58.55L217.26,58.00L216.73,57.70L215.71,57.46L215.19,57.48L214.98,57.75L215.16,58.34L215.03,58.43L213.72,58.60L213.04,59.09L212.46,59.39L211.34,59.68M200.12,19.10L199.26,19.08L198.18,18.89L197.87,18.23L198.69,17.92L199.46,17.85L200.12,17.83L203.60,17.70L204.86,17.58L206.24,17.56L207.95,17.88L208.35,17.78L208.74,17.41L210.05,17.12L211.81,17.02L213.78,17.23L214.53,17.23L217.09,17.37L219.71,17.69L221.13,17.78L222.60,17.94L223.04,17.78L221.61,17.36L219.94,17.00L219.12,16.58L219.42,16.33L220.78,16.19L221.88,15.94L223.31,15.84L225.69,15.64L227.36,15.76L229.30,15.95L230.31,16.21L231.50,16.67L231.86,16.72L232.13,16.35L231.17,15.85L230.34,15.55L230.84,15.31L232.29,15.43L234.12,15.60L235.78,15.66L237.41,16.12L237.79,16.15L237.85,15.95L237.55,15.41L239.34,15.41L240.74,15.46L241.57,15.73L242.41,16.07L243.02,16.06L242.98,15.80L242.65,15.33L243.72,15.25L247.41,15.64L250.14,15.93L252.08,15.85L255.07,15.87L256.03,15.91L256.79,16.03L256.92,16.03L258.33,16.13L259.42,16.32L260.17,16.41L261.85,16.46L263.21,16.82L262.82,17.17L261.59,17.29L260.38,17.65L258.53,17.84L257.55,17.80L255.36,17.64L253.08,17.64L252.30,17.78L250.39,17.95L249.79,18.42L250.54,18.78L251.30,18.83L252.33,18.78L254.04,18.50L254.83,18.52L255.63,18.95L255.47,19.07L254.22,19.21L252.84,19.42L251.67,19.71L249.57,20.23L248.25,20.45L247.06,20.81L246.14,21.09L243.89,21.10L244.54,22.00L244.09,22.20L241.79,22.65L241.02,22.63L239.44,22.60L237.97,22.38L235.59,22.21L234.93,22.54L237.52,23.24L236.86,23.38L235.89,23.34L234.59,23.36L233.52,23.39L230.95,23.17L228.94,23.24L228.80,23.90L230.06,23.79L231.12,23.81L233.44,24.10L233.99,24.26L234.11,24.93L233.78,25.12L232.75,25.24L232.24,25.95L231.16,25.97L230.72,25.91L230.31,26.09L230.61,26.34L231.37,26.59L231.04,26.73L229.43,26.81L228.56,26.77L226.85,26.60L226.43,26.68L226.84,27.47L226.76,27.70L226.11,27.99L225.34,28.14L223.82,28.03L221.78,27.92L220.35,27.69L219.35,27.77L218.13,28.27L219.16,28.38L219.52,28.44L221.68,28.55L223.44,28.68L224.97,28.85L226.97,28.88L227.63,29.22L227.68,29.58L226.77,29.98L224.09,30.25L223.16,30.36L222.10,30.59L220.99,30.67L220.52,30.39L219.73,29.75L219.17,29.79L218.54,29.79L217.08,29.47L217.08,29.64L217.41,30.15L215.93,30.13L214.43,30.00L213.56,29.68L212.53,29.21L212.14,29.27L212.67,29.99L212.43,30.16L211.60,30.29L209.88,30.18L207.61,30.15L206.64,30.08L205.26,29.68L204.61,29.55L204.33,30.00L203.71,30.16L201.87,29.84L202.03,29.25L202.25,29.03L203.77,28.91L204.38,28.66L205.35,28.49L206.52,28.52L207.02,28.35L205.95,27.95L204.91,27.30L204.96,27.15L205.44,27.03L206.75,27.07L208.50,27.16L209.38,27.37L210.49,27.89L211.84,28.21L212.93,28.30L214.60,28.28L215.42,28.14L215.51,27.88L216.02,27.57L213.01,27.57L211.98,27.40L211.82,26.55L212.04,26.40L210.29,26.25L208.33,26.09L208.06,26.09L207.43,26.21L207.63,25.45L208.79,24.90L209.89,24.74L211.73,24.74L212.90,24.77L214.26,24.85L216.29,25.16L217.63,25.27L218.12,25.12L219.25,25.08L215.85,24.27L214.11,23.96L210.55,22.69L210.15,22.93L208.75,22.05L208.77,21.80L209.09,21.69L210.83,21.79L212.74,21.79L214.76,21.85L216.36,22.23L218.89,23.01L220.34,22.97L221.17,23.07L219.79,22.51L217.77,22.19L218.98,21.45L220.43,21.12L222.17,21.10L223.70,20.88L225.74,20.81L226.89,20.69L228.31,20.64L226.53,20.16L225.10,20.01L222.60,20.04L221.36,20.28L220.06,20.44L218.63,20.65L217.18,20.69L216.60,20.76L215.07,20.32L214.85,20.43L214.31,20.59L212.15,20.57L210.57,20.93L210.88,20.11L211.86,19.82L211.87,19.61L211.26,19.37L209.89,19.21L208.50,19.21L204.31,19.72L202.28,20.39L201.87,20.28L201.30,20.03L201.69,19.90L202.37,19.87L202.26,19.56L201.56,19.16L200.34,19.10L200.12,19.10M200.12,20.84L201.02,20.75L201.86,20.94L202.20,21.44L202.71,21.94L203.13,22.00L204.27,22.04L204.19,21.81L204.25,21.40L204.69,21.29L205.40,21.48L206.12,21.80L206.50,22.10L206.43,22.27L206.49,23.10L207.25,23.54L208.20,23.52L209.48,23.45L211.13,23.95L210.00,23.69L208.48,24.03L206.88,24.25L206.05,24.63L205.76,24.83L205.49,25.14L205.05,25.16L203.55,24.75L202.90,25.09L203.36,25.52L203.33,25.75L202.92,25.95L202.53,25.99L201.44,25.68L200.50,25.37L200.24,26.01L200.12,26.08L200.04,26.13L199.15,26.17L197.41,26.08L195.95,25.92L195.07,25.77L194.57,25.79L191.46,24.48L191.26,24.20L193.24,23.96L196.56,24.06L197.45,24.15L199.02,24.25L196.53,23.56L193.51,23.35L192.41,23.47L190.98,23.45L190.38,23.63L189.38,23.65L188.77,23.46L187.70,22.94L186.28,22.46L185.94,22.10L187.91,22.23L190.19,22.05L188.93,21.81L188.18,21.45L188.56,21.15L189.29,21.02L190.05,20.99L190.98,21.04L191.13,20.82L189.33,20.02L190.38,19.91L191.60,19.73L192.73,19.82L193.31,19.77L193.46,19.59L192.94,19.11L194.30,19.25L195.25,19.31L196.08,19.52L197.66,20.39L198.32,20.65L199.09,20.89L199.76,20.89L200.12,20.85M179.07,27.22L177.91,27.16L177.31,26.99L176.38,26.35L175.76,26.16L172.66,26.07L171.17,26.15L170.55,26.15L169.10,26.09L168.34,25.94L167.32,25.57L167.16,25.33L167.49,25.19L168.29,25.19L169.98,25.43L170.85,25.41L170.82,25.17L170.57,24.90L169.22,24.41L168.64,24.31L167.57,24.23L166.18,24.03L166.24,23.64L168.49,23.51L170.88,23.67L171.65,24.04L172.65,24.50L174.63,24.69L176.82,24.80L177.99,25.04L178.60,25.29L179.72,26.01L180.30,26.46L180.47,26.88L179.99,27.08L179.07,27.22M185.91,26.76L184.83,26.72L184.00,26.53L182.97,26.05L181.83,25.28L181.80,25.07L182.04,24.97L184.33,24.93L186.15,25.24L189.25,25.78L189.20,26.13L188.95,26.46L188.51,26.50L186.95,26.68L185.91,26.76M156.89,26.86L155.31,27.51L154.76,27.78L152.90,27.82L151.89,27.90L149.99,27.75L149.41,27.64L149.11,27.22L149.44,26.92L150.81,26.75L151.71,26.80L154.06,26.70L154.55,26.70L156.88,26.86M132.90,31.31L132.37,31.12L131.42,30.65L131.00,30.54L130.67,30.60L130.11,30.81L128.84,30.86L128.05,30.58L127.77,30.27L128.00,30.00L129.13,29.91L129.63,29.77L130.40,29.64L131.38,29.24L132.23,29.03L132.96,28.86L133.50,28.51L134.59,28.28L135.86,28.20L138.40,28.04L140.07,28.06L140.96,27.77L142.00,27.69L143.50,28.13L142.75,28.23L141.90,28.46L141.68,28.73L141.80,28.99L142.26,29.47L141.49,29.47L140.58,29.58L139.66,30.24L138.66,30.23L137.79,29.25L137.10,29.09L136.72,29.11L136.49,29.40L135.90,29.74L135.27,30.36L134.68,30.52L134.39,30.89L133.69,31.25L132.90,31.31M191.83,30.31L190.56,30.26L188.28,30.09L187.86,30.15L187.52,30.06L186.63,29.57L185.44,29.16L185.64,28.93L188.07,28.88L189.61,29.15L191.08,29.20L191.25,29.20L192.14,29.56L191.96,29.81L192.09,30.12L191.82,30.31M144.69,31.74L142.47,31.34L142.14,30.67L142.64,30.61L143.24,30.44L144.18,30.35L145.14,30.21L146.42,30.16L146.94,30.34L147.59,30.72L148.25,30.90L149.80,30.69L150.41,30.84L152.04,31.60L153.05,31.95L153.95,31.99L154.91,31.93L156.33,32.02L156.92,32.00L158.04,31.83L158.13,31.54L157.57,30.98L156.63,30.59L155.28,30.23L156.24,29.91L156.77,29.53L157.34,29.38L158.43,29.26L158.94,29.43L159.71,30.11L159.70,30.52L160.21,31.18L160.78,31.29L161.68,31.33L163.48,31.73L163.15,31.27L163.30,30.99L163.71,30.91L165.21,31.15L166.14,31.54L165.85,31.95L165.88,32.45L165.53,32.91L164.95,33.19L164.20,33.30L163.42,33.30L161.73,33.40L160.58,33.32L158.82,33.14L158.20,33.13L157.07,33.40L155.94,33.61L155.18,33.79L154.20,34.04L152.58,34.33L151.24,34.53L149.23,34.50L148.48,34.43L147.04,34.14L146.76,33.77L147.41,33.64L148.63,33.60L149.37,33.45L150.22,33.38L151.38,33.32L152.01,33.34L153.10,33.19L153.58,32.64L150.81,32.55L149.89,32.50L148.32,32.78L146.70,32.94L145.40,32.98L144.61,33.08L142.93,32.73L142.45,32.90L141.53,32.97L140.55,32.85L139.70,32.51L139.72,32.40L140.58,31.98L141.68,31.92L143.73,31.90L144.69,31.74M178.48,33.23L177.49,33.01L177.30,32.72L178.07,32.33L178.50,32.22L178.59,32.05L178.14,31.72L176.98,31.67L174.85,31.89L173.91,31.97L173.58,31.99L172.73,31.71L172.76,31.38L173.50,31.36L174.04,31.11L174.63,31.06L174.17,30.46L174.34,30.21L174.47,29.99L174.96,30.00L175.82,30.23L177.76,30.98L178.19,31.16L178.65,31.07L178.55,30.82L177.59,30.34L177.22,30.21L176.81,29.85L177.25,29.75L178.21,29.70L178.92,29.83L179.95,30.09L180.52,30.26L180.79,30.27L180.96,29.82L181.43,29.69L182.16,29.80L182.88,29.97L183.21,30.14L183.57,30.89L183.54,31.50L183.29,31.75L182.46,32.08L182.45,32.43L182.79,33.06L182.43,33.21L180.79,33.12L179.92,33.23L178.48,33.23M200.12,30.57L199.23,30.62L198.38,30.79L198.01,31.25L199.14,31.31L200.12,31.27L200.17,31.27L201.02,31.38L201.48,31.51L201.98,31.97L202.71,32.40L203.33,32.49L203.54,32.41L203.58,32.10L203.87,32.04L204.94,32.04L205.83,31.85L206.59,31.96L207.43,32.20L208.09,32.46L209.07,32.51L209.84,32.05L211.24,31.77L212.94,31.65L214.89,31.41L216.42,31.46L219.01,31.48L219.40,31.51L220.18,31.83L221.10,32.06L222.51,32.21L223.17,32.34L223.38,32.38L223.74,32.54L223.92,32.80L223.52,32.95L221.69,33.35L221.55,33.61L222.02,34.28L219.53,34.35L218.94,34.37L218.29,34.46L217.52,34.41L216.68,34.25L216.27,34.12L215.97,33.46L215.13,33.24L214.77,33.37L214.84,34.09L214.30,34.22L213.56,34.17L212.65,34.27L211.92,34.26L211.42,34.26L210.08,34.04L209.49,33.85L208.99,33.83L208.78,34.26L206.98,34.38L206.15,34.45L204.70,34.38L204.29,34.13L204.15,33.44L202.91,33.57L202.52,33.75L202.20,34.08L201.24,34.28L200.23,34.24L200.12,34.22L199.42,34.05L198.23,33.47L197.56,33.96L196.43,33.89L195.76,33.20L195.32,32.49L195.90,32.01L195.92,31.64L195.63,31.32L194.38,30.67L193.76,30.37L193.72,30.03L194.35,29.90L195.58,29.82L198.05,29.80L198.82,29.89L199.93,30.15L200.12,30.19L200.99,30.38L200.38,30.56L200.12,30.58M128.19,41.99L127.26,41.97L126.21,41.87L125.84,41.40L125.29,40.93L124.86,40.67L123.74,40.31L122.38,40.24L121.43,40.11L120.96,39.92L120.79,39.74L121.33,39.64L121.92,39.34L122.40,39.13L122.48,38.74L122.04,37.93L122.59,37.93L123.06,37.76L123.37,37.38L124.47,36.85L125.00,36.26L124.88,35.94L124.61,35.78L123.38,35.10L123.00,34.66L123.87,34.66L124.69,34.60L126.15,34.65L127.12,34.67L128.63,34.58L129.92,34.43L131.16,34.35L131.65,34.48L134.90,35.28L135.82,35.37L136.52,35.31L137.84,35.19L139.06,35.20L139.83,35.27L141.18,35.65L143.57,36.46L143.33,36.60L142.90,36.64L142.64,36.71L141.03,37.03L139.96,37.18L138.13,37.61L137.06,37.92L135.45,38.65L134.43,39.21L133.88,39.30L132.91,39.43L132.97,40.35L132.70,40.85L132.04,41.13L130.82,41.26L129.61,41.19L129.09,41.67L128.19,41.99M190.48,39.67L189.34,39.46L189.19,38.93L188.25,38.13L188.04,37.55L188.10,37.16L188.37,36.50L188.75,36.18L190.00,36.21L189.91,36.05L189.50,35.79L189.31,35.50L189.52,35.41L189.76,35.34L191.91,35.28L193.13,35.37L194.59,35.62L195.87,35.67L197.19,35.52L198.24,35.54L198.93,35.64L199.57,35.85L199.57,35.94L199.34,36.12L198.52,36.55L197.65,37.30L196.13,38.22L194.75,38.29L192.37,38.13L191.10,38.19L192.49,38.91L192.30,39.22L191.45,39.59L190.48,39.66M181.20,41.52L180.71,41.44L179.61,40.89L178.66,40.24L177.65,39.78L176.67,39.55L175.23,39.43L174.68,39.26L172.43,38.19L173.29,37.54L173.94,37.68L174.98,38.15L176.04,38.38L176.50,38.43L177.11,38.15L178.02,37.53L178.44,37.49L178.46,37.28L177.39,36.72L176.32,36.29L176.15,36.06L176.28,35.95L177.96,36.04L178.67,35.83L179.09,35.83L180.09,36.22L180.65,36.25L181.23,36.19L181.66,35.94L182.90,35.82L184.25,35.89L185.16,36.12L184.84,36.38L184.26,36.51L183.94,36.85L182.39,37.22L181.99,37.38L181.93,37.58L182.18,37.82L182.68,37.93L183.38,37.84L184.46,38.01L185.32,38.26L185.71,38.28L186.28,38.54L186.46,38.98L185.78,39.33L185.63,39.68L185.36,40.36L184.90,40.72L184.39,40.86L183.73,40.88L183.15,40.78L182.38,40.43L181.73,40.33L181.74,40.54L182.79,41.09L181.98,41.49L181.21,41.53M243.52,60.39L243.29,60.19L242.09,59.95L241.42,59.62L241.26,59.35L241.61,59.29L242.23,58.83L240.85,58.31L239.72,58.18L238.96,57.83L238.03,57.10L237.99,56.59L236.88,56.53L235.57,56.16L234.89,56.13L235.18,56.90L235.02,56.99L234.61,56.98L232.91,56.65L232.60,56.68L232.27,56.98L231.83,57.27L230.52,57.35L229.17,57.18L227.83,56.99L227.01,56.74L226.96,56.42L227.16,56.02L227.54,55.66L228.61,55.50L228.80,55.32L228.67,54.81L228.88,54.77L230.23,54.88L231.64,55.06L232.16,55.20L233.12,55.83L233.17,55.44L233.02,55.25L233.10,55.06L233.68,55.02L234.66,54.92L235.31,54.76L235.96,54.65L236.47,54.71L237.26,54.74L237.42,54.47L236.29,53.64L235.51,53.28L235.39,53.06L235.56,52.89L236.15,52.83L236.87,52.58L238.28,51.99L238.64,51.45L239.41,50.99L239.90,50.61L239.79,50.02L238.89,49.18L238.49,48.68L237.95,48.32L237.53,48.32L236.27,47.99L235.23,47.51L234.99,47.04L234.46,46.66L234.02,46.86L233.47,47.06L232.64,47.04L232.35,47.16L231.73,47.18L230.48,47.35L230.26,46.68L231.29,46.63L232.52,46.53L232.69,46.26L231.08,45.64L229.53,44.97L228.65,44.96L228.08,44.77L227.91,44.23L227.24,43.89L226.79,43.84L225.87,43.53L225.18,43.19L224.80,43.07L224.19,43.23L223.38,43.04L222.20,42.80L221.71,42.72L221.33,42.86L221.86,43.16L222.31,43.21L225.15,43.92L225.59,44.20L225.66,44.50L225.15,44.72L224.49,44.79L223.94,44.76L223.19,44.71L222.37,44.46L221.22,44.19L220.55,44.12L220.23,44.29L220.27,44.50L220.70,44.73L220.96,45.17L219.25,44.62L218.78,44.57L218.39,44.69L217.76,44.84L216.99,44.62L216.30,44.50L215.44,44.62L213.96,44.44L211.97,44.27L210.65,44.31L209.50,44.28L208.64,44.09L208.64,43.49L208.27,43.34L207.37,43.29L206.97,43.63L206.35,43.72L205.14,43.67L204.06,43.50L202.76,43.03L202.34,42.65L202.46,42.38L203.33,42.31L204.46,42.37L205.68,42.47L206.55,42.46L206.87,42.26L205.93,41.80L205.13,41.53L204.23,41.42L203.12,41.31L202.37,41.34L201.83,41.33L200.58,41.10L200.70,40.69L200.99,40.13L201.33,39.99L201.97,39.94L202.05,39.71L200.97,39.31L200.93,39.13L201.38,38.34L202.57,37.42L203.14,37.14L204.06,36.82L204.80,36.44L205.22,36.41L205.59,36.23L206.29,36.23L206.77,36.10L207.48,36.01L208.92,35.90L210.26,35.94L211.12,36.13L210.20,36.53L209.39,37.01L207.99,37.64L207.56,38.17L207.73,38.54L208.99,39.08L208.54,39.38L208.47,39.78L208.72,40.10L209.59,40.65L211.15,41.27L211.05,41.39L209.78,41.72L209.71,42.03L210.66,42.07L212.17,42.17L212.82,41.53L212.72,41.11L212.38,40.84L211.65,40.73L211.23,40.60L210.35,40.06L210.45,39.90L210.95,39.65L211.43,39.46L212.43,39.58L213.26,39.51L212.06,39.04L211.36,39.01L210.56,38.73L210.51,38.53L210.56,37.99L211.45,37.67L212.65,37.76L214.16,37.70L213.22,37.42L211.99,37.07L212.78,36.77L214.07,36.57L215.12,36.44L216.80,36.12L217.92,36.13L218.56,36.19L219.39,36.33L220.18,36.81L221.71,37.78L221.77,37.92L221.19,38.60L220.48,39.24L220.51,39.97L220.88,40.06L221.53,40.09L222.62,39.77L222.90,39.32L223.50,39.23L224.29,39.26L224.74,39.44L224.74,39.70L224.90,40.17L225.77,40.36L225.97,40.24L225.76,39.38L225.98,39.26L226.44,38.79L227.47,38.52L228.45,38.47L229.20,38.50L230.18,38.67L231.35,38.81L232.51,38.72L233.19,38.86L233.52,39.12L234.14,39.46L234.71,39.65L235.44,40.00L235.44,40.19L234.91,40.28L234.42,40.56L233.60,40.82L233.46,41.04L233.91,41.30L234.33,41.37L235.23,40.96L235.88,40.78L236.38,40.83L236.86,41.07L237.23,41.54L237.74,41.95L238.08,41.71L239.39,40.91L241.32,41.17L242.24,41.53L242.19,41.60L241.55,41.94L240.84,42.46L242.01,42.41L242.46,42.24L243.54,42.13L243.57,42.83L244.37,43.16L244.89,43.09L245.73,42.88L247.04,42.79L247.86,43.01L248.42,43.29L248.26,43.44L247.80,43.67L245.93,44.10L245.69,44.37L246.21,44.62L246.67,44.55L247.42,44.38L248.65,44.26L249.06,43.97L249.42,43.87L249.90,43.93L250.41,44.12L250.95,44.46L251.59,44.98L250.57,44.98L249.37,45.04L248.95,45.17L249.01,45.44L249.38,45.57L250.71,45.64L251.65,45.82L252.19,46.04L252.42,46.34L252.05,46.37L251.31,46.38L250.29,46.29L249.42,46.08L248.60,46.01L248.28,46.20L249.51,46.78L249.29,46.98L247.74,47.10L247.99,47.38L248.42,47.55L248.98,47.58L250.31,47.95L251.62,48.29L251.87,48.47L251.90,48.76L252.26,49.14L253.01,48.92L253.54,48.97L254.95,49.26L255.25,49.20L255.90,49.05L256.51,49.08L257.26,49.46L258.12,49.94L258.50,50.28L257.82,50.38L257.02,50.50L256.99,50.94L257.78,50.94L259.19,50.89L259.70,50.76L260.59,50.81L260.21,51.36L261.12,51.54L261.64,51.54L262.58,51.16L263.27,51.51L264.36,51.91L264.55,52.01L264.27,52.24L264.02,52.34L263.92,52.67L263.10,52.72L262.38,52.51L262.13,52.46L261.34,52.67L262.31,53.12L262.59,53.29L262.64,53.56L261.59,53.76L261.23,53.99L260.92,54.28L260.55,54.17L259.73,53.58L259.44,54.69L259.79,55.59L259.37,55.65L258.70,55.40L257.95,55.22L257.74,55.04L257.72,54.80L257.41,54.53L256.48,54.80L255.73,54.19L255.79,53.90L256.05,53.52L255.75,53.40L255.53,53.38L254.54,53.30L253.82,53.01L252.65,52.39L251.88,52.10L251.12,52.05L250.66,52.28L250.02,52.36L250.00,52.59L250.28,52.77L251.33,53.45L251.01,53.57L250.32,53.62L249.96,53.36L249.28,53.00L248.63,52.79L248.91,53.28L249.76,54.25L250.37,54.26L250.96,54.35L251.46,54.93L252.07,55.73L252.58,56.16L253.20,55.84L253.48,55.89L254.07,56.29L254.66,56.56L256.04,56.96L255.40,57.07L255.19,57.28L255.45,57.47L256.01,57.75L256.98,58.20L257.30,58.43L257.54,59.12L257.43,59.54L256.13,58.39L255.57,58.15L255.55,58.39L255.66,58.66L256.72,59.94L256.71,60.24L255.78,60.12L255.84,60.32L256.27,60.73L256.65,61.25L256.08,61.08L255.47,60.76L254.58,60.07L254.43,60.04L253.71,60.10L252.80,59.92L251.37,59.25L251.05,58.97L249.98,58.30L250.17,59.08L248.95,58.61L248.38,58.45L247.51,58.42L247.61,58.64L248.41,59.34L249.26,59.76L251.10,60.41L252.40,61.05L253.17,61.60L253.61,62.09L254.04,62.78L252.21,62.44L250.68,62.01L249.43,61.73L247.99,61.63L246.90,61.38L246.00,60.73L244.85,60.59L244.22,60.39L243.58,60.25L243.52,60.39M146.19,38.70L147.01,38.66L147.79,38.54L148.93,37.99L149.82,37.97L151.55,38.21L152.49,38.47L152.30,39.35L152.81,39.28L153.47,39.26L154.27,39.03L154.87,38.89L155.62,38.91L155.96,38.84L154.97,37.87L155.12,37.83L156.50,37.97L157.71,38.22L158.39,38.46L158.65,38.71L158.84,39.22L159.80,40.28L160.44,40.62L161.49,40.31L161.63,40.05L160.38,38.69L159.95,37.37L160.17,37.01L162.08,37.28L163.86,37.43L165.89,38.15L166.25,38.33L166.55,38.64L166.71,39.34L167.22,39.99L167.57,40.25L168.43,40.85L168.48,41.04L168.30,41.29L167.97,41.89L168.15,42.20L168.37,42.32L169.77,42.97L170.28,43.14L171.43,43.40L172.94,43.49L175.00,44.07L176.01,44.46L176.37,45.25L176.21,45.35L175.13,45.27L174.32,45.04L173.38,44.81L172.83,44.97L172.16,45.18L171.14,45.21L170.89,45.33L171.09,46.02L172.18,45.95L172.79,45.80L173.47,45.68L174.35,46.22L174.34,46.45L173.81,46.60L173.29,46.85L172.71,46.96L171.29,47.08L170.24,47.06L169.05,46.98L167.46,46.73L165.18,46.23L164.63,46.02L164.19,45.68L163.71,45.65L163.13,45.75L162.73,46.12L161.61,46.62L160.56,46.64L159.15,46.75L157.89,47.17L155.14,47.52L153.72,47.54L152.51,47.63L150.53,47.56L150.05,47.67L149.13,47.65L148.13,47.37L148.07,46.90L148.27,46.80L148.27,46.50L147.88,46.30L147.41,46.20L144.27,46.09L143.01,45.97L142.15,45.80L141.34,45.60L140.59,45.10L139.32,44.55L139.62,44.48L140.15,44.26L141.72,44.20L142.33,44.01L142.88,44.03L143.79,44.01L144.70,43.92L146.41,43.95L147.35,43.95L149.49,44.00L150.58,44.00L152.29,43.96L152.71,43.81L152.02,43.58L149.71,43.09L147.77,42.89L143.71,42.83L142.14,42.81L140.45,42.87L139.49,42.92L138.89,42.92L137.24,42.40L137.25,42.19L137.53,42.12L138.35,42.07L139.67,41.86L140.66,41.89L142.44,41.75L143.37,41.64L143.87,41.37L143.48,41.02L141.46,41.09L139.88,41.25L139.49,41.20L138.93,41.01L138.26,40.67L137.61,40.48L136.91,40.53L136.21,40.29L136.17,40.01L137.47,39.03L140.09,38.18L141.00,38.04L141.37,37.86L142.67,37.59L143.99,37.43L144.70,37.16L145.81,37.07L146.83,37.32L146.76,37.53L146.22,37.88L146.20,38.69M251.27,99.53L251.09,99.68L250.93,99.39L251.12,99.31L251.10,99.06L251.24,98.99L251.20,98.83L250.97,98.83L250.37,98.60L250.45,98.37L250.13,95.55L249.96,95.28L249.47,94.99L248.70,94.97L248.29,95.14L247.91,95.06L247.41,94.70L247.13,94.61L246.50,95.14L245.99,95.76L244.85,97.98L243.71,99.43L242.55,99.31L242.15,99.37L241.78,99.81L241.61,100.18L240.52,100.08L238.66,100.08L236.15,100.05L234.39,100.06L233.43,100.58L232.89,100.89L231.14,101.70L230.59,101.87L230.45,102.30L230.28,102.81L229.84,103.09L228.69,103.29L227.38,103.15L226.26,103.14L225.33,103.23L224.86,103.43L224.70,103.81L224.71,104.12L224.88,104.60L224.92,104.96L224.05,105.39L222.58,105.84L221.64,106.00L220.72,106.06L219.84,106.32L218.90,106.80L217.98,107.31L217.45,107.43L216.88,107.36L216.38,107.19L216.01,106.76L216.00,106.43L216.04,106.21L216.75,105.69L217.16,105.39L217.43,104.96L217.72,104.42L218.10,103.84L218.13,103.10L218.07,102.55L217.20,99.39L214.67,98.34L214.41,98.01L214.52,97.69L214.21,97.46L213.29,97.28L213.11,96.98L212.93,96.85L212.30,96.87L211.85,96.41L211.74,95.98L209.59,94.92L205.62,93.34L204.64,92.95L203.85,92.73L203.04,92.92L201.57,93.51L200.86,93.43L200.32,93.48L200.13,93.34L199.97,93.22L199.50,93.18L198.64,93.27L198.44,93.15L198.42,92.87L198.04,92.94L197.63,93.13L197.41,93.19L196.84,93.33L196.33,93.24L196.27,93.05L195.80,92.97L195.56,92.69L195.06,92.68L194.90,92.93L194.56,92.45L194.29,92.46L194.27,92.28L192.84,92.07L192.32,92.14L191.49,91.69L191.02,91.23L190.74,90.86L189.85,90.11L189.35,90.15L189.48,90.50L189.87,91.08L189.19,91.08L186.50,91.11L183.70,91.08L182.35,91.09L180.25,91.09L177.33,91.10L174.55,91.07L172.42,91.08L169.49,91.07L168.88,91.07L164.04,91.06L160.43,91.06L159.55,91.07L155.73,91.04L154.64,91.08L150.51,91.06L149.77,91.04L144.66,91.07L142.97,91.07L140.10,91.07L136.16,91.06L131.57,91.08L130.24,91.06L127.66,91.06L127.46,91.05L127.28,90.90L126.77,90.59L126.70,90.16L126.77,89.81L126.06,90.06L125.69,90.03L125.36,89.73L125.20,89.23L125.07,89.04L124.69,89.13L124.46,89.33L123.97,89.39L123.25,88.90L123.14,88.47L122.93,87.65L121.88,87.76L120.87,87.48L120.39,87.39L120.21,87.31L120.07,86.91L119.63,86.56L119.04,86.78L117.81,86.82L117.34,86.71L116.96,86.46L116.86,86.21L117.11,85.56L117.57,85.34L117.34,85.04L116.10,84.96L116.72,84.44L117.12,84.16L117.67,84.01L118.27,83.50L117.40,83.51L116.78,83.66L116.41,83.61L116.00,83.42L115.96,82.44L115.17,82.45L114.16,81.38L114.29,81.14L114.32,80.61L113.78,80.67L112.95,81.16L111.68,80.23L111.30,79.71L111.09,79.30L111.02,78.87L111.44,78.47L111.60,78.21L112.04,77.91L111.68,77.22L111.29,76.45L111.45,75.66L111.05,75.40L109.03,74.64L108.04,74.33L107.86,74.30L107.34,73.90L105.67,72.02L103.90,70.25L103.09,69.68L101.04,68.50L100.69,68.18L100.32,67.69L100.01,67.49L99.17,67.41L98.68,67.54L97.95,68.04L96.72,68.71L95.88,68.91L95.64,69.24L94.69,68.57L92.53,67.25L92.18,66.96L92.01,66.57L91.68,66.18L90.94,66.12L88.51,66.24L87.67,66.17L87.48,65.89L87.39,64.84L87.36,62.68L87.41,58.34L87.43,56.16L87.30,53.36L87.25,51.03L87.21,48.77L87.21,45.92L87.11,45.43L87.82,45.46L88.72,45.37L89.69,45.49L91.70,45.94L93.30,46.46L94.51,46.72L95.55,46.84L96.29,46.87L97.90,47.03L98.79,47.26L99.22,47.41L99.47,47.38L99.02,46.78L98.67,46.58L98.32,46.43L98.26,46.01L99.60,45.59L100.35,45.65L100.92,45.58L101.07,45.48L102.81,45.63L103.58,45.63L104.71,45.26L105.01,45.07L105.46,45.07L106.11,44.85L106.87,44.78L107.74,44.69L108.47,44.61L108.94,44.37L109.33,44.18L110.10,44.08L111.15,44.08L112.02,44.20L111.58,44.60L111.22,44.72L110.12,44.86L109.03,45.23L107.79,45.40L106.57,45.67L105.87,46.19L104.10,46.45L103.42,46.94L104.27,47.20L105.71,47.95L105.49,47.40L105.66,47.05L106.85,46.80L107.24,46.56L107.97,46.14L109.69,46.09L110.65,45.72L111.81,45.33L113.88,45.15L114.52,44.82L115.44,44.54L116.26,44.35L116.74,44.12L116.56,43.84L115.86,43.45L115.21,43.01L116.10,43.11L116.87,43.38L117.57,43.69L117.98,44.01L118.36,44.49L118.81,45.01L119.20,45.24L120.44,45.73L120.63,45.80L121.79,46.01L122.18,46.00L122.38,45.85L121.87,45.21L121.94,44.94L122.49,44.90L122.82,44.76L123.45,44.66L123.83,45.02L123.89,45.44L123.68,45.72L124.52,45.86L125.45,45.79L126.59,45.33L127.13,44.84L127.61,44.77L128.74,44.79L130.27,45.05L132.02,45.49L133.41,45.82L135.51,46.17L136.53,46.39L137.15,46.45L138.72,46.74L139.84,46.80L140.99,46.95L142.08,46.98L143.48,46.90L144.38,46.99L145.39,47.28L146.37,47.62L146.81,47.87L147.00,48.21L146.47,48.34L145.54,48.31L144.97,48.36L144.12,48.49L143.77,49.21L147.09,49.57L148.82,49.65L150.57,49.66L151.44,49.59L152.17,49.54L153.11,49.37L154.01,49.26L154.95,49.15L155.83,49.19L157.26,49.66L158.72,49.84L159.14,49.96L160.36,50.40L160.35,50.71L159.85,50.80L159.49,51.04L159.80,51.19L161.62,52.17L161.46,51.78L161.44,51.47L161.89,51.42L162.51,51.28L162.45,51.10L161.48,50.45L161.35,50.25L161.20,49.80L161.32,49.06L161.67,49.02L163.62,48.89L164.55,48.74L164.75,48.44L165.21,48.22L165.82,48.19L166.92,48.47L168.45,48.75L169.42,48.81L170.39,48.71L171.00,49.12L171.25,49.20L172.21,49.42L173.42,49.55L174.10,49.63L175.24,49.63L176.12,49.43L177.88,49.41L179.76,49.44L180.82,49.38L182.01,49.12L182.96,49.59L183.91,49.89L184.44,49.87L184.68,49.56L184.66,49.04L184.00,48.81L183.26,48.68L181.89,48.62L181.98,48.17L183.17,48.08L183.74,48.15L184.55,48.36L185.42,48.56L186.28,48.61L186.77,48.81L186.86,48.99L186.77,49.12L186.48,49.98L186.66,50.49L186.96,50.66L187.14,50.72L187.93,50.82L188.88,51.13L188.81,50.57L188.35,49.58L188.48,49.10L188.74,48.84L189.45,48.85L190.26,48.82L191.49,47.97L191.99,47.92L192.46,47.91L192.98,47.76L193.01,47.63L192.87,47.26L192.49,46.91L192.18,46.91L191.37,47.10L190.38,47.02L190.92,46.50L191.73,46.43L192.16,46.26L192.73,46.26L193.47,46.66L193.94,46.83L194.00,46.56L193.92,45.60L193.18,45.67L192.28,45.64L191.60,45.52L190.74,45.21L190.01,45.29L188.77,45.11L187.91,44.87L186.95,44.65L186.30,44.32L186.20,44.18L186.18,43.86L186.51,43.72L187.35,43.26L186.87,43.04L185.68,42.66L185.77,42.45L186.35,41.85L186.94,41.56L187.33,41.52L188.36,41.78L188.50,41.74L188.67,41.40L187.96,41.03L187.76,40.76L187.99,40.72L188.54,40.39L188.91,40.36L190.75,40.34L191.31,40.42L192.04,40.61L193.30,41.06L193.73,41.39L193.93,41.77L193.68,42.37L194.94,42.90L195.75,43.40L196.88,43.89L196.51,44.23L195.52,44.27L195.05,44.54L194.63,45.10L195.10,45.16L196.18,45.40L196.98,45.44L197.37,45.31L197.96,45.31L199.44,45.66L199.11,46.01L198.54,46.23L198.63,46.38L199.43,46.85L199.79,47.45L199.81,48.28L200.12,48.22L200.14,48.22L200.55,48.15L201.16,47.78L201.81,46.65L202.48,46.22L203.00,46.24L203.73,46.53L204.80,47.08L205.27,47.46L205.48,47.91L205.32,48.34L204.99,48.38L204.19,48.28L203.99,48.58L203.94,48.99L204.29,49.39L205.44,50.05L206.05,50.54L206.51,50.82L207.11,50.65L208.00,50.49L208.37,50.35L208.58,49.69L209.35,49.29L209.94,48.88L210.19,48.22L210.56,47.47L210.79,47.28L212.19,47.36L212.52,47.29L212.65,46.78L211.66,46.44L210.75,46.09L210.84,45.20L211.43,44.93L212.22,44.96L212.64,44.90L213.21,44.91L216.67,45.53L217.99,46.20L218.50,46.20L219.05,46.13L219.51,46.33L219.75,47.37L219.27,47.63L218.84,47.73L218.60,47.68L217.88,47.15L217.62,47.15L216.82,47.42L216.94,47.74L217.25,48.25L217.95,48.98L218.81,49.51L219.91,50.08L219.94,50.40L219.46,51.04L219.02,51.22L217.62,51.99L216.94,52.08L215.82,52.58L215.05,52.31L213.40,51.35L212.82,51.08L212.32,51.04L211.63,51.32L213.00,51.84L214.48,52.74L213.77,52.80L213.08,52.72L211.79,52.81L211.42,52.68L210.82,52.06L209.68,52.04L207.82,52.16L207.57,52.39L208.18,52.63L209.49,53.05L209.33,53.25L208.72,53.58L206.68,54.68L206.02,54.86L205.49,54.86L204.63,54.62L203.82,54.14L203.59,54.06L202.40,53.83L201.67,53.57L201.07,53.46L200.12,53.47L199.83,53.48L198.62,53.65L200.12,53.93L201.26,54.14L203.01,54.91L204.64,55.35L205.87,55.47L206.89,55.50L206.27,56.60L205.04,57.30L204.18,57.73L203.45,57.89L202.62,57.94L201.70,57.82L200.63,57.44L200.59,57.79L200.56,58.07L200.88,58.65L200.86,58.81L200.12,58.84L200.06,58.84L198.70,58.73L197.05,58.32L196.16,58.24L193.20,57.92L195.35,58.78L196.92,58.94L198.29,59.21L198.85,59.41L199.18,59.68L199.17,59.87L198.53,60.20L197.42,60.41L195.99,60.33L195.48,60.27L195.12,60.54L196.37,60.96L195.90,61.39L194.84,61.71L193.39,62.37L192.97,62.62L193.18,63.32L192.87,63.56L191.96,63.76L191.65,64.05L191.12,64.69L190.85,64.98L190.61,65.65L190.33,66.19L190.01,66.86L190.07,67.28L189.90,67.83L190.03,68.71L190.16,69.24L190.76,69.61L191.01,69.62L191.27,69.71L191.93,69.73L193.10,69.63L193.37,69.68L193.74,69.97L194.15,70.73L194.97,71.89L195.19,72.56L195.05,73.47L195.73,73.48L197.60,73.05L198.86,73.02L199.59,73.09L200.12,73.25L201.18,73.56L203.31,74.00L205.21,74.90L206.20,75.83L209.70,76.50L210.34,76.73L211.33,77.13L212.31,77.38L212.87,77.49L213.57,77.40L214.02,77.44L214.85,77.36L216.09,77.53L217.50,77.73L217.90,77.93L217.60,78.63L217.46,79.48L217.62,79.76L217.92,80.10L217.99,80.52L217.88,81.54L217.57,82.14L217.59,82.35L218.20,82.61L218.68,82.95L218.94,83.31L218.99,83.79L218.91,84.15L219.88,84.26L220.84,84.73L221.52,85.32L221.91,85.91L221.99,86.07L222.63,86.08L223.35,86.50L224.26,87.10L223.91,86.44L223.69,86.16L223.83,85.82L224.40,85.40L224.76,85.58L225.15,86.04L225.41,86.39L225.57,86.04L225.68,85.49L225.46,85.04L226.01,84.50L226.15,83.96L225.96,83.44L225.62,82.98L225.36,82.23L225.36,81.68L225.15,81.09L224.94,80.66L225.55,80.64L225.46,80.17L225.16,79.91L224.50,79.75L224.13,79.47L223.80,78.54L225.05,78.27L225.93,78.03L226.55,77.76L228.31,76.81L228.94,76.51L229.98,75.58L230.41,75.03L230.65,74.37L230.71,73.84L230.45,72.79L230.20,72.26L229.96,71.94L229.02,71.21L228.56,70.94L227.45,70.41L227.09,70.29L226.64,70.01L226.49,69.97L226.19,69.61L226.27,69.51L227.14,68.99L227.69,68.11L227.99,67.69L228.24,67.60L228.68,67.59L228.98,67.31L228.87,66.79L228.69,66.43L228.38,66.03L228.33,65.83L228.59,65.47L228.59,65.21L226.84,65.10L227.93,64.18L228.43,63.48L228.43,63.35L228.12,63.15L227.51,62.88L227.27,62.62L227.22,62.08L227.53,61.66L228.08,61.35L228.65,61.15L229.48,61.22L231.26,61.59L232.36,61.83L233.11,61.90L234.55,61.92L235.63,61.77L236.49,61.55L236.70,61.50L236.88,61.44L237.47,61.52L238.46,61.92L238.71,62.05L239.47,62.50L240.38,62.88L241.18,63.31L240.89,63.71L241.29,63.94L242.99,64.43L244.95,64.79L245.67,64.76L246.04,64.55L246.38,64.85L246.37,65.25L245.79,65.60L245.67,66.04L246.11,67.37L246.24,68.09L246.47,68.51L246.42,68.86L246.18,69.03L245.73,69.02L245.38,69.00L245.24,69.68L245.62,69.95L246.76,69.53L247.12,69.49L247.90,69.44L248.19,69.46L248.87,69.78L249.24,70.13L249.25,70.39L249.17,70.51L249.45,70.83L249.96,70.64L250.27,70.60L251.44,70.52L252.08,70.33L252.51,69.95L252.85,69.40L253.17,69.42L253.37,69.54L254.06,70.25L254.10,70.19L254.21,69.43L254.52,68.85L255.00,68.58L255.54,68.20L254.89,67.69L254.90,67.39L255.17,67.25L256.15,67.15L256.34,67.01L256.85,66.35L257.52,66.72L258.13,67.32L258.91,67.82L259.51,68.62L260.55,69.39L260.82,69.74L260.47,70.03L260.57,70.36L261.14,70.33L261.51,71.11L261.69,71.29L262.01,71.41L262.76,71.55L263.04,71.81L263.17,72.19L262.79,72.28L262.37,72.45L262.79,72.76L263.18,72.99L263.95,73.19L264.23,73.42L264.27,73.84L264.21,73.92L263.80,74.02L263.12,73.99L262.38,73.87L262.06,73.93L262.15,74.10L262.43,74.28L262.62,74.52L262.95,75.03L263.36,75.26L263.99,75.29L264.46,75.47L265.29,75.96L266.19,76.40L266.44,76.73L266.40,76.93L265.96,77.71L266.46,77.76L267.13,77.60L267.91,77.52L268.70,77.69L269.28,77.88L270.44,78.37L271.42,78.50L272.94,78.80L272.75,79.05L272.04,79.26L271.30,79.47L270.64,79.52L269.80,79.76L269.22,80.16L268.57,80.38L267.54,80.44L267.25,80.52L266.93,80.79L266.96,81.16L266.69,81.69L267.86,81.35L268.40,81.26L269.05,81.15L270.25,80.38L271.50,79.90L272.65,79.80L273.31,80.03L273.66,80.38L273.26,80.82L273.30,80.94L273.61,81.24L274.22,81.01L274.68,80.85L275.33,81.04L276.38,81.53L276.61,81.78L276.63,81.96L276.33,82.39L276.28,82.74L275.88,83.18L276.88,84.11L276.51,84.48L275.72,84.77L274.64,85.39L273.98,85.67L272.88,85.71L272.06,85.83L270.51,85.91L270.08,86.32L269.16,87.12L268.48,87.54L267.86,87.84L266.92,88.06L265.43,88.23L263.59,88.36L262.13,88.29L260.10,88.21L259.75,88.24L258.67,88.31L257.62,88.30L255.74,88.20L254.83,88.17L253.07,88.28L252.52,88.49L252.00,88.78L251.46,89.36L251.26,89.92L250.97,90.25L250.38,90.44L249.31,90.55L248.77,90.69L247.67,91.25L246.90,91.79L246.11,92.40L245.78,92.76L245.45,93.00L244.58,93.84L244.10,94.41L243.68,94.68L243.22,95.26L242.70,96.23L243.45,95.49L243.83,95.36L244.51,94.88L245.57,93.94L246.67,93.15L248.70,92.21L249.94,91.81L251.74,91.30L252.80,91.06L253.84,90.83L255.31,90.68L256.23,90.74L257.12,91.03L257.63,91.32L257.77,91.50L257.91,91.97L257.79,92.19L257.46,92.41L256.40,92.70L255.65,93.15L255.07,93.19L254.23,92.96L253.50,93.01L252.85,93.20L253.13,93.28L254.26,93.51L254.43,93.63L254.69,94.07L254.76,94.17L256.06,93.68L256.03,93.90L256.51,93.75L256.89,93.91L256.52,94.14L256.29,94.40L256.41,94.67L256.24,94.68L256.17,94.91L255.26,95.36L256.48,95.37L256.55,95.56L256.36,95.84L256.46,96.27L256.57,96.19L256.81,96.32L256.75,96.46L256.80,96.66L257.15,97.11L257.16,97.26L257.98,97.32L258.14,97.41L258.18,97.34L258.90,97.49L258.59,97.62L258.21,97.61L258.17,97.75L258.69,97.89L258.90,98.13L259.47,98.05L259.61,98.19L259.82,98.17L259.95,98.35L260.37,98.31L260.30,98.20L261.14,98.27L261.38,98.37L261.17,98.57L261.42,98.47L261.68,98.49L261.92,98.48L262.62,98.12L262.92,98.04L263.02,98.40L263.40,98.56L263.94,98.44L264.43,98.86L264.02,99.11L264.11,99.22L264.94,99.24L265.10,99.42L264.58,99.54L264.42,99.42L264.12,99.55L264.24,99.65L263.72,99.65L263.49,99.61L263.60,99.77L263.15,99.81L263.21,99.91L262.76,99.93L262.64,100.07L262.18,100.11L261.82,100.37L261.73,100.26L261.02,100.54L260.98,100.60L260.45,100.73L260.33,100.46L260.05,100.57L259.89,100.83L259.70,100.65L259.63,100.90L259.42,100.98L259.32,101.17L258.81,101.17L258.73,101.09L258.56,101.03L258.59,100.69L258.35,101.05L258.15,101.17L258.02,100.91L257.66,100.94L257.70,101.18L257.47,101.22L257.78,101.30L257.82,101.51L257.71,101.63L257.54,101.57L256.77,102.02L256.90,102.18L256.66,102.30L256.47,102.35L256.48,102.57L256.32,102.45L256.41,102.62L256.19,102.70L256.05,102.59L256.15,102.85L255.92,102.91L255.78,102.83L255.63,102.83L255.57,102.96L255.41,102.86L255.17,103.08L255.08,103.38L254.88,103.15L254.54,103.28L254.38,103.10L254.03,102.62L253.90,102.86L253.48,101.99L253.93,101.22L254.22,101.06L254.25,100.94L253.90,101.06L253.54,101.33L253.47,101.22L254.39,100.71L254.52,100.86L254.71,100.77L254.45,100.66L255.56,100.14L256.67,99.58L257.32,99.22L257.66,99.31L257.59,99.74L257.77,99.68L258.03,99.96L257.99,99.76L257.97,99.59L258.60,99.38L259.33,99.24L259.52,99.31L259.73,99.23L259.57,99.13L258.92,99.08L258.33,99.13L257.90,99.08L257.10,99.07L256.80,99.09L256.54,99.18L256.30,99.27L256.33,99.06L257.46,98.49L257.51,98.29L257.77,98.21L257.71,98.04L257.19,98.32L257.29,98.18L256.79,97.67L257.09,98.12L256.73,98.60L256.41,98.61L254.43,99.43L254.15,99.51L253.79,99.31L253.56,99.24L253.79,99.44L253.00,99.84L252.78,99.67L251.76,99.61L251.64,99.76L251.26,99.52M186.19,47.83L185.48,47.80L184.56,47.62L183.68,47.56L182.43,47.24L181.45,47.06L180.85,47.01L179.77,46.81L180.20,46.48L181.74,46.07L182.12,45.88L182.24,45.21L182.54,44.98L183.37,44.91L184.12,45.09L185.55,45.69L186.84,46.09L186.91,46.38L187.23,46.66L188.32,47.18L188.04,47.30L186.77,47.78L186.19,47.83M231.09,50.65L229.77,50.62L229.32,50.47L229.09,50.22L228.92,49.74L229.22,49.31L229.93,48.65L230.59,48.38L231.95,48.22L232.86,48.41L233.65,48.73L233.63,49.19L233.59,49.92L233.23,50.18L232.20,50.53L231.09,50.65"]
        RenderPath {path} at (0.02,127.56) size 800.20x81.08 [stroke={[type=SOLID] [color=#808080] [stroke width=0.20]}] [fill={[type=SOLID] [color=#00FF00]}] [data="M444.97,79.14L445.44,78.93L445.75,78.83L445.45,78.81L445.04,78.87L444.89,78.74L444.76,78.92L444.65,78.91L444.72,78.42L444.90,78.20L445.31,78.21L446.80,78.27L447.21,78.28L447.55,78.21L447.67,77.96L447.50,77.67L447.74,77.62L447.67,77.50L447.61,77.37L447.96,77.28L448.08,77.24L448.13,77.40L448.22,77.45L448.46,77.45L448.68,77.57L448.94,77.64L449.45,77.71L449.54,77.81L449.76,77.76L450.20,77.76L450.46,77.76L450.68,77.74L450.77,77.88L450.87,77.98L451.06,78.01L451.23,78.08L451.25,78.22L451.30,78.34L451.08,78.46L451.01,78.61L450.94,78.82L450.96,78.99L450.99,79.13L451.02,79.17L448.06,79.27L445.82,79.15L444.98,79.15M717.63,81.11L718.05,81.55L718.48,82.17L718.66,82.63L718.67,83.40L718.43,83.84L718.23,84.62L718.23,85.38L718.52,86.16L719.11,87.01L719.76,88.45L720.66,90.07L721.78,91.75L720.52,91.07L719.69,90.68L718.70,90.62L718.43,90.71L718.03,90.92L717.57,91.96L717.30,93.06L717.22,93.64L717.50,94.62L717.68,94.84L718.34,95.75L718.88,95.95L719.34,96.60L719.03,97.84L718.37,96.58L717.50,96.28L717.28,96.31L716.86,96.61L716.55,97.15L715.91,98.06L715.48,97.56L715.29,96.63L715.93,95.48L715.54,94.60L715.71,94.14L716.21,93.51L716.08,92.79L715.89,92.41L715.62,91.86L715.55,91.63L715.96,91.33L716.24,90.41L716.32,89.63L716.32,88.30L716.47,87.00L716.38,86.27L716.17,85.80L715.34,84.95L715.24,84.05L715.35,83.86L715.71,83.14L715.78,82.40L715.44,81.94L715.61,81.71L715.99,81.68L716.61,81.64L717.63,81.11M471.16,84.28L471.16,84.14L470.99,84.07L470.91,83.96L470.74,83.88L470.78,83.78L470.74,83.55L470.71,83.38L470.79,83.28L470.65,83.15L470.55,83.00L470.68,82.94L470.68,82.77L470.38,82.61L470.11,82.35L470.09,82.18L470.19,82.05L470.32,81.89L470.68,81.87L471.01,81.92L471.20,82.05L471.71,82.07L472.24,81.97L472.68,81.72L472.73,81.66L472.88,81.57L473.18,81.57L473.24,81.41L473.21,81.28L472.93,81.21L472.63,81.06L472.54,80.88L472.62,80.87L472.68,80.82L472.71,80.75L472.45,80.69L472.09,80.59L471.71,80.52L471.35,80.59L471.17,80.52L471.24,80.34L471.33,80.14L471.27,80.00L471.11,79.90L470.83,79.81L470.60,79.75L470.15,79.54L470.04,79.31L469.87,79.04L469.66,79.03L469.64,78.93L469.71,78.79L469.81,78.68L469.68,78.65L469.49,78.70L469.41,78.58L469.28,78.40L468.94,78.35L468.98,78.20L469.02,78.04L469.12,77.99L469.23,77.91L469.23,77.82L469.35,77.82L469.41,77.69L469.36,77.53L469.21,77.43L469.02,77.18L469.15,77.02L469.18,76.86L469.18,76.77L469.25,76.66L469.20,76.54L469.05,76.57L468.89,76.54L468.74,76.44L468.64,76.34L468.36,76.25L468.23,76.11L467.69,76.00L467.44,76.05L467.34,76.00L467.21,75.95L466.98,76.03L466.83,76.13L466.67,76.13L466.39,76.15L466.17,76.35L465.98,76.35L465.81,76.20L465.75,76.05L465.77,75.95L465.93,75.85L465.93,75.74L465.78,75.72L465.49,75.65L465.17,75.61L464.81,75.65L464.60,75.72L464.40,75.75L464.32,75.60L464.19,75.46L463.88,75.42L463.70,75.41L463.50,75.54L463.27,75.47L463.11,75.32L463.17,75.28L463.18,75.17L463.23,75.08L463.14,74.85L463.15,74.66L463.02,74.54L463.08,74.45L462.92,74.41L462.77,74.31L462.74,74.15L462.61,74.09L462.50,73.99L462.54,73.92L462.60,73.83L462.53,73.78L462.44,73.77L462.31,73.70L462.16,73.71L461.96,73.77L462.00,73.67L462.11,73.60L462.18,73.51L462.15,73.39L462.22,73.26L462.09,73.17L462.19,73.14L462.28,73.13L462.38,73.06L462.40,72.97L462.43,72.85L462.44,72.77L462.24,72.71L462.15,72.64L461.95,72.55L461.71,72.48L461.71,72.36L461.73,72.24L461.36,72.25L461.28,72.14L461.39,72.08L461.40,72.00L461.43,71.88L461.56,71.88L461.65,71.77L461.71,71.67L461.87,71.61L462.13,71.56L462.30,71.49L462.25,71.43L462.07,71.39L462.03,71.24L462.01,71.16L462.01,71.08L461.92,71.01L461.72,70.92L461.55,70.69L461.55,70.51L461.72,70.38L461.69,70.22L461.62,70.04L461.49,69.60L461.46,69.44L461.55,69.28L461.75,69.15L462.07,69.02L462.29,68.81L462.46,68.54L462.52,68.40L462.61,68.36L462.73,68.36L462.92,68.36L463.09,68.32L463.13,68.14L462.97,68.01L462.83,67.96L462.74,67.83L462.57,67.79L462.67,67.54L463.01,67.50L463.16,67.67L463.39,67.73L463.58,67.64L463.48,67.50L463.79,67.35L464.27,67.55L464.57,67.48L464.88,67.15L465.19,66.96L465.94,67.07L466.72,67.34L467.16,67.34L467.52,67.19L467.14,66.79L466.55,66.47L466.15,66.44L464.95,66.52L464.33,66.43L464.06,66.32L463.76,66.01L464.02,65.57L463.96,65.37L463.76,65.42L463.93,65.13L465.88,63.99L467.86,62.79L469.25,62.03L469.84,61.50L470.27,60.96L470.37,60.55L470.21,60.21L469.77,59.81L469.07,59.55L467.71,59.05L467.28,58.72L467.60,58.53L468.14,58.12L468.20,57.86L468.05,57.61L466.77,56.21L466.39,55.70L466.42,55.33L466.61,54.93L467.05,54.40L467.25,54.04L466.48,52.85L465.07,51.45L465.40,51.15L466.70,50.38L467.12,50.01L466.58,49.62L465.62,49.12L464.75,48.92L464.18,48.71L464.07,48.18L464.33,47.72L464.35,47.43L465.04,47.13L466.05,46.46L467.07,45.97L467.84,45.85L468.67,45.83L469.18,45.62L469.59,45.33L470.20,45.28L471.20,45.03L471.85,44.79L471.86,44.94L472.11,45.33L472.47,45.61L473.01,45.81L473.93,45.90L474.54,45.99L474.61,46.60L475.31,46.28L475.73,46.33L476.81,46.38L477.69,46.39L478.21,46.42L479.33,46.42L480.62,46.70L483.35,47.21L484.33,47.58L485.92,48.44L486.51,48.65L487.99,48.90L489.28,49.11L491.30,49.73L491.63,50.01L491.58,50.46L491.73,50.75L492.15,51.04L492.26,51.34L492.02,51.68L491.33,52.17L490.23,52.71L489.42,52.97L487.67,53.33L486.76,53.42L485.13,53.40L483.74,53.21L481.70,53.04L480.07,52.85L478.73,52.51L476.47,52.02L475.36,51.91L474.88,51.86L474.26,51.39L473.89,51.23L473.12,51.10L472.18,51.21L472.48,51.38L472.63,51.44L473.36,51.98L473.85,52.12L474.95,52.73L475.79,53.02L476.71,53.18L477.34,53.42L477.75,53.87L477.74,54.28L477.47,54.57L476.78,54.76L476.87,54.88L477.08,55.41L477.85,56.35L477.94,56.85L478.10,57.05L478.54,57.23L479.74,57.30L480.61,57.43L481.11,58.05L481.51,58.14L482.77,58.22L483.35,58.35L483.71,58.42L484.11,58.30L484.90,58.20L485.14,57.90L485.14,57.58L484.75,57.18L484.28,57.10L483.83,57.20L483.38,57.17L482.79,56.96L481.84,56.17L482.54,55.49L483.02,55.49L484.14,55.97L485.58,56.31L487.67,56.73L488.62,56.81L489.45,56.66L490.18,56.84L490.44,56.61L490.49,56.20L490.27,55.96L489.42,55.30L489.07,54.68L489.35,54.35L489.54,54.30L490.98,53.88L492.47,53.52L493.07,53.28L494.20,52.56L494.38,52.51L494.84,52.58L496.67,52.87L498.08,53.40L498.42,53.40L498.47,53.33L498.62,52.83L499.20,52.06L499.16,51.41L498.84,51.00L497.99,50.84L497.69,50.61L498.83,49.60L498.93,49.36L498.73,48.76L497.96,48.25L498.02,47.94L498.38,47.89L499.84,48.12L501.86,48.00L502.49,48.13L503.16,48.74L503.77,49.18L504.20,49.65L503.16,49.70L501.60,49.78L500.78,50.00L500.29,50.51L500.48,50.69L501.43,50.98L502.16,51.53L502.97,51.73L503.69,51.83L504.96,51.69L506.29,51.61L506.59,51.44L506.85,50.95L507.14,50.36L507.42,49.95L508.65,49.75L509.88,49.34L510.86,49.12L512.79,48.64L514.22,48.39L515.75,48.07L516.67,47.77L516.88,48.23L517.16,48.31L517.73,48.20L518.22,47.93L518.36,47.47L518.75,47.30L519.47,47.17L520.33,47.23L520.15,47.63L520.09,48.23L519.23,48.31L519.05,48.46L519.05,48.67L519.74,48.87L520.25,48.79L521.42,48.62L521.85,48.62L522.01,48.82L522.24,48.87L522.52,48.73L522.79,48.52L523.08,48.09L523.54,47.90L524.40,47.79L525.45,47.72L526.22,47.75L527.29,47.98L528.05,47.96L528.41,47.88L529.37,47.41L530.37,47.13L531.17,47.08L532.13,47.26L532.45,47.42L531.82,47.87L531.95,48.10L532.17,48.20L532.80,48.33L533.38,48.32L533.67,48.08L533.74,47.69L534.08,47.60L535.04,47.67L535.59,47.48L535.98,47.17L536.10,46.75L534.73,45.72L535.13,45.55L535.79,45.18L536.20,45.11L536.80,45.13L538.97,45.19L540.25,45.39L541.49,45.54L542.62,45.74L544.73,46.25L545.80,46.35L547.52,46.76L548.54,47.01L549.84,47.54L551.30,48.15L552.16,48.53L552.54,48.58L552.77,48.48L553.91,47.44L554.15,47.13L553.22,47.17L552.82,47.12L552.26,46.89L551.89,46.46L551.92,45.80L551.19,45.52L549.20,45.37L549.01,45.11L549.08,44.94L549.38,44.63L550.08,44.38L550.31,44.23L550.40,44.04L550.34,43.21L550.09,42.97L548.96,42.90L548.73,42.61L549.05,42.08L549.41,41.84L549.80,41.81L551.29,41.39L552.39,40.90L552.91,40.49L553.49,39.88L554.03,38.66L554.67,38.24L555.04,38.31L556.60,38.46L558.22,38.34L559.82,38.25L560.52,38.32L561.58,38.26L562.16,38.38L562.47,38.66L562.45,38.99L562.03,39.83L561.68,40.18L560.34,41.01L560.12,41.36L560.87,41.70L561.80,42.37L562.08,42.71L562.29,43.53L562.12,43.75L561.54,44.12L561.79,45.30L561.74,46.61L562.00,47.19L562.45,47.57L563.48,47.83L563.67,48.00L563.67,48.13L563.18,48.61L562.76,49.44L562.43,49.77L561.65,50.23L560.41,50.86L559.78,51.06L559.23,51.32L559.56,51.84L559.12,51.96L558.00,52.19L556.40,51.82L555.67,51.74L554.70,51.78L554.10,51.89L554.29,52.20L554.88,52.48L555.61,52.69L557.18,52.90L558.32,52.97L558.93,52.92L560.12,53.07L561.04,53.03L561.51,52.68L561.82,52.32L563.17,51.99L564.33,51.50L564.60,51.22L564.99,50.62L565.80,50.30L566.67,49.68L566.73,49.31L566.51,48.75L565.90,48.21L566.14,47.66L566.38,47.56L567.06,47.41L568.44,47.26L570.19,47.25L570.93,47.49L571.78,47.95L571.93,48.73L571.59,49.75L571.89,50.03L572.81,50.24L574.11,50.29L574.97,50.14L575.10,49.84L574.59,49.66L573.79,49.48L573.22,49.52L572.76,49.42L572.83,49.04L573.86,48.66L573.92,48.41L573.71,48.26L573.54,47.93L573.10,47.17L572.59,46.90L571.75,46.80L570.66,46.57L569.86,46.46L568.57,46.29L567.66,46.48L567.02,46.58L565.72,46.40L564.83,46.42L564.81,46.15L564.25,45.08L564.55,44.42L565.29,43.72L565.57,43.26L565.44,43.04L564.35,42.00L563.40,41.49L563.28,41.30L564.11,40.74L565.32,40.64L566.32,40.38L567.07,40.03L567.24,39.80L567.41,39.16L567.28,38.49L567.51,38.56L568.15,38.61L568.61,38.70L568.72,39.17L568.53,39.71L567.90,40.32L567.73,40.87L567.87,41.32L568.24,41.60L568.73,41.87L570.11,42.00L571.69,42.17L573.32,42.26L574.14,42.66L574.46,42.68L575.26,42.65L574.73,41.76L574.21,41.48L572.32,41.38L571.39,41.31L570.81,41.16L570.20,40.71L570.48,40.38L571.85,40.33L572.29,40.50L573.44,40.58L574.19,40.43L574.10,39.70L574.51,39.61L575.34,39.51L576.62,39.49L577.69,39.69L579.10,40.07L580.19,40.61L581.52,40.95L582.06,41.04L583.89,41.05L584.61,40.88L584.75,41.22L583.97,41.60L583.27,41.86L583.03,42.63L582.90,43.60L583.23,43.74L583.91,42.95L584.30,42.66L584.58,42.71L585.19,43.24L585.10,43.99L585.84,43.78L586.52,43.51L586.48,43.21L586.29,43.09L586.14,42.73L585.39,41.91L585.58,41.69L586.27,40.93L585.47,40.48L584.70,40.22L583.77,39.98L583.51,39.60L582.85,39.55L581.88,39.30L580.54,39.10L580.23,38.80L580.29,38.22L580.20,37.84L579.38,37.17L579.47,36.92L579.73,36.76L580.22,36.64L582.53,36.53L585.07,36.51L587.19,36.38L588.61,36.22L589.09,36.53L589.47,36.59L590.31,36.32L591.37,36.03L592.78,35.92L593.37,36.12L592.41,36.46L591.96,36.86L593.70,36.63L594.22,36.52L595.17,36.15L595.45,35.87L595.11,35.42L594.78,35.24L593.86,34.98L593.49,34.67L593.49,34.44L593.82,33.90L594.99,33.51L595.96,33.29L598.99,32.38L599.88,32.29L600.12,32.25L600.65,32.18L602.54,32.08L604.21,31.97L606.51,31.72L608.56,31.46L610.15,31.03L611.01,30.79L612.77,30.82L613.84,30.82L614.22,31.00L613.87,31.41L615.37,31.52L616.39,31.48L617.65,31.30L619.00,31.07L619.95,31.03L620.93,31.20L621.61,31.27L622.31,31.06L622.43,30.73L622.29,30.56L622.76,30.23L623.70,30.15L624.64,30.18L625.89,29.81L625.27,29.30L625.39,28.96L626.55,28.52L628.11,28.14L630.34,27.73L631.57,27.66L632.56,27.71L634.05,27.71L634.91,27.98L634.95,28.24L633.42,28.64L632.76,28.98L633.25,29.13L635.08,29.02L636.67,29.17L638.71,29.09L638.89,29.20L638.51,29.48L637.32,29.93L637.03,30.24L639.00,30.23L639.83,30.21L640.07,30.30L641.12,29.76L642.48,29.76L644.25,29.66L644.89,29.79L646.23,29.77L648.19,29.93L649.59,30.19L650.77,30.62L651.29,31.07L652.02,31.06L652.87,30.99L653.29,31.49L651.94,32.32L652.18,32.45L653.08,32.81L650.75,33.67L649.71,33.91L648.54,34.02L645.14,35.08L642.12,36.04L641.33,36.33L638.94,36.70L636.59,37.29L634.53,38.42L635.24,38.43L636.32,38.19L637.24,37.73L638.91,37.57L640.14,37.55L642.24,37.28L644.12,36.99L645.00,36.88L646.00,36.60L645.91,36.21L645.42,36.09L645.38,36.02L645.66,35.77L646.24,35.56L647.12,35.77L647.72,36.15L648.34,36.21L648.93,36.40L649.67,36.45L650.52,36.40L651.68,36.13L652.18,36.20L652.37,36.50L652.38,37.01L652.90,37.42L654.32,36.64L655.98,36.62L657.49,36.47L659.84,36.49L661.76,36.64L662.62,36.67L663.82,36.71L663.55,37.45L663.90,37.78L665.95,37.93L666.79,38.06L667.49,38.12L668.53,38.23L671.02,38.08L672.23,38.06L673.65,38.41L675.05,37.48L674.89,37.13L674.85,36.90L674.82,36.79L676.62,36.31L677.15,36.29L677.95,36.40L679.09,36.69L679.95,36.98L681.66,37.01L683.01,36.94L684.40,36.97L685.72,37.40L686.13,37.58L686.18,37.97L685.66,38.05L685.40,38.09L683.49,38.50L681.05,39.23L680.82,39.46L681.07,39.53L682.11,39.60L683.06,39.61L683.72,39.77L684.38,40.06L685.40,40.46L685.98,40.63L686.76,41.11L688.03,41.91L689.84,42.72L691.19,43.02L691.81,43.00L692.60,42.61L693.44,41.89L694.54,40.84L695.14,40.51L695.43,40.53L695.66,40.99L696.44,41.30L697.78,41.59L698.89,41.72L699.73,41.64L701.71,41.17L702.49,41.10L703.30,41.17L704.49,41.40L706.42,42.14L706.73,42.09L706.92,42.02L707.41,41.76L707.63,41.50L707.49,41.45L707.51,41.26L708.23,40.95L708.74,40.93L709.24,41.19L709.82,41.38L711.12,41.41L711.30,40.91L711.10,40.44L711.25,40.08L711.35,39.56L710.22,39.72L709.57,39.72L709.39,39.61L709.84,39.32L710.15,39.23L711.14,39.14L712.16,39.12L712.99,38.98L714.56,38.33L714.81,38.33L716.57,38.57L718.13,38.71L720.17,38.90L721.17,38.97L721.82,39.07L724.13,39.13L722.40,39.76L723.26,39.81L724.27,39.72L724.61,39.86L724.30,40.24L723.38,40.44L722.53,40.70L722.35,40.99L723.02,41.02L723.54,40.90L724.45,40.76L725.43,40.43L727.05,39.63L729.82,39.64L731.01,39.71L731.92,39.88L732.86,40.02L733.07,40.21L733.29,40.31L731.04,40.90L731.60,41.04L733.27,41.33L735.45,41.53L736.39,41.74L737.20,42.11L737.56,42.54L738.13,42.90L738.65,43.05L740.11,43.01L741.47,42.90L742.61,42.77L745.13,42.44L747.34,42.33L750.34,42.46L751.86,42.60L752.59,42.71L753.76,43.14L754.41,43.31L754.94,43.64L755.30,44.03L755.18,44.53L754.89,45.05L755.40,45.30L756.16,45.36L757.00,45.38L757.64,45.46L757.63,46.14L758.04,46.56L758.73,46.39L759.28,45.96L760.49,45.57L760.84,45.50L761.18,45.55L762.88,45.53L764.40,45.24L765.14,45.28L765.73,45.71L766.43,45.83L767.97,45.84L770.15,45.90L771.02,45.78L772.40,45.28L772.80,45.48L773.73,46.01L774.13,46.23L775.22,46.49L776.10,46.83L776.38,47.22L776.99,47.37L778.55,47.24L780.20,46.92L780.36,46.67L780.11,46.33L779.31,45.50L778.48,45.39L778.88,45.05L779.35,44.48L781.24,44.58L782.46,44.66L783.59,44.72L784.82,44.89L785.04,45.21L786.43,45.06L788.52,45.00L790.82,45.01L792.11,45.16L792.90,45.36L794.08,45.56L795.47,45.66L796.23,45.84L797.53,46.17L798.28,46.24L798.98,46.42L800.12,46.92L800.12,49.05L800.12,51.27L800.12,53.49L800.12,54.79L800.12,54.94L800.12,55.52L800.12,55.74L799.04,56.11L798.39,56.14L797.74,56.51L797.18,56.57L796.14,56.64L795.78,56.56L794.86,56.51L794.74,56.17L794.47,55.95L793.97,55.98L794.21,55.80L793.27,56.12L792.42,56.14L792.09,55.93L791.61,55.85L792.03,56.35L791.46,56.64L791.78,56.74L792.73,56.95L793.36,56.59L793.76,56.63L794.09,56.71L794.09,57.19L794.34,57.39L795.10,57.66L796.16,57.43L795.72,57.76L796.46,57.51L796.52,57.85L796.77,58.05L796.96,58.42L797.03,58.61L796.30,59.13L796.90,59.06L797.25,59.24L797.72,59.74L798.22,59.90L798.36,60.15L798.20,60.60L798.99,60.49L798.87,60.88L798.89,61.13L798.46,61.43L797.77,61.64L797.14,61.59L796.69,61.45L795.45,61.30L794.56,61.22L794.21,61.08L794.33,60.81L793.84,60.77L793.54,60.80L792.98,61.35L792.91,61.46L789.85,62.37L788.69,62.55L788.45,62.55L788.02,62.75L787.80,62.94L787.08,63.16L786.09,63.19L785.78,63.30L785.30,63.71L784.84,63.91L783.89,63.94L783.04,64.57L782.80,64.84L781.13,65.30L780.74,65.75L779.51,66.00L779.10,66.14L778.95,66.43L778.96,66.72L778.49,67.01L778.08,67.03L777.50,66.72L777.31,66.46L777.14,66.09L776.47,65.78L775.40,65.74L774.38,65.79L773.22,65.96L771.92,66.15L771.40,66.36L770.06,67.12L769.53,67.40L769.34,67.26L769.92,65.96L769.37,66.06L768.98,65.96L768.16,66.49L767.49,66.68L767.09,66.83L766.98,67.34L766.32,67.49L766.00,67.33L765.75,66.84L765.27,66.57L764.24,67.21L764.50,67.01L763.95,67.07L763.66,67.16L763.04,67.68L762.90,67.94L763.02,68.17L763.36,68.32L762.43,68.85L762.25,69.04L762.59,69.21L761.95,69.56L761.07,70.11L760.44,70.62L760.14,70.97L760.13,71.50L760.55,71.82L761.03,71.90L762.41,71.86L762.97,72.02L763.08,72.19L762.65,72.58L761.90,73.04L761.72,73.34L761.94,73.85L762.23,74.31L763.02,74.39L763.18,74.79L763.17,75.40L762.82,75.76L762.29,75.82L761.81,75.61L761.79,75.40L762.18,74.88L761.74,74.86L761.28,75.11L760.27,75.95L759.71,76.62L759.47,77.22L759.79,77.89L760.44,78.21L760.59,78.44L760.30,78.83L759.61,79.14L758.66,79.17L757.99,79.08L757.65,79.09L757.03,79.26L756.19,79.74L755.98,79.89L755.45,80.39L755.32,80.74L755.43,81.02L755.92,81.41L755.96,81.64L755.90,81.77L755.22,82.01L754.62,82.02L753.44,82.40L752.71,82.70L752.65,82.95L752.72,83.23L752.55,84.08L752.26,84.49L751.46,85.27L749.93,86.24L749.08,86.74L748.79,86.85L748.50,86.23L748.30,85.41L748.05,84.72L747.98,83.93L747.63,83.18L747.33,82.79L747.11,81.88L746.60,80.52L746.59,79.94L746.44,79.38L746.42,79.05L746.32,78.86L746.05,78.04L746.03,77.25L746.15,76.44L746.42,75.05L746.58,74.82L747.77,73.96L748.48,73.54L749.05,72.84L749.19,72.61L749.11,72.30L748.97,72.13L750.60,71.76L751.60,71.46L752.41,71.14L754.14,70.25L754.78,69.84L755.22,69.41L755.35,69.08L757.14,68.19L758.01,67.75L759.55,66.88L759.91,66.59L760.17,66.16L761.43,65.72L763.53,65.21L763.79,64.78L764.56,64.25L764.65,64.01L764.08,63.80L764.89,62.89L764.86,62.41L765.04,62.02L765.64,61.82L767.37,61.73L767.88,61.67L767.40,61.34L765.33,61.13L764.62,61.22L763.56,61.40L762.78,61.59L762.82,61.91L762.16,62.84L762.28,63.04L762.24,63.18L761.58,63.29L761.10,63.40L759.55,64.12L757.57,65.16L756.40,65.50L756.15,65.44L756.31,65.11L756.66,64.65L755.73,64.57L755.57,64.31L755.82,63.86L756.26,63.39L756.47,63.06L756.40,62.86L756.06,62.83L754.92,63.28L754.43,63.32L754.15,62.96L753.56,62.79L751.96,62.93L750.64,63.04L749.69,63.12L749.08,63.28L748.19,63.64L748.09,64.08L748.18,64.26L746.91,64.79L746.51,65.03L746.66,65.52L745.36,65.88L744.34,66.31L743.50,66.79L743.01,67.25L742.67,67.71L742.68,68.09L743.21,68.31L744.47,68.35L744.75,68.62L744.82,68.75L743.66,68.89L742.64,69.15L741.59,69.09L740.89,68.95L740.51,68.98L740.20,69.09L739.48,69.49L738.78,69.14L737.67,69.52L736.92,69.66L736.44,69.57L736.15,69.43L736.26,69.14L737.01,69.02L737.88,68.90L738.04,68.85L737.30,68.21L736.44,68.00L735.38,68.02L734.53,68.17L734.18,68.11L733.31,67.65L732.53,67.62L731.79,67.67L731.09,67.92L731.13,68.32L730.87,68.54L730.39,68.76L729.70,68.52L729.29,68.39L728.03,68.46L727.24,68.55L726.59,68.47L725.71,68.34L725.14,68.42L725.08,68.54L724.93,69.01L724.25,69.03L723.94,68.89L723.90,68.51L723.70,68.25L722.46,68.35L721.44,68.29L720.19,68.32L719.03,68.38L718.19,68.35L718.01,68.37L716.93,68.66L715.96,69.11L715.22,69.58L714.69,70.08L713.90,70.33L712.99,70.67L712.80,70.82L711.75,71.99L710.12,72.67L709.17,73.14L708.01,73.85L706.36,75.11L705.53,75.68L703.96,76.55L703.07,76.93L701.18,77.80L700.55,78.19L700.34,78.48L700.36,78.84L700.79,79.12L701.27,79.17L702.19,79.18L703.24,79.03L703.89,79.07L703.57,80.33L703.58,80.75L703.88,80.85L704.51,80.76L705.11,80.39L705.88,80.51L705.75,80.65L705.29,81.00L705.18,81.22L705.55,81.29L707.20,81.28L707.77,81.04L708.16,80.52L708.17,79.88L708.93,79.90L709.58,79.89L710.31,79.91L711.26,80.17L711.92,80.53L712.40,81.12L713.25,81.69L713.68,81.87L714.18,82.19L714.11,82.34L713.53,82.70L713.98,82.92L714.11,83.23L713.78,83.95L714.27,84.07L714.48,84.30L714.19,84.82L713.84,85.21L713.31,85.77L712.59,87.14L712.41,87.82L712.47,88.04L712.71,88.75L712.52,89.66L712.42,90.40L712.02,91.81L711.87,92.30L709.94,93.84L709.57,94.28L709.35,94.93L708.77,95.35L708.03,95.93L707.78,96.29L707.21,97.27L706.62,97.87L705.68,98.65L703.90,100.16L703.43,100.64L703.20,101.10L702.88,101.43L702.12,101.81L701.50,102.23L700.93,102.93L700.50,103.39L699.62,104.06L698.67,104.55L696.83,105.03L696.03,105.27L695.75,104.84L695.23,104.76L694.99,104.80L694.65,104.61L694.32,104.10L693.65,104.37L693.19,104.47L693.61,103.89L692.99,104.06L692.48,104.55L691.83,105.09L690.51,106.09L690.44,106.14L690.27,105.75L689.97,105.31L690.08,105.25L691.33,104.79L691.84,104.36L692.00,104.03L691.89,103.73L691.99,103.60L692.01,103.22L692.02,102.61L691.96,101.95L691.62,101.05L691.67,100.50L693.34,99.51L693.73,99.55L694.42,99.79L695.09,100.02L695.64,100.12L696.11,99.77L696.66,99.08L696.99,98.65L697.62,97.57L698.16,96.50L698.43,95.61L698.73,94.90L699.39,94.51L699.95,94.10L699.93,93.60L699.82,93.21L699.76,92.95L699.51,92.84L698.61,92.87L697.43,93.08L696.07,93.39L695.12,93.70L694.51,93.92L692.85,93.97L692.21,93.99L691.53,94.02L691.27,93.57L690.83,92.29L690.53,91.42L690.32,91.28L687.66,90.44L686.14,90.19L684.89,89.85L684.39,89.65L683.95,89.26L683.02,87.36L682.08,85.77L681.00,83.38L680.26,82.43L679.49,81.96L678.95,81.94L677.57,82.06L676.88,81.88L675.85,81.39L674.70,81.18L673.78,81.23L672.58,81.34L671.74,81.46L669.89,81.60L669.29,81.74L668.81,81.90L667.62,82.69L667.24,82.97L667.12,83.22L667.94,83.14L668.50,83.17L668.97,83.48L669.07,83.73L668.91,84.52L667.54,85.13L666.94,85.67L666.27,86.45L665.85,87.00L665.43,87.42L665.33,87.67L665.39,87.82L665.74,88.16L665.80,88.47L665.67,88.70L664.90,89.04L662.46,89.79L662.02,89.88L661.67,89.90L660.55,89.32L660.10,89.15L660.05,89.14L659.62,88.97L659.00,88.99L657.77,89.28L656.91,89.11L656.57,88.98L655.82,88.48L655.08,88.32L654.47,88.37L654.14,88.37L652.97,88.86L652.22,89.36L651.77,89.75L651.16,90.01L650.64,90.18L649.49,90.31L648.62,90.42L648.09,90.49L647.08,90.56L645.47,90.67L644.73,90.63L643.75,90.55L642.84,90.31L641.53,90.05L640.72,89.68L639.58,89.36L638.96,89.03L637.63,88.28L636.86,88.06L635.43,88.03L634.26,88.00L633.47,88.07L630.99,88.61L630.31,88.50L628.67,87.97L628.25,87.63L627.84,87.18L627.66,86.70L627.66,86.16L627.51,85.96L626.74,85.81L625.76,85.50L625.05,85.27L623.30,84.94L622.27,84.75L621.24,84.65L620.40,84.45L619.13,85.41L618.23,86.25L618.13,86.55L618.54,87.41L618.93,87.71L619.05,87.91L618.89,88.44L618.14,89.01L617.83,89.17L617.08,89.45L616.52,89.47L615.94,89.29L615.63,89.17L614.75,89.10L613.90,89.11L613.18,89.03L611.73,89.03L611.03,88.92L610.63,88.51L609.94,87.76L609.11,87.68L607.27,87.55L606.34,87.40L605.38,87.30L604.54,87.48L603.03,87.96L601.89,88.30L601.10,88.70L600.13,89.39L600.11,89.40L599.39,89.78L598.78,89.93L597.40,90.01L596.80,90.22L596.00,90.64L595.84,90.68L595.60,90.76L595.03,90.76L594.80,90.78L594.74,90.63L594.15,90.63L593.85,90.15L593.41,89.82L593.49,89.49L592.86,89.68L592.38,90.04L591.39,89.97L590.51,89.90L589.85,89.20L589.26,88.64L588.30,88.50L587.97,87.87L587.20,87.29L586.50,86.84L585.51,86.88L584.74,87.10L583.74,87.32L582.75,87.32L582.16,87.32L581.98,87.14L581.72,86.88L581.24,86.88L581.24,86.51L580.88,86.18L579.96,86.18L579.59,86.70L579.26,86.96L578.74,87.21L577.64,85.78L576.79,84.90L575.10,82.76L574.04,81.73L572.75,80.96L571.94,80.67L570.84,80.08L570.95,79.71L571.46,79.60L571.46,79.16L570.65,79.24L570.14,79.46L569.37,79.68L568.41,80.19L567.31,80.45L566.54,80.89L566.24,81.18L565.69,81.00L565.25,80.96L564.48,81.04L564.04,81.14L563.71,80.96L564.04,80.52L564.48,80.34L564.62,80.04L564.26,80.04L563.82,80.26L563.34,80.15L562.93,79.86L562.46,79.82L562.27,79.97L562.12,80.12L561.76,79.89L561.46,79.53L561.17,79.42L560.84,79.64L560.47,79.56L560.10,79.71L559.66,79.60L559.37,79.75L558.89,79.67L558.71,79.42L559.03,79.38L558.96,79.05L559.11,78.79L559.22,78.46L558.70,78.24L558.56,78.02L558.59,77.69L558.23,77.29L557.34,77.32L556.72,77.43L555.95,77.18L555.43,77.07L554.51,76.92L553.78,76.96L553.67,77.18L553.08,77.36L552.56,77.40L552.56,77.69L552.20,78.06L551.57,78.13L549.70,78.21L547.67,78.61L546.50,78.65L545.87,78.98L545.65,79.31L545.32,79.24L544.73,79.31L543.19,79.42L542.45,79.53L541.42,79.57L540.03,79.97L539.66,80.16L538.89,80.16L538.37,80.16L537.30,80.00L536.97,80.07L536.79,80.59L536.86,81.03L537.16,81.25L536.86,81.32L536.86,81.66L537.93,81.77L538.88,82.06L538.77,82.32L538.26,82.39L537.16,82.24L536.46,82.43L535.80,82.94L535.94,83.20L536.38,83.68L536.05,83.97L535.46,84.12L534.73,84.49L534.26,84.55L534.43,84.83L534.66,84.83L535.04,84.96L534.97,85.14L535.35,85.27L536.00,85.34L536.28,85.65L537.44,85.82L537.68,86.06L537.54,86.75L537.41,87.06L535.83,87.47L534.87,87.43L534.53,87.09L534.29,87.09L534.12,87.40L533.47,87.74L533.05,87.57L532.30,87.43L531.37,87.12L531.10,86.58L530.35,86.47L529.28,86.58L529.15,86.99L528.53,87.06L527.88,86.64L527.23,86.61L526.41,86.54L525.89,86.92L525.52,87.26L525.24,87.54L524.55,87.71L524.14,87.47L523.46,87.33L522.88,86.78L522.16,86.71L522.19,86.95L522.40,87.43L522.16,87.71L521.88,87.57L521.81,86.99L521.40,86.71L520.61,86.37L520.03,86.17L520.03,85.82L519.07,85.65L518.46,85.72L517.67,85.68L517.26,85.17L516.84,85.10L516.23,85.34L515.96,85.48L515.30,85.62L514.99,85.34L514.52,85.34L513.86,85.27L513.35,85.58L512.80,85.93L512.01,86.30L511.46,86.37L510.95,86.54L510.64,86.85L510.47,87.09L509.58,87.50L509.10,87.71L509.17,88.15L509.34,88.56L509.27,89.01L508.86,89.25L508.21,89.25L507.70,88.84L507.22,88.29L506.70,88.05L506.29,88.12L506.19,88.43L505.85,88.97L505.02,89.11L504.82,90.42L505.16,90.59L505.40,90.86L505.16,91.07L504.71,91.34L504.06,92.50L505.43,92.85L505.57,93.22L505.50,93.53L506.02,94.05L506.12,93.71L506.70,93.91L507.05,93.88L507.56,93.91L508.08,94.36L508.55,94.56L508.90,95.08L509.86,96.21L509.72,96.31L509.27,96.21L508.97,96.10L508.62,96.21L508.69,96.51L509.55,96.89L510.16,97.08L510.00,97.28L509.60,97.56L509.22,97.68L509.10,97.68L509.10,97.82L509.10,98.04L508.96,98.12L508.66,97.92L508.32,98.12L507.92,98.38L507.28,98.50L506.96,98.58L506.70,98.50L506.52,98.42L506.42,98.46L506.36,98.62L506.48,98.88L506.26,99.08L506.08,99.38L505.90,99.70L505.58,100.12L505.40,100.40L505.08,100.56L504.74,100.80L504.60,101.12L504.68,101.32L505.02,101.52L505.34,101.56L505.52,101.86L505.76,101.90L506.00,102.24L506.28,102.66L506.22,103.04L506.12,103.24L506.18,103.40L506.28,103.20L506.38,102.86L506.50,102.64L506.66,102.62L506.52,103.06L506.30,103.42L506.36,103.82L506.48,103.92L506.32,104.12L506.28,104.52L506.66,104.76L506.78,104.86L506.90,105.38L507.18,105.44L507.54,105.86L507.73,106.14L508.17,106.56L508.35,106.92L508.71,106.98L508.76,107.12L508.47,107.57L507.97,107.86L507.69,107.95L507.38,108.28L507.22,108.50L506.84,108.54L506.39,108.40L505.80,108.31L505.80,108.00L505.51,107.71L505.40,107.71L505.30,107.60L504.83,107.31L504.69,107.12L504.50,107.12L504.29,107.17L504.26,107.00L504.04,107.02L503.91,106.83L503.67,106.76L503.44,106.79L503.15,106.74L502.89,106.64L502.61,106.48L502.26,106.19L502.37,105.89L502.49,105.70L502.37,105.56L502.02,105.53L501.64,105.53L501.43,105.37L501.24,105.25L501.03,105.25L500.88,105.15L500.65,105.04L500.53,105.04L500.43,105.11L500.29,105.27L500.11,105.13L499.84,105.06L499.49,105.06L499.28,105.13L499.18,105.23L499.02,105.39L498.73,105.39L498.47,105.51L498.26,105.44L498.00,105.32L498.05,105.20L498.19,105.09L497.88,104.97L497.65,104.85L497.29,104.78L496.77,104.66L496.49,104.45L496.39,104.31L496.04,104.14L495.76,104.19L495.57,104.19L495.17,104.02L494.62,104.02L494.20,104.11L493.89,104.11L493.53,104.07L493.23,104.00L492.97,103.90L492.75,103.74L492.54,103.74L492.21,103.74L492.02,103.69L491.83,103.60L491.55,103.45L491.27,103.36L490.82,103.33L490.42,103.31L490.35,103.26L490.06,103.22L489.80,103.38L489.69,103.69L488.27,102.68L487.08,101.84L486.26,101.45L485.64,101.37L485.27,101.21L484.76,100.71L484.52,100.66L484.19,100.82L483.86,100.77L483.51,100.26L482.72,99.58L483.31,99.40L483.83,99.39L484.27,99.32L484.38,98.80L484.73,98.33L485.00,97.85L485.53,97.82L486.04,97.69L485.61,97.16L484.96,96.88L484.48,96.52L484.73,96.41L485.09,96.38L485.91,96.26L486.63,95.91L487.87,95.48L487.67,95.10L487.60,95.04L486.80,95.13L485.49,95.31L485.50,95.18L485.52,95.07L485.52,94.85L485.61,94.33L485.83,94.24L486.19,94.22L486.57,94.09L486.80,93.91L486.82,93.73L487.09,93.73L487.82,93.68L488.63,93.84L488.96,93.71L488.96,93.55L489.12,93.26L489.27,92.77L489.21,92.70L489.12,92.50L489.07,92.32L489.03,92.19L488.85,92.12L488.69,92.05L488.74,91.83L488.78,91.65L489.03,91.65L489.34,91.65L489.48,91.49L489.18,91.45L488.92,91.36L488.69,91.11L489.01,91.07L489.36,90.87L489.52,90.80L489.72,90.71L489.76,90.49L489.67,90.31L489.56,90.22L489.58,90.04L489.67,89.93L489.52,89.84L489.32,89.93L489.18,89.98L488.91,89.98L488.56,89.82L488.45,89.60L487.98,89.57L487.69,89.49L487.48,89.31L487.13,89.37L486.86,89.26L486.39,89.15L485.97,89.08L485.68,88.81L485.45,88.88L485.41,89.04L485.12,89.17L484.89,89.06L484.71,88.88L484.31,88.84L484.29,88.70L484.09,88.52L484.09,88.39L483.82,88.21L483.71,88.06L483.35,88.12L482.82,88.26L482.55,88.26L482.24,88.37L481.81,88.48L481.63,88.32L481.45,88.30L481.25,88.37L480.78,88.08L480.52,88.01L480.05,88.08L479.78,88.26L479.49,87.97L479.31,87.88L479.22,87.65L479.31,87.47L479.22,87.23L478.99,86.96L478.99,86.60L478.59,86.60L478.59,86.29L478.21,86.27L477.70,86.34L477.54,86.22L476.89,86.22L476.63,85.93L476.52,85.58L476.38,85.29L476.69,85.15L477.01,85.18L477.01,84.91L476.69,84.75L476.45,84.60L476.31,84.39L476.07,84.06L475.76,83.93L475.55,83.66L475.04,83.79L474.35,83.68L473.68,83.90L473.14,83.92L472.61,83.68L472.47,83.95L472.29,84.24L471.98,84.39L471.51,84.37L471.15,84.28M527.16,37.07L526.57,36.93L525.61,36.72L524.48,36.58L523.74,36.64L522.78,36.67L522.05,36.82L521.64,36.71L520.62,36.24L521.35,35.93L522.56,35.50L523.22,35.41L524.77,35.41L524.90,35.05L524.17,34.72L524.53,34.45L524.94,34.30L525.62,34.28L526.47,34.10L526.22,33.94L525.70,33.71L527.23,32.81L527.75,32.68L527.97,32.76L528.87,32.77L529.85,32.24L530.71,31.91L531.73,31.65L532.71,31.50L534.01,31.38L535.28,31.43L536.02,31.28L536.81,30.67L537.08,30.69L537.95,30.56L539.68,30.83L540.15,30.79L542.08,30.47L543.03,30.43L545.22,30.19L547.08,30.07L547.85,29.51L548.23,29.35L550.74,29.22L552.71,29.14L553.18,29.27L553.62,29.50L553.77,29.85L552.96,30.32L552.42,30.49L551.07,30.81L548.47,31.24L544.14,31.73L541.95,32.01L539.83,32.31L537.98,32.63L535.88,32.87L534.94,33.07L534.65,33.35L535.30,33.56L534.88,33.78L533.93,34.14L533.41,34.18L531.36,34.11L530.93,34.29L530.81,34.52L531.43,34.77L531.10,35.01L529.89,35.45L529.49,35.31L528.74,35.22L528.15,35.53L529.02,35.81L529.08,36.13L527.98,36.79L527.16,37.07M517.49,38.44L518.53,38.07L519.04,37.77L519.47,37.56L520.90,37.54L522.21,37.29L523.20,37.27L524.61,37.18L525.16,37.25L526.15,37.48L526.09,37.65L525.63,38.18L525.32,38.34L524.63,38.41L524.18,38.64L523.95,39.02L523.96,39.84L524.40,40.88L525.36,41.71L525.86,42.01L526.64,42.32L527.80,42.71L527.77,42.99L525.15,42.91L524.31,42.96L523.39,43.28L522.80,43.37L522.12,42.88L521.74,42.84L520.65,42.93L519.97,42.83L519.94,42.47L521.29,42.11L521.36,41.87L521.26,41.85L520.32,41.58L518.88,41.17L517.36,41.00L517.03,41.15L516.40,41.28L515.72,41.24L515.10,40.85L514.98,40.43L515.21,40.12L515.60,39.91L515.95,39.87L516.26,39.98L516.91,39.99L517.43,39.80L518.55,39.03L518.79,38.68L518.47,38.68L517.49,38.44M0.12,56.09L0.12,55.53L0.12,54.95L0.12,54.79L0.12,53.50L0.12,51.28L0.12,49.06L0.12,46.94L3.04,47.55L4.74,48.15L5.67,48.33L9.49,49.32L10.55,49.71L10.75,49.86L10.82,50.08L11.27,50.50L11.68,51.29L11.47,51.72L12.50,52.52L13.48,52.78L13.46,52.60L13.76,52.45L13.71,52.26L13.07,51.87L13.09,51.32L13.16,51.03L14.19,50.84L15.17,51.12L15.75,51.22L16.51,51.28L17.52,51.17L18.45,51.30L19.38,51.72L20.07,52.08L21.75,52.76L22.07,52.85L22.65,53.03L23.08,53.24L23.17,53.37L22.83,53.40L21.80,53.30L21.44,53.34L20.63,54.13L19.09,53.67L19.23,53.85L19.67,54.07L20.13,54.40L18.96,54.28L17.95,54.33L16.75,53.95L16.04,53.85L16.17,53.98L16.46,54.24L16.55,54.24L17.11,54.50L17.31,54.81L17.44,55.26L17.39,55.60L16.57,55.65L15.77,55.71L15.58,55.87L16.08,56.74L15.97,57.01L14.93,56.93L14.53,57.01L13.34,56.84L13.07,56.49L11.28,55.98L11.02,56.25L9.85,55.79L9.57,55.63L9.31,55.23L9.48,55.05L9.16,54.63L8.29,54.29L7.73,54.23L6.97,54.26L6.11,54.49L4.76,54.57L3.57,54.44L3.63,54.12L3.47,53.79L2.86,53.31L1.96,53.43L1.51,53.84L0.85,55.07L0.69,55.78L0.12,56.09"]
        RenderPath {path} at (411.56,120.81) size 58.09x50.51 [stroke={[type=SOLID] [color=#808080] [stroke width=0.20]}] [fill={[type=SOLID] [color=#003200]}] [data="M449.40,22.79L447.80,22.78L445.79,22.76L444.05,22.83L443.28,22.89L441.31,22.57L442.12,22.11L442.95,21.94L443.68,21.49L444.83,20.90L446.19,21.59L447.18,21.70L448.30,21.61L449.20,21.69L449.90,22.03L450.77,21.71L451.30,21.26L452.17,20.95L451.86,21.77L451.94,22.09L452.79,22.09L453.78,21.60L454.85,21.34L455.65,21.47L456.21,21.94L456.91,21.98L458.92,21.87L460.46,22.06L461.01,22.43L460.51,22.63L458.50,23.25L456.88,23.64L455.81,23.70L454.83,23.84L453.51,24.20L447.24,24.11L447.21,23.73L448.70,23.47L449.40,22.79M430.03,22.75L430.10,23.45L430.35,23.57L432.04,23.72L432.26,23.35L432.39,22.93L432.96,22.79L433.49,22.75L434.44,23.22L435.63,23.99L436.43,24.23L436.99,24.01L436.77,23.72L436.31,23.36L435.99,22.88L435.95,22.66L436.86,22.25L437.86,22.36L438.34,22.54L439.62,22.56L440.21,22.74L440.13,23.15L439.96,23.45L440.06,23.61L440.61,23.73L441.35,23.39L441.79,23.29L442.45,23.69L443.13,24.02L443.92,24.18L444.87,24.30L446.54,24.72L447.04,24.96L445.73,25.24L443.75,25.45L443.05,25.75L442.32,26.89L441.44,27.77L440.20,27.89L439.43,28.43L438.97,29.02L438.95,29.39L438.16,29.60L437.60,29.58L436.01,29.23L434.13,28.72L432.76,28.16L433.41,27.79L434.98,27.75L436.77,27.61L437.71,27.23L437.06,26.98L435.24,27.12L433.67,27.24L431.98,27.28L431.47,26.76L432.43,26.70L433.80,26.48L435.95,26.17L437.50,25.72L434.98,25.31L434.09,25.02L433.51,25.16L432.47,25.81L431.40,26.10L430.84,26.16L429.60,25.99L429.26,25.81L428.21,25.44L427.41,25.21L426.71,24.80L428.41,24.41L427.59,23.83L426.23,24.15L425.76,24.08L424.84,23.32L425.65,22.96L426.17,22.94L427.24,22.82L428.26,22.86L428.84,22.80L430.02,22.76M425.42,68.82L425.27,68.61L424.64,68.74L424.51,68.72L424.26,68.48L424.02,68.14L424.21,67.98L424.07,67.69L423.70,67.87L423.64,68.16L423.76,68.40L423.61,68.50L423.27,68.82L423.18,69.00L422.66,69.11L422.13,68.98L421.35,69.32L421.41,69.45L420.90,69.74L420.41,70.00L418.75,70.82L418.70,71.00L418.42,71.05L418.15,71.05L416.04,71.26L415.85,71.03L415.52,70.89L415.34,71.10L414.98,71.00L415.36,70.82L414.42,70.58L413.63,70.24L413.06,70.19L412.58,69.61L412.87,69.24L412.74,69.03L413.08,69.06L413.17,69.37L413.45,69.16L414.12,69.43L413.88,69.23L414.00,69.08L414.50,68.99L414.02,69.02L413.78,69.12L413.52,68.94L413.40,68.81L413.98,68.53L414.44,68.35L413.96,68.41L413.64,68.28L414.08,68.04L414.16,67.81L413.50,68.28L413.47,68.02L413.20,67.85L413.21,68.06L413.28,68.23L412.86,68.39L412.45,68.39L412.47,68.11L412.32,68.37L412.08,68.29L411.88,67.85L412.54,67.40L412.62,67.83L412.69,67.52L413.13,67.67L413.34,67.58L413.17,67.48L413.85,67.40L414.33,67.15L413.71,67.31L413.23,67.31L412.90,67.15L413.10,67.01L413.48,66.87L413.68,66.40L412.86,66.38L412.31,66.48L411.90,66.17L412.27,66.03L412.92,65.62L412.70,65.44L412.26,65.50L411.86,65.44L411.65,65.22L411.93,64.74L412.55,64.47L411.96,64.23L411.73,63.85L412.00,63.67L411.92,62.98L412.02,62.88L412.61,62.82L413.01,62.78L413.46,62.82L413.54,62.71L413.29,62.58L412.86,62.46L412.64,62.29L412.73,62.10L412.95,61.97L413.52,61.91L414.03,61.56L414.60,61.67L415.10,61.56L415.27,61.01L416.11,61.11L416.78,61.23L417.35,60.98L416.36,60.74L416.09,60.43L416.33,60.29L417.48,60.30L418.33,60.22L418.87,60.44L418.93,59.97L419.41,59.70L419.70,59.37L420.48,59.19L420.92,59.38L421.06,59.46L421.56,58.98L422.43,58.57L422.51,58.14L422.95,57.74L424.45,57.01L424.78,56.81L425.02,56.77L425.50,56.94L425.83,56.94L426.15,56.72L425.93,56.49L426.07,56.37L426.56,56.14L427.01,55.84L427.49,55.35L427.74,55.42L428.42,55.40L428.35,54.79L427.88,54.68L428.31,54.27L428.82,53.62L429.66,53.69L429.71,53.35L429.81,53.12L430.76,53.00L430.36,52.65L430.04,52.55L429.84,52.40L430.01,52.16L430.32,51.91L430.79,51.96L431.67,51.89L431.13,51.37L431.38,51.29L431.81,51.25L432.52,50.99L433.11,50.92L433.42,50.72L433.06,50.65L432.96,50.47L433.25,50.37L433.86,50.03L434.42,50.07L434.77,50.17L435.20,49.90L435.57,49.87L435.61,49.69L435.19,49.37L435.82,49.14L435.96,48.87L436.30,48.88L436.66,49.17L437.05,49.26L437.58,48.87L437.30,48.22L437.74,48.28L438.43,48.22L438.64,48.05L438.04,47.74L438.45,47.51L439.26,47.26L439.36,47.00L439.62,46.81L440.35,46.67L440.42,46.74L440.70,46.69L440.80,46.62L441.29,45.95L441.81,46.20L442.77,46.05L443.18,46.18L443.45,46.28L444.09,46.35L444.63,45.93L445.38,45.09L445.66,45.01L445.82,45.17L445.64,45.46L445.46,46.05L446.25,45.59L446.66,45.02L447.48,44.94L448.16,44.50L448.60,44.61L449.27,44.97L449.83,44.32L450.15,44.05L451.13,44.15L452.14,44.66L452.34,44.51L452.82,43.91L453.53,43.47L453.81,43.41L454.38,43.48L454.71,43.17L455.18,42.88L455.80,42.69L457.00,42.52L457.98,42.53L456.65,43.29L456.41,43.56L456.30,44.21L456.72,44.29L457.41,43.71L458.94,42.77L459.71,42.50L459.73,42.76L459.73,43.66L460.43,43.49L460.87,43.25L461.73,42.38L462.69,42.27L463.27,42.27L463.49,42.42L463.11,42.68L462.77,42.94L462.84,43.18L462.52,43.59L463.45,43.71L463.67,43.26L464.57,42.61L464.99,42.63L466.67,43.19L467.34,43.32L468.27,43.34L468.92,43.58L469.02,43.85L467.81,44.24L466.66,44.28L464.43,44.23L464.62,44.31L465.20,44.62L466.26,44.90L466.64,45.20L467.37,45.15L468.05,45.05L468.88,45.08L469.59,45.33L469.19,45.62L468.67,45.82L467.85,45.85L467.08,45.97L466.06,46.46L465.04,47.13L464.35,47.43L464.35,47.23L464.45,46.86L465.32,45.94L465.28,45.67L464.40,45.33L463.73,45.21L462.60,44.78L462.05,44.78L461.49,44.85L459.49,44.95L458.62,45.32L458.05,45.74L457.80,46.18L457.72,46.68L457.53,47.18L456.28,47.65L455.70,48.02L455.39,47.87L454.10,47.38L452.44,47.61L451.03,47.56L450.49,47.44L449.63,46.84L448.64,46.23L448.15,46.15L447.80,46.25L446.79,46.90L446.67,46.84L446.26,46.81L445.40,46.85L445.12,47.92L444.95,48.36L444.68,48.61L444.36,48.60L443.69,48.47L442.72,48.33L440.98,47.94L440.82,48.12L440.80,48.78L440.71,48.98L440.39,49.28L439.70,49.28L438.83,49.19L438.55,49.17L438.08,49.34L436.60,50.52L436.65,50.73L436.82,51.24L436.63,51.58L436.02,51.93L434.69,52.85L434.01,53.29L433.03,53.31L432.90,53.56L432.85,54.53L432.52,55.12L432.14,55.59L431.57,56.09L431.07,56.64L431.41,56.76L431.79,57.03L432.05,57.62L431.88,57.79L431.43,57.97L430.70,58.01L429.77,57.98L429.15,58.09L428.54,58.35L427.92,58.83L427.53,59.32L427.46,59.99L427.11,61.08L427.76,61.81L427.42,62.98L428.00,63.37L428.72,63.56L429.02,63.80L428.58,64.47L427.64,64.63L428.21,65.36L428.47,65.79L428.23,66.14L428.20,66.67L427.43,67.05L427.01,67.07L426.90,67.49L426.39,67.71L426.61,68.54L426.29,69.28L425.88,69.29L425.73,68.95L425.43,68.82"]
        RenderPath {path} at (446.72,144.68) size 23.75x22.56 [stroke={[type=SOLID] [color=#808080] [stroke width=0.20]}] [fill={[type=SOLID] [color=#001500]}] [data="M464.35,47.43L464.33,47.71L464.07,48.18L464.18,48.71L464.75,48.92L465.62,49.11L466.58,49.62L467.12,50.01L466.70,50.38L465.40,51.15L465.07,51.45L466.48,52.84L467.25,54.04L467.05,54.39L466.61,54.93L466.42,55.33L466.39,55.70L466.77,56.21L468.05,57.61L468.20,57.86L468.14,58.11L467.60,58.53L467.28,58.72L467.71,59.05L469.07,59.55L469.77,59.81L470.21,60.21L470.37,60.55L470.27,60.96L469.84,61.50L469.25,62.03L467.86,62.79L465.88,63.99L463.93,65.13L463.76,65.42L462.82,65.62L461.63,65.81L461.48,65.99L460.97,65.77L460.45,65.92L460.40,66.05L459.71,65.98L459.52,65.88L459.58,65.49L459.34,66.01L459.07,66.15L458.44,66.20L458.11,66.23L458.01,66.50L457.42,66.17L457.13,66.45L456.45,66.51L456.11,66.69L456.06,66.56L455.56,66.67L455.05,66.78L454.84,67.04L454.53,66.89L453.86,67.02L453.82,66.90L453.16,67.12L452.61,67.13L452.13,67.16L451.65,66.90L451.42,66.63L451.70,66.29L450.85,66.31L450.33,66.49L450.40,66.10L449.95,66.18L449.31,65.91L448.90,65.85L448.48,65.62L448.22,65.21L448.19,64.50L448.35,64.12L448.40,63.69L448.49,63.46L448.14,62.97L447.71,62.60L448.01,61.94L447.99,61.55L447.68,61.34L447.31,61.25L447.38,60.95L447.67,60.62L448.31,60.33L448.45,60.15L448.34,59.81L448.72,59.67L449.35,59.80L449.63,59.86L450.11,59.64L450.41,59.21L450.52,58.75L450.72,58.48L451.02,58.80L451.30,58.80L452.97,57.68L454.11,57.03L454.95,56.45L455.98,56.05L456.85,56.08L456.91,55.78L456.78,55.63L456.42,55.47L456.54,55.10L456.69,54.72L456.36,54.44L455.22,54.35L454.38,53.90L453.79,53.87L453.68,53.64L453.35,53.33L453.14,52.80L453.64,52.00L453.61,51.60L453.21,50.92L452.70,50.28L452.71,49.76L452.77,49.34L452.00,48.79L451.49,48.56L449.91,48.35L448.82,48.06L447.54,47.40L446.92,46.94L446.77,46.90L447.79,46.25L448.14,46.15L448.63,46.23L449.62,46.84L450.48,47.43L451.02,47.56L452.43,47.61L454.09,47.38L455.37,47.87L455.68,48.02L456.27,47.65L457.52,47.18L457.70,46.68L457.78,46.18L458.04,45.74L458.61,45.32L459.48,44.95L461.48,44.85L462.03,44.78L462.59,44.78L463.71,45.21L464.39,45.32L465.27,45.67L465.31,45.94L464.44,46.86L464.34,47.23L464.34,47.43"]
        RenderPath {path} at (425.03,146.71) size 28.85x30.58 [stroke={[type=SOLID] [color=#808080] [stroke width=0.20]}] [fill={[type=SOLID] [color=#001200]}] [data="M453.80,53.87L453.57,53.87L452.59,54.03L452.14,54.13L451.24,53.74L450.90,53.57L450.55,53.68L449.91,54.05L449.37,54.65L449.06,54.80L448.40,54.82L447.86,55.17L448.18,55.41L448.33,55.60L447.98,55.88L447.07,56.28L447.39,56.55L447.77,56.71L448.10,57.01L447.35,57.38L446.95,57.81L446.58,58.27L444.99,58.94L444.29,59.22L443.83,59.02L443.51,59.10L442.97,59.64L442.32,59.78L441.66,60.13L441.44,60.41L441.25,60.56L440.51,60.59L440.29,60.56L440.44,61.09L439.95,61.52L439.00,61.33L439.22,61.86L439.46,62.11L439.21,63.07L438.72,63.13L438.50,63.33L438.69,64.09L438.68,64.64L439.06,65.08L438.77,65.25L439.70,65.34L439.92,65.52L440.42,65.44L441.08,66.04L441.50,66.35L442.36,66.51L442.56,66.92L442.88,67.06L442.90,67.39L442.51,67.39L442.00,67.72L441.14,68.02L440.64,68.18L440.12,68.17L439.98,68.05L439.17,67.94L438.51,67.76L437.88,67.69L437.74,67.80L437.30,67.68L437.04,67.98L437.86,67.91L438.35,68.18L438.95,68.22L439.15,68.43L439.63,68.50L439.65,68.38L440.27,68.44L440.53,68.25L440.82,68.26L441.30,68.15L441.53,68.24L441.56,68.09L441.72,68.09L441.93,68.24L441.90,68.32L441.18,68.34L441.40,68.63L440.61,68.89L440.44,69.18L440.06,69.26L439.97,69.17L440.01,69.01L439.99,68.73L439.74,68.75L439.65,69.21L439.14,69.55L438.90,69.61L438.54,69.54L438.53,69.75L437.11,69.79L437.27,70.25L437.78,70.51L437.85,71.11L437.74,71.44L437.46,71.50L437.15,71.43L437.19,71.86L437.48,71.94L437.35,72.21L437.59,72.44L437.23,72.80L437.01,73.26L436.96,73.82L436.20,74.86L435.62,75.57L435.45,75.51L435.01,75.27L434.40,75.46L433.14,75.38L433.03,75.69L432.78,75.60L432.26,75.87L431.96,76.39L432.32,76.72L431.95,77.10L431.46,76.97L431.29,76.93L430.13,77.20L429.02,77.08L429.02,76.94L429.21,76.86L429.15,76.68L429.43,76.38L428.79,75.85L428.38,75.38L428.16,75.10L428.69,74.99L428.61,74.68L429.03,74.75L429.18,74.51L428.99,74.27L428.70,74.29L428.41,73.91L427.88,73.69L427.25,72.70L426.97,72.70L426.98,72.29L426.72,71.93L426.37,71.63L426.59,71.14L426.80,70.80L426.38,70.65L425.98,70.75L425.92,70.46L425.51,70.51L425.33,69.31L425.11,69.18L425.42,68.82L425.71,68.95L425.86,69.29L426.27,69.28L426.59,68.54L426.37,67.71L426.88,67.49L427.00,67.07L427.41,67.05L428.18,66.67L428.21,66.14L428.46,65.79L428.20,65.36L427.63,64.63L428.57,64.47L429.00,63.80L428.70,63.56L427.99,63.37L427.40,62.98L427.74,61.81L427.09,61.08L427.44,59.99L427.52,59.32L427.90,58.83L428.52,58.35L429.14,58.10L429.75,57.98L430.68,58.01L431.42,57.97L431.86,57.80L432.03,57.62L431.78,57.03L431.39,56.76L431.06,56.64L431.55,56.09L432.12,55.60L432.51,55.13L432.83,54.53L432.89,53.56L433.01,53.31L433.99,53.29L434.68,52.85L436.00,51.93L436.62,51.58L436.80,51.24L436.63,50.73L436.58,50.52L438.07,49.34L438.53,49.18L438.81,49.19L439.68,49.29L440.38,49.28L440.70,48.98L440.78,48.78L440.80,48.12L440.97,47.94L442.70,48.33L443.67,48.47L444.34,48.60L444.66,48.62L444.93,48.37L445.10,47.92L445.38,46.85L446.24,46.81L446.65,46.84L446.77,46.91L446.92,46.94L447.53,47.40L448.82,48.06L449.90,48.35L451.48,48.56L451.99,48.79L452.76,49.35L452.70,49.76L452.70,50.29L453.20,50.92L453.61,51.61L453.64,52.00L453.14,52.80L453.35,53.33L453.67,53.64L453.79,53.88"]
        RenderPath {path} at (0.02,440.53) size 800.20x59.69 [stroke={[type=SOLID] [color=#808080] [stroke width=0.20]}] [fill={[type=SOLID] [color=#C0C0C0]}] [data="M238.11,361.75L238.62,361.07L239.48,361.07L240.68,360.55L240.51,359.69L237.42,360.04L235.36,360.55L233.82,360.21L233.30,359.35L234.67,358.83L235.88,358.66L238.97,358.49L240.34,357.98L240.17,356.95L241.03,356.43L241.03,355.05L239.70,354.00L240.68,353.51L241.89,353.17L243.43,352.99L244.29,353.34L245.15,354.20L246.18,355.57L247.55,356.77L248.58,358.14L248.07,360.21L246.52,360.72L244.98,361.58L241.54,361.75L238.11,361.75M172.69,360.38L175.78,359.69L179.04,359.69L184.53,359.69L187.45,360.89L184.71,361.58L180.95,361.24L175.78,360.89L172.69,360.38M65.13,371.08L66.32,370.82L67.72,370.95L68.51,371.42L66.52,371.42L65.13,371.08M277.94,379.95L278.46,378.75L280.86,377.72L283.61,377.55L285.67,377.38L287.22,376.52L287.56,374.98L288.93,374.29L292.02,373.60L296.49,373.60L298.89,373.60L302.33,374.29L303.01,376.18L303.01,377.38L300.95,378.58L289.11,379.61L277.94,379.95M36.00,376.43L37.21,375.58L39.27,375.23L43.39,375.75L47.68,377.12L46.79,377.60L44.08,377.81L39.78,377.29L36.01,376.43M777.84,385.46L781.67,385.85L782.57,385.88L782.89,386.11L784.09,386.41L786.42,386.50L788.54,386.49L793.76,386.82L796.81,387.17L797.95,387.11L798.71,387.14L800.12,387.51L800.12,389.68L800.12,391.91L800.12,394.13L800.12,396.35L800.12,398.58L800.12,400.13L800.08,400.13L797.86,400.13L795.64,400.13L793.42,400.13L791.19,400.13L788.97,400.13L786.75,400.13L784.53,400.13L782.30,400.13L780.08,400.13L777.86,400.13L775.64,400.13L773.41,400.13L771.19,400.13L768.97,400.13L766.75,400.13L764.52,400.13L762.30,400.13L760.08,400.13L757.86,400.13L755.63,400.13L753.41,400.13L751.19,400.13L748.97,400.13L746.74,400.13L744.52,400.13L742.30,400.13L740.08,400.13L737.85,400.13L735.63,400.13L733.41,400.13L731.18,400.13L728.96,400.13L726.74,400.13L724.52,400.13L722.29,400.13L720.07,400.13L717.85,400.13L715.63,400.13L713.41,400.13L711.18,400.13L708.96,400.13L706.74,400.13L704.52,400.13L702.29,400.13L700.07,400.13L697.85,400.13L695.62,400.13L693.40,400.13L691.18,400.13L688.96,400.13L686.73,400.13L684.51,400.13L682.29,400.13L680.07,400.13L677.84,400.13L675.62,400.13L673.40,400.13L671.18,400.13L668.95,400.13L666.73,400.13L664.51,400.13L662.29,400.13L660.06,400.13L657.84,400.13L655.62,400.13L653.40,400.13L651.17,400.13L648.95,400.13L646.73,400.13L644.51,400.13L642.28,400.13L640.06,400.13L637.84,400.13L635.61,400.13L633.39,400.13L631.17,400.13L628.95,400.13L626.72,400.13L624.50,400.13L622.28,400.13L620.06,400.13L617.84,400.13L615.61,400.13L613.39,400.13L611.17,400.13L608.95,400.13L606.72,400.13L604.50,400.13L602.28,400.13L600.09,400.13L600.05,400.13L597.83,400.13L595.61,400.13L593.39,400.13L591.16,400.13L588.94,400.13L586.72,400.13L584.50,400.13L582.27,400.13L580.05,400.13L577.83,400.13L575.61,400.13L573.38,400.13L571.16,400.13L568.94,400.13L566.72,400.13L564.49,400.13L562.27,400.13L560.05,400.13L557.83,400.13L555.60,400.13L553.38,400.13L551.16,400.13L548.94,400.13L546.71,400.13L544.49,400.13L542.27,400.13L540.04,400.13L537.82,400.13L535.60,400.13L533.38,400.13L531.16,400.13L528.93,400.13L526.71,400.13L524.49,400.13L522.27,400.13L520.04,400.13L517.82,400.13L515.60,400.13L513.38,400.13L511.15,400.13L508.93,400.13L506.71,400.13L504.48,400.13L502.26,400.13L500.04,400.13L497.82,400.13L495.59,400.13L493.37,400.13L491.15,400.13L488.93,400.13L486.70,400.13L484.48,400.13L482.26,400.13L480.04,400.13L477.81,400.13L475.59,400.13L473.37,400.13L471.15,400.13L468.92,400.13L466.70,400.13L464.48,400.13L462.26,400.13L460.03,400.13L457.81,400.13L455.59,400.13L453.37,400.13L451.14,400.13L448.92,400.13L446.70,400.13L444.48,400.13L442.25,400.13L440.03,400.13L437.81,400.13L435.58,400.13L433.36,400.13L431.14,400.13L428.92,400.13L426.70,400.13L424.47,400.13L422.25,400.13L420.03,400.13L417.80,400.13L415.58,400.13L413.36,400.13L411.14,400.13L408.92,400.13L406.69,400.13L404.47,400.13L402.25,400.13L400.07,400.13L397.84,400.13L395.62,400.13L393.40,400.13L391.18,400.13L388.95,400.13L386.73,400.13L384.51,400.13L382.29,400.13L380.07,400.13L377.84,400.13L375.62,400.13L373.40,400.13L371.18,400.13L368.95,400.13L366.73,400.13L364.51,400.13L362.29,400.13L360.07,400.13L357.85,400.13L355.62,400.13L353.40,400.13L351.18,400.13L348.96,400.13L346.73,400.13L344.51,400.13L342.29,400.13L340.07,400.13L337.85,400.13L335.62,400.13L333.40,400.13L331.18,400.13L328.96,400.13L326.73,400.13L324.51,400.13L322.29,400.13L320.07,400.13L317.85,400.13L315.62,400.13L313.40,400.13L311.18,400.13L308.96,400.13L306.74,400.13L304.51,400.13L302.29,400.13L300.07,400.13L297.85,400.13L295.63,400.13L293.40,400.13L291.18,400.13L288.96,400.13L286.74,400.13L284.52,400.13L282.29,400.13L280.07,400.13L277.85,400.13L275.63,400.13L273.40,400.13L271.18,400.13L268.96,400.13L266.74,400.13L264.52,400.13L262.29,400.13L260.07,400.13L257.85,400.13L255.63,400.13L253.41,400.13L251.18,400.13L248.96,400.13L246.74,400.13L244.52,400.13L242.29,400.13L240.07,400.13L237.85,400.13L235.63,400.13L233.41,400.13L231.18,400.13L228.96,400.13L226.74,400.13L224.52,400.13L222.30,400.13L220.07,400.13L217.85,400.13L215.63,400.13L213.41,400.13L211.19,400.13L208.96,400.13L206.74,400.13L204.52,400.13L202.30,400.13L200.07,400.13L197.85,400.13L195.63,400.13L193.41,400.13L191.19,400.13L188.96,400.13L186.74,400.13L184.52,400.13L182.30,400.13L180.08,400.13L177.85,400.13L175.63,400.13L173.41,400.13L171.19,400.13L168.96,400.13L166.74,400.13L164.52,400.13L162.30,400.13L160.08,400.13L157.85,400.13L155.63,400.13L153.41,400.13L151.19,400.13L148.97,400.13L146.74,400.13L144.52,400.13L142.30,400.13L140.08,400.13L137.86,400.13L135.63,400.13L133.41,400.13L131.19,400.13L128.97,400.13L126.75,400.13L124.52,400.13L122.30,400.13L120.08,400.13L117.86,400.13L115.64,400.13L113.41,400.13L111.19,400.13L108.97,400.13L106.75,400.13L104.52,400.13L102.30,400.13L100.08,400.13L97.86,400.13L95.64,400.13L93.41,400.13L91.19,400.13L88.97,400.13L86.75,400.13L84.53,400.13L82.30,400.13L80.08,400.13L77.86,400.13L75.64,400.13L73.42,400.13L71.19,400.13L68.97,400.13L66.75,400.13L64.53,400.13L62.30,400.13L60.08,400.13L57.86,400.13L55.64,400.13L53.42,400.13L51.19,400.13L48.97,400.13L46.75,400.13L44.53,400.13L42.31,400.13L40.08,400.13L37.86,400.13L35.64,400.13L33.42,400.13L31.19,400.13L28.97,400.13L26.75,400.13L24.53,400.13L22.31,400.13L20.08,400.13L17.86,400.13L15.64,400.13L13.42,400.13L11.20,400.13L9.01,400.13L6.79,400.13L4.57,400.13L2.35,400.13L0.12,400.13L0.12,398.58L0.12,396.36L0.12,394.14L0.12,391.92L0.12,389.69L0.12,387.47L4.07,387.77L14.20,387.77L22.09,388.28L28.96,388.45L37.55,389.31L43.90,389.83L52.66,390.00L57.47,389.83L63.99,389.65L66.40,390.00L70.00,389.14L86.31,389.48L90.95,389.47L92.10,389.01L77.73,388.45L68.11,387.77L65.88,387.77L62.79,387.59L61.93,387.42L60.39,387.08L59.89,386.62L60.04,385.19L60.73,384.33L62.62,383.64L59.36,382.96L57.12,382.61L56.17,382.11L57.76,381.59L54.87,380.99L51.80,380.78L51.69,380.52L54.55,380.21L57.30,380.21L63.82,380.55L67.26,380.55L69.83,380.89L74.47,379.69L76.87,379.01L74.12,377.98L70.35,377.12L65.96,376.71L63.31,376.09L60.04,375.92L57.12,375.92L54.21,375.06L56.78,374.54L58.06,374.20L56.78,373.68L53.86,374.20L52.66,374.20L50.94,373.86L49.05,373.00L49.40,371.80L51.35,371.73L53.00,371.45L57.98,371.45L62.61,371.95L65.88,372.66L67.25,372.83L71.72,371.97L75.81,372.21L75.81,371.48L75.88,370.89L73.62,370.16L70.69,370.08L68.11,369.74L70.52,369.05L74.64,369.22L76.36,368.88L79.45,368.36L82.54,368.02L88.20,367.33L92.67,366.99L96.62,366.47L101.08,365.96L103.83,366.30L109.50,366.30L113.96,366.56L118.08,366.05L125.98,366.39L133.54,365.70L136.63,365.87L138.17,365.18L139.72,365.70L145.04,365.53L145.16,364.66L146.92,364.37L148.35,364.69L148.94,365.24L148.51,366.06L150.88,366.39L152.26,366.12L152.25,365.18L153.69,364.92L155.17,365.18L155.38,366.22L154.37,366.64L154.89,367.42L157.92,367.07L159.81,367.42L163.24,367.59L165.82,366.90L169.60,366.99L174.46,367.32L176.81,367.33L178.26,367.44L178.95,366.91L178.34,366.62L176.14,366.50L177.44,366.22L177.48,365.81L177.12,365.57L175.73,365.69L175.04,365.73L174.18,364.75L172.00,364.41L171.33,364.22L171.14,363.55L175.20,364.02L179.07,363.77L177.85,363.28L171.82,363.12L171.04,363.04L170.39,362.55L170.39,361.73L172.69,361.84L173.53,362.51L178.83,362.30L186.08,363.04L188.49,362.87L191.75,362.70L196.21,362.87L199.48,363.04L201.54,362.52L202.22,361.84L203.43,361.84L203.77,362.87L206.35,363.21L208.75,362.87L209.61,363.38L213.04,364.07L216.82,364.41L218.88,364.58L219.91,364.07L220.60,362.87L223.34,362.70L224.37,363.21L226.09,363.90L229.18,363.73L232.62,363.98L236.74,363.64L241.72,363.12L247.21,362.27L250.30,361.75L251.50,361.06L251.50,359.69L250.13,358.49L249.27,356.94L248.07,356.26L247.73,355.23L248.93,354.20L250.64,353.85L251.50,352.65L251.16,351.79L250.99,350.76L249.79,350.25L250.13,348.70L252.02,348.53L254.42,347.16L255.97,346.64L256.83,345.78L257.86,345.10L260.77,343.89L264.38,343.38L266.79,342.18L269.19,342.00L271.42,340.97L272.97,340.63L273.31,341.66L271.93,342.18L270.90,342.52L269.70,343.04L268.85,343.04L267.64,343.04L264.72,344.24L263.69,344.92L261.98,346.30L261.80,347.50L261.12,348.19L259.74,347.84L258.71,347.84L257.51,348.36L256.31,349.05L255.28,349.73L254.59,350.93L255.11,351.62L255.79,352.31L257.17,352.65L258.71,352.65L259.57,353.17L260.26,354.37L261.80,355.92L262.49,356.77L263.52,357.46L264.21,358.84L265.07,360.21L265.41,361.76L265.07,362.61L264.21,364.33L261.29,366.22L260.09,366.39L259.06,367.25L257.34,368.28L254.08,368.62L249.10,369.48L246.69,369.83L243.77,370.51L236.40,370.37L231.84,370.05L231.07,369.65L229.35,369.31L227.63,368.97L226.26,368.97L225.40,369.48L225.92,370.34L227.98,371.03L232.10,372.23L237.09,372.27L238.30,373.03L235.02,373.60L229.35,373.26L224.37,372.74L221.27,372.46L219.12,372.71L219.95,373.41L221.11,373.95L224.37,374.12L226.60,374.12L227.98,374.46L227.73,374.86L226.95,374.98L224.72,375.49L219.57,375.32L218.19,375.15L215.96,373.95L213.55,373.95L213.68,374.86L216.30,376.01L217.33,376.18L218.54,376.01L219.91,376.35L222.31,376.35L227.29,375.83L230.38,376.52L230.77,376.95L230.73,377.55L228.67,377.73L225.40,377.90L222.79,377.71L226.61,378.58L230.26,378.35L231.59,378.76L234.16,379.44L241.03,380.30L249.62,381.16L260.26,382.53L266.79,383.05L268.85,383.91L269.54,384.94L272.63,384.59L277.95,383.05L284.47,382.36L286.93,382.29L293.40,382.19L303.19,381.85L305.08,382.19L307.66,380.99L316.07,379.96L327.40,379.79L336.33,378.93L337.53,378.07L336.33,377.55L336.06,376.48L334.88,376.14L329.81,376.18L327.57,376.35L322.77,376.01L319.67,376.01L319.67,374.81L322.94,373.26L326.89,372.06L329.29,371.89L333.41,370.86L342.86,369.65L348.18,368.80L354.70,368.80L359.68,368.28L362.43,366.22L368.47,364.68L367.24,364.16L364.66,364.67L362.60,364.33L364.15,363.30L365.69,362.96L368.17,362.71L368.87,361.97L372.72,361.23L374.30,360.81L374.90,360.25L373.18,359.37L373.09,358.77L374.34,358.53L374.80,359.28L375.82,359.18L377.88,358.32L378.91,357.98L379.77,358.15L380.97,359.69L383.38,359.35L383.62,358.44L384.58,357.63L386.47,357.12L387.84,357.63L386.68,358.21L386.54,358.81L389.73,358.49L394.54,358.75L397.80,358.58L398.83,359.44L400.38,359.09L402.09,358.58L407.93,357.72L415.14,356.69L419.44,355.83L421.50,355.83L423.56,357.20L425.28,357.55L427.17,357.20L428.71,356.35L436.27,356.00L439.70,355.83L443.99,356.00L450.69,356.95L453.27,356.95L457.56,356.43L463.57,355.74L468.72,355.06L471.12,354.54L473.35,354.20L473.97,353.24L475.12,352.40L476.79,352.31L477.73,353.27L479.02,353.68L480.75,354.73L481.76,354.87L482.77,354.21L484.09,354.04L484.30,354.56L483.47,354.87L484.13,355.12L484.93,355.39L485.31,355.01L485.62,354.63L485.93,354.84L485.76,355.19L485.76,355.71L486.35,355.53L488.27,354.98L488.68,353.27L493.79,352.14L495.16,351.45L498.77,351.28L500.13,350.63L502.89,350.50L503.10,350.23L502.93,349.94L503.62,349.71L504.84,349.87L505.04,350.46L505.70,350.70L507.87,350.16L509.13,349.94L508.40,349.64L507.84,349.38L507.94,349.01L509.39,348.91L510.96,349.13L511.60,349.41L512.29,349.28L512.23,348.95L511.70,348.62L511.70,348.06L512.00,347.83L512.84,347.58L517.14,346.73L520.06,346.55L523.11,346.67L525.41,347.74L526.73,347.77L527.47,347.91L527.49,348.30L526.58,348.39L526.41,348.85L528.14,349.06L533.03,349.71L538.60,350.16L540.15,350.33L541.86,350.16L549.42,350.85L554.74,350.85L555.43,351.54L555.63,352.61L554.90,353.84L554.23,354.28L553.80,355.39L553.07,355.71L552.17,355.31L551.34,355.71L550.61,356.67L552.11,357.13L552.71,357.17L553.67,356.58L554.08,356.95L553.21,358.00L552.00,358.06L550.28,359.43L550.28,360.29L552.17,360.98L555.09,360.98L556.81,360.12L558.70,358.57L560.41,356.86L561.79,356.17L565.91,355.14L568.14,354.45L571.40,354.11L573.46,353.08L574.49,352.05L577.93,351.02L580.33,350.33L582.39,349.64L584.45,349.47L590.63,348.79L594.41,348.96L595.62,348.41L595.78,347.76L596.33,347.00L596.82,346.89L597.29,347.67L597.59,348.45L602.48,348.10L608.32,348.10L613.30,347.92L616.39,348.27L618.50,348.05L619.83,348.14L620.85,348.73L622.04,347.97L624.75,346.92L626.62,346.70L627.28,346.67L627.88,346.64L628.65,346.58L630.16,346.89L631.33,346.72L634.94,347.41L638.71,347.75L639.74,347.75L640.81,348.33L641.55,348.42L643.70,348.33L644.97,348.06L646.29,347.63L646.09,347.41L646.38,346.88L647.82,346.75L648.74,346.66L649.53,346.72L651.72,346.22L653.82,346.72L654.51,347.41L654.88,347.85L656.72,347.71L657.65,347.67L658.63,347.92L660.52,348.61L663.44,349.13L666.36,348.79L670.48,348.53L672.71,348.18L675.11,348.18L678.64,348.50L679.34,347.74L681.49,347.58L682.36,348.71L687.27,349.04L688.18,347.90L690.07,347.31L696.06,347.32L696.82,347.04L698.81,347.15L698.38,345.75L698.43,344.94L699.67,344.58L700.54,345.85L699.89,346.93L700.70,347.15L703.51,347.63L708.77,348.01L714.26,348.35L716.54,348.94L717.82,349.08L719.22,348.91L721.42,349.36L723.39,349.19L724.10,349.47L723.67,349.90L723.52,350.25L723.81,350.37L725.89,350.70L726.97,351.19L729.68,351.05L730.05,351.65L731.09,351.88L735.90,352.39L735.78,352.93L736.34,353.16L739.04,353.07L742.25,353.25L741.92,352.26L742.63,352.17L743.44,352.60L743.77,353.30L744.90,353.59L747.58,354.11L750.15,353.76L754.17,354.76L755.79,355.26L757.47,356.13L759.09,356.15L759.60,356.34L760.13,356.32L760.88,356.27L761.66,356.32L762.55,356.91L763.10,357.02L763.64,357.10L763.78,356.84L764.25,356.84L765.73,356.79L767.15,357.02L773.10,357.56L773.83,358.08L775.56,358.40L778.54,359.34L778.97,359.01L779.52,359.20L779.98,359.87L779.24,360.08L778.11,360.25L777.90,360.61L778.07,360.87L778.61,360.83L778.59,361.49L778.16,361.45L778.07,361.73L777.75,361.80L777.16,362.43L776.63,362.55L776.08,362.83L775.91,363.50L774.31,363.60L772.97,363.36L771.17,363.72L769.02,364.14L766.39,364.91L767.66,366.01L765.76,366.22L764.53,365.97L763.76,366.18L763.72,366.82L761.35,366.99L761.48,367.50L762.41,368.13L762.28,368.89L761.90,368.98L761.43,369.45L761.98,369.91L762.07,370.68L761.30,371.10L761.94,371.36L762.70,371.36L763.47,371.61L763.81,372.12L763.98,372.84L765.26,372.65L766.10,373.56L768.13,373.86L768.47,374.20L771.14,374.75L767.03,374.75L764.23,374.89L761.90,375.43L760.08,375.34L759.27,375.55L757.66,375.89L756.33,375.57L755.79,376.00L756.90,376.53L756.40,376.98L755.73,377.17L754.61,377.92L751.99,378.57L752.47,378.96L754.67,378.85L755.20,378.85L756.01,379.15L756.18,379.52L756.68,379.70L757.10,379.88L757.21,380.77L757.42,381.27L760.61,381.55L763.49,382.50L767.15,383.30L772.30,384.50L773.76,384.57L774.77,384.74L774.63,384.97L772.96,385.23L772.49,385.50L773.66,385.59L775.86,385.29L777.84,385.46"]
        RenderSVGContainer {g} at (53.90,393.90) size 33.10x12.20
          RenderPath {circle} at (53.90,393.90) size 12.20x12.20 [stroke={[type=SOLID] [color=#808080] [stroke width=0.20]}] [fill={[type=SOLID] [color=#002700]}] [data="M66.00,300.00L65.99,300.38L65.95,300.75L65.89,301.12L65.81,301.49L65.71,301.85L65.58,302.21L65.43,302.55L65.26,302.89L65.07,303.21L64.85,303.53L64.62,303.82L64.37,304.11L64.11,304.37L63.82,304.62L63.53,304.85L63.21,305.07L62.89,305.26L62.55,305.43L62.21,305.58L61.85,305.71L61.49,305.81L61.12,305.89L60.75,305.95L60.38,305.99L60.00,306.00L59.62,305.99L59.25,305.95L58.88,305.89L58.51,305.81L58.15,305.71L57.79,305.58L57.45,305.43L57.11,305.26L56.79,305.07L56.47,304.85L56.18,304.62L55.89,304.37L55.63,304.11L55.38,303.82L55.15,303.53L54.93,303.21L54.74,302.89L54.57,302.55L54.42,302.21L54.29,301.85L54.19,301.49L54.11,301.12L54.05,300.75L54.01,300.38L54.00,300.00L54.01,299.62L54.05,299.25L54.11,298.88L54.19,298.51L54.29,298.15L54.42,297.79L54.57,297.45L54.74,297.11L54.93,296.79L55.15,296.47L55.38,296.18L55.63,295.89L55.89,295.63L56.18,295.38L56.47,295.15L56.79,294.93L57.11,294.74L57.45,294.57L57.79,294.42L58.15,294.29L58.51,294.19L58.88,294.11L59.25,294.05L59.62,294.01L60.00,294.00L60.38,294.01L60.75,294.05L61.12,294.11L61.49,294.19L61.85,294.29L62.21,294.42L62.55,294.57L62.89,294.74L63.21,294.93L63.53,295.15L63.82,295.38L64.11,295.63L64.37,295.89L64.62,296.18L64.85,296.47L65.07,296.79L65.26,297.11L65.43,297.45L65.58,297.79L65.71,298.15L65.81,298.51L65.89,298.88L65.95,299.25L65.99,299.62"]
          RenderSVGText {text} at (68,304) size 800x9 [color=#808080]
            RenderSVGInlineText {#text} at (0,-7) size 19x9
              text run at (0,-7) width 19: "Other"
      RenderSVGText {text} at (10,9) size 800x9 [color=#808080]
        RenderSVGInlineText {#text} at (0,-7) size 611x9
          text run at (0,-7) width 611: "Based on map data marked \x{A9} copyright iMapping Ltd. Used without permission under the auspices of Fair Use to improve interoperability. Source: http://www.wherearewe.co.nz/svg.html"
      RenderSVGText {text} at (280,330) size 800x36 [color=#FF0000]
        RenderSVGInlineText {#text} at (0,-28) size 236x36
          text run at (0,-28) width 236: "Test not yet started."
