layer at (0,0) size 800x600
  RenderView at (0,0) size 800x600
layer at (0,0) size 800x156
  RenderBlock {HTML} at (0,0) size 800x156
    RenderBody {BODY} at (8,8) size 784x140
      RenderBlock {DIV} at (0,0) size 784x40
        RenderText {#text} at (0,0) size 767x37
          text run at (0,0) width 679: "This tests that a full screen element in a lower stacking context blocks a sibling in a higher stacking context. "
          text run at (679,0) width 88: "After entering"
          text run at (0,19) width 335: "full screen mode, only a black box should be visible. "
          text run at (335,19) width 38: "Click "
        RenderButton {BUTTON} at (375,20) size 89x18 [bgcolor=#C0C0C0] [border: (2px outset #C0C0C0) none (2px outset #C0C0C0)]
          RenderBlock (anonymous) at (8,2) size 73x13
            RenderText {#text} at (0,0) size 73x13
              text run at (0,0) width 73: "go full screen"
        RenderText {#text} at (466,19) size 93x18
          text run at (466,19) width 93: " to run the test."
layer at (58,98) size 100x100
  RenderBlock (relative positioned) {DIV} at (0,40) size 100x100 [bgcolor=#FF0000]
layer at (0,0) size 800x600
  RenderFullScreen zI: 2147483647 at (0,0) size 800x600 [bgcolor=#000000]
layer at (0,0) size 800x600
  RenderVideo {VIDEO} at (0,0) size 800x600
