layer at (0,0) size 800x600
  RenderView at (0,0) size 800x600
layer at (0,0) size 800x114
  RenderBlock {HTML} at (0,0) size 800x114
    RenderBody {BODY} at (8,8) size 784x98
      RenderBlock {DIV} at (0,0) size 784x40
        RenderText {#text} at (0,0) size 757x37
          text run at (0,0) width 557: "This tests that an element with a positive z-index appears behind the full screen element. "
          text run at (557,0) width 200: "After entering full screen mode,"
          text run at (0,19) width 224: "only a green box should be visible. "
          text run at (224,19) width 38: "Click "
        RenderButton {BUTTON} at (264,20) size 89x18 [bgcolor=#C0C0C0] [border: (2px outset #C0C0C0) none (2px outset #C0C0C0)]
          RenderBlock (anonymous) at (8,2) size 73x13
            RenderText {#text} at (0,0) size 73x13
              text run at (0,0) width 73: "go full screen"
        RenderText {#text} at (355,19) size 93x18
          text run at (355,19) width 93: " to run the test."
layer at (58,73) size 108x58
  RenderBlock (relative positioned) zI: 500 {DIV} at (0,40) size 108x58 [bgcolor=#FF0000] [border: (4px solid #8B0000)]
layer at (0,0) size 800x600
  RenderFullScreen zI: 2147483647 at (0,0) size 800x600 [bgcolor=#000000]
    RenderBlock {DIV} at (296,246) size 208x108 [bgcolor=#008000] [border: (4px solid #006400)]
