layer at (0,0) size 846x600
  RenderView at (0,0) size 800x600
layer at (0,0) size 846x600
  RenderBlock {HTML} at (0,0) size 800x600
    RenderBody {BODY} at (8,8) size 784x584
      RenderBlock {H1} at (0,0) size 784x32
        RenderText {#text} at (0,1) size 195x30
          text run at (0,1) width 195: "Cloning nodes"
      RenderBlock {DIV} at (0,50) size 784x72 [bgcolor=#FFFF00] [border: (2px ridge #000000)]
        RenderInline {SPAN} at (0,0) size 836x66
          RenderText {#text} at (2,3) size 66x32
            text run at (2,3) width 66: "Bold"
          RenderInline {SPAN} at (0,0) size 770x32
            RenderText {#text} at (68,3) size 222x32
              text run at (68,3) width 222: "Bold+Underline"
            RenderInline {SPAN} at (0,0) size 308x32
              RenderText {#text} at (290,3) size 308x32
                text run at (290,3) width 308: "Bold+Underline+Italic"
            RenderText {#text} at (598,3) size 240x32
              text run at (598,3) width 240: "Bold+Uunderline"
          RenderText {#text} at (2,37) size 66x32
            text run at (2,37) width 66: "Bold"
        RenderText {#text} at (0,0) size 0x0
      RenderBlock (anonymous) at (0,122) size 784x16
        RenderText {#text} at (0,0) size 187x16
          text run at (0,0) width 187: "Cloned Node with deep=false"
      RenderBlock {DIV} at (0,138) size 784x38 [bgcolor=#FFFF00] [border: (2px ridge #000000)]
        RenderBR {BR} at (2,3) size 0x32
      RenderBlock (anonymous) at (0,176) size 784x16
        RenderText {#text} at (0,0) size 181x16
          text run at (0,0) width 181: "Cloned Node with deep=true"
      RenderBlock {DIV} at (0,192) size 784x72 [bgcolor=#FFFF00] [border: (2px ridge #000000)]
        RenderInline {SPAN} at (0,0) size 836x66
          RenderText {#text} at (2,3) size 66x32
            text run at (2,3) width 66: "Bold"
          RenderInline {SPAN} at (0,0) size 770x32
            RenderText {#text} at (68,3) size 222x32
              text run at (68,3) width 222: "Bold+Underline"
            RenderInline {SPAN} at (0,0) size 308x32
              RenderText {#text} at (290,3) size 308x32
                text run at (290,3) width 308: "Bold+Underline+Italic"
            RenderText {#text} at (598,3) size 240x32
              text run at (598,3) width 240: "Bold+Uunderline"
          RenderText {#text} at (2,37) size 66x32
            text run at (2,37) width 66: "Bold"
        RenderText {#text} at (0,0) size 0x0
