layer at (0,0) size 800x600
  RenderView at (0,0) size 800x600
layer at (0,0) size 800x44
  RenderBlock {HTML} at (0,0) size 800x44 [color=#008000]
    RenderBody {BODY} at (8,14) size 784x16
      RenderBlock {P} at (0,0) size 784x16
        RenderText {#text} at (0,0) size 161x16
          text run at (0,0) width 161: "This line should be green."
