layer at (0,0) size 800x600
  RenderView at (0,0) size 800x600
layer at (0,0) size 800x600
  RenderBlock {HTML} at (0,0) size 800x600
    RenderBody {BODY} at (8,8) size 784x578
      RenderBlock {P} at (0,0) size 784x32
        RenderText {#text} at (0,0) size 777x32
          text run at (0,0) width 777: "This test checks to see whether setting a css value including !important on an inline style property works. The text should be"
          text run at (0,16) width 119: "green if successful."
      RenderBlock {HR} at (0,46) size 784x2 [border: (1px inset #000000)]
      RenderBlock {P} at (0,62) size 784x16 [color=#008000]
        RenderText {#text} at (0,0) size 149x16
          text run at (0,0) width 149: "This is the test element."
      RenderBlock {HR} at (0,92) size 784x2 [border: (1px inset #000000)]
      RenderBlock {OL} at (0,108) size 784x0
