layer at (0,0) size 800x600
  RenderView at (0,0) size 800x600
layer at (0,0) size 800x600
  RenderBlock {HTML} at (0,0) size 800x600
    RenderBody {BODY} at (8,8) size 784x584
      RenderBlock {H1} at (0,0) size 784x38
        RenderText {#text} at (0,0) size 406x38
          text run at (0,0) width 406: "DOMParser/XMLSerializer test"
      RenderBlock {DIV} at (0,56) size 784x38
        RenderText {#text} at (0,0) size 777x38
          text run at (0,0) width 777: "The \"text to parse\" and \"document object serialized\" boxes should show the same text, and it should be an XML document,"
          text run at (0,19) width 151: "not \"@@No result@@\"."
      RenderBlock {DIV} at (0,94) size 784x221 [border: (1px solid #000000)]
        RenderBlock (anonymous) at (1,1) size 782x20
          RenderInline {SPAN} at (0,0) size 86x20 [color=#800000]
            RenderText {#text} at (0,0) size 86x20
              text run at (0,0) width 86: "text to parse"
          RenderText {#text} at (0,0) size 0x0
        RenderBlock {PRE} at (29,35) size 754x171
          RenderText {#text} at (0,1) size 536x169
            text run at (0,1) width 168: "<?xml version=\"1.0\"?>"
            text run at (168,1) width 0: " "
            text run at (0,20) width 424: "<?xml-stylesheet href=\"display.css\" type=\"text/css\"?>"
            text run at (424,20) width 0: " "
            text run at (0,39) width 120: "<!DOCTYPE doc ["
            text run at (120,39) width 0: " "
            text run at (0,58) width 216: "<!ATTLIST d id ID #IMPLIED>"
            text run at (216,58) width 0: " "
            text run at (0,77) width 16: "]>"
            text run at (16,77) width 0: " "
            text run at (0,96) width 40: "<doc>"
            text run at (40,96) width 0: " "
            text run at (0,115) width 536: "  <foo xmlns=\"foobar\">One</foo> <x:bar xmlns:x=\"barfoo\">Two</x:bar>"
            text run at (536,115) width 0: " "
            text run at (0,134) width 184: "  <d id=\"id3\">Three</d>"
            text run at (184,134) width 0: " "
            text run at (0,153) width 48: "</doc>"
            text run at (48,153) width 0: " "
      RenderBlock {DIV} at (0,322) size 784x69 [border: (1px solid #000000)]
        RenderBlock (anonymous) at (1,1) size 782x20
          RenderInline {SPAN} at (0,0) size 116x20 [color=#800000]
            RenderText {#text} at (0,0) size 116x20
              text run at (0,0) width 116: "document object"
          RenderText {#text} at (0,0) size 0x0
        RenderBlock {PRE} at (29,35) size 754x19
          RenderText {#text} at (0,1) size 136x17
            text run at (0,1) width 136: "[object Document]"
      RenderBlock {DIV} at (0,398) size 784x126 [border: (1px solid #000000)]
        RenderBlock (anonymous) at (1,1) size 782x20
          RenderInline {SPAN} at (0,0) size 185x20 [color=#800000]
            RenderText {#text} at (0,0) size 185x20
              text run at (0,0) width 185: "document object serialized"
          RenderText {#text} at (0,0) size 0x0
        RenderBlock {PRE} at (29,35) size 754x76
          RenderText {#text} at (0,1) size 576x74
            text run at (0,1) width 576: "<!DOCTYPE doc><?xml-stylesheet href=\"display.css\" type=\"text/css\"?><doc>"
            text run at (576,1) width 0: " "
            text run at (0,20) width 536: "  <foo xmlns=\"foobar\">One</foo> <x:bar xmlns:x=\"barfoo\">Two</x:bar>"
            text run at (536,20) width 0: " "
            text run at (0,39) width 184: "  <d id=\"id3\">Three</d>"
            text run at (184,39) width 0: " "
            text run at (0,58) width 48: "</doc>"
