layer at (0,0) size 356x746
  RenderView at (0,0) size 96x26
layer at (0,0) size 356x746
  RenderBlock {HTML} at (0,0) size 96x746
    RenderBody {BODY} at (8,8) size 80x730
      RenderBlock {H1} at (0,0) size 80x64
        RenderText {#text} at (0,1) size 348x62
          text run at (0,1) width 348: "DOMParser/XMLSerializer"
          text run at (0,33) width 50: "test"
      RenderBlock {DIV} at (0,82) size 80x224
        RenderText {#text} at (0,0) size 80x224
          text run at (0,0) width 73: "The \"text to"
          text run at (0,16) width 69: "parse\" and"
          text run at (0,32) width 66: "\"document"
          text run at (0,48) width 37: "object"
          text run at (0,64) width 65: "serialized\""
          text run at (0,80) width 37: "boxes"
          text run at (0,96) width 78: "should show"
          text run at (0,112) width 58: "the same"
          text run at (0,128) width 65: "text, and it"
          text run at (0,144) width 80: "should be an"
          text run at (0,160) width 29: "XML"
          text run at (0,176) width 64: "document,"
          text run at (0,192) width 73: "not \"@@No"
          text run at (0,208) width 68: "result@@\"."
      RenderBlock {DIV} at (0,306) size 80x190 [border: (1px solid #000000)]
        RenderBlock (anonymous) at (1,1) size 78x32
          RenderInline {SPAN} at (0,0) size 43x32 [color=#800000]
            RenderText {#text} at (0,0) size 43x32
              text run at (0,0) width 43: "text to"
              text run at (0,16) width 39: "parse"
          RenderText {#text} at (0,0) size 0x0
        RenderBlock {PRE} at (29,47) size 50x128
          RenderText {#text} at (0,0) size 288x128
            text run at (0,0) width 84: "<?xml version=\"1.0\"?>"
            text run at (84,0) width 0: " "
            text run at (0,16) width 60: "<!DOCTYPE doc ["
            text run at (60,16) width 0: " "
            text run at (0,32) width 108: "<!ATTLIST d id ID #IMPLIED>"
            text run at (108,32) width 0: " "
            text run at (0,48) width 8: "]>"
            text run at (8,48) width 0: " "
            text run at (0,64) width 20: "<doc>"
            text run at (20,64) width 0: " "
            text run at (0,80) width 268: "  <foo xmlns=\"foobar\">One</foo> <x:bar xmlns:x=\"barfoo\">Two</x:bar>"
            text run at (268,80) width 0: " "
            text run at (0,96) width 92: "  <d id=\"id3\">Three</d>"
            text run at (92,96) width 0: " "
            text run at (0,112) width 288: "<f id=\"&amp;&lt;&gt;\">Four&amp;&lt;&gt;</f><empty/><empty></empty></doc>"
            text run at (288,112) width 0: " "
      RenderBlock {DIV} at (0,503) size 80x78 [border: (1px solid #000000)]
        RenderBlock (anonymous) at (1,1) size 78x32
          RenderInline {SPAN} at (0,0) size 69x32 [color=#800000]
            RenderText {#text} at (0,0) size 69x32
              text run at (0,0) width 69: "document"
              text run at (0,16) width 43: "object"
          RenderText {#text} at (0,0) size 0x0
        RenderBlock {PRE} at (29,47) size 50x16
          RenderText {#text} at (0,0) size 68x16
            text run at (0,0) width 68: "[object Document]"
      RenderBlock {DIV} at (0,588) size 80x142 [border: (1px solid #000000)]
        RenderBlock (anonymous) at (1,1) size 78x48
          RenderInline {SPAN} at (0,0) size 69x48 [color=#800000]
            RenderText {#text} at (0,0) size 69x48
              text run at (0,0) width 69: "document"
              text run at (0,16) width 43: "object"
              text run at (0,32) width 65: "serialized"
          RenderText {#text} at (0,0) size 0x0
        RenderBlock {PRE} at (29,63) size 50x64
          RenderText {#text} at (0,0) size 268x64
            text run at (0,0) width 76: "<!DOCTYPE doc><doc>"
            text run at (76,0) width 0: " "
            text run at (0,16) width 268: "  <foo xmlns=\"foobar\">One</foo> <x:bar xmlns:x=\"barfoo\">Two</x:bar>"
            text run at (268,16) width 0: " "
            text run at (0,32) width 92: "  <d id=\"id3\">Three</d>"
            text run at (92,32) width 0: " "
            text run at (0,48) width 260: "<f id=\"&amp;&lt;&gt;\">Four&amp;&lt;&gt;</f><empty/><empty/></doc>"
