layer at (0,0) size 800x600
  RenderView at (0,0) size 800x600
layer at (0,0) size 800x600
  RenderBlock {HTML} at (0,0) size 800x600
    RenderBody {BODY} at (8,8) size 784x584
      RenderBlock {DIV} at (0,0) size 784x210
        RenderBlock {P} at (0,0) size 784x16
          RenderText {#text} at (0,0) size 764x16
            text run at (0,0) width 764: "This is a simple test of both importNode and cloneNode, created from an example that demonstrated a bug in importNode."
        RenderBlock {DIV} at (0,30) size 784x16 [bgcolor=#FFFF00]
          RenderText {#text} at (0,0) size 114x16
            text run at (0,0) width 114: "The original node:"
        RenderBlock {DIV} at (0,46) size 784x44 [bgcolor=#7F7FFF]
          RenderBlock (anonymous) at (3,3) size 778x16
            RenderText {#text} at (0,0) size 53x16
              text run at (0,0) width 53: "Outer bit"
          RenderBlock {DIV} at (6,22) size 772x16 [color=#FFFF00] [bgcolor=#0000FF]
            RenderText {#text} at (0,0) size 54x16
              text run at (0,0) width 54: "Inner bit."
        RenderBlock {DIV} at (0,90) size 784x16 [bgcolor=#FFFF00]
          RenderText {#text} at (0,0) size 164x16
            text run at (0,0) width 164: "Copied with importNode():"
        RenderBlock {DIV} at (0,106) size 784x44 [bgcolor=#7F7FFF]
          RenderBlock (anonymous) at (3,3) size 778x16
            RenderText {#text} at (0,0) size 53x16
              text run at (0,0) width 53: "Outer bit"
          RenderBlock {DIV} at (6,22) size 772x16 [color=#FFFF00] [bgcolor=#0000FF]
            RenderText {#text} at (0,0) size 54x16
              text run at (0,0) width 54: "Inner bit."
        RenderBlock {DIV} at (0,150) size 784x16 [bgcolor=#FFFF00]
          RenderText {#text} at (0,0) size 159x16
            text run at (0,0) width 159: "Copied with cloneNode():"
        RenderBlock {DIV} at (0,166) size 784x44 [bgcolor=#7F7FFF]
          RenderBlock (anonymous) at (3,3) size 778x16
            RenderText {#text} at (0,0) size 53x16
              text run at (0,0) width 53: "Outer bit"
          RenderBlock {DIV} at (6,22) size 772x16 [color=#FFFF00] [bgcolor=#0000FF]
            RenderText {#text} at (0,0) size 54x16
              text run at (0,0) width 54: "Inner bit."
