layer at (0,0) size 96x80
  RenderView at (0,0) size 96x26
layer at (0,0) size 96x80
  RenderBlock {HTML} at (0,0) size 96x80
    RenderBody {BODY} at (8,8) size 80x64
      RenderText {#text} at (0,0) size 73x64
        text run at (0,0) width 56: "The user"
        text run at (0,16) width 55: "interface"
        text run at (0,32) width 73: "scale factor"
        text run at (0,48) width 25: "is 1."
      RenderText {#text} at (0,0) size 0x0
