layer at (0,0) size 800x600
  RenderView at (0,0) size 800x600
layer at (0,0) size 800x600
  RenderBlock {HTML} at (0,0) size 800x600
    RenderBody {BODY} at (8,8) size 784x578
      RenderBlock {DIV} at (0,0) size 784x16
        RenderText {#text} at (0,0) size 30x16
          text run at (0,0) width 30: "hello"
      RenderBlock {PRE} at (0,30) size 784x16
        RenderText {#text} at (0,0) size 524x16
          text run at (0,0) width 524: "The null characters should be stripped out of the sting above and it should have a length of 5. And the DOM thinks the length is..."
        RenderText {#text} at (524,0) size 8x16
          text run at (524,0) width 8: "5!"
