layer at (0,0) size 800x600
  RenderCanvas at (0,0) size 800x600
layer at (0,0) size 800x50
  RenderBlock {HTML:HTML} at (0,0) size 800x50
    RenderBody {HTML:BODY} at (8,16) size 784x18
      RenderBlock {HTML:P} at (0,0) size 784x18
        RenderText {TEXT} at (0,0) size 20x18
          text run at (0,0) width 20: "bar"
