layer at (0,0) size 800x600
  RenderView at (0,0) size 800x600
layer at (0,0) size 800x600
  RenderBlock {HTML} at (0,0) size 800x600
    RenderBody {BODY} at (8,8) size 784x584
      RenderBlock {DIV} at (0,0) size 784x67
        RenderText {#text} at (0,19) size 64x32
          text run at (0,19) width 64: "1 "
        RenderRuby (inline) {RUBY} at (0,0) size 160x32
          RenderRubyRun (anonymous) at (64,19) size 160x48
            RenderRubyText {RT} at (0,-19) size 160x19
              RenderText {#text} at (51,0) size 57x19
                text run at (51,0) width 57: "678"
            RenderRubyBase (anonymous) at (0,0) size 160x48
              RenderInline {RB} at (0,0) size 160x32
                RenderText {#text} at (0,0) size 96x32
                  text run at (0,0) width 96: "23 "
                RenderInline {SPAN} at (0,0) size 64x32
                  RenderText {#text} at (96,0) size 64x32
                    text run at (96,0) width 64: "45"
        RenderText {#text} at (0,0) size 0x0
      RenderBlock {DIV} at (0,75) size 784x48
        RenderText {#text} at (0,16) size 64x32
          text run at (0,16) width 64: "1 "
        RenderRuby (inline) {RUBY} at (0,0) size 160x32
          RenderRubyRun (anonymous) at (64,0) size 160x48
            RenderRubyText {RT} at (0,0) size 160x0
            RenderRubyBase (anonymous) at (0,0) size 160x48
              RenderInline {RB} at (0,0) size 160x32
                RenderText {#text} at (0,16) size 96x32
                  text run at (0,16) width 96: "23 "
                RenderInline {SPAN} at (0,0) size 64x32
                  RenderText {#text} at (96,16) size 64x32
                    text run at (96,16) width 64: "45"
        RenderText {#text} at (0,0) size 0x0
      RenderBlock {DIV} at (0,131) size 784x51
        RenderText {#text} at (0,19) size 64x32
          text run at (0,19) width 64: "1 "
        RenderRuby (inline) {RUBY} at (0,0) size 160x32
          RenderRubyRun (anonymous) at (64,19) size 160x32
            RenderRubyText {RT} at (0,-19) size 160x19
              RenderText {#text} at (51,0) size 57x19
                text run at (51,0) width 57: "678"
            RenderRubyBase (anonymous) at (0,0) size 160x32
              RenderInline {RB} at (0,0) size 160x32
                RenderText {#text} at (0,0) size 96x32
                  text run at (0,0) width 96: "23 "
                RenderInline {SPAN} at (0,0) size 64x32
                  RenderText {#text} at (96,0) size 64x32
                    text run at (96,0) width 64: "45"
        RenderText {#text} at (0,0) size 0x0
      RenderBlock {DIV} at (0,190) size 784x67
        RenderText {#text} at (0,0) size 64x32
          text run at (0,0) width 64: "1 "
        RenderRuby (inline) {RUBY} at (0,0) size 160x32
          RenderRubyRun (anonymous) at (64,0) size 160x48
            RenderRubyText {RT} at (0,48) size 160x19
              RenderText {#text} at (51,0) size 57x19
                text run at (51,0) width 57: "678"
            RenderRubyBase (anonymous) at (0,0) size 160x48
              RenderInline {RB} at (0,0) size 160x32
                RenderText {#text} at (0,16) size 96x32
                  text run at (0,16) width 96: "23 "
                RenderInline {SPAN} at (0,0) size 64x32
                  RenderText {#text} at (96,16) size 64x32
                    text run at (96,16) width 64: "45"
        RenderText {#text} at (0,0) size 0x0
      RenderBlock {DIV} at (0,265) size 784x48
        RenderText {#text} at (0,16) size 64x32
          text run at (0,16) width 64: "1 "
        RenderRuby (inline) {RUBY} at (0,0) size 160x32
          RenderRubyRun (anonymous) at (64,0) size 160x48
            RenderRubyText {RT} at (0,32) size 160x0
            RenderRubyBase (anonymous) at (0,0) size 160x48
              RenderInline {RB} at (0,0) size 160x32
                RenderText {#text} at (0,0) size 96x32
                  text run at (0,0) width 96: "23 "
                RenderInline {SPAN} at (0,0) size 64x32
                  RenderText {#text} at (96,0) size 64x32
                    text run at (96,0) width 64: "45"
        RenderText {#text} at (0,0) size 0x0
      RenderBlock {DIV} at (0,321) size 784x51
        RenderText {#text} at (0,0) size 64x32
          text run at (0,0) width 64: "1 "
        RenderRuby (inline) {RUBY} at (0,0) size 160x32
          RenderRubyRun (anonymous) at (64,0) size 160x32
            RenderRubyText {RT} at (0,32) size 160x19
              RenderText {#text} at (51,0) size 57x19
                text run at (51,0) width 57: "678"
            RenderRubyBase (anonymous) at (0,0) size 160x32
              RenderInline {RB} at (0,0) size 160x32
                RenderText {#text} at (0,0) size 96x32
                  text run at (0,0) width 96: "23 "
                RenderInline {SPAN} at (0,0) size 64x32
                  RenderText {#text} at (96,0) size 64x32
                    text run at (96,0) width 64: "45"
        RenderText {#text} at (0,0) size 0x0
