EDITING DELEGATE: shouldChangeSelectedDOMRange:(null) toDOMRange:range from 3 of #text > SPAN > BODY > HTML > #document to 3 of #text > SPAN > BODY > HTML > #document affinity:NSSelectionAffinityDownstream stillSelecting:FALSE
EDITING DELEGATE: webViewDidChangeSelection:WebViewDidChangeSelectionNotification
layer at (0,0) size 800x600
  RenderCanvas at (0,0) size 800x600
layer at (0,0) size 800x600
  RenderBlock {HTML} at (0,0) size 800x600
    RenderBody {BODY} at (8,8) size 784x584
      RenderBlock {P} at (0,0) size 784x36
        RenderText {TEXT} at (0,0) size 53x18
          text run at (0,0) width 53: "Test for "
        RenderInline {I} at (0,0) size 759x36
          RenderInline {A} at (0,0) size 348x18 [color=#0000EE]
            RenderText {TEXT} at (53,0) size 348x18
              text run at (53,0) width 348: "http://bugzilla.opendarwin.org/show_bug.cgi?id=7433"
          RenderText {TEXT} at (401,0) size 759x36
            text run at (401,0) width 358: " REGRESSION (r12789): Second RTL text run on a line"
            text run at (0,18) width 116: "cannot be selected"
        RenderText {TEXT} at (116,18) size 4x18
          text run at (116,18) width 4: "."
      RenderBlock {P} at (0,52) size 784x18
        RenderText {TEXT} at (0,0) size 648x18
          text run at (0,0) width 648: "The rightmost two words in the Hebrew text should be selectable by dragging or double-clicking them."
      RenderBlock {HR} at (0,86) size 784x2 [border: (1px inset #000000)]
      RenderBlock (anonymous) at (0,96) size 784x18
        RenderInline {SPAN} at (0,0) size 146x18
          RenderText {TEXT} at (0,0) size 146x18
            text run at (0,0) width 62 RTL: "\x{5E9}\x{5EA}\x{5D4} \x{5DE}\x{5D9}\x{5E5}"
            text run at (62,0) width 84 RTL: "\x{5D0}\x{5DB}\x{5DC}\x{5EA} \x{5E4}\x{5DC}\x{5E4}\x{5DC} "
        RenderText {TEXT} at (0,0) size 0x0
        RenderText {TEXT} at (0,0) size 0x0
        RenderText {TEXT} at (0,0) size 0x0
caret: position 3 of child 0 {TEXT} of child 7 {SPAN} of child 1 {BODY} of child 0 {HTML} of document
