layer at (0,0) size 800x600
  RenderView at (0,0) size 800x600
layer at (0,0) size 800x600
  RenderBlock {HTML} at (0,0) size 800x600
    RenderBody {BODY} at (8,8) size 784x584
      RenderBlock (anonymous) at (0,0) size 784x304
        RenderPartObject {IFRAME} at (0,0) size 300x150
          layer at (0,0) size 300x150
            RenderView at (0,0) size 300x150
          layer at (0,0) size 300x71
            RenderBlock {HTML} at (0,0) size 300x71
              RenderBody {BODY} at (8,13) size 284x45
                RenderBlock {PRE} at (0,0) size 284x45
                  RenderText {#text} at (0,0) size 48x45
                    text run at (0,0) width 48: "line 1"
                    text run at (48,0) width 0: " "
                    text run at (0,15) width 48: "line 2"
                    text run at (48,15) width 0: " "
                    text run at (0,30) width 48: "line 3"
                    text run at (48,30) width 0: " "
        RenderText {#text} at (300,136) size 4x18
          text run at (300,136) width 4: " "
        RenderPartObject {IFRAME} at (304,0) size 300x150
          layer at (0,0) size 300x150
            RenderView at (0,0) size 300x150
          layer at (0,0) size 300x71
            RenderBlock {HTML} at (0,0) size 300x71
              RenderBody {BODY} at (8,13) size 284x45
                RenderBlock {PRE} at (0,0) size 284x45
                  RenderText {#text} at (0,0) size 48x45
                    text run at (0,0) width 48: "line 1"
                    text run at (48,0) width 0: " "
                    text run at (0,15) width 48: "line 2"
                    text run at (48,15) width 0: " "
                    text run at (0,30) width 48: "line 3"
                    text run at (48,30) width 0: " "
        RenderText {#text} at (0,0) size 0x0
        RenderPartObject {IFRAME} at (0,154) size 300x150
          layer at (0,0) size 300x150
            RenderView at (0,0) size 300x150
          layer at (0,0) size 300x71
            RenderBlock {HTML} at (0,0) size 300x71
              RenderBody {BODY} at (8,13) size 284x45
                RenderBlock {PRE} at (0,0) size 284x45
                  RenderText {#text} at (0,0) size 48x45
                    text run at (0,0) width 48: "line 1"
                    text run at (48,0) width 0: " "
                    text run at (0,15) width 48: "line 2"
                    text run at (48,15) width 0: " "
                    text run at (0,30) width 48: "line 3"
                    text run at (48,30) width 0: " "
        RenderText {#text} at (0,0) size 0x0
      RenderBlock {DIV} at (0,304) size 784x18
        RenderText {#text} at (0,0) size 71x18
          text run at (0,0) width 71: "SUCCESS"
