layer at (0,0) size 800x600
  RenderView at (0,0) size 800x600
layer at (0,0) size 800x32
  RenderBlock {html} at (0,0) size 800x32
    RenderBody {body} at (8,8) size 784x16 [color=#FF0000]
      RenderInline {test} at (0,0) size 135x16 [color=#008000]
        RenderText {#text} at (0,0) size 135x16
          text run at (0,0) width 135: "This should be green."
      RenderText {#text} at (0,0) size 0x0
