layer at (0,0) size 96x32
  RenderView at (0,0) size 96x26
layer at (0,0) size 96x32
  RenderBlock {test} at (0,0) size 96x32 [color=#008000]
    RenderText {#text} at (0,0) size 91x32
      text run at (0,0) width 91: "This should be"
      text run at (0,16) width 40: "green."
