layer at (0,0) size 96x144
  RenderView at (0,0) size 96x26
layer at (0,0) size 96x144
  RenderBlock {html} at (0,0) size 96x144 [color=#008000]
    RenderBody {body} at (8,8) size 80x128
      RenderBlock {test2} at (0,0) size 80x32
        RenderText {#text} at (0,0) size 72x32
          text run at (0,0) width 72: "This should"
          text run at (0,16) width 59: "be green."
      RenderBlock {test2} at (0,32) size 80x32
        RenderText {#text} at (0,0) size 72x32
          text run at (0,0) width 72: "This should"
          text run at (0,16) width 59: "be green."
      RenderBlock {test1} at (0,64) size 80x32
        RenderText {#text} at (0,0) size 72x32
          text run at (0,0) width 72: "This should"
          text run at (0,16) width 59: "be green."
      RenderBlock {test1} at (0,96) size 80x32
        RenderText {#text} at (0,0) size 72x32
          text run at (0,0) width 72: "This should"
          text run at (0,16) width 59: "be green."
