layer at (0,0) size 800x600
  RenderView at (0,0) size 800x600
layer at (0,0) size 800x32
  RenderBlock {html} at (0,0) size 800x32
    RenderBody {body} at (8,8) size 784x16 [color=#008000]
      RenderInline {tests} at (0,0) size 535x16
        RenderText {#text} at (0,0) size 0x0
        RenderInline {first-child} at (0,0) size 80x16
          RenderText {#text} at (0,0) size 80x16
            text run at (0,0) width 80: "None of this "
        RenderText {#text} at (0,0) size 0x0
        RenderInline {element} at (0,0) size 91x16
          RenderText {#text} at (80,0) size 91x16
            text run at (80,0) width 91: "text should be "
        RenderText {#text} at (0,0) size 0x0
        RenderInline {attribute} at (0,0) size 118x16
          RenderText {#text} at (171,0) size 118x16
            text run at (171,0) width 118: "matching the style "
        RenderText {#text} at (0,0) size 0x0
        RenderInline {span} at (0,0) size 95x16
          RenderText {#text} at (289,0) size 95x16
            text run at (289,0) width 95: "rules, and thus "
        RenderText {#text} at (0,0) size 0x0
        RenderInline {universal} at (0,0) size 63x16
          RenderText {#text} at (384,0) size 63x16
            text run at (384,0) width 63: "none of it "
        RenderText {#text} at (0,0) size 0x0
        RenderInline {span} at (0,0) size 88x16
          RenderText {#text} at (447,0) size 88x16
            text run at (447,0) width 88: "should be red."
        RenderText {#text} at (0,0) size 0x0
      RenderText {#text} at (0,0) size 0x0
