layer at (0,0) size 800x600
  RenderView at (0,0) size 800x600
layer at (0,0) size 800x16
  RenderBlock {test} at (0,0) size 800x16 [color=#008000]
    RenderText {#text} at (0,0) size 135x16
      text run at (0,0) width 135: "This should be green."
