layer at (0,0) size 843x581
  RenderView at (0,0) size 800x581
layer at (0,0) size 843x534
  RenderBlock {HTML} at (0,0) size 800x534
    RenderBody {BODY} at (8,17) size 784x500
layer at (8,17) size 835x500
  RenderBlock {DIV} at (0,0) size 835x500 [border: (5px solid #800000)]
    RenderBlock (anonymous multi-column span) at (5,26) size 825x34
      RenderBlock {H2} at (0,0) size 825x34 [bgcolor=#EEEEEE]
        RenderText {#text} at (0,0) size 723x34
          text run at (0,0) width 723: "This is a spanning element at the beginning of the columns block."
layer at (13,98) size 825x414
  RenderBlock (anonymous multi-column) at (5,81) size 825x414
    RenderText {#text} at (0,0) size 403x828
      text run at (0,0) width 381: "Lorem ipsum dolor sit amet, consectetuer adipiscing"
      text run at (0,23) width 373: "elit. Nulla varius enim ac mi. Curabitur sollicitudin"
      text run at (0,46) width 363: "felis quis lectus. Quisque adipiscing rhoncus sem."
      text run at (0,69) width 396: "Proin nulla purus, vulputate vel, varius ut, euismod et,"
      text run at (0,92) width 361: "nisi. Sed vitae felis vel orci sagittis aliquam. Cras"
      text run at (0,115) width 347: "convallis adipiscing sem. Nam nonummy enim."
      text run at (0,138) width 370: "Nullam bibendum lobortis neque. Vestibulum velit"
      text run at (0,161) width 377: "orci, tempus euismod, pretium quis, interdum vitae,"
      text run at (0,184) width 351: "nulla. Phasellus eget ante et tortor condimentum"
      text run at (0,207) width 396: "vestibulum. Suspendisse hendrerit quam nec felis. Sed"
      text run at (0,230) width 386: "varius turpis vitae pede. Lorem ipsum dolor sit amet,"
      text run at (0,253) width 207: "consectetuer adipiscing elit. "
      text run at (207,253) width 162: "Lorem ipsum dolor sit"
      text run at (0,276) width 403: "amet, consectetuer adipiscing elit. Nulla varius enim ac"
      text run at (0,299) width 372: "mi. Curabitur sollicitudin felis quis lectus. Quisque"
      text run at (0,322) width 382: "adipiscing rhoncus sem. Proin nulla purus, vulputate"
      text run at (0,345) width 393: "vel, varius ut, euismod et, nisi. Sed vitae felis vel orci"
      text run at (0,368) width 385: "sagittis aliquam. Cras convallis adipiscing sem. Nam"
      text run at (0,391) width 368: "nonummy enim. Nullam bibendum lobortis neque."
      text run at (0,414) width 388: "Vestibulum velit orci, tempus euismod, pretium quis,"
      text run at (0,437) width 362: "interdum vitae, nulla. Phasellus eget ante et tortor"
      text run at (0,460) width 397: "condimentum vestibulum. Suspendisse hendrerit quam"
      text run at (0,483) width 379: "nec felis. Sed varius turpis vitae pede. Lorem ipsum"
      text run at (0,506) width 317: "dolor sit amet, consectetuer adipiscing elit. "
      text run at (317,506) width 48: "Lorem"
      text run at (0,529) width 361: "ipsum dolor sit amet, consectetuer adipiscing elit."
      text run at (0,552) width 376: "Nulla varius enim ac mi. Curabitur sollicitudin felis"
      text run at (0,575) width 371: "quis lectus. Quisque adipiscing rhoncus sem. Proin"
      text run at (0,598) width 388: "nulla purus, vulputate vel, varius ut, euismod et, nisi."
      text run at (0,621) width 395: "Sed vitae felis vel orci sagittis aliquam. Cras convallis"
      text run at (0,644) width 336: "adipiscing sem. Nam nonummy enim. Nullam"
      text run at (0,667) width 349: "bibendum lobortis neque. Vestibulum velit orci,"
      text run at (0,690) width 385: "tempus euismod, pretium quis, interdum vitae, nulla."
      text run at (0,713) width 395: "Phasellus eget ante et tortor condimentum vestibulum."
      text run at (0,736) width 401: "Suspendisse hendrerit quam nec felis. Sed varius turpis"
      text run at (0,759) width 386: "vitae pede. Lorem ipsum dolor sit amet, consectetuer"
      text run at (0,782) width 112: "adipiscing elit. "
      text run at (112,782) width 207: "Lorem ipsum dolor sit amet,"
      text run at (0,805) width 387: "consectetuer adipiscing elit. Nulla varius enim ac mi."
