layer at (0,0) size 800x600
  RenderView at (0,0) size 800x600
layer at (0,0) size 800x600
  RenderBlock {HTML} at (0,0) size 800x600
    RenderBody {BODY} at (8,8) size 784x576
      RenderBlock {H2} at (0,0) size 784x28 [bgcolor=#EEEEEE]
        RenderText {#text} at (0,0) size 58x28
          text run at (0,0) width 58: "PASS"
layer at (8,55) size 760x209
  RenderBlock {DIV} at (0,47) size 760x209 [border: (5px solid #800000)]
    RenderBlock (anonymous multi-column span) at (5,24) size 750x28
      RenderBlock {H2} at (0,0) size 750x28 [bgcolor=#EEEEEE]
        RenderText {#text} at (0,0) size 58x28
          text run at (0,0) width 58: "PASS"
layer at (13,126) size 750x117
  RenderBlock (anonymous multi-column) at (5,71) size 750x117
    RenderBlock {SPAN} at (0,0) size 367x212
      RenderBlock (anonymous) at (0,0) size 367x212
        RenderText {#text} at (0,0) size 362x212
          text run at (0,0) width 354: "Lorem ipsum dolor sit amet, consectetuer adipiscing elit."
          text run at (0,19) width 351: "Nulla varius enim ac mi. Curabitur sollicitudin felis quis"
          text run at (0,38) width 325: "lectus. Quisque adipiscing rhoncus sem. Proin nulla"
          text run at (0,57) width 358: "purus, vulputate vel, varius ut, euismod et, nisi. Sed vitae"
          text run at (0,76) width 343: "felis vel orci sagittis aliquam. Cras convallis adipiscing"
          text run at (0,95) width 340: "sem. Nam nonummy enim. Nullam bibendum lobortis"
          text run at (0,117) width 344: "neque. Vestibulum velit orci, tempus euismod, pretium"
          text run at (0,136) width 343: "quis, interdum vitae, nulla. Phasellus eget ante et tortor"
          text run at (0,155) width 343: "condimentum vestibulum. Suspendisse hendrerit quam"
          text run at (0,174) width 362: "nec felis. Sed varius turpis vitae pede. Lorem ipsum dolor"
          text run at (0,193) width 229: "sit amet, consectetuer adipiscing elit."
      RenderBlock {DL} at (0,228) size 367x0
