layer at (0,0) size 781x1451
  RenderView at (0,0) size 781x600
layer at (0,0) size 781x1451
  RenderBlock {HTML} at (0,0) size 781x1451
    RenderBody {BODY} at (8,16) size 765x1419
layer at (8,16) size 760x441
  RenderBlock {DIV} at (0,0) size 760x441 [border: (5px solid #800000)]
    RenderBlock (anonymous multi-column span) at (5,24) size 750x33 [color=#FFFFFF]
      RenderBlock {H2} at (0,0) size 750x33 [color=#000000] [bgcolor=#EEEEEE]
        RenderText {#text} at (0,0) size 276x33
          text run at (0,0) width 276: "This is a spanning element."
layer at (13,92) size 750x360
  RenderBlock (anonymous multi-column) at (5,76) size 750x360
    RenderBlock {SPAN} at (0,0) size 367x220 [color=#FFFFFF] [bgcolor=#000000]
      RenderText {#text} at (0,0) size 362x220
        text run at (0,0) width 354: "Lorem ipsum dolor sit amet, consectetuer adipiscing elit."
        text run at (0,20) width 351: "Nulla varius enim ac mi. Curabitur sollicitudin felis quis"
        text run at (0,40) width 325: "lectus. Quisque adipiscing rhoncus sem. Proin nulla"
        text run at (0,60) width 358: "purus, vulputate vel, varius ut, euismod et, nisi. Sed vitae"
        text run at (0,80) width 343: "felis vel orci sagittis aliquam. Cras convallis adipiscing"
        text run at (0,100) width 340: "sem. Nam nonummy enim. Nullam bibendum lobortis"
        text run at (0,120) width 344: "neque. Vestibulum velit orci, tempus euismod, pretium"
        text run at (0,140) width 343: "quis, interdum vitae, nulla. Phasellus eget ante et tortor"
        text run at (0,160) width 343: "condimentum vestibulum. Suspendisse hendrerit quam"
        text run at (0,180) width 362: "nec felis. Sed varius turpis vitae pede. Lorem ipsum dolor"
        text run at (0,200) width 229: "sit amet, consectetuer adipiscing elit."
    RenderBlock (anonymous) at (0,236) size 367x464
      RenderText {#text} at (0,0) size 362x224
        text run at (0,0) width 354: "Lorem ipsum dolor sit amet, consectetuer adipiscing elit."
        text run at (0,20) width 351: "Nulla varius enim ac mi. Curabitur sollicitudin felis quis"
        text run at (0,40) width 325: "lectus. Quisque adipiscing rhoncus sem. Proin nulla"
        text run at (0,60) width 358: "purus, vulputate vel, varius ut, euismod et, nisi. Sed vitae"
        text run at (0,80) width 343: "felis vel orci sagittis aliquam. Cras convallis adipiscing"
        text run at (0,100) width 340: "sem. Nam nonummy enim. Nullam bibendum lobortis"
        text run at (0,124) width 344: "neque. Vestibulum velit orci, tempus euismod, pretium"
        text run at (0,144) width 343: "quis, interdum vitae, nulla. Phasellus eget ante et tortor"
        text run at (0,164) width 343: "condimentum vestibulum. Suspendisse hendrerit quam"
        text run at (0,184) width 362: "nec felis. Sed varius turpis vitae pede. Lorem ipsum dolor"
        text run at (0,204) width 233: "sit amet, consectetuer adipiscing elit. "
      RenderInline {SPAN} at (0,0) size 42x20
        RenderText {#text} at (233,204) size 42x20
          text run at (233,204) width 42: "Lorem"
      RenderText {#text} at (275,204) size 363x260
        text run at (275,204) width 79: " ipsum dolor"
        text run at (0,224) width 363: "sit amet, consectetuer adipiscing elit. Nulla varius enim ac"
        text run at (0,244) width 318: "mi. Curabitur sollicitudin felis quis lectus. Quisque"
        text run at (0,264) width 356: "adipiscing rhoncus sem. Proin nulla purus, vulputate vel,"
        text run at (0,284) width 354: "varius ut, euismod et, nisi. Sed vitae felis vel orci sagittis"
        text run at (0,304) width 351: "aliquam. Cras convallis adipiscing sem. Nam nonummy"
        text run at (0,324) width 358: "enim. Nullam bibendum lobortis neque. Vestibulum velit"
        text run at (0,344) width 361: "orci, tempus euismod, pretium quis, interdum vitae, nulla."
        text run at (0,364) width 339: "Phasellus eget ante et tortor condimentum vestibulum."
        text run at (0,384) width 345: "Suspendisse hendrerit quam nec felis. Sed varius turpis"
        text run at (0,404) width 331: "vitae pede. Lorem ipsum dolor sit amet, consectetuer"
        text run at (0,424) width 95: "adipiscing elit. "
        text run at (95,424) width 259: "Lorem ipsum dolor sit amet, consectetuer"
        text run at (0,444) width 249: "adipiscing elit. Nulla varius enim ac mi."
layer at (8,473) size 760x441
  RenderBlock {DIV} at (0,457) size 760x441 [border: (5px solid #800000)]
    RenderBlock (anonymous multi-column span) at (5,384) size 750x33 [color=#FFFFFF]
      RenderBlock {H2} at (0,0) size 750x33 [color=#000000] [bgcolor=#EEEEEE]
        RenderText {#text} at (0,0) size 276x33
          text run at (0,0) width 276: "This is a spanning element."
layer at (13,478) size 750x360
  RenderBlock (anonymous multi-column) at (5,5) size 750x360
    RenderBlock (anonymous) at (0,0) size 367x640
      RenderText {#text} at (0,0) size 363x640
        text run at (0,0) width 354: "Lorem ipsum dolor sit amet, consectetuer adipiscing elit."
        text run at (0,20) width 351: "Nulla varius enim ac mi. Curabitur sollicitudin felis quis"
        text run at (0,40) width 325: "lectus. Quisque adipiscing rhoncus sem. Proin nulla"
        text run at (0,60) width 358: "purus, vulputate vel, varius ut, euismod et, nisi. Sed vitae"
        text run at (0,80) width 343: "felis vel orci sagittis aliquam. Cras convallis adipiscing"
        text run at (0,100) width 340: "sem. Nam nonummy enim. Nullam bibendum lobortis"
        text run at (0,120) width 344: "neque. Vestibulum velit orci, tempus euismod, pretium"
        text run at (0,140) width 343: "quis, interdum vitae, nulla. Phasellus eget ante et tortor"
        text run at (0,160) width 343: "condimentum vestibulum. Suspendisse hendrerit quam"
        text run at (0,180) width 362: "nec felis. Sed varius turpis vitae pede. Lorem ipsum dolor"
        text run at (0,200) width 233: "sit amet, consectetuer adipiscing elit. "
        text run at (233,200) width 121: "Lorem ipsum dolor"
        text run at (0,220) width 363: "sit amet, consectetuer adipiscing elit. Nulla varius enim ac"
        text run at (0,240) width 318: "mi. Curabitur sollicitudin felis quis lectus. Quisque"
        text run at (0,260) width 356: "adipiscing rhoncus sem. Proin nulla purus, vulputate vel,"
        text run at (0,280) width 354: "varius ut, euismod et, nisi. Sed vitae felis vel orci sagittis"
        text run at (0,300) width 351: "aliquam. Cras convallis adipiscing sem. Nam nonummy"
        text run at (0,320) width 358: "enim. Nullam bibendum lobortis neque. Vestibulum velit"
        text run at (0,340) width 361: "orci, tempus euismod, pretium quis, interdum vitae, nulla."
        text run at (0,360) width 339: "Phasellus eget ante et tortor condimentum vestibulum."
        text run at (0,380) width 345: "Suspendisse hendrerit quam nec felis. Sed varius turpis"
        text run at (0,400) width 331: "vitae pede. Lorem ipsum dolor sit amet, consectetuer"
        text run at (0,420) width 95: "adipiscing elit. "
        text run at (95,420) width 259: "Lorem ipsum dolor sit amet, consectetuer"
        text run at (0,440) width 313: "adipiscing elit. Nulla varius enim ac mi. Curabitur"
        text run at (0,460) width 352: "sollicitudin felis quis lectus. Quisque adipiscing rhoncus"
        text run at (0,480) width 353: "sem. Proin nulla purus, vulputate vel, varius ut, euismod"
        text run at (0,500) width 326: "et, nisi. Sed vitae felis vel orci sagittis aliquam. Cras"
        text run at (0,520) width 350: "convallis adipiscing sem. Nam nonummy enim. Nullam"
        text run at (0,540) width 349: "bibendum lobortis neque. Vestibulum velit orci, tempus"
        text run at (0,560) width 343: "euismod, pretium quis, interdum vitae, nulla. Phasellus"
        text run at (0,580) width 357: "eget ante et tortor condimentum vestibulum. Suspendisse"
        text run at (0,600) width 336: "hendrerit quam nec felis. Sed varius turpis vitae pede."
        text run at (0,620) width 354: "Lorem ipsum dolor sit amet, consectetuer adipiscing elit."
    RenderBlock {SPAN} at (0,656) size 367x40 [color=#FFFFFF] [bgcolor=#000000]
      RenderText {#text} at (0,0) size 354x40
        text run at (0,0) width 354: "Lorem ipsum dolor sit amet, consectetuer adipiscing elit."
        text run at (0,20) width 154: "Nulla varius enim ac mi."
layer at (8,930) size 760x505
  RenderBlock {DIV} at (0,914) size 760x505 [border: (5px solid #800000)]
    RenderBlock (anonymous multi-column span) at (5,190) size 750x33 [color=#FFFFFF]
      RenderBlock {H2} at (0,0) size 750x33 [color=#000000] [bgcolor=#EEEEEE]
        RenderText {#text} at (0,0) size 276x33
          text run at (0,0) width 276: "This is a spanning element."
layer at (13,951) size 750x150
  RenderBlock (anonymous multi-column) at (5,21) size 750x150
    RenderBlock {P} at (0,0) size 367x230
      RenderText {#text} at (0,0) size 362x230
        text run at (0,0) width 354: "Lorem ipsum dolor sit amet, consectetuer adipiscing elit."
        text run at (0,20) width 351: "Nulla varius enim ac mi. Curabitur sollicitudin felis quis"
        text run at (0,40) width 325: "lectus. Quisque adipiscing rhoncus sem. Proin nulla"
        text run at (0,60) width 358: "purus, vulputate vel, varius ut, euismod et, nisi. Sed vitae"
        text run at (0,80) width 343: "felis vel orci sagittis aliquam. Cras convallis adipiscing"
        text run at (0,100) width 340: "sem. Nam nonummy enim. Nullam bibendum lobortis"
        text run at (0,120) width 344: "neque. Vestibulum velit orci, tempus euismod, pretium"
        text run at (0,150) width 343: "quis, interdum vitae, nulla. Phasellus eget ante et tortor"
        text run at (0,170) width 343: "condimentum vestibulum. Suspendisse hendrerit quam"
        text run at (0,190) width 362: "nec felis. Sed varius turpis vitae pede. Lorem ipsum dolor"
        text run at (0,210) width 229: "sit amet, consectetuer adipiscing elit."
    RenderBlock {SPAN} at (0,246) size 367x40 [color=#FFFFFF] [bgcolor=#000000]
      RenderBlock (anonymous) at (0,0) size 367x40
        RenderText {#text} at (0,0) size 354x40
          text run at (0,0) width 354: "Lorem ipsum dolor sit amet, consectetuer adipiscing elit."
          text run at (0,20) width 154: "Nulla varius enim ac mi."
layer at (13,1172) size 750x242
  RenderBlock (anonymous multi-column) at (5,242) size 750x242
    RenderBlock {SPAN} at (0,0) size 367x220 [color=#FFFFFF] [bgcolor=#000000]
      RenderBlock {P} at (0,0) size 367x220
        RenderText {#text} at (0,0) size 362x220
          text run at (0,0) width 354: "Lorem ipsum dolor sit amet, consectetuer adipiscing elit."
          text run at (0,20) width 351: "Nulla varius enim ac mi. Curabitur sollicitudin felis quis"
          text run at (0,40) width 325: "lectus. Quisque adipiscing rhoncus sem. Proin nulla"
          text run at (0,60) width 358: "purus, vulputate vel, varius ut, euismod et, nisi. Sed vitae"
          text run at (0,80) width 343: "felis vel orci sagittis aliquam. Cras convallis adipiscing"
          text run at (0,100) width 340: "sem. Nam nonummy enim. Nullam bibendum lobortis"
          text run at (0,120) width 344: "neque. Vestibulum velit orci, tempus euismod, pretium"
          text run at (0,140) width 343: "quis, interdum vitae, nulla. Phasellus eget ante et tortor"
          text run at (0,160) width 343: "condimentum vestibulum. Suspendisse hendrerit quam"
          text run at (0,180) width 362: "nec felis. Sed varius turpis vitae pede. Lorem ipsum dolor"
          text run at (0,200) width 229: "sit amet, consectetuer adipiscing elit."
    RenderBlock (anonymous) at (0,242) size 367x220
      RenderText {#text} at (0,0) size 362x220
        text run at (0,0) width 354: "Lorem ipsum dolor sit amet, consectetuer adipiscing elit."
        text run at (0,20) width 351: "Nulla varius enim ac mi. Curabitur sollicitudin felis quis"
        text run at (0,40) width 325: "lectus. Quisque adipiscing rhoncus sem. Proin nulla"
        text run at (0,60) width 358: "purus, vulputate vel, varius ut, euismod et, nisi. Sed vitae"
        text run at (0,80) width 343: "felis vel orci sagittis aliquam. Cras convallis adipiscing"
        text run at (0,100) width 340: "sem. Nam nonummy enim. Nullam bibendum lobortis"
        text run at (0,120) width 344: "neque. Vestibulum velit orci, tempus euismod, pretium"
        text run at (0,140) width 343: "quis, interdum vitae, nulla. Phasellus eget ante et tortor"
        text run at (0,160) width 343: "condimentum vestibulum. Suspendisse hendrerit quam"
        text run at (0,180) width 362: "nec felis. Sed varius turpis vitae pede. Lorem ipsum dolor"
        text run at (0,200) width 229: "sit amet, consectetuer adipiscing elit."
    RenderBlock {P} at (0,478) size 367x0
