layer at (0,0) size 781x2608
  RenderView at (0,0) size 781x600
layer at (0,0) size 781x2608
  RenderBlock {HTML} at (0,0) size 781x2608
    RenderBody {BODY} at (8,16) size 765x2576
layer at (8,16) size 760x380
  RenderBlock {DIV} at (0,0) size 760x380 [border: (5px solid #800000)]
    RenderBlock (anonymous multi-column span) at (5,24) size 750x28
      RenderBlock {H2} at (0,0) size 750x28 [bgcolor=#EEEEEE]
        RenderText {#text} at (0,0) size 274x28
          text run at (0,0) width 274: "This is a spanning element."
layer at (13,87) size 750x304
  RenderBlock (anonymous multi-column) at (5,71) size 750x304
    RenderText {#text} at (0,0) size 367x608
      text run at (0,0) width 337: "Lorem ipsum dolor sit amet, consectetuer adipiscing elit."
      text run at (0,19) width 367: "Nulla varius enim ac mi. Curabitur sollicitudin felis quis lectus."
      text run at (0,38) width 362: "Quisque adipiscing rhoncus sem. Proin nulla purus, vulputate"
      text run at (0,57) width 358: "vel, varius ut, euismod et, nisi. Sed vitae felis vel orci sagittis"
      text run at (0,76) width 365: "aliquam. Cras convallis adipiscing sem. Nam nonummy enim."
      text run at (0,95) width 329: "Nullam bibendum lobortis neque. Vestibulum velit orci,"
      text run at (0,114) width 309: "tempus euismod, pretium quis, interdum vitae, nulla."
      text run at (0,133) width 321: "Phasellus eget ante et tortor condimentum vestibulum."
      text run at (0,152) width 360: "Suspendisse hendrerit quam nec felis. Sed varius turpis vitae"
      text run at (0,171) width 350: "pede. Lorem ipsum dolor sit amet, consectetuer adipiscing"
      text run at (0,190) width 25: "elit. "
      text run at (25,190) width 337: "Lorem ipsum dolor sit amet, consectetuer adipiscing elit."
      text run at (0,209) width 367: "Nulla varius enim ac mi. Curabitur sollicitudin felis quis lectus."
      text run at (0,228) width 362: "Quisque adipiscing rhoncus sem. Proin nulla purus, vulputate"
      text run at (0,247) width 358: "vel, varius ut, euismod et, nisi. Sed vitae felis vel orci sagittis"
      text run at (0,266) width 365: "aliquam. Cras convallis adipiscing sem. Nam nonummy enim."
      text run at (0,285) width 329: "Nullam bibendum lobortis neque. Vestibulum velit orci,"
      text run at (0,304) width 309: "tempus euismod, pretium quis, interdum vitae, nulla."
      text run at (0,323) width 321: "Phasellus eget ante et tortor condimentum vestibulum."
      text run at (0,342) width 360: "Suspendisse hendrerit quam nec felis. Sed varius turpis vitae"
      text run at (0,361) width 350: "pede. Lorem ipsum dolor sit amet, consectetuer adipiscing"
      text run at (0,380) width 25: "elit. "
      text run at (25,380) width 337: "Lorem ipsum dolor sit amet, consectetuer adipiscing elit."
      text run at (0,399) width 367: "Nulla varius enim ac mi. Curabitur sollicitudin felis quis lectus."
      text run at (0,418) width 362: "Quisque adipiscing rhoncus sem. Proin nulla purus, vulputate"
      text run at (0,437) width 358: "vel, varius ut, euismod et, nisi. Sed vitae felis vel orci sagittis"
      text run at (0,456) width 365: "aliquam. Cras convallis adipiscing sem. Nam nonummy enim."
      text run at (0,475) width 329: "Nullam bibendum lobortis neque. Vestibulum velit orci,"
      text run at (0,494) width 309: "tempus euismod, pretium quis, interdum vitae, nulla."
      text run at (0,513) width 321: "Phasellus eget ante et tortor condimentum vestibulum."
      text run at (0,532) width 360: "Suspendisse hendrerit quam nec felis. Sed varius turpis vitae"
      text run at (0,551) width 350: "pede. Lorem ipsum dolor sit amet, consectetuer adipiscing"
      text run at (0,570) width 25: "elit. "
      text run at (25,570) width 337: "Lorem ipsum dolor sit amet, consectetuer adipiscing elit."
      text run at (0,589) width 143: "Nulla varius enim ac mi."
layer at (8,412) size 760x380
  RenderBlock {DIV} at (0,396) size 760x380 [border: (5px solid #800000)]
    RenderBlock (anonymous multi-column span) at (5,328) size 750x28
      RenderBlock {H2} at (0,0) size 750x28 [bgcolor=#EEEEEE]
        RenderText {#text} at (0,0) size 274x28
          text run at (0,0) width 274: "This is a spanning element."
layer at (13,417) size 750x304
  RenderBlock (anonymous multi-column) at (5,5) size 750x304
    RenderText {#text} at (0,0) size 367x608
      text run at (0,0) width 337: "Lorem ipsum dolor sit amet, consectetuer adipiscing elit."
      text run at (0,19) width 367: "Nulla varius enim ac mi. Curabitur sollicitudin felis quis lectus."
      text run at (0,38) width 362: "Quisque adipiscing rhoncus sem. Proin nulla purus, vulputate"
      text run at (0,57) width 358: "vel, varius ut, euismod et, nisi. Sed vitae felis vel orci sagittis"
      text run at (0,76) width 365: "aliquam. Cras convallis adipiscing sem. Nam nonummy enim."
      text run at (0,95) width 329: "Nullam bibendum lobortis neque. Vestibulum velit orci,"
      text run at (0,114) width 309: "tempus euismod, pretium quis, interdum vitae, nulla."
      text run at (0,133) width 321: "Phasellus eget ante et tortor condimentum vestibulum."
      text run at (0,152) width 360: "Suspendisse hendrerit quam nec felis. Sed varius turpis vitae"
      text run at (0,171) width 350: "pede. Lorem ipsum dolor sit amet, consectetuer adipiscing"
      text run at (0,190) width 25: "elit. "
      text run at (25,190) width 337: "Lorem ipsum dolor sit amet, consectetuer adipiscing elit."
      text run at (0,209) width 367: "Nulla varius enim ac mi. Curabitur sollicitudin felis quis lectus."
      text run at (0,228) width 362: "Quisque adipiscing rhoncus sem. Proin nulla purus, vulputate"
      text run at (0,247) width 358: "vel, varius ut, euismod et, nisi. Sed vitae felis vel orci sagittis"
      text run at (0,266) width 365: "aliquam. Cras convallis adipiscing sem. Nam nonummy enim."
      text run at (0,285) width 329: "Nullam bibendum lobortis neque. Vestibulum velit orci,"
      text run at (0,304) width 309: "tempus euismod, pretium quis, interdum vitae, nulla."
      text run at (0,323) width 321: "Phasellus eget ante et tortor condimentum vestibulum."
      text run at (0,342) width 360: "Suspendisse hendrerit quam nec felis. Sed varius turpis vitae"
      text run at (0,361) width 350: "pede. Lorem ipsum dolor sit amet, consectetuer adipiscing"
      text run at (0,380) width 25: "elit. "
      text run at (25,380) width 337: "Lorem ipsum dolor sit amet, consectetuer adipiscing elit."
      text run at (0,399) width 367: "Nulla varius enim ac mi. Curabitur sollicitudin felis quis lectus."
      text run at (0,418) width 362: "Quisque adipiscing rhoncus sem. Proin nulla purus, vulputate"
      text run at (0,437) width 358: "vel, varius ut, euismod et, nisi. Sed vitae felis vel orci sagittis"
      text run at (0,456) width 365: "aliquam. Cras convallis adipiscing sem. Nam nonummy enim."
      text run at (0,475) width 329: "Nullam bibendum lobortis neque. Vestibulum velit orci,"
      text run at (0,494) width 309: "tempus euismod, pretium quis, interdum vitae, nulla."
      text run at (0,513) width 321: "Phasellus eget ante et tortor condimentum vestibulum."
      text run at (0,532) width 360: "Suspendisse hendrerit quam nec felis. Sed varius turpis vitae"
      text run at (0,551) width 350: "pede. Lorem ipsum dolor sit amet, consectetuer adipiscing"
      text run at (0,570) width 25: "elit. "
      text run at (25,570) width 337: "Lorem ipsum dolor sit amet, consectetuer adipiscing elit."
      text run at (0,589) width 143: "Nulla varius enim ac mi."
layer at (8,808) size 760x432
  RenderBlock {DIV} at (0,792) size 760x432 [border: (5px solid #800000)]
    RenderBlock (anonymous multi-column span) at (5,154) size 750x28
      RenderBlock {H2} at (0,0) size 750x28 [bgcolor=#EEEEEE]
        RenderText {#text} at (0,0) size 274x28
          text run at (0,0) width 274: "This is a spanning element."
layer at (13,829) size 750x114
  RenderBlock (anonymous multi-column) at (5,21) size 750x114
    RenderBlock {P} at (0,0) size 367x228
      RenderText {#text} at (0,0) size 367x228
        text run at (0,0) width 337: "Lorem ipsum dolor sit amet, consectetuer adipiscing elit."
        text run at (0,19) width 367: "Nulla varius enim ac mi. Curabitur sollicitudin felis quis lectus."
        text run at (0,38) width 362: "Quisque adipiscing rhoncus sem. Proin nulla purus, vulputate"
        text run at (0,57) width 358: "vel, varius ut, euismod et, nisi. Sed vitae felis vel orci sagittis"
        text run at (0,76) width 365: "aliquam. Cras convallis adipiscing sem. Nam nonummy enim."
        text run at (0,95) width 329: "Nullam bibendum lobortis neque. Vestibulum velit orci,"
        text run at (0,114) width 309: "tempus euismod, pretium quis, interdum vitae, nulla."
        text run at (0,133) width 321: "Phasellus eget ante et tortor condimentum vestibulum."
        text run at (0,152) width 360: "Suspendisse hendrerit quam nec felis. Sed varius turpis vitae"
        text run at (0,171) width 350: "pede. Lorem ipsum dolor sit amet, consectetuer adipiscing"
        text run at (0,190) width 25: "elit. "
        text run at (25,190) width 337: "Lorem ipsum dolor sit amet, consectetuer adipiscing elit."
        text run at (0,209) width 143: "Nulla varius enim ac mi."
layer at (13,1009) size 750x210
  RenderBlock (anonymous multi-column) at (5,201) size 750x210
    RenderBlock {P} at (0,0) size 367x400
      RenderText {#text} at (0,0) size 367x400
        text run at (0,0) width 337: "Lorem ipsum dolor sit amet, consectetuer adipiscing elit."
        text run at (0,19) width 367: "Nulla varius enim ac mi. Curabitur sollicitudin felis quis lectus."
        text run at (0,38) width 362: "Quisque adipiscing rhoncus sem. Proin nulla purus, vulputate"
        text run at (0,57) width 358: "vel, varius ut, euismod et, nisi. Sed vitae felis vel orci sagittis"
        text run at (0,76) width 365: "aliquam. Cras convallis adipiscing sem. Nam nonummy enim."
        text run at (0,95) width 329: "Nullam bibendum lobortis neque. Vestibulum velit orci,"
        text run at (0,114) width 309: "tempus euismod, pretium quis, interdum vitae, nulla."
        text run at (0,133) width 321: "Phasellus eget ante et tortor condimentum vestibulum."
        text run at (0,152) width 360: "Suspendisse hendrerit quam nec felis. Sed varius turpis vitae"
        text run at (0,171) width 350: "pede. Lorem ipsum dolor sit amet, consectetuer adipiscing"
        text run at (0,190) width 25: "elit. "
        text run at (25,190) width 337: "Lorem ipsum dolor sit amet, consectetuer adipiscing elit."
        text run at (0,210) width 367: "Nulla varius enim ac mi. Curabitur sollicitudin felis quis lectus."
        text run at (0,229) width 362: "Quisque adipiscing rhoncus sem. Proin nulla purus, vulputate"
        text run at (0,248) width 358: "vel, varius ut, euismod et, nisi. Sed vitae felis vel orci sagittis"
        text run at (0,267) width 365: "aliquam. Cras convallis adipiscing sem. Nam nonummy enim."
        text run at (0,286) width 329: "Nullam bibendum lobortis neque. Vestibulum velit orci,"
        text run at (0,305) width 309: "tempus euismod, pretium quis, interdum vitae, nulla."
        text run at (0,324) width 321: "Phasellus eget ante et tortor condimentum vestibulum."
        text run at (0,343) width 360: "Suspendisse hendrerit quam nec felis. Sed varius turpis vitae"
        text run at (0,362) width 350: "pede. Lorem ipsum dolor sit amet, consectetuer adipiscing"
        text run at (0,381) width 21: "elit."
layer at (8,1256) size 760x415
  RenderBlock {DIV} at (0,1240) size 760x415 [border: (5px solid #800000)]
    RenderBlock (anonymous multi-column span) at (5,138) size 750x28
      RenderBlock {H2} at (0,0) size 750x28 [bgcolor=#EEEEEE]
        RenderText {#text} at (0,0) size 274x28
          text run at (0,0) width 274: "This is a spanning element."
layer at (13,1261) size 750x114
  RenderBlock (anonymous multi-column) at (5,5) size 750x114
    RenderBlock (anonymous) at (0,0) size 367x228
      RenderText {#text} at (0,0) size 367x228
        text run at (0,0) width 337: "Lorem ipsum dolor sit amet, consectetuer adipiscing elit."
        text run at (0,19) width 367: "Nulla varius enim ac mi. Curabitur sollicitudin felis quis lectus."
        text run at (0,38) width 362: "Quisque adipiscing rhoncus sem. Proin nulla purus, vulputate"
        text run at (0,57) width 358: "vel, varius ut, euismod et, nisi. Sed vitae felis vel orci sagittis"
        text run at (0,76) width 365: "aliquam. Cras convallis adipiscing sem. Nam nonummy enim."
        text run at (0,95) width 329: "Nullam bibendum lobortis neque. Vestibulum velit orci,"
        text run at (0,114) width 309: "tempus euismod, pretium quis, interdum vitae, nulla."
        text run at (0,133) width 321: "Phasellus eget ante et tortor condimentum vestibulum."
        text run at (0,152) width 360: "Suspendisse hendrerit quam nec felis. Sed varius turpis vitae"
        text run at (0,171) width 350: "pede. Lorem ipsum dolor sit amet, consectetuer adipiscing"
        text run at (0,190) width 25: "elit. "
        text run at (25,190) width 337: "Lorem ipsum dolor sit amet, consectetuer adipiscing elit."
        text run at (0,209) width 143: "Nulla varius enim ac mi."
layer at (13,1441) size 750x209
  RenderBlock (anonymous multi-column) at (5,185) size 750x209
    RenderBlock (anonymous) at (0,0) size 367x209
      RenderInline {SPAN} at (0,0) size 40x19
        RenderText {#text} at (0,0) size 40x19
          text run at (0,0) width 40: "Lorem"
      RenderText {#text} at (40,0) size 367x209
        text run at (40,0) width 297: " ipsum dolor sit amet, consectetuer adipiscing elit."
        text run at (0,19) width 367: "Nulla varius enim ac mi. Curabitur sollicitudin felis quis lectus."
        text run at (0,38) width 362: "Quisque adipiscing rhoncus sem. Proin nulla purus, vulputate"
        text run at (0,57) width 358: "vel, varius ut, euismod et, nisi. Sed vitae felis vel orci sagittis"
        text run at (0,76) width 365: "aliquam. Cras convallis adipiscing sem. Nam nonummy enim."
        text run at (0,95) width 329: "Nullam bibendum lobortis neque. Vestibulum velit orci,"
        text run at (0,114) width 309: "tempus euismod, pretium quis, interdum vitae, nulla."
        text run at (0,133) width 321: "Phasellus eget ante et tortor condimentum vestibulum."
        text run at (0,152) width 360: "Suspendisse hendrerit quam nec felis. Sed varius turpis vitae"
        text run at (0,171) width 350: "pede. Lorem ipsum dolor sit amet, consectetuer adipiscing"
        text run at (0,190) width 21: "elit."
    RenderBlock {P} at (0,209) size 367x209
      RenderText {#text} at (0,0) size 367x209
        text run at (0,0) width 337: "Lorem ipsum dolor sit amet, consectetuer adipiscing elit."
        text run at (0,19) width 367: "Nulla varius enim ac mi. Curabitur sollicitudin felis quis lectus."
        text run at (0,38) width 362: "Quisque adipiscing rhoncus sem. Proin nulla purus, vulputate"
        text run at (0,57) width 358: "vel, varius ut, euismod et, nisi. Sed vitae felis vel orci sagittis"
        text run at (0,76) width 365: "aliquam. Cras convallis adipiscing sem. Nam nonummy enim."
        text run at (0,95) width 329: "Nullam bibendum lobortis neque. Vestibulum velit orci,"
        text run at (0,114) width 309: "tempus euismod, pretium quis, interdum vitae, nulla."
        text run at (0,133) width 321: "Phasellus eget ante et tortor condimentum vestibulum."
        text run at (0,152) width 360: "Suspendisse hendrerit quam nec felis. Sed varius turpis vitae"
        text run at (0,171) width 350: "pede. Lorem ipsum dolor sit amet, consectetuer adipiscing"
        text run at (0,190) width 21: "elit."
layer at (8,1687) size 760x435
  RenderBlock {DIV} at (0,1671) size 760x435 [border: (5px solid #800000)]
    RenderBlock (anonymous multi-column span) at (5,252) size 750x28
      RenderBlock {H2} at (0,0) size 750x28 [bgcolor=#EEEEEE]
        RenderText {#text} at (0,0) size 274x28
          text run at (0,0) width 274: "This is a spanning element."
layer at (13,1692) size 750x228
  RenderBlock (anonymous multi-column) at (5,5) size 750x228
    RenderBlock (anonymous) at (0,0) size 367x209
      RenderInline {SPAN} at (0,0) size 367x209
        RenderText {#text} at (0,0) size 367x209
          text run at (0,0) width 337: "Lorem ipsum dolor sit amet, consectetuer adipiscing elit."
          text run at (0,19) width 367: "Nulla varius enim ac mi. Curabitur sollicitudin felis quis lectus."
          text run at (0,38) width 362: "Quisque adipiscing rhoncus sem. Proin nulla purus, vulputate"
          text run at (0,57) width 358: "vel, varius ut, euismod et, nisi. Sed vitae felis vel orci sagittis"
          text run at (0,76) width 365: "aliquam. Cras convallis adipiscing sem. Nam nonummy enim."
          text run at (0,95) width 329: "Nullam bibendum lobortis neque. Vestibulum velit orci,"
          text run at (0,114) width 309: "tempus euismod, pretium quis, interdum vitae, nulla."
          text run at (0,133) width 321: "Phasellus eget ante et tortor condimentum vestibulum."
          text run at (0,152) width 360: "Suspendisse hendrerit quam nec felis. Sed varius turpis vitae"
          text run at (0,171) width 350: "pede. Lorem ipsum dolor sit amet, consectetuer adipiscing"
          text run at (0,190) width 21: "elit."
    RenderBlock (anonymous) at (0,209) size 367x38
      RenderBlock {SPAN} at (0,0) size 367x38
        RenderText {#text} at (0,0) size 337x38
          text run at (0,0) width 337: "Lorem ipsum dolor sit amet, consectetuer adipiscing elit."
          text run at (0,19) width 143: "Nulla varius enim ac mi."
    RenderBlock (anonymous) at (0,247) size 367x209
      RenderInline {SPAN} at (0,0) size 40x19
        RenderText {#text} at (0,0) size 40x19
          text run at (0,0) width 40: "Lorem"
      RenderText {#text} at (40,0) size 367x209
        text run at (40,0) width 297: " ipsum dolor sit amet, consectetuer adipiscing elit."
        text run at (0,19) width 367: "Nulla varius enim ac mi. Curabitur sollicitudin felis quis lectus."
        text run at (0,38) width 362: "Quisque adipiscing rhoncus sem. Proin nulla purus, vulputate"
        text run at (0,57) width 358: "vel, varius ut, euismod et, nisi. Sed vitae felis vel orci sagittis"
        text run at (0,76) width 365: "aliquam. Cras convallis adipiscing sem. Nam nonummy enim."
        text run at (0,95) width 329: "Nullam bibendum lobortis neque. Vestibulum velit orci,"
        text run at (0,114) width 309: "tempus euismod, pretium quis, interdum vitae, nulla."
        text run at (0,133) width 321: "Phasellus eget ante et tortor condimentum vestibulum."
        text run at (0,152) width 360: "Suspendisse hendrerit quam nec felis. Sed varius turpis vitae"
        text run at (0,171) width 350: "pede. Lorem ipsum dolor sit amet, consectetuer adipiscing"
        text run at (0,190) width 21: "elit."
layer at (13,1986) size 750x115
  RenderBlock (anonymous multi-column) at (5,299) size 750x115
    RenderBlock {P} at (0,0) size 367x210
      RenderText {#text} at (0,0) size 367x210
        text run at (0,0) width 337: "Lorem ipsum dolor sit amet, consectetuer adipiscing elit."
        text run at (0,19) width 367: "Nulla varius enim ac mi. Curabitur sollicitudin felis quis lectus."
        text run at (0,38) width 362: "Quisque adipiscing rhoncus sem. Proin nulla purus, vulputate"
        text run at (0,57) width 358: "vel, varius ut, euismod et, nisi. Sed vitae felis vel orci sagittis"
        text run at (0,76) width 365: "aliquam. Cras convallis adipiscing sem. Nam nonummy enim."
        text run at (0,95) width 329: "Nullam bibendum lobortis neque. Vestibulum velit orci,"
        text run at (0,115) width 309: "tempus euismod, pretium quis, interdum vitae, nulla."
        text run at (0,134) width 321: "Phasellus eget ante et tortor condimentum vestibulum."
        text run at (0,153) width 360: "Suspendisse hendrerit quam nec felis. Sed varius turpis vitae"
        text run at (0,172) width 350: "pede. Lorem ipsum dolor sit amet, consectetuer adipiscing"
        text run at (0,191) width 21: "elit."
layer at (8,2138) size 760x454
  RenderBlock {DIV} at (0,2122) size 760x454 [border: (5px solid #800000)]
    RenderBlock (anonymous multi-column span) at (5,287) size 750x28
      RenderBlock {H2} at (0,0) size 750x28 [bgcolor=#EEEEEE]
        RenderText {#text} at (0,0) size 274x28
          text run at (0,0) width 274: "This is a spanning element."
layer at (13,2159) size 750x247
  RenderBlock (anonymous multi-column) at (5,21) size 750x247
    RenderBlock {P} at (0,0) size 367x209
      RenderText {#text} at (0,0) size 367x209
        text run at (0,0) width 337: "Lorem ipsum dolor sit amet, consectetuer adipiscing elit."
        text run at (0,19) width 367: "Nulla varius enim ac mi. Curabitur sollicitudin felis quis lectus."
        text run at (0,38) width 362: "Quisque adipiscing rhoncus sem. Proin nulla purus, vulputate"
        text run at (0,57) width 358: "vel, varius ut, euismod et, nisi. Sed vitae felis vel orci sagittis"
        text run at (0,76) width 365: "aliquam. Cras convallis adipiscing sem. Nam nonummy enim."
        text run at (0,95) width 329: "Nullam bibendum lobortis neque. Vestibulum velit orci,"
        text run at (0,114) width 309: "tempus euismod, pretium quis, interdum vitae, nulla."
        text run at (0,133) width 321: "Phasellus eget ante et tortor condimentum vestibulum."
        text run at (0,152) width 360: "Suspendisse hendrerit quam nec felis. Sed varius turpis vitae"
        text run at (0,171) width 350: "pede. Lorem ipsum dolor sit amet, consectetuer adipiscing"
        text run at (0,190) width 21: "elit."
    RenderBlock {P} at (0,225) size 367x41
      RenderText {#text} at (0,0) size 337x41
        text run at (0,0) width 337: "Lorem ipsum dolor sit amet, consectetuer adipiscing elit."
        text run at (0,22) width 143: "Nulla varius enim ac mi."
    RenderBlock {P} at (0,282) size 367x209
      RenderText {#text} at (0,0) size 367x209
        text run at (0,0) width 337: "Lorem ipsum dolor sit amet, consectetuer adipiscing elit."
        text run at (0,19) width 367: "Nulla varius enim ac mi. Curabitur sollicitudin felis quis lectus."
        text run at (0,38) width 362: "Quisque adipiscing rhoncus sem. Proin nulla purus, vulputate"
        text run at (0,57) width 358: "vel, varius ut, euismod et, nisi. Sed vitae felis vel orci sagittis"
        text run at (0,76) width 365: "aliquam. Cras convallis adipiscing sem. Nam nonummy enim."
        text run at (0,95) width 329: "Nullam bibendum lobortis neque. Vestibulum velit orci,"
        text run at (0,114) width 309: "tempus euismod, pretium quis, interdum vitae, nulla."
        text run at (0,133) width 321: "Phasellus eget ante et tortor condimentum vestibulum."
        text run at (0,152) width 360: "Suspendisse hendrerit quam nec felis. Sed varius turpis vitae"
        text run at (0,171) width 350: "pede. Lorem ipsum dolor sit amet, consectetuer adipiscing"
        text run at (0,190) width 21: "elit."
layer at (13,2472) size 750x115
  RenderBlock (anonymous multi-column) at (5,334) size 750x115
    RenderBlock (anonymous) at (0,0) size 367x19
      RenderInline {SPAN} at (0,0) size 337x19
        RenderText {#text} at (0,0) size 337x19
          text run at (0,0) width 337: "Lorem ipsum dolor sit amet, consectetuer adipiscing elit."
    RenderBlock (anonymous) at (0,19) size 367x19
      RenderBlock {SPAN} at (0,0) size 367x19
        RenderText {#text} at (0,0) size 143x19
          text run at (0,0) width 143: "Nulla varius enim ac mi."
    RenderBlock (anonymous) at (0,38) size 367x172
      RenderInline {SPAN} at (0,0) size 364x172
        RenderText {#text} at (0,0) size 364x172
          text run at (0,0) width 337: "Curabitur sollicitudin felis quis lectus. Quisque adipiscing"
          text run at (0,19) width 328: "rhoncus sem. Proin nulla purus, vulputate vel, varius ut,"
          text run at (0,38) width 362: "euismod et, nisi. Sed vitae felis vel orci sagittis aliquam. Cras"
          text run at (0,57) width 325: "convallis adipiscing sem. Nam nonummy enim. Nullam"
          text run at (0,77) width 329: "bibendum lobortis neque. Vestibulum velit orci, tempus"
          text run at (0,96) width 350: "euismod, pretium quis, interdum vitae, nulla. Phasellus eget"
          text run at (0,115) width 311: "ante et tortor condimentum vestibulum. Suspendisse"
          text run at (0,134) width 364: "hendrerit quam nec felis. Sed varius turpis vitae pede. Lorem"
          text run at (0,153) width 293: "ipsum dolor sit amet, consectetuer adipiscing elit."
      RenderText {#text} at (0,0) size 0x0
