layer at (0,0) size 781x2368
  RenderView at (0,0) size 781x600
layer at (0,0) size 781x2368
  RenderBlock {HTML} at (0,0) size 781x2368
    RenderBody {BODY} at (8,16) size 765x2336
layer at (8,16) size 760x350
  RenderBlock {DIV} at (0,0) size 760x350 [border: (5px solid #800000)]
    RenderText {#text} at (5,5) size 363x680
      text run at (5,5) width 354: "Lorem ipsum dolor sit amet, consectetuer adipiscing elit."
      text run at (5,25) width 351: "Nulla varius enim ac mi. Curabitur sollicitudin felis quis"
      text run at (5,45) width 325: "lectus. Quisque adipiscing rhoncus sem. Proin nulla"
      text run at (5,65) width 358: "purus, vulputate vel, varius ut, euismod et, nisi. Sed vitae"
      text run at (5,85) width 343: "felis vel orci sagittis aliquam. Cras convallis adipiscing"
      text run at (5,105) width 340: "sem. Nam nonummy enim. Nullam bibendum lobortis"
      text run at (5,125) width 344: "neque. Vestibulum velit orci, tempus euismod, pretium"
      text run at (5,145) width 343: "quis, interdum vitae, nulla. Phasellus eget ante et tortor"
      text run at (5,165) width 343: "condimentum vestibulum. Suspendisse hendrerit quam"
      text run at (5,185) width 362: "nec felis. Sed varius turpis vitae pede. Lorem ipsum dolor"
      text run at (5,205) width 233: "sit amet, consectetuer adipiscing elit. "
      text run at (238,205) width 121: "Lorem ipsum dolor"
      text run at (5,225) width 363: "sit amet, consectetuer adipiscing elit. Nulla varius enim ac"
      text run at (5,245) width 318: "mi. Curabitur sollicitudin felis quis lectus. Quisque"
      text run at (5,265) width 356: "adipiscing rhoncus sem. Proin nulla purus, vulputate vel,"
      text run at (5,285) width 354: "varius ut, euismod et, nisi. Sed vitae felis vel orci sagittis"
      text run at (5,305) width 351: "aliquam. Cras convallis adipiscing sem. Nam nonummy"
      text run at (5,325) width 358: "enim. Nullam bibendum lobortis neque. Vestibulum velit"
      text run at (5,345) width 361: "orci, tempus euismod, pretium quis, interdum vitae, nulla."
      text run at (5,365) width 339: "Phasellus eget ante et tortor condimentum vestibulum."
      text run at (5,385) width 345: "Suspendisse hendrerit quam nec felis. Sed varius turpis"
      text run at (5,405) width 331: "vitae pede. Lorem ipsum dolor sit amet, consectetuer"
      text run at (5,425) width 95: "adipiscing elit. "
      text run at (100,425) width 259: "Lorem ipsum dolor sit amet, consectetuer"
      text run at (5,445) width 313: "adipiscing elit. Nulla varius enim ac mi. Curabitur"
      text run at (5,465) width 352: "sollicitudin felis quis lectus. Quisque adipiscing rhoncus"
      text run at (5,485) width 353: "sem. Proin nulla purus, vulputate vel, varius ut, euismod"
      text run at (5,505) width 326: "et, nisi. Sed vitae felis vel orci sagittis aliquam. Cras"
      text run at (5,525) width 350: "convallis adipiscing sem. Nam nonummy enim. Nullam"
      text run at (5,545) width 349: "bibendum lobortis neque. Vestibulum velit orci, tempus"
      text run at (5,565) width 343: "euismod, pretium quis, interdum vitae, nulla. Phasellus"
      text run at (5,585) width 357: "eget ante et tortor condimentum vestibulum. Suspendisse"
      text run at (5,605) width 336: "hendrerit quam nec felis. Sed varius turpis vitae pede."
      text run at (5,625) width 354: "Lorem ipsum dolor sit amet, consectetuer adipiscing elit."
      text run at (5,645) width 354: "Lorem ipsum dolor sit amet, consectetuer adipiscing elit."
      text run at (5,665) width 154: "Nulla varius enim ac mi."
layer at (8,382) size 760x350
  RenderBlock {DIV} at (0,366) size 760x350 [border: (5px solid #800000)]
    RenderText {#text} at (5,5) size 363x680
      text run at (5,5) width 354: "Lorem ipsum dolor sit amet, consectetuer adipiscing elit."
      text run at (5,25) width 351: "Nulla varius enim ac mi. Curabitur sollicitudin felis quis"
      text run at (5,45) width 325: "lectus. Quisque adipiscing rhoncus sem. Proin nulla"
      text run at (5,65) width 358: "purus, vulputate vel, varius ut, euismod et, nisi. Sed vitae"
      text run at (5,85) width 343: "felis vel orci sagittis aliquam. Cras convallis adipiscing"
      text run at (5,105) width 340: "sem. Nam nonummy enim. Nullam bibendum lobortis"
      text run at (5,125) width 344: "neque. Vestibulum velit orci, tempus euismod, pretium"
      text run at (5,145) width 343: "quis, interdum vitae, nulla. Phasellus eget ante et tortor"
      text run at (5,165) width 343: "condimentum vestibulum. Suspendisse hendrerit quam"
      text run at (5,185) width 362: "nec felis. Sed varius turpis vitae pede. Lorem ipsum dolor"
      text run at (5,205) width 233: "sit amet, consectetuer adipiscing elit. "
      text run at (238,205) width 121: "Lorem ipsum dolor"
      text run at (5,225) width 363: "sit amet, consectetuer adipiscing elit. Nulla varius enim ac"
      text run at (5,245) width 318: "mi. Curabitur sollicitudin felis quis lectus. Quisque"
      text run at (5,265) width 356: "adipiscing rhoncus sem. Proin nulla purus, vulputate vel,"
      text run at (5,285) width 354: "varius ut, euismod et, nisi. Sed vitae felis vel orci sagittis"
      text run at (5,305) width 351: "aliquam. Cras convallis adipiscing sem. Nam nonummy"
      text run at (5,325) width 358: "enim. Nullam bibendum lobortis neque. Vestibulum velit"
      text run at (5,345) width 361: "orci, tempus euismod, pretium quis, interdum vitae, nulla."
      text run at (5,365) width 339: "Phasellus eget ante et tortor condimentum vestibulum."
      text run at (5,385) width 345: "Suspendisse hendrerit quam nec felis. Sed varius turpis"
      text run at (5,405) width 331: "vitae pede. Lorem ipsum dolor sit amet, consectetuer"
      text run at (5,425) width 95: "adipiscing elit. "
      text run at (100,425) width 259: "Lorem ipsum dolor sit amet, consectetuer"
      text run at (5,445) width 313: "adipiscing elit. Nulla varius enim ac mi. Curabitur"
      text run at (5,465) width 352: "sollicitudin felis quis lectus. Quisque adipiscing rhoncus"
      text run at (5,485) width 353: "sem. Proin nulla purus, vulputate vel, varius ut, euismod"
      text run at (5,505) width 326: "et, nisi. Sed vitae felis vel orci sagittis aliquam. Cras"
      text run at (5,525) width 350: "convallis adipiscing sem. Nam nonummy enim. Nullam"
      text run at (5,545) width 349: "bibendum lobortis neque. Vestibulum velit orci, tempus"
      text run at (5,565) width 343: "euismod, pretium quis, interdum vitae, nulla. Phasellus"
      text run at (5,585) width 357: "eget ante et tortor condimentum vestibulum. Suspendisse"
      text run at (5,605) width 336: "hendrerit quam nec felis. Sed varius turpis vitae pede."
      text run at (5,625) width 354: "Lorem ipsum dolor sit amet, consectetuer adipiscing elit."
      text run at (5,645) width 354: "Lorem ipsum dolor sit amet, consectetuer adipiscing elit."
      text run at (5,665) width 154: "Nulla varius enim ac mi."
layer at (8,748) size 760x386
  RenderBlock {DIV} at (0,732) size 760x386 [border: (5px solid #800000)]
    RenderBlock {P} at (5,21) size 367x260
      RenderText {#text} at (0,0) size 363x260
        text run at (0,0) width 354: "Lorem ipsum dolor sit amet, consectetuer adipiscing elit."
        text run at (0,20) width 351: "Nulla varius enim ac mi. Curabitur sollicitudin felis quis"
        text run at (0,40) width 325: "lectus. Quisque adipiscing rhoncus sem. Proin nulla"
        text run at (0,60) width 358: "purus, vulputate vel, varius ut, euismod et, nisi. Sed vitae"
        text run at (0,80) width 343: "felis vel orci sagittis aliquam. Cras convallis adipiscing"
        text run at (0,100) width 340: "sem. Nam nonummy enim. Nullam bibendum lobortis"
        text run at (0,120) width 344: "neque. Vestibulum velit orci, tempus euismod, pretium"
        text run at (0,140) width 343: "quis, interdum vitae, nulla. Phasellus eget ante et tortor"
        text run at (0,160) width 343: "condimentum vestibulum. Suspendisse hendrerit quam"
        text run at (0,180) width 362: "nec felis. Sed varius turpis vitae pede. Lorem ipsum dolor"
        text run at (0,200) width 233: "sit amet, consectetuer adipiscing elit. "
        text run at (233,200) width 121: "Lorem ipsum dolor"
        text run at (0,220) width 363: "sit amet, consectetuer adipiscing elit. Nulla varius enim ac"
        text run at (0,240) width 20: "mi."
    RenderBlock {P} at (5,297) size 367x440
      RenderText {#text} at (0,0) size 363x440
        text run at (0,0) width 354: "Lorem ipsum dolor sit amet, consectetuer adipiscing elit."
        text run at (0,20) width 351: "Nulla varius enim ac mi. Curabitur sollicitudin felis quis"
        text run at (0,40) width 325: "lectus. Quisque adipiscing rhoncus sem. Proin nulla"
        text run at (0,60) width 358: "purus, vulputate vel, varius ut, euismod et, nisi. Sed vitae"
        text run at (0,80) width 343: "felis vel orci sagittis aliquam. Cras convallis adipiscing"
        text run at (0,100) width 340: "sem. Nam nonummy enim. Nullam bibendum lobortis"
        text run at (0,120) width 344: "neque. Vestibulum velit orci, tempus euismod, pretium"
        text run at (0,140) width 343: "quis, interdum vitae, nulla. Phasellus eget ante et tortor"
        text run at (0,160) width 343: "condimentum vestibulum. Suspendisse hendrerit quam"
        text run at (0,180) width 362: "nec felis. Sed varius turpis vitae pede. Lorem ipsum dolor"
        text run at (0,200) width 233: "sit amet, consectetuer adipiscing elit. "
        text run at (233,200) width 121: "Lorem ipsum dolor"
        text run at (0,220) width 363: "sit amet, consectetuer adipiscing elit. Nulla varius enim ac"
        text run at (0,240) width 318: "mi. Curabitur sollicitudin felis quis lectus. Quisque"
        text run at (0,260) width 356: "adipiscing rhoncus sem. Proin nulla purus, vulputate vel,"
        text run at (0,280) width 354: "varius ut, euismod et, nisi. Sed vitae felis vel orci sagittis"
        text run at (0,300) width 351: "aliquam. Cras convallis adipiscing sem. Nam nonummy"
        text run at (0,320) width 358: "enim. Nullam bibendum lobortis neque. Vestibulum velit"
        text run at (0,340) width 361: "orci, tempus euismod, pretium quis, interdum vitae, nulla."
        text run at (0,360) width 339: "Phasellus eget ante et tortor condimentum vestibulum."
        text run at (0,380) width 345: "Suspendisse hendrerit quam nec felis. Sed varius turpis"
        text run at (0,400) width 331: "vitae pede. Lorem ipsum dolor sit amet, consectetuer"
        text run at (0,420) width 91: "adipiscing elit."
layer at (8,1150) size 760x382
  RenderBlock {DIV} at (0,1134) size 760x382 [border: (5px solid #800000)]
    RenderBlock (anonymous) at (5,5) size 367x260
      RenderText {#text} at (0,0) size 363x260
        text run at (0,0) width 354: "Lorem ipsum dolor sit amet, consectetuer adipiscing elit."
        text run at (0,20) width 351: "Nulla varius enim ac mi. Curabitur sollicitudin felis quis"
        text run at (0,40) width 325: "lectus. Quisque adipiscing rhoncus sem. Proin nulla"
        text run at (0,60) width 358: "purus, vulputate vel, varius ut, euismod et, nisi. Sed vitae"
        text run at (0,80) width 343: "felis vel orci sagittis aliquam. Cras convallis adipiscing"
        text run at (0,100) width 340: "sem. Nam nonummy enim. Nullam bibendum lobortis"
        text run at (0,120) width 344: "neque. Vestibulum velit orci, tempus euismod, pretium"
        text run at (0,140) width 343: "quis, interdum vitae, nulla. Phasellus eget ante et tortor"
        text run at (0,160) width 343: "condimentum vestibulum. Suspendisse hendrerit quam"
        text run at (0,180) width 362: "nec felis. Sed varius turpis vitae pede. Lorem ipsum dolor"
        text run at (0,200) width 233: "sit amet, consectetuer adipiscing elit. "
        text run at (233,200) width 121: "Lorem ipsum dolor"
        text run at (0,220) width 363: "sit amet, consectetuer adipiscing elit. Nulla varius enim ac"
        text run at (0,240) width 20: "mi."
    RenderBlock (anonymous) at (5,265) size 367x220
      RenderInline {SPAN} at (0,0) size 42x20
        RenderText {#text} at (0,0) size 42x20
          text run at (0,0) width 42: "Lorem"
      RenderText {#text} at (42,0) size 362x220
        text run at (42,0) width 312: " ipsum dolor sit amet, consectetuer adipiscing elit."
        text run at (0,20) width 351: "Nulla varius enim ac mi. Curabitur sollicitudin felis quis"
        text run at (0,40) width 325: "lectus. Quisque adipiscing rhoncus sem. Proin nulla"
        text run at (0,60) width 358: "purus, vulputate vel, varius ut, euismod et, nisi. Sed vitae"
        text run at (0,80) width 343: "felis vel orci sagittis aliquam. Cras convallis adipiscing"
        text run at (0,100) width 340: "sem. Nam nonummy enim. Nullam bibendum lobortis"
        text run at (0,120) width 344: "neque. Vestibulum velit orci, tempus euismod, pretium"
        text run at (0,140) width 343: "quis, interdum vitae, nulla. Phasellus eget ante et tortor"
        text run at (0,160) width 343: "condimentum vestibulum. Suspendisse hendrerit quam"
        text run at (0,180) width 362: "nec felis. Sed varius turpis vitae pede. Lorem ipsum dolor"
        text run at (0,200) width 229: "sit amet, consectetuer adipiscing elit."
    RenderBlock {P} at (5,501) size 367x220
      RenderText {#text} at (0,0) size 362x220
        text run at (0,0) width 354: "Lorem ipsum dolor sit amet, consectetuer adipiscing elit."
        text run at (0,20) width 351: "Nulla varius enim ac mi. Curabitur sollicitudin felis quis"
        text run at (0,40) width 325: "lectus. Quisque adipiscing rhoncus sem. Proin nulla"
        text run at (0,60) width 358: "purus, vulputate vel, varius ut, euismod et, nisi. Sed vitae"
        text run at (0,80) width 343: "felis vel orci sagittis aliquam. Cras convallis adipiscing"
        text run at (0,100) width 340: "sem. Nam nonummy enim. Nullam bibendum lobortis"
        text run at (0,120) width 344: "neque. Vestibulum velit orci, tempus euismod, pretium"
        text run at (0,140) width 343: "quis, interdum vitae, nulla. Phasellus eget ante et tortor"
        text run at (0,160) width 343: "condimentum vestibulum. Suspendisse hendrerit quam"
        text run at (0,180) width 362: "nec felis. Sed varius turpis vitae pede. Lorem ipsum dolor"
        text run at (0,200) width 229: "sit amet, consectetuer adipiscing elit."
layer at (8,1548) size 760x382
  RenderBlock {DIV} at (0,1532) size 760x382 [border: (5px solid #800000)]
    RenderBlock (anonymous) at (5,5) size 367x220
      RenderInline {SPAN} at (0,0) size 362x220
        RenderText {#text} at (0,0) size 362x220
          text run at (0,0) width 354: "Lorem ipsum dolor sit amet, consectetuer adipiscing elit."
          text run at (0,20) width 351: "Nulla varius enim ac mi. Curabitur sollicitudin felis quis"
          text run at (0,40) width 325: "lectus. Quisque adipiscing rhoncus sem. Proin nulla"
          text run at (0,60) width 358: "purus, vulputate vel, varius ut, euismod et, nisi. Sed vitae"
          text run at (0,80) width 343: "felis vel orci sagittis aliquam. Cras convallis adipiscing"
          text run at (0,100) width 340: "sem. Nam nonummy enim. Nullam bibendum lobortis"
          text run at (0,120) width 344: "neque. Vestibulum velit orci, tempus euismod, pretium"
          text run at (0,140) width 343: "quis, interdum vitae, nulla. Phasellus eget ante et tortor"
          text run at (0,160) width 343: "condimentum vestibulum. Suspendisse hendrerit quam"
          text run at (0,180) width 362: "nec felis. Sed varius turpis vitae pede. Lorem ipsum dolor"
          text run at (0,200) width 229: "sit amet, consectetuer adipiscing elit."
    RenderBlock (anonymous) at (5,225) size 367x40
      RenderBlock {SPAN} at (0,0) size 367x40
        RenderText {#text} at (0,0) size 354x40
          text run at (0,0) width 354: "Lorem ipsum dolor sit amet, consectetuer adipiscing elit."
          text run at (0,20) width 154: "Nulla varius enim ac mi."
    RenderBlock (anonymous) at (5,265) size 367x220
      RenderInline {SPAN} at (0,0) size 42x20
        RenderText {#text} at (0,0) size 42x20
          text run at (0,0) width 42: "Lorem"
      RenderText {#text} at (42,0) size 362x220
        text run at (42,0) width 312: " ipsum dolor sit amet, consectetuer adipiscing elit."
        text run at (0,20) width 351: "Nulla varius enim ac mi. Curabitur sollicitudin felis quis"
        text run at (0,40) width 325: "lectus. Quisque adipiscing rhoncus sem. Proin nulla"
        text run at (0,60) width 358: "purus, vulputate vel, varius ut, euismod et, nisi. Sed vitae"
        text run at (0,80) width 343: "felis vel orci sagittis aliquam. Cras convallis adipiscing"
        text run at (0,100) width 340: "sem. Nam nonummy enim. Nullam bibendum lobortis"
        text run at (0,120) width 344: "neque. Vestibulum velit orci, tempus euismod, pretium"
        text run at (0,140) width 343: "quis, interdum vitae, nulla. Phasellus eget ante et tortor"
        text run at (0,160) width 343: "condimentum vestibulum. Suspendisse hendrerit quam"
        text run at (0,180) width 362: "nec felis. Sed varius turpis vitae pede. Lorem ipsum dolor"
        text run at (0,200) width 229: "sit amet, consectetuer adipiscing elit."
    RenderBlock {P} at (5,501) size 367x220
      RenderText {#text} at (0,0) size 362x220
        text run at (0,0) width 354: "Lorem ipsum dolor sit amet, consectetuer adipiscing elit."
        text run at (0,20) width 351: "Nulla varius enim ac mi. Curabitur sollicitudin felis quis"
        text run at (0,40) width 325: "lectus. Quisque adipiscing rhoncus sem. Proin nulla"
        text run at (0,60) width 358: "purus, vulputate vel, varius ut, euismod et, nisi. Sed vitae"
        text run at (0,80) width 343: "felis vel orci sagittis aliquam. Cras convallis adipiscing"
        text run at (0,100) width 340: "sem. Nam nonummy enim. Nullam bibendum lobortis"
        text run at (0,120) width 344: "neque. Vestibulum velit orci, tempus euismod, pretium"
        text run at (0,140) width 343: "quis, interdum vitae, nulla. Phasellus eget ante et tortor"
        text run at (0,160) width 343: "condimentum vestibulum. Suspendisse hendrerit quam"
        text run at (0,180) width 362: "nec felis. Sed varius turpis vitae pede. Lorem ipsum dolor"
        text run at (0,200) width 229: "sit amet, consectetuer adipiscing elit."
layer at (8,1946) size 760x406
  RenderBlock {DIV} at (0,1930) size 760x406 [border: (5px solid #800000)]
    RenderBlock {P} at (5,21) size 367x220
      RenderText {#text} at (0,0) size 362x220
        text run at (0,0) width 354: "Lorem ipsum dolor sit amet, consectetuer adipiscing elit."
        text run at (0,20) width 351: "Nulla varius enim ac mi. Curabitur sollicitudin felis quis"
        text run at (0,40) width 325: "lectus. Quisque adipiscing rhoncus sem. Proin nulla"
        text run at (0,60) width 358: "purus, vulputate vel, varius ut, euismod et, nisi. Sed vitae"
        text run at (0,80) width 343: "felis vel orci sagittis aliquam. Cras convallis adipiscing"
        text run at (0,100) width 340: "sem. Nam nonummy enim. Nullam bibendum lobortis"
        text run at (0,120) width 344: "neque. Vestibulum velit orci, tempus euismod, pretium"
        text run at (0,140) width 343: "quis, interdum vitae, nulla. Phasellus eget ante et tortor"
        text run at (0,160) width 343: "condimentum vestibulum. Suspendisse hendrerit quam"
        text run at (0,180) width 362: "nec felis. Sed varius turpis vitae pede. Lorem ipsum dolor"
        text run at (0,200) width 229: "sit amet, consectetuer adipiscing elit."
    RenderBlock {P} at (5,257) size 367x40
      RenderText {#text} at (0,0) size 354x40
        text run at (0,0) width 354: "Lorem ipsum dolor sit amet, consectetuer adipiscing elit."
        text run at (0,20) width 154: "Nulla varius enim ac mi."
    RenderBlock {P} at (5,313) size 367x220
      RenderText {#text} at (0,0) size 362x220
        text run at (0,0) width 354: "Lorem ipsum dolor sit amet, consectetuer adipiscing elit."
        text run at (0,20) width 351: "Nulla varius enim ac mi. Curabitur sollicitudin felis quis"
        text run at (0,40) width 325: "lectus. Quisque adipiscing rhoncus sem. Proin nulla"
        text run at (0,60) width 358: "purus, vulputate vel, varius ut, euismod et, nisi. Sed vitae"
        text run at (0,80) width 343: "felis vel orci sagittis aliquam. Cras convallis adipiscing"
        text run at (0,100) width 340: "sem. Nam nonummy enim. Nullam bibendum lobortis"
        text run at (0,120) width 344: "neque. Vestibulum velit orci, tempus euismod, pretium"
        text run at (0,140) width 343: "quis, interdum vitae, nulla. Phasellus eget ante et tortor"
        text run at (0,160) width 343: "condimentum vestibulum. Suspendisse hendrerit quam"
        text run at (0,180) width 362: "nec felis. Sed varius turpis vitae pede. Lorem ipsum dolor"
        text run at (0,200) width 229: "sit amet, consectetuer adipiscing elit."
    RenderBlock (anonymous) at (5,549) size 367x20
      RenderInline {SPAN} at (0,0) size 354x20
        RenderText {#text} at (0,0) size 354x20
          text run at (0,0) width 354: "Lorem ipsum dolor sit amet, consectetuer adipiscing elit."
    RenderBlock (anonymous) at (5,569) size 367x20
      RenderBlock {SPAN} at (0,0) size 367x20
        RenderText {#text} at (0,0) size 154x20
          text run at (0,0) width 154: "Nulla varius enim ac mi."
    RenderBlock (anonymous) at (5,589) size 367x200
      RenderInline {SPAN} at (0,0) size 362x200
        RenderText {#text} at (0,0) size 362x200
          text run at (0,0) width 362: "Curabitur sollicitudin felis quis lectus. Quisque adipiscing"
          text run at (0,20) width 350: "rhoncus sem. Proin nulla purus, vulputate vel, varius ut,"
          text run at (0,40) width 350: "euismod et, nisi. Sed vitae felis vel orci sagittis aliquam."
          text run at (0,60) width 332: "Cras convallis adipiscing sem. Nam nonummy enim."
          text run at (0,80) width 351: "Nullam bibendum lobortis neque. Vestibulum velit orci,"
          text run at (0,100) width 329: "tempus euismod, pretium quis, interdum vitae, nulla."
          text run at (0,120) width 339: "Phasellus eget ante et tortor condimentum vestibulum."
          text run at (0,140) width 345: "Suspendisse hendrerit quam nec felis. Sed varius turpis"
          text run at (0,160) width 331: "vitae pede. Lorem ipsum dolor sit amet, consectetuer"
          text run at (0,180) width 91: "adipiscing elit."
      RenderText {#text} at (0,0) size 0x0
