layer at (0,0) size 781x1676
  RenderView at (0,0) size 781x600
layer at (0,0) size 781x1676
  RenderBlock {HTML} at (0,0) size 781x1676
    RenderBody {BODY} at (8,16) size 765x1644
layer at (8,16) size 760x532
  RenderBlock {DIV} at (0,0) size 760x532 [border: (5px solid #800000)]
    RenderBlock (anonymous multi-column span) at (5,244) size 750x33
      RenderBlock {H2} at (0,0) size 750x33 [bgcolor=#EEEEEE]
        RenderText {#text} at (0,0) size 193x33
          text run at (0,0) width 193: "This is a first span."
    RenderBlock (anonymous multi-column span) at (5,335) size 750x33
      RenderBlock {H2} at (0,0) size 750x33 [bgcolor=#EEEEEE]
        RenderText {#text} at (0,0) size 219x33
          text run at (0,0) width 219: "This is a second span."
layer at (13,21) size 750x220
  RenderBlock (anonymous multi-column) at (5,5) size 750x220
    RenderText {#text} at (0,0) size 363x440
      text run at (0,0) width 354: "Lorem ipsum dolor sit amet, consectetuer adipiscing elit."
      text run at (0,20) width 351: "Nulla varius enim ac mi. Curabitur sollicitudin felis quis"
      text run at (0,40) width 325: "lectus. Quisque adipiscing rhoncus sem. Proin nulla"
      text run at (0,60) width 358: "purus, vulputate vel, varius ut, euismod et, nisi. Sed vitae"
      text run at (0,80) width 343: "felis vel orci sagittis aliquam. Cras convallis adipiscing"
      text run at (0,100) width 340: "sem. Nam nonummy enim. Nullam bibendum lobortis"
      text run at (0,120) width 344: "neque. Vestibulum velit orci, tempus euismod, pretium"
      text run at (0,140) width 343: "quis, interdum vitae, nulla. Phasellus eget ante et tortor"
      text run at (0,160) width 343: "condimentum vestibulum. Suspendisse hendrerit quam"
      text run at (0,180) width 362: "nec felis. Sed varius turpis vitae pede. Lorem ipsum dolor"
      text run at (0,200) width 233: "sit amet, consectetuer adipiscing elit. "
      text run at (233,200) width 121: "Lorem ipsum dolor"
      text run at (0,220) width 363: "sit amet, consectetuer adipiscing elit. Nulla varius enim ac"
      text run at (0,240) width 318: "mi. Curabitur sollicitudin felis quis lectus. Quisque"
      text run at (0,260) width 356: "adipiscing rhoncus sem. Proin nulla purus, vulputate vel,"
      text run at (0,280) width 354: "varius ut, euismod et, nisi. Sed vitae felis vel orci sagittis"
      text run at (0,300) width 351: "aliquam. Cras convallis adipiscing sem. Nam nonummy"
      text run at (0,320) width 358: "enim. Nullam bibendum lobortis neque. Vestibulum velit"
      text run at (0,340) width 361: "orci, tempus euismod, pretium quis, interdum vitae, nulla."
      text run at (0,360) width 339: "Phasellus eget ante et tortor condimentum vestibulum."
      text run at (0,380) width 345: "Suspendisse hendrerit quam nec felis. Sed varius turpis"
      text run at (0,400) width 331: "vitae pede. Lorem ipsum dolor sit amet, consectetuer"
      text run at (0,420) width 91: "adipiscing elit."
layer at (13,312) size 750x20
  RenderBlock (anonymous multi-column) at (5,296) size 750x20
    RenderText {#text} at (0,0) size 308x40
      text run at (0,0) width 308: "This text should be sitting between two spanning"
      text run at (0,20) width 59: "elements."
layer at (13,403) size 750x140
  RenderBlock (anonymous multi-column) at (5,387) size 750x140
    RenderText {#text} at (0,0) size 363x260
      text run at (0,0) width 354: "Lorem ipsum dolor sit amet, consectetuer adipiscing elit."
      text run at (0,20) width 351: "Nulla varius enim ac mi. Curabitur sollicitudin felis quis"
      text run at (0,40) width 325: "lectus. Quisque adipiscing rhoncus sem. Proin nulla"
      text run at (0,60) width 358: "purus, vulputate vel, varius ut, euismod et, nisi. Sed vitae"
      text run at (0,80) width 343: "felis vel orci sagittis aliquam. Cras convallis adipiscing"
      text run at (0,100) width 340: "sem. Nam nonummy enim. Nullam bibendum lobortis"
      text run at (0,120) width 344: "neque. Vestibulum velit orci, tempus euismod, pretium"
      text run at (0,140) width 343: "quis, interdum vitae, nulla. Phasellus eget ante et tortor"
      text run at (0,160) width 343: "condimentum vestibulum. Suspendisse hendrerit quam"
      text run at (0,180) width 362: "nec felis. Sed varius turpis vitae pede. Lorem ipsum dolor"
      text run at (0,200) width 233: "sit amet, consectetuer adipiscing elit. "
      text run at (233,200) width 121: "Lorem ipsum dolor"
      text run at (0,220) width 363: "sit amet, consectetuer adipiscing elit. Nulla varius enim ac"
      text run at (0,240) width 20: "mi."
layer at (8,564) size 760x548
  RenderBlock {DIV} at (0,548) size 760x548 [border: (5px solid #800000)]
    RenderBlock (anonymous multi-column span) at (5,160) size 750x33
      RenderBlock {H2} at (0,0) size 750x33 [bgcolor=#EEEEEE]
        RenderText {#text} at (0,0) size 193x33
          text run at (0,0) width 193: "This is a first span."
    RenderBlock (anonymous multi-column span) at (5,351) size 750x33
      RenderBlock {H2} at (0,0) size 750x33 [bgcolor=#EEEEEE]
        RenderText {#text} at (0,0) size 219x33
          text run at (0,0) width 219: "This is a second span."
layer at (13,585) size 750x120
  RenderBlock (anonymous multi-column) at (5,21) size 750x120
    RenderBlock {P} at (0,0) size 367x220
      RenderText {#text} at (0,0) size 362x220
        text run at (0,0) width 354: "Lorem ipsum dolor sit amet, consectetuer adipiscing elit."
        text run at (0,20) width 351: "Nulla varius enim ac mi. Curabitur sollicitudin felis quis"
        text run at (0,40) width 325: "lectus. Quisque adipiscing rhoncus sem. Proin nulla"
        text run at (0,60) width 358: "purus, vulputate vel, varius ut, euismod et, nisi. Sed vitae"
        text run at (0,80) width 343: "felis vel orci sagittis aliquam. Cras convallis adipiscing"
        text run at (0,100) width 340: "sem. Nam nonummy enim. Nullam bibendum lobortis"
        text run at (0,120) width 344: "neque. Vestibulum velit orci, tempus euismod, pretium"
        text run at (0,140) width 343: "quis, interdum vitae, nulla. Phasellus eget ante et tortor"
        text run at (0,160) width 343: "condimentum vestibulum. Suspendisse hendrerit quam"
        text run at (0,180) width 362: "nec felis. Sed varius turpis vitae pede. Lorem ipsum dolor"
        text run at (0,200) width 229: "sit amet, consectetuer adipiscing elit."
layer at (13,776) size 750x120
  RenderBlock (anonymous multi-column) at (5,212) size 750x120
    RenderBlock {P} at (0,0) size 367x220
      RenderText {#text} at (0,0) size 362x220
        text run at (0,0) width 354: "Lorem ipsum dolor sit amet, consectetuer adipiscing elit."
        text run at (0,20) width 351: "Nulla varius enim ac mi. Curabitur sollicitudin felis quis"
        text run at (0,40) width 325: "lectus. Quisque adipiscing rhoncus sem. Proin nulla"
        text run at (0,60) width 358: "purus, vulputate vel, varius ut, euismod et, nisi. Sed vitae"
        text run at (0,80) width 343: "felis vel orci sagittis aliquam. Cras convallis adipiscing"
        text run at (0,100) width 340: "sem. Nam nonummy enim. Nullam bibendum lobortis"
        text run at (0,120) width 344: "neque. Vestibulum velit orci, tempus euismod, pretium"
        text run at (0,140) width 343: "quis, interdum vitae, nulla. Phasellus eget ante et tortor"
        text run at (0,160) width 343: "condimentum vestibulum. Suspendisse hendrerit quam"
        text run at (0,180) width 362: "nec felis. Sed varius turpis vitae pede. Lorem ipsum dolor"
        text run at (0,200) width 229: "sit amet, consectetuer adipiscing elit."
layer at (13,967) size 750x140
  RenderBlock (anonymous multi-column) at (5,403) size 750x140
    RenderText {#text} at (0,0) size 363x260
      text run at (0,0) width 354: "Lorem ipsum dolor sit amet, consectetuer adipiscing elit."
      text run at (0,20) width 351: "Nulla varius enim ac mi. Curabitur sollicitudin felis quis"
      text run at (0,40) width 325: "lectus. Quisque adipiscing rhoncus sem. Proin nulla"
      text run at (0,60) width 358: "purus, vulputate vel, varius ut, euismod et, nisi. Sed vitae"
      text run at (0,80) width 343: "felis vel orci sagittis aliquam. Cras convallis adipiscing"
      text run at (0,100) width 340: "sem. Nam nonummy enim. Nullam bibendum lobortis"
      text run at (0,120) width 344: "neque. Vestibulum velit orci, tempus euismod, pretium"
      text run at (0,140) width 343: "quis, interdum vitae, nulla. Phasellus eget ante et tortor"
      text run at (0,160) width 343: "condimentum vestibulum. Suspendisse hendrerit quam"
      text run at (0,180) width 362: "nec felis. Sed varius turpis vitae pede. Lorem ipsum dolor"
      text run at (0,200) width 233: "sit amet, consectetuer adipiscing elit. "
      text run at (233,200) width 121: "Lorem ipsum dolor"
      text run at (0,220) width 363: "sit amet, consectetuer adipiscing elit. Nulla varius enim ac"
      text run at (0,240) width 20: "mi."
layer at (8,1128) size 760x532
  RenderBlock {DIV} at (0,1112) size 760x532 [border: (5px solid #800000)]
    RenderBlock (anonymous multi-column span) at (5,144) size 750x33
      RenderBlock {H2} at (0,0) size 750x33 [bgcolor=#EEEEEE]
        RenderText {#text} at (0,0) size 193x33
          text run at (0,0) width 193: "This is a first span."
    RenderBlock (anonymous multi-column span) at (5,335) size 750x33
      RenderBlock {H2} at (0,0) size 750x33 [bgcolor=#EEEEEE]
        RenderText {#text} at (0,0) size 219x33
          text run at (0,0) width 219: "This is a second span."
layer at (13,1133) size 750x120
  RenderBlock (anonymous multi-column) at (5,5) size 750x120
    RenderBlock (anonymous) at (0,0) size 367x0
      RenderInline {SPAN} at (0,0) size 0x0
        RenderText {#text} at (0,0) size 0x0
    RenderBlock (anonymous) at (0,0) size 367x220
      RenderBlock {SPAN} at (0,0) size 367x220
        RenderText {#text} at (0,0) size 362x220
          text run at (0,0) width 354: "Lorem ipsum dolor sit amet, consectetuer adipiscing elit."
          text run at (0,20) width 351: "Nulla varius enim ac mi. Curabitur sollicitudin felis quis"
          text run at (0,40) width 325: "lectus. Quisque adipiscing rhoncus sem. Proin nulla"
          text run at (0,60) width 358: "purus, vulputate vel, varius ut, euismod et, nisi. Sed vitae"
          text run at (0,80) width 343: "felis vel orci sagittis aliquam. Cras convallis adipiscing"
          text run at (0,100) width 340: "sem. Nam nonummy enim. Nullam bibendum lobortis"
          text run at (0,120) width 344: "neque. Vestibulum velit orci, tempus euismod, pretium"
          text run at (0,140) width 343: "quis, interdum vitae, nulla. Phasellus eget ante et tortor"
          text run at (0,160) width 343: "condimentum vestibulum. Suspendisse hendrerit quam"
          text run at (0,180) width 362: "nec felis. Sed varius turpis vitae pede. Lorem ipsum dolor"
          text run at (0,200) width 229: "sit amet, consectetuer adipiscing elit."
    RenderBlock (anonymous) at (0,220) size 367x0
      RenderInline {SPAN} at (0,0) size 0x0
      RenderText {#text} at (0,0) size 0x0
layer at (13,1324) size 750x120
  RenderBlock (anonymous multi-column) at (5,196) size 750x120
    RenderBlock {P} at (0,0) size 367x220
      RenderText {#text} at (0,0) size 362x220
        text run at (0,0) width 354: "Lorem ipsum dolor sit amet, consectetuer adipiscing elit."
        text run at (0,20) width 351: "Nulla varius enim ac mi. Curabitur sollicitudin felis quis"
        text run at (0,40) width 325: "lectus. Quisque adipiscing rhoncus sem. Proin nulla"
        text run at (0,60) width 358: "purus, vulputate vel, varius ut, euismod et, nisi. Sed vitae"
        text run at (0,80) width 343: "felis vel orci sagittis aliquam. Cras convallis adipiscing"
        text run at (0,100) width 340: "sem. Nam nonummy enim. Nullam bibendum lobortis"
        text run at (0,120) width 344: "neque. Vestibulum velit orci, tempus euismod, pretium"
        text run at (0,140) width 343: "quis, interdum vitae, nulla. Phasellus eget ante et tortor"
        text run at (0,160) width 343: "condimentum vestibulum. Suspendisse hendrerit quam"
        text run at (0,180) width 362: "nec felis. Sed varius turpis vitae pede. Lorem ipsum dolor"
        text run at (0,200) width 229: "sit amet, consectetuer adipiscing elit."
layer at (13,1515) size 750x140
  RenderBlock (anonymous multi-column) at (5,387) size 750x140
    RenderText {#text} at (0,0) size 363x260
      text run at (0,0) width 354: "Lorem ipsum dolor sit amet, consectetuer adipiscing elit."
      text run at (0,20) width 351: "Nulla varius enim ac mi. Curabitur sollicitudin felis quis"
      text run at (0,40) width 325: "lectus. Quisque adipiscing rhoncus sem. Proin nulla"
      text run at (0,60) width 358: "purus, vulputate vel, varius ut, euismod et, nisi. Sed vitae"
      text run at (0,80) width 343: "felis vel orci sagittis aliquam. Cras convallis adipiscing"
      text run at (0,100) width 340: "sem. Nam nonummy enim. Nullam bibendum lobortis"
      text run at (0,120) width 344: "neque. Vestibulum velit orci, tempus euismod, pretium"
      text run at (0,140) width 343: "quis, interdum vitae, nulla. Phasellus eget ante et tortor"
      text run at (0,160) width 343: "condimentum vestibulum. Suspendisse hendrerit quam"
      text run at (0,180) width 362: "nec felis. Sed varius turpis vitae pede. Lorem ipsum dolor"
      text run at (0,200) width 233: "sit amet, consectetuer adipiscing elit. "
      text run at (233,200) width 121: "Lorem ipsum dolor"
      text run at (0,220) width 363: "sit amet, consectetuer adipiscing elit. Nulla varius enim ac"
      text run at (0,240) width 20: "mi."
