layer at (0,0) size 800x749
  RenderView at (0,0) size 800x600
layer at (0,0) size 800x749
  RenderBlock {HTML} at (0,0) size 800x749
    RenderBody {BODY} at (8,8) size 784x733 [bgcolor=#008000]
      RenderBlock {P} at (0,0) size 784x19
        RenderText {#text} at (0,0) size 354x19
          text run at (0,0) width 354: "The style declarations which apply to the text below are:"
      RenderBlock {PRE} at (0,33) size 784x76
        RenderText {#text} at (0,1) size 648x74
          text run at (0,1) width 648: "BODY {background: green url(../resources/oransqr.gif) repeat-x center top fixed;}"
          text run at (648,1) width 0: " "
          text run at (0,20) width 568: ".one {background: lime url(../resources/oransqr.gif) repeat-y 100% 0%;}"
          text run at (568,20) width 0: " "
          text run at (0,39) width 592: ".two {background: lime url(../resources/oransqr.gif) repeat-y center top;}"
          text run at (592,39) width 0: " "
          text run at (0,58) width 592: ".three {background: lime url(../resources/oransqr.gif) repeat-x left top;}"
          text run at (592,58) width 0: " "
      RenderBlock {HR} at (0,123) size 784x2 [border: (1px inset #000000)]
      RenderBlock {P} at (0,139) size 784x58
        RenderText {#text} at (0,0) size 739x19
          text run at (0,0) width 739: "This document should have a green background with an orange strip running across the entire top of the page, since"
        RenderInline {CODE} at (0,0) size 64x17
          RenderText {#text} at (0,21) size 64x17
            text run at (0,21) width 64: "repeat-x"
        RenderText {#text} at (64,19) size 750x39
          text run at (64,19) width 294: " indicates tiling in both directions of the x-axis. "
          text run at (358,19) width 300: "Furthermore, the strip should be fixed in place. "
          text run at (658,19) width 92: "I'll have to add"
          text run at (0,39) width 494: "extra text at the end of this page to make it long enough to scroll conveniently."
      RenderBlock {P} at (0,211) size 784x57 [bgcolor=#00FF00]
        RenderText {#text} at (0,0) size 761x57
          text run at (0,0) width 754: "This paragraph should have a lime background and an orange strip which starts at the top right and runs to the bottom."
          text run at (0,19) width 761: "Therefore, extra text would be in order, so that we can intelligently evaluate the performance of your browser in handling"
          text run at (0,38) width 124: "these declarations. "
          text run at (124,38) width 305: "Hey, I didn't say the page would be pretty, did I?"
      RenderBlock {P} at (0,282) size 784x57 [bgcolor=#00FF00]
        RenderText {#text} at (0,0) size 766x57
          text run at (0,0) width 766: "This paragraph should have a lime background and an orange strip which starts at the center top and runs to the bottom."
          text run at (0,19) width 761: "Therefore, extra text would be in order, so that we can intelligently evaluate the performance of your browser in handling"
          text run at (0,38) width 124: "these declarations. "
          text run at (124,38) width 305: "Hey, I didn't say the page would be pretty, did I?"
      RenderBlock {P} at (0,353) size 784x57 [bgcolor=#00FF00]
        RenderText {#text} at (0,0) size 761x57
          text run at (0,0) width 753: "This paragraph should have a lime background and an orange strip which starts at the top left and runs to the top right."
          text run at (0,19) width 761: "Therefore, extra text would be in order, so that we can intelligently evaluate the performance of your browser in handling"
          text run at (0,38) width 124: "these declarations. "
          text run at (124,38) width 305: "Hey, I didn't say the page would be pretty, did I?"
      RenderTable {TABLE} at (0,424) size 784x309 [border: (1px outset #808080)]
        RenderTableSection {TBODY} at (1,1) size 782x307
          RenderTableRow {TR} at (0,0) size 782x28
            RenderTableCell {TD} at (0,0) size 782x28 [bgcolor=#C0C0C0] [border: (1px inset #808080)] [r=0 c=0 rs=1 cs=2]
              RenderInline {STRONG} at (0,0) size 159x20
                RenderText {#text} at (4,4) size 159x20
                  text run at (4,4) width 159: "TABLE Testing Section"
          RenderTableRow {TR} at (0,28) size 782x279
            RenderTableCell {TD} at (0,154) size 12x27 [bgcolor=#C0C0C0] [border: (1px inset #808080)] [r=1 c=0 rs=1 cs=1]
              RenderText {#text} at (4,4) size 4x19
                text run at (4,4) width 4: " "
            RenderTableCell {TD} at (12,28) size 770x279 [border: (1px inset #808080)] [r=1 c=1 rs=1 cs=1]
              RenderBlock {P} at (4,4) size 762x58
                RenderText {#text} at (0,0) size 739x19
                  text run at (0,0) width 739: "This document should have a green background with an orange strip running across the entire top of the page, since"
                RenderInline {CODE} at (0,0) size 64x17
                  RenderText {#text} at (0,21) size 64x17
                    text run at (0,21) width 64: "repeat-x"
                RenderText {#text} at (64,19) size 750x39
                  text run at (64,19) width 294: " indicates tiling in both directions of the x-axis. "
                  text run at (358,19) width 300: "Furthermore, the strip should be fixed in place. "
                  text run at (658,19) width 92: "I'll have to add"
                  text run at (0,39) width 494: "extra text at the end of this page to make it long enough to scroll conveniently."
              RenderBlock {P} at (4,76) size 762x57 [bgcolor=#00FF00]
                RenderText {#text} at (0,0) size 761x57
                  text run at (0,0) width 754: "This paragraph should have a lime background and an orange strip which starts at the top right and runs to the bottom."
                  text run at (0,19) width 761: "Therefore, extra text would be in order, so that we can intelligently evaluate the performance of your browser in handling"
                  text run at (0,38) width 124: "these declarations. "
                  text run at (124,38) width 305: "Hey, I didn't say the page would be pretty, did I?"
              RenderBlock {P} at (4,147) size 762x57 [bgcolor=#00FF00]
                RenderText {#text} at (0,0) size 755x57
                  text run at (0,0) width 714: "This paragraph should have a lime background and an orange strip which starts at the center top and runs to the"
                  text run at (0,19) width 52: "bottom. "
                  text run at (52,19) width 703: "Therefore, extra text would be in order, so that we can intelligently evaluate the performance of your browser in"
                  text run at (0,38) width 182: "handling these declarations. "
                  text run at (182,38) width 305: "Hey, I didn't say the page would be pretty, did I?"
              RenderBlock {P} at (4,218) size 762x57 [bgcolor=#00FF00]
                RenderText {#text} at (0,0) size 761x57
                  text run at (0,0) width 753: "This paragraph should have a lime background and an orange strip which starts at the top left and runs to the top right."
                  text run at (0,19) width 761: "Therefore, extra text would be in order, so that we can intelligently evaluate the performance of your browser in handling"
                  text run at (0,38) width 124: "these declarations. "
                  text run at (124,38) width 305: "Hey, I didn't say the page would be pretty, did I?"
