layer at (0,0) size 800x1660
  RenderView at (0,0) size 800x600
layer at (0,0) size 800x1660
  RenderBlock {HTML} at (0,0) size 800x1660
    RenderBody {BODY} at (8,8) size 784x1644 [bgcolor=#CCCCCC]
      RenderBlock {P} at (0,0) size 784x16
        RenderText {#text} at (0,0) size 352x16
          text run at (0,0) width 352: "The style declarations which apply to the text below are:"
      RenderBlock {PRE} at (0,30) size 784x240
        RenderText {#text} at (0,0) size 440x240
          text run at (0,0) width 336: ".one {background-image: url(../resources/oransqr.gif); background-repeat: repeat-y;}"
          text run at (336,0) width 0: " "
          text run at (0,16) width 336: ".two {background-image: url(../resources/oransqr.gif); background-repeat: repeat-x;}"
          text run at (336,16) width 0: " "
          text run at (0,32) width 348: ".three {background-image: url(../resources/oransqr.gif); background-repeat: no-repeat;}"
          text run at (348,32) width 0: " "
          text run at (0,48) width 440: ".four {background-image: url(../resources/bg.gif); background-position: 50% 50%; background-repeat: repeat-y;}"
          text run at (440,48) width 0: " "
          text run at (0,64) width 352: ".five {background-image: url(../resources/crosshair2.gif); background-position: 50% 50%;"
          text run at (352,64) width 0: " "
          text run at (0,80) width 120: "       background-color: red;}"
          text run at (120,80) width 0: " "
          text run at (0,96) width 360: ".six {background-image: url(../resources/crosshair2.gif); background-position: center top;"
          text run at (360,96) width 0: " "
          text run at (0,112) width 116: "      background-color: red;}"
          text run at (116,112) width 0: " "
          text run at (0,128) width 360: ".seven {background-image: url(../resources/crosshair2.gif); background-position: top left;"
          text run at (360,128) width 0: " "
          text run at (0,144) width 124: "        background-color: red;}"
          text run at (124,144) width 0: " "
          text run at (0,160) width 376: ".eight {background-image: url(../resources/crosshair2.gif); background-position: bottom right;"
          text run at (376,160) width 0: " "
          text run at (0,176) width 124: "        background-color: red;}"
          text run at (124,176) width 0: " "
          text run at (0,192) width 352: ".nine {background-image: url(../resources/crosshair2.gif); background-position: 50% 50%;"
          text run at (352,192) width 0: " "
          text run at (0,208) width 120: "       background-color: red;}"
          text run at (120,208) width 0: " "
          text run at (0,224) width 0: " "
      RenderBlock {HR} at (0,284) size 784x2 [border: (1px inset #000000)]
      RenderBlock {P} at (0,300) size 784x48
        RenderText {#text} at (0,0) size 770x32
          text run at (0,0) width 770: "This sentence should have an orange stripe repeated in the \"y\" direction, starting at the upper left corner (since the default"
          text run at (0,16) width 21: "for "
        RenderInline {CODE} at (0,0) size 76x16
          RenderText {#text} at (21,16) size 76x16
            text run at (21,16) width 76: "background-position"
        RenderText {#text} at (97,16) size 775x32
          text run at (97,16) width 323: " is '0% 0%' and that property is not declared here). "
          text run at (420,16) width 355: "This is extra text included for the sole purpose of making"
          text run at (0,32) width 141: "the paragraph longer. "
          text run at (141,32) width 215: "Thank you for your understanding."
      RenderBlock {P} at (0,362) size 784x48
        RenderText {#text} at (0,0) size 770x32
          text run at (0,0) width 770: "This sentence should have an orange stripe repeated in the \"x\" direction, starting at the upper left corner (since the default"
          text run at (0,16) width 21: "for "
        RenderInline {CODE} at (0,0) size 76x16
          RenderText {#text} at (21,16) size 76x16
            text run at (21,16) width 76: "background-position"
        RenderText {#text} at (97,16) size 775x32
          text run at (97,16) width 323: " is '0% 0%' and that property is not declared here). "
          text run at (420,16) width 355: "This is extra text included for the sole purpose of making"
          text run at (0,32) width 141: "the paragraph longer. "
          text run at (141,32) width 215: "Thank you for your understanding."
      RenderBlock {P} at (0,424) size 784x48
        RenderText {#text} at (0,0) size 709x16
          text run at (0,0) width 709: "This sentence should have a single orange square behind it, placed at the upper left corner (since the default for "
        RenderInline {CODE} at (0,0) size 753x32
          RenderText {#text} at (709,0) size 753x32
            text run at (709,0) width 44: "background-"
            text run at (0,16) width 32: "position"
        RenderText {#text} at (32,16) size 734x32
          text run at (32,16) width 323: " is '0% 0%' and that property is not declared here). "
          text run at (355,16) width 379: "This is extra text included for the sole purpose of making the"
          text run at (0,32) width 117: "paragraph longer. "
          text run at (117,32) width 215: "Thank you for your understanding."
      RenderBlock {P} at (0,486) size 784x64
        RenderText {#text} at (0,0) size 763x32
          text run at (0,0) width 763: "This sentence should have a green-hatch stripe running vertically down the center of the paragraph, with the origin image"
          text run at (0,16) width 220: "exactly centered in the paragraph. "
          text run at (220,16) width 101: "This is because "
        RenderInline {CODE} at (0,0) size 32x16
          RenderText {#text} at (321,16) size 32x16
            text run at (321,16) width 32: "repeat-y"
        RenderText {#text} at (353,16) size 111x16
          text run at (353,16) width 111: " specifies tiling in "
        RenderInline {EM} at (0,0) size 27x16
          RenderText {#text} at (464,16) size 27x16
            text run at (464,16) width 27: "both"
        RenderText {#text} at (491,16) size 772x32
          text run at (491,16) width 156: " directions on the y-axis. "
          text run at (647,16) width 125: "Note that this test is"
          text run at (0,32) width 227: "only valid if the user agent supports "
        RenderInline {CODE} at (0,0) size 76x16
          RenderText {#text} at (227,32) size 76x16
            text run at (227,32) width 76: "background-position"
        RenderText {#text} at (303,32) size 36x16
          text run at (303,32) width 36: " (see "
        RenderInline {A} at (0,0) size 57x16 [color=#0000FF]
          RenderText {#text} at (339,32) size 57x16
            text run at (339,32) width 57: "test 5.3.6"
        RenderText {#text} at (396,32) size 702x32
          text run at (396,32) width 12: "). "
          text run at (408,32) width 294: "I'll fill the paragraph with extra text to make the"
          text run at (0,48) width 277: "conformance (or lack thereof) more obvious."
      RenderBlock {P} at (0,564) size 784x64 [bgcolor=#FF0000]
        RenderText {#text} at (0,0) size 754x16
          text run at (0,0) width 657: "This paragraph should have a tiled background, with the origin image exactly centered in the paragraph. "
          text run at (657,0) width 97: "This is because"
        RenderInline {CODE} at (0,0) size 68x16
          RenderText {#text} at (0,16) size 68x16
            text run at (0,16) width 68: "background-repeat"
        RenderText {#text} at (68,16) size 111x16
          text run at (68,16) width 111: " specifies tiling in "
        RenderInline {EM} at (0,0) size 14x16
          RenderText {#text} at (179,16) size 14x16
            text run at (179,16) width 14: "all"
        RenderText {#text} at (193,16) size 776x32
          text run at (193,16) width 360: " directions, regardless of the position of the origin image. "
          text run at (553,16) width 223: "Note that this test is only valid if the"
          text run at (0,32) width 129: "user agent supports "
        RenderInline {CODE} at (0,0) size 76x16
          RenderText {#text} at (129,32) size 76x16
            text run at (129,32) width 76: "background-position"
        RenderText {#text} at (205,32) size 36x16
          text run at (205,32) width 36: " (see "
        RenderInline {A} at (0,0) size 57x16 [color=#0000FF]
          RenderText {#text} at (241,32) size 57x16
            text run at (241,32) width 57: "test 5.3.6"
        RenderText {#text} at (298,32) size 741x32
          text run at (298,32) width 12: "). "
          text run at (310,32) width 431: "I'll fill the paragraph with extra text to make the conformance (or lack"
          text run at (0,48) width 144: "thereof) more obvious. "
          text run at (144,48) width 593: "A background color is present, although if it is visible then the image has not bee correctly tiled."
      RenderBlock {P} at (0,642) size 784x48 [bgcolor=#FF0000]
        RenderText {#text} at (0,0) size 784x48
          text run at (0,0) width 784: "This sentence should have a fully tiled background which starts at its center top; that is, the background's origin should be the"
          text run at (0,16) width 259: "exact center of the top of the paragraph. "
          text run at (259,16) width 496: "I'll fill it with extra text to make the conformance (or lack thereof) more obvious. "
          text run at (755,16) width 9: "A"
          text run at (0,32) width 629: "background color is present, although if it is visible, then the image may not have been tiled correctly."
      RenderBlock {P} at (0,704) size 784x48 [bgcolor=#FF0000]
        RenderText {#text} at (0,0) size 780x48
          text run at (0,0) width 483: "This sentence should have a fully tiled background which starts at its top left. "
          text run at (483,0) width 297: "I'll fill it with extra text to make the conformance"
          text run at (0,16) width 195: "(or lack thereof) more obvious. "
          text run at (195,16) width 581: "A background color is present, although if it is visible, then the image may not have been tiled"
          text run at (0,32) width 57: "correctly."
      RenderBlock {P} at (0,766) size 784x64 [bgcolor=#FF0000]
        RenderText {#text} at (0,0) size 778x64
          text run at (0,0) width 778: "This sentence should have a fully tiled background which starts at its bottom right; in other words, a complete instance of the"
          text run at (0,16) width 656: "image should be anchored in the bottom right corner, with the tiled background extending out from there. "
          text run at (656,16) width 106: "I'll fill it with extra"
          text run at (0,32) width 386: "text to make the conformance (or lack thereof) more obvious. "
          text run at (386,32) width 385: "A background color is present, although if it is visible, then the"
          text run at (0,48) width 253: "image may not have been tiled correctly."
      RenderBlock {P} at (0,844) size 784x96 [bgcolor=#FF0000]
        RenderText {#text} at (0,0) size 778x96
          text run at (0,0) width 716: "This sentence should have a fully tiled background which starts at its center and is tiled in all directions; that is, the"
          text run at (0,16) width 409: "background's origin should be the exact center of the paragraph. "
          text run at (409,16) width 348: "I'll fill it with extra text to make the conformance (or lack"
          text run at (0,32) width 144: "thereof) more obvious. "
          text run at (144,32) width 435: "In fact, a lot of extra text will be necessary to make this at all obvious. "
          text run at (579,32) width 180: "This is true because I am not"
          text run at (0,48) width 766: "able to increase the text size without resorting to either headings or other CSS properties, neither of which I want to use in"
          text run at (0,64) width 115: "this circumstance. "
          text run at (115,64) width 236: "This ought to be enough text, though. "
          text run at (351,64) width 427: "A background color is present, although if it is visible, then the image"
          text run at (0,80) width 211: "may not have been tiled correctly."
      RenderTable {TABLE} at (0,954) size 784x690 [border: (1px outset #808080)]
        RenderTableSection {TBODY} at (1,1) size 782x688
          RenderTableRow {TR} at (0,0) size 782x24
            RenderTableCell {TD} at (0,0) size 782x24 [bgcolor=#C0C0C0] [border: (1px inset #808080)] [r=0 c=0 rs=1 cs=2]
              RenderInline {STRONG} at (0,0) size 157x16
                RenderText {#text} at (4,4) size 157x16
                  text run at (4,4) width 157: "TABLE Testing Section"
          RenderTableRow {TR} at (0,24) size 782x664
            RenderTableCell {TD} at (0,344) size 12x24 [bgcolor=#C0C0C0] [border: (1px inset #808080)] [r=1 c=0 rs=1 cs=1]
              RenderText {#text} at (4,4) size 4x16
                text run at (4,4) width 4: " "
            RenderTableCell {TD} at (12,24) size 770x664 [border: (1px inset #808080)] [r=1 c=1 rs=1 cs=1]
              RenderBlock {P} at (4,4) size 762x48
                RenderText {#text} at (0,0) size 724x32
                  text run at (0,0) width 724: "This sentence should have an orange stripe repeated in the \"y\" direction, starting at the upper left corner (since the"
                  text run at (0,16) width 67: "default for "
                RenderInline {CODE} at (0,0) size 76x16
                  RenderText {#text} at (67,16) size 76x16
                    text run at (67,16) width 76: "background-position"
                RenderText {#text} at (143,16) size 756x32
                  text run at (143,16) width 323: " is '0% 0%' and that property is not declared here). "
                  text run at (466,16) width 290: "This is extra text included for the sole purpose"
                  text run at (0,32) width 206: "of making the paragraph longer. "
                  text run at (206,32) width 215: "Thank you for your understanding."
              RenderBlock {P} at (4,66) size 762x48
                RenderText {#text} at (0,0) size 724x32
                  text run at (0,0) width 724: "This sentence should have an orange stripe repeated in the \"x\" direction, starting at the upper left corner (since the"
                  text run at (0,16) width 67: "default for "
                RenderInline {CODE} at (0,0) size 76x16
                  RenderText {#text} at (67,16) size 76x16
                    text run at (67,16) width 76: "background-position"
                RenderText {#text} at (143,16) size 756x32
                  text run at (143,16) width 323: " is '0% 0%' and that property is not declared here). "
                  text run at (466,16) width 290: "This is extra text included for the sole purpose"
                  text run at (0,32) width 206: "of making the paragraph longer. "
                  text run at (206,32) width 215: "Thank you for your understanding."
              RenderBlock {P} at (4,128) size 762x48
                RenderText {#text} at (0,0) size 709x16
                  text run at (0,0) width 709: "This sentence should have a single orange square behind it, placed at the upper left corner (since the default for "
                RenderInline {CODE} at (0,0) size 753x32
                  RenderText {#text} at (709,0) size 753x32
                    text run at (709,0) width 44: "background-"
                    text run at (0,16) width 32: "position"
                RenderText {#text} at (32,16) size 734x32
                  text run at (32,16) width 323: " is '0% 0%' and that property is not declared here). "
                  text run at (355,16) width 379: "This is extra text included for the sole purpose of making the"
                  text run at (0,32) width 117: "paragraph longer. "
                  text run at (117,32) width 215: "Thank you for your understanding."
              RenderBlock {P} at (4,190) size 762x64
                RenderText {#text} at (0,0) size 721x32
                  text run at (0,0) width 721: "This sentence should have a green-hatch stripe running vertically down the center of the paragraph, with the origin"
                  text run at (0,16) width 262: "image exactly centered in the paragraph. "
                  text run at (262,16) width 101: "This is because "
                RenderInline {CODE} at (0,0) size 32x16
                  RenderText {#text} at (363,16) size 32x16
                    text run at (363,16) width 32: "repeat-y"
                RenderText {#text} at (395,16) size 111x16
                  text run at (395,16) width 111: " specifies tiling in "
                RenderInline {EM} at (0,0) size 27x16
                  RenderText {#text} at (506,16) size 27x16
                    text run at (506,16) width 27: "both"
                RenderText {#text} at (533,16) size 747x32
                  text run at (533,16) width 156: " directions on the y-axis. "
                  text run at (689,16) width 58: "Note that"
                  text run at (0,32) width 294: "this test is only valid if the user agent supports "
                RenderInline {CODE} at (0,0) size 76x16
                  RenderText {#text} at (294,32) size 76x16
                    text run at (294,32) width 76: "background-position"
                RenderText {#text} at (370,32) size 36x16
                  text run at (370,32) width 36: " (see "
                RenderInline {A} at (0,0) size 57x16 [color=#0000FF]
                  RenderText {#text} at (406,32) size 57x16
                    text run at (406,32) width 57: "test 5.3.6"
                RenderText {#text} at (463,32) size 745x32
                  text run at (463,32) width 12: "). "
                  text run at (475,32) width 270: "I'll fill the paragraph with extra text to make"
                  text run at (0,48) width 301: "the conformance (or lack thereof) more obvious."
              RenderBlock {P} at (4,268) size 762x80 [bgcolor=#FF0000]
                RenderText {#text} at (0,0) size 754x16
                  text run at (0,0) width 657: "This paragraph should have a tiled background, with the origin image exactly centered in the paragraph. "
                  text run at (657,0) width 97: "This is because"
                RenderInline {CODE} at (0,0) size 68x16
                  RenderText {#text} at (0,16) size 68x16
                    text run at (0,16) width 68: "background-repeat"
                RenderText {#text} at (68,16) size 111x16
                  text run at (68,16) width 111: " specifies tiling in "
                RenderInline {EM} at (0,0) size 14x16
                  RenderText {#text} at (179,16) size 14x16
                    text run at (179,16) width 14: "all"
                RenderText {#text} at (193,16) size 752x32
                  text run at (193,16) width 360: " directions, regardless of the position of the origin image. "
                  text run at (553,16) width 199: "Note that this test is only valid if"
                  text run at (0,32) width 153: "the user agent supports "
                RenderInline {CODE} at (0,0) size 76x16
                  RenderText {#text} at (153,32) size 76x16
                    text run at (153,32) width 76: "background-position"
                RenderText {#text} at (229,32) size 36x16
                  text run at (229,32) width 36: " (see "
                RenderInline {A} at (0,0) size 57x16 [color=#0000FF]
                  RenderText {#text} at (265,32) size 57x16
                    text run at (265,32) width 57: "test 5.3.6"
                RenderText {#text} at (322,32) size 736x48
                  text run at (322,32) width 12: "). "
                  text run at (334,32) width 402: "I'll fill the paragraph with extra text to make the conformance (or"
                  text run at (0,48) width 173: "lack thereof) more obvious. "
                  text run at (173,48) width 560: "A background color is present, although if it is visible then the image has not bee correctly"
                  text run at (0,64) width 29: "tiled."
              RenderBlock {P} at (4,362) size 762x48 [bgcolor=#FF0000]
                RenderText {#text} at (0,0) size 760x48
                  text run at (0,0) width 760: "This sentence should have a fully tiled background which starts at its center top; that is, the background's origin should be"
                  text run at (0,16) width 283: "the exact center of the top of the paragraph. "
                  text run at (283,16) width 438: "I'll fill it with extra text to make the conformance (or lack thereof) more"
                  text run at (0,32) width 54: "obvious. "
                  text run at (54,32) width 642: "A background color is present, although if it is visible, then the image may not have been tiled correctly."
              RenderBlock {P} at (4,424) size 762x48 [bgcolor=#FF0000]
                RenderText {#text} at (0,0) size 762x48
                  text run at (0,0) width 483: "This sentence should have a fully tiled background which starts at its top left. "
                  text run at (483,0) width 211: "I'll fill it with extra text to make the"
                  text run at (0,16) width 281: "conformance (or lack thereof) more obvious. "
                  text run at (281,16) width 481: "A background color is present, although if it is visible, then the image may not"
                  text run at (0,32) width 157: "have been tiled correctly."
              RenderBlock {P} at (4,486) size 762x64 [bgcolor=#FF0000]
                RenderText {#text} at (0,0) size 754x64
                  text run at (0,0) width 754: "This sentence should have a fully tiled background which starts at its bottom right; in other words, a complete instance of"
                  text run at (0,16) width 680: "the image should be anchored in the bottom right corner, with the tiled background extending out from there. "
                  text run at (680,16) width 70: "I'll fill it with"
                  text run at (0,32) width 422: "extra text to make the conformance (or lack thereof) more obvious. "
                  text run at (422,32) width 329: "A background color is present, although if it is visible,"
                  text run at (0,48) width 309: "then the image may not have been tiled correctly."
              RenderBlock {P} at (4,564) size 762x96 [bgcolor=#FF0000]
                RenderText {#text} at (0,0) size 759x96
                  text run at (0,0) width 716: "This sentence should have a fully tiled background which starts at its center and is tiled in all directions; that is, the"
                  text run at (0,16) width 409: "background's origin should be the exact center of the paragraph. "
                  text run at (409,16) width 348: "I'll fill it with extra text to make the conformance (or lack"
                  text run at (0,32) width 144: "thereof) more obvious. "
                  text run at (144,32) width 435: "In fact, a lot of extra text will be necessary to make this at all obvious. "
                  text run at (579,32) width 180: "This is true because I am not"
                  text run at (0,48) width 751: "able to increase the text size without resorting to either headings or other CSS properties, neither of which I want to use"
                  text run at (0,64) width 130: "in this circumstance. "
                  text run at (130,64) width 236: "This ought to be enough text, though. "
                  text run at (366,64) width 385: "A background color is present, although if it is visible, then the"
                  text run at (0,80) width 253: "image may not have been tiled correctly."
