layer at (0,0) size 800x600
  RenderView at (0,0) size 800x600
layer at (0,0) size 800x600
  RenderBlock {HTML} at (0,0) size 800x600
    RenderBody {BODY} at (8,8) size 784x584 [bgcolor=#CCCCCC]
      RenderBlock {P} at (0,0) size 784x16 [bgcolor=#008000]
        RenderText {#text} at (0,0) size 352x16
          text run at (0,0) width 352: "The style declarations which apply to the text below are:"
      RenderBlock {PRE} at (0,30) size 784x64
        RenderText {#text} at (0,0) size 148x64
          text run at (0,0) width 112: "P {background-color: green;}"
          text run at (112,0) width 0: " "
          text run at (0,16) width 120: ".one {background-color: lime;}"
          text run at (120,16) width 0: " "
          text run at (0,32) width 148: ".two {background-color: transparent;}"
          text run at (148,32) width 0: " "
          text run at (0,48) width 0: " "
      RenderBlock {HR} at (0,108) size 784x2 [border: (1px inset #000000)]
      RenderBlock {P} at (0,124) size 784x16 [bgcolor=#008000]
        RenderText {#text} at (0,0) size 276x16
          text run at (0,0) width 276: "This element's background should be green."
      RenderBlock {P} at (0,154) size 784x16 [bgcolor=#00FF00]
        RenderText {#text} at (0,0) size 345x16
          text run at (0,0) width 345: "This element's background should be lime (light green)."
      RenderBlock {P} at (0,184) size 784x48 [bgcolor=#008000]
        RenderText {#text} at (0,0) size 659x16
          text run at (0,0) width 659: "This element's background should be green, and the last word in this sentence should also have a green "
        RenderInline {SPAN} at (0,0) size 73x16
          RenderText {#text} at (659,0) size 73x16
            text run at (659,0) width 73: "background"
        RenderText {#text} at (732,0) size 780x48
          text run at (732,0) width 7: ". "
          text run at (739,0) width 41: "This is"
          text run at (0,16) width 775: "because the background color of the parent element (the paragraph) should \"shine through\" the SPANned word \"sentence,\""
          text run at (0,32) width 108: "which was set to "
        RenderInline {CODE} at (0,0) size 44x16
          RenderText {#text} at (108,32) size 44x16
            text run at (108,32) width 44: "transparent"
        RenderText {#text} at (152,32) size 385x16
          text run at (152,32) width 7: ". "
          text run at (159,32) width 378: "If the document background is visible, the browser is in error."
      RenderBlock {P} at (0,246) size 784x16
        RenderText {#text} at (0,0) size 735x16
          text run at (0,0) width 451: "This element should allow the document background to \"shine through.\" "
          text run at (451,0) width 284: "There should be no green backgrounds here!"
      RenderTable {TABLE} at (0,276) size 784x172 [border: (1px outset #808080)]
        RenderTableSection {TBODY} at (1,1) size 782x170
          RenderTableRow {TR} at (0,0) size 782x24
            RenderTableCell {TD} at (0,0) size 782x24 [bgcolor=#C0C0C0] [border: (1px inset #808080)] [r=0 c=0 rs=1 cs=2]
              RenderInline {STRONG} at (0,0) size 157x16
                RenderText {#text} at (4,4) size 157x16
                  text run at (4,4) width 157: "TABLE Testing Section"
          RenderTableRow {TR} at (0,24) size 782x146
            RenderTableCell {TD} at (0,85) size 12x24 [bgcolor=#C0C0C0] [border: (1px inset #808080)] [r=1 c=0 rs=1 cs=1]
              RenderText {#text} at (4,4) size 4x16
                text run at (4,4) width 4: " "
            RenderTableCell {TD} at (12,24) size 770x146 [border: (1px inset #808080)] [r=1 c=1 rs=1 cs=1]
              RenderBlock {P} at (4,4) size 762x16 [bgcolor=#008000]
                RenderText {#text} at (0,0) size 276x16
                  text run at (0,0) width 276: "This element's background should be green."
              RenderBlock {P} at (4,34) size 762x16 [bgcolor=#00FF00]
                RenderText {#text} at (0,0) size 345x16
                  text run at (0,0) width 345: "This element's background should be lime (light green)."
              RenderBlock {P} at (4,64) size 762x48 [bgcolor=#008000]
                RenderText {#text} at (0,0) size 659x16
                  text run at (0,0) width 659: "This element's background should be green, and the last word in this sentence should also have a green "
                RenderInline {SPAN} at (0,0) size 73x16
                  RenderText {#text} at (659,0) size 73x16
                    text run at (659,0) width 73: "background"
                RenderText {#text} at (732,0) size 745x48
                  text run at (732,0) width 3: "."
                  text run at (0,16) width 745: "This is because the background color of the parent element (the paragraph) should \"shine through\" the SPANned word"
                  text run at (0,32) width 183: "\"sentence,\" which was set to "
                RenderInline {CODE} at (0,0) size 44x16
                  RenderText {#text} at (183,32) size 44x16
                    text run at (183,32) width 44: "transparent"
                RenderText {#text} at (227,32) size 385x16
                  text run at (227,32) width 7: ". "
                  text run at (234,32) width 378: "If the document background is visible, the browser is in error."
              RenderBlock {P} at (4,126) size 762x16
                RenderText {#text} at (0,0) size 735x16
                  text run at (0,0) width 451: "This element should allow the document background to \"shine through.\" "
                  text run at (451,0) width 284: "There should be no green backgrounds here!"
