layer at (0,0) size 96x568
  RenderView at (0,0) size 96x26
layer at (0,0) size 96x568
  RenderBlock {HTML} at (0,0) size 96x568
    RenderBody {BODY} at (8,8) size 80x552 [bgcolor=#CCCCCC]
      RenderBlock {P} at (0,0) size 80x80
        RenderText {#text} at (0,0) size 77x80
          text run at (0,0) width 58: "The style"
          text run at (0,16) width 77: "declarations"
          text run at (0,32) width 74: "which apply"
          text run at (0,48) width 63: "to the text"
          text run at (0,64) width 64: "below are:"
      RenderBlock {PRE} at (0,94) size 80x32
        RenderText {#text} at (0,0) size 80x32
          text run at (0,0) width 80: ".one {color: green;}"
          text run at (80,0) width 0: " "
          text run at (0,16) width 0: " "
      RenderBlock {HR} at (0,140) size 80x2 [border: (1px inset #000000)]
      RenderBlock {P} at (0,156) size 80x64 [color=#008000]
        RenderText {#text} at (0,0) size 60x64
          text run at (0,0) width 27: "This"
          text run at (0,16) width 58: "sentence"
          text run at (0,32) width 60: "should be"
          text run at (0,48) width 40: "green."
      RenderBlock {P} at (0,234) size 80x64 [color=#008000]
        RenderText {#text} at (0,0) size 60x64
          text run at (0,0) width 27: "This"
          text run at (0,16) width 58: "sentence"
          text run at (0,32) width 60: "should be"
          text run at (0,48) width 40: "green."
      RenderTable {TABLE} at (0,312) size 80x240 [border: (1px outset #808080)]
        RenderTableSection {TBODY} at (1,1) size 78x238
          RenderTableRow {TR} at (0,0) size 78x56
            RenderTableCell {TD} at (0,0) size 78x56 [bgcolor=#C0C0C0] [border: (1px inset #808080)] [r=0 c=0 rs=1 cs=2]
              RenderInline {STRONG} at (0,0) size 53x48
                RenderText {#text} at (4,4) size 53x48
                  text run at (4,4) width 45: "TABLE"
                  text run at (4,20) width 51: "Testing"
                  text run at (4,36) width 53: "Section"
          RenderTableRow {TR} at (0,56) size 78x182
            RenderTableCell {TD} at (0,135) size 12x24 [bgcolor=#C0C0C0] [border: (1px inset #808080)] [r=1 c=0 rs=1 cs=1]
              RenderText {#text} at (4,4) size 4x16
                text run at (4,4) width 4: " "
            RenderTableCell {TD} at (12,56) size 66x182 [border: (1px inset #808080)] [r=1 c=1 rs=1 cs=1]
              RenderBlock {P} at (4,4) size 58x80 [color=#008000]
                RenderText {#text} at (0,0) size 58x80
                  text run at (0,0) width 27: "This"
                  text run at (0,16) width 58: "sentence"
                  text run at (0,32) width 41: "should"
                  text run at (0,48) width 15: "be"
                  text run at (0,64) width 40: "green."
              RenderBlock {P} at (4,98) size 58x80 [color=#008000]
                RenderText {#text} at (0,0) size 58x80
                  text run at (0,0) width 27: "This"
                  text run at (0,16) width 58: "sentence"
                  text run at (0,32) width 41: "should"
                  text run at (0,48) width 15: "be"
                  text run at (0,64) width 40: "green."
