layer at (0,0) size 800x600
  RenderView at (0,0) size 800x600
layer at (395,0) size 405x600
  RenderBlock {HTML} at (0,0) size 405x600
    RenderBody {BODY} at (8,8) size 365x584
      RenderBlock {P} at (0,16) size 63x552
        RenderText {#text} at (0,0) size 21x216
          text run at (0,0) width 216: "The black border below should "
        RenderInline {I} at (0,0) size 21x21
          RenderText {#text} at (0,216) size 21x21
            text run at (0,216) width 21: "not"
        RenderText {#text} at (0,237) size 42x521
          text run at (0,237) width 230: " cut through the top left corner of "
          text run at (0,467) width 54: "the blue"
          text run at (21,0) width 382: "border. It would cut through with our old behavior, but "
        RenderInline {A} at (0,0) size 21x24 [color=#0000EE]
          RenderText {#text} at (21,382) size 21x24
            text run at (21,382) width 24: "this"
        RenderText {#text} at (21,406) size 42x546
          text run at (21,406) width 4: " "
          text run at (21,410) width 136: "bug fix changed our"
          text run at (42,0) width 185: "behavior to match the spec."
      RenderBlock {DIV} at (95,32) size 270x520 [border: (1px solid #0000FF)]
        RenderTable {DIV} at (1,1) size 220x115 [border:]
          RenderTableSection (anonymous) at (10,1) size 200x104
            RenderTableRow {P} at (0,0) size 100x104
              RenderTableCell {SPAN} at (0,0) size 100x-37 [border: (1px solid #000000)] [r=0 c=0 rs=1 cs=1]
              RenderTableCell {SPAN} at (0,52) size 100x20 [border: (10px solid #000000)] [r=0 c=1 rs=1 cs=1]
            RenderTableRow {P} at (0,100) size 100x104 [border: (1px solid #0000FF)]
              RenderTableCell {SPAN} at (100,0) size 100x-28 [border: (10px solid #000000)] [r=1 c=0 rs=1 cs=1]
              RenderTableCell {SPAN} at (100,52) size 100x20 [border: (10px solid #000000)] [r=1 c=1 rs=1 cs=1]
