layer at (0,0) size 800x600
  RenderView at (0,0) size 800x600
layer at (0,0) size 800x394
  RenderBlock {HTML} at (0,0) size 800x394
    RenderBody {BODY} at (8,16) size 784x346
      RenderBlock {P} at (0,0) size 784x44
        RenderText {#text} at (0,0) size 216x22
          text run at (0,0) width 216: "The black border below should "
        RenderInline {I} at (0,0) size 21x22
          RenderText {#text} at (216,0) size 21x22
            text run at (216,0) width 21: "not"
        RenderText {#text} at (237,0) size 783x44
          text run at (237,0) width 230: " cut through the top left corner of "
          text run at (467,0) width 316: "the blue border. It would cut through with our"
          text run at (0,22) width 120: "old behavior, but "
        RenderInline {A} at (0,0) size 24x22 [color=#0000EE]
          RenderText {#text} at (120,22) size 24x22
            text run at (120,22) width 24: "this"
        RenderText {#text} at (144,22) size 329x22
          text run at (144,22) width 4: " "
          text run at (148,22) width 325: "bug fix changed our behavior to match the spec."
      RenderBlock {DIV} at (32,76) size 720x270 [border: (1px solid #0000FF)]
        RenderTable {DIV} at (1,1) size 115x220 [border:]
          RenderTableSection (anonymous) at (1,10) size 104x200
            RenderTableRow {P} at (0,0) size 104x100
              RenderTableCell {SPAN} at (0,0) size 52x11 [border: (1px solid #000000)] [r=0 c=0 rs=1 cs=1]
              RenderTableCell {SPAN} at (52,0) size 52x68 [border: (10px solid #000000)] [r=0 c=1 rs=1 cs=1]
            RenderTableRow {P} at (0,100) size 104x100 [border: (1px solid #0000FF)]
              RenderTableCell {SPAN} at (0,100) size 52x20 [border: (10px solid #000000)] [r=1 c=0 rs=1 cs=1]
              RenderTableCell {SPAN} at (52,100) size 52x68 [border: (10px solid #000000)] [r=1 c=1 rs=1 cs=1]
