layer at (0,0) size 1699x934
  RenderView at (0,0) size 784x584
layer at (0,0) size 784x934
  RenderBlock {HTML} at (0,0) size 784x934
    RenderBody {BODY} at (8,21) size 768x905
      RenderBlock {H1} at (0,0) size 768x42
        RenderText {#text} at (0,0) size 290x41
          text run at (0,0) width 290: "Table Border Models"
      RenderBlock {P} at (0,63) size 768x21
        RenderText {#text} at (0,0) size 125x21
          text run at (0,0) width 125: "This tests tests the "
        RenderInline {A} at (0,0) size 223x21 [color=#0000EE]
          RenderText {#text} at (125,0) size 223x21
            text run at (125,0) width 223: "CSS2 spec rules on table borders"
        RenderText {#text} at (348,0) size 194x21
          text run at (348,0) width 8: ". "
          text run at (356,0) width 186: "The styles applied here are:"
      RenderBlock {PRE} at (0,100) size 768x192
        RenderText {#text} at (0,0) size 592x192
          text run at (0,0) width 303: "TABLE   { margin: 1em; border: medium solid blue; }"
          text run at (303,0) width 0: " "
          text run at (0,16) width 259: "TD  { border: thin solid green; padding: 5px; }"
          text run at (259,16) width 0: " "
          text run at (0,32) width 283: "TH { border: medium solid purple; padding: 5px; }"
          text run at (283,32) width 0: " "
          text run at (0,48) width 283: "TABLE.one, TABLE.two { border-spacing: 1em; }"
          text run at (283,48) width 0: " "
          text run at (0,64) width 235: "TABLE.one { border-collapse: collapse; }"
          text run at (235,64) width 0: " "
          text run at (0,80) width 236: "TABLE.two { border-collapse: separate; }"
          text run at (236,80) width 0: " "
          text run at (0,96) width 393: "TABLE.three { border-collapse: separate; border-spacing: 0 0.5em; }"
          text run at (393,96) width 0: " "
          text run at (0,112) width 386: "TABLE.four { border-collapse: separate; border-spacing: 0.5em 0; }"
          text run at (386,112) width 0: " "
          text run at (0,128) width 237: "TABLE.five { border-collapse: separate; }"
          text run at (237,128) width 0: " "
          text run at (0,144) width 355: "TABLE.five, TABLE.five TD, TABLE.five TH { border: none; }"
          text run at (355,144) width 0: " "
          text run at (0,160) width 592: "TABLE.five TR, TABLE.five COL, TABLE.five COLGROUP, TABLE.five TBODY, TABLE.five THEAD"
          text run at (592,160) width 0: " "
          text run at (0,176) width 179: "    { border: medium solid red; }"
          text run at (179,176) width 0: " "
      RenderBlock {DIV} at (0,305) size 1691x600
        RenderTable {TABLE} at (16,16) size 271x568 [border: (1px solid #0000FF)]
          RenderTableSection {TBODY} at (1,1) size 268x565
            RenderTableRow {TR} at (0,0) size 34x565
              RenderTableCell {TH} at (0,0) size 34x188 [border: (2px solid #800080)] [r=0 c=0 rs=1 cs=1]
                RenderText {#text} at (6,53) size 21x83
                  text run at (6,53) width 82: "Header One"
              RenderTableCell {TH} at (0,188) size 34x180 [border: (2px solid #800080)] [r=0 c=1 rs=1 cs=1]
                RenderText {#text} at (6,48) size 21x85
                  text run at (6,48) width 85: "Header Two"
              RenderTableCell {TH} at (0,368) size 34x197 [border: (2px solid #800080)] [r=0 c=2 rs=1 cs=1]
                RenderText {#text} at (6,51) size 21x96
                  text run at (6,51) width 95: "Header Three"
            RenderTableRow {TR} at (0,34) size 117x565
              RenderTableCell {TD} at (34,31) size 117x125 [border: (2px solid #008000)] [r=1 c=0 rs=1 cs=1]
                RenderText {#text} at (37,-24) size 42x168
                  text run at (37,-24) width 124: "This table uses the"
                  text run at (58,-24) width 168: "collapsed borders model."
              RenderTableCell {TD} at (34,209) size 117x138 [border: (1px solid #008000)] [r=1 c=1 rs=1 cs=1]
                RenderText {#text} at (27,-15) size 63x164
                  text run at (27,-15) width 108: "This means that"
                  text run at (48,-15) width 156: "elements within the cell"
                  text run at (69,-15) width 164: "have no border-spacing."
              RenderTableCell {TD} at (34,368) size 117x197 [border: (1px solid #008000)] [r=1 c=2 rs=1 cs=1]
                RenderText {#text} at (6,6) size 105x185
                  text run at (6,6) width 142: "Since it has collapsed"
                  text run at (27,6) width 185: "borders, the borders on the"
                  text run at (48,6) width 87: "header cells, "
                  text run at (48,93) width 77: "on all sides,"
                  text run at (69,6) width 159: "should be medium solid"
                  text run at (90,6) width 49: "purple."
            RenderTableRow {TR} at (0,151) size 117x565
              RenderTableCell {TD} at (151,0) size 117x188 [border: (2px solid #008000)] [r=2 c=0 rs=1 cs=1]
                RenderText {#text} at (5,7) size 105x165
                  text run at (5,7) width 157: "The border of the table"
                  text run at (26,7) width 159: "itself should be medium"
                  text run at (47,7) width 119: "solid blue, except "
                  text run at (47,126) width 42: "where"
                  text run at (68,7) width 165: "header cells override the"
                  text run at (89,7) width 51: "border."
              RenderTableCell {TD} at (151,188) size 117x180 [border: (1px solid #008000)] [r=2 c=1 rs=1 cs=1]
                RenderText {#text} at (5,6) size 105x161
                  text run at (5,6) width 125: "The borders that I"
                  text run at (26,6) width 105: "haven't already"
                  text run at (47,6) width 161: "mentioned (all the other"
                  text run at (68,6) width 57: "internal "
                  text run at (68,63) width 104: "ones) should be"
                  text run at (89,6) width 108: "thin solid green."
              RenderTableCell {TD} at (151,368) size 117x197 [border: (1px solid #008000)] [r=2 c=2 rs=1 cs=1]
                RenderText {#text} at (5,6) size 84x164
                  text run at (5,6) width 164: "This table should have a"
                  text run at (26,6) width 155: "1em margin around all"
                  text run at (47,6) width 45: "edges. "
                  text run at (47,51) width 87: "This margin "
                  text run at (47,138) width 10: "is"
                  text run at (68,6) width 132: "measured from the "
                RenderInline {EM} at (0,0) size 21x43
                  RenderText {#text} at (68,138) size 21x43
                    text run at (68,138) width 43: "middle"
                RenderText {#text} at (89,6) size 21x87
                  text run at (89,6) width 87: "of its border."
        RenderTable {TABLE} at (303,16) size 320x568 [border: (3px solid #0000FF)]
          RenderTableSection {TBODY} at (3,3) size 314x562
            RenderTableRow {TR} at (0,16) size 37x562
              RenderTableCell {TH} at (16,16) size 37x121 [border: (3px solid #800080)] [r=0 c=0 rs=1 cs=1]
                RenderText {#text} at (8,19) size 21x83
                  text run at (8,19) width 82: "Header One"
              RenderTableCell {TH} at (16,153) size 37x143 [border: (3px solid #800080)] [r=0 c=1 rs=1 cs=1]
                RenderText {#text} at (8,29) size 21x85
                  text run at (8,29) width 85: "Header Two"
              RenderTableCell {TH} at (16,312) size 37x234 [border: (3px solid #800080)] [r=0 c=2 rs=1 cs=1]
                RenderText {#text} at (8,69) size 21x96
                  text run at (8,69) width 95: "Header Three"
            RenderTableRow {TR} at (0,69) size 96x562
              RenderTableCell {TD} at (69,26) size 96x100 [border: (1px solid #008000)] [r=1 c=0 rs=1 cs=1]
                RenderText {#text} at (16,-4) size 63x102
                  text run at (16,-4) width 99: "This table uses"
                  text run at (37,-4) width 91: "the separated"
                  text run at (58,-4) width 102: "borders model."
              RenderTableCell {TD} at (69,153) size 96x143 [border: (1px solid #008000)] [r=1 c=1 rs=1 cs=1]
                RenderText {#text} at (6,6) size 84x130
                  text run at (6,6) width 108: "This means that"
                  text run at (27,6) width 130: "elements within the"
                  text run at (48,6) width 114: "cell have border-"
                  text run at (69,6) width 104: "spacing of 1em."
              RenderTableCell {TD} at (69,322) size 96x213 [border: (1px solid #008000)] [r=1 c=2 rs=1 cs=1]
                RenderText {#text} at (16,-4) size 63x217
                  text run at (16,-4) width 217: "The borders on the header cells,"
                  text run at (37,-4) width 205: "on all sides, should be medium"
                  text run at (58,-4) width 84: "solid purple."
            RenderTableRow {TR} at (0,181) size 117x562
              RenderTableCell {TD} at (181,16) size 117x121 [border: (1px solid #008000)] [r=2 c=0 rs=1 cs=1]
                RenderText {#text} at (6,6) size 105x95
                  text run at (6,6) width 95: "The border of"
                  text run at (27,6) width 93: "the table itself"
                  text run at (48,6) width 65: "should be"
                  text run at (69,6) width 90: "medium solid"
                  text run at (90,6) width 33: "blue."
              RenderTableCell {TD} at (181,174) size 117x101 [border: (1px solid #008000)] [r=2 c=1 rs=1 cs=1]
                RenderText {#text} at (27,-15) size 63x128
                  text run at (27,-15) width 101: "The borders of"
                  text run at (48,-15) width 117: "other cells should"
                  text run at (69,-15) width 128: "be thin solid green."
              RenderTableCell {TD} at (181,322) size 117x213 [border: (1px solid #008000)] [r=2 c=2 rs=1 cs=1]
                RenderText {#text} at (16,-4) size 63x202
                  text run at (16,-4) width 196: "This table should have a 1em"
                  text run at (37,-4) width 172: "margin around all edges. "
                  text run at (37,168) width 30: "This"
                  text run at (58,-4) width 53: "margin "
                  text run at (58,49) width 142: "is measured from the"
                RenderInline {EM} at (0,0) size 21x68
                  RenderText {#text} at (79,-4) size 21x68
                    text run at (79,-4) width 68: "outer edge"
                RenderText {#text} at (79,64) size 21x91
                  text run at (79,64) width 91: " of its border."
        RenderTable {TABLE} at (639,16) size 393x568 [border: (3px solid #0000FF)]
          RenderTableSection {TBODY} at (3,3) size 387x562
            RenderTableRow {TR} at (0,8) size 37x562
              RenderTableCell {TH} at (8,0) size 37x145 [border: (3px solid #800080)] [r=0 c=0 rs=1 cs=1]
                RenderText {#text} at (8,31) size 21x83
                  text run at (8,31) width 82: "Header One"
              RenderTableCell {TH} at (8,145) size 37x204 [border: (3px solid #800080)] [r=0 c=1 rs=1 cs=1]
                RenderText {#text} at (8,59) size 21x86
                  text run at (8,59) width 85: "Header Two"
              RenderTableCell {TH} at (8,349) size 37x213 [border: (3px solid #800080)] [r=0 c=2 rs=1 cs=1]
                RenderText {#text} at (8,59) size 21x95
                  text run at (8,59) width 95: "Header Three"
            RenderTableRow {TR} at (0,53) size 159x562
              RenderTableCell {TD} at (53,42) size 159x61 [border: (1px solid #008000)] [r=1 c=0 rs=1 cs=1]
                RenderText {#text} at (48,-36) size 63x124
                  text run at (48,-36) width 124: "This table uses the"
                  text run at (69,-36) width 123: "separated borders"
                  text run at (90,-36) width 45: "model."
              RenderTableCell {TD} at (53,145) size 159x204 [border: (1px solid #008000)] [r=1 c=1 rs=1 cs=1]
                RenderText {#text} at (6,6) size 147x189
                  text run at (6,6) width 160: "Elements within the cell"
                  text run at (27,6) width 161: "have horizontal border-"
                  text run at (48,6) width 143: "spacing (i.e., width of"
                  text run at (69,6) width 148: "vertical lines) of 0 and"
                  text run at (90,6) width 54: "vertical "
                  text run at (90,60) width 135: "border-spacing (i.e.,"
                  text run at (111,6) width 188: "height of horizontal lines) of"
                  text run at (132,6) width 44: "0.5em."
              RenderTableCell {TD} at (53,391) size 159x129 [border: (1px solid #008000)] [r=1 c=2 rs=1 cs=1]
                RenderText {#text} at (48,-36) size 63x182
                  text run at (48,-36) width 181: "The borders on the header"
                  text run at (69,-36) width 36: "cells, "
                  text run at (69,0) width 146: "on all sides, should be"
                  text run at (90,-36) width 143: "medium solid purple."
            RenderTableRow {TR} at (0,220) size 159x562
              RenderTableCell {TD} at (220,0) size 159x145 [border: (1px solid #008000)] [r=2 c=0 rs=1 cs=1]
                RenderText {#text} at (6,6) size 147x131
                  text run at (6,6) width 120: "The border of the"
                  text run at (27,6) width 117: "table itself should"
                  text run at (48,6) width 110: "be medium solid"
                  text run at (69,6) width 37: "blue. "
                  text run at (69,43) width 84: "The borders"
                  text run at (90,6) width 85: "of other cells"
                  text run at (111,6) width 131: "should be thin solid"
                  text run at (132,6) width 42: "green."
              RenderTableCell {TD} at (220,166) size 159x162 [border: (1px solid #008000)] [r=2 c=1 rs=1 cs=1]
                RenderText {#text} at (27,-15) size 84x164
                  text run at (27,-15) width 164: "This table should have a"
                  text run at (48,-15) width 155: "1em margin around all"
                  text run at (69,-15) width 45: "edges. "
                  text run at (69,30) width 87: "This margin "
                  text run at (69,117) width 10: "is"
                  text run at (90,-15) width 132: "measured from the "
                RenderInline {EM} at (0,0) size 42x166
                  RenderText {#text} at (90,117) size 42x166
                    text run at (90,117) width 34: "outer"
                    text run at (111,-15) width 30: "edge"
                RenderText {#text} at (111,15) size 21x91
                  text run at (111,15) width 91: " of its border."
              RenderTableCell {TD} at (220,349) size 159x213 [border: (1px solid #008000)] [r=2 c=2 rs=1 cs=1]
                RenderText {#text} at (6,6) size 147x189
                  text run at (6,6) width 159: "The table should not be"
                  text run at (27,6) width 139: "wider than the room"
                  text run at (48,6) width 146: "available for it unless "
                  text run at (48,152) width 27: "that"
                  text run at (69,6) width 132: "space is very small. "
                  text run at (69,138) width 55: "Because"
                  text run at (90,6) width 180: "of its margins, the width of"
                  text run at (111,6) width 25: "the "
                  text run at (111,31) width 164: "table should be less than"
                  text run at (132,6) width 44: "100%."
        RenderTable {TABLE} at (1048,16) size 319x568 [border: (3px solid #0000FF)]
          RenderTableSection {TBODY} at (3,3) size 313x562
            RenderTableRow {TR} at (0,0) size 37x562
              RenderTableCell {TH} at (0,8) size 37x152 [border: (3px solid #800080)] [r=0 c=0 rs=1 cs=1]
                RenderText {#text} at (8,35) size 21x82
                  text run at (8,35) width 82: "Header One"
              RenderTableCell {TH} at (0,168) size 37x155 [border: (3px solid #800080)] [r=0 c=1 rs=1 cs=1]
                RenderText {#text} at (8,35) size 21x85
                  text run at (8,35) width 85: "Header Two"
              RenderTableCell {TH} at (0,331) size 37x223 [border: (3px solid #800080)] [r=0 c=2 rs=1 cs=1]
                RenderText {#text} at (8,64) size 21x95
                  text run at (8,64) width 95: "Header Three"
            RenderTableRow {TR} at (0,37) size 117x562
              RenderTableCell {TD} at (37,29) size 117x110 [border: (1px solid #008000)] [r=1 c=0 rs=1 cs=1]
                RenderText {#text} at (27,-15) size 63x124
                  text run at (27,-15) width 124: "This table uses the"
                  text run at (48,-15) width 123: "separated borders"
                  text run at (69,-15) width 45: "model."
              RenderTableCell {TD} at (37,168) size 117x155 [border: (1px solid #008000)] [r=1 c=1 rs=1 cs=1]
                RenderText {#text} at (6,6) size 105x136
                  text run at (6,6) width 134: "Elements within the"
                  text run at (27,6) width 131: "cell have horizontal"
                  text run at (48,6) width 120: "border-spacing of"
                  text run at (69,6) width 124: "0.5em and vertical"
                  text run at (90,6) width 136: "border-spacing of 0."
              RenderTableCell {TD} at (37,352) size 117x181 [border: (1px solid #008000)] [r=1 c=2 rs=1 cs=1]
                RenderText {#text} at (27,-15) size 63x182
                  text run at (27,-15) width 181: "The borders on the header"
                  text run at (48,-15) width 36: "cells, "
                  text run at (48,21) width 146: "on all sides, should be"
                  text run at (69,-15) width 143: "medium solid purple."
            RenderTableRow {TR} at (0,154) size 159x562
              RenderTableCell {TD} at (154,18) size 159x131 [border: (1px solid #008000)] [r=2 c=0 rs=1 cs=1]
                RenderText {#text} at (16,-4) size 126x137
                  text run at (16,-4) width 120: "The border of the"
                  text run at (37,-4) width 137: "table itself should be"
                  text run at (58,-4) width 127: "medium solid blue."
                  text run at (79,-4) width 101: "The borders of"
                  text run at (100,-4) width 137: "other cells should be"
                  text run at (121,-4) width 108: "thin solid green."
              RenderTableCell {TD} at (154,168) size 159x155 [border: (1px solid #008000)] [r=2 c=1 rs=1 cs=1]
                RenderText {#text} at (6,6) size 105x129
                  text run at (6,6) width 116: "This table should"
                  text run at (27,6) width 129: "have a 1em margin"
                  text run at (48,6) width 115: "around all edges."
                  text run at (69,6) width 87: "This margin "
                  text run at (69,93) width 10: "is"
                  text run at (90,6) width 128: "measured from the"
                RenderInline {EM} at (0,0) size 21x68
                  RenderText {#text} at (111,6) size 21x68
                    text run at (111,6) width 68: "outer edge"
                RenderText {#text} at (111,74) size 42x104
                  text run at (111,74) width 36: " of its"
                  text run at (132,6) width 51: "border."
              RenderTableCell {TD} at (154,341) size 159x202 [border: (1px solid #008000)] [r=2 c=2 rs=1 cs=1]
                RenderText {#text} at (16,-4) size 126x204
                  text run at (16,-4) width 202: "The table should not be wider"
                  text run at (37,-4) width 197: "than the room available for it"
                  text run at (58,-4) width 45: "unless "
                  text run at (58,41) width 159: "that space is very small."
                  text run at (79,-4) width 179: "Because of its margins, the"
                  text run at (100,-4) width 85: "width of the "
                  text run at (100,81) width 102: "table should be"
                  text run at (121,-4) width 106: "less than 100%."
        RenderTable {TABLE} at (1383,16) size 292x568
          RenderBlock {CAPTION} at (0,0) size 21x568
            RenderText {#text} at (0,220) size 21x128
              text run at (0,220) width 127: "This is the caption."
          RenderTableCol {COLGROUP} at (0,0) size 0x0 [border: (3px solid #FF0000)]
            RenderTableCol {COL} at (0,0) size 0x0 [border: (3px solid #FF0000)]
          RenderTableCol {COLGROUP} at (0,0) size 0x0 [border: (3px solid #FF0000)]
            RenderTableCol {COL} at (0,0) size 0x0 [border: (3px solid #FF0000)]
            RenderTableCol {COL} at (0,0) size 0x0 [border: (3px solid #FF0000)]
          RenderTableSection {THEAD} at (21,0) size 35x568 [border: (3px solid #FF0000)]
            RenderTableRow {TR} at (0,2) size 31x568 [border: (3px solid #FF0000)]
              RenderTableCell {TH} at (2,2) size 31x92 [r=0 c=0 rs=1 cs=1]
                RenderText {#text} at (5,5) size 21x82
                  text run at (5,5) width 82: "Header One"
              RenderTableCell {TH} at (2,96) size 31x247 [r=0 c=1 rs=1 cs=1]
                RenderText {#text} at (5,81) size 21x85
                  text run at (5,81) width 85: "Header Two"
              RenderTableCell {TH} at (2,345) size 31x221 [r=0 c=2 rs=1 cs=1]
                RenderText {#text} at (5,63) size 21x95
                  text run at (5,63) width 95: "Header Three"
          RenderTableSection {TBODY} at (56,0) size 236x568 [border: (3px solid #FF0000)]
            RenderTableRow {TR} at (0,2) size 115x568 [border: (3px solid #FF0000)]
              RenderTableCell {TD} at (2,2) size 115x92 [r=0 c=0 rs=1 cs=1]
                RenderText {#text} at (5,5) size 105x67
                  text run at (5,5) width 67: "This table"
                  text run at (26,5) width 53: "uses the"
                  text run at (47,5) width 66: "separated"
                  text run at (68,5) width 53: "borders"
                  text run at (89,5) width 45: "model."
              RenderTableCell {TD} at (2,117) size 115x205 [r=0 c=1 rs=1 cs=1]
                RenderText {#text} at (26,-16) size 63x224
                  text run at (26,-16) width 191: "This means that borders are"
                  text run at (47,-16) width 224: "allowed only on table elements or"
                  text run at (68,-16) width 37: "table "
                  text run at (68,21) width 88: "cell elements."
              RenderTableCell {TD} at (2,355) size 115x200 [r=0 c=2 rs=1 cs=1]
                RenderText {#text} at (15,-5) size 84x198
                  text run at (15,-5) width 164: "They are not allowed on"
                  text run at (36,-5) width 198: "elements that represent rows,"
                  text run at (57,-5) width 166: "row-groups, columns, or"
                  text run at (78,-5) width 106: "column-groups."
            RenderTableRow {TR} at (0,119) size 115x568 [border: (3px solid #FF0000)]
              RenderTableCell {TD} at (119,2) size 115x92 [r=1 c=0 rs=1 cs=1]
                RenderText {#text} at (5,5) size 105x82
                  text run at (5,5) width 41: "There"
                  text run at (26,5) width 65: "should be"
                  text run at (47,5) width 74: "no borders"
                  text run at (68,5) width 82: "at all on this"
                  text run at (89,5) width 38: "table!"
              RenderTableCell {TD} at (119,106) size 115x226 [r=1 c=1 rs=1 cs=1]
                RenderText {#text} at (15,-5) size 84x230
                  text run at (15,-5) width 210: "If there are any borders shown"
                  text run at (36,-5) width 204: "that are not medium solid red,"
                  text run at (57,-5) width 34: "then "
                  text run at (57,29) width 169: "the problem is something"
                  text run at (78,-5) width 230: "other than what this test is testing."
              RenderTableCell {TD} at (119,355) size 115x200 [r=1 c=2 rs=1 cs=1]
                RenderText {#text} at (15,-5) size 63x202
                  text run at (15,-5) width 196: "This table should have a 1em"
                  text run at (36,-5) width 172: "margin around all edges. "
                  text run at (36,167) width 30: "This"
                  text run at (57,-5) width 53: "margin "
                  text run at (57,48) width 142: "is measured from the"
                RenderInline {EM} at (0,0) size 21x68
                  RenderText {#text} at (78,-5) size 21x68
                    text run at (78,-5) width 68: "outer edge"
                RenderText {#text} at (78,63) size 21x91
                  text run at (78,63) width 91: " of its border."
