layer at (0,0) size 800x600
  RenderView at (0,0) size 800x600
layer at (0,0) size 800x600
  RenderBlock {HTML} at (0,0) size 800x600
    RenderBody {BODY} at (8,8) size 784x584
      RenderBlock {P} at (0,0) size 784x22
        RenderText {#text} at (0,0) size 57x22
          text run at (0,0) width 57: "Test for "
        RenderInline {I} at (0,0) size 699x22
          RenderInline {A} at (0,0) size 352x22 [color=#0000EE]
            RenderText {#text} at (57,0) size 352x22
              text run at (57,0) width 352: "http://bugzilla.opendarwin.org/show_bug.cgi?id=8848"
          RenderText {#text} at (409,0) size 347x22
            text run at (409,0) width 4: " "
            text run at (413,0) width 343: "TFOOT borders are copied to THEAD and TBODY"
        RenderText {#text} at (756,0) size 4x22
          text run at (756,0) width 4: "."
      RenderBlock {HR} at (0,38) size 784x2 [border: (1px inset #000000)]
      RenderTable {TABLE} at (0,48) size 314x355
        RenderTableSection {TBODY} at (0,0) size 314x355
          RenderTableRow {TR} at (0,2) size 314x351
            RenderTableCell {TD} at (2,2) size 76x351 [r=0 c=0 rs=1 cs=1]
              RenderTable {TABLE} at (11,11) size 54x103 [border: none]
                RenderTableSection {THEAD} at (0,0) size 53x25
                  RenderTableRow {TR} at (0,0) size 53x25
                    RenderTableCell {TH} at (0,0) size 53x25 [border: (1px solid #D3D3D3)] [r=0 c=0 rs=1 cs=1]
                      RenderText {#text} at (2,2) size 50x22
                        text run at (2,2) width 50: "Header"
                RenderTableSection {TBODY} at (0,25) size 53x25
                  RenderTableRow {TR} at (0,0) size 53x25
                    RenderTableCell {TD} at (0,0) size 53x25 [border: (1px solid #D3D3D3)] [r=0 c=0 rs=1 cs=1]
                      RenderText {#text} at (2,2) size 48x22
                        text run at (2,2) width 48: "Body 1"
                RenderTableSection {TBODY} at (0,50) size 53x26
                  RenderTableRow {TR} at (0,0) size 53x26
                    RenderTableCell {TD} at (0,0) size 53x26 [border: (1px solid #D3D3D3)] [r=0 c=0 rs=1 cs=1]
                      RenderText {#text} at (2,2) size 48x22
                        text run at (2,2) width 48: "Body 2"
                RenderTableSection {TFOOT} at (0,76) size 53x26 [border: (2px solid #0000FF) none (2px solid #008000) none]
                  RenderTableRow {TR} at (0,0) size 53x26
                    RenderTableCell {TD} at (0,0) size 53x26 [border: (1px solid #D3D3D3)] [r=0 c=0 rs=1 cs=1]
                      RenderText {#text} at (2,2) size 45x22
                        text run at (2,2) width 45: "Footer"
              RenderTable {TABLE} at (11,124) size 54x103 [border: none]
                RenderTableSection {TBODY} at (0,25) size 53x25
                  RenderTableRow {TR} at (0,0) size 53x25
                    RenderTableCell {TD} at (0,0) size 53x25 [border: (1px solid #D3D3D3)] [r=0 c=0 rs=1 cs=1]
                      RenderText {#text} at (2,2) size 48x22
                        text run at (2,2) width 48: "Body 1"
                RenderTableSection {THEAD} at (0,0) size 53x25
                  RenderTableRow {TR} at (0,0) size 53x25
                    RenderTableCell {TH} at (0,0) size 53x25 [border: (1px solid #D3D3D3)] [r=0 c=0 rs=1 cs=1]
                      RenderText {#text} at (2,2) size 50x22
                        text run at (2,2) width 50: "Header"
                RenderTableSection {TBODY} at (0,50) size 53x26
                  RenderTableRow {TR} at (0,0) size 53x26
                    RenderTableCell {TD} at (0,0) size 53x26 [border: (1px solid #D3D3D3)] [r=0 c=0 rs=1 cs=1]
                      RenderText {#text} at (2,2) size 48x22
                        text run at (2,2) width 48: "Body 2"
                RenderTableSection {TFOOT} at (0,76) size 53x26 [border: (2px solid #0000FF) none (2px solid #008000) none]
                  RenderTableRow {TR} at (0,0) size 53x26
                    RenderTableCell {TD} at (0,0) size 53x26 [border: (1px solid #D3D3D3)] [r=0 c=0 rs=1 cs=1]
                      RenderText {#text} at (2,2) size 45x22
                        text run at (2,2) width 45: "Footer"
              RenderTable {TABLE} at (11,237) size 54x103 [border: none]
                RenderTableSection {TBODY} at (0,25) size 53x25
                  RenderTableRow {TR} at (0,0) size 53x25
                    RenderTableCell {TD} at (0,0) size 53x25 [border: (1px solid #D3D3D3)] [r=0 c=0 rs=1 cs=1]
                      RenderText {#text} at (2,2) size 48x22
                        text run at (2,2) width 48: "Body 1"
                RenderTableSection {THEAD} at (0,0) size 53x25
                  RenderTableRow {TR} at (0,0) size 53x25
                    RenderTableCell {TH} at (0,0) size 53x25 [border: (1px solid #D3D3D3)] [r=0 c=0 rs=1 cs=1]
                      RenderText {#text} at (2,2) size 50x22
                        text run at (2,2) width 50: "Header"
                RenderTableSection {TFOOT} at (0,76) size 53x26 [border: (2px solid #0000FF) none (2px solid #008000) none]
                  RenderTableRow {TR} at (0,0) size 53x26
                    RenderTableCell {TD} at (0,0) size 53x26 [border: (1px solid #D3D3D3)] [r=0 c=0 rs=1 cs=1]
                      RenderText {#text} at (2,2) size 45x22
                        text run at (2,2) width 45: "Footer"
                RenderTableSection {TBODY} at (0,50) size 53x26
                  RenderTableRow {TR} at (0,0) size 53x26
                    RenderTableCell {TD} at (0,0) size 53x26 [border: (1px solid #D3D3D3)] [r=0 c=0 rs=1 cs=1]
                      RenderText {#text} at (2,2) size 48x22
                        text run at (2,2) width 48: "Body 2"
            RenderTableCell {TD} at (80,2) size 76x351 [r=0 c=1 rs=1 cs=1]
              RenderTable {TABLE} at (11,11) size 54x103 [border: none]
                RenderTableSection {TBODY} at (0,25) size 53x25
                  RenderTableRow {TR} at (0,0) size 53x25
                    RenderTableCell {TD} at (0,0) size 53x25 [border: (1px solid #D3D3D3)] [r=0 c=0 rs=1 cs=1]
                      RenderText {#text} at (2,2) size 48x22
                        text run at (2,2) width 48: "Body 1"
                RenderTableSection {TFOOT} at (0,76) size 53x26 [border: (2px solid #0000FF) none (2px solid #008000) none]
                  RenderTableRow {TR} at (0,0) size 53x26
                    RenderTableCell {TD} at (0,0) size 53x26 [border: (1px solid #D3D3D3)] [r=0 c=0 rs=1 cs=1]
                      RenderText {#text} at (2,2) size 45x22
                        text run at (2,2) width 45: "Footer"
                RenderTableSection {THEAD} at (0,0) size 53x25
                  RenderTableRow {TR} at (0,0) size 53x25
                    RenderTableCell {TH} at (0,0) size 53x25 [border: (1px solid #D3D3D3)] [r=0 c=0 rs=1 cs=1]
                      RenderText {#text} at (2,2) size 50x22
                        text run at (2,2) width 50: "Header"
                RenderTableSection {TBODY} at (0,50) size 53x26
                  RenderTableRow {TR} at (0,0) size 53x26
                    RenderTableCell {TD} at (0,0) size 53x26 [border: (1px solid #D3D3D3)] [r=0 c=0 rs=1 cs=1]
                      RenderText {#text} at (2,2) size 48x22
                        text run at (2,2) width 48: "Body 2"
              RenderTable {TABLE} at (11,124) size 54x103 [border: none]
                RenderTableSection {TFOOT} at (0,76) size 53x26 [border: (2px solid #0000FF) none (2px solid #008000) none]
                  RenderTableRow {TR} at (0,0) size 53x26
                    RenderTableCell {TD} at (0,0) size 53x26 [border: (1px solid #D3D3D3)] [r=0 c=0 rs=1 cs=1]
                      RenderText {#text} at (2,2) size 45x22
                        text run at (2,2) width 45: "Footer"
                RenderTableSection {TBODY} at (0,25) size 53x25
                  RenderTableRow {TR} at (0,0) size 53x25
                    RenderTableCell {TD} at (0,0) size 53x25 [border: (1px solid #D3D3D3)] [r=0 c=0 rs=1 cs=1]
                      RenderText {#text} at (2,2) size 48x22
                        text run at (2,2) width 48: "Body 1"
                RenderTableSection {THEAD} at (0,0) size 53x25
                  RenderTableRow {TR} at (0,0) size 53x25
                    RenderTableCell {TH} at (0,0) size 53x25 [border: (1px solid #D3D3D3)] [r=0 c=0 rs=1 cs=1]
                      RenderText {#text} at (2,2) size 50x22
                        text run at (2,2) width 50: "Header"
                RenderTableSection {TBODY} at (0,50) size 53x26
                  RenderTableRow {TR} at (0,0) size 53x26
                    RenderTableCell {TD} at (0,0) size 53x26 [border: (1px solid #D3D3D3)] [r=0 c=0 rs=1 cs=1]
                      RenderText {#text} at (2,2) size 48x22
                        text run at (2,2) width 48: "Body 2"
              RenderTable {TABLE} at (11,237) size 54x103 [border: none]
                RenderTableSection {TBODY} at (0,25) size 53x25
                  RenderTableRow {TR} at (0,0) size 53x25
                    RenderTableCell {TD} at (0,0) size 53x25 [border: (1px solid #D3D3D3)] [r=0 c=0 rs=1 cs=1]
                      RenderText {#text} at (2,2) size 48x22
                        text run at (2,2) width 48: "Body 1"
                RenderTableSection {TBODY} at (0,50) size 53x26
                  RenderTableRow {TR} at (0,0) size 53x26
                    RenderTableCell {TD} at (0,0) size 53x26 [border: (1px solid #D3D3D3)] [r=0 c=0 rs=1 cs=1]
                      RenderText {#text} at (2,2) size 48x22
                        text run at (2,2) width 48: "Body 2"
                RenderTableSection {TFOOT} at (0,76) size 53x26 [border: (2px solid #0000FF) none (2px solid #008000) none]
                  RenderTableRow {TR} at (0,0) size 53x26
                    RenderTableCell {TD} at (0,0) size 53x26 [border: (1px solid #D3D3D3)] [r=0 c=0 rs=1 cs=1]
                      RenderText {#text} at (2,2) size 45x22
                        text run at (2,2) width 45: "Footer"
                RenderTableSection {THEAD} at (0,0) size 53x25
                  RenderTableRow {TR} at (0,0) size 53x25
                    RenderTableCell {TH} at (0,0) size 53x25 [border: (1px solid #D3D3D3)] [r=0 c=0 rs=1 cs=1]
                      RenderText {#text} at (2,2) size 50x22
                        text run at (2,2) width 50: "Header"
            RenderTableCell {TD} at (158,2) size 76x351 [r=0 c=2 rs=1 cs=1]
              RenderTable {TABLE} at (11,11) size 54x103 [border: (1px none #808080)]
                RenderTableSection {THEAD} at (0,1) size 53x26 [border: (2px solid #0000FF) none (2px solid #008000) none]
                  RenderTableRow {TR} at (0,0) size 53x26
                    RenderTableCell {TH} at (0,0) size 53x26 [border: (1px solid #D3D3D3)] [r=0 c=0 rs=1 cs=1]
                      RenderText {#text} at (2,2) size 50x22
                        text run at (2,2) width 50: "Header"
                RenderTableSection {TBODY} at (0,27) size 53x25
                  RenderTableRow {TR} at (0,0) size 53x25
                    RenderTableCell {TD} at (0,0) size 53x25 [border: (1px solid #D3D3D3)] [r=0 c=0 rs=1 cs=1]
                      RenderText {#text} at (2,2) size 48x22
                        text run at (2,2) width 48: "Body 1"
                RenderTableSection {TBODY} at (0,52) size 53x25
                  RenderTableRow {TR} at (0,0) size 53x25
                    RenderTableCell {TD} at (0,0) size 53x25 [border: (1px solid #D3D3D3)] [r=0 c=0 rs=1 cs=1]
                      RenderText {#text} at (2,2) size 48x22
                        text run at (2,2) width 48: "Body 2"
                RenderTableSection {TFOOT} at (0,77) size 53x25
                  RenderTableRow {TR} at (0,0) size 53x25
                    RenderTableCell {TD} at (0,0) size 53x25 [border: (1px solid #D3D3D3)] [r=0 c=0 rs=1 cs=1]
                      RenderText {#text} at (2,2) size 45x22
                        text run at (2,2) width 45: "Footer"
              RenderTable {TABLE} at (11,124) size 54x103 [border: (1px none #808080)]
                RenderTableSection {TBODY} at (0,27) size 53x25
                  RenderTableRow {TR} at (0,0) size 53x25
                    RenderTableCell {TD} at (0,0) size 53x25 [border: (1px solid #D3D3D3)] [r=0 c=0 rs=1 cs=1]
                      RenderText {#text} at (2,2) size 48x22
                        text run at (2,2) width 48: "Body 1"
                RenderTableSection {THEAD} at (0,1) size 53x26 [border: (2px solid #0000FF) none (2px solid #008000) none]
                  RenderTableRow {TR} at (0,0) size 53x26
                    RenderTableCell {TH} at (0,0) size 53x26 [border: (1px solid #D3D3D3)] [r=0 c=0 rs=1 cs=1]
                      RenderText {#text} at (2,2) size 50x22
                        text run at (2,2) width 50: "Header"
                RenderTableSection {TBODY} at (0,52) size 53x25
                  RenderTableRow {TR} at (0,0) size 53x25
                    RenderTableCell {TD} at (0,0) size 53x25 [border: (1px solid #D3D3D3)] [r=0 c=0 rs=1 cs=1]
                      RenderText {#text} at (2,2) size 48x22
                        text run at (2,2) width 48: "Body 2"
                RenderTableSection {TFOOT} at (0,77) size 53x25
                  RenderTableRow {TR} at (0,0) size 53x25
                    RenderTableCell {TD} at (0,0) size 53x25 [border: (1px solid #D3D3D3)] [r=0 c=0 rs=1 cs=1]
                      RenderText {#text} at (2,2) size 45x22
                        text run at (2,2) width 45: "Footer"
              RenderTable {TABLE} at (11,237) size 54x103 [border: (1px none #808080)]
                RenderTableSection {TBODY} at (0,27) size 53x25
                  RenderTableRow {TR} at (0,0) size 53x25
                    RenderTableCell {TD} at (0,0) size 53x25 [border: (1px solid #D3D3D3)] [r=0 c=0 rs=1 cs=1]
                      RenderText {#text} at (2,2) size 48x22
                        text run at (2,2) width 48: "Body 1"
                RenderTableSection {THEAD} at (0,1) size 53x26 [border: (2px solid #0000FF) none (2px solid #008000) none]
                  RenderTableRow {TR} at (0,0) size 53x26
                    RenderTableCell {TH} at (0,0) size 53x26 [border: (1px solid #D3D3D3)] [r=0 c=0 rs=1 cs=1]
                      RenderText {#text} at (2,2) size 50x22
                        text run at (2,2) width 50: "Header"
                RenderTableSection {TFOOT} at (0,77) size 53x25
                  RenderTableRow {TR} at (0,0) size 53x25
                    RenderTableCell {TD} at (0,0) size 53x25 [border: (1px solid #D3D3D3)] [r=0 c=0 rs=1 cs=1]
                      RenderText {#text} at (2,2) size 45x22
                        text run at (2,2) width 45: "Footer"
                RenderTableSection {TBODY} at (0,52) size 53x25
                  RenderTableRow {TR} at (0,0) size 53x25
                    RenderTableCell {TD} at (0,0) size 53x25 [border: (1px solid #D3D3D3)] [r=0 c=0 rs=1 cs=1]
                      RenderText {#text} at (2,2) size 48x22
                        text run at (2,2) width 48: "Body 2"
            RenderTableCell {TD} at (236,2) size 76x351 [r=0 c=3 rs=1 cs=1]
              RenderTable {TABLE} at (11,11) size 54x103 [border: (1px none #808080)]
                RenderTableSection {TBODY} at (0,27) size 53x25
                  RenderTableRow {TR} at (0,0) size 53x25
                    RenderTableCell {TD} at (0,0) size 53x25 [border: (1px solid #D3D3D3)] [r=0 c=0 rs=1 cs=1]
                      RenderText {#text} at (2,2) size 48x22
                        text run at (2,2) width 48: "Body 1"
                RenderTableSection {TFOOT} at (0,77) size 53x25
                  RenderTableRow {TR} at (0,0) size 53x25
                    RenderTableCell {TD} at (0,0) size 53x25 [border: (1px solid #D3D3D3)] [r=0 c=0 rs=1 cs=1]
                      RenderText {#text} at (2,2) size 45x22
                        text run at (2,2) width 45: "Footer"
                RenderTableSection {THEAD} at (0,1) size 53x26 [border: (2px solid #0000FF) none (2px solid #008000) none]
                  RenderTableRow {TR} at (0,0) size 53x26
                    RenderTableCell {TH} at (0,0) size 53x26 [border: (1px solid #D3D3D3)] [r=0 c=0 rs=1 cs=1]
                      RenderText {#text} at (2,2) size 50x22
                        text run at (2,2) width 50: "Header"
                RenderTableSection {TBODY} at (0,52) size 53x25
                  RenderTableRow {TR} at (0,0) size 53x25
                    RenderTableCell {TD} at (0,0) size 53x25 [border: (1px solid #D3D3D3)] [r=0 c=0 rs=1 cs=1]
                      RenderText {#text} at (2,2) size 48x22
                        text run at (2,2) width 48: "Body 2"
              RenderTable {TABLE} at (11,124) size 54x103 [border: (1px none #808080)]
                RenderTableSection {TFOOT} at (0,77) size 53x25
                  RenderTableRow {TR} at (0,0) size 53x25
                    RenderTableCell {TD} at (0,0) size 53x25 [border: (1px solid #D3D3D3)] [r=0 c=0 rs=1 cs=1]
                      RenderText {#text} at (2,2) size 45x22
                        text run at (2,2) width 45: "Footer"
                RenderTableSection {TBODY} at (0,27) size 53x25
                  RenderTableRow {TR} at (0,0) size 53x25
                    RenderTableCell {TD} at (0,0) size 53x25 [border: (1px solid #D3D3D3)] [r=0 c=0 rs=1 cs=1]
                      RenderText {#text} at (2,2) size 48x22
                        text run at (2,2) width 48: "Body 1"
                RenderTableSection {THEAD} at (0,1) size 53x26 [border: (2px solid #0000FF) none (2px solid #008000) none]
                  RenderTableRow {TR} at (0,0) size 53x26
                    RenderTableCell {TH} at (0,0) size 53x26 [border: (1px solid #D3D3D3)] [r=0 c=0 rs=1 cs=1]
                      RenderText {#text} at (2,2) size 50x22
                        text run at (2,2) width 50: "Header"
                RenderTableSection {TBODY} at (0,52) size 53x25
                  RenderTableRow {TR} at (0,0) size 53x25
                    RenderTableCell {TD} at (0,0) size 53x25 [border: (1px solid #D3D3D3)] [r=0 c=0 rs=1 cs=1]
                      RenderText {#text} at (2,2) size 48x22
                        text run at (2,2) width 48: "Body 2"
              RenderTable {TABLE} at (11,237) size 54x103 [border: (1px none #808080)]
                RenderTableSection {TBODY} at (0,27) size 53x25
                  RenderTableRow {TR} at (0,0) size 53x25
                    RenderTableCell {TD} at (0,0) size 53x25 [border: (1px solid #D3D3D3)] [r=0 c=0 rs=1 cs=1]
                      RenderText {#text} at (2,2) size 48x22
                        text run at (2,2) width 48: "Body 1"
                RenderTableSection {TBODY} at (0,52) size 53x25
                  RenderTableRow {TR} at (0,0) size 53x25
                    RenderTableCell {TD} at (0,0) size 53x25 [border: (1px solid #D3D3D3)] [r=0 c=0 rs=1 cs=1]
                      RenderText {#text} at (2,2) size 48x22
                        text run at (2,2) width 48: "Body 2"
                RenderTableSection {TFOOT} at (0,77) size 53x25
                  RenderTableRow {TR} at (0,0) size 53x25
                    RenderTableCell {TD} at (0,0) size 53x25 [border: (1px solid #D3D3D3)] [r=0 c=0 rs=1 cs=1]
                      RenderText {#text} at (2,2) size 45x22
                        text run at (2,2) width 45: "Footer"
                RenderTableSection {THEAD} at (0,1) size 53x26 [border: (2px solid #0000FF) none (2px solid #008000) none]
                  RenderTableRow {TR} at (0,0) size 53x26
                    RenderTableCell {TH} at (0,0) size 53x26 [border: (1px solid #D3D3D3)] [r=0 c=0 rs=1 cs=1]
                      RenderText {#text} at (2,2) size 50x22
                        text run at (2,2) width 50: "Header"
