layer at (0,0) size 800x600
  RenderView at (0,0) size 800x600
layer at (0,0) size 800x600
  RenderBlock {HTML} at (0,0) size 800x600
    RenderBody {BODY} at (8,8) size 784x584
      RenderBlock {P} at (0,0) size 784x44
        RenderText {#text} at (0,0) size 228x22
          text run at (0,0) width 228: "This tests for a regression against "
        RenderInline {I} at (0,0) size 771x44
          RenderInline {A} at (0,0) size 352x22 [color=#0000EE]
            RenderText {#text} at (228,0) size 352x22
              text run at (228,0) width 352: "http://bugzilla.opendarwin.org/show_bug.cgi?id=6888"
          RenderText {#text} at (580,0) size 771x44
            text run at (580,0) width 191: " Collapsed borders appear on"
            text run at (0,22) width 323: "the wrong side or on the wrong cell in RTL tables"
        RenderText {#text} at (323,22) size 4x22
          text run at (323,22) width 4: "."
      RenderBlock {P} at (0,60) size 784x22
        RenderText {#text} at (0,0) size 398x22
          text run at (0,0) width 398: "The RTL table should be a mirror image of the LTR table."
      RenderBlock {HR} at (0,98) size 784x2 [border: (1px inset #000000)]
      RenderTable {TABLE} at (0,108) size 86x139
        RenderTableSection {TBODY} at (0,0) size 86x139
          RenderTableRow {TR} at (0,0) size 30x139
            RenderTableCell {TD} at (0,0) size 30x70 [border: none (1px solid #000000) none] [r=0 c=0 rs=1 cs=1]
              RenderText {#text} at (4,17) size 22x35
                text run at (4,17) width 34: "RTL"
            RenderTableCell {TD} at (0,70) size 30x69 [r=0 c=1 rs=1 cs=1]
              RenderText {#text} at (4,17) size 22x35
                text run at (4,17) width 34: "LTR"
          RenderTableRow {TR} at (0,30) size 56x139
            RenderTableCell {TD} at (30,0) size 56x70 [border: none (1px solid #000000) none] [r=1 c=0 rs=1 cs=1]
              RenderTable {TABLE} at (4,4) size 48x61 [border: (1px solid #0000FF) none (1px solid #FF0000) none]
                RenderTableCol {COLGROUP} at (0,0) size 0x0
                  RenderTableCol {COL} at (0,0) size 0x0
                  RenderTableCol {COL} at (0,0) size 0x0
                  RenderTableCol {COL} at (0,0) size 0x0 [bgcolor=#FFFF00] [border: (2px dotted #008000) none (1px solid #000000) none]
                  RenderTableCol {COL} at (0,0) size 0x0 [bgcolor=#C0C0C0]
                RenderTableSection {TBODY} at (0,1) size 48x59
                  RenderTableRow {TR} at (0,0) size 24x59
                    RenderTableCell {TD} at (0,46) size 24x13 [border: none] [r=0 c=0 rs=1 cs=1]
                      RenderText {#text} at (1,3) size 22x8
                        text run at (1,3) width 8 RTL: "  "
                    RenderTableCell {TD} at (0,33) size 24x13 [border: (1px none #000000)] [r=0 c=1 rs=1 cs=1]
                      RenderText {#text} at (1,4) size 22x8
                        text run at (1,4) width 8 RTL: "  "
                    RenderTableCell {TD} at (0,11) size 24x22 [r=0 c=2 rs=1 cs=2]
                      RenderText {#text} at (1,13) size 22x8
                        text run at (1,13) width 8 RTL: "  "
                    RenderTableCell {TD} at (0,0) size 24x11 [border: (1px none #000000)] [r=0 c=4 rs=1 cs=1]
                      RenderText {#text} at (1,2) size 22x8
                        text run at (1,2) width 8 RTL: "  "
                  RenderTableRow {TR} at (0,24) size 24x59
                    RenderTableCell {TD} at (24,46) size 24x13 [border: (2px solid #800000) none] [r=1 c=0 rs=1 cs=1]
                      RenderText {#text} at (1,3) size 22x8
                        text run at (1,3) width 8 RTL: "  "
                    RenderTableCell {TD} at (24,33) size 24x13 [border: (1px none #000000)] [r=1 c=1 rs=1 cs=1]
                      RenderText {#text} at (1,2) size 22x8
                        text run at (1,2) width 8 RTL: "  "
                    RenderTableCell {TD} at (24,22) size 24x11 [border: (1px none #000000)] [r=1 c=2 rs=1 cs=1]
                      RenderText {#text} at (1,2) size 22x8
                        text run at (1,2) width 8 RTL: "  "
                    RenderTableCell {TD} at (24,11) size 24x11 [border: none] [r=1 c=3 rs=1 cs=1]
                      RenderText {#text} at (1,1) size 22x8
                        text run at (1,1) width 8 RTL: "  "
                    RenderTableCell {TD} at (24,0) size 24x11 [border: (1px none #000000)] [r=1 c=4 rs=1 cs=1]
                      RenderText {#text} at (1,2) size 22x8
                        text run at (1,2) width 8 RTL: "  "
            RenderTableCell {TD} at (30,70) size 56x69 [r=1 c=1 rs=1 cs=1]
              RenderTable {TABLE} at (4,4) size 48x61 [border: (1px solid #FF0000) none (1px solid #0000FF) none]
                RenderTableCol {COLGROUP} at (0,0) size 0x0
                  RenderTableCol {COL} at (0,0) size 0x0
                  RenderTableCol {COL} at (0,0) size 0x0
                  RenderTableCol {COL} at (0,0) size 0x0 [bgcolor=#FFFF00] [border: (1px solid #000000) none (2px dotted #008000) none]
                  RenderTableCol {COL} at (0,0) size 0x0 [bgcolor=#C0C0C0]
                RenderTableSection {TBODY} at (0,1) size 48x59
                  RenderTableRow {TR} at (0,0) size 24x59
                    RenderTableCell {TD} at (0,0) size 24x13 [border: (1px none #000000)] [r=0 c=0 rs=1 cs=1]
                      RenderText {#text} at (1,2) size 22x8
                        text run at (1,2) width 8: "  "
                    RenderTableCell {TD} at (0,13) size 24x12 [r=0 c=1 rs=1 cs=1]
                      RenderText {#text} at (1,1) size 22x8
                        text run at (1,1) width 8: "  "
                    RenderTableCell {TD} at (0,25) size 24x23 [border: (1px none #000000)] [r=0 c=2 rs=1 cs=2]
                      RenderText {#text} at (1,2) size 22x8
                        text run at (1,2) width 8: "  "
                    RenderTableCell {TD} at (0,48) size 24x11 [border: none] [r=0 c=4 rs=1 cs=1]
                      RenderText {#text} at (1,1) size 22x8
                        text run at (1,1) width 8: "  "
                  RenderTableRow {TR} at (0,24) size 24x59
                    RenderTableCell {TD} at (24,0) size 24x13 [border: (1px none #000000) (2px solid #800000) none] [r=1 c=0 rs=1 cs=1]
                      RenderText {#text} at (1,2) size 22x8
                        text run at (1,2) width 8: "  "
                    RenderTableCell {TD} at (24,13) size 24x12 [border: (2px none #000000)] [r=1 c=1 rs=1 cs=1]
                      RenderText {#text} at (1,3) size 22x8
                        text run at (1,3) width 8: "  "
                    RenderTableCell {TD} at (24,25) size 24x12 [border: (1px none #000000)] [r=1 c=2 rs=1 cs=1]
                      RenderText {#text} at (1,2) size 22x8
                        text run at (1,2) width 8: "  "
                    RenderTableCell {TD} at (24,37) size 24x11 [border: (1px none #000000)] [r=1 c=3 rs=1 cs=1]
                      RenderText {#text} at (1,2) size 22x8
                        text run at (1,2) width 8: "  "
                    RenderTableCell {TD} at (24,48) size 24x11 [border: none] [r=1 c=4 rs=1 cs=1]
                      RenderText {#text} at (1,1) size 22x8
                        text run at (1,1) width 8: "  "
