layer at (0,0) size 800x600
  RenderView at (0,0) size 800x600
layer at (0,0) size 800x120
  RenderBlock {HTML} at (0,0) size 800x120
    RenderBody {BODY} at (8,8) size 784x104
      RenderBlock {DIV} at (0,0) size 784x46
        RenderText {#text} at (0,0) size 756x42
          text run at (0,0) width 528: "This tests that an element with a positive z-index appears behind the full screen element. "
          text run at (528,0) width 228: "After entering full screen mode, only a"
          text run at (0,23) width 171: "green box should be visible. "
          text run at (171,23) width 36: "Click "
        RenderButton {BUTTON} at (209,22) size 93x22 [bgcolor=#C0C0C0] [border: (2px outset #C0C0C0)]
          RenderBlock (anonymous) at (8,3) size 77x16
            RenderText {#text} at (0,0) size 77x16
              text run at (0,0) width 77: "go full screen"
        RenderText {#text} at (304,23) size 90x19
          text run at (304,23) width 90: " to run the test."
layer at (58,79) size 108x58
  RenderBlock (relative positioned) zI: 500 {DIV} at (0,46) size 108x58 [bgcolor=#FF0000] [border: (4px solid #8B0000)]
layer at (0,0) size 800x600
  RenderFullScreen zI: 2147483647 at (0,0) size 800x600 [bgcolor=#000000]
    RenderBlock {DIV} at (296,246) size 208x108 [bgcolor=#008000] [border: (4px solid #006400)]
