layer at (0,0) size 785x6586
  RenderView at (0,0) size 785x600
layer at (0,0) size 785x6586
  RenderBlock {HTML} at (0,0) size 785x6586
    RenderBody {BODY} at (8,8) size 769x6562
      RenderBlock {P} at (0,0) size 769x18
        RenderText {#text} at (0,0) size 300x18
          text run at (0,0) width 300: "Tests the resolved level of runs of neutral types."
      RenderBlock {DIV} at (0,34) size 769x3256
        RenderBlock {P} at (0,0) size 769x18
          RenderText {#text} at (0,0) size 43x18
            text run at (0,0) width 43: "ab(^cd"
        RenderBlock {P} at (0,34) size 769x19
          RenderText {#text} at (0,1) size 48x18
            text run at (0,1) width 20 RTL: "\x{5D0}\x{5D1}"
            text run at (19,1) width 29: "(^cd"
        RenderBlock {P} at (0,69) size 769x23
          RenderText {#text} at (0,2) size 43x18
            text run at (0,2) width 15 RTL: "\x{627}\x{628}"
            text run at (15,2) width 28: "(^cd"
        RenderBlock {P} at (0,108) size 769x18
          RenderText {#text} at (0,0) size 59x18
            text run at (0,0) width 59: "ab12(^cd"
        RenderBlock {P} at (0,142) size 769x19
          RenderText {#text} at (0,1) size 64x18
            text run at (0,1) width 16: "12"
            text run at (16,1) width 20 RTL: "\x{5D0}\x{5D1}"
            text run at (35,1) width 29: "(^cd"
        RenderBlock {P} at (0,177) size 769x23
          RenderText {#text} at (0,2) size 59x18
            text run at (0,2) width 16: "12"
            text run at (16,2) width 15 RTL: "\x{627}\x{628}"
            text run at (31,2) width 28: "(^cd"
        RenderBlock {P} at (0,216) size 769x23
          RenderText {#text} at (0,2) size 59x18
            text run at (0,2) width 15: "ab"
            text run at (15,2) width 16: "\x{661}\x{662}"
            text run at (31,2) width 28: "(^cd"
        RenderBlock {P} at (0,255) size 769x23
          RenderText {#text} at (0,2) size 64x18
            text run at (0,2) width 16: "\x{661}\x{662}"
            text run at (16,2) width 20 RTL: "\x{5D0}\x{5D1}"
            text run at (35,2) width 29: "(^cd"
        RenderBlock {P} at (0,294) size 769x23
          RenderText {#text} at (0,2) size 59x18
            text run at (0,2) width 16: "\x{661}\x{662}"
            text run at (16,2) width 15 RTL: "\x{627}\x{628}"
            text run at (31,2) width 28: "(^cd"
        RenderBlock {P} at (0,333) size 769x18
          RenderText {#text} at (0,0) size 35x18
            text run at (0,0) width 7: "\x{202A}?"
            text run at (7,0) width 28: "\x{202C}(^cd"
        RenderBlock {P} at (0,367) size 769x18
          RenderText {#text} at (0,0) size 35x18
            text run at (0,0) width 7 RTL: "\x{202B}?"
            text run at (7,0) width 28: "\x{202C}(^cd"
        RenderBlock {P} at (0,401) size 769x19
          RenderText {#text} at (0,1) size 43x18
            text run at (0,1) width 28: "ab(^"
            text run at (28,1) width 15 RTL: "\x{5D2}\x{5D3}"
        RenderBlock {P} at (0,436) size 769x19
          RenderText {#text} at (0,1) size 48x18
            text run at (0,1) width 48 RTL: "\x{5D0}\x{5D1}(^\x{5D2}\x{5D3}"
        RenderBlock {P} at (0,471) size 769x23
          RenderText {#text} at (0,2) size 43x18
            text run at (0,2) width 43 RTL: "\x{627}\x{628}(^\x{5D2}\x{5D3}"
        RenderBlock {P} at (0,510) size 769x19
          RenderText {#text} at (0,1) size 59x18
            text run at (0,1) width 44: "ab12(^"
            text run at (44,1) width 15 RTL: "\x{5D2}\x{5D3}"
        RenderBlock {P} at (0,545) size 769x19
          RenderText {#text} at (0,1) size 64x18
            text run at (0,1) width 28 RTL: "(^\x{5D2}\x{5D3}"
            text run at (27,1) width 17: "12"
            text run at (43,1) width 21 RTL: "\x{5D0}\x{5D1}"
        RenderBlock {P} at (0,580) size 769x23
          RenderText {#text} at (0,2) size 59x18
            text run at (0,2) width 28 RTL: "(^\x{5D2}\x{5D3}"
            text run at (27,2) width 17: "12"
            text run at (43,2) width 16 RTL: "\x{627}\x{628}"
        RenderBlock {P} at (0,619) size 769x23
          RenderText {#text} at (0,2) size 59x18
            text run at (0,2) width 15: "ab"
            text run at (15,2) width 28 RTL: "(^\x{5D2}\x{5D3}"
            text run at (42,2) width 17: "\x{661}\x{662}"
        RenderBlock {P} at (0,658) size 769x23
          RenderText {#text} at (0,2) size 64x18
            text run at (0,2) width 28 RTL: "(^\x{5D2}\x{5D3}"
            text run at (27,2) width 17: "\x{661}\x{662}"
            text run at (43,2) width 21 RTL: "\x{5D0}\x{5D1}"
        RenderBlock {P} at (0,697) size 769x23
          RenderText {#text} at (0,2) size 59x18
            text run at (0,2) width 28 RTL: "(^\x{5D2}\x{5D3}"
            text run at (27,2) width 17: "\x{661}\x{662}"
            text run at (43,2) width 16 RTL: "\x{627}\x{628}"
        RenderBlock {P} at (0,736) size 769x19
          RenderText {#text} at (0,1) size 35x18
            text run at (0,1) width 7: "\x{202A}?"
            text run at (7,1) width 13: "\x{202C}(^"
            text run at (20,1) width 15 RTL: "\x{5D2}\x{5D3}"
        RenderBlock {P} at (0,771) size 769x19
          RenderText {#text} at (0,1) size 35x18
            text run at (0,1) width 28 RTL: "\x{202C}(^\x{5D2}\x{5D3}"
            text run at (27,1) width 8 RTL: "\x{202B}?"
        RenderBlock {P} at (0,806) size 769x23
          RenderText {#text} at (0,2) size 45x18
            text run at (0,2) width 28: "ab(^"
            text run at (28,2) width 17 RTL: "\x{62C}\x{62F}"
        RenderBlock {P} at (0,845) size 769x23
          RenderText {#text} at (0,2) size 50x18
            text run at (0,2) width 50 RTL: "\x{5D0}\x{5D1}(^\x{62C}\x{62F}"
        RenderBlock {P} at (0,884) size 769x23
          RenderText {#text} at (0,2) size 45x18
            text run at (0,2) width 45 RTL: "\x{627}\x{628}(^\x{62C}\x{62F}"
        RenderBlock {P} at (0,923) size 769x23
          RenderText {#text} at (0,2) size 61x18
            text run at (0,2) width 44: "ab12(^"
            text run at (44,2) width 17 RTL: "\x{62C}\x{62F}"
        RenderBlock {P} at (0,962) size 769x23
          RenderText {#text} at (0,2) size 66x18
            text run at (0,2) width 30 RTL: "(^\x{62C}\x{62F}"
            text run at (30,2) width 16: "12"
            text run at (46,2) width 20 RTL: "\x{5D0}\x{5D1}"
        RenderBlock {P} at (0,1001) size 769x23
          RenderText {#text} at (0,2) size 61x18
            text run at (0,2) width 30 RTL: "(^\x{62C}\x{62F}"
            text run at (30,2) width 16: "12"
            text run at (46,2) width 15 RTL: "\x{627}\x{628}"
        RenderBlock {P} at (0,1040) size 769x23
          RenderText {#text} at (0,2) size 61x18
            text run at (0,2) width 15: "ab"
            text run at (15,2) width 30 RTL: "(^\x{62C}\x{62F}"
            text run at (45,2) width 16: "\x{661}\x{662}"
        RenderBlock {P} at (0,1079) size 769x23
          RenderText {#text} at (0,2) size 66x18
            text run at (0,2) width 30 RTL: "(^\x{62C}\x{62F}"
            text run at (30,2) width 16: "\x{661}\x{662}"
            text run at (46,2) width 20 RTL: "\x{5D0}\x{5D1}"
        RenderBlock {P} at (0,1118) size 769x23
          RenderText {#text} at (0,2) size 61x18
            text run at (0,2) width 30 RTL: "(^\x{62C}\x{62F}"
            text run at (30,2) width 16: "\x{661}\x{662}"
            text run at (46,2) width 15 RTL: "\x{627}\x{628}"
        RenderBlock {P} at (0,1157) size 769x23
          RenderText {#text} at (0,2) size 37x18
            text run at (0,2) width 7: "\x{202A}?"
            text run at (7,2) width 13: "\x{202C}(^"
            text run at (20,2) width 17 RTL: "\x{62C}\x{62F}"
        RenderBlock {P} at (0,1196) size 769x23
          RenderText {#text} at (0,2) size 37x18
            text run at (0,2) width 30 RTL: "\x{202C}(^\x{62C}\x{62F}"
            text run at (30,2) width 7 RTL: "\x{202B}?"
        RenderBlock {P} at (0,1235) size 769x19
          RenderText {#text} at (0,1) size 63x18
            text run at (0,1) width 44: "ab(^34"
            text run at (44,1) width 12 RTL: "\x{5E9}"
            text run at (55,1) width 8: "z"
        RenderBlock {P} at (0,1270) size 769x19
          RenderText {#text} at (0,1) size 67x18
            text run at (0,1) width 12 RTL: "\x{5E9}"
            text run at (11,1) width 17: "34"
            text run at (27,1) width 33 RTL: "\x{5D0}\x{5D1}(^"
            text run at (59,1) width 8: "z"
        RenderBlock {P} at (0,1305) size 769x23
          RenderText {#text} at (0,2) size 63x18
            text run at (0,2) width 12 RTL: "\x{5E9}"
            text run at (11,2) width 17: "34"
            text run at (27,2) width 29 RTL: "\x{627}\x{628}(^"
            text run at (55,2) width 8: "z"
        RenderBlock {P} at (0,1344) size 769x19
          RenderText {#text} at (0,1) size 79x18
            text run at (0,1) width 60: "ab12(^34"
            text run at (60,1) width 12 RTL: "\x{5E9}"
            text run at (71,1) width 8: "z"
        RenderBlock {P} at (0,1379) size 769x19
          RenderText {#text} at (0,1) size 83x18
            text run at (0,1) width 12 RTL: "\x{5E9}"
            text run at (11,1) width 17: "34"
            text run at (27,1) width 14 RTL: "(^"
            text run at (40,1) width 17: "12"
            text run at (56,1) width 20 RTL: "\x{5D0}\x{5D1}"
            text run at (75,1) width 8: "z"
        RenderBlock {P} at (0,1414) size 769x23
          RenderText {#text} at (0,2) size 79x18
            text run at (0,2) width 12 RTL: "\x{5E9}"
            text run at (11,2) width 17: "34"
            text run at (27,2) width 14 RTL: "(^"
            text run at (40,2) width 17: "12"
            text run at (56,2) width 16 RTL: "\x{627}\x{628}"
            text run at (71,2) width 8: "z"
        RenderBlock {P} at (0,1453) size 769x23
          RenderText {#text} at (0,2) size 79x18
            text run at (0,2) width 15: "ab"
            text run at (15,2) width 16: "\x{661}\x{662}"
            text run at (31,2) width 29: "(^34"
            text run at (60,2) width 12 RTL: "\x{5E9}"
            text run at (71,2) width 8: "z"
        RenderBlock {P} at (0,1492) size 769x23
          RenderText {#text} at (0,2) size 83x18
            text run at (0,2) width 12 RTL: "\x{5E9}"
            text run at (11,2) width 17: "34"
            text run at (27,2) width 14 RTL: "(^"
            text run at (40,2) width 17: "\x{661}\x{662}"
            text run at (56,2) width 20 RTL: "\x{5D0}\x{5D1}"
            text run at (75,2) width 8: "z"
        RenderBlock {P} at (0,1531) size 769x23
          RenderText {#text} at (0,2) size 79x18
            text run at (0,2) width 12 RTL: "\x{5E9}"
            text run at (11,2) width 17: "34"
            text run at (27,2) width 14 RTL: "(^"
            text run at (40,2) width 17: "\x{661}\x{662}"
            text run at (56,2) width 16 RTL: "\x{627}\x{628}"
            text run at (71,2) width 8: "z"
        RenderBlock {P} at (0,1570) size 769x19
          RenderText {#text} at (0,1) size 55x18
            text run at (0,1) width 7: "\x{202A}?"
            text run at (7,1) width 29: "\x{202C}(^34"
            text run at (36,1) width 12 RTL: "\x{5E9}"
            text run at (47,1) width 8: "z"
        RenderBlock {P} at (0,1605) size 769x19
          RenderText {#text} at (0,1) size 55x18
            text run at (0,1) width 12 RTL: "\x{5E9}"
            text run at (11,1) width 17: "34"
            text run at (27,1) width 14 RTL: "\x{202C}(^"
            text run at (40,1) width 8 RTL: "\x{202B}?"
            text run at (47,1) width 8: "z"
        RenderBlock {P} at (0,1640) size 769x23
          RenderText {#text} at (0,2) size 63x18
            text run at (0,2) width 28: "ab(^"
            text run at (28,2) width 12 RTL: "\x{5E9}"
            text run at (39,2) width 17: "\x{663}\x{664}"
            text run at (55,2) width 8: "z"
        RenderBlock {P} at (0,1679) size 769x23
          RenderText {#text} at (0,2) size 67x18
            text run at (0,2) width 12 RTL: "\x{5E9}"
            text run at (11,2) width 17: "\x{663}\x{664}"
            text run at (27,2) width 33 RTL: "\x{5D0}\x{5D1}(^"
            text run at (59,2) width 8: "z"
        RenderBlock {P} at (0,1718) size 769x23
          RenderText {#text} at (0,2) size 63x18
            text run at (0,2) width 12 RTL: "\x{5E9}"
            text run at (11,2) width 17: "\x{663}\x{664}"
            text run at (27,2) width 29 RTL: "\x{627}\x{628}(^"
            text run at (55,2) width 8: "z"
        RenderBlock {P} at (0,1757) size 769x23
          RenderText {#text} at (0,2) size 79x18
            text run at (0,2) width 44: "ab12(^"
            text run at (44,2) width 12 RTL: "\x{5E9}"
            text run at (55,2) width 17: "\x{663}\x{664}"
            text run at (71,2) width 8: "z"
        RenderBlock {P} at (0,1796) size 769x23
          RenderText {#text} at (0,2) size 83x18
            text run at (0,2) width 12 RTL: "\x{5E9}"
            text run at (11,2) width 17: "\x{663}\x{664}"
            text run at (27,2) width 14 RTL: "(^"
            text run at (40,2) width 17: "12"
            text run at (56,2) width 20 RTL: "\x{5D0}\x{5D1}"
            text run at (75,2) width 8: "z"
        RenderBlock {P} at (0,1835) size 769x23
          RenderText {#text} at (0,2) size 79x18
            text run at (0,2) width 12 RTL: "\x{5E9}"
            text run at (11,2) width 17: "\x{663}\x{664}"
            text run at (27,2) width 14 RTL: "(^"
            text run at (40,2) width 17: "12"
            text run at (56,2) width 16 RTL: "\x{627}\x{628}"
            text run at (71,2) width 8: "z"
        RenderBlock {P} at (0,1874) size 769x23
          RenderText {#text} at (0,2) size 79x18
            text run at (0,2) width 15: "ab"
            text run at (15,2) width 12 RTL: "\x{5E9}"
            text run at (26,2) width 17: "\x{663}\x{664}"
            text run at (42,2) width 14 RTL: "(^"
            text run at (55,2) width 17: "\x{661}\x{662}"
            text run at (71,2) width 8: "z"
        RenderBlock {P} at (0,1913) size 769x23
          RenderText {#text} at (0,2) size 83x18
            text run at (0,2) width 12 RTL: "\x{5E9}"
            text run at (11,2) width 17: "\x{663}\x{664}"
            text run at (27,2) width 14 RTL: "(^"
            text run at (40,2) width 17: "\x{661}\x{662}"
            text run at (56,2) width 20 RTL: "\x{5D0}\x{5D1}"
            text run at (75,2) width 8: "z"
        RenderBlock {P} at (0,1952) size 769x23
          RenderText {#text} at (0,2) size 79x18
            text run at (0,2) width 12 RTL: "\x{5E9}"
            text run at (11,2) width 17: "\x{663}\x{664}"
            text run at (27,2) width 14 RTL: "(^"
            text run at (40,2) width 17: "\x{661}\x{662}"
            text run at (56,2) width 16 RTL: "\x{627}\x{628}"
            text run at (71,2) width 8: "z"
        RenderBlock {P} at (0,1991) size 769x23
          RenderText {#text} at (0,2) size 55x18
            text run at (0,2) width 7: "\x{202A}?"
            text run at (7,2) width 13: "\x{202C}(^"
            text run at (20,2) width 12 RTL: "\x{5E9}"
            text run at (31,2) width 17: "\x{663}\x{664}"
            text run at (47,2) width 8: "z"
        RenderBlock {P} at (0,2030) size 769x23
          RenderText {#text} at (0,2) size 55x18
            text run at (0,2) width 12 RTL: "\x{5E9}"
            text run at (11,2) width 17: "\x{663}\x{664}"
            text run at (27,2) width 14 RTL: "\x{202C}(^"
            text run at (40,2) width 8 RTL: "\x{202B}?"
            text run at (47,2) width 8: "z"
        RenderBlock {P} at (0,2069) size 769x18
          RenderText {#text} at (0,0) size 33x18
            text run at (0,0) width 28: "ab(^"
            text run at (28,0) width 5: "\x{202A}!"
            text run at (33,0) width 0: "\x{202C}"
        RenderBlock {P} at (0,2103) size 769x19
          RenderText {#text} at (0,1) size 38x18
            text run at (0,1) width 20 RTL: "\x{5D0}\x{5D1}"
            text run at (19,1) width 14: "(^"
            text run at (32,1) width 6: "\x{202A}!"
            text run at (37,1) width 1: "\x{202C}"
        RenderBlock {P} at (0,2138) size 769x23
          RenderText {#text} at (0,2) size 33x18
            text run at (0,2) width 15 RTL: "\x{627}\x{628}"
            text run at (15,2) width 13: "(^"
            text run at (28,2) width 5: "\x{202A}!"
            text run at (33,2) width 0: "\x{202C}"
        RenderBlock {P} at (0,2177) size 769x18
          RenderText {#text} at (0,0) size 49x18
            text run at (0,0) width 44: "ab12(^"
            text run at (44,0) width 5: "\x{202A}!"
            text run at (49,0) width 0: "\x{202C}"
        RenderBlock {P} at (0,2211) size 769x19
          RenderText {#text} at (0,1) size 54x18
            text run at (0,1) width 16: "12"
            text run at (16,1) width 20 RTL: "\x{5D0}\x{5D1}"
            text run at (35,1) width 14: "(^"
            text run at (48,1) width 6: "\x{202A}!"
            text run at (53,1) width 1: "\x{202C}"
        RenderBlock {P} at (0,2246) size 769x23
          RenderText {#text} at (0,2) size 49x18
            text run at (0,2) width 16: "12"
            text run at (16,2) width 15 RTL: "\x{627}\x{628}"
            text run at (31,2) width 13: "(^"
            text run at (44,2) width 5: "\x{202A}!"
            text run at (49,2) width 0: "\x{202C}"
        RenderBlock {P} at (0,2285) size 769x23
          RenderText {#text} at (0,2) size 49x18
            text run at (0,2) width 15: "ab"
            text run at (15,2) width 16: "\x{661}\x{662}"
            text run at (31,2) width 13: "(^"
            text run at (44,2) width 5: "\x{202A}!"
            text run at (49,2) width 0: "\x{202C}"
        RenderBlock {P} at (0,2324) size 769x23
          RenderText {#text} at (0,2) size 54x18
            text run at (0,2) width 16: "\x{661}\x{662}"
            text run at (16,2) width 20 RTL: "\x{5D0}\x{5D1}"
            text run at (35,2) width 14: "(^"
            text run at (48,2) width 6: "\x{202A}!"
            text run at (53,2) width 1: "\x{202C}"
        RenderBlock {P} at (0,2363) size 769x23
          RenderText {#text} at (0,2) size 49x18
            text run at (0,2) width 16: "\x{661}\x{662}"
            text run at (16,2) width 15 RTL: "\x{627}\x{628}"
            text run at (31,2) width 13: "(^"
            text run at (44,2) width 5: "\x{202A}!"
            text run at (49,2) width 0: "\x{202C}"
        RenderBlock {P} at (0,2402) size 769x18
          RenderText {#text} at (0,0) size 25x18
            text run at (0,0) width 7: "\x{202A}?"
            text run at (7,0) width 13: "\x{202C}(^"
            text run at (20,0) width 5: "\x{202A}!"
            text run at (25,0) width 0: "\x{202C}"
        RenderBlock {P} at (0,2436) size 769x18
          RenderText {#text} at (0,0) size 25x18
            text run at (0,0) width 7 RTL: "\x{202B}?"
            text run at (7,0) width 13: "\x{202C}(^"
            text run at (20,0) width 5: "\x{202A}!"
            text run at (25,0) width 0: "\x{202C}"
        RenderBlock {P} at (0,2470) size 769x18
          RenderText {#text} at (0,0) size 33x18
            text run at (0,0) width 28: "ab(^"
            text run at (28,0) width 5 RTL: "\x{202B}!"
            text run at (33,0) width 0: "\x{202C}"
        RenderBlock {P} at (0,2504) size 769x19
          RenderText {#text} at (0,1) size 38x18
            text run at (0,1) width 5 RTL: "\x{202B}!"
            text run at (5,1) width 33 RTL: "\x{5D0}\x{5D1}(^"
            text run at (37,1) width 1: "\x{202C}"
        RenderBlock {P} at (0,2539) size 769x23
          RenderText {#text} at (0,2) size 33x18
            text run at (0,2) width 5 RTL: "\x{202B}!"
            text run at (5,2) width 28 RTL: "\x{627}\x{628}(^"
            text run at (33,2) width 0: "\x{202C}"
        RenderBlock {P} at (0,2578) size 769x18
          RenderText {#text} at (0,0) size 49x18
            text run at (0,0) width 44: "ab12(^"
            text run at (44,0) width 5 RTL: "\x{202B}!"
            text run at (49,0) width 0: "\x{202C}"
        RenderBlock {P} at (0,2612) size 769x19
          RenderText {#text} at (0,1) size 54x18
            text run at (0,1) width 5 RTL: "\x{202B}!"
            text run at (5,1) width 13 RTL: "(^"
            text run at (18,1) width 16: "12"
            text run at (34,1) width 20 RTL: "\x{5D0}\x{5D1}"
            text run at (53,1) width 1: "\x{202C}"
        RenderBlock {P} at (0,2647) size 769x23
          RenderText {#text} at (0,2) size 49x18
            text run at (0,2) width 5 RTL: "\x{202B}!"
            text run at (5,2) width 13 RTL: "(^"
            text run at (18,2) width 16: "12"
            text run at (34,2) width 15 RTL: "\x{627}\x{628}"
            text run at (49,2) width 0: "\x{202C}"
        RenderBlock {P} at (0,2686) size 769x23
          RenderText {#text} at (0,2) size 49x18
            text run at (0,2) width 15: "ab"
            text run at (15,2) width 5 RTL: "\x{202B}!"
            text run at (20,2) width 13 RTL: "(^"
            text run at (33,2) width 16: "\x{661}\x{662}"
            text run at (49,2) width 0: "\x{202C}"
        RenderBlock {P} at (0,2725) size 769x23
          RenderText {#text} at (0,2) size 54x18
            text run at (0,2) width 5 RTL: "\x{202B}!"
            text run at (5,2) width 13 RTL: "(^"
            text run at (18,2) width 16: "\x{661}\x{662}"
            text run at (34,2) width 20 RTL: "\x{5D0}\x{5D1}"
            text run at (53,2) width 1: "\x{202C}"
        RenderBlock {P} at (0,2764) size 769x23
          RenderText {#text} at (0,2) size 49x18
            text run at (0,2) width 5 RTL: "\x{202B}!"
            text run at (5,2) width 13 RTL: "(^"
            text run at (18,2) width 16: "\x{661}\x{662}"
            text run at (34,2) width 15 RTL: "\x{627}\x{628}"
            text run at (49,2) width 0: "\x{202C}"
        RenderBlock {P} at (0,2803) size 769x18
          RenderText {#text} at (0,0) size 25x18
            text run at (0,0) width 7: "\x{202A}?"
            text run at (7,0) width 13: "\x{202C}(^"
            text run at (20,0) width 5 RTL: "\x{202B}!"
            text run at (25,0) width 0: "\x{202C}"
        RenderBlock {P} at (0,2837) size 769x18
          RenderText {#text} at (0,0) size 25x18
            text run at (0,0) width 5 RTL: "\x{202B}!"
            text run at (5,0) width 13 RTL: "\x{202C}(^"
            text run at (18,0) width 7 RTL: "\x{202B}?"
            text run at (25,0) width 0: "\x{202C}"
        RenderBlock {P} at (0,2871) size 769x18
          RenderText {#text} at (0,0) size 28x18
            text run at (0,0) width 28: "\x{202A}ab(^"
            text run at (28,0) width 0: "\x{202C}"
        RenderBlock {P} at (0,2905) size 769x19
          RenderText {#text} at (0,1) size 33x18
            text run at (0,1) width 20 RTL: "\x{202A}\x{5D0}\x{5D1}"
            text run at (19,1) width 14: "(^"
            text run at (32,1) width 1: "\x{202C}"
        RenderBlock {P} at (0,2940) size 769x23
          RenderText {#text} at (0,2) size 28x18
            text run at (0,2) width 15 RTL: "\x{202A}\x{627}\x{628}"
            text run at (15,2) width 13: "(^"
            text run at (28,2) width 0: "\x{202C}"
        RenderBlock {P} at (0,2979) size 769x18
          RenderText {#text} at (0,0) size 44x18
            text run at (0,0) width 44: "\x{202A}ab12(^"
            text run at (44,0) width 0: "\x{202C}"
        RenderBlock {P} at (0,3013) size 769x19
          RenderText {#text} at (0,1) size 49x18
            text run at (0,1) width 16: "12"
            text run at (16,1) width 20 RTL: "\x{202A}\x{5D0}\x{5D1}"
            text run at (35,1) width 14: "(^"
            text run at (48,1) width 1: "\x{202C}"
        RenderBlock {P} at (0,3048) size 769x23
          RenderText {#text} at (0,2) size 44x18
            text run at (0,2) width 16: "12"
            text run at (16,2) width 15 RTL: "\x{202A}\x{627}\x{628}"
            text run at (31,2) width 13: "(^"
            text run at (44,2) width 0: "\x{202C}"
        RenderBlock {P} at (0,3087) size 769x23
          RenderText {#text} at (0,2) size 44x18
            text run at (0,2) width 15: "\x{202A}ab"
            text run at (15,2) width 16: "\x{661}\x{662}"
            text run at (31,2) width 13: "(^"
            text run at (44,2) width 0: "\x{202C}"
        RenderBlock {P} at (0,3126) size 769x23
          RenderText {#text} at (0,2) size 49x18
            text run at (0,2) width 16: "\x{661}\x{662}"
            text run at (16,2) width 20 RTL: "\x{202A}\x{5D0}\x{5D1}"
            text run at (35,2) width 14: "(^"
            text run at (48,2) width 1: "\x{202C}"
        RenderBlock {P} at (0,3165) size 769x23
          RenderText {#text} at (0,2) size 44x18
            text run at (0,2) width 16: "\x{661}\x{662}"
            text run at (16,2) width 15 RTL: "\x{202A}\x{627}\x{628}"
            text run at (31,2) width 13: "(^"
            text run at (44,2) width 0: "\x{202C}"
        RenderBlock {P} at (0,3204) size 769x18
          RenderText {#text} at (0,0) size 20x18
            text run at (0,0) width 0: "\x{202A}"
            text run at (0,0) width 7: "\x{202A}?"
            text run at (7,0) width 13: "\x{202C}(^"
            text run at (20,0) width 0: "\x{202C}"
        RenderBlock {P} at (0,3238) size 769x18
          RenderText {#text} at (0,0) size 20x18
            text run at (0,0) width 0: "\x{202A}"
            text run at (0,0) width 7 RTL: "\x{202B}?"
            text run at (7,0) width 13: "\x{202C}(^"
            text run at (20,0) width 0: "\x{202C}"
      RenderBlock {DIV} at (0,3306) size 769x3256
        RenderBlock {P} at (0,0) size 769x18
          RenderText {#text} at (0,0) size 43x18
            text run at (0,0) width 43: "ab(^cd"
        RenderBlock {P} at (0,34) size 769x19
          RenderText {#text} at (0,1) size 48x18
            text run at (0,1) width 15: "cd"
            text run at (15,1) width 33 RTL: "\x{5D0}\x{5D1}(^"
        RenderBlock {P} at (0,69) size 769x23
          RenderText {#text} at (0,2) size 43x18
            text run at (0,2) width 15: "cd"
            text run at (15,2) width 28 RTL: "\x{627}\x{628}(^"
        RenderBlock {P} at (0,108) size 769x18
          RenderText {#text} at (0,0) size 59x18
            text run at (0,0) width 59: "ab12(^cd"
        RenderBlock {P} at (0,142) size 769x19
          RenderText {#text} at (0,1) size 64x18
            text run at (0,1) width 15: "cd"
            text run at (15,1) width 13 RTL: "(^"
            text run at (28,1) width 16: "12"
            text run at (44,1) width 20 RTL: "\x{5D0}\x{5D1}"
        RenderBlock {P} at (0,177) size 769x23
          RenderText {#text} at (0,2) size 59x18
            text run at (0,2) width 15: "cd"
            text run at (15,2) width 13 RTL: "(^"
            text run at (28,2) width 16: "12"
            text run at (44,2) width 15 RTL: "\x{627}\x{628}"
        RenderBlock {P} at (0,216) size 769x23
          RenderText {#text} at (0,2) size 59x18
            text run at (0,2) width 15: "cd"
            text run at (15,2) width 13 RTL: "(^"
            text run at (28,2) width 31: "ab\x{661}\x{662}"
        RenderBlock {P} at (0,255) size 769x23
          RenderText {#text} at (0,2) size 64x18
            text run at (0,2) width 15: "cd"
            text run at (15,2) width 13 RTL: "(^"
            text run at (28,2) width 16: "\x{661}\x{662}"
            text run at (44,2) width 20 RTL: "\x{5D0}\x{5D1}"
        RenderBlock {P} at (0,294) size 769x23
          RenderText {#text} at (0,2) size 59x18
            text run at (0,2) width 15: "cd"
            text run at (15,2) width 13 RTL: "(^"
            text run at (28,2) width 16: "\x{661}\x{662}"
            text run at (44,2) width 15 RTL: "\x{627}\x{628}"
        RenderBlock {P} at (0,333) size 769x18
          RenderText {#text} at (0,0) size 35x18
            text run at (0,0) width 7: "\x{202A}?"
            text run at (7,0) width 28: "\x{202C}(^cd"
        RenderBlock {P} at (0,367) size 769x18
          RenderText {#text} at (0,0) size 35x18
            text run at (0,0) width 15: "cd"
            text run at (15,0) width 13 RTL: "\x{202C}(^"
            text run at (28,0) width 7 RTL: "\x{202B}?"
        RenderBlock {P} at (0,401) size 769x19
          RenderText {#text} at (0,1) size 43x18
            text run at (0,1) width 28 RTL: "(^\x{5D2}\x{5D3}"
            text run at (27,1) width 16: "ab"
        RenderBlock {P} at (0,436) size 769x19
          RenderText {#text} at (0,1) size 48x18
            text run at (0,1) width 48 RTL: "\x{5D0}\x{5D1}(^\x{5D2}\x{5D3}"
        RenderBlock {P} at (0,471) size 769x23
          RenderText {#text} at (0,2) size 43x18
            text run at (0,2) width 43 RTL: "\x{627}\x{628}(^\x{5D2}\x{5D3}"
        RenderBlock {P} at (0,510) size 769x19
          RenderText {#text} at (0,1) size 59x18
            text run at (0,1) width 28 RTL: "(^\x{5D2}\x{5D3}"
            text run at (27,1) width 32: "ab12"
        RenderBlock {P} at (0,545) size 769x19
          RenderText {#text} at (0,1) size 64x18
            text run at (0,1) width 28 RTL: "(^\x{5D2}\x{5D3}"
            text run at (27,1) width 17: "12"
            text run at (43,1) width 21 RTL: "\x{5D0}\x{5D1}"
        RenderBlock {P} at (0,580) size 769x23
          RenderText {#text} at (0,2) size 59x18
            text run at (0,2) width 28 RTL: "(^\x{5D2}\x{5D3}"
            text run at (27,2) width 17: "12"
            text run at (43,2) width 16 RTL: "\x{627}\x{628}"
        RenderBlock {P} at (0,619) size 769x23
          RenderText {#text} at (0,2) size 59x18
            text run at (0,2) width 28 RTL: "(^\x{5D2}\x{5D3}"
            text run at (27,2) width 32: "ab\x{661}\x{662}"
        RenderBlock {P} at (0,658) size 769x23
          RenderText {#text} at (0,2) size 64x18
            text run at (0,2) width 28 RTL: "(^\x{5D2}\x{5D3}"
            text run at (27,2) width 17: "\x{661}\x{662}"
            text run at (43,2) width 21 RTL: "\x{5D0}\x{5D1}"
        RenderBlock {P} at (0,697) size 769x23
          RenderText {#text} at (0,2) size 59x18
            text run at (0,2) width 28 RTL: "(^\x{5D2}\x{5D3}"
            text run at (27,2) width 17: "\x{661}\x{662}"
            text run at (43,2) width 16 RTL: "\x{627}\x{628}"
        RenderBlock {P} at (0,736) size 769x19
          RenderText {#text} at (0,1) size 35x18
            text run at (0,1) width 28 RTL: "\x{202C}(^\x{5D2}\x{5D3}"
            text run at (27,1) width 8: "\x{202A}?"
        RenderBlock {P} at (0,771) size 769x19
          RenderText {#text} at (0,1) size 35x18
            text run at (0,1) width 28 RTL: "\x{202C}(^\x{5D2}\x{5D3}"
            text run at (27,1) width 8 RTL: "\x{202B}?"
        RenderBlock {P} at (0,806) size 769x23
          RenderText {#text} at (0,2) size 45x18
            text run at (0,2) width 30 RTL: "(^\x{62C}\x{62F}"
            text run at (30,2) width 15: "ab"
        RenderBlock {P} at (0,845) size 769x23
          RenderText {#text} at (0,2) size 50x18
            text run at (0,2) width 50 RTL: "\x{5D0}\x{5D1}(^\x{62C}\x{62F}"
        RenderBlock {P} at (0,884) size 769x23
          RenderText {#text} at (0,2) size 45x18
            text run at (0,2) width 45 RTL: "\x{627}\x{628}(^\x{62C}\x{62F}"
        RenderBlock {P} at (0,923) size 769x23
          RenderText {#text} at (0,2) size 61x18
            text run at (0,2) width 30 RTL: "(^\x{62C}\x{62F}"
            text run at (30,2) width 31: "ab12"
        RenderBlock {P} at (0,962) size 769x23
          RenderText {#text} at (0,2) size 66x18
            text run at (0,2) width 30 RTL: "(^\x{62C}\x{62F}"
            text run at (30,2) width 16: "12"
            text run at (46,2) width 20 RTL: "\x{5D0}\x{5D1}"
        RenderBlock {P} at (0,1001) size 769x23
          RenderText {#text} at (0,2) size 61x18
            text run at (0,2) width 30 RTL: "(^\x{62C}\x{62F}"
            text run at (30,2) width 16: "12"
            text run at (46,2) width 15 RTL: "\x{627}\x{628}"
        RenderBlock {P} at (0,1040) size 769x23
          RenderText {#text} at (0,2) size 61x18
            text run at (0,2) width 30 RTL: "(^\x{62C}\x{62F}"
            text run at (30,2) width 31: "ab\x{661}\x{662}"
        RenderBlock {P} at (0,1079) size 769x23
          RenderText {#text} at (0,2) size 66x18
            text run at (0,2) width 30 RTL: "(^\x{62C}\x{62F}"
            text run at (30,2) width 16: "\x{661}\x{662}"
            text run at (46,2) width 20 RTL: "\x{5D0}\x{5D1}"
        RenderBlock {P} at (0,1118) size 769x23
          RenderText {#text} at (0,2) size 61x18
            text run at (0,2) width 30 RTL: "(^\x{62C}\x{62F}"
            text run at (30,2) width 16: "\x{661}\x{662}"
            text run at (46,2) width 15 RTL: "\x{627}\x{628}"
        RenderBlock {P} at (0,1157) size 769x23
          RenderText {#text} at (0,2) size 37x18
            text run at (0,2) width 30 RTL: "\x{202C}(^\x{62C}\x{62F}"
            text run at (30,2) width 7: "\x{202A}?"
        RenderBlock {P} at (0,1196) size 769x23
          RenderText {#text} at (0,2) size 37x18
            text run at (0,2) width 30 RTL: "\x{202C}(^\x{62C}\x{62F}"
            text run at (30,2) width 7 RTL: "\x{202B}?"
        RenderBlock {P} at (0,1235) size 769x19
          RenderText {#text} at (0,1) size 63x18
            text run at (0,1) width 7: "z"
            text run at (7,1) width 12 RTL: "\x{5E9}"
            text run at (18,1) width 45: "ab(^34"
        RenderBlock {P} at (0,1270) size 769x19
          RenderText {#text} at (0,1) size 67x18
            text run at (0,1) width 7: "z"
            text run at (7,1) width 12 RTL: "\x{5E9}"
            text run at (18,1) width 17: "34"
            text run at (34,1) width 33 RTL: "\x{5D0}\x{5D1}(^"
        RenderBlock {P} at (0,1305) size 769x23
          RenderText {#text} at (0,2) size 63x18
            text run at (0,2) width 7: "z"
            text run at (7,2) width 12 RTL: "\x{5E9}"
            text run at (18,2) width 17: "34"
            text run at (34,2) width 29 RTL: "\x{627}\x{628}(^"
        RenderBlock {P} at (0,1344) size 769x19
          RenderText {#text} at (0,1) size 79x18
            text run at (0,1) width 7: "z"
            text run at (7,1) width 12 RTL: "\x{5E9}"
            text run at (18,1) width 61: "ab12(^34"
        RenderBlock {P} at (0,1379) size 769x19
          RenderText {#text} at (0,1) size 83x18
            text run at (0,1) width 7: "z"
            text run at (7,1) width 12 RTL: "\x{5E9}"
            text run at (18,1) width 17: "34"
            text run at (34,1) width 14 RTL: "(^"
            text run at (47,1) width 17: "12"
            text run at (63,1) width 20 RTL: "\x{5D0}\x{5D1}"
        RenderBlock {P} at (0,1414) size 769x23
          RenderText {#text} at (0,2) size 79x18
            text run at (0,2) width 7: "z"
            text run at (7,2) width 12 RTL: "\x{5E9}"
            text run at (18,2) width 17: "34"
            text run at (34,2) width 14 RTL: "(^"
            text run at (47,2) width 17: "12"
            text run at (63,2) width 16 RTL: "\x{627}\x{628}"
        RenderBlock {P} at (0,1453) size 769x23
          RenderText {#text} at (0,2) size 79x18
            text run at (0,2) width 7: "z"
            text run at (7,2) width 12 RTL: "\x{5E9}"
            text run at (18,2) width 17: "34"
            text run at (34,2) width 14 RTL: "(^"
            text run at (47,2) width 32: "ab\x{661}\x{662}"
        RenderBlock {P} at (0,1492) size 769x23
          RenderText {#text} at (0,2) size 83x18
            text run at (0,2) width 7: "z"
            text run at (7,2) width 12 RTL: "\x{5E9}"
            text run at (18,2) width 17: "34"
            text run at (34,2) width 14 RTL: "(^"
            text run at (47,2) width 17: "\x{661}\x{662}"
            text run at (63,2) width 20 RTL: "\x{5D0}\x{5D1}"
        RenderBlock {P} at (0,1531) size 769x23
          RenderText {#text} at (0,2) size 79x18
            text run at (0,2) width 7: "z"
            text run at (7,2) width 12 RTL: "\x{5E9}"
            text run at (18,2) width 17: "34"
            text run at (34,2) width 14 RTL: "(^"
            text run at (47,2) width 17: "\x{661}\x{662}"
            text run at (63,2) width 16 RTL: "\x{627}\x{628}"
        RenderBlock {P} at (0,1570) size 769x19
          RenderText {#text} at (0,1) size 55x18
            text run at (0,1) width 7: "z"
            text run at (7,1) width 12 RTL: "\x{5E9}"
            text run at (18,1) width 8: "\x{202A}?"
            text run at (25,1) width 30: "\x{202C}(^34"
        RenderBlock {P} at (0,1605) size 769x19
          RenderText {#text} at (0,1) size 55x18
            text run at (0,1) width 7: "z"
            text run at (7,1) width 12 RTL: "\x{5E9}"
            text run at (18,1) width 17: "34"
            text run at (34,1) width 14 RTL: "\x{202C}(^"
            text run at (47,1) width 8 RTL: "\x{202B}?"
        RenderBlock {P} at (0,1640) size 769x23
          RenderText {#text} at (0,2) size 63x18
            text run at (0,2) width 7: "z"
            text run at (7,2) width 12 RTL: "\x{5E9}"
            text run at (18,2) width 17: "\x{663}\x{664}"
            text run at (34,2) width 14 RTL: "(^"
            text run at (47,2) width 16: "ab"
        RenderBlock {P} at (0,1679) size 769x23
          RenderText {#text} at (0,2) size 67x18
            text run at (0,2) width 7: "z"
            text run at (7,2) width 12 RTL: "\x{5E9}"
            text run at (18,2) width 17: "\x{663}\x{664}"
            text run at (34,2) width 33 RTL: "\x{5D0}\x{5D1}(^"
        RenderBlock {P} at (0,1718) size 769x23
          RenderText {#text} at (0,2) size 63x18
            text run at (0,2) width 7: "z"
            text run at (7,2) width 12 RTL: "\x{5E9}"
            text run at (18,2) width 17: "\x{663}\x{664}"
            text run at (34,2) width 29 RTL: "\x{627}\x{628}(^"
        RenderBlock {P} at (0,1757) size 769x23
          RenderText {#text} at (0,2) size 79x18
            text run at (0,2) width 7: "z"
            text run at (7,2) width 12 RTL: "\x{5E9}"
            text run at (18,2) width 17: "\x{663}\x{664}"
            text run at (34,2) width 14 RTL: "(^"
            text run at (47,2) width 32: "ab12"
        RenderBlock {P} at (0,1796) size 769x23
          RenderText {#text} at (0,2) size 83x18
            text run at (0,2) width 7: "z"
            text run at (7,2) width 12 RTL: "\x{5E9}"
            text run at (18,2) width 17: "\x{663}\x{664}"
            text run at (34,2) width 14 RTL: "(^"
            text run at (47,2) width 17: "12"
            text run at (63,2) width 20 RTL: "\x{5D0}\x{5D1}"
        RenderBlock {P} at (0,1835) size 769x23
          RenderText {#text} at (0,2) size 79x18
            text run at (0,2) width 7: "z"
            text run at (7,2) width 12 RTL: "\x{5E9}"
            text run at (18,2) width 17: "\x{663}\x{664}"
            text run at (34,2) width 14 RTL: "(^"
            text run at (47,2) width 17: "12"
            text run at (63,2) width 16 RTL: "\x{627}\x{628}"
        RenderBlock {P} at (0,1874) size 769x23
          RenderText {#text} at (0,2) size 79x18
            text run at (0,2) width 7: "z"
            text run at (7,2) width 12 RTL: "\x{5E9}"
            text run at (18,2) width 17: "\x{663}\x{664}"
            text run at (34,2) width 14 RTL: "(^"
            text run at (47,2) width 32: "ab\x{661}\x{662}"
        RenderBlock {P} at (0,1913) size 769x23
          RenderText {#text} at (0,2) size 83x18
            text run at (0,2) width 7: "z"
            text run at (7,2) width 12 RTL: "\x{5E9}"
            text run at (18,2) width 17: "\x{663}\x{664}"
            text run at (34,2) width 14 RTL: "(^"
            text run at (47,2) width 17: "\x{661}\x{662}"
            text run at (63,2) width 20 RTL: "\x{5D0}\x{5D1}"
        RenderBlock {P} at (0,1952) size 769x23
          RenderText {#text} at (0,2) size 79x18
            text run at (0,2) width 7: "z"
            text run at (7,2) width 12 RTL: "\x{5E9}"
            text run at (18,2) width 17: "\x{663}\x{664}"
            text run at (34,2) width 14 RTL: "(^"
            text run at (47,2) width 17: "\x{661}\x{662}"
            text run at (63,2) width 16 RTL: "\x{627}\x{628}"
        RenderBlock {P} at (0,1991) size 769x23
          RenderText {#text} at (0,2) size 55x18
            text run at (0,2) width 7: "z"
            text run at (7,2) width 12 RTL: "\x{5E9}"
            text run at (18,2) width 17: "\x{663}\x{664}"
            text run at (34,2) width 14 RTL: "\x{202C}(^"
            text run at (47,2) width 8: "\x{202A}?"
        RenderBlock {P} at (0,2030) size 769x23
          RenderText {#text} at (0,2) size 55x18
            text run at (0,2) width 7: "z"
            text run at (7,2) width 12 RTL: "\x{5E9}"
            text run at (18,2) width 17: "\x{663}\x{664}"
            text run at (34,2) width 14 RTL: "\x{202C}(^"
            text run at (47,2) width 8 RTL: "\x{202B}?"
        RenderBlock {P} at (0,2069) size 769x18
          RenderText {#text} at (0,0) size 33x18
            text run at (0,0) width 0 RTL: "\x{202C}"
            text run at (0,0) width 28: "ab(^"
            text run at (28,0) width 5: "\x{202A}!"
        RenderBlock {P} at (0,2103) size 769x19
          RenderText {#text} at (0,1) size 38x18
            text run at (0,1) width 0 RTL: "\x{202C}"
            text run at (0,1) width 5: "\x{202A}!"
            text run at (5,1) width 33 RTL: "\x{5D0}\x{5D1}(^"
        RenderBlock {P} at (0,2138) size 769x23
          RenderText {#text} at (0,2) size 33x18
            text run at (0,2) width 0 RTL: "\x{202C}"
            text run at (0,2) width 5: "\x{202A}!"
            text run at (5,2) width 28 RTL: "\x{627}\x{628}(^"
        RenderBlock {P} at (0,2177) size 769x18
          RenderText {#text} at (0,0) size 49x18
            text run at (0,0) width 0 RTL: "\x{202C}"
            text run at (0,0) width 44: "ab12(^"
            text run at (44,0) width 5: "\x{202A}!"
        RenderBlock {P} at (0,2211) size 769x19
          RenderText {#text} at (0,1) size 54x18
            text run at (0,1) width 0 RTL: "\x{202C}"
            text run at (0,1) width 5: "\x{202A}!"
            text run at (5,1) width 13 RTL: "(^"
            text run at (18,1) width 16: "12"
            text run at (34,1) width 20 RTL: "\x{5D0}\x{5D1}"
        RenderBlock {P} at (0,2246) size 769x23
          RenderText {#text} at (0,2) size 49x18
            text run at (0,2) width 0 RTL: "\x{202C}"
            text run at (0,2) width 5: "\x{202A}!"
            text run at (5,2) width 13 RTL: "(^"
            text run at (18,2) width 16: "12"
            text run at (34,2) width 15 RTL: "\x{627}\x{628}"
        RenderBlock {P} at (0,2285) size 769x23
          RenderText {#text} at (0,2) size 49x18
            text run at (0,2) width 0 RTL: "\x{202C}"
            text run at (0,2) width 5: "\x{202A}!"
            text run at (5,2) width 13 RTL: "(^"
            text run at (18,2) width 31: "ab\x{661}\x{662}"
        RenderBlock {P} at (0,2324) size 769x23
          RenderText {#text} at (0,2) size 54x18
            text run at (0,2) width 0 RTL: "\x{202C}"
            text run at (0,2) width 5: "\x{202A}!"
            text run at (5,2) width 13 RTL: "(^"
            text run at (18,2) width 16: "\x{661}\x{662}"
            text run at (34,2) width 20 RTL: "\x{5D0}\x{5D1}"
        RenderBlock {P} at (0,2363) size 769x23
          RenderText {#text} at (0,2) size 49x18
            text run at (0,2) width 0 RTL: "\x{202C}"
            text run at (0,2) width 5: "\x{202A}!"
            text run at (5,2) width 13 RTL: "(^"
            text run at (18,2) width 16: "\x{661}\x{662}"
            text run at (34,2) width 15 RTL: "\x{627}\x{628}"
        RenderBlock {P} at (0,2402) size 769x18
          RenderText {#text} at (0,0) size 25x18
            text run at (0,0) width 0 RTL: "\x{202C}"
            text run at (0,0) width 7: "\x{202A}?"
            text run at (7,0) width 13: "\x{202C}(^"
            text run at (20,0) width 5: "\x{202A}!"
        RenderBlock {P} at (0,2436) size 769x18
          RenderText {#text} at (0,0) size 25x18
            text run at (0,0) width 0 RTL: "\x{202C}"
            text run at (0,0) width 5: "\x{202A}!"
            text run at (5,0) width 13 RTL: "\x{202C}(^"
            text run at (18,0) width 7 RTL: "\x{202B}?"
        RenderBlock {P} at (0,2470) size 769x18
          RenderText {#text} at (0,0) size 33x18
            text run at (0,0) width 0 RTL: "\x{202C}"
            text run at (0,0) width 5 RTL: "\x{202B}!"
            text run at (5,0) width 13 RTL: "(^"
            text run at (18,0) width 15: "ab"
        RenderBlock {P} at (0,2504) size 769x19
          RenderText {#text} at (0,1) size 38x18
            text run at (0,1) width 0 RTL: "\x{202C}"
            text run at (0,1) width 5 RTL: "\x{202B}!"
            text run at (5,1) width 33 RTL: "\x{5D0}\x{5D1}(^"
        RenderBlock {P} at (0,2539) size 769x23
          RenderText {#text} at (0,2) size 33x18
            text run at (0,2) width 0 RTL: "\x{202C}"
            text run at (0,2) width 5 RTL: "\x{202B}!"
            text run at (5,2) width 28 RTL: "\x{627}\x{628}(^"
        RenderBlock {P} at (0,2578) size 769x18
          RenderText {#text} at (0,0) size 49x18
            text run at (0,0) width 0 RTL: "\x{202C}"
            text run at (0,0) width 5 RTL: "\x{202B}!"
            text run at (5,0) width 13 RTL: "(^"
            text run at (18,0) width 31: "ab12"
        RenderBlock {P} at (0,2612) size 769x19
          RenderText {#text} at (0,1) size 54x18
            text run at (0,1) width 0 RTL: "\x{202C}"
            text run at (0,1) width 5 RTL: "\x{202B}!"
            text run at (5,1) width 13 RTL: "(^"
            text run at (18,1) width 16: "12"
            text run at (34,1) width 20 RTL: "\x{5D0}\x{5D1}"
        RenderBlock {P} at (0,2647) size 769x23
          RenderText {#text} at (0,2) size 49x18
            text run at (0,2) width 0 RTL: "\x{202C}"
            text run at (0,2) width 5 RTL: "\x{202B}!"
            text run at (5,2) width 13 RTL: "(^"
            text run at (18,2) width 16: "12"
            text run at (34,2) width 15 RTL: "\x{627}\x{628}"
        RenderBlock {P} at (0,2686) size 769x23
          RenderText {#text} at (0,2) size 49x18
            text run at (0,2) width 0 RTL: "\x{202C}"
            text run at (0,2) width 5 RTL: "\x{202B}!"
            text run at (5,2) width 13 RTL: "(^"
            text run at (18,2) width 31: "ab\x{661}\x{662}"
        RenderBlock {P} at (0,2725) size 769x23
          RenderText {#text} at (0,2) size 54x18
            text run at (0,2) width 0 RTL: "\x{202C}"
            text run at (0,2) width 5 RTL: "\x{202B}!"
            text run at (5,2) width 13 RTL: "(^"
            text run at (18,2) width 16: "\x{661}\x{662}"
            text run at (34,2) width 20 RTL: "\x{5D0}\x{5D1}"
        RenderBlock {P} at (0,2764) size 769x23
          RenderText {#text} at (0,2) size 49x18
            text run at (0,2) width 0 RTL: "\x{202C}"
            text run at (0,2) width 5 RTL: "\x{202B}!"
            text run at (5,2) width 13 RTL: "(^"
            text run at (18,2) width 16: "\x{661}\x{662}"
            text run at (34,2) width 15 RTL: "\x{627}\x{628}"
        RenderBlock {P} at (0,2803) size 769x18
          RenderText {#text} at (0,0) size 25x18
            text run at (0,0) width 0 RTL: "\x{202C}"
            text run at (0,0) width 5 RTL: "\x{202B}!"
            text run at (5,0) width 13 RTL: "\x{202C}(^"
            text run at (18,0) width 7: "\x{202A}?"
        RenderBlock {P} at (0,2837) size 769x18
          RenderText {#text} at (0,0) size 25x18
            text run at (0,0) width 0 RTL: "\x{202C}"
            text run at (0,0) width 5 RTL: "\x{202B}!"
            text run at (5,0) width 13 RTL: "\x{202C}(^"
            text run at (18,0) width 7 RTL: "\x{202B}?"
        RenderBlock {P} at (0,2871) size 769x18
          RenderText {#text} at (0,0) size 28x18
            text run at (0,0) width 0 RTL: "\x{202C}"
            text run at (0,0) width 28: "\x{202A}ab(^"
        RenderBlock {P} at (0,2905) size 769x19
          RenderText {#text} at (0,1) size 33x18
            text run at (0,1) width 0 RTL: "\x{202C}"
            text run at (0,1) width 20 RTL: "\x{202A}\x{5D0}\x{5D1}"
            text run at (19,1) width 14: "(^"
        RenderBlock {P} at (0,2940) size 769x23
          RenderText {#text} at (0,2) size 28x18
            text run at (0,2) width 0 RTL: "\x{202C}"
            text run at (0,2) width 15 RTL: "\x{202A}\x{627}\x{628}"
            text run at (15,2) width 13: "(^"
        RenderBlock {P} at (0,2979) size 769x18
          RenderText {#text} at (0,0) size 44x18
            text run at (0,0) width 0 RTL: "\x{202C}"
            text run at (0,0) width 44: "\x{202A}ab12(^"
        RenderBlock {P} at (0,3013) size 769x19
          RenderText {#text} at (0,1) size 49x18
            text run at (0,1) width 0 RTL: "\x{202C}"
            text run at (0,1) width 16: "12"
            text run at (16,1) width 20 RTL: "\x{202A}\x{5D0}\x{5D1}"
            text run at (35,1) width 14: "(^"
        RenderBlock {P} at (0,3048) size 769x23
          RenderText {#text} at (0,2) size 44x18
            text run at (0,2) width 0 RTL: "\x{202C}"
            text run at (0,2) width 16: "12"
            text run at (16,2) width 15 RTL: "\x{202A}\x{627}\x{628}"
            text run at (31,2) width 13: "(^"
        RenderBlock {P} at (0,3087) size 769x23
          RenderText {#text} at (0,2) size 44x18
            text run at (0,2) width 0 RTL: "\x{202C}"
            text run at (0,2) width 15: "\x{202A}ab"
            text run at (15,2) width 16: "\x{661}\x{662}"
            text run at (31,2) width 13: "(^"
        RenderBlock {P} at (0,3126) size 769x23
          RenderText {#text} at (0,2) size 49x18
            text run at (0,2) width 0 RTL: "\x{202C}"
            text run at (0,2) width 16: "\x{661}\x{662}"
            text run at (16,2) width 20 RTL: "\x{202A}\x{5D0}\x{5D1}"
            text run at (35,2) width 14: "(^"
        RenderBlock {P} at (0,3165) size 769x23
          RenderText {#text} at (0,2) size 44x18
            text run at (0,2) width 0 RTL: "\x{202C}"
            text run at (0,2) width 16: "\x{661}\x{662}"
            text run at (16,2) width 15 RTL: "\x{202A}\x{627}\x{628}"
            text run at (31,2) width 13: "(^"
        RenderBlock {P} at (0,3204) size 769x18
          RenderText {#text} at (0,0) size 20x18
            text run at (0,0) width 0 RTL: "\x{202C}"
            text run at (0,0) width 0: "\x{202A}"
            text run at (0,0) width 7: "\x{202A}?"
            text run at (7,0) width 13: "\x{202C}(^"
        RenderBlock {P} at (0,3238) size 769x18
          RenderText {#text} at (0,0) size 20x18
            text run at (0,0) width 0 RTL: "\x{202C}"
            text run at (0,0) width 0: "\x{202A}"
            text run at (0,0) width 7 RTL: "\x{202B}?"
            text run at (7,0) width 13: "\x{202C}(^"
