layer at (0,0) size 785x694
  RenderView at (0,0) size 785x600
layer at (0,0) size 785x694
  RenderBlock {HTML} at (0,0) size 785x694
    RenderBody {BODY} at (8,8) size 769x678
      RenderBlock {P} at (0,0) size 769x18
        RenderText {#text} at (0,0) size 750x18
          text run at (0,0) width 478: "Test the vertical metric adjustment for Geeza Pro. Red text should not draw "
          text run at (478,0) width 272: "above the green line or below the blue line."
      RenderBlock {DIV} at (0,34) size 769x50 [bgcolor=#D3D3D3]
        RenderInline {SPAN} at (0,0) size 118x16 [color=#FF0000] [border: (1px solid #008000) none (1px solid #0000FF) none]
          RenderText {#text} at (643,9) size 118x14
            text run at (643,9) width 118 RTL: "\x{628}\x{62F}\x{621} \x{627}\x{644}\x{645}\x{64D} \x{641}\x{64A} \x{62A}\x{62D}\x{637}\x{645} \x{644}\x{62C}\x{645}\x{64E}\x{651}\x{644} \x{627}\x{644}\x{627}\x{633}\x{628}\x{627}\x{646}\x{64A}\x{629}"
        RenderBR {BR} at (643,19) size 0x0
        RenderText {#text} at (618,26) size 143x14
          text run at (618,26) width 143 RTL: "\x{628}\x{62F}\x{621} \x{627}\x{644}\x{62A}\x{62D}\x{642}\x{64A}\x{642} \x{641}\x{64A} \x{62A}\x{62D}\x{637}\x{645} \x{627}\x{644}\x{637}\x{627}\x{626}\x{631}\x{629} \x{627}\x{644}\x{627}\x{633}\x{628}\x{627}\x{646}\x{64A}\x{629}"
      RenderBlock {DIV} at (0,92) size 769x60 [bgcolor=#D3D3D3]
        RenderInline {SPAN} at (0,0) size 148x20 [color=#FF0000] [border: (1px solid #008000) none (1px solid #0000FF) none]
          RenderText {#text} at (613,10) size 148x18
            text run at (613,10) width 148 RTL: "\x{628}\x{62F}\x{621} \x{627}\x{644}\x{645}\x{64D} \x{641}\x{64A} \x{62A}\x{62D}\x{637}\x{645} \x{644}\x{62C}\x{645}\x{64E}\x{651}\x{644} \x{627}\x{644}\x{627}\x{633}\x{628}\x{627}\x{646}\x{64A}\x{629}"
        RenderBR {BR} at (613,23) size 0x0
        RenderText {#text} at (580,32) size 181x18
          text run at (580,32) width 181 RTL: "\x{628}\x{62F}\x{621} \x{627}\x{644}\x{62A}\x{62D}\x{642}\x{64A}\x{642} \x{641}\x{64A} \x{62A}\x{62D}\x{637}\x{645} \x{627}\x{644}\x{637}\x{627}\x{626}\x{631}\x{629} \x{627}\x{644}\x{627}\x{633}\x{628}\x{627}\x{646}\x{64A}\x{629}"
      RenderBlock {DIV} at (0,160) size 769x66 [bgcolor=#D3D3D3]
        RenderInline {SPAN} at (0,0) size 168x23 [color=#FF0000] [border: (1px solid #008000) none (1px solid #0000FF) none]
          RenderText {#text} at (593,10) size 168x21
            text run at (593,10) width 168 RTL: "\x{628}\x{62F}\x{621} \x{627}\x{644}\x{645}\x{64D} \x{641}\x{64A} \x{62A}\x{62D}\x{637}\x{645} \x{644}\x{62C}\x{645}\x{64E}\x{651}\x{644} \x{627}\x{644}\x{627}\x{633}\x{628}\x{627}\x{646}\x{64A}\x{629}"
        RenderBR {BR} at (593,25) size 0x0
        RenderText {#text} at (560,35) size 201x21
          text run at (560,35) width 201 RTL: "\x{628}\x{62F}\x{621} \x{627}\x{644}\x{62A}\x{62D}\x{642}\x{64A}\x{642} \x{641}\x{64A} \x{62A}\x{62D}\x{637}\x{645} \x{627}\x{644}\x{637}\x{627}\x{626}\x{631}\x{629} \x{627}\x{644}\x{627}\x{633}\x{628}\x{627}\x{646}\x{64A}\x{629}"
      RenderBlock {DIV} at (0,234) size 769x100 [bgcolor=#D3D3D3]
        RenderInline {SPAN} at (0,0) size 295x37 [color=#FF0000] [border: (1px solid #008000) none (1px solid #0000FF) none]
          RenderText {#text} at (466,11) size 295x35
            text run at (466,11) width 295 RTL: "\x{628}\x{62F}\x{621} \x{627}\x{644}\x{645}\x{64D} \x{641}\x{64A} \x{62A}\x{62D}\x{637}\x{645} \x{644}\x{62C}\x{645}\x{64E}\x{651}\x{644} \x{627}\x{644}\x{627}\x{633}\x{628}\x{627}\x{646}\x{64A}\x{629}"
        RenderBR {BR} at (466,36) size 0x0
        RenderText {#text} at (401,53) size 360x35
          text run at (401,53) width 360 RTL: "\x{628}\x{62F}\x{621} \x{627}\x{644}\x{62A}\x{62D}\x{642}\x{64A}\x{642} \x{641}\x{64A} \x{62A}\x{62D}\x{637}\x{645} \x{627}\x{644}\x{637}\x{627}\x{626}\x{631}\x{629} \x{627}\x{644}\x{627}\x{633}\x{628}\x{627}\x{646}\x{64A}\x{629}"
      RenderBlock {DIV} at (0,342) size 769x144 [bgcolor=#D3D3D3]
        RenderInline {SPAN} at (0,0) size 439x55 [color=#FF0000] [border: (1px solid #008000) none (1px solid #0000FF) none]
          RenderText {#text} at (322,13) size 439x53
            text run at (322,13) width 439 RTL: "\x{628}\x{62F}\x{621} \x{627}\x{644}\x{645}\x{64D} \x{641}\x{64A} \x{62A}\x{62D}\x{637}\x{645} \x{644}\x{62C}\x{645}\x{64E}\x{651}\x{644} \x{627}\x{644}\x{627}\x{633}\x{628}\x{627}\x{646}\x{64A}\x{629}"
        RenderBR {BR} at (322,51) size 0x0
        RenderText {#text} at (227,77) size 534x53
          text run at (227,77) width 534 RTL: "\x{628}\x{62F}\x{621} \x{627}\x{644}\x{62A}\x{62D}\x{642}\x{64A}\x{642} \x{641}\x{64A} \x{62A}\x{62D}\x{637}\x{645} \x{627}\x{644}\x{637}\x{627}\x{626}\x{631}\x{629} \x{627}\x{644}\x{627}\x{633}\x{628}\x{627}\x{646}\x{64A}\x{629}"
      RenderBlock {DIV} at (0,494) size 769x184 [bgcolor=#D3D3D3]
        RenderInline {SPAN} at (0,0) size 582x72 [color=#FF0000] [border: (1px solid #008000) none (1px solid #0000FF) none]
          RenderText {#text} at (179,15) size 582x70
            text run at (179,15) width 582 RTL: "\x{628}\x{62F}\x{621} \x{627}\x{644}\x{645}\x{64D} \x{641}\x{64A} \x{62A}\x{62D}\x{637}\x{645} \x{644}\x{62C}\x{645}\x{64E}\x{651}\x{644} \x{627}\x{644}\x{627}\x{633}\x{628}\x{627}\x{646}\x{64A}\x{629}"
        RenderBR {BR} at (179,65) size 0x0
        RenderText {#text} at (56,99) size 705x70
          text run at (56,99) width 705 RTL: "\x{628}\x{62F}\x{621} \x{627}\x{644}\x{62A}\x{62D}\x{642}\x{64A}\x{642} \x{641}\x{64A} \x{62A}\x{62D}\x{637}\x{645} \x{627}\x{644}\x{637}\x{627}\x{626}\x{631}\x{629} \x{627}\x{644}\x{627}\x{633}\x{628}\x{627}\x{646}\x{64A}\x{629}"
