layer at (0,0) size 800x600
  RenderView at (0,0) size 800x600
layer at (440,0) size 360x600
  RenderBlock {HTML} at (0,0) size 360x600
    RenderBody {BODY} at (8,8) size 336x584
      RenderBlock {HR} at (0,0) size 2x584 [border: (1px inset #000000)]
      RenderBlock (anonymous) at (10,0) size 48x584
        RenderInline {SPAN} at (0,0) size 32x474
          RenderText {#text} at (8,0) size 32x474
            text run at (8,0) width 474: "OFF=\x{897F}\x{66A6}2010\x{5E74}1\x{6708}20\x{65E5}365\x{56DE}"
        RenderText {#text} at (0,0) size 0x0
      RenderBlock {HR} at (66,0) size 2x584 [border: (1px inset #000000)]
      RenderBlock (anonymous) at (76,0) size 48x584
        RenderInline {SPAN} at (0,0) size 32x380
          RenderInline {SPAN} at (0,0) size 32x32
            RenderCombineText {#text} at (8,0) size 32x32
              text run at (8,0) width 32: "\x{FFFC}"
          RenderText {#text} at (8,32) size 32x88
            text run at (8,32) width 88: "=\x{897F}\x{66A6}"
          RenderInline {SPAN} at (0,0) size 32x32
            RenderCombineText {#text} at (8,120) size 32x32
              text run at (8,120) width 32: "\x{FFFC}"
          RenderText {#text} at (8,152) size 32x33
            text run at (8,152) width 33: "\x{5E74}"
          RenderInline {SPAN} at (0,0) size 32x32
            RenderCombineText {#text} at (8,185) size 32x32
              text run at (8,185) width 32: "\x{FFFC}"
          RenderText {#text} at (8,217) size 32x33
            text run at (8,217) width 33: "\x{6708}"
          RenderInline {SPAN} at (0,0) size 32x32
            RenderCombineText {#text} at (8,250) size 32x32
              text run at (8,250) width 32: "\x{FFFC}"
          RenderText {#text} at (8,282) size 32x33
            text run at (8,282) width 33: "\x{65E5}"
          RenderInline {SPAN} at (0,0) size 32x32
            RenderCombineText {#text} at (8,315) size 32x32
              text run at (8,315) width 32: "\x{FFFC}"
          RenderText {#text} at (8,347) size 32x33
            text run at (8,347) width 33: "\x{56DE}"
        RenderText {#text} at (0,0) size 0x0
      RenderBlock {HR} at (132,0) size 2x584 [border: (1px inset #000000)]
      RenderBlock (anonymous) at (142,0) size 48x584
        RenderInline {SPAN} at (0,0) size 37x472
          RenderInline {SPAN} at (0,0) size 37x80
            RenderCombineText {#text} at (5,0) size 37x80
              text run at (5,0) width 80: "Times"
          RenderText {#text} at (5,80) size 37x84
            text run at (5,80) width 84: "=\x{897F}\x{66A6}"
          RenderInline {SPAN} at (0,0) size 37x64
            RenderCombineText {#text} at (5,164) size 37x64
              text run at (5,164) width 64: "2010"
          RenderText {#text} at (5,228) size 37x33
            text run at (5,228) width 33: "\x{5E74}"
          RenderInline {SPAN} at (0,0) size 37x32
            RenderCombineText {#text} at (5,261) size 37x32
              text run at (5,261) width 32: "\x{FFFC}"
          RenderText {#text} at (5,293) size 37x33
            text run at (5,293) width 33: "\x{6708}"
          RenderInline {SPAN} at (0,0) size 37x32
            RenderCombineText {#text} at (5,326) size 37x32
              text run at (5,326) width 32: "\x{FFFC}"
          RenderText {#text} at (5,358) size 37x33
            text run at (5,358) width 33: "\x{65E5}"
          RenderInline {SPAN} at (0,0) size 37x48
            RenderCombineText {#text} at (5,391) size 37x48
              text run at (5,391) width 48: "365"
          RenderText {#text} at (5,439) size 37x33
            text run at (5,439) width 33: "\x{56DE}"
        RenderText {#text} at (0,0) size 0x0
      RenderBlock {HR} at (198,0) size 2x584 [border: (1px inset #000000)]
      RenderBlock {P} at (216,0) size 120x584
        RenderBlock (floating) {SPAN} at (0,316) size 38x268 [border: (1px solid #FF0000)]
          RenderText {#text} at (7,1) size 24x119
            text run at (7,1) width 119: "float:right:"
          RenderInline {SPAN} at (0,0) size 24x24
            RenderCombineText {#text} at (7,120) size 24x24
              text run at (7,120) width 24: "\x{FFFC}"
          RenderText {#text} at (7,144) size 24x25
            text run at (7,144) width 25: "\x{5E74}"
          RenderInline {SPAN} at (0,0) size 24x24
            RenderCombineText {#text} at (7,169) size 24x24
              text run at (7,169) width 24: "\x{FFFC}"
          RenderText {#text} at (7,193) size 24x25
            text run at (7,193) width 25: "\x{6708}"
          RenderInline {SPAN} at (0,0) size 24x24
            RenderCombineText {#text} at (7,218) size 24x24
              text run at (7,218) width 24: "\x{FFFC}"
          RenderText {#text} at (7,242) size 24x25
            text run at (7,242) width 25: "\x{65E5}"
        RenderText {#text} at (3,0) size 114x548
          text run at (3,0) width 291: "\x{305D}\x{306E}\x{5973}\x{304C}\x{306D}\x{304B}\x{3057}\x{3064}\x{3051}\x{306B}\x{6765}\x{3066}\x{304F}\x{308C}\x{308B}\x{307E}\x{3067}\x{3001}"
          text run at (27,0) width 274: "\x{308F}\x{305F}\x{3057}\x{306F}\x{3051}\x{3063}\x{3057}\x{3066}\x{306D}\x{3069}\x{3053}\x{306B}\x{306F}\x{306F}\x{3044}\x{3089}\x{306A}"
          text run at (51,0) width 548: "\x{304B}\x{3063}\x{305F}\x{3002}\x{51AC}\x{306E}\x{3042}\x{3089}\x{3057}\x{304C}\x{3060}\x{3093}\x{3054}\x{306E}\x{3088}\x{3046}\x{306A}\x{96EA}\x{3092}\x{3075}\x{304D}\x{3064}\x{3051}\x{3066}\x{7A93}\x{30AC}\x{30E9}\x{30B9}\x{3092}\x{767D}\x{304F}\x{3059}\x{308B}\x{3058}"
          text run at (75,0) width 548: "\x{3076}\x{3093}\x{306B}\x{306A}\x{308B}\x{3068}\x{3001}\x{3053}\x{306E}\x{5973}\x{306E}\x{4EBA}\x{306F}\x{4E21}\x{624B}\x{306E}\x{9593}\x{306B}\x{308F}\x{305F}\x{3057}\x{306E}\x{8DB3}\x{3092}\x{304A}\x{3055}\x{3048}\x{3066}\x{3001}\x{6B4C}\x{3092}\x{6B4C}\x{3044}\x{306A}"
          text run at (99,0) width 468: "\x{304C}\x{3089}\x{6696}\x{3081}\x{3066}\x{304F}\x{308C}\x{305F}\x{3002}\x{305D}\x{306E}\x{6B4C}\x{306E}\x{7BC0}\x{3082}\x{6587}\x{53E5}\x{3082}\x{3001}\x{3044}\x{307E}\x{306B}\x{5FD8}\x{308C}\x{305A}\x{306B}\x{3044}\x{308B}\x{3002}"
