layer at (0,0) size 190x5193
  RenderView at (0,0) size 96x26
layer at (0,0) size 190x5193
  RenderBlock {HTML} at (0,0) size 96x5193
    RenderBody {BODY} at (8,8) size 80x5171 [bgcolor=#FFFFFF]
      RenderBlock {P} at (0,0) size 80x112
        RenderBlock (anonymous) at (0,0) size 80x96
          RenderText {#text} at (0,0) size 71x96
            text run at (0,0) width 56: "this table"
            text run at (0,16) width 60: "should be"
            text run at (0,32) width 71: "about 6 (12"
            text run at (0,48) width 11: "in"
            text run at (0,64) width 70: "NavQuirks)"
            text run at (0,80) width 58: "pixels tall"
        RenderTable {TABLE} at (0,96) size 100x0 [bgcolor=#FFA500]
          RenderTableSection {TBODY} at (0,0) size 100x0
            RenderTableRow {TR} at (0,0) size 100x0
              RenderTableCell {TD} at (0,0) size 100x0 [r=0 c=0 rs=1 cs=1]
            RenderTableRow {TR} at (0,0) size 100x0
              RenderTableCell {TD} at (0,0) size 100x0 [r=1 c=0 rs=1 cs=1]
            RenderTableRow {TR} at (0,0) size 100x0
              RenderTableCell {TD} at (0,0) size 100x0 [r=2 c=0 rs=1 cs=1]
            RenderTableRow {TR} at (0,0) size 100x0
              RenderTableCell {TD} at (0,0) size 100x0 [r=3 c=0 rs=1 cs=1]
            RenderTableRow {TR} at (0,0) size 100x0
              RenderTableCell {TD} at (0,0) size 100x0 [r=4 c=0 rs=1 cs=1]
            RenderTableRow {TR} at (0,0) size 100x0
              RenderTableCell {TD} at (0,0) size 100x0 [r=5 c=0 rs=1 cs=1]
        RenderBlock (anonymous) at (0,96) size 80x16
          RenderBR {BR} at (0,0) size 0x16
      RenderBlock {P} at (0,126) size 80x126
        RenderBlock (anonymous) at (0,0) size 80x96
          RenderText {#text} at (0,0) size 71x96
            text run at (0,0) width 56: "this table"
            text run at (0,16) width 60: "should be"
            text run at (0,32) width 71: "about 8 (14"
            text run at (0,48) width 11: "in"
            text run at (0,64) width 70: "NavQuirks)"
            text run at (0,80) width 58: "pixels tall"
        RenderTable {TABLE} at (0,96) size 100x14 [bgcolor=#FFA500] [border: (1px outset #808080)]
          RenderTableSection {TBODY} at (1,1) size 98x12
            RenderTableRow {TR} at (0,0) size 98x2
              RenderTableCell {TD} at (0,0) size 98x2 [border: (1px inset #808080)] [r=0 c=0 rs=1 cs=1]
            RenderTableRow {TR} at (0,2) size 98x2
              RenderTableCell {TD} at (0,2) size 98x2 [border: (1px inset #808080)] [r=1 c=0 rs=1 cs=1]
            RenderTableRow {TR} at (0,4) size 98x2
              RenderTableCell {TD} at (0,4) size 98x2 [border: (1px inset #808080)] [r=2 c=0 rs=1 cs=1]
            RenderTableRow {TR} at (0,6) size 98x2
              RenderTableCell {TD} at (0,6) size 98x2 [border: (1px inset #808080)] [r=3 c=0 rs=1 cs=1]
            RenderTableRow {TR} at (0,8) size 98x2
              RenderTableCell {TD} at (0,8) size 98x2 [border: (1px inset #808080)] [r=4 c=0 rs=1 cs=1]
            RenderTableRow {TR} at (0,10) size 98x2
              RenderTableCell {TD} at (0,10) size 98x2 [border: (1px inset #808080)] [r=5 c=0 rs=1 cs=1]
        RenderBlock (anonymous) at (0,110) size 80x16
          RenderBR {BR} at (0,0) size 0x16
      RenderBlock {P} at (0,266) size 80x92
        RenderBlock (anonymous) at (0,0) size 80x64
          RenderText {#text} at (0,0) size 60x64
            text run at (0,0) width 56: "this table"
            text run at (0,16) width 60: "should be"
            text run at (0,32) width 54: "about 12"
            text run at (0,48) width 58: "pixels tall"
        RenderTable {TABLE} at (0,64) size 100x12 [bgcolor=#FFA500]
          RenderTableSection {TBODY} at (0,0) size 100x12
            RenderTableRow {TR} at (0,0) size 100x2
              RenderTableCell {TD} at (0,1) size 100x0 [r=0 c=0 rs=1 cs=1]
            RenderTableRow {TR} at (0,2) size 100x2
              RenderTableCell {TD} at (0,3) size 100x0 [r=1 c=0 rs=1 cs=1]
            RenderTableRow {TR} at (0,4) size 100x2
              RenderTableCell {TD} at (0,5) size 100x0 [r=2 c=0 rs=1 cs=1]
            RenderTableRow {TR} at (0,6) size 100x2
              RenderTableCell {TD} at (0,7) size 100x0 [r=3 c=0 rs=1 cs=1]
            RenderTableRow {TR} at (0,8) size 100x2
              RenderTableCell {TD} at (0,9) size 100x0 [r=4 c=0 rs=1 cs=1]
            RenderTableRow {TR} at (0,10) size 100x2
              RenderTableCell {TD} at (0,11) size 100x0 [r=5 c=0 rs=1 cs=1]
        RenderBlock (anonymous) at (0,76) size 80x16
          RenderBR {BR} at (0,0) size 0x16
      RenderBlock {P} at (0,372) size 80x94
        RenderBlock (anonymous) at (0,0) size 80x64
          RenderText {#text} at (0,0) size 60x64
            text run at (0,0) width 56: "this table"
            text run at (0,16) width 60: "should be"
            text run at (0,32) width 54: "about 14"
            text run at (0,48) width 58: "pixels tall"
        RenderTable {TABLE} at (0,64) size 100x14 [bgcolor=#FFA500] [border: (1px outset #808080)]
          RenderTableSection {TBODY} at (1,1) size 98x12
            RenderTableRow {TR} at (0,0) size 98x2
              RenderTableCell {TD} at (0,0) size 98x2 [border: (1px inset #808080)] [r=0 c=0 rs=1 cs=1]
            RenderTableRow {TR} at (0,2) size 98x2
              RenderTableCell {TD} at (0,2) size 98x2 [border: (1px inset #808080)] [r=1 c=0 rs=1 cs=1]
            RenderTableRow {TR} at (0,4) size 98x2
              RenderTableCell {TD} at (0,4) size 98x2 [border: (1px inset #808080)] [r=2 c=0 rs=1 cs=1]
            RenderTableRow {TR} at (0,6) size 98x2
              RenderTableCell {TD} at (0,6) size 98x2 [border: (1px inset #808080)] [r=3 c=0 rs=1 cs=1]
            RenderTableRow {TR} at (0,8) size 98x2
              RenderTableCell {TD} at (0,8) size 98x2 [border: (1px inset #808080)] [r=4 c=0 rs=1 cs=1]
            RenderTableRow {TR} at (0,10) size 98x2
              RenderTableCell {TD} at (0,10) size 98x2 [border: (1px inset #808080)] [r=5 c=0 rs=1 cs=1]
        RenderBlock (anonymous) at (0,78) size 80x16
          RenderBR {BR} at (0,0) size 0x16
      RenderBlock {P} at (0,480) size 80x100
        RenderBlock (anonymous) at (0,0) size 80x80
          RenderText {#text} at (0,0) size 78x80
            text run at (0,0) width 56: "this table"
            text run at (0,16) width 60: "should be"
            text run at (0,32) width 78: "about 5 (3 in"
            text run at (0,48) width 63: "Standard)"
            text run at (0,64) width 69: "pixels wide"
        RenderTable {TABLE} at (0,80) size 4x4 [bgcolor=#FFA500] [border: (1px outset #808080)]
          RenderTableSection {TBODY} at (1,1) size 2x2
            RenderTableRow {TR} at (0,0) size 2x2
              RenderTableCell {TD} at (0,0) size 2x2 [border: (1px inset #808080)] [r=0 c=0 rs=1 cs=1]
        RenderBlock (anonymous) at (0,84) size 80x16
          RenderBR {BR} at (0,0) size 0x16
      RenderBlock {P} at (0,594) size 80x100
        RenderBlock (anonymous) at (0,0) size 80x80
          RenderText {#text} at (0,0) size 78x80
            text run at (0,0) width 56: "this table"
            text run at (0,16) width 60: "should be"
            text run at (0,32) width 78: "about 8 (4 in"
            text run at (0,48) width 63: "Standard)"
            text run at (0,64) width 69: "pixels wide"
        RenderTable {TABLE} at (0,80) size 6x4 [bgcolor=#FFA500] [border: (1px outset #808080)]
          RenderTableSection {TBODY} at (1,1) size 4x2
            RenderTableRow {TR} at (0,0) size 4x2
              RenderTableCell {TD} at (0,0) size 2x2 [border: (1px inset #808080)] [r=0 c=0 rs=1 cs=1]
              RenderTableCell {TD} at (2,0) size 2x2 [border: (1px inset #808080)] [r=0 c=1 rs=1 cs=1]
        RenderBlock (anonymous) at (0,84) size 80x16
          RenderBR {BR} at (0,0) size 0x16
      RenderBlock {P} at (0,708) size 80x100
        RenderBlock (anonymous) at (0,0) size 80x80
          RenderText {#text} at (0,0) size 78x80
            text run at (0,0) width 56: "this table"
            text run at (0,16) width 60: "should be"
            text run at (0,32) width 71: "about 20 (8"
            text run at (0,48) width 78: "in Standard)"
            text run at (0,64) width 69: "pixels wide"
        RenderTable {TABLE} at (0,80) size 14x4 [bgcolor=#FFA500] [border: (1px outset #808080)]
          RenderTableSection {TBODY} at (1,1) size 12x2
            RenderTableRow {TR} at (0,0) size 12x2
              RenderTableCell {TD} at (0,0) size 2x2 [border: (1px inset #808080)] [r=0 c=0 rs=1 cs=1]
              RenderTableCell {TD} at (2,0) size 2x2 [border: (1px inset #808080)] [r=0 c=1 rs=1 cs=1]
              RenderTableCell {TD} at (4,0) size 2x2 [border: (1px inset #808080)] [r=0 c=2 rs=1 cs=1]
              RenderTableCell {TD} at (6,0) size 2x2 [border: (1px inset #808080)] [r=0 c=3 rs=1 cs=1]
              RenderTableCell {TD} at (8,0) size 2x2 [border: (1px inset #808080)] [r=0 c=4 rs=1 cs=1]
              RenderTableCell {TD} at (10,0) size 2x2 [border: (1px inset #808080)] [r=0 c=5 rs=1 cs=1]
        RenderBlock (anonymous) at (0,84) size 80x16
          RenderBR {BR} at (0,0) size 0x16
      RenderBlock {P} at (0,822) size 80x132
        RenderBlock (anonymous) at (0,0) size 80x112
          RenderText {#text} at (0,0) size 74x112
            text run at (0,0) width 56: "this table"
            text run at (0,16) width 60: "should be"
            text run at (0,32) width 62: "about 272"
            text run at (0,48) width 72: "pixels wide,"
            text run at (0,64) width 45: "but can"
            text run at (0,80) width 74: "shrink to 92"
            text run at (0,96) width 36: "pixels"
        RenderTable {TABLE} at (0,112) size 182x4 [bgcolor=#FFA500] [border: (1px outset #808080)]
          RenderTableSection {TBODY} at (1,1) size 180x2
            RenderTableRow {TR} at (0,0) size 180x2
              RenderTableCell {TD} at (0,0) size 2x2 [border: (1px inset #808080)] [r=0 c=0 rs=1 cs=1]
              RenderTableCell {TD} at (2,0) size 2x2 [border: (1px inset #808080)] [r=0 c=1 rs=1 cs=1]
              RenderTableCell {TD} at (4,0) size 2x2 [border: (1px inset #808080)] [r=0 c=2 rs=1 cs=1]
              RenderTableCell {TD} at (6,0) size 2x2 [border: (1px inset #808080)] [r=0 c=3 rs=1 cs=1]
              RenderTableCell {TD} at (8,0) size 2x2 [border: (1px inset #808080)] [r=0 c=4 rs=1 cs=1]
              RenderTableCell {TD} at (10,0) size 2x2 [border: (1px inset #808080)] [r=0 c=5 rs=1 cs=1]
              RenderTableCell {TD} at (12,0) size 2x2 [border: (1px inset #808080)] [r=0 c=6 rs=1 cs=1]
              RenderTableCell {TD} at (14,0) size 2x2 [border: (1px inset #808080)] [r=0 c=7 rs=1 cs=1]
              RenderTableCell {TD} at (16,0) size 2x2 [border: (1px inset #808080)] [r=0 c=8 rs=1 cs=1]
              RenderTableCell {TD} at (18,0) size 2x2 [border: (1px inset #808080)] [r=0 c=9 rs=1 cs=1]
              RenderTableCell {TD} at (20,0) size 2x2 [border: (1px inset #808080)] [r=0 c=10 rs=1 cs=1]
              RenderTableCell {TD} at (22,0) size 2x2 [border: (1px inset #808080)] [r=0 c=11 rs=1 cs=1]
              RenderTableCell {TD} at (24,0) size 2x2 [border: (1px inset #808080)] [r=0 c=12 rs=1 cs=1]
              RenderTableCell {TD} at (26,0) size 2x2 [border: (1px inset #808080)] [r=0 c=13 rs=1 cs=1]
              RenderTableCell {TD} at (28,0) size 2x2 [border: (1px inset #808080)] [r=0 c=14 rs=1 cs=1]
              RenderTableCell {TD} at (30,0) size 2x2 [border: (1px inset #808080)] [r=0 c=15 rs=1 cs=1]
              RenderTableCell {TD} at (32,0) size 2x2 [border: (1px inset #808080)] [r=0 c=16 rs=1 cs=1]
              RenderTableCell {TD} at (34,0) size 2x2 [border: (1px inset #808080)] [r=0 c=17 rs=1 cs=1]
              RenderTableCell {TD} at (36,0) size 2x2 [border: (1px inset #808080)] [r=0 c=18 rs=1 cs=1]
              RenderTableCell {TD} at (38,0) size 2x2 [border: (1px inset #808080)] [r=0 c=19 rs=1 cs=1]
              RenderTableCell {TD} at (40,0) size 2x2 [border: (1px inset #808080)] [r=0 c=20 rs=1 cs=1]
              RenderTableCell {TD} at (42,0) size 2x2 [border: (1px inset #808080)] [r=0 c=21 rs=1 cs=1]
              RenderTableCell {TD} at (44,0) size 2x2 [border: (1px inset #808080)] [r=0 c=22 rs=1 cs=1]
              RenderTableCell {TD} at (46,0) size 2x2 [border: (1px inset #808080)] [r=0 c=23 rs=1 cs=1]
              RenderTableCell {TD} at (48,0) size 2x2 [border: (1px inset #808080)] [r=0 c=24 rs=1 cs=1]
              RenderTableCell {TD} at (50,0) size 2x2 [border: (1px inset #808080)] [r=0 c=25 rs=1 cs=1]
              RenderTableCell {TD} at (52,0) size 2x2 [border: (1px inset #808080)] [r=0 c=26 rs=1 cs=1]
              RenderTableCell {TD} at (54,0) size 2x2 [border: (1px inset #808080)] [r=0 c=27 rs=1 cs=1]
              RenderTableCell {TD} at (56,0) size 2x2 [border: (1px inset #808080)] [r=0 c=28 rs=1 cs=1]
              RenderTableCell {TD} at (58,0) size 2x2 [border: (1px inset #808080)] [r=0 c=29 rs=1 cs=1]
              RenderTableCell {TD} at (60,0) size 2x2 [border: (1px inset #808080)] [r=0 c=30 rs=1 cs=1]
              RenderTableCell {TD} at (62,0) size 2x2 [border: (1px inset #808080)] [r=0 c=31 rs=1 cs=1]
              RenderTableCell {TD} at (64,0) size 2x2 [border: (1px inset #808080)] [r=0 c=32 rs=1 cs=1]
              RenderTableCell {TD} at (66,0) size 2x2 [border: (1px inset #808080)] [r=0 c=33 rs=1 cs=1]
              RenderTableCell {TD} at (68,0) size 2x2 [border: (1px inset #808080)] [r=0 c=34 rs=1 cs=1]
              RenderTableCell {TD} at (70,0) size 2x2 [border: (1px inset #808080)] [r=0 c=35 rs=1 cs=1]
              RenderTableCell {TD} at (72,0) size 2x2 [border: (1px inset #808080)] [r=0 c=36 rs=1 cs=1]
              RenderTableCell {TD} at (74,0) size 2x2 [border: (1px inset #808080)] [r=0 c=37 rs=1 cs=1]
              RenderTableCell {TD} at (76,0) size 2x2 [border: (1px inset #808080)] [r=0 c=38 rs=1 cs=1]
              RenderTableCell {TD} at (78,0) size 2x2 [border: (1px inset #808080)] [r=0 c=39 rs=1 cs=1]
              RenderTableCell {TD} at (80,0) size 2x2 [border: (1px inset #808080)] [r=0 c=40 rs=1 cs=1]
              RenderTableCell {TD} at (82,0) size 2x2 [border: (1px inset #808080)] [r=0 c=41 rs=1 cs=1]
              RenderTableCell {TD} at (84,0) size 2x2 [border: (1px inset #808080)] [r=0 c=42 rs=1 cs=1]
              RenderTableCell {TD} at (86,0) size 2x2 [border: (1px inset #808080)] [r=0 c=43 rs=1 cs=1]
              RenderTableCell {TD} at (88,0) size 2x2 [border: (1px inset #808080)] [r=0 c=44 rs=1 cs=1]
              RenderTableCell {TD} at (90,0) size 2x2 [border: (1px inset #808080)] [r=0 c=45 rs=1 cs=1]
              RenderTableCell {TD} at (92,0) size 2x2 [border: (1px inset #808080)] [r=0 c=46 rs=1 cs=1]
              RenderTableCell {TD} at (94,0) size 2x2 [border: (1px inset #808080)] [r=0 c=47 rs=1 cs=1]
              RenderTableCell {TD} at (96,0) size 2x2 [border: (1px inset #808080)] [r=0 c=48 rs=1 cs=1]
              RenderTableCell {TD} at (98,0) size 2x2 [border: (1px inset #808080)] [r=0 c=49 rs=1 cs=1]
              RenderTableCell {TD} at (100,0) size 2x2 [border: (1px inset #808080)] [r=0 c=50 rs=1 cs=1]
              RenderTableCell {TD} at (102,0) size 2x2 [border: (1px inset #808080)] [r=0 c=51 rs=1 cs=1]
              RenderTableCell {TD} at (104,0) size 2x2 [border: (1px inset #808080)] [r=0 c=52 rs=1 cs=1]
              RenderTableCell {TD} at (106,0) size 2x2 [border: (1px inset #808080)] [r=0 c=53 rs=1 cs=1]
              RenderTableCell {TD} at (108,0) size 2x2 [border: (1px inset #808080)] [r=0 c=54 rs=1 cs=1]
              RenderTableCell {TD} at (110,0) size 2x2 [border: (1px inset #808080)] [r=0 c=55 rs=1 cs=1]
              RenderTableCell {TD} at (112,0) size 2x2 [border: (1px inset #808080)] [r=0 c=56 rs=1 cs=1]
              RenderTableCell {TD} at (114,0) size 2x2 [border: (1px inset #808080)] [r=0 c=57 rs=1 cs=1]
              RenderTableCell {TD} at (116,0) size 2x2 [border: (1px inset #808080)] [r=0 c=58 rs=1 cs=1]
              RenderTableCell {TD} at (118,0) size 2x2 [border: (1px inset #808080)] [r=0 c=59 rs=1 cs=1]
              RenderTableCell {TD} at (120,0) size 2x2 [border: (1px inset #808080)] [r=0 c=60 rs=1 cs=1]
              RenderTableCell {TD} at (122,0) size 2x2 [border: (1px inset #808080)] [r=0 c=61 rs=1 cs=1]
              RenderTableCell {TD} at (124,0) size 2x2 [border: (1px inset #808080)] [r=0 c=62 rs=1 cs=1]
              RenderTableCell {TD} at (126,0) size 2x2 [border: (1px inset #808080)] [r=0 c=63 rs=1 cs=1]
              RenderTableCell {TD} at (128,0) size 2x2 [border: (1px inset #808080)] [r=0 c=64 rs=1 cs=1]
              RenderTableCell {TD} at (130,0) size 2x2 [border: (1px inset #808080)] [r=0 c=65 rs=1 cs=1]
              RenderTableCell {TD} at (132,0) size 2x2 [border: (1px inset #808080)] [r=0 c=66 rs=1 cs=1]
              RenderTableCell {TD} at (134,0) size 2x2 [border: (1px inset #808080)] [r=0 c=67 rs=1 cs=1]
              RenderTableCell {TD} at (136,0) size 2x2 [border: (1px inset #808080)] [r=0 c=68 rs=1 cs=1]
              RenderTableCell {TD} at (138,0) size 2x2 [border: (1px inset #808080)] [r=0 c=69 rs=1 cs=1]
              RenderTableCell {TD} at (140,0) size 2x2 [border: (1px inset #808080)] [r=0 c=70 rs=1 cs=1]
              RenderTableCell {TD} at (142,0) size 2x2 [border: (1px inset #808080)] [r=0 c=71 rs=1 cs=1]
              RenderTableCell {TD} at (144,0) size 2x2 [border: (1px inset #808080)] [r=0 c=72 rs=1 cs=1]
              RenderTableCell {TD} at (146,0) size 2x2 [border: (1px inset #808080)] [r=0 c=73 rs=1 cs=1]
              RenderTableCell {TD} at (148,0) size 2x2 [border: (1px inset #808080)] [r=0 c=74 rs=1 cs=1]
              RenderTableCell {TD} at (150,0) size 2x2 [border: (1px inset #808080)] [r=0 c=75 rs=1 cs=1]
              RenderTableCell {TD} at (152,0) size 2x2 [border: (1px inset #808080)] [r=0 c=76 rs=1 cs=1]
              RenderTableCell {TD} at (154,0) size 2x2 [border: (1px inset #808080)] [r=0 c=77 rs=1 cs=1]
              RenderTableCell {TD} at (156,0) size 2x2 [border: (1px inset #808080)] [r=0 c=78 rs=1 cs=1]
              RenderTableCell {TD} at (158,0) size 2x2 [border: (1px inset #808080)] [r=0 c=79 rs=1 cs=1]
              RenderTableCell {TD} at (160,0) size 2x2 [border: (1px inset #808080)] [r=0 c=80 rs=1 cs=1]
              RenderTableCell {TD} at (162,0) size 2x2 [border: (1px inset #808080)] [r=0 c=81 rs=1 cs=1]
              RenderTableCell {TD} at (164,0) size 2x2 [border: (1px inset #808080)] [r=0 c=82 rs=1 cs=1]
              RenderTableCell {TD} at (166,0) size 2x2 [border: (1px inset #808080)] [r=0 c=83 rs=1 cs=1]
              RenderTableCell {TD} at (168,0) size 2x2 [border: (1px inset #808080)] [r=0 c=84 rs=1 cs=1]
              RenderTableCell {TD} at (170,0) size 2x2 [border: (1px inset #808080)] [r=0 c=85 rs=1 cs=1]
              RenderTableCell {TD} at (172,0) size 2x2 [border: (1px inset #808080)] [r=0 c=86 rs=1 cs=1]
              RenderTableCell {TD} at (174,0) size 2x2 [border: (1px inset #808080)] [r=0 c=87 rs=1 cs=1]
              RenderTableCell {TD} at (176,0) size 2x2 [border: (1px inset #808080)] [r=0 c=88 rs=1 cs=1]
              RenderTableCell {TD} at (178,0) size 2x2 [border: (1px inset #808080)] [r=0 c=89 rs=1 cs=1]
        RenderBlock (anonymous) at (0,116) size 80x16
          RenderBR {BR} at (0,0) size 0x16
      RenderBlock {P} at (0,968) size 80x132
        RenderBlock (anonymous) at (0,0) size 80x112
          RenderText {#text} at (0,0) size 69x112
            text run at (0,0) width 56: "this table"
            text run at (0,16) width 60: "should be"
            text run at (0,32) width 46: "about 8"
            text run at (0,48) width 69: "pixels wide"
            text run at (0,64) width 48: "(nested"
            text run at (0,80) width 44: "without"
            text run at (0,96) width 46: "border)"
        RenderTable {TABLE} at (0,112) size 10x4 [border: (1px outset #808080)]
          RenderTableSection {TBODY} at (1,1) size 8x2
            RenderTableRow {TR} at (0,0) size 8x2
              RenderTableCell {TD} at (0,0) size 8x2 [border: (1px inset #808080)] [r=0 c=0 rs=1 cs=1]
                RenderTable {TABLE} at (1,1) size 6x0 [bgcolor=#FFA500]
                  RenderTableSection {TBODY} at (0,0) size 6x0
                    RenderTableRow {TR} at (0,0) size 6x0
                      RenderTableCell {TD} at (0,0) size 1x0 [r=0 c=0 rs=1 cs=1]
                      RenderTableCell {TD} at (1,0) size 1x0 [r=0 c=1 rs=1 cs=1]
                      RenderTableCell {TD} at (2,0) size 1x0 [r=0 c=2 rs=1 cs=1]
                      RenderTableCell {TD} at (3,0) size 1x0 [r=0 c=3 rs=1 cs=1]
                      RenderTableCell {TD} at (4,0) size 1x0 [r=0 c=4 rs=1 cs=1]
                      RenderTableCell {TD} at (5,0) size 1x0 [r=0 c=5 rs=1 cs=1]
        RenderBlock (anonymous) at (0,116) size 80x16
          RenderBR {BR} at (0,0) size 0x16
      RenderBlock {P} at (0,1114) size 80x128
        RenderText {#text} at (0,0) size 69x128
          text run at (0,0) width 56: "this table"
          text run at (0,16) width 60: "should be"
          text run at (0,32) width 62: "about 122"
          text run at (0,48) width 69: "pixels wide"
          text run at (0,64) width 51: "(nested,"
          text run at (0,80) width 58: "width=10"
          text run at (0,96) width 44: "without"
          text run at (0,112) width 46: "border)"
      RenderBlock {HR} at (0,1256) size 124x2 [border: (1px inset #000000)]
      RenderTable {TABLE} at (0,1265) size 80x4 [border: (1px outset #808080)]
        RenderTableSection {TBODY} at (1,1) size 78x2
          RenderTableRow {TR} at (0,0) size 78x2
            RenderTableCell {TD} at (0,0) size 78x2 [border: (1px inset #808080)] [r=0 c=0 rs=1 cs=1]
              RenderTable {TABLE} at (1,1) size 76x0 [bgcolor=#FFA500]
                RenderTableSection {TBODY} at (0,0) size 76x0
                  RenderTableRow {TR} at (0,0) size 76x0
                    RenderTableCell {TD} at (0,0) size 6x0 [r=0 c=0 rs=1 cs=1]
                    RenderTableCell {TD} at (6,0) size 6x0 [r=0 c=1 rs=1 cs=1]
                    RenderTableCell {TD} at (12,0) size 6x0 [r=0 c=2 rs=1 cs=1]
                    RenderTableCell {TD} at (18,0) size 6x0 [r=0 c=3 rs=1 cs=1]
                    RenderTableCell {TD} at (24,0) size 6x0 [r=0 c=4 rs=1 cs=1]
                    RenderTableCell {TD} at (30,0) size 6x0 [r=0 c=5 rs=1 cs=1]
                    RenderTableCell {TD} at (36,0) size 6x0 [r=0 c=6 rs=1 cs=1]
                    RenderTableCell {TD} at (42,0) size 6x0 [r=0 c=7 rs=1 cs=1]
                    RenderTableCell {TD} at (48,0) size 7x0 [r=0 c=8 rs=1 cs=1]
                    RenderTableCell {TD} at (55,0) size 7x0 [r=0 c=9 rs=1 cs=1]
                    RenderTableCell {TD} at (62,0) size 7x0 [r=0 c=10 rs=1 cs=1]
                    RenderTableCell {TD} at (69,0) size 7x0 [r=0 c=11 rs=1 cs=1]
      RenderBlock (anonymous) at (0,1269) size 80x16
        RenderBR {BR} at (0,0) size 0x16
      RenderBlock {P} at (0,1299) size 80x102
        RenderBlock (anonymous) at (0,0) size 80x80
          RenderText {#text} at (0,0) size 99x80
            text run at (0,0) width 56: "this table"
            text run at (0,16) width 60: "should be"
            text run at (0,32) width 54: "about 32"
            text run at (0,48) width 69: "pixels wide"
            text run at (0,64) width 99: "(cellpadding=1)"
        RenderTable {TABLE} at (0,80) size 26x6 [bgcolor=#FFA500] [border: (1px outset #808080)]
          RenderTableSection {TBODY} at (1,1) size 24x4
            RenderTableRow {TR} at (0,0) size 24x4
              RenderTableCell {TD} at (0,0) size 4x4 [border: (1px inset #808080)] [r=0 c=0 rs=1 cs=1]
              RenderTableCell {TD} at (4,0) size 4x4 [border: (1px inset #808080)] [r=0 c=1 rs=1 cs=1]
              RenderTableCell {TD} at (8,0) size 4x4 [border: (1px inset #808080)] [r=0 c=2 rs=1 cs=1]
              RenderTableCell {TD} at (12,0) size 4x4 [border: (1px inset #808080)] [r=0 c=3 rs=1 cs=1]
              RenderTableCell {TD} at (16,0) size 4x4 [border: (1px inset #808080)] [r=0 c=4 rs=1 cs=1]
              RenderTableCell {TD} at (20,0) size 4x4 [border: (1px inset #808080)] [r=0 c=5 rs=1 cs=1]
        RenderBlock (anonymous) at (0,86) size 80x16
          RenderBR {BR} at (0,0) size 0x16
      RenderBlock {P} at (0,1415) size 80x100
        RenderBlock (anonymous) at (0,0) size 80x80
          RenderText {#text} at (0,0) size 69x80
            text run at (0,0) width 56: "this table"
            text run at (0,16) width 60: "should be"
            text run at (0,32) width 54: "about 26"
            text run at (0,48) width 69: "pixels wide"
            text run at (0,64) width 60: "(width=2)"
        RenderTable {TABLE} at (0,80) size 26x4 [bgcolor=#FFA500] [border: (1px outset #808080)]
          RenderTableSection {TBODY} at (1,1) size 24x2
            RenderTableRow {TR} at (0,0) size 24x2
              RenderTableCell {TD} at (0,0) size 4x2 [border: (1px inset #808080)] [r=0 c=0 rs=1 cs=1]
              RenderTableCell {TD} at (4,0) size 4x2 [border: (1px inset #808080)] [r=0 c=1 rs=1 cs=1]
              RenderTableCell {TD} at (8,0) size 4x2 [border: (1px inset #808080)] [r=0 c=2 rs=1 cs=1]
              RenderTableCell {TD} at (12,0) size 4x2 [border: (1px inset #808080)] [r=0 c=3 rs=1 cs=1]
              RenderTableCell {TD} at (16,0) size 4x2 [border: (1px inset #808080)] [r=0 c=4 rs=1 cs=1]
              RenderTableCell {TD} at (20,0) size 4x2 [border: (1px inset #808080)] [r=0 c=5 rs=1 cs=1]
        RenderBlock (anonymous) at (0,84) size 80x16
          RenderBR {BR} at (0,0) size 0x16
      RenderBlock {P} at (0,1529) size 80x100
        RenderBlock (anonymous) at (0,0) size 80x80
          RenderText {#text} at (0,0) size 76x80
            text run at (0,0) width 56: "this table"
            text run at (0,16) width 60: "should be"
            text run at (0,32) width 54: "about 20"
            text run at (0,48) width 69: "pixels wide"
            text run at (0,64) width 76: "(colspan=3)"
        RenderTable {TABLE} at (0,80) size 14x4 [bgcolor=#FFA500] [border: (1px outset #808080)]
          RenderTableSection {TBODY} at (1,1) size 12x2
            RenderTableRow {TR} at (0,0) size 12x2
              RenderTableCell {TD} at (0,0) size 2x2 [border: (1px inset #808080)] [r=0 c=0 rs=1 cs=3]
              RenderTableCell {TD} at (2,0) size 2x2 [border: (1px inset #808080)] [r=0 c=3 rs=1 cs=3]
              RenderTableCell {TD} at (4,0) size 2x2 [border: (1px inset #808080)] [r=0 c=6 rs=1 cs=3]
              RenderTableCell {TD} at (6,0) size 2x2 [border: (1px inset #808080)] [r=0 c=9 rs=1 cs=3]
              RenderTableCell {TD} at (8,0) size 2x2 [border: (1px inset #808080)] [r=0 c=12 rs=1 cs=3]
              RenderTableCell {TD} at (10,0) size 2x2 [border: (1px inset #808080)] [r=0 c=15 rs=1 cs=3]
        RenderBlock (anonymous) at (0,84) size 80x16
          RenderBR {BR} at (0,0) size 0x16
      RenderBlock {P} at (0,1643) size 80x116
        RenderBlock (anonymous) at (0,0) size 80x96
          RenderText {#text} at (0,0) size 71x96
            text run at (0,0) width 56: "this table"
            text run at (0,16) width 60: "should be"
            text run at (0,32) width 54: "about 26"
            text run at (0,48) width 69: "pixels wide"
            text run at (0,64) width 71: "(colspan=3"
            text run at (0,80) width 55: "width=2)"
        RenderTable {TABLE} at (0,96) size 26x4 [bgcolor=#FFA500] [border: (1px outset #808080)]
          RenderTableSection {TBODY} at (1,1) size 24x2
            RenderTableRow {TR} at (0,0) size 24x2
              RenderTableCell {TD} at (0,0) size 4x2 [border: (1px inset #808080)] [r=0 c=0 rs=1 cs=3]
              RenderTableCell {TD} at (4,0) size 4x2 [border: (1px inset #808080)] [r=0 c=3 rs=1 cs=3]
              RenderTableCell {TD} at (8,0) size 4x2 [border: (1px inset #808080)] [r=0 c=6 rs=1 cs=3]
              RenderTableCell {TD} at (12,0) size 4x2 [border: (1px inset #808080)] [r=0 c=9 rs=1 cs=3]
              RenderTableCell {TD} at (16,0) size 4x2 [border: (1px inset #808080)] [r=0 c=12 rs=1 cs=3]
              RenderTableCell {TD} at (20,0) size 4x2 [border: (1px inset #808080)] [r=0 c=15 rs=1 cs=3]
        RenderBlock (anonymous) at (0,100) size 80x16
          RenderBR {BR} at (0,0) size 0x16
      RenderBlock {P} at (0,1773) size 80x100
        RenderBlock (anonymous) at (0,0) size 80x80
          RenderText {#text} at (0,0) size 76x80
            text run at (0,0) width 56: "this table"
            text run at (0,16) width 60: "should be"
            text run at (0,32) width 54: "about 26"
            text run at (0,48) width 69: "pixels wide"
            text run at (0,64) width 76: "(colspan=4)"
        RenderTable {TABLE} at (0,80) size 14x4 [bgcolor=#FFA500] [border: (1px outset #808080)]
          RenderTableSection {TBODY} at (1,1) size 12x2
            RenderTableRow {TR} at (0,0) size 12x2
              RenderTableCell {TD} at (0,0) size 2x2 [border: (1px inset #808080)] [r=0 c=0 rs=1 cs=4]
              RenderTableCell {TD} at (2,0) size 2x2 [border: (1px inset #808080)] [r=0 c=4 rs=1 cs=4]
              RenderTableCell {TD} at (4,0) size 2x2 [border: (1px inset #808080)] [r=0 c=8 rs=1 cs=4]
              RenderTableCell {TD} at (6,0) size 2x2 [border: (1px inset #808080)] [r=0 c=12 rs=1 cs=4]
              RenderTableCell {TD} at (8,0) size 2x2 [border: (1px inset #808080)] [r=0 c=16 rs=1 cs=4]
              RenderTableCell {TD} at (10,0) size 2x2 [border: (1px inset #808080)] [r=0 c=20 rs=1 cs=4]
        RenderBlock (anonymous) at (0,84) size 80x16
          RenderBR {BR} at (0,0) size 0x16
      RenderBlock {P} at (0,1887) size 80x120
        RenderBlock (anonymous) at (0,0) size 80x96
          RenderText {#text} at (0,0) size 92x96
            text run at (0,0) width 56: "this table"
            text run at (0,16) width 60: "should be"
            text run at (0,32) width 54: "about 38"
            text run at (0,48) width 69: "pixels wide"
            text run at (0,64) width 74: "(colspan=4,"
            text run at (0,80) width 92: "cellspacing=2)"
        RenderTable {TABLE} at (0,96) size 29x8 [bgcolor=#FFA500] [border: (1px outset #808080)]
          RenderTableSection {TBODY} at (1,1) size 27x6
            RenderTableRow {TR} at (0,2) size 27x2
              RenderTableCell {TD} at (2,2) size 3x2 [border: (1px inset #808080)] [r=0 c=0 rs=1 cs=4]
              RenderTableCell {TD} at (7,2) size 2x2 [border: (1px inset #808080)] [r=0 c=4 rs=1 cs=4]
              RenderTableCell {TD} at (11,2) size 2x2 [border: (1px inset #808080)] [r=0 c=8 rs=1 cs=4]
              RenderTableCell {TD} at (15,2) size 2x2 [border: (1px inset #808080)] [r=0 c=12 rs=1 cs=4]
              RenderTableCell {TD} at (19,2) size 2x2 [border: (1px inset #808080)] [r=0 c=16 rs=1 cs=4]
              RenderTableCell {TD} at (23,2) size 2x2 [border: (1px inset #808080)] [r=0 c=20 rs=1 cs=4]
        RenderBlock (anonymous) at (0,104) size 80x16
          RenderBR {BR} at (0,0) size 0x16
      RenderBlock {P} at (0,2021) size 80x120
        RenderBlock (anonymous) at (0,0) size 80x96
          RenderText {#text} at (0,0) size 94x96
            text run at (0,0) width 56: "this table"
            text run at (0,16) width 60: "should be"
            text run at (0,32) width 54: "about 38"
            text run at (0,48) width 69: "pixels wide"
            text run at (0,64) width 74: "(colspan=4,"
            text run at (0,80) width 94: "cellpadding=2)"
        RenderTable {TABLE} at (0,96) size 38x8 [bgcolor=#FFA500] [border: (1px outset #808080)]
          RenderTableSection {TBODY} at (1,1) size 36x6
            RenderTableRow {TR} at (0,0) size 36x6
              RenderTableCell {TD} at (0,0) size 6x6 [border: (1px inset #808080)] [r=0 c=0 rs=1 cs=4]
              RenderTableCell {TD} at (6,0) size 6x6 [border: (1px inset #808080)] [r=0 c=4 rs=1 cs=4]
              RenderTableCell {TD} at (12,0) size 6x6 [border: (1px inset #808080)] [r=0 c=8 rs=1 cs=4]
              RenderTableCell {TD} at (18,0) size 6x6 [border: (1px inset #808080)] [r=0 c=12 rs=1 cs=4]
              RenderTableCell {TD} at (24,0) size 6x6 [border: (1px inset #808080)] [r=0 c=16 rs=1 cs=4]
              RenderTableCell {TD} at (30,0) size 6x6 [border: (1px inset #808080)] [r=0 c=20 rs=1 cs=4]
        RenderBlock (anonymous) at (0,104) size 80x16
          RenderBR {BR} at (0,0) size 0x16
      RenderBlock {P} at (0,2155) size 80x122
        RenderBlock (anonymous) at (0,0) size 80x96
          RenderText {#text} at (0,0) size 94x96
            text run at (0,0) width 56: "this table"
            text run at (0,16) width 60: "should be"
            text run at (0,32) width 54: "about 38"
            text run at (0,48) width 69: "pixels wide"
            text run at (0,64) width 74: "(colspan=4,"
            text run at (0,80) width 94: "cellpadding=3)"
        RenderTable {TABLE} at (0,96) size 50x10 [bgcolor=#FFA500] [border: (1px outset #808080)]
          RenderTableSection {TBODY} at (1,1) size 48x8
            RenderTableRow {TR} at (0,0) size 48x8
              RenderTableCell {TD} at (0,0) size 8x8 [border: (1px inset #808080)] [r=0 c=0 rs=1 cs=4]
              RenderTableCell {TD} at (8,0) size 8x8 [border: (1px inset #808080)] [r=0 c=4 rs=1 cs=4]
              RenderTableCell {TD} at (16,0) size 8x8 [border: (1px inset #808080)] [r=0 c=8 rs=1 cs=4]
              RenderTableCell {TD} at (24,0) size 8x8 [border: (1px inset #808080)] [r=0 c=12 rs=1 cs=4]
              RenderTableCell {TD} at (32,0) size 8x8 [border: (1px inset #808080)] [r=0 c=16 rs=1 cs=4]
              RenderTableCell {TD} at (40,0) size 8x8 [border: (1px inset #808080)] [r=0 c=20 rs=1 cs=4]
        RenderBlock (anonymous) at (0,106) size 80x16
          RenderBR {BR} at (0,0) size 0x16
      RenderBlock {P} at (0,2291) size 80x116
        RenderBlock (anonymous) at (0,0) size 80x96
          RenderText {#text} at (0,0) size 71x96
            text run at (0,0) width 56: "this table"
            text run at (0,16) width 60: "should be"
            text run at (0,32) width 54: "about 26"
            text run at (0,48) width 69: "pixels wide"
            text run at (0,64) width 71: "(colspan=4"
            text run at (0,80) width 55: "width=2)"
        RenderTable {TABLE} at (0,96) size 26x4 [bgcolor=#FFA500] [border: (1px outset #808080)]
          RenderTableSection {TBODY} at (1,1) size 24x2
            RenderTableRow {TR} at (0,0) size 24x2
              RenderTableCell {TD} at (0,0) size 4x2 [border: (1px inset #808080)] [r=0 c=0 rs=1 cs=4]
              RenderTableCell {TD} at (4,0) size 4x2 [border: (1px inset #808080)] [r=0 c=4 rs=1 cs=4]
              RenderTableCell {TD} at (8,0) size 4x2 [border: (1px inset #808080)] [r=0 c=8 rs=1 cs=4]
              RenderTableCell {TD} at (12,0) size 4x2 [border: (1px inset #808080)] [r=0 c=12 rs=1 cs=4]
              RenderTableCell {TD} at (16,0) size 4x2 [border: (1px inset #808080)] [r=0 c=16 rs=1 cs=4]
              RenderTableCell {TD} at (20,0) size 4x2 [border: (1px inset #808080)] [r=0 c=20 rs=1 cs=4]
        RenderBlock (anonymous) at (0,100) size 80x16
          RenderBR {BR} at (0,0) size 0x16
      RenderBlock {P} at (0,2421) size 80x132
        RenderBlock (anonymous) at (0,0) size 80x96
          RenderText {#text} at (0,0) size 71x96
            text run at (0,0) width 56: "this table"
            text run at (0,16) width 60: "should be"
            text run at (0,32) width 54: "about 20"
            text run at (0,48) width 69: "pixels wide"
            text run at (0,64) width 71: "(colspan=3"
            text run at (0,80) width 53: "with BR)"
        RenderTable {TABLE} at (0,96) size 14x20 [bgcolor=#FFA500] [border: (1px outset #808080)]
          RenderTableSection {TBODY} at (1,1) size 12x18
            RenderTableRow {TR} at (0,0) size 12x18
              RenderTableCell {TD} at (0,0) size 2x18 [border: (1px inset #808080)] [r=0 c=0 rs=1 cs=3]
                RenderBR {BR} at (1,1) size 0x16
              RenderTableCell {TD} at (2,0) size 2x18 [border: (1px inset #808080)] [r=0 c=3 rs=1 cs=3]
                RenderBR {BR} at (1,1) size 0x16
              RenderTableCell {TD} at (4,0) size 2x18 [border: (1px inset #808080)] [r=0 c=6 rs=1 cs=3]
                RenderBR {BR} at (1,1) size 0x16
              RenderTableCell {TD} at (6,0) size 2x18 [border: (1px inset #808080)] [r=0 c=9 rs=1 cs=3]
                RenderBR {BR} at (1,1) size 0x16
              RenderTableCell {TD} at (8,0) size 2x18 [border: (1px inset #808080)] [r=0 c=12 rs=1 cs=3]
                RenderBR {BR} at (1,1) size 0x16
              RenderTableCell {TD} at (10,0) size 2x18 [border: (1px inset #808080)] [r=0 c=15 rs=1 cs=3]
                RenderBR {BR} at (1,1) size 0x16
        RenderBlock (anonymous) at (0,116) size 80x16
          RenderBR {BR} at (0,0) size 0x16
      RenderBlock {P} at (0,2567) size 80x132
        RenderBlock (anonymous) at (0,0) size 80x96
          RenderText {#text} at (0,0) size 71x96
            text run at (0,0) width 56: "this table"
            text run at (0,16) width 60: "should be"
            text run at (0,32) width 54: "about 20"
            text run at (0,48) width 69: "pixels wide"
            text run at (0,64) width 71: "(colspan=3"
            text run at (0,80) width 53: "with BR)"
        RenderTable {TABLE} at (0,96) size 14x20 [bgcolor=#FFA500] [border: (1px outset #808080)]
          RenderTableSection {TBODY} at (1,1) size 12x18
            RenderTableRow {TR} at (0,0) size 12x18
              RenderTableCell {TD} at (0,0) size 2x18 [border: (1px inset #808080)] [r=0 c=0 rs=1 cs=3]
                RenderBR {BR} at (1,1) size 0x16
              RenderTableCell {TD} at (2,0) size 2x18 [border: (1px inset #808080)] [r=0 c=3 rs=1 cs=3]
                RenderBR {BR} at (1,1) size 0x16
              RenderTableCell {TD} at (4,0) size 2x18 [border: (1px inset #808080)] [r=0 c=6 rs=1 cs=3]
                RenderBR {BR} at (1,1) size 0x16
              RenderTableCell {TD} at (6,0) size 2x18 [border: (1px inset #808080)] [r=0 c=9 rs=1 cs=3]
                RenderBR {BR} at (1,1) size 0x16
              RenderTableCell {TD} at (8,0) size 2x18 [border: (1px inset #808080)] [r=0 c=12 rs=1 cs=3]
                RenderBR {BR} at (1,1) size 0x16
              RenderTableCell {TD} at (10,0) size 2x18 [border: (1px inset #808080)] [r=0 c=15 rs=1 cs=3]
                RenderBR {BR} at (1,1) size 0x16
        RenderBlock (anonymous) at (0,116) size 80x16
          RenderBR {BR} at (0,0) size 0x16
      RenderBlock {P} at (0,2713) size 80x148
        RenderBlock (anonymous) at (0,0) size 80x112
          RenderText {#text} at (0,0) size 79x112
            text run at (0,0) width 56: "this table"
            text run at (0,16) width 60: "should be"
            text run at (0,32) width 54: "about 26"
            text run at (0,48) width 69: "pixels wide"
            text run at (0,64) width 71: "(colspan=3"
            text run at (0,80) width 79: "width=2 with"
            text run at (0,96) width 24: "BR)"
        RenderTable {TABLE} at (0,112) size 26x20 [bgcolor=#FFA500] [border: (1px outset #808080)]
          RenderTableSection {TBODY} at (1,1) size 24x18
            RenderTableRow {TR} at (0,0) size 24x18
              RenderTableCell {TD} at (0,0) size 4x18 [border: (1px inset #808080)] [r=0 c=0 rs=1 cs=3]
                RenderBR {BR} at (1,1) size 0x16
              RenderTableCell {TD} at (4,0) size 4x18 [border: (1px inset #808080)] [r=0 c=3 rs=1 cs=3]
                RenderBR {BR} at (1,1) size 0x16
              RenderTableCell {TD} at (8,0) size 4x18 [border: (1px inset #808080)] [r=0 c=6 rs=1 cs=3]
                RenderBR {BR} at (1,1) size 0x16
              RenderTableCell {TD} at (12,0) size 4x18 [border: (1px inset #808080)] [r=0 c=9 rs=1 cs=3]
                RenderBR {BR} at (1,1) size 0x16
              RenderTableCell {TD} at (16,0) size 4x18 [border: (1px inset #808080)] [r=0 c=12 rs=1 cs=3]
                RenderBR {BR} at (1,1) size 0x16
              RenderTableCell {TD} at (20,0) size 4x18 [border: (1px inset #808080)] [r=0 c=15 rs=1 cs=3]
                RenderBR {BR} at (1,1) size 0x16
        RenderBlock (anonymous) at (0,132) size 80x16
          RenderBR {BR} at (0,0) size 0x16
      RenderBlock {P} at (0,2875) size 80x148
        RenderBlock (anonymous) at (0,0) size 80x112
          RenderText {#text} at (0,0) size 79x112
            text run at (0,0) width 56: "this table"
            text run at (0,16) width 60: "should be"
            text run at (0,32) width 54: "about 32"
            text run at (0,48) width 69: "pixels wide"
            text run at (0,64) width 71: "(colspan=3"
            text run at (0,80) width 79: "width=3 with"
            text run at (0,96) width 24: "BR)"
        RenderTable {TABLE} at (0,112) size 32x20 [bgcolor=#FFA500] [border: (1px outset #808080)]
          RenderTableSection {TBODY} at (1,1) size 30x18
            RenderTableRow {TR} at (0,0) size 30x18
              RenderTableCell {TD} at (0,0) size 5x18 [border: (1px inset #808080)] [r=0 c=0 rs=1 cs=3]
                RenderBR {BR} at (1,1) size 0x16
              RenderTableCell {TD} at (5,0) size 5x18 [border: (1px inset #808080)] [r=0 c=3 rs=1 cs=3]
                RenderBR {BR} at (1,1) size 0x16
              RenderTableCell {TD} at (10,0) size 5x18 [border: (1px inset #808080)] [r=0 c=6 rs=1 cs=3]
                RenderBR {BR} at (1,1) size 0x16
              RenderTableCell {TD} at (15,0) size 5x18 [border: (1px inset #808080)] [r=0 c=9 rs=1 cs=3]
                RenderBR {BR} at (1,1) size 0x16
              RenderTableCell {TD} at (20,0) size 5x18 [border: (1px inset #808080)] [r=0 c=12 rs=1 cs=3]
                RenderBR {BR} at (1,1) size 0x16
              RenderTableCell {TD} at (25,0) size 5x18 [border: (1px inset #808080)] [r=0 c=15 rs=1 cs=3]
                RenderBR {BR} at (1,1) size 0x16
        RenderBlock (anonymous) at (0,132) size 80x16
          RenderBR {BR} at (0,0) size 0x16
      RenderBlock {P} at (0,3037) size 80x132
        RenderBlock (anonymous) at (0,0) size 80x96
          RenderText {#text} at (0,0) size 71x96
            text run at (0,0) width 56: "this table"
            text run at (0,16) width 60: "should be"
            text run at (0,32) width 54: "about 26"
            text run at (0,48) width 69: "pixels wide"
            text run at (0,64) width 71: "(colspan=4"
            text run at (0,80) width 53: "with BR)"
        RenderTable {TABLE} at (0,96) size 14x20 [bgcolor=#FFA500] [border: (1px outset #808080)]
          RenderTableSection {TBODY} at (1,1) size 12x18
            RenderTableRow {TR} at (0,0) size 12x18
              RenderTableCell {TD} at (0,0) size 2x18 [border: (1px inset #808080)] [r=0 c=0 rs=1 cs=4]
                RenderBR {BR} at (1,1) size 0x16
              RenderTableCell {TD} at (2,0) size 2x18 [border: (1px inset #808080)] [r=0 c=4 rs=1 cs=4]
                RenderBR {BR} at (1,1) size 0x16
              RenderTableCell {TD} at (4,0) size 2x18 [border: (1px inset #808080)] [r=0 c=8 rs=1 cs=4]
                RenderBR {BR} at (1,1) size 0x16
              RenderTableCell {TD} at (6,0) size 2x18 [border: (1px inset #808080)] [r=0 c=12 rs=1 cs=4]
                RenderBR {BR} at (1,1) size 0x16
              RenderTableCell {TD} at (8,0) size 2x18 [border: (1px inset #808080)] [r=0 c=16 rs=1 cs=4]
                RenderBR {BR} at (1,1) size 0x16
              RenderTableCell {TD} at (10,0) size 2x18 [border: (1px inset #808080)] [r=0 c=20 rs=1 cs=4]
                RenderBR {BR} at (1,1) size 0x16
        RenderBlock (anonymous) at (0,116) size 80x16
          RenderBR {BR} at (0,0) size 0x16
      RenderBlock {P} at (0,3183) size 80x132
        RenderBlock (anonymous) at (0,0) size 80x96
          RenderText {#text} at (0,0) size 71x96
            text run at (0,0) width 56: "this table"
            text run at (0,16) width 60: "should be"
            text run at (0,32) width 54: "about 32"
            text run at (0,48) width 69: "pixels wide"
            text run at (0,64) width 71: "(colspan=5"
            text run at (0,80) width 53: "with BR)"
        RenderTable {TABLE} at (0,96) size 14x20 [bgcolor=#FFA500] [border: (1px outset #808080)]
          RenderTableSection {TBODY} at (1,1) size 12x18
            RenderTableRow {TR} at (0,0) size 12x18
              RenderTableCell {TD} at (0,0) size 2x18 [border: (1px inset #808080)] [r=0 c=0 rs=1 cs=5]
                RenderBR {BR} at (1,1) size 0x16
              RenderTableCell {TD} at (2,0) size 2x18 [border: (1px inset #808080)] [r=0 c=5 rs=1 cs=5]
                RenderBR {BR} at (1,1) size 0x16
              RenderTableCell {TD} at (4,0) size 2x18 [border: (1px inset #808080)] [r=0 c=10 rs=1 cs=5]
                RenderBR {BR} at (1,1) size 0x16
              RenderTableCell {TD} at (6,0) size 2x18 [border: (1px inset #808080)] [r=0 c=15 rs=1 cs=5]
                RenderBR {BR} at (1,1) size 0x16
              RenderTableCell {TD} at (8,0) size 2x18 [border: (1px inset #808080)] [r=0 c=20 rs=1 cs=5]
                RenderBR {BR} at (1,1) size 0x16
              RenderTableCell {TD} at (10,0) size 2x18 [border: (1px inset #808080)] [r=0 c=25 rs=1 cs=5]
                RenderBR {BR} at (1,1) size 0x16
        RenderBlock (anonymous) at (0,116) size 80x16
          RenderBR {BR} at (0,0) size 0x16
      RenderBlock {P} at (0,3329) size 80x132
        RenderBlock (anonymous) at (0,0) size 80x96
          RenderText {#text} at (0,0) size 79x96
            text run at (0,0) width 56: "this table"
            text run at (0,16) width 60: "should be"
            text run at (0,32) width 54: "about 92"
            text run at (0,48) width 69: "pixels wide"
            text run at (0,64) width 79: "(colspan=15"
            text run at (0,80) width 53: "with BR)"
        RenderTable {TABLE} at (0,96) size 14x20 [bgcolor=#FFA500] [border: (1px outset #808080)]
          RenderTableSection {TBODY} at (1,1) size 12x18
            RenderTableRow {TR} at (0,0) size 12x18
              RenderTableCell {TD} at (0,0) size 2x18 [border: (1px inset #808080)] [r=0 c=0 rs=1 cs=15]
                RenderBR {BR} at (1,1) size 0x16
              RenderTableCell {TD} at (2,0) size 2x18 [border: (1px inset #808080)] [r=0 c=15 rs=1 cs=15]
                RenderBR {BR} at (1,1) size 0x16
              RenderTableCell {TD} at (4,0) size 2x18 [border: (1px inset #808080)] [r=0 c=30 rs=1 cs=15]
                RenderBR {BR} at (1,1) size 0x16
              RenderTableCell {TD} at (6,0) size 2x18 [border: (1px inset #808080)] [r=0 c=45 rs=1 cs=15]
                RenderBR {BR} at (1,1) size 0x16
              RenderTableCell {TD} at (8,0) size 2x18 [border: (1px inset #808080)] [r=0 c=60 rs=1 cs=15]
                RenderBR {BR} at (1,1) size 0x16
              RenderTableCell {TD} at (10,0) size 2x18 [border: (1px inset #808080)] [r=0 c=75 rs=1 cs=15]
                RenderBR {BR} at (1,1) size 0x16
        RenderBlock (anonymous) at (0,116) size 80x16
          RenderBR {BR} at (0,0) size 0x16
      RenderBlock {P} at (0,3475) size 80x148
        RenderBlock (anonymous) at (0,0) size 80x112
          RenderText {#text} at (0,0) size 74x112
            text run at (0,0) width 56: "this table"
            text run at (0,16) width 60: "should be"
            text run at (0,32) width 54: "about 92"
            text run at (0,48) width 69: "pixels wide"
            text run at (0,64) width 51: "(nested,"
            text run at (0,80) width 74: "colspan=15"
            text run at (0,96) width 53: "with BR)"
        RenderTable {TABLE} at (0,112) size 10x20 [border: (1px outset #808080)]
          RenderTableSection {TBODY} at (1,1) size 8x18
            RenderTableRow {TR} at (0,0) size 8x18
              RenderTableCell {TD} at (0,0) size 8x18 [border: (1px inset #808080)] [r=0 c=0 rs=1 cs=1]
                RenderTable {TABLE} at (1,1) size 6x16 [bgcolor=#FFA500]
                  RenderTableSection {TBODY} at (0,0) size 6x16
                    RenderTableRow {TR} at (0,0) size 6x16
                      RenderTableCell {TD} at (0,0) size 1x16 [r=0 c=0 rs=1 cs=15]
                        RenderBR {BR} at (0,0) size 0x16
                      RenderTableCell {TD} at (1,0) size 1x16 [r=0 c=15 rs=1 cs=15]
                        RenderBR {BR} at (0,0) size 0x16
                      RenderTableCell {TD} at (2,0) size 1x16 [r=0 c=30 rs=1 cs=15]
                        RenderBR {BR} at (0,0) size 0x16
                      RenderTableCell {TD} at (3,0) size 1x16 [r=0 c=45 rs=1 cs=15]
                        RenderBR {BR} at (0,0) size 0x16
                      RenderTableCell {TD} at (4,0) size 1x16 [r=0 c=60 rs=1 cs=15]
                        RenderBR {BR} at (0,0) size 0x16
                      RenderTableCell {TD} at (5,0) size 1x16 [r=0 c=75 rs=1 cs=15]
                        RenderBR {BR} at (0,0) size 0x16
        RenderBlock (anonymous) at (0,132) size 80x16
          RenderBR {BR} at (0,0) size 0x16
      RenderBlock {P} at (0,3637) size 80x132
        RenderBlock (anonymous) at (0,0) size 80x96
          RenderText {#text} at (0,0) size 79x96
            text run at (0,0) width 56: "this table"
            text run at (0,16) width 60: "should be"
            text run at (0,32) width 54: "about 92"
            text run at (0,48) width 69: "pixels wide"
            text run at (0,64) width 79: "(colspan=15"
            text run at (0,80) width 53: "with BR)"
        RenderTable {TABLE} at (0,96) size 14x20 [bgcolor=#FFA500] [border: (1px outset #808080)]
          RenderTableSection {TBODY} at (1,1) size 12x18
            RenderTableRow {TR} at (0,0) size 12x18
              RenderTableCell {TD} at (0,0) size 2x18 [border: (1px inset #808080)] [r=0 c=0 rs=1 cs=15]
                RenderBR {BR} at (1,1) size 0x16
              RenderTableCell {TD} at (2,0) size 2x18 [border: (1px inset #808080)] [r=0 c=15 rs=1 cs=15]
                RenderBR {BR} at (1,1) size 0x16
              RenderTableCell {TD} at (4,0) size 2x18 [border: (1px inset #808080)] [r=0 c=30 rs=1 cs=15]
                RenderBR {BR} at (1,1) size 0x16
              RenderTableCell {TD} at (6,0) size 2x18 [border: (1px inset #808080)] [r=0 c=45 rs=1 cs=15]
                RenderBR {BR} at (1,1) size 0x16
              RenderTableCell {TD} at (8,0) size 2x18 [border: (1px inset #808080)] [r=0 c=60 rs=1 cs=15]
                RenderBR {BR} at (1,1) size 0x16
              RenderTableCell {TD} at (10,0) size 2x18 [border: (1px inset #808080)] [r=0 c=75 rs=1 cs=15]
                RenderBR {BR} at (1,1) size 0x16
        RenderBlock (anonymous) at (0,116) size 80x16
          RenderBR {BR} at (0,0) size 0x16
      RenderBlock {P} at (0,3783) size 80x132
        RenderBlock (anonymous) at (0,0) size 80x96
          RenderText {#text} at (0,0) size 79x96
            text run at (0,0) width 56: "this table"
            text run at (0,16) width 60: "should be"
            text run at (0,32) width 54: "about 92"
            text run at (0,48) width 69: "pixels wide"
            text run at (0,64) width 79: "(colspan=15"
            text run at (0,80) width 41: "with x)"
        RenderTable {TABLE} at (0,96) size 56x20 [bgcolor=#FFA500] [border: (1px outset #808080)]
          RenderTableSection {TBODY} at (1,1) size 54x18
            RenderTableRow {TR} at (0,0) size 54x18
              RenderTableCell {TD} at (0,0) size 9x18 [border: (1px inset #808080)] [r=0 c=0 rs=1 cs=15]
                RenderText {#text} at (1,1) size 7x16
                  text run at (1,1) width 7: "x"
              RenderTableCell {TD} at (9,0) size 9x18 [border: (1px inset #808080)] [r=0 c=15 rs=1 cs=15]
                RenderText {#text} at (1,1) size 7x16
                  text run at (1,1) width 7: "x"
              RenderTableCell {TD} at (18,0) size 9x18 [border: (1px inset #808080)] [r=0 c=30 rs=1 cs=15]
                RenderText {#text} at (1,1) size 7x16
                  text run at (1,1) width 7: "x"
              RenderTableCell {TD} at (27,0) size 9x18 [border: (1px inset #808080)] [r=0 c=45 rs=1 cs=15]
                RenderText {#text} at (1,1) size 7x16
                  text run at (1,1) width 7: "x"
              RenderTableCell {TD} at (36,0) size 9x18 [border: (1px inset #808080)] [r=0 c=60 rs=1 cs=15]
                RenderText {#text} at (1,1) size 7x16
                  text run at (1,1) width 7: "x"
              RenderTableCell {TD} at (45,0) size 9x18 [border: (1px inset #808080)] [r=0 c=75 rs=1 cs=15]
                RenderText {#text} at (1,1) size 7x16
                  text run at (1,1) width 7: "x"
        RenderBlock (anonymous) at (0,116) size 80x16
          RenderBR {BR} at (0,0) size 0x16
      RenderBlock {P} at (0,3929) size 80x100
        RenderBlock (anonymous) at (0,0) size 80x80
          RenderText {#text} at (0,0) size 69x80
            text run at (0,0) width 56: "this table"
            text run at (0,16) width 60: "should be"
            text run at (0,32) width 54: "about 20"
            text run at (0,48) width 69: "pixels wide"
            text run at (0,64) width 60: "(width=0)"
        RenderTable {TABLE} at (0,80) size 14x4 [bgcolor=#FFA500] [border: (1px outset #808080)]
          RenderTableSection {TBODY} at (1,1) size 12x2
            RenderTableRow {TR} at (0,0) size 12x2
              RenderTableCell {TD} at (0,0) size 2x2 [border: (1px inset #808080)] [r=0 c=0 rs=1 cs=1]
              RenderTableCell {TD} at (2,0) size 2x2 [border: (1px inset #808080)] [r=0 c=1 rs=1 cs=1]
              RenderTableCell {TD} at (4,0) size 2x2 [border: (1px inset #808080)] [r=0 c=2 rs=1 cs=1]
              RenderTableCell {TD} at (6,0) size 2x2 [border: (1px inset #808080)] [r=0 c=3 rs=1 cs=1]
              RenderTableCell {TD} at (8,0) size 2x2 [border: (1px inset #808080)] [r=0 c=4 rs=1 cs=1]
              RenderTableCell {TD} at (10,0) size 2x2 [border: (1px inset #808080)] [r=0 c=5 rs=1 cs=1]
        RenderBlock (anonymous) at (0,84) size 80x16
          RenderBR {BR} at (0,0) size 0x16
      RenderBlock {P} at (0,4043) size 80x100
        RenderBlock (anonymous) at (0,0) size 80x80
          RenderText {#text} at (0,0) size 69x80
            text run at (0,0) width 56: "this table"
            text run at (0,16) width 60: "should be"
            text run at (0,32) width 54: "about 20"
            text run at (0,48) width 69: "pixels wide"
            text run at (0,64) width 60: "(width=1)"
        RenderTable {TABLE} at (0,80) size 20x4 [bgcolor=#FFA500] [border: (1px outset #808080)]
          RenderTableSection {TBODY} at (1,1) size 18x2
            RenderTableRow {TR} at (0,0) size 18x2
              RenderTableCell {TD} at (0,0) size 3x2 [border: (1px inset #808080)] [r=0 c=0 rs=1 cs=1]
              RenderTableCell {TD} at (3,0) size 3x2 [border: (1px inset #808080)] [r=0 c=1 rs=1 cs=1]
              RenderTableCell {TD} at (6,0) size 3x2 [border: (1px inset #808080)] [r=0 c=2 rs=1 cs=1]
              RenderTableCell {TD} at (9,0) size 3x2 [border: (1px inset #808080)] [r=0 c=3 rs=1 cs=1]
              RenderTableCell {TD} at (12,0) size 3x2 [border: (1px inset #808080)] [r=0 c=4 rs=1 cs=1]
              RenderTableCell {TD} at (15,0) size 3x2 [border: (1px inset #808080)] [r=0 c=5 rs=1 cs=1]
        RenderBlock (anonymous) at (0,84) size 80x16
          RenderBR {BR} at (0,0) size 0x16
      RenderBlock {P} at (0,4157) size 80x100
        RenderBlock (anonymous) at (0,0) size 80x80
          RenderText {#text} at (0,0) size 69x80
            text run at (0,0) width 56: "this table"
            text run at (0,16) width 60: "should be"
            text run at (0,32) width 54: "about 26"
            text run at (0,48) width 69: "pixels wide"
            text run at (0,64) width 60: "(width=2)"
        RenderTable {TABLE} at (0,80) size 26x4 [bgcolor=#FFA500] [border: (1px outset #808080)]
          RenderTableSection {TBODY} at (1,1) size 24x2
            RenderTableRow {TR} at (0,0) size 24x2
              RenderTableCell {TD} at (0,0) size 4x2 [border: (1px inset #808080)] [r=0 c=0 rs=1 cs=1]
              RenderTableCell {TD} at (4,0) size 4x2 [border: (1px inset #808080)] [r=0 c=1 rs=1 cs=1]
              RenderTableCell {TD} at (8,0) size 4x2 [border: (1px inset #808080)] [r=0 c=2 rs=1 cs=1]
              RenderTableCell {TD} at (12,0) size 4x2 [border: (1px inset #808080)] [r=0 c=3 rs=1 cs=1]
              RenderTableCell {TD} at (16,0) size 4x2 [border: (1px inset #808080)] [r=0 c=4 rs=1 cs=1]
              RenderTableCell {TD} at (20,0) size 4x2 [border: (1px inset #808080)] [r=0 c=5 rs=1 cs=1]
        RenderBlock (anonymous) at (0,84) size 80x16
          RenderBR {BR} at (0,0) size 0x16
      RenderBlock {P} at (0,4271) size 80x100
        RenderBlock (anonymous) at (0,0) size 80x80
          RenderText {#text} at (0,0) size 69x80
            text run at (0,0) width 56: "this table"
            text run at (0,16) width 60: "should be"
            text run at (0,32) width 54: "about 32"
            text run at (0,48) width 69: "pixels wide"
            text run at (0,64) width 60: "(width=3)"
        RenderTable {TABLE} at (0,80) size 32x4 [bgcolor=#FFA500] [border: (1px outset #808080)]
          RenderTableSection {TBODY} at (1,1) size 30x2
            RenderTableRow {TR} at (0,0) size 30x2
              RenderTableCell {TD} at (0,0) size 5x2 [border: (1px inset #808080)] [r=0 c=0 rs=1 cs=1]
              RenderTableCell {TD} at (5,0) size 5x2 [border: (1px inset #808080)] [r=0 c=1 rs=1 cs=1]
              RenderTableCell {TD} at (10,0) size 5x2 [border: (1px inset #808080)] [r=0 c=2 rs=1 cs=1]
              RenderTableCell {TD} at (15,0) size 5x2 [border: (1px inset #808080)] [r=0 c=3 rs=1 cs=1]
              RenderTableCell {TD} at (20,0) size 5x2 [border: (1px inset #808080)] [r=0 c=4 rs=1 cs=1]
              RenderTableCell {TD} at (25,0) size 5x2 [border: (1px inset #808080)] [r=0 c=5 rs=1 cs=1]
        RenderBlock (anonymous) at (0,84) size 80x16
          RenderBR {BR} at (0,0) size 0x16
      RenderBlock {P} at (0,4385) size 80x100
        RenderBlock (anonymous) at (0,0) size 80x80
          RenderText {#text} at (0,0) size 69x80
            text run at (0,0) width 56: "this table"
            text run at (0,16) width 60: "should be"
            text run at (0,32) width 54: "about 38"
            text run at (0,48) width 69: "pixels wide"
            text run at (0,64) width 60: "(width=4)"
        RenderTable {TABLE} at (0,80) size 38x4 [bgcolor=#FFA500] [border: (1px outset #808080)]
          RenderTableSection {TBODY} at (1,1) size 36x2
            RenderTableRow {TR} at (0,0) size 36x2
              RenderTableCell {TD} at (0,0) size 6x2 [border: (1px inset #808080)] [r=0 c=0 rs=1 cs=1]
              RenderTableCell {TD} at (6,0) size 6x2 [border: (1px inset #808080)] [r=0 c=1 rs=1 cs=1]
              RenderTableCell {TD} at (12,0) size 6x2 [border: (1px inset #808080)] [r=0 c=2 rs=1 cs=1]
              RenderTableCell {TD} at (18,0) size 6x2 [border: (1px inset #808080)] [r=0 c=3 rs=1 cs=1]
              RenderTableCell {TD} at (24,0) size 6x2 [border: (1px inset #808080)] [r=0 c=4 rs=1 cs=1]
              RenderTableCell {TD} at (30,0) size 6x2 [border: (1px inset #808080)] [r=0 c=5 rs=1 cs=1]
        RenderBlock (anonymous) at (0,84) size 80x16
          RenderBR {BR} at (0,0) size 0x16
      RenderBlock {P} at (0,4499) size 80x100
        RenderBlock (anonymous) at (0,0) size 80x80
          RenderText {#text} at (0,0) size 69x80
            text run at (0,0) width 56: "this table"
            text run at (0,16) width 60: "should be"
            text run at (0,32) width 52: "about xx"
            text run at (0,48) width 69: "pixels wide"
            text run at (0,64) width 60: "(width=7)"
        RenderTable {TABLE} at (0,80) size 56x4 [bgcolor=#FFA500] [border: (1px outset #808080)]
          RenderTableSection {TBODY} at (1,1) size 54x2
            RenderTableRow {TR} at (0,0) size 54x2
              RenderTableCell {TD} at (0,0) size 9x2 [border: (1px inset #808080)] [r=0 c=0 rs=1 cs=1]
              RenderTableCell {TD} at (9,0) size 9x2 [border: (1px inset #808080)] [r=0 c=1 rs=1 cs=1]
              RenderTableCell {TD} at (18,0) size 9x2 [border: (1px inset #808080)] [r=0 c=2 rs=1 cs=1]
              RenderTableCell {TD} at (27,0) size 9x2 [border: (1px inset #808080)] [r=0 c=3 rs=1 cs=1]
              RenderTableCell {TD} at (36,0) size 9x2 [border: (1px inset #808080)] [r=0 c=4 rs=1 cs=1]
              RenderTableCell {TD} at (45,0) size 9x2 [border: (1px inset #808080)] [r=0 c=5 rs=1 cs=1]
        RenderBlock (anonymous) at (0,84) size 80x16
          RenderBR {BR} at (0,0) size 0x16
      RenderBlock {P} at (0,4613) size 80x116
        RenderBlock (anonymous) at (0,0) size 80x80
          RenderText {#text} at (0,0) size 71x80
            text run at (0,0) width 56: "this table"
            text run at (0,16) width 60: "should be"
            text run at (0,32) width 54: "about 38"
            text run at (0,48) width 69: "pixels wide"
            text run at (0,64) width 71: "(width=4 x)"
        RenderTable {TABLE} at (0,80) size 56x20 [bgcolor=#FFA500] [border: (1px outset #808080)]
          RenderTableSection {TBODY} at (1,1) size 54x18
            RenderTableRow {TR} at (0,0) size 54x18
              RenderTableCell {TD} at (0,0) size 9x18 [border: (1px inset #808080)] [r=0 c=0 rs=1 cs=1]
                RenderText {#text} at (1,1) size 7x16
                  text run at (1,1) width 7: "x"
              RenderTableCell {TD} at (9,0) size 9x18 [border: (1px inset #808080)] [r=0 c=1 rs=1 cs=1]
                RenderText {#text} at (1,1) size 7x16
                  text run at (1,1) width 7: "x"
              RenderTableCell {TD} at (18,0) size 9x18 [border: (1px inset #808080)] [r=0 c=2 rs=1 cs=1]
                RenderText {#text} at (1,1) size 7x16
                  text run at (1,1) width 7: "x"
              RenderTableCell {TD} at (27,0) size 9x18 [border: (1px inset #808080)] [r=0 c=3 rs=1 cs=1]
                RenderText {#text} at (1,1) size 7x16
                  text run at (1,1) width 7: "x"
              RenderTableCell {TD} at (36,0) size 9x18 [border: (1px inset #808080)] [r=0 c=4 rs=1 cs=1]
                RenderText {#text} at (1,1) size 7x16
                  text run at (1,1) width 7: "x"
              RenderTableCell {TD} at (45,0) size 9x18 [border: (1px inset #808080)] [r=0 c=5 rs=1 cs=1]
                RenderText {#text} at (1,1) size 7x16
                  text run at (1,1) width 7: "x"
        RenderBlock (anonymous) at (0,100) size 80x16
          RenderBR {BR} at (0,0) size 0x16
      RenderBlock {P} at (0,4743) size 80x132
        RenderBlock (anonymous) at (0,0) size 80x96
          RenderText {#text} at (0,0) size 79x96
            text run at (0,0) width 56: "this table"
            text run at (0,16) width 60: "should be"
            text run at (0,32) width 52: "about xx"
            text run at (0,48) width 69: "pixels wide"
            text run at (0,64) width 79: "(colspan=15"
            text run at (0,80) width 54: "with dot)"
        RenderTable {TABLE} at (0,96) size 62x20 [bgcolor=#FFA500] [border: (1px outset #808080)]
          RenderTableSection {TBODY} at (1,1) size 60x18
            RenderTableRow {TR} at (0,0) size 60x18
              RenderTableCell {TD} at (0,0) size 5x18 [border: (1px inset #808080)] [r=0 c=0 rs=1 cs=15]
                RenderText {#text} at (1,1) size 3x16
                  text run at (1,1) width 3: "."
              RenderTableCell {TD} at (5,0) size 5x18 [border: (1px inset #808080)] [r=0 c=15 rs=1 cs=15]
                RenderText {#text} at (1,1) size 3x16
                  text run at (1,1) width 3: "."
              RenderTableCell {TD} at (10,0) size 5x18 [border: (1px inset #808080)] [r=0 c=30 rs=1 cs=15]
                RenderText {#text} at (1,1) size 3x16
                  text run at (1,1) width 3: "."
              RenderTableCell {TD} at (15,0) size 5x18 [border: (1px inset #808080)] [r=0 c=45 rs=1 cs=15]
                RenderText {#text} at (1,1) size 3x16
                  text run at (1,1) width 3: "."
              RenderTableCell {TD} at (20,0) size 5x18 [border: (1px inset #808080)] [r=0 c=60 rs=1 cs=15]
                RenderText {#text} at (1,1) size 3x16
                  text run at (1,1) width 3: "."
              RenderTableCell {TD} at (25,0) size 5x18 [border: (1px inset #808080)] [r=0 c=75 rs=1 cs=15]
                RenderText {#text} at (1,1) size 3x16
                  text run at (1,1) width 3: "."
              RenderTableCell {TD} at (30,0) size 5x18 [border: (1px inset #808080)] [r=0 c=90 rs=1 cs=15]
                RenderText {#text} at (1,1) size 3x16
                  text run at (1,1) width 3: "."
              RenderTableCell {TD} at (35,0) size 5x18 [border: (1px inset #808080)] [r=0 c=105 rs=1 cs=15]
                RenderText {#text} at (1,1) size 3x16
                  text run at (1,1) width 3: "."
              RenderTableCell {TD} at (40,0) size 5x18 [border: (1px inset #808080)] [r=0 c=120 rs=1 cs=15]
                RenderText {#text} at (1,1) size 3x16
                  text run at (1,1) width 3: "."
              RenderTableCell {TD} at (45,0) size 5x18 [border: (1px inset #808080)] [r=0 c=135 rs=1 cs=15]
                RenderText {#text} at (1,1) size 3x16
                  text run at (1,1) width 3: "."
              RenderTableCell {TD} at (50,0) size 5x18 [border: (1px inset #808080)] [r=0 c=150 rs=1 cs=15]
                RenderText {#text} at (1,1) size 3x16
                  text run at (1,1) width 3: "."
              RenderTableCell {TD} at (55,0) size 5x18 [border: (1px inset #808080)] [r=0 c=165 rs=1 cs=15]
                RenderText {#text} at (1,1) size 3x16
                  text run at (1,1) width 3: "."
        RenderBlock (anonymous) at (0,116) size 80x16
          RenderBR {BR} at (0,0) size 0x16
      RenderBlock {P} at (0,4889) size 80x116
        RenderBlock (anonymous) at (0,0) size 80x96
          RenderText {#text} at (0,0) size 79x96
            text run at (0,0) width 56: "this table"
            text run at (0,16) width 60: "should be"
            text run at (0,32) width 52: "about xx"
            text run at (0,48) width 69: "pixels wide"
            text run at (0,64) width 79: "(colspan=15"
            text run at (0,80) width 43: "empty)"
        RenderTable {TABLE} at (0,96) size 26x4 [bgcolor=#FFA500] [border: (1px outset #808080)]
          RenderTableSection {TBODY} at (1,1) size 24x2
            RenderTableRow {TR} at (0,0) size 24x2
              RenderTableCell {TD} at (0,0) size 2x2 [border: (1px inset #808080)] [r=0 c=0 rs=1 cs=15]
              RenderTableCell {TD} at (2,0) size 2x2 [border: (1px inset #808080)] [r=0 c=15 rs=1 cs=15]
              RenderTableCell {TD} at (4,0) size 2x2 [border: (1px inset #808080)] [r=0 c=30 rs=1 cs=15]
              RenderTableCell {TD} at (6,0) size 2x2 [border: (1px inset #808080)] [r=0 c=45 rs=1 cs=15]
              RenderTableCell {TD} at (8,0) size 2x2 [border: (1px inset #808080)] [r=0 c=60 rs=1 cs=15]
              RenderTableCell {TD} at (10,0) size 2x2 [border: (1px inset #808080)] [r=0 c=75 rs=1 cs=15]
              RenderTableCell {TD} at (12,0) size 2x2 [border: (1px inset #808080)] [r=0 c=90 rs=1 cs=15]
              RenderTableCell {TD} at (14,0) size 2x2 [border: (1px inset #808080)] [r=0 c=105 rs=1 cs=15]
              RenderTableCell {TD} at (16,0) size 2x2 [border: (1px inset #808080)] [r=0 c=120 rs=1 cs=15]
              RenderTableCell {TD} at (18,0) size 2x2 [border: (1px inset #808080)] [r=0 c=135 rs=1 cs=15]
              RenderTableCell {TD} at (20,0) size 2x2 [border: (1px inset #808080)] [r=0 c=150 rs=1 cs=15]
              RenderTableCell {TD} at (22,0) size 2x2 [border: (1px inset #808080)] [r=0 c=165 rs=1 cs=15]
        RenderBlock (anonymous) at (0,100) size 80x16
          RenderBR {BR} at (0,0) size 0x16
      RenderBlock {P} at (0,5019) size 80x152
        RenderBlock (anonymous) at (0,0) size 80x112
          RenderText {#text} at (0,0) size 79x112
            text run at (0,0) width 56: "this table"
            text run at (0,16) width 60: "should be"
            text run at (0,32) width 52: "about xx"
            text run at (0,48) width 69: "pixels wide"
            text run at (0,64) width 79: "(colspan=15"
            text run at (0,80) width 50: "width=1"
            text run at (0,96) width 43: "empty)"
        RenderTable {TABLE} at (0,112) size 38x4 [bgcolor=#FFA500] [border: (1px outset #808080)]
          RenderTableSection {TBODY} at (1,1) size 36x2
            RenderTableRow {TR} at (0,0) size 36x2
              RenderTableCell {TD} at (0,0) size 3x2 [border: (1px inset #808080)] [r=0 c=0 rs=1 cs=15]
              RenderTableCell {TD} at (3,0) size 3x2 [border: (1px inset #808080)] [r=0 c=15 rs=1 cs=15]
              RenderTableCell {TD} at (6,0) size 3x2 [border: (1px inset #808080)] [r=0 c=30 rs=1 cs=15]
              RenderTableCell {TD} at (9,0) size 3x2 [border: (1px inset #808080)] [r=0 c=45 rs=1 cs=15]
              RenderTableCell {TD} at (12,0) size 3x2 [border: (1px inset #808080)] [r=0 c=60 rs=1 cs=15]
              RenderTableCell {TD} at (15,0) size 3x2 [border: (1px inset #808080)] [r=0 c=75 rs=1 cs=15]
              RenderTableCell {TD} at (18,0) size 3x2 [border: (1px inset #808080)] [r=0 c=90 rs=1 cs=15]
              RenderTableCell {TD} at (21,0) size 3x2 [border: (1px inset #808080)] [r=0 c=105 rs=1 cs=15]
              RenderTableCell {TD} at (24,0) size 3x2 [border: (1px inset #808080)] [r=0 c=120 rs=1 cs=15]
              RenderTableCell {TD} at (27,0) size 3x2 [border: (1px inset #808080)] [r=0 c=135 rs=1 cs=15]
              RenderTableCell {TD} at (30,0) size 3x2 [border: (1px inset #808080)] [r=0 c=150 rs=1 cs=15]
              RenderTableCell {TD} at (33,0) size 3x2 [border: (1px inset #808080)] [r=0 c=165 rs=1 cs=15]
        RenderBlock (anonymous) at (0,116) size 80x16
          RenderBR {BR} at (0,0) size 0x16
        RenderTable {TABLE} at (0,132) size 6x20 [border: (1px outset #808080)]
          RenderTableSection {TBODY} at (1,1) size 4x18
            RenderTableRow {TR} at (0,0) size 4x18
              RenderTableCell {TD} at (0,0) size 2x18 [bgcolor=#000000] [border: (1px inset #808080)] [r=0 c=0 rs=1 cs=15]
                RenderBR {BR} at (1,1) size 0x16
              RenderTableCell {TD} at (2,0) size 2x18 [bgcolor=#000000] [border: (1px inset #808080)] [r=0 c=15 rs=1 cs=15]
                RenderBR {BR} at (1,1) size 0x16
