layer at (0,0) size 800x600
  RenderView at (0,0) size 800x600
layer at (0,0) size 800x600
  RenderBlock {HTML} at (0,0) size 800x600
    RenderBody {BODY} at (8,8) size 784x584
      RenderMenuList {SELECT} at (2,2) size 58x25 [bgcolor=#FFFFFF] [border: (1px solid #000000)]
        RenderBlock (anonymous) at (1,1) size 56x23
          RenderText at (2,2) size 35x19
            text run at (2,2) width 35: "Hello"
      RenderText {#text} at (62,5) size 4x19
        text run at (62,5) width 4: " "
      RenderMenuList {SELECT} at (68,2) size 87x25 [bgcolor=#FFFFFF] [border: (1px solid #000000)]
        RenderBlock (anonymous) at (1,1) size 85x23
          RenderText at (2,2) size 64x19
            text run at (2,2) width 64: "Goodbye"
      RenderText {#text} at (0,0) size 0x0
