layer at (0,0) size 800x600
  RenderView at (0,0) size 800x600
layer at (0,0) size 800x600
  RenderBlock {HTML} at (0,0) size 800x600
    RenderBody {BODY} at (8,8) size 470x582
      RenderBlock (anonymous) at (0,0) size 470x304
        RenderText {#text} at (0,0) size 310x19
          text run at (0,0) width 310: "This tests basic inputs. Here's what you should see: "
        RenderBR {BR} at (310,15) size 0x0
        RenderBR {BR} at (0,19) size 0x19
        RenderText {#text} at (0,38) size 458x57
          text run at (0,38) width 400: "first line: the letter \"a\" and then a text input field filled with repeating"
          text run at (0,57) width 79: "\"foobarbaz\", "
          text run at (79,57) width 379: "then the word \"text\" followed by a disabled text input field filled"
          text run at (0,76) width 272: "with \"foo\" and then the letter \"b\" and then \"a\" "
        RenderBR {BR} at (272,91) size 0x0
        RenderBR {BR} at (0,95) size 0x19
        RenderText {#text} at (0,114) size 459x57
          text run at (0,114) width 441: "second line: and then a password input field that's filled and then the word"
          text run at (0,133) width 459: "\"password\" and then a disabled password field that's filled and then the letter"
          text run at (0,152) width 22: "\"b\" "
        RenderBR {BR} at (22,167) size 0x0
        RenderBR {BR} at (0,171) size 0x19
        RenderText {#text} at (0,190) size 426x38
          text run at (0,190) width 426: "third line: the letter \"a\" and then a checkbox (unchecked) with the word"
          text run at (0,209) width 338: "\"checkbox\" and then a disabled checkbox and letter \"b\" "
        RenderBR {BR} at (338,224) size 0x0
        RenderBR {BR} at (0,228) size 0x19
        RenderText {#text} at (0,247) size 459x38
          text run at (0,247) width 453: "fourth line: the last line has the letter \"a\" and then a redio button (unselected)"
          text run at (0,266) width 459: "and then the word \"radio\" and then a disabled radio button and the letter \"b\" "
        RenderBR {BR} at (459,281) size 0x0
        RenderBR {BR} at (0,285) size 0x19
      RenderBlock {DIV} at (10,314) size 450x89 [border: (1px solid #FF0000)]
        RenderText {#text} at (1,6) size 7x19
          text run at (1,6) width 7: "a"
        RenderTextControl {INPUT} at (10,3) size 194x25 [bgcolor=#FFFFFF]
        RenderText {#text} at (206,6) size 26x19
          text run at (206,6) width 26: "text "
        RenderTextControl {INPUT} at (234,3) size 194x25 [bgcolor=#FFFFFF]
        RenderText {#text} at (430,6) size 19x19
          text run at (430,6) width 12: "b "
          text run at (442,6) width 7: "a"
        RenderTextControl {INPUT} at (3,32) size 194x25 [bgcolor=#FFFFFF]
        RenderText {#text} at (199,35) size 59x19
          text run at (199,35) width 59: "password"
        RenderTextControl {INPUT} at (3,61) size 194x25 [bgcolor=#FFFFFF]
        RenderText {#text} at (199,64) size 8x19
          text run at (199,64) width 8: "b"
      RenderBlock {DIV} at (10,413) size 450x23 [border: (1px solid #FF0000)]
        RenderText {#text} at (1,2) size 7x19
          text run at (1,2) width 7: "a"
        RenderBlock {INPUT} at (12,4) size 15x15
        RenderText {#text} at (31,2) size 63x19
          text run at (31,2) width 63: "checkbox "
        RenderBlock {INPUT} at (98,4) size 15x15
        RenderText {#text} at (117,2) size 8x19
          text run at (117,2) width 8: "b"
      RenderBlock {DIV} at (10,446) size 450x23 [border: (1px solid #FF0000)]
        RenderText {#text} at (1,2) size 7x19
          text run at (1,2) width 7: "a"
        RenderBlock {INPUT} at (12,4) size 15x15
        RenderText {#text} at (31,2) size 35x19
          text run at (31,2) width 35: "radio "
        RenderBlock {INPUT} at (70,4) size 15x15
        RenderText {#text} at (89,2) size 8x19
          text run at (89,2) width 8: "b"
layer at (31,328) size 188x19 scrollWidth 212
  RenderBlock {DIV} at (3,3) size 188x19
    RenderText {#text} at (1,0) size 210x19
      text run at (1,0) width 210: "foobarbazfoobarbazfoobarbaz"
layer at (255,328) size 188x19
  RenderBlock {DIV} at (3,3) size 188x19 [color=#545454]
    RenderText {#text} at (1,0) size 22x19
      text run at (1,0) width 22: "foo"
layer at (24,357) size 188x19
  RenderBlock {DIV} at (3,3) size 188x19
    RenderText {#text} at (1,0) size 18x19
      text run at (1,0) width 18: "\x{2022}\x{2022}\x{2022}"
layer at (24,386) size 188x19
  RenderBlock {DIV} at (3,3) size 188x19 [color=#545454]
    RenderText {#text} at (1,0) size 18x19
      text run at (1,0) width 18: "\x{2022}\x{2022}\x{2022}"
