layer at (0,0) size 781x2031
  RenderView at (0,0) size 781x600
layer at (0,0) size 781x2031
  RenderBlock {HTML} at (0,0) size 781x2031
    RenderBody {BODY} at (0,0) size 781x2031
      RenderPartObject {IFRAME} at (0,0) size 781x1033
        layer at (0,0) size 781x1033
          RenderView at (0,0) size 781x1033
        layer at (0,0) size 781x1033
          RenderBlock {HTML} at (0,0) size 781x1033
            RenderBody {BODY} at (0,5) size 781x1028
              RenderBlock {DIV} at (0,0) size 781x19
                RenderText {#text} at (0,0) size 196x19
                  text run at (0,0) width 196: "CompatMode: CSS1Compat"
              RenderBlock (anonymous) at (0,24) size 781x1004
                RenderBlock {DIV} at (0,30) size 210x69 [border: (1px solid #0000FF)]
                  RenderBlock {SPAN} at (1,12) size 80x0
                  RenderBR {BR} at (81,1) size 0x14
                RenderBlock {DIV} at (210,30) size 210x69 [border: (1px solid #0000FF)]
                  RenderBlock {SPAN} at (1,1) size 80x14
                    RenderText {#text} at (0,0) size 76x14
                      text run at (0,0) width 76: "disabled: \"true\","
                  RenderBR {BR} at (81,1) size 0x14
                RenderBlock {DIV} at (420,0) size 226x99 [border: (1px solid #0000FF)]
                  RenderBlock {SPAN} at (1,1) size 80x28
                    RenderText {#text} at (0,0) size 78x28
                      text run at (0,0) width 25: "style:"
                      text run at (0,14) width 78: "\"padding:10px\","
                  RenderBR {BR} at (81,15) size 0x14
                RenderBlock {DIV} at (0,119) size 206x79 [border: (1px solid #0000FF)]
                  RenderBlock {SPAN} at (1,1) size 80x28
                    RenderText {#text} at (0,0) size 72x28
                      text run at (0,0) width 25: "style:"
                      text run at (0,14) width 72: "\"padding:0px\","
                  RenderBR {BR} at (81,15) size 0x14
                RenderBlock {DIV} at (206,99) size 226x99 [border: (1px solid #0000FF)]
                  RenderBlock {SPAN} at (1,1) size 80x28
                    RenderText {#text} at (0,0) size 73x28
                      text run at (0,0) width 25: "style:"
                      text run at (0,14) width 73: "\"margin:10px\","
                  RenderBR {BR} at (81,15) size 0x14
                RenderBlock {DIV} at (432,119) size 206x79 [border: (1px solid #0000FF)]
                  RenderBlock {SPAN} at (1,1) size 80x28
                    RenderText {#text} at (0,0) size 67x28
                      text run at (0,0) width 25: "style:"
                      text run at (0,14) width 67: "\"margin:0px\","
                  RenderBR {BR} at (81,15) size 0x14
                RenderBlock {DIV} at (638,115) size 82x83 [border: (1px solid #0000FF)]
                  RenderBlock {SPAN} at (1,1) size 80x28
                    RenderText {#text} at (0,0) size 67x28
                      text run at (0,0) width 25: "style:"
                      text run at (0,14) width 67: "\"width:60px\","
                  RenderBR {BR} at (81,15) size 0x14
                RenderBlock {DIV} at (0,198) size 106x133 [border: (1px solid #0000FF)]
                  RenderBlock {SPAN} at (1,1) size 80x42
                    RenderText {#text} at (0,0) size 73x42
                      text run at (0,0) width 25: "style:"
                      text run at (0,14) width 62: "\"width:60px;"
                      text run at (0,28) width 73: "padding:20px\","
                  RenderBR {BR} at (81,29) size 0x14
                RenderBlock {DIV} at (106,238) size 82x93 [border: (1px solid #0000FF)]
                  RenderBlock {SPAN} at (1,1) size 80x42
                    RenderText {#text} at (0,0) size 62x42
                      text run at (0,0) width 25: "style:"
                      text run at (0,14) width 62: "\"width:60px;"
                      text run at (0,28) width 55: "padding:0\","
                  RenderBR {BR} at (81,29) size 0x14
                RenderBlock {DIV} at (188,230) size 210x101 [border: (1px solid #0000FF)]
                  RenderBlock {SPAN} at (1,1) size 80x28
                    RenderText {#text} at (0,0) size 69x28
                      text run at (0,0) width 25: "style:"
                      text run at (0,14) width 69: "\"height:60px\","
                  RenderBR {BR} at (81,15) size 0x14
                RenderBlock {DIV} at (398,216) size 82x115 [border: (1px solid #0000FF)]
                  RenderBlock {SPAN} at (1,1) size 80x42
                    RenderText {#text} at (0,0) size 64x42
                      text run at (0,0) width 25: "style:"
                      text run at (0,14) width 62: "\"width:60px;"
                      text run at (0,28) width 64: "height:60px\","
                  RenderBR {BR} at (81,29) size 0x14
                RenderBlock {DIV} at (480,248) size 210x83 [border: (1px solid #0000FF)]
                  RenderBlock {SPAN} at (1,1) size 80x28
                    RenderText {#text} at (0,0) size 91x28
                      text run at (0,0) width 25: "style:"
                      text run at (0,14) width 91: "\"overflow:hidden\","
                  RenderBR {BR} at (81,15) size 0x14
                RenderBlock {DIV} at (0,361) size 210x99 [border: (1px solid #0000FF)]
                  RenderBlock {SPAN} at (1,1) size 80x28
                    RenderText {#text} at (0,0) size 85x28
                      text run at (0,0) width 25: "style:"
                      text run at (0,14) width 85: "\"overflow:scroll\","
                  RenderBR {BR} at (81,15) size 0x14
                RenderBlock {DIV} at (210,331) size 82x129 [border: (1px solid #0000FF)]
                  RenderBlock {SPAN} at (1,1) size 80x56
                    RenderText {#text} at (0,0) size 86x56
                      text run at (0,0) width 25: "style:"
                      text run at (0,14) width 86: "\"overflow:hidden;"
                      text run at (0,28) width 57: "width:60px;"
                      text run at (0,42) width 64: "height:60px\","
                  RenderBR {BR} at (81,43) size 0x14
                RenderBlock {DIV} at (292,331) size 82x129 [border: (1px solid #0000FF)]
                  RenderBlock {SPAN} at (1,1) size 80x56
                    RenderText {#text} at (0,0) size 80x56
                      text run at (0,0) width 25: "style:"
                      text run at (0,14) width 80: "\"overflow:scroll;"
                      text run at (0,28) width 57: "width:60px;"
                      text run at (0,42) width 64: "height:60px\","
                  RenderBR {BR} at (81,43) size 0x14
                RenderBlock {DIV} at (374,345) size 82x115 [border: (1px solid #0000FF)]
                  RenderBlock {SPAN} at (1,1) size 80x42
                    RenderText {#text} at (0,0) size 72x42
                      text run at (0,0) width 72: "cols: \"5\", style:"
                      text run at (0,14) width 62: "\"width:60px;"
                      text run at (0,28) width 64: "height:60px\","
                  RenderBR {BR} at (81,29) size 0x14
                RenderBlock {DIV} at (456,345) size 82x115 [border: (1px solid #0000FF)]
                  RenderBlock {SPAN} at (1,1) size 80x42
                    RenderText {#text} at (0,0) size 77x42
                      text run at (0,0) width 77: "rows: \"4\", style:"
                      text run at (0,14) width 62: "\"width:60px;"
                      text run at (0,28) width 64: "height:60px\","
                  RenderBR {BR} at (81,29) size 0x14
                RenderBlock {DIV} at (538,331) size 82x129 [border: (1px solid #0000FF)]
                  RenderBlock {SPAN} at (1,1) size 80x56
                    RenderText {#text} at (0,0) size 74x56
                      text run at (0,0) width 74: "cols: \"5\", rows:"
                      text run at (0,14) width 47: "\"4\", style:"
                      text run at (0,28) width 62: "\"width:60px;"
                      text run at (0,42) width 64: "height:60px\","
                  RenderBR {BR} at (81,43) size 0x14
                RenderBlock {DIV} at (620,391) size 82x69 [border: (1px solid #0000FF)]
                  RenderBlock {SPAN} at (1,1) size 80x14
                    RenderText {#text} at (0,0) size 44x14
                      text run at (0,0) width 44: "cols: \"3\","
                  RenderBR {BR} at (81,1) size 0x14
                RenderBlock {DIV} at (0,536) size 210x88 [border: (1px solid #0000FF)]
                  RenderBlock {SPAN} at (1,1) size 80x14
                    RenderText {#text} at (0,0) size 49x14
                      text run at (0,0) width 49: "rows: \"3\","
                  RenderBR {BR} at (81,1) size 0x14
                RenderBlock {DIV} at (210,555) size 93x69 [border: (1px solid #0000FF)]
                  RenderBlock {SPAN} at (1,1) size 80x14
                    RenderText {#text} at (0,0) size 44x14
                      text run at (0,0) width 44: "cols: \"7\","
                  RenderBR {BR} at (81,1) size 0x14
                RenderBlock {DIV} at (303,460) size 210x164 [border: (1px solid #0000FF)]
                  RenderBlock {SPAN} at (1,1) size 80x14
                    RenderText {#text} at (0,0) size 49x14
                      text run at (0,0) width 49: "rows: \"7\","
                  RenderBR {BR} at (81,1) size 0x14
                RenderBlock {DIV} at (513,503) size 82x121 [border: (1px solid #0000FF)]
                  RenderBlock {SPAN} at (1,1) size 80x28
                    RenderText {#text} at (0,0) size 74x28
                      text run at (0,0) width 74: "cols: \"5\", rows:"
                      text run at (0,14) width 19: "\"4\","
                  RenderBR {BR} at (81,15) size 0x14
                RenderBlock {DIV} at (0,624) size 210x85 [border: (1px solid #0000FF)]
                  RenderBlock {SPAN} at (1,1) size 80x14
                    RenderText {#text} at (0,0) size 57x14
                      text run at (0,0) width 57: "wrap: \"off\","
                  RenderBR {BR} at (81,1) size 0x14
                RenderBlock {DIV} at (210,640) size 210x69 [border: (1px solid #0000FF)]
                  RenderBlock {SPAN} at (1,1) size 80x14
                    RenderText {#text} at (0,0) size 64x14
                      text run at (0,0) width 64: "wrap: \"hard\","
                  RenderBR {BR} at (81,1) size 0x14
                RenderBlock {DIV} at (420,640) size 210x69 [border: (1px solid #0000FF)]
                  RenderBlock {SPAN} at (1,1) size 80x14
                    RenderText {#text} at (0,0) size 61x14
                      text run at (0,0) width 61: "wrap: \"soft\","
                  RenderBR {BR} at (81,1) size 0x14
                RenderBlock {DIV} at (0,709) size 210x83 [border: (1px solid #0000FF)]
                  RenderBlock {SPAN} at (1,1) size 80x28
                    RenderText {#text} at (0,0) size 70x28
                      text run at (0,0) width 63: "style: \"white-"
                      text run at (0,14) width 70: "space:normal\","
                  RenderBR {BR} at (81,15) size 0x14
                RenderBlock {DIV} at (210,709) size 210x83 [border: (1px solid #0000FF)]
                  RenderBlock {SPAN} at (1,1) size 80x28
                    RenderText {#text} at (0,0) size 63x28
                      text run at (0,0) width 63: "style: \"white-"
                      text run at (0,14) width 52: "space:pre\","
                  RenderBR {BR} at (81,15) size 0x14
                RenderBlock {DIV} at (420,709) size 210x83 [border: (1px solid #0000FF)]
                  RenderBlock {SPAN} at (1,1) size 80x28
                    RenderText {#text} at (0,0) size 76x28
                      text run at (0,0) width 63: "style: \"white-"
                      text run at (0,14) width 76: "space:prewrap\","
                  RenderBR {BR} at (81,15) size 0x14
                RenderBlock {DIV} at (0,808) size 210x83 [border: (1px solid #0000FF)]
                  RenderBlock {SPAN} at (1,1) size 80x28
                    RenderText {#text} at (0,0) size 73x28
                      text run at (0,0) width 63: "style: \"white-"
                      text run at (0,14) width 73: "space:nowrap\","
                  RenderBR {BR} at (81,15) size 0x14
                RenderBlock {DIV} at (210,808) size 210x83 [border: (1px solid #0000FF)]
                  RenderBlock {SPAN} at (1,1) size 80x28
                    RenderText {#text} at (0,0) size 73x28
                      text run at (0,0) width 63: "style: \"white-"
                      text run at (0,14) width 73: "space:pre-line\","
                  RenderBR {BR} at (81,15) size 0x14
                RenderBlock {DIV} at (420,792) size 210x99 [border: (1px solid #0000FF)]
                  RenderBlock {SPAN} at (1,1) size 80x28
                    RenderText {#text} at (0,0) size 68x28
                      text run at (0,0) width 62: "style: \"word-"
                      text run at (0,14) width 68: "wrap:normal\","
                  RenderBR {BR} at (81,15) size 0x14
                RenderBlock {DIV} at (0,891) size 210x113 [border: (1px solid #0000FF)]
                  RenderBlock {SPAN} at (1,1) size 80x42
                    RenderText {#text} at (0,0) size 80x42
                      text run at (0,0) width 57: "wrap: \"off\","
                      text run at (0,14) width 63: "style: \"white-"
                      text run at (0,28) width 80: "space:pre-wrap\","
                  RenderBR {BR} at (81,29) size 0x14
        layer at (3,76) size 204x46 clip at (5,78) size 200x42
          RenderTextControl {TEXTAREA} at (3,17) size 204x46 [bgcolor=#FFFFFF] [border: (2px solid #000000)]
            RenderBlock {DIV} at (4,4) size 196x19
              RenderText {#text} at (0,0) size 132x19
                text run at (0,0) width 132: "Lorem ipsum dolor"
        layer at (213,76) size 204x46 clip at (215,78) size 184x42 scrollHeight 80
          RenderTextControl {TEXTAREA} at (3,17) size 204x46 [bgcolor=#FFFFFF] [border: (2px solid #000000)]
            RenderBlock {DIV} at (4,4) size 180x76 [color=#545454]
              RenderText {#text} at (0,0) size 171x76
                text run at (0,0) width 136: "Lorem ipsum  dolor"
                text run at (136,0) width 4: " "
                text run at (0,19) width 171: "ABCDEFGHIJKLMNOP"
                text run at (0,38) width 115: "QRSTUVWXYZ"
                text run at (115,38) width 4: " "
                text run at (0,57) width 169: "abcdefghijklmnopqrstuv"
        layer at (423,60) size 220x62 clip at (425,62) size 200x58 scrollHeight 96
          RenderTextControl {TEXTAREA} at (3,31) size 220x62 [bgcolor=#FFFFFF] [border: (2px solid #000000)]
            RenderBlock {DIV} at (12,12) size 180x76
              RenderText {#text} at (0,0) size 171x76
                text run at (0,0) width 136: "Lorem ipsum  dolor"
                text run at (136,0) width 4: " "
                text run at (0,19) width 171: "ABCDEFGHIJKLMNOP"
                text run at (0,38) width 115: "QRSTUVWXYZ"
                text run at (115,38) width 4: " "
                text run at (0,57) width 169: "abcdefghijklmnopqrstuv"
        layer at (3,179) size 200x42 clip at (5,181) size 180x38 scrollHeight 76
          RenderTextControl {TEXTAREA} at (3,31) size 200x42 [bgcolor=#FFFFFF] [border: (2px solid #000000)]
            RenderBlock {DIV} at (2,2) size 180x76
              RenderText {#text} at (0,0) size 171x76
                text run at (0,0) width 136: "Lorem ipsum  dolor"
                text run at (136,0) width 4: " "
                text run at (0,19) width 171: "ABCDEFGHIJKLMNOP"
                text run at (0,38) width 115: "QRSTUVWXYZ"
                text run at (115,38) width 4: " "
                text run at (0,57) width 169: "abcdefghijklmnopqrstuv"
        layer at (217,167) size 204x46 clip at (219,169) size 184x42 scrollHeight 80
          RenderTextControl {TEXTAREA} at (11,39) size 204x46 [bgcolor=#FFFFFF] [border: (2px solid #000000)]
            RenderBlock {DIV} at (4,4) size 180x76
              RenderText {#text} at (0,0) size 171x76
                text run at (0,0) width 136: "Lorem ipsum  dolor"
                text run at (136,0) width 4: " "
                text run at (0,19) width 171: "ABCDEFGHIJKLMNOP"
                text run at (0,38) width 115: "QRSTUVWXYZ"
                text run at (115,38) width 4: " "
                text run at (0,57) width 169: "abcdefghijklmnopqrstuv"
        layer at (433,177) size 204x46 clip at (435,179) size 184x42 scrollHeight 80
          RenderTextControl {TEXTAREA} at (1,29) size 204x46 [bgcolor=#FFFFFF] [border: (2px solid #000000)]
            RenderBlock {DIV} at (4,4) size 180x76
              RenderText {#text} at (0,0) size 171x76
                text run at (0,0) width 136: "Lorem ipsum  dolor"
                text run at (136,0) width 4: " "
                text run at (0,19) width 171: "ABCDEFGHIJKLMNOP"
                text run at (0,38) width 115: "QRSTUVWXYZ"
                text run at (115,38) width 4: " "
                text run at (0,57) width 169: "abcdefghijklmnopqrstuv"
        layer at (639,175) size 68x46 clip at (641,177) size 48x42 scrollHeight 327
          RenderTextControl {TEXTAREA} at (1,31) size 68x46 [bgcolor=#FFFFFF] [border: (2px solid #000000)]
            RenderBlock {DIV} at (4,4) size 44x323
              RenderText {#text} at (0,0) size 44x323
                text run at (0,0) width 32: "Lore"
                text run at (0,19) width 13: "m"
                text run at (13,19) width 4: " "
                text run at (0,38) width 43: "ipsum"
                text run at (0,57) width 36: "dolor"
                text run at (36,57) width 4: " "
                text run at (0,76) width 34: "ABC"
                text run at (0,95) width 33: "DEF"
                text run at (0,114) width 36: "GHIJ"
                text run at (0,133) width 33: "KLM"
                text run at (0,152) width 35: "NOP"
                text run at (0,171) width 35: "QRS"
                text run at (0,190) width 33: "TUV"
                text run at (0,209) width 37: "WXY"
                text run at (0,228) width 10: "Z"
                text run at (10,228) width 4: " "
                text run at (0,247) width 44: "abcde"
                text run at (0,266) width 42: "fghijkl"
                text run at (0,285) width 40: "mnop"
                text run at (0,304) width 43: "qrstuv"
        layer at (1,272) size 104x82 clip at (3,274) size 84x78 scrollHeight 363
          RenderTextControl {TEXTAREA} at (1,45) size 104x82 [bgcolor=#FFFFFF] [border: (2px solid #000000)]
            RenderBlock {DIV} at (22,22) size 44x323
              RenderText {#text} at (0,0) size 44x323
                text run at (0,0) width 32: "Lore"
                text run at (0,19) width 13: "m"
                text run at (13,19) width 4: " "
                text run at (0,38) width 43: "ipsum"
                text run at (0,57) width 36: "dolor"
                text run at (36,57) width 4: " "
                text run at (0,76) width 34: "ABC"
                text run at (0,95) width 33: "DEF"
                text run at (0,114) width 36: "GHIJ"
                text run at (0,133) width 33: "KLM"
                text run at (0,152) width 35: "NOP"
                text run at (0,171) width 35: "QRS"
                text run at (0,190) width 33: "TUV"
                text run at (0,209) width 37: "WXY"
                text run at (0,228) width 10: "Z"
                text run at (10,228) width 4: " "
                text run at (0,247) width 44: "abcde"
                text run at (0,266) width 42: "fghijkl"
                text run at (0,285) width 40: "mnop"
                text run at (0,304) width 43: "qrstuv"
        layer at (107,312) size 64x42 clip at (109,314) size 44x38 scrollHeight 323
          RenderTextControl {TEXTAREA} at (1,45) size 64x42 [bgcolor=#FFFFFF] [border: (2px solid #000000)]
            RenderBlock {DIV} at (2,2) size 44x323
              RenderText {#text} at (0,0) size 44x323
                text run at (0,0) width 32: "Lore"
                text run at (0,19) width 13: "m"
                text run at (13,19) width 4: " "
                text run at (0,38) width 43: "ipsum"
                text run at (0,57) width 36: "dolor"
                text run at (36,57) width 4: " "
                text run at (0,76) width 34: "ABC"
                text run at (0,95) width 33: "DEF"
                text run at (0,114) width 36: "GHIJ"
                text run at (0,133) width 33: "KLM"
                text run at (0,152) width 35: "NOP"
                text run at (0,171) width 35: "QRS"
                text run at (0,190) width 33: "TUV"
                text run at (0,209) width 37: "WXY"
                text run at (0,228) width 10: "Z"
                text run at (10,228) width 4: " "
                text run at (0,247) width 44: "abcde"
                text run at (0,266) width 42: "fghijkl"
                text run at (0,285) width 40: "mnop"
                text run at (0,304) width 43: "qrstuv"
        layer at (191,288) size 204x68 clip at (193,290) size 184x64 scrollHeight 80
          RenderTextControl {TEXTAREA} at (3,29) size 204x68 [bgcolor=#FFFFFF] [border: (2px solid #000000)]
            RenderBlock {DIV} at (4,4) size 180x76
              RenderText {#text} at (0,0) size 171x76
                text run at (0,0) width 136: "Lorem ipsum  dolor"
                text run at (136,0) width 4: " "
                text run at (0,19) width 171: "ABCDEFGHIJKLMNOP"
                text run at (0,38) width 115: "QRSTUVWXYZ"
                text run at (115,38) width 4: " "
                text run at (0,57) width 169: "abcdefghijklmnopqrstuv"
        layer at (399,288) size 68x68 clip at (401,290) size 48x64 scrollHeight 327
          RenderTextControl {TEXTAREA} at (1,43) size 68x68 [bgcolor=#FFFFFF] [border: (2px solid #000000)]
            RenderBlock {DIV} at (4,4) size 44x323
              RenderText {#text} at (0,0) size 44x323
                text run at (0,0) width 32: "Lore"
                text run at (0,19) width 13: "m"
                text run at (13,19) width 4: " "
                text run at (0,38) width 43: "ipsum"
                text run at (0,57) width 36: "dolor"
                text run at (36,57) width 4: " "
                text run at (0,76) width 34: "ABC"
                text run at (0,95) width 33: "DEF"
                text run at (0,114) width 36: "GHIJ"
                text run at (0,133) width 33: "KLM"
                text run at (0,152) width 35: "NOP"
                text run at (0,171) width 35: "QRS"
                text run at (0,190) width 33: "TUV"
                text run at (0,209) width 37: "WXY"
                text run at (0,228) width 10: "Z"
                text run at (10,228) width 4: " "
                text run at (0,247) width 44: "abcde"
                text run at (0,266) width 42: "fghijkl"
                text run at (0,285) width 40: "mnop"
                text run at (0,304) width 43: "qrstuv"
        layer at (483,308) size 204x46 clip at (485,310) size 200x42 scrollHeight 80
          RenderTextControl {TEXTAREA} at (3,31) size 204x46 [bgcolor=#FFFFFF] [border: (2px solid #000000)]
            RenderBlock {DIV} at (4,4) size 196x76
              RenderText {#text} at (0,0) size 195x76
                text run at (0,0) width 136: "Lorem ipsum  dolor"
                text run at (136,0) width 4: " "
                text run at (0,19) width 195: "ABCDEFGHIJKLMNOPQR"
                text run at (0,38) width 91: "STUVWXYZ"
                text run at (91,38) width 4: " "
                text run at (0,57) width 169: "abcdefghijklmnopqrstuv"
        layer at (3,421) size 204x62 clip at (5,423) size 184x42 scrollHeight 80
          RenderTextControl {TEXTAREA} at (3,31) size 204x62 [bgcolor=#FFFFFF] [border: (2px solid #000000)]
            RenderBlock {DIV} at (4,4) size 180x76
              RenderText {#text} at (0,0) size 171x76
                text run at (0,0) width 136: "Lorem ipsum  dolor"
                text run at (136,0) width 4: " "
                text run at (0,19) width 171: "ABCDEFGHIJKLMNOP"
                text run at (0,38) width 115: "QRSTUVWXYZ"
                text run at (115,38) width 4: " "
                text run at (0,57) width 169: "abcdefghijklmnopqrstuv"
        layer at (211,417) size 68x68 clip at (213,419) size 64x64 scrollHeight 213
          RenderTextControl {TEXTAREA} at (1,57) size 68x68 [bgcolor=#FFFFFF] [border: (2px solid #000000)]
            RenderBlock {DIV} at (4,4) size 60x209
              RenderText {#text} at (0,0) size 60x209
                text run at (0,0) width 45: "Lorem"
                text run at (45,0) width 4: " "
                text run at (0,19) width 43: "ipsum"
                text run at (43,19) width 8: "  "
                text run at (0,38) width 36: "dolor"
                text run at (36,38) width 4: " "
                text run at (0,57) width 57: "ABCDE"
                text run at (0,76) width 57: "FGHIJK"
                text run at (0,95) width 57: "LMNOP"
                text run at (0,114) width 57: "QRSTU"
                text run at (0,133) width 58: "VWXYZ"
                text run at (58,133) width 2: " "
                text run at (0,152) width 57: "abcdefg"
                text run at (0,171) width 60: "hijklmno"
                text run at (0,190) width 52: "pqrstuv"
        layer at (293,417) size 68x68 clip at (295,419) size 48x48 scrollHeight 327
          RenderTextControl {TEXTAREA} at (1,57) size 68x68 [bgcolor=#FFFFFF] [border: (2px solid #000000)]
            RenderBlock {DIV} at (4,4) size 44x323
              RenderText {#text} at (0,0) size 44x323
                text run at (0,0) width 32: "Lore"
                text run at (0,19) width 13: "m"
                text run at (13,19) width 4: " "
                text run at (0,38) width 43: "ipsum"
                text run at (0,57) width 36: "dolor"
                text run at (36,57) width 4: " "
                text run at (0,76) width 34: "ABC"
                text run at (0,95) width 33: "DEF"
                text run at (0,114) width 36: "GHIJ"
                text run at (0,133) width 33: "KLM"
                text run at (0,152) width 35: "NOP"
                text run at (0,171) width 35: "QRS"
                text run at (0,190) width 33: "TUV"
                text run at (0,209) width 37: "WXY"
                text run at (0,228) width 10: "Z"
                text run at (10,228) width 4: " "
                text run at (0,247) width 44: "abcde"
                text run at (0,266) width 42: "fghijkl"
                text run at (0,285) width 40: "mnop"
                text run at (0,304) width 43: "qrstuv"
        layer at (375,417) size 68x68 clip at (377,419) size 48x64 scrollHeight 327
          RenderTextControl {TEXTAREA} at (1,43) size 68x68 [bgcolor=#FFFFFF] [border: (2px solid #000000)]
            RenderBlock {DIV} at (4,4) size 44x323
              RenderText {#text} at (0,0) size 44x323
                text run at (0,0) width 32: "Lore"
                text run at (0,19) width 13: "m"
                text run at (13,19) width 4: " "
                text run at (0,38) width 43: "ipsum"
                text run at (0,57) width 36: "dolor"
                text run at (36,57) width 4: " "
                text run at (0,76) width 34: "ABC"
                text run at (0,95) width 33: "DEF"
                text run at (0,114) width 36: "GHIJ"
                text run at (0,133) width 33: "KLM"
                text run at (0,152) width 35: "NOP"
                text run at (0,171) width 35: "QRS"
                text run at (0,190) width 33: "TUV"
                text run at (0,209) width 37: "WXY"
                text run at (0,228) width 10: "Z"
                text run at (10,228) width 4: " "
                text run at (0,247) width 44: "abcde"
                text run at (0,266) width 42: "fghijkl"
                text run at (0,285) width 40: "mnop"
                text run at (0,304) width 43: "qrstuv"
        layer at (457,417) size 68x68 clip at (459,419) size 48x64 scrollHeight 327
          RenderTextControl {TEXTAREA} at (1,43) size 68x68 [bgcolor=#FFFFFF] [border: (2px solid #000000)]
            RenderBlock {DIV} at (4,4) size 44x323
              RenderText {#text} at (0,0) size 44x323
                text run at (0,0) width 32: "Lore"
                text run at (0,19) width 13: "m"
                text run at (13,19) width 4: " "
                text run at (0,38) width 43: "ipsum"
                text run at (0,57) width 36: "dolor"
                text run at (36,57) width 4: " "
                text run at (0,76) width 34: "ABC"
                text run at (0,95) width 33: "DEF"
                text run at (0,114) width 36: "GHIJ"
                text run at (0,133) width 33: "KLM"
                text run at (0,152) width 35: "NOP"
                text run at (0,171) width 35: "QRS"
                text run at (0,190) width 33: "TUV"
                text run at (0,209) width 37: "WXY"
                text run at (0,228) width 10: "Z"
                text run at (10,228) width 4: " "
                text run at (0,247) width 44: "abcde"
                text run at (0,266) width 42: "fghijkl"
                text run at (0,285) width 40: "mnop"
                text run at (0,304) width 43: "qrstuv"
        layer at (539,417) size 68x68 clip at (541,419) size 48x64 scrollHeight 327
          RenderTextControl {TEXTAREA} at (1,57) size 68x68 [bgcolor=#FFFFFF] [border: (2px solid #000000)]
            RenderBlock {DIV} at (4,4) size 44x323
              RenderText {#text} at (0,0) size 44x323
                text run at (0,0) width 32: "Lore"
                text run at (0,19) width 13: "m"
                text run at (13,19) width 4: " "
                text run at (0,38) width 43: "ipsum"
                text run at (0,57) width 36: "dolor"
                text run at (36,57) width 4: " "
                text run at (0,76) width 34: "ABC"
                text run at (0,95) width 33: "DEF"
                text run at (0,114) width 36: "GHIJ"
                text run at (0,133) width 33: "KLM"
                text run at (0,152) width 35: "NOP"
                text run at (0,171) width 35: "QRS"
                text run at (0,190) width 33: "TUV"
                text run at (0,209) width 37: "WXY"
                text run at (0,228) width 10: "Z"
                text run at (10,228) width 4: " "
                text run at (0,247) width 44: "abcde"
                text run at (0,266) width 42: "fghijkl"
                text run at (0,285) width 40: "mnop"
                text run at (0,304) width 43: "qrstuv"
        layer at (623,437) size 51x46 clip at (625,439) size 31x42 scrollHeight 498
          RenderTextControl {TEXTAREA} at (3,17) size 51x46 [bgcolor=#FFFFFF] [border: (2px solid #000000)]
            RenderBlock {DIV} at (4,4) size 27x494
              RenderText {#text} at (0,0) size 27x494
                text run at (0,0) width 23: "Lor"
                text run at (0,19) width 22: "em"
                text run at (22,19) width 4: " "
                text run at (0,38) width 21: "ips"
                text run at (0,57) width 22: "um"
                text run at (22,57) width 5: "  "
                text run at (0,76) width 22: "dol"
                text run at (0,95) width 14: "or"
                text run at (14,95) width 4: " "
                text run at (0,114) width 22: "AB"
                text run at (0,133) width 24: "CD"
                text run at (0,152) width 21: "EF"
                text run at (0,171) width 24: "GH"
                text run at (0,190) width 23: "IJK"
                text run at (0,209) width 22: "LM"
                text run at (0,228) width 24: "NO"
                text run at (0,247) width 23: "PQ"
                text run at (0,266) width 23: "RS"
                text run at (0,285) width 22: "TU"
                text run at (0,304) width 26: "VW"
                text run at (0,323) width 22: "XY"
                text run at (0,342) width 10: "Z"
                text run at (10,342) width 4: " "
                text run at (0,361) width 26: "abc"
                text run at (0,380) width 22: "def"
                text run at (0,399) width 26: "ghij"
                text run at (0,418) width 25: "klm"
                text run at (0,437) width 27: "nop"
                text run at (0,456) width 26: "qrst"
                text run at (0,475) width 17: "uv"
        layer at (3,582) size 204x65 clip at (5,584) size 184x61 scrollHeight 80
          RenderTextControl {TEXTAREA} at (3,17) size 204x65 [bgcolor=#FFFFFF] [border: (2px solid #000000)]
            RenderBlock {DIV} at (4,4) size 180x76
              RenderText {#text} at (0,0) size 171x76
                text run at (0,0) width 136: "Lorem ipsum  dolor"
                text run at (136,0) width 4: " "
                text run at (0,19) width 171: "ABCDEFGHIJKLMNOP"
                text run at (0,38) width 115: "QRSTUVWXYZ"
                text run at (115,38) width 4: " "
                text run at (0,57) width 169: "abcdefghijklmnopqrstuv"
        layer at (213,601) size 87x46 clip at (215,603) size 67x42 scrollHeight 213
          RenderTextControl {TEXTAREA} at (3,17) size 87x46 [bgcolor=#FFFFFF] [border: (2px solid #000000)]
            RenderBlock {DIV} at (4,4) size 63x209
              RenderText {#text} at (0,0) size 62x209
                text run at (0,0) width 45: "Lorem"
                text run at (45,0) width 4: " "
                text run at (0,19) width 43: "ipsum"
                text run at (43,19) width 8: "  "
                text run at (0,38) width 36: "dolor"
                text run at (36,38) width 4: " "
                text run at (0,57) width 57: "ABCDE"
                text run at (0,76) width 57: "FGHIJK"
                text run at (0,95) width 57: "LMNOP"
                text run at (0,114) width 57: "QRSTU"
                text run at (0,133) width 58: "VWXYZ"
                text run at (58,133) width 4: " "
                text run at (0,152) width 57: "abcdefg"
                text run at (0,171) width 60: "hijklmno"
                text run at (0,190) width 52: "pqrstuv"
        layer at (306,506) size 204x141 clip at (308,508) size 200x137
          RenderTextControl {TEXTAREA} at (3,17) size 204x141 [bgcolor=#FFFFFF] [border: (2px solid #000000)]
            RenderBlock {DIV} at (4,4) size 196x76
              RenderText {#text} at (0,0) size 195x76
                text run at (0,0) width 136: "Lorem ipsum  dolor"
                text run at (136,0) width 4: " "
                text run at (0,19) width 195: "ABCDEFGHIJKLMNOPQR"
                text run at (0,38) width 91: "STUVWXYZ"
                text run at (91,38) width 4: " "
                text run at (0,57) width 169: "abcdefghijklmnopqrstuv"
        layer at (516,563) size 69x84 clip at (518,565) size 49x80 scrollHeight 289
          RenderTextControl {TEXTAREA} at (3,31) size 69x84 [bgcolor=#FFFFFF] [border: (2px solid #000000)]
            RenderBlock {DIV} at (4,4) size 45x285
              RenderText {#text} at (0,0) size 45x285
                text run at (0,0) width 45: "Lorem"
                text run at (45,0) width 0: " "
                text run at (0,19) width 43: "ipsum"
                text run at (0,38) width 36: "dolor"
                text run at (36,38) width 4: " "
                text run at (0,57) width 34: "ABC"
                text run at (0,76) width 45: "DEFG"
                text run at (0,95) width 44: "HIJKL"
                text run at (0,114) width 37: "MNO"
                text run at (0,133) width 35: "PQR"
                text run at (0,152) width 44: "STUV"
                text run at (0,171) width 37: "WXY"
                text run at (0,190) width 10: "Z"
                text run at (10,190) width 4: " "
                text run at (0,209) width 44: "abcde"
                text run at (0,228) width 42: "fghijkl"
                text run at (0,247) width 40: "mnop"
                text run at (0,266) width 43: "qrstuv"
        layer at (3,670) size 204x62 clip at (5,672) size 200x42 scrollWidth 601
          RenderTextControl {TEXTAREA} at (3,17) size 204x62 [bgcolor=#FFFFFF] [border: (2px solid #000000)]
            RenderBlock {DIV} at (4,4) size 196x19
              RenderText {#text} at (0,0) size 599x19
                text run at (0,0) width 599: "Lorem ipsum  dolor ABCDEFGHIJKLMNOPQRSTUVWXYZ abcdefghijklmnopqrstuv"
        layer at (213,686) size 204x46 clip at (215,688) size 184x42 scrollHeight 80
          RenderTextControl {TEXTAREA} at (3,17) size 204x46 [bgcolor=#FFFFFF] [border: (2px solid #000000)]
            RenderBlock {DIV} at (4,4) size 180x76
              RenderText {#text} at (0,0) size 171x76
                text run at (0,0) width 136: "Lorem ipsum  dolor"
                text run at (136,0) width 4: " "
                text run at (0,19) width 171: "ABCDEFGHIJKLMNOP"
                text run at (0,38) width 115: "QRSTUVWXYZ"
                text run at (115,38) width 4: " "
                text run at (0,57) width 169: "abcdefghijklmnopqrstuv"
        layer at (423,686) size 204x46 clip at (425,688) size 184x42 scrollHeight 80
          RenderTextControl {TEXTAREA} at (3,17) size 204x46 [bgcolor=#FFFFFF] [border: (2px solid #000000)]
            RenderBlock {DIV} at (4,4) size 180x76
              RenderText {#text} at (0,0) size 171x76
                text run at (0,0) width 136: "Lorem ipsum  dolor"
                text run at (136,0) width 4: " "
                text run at (0,19) width 171: "ABCDEFGHIJKLMNOP"
                text run at (0,38) width 115: "QRSTUVWXYZ"
                text run at (115,38) width 4: " "
                text run at (0,57) width 169: "abcdefghijklmnopqrstuv"
        layer at (3,769) size 204x46 clip at (5,771) size 184x42 scrollHeight 80
          RenderTextControl {TEXTAREA} at (3,31) size 204x46 [bgcolor=#FFFFFF] [border: (2px solid #000000)]
            RenderBlock {DIV} at (4,4) size 180x76
              RenderText {#text} at (0,0) size 171x76
                text run at (0,0) width 96: "Lorem ipsum "
                text run at (96,0) width 36: "dolor"
                text run at (0,19) width 171: "ABCDEFGHIJKLMNOP"
                text run at (0,38) width 115: "QRSTUVWXYZ"
                text run at (0,57) width 169: "abcdefghijklmnopqrstuv"
        layer at (213,769) size 204x46 clip at (215,771) size 184x42 scrollHeight 80
          RenderTextControl {TEXTAREA} at (3,31) size 204x46 [bgcolor=#FFFFFF] [border: (2px solid #000000)]
            RenderBlock {DIV} at (4,4) size 180x76
              RenderText {#text} at (0,0) size 174x76
                text run at (0,0) width 174: "Lorem ipsum  dolor ABC"
                text run at (0,19) width 172: "DEFGHIJKLMNOPQRS"
                text run at (0,38) width 170: "TUVWXYZ abcdefghijkl"
                text run at (0,57) width 83: "mnopqrstuv"
        layer at (423,769) size 204x46 clip at (425,771) size 184x42 scrollHeight 80
          RenderTextControl {TEXTAREA} at (3,31) size 204x46 [bgcolor=#FFFFFF] [border: (2px solid #000000)]
            RenderBlock {DIV} at (4,4) size 180x76
              RenderText {#text} at (0,0) size 171x76
                text run at (0,0) width 136: "Lorem ipsum  dolor"
                text run at (136,0) width 4: " "
                text run at (0,19) width 171: "ABCDEFGHIJKLMNOP"
                text run at (0,38) width 115: "QRSTUVWXYZ"
                text run at (115,38) width 4: " "
                text run at (0,57) width 169: "abcdefghijklmnopqrstuv"
        layer at (3,868) size 204x46 clip at (5,870) size 200x26 scrollWidth 597
          RenderTextControl {TEXTAREA} at (3,31) size 204x46 [bgcolor=#FFFFFF] [border: (2px solid #000000)]
            RenderBlock {DIV} at (4,4) size 196x19
              RenderText {#text} at (0,0) size 595x19
                text run at (0,0) width 96: "Lorem ipsum "
                text run at (96,0) width 499: "dolor ABCDEFGHIJKLMNOPQRSTUVWXYZ abcdefghijklmnopqrstuv"
        layer at (213,868) size 204x46 clip at (215,870) size 184x42 scrollHeight 80
          RenderTextControl {TEXTAREA} at (3,31) size 204x46 [bgcolor=#FFFFFF] [border: (2px solid #000000)]
            RenderBlock {DIV} at (4,4) size 180x76
              RenderText {#text} at (0,0) size 171x76
                text run at (0,0) width 96: "Lorem ipsum "
                text run at (96,0) width 36: "dolor"
                text run at (0,19) width 171: "ABCDEFGHIJKLMNOP"
                text run at (0,38) width 115: "QRSTUVWXYZ"
                text run at (0,57) width 169: "abcdefghijklmnopqrstuv"
        layer at (423,852) size 204x62 clip at (425,854) size 184x42 scrollWidth 288 scrollHeight 61
          RenderTextControl {TEXTAREA} at (3,31) size 204x62 [bgcolor=#FFFFFF] [border: (2px solid #000000)]
            RenderBlock {DIV} at (4,4) size 180x57
              RenderText {#text} at (0,0) size 286x57
                text run at (0,0) width 136: "Lorem ipsum  dolor"
                text run at (136,0) width 4: " "
                text run at (0,19) width 286: "ABCDEFGHIJKLMNOPQRSTUVWXYZ"
                text run at (0,38) width 169: "abcdefghijklmnopqrstuv"
        layer at (3,965) size 204x62 clip at (5,967) size 184x42 scrollWidth 288 scrollHeight 61
          RenderTextControl {TEXTAREA} at (3,45) size 204x62 [bgcolor=#FFFFFF] [border: (2px solid #000000)]
            RenderBlock {DIV} at (4,4) size 180x57
              RenderText {#text} at (0,0) size 286x57
                text run at (0,0) width 136: "Lorem ipsum  dolor"
                text run at (136,0) width 4: " "
                text run at (0,19) width 286: "ABCDEFGHIJKLMNOPQRSTUVWXYZ"
                text run at (0,38) width 169: "abcdefghijklmnopqrstuv"
      RenderPartObject {IFRAME} at (0,1033) size 781x998
        layer at (0,0) size 781x998
          RenderView at (0,0) size 781x998
        layer at (0,0) size 781x998
          RenderBlock {HTML} at (0,0) size 781x998
            RenderBody {BODY} at (0,5) size 781x993
              RenderBlock {DIV} at (0,0) size 781x19
                RenderText {#text} at (0,0) size 193x19
                  text run at (0,0) width 193: "CompatMode: BackCompat"
              RenderBlock (anonymous) at (0,24) size 781x969
                RenderBlock {DIV} at (0,44) size 210x52 [border: (1px solid #0000FF)]
                  RenderBlock {SPAN} at (1,1) size 80x0
                  RenderBR {BR} at (81,1) size 0x0
                RenderBlock {DIV} at (210,30) size 210x66 [border: (1px solid #0000FF)]
                  RenderBlock {SPAN} at (1,1) size 80x14
                    RenderText {#text} at (0,0) size 76x14
                      text run at (0,0) width 76: "disabled: \"true\","
                  RenderBR {BR} at (81,12) size 0x0
                RenderBlock {DIV} at (420,0) size 226x96 [border: (1px solid #0000FF)]
                  RenderBlock {SPAN} at (1,1) size 80x28
                    RenderText {#text} at (0,0) size 78x28
                      text run at (0,0) width 25: "style:"
                      text run at (0,14) width 78: "\"padding:10px\","
                  RenderBR {BR} at (81,26) size 0x0
                RenderBlock {DIV} at (0,116) size 206x76 [border: (1px solid #0000FF)]
                  RenderBlock {SPAN} at (1,1) size 80x28
                    RenderText {#text} at (0,0) size 72x28
                      text run at (0,0) width 25: "style:"
                      text run at (0,14) width 72: "\"padding:0px\","
                  RenderBR {BR} at (81,26) size 0x0
                RenderBlock {DIV} at (206,96) size 226x96 [border: (1px solid #0000FF)]
                  RenderBlock {SPAN} at (1,1) size 80x28
                    RenderText {#text} at (0,0) size 73x28
                      text run at (0,0) width 25: "style:"
                      text run at (0,14) width 73: "\"margin:10px\","
                  RenderBR {BR} at (81,26) size 0x0
                RenderBlock {DIV} at (432,116) size 206x76 [border: (1px solid #0000FF)]
                  RenderBlock {SPAN} at (1,1) size 80x28
                    RenderText {#text} at (0,0) size 67x28
                      text run at (0,0) width 25: "style:"
                      text run at (0,14) width 67: "\"margin:0px\","
                  RenderBR {BR} at (81,26) size 0x0
                RenderBlock {DIV} at (638,112) size 82x80 [border: (1px solid #0000FF)]
                  RenderBlock {SPAN} at (1,1) size 80x28
                    RenderText {#text} at (0,0) size 67x28
                      text run at (0,0) width 25: "style:"
                      text run at (0,14) width 67: "\"width:60px\","
                  RenderBR {BR} at (81,26) size 0x0
                RenderBlock {DIV} at (0,192) size 82x130 [border: (1px solid #0000FF)]
                  RenderBlock {SPAN} at (1,1) size 80x42
                    RenderText {#text} at (0,0) size 73x42
                      text run at (0,0) width 25: "style:"
                      text run at (0,14) width 62: "\"width:60px;"
                      text run at (0,28) width 73: "padding:20px\","
                  RenderBR {BR} at (81,40) size 0x0
                RenderBlock {DIV} at (82,232) size 82x90 [border: (1px solid #0000FF)]
                  RenderBlock {SPAN} at (1,1) size 80x42
                    RenderText {#text} at (0,0) size 62x42
                      text run at (0,0) width 25: "style:"
                      text run at (0,14) width 62: "\"width:60px;"
                      text run at (0,28) width 55: "padding:0\","
                  RenderBR {BR} at (81,40) size 0x0
                RenderBlock {DIV} at (164,232) size 210x90 [border: (1px solid #0000FF)]
                  RenderBlock {SPAN} at (1,1) size 80x28
                    RenderText {#text} at (0,0) size 69x28
                      text run at (0,0) width 25: "style:"
                      text run at (0,14) width 69: "\"height:60px\","
                  RenderBR {BR} at (81,26) size 0x0
                RenderBlock {DIV} at (374,218) size 82x104 [border: (1px solid #0000FF)]
                  RenderBlock {SPAN} at (1,1) size 80x42
                    RenderText {#text} at (0,0) size 64x42
                      text run at (0,0) width 25: "style:"
                      text run at (0,14) width 62: "\"width:60px;"
                      text run at (0,28) width 64: "height:60px\","
                  RenderBR {BR} at (81,40) size 0x0
                RenderBlock {DIV} at (456,242) size 210x80 [border: (1px solid #0000FF)]
                  RenderBlock {SPAN} at (1,1) size 80x28
                    RenderText {#text} at (0,0) size 91x28
                      text run at (0,0) width 25: "style:"
                      text run at (0,14) width 91: "\"overflow:hidden\","
                  RenderBR {BR} at (81,26) size 0x0
                RenderBlock {DIV} at (0,344) size 210x96 [border: (1px solid #0000FF)]
                  RenderBlock {SPAN} at (1,1) size 80x28
                    RenderText {#text} at (0,0) size 85x28
                      text run at (0,0) width 25: "style:"
                      text run at (0,14) width 85: "\"overflow:scroll\","
                  RenderBR {BR} at (81,26) size 0x0
                RenderBlock {DIV} at (210,322) size 82x118 [border: (1px solid #0000FF)]
                  RenderBlock {SPAN} at (1,1) size 80x56
                    RenderText {#text} at (0,0) size 86x56
                      text run at (0,0) width 25: "style:"
                      text run at (0,14) width 86: "\"overflow:hidden;"
                      text run at (0,28) width 57: "width:60px;"
                      text run at (0,42) width 64: "height:60px\","
                  RenderBR {BR} at (81,54) size 0x0
                RenderBlock {DIV} at (292,322) size 82x118 [border: (1px solid #0000FF)]
                  RenderBlock {SPAN} at (1,1) size 80x56
                    RenderText {#text} at (0,0) size 80x56
                      text run at (0,0) width 25: "style:"
                      text run at (0,14) width 80: "\"overflow:scroll;"
                      text run at (0,28) width 57: "width:60px;"
                      text run at (0,42) width 64: "height:60px\","
                  RenderBR {BR} at (81,54) size 0x0
                RenderBlock {DIV} at (374,336) size 82x104 [border: (1px solid #0000FF)]
                  RenderBlock {SPAN} at (1,1) size 80x42
                    RenderText {#text} at (0,0) size 72x42
                      text run at (0,0) width 72: "cols: \"5\", style:"
                      text run at (0,14) width 62: "\"width:60px;"
                      text run at (0,28) width 64: "height:60px\","
                  RenderBR {BR} at (81,40) size 0x0
                RenderBlock {DIV} at (456,336) size 82x104 [border: (1px solid #0000FF)]
                  RenderBlock {SPAN} at (1,1) size 80x42
                    RenderText {#text} at (0,0) size 77x42
                      text run at (0,0) width 77: "rows: \"4\", style:"
                      text run at (0,14) width 62: "\"width:60px;"
                      text run at (0,28) width 64: "height:60px\","
                  RenderBR {BR} at (81,40) size 0x0
                RenderBlock {DIV} at (538,322) size 82x118 [border: (1px solid #0000FF)]
                  RenderBlock {SPAN} at (1,1) size 80x56
                    RenderText {#text} at (0,0) size 74x56
                      text run at (0,0) width 74: "cols: \"5\", rows:"
                      text run at (0,14) width 47: "\"4\", style:"
                      text run at (0,28) width 62: "\"width:60px;"
                      text run at (0,42) width 64: "height:60px\","
                  RenderBR {BR} at (81,54) size 0x0
                RenderBlock {DIV} at (620,374) size 82x66 [border: (1px solid #0000FF)]
                  RenderBlock {SPAN} at (1,1) size 80x14
                    RenderText {#text} at (0,0) size 44x14
                      text run at (0,0) width 44: "cols: \"3\","
                  RenderBR {BR} at (81,12) size 0x0
                RenderBlock {DIV} at (0,516) size 210x85 [border: (1px solid #0000FF)]
                  RenderBlock {SPAN} at (1,1) size 80x14
                    RenderText {#text} at (0,0) size 49x14
                      text run at (0,0) width 49: "rows: \"3\","
                  RenderBR {BR} at (81,12) size 0x0
                RenderBlock {DIV} at (210,535) size 93x66 [border: (1px solid #0000FF)]
                  RenderBlock {SPAN} at (1,1) size 80x14
                    RenderText {#text} at (0,0) size 44x14
                      text run at (0,0) width 44: "cols: \"7\","
                  RenderBR {BR} at (81,12) size 0x0
                RenderBlock {DIV} at (303,440) size 210x161 [border: (1px solid #0000FF)]
                  RenderBlock {SPAN} at (1,1) size 80x14
                    RenderText {#text} at (0,0) size 49x14
                      text run at (0,0) width 49: "rows: \"7\","
                  RenderBR {BR} at (81,12) size 0x0
                RenderBlock {DIV} at (513,483) size 82x118 [border: (1px solid #0000FF)]
                  RenderBlock {SPAN} at (1,1) size 80x28
                    RenderText {#text} at (0,0) size 74x28
                      text run at (0,0) width 74: "cols: \"5\", rows:"
                      text run at (0,14) width 19: "\"4\","
                  RenderBR {BR} at (81,26) size 0x0
                RenderBlock {DIV} at (0,601) size 210x82 [border: (1px solid #0000FF)]
                  RenderBlock {SPAN} at (1,1) size 80x14
                    RenderText {#text} at (0,0) size 57x14
                      text run at (0,0) width 57: "wrap: \"off\","
                  RenderBR {BR} at (81,12) size 0x0
                RenderBlock {DIV} at (210,617) size 210x66 [border: (1px solid #0000FF)]
                  RenderBlock {SPAN} at (1,1) size 80x14
                    RenderText {#text} at (0,0) size 64x14
                      text run at (0,0) width 64: "wrap: \"hard\","
                  RenderBR {BR} at (81,12) size 0x0
                RenderBlock {DIV} at (420,617) size 210x66 [border: (1px solid #0000FF)]
                  RenderBlock {SPAN} at (1,1) size 80x14
                    RenderText {#text} at (0,0) size 61x14
                      text run at (0,0) width 61: "wrap: \"soft\","
                  RenderBR {BR} at (81,12) size 0x0
                RenderBlock {DIV} at (0,683) size 210x80 [border: (1px solid #0000FF)]
                  RenderBlock {SPAN} at (1,1) size 80x28
                    RenderText {#text} at (0,0) size 70x28
                      text run at (0,0) width 63: "style: \"white-"
                      text run at (0,14) width 70: "space:normal\","
                  RenderBR {BR} at (81,26) size 0x0
                RenderBlock {DIV} at (210,683) size 210x80 [border: (1px solid #0000FF)]
                  RenderBlock {SPAN} at (1,1) size 80x28
                    RenderText {#text} at (0,0) size 63x28
                      text run at (0,0) width 63: "style: \"white-"
                      text run at (0,14) width 52: "space:pre\","
                  RenderBR {BR} at (81,26) size 0x0
                RenderBlock {DIV} at (420,683) size 210x80 [border: (1px solid #0000FF)]
                  RenderBlock {SPAN} at (1,1) size 80x28
                    RenderText {#text} at (0,0) size 76x28
                      text run at (0,0) width 63: "style: \"white-"
                      text run at (0,14) width 76: "space:prewrap\","
                  RenderBR {BR} at (81,26) size 0x0
                RenderBlock {DIV} at (0,779) size 210x80 [border: (1px solid #0000FF)]
                  RenderBlock {SPAN} at (1,1) size 80x28
                    RenderText {#text} at (0,0) size 73x28
                      text run at (0,0) width 63: "style: \"white-"
                      text run at (0,14) width 73: "space:nowrap\","
                  RenderBR {BR} at (81,26) size 0x0
                RenderBlock {DIV} at (210,779) size 210x80 [border: (1px solid #0000FF)]
                  RenderBlock {SPAN} at (1,1) size 80x28
                    RenderText {#text} at (0,0) size 73x28
                      text run at (0,0) width 63: "style: \"white-"
                      text run at (0,14) width 73: "space:pre-line\","
                  RenderBR {BR} at (81,26) size 0x0
                RenderBlock {DIV} at (420,763) size 210x96 [border: (1px solid #0000FF)]
                  RenderBlock {SPAN} at (1,1) size 80x28
                    RenderText {#text} at (0,0) size 68x28
                      text run at (0,0) width 62: "style: \"word-"
                      text run at (0,14) width 68: "wrap:normal\","
                  RenderBR {BR} at (81,26) size 0x0
                RenderBlock {DIV} at (0,859) size 210x110 [border: (1px solid #0000FF)]
                  RenderBlock {SPAN} at (1,1) size 80x42
                    RenderText {#text} at (0,0) size 80x42
                      text run at (0,0) width 57: "wrap: \"off\","
                      text run at (0,14) width 63: "style: \"white-"
                      text run at (0,28) width 80: "space:pre-wrap\","
                  RenderBR {BR} at (81,40) size 0x0
        layer at (3,76) size 204x46 clip at (5,78) size 200x42
          RenderTextControl {TEXTAREA} at (3,3) size 204x46 [bgcolor=#FFFFFF] [border: (2px solid #000000)]
            RenderBlock {DIV} at (4,4) size 196x19
              RenderText {#text} at (0,0) size 132x19
                text run at (0,0) width 132: "Lorem ipsum dolor"
        layer at (213,76) size 204x46 clip at (215,78) size 184x42 scrollHeight 80
          RenderTextControl {TEXTAREA} at (3,17) size 204x46 [bgcolor=#FFFFFF] [border: (2px solid #000000)]
            RenderBlock {DIV} at (4,4) size 180x76 [color=#545454]
              RenderText {#text} at (0,0) size 171x76
                text run at (0,0) width 136: "Lorem ipsum  dolor"
                text run at (136,0) width 4: " "
                text run at (0,19) width 171: "ABCDEFGHIJKLMNOP"
                text run at (0,38) width 115: "QRSTUVWXYZ"
                text run at (115,38) width 4: " "
                text run at (0,57) width 169: "abcdefghijklmnopqrstuv"
        layer at (423,60) size 220x62 clip at (425,62) size 200x58 scrollHeight 96
          RenderTextControl {TEXTAREA} at (3,31) size 220x62 [bgcolor=#FFFFFF] [border: (2px solid #000000)]
            RenderBlock {DIV} at (12,12) size 180x76
              RenderText {#text} at (0,0) size 171x76
                text run at (0,0) width 136: "Lorem ipsum  dolor"
                text run at (136,0) width 4: " "
                text run at (0,19) width 171: "ABCDEFGHIJKLMNOP"
                text run at (0,38) width 115: "QRSTUVWXYZ"
                text run at (115,38) width 4: " "
                text run at (0,57) width 169: "abcdefghijklmnopqrstuv"
        layer at (3,176) size 200x42 clip at (5,178) size 180x38 scrollHeight 76
          RenderTextControl {TEXTAREA} at (3,31) size 200x42 [bgcolor=#FFFFFF] [border: (2px solid #000000)]
            RenderBlock {DIV} at (2,2) size 180x76
              RenderText {#text} at (0,0) size 171x76
                text run at (0,0) width 136: "Lorem ipsum  dolor"
                text run at (136,0) width 4: " "
                text run at (0,19) width 171: "ABCDEFGHIJKLMNOP"
                text run at (0,38) width 115: "QRSTUVWXYZ"
                text run at (115,38) width 4: " "
                text run at (0,57) width 169: "abcdefghijklmnopqrstuv"
        layer at (217,164) size 204x46 clip at (219,166) size 184x42 scrollHeight 80
          RenderTextControl {TEXTAREA} at (11,39) size 204x46 [bgcolor=#FFFFFF] [border: (2px solid #000000)]
            RenderBlock {DIV} at (4,4) size 180x76
              RenderText {#text} at (0,0) size 171x76
                text run at (0,0) width 136: "Lorem ipsum  dolor"
                text run at (136,0) width 4: " "
                text run at (0,19) width 171: "ABCDEFGHIJKLMNOP"
                text run at (0,38) width 115: "QRSTUVWXYZ"
                text run at (115,38) width 4: " "
                text run at (0,57) width 169: "abcdefghijklmnopqrstuv"
        layer at (433,174) size 204x46 clip at (435,176) size 184x42 scrollHeight 80
          RenderTextControl {TEXTAREA} at (1,29) size 204x46 [bgcolor=#FFFFFF] [border: (2px solid #000000)]
            RenderBlock {DIV} at (4,4) size 180x76
              RenderText {#text} at (0,0) size 171x76
                text run at (0,0) width 136: "Lorem ipsum  dolor"
                text run at (136,0) width 4: " "
                text run at (0,19) width 171: "ABCDEFGHIJKLMNOP"
                text run at (0,38) width 115: "QRSTUVWXYZ"
                text run at (115,38) width 4: " "
                text run at (0,57) width 169: "abcdefghijklmnopqrstuv"
        layer at (639,172) size 60x46 clip at (641,174) size 40x42 scrollHeight 365
          RenderTextControl {TEXTAREA} at (1,31) size 60x46 [bgcolor=#FFFFFF] [border: (2px solid #000000)]
            RenderBlock {DIV} at (4,4) size 36x361
              RenderText {#text} at (0,0) size 36x361
                text run at (0,0) width 32: "Lore"
                text run at (0,19) width 13: "m"
                text run at (13,19) width 4: " "
                text run at (0,38) width 30: "ipsu"
                text run at (0,57) width 13: "m"
                text run at (13,57) width 8: "  "
                text run at (0,76) width 36: "dolor"
                text run at (36,76) width 0: " "
                text run at (0,95) width 34: "ABC"
                text run at (0,114) width 33: "DEF"
                text run at (0,133) width 36: "GHIJ"
                text run at (0,152) width 33: "KLM"
                text run at (0,171) width 35: "NOP"
                text run at (0,190) width 35: "QRS"
                text run at (0,209) width 33: "TUV"
                text run at (0,228) width 26: "WX"
                text run at (0,247) width 21: "YZ"
                text run at (21,247) width 4: " "
                text run at (0,266) width 35: "abcd"
                text run at (0,285) width 35: "efghi"
                text run at (0,304) width 29: "jklm"
                text run at (0,323) width 36: "nopq"
                text run at (0,342) width 34: "rstuv"
        layer at (1,266) size 60x82 clip at (3,268) size 40x78 scrollHeight 1028
          RenderTextControl {TEXTAREA} at (1,45) size 60x82 [bgcolor=#FFFFFF] [border: (2px solid #000000)]
            RenderBlock {DIV} at (22,22) size 16x988
              RenderText {#text} at (0,0) size 16x988
                text run at (0,0) width 9: "L"
                text run at (0,19) width 14: "or"
                text run at (0,38) width 9: "e"
                text run at (0,57) width 13: "m"
                text run at (13,57) width 3: " "
                text run at (0,76) width 13: "ip"
                text run at (0,95) width 8: "s"
                text run at (0,114) width 9: "u"
                text run at (0,133) width 13: "m"
                text run at (0,152) width 9: "d"
                text run at (0,171) width 13: "ol"
                text run at (0,190) width 14: "or"
                text run at (14,190) width 2: " "
                text run at (0,209) width 11: "A"
                text run at (0,228) width 11: "B"
                text run at (0,247) width 12: "C"
                text run at (0,266) width 12: "D"
                text run at (0,285) width 11: "E"
                text run at (0,304) width 10: "F"
                text run at (0,323) width 12: "G"
                text run at (0,342) width 16: "HI"
                text run at (0,361) width 8: "J"
                text run at (0,380) width 11: "K"
                text run at (0,399) width 9: "L"
                text run at (0,418) width 13: "M"
                text run at (0,437) width 12: "N"
                text run at (0,456) width 12: "O"
                text run at (0,475) width 11: "P"
                text run at (0,494) width 12: "Q"
                text run at (0,513) width 12: "R"
                text run at (0,532) width 11: "S"
                text run at (0,551) width 10: "T"
                text run at (0,570) width 12: "U"
                text run at (0,589) width 11: "V"
                text run at (0,608) width 15: "W"
                text run at (0,627) width 11: "X"
                text run at (0,646) width 11: "Y"
                text run at (0,665) width 10: "Z"
                text run at (10,665) width 4: " "
                text run at (0,684) width 9: "a"
                text run at (0,703) width 9: "b"
                text run at (0,722) width 8: "c"
                text run at (0,741) width 9: "d"
                text run at (0,760) width 13: "ef"
                text run at (0,779) width 9: "g"
                text run at (0,798) width 13: "hi"
                text run at (0,817) width 16: "jkl"
                text run at (0,836) width 13: "m"
                text run at (0,855) width 9: "n"
                text run at (0,874) width 9: "o"
                text run at (0,893) width 9: "p"
                text run at (0,912) width 14: "qr"
                text run at (0,931) width 12: "st"
                text run at (0,950) width 9: "u"
                text run at (0,969) width 8: "v"
        layer at (83,306) size 60x42 clip at (85,308) size 40x38 scrollHeight 361
          RenderTextControl {TEXTAREA} at (1,45) size 60x42 [bgcolor=#FFFFFF] [border: (2px solid #000000)]
            RenderBlock {DIV} at (2,2) size 40x361
              RenderText {#text} at (0,0) size 40x361
                text run at (0,0) width 32: "Lore"
                text run at (0,19) width 13: "m"
                text run at (13,19) width 4: " "
                text run at (0,38) width 30: "ipsu"
                text run at (0,57) width 13: "m"
                text run at (13,57) width 8: "  "
                text run at (0,76) width 36: "dolor"
                text run at (36,76) width 4: " "
                text run at (0,95) width 34: "ABC"
                text run at (0,114) width 33: "DEF"
                text run at (0,133) width 36: "GHIJ"
                text run at (0,152) width 33: "KLM"
                text run at (0,171) width 35: "NOP"
                text run at (0,190) width 35: "QRS"
                text run at (0,209) width 33: "TUV"
                text run at (0,228) width 37: "WXY"
                text run at (0,247) width 10: "Z"
                text run at (10,247) width 4: " "
                text run at (0,266) width 35: "abcd"
                text run at (0,285) width 39: "efghij"
                text run at (0,304) width 34: "klmn"
                text run at (0,323) width 40: "opqrs"
                text run at (0,342) width 21: "tuv"
        layer at (167,290) size 204x60 clip at (169,292) size 184x56 scrollHeight 80
          RenderTextControl {TEXTAREA} at (3,29) size 204x60 [bgcolor=#FFFFFF] [border: (2px solid #000000)]
            RenderBlock {DIV} at (4,4) size 180x76
              RenderText {#text} at (0,0) size 171x76
                text run at (0,0) width 136: "Lorem ipsum  dolor"
                text run at (136,0) width 4: " "
                text run at (0,19) width 171: "ABCDEFGHIJKLMNOP"
                text run at (0,38) width 115: "QRSTUVWXYZ"
                text run at (115,38) width 4: " "
                text run at (0,57) width 169: "abcdefghijklmnopqrstuv"
        layer at (375,290) size 60x60 clip at (377,292) size 40x56 scrollHeight 365
          RenderTextControl {TEXTAREA} at (1,43) size 60x60 [bgcolor=#FFFFFF] [border: (2px solid #000000)]
            RenderBlock {DIV} at (4,4) size 36x361
              RenderText {#text} at (0,0) size 36x361
                text run at (0,0) width 32: "Lore"
                text run at (0,19) width 13: "m"
                text run at (13,19) width 4: " "
                text run at (0,38) width 30: "ipsu"
                text run at (0,57) width 13: "m"
                text run at (13,57) width 8: "  "
                text run at (0,76) width 36: "dolor"
                text run at (36,76) width 0: " "
                text run at (0,95) width 34: "ABC"
                text run at (0,114) width 33: "DEF"
                text run at (0,133) width 36: "GHIJ"
                text run at (0,152) width 33: "KLM"
                text run at (0,171) width 35: "NOP"
                text run at (0,190) width 35: "QRS"
                text run at (0,209) width 33: "TUV"
                text run at (0,228) width 26: "WX"
                text run at (0,247) width 21: "YZ"
                text run at (21,247) width 4: " "
                text run at (0,266) width 35: "abcd"
                text run at (0,285) width 35: "efghi"
                text run at (0,304) width 29: "jklm"
                text run at (0,323) width 36: "nopq"
                text run at (0,342) width 34: "rstuv"
        layer at (459,302) size 204x46 clip at (461,304) size 200x42 scrollHeight 80
          RenderTextControl {TEXTAREA} at (3,31) size 204x46 [bgcolor=#FFFFFF] [border: (2px solid #000000)]
            RenderBlock {DIV} at (4,4) size 196x76
              RenderText {#text} at (0,0) size 195x76
                text run at (0,0) width 136: "Lorem ipsum  dolor"
                text run at (136,0) width 4: " "
                text run at (0,19) width 195: "ABCDEFGHIJKLMNOPQR"
                text run at (0,38) width 91: "STUVWXYZ"
                text run at (91,38) width 4: " "
                text run at (0,57) width 169: "abcdefghijklmnopqrstuv"
        layer at (3,404) size 204x62 clip at (5,406) size 184x42 scrollHeight 80
          RenderTextControl {TEXTAREA} at (3,31) size 204x62 [bgcolor=#FFFFFF] [border: (2px solid #000000)]
            RenderBlock {DIV} at (4,4) size 180x76
              RenderText {#text} at (0,0) size 171x76
                text run at (0,0) width 136: "Lorem ipsum  dolor"
                text run at (136,0) width 4: " "
                text run at (0,19) width 171: "ABCDEFGHIJKLMNOP"
                text run at (0,38) width 115: "QRSTUVWXYZ"
                text run at (115,38) width 4: " "
                text run at (0,57) width 169: "abcdefghijklmnopqrstuv"
        layer at (211,408) size 60x60 clip at (213,410) size 56x56 scrollHeight 270
          RenderTextControl {TEXTAREA} at (1,57) size 60x60 [bgcolor=#FFFFFF] [border: (2px solid #000000)]
            RenderBlock {DIV} at (4,4) size 52x266
              RenderText {#text} at (0,0) size 51x266
                text run at (0,0) width 45: "Lorem"
                text run at (45,0) width 4: " "
                text run at (0,19) width 43: "ipsum"
                text run at (43,19) width 8: "  "
                text run at (0,38) width 36: "dolor"
                text run at (36,38) width 4: " "
                text run at (0,57) width 46: "ABCD"
                text run at (0,76) width 49: "EFGHI"
                text run at (0,95) width 41: "JKLM"
                text run at (0,114) width 47: "NOPQ"
                text run at (0,133) width 45: "RSTU"
                text run at (0,152) width 48: "VWXY"
                text run at (0,171) width 10: "Z"
                text run at (10,171) width 4: " "
                text run at (0,190) width 48: "abcdef"
                text run at (0,209) width 51: "ghijklm"
                text run at (0,228) width 49: "nopqrs"
                text run at (0,247) width 21: "tuv"
        layer at (293,408) size 60x60 clip at (295,410) size 40x40 scrollHeight 365
          RenderTextControl {TEXTAREA} at (1,57) size 60x60 [bgcolor=#FFFFFF] [border: (2px solid #000000)]
            RenderBlock {DIV} at (4,4) size 36x361
              RenderText {#text} at (0,0) size 36x361
                text run at (0,0) width 32: "Lore"
                text run at (0,19) width 13: "m"
                text run at (13,19) width 4: " "
                text run at (0,38) width 30: "ipsu"
                text run at (0,57) width 13: "m"
                text run at (13,57) width 8: "  "
                text run at (0,76) width 36: "dolor"
                text run at (36,76) width 0: " "
                text run at (0,95) width 34: "ABC"
                text run at (0,114) width 33: "DEF"
                text run at (0,133) width 36: "GHIJ"
                text run at (0,152) width 33: "KLM"
                text run at (0,171) width 35: "NOP"
                text run at (0,190) width 35: "QRS"
                text run at (0,209) width 33: "TUV"
                text run at (0,228) width 26: "WX"
                text run at (0,247) width 21: "YZ"
                text run at (21,247) width 4: " "
                text run at (0,266) width 35: "abcd"
                text run at (0,285) width 35: "efghi"
                text run at (0,304) width 29: "jklm"
                text run at (0,323) width 36: "nopq"
                text run at (0,342) width 34: "rstuv"
        layer at (375,408) size 60x60 clip at (377,410) size 40x56 scrollHeight 365
          RenderTextControl {TEXTAREA} at (1,43) size 60x60 [bgcolor=#FFFFFF] [border: (2px solid #000000)]
            RenderBlock {DIV} at (4,4) size 36x361
              RenderText {#text} at (0,0) size 36x361
                text run at (0,0) width 32: "Lore"
                text run at (0,19) width 13: "m"
                text run at (13,19) width 4: " "
                text run at (0,38) width 30: "ipsu"
                text run at (0,57) width 13: "m"
                text run at (13,57) width 8: "  "
                text run at (0,76) width 36: "dolor"
                text run at (36,76) width 0: " "
                text run at (0,95) width 34: "ABC"
                text run at (0,114) width 33: "DEF"
                text run at (0,133) width 36: "GHIJ"
                text run at (0,152) width 33: "KLM"
                text run at (0,171) width 35: "NOP"
                text run at (0,190) width 35: "QRS"
                text run at (0,209) width 33: "TUV"
                text run at (0,228) width 26: "WX"
                text run at (0,247) width 21: "YZ"
                text run at (21,247) width 4: " "
                text run at (0,266) width 35: "abcd"
                text run at (0,285) width 35: "efghi"
                text run at (0,304) width 29: "jklm"
                text run at (0,323) width 36: "nopq"
                text run at (0,342) width 34: "rstuv"
        layer at (457,408) size 60x60 clip at (459,410) size 40x56 scrollHeight 365
          RenderTextControl {TEXTAREA} at (1,43) size 60x60 [bgcolor=#FFFFFF] [border: (2px solid #000000)]
            RenderBlock {DIV} at (4,4) size 36x361
              RenderText {#text} at (0,0) size 36x361
                text run at (0,0) width 32: "Lore"
                text run at (0,19) width 13: "m"
                text run at (13,19) width 4: " "
                text run at (0,38) width 30: "ipsu"
                text run at (0,57) width 13: "m"
                text run at (13,57) width 8: "  "
                text run at (0,76) width 36: "dolor"
                text run at (36,76) width 0: " "
                text run at (0,95) width 34: "ABC"
                text run at (0,114) width 33: "DEF"
                text run at (0,133) width 36: "GHIJ"
                text run at (0,152) width 33: "KLM"
                text run at (0,171) width 35: "NOP"
                text run at (0,190) width 35: "QRS"
                text run at (0,209) width 33: "TUV"
                text run at (0,228) width 26: "WX"
                text run at (0,247) width 21: "YZ"
                text run at (21,247) width 4: " "
                text run at (0,266) width 35: "abcd"
                text run at (0,285) width 35: "efghi"
                text run at (0,304) width 29: "jklm"
                text run at (0,323) width 36: "nopq"
                text run at (0,342) width 34: "rstuv"
        layer at (539,408) size 60x60 clip at (541,410) size 40x56 scrollHeight 365
          RenderTextControl {TEXTAREA} at (1,57) size 60x60 [bgcolor=#FFFFFF] [border: (2px solid #000000)]
            RenderBlock {DIV} at (4,4) size 36x361
              RenderText {#text} at (0,0) size 36x361
                text run at (0,0) width 32: "Lore"
                text run at (0,19) width 13: "m"
                text run at (13,19) width 4: " "
                text run at (0,38) width 30: "ipsu"
                text run at (0,57) width 13: "m"
                text run at (13,57) width 8: "  "
                text run at (0,76) width 36: "dolor"
                text run at (36,76) width 0: " "
                text run at (0,95) width 34: "ABC"
                text run at (0,114) width 33: "DEF"
                text run at (0,133) width 36: "GHIJ"
                text run at (0,152) width 33: "KLM"
                text run at (0,171) width 35: "NOP"
                text run at (0,190) width 35: "QRS"
                text run at (0,209) width 33: "TUV"
                text run at (0,228) width 26: "WX"
                text run at (0,247) width 21: "YZ"
                text run at (21,247) width 4: " "
                text run at (0,266) width 35: "abcd"
                text run at (0,285) width 35: "efghi"
                text run at (0,304) width 29: "jklm"
                text run at (0,323) width 36: "nopq"
                text run at (0,342) width 34: "rstuv"
        layer at (623,420) size 51x46 clip at (625,422) size 31x42 scrollHeight 498
          RenderTextControl {TEXTAREA} at (3,17) size 51x46 [bgcolor=#FFFFFF] [border: (2px solid #000000)]
            RenderBlock {DIV} at (4,4) size 27x494
              RenderText {#text} at (0,0) size 27x494
                text run at (0,0) width 23: "Lor"
                text run at (0,19) width 22: "em"
                text run at (22,19) width 4: " "
                text run at (0,38) width 21: "ips"
                text run at (0,57) width 22: "um"
                text run at (22,57) width 5: "  "
                text run at (0,76) width 22: "dol"
                text run at (0,95) width 14: "or"
                text run at (14,95) width 4: " "
                text run at (0,114) width 22: "AB"
                text run at (0,133) width 24: "CD"
                text run at (0,152) width 21: "EF"
                text run at (0,171) width 24: "GH"
                text run at (0,190) width 23: "IJK"
                text run at (0,209) width 22: "LM"
                text run at (0,228) width 24: "NO"
                text run at (0,247) width 23: "PQ"
                text run at (0,266) width 23: "RS"
                text run at (0,285) width 22: "TU"
                text run at (0,304) width 26: "VW"
                text run at (0,323) width 22: "XY"
                text run at (0,342) width 10: "Z"
                text run at (10,342) width 4: " "
                text run at (0,361) width 26: "abc"
                text run at (0,380) width 22: "def"
                text run at (0,399) width 26: "ghij"
                text run at (0,418) width 25: "klm"
                text run at (0,437) width 27: "nop"
                text run at (0,456) width 26: "qrst"
                text run at (0,475) width 17: "uv"
        layer at (3,562) size 204x65 clip at (5,564) size 184x61 scrollHeight 80
          RenderTextControl {TEXTAREA} at (3,17) size 204x65 [bgcolor=#FFFFFF] [border: (2px solid #000000)]
            RenderBlock {DIV} at (4,4) size 180x76
              RenderText {#text} at (0,0) size 171x76
                text run at (0,0) width 136: "Lorem ipsum  dolor"
                text run at (136,0) width 4: " "
                text run at (0,19) width 171: "ABCDEFGHIJKLMNOP"
                text run at (0,38) width 115: "QRSTUVWXYZ"
                text run at (115,38) width 4: " "
                text run at (0,57) width 169: "abcdefghijklmnopqrstuv"
        layer at (213,581) size 87x46 clip at (215,583) size 67x42 scrollHeight 213
          RenderTextControl {TEXTAREA} at (3,17) size 87x46 [bgcolor=#FFFFFF] [border: (2px solid #000000)]
            RenderBlock {DIV} at (4,4) size 63x209
              RenderText {#text} at (0,0) size 62x209
                text run at (0,0) width 45: "Lorem"
                text run at (45,0) width 4: " "
                text run at (0,19) width 43: "ipsum"
                text run at (43,19) width 8: "  "
                text run at (0,38) width 36: "dolor"
                text run at (36,38) width 4: " "
                text run at (0,57) width 57: "ABCDE"
                text run at (0,76) width 57: "FGHIJK"
                text run at (0,95) width 57: "LMNOP"
                text run at (0,114) width 57: "QRSTU"
                text run at (0,133) width 58: "VWXYZ"
                text run at (58,133) width 4: " "
                text run at (0,152) width 57: "abcdefg"
                text run at (0,171) width 60: "hijklmno"
                text run at (0,190) width 52: "pqrstuv"
        layer at (306,486) size 204x141 clip at (308,488) size 200x137
          RenderTextControl {TEXTAREA} at (3,17) size 204x141 [bgcolor=#FFFFFF] [border: (2px solid #000000)]
            RenderBlock {DIV} at (4,4) size 196x76
              RenderText {#text} at (0,0) size 195x76
                text run at (0,0) width 136: "Lorem ipsum  dolor"
                text run at (136,0) width 4: " "
                text run at (0,19) width 195: "ABCDEFGHIJKLMNOPQR"
                text run at (0,38) width 91: "STUVWXYZ"
                text run at (91,38) width 4: " "
                text run at (0,57) width 169: "abcdefghijklmnopqrstuv"
        layer at (516,543) size 69x84 clip at (518,545) size 49x80 scrollHeight 289
          RenderTextControl {TEXTAREA} at (3,31) size 69x84 [bgcolor=#FFFFFF] [border: (2px solid #000000)]
            RenderBlock {DIV} at (4,4) size 45x285
              RenderText {#text} at (0,0) size 45x285
                text run at (0,0) width 45: "Lorem"
                text run at (45,0) width 0: " "
                text run at (0,19) width 43: "ipsum"
                text run at (0,38) width 36: "dolor"
                text run at (36,38) width 4: " "
                text run at (0,57) width 34: "ABC"
                text run at (0,76) width 45: "DEFG"
                text run at (0,95) width 44: "HIJKL"
                text run at (0,114) width 37: "MNO"
                text run at (0,133) width 35: "PQR"
                text run at (0,152) width 44: "STUV"
                text run at (0,171) width 37: "WXY"
                text run at (0,190) width 10: "Z"
                text run at (10,190) width 4: " "
                text run at (0,209) width 44: "abcde"
                text run at (0,228) width 42: "fghijkl"
                text run at (0,247) width 40: "mnop"
                text run at (0,266) width 43: "qrstuv"
        layer at (3,647) size 204x62 clip at (5,649) size 200x42 scrollWidth 601
          RenderTextControl {TEXTAREA} at (3,17) size 204x62 [bgcolor=#FFFFFF] [border: (2px solid #000000)]
            RenderBlock {DIV} at (4,4) size 196x19
              RenderText {#text} at (0,0) size 599x19
                text run at (0,0) width 599: "Lorem ipsum  dolor ABCDEFGHIJKLMNOPQRSTUVWXYZ abcdefghijklmnopqrstuv"
        layer at (213,663) size 204x46 clip at (215,665) size 184x42 scrollHeight 80
          RenderTextControl {TEXTAREA} at (3,17) size 204x46 [bgcolor=#FFFFFF] [border: (2px solid #000000)]
            RenderBlock {DIV} at (4,4) size 180x76
              RenderText {#text} at (0,0) size 171x76
                text run at (0,0) width 136: "Lorem ipsum  dolor"
                text run at (136,0) width 4: " "
                text run at (0,19) width 171: "ABCDEFGHIJKLMNOP"
                text run at (0,38) width 115: "QRSTUVWXYZ"
                text run at (115,38) width 4: " "
                text run at (0,57) width 169: "abcdefghijklmnopqrstuv"
        layer at (423,663) size 204x46 clip at (425,665) size 184x42 scrollHeight 80
          RenderTextControl {TEXTAREA} at (3,17) size 204x46 [bgcolor=#FFFFFF] [border: (2px solid #000000)]
            RenderBlock {DIV} at (4,4) size 180x76
              RenderText {#text} at (0,0) size 171x76
                text run at (0,0) width 136: "Lorem ipsum  dolor"
                text run at (136,0) width 4: " "
                text run at (0,19) width 171: "ABCDEFGHIJKLMNOP"
                text run at (0,38) width 115: "QRSTUVWXYZ"
                text run at (115,38) width 4: " "
                text run at (0,57) width 169: "abcdefghijklmnopqrstuv"
        layer at (3,743) size 204x46 clip at (5,745) size 184x42 scrollHeight 80
          RenderTextControl {TEXTAREA} at (3,31) size 204x46 [bgcolor=#FFFFFF] [border: (2px solid #000000)]
            RenderBlock {DIV} at (4,4) size 180x76
              RenderText {#text} at (0,0) size 171x76
                text run at (0,0) width 96: "Lorem ipsum "
                text run at (96,0) width 36: "dolor"
                text run at (0,19) width 171: "ABCDEFGHIJKLMNOP"
                text run at (0,38) width 115: "QRSTUVWXYZ"
                text run at (0,57) width 169: "abcdefghijklmnopqrstuv"
        layer at (213,743) size 204x46 clip at (215,745) size 184x42 scrollHeight 80
          RenderTextControl {TEXTAREA} at (3,31) size 204x46 [bgcolor=#FFFFFF] [border: (2px solid #000000)]
            RenderBlock {DIV} at (4,4) size 180x76
              RenderText {#text} at (0,0) size 174x76
                text run at (0,0) width 174: "Lorem ipsum  dolor ABC"
                text run at (0,19) width 172: "DEFGHIJKLMNOPQRS"
                text run at (0,38) width 170: "TUVWXYZ abcdefghijkl"
                text run at (0,57) width 83: "mnopqrstuv"
        layer at (423,743) size 204x46 clip at (425,745) size 184x42 scrollHeight 80
          RenderTextControl {TEXTAREA} at (3,31) size 204x46 [bgcolor=#FFFFFF] [border: (2px solid #000000)]
            RenderBlock {DIV} at (4,4) size 180x76
              RenderText {#text} at (0,0) size 171x76
                text run at (0,0) width 136: "Lorem ipsum  dolor"
                text run at (136,0) width 4: " "
                text run at (0,19) width 171: "ABCDEFGHIJKLMNOP"
                text run at (0,38) width 115: "QRSTUVWXYZ"
                text run at (115,38) width 4: " "
                text run at (0,57) width 169: "abcdefghijklmnopqrstuv"
        layer at (3,839) size 204x46 clip at (5,841) size 200x26 scrollWidth 597
          RenderTextControl {TEXTAREA} at (3,31) size 204x46 [bgcolor=#FFFFFF] [border: (2px solid #000000)]
            RenderBlock {DIV} at (4,4) size 196x19
              RenderText {#text} at (0,0) size 595x19
                text run at (0,0) width 96: "Lorem ipsum "
                text run at (96,0) width 499: "dolor ABCDEFGHIJKLMNOPQRSTUVWXYZ abcdefghijklmnopqrstuv"
        layer at (213,839) size 204x46 clip at (215,841) size 184x42 scrollHeight 80
          RenderTextControl {TEXTAREA} at (3,31) size 204x46 [bgcolor=#FFFFFF] [border: (2px solid #000000)]
            RenderBlock {DIV} at (4,4) size 180x76
              RenderText {#text} at (0,0) size 171x76
                text run at (0,0) width 96: "Lorem ipsum "
                text run at (96,0) width 36: "dolor"
                text run at (0,19) width 171: "ABCDEFGHIJKLMNOP"
                text run at (0,38) width 115: "QRSTUVWXYZ"
                text run at (0,57) width 169: "abcdefghijklmnopqrstuv"
        layer at (423,823) size 204x62 clip at (425,825) size 184x42 scrollWidth 288 scrollHeight 61
          RenderTextControl {TEXTAREA} at (3,31) size 204x62 [bgcolor=#FFFFFF] [border: (2px solid #000000)]
            RenderBlock {DIV} at (4,4) size 180x57
              RenderText {#text} at (0,0) size 286x57
                text run at (0,0) width 136: "Lorem ipsum  dolor"
                text run at (136,0) width 4: " "
                text run at (0,19) width 286: "ABCDEFGHIJKLMNOPQRSTUVWXYZ"
                text run at (0,38) width 169: "abcdefghijklmnopqrstuv"
        layer at (3,933) size 204x62 clip at (5,935) size 184x42 scrollWidth 288 scrollHeight 61
          RenderTextControl {TEXTAREA} at (3,45) size 204x62 [bgcolor=#FFFFFF] [border: (2px solid #000000)]
            RenderBlock {DIV} at (4,4) size 180x57
              RenderText {#text} at (0,0) size 286x57
                text run at (0,0) width 136: "Lorem ipsum  dolor"
                text run at (136,0) width 4: " "
                text run at (0,19) width 286: "ABCDEFGHIJKLMNOPQRSTUVWXYZ"
                text run at (0,38) width 169: "abcdefghijklmnopqrstuv"
      RenderText {#text} at (0,0) size 0x0
