layer at (0,0) size 781x1148
  RenderView at (0,0) size 781x600
layer at (0,0) size 781x1148
  RenderBlock {HTML} at (0,0) size 781x600
    RenderBody {BODY} at (8,8) size 765x584
      RenderBlock (floating) {DIV} at (0,0) size 352x1027 [border: (1px solid #FF0000)]
        RenderBlock (anonymous) at (1,1) size 350x14
          RenderText {#text} at (0,-1) size 177x17
            text run at (0,-1) width 177: "Plain textarea with little content"
        RenderBlock {DIV} at (1,15) size 352x52 [border: (1px solid #FF0000)]
          RenderText {#text} at (1,36) size 13x17
            text run at (1,36) width 13: "A "
          RenderText {#text} at (220,36) size 12x17
            text run at (220,36) width 12: " B"
        RenderBlock (anonymous) at (1,67) size 350x14
          RenderText {#text} at (0,-1) size 75x17
            text run at (0,-1) width 75: "Plain textarea"
        RenderBlock {DIV} at (1,81) size 352x52 [border: (1px solid #FF0000)]
          RenderText {#text} at (1,36) size 13x17
            text run at (1,36) width 13: "A "
          RenderText {#text} at (220,36) size 12x17
            text run at (220,36) width 12: " B"
        RenderBlock (anonymous) at (1,133) size 350x14
          RenderText {#text} at (0,-1) size 96x17
            text run at (0,-1) width 96: "Disabled textarea"
        RenderBlock {DIV} at (1,147) size 352x52 [border: (1px solid #FF0000)]
          RenderText {#text} at (1,36) size 13x17
            text run at (1,36) width 13: "A "
          RenderText {#text} at (220,36) size 12x17
            text run at (220,36) width 12: " B"
        RenderBlock (anonymous) at (1,199) size 350x14
          RenderText {#text} at (0,-1) size 119x17
            text run at (0,-1) width 119: "style=\"padding:10px\""
        RenderBlock {DIV} at (1,213) size 352x68 [border: (1px solid #FF0000)]
          RenderText {#text} at (1,52) size 13x17
            text run at (1,52) width 13: "A "
          RenderText {#text} at (236,52) size 12x17
            text run at (236,52) width 12: " B"
        RenderBlock (anonymous) at (1,281) size 350x14
          RenderText {#text} at (0,-1) size 112x17
            text run at (0,-1) width 112: "style=\"padding:0px\""
        RenderBlock {DIV} at (1,295) size 352x48 [border: (1px solid #FF0000)]
          RenderText {#text} at (1,32) size 13x17
            text run at (1,32) width 13: "A "
          RenderText {#text} at (216,32) size 12x17
            text run at (216,32) width 12: " B"
        RenderBlock (anonymous) at (1,343) size 350x14
          RenderText {#text} at (0,-1) size 114x17
            text run at (0,-1) width 114: "style=\"margin:10px\""
        RenderBlock {DIV} at (1,357) size 352x68 [border: (1px solid #FF0000)]
          RenderText {#text} at (1,52) size 13x17
            text run at (1,52) width 13: "A "
          RenderText {#text} at (236,52) size 12x17
            text run at (236,52) width 12: " B"
        RenderBlock (anonymous) at (1,425) size 350x14
          RenderText {#text} at (0,-1) size 107x17
            text run at (0,-1) width 107: "style=\"margin:0px\""
        RenderBlock {DIV} at (1,439) size 352x48 [border: (1px solid #FF0000)]
          RenderText {#text} at (1,32) size 13x17
            text run at (1,32) width 13: "A "
          RenderText {#text} at (216,32) size 12x17
            text run at (216,32) width 12: " B"
        RenderBlock (anonymous) at (1,487) size 350x14
          RenderText {#text} at (0,-1) size 38x17
            text run at (0,-1) width 38: "cols=3"
        RenderBlock {DIV} at (1,501) size 352x52 [border: (1px solid #FF0000)]
          RenderText {#text} at (1,36) size 13x17
            text run at (1,36) width 13: "A "
          RenderText {#text} at (67,36) size 12x17
            text run at (67,36) width 12: " B"
        RenderBlock (anonymous) at (1,553) size 350x14
          RenderText {#text} at (0,-1) size 44x17
            text run at (0,-1) width 44: "rows=3"
        RenderBlock {DIV} at (1,567) size 352x71 [border: (1px solid #FF0000)]
          RenderText {#text} at (1,55) size 13x17
            text run at (1,55) width 13: "A "
          RenderText {#text} at (220,55) size 12x17
            text run at (220,55) width 12: " B"
        RenderBlock (anonymous) at (1,638) size 350x14
          RenderText {#text} at (0,-1) size 45x17
            text run at (0,-1) width 45: "cols=10"
        RenderBlock {DIV} at (1,652) size 352x52 [border: (1px solid #FF0000)]
          RenderText {#text} at (1,36) size 13x17
            text run at (1,36) width 13: "A "
          RenderText {#text} at (130,36) size 12x17
            text run at (130,36) width 12: " B"
        RenderBlock (anonymous) at (1,704) size 350x14
          RenderText {#text} at (0,-1) size 51x17
            text run at (0,-1) width 51: "rows=10"
        RenderBlock {DIV} at (1,718) size 352x204 [border: (1px solid #FF0000)]
          RenderText {#text} at (1,188) size 13x17
            text run at (1,188) width 13: "A "
          RenderText {#text} at (220,188) size 12x17
            text run at (220,188) width 12: " B"
        RenderBlock (anonymous) at (1,922) size 350x14
          RenderText {#text} at (0,-1) size 86x17
            text run at (0,-1) width 86: "cols=5 rows=4"
        RenderBlock {DIV} at (1,936) size 352x90 [border: (1px solid #FF0000)]
          RenderText {#text} at (1,74) size 13x17
            text run at (1,74) width 13: "A "
          RenderText {#text} at (85,74) size 12x17
            text run at (85,74) width 12: " B"
      RenderBlock (floating) {DIV} at (352,0) size 352x1140 [border: (1px solid #FF0000)]
        RenderBlock (anonymous) at (1,1) size 350x14
          RenderText {#text} at (0,-1) size 107x17
            text run at (0,-1) width 107: "style=\"width:60px\""
        RenderBlock {DIV} at (1,15) size 352x52 [border: (1px solid #FF0000)]
          RenderText {#text} at (1,36) size 13x17
            text run at (1,36) width 13: "A "
          RenderText {#text} at (74,36) size 12x17
            text run at (74,36) width 12: " B"
        RenderBlock (anonymous) at (1,67) size 350x14
          RenderText {#text} at (0,-1) size 186x17
            text run at (0,-1) width 186: "style=\"width:60px;padding:20px\""
        RenderBlock {DIV} at (1,81) size 352x88 [border: (1px solid #FF0000)]
          RenderText {#text} at (1,72) size 13x17
            text run at (1,72) width 13: "A "
          RenderText {#text} at (74,72) size 12x17
            text run at (74,72) width 12: " B"
        RenderBlock (anonymous) at (1,169) size 350x14
          RenderText {#text} at (0,-1) size 165x17
            text run at (0,-1) width 165: "style=\"width:60px;padding:0\""
        RenderBlock {DIV} at (1,183) size 352x48 [border: (1px solid #FF0000)]
          RenderText {#text} at (1,32) size 13x17
            text run at (1,32) width 13: "A "
          RenderText {#text} at (74,32) size 12x17
            text run at (74,32) width 12: " B"
        RenderBlock (anonymous) at (1,231) size 350x14
          RenderText {#text} at (0,-1) size 109x17
            text run at (0,-1) width 109: "style=\"height:60px\""
        RenderBlock {DIV} at (1,245) size 352x64 [border: (1px solid #FF0000)]
          RenderText {#text} at (1,48) size 13x17
            text run at (1,48) width 13: "A "
          RenderText {#text} at (220,48) size 12x17
            text run at (220,48) width 12: " B"
        RenderBlock (anonymous) at (1,309) size 350x14
          RenderText {#text} at (0,-1) size 176x17
            text run at (0,-1) width 176: "style=\"width:60px;height:60px\""
        RenderBlock {DIV} at (1,323) size 352x64 [border: (1px solid #FF0000)]
          RenderText {#text} at (1,48) size 13x17
            text run at (1,48) width 13: "A "
          RenderText {#text} at (74,48) size 12x17
            text run at (74,48) width 12: " B"
        RenderBlock (anonymous) at (1,387) size 350x14
          RenderText {#text} at (0,-1) size 135x17
            text run at (0,-1) width 135: "style=\"overflow:hidden\""
        RenderBlock {DIV} at (1,401) size 352x52 [border: (1px solid #FF0000)]
          RenderText {#text} at (1,36) size 13x17
            text run at (1,36) width 13: "A "
          RenderText {#text} at (220,36) size 12x17
            text run at (220,36) width 12: " B"
        RenderBlock (anonymous) at (1,453) size 350x14
          RenderText {#text} at (0,-1) size 129x17
            text run at (0,-1) width 129: "style=\"overflow:scroll\""
        RenderBlock {DIV} at (1,467) size 352x68 [border: (1px solid #FF0000)]
          RenderText {#text} at (1,52) size 13x17
            text run at (1,52) width 13: "A "
          RenderText {#text} at (220,52) size 12x17
            text run at (220,52) width 12: " B"
        RenderBlock (anonymous) at (1,535) size 350x14
          RenderText {#text} at (0,-1) size 271x17
            text run at (0,-1) width 271: "style=\"overflow:hidden;width:60px;height:60px\""
        RenderBlock {DIV} at (1,549) size 352x64 [border: (1px solid #FF0000)]
          RenderText {#text} at (1,48) size 13x17
            text run at (1,48) width 13: "A "
          RenderText {#text} at (74,48) size 12x17
            text run at (74,48) width 12: " B"
        RenderBlock (anonymous) at (1,613) size 350x14
          RenderText {#text} at (0,-1) size 265x17
            text run at (0,-1) width 265: "style=\"overflow:scroll;width:60px;height:60px\""
        RenderBlock {DIV} at (1,627) size 352x64 [border: (1px solid #FF0000)]
          RenderText {#text} at (1,48) size 13x17
            text run at (1,48) width 13: "A "
          RenderText {#text} at (74,48) size 12x17
            text run at (74,48) width 12: " B"
        RenderBlock (anonymous) at (1,691) size 350x14
          RenderText {#text} at (0,-1) size 218x17
            text run at (0,-1) width 218: "cols=5 style=\"width:60px;height:60px\""
        RenderBlock {DIV} at (1,705) size 352x64 [border: (1px solid #FF0000)]
          RenderText {#text} at (1,48) size 13x17
            text run at (1,48) width 13: "A "
          RenderText {#text} at (74,48) size 12x17
            text run at (74,48) width 12: " B"
        RenderBlock (anonymous) at (1,769) size 350x14
          RenderText {#text} at (0,-1) size 224x17
            text run at (0,-1) width 224: "rows=4 style=\"width:60px;height:60px\""
        RenderBlock {DIV} at (1,783) size 352x64 [border: (1px solid #FF0000)]
          RenderText {#text} at (1,48) size 13x17
            text run at (1,48) width 13: "A "
          RenderText {#text} at (74,48) size 12x17
            text run at (74,48) width 12: " B"
        RenderBlock (anonymous) at (1,847) size 350x14
          RenderText {#text} at (0,-1) size 266x17
            text run at (0,-1) width 266: "cols=5 rows=4 style=\"width:60px;height:60px\""
        RenderBlock {DIV} at (1,861) size 352x64 [border: (1px solid #FF0000)]
          RenderText {#text} at (1,48) size 13x17
            text run at (1,48) width 13: "A "
          RenderText {#text} at (74,48) size 12x17
            text run at (74,48) width 12: " B"
        RenderBlock (anonymous) at (1,925) size 350x14
          RenderText {#text} at (0,-1) size 64x17
            text run at (0,-1) width 64: "wrap=\"off\""
        RenderBlock {DIV} at (1,939) size 352x68 [border: (1px solid #FF0000)]
          RenderText {#text} at (1,52) size 13x17
            text run at (1,52) width 13: "A "
          RenderText {#text} at (220,52) size 12x17
            text run at (220,52) width 4: " "
            text run at (224,52) width 8: "B"
        RenderBlock (anonymous) at (1,1007) size 350x14
          RenderText {#text} at (0,-1) size 72x17
            text run at (0,-1) width 72: "wrap=\"hard\""
        RenderBlock {DIV} at (1,1021) size 352x52 [border: (1px solid #FF0000)]
          RenderText {#text} at (1,36) size 13x17
            text run at (1,36) width 13: "A "
          RenderText {#text} at (220,36) size 12x17
            text run at (220,36) width 4: " "
            text run at (224,36) width 8: "B"
        RenderBlock (anonymous) at (1,1073) size 350x14
          RenderText {#text} at (0,-1) size 69x17
            text run at (0,-1) width 69: "wrap=\"soft\""
        RenderBlock {DIV} at (1,1087) size 352x52 [border: (1px solid #FF0000)]
          RenderText {#text} at (1,36) size 13x17
            text run at (1,36) width 13: "A "
          RenderText {#text} at (220,36) size 12x17
            text run at (220,36) width 4: " "
            text run at (224,36) width 8: "B"
layer at (25,26) size 202x44 clip at (26,27) size 200x42
  RenderTextControl {TEXTAREA} at (16,3) size 202x44 [bgcolor=#FFFFFF] [border: (1px solid #000000)]
    RenderBlock {DIV} at (3,3) size 196x19
      RenderText {#text} at (0,0) size 130x19
        text run at (0,0) width 130: "Lorem ipsum dolor"
layer at (25,92) size 202x44 clip at (26,93) size 184x42 scrollHeight 80
  RenderTextControl {TEXTAREA} at (16,3) size 202x44 [bgcolor=#FFFFFF] [border: (1px solid #000000)]
    RenderBlock {DIV} at (3,3) size 180x76
      RenderText {#text} at (0,0) size 180x76
        text run at (0,0) width 130: "Lorem ipsum dolor"
        text run at (130,0) width 4: " "
        text run at (0,19) width 180: "ABCDEFGHIJKLMNOPQ"
        text run at (0,38) width 97: "RSTUVWXYZ"
        text run at (97,38) width 4: " "
        text run at (0,57) width 163: "abcdefghijklmnopqrstuv"
        text run at (163,57) width 4: " "
layer at (25,158) size 202x44 clip at (26,159) size 184x42 scrollHeight 80
  RenderTextControl {TEXTAREA} at (16,3) size 202x44 [bgcolor=#FFFFFF] [border: (1px solid #000000)]
    RenderBlock {DIV} at (3,3) size 180x76 [color=#545454]
      RenderText {#text} at (0,0) size 180x76
        text run at (0,0) width 130: "Lorem ipsum dolor"
        text run at (130,0) width 4: " "
        text run at (0,19) width 180: "ABCDEFGHIJKLMNOPQ"
        text run at (0,38) width 97: "RSTUVWXYZ"
        text run at (97,38) width 4: " "
        text run at (0,57) width 163: "abcdefghijklmnopqrstuv"
        text run at (163,57) width 4: " "
layer at (25,224) size 218x60 clip at (26,225) size 200x58 scrollHeight 96
  RenderTextControl {TEXTAREA} at (16,3) size 218x60 [bgcolor=#FFFFFF] [border: (1px solid #000000)]
    RenderBlock {DIV} at (11,11) size 180x76
      RenderText {#text} at (0,0) size 180x76
        text run at (0,0) width 130: "Lorem ipsum dolor"
        text run at (130,0) width 4: " "
        text run at (0,19) width 180: "ABCDEFGHIJKLMNOPQ"
        text run at (0,38) width 97: "RSTUVWXYZ"
        text run at (97,38) width 4: " "
        text run at (0,57) width 163: "abcdefghijklmnopqrstuv"
        text run at (163,57) width 4: " "
layer at (25,306) size 198x40 clip at (26,307) size 180x38 scrollHeight 76
  RenderTextControl {TEXTAREA} at (16,3) size 198x40 [bgcolor=#FFFFFF] [border: (1px solid #000000)]
    RenderBlock {DIV} at (1,1) size 180x76
      RenderText {#text} at (0,0) size 180x76
        text run at (0,0) width 130: "Lorem ipsum dolor"
        text run at (130,0) width 4: " "
        text run at (0,19) width 180: "ABCDEFGHIJKLMNOPQ"
        text run at (0,38) width 97: "RSTUVWXYZ"
        text run at (97,38) width 4: " "
        text run at (0,57) width 163: "abcdefghijklmnopqrstuv"
        text run at (163,57) width 4: " "
layer at (33,376) size 202x44 clip at (34,377) size 184x42 scrollHeight 80
  RenderTextControl {TEXTAREA} at (24,11) size 202x44 [bgcolor=#FFFFFF] [border: (1px solid #000000)]
    RenderBlock {DIV} at (3,3) size 180x76
      RenderText {#text} at (0,0) size 180x76
        text run at (0,0) width 130: "Lorem ipsum dolor"
        text run at (130,0) width 4: " "
        text run at (0,19) width 180: "ABCDEFGHIJKLMNOPQ"
        text run at (0,38) width 97: "RSTUVWXYZ"
        text run at (97,38) width 4: " "
        text run at (0,57) width 163: "abcdefghijklmnopqrstuv"
        text run at (163,57) width 4: " "
layer at (23,448) size 202x44 clip at (24,449) size 184x42 scrollHeight 80
  RenderTextControl {TEXTAREA} at (14,1) size 202x44 [bgcolor=#FFFFFF] [border: (1px solid #000000)]
    RenderBlock {DIV} at (3,3) size 180x76
      RenderText {#text} at (0,0) size 180x76
        text run at (0,0) width 130: "Lorem ipsum dolor"
        text run at (130,0) width 4: " "
        text run at (0,19) width 180: "ABCDEFGHIJKLMNOPQ"
        text run at (0,38) width 97: "RSTUVWXYZ"
        text run at (97,38) width 4: " "
        text run at (0,57) width 163: "abcdefghijklmnopqrstuv"
        text run at (163,57) width 4: " "
layer at (25,512) size 49x44 clip at (26,513) size 31x42 scrollHeight 498
  RenderTextControl {TEXTAREA} at (16,3) size 49x44 [bgcolor=#FFFFFF] [border: (1px solid #000000)]
    RenderBlock {DIV} at (3,3) size 27x494
      RenderText {#text} at (0,0) size 26x494
        text run at (0,0) width 23: "Lor"
        text run at (0,19) width 22: "em"
        text run at (22,19) width 4: " "
        text run at (0,38) width 21: "ips"
        text run at (0,57) width 21: "um"
        text run at (21,57) width 4: " "
        text run at (0,76) width 21: "dol"
        text run at (0,95) width 14: "or"
        text run at (14,95) width 4: " "
        text run at (0,114) width 22: "AB"
        text run at (0,133) width 24: "CD"
        text run at (0,152) width 21: "EF"
        text run at (0,171) width 26: "GHI"
        text run at (0,190) width 19: "JK"
        text run at (0,209) width 22: "LM"
        text run at (0,228) width 23: "NO"
        text run at (0,247) width 23: "PQ"
        text run at (0,266) width 22: "RS"
        text run at (0,285) width 20: "TU"
        text run at (0,304) width 26: "VW"
        text run at (0,323) width 20: "XY"
        text run at (0,342) width 9: "Z"
        text run at (9,342) width 4: " "
        text run at (0,361) width 26: "abc"
        text run at (0,380) width 22: "def"
        text run at (0,399) width 24: "ghij"
        text run at (0,418) width 24: "klm"
        text run at (0,437) width 26: "nop"
        text run at (0,456) width 26: "qrst"
        text run at (0,475) width 15: "uv"
        text run at (15,475) width 4: " "
layer at (25,578) size 202x63 clip at (26,579) size 184x61 scrollHeight 80
  RenderTextControl {TEXTAREA} at (16,3) size 202x63 [bgcolor=#FFFFFF] [border: (1px solid #000000)]
    RenderBlock {DIV} at (3,3) size 180x76
      RenderText {#text} at (0,0) size 180x76
        text run at (0,0) width 130: "Lorem ipsum dolor"
        text run at (130,0) width 4: " "
        text run at (0,19) width 180: "ABCDEFGHIJKLMNOPQ"
        text run at (0,38) width 97: "RSTUVWXYZ"
        text run at (97,38) width 4: " "
        text run at (0,57) width 163: "abcdefghijklmnopqrstuv"
        text run at (163,57) width 4: " "
layer at (25,663) size 112x44 clip at (26,664) size 94x42 scrollHeight 156
  RenderTextControl {TEXTAREA} at (16,3) size 112x44 [bgcolor=#FFFFFF] [border: (1px solid #000000)]
    RenderBlock {DIV} at (3,3) size 90x152
      RenderText {#text} at (0,0) size 90x152
        text run at (0,0) width 45: "Lorem"
        text run at (45,0) width 4: " "
        text run at (0,19) width 81: "ipsum dolor"
        text run at (81,19) width 4: " "
        text run at (0,38) width 90: "ABCDEFGH"
        text run at (0,57) width 90: "IJKLMNOPQ"
        text run at (0,76) width 88: "RSTUVWXY"
        text run at (0,95) width 9: "Z"
        text run at (9,95) width 4: " "
        text run at (0,114) width 83: "abcdefghijkl"
        text run at (0,133) width 80: "mnopqrstuv"
        text run at (80,133) width 4: " "
layer at (25,729) size 202x196 clip at (26,730) size 200x194
  RenderTextControl {TEXTAREA} at (16,3) size 202x196 [bgcolor=#FFFFFF] [border: (1px solid #000000)]
    RenderBlock {DIV} at (3,3) size 196x76
      RenderText {#text} at (0,0) size 191x76
        text run at (0,0) width 130: "Lorem ipsum dolor"
        text run at (130,0) width 4: " "
        text run at (0,19) width 191: "ABCDEFGHIJKLMNOPQR"
        text run at (0,38) width 86: "STUVWXYZ"
        text run at (86,38) width 4: " "
        text run at (0,57) width 163: "abcdefghijklmnopqrstuv"
        text run at (163,57) width 4: " "
layer at (25,947) size 67x82 clip at (26,948) size 49x80 scrollHeight 270
  RenderTextControl {TEXTAREA} at (16,3) size 67x82 [bgcolor=#FFFFFF] [border: (1px solid #000000)]
    RenderBlock {DIV} at (3,3) size 45x266
      RenderText {#text} at (0,0) size 45x266
        text run at (0,0) width 45: "Lorem"
        text run at (45,0) width 0: " "
        text run at (0,19) width 42: "ipsum"
        text run at (42,19) width 3: " "
        text run at (0,38) width 35: "dolor"
        text run at (35,38) width 4: " "
        text run at (0,57) width 34: "ABC"
        text run at (0,76) width 45: "DEFG"
        text run at (0,95) width 42: "HIJKL"
        text run at (0,114) width 36: "MNO"
        text run at (0,133) width 45: "PQRS"
        text run at (0,152) width 31: "TUV"
        text run at (0,171) width 44: "WXYZ"
        text run at (44,171) width 1: " "
        text run at (0,190) width 44: "abcde"
        text run at (0,209) width 39: "fghijkl"
        text run at (0,228) width 39: "mnop"
        text run at (0,247) width 41: "qrstuv"
        text run at (41,247) width 4: " "
layer at (375,26) size 60x44 clip at (376,27) size 42x42 scrollHeight 365
  RenderTextControl {TEXTAREA} at (14,3) size 60x44 [bgcolor=#FFFFFF] [border: (1px solid #000000)]
    RenderBlock {DIV} at (3,3) size 38x361
      RenderText {#text} at (0,0) size 38x361
        text run at (0,0) width 32: "Lore"
        text run at (0,19) width 13: "m"
        text run at (13,19) width 4: " "
        text run at (0,38) width 29: "ipsu"
        text run at (0,57) width 13: "m"
        text run at (13,57) width 4: " "
        text run at (0,76) width 35: "dolor"
        text run at (35,76) width 3: " "
        text run at (0,95) width 34: "ABC"
        text run at (0,114) width 33: "DEF"
        text run at (0,133) width 34: "GHIJ"
        text run at (0,152) width 33: "KLM"
        text run at (0,171) width 34: "NOP"
        text run at (0,190) width 34: "QRS"
        text run at (0,209) width 31: "TUV"
        text run at (0,228) width 35: "WXY"
        text run at (0,247) width 9: "Z"
        text run at (9,247) width 4: " "
        text run at (0,266) width 35: "abcd"
        text run at (0,285) width 37: "efghij"
        text run at (0,304) width 32: "klmn"
        text run at (0,323) width 32: "opqr"
        text run at (0,342) width 27: "stuv"
        text run at (27,342) width 4: " "
layer at (375,92) size 60x80 clip at (376,93) size 42x78 scrollHeight 1237
  RenderTextControl {TEXTAREA} at (14,3) size 60x80 [bgcolor=#FFFFFF] [border: (1px solid #000000)]
    RenderBlock {DIV} at (21,21) size 2x1197
      RenderText {#text} at (0,0) size 15x1197
        text run at (0,0) width 9: "L"
        text run at (0,19) width 9: "o"
        text run at (0,38) width 5: "r"
        text run at (0,57) width 9: "e"
        text run at (0,76) width 13: "m"
        text run at (0,95) width 4: "i"
        text run at (0,114) width 9: "p"
        text run at (0,133) width 8: "s"
        text run at (0,152) width 8: "u"
        text run at (0,171) width 13: "m"
        text run at (0,190) width 9: "d"
        text run at (0,209) width 9: "o"
        text run at (0,228) width 3: "l"
        text run at (0,247) width 9: "o"
        text run at (0,266) width 5: "r"
        text run at (0,285) width 11: "A"
        text run at (0,304) width 11: "B"
        text run at (0,323) width 12: "C"
        text run at (0,342) width 12: "D"
        text run at (0,361) width 11: "E"
        text run at (0,380) width 10: "F"
        text run at (0,399) width 12: "G"
        text run at (0,418) width 11: "H"
        text run at (0,437) width 3: "I"
        text run at (0,456) width 8: "J"
        text run at (0,475) width 11: "K"
        text run at (0,494) width 9: "L"
        text run at (0,513) width 13: "M"
        text run at (0,532) width 11: "N"
        text run at (0,551) width 12: "O"
        text run at (0,570) width 11: "P"
        text run at (0,589) width 12: "Q"
        text run at (0,608) width 11: "R"
        text run at (0,627) width 11: "S"
        text run at (0,646) width 9: "T"
        text run at (0,665) width 11: "U"
        text run at (0,684) width 11: "V"
        text run at (0,703) width 15: "W"
        text run at (0,722) width 11: "X"
        text run at (0,741) width 9: "Y"
        text run at (0,760) width 9: "Z"
        text run at (0,779) width 9: "a"
        text run at (0,798) width 9: "b"
        text run at (0,817) width 8: "c"
        text run at (0,836) width 9: "d"
        text run at (0,855) width 9: "e"
        text run at (0,874) width 4: "f"
        text run at (0,893) width 9: "g"
        text run at (0,912) width 8: "h"
        text run at (0,931) width 4: "i"
        text run at (0,950) width 3: "j"
        text run at (0,969) width 8: "k"
        text run at (0,988) width 3: "l"
        text run at (0,1007) width 13: "m"
        text run at (0,1026) width 8: "n"
        text run at (0,1045) width 9: "o"
        text run at (0,1064) width 9: "p"
        text run at (0,1083) width 9: "q"
        text run at (0,1102) width 5: "r"
        text run at (0,1121) width 8: "s"
        text run at (0,1140) width 4: "t"
        text run at (0,1159) width 8: "u"
        text run at (0,1178) width 7: "v"
layer at (375,194) size 60x40 clip at (376,195) size 42x38 scrollHeight 342
  RenderTextControl {TEXTAREA} at (14,3) size 60x40 [bgcolor=#FFFFFF] [border: (1px solid #000000)]
    RenderBlock {DIV} at (1,1) size 42x342
      RenderText {#text} at (0,0) size 42x342
        text run at (0,0) width 32: "Lore"
        text run at (0,19) width 13: "m"
        text run at (13,19) width 4: " "
        text run at (0,38) width 42: "ipsum"
        text run at (42,38) width 0: " "
        text run at (0,57) width 35: "dolor"
        text run at (35,57) width 4: " "
        text run at (0,76) width 34: "ABC"
        text run at (0,95) width 33: "DEF"
        text run at (0,114) width 34: "GHIJ"
        text run at (0,133) width 33: "KLM"
        text run at (0,152) width 34: "NOP"
        text run at (0,171) width 34: "QRS"
        text run at (0,190) width 31: "TUV"
        text run at (0,209) width 35: "WXY"
        text run at (0,228) width 9: "Z"
        text run at (9,228) width 4: " "
        text run at (0,247) width 35: "abcd"
        text run at (0,266) width 37: "efghij"
        text run at (0,285) width 41: "klmno"
        text run at (0,304) width 35: "pqrst"
        text run at (0,323) width 15: "uv"
        text run at (15,323) width 4: " "
layer at (377,254) size 202x60 clip at (378,255) size 184x58 scrollHeight 80
  RenderTextControl {TEXTAREA} at (16,1) size 202x60 [bgcolor=#FFFFFF] [border: (1px solid #000000)]
    RenderBlock {DIV} at (3,3) size 180x76
      RenderText {#text} at (0,0) size 180x76
        text run at (0,0) width 130: "Lorem ipsum dolor"
        text run at (130,0) width 4: " "
        text run at (0,19) width 180: "ABCDEFGHIJKLMNOPQ"
        text run at (0,38) width 97: "RSTUVWXYZ"
        text run at (97,38) width 4: " "
        text run at (0,57) width 163: "abcdefghijklmnopqrstuv"
        text run at (163,57) width 4: " "
layer at (375,332) size 60x60 clip at (376,333) size 42x58 scrollHeight 365
  RenderTextControl {TEXTAREA} at (14,1) size 60x60 [bgcolor=#FFFFFF] [border: (1px solid #000000)]
    RenderBlock {DIV} at (3,3) size 38x361
      RenderText {#text} at (0,0) size 38x361
        text run at (0,0) width 32: "Lore"
        text run at (0,19) width 13: "m"
        text run at (13,19) width 4: " "
        text run at (0,38) width 29: "ipsu"
        text run at (0,57) width 13: "m"
        text run at (13,57) width 4: " "
        text run at (0,76) width 35: "dolor"
        text run at (35,76) width 3: " "
        text run at (0,95) width 34: "ABC"
        text run at (0,114) width 33: "DEF"
        text run at (0,133) width 34: "GHIJ"
        text run at (0,152) width 33: "KLM"
        text run at (0,171) width 34: "NOP"
        text run at (0,190) width 34: "QRS"
        text run at (0,209) width 31: "TUV"
        text run at (0,228) width 35: "WXY"
        text run at (0,247) width 9: "Z"
        text run at (9,247) width 4: " "
        text run at (0,266) width 35: "abcd"
        text run at (0,285) width 37: "efghij"
        text run at (0,304) width 32: "klmn"
        text run at (0,323) width 32: "opqr"
        text run at (0,342) width 27: "stuv"
        text run at (27,342) width 4: " "
layer at (377,412) size 202x44 clip at (378,413) size 200x42 scrollHeight 80
  RenderTextControl {TEXTAREA} at (16,3) size 202x44 [bgcolor=#FFFFFF] [border: (1px solid #000000)]
    RenderBlock {DIV} at (3,3) size 196x76
      RenderText {#text} at (0,0) size 191x76
        text run at (0,0) width 130: "Lorem ipsum dolor"
        text run at (130,0) width 4: " "
        text run at (0,19) width 191: "ABCDEFGHIJKLMNOPQR"
        text run at (0,38) width 86: "STUVWXYZ"
        text run at (86,38) width 4: " "
        text run at (0,57) width 163: "abcdefghijklmnopqrstuv"
        text run at (163,57) width 4: " "
layer at (377,478) size 202x60 clip at (378,479) size 184x42 scrollHeight 80
  RenderTextControl {TEXTAREA} at (16,3) size 202x60 [bgcolor=#FFFFFF] [border: (1px solid #000000)]
    RenderBlock {DIV} at (3,3) size 180x76
      RenderText {#text} at (0,0) size 180x76
        text run at (0,0) width 130: "Lorem ipsum dolor"
        text run at (130,0) width 4: " "
        text run at (0,19) width 180: "ABCDEFGHIJKLMNOPQ"
        text run at (0,38) width 97: "RSTUVWXYZ"
        text run at (97,38) width 4: " "
        text run at (0,57) width 163: "abcdefghijklmnopqrstuv"
        text run at (163,57) width 4: " "
layer at (375,558) size 60x60 clip at (376,559) size 58x58 scrollHeight 251
  RenderTextControl {TEXTAREA} at (14,1) size 60x60 [bgcolor=#FFFFFF] [border: (1px solid #000000)]
    RenderBlock {DIV} at (3,3) size 54x247
      RenderText {#text} at (0,0) size 52x247
        text run at (0,0) width 45: "Lorem"
        text run at (45,0) width 4: " "
        text run at (0,19) width 42: "ipsum"
        text run at (42,19) width 4: " "
        text run at (0,38) width 35: "dolor"
        text run at (35,38) width 4: " "
        text run at (0,57) width 46: "ABCD"
        text run at (0,76) width 47: "EFGHI"
        text run at (0,95) width 52: "JKLMN"
        text run at (0,114) width 46: "OPQR"
        text run at (0,133) width 42: "STUV"
        text run at (0,152) width 44: "WXYZ"
        text run at (44,152) width 4: " "
        text run at (0,171) width 48: "abcdef"
        text run at (0,190) width 48: "ghijklm"
        text run at (0,209) width 52: "nopqrst"
        text run at (0,228) width 15: "uv"
        text run at (15,228) width 4: " "
layer at (375,636) size 60x60 clip at (376,637) size 42x42 scrollHeight 365
  RenderTextControl {TEXTAREA} at (14,1) size 60x60 [bgcolor=#FFFFFF] [border: (1px solid #000000)]
    RenderBlock {DIV} at (3,3) size 38x361
      RenderText {#text} at (0,0) size 38x361
        text run at (0,0) width 32: "Lore"
        text run at (0,19) width 13: "m"
        text run at (13,19) width 4: " "
        text run at (0,38) width 29: "ipsu"
        text run at (0,57) width 13: "m"
        text run at (13,57) width 4: " "
        text run at (0,76) width 35: "dolor"
        text run at (35,76) width 3: " "
        text run at (0,95) width 34: "ABC"
        text run at (0,114) width 33: "DEF"
        text run at (0,133) width 34: "GHIJ"
        text run at (0,152) width 33: "KLM"
        text run at (0,171) width 34: "NOP"
        text run at (0,190) width 34: "QRS"
        text run at (0,209) width 31: "TUV"
        text run at (0,228) width 35: "WXY"
        text run at (0,247) width 9: "Z"
        text run at (9,247) width 4: " "
        text run at (0,266) width 35: "abcd"
        text run at (0,285) width 37: "efghij"
        text run at (0,304) width 32: "klmn"
        text run at (0,323) width 32: "opqr"
        text run at (0,342) width 27: "stuv"
        text run at (27,342) width 4: " "
layer at (375,714) size 60x60 clip at (376,715) size 42x58 scrollHeight 365
  RenderTextControl {TEXTAREA} at (14,1) size 60x60 [bgcolor=#FFFFFF] [border: (1px solid #000000)]
    RenderBlock {DIV} at (3,3) size 38x361
      RenderText {#text} at (0,0) size 38x361
        text run at (0,0) width 32: "Lore"
        text run at (0,19) width 13: "m"
        text run at (13,19) width 4: " "
        text run at (0,38) width 29: "ipsu"
        text run at (0,57) width 13: "m"
        text run at (13,57) width 4: " "
        text run at (0,76) width 35: "dolor"
        text run at (35,76) width 3: " "
        text run at (0,95) width 34: "ABC"
        text run at (0,114) width 33: "DEF"
        text run at (0,133) width 34: "GHIJ"
        text run at (0,152) width 33: "KLM"
        text run at (0,171) width 34: "NOP"
        text run at (0,190) width 34: "QRS"
        text run at (0,209) width 31: "TUV"
        text run at (0,228) width 35: "WXY"
        text run at (0,247) width 9: "Z"
        text run at (9,247) width 4: " "
        text run at (0,266) width 35: "abcd"
        text run at (0,285) width 37: "efghij"
        text run at (0,304) width 32: "klmn"
        text run at (0,323) width 32: "opqr"
        text run at (0,342) width 27: "stuv"
        text run at (27,342) width 4: " "
layer at (375,792) size 60x60 clip at (376,793) size 42x58 scrollHeight 365
  RenderTextControl {TEXTAREA} at (14,1) size 60x60 [bgcolor=#FFFFFF] [border: (1px solid #000000)]
    RenderBlock {DIV} at (3,3) size 38x361
      RenderText {#text} at (0,0) size 38x361
        text run at (0,0) width 32: "Lore"
        text run at (0,19) width 13: "m"
        text run at (13,19) width 4: " "
        text run at (0,38) width 29: "ipsu"
        text run at (0,57) width 13: "m"
        text run at (13,57) width 4: " "
        text run at (0,76) width 35: "dolor"
        text run at (35,76) width 3: " "
        text run at (0,95) width 34: "ABC"
        text run at (0,114) width 33: "DEF"
        text run at (0,133) width 34: "GHIJ"
        text run at (0,152) width 33: "KLM"
        text run at (0,171) width 34: "NOP"
        text run at (0,190) width 34: "QRS"
        text run at (0,209) width 31: "TUV"
        text run at (0,228) width 35: "WXY"
        text run at (0,247) width 9: "Z"
        text run at (9,247) width 4: " "
        text run at (0,266) width 35: "abcd"
        text run at (0,285) width 37: "efghij"
        text run at (0,304) width 32: "klmn"
        text run at (0,323) width 32: "opqr"
        text run at (0,342) width 27: "stuv"
        text run at (27,342) width 4: " "
layer at (375,870) size 60x60 clip at (376,871) size 42x58 scrollHeight 365
  RenderTextControl {TEXTAREA} at (14,1) size 60x60 [bgcolor=#FFFFFF] [border: (1px solid #000000)]
    RenderBlock {DIV} at (3,3) size 38x361
      RenderText {#text} at (0,0) size 38x361
        text run at (0,0) width 32: "Lore"
        text run at (0,19) width 13: "m"
        text run at (13,19) width 4: " "
        text run at (0,38) width 29: "ipsu"
        text run at (0,57) width 13: "m"
        text run at (13,57) width 4: " "
        text run at (0,76) width 35: "dolor"
        text run at (35,76) width 3: " "
        text run at (0,95) width 34: "ABC"
        text run at (0,114) width 33: "DEF"
        text run at (0,133) width 34: "GHIJ"
        text run at (0,152) width 33: "KLM"
        text run at (0,171) width 34: "NOP"
        text run at (0,190) width 34: "QRS"
        text run at (0,209) width 31: "TUV"
        text run at (0,228) width 35: "WXY"
        text run at (0,247) width 9: "Z"
        text run at (9,247) width 4: " "
        text run at (0,266) width 35: "abcd"
        text run at (0,285) width 37: "efghij"
        text run at (0,304) width 32: "klmn"
        text run at (0,323) width 32: "opqr"
        text run at (0,342) width 27: "stuv"
        text run at (27,342) width 4: " "
layer at (377,950) size 202x60 clip at (378,951) size 184x42 scrollWidth 239 scrollHeight 308
  RenderTextControl {TEXTAREA} at (16,3) size 202x60 [bgcolor=#FFFFFF] [border: (1px solid #000000)]
    RenderBlock {DIV} at (3,3) size 180x304
      RenderText {#text} at (0,0) size 237x285
        text run at (0,0) width 4: " "
        text run at (4,0) width 0: " "
        text run at (0,19) width 237: "This is a text area with wrap=\"soft\""
        text run at (237,19) width 0: " "
        text run at (0,38) width 237: "This is a text area with wrap=\"soft\""
        text run at (237,38) width 0: " "
        text run at (0,57) width 237: "This is a text area with wrap=\"soft\""
        text run at (237,57) width 0: " "
        text run at (0,76) width 237: "This is a text area with wrap=\"soft\""
        text run at (237,76) width 0: " "
        text run at (0,95) width 237: "This is a text area with wrap=\"soft\""
        text run at (237,95) width 0: " "
        text run at (0,114) width 237: "This is a text area with wrap=\"soft\""
        text run at (237,114) width 0: " "
        text run at (0,133) width 237: "This is a text area with wrap=\"soft\""
        text run at (237,133) width 0: " "
        text run at (0,152) width 237: "This is a text area with wrap=\"soft\""
        text run at (237,152) width 0: " "
        text run at (0,171) width 237: "This is a text area with wrap=\"soft\""
        text run at (237,171) width 0: " "
        text run at (0,190) width 237: "This is a text area with wrap=\"soft\""
        text run at (237,190) width 0: " "
        text run at (0,209) width 237: "This is a text area with wrap=\"soft\""
        text run at (237,209) width 0: " "
        text run at (0,228) width 237: "This is a text area with wrap=\"soft\""
        text run at (237,228) width 0: " "
        text run at (0,247) width 237: "This is a text area with wrap=\"soft\""
        text run at (237,247) width 0: " "
        text run at (0,266) width 237: "This is a text area with wrap=\"soft\""
        text run at (237,266) width 0: " "
      RenderBR {BR} at (0,285) size 0x19
layer at (377,1032) size 202x44 clip at (378,1033) size 184x42 scrollHeight 574
  RenderTextControl {TEXTAREA} at (16,3) size 202x44 [bgcolor=#FFFFFF] [border: (1px solid #000000)]
    RenderBlock {DIV} at (3,3) size 180x570
      RenderText {#text} at (0,0) size 157x551
        text run at (0,0) width 4: " "
        text run at (4,0) width 0: " "
        text run at (0,19) width 153: "This is a text area with"
        text run at (153,19) width 4: " "
        text run at (0,38) width 80: "wrap=\"soft\""
        text run at (80,38) width 0: " "
        text run at (0,57) width 153: "This is a text area with"
        text run at (153,57) width 4: " "
        text run at (0,76) width 80: "wrap=\"soft\""
        text run at (80,76) width 0: " "
        text run at (0,95) width 153: "This is a text area with"
        text run at (153,95) width 4: " "
        text run at (0,114) width 80: "wrap=\"soft\""
        text run at (80,114) width 0: " "
        text run at (0,133) width 153: "This is a text area with"
        text run at (153,133) width 4: " "
        text run at (0,152) width 80: "wrap=\"soft\""
        text run at (80,152) width 0: " "
        text run at (0,171) width 153: "This is a text area with"
        text run at (153,171) width 4: " "
        text run at (0,190) width 80: "wrap=\"soft\""
        text run at (80,190) width 0: " "
        text run at (0,209) width 153: "This is a text area with"
        text run at (153,209) width 4: " "
        text run at (0,228) width 80: "wrap=\"soft\""
        text run at (80,228) width 0: " "
        text run at (0,247) width 153: "This is a text area with"
        text run at (153,247) width 4: " "
        text run at (0,266) width 80: "wrap=\"soft\""
        text run at (80,266) width 0: " "
        text run at (0,285) width 153: "This is a text area with"
        text run at (153,285) width 4: " "
        text run at (0,304) width 80: "wrap=\"soft\""
        text run at (80,304) width 0: " "
        text run at (0,323) width 153: "This is a text area with"
        text run at (153,323) width 4: " "
        text run at (0,342) width 80: "wrap=\"soft\""
        text run at (80,342) width 0: " "
        text run at (0,361) width 153: "This is a text area with"
        text run at (153,361) width 4: " "
        text run at (0,380) width 80: "wrap=\"soft\""
        text run at (80,380) width 0: " "
        text run at (0,399) width 153: "This is a text area with"
        text run at (153,399) width 4: " "
        text run at (0,418) width 80: "wrap=\"soft\""
        text run at (80,418) width 0: " "
        text run at (0,437) width 153: "This is a text area with"
        text run at (153,437) width 4: " "
        text run at (0,456) width 80: "wrap=\"soft\""
        text run at (80,456) width 0: " "
        text run at (0,475) width 153: "This is a text area with"
        text run at (153,475) width 4: " "
        text run at (0,494) width 80: "wrap=\"soft\""
        text run at (80,494) width 0: " "
        text run at (0,513) width 153: "This is a text area with"
        text run at (153,513) width 4: " "
        text run at (0,532) width 80: "wrap=\"soft\""
        text run at (80,532) width 0: " "
      RenderBR {BR} at (0,551) size 0x19
layer at (377,1098) size 202x44 clip at (378,1099) size 184x42 scrollHeight 574
  RenderTextControl {TEXTAREA} at (16,3) size 202x44 [bgcolor=#FFFFFF] [border: (1px solid #000000)]
    RenderBlock {DIV} at (3,3) size 180x570
      RenderText {#text} at (0,0) size 157x551
        text run at (0,0) width 4: " "
        text run at (4,0) width 0: " "
        text run at (0,19) width 153: "This is a text area with"
        text run at (153,19) width 4: " "
        text run at (0,38) width 80: "wrap=\"soft\""
        text run at (80,38) width 0: " "
        text run at (0,57) width 153: "This is a text area with"
        text run at (153,57) width 4: " "
        text run at (0,76) width 80: "wrap=\"soft\""
        text run at (80,76) width 0: " "
        text run at (0,95) width 153: "This is a text area with"
        text run at (153,95) width 4: " "
        text run at (0,114) width 80: "wrap=\"soft\""
        text run at (80,114) width 0: " "
        text run at (0,133) width 153: "This is a text area with"
        text run at (153,133) width 4: " "
        text run at (0,152) width 80: "wrap=\"soft\""
        text run at (80,152) width 0: " "
        text run at (0,171) width 153: "This is a text area with"
        text run at (153,171) width 4: " "
        text run at (0,190) width 80: "wrap=\"soft\""
        text run at (80,190) width 0: " "
        text run at (0,209) width 153: "This is a text area with"
        text run at (153,209) width 4: " "
        text run at (0,228) width 80: "wrap=\"soft\""
        text run at (80,228) width 0: " "
        text run at (0,247) width 153: "This is a text area with"
        text run at (153,247) width 4: " "
        text run at (0,266) width 80: "wrap=\"soft\""
        text run at (80,266) width 0: " "
        text run at (0,285) width 153: "This is a text area with"
        text run at (153,285) width 4: " "
        text run at (0,304) width 80: "wrap=\"soft\""
        text run at (80,304) width 0: " "
        text run at (0,323) width 153: "This is a text area with"
        text run at (153,323) width 4: " "
        text run at (0,342) width 80: "wrap=\"soft\""
        text run at (80,342) width 0: " "
        text run at (0,361) width 153: "This is a text area with"
        text run at (153,361) width 4: " "
        text run at (0,380) width 80: "wrap=\"soft\""
        text run at (80,380) width 0: " "
        text run at (0,399) width 153: "This is a text area with"
        text run at (153,399) width 4: " "
        text run at (0,418) width 80: "wrap=\"soft\""
        text run at (80,418) width 0: " "
        text run at (0,437) width 153: "This is a text area with"
        text run at (153,437) width 4: " "
        text run at (0,456) width 80: "wrap=\"soft\""
        text run at (80,456) width 0: " "
        text run at (0,475) width 153: "This is a text area with"
        text run at (153,475) width 4: " "
        text run at (0,494) width 80: "wrap=\"soft\""
        text run at (80,494) width 0: " "
        text run at (0,513) width 153: "This is a text area with"
        text run at (153,513) width 4: " "
        text run at (0,532) width 80: "wrap=\"soft\""
        text run at (80,532) width 0: " "
      RenderBR {BR} at (0,551) size 0x19
