layer at (0,0) size 800x600
  RenderView at (0,0) size 800x600
layer at (0,0) size 800x600
  RenderBlock {HTML} at (0,0) size 800x600
    RenderBody {BODY} at (8,8) size 784x584
      RenderButton {INPUT} at (2,2) size 65x28 [bgcolor=#C0C0C0] [border: (2px outset #C0C0C0)]
        RenderBlock (anonymous) at (8,4) size 49x19
          RenderText at (0,0) size 49x19
            text run at (0,0) width 49: "Submit"
      RenderBR {BR} at (69,21) size 0x0
      RenderButton {INPUT} at (2,34) size 57x28 [bgcolor=#C0C0C0] [border: (2px outset #C0C0C0)]
        RenderBlock (anonymous) at (8,4) size 41x19
          RenderText at (0,0) size 41x19
            text run at (0,0) width 41: "Reset"
      RenderBR {BR} at (61,53) size 0x0
