layer at (0,0) size 800x600
  RenderView at (0,0) size 800x600
layer at (0,0) size 800x600
  RenderBlock {HTML} at (0,0) size 800x600
    RenderBody {BODY} at (8,8) size 784x584
      RenderButton {BUTTON} at (2,2) size 86x28 [bgcolor=#C0C0C0] [border: (2px outset #C0C0C0)]
        RenderBlock (anonymous) at (8,4) size 70x19
          RenderText {#text} at (0,0) size 70x19
            text run at (0,0) width 70: "Test Button"
      RenderText {#text} at (90,6) size 4x19
        text run at (90,6) width 4: " "
      RenderButton {BUTTON} at (96,2) size 86x28 [color=#FF0000] [bgcolor=#C0C0C0] [border: (2px outset #C0C0C0)]
        RenderBlock (anonymous) at (8,4) size 70x19
          RenderText {#text} at (0,0) size 70x19
            text run at (0,0) width 70: "Test Button"
      RenderText {#text} at (184,6) size 4x19
        text run at (184,6) width 4: " "
      RenderButton {BUTTON} at (190,2) size 86x28 [bgcolor=#008000] [border: (2px outset #C0C0C0)]
        RenderBlock (anonymous) at (8,4) size 70x19
          RenderText {#text} at (0,0) size 70x19
            text run at (0,0) width 70: "Test Button"
      RenderText {#text} at (278,6) size 4x19
        text run at (278,6) width 4: " "
      RenderButton {BUTTON} at (284,2) size 86x28 [color=#FF0000] [bgcolor=#008000] [border: (2px outset #C0C0C0)]
        RenderBlock (anonymous) at (8,4) size 70x19
          RenderText {#text} at (0,0) size 70x19
            text run at (0,0) width 70: "Test Button"
      RenderText {#text} at (372,6) size 4x19
        text run at (372,6) width 4: " "
      RenderButton {INPUT} at (378,2) size 86x28 [bgcolor=#C0C0C0] [border: (2px outset #C0C0C0)]
        RenderBlock (anonymous) at (8,4) size 70x19
          RenderText at (0,0) size 70x19
            text run at (0,0) width 70: "Test Button"
      RenderText {#text} at (466,6) size 4x19
        text run at (466,6) width 4: " "
      RenderButton {INPUT} at (472,2) size 86x28 [color=#FF0000] [bgcolor=#C0C0C0] [border: (2px outset #C0C0C0)]
        RenderBlock (anonymous) at (8,4) size 70x19
          RenderText at (0,0) size 70x19
            text run at (0,0) width 70: "Test Button"
      RenderText {#text} at (560,6) size 4x19
        text run at (560,6) width 4: " "
      RenderButton {INPUT} at (566,2) size 86x28 [bgcolor=#008000] [border: (2px outset #C0C0C0)]
        RenderBlock (anonymous) at (8,4) size 70x19
          RenderText at (0,0) size 70x19
            text run at (0,0) width 70: "Test Button"
      RenderText {#text} at (654,6) size 4x19
        text run at (654,6) width 4: " "
      RenderButton {INPUT} at (660,2) size 86x28 [color=#FF0000] [bgcolor=#008000] [border: (2px outset #C0C0C0)]
        RenderBlock (anonymous) at (8,4) size 70x19
          RenderText at (0,0) size 70x19
            text run at (0,0) width 70: "Test Button"
      RenderText {#text} at (0,0) size 0x0
