layer at (0,0) size 800x600
  RenderView at (0,0) size 800x600
layer at (0,0) size 800x600
  RenderBlock {HTML} at (0,0) size 800x600
    RenderBody {BODY} at (8,8) size 784x584
      RenderBlock (anonymous) at (0,0) size 784x19
        RenderText {#text} at (0,0) size 327x19
          text run at (0,0) width 327: "This tests that buttons don't honor table display styles. "
        RenderBR {BR} at (327,15) size 0x0
      RenderButton {INPUT} at (2,21) size 107x28 [bgcolor=#C0C0C0] [border: (2px outset #C0C0C0)]
        RenderBlock (anonymous) at (8,4) size 91x19
          RenderText at (0,0) size 91x19
            text run at (0,0) width 91: "display: table"
      RenderButton {INPUT} at (2,51) size 107x28 [bgcolor=#C0C0C0] [border: (2px outset #C0C0C0)]
        RenderBlock (anonymous) at (8,4) size 91x19
          RenderText at (0,0) size 91x19
            text run at (0,0) width 91: "display: table"
      RenderBlock (anonymous) at (0,81) size 784x478
        RenderBR {BR} at (0,0) size 0x19
        RenderBR {BR} at (0,19) size 0x19
        RenderButton {INPUT} at (2,40) size 148x28 [bgcolor=#C0C0C0] [border: (2px outset #C0C0C0)]
          RenderBlock (anonymous) at (8,4) size 132x19
            RenderText at (0,0) size 132x19
              text run at (0,0) width 132: "display: inline-table"
        RenderText {#text} at (152,44) size 4x19
          text run at (152,44) width 4: " "
        RenderButton {INPUT} at (158,40) size 148x28 [bgcolor=#C0C0C0] [border: (2px outset #C0C0C0)]
          RenderBlock (anonymous) at (8,4) size 132x19
            RenderText at (0,0) size 132x19
              text run at (0,0) width 132: "display: inline-table"
        RenderText {#text} at (308,44) size 4x19
          text run at (308,44) width 4: " "
        RenderBR {BR} at (312,59) size 0x0
        RenderBR {BR} at (0,70) size 0x19
        RenderButton {INPUT} at (2,91) size 182x28 [bgcolor=#C0C0C0] [border: (2px outset #C0C0C0)]
          RenderBlock (anonymous) at (8,4) size 166x19
            RenderText at (0,0) size 166x19
              text run at (0,0) width 166: "display: table-row-group"
        RenderText {#text} at (186,95) size 4x19
          text run at (186,95) width 4: " "
        RenderButton {INPUT} at (192,91) size 182x28 [bgcolor=#C0C0C0] [border: (2px outset #C0C0C0)]
          RenderBlock (anonymous) at (8,4) size 166x19
            RenderText at (0,0) size 166x19
              text run at (0,0) width 166: "display: table-row-group"
        RenderText {#text} at (376,95) size 4x19
          text run at (376,95) width 4: " "
        RenderBR {BR} at (380,110) size 0x0
        RenderBR {BR} at (0,121) size 0x19
        RenderButton {INPUT} at (2,142) size 206x28 [bgcolor=#C0C0C0] [border: (2px outset #C0C0C0)]
          RenderBlock (anonymous) at (8,4) size 190x19
            RenderText at (0,0) size 190x19
              text run at (0,0) width 190: "display: table-header-group"
        RenderText {#text} at (210,146) size 4x19
          text run at (210,146) width 4: " "
        RenderButton {INPUT} at (216,142) size 206x28 [bgcolor=#C0C0C0] [border: (2px outset #C0C0C0)]
          RenderBlock (anonymous) at (8,4) size 190x19
            RenderText at (0,0) size 190x19
              text run at (0,0) width 190: "display: table-header-group"
        RenderText {#text} at (424,146) size 4x19
          text run at (424,146) width 4: " "
        RenderBR {BR} at (428,161) size 0x0
        RenderBR {BR} at (0,172) size 0x19
        RenderButton {INPUT} at (2,193) size 197x28 [bgcolor=#C0C0C0] [border: (2px outset #C0C0C0)]
          RenderBlock (anonymous) at (8,4) size 181x19
            RenderText at (0,0) size 181x19
              text run at (0,0) width 181: "display: table-footer-group"
        RenderText {#text} at (201,197) size 4x19
          text run at (201,197) width 4: " "
        RenderButton {INPUT} at (207,193) size 197x28 [bgcolor=#C0C0C0] [border: (2px outset #C0C0C0)]
          RenderBlock (anonymous) at (8,4) size 181x19
            RenderText at (0,0) size 181x19
              text run at (0,0) width 181: "display: table-footer-group"
        RenderText {#text} at (406,197) size 4x19
          text run at (406,197) width 4: " "
        RenderBR {BR} at (410,212) size 0x0
        RenderBR {BR} at (0,223) size 0x19
        RenderButton {INPUT} at (2,244) size 137x28 [bgcolor=#C0C0C0] [border: (2px outset #C0C0C0)]
          RenderBlock (anonymous) at (8,4) size 121x19
            RenderText at (0,0) size 121x19
              text run at (0,0) width 121: "display: table-row"
        RenderText {#text} at (141,248) size 4x19
          text run at (141,248) width 4: " "
        RenderButton {INPUT} at (147,244) size 137x28 [bgcolor=#C0C0C0] [border: (2px outset #C0C0C0)]
          RenderBlock (anonymous) at (8,4) size 121x19
            RenderText at (0,0) size 121x19
              text run at (0,0) width 121: "display: table-row"
        RenderText {#text} at (286,248) size 4x19
          text run at (286,248) width 4: " "
        RenderBR {BR} at (290,263) size 0x0
        RenderBR {BR} at (0,274) size 0x19
        RenderButton {INPUT} at (2,295) size 206x28 [bgcolor=#C0C0C0] [border: (2px outset #C0C0C0)]
          RenderBlock (anonymous) at (8,4) size 190x19
            RenderText at (0,0) size 190x19
              text run at (0,0) width 190: "display: table-column-group"
        RenderText {#text} at (210,299) size 4x19
          text run at (210,299) width 4: " "
        RenderButton {INPUT} at (216,295) size 206x28 [bgcolor=#C0C0C0] [border: (2px outset #C0C0C0)]
          RenderBlock (anonymous) at (8,4) size 190x19
            RenderText at (0,0) size 190x19
              text run at (0,0) width 190: "display: table-column-group"
        RenderText {#text} at (424,299) size 4x19
          text run at (424,299) width 4: " "
        RenderBR {BR} at (428,314) size 0x0
        RenderBR {BR} at (0,325) size 0x19
        RenderButton {INPUT} at (2,346) size 161x28 [bgcolor=#C0C0C0] [border: (2px outset #C0C0C0)]
          RenderBlock (anonymous) at (8,4) size 145x19
            RenderText at (0,0) size 145x19
              text run at (0,0) width 145: "display: table-column"
        RenderText {#text} at (165,350) size 4x19
          text run at (165,350) width 4: " "
        RenderButton {INPUT} at (171,346) size 161x28 [bgcolor=#C0C0C0] [border: (2px outset #C0C0C0)]
          RenderBlock (anonymous) at (8,4) size 145x19
            RenderText at (0,0) size 145x19
              text run at (0,0) width 145: "display: table-column"
        RenderText {#text} at (334,350) size 4x19
          text run at (334,350) width 4: " "
        RenderBR {BR} at (338,365) size 0x0
        RenderBR {BR} at (0,376) size 0x19
        RenderButton {INPUT} at (2,397) size 135x28 [bgcolor=#C0C0C0] [border: (2px outset #C0C0C0)]
          RenderBlock (anonymous) at (8,4) size 119x19
            RenderText at (0,0) size 119x19
              text run at (0,0) width 119: "display: table-cell"
        RenderText {#text} at (139,401) size 4x19
          text run at (139,401) width 4: " "
        RenderButton {INPUT} at (145,397) size 135x28 [bgcolor=#C0C0C0] [border: (2px outset #C0C0C0)]
          RenderBlock (anonymous) at (8,4) size 119x19
            RenderText at (0,0) size 119x19
              text run at (0,0) width 119: "display: table-cell"
        RenderText {#text} at (282,401) size 4x19
          text run at (282,401) width 4: " "
        RenderBR {BR} at (286,416) size 0x0
        RenderBR {BR} at (0,427) size 0x19
        RenderButton {INPUT} at (2,448) size 163x28 [bgcolor=#C0C0C0] [border: (2px outset #C0C0C0)]
          RenderBlock (anonymous) at (8,4) size 147x19
            RenderText at (0,0) size 147x19
              text run at (0,0) width 147: "display: table-caption"
        RenderText {#text} at (167,452) size 4x19
          text run at (167,452) width 4: " "
        RenderButton {INPUT} at (173,448) size 163x28 [bgcolor=#C0C0C0] [border: (2px outset #C0C0C0)]
          RenderBlock (anonymous) at (8,4) size 147x19
            RenderText at (0,0) size 147x19
              text run at (0,0) width 147: "display: table-caption"
        RenderText {#text} at (0,0) size 0x0
