layer at (0,0) size 800x600
  RenderView at (0,0) size 800x600
layer at (0,0) size 800x344
  RenderBlock {HTML} at (0,0) size 800x344
    RenderBody {BODY} at (8,16) size 784x320
      RenderBlock {P} at (0,0) size 784x38
        RenderText {#text} at (0,0) size 300x19
          text run at (0,0) width 279: "This is a test of generated content in <button> "
          text run at (279,0) width 21: "for "
        RenderInline {I} at (0,0) size 752x38
          RenderInline {A} at (0,0) size 350x19 [color=#0000EE]
            RenderText {#text} at (300,0) size 350x19
              text run at (300,0) width 350: "http://bugzilla.opendarwin.org/show_bug.cgi?id=9561"
          RenderText {#text} at (650,0) size 752x38
            text run at (650,0) width 4: " "
            text run at (654,0) width 98: "REGRESSION:"
            text run at (0,19) width 439: "Content property on :before of button causes hang on click or hover"
        RenderText {#text} at (439,19) size 4x19
          text run at (439,19) width 4: "."
      RenderBlock {HR} at (0,54) size 784x2 [border: (1px inset #000000)]
      RenderBlock (anonymous) at (0,64) size 784x256
        RenderButton {BUTTON} at (2,2) size 61x28 [color=#0000FF] [bgcolor=#C0C0C0] [border: (2px outset #C0C0C0)]
          RenderBlock (anonymous) at (8,4) size 45x19
            RenderInline (generated) at (0,0) size 45x19
              RenderText at (0,0) size 45x19
                text run at (0,0) width 45: "before"
        RenderText {#text} at (65,6) size 4x19
          text run at (65,6) width 4: " "
        RenderButton {BUTTON} at (71,2) size 103x28 [color=#0000FF] [bgcolor=#C0C0C0] [border: (2px outset #C0C0C0)]
          RenderBlock (anonymous) at (8,4) size 87x19
            RenderInline (generated) at (0,0) size 45x19
              RenderText at (0,0) size 45x19
                text run at (0,0) width 45: "before"
            RenderText {#text} at (45,0) size 42x19
              text run at (45,0) width 42: "button"
        RenderText {#text} at (176,6) size 4x19
          text run at (176,6) width 4: " "
        RenderBR {BR} at (0,0) size 0x0
        RenderButton {BUTTON} at (2,34) size 47x28 [color=#0000FF] [bgcolor=#C0C0C0] [border: (2px outset #C0C0C0)]
          RenderBlock (anonymous) at (8,4) size 31x19
            RenderInline (generated) at (0,0) size 31x19
              RenderText at (0,0) size 31x19
                text run at (0,0) width 31: "after"
        RenderText {#text} at (51,38) size 4x19
          text run at (51,38) width 4: " "
        RenderButton {BUTTON} at (57,34) size 89x28 [color=#0000FF] [bgcolor=#C0C0C0] [border: (2px outset #C0C0C0)]
          RenderBlock (anonymous) at (8,4) size 73x19
            RenderText {#text} at (0,0) size 42x19
              text run at (0,0) width 42: "button"
            RenderInline (generated) at (0,0) size 31x19
              RenderText at (42,0) size 31x19
                text run at (42,0) width 31: "after"
        RenderText {#text} at (148,38) size 4x19
          text run at (148,38) width 4: " "
        RenderBR {BR} at (0,0) size 0x0
        RenderButton {BUTTON} at (2,74) size 16x9 [bgcolor=#C0C0C0] [border: (2px outset #C0C0C0)]
          RenderBlock (anonymous) at (8,4) size 0x0
        RenderText {#text} at (20,70) size 4x19
          text run at (20,70) width 4: " "
        RenderButton {BUTTON} at (26,66) size 58x28 [bgcolor=#C0C0C0] [border: (2px outset #C0C0C0)]
          RenderBlock (anonymous) at (8,4) size 42x19
            RenderText {#text} at (0,0) size 42x19
              text run at (0,0) width 42: "button"
        RenderText {#text} at (86,70) size 4x19
          text run at (86,70) width 4: " "
        RenderBR {BR} at (0,0) size 0x0
        RenderButton {BUTTON} at (2,106) size 16x9 [bgcolor=#C0C0C0] [border: (2px outset #C0C0C0)]
          RenderBlock (anonymous) at (8,4) size 0x0
        RenderText {#text} at (20,102) size 4x19
          text run at (20,102) width 4: " "
        RenderButton {BUTTON} at (26,98) size 58x28 [bgcolor=#C0C0C0] [border: (2px outset #C0C0C0)]
          RenderBlock (anonymous) at (8,4) size 42x19
            RenderText {#text} at (0,0) size 42x19
              text run at (0,0) width 42: "button"
        RenderText {#text} at (86,102) size 4x19
          text run at (86,102) width 4: " "
        RenderBR {BR} at (0,0) size 0x0
        RenderButton {BUTTON} at (2,130) size 61x28 [bgcolor=#C0C0C0] [border: (2px outset #C0C0C0)]
          RenderBlock (anonymous) at (8,4) size 45x19
            RenderInline (generated) at (0,0) size 45x19
              RenderText at (0,0) size 45x19
                text run at (0,0) width 45: "before"
        RenderText {#text} at (65,134) size 4x19
          text run at (65,134) width 4: " "
        RenderButton {BUTTON} at (71,130) size 103x28 [bgcolor=#C0C0C0] [border: (2px outset #C0C0C0)]
          RenderBlock (anonymous) at (8,4) size 87x19
            RenderInline (generated) at (0,0) size 45x19
              RenderText at (0,0) size 45x19
                text run at (0,0) width 45: "before"
            RenderText {#text} at (45,0) size 42x19
              text run at (45,0) width 42: "button"
        RenderText {#text} at (176,134) size 4x19
          text run at (176,134) width 4: " "
        RenderBR {BR} at (0,0) size 0x0
        RenderButton {BUTTON} at (2,162) size 47x28 [bgcolor=#C0C0C0] [border: (2px outset #C0C0C0)]
          RenderBlock (anonymous) at (8,4) size 31x19
            RenderInline (generated) at (0,0) size 31x19
              RenderText at (0,0) size 31x19
                text run at (0,0) width 31: "after"
        RenderText {#text} at (51,166) size 4x19
          text run at (51,166) width 4: " "
        RenderButton {BUTTON} at (57,162) size 89x28 [bgcolor=#C0C0C0] [border: (2px outset #C0C0C0)]
          RenderBlock (anonymous) at (8,4) size 73x19
            RenderText {#text} at (0,0) size 42x19
              text run at (0,0) width 42: "button"
            RenderInline (generated) at (0,0) size 31x19
              RenderText at (42,0) size 31x19
                text run at (42,0) width 31: "after"
        RenderText {#text} at (148,166) size 4x19
          text run at (148,166) width 4: " "
        RenderBR {BR} at (0,0) size 0x0
        RenderButton {BUTTON} at (2,194) size 61x28 [bgcolor=#C0C0C0] [border: (2px outset #C0C0C0)]
          RenderBlock (anonymous) at (8,4) size 45x19
            RenderInline (generated) at (0,0) size 45x19
              RenderText at (0,0) size 45x19
                text run at (0,0) width 45: "before"
        RenderText {#text} at (65,198) size 4x19
          text run at (65,198) width 4: " "
        RenderButton {BUTTON} at (71,194) size 103x28 [bgcolor=#C0C0C0] [border: (2px outset #C0C0C0)]
          RenderBlock (anonymous) at (8,4) size 87x19
            RenderInline (generated) at (0,0) size 45x19
              RenderText at (0,0) size 45x19
                text run at (0,0) width 45: "before"
            RenderText {#text} at (45,0) size 42x19
              text run at (45,0) width 42: "button"
        RenderText {#text} at (176,198) size 4x19
          text run at (176,198) width 4: " "
        RenderBR {BR} at (0,0) size 0x0
        RenderButton {BUTTON} at (2,226) size 47x28 [bgcolor=#C0C0C0] [border: (2px outset #C0C0C0)]
          RenderBlock (anonymous) at (8,4) size 31x19
            RenderInline (generated) at (0,0) size 31x19
              RenderText at (0,0) size 31x19
                text run at (0,0) width 31: "after"
        RenderText {#text} at (51,230) size 4x19
          text run at (51,230) width 4: " "
        RenderButton {BUTTON} at (57,226) size 89x28 [bgcolor=#C0C0C0] [border: (2px outset #C0C0C0)]
          RenderBlock (anonymous) at (8,4) size 73x19
            RenderText {#text} at (0,0) size 42x19
              text run at (0,0) width 42: "button"
            RenderInline (generated) at (0,0) size 31x19
              RenderText at (42,0) size 31x19
                text run at (42,0) width 31: "after"
        RenderText {#text} at (148,230) size 4x19
          text run at (148,230) width 4: " "
        RenderBR {BR} at (0,0) size 0x0
