layer at (0,0) size 800x600
  RenderView at (0,0) size 800x600
layer at (0,0) size 800x600
  RenderBlock {HTML} at (0,0) size 800x600
    RenderBody {BODY} at (8,8) size 784x584
layer at (10,10) size 193x28
  RenderButton {BUTTON} at (10,10) size 193x28 [bgcolor=#C0C0C0] [border: (2px outset #C0C0C0)]
    RenderBlock (anonymous) at (8,4) size 177x19
      RenderText {#text} at (0,0) size 177x19
        text run at (0,0) width 177: "This button is positioned."
layer at (10,10) size 223x28
  RenderButton {INPUT} at (10,10) size 223x28 [bgcolor=#C0C0C0] [border: (2px outset #C0C0C0)]
    RenderBlock (anonymous) at (8,4) size 207x19
      RenderText at (0,0) size 207x19
        text run at (0,0) width 207: "This button is also positioned"
