layer at (0,0) size 800x600
  RenderView at (0,0) size 800x600
layer at (0,0) size 800x600
  RenderBlock {HTML} at (0,0) size 800x600
    RenderBody {BODY} at (8,8) size 784x576
      RenderBlock {P} at (0,0) size 784x38
        RenderText {#text} at (0,0) size 53x19
          text run at (0,0) width 53: "Test for "
        RenderInline {I} at (0,0) size 746x38
          RenderInline {A} at (0,0) size 301x19 [color=#0000EE]
            RenderText {#text} at (53,0) size 301x19
              text run at (53,0) width 301: "http://bugs.webkit.org/show_bug.cgi?id=15181"
          RenderText {#text} at (354,0) size 746x38
            text run at (354,0) width 4: " "
            text run at (358,0) width 388: "text-transform: uppercase not working in input (submit, reset,"
            text run at (0,19) width 104: "button) elements"
        RenderText {#text} at (104,19) size 4x19
          text run at (104,19) width 4: "."
      RenderBlock {P} at (0,54) size 784x32
        RenderButton {BUTTON} at (2,2) size 118x28 [bgcolor=#C0C0C0] [border: (2px outset #C0C0C0)]
          RenderBlock (anonymous) at (8,4) size 102x19
            RenderText {#text} at (0,0) size 102x19
              text run at (0,0) width 102: "UPPERCASE"
        RenderText {#text} at (122,6) size 4x19
          text run at (122,6) width 4: " "
        RenderButton {BUTTON} at (128,2) size 89x28 [bgcolor=#C0C0C0] [border: (2px outset #C0C0C0)]
          RenderBlock (anonymous) at (8,4) size 73x19
            RenderText {#text} at (0,0) size 73x19
              text run at (0,0) width 73: "lowercase"
        RenderText {#text} at (219,6) size 4x19
          text run at (219,6) width 4: " "
        RenderButton {BUTTON} at (225,2) size 88x28 [bgcolor=#C0C0C0] [border: (2px outset #C0C0C0)]
          RenderBlock (anonymous) at (8,4) size 72x19
            RenderText {#text} at (0,0) size 72x19
              text run at (0,0) width 72: "Capitalize"
        RenderText {#text} at (0,0) size 0x0
      RenderBlock {P} at (0,102) size 784x32
        RenderButton {INPUT} at (2,2) size 118x28 [bgcolor=#C0C0C0] [border: (2px outset #C0C0C0)]
          RenderBlock (anonymous) at (8,4) size 102x19
            RenderText at (0,0) size 102x19
              text run at (0,0) width 102: "UPPERCASE"
        RenderText {#text} at (122,6) size 4x19
          text run at (122,6) width 4: " "
        RenderButton {INPUT} at (128,2) size 89x28 [bgcolor=#C0C0C0] [border: (2px outset #C0C0C0)]
          RenderBlock (anonymous) at (8,4) size 73x19
            RenderText at (0,0) size 73x19
              text run at (0,0) width 73: "lowercase"
        RenderText {#text} at (219,6) size 4x19
          text run at (219,6) width 4: " "
        RenderButton {INPUT} at (225,2) size 88x28 [bgcolor=#C0C0C0] [border: (2px outset #C0C0C0)]
          RenderBlock (anonymous) at (8,4) size 72x19
            RenderText at (0,0) size 72x19
              text run at (0,0) width 72: "Capitalize"
        RenderText {#text} at (0,0) size 0x0
