layer at (0,0) size 800x600
  RenderView at (0,0) size 800x600
layer at (0,0) size 800x600
  RenderBlock {HTML} at (0,0) size 800x600
    RenderBody {BODY} at (8,8) size 784x579
      RenderBlock {P} at (0,0) size 784x38
        RenderInline {A} at (0,0) size 60x19 [color=#0000EE]
          RenderText {#text} at (0,0) size 60x19
            text run at (0,0) width 60: "Bug 5656"
        RenderText {#text} at (60,0) size 778x38
          text run at (60,0) width 718: " tests whether buttons force a white-space mode or not. These tests will only pass if the white-space mode is not forced"
          text run at (0,19) width 116: "and if it is inherited."
      RenderBlock {DIV} at (0,54) size 784x19
        RenderText {#text} at (0,0) size 340x19
          text run at (0,0) width 340: "Buttons should appear next to each other in a single row:"
      RenderTable {TABLE} at (0,73) size 245x38
        RenderTableSection {TBODY} at (0,0) size 245x38
          RenderTableRow {TR} at (0,2) size 245x34
            RenderTableCell {TD} at (2,2) size 241x34 [r=0 c=0 rs=1 cs=1]
              RenderButton {BUTTON} at (3,3) size 99x28 [bgcolor=#C0C0C0] [border: (2px outset #C0C0C0)]
                RenderBlock (anonymous) at (8,4) size 83x19
                  RenderText {#text} at (0,0) size 83x19
                    text run at (0,0) width 83: "Search Mail"
              RenderText {#text} at (104,7) size 4x19
                text run at (104,7) width 4: " "
              RenderButton {BUTTON} at (110,3) size 128x28 [bgcolor=#C0C0C0] [border: (2px outset #C0C0C0)]
                RenderBlock (anonymous) at (8,4) size 112x19
                  RenderText {#text} at (0,0) size 112x19
                    text run at (0,0) width 112: "Search the Web"
              RenderText {#text} at (0,0) size 0x0
      RenderBlock {DIV} at (0,111) size 784x19
        RenderText {#text} at (0,0) size 176x19
          text run at (0,0) width 176: "Buttons should look identical:"
      RenderBlock {DIV} at (0,130) size 784x32
        RenderButton {BUTTON} at (2,2) size 87x28 [bgcolor=#C0C0C0] [border: (2px outset #C0C0C0)]
          RenderBlock (anonymous) at (8,4) size 71x19
            RenderText {#text} at (0,0) size 71x19
              text run at (0,0) width 71: "test button"
      RenderBlock {DIV} at (0,162) size 784x32
        RenderButton {BUTTON} at (2,2) size 87x28 [bgcolor=#C0C0C0] [border: (2px outset #C0C0C0)]
          RenderBlock (anonymous) at (8,4) size 71x19
            RenderText {#text} at (0,0) size 71x19
              text run at (0,0) width 29: "test "
              text run at (29,0) width 42: "button"
      RenderBlock {DIV} at (0,194) size 784x19
        RenderText {#text} at (0,0) size 323x19
          text run at (0,0) width 323: "Buttons should look identical (ignore vertical spacing):"
      RenderBlock {DIV} at (0,213) size 784x32
        RenderButton {BUTTON} at (2,2) size 107x28 [bgcolor=#C0C0C0] [border: (2px outset #C0C0C0)]
          RenderBlock (anonymous) at (8,4) size 91x19
            RenderText {#text} at (0,0) size 91x19
              text run at (0,0) width 91: "  test  button  "
      RenderBlock {DIV} at (0,245) size 784x32
        RenderButton {BUTTON} at (2,2) size 107x28 [bgcolor=#C0C0C0] [border: (2px outset #C0C0C0)]
          RenderBlock (anonymous) at (8,4) size 91x19
            RenderText {#text} at (0,0) size 91x19
              text run at (0,0) width 91: "  test  button  "
      RenderBlock {DIV} at (0,290) size 784x32
        RenderBlock {PRE} at (0,0) size 784x32
          RenderButton {BUTTON} at (2,2) size 107x28 [bgcolor=#C0C0C0] [border: (2px outset #C0C0C0)]
            RenderBlock (anonymous) at (8,4) size 91x19
              RenderText {#text} at (0,0) size 91x19
                text run at (0,0) width 91: "  test  button  "
