layer at (0,0) size 800x600
  RenderView at (0,0) size 800x600
layer at (0,0) size 800x600
  RenderBlock {HTML} at (0,0) size 800x600
    RenderBody {BODY} at (8,8) size 784x584
      RenderBlock (anonymous) at (0,0) size 784x40
        RenderText {#text} at (0,0) size 349x19
          text run at (0,0) width 349: "This is to test onchange of checkboxes and radio buttons. "
        RenderBR {BR} at (349,15) size 0x0
        RenderBlock {INPUT} at (4,22) size 15x15
        RenderText {#text} at (23,20) size 63x19
          text run at (23,20) width 63: "Checkbox"
      RenderBlock {DIV} at (0,40) size 784x19
        RenderText {#text} at (0,0) size 309x19
          text run at (0,0) width 309: "Test 1 Passed. onChange event fired for checkbox."
      RenderBlock (anonymous) at (0,59) size 784x21
        RenderBlock {INPUT} at (4,3) size 15x15
        RenderText {#text} at (23,1) size 52x19
          text run at (23,1) width 52: "Radio 1 "
        RenderBlock {INPUT} at (79,3) size 15x15
        RenderText {#text} at (98,1) size 48x19
          text run at (98,1) width 48: "Radio 2"
      RenderBlock {DIV} at (0,80) size 784x19
        RenderText {#text} at (0,0) size 323x19
          text run at (0,0) width 323: "Test 2 Passed. onChange event fired for radio button."
