layer at (0,0) size 800x600
  RenderView at (0,0) size 800x600
layer at (0,0) size 800x190
  RenderBlock {HTML} at (0,0) size 800x190
    RenderBody {BODY} at (8,8) size 784x174
      RenderBlock {FORM} at (0,0) size 784x174
        RenderTextControl {INPUT} at (0,2) size 306x25 [bgcolor=#FFFFFF] [border: (2px inset #000000)]
        RenderBR {BR} at (306,5) size 0x19
        RenderTextControl {INPUT} at (0,31) size 306x25 [bgcolor=#FFFFFF] [border: (2px inset #000000)]
        RenderBR {BR} at (306,34) size 0x19
        RenderTextControl {INPUT} at (0,60) size 306x25 [bgcolor=#FFFFFF] [border: (2px inset #000000)]
        RenderBR {BR} at (306,63) size 0x19
        RenderTextControl {INPUT} at (0,89) size 306x25 [bgcolor=#FFFFFF] [border: (2px inset #000000)]
        RenderBR {BR} at (306,92) size 0x19
        RenderTextControl {INPUT} at (0,118) size 306x25 [bgcolor=#FFFFFF] [border: (2px inset #000000)]
        RenderBR {BR} at (306,121) size 0x19
        RenderTextControl {INPUT} at (0,147) size 306x25 [bgcolor=#FFFFFF] [border: (2px inset #000000)]
        RenderBR {BR} at (306,150) size 0x19
layer at (11,13) size 280x19
  RenderBlock {DIV} at (3,3) size 280x19
    RenderText {#text} at (1,0) size 82x19
      text run at (1,0) width 82: "2011-04-27"
layer at (11,42) size 280x19
  RenderBlock {DIV} at (3,3) size 280x19
    RenderText {#text} at (1,0) size 195x19
      text run at (1,0) width 195: "2011-04-27T01:56:20.391Z"
layer at (11,71) size 280x19
  RenderBlock {DIV} at (3,3) size 280x19
    RenderText {#text} at (1,0) size 185x19
      text run at (1,0) width 185: "2011-04-27T01:56:20.391"
layer at (11,100) size 280x19
  RenderBlock {DIV} at (3,3) size 280x19
    RenderText {#text} at (1,0) size 59x19
      text run at (1,0) width 59: "2011-04"
layer at (11,129) size 280x19
  RenderBlock {DIV} at (3,3) size 280x19
    RenderText {#text} at (1,0) size 93x19
      text run at (1,0) width 93: "01:56:20.391"
layer at (11,158) size 280x19
  RenderBlock {DIV} at (3,3) size 280x19
    RenderText {#text} at (1,0) size 74x19
      text run at (1,0) width 74: "2011-W17"
layer at (292,12) size 15x21
  RenderBlock (relative positioned) {DIV} at (284,2) size 15x21
layer at (292,41) size 15x21
  RenderBlock (relative positioned) {DIV} at (284,2) size 15x21
layer at (292,70) size 15x21
  RenderBlock (relative positioned) {DIV} at (284,2) size 15x21
layer at (292,99) size 15x21
  RenderBlock (relative positioned) {DIV} at (284,2) size 15x21
layer at (292,128) size 15x21
  RenderBlock (relative positioned) {DIV} at (284,2) size 15x21
layer at (292,157) size 15x21
  RenderBlock (relative positioned) {DIV} at (284,2) size 15x21
