layer at (0,0) size 800x600
  RenderView at (0,0) size 800x600
layer at (0,0) size 800x600
  RenderBlock {HTML} at (0,0) size 800x600
    RenderBody {BODY} at (8,8) size 784x576
      RenderBlock {FORM} at (0,0) size 784x72
        RenderBlock (anonymous) at (0,0) size 784x72
          RenderBlock {INPUT} at (4,3) size 15x15
          RenderInline {B} at (0,0) size 73x19
            RenderText {#text} at (23,1) size 73x19
              text run at (23,1) width 73: "Attach File"
          RenderBR {BR} at (96,16) size 0x0
          RenderBR {BR} at (0,21) size 0x19
          RenderText {#text} at (0,46) size 82x19
            text run at (0,46) width 82: "  Select File:  "
          RenderFileUploadControl {INPUT} at (84,42) size 306x28 "(None)"
            RenderButton {INPUT} at (0,0) size 101x28 [color=#808080] [bgcolor=#C0C0C0] [border: (2px outset #C0C0C0)]
              RenderBlock (anonymous) at (8,4) size 85x19
                RenderText at (0,0) size 85x19
                  text run at (0,0) width 85: "Choose File"
          RenderBR {BR} at (392,61) size 0x0
        RenderTable {TABLE} at (0,72) size 4x0
