layer at (0,0) size 1356x581
  RenderView at (0,0) size 800x581
layer at (0,0) size 1356x581
  RenderBlock {HTML} at (0,0) size 800x581
    RenderBody {BODY} at (8,8) size 784x565
      RenderTable {TABLE} at (0,0) size 1348x139
        RenderTableSection {TBODY} at (0,0) size 1348x139
          RenderTableRow {TR} at (0,2) size 1348x21
            RenderTableCell {TH} at (2,11) size 80x2 [r=0 c=0 rs=1 cs=1]
            RenderTableCell {TH} at (84,11) size 314x2 [r=0 c=1 rs=1 cs=1]
            RenderTableCell {TH} at (400,2) size 314x21 [r=0 c=2 rs=1 cs=1]
              RenderText {#text} at (112,1) size 90x19
                text run at (112,1) width 90: "text-align:left"
            RenderTableCell {TH} at (716,2) size 314x21 [r=0 c=3 rs=1 cs=1]
              RenderText {#text} at (102,1) size 110x19
                text run at (102,1) width 110: "text-align:center"
            RenderTableCell {TH} at (1032,2) size 314x21 [r=0 c=4 rs=1 cs=1]
              RenderText {#text} at (107,1) size 99x19
                text run at (107,1) width 99: "text-align:right"
          RenderTableRow {TR} at (0,25) size 1348x36
            RenderTableCell {TH} at (2,42) size 80x2 [r=1 c=0 rs=1 cs=1]
            RenderTableCell {TD} at (84,25) size 314x36 [border: (1px solid #000000)] [r=1 c=1 rs=1 cs=1]
              RenderFileUploadControl {INPUT} at (4,4) size 306x28 "(None)"
                RenderButton {INPUT} at (0,0) size 101x28 [bgcolor=#C0C0C0] [border: (2px outset #C0C0C0)]
                  RenderBlock (anonymous) at (8,4) size 85x19
                    RenderText at (0,0) size 85x19
                      text run at (0,0) width 85: "Choose File"
            RenderTableCell {TD} at (400,25) size 314x36 [border: (1px solid #000000)] [r=1 c=2 rs=1 cs=1]
              RenderFileUploadControl {INPUT} at (4,4) size 306x28 "(None)"
                RenderButton {INPUT} at (0,0) size 101x28 [bgcolor=#C0C0C0] [border: (2px outset #C0C0C0)]
                  RenderBlock (anonymous) at (8,4) size 85x19
                    RenderText at (0,0) size 85x19
                      text run at (0,0) width 85: "Choose File"
            RenderTableCell {TD} at (716,25) size 314x36 [border: (1px solid #000000)] [r=1 c=3 rs=1 cs=1]
              RenderFileUploadControl {INPUT} at (4,4) size 306x28 "(None)"
                RenderButton {INPUT} at (0,0) size 101x28 [bgcolor=#C0C0C0] [border: (2px outset #C0C0C0)]
                  RenderBlock (anonymous) at (8,4) size 85x19
                    RenderText at (0,0) size 85x19
                      text run at (0,0) width 85: "Choose File"
            RenderTableCell {TD} at (1032,25) size 314x36 [border: (1px solid #000000)] [r=1 c=4 rs=1 cs=1]
              RenderFileUploadControl {INPUT} at (4,4) size 306x28 "(None)"
                RenderButton {INPUT} at (0,0) size 101x28 [bgcolor=#C0C0C0] [border: (2px outset #C0C0C0)]
                  RenderBlock (anonymous) at (8,4) size 85x19
                    RenderText at (0,0) size 85x19
                      text run at (0,0) width 85: "Choose File"
          RenderTableRow {TR} at (0,63) size 1348x36
            RenderTableCell {TH} at (2,70) size 80x21 [r=2 c=0 rs=1 cs=1]
              RenderText {#text} at (1,1) size 78x19
                text run at (1,1) width 78: "direction:ltr"
            RenderTableCell {TD} at (84,63) size 314x36 [border: (1px solid #000000)] [r=2 c=1 rs=1 cs=1]
              RenderFileUploadControl {INPUT} at (4,4) size 306x28 "(None)"
                RenderButton {INPUT} at (0,0) size 101x28 [bgcolor=#C0C0C0] [border: (2px outset #C0C0C0)]
                  RenderBlock (anonymous) at (8,4) size 85x19
                    RenderText at (0,0) size 85x19
                      text run at (0,0) width 85: "Choose File"
            RenderTableCell {TD} at (400,63) size 314x36 [border: (1px solid #000000)] [r=2 c=2 rs=1 cs=1]
              RenderFileUploadControl {INPUT} at (4,4) size 306x28 "(None)"
                RenderButton {INPUT} at (0,0) size 101x28 [bgcolor=#C0C0C0] [border: (2px outset #C0C0C0)]
                  RenderBlock (anonymous) at (8,4) size 85x19
                    RenderText at (0,0) size 85x19
                      text run at (0,0) width 85: "Choose File"
            RenderTableCell {TD} at (716,63) size 314x36 [border: (1px solid #000000)] [r=2 c=3 rs=1 cs=1]
              RenderFileUploadControl {INPUT} at (4,4) size 306x28 "(None)"
                RenderButton {INPUT} at (0,0) size 101x28 [bgcolor=#C0C0C0] [border: (2px outset #C0C0C0)]
                  RenderBlock (anonymous) at (8,4) size 85x19
                    RenderText at (0,0) size 85x19
                      text run at (0,0) width 85: "Choose File"
            RenderTableCell {TD} at (1032,63) size 314x36 [border: (1px solid #000000)] [r=2 c=4 rs=1 cs=1]
              RenderFileUploadControl {INPUT} at (4,4) size 306x28 "(None)"
                RenderButton {INPUT} at (0,0) size 101x28 [bgcolor=#C0C0C0] [border: (2px outset #C0C0C0)]
                  RenderBlock (anonymous) at (8,4) size 85x19
                    RenderText at (0,0) size 85x19
                      text run at (0,0) width 85: "Choose File"
          RenderTableRow {TR} at (0,101) size 1348x36
            RenderTableCell {TH} at (2,108) size 80x21 [r=3 c=0 rs=1 cs=1]
              RenderText {#text} at (1,1) size 78x19
                text run at (1,1) width 78: "direction:rtl"
            RenderTableCell {TD} at (84,101) size 314x36 [border: (1px solid #000000)] [r=3 c=1 rs=1 cs=1]
              RenderFileUploadControl {INPUT} at (4,4) size 306x28 "(None)"
                RenderButton {INPUT} at (205,0) size 101x28 [bgcolor=#C0C0C0] [border: (2px outset #C0C0C0)]
                  RenderBlock (anonymous) at (8,4) size 85x19
                    RenderText at (0,0) size 85x19
                      text run at (0,0) width 85: "Choose File"
            RenderTableCell {TD} at (400,101) size 314x36 [border: (1px solid #000000)] [r=3 c=2 rs=1 cs=1]
              RenderFileUploadControl {INPUT} at (4,4) size 306x28 "(None)"
                RenderButton {INPUT} at (205,0) size 101x28 [bgcolor=#C0C0C0] [border: (2px outset #C0C0C0)]
                  RenderBlock (anonymous) at (8,4) size 85x19
                    RenderText at (0,0) size 85x19
                      text run at (0,0) width 85: "Choose File"
            RenderTableCell {TD} at (716,101) size 314x36 [border: (1px solid #000000)] [r=3 c=3 rs=1 cs=1]
              RenderFileUploadControl {INPUT} at (4,4) size 306x28 "(None)"
                RenderButton {INPUT} at (205,0) size 101x28 [bgcolor=#C0C0C0] [border: (2px outset #C0C0C0)]
                  RenderBlock (anonymous) at (8,4) size 85x19
                    RenderText at (0,0) size 85x19
                      text run at (0,0) width 85: "Choose File"
            RenderTableCell {TD} at (1032,101) size 314x36 [border: (1px solid #000000)] [r=3 c=4 rs=1 cs=1]
              RenderFileUploadControl {INPUT} at (4,4) size 306x28 "(None)"
                RenderButton {INPUT} at (205,0) size 101x28 [bgcolor=#C0C0C0] [border: (2px outset #C0C0C0)]
                  RenderBlock (anonymous) at (8,4) size 85x19
                    RenderText at (0,0) size 85x19
                      text run at (0,0) width 85: "Choose File"
