layer at (0,0) size 800x600
  RenderView at (0,0) size 800x600
layer at (0,0) size 800x600
  RenderBlock {HTML} at (0,0) size 800x600
    RenderBody {BODY} at (8,8) size 784x584
      RenderBlock {FORM} at (0,0) size 784x21
        RenderBlock {INPUT} at (4,3) size 15x15
        RenderBlock {INPUT} at (27,3) size 15x15
      RenderBlock (anonymous) at (0,37) size 784x19
        RenderText {#text} at (0,0) size 765x19
          text run at (0,0) width 765: "There should be two elements in the first form and one in the second. The count in form one is 2, and the count in form two is 1."
