layer at (0,0) size 800x600
  RenderView at (0,0) size 800x600
layer at (0,0) size 800x600
  RenderBlock {HTML} at (0,0) size 800x600
    RenderBody {BODY} at (8,8) size 784x584
      RenderText {#text} at (0,0) size 640x19
        text run at (0,0) width 640: "In the selection list below, the text 'The label for this element is \"1\"' should appear, and not the character '1'"
      RenderBR {BR} at (640,15) size 0x0
      RenderMenuList {SELECT} at (2,21) size 231x25 [bgcolor=#FFFFFF] [border: (1px solid #000000)]
        RenderBlock (anonymous) at (1,1) size 229x23
          RenderText at (2,2) size 208x19
            text run at (2,2) width 208: "the label for this element is \"1\""
      RenderText {#text} at (0,0) size 0x0
