layer at (0,0) size 800x600
  RenderView at (0,0) size 800x600
layer at (0,0) size 800x600
  RenderBlock {HTML} at (0,0) size 800x600
    RenderBody {BODY} at (8,8) size 784x584
      RenderText {#text} at (23,1) size 491x19
        text run at (23,1) width 491: " This checkbox should look 50% transparent and should be in the mixed state."
      RenderText {#text} at (0,0) size 0x0
layer at (12,11) size 15x15
  RenderBlock {INPUT} at (4,3) size 15x15
