layer at (0,0) size 800x600
  RenderView at (0,0) size 800x600
layer at (0,0) size 800x600
  RenderBlock {HTML} at (0,0) size 800x600
    RenderBody {BODY} at (8,8) size 784x576
      RenderBlock (anonymous) at (0,0) size 784x30
        RenderTextControl {INPUT} at (2,2) size 168x26 [bgcolor=#FFFFFF]
        RenderText {#text} at (0,0) size 0x0
      RenderBlock {P} at (0,46) size 784x20
        RenderText {#text} at (0,0) size 732x20
          text run at (0,0) width 732: "Tests drag-selecting down. If the test succeeds, the text from the center to the end of the text field should be selected."
layer at (13,13) size 162x20
  RenderBlock {DIV} at (3,3) size 162x20
    RenderText {#text} at (1,0) size 144x20
      text run at (1,0) width 144: "This is a bunch of text."
selection start: position 5 of child 0 {#text} of child 0 {DIV} of child 0 {INPUT} of body
selection end:   position 24 of child 0 {#text} of child 0 {DIV} of child 0 {INPUT} of body
