layer at (0,0) size 800x600
  RenderView at (0,0) size 800x600
layer at (0,0) size 800x600
  RenderBlock {HTML} at (0,0) size 800x600
    RenderBody {BODY} at (8,8) size 784x576
      RenderBlock (anonymous) at (0,0) size 784x19
        RenderText {#text} at (0,0) size 717x19
          text run at (0,0) width 717: "This tests the height attribute of form elements. The only element that should honour this value is the Image type of input."
      RenderBlock {FORM} at (0,19) size 784x322
        RenderText {#text} at (0,5) size 33x19
          text run at (0,5) width 33: "input "
        RenderTextControl {INPUT} at (35,2) size 194x25 [bgcolor=#FFFFFF]
        RenderText {#text} at (231,5) size 4x19
          text run at (231,5) width 4: " "
        RenderBR {BR} at (235,20) size 0x0
        RenderText {#text} at (0,34) size 26x19
          text run at (0,34) width 26: "text "
        RenderTextControl {INPUT} at (28,31) size 194x25 [bgcolor=#FFFFFF]
        RenderText {#text} at (224,34) size 4x19
          text run at (224,34) width 4: " "
        RenderBR {BR} at (228,49) size 0x0
        RenderText {#text} at (0,59) size 63x19
          text run at (0,59) width 63: "checkbox "
        RenderBlock {INPUT} at (67,61) size 15x15
        RenderText {#text} at (86,59) size 4x19
          text run at (86,59) width 4: " "
        RenderBR {BR} at (90,74) size 0x0
        RenderText {#text} at (0,85) size 21x19
          text run at (0,85) width 21: "file "
        RenderFileUploadControl {INPUT} at (23,81) size 306x28 "(None)"
          RenderButton {INPUT} at (0,0) size 101x28 [bgcolor=#C0C0C0] [border: (2px outset #C0C0C0)]
            RenderBlock (anonymous) at (8,4) size 85x19
              RenderText at (0,0) size 85x19
                text run at (0,0) width 85: "Choose File"
        RenderText {#text} at (331,85) size 4x19
          text run at (331,85) width 4: " "
        RenderBR {BR} at (335,100) size 0x0
        RenderText {#text} at (0,111) size 39x19
          text run at (0,111) width 39: "image "
        RenderImage {INPUT} at (39,125) size 10x1
        RenderText {#text} at (49,111) size 4x19
          text run at (49,111) width 4: " "
        RenderBR {BR} at (53,126) size 0x0
        RenderText {#text} at (0,131) size 35x19
          text run at (0,131) width 35: "radio "
        RenderBlock {INPUT} at (39,133) size 15x15
        RenderText {#text} at (58,131) size 4x19
          text run at (58,131) width 4: " "
        RenderBR {BR} at (62,146) size 0x0
        RenderText {#text} at (0,152) size 37x19
          text run at (0,152) width 37: "range "
        RenderSlider {INPUT} at (39,153) size 129x14 [bgcolor=#FFFFFF]
          RenderBlock {DIV} at (49,0) size 31x14
        RenderText {#text} at (170,152) size 4x19
          text run at (170,152) width 4: " "
        RenderBR {BR} at (174,167) size 0x0
        RenderText {#text} at (0,177) size 33x19
          text run at (0,177) width 33: "reset "
        RenderButton {INPUT} at (35,173) size 57x28 [bgcolor=#C0C0C0] [border: (2px outset #C0C0C0)]
          RenderBlock (anonymous) at (8,4) size 41x19
            RenderText at (0,0) size 41x19
              text run at (0,0) width 41: "Reset"
        RenderText {#text} at (94,177) size 4x19
          text run at (94,177) width 4: " "
        RenderBR {BR} at (98,192) size 0x0
        RenderText {#text} at (0,209) size 43x19
          text run at (0,209) width 43: "submit "
        RenderButton {INPUT} at (45,205) size 65x28 [bgcolor=#C0C0C0] [border: (2px outset #C0C0C0)]
          RenderBlock (anonymous) at (8,4) size 49x19
            RenderText at (0,0) size 49x19
              text run at (0,0) width 49: "Submit"
        RenderText {#text} at (112,209) size 4x19
          text run at (112,209) width 4: " "
        RenderBR {BR} at (116,224) size 0x0
        RenderText {#text} at (0,240) size 45x19
          text run at (0,240) width 45: "isindex "
        RenderTextControl {INPUT} at (47,237) size 194x25 [bgcolor=#FFFFFF]
        RenderText {#text} at (243,240) size 4x19
          text run at (243,240) width 4: " "
        RenderBR {BR} at (247,255) size 0x0
        RenderText {#text} at (0,269) size 63x19
          text run at (0,269) width 63: "password "
        RenderTextControl {INPUT} at (65,266) size 194x25 [bgcolor=#FFFFFF]
        RenderText {#text} at (261,269) size 4x19
          text run at (261,269) width 4: " "
        RenderBR {BR} at (265,284) size 0x0
        RenderText {#text} at (0,298) size 43x19
          text run at (0,298) width 43: "search "
        RenderTextControl {INPUT} at (45,295) size 194x25 [bgcolor=#FFFFFF]
          RenderBlock {DIV} at (3,3) size 188x19
            RenderBlock {DIV} at (0,15) size 0x0
            RenderBlock {DIV} at (174,1) size 14x14
        RenderText {#text} at (0,0) size 0x0
layer at (46,32) size 188x19
  RenderBlock {DIV} at (3,3) size 188x19
layer at (39,61) size 188x19
  RenderBlock {DIV} at (3,3) size 188x19
layer at (58,267) size 188x19
  RenderBlock {DIV} at (3,3) size 188x19
layer at (76,296) size 188x19
  RenderBlock {DIV} at (3,3) size 188x19
layer at (56,325) size 174x19
  RenderBlock {DIV} at (0,0) size 174x19
