layer at (0,0) size 800x600
  RenderView at (0,0) size 800x600
layer at (0,0) size 800x600
  RenderBlock {HTML} at (0,0) size 800x600
    RenderBody {BODY} at (8,8) size 784x576
      RenderBlock (anonymous) at (0,0) size 784x38
        RenderText {#text} at (0,0) size 738x38
          text run at (0,0) width 738: "Test the changing of an input type=IMAGE to type=TEXT. This test is to make sure that the height and width attributes are"
          text run at (0,19) width 209: "ignored for the new type of TEXT."
      RenderBlock {FORM} at (0,38) size 784x48
        RenderBR {BR} at (0,0) size 0x19
        RenderText {#text} at (0,24) size 83x19
          text run at (0,24) width 83: "input element "
        RenderTextControl {INPUT} at (85,21) size 194x25 [bgcolor=#FFFFFF]
        RenderText {#text} at (0,0) size 0x0
layer at (96,70) size 188x19
  RenderBlock {DIV} at (3,3) size 188x19
