layer at (0,0) size 800x600
  RenderView at (0,0) size 800x600
layer at (0,0) size 800x600
  RenderBlock {HTML} at (0,0) size 800x600
    RenderBody {BODY} at (8,8) size 784x576
      RenderBlock (anonymous) at (0,0) size 784x19
        RenderText {#text} at (0,0) size 480x19
          text run at (0,0) width 480: "This tests that the value becomes visible when the text field becomes visible."
      RenderBlock {P} at (0,35) size 784x29
        RenderTextControl {INPUT} at (2,2) size 194x25 [bgcolor=#FFFFFF] [border: (2px inset #000000)]
        RenderText {#text} at (0,0) size 0x0
      RenderBlock {DIV} at (0,80) size 784x0
      RenderBlock {P} at (0,80) size 784x0
layer at (13,48) size 188x19
  RenderBlock {DIV} at (3,3) size 188x19
    RenderText {#text} at (1,0) size 89x19
      text run at (1,0) width 89: "Test Passed"
