layer at (0,0) size 800x600
  RenderView at (0,0) size 800x600
layer at (0,0) size 800x600
  RenderBlock {HTML} at (0,0) size 800x600
    RenderBody {BODY} at (8,8) size 784x584
      RenderBlock {P} at (0,0) size 784x19
        RenderText {#text} at (0,0) size 51x19
          text run at (0,0) width 51: "Test for "
        RenderInline {A} at (0,0) size 66x19 [color=#0000EE]
          RenderText {#text} at (51,0) size 66x19
            text run at (51,0) width 66: "bug 11534"
        RenderText {#text} at (117,0) size 4x19
          text run at (117,0) width 4: "."
      RenderBlock {P} at (0,35) size 784x19
        RenderText {#text} at (0,0) size 331x19
          text run at (0,0) width 331: "Readonly text fields don't scroll when selecting content."
      RenderBlock (anonymous) at (0,70) size 784x29
        RenderTextControl {INPUT} at (2,2) size 194x25 [bgcolor=#FFFFFF]
        RenderText {#text} at (0,0) size 0x0
      RenderBlock {DIV} at (0,99) size 784x19
        RenderText {#text} at (0,0) size 74x19
          text run at (0,0) width 74: "ScrollLeft: 9"
        RenderBR {BR} at (74,15) size 0x0
layer at (13,83) size 188x19 scrollX 9 scrollWidth 197
  RenderBlock {DIV} at (3,3) size 188x19
    RenderText {#text} at (1,0) size 195x19
      text run at (1,0) width 195: "abcdefghijklmnopqrstuvwxyz"
selection start: position 1 of child 0 {#text} of child 0 {DIV} of child 5 {INPUT} of body
selection end:   position 1 of child 5 {INPUT} of body
