layer at (0,0) size 800x600
  RenderView at (0,0) size 800x600
layer at (0,0) size 800x600
  RenderBlock {HTML} at (0,0) size 800x600
    RenderBody {BODY} at (8,8) size 784x584
      RenderBlock {P} at (0,0) size 784x19
        RenderText {#text} at (0,0) size 108x19
          text run at (0,0) width 108: "This tests that the "
        RenderInline {CODE} at (0,0) size 72x15
          RenderText {#text} at (108,4) size 72x15
            text run at (108,4) width 72: "word-wrap"
        RenderText {#text} at (180,0) size 284x19
          text run at (180,0) width 284: " property is ignored for single-line text controls."
      RenderBlock (anonymous) at (0,35) size 784x25
        RenderTextControl {INPUT} at (2,0) size 194x25 [bgcolor=#FFFFFF]
        RenderText {#text} at (0,0) size 0x0
layer at (13,46) size 188x19 scrollWidth 328
  RenderBlock {DIV} at (3,3) size 188x19
    RenderText {#text} at (1,0) size 326x19
      text run at (1,0) width 326: "This sentence should not wrap into the next line."
