layer at (0,0) size 800x600
  RenderView at (0,0) size 800x600
layer at (0,0) size 800x600
  RenderBlock {HTML} at (0,0) size 800x600
    RenderBody {BODY} at (8,8) size 784x576
      RenderBlock (anonymous) at (0,0) size 784x29
        RenderTextControl {INPUT} at (2,2) size 194x25 [bgcolor=#FFFFFF]
        RenderText {#text} at (0,0) size 0x0
      RenderBlock {P} at (0,45) size 784x19
        RenderText {#text} at (0,0) size 544x19
          text run at (0,0) width 544: "Tests double-clicking on a word. If the test succeeds, the word \"word\" should be selected."
layer at (13,13) size 188x19
  RenderBlock {DIV} at (3,3) size 188x19
    RenderText {#text} at (1,0) size 90x19
      text run at (1,0) width 90: "word another"
selection start: position 0 of child 0 {#text} of child 0 {DIV} of child 0 {INPUT} of body
selection end:   position 4 of child 0 {#text} of child 0 {DIV} of child 0 {INPUT} of body
