layer at (0,0) size 800x600
  RenderView at (0,0) size 800x600
layer at (0,0) size 800x600
  RenderBlock {HTML} at (0,0) size 800x600
    RenderBody {BODY} at (8,8) size 784x576
      RenderBlock {P} at (0,0) size 784x19
        RenderText {#text} at (0,0) size 30x19
          text run at (0,0) width 30: "Test "
        RenderInline {TT} at (0,0) size 72x15
          RenderText {#text} at (30,4) size 72x15
            text run at (30,4) width 72: "<isindex>"
        RenderText {#text} at (102,0) size 119x19
          text run at (102,0) width 119: " placeholder styling."
      RenderBlock (anonymous) at (0,35) size 784x19
        RenderText {#text} at (0,0) size 218x19
          text run at (0,0) width 218: "The placeholder text should be gray:"
      RenderBlock {FORM} at (0,62) size 784x49
        RenderBlock {HR} at (0,0) size 784x2 [border: (1px inset #000000)]
        RenderBlock (anonymous) at (0,10) size 784x29
          RenderInline {LABEL} at (0,0) size 505x19
            RenderText {#text} at (0,5) size 307x19
              text run at (0,5) width 307: "This is a searchable index. Enter search keywords: "
            RenderTextControl {INPUT} at (309,2) size 194x25 [bgcolor=#FFFFFF]
        RenderBlock {HR} at (0,47) size 784x2 [border: (1px inset #000000)]
      RenderBlock (anonymous) at (0,127) size 784x19
        RenderText {#text} at (0,0) size 225x19
          text run at (0,0) width 225: "The placeholder text should be green:"
      RenderBlock {FORM} at (0,154) size 784x49
        RenderBlock {HR} at (0,0) size 784x2 [border: (1px inset #000000)]
        RenderBlock (anonymous) at (0,10) size 784x29
          RenderInline {LABEL} at (0,0) size 505x19
            RenderText {#text} at (0,5) size 307x19
              text run at (0,5) width 307: "This is a searchable index. Enter search keywords: "
            RenderTextControl {INPUT} at (309,2) size 194x25 [bgcolor=#FFFFFF]
        RenderBlock {HR} at (0,47) size 784x2 [border: (1px inset #000000)]
layer at (320,85) size 188x19
  RenderBlock {DIV} at (3,3) size 188x19 [color=#A9A9A9]
    RenderText {#text} at (1,0) size 81x19
      text run at (1,0) width 81: "placeholder"
layer at (320,177) size 188x19
  RenderBlock {DIV} at (3,3) size 188x19 [color=#008000]
    RenderText {#text} at (1,0) size 81x19
      text run at (1,0) width 81: "placeholder"
