layer at (0,0) size 800x600
  RenderView at (0,0) size 800x600
layer at (0,0) size 800x600
  RenderBlock {HTML} at (0,0) size 800x600
    RenderBody {BODY} at (8,8) size 784x576
      RenderBlock (anonymous) at (0,0) size 784x54
        RenderText {#text} at (300,35) size 4x19
          text run at (300,35) width 4: " "
        RenderText {#text} at (0,0) size 0x0
      RenderBlock {P} at (0,70) size 784x19
        RenderText {#text} at (0,0) size 769x19
          text run at (0,0) width 769: "This is a pixel test that tests the linebox overflow in the padding on textareas. The div on the right is styled to look like a textarea."
layer at (8,8) size 300x50 clip at (11,11) size 278x44 scrollHeight 46
  RenderTextControl {TEXTAREA} at (0,0) size 300x50 [color=#0000FF] [bgcolor=#FFFFFF] [border: (3px solid #FFFF00)]
    RenderBlock {DIV} at (18,18) size 248x16
      RenderText {#text} at (0,-17) size 180x43
        text run at (0,-17) width 162: "ggggggggg"
        text run at (162,-17) width 18: " "
        text run at (0,-9) width 162: "ggggggggg"
layer at (312,8) size 300x50 clip at (315,11) size 278x44 scrollHeight 46
  RenderBlock {DIV} at (304,0) size 300x50 [color=#0000FF] [border: (3px solid #FFFF00)]
    RenderBlock {DIV} at (18,18) size 248x16
      RenderText {#text} at (0,-17) size 162x43
        text run at (0,-17) width 162: "ggggggggg"
        text run at (0,-9) width 162: "ggggggggg"
