layer at (0,0) size 800x600
  RenderView at (0,0) size 800x600
layer at (0,0) size 800x600
  RenderBlock {HTML} at (0,0) size 800x600
    RenderBody {BODY} at (8,8) size 784x584
      RenderText {#text} at (0,0) size 417x19
        text run at (0,0) width 417: "This tests that we don't honor line-height for styled popup buttons."
      RenderBR {BR} at (417,15) size 0x0
      RenderMenuList {SELECT} at (2,21) size 243x25 [bgcolor=#ADD8E6] [border: (1px solid #000000)]
        RenderBlock (anonymous) at (1,1) size 241x23
          RenderText at (2,2) size 220x19
            text run at (2,2) width 220: "This text should not be clipped."
