layer at (0,0) size 800x600
  RenderView at (0,0) size 800x600
layer at (0,0) size 800x600
  RenderBlock {HTML} at (0,0) size 800x600
    RenderBody {BODY} at (8,8) size 784x584
      RenderBlock (anonymous) at (0,0) size 784x67
        RenderText {#text} at (0,0) size 627x19
          text run at (0,0) width 627: "This tests that when an option is dynamically added to a menu list, and it is too long for the current width,"
        RenderBR {BR} at (627,15) size 0x0
        RenderText {#text} at (0,19) size 348x19
          text run at (0,19) width 348: "that the select automatically recalculates the correct width."
        RenderBR {BR} at (348,34) size 0x0
        RenderMenuList {SELECT} at (2,40) size 159x25 [bgcolor=#FFFFFF] [border: (1px solid #000000)]
          RenderBlock (anonymous) at (1,1) size 157x23
            RenderText at (2,2) size 37x19
              text run at (2,2) width 37: "Short"
        RenderText {#text} at (0,0) size 0x0
      RenderBlock {DIV} at (0,67) size 784x0
