layer at (0,0) size 800x600
  RenderView at (0,0) size 800x600
layer at (0,0) size 800x600
  RenderBlock {HTML} at (0,0) size 800x600
    RenderBody {BODY} at (8,8) size 784x584
      RenderText {#text} at (0,0) size 613x19
        text run at (0,0) width 613: "This tests that the text security mode switches correctly when the placeholder appears and disappears."
      RenderBR {BR} at (613,15) size 0x0
      RenderText {#text} at (0,24) size 339x19
        text run at (0,24) width 339: "Leave field 1 alone. It should show the placeholder text: "
      RenderTextControl {INPUT} at (341,21) size 194x25 [bgcolor=#FFFFFF]
      RenderBR {BR} at (537,39) size 0x0
      RenderText {#text} at (0,53) size 389x19
        text run at (0,53) width 142: "Focus field 2 and type. "
        text run at (142,53) width 247: "It should show bullets for the password.: "
      RenderTextControl {INPUT} at (391,50) size 194x25 [bgcolor=#FFFFFF]
      RenderBR {BR} at (587,68) size 0x0
      RenderText {#text} at (0,82) size 561x19
        text run at (0,82) width 142: "Focus field 3 and type. "
        text run at (142,82) width 202: "Clear the value and blur the field. "
        text run at (344,82) width 217: "It should show the placeholder text: "
      RenderTextControl {INPUT} at (563,79) size 194x25 [bgcolor=#FFFFFF]
      RenderBR {BR} at (759,97) size 0x0
layer at (352,32) size 188x19
  RenderBlock {DIV} at (3,3) size 188x19 [color=#A9A9A9]
    RenderText {#text} at (1,0) size 81x19
      text run at (1,0) width 81: "placeholder"
layer at (402,61) size 188x19
  RenderBlock {DIV} at (3,3) size 188x19
    RenderText {#text} at (1,0) size 24x19
      text run at (1,0) width 24: "\x{2022}\x{2022}\x{2022}\x{2022}"
layer at (574,90) size 188x19
  RenderBlock {DIV} at (3,3) size 188x19 [color=#A9A9A9]
    RenderText {#text} at (1,0) size 81x19
      text run at (1,0) width 81: "placeholder"
