layer at (0,0) size 800x600
  RenderView at (0,0) size 800x600
layer at (0,0) size 800x244
  RenderBlock {HTML} at (0,0) size 800x244
    RenderBody {BODY} at (8,16) size 784x220
      RenderBlock {P} at (0,0) size 784x38
        RenderText {#text} at (0,0) size 753x38
          text run at (0,0) width 753: "CR and LF in placeholder values should be stripped. The first input element and the first textarea element should have a"
          text run at (0,19) width 748: "placeholder \"first line second line\", and the second input element and the second textarea element should have nothing."
      RenderBlock (anonymous) at (0,54) size 784x166
        RenderTextControl {INPUT} at (2,2) size 194x25 [bgcolor=#FFFFFF] [border: (2px inset #000000)]
        RenderBR {BR} at (198,5) size 0x19
        RenderTextControl {INPUT} at (2,31) size 194x25 [bgcolor=#FFFFFF] [border: (2px inset #000000)]
        RenderBR {BR} at (198,34) size 0x19
        RenderBR {BR} at (208,93) size 0x19
        RenderText {#text} at (0,0) size 0x0
layer at (13,75) size 188x19
  RenderBlock {DIV} at (3,3) size 188x19
layer at (13,104) size 188x19
  RenderBlock {DIV} at (3,3) size 188x19
layer at (10,130) size 204x46 clip at (12,132) size 200x42
  RenderTextControl {TEXTAREA} at (2,60) size 204x46 [bgcolor=#FFFFFF] [border: (2px solid #000000)]
    RenderBlock {DIV} at (4,4) size 196x19
layer at (10,184) size 204x46 clip at (12,186) size 200x42
  RenderTextControl {TEXTAREA} at (2,114) size 204x46 [bgcolor=#FFFFFF] [border: (2px solid #000000)]
    RenderBlock {DIV} at (4,4) size 196x19
