layer at (0,0) size 800x600
  RenderView at (0,0) size 800x600
layer at (0,0) size 800x600
  RenderBlock {HTML} at (0,0) size 800x600
    RenderBody {BODY} at (8,8) size 784x584
      RenderText {#text} at (0,0) size 315x19
        text run at (0,0) width 315: "This tests that you can set the placeholder text color."
      RenderBR {BR} at (315,15) size 0x0
      RenderTextControl {INPUT} at (2,21) size 194x25 [bgcolor=#FFFFFF]
      RenderText {#text} at (198,24) size 4x19
        text run at (198,24) width 4: " "
      RenderTextControl {INPUT} at (204,21) size 194x25 [bgcolor=#FFFFFF]
        RenderBlock {DIV} at (3,3) size 188x19
          RenderBlock {DIV} at (0,15) size 0x0
          RenderBlock {DIV} at (174,1) size 14x14
      RenderText {#text} at (400,24) size 4x19
        text run at (400,24) width 4: " "
      RenderTextControl {INPUT} at (406,21) size 194x25 [bgcolor=#FFFFFF]
      RenderText {#text} at (602,24) size 4x19
        text run at (602,24) width 4: " "
      RenderTextControl {INPUT} at (2,50) size 194x25 [bgcolor=#FFFFFF]
      RenderText {#text} at (198,53) size 4x19
        text run at (198,53) width 4: " "
      RenderTextControl {INPUT} at (204,50) size 194x25 [bgcolor=#FFFFFF]
      RenderText {#text} at (400,53) size 4x19
        text run at (400,53) width 4: " "
      RenderTextControl {INPUT} at (406,50) size 194x25 [bgcolor=#FFFFFF]
      RenderText {#text} at (0,0) size 0x0
layer at (13,32) size 188x19
  RenderBlock {DIV} at (3,3) size 188x19 [color=#640000]
    RenderText {#text} at (1,0) size 24x19
      text run at (1,0) width 24: "text"
layer at (215,32) size 174x19
  RenderBlock {DIV} at (0,0) size 174x19 [color=#640000]
    RenderText {#text} at (1,0) size 47x19
      text run at (1,0) width 47: "search"
layer at (417,32) size 188x19
  RenderBlock {DIV} at (3,3) size 188x19 [color=#640000]
    RenderText {#text} at (1,0) size 68x19
      text run at (1,0) width 68: "password"
layer at (13,61) size 188x19
  RenderBlock {DIV} at (3,3) size 188x19 [color=#B80000]
    RenderText {#text} at (1,0) size 88x19
      text run at (1,0) width 88: "disabled text"
layer at (215,61) size 188x19
  RenderBlock {DIV} at (3,3) size 188x19 [color=#A9A9A9]
    RenderText {#text} at (1,0) size 46x19
      text run at (1,0) width 46: "default"
layer at (417,61) size 188x19
  RenderBlock {DIV} at (3,3) size 188x19 [color=#A9A9A9]
    RenderText {#text} at (1,0) size 110x19
      text run at (1,0) width 110: "default disabled"
