layer at (0,0) size 800x600
  RenderView at (0,0) size 800x600
layer at (0,0) size 800x600
  RenderBlock {HTML} at (0,0) size 800x600
    RenderBody {BODY} at (8,8) size 784x584
      RenderBlock (anonymous) at (0,0) size 784x38
        RenderText {#text} at (0,0) size 777x19
          text run at (0,0) width 777: "This will test that radio buttons can be moved in and out of forms while maintaining only one checked button per group, per form. "
        RenderBR {BR} at (777,15) size 0x0
        RenderText {#text} at (0,19) size 332x19
          text run at (0,19) width 332: "Test 1: Transfer radio buttons from <body> to <form>:"
        RenderText {#text} at (0,0) size 0x0
        RenderText {#text} at (0,0) size 0x0
      RenderBlock {FORM} at (0,38) size 784x21
        RenderBlock {INPUT} at (4,3) size 15x15
        RenderBlock {INPUT} at (27,3) size 15x15
      RenderBlock {DIV} at (0,75) size 784x19
        RenderText {#text} at (0,0) size 93x19
          text run at (0,0) width 93: "Test 1 Passed"
      RenderBlock (anonymous) at (0,94) size 784x38
        RenderBR {BR} at (0,0) size 0x19
        RenderText {#text} at (0,19) size 332x19
          text run at (0,19) width 332: "Test 2: Transfer radio buttons from <form> to <body>:"
      RenderBlock {FORM} at (0,132) size 784x0
        RenderText {#text} at (0,0) size 0x0
        RenderText {#text} at (0,0) size 0x0
      RenderBlock {DIV} at (0,148) size 784x19
        RenderText {#text} at (0,0) size 93x19
          text run at (0,0) width 93: "Test 2 Passed"
      RenderBlock (anonymous) at (0,167) size 784x38
        RenderBR {BR} at (0,0) size 0x19
        RenderText {#text} at (0,19) size 538x19
          text run at (0,19) width 538: "Test 3: Transfer radio buttons from <form> to <body> with a dormant state in the middle:"
      RenderBlock {FORM} at (0,205) size 784x0
        RenderText {#text} at (0,0) size 0x0
        RenderText {#text} at (0,0) size 0x0
      RenderBlock {DIV} at (0,221) size 784x19
        RenderText {#text} at (0,0) size 93x19
          text run at (0,0) width 93: "Test 3 Passed"
      RenderBlock (anonymous) at (0,240) size 784x38
        RenderBR {BR} at (0,0) size 0x19
        RenderText {#text} at (0,19) size 243x19
          text run at (0,19) width 243: "Test 4: Transfer from <form> to <form>"
      RenderBlock {FORM} at (0,278) size 784x0
        RenderText {#text} at (0,0) size 0x0
        RenderText {#text} at (0,0) size 0x0
      RenderBlock {FORM} at (0,294) size 784x21
        RenderBlock {INPUT} at (4,3) size 15x15
        RenderText {#text} at (23,1) size 4x19
          text run at (23,1) width 4: " "
        RenderBlock {INPUT} at (31,3) size 15x15
        RenderBlock {INPUT} at (54,3) size 15x15
      RenderBlock {DIV} at (0,331) size 784x19
        RenderText {#text} at (0,0) size 93x19
          text run at (0,0) width 93: "Test 4 Passed"
      RenderBlock (anonymous) at (0,350) size 784x21
        RenderBlock {INPUT} at (4,3) size 15x15
        RenderBlock {INPUT} at (27,3) size 15x15
        RenderBlock {INPUT} at (50,3) size 15x15
        RenderBlock {INPUT} at (73,3) size 15x15
