layer at (0,0) size 800x600
  RenderView at (0,0) size 800x600
layer at (0,0) size 800x40
  RenderBlock {HTML} at (0,0) size 800x40
    RenderBody {BODY} at (8,8) size 784x24
      RenderTextControl {INPUT} at (2,2) size 132x20 [bgcolor=#FFFFFF]
        RenderBlock {DIV} at (3,1) size 126x17
          RenderBlock {DIV} at (0,0) size 14x14
          RenderBlock {DIV} at (112,0) size 14x14
      RenderText {#text} at (0,0) size 0x0
layer at (27,15) size 98x13
  RenderBlock {DIV} at (14,4) size 98x13 [color=#A9A9A9]
    RenderText {#text} at (1,0) size 88x13
      text run at (1,0) width 88: "Search for Events"
