layer at (0,0) size 800x600
  RenderView at (0,0) size 800x600
layer at (0,0) size 800x600
  RenderBlock {HTML} at (0,0) size 800x600
    RenderBody {BODY} at (8,8) size 784x576
      RenderBlock {P} at (0,0) size 784x19
        RenderText {#text} at (0,0) size 51x19
          text run at (0,0) width 51: "Test for "
        RenderInline {I} at (0,0) size 701x19
          RenderInline {A} at (0,0) size 305x19 [color=#0000EE]
            RenderText {#text} at (51,0) size 305x19
              text run at (51,0) width 305: "http://bugs.webkit.org/show_bug.cgi?id=11916"
          RenderText {#text} at (356,0) size 396x19
            text run at (356,0) width 4: " "
            text run at (360,0) width 392: "REGRESSION (SearchField): RTL search fields are mixed up"
        RenderText {#text} at (752,0) size 4x19
          text run at (752,0) width 4: "."
      RenderBlock {P} at (0,35) size 784x87
        RenderTextControl {INPUT} at (2,2) size 194x25 [bgcolor=#FFFFFF]
          RenderBlock {DIV} at (3,3) size 188x19
            RenderBlock {DIV} at (0,1) size 14x14
            RenderBlock {DIV} at (174,1) size 14x14
        RenderText {#text} at (198,5) size 4x19
          text run at (198,5) width 4: " "
        RenderBR {BR} at (0,0) size 0x0
        RenderTextControl {INPUT} at (2,31) size 284x25 [bgcolor=#FFFFFF]
          RenderBlock {DIV} at (3,3) size 278x19
            RenderBlock {DIV} at (0,1) size 14x14
            RenderBlock {DIV} at (264,1) size 14x14
        RenderText {#text} at (288,34) size 4x19
          text run at (288,34) width 4: " "
        RenderBR {BR} at (0,0) size 0x0
        RenderTextControl {INPUT} at (2,60) size 194x25 [bgcolor=#FFFFFF]
          RenderBlock {DIV} at (3,3) size 188x19
            RenderBlock {DIV} at (0,1) size 14x14
            RenderBlock {DIV} at (174,1) size 14x14
        RenderText {#text} at (0,0) size 0x0
      RenderBlock {P} at (0,138) size 784x19
        RenderText {#text} at (0,0) size 38x19
          text run at (0,0) width 38: "PASS"
layer at (27,48) size 160x19 scrollX 8 scrollWidth 168
  RenderBlock {DIV} at (14,0) size 160x19
    RenderText {#text} at (-8,0) size 167x19
      text run at (-8,0) width 26 RTL: " \x{5D5}\x{5D6}\x{5D4}\x{5D5}"
      text run at (18,0) width 25: "she"
      text run at (43,0) width 53 RTL: " \x{5D5}\x{5D4}\x{5D9}\x{5D0} \x{5D6}\x{5D4} "
      text run at (96,0) width 17: "he"
      text run at (113,0) width 46 RTL: "\x{5D4}\x{5D5}\x{5D0} \x{5D6}\x{5D4} "
layer at (27,77) size 250x19
  RenderBlock {DIV} at (14,0) size 250x19
    RenderText {#text} at (82,0) size 167x19
      text run at (82,0) width 26 RTL: " \x{5D5}\x{5D6}\x{5D4}\x{5D5}"
      text run at (108,0) width 25: "she"
      text run at (133,0) width 53 RTL: " \x{5D5}\x{5D4}\x{5D9}\x{5D0} \x{5D6}\x{5D4} "
      text run at (186,0) width 17: "he"
      text run at (203,0) width 46 RTL: "\x{5D4}\x{5D5}\x{5D0} \x{5D6}\x{5D4} "
layer at (27,106) size 160x19
  RenderBlock {DIV} at (14,0) size 160x19
caret: position 0 of child 1 {DIV} of child 0 {DIV} of child 9 {INPUT} of child 3 {P} of body
