layer at (0,0) size 800x600
  RenderView at (0,0) size 800x600
layer at (0,0) size 800x600
  RenderBlock {HTML} at (0,0) size 800x600
    RenderBody {BODY} at (8,8) size 784x584
      RenderBlock {P} at (0,0) size 784x19
        RenderText {#text} at (0,0) size 367x19
          text run at (0,0) width 367: "Only the second search field should have a cancel button (\x{D7})."
      RenderBlock (anonymous) at (0,35) size 784x29
        RenderTextControl {INPUT} at (2,2) size 194x25 [bgcolor=#FFFFFF]
          RenderBlock {DIV} at (3,3) size 188x19
            RenderBlock {DIV} at (0,15) size 0x0
            RenderBlock {DIV} at (174,1) size 14x14
        RenderText {#text} at (198,5) size 4x19
          text run at (198,5) width 4: " "
        RenderTextControl {INPUT} at (204,2) size 194x25 [bgcolor=#FFFFFF]
          RenderBlock {DIV} at (3,3) size 188x19
            RenderBlock {DIV} at (0,15) size 0x0
            RenderBlock {DIV} at (174,1) size 14x14
        RenderText {#text} at (0,0) size 0x0
layer at (13,48) size 174x19
  RenderBlock {DIV} at (0,0) size 174x19
layer at (215,48) size 174x19
  RenderBlock {DIV} at (0,0) size 174x19
    RenderText {#text} at (1,0) size 54x19
      text run at (1,0) width 54: "this one"
