layer at (0,0) size 800x600
  RenderView at (0,0) size 800x600
layer at (0,0) size 800x600
  RenderBlock {HTML} at (0,0) size 800x600
    RenderBody {BODY} at (9,9) size 782x572
      RenderBlock {P} at (0,0) size 782x44
        RenderText {#text} at (0,0) size 65x22
          text run at (0,0) width 65: "Test for "
        RenderInline {A} at (0,0) size 359x22 [color=#0000EE]
          RenderText {#text} at (65,0) size 359x22
            text run at (65,0) width 359: "https://bugs.webkit.org/show_bug.cgi?id=24733"
        RenderText {#text} at (424,0) size 4x22
          text run at (424,0) width 4: ":"
        RenderBR {BR} at (428,17) size 0x0
        RenderText {#text} at (0,22) size 362x22
          text run at (0,22) width 362: "Tests event handling on search fields with zoom."
      RenderBlock {P} at (0,63) size 782x33
        RenderTextControl {INPUT} at (2,2) size 235x29 [bgcolor=#FFFFFF]
          RenderBlock {DIV} at (3,3) size 229x23
            RenderBlock {DIV} at (0,4) size 14x14
            RenderBlock {DIV} at (215,4) size 14x14
        RenderText {#text} at (0,0) size 0x0
      RenderBlock {P} at (0,168) size 782x22
        RenderText {#text} at (0,0) size 46x22
          text run at (0,0) width 46: "PASS"
layer at (28,77) size 201x23
  RenderBlock {DIV} at (14,0) size 201x23
    RenderText {#text} at (1,0) size 134x23
      text run at (1,0) width 134: "Some other text"
caret: position 15 of child 0 {#text} of child 1 {DIV} of child 0 {DIV} of child 1 {INPUT} of child 3 {P} of body
