layer at (0,0) size 800x600
  RenderView at (0,0) size 800x600
layer at (0,0) size 800x98
  RenderBlock {HTML} at (0,0) size 800x98
    RenderBody {BODY} at (8,8) size 784x74
      RenderTable {TABLE} at (0,0) size 66x39 [border: (1px outset #808080)]
        RenderTableSection {TBODY} at (1,1) size 64x37
          RenderTableRow {TR} at (0,2) size 64x33
            RenderTableCell {TD} at (2,2) size 60x33 [border: (1px inset #808080)] [r=0 c=0 rs=1 cs=1]
              RenderMenuList {SELECT} at (4,4) size 52x25 [bgcolor=#FFFFFF] [border: (1px solid #000000)]
                RenderBlock (anonymous) at (1,1) size 50x23
                  RenderText at (2,2) size 25x19
                    text run at (2,2) width 25: "test"
      RenderBlock {P} at (0,55) size 784x19
        RenderText {#text} at (0,0) size 447x19
          text run at (0,0) width 447: "The select element in the table above must not spill outside of the table."
