layer at (0,0) size 800x600
  RenderView at (0,0) size 800x600
layer at (0,0) size 800x600
  RenderBlock {HTML} at (0,0) size 800x600
    RenderBody {BODY} at (8,8) size 784x584
      RenderBlock {P} at (0,0) size 784x38
        RenderText {#text} at (0,0) size 56x19
          text run at (0,0) width 56: "Test for "
        RenderInline {I} at (0,0) size 770x38
          RenderInline {A} at (0,0) size 323x19 [color=#0000EE]
            RenderText {#text} at (56,0) size 323x19
              text run at (56,0) width 323: "http://bugs.webkit.org/show_bug.cgi?id=13775"
          RenderText {#text} at (379,0) size 770x38
            text run at (379,0) width 4: " "
            text run at (383,0) width 387: "REGRESSION: Popup button text should use \"natural\""
            text run at (0,19) width 361: "directionality to match the items in the popup menu"
        RenderText {#text} at (361,19) size 4x19
          text run at (361,19) width 4: "."
      RenderBlock {P} at (0,54) size 784x19
        RenderText {#text} at (0,0) size 704x19
          text run at (0,0) width 539: "In all of the popup buttons below, the letter A should be on the left and the letter "
          text run at (539,0) width 10 RTL: "\x{5D0}"
          text run at (549,0) width 155: " should be on the right."
      RenderBlock {DIV} at (0,89) size 784x58
        RenderBlock {DIV} at (0,0) size 784x29
          RenderMenuList {SELECT} at (0,2) size 70x25 [bgcolor=#FFFFFF] [border: (1px solid #000000)]
            RenderBlock (anonymous) at (1,1) size 68x23
              RenderText at (2,2) size 21x19
                text run at (2,2) width 11: "A"
                text run at (13,2) width 10 RTL: "\x{5D0}"
          RenderText {#text} at (70,5) size 4x19
            text run at (70,5) width 4: " "
          RenderMenuList {SELECT} at (74,2) size 70x25 [bgcolor=#FFFFFF] [border: (1px solid #000000)]
            RenderBlock (anonymous) at (1,1) size 68x23
              RenderText at (2,2) size 21x19
                text run at (2,2) width 11: "A"
                text run at (13,2) width 10 RTL: "\x{5D0}"
          RenderText {#text} at (144,5) size 4x19
            text run at (144,5) width 4: " "
          RenderMenuList {SELECT} at (148,2) size 70x25 [bgcolor=#FFFFFF] [border: (1px solid #000000)]
            RenderBlock (anonymous) at (1,1) size 68x23
              RenderText at (2,2) size 26x19
                text run at (2,2) width 11: "A"
                text run at (13,2) width 15 RTL: "(\x{5D0}"
          RenderText {#text} at (218,5) size 4x19
            text run at (218,5) width 4: " "
          RenderMenuList {SELECT} at (222,2) size 70x25 [bgcolor=#FFFFFF] [border: (1px solid #000000)]
            RenderBlock (anonymous) at (1,1) size 68x23
              RenderText at (2,2) size 26x19
                text run at (2,2) width 16: "(A"
                text run at (18,2) width 10 RTL: "\x{5D0}"
          RenderText {#text} at (0,0) size 0x0
        RenderBlock {DIV} at (0,29) size 784x29
          RenderMenuList {SELECT} at (492,2) size 70x25 [bgcolor=#FFFFFF] [border: (1px solid #000000)]
            RenderBlock (anonymous) at (1,1) size 68x23
              RenderText at (2,2) size 21x19
                text run at (2,2) width 11: "A"
                text run at (13,2) width 10 RTL: "\x{5D0}"
          RenderText {#text} at (562,5) size 4x19
            text run at (562,5) width 4: " "
          RenderMenuList {SELECT} at (566,2) size 70x25 [bgcolor=#FFFFFF] [border: (1px solid #000000)]
            RenderBlock (anonymous) at (1,1) size 68x23
              RenderText at (2,2) size 21x19
                text run at (2,2) width 11: "A"
                text run at (13,2) width 10 RTL: "\x{5D0}"
          RenderText {#text} at (636,5) size 4x19
            text run at (636,5) width 4: " "
          RenderMenuList {SELECT} at (640,2) size 70x25 [bgcolor=#FFFFFF] [border: (1px solid #000000)]
            RenderBlock (anonymous) at (1,1) size 68x23
              RenderText at (2,2) size 26x19
                text run at (2,2) width 11: "A"
                text run at (13,2) width 15 RTL: "(\x{5D0}"
          RenderText {#text} at (710,5) size 4x19
            text run at (710,5) width 4: " "
          RenderMenuList {SELECT} at (714,2) size 70x25 [bgcolor=#FFFFFF] [border: (1px solid #000000)]
            RenderBlock (anonymous) at (1,1) size 68x23
              RenderText at (2,2) size 26x19
                text run at (2,2) width 16: "(A"
                text run at (18,2) width 10 RTL: "\x{5D0}"
          RenderText {#text} at (0,0) size 0x0
      RenderBlock {DIV} at (0,147) size 784x58
        RenderBlock {DIV} at (0,0) size 784x29
          RenderMenuList {SELECT} at (222,2) size 70x25 [bgcolor=#FFFFFF] [border: (1px solid #000000)]
            RenderBlock (anonymous) at (1,1) size 68x23
              RenderText at (19,2) size 21x19
                text run at (19,2) width 11: "A"
                text run at (30,2) width 10 RTL: "\x{5D0}"
          RenderText {#text} at (218,5) size 4x19
            text run at (218,5) width 4 RTL: " "
          RenderMenuList {SELECT} at (148,2) size 70x25 [bgcolor=#FFFFFF] [border: (1px solid #000000)]
            RenderBlock (anonymous) at (1,1) size 68x23
              RenderText at (19,2) size 21x19
                text run at (19,2) width 11: "A"
                text run at (30,2) width 10 RTL: "\x{5D0}"
          RenderText {#text} at (144,5) size 4x19
            text run at (144,5) width 4 RTL: " "
          RenderMenuList {SELECT} at (74,2) size 70x25 [bgcolor=#FFFFFF] [border: (1px solid #000000)]
            RenderBlock (anonymous) at (1,1) size 68x23
              RenderText at (19,2) size 26x19
                text run at (19,2) width 11: "A"
                text run at (30,2) width 15 RTL: "(\x{5D0}"
          RenderText {#text} at (70,5) size 4x19
            text run at (70,5) width 4 RTL: " "
          RenderMenuList {SELECT} at (0,2) size 70x25 [bgcolor=#FFFFFF] [border: (1px solid #000000)]
            RenderBlock (anonymous) at (1,1) size 68x23
              RenderText at (19,2) size 26x19
                text run at (19,2) width 16: "(A"
                text run at (35,2) width 10 RTL: "\x{5D0}"
          RenderText {#text} at (0,0) size 0x0
        RenderBlock {DIV} at (0,29) size 784x29
          RenderMenuList {SELECT} at (714,2) size 70x25 [bgcolor=#FFFFFF] [border: (1px solid #000000)]
            RenderBlock (anonymous) at (1,1) size 68x23
              RenderText at (19,2) size 21x19
                text run at (19,2) width 11: "A"
                text run at (30,2) width 10 RTL: "\x{5D0}"
          RenderText {#text} at (710,5) size 4x19
            text run at (710,5) width 4 RTL: " "
          RenderMenuList {SELECT} at (640,2) size 70x25 [bgcolor=#FFFFFF] [border: (1px solid #000000)]
            RenderBlock (anonymous) at (1,1) size 68x23
              RenderText at (19,2) size 21x19
                text run at (19,2) width 11: "A"
                text run at (30,2) width 10 RTL: "\x{5D0}"
          RenderText {#text} at (636,5) size 4x19
            text run at (636,5) width 4 RTL: " "
          RenderMenuList {SELECT} at (566,2) size 70x25 [bgcolor=#FFFFFF] [border: (1px solid #000000)]
            RenderBlock (anonymous) at (1,1) size 68x23
              RenderText at (19,2) size 26x19
                text run at (19,2) width 11: "A"
                text run at (30,2) width 15 RTL: "(\x{5D0}"
          RenderText {#text} at (562,5) size 4x19
            text run at (562,5) width 4 RTL: " "
          RenderMenuList {SELECT} at (492,2) size 70x25 [bgcolor=#FFFFFF] [border: (1px solid #000000)]
            RenderBlock (anonymous) at (1,1) size 68x23
              RenderText at (19,2) size 26x19
                text run at (19,2) width 16: "(A"
                text run at (35,2) width 10 RTL: "\x{5D0}"
          RenderText {#text} at (0,0) size 0x0
