layer at (0,0) size 800x600
  RenderView at (0,0) size 800x600
layer at (0,0) size 800x600
  RenderBlock {HTML} at (0,0) size 800x600
    RenderBody {BODY} at (8,8) size 784x584
      RenderText {#text} at (0,0) size 444x19
        text run at (0,0) width 444: "This tests that empty select controls and buttons have the correct baseline."
      RenderBR {BR} at (444,15) size 0x0
      RenderMenuList {SELECT} at (2,22) size 23x25 [bgcolor=#FFFFFF] [border: (1px solid #000000)]
        RenderBlock (anonymous) at (1,1) size 21x23
          RenderBR at (2,2) size 0x19 [bgcolor=#FFFFFF]
      RenderText {#text} at (27,25) size 29x19
        text run at (27,25) width 29: " test "
      RenderMenuList {SELECT} at (58,22) size 48x25 [bgcolor=#FFFFFF] [border: (1px solid #000000)]
        RenderBlock (anonymous) at (1,1) size 46x23
          RenderText at (2,2) size 25x19
            text run at (2,2) width 25: "test"
      RenderText {#text} at (108,25) size 4x19
        text run at (108,25) width 4: " "
      RenderMenuList {SELECT} at (114,22) size 23x25 [color=#00008B] [bgcolor=#ADD8E6] [border: (1px solid #00008B)]
        RenderBlock (anonymous) at (1,1) size 21x23
          RenderBR at (2,2) size 0x19 [bgcolor=#ADD8E6]
      RenderText {#text} at (139,25) size 29x19
        text run at (139,25) width 29: " test "
      RenderMenuList {SELECT} at (170,22) size 48x25 [color=#00008B] [bgcolor=#ADD8E6] [border: (1px solid #00008B)]
        RenderBlock (anonymous) at (1,1) size 46x23
          RenderText at (2,2) size 25x19
            text run at (2,2) width 25: "test"
      RenderText {#text} at (220,25) size 4x19
        text run at (220,25) width 4: " "
      RenderButton {BUTTON} at (226,21) size 16x28 [bgcolor=#C0C0C0] [border: (2px outset #C0C0C0)]
      RenderText {#text} at (244,25) size 4x19
        text run at (244,25) width 4: " "
      RenderButton {BUTTON} at (250,21) size 41x28 [bgcolor=#C0C0C0] [border: (2px outset #C0C0C0)]
        RenderBlock (anonymous) at (8,4) size 25x19
          RenderText {#text} at (0,0) size 25x19
            text run at (0,0) width 25: "test"
      RenderText {#text} at (293,25) size 4x19
        text run at (293,25) width 4: " "
      RenderButton {BUTTON} at (299,21) size 16x28 [color=#00008B] [bgcolor=#ADD8E6] [border: (2px outset #C0C0C0)]
      RenderText {#text} at (317,25) size 4x19
        text run at (317,25) width 4: " "
      RenderButton {BUTTON} at (323,21) size 41x28 [color=#00008B] [bgcolor=#ADD8E6] [border: (2px outset #C0C0C0)]
        RenderBlock (anonymous) at (8,4) size 25x19
          RenderText {#text} at (0,0) size 25x19
            text run at (0,0) width 25: "test"
      RenderText {#text} at (0,0) size 0x0
