layer at (0,0) size 800x600
  RenderView at (0,0) size 800x600
layer at (0,0) size 800x600
  RenderBlock {HTML} at (0,0) size 800x600
    RenderBody {BODY} at (8,8) size 784x584
      RenderMenuList {SELECT} at (2,2) size 74x25 [bgcolor=#FFFFFF] [border: (1px solid #000000)]
        RenderBlock (anonymous) at (1,1) size 72x23
          RenderText at (2,2) size 30x19
            text run at (2,2) width 30: "One"
      RenderBR {BR} at (78,20) size 0x0
      RenderMenuList {SELECT} at (2,31) size 74x25 [bgcolor=#FFFFFF] [border: (1px solid #000000)]
        RenderBlock (anonymous) at (1,1) size 72x23
          RenderText at (2,2) size 30x19
            text run at (2,2) width 30: "One"
      RenderText {#text} at (0,0) size 0x0
