layer at (0,0) size 781x1248
  RenderView at (0,0) size 781x600
layer at (0,0) size 781x1248
  RenderBlock {HTML} at (0,0) size 781x1248
    RenderBody {BODY} at (8,8) size 765x1224
      RenderBlock (anonymous) at (0,0) size 765x19
        RenderText {#text} at (0,0) size 269x19
          text run at (0,0) width 269: "line-height settings not reflected in textarea"
        RenderBR {BR} at (269,0) size 0x19
      RenderBlock {P} at (0,35) size 765x267
        RenderText {#text} at (0,0) size 87x19
          text run at (0,0) width 87: "TEXTAREA"
        RenderBR {BR} at (87,0) size 0x19
        RenderText {#text} at (406,210) size 4x19
          text run at (406,210) width 4: " "
        RenderBR {BR} at (0,0) size 0x0
        RenderBR {BR} at (0,229) size 0x19
        RenderText {#text} at (0,248) size 152x19
          text run at (0,248) width 152: "PARAGRAPH - works"
      RenderBlock {P} at (0,318) size 402x202 [border: (1px dotted #C0C0C0)]
        RenderText {#text} at (1,19) size 347x67
          text run at (1,19) width 347: "Demo text here that wraps a bit and should demonstrate the"
          text run at (1,71) width 134: "goodness of line-height"
      RenderBlock (anonymous) at (0,533) size 765x38
        RenderBR {BR} at (0,0) size 0x19
        RenderText {#text} at (0,19) size 81x19
          text run at (0,19) width 81: "DIV - works"
        RenderBR {BR} at (81,19) size 0x19
      RenderBlock {DIV} at (0,571) size 402x202 [border: (1px dotted #C0C0C0)]
        RenderText {#text} at (1,19) size 347x67
          text run at (1,19) width 347: "Demo text here that wraps a bit and should demonstrate the"
          text run at (1,71) width 134: "goodness of line-height"
      RenderBlock (anonymous) at (0,773) size 765x451
        RenderBR {BR} at (0,0) size 0x19
        RenderBR {BR} at (0,19) size 0x19
        RenderText {#text} at (0,38) size 124x19
          text run at (0,38) width 124: "Un-Styled Textarea"
        RenderBR {BR} at (124,38) size 0x19
        RenderText {#text} at (208,92) size 4x19
          text run at (208,92) width 4: " "
        RenderBR {BR} at (0,0) size 0x0
        RenderBR {BR} at (0,111) size 0x19
        RenderText {#text} at (0,130) size 215x19
          text run at (0,130) width 215: "Totally Blank Un-Styled Textarea"
        RenderBR {BR} at (215,130) size 0x19
        RenderText {#text} at (208,184) size 4x19
          text run at (208,184) width 4: " "
        RenderBR {BR} at (0,0) size 0x0
        RenderBR {BR} at (0,203) size 0x19
        RenderText {#text} at (0,222) size 213x19
          text run at (0,222) width 213: "Totally Blank STYLED Textarea"
        RenderBR {BR} at (213,222) size 0x19
        RenderText {#text} at (0,0) size 0x0
      RenderBlock {P} at (0,1240) size 765x0
layer at (8,62) size 406x206 clip at (9,63) size 404x204
  RenderTextControl {TEXTAREA} at (0,19) size 406x206 [bgcolor=#FFFFFF] [border: (1px dotted #C0C0C0)]
    RenderBlock {DIV} at (3,3) size 400x104
      RenderText {#text} at (0,18) size 351x67
        text run at (0,18) width 347: "Demo text here that wraps a bit and should demonstrate the"
        text run at (347,18) width 4: " "
        text run at (0,70) width 134: "goodness of line-height"
layer at (10,840) size 204x46 clip at (12,842) size 184x42 scrollHeight 80
  RenderTextControl {TEXTAREA} at (2,59) size 204x46 [bgcolor=#FFFFFF] [border: (2px solid #000000)]
    RenderBlock {DIV} at (4,4) size 180x76
      RenderText {#text} at (0,0) size 166x76
        text run at (0,0) width 138: "Demo text here that"
        text run at (138,0) width 4: " "
        text run at (0,19) width 160: "wraps a bit and should"
        text run at (160,19) width 4: " "
        text run at (0,38) width 114: "demonstrate the"
        text run at (114,38) width 4: " "
        text run at (0,57) width 166: "goodness of line-height"
layer at (10,932) size 204x46 clip at (12,934) size 200x42
  RenderTextControl {TEXTAREA} at (2,151) size 204x46 [bgcolor=#FFFFFF] [border: (2px solid #000000)]
    RenderBlock {DIV} at (4,4) size 196x19
layer at (8,1022) size 406x206 clip at (9,1023) size 404x204
  RenderTextControl {TEXTAREA} at (0,241) size 406x206 [bgcolor=#FFFFFF] [border: (1px dotted #C0C0C0)]
    RenderBlock {DIV} at (3,3) size 400x52
