layer at (0,0) size 800x600
  RenderView at (0,0) size 800x600
layer at (0,0) size 800x600
  RenderBlock {HTML} at (0,0) size 800x600
    RenderBody {BODY} at (8,8) size 784x584
      RenderBlock {P} at (0,0) size 784x19
        RenderText {#text} at (0,0) size 53x19
          text run at (0,0) width 53: "Test for "
        RenderInline {A} at (0,0) size 305x19 [color=#0000EE]
          RenderText {#text} at (53,0) size 305x19
            text run at (53,0) width 305: "https://bugs.webkit.org/show_bug.cgi?id=21248"
        RenderText {#text} at (358,0) size 4x19
          text run at (358,0) width 4: "."
      RenderBlock (anonymous) at (0,35) size 784x48
        RenderText {#text} at (0,0) size 0x0
layer at (10,45) size 202x44 clip at (11,46) size 200x42
  RenderTextControl {TEXTAREA} at (2,2) size 202x44 [bgcolor=#FFFFFF] [border: (1px solid #000000)]
    RenderBlock {DIV} at (3,3) size 196x19
      RenderText {#text} at (0,0) size 62x19
        text run at (0,0) width 62: "New text"
