layer at (0,0) size 800x600
  RenderView at (0,0) size 800x600
layer at (0,0) size 800x600
  RenderBlock {HTML} at (0,0) size 800x600
    RenderBody {BODY} at (8,8) size 784x584
      RenderBlock {P} at (0,0) size 784x19
        RenderText {#text} at (0,0) size 624x19
          text run at (0,0) width 624: "The following textarea elements should all be rendered on the left, with their text aligned to the left."
      RenderBlock (anonymous) at (0,35) size 784x212
        RenderText {#text} at (478,35) size 4x19
          text run at (478,35) width 4: " "
        RenderBR {BR} at (0,0) size 0x0
        RenderText {#text} at (478,89) size 4x19
          text run at (478,89) width 4: " "
        RenderBR {BR} at (0,0) size 0x0
        RenderText {#text} at (478,143) size 4x19
          text run at (478,143) width 4: " "
        RenderBR {BR} at (0,0) size 0x0
        RenderText {#text} at (0,0) size 0x0
        RenderText {#text} at (0,0) size 0x0
      RenderBlock {DIV} at (0,247) size 784x50
layer at (10,45) size 474x46 clip at (12,47) size 470x42
  RenderTextControl {TEXTAREA} at (2,2) size 474x46 [bgcolor=#FFFFFF] [border: (2px solid #000000)]
    RenderBlock {DIV} at (4,4) size 466x19
      RenderText {#text} at (0,0) size 250x19
        text run at (0,0) width 250: "This is should be aligned to the left."
layer at (10,99) size 474x46 clip at (12,101) size 470x42
  RenderTextControl {TEXTAREA} at (2,56) size 474x46 [bgcolor=#FFFFFF] [border: (2px solid #000000)]
    RenderBlock {DIV} at (4,4) size 466x19
      RenderText {#text} at (0,0) size 250x19
        text run at (0,0) width 250: "This is should be aligned to the left."
layer at (10,153) size 474x46 clip at (12,155) size 470x42
  RenderTextControl {TEXTAREA} at (2,110) size 474x46 [bgcolor=#FFFFFF] [border: (2px solid #000000)]
    RenderBlock {DIV} at (4,4) size 466x19
      RenderText {#text} at (0,0) size 250x19
        text run at (0,0) width 250: "This is should be aligned to the left."
layer at (10,207) size 474x46 clip at (12,209) size 470x42
  RenderTextControl {TEXTAREA} at (2,164) size 474x46 [bgcolor=#FFFFFF] [border: (2px solid #000000)]
    RenderBlock {DIV} at (4,4) size 466x19
      RenderText {#text} at (0,0) size 250x19
        text run at (0,0) width 250: "This is should be aligned to the left."
layer at (10,257) size 474x46 clip at (12,259) size 470x42
  RenderTextControl {TEXTAREA} at (2,2) size 474x46 [bgcolor=#FFFFFF] [border: (2px solid #000000)]
    RenderBlock {DIV} at (4,4) size 466x19
      RenderText {#text} at (0,0) size 250x19
        text run at (0,0) width 250: "This is should be aligned to the left."
