layer at (0,0) size 800x600
  RenderView at (0,0) size 800x600
layer at (0,0) size 800x600
  RenderBlock {HTML} at (0,0) size 800x600
    RenderBody {BODY} at (8,8) size 784x584
      RenderBlock {DIV} at (0,0) size 784x38
        RenderText {#text} at (0,0) size 779x38
          text run at (0,0) width 779: "This text area should be drawn with a reasonable width. To match IE, using GDI fonts it should wrap at 66 characters (after the X"
          text run at (0,19) width 470: "in the third set of digits). See https://bugs.webkit.org/show_bug.cgi?id=15312."
      RenderBlock (anonymous) at (0,38) size 784x285
        RenderBR {BR} at (0,0) size 0x19
        RenderText {#text} at (0,0) size 0x0
layer at (8,65) size 550x266 clip at (9,66) size 548x264
  RenderTextControl {TEXTAREA} at (0,19) size 550x266 [color=#333333] [bgcolor=#FFFFFF] [border: (1px solid #333333)]
    RenderBlock {DIV} at (3,3) size 544x39
      RenderText {#text} at (0,0) size 544x26
        text run at (0,0) width 544: "1234567890abcdefghijABCDEFGHIJ1234567890abcdefghijABCDEFGHIJ12345X7890abcdefghijABCDEFGXIJ123"
        text run at (0,13) width 157: "4567890abcdefghijABCDEFGHIJ"
        text run at (157,13) width 0: " "
      RenderBR {BR} at (0,26) size 0x13
