layer at (0,0) size 800x600
  RenderView at (0,0) size 800x600
layer at (0,0) size 800x600
  RenderBlock {HTML} at (0,0) size 800x600
    RenderBody {BODY} at (8,8) size 784x584
      RenderBlock (anonymous) at (0,0) size 784x19
        RenderText {#text} at (0,0) size 158x19
          text run at (0,0) width 158: "The text should be default:"
      RenderBlock {FORM} at (0,27) size 784x49
        RenderBlock {HR} at (0,0) size 784x2 [border: (1px inset #000000)]
        RenderBlock (anonymous) at (0,10) size 784x29
          RenderInline {LABEL} at (0,0) size 505x19
            RenderText {#text} at (0,5) size 307x19
              text run at (0,5) width 307: "This is a searchable index. Enter search keywords: "
            RenderTextControl {INPUT} at (309,2) size 194x25 [bgcolor=#FFFFFF]
        RenderBlock {HR} at (0,47) size 784x2 [border: (1px inset #000000)]
      RenderBlock (anonymous) at (0,92) size 784x19
        RenderText {#text} at (0,0) size 138x19
          text run at (0,0) width 138: "The text should be red:"
      RenderBlock {FORM} at (0,119) size 784x49
        RenderBlock {HR} at (0,0) size 784x2 [border: (1px inset #000000)]
        RenderBlock (anonymous) at (0,10) size 784x29
          RenderInline {LABEL} at (0,0) size 505x19
            RenderText {#text} at (0,5) size 307x19
              text run at (0,5) width 307: "This is a searchable index. Enter search keywords: "
            RenderTextControl {INPUT} at (309,2) size 194x25 [color=#FF0000] [bgcolor=#FFFFFF]
        RenderBlock {HR} at (0,47) size 784x2 [border: (1px inset #000000)]
      RenderBlock (anonymous) at (0,184) size 784x19
        RenderText {#text} at (0,0) size 200x19
          text run at (0,0) width 200: "The text should be gray on green:"
      RenderBlock {FORM} at (0,211) size 784x49
        RenderBlock {HR} at (0,0) size 784x2 [border: (1px inset #000000)]
        RenderBlock (anonymous) at (0,10) size 784x29
          RenderInline {LABEL} at (0,0) size 505x19
            RenderText {#text} at (0,5) size 307x19
              text run at (0,5) width 307: "This is a searchable index. Enter search keywords: "
            RenderTextControl {INPUT} at (309,2) size 194x25 [bgcolor=#008000] [border: (2px inset #000000)]
        RenderBlock {HR} at (0,47) size 784x2 [border: (1px inset #000000)]
      RenderBlock (anonymous) at (0,276) size 784x19
        RenderText {#text} at (0,0) size 198x19
          text run at (0,0) width 198: "The text should be red on Green:"
      RenderBlock {FORM} at (0,303) size 784x49
        RenderBlock {HR} at (0,0) size 784x2 [border: (1px inset #000000)]
        RenderBlock (anonymous) at (0,10) size 784x29
          RenderInline {LABEL} at (0,0) size 505x19
            RenderText {#text} at (0,5) size 307x19
              text run at (0,5) width 307: "This is a searchable index. Enter search keywords: "
            RenderTextControl {INPUT} at (309,2) size 194x25 [color=#FF0000] [bgcolor=#008000] [border: (2px inset #FF0000)]
        RenderBlock {HR} at (0,47) size 784x2 [border: (1px inset #000000)]
      RenderBlock (anonymous) at (0,368) size 784x58
        RenderTextControl {INPUT} at (2,2) size 194x25 [bgcolor=#FFFFFF]
        RenderText {#text} at (198,5) size 4x19
          text run at (198,5) width 4: " "
        RenderTextControl {INPUT} at (204,2) size 194x25 [color=#FF0000] [bgcolor=#FFFFFF]
        RenderText {#text} at (400,5) size 4x19
          text run at (400,5) width 4: " "
        RenderTextControl {INPUT} at (406,2) size 194x25 [bgcolor=#008000] [border: (2px inset #000000)]
        RenderText {#text} at (602,5) size 4x19
          text run at (602,5) width 4: " "
        RenderTextControl {INPUT} at (2,31) size 194x25 [color=#FF0000] [bgcolor=#008000] [border: (2px inset #FF0000)]
        RenderText {#text} at (0,0) size 0x0
layer at (320,50) size 188x19
  RenderBlock {DIV} at (3,3) size 188x19
    RenderText {#text} at (1,0) size 46x19
      text run at (1,0) width 46: "default"
layer at (320,142) size 188x19
  RenderBlock {DIV} at (3,3) size 188x19
    RenderText {#text} at (1,0) size 23x19
      text run at (1,0) width 23: "red"
layer at (320,234) size 188x19
  RenderBlock {DIV} at (3,3) size 188x19
    RenderText {#text} at (1,0) size 111x19
      text run at (1,0) width 111: "default on green"
layer at (320,326) size 188x19
  RenderBlock {DIV} at (3,3) size 188x19
    RenderText {#text} at (1,0) size 88x19
      text run at (1,0) width 88: "red on green"
layer at (13,381) size 188x19
  RenderBlock {DIV} at (3,3) size 188x19
    RenderText {#text} at (1,0) size 46x19
      text run at (1,0) width 46: "default"
layer at (215,381) size 188x19
  RenderBlock {DIV} at (3,3) size 188x19
    RenderText {#text} at (1,0) size 23x19
      text run at (1,0) width 23: "red"
layer at (417,381) size 188x19
  RenderBlock {DIV} at (3,3) size 188x19
    RenderText {#text} at (1,0) size 111x19
      text run at (1,0) width 111: "default on green"
layer at (13,410) size 188x19
  RenderBlock {DIV} at (3,3) size 188x19
    RenderText {#text} at (1,0) size 88x19
      text run at (1,0) width 88: "red on green"
