layer at (0,0) size 800x600
  RenderView at (0,0) size 800x600
layer at (0,0) size 800x600
  RenderBlock {HTML} at (0,0) size 800x600
    RenderBody {BODY} at (8,8) size 784x584
      RenderBlock {P} at (0,0) size 784x38
        RenderText {#text} at (0,0) size 271x19
          text run at (0,0) width 271 LTR override: "This tests for a regression against "
        RenderInline {I} at (0,0) size 690x38
          RenderInline {A} at (0,0) size 419x19 [color=#0000EE]
            RenderText {#text} at (271,0) size 419x19
              text run at (271,0) width 419 LTR override: "http://bugzilla.opendarwin.org/show_bug.cgi?id=8076"
          RenderText {#text} at (0,19) size 547x19
            text run at (0,19) width 547 LTR override: "REGRESSION: native text fields are reversed on \"visual Hebrew\" pages"
        RenderText {#text} at (547,19) size 5x19
          text run at (547,19) width 5 LTR override: "."
      RenderBlock {HR} at (0,54) size 784x2 [border: (1px inset #000000)]
      RenderBlock {P} at (0,72) size 784x19
        RenderText {#text} at (0,0) size 327x19
          text run at (0,0) width 284 LTR override: "Text in the field should look like this: "
          text run at (284,0) width 43 LTR override: "\x{5E8}\x{5D5}\x{5EA}\x{5E4}\x{5DB}"
      RenderBlock (anonymous) at (0,107) size 784x29
        RenderTextControl {INPUT} at (2,2) size 194x25 [bgcolor=#FFFFFF]
        RenderText {#text} at (0,0) size 0x0
layer at (13,120) size 188x19
  RenderBlock {DIV} at (3,3) size 188x19
    RenderText {#text} at (1,0) size 43x19
      text run at (1,0) width 43 RTL: "\x{5DB}\x{5E4}\x{5EA}\x{5D5}\x{5E8}"
