layer at (0,0) size 800x600
  RenderView at (0,0) size 800x600
layer at (0,0) size 800x94
  RenderBlock {HTML} at (0,0) size 800x94
    RenderBody {BODY} at (8,16) size 784x70
      RenderBlock {P} at (0,0) size 784x22
        RenderText {#text} at (0,0) size 571x22
          text run at (0,0) width 571: "The following two DIVs should be the same width (resulting in a single 4 by 2 block)."
      RenderBlock {DIV} at (0,38) size 48x16 [bgcolor=#000080]
        RenderBlock {DIV} at (0,0) size 64x16
      RenderBlock {DIV} at (0,54) size 64x16 [bgcolor=#000080]
