layer at (0,0) size 800x600
  RenderView at (0,0) size 800x600
layer at (0,0) size 800x146
  RenderBlock {HTML} at (0,0) size 800x146
    RenderBody {BODY} at (8,16) size 784x122
      RenderBlock {P} at (0,0) size 784x22
        RenderText {#text} at (0,0) size 493x22
          text run at (0,0) width 493: "The following two vertical bars should be at the same horizontal position."
      RenderBlock {DIV} at (0,38) size 96x42
        RenderBlock {DIV} at (64,0) size 0x42
          RenderInline {SPAN} at (0,0) size 7x42
            RenderText {#text} at (0,0) size 7x42
              text run at (0,0) width 7: "|"
      RenderBlock {DIV} at (0,80) size 784x42
        RenderInline {SPAN} at (0,0) size 7x42
          RenderText {#text} at (64,0) size 7x42
            text run at (64,0) width 7: "|"
