layer at (0,0) size 784x8644
  RenderView at (0,0) size 784x600
layer at (0,0) size 784x8644
  RenderBlock {HTML} at (0,0) size 784x8644
    RenderBody {BODY} at (8,8) size 768x8628
      RenderBlock (anonymous) at (0,0) size 768x22
        RenderText {#text} at (0,0) size 475x22
          text run at (0,0) width 475: "This is a test of all the various HTML alignments using LTR direction."
      RenderBlock {DIV} at (0,22) size 768x258 [border: (4px solid #008000)]
        RenderBlock {DIV} at (6,6) size 756x30 [border: (2px solid #0000FF)]
          RenderText {#text} at (4,4) size 198x22
            text run at (4,4) width 198: "Normal div inside normal div"
        RenderBlock {DIV} at (6,36) size 756x30 [border: (2px solid #0000FF)]
          RenderText {#text} at (4,4) size 174x22
            text run at (4,4) width 174: "Left div inside normal div"
        RenderBlock {DIV} at (6,66) size 756x30 [border: (2px solid #0000FF)]
          RenderText {#text} at (281,4) size 194x22
            text run at (281,4) width 194: "Center div inside normal div"
        RenderBlock {DIV} at (6,96) size 756x30 [border: (2px solid #0000FF)]
          RenderText {#text} at (568,4) size 184x22
            text run at (568,4) width 184: "Right div inside normal div"
        RenderBlock {CENTER} at (6,126) size 756x30 [border: (2px solid #0000FF)]
          RenderText {#text} at (281,4) size 194x22
            text run at (281,4) width 194: "Center tag inside normal div"
        RenderTable {TABLE} at (6,156) size 103x32 [border: (2px solid #0000FF)]
          RenderTableSection {TBODY} at (2,2) size 99x28
            RenderTableRow {TR} at (0,2) size 99x24
              RenderTableCell {TD} at (2,2) size 95x24 [r=0 c=0 rs=1 cs=1]
                RenderText {#text} at (1,1) size 93x22
                  text run at (1,1) width 93: "Normal table."
        RenderTable {TABLE} at (308,188) size 151x32 [border: (2px solid #0000FF)]
          RenderTableSection {TBODY} at (2,2) size 147x28
            RenderTableRow {TR} at (0,2) size 147x24
              RenderTableCell {TD} at (2,2) size 143x24 [r=0 c=0 rs=1 cs=1]
                RenderText {#text} at (1,1) size 141x22
                  text run at (1,1) width 141: "Center aligned table."
        RenderTable {TABLE} at (8,220) size 204x32 [border: (2px solid #0000FF)]
          RenderTableSection {TBODY} at (2,2) size 200x28
            RenderTableRow {TR} at (0,2) size 200x24
              RenderTableCell {TD} at (2,2) size 196x24 [r=0 c=0 rs=1 cs=1]
                RenderText {#text} at (1,1) size 194x22
                  text run at (1,1) width 194: "Center table (fixed margins)."
      RenderBlock {DIV} at (0,280) size 768x258 [border: (4px solid #800080)]
        RenderBlock {DIV} at (6,6) size 408x30 [border: (2px solid #0000FF)]
          RenderText {#text} at (4,4) size 278x22
            text run at (4,4) width 278: "Normal fixed width div inside normal div"
        RenderBlock {DIV} at (6,36) size 408x30 [border: (2px solid #0000FF)]
          RenderText {#text} at (4,4) size 254x22
            text run at (4,4) width 254: "Left fixed width div inside normal div"
        RenderBlock {DIV} at (6,66) size 408x30 [border: (2px solid #0000FF)]
          RenderText {#text} at (67,4) size 274x22
            text run at (67,4) width 274: "Center fixed width div inside normal div"
        RenderBlock {DIV} at (6,96) size 408x30 [border: (2px solid #0000FF)]
          RenderText {#text} at (140,4) size 264x22
            text run at (140,4) width 264: "Right fixed width div inside normal div"
        RenderBlock {CENTER} at (6,126) size 408x30 [border: (2px solid #0000FF)]
          RenderText {#text} at (62,4) size 284x22
            text run at (62,4) width 284: "Center tag (fixed width) inside normal div"
        RenderTable {TABLE} at (6,156) size 400x32 [border: (2px solid #0000FF)]
          RenderTableSection {TBODY} at (2,2) size 396x28
            RenderTableRow {TR} at (0,2) size 396x24
              RenderTableCell {TD} at (2,2) size 392x24 [r=0 c=0 rs=1 cs=1]
                RenderText {#text} at (1,1) size 93x22
                  text run at (1,1) width 93: "Normal table."
        RenderTable {TABLE} at (184,188) size 400x32 [border: (2px solid #0000FF)]
          RenderTableSection {TBODY} at (2,2) size 396x28
            RenderTableRow {TR} at (0,2) size 396x24
              RenderTableCell {TD} at (2,2) size 392x24 [r=0 c=0 rs=1 cs=1]
                RenderText {#text} at (1,1) size 141x22
                  text run at (1,1) width 141: "Center aligned table."
        RenderTable {TABLE} at (8,220) size 400x32 [border: (2px solid #0000FF)]
          RenderTableSection {TBODY} at (2,2) size 396x28
            RenderTableRow {TR} at (0,2) size 396x24
              RenderTableCell {TD} at (2,2) size 392x24 [r=0 c=0 rs=1 cs=1]
                RenderText {#text} at (1,1) size 194x22
                  text run at (1,1) width 194: "Center table (fixed margins)."
      RenderBlock {DIV} at (0,538) size 768x258 [border: (4px solid #008000)]
        RenderBlock {DIV} at (6,6) size 756x30 [border: (2px solid #0000FF)]
          RenderText {#text} at (4,4) size 212x22
            text run at (4,4) width 212: "Normal div inside align=left div"
        RenderBlock {DIV} at (6,36) size 756x30 [border: (2px solid #0000FF)]
          RenderText {#text} at (4,4) size 188x22
            text run at (4,4) width 188: "Left div inside align=left div"
        RenderBlock {DIV} at (6,66) size 756x30 [border: (2px solid #0000FF)]
          RenderText {#text} at (274,4) size 208x22
            text run at (274,4) width 208: "Center div inside align=left div"
        RenderBlock {DIV} at (6,96) size 756x30 [border: (2px solid #0000FF)]
          RenderText {#text} at (554,4) size 198x22
            text run at (554,4) width 198: "Right div inside align=left div"
        RenderBlock {CENTER} at (6,126) size 756x30 [border: (2px solid #0000FF)]
          RenderText {#text} at (274,4) size 208x22
            text run at (274,4) width 208: "Center tag inside align=left div"
        RenderTable {TABLE} at (6,156) size 103x32 [border: (2px solid #0000FF)]
          RenderTableSection {TBODY} at (2,2) size 99x28
            RenderTableRow {TR} at (0,2) size 99x24
              RenderTableCell {TD} at (2,2) size 95x24 [r=0 c=0 rs=1 cs=1]
                RenderText {#text} at (1,1) size 93x22
                  text run at (1,1) width 93: "Normal table."
        RenderTable {TABLE} at (308,188) size 151x32 [border: (2px solid #0000FF)]
          RenderTableSection {TBODY} at (2,2) size 147x28
            RenderTableRow {TR} at (0,2) size 147x24
              RenderTableCell {TD} at (2,2) size 143x24 [r=0 c=0 rs=1 cs=1]
                RenderText {#text} at (1,1) size 141x22
                  text run at (1,1) width 141: "Center aligned table."
        RenderTable {TABLE} at (8,220) size 204x32 [border: (2px solid #0000FF)]
          RenderTableSection {TBODY} at (2,2) size 200x28
            RenderTableRow {TR} at (0,2) size 200x24
              RenderTableCell {TD} at (2,2) size 196x24 [r=0 c=0 rs=1 cs=1]
                RenderText {#text} at (1,1) size 194x22
                  text run at (1,1) width 194: "Center table (fixed margins)."
      RenderBlock {DIV} at (0,796) size 768x258 [border: (4px solid #800080)]
        RenderBlock {DIV} at (6,6) size 408x30 [border: (2px solid #0000FF)]
          RenderText {#text} at (4,4) size 292x22
            text run at (4,4) width 292: "Normal fixed width div inside align=left div"
        RenderBlock {DIV} at (6,36) size 408x30 [border: (2px solid #0000FF)]
          RenderText {#text} at (4,4) size 268x22
            text run at (4,4) width 268: "Left fixed width div inside align=left div"
        RenderBlock {DIV} at (6,66) size 408x30 [border: (2px solid #0000FF)]
          RenderText {#text} at (60,4) size 288x22
            text run at (60,4) width 288: "Center fixed width div inside align=left div"
        RenderBlock {DIV} at (6,96) size 408x30 [border: (2px solid #0000FF)]
          RenderText {#text} at (126,4) size 278x22
            text run at (126,4) width 278: "Right fixed width div inside align=left div"
        RenderBlock {CENTER} at (6,126) size 408x30 [border: (2px solid #0000FF)]
          RenderText {#text} at (55,4) size 298x22
            text run at (55,4) width 298: "Center tag (fixed width) inside align=left div"
        RenderTable {TABLE} at (6,156) size 400x32 [border: (2px solid #0000FF)]
          RenderTableSection {TBODY} at (2,2) size 396x28
            RenderTableRow {TR} at (0,2) size 396x24
              RenderTableCell {TD} at (2,2) size 392x24 [r=0 c=0 rs=1 cs=1]
                RenderText {#text} at (1,1) size 93x22
                  text run at (1,1) width 93: "Normal table."
        RenderTable {TABLE} at (184,188) size 400x32 [border: (2px solid #0000FF)]
          RenderTableSection {TBODY} at (2,2) size 396x28
            RenderTableRow {TR} at (0,2) size 396x24
              RenderTableCell {TD} at (2,2) size 392x24 [r=0 c=0 rs=1 cs=1]
                RenderText {#text} at (1,1) size 141x22
                  text run at (1,1) width 141: "Center aligned table."
        RenderTable {TABLE} at (8,220) size 400x32 [border: (2px solid #0000FF)]
          RenderTableSection {TBODY} at (2,2) size 396x28
            RenderTableRow {TR} at (0,2) size 396x24
              RenderTableCell {TD} at (2,2) size 392x24 [r=0 c=0 rs=1 cs=1]
                RenderText {#text} at (1,1) size 194x22
                  text run at (1,1) width 194: "Center table (fixed margins)."
      RenderBlock {DIV} at (0,1054) size 768x258 [border: (4px solid #008000)]
        RenderBlock {DIV} at (6,6) size 756x30 [border: (2px solid #0000FF)]
          RenderText {#text} at (259,4) size 238x22
            text run at (259,4) width 238: "Normal div inside align= center div"
        RenderBlock {DIV} at (6,36) size 756x30 [border: (2px solid #0000FF)]
          RenderText {#text} at (4,4) size 209x22
            text run at (4,4) width 209: "Left div inside align=center div"
        RenderBlock {DIV} at (6,66) size 756x30 [border: (2px solid #0000FF)]
          RenderText {#text} at (264,4) size 228x22
            text run at (264,4) width 228: "Center div inside align=center div"
        RenderBlock {DIV} at (6,96) size 756x30 [border: (2px solid #0000FF)]
          RenderText {#text} at (533,4) size 219x22
            text run at (533,4) width 219: "Right div inside align=center div"
        RenderBlock {CENTER} at (6,126) size 756x30 [border: (2px solid #0000FF)]
          RenderText {#text} at (264,4) size 228x22
            text run at (264,4) width 228: "Center tag inside align=center div"
        RenderTable {TABLE} at (332,156) size 103x32 [border: (2px solid #0000FF)]
          RenderTableSection {TBODY} at (2,2) size 99x28
            RenderTableRow {TR} at (0,2) size 99x24
              RenderTableCell {TD} at (2,2) size 95x24 [r=0 c=0 rs=1 cs=1]
                RenderText {#text} at (1,1) size 93x22
                  text run at (1,1) width 93: "Normal table."
        RenderTable {TABLE} at (308,188) size 151x32 [border: (2px solid #0000FF)]
          RenderTableSection {TBODY} at (2,2) size 147x28
            RenderTableRow {TR} at (0,2) size 147x24
              RenderTableCell {TD} at (2,2) size 143x24 [r=0 c=0 rs=1 cs=1]
                RenderText {#text} at (1,1) size 141x22
                  text run at (1,1) width 141: "Center aligned table."
        RenderTable {TABLE} at (282,220) size 204x32 [border: (2px solid #0000FF)]
          RenderTableSection {TBODY} at (2,2) size 200x28
            RenderTableRow {TR} at (0,2) size 200x24
              RenderTableCell {TD} at (2,2) size 196x24 [r=0 c=0 rs=1 cs=1]
                RenderText {#text} at (1,1) size 194x22
                  text run at (1,1) width 194: "Center table (fixed margins)."
      RenderBlock {DIV} at (0,1312) size 768x362 [border: (4px solid #800080)]
        RenderBlock {DIV} at (180,6) size 408x30 [border: (2px solid #0000FF)]
          RenderText {#text} at (47,4) size 314x22
            text run at (47,4) width 314: "Normal fixed width div inside align=center div"
        RenderBlock {DIV} at (354,36) size 408x52 [border: (2px solid #0000FF)]
          RenderText {#text} at (43,4) size 322x44
            text run at (43,4) width 322: "Normal fixed width div (auto left margin) inside"
            text run at (149,26) width 110: "align=center div"
        RenderBlock {DIV} at (6,88) size 408x52 [border: (2px solid #0000FF)]
          RenderText {#text} at (37,4) size 334x44
            text run at (37,4) width 334: "Normal fixed width div (auto right margin) inside"
            text run at (149,26) width 110: "align=center div"
        RenderBlock {DIV} at (180,140) size 408x30 [border: (2px solid #0000FF)]
          RenderText {#text} at (4,4) size 289x22
            text run at (4,4) width 289: "Left fixed width div inside align=center div"
        RenderBlock {DIV} at (180,170) size 408x30 [border: (2px solid #0000FF)]
          RenderText {#text} at (50,4) size 308x22
            text run at (50,4) width 308: "Center fixed width div inside align=center div"
        RenderBlock {DIV} at (180,200) size 408x30 [border: (2px solid #0000FF)]
          RenderText {#text} at (105,4) size 299x22
            text run at (105,4) width 299: "Right fixed width div inside align=center div"
        RenderBlock {CENTER} at (180,230) size 408x30 [border: (2px solid #0000FF)]
          RenderText {#text} at (45,4) size 318x22
            text run at (45,4) width 318: "Center tag (fixed width) inside align=center div"
        RenderTable {TABLE} at (184,260) size 400x32 [border: (2px solid #0000FF)]
          RenderTableSection {TBODY} at (2,2) size 396x28
            RenderTableRow {TR} at (0,2) size 396x24
              RenderTableCell {TD} at (2,2) size 392x24 [r=0 c=0 rs=1 cs=1]
                RenderText {#text} at (1,1) size 93x22
                  text run at (1,1) width 93: "Normal table."
        RenderTable {TABLE} at (184,292) size 400x32 [border: (2px solid #0000FF)]
          RenderTableSection {TBODY} at (2,2) size 396x28
            RenderTableRow {TR} at (0,2) size 396x24
              RenderTableCell {TD} at (2,2) size 392x24 [r=0 c=0 rs=1 cs=1]
                RenderText {#text} at (1,1) size 141x22
                  text run at (1,1) width 141: "Center aligned table."
        RenderTable {TABLE} at (184,324) size 400x32 [border: (2px solid #0000FF)]
          RenderTableSection {TBODY} at (2,2) size 396x28
            RenderTableRow {TR} at (0,2) size 396x24
              RenderTableCell {TD} at (2,2) size 392x24 [r=0 c=0 rs=1 cs=1]
                RenderText {#text} at (1,1) size 194x22
                  text run at (1,1) width 194: "Center table (fixed margins)."
      RenderBlock {DIV} at (0,1674) size 768x258 [border: (4px solid #008000)]
        RenderBlock {DIV} at (6,6) size 756x30 [border: (2px solid #0000FF)]
          RenderText {#text} at (528,4) size 224x22
            text run at (528,4) width 224: "Normal div inside align=right div"
        RenderBlock {DIV} at (6,36) size 756x30 [border: (2px solid #0000FF)]
          RenderText {#text} at (4,4) size 200x22
            text run at (4,4) width 200: "Left div inside align=right div"
        RenderBlock {DIV} at (6,66) size 756x30 [border: (2px solid #0000FF)]
          RenderText {#text} at (268,4) size 220x22
            text run at (268,4) width 220: "Center div inside align=right div"
        RenderBlock {DIV} at (6,96) size 756x30 [border: (2px solid #0000FF)]
          RenderText {#text} at (542,4) size 210x22
            text run at (542,4) width 210: "Right div inside align=right div"
        RenderBlock {CENTER} at (6,126) size 756x30 [border: (2px solid #0000FF)]
          RenderText {#text} at (268,4) size 220x22
            text run at (268,4) width 220: "Center tag inside align=right div"
        RenderTable {TABLE} at (659,156) size 103x32 [border: (2px solid #0000FF)]
          RenderTableSection {TBODY} at (2,2) size 99x28
            RenderTableRow {TR} at (0,2) size 99x24
              RenderTableCell {TD} at (2,2) size 95x24 [r=0 c=0 rs=1 cs=1]
                RenderText {#text} at (1,1) size 93x22
                  text run at (1,1) width 93: "Normal table."
        RenderTable {TABLE} at (308,188) size 151x32 [border: (2px solid #0000FF)]
          RenderTableSection {TBODY} at (2,2) size 147x28
            RenderTableRow {TR} at (0,2) size 147x24
              RenderTableCell {TD} at (2,2) size 143x24 [r=0 c=0 rs=1 cs=1]
                RenderText {#text} at (1,1) size 141x22
                  text run at (1,1) width 141: "Center aligned table."
        RenderTable {TABLE} at (556,220) size 204x32 [border: (2px solid #0000FF)]
          RenderTableSection {TBODY} at (2,2) size 200x28
            RenderTableRow {TR} at (0,2) size 200x24
              RenderTableCell {TD} at (2,2) size 196x24 [r=0 c=0 rs=1 cs=1]
                RenderText {#text} at (1,1) size 194x22
                  text run at (1,1) width 194: "Center table (fixed margins)."
      RenderBlock {DIV} at (0,1932) size 768x258 [border: (4px solid #800080)]
        RenderBlock {DIV} at (354,6) size 408x30 [border: (2px solid #0000FF)]
          RenderText {#text} at (100,4) size 304x22
            text run at (100,4) width 304: "Normal fixed width div inside align=right div"
        RenderBlock {DIV} at (354,36) size 408x30 [border: (2px solid #0000FF)]
          RenderText {#text} at (4,4) size 280x22
            text run at (4,4) width 280: "Left fixed width div inside align=right div"
        RenderBlock {DIV} at (354,66) size 408x30 [border: (2px solid #0000FF)]
          RenderText {#text} at (54,4) size 300x22
            text run at (54,4) width 300: "Center fixed width div inside align=right div"
        RenderBlock {DIV} at (354,96) size 408x30 [border: (2px solid #0000FF)]
          RenderText {#text} at (114,4) size 290x22
            text run at (114,4) width 290: "Right fixed width div inside align=right div"
        RenderBlock {CENTER} at (354,126) size 408x30 [border: (2px solid #0000FF)]
          RenderText {#text} at (49,4) size 310x22
            text run at (49,4) width 310: "Center tag (fixed width) inside align=right div"
        RenderTable {TABLE} at (362,156) size 400x32 [border: (2px solid #0000FF)]
          RenderTableSection {TBODY} at (2,2) size 396x28
            RenderTableRow {TR} at (0,2) size 396x24
              RenderTableCell {TD} at (2,2) size 392x24 [r=0 c=0 rs=1 cs=1]
                RenderText {#text} at (1,1) size 93x22
                  text run at (1,1) width 93: "Normal table."
        RenderTable {TABLE} at (184,188) size 400x32 [border: (2px solid #0000FF)]
          RenderTableSection {TBODY} at (2,2) size 396x28
            RenderTableRow {TR} at (0,2) size 396x24
              RenderTableCell {TD} at (2,2) size 392x24 [r=0 c=0 rs=1 cs=1]
                RenderText {#text} at (1,1) size 141x22
                  text run at (1,1) width 141: "Center aligned table."
        RenderTable {TABLE} at (360,220) size 400x32 [border: (2px solid #0000FF)]
          RenderTableSection {TBODY} at (2,2) size 396x28
            RenderTableRow {TR} at (0,2) size 396x24
              RenderTableCell {TD} at (2,2) size 392x24 [r=0 c=0 rs=1 cs=1]
                RenderText {#text} at (1,1) size 194x22
                  text run at (1,1) width 194: "Center table (fixed margins)."
      RenderBlock {P} at (0,2206) size 768x22
        RenderText {#text} at (0,0) size 393x22
          text run at (0,0) width 393: "This is a test using TABLE cells (all in the LTR direction)."
      RenderTable {TABLE} at (0,2244) size 768x264 [border: (2px solid #0000FF)]
        RenderTableSection {TBODY} at (2,2) size 764x260
          RenderTableRow {TR} at (0,2) size 764x256
            RenderTableCell {TD} at (2,2) size 760x256 [border: (4px solid #008000)] [r=0 c=0 rs=1 cs=1]
              RenderBlock {DIV} at (5,5) size 750x30 [border: (2px solid #0000FF)]
                RenderText {#text} at (4,4) size 191x22
                  text run at (4,4) width 191: "Normal div inside normal td"
              RenderBlock {DIV} at (5,35) size 750x30 [border: (2px solid #0000FF)]
                RenderText {#text} at (4,4) size 167x22
                  text run at (4,4) width 167: "Left div inside normal td"
              RenderBlock {DIV} at (5,65) size 750x30 [border: (2px solid #0000FF)]
                RenderText {#text} at (282,4) size 186x22
                  text run at (282,4) width 186: "Center div inside normal td"
              RenderBlock {DIV} at (5,95) size 750x30 [border: (2px solid #0000FF)]
                RenderText {#text} at (569,4) size 177x22
                  text run at (569,4) width 177: "Right div inside normal td"
              RenderBlock {CENTER} at (5,125) size 750x30 [border: (2px solid #0000FF)]
                RenderText {#text} at (282,4) size 186x22
                  text run at (282,4) width 186: "Center tag inside normal td"
              RenderTable {TABLE} at (5,155) size 103x32 [border: (2px solid #0000FF)]
                RenderTableSection {TBODY} at (2,2) size 99x28
                  RenderTableRow {TR} at (0,2) size 99x24
                    RenderTableCell {TD} at (2,2) size 95x24 [r=0 c=0 rs=1 cs=1]
                      RenderText {#text} at (1,1) size 93x22
                        text run at (1,1) width 93: "Normal table."
              RenderTable {TABLE} at (304,187) size 151x32 [border: (2px solid #0000FF)]
                RenderTableSection {TBODY} at (2,2) size 147x28
                  RenderTableRow {TR} at (0,2) size 147x24
                    RenderTableCell {TD} at (2,2) size 143x24 [r=0 c=0 rs=1 cs=1]
                      RenderText {#text} at (1,1) size 141x22
                        text run at (1,1) width 141: "Center aligned table."
              RenderTable {TABLE} at (7,219) size 204x32 [border: (2px solid #0000FF)]
                RenderTableSection {TBODY} at (2,2) size 200x28
                  RenderTableRow {TR} at (0,2) size 200x24
                    RenderTableCell {TD} at (2,2) size 196x24 [r=0 c=0 rs=1 cs=1]
                      RenderText {#text} at (1,1) size 194x22
                        text run at (1,1) width 194: "Center table (fixed margins)."
      RenderTable {TABLE} at (0,2508) size 768x264 [border: (2px solid #0000FF)]
        RenderTableSection {TBODY} at (2,2) size 764x260
          RenderTableRow {TR} at (0,2) size 764x256
            RenderTableCell {TD} at (2,2) size 760x256 [border: (4px solid #800080)] [r=0 c=0 rs=1 cs=1]
              RenderBlock {DIV} at (5,5) size 408x30 [border: (2px solid #0000FF)]
                RenderText {#text} at (4,4) size 271x22
                  text run at (4,4) width 271: "Normal fixed width div inside normal td"
              RenderBlock {DIV} at (5,35) size 408x30 [border: (2px solid #0000FF)]
                RenderText {#text} at (4,4) size 247x22
                  text run at (4,4) width 247: "Left fixed width div inside normal td"
              RenderBlock {DIV} at (5,65) size 408x30 [border: (2px solid #0000FF)]
                RenderText {#text} at (71,4) size 266x22
                  text run at (71,4) width 266: "Center fixed width div inside normal td"
              RenderBlock {DIV} at (5,95) size 408x30 [border: (2px solid #0000FF)]
                RenderText {#text} at (147,4) size 257x22
                  text run at (147,4) width 257: "Right fixed width div inside normal td"
              RenderBlock {CENTER} at (5,125) size 408x30 [border: (2px solid #0000FF)]
                RenderText {#text} at (66,4) size 276x22
                  text run at (66,4) width 276: "Center tag (fixed width) inside normal td"
              RenderTable {TABLE} at (5,155) size 400x32 [border: (2px solid #0000FF)]
                RenderTableSection {TBODY} at (2,2) size 396x28
                  RenderTableRow {TR} at (0,2) size 396x24
                    RenderTableCell {TD} at (2,2) size 392x24 [r=0 c=0 rs=1 cs=1]
                      RenderText {#text} at (1,1) size 93x22
                        text run at (1,1) width 93: "Normal table."
              RenderTable {TABLE} at (180,187) size 400x32 [border: (2px solid #0000FF)]
                RenderTableSection {TBODY} at (2,2) size 396x28
                  RenderTableRow {TR} at (0,2) size 396x24
                    RenderTableCell {TD} at (2,2) size 392x24 [r=0 c=0 rs=1 cs=1]
                      RenderText {#text} at (1,1) size 141x22
                        text run at (1,1) width 141: "Center aligned table."
              RenderTable {TABLE} at (7,219) size 400x32 [border: (2px solid #0000FF)]
                RenderTableSection {TBODY} at (2,2) size 396x28
                  RenderTableRow {TR} at (0,2) size 396x24
                    RenderTableCell {TD} at (2,2) size 392x24 [r=0 c=0 rs=1 cs=1]
                      RenderText {#text} at (1,1) size 194x22
                        text run at (1,1) width 194: "Center table (fixed margins)."
      RenderTable {TABLE} at (0,2772) size 768x264 [border: (2px solid #0000FF)]
        RenderTableSection {TBODY} at (2,2) size 764x260
          RenderTableRow {TR} at (0,2) size 764x256
            RenderTableCell {TD} at (2,2) size 760x256 [border: (4px solid #008000)] [r=0 c=0 rs=1 cs=1]
              RenderBlock {DIV} at (5,5) size 750x30 [border: (2px solid #0000FF)]
                RenderText {#text} at (4,4) size 205x22
                  text run at (4,4) width 205: "Normal div inside align=left td"
              RenderBlock {DIV} at (5,35) size 750x30 [border: (2px solid #0000FF)]
                RenderText {#text} at (4,4) size 181x22
                  text run at (4,4) width 181: "Left div inside align=left td"
              RenderBlock {DIV} at (5,65) size 750x30 [border: (2px solid #0000FF)]
                RenderText {#text} at (275,4) size 200x22
                  text run at (275,4) width 200: "Center div inside align=left td"
              RenderBlock {DIV} at (5,95) size 750x30 [border: (2px solid #0000FF)]
                RenderText {#text} at (555,4) size 191x22
                  text run at (555,4) width 191: "Right div inside align=left td"
              RenderBlock {CENTER} at (5,125) size 750x30 [border: (2px solid #0000FF)]
                RenderText {#text} at (275,4) size 200x22
                  text run at (275,4) width 200: "Center tag inside align=left td"
              RenderTable {TABLE} at (5,155) size 103x32 [border: (2px solid #0000FF)]
                RenderTableSection {TBODY} at (2,2) size 99x28
                  RenderTableRow {TR} at (0,2) size 99x24
                    RenderTableCell {TD} at (2,2) size 95x24 [r=0 c=0 rs=1 cs=1]
                      RenderText {#text} at (1,1) size 93x22
                        text run at (1,1) width 93: "Normal table."
              RenderTable {TABLE} at (304,187) size 151x32 [border: (2px solid #0000FF)]
                RenderTableSection {TBODY} at (2,2) size 147x28
                  RenderTableRow {TR} at (0,2) size 147x24
                    RenderTableCell {TD} at (2,2) size 143x24 [r=0 c=0 rs=1 cs=1]
                      RenderText {#text} at (1,1) size 141x22
                        text run at (1,1) width 141: "Center aligned table."
              RenderTable {TABLE} at (7,219) size 204x32 [border: (2px solid #0000FF)]
                RenderTableSection {TBODY} at (2,2) size 200x28
                  RenderTableRow {TR} at (0,2) size 200x24
                    RenderTableCell {TD} at (2,2) size 196x24 [r=0 c=0 rs=1 cs=1]
                      RenderText {#text} at (1,1) size 194x22
                        text run at (1,1) width 194: "Center table (fixed margins)."
      RenderTable {TABLE} at (0,3036) size 768x264 [border: (2px solid #0000FF)]
        RenderTableSection {TBODY} at (2,2) size 764x260
          RenderTableRow {TR} at (0,2) size 764x256
            RenderTableCell {TD} at (2,2) size 760x256 [border: (4px solid #800080)] [r=0 c=0 rs=1 cs=1]
              RenderBlock {DIV} at (5,5) size 408x30 [border: (2px solid #0000FF)]
                RenderText {#text} at (4,4) size 285x22
                  text run at (4,4) width 285: "Normal fixed width div inside align=left td"
              RenderBlock {DIV} at (5,35) size 408x30 [border: (2px solid #0000FF)]
                RenderText {#text} at (4,4) size 261x22
                  text run at (4,4) width 261: "Left fixed width div inside align=left td"
              RenderBlock {DIV} at (5,65) size 408x30 [border: (2px solid #0000FF)]
                RenderText {#text} at (64,4) size 280x22
                  text run at (64,4) width 280: "Center fixed width div inside align=left td"
              RenderBlock {DIV} at (5,95) size 408x30 [border: (2px solid #0000FF)]
                RenderText {#text} at (133,4) size 271x22
                  text run at (133,4) width 271: "Right fixed width div inside align=left td"
              RenderBlock {CENTER} at (5,125) size 408x30 [border: (2px solid #0000FF)]
                RenderText {#text} at (59,4) size 290x22
                  text run at (59,4) width 290: "Center tag (fixed width) inside align=left td"
              RenderTable {TABLE} at (5,155) size 400x32 [border: (2px solid #0000FF)]
                RenderTableSection {TBODY} at (2,2) size 396x28
                  RenderTableRow {TR} at (0,2) size 396x24
                    RenderTableCell {TD} at (2,2) size 392x24 [r=0 c=0 rs=1 cs=1]
                      RenderText {#text} at (1,1) size 93x22
                        text run at (1,1) width 93: "Normal table."
              RenderTable {TABLE} at (180,187) size 400x32 [border: (2px solid #0000FF)]
                RenderTableSection {TBODY} at (2,2) size 396x28
                  RenderTableRow {TR} at (0,2) size 396x24
                    RenderTableCell {TD} at (2,2) size 392x24 [r=0 c=0 rs=1 cs=1]
                      RenderText {#text} at (1,1) size 141x22
                        text run at (1,1) width 141: "Center aligned table."
              RenderTable {TABLE} at (7,219) size 400x32 [border: (2px solid #0000FF)]
                RenderTableSection {TBODY} at (2,2) size 396x28
                  RenderTableRow {TR} at (0,2) size 396x24
                    RenderTableCell {TD} at (2,2) size 392x24 [r=0 c=0 rs=1 cs=1]
                      RenderText {#text} at (1,1) size 194x22
                        text run at (1,1) width 194: "Center table (fixed margins)."
      RenderTable {TABLE} at (0,3300) size 768x264 [border: (2px solid #0000FF)]
        RenderTableSection {TBODY} at (2,2) size 764x260
          RenderTableRow {TR} at (0,2) size 764x256
            RenderTableCell {TD} at (2,2) size 760x256 [border: (4px solid #008000)] [r=0 c=0 rs=1 cs=1]
              RenderBlock {DIV} at (5,5) size 750x30 [border: (2px solid #0000FF)]
                RenderText {#text} at (260,4) size 230x22
                  text run at (260,4) width 230: "Normal div inside align= center td"
              RenderBlock {DIV} at (5,35) size 750x30 [border: (2px solid #0000FF)]
                RenderText {#text} at (4,4) size 202x22
                  text run at (4,4) width 202: "Left div inside align=center td"
              RenderBlock {DIV} at (5,65) size 750x30 [border: (2px solid #0000FF)]
                RenderText {#text} at (264,4) size 222x22
                  text run at (264,4) width 222: "Center div inside align=center td"
              RenderBlock {DIV} at (5,95) size 750x30 [border: (2px solid #0000FF)]
                RenderText {#text} at (534,4) size 212x22
                  text run at (534,4) width 212: "Right div inside align=center td"
              RenderBlock {CENTER} at (5,125) size 750x30 [border: (2px solid #0000FF)]
                RenderText {#text} at (264,4) size 222x22
                  text run at (264,4) width 222: "Center tag inside align=center td"
              RenderTable {TABLE} at (328,155) size 103x32 [border: (2px solid #0000FF)]
                RenderTableSection {TBODY} at (2,2) size 99x28
                  RenderTableRow {TR} at (0,2) size 99x24
                    RenderTableCell {TD} at (2,2) size 95x24 [r=0 c=0 rs=1 cs=1]
                      RenderText {#text} at (1,1) size 93x22
                        text run at (1,1) width 93: "Normal table."
              RenderTable {TABLE} at (304,187) size 151x32 [border: (2px solid #0000FF)]
                RenderTableSection {TBODY} at (2,2) size 147x28
                  RenderTableRow {TR} at (0,2) size 147x24
                    RenderTableCell {TD} at (2,2) size 143x24 [r=0 c=0 rs=1 cs=1]
                      RenderText {#text} at (1,1) size 141x22
                        text run at (1,1) width 141: "Center aligned table."
              RenderTable {TABLE} at (278,219) size 204x32 [border: (2px solid #0000FF)]
                RenderTableSection {TBODY} at (2,2) size 200x28
                  RenderTableRow {TR} at (0,2) size 200x24
                    RenderTableCell {TD} at (2,2) size 196x24 [r=0 c=0 rs=1 cs=1]
                      RenderText {#text} at (1,1) size 194x22
                        text run at (1,1) width 194: "Center table (fixed margins)."
      RenderTable {TABLE} at (0,3564) size 768x264 [border: (2px solid #0000FF)]
        RenderTableSection {TBODY} at (2,2) size 764x260
          RenderTableRow {TR} at (0,2) size 764x256
            RenderTableCell {TD} at (2,2) size 760x256 [border: (4px solid #800080)] [r=0 c=0 rs=1 cs=1]
              RenderBlock {DIV} at (176,5) size 408x30 [border: (2px solid #0000FF)]
                RenderText {#text} at (51,4) size 306x22
                  text run at (51,4) width 306: "Normal fixed width div inside align=center td"
              RenderBlock {DIV} at (176,35) size 408x30 [border: (2px solid #0000FF)]
                RenderText {#text} at (4,4) size 282x22
                  text run at (4,4) width 282: "Left fixed width div inside align=center td"
              RenderBlock {DIV} at (176,65) size 408x30 [border: (2px solid #0000FF)]
                RenderText {#text} at (53,4) size 302x22
                  text run at (53,4) width 302: "Center fixed width div inside align=center td"
              RenderBlock {DIV} at (176,95) size 408x30 [border: (2px solid #0000FF)]
                RenderText {#text} at (112,4) size 292x22
                  text run at (112,4) width 292: "Right fixed width div inside align=center td"
              RenderBlock {CENTER} at (176,125) size 408x30 [border: (2px solid #0000FF)]
                RenderText {#text} at (48,4) size 312x22
                  text run at (48,4) width 312: "Center tag (fixed width) inside align=center td"
              RenderTable {TABLE} at (180,155) size 400x32 [border: (2px solid #0000FF)]
                RenderTableSection {TBODY} at (2,2) size 396x28
                  RenderTableRow {TR} at (0,2) size 396x24
                    RenderTableCell {TD} at (2,2) size 392x24 [r=0 c=0 rs=1 cs=1]
                      RenderText {#text} at (1,1) size 93x22
                        text run at (1,1) width 93: "Normal table."
              RenderTable {TABLE} at (180,187) size 400x32 [border: (2px solid #0000FF)]
                RenderTableSection {TBODY} at (2,2) size 396x28
                  RenderTableRow {TR} at (0,2) size 396x24
                    RenderTableCell {TD} at (2,2) size 392x24 [r=0 c=0 rs=1 cs=1]
                      RenderText {#text} at (1,1) size 141x22
                        text run at (1,1) width 141: "Center aligned table."
              RenderTable {TABLE} at (180,219) size 400x32 [border: (2px solid #0000FF)]
                RenderTableSection {TBODY} at (2,2) size 396x28
                  RenderTableRow {TR} at (0,2) size 396x24
                    RenderTableCell {TD} at (2,2) size 392x24 [r=0 c=0 rs=1 cs=1]
                      RenderText {#text} at (1,1) size 194x22
                        text run at (1,1) width 194: "Center table (fixed margins)."
      RenderTable {TABLE} at (0,3828) size 768x264 [border: (2px solid #0000FF)]
        RenderTableSection {TBODY} at (2,2) size 764x260
          RenderTableRow {TR} at (0,2) size 764x256
            RenderTableCell {TD} at (2,2) size 760x256 [border: (4px solid #008000)] [r=0 c=0 rs=1 cs=1]
              RenderBlock {DIV} at (5,5) size 750x30 [border: (2px solid #0000FF)]
                RenderText {#text} at (529,4) size 217x22
                  text run at (529,4) width 217: "Normal div inside align=right td"
              RenderBlock {DIV} at (5,35) size 750x30 [border: (2px solid #0000FF)]
                RenderText {#text} at (4,4) size 193x22
                  text run at (4,4) width 193: "Left div inside align=right td"
              RenderBlock {DIV} at (5,65) size 750x30 [border: (2px solid #0000FF)]
                RenderText {#text} at (269,4) size 212x22
                  text run at (269,4) width 212: "Center div inside align=right td"
              RenderBlock {DIV} at (5,95) size 750x30 [border: (2px solid #0000FF)]
                RenderText {#text} at (543,4) size 203x22
                  text run at (543,4) width 203: "Right div inside align=right td"
              RenderBlock {CENTER} at (5,125) size 750x30 [border: (2px solid #0000FF)]
                RenderText {#text} at (269,4) size 212x22
                  text run at (269,4) width 212: "Center tag inside align=right td"
              RenderTable {TABLE} at (652,155) size 103x32 [border: (2px solid #0000FF)]
                RenderTableSection {TBODY} at (2,2) size 99x28
                  RenderTableRow {TR} at (0,2) size 99x24
                    RenderTableCell {TD} at (2,2) size 95x24 [r=0 c=0 rs=1 cs=1]
                      RenderText {#text} at (1,1) size 93x22
                        text run at (1,1) width 93: "Normal table."
              RenderTable {TABLE} at (304,187) size 151x32 [border: (2px solid #0000FF)]
                RenderTableSection {TBODY} at (2,2) size 147x28
                  RenderTableRow {TR} at (0,2) size 147x24
                    RenderTableCell {TD} at (2,2) size 143x24 [r=0 c=0 rs=1 cs=1]
                      RenderText {#text} at (1,1) size 141x22
                        text run at (1,1) width 141: "Center aligned table."
              RenderTable {TABLE} at (549,219) size 204x32 [border: (2px solid #0000FF)]
                RenderTableSection {TBODY} at (2,2) size 200x28
                  RenderTableRow {TR} at (0,2) size 200x24
                    RenderTableCell {TD} at (2,2) size 196x24 [r=0 c=0 rs=1 cs=1]
                      RenderText {#text} at (1,1) size 194x22
                        text run at (1,1) width 194: "Center table (fixed margins)."
      RenderTable {TABLE} at (0,4092) size 768x264 [border: (2px solid #0000FF)]
        RenderTableSection {TBODY} at (2,2) size 764x260
          RenderTableRow {TR} at (0,2) size 764x256
            RenderTableCell {TD} at (2,2) size 760x256 [border: (4px solid #800080)] [r=0 c=0 rs=1 cs=1]
              RenderBlock {DIV} at (347,5) size 408x30 [border: (2px solid #0000FF)]
                RenderText {#text} at (107,4) size 297x22
                  text run at (107,4) width 297: "Normal fixed width div inside align=right td"
              RenderBlock {DIV} at (347,35) size 408x30 [border: (2px solid #0000FF)]
                RenderText {#text} at (4,4) size 273x22
                  text run at (4,4) width 273: "Left fixed width div inside align=right td"
              RenderBlock {DIV} at (347,65) size 408x30 [border: (2px solid #0000FF)]
                RenderText {#text} at (58,4) size 292x22
                  text run at (58,4) width 292: "Center fixed width div inside align=right td"
              RenderBlock {DIV} at (347,95) size 408x30 [border: (2px solid #0000FF)]
                RenderText {#text} at (121,4) size 283x22
                  text run at (121,4) width 283: "Right fixed width div inside align=right td"
              RenderBlock {CENTER} at (347,125) size 408x30 [border: (2px solid #0000FF)]
                RenderText {#text} at (53,4) size 302x22
                  text run at (53,4) width 302: "Center tag (fixed width) inside align=right td"
              RenderTable {TABLE} at (355,155) size 400x32 [border: (2px solid #0000FF)]
                RenderTableSection {TBODY} at (2,2) size 396x28
                  RenderTableRow {TR} at (0,2) size 396x24
                    RenderTableCell {TD} at (2,2) size 392x24 [r=0 c=0 rs=1 cs=1]
                      RenderText {#text} at (1,1) size 93x22
                        text run at (1,1) width 93: "Normal table."
              RenderTable {TABLE} at (180,187) size 400x32 [border: (2px solid #0000FF)]
                RenderTableSection {TBODY} at (2,2) size 396x28
                  RenderTableRow {TR} at (0,2) size 396x24
                    RenderTableCell {TD} at (2,2) size 392x24 [r=0 c=0 rs=1 cs=1]
                      RenderText {#text} at (1,1) size 141x22
                        text run at (1,1) width 141: "Center aligned table."
              RenderTable {TABLE} at (353,219) size 400x32 [border: (2px solid #0000FF)]
                RenderTableSection {TBODY} at (2,2) size 396x28
                  RenderTableRow {TR} at (0,2) size 396x24
                    RenderTableCell {TD} at (2,2) size 392x24 [r=0 c=0 rs=1 cs=1]
                      RenderText {#text} at (1,1) size 194x22
                        text run at (1,1) width 194: "Center table (fixed margins)."
      RenderBlock {DIV} at (0,4372) size 768x4256
        RenderBlock (anonymous) at (2,2) size 764x22
          RenderText {#text} at (289,0) size 475x22
            text run at (289,0) width 4 RTL: "."
            text run at (293,0) width 471: "This is a test of all the various HTML alignments using RTL direction"
        RenderBlock {DIV} at (2,24) size 764x258 [border: (4px solid #008000)]
          RenderBlock {DIV} at (6,6) size 752x30 [border: (2px solid #0000FF)]
            RenderText {#text} at (550,4) size 198x22
              text run at (550,4) width 198: "Normal div inside normal div"
          RenderBlock {DIV} at (6,36) size 752x30 [border: (2px solid #0000FF)]
            RenderText {#text} at (4,4) size 174x22
              text run at (4,4) width 174: "Left div inside normal div"
          RenderBlock {DIV} at (6,66) size 752x30 [border: (2px solid #0000FF)]
            RenderText {#text} at (279,4) size 194x22
              text run at (279,4) width 194: "Center div inside normal div"
          RenderBlock {DIV} at (6,96) size 752x30 [border: (2px solid #0000FF)]
            RenderText {#text} at (564,4) size 184x22
              text run at (564,4) width 184: "Right div inside normal div"
          RenderBlock {CENTER} at (6,126) size 752x30 [border: (2px solid #0000FF)]
            RenderText {#text} at (279,4) size 194x22
              text run at (279,4) width 194: "Center tag inside normal div"
          RenderTable {TABLE} at (655,156) size 103x32 [border: (2px solid #0000FF)]
            RenderTableSection {TBODY} at (2,2) size 99x28
              RenderTableRow {TR} at (0,2) size 99x24
                RenderTableCell {TD} at (2,2) size 95x24 [r=0 c=0 rs=1 cs=1]
                  RenderText {#text} at (1,1) size 93x22
                    text run at (1,1) width 4 RTL: "."
                    text run at (5,1) width 89: "Normal table"
          RenderTable {TABLE} at (307,188) size 151x32 [border: (2px solid #0000FF)]
            RenderTableSection {TBODY} at (2,2) size 147x28
              RenderTableRow {TR} at (0,2) size 147x24
                RenderTableCell {TD} at (2,2) size 143x24 [r=0 c=0 rs=1 cs=1]
                  RenderText {#text} at (1,1) size 141x22
                    text run at (1,1) width 4 RTL: "."
                    text run at (5,1) width 137: "Center aligned table"
          RenderTable {TABLE} at (552,220) size 204x32 [border: (2px solid #0000FF)]
            RenderTableSection {TBODY} at (2,2) size 200x28
              RenderTableRow {TR} at (0,2) size 200x24
                RenderTableCell {TD} at (2,2) size 196x24 [r=0 c=0 rs=1 cs=1]
                  RenderText {#text} at (1,1) size 194x22
                    text run at (1,1) width 9 RTL: ")."
                    text run at (10,1) width 185: "Center table (fixed margins"
        RenderBlock {DIV} at (2,282) size 764x258 [border: (4px solid #800080)]
          RenderBlock {DIV} at (350,6) size 408x30 [border: (2px solid #0000FF)]
            RenderText {#text} at (126,4) size 278x22
              text run at (126,4) width 278: "Normal fixed width div inside normal div"
          RenderBlock {DIV} at (350,36) size 408x30 [border: (2px solid #0000FF)]
            RenderText {#text} at (4,4) size 254x22
              text run at (4,4) width 254: "Left fixed width div inside normal div"
          RenderBlock {DIV} at (350,66) size 408x30 [border: (2px solid #0000FF)]
            RenderText {#text} at (67,4) size 274x22
              text run at (67,4) width 274: "Center fixed width div inside normal div"
          RenderBlock {DIV} at (350,96) size 408x30 [border: (2px solid #0000FF)]
            RenderText {#text} at (140,4) size 264x22
              text run at (140,4) width 264: "Right fixed width div inside normal div"
          RenderBlock {CENTER} at (350,126) size 408x30 [border: (2px solid #0000FF)]
            RenderText {#text} at (62,4) size 284x22
              text run at (62,4) width 284: "Center tag (fixed width) inside normal div"
          RenderTable {TABLE} at (358,156) size 400x32 [border: (2px solid #0000FF)]
            RenderTableSection {TBODY} at (2,2) size 396x28
              RenderTableRow {TR} at (0,2) size 396x24
                RenderTableCell {TD} at (2,2) size 392x24 [r=0 c=0 rs=1 cs=1]
                  RenderText {#text} at (298,1) size 93x22
                    text run at (298,1) width 4 RTL: "."
                    text run at (302,1) width 89: "Normal table"
          RenderTable {TABLE} at (182,188) size 400x32 [border: (2px solid #0000FF)]
            RenderTableSection {TBODY} at (2,2) size 396x28
              RenderTableRow {TR} at (0,2) size 396x24
                RenderTableCell {TD} at (2,2) size 392x24 [r=0 c=0 rs=1 cs=1]
                  RenderText {#text} at (250,1) size 141x22
                    text run at (250,1) width 4 RTL: "."
                    text run at (254,1) width 137: "Center aligned table"
          RenderTable {TABLE} at (356,220) size 400x32 [border: (2px solid #0000FF)]
            RenderTableSection {TBODY} at (2,2) size 396x28
              RenderTableRow {TR} at (0,2) size 396x24
                RenderTableCell {TD} at (2,2) size 392x24 [r=0 c=0 rs=1 cs=1]
                  RenderText {#text} at (197,1) size 194x22
                    text run at (197,1) width 9 RTL: ")."
                    text run at (206,1) width 185: "Center table (fixed margins"
        RenderBlock {DIV} at (2,540) size 764x258 [border: (4px solid #008000)]
          RenderBlock {DIV} at (6,6) size 752x30 [border: (2px solid #0000FF)]
            RenderText {#text} at (4,4) size 212x22
              text run at (4,4) width 212: "Normal div inside align=left div"
          RenderBlock {DIV} at (6,36) size 752x30 [border: (2px solid #0000FF)]
            RenderText {#text} at (4,4) size 188x22
              text run at (4,4) width 188: "Left div inside align=left div"
          RenderBlock {DIV} at (6,66) size 752x30 [border: (2px solid #0000FF)]
            RenderText {#text} at (272,4) size 208x22
              text run at (272,4) width 208: "Center div inside align=left div"
          RenderBlock {DIV} at (6,96) size 752x30 [border: (2px solid #0000FF)]
            RenderText {#text} at (550,4) size 198x22
              text run at (550,4) width 198: "Right div inside align=left div"
          RenderBlock {CENTER} at (6,126) size 752x30 [border: (2px solid #0000FF)]
            RenderText {#text} at (272,4) size 208x22
              text run at (272,4) width 208: "Center tag inside align=left div"
          RenderTable {TABLE} at (6,156) size 103x32 [border: (2px solid #0000FF)]
            RenderTableSection {TBODY} at (2,2) size 99x28
              RenderTableRow {TR} at (0,2) size 99x24
                RenderTableCell {TD} at (2,2) size 95x24 [r=0 c=0 rs=1 cs=1]
                  RenderText {#text} at (1,1) size 93x22
                    text run at (1,1) width 4 RTL: "."
                    text run at (5,1) width 89: "Normal table"
          RenderTable {TABLE} at (307,188) size 151x32 [border: (2px solid #0000FF)]
            RenderTableSection {TBODY} at (2,2) size 147x28
              RenderTableRow {TR} at (0,2) size 147x24
                RenderTableCell {TD} at (2,2) size 143x24 [r=0 c=0 rs=1 cs=1]
                  RenderText {#text} at (1,1) size 141x22
                    text run at (1,1) width 4 RTL: "."
                    text run at (5,1) width 137: "Center aligned table"
          RenderTable {TABLE} at (8,220) size 204x32 [border: (2px solid #0000FF)]
            RenderTableSection {TBODY} at (2,2) size 200x28
              RenderTableRow {TR} at (0,2) size 200x24
                RenderTableCell {TD} at (2,2) size 196x24 [r=0 c=0 rs=1 cs=1]
                  RenderText {#text} at (1,1) size 194x22
                    text run at (1,1) width 9 RTL: ")."
                    text run at (10,1) width 185: "Center table (fixed margins"
        RenderBlock {DIV} at (2,798) size 764x258 [border: (4px solid #800080)]
          RenderBlock {DIV} at (6,6) size 408x30 [border: (2px solid #0000FF)]
            RenderText {#text} at (4,4) size 292x22
              text run at (4,4) width 292: "Normal fixed width div inside align=left div"
          RenderBlock {DIV} at (6,36) size 408x30 [border: (2px solid #0000FF)]
            RenderText {#text} at (4,4) size 268x22
              text run at (4,4) width 268: "Left fixed width div inside align=left div"
          RenderBlock {DIV} at (6,66) size 408x30 [border: (2px solid #0000FF)]
            RenderText {#text} at (60,4) size 288x22
              text run at (60,4) width 288: "Center fixed width div inside align=left div"
          RenderBlock {DIV} at (6,96) size 408x30 [border: (2px solid #0000FF)]
            RenderText {#text} at (126,4) size 278x22
              text run at (126,4) width 278: "Right fixed width div inside align=left div"
          RenderBlock {CENTER} at (6,126) size 408x30 [border: (2px solid #0000FF)]
            RenderText {#text} at (55,4) size 298x22
              text run at (55,4) width 298: "Center tag (fixed width) inside align=left div"
          RenderTable {TABLE} at (6,156) size 400x32 [border: (2px solid #0000FF)]
            RenderTableSection {TBODY} at (2,2) size 396x28
              RenderTableRow {TR} at (0,2) size 396x24
                RenderTableCell {TD} at (2,2) size 392x24 [r=0 c=0 rs=1 cs=1]
                  RenderText {#text} at (298,1) size 93x22
                    text run at (298,1) width 4 RTL: "."
                    text run at (302,1) width 89: "Normal table"
          RenderTable {TABLE} at (182,188) size 400x32 [border: (2px solid #0000FF)]
            RenderTableSection {TBODY} at (2,2) size 396x28
              RenderTableRow {TR} at (0,2) size 396x24
                RenderTableCell {TD} at (2,2) size 392x24 [r=0 c=0 rs=1 cs=1]
                  RenderText {#text} at (250,1) size 141x22
                    text run at (250,1) width 4 RTL: "."
                    text run at (254,1) width 137: "Center aligned table"
          RenderTable {TABLE} at (8,220) size 400x32 [border: (2px solid #0000FF)]
            RenderTableSection {TBODY} at (2,2) size 396x28
              RenderTableRow {TR} at (0,2) size 396x24
                RenderTableCell {TD} at (2,2) size 392x24 [r=0 c=0 rs=1 cs=1]
                  RenderText {#text} at (197,1) size 194x22
                    text run at (197,1) width 9 RTL: ")."
                    text run at (206,1) width 185: "Center table (fixed margins"
        RenderBlock {DIV} at (2,1056) size 764x258 [border: (4px solid #008000)]
          RenderBlock {DIV} at (6,6) size 752x30 [border: (2px solid #0000FF)]
            RenderText {#text} at (257,4) size 238x22
              text run at (257,4) width 238: "Normal div inside align= center div"
          RenderBlock {DIV} at (6,36) size 752x30 [border: (2px solid #0000FF)]
            RenderText {#text} at (4,4) size 209x22
              text run at (4,4) width 209: "Left div inside align=center div"
          RenderBlock {DIV} at (6,66) size 752x30 [border: (2px solid #0000FF)]
            RenderText {#text} at (262,4) size 228x22
              text run at (262,4) width 228: "Center div inside align=center div"
          RenderBlock {DIV} at (6,96) size 752x30 [border: (2px solid #0000FF)]
            RenderText {#text} at (529,4) size 219x22
              text run at (529,4) width 219: "Right div inside align=center div"
          RenderBlock {CENTER} at (6,126) size 752x30 [border: (2px solid #0000FF)]
            RenderText {#text} at (262,4) size 228x22
              text run at (262,4) width 228: "Center tag inside align=center div"
          RenderTable {TABLE} at (331,156) size 103x32 [border: (2px solid #0000FF)]
            RenderTableSection {TBODY} at (2,2) size 99x28
              RenderTableRow {TR} at (0,2) size 99x24
                RenderTableCell {TD} at (2,2) size 95x24 [r=0 c=0 rs=1 cs=1]
                  RenderText {#text} at (1,1) size 93x22
                    text run at (1,1) width 4 RTL: "."
                    text run at (5,1) width 89: "Normal table"
          RenderTable {TABLE} at (307,188) size 151x32 [border: (2px solid #0000FF)]
            RenderTableSection {TBODY} at (2,2) size 147x28
              RenderTableRow {TR} at (0,2) size 147x24
                RenderTableCell {TD} at (2,2) size 143x24 [r=0 c=0 rs=1 cs=1]
                  RenderText {#text} at (1,1) size 141x22
                    text run at (1,1) width 4 RTL: "."
                    text run at (5,1) width 137: "Center aligned table"
          RenderTable {TABLE} at (280,220) size 204x32 [border: (2px solid #0000FF)]
            RenderTableSection {TBODY} at (2,2) size 200x28
              RenderTableRow {TR} at (0,2) size 200x24
                RenderTableCell {TD} at (2,2) size 196x24 [r=0 c=0 rs=1 cs=1]
                  RenderText {#text} at (1,1) size 194x22
                    text run at (1,1) width 9 RTL: ")."
                    text run at (10,1) width 185: "Center table (fixed margins"
        RenderBlock {DIV} at (2,1314) size 764x258 [border: (4px solid #800080)]
          RenderBlock {DIV} at (178,6) size 408x30 [border: (2px solid #0000FF)]
            RenderText {#text} at (47,4) size 314x22
              text run at (47,4) width 314: "Normal fixed width div inside align=center div"
          RenderBlock {DIV} at (178,36) size 408x30 [border: (2px solid #0000FF)]
            RenderText {#text} at (4,4) size 289x22
              text run at (4,4) width 289: "Left fixed width div inside align=center div"
          RenderBlock {DIV} at (178,66) size 408x30 [border: (2px solid #0000FF)]
            RenderText {#text} at (50,4) size 308x22
              text run at (50,4) width 308: "Center fixed width div inside align=center div"
          RenderBlock {DIV} at (178,96) size 408x30 [border: (2px solid #0000FF)]
            RenderText {#text} at (105,4) size 299x22
              text run at (105,4) width 299: "Right fixed width div inside align=center div"
          RenderBlock {CENTER} at (178,126) size 408x30 [border: (2px solid #0000FF)]
            RenderText {#text} at (45,4) size 318x22
              text run at (45,4) width 318: "Center tag (fixed width) inside align=center div"
          RenderTable {TABLE} at (182,156) size 400x32 [border: (2px solid #0000FF)]
            RenderTableSection {TBODY} at (2,2) size 396x28
              RenderTableRow {TR} at (0,2) size 396x24
                RenderTableCell {TD} at (2,2) size 392x24 [r=0 c=0 rs=1 cs=1]
                  RenderText {#text} at (298,1) size 93x22
                    text run at (298,1) width 4 RTL: "."
                    text run at (302,1) width 89: "Normal table"
          RenderTable {TABLE} at (182,188) size 400x32 [border: (2px solid #0000FF)]
            RenderTableSection {TBODY} at (2,2) size 396x28
              RenderTableRow {TR} at (0,2) size 396x24
                RenderTableCell {TD} at (2,2) size 392x24 [r=0 c=0 rs=1 cs=1]
                  RenderText {#text} at (250,1) size 141x22
                    text run at (250,1) width 4 RTL: "."
                    text run at (254,1) width 137: "Center aligned table"
          RenderTable {TABLE} at (182,220) size 400x32 [border: (2px solid #0000FF)]
            RenderTableSection {TBODY} at (2,2) size 396x28
              RenderTableRow {TR} at (0,2) size 396x24
                RenderTableCell {TD} at (2,2) size 392x24 [r=0 c=0 rs=1 cs=1]
                  RenderText {#text} at (197,1) size 194x22
                    text run at (197,1) width 9 RTL: ")."
                    text run at (206,1) width 185: "Center table (fixed margins"
        RenderBlock {DIV} at (2,1572) size 764x258 [border: (4px solid #008000)]
          RenderBlock {DIV} at (6,6) size 752x30 [border: (2px solid #0000FF)]
            RenderText {#text} at (524,4) size 224x22
              text run at (524,4) width 224: "Normal div inside align=right div"
          RenderBlock {DIV} at (6,36) size 752x30 [border: (2px solid #0000FF)]
            RenderText {#text} at (4,4) size 200x22
              text run at (4,4) width 200: "Left div inside align=right div"
          RenderBlock {DIV} at (6,66) size 752x30 [border: (2px solid #0000FF)]
            RenderText {#text} at (266,4) size 220x22
              text run at (266,4) width 220: "Center div inside align=right div"
          RenderBlock {DIV} at (6,96) size 752x30 [border: (2px solid #0000FF)]
            RenderText {#text} at (538,4) size 210x22
              text run at (538,4) width 210: "Right div inside align=right div"
          RenderBlock {CENTER} at (6,126) size 752x30 [border: (2px solid #0000FF)]
            RenderText {#text} at (266,4) size 220x22
              text run at (266,4) width 220: "Center tag inside align=right div"
          RenderTable {TABLE} at (655,156) size 103x32 [border: (2px solid #0000FF)]
            RenderTableSection {TBODY} at (2,2) size 99x28
              RenderTableRow {TR} at (0,2) size 99x24
                RenderTableCell {TD} at (2,2) size 95x24 [r=0 c=0 rs=1 cs=1]
                  RenderText {#text} at (1,1) size 93x22
                    text run at (1,1) width 4 RTL: "."
                    text run at (5,1) width 89: "Normal table"
          RenderTable {TABLE} at (307,188) size 151x32 [border: (2px solid #0000FF)]
            RenderTableSection {TBODY} at (2,2) size 147x28
              RenderTableRow {TR} at (0,2) size 147x24
                RenderTableCell {TD} at (2,2) size 143x24 [r=0 c=0 rs=1 cs=1]
                  RenderText {#text} at (1,1) size 141x22
                    text run at (1,1) width 4 RTL: "."
                    text run at (5,1) width 137: "Center aligned table"
          RenderTable {TABLE} at (552,220) size 204x32 [border: (2px solid #0000FF)]
            RenderTableSection {TBODY} at (2,2) size 200x28
              RenderTableRow {TR} at (0,2) size 200x24
                RenderTableCell {TD} at (2,2) size 196x24 [r=0 c=0 rs=1 cs=1]
                  RenderText {#text} at (1,1) size 194x22
                    text run at (1,1) width 9 RTL: ")."
                    text run at (10,1) width 185: "Center table (fixed margins"
        RenderBlock {DIV} at (2,1830) size 764x258 [border: (4px solid #800080)]
          RenderBlock {DIV} at (350,6) size 408x30 [border: (2px solid #0000FF)]
            RenderText {#text} at (100,4) size 304x22
              text run at (100,4) width 304: "Normal fixed width div inside align=right div"
          RenderBlock {DIV} at (350,36) size 408x30 [border: (2px solid #0000FF)]
            RenderText {#text} at (4,4) size 280x22
              text run at (4,4) width 280: "Left fixed width div inside align=right div"
          RenderBlock {DIV} at (350,66) size 408x30 [border: (2px solid #0000FF)]
            RenderText {#text} at (54,4) size 300x22
              text run at (54,4) width 300: "Center fixed width div inside align=right div"
          RenderBlock {DIV} at (350,96) size 408x30 [border: (2px solid #0000FF)]
            RenderText {#text} at (114,4) size 290x22
              text run at (114,4) width 290: "Right fixed width div inside align=right div"
          RenderBlock {CENTER} at (350,126) size 408x30 [border: (2px solid #0000FF)]
            RenderText {#text} at (49,4) size 310x22
              text run at (49,4) width 310: "Center tag (fixed width) inside align=right div"
          RenderTable {TABLE} at (358,156) size 400x32 [border: (2px solid #0000FF)]
            RenderTableSection {TBODY} at (2,2) size 396x28
              RenderTableRow {TR} at (0,2) size 396x24
                RenderTableCell {TD} at (2,2) size 392x24 [r=0 c=0 rs=1 cs=1]
                  RenderText {#text} at (298,1) size 93x22
                    text run at (298,1) width 4 RTL: "."
                    text run at (302,1) width 89: "Normal table"
          RenderTable {TABLE} at (182,188) size 400x32 [border: (2px solid #0000FF)]
            RenderTableSection {TBODY} at (2,2) size 396x28
              RenderTableRow {TR} at (0,2) size 396x24
                RenderTableCell {TD} at (2,2) size 392x24 [r=0 c=0 rs=1 cs=1]
                  RenderText {#text} at (250,1) size 141x22
                    text run at (250,1) width 4 RTL: "."
                    text run at (254,1) width 137: "Center aligned table"
          RenderTable {TABLE} at (356,220) size 400x32 [border: (2px solid #0000FF)]
            RenderTableSection {TBODY} at (2,2) size 396x28
              RenderTableRow {TR} at (0,2) size 396x24
                RenderTableCell {TD} at (2,2) size 392x24 [r=0 c=0 rs=1 cs=1]
                  RenderText {#text} at (197,1) size 194x22
                    text run at (197,1) width 9 RTL: ")."
                    text run at (206,1) width 185: "Center table (fixed margins"
        RenderBlock {P} at (2,2104) size 764x22
          RenderText {#text} at (371,0) size 393x22
            text run at (371,0) width 9 RTL: ")."
            text run at (380,0) width 384: "This is a test using TABLE cells (all in the RTL direction"
        RenderTable {TABLE} at (2,2142) size 764x264 [border: (2px solid #0000FF)]
          RenderTableSection {TBODY} at (2,2) size 760x260
            RenderTableRow {TR} at (0,2) size 760x256
              RenderTableCell {TD} at (2,2) size 756x256 [border: (4px solid #008000)] [r=0 c=0 rs=1 cs=1]
                RenderBlock {DIV} at (5,5) size 746x30 [border: (2px solid #0000FF)]
                  RenderText {#text} at (551,4) size 191x22
                    text run at (551,4) width 191: "Normal div inside normal td"
                RenderBlock {DIV} at (5,35) size 746x30 [border: (2px solid #0000FF)]
                  RenderText {#text} at (4,4) size 167x22
                    text run at (4,4) width 167: "Left div inside normal td"
                RenderBlock {DIV} at (5,65) size 746x30 [border: (2px solid #0000FF)]
                  RenderText {#text} at (280,4) size 186x22
                    text run at (280,4) width 186: "Center div inside normal td"
                RenderBlock {DIV} at (5,95) size 746x30 [border: (2px solid #0000FF)]
                  RenderText {#text} at (565,4) size 177x22
                    text run at (565,4) width 177: "Right div inside normal td"
                RenderBlock {CENTER} at (5,125) size 746x30 [border: (2px solid #0000FF)]
                  RenderText {#text} at (280,4) size 186x22
                    text run at (280,4) width 186: "Center tag inside normal td"
                RenderTable {TABLE} at (648,155) size 103x32 [border: (2px solid #0000FF)]
                  RenderTableSection {TBODY} at (2,2) size 99x28
                    RenderTableRow {TR} at (0,2) size 99x24
                      RenderTableCell {TD} at (2,2) size 95x24 [r=0 c=0 rs=1 cs=1]
                        RenderText {#text} at (1,1) size 93x22
                          text run at (1,1) width 4 RTL: "."
                          text run at (5,1) width 89: "Normal table"
                RenderTable {TABLE} at (303,187) size 151x32 [border: (2px solid #0000FF)]
                  RenderTableSection {TBODY} at (2,2) size 147x28
                    RenderTableRow {TR} at (0,2) size 147x24
                      RenderTableCell {TD} at (2,2) size 143x24 [r=0 c=0 rs=1 cs=1]
                        RenderText {#text} at (1,1) size 141x22
                          text run at (1,1) width 4 RTL: "."
                          text run at (5,1) width 137: "Center aligned table"
                RenderTable {TABLE} at (545,219) size 204x32 [border: (2px solid #0000FF)]
                  RenderTableSection {TBODY} at (2,2) size 200x28
                    RenderTableRow {TR} at (0,2) size 200x24
                      RenderTableCell {TD} at (2,2) size 196x24 [r=0 c=0 rs=1 cs=1]
                        RenderText {#text} at (1,1) size 194x22
                          text run at (1,1) width 9 RTL: ")."
                          text run at (10,1) width 185: "Center table (fixed margins"
        RenderTable {TABLE} at (2,2406) size 764x264 [border: (2px solid #0000FF)]
          RenderTableSection {TBODY} at (2,2) size 760x260
            RenderTableRow {TR} at (0,2) size 760x256
              RenderTableCell {TD} at (2,2) size 756x256 [border: (4px solid #800080)] [r=0 c=0 rs=1 cs=1]
                RenderBlock {DIV} at (343,5) size 408x30 [border: (2px solid #0000FF)]
                  RenderText {#text} at (133,4) size 271x22
                    text run at (133,4) width 271: "Normal fixed width div inside normal td"
                RenderBlock {DIV} at (343,35) size 408x30 [border: (2px solid #0000FF)]
                  RenderText {#text} at (4,4) size 247x22
                    text run at (4,4) width 247: "Left fixed width div inside normal td"
                RenderBlock {DIV} at (343,65) size 408x30 [border: (2px solid #0000FF)]
                  RenderText {#text} at (71,4) size 266x22
                    text run at (71,4) width 266: "Center fixed width div inside normal td"
                RenderBlock {DIV} at (343,95) size 408x30 [border: (2px solid #0000FF)]
                  RenderText {#text} at (147,4) size 257x22
                    text run at (147,4) width 257: "Right fixed width div inside normal td"
                RenderBlock {CENTER} at (343,125) size 408x30 [border: (2px solid #0000FF)]
                  RenderText {#text} at (66,4) size 276x22
                    text run at (66,4) width 276: "Center tag (fixed width) inside normal td"
                RenderTable {TABLE} at (351,155) size 400x32 [border: (2px solid #0000FF)]
                  RenderTableSection {TBODY} at (2,2) size 396x28
                    RenderTableRow {TR} at (0,2) size 396x24
                      RenderTableCell {TD} at (2,2) size 392x24 [r=0 c=0 rs=1 cs=1]
                        RenderText {#text} at (298,1) size 93x22
                          text run at (298,1) width 4 RTL: "."
                          text run at (302,1) width 89: "Normal table"
                RenderTable {TABLE} at (178,187) size 400x32 [border: (2px solid #0000FF)]
                  RenderTableSection {TBODY} at (2,2) size 396x28
                    RenderTableRow {TR} at (0,2) size 396x24
                      RenderTableCell {TD} at (2,2) size 392x24 [r=0 c=0 rs=1 cs=1]
                        RenderText {#text} at (250,1) size 141x22
                          text run at (250,1) width 4 RTL: "."
                          text run at (254,1) width 137: "Center aligned table"
                RenderTable {TABLE} at (349,219) size 400x32 [border: (2px solid #0000FF)]
                  RenderTableSection {TBODY} at (2,2) size 396x28
                    RenderTableRow {TR} at (0,2) size 396x24
                      RenderTableCell {TD} at (2,2) size 392x24 [r=0 c=0 rs=1 cs=1]
                        RenderText {#text} at (197,1) size 194x22
                          text run at (197,1) width 9 RTL: ")."
                          text run at (206,1) width 185: "Center table (fixed margins"
        RenderTable {TABLE} at (2,2670) size 764x264 [border: (2px solid #0000FF)]
          RenderTableSection {TBODY} at (2,2) size 760x260
            RenderTableRow {TR} at (0,2) size 760x256
              RenderTableCell {TD} at (2,2) size 756x256 [border: (4px solid #008000)] [r=0 c=0 rs=1 cs=1]
                RenderBlock {DIV} at (5,5) size 746x30 [border: (2px solid #0000FF)]
                  RenderText {#text} at (4,4) size 205x22
                    text run at (4,4) width 205: "Normal div inside align=left td"
                RenderBlock {DIV} at (5,35) size 746x30 [border: (2px solid #0000FF)]
                  RenderText {#text} at (4,4) size 181x22
                    text run at (4,4) width 181: "Left div inside align=left td"
                RenderBlock {DIV} at (5,65) size 746x30 [border: (2px solid #0000FF)]
                  RenderText {#text} at (273,4) size 200x22
                    text run at (273,4) width 200: "Center div inside align=left td"
                RenderBlock {DIV} at (5,95) size 746x30 [border: (2px solid #0000FF)]
                  RenderText {#text} at (551,4) size 191x22
                    text run at (551,4) width 191: "Right div inside align=left td"
                RenderBlock {CENTER} at (5,125) size 746x30 [border: (2px solid #0000FF)]
                  RenderText {#text} at (273,4) size 200x22
                    text run at (273,4) width 200: "Center tag inside align=left td"
                RenderTable {TABLE} at (5,155) size 103x32 [border: (2px solid #0000FF)]
                  RenderTableSection {TBODY} at (2,2) size 99x28
                    RenderTableRow {TR} at (0,2) size 99x24
                      RenderTableCell {TD} at (2,2) size 95x24 [r=0 c=0 rs=1 cs=1]
                        RenderText {#text} at (1,1) size 93x22
                          text run at (1,1) width 4 RTL: "."
                          text run at (5,1) width 89: "Normal table"
                RenderTable {TABLE} at (303,187) size 151x32 [border: (2px solid #0000FF)]
                  RenderTableSection {TBODY} at (2,2) size 147x28
                    RenderTableRow {TR} at (0,2) size 147x24
                      RenderTableCell {TD} at (2,2) size 143x24 [r=0 c=0 rs=1 cs=1]
                        RenderText {#text} at (1,1) size 141x22
                          text run at (1,1) width 4 RTL: "."
                          text run at (5,1) width 137: "Center aligned table"
                RenderTable {TABLE} at (7,219) size 204x32 [border: (2px solid #0000FF)]
                  RenderTableSection {TBODY} at (2,2) size 200x28
                    RenderTableRow {TR} at (0,2) size 200x24
                      RenderTableCell {TD} at (2,2) size 196x24 [r=0 c=0 rs=1 cs=1]
                        RenderText {#text} at (1,1) size 194x22
                          text run at (1,1) width 9 RTL: ")."
                          text run at (10,1) width 185: "Center table (fixed margins"
        RenderTable {TABLE} at (2,2934) size 764x264 [border: (2px solid #0000FF)]
          RenderTableSection {TBODY} at (2,2) size 760x260
            RenderTableRow {TR} at (0,2) size 760x256
              RenderTableCell {TD} at (2,2) size 756x256 [border: (4px solid #800080)] [r=0 c=0 rs=1 cs=1]
                RenderBlock {DIV} at (5,5) size 408x30 [border: (2px solid #0000FF)]
                  RenderText {#text} at (4,4) size 285x22
                    text run at (4,4) width 285: "Normal fixed width div inside align=left td"
                RenderBlock {DIV} at (5,35) size 408x30 [border: (2px solid #0000FF)]
                  RenderText {#text} at (4,4) size 261x22
                    text run at (4,4) width 261: "Left fixed width div inside align=left td"
                RenderBlock {DIV} at (5,65) size 408x30 [border: (2px solid #0000FF)]
                  RenderText {#text} at (64,4) size 280x22
                    text run at (64,4) width 280: "Center fixed width div inside align=left td"
                RenderBlock {DIV} at (5,95) size 408x30 [border: (2px solid #0000FF)]
                  RenderText {#text} at (133,4) size 271x22
                    text run at (133,4) width 271: "Right fixed width div inside align=left td"
                RenderBlock {CENTER} at (5,125) size 408x30 [border: (2px solid #0000FF)]
                  RenderText {#text} at (59,4) size 290x22
                    text run at (59,4) width 290: "Center tag (fixed width) inside align=left td"
                RenderTable {TABLE} at (5,155) size 400x32 [border: (2px solid #0000FF)]
                  RenderTableSection {TBODY} at (2,2) size 396x28
                    RenderTableRow {TR} at (0,2) size 396x24
                      RenderTableCell {TD} at (2,2) size 392x24 [r=0 c=0 rs=1 cs=1]
                        RenderText {#text} at (298,1) size 93x22
                          text run at (298,1) width 4 RTL: "."
                          text run at (302,1) width 89: "Normal table"
                RenderTable {TABLE} at (178,187) size 400x32 [border: (2px solid #0000FF)]
                  RenderTableSection {TBODY} at (2,2) size 396x28
                    RenderTableRow {TR} at (0,2) size 396x24
                      RenderTableCell {TD} at (2,2) size 392x24 [r=0 c=0 rs=1 cs=1]
                        RenderText {#text} at (250,1) size 141x22
                          text run at (250,1) width 4 RTL: "."
                          text run at (254,1) width 137: "Center aligned table"
                RenderTable {TABLE} at (7,219) size 400x32 [border: (2px solid #0000FF)]
                  RenderTableSection {TBODY} at (2,2) size 396x28
                    RenderTableRow {TR} at (0,2) size 396x24
                      RenderTableCell {TD} at (2,2) size 392x24 [r=0 c=0 rs=1 cs=1]
                        RenderText {#text} at (197,1) size 194x22
                          text run at (197,1) width 9 RTL: ")."
                          text run at (206,1) width 185: "Center table (fixed margins"
        RenderTable {TABLE} at (2,3198) size 764x264 [border: (2px solid #0000FF)]
          RenderTableSection {TBODY} at (2,2) size 760x260
            RenderTableRow {TR} at (0,2) size 760x256
              RenderTableCell {TD} at (2,2) size 756x256 [border: (4px solid #008000)] [r=0 c=0 rs=1 cs=1]
                RenderBlock {DIV} at (5,5) size 746x30 [border: (2px solid #0000FF)]
                  RenderText {#text} at (258,4) size 230x22
                    text run at (258,4) width 230: "Normal div inside align= center td"
                RenderBlock {DIV} at (5,35) size 746x30 [border: (2px solid #0000FF)]
                  RenderText {#text} at (4,4) size 202x22
                    text run at (4,4) width 202: "Left div inside align=center td"
                RenderBlock {DIV} at (5,65) size 746x30 [border: (2px solid #0000FF)]
                  RenderText {#text} at (262,4) size 222x22
                    text run at (262,4) width 222: "Center div inside align=center td"
                RenderBlock {DIV} at (5,95) size 746x30 [border: (2px solid #0000FF)]
                  RenderText {#text} at (530,4) size 212x22
                    text run at (530,4) width 212: "Right div inside align=center td"
                RenderBlock {CENTER} at (5,125) size 746x30 [border: (2px solid #0000FF)]
                  RenderText {#text} at (262,4) size 222x22
                    text run at (262,4) width 222: "Center tag inside align=center td"
                RenderTable {TABLE} at (327,155) size 103x32 [border: (2px solid #0000FF)]
                  RenderTableSection {TBODY} at (2,2) size 99x28
                    RenderTableRow {TR} at (0,2) size 99x24
                      RenderTableCell {TD} at (2,2) size 95x24 [r=0 c=0 rs=1 cs=1]
                        RenderText {#text} at (1,1) size 93x22
                          text run at (1,1) width 4 RTL: "."
                          text run at (5,1) width 89: "Normal table"
                RenderTable {TABLE} at (303,187) size 151x32 [border: (2px solid #0000FF)]
                  RenderTableSection {TBODY} at (2,2) size 147x28
                    RenderTableRow {TR} at (0,2) size 147x24
                      RenderTableCell {TD} at (2,2) size 143x24 [r=0 c=0 rs=1 cs=1]
                        RenderText {#text} at (1,1) size 141x22
                          text run at (1,1) width 4 RTL: "."
                          text run at (5,1) width 137: "Center aligned table"
                RenderTable {TABLE} at (276,219) size 204x32 [border: (2px solid #0000FF)]
                  RenderTableSection {TBODY} at (2,2) size 200x28
                    RenderTableRow {TR} at (0,2) size 200x24
                      RenderTableCell {TD} at (2,2) size 196x24 [r=0 c=0 rs=1 cs=1]
                        RenderText {#text} at (1,1) size 194x22
                          text run at (1,1) width 9 RTL: ")."
                          text run at (10,1) width 185: "Center table (fixed margins"
        RenderTable {TABLE} at (2,3462) size 764x264 [border: (2px solid #0000FF)]
          RenderTableSection {TBODY} at (2,2) size 760x260
            RenderTableRow {TR} at (0,2) size 760x256
              RenderTableCell {TD} at (2,2) size 756x256 [border: (4px solid #800080)] [r=0 c=0 rs=1 cs=1]
                RenderBlock {DIV} at (174,5) size 408x30 [border: (2px solid #0000FF)]
                  RenderText {#text} at (51,4) size 306x22
                    text run at (51,4) width 306: "Normal fixed width div inside align=center td"
                RenderBlock {DIV} at (174,35) size 408x30 [border: (2px solid #0000FF)]
                  RenderText {#text} at (4,4) size 282x22
                    text run at (4,4) width 282: "Left fixed width div inside align=center td"
                RenderBlock {DIV} at (174,65) size 408x30 [border: (2px solid #0000FF)]
                  RenderText {#text} at (53,4) size 302x22
                    text run at (53,4) width 302: "Center fixed width div inside align=center td"
                RenderBlock {DIV} at (174,95) size 408x30 [border: (2px solid #0000FF)]
                  RenderText {#text} at (112,4) size 292x22
                    text run at (112,4) width 292: "Right fixed width div inside align=center td"
                RenderBlock {CENTER} at (174,125) size 408x30 [border: (2px solid #0000FF)]
                  RenderText {#text} at (48,4) size 312x22
                    text run at (48,4) width 312: "Center tag (fixed width) inside align=center td"
                RenderTable {TABLE} at (178,155) size 400x32 [border: (2px solid #0000FF)]
                  RenderTableSection {TBODY} at (2,2) size 396x28
                    RenderTableRow {TR} at (0,2) size 396x24
                      RenderTableCell {TD} at (2,2) size 392x24 [r=0 c=0 rs=1 cs=1]
                        RenderText {#text} at (298,1) size 93x22
                          text run at (298,1) width 4 RTL: "."
                          text run at (302,1) width 89: "Normal table"
                RenderTable {TABLE} at (178,187) size 400x32 [border: (2px solid #0000FF)]
                  RenderTableSection {TBODY} at (2,2) size 396x28
                    RenderTableRow {TR} at (0,2) size 396x24
                      RenderTableCell {TD} at (2,2) size 392x24 [r=0 c=0 rs=1 cs=1]
                        RenderText {#text} at (250,1) size 141x22
                          text run at (250,1) width 4 RTL: "."
                          text run at (254,1) width 137: "Center aligned table"
                RenderTable {TABLE} at (178,219) size 400x32 [border: (2px solid #0000FF)]
                  RenderTableSection {TBODY} at (2,2) size 396x28
                    RenderTableRow {TR} at (0,2) size 396x24
                      RenderTableCell {TD} at (2,2) size 392x24 [r=0 c=0 rs=1 cs=1]
                        RenderText {#text} at (197,1) size 194x22
                          text run at (197,1) width 9 RTL: ")."
                          text run at (206,1) width 185: "Center table (fixed margins"
        RenderTable {TABLE} at (2,3726) size 764x264 [border: (2px solid #0000FF)]
          RenderTableSection {TBODY} at (2,2) size 760x260
            RenderTableRow {TR} at (0,2) size 760x256
              RenderTableCell {TD} at (2,2) size 756x256 [border: (4px solid #008000)] [r=0 c=0 rs=1 cs=1]
                RenderBlock {DIV} at (5,5) size 746x30 [border: (2px solid #0000FF)]
                  RenderText {#text} at (525,4) size 217x22
                    text run at (525,4) width 217: "Normal div inside align=right td"
                RenderBlock {DIV} at (5,35) size 746x30 [border: (2px solid #0000FF)]
                  RenderText {#text} at (4,4) size 193x22
                    text run at (4,4) width 193: "Left div inside align=right td"
                RenderBlock {DIV} at (5,65) size 746x30 [border: (2px solid #0000FF)]
                  RenderText {#text} at (267,4) size 212x22
                    text run at (267,4) width 212: "Center div inside align=right td"
                RenderBlock {DIV} at (5,95) size 746x30 [border: (2px solid #0000FF)]
                  RenderText {#text} at (539,4) size 203x22
                    text run at (539,4) width 203: "Right div inside align=right td"
                RenderBlock {CENTER} at (5,125) size 746x30 [border: (2px solid #0000FF)]
                  RenderText {#text} at (267,4) size 212x22
                    text run at (267,4) width 212: "Center tag inside align=right td"
                RenderTable {TABLE} at (648,155) size 103x32 [border: (2px solid #0000FF)]
                  RenderTableSection {TBODY} at (2,2) size 99x28
                    RenderTableRow {TR} at (0,2) size 99x24
                      RenderTableCell {TD} at (2,2) size 95x24 [r=0 c=0 rs=1 cs=1]
                        RenderText {#text} at (1,1) size 93x22
                          text run at (1,1) width 4 RTL: "."
                          text run at (5,1) width 89: "Normal table"
                RenderTable {TABLE} at (303,187) size 151x32 [border: (2px solid #0000FF)]
                  RenderTableSection {TBODY} at (2,2) size 147x28
                    RenderTableRow {TR} at (0,2) size 147x24
                      RenderTableCell {TD} at (2,2) size 143x24 [r=0 c=0 rs=1 cs=1]
                        RenderText {#text} at (1,1) size 141x22
                          text run at (1,1) width 4 RTL: "."
                          text run at (5,1) width 137: "Center aligned table"
                RenderTable {TABLE} at (545,219) size 204x32 [border: (2px solid #0000FF)]
                  RenderTableSection {TBODY} at (2,2) size 200x28
                    RenderTableRow {TR} at (0,2) size 200x24
                      RenderTableCell {TD} at (2,2) size 196x24 [r=0 c=0 rs=1 cs=1]
                        RenderText {#text} at (1,1) size 194x22
                          text run at (1,1) width 9 RTL: ")."
                          text run at (10,1) width 185: "Center table (fixed margins"
        RenderTable {TABLE} at (2,3990) size 764x264 [border: (2px solid #0000FF)]
          RenderTableSection {TBODY} at (2,2) size 760x260
            RenderTableRow {TR} at (0,2) size 760x256
              RenderTableCell {TD} at (2,2) size 756x256 [border: (4px solid #800080)] [r=0 c=0 rs=1 cs=1]
                RenderBlock {DIV} at (343,5) size 408x30 [border: (2px solid #0000FF)]
                  RenderText {#text} at (107,4) size 297x22
                    text run at (107,4) width 297: "Normal fixed width div inside align=right td"
                RenderBlock {DIV} at (343,35) size 408x30 [border: (2px solid #0000FF)]
                  RenderText {#text} at (4,4) size 273x22
                    text run at (4,4) width 273: "Left fixed width div inside align=right td"
                RenderBlock {DIV} at (343,65) size 408x30 [border: (2px solid #0000FF)]
                  RenderText {#text} at (58,4) size 292x22
                    text run at (58,4) width 292: "Center fixed width div inside align=right td"
                RenderBlock {DIV} at (343,95) size 408x30 [border: (2px solid #0000FF)]
                  RenderText {#text} at (121,4) size 283x22
                    text run at (121,4) width 283: "Right fixed width div inside align=right td"
                RenderBlock {CENTER} at (343,125) size 408x30 [border: (2px solid #0000FF)]
                  RenderText {#text} at (53,4) size 302x22
                    text run at (53,4) width 302: "Center tag (fixed width) inside align=right td"
                RenderTable {TABLE} at (351,155) size 400x32 [border: (2px solid #0000FF)]
                  RenderTableSection {TBODY} at (2,2) size 396x28
                    RenderTableRow {TR} at (0,2) size 396x24
                      RenderTableCell {TD} at (2,2) size 392x24 [r=0 c=0 rs=1 cs=1]
                        RenderText {#text} at (298,1) size 93x22
                          text run at (298,1) width 4 RTL: "."
                          text run at (302,1) width 89: "Normal table"
                RenderTable {TABLE} at (178,187) size 400x32 [border: (2px solid #0000FF)]
                  RenderTableSection {TBODY} at (2,2) size 396x28
                    RenderTableRow {TR} at (0,2) size 396x24
                      RenderTableCell {TD} at (2,2) size 392x24 [r=0 c=0 rs=1 cs=1]
                        RenderText {#text} at (250,1) size 141x22
                          text run at (250,1) width 4 RTL: "."
                          text run at (254,1) width 137: "Center aligned table"
                RenderTable {TABLE} at (349,219) size 400x32 [border: (2px solid #0000FF)]
                  RenderTableSection {TBODY} at (2,2) size 396x28
                    RenderTableRow {TR} at (0,2) size 396x24
                      RenderTableCell {TD} at (2,2) size 392x24 [r=0 c=0 rs=1 cs=1]
                        RenderText {#text} at (197,1) size 194x22
                          text run at (197,1) width 9 RTL: ")."
                          text run at (206,1) width 185: "Center table (fixed margins"
