layer at (0,0) size 800x584
  RenderView at (0,0) size 800x584
layer at (0,0) size 800x252
  RenderBlock {HTML} at (0,0) size 800x252
    RenderBody {BODY} at (8,16) size 784x228
      RenderBlock {P} at (0,0) size 784x63
        RenderText {#text} at (0,0) size 271x21
          text run at (0,0) width 271: "This test checks for a regression against "
        RenderInline {I} at (0,0) size 755x42
          RenderInline {A} at (0,0) size 310x21 [color=#0000EE]
            RenderText {#text} at (271,0) size 310x21
              text run at (271,0) width 310: "https://bugs.webkit.org/show_bug.cgi?id=24118"
          RenderText {#text} at (581,0) size 755x42
            text run at (581,0) width 174: " RTL: Truncation behaves"
            text run at (0,21) width 192: "differently than IE/FF/Opera"
        RenderText {#text} at (192,21) size 4x21
          text run at (192,21) width 4: "."
        RenderBR {BR} at (196,21) size 0x21
        RenderText {#text} at (0,42) size 442x21
          text run at (0,42) width 442: "This test passes if the red block below is truncated on the left side."
      RenderBlock {DIV} at (-218,79) size 1002x149 [border: (1px solid #FF0000)]
        RenderText {#text} at (14,1) size 1000x147
          text run at (14,1) width 987: "Lorem ipsum dolor sit amet, consectetur adipiscing elit. Nunc et nisl tellus. Vivamus aliquam elit non arcu scelerisque eget dapibus nunc vulputate."
          text run at (24,22) width 977: "Maecenas scelerisque egestas purus, id bibendum magna venenatis vel. Vestibulum bibendum volutpat aliquam. Cum sociis natoque penatibus et"
          text run at (46,43) width 955: "magnis dis parturient montes, nascetur ridiculus mus. Vestibulum eget risus sodales mi tristique dignissim et sed lectus. Cras convallis, nibh ut"
          text run at (19,64) width 982: "dapibus gravida, enim mauris molestie elit, eget fringilla augue est nec est. Curabitur eu quam non purus sodales pulvinar. Donec ultrices dui eget"
          text run at (34,85) width 967: "dolor lobortis in porta quam rutrum. Nulla risus lacus, adipiscing quis ullamcorper vestibulum, condimentum sed lacus. Sed in nunc dolor, quis"
          text run at (1,106) width 1000: "egestas turpis. Integer arcu tellus, posuere sit amet pellentesque a, molestie at mi. Nulla blandit, mi et euismod imperdiet, augue arcu ornare felis, nec"
          text run at (134,127) width 4 RTL: "."
          text run at (138,127) width 863: "viverra lacus ligula ut metus. Proin ut leo ante, at consectetur sem. Nullam non nunc ligula. Proin sed ante sem, id rutrum purus"
