layer at (0,0) size 800x600
  RenderView at (0,0) size 800x600
layer at (0,0) size 800x600
  RenderBlock {HTML} at (0,0) size 800x600
    RenderBody {BODY} at (8,8) size 784x576
      RenderBlock {DIV} at (0,0) size 784x22 [color=#FF0000]
        RenderText {#text} at (0,0) size 79x22
          text run at (0,0) width 79: "Hello world"
      RenderBlock {P} at (0,38) size 784x22
        RenderText {#text} at (0,0) size 232x22
          text run at (0,0) width 232: "The number of matched rules is: 1"
