layer at (0,0) size 784x2751
  RenderView at (0,0) size 784x600
layer at (0,0) size 784x2751
  RenderBlock {HTML} at (0,0) size 784x2751
    RenderBody {BODY} at (8,8) size 768x2735
      RenderBlock (anonymous) at (0,0) size 768x42
        RenderBR {BR} at (0,0) size 0x21
        RenderText {#text} at (0,21) size 80x21
          text run at (0,21) width 80: "table - color"
      RenderTable {TABLE} at (0,42) size 73x39 [bgcolor=#FFA500] [border: (1px outset #808080)]
        RenderTableSection {TBODY} at (1,1) size 71x37
          RenderTableRow {TR} at (0,6) size 71x25
            RenderTableCell {TD} at (6,6) size 25x25 [border: (1px inset #808080)] [r=0 c=0 rs=1 cs=1]
              RenderText {#text} at (2,2) size 21x21
                text run at (2,2) width 21: "foo"
            RenderTableCell {TD} at (37,6) size 28x25 [border: (1px inset #808080)] [r=0 c=1 rs=1 cs=1]
              RenderText {#text} at (2,2) size 24x21
                text run at (2,2) width 24: "bar"
      RenderBlock (anonymous) at (0,81) size 768x42
        RenderBR {BR} at (0,0) size 0x21
        RenderText {#text} at (0,21) size 86x21
          text run at (0,21) width 86: "table - image"
      RenderTable {TABLE} at (0,123) size 73x39 [border: (1px outset #808080)]
        RenderTableSection {TBODY} at (1,1) size 71x37
          RenderTableRow {TR} at (0,6) size 71x25
            RenderTableCell {TD} at (6,6) size 25x25 [border: (1px inset #808080)] [r=0 c=0 rs=1 cs=1]
              RenderText {#text} at (2,2) size 21x21
                text run at (2,2) width 21: "foo"
            RenderTableCell {TD} at (37,6) size 28x25 [border: (1px inset #808080)] [r=0 c=1 rs=1 cs=1]
              RenderText {#text} at (2,2) size 24x21
                text run at (2,2) width 24: "bar"
      RenderBlock (anonymous) at (0,162) size 768x42
        RenderBR {BR} at (0,0) size 0x21
        RenderText {#text} at (0,21) size 128x21
          text run at (0,21) width 128: "table - color, image"
      RenderTable {TABLE} at (0,204) size 73x39 [bgcolor=#FFA500] [border: (1px outset #808080)]
        RenderTableSection {TBODY} at (1,1) size 71x37
          RenderTableRow {TR} at (0,6) size 71x25
            RenderTableCell {TD} at (6,6) size 25x25 [border: (1px inset #808080)] [r=0 c=0 rs=1 cs=1]
              RenderText {#text} at (2,2) size 21x21
                text run at (2,2) width 21: "foo"
            RenderTableCell {TD} at (37,6) size 28x25 [border: (1px inset #808080)] [r=0 c=1 rs=1 cs=1]
              RenderText {#text} at (2,2) size 24x21
                text run at (2,2) width 24: "bar"
      RenderBlock (anonymous) at (0,243) size 768x42
        RenderBR {BR} at (0,0) size 0x21
        RenderText {#text} at (0,21) size 69x21
          text run at (0,21) width 69: "cell - color"
      RenderTable {TABLE} at (0,285) size 73x39 [border: (1px outset #808080)]
        RenderTableSection {TBODY} at (1,1) size 71x37
          RenderTableRow {TR} at (0,6) size 71x25
            RenderTableCell {TD} at (6,6) size 25x25 [bgcolor=#FF55DD] [border: (1px inset #808080)] [r=0 c=0 rs=1 cs=1]
              RenderText {#text} at (2,2) size 21x21
                text run at (2,2) width 21: "foo"
            RenderTableCell {TD} at (37,6) size 28x25 [border: (1px inset #808080)] [r=0 c=1 rs=1 cs=1]
              RenderText {#text} at (2,2) size 24x21
                text run at (2,2) width 24: "bar"
      RenderBlock (anonymous) at (0,324) size 768x42
        RenderBR {BR} at (0,0) size 0x21
        RenderText {#text} at (0,21) size 75x21
          text run at (0,21) width 75: "cell - image"
      RenderTable {TABLE} at (0,366) size 73x39 [border: (1px outset #808080)]
        RenderTableSection {TBODY} at (1,1) size 71x37
          RenderTableRow {TR} at (0,6) size 71x25
            RenderTableCell {TD} at (6,6) size 25x25 [border: (1px inset #808080)] [r=0 c=0 rs=1 cs=1]
              RenderText {#text} at (2,2) size 21x21
                text run at (2,2) width 21: "foo"
            RenderTableCell {TD} at (37,6) size 28x25 [border: (1px inset #808080)] [r=0 c=1 rs=1 cs=1]
              RenderText {#text} at (2,2) size 24x21
                text run at (2,2) width 24: "bar"
      RenderBlock (anonymous) at (0,405) size 768x42
        RenderBR {BR} at (0,0) size 0x21
        RenderText {#text} at (0,21) size 117x21
          text run at (0,21) width 117: "cell - color, image"
      RenderTable {TABLE} at (0,447) size 73x39 [border: (1px outset #808080)]
        RenderTableSection {TBODY} at (1,1) size 71x37
          RenderTableRow {TR} at (0,6) size 71x25
            RenderTableCell {TD} at (6,6) size 25x25 [bgcolor=#FF55DD] [border: (1px inset #808080)] [r=0 c=0 rs=1 cs=1]
              RenderText {#text} at (2,2) size 21x21
                text run at (2,2) width 21: "foo"
            RenderTableCell {TD} at (37,6) size 28x25 [border: (1px inset #808080)] [r=0 c=1 rs=1 cs=1]
              RenderText {#text} at (2,2) size 24x21
                text run at (2,2) width 24: "bar"
      RenderBlock (anonymous) at (0,486) size 768x42
        RenderBR {BR} at (0,0) size 0x21
        RenderText {#text} at (0,21) size 158x21
          text run at (0,21) width 158: "table - color; cell - color"
      RenderTable {TABLE} at (0,528) size 73x39 [bgcolor=#FFA500] [border: (1px outset #808080)]
        RenderTableSection {TBODY} at (1,1) size 71x37
          RenderTableRow {TR} at (0,6) size 71x25
            RenderTableCell {TD} at (6,6) size 25x25 [bgcolor=#FF55DD] [border: (1px inset #808080)] [r=0 c=0 rs=1 cs=1]
              RenderText {#text} at (2,2) size 21x21
                text run at (2,2) width 21: "foo"
            RenderTableCell {TD} at (37,6) size 28x25 [border: (1px inset #808080)] [r=0 c=1 rs=1 cs=1]
              RenderText {#text} at (2,2) size 24x21
                text run at (2,2) width 24: "bar"
      RenderBlock (anonymous) at (0,567) size 768x42
        RenderBR {BR} at (0,0) size 0x21
        RenderText {#text} at (0,21) size 164x21
          text run at (0,21) width 164: "table - image; cell - color"
      RenderTable {TABLE} at (0,609) size 73x39 [border: (1px outset #808080)]
        RenderTableSection {TBODY} at (1,1) size 71x37
          RenderTableRow {TR} at (0,6) size 71x25
            RenderTableCell {TD} at (6,6) size 25x25 [bgcolor=#FF55DD] [border: (1px inset #808080)] [r=0 c=0 rs=1 cs=1]
              RenderText {#text} at (2,2) size 21x21
                text run at (2,2) width 21: "foo"
            RenderTableCell {TD} at (37,6) size 28x25 [border: (1px inset #808080)] [r=0 c=1 rs=1 cs=1]
              RenderText {#text} at (2,2) size 24x21
                text run at (2,2) width 24: "bar"
      RenderBlock (anonymous) at (0,648) size 768x42
        RenderBR {BR} at (0,0) size 0x21
        RenderText {#text} at (0,21) size 170x21
          text run at (0,21) width 170: "table - image; cell - image"
      RenderTable {TABLE} at (0,690) size 73x39 [border: (1px outset #808080)]
        RenderTableSection {TBODY} at (1,1) size 71x37
          RenderTableRow {TR} at (0,6) size 71x25
            RenderTableCell {TD} at (6,6) size 25x25 [border: (1px inset #808080)] [r=0 c=0 rs=1 cs=1]
              RenderText {#text} at (2,2) size 21x21
                text run at (2,2) width 21: "foo"
            RenderTableCell {TD} at (37,6) size 28x25 [border: (1px inset #808080)] [r=0 c=1 rs=1 cs=1]
              RenderText {#text} at (2,2) size 24x21
                text run at (2,2) width 24: "bar"
      RenderBlock (anonymous) at (0,729) size 768x42
        RenderBR {BR} at (0,0) size 0x21
        RenderText {#text} at (0,21) size 110x21
          text run at (0,21) width 110: "row group color"
      RenderTable {TABLE} at (0,771) size 73x39 [border: (1px outset #808080)]
        RenderTableSection {TBODY} at (1,1) size 71x37 [bgcolor=#FF0000]
          RenderTableRow {TR} at (0,6) size 71x25
            RenderTableCell {TD} at (6,6) size 25x25 [border: (1px inset #808080)] [r=0 c=0 rs=1 cs=1]
              RenderText {#text} at (2,2) size 21x21
                text run at (2,2) width 21: "foo"
            RenderTableCell {TD} at (37,6) size 28x25 [border: (1px inset #808080)] [r=0 c=1 rs=1 cs=1]
              RenderText {#text} at (2,2) size 24x21
                text run at (2,2) width 24: "bar"
      RenderBlock (anonymous) at (0,810) size 768x42
        RenderBR {BR} at (0,0) size 0x21
        RenderText {#text} at (0,21) size 110x21
          text run at (0,21) width 110: "row group color"
      RenderTable {TABLE} at (0,852) size 73x76 [border: (1px outset #808080)]
        RenderTableSection {TBODY} at (1,1) size 71x37 [bgcolor=#FF0000]
          RenderTableRow {TR} at (0,6) size 71x25
            RenderTableCell {TD} at (6,6) size 25x25 [border: (1px inset #808080)] [r=0 c=0 rs=1 cs=1]
              RenderText {#text} at (2,2) size 21x21
                text run at (2,2) width 21: "foo"
            RenderTableCell {TD} at (37,6) size 28x25 [border: (1px inset #808080)] [r=0 c=1 rs=1 cs=1]
              RenderText {#text} at (2,2) size 24x21
                text run at (2,2) width 24: "bar"
        RenderTableSection {TBODY} at (1,38) size 71x37
          RenderTableRow {TR} at (0,6) size 71x25
            RenderTableCell {TD} at (6,6) size 25x25 [border: (1px inset #808080)] [r=0 c=0 rs=1 cs=1]
              RenderText {#text} at (2,2) size 21x21
                text run at (2,2) width 21: "foo"
            RenderTableCell {TD} at (37,6) size 28x25 [border: (1px inset #808080)] [r=0 c=1 rs=1 cs=1]
              RenderText {#text} at (2,2) size 24x21
                text run at (2,2) width 24: "bar"
      RenderBlock (anonymous) at (0,928) size 768x42
        RenderBR {BR} at (0,0) size 0x21
        RenderText {#text} at (0,21) size 65x21
          text run at (0,21) width 65: "row color"
      RenderTable {TABLE} at (0,970) size 73x39 [border: (1px outset #808080)]
        RenderTableSection {TBODY} at (1,1) size 71x37
          RenderTableRow {TR} at (0,6) size 71x25 [bgcolor=#FF0000]
            RenderTableCell {TD} at (6,6) size 25x25 [border: (1px inset #808080)] [r=0 c=0 rs=1 cs=1]
              RenderText {#text} at (2,2) size 21x21
                text run at (2,2) width 21: "foo"
            RenderTableCell {TD} at (37,6) size 28x25 [border: (1px inset #808080)] [r=0 c=1 rs=1 cs=1]
              RenderText {#text} at (2,2) size 24x21
                text run at (2,2) width 24: "bar"
      RenderBlock (anonymous) at (0,1009) size 768x42
        RenderBR {BR} at (0,0) size 0x21
        RenderText {#text} at (0,21) size 65x21
          text run at (0,21) width 65: "row color"
      RenderTable {TABLE} at (0,1051) size 73x70 [border: (1px outset #808080)]
        RenderTableSection {TBODY} at (1,1) size 71x68
          RenderTableRow {TR} at (0,6) size 71x25 [bgcolor=#FF0000]
            RenderTableCell {TD} at (6,6) size 25x25 [border: (1px inset #808080)] [r=0 c=0 rs=1 cs=1]
              RenderText {#text} at (2,2) size 21x21
                text run at (2,2) width 21: "foo"
            RenderTableCell {TD} at (37,6) size 28x25 [border: (1px inset #808080)] [r=0 c=1 rs=1 cs=1]
              RenderText {#text} at (2,2) size 24x21
                text run at (2,2) width 24: "bar"
          RenderTableRow {TR} at (0,37) size 71x25
            RenderTableCell {TD} at (6,37) size 25x25 [border: (1px inset #808080)] [r=1 c=0 rs=1 cs=1]
              RenderText {#text} at (2,2) size 21x21
                text run at (2,2) width 21: "foo"
            RenderTableCell {TD} at (37,37) size 28x25 [border: (1px inset #808080)] [r=1 c=1 rs=1 cs=1]
              RenderText {#text} at (2,2) size 24x21
                text run at (2,2) width 24: "bar"
      RenderBlock (anonymous) at (0,1121) size 768x42
        RenderBR {BR} at (0,0) size 0x21
        RenderText {#text} at (0,21) size 71x21
          text run at (0,21) width 71: "row image"
      RenderTable {TABLE} at (0,1163) size 73x39 [border: (1px outset #808080)]
        RenderTableSection {TBODY} at (1,1) size 71x37
          RenderTableRow {TR} at (0,6) size 71x25
            RenderTableCell {TD} at (6,6) size 25x25 [border: (1px inset #808080)] [r=0 c=0 rs=1 cs=1]
              RenderText {#text} at (2,2) size 21x21
                text run at (2,2) width 21: "foo"
            RenderTableCell {TD} at (37,6) size 28x25 [border: (1px inset #808080)] [r=0 c=1 rs=1 cs=1]
              RenderText {#text} at (2,2) size 24x21
                text run at (2,2) width 24: "bar"
      RenderBlock (anonymous) at (0,1202) size 768x42
        RenderBR {BR} at (0,0) size 0x21
        RenderText {#text} at (0,21) size 153x21
          text run at (0,21) width 153: "table - color, row color"
      RenderTable {TABLE} at (0,1244) size 73x70 [bgcolor=#FFA500] [border: (1px outset #808080)]
        RenderTableSection {TBODY} at (1,1) size 71x68
          RenderTableRow {TR} at (0,6) size 71x25 [bgcolor=#FF0000]
            RenderTableCell {TD} at (6,6) size 25x25 [border: (1px inset #808080)] [r=0 c=0 rs=1 cs=1]
              RenderText {#text} at (2,2) size 21x21
                text run at (2,2) width 21: "foo"
            RenderTableCell {TD} at (37,6) size 28x25 [border: (1px inset #808080)] [r=0 c=1 rs=1 cs=1]
              RenderText {#text} at (2,2) size 24x21
                text run at (2,2) width 24: "bar"
          RenderTableRow {TR} at (0,37) size 71x25
            RenderTableCell {TD} at (6,37) size 25x25 [border: (1px inset #808080)] [r=1 c=0 rs=1 cs=1]
              RenderText {#text} at (2,2) size 21x21
                text run at (2,2) width 21: "foo"
            RenderTableCell {TD} at (37,37) size 28x25 [border: (1px inset #808080)] [r=1 c=1 rs=1 cs=1]
              RenderText {#text} at (2,2) size 24x21
                text run at (2,2) width 24: "bar"
      RenderBlock (anonymous) at (0,1314) size 768x42
        RenderBR {BR} at (0,0) size 0x21
        RenderText {#text} at (0,21) size 159x21
          text run at (0,21) width 159: "table - image, row color"
      RenderTable {TABLE} at (0,1356) size 73x70 [border: (1px outset #808080)]
        RenderTableSection {TBODY} at (1,1) size 71x68
          RenderTableRow {TR} at (0,6) size 71x25 [bgcolor=#FF0000]
            RenderTableCell {TD} at (6,6) size 25x25 [border: (1px inset #808080)] [r=0 c=0 rs=1 cs=1]
              RenderText {#text} at (2,2) size 21x21
                text run at (2,2) width 21: "foo"
            RenderTableCell {TD} at (37,6) size 28x25 [border: (1px inset #808080)] [r=0 c=1 rs=1 cs=1]
              RenderText {#text} at (2,2) size 24x21
                text run at (2,2) width 24: "bar"
          RenderTableRow {TR} at (0,37) size 71x25
            RenderTableCell {TD} at (6,37) size 25x25 [border: (1px inset #808080)] [r=1 c=0 rs=1 cs=1]
              RenderText {#text} at (2,2) size 21x21
                text run at (2,2) width 21: "foo"
            RenderTableCell {TD} at (37,37) size 28x25 [border: (1px inset #808080)] [r=1 c=1 rs=1 cs=1]
              RenderText {#text} at (2,2) size 24x21
                text run at (2,2) width 24: "bar"
      RenderBlock (anonymous) at (0,1426) size 768x42
        RenderBR {BR} at (0,0) size 0x21
        RenderText {#text} at (0,21) size 160x21
          text run at (0,21) width 160: "table - color; row image"
      RenderTable {TABLE} at (0,1468) size 73x39 [bgcolor=#FFA500] [border: (1px outset #808080)]
        RenderTableSection {TBODY} at (1,1) size 71x37
          RenderTableRow {TR} at (0,6) size 71x25
            RenderTableCell {TD} at (6,6) size 25x25 [border: (1px inset #808080)] [r=0 c=0 rs=1 cs=1]
              RenderText {#text} at (2,2) size 21x21
                text run at (2,2) width 21: "foo"
            RenderTableCell {TD} at (37,6) size 28x25 [border: (1px inset #808080)] [r=0 c=1 rs=1 cs=1]
              RenderText {#text} at (2,2) size 24x21
                text run at (2,2) width 24: "bar"
      RenderBlock (anonymous) at (0,1507) size 768x42
        RenderBR {BR} at (0,0) size 0x21
        RenderText {#text} at (0,21) size 165x21
          text run at (0,21) width 165: "table - image, row image"
      RenderTable {TABLE} at (0,1549) size 73x39 [border: (1px outset #808080)]
        RenderTableSection {TBODY} at (1,1) size 71x37
          RenderTableRow {TR} at (0,6) size 71x25
            RenderTableCell {TD} at (6,6) size 25x25 [border: (1px inset #808080)] [r=0 c=0 rs=1 cs=1]
              RenderText {#text} at (2,2) size 21x21
                text run at (2,2) width 21: "foo"
            RenderTableCell {TD} at (37,6) size 28x25 [border: (1px inset #808080)] [r=0 c=1 rs=1 cs=1]
              RenderText {#text} at (2,2) size 24x21
                text run at (2,2) width 24: "bar"
      RenderBlock (anonymous) at (0,1588) size 768x42
        RenderBR {BR} at (0,0) size 0x21
        RenderText {#text} at (0,21) size 223x21
          text run at (0,21) width 223: "table - color; row color; cell color"
      RenderTable {TABLE} at (0,1630) size 73x70 [bgcolor=#FFA500] [border: (1px outset #808080)]
        RenderTableSection {TBODY} at (1,1) size 71x68
          RenderTableRow {TR} at (0,6) size 71x25 [bgcolor=#FF0000]
            RenderTableCell {TD} at (6,6) size 25x25 [bgcolor=#FF55DD] [border: (1px inset #808080)] [r=0 c=0 rs=1 cs=1]
              RenderText {#text} at (2,2) size 21x21
                text run at (2,2) width 21: "foo"
            RenderTableCell {TD} at (37,6) size 28x25 [border: (1px inset #808080)] [r=0 c=1 rs=1 cs=1]
              RenderText {#text} at (2,2) size 24x21
                text run at (2,2) width 24: "bar"
          RenderTableRow {TR} at (0,37) size 71x25
            RenderTableCell {TD} at (6,37) size 25x25 [border: (1px inset #808080)] [r=1 c=0 rs=1 cs=1]
              RenderText {#text} at (2,2) size 21x21
                text run at (2,2) width 21: "foo"
            RenderTableCell {TD} at (37,37) size 28x25 [border: (1px inset #808080)] [r=1 c=1 rs=1 cs=1]
              RenderText {#text} at (2,2) size 24x21
                text run at (2,2) width 24: "bar"
      RenderBlock (anonymous) at (0,1700) size 768x42
        RenderBR {BR} at (0,0) size 0x21
        RenderText {#text} at (0,21) size 229x21
          text run at (0,21) width 229: "table - image; row color; cell color"
      RenderTable {TABLE} at (0,1742) size 73x70 [border: (1px outset #808080)]
        RenderTableSection {TBODY} at (1,1) size 71x68
          RenderTableRow {TR} at (0,6) size 71x25 [bgcolor=#FF0000]
            RenderTableCell {TD} at (6,6) size 25x25 [bgcolor=#FF55DD] [border: (1px inset #808080)] [r=0 c=0 rs=1 cs=1]
              RenderText {#text} at (2,2) size 21x21
                text run at (2,2) width 21: "foo"
            RenderTableCell {TD} at (37,6) size 28x25 [border: (1px inset #808080)] [r=0 c=1 rs=1 cs=1]
              RenderText {#text} at (2,2) size 24x21
                text run at (2,2) width 24: "bar"
          RenderTableRow {TR} at (0,37) size 71x25
            RenderTableCell {TD} at (6,37) size 25x25 [border: (1px inset #808080)] [r=1 c=0 rs=1 cs=1]
              RenderText {#text} at (2,2) size 21x21
                text run at (2,2) width 21: "foo"
            RenderTableCell {TD} at (37,37) size 28x25 [border: (1px inset #808080)] [r=1 c=1 rs=1 cs=1]
              RenderText {#text} at (2,2) size 24x21
                text run at (2,2) width 24: "bar"
      RenderBlock (anonymous) at (0,1812) size 768x42
        RenderBR {BR} at (0,0) size 0x21
        RenderText {#text} at (0,21) size 229x21
          text run at (0,21) width 229: "table - color; row image; cell color"
      RenderTable {TABLE} at (0,1854) size 73x70 [bgcolor=#FFA500] [border: (1px outset #808080)]
        RenderTableSection {TBODY} at (1,1) size 71x68
          RenderTableRow {TR} at (0,6) size 71x25
            RenderTableCell {TD} at (6,6) size 25x25 [bgcolor=#FF55DD] [border: (1px inset #808080)] [r=0 c=0 rs=1 cs=1]
              RenderText {#text} at (2,2) size 21x21
                text run at (2,2) width 21: "foo"
            RenderTableCell {TD} at (37,6) size 28x25 [border: (1px inset #808080)] [r=0 c=1 rs=1 cs=1]
              RenderText {#text} at (2,2) size 24x21
                text run at (2,2) width 24: "bar"
          RenderTableRow {TR} at (0,37) size 71x25
            RenderTableCell {TD} at (6,37) size 25x25 [border: (1px inset #808080)] [r=1 c=0 rs=1 cs=1]
              RenderText {#text} at (2,2) size 21x21
                text run at (2,2) width 21: "foo"
            RenderTableCell {TD} at (37,37) size 28x25 [border: (1px inset #808080)] [r=1 c=1 rs=1 cs=1]
              RenderText {#text} at (2,2) size 24x21
                text run at (2,2) width 24: "bar"
      RenderBlock (anonymous) at (0,1924) size 768x42
        RenderBR {BR} at (0,0) size 0x21
        RenderText {#text} at (0,21) size 229x21
          text run at (0,21) width 229: "table - color; row color; cell image"
      RenderTable {TABLE} at (0,1966) size 73x70 [bgcolor=#FFA500] [border: (1px outset #808080)]
        RenderTableSection {TBODY} at (1,1) size 71x68
          RenderTableRow {TR} at (0,6) size 71x25 [bgcolor=#FF0000]
            RenderTableCell {TD} at (6,6) size 25x25 [border: (1px inset #808080)] [r=0 c=0 rs=1 cs=1]
              RenderText {#text} at (2,2) size 21x21
                text run at (2,2) width 21: "foo"
            RenderTableCell {TD} at (37,6) size 28x25 [border: (1px inset #808080)] [r=0 c=1 rs=1 cs=1]
              RenderText {#text} at (2,2) size 24x21
                text run at (2,2) width 24: "bar"
          RenderTableRow {TR} at (0,37) size 71x25
            RenderTableCell {TD} at (6,37) size 25x25 [border: (1px inset #808080)] [r=1 c=0 rs=1 cs=1]
              RenderText {#text} at (2,2) size 21x21
                text run at (2,2) width 21: "foo"
            RenderTableCell {TD} at (37,37) size 28x25 [border: (1px inset #808080)] [r=1 c=1 rs=1 cs=1]
              RenderText {#text} at (2,2) size 24x21
                text run at (2,2) width 24: "bar"
      RenderBlock (anonymous) at (0,2036) size 768x42
        RenderBR {BR} at (0,0) size 0x21
        RenderText {#text} at (0,21) size 102x21
          text run at (0,21) width 102: "col group color"
      RenderTable {TABLE} at (0,2078) size 39x39 [border: (1px outset #808080)]
        RenderTableCol {COLGROUP} at (0,0) size 0x0 [bgcolor=#FF0000]
          RenderTableCol {COL} at (0,0) size 0x0
        RenderTableSection {TBODY} at (1,1) size 37x37
          RenderTableRow {TR} at (0,6) size 37x25
            RenderTableCell {TD} at (6,6) size 25x25 [border: (1px inset #808080)] [r=0 c=0 rs=1 cs=1]
              RenderText {#text} at (2,2) size 21x21
                text run at (2,2) width 21: "foo"
      RenderBlock (anonymous) at (0,2117) size 768x42
        RenderBR {BR} at (0,0) size 0x21
        RenderText {#text} at (0,21) size 57x21
          text run at (0,21) width 57: "col color"
      RenderTable {TABLE} at (0,2159) size 39x39 [border: (1px outset #808080)]
        RenderTableCol {COLGROUP} at (0,0) size 0x0
          RenderTableCol {COL} at (0,0) size 0x0 [bgcolor=#FF0000]
        RenderTableSection {TBODY} at (1,1) size 37x37
          RenderTableRow {TR} at (0,6) size 37x25
            RenderTableCell {TD} at (6,6) size 25x25 [border: (1px inset #808080)] [r=0 c=0 rs=1 cs=1]
              RenderText {#text} at (2,2) size 21x21
                text run at (2,2) width 21: "foo"
      RenderBlock (anonymous) at (0,2198) size 768x42
        RenderBR {BR} at (0,0) size 0x21
        RenderText {#text} at (0,21) size 241x21
          text run at (0,21) width 241: "table - image; row image; cell image"
      RenderTable {TABLE} at (0,2240) size 73x70 [border: (1px outset #808080)]
        RenderTableSection {TBODY} at (1,1) size 71x68
          RenderTableRow {TR} at (0,6) size 71x25
            RenderTableCell {TD} at (6,6) size 25x25 [border: (1px inset #808080)] [r=0 c=0 rs=1 cs=1]
              RenderText {#text} at (2,2) size 21x21
                text run at (2,2) width 21: "foo"
            RenderTableCell {TD} at (37,6) size 28x25 [border: (1px inset #808080)] [r=0 c=1 rs=1 cs=1]
              RenderText {#text} at (2,2) size 24x21
                text run at (2,2) width 24: "bar"
          RenderTableRow {TR} at (0,37) size 71x25
            RenderTableCell {TD} at (6,37) size 25x25 [border: (1px inset #808080)] [r=1 c=0 rs=1 cs=1]
              RenderText {#text} at (2,2) size 21x21
                text run at (2,2) width 21: "foo"
            RenderTableCell {TD} at (37,37) size 28x25 [border: (1px inset #808080)] [r=1 c=1 rs=1 cs=1]
              RenderText {#text} at (2,2) size 24x21
                text run at (2,2) width 24: "bar"
      RenderBlock (anonymous) at (0,2310) size 768x42
        RenderBR {BR} at (0,0) size 0x21
        RenderText {#text} at (0,21) size 247x21
          text run at (0,21) width 247: "table - color, tbodies color, row color"
      RenderTable {TABLE} at (0,2352) size 47x109 [bgcolor=#FFA500] [border: (1px outset #808080)]
        RenderTableSection {TBODY} at (7,7) size 33x62 [bgcolor=#FF0000]
          RenderTableRow {TR} at (0,4) size 33x25 [bgcolor=#FFFF00]
            RenderTableCell {TD} at (4,4) size 25x25 [border: (1px inset #808080)] [r=0 c=0 rs=1 cs=1]
              RenderText {#text} at (2,2) size 21x21
                text run at (2,2) width 21: "foo"
          RenderTableRow {TR} at (0,33) size 33x25
            RenderTableCell {TD} at (4,33) size 25x25 [border: (1px inset #808080)] [r=1 c=0 rs=1 cs=1]
              RenderText {#text} at (2,2) size 21x21
                text run at (2,2) width 21: "foo"
        RenderTableSection {TBODY} at (7,69) size 33x33 [bgcolor=#008000]
          RenderTableRow {TR} at (0,4) size 33x25
            RenderTableCell {TD} at (4,4) size 25x25 [border: (1px inset #808080)] [r=0 c=0 rs=1 cs=1]
              RenderText {#text} at (2,2) size 21x21
                text run at (2,2) width 21: "foo"
      RenderBlock (anonymous) at (0,2461) size 768x42
        RenderBR {BR} at (0,0) size 0x21
        RenderText {#text} at (0,21) size 63x21
          text run at (0,21) width 63: "col image"
      RenderTable {TABLE} at (0,2503) size 79x76 [border: (1px outset #808080)]
        RenderTableCol {COLGROUP} at (0,0) size 0x0
          RenderTableCol {COL} at (0,0) size 0x0 [bgcolor=#FF0000]
        RenderTableSection {TBODY} at (7,7) size 65x62
          RenderTableRow {TR} at (0,4) size 65x25
            RenderTableCell {TD} at (4,4) size 25x25 [border: (1px inset #808080)] [r=0 c=0 rs=1 cs=1]
              RenderText {#text} at (2,2) size 21x21
                text run at (2,2) width 21: "foo"
            RenderTableCell {TD} at (33,4) size 28x25 [border: (1px inset #808080)] [r=0 c=1 rs=1 cs=1]
              RenderText {#text} at (2,2) size 24x21
                text run at (2,2) width 24: "bar"
          RenderTableRow {TR} at (0,33) size 65x25
            RenderTableCell {TD} at (4,33) size 25x25 [border: (1px inset #808080)] [r=1 c=0 rs=1 cs=1]
              RenderText {#text} at (2,2) size 21x21
                text run at (2,2) width 21: "foo"
            RenderTableCell {TD} at (33,33) size 28x25 [border: (1px inset #808080)] [r=1 c=1 rs=1 cs=1]
              RenderText {#text} at (2,2) size 24x21
                text run at (2,2) width 24: "bar"
      RenderBlock (anonymous) at (0,2579) size 768x42
        RenderBR {BR} at (0,0) size 0x21
        RenderText {#text} at (0,21) size 391x21
          text run at (0,21) width 391: "table color; col group color; col color; row color; cell color"
      RenderTable {TABLE} at (0,2621) size 128x93 [bgcolor=#FFA500] [border: (1px outset #808080)]
        RenderTableCol {COLGROUP} at (0,0) size 0x0 [bgcolor=#FF0000]
          RenderTableCol {COL} at (0,0) size 0x0 [bgcolor=#FF9999]
          RenderTableCol {COL} at (0,0) size 0x0
        RenderTableCol {COLGROUP} at (0,0) size 0x0 [bgcolor=#0000FF]
          RenderTableCol {COL} at (0,0) size 0x0
          RenderTableCol {COL} at (0,0) size 0x0 [bgcolor=#9999FF]
        RenderTableSection {TBODY} at (1,1) size 126x91
          RenderTableRow {TR} at (0,4) size 126x25 [bgcolor=#FFFF00]
            RenderTableCell {TD} at (4,4) size 25x25 [border: (1px inset #808080)] [r=0 c=0 rs=1 cs=1]
              RenderText {#text} at (2,2) size 21x21
                text run at (2,2) width 21: "foo"
            RenderTableCell {TD} at (33,4) size 28x25 [bgcolor=#FFA500] [border: (1px inset #808080)] [r=0 c=1 rs=1 cs=1]
              RenderText {#text} at (2,2) size 24x21
                text run at (2,2) width 24: "bar"
            RenderTableCell {TD} at (65,4) size 25x25 [border: (1px inset #808080)] [r=0 c=2 rs=1 cs=1]
              RenderText {#text} at (2,2) size 21x21
                text run at (2,2) width 21: "foo"
            RenderTableCell {TD} at (94,4) size 28x25 [border: (1px inset #808080)] [r=0 c=3 rs=1 cs=1]
              RenderText {#text} at (2,2) size 24x21
                text run at (2,2) width 24: "bar"
          RenderTableRow {TR} at (0,33) size 126x25
            RenderTableCell {TD} at (4,33) size 25x25 [border: (1px inset #808080)] [r=1 c=0 rs=1 cs=1]
              RenderText {#text} at (2,2) size 21x21
                text run at (2,2) width 21: "foo"
            RenderTableCell {TD} at (33,33) size 28x25 [border: (1px inset #808080)] [r=1 c=1 rs=1 cs=1]
              RenderText {#text} at (2,2) size 24x21
                text run at (2,2) width 24: "bar"
            RenderTableCell {TD} at (65,33) size 25x25 [border: (1px inset #808080)] [r=1 c=2 rs=1 cs=1]
              RenderText {#text} at (2,2) size 21x21
                text run at (2,2) width 21: "foo"
            RenderTableCell {TD} at (94,33) size 28x25 [border: (1px inset #808080)] [r=1 c=3 rs=1 cs=1]
              RenderText {#text} at (2,2) size 24x21
                text run at (2,2) width 24: "bar"
          RenderTableRow {TR} at (0,62) size 126x25
            RenderTableCell {TD} at (4,62) size 25x25 [border: (1px inset #808080)] [r=2 c=0 rs=1 cs=1]
              RenderText {#text} at (2,2) size 21x21
                text run at (2,2) width 21: "foo"
            RenderTableCell {TD} at (33,62) size 28x25 [border: (1px inset #808080)] [r=2 c=1 rs=1 cs=1]
              RenderText {#text} at (2,2) size 24x21
                text run at (2,2) width 24: "bar"
            RenderTableCell {TD} at (65,62) size 25x25 [border: (1px inset #808080)] [r=2 c=2 rs=1 cs=1]
              RenderText {#text} at (2,2) size 21x21
                text run at (2,2) width 21: "foo"
            RenderTableCell {TD} at (94,62) size 28x25 [border: (1px inset #808080)] [r=2 c=3 rs=1 cs=1]
              RenderText {#text} at (2,2) size 24x21
                text run at (2,2) width 24: "bar"
      RenderBlock (anonymous) at (0,2714) size 768x21
        RenderText {#text} at (0,0) size 19x21
          text run at (0,0) width 19: "-->"
