layer at (0,0) size 784x1208
  RenderView at (0,0) size 784x600
layer at (0,0) size 784x1208
  RenderBlock {HTML} at (0,0) size 784x1208
    RenderBody {BODY} at (8,8) size 768x1192
      RenderBlock {CENTER} at (0,0) size 768x21
        RenderText {#text} at (316,0) size 136x21
          text run at (316,0) width 136: "bottom caption tests"
      RenderBlock (anonymous) at (0,21) size 768x21
        RenderText {#text} at (0,0) size 110x21
          text run at (0,0) width 110: "table 1 - original"
      RenderTable {TABLE} at (5,52) size 96x122 [border: (10px solid #008000)]
        RenderBlock {CAPTION} at (10,0) size 66x48 [border: (3px solid #800080)]
          RenderText {#text} at (8,3) size 50x21
            text run at (8,3) width 50: "caption"
          RenderBlock {INPUT} at (27,30) size 12x12
        RenderTableSection {TBODY} at (10,60) size 76x52
          RenderTableRow {TR} at (0,2) size 76x23
            RenderTableCell {TD} at (2,2) size 35x23 [r=0 c=0 rs=1 cs=1]
              RenderText {#text} at (1,1) size 33x21
                text run at (1,1) width 33: "Data"
            RenderTableCell {TD} at (39,2) size 35x23 [r=0 c=1 rs=1 cs=1]
              RenderText {#text} at (1,1) size 33x21
                text run at (1,1) width 33: "Data"
          RenderTableRow {TR} at (0,27) size 76x23
            RenderTableCell {TD} at (2,27) size 35x23 [r=1 c=0 rs=1 cs=1]
              RenderText {#text} at (1,1) size 33x21
                text run at (1,1) width 33: "Data"
            RenderTableCell {TD} at (39,27) size 35x23 [r=1 c=1 rs=1 cs=1]
              RenderText {#text} at (1,1) size 33x21
                text run at (1,1) width 33: "Data"
      RenderBlock (anonymous) at (0,179) size 768x21
        RenderText {#text} at (0,0) size 201x21
          text run at (0,0) width 201: "table 2 - caption gains content"
      RenderTable {TABLE} at (5,210) size 96x143 [border: (10px solid #008000)]
        RenderBlock {CAPTION} at (10,0) size 66x69 [border: (3px solid #800080)]
          RenderText {#text} at (8,3) size 50x21
            text run at (8,3) width 50: "caption"
          RenderBlock {INPUT} at (17,30) size 12x12
          RenderText {#text} at (31,24) size 31x42
            text run at (31,24) width 22: "foo"
            text run at (22,45) width 22: "foo"
        RenderTableSection {TBODY} at (10,81) size 76x52
          RenderTableRow {TR} at (0,2) size 76x23
            RenderTableCell {TD} at (2,2) size 35x23 [r=0 c=0 rs=1 cs=1]
              RenderText {#text} at (1,1) size 33x21
                text run at (1,1) width 33: "Data"
            RenderTableCell {TD} at (39,2) size 35x23 [r=0 c=1 rs=1 cs=1]
              RenderText {#text} at (1,1) size 33x21
                text run at (1,1) width 33: "Data"
          RenderTableRow {TR} at (0,27) size 76x23
            RenderTableCell {TD} at (2,27) size 35x23 [r=1 c=0 rs=1 cs=1]
              RenderText {#text} at (1,1) size 33x21
                text run at (1,1) width 33: "Data"
            RenderTableCell {TD} at (39,27) size 35x23 [r=1 c=1 rs=1 cs=1]
              RenderText {#text} at (1,1) size 33x21
                text run at (1,1) width 33: "Data"
      RenderBlock (anonymous) at (0,358) size 768x21
        RenderText {#text} at (0,0) size 407x21
          text run at (0,0) width 407: "table 3 - caption gains content extending its max element size"
      RenderTable {TABLE} at (5,389) size 158x122 [border: (10px solid #008000)]
        RenderBlock {CAPTION} at (10,0) size 128x48 [border: (3px solid #800080)]
          RenderText {#text} at (30,3) size 50x21
            text run at (30,3) width 50: "caption"
          RenderBlock {INPUT} at (83,9) size 12x12
          RenderText {#text} at (3,24) size 152x21
            text run at (3,24) width 152: "very_large_very_large"
        RenderTableSection {TBODY} at (10,60) size 138x52
          RenderTableRow {TR} at (0,2) size 138x23
            RenderTableCell {TD} at (2,2) size 66x23 [r=0 c=0 rs=1 cs=1]
              RenderText {#text} at (1,1) size 33x21
                text run at (1,1) width 33: "Data"
            RenderTableCell {TD} at (70,2) size 66x23 [r=0 c=1 rs=1 cs=1]
              RenderText {#text} at (1,1) size 33x21
                text run at (1,1) width 33: "Data"
          RenderTableRow {TR} at (0,27) size 138x23
            RenderTableCell {TD} at (2,27) size 66x23 [r=1 c=0 rs=1 cs=1]
              RenderText {#text} at (1,1) size 33x21
                text run at (1,1) width 33: "Data"
            RenderTableCell {TD} at (70,27) size 66x23 [r=1 c=1 rs=1 cs=1]
              RenderText {#text} at (1,1) size 33x21
                text run at (1,1) width 33: "Data"
      RenderBlock (anonymous) at (0,516) size 768x21
        RenderText {#text} at (0,0) size 197x21
          text run at (0,0) width 197: "table 4 - caption loses content"
      RenderTable {TABLE} at (5,547) size 96x101 [border: (10px solid #008000)]
        RenderBlock {CAPTION} at (10,0) size 66x27 [border: (3px solid #800080)]
          RenderText {#text} at (8,3) size 50x21
            text run at (8,3) width 50: "caption"
        RenderTableSection {TBODY} at (10,39) size 76x52
          RenderTableRow {TR} at (0,2) size 76x23
            RenderTableCell {TD} at (2,2) size 35x23 [r=0 c=0 rs=1 cs=1]
              RenderText {#text} at (1,1) size 33x21
                text run at (1,1) width 33: "Data"
            RenderTableCell {TD} at (39,2) size 35x23 [r=0 c=1 rs=1 cs=1]
              RenderText {#text} at (1,1) size 33x21
                text run at (1,1) width 33: "Data"
          RenderTableRow {TR} at (0,27) size 76x23
            RenderTableCell {TD} at (2,27) size 35x23 [r=1 c=0 rs=1 cs=1]
              RenderText {#text} at (1,1) size 33x21
                text run at (1,1) width 33: "Data"
            RenderTableCell {TD} at (39,27) size 35x23 [r=1 c=1 rs=1 cs=1]
              RenderText {#text} at (1,1) size 33x21
                text run at (1,1) width 33: "Data"
      RenderBlock (anonymous) at (0,653) size 768x21
        RenderText {#text} at (0,0) size 164x21
          text run at (0,0) width 164: "table 5 - table gets wider"
      RenderTable {TABLE} at (5,684) size 142x101 [border: (10px solid #008000)]
        RenderBlock {CAPTION} at (10,0) size 112x27 [border: (3px solid #800080)]
          RenderText {#text} at (22,3) size 50x21
            text run at (22,3) width 50: "caption"
          RenderBlock {INPUT} at (75,9) size 12x12
        RenderTableSection {TBODY} at (10,39) size 122x52
          RenderTableRow {TR} at (0,2) size 122x23
            RenderTableCell {TD} at (2,2) size 35x23 [r=0 c=0 rs=1 cs=1]
              RenderText {#text} at (1,1) size 33x21
                text run at (1,1) width 33: "Data"
            RenderTableCell {TD} at (39,2) size 81x23 [r=0 c=1 rs=1 cs=1]
              RenderText {#text} at (1,1) size 33x21
                text run at (1,1) width 33: "Data"
              RenderText {#text} at (34,1) size 46x21
                text run at (34,1) width 46: "foo foo"
          RenderTableRow {TR} at (0,27) size 122x23
            RenderTableCell {TD} at (2,27) size 35x23 [r=1 c=0 rs=1 cs=1]
              RenderText {#text} at (1,1) size 33x21
                text run at (1,1) width 33: "Data"
            RenderTableCell {TD} at (39,27) size 81x23 [r=1 c=1 rs=1 cs=1]
              RenderText {#text} at (1,1) size 33x21
                text run at (1,1) width 33: "Data"
      RenderBlock (anonymous) at (0,790) size 768x21
        RenderText {#text} at (0,0) size 160x21
          text run at (0,0) width 160: "table 6 - table gets taller"
      RenderTable {TABLE} at (5,821) size 109x126 [border: (10px solid #008000)]
        RenderBlock {CAPTION} at (10,0) size 79x27 [border: (3px solid #800080)]
          RenderText {#text} at (5,3) size 51x21
            text run at (5,3) width 51: "caption"
          RenderBlock {INPUT} at (59,9) size 12x12
        RenderTableSection {TBODY} at (10,39) size 89x77
          RenderTableRow {TR} at (0,2) size 89x23
            RenderTableCell {TD} at (2,2) size 48x23 [r=0 c=0 rs=1 cs=1]
              RenderText {#text} at (1,1) size 33x21
                text run at (1,1) width 33: "Data"
            RenderTableCell {TD} at (52,2) size 35x23 [r=0 c=1 rs=1 cs=1]
              RenderText {#text} at (1,1) size 33x21
                text run at (1,1) width 33: "Data"
          RenderTableRow {TR} at (0,27) size 89x23
            RenderTableCell {TD} at (2,27) size 48x23 [r=1 c=0 rs=1 cs=1]
              RenderText {#text} at (1,1) size 33x21
                text run at (1,1) width 33: "Data"
            RenderTableCell {TD} at (52,27) size 35x23 [r=1 c=1 rs=1 cs=1]
              RenderText {#text} at (1,1) size 33x21
                text run at (1,1) width 33: "Data"
          RenderTableRow {TR} at (0,52) size 89x23
            RenderTableCell {TD} at (2,52) size 48x23 [r=2 c=0 rs=1 cs=1]
              RenderText {#text} at (1,1) size 46x21
                text run at (1,1) width 46: "foo foo"
      RenderBlock (anonymous) at (0,952) size 768x21
        RenderText {#text} at (0,0) size 150x21
          text run at (0,0) width 150: "table 7 - insert caption"
      RenderTable {TABLE} at (5,983) size 96x101 [border: (10px solid #008000)]
        RenderTableSection {TBODY} at (10,39) size 76x52
          RenderTableRow {TR} at (0,2) size 76x23
            RenderTableCell {TD} at (2,2) size 35x23 [r=0 c=0 rs=1 cs=1]
              RenderText {#text} at (1,1) size 33x21
                text run at (1,1) width 33: "Data"
            RenderTableCell {TD} at (39,2) size 35x23 [r=0 c=1 rs=1 cs=1]
              RenderText {#text} at (1,1) size 33x21
                text run at (1,1) width 33: "Data"
          RenderTableRow {TR} at (0,27) size 76x23
            RenderTableCell {TD} at (2,27) size 35x23 [r=1 c=0 rs=1 cs=1]
              RenderText {#text} at (1,1) size 33x21
                text run at (1,1) width 33: "Data"
            RenderTableCell {TD} at (39,27) size 35x23 [r=1 c=1 rs=1 cs=1]
              RenderText {#text} at (1,1) size 33x21
                text run at (1,1) width 33: "Data"
        RenderBlock {CAPTION} at (10,0) size 66x27 [border: (3px solid #800080)]
          RenderText {#text} at (5,3) size 56x21
            text run at (5,3) width 56: "new cap"
      RenderBlock (anonymous) at (0,1089) size 768x21
        RenderText {#text} at (0,0) size 162x21
          text run at (0,0) width 162: "table 8 - remove caption"
      RenderTable {TABLE} at (5,1120) size 96x72 [border: (10px solid #008000)]
        RenderTableSection {TBODY} at (10,10) size 76x52
          RenderTableRow {TR} at (0,2) size 76x23
            RenderTableCell {TD} at (2,2) size 35x23 [r=0 c=0 rs=1 cs=1]
              RenderText {#text} at (1,1) size 33x21
                text run at (1,1) width 33: "Data"
            RenderTableCell {TD} at (39,2) size 35x23 [r=0 c=1 rs=1 cs=1]
              RenderText {#text} at (1,1) size 33x21
                text run at (1,1) width 33: "Data"
          RenderTableRow {TR} at (0,27) size 76x23
            RenderTableCell {TD} at (2,27) size 35x23 [r=1 c=0 rs=1 cs=1]
              RenderText {#text} at (1,1) size 33x21
                text run at (1,1) width 33: "Data"
            RenderTableCell {TD} at (39,27) size 35x23 [r=1 c=1 rs=1 cs=1]
              RenderText {#text} at (1,1) size 33x21
                text run at (1,1) width 33: "Data"
