layer at (0,0) size 784x6081
  RenderView at (0,0) size 784x600
layer at (0,0) size 784x6081
  RenderBlock {HTML} at (0,0) size 784x6081
    RenderBody {BODY} at (8,8) size 768x6065
      RenderBlock (anonymous) at (0,0) size 768x21
        RenderText {#text} at (0,0) size 544x21
          text run at (0,0) width 544: "this fixes a bug - 5.0 allocates colspans from right to left - Nav4.6 goes left to right"
      RenderTable {TABLE} at (0,21) size 272x85 [border: (1px outset #808080)]
        RenderTableSection {TBODY} at (1,1) size 270x83
          RenderTableRow {TR} at (0,2) size 270x25
            RenderTableCell {TD} at (2,2) size 181x25 [border: (1px inset #808080)] [r=0 c=0 rs=1 cs=3]
              RenderText {#text} at (2,2) size 96x21
                text run at (2,2) width 96: "xxxxxxxxxxxx"
            RenderTableCell {TD} at (185,2) size 83x25 [border: (1px inset #808080)] [r=0 c=3 rs=1 cs=1]
              RenderText {#text} at (2,2) size 8x21
                text run at (2,2) width 8: "y"
          RenderTableRow {TR} at (0,29) size 270x25
            RenderTableCell {TD} at (2,29) size 12x25 [border: (1px inset #808080)] [r=1 c=0 rs=1 cs=1]
              RenderText {#text} at (2,2) size 8x21
                text run at (2,2) width 8: "x"
            RenderTableCell {TD} at (16,29) size 82x25 [border: (1px inset #808080)] [r=1 c=1 rs=1 cs=1]
              RenderText {#text} at (2,2) size 8x21
                text run at (2,2) width 8: "x"
            RenderTableCell {TD} at (100,29) size 83x25 [border: (1px inset #808080)] [r=1 c=2 rs=1 cs=1]
              RenderText {#text} at (2,2) size 8x21
                text run at (2,2) width 8: "x"
            RenderTableCell {TD} at (185,29) size 83x25 [border: (1px inset #808080)] [r=1 c=3 rs=1 cs=1]
              RenderText {#text} at (2,2) size 8x21
                text run at (2,2) width 8: "y"
          RenderTableRow {TR} at (0,56) size 270x25
            RenderTableCell {TD} at (2,56) size 12x25 [border: (1px inset #808080)] [r=2 c=0 rs=1 cs=1]
              RenderText {#text} at (2,2) size 8x21
                text run at (2,2) width 8: "x"
            RenderTableCell {TD} at (16,56) size 252x25 [border: (1px inset #808080)] [r=2 c=1 rs=1 cs=3]
              RenderText {#text} at (2,2) size 248x21
                text run at (2,2) width 248: "yyyyyyyyyyyyyyyyyyyyyyyyyyyyyyy"
      RenderBlock (anonymous) at (0,106) size 768x42
        RenderBR {BR} at (0,0) size 0x21
        RenderText {#text} at (0,21) size 568x21
          text run at (0,21) width 568: "this is like the previous one except the relative sizes of the colspan content is reversed"
      RenderTable {TABLE} at (0,148) size 311x85 [bgcolor=#00FF00] [border: (1px outset #808080)]
        RenderTableSection {TBODY} at (1,1) size 309x83
          RenderTableRow {TR} at (0,2) size 309x25
            RenderTableCell {TD} at (2,2) size 268x25 [border: (1px inset #808080)] [r=0 c=0 rs=1 cs=3]
              RenderText {#text} at (2,2) size 264x21
                text run at (2,2) width 264: "xxxxxxxxxxxxxxxxxxxxxxxxxxxxxxxxx"
            RenderTableCell {TD} at (272,2) size 35x25 [border: (1px inset #808080)] [r=0 c=3 rs=1 cs=1]
              RenderText {#text} at (2,2) size 8x21
                text run at (2,2) width 8: "y"
          RenderTableRow {TR} at (0,29) size 309x25
            RenderTableCell {TD} at (2,29) size 39x25 [border: (1px inset #808080)] [r=1 c=0 rs=1 cs=1]
              RenderText {#text} at (2,2) size 8x21
                text run at (2,2) width 8: "x"
            RenderTableCell {TD} at (43,29) size 110x25 [border: (1px inset #808080)] [r=1 c=1 rs=1 cs=1]
              RenderText {#text} at (2,2) size 8x21
                text run at (2,2) width 8: "x"
            RenderTableCell {TD} at (155,29) size 115x25 [border: (1px inset #808080)] [r=1 c=2 rs=1 cs=1]
              RenderText {#text} at (2,2) size 8x21
                text run at (2,2) width 8: "x"
            RenderTableCell {TD} at (272,29) size 35x25 [border: (1px inset #808080)] [r=1 c=3 rs=1 cs=1]
              RenderText {#text} at (2,2) size 8x21
                text run at (2,2) width 8: "y"
          RenderTableRow {TR} at (0,56) size 309x25
            RenderTableCell {TD} at (2,56) size 39x25 [border: (1px inset #808080)] [r=2 c=0 rs=1 cs=1]
              RenderText {#text} at (2,2) size 8x21
                text run at (2,2) width 8: "x"
            RenderTableCell {TD} at (43,56) size 264x25 [border: (1px inset #808080)] [r=2 c=1 rs=1 cs=3]
              RenderText {#text} at (2,2) size 104x21
                text run at (2,2) width 104: "yyyyyyyyyyyyy"
      RenderBlock (anonymous) at (0,233) size 768x21
        RenderBR {BR} at (0,0) size 0x21
      RenderTable {TABLE} at (0,254) size 90x58 [border: (1px outset #808080)]
        RenderTableSection {TBODY} at (1,1) size 88x56
          RenderTableRow {TR} at (0,2) size 88x25
            RenderTableCell {TD} at (2,2) size 84x25 [border: (1px inset #808080)] [r=0 c=0 rs=1 cs=2]
              RenderText {#text} at (2,2) size 80x21
                text run at (2,2) width 80: "xxxxxxxxxx"
          RenderTableRow {TR} at (0,29) size 88x25
            RenderTableCell {TD} at (2,29) size 41x25 [border: (1px inset #808080)] [r=1 c=0 rs=1 cs=1]
              RenderText {#text} at (2,2) size 16x21
                text run at (2,2) width 16: "xx"
            RenderTableCell {TD} at (45,29) size 41x25 [border: (1px inset #808080)] [r=1 c=1 rs=1 cs=1]
              RenderText {#text} at (2,2) size 16x21
                text run at (2,2) width 16: "xx"
      RenderBlock (anonymous) at (0,312) size 768x21
        RenderBR {BR} at (0,0) size 0x21
      RenderTable {TABLE} at (0,333) size 286x85 [bgcolor=#FF0000] [border: (1px outset #808080)]
        RenderTableSection {TBODY} at (1,1) size 284x83
          RenderTableRow {TR} at (0,2) size 284x25
            RenderTableCell {TD} at (2,2) size 153x25 [border: (1px inset #808080)] [r=0 c=0 rs=1 cs=3]
              RenderText {#text} at (2,2) size 48x21
                text run at (2,2) width 48: "xxxxxx"
            RenderTableCell {TD} at (157,2) size 125x25 [border: (1px inset #808080)] [r=0 c=3 rs=1 cs=1]
              RenderText {#text} at (2,2) size 8x21
                text run at (2,2) width 8: "y"
          RenderTableRow {TR} at (0,29) size 284x25
            RenderTableCell {TD} at (2,29) size 12x25 [border: (1px inset #808080)] [r=1 c=0 rs=1 cs=1]
              RenderText {#text} at (2,2) size 8x21
                text run at (2,2) width 8: "x"
            RenderTableCell {TD} at (16,29) size 12x25 [border: (1px inset #808080)] [r=1 c=1 rs=1 cs=1]
              RenderText {#text} at (2,2) size 8x21
                text run at (2,2) width 8: "x"
            RenderTableCell {TD} at (30,29) size 125x25 [border: (1px inset #808080)] [r=1 c=2 rs=1 cs=1]
              RenderText {#text} at (2,2) size 8x21
                text run at (2,2) width 8: "x"
            RenderTableCell {TD} at (157,29) size 125x25 [border: (1px inset #808080)] [r=1 c=3 rs=1 cs=1]
              RenderText {#text} at (2,2) size 8x21
                text run at (2,2) width 8: "y"
          RenderTableRow {TR} at (0,56) size 284x25
            RenderTableCell {TD} at (2,56) size 12x25 [border: (1px inset #808080)] [r=2 c=0 rs=1 cs=1]
              RenderText {#text} at (2,2) size 8x21
                text run at (2,2) width 8: "x"
            RenderTableCell {TD} at (16,56) size 12x25 [border: (1px inset #808080)] [r=2 c=1 rs=1 cs=1]
              RenderText {#text} at (2,2) size 8x21
                text run at (2,2) width 8: "x"
            RenderTableCell {TD} at (30,56) size 252x25 [border: (1px inset #808080)] [r=2 c=2 rs=1 cs=2]
              RenderText {#text} at (2,2) size 248x21
                text run at (2,2) width 248: "yyyyyyyyyyyyyyyyyyyyyyyyyyyyyyy"
      RenderBlock (anonymous) at (0,418) size 768x21
        RenderBR {BR} at (0,0) size 0x21
      RenderTable {TABLE} at (0,439) size 272x85 [border: (1px outset #808080)]
        RenderTableSection {TBODY} at (1,1) size 270x83
          RenderTableRow {TR} at (0,2) size 270x25
            RenderTableCell {TD} at (2,2) size 181x25 [border: (1px inset #808080)] [r=0 c=0 rs=1 cs=3]
              RenderText {#text} at (2,2) size 48x21
                text run at (2,2) width 48: "xxxxxx"
            RenderTableCell {TD} at (185,2) size 83x25 [border: (1px inset #808080)] [r=0 c=3 rs=1 cs=1]
              RenderText {#text} at (2,2) size 8x21
                text run at (2,2) width 8: "y"
          RenderTableRow {TR} at (0,29) size 270x25
            RenderTableCell {TD} at (2,29) size 12x25 [border: (1px inset #808080)] [r=1 c=0 rs=1 cs=1]
              RenderText {#text} at (2,2) size 8x21
                text run at (2,2) width 8: "x"
            RenderTableCell {TD} at (16,29) size 82x25 [border: (1px inset #808080)] [r=1 c=1 rs=1 cs=1]
              RenderText {#text} at (2,2) size 8x21
                text run at (2,2) width 8: "x"
            RenderTableCell {TD} at (100,29) size 83x25 [border: (1px inset #808080)] [r=1 c=2 rs=1 cs=1]
              RenderText {#text} at (2,2) size 8x21
                text run at (2,2) width 8: "x"
            RenderTableCell {TD} at (185,29) size 83x25 [border: (1px inset #808080)] [r=1 c=3 rs=1 cs=1]
              RenderText {#text} at (2,2) size 8x21
                text run at (2,2) width 8: "y"
          RenderTableRow {TR} at (0,56) size 270x25
            RenderTableCell {TD} at (2,56) size 12x25 [border: (1px inset #808080)] [r=2 c=0 rs=1 cs=1]
              RenderText {#text} at (2,2) size 8x21
                text run at (2,2) width 8: "x"
            RenderTableCell {TD} at (16,56) size 252x25 [border: (1px inset #808080)] [r=2 c=1 rs=1 cs=3]
              RenderText {#text} at (2,2) size 248x21
                text run at (2,2) width 248: "yyyyyyyyyyyyyyyyyyyyyyyyyyyyyyy"
      RenderBlock (anonymous) at (0,524) size 768x21
        RenderBR {BR} at (0,0) size 0x21
      RenderTable {TABLE} at (0,545) size 272x85 [bgcolor=#FFA500] [border: (1px outset #808080)]
        RenderTableSection {TBODY} at (1,1) size 270x83
          RenderTableRow {TR} at (0,2) size 270x25
            RenderTableCell {TD} at (2,2) size 181x25 [border: (1px inset #808080)] [r=0 c=0 rs=1 cs=3]
              RenderText {#text} at (2,2) size 136x21
                text run at (2,2) width 136: "yyyyyyyyyyyyyyyyy"
            RenderTableCell {TD} at (185,2) size 83x25 [border: (1px inset #808080)] [r=0 c=3 rs=1 cs=1]
              RenderText {#text} at (2,2) size 8x21
                text run at (2,2) width 8: "y"
          RenderTableRow {TR} at (0,29) size 270x25
            RenderTableCell {TD} at (2,29) size 12x25 [border: (1px inset #808080)] [r=1 c=0 rs=1 cs=1]
              RenderText {#text} at (2,2) size 8x21
                text run at (2,2) width 8: "x"
            RenderTableCell {TD} at (16,29) size 82x25 [border: (1px inset #808080)] [r=1 c=1 rs=1 cs=1]
              RenderText {#text} at (2,2) size 8x21
                text run at (2,2) width 8: "x"
            RenderTableCell {TD} at (100,29) size 83x25 [border: (1px inset #808080)] [r=1 c=2 rs=1 cs=1]
              RenderText {#text} at (2,2) size 8x21
                text run at (2,2) width 8: "x"
            RenderTableCell {TD} at (185,29) size 83x25 [border: (1px inset #808080)] [r=1 c=3 rs=1 cs=1]
              RenderText {#text} at (2,2) size 8x21
                text run at (2,2) width 8: "y"
          RenderTableRow {TR} at (0,56) size 270x25
            RenderTableCell {TD} at (2,56) size 12x25 [border: (1px inset #808080)] [r=2 c=0 rs=1 cs=1]
              RenderText {#text} at (2,2) size 8x21
                text run at (2,2) width 8: "x"
            RenderTableCell {TD} at (16,56) size 252x25 [border: (1px inset #808080)] [r=2 c=1 rs=1 cs=3]
              RenderText {#text} at (2,2) size 248x21
                text run at (2,2) width 248: "yyyyyyyyyyyyyyyyyyyyyyyyyyyyyyy"
      RenderBlock (anonymous) at (0,630) size 768x21
        RenderBR {BR} at (0,0) size 0x21
      RenderTable {TABLE} at (0,651) size 170x58 [bgcolor=#FFFF00] [border: (1px outset #808080)]
        RenderTableSection {TBODY} at (1,1) size 168x56
          RenderTableRow {TR} at (0,2) size 168x25
            RenderTableCell {TD} at (2,2) size 164x25 [border: (1px inset #808080)] [r=0 c=0 rs=1 cs=3]
              RenderText {#text} at (2,2) size 136x21
                text run at (2,2) width 136: "xxxxxxxxxxxxxxxxx"
          RenderTableRow {TR} at (0,29) size 168x25
            RenderTableCell {TD} at (2,29) size 104x25 [border: (1px inset #808080)] [r=1 c=0 rs=1 cs=1]
              RenderText {#text} at (2,2) size 21x21
                text run at (2,2) width 21: "foo"
            RenderTableCell {TD} at (108,29) size 28x25 [border: (1px inset #808080)] [r=1 c=1 rs=1 cs=1]
              RenderText {#text} at (2,2) size 24x21
                text run at (2,2) width 24: "bar"
            RenderTableCell {TD} at (138,29) size 28x25 [border: (1px inset #808080)] [r=1 c=2 rs=1 cs=1]
              RenderText {#text} at (2,2) size 24x21
                text run at (2,2) width 24: "zap"
      RenderBlock (anonymous) at (0,709) size 768x21
        RenderBR {BR} at (0,0) size 0x21
      RenderTable {TABLE} at (0,730) size 400x58 [border: (1px outset #808080)]
        RenderTableSection {TBODY} at (1,1) size 398x56
          RenderTableRow {TR} at (0,2) size 398x25
            RenderTableCell {TD} at (2,2) size 394x25 [border: (1px inset #808080)] [r=0 c=0 rs=1 cs=3]
              RenderText {#text} at (2,2) size 136x21
                text run at (2,2) width 136: "xxxxxxxxxxxxxxxxx"
          RenderTableRow {TR} at (0,29) size 398x25
            RenderTableCell {TD} at (2,29) size 104x25 [border: (1px inset #808080)] [r=1 c=0 rs=1 cs=1]
              RenderText {#text} at (2,2) size 21x21
                text run at (2,2) width 21: "foo"
            RenderTableCell {TD} at (108,29) size 143x25 [border: (1px inset #808080)] [r=1 c=1 rs=1 cs=1]
              RenderText {#text} at (2,2) size 24x21
                text run at (2,2) width 24: "bar"
            RenderTableCell {TD} at (253,29) size 143x25 [border: (1px inset #808080)] [r=1 c=2 rs=1 cs=1]
              RenderText {#text} at (2,2) size 24x21
                text run at (2,2) width 24: "zap"
      RenderBlock (anonymous) at (0,788) size 768x21
        RenderBR {BR} at (0,0) size 0x21
      RenderTable {TABLE} at (0,809) size 146x58 [bgcolor=#0000FF] [border: (1px outset #808080)]
        RenderTableSection {TBODY} at (1,1) size 144x56
          RenderTableRow {TR} at (0,2) size 144x25
            RenderTableCell {TD} at (2,2) size 140x25 [border: (1px inset #808080)] [r=0 c=0 rs=1 cs=3]
              RenderText {#text} at (2,2) size 136x21
                text run at (2,2) width 136: "xxxxxxxxxxxxxxxxx"
          RenderTableRow {TR} at (0,29) size 144x25
            RenderTableCell {TD} at (2,29) size 41x25 [border: (1px inset #808080)] [r=1 c=0 rs=1 cs=1]
              RenderText {#text} at (2,2) size 21x21
                text run at (2,2) width 21: "foo"
            RenderTableCell {TD} at (45,29) size 47x25 [border: (1px inset #808080)] [r=1 c=1 rs=1 cs=1]
              RenderText {#text} at (2,2) size 24x21
                text run at (2,2) width 24: "bar"
            RenderTableCell {TD} at (94,29) size 48x25 [border: (1px inset #808080)] [r=1 c=2 rs=1 cs=1]
              RenderText {#text} at (2,2) size 24x21
                text run at (2,2) width 24: "zap"
      RenderBlock (anonymous) at (0,867) size 768x21
        RenderBR {BR} at (0,0) size 0x21
      RenderBlock {HR} at (0,896) size 202x2 [border: (1px inset #000000)]
      RenderTable {TABLE} at (0,906) size 210x58 [border: (1px outset #808080)]
        RenderTableSection {TBODY} at (1,1) size 208x56
          RenderTableRow {TR} at (0,2) size 208x25
            RenderTableCell {TD} at (2,2) size 54x25 [border: (1px inset #808080)] [r=0 c=0 rs=1 cs=1]
              RenderText {#text} at (2,2) size 16x21
                text run at (2,2) width 16: "50"
            RenderTableCell {TD} at (58,2) size 54x25 [border: (1px inset #808080)] [r=0 c=1 rs=1 cs=1]
              RenderText {#text} at (2,2) size 16x21
                text run at (2,2) width 16: "50"
            RenderTableCell {TD} at (114,2) size 92x25 [border: (1px inset #808080)] [r=0 c=2 rs=1 cs=1]
              RenderText {#text} at (2,2) size 30x21
                text run at (2,2) width 30: "auto"
          RenderTableRow {TR} at (0,29) size 208x25
            RenderTableCell {TD} at (2,29) size 204x25 [border: (1px inset #808080)] [r=1 c=0 rs=1 cs=3]
              RenderText {#text} at (2,2) size 53x21
                text run at (2,2) width 53: "200CS3"
      RenderBlock (anonymous) at (0,964) size 768x21
        RenderBR {BR} at (0,0) size 0x21
      RenderBlock {HR} at (0,993) size 202x2 [border: (1px inset #000000)]
      RenderTable {TABLE} at (0,1003) size 210x58 [border: (1px outset #808080)]
        RenderTableSection {TBODY} at (1,1) size 208x56
          RenderTableRow {TR} at (0,2) size 208x25
            RenderTableCell {TD} at (2,2) size 54x25 [border: (1px inset #808080)] [r=0 c=0 rs=1 cs=1]
              RenderText {#text} at (2,2) size 16x21
                text run at (2,2) width 16: "50"
            RenderTableCell {TD} at (58,2) size 148x25 [border: (1px inset #808080)] [r=0 c=1 rs=1 cs=1]
              RenderText {#text} at (2,2) size 30x21
                text run at (2,2) width 30: "auto"
          RenderTableRow {TR} at (0,29) size 208x25
            RenderTableCell {TD} at (2,29) size 204x25 [border: (1px inset #808080)] [r=1 c=0 rs=1 cs=2]
              RenderText {#text} at (2,2) size 53x21
                text run at (2,2) width 53: "200CS2"
      RenderBlock (anonymous) at (0,1061) size 768x21
        RenderBR {BR} at (0,0) size 0x21
      RenderTable {TABLE} at (0,1082) size 210x58 [bgcolor=#00FF00] [border: (1px outset #808080)]
        RenderTableSection {TBODY} at (1,1) size 208x56
          RenderTableRow {TR} at (0,2) size 208x25
            RenderTableCell {TD} at (2,2) size 101x25 [border: (1px inset #808080)] [r=0 c=0 rs=1 cs=1]
              RenderText {#text} at (2,2) size 21x21
                text run at (2,2) width 21: "foo"
            RenderTableCell {TD} at (105,2) size 101x25 [border: (1px inset #808080)] [r=0 c=1 rs=1 cs=1]
              RenderText {#text} at (2,2) size 21x21
                text run at (2,2) width 21: "foo"
          RenderTableRow {TR} at (0,29) size 208x25
            RenderTableCell {TD} at (2,29) size 204x25 [border: (1px inset #808080)] [r=1 c=0 rs=1 cs=2]
              RenderText {#text} at (2,2) size 21x21
                text run at (2,2) width 21: "foo"
      RenderBlock (anonymous) at (0,1140) size 768x21
        RenderBR {BR} at (0,0) size 0x21
      RenderTable {TABLE} at (0,1161) size 622x137 [bgcolor=#EE82EE] [border: (1px outset #808080)]
        RenderTableSection {TBODY} at (1,1) size 620x135
          RenderTableRow {TR} at (0,2) size 620x104
            RenderTableCell {TD} at (2,2) size 616x104 [border: (1px inset #808080)] [r=0 c=0 rs=1 cs=3]
              RenderImage {IMG} at (2,2) size 600x100
          RenderTableRow {TR} at (0,108) size 620x25
            RenderTableCell {TD} at (2,108) size 104x25 [border: (1px inset #808080)] [r=1 c=0 rs=1 cs=1]
              RenderText {#text} at (2,2) size 24x21
                text run at (2,2) width 24: "100"
            RenderTableCell {TD} at (108,108) size 104x25 [border: (1px inset #808080)] [r=1 c=1 rs=1 cs=1]
              RenderText {#text} at (2,2) size 24x21
                text run at (2,2) width 24: "100"
            RenderTableCell {TD} at (214,108) size 404x25 [border: (1px inset #808080)] [r=1 c=2 rs=1 cs=1]
              RenderText {#text} at (2,2) size 24x21
                text run at (2,2) width 24: "400"
      RenderBlock (anonymous) at (0,1298) size 768x21
        RenderBR {BR} at (0,0) size 0x21
      RenderTable {TABLE} at (0,1319) size 646x58 [border: (1px outset #808080)]
        RenderTableSection {TBODY} at (1,1) size 644x56
          RenderTableRow {TR} at (0,2) size 644x25
            RenderTableCell {TD} at (2,2) size 604x25 [border: (1px inset #808080)] [r=0 c=0 rs=1 cs=3]
              RenderText {#text} at (2,2) size 24x21
                text run at (2,2) width 24: "600"
            RenderTableCell {TD} at (608,2) size 34x25 [border: (1px inset #808080)] [r=0 c=3 rs=1 cs=1]
              RenderText {#text} at (2,2) size 30x21
                text run at (2,2) width 30: "auto"
          RenderTableRow {TR} at (0,29) size 644x25
            RenderTableCell {TD} at (2,29) size 200x25 [border: (1px inset #808080)] [r=1 c=0 rs=1 cs=1]
              RenderText {#text} at (2,2) size 30x21
                text run at (2,2) width 30: "auto"
            RenderTableCell {TD} at (204,29) size 200x25 [border: (1px inset #808080)] [r=1 c=1 rs=1 cs=1]
              RenderText {#text} at (2,2) size 30x21
                text run at (2,2) width 30: "auto"
            RenderTableCell {TD} at (406,29) size 200x25 [border: (1px inset #808080)] [r=1 c=2 rs=1 cs=1]
              RenderText {#text} at (2,2) size 30x21
                text run at (2,2) width 30: "auto"
            RenderTableCell {TD} at (608,29) size 34x25 [border: (1px inset #808080)] [r=1 c=3 rs=1 cs=1]
              RenderText {#text} at (2,2) size 30x21
                text run at (2,2) width 30: "auto"
      RenderBlock (anonymous) at (0,1377) size 768x21
        RenderText {#text} at (0,0) size 307x21
          text run at (0,0) width 307: "fixed table - spanned cols based on fix widths "
        RenderBR {BR} at (307,16) size 0x0
      RenderBlock {HR} at (0,1406) size 402x2 [border: (1px inset #000000)]
      RenderTable {TABLE} at (0,1416) size 534x67 [bgcolor=#FFA500] [border: (1px outset #808080)]
        RenderTableSection {TBODY} at (1,1) size 532x65
          RenderTableRow {TR} at (0,5) size 532x25
            RenderTableCell {TD} at (5,5) size 413x25 [border: (1px inset #808080)] [r=0 c=0 rs=1 cs=2]
              RenderText {#text} at (2,2) size 53x21
                text run at (2,2) width 53: "400CS2"
            RenderTableCell {TD} at (423,5) size 104x25 [border: (1px inset #808080)] [r=0 c=2 rs=1 cs=1]
              RenderText {#text} at (2,2) size 24x21
                text run at (2,2) width 24: "100"
          RenderTableRow {TR} at (0,35) size 532x25
            RenderTableCell {TD} at (5,35) size 104x25 [border: (1px inset #808080)] [r=1 c=0 rs=1 cs=1]
              RenderText {#text} at (2,2) size 24x21
                text run at (2,2) width 24: "100"
            RenderTableCell {TD} at (114,35) size 304x25 [border: (1px inset #808080)] [r=1 c=1 rs=1 cs=1]
              RenderText {#text} at (2,2) size 24x21
                text run at (2,2) width 24: "300"
            RenderTableCell {TD} at (423,35) size 104x25 [border: (1px inset #808080)] [r=1 c=2 rs=1 cs=1]
              RenderText {#text} at (2,2) size 30x21
                text run at (2,2) width 30: "auto"
      RenderBlock (anonymous) at (0,1483) size 768x21
        RenderBR {BR} at (0,0) size 0x21
      RenderTable {TABLE} at (0,1504) size 359x67 [bgcolor=#808080] [border: (1px outset #808080)]
        RenderTableSection {TBODY} at (1,1) size 357x65
          RenderTableRow {TR} at (0,5) size 357x25
            RenderTableCell {TD} at (5,5) size 238x25 [border: (1px inset #808080)] [r=0 c=0 rs=1 cs=2]
              RenderText {#text} at (2,2) size 234x21
                text run at (2,2) width 234: "auto auto auto auto auto auto auto"
            RenderTableCell {TD} at (248,5) size 104x25 [border: (1px inset #808080)] [r=0 c=2 rs=1 cs=1]
              RenderText {#text} at (2,2) size 24x21
                text run at (2,2) width 24: "100"
          RenderTableRow {TR} at (0,35) size 357x25
            RenderTableCell {TD} at (5,35) size 77x25 [border: (1px inset #808080)] [r=1 c=0 rs=1 cs=1]
              RenderText {#text} at (2,2) size 30x21
                text run at (2,2) width 30: "auto"
            RenderTableCell {TD} at (87,35) size 156x25 [border: (1px inset #808080)] [r=1 c=1 rs=1 cs=1]
              RenderText {#text} at (2,2) size 64x21
                text run at (2,2) width 64: "auto auto"
            RenderTableCell {TD} at (248,35) size 104x25 [border: (1px inset #808080)] [r=1 c=2 rs=1 cs=1]
              RenderText {#text} at (2,2) size 30x21
                text run at (2,2) width 30: "auto"
      RenderBlock (anonymous) at (0,1571) size 768x21
        RenderBR {BR} at (0,0) size 0x21
      RenderTable {TABLE} at (0,1592) size 359x67 [bgcolor=#00FF00] [border: (1px outset #808080)]
        RenderTableSection {TBODY} at (1,1) size 357x65
          RenderTableRow {TR} at (0,5) size 357x25
            RenderTableCell {TD} at (5,5) size 238x25 [border: (1px inset #808080)] [r=0 c=0 rs=1 cs=2]
              RenderText {#text} at (2,2) size 234x21
                text run at (2,2) width 234: "auto auto auto auto auto auto auto"
            RenderTableCell {TD} at (248,5) size 104x25 [border: (1px inset #808080)] [r=0 c=2 rs=1 cs=1]
              RenderText {#text} at (2,2) size 24x21
                text run at (2,2) width 24: "100"
          RenderTableRow {TR} at (0,35) size 357x25
            RenderTableCell {TD} at (5,35) size 104x25 [border: (1px inset #808080)] [r=1 c=0 rs=1 cs=1]
              RenderText {#text} at (2,2) size 24x21
                text run at (2,2) width 24: "100"
            RenderTableCell {TD} at (114,35) size 129x25 [border: (1px inset #808080)] [r=1 c=1 rs=1 cs=1]
              RenderText {#text} at (2,2) size 64x21
                text run at (2,2) width 64: "auto auto"
            RenderTableCell {TD} at (248,35) size 104x25 [border: (1px inset #808080)] [r=1 c=2 rs=1 cs=1]
              RenderText {#text} at (2,2) size 30x21
                text run at (2,2) width 30: "auto"
      RenderBlock (anonymous) at (0,1659) size 768x21
        RenderBR {BR} at (0,0) size 0x21
      RenderTable {TABLE} at (0,1680) size 359x67 [border: (1px outset #808080)]
        RenderTableSection {TBODY} at (1,1) size 357x65
          RenderTableRow {TR} at (0,5) size 357x25
            RenderTableCell {TD} at (5,5) size 238x25 [border: (1px inset #808080)] [r=0 c=0 rs=1 cs=2]
              RenderText {#text} at (2,2) size 234x21
                text run at (2,2) width 234: "auto auto auto auto auto auto auto"
            RenderTableCell {TD} at (248,5) size 104x25 [border: (1px inset #808080)] [r=0 c=2 rs=1 cs=1]
              RenderText {#text} at (2,2) size 24x21
                text run at (2,2) width 24: "100"
          RenderTableRow {TR} at (0,35) size 357x25
            RenderTableCell {TD} at (5,35) size 104x25 [border: (1px inset #808080)] [r=1 c=0 rs=1 cs=1]
              RenderText {#text} at (2,2) size 24x21
                text run at (2,2) width 24: "100"
            RenderTableCell {TD} at (114,35) size 129x25 [border: (1px inset #808080)] [r=1 c=1 rs=1 cs=1]
              RenderText {#text} at (2,2) size 98x21
                text run at (2,2) width 98: "auto auto auto"
            RenderTableCell {TD} at (248,35) size 104x25 [border: (1px inset #808080)] [r=1 c=2 rs=1 cs=1]
              RenderText {#text} at (2,2) size 30x21
                text run at (2,2) width 30: "auto"
      RenderBlock (anonymous) at (0,1747) size 768x21
        RenderBR {BR} at (0,0) size 0x21
      RenderTable {TABLE} at (0,1768) size 400x67 [border: (1px outset #808080)]
        RenderTableSection {TBODY} at (1,1) size 398x65
          RenderTableRow {TR} at (0,5) size 398x25
            RenderTableCell {TD} at (5,5) size 279x25 [border: (1px inset #808080)] [r=0 c=0 rs=1 cs=2]
              RenderText {#text} at (2,2) size 234x21
                text run at (2,2) width 234: "auto auto auto auto auto auto auto"
            RenderTableCell {TD} at (289,5) size 104x25 [border: (1px inset #808080)] [r=0 c=2 rs=1 cs=1]
              RenderText {#text} at (2,2) size 24x21
                text run at (2,2) width 24: "100"
          RenderTableRow {TR} at (0,35) size 398x25
            RenderTableCell {TD} at (5,35) size 104x25 [border: (1px inset #808080)] [r=1 c=0 rs=1 cs=1]
              RenderText {#text} at (2,2) size 24x21
                text run at (2,2) width 24: "100"
            RenderTableCell {TD} at (114,35) size 170x25 [border: (1px inset #808080)] [r=1 c=1 rs=1 cs=1]
              RenderText {#text} at (2,2) size 166x21
                text run at (2,2) width 166: "auto auto auto auto auto"
            RenderTableCell {TD} at (289,35) size 104x25 [border: (1px inset #808080)] [r=1 c=2 rs=1 cs=1]
              RenderText {#text} at (2,2) size 30x21
                text run at (2,2) width 30: "auto"
      RenderBlock (anonymous) at (0,1835) size 768x21
        RenderBR {BR} at (0,0) size 0x21
      RenderTable {TABLE} at (0,1856) size 366x88 [border: (1px outset #808080)]
        RenderTableSection {TBODY} at (1,1) size 364x86
          RenderTableRow {TR} at (0,5) size 364x25
            RenderTableCell {TD} at (5,5) size 245x25 [border: (1px inset #808080)] [r=0 c=0 rs=1 cs=2]
              RenderText {#text} at (2,2) size 234x21
                text run at (2,2) width 234: "auto auto auto auto auto auto auto"
            RenderTableCell {TD} at (255,5) size 104x25 [border: (1px inset #808080)] [r=0 c=2 rs=1 cs=1]
              RenderText {#text} at (2,2) size 24x21
                text run at (2,2) width 24: "100"
          RenderTableRow {TR} at (0,35) size 364x46
            RenderTableCell {TD} at (5,35) size 104x46 [border: (1px inset #808080)] [r=1 c=0 rs=1 cs=1]
              RenderText {#text} at (2,2) size 80x42
                text run at (2,2) width 80: "100 100 100"
                text run at (2,23) width 24: "100"
            RenderTableCell {TD} at (114,45) size 136x25 [border: (1px inset #808080)] [r=1 c=1 rs=1 cs=1]
              RenderText {#text} at (2,2) size 132x21
                text run at (2,2) width 132: "auto auto auto auto"
            RenderTableCell {TD} at (255,45) size 104x25 [border: (1px inset #808080)] [r=1 c=2 rs=1 cs=1]
              RenderText {#text} at (2,2) size 30x21
                text run at (2,2) width 30: "auto"
      RenderBlock (anonymous) at (0,1944) size 768x21
        RenderBR {BR} at (0,0) size 0x21
      RenderTable {TABLE} at (0,1965) size 270x151 [border: (1px outset #808080)]
        RenderTableSection {TBODY} at (1,1) size 268x149
          RenderTableRow {TR} at (0,5) size 268x46
            RenderTableCell {TD} at (5,5) size 149x46 [border: (1px inset #808080)] [r=0 c=0 rs=1 cs=2]
              RenderText {#text} at (2,2) size 132x42
                text run at (2,2) width 132: "auto auto auto auto"
                text run at (2,23) width 98: "auto auto auto"
            RenderTableCell {TD} at (159,15) size 104x25 [border: (1px inset #808080)] [r=0 c=2 rs=1 cs=1]
              RenderText {#text} at (2,2) size 24x21
                text run at (2,2) width 24: "100"
          RenderTableRow {TR} at (0,56) size 268x88
            RenderTableCell {TD} at (5,77) size 104x46 [border: (1px inset #808080)] [r=1 c=0 rs=1 cs=1]
              RenderText {#text} at (2,2) size 80x42
                text run at (2,2) width 80: "100 100 100"
                text run at (2,23) width 24: "100"
            RenderTableCell {TD} at (114,56) size 40x88 [border: (1px inset #808080)] [r=1 c=1 rs=1 cs=1]
              RenderText {#text} at (2,2) size 30x84
                text run at (2,2) width 30: "auto"
                text run at (2,23) width 30: "auto"
                text run at (2,44) width 30: "auto"
                text run at (2,65) width 30: "auto"
            RenderTableCell {TD} at (159,87) size 104x25 [border: (1px inset #808080)] [r=1 c=2 rs=1 cs=1]
              RenderText {#text} at (2,2) size 30x21
                text run at (2,2) width 30: "auto"
      RenderBlock (anonymous) at (0,2116) size 768x21
        RenderBR {BR} at (0,0) size 0x21
      RenderTable {TABLE} at (0,2137) size 500x67 [bgcolor=#A52A2A] [border: (1px outset #808080)]
        RenderTableSection {TBODY} at (1,1) size 498x65
          RenderTableRow {TR} at (0,5) size 498x25
            RenderTableCell {TD} at (5,5) size 387x25 [border: (1px inset #808080)] [r=0 c=0 rs=1 cs=2]
              RenderText {#text} at (2,2) size 212x21
                text run at (2,2) width 212: "80% 80% 80% 80% 80% 80%"
            RenderTableCell {TD} at (397,5) size 96x25 [border: (1px inset #808080)] [r=0 c=2 rs=1 cs=1]
              RenderText {#text} at (2,2) size 30x21
                text run at (2,2) width 30: "auto"
          RenderTableRow {TR} at (0,35) size 498x25
            RenderTableCell {TD} at (5,35) size 288x25 [border: (1px inset #808080)] [r=1 c=0 rs=1 cs=1]
              RenderText {#text} at (2,2) size 24x21
                text run at (2,2) width 24: "100"
            RenderTableCell {TD} at (298,35) size 94x25 [border: (1px inset #808080)] [r=1 c=1 rs=1 cs=1]
              RenderText {#text} at (2,2) size 30x21
                text run at (2,2) width 30: "auto"
            RenderTableCell {TD} at (397,35) size 96x25 [border: (1px inset #808080)] [r=1 c=2 rs=1 cs=1]
              RenderText {#text} at (2,2) size 30x21
                text run at (2,2) width 30: "auto"
      RenderBlock (anonymous) at (0,2204) size 768x21
        RenderBR {BR} at (0,0) size 0x21
      RenderTable {TABLE} at (0,2225) size 500x67 [border: (1px outset #808080)]
        RenderTableSection {TBODY} at (1,1) size 498x65
          RenderTableRow {TR} at (0,5) size 498x25
            RenderTableCell {TD} at (5,5) size 386x25 [border: (1px inset #808080)] [r=0 c=0 rs=1 cs=2]
              RenderText {#text} at (2,2) size 212x21
                text run at (2,2) width 212: "80% 80% 80% 80% 80% 80%"
            RenderTableCell {TD} at (396,5) size 97x25 [border: (1px inset #808080)] [r=0 c=2 rs=1 cs=1]
              RenderText {#text} at (2,2) size 30x21
                text run at (2,2) width 30: "auto"
          RenderTableRow {TR} at (0,35) size 498x25
            RenderTableCell {TD} at (5,35) size 97x25 [border: (1px inset #808080)] [r=1 c=0 rs=1 cs=1]
              RenderText {#text} at (2,2) size 24x21
                text run at (2,2) width 24: "100"
            RenderTableCell {TD} at (107,35) size 284x25 [border: (1px inset #808080)] [r=1 c=1 rs=1 cs=1]
              RenderText {#text} at (2,2) size 24x21
                text run at (2,2) width 24: "300"
            RenderTableCell {TD} at (396,35) size 97x25 [border: (1px inset #808080)] [r=1 c=2 rs=1 cs=1]
              RenderText {#text} at (2,2) size 30x21
                text run at (2,2) width 30: "auto"
      RenderBlock (anonymous) at (0,2292) size 768x21
        RenderBR {BR} at (0,0) size 0x21
      RenderTable {TABLE} at (0,2313) size 500x67 [bgcolor=#808080] [border: (1px outset #808080)]
        RenderTableSection {TBODY} at (1,1) size 498x65
          RenderTableRow {TR} at (0,5) size 498x25
            RenderTableCell {TD} at (5,5) size 449x25 [border: (1px inset #808080)] [r=0 c=0 rs=1 cs=2]
              RenderText {#text} at (2,2) size 212x21
                text run at (2,2) width 212: "80% 80% 80% 80% 80% 80%"
            RenderTableCell {TD} at (459,5) size 34x25 [border: (1px inset #808080)] [r=0 c=2 rs=1 cs=1]
              RenderText {#text} at (2,2) size 30x21
                text run at (2,2) width 30: "auto"
          RenderTableRow {TR} at (0,35) size 498x25
            RenderTableCell {TD} at (5,35) size 148x25 [border: (1px inset #808080)] [r=1 c=0 rs=1 cs=1]
              RenderText {#text} at (2,2) size 32x21
                text run at (2,2) width 32: "33%"
            RenderTableCell {TD} at (158,35) size 296x25 [border: (1px inset #808080)] [r=1 c=1 rs=1 cs=1]
              RenderText {#text} at (2,2) size 32x21
                text run at (2,2) width 32: "66%"
            RenderTableCell {TD} at (459,35) size 34x25 [border: (1px inset #808080)] [r=1 c=2 rs=1 cs=1]
              RenderText {#text} at (2,2) size 30x21
                text run at (2,2) width 30: "auto"
      RenderTable {TABLE} at (0,2380) size 500x88 [bgcolor=#FFFF00] [border: (1px outset #808080)]
        RenderTableSection {TBODY} at (1,1) size 498x86
          RenderTableRow {TR} at (0,5) size 498x25
            RenderTableCell {TD} at (5,5) size 449x25 [border: (1px inset #808080)] [r=0 c=0 rs=1 cs=2]
              RenderText {#text} at (2,2) size 212x21
                text run at (2,2) width 212: "30% 30% 30% 30% 30% 30%"
            RenderTableCell {TD} at (459,5) size 34x25 [border: (1px inset #808080)] [r=0 c=2 rs=1 cs=1]
              RenderText {#text} at (2,2) size 30x21
                text run at (2,2) width 30: "auto"
          RenderTableRow {TR} at (0,35) size 498x46
            RenderTableCell {TD} at (5,35) size 148x46 [border: (1px inset #808080)] [r=1 c=0 rs=1 cs=1]
              RenderText {#text} at (2,2) size 140x42
                text run at (2,2) width 140: "33% 33% 33% 33%"
                text run at (2,23) width 104: "33% 33% 33%"
            RenderTableCell {TD} at (158,45) size 296x25 [border: (1px inset #808080)] [r=1 c=1 rs=1 cs=1]
              RenderText {#text} at (2,2) size 32x21
                text run at (2,2) width 32: "66%"
            RenderTableCell {TD} at (459,45) size 34x25 [border: (1px inset #808080)] [r=1 c=2 rs=1 cs=1]
              RenderText {#text} at (2,2) size 30x21
                text run at (2,2) width 30: "auto"
      RenderBlock (anonymous) at (0,2468) size 768x42
        RenderBR {BR} at (0,0) size 0x21
        RenderText {#text} at (0,21) size 174x21
          text run at (0,21) width 174: "PERCENT COLSPANS "
        RenderBR {BR} at (174,37) size 0x0
      RenderTable {TABLE} at (0,2510) size 500x67 [border: (1px outset #808080)]
        RenderTableSection {TBODY} at (1,1) size 498x65
          RenderTableRow {TR} at (0,5) size 498x25
            RenderTableCell {TD} at (5,5) size 367x25 [border: (1px inset #808080)] [r=0 c=0 rs=1 cs=2]
              RenderText {#text} at (2,2) size 212x21
                text run at (2,2) width 212: "90% 80% 80% 80% 80% 80%"
            RenderTableCell {TD} at (377,5) size 116x25 [border: (1px inset #808080)] [r=0 c=2 rs=1 cs=1]
              RenderText {#text} at (2,2) size 30x21
                text run at (2,2) width 30: "auto"
          RenderTableRow {TR} at (0,35) size 498x25
            RenderTableCell {TD} at (5,35) size 47x25 [border: (1px inset #808080)] [r=1 c=0 rs=1 cs=1]
              RenderText {#text} at (2,2) size 32x21
                text run at (2,2) width 32: "10%"
            RenderTableCell {TD} at (57,35) size 315x25 [border: (1px inset #808080)] [r=1 c=1 rs=1 cs=1]
              RenderText {#text} at (2,2) size 32x21
                text run at (2,2) width 32: "66%"
            RenderTableCell {TD} at (377,35) size 116x25 [border: (1px inset #808080)] [r=1 c=2 rs=1 cs=1]
              RenderText {#text} at (2,2) size 30x21
                text run at (2,2) width 30: "auto"
      RenderBlock (anonymous) at (0,2577) size 768x21
        RenderBR {BR} at (0,0) size 0x21
      RenderTable {TABLE} at (0,2598) size 500x88 [border: (1px outset #808080)]
        RenderTableSection {TBODY} at (1,1) size 498x86
          RenderTableRow {TR} at (0,5) size 498x25
            RenderTableCell {TD} at (5,5) size 449x25 [border: (1px inset #808080)] [r=0 c=0 rs=1 cs=2]
              RenderText {#text} at (2,2) size 212x21
                text run at (2,2) width 212: "90% 80% 80% 80% 80% 80%"
            RenderTableCell {TD} at (459,5) size 34x25 [border: (1px inset #808080)] [r=0 c=2 rs=1 cs=1]
              RenderText {#text} at (2,2) size 30x21
                text run at (2,2) width 30: "auto"
          RenderTableRow {TR} at (0,35) size 498x46
            RenderTableCell {TD} at (5,35) size 148x46 [border: (1px inset #808080)] [r=1 c=0 rs=1 cs=1]
              RenderText {#text} at (2,2) size 140x42
                text run at (2,2) width 140: "33% 33% 33% 33%"
                text run at (2,23) width 104: "33% 33% 33%"
            RenderTableCell {TD} at (158,45) size 296x25 [border: (1px inset #808080)] [r=1 c=1 rs=1 cs=1]
              RenderText {#text} at (2,2) size 32x21
                text run at (2,2) width 32: "66%"
            RenderTableCell {TD} at (459,45) size 34x25 [border: (1px inset #808080)] [r=1 c=2 rs=1 cs=1]
              RenderText {#text} at (2,2) size 30x21
                text run at (2,2) width 30: "auto"
      RenderBlock (anonymous) at (0,2686) size 768x21
        RenderBR {BR} at (0,0) size 0x21
      RenderTable {TABLE} at (0,2707) size 500x88 [border: (1px outset #808080)]
        RenderTableSection {TBODY} at (1,1) size 498x86
          RenderTableRow {TR} at (0,5) size 498x25
            RenderTableCell {TD} at (5,5) size 449x25 [border: (1px inset #808080)] [r=0 c=0 rs=1 cs=2]
              RenderText {#text} at (2,2) size 212x21
                text run at (2,2) width 212: "90% 80% 80% 80% 80% 80%"
            RenderTableCell {TD} at (459,5) size 34x25 [border: (1px inset #808080)] [r=0 c=2 rs=1 cs=1]
              RenderText {#text} at (2,2) size 30x21
                text run at (2,2) width 30: "auto"
          RenderTableRow {TR} at (0,35) size 498x46
            RenderTableCell {TD} at (5,45) size 291x25 [border: (1px inset #808080)] [r=1 c=0 rs=1 cs=1]
              RenderText {#text} at (2,2) size 32x21
                text run at (2,2) width 32: "66%"
            RenderTableCell {TD} at (301,35) size 153x46 [border: (1px inset #808080)] [r=1 c=1 rs=1 cs=1]
              RenderText {#text} at (2,2) size 140x42
                text run at (2,2) width 140: "66% 66% 66% 66%"
                text run at (2,23) width 68: "66% 66%"
            RenderTableCell {TD} at (459,45) size 34x25 [border: (1px inset #808080)] [r=1 c=2 rs=1 cs=1]
              RenderText {#text} at (2,2) size 30x21
                text run at (2,2) width 30: "auto"
      RenderBlock (anonymous) at (0,2795) size 768x21
        RenderBR {BR} at (0,0) size 0x21
      RenderTable {TABLE} at (0,2816) size 500x109 [border: (1px outset #808080)]
        RenderTableSection {TBODY} at (1,1) size 498x107
          RenderTableRow {TR} at (0,5) size 498x25
            RenderTableCell {TD} at (5,5) size 434x25 [border: (1px inset #808080)] [r=0 c=0 rs=1 cs=3]
              RenderText {#text} at (2,2) size 104x21
                text run at (2,2) width 104: "90% 90% 90%"
            RenderTableCell {TD} at (444,5) size 49x25 [border: (1px inset #808080)] [r=0 c=3 rs=1 cs=1]
              RenderText {#text} at (2,2) size 30x21
                text run at (2,2) width 30: "auto"
          RenderTableRow {TR} at (0,35) size 498x67
            RenderTableCell {TD} at (5,56) size 70x25 [border: (1px inset #808080)] [r=1 c=0 rs=1 cs=1]
              RenderText {#text} at (2,2) size 30x21
                text run at (2,2) width 30: "auto"
            RenderTableCell {TD} at (80,56) size 143x25 [border: (1px inset #808080)] [r=1 c=1 rs=1 cs=1]
              RenderText {#text} at (2,2) size 65x21
                text run at (2,2) width 65: "auto-auto"
            RenderTableCell {TD} at (228,56) size 211x25 [border: (1px inset #808080)] [r=1 c=2 rs=1 cs=1]
              RenderText {#text} at (2,2) size 98x21
                text run at (2,2) width 98: "auto auto auto"
            RenderTableCell {TD} at (444,35) size 49x67 [border: (1px inset #808080)] [r=1 c=3 rs=1 cs=1]
              RenderText {#text} at (2,2) size 30x63
                text run at (2,2) width 30: "auto"
                text run at (2,23) width 30: "auto"
                text run at (2,44) width 30: "auto"
      RenderBlock (anonymous) at (0,2925) size 768x21
        RenderBR {BR} at (0,0) size 0x21
      RenderTable {TABLE} at (0,2946) size 500x97 [border: (1px outset #808080)]
        RenderTableSection {TBODY} at (1,1) size 498x95
          RenderTableRow {TR} at (0,5) size 498x25
            RenderTableCell {TD} at (5,5) size 435x25 [border: (1px inset #808080)] [r=0 c=0 rs=1 cs=2]
              RenderText {#text} at (2,2) size 104x21
                text run at (2,2) width 104: "90% 90% 90%"
            RenderTableCell {TD} at (445,5) size 48x25 [border: (1px inset #808080)] [r=0 c=2 rs=1 cs=1]
              RenderText {#text} at (2,2) size 30x21
                text run at (2,2) width 30: "auto"
          RenderTableRow {TR} at (0,35) size 498x25
            RenderTableCell {TD} at (5,35) size 215x25 [border: (1px inset #808080)] [r=1 c=0 rs=1 cs=1]
              RenderText {#text} at (2,2) size 30x21
                text run at (2,2) width 30: "auto"
            RenderTableCell {TD} at (225,35) size 215x25 [border: (1px inset #808080)] [r=1 c=1 rs=1 cs=1]
              RenderText {#text} at (2,2) size 30x21
                text run at (2,2) width 30: "auto"
            RenderTableCell {TD} at (445,35) size 48x25 [border: (1px inset #808080)] [r=1 c=2 rs=1 cs=1]
              RenderText {#text} at (2,2) size 30x21
                text run at (2,2) width 30: "auto"
          RenderTableRow {TR} at (0,65) size 498x25
            RenderTableCell {TD} at (5,65) size 215x25 [border: (1px inset #808080)] [r=2 c=0 rs=1 cs=1]
              RenderText {#text} at (2,2) size 30x21
                text run at (2,2) width 30: "auto"
            RenderTableCell {TD} at (225,65) size 268x25 [border: (1px inset #808080)] [r=2 c=1 rs=1 cs=2]
              RenderText {#text} at (2,2) size 104x21
                text run at (2,2) width 104: "90% 90% 90%"
      RenderBlock (anonymous) at (0,3043) size 768x21
        RenderBR {BR} at (0,0) size 0x21
      RenderTable {TABLE} at (0,3064) size 500x97 [border: (1px outset #808080)]
        RenderTableSection {TBODY} at (1,1) size 498x95
          RenderTableRow {TR} at (0,5) size 498x25
            RenderTableCell {TD} at (5,5) size 436x25 [border: (1px inset #808080)] [r=0 c=0 rs=1 cs=2]
              RenderText {#text} at (2,2) size 104x21
                text run at (2,2) width 104: "90% 90% 90%"
            RenderTableCell {TD} at (446,5) size 47x25 [border: (1px inset #808080)] [r=0 c=2 rs=1 cs=1]
              RenderText {#text} at (2,2) size 30x21
                text run at (2,2) width 30: "auto"
          RenderTableRow {TR} at (0,35) size 498x25
            RenderTableCell {TD} at (5,35) size 287x25 [border: (1px inset #808080)] [r=1 c=0 rs=1 cs=1]
              RenderText {#text} at (2,2) size 30x21
                text run at (2,2) width 30: "auto"
            RenderTableCell {TD} at (297,35) size 144x25 [border: (1px inset #808080)] [r=1 c=1 rs=1 cs=1]
              RenderText {#text} at (2,2) size 30x21
                text run at (2,2) width 30: "auto"
            RenderTableCell {TD} at (446,35) size 47x25 [border: (1px inset #808080)] [r=1 c=2 rs=1 cs=1]
              RenderText {#text} at (2,2) size 32x21
                text run at (2,2) width 32: "60%"
          RenderTableRow {TR} at (0,65) size 498x25
            RenderTableCell {TD} at (5,65) size 287x25 [border: (1px inset #808080)] [r=2 c=0 rs=1 cs=1]
              RenderText {#text} at (2,2) size 30x21
                text run at (2,2) width 30: "auto"
            RenderTableCell {TD} at (297,65) size 196x25 [border: (1px inset #808080)] [r=2 c=1 rs=1 cs=2]
              RenderText {#text} at (2,2) size 104x21
                text run at (2,2) width 104: "90% 90% 90%"
      RenderBlock (anonymous) at (0,3161) size 768x21
        RenderBR {BR} at (0,0) size 0x21
      RenderTable {TABLE} at (0,3182) size 500x97 [border: (1px outset #808080)]
        RenderTableSection {TBODY} at (1,1) size 498x95
          RenderTableRow {TR} at (0,5) size 498x25
            RenderTableCell {TD} at (5,5) size 436x25 [border: (1px inset #808080)] [r=0 c=0 rs=1 cs=2]
              RenderText {#text} at (2,2) size 104x21
                text run at (2,2) width 104: "90% 90% 90%"
            RenderTableCell {TD} at (446,5) size 47x25 [border: (1px inset #808080)] [r=0 c=2 rs=1 cs=1]
              RenderText {#text} at (2,2) size 32x21
                text run at (2,2) width 32: "60%"
          RenderTableRow {TR} at (0,35) size 498x25
            RenderTableCell {TD} at (5,35) size 287x25 [border: (1px inset #808080)] [r=1 c=0 rs=1 cs=1]
              RenderText {#text} at (2,2) size 30x21
                text run at (2,2) width 30: "auto"
            RenderTableCell {TD} at (297,35) size 144x25 [border: (1px inset #808080)] [r=1 c=1 rs=1 cs=1]
              RenderText {#text} at (2,2) size 30x21
                text run at (2,2) width 30: "auto"
            RenderTableCell {TD} at (446,35) size 47x25 [border: (1px inset #808080)] [r=1 c=2 rs=1 cs=1]
              RenderText {#text} at (2,2) size 30x21
                text run at (2,2) width 30: "auto"
          RenderTableRow {TR} at (0,65) size 498x25
            RenderTableCell {TD} at (5,65) size 287x25 [border: (1px inset #808080)] [r=2 c=0 rs=1 cs=1]
              RenderText {#text} at (2,2) size 30x21
                text run at (2,2) width 30: "auto"
            RenderTableCell {TD} at (297,65) size 196x25 [border: (1px inset #808080)] [r=2 c=1 rs=1 cs=2]
              RenderText {#text} at (2,2) size 104x21
                text run at (2,2) width 104: "90% 90% 90%"
      RenderBlock (anonymous) at (0,3279) size 768x21
        RenderBR {BR} at (0,0) size 0x21
      RenderTable {TABLE} at (0,3300) size 500x88 [border: (1px outset #808080)]
        RenderTableSection {TBODY} at (1,1) size 498x86
          RenderTableRow {TR} at (0,5) size 498x25
            RenderTableCell {TD} at (5,5) size 447x25 [border: (1px inset #808080)] [r=0 c=0 rs=1 cs=2]
              RenderText {#text} at (2,2) size 212x21
                text run at (2,2) width 212: "90% 80% 80% 80% 80% 80%"
            RenderTableCell {TD} at (457,5) size 36x25 [border: (1px inset #808080)] [r=0 c=2 rs=1 cs=1]
              RenderText {#text} at (2,2) size 30x21
                text run at (2,2) width 30: "auto"
          RenderTableRow {TR} at (0,35) size 498x46
            RenderTableCell {TD} at (5,45) size 290x25 [border: (1px inset #808080)] [r=1 c=0 rs=1 cs=1]
              RenderText {#text} at (2,2) size 32x21
                text run at (2,2) width 32: "66%"
            RenderTableCell {TD} at (300,35) size 152x46 [border: (1px inset #808080)] [r=1 c=1 rs=1 cs=1]
              RenderText {#text} at (2,2) size 140x42
                text run at (2,2) width 140: "66% 66% 66% 66%"
                text run at (2,23) width 68: "66% 66%"
            RenderTableCell {TD} at (457,45) size 36x25 [border: (1px inset #808080)] [r=1 c=2 rs=1 cs=1]
              RenderText {#text} at (2,2) size 32x21
                text run at (2,2) width 32: "50%"
      RenderBlock (anonymous) at (0,3388) size 768x21
        RenderBR {BR} at (0,0) size 0x21
      RenderTable {TABLE} at (0,3409) size 500x67 [border: (1px outset #808080)]
        RenderTableSection {TBODY} at (1,1) size 498x65
          RenderTableRow {TR} at (0,5) size 498x25
            RenderTableCell {TD} at (5,5) size 435x25 [border: (1px inset #808080)] [r=0 c=0 rs=1 cs=2]
              RenderText {#text} at (2,2) size 212x21
                text run at (2,2) width 212: "90% 80% 80% 80% 80% 80%"
            RenderTableCell {TD} at (445,5) size 48x25 [border: (1px inset #808080)] [r=0 c=2 rs=1 cs=1]
              RenderText {#text} at (2,2) size 30x21
                text run at (2,2) width 30: "auto"
          RenderTableRow {TR} at (0,35) size 498x25
            RenderTableCell {TD} at (5,35) size 144x25 [border: (1px inset #808080)] [r=1 c=0 rs=1 cs=1]
              RenderText {#text} at (2,2) size 30x21
                text run at (2,2) width 30: "auto"
            RenderTableCell {TD} at (154,35) size 286x25 [border: (1px inset #808080)] [r=1 c=1 rs=1 cs=1]
              RenderText {#text} at (2,2) size 64x21
                text run at (2,2) width 64: "auto auto"
            RenderTableCell {TD} at (445,35) size 48x25 [border: (1px inset #808080)] [r=1 c=2 rs=1 cs=1]
              RenderText {#text} at (2,2) size 32x21
                text run at (2,2) width 32: "50%"
      RenderBlock (anonymous) at (0,3476) size 768x21
        RenderBR {BR} at (0,0) size 0x21
      RenderTable {TABLE} at (0,3497) size 500x67 [border: (1px outset #808080)]
        RenderTableSection {TBODY} at (1,1) size 498x65
          RenderTableRow {TR} at (0,5) size 498x25
            RenderTableCell {TD} at (5,5) size 435x25 [border: (1px inset #808080)] [r=0 c=0 rs=1 cs=2]
              RenderText {#text} at (2,2) size 212x21
                text run at (2,2) width 212: "90% 90% 90% 90% 90% 90%"
            RenderTableCell {TD} at (445,5) size 48x25 [border: (1px inset #808080)] [r=0 c=2 rs=1 cs=1]
              RenderText {#text} at (2,2) size 30x21
                text run at (2,2) width 30: "auto"
          RenderTableRow {TR} at (0,35) size 498x25
            RenderTableCell {TD} at (5,35) size 142x25 [border: (1px inset #808080)] [r=1 c=0 rs=1 cs=1]
              RenderText {#text} at (2,2) size 30x21
                text run at (2,2) width 30: "auto"
            RenderTableCell {TD} at (152,35) size 288x25 [border: (1px inset #808080)] [r=1 c=1 rs=1 cs=1]
              RenderText {#text} at (2,2) size 65x21
                text run at (2,2) width 65: "auto-auto"
            RenderTableCell {TD} at (445,35) size 48x25 [border: (1px inset #808080)] [r=1 c=2 rs=1 cs=1]
              RenderText {#text} at (2,2) size 32x21
                text run at (2,2) width 32: "50%"
      RenderBlock (anonymous) at (0,3564) size 768x21
        RenderBR {BR} at (0,0) size 0x21
      RenderTable {TABLE} at (0,3585) size 500x67 [border: (1px outset #808080)]
        RenderTableSection {TBODY} at (1,1) size 498x65
          RenderTableRow {TR} at (0,5) size 498x25
            RenderTableCell {TD} at (5,5) size 435x25 [border: (1px inset #808080)] [r=0 c=0 rs=1 cs=2]
              RenderText {#text} at (2,2) size 212x21
                text run at (2,2) width 212: "90% 90% 90% 90% 90% 90%"
            RenderTableCell {TD} at (445,5) size 48x25 [border: (1px inset #808080)] [r=0 c=2 rs=1 cs=1]
              RenderText {#text} at (2,2) size 30x21
                text run at (2,2) width 30: "auto"
          RenderTableRow {TR} at (0,35) size 498x25
            RenderTableCell {TD} at (5,35) size 287x25 [border: (1px inset #808080)] [r=1 c=0 rs=1 cs=1]
              RenderText {#text} at (2,2) size 32x21
                text run at (2,2) width 32: "60%"
            RenderTableCell {TD} at (297,35) size 143x25 [border: (1px inset #808080)] [r=1 c=1 rs=1 cs=1]
              RenderText {#text} at (2,2) size 65x21
                text run at (2,2) width 65: "auto-auto"
            RenderTableCell {TD} at (445,35) size 48x25 [border: (1px inset #808080)] [r=1 c=2 rs=1 cs=1]
              RenderText {#text} at (2,2) size 32x21
                text run at (2,2) width 32: "50%"
      RenderBlock (anonymous) at (0,3652) size 768x21
        RenderBR {BR} at (0,0) size 0x21
      RenderTable {TABLE} at (0,3673) size 500x109 [border: (1px outset #808080)]
        RenderTableSection {TBODY} at (1,1) size 498x107
          RenderTableRow {TR} at (0,5) size 498x25
            RenderTableCell {TD} at (5,5) size 435x25 [border: (1px inset #808080)] [r=0 c=0 rs=1 cs=2]
              RenderText {#text} at (2,2) size 212x21
                text run at (2,2) width 212: "90% 90% 90% 90% 90% 90%"
            RenderTableCell {TD} at (445,5) size 48x25 [border: (1px inset #808080)] [r=0 c=2 rs=1 cs=1]
              RenderText {#text} at (2,2) size 30x21
                text run at (2,2) width 30: "auto"
          RenderTableRow {TR} at (0,35) size 498x67
            RenderTableCell {TD} at (5,35) size 28x67 [border: (1px inset #808080)] [r=1 c=0 rs=1 cs=1]
              RenderText {#text} at (2,2) size 24x63
                text run at (2,2) width 24: "5%"
                text run at (2,23) width 24: "5%"
                text run at (2,44) width 24: "5%"
            RenderTableCell {TD} at (38,56) size 402x25 [border: (1px inset #808080)] [r=1 c=1 rs=1 cs=1]
              RenderText {#text} at (2,2) size 65x21
                text run at (2,2) width 65: "auto-auto"
            RenderTableCell {TD} at (445,56) size 48x25 [border: (1px inset #808080)] [r=1 c=2 rs=1 cs=1]
              RenderText {#text} at (2,2) size 32x21
                text run at (2,2) width 32: "50%"
      RenderBlock (anonymous) at (0,3782) size 768x21
        RenderBR {BR} at (0,0) size 0x21
      RenderTable {TABLE} at (0,3803) size 500x109 [border: (1px outset #808080)]
        RenderTableSection {TBODY} at (1,1) size 498x107
          RenderTableRow {TR} at (0,5) size 498x67
            RenderTableCell {TD} at (5,5) size 80x67 [border: (1px inset #808080)] [r=0 c=0 rs=1 cs=2]
              RenderText {#text} at (2,2) size 68x63
                text run at (2,2) width 68: "90% 90%"
                text run at (2,23) width 68: "90% 90%"
                text run at (2,44) width 68: "90% 90%"
            RenderTableCell {TD} at (90,26) size 403x25 [border: (1px inset #808080)] [r=0 c=2 rs=1 cs=1]
              RenderText {#text} at (2,2) size 30x21
                text run at (2,2) width 30: "auto"
          RenderTableRow {TR} at (0,77) size 498x25
            RenderTableCell {TD} at (5,77) size 28x25 [border: (1px inset #808080)] [r=1 c=0 rs=1 cs=1]
              RenderText {#text} at (2,2) size 24x21
                text run at (2,2) width 24: "5%"
            RenderTableCell {TD} at (38,77) size 47x25 [border: (1px inset #808080)] [r=1 c=1 rs=1 cs=1]
              RenderText {#text} at (2,2) size 32x21
                text run at (2,2) width 32: "10%"
            RenderTableCell {TD} at (90,77) size 403x25 [border: (1px inset #808080)] [r=1 c=2 rs=1 cs=1]
              RenderText {#text} at (2,2) size 30x21
                text run at (2,2) width 30: "auto"
      RenderBlock (anonymous) at (0,3912) size 768x21
        RenderBR {BR} at (0,0) size 0x21
      RenderTable {TABLE} at (0,3933) size 500x67 [border: (1px outset #808080)]
        RenderTableSection {TBODY} at (1,1) size 498x65
          RenderTableRow {TR} at (0,5) size 498x25
            RenderTableCell {TD} at (5,5) size 434x25 [border: (1px inset #808080)] [r=0 c=0 rs=1 cs=2]
              RenderText {#text} at (2,2) size 212x21
                text run at (2,2) width 212: "90% 90% 90% 90% 90% 90%"
            RenderTableCell {TD} at (444,5) size 49x25 [border: (1px inset #808080)] [r=0 c=2 rs=1 cs=1]
              RenderText {#text} at (2,2) size 30x21
                text run at (2,2) width 30: "auto"
          RenderTableRow {TR} at (0,35) size 498x25
            RenderTableCell {TD} at (5,35) size 195x25 [border: (1px inset #808080)] [r=1 c=0 rs=1 cs=1]
              RenderText {#text} at (2,2) size 16x21
                text run at (2,2) width 16: "10"
            RenderTableCell {TD} at (205,35) size 234x25 [border: (1px inset #808080)] [r=1 c=1 rs=1 cs=1]
              RenderText {#text} at (2,2) size 16x21
                text run at (2,2) width 16: "20"
            RenderTableCell {TD} at (444,35) size 49x25 [border: (1px inset #808080)] [r=1 c=2 rs=1 cs=1]
              RenderText {#text} at (2,2) size 30x21
                text run at (2,2) width 30: "auto"
      RenderBlock (anonymous) at (0,4000) size 768x21
        RenderBR {BR} at (0,0) size 0x21
      RenderTable {TABLE} at (0,4021) size 500x88 [border: (1px outset #808080)]
        RenderTableSection {TBODY} at (1,1) size 498x86
          RenderTableRow {TR} at (0,5) size 498x25
            RenderTableCell {TD} at (5,5) size 392x25 [border: (1px inset #808080)] [r=0 c=0 rs=1 cs=2]
              RenderText {#text} at (2,2) size 176x21
                text run at (2,2) width 176: "50% 50% 50% 50% 50%"
            RenderTableCell {TD} at (402,5) size 91x25 [border: (1px inset #808080)] [r=0 c=2 rs=1 cs=1]
              RenderText {#text} at (2,2) size 30x21
                text run at (2,2) width 30: "auto"
          RenderTableRow {TR} at (0,35) size 498x46
            RenderTableCell {TD} at (5,45) size 353x25 [border: (1px inset #808080)] [r=1 c=0 rs=1 cs=1]
              RenderText {#text} at (2,2) size 32x21
                text run at (2,2) width 32: "80%"
            RenderTableCell {TD} at (363,35) size 34x46 [border: (1px inset #808080)] [r=1 c=1 rs=1 cs=1]
              RenderText {#text} at (2,2) size 30x42
                text run at (2,2) width 30: "auto"
                text run at (2,23) width 30: "auto"
            RenderTableCell {TD} at (402,45) size 91x25 [border: (1px inset #808080)] [r=1 c=2 rs=1 cs=1]
              RenderText {#text} at (2,2) size 32x21
                text run at (2,2) width 32: "50%"
      RenderBlock (anonymous) at (0,4109) size 768x21
        RenderBR {BR} at (0,0) size 0x21
      RenderTable {TABLE} at (0,4130) size 500x67 [border: (1px outset #808080)]
        RenderTableSection {TBODY} at (1,1) size 498x65
          RenderTableRow {TR} at (0,5) size 498x25
            RenderTableCell {TD} at (5,5) size 435x25 [border: (1px inset #808080)] [r=0 c=0 rs=1 cs=2]
              RenderText {#text} at (2,2) size 176x21
                text run at (2,2) width 176: "90% 50% 50% 50% 50%"
            RenderTableCell {TD} at (445,5) size 48x25 [border: (1px inset #808080)] [r=0 c=2 rs=1 cs=1]
              RenderText {#text} at (2,2) size 30x21
                text run at (2,2) width 30: "auto"
          RenderTableRow {TR} at (0,35) size 498x25
            RenderTableCell {TD} at (5,35) size 217x25 [border: (1px inset #808080)] [r=1 c=0 rs=1 cs=1]
              RenderText {#text} at (2,2) size 24x21
                text run at (2,2) width 24: "100"
            RenderTableCell {TD} at (227,35) size 213x25 [border: (1px inset #808080)] [r=1 c=1 rs=1 cs=1]
              RenderText {#text} at (2,2) size 98x21
                text run at (2,2) width 98: "auto auto auto"
            RenderTableCell {TD} at (445,35) size 48x25 [border: (1px inset #808080)] [r=1 c=2 rs=1 cs=1]
              RenderText {#text} at (2,2) size 30x21
                text run at (2,2) width 30: "auto"
      RenderBlock (anonymous) at (0,4197) size 768x42
        RenderBR {BR} at (0,0) size 0x21
        RenderBR {BR} at (0,21) size 0x21
      RenderBlock {HR} at (0,4247) size 602x2 [border: (1px inset #000000)]
      RenderTable {TABLE} at (0,4257) size 649x146 [border: (1px outset #808080)]
        RenderTableSection {TBODY} at (1,1) size 647x144
          RenderTableRow {TR} at (0,5) size 647x104
            RenderTableCell {TD} at (5,5) size 604x104 [border: (1px inset #808080)] [r=0 c=0 rs=1 cs=3]
              RenderImage {IMG} at (2,2) size 600x100
            RenderTableCell {TD} at (614,44) size 28x25 [border: (1px inset #808080)] [r=0 c=3 rs=1 cs=1]
              RenderText {#text} at (2,2) size 21x21
                text run at (2,2) width 21: "foo"
          RenderTableRow {TR} at (0,114) size 647x25
            RenderTableCell {TD} at (5,114) size 104x25 [border: (1px inset #808080)] [r=1 c=0 rs=1 cs=1]
              RenderText {#text} at (2,2) size 21x21
                text run at (2,2) width 21: "foo"
            RenderTableCell {TD} at (114,114) size 104x25 [border: (1px inset #808080)] [r=1 c=1 rs=1 cs=1]
              RenderText {#text} at (2,2) size 24x21
                text run at (2,2) width 24: "bar"
            RenderTableCell {TD} at (223,114) size 386x25 [border: (1px inset #808080)] [r=1 c=2 rs=1 cs=1]
              RenderText {#text} at (2,2) size 21x21
                text run at (2,2) width 21: "foo"
            RenderTableCell {TD} at (614,114) size 28x25 [border: (1px inset #808080)] [r=1 c=3 rs=1 cs=1]
              RenderText {#text} at (2,2) size 24x21
                text run at (2,2) width 24: "bar"
      RenderBlock (anonymous) at (0,4403) size 768x42
        RenderBR {BR} at (0,0) size 0x21
        RenderText {#text} at (0,21) size 524x21
          text run at (0,21) width 524: "1st cell with colspan=3 fixed at 600, 1st 2 cells in 2nd row fixed at 100, 2nd not"
      RenderTable {TABLE} at (0,4445) size 640x58 [border: (1px outset #808080)]
        RenderTableSection {TBODY} at (1,1) size 638x56
          RenderTableRow {TR} at (0,2) size 638x25
            RenderTableCell {TD} at (2,2) size 505x25 [border: (1px inset #808080)] [r=0 c=0 rs=1 cs=3]
              RenderText {#text} at (2,2) size 21x21
                text run at (2,2) width 21: "foo"
            RenderTableCell {TD} at (509,2) size 127x25 [border: (1px inset #808080)] [r=0 c=3 rs=1 cs=1]
              RenderText {#text} at (2,2) size 21x21
                text run at (2,2) width 21: "foo"
          RenderTableRow {TR} at (0,29) size 638x25
            RenderTableCell {TD} at (2,29) size 104x25 [border: (1px inset #808080)] [r=1 c=0 rs=1 cs=1]
              RenderText {#text} at (2,2) size 21x21
                text run at (2,2) width 21: "foo"
            RenderTableCell {TD} at (108,29) size 104x25 [border: (1px inset #808080)] [r=1 c=1 rs=1 cs=1]
              RenderText {#text} at (2,2) size 24x21
                text run at (2,2) width 24: "bar"
            RenderTableCell {TD} at (214,29) size 293x25 [border: (1px inset #808080)] [r=1 c=2 rs=1 cs=1]
              RenderText {#text} at (2,2) size 21x21
                text run at (2,2) width 21: "foo"
            RenderTableCell {TD} at (509,29) size 127x25 [border: (1px inset #808080)] [r=1 c=3 rs=1 cs=1]
              RenderText {#text} at (2,2) size 24x21
                text run at (2,2) width 24: "bar"
      RenderBlock (anonymous) at (0,4503) size 768x21
        RenderBR {BR} at (0,0) size 0x21
      RenderTable {TABLE} at (0,4524) size 25x25 [border: (1px outset #808080)]
        RenderTableCol {COLGROUP} at (0,0) size 0x0
          RenderTableCol {COL} at (0,0) size 0x0 [bgcolor=#FF0000]
          RenderTableCol {COL} at (0,0) size 0x0 [bgcolor=#0000FF]
        RenderTableSection {TBODY} at (1,1) size 23x23
          RenderTableRow {TR} at (0,0) size 23x23
            RenderTableCell {TD} at (0,0) size 23x23 [border: (1px inset #808080)] [r=0 c=0 rs=1 cs=2]
              RenderText {#text} at (1,1) size 21x21
                text run at (1,1) width 21: "foo"
      RenderBlock (anonymous) at (0,4549) size 768x21
        RenderBR {BR} at (0,0) size 0x21
      RenderTable {TABLE} at (0,4570) size 91x58 [border: (1px outset #808080)]
        RenderTableSection {TBODY} at (1,1) size 89x56
          RenderTableRow {TR} at (0,2) size 89x25
            RenderTableCell {TD} at (2,2) size 55x25 [border: (1px inset #808080)] [r=0 c=0 rs=1 cs=3]
              RenderText {#text} at (2,2) size 21x21
                text run at (2,2) width 21: "foo"
            RenderTableCell {TD} at (59,2) size 28x25 [border: (1px inset #808080)] [r=0 c=3 rs=1 cs=1]
              RenderText {#text} at (2,2) size 24x21
                text run at (2,2) width 24: "bar"
          RenderTableRow {TR} at (0,29) size 89x25
            RenderTableCell {TD} at (2,29) size 25x25 [border: (1px inset #808080)] [r=1 c=0 rs=1 cs=2]
              RenderText {#text} at (2,2) size 21x21
                text run at (2,2) width 21: "foo"
            RenderTableCell {TD} at (29,29) size 28x25 [border: (1px inset #808080)] [r=1 c=2 rs=1 cs=1]
              RenderText {#text} at (2,2) size 24x21
                text run at (2,2) width 24: "bar"
      RenderBlock (anonymous) at (0,4628) size 768x21
        RenderBR {BR} at (0,0) size 0x21
      RenderTable {TABLE} at (0,4649) size 768x64 [border: (1px outset #808080)]
        RenderTableSection {TBODY} at (1,1) size 766x62
          RenderTableRow {TR} at (0,0) size 766x31 [bgcolor=#CCCCFF]
            RenderTableCell {TD} at (0,0) size 766x31 [border: (1px inset #808080)] [r=0 c=0 rs=1 cs=3]
              RenderText {#text} at (736,5) size 25x21
                text run at (736,5) width 25: "edit"
          RenderTableRow {TR} at (0,31) size 766x31
            RenderTableCell {TD} at (0,31) size 461x31 [bgcolor=#DCDCDC] [border: (1px inset #808080)] [r=1 c=0 rs=1 cs=2]
              RenderText {#text} at (5,5) size 176x21
                text run at (5,5) width 176: "Top Stories from Reuters "
            RenderTableCell {TD} at (461,31) size 305x31 [bgcolor=#DCDCDC] [border: (1px inset #808080)] [r=1 c=2 rs=1 cs=1]
              RenderText {#text} at (187,5) size 113x21
                text run at (187,5) width 113: "Jun 11 12:30pm "
      RenderBlock (anonymous) at (0,4713) size 768x21
        RenderBR {BR} at (0,0) size 0x21
      RenderTable {TABLE} at (0,4734) size 200x37 [bgcolor=#FFFF00] [border: (1px outset #808080)]
        RenderTableSection {TBODY} at (1,1) size 198x35
          RenderTableRow {TR} at (0,2) size 198x31
            RenderTableCell {TD} at (2,5) size 81x25 [border: (1px inset #808080)] [r=0 c=0 rs=1 cs=1]
              RenderText {#text} at (2,2) size 21x21
                text run at (2,2) width 21: "foo"
            RenderTableCell {TD} at (85,2) size 111x31 [border: (1px inset #808080)] [r=0 c=1 rs=1 cs=1]
              RenderTable {TABLE} at (2,2) size 30x27 [bgcolor=#FFA500]
                RenderTableSection {TBODY} at (0,0) size 30x27
                  RenderTableRow {TR} at (0,2) size 30x23
                    RenderTableCell {TD} at (2,2) size 26x23 [r=0 c=0 rs=1 cs=1]
                      RenderText {#text} at (1,1) size 24x21
                        text run at (1,1) width 24: "bar"
      RenderBlock (anonymous) at (0,4771) size 768x21
        RenderBR {BR} at (0,0) size 0x21
      RenderTable {TABLE} at (0,4792) size 85x37 [border: (1px outset #808080)]
        RenderTableSection {TBODY} at (1,1) size 83x35
          RenderTableRow {TR} at (0,5) size 83x25
            RenderTableCell {TD} at (5,5) size 34x25 [border: (1px inset #808080)] [r=0 c=0 rs=1 cs=3]
              RenderText {#text} at (2,2) size 30x21
                text run at (2,2) width 30: "auto"
            RenderTableCell {TD} at (44,5) size 34x25 [border: (1px inset #808080)] [r=0 c=3 rs=1 cs=1]
              RenderText {#text} at (2,2) size 30x21
                text run at (2,2) width 30: "auto"
      RenderBlock (anonymous) at (0,4829) size 768x21
        RenderText {#text} at (0,0) size 483x21
          text run at (0,0) width 483: "min colspan is based on min with no fix involved - IE uses max(min,des)"
      RenderTable {TABLE} at (0,4850) size 162x58 [border: (1px outset #808080)]
        RenderTableSection {TBODY} at (1,1) size 160x56
          RenderTableRow {TR} at (0,2) size 160x25
            RenderTableCell {TD} at (2,2) size 156x25 [border: (1px inset #808080)] [r=0 c=0 rs=1 cs=2]
              RenderText {#text} at (2,2) size 152x21
                text run at (2,2) width 152: "xxxxxxxxxxxxxxxxxxx"
          RenderTableRow {TR} at (0,29) size 160x25
            RenderTableCell {TD} at (2,29) size 97x25 [border: (1px inset #808080)] [r=1 c=0 rs=1 cs=1]
              RenderText {#text} at (2,2) size 44x21
                text run at (2,2) width 44: "x x x x"
            RenderTableCell {TD} at (101,29) size 57x25 [border: (1px inset #808080)] [r=1 c=1 rs=1 cs=1]
              RenderText {#text} at (2,2) size 24x21
                text run at (2,2) width 24: "xxx"
      RenderBlock (anonymous) at (0,4908) size 768x42
        RenderBR {BR} at (0,0) size 0x21
        RenderText {#text} at (0,21) size 297x21
          text run at (0,21) width 297: "adj min is based on min with no fix involved"
      RenderTable {TABLE} at (0,4950) size 218x79 [border: (1px outset #808080)]
        RenderTableSection {TBODY} at (1,1) size 216x77
          RenderTableRow {TR} at (0,2) size 216x25
            RenderTableCell {TD} at (2,2) size 212x25 [border: (1px inset #808080)] [r=0 c=0 rs=1 cs=2]
              RenderText {#text} at (2,2) size 208x21
                text run at (2,2) width 208: "xxxxxxxxxxxxxxxxxxxyyyyyyy"
          RenderTableRow {TR} at (0,29) size 216x46
            RenderTableCell {TD} at (2,29) size 62x46 [border: (1px inset #808080)] [r=1 c=0 rs=1 cs=1]
              RenderText {#text} at (2,2) size 56x42
                text run at (2,2) width 56: "x x x x x"
                text run at (2,23) width 20: "x x"
            RenderTableCell {TD} at (66,39) size 148x25 [border: (1px inset #808080)] [r=1 c=1 rs=1 cs=1]
              RenderText {#text} at (2,2) size 144x21
                text run at (2,2) width 144: "xxxxxxxxxxxxxxxxxx"
      RenderBlock (anonymous) at (0,5029) size 768x42
        RenderBR {BR} at (0,0) size 0x21
        RenderText {#text} at (0,21) size 518x21
          text run at (0,21) width 518: "adj min is based on max(min, fix) differs from Nav4.6 which differs from IE5"
      RenderTable {TABLE} at (0,5071) size 197x58 [bgcolor=#00FF00] [border: (1px outset #808080)]
        RenderTableSection {TBODY} at (1,1) size 195x56
          RenderTableRow {TR} at (0,2) size 195x25
            RenderTableCell {TD} at (2,2) size 191x25 [border: (1px inset #808080)] [r=0 c=0 rs=1 cs=2]
              RenderText {#text} at (2,2) size 187x21
                text run at (2,2) width 187: "xxxxxxxcolspan2xxxxxxxxx"
          RenderTableRow {TR} at (0,29) size 195x25
            RenderTableCell {TD} at (2,29) size 85x25 [border: (1px inset #808080)] [r=1 c=0 rs=1 cs=1]
              RenderText {#text} at (2,2) size 32x21
                text run at (2,2) width 32: "x x x"
            RenderTableCell {TD} at (89,29) size 104x25 [border: (1px inset #808080)] [r=1 c=1 rs=1 cs=1]
              RenderText {#text} at (2,2) size 24x21
                text run at (2,2) width 24: "100"
      RenderBlock (anonymous) at (0,5129) size 768x21
        RenderBR {BR} at (0,0) size 0x21
      RenderTable {TABLE} at (0,5150) size 197x58 [bgcolor=#00FF00] [border: (1px outset #808080)]
        RenderTableSection {TBODY} at (1,1) size 195x56
          RenderTableRow {TR} at (0,2) size 195x25
            RenderTableCell {TD} at (2,2) size 191x25 [border: (1px inset #808080)] [r=0 c=0 rs=1 cs=2]
              RenderText {#text} at (2,2) size 187x21
                text run at (2,2) width 187: "xxxxxxxcolspan2xxxxxxxxx"
          RenderTableRow {TR} at (0,29) size 195x25
            RenderTableCell {TD} at (2,29) size 85x25 [border: (1px inset #808080)] [r=1 c=0 rs=1 cs=1]
              RenderText {#text} at (2,2) size 32x21
                text run at (2,2) width 32: "x x x"
            RenderTableCell {TD} at (89,29) size 104x25 [border: (1px inset #808080)] [r=1 c=1 rs=1 cs=1]
              RenderText {#text} at (2,2) size 80x21
                text run at (2,2) width 80: "100 100 100"
      RenderBlock (anonymous) at (0,5208) size 768x21
        RenderBR {BR} at (0,0) size 0x21
      RenderTable {TABLE} at (0,5229) size 197x58 [bgcolor=#00FF00] [border: (1px outset #808080)]
        RenderTableSection {TBODY} at (1,1) size 195x56
          RenderTableRow {TR} at (0,2) size 195x25
            RenderTableCell {TD} at (2,2) size 191x25 [border: (1px inset #808080)] [r=0 c=0 rs=1 cs=2]
              RenderText {#text} at (2,2) size 187x21
                text run at (2,2) width 187: "xxxxxxxcolspan2xxxxxxxxx"
          RenderTableRow {TR} at (0,29) size 195x25
            RenderTableCell {TD} at (2,29) size 85x25 [border: (1px inset #808080)] [r=1 c=0 rs=1 cs=1]
              RenderText {#text} at (2,2) size 80x21
                text run at (2,2) width 80: "xxx xxx xxx"
            RenderTableCell {TD} at (89,29) size 104x25 [border: (1px inset #808080)] [r=1 c=1 rs=1 cs=1]
              RenderText {#text} at (2,2) size 24x21
                text run at (2,2) width 24: "100"
      RenderBlock (anonymous) at (0,5287) size 768x21
        RenderBR {BR} at (0,0) size 0x21
      RenderTable {TABLE} at (0,5308) size 310x58 [border: (1px outset #808080)]
        RenderTableSection {TBODY} at (1,1) size 308x56
          RenderTableRow {TR} at (0,2) size 308x25
            RenderTableCell {TD} at (2,2) size 304x25 [border: (1px inset #808080)] [r=0 c=0 rs=1 cs=2]
              RenderText {#text} at (2,2) size 16x21
                text run at (2,2) width 16: "xx"
          RenderTableRow {TR} at (0,29) size 308x25
            RenderTableCell {TD} at (2,29) size 104x25 [border: (1px inset #808080)] [r=1 c=0 rs=1 cs=1]
              RenderText {#text} at (2,2) size 32x21
                text run at (2,2) width 32: "x x x"
            RenderTableCell {TD} at (108,29) size 198x25 [border: (1px inset #808080)] [r=1 c=1 rs=1 cs=1]
              RenderText {#text} at (2,2) size 30x21
                text run at (2,2) width 30: "auto"
      RenderBlock (anonymous) at (0,5366) size 768x21
        RenderBR {BR} at (0,0) size 0x21
      RenderTable {TABLE} at (0,5387) size 346x58 [border: (1px outset #808080)]
        RenderTableSection {TBODY} at (1,1) size 344x56
          RenderTableRow {TR} at (0,2) size 344x25
            RenderTableCell {TD} at (2,2) size 340x25 [border: (1px inset #808080)] [r=0 c=0 rs=1 cs=2]
              RenderText {#text} at (2,2) size 24x21
                text run at (2,2) width 24: "300"
          RenderTableRow {TR} at (0,29) size 344x25
            RenderTableCell {TD} at (2,29) size 304x25 [border: (1px inset #808080)] [r=1 c=0 rs=1 cs=1]
              RenderText {#text} at (2,2) size 52x21
                text run at (2,2) width 52: "400 400"
            RenderTableCell {TD} at (308,29) size 34x25 [border: (1px inset #808080)] [r=1 c=1 rs=1 cs=1]
              RenderText {#text} at (2,2) size 30x21
                text run at (2,2) width 30: "auto"
      RenderBlock (anonymous) at (0,5445) size 768x21
        RenderBR {BR} at (0,0) size 0x21
      RenderTable {TABLE} at (0,5466) size 310x58 [border: (1px outset #808080)]
        RenderTableSection {TBODY} at (1,1) size 308x56
          RenderTableRow {TR} at (0,2) size 308x25
            RenderTableCell {TD} at (2,2) size 304x25 [border: (1px inset #808080)] [r=0 c=0 rs=1 cs=2]
              RenderText {#text} at (2,2) size 52x21
                text run at (2,2) width 52: "300 300"
          RenderTableRow {TR} at (0,29) size 308x25
            RenderTableCell {TD} at (2,29) size 104x25 [border: (1px inset #808080)] [r=1 c=0 rs=1 cs=1]
              RenderText {#text} at (2,2) size 24x21
                text run at (2,2) width 24: "100"
            RenderTableCell {TD} at (108,29) size 198x25 [border: (1px inset #808080)] [r=1 c=1 rs=1 cs=1]
              RenderText {#text} at (2,2) size 98x21
                text run at (2,2) width 98: "auto auto auto"
      RenderBlock (anonymous) at (0,5524) size 768x21
        RenderBR {BR} at (0,0) size 0x21
      RenderTable {TABLE} at (0,5545) size 520x79 [border: (1px outset #808080)]
        RenderTableSection {TBODY} at (1,1) size 518x77
          RenderTableRow {TR} at (0,2) size 518x46
            RenderTableCell {TD} at (2,2) size 514x46 [border: (1px inset #808080)] [r=0 c=0 rs=1 cs=2]
              RenderText {#text} at (2,2) size 496x42
                text run at (2,2) width 496: "300 300 300 300 300 300 300 300 300 300 300 300 300 300 300300 300 300"
                text run at (2,23) width 52: "300 300"
          RenderTableRow {TR} at (0,50) size 518x25
            RenderTableCell {TD} at (2,50) size 104x25 [border: (1px inset #808080)] [r=1 c=0 rs=1 cs=1]
              RenderText {#text} at (2,2) size 24x21
                text run at (2,2) width 24: "100"
            RenderTableCell {TD} at (108,50) size 408x25 [border: (1px inset #808080)] [r=1 c=1 rs=1 cs=1]
              RenderText {#text} at (2,2) size 404x21
                text run at (2,2) width 404: "auto auto auto auto auto auto auto auto auto auto auto auto"
      RenderBlock (anonymous) at (0,5624) size 768x21
        RenderBR {BR} at (0,0) size 0x21
      RenderTable {TABLE} at (0,5645) size 310x58 [border: (1px outset #808080)]
        RenderTableSection {TBODY} at (1,1) size 308x56
          RenderTableRow {TR} at (0,2) size 308x25
            RenderTableCell {TD} at (2,2) size 304x25 [border: (1px inset #808080)] [r=0 c=0 rs=1 cs=2]
              RenderText {#text} at (2,2) size 24x21
                text run at (2,2) width 24: "300"
          RenderTableRow {TR} at (0,29) size 308x25
            RenderTableCell {TD} at (2,29) size 104x25 [border: (1px inset #808080)] [r=1 c=0 rs=1 cs=1]
              RenderText {#text} at (2,2) size 24x21
                text run at (2,2) width 24: "100"
            RenderTableCell {TD} at (108,29) size 198x25 [border: (1px inset #808080)] [r=1 c=1 rs=1 cs=1]
              RenderText {#text} at (2,2) size 30x21
                text run at (2,2) width 30: "auto"
      RenderBlock (anonymous) at (0,5703) size 768x21
        RenderBR {BR} at (0,0) size 0x21
      RenderTable {TABLE} at (0,5724) size 244x58 [border: (1px outset #808080)]
        RenderTableSection {TBODY} at (1,1) size 242x56
          RenderTableRow {TR} at (0,2) size 242x25
            RenderTableCell {TD} at (2,2) size 238x25 [border: (1px inset #808080)] [r=0 c=0 rs=1 cs=2]
              RenderText {#text} at (2,2) size 234x21
                text run at (2,2) width 234: "auto auto auto auto auto auto auto"
          RenderTableRow {TR} at (0,29) size 242x25
            RenderTableCell {TD} at (2,29) size 104x25 [border: (1px inset #808080)] [r=1 c=0 rs=1 cs=1]
              RenderText {#text} at (2,2) size 24x21
                text run at (2,2) width 24: "100"
            RenderTableCell {TD} at (108,29) size 132x25 [border: (1px inset #808080)] [r=1 c=1 rs=1 cs=1]
              RenderText {#text} at (2,2) size 98x21
                text run at (2,2) width 98: "auto auto auto"
      RenderBlock (anonymous) at (0,5782) size 768x21
        RenderText {#text} at (0,0) size 268x21
          text run at (0,0) width 268: "fixed table looks more like IE than Nav "
        RenderBR {BR} at (268,16) size 0x0
      RenderTable {TABLE} at (0,5803) size 150x262 [border: (1px outset #808080)]
        RenderTableSection {TBODY} at (1,1) size 148x260
          RenderTableRow {TR} at (0,2) size 148x256
            RenderTableCell {TD} at (2,117) size 104x25 [border: (1px inset #808080)] [r=0 c=0 rs=1 cs=1]
              RenderText {#text} at (2,2) size 24x21
                text run at (2,2) width 24: "100"
            RenderTableCell {TD} at (108,2) size 38x256 [border: (1px inset #808080)] [r=0 c=1 rs=1 cs=1]
              RenderText {#text} at (2,2) size 30x252
                text run at (2,2) width 30: "auto"
                text run at (2,23) width 30: "auto"
                text run at (2,44) width 30: "auto"
                text run at (2,65) width 30: "auto"
                text run at (2,86) width 30: "auto"
                text run at (2,107) width 30: "auto"
                text run at (2,128) width 30: "auto"
                text run at (2,149) width 30: "auto"
                text run at (2,170) width 30: "auto"
                text run at (2,191) width 30: "auto"
                text run at (2,212) width 30: "auto"
                text run at (2,233) width 30: "auto"
