layer at (0,0) size 800x600
  RenderView at (0,0) size 800x600
layer at (0,0) size 800x600
  RenderBlock {HTML} at (0,0) size 800x600
    RenderBody {BODY} at (8,8) size 784x584
      RenderBlock (anonymous) at (0,0) size 784x22
        RenderText {#text} at (0,0) size 207x22
          text run at (0,0) width 207: "Both columns should be 200px"
      RenderTable {TABLE} at (0,22) size 408x32 [bgcolor=#FFA500] [border: (1px outset #808080)]
        RenderTableCol {COLGROUP} at (0,0) size 0x0
        RenderTableSection {TBODY} at (1,1) size 406x30
          RenderTableRow {TR} at (0,2) size 406x26
            RenderTableCell {TD} at (2,2) size 200x26 [border: (1px inset #808080)] [r=0 c=0 rs=1 cs=1]
              RenderText {#text} at (2,2) size 23x22
                text run at (2,2) width 23: "c11"
            RenderTableCell {TD} at (204,2) size 200x26 [border: (1px inset #808080)] [r=0 c=1 rs=1 cs=1]
              RenderText {#text} at (2,2) size 23x22
                text run at (2,2) width 23: "c12"
      RenderBlock (anonymous) at (0,54) size 784x44
        RenderBR {BR} at (0,0) size 0x22
        RenderText {#text} at (0,22) size 207x22
          text run at (0,22) width 207: "Both columns should be 200px"
      RenderTable {TABLE} at (0,98) size 62x32 [bgcolor=#FFA500] [border: (1px outset #808080)]
        RenderTableCol {COLGROUP} at (0,0) size 0x0
          RenderTableCol {COL} at (0,0) size 0x0
        RenderTableSection {TBODY} at (1,1) size 60x30
          RenderTableRow {TR} at (0,2) size 60x26
            RenderTableCell {TD} at (2,2) size 27x26 [border: (1px inset #808080)] [r=0 c=0 rs=1 cs=1]
              RenderText {#text} at (2,2) size 23x22
                text run at (2,2) width 23: "c11"
            RenderTableCell {TD} at (31,2) size 27x26 [border: (1px inset #808080)] [r=0 c=1 rs=1 cs=1]
              RenderText {#text} at (2,2) size 23x22
                text run at (2,2) width 23: "c12"
      RenderBlock (anonymous) at (0,130) size 784x44
        RenderBR {BR} at (0,0) size 0x22
        RenderText {#text} at (0,22) size 207x22
          text run at (0,22) width 207: "Both columns should be 200px"
      RenderTable {TABLE} at (0,174) size 408x32 [bgcolor=#FFA500] [border: (1px outset #808080)]
        RenderTableCol {COLGROUP} at (0,0) size 0x0
          RenderTableCol {COL} at (0,0) size 0x0
        RenderTableSection {TBODY} at (1,1) size 406x30
          RenderTableRow {TR} at (0,2) size 406x26
            RenderTableCell {TD} at (2,2) size 200x26 [border: (1px inset #808080)] [r=0 c=0 rs=1 cs=1]
              RenderText {#text} at (2,2) size 23x22
                text run at (2,2) width 23: "c11"
            RenderTableCell {TD} at (204,2) size 200x26 [border: (1px inset #808080)] [r=0 c=1 rs=1 cs=1]
              RenderText {#text} at (2,2) size 23x22
                text run at (2,2) width 23: "c12"
      RenderBlock (anonymous) at (0,206) size 784x22
        RenderBR {BR} at (0,0) size 0x22
