layer at (0,0) size 784x1069
  RenderView at (0,0) size 784x600
layer at (0,0) size 784x1069
  RenderBlock {HTML} at (0,0) size 784x1069
    RenderBody {BODY} at (8,8) size 768x1053
      RenderBlock (anonymous) at (0,0) size 768x21
        RenderText {#text} at (0,0) size 113x21
          text run at (0,0) width 113: "auto table cols=2"
      RenderTable {TABLE} at (0,21) size 555x31 [border: (1px outset #808080)]
        RenderTableSection {TBODY} at (1,1) size 553x29
          RenderTableRow {TR} at (0,2) size 553x25
            RenderTableCell {TD} at (2,2) size 272x25 [border: (1px inset #808080)] [r=0 c=0 rs=1 cs=1]
              RenderText {#text} at (2,2) size 268x21
                text run at (2,2) width 268: "auto auto auto auto auto auto auto auto"
            RenderTableCell {TD} at (276,2) size 171x25 [border: (1px inset #808080)] [r=0 c=1 rs=1 cs=1]
              RenderText {#text} at (2,2) size 167x21
                text run at (2,2) width 167: "auto-auto auto auto auto"
            RenderTableCell {TD} at (449,2) size 102x25 [border: (1px inset #808080)] [r=0 c=2 rs=1 cs=1]
              RenderText {#text} at (2,2) size 98x21
                text run at (2,2) width 98: "auto auto auto"
      RenderBlock (anonymous) at (0,52) size 768x42
        RenderBR {BR} at (0,0) size 0x21
        RenderText {#text} at (0,21) size 113x21
          text run at (0,21) width 113: "auto table cols=2"
      RenderTable {TABLE} at (0,94) size 215x31 [border: (1px outset #808080)]
        RenderTableSection {TBODY} at (1,1) size 213x29
          RenderTableRow {TR} at (0,2) size 213x25
            RenderTableCell {TD} at (2,2) size 34x25 [border: (1px inset #808080)] [r=0 c=0 rs=1 cs=1]
              RenderText {#text} at (2,2) size 30x21
                text run at (2,2) width 30: "auto"
            RenderTableCell {TD} at (38,2) size 69x25 [border: (1px inset #808080)] [r=0 c=1 rs=1 cs=1]
              RenderText {#text} at (2,2) size 65x21
                text run at (2,2) width 65: "auto-auto"
            RenderTableCell {TD} at (109,2) size 102x25 [border: (1px inset #808080)] [r=0 c=2 rs=1 cs=1]
              RenderText {#text} at (2,2) size 98x21
                text run at (2,2) width 98: "auto auto auto"
      RenderBlock (anonymous) at (0,125) size 768x42
        RenderBR {BR} at (0,0) size 0x21
        RenderText {#text} at (0,21) size 182x21
          text run at (0,21) width 182: "auto table 2 cols with 1*,1*"
      RenderTable {TABLE} at (0,167) size 215x31 [border: (1px outset #808080)]
        RenderTableCol {COLGROUP} at (0,0) size 0x0
          RenderTableCol {COL} at (0,0) size 0x0
          RenderTableCol {COL} at (0,0) size 0x0
        RenderTableSection {TBODY} at (1,1) size 213x29
          RenderTableRow {TR} at (0,2) size 213x25
            RenderTableCell {TD} at (2,2) size 34x25 [border: (1px inset #808080)] [r=0 c=0 rs=1 cs=1]
              RenderText {#text} at (2,2) size 30x21
                text run at (2,2) width 30: "auto"
            RenderTableCell {TD} at (38,2) size 69x25 [border: (1px inset #808080)] [r=0 c=1 rs=1 cs=1]
              RenderText {#text} at (2,2) size 65x21
                text run at (2,2) width 65: "auto-auto"
            RenderTableCell {TD} at (109,2) size 102x25 [border: (1px inset #808080)] [r=0 c=2 rs=1 cs=1]
              RenderText {#text} at (2,2) size 98x21
                text run at (2,2) width 98: "auto auto auto"
      RenderBlock (anonymous) at (0,198) size 768x42
        RenderBR {BR} at (0,0) size 0x21
        RenderText {#text} at (0,21) size 182x21
          text run at (0,21) width 182: "auto table 2 cols with 2*,1*"
      RenderTable {TABLE} at (0,240) size 215x31 [border: (1px outset #808080)]
        RenderTableCol {COLGROUP} at (0,0) size 0x0
          RenderTableCol {COL} at (0,0) size 0x0
          RenderTableCol {COL} at (0,0) size 0x0
        RenderTableSection {TBODY} at (1,1) size 213x29
          RenderTableRow {TR} at (0,2) size 213x25
            RenderTableCell {TD} at (2,2) size 34x25 [border: (1px inset #808080)] [r=0 c=0 rs=1 cs=1]
              RenderText {#text} at (2,2) size 30x21
                text run at (2,2) width 30: "auto"
            RenderTableCell {TD} at (38,2) size 69x25 [border: (1px inset #808080)] [r=0 c=1 rs=1 cs=1]
              RenderText {#text} at (2,2) size 65x21
                text run at (2,2) width 65: "auto-auto"
            RenderTableCell {TD} at (109,2) size 102x25 [border: (1px inset #808080)] [r=0 c=2 rs=1 cs=1]
              RenderText {#text} at (2,2) size 98x21
                text run at (2,2) width 98: "auto auto auto"
      RenderBlock (anonymous) at (0,271) size 768x42
        RenderBR {BR} at (0,0) size 0x21
        RenderText {#text} at (0,21) size 116x21
          text run at (0,21) width 116: "fixed table cols=2"
      RenderTable {TABLE} at (0,313) size 400x31 [border: (1px outset #808080)]
        RenderTableSection {TBODY} at (1,1) size 398x29
          RenderTableRow {TR} at (0,2) size 398x25
            RenderTableCell {TD} at (2,2) size 64x25 [border: (1px inset #808080)] [r=0 c=0 rs=1 cs=1]
              RenderText {#text} at (2,2) size 30x21
                text run at (2,2) width 30: "auto"
            RenderTableCell {TD} at (68,2) size 131x25 [border: (1px inset #808080)] [r=0 c=1 rs=1 cs=1]
              RenderText {#text} at (2,2) size 65x21
                text run at (2,2) width 65: "auto-auto"
            RenderTableCell {TD} at (201,2) size 195x25 [border: (1px inset #808080)] [r=0 c=2 rs=1 cs=1]
              RenderText {#text} at (2,2) size 98x21
                text run at (2,2) width 98: "auto auto auto"
      RenderBlock (anonymous) at (0,344) size 768x42
        RenderBR {BR} at (0,0) size 0x21
        RenderText {#text} at (0,21) size 113x21
          text run at (0,21) width 113: "auto table cols=3"
      RenderTable {TABLE} at (0,386) size 215x31 [border: (1px outset #808080)]
        RenderTableSection {TBODY} at (1,1) size 213x29
          RenderTableRow {TR} at (0,2) size 213x25
            RenderTableCell {TD} at (2,2) size 34x25 [border: (1px inset #808080)] [r=0 c=0 rs=1 cs=1]
              RenderText {#text} at (2,2) size 30x21
                text run at (2,2) width 30: "auto"
            RenderTableCell {TD} at (38,2) size 69x25 [border: (1px inset #808080)] [r=0 c=1 rs=1 cs=1]
              RenderText {#text} at (2,2) size 65x21
                text run at (2,2) width 65: "auto-auto"
            RenderTableCell {TD} at (109,2) size 102x25 [border: (1px inset #808080)] [r=0 c=2 rs=1 cs=1]
              RenderText {#text} at (2,2) size 98x21
                text run at (2,2) width 98: "auto auto auto"
      RenderBlock (anonymous) at (0,417) size 768x42
        RenderBR {BR} at (0,0) size 0x21
        RenderText {#text} at (0,21) size 116x21
          text run at (0,21) width 116: "fixed table cols=3"
      RenderTable {TABLE} at (0,459) size 400x31 [border: (1px outset #808080)]
        RenderTableSection {TBODY} at (1,1) size 398x29
          RenderTableRow {TR} at (0,2) size 398x25
            RenderTableCell {TD} at (2,2) size 64x25 [border: (1px inset #808080)] [r=0 c=0 rs=1 cs=1]
              RenderText {#text} at (2,2) size 30x21
                text run at (2,2) width 30: "auto"
            RenderTableCell {TD} at (68,2) size 131x25 [border: (1px inset #808080)] [r=0 c=1 rs=1 cs=1]
              RenderText {#text} at (2,2) size 65x21
                text run at (2,2) width 65: "auto-auto"
            RenderTableCell {TD} at (201,2) size 195x25 [border: (1px inset #808080)] [r=0 c=2 rs=1 cs=1]
              RenderText {#text} at (2,2) size 98x21
                text run at (2,2) width 98: "auto auto auto"
      RenderBlock (anonymous) at (0,490) size 768x42
        RenderBR {BR} at (0,0) size 0x21
        RenderText {#text} at (0,21) size 113x21
          text run at (0,21) width 113: "auto table cols=3"
      RenderTable {TABLE} at (0,532) size 385x31 [border: (1px outset #808080)]
        RenderTableSection {TBODY} at (1,1) size 383x29
          RenderTableRow {TR} at (0,2) size 383x25
            RenderTableCell {TD} at (2,2) size 204x25 [border: (1px inset #808080)] [r=0 c=0 rs=1 cs=1]
              RenderText {#text} at (2,2) size 24x21
                text run at (2,2) width 24: "200"
            RenderTableCell {TD} at (208,2) size 69x25 [border: (1px inset #808080)] [r=0 c=1 rs=1 cs=1]
              RenderText {#text} at (2,2) size 65x21
                text run at (2,2) width 65: "auto-auto"
            RenderTableCell {TD} at (279,2) size 102x25 [border: (1px inset #808080)] [r=0 c=2 rs=1 cs=1]
              RenderText {#text} at (2,2) size 98x21
                text run at (2,2) width 98: "auto auto auto"
      RenderBlock (anonymous) at (0,563) size 768x42
        RenderBR {BR} at (0,0) size 0x21
        RenderText {#text} at (0,21) size 116x21
          text run at (0,21) width 116: "fixed table cols=3"
      RenderTable {TABLE} at (0,605) size 400x31 [border: (1px outset #808080)]
        RenderTableSection {TBODY} at (1,1) size 398x29
          RenderTableRow {TR} at (0,2) size 398x25
            RenderTableCell {TD} at (2,2) size 204x25 [border: (1px inset #808080)] [r=0 c=0 rs=1 cs=1]
              RenderText {#text} at (2,2) size 24x21
                text run at (2,2) width 24: "200"
            RenderTableCell {TD} at (208,2) size 75x25 [border: (1px inset #808080)] [r=0 c=1 rs=1 cs=1]
              RenderText {#text} at (2,2) size 65x21
                text run at (2,2) width 65: "auto-auto"
            RenderTableCell {TD} at (285,2) size 111x25 [border: (1px inset #808080)] [r=0 c=2 rs=1 cs=1]
              RenderText {#text} at (2,2) size 98x21
                text run at (2,2) width 98: "auto auto auto"
      RenderBlock (anonymous) at (0,636) size 768x42
        RenderBR {BR} at (0,0) size 0x21
        RenderText {#text} at (0,21) size 113x21
          text run at (0,21) width 113: "auto table cols=2"
      RenderTable {TABLE} at (0,678) size 317x31 [border: (1px outset #808080)]
        RenderTableSection {TBODY} at (1,1) size 315x29
          RenderTableRow {TR} at (0,2) size 315x25
            RenderTableCell {TD} at (2,2) size 34x25 [border: (1px inset #808080)] [r=0 c=0 rs=1 cs=1]
              RenderText {#text} at (2,2) size 30x21
                text run at (2,2) width 30: "auto"
            RenderTableCell {TD} at (38,2) size 69x25 [border: (1px inset #808080)] [r=0 c=1 rs=1 cs=1]
              RenderText {#text} at (2,2) size 65x21
                text run at (2,2) width 65: "auto-auto"
            RenderTableCell {TD} at (109,2) size 204x25 [border: (1px inset #808080)] [r=0 c=2 rs=1 cs=1]
              RenderText {#text} at (2,2) size 24x21
                text run at (2,2) width 24: "200"
      RenderBlock (anonymous) at (0,709) size 768x42
        RenderBR {BR} at (0,0) size 0x21
        RenderText {#text} at (0,21) size 116x21
          text run at (0,21) width 116: "fixed table cols=2"
      RenderTable {TABLE} at (0,751) size 400x31 [border: (1px outset #808080)]
        RenderTableSection {TBODY} at (1,1) size 398x29
          RenderTableRow {TR} at (0,2) size 398x25
            RenderTableCell {TD} at (2,2) size 61x25 [border: (1px inset #808080)] [r=0 c=0 rs=1 cs=1]
              RenderText {#text} at (2,2) size 30x21
                text run at (2,2) width 30: "auto"
            RenderTableCell {TD} at (65,2) size 125x25 [border: (1px inset #808080)] [r=0 c=1 rs=1 cs=1]
              RenderText {#text} at (2,2) size 65x21
                text run at (2,2) width 65: "auto-auto"
            RenderTableCell {TD} at (192,2) size 204x25 [border: (1px inset #808080)] [r=0 c=2 rs=1 cs=1]
              RenderText {#text} at (2,2) size 24x21
                text run at (2,2) width 24: "200"
      RenderBlock (anonymous) at (0,782) size 768x21
        RenderText {#text} at (0,0) size 67x21
          text run at (0,0) width 67: "auto table"
      RenderTable {TABLE} at (0,803) size 90x31 [border: (1px outset #808080)]
        RenderTableSection {TBODY} at (1,1) size 88x29
          RenderTableRow {TR} at (0,2) size 88x25
            RenderTableCell {TD} at (2,2) size 48x25 [border: (1px inset #808080)] [r=0 c=0 rs=1 cs=1]
              RenderText {#text} at (2,2) size 44x21
                text run at (2,2) width 44: "0 0 0 0"
            RenderTableCell {TD} at (52,2) size 34x25 [border: (1px inset #808080)] [r=0 c=1 rs=1 cs=1]
              RenderText {#text} at (2,2) size 30x21
                text run at (2,2) width 30: "auto"
      RenderBlock (anonymous) at (0,834) size 768x42
        RenderBR {BR} at (0,0) size 0x21
        RenderText {#text} at (0,21) size 67x21
          text run at (0,21) width 67: "auto table"
      RenderTable {TABLE} at (0,876) size 154x31 [border: (1px outset #808080)]
        RenderTableSection {TBODY} at (1,1) size 152x29
          RenderTableRow {TR} at (0,2) size 152x25
            RenderTableCell {TD} at (2,2) size 112x25 [border: (1px inset #808080)] [r=0 c=0 rs=1 cs=1]
              RenderText {#text} at (2,2) size 108x21
                text run at (2,2) width 108: "0% 0% 0% 0%"
            RenderTableCell {TD} at (116,2) size 34x25 [border: (1px inset #808080)] [r=0 c=1 rs=1 cs=1]
              RenderText {#text} at (2,2) size 30x21
                text run at (2,2) width 30: "auto"
      RenderBlock (anonymous) at (0,907) size 768x42
        RenderBR {BR} at (0,0) size 0x21
        RenderText {#text} at (0,21) size 67x21
          text run at (0,21) width 67: "auto table"
      RenderTable {TABLE} at (0,949) size 85x31 [border: (1px outset #808080)]
        RenderTableCol {COLGROUP} at (0,0) size 0x0
          RenderTableCol {COL} at (0,0) size 0x0
        RenderTableSection {TBODY} at (1,1) size 83x29
          RenderTableRow {TR} at (0,2) size 83x25
            RenderTableCell {TD} at (2,2) size 43x25 [border: (1px inset #808080)] [r=0 c=0 rs=1 cs=1]
              RenderText {#text} at (2,2) size 39x21
                text run at (2,2) width 39: "0* col"
            RenderTableCell {TD} at (47,2) size 34x25 [border: (1px inset #808080)] [r=0 c=1 rs=1 cs=1]
              RenderText {#text} at (2,2) size 30x21
                text run at (2,2) width 30: "auto"
      RenderBlock (anonymous) at (0,980) size 768x42
        RenderBR {BR} at (0,0) size 0x21
        RenderText {#text} at (0,21) size 70x21
          text run at (0,21) width 70: "fixed table"
      RenderTable {TABLE} at (0,1022) size 200x31 [border: (1px outset #808080)]
        RenderTableCol {COLGROUP} at (0,0) size 0x0
          RenderTableCol {COL} at (0,0) size 0x0
        RenderTableSection {TBODY} at (1,1) size 198x29
          RenderTableRow {TR} at (0,2) size 198x25
            RenderTableCell {TD} at (2,2) size 107x25 [border: (1px inset #808080)] [r=0 c=0 rs=1 cs=1]
              RenderText {#text} at (2,2) size 39x21
                text run at (2,2) width 39: "0* col"
            RenderTableCell {TD} at (111,2) size 85x25 [border: (1px inset #808080)] [r=0 c=1 rs=1 cs=1]
              RenderText {#text} at (2,2) size 30x21
                text run at (2,2) width 30: "auto"
