layer at (0,0) size 784x2593
  RenderView at (0,0) size 784x600
layer at (0,0) size 784x2593
  RenderBlock {HTML} at (0,0) size 784x2593
    RenderBody {BODY} at (8,21) size 768x2564
      RenderBlock {H1} at (0,0) size 768x42
        RenderText {#text} at (0,0) size 541x41
          text run at (0,0) width 541: "Problems with COLSPAN and WIDTH"
      RenderBlock {P} at (0,63) size 768x21
        RenderText {#text} at (0,0) size 270x21
          text run at (0,0) width 270: "Each block of tables should be identical."
      RenderBlock {H2} at (0,103) size 768x31
        RenderText {#text} at (0,0) size 129x32
          text run at (0,0) width 129: "Sized Tables"
      RenderBlock {P} at (0,153) size 768x42
        RenderText {#text} at (0,0) size 756x42
          text run at (0,0) width 756: "The following tables have width=400, which should make them the same width as the red lines which are caused"
          text run at (0,21) width 62: "by DIVs:"
      RenderBlock {H3} at (0,213) size 768x25
        RenderText {#text} at (0,0) size 65x25
          text run at (0,0) width 65: "260/140"
      RenderBlock {DIV} at (0,256) size 406x6 [border: (3px solid #FF0000)]
      RenderTable {TABLE} at (0,262) size 400x52
        RenderTableSection {TBODY} at (0,0) size 400x52
          RenderTableRow {TR} at (0,2) size 400x23
            RenderTableCell {TD} at (2,2) size 252x23 [bgcolor=#00FF00] [r=0 c=0 rs=1 cs=1]
              RenderText {#text} at (1,1) size 34x21
                text run at (1,1) width 34: "plain"
            RenderTableCell {TD} at (256,2) size 142x23 [bgcolor=#FFFF00] [r=0 c=1 rs=1 cs=1]
              RenderText {#text} at (1,1) size 72x21
                text run at (1,1) width 72: "width=140"
          RenderTableRow {TR} at (0,27) size 400x23
            RenderTableCell {TD} at (2,27) size 396x23 [bgcolor=#FF00FF] [r=1 c=0 rs=1 cs=2]
              RenderText {#text} at (1,1) size 144x21
                text run at (1,1) width 144: "colspan=2 width=400"
      RenderBlock {DIV} at (0,314) size 406x6 [border: (3px solid #FF0000)]
      RenderTable {TABLE} at (0,320) size 400x52
        RenderTableSection {TBODY} at (0,0) size 400x52
          RenderTableRow {TR} at (0,2) size 400x23
            RenderTableCell {TD} at (2,2) size 262x23 [bgcolor=#00FF00] [r=0 c=0 rs=1 cs=1]
              RenderText {#text} at (1,1) size 72x21
                text run at (1,1) width 72: "width=260"
            RenderTableCell {TD} at (266,2) size 132x23 [bgcolor=#FFFF00] [r=0 c=1 rs=1 cs=1]
              RenderText {#text} at (1,1) size 34x21
                text run at (1,1) width 34: "plain"
          RenderTableRow {TR} at (0,27) size 400x23
            RenderTableCell {TD} at (2,27) size 396x23 [bgcolor=#FF00FF] [r=1 c=0 rs=1 cs=2]
              RenderText {#text} at (1,1) size 144x21
                text run at (1,1) width 144: "colspan=2 width=400"
      RenderBlock {DIV} at (0,372) size 406x6 [border: (3px solid #FF0000)]
      RenderTable {TABLE} at (0,378) size 400x52
        RenderTableSection {TBODY} at (0,0) size 400x52
          RenderTableRow {TR} at (0,2) size 400x23
            RenderTableCell {TD} at (2,2) size 254x23 [bgcolor=#00FF00] [r=0 c=0 rs=1 cs=1]
              RenderText {#text} at (1,1) size 72x21
                text run at (1,1) width 72: "width=260"
            RenderTableCell {TD} at (258,2) size 140x23 [bgcolor=#FFFF00] [r=0 c=1 rs=1 cs=1]
              RenderText {#text} at (1,1) size 72x21
                text run at (1,1) width 72: "width=140"
          RenderTableRow {TR} at (0,27) size 400x23
            RenderTableCell {TD} at (2,27) size 396x23 [bgcolor=#FF00FF] [r=1 c=0 rs=1 cs=2]
              RenderText {#text} at (1,1) size 144x21
                text run at (1,1) width 144: "colspan=2 width=400"
      RenderBlock {DIV} at (0,430) size 406x6 [border: (3px solid #FF0000)]
      RenderTable {TABLE} at (0,436) size 400x52
        RenderTableSection {TBODY} at (0,0) size 400x52
          RenderTableRow {TR} at (0,2) size 400x23
            RenderTableCell {TD} at (2,2) size 254x23 [bgcolor=#00FF00] [r=0 c=0 rs=1 cs=1]
              RenderText {#text} at (1,1) size 72x21
                text run at (1,1) width 72: "width=260"
            RenderTableCell {TD} at (258,2) size 140x23 [bgcolor=#FFFF00] [r=0 c=1 rs=1 cs=1]
              RenderText {#text} at (1,1) size 72x21
                text run at (1,1) width 72: "width=140"
          RenderTableRow {TR} at (0,27) size 400x23
            RenderTableCell {TD} at (2,27) size 396x23 [bgcolor=#FF00FF] [r=1 c=0 rs=1 cs=2]
              RenderText {#text} at (1,1) size 68x21
                text run at (1,1) width 68: "colspan=2"
      RenderBlock {DIV} at (0,488) size 406x6 [border: (3px solid #FF0000)]
      RenderTable {TABLE} at (0,494) size 400x52
        RenderTableSection {TBODY} at (0,0) size 400x52
          RenderTableRow {TR} at (0,2) size 400x23
            RenderTableCell {TD} at (2,2) size 256x23 [bgcolor=#00FF00] [r=0 c=0 rs=1 cs=1]
              RenderText {#text} at (1,1) size 80x21
                text run at (1,1) width 80: "width=65%"
            RenderTableCell {TD} at (260,2) size 138x23 [bgcolor=#FFFF00] [r=0 c=1 rs=1 cs=1]
              RenderText {#text} at (1,1) size 34x21
                text run at (1,1) width 34: "plain"
          RenderTableRow {TR} at (0,27) size 400x23
            RenderTableCell {TD} at (2,27) size 396x23 [bgcolor=#FF00FF] [r=1 c=0 rs=1 cs=2]
              RenderText {#text} at (1,1) size 68x21
                text run at (1,1) width 68: "colspan=2"
      RenderBlock {DIV} at (0,546) size 406x6 [border: (3px solid #FF0000)]
      RenderTable {TABLE} at (0,552) size 400x52
        RenderTableSection {TBODY} at (0,0) size 400x52
          RenderTableRow {TR} at (0,2) size 400x23
            RenderTableCell {TD} at (2,2) size 257x23 [bgcolor=#00FF00] [r=0 c=0 rs=1 cs=1]
              RenderText {#text} at (1,1) size 34x21
                text run at (1,1) width 34: "plain"
            RenderTableCell {TD} at (261,2) size 137x23 [bgcolor=#FFFF00] [r=0 c=1 rs=1 cs=1]
              RenderText {#text} at (1,1) size 80x21
                text run at (1,1) width 80: "width=35%"
          RenderTableRow {TR} at (0,27) size 400x23
            RenderTableCell {TD} at (2,27) size 396x23 [bgcolor=#FF00FF] [r=1 c=0 rs=1 cs=2]
              RenderText {#text} at (1,1) size 68x21
                text run at (1,1) width 68: "colspan=2"
      RenderBlock {DIV} at (0,604) size 406x6 [border: (3px solid #FF0000)]
      RenderTable {TABLE} at (0,610) size 400x52
        RenderTableSection {TBODY} at (0,0) size 400x52
          RenderTableRow {TR} at (0,2) size 400x23
            RenderTableCell {TD} at (2,2) size 257x23 [bgcolor=#00FF00] [r=0 c=0 rs=1 cs=1]
              RenderText {#text} at (1,1) size 80x21
                text run at (1,1) width 80: "width=65%"
            RenderTableCell {TD} at (261,2) size 137x23 [bgcolor=#FFFF00] [r=0 c=1 rs=1 cs=1]
              RenderText {#text} at (1,1) size 80x21
                text run at (1,1) width 80: "width=35%"
          RenderTableRow {TR} at (0,27) size 400x23
            RenderTableCell {TD} at (2,27) size 396x23 [bgcolor=#FF00FF] [r=1 c=0 rs=1 cs=2]
              RenderText {#text} at (1,1) size 68x21
                text run at (1,1) width 68: "colspan=2"
      RenderBlock {DIV} at (0,662) size 406x6 [border: (3px solid #FF0000)]
      RenderBlock {H3} at (0,686) size 768x25
        RenderText {#text} at (0,0) size 65x25
          text run at (0,0) width 65: "140/260"
      RenderBlock {DIV} at (0,729) size 406x6 [border: (3px solid #FF0000)]
      RenderTable {TABLE} at (0,735) size 400x52
        RenderTableSection {TBODY} at (0,0) size 400x52
          RenderTableRow {TR} at (0,2) size 400x23
            RenderTableCell {TD} at (2,2) size 142x23 [bgcolor=#00FF00] [r=0 c=0 rs=1 cs=1]
              RenderText {#text} at (1,1) size 72x21
                text run at (1,1) width 72: "width=140"
            RenderTableCell {TD} at (146,2) size 252x23 [bgcolor=#FFFF00] [r=0 c=1 rs=1 cs=1]
              RenderText {#text} at (1,1) size 34x21
                text run at (1,1) width 34: "plain"
          RenderTableRow {TR} at (0,27) size 400x23
            RenderTableCell {TD} at (2,27) size 396x23 [bgcolor=#FF00FF] [r=1 c=0 rs=1 cs=2]
              RenderText {#text} at (1,1) size 144x21
                text run at (1,1) width 144: "colspan=2 width=400"
      RenderBlock {DIV} at (0,787) size 406x6 [border: (3px solid #FF0000)]
      RenderTable {TABLE} at (0,793) size 400x52
        RenderTableSection {TBODY} at (0,0) size 400x52
          RenderTableRow {TR} at (0,2) size 400x23
            RenderTableCell {TD} at (2,2) size 132x23 [bgcolor=#00FF00] [r=0 c=0 rs=1 cs=1]
              RenderText {#text} at (1,1) size 34x21
                text run at (1,1) width 34: "plain"
            RenderTableCell {TD} at (136,2) size 262x23 [bgcolor=#FFFF00] [r=0 c=1 rs=1 cs=1]
              RenderText {#text} at (1,1) size 72x21
                text run at (1,1) width 72: "width=260"
          RenderTableRow {TR} at (0,27) size 400x23
            RenderTableCell {TD} at (2,27) size 396x23 [bgcolor=#FF00FF] [r=1 c=0 rs=1 cs=2]
              RenderText {#text} at (1,1) size 144x21
                text run at (1,1) width 144: "colspan=2 width=400"
      RenderBlock {DIV} at (0,845) size 406x6 [border: (3px solid #FF0000)]
      RenderTable {TABLE} at (0,851) size 400x52
        RenderTableSection {TBODY} at (0,0) size 400x52
          RenderTableRow {TR} at (0,2) size 400x23
            RenderTableCell {TD} at (2,2) size 139x23 [bgcolor=#00FF00] [r=0 c=0 rs=1 cs=1]
              RenderText {#text} at (1,1) size 72x21
                text run at (1,1) width 72: "width=140"
            RenderTableCell {TD} at (143,2) size 255x23 [bgcolor=#FFFF00] [r=0 c=1 rs=1 cs=1]
              RenderText {#text} at (1,1) size 72x21
                text run at (1,1) width 72: "width=260"
          RenderTableRow {TR} at (0,27) size 400x23
            RenderTableCell {TD} at (2,27) size 396x23 [bgcolor=#FF00FF] [r=1 c=0 rs=1 cs=2]
              RenderText {#text} at (1,1) size 144x21
                text run at (1,1) width 144: "colspan=2 width=400"
      RenderBlock {DIV} at (0,903) size 406x6 [border: (3px solid #FF0000)]
      RenderTable {TABLE} at (0,909) size 400x52
        RenderTableSection {TBODY} at (0,0) size 400x52
          RenderTableRow {TR} at (0,2) size 400x23
            RenderTableCell {TD} at (2,2) size 139x23 [bgcolor=#00FF00] [r=0 c=0 rs=1 cs=1]
              RenderText {#text} at (1,1) size 72x21
                text run at (1,1) width 72: "width=140"
            RenderTableCell {TD} at (143,2) size 255x23 [bgcolor=#FFFF00] [r=0 c=1 rs=1 cs=1]
              RenderText {#text} at (1,1) size 72x21
                text run at (1,1) width 72: "width=260"
          RenderTableRow {TR} at (0,27) size 400x23
            RenderTableCell {TD} at (2,27) size 396x23 [bgcolor=#FF00FF] [r=1 c=0 rs=1 cs=2]
              RenderText {#text} at (1,1) size 68x21
                text run at (1,1) width 68: "colspan=2"
      RenderBlock {DIV} at (0,961) size 406x6 [border: (3px solid #FF0000)]
      RenderTable {TABLE} at (0,967) size 400x52
        RenderTableSection {TBODY} at (0,0) size 400x52
          RenderTableRow {TR} at (0,2) size 400x23
            RenderTableCell {TD} at (2,2) size 137x23 [bgcolor=#00FF00] [r=0 c=0 rs=1 cs=1]
              RenderText {#text} at (1,1) size 80x21
                text run at (1,1) width 80: "width=35%"
            RenderTableCell {TD} at (141,2) size 257x23 [bgcolor=#FFFF00] [r=0 c=1 rs=1 cs=1]
              RenderText {#text} at (1,1) size 34x21
                text run at (1,1) width 34: "plain"
          RenderTableRow {TR} at (0,27) size 400x23
            RenderTableCell {TD} at (2,27) size 396x23 [bgcolor=#FF00FF] [r=1 c=0 rs=1 cs=2]
              RenderText {#text} at (1,1) size 68x21
                text run at (1,1) width 68: "colspan=2"
      RenderBlock {DIV} at (0,1019) size 406x6 [border: (3px solid #FF0000)]
      RenderTable {TABLE} at (0,1025) size 400x52
        RenderTableSection {TBODY} at (0,0) size 400x52
          RenderTableRow {TR} at (0,2) size 400x23
            RenderTableCell {TD} at (2,2) size 138x23 [bgcolor=#00FF00] [r=0 c=0 rs=1 cs=1]
              RenderText {#text} at (1,1) size 34x21
                text run at (1,1) width 34: "plain"
            RenderTableCell {TD} at (142,2) size 256x23 [bgcolor=#FFFF00] [r=0 c=1 rs=1 cs=1]
              RenderText {#text} at (1,1) size 80x21
                text run at (1,1) width 80: "width=65%"
          RenderTableRow {TR} at (0,27) size 400x23
            RenderTableCell {TD} at (2,27) size 396x23 [bgcolor=#FF00FF] [r=1 c=0 rs=1 cs=2]
              RenderText {#text} at (1,1) size 68x21
                text run at (1,1) width 68: "colspan=2"
      RenderBlock {DIV} at (0,1077) size 406x6 [border: (3px solid #FF0000)]
      RenderTable {TABLE} at (0,1083) size 400x52
        RenderTableSection {TBODY} at (0,0) size 400x52
          RenderTableRow {TR} at (0,2) size 400x23
            RenderTableCell {TD} at (2,2) size 138x23 [bgcolor=#00FF00] [r=0 c=0 rs=1 cs=1]
              RenderText {#text} at (1,1) size 80x21
                text run at (1,1) width 80: "width=35%"
            RenderTableCell {TD} at (142,2) size 256x23 [bgcolor=#FFFF00] [r=0 c=1 rs=1 cs=1]
              RenderText {#text} at (1,1) size 80x21
                text run at (1,1) width 80: "width=65%"
          RenderTableRow {TR} at (0,27) size 400x23
            RenderTableCell {TD} at (2,27) size 396x23 [bgcolor=#FF00FF] [r=1 c=0 rs=1 cs=2]
              RenderText {#text} at (1,1) size 68x21
                text run at (1,1) width 68: "colspan=2"
      RenderBlock {DIV} at (0,1135) size 406x6 [border: (3px solid #FF0000)]
      RenderBlock {H3} at (0,1159) size 768x25
        RenderText {#text} at (0,0) size 39x25
          text run at (0,0) width 39: "50%"
      RenderBlock {DIV} at (0,1202) size 406x6 [border: (3px solid #FF0000)]
      RenderTable {TABLE} at (0,1208) size 400x52
        RenderTableSection {TBODY} at (0,0) size 400x52
          RenderTableRow {TR} at (0,2) size 400x23
            RenderTableCell {TD} at (2,2) size 197x23 [bgcolor=#00FF00] [r=0 c=0 rs=1 cs=1]
              RenderText {#text} at (1,1) size 80x21
                text run at (1,1) width 80: "width=50%"
            RenderTableCell {TD} at (201,2) size 197x23 [bgcolor=#FFFF00] [r=0 c=1 rs=1 cs=1]
              RenderText {#text} at (1,1) size 34x21
                text run at (1,1) width 34: "plain"
          RenderTableRow {TR} at (0,27) size 400x23
            RenderTableCell {TD} at (2,27) size 396x23 [bgcolor=#FF00FF] [r=1 c=0 rs=1 cs=2]
              RenderText {#text} at (1,1) size 144x21
                text run at (1,1) width 144: "colspan=2 width=400"
      RenderBlock {DIV} at (0,1260) size 406x6 [border: (3px solid #FF0000)]
      RenderTable {TABLE} at (0,1266) size 400x52
        RenderTableSection {TBODY} at (0,0) size 400x52
          RenderTableRow {TR} at (0,2) size 400x23
            RenderTableCell {TD} at (2,2) size 197x23 [bgcolor=#00FF00] [r=0 c=0 rs=1 cs=1]
              RenderText {#text} at (1,1) size 34x21
                text run at (1,1) width 34: "plain"
            RenderTableCell {TD} at (201,2) size 197x23 [bgcolor=#FFFF00] [r=0 c=1 rs=1 cs=1]
              RenderText {#text} at (1,1) size 80x21
                text run at (1,1) width 80: "width=50%"
          RenderTableRow {TR} at (0,27) size 400x23
            RenderTableCell {TD} at (2,27) size 396x23 [bgcolor=#FF00FF] [r=1 c=0 rs=1 cs=2]
              RenderText {#text} at (1,1) size 144x21
                text run at (1,1) width 144: "colspan=2 width=400"
      RenderBlock {DIV} at (0,1318) size 406x6 [border: (3px solid #FF0000)]
      RenderTable {TABLE} at (0,1324) size 400x52
        RenderTableSection {TBODY} at (0,0) size 400x52
          RenderTableRow {TR} at (0,2) size 400x23
            RenderTableCell {TD} at (2,2) size 197x23 [bgcolor=#00FF00] [r=0 c=0 rs=1 cs=1]
              RenderText {#text} at (1,1) size 80x21
                text run at (1,1) width 80: "width=50%"
            RenderTableCell {TD} at (201,2) size 197x23 [bgcolor=#FFFF00] [r=0 c=1 rs=1 cs=1]
              RenderText {#text} at (1,1) size 80x21
                text run at (1,1) width 80: "width=50%"
          RenderTableRow {TR} at (0,27) size 400x23
            RenderTableCell {TD} at (2,27) size 396x23 [bgcolor=#FF00FF] [r=1 c=0 rs=1 cs=2]
              RenderText {#text} at (1,1) size 144x21
                text run at (1,1) width 144: "colspan=2 width=400"
      RenderBlock {DIV} at (0,1376) size 406x6 [border: (3px solid #FF0000)]
      RenderTable {TABLE} at (0,1382) size 400x52
        RenderTableSection {TBODY} at (0,0) size 400x52
          RenderTableRow {TR} at (0,2) size 400x23
            RenderTableCell {TD} at (2,2) size 197x23 [bgcolor=#00FF00] [r=0 c=0 rs=1 cs=1]
              RenderText {#text} at (1,1) size 34x21
                text run at (1,1) width 34: "plain"
            RenderTableCell {TD} at (201,2) size 197x23 [bgcolor=#FFFF00] [r=0 c=1 rs=1 cs=1]
              RenderText {#text} at (1,1) size 34x21
                text run at (1,1) width 34: "plain"
          RenderTableRow {TR} at (0,27) size 400x23
            RenderTableCell {TD} at (2,27) size 396x23 [bgcolor=#FF00FF] [r=1 c=0 rs=1 cs=2]
              RenderText {#text} at (1,1) size 144x21
                text run at (1,1) width 144: "colspan=2 width=400"
      RenderBlock {DIV} at (0,1434) size 406x6 [border: (3px solid #FF0000)]
      RenderTable {TABLE} at (0,1440) size 400x52
        RenderTableSection {TBODY} at (0,0) size 400x52
          RenderTableRow {TR} at (0,2) size 400x23
            RenderTableCell {TD} at (2,2) size 197x23 [bgcolor=#00FF00] [r=0 c=0 rs=1 cs=1]
              RenderText {#text} at (1,1) size 72x21
                text run at (1,1) width 72: "width=200"
            RenderTableCell {TD} at (201,2) size 197x23 [bgcolor=#FFFF00] [r=0 c=1 rs=1 cs=1]
              RenderText {#text} at (1,1) size 72x21
                text run at (1,1) width 72: "width=200"
          RenderTableRow {TR} at (0,27) size 400x23
            RenderTableCell {TD} at (2,27) size 396x23 [bgcolor=#FF00FF] [r=1 c=0 rs=1 cs=2]
              RenderText {#text} at (1,1) size 68x21
                text run at (1,1) width 68: "colspan=2"
      RenderBlock {DIV} at (0,1492) size 406x6 [border: (3px solid #FF0000)]
      RenderBlock {H2} at (0,1517) size 768x31
        RenderText {#text} at (0,0) size 230x32
          text run at (0,0) width 230: "Tables Without Width"
      RenderBlock {P} at (0,1567) size 768x42
        RenderText {#text} at (0,0) size 742x42
          text run at (0,0) width 742: "The following tables have no width. They should still be the same size, by virtue of them having a 400 pixel cell"
          text run at (0,21) width 221: "and no padding/margin/borders."
      RenderBlock {H3} at (0,1627) size 768x25
        RenderText {#text} at (0,0) size 65x25
          text run at (0,0) width 65: "260/140"
      RenderBlock {DIV} at (0,1670) size 406x6 [border: (3px solid #FF0000)]
      RenderTable {TABLE} at (0,1676) size 406x52
        RenderTableSection {TBODY} at (0,0) size 406x52
          RenderTableRow {TR} at (0,2) size 406x23
            RenderTableCell {TD} at (2,2) size 258x23 [bgcolor=#00FF00] [r=0 c=0 rs=1 cs=1]
              RenderText {#text} at (1,1) size 34x21
                text run at (1,1) width 34: "plain"
            RenderTableCell {TD} at (262,2) size 142x23 [bgcolor=#FFFF00] [r=0 c=1 rs=1 cs=1]
              RenderText {#text} at (1,1) size 72x21
                text run at (1,1) width 72: "width=140"
          RenderTableRow {TR} at (0,27) size 406x23
            RenderTableCell {TD} at (2,27) size 402x23 [bgcolor=#FF00FF] [r=1 c=0 rs=1 cs=2]
              RenderText {#text} at (1,1) size 144x21
                text run at (1,1) width 144: "colspan=2 width=400"
      RenderBlock {DIV} at (0,1728) size 406x6 [border: (3px solid #FF0000)]
      RenderTable {TABLE} at (0,1734) size 406x52
        RenderTableSection {TBODY} at (0,0) size 406x52
          RenderTableRow {TR} at (0,2) size 406x23
            RenderTableCell {TD} at (2,2) size 262x23 [bgcolor=#00FF00] [r=0 c=0 rs=1 cs=1]
              RenderText {#text} at (1,1) size 72x21
                text run at (1,1) width 72: "width=260"
            RenderTableCell {TD} at (266,2) size 138x23 [bgcolor=#FFFF00] [r=0 c=1 rs=1 cs=1]
              RenderText {#text} at (1,1) size 34x21
                text run at (1,1) width 34: "plain"
          RenderTableRow {TR} at (0,27) size 406x23
            RenderTableCell {TD} at (2,27) size 402x23 [bgcolor=#FF00FF] [r=1 c=0 rs=1 cs=2]
              RenderText {#text} at (1,1) size 144x21
                text run at (1,1) width 144: "colspan=2 width=400"
      RenderBlock {DIV} at (0,1786) size 406x6 [border: (3px solid #FF0000)]
      RenderTable {TABLE} at (0,1792) size 410x52
        RenderTableSection {TBODY} at (0,0) size 410x52
          RenderTableRow {TR} at (0,2) size 410x23
            RenderTableCell {TD} at (2,2) size 262x23 [bgcolor=#00FF00] [r=0 c=0 rs=1 cs=1]
              RenderText {#text} at (1,1) size 72x21
                text run at (1,1) width 72: "width=260"
            RenderTableCell {TD} at (266,2) size 142x23 [bgcolor=#FFFF00] [r=0 c=1 rs=1 cs=1]
              RenderText {#text} at (1,1) size 72x21
                text run at (1,1) width 72: "width=140"
          RenderTableRow {TR} at (0,27) size 410x23
            RenderTableCell {TD} at (2,27) size 406x23 [bgcolor=#FF00FF] [r=1 c=0 rs=1 cs=2]
              RenderText {#text} at (1,1) size 144x21
                text run at (1,1) width 144: "colspan=2 width=400"
      RenderBlock {DIV} at (0,1844) size 406x6 [border: (3px solid #FF0000)]
      RenderTable {TABLE} at (0,1850) size 410x52
        RenderTableSection {TBODY} at (0,0) size 410x52
          RenderTableRow {TR} at (0,2) size 410x23
            RenderTableCell {TD} at (2,2) size 262x23 [bgcolor=#00FF00] [r=0 c=0 rs=1 cs=1]
              RenderText {#text} at (1,1) size 72x21
                text run at (1,1) width 72: "width=260"
            RenderTableCell {TD} at (266,2) size 142x23 [bgcolor=#FFFF00] [r=0 c=1 rs=1 cs=1]
              RenderText {#text} at (1,1) size 72x21
                text run at (1,1) width 72: "width=140"
          RenderTableRow {TR} at (0,27) size 410x23
            RenderTableCell {TD} at (2,27) size 406x23 [bgcolor=#FF00FF] [r=1 c=0 rs=1 cs=2]
              RenderText {#text} at (1,1) size 68x21
                text run at (1,1) width 68: "colspan=2"
      RenderBlock {DIV} at (0,1902) size 406x6 [border: (3px solid #FF0000)]
      RenderBlock {H3} at (0,1926) size 768x25
        RenderText {#text} at (0,0) size 65x25
          text run at (0,0) width 65: "140/260"
      RenderBlock {DIV} at (0,1969) size 406x6 [border: (3px solid #FF0000)]
      RenderTable {TABLE} at (0,1975) size 406x52
        RenderTableSection {TBODY} at (0,0) size 406x52
          RenderTableRow {TR} at (0,2) size 406x23
            RenderTableCell {TD} at (2,2) size 142x23 [bgcolor=#00FF00] [r=0 c=0 rs=1 cs=1]
              RenderText {#text} at (1,1) size 72x21
                text run at (1,1) width 72: "width=140"
            RenderTableCell {TD} at (146,2) size 258x23 [bgcolor=#FFFF00] [r=0 c=1 rs=1 cs=1]
              RenderText {#text} at (1,1) size 34x21
                text run at (1,1) width 34: "plain"
          RenderTableRow {TR} at (0,27) size 406x23
            RenderTableCell {TD} at (2,27) size 402x23 [bgcolor=#FF00FF] [r=1 c=0 rs=1 cs=2]
              RenderText {#text} at (1,1) size 144x21
                text run at (1,1) width 144: "colspan=2 width=400"
      RenderBlock {DIV} at (0,2027) size 406x6 [border: (3px solid #FF0000)]
      RenderTable {TABLE} at (0,2033) size 406x52
        RenderTableSection {TBODY} at (0,0) size 406x52
          RenderTableRow {TR} at (0,2) size 406x23
            RenderTableCell {TD} at (2,2) size 138x23 [bgcolor=#00FF00] [r=0 c=0 rs=1 cs=1]
              RenderText {#text} at (1,1) size 34x21
                text run at (1,1) width 34: "plain"
            RenderTableCell {TD} at (142,2) size 262x23 [bgcolor=#FFFF00] [r=0 c=1 rs=1 cs=1]
              RenderText {#text} at (1,1) size 72x21
                text run at (1,1) width 72: "width=260"
          RenderTableRow {TR} at (0,27) size 406x23
            RenderTableCell {TD} at (2,27) size 402x23 [bgcolor=#FF00FF] [r=1 c=0 rs=1 cs=2]
              RenderText {#text} at (1,1) size 144x21
                text run at (1,1) width 144: "colspan=2 width=400"
      RenderBlock {DIV} at (0,2085) size 406x6 [border: (3px solid #FF0000)]
      RenderTable {TABLE} at (0,2091) size 410x52
        RenderTableSection {TBODY} at (0,0) size 410x52
          RenderTableRow {TR} at (0,2) size 410x23
            RenderTableCell {TD} at (2,2) size 142x23 [bgcolor=#00FF00] [r=0 c=0 rs=1 cs=1]
              RenderText {#text} at (1,1) size 72x21
                text run at (1,1) width 72: "width=140"
            RenderTableCell {TD} at (146,2) size 262x23 [bgcolor=#FFFF00] [r=0 c=1 rs=1 cs=1]
              RenderText {#text} at (1,1) size 72x21
                text run at (1,1) width 72: "width=260"
          RenderTableRow {TR} at (0,27) size 410x23
            RenderTableCell {TD} at (2,27) size 406x23 [bgcolor=#FF00FF] [r=1 c=0 rs=1 cs=2]
              RenderText {#text} at (1,1) size 144x21
                text run at (1,1) width 144: "colspan=2 width=400"
      RenderBlock {DIV} at (0,2143) size 406x6 [border: (3px solid #FF0000)]
      RenderTable {TABLE} at (0,2149) size 410x52
        RenderTableSection {TBODY} at (0,0) size 410x52
          RenderTableRow {TR} at (0,2) size 410x23
            RenderTableCell {TD} at (2,2) size 142x23 [bgcolor=#00FF00] [r=0 c=0 rs=1 cs=1]
              RenderText {#text} at (1,1) size 72x21
                text run at (1,1) width 72: "width=140"
            RenderTableCell {TD} at (146,2) size 262x23 [bgcolor=#FFFF00] [r=0 c=1 rs=1 cs=1]
              RenderText {#text} at (1,1) size 72x21
                text run at (1,1) width 72: "width=260"
          RenderTableRow {TR} at (0,27) size 410x23
            RenderTableCell {TD} at (2,27) size 406x23 [bgcolor=#FF00FF] [r=1 c=0 rs=1 cs=2]
              RenderText {#text} at (1,1) size 68x21
                text run at (1,1) width 68: "colspan=2"
      RenderBlock {DIV} at (0,2201) size 406x6 [border: (3px solid #FF0000)]
      RenderBlock {H3} at (0,2225) size 768x25
        RenderText {#text} at (0,0) size 39x25
          text run at (0,0) width 39: "50%"
      RenderBlock {DIV} at (0,2268) size 406x6 [border: (3px solid #FF0000)]
      RenderTable {TABLE} at (0,2274) size 560x52
        RenderTableSection {TBODY} at (0,0) size 560x52
          RenderTableRow {TR} at (0,2) size 560x23
            RenderTableCell {TD} at (2,2) size 277x23 [bgcolor=#00FF00] [r=0 c=0 rs=1 cs=1]
              RenderText {#text} at (1,1) size 80x21
                text run at (1,1) width 80: "width=50%"
            RenderTableCell {TD} at (281,2) size 277x23 [bgcolor=#FFFF00] [r=0 c=1 rs=1 cs=1]
              RenderText {#text} at (1,1) size 34x21
                text run at (1,1) width 34: "plain"
          RenderTableRow {TR} at (0,27) size 560x23
            RenderTableCell {TD} at (2,27) size 556x23 [bgcolor=#FF00FF] [r=1 c=0 rs=1 cs=2]
              RenderText {#text} at (1,1) size 144x21
                text run at (1,1) width 144: "colspan=2 width=400"
      RenderBlock {DIV} at (0,2326) size 406x6 [border: (3px solid #FF0000)]
      RenderTable {TABLE} at (0,2332) size 562x52
        RenderTableSection {TBODY} at (0,0) size 562x52
          RenderTableRow {TR} at (0,2) size 562x23
            RenderTableCell {TD} at (2,2) size 278x23 [bgcolor=#00FF00] [r=0 c=0 rs=1 cs=1]
              RenderText {#text} at (1,1) size 34x21
                text run at (1,1) width 34: "plain"
            RenderTableCell {TD} at (282,2) size 278x23 [bgcolor=#FFFF00] [r=0 c=1 rs=1 cs=1]
              RenderText {#text} at (1,1) size 80x21
                text run at (1,1) width 80: "width=50%"
          RenderTableRow {TR} at (0,27) size 562x23
            RenderTableCell {TD} at (2,27) size 558x23 [bgcolor=#FF00FF] [r=1 c=0 rs=1 cs=2]
              RenderText {#text} at (1,1) size 144x21
                text run at (1,1) width 144: "colspan=2 width=400"
      RenderBlock {DIV} at (0,2384) size 406x6 [border: (3px solid #FF0000)]
      RenderTable {TABLE} at (0,2390) size 406x52
        RenderTableSection {TBODY} at (0,0) size 406x52
          RenderTableRow {TR} at (0,2) size 406x23
            RenderTableCell {TD} at (2,2) size 200x23 [bgcolor=#00FF00] [r=0 c=0 rs=1 cs=1]
              RenderText {#text} at (1,1) size 80x21
                text run at (1,1) width 80: "width=50%"
            RenderTableCell {TD} at (204,2) size 200x23 [bgcolor=#FFFF00] [r=0 c=1 rs=1 cs=1]
              RenderText {#text} at (1,1) size 80x21
                text run at (1,1) width 80: "width=50%"
          RenderTableRow {TR} at (0,27) size 406x23
            RenderTableCell {TD} at (2,27) size 402x23 [bgcolor=#FF00FF] [r=1 c=0 rs=1 cs=2]
              RenderText {#text} at (1,1) size 144x21
                text run at (1,1) width 144: "colspan=2 width=400"
      RenderBlock {DIV} at (0,2442) size 406x6 [border: (3px solid #FF0000)]
      RenderTable {TABLE} at (0,2448) size 406x52
        RenderTableSection {TBODY} at (0,0) size 406x52
          RenderTableRow {TR} at (0,2) size 406x23
            RenderTableCell {TD} at (2,2) size 200x23 [bgcolor=#00FF00] [r=0 c=0 rs=1 cs=1]
              RenderText {#text} at (1,1) size 34x21
                text run at (1,1) width 34: "plain"
            RenderTableCell {TD} at (204,2) size 200x23 [bgcolor=#FFFF00] [r=0 c=1 rs=1 cs=1]
              RenderText {#text} at (1,1) size 34x21
                text run at (1,1) width 34: "plain"
          RenderTableRow {TR} at (0,27) size 406x23
            RenderTableCell {TD} at (2,27) size 402x23 [bgcolor=#FF00FF] [r=1 c=0 rs=1 cs=2]
              RenderText {#text} at (1,1) size 144x21
                text run at (1,1) width 144: "colspan=2 width=400"
      RenderBlock {DIV} at (0,2500) size 406x6 [border: (3px solid #FF0000)]
      RenderTable {TABLE} at (0,2506) size 410x52
        RenderTableSection {TBODY} at (0,0) size 410x52
          RenderTableRow {TR} at (0,2) size 410x23
            RenderTableCell {TD} at (2,2) size 202x23 [bgcolor=#00FF00] [r=0 c=0 rs=1 cs=1]
              RenderText {#text} at (1,1) size 72x21
                text run at (1,1) width 72: "width=200"
            RenderTableCell {TD} at (206,2) size 202x23 [bgcolor=#FFFF00] [r=0 c=1 rs=1 cs=1]
              RenderText {#text} at (1,1) size 72x21
                text run at (1,1) width 72: "width=200"
          RenderTableRow {TR} at (0,27) size 410x23
            RenderTableCell {TD} at (2,27) size 406x23 [bgcolor=#FF00FF] [r=1 c=0 rs=1 cs=2]
              RenderText {#text} at (1,1) size 68x21
                text run at (1,1) width 68: "colspan=2"
      RenderBlock {DIV} at (0,2558) size 406x6 [border: (3px solid #FF0000)]
