layer at (0,0) size 800x600
  RenderView at (0,0) size 800x600
layer at (0,0) size 800x600
  RenderBlock {HTML} at (0,0) size 800x600
    RenderBody {BODY} at (8,8) size 784x584
      RenderBlock {H2} at (3,0) size 778x20
        RenderText {#text} at (0,0) size 343x19
          text run at (0,0) width 343: "Horizontal meters with the non-themed default style"
      RenderBlock {UL} at (3,23) size 778x66
        RenderListItem {LI} at (43,0) size 732x20
          RenderMeter {METER} at (0,2) size 80x16
            RenderBlock {DIV} at (0,0) size 80x16
            RenderBlock {DIV} at (0,0) size 20x16
        RenderListItem {LI} at (43,23) size 732x20
          RenderMeter {METER} at (0,2) size 80x16
            RenderBlock {DIV} at (0,0) size 80x16
            RenderBlock {DIV} at (0,0) size 36x16
        RenderListItem {LI} at (43,46) size 732x20
          RenderMeter {METER} at (0,2) size 80x16
            RenderBlock {DIV} at (0,0) size 80x16
            RenderBlock {DIV} at (0,0) size 60x16
      RenderBlock {H2} at (3,92) size 778x20
        RenderText {#text} at (0,0) size 327x19
          text run at (0,0) width 327: "Vertical meters with the non-themed default style"
      RenderBlock {UL} at (3,115) size 778x132
        RenderListItem {LI} at (43,0) size 732x42
          RenderMeter {METER} at (0,0) size 30x40
            RenderBlock {DIV} at (0,0) size 30x40
            RenderBlock {DIV} at (0,30) size 30x10
        RenderListItem {LI} at (43,45) size 732x42
          RenderMeter {METER} at (0,0) size 30x40
            RenderBlock {DIV} at (0,0) size 30x40
            RenderBlock {DIV} at (0,22) size 30x18
        RenderListItem {LI} at (43,90) size 732x42
          RenderMeter {METER} at (0,0) size 30x40
            RenderBlock {DIV} at (0,0) size 30x40
            RenderBlock {DIV} at (0,10) size 30x30
      RenderBlock {H2} at (3,250) size 778x20
        RenderText {#text} at (0,0) size 149x19
          text run at (0,0) width 149: "Providing meter styles"
      RenderBlock {DIV} at (0,273) size 784x105 [bgcolor=#EEEEEE]
        RenderBlock {UL} at (3,0) size 778x105
          RenderListItem {LI} at (43,0) size 732x33
            RenderMeter {METER} at (0,0) size 230x31 [bgcolor=#AAAACC] [border: (10px solid #222244) (50px solid #222244) (5px solid #222244) (100px solid #222244)]
              RenderBlock {DIV} at (100,10) size 80x16
              RenderBlock {DIV} at (100,10) size 64x16
            RenderText {#text} at (230,13) size 69x19
              text run at (230,13) width 69: " has border"
          RenderListItem {LI} at (43,36) size 732x33
            RenderMeter {METER} at (0,0) size 230x31 [bgcolor=#AAAACC]
              RenderBlock {DIV} at (100,10) size 80x16
              RenderBlock {DIV} at (100,10) size 64x16
            RenderText {#text} at (230,13) size 76x19
              text run at (230,13) width 76: " has padding"
          RenderListItem {LI} at (43,72) size 732x33
            RenderMeter {METER} at (100,10) size 80x16 [bgcolor=#AAAACC]
              RenderBlock {DIV} at (0,0) size 80x16
              RenderBlock {DIV} at (0,0) size 64x16
            RenderText {#text} at (230,13) size 68x19
              text run at (230,13) width 68: " has margin"
      RenderBlock {H2} at (3,381) size 778x20
        RenderText {#text} at (0,0) size 218x19
          text run at (0,0) width 218: "Providing bar and/or value styles"
      RenderBlock {DIV} at (0,404) size 784x66 [bgcolor=#EEEEEE]
        RenderBlock {UL} at (3,0) size 778x66
          RenderListItem {LI} at (43,0) size 732x20
            RenderMeter {METER} at (0,2) size 80x16
              RenderBlock {DIV} at (0,0) size 80x16
              RenderBlock {DIV} at (0,0) size 64x16 [bgcolor=#008000] [border: (2px solid #77CC77)]
            RenderText {#text} at (80,0) size 240x19
              text run at (80,0) width 240: " has bar style, should be styled as it has."
          RenderListItem {LI} at (43,23) size 732x20
            RenderMeter {METER} at (0,2) size 80x16
              RenderBlock {DIV} at (0,0) size 80x16 [bgcolor=#808080] [border: (2px solid #222222)]
              RenderBlock {DIV} at (0,0) size 64x16
            RenderText {#text} at (80,0) size 251x19
              text run at (80,0) width 251: " has value style, should be styled as it has."
          RenderListItem {LI} at (43,46) size 732x20
            RenderMeter {METER} at (0,2) size 80x16
              RenderBlock {DIV} at (0,0) size 80x16 [bgcolor=#808080] [border: (2px solid #222222)]
              RenderBlock {DIV} at (0,0) size 64x16 [bgcolor=#008000] [border: (2px solid #77CC77)]
            RenderText {#text} at (80,0) size 253x19
              text run at (80,0) width 253: " has both styles, should be styled as it has."
      RenderBlock {H2} at (3,473) size 778x20
        RenderText {#text} at (0,0) size 151x19
          text run at (0,0) width 151: "Providing appearances"
      RenderBlock {DIV} at (0,496) size 784x43 [bgcolor=#EEEEEE]
        RenderBlock {UL} at (3,0) size 778x43
          RenderListItem {LI} at (43,0) size 732x20
            RenderMeter {METER} at (0,2) size 80x16
              RenderBlock {DIV} at (0,0) size 80x16
              RenderBlock {DIV} at (0,0) size 64x16
            RenderText {#text} at (80,0) size 354x19
              text run at (80,0) width 354: " has \"none\" appearance, should be styled with default style."
          RenderListItem {LI} at (43,23) size 732x20
            RenderMeter {METER} at (0,2) size 80x16
              RenderBlock {DIV} at (0,0) size 80x16
              RenderBlock {DIV} at (0,0) size 64x16
            RenderText {#text} at (80,0) size 264x19
              text run at (80,0) width 264: " has \"meter\" appearance, should be themed."
