layer at (0,0) size 800x600
  RenderView at (0,0) size 800x600
layer at (0,0) size 800x600
  RenderBlock {HTML} at (0,0) size 800x600 [bgcolor=#00FFFF]
    RenderBody {BODY} at (25,25) size 750x550 [bgcolor=#008000]
      RenderBlock {P} at (0,0) size 750x16
        RenderText {#text} at (0,0) size 352x16
          text run at (0,0) width 352: "The style declarations which apply to the text below are:"
      RenderBlock {PRE} at (0,30) size 750x32
        RenderText {#text} at (0,0) size 276x32
          text run at (0,0) width 120: "HTML {background-color: aqua;}"
          text run at (120,0) width 0: " "
          text run at (0,16) width 276: "BODY {background-color: green; background-image: none; margin: 25px;}"
          text run at (276,16) width 0: " "
      RenderBlock {HR} at (0,76) size 750x2 [border: (1px inset #000000)]
      RenderBlock {P} at (0,92) size 750x48
        RenderText {#text} at (0,0) size 738x48
          text run at (0,0) width 383: "The body of this document should have a green background. "
          text run at (383,0) width 305: "It also has a margin of 25 pixels, so the light blue"
          text run at (0,16) width 416: "background set for the HTML element should surround the BODY. "
          text run at (416,16) width 322: "If the BODY content is significantly shorter than the"
          text run at (0,32) width 489: "browser's window height, then the bottom border may be larger than 25 pixels."
      RenderTable {TABLE} at (0,154) size 750x82 [border: (1px outset #808080)]
        RenderTableSection {TBODY} at (1,1) size 748x80
          RenderTableRow {TR} at (0,0) size 748x24
            RenderTableCell {TD} at (0,0) size 748x24 [bgcolor=#C0C0C0] [border: (1px inset #808080)] [r=0 c=0 rs=1 cs=2]
              RenderInline {STRONG} at (0,0) size 157x16
                RenderText {#text} at (4,4) size 157x16
                  text run at (4,4) width 157: "TABLE Testing Section"
          RenderTableRow {TR} at (0,24) size 748x56
            RenderTableCell {TD} at (0,40) size 12x24 [bgcolor=#C0C0C0] [border: (1px inset #808080)] [r=1 c=0 rs=1 cs=1]
              RenderText {#text} at (4,4) size 4x16
                text run at (4,4) width 4: " "
            RenderTableCell {TD} at (12,24) size 736x56 [border: (1px inset #808080)] [r=1 c=1 rs=1 cs=1]
              RenderBlock {P} at (4,4) size 728x48
                RenderText {#text} at (0,0) size 714x48
                  text run at (0,0) width 383: "The body of this document should have a green background. "
                  text run at (383,0) width 305: "It also has a margin of 25 pixels, so the light blue"
                  text run at (0,16) width 416: "background set for the HTML element should surround the BODY. "
                  text run at (416,16) width 298: "If the BODY content is significantly shorter than"
                  text run at (0,32) width 513: "the browser's window height, then the bottom border may be larger than 25 pixels."
