layer at (0,0) size 800x600
  RenderView at (0,0) size 800x600
layer at (0,0) size 800x600
  RenderBlock {HTML} at (0,0) size 800x600
    RenderBody {BODY} at (8,8) size 784x578 [bgcolor=#CCCCCC]
      RenderBlock {P} at (10,0) size 774x16
        RenderText {#text} at (0,0) size 287x16
          text run at (0,0) width 287: "This paragraph should be indented ten pixels."
      RenderBlock {DIV} at (10,30) size 774x16
        RenderBlock {P} at (10,0) size 764x16
          RenderText {#text} at (0,0) size 568x16
            text run at (0,0) width 568: "This paragraph should be indented twenty pixels, since horizontal margins do not collapse."
      RenderBlock {P} at (0,60) size 392x80 [bgcolor=#808080]
        RenderText {#text} at (0,0) size 384x80
          text run at (0,0) width 360: "This element has a width of 50%, and due to 'auto' values"
          text run at (0,16) width 384: "applied to the right margin, the element should be left justified"
          text run at (0,32) width 106: "within its parent. "
          text run at (106,32) width 276: "The gray rectangle should therefore appear"
          text run at (0,48) width 364: "on the left edge of the viewport (e.g. the browser window)."
          text run at (0,64) width 363: "The text inside the gray rectangle should not be centered."
      RenderBlock {P} at (196,154) size 392x96 [bgcolor=#808080]
        RenderText {#text} at (0,0) size 370x96
          text run at (0,0) width 360: "This element has a width of 50%, and due to 'auto' values"
          text run at (0,16) width 368: "applied to the left and right margins, the element should be"
          text run at (0,32) width 166: "centered within its parent. "
          text run at (166,32) width 165: "The gray rectangle should"
          text run at (0,48) width 343: "therefore appear in the middle of the viewport (e.g. the"
          text run at (0,64) width 370: "browser window). The text inside the gray rectangle should"
          text run at (0,80) width 102: "not be centered."
      RenderBlock {P} at (392,264) size 392x80 [bgcolor=#808080]
        RenderText {#text} at (0,0) size 384x80
          text run at (0,0) width 360: "This element has a width of 50%, and due to 'auto' values"
          text run at (0,16) width 384: "applied to the left margin, the element should be right justified"
          text run at (0,32) width 106: "within its parent. "
          text run at (106,32) width 276: "The gray rectangle should therefore appear"
          text run at (0,48) width 373: "on the right edge of the viewport (e.g. the browser window)."
          text run at (0,64) width 363: "The text inside the gray rectangle should not be centered."
      RenderBlock {P} at (0,358) size 784x32 [bgcolor=#808080]
        RenderText {#text} at (0,0) size 783x32
          text run at (0,0) width 783: "Since the width is \"auto,\" the margins that are set to \"auto\" become zero and this paragraph should have width 100% and the"
          text run at (0,16) width 164: "text should be left justified."
      RenderBlock {P} at (0,404) size 784x32 [bgcolor=#808080]
        RenderText {#text} at (0,0) size 783x32
          text run at (0,0) width 783: "Since the width is \"auto,\" the margins that are set to \"auto\" become zero and this paragraph should have width 100% and the"
          text run at (0,16) width 164: "text should be left justified."
      RenderBlock {P} at (0,450) size 784x32 [bgcolor=#808080]
        RenderText {#text} at (0,0) size 783x32
          text run at (0,0) width 783: "Since the width is \"auto,\" the margins that are set to \"auto\" become zero and this paragraph should have width 100% and the"
          text run at (0,16) width 164: "text should be left justified."
      RenderBlock {P} at (0,496) size 392x48 [bgcolor=#808080]
        RenderText {#text} at (0,0) size 379x32
          text run at (0,0) width 379: "Since auto is an invalid value for padding, the right-margin of"
          text run at (0,16) width 212: "this paragraph should be reset to "
        RenderInline {CODE} at (0,0) size 16x16
          RenderText {#text} at (212,16) size 16x16
            text run at (212,16) width 16: "auto"
        RenderText {#text} at (228,16) size 388x32
          text run at (228,16) width 160: " and thus be expanded to"
          text run at (0,32) width 364: "50% and it should only occupy the left half of the viewport."
      RenderBlock {P} at (0,558) size 784x16 [bgcolor=#808080]
        RenderText {#text} at (0,0) size 635x16
          text run at (0,0) width 635: "Because this paragraph has width 100%, the auto margins become zero, so it should not be centered."
