layer at (0,0) size 800x2378
  RenderView at (0,0) size 800x600
layer at (0,0) size 800x2378
  RenderBlock {HTML} at (0,0) size 800x2378
    RenderBody {BODY} at (8,8) size 784x2362 [bgcolor=#CCCCCC]
      RenderBlock {P} at (0,0) size 784x16
        RenderText {#text} at (0,0) size 352x16
          text run at (0,0) width 352: "The style declarations which apply to the text below are:"
      RenderBlock {PRE} at (0,30) size 784x320
        RenderText {#text} at (0,0) size 248x320
          text run at (0,0) width 184: "P.one {margin-bottom: 2cm; padding-bottom: 0;}"
          text run at (184,0) width 0: " "
          text run at (0,16) width 160: "P.two {margin-top: 2cm; padding-top: 0;}"
          text run at (160,16) width 0: " "
          text run at (0,32) width 160: "P.three {margin-top: 0; padding-top: 0;}"
          text run at (160,32) width 0: " "
          text run at (0,48) width 172: "P.four {margin-top: -1cm; margin-bottom: 0;"
          text run at (172,48) width 0: " "
          text run at (0,64) width 172: "        padding-top: 0; padding-bottom: 0;}"
          text run at (172,64) width 0: " "
          text run at (0,80) width 184: "DIV.five {margin-top: 1cm; margin-bottom: 1cm;"
          text run at (184,80) width 0: " "
          text run at (0,96) width 188: "          padding-top: 1cm; padding-bottom: 0;}"
          text run at (188,96) width 0: " "
          text run at (0,112) width 172: "P.six {margin-top: 1cm; margin-bottom: 1cm;"
          text run at (172,112) width 0: " "
          text run at (0,128) width 168: "       padding-top: 0; padding-bottom: 0;}"
          text run at (168,128) width 0: " "
          text run at (0,144) width 168: "P.seven {margin-top: 1cm; padding-top: 0;}"
          text run at (168,144) width 0: " "
          text run at (0,160) width 204: "P.eight {margin-bottom: -1cm; padding-bottom: 2cm;}"
          text run at (204,160) width 0: " "
          text run at (0,176) width 172: "P.nine {margin-top: -1cm; padding-top: 1cm;"
          text run at (172,176) width 0: " "
          text run at (0,192) width 188: "        padding-bottom: 0; margin-bottom: 1cm;}"
          text run at (188,192) width 0: " "
          text run at (0,208) width 152: "P.ten {margin-top: 1cm;padding-top: 0;"
          text run at (152,208) width 0: " "
          text run at (0,224) width 124: "       float: left;width: 50%;}"
          text run at (124,224) width 0: " "
          text run at (0,240) width 224: "P.eleven {margin-top: 1cm; padding-top: 0; clear: none;}"
          text run at (224,240) width 0: " "
          text run at (0,256) width 248: "P.twelve {margin-bottom: 0; padding-bottom: 1cm; clear: both;}"
          text run at (248,256) width 0: " "
          text run at (0,272) width 180: "P.thirteen {margin-top: 0; padding-top: 1cm;}"
          text run at (180,272) width 0: " "
          text run at (0,288) width 80: "TABLE {clear: both;}"
          text run at (80,288) width 0: " "
          text run at (0,304) width 0: " "
      RenderBlock {HR} at (0,364) size 784x2 [border: (1px inset #000000)]
      RenderBlock {P} at (0,380) size 784x32
        RenderText {#text} at (0,0) size 758x32
          text run at (0,0) width 758: "There should be a two-centimeter margin between this paragraph and the next, because adjacent vertical margins should"
          text run at (0,16) width 251: "collapse to the maximum of the margins."
      RenderBlock {P} at (0,487) size 784x16
        RenderText {#text} at (0,0) size 167x16
          text run at (0,0) width 167: "This is another paragraph."
      RenderBlock {P} at (0,517) size 784x16
        RenderText {#text} at (0,0) size 496x16
          text run at (0,0) width 496: "There should be a two-centimeter margin between this paragraph and the next."
      RenderBlock {P} at (0,608) size 784x16
        RenderText {#text} at (0,0) size 167x16
          text run at (0,0) width 167: "This is another paragraph."
      RenderBlock {P} at (0,638) size 784x32
        RenderText {#text} at (0,0) size 779x32
          text run at (0,0) width 779: "There should be a one-centimeter margin between this paragraph and the next, because when there is one negative margin,"
          text run at (0,16) width 410: "the two margins should be added (the minus sign should be kept)."
      RenderBlock {P} at (0,708) size 784x16
        RenderText {#text} at (0,0) size 167x16
          text run at (0,0) width 167: "This is another paragraph."
      RenderBlock {DIV} at (0,761) size 784x122
        RenderBlock {P} at (0,74) size 784x48
          RenderText {#text} at (0,0) size 762x48
            text run at (0,0) width 762: "There should be three centimeters between this text and the text above, but only one centimeter between this text and the"
            text run at (0,16) width 760: "text below, because vertical margins of nested elements should collapse only if there is no border or padding between the"
            text run at (0,32) width 53: "margins."
      RenderBlock {P} at (0,920) size 784x16
        RenderText {#text} at (0,0) size 107x16
          text run at (0,0) width 107: "This is more text."
      RenderBlock {P} at (0,950) size 784x107
        RenderText {#text} at (0,0) size 733x32
          text run at (0,0) width 733: "There should be two centimeters between this paragraph and the one below, because negative margins collapse to a"
          text run at (0,16) width 455: "negative margin with the largest absolute value of the margins collapsed."
      RenderBlock {P} at (0,1020) size 784x69
        RenderText {#text} at (0,37) size 766x32
          text run at (0,37) width 766: "This is a paragraph, which I should make very long so that you can easily see how much space there is between it and the"
          text run at (0,53) width 178: "one below it and to the right."
      RenderBlock (floating) {P} at (0,1163) size 392x48
        RenderText {#text} at (0,0) size 386x48
          text run at (0,0) width 386: "There should be two centimeters between this paragraph and"
          text run at (0,16) width 365: "the one above it, since margins do not collapse on floating"
          text run at (0,32) width 60: "elements."
      RenderBlock {P} at (0,1126) size 784x48
        RenderText {#text} at (392,0) size 392x48
          text run at (392,0) width 381: "There should be one centimeter between this paragraph and"
          text run at (392,16) width 392: "the (non-floating) one above it, since the float should not effect"
          text run at (392,32) width 146: "the paragraph spacing."
      RenderBlock {P} at (0,1225) size 784x69
        RenderText {#text} at (0,0) size 754x32
          text run at (0,0) width 556: "There should be two centimeters of padding between this paragraph and the one below. "
          text run at (556,0) width 198: "Padding does not collapse, and"
          text run at (0,16) width 236: "there is 1cm of padding on each side."
      RenderBlock {P} at (0,1294) size 784x53
        RenderText {#text} at (0,37) size 169x16
          text run at (0,37) width 169: "This is the next paragraph."
      RenderTable {TABLE} at (0,1361) size 784x1001 [border: (1px outset #808080)]
        RenderTableSection {TBODY} at (1,1) size 782x999
          RenderTableRow {TR} at (0,0) size 782x24
            RenderTableCell {TD} at (0,0) size 782x24 [bgcolor=#C0C0C0] [border: (1px inset #808080)] [r=0 c=0 rs=1 cs=2]
              RenderInline {STRONG} at (0,0) size 157x16
                RenderText {#text} at (4,4) size 157x16
                  text run at (4,4) width 157: "TABLE Testing Section"
          RenderTableRow {TR} at (0,24) size 782x975
            RenderTableCell {TD} at (0,499) size 12x24 [bgcolor=#C0C0C0] [border: (1px inset #808080)] [r=1 c=0 rs=1 cs=1]
              RenderText {#text} at (4,4) size 4x16
                text run at (4,4) width 4: " "
            RenderTableCell {TD} at (12,24) size 770x975 [border: (1px inset #808080)] [r=1 c=1 rs=1 cs=1]
              RenderBlock {P} at (4,4) size 762x32
                RenderText {#text} at (0,0) size 758x32
                  text run at (0,0) width 758: "There should be a two-centimeter margin between this paragraph and the next, because adjacent vertical margins should"
                  text run at (0,16) width 251: "collapse to the maximum of the margins."
              RenderBlock {P} at (4,111) size 762x16
                RenderText {#text} at (0,0) size 167x16
                  text run at (0,0) width 167: "This is another paragraph."
              RenderBlock {P} at (4,141) size 762x16
                RenderText {#text} at (0,0) size 496x16
                  text run at (0,0) width 496: "There should be a two-centimeter margin between this paragraph and the next."
              RenderBlock {P} at (4,232) size 762x16
                RenderText {#text} at (0,0) size 167x16
                  text run at (0,0) width 167: "This is another paragraph."
              RenderBlock {P} at (4,262) size 762x32
                RenderText {#text} at (0,0) size 729x32
                  text run at (0,0) width 729: "There should be a one-centimeter margin between this paragraph and the next, because when there is one negative"
                  text run at (0,16) width 460: "margin, the two margins should be added (the minus sign should be kept)."
              RenderBlock {P} at (4,332) size 762x16
                RenderText {#text} at (0,0) size 167x16
                  text run at (0,0) width 167: "This is another paragraph."
              RenderBlock {DIV} at (4,385) size 762x122
                RenderBlock {P} at (0,74) size 762x48
                  RenderText {#text} at (0,0) size 762x48
                    text run at (0,0) width 762: "There should be three centimeters between this text and the text above, but only one centimeter between this text and the"
                    text run at (0,16) width 760: "text below, because vertical margins of nested elements should collapse only if there is no border or padding between the"
                    text run at (0,32) width 53: "margins."
              RenderBlock {P} at (4,544) size 762x16
                RenderText {#text} at (0,0) size 107x16
                  text run at (0,0) width 107: "This is more text."
              RenderBlock {P} at (4,574) size 762x107
                RenderText {#text} at (0,0) size 733x32
                  text run at (0,0) width 733: "There should be two centimeters between this paragraph and the one below, because negative margins collapse to a"
                  text run at (0,16) width 455: "negative margin with the largest absolute value of the margins collapsed."
              RenderBlock {P} at (4,644) size 762x69
                RenderText {#text} at (0,37) size 742x32
                  text run at (0,37) width 742: "This is a paragraph, which I should make very long so that you can easily see how much space there is between it and"
                  text run at (0,53) width 202: "the one below it and to the right."
              RenderBlock (floating) {P} at (4,787) size 381x48
                RenderText {#text} at (0,0) size 358x48
                  text run at (0,0) width 358: "There should be two centimeters between this paragraph"
                  text run at (0,16) width 343: "and the one above it, since margins do not collapse on"
                  text run at (0,32) width 110: "floating elements."
              RenderBlock {P} at (4,750) size 762x48
                RenderText {#text} at (381,0) size 381x48
                  text run at (381,0) width 381: "There should be one centimeter between this paragraph and"
                  text run at (381,16) width 353: "the (non-floating) one above it, since the float should not"
                  text run at (381,32) width 185: "effect the paragraph spacing."
              RenderBlock {P} at (4,849) size 762x69
                RenderText {#text} at (0,0) size 754x32
                  text run at (0,0) width 556: "There should be two centimeters of padding between this paragraph and the one below. "
                  text run at (556,0) width 198: "Padding does not collapse, and"
                  text run at (0,16) width 236: "there is 1cm of padding on each side."
              RenderBlock {P} at (4,918) size 762x53
                RenderText {#text} at (0,37) size 169x16
                  text run at (0,37) width 169: "This is the next paragraph."
