layer at (0,0) size 800x719
  RenderView at (0,0) size 800x600
layer at (0,0) size 800x719
  RenderBlock {HTML} at (0,0) size 800x719
    RenderBody {BODY} at (8,8) size 784x703 [bgcolor=#CCCCCC]
      RenderBlock {P} at (0,0) size 784x19
        RenderText {#text} at (0,0) size 354x19
          text run at (0,0) width 354: "The style declarations which apply to the text below are:"
      RenderBlock {PRE} at (0,33) size 784x114
        RenderText {#text} at (0,1) size 200x112
          text run at (0,1) width 136: "A {color: green;}"
          text run at (136,1) width 0: " "
          text run at (0,20) width 184: "A:link {color: purple;}"
          text run at (184,20) width 0: " "
          text run at (0,39) width 192: "A:visited {color: lime;}"
          text run at (192,39) width 0: " "
          text run at (0,58) width 200: "A:active {color: maroon;}"
          text run at (200,58) width 0: " "
          text run at (0,77) width 176: "#one {color: #006600;}"
          text run at (176,77) width 0: " "
          text run at (0,96) width 0: " "
      RenderBlock {HR} at (0,161) size 784x2 [border: (1px inset #000000)]
      RenderBlock {P} at (0,177) size 784x19
        RenderText {#text} at (0,0) size 506x19
          text run at (0,0) width 506: "The following anchors should appear as described; none of them should be red."
      RenderBlock {UL} at (0,210) size 784x152
        RenderListItem {LI} at (40,0) size 744x114
          RenderBlock (anonymous) at (0,0) size 744x19
            RenderListMarker at (-17,0) size 7x19: bullet
            RenderText {#text} at (0,0) size 561x19
              text run at (0,0) width 561: "Purple unvisited, lime (light green) visited, maroon (dark red) while active (being clicked):"
          RenderBlock {UL} at (0,19) size 744x95
            RenderListItem {LI} at (40,0) size 704x19
              RenderListMarker at (-17,0) size 7x19: white bullet
              RenderInline {A} at (0,0) size 108x19 [color=#800080]
                RenderText {#text} at (0,0) size 108x19
                  text run at (0,0) width 108: "W3C Web server"
              RenderText {#text} at (0,0) size 0x0
            RenderListItem {LI} at (40,19) size 704x19
              RenderListMarker at (-17,0) size 7x19: white bullet
              RenderInline {A} at (0,0) size 109x19 [color=#800080]
                RenderText {#text} at (0,0) size 109x19
                  text run at (0,0) width 109: "NIST Web server"
              RenderText {#text} at (0,0) size 0x0
            RenderListItem {LI} at (40,38) size 704x19
              RenderListMarker at (-17,0) size 7x19: white bullet
              RenderInline {A} at (0,0) size 120x19 [color=#800080]
                RenderText {#text} at (0,0) size 120x19
                  text run at (0,0) width 120: "CWRU Web server"
              RenderText {#text} at (0,0) size 0x0
            RenderListItem {LI} at (40,57) size 704x19
              RenderListMarker at (-17,0) size 7x19: white bullet
              RenderInline {A} at (0,0) size 45x19 [color=#800080]
                RenderText {#text} at (0,0) size 45x19
                  text run at (0,0) width 45: "Yahoo!"
              RenderText {#text} at (0,0) size 0x0
            RenderListItem {LI} at (40,76) size 704x19
              RenderListMarker at (-17,0) size 7x19: white bullet
              RenderInline {A} at (0,0) size 56x19 [color=#800080]
                RenderText {#text} at (0,0) size 56x19
                  text run at (0,0) width 56: "Erewhon"
              RenderText {#text} at (56,0) size 216x19
                text run at (56,0) width 216: " (don't click on it, it goes nowhere)"
        RenderListItem {LI} at (40,114) size 744x38
          RenderBlock (anonymous) at (0,0) size 744x19
            RenderListMarker at (-17,0) size 7x19: bullet
            RenderText {#text} at (0,0) size 205x19
              text run at (0,0) width 205: "Dark green in any circumstance:"
          RenderBlock {UL} at (0,19) size 744x19
            RenderListItem {LI} at (40,0) size 704x19
              RenderListMarker at (-17,0) size 7x19: white bullet
              RenderInline {A} at (0,0) size 120x19 [color=#006600]
                RenderText {#text} at (0,0) size 120x19
                  text run at (0,0) width 120: "CWRU Web server"
              RenderText {#text} at (0,0) size 0x0
      RenderBlock {P} at (0,376) size 784x38
        RenderText {#text} at (0,0) size 117x19
          text run at (0,0) width 117: "The quoted word \""
        RenderInline {A} at (0,0) size 44x19 [color=#008000]
          RenderText {#text} at (117,0) size 44x19
            text run at (117,0) width 44: "anchor"
        RenderText {#text} at (161,0) size 736x38
          text run at (161,0) width 377: "\" should be green, NOT purple, since it's part of an anchor. "
          text run at (538,0) width 198: "It's a named anchor, and styles"
          text run at (0,19) width 353: "declared for the A tag are applied to them under CSS1. "
          text run at (353,19) width 321: "It also should NOT turn orange when clicked upon."
      RenderTable {TABLE} at (0,428) size 784x275 [border: (1px outset #808080)]
        RenderTableSection {TBODY} at (1,1) size 782x273
          RenderTableRow {TR} at (0,0) size 782x28
            RenderTableCell {TD} at (0,0) size 782x28 [bgcolor=#C0C0C0] [border: (1px inset #808080)] [r=0 c=0 rs=1 cs=2]
              RenderInline {STRONG} at (0,0) size 159x20
                RenderText {#text} at (4,4) size 159x20
                  text run at (4,4) width 159: "TABLE Testing Section"
          RenderTableRow {TR} at (0,28) size 782x245
            RenderTableCell {TD} at (0,137) size 12x27 [bgcolor=#C0C0C0] [border: (1px inset #808080)] [r=1 c=0 rs=1 cs=1]
              RenderText {#text} at (4,4) size 4x19
                text run at (4,4) width 4: " "
            RenderTableCell {TD} at (12,28) size 770x245 [border: (1px inset #808080)] [r=1 c=1 rs=1 cs=1]
              RenderBlock {P} at (4,4) size 762x19
                RenderText {#text} at (0,0) size 506x19
                  text run at (0,0) width 506: "The following anchors should appear as described; none of them should be red."
              RenderBlock {UL} at (4,37) size 762x152
                RenderListItem {LI} at (40,0) size 722x114
                  RenderBlock (anonymous) at (0,0) size 722x19
                    RenderListMarker at (-17,0) size 7x19: bullet
                    RenderText {#text} at (0,0) size 561x19
                      text run at (0,0) width 561: "Purple unvisited, lime (light green) visited, maroon (dark red) while active (being clicked):"
                  RenderBlock {UL} at (0,19) size 722x95
                    RenderListItem {LI} at (40,0) size 682x19
                      RenderListMarker at (-17,0) size 7x19: white bullet
                      RenderInline {A} at (0,0) size 108x19 [color=#800080]
                        RenderText {#text} at (0,0) size 108x19
                          text run at (0,0) width 108: "W3C Web server"
                      RenderText {#text} at (0,0) size 0x0
                    RenderListItem {LI} at (40,19) size 682x19
                      RenderListMarker at (-17,0) size 7x19: white bullet
                      RenderInline {A} at (0,0) size 109x19 [color=#800080]
                        RenderText {#text} at (0,0) size 109x19
                          text run at (0,0) width 109: "NIST Web server"
                      RenderText {#text} at (0,0) size 0x0
                    RenderListItem {LI} at (40,38) size 682x19
                      RenderListMarker at (-17,0) size 7x19: white bullet
                      RenderInline {A} at (0,0) size 120x19 [color=#800080]
                        RenderText {#text} at (0,0) size 120x19
                          text run at (0,0) width 120: "CWRU Web server"
                      RenderText {#text} at (0,0) size 0x0
                    RenderListItem {LI} at (40,57) size 682x19
                      RenderListMarker at (-17,0) size 7x19: white bullet
                      RenderInline {A} at (0,0) size 45x19 [color=#800080]
                        RenderText {#text} at (0,0) size 45x19
                          text run at (0,0) width 45: "Yahoo!"
                      RenderText {#text} at (0,0) size 0x0
                    RenderListItem {LI} at (40,76) size 682x19
                      RenderListMarker at (-17,0) size 7x19: white bullet
                      RenderInline {A} at (0,0) size 56x19 [color=#800080]
                        RenderText {#text} at (0,0) size 56x19
                          text run at (0,0) width 56: "Erewhon"
                      RenderText {#text} at (56,0) size 216x19
                        text run at (56,0) width 216: " (don't click on it, it goes nowhere)"
                RenderListItem {LI} at (40,114) size 722x38
                  RenderBlock (anonymous) at (0,0) size 722x19
                    RenderListMarker at (-17,0) size 7x19: bullet
                    RenderText {#text} at (0,0) size 205x19
                      text run at (0,0) width 205: "Dark green in any circumstance:"
                  RenderBlock {UL} at (0,19) size 722x19
                    RenderListItem {LI} at (40,0) size 682x19
                      RenderListMarker at (-17,0) size 7x19: white bullet
                      RenderInline {A} at (0,0) size 120x19 [color=#006600]
                        RenderText {#text} at (0,0) size 120x19
                          text run at (0,0) width 120: "CWRU Web server"
                      RenderText {#text} at (0,0) size 0x0
              RenderBlock {P} at (4,203) size 762x38
                RenderText {#text} at (0,0) size 117x19
                  text run at (0,0) width 117: "The quoted word \""
                RenderInline {A} at (0,0) size 44x19 [color=#008000]
                  RenderText {#text} at (117,0) size 44x19
                    text run at (117,0) width 44: "anchor"
                RenderText {#text} at (161,0) size 736x38
                  text run at (161,0) width 377: "\" should be green, NOT purple, since it's part of an anchor. "
                  text run at (538,0) width 198: "It's a named anchor, and styles"
                  text run at (0,19) width 353: "declared for the A tag are applied to them under CSS1. "
                  text run at (353,19) width 321: "It also should NOT turn orange when clicked upon."
