layer at (0,0) size 800x679
  RenderView at (0,0) size 800x600
layer at (0,0) size 800x679
  RenderBlock {HTML} at (0,0) size 800x679
    RenderBody {BODY} at (8,8) size 784x663 [bgcolor=#CCCCCC]
      RenderBlock {P} at (0,0) size 784x19
        RenderText {#text} at (0,0) size 354x19
          text run at (0,0) width 354: "The style declarations which apply to the text below are:"
      RenderBlock {PRE} at (0,33) size 784x76
        RenderText {#text} at (0,0) size 257x76
          text run at (0,0) width 157: "P:first-line {color: green;}"
          text run at (157,0) width 0: " "
          text run at (0,19) width 196: ".two:first-line {font-size: 200%;}"
          text run at (196,19) width 0: " "
          text run at (0,38) width 257: ".three:first-line {font-variant: small-caps;}"
          text run at (257,38) width 0: " "
          text run at (0,57) width 0: " "
      RenderBlock {HR} at (0,123) size 784x2 [border: (1px inset #000000)]
      RenderBlock {P} at (0,139) size 784x57
        RenderText {#text} at (0,0) size 782x57
          text run at (0,0) width 427: "The first line of this paragraph, and only that one, should be green. "
          text run at (427,0) width 355: "If this precise combination does not occur, then the user"
          text run at (0,19) width 162: "agent has failed this test. "
          text run at (162,19) width 591: "Remember that in order to ensure a complete test, the paragraph must be displayed on more"
          text run at (0,38) width 86: "than one line."
      RenderBlock {P} at (0,210) size 784x75
        RenderText {#text} at (0,0) size 776x75
          text run at (0,0) width 776: "The first line of this paragraph, and only that one, should be a"
          text run at (0,37) width 209: "larger font size as well as green. "
          text run at (209,37) width 517: "If this precise combination does not occur, then the user agent has failed this test."
          text run at (0,56) width 681: "Remember that in order to ensure a complete test, the paragraph must be displayed on more than one line."
      RenderBlock {P} at (0,299) size 784x76
        RenderText {#text} at (0,0) size 760x57
          text run at (0,0) width 573: "The first line of this paragraph, and only that one, should be displayed in small-caps style. "
          text run at (573,0) width 184: "Thus, if the first line is not in"
          text run at (0,19) width 760: "small-caps style, OR if the entire paragraph turns out in small-caps, then the user agent has failed this test (although the"
          text run at (0,38) width 143: "problem might be that "
        RenderInline {CODE} at (0,0) size 68x19
          RenderText {#text} at (143,38) size 68x19
            text run at (143,38) width 68: "small-caps"
        RenderText {#text} at (211,38) size 771x38
          text run at (211,38) width 225: " is not supported by your browser). "
          text run at (436,38) width 335: "This is extra text included for the purposes of making"
          text run at (0,57) width 351: "the paragraph long enough to have more than one line."
      RenderTable {TABLE} at (0,389) size 784x274 [border: (1px outset #808080)]
        RenderTableSection {TBODY} at (1,1) size 782x272
          RenderTableRow {TR} at (0,0) size 782x28
            RenderTableCell {TD} at (0,0) size 782x28 [bgcolor=#C0C0C0] [border: (1px inset #808080)] [r=0 c=0 rs=1 cs=2]
              RenderInline {STRONG} at (0,0) size 159x20
                RenderText {#text} at (4,4) size 159x20
                  text run at (4,4) width 159: "TABLE Testing Section"
          RenderTableRow {TR} at (0,28) size 782x244
            RenderTableCell {TD} at (0,136) size 12x27 [bgcolor=#C0C0C0] [border: (1px inset #808080)] [r=1 c=0 rs=1 cs=1]
              RenderText {#text} at (4,4) size 4x19
                text run at (4,4) width 4: " "
            RenderTableCell {TD} at (12,28) size 770x244 [border: (1px inset #808080)] [r=1 c=1 rs=1 cs=1]
              RenderBlock {P} at (4,4) size 762x57
                RenderText {#text} at (0,0) size 750x57
                  text run at (0,0) width 427: "The first line of this paragraph, and only that one, should be green. "
                  text run at (427,0) width 323: "If this precise combination does not occur, then the"
                  text run at (0,19) width 194: "user agent has failed this test. "
                  text run at (194,19) width 554: "Remember that in order to ensure a complete test, the paragraph must be displayed on"
                  text run at (0,38) width 123: "more than one line."
              RenderBlock {P} at (4,75) size 762x75
                RenderText {#text} at (0,0) size 752x75
                  text run at (0,0) width 752: "The first line of this paragraph, and only that one, should be"
                  text run at (0,37) width 221: "a larger font size as well as green. "
                  text run at (221,37) width 517: "If this precise combination does not occur, then the user agent has failed this test."
                  text run at (0,56) width 681: "Remember that in order to ensure a complete test, the paragraph must be displayed on more than one line."
              RenderBlock {P} at (4,164) size 762x76
                RenderText {#text} at (0,0) size 760x57
                  text run at (0,0) width 573: "The first line of this paragraph, and only that one, should be displayed in small-caps style. "
                  text run at (573,0) width 184: "Thus, if the first line is not in"
                  text run at (0,19) width 760: "small-caps style, OR if the entire paragraph turns out in small-caps, then the user agent has failed this test (although the"
                  text run at (0,38) width 143: "problem might be that "
                RenderInline {CODE} at (0,0) size 68x19
                  RenderText {#text} at (143,38) size 68x19
                    text run at (143,38) width 68: "small-caps"
                RenderText {#text} at (211,38) size 721x38
                  text run at (211,38) width 225: " is not supported by your browser). "
                  text run at (436,38) width 285: "This is extra text included for the purposes of"
                  text run at (0,57) width 401: "making the paragraph long enough to have more than one line."
