layer at (0,0) size 800x1053
  RenderView at (0,0) size 800x600
layer at (0,0) size 800x1053
  RenderBlock {HTML} at (0,0) size 800x1053
    RenderBody {BODY} at (8,8) size 784x1037 [bgcolor=#CCCCCC]
      RenderBlock {P} at (0,0) size 784x19
        RenderInline (generated) at (0,0) size 9x19 [color=#800000]
          RenderText {#text} at (0,0) size 9x19
            text run at (0,0) width 9: "T"
        RenderText {#text} at (9,0) size 345x19
          text run at (9,0) width 345: "he style declarations which apply to the text below are:"
      RenderBlock {PRE} at (0,33) size 784x133
        RenderText {#text} at (0,0) size 266x133
          text run at (0,0) width 157: "P:first-line {color: green;}"
          text run at (157,0) width 0: " "
          text run at (0,19) width 179: "P:first-letter {color: maroon;}"
          text run at (179,19) width 0: " "
          text run at (0,38) width 196: ".two:first-line {font-size: 200%;}"
          text run at (196,38) width 0: " "
          text run at (0,57) width 206: ".two:first-letter {font-size: 350%;}"
          text run at (206,57) width 0: " "
          text run at (0,76) width 226: "P.three:first-letter {font-size: 350%;}"
          text run at (226,76) width 0: " "
          text run at (0,95) width 266: "P.three:first-line {font-variant: small-caps;}"
          text run at (266,95) width 0: " "
          text run at (0,114) width 0: " "
      RenderBlock {HR} at (0,180) size 784x2 [border: (1px inset #000000)]
      RenderBlock {P} at (0,196) size 784x57
        RenderInline (generated) at (0,0) size 9x19 [color=#800000]
          RenderText {#text} at (0,0) size 9x19
            text run at (0,0) width 9: "T"
        RenderText {#text} at (9,0) size 776x57
          text run at (9,0) width 767: "he first letter of this paragraph, and only that one, should be maroon (dark red), while the entire first line should be green."
          text run at (0,19) width 521: "If this precise combination does not occur, then the user agent has failed this test. "
          text run at (521,19) width 228: "Remember that in order to ensure a"
          text run at (0,38) width 449: "complete test, the paragraph must be displayed on more than one line."
      RenderBlock {P} at (0,267) size 784x180
        RenderInline (generated) at (0,0) size 60x123 [color=#800000]
          RenderText {#text} at (0,0) size 60x123
            text run at (0,0) width 60: "T"
        RenderText {#text} at (60,67) size 774x113
          text run at (60,67) width 714: "he first letter of this paragraph, and only that one, should"
          text run at (0,123) width 760: "be 350% bigger than the rest of the first line of this paragraph and maroon (dark red), while the entire first line should be"
          text run at (0,142) width 237: "200% bigger than normal and green. "
          text run at (237,142) width 517: "If this precise combination does not occur, then the user agent has failed this test."
          text run at (0,161) width 681: "Remember that in order to ensure a complete test, the paragraph must be displayed on more than one line."
      RenderBlock {P} at (0,461) size 784x120
        RenderInline (generated) at (0,0) size 63x62 [color=#800000]
          RenderText {#text} at (0,0) size 63x62
            text run at (0,0) width 63: "\"W"
        RenderText {#text} at (63,33) size 782x87
          text run at (63,33) width 319: "e should check for quotation support,\" it was said. "
          text run at (382,33) width 373: "The first two characters in this paragraph-- a double-quote"
          text run at (0,63) width 654: "mark and a capital 'W'-- should be 350% bigger than the rest of the paragraph, and maroon (dark red). "
          text run at (654,63) width 82: "Note that the"
          text run at (0,82) width 770: "inclusion of both the quotation mark and the 'W' in the first-letter style is not required under CSS1, but it is recommended. "
          text run at (770,82) width 12: "In"
          text run at (0,101) width 437: "addition, the entire first line should be in a small-caps font and green."
      RenderTable {TABLE} at (0,595) size 784x442 [border: (1px outset #808080)]
        RenderTableSection {TBODY} at (1,1) size 782x440
          RenderTableRow {TR} at (0,0) size 782x28
            RenderTableCell {TD} at (0,0) size 782x28 [bgcolor=#C0C0C0] [border: (1px inset #808080)] [r=0 c=0 rs=1 cs=2]
              RenderInline {STRONG} at (0,0) size 159x20
                RenderText {#text} at (4,4) size 159x20
                  text run at (4,4) width 159: "TABLE Testing Section"
          RenderTableRow {TR} at (0,28) size 782x412
            RenderTableCell {TD} at (0,220) size 12x27 [bgcolor=#C0C0C0] [border: (1px inset #808080)] [r=1 c=0 rs=1 cs=1]
              RenderText {#text} at (4,4) size 4x19
                text run at (4,4) width 4: " "
            RenderTableCell {TD} at (12,28) size 770x412 [border: (1px inset #808080)] [r=1 c=1 rs=1 cs=1]
              RenderBlock {P} at (4,4) size 762x57
                RenderInline (generated) at (0,0) size 9x19 [color=#800000]
                  RenderText {#text} at (0,0) size 9x19
                    text run at (0,0) width 9: "T"
                RenderText {#text} at (9,0) size 734x57
                  text run at (9,0) width 722: "he first letter of this paragraph, and only that one, should be maroon (dark red), while the entire first line should be"
                  text run at (0,19) width 45: "green. "
                  text run at (45,19) width 521: "If this precise combination does not occur, then the user agent has failed this test. "
                  text run at (566,19) width 168: "Remember that in order to"
                  text run at (0,38) width 509: "ensure a complete test, the paragraph must be displayed on more than one line."
              RenderBlock {P} at (4,75) size 762x199
                RenderInline (generated) at (0,0) size 60x123 [color=#800000]
                  RenderText {#text} at (0,0) size 60x123
                    text run at (0,0) width 60: "T"
                RenderText {#text} at (60,67) size 746x132
                  text run at (60,67) width 622: "he first letter of this paragraph, and only that one,"
                  text run at (0,123) width 740: "should be 350% bigger than the rest of the first line of this paragraph and maroon (dark red), while the entire first line"
                  text run at (0,142) width 303: "should be 200% bigger than normal and green. "
                  text run at (303,142) width 422: "If this precise combination does not occur, then the user agent has"
                  text run at (0,161) width 95: "failed this test. "
                  text run at (95,161) width 651: "Remember that in order to ensure a complete test, the paragraph must be displayed on more than one"
                  text run at (0,180) width 26: "line."
              RenderBlock {P} at (4,288) size 762x120
                RenderInline (generated) at (0,0) size 63x62 [color=#800000]
                  RenderText {#text} at (0,0) size 63x62
                    text run at (0,0) width 63: "\"W"
                RenderText {#text} at (63,33) size 755x87
                  text run at (63,33) width 319: "e should check for quotation support,\" it was said. "
                  text run at (382,33) width 373: "The first two characters in this paragraph-- a double-quote"
                  text run at (0,63) width 654: "mark and a capital 'W'-- should be 350% bigger than the rest of the paragraph, and maroon (dark red). "
                  text run at (654,63) width 82: "Note that the"
                  text run at (0,82) width 666: "inclusion of both the quotation mark and the 'W' in the first-letter style is not required under CSS1, but it is"
                  text run at (0,101) width 100: "recommended. "
                  text run at (100,101) width 453: "In addition, the entire first line should be in a small-caps font and green."
