layer at (0,0) size 800x614
  RenderView at (0,0) size 800x600
layer at (0,0) size 800x614
  RenderBlock {HTML} at (0,0) size 800x614
    RenderBody {BODY} at (8,8) size 784x598 [bgcolor=#CCCCCC]
      RenderBlock {P} at (0,0) size 784x20
        RenderText {#text} at (0,0) size 388x20
          text run at (0,0) width 388: "The style declarations which apply to the text below are:"
      RenderBlock {PRE} at (0,34) size 784x76
        RenderText {#text} at (0,1) size 264x74
          text run at (0,1) width 264: "P:first-line {font-weight: bold;}"
          text run at (264,1) width 0: " "
          text run at (0,20) width 256: "P.two:first-line {color: green;}"
          text run at (256,20) width 0: " "
          text run at (0,39) width 256: "P:first-line.three {color: red;}"
          text run at (256,39) width 0: " "
          text run at (0,58) width 0: " "
      RenderBlock {HR} at (0,124) size 784x2 [border: (1px inset #000000)]
      RenderBlock {P} at (0,140) size 784x39
        RenderText {#text} at (0,0) size 752x39
          text run at (0,0) width 355: "The first line of this sentence should be boldfaced. "
          text run at (355,0) width 397: "This test is included simply to establish a baseline for the"
          text run at (0,20) width 643: "following tests, since if this test fails, then the rest of the tests on this page are expected to fail as well."
      RenderBlock {P} at (0,193) size 784x59
        RenderText {#text} at (0,0) size 764x39
          text run at (0,0) width 581: "The first line of this sentence should be boldfaced and green, thanks to its selector. "
          text run at (581,0) width 183: "If this is not the case, then"
          text run at (0,20) width 597: "the user agent may have failed to properly parse the selector, or it may simply not support the "
        RenderInline {TT} at (0,0) size 88x17
          RenderText {#text} at (597,22) size 88x17
            text run at (597,22) width 88: ":first-line"
        RenderText {#text} at (685,20) size 741x39
          text run at (685,20) width 56: " pseudo-"
          text run at (0,40) width 55: "element."
      RenderBlock {P} at (0,266) size 784x77
        RenderText {#text} at (0,0) size 774x77
          text run at (0,0) width 355: "The first line of this sentence should be boldfaced. "
          text run at (355,0) width 413: "If it is red, then the user agent has violated the specification"
          text run at (0,20) width 454: "in allowing pseudo-elements at a point other than the end of a selector. "
          text run at (454,20) width 287: "If neither is the case, then the user agent has"
          text run at (0,39) width 774: "correctly ignored the incorrect selector, but has suppressed other styles which are valid, and therefore must be considered"
          text run at (0,58) width 140: "to have failed the test."
      RenderTable {TABLE} at (0,357) size 784x241 [border: (1px outset #808080)]
        RenderTableSection {TBODY} at (1,1) size 782x239
          RenderTableRow {TR} at (0,0) size 782x28
            RenderTableCell {TD} at (0,0) size 782x28 [bgcolor=#C0C0C0] [border: (1px inset #808080)] [r=0 c=0 rs=1 cs=2]
              RenderInline {STRONG} at (0,0) size 159x20
                RenderText {#text} at (4,4) size 159x20
                  text run at (4,4) width 159: "TABLE Testing Section"
          RenderTableRow {TR} at (0,28) size 782x211
            RenderTableCell {TD} at (0,120) size 12x27 [bgcolor=#C0C0C0] [border: (1px inset #808080)] [r=1 c=0 rs=1 cs=1]
              RenderText {#text} at (4,4) size 4x19
                text run at (4,4) width 4: " "
            RenderTableCell {TD} at (12,28) size 770x211 [border: (1px inset #808080)] [r=1 c=1 rs=1 cs=1]
              RenderBlock {P} at (4,4) size 762x39
                RenderText {#text} at (0,0) size 752x39
                  text run at (0,0) width 355: "The first line of this sentence should be boldfaced. "
                  text run at (355,0) width 397: "This test is included simply to establish a baseline for the"
                  text run at (0,20) width 643: "following tests, since if this test fails, then the rest of the tests on this page are expected to fail as well."
              RenderBlock {P} at (4,57) size 762x59
                RenderText {#text} at (0,0) size 729x39
                  text run at (0,0) width 581: "The first line of this sentence should be boldfaced and green, thanks to its selector. "
                  text run at (581,0) width 148: "If this is not the case,"
                  text run at (0,20) width 629: "then the user agent may have failed to properly parse the selector, or it may simply not support the "
                RenderInline {TT} at (0,0) size 88x17
                  RenderText {#text} at (629,22) size 88x17
                    text run at (629,22) width 88: ":first-line"
                RenderText {#text} at (0,40) size 107x19
                  text run at (0,40) width 107: "pseudo-element."
              RenderBlock {P} at (4,130) size 762x77
                RenderText {#text} at (0,0) size 756x77
                  text run at (0,0) width 355: "The first line of this sentence should be boldfaced. "
                  text run at (355,0) width 320: "If it is red, then the user agent has violated the"
                  text run at (0,20) width 536: "specification in allowing pseudo-elements at a point other than the end of a selector. "
                  text run at (536,20) width 220: "If neither is the case, then the user"
                  text run at (0,39) width 747: "agent has correctly ignored the incorrect selector, but has suppressed other styles which are valid, and therefore must"
                  text run at (0,58) width 234: "be considered to have failed the test."
