layer at (0,0) size 96x669
  RenderView at (0,0) size 96x26
layer at (0,0) size 96x669
  RenderBlock {HTML} at (0,0) size 96x669
    RenderBody {BODY} at (8,8) size 80x653
      RenderBlock (anonymous) at (0,0) size 80x64
        RenderText {#text} at (0,0) size 76x64
          text run at (0,0) width 61: "This table"
          text run at (0,16) width 76: "should have"
          text run at (0,32) width 74: "cell spacing"
          text run at (0,48) width 39: "of 2px"
      RenderTable {TABLE} at (0,64) size 83x52 [border: (1px outset #808080)]
        RenderTableSection {TBODY} at (1,1) size 81x50
          RenderTableRow {TR} at (0,2) size 81x24
            RenderTableCell {TD} at (2,2) size 35x24 [border: (3px inset #000000)] [r=0 c=0 rs=1 cs=1]
              RenderText {#text} at (4,4) size 27x16
                text run at (4,4) width 27: "AAA"
            RenderTableCell {TD} at (39,4) size 40x20 [border: (1px inset #808080)] [r=0 c=1 rs=1 cs=1]
              RenderText {#text} at (2,2) size 36x16
                text run at (2,2) width 36: "BBBB"
          RenderTableRow {TR} at (0,28) size 81x20
            RenderTableCell {TD} at (2,28) size 35x20 [border: (1px inset #808080)] [r=1 c=0 rs=1 cs=1]
              RenderText {#text} at (2,2) size 27x16
                text run at (2,2) width 27: "AAA"
            RenderTableCell {TD} at (39,28) size 40x20 [border: (1px inset #808080)] [r=1 c=1 rs=1 cs=1]
              RenderText {#text} at (2,2) size 36x16
                text run at (2,2) width 36: "BBBB"
      RenderBlock (anonymous) at (0,116) size 80x80
        RenderBR {BR} at (0,0) size 0x16
        RenderText {#text} at (0,16) size 76x64
          text run at (0,16) width 61: "This table"
          text run at (0,32) width 76: "should have"
          text run at (0,48) width 74: "cell spacing"
          text run at (0,64) width 39: "of 5px"
      RenderTable {TABLE} at (0,196) size 88x57 [border: (1px outset #808080)]
        RenderTableSection {TBODY} at (1,1) size 86x55
          RenderTableRow {TR} at (0,5) size 86x20
            RenderTableCell {TD} at (5,5) size 31x20 [border: (1px inset #808080)] [r=0 c=0 rs=1 cs=1]
              RenderText {#text} at (2,2) size 27x16
                text run at (2,2) width 27: "AAA"
            RenderTableCell {TD} at (41,5) size 40x20 [border: (1px inset #808080)] [r=0 c=1 rs=1 cs=1]
              RenderText {#text} at (2,2) size 36x16
                text run at (2,2) width 36: "BBBB"
          RenderTableRow {TR} at (0,30) size 86x20
            RenderTableCell {TD} at (5,30) size 31x20 [border: (1px inset #808080)] [r=1 c=0 rs=1 cs=1]
              RenderText {#text} at (2,2) size 27x16
                text run at (2,2) width 27: "AAA"
            RenderTableCell {TD} at (41,30) size 40x20 [border: (1px inset #808080)] [r=1 c=1 rs=1 cs=1]
              RenderText {#text} at (2,2) size 36x16
                text run at (2,2) width 36: "BBBB"
      RenderBlock (anonymous) at (0,253) size 80x128
        RenderBR {BR} at (0,0) size 0x16
        RenderText {#text} at (0,16) size 76x112
          text run at (0,16) width 61: "This table"
          text run at (0,32) width 76: "should have"
          text run at (0,48) width 21: "cell"
          text run at (0,64) width 74: "spacingX of"
          text run at (0,80) width 26: "5px,"
          text run at (0,96) width 74: "spacingY of"
          text run at (0,112) width 31: "10px"
      RenderTable {TABLE} at (0,381) size 88x72 [border: (1px outset #808080)]
        RenderTableSection {TBODY} at (1,1) size 86x70
          RenderTableRow {TR} at (0,10) size 86x20
            RenderTableCell {TD} at (5,10) size 31x20 [border: (1px inset #808080)] [r=0 c=0 rs=1 cs=1]
              RenderText {#text} at (2,2) size 27x16
                text run at (2,2) width 27: "AAA"
            RenderTableCell {TD} at (41,10) size 40x20 [border: (1px inset #808080)] [r=0 c=1 rs=1 cs=1]
              RenderText {#text} at (2,2) size 36x16
                text run at (2,2) width 36: "BBBB"
          RenderTableRow {TR} at (0,40) size 86x20
            RenderTableCell {TD} at (5,40) size 31x20 [border: (1px inset #808080)] [r=1 c=0 rs=1 cs=1]
              RenderText {#text} at (2,2) size 27x16
                text run at (2,2) width 27: "AAA"
            RenderTableCell {TD} at (41,40) size 40x20 [border: (1px inset #808080)] [r=1 c=1 rs=1 cs=1]
              RenderText {#text} at (2,2) size 36x16
                text run at (2,2) width 36: "BBBB"
      RenderBlock (anonymous) at (0,453) size 80x128
        RenderBR {BR} at (0,0) size 0x16
        RenderText {#text} at (0,16) size 76x112
          text run at (0,16) width 61: "This table"
          text run at (0,32) width 76: "should have"
          text run at (0,48) width 21: "cell"
          text run at (0,64) width 74: "spacingX of"
          text run at (0,80) width 26: "5px,"
          text run at (0,96) width 74: "spacingY of"
          text run at (0,112) width 31: "10px"
      RenderTable {TABLE} at (0,581) size 88x72 [border: (1px outset #808080)]
        RenderTableSection {TBODY} at (1,1) size 86x70
          RenderTableRow {TR} at (0,10) size 86x20
            RenderTableCell {TD} at (5,10) size 31x20 [border: (1px inset #808080)] [r=0 c=0 rs=1 cs=1]
              RenderText {#text} at (2,2) size 27x16
                text run at (2,2) width 27: "AAA"
            RenderTableCell {TD} at (41,10) size 40x20 [border: (1px inset #808080)] [r=0 c=1 rs=1 cs=1]
              RenderText {#text} at (2,2) size 36x16
                text run at (2,2) width 36: "BBBB"
          RenderTableRow {TR} at (0,40) size 86x20
            RenderTableCell {TD} at (5,40) size 31x20 [border: (1px inset #808080)] [r=1 c=0 rs=1 cs=1]
              RenderText {#text} at (2,2) size 27x16
                text run at (2,2) width 27: "AAA"
            RenderTableCell {TD} at (41,40) size 40x20 [border: (1px inset #808080)] [r=1 c=1 rs=1 cs=1]
              RenderText {#text} at (2,2) size 36x16
                text run at (2,2) width 36: "BBBB"
