layer at (0,0) size 508x4800
  RenderView at (0,0) size 96x26
layer at (0,0) size 508x4800
  RenderBlock {HTML} at (0,0) size 96x4800
    RenderBody {BODY} at (8,8) size 80x4784
      RenderBlock (anonymous) at (0,0) size 80x80
        RenderText {#text} at (0,0) size 76x80
          text run at (0,0) width 67: "fixed width"
          text run at (0,16) width 59: "table with"
          text run at (0,32) width 76: "100px width"
          text run at (0,48) width 76: "image in 1st"
          text run at (0,64) width 21: "cell"
      RenderTable {TABLE} at (0,80) size 500x110 [bgcolor=#FFA500] [border: (1px outset #808080)]
        RenderTableSection {TBODY} at (1,1) size 498x108
          RenderTableRow {TR} at (0,2) size 498x104
            RenderTableCell {TD} at (2,2) size 104x104 [border: (1px inset #808080)] [r=0 c=0 rs=1 cs=1]
              RenderImage {IMG} at (2,2) size 100x100
            RenderTableCell {TD} at (108,28) size 388x52 [border: (1px inset #808080)] [r=0 c=1 rs=1 cs=1]
              RenderText {#text} at (2,2) size 373x48
                text run at (2,2) width 362: "a bunch of text, a bunch of text, a bunch of text, a bunch of"
                text run at (2,18) width 27: "text "
                text run at (29,18) width 346: "a bunch of text, a bunch of text, a bunch of text, a bunch"
                text run at (2,34) width 39: "of text"
      RenderBlock (anonymous) at (0,190) size 80x96
        RenderBR {BR} at (0,0) size 0x16
        RenderText {#text} at (0,16) size 76x80
          text run at (0,16) width 67: "fixed width"
          text run at (0,32) width 59: "table with"
          text run at (0,48) width 76: "100px width"
          text run at (0,64) width 68: "table in 1st"
          text run at (0,80) width 21: "cell"
      RenderTable {TABLE} at (0,286) size 500x58 [bgcolor=#FFA500] [border: (1px outset #808080)]
        RenderTableSection {TBODY} at (1,1) size 498x56
          RenderTableRow {TR} at (0,2) size 498x52
            RenderTableCell {TD} at (2,15) size 104x26 [border: (1px inset #808080)] [r=0 c=0 rs=1 cs=1]
              RenderTable {TABLE} at (2,2) size 100x22
                RenderTableSection {TBODY} at (0,0) size 100x22
                  RenderTableRow {TR} at (0,2) size 100x18
                    RenderTableCell {TD} at (2,2) size 96x18 [r=0 c=0 rs=1 cs=1]
                      RenderText {#text} at (1,1) size 20x16
                        text run at (1,1) width 20: "foo"
            RenderTableCell {TD} at (108,2) size 388x52 [border: (1px inset #808080)] [r=0 c=1 rs=1 cs=1]
              RenderText {#text} at (2,2) size 373x48
                text run at (2,2) width 362: "a bunch of text, a bunch of text, a bunch of text, a bunch of"
                text run at (2,18) width 27: "text "
                text run at (29,18) width 346: "a bunch of text, a bunch of text, a bunch of text, a bunch"
                text run at (2,34) width 39: "of text"
      RenderBlock (anonymous) at (0,344) size 80x96
        RenderBR {BR} at (0,0) size 0x16
        RenderText {#text} at (0,16) size 76x80
          text run at (0,16) width 64: "auto width"
          text run at (0,32) width 59: "table with"
          text run at (0,48) width 76: "100px width"
          text run at (0,64) width 76: "image in 1st"
          text run at (0,80) width 21: "cell"
      RenderTable {TABLE} at (0,440) size 153x506 [bgcolor=#FFA500] [border: (1px outset #808080)]
        RenderTableSection {TBODY} at (1,1) size 151x504
          RenderTableRow {TR} at (0,2) size 151x500
            RenderTableCell {TD} at (2,200) size 104x104 [border: (1px inset #808080)] [r=0 c=0 rs=1 cs=1]
              RenderImage {IMG} at (2,2) size 100x100
            RenderTableCell {TD} at (108,2) size 41x500 [border: (1px inset #808080)] [r=0 c=1 rs=1 cs=1]
              RenderText {#text} at (2,2) size 37x496
                text run at (2,2) width 8: "a"
                text run at (2,18) width 37: "bunch"
                text run at (2,34) width 12: "of"
                text run at (2,50) width 26: "text,"
                text run at (2,66) width 8: "a"
                text run at (2,82) width 37: "bunch"
                text run at (2,98) width 12: "of"
                text run at (2,114) width 26: "text,"
                text run at (2,130) width 8: "a"
                text run at (2,146) width 37: "bunch"
                text run at (2,162) width 12: "of"
                text run at (2,178) width 26: "text,"
                text run at (2,194) width 8: "a"
                text run at (2,210) width 37: "bunch"
                text run at (2,226) width 12: "of"
                text run at (2,242) width 27: "text "
                text run at (29,242) width 8: "a"
                text run at (2,258) width 37: "bunch"
                text run at (2,274) width 12: "of"
                text run at (2,290) width 26: "text,"
                text run at (2,306) width 8: "a"
                text run at (2,322) width 37: "bunch"
                text run at (2,338) width 12: "of"
                text run at (2,354) width 26: "text,"
                text run at (2,370) width 8: "a"
                text run at (2,386) width 37: "bunch"
                text run at (2,402) width 12: "of"
                text run at (2,418) width 26: "text,"
                text run at (2,434) width 8: "a"
                text run at (2,450) width 37: "bunch"
                text run at (2,466) width 12: "of"
                text run at (2,482) width 23: "text"
      RenderBlock (anonymous) at (0,946) size 80x112
        RenderBR {BR} at (0,0) size 0x16
        RenderText {#text} at (0,16) size 76x96
          text run at (0,16) width 67: "fixed width"
          text run at (0,32) width 59: "table with"
          text run at (0,48) width 76: "100px width"
          text run at (0,64) width 44: "1st cell"
          text run at (0,80) width 65: "containing"
          text run at (0,96) width 38: "image"
      RenderTable {TABLE} at (0,1058) size 500x110 [bgcolor=#FFA500] [border: (1px outset #808080)]
        RenderTableSection {TBODY} at (1,1) size 498x108
          RenderTableRow {TR} at (0,2) size 498x104
            RenderTableCell {TD} at (2,2) size 104x104 [border: (1px inset #808080)] [r=0 c=0 rs=1 cs=1]
              RenderImage {IMG} at (2,2) size 100x100
            RenderTableCell {TD} at (108,28) size 388x52 [border: (1px inset #808080)] [r=0 c=1 rs=1 cs=1]
              RenderText {#text} at (2,2) size 373x48
                text run at (2,2) width 362: "a bunch of text, a bunch of text, a bunch of text, a bunch of"
                text run at (2,18) width 27: "text "
                text run at (29,18) width 346: "a bunch of text, a bunch of text, a bunch of text, a bunch"
                text run at (2,34) width 39: "of text"
      RenderBlock (anonymous) at (0,1168) size 80x112
        RenderBR {BR} at (0,0) size 0x16
        RenderText {#text} at (0,16) size 76x96
          text run at (0,16) width 64: "auto width"
          text run at (0,32) width 59: "table with"
          text run at (0,48) width 76: "100px width"
          text run at (0,64) width 44: "1st cell"
          text run at (0,80) width 65: "containing"
          text run at (0,96) width 38: "image"
      RenderTable {TABLE} at (0,1280) size 153x506 [bgcolor=#FFA500] [border: (1px outset #808080)]
        RenderTableSection {TBODY} at (1,1) size 151x504
          RenderTableRow {TR} at (0,2) size 151x500
            RenderTableCell {TD} at (2,200) size 104x104 [border: (1px inset #808080)] [r=0 c=0 rs=1 cs=1]
              RenderImage {IMG} at (2,2) size 100x100
            RenderTableCell {TD} at (108,2) size 41x500 [border: (1px inset #808080)] [r=0 c=1 rs=1 cs=1]
              RenderText {#text} at (2,2) size 37x496
                text run at (2,2) width 8: "a"
                text run at (2,18) width 37: "bunch"
                text run at (2,34) width 12: "of"
                text run at (2,50) width 26: "text,"
                text run at (2,66) width 8: "a"
                text run at (2,82) width 37: "bunch"
                text run at (2,98) width 12: "of"
                text run at (2,114) width 26: "text,"
                text run at (2,130) width 8: "a"
                text run at (2,146) width 37: "bunch"
                text run at (2,162) width 12: "of"
                text run at (2,178) width 26: "text,"
                text run at (2,194) width 8: "a"
                text run at (2,210) width 37: "bunch"
                text run at (2,226) width 12: "of"
                text run at (2,242) width 27: "text "
                text run at (29,242) width 8: "a"
                text run at (2,258) width 37: "bunch"
                text run at (2,274) width 12: "of"
                text run at (2,290) width 26: "text,"
                text run at (2,306) width 8: "a"
                text run at (2,322) width 37: "bunch"
                text run at (2,338) width 12: "of"
                text run at (2,354) width 26: "text,"
                text run at (2,370) width 8: "a"
                text run at (2,386) width 37: "bunch"
                text run at (2,402) width 12: "of"
                text run at (2,418) width 26: "text,"
                text run at (2,434) width 8: "a"
                text run at (2,450) width 37: "bunch"
                text run at (2,466) width 12: "of"
                text run at (2,482) width 23: "text"
      RenderBlock (anonymous) at (0,1786) size 80x96
        RenderBR {BR} at (0,0) size 0x16
        RenderText {#text} at (0,16) size 76x80
          text run at (0,16) width 66: "small fixed"
          text run at (0,32) width 67: "width table"
          text run at (0,48) width 68: "with 100px"
          text run at (0,64) width 76: "image in 1st"
          text run at (0,80) width 21: "cell"
      RenderTable {TABLE} at (0,1882) size 153x506 [bgcolor=#FFA500] [border: (1px outset #808080)]
        RenderTableSection {TBODY} at (1,1) size 151x504
          RenderTableRow {TR} at (0,2) size 151x500
            RenderTableCell {TD} at (2,200) size 104x104 [border: (1px inset #808080)] [r=0 c=0 rs=1 cs=1]
              RenderImage {IMG} at (2,2) size 100x100
            RenderTableCell {TD} at (108,2) size 41x500 [border: (1px inset #808080)] [r=0 c=1 rs=1 cs=1]
              RenderText {#text} at (2,2) size 37x496
                text run at (2,2) width 8: "a"
                text run at (2,18) width 37: "bunch"
                text run at (2,34) width 12: "of"
                text run at (2,50) width 26: "text,"
                text run at (2,66) width 8: "a"
                text run at (2,82) width 37: "bunch"
                text run at (2,98) width 12: "of"
                text run at (2,114) width 26: "text,"
                text run at (2,130) width 8: "a"
                text run at (2,146) width 37: "bunch"
                text run at (2,162) width 12: "of"
                text run at (2,178) width 26: "text,"
                text run at (2,194) width 8: "a"
                text run at (2,210) width 37: "bunch"
                text run at (2,226) width 12: "of"
                text run at (2,242) width 27: "text "
                text run at (29,242) width 8: "a"
                text run at (2,258) width 37: "bunch"
                text run at (2,274) width 12: "of"
                text run at (2,290) width 26: "text,"
                text run at (2,306) width 8: "a"
                text run at (2,322) width 37: "bunch"
                text run at (2,338) width 12: "of"
                text run at (2,354) width 26: "text,"
                text run at (2,370) width 8: "a"
                text run at (2,386) width 37: "bunch"
                text run at (2,402) width 12: "of"
                text run at (2,418) width 26: "text,"
                text run at (2,434) width 8: "a"
                text run at (2,450) width 37: "bunch"
                text run at (2,466) width 12: "of"
                text run at (2,482) width 23: "text"
      RenderBlock (anonymous) at (0,2388) size 80x144
        RenderBR {BR} at (0,0) size 0x16
        RenderText {#text} at (0,16) size 76x128
          text run at (0,16) width 67: "fixed width"
          text run at (0,32) width 59: "table with"
          text run at (0,48) width 39: "100px"
          text run at (0,64) width 76: "image in 1st"
          text run at (0,80) width 67: "cell, 100px"
          text run at (0,96) width 49: "2nd cell"
          text run at (0,112) width 65: "containing"
          text run at (0,128) width 23: "text"
      RenderTable {TABLE} at (0,2532) size 500x138 [bgcolor=#FFA500] [border: (1px outset #808080)]
        RenderTableSection {TBODY} at (1,1) size 498x136
          RenderTableRow {TR} at (0,2) size 498x132
            RenderTableCell {TD} at (2,16) size 388x104 [border: (1px inset #808080)] [r=0 c=0 rs=1 cs=1]
              RenderImage {IMG} at (2,2) size 100x100
            RenderTableCell {TD} at (392,2) size 104x132 [border: (1px inset #808080)] [r=0 c=1 rs=1 cs=1]
              RenderText {#text} at (2,2) size 95x128
                text run at (2,2) width 95: "a bunch of text,"
                text run at (2,18) width 95: "a bunch of text,"
                text run at (2,34) width 95: "a bunch of text,"
                text run at (2,50) width 92: "a bunch of text"
                text run at (2,66) width 95: "a bunch of text,"
                text run at (2,82) width 95: "a bunch of text,"
                text run at (2,98) width 95: "a bunch of text,"
                text run at (2,114) width 92: "a bunch of text"
      RenderBlock (anonymous) at (0,2670) size 80x208
        RenderBR {BR} at (0,0) size 0x16
        RenderText {#text} at (0,16) size 80x192
          text run at (0,16) width 64: "auto width"
          text run at (0,32) width 59: "table with"
          text run at (0,48) width 39: "100px"
          text run at (0,64) width 76: "image in 1st"
          text run at (0,80) width 67: "cell, 100px"
          text run at (0,96) width 49: "2nd cell"
          text run at (0,112) width 65: "containing"
          text run at (0,128) width 57: "text. This"
          text run at (0,144) width 71: "differs from"
          text run at (0,160) width 80: "Nav4.5 but is"
          text run at (0,176) width 56: "similar to"
          text run at (0,192) width 21: "IE5"
      RenderTable {TABLE} at (0,2878) size 153x506 [bgcolor=#FFA500] [border: (1px outset #808080)]
        RenderTableSection {TBODY} at (1,1) size 151x504
          RenderTableRow {TR} at (0,2) size 151x500
            RenderTableCell {TD} at (2,200) size 104x104 [border: (1px inset #808080)] [r=0 c=0 rs=1 cs=1]
              RenderImage {IMG} at (2,2) size 100x100
            RenderTableCell {TD} at (108,2) size 41x500 [border: (1px inset #808080)] [r=0 c=1 rs=1 cs=1]
              RenderText {#text} at (2,2) size 37x496
                text run at (2,2) width 8: "a"
                text run at (2,18) width 37: "bunch"
                text run at (2,34) width 12: "of"
                text run at (2,50) width 26: "text,"
                text run at (2,66) width 8: "a"
                text run at (2,82) width 37: "bunch"
                text run at (2,98) width 12: "of"
                text run at (2,114) width 26: "text,"
                text run at (2,130) width 8: "a"
                text run at (2,146) width 37: "bunch"
                text run at (2,162) width 12: "of"
                text run at (2,178) width 26: "text,"
                text run at (2,194) width 8: "a"
                text run at (2,210) width 37: "bunch"
                text run at (2,226) width 12: "of"
                text run at (2,242) width 27: "text "
                text run at (29,242) width 8: "a"
                text run at (2,258) width 37: "bunch"
                text run at (2,274) width 12: "of"
                text run at (2,290) width 26: "text,"
                text run at (2,306) width 8: "a"
                text run at (2,322) width 37: "bunch"
                text run at (2,338) width 12: "of"
                text run at (2,354) width 26: "text,"
                text run at (2,370) width 8: "a"
                text run at (2,386) width 37: "bunch"
                text run at (2,402) width 12: "of"
                text run at (2,418) width 26: "text,"
                text run at (2,434) width 8: "a"
                text run at (2,450) width 37: "bunch"
                text run at (2,466) width 12: "of"
                text run at (2,482) width 23: "text"
      RenderBlock (anonymous) at (0,3384) size 80x144
        RenderBR {BR} at (0,0) size 0x16
        RenderText {#text} at (0,16) size 71x128
          text run at (0,16) width 71: "Fixed width"
          text run at (0,32) width 59: "table with"
          text run at (0,48) width 66: "colspan=2"
          text run at (0,64) width 64: "in 1st row,"
          text run at (0,80) width 51: "2nd row"
          text run at (0,96) width 65: "containing"
          text run at (0,112) width 39: "100px"
          text run at (0,128) width 68: "image, text"
      RenderTable {TABLE} at (0,3528) size 500x132 [bgcolor=#FFA500] [border: (1px outset #808080)]
        RenderTableSection {TBODY} at (1,1) size 498x130
          RenderTableRow {TR} at (0,2) size 498x20
            RenderTableCell {TD} at (2,2) size 494x20 [border: (1px inset #808080)] [r=0 c=0 rs=1 cs=2]
              RenderText {#text} at (2,2) size 370x16
                text run at (2,2) width 370: "hello hello hello hello hello hello hello hello hello hello hello"
          RenderTableRow {TR} at (0,24) size 498x104
            RenderTableCell {TD} at (2,24) size 104x104 [border: (1px inset #808080)] [r=1 c=0 rs=1 cs=1]
              RenderImage {IMG} at (2,2) size 100x100
            RenderTableCell {TD} at (108,58) size 388x36 [border: (1px inset #808080)] [r=1 c=1 rs=1 cs=1]
              RenderText {#text} at (2,2) size 366x32
                text run at (2,2) width 366: "there there there there there there there there there there"
                text run at (2,18) width 70: "there there"
      RenderBlock (anonymous) at (0,3660) size 80x144
        RenderBR {BR} at (0,0) size 0x16
        RenderText {#text} at (0,16) size 68x128
          text run at (0,16) width 65: "Auto width"
          text run at (0,32) width 59: "table with"
          text run at (0,48) width 66: "colspan=2"
          text run at (0,64) width 64: "in 1st row,"
          text run at (0,80) width 51: "2nd row"
          text run at (0,96) width 65: "containing"
          text run at (0,112) width 39: "100px"
          text run at (0,128) width 68: "image, text"
      RenderTable {TABLE} at (0,3804) size 149x256 [bgcolor=#FFA500] [border: (1px outset #808080)]
        RenderTableSection {TBODY} at (1,1) size 147x254
          RenderTableRow {TR} at (0,2) size 147x52
            RenderTableCell {TD} at (2,2) size 143x52 [border: (1px inset #808080)] [r=0 c=0 rs=1 cs=2]
              RenderText {#text} at (2,2) size 132x48
                text run at (2,2) width 132: "hello hello hello hello"
                text run at (2,18) width 132: "hello hello hello hello"
                text run at (2,34) width 98: "hello hello hello"
          RenderTableRow {TR} at (0,56) size 147x196
            RenderTableCell {TD} at (2,102) size 104x104 [border: (1px inset #808080)] [r=1 c=0 rs=1 cs=1]
              RenderImage {IMG} at (2,2) size 100x100
            RenderTableCell {TD} at (108,56) size 37x196 [border: (1px inset #808080)] [r=1 c=1 rs=1 cs=1]
              RenderText {#text} at (2,2) size 33x192
                text run at (2,2) width 33: "there"
                text run at (2,18) width 33: "there"
                text run at (2,34) width 33: "there"
                text run at (2,50) width 33: "there"
                text run at (2,66) width 33: "there"
                text run at (2,82) width 33: "there"
                text run at (2,98) width 33: "there"
                text run at (2,114) width 33: "there"
                text run at (2,130) width 33: "there"
                text run at (2,146) width 33: "there"
                text run at (2,162) width 33: "there"
                text run at (2,178) width 33: "there"
      RenderBlock (anonymous) at (0,4060) size 80x160
        RenderBR {BR} at (0,0) size 0x16
        RenderText {#text} at (0,16) size 71x144
          text run at (0,16) width 71: "Fixed width"
          text run at (0,32) width 59: "table with"
          text run at (0,48) width 66: "colspan=2"
          text run at (0,64) width 64: "in 1st row,"
          text run at (0,80) width 51: "2nd row"
          text run at (0,96) width 65: "containing"
          text run at (0,112) width 39: "100px"
          text run at (0,128) width 41: "image,"
          text run at (0,144) width 64: "100px cell"
      RenderTable {TABLE} at (0,4220) size 500x132 [bgcolor=#FFA500] [border: (1px outset #808080)]
        RenderTableSection {TBODY} at (1,1) size 498x130
          RenderTableRow {TR} at (0,2) size 498x20
            RenderTableCell {TD} at (2,2) size 494x20 [border: (1px inset #808080)] [r=0 c=0 rs=1 cs=2]
              RenderText {#text} at (2,2) size 370x16
                text run at (2,2) width 370: "hello hello hello hello hello hello hello hello hello hello hello"
          RenderTableRow {TR} at (0,24) size 498x104
            RenderTableCell {TD} at (2,24) size 388x104 [border: (1px inset #808080)] [r=1 c=0 rs=1 cs=1]
              RenderImage {IMG} at (2,2) size 100x100
            RenderTableCell {TD} at (392,26) size 104x100 [border: (1px inset #808080)] [r=1 c=1 rs=1 cs=1]
              RenderText {#text} at (2,2) size 70x96
                text run at (2,2) width 70: "there there"
                text run at (2,18) width 70: "there there"
                text run at (2,34) width 70: "there there"
                text run at (2,50) width 70: "there there"
                text run at (2,66) width 70: "there there"
                text run at (2,82) width 70: "there there"
      RenderBlock (anonymous) at (0,4352) size 80x160
        RenderBR {BR} at (0,0) size 0x16
        RenderText {#text} at (0,16) size 66x144
          text run at (0,16) width 65: "Auto width"
          text run at (0,32) width 59: "table with"
          text run at (0,48) width 66: "colspan=2"
          text run at (0,64) width 64: "in 1st row,"
          text run at (0,80) width 51: "2nd row"
          text run at (0,96) width 65: "containing"
          text run at (0,112) width 39: "100px"
          text run at (0,128) width 41: "image,"
          text run at (0,144) width 64: "100px cell"
      RenderTable {TABLE} at (0,4512) size 149x256 [bgcolor=#FFA500] [border: (1px outset #808080)]
        RenderTableSection {TBODY} at (1,1) size 147x254
          RenderTableRow {TR} at (0,2) size 147x52
            RenderTableCell {TD} at (2,2) size 143x52 [border: (1px inset #808080)] [r=0 c=0 rs=1 cs=2]
              RenderText {#text} at (2,2) size 132x48
                text run at (2,2) width 132: "hello hello hello hello"
                text run at (2,18) width 132: "hello hello hello hello"
                text run at (2,34) width 98: "hello hello hello"
          RenderTableRow {TR} at (0,56) size 147x196
            RenderTableCell {TD} at (2,102) size 104x104 [border: (1px inset #808080)] [r=1 c=0 rs=1 cs=1]
              RenderImage {IMG} at (2,2) size 100x100
            RenderTableCell {TD} at (108,56) size 37x196 [border: (1px inset #808080)] [r=1 c=1 rs=1 cs=1]
              RenderText {#text} at (2,2) size 33x192
                text run at (2,2) width 33: "there"
                text run at (2,18) width 33: "there"
                text run at (2,34) width 33: "there"
                text run at (2,50) width 33: "there"
                text run at (2,66) width 33: "there"
                text run at (2,82) width 33: "there"
                text run at (2,98) width 33: "there"
                text run at (2,114) width 33: "there"
                text run at (2,130) width 33: "there"
                text run at (2,146) width 33: "there"
                text run at (2,162) width 33: "there"
                text run at (2,178) width 33: "there"
      RenderBlock (anonymous) at (0,4768) size 80x16
        RenderBR {BR} at (0,0) size 0x16
