layer at (0,0) size 553x80
  RenderView at (0,0) size 96x26
layer at (0,0) size 553x80
  RenderBlock {HTML} at (0,0) size 96x80
    RenderBody {BODY} at (0,0) size 96x80 [bgcolor=#FFFFFF]
      RenderBlock (anonymous) at (0,0) size 96x0
        RenderInline {SPAN} at (0,0) size 0x0
          RenderText {#text} at (0,0) size 0x0
          RenderInline {TDX} at (0,0) size 0x0
            RenderInline {IMGX} at (0,0) size 0x0
      RenderBlock (anonymous) at (0,0) size 96x80
        RenderTable {TABLE} at (0,0) size 553x80 [bgcolor=#FFFFFF]
          RenderTableSection {TBODY} at (0,0) size 553x80
            RenderTableRow {TR} at (0,0) size 553x20
              RenderTableCell {TD} at (0,0) size 250x60 [r=0 c=0 rs=2 cs=1]
                RenderInline {A} at (0,0) size 250x13 [color=#003399]
                  RenderImage {IMG} at (0,0) size 250x60
              RenderTableCell {TD} at (250,0) size 18x20 [r=0 c=1 rs=1 cs=1]
                RenderImage {IMG} at (0,0) size 18x20
              RenderTableCell {TD} at (268,4) size 285x11 [bgcolor=#000000] [r=0 c=2 rs=1 cs=2]
                RenderInline {FONT} at (0,0) size 285x11 [color=#FFFFFF]
                  RenderText {#text} at (0,0) size 0x0
                  RenderInline {B} at (0,0) size 285x11
                    RenderText {#text} at (0,0) size 6x11
                      text run at (0,0) width 6: "  "
                    RenderInline {A} at (0,0) size 57x11
                      RenderInline {FONT} at (0,0) size 57x11
                        RenderText {#text} at (6,0) size 57x11
                          text run at (6,0) width 57: "All Products"
                    RenderText {#text} at (63,0) size 6x11
                      text run at (63,0) width 6: "  "
                    RenderInline {FONT} at (0,0) size 3x11
                      RenderText {#text} at (69,0) size 3x11
                        text run at (69,0) width 3: "|"
                    RenderText {#text} at (72,0) size 9x11
                      text run at (72,0) width 3: " "
                      text run at (75,0) width 6: "  "
                    RenderInline {A} at (0,0) size 37x11
                      RenderInline {FONT} at (0,0) size 37x11
                        RenderText {#text} at (81,0) size 37x11
                          text run at (81,0) width 37: "Support"
                    RenderText {#text} at (118,0) size 6x11
                      text run at (118,0) width 6: "  "
                    RenderInline {FONT} at (0,0) size 3x11
                      RenderText {#text} at (124,0) size 3x11
                        text run at (124,0) width 3: "|"
                    RenderText {#text} at (127,0) size 9x11
                      text run at (127,0) width 3: " "
                      text run at (130,0) width 6: "  "
                    RenderInline {A} at (0,0) size 31x11
                      RenderInline {FONT} at (0,0) size 31x11
                        RenderText {#text} at (136,0) size 31x11
                          text run at (136,0) width 31: "Search"
                    RenderText {#text} at (167,0) size 6x11
                      text run at (167,0) width 6: "  "
                    RenderInline {FONT} at (0,0) size 3x11
                      RenderText {#text} at (173,0) size 3x11
                        text run at (173,0) width 3: "|"
                    RenderText {#text} at (176,0) size 9x11
                      text run at (176,0) width 3: " "
                      text run at (179,0) width 6: "  "
                    RenderInline {A} at (0,0) size 94x11
                      RenderInline {FONT} at (0,0) size 94x11
                        RenderText {#text} at (185,0) size 94x11
                          text run at (185,0) width 94: "microsoft.com Home"
                    RenderText {#text} at (279,0) size 6x11
                      text run at (279,0) width 6: "  "
                  RenderText {#text} at (0,0) size 0x0
            RenderTableRow {TR} at (0,20) size 553x40
              RenderTableCell {TD} at (250,20) size 303x40 [r=1 c=1 rs=1 cs=2]
                RenderInline {A} at (0,0) size 112x13 [color=#003399]
                  RenderImage {IMG} at (191,0) size 112x40
            RenderTableRow {TR} at (0,60) size 553x20
              RenderTableCell {TD} at (0,64) size 553x11 [bgcolor=#6699CC] [r=2 c=0 rs=1 cs=4]
                RenderInline {FONT} at (0,0) size 479x11 [color=#FFFFFF]
                  RenderInline {B} at (0,0) size 479x11
                    RenderText {#text} at (0,0) size 6x11
                      text run at (0,0) width 6: "  "
                    RenderInline {A} at (0,0) size 26x11
                      RenderInline {FONT} at (0,0) size 26x11
                        RenderText {#text} at (6,0) size 26x11
                          text run at (6,0) width 26: "Home"
                    RenderText {#text} at (32,0) size 6x11
                      text run at (32,0) width 6: "  "
                    RenderInline {FONT} at (0,0) size 3x11
                      RenderText {#text} at (38,0) size 3x11
                        text run at (38,0) width 3: "|"
                    RenderText {#text} at (41,0) size 9x11
                      text run at (41,0) width 3: " "
                      text run at (44,0) width 6: "  "
                    RenderInline {A} at (0,0) size 30x11
                      RenderInline {FONT} at (0,0) size 30x11
                        RenderText {#text} at (50,0) size 30x11
                          text run at (50,0) width 30: "Events"
                    RenderText {#text} at (80,0) size 6x11
                      text run at (80,0) width 6: "  "
                    RenderInline {FONT} at (0,0) size 3x11
                      RenderText {#text} at (86,0) size 3x11
                        text run at (86,0) width 3: "|"
                    RenderText {#text} at (89,0) size 9x11
                      text run at (89,0) width 3: " "
                      text run at (92,0) width 6: "  "
                    RenderInline {A} at (0,0) size 39x11
                      RenderInline {FONT} at (0,0) size 39x11
                        RenderText {#text} at (98,0) size 39x11
                          text run at (98,0) width 39: "Training"
                    RenderText {#text} at (137,0) size 6x11
                      text run at (137,0) width 6: "  "
                    RenderInline {FONT} at (0,0) size 3x11
                      RenderText {#text} at (143,0) size 3x11
                        text run at (143,0) width 3: "|"
                    RenderText {#text} at (146,0) size 9x11
                      text run at (146,0) width 3: " "
                      text run at (149,0) width 6: "  "
                    RenderInline {A} at (0,0) size 51x11
                      RenderInline {FONT} at (0,0) size 51x11
                        RenderText {#text} at (155,0) size 51x11
                          text run at (155,0) width 51: "Downloads"
                    RenderText {#text} at (206,0) size 6x11
                      text run at (206,0) width 6: "  "
                    RenderInline {FONT} at (0,0) size 3x11
                      RenderText {#text} at (212,0) size 3x11
                        text run at (212,0) width 3: "|"
                    RenderText {#text} at (215,0) size 9x11
                      text run at (215,0) width 3: " "
                      text run at (218,0) width 6: "  "
                    RenderInline {A} at (0,0) size 52x11
                      RenderInline {FONT} at (0,0) size 52x11
                        RenderText {#text} at (224,0) size 52x11
                          text run at (224,0) width 52: "Newsletters"
                    RenderText {#text} at (276,0) size 6x11
                      text run at (276,0) width 6: "  "
                    RenderInline {FONT} at (0,0) size 3x11
                      RenderText {#text} at (282,0) size 3x11
                        text run at (282,0) width 3: "|"
                    RenderText {#text} at (285,0) size 9x11
                      text run at (285,0) width 3: " "
                      text run at (288,0) width 6: "  "
                    RenderInline {A} at (0,0) size 90x11
                      RenderInline {FONT} at (0,0) size 90x11
                        RenderText {#text} at (294,0) size 90x11
                          text run at (294,0) width 90: "U.S. & International"
                    RenderText {#text} at (384,0) size 6x11
                      text run at (384,0) width 6: "  "
                    RenderInline {FONT} at (0,0) size 3x11
                      RenderText {#text} at (390,0) size 3x11
                        text run at (390,0) width 3: "|"
                    RenderText {#text} at (393,0) size 9x11
                      text run at (393,0) width 3: " "
                      text run at (396,0) width 6: "  "
                    RenderInline {A} at (0,0) size 68x11
                      RenderInline {FONT} at (0,0) size 68x11
                        RenderText {#text} at (402,0) size 68x11
                          text run at (402,0) width 68: "About Our Site"
                    RenderText {#text} at (470,0) size 6x11
                      text run at (470,0) width 6: "  "
                    RenderInline {FONT} at (0,0) size 3x11
                      RenderText {#text} at (476,0) size 3x11
                        text run at (476,0) width 3: "|"
                    RenderText {#text} at (0,0) size 0x0
      RenderBlock (anonymous) at (0,80) size 96x0
        RenderInline {SPAN} at (0,0) size 0x0
