layer at (0,0) size 437x842
  RenderView at (0,0) size 96x26
layer at (0,0) size 437x842
  RenderBlock {HTML} at (0,0) size 96x842
    RenderBody {BODY} at (8,8) size 80x826
      RenderBlock (anonymous) at (0,0) size 80x16
        RenderText {#text} at (0,0) size 4x16
          text run at (0,0) width 4: " "
      RenderTable {TABLE} at (0,16) size 429x698 [bgcolor=#FFFFCC] [border: (1px outset #808080)]
        RenderTableSection {TBODY} at (1,1) size 427x696
          RenderTableRow {TR} at (0,2) size 427x36
            RenderTableCell {TD} at (2,10) size 355x20 [border: (1px inset #808080)] [r=0 c=0 rs=1 cs=1]
              RenderText {#text} at (2,2) size 52x16
                text run at (2,2) width 52: "Cell one"
            RenderTableCell {TD} at (359,10) size 36x20 [border: (1px inset #808080)] [r=0 c=1 rs=1 cs=1]
              RenderText {#text} at (2,2) size 32x16
                text run at (2,2) width 32: "Cell2"
            RenderTableCell {TD} at (397,2) size 28x36 [border: (1px inset #808080)] [r=0 c=2 rs=1 cs=1]
              RenderText {#text} at (2,2) size 24x32
                text run at (2,2) width 24: "Cell"
                text run at (2,18) width 8: "3"
          RenderTableRow {TR} at (0,40) size 427x36
            RenderTableCell {TD} at (2,48) size 355x20 [border: (1px inset #808080)] [r=1 c=0 rs=1 cs=1]
              RenderText {#text} at (2,2) size 36x16
                text run at (2,2) width 36: "Cell 4"
            RenderTableCell {TD} at (359,40) size 36x36 [border: (1px inset #808080)] [r=1 c=1 rs=1 cs=1]
              RenderText {#text} at (2,2) size 24x32
                text run at (2,2) width 24: "Cell"
                text run at (2,18) width 8: "5"
            RenderTableCell {TD} at (397,40) size 28x36 [border: (1px inset #808080)] [r=1 c=2 rs=1 cs=1]
              RenderText {#text} at (2,2) size 24x32
                text run at (2,2) width 24: "Cell"
                text run at (2,18) width 8: "6"
          RenderTableRow {TR} at (0,78) size 427x616
            RenderTableCell {TD} at (2,78) size 355x616 [border: (1px inset #808080)] [r=2 c=0 rs=1 cs=1]
              RenderTable {TABLE} at (2,2) size 351x596 [bgcolor=#DDDDDD] [border: (1px outset #808080)]
                RenderTableSection {TBODY} at (1,1) size 349x594
                  RenderTableRow {TR} at (0,2) size 349x20
                    RenderTableCell {TD} at (2,2) size 12x20 [border: (1px inset #808080)] [r=0 c=0 rs=1 cs=1]
                      RenderText {#text} at (2,2) size 8x16
                        text run at (2,2) width 8: "1"
                    RenderTableCell {TD} at (16,2) size 317x20 [border: (1px inset #808080)] [r=0 c=1 rs=1 cs=1]
                      RenderText {#text} at (2,2) size 8x16
                        text run at (2,2) width 8: "2"
                    RenderTableCell {TD} at (335,2) size 12x20 [border: (1px inset #808080)] [r=0 c=2 rs=1 cs=1]
                      RenderText {#text} at (2,2) size 8x16
                        text run at (2,2) width 8: "3"
                  RenderTableRow {TR} at (0,24) size 349x546
                    RenderTableCell {TD} at (2,287) size 12x20 [border: (1px inset #808080)] [r=1 c=0 rs=1 cs=1]
                      RenderText {#text} at (2,2) size 8x16
                        text run at (2,2) width 8: "4"
                    RenderTableCell {TD} at (16,24) size 317x546 [border: (1px inset #808080)] [r=1 c=1 rs=1 cs=1]
                      RenderTable {TABLE} at (2,2) size 313x526 [bgcolor=#66FFFF] [border: (1px outset #808080)]
                        RenderTableSection {TBODY} at (1,1) size 311x524
                          RenderTableRow {TR} at (0,2) size 311x476
                            RenderTableCell {TD} at (2,230) size 12x20 [border: (1px inset #808080)] [r=0 c=0 rs=1 cs=1]
                              RenderText {#text} at (2,2) size 8x16
                                text run at (2,2) width 8: "1"
                            RenderTableCell {TD} at (16,2) size 279x476 [border: (1px inset #808080)] [r=0 c=1 rs=1 cs=1]
                              RenderTable {TABLE} at (2,2) size 275x456 [bgcolor=#FF0000] [border: (1px outset #808080)]
                                RenderTableSection {TBODY} at (1,1) size 273x454
                                  RenderTableRow {TR} at (0,2) size 273x20
                                    RenderTableCell {TD} at (2,2) size 12x20 [border: (1px inset #808080)] [r=0 c=0 rs=1 cs=1]
                                      RenderText {#text} at (2,2) size 8x16
                                        text run at (2,2) width 8: "1"
                                    RenderTableCell {TD} at (16,2) size 12x20 [border: (1px inset #808080)] [r=0 c=1 rs=1 cs=1]
                                      RenderText {#text} at (2,2) size 8x16
                                        text run at (2,2) width 8: "2"
                                    RenderTableCell {TD} at (30,2) size 213x20 [border: (1px inset #808080)] [r=0 c=2 rs=1 cs=1]
                                      RenderText {#text} at (2,2) size 8x16
                                        text run at (2,2) width 8: "3"
                                    RenderTableCell {TD} at (245,2) size 12x20 [border: (1px inset #808080)] [r=0 c=3 rs=1 cs=1]
                                      RenderText {#text} at (2,2) size 8x16
                                        text run at (2,2) width 8: "4"
                                    RenderTableCell {TD} at (259,2) size 12x20 [border: (1px inset #808080)] [r=0 c=4 rs=1 cs=1]
                                      RenderText {#text} at (2,2) size 8x16
                                        text run at (2,2) width 8: "5"
                                  RenderTableRow {TR} at (0,24) size 273x362
                                    RenderTableCell {TD} at (2,195) size 12x20 [border: (1px inset #808080)] [r=1 c=0 rs=1 cs=1]
                                      RenderText {#text} at (2,2) size 8x16
                                        text run at (2,2) width 8: "6"
                                    RenderTableCell {TD} at (16,195) size 12x20 [border: (1px inset #808080)] [r=1 c=1 rs=1 cs=1]
                                      RenderText {#text} at (2,2) size 8x16
                                        text run at (2,2) width 8: "7"
                                    RenderTableCell {TD} at (30,24) size 213x362 [border: (1px inset #808080)] [r=1 c=2 rs=1 cs=1]
                                      RenderTable {TABLE} at (2,2) size 209x342 [bgcolor=#66FF99] [border: (1px outset #808080)]
                                        RenderTableSection {TBODY} at (1,1) size 207x340
                                          RenderTableRow {TR} at (0,2) size 207x20
                                            RenderTableCell {TD} at (2,2) size 12x20 [border: (1px inset #808080)] [r=0 c=0 rs=1 cs=1]
                                              RenderText {#text} at (2,2) size 8x16
                                                text run at (2,2) width 8: "a"
                                            RenderTableCell {TD} at (16,2) size 12x20 [border: (1px inset #808080)] [r=0 c=1 rs=1 cs=1]
                                              RenderText {#text} at (2,2) size 7x16
                                                text run at (2,2) width 7: "b"
                                            RenderTableCell {TD} at (30,2) size 147x20 [border: (1px inset #808080)] [r=0 c=2 rs=1 cs=1]
                                              RenderText {#text} at (2,2) size 7x16
                                                text run at (2,2) width 7: "c"
                                            RenderTableCell {TD} at (179,2) size 12x20 [border: (1px inset #808080)] [r=0 c=3 rs=1 cs=1]
                                              RenderText {#text} at (2,2) size 8x16
                                                text run at (2,2) width 8: "d"
                                            RenderTableCell {TD} at (193,2) size 12x20 [border: (1px inset #808080)] [r=0 c=4 rs=1 cs=1]
                                              RenderText {#text} at (2,2) size 8x16
                                                text run at (2,2) width 8: "e"
                                          RenderTableRow {TR} at (0,24) size 207x20
                                            RenderTableCell {TD} at (2,24) size 12x20 [border: (1px inset #808080)] [r=1 c=0 rs=1 cs=1]
                                              RenderText {#text} at (2,2) size 4x16
                                                text run at (2,2) width 4: "f"
                                            RenderTableCell {TD} at (16,24) size 12x20 [border: (1px inset #808080)] [r=1 c=1 rs=1 cs=1]
                                              RenderText {#text} at (2,2) size 8x16
                                                text run at (2,2) width 8: "g"
                                            RenderTableCell {TD} at (30,24) size 147x20 [border: (1px inset #808080)] [r=1 c=2 rs=1 cs=1]
                                              RenderText {#text} at (2,2) size 8x16
                                                text run at (2,2) width 8: "h"
                                            RenderTableCell {TD} at (179,24) size 12x20 [border: (1px inset #808080)] [r=1 c=3 rs=1 cs=1]
                                              RenderText {#text} at (2,2) size 3x16
                                                text run at (2,2) width 3: "i"
                                            RenderTableCell {TD} at (193,24) size 12x20 [border: (1px inset #808080)] [r=1 c=4 rs=1 cs=1]
                                              RenderText {#text} at (2,2) size 3x16
                                                text run at (2,2) width 3: "j"
                                          RenderTableRow {TR} at (0,46) size 207x248
                                            RenderTableCell {TD} at (2,160) size 12x20 [border: (1px inset #808080)] [r=2 c=0 rs=1 cs=1]
                                              RenderText {#text} at (2,2) size 7x16
                                                text run at (2,2) width 7: "k"
                                            RenderTableCell {TD} at (16,160) size 12x20 [border: (1px inset #808080)] [r=2 c=1 rs=1 cs=1]
                                              RenderText {#text} at (2,2) size 3x16
                                                text run at (2,2) width 3: "l"
                                            RenderTableCell {TD} at (30,46) size 147x248 [border: (1px inset #808080)] [r=2 c=2 rs=1 cs=1]
                                              RenderTable {TABLE} at (2,2) size 143x228 [bgcolor=#FF99FF] [border: (1px outset #808080)]
                                                RenderTableSection {TBODY} at (1,1) size 141x226
                                                  RenderTableRow {TR} at (0,2) size 141x20
                                                    RenderTableCell {TD} at (2,2) size 12x20 [border: (1px inset #808080)] [r=0 c=0 rs=1 cs=1]
                                                      RenderText {#text} at (2,2) size 8x16
                                                        text run at (2,2) width 8: "a"
                                                    RenderTableCell {TD} at (16,2) size 12x20 [border: (1px inset #808080)] [r=0 c=1 rs=1 cs=1]
                                                      RenderText {#text} at (2,2) size 7x16
                                                        text run at (2,2) width 7: "b"
                                                    RenderTableCell {TD} at (30,2) size 81x20 [border: (1px inset #808080)] [r=0 c=2 rs=1 cs=1]
                                                      RenderText {#text} at (2,2) size 7x16
                                                        text run at (2,2) width 7: "c"
                                                    RenderTableCell {TD} at (113,2) size 12x20 [border: (1px inset #808080)] [r=0 c=3 rs=1 cs=1]
                                                      RenderText {#text} at (2,2) size 8x16
                                                        text run at (2,2) width 8: "d"
                                                    RenderTableCell {TD} at (127,2) size 12x20 [border: (1px inset #808080)] [r=0 c=4 rs=1 cs=1]
                                                      RenderText {#text} at (2,2) size 8x16
                                                        text run at (2,2) width 8: "e"
                                                  RenderTableRow {TR} at (0,24) size 141x20
                                                    RenderTableCell {TD} at (2,24) size 12x20 [border: (1px inset #808080)] [r=1 c=0 rs=1 cs=1]
                                                      RenderText {#text} at (2,2) size 4x16
                                                        text run at (2,2) width 4: "f"
                                                    RenderTableCell {TD} at (16,24) size 12x20 [border: (1px inset #808080)] [r=1 c=1 rs=1 cs=1]
                                                      RenderText {#text} at (2,2) size 8x16
                                                        text run at (2,2) width 8: "g"
                                                    RenderTableCell {TD} at (30,24) size 81x20 [border: (1px inset #808080)] [r=1 c=2 rs=1 cs=1]
                                                      RenderText {#text} at (2,2) size 8x16
                                                        text run at (2,2) width 8: "h"
                                                    RenderTableCell {TD} at (113,24) size 12x20 [border: (1px inset #808080)] [r=1 c=3 rs=1 cs=1]
                                                      RenderText {#text} at (2,2) size 3x16
                                                        text run at (2,2) width 3: "i"
                                                    RenderTableCell {TD} at (127,24) size 12x20 [border: (1px inset #808080)] [r=1 c=4 rs=1 cs=1]
                                                      RenderText {#text} at (2,2) size 3x16
                                                        text run at (2,2) width 3: "j"
                                                  RenderTableRow {TR} at (0,46) size 141x134
                                                    RenderTableCell {TD} at (2,103) size 12x20 [border: (1px inset #808080)] [r=2 c=0 rs=1 cs=1]
                                                      RenderText {#text} at (2,2) size 7x16
                                                        text run at (2,2) width 7: "k"
                                                    RenderTableCell {TD} at (16,103) size 12x20 [border: (1px inset #808080)] [r=2 c=1 rs=1 cs=1]
                                                      RenderText {#text} at (2,2) size 3x16
                                                        text run at (2,2) width 3: "l"
                                                    RenderTableCell {TD} at (30,46) size 81x134 [border: (1px inset #808080)] [r=2 c=2 rs=1 cs=1]
                                                      RenderTable {TABLE} at (2,2) size 77x114 [bgcolor=#FF9900] [border: (1px outset #808080)]
                                                        RenderTableSection {TBODY} at (1,1) size 75x112
                                                          RenderTableRow {TR} at (0,2) size 75x20
                                                            RenderTableCell {TD} at (2,2) size 12x20 [border: (1px inset #808080)] [r=0 c=0 rs=1 cs=1]
                                                              RenderText {#text} at (2,2) size 8x16
                                                                text run at (2,2) width 8: "a"
                                                            RenderTableCell {TD} at (16,2) size 12x20 [border: (1px inset #808080)] [r=0 c=1 rs=1 cs=1]
                                                              RenderText {#text} at (2,2) size 7x16
                                                                text run at (2,2) width 7: "b"
                                                            RenderTableCell {TD} at (30,2) size 15x20 [border: (1px inset #808080)] [r=0 c=2 rs=1 cs=1]
                                                              RenderText {#text} at (2,2) size 7x16
                                                                text run at (2,2) width 7: "c"
                                                            RenderTableCell {TD} at (47,2) size 12x20 [border: (1px inset #808080)] [r=0 c=3 rs=1 cs=1]
                                                              RenderText {#text} at (2,2) size 8x16
                                                                text run at (2,2) width 8: "d"
                                                            RenderTableCell {TD} at (61,2) size 12x20 [border: (1px inset #808080)] [r=0 c=4 rs=1 cs=1]
                                                              RenderText {#text} at (2,2) size 8x16
                                                                text run at (2,2) width 8: "e"
                                                          RenderTableRow {TR} at (0,24) size 75x20
                                                            RenderTableCell {TD} at (2,24) size 12x20 [border: (1px inset #808080)] [r=1 c=0 rs=1 cs=1]
                                                              RenderText {#text} at (2,2) size 4x16
                                                                text run at (2,2) width 4: "f"
                                                            RenderTableCell {TD} at (16,24) size 12x20 [border: (1px inset #808080)] [r=1 c=1 rs=1 cs=1]
                                                              RenderText {#text} at (2,2) size 8x16
                                                                text run at (2,2) width 8: "g"
                                                            RenderTableCell {TD} at (30,24) size 15x20 [border: (1px inset #808080)] [r=1 c=2 rs=1 cs=1]
                                                              RenderText {#text} at (2,2) size 8x16
                                                                text run at (2,2) width 8: "h"
                                                            RenderTableCell {TD} at (47,24) size 12x20 [border: (1px inset #808080)] [r=1 c=3 rs=1 cs=1]
                                                              RenderText {#text} at (2,2) size 3x16
                                                                text run at (2,2) width 3: "i"
                                                            RenderTableCell {TD} at (61,24) size 12x20 [border: (1px inset #808080)] [r=1 c=4 rs=1 cs=1]
                                                              RenderText {#text} at (2,2) size 3x16
                                                                text run at (2,2) width 3: "j"
                                                          RenderTableRow {TR} at (0,46) size 75x20
                                                            RenderTableCell {TD} at (2,46) size 12x20 [border: (1px inset #808080)] [r=2 c=0 rs=1 cs=1]
                                                              RenderText {#text} at (2,2) size 7x16
                                                                text run at (2,2) width 7: "k"
                                                            RenderTableCell {TD} at (16,46) size 12x20 [border: (1px inset #808080)] [r=2 c=1 rs=1 cs=1]
                                                              RenderText {#text} at (2,2) size 3x16
                                                                text run at (2,2) width 3: "l"
                                                            RenderTableCell {TD} at (30,46) size 15x20 [border: (1px inset #808080)] [r=2 c=2 rs=1 cs=1]
                                                              RenderText {#text} at (2,2) size 11x16
                                                                text run at (2,2) width 11: "m"
                                                            RenderTableCell {TD} at (47,46) size 12x20 [border: (1px inset #808080)] [r=2 c=3 rs=1 cs=1]
                                                              RenderText {#text} at (2,2) size 8x16
                                                                text run at (2,2) width 8: "n"
                                                            RenderTableCell {TD} at (61,46) size 12x20 [border: (1px inset #808080)] [r=2 c=4 rs=1 cs=1]
                                                              RenderText {#text} at (2,2) size 8x16
                                                                text run at (2,2) width 8: "o"
                                                          RenderTableRow {TR} at (0,68) size 75x20
                                                            RenderTableCell {TD} at (2,68) size 12x20 [border: (1px inset #808080)] [r=3 c=0 rs=1 cs=1]
                                                              RenderText {#text} at (2,2) size 8x16
                                                                text run at (2,2) width 8: "p"
                                                            RenderTableCell {TD} at (16,68) size 12x20 [border: (1px inset #808080)] [r=3 c=1 rs=1 cs=1]
                                                              RenderText {#text} at (2,2) size 8x16
                                                                text run at (2,2) width 8: "q"
                                                            RenderTableCell {TD} at (30,68) size 15x20 [border: (1px inset #808080)] [r=3 c=2 rs=1 cs=1]
                                                              RenderText {#text} at (2,2) size 5x16
                                                                text run at (2,2) width 5: "r"
                                                            RenderTableCell {TD} at (47,68) size 12x20 [border: (1px inset #808080)] [r=3 c=3 rs=1 cs=1]
                                                              RenderText {#text} at (2,2) size 7x16
                                                                text run at (2,2) width 7: "s"
                                                            RenderTableCell {TD} at (61,68) size 12x20 [border: (1px inset #808080)] [r=3 c=4 rs=1 cs=1]
                                                              RenderText {#text} at (2,2) size 4x16
                                                                text run at (2,2) width 4: "t"
                                                          RenderTableRow {TR} at (0,90) size 75x20
                                                            RenderTableCell {TD} at (2,90) size 12x20 [border: (1px inset #808080)] [r=4 c=0 rs=1 cs=1]
                                                              RenderText {#text} at (2,2) size 7x16
                                                                text run at (2,2) width 7: "u"
                                                            RenderTableCell {TD} at (16,90) size 12x20 [border: (1px inset #808080)] [r=4 c=1 rs=1 cs=1]
                                                              RenderText {#text} at (2,2) size 7x16
                                                                text run at (2,2) width 7: "v"
                                                            RenderTableCell {TD} at (30,90) size 15x20 [border: (1px inset #808080)] [r=4 c=2 rs=1 cs=1]
                                                              RenderText {#text} at (2,2) size 10x16
                                                                text run at (2,2) width 10: "w"
                                                            RenderTableCell {TD} at (47,90) size 12x20 [border: (1px inset #808080)] [r=4 c=3 rs=1 cs=1]
                                                              RenderText {#text} at (2,2) size 7x16
                                                                text run at (2,2) width 7: "x"
                                                            RenderTableCell {TD} at (61,90) size 12x20 [border: (1px inset #808080)] [r=4 c=4 rs=1 cs=1]
                                                              RenderText {#text} at (2,2) size 7x16
                                                                text run at (2,2) width 7: "y"
                                                      RenderBlock (anonymous) at (2,116) size 77x16
                                                        RenderText {#text} at (0,0) size 4x16
                                                          text run at (0,0) width 4: " "
                                                    RenderTableCell {TD} at (113,103) size 12x20 [border: (1px inset #808080)] [r=2 c=3 rs=1 cs=1]
                                                      RenderText {#text} at (2,2) size 8x16
                                                        text run at (2,2) width 8: "n"
                                                    RenderTableCell {TD} at (127,103) size 12x20 [border: (1px inset #808080)] [r=2 c=4 rs=1 cs=1]
                                                      RenderText {#text} at (2,2) size 8x16
                                                        text run at (2,2) width 8: "o"
                                                  RenderTableRow {TR} at (0,182) size 141x20
                                                    RenderTableCell {TD} at (2,182) size 12x20 [border: (1px inset #808080)] [r=3 c=0 rs=1 cs=1]
                                                      RenderText {#text} at (2,2) size 8x16
                                                        text run at (2,2) width 8: "p"
                                                    RenderTableCell {TD} at (16,182) size 12x20 [border: (1px inset #808080)] [r=3 c=1 rs=1 cs=1]
                                                      RenderText {#text} at (2,2) size 8x16
                                                        text run at (2,2) width 8: "q"
                                                    RenderTableCell {TD} at (30,182) size 81x20 [border: (1px inset #808080)] [r=3 c=2 rs=1 cs=1]
                                                      RenderText {#text} at (2,2) size 5x16
                                                        text run at (2,2) width 5: "r"
                                                    RenderTableCell {TD} at (113,182) size 12x20 [border: (1px inset #808080)] [r=3 c=3 rs=1 cs=1]
                                                      RenderText {#text} at (2,2) size 7x16
                                                        text run at (2,2) width 7: "s"
                                                    RenderTableCell {TD} at (127,182) size 12x20 [border: (1px inset #808080)] [r=3 c=4 rs=1 cs=1]
                                                      RenderText {#text} at (2,2) size 4x16
                                                        text run at (2,2) width 4: "t"
                                                  RenderTableRow {TR} at (0,204) size 141x20
                                                    RenderTableCell {TD} at (2,204) size 12x20 [border: (1px inset #808080)] [r=4 c=0 rs=1 cs=1]
                                                      RenderText {#text} at (2,2) size 7x16
                                                        text run at (2,2) width 7: "u"
                                                    RenderTableCell {TD} at (16,204) size 12x20 [border: (1px inset #808080)] [r=4 c=1 rs=1 cs=1]
                                                      RenderText {#text} at (2,2) size 7x16
                                                        text run at (2,2) width 7: "v"
                                                    RenderTableCell {TD} at (30,204) size 81x20 [border: (1px inset #808080)] [r=4 c=2 rs=1 cs=1]
                                                      RenderText {#text} at (2,2) size 10x16
                                                        text run at (2,2) width 10: "w"
                                                    RenderTableCell {TD} at (113,204) size 12x20 [border: (1px inset #808080)] [r=4 c=3 rs=1 cs=1]
                                                      RenderText {#text} at (2,2) size 7x16
                                                        text run at (2,2) width 7: "x"
                                                    RenderTableCell {TD} at (127,204) size 12x20 [border: (1px inset #808080)] [r=4 c=4 rs=1 cs=1]
                                                      RenderText {#text} at (2,2) size 7x16
                                                        text run at (2,2) width 7: "y"
                                              RenderBlock (anonymous) at (2,230) size 143x16
                                                RenderText {#text} at (0,0) size 4x16
                                                  text run at (0,0) width 4: " "
                                            RenderTableCell {TD} at (179,160) size 12x20 [border: (1px inset #808080)] [r=2 c=3 rs=1 cs=1]
                                              RenderText {#text} at (2,2) size 8x16
                                                text run at (2,2) width 8: "n"
                                            RenderTableCell {TD} at (193,160) size 12x20 [border: (1px inset #808080)] [r=2 c=4 rs=1 cs=1]
                                              RenderText {#text} at (2,2) size 8x16
                                                text run at (2,2) width 8: "o"
                                          RenderTableRow {TR} at (0,296) size 207x20
                                            RenderTableCell {TD} at (2,296) size 12x20 [border: (1px inset #808080)] [r=3 c=0 rs=1 cs=1]
                                              RenderText {#text} at (2,2) size 8x16
                                                text run at (2,2) width 8: "p"
                                            RenderTableCell {TD} at (16,296) size 12x20 [border: (1px inset #808080)] [r=3 c=1 rs=1 cs=1]
                                              RenderText {#text} at (2,2) size 8x16
                                                text run at (2,2) width 8: "q"
                                            RenderTableCell {TD} at (30,296) size 147x20 [border: (1px inset #808080)] [r=3 c=2 rs=1 cs=1]
                                              RenderText {#text} at (2,2) size 5x16
                                                text run at (2,2) width 5: "r"
                                            RenderTableCell {TD} at (179,296) size 12x20 [border: (1px inset #808080)] [r=3 c=3 rs=1 cs=1]
                                              RenderText {#text} at (2,2) size 7x16
                                                text run at (2,2) width 7: "s"
                                            RenderTableCell {TD} at (193,296) size 12x20 [border: (1px inset #808080)] [r=3 c=4 rs=1 cs=1]
                                              RenderText {#text} at (2,2) size 4x16
                                                text run at (2,2) width 4: "t"
                                          RenderTableRow {TR} at (0,318) size 207x20
                                            RenderTableCell {TD} at (2,318) size 12x20 [border: (1px inset #808080)] [r=4 c=0 rs=1 cs=1]
                                              RenderText {#text} at (2,2) size 7x16
                                                text run at (2,2) width 7: "u"
                                            RenderTableCell {TD} at (16,318) size 12x20 [border: (1px inset #808080)] [r=4 c=1 rs=1 cs=1]
                                              RenderText {#text} at (2,2) size 7x16
                                                text run at (2,2) width 7: "v"
                                            RenderTableCell {TD} at (30,318) size 147x20 [border: (1px inset #808080)] [r=4 c=2 rs=1 cs=1]
                                              RenderText {#text} at (2,2) size 10x16
                                                text run at (2,2) width 10: "w"
                                            RenderTableCell {TD} at (179,318) size 12x20 [border: (1px inset #808080)] [r=4 c=3 rs=1 cs=1]
                                              RenderText {#text} at (2,2) size 7x16
                                                text run at (2,2) width 7: "x"
                                            RenderTableCell {TD} at (193,318) size 12x20 [border: (1px inset #808080)] [r=4 c=4 rs=1 cs=1]
                                              RenderText {#text} at (2,2) size 7x16
                                                text run at (2,2) width 7: "y"
                                      RenderBlock (anonymous) at (2,344) size 209x16
                                        RenderText {#text} at (0,0) size 4x16
                                          text run at (0,0) width 4: " "
                                    RenderTableCell {TD} at (245,195) size 12x20 [border: (1px inset #808080)] [r=1 c=3 rs=1 cs=1]
                                      RenderText {#text} at (2,2) size 8x16
                                        text run at (2,2) width 8: "9"
                                    RenderTableCell {TD} at (259,195) size 12x20 [border: (1px inset #808080)] [r=1 c=4 rs=1 cs=1]
                                      RenderText {#text} at (2,2) size 8x16
                                        text run at (2,2) width 8: "0"
                                  RenderTableRow {TR} at (0,388) size 273x20
                                    RenderTableCell {TD} at (2,388) size 12x20 [border: (1px inset #808080)] [r=2 c=0 rs=1 cs=1]
                                      RenderText {#text} at (2,2) size 8x16
                                        text run at (2,2) width 8: "a"
                                    RenderTableCell {TD} at (16,388) size 12x20 [border: (1px inset #808080)] [r=2 c=1 rs=1 cs=1]
                                      RenderText {#text} at (2,2) size 7x16
                                        text run at (2,2) width 7: "b"
                                    RenderTableCell {TD} at (30,388) size 213x20 [border: (1px inset #808080)] [r=2 c=2 rs=1 cs=1]
                                      RenderText {#text} at (2,2) size 7x16
                                        text run at (2,2) width 7: "c"
                                    RenderTableCell {TD} at (245,388) size 12x20 [border: (1px inset #808080)] [r=2 c=3 rs=1 cs=1]
                                      RenderText {#text} at (2,2) size 8x16
                                        text run at (2,2) width 8: "d"
                                    RenderTableCell {TD} at (259,388) size 12x20 [border: (1px inset #808080)] [r=2 c=4 rs=1 cs=1]
                                      RenderText {#text} at (2,2) size 8x16
                                        text run at (2,2) width 8: "e"
                                  RenderTableRow {TR} at (0,410) size 273x20
                                    RenderTableCell {TD} at (2,410) size 12x20 [border: (1px inset #808080)] [r=3 c=0 rs=1 cs=1]
                                      RenderText {#text} at (2,2) size 4x16
                                        text run at (2,2) width 4: "f"
                                    RenderTableCell {TD} at (16,410) size 12x20 [border: (1px inset #808080)] [r=3 c=1 rs=1 cs=1]
                                      RenderText {#text} at (2,2) size 8x16
                                        text run at (2,2) width 8: "g"
                                    RenderTableCell {TD} at (30,410) size 213x20 [border: (1px inset #808080)] [r=3 c=2 rs=1 cs=1]
                                      RenderText {#text} at (2,2) size 8x16
                                        text run at (2,2) width 8: "h"
                                    RenderTableCell {TD} at (245,410) size 12x20 [border: (1px inset #808080)] [r=3 c=3 rs=1 cs=1]
                                      RenderText {#text} at (2,2) size 3x16
                                        text run at (2,2) width 3: "i"
                                    RenderTableCell {TD} at (259,410) size 12x20 [border: (1px inset #808080)] [r=3 c=4 rs=1 cs=1]
                                      RenderText {#text} at (2,2) size 3x16
                                        text run at (2,2) width 3: "j"
                                  RenderTableRow {TR} at (0,432) size 273x20
                                    RenderTableCell {TD} at (2,432) size 12x20 [border: (1px inset #808080)] [r=4 c=0 rs=1 cs=1]
                                      RenderText {#text} at (2,2) size 7x16
                                        text run at (2,2) width 7: "k"
                                    RenderTableCell {TD} at (16,432) size 12x20 [border: (1px inset #808080)] [r=4 c=1 rs=1 cs=1]
                                      RenderText {#text} at (2,2) size 3x16
                                        text run at (2,2) width 3: "l"
                                    RenderTableCell {TD} at (30,432) size 213x20 [border: (1px inset #808080)] [r=4 c=2 rs=1 cs=1]
                                      RenderText {#text} at (2,2) size 11x16
                                        text run at (2,2) width 11: "m"
                                    RenderTableCell {TD} at (245,432) size 12x20 [border: (1px inset #808080)] [r=4 c=3 rs=1 cs=1]
                                      RenderText {#text} at (2,2) size 8x16
                                        text run at (2,2) width 8: "n"
                                    RenderTableCell {TD} at (259,432) size 12x20 [border: (1px inset #808080)] [r=4 c=4 rs=1 cs=1]
                                      RenderText {#text} at (2,2) size 8x16
                                        text run at (2,2) width 8: "o"
                              RenderBlock (anonymous) at (2,458) size 275x16
                                RenderText {#text} at (0,0) size 4x16
                                  text run at (0,0) width 4: " "
                            RenderTableCell {TD} at (297,230) size 12x20 [border: (1px inset #808080)] [r=0 c=2 rs=1 cs=1]
                              RenderText {#text} at (2,2) size 8x16
                                text run at (2,2) width 8: "3"
                          RenderTableRow {TR} at (0,480) size 311x20
                            RenderTableCell {TD} at (2,480) size 12x20 [border: (1px inset #808080)] [r=1 c=0 rs=1 cs=1]
                              RenderText {#text} at (2,2) size 8x16
                                text run at (2,2) width 8: "4"
                            RenderTableCell {TD} at (16,480) size 279x20 [border: (1px inset #808080)] [r=1 c=1 rs=1 cs=1]
                              RenderText {#text} at (2,2) size 8x16
                                text run at (2,2) width 8: "5"
                            RenderTableCell {TD} at (297,480) size 12x20 [border: (1px inset #808080)] [r=1 c=2 rs=1 cs=1]
                              RenderText {#text} at (2,2) size 8x16
                                text run at (2,2) width 8: "6"
                          RenderTableRow {TR} at (0,502) size 311x20
                            RenderTableCell {TD} at (2,502) size 12x20 [border: (1px inset #808080)] [r=2 c=0 rs=1 cs=1]
                              RenderText {#text} at (2,2) size 8x16
                                text run at (2,2) width 8: "7"
                            RenderTableCell {TD} at (16,502) size 279x20 [border: (1px inset #808080)] [r=2 c=1 rs=1 cs=1]
                              RenderText {#text} at (2,2) size 8x16
                                text run at (2,2) width 8: "8"
                            RenderTableCell {TD} at (297,502) size 12x20 [border: (1px inset #808080)] [r=2 c=2 rs=1 cs=1]
                              RenderText {#text} at (2,2) size 8x16
                                text run at (2,2) width 8: "9"
                      RenderBlock (anonymous) at (2,528) size 313x16
                        RenderText {#text} at (0,0) size 4x16
                          text run at (0,0) width 4: " "
                    RenderTableCell {TD} at (335,287) size 12x20 [border: (1px inset #808080)] [r=1 c=2 rs=1 cs=1]
                      RenderText {#text} at (2,2) size 8x16
                        text run at (2,2) width 8: "6"
                  RenderTableRow {TR} at (0,572) size 349x20
                    RenderTableCell {TD} at (2,572) size 12x20 [border: (1px inset #808080)] [r=2 c=0 rs=1 cs=1]
                      RenderText {#text} at (2,2) size 8x16
                        text run at (2,2) width 8: "7"
                    RenderTableCell {TD} at (16,572) size 317x20 [border: (1px inset #808080)] [r=2 c=1 rs=1 cs=1]
                      RenderText {#text} at (2,2) size 8x16
                        text run at (2,2) width 8: "8"
                    RenderTableCell {TD} at (335,572) size 12x20 [border: (1px inset #808080)] [r=2 c=2 rs=1 cs=1]
                      RenderText {#text} at (2,2) size 8x16
                        text run at (2,2) width 8: "9"
              RenderBlock (anonymous) at (2,598) size 351x16
                RenderText {#text} at (0,0) size 4x16
                  text run at (0,0) width 4: " "
            RenderTableCell {TD} at (359,376) size 36x20 [border: (1px inset #808080)] [r=2 c=1 rs=1 cs=1]
              RenderText {#text} at (2,2) size 8x16
                text run at (2,2) width 8: "8"
            RenderTableCell {TD} at (397,376) size 28x20 [border: (1px inset #808080)] [r=2 c=2 rs=1 cs=1]
              RenderText {#text} at (2,2) size 8x16
                text run at (2,2) width 8: "9"
      RenderBlock (anonymous) at (0,714) size 80x80
        RenderText {#text} at (0,0) size 8x16
          text run at (0,0) width 8: "  "
        RenderBR {BR} at (8,13) size 0x0
        RenderText {#text} at (0,16) size 79x64
          text run at (0,16) width 79: "the following"
          text run at (0,32) width 68: "text should"
          text run at (0,48) width 64: "display on"
          text run at (0,64) width 50: "one line"
      RenderTable {TABLE} at (0,794) size 93x32
        RenderTableSection {TBODY} at (0,0) size 93x32
          RenderTableRow {TR} at (0,0) size 93x32
            RenderTableCell {TD} at (0,0) size 93x32 [bgcolor=#B70000] [r=0 c=0 rs=1 cs=1]
              RenderTable {TABLE} at (0,0) size 93x32
                RenderTableSection {TBODY} at (0,0) size 93x32
                  RenderTableRow {TR} at (0,0) size 93x32
                    RenderTableCell {TD} at (0,0) size 13x16 [r=0 c=0 rs=1 cs=1]
                      RenderImage {IMG} at (0,0) size 13x16
                    RenderTableCell {TD} at (13,0) size 76x32 [r=0 c=1 rs=1 cs=1]
                      RenderText {#text} at (0,0) size 76x32
                        text run at (0,0) width 69: "AlphaLinux"
                        text run at (0,16) width 76: "Distributions"
                    RenderTableCell {TD} at (89,0) size 4x4 [r=0 c=2 rs=1 cs=1]
                      RenderImage {IMG} at (0,0) size 4x4
