layer at (0,0) size 308x390
  RenderView at (0,0) size 96x26
layer at (0,0) size 308x390
  RenderBlock {HTML} at (0,0) size 96x390
    RenderBody {BODY} at (8,8) size 80x374
      RenderTable {TABLE} at (0,0) size 300x374
        RenderTableSection {TBODY} at (0,0) size 300x374
          RenderTableRow {TR} at (0,0) size 300x11
            RenderTableCell {TD} at (0,0) size 3x11 [bgcolor=#FDFDFB] [r=0 c=0 rs=1 cs=1]
              RenderInline {FONT} at (0,0) size 3x11
                RenderText {#text} at (0,0) size 3x11
                  text run at (0,0) width 3: " "
            RenderTableCell {TD} at (3,0) size 3x11 [bgcolor=#FDFDFB] [r=0 c=1 rs=1 cs=1]
              RenderInline {FONT} at (0,0) size 3x11
                RenderText {#text} at (0,0) size 3x11
                  text run at (0,0) width 3: " "
            RenderTableCell {TD} at (6,0) size 3x11 [bgcolor=#FDFDFB] [r=0 c=2 rs=1 cs=1]
              RenderInline {FONT} at (0,0) size 3x11
                RenderText {#text} at (0,0) size 3x11
                  text run at (0,0) width 3: " "
            RenderTableCell {TD} at (9,0) size 3x11 [bgcolor=#FDFDFB] [r=0 c=3 rs=1 cs=1]
              RenderInline {FONT} at (0,0) size 3x11
                RenderText {#text} at (0,0) size 3x11
                  text run at (0,0) width 3: " "
            RenderTableCell {TD} at (12,0) size 3x11 [bgcolor=#FDFDFB] [r=0 c=4 rs=1 cs=1]
              RenderInline {FONT} at (0,0) size 3x11
                RenderText {#text} at (0,0) size 3x11
                  text run at (0,0) width 3: " "
            RenderTableCell {TD} at (15,0) size 3x11 [bgcolor=#FDFDFB] [r=0 c=5 rs=1 cs=1]
              RenderInline {FONT} at (0,0) size 3x11
                RenderText {#text} at (0,0) size 3x11
                  text run at (0,0) width 3: " "
            RenderTableCell {TD} at (18,0) size 3x11 [bgcolor=#FDFDFB] [r=0 c=6 rs=1 cs=1]
              RenderInline {FONT} at (0,0) size 3x11
                RenderText {#text} at (0,0) size 3x11
                  text run at (0,0) width 3: " "
            RenderTableCell {TD} at (21,0) size 3x11 [bgcolor=#FDFDFB] [r=0 c=7 rs=1 cs=1]
              RenderInline {FONT} at (0,0) size 3x11
                RenderText {#text} at (0,0) size 3x11
                  text run at (0,0) width 3: " "
            RenderTableCell {TD} at (24,0) size 3x11 [bgcolor=#FDFDFB] [r=0 c=8 rs=1 cs=1]
              RenderInline {FONT} at (0,0) size 3x11
                RenderText {#text} at (0,0) size 3x11
                  text run at (0,0) width 3: " "
            RenderTableCell {TD} at (27,0) size 3x11 [bgcolor=#FDFDFB] [r=0 c=9 rs=1 cs=1]
              RenderInline {FONT} at (0,0) size 3x11
                RenderText {#text} at (0,0) size 3x11
                  text run at (0,0) width 3: " "
            RenderTableCell {TD} at (30,0) size 3x11 [bgcolor=#CADEDD] [r=0 c=10 rs=1 cs=1]
              RenderInline {FONT} at (0,0) size 3x11
                RenderText {#text} at (0,0) size 3x11
                  text run at (0,0) width 3: " "
            RenderTableCell {TD} at (33,0) size 3x11 [bgcolor=#97C1C0] [r=0 c=11 rs=1 cs=1]
              RenderInline {FONT} at (0,0) size 3x11
                RenderText {#text} at (0,0) size 3x11
                  text run at (0,0) width 3: " "
            RenderTableCell {TD} at (36,0) size 3x11 [bgcolor=#5CADAE] [r=0 c=12 rs=1 cs=1]
              RenderInline {FONT} at (0,0) size 3x11
                RenderText {#text} at (0,0) size 3x11
                  text run at (0,0) width 3: " "
            RenderTableCell {TD} at (39,0) size 3x11 [bgcolor=#048485] [r=0 c=13 rs=1 cs=1]
              RenderInline {FONT} at (0,0) size 3x11
                RenderText {#text} at (0,0) size 3x11
                  text run at (0,0) width 3: " "
            RenderTableCell {TD} at (42,0) size 3x11 [bgcolor=#048485] [r=0 c=14 rs=1 cs=1]
              RenderInline {FONT} at (0,0) size 3x11
                RenderText {#text} at (0,0) size 3x11
                  text run at (0,0) width 3: " "
            RenderTableCell {TD} at (45,0) size 3x11 [bgcolor=#027777] [r=0 c=15 rs=1 cs=1]
              RenderInline {FONT} at (0,0) size 3x11
                RenderText {#text} at (0,0) size 3x11
                  text run at (0,0) width 3: " "
            RenderTableCell {TD} at (48,0) size 3x11 [bgcolor=#027777] [r=0 c=16 rs=1 cs=1]
              RenderInline {FONT} at (0,0) size 3x11
                RenderText {#text} at (0,0) size 3x11
                  text run at (0,0) width 3: " "
            RenderTableCell {TD} at (51,0) size 3x11 [bgcolor=#027777] [r=0 c=17 rs=1 cs=1]
              RenderInline {FONT} at (0,0) size 3x11
                RenderText {#text} at (0,0) size 3x11
                  text run at (0,0) width 3: " "
            RenderTableCell {TD} at (54,0) size 3x11 [bgcolor=#027777] [r=0 c=18 rs=1 cs=1]
              RenderInline {FONT} at (0,0) size 3x11
                RenderText {#text} at (0,0) size 3x11
                  text run at (0,0) width 3: " "
            RenderTableCell {TD} at (57,0) size 3x11 [bgcolor=#027777] [r=0 c=19 rs=1 cs=1]
              RenderInline {FONT} at (0,0) size 3x11
                RenderText {#text} at (0,0) size 3x11
                  text run at (0,0) width 3: " "
            RenderTableCell {TD} at (60,0) size 3x11 [bgcolor=#1B8685] [r=0 c=20 rs=1 cs=1]
              RenderInline {FONT} at (0,0) size 3x11
                RenderText {#text} at (0,0) size 3x11
                  text run at (0,0) width 3: " "
            RenderTableCell {TD} at (63,0) size 3x11 [bgcolor=#60A2A3] [r=0 c=21 rs=1 cs=1]
              RenderInline {FONT} at (0,0) size 3x11
                RenderText {#text} at (0,0) size 3x11
                  text run at (0,0) width 3: " "
            RenderTableCell {TD} at (66,0) size 3x11 [bgcolor=#8DB7B6] [r=0 c=22 rs=1 cs=1]
              RenderInline {FONT} at (0,0) size 3x11
                RenderText {#text} at (0,0) size 3x11
                  text run at (0,0) width 3: " "
            RenderTableCell {TD} at (69,0) size 3x11 [bgcolor=#CADEDD] [r=0 c=23 rs=1 cs=1]
              RenderInline {FONT} at (0,0) size 3x11
                RenderText {#text} at (0,0) size 3x11
                  text run at (0,0) width 3: " "
            RenderTableCell {TD} at (72,0) size 3x11 [bgcolor=#EDEEEF] [r=0 c=24 rs=1 cs=1]
              RenderInline {FONT} at (0,0) size 3x11
                RenderText {#text} at (0,0) size 3x11
                  text run at (0,0) width 3: " "
            RenderTableCell {TD} at (75,0) size 3x11 [bgcolor=#FDFDFB] [r=0 c=25 rs=1 cs=1]
              RenderInline {FONT} at (0,0) size 3x11
                RenderText {#text} at (0,0) size 3x11
                  text run at (0,0) width 3: " "
            RenderTableCell {TD} at (78,0) size 3x11 [bgcolor=#FDFDFB] [r=0 c=26 rs=1 cs=1]
              RenderInline {FONT} at (0,0) size 3x11
                RenderText {#text} at (0,0) size 3x11
                  text run at (0,0) width 3: " "
            RenderTableCell {TD} at (81,0) size 3x11 [bgcolor=#FDFDFB] [r=0 c=27 rs=1 cs=1]
              RenderInline {FONT} at (0,0) size 3x11
                RenderText {#text} at (0,0) size 3x11
                  text run at (0,0) width 3: " "
            RenderTableCell {TD} at (84,0) size 3x11 [bgcolor=#FDFDFB] [r=0 c=28 rs=1 cs=1]
              RenderInline {FONT} at (0,0) size 3x11
                RenderText {#text} at (0,0) size 3x11
                  text run at (0,0) width 3: " "
            RenderTableCell {TD} at (87,0) size 3x11 [bgcolor=#FDFDFB] [r=0 c=29 rs=1 cs=1]
              RenderInline {FONT} at (0,0) size 3x11
                RenderText {#text} at (0,0) size 3x11
                  text run at (0,0) width 3: " "
            RenderTableCell {TD} at (90,0) size 3x11 [bgcolor=#FDFDFB] [r=0 c=30 rs=1 cs=1]
              RenderInline {FONT} at (0,0) size 3x11
                RenderText {#text} at (0,0) size 3x11
                  text run at (0,0) width 3: " "
            RenderTableCell {TD} at (93,0) size 3x11 [bgcolor=#FDFDFB] [r=0 c=31 rs=1 cs=1]
              RenderInline {FONT} at (0,0) size 3x11
                RenderText {#text} at (0,0) size 3x11
                  text run at (0,0) width 3: " "
            RenderTableCell {TD} at (96,0) size 3x11 [bgcolor=#FDFDFB] [r=0 c=32 rs=1 cs=1]
              RenderInline {FONT} at (0,0) size 3x11
                RenderText {#text} at (0,0) size 3x11
                  text run at (0,0) width 3: " "
            RenderTableCell {TD} at (99,0) size 3x11 [bgcolor=#FDFDFB] [r=0 c=33 rs=1 cs=1]
              RenderInline {FONT} at (0,0) size 3x11
                RenderText {#text} at (0,0) size 3x11
                  text run at (0,0) width 3: " "
            RenderTableCell {TD} at (102,0) size 3x11 [bgcolor=#FDFDFB] [r=0 c=34 rs=1 cs=1]
              RenderInline {FONT} at (0,0) size 3x11
                RenderText {#text} at (0,0) size 3x11
                  text run at (0,0) width 3: " "
            RenderTableCell {TD} at (105,0) size 3x11 [bgcolor=#FDFDFB] [r=0 c=35 rs=1 cs=1]
              RenderInline {FONT} at (0,0) size 3x11
                RenderText {#text} at (0,0) size 3x11
                  text run at (0,0) width 3: " "
            RenderTableCell {TD} at (108,0) size 3x11 [bgcolor=#E0EAE9] [r=0 c=36 rs=1 cs=1]
              RenderInline {FONT} at (0,0) size 3x11
                RenderText {#text} at (0,0) size 3x11
                  text run at (0,0) width 3: " "
            RenderTableCell {TD} at (111,0) size 3x11 [bgcolor=#CADEDD] [r=0 c=37 rs=1 cs=1]
              RenderInline {FONT} at (0,0) size 3x11
                RenderText {#text} at (0,0) size 3x11
                  text run at (0,0) width 3: " "
            RenderTableCell {TD} at (114,0) size 3x11 [bgcolor=#CADEDD] [r=0 c=38 rs=1 cs=1]
              RenderInline {FONT} at (0,0) size 3x11
                RenderText {#text} at (0,0) size 3x11
                  text run at (0,0) width 3: " "
            RenderTableCell {TD} at (117,0) size 3x11 [bgcolor=#CADEDD] [r=0 c=39 rs=1 cs=1]
              RenderInline {FONT} at (0,0) size 3x11
                RenderText {#text} at (0,0) size 3x11
                  text run at (0,0) width 3: " "
            RenderTableCell {TD} at (120,0) size 3x11 [bgcolor=#CADEDD] [r=0 c=40 rs=1 cs=1]
              RenderInline {FONT} at (0,0) size 3x11
                RenderText {#text} at (0,0) size 3x11
                  text run at (0,0) width 3: " "
            RenderTableCell {TD} at (123,0) size 3x11 [bgcolor=#CADEDD] [r=0 c=41 rs=1 cs=1]
              RenderInline {FONT} at (0,0) size 3x11
                RenderText {#text} at (0,0) size 3x11
                  text run at (0,0) width 3: " "
            RenderTableCell {TD} at (126,0) size 3x11 [bgcolor=#CADEDD] [r=0 c=42 rs=1 cs=1]
              RenderInline {FONT} at (0,0) size 3x11
                RenderText {#text} at (0,0) size 3x11
                  text run at (0,0) width 3: " "
            RenderTableCell {TD} at (129,0) size 3x11 [bgcolor=#CADEDD] [r=0 c=43 rs=1 cs=1]
              RenderInline {FONT} at (0,0) size 3x11
                RenderText {#text} at (0,0) size 3x11
                  text run at (0,0) width 3: " "
            RenderTableCell {TD} at (132,0) size 3x11 [bgcolor=#CADEDD] [r=0 c=44 rs=1 cs=1]
              RenderInline {FONT} at (0,0) size 3x11
                RenderText {#text} at (0,0) size 3x11
                  text run at (0,0) width 3: " "
            RenderTableCell {TD} at (135,0) size 3x11 [bgcolor=#CADEDD] [r=0 c=45 rs=1 cs=1]
              RenderInline {FONT} at (0,0) size 3x11
                RenderText {#text} at (0,0) size 3x11
                  text run at (0,0) width 3: " "
            RenderTableCell {TD} at (138,0) size 3x11 [bgcolor=#CADEDD] [r=0 c=46 rs=1 cs=1]
              RenderInline {FONT} at (0,0) size 3x11
                RenderText {#text} at (0,0) size 3x11
                  text run at (0,0) width 3: " "
            RenderTableCell {TD} at (141,0) size 3x11 [bgcolor=#CADEDD] [r=0 c=47 rs=1 cs=1]
              RenderInline {FONT} at (0,0) size 3x11
                RenderText {#text} at (0,0) size 3x11
                  text run at (0,0) width 3: " "
            RenderTableCell {TD} at (144,0) size 3x11 [bgcolor=#CADEDD] [r=0 c=48 rs=1 cs=1]
              RenderInline {FONT} at (0,0) size 3x11
                RenderText {#text} at (0,0) size 3x11
                  text run at (0,0) width 3: " "
            RenderTableCell {TD} at (147,0) size 3x11 [bgcolor=#CADEDD] [r=0 c=49 rs=1 cs=1]
              RenderInline {FONT} at (0,0) size 3x11
                RenderText {#text} at (0,0) size 3x11
                  text run at (0,0) width 3: " "
            RenderTableCell {TD} at (150,0) size 3x11 [bgcolor=#CADEDD] [r=0 c=50 rs=1 cs=1]
              RenderInline {FONT} at (0,0) size 3x11
                RenderText {#text} at (0,0) size 3x11
                  text run at (0,0) width 3: " "
            RenderTableCell {TD} at (153,0) size 3x11 [bgcolor=#CADEDD] [r=0 c=51 rs=1 cs=1]
              RenderInline {FONT} at (0,0) size 3x11
                RenderText {#text} at (0,0) size 3x11
                  text run at (0,0) width 3: " "
            RenderTableCell {TD} at (156,0) size 3x11 [bgcolor=#EDEEEF] [r=0 c=52 rs=1 cs=1]
              RenderInline {FONT} at (0,0) size 3x11
                RenderText {#text} at (0,0) size 3x11
                  text run at (0,0) width 3: " "
            RenderTableCell {TD} at (159,0) size 3x11 [bgcolor=#FDFDFB] [r=0 c=53 rs=1 cs=1]
              RenderInline {FONT} at (0,0) size 3x11
                RenderText {#text} at (0,0) size 3x11
                  text run at (0,0) width 3: " "
            RenderTableCell {TD} at (162,0) size 3x11 [bgcolor=#FDFDFB] [r=0 c=54 rs=1 cs=1]
              RenderInline {FONT} at (0,0) size 3x11
                RenderText {#text} at (0,0) size 3x11
                  text run at (0,0) width 3: " "
            RenderTableCell {TD} at (165,0) size 3x11 [bgcolor=#E0EAE9] [r=0 c=55 rs=1 cs=1]
              RenderInline {FONT} at (0,0) size 3x11
                RenderText {#text} at (0,0) size 3x11
                  text run at (0,0) width 3: " "
            RenderTableCell {TD} at (168,0) size 3x11 [bgcolor=#CADEDD] [r=0 c=56 rs=1 cs=1]
              RenderInline {FONT} at (0,0) size 3x11
                RenderText {#text} at (0,0) size 3x11
                  text run at (0,0) width 3: " "
            RenderTableCell {TD} at (171,0) size 3x11 [bgcolor=#EDEEEF] [r=0 c=57 rs=1 cs=1]
              RenderInline {FONT} at (0,0) size 3x11
                RenderText {#text} at (0,0) size 3x11
                  text run at (0,0) width 3: " "
            RenderTableCell {TD} at (174,0) size 3x11 [bgcolor=#FDFDFB] [r=0 c=58 rs=1 cs=1]
              RenderInline {FONT} at (0,0) size 3x11
                RenderText {#text} at (0,0) size 3x11
                  text run at (0,0) width 3: " "
            RenderTableCell {TD} at (177,0) size 3x11 [bgcolor=#FDFDFB] [r=0 c=59 rs=1 cs=1]
              RenderInline {FONT} at (0,0) size 3x11
                RenderText {#text} at (0,0) size 3x11
                  text run at (0,0) width 3: " "
            RenderTableCell {TD} at (180,0) size 3x11 [bgcolor=#FDFDFB] [r=0 c=60 rs=1 cs=1]
              RenderInline {FONT} at (0,0) size 3x11
                RenderText {#text} at (0,0) size 3x11
                  text run at (0,0) width 3: " "
            RenderTableCell {TD} at (183,0) size 3x11 [bgcolor=#FDFDFB] [r=0 c=61 rs=1 cs=1]
              RenderInline {FONT} at (0,0) size 3x11
                RenderText {#text} at (0,0) size 3x11
                  text run at (0,0) width 3: " "
            RenderTableCell {TD} at (186,0) size 3x11 [bgcolor=#FDFDFB] [r=0 c=62 rs=1 cs=1]
              RenderInline {FONT} at (0,0) size 3x11
                RenderText {#text} at (0,0) size 3x11
                  text run at (0,0) width 3: " "
            RenderTableCell {TD} at (189,0) size 3x11 [bgcolor=#FDFDFB] [r=0 c=63 rs=1 cs=1]
              RenderInline {FONT} at (0,0) size 3x11
                RenderText {#text} at (0,0) size 3x11
                  text run at (0,0) width 3: " "
            RenderTableCell {TD} at (192,0) size 3x11 [bgcolor=#FDFDFB] [r=0 c=64 rs=1 cs=1]
              RenderInline {FONT} at (0,0) size 3x11
                RenderText {#text} at (0,0) size 3x11
                  text run at (0,0) width 3: " "
            RenderTableCell {TD} at (195,0) size 3x11 [bgcolor=#FDFDFB] [r=0 c=65 rs=1 cs=1]
              RenderInline {FONT} at (0,0) size 3x11
                RenderText {#text} at (0,0) size 3x11
                  text run at (0,0) width 3: " "
            RenderTableCell {TD} at (198,0) size 3x11 [bgcolor=#FDFDFB] [r=0 c=66 rs=1 cs=1]
              RenderInline {FONT} at (0,0) size 3x11
                RenderText {#text} at (0,0) size 3x11
                  text run at (0,0) width 3: " "
            RenderTableCell {TD} at (201,0) size 3x11 [bgcolor=#FDFDFB] [r=0 c=67 rs=1 cs=1]
              RenderInline {FONT} at (0,0) size 3x11
                RenderText {#text} at (0,0) size 3x11
                  text run at (0,0) width 3: " "
            RenderTableCell {TD} at (204,0) size 3x11 [bgcolor=#FDFDFB] [r=0 c=68 rs=1 cs=1]
              RenderInline {FONT} at (0,0) size 3x11
                RenderText {#text} at (0,0) size 3x11
                  text run at (0,0) width 3: " "
            RenderTableCell {TD} at (207,0) size 3x11 [bgcolor=#FDFDFB] [r=0 c=69 rs=1 cs=1]
              RenderInline {FONT} at (0,0) size 3x11
                RenderText {#text} at (0,0) size 3x11
                  text run at (0,0) width 3: " "
            RenderTableCell {TD} at (210,0) size 3x11 [bgcolor=#FDFDFB] [r=0 c=70 rs=1 cs=1]
              RenderInline {FONT} at (0,0) size 3x11
                RenderText {#text} at (0,0) size 3x11
                  text run at (0,0) width 3: " "
            RenderTableCell {TD} at (213,0) size 3x11 [bgcolor=#FDFDFB] [r=0 c=71 rs=1 cs=1]
              RenderInline {FONT} at (0,0) size 3x11
                RenderText {#text} at (0,0) size 3x11
                  text run at (0,0) width 3: " "
            RenderTableCell {TD} at (216,0) size 3x11 [bgcolor=#EDEEEF] [r=0 c=72 rs=1 cs=1]
              RenderInline {FONT} at (0,0) size 3x11
                RenderText {#text} at (0,0) size 3x11
                  text run at (0,0) width 3: " "
            RenderTableCell {TD} at (219,0) size 3x11 [bgcolor=#EDEEEF] [r=0 c=73 rs=1 cs=1]
              RenderInline {FONT} at (0,0) size 3x11
                RenderText {#text} at (0,0) size 3x11
                  text run at (0,0) width 3: " "
            RenderTableCell {TD} at (222,0) size 3x11 [bgcolor=#E0EAE9] [r=0 c=74 rs=1 cs=1]
              RenderInline {FONT} at (0,0) size 3x11
                RenderText {#text} at (0,0) size 3x11
                  text run at (0,0) width 3: " "
            RenderTableCell {TD} at (225,0) size 3x11 [bgcolor=#CADEDD] [r=0 c=75 rs=1 cs=1]
              RenderInline {FONT} at (0,0) size 3x11
                RenderText {#text} at (0,0) size 3x11
                  text run at (0,0) width 3: " "
            RenderTableCell {TD} at (228,0) size 3x11 [bgcolor=#CADEDD] [r=0 c=76 rs=1 cs=1]
              RenderInline {FONT} at (0,0) size 3x11
                RenderText {#text} at (0,0) size 3x11
                  text run at (0,0) width 3: " "
            RenderTableCell {TD} at (231,0) size 3x11 [bgcolor=#CADEDD] [r=0 c=77 rs=1 cs=1]
              RenderInline {FONT} at (0,0) size 3x11
                RenderText {#text} at (0,0) size 3x11
                  text run at (0,0) width 3: " "
            RenderTableCell {TD} at (234,0) size 3x11 [bgcolor=#CADEDD] [r=0 c=78 rs=1 cs=1]
              RenderInline {FONT} at (0,0) size 3x11
                RenderText {#text} at (0,0) size 3x11
                  text run at (0,0) width 3: " "
            RenderTableCell {TD} at (237,0) size 3x11 [bgcolor=#CADEDD] [r=0 c=79 rs=1 cs=1]
              RenderInline {FONT} at (0,0) size 3x11
                RenderText {#text} at (0,0) size 3x11
                  text run at (0,0) width 3: " "
            RenderTableCell {TD} at (240,0) size 3x11 [bgcolor=#CADEDD] [r=0 c=80 rs=1 cs=1]
              RenderInline {FONT} at (0,0) size 3x11
                RenderText {#text} at (0,0) size 3x11
                  text run at (0,0) width 3: " "
            RenderTableCell {TD} at (243,0) size 3x11 [bgcolor=#CADEDD] [r=0 c=81 rs=1 cs=1]
              RenderInline {FONT} at (0,0) size 3x11
                RenderText {#text} at (0,0) size 3x11
                  text run at (0,0) width 3: " "
            RenderTableCell {TD} at (246,0) size 3x11 [bgcolor=#CADEDD] [r=0 c=82 rs=1 cs=1]
              RenderInline {FONT} at (0,0) size 3x11
                RenderText {#text} at (0,0) size 3x11
                  text run at (0,0) width 3: " "
            RenderTableCell {TD} at (249,0) size 3x11 [bgcolor=#CADEDD] [r=0 c=83 rs=1 cs=1]
              RenderInline {FONT} at (0,0) size 3x11
                RenderText {#text} at (0,0) size 3x11
                  text run at (0,0) width 3: " "
            RenderTableCell {TD} at (252,0) size 3x11 [bgcolor=#CADEDD] [r=0 c=84 rs=1 cs=1]
              RenderInline {FONT} at (0,0) size 3x11
                RenderText {#text} at (0,0) size 3x11
                  text run at (0,0) width 3: " "
            RenderTableCell {TD} at (255,0) size 3x11 [bgcolor=#CADEDD] [r=0 c=85 rs=1 cs=1]
              RenderInline {FONT} at (0,0) size 3x11
                RenderText {#text} at (0,0) size 3x11
                  text run at (0,0) width 3: " "
            RenderTableCell {TD} at (258,0) size 3x11 [bgcolor=#CADEDD] [r=0 c=86 rs=1 cs=1]
              RenderInline {FONT} at (0,0) size 3x11
                RenderText {#text} at (0,0) size 3x11
                  text run at (0,0) width 3: " "
            RenderTableCell {TD} at (261,0) size 3x11 [bgcolor=#CADEDD] [r=0 c=87 rs=1 cs=1]
              RenderInline {FONT} at (0,0) size 3x11
                RenderText {#text} at (0,0) size 3x11
                  text run at (0,0) width 3: " "
            RenderTableCell {TD} at (264,0) size 3x11 [bgcolor=#CADEDD] [r=0 c=88 rs=1 cs=1]
              RenderInline {FONT} at (0,0) size 3x11
                RenderText {#text} at (0,0) size 3x11
                  text run at (0,0) width 3: " "
            RenderTableCell {TD} at (267,0) size 3x11 [bgcolor=#CADEDD] [r=0 c=89 rs=1 cs=1]
              RenderInline {FONT} at (0,0) size 3x11
                RenderText {#text} at (0,0) size 3x11
                  text run at (0,0) width 3: " "
            RenderTableCell {TD} at (270,0) size 3x11 [bgcolor=#CADEDD] [r=0 c=90 rs=1 cs=1]
              RenderInline {FONT} at (0,0) size 3x11
                RenderText {#text} at (0,0) size 3x11
                  text run at (0,0) width 3: " "
            RenderTableCell {TD} at (273,0) size 3x11 [bgcolor=#CADEDD] [r=0 c=91 rs=1 cs=1]
              RenderInline {FONT} at (0,0) size 3x11
                RenderText {#text} at (0,0) size 3x11
                  text run at (0,0) width 3: " "
            RenderTableCell {TD} at (276,0) size 3x11 [bgcolor=#CADEDD] [r=0 c=92 rs=1 cs=1]
              RenderInline {FONT} at (0,0) size 3x11
                RenderText {#text} at (0,0) size 3x11
                  text run at (0,0) width 3: " "
            RenderTableCell {TD} at (279,0) size 3x11 [bgcolor=#CADEDD] [r=0 c=93 rs=1 cs=1]
              RenderInline {FONT} at (0,0) size 3x11
                RenderText {#text} at (0,0) size 3x11
                  text run at (0,0) width 3: " "
            RenderTableCell {TD} at (282,0) size 3x11 [bgcolor=#E0EAE9] [r=0 c=94 rs=1 cs=1]
              RenderInline {FONT} at (0,0) size 3x11
                RenderText {#text} at (0,0) size 3x11
                  text run at (0,0) width 3: " "
            RenderTableCell {TD} at (285,0) size 3x11 [bgcolor=#FDFDFB] [r=0 c=95 rs=1 cs=1]
              RenderInline {FONT} at (0,0) size 3x11
                RenderText {#text} at (0,0) size 3x11
                  text run at (0,0) width 3: " "
            RenderTableCell {TD} at (288,0) size 3x11 [bgcolor=#FDFDFB] [r=0 c=96 rs=1 cs=1]
              RenderInline {FONT} at (0,0) size 3x11
                RenderText {#text} at (0,0) size 3x11
                  text run at (0,0) width 3: " "
            RenderTableCell {TD} at (291,0) size 3x11 [bgcolor=#FDFDFB] [r=0 c=97 rs=1 cs=1]
              RenderInline {FONT} at (0,0) size 3x11
                RenderText {#text} at (0,0) size 3x11
                  text run at (0,0) width 3: " "
            RenderTableCell {TD} at (294,0) size 3x11 [bgcolor=#FDFDFB] [r=0 c=98 rs=1 cs=1]
              RenderInline {FONT} at (0,0) size 3x11
                RenderText {#text} at (0,0) size 3x11
                  text run at (0,0) width 3: " "
            RenderTableCell {TD} at (297,0) size 3x11 [bgcolor=#FDFDFB] [r=0 c=99 rs=1 cs=1]
              RenderInline {FONT} at (0,0) size 3x11
                RenderText {#text} at (0,0) size 3x11
                  text run at (0,0) width 3: " "
          RenderTableRow {TR} at (0,11) size 300x11
            RenderTableCell {TD} at (0,11) size 3x11 [bgcolor=#FDFDFB] [r=1 c=0 rs=1 cs=1]
              RenderInline {FONT} at (0,0) size 3x11
                RenderText {#text} at (0,0) size 3x11
                  text run at (0,0) width 3: " "
            RenderTableCell {TD} at (3,11) size 3x11 [bgcolor=#FDFDFB] [r=1 c=1 rs=1 cs=1]
              RenderInline {FONT} at (0,0) size 3x11
                RenderText {#text} at (0,0) size 3x11
                  text run at (0,0) width 3: " "
            RenderTableCell {TD} at (6,11) size 3x11 [bgcolor=#FDFDFB] [r=1 c=2 rs=1 cs=1]
              RenderInline {FONT} at (0,0) size 3x11
                RenderText {#text} at (0,0) size 3x11
                  text run at (0,0) width 3: " "
            RenderTableCell {TD} at (9,11) size 3x11 [bgcolor=#FDFDFB] [r=1 c=3 rs=1 cs=1]
              RenderInline {FONT} at (0,0) size 3x11
                RenderText {#text} at (0,0) size 3x11
                  text run at (0,0) width 3: " "
            RenderTableCell {TD} at (12,11) size 3x11 [bgcolor=#FDFDFB] [r=1 c=4 rs=1 cs=1]
              RenderInline {FONT} at (0,0) size 3x11
                RenderText {#text} at (0,0) size 3x11
                  text run at (0,0) width 3: " "
            RenderTableCell {TD} at (15,11) size 3x11 [bgcolor=#FDFDFB] [r=1 c=5 rs=1 cs=1]
              RenderInline {FONT} at (0,0) size 3x11
                RenderText {#text} at (0,0) size 3x11
                  text run at (0,0) width 3: " "
            RenderTableCell {TD} at (18,11) size 3x11 [bgcolor=#FDFDFB] [r=1 c=6 rs=1 cs=1]
              RenderInline {FONT} at (0,0) size 3x11
                RenderText {#text} at (0,0) size 3x11
                  text run at (0,0) width 3: " "
            RenderTableCell {TD} at (21,11) size 3x11 [bgcolor=#EDEEEF] [r=1 c=7 rs=1 cs=1]
              RenderInline {FONT} at (0,0) size 3x11
                RenderText {#text} at (0,0) size 3x11
                  text run at (0,0) width 3: " "
            RenderTableCell {TD} at (24,11) size 3x11 [bgcolor=#B6D8D7] [r=1 c=8 rs=1 cs=1]
              RenderInline {FONT} at (0,0) size 3x11
                RenderText {#text} at (0,0) size 3x11
                  text run at (0,0) width 3: " "
            RenderTableCell {TD} at (27,11) size 3x11 [bgcolor=#44A3A2] [r=1 c=9 rs=1 cs=1]
              RenderInline {FONT} at (0,0) size 3x11
                RenderText {#text} at (0,0) size 3x11
                  text run at (0,0) width 3: " "
            RenderTableCell {TD} at (30,11) size 3x11 [bgcolor=#158E8C] [r=1 c=10 rs=1 cs=1]
              RenderInline {FONT} at (0,0) size 3x11
                RenderText {#text} at (0,0) size 3x11
                  text run at (0,0) width 3: " "
            RenderTableCell {TD} at (33,11) size 3x11 [bgcolor=#048485] [r=1 c=11 rs=1 cs=1]
              RenderInline {FONT} at (0,0) size 3x11
                RenderText {#text} at (0,0) size 3x11
                  text run at (0,0) width 3: " "
            RenderTableCell {TD} at (36,11) size 3x11 [bgcolor=#048485] [r=1 c=12 rs=1 cs=1]
              RenderInline {FONT} at (0,0) size 3x11
                RenderText {#text} at (0,0) size 3x11
                  text run at (0,0) width 3: " "
            RenderTableCell {TD} at (39,11) size 3x11 [bgcolor=#027777] [r=1 c=13 rs=1 cs=1]
              RenderInline {FONT} at (0,0) size 3x11
                RenderText {#text} at (0,0) size 3x11
                  text run at (0,0) width 3: " "
            RenderTableCell {TD} at (42,11) size 3x11 [bgcolor=#026766] [r=1 c=14 rs=1 cs=1]
              RenderInline {FONT} at (0,0) size 3x11
                RenderText {#text} at (0,0) size 3x11
                  text run at (0,0) width 3: " "
            RenderTableCell {TD} at (45,11) size 3x11 [bgcolor=#026766] [r=1 c=15 rs=1 cs=1]
              RenderInline {FONT} at (0,0) size 3x11
                RenderText {#text} at (0,0) size 3x11
                  text run at (0,0) width 3: " "
            RenderTableCell {TD} at (48,11) size 3x11 [bgcolor=#026766] [r=1 c=16 rs=1 cs=1]
              RenderInline {FONT} at (0,0) size 3x11
                RenderText {#text} at (0,0) size 3x11
                  text run at (0,0) width 3: " "
            RenderTableCell {TD} at (51,11) size 3x11 [bgcolor=#026766] [r=1 c=17 rs=1 cs=1]
              RenderInline {FONT} at (0,0) size 3x11
                RenderText {#text} at (0,0) size 3x11
                  text run at (0,0) width 3: " "
            RenderTableCell {TD} at (54,11) size 3x11 [bgcolor=#027777] [r=1 c=18 rs=1 cs=1]
              RenderInline {FONT} at (0,0) size 3x11
                RenderText {#text} at (0,0) size 3x11
                  text run at (0,0) width 3: " "
            RenderTableCell {TD} at (57,11) size 3x11 [bgcolor=#027777] [r=1 c=19 rs=1 cs=1]
              RenderInline {FONT} at (0,0) size 3x11
                RenderText {#text} at (0,0) size 3x11
                  text run at (0,0) width 3: " "
            RenderTableCell {TD} at (60,11) size 3x11 [bgcolor=#027777] [r=1 c=20 rs=1 cs=1]
              RenderInline {FONT} at (0,0) size 3x11
                RenderText {#text} at (0,0) size 3x11
                  text run at (0,0) width 3: " "
            RenderTableCell {TD} at (63,11) size 3x11 [bgcolor=#027777] [r=1 c=21 rs=1 cs=1]
              RenderInline {FONT} at (0,0) size 3x11
                RenderText {#text} at (0,0) size 3x11
                  text run at (0,0) width 3: " "
            RenderTableCell {TD} at (66,11) size 3x11 [bgcolor=#026766] [r=1 c=22 rs=1 cs=1]
              RenderInline {FONT} at (0,0) size 3x11
                RenderText {#text} at (0,0) size 3x11
                  text run at (0,0) width 3: " "
            RenderTableCell {TD} at (69,11) size 3x11 [bgcolor=#1E7A79] [r=1 c=23 rs=1 cs=1]
              RenderInline {FONT} at (0,0) size 3x11
                RenderText {#text} at (0,0) size 3x11
                  text run at (0,0) width 3: " "
            RenderTableCell {TD} at (72,11) size 3x11 [bgcolor=#589594] [r=1 c=24 rs=1 cs=1]
              RenderInline {FONT} at (0,0) size 3x11
                RenderText {#text} at (0,0) size 3x11
                  text run at (0,0) width 3: " "
            RenderTableCell {TD} at (75,11) size 3x11 [bgcolor=#BEC2C2] [r=1 c=25 rs=1 cs=1]
              RenderInline {FONT} at (0,0) size 3x11
                RenderText {#text} at (0,0) size 3x11
                  text run at (0,0) width 3: " "
            RenderTableCell {TD} at (78,11) size 3x11 [bgcolor=#E0EAE9] [r=1 c=26 rs=1 cs=1]
              RenderInline {FONT} at (0,0) size 3x11
                RenderText {#text} at (0,0) size 3x11
                  text run at (0,0) width 3: " "
            RenderTableCell {TD} at (81,11) size 3x11 [bgcolor=#FDFDFB] [r=1 c=27 rs=1 cs=1]
              RenderInline {FONT} at (0,0) size 3x11
                RenderText {#text} at (0,0) size 3x11
                  text run at (0,0) width 3: " "
            RenderTableCell {TD} at (84,11) size 3x11 [bgcolor=#FDFDFB] [r=1 c=28 rs=1 cs=1]
              RenderInline {FONT} at (0,0) size 3x11
                RenderText {#text} at (0,0) size 3x11
                  text run at (0,0) width 3: " "
            RenderTableCell {TD} at (87,11) size 3x11 [bgcolor=#FDFDFB] [r=1 c=29 rs=1 cs=1]
              RenderInline {FONT} at (0,0) size 3x11
                RenderText {#text} at (0,0) size 3x11
                  text run at (0,0) width 3: " "
            RenderTableCell {TD} at (90,11) size 3x11 [bgcolor=#FDFDFB] [r=1 c=30 rs=1 cs=1]
              RenderInline {FONT} at (0,0) size 3x11
                RenderText {#text} at (0,0) size 3x11
                  text run at (0,0) width 3: " "
            RenderTableCell {TD} at (93,11) size 3x11 [bgcolor=#FDFDFB] [r=1 c=31 rs=1 cs=1]
              RenderInline {FONT} at (0,0) size 3x11
                RenderText {#text} at (0,0) size 3x11
                  text run at (0,0) width 3: " "
            RenderTableCell {TD} at (96,11) size 3x11 [bgcolor=#FDFDFB] [r=1 c=32 rs=1 cs=1]
              RenderInline {FONT} at (0,0) size 3x11
                RenderText {#text} at (0,0) size 3x11
                  text run at (0,0) width 3: " "
            RenderTableCell {TD} at (99,11) size 3x11 [bgcolor=#FDFDFB] [r=1 c=33 rs=1 cs=1]
              RenderInline {FONT} at (0,0) size 3x11
                RenderText {#text} at (0,0) size 3x11
                  text run at (0,0) width 3: " "
            RenderTableCell {TD} at (102,11) size 3x11 [bgcolor=#FDFDFB] [r=1 c=34 rs=1 cs=1]
              RenderInline {FONT} at (0,0) size 3x11
                RenderText {#text} at (0,0) size 3x11
                  text run at (0,0) width 3: " "
            RenderTableCell {TD} at (105,11) size 3x11 [bgcolor=#EDEEEF] [r=1 c=35 rs=1 cs=1]
              RenderInline {FONT} at (0,0) size 3x11
                RenderText {#text} at (0,0) size 3x11
                  text run at (0,0) width 3: " "
            RenderTableCell {TD} at (108,11) size 3x11 [bgcolor=#249393] [r=1 c=36 rs=1 cs=1]
              RenderInline {FONT} at (0,0) size 3x11
                RenderText {#text} at (0,0) size 3x11
                  text run at (0,0) width 3: " "
            RenderTableCell {TD} at (111,11) size 3x11 [bgcolor=#249393] [r=1 c=37 rs=1 cs=1]
              RenderInline {FONT} at (0,0) size 3x11
                RenderText {#text} at (0,0) size 3x11
                  text run at (0,0) width 3: " "
            RenderTableCell {TD} at (114,11) size 3x11 [bgcolor=#1B8685] [r=1 c=38 rs=1 cs=1]
              RenderInline {FONT} at (0,0) size 3x11
                RenderText {#text} at (0,0) size 3x11
                  text run at (0,0) width 3: " "
            RenderTableCell {TD} at (117,11) size 3x11 [bgcolor=#1B8685] [r=1 c=39 rs=1 cs=1]
              RenderInline {FONT} at (0,0) size 3x11
                RenderText {#text} at (0,0) size 3x11
                  text run at (0,0) width 3: " "
            RenderTableCell {TD} at (120,11) size 3x11 [bgcolor=#1B8685] [r=1 c=40 rs=1 cs=1]
              RenderInline {FONT} at (0,0) size 3x11
                RenderText {#text} at (0,0) size 3x11
                  text run at (0,0) width 3: " "
            RenderTableCell {TD} at (123,11) size 3x11 [bgcolor=#1B8685] [r=1 c=41 rs=1 cs=1]
              RenderInline {FONT} at (0,0) size 3x11
                RenderText {#text} at (0,0) size 3x11
                  text run at (0,0) width 3: " "
            RenderTableCell {TD} at (126,11) size 3x11 [bgcolor=#1B8685] [r=1 c=42 rs=1 cs=1]
              RenderInline {FONT} at (0,0) size 3x11
                RenderText {#text} at (0,0) size 3x11
                  text run at (0,0) width 3: " "
            RenderTableCell {TD} at (129,11) size 3x11 [bgcolor=#1B8685] [r=1 c=43 rs=1 cs=1]
              RenderInline {FONT} at (0,0) size 3x11
                RenderText {#text} at (0,0) size 3x11
                  text run at (0,0) width 3: " "
            RenderTableCell {TD} at (132,11) size 3x11 [bgcolor=#1B8685] [r=1 c=44 rs=1 cs=1]
              RenderInline {FONT} at (0,0) size 3x11
                RenderText {#text} at (0,0) size 3x11
                  text run at (0,0) width 3: " "
            RenderTableCell {TD} at (135,11) size 3x11 [bgcolor=#1B8685] [r=1 c=45 rs=1 cs=1]
              RenderInline {FONT} at (0,0) size 3x11
                RenderText {#text} at (0,0) size 3x11
                  text run at (0,0) width 3: " "
            RenderTableCell {TD} at (138,11) size 3x11 [bgcolor=#1B8685] [r=1 c=46 rs=1 cs=1]
              RenderInline {FONT} at (0,0) size 3x11
                RenderText {#text} at (0,0) size 3x11
                  text run at (0,0) width 3: " "
            RenderTableCell {TD} at (141,11) size 3x11 [bgcolor=#1B8685] [r=1 c=47 rs=1 cs=1]
              RenderInline {FONT} at (0,0) size 3x11
                RenderText {#text} at (0,0) size 3x11
                  text run at (0,0) width 3: " "
            RenderTableCell {TD} at (144,11) size 3x11 [bgcolor=#1B8685] [r=1 c=48 rs=1 cs=1]
              RenderInline {FONT} at (0,0) size 3x11
                RenderText {#text} at (0,0) size 3x11
                  text run at (0,0) width 3: " "
            RenderTableCell {TD} at (147,11) size 3x11 [bgcolor=#1B8685] [r=1 c=49 rs=1 cs=1]
              RenderInline {FONT} at (0,0) size 3x11
                RenderText {#text} at (0,0) size 3x11
                  text run at (0,0) width 3: " "
            RenderTableCell {TD} at (150,11) size 3x11 [bgcolor=#1B8685] [r=1 c=50 rs=1 cs=1]
              RenderInline {FONT} at (0,0) size 3x11
                RenderText {#text} at (0,0) size 3x11
                  text run at (0,0) width 3: " "
            RenderTableCell {TD} at (153,11) size 3x11 [bgcolor=#1E7A79] [r=1 c=51 rs=1 cs=1]
              RenderInline {FONT} at (0,0) size 3x11
                RenderText {#text} at (0,0) size 3x11
                  text run at (0,0) width 3: " "
            RenderTableCell {TD} at (156,11) size 3x11 [bgcolor=#BEC2C2] [r=1 c=52 rs=1 cs=1]
              RenderInline {FONT} at (0,0) size 3x11
                RenderText {#text} at (0,0) size 3x11
                  text run at (0,0) width 3: " "
            RenderTableCell {TD} at (159,11) size 3x11 [bgcolor=#B6D0D1] [r=1 c=53 rs=1 cs=1]
              RenderInline {FONT} at (0,0) size 3x11
                RenderText {#text} at (0,0) size 3x11
                  text run at (0,0) width 3: " "
            RenderTableCell {TD} at (162,11) size 3x11 [bgcolor=#44A3A2] [r=1 c=54 rs=1 cs=1]
              RenderInline {FONT} at (0,0) size 3x11
                RenderText {#text} at (0,0) size 3x11
                  text run at (0,0) width 3: " "
            RenderTableCell {TD} at (165,11) size 3x11 [bgcolor=#1B8685] [r=1 c=55 rs=1 cs=1]
              RenderInline {FONT} at (0,0) size 3x11
                RenderText {#text} at (0,0) size 3x11
                  text run at (0,0) width 3: " "
            RenderTableCell {TD} at (168,11) size 3x11 [bgcolor=#1A6B6A] [r=1 c=56 rs=1 cs=1]
              RenderInline {FONT} at (0,0) size 3x11
                RenderText {#text} at (0,0) size 3x11
                  text run at (0,0) width 3: " "
            RenderTableCell {TD} at (171,11) size 3x11 [bgcolor=#BEC2C2] [r=1 c=57 rs=1 cs=1]
              RenderInline {FONT} at (0,0) size 3x11
                RenderText {#text} at (0,0) size 3x11
                  text run at (0,0) width 3: " "
            RenderTableCell {TD} at (174,11) size 3x11 [bgcolor=#EDEEEF] [r=1 c=58 rs=1 cs=1]
              RenderInline {FONT} at (0,0) size 3x11
                RenderText {#text} at (0,0) size 3x11
                  text run at (0,0) width 3: " "
            RenderTableCell {TD} at (177,11) size 3x11 [bgcolor=#FDFDFB] [r=1 c=59 rs=1 cs=1]
              RenderInline {FONT} at (0,0) size 3x11
                RenderText {#text} at (0,0) size 3x11
                  text run at (0,0) width 3: " "
            RenderTableCell {TD} at (180,11) size 3x11 [bgcolor=#FDFDFB] [r=1 c=60 rs=1 cs=1]
              RenderInline {FONT} at (0,0) size 3x11
                RenderText {#text} at (0,0) size 3x11
                  text run at (0,0) width 3: " "
            RenderTableCell {TD} at (183,11) size 3x11 [bgcolor=#FDFDFB] [r=1 c=61 rs=1 cs=1]
              RenderInline {FONT} at (0,0) size 3x11
                RenderText {#text} at (0,0) size 3x11
                  text run at (0,0) width 3: " "
            RenderTableCell {TD} at (186,11) size 3x11 [bgcolor=#FDFDFB] [r=1 c=62 rs=1 cs=1]
              RenderInline {FONT} at (0,0) size 3x11
                RenderText {#text} at (0,0) size 3x11
                  text run at (0,0) width 3: " "
            RenderTableCell {TD} at (189,11) size 3x11 [bgcolor=#FDFDFB] [r=1 c=63 rs=1 cs=1]
              RenderInline {FONT} at (0,0) size 3x11
                RenderText {#text} at (0,0) size 3x11
                  text run at (0,0) width 3: " "
            RenderTableCell {TD} at (192,11) size 3x11 [bgcolor=#FDFDFB] [r=1 c=64 rs=1 cs=1]
              RenderInline {FONT} at (0,0) size 3x11
                RenderText {#text} at (0,0) size 3x11
                  text run at (0,0) width 3: " "
            RenderTableCell {TD} at (195,11) size 3x11 [bgcolor=#FDFDFB] [r=1 c=65 rs=1 cs=1]
              RenderInline {FONT} at (0,0) size 3x11
                RenderText {#text} at (0,0) size 3x11
                  text run at (0,0) width 3: " "
            RenderTableCell {TD} at (198,11) size 3x11 [bgcolor=#FDFDFB] [r=1 c=66 rs=1 cs=1]
              RenderInline {FONT} at (0,0) size 3x11
                RenderText {#text} at (0,0) size 3x11
                  text run at (0,0) width 3: " "
            RenderTableCell {TD} at (201,11) size 3x11 [bgcolor=#EDEEEF] [r=1 c=67 rs=1 cs=1]
              RenderInline {FONT} at (0,0) size 3x11
                RenderText {#text} at (0,0) size 3x11
                  text run at (0,0) width 3: " "
            RenderTableCell {TD} at (204,11) size 3x11 [bgcolor=#E0EAE9] [r=1 c=68 rs=1 cs=1]
              RenderInline {FONT} at (0,0) size 3x11
                RenderText {#text} at (0,0) size 3x11
                  text run at (0,0) width 3: " "
            RenderTableCell {TD} at (207,11) size 3x11 [bgcolor=#B6D8D7] [r=1 c=69 rs=1 cs=1]
              RenderInline {FONT} at (0,0) size 3x11
                RenderText {#text} at (0,0) size 3x11
                  text run at (0,0) width 3: " "
            RenderTableCell {TD} at (210,11) size 3x11 [bgcolor=#7DBAB9] [r=1 c=70 rs=1 cs=1]
              RenderInline {FONT} at (0,0) size 3x11
                RenderText {#text} at (0,0) size 3x11
                  text run at (0,0) width 3: " "
            RenderTableCell {TD} at (213,11) size 3x11 [bgcolor=#349392] [r=1 c=71 rs=1 cs=1]
              RenderInline {FONT} at (0,0) size 3x11
                RenderText {#text} at (0,0) size 3x11
                  text run at (0,0) width 3: " "
            RenderTableCell {TD} at (216,11) size 3x11 [bgcolor=#349392] [r=1 c=72 rs=1 cs=1]
              RenderInline {FONT} at (0,0) size 3x11
                RenderText {#text} at (0,0) size 3x11
                  text run at (0,0) width 3: " "
            RenderTableCell {TD} at (219,11) size 3x11 [bgcolor=#349392] [r=1 c=73 rs=1 cs=1]
              RenderInline {FONT} at (0,0) size 3x11
                RenderText {#text} at (0,0) size 3x11
                  text run at (0,0) width 3: " "
            RenderTableCell {TD} at (222,11) size 3x11 [bgcolor=#249393] [r=1 c=74 rs=1 cs=1]
              RenderInline {FONT} at (0,0) size 3x11
                RenderText {#text} at (0,0) size 3x11
                  text run at (0,0) width 3: " "
            RenderTableCell {TD} at (225,11) size 3x11 [bgcolor=#1B8685] [r=1 c=75 rs=1 cs=1]
              RenderInline {FONT} at (0,0) size 3x11
                RenderText {#text} at (0,0) size 3x11
                  text run at (0,0) width 3: " "
            RenderTableCell {TD} at (228,11) size 3x11 [bgcolor=#1B8685] [r=1 c=76 rs=1 cs=1]
              RenderInline {FONT} at (0,0) size 3x11
                RenderText {#text} at (0,0) size 3x11
                  text run at (0,0) width 3: " "
            RenderTableCell {TD} at (231,11) size 3x11 [bgcolor=#1B8685] [r=1 c=77 rs=1 cs=1]
              RenderInline {FONT} at (0,0) size 3x11
                RenderText {#text} at (0,0) size 3x11
                  text run at (0,0) width 3: " "
            RenderTableCell {TD} at (234,11) size 3x11 [bgcolor=#1B8685] [r=1 c=78 rs=1 cs=1]
              RenderInline {FONT} at (0,0) size 3x11
                RenderText {#text} at (0,0) size 3x11
                  text run at (0,0) width 3: " "
            RenderTableCell {TD} at (237,11) size 3x11 [bgcolor=#1B8685] [r=1 c=79 rs=1 cs=1]
              RenderInline {FONT} at (0,0) size 3x11
                RenderText {#text} at (0,0) size 3x11
                  text run at (0,0) width 3: " "
            RenderTableCell {TD} at (240,11) size 3x11 [bgcolor=#1B8685] [r=1 c=80 rs=1 cs=1]
              RenderInline {FONT} at (0,0) size 3x11
                RenderText {#text} at (0,0) size 3x11
                  text run at (0,0) width 3: " "
            RenderTableCell {TD} at (243,11) size 3x11 [bgcolor=#1B8685] [r=1 c=81 rs=1 cs=1]
              RenderInline {FONT} at (0,0) size 3x11
                RenderText {#text} at (0,0) size 3x11
                  text run at (0,0) width 3: " "
            RenderTableCell {TD} at (246,11) size 3x11 [bgcolor=#1B8685] [r=1 c=82 rs=1 cs=1]
              RenderInline {FONT} at (0,0) size 3x11
                RenderText {#text} at (0,0) size 3x11
                  text run at (0,0) width 3: " "
            RenderTableCell {TD} at (249,11) size 3x11 [bgcolor=#1B8685] [r=1 c=83 rs=1 cs=1]
              RenderInline {FONT} at (0,0) size 3x11
                RenderText {#text} at (0,0) size 3x11
                  text run at (0,0) width 3: " "
            RenderTableCell {TD} at (252,11) size 3x11 [bgcolor=#1B8685] [r=1 c=84 rs=1 cs=1]
              RenderInline {FONT} at (0,0) size 3x11
                RenderText {#text} at (0,0) size 3x11
                  text run at (0,0) width 3: " "
            RenderTableCell {TD} at (255,11) size 3x11 [bgcolor=#1B8685] [r=1 c=85 rs=1 cs=1]
              RenderInline {FONT} at (0,0) size 3x11
                RenderText {#text} at (0,0) size 3x11
                  text run at (0,0) width 3: " "
            RenderTableCell {TD} at (258,11) size 3x11 [bgcolor=#1B8685] [r=1 c=86 rs=1 cs=1]
              RenderInline {FONT} at (0,0) size 3x11
                RenderText {#text} at (0,0) size 3x11
                  text run at (0,0) width 3: " "
            RenderTableCell {TD} at (261,11) size 3x11 [bgcolor=#1B8685] [r=1 c=87 rs=1 cs=1]
              RenderInline {FONT} at (0,0) size 3x11
                RenderText {#text} at (0,0) size 3x11
                  text run at (0,0) width 3: " "
            RenderTableCell {TD} at (264,11) size 3x11 [bgcolor=#1B8685] [r=1 c=88 rs=1 cs=1]
              RenderInline {FONT} at (0,0) size 3x11
                RenderText {#text} at (0,0) size 3x11
                  text run at (0,0) width 3: " "
            RenderTableCell {TD} at (267,11) size 3x11 [bgcolor=#1B8685] [r=1 c=89 rs=1 cs=1]
              RenderInline {FONT} at (0,0) size 3x11
                RenderText {#text} at (0,0) size 3x11
                  text run at (0,0) width 3: " "
            RenderTableCell {TD} at (270,11) size 3x11 [bgcolor=#1B8685] [r=1 c=90 rs=1 cs=1]
              RenderInline {FONT} at (0,0) size 3x11
                RenderText {#text} at (0,0) size 3x11
                  text run at (0,0) width 3: " "
            RenderTableCell {TD} at (273,11) size 3x11 [bgcolor=#1B8685] [r=1 c=91 rs=1 cs=1]
              RenderInline {FONT} at (0,0) size 3x11
                RenderText {#text} at (0,0) size 3x11
                  text run at (0,0) width 3: " "
            RenderTableCell {TD} at (276,11) size 3x11 [bgcolor=#1E7A79] [r=1 c=92 rs=1 cs=1]
              RenderInline {FONT} at (0,0) size 3x11
                RenderText {#text} at (0,0) size 3x11
                  text run at (0,0) width 3: " "
            RenderTableCell {TD} at (279,11) size 3x11 [bgcolor=#1A6B6A] [r=1 c=93 rs=1 cs=1]
              RenderInline {FONT} at (0,0) size 3x11
                RenderText {#text} at (0,0) size 3x11
                  text run at (0,0) width 3: " "
            RenderTableCell {TD} at (282,11) size 3x11 [bgcolor=#91A3A3] [r=1 c=94 rs=1 cs=1]
              RenderInline {FONT} at (0,0) size 3x11
                RenderText {#text} at (0,0) size 3x11
                  text run at (0,0) width 3: " "
            RenderTableCell {TD} at (285,11) size 3x11 [bgcolor=#E0EAE9] [r=1 c=95 rs=1 cs=1]
              RenderInline {FONT} at (0,0) size 3x11
                RenderText {#text} at (0,0) size 3x11
                  text run at (0,0) width 3: " "
            RenderTableCell {TD} at (288,11) size 3x11 [bgcolor=#EDEEEF] [r=1 c=96 rs=1 cs=1]
              RenderInline {FONT} at (0,0) size 3x11
                RenderText {#text} at (0,0) size 3x11
                  text run at (0,0) width 3: " "
            RenderTableCell {TD} at (291,11) size 3x11 [bgcolor=#FDFDFB] [r=1 c=97 rs=1 cs=1]
              RenderInline {FONT} at (0,0) size 3x11
                RenderText {#text} at (0,0) size 3x11
                  text run at (0,0) width 3: " "
            RenderTableCell {TD} at (294,11) size 3x11 [bgcolor=#FDFDFB] [r=1 c=98 rs=1 cs=1]
              RenderInline {FONT} at (0,0) size 3x11
                RenderText {#text} at (0,0) size 3x11
                  text run at (0,0) width 3: " "
            RenderTableCell {TD} at (297,11) size 3x11 [bgcolor=#FDFDFB] [r=1 c=99 rs=1 cs=1]
              RenderInline {FONT} at (0,0) size 3x11
                RenderText {#text} at (0,0) size 3x11
                  text run at (0,0) width 3: " "
          RenderTableRow {TR} at (0,22) size 300x11
            RenderTableCell {TD} at (0,22) size 3x11 [bgcolor=#FDFDFB] [r=2 c=0 rs=1 cs=1]
              RenderInline {FONT} at (0,0) size 3x11
                RenderText {#text} at (0,0) size 3x11
                  text run at (0,0) width 3: " "
            RenderTableCell {TD} at (3,22) size 3x11 [bgcolor=#FDFDFB] [r=2 c=1 rs=1 cs=1]
              RenderInline {FONT} at (0,0) size 3x11
                RenderText {#text} at (0,0) size 3x11
                  text run at (0,0) width 3: " "
            RenderTableCell {TD} at (6,22) size 3x11 [bgcolor=#FDFDFB] [r=2 c=2 rs=1 cs=1]
              RenderInline {FONT} at (0,0) size 3x11
                RenderText {#text} at (0,0) size 3x11
                  text run at (0,0) width 3: " "
            RenderTableCell {TD} at (9,22) size 3x11 [bgcolor=#FDFDFB] [r=2 c=3 rs=1 cs=1]
              RenderInline {FONT} at (0,0) size 3x11
                RenderText {#text} at (0,0) size 3x11
                  text run at (0,0) width 3: " "
            RenderTableCell {TD} at (12,22) size 3x11 [bgcolor=#FDFDFB] [r=2 c=4 rs=1 cs=1]
              RenderInline {FONT} at (0,0) size 3x11
                RenderText {#text} at (0,0) size 3x11
                  text run at (0,0) width 3: " "
            RenderTableCell {TD} at (15,22) size 3x11 [bgcolor=#FDFDFB] [r=2 c=5 rs=1 cs=1]
              RenderInline {FONT} at (0,0) size 3x11
                RenderText {#text} at (0,0) size 3x11
                  text run at (0,0) width 3: " "
            RenderTableCell {TD} at (18,22) size 3x11 [bgcolor=#CADEDD] [r=2 c=6 rs=1 cs=1]
              RenderInline {FONT} at (0,0) size 3x11
                RenderText {#text} at (0,0) size 3x11
                  text run at (0,0) width 3: " "
            RenderTableCell {TD} at (21,22) size 3x11 [bgcolor=#44A3A2] [r=2 c=7 rs=1 cs=1]
              RenderInline {FONT} at (0,0) size 3x11
                RenderText {#text} at (0,0) size 3x11
                  text run at (0,0) width 3: " "
            RenderTableCell {TD} at (24,22) size 3x11 [bgcolor=#048485] [r=2 c=8 rs=1 cs=1]
              RenderInline {FONT} at (0,0) size 3x11
                RenderText {#text} at (0,0) size 3x11
                  text run at (0,0) width 3: " "
            RenderTableCell {TD} at (27,22) size 3x11 [bgcolor=#048485] [r=2 c=9 rs=1 cs=1]
              RenderInline {FONT} at (0,0) size 3x11
                RenderText {#text} at (0,0) size 3x11
                  text run at (0,0) width 3: " "
            RenderTableCell {TD} at (30,22) size 3x11 [bgcolor=#027777] [r=2 c=10 rs=1 cs=1]
              RenderInline {FONT} at (0,0) size 3x11
                RenderText {#text} at (0,0) size 3x11
                  text run at (0,0) width 3: " "
            RenderTableCell {TD} at (33,22) size 3x11 [bgcolor=#027777] [r=2 c=11 rs=1 cs=1]
              RenderInline {FONT} at (0,0) size 3x11
                RenderText {#text} at (0,0) size 3x11
                  text run at (0,0) width 3: " "
            RenderTableCell {TD} at (36,22) size 3x11 [bgcolor=#026766] [r=2 c=12 rs=1 cs=1]
              RenderInline {FONT} at (0,0) size 3x11
                RenderText {#text} at (0,0) size 3x11
                  text run at (0,0) width 3: " "
            RenderTableCell {TD} at (39,22) size 3x11 [bgcolor=#025E5E] [r=2 c=13 rs=1 cs=1]
              RenderInline {FONT} at (0,0) size 3x11
                RenderText {#text} at (0,0) size 3x11
                  text run at (0,0) width 3: " "
            RenderTableCell {TD} at (42,22) size 3x11 [bgcolor=#044F4F] [r=2 c=14 rs=1 cs=1]
              RenderInline {FONT} at (0,0) size 3x11
                RenderText {#text} at (0,0) size 3x11
                  text run at (0,0) width 3: " "
            RenderTableCell {TD} at (45,22) size 3x11 [bgcolor=#044140] [r=2 c=15 rs=1 cs=1]
              RenderInline {FONT} at (0,0) size 3x11
                RenderText {#text} at (0,0) size 3x11
                  text run at (0,0) width 3: " "
            RenderTableCell {TD} at (48,22) size 3x11 [bgcolor=#044140] [r=2 c=16 rs=1 cs=1]
              RenderInline {FONT} at (0,0) size 3x11
                RenderText {#text} at (0,0) size 3x11
                  text run at (0,0) width 3: " "
            RenderTableCell {TD} at (51,22) size 3x11 [bgcolor=#044F4F] [r=2 c=17 rs=1 cs=1]
              RenderInline {FONT} at (0,0) size 3x11
                RenderText {#text} at (0,0) size 3x11
                  text run at (0,0) width 3: " "
            RenderTableCell {TD} at (54,22) size 3x11 [bgcolor=#025E5E] [r=2 c=18 rs=1 cs=1]
              RenderInline {FONT} at (0,0) size 3x11
                RenderText {#text} at (0,0) size 3x11
                  text run at (0,0) width 3: " "
            RenderTableCell {TD} at (57,22) size 3x11 [bgcolor=#026766] [r=2 c=19 rs=1 cs=1]
              RenderInline {FONT} at (0,0) size 3x11
                RenderText {#text} at (0,0) size 3x11
                  text run at (0,0) width 3: " "
            RenderTableCell {TD} at (60,22) size 3x11 [bgcolor=#026766] [r=2 c=20 rs=1 cs=1]
              RenderInline {FONT} at (0,0) size 3x11
                RenderText {#text} at (0,0) size 3x11
                  text run at (0,0) width 3: " "
            RenderTableCell {TD} at (63,22) size 3x11 [bgcolor=#026766] [r=2 c=21 rs=1 cs=1]
              RenderInline {FONT} at (0,0) size 3x11
                RenderText {#text} at (0,0) size 3x11
                  text run at (0,0) width 3: " "
            RenderTableCell {TD} at (66,22) size 3x11 [bgcolor=#026766] [r=2 c=22 rs=1 cs=1]
              RenderInline {FONT} at (0,0) size 3x11
                RenderText {#text} at (0,0) size 3x11
                  text run at (0,0) width 3: " "
            RenderTableCell {TD} at (69,22) size 3x11 [bgcolor=#026766] [r=2 c=23 rs=1 cs=1]
              RenderInline {FONT} at (0,0) size 3x11
                RenderText {#text} at (0,0) size 3x11
                  text run at (0,0) width 3: " "
            RenderTableCell {TD} at (72,22) size 3x11 [bgcolor=#026766] [r=2 c=24 rs=1 cs=1]
              RenderInline {FONT} at (0,0) size 3x11
                RenderText {#text} at (0,0) size 3x11
                  text run at (0,0) width 3: " "
            RenderTableCell {TD} at (75,22) size 3x11 [bgcolor=#026766] [r=2 c=25 rs=1 cs=1]
              RenderInline {FONT} at (0,0) size 3x11
                RenderText {#text} at (0,0) size 3x11
                  text run at (0,0) width 3: " "
            RenderTableCell {TD} at (78,22) size 3x11 [bgcolor=#589594] [r=2 c=26 rs=1 cs=1]
              RenderInline {FONT} at (0,0) size 3x11
                RenderText {#text} at (0,0) size 3x11
                  text run at (0,0) width 3: " "
            RenderTableCell {TD} at (81,22) size 3x11 [bgcolor=#CECFCF] [r=2 c=27 rs=1 cs=1]
              RenderInline {FONT} at (0,0) size 3x11
                RenderText {#text} at (0,0) size 3x11
                  text run at (0,0) width 3: " "
            RenderTableCell {TD} at (84,22) size 3x11 [bgcolor=#EDEEEF] [r=2 c=28 rs=1 cs=1]
              RenderInline {FONT} at (0,0) size 3x11
                RenderText {#text} at (0,0) size 3x11
                  text run at (0,0) width 3: " "
            RenderTableCell {TD} at (87,22) size 3x11 [bgcolor=#FDFDFB] [r=2 c=29 rs=1 cs=1]
              RenderInline {FONT} at (0,0) size 3x11
                RenderText {#text} at (0,0) size 3x11
                  text run at (0,0) width 3: " "
            RenderTableCell {TD} at (90,22) size 3x11 [bgcolor=#FDFDFB] [r=2 c=30 rs=1 cs=1]
              RenderInline {FONT} at (0,0) size 3x11
                RenderText {#text} at (0,0) size 3x11
                  text run at (0,0) width 3: " "
            RenderTableCell {TD} at (93,22) size 3x11 [bgcolor=#FDFDFB] [r=2 c=31 rs=1 cs=1]
              RenderInline {FONT} at (0,0) size 3x11
                RenderText {#text} at (0,0) size 3x11
                  text run at (0,0) width 3: " "
            RenderTableCell {TD} at (96,22) size 3x11 [bgcolor=#FDFDFB] [r=2 c=32 rs=1 cs=1]
              RenderInline {FONT} at (0,0) size 3x11
                RenderText {#text} at (0,0) size 3x11
                  text run at (0,0) width 3: " "
            RenderTableCell {TD} at (99,22) size 3x11 [bgcolor=#FDFDFB] [r=2 c=33 rs=1 cs=1]
              RenderInline {FONT} at (0,0) size 3x11
                RenderText {#text} at (0,0) size 3x11
                  text run at (0,0) width 3: " "
            RenderTableCell {TD} at (102,22) size 3x11 [bgcolor=#FDFDFB] [r=2 c=34 rs=1 cs=1]
              RenderInline {FONT} at (0,0) size 3x11
                RenderText {#text} at (0,0) size 3x11
                  text run at (0,0) width 3: " "
            RenderTableCell {TD} at (105,22) size 3x11 [bgcolor=#EDEEEF] [r=2 c=35 rs=1 cs=1]
              RenderInline {FONT} at (0,0) size 3x11
                RenderText {#text} at (0,0) size 3x11
                  text run at (0,0) width 3: " "
            RenderTableCell {TD} at (108,22) size 3x11 [bgcolor=#048485] [r=2 c=36 rs=1 cs=1]
              RenderInline {FONT} at (0,0) size 3x11
                RenderText {#text} at (0,0) size 3x11
                  text run at (0,0) width 3: " "
            RenderTableCell {TD} at (111,22) size 3x11 [bgcolor=#048485] [r=2 c=37 rs=1 cs=1]
              RenderInline {FONT} at (0,0) size 3x11
                RenderText {#text} at (0,0) size 3x11
                  text run at (0,0) width 3: " "
            RenderTableCell {TD} at (114,22) size 3x11 [bgcolor=#027777] [r=2 c=38 rs=1 cs=1]
              RenderInline {FONT} at (0,0) size 3x11
                RenderText {#text} at (0,0) size 3x11
                  text run at (0,0) width 3: " "
            RenderTableCell {TD} at (117,22) size 3x11 [bgcolor=#027777] [r=2 c=39 rs=1 cs=1]
              RenderInline {FONT} at (0,0) size 3x11
                RenderText {#text} at (0,0) size 3x11
                  text run at (0,0) width 3: " "
            RenderTableCell {TD} at (120,22) size 3x11 [bgcolor=#027777] [r=2 c=40 rs=1 cs=1]
              RenderInline {FONT} at (0,0) size 3x11
                RenderText {#text} at (0,0) size 3x11
                  text run at (0,0) width 3: " "
            RenderTableCell {TD} at (123,22) size 3x11 [bgcolor=#027777] [r=2 c=41 rs=1 cs=1]
              RenderInline {FONT} at (0,0) size 3x11
                RenderText {#text} at (0,0) size 3x11
                  text run at (0,0) width 3: " "
            RenderTableCell {TD} at (126,22) size 3x11 [bgcolor=#027777] [r=2 c=42 rs=1 cs=1]
              RenderInline {FONT} at (0,0) size 3x11
                RenderText {#text} at (0,0) size 3x11
                  text run at (0,0) width 3: " "
            RenderTableCell {TD} at (129,22) size 3x11 [bgcolor=#027777] [r=2 c=43 rs=1 cs=1]
              RenderInline {FONT} at (0,0) size 3x11
                RenderText {#text} at (0,0) size 3x11
                  text run at (0,0) width 3: " "
            RenderTableCell {TD} at (132,22) size 3x11 [bgcolor=#027777] [r=2 c=44 rs=1 cs=1]
              RenderInline {FONT} at (0,0) size 3x11
                RenderText {#text} at (0,0) size 3x11
                  text run at (0,0) width 3: " "
            RenderTableCell {TD} at (135,22) size 3x11 [bgcolor=#027777] [r=2 c=45 rs=1 cs=1]
              RenderInline {FONT} at (0,0) size 3x11
                RenderText {#text} at (0,0) size 3x11
                  text run at (0,0) width 3: " "
            RenderTableCell {TD} at (138,22) size 3x11 [bgcolor=#027777] [r=2 c=46 rs=1 cs=1]
              RenderInline {FONT} at (0,0) size 3x11
                RenderText {#text} at (0,0) size 3x11
                  text run at (0,0) width 3: " "
            RenderTableCell {TD} at (141,22) size 3x11 [bgcolor=#027777] [r=2 c=47 rs=1 cs=1]
              RenderInline {FONT} at (0,0) size 3x11
                RenderText {#text} at (0,0) size 3x11
                  text run at (0,0) width 3: " "
            RenderTableCell {TD} at (144,22) size 3x11 [bgcolor=#027777] [r=2 c=48 rs=1 cs=1]
              RenderInline {FONT} at (0,0) size 3x11
                RenderText {#text} at (0,0) size 3x11
                  text run at (0,0) width 3: " "
            RenderTableCell {TD} at (147,22) size 3x11 [bgcolor=#027777] [r=2 c=49 rs=1 cs=1]
              RenderInline {FONT} at (0,0) size 3x11
                RenderText {#text} at (0,0) size 3x11
                  text run at (0,0) width 3: " "
            RenderTableCell {TD} at (150,22) size 3x11 [bgcolor=#027777] [r=2 c=50 rs=1 cs=1]
              RenderInline {FONT} at (0,0) size 3x11
                RenderText {#text} at (0,0) size 3x11
                  text run at (0,0) width 3: " "
            RenderTableCell {TD} at (153,22) size 3x11 [bgcolor=#026766] [r=2 c=51 rs=1 cs=1]
              RenderInline {FONT} at (0,0) size 3x11
                RenderText {#text} at (0,0) size 3x11
                  text run at (0,0) width 3: " "
            RenderTableCell {TD} at (156,22) size 3x11 [bgcolor=#338686] [r=2 c=52 rs=1 cs=1]
              RenderInline {FONT} at (0,0) size 3x11
                RenderText {#text} at (0,0) size 3x11
                  text run at (0,0) width 3: " "
            RenderTableCell {TD} at (159,22) size 3x11 [bgcolor=#048485] [r=2 c=53 rs=1 cs=1]
              RenderInline {FONT} at (0,0) size 3x11
                RenderText {#text} at (0,0) size 3x11
                  text run at (0,0) width 3: " "
            RenderTableCell {TD} at (162,22) size 3x11 [bgcolor=#027777] [r=2 c=54 rs=1 cs=1]
              RenderInline {FONT} at (0,0) size 3x11
                RenderText {#text} at (0,0) size 3x11
                  text run at (0,0) width 3: " "
            RenderTableCell {TD} at (165,22) size 3x11 [bgcolor=#026766] [r=2 c=55 rs=1 cs=1]
              RenderInline {FONT} at (0,0) size 3x11
                RenderText {#text} at (0,0) size 3x11
                  text run at (0,0) width 3: " "
            RenderTableCell {TD} at (168,22) size 3x11 [bgcolor=#044F4F] [r=2 c=56 rs=1 cs=1]
              RenderInline {FONT} at (0,0) size 3x11
                RenderText {#text} at (0,0) size 3x11
                  text run at (0,0) width 3: " "
            RenderTableCell {TD} at (171,22) size 3x11 [bgcolor=#939494] [r=2 c=57 rs=1 cs=1]
              RenderInline {FONT} at (0,0) size 3x11
                RenderText {#text} at (0,0) size 3x11
                  text run at (0,0) width 3: " "
            RenderTableCell {TD} at (174,22) size 3x11 [bgcolor=#CECFCF] [r=2 c=58 rs=1 cs=1]
              RenderInline {FONT} at (0,0) size 3x11
                RenderText {#text} at (0,0) size 3x11
                  text run at (0,0) width 3: " "
            RenderTableCell {TD} at (177,22) size 3x11 [bgcolor=#EDEEEF] [r=2 c=59 rs=1 cs=1]
              RenderInline {FONT} at (0,0) size 3x11
                RenderText {#text} at (0,0) size 3x11
                  text run at (0,0) width 3: " "
            RenderTableCell {TD} at (180,22) size 3x11 [bgcolor=#FDFDFB] [r=2 c=60 rs=1 cs=1]
              RenderInline {FONT} at (0,0) size 3x11
                RenderText {#text} at (0,0) size 3x11
                  text run at (0,0) width 3: " "
            RenderTableCell {TD} at (183,22) size 3x11 [bgcolor=#FDFDFB] [r=2 c=61 rs=1 cs=1]
              RenderInline {FONT} at (0,0) size 3x11
                RenderText {#text} at (0,0) size 3x11
                  text run at (0,0) width 3: " "
            RenderTableCell {TD} at (186,22) size 3x11 [bgcolor=#FDFDFB] [r=2 c=62 rs=1 cs=1]
              RenderInline {FONT} at (0,0) size 3x11
                RenderText {#text} at (0,0) size 3x11
                  text run at (0,0) width 3: " "
            RenderTableCell {TD} at (189,22) size 3x11 [bgcolor=#FDFDFB] [r=2 c=63 rs=1 cs=1]
              RenderInline {FONT} at (0,0) size 3x11
                RenderText {#text} at (0,0) size 3x11
                  text run at (0,0) width 3: " "
            RenderTableCell {TD} at (192,22) size 3x11 [bgcolor=#FDFDFB] [r=2 c=64 rs=1 cs=1]
              RenderInline {FONT} at (0,0) size 3x11
                RenderText {#text} at (0,0) size 3x11
                  text run at (0,0) width 3: " "
            RenderTableCell {TD} at (195,22) size 3x11 [bgcolor=#EDEEEF] [r=2 c=65 rs=1 cs=1]
              RenderInline {FONT} at (0,0) size 3x11
                RenderText {#text} at (0,0) size 3x11
                  text run at (0,0) width 3: " "
            RenderTableCell {TD} at (198,22) size 3x11 [bgcolor=#A4CCCC] [r=2 c=66 rs=1 cs=1]
              RenderInline {FONT} at (0,0) size 3x11
                RenderText {#text} at (0,0) size 3x11
                  text run at (0,0) width 3: " "
            RenderTableCell {TD} at (201,22) size 3x11 [bgcolor=#5CADAE] [r=2 c=67 rs=1 cs=1]
              RenderInline {FONT} at (0,0) size 3x11
                RenderText {#text} at (0,0) size 3x11
                  text run at (0,0) width 3: " "
            RenderTableCell {TD} at (204,22) size 3x11 [bgcolor=#158E8C] [r=2 c=68 rs=1 cs=1]
              RenderInline {FONT} at (0,0) size 3x11
                RenderText {#text} at (0,0) size 3x11
                  text run at (0,0) width 3: " "
            RenderTableCell {TD} at (207,22) size 3x11 [bgcolor=#048485] [r=2 c=69 rs=1 cs=1]
              RenderInline {FONT} at (0,0) size 3x11
                RenderText {#text} at (0,0) size 3x11
                  text run at (0,0) width 3: " "
            RenderTableCell {TD} at (210,22) size 3x11 [bgcolor=#048485] [r=2 c=70 rs=1 cs=1]
              RenderInline {FONT} at (0,0) size 3x11
                RenderText {#text} at (0,0) size 3x11
                  text run at (0,0) width 3: " "
            RenderTableCell {TD} at (213,22) size 3x11 [bgcolor=#027777] [r=2 c=71 rs=1 cs=1]
              RenderInline {FONT} at (0,0) size 3x11
                RenderText {#text} at (0,0) size 3x11
                  text run at (0,0) width 3: " "
            RenderTableCell {TD} at (216,22) size 3x11 [bgcolor=#027777] [r=2 c=72 rs=1 cs=1]
              RenderInline {FONT} at (0,0) size 3x11
                RenderText {#text} at (0,0) size 3x11
                  text run at (0,0) width 3: " "
            RenderTableCell {TD} at (219,22) size 3x11 [bgcolor=#027777] [r=2 c=73 rs=1 cs=1]
              RenderInline {FONT} at (0,0) size 3x11
                RenderText {#text} at (0,0) size 3x11
                  text run at (0,0) width 3: " "
            RenderTableCell {TD} at (222,22) size 3x11 [bgcolor=#027777] [r=2 c=74 rs=1 cs=1]
              RenderInline {FONT} at (0,0) size 3x11
                RenderText {#text} at (0,0) size 3x11
                  text run at (0,0) width 3: " "
            RenderTableCell {TD} at (225,22) size 3x11 [bgcolor=#027777] [r=2 c=75 rs=1 cs=1]
              RenderInline {FONT} at (0,0) size 3x11
                RenderText {#text} at (0,0) size 3x11
                  text run at (0,0) width 3: " "
            RenderTableCell {TD} at (228,22) size 3x11 [bgcolor=#027777] [r=2 c=76 rs=1 cs=1]
              RenderInline {FONT} at (0,0) size 3x11
                RenderText {#text} at (0,0) size 3x11
                  text run at (0,0) width 3: " "
            RenderTableCell {TD} at (231,22) size 3x11 [bgcolor=#027777] [r=2 c=77 rs=1 cs=1]
              RenderInline {FONT} at (0,0) size 3x11
                RenderText {#text} at (0,0) size 3x11
                  text run at (0,0) width 3: " "
            RenderTableCell {TD} at (234,22) size 3x11 [bgcolor=#027777] [r=2 c=78 rs=1 cs=1]
              RenderInline {FONT} at (0,0) size 3x11
                RenderText {#text} at (0,0) size 3x11
                  text run at (0,0) width 3: " "
            RenderTableCell {TD} at (237,22) size 3x11 [bgcolor=#027777] [r=2 c=79 rs=1 cs=1]
              RenderInline {FONT} at (0,0) size 3x11
                RenderText {#text} at (0,0) size 3x11
                  text run at (0,0) width 3: " "
            RenderTableCell {TD} at (240,22) size 3x11 [bgcolor=#027777] [r=2 c=80 rs=1 cs=1]
              RenderInline {FONT} at (0,0) size 3x11
                RenderText {#text} at (0,0) size 3x11
                  text run at (0,0) width 3: " "
            RenderTableCell {TD} at (243,22) size 3x11 [bgcolor=#027777] [r=2 c=81 rs=1 cs=1]
              RenderInline {FONT} at (0,0) size 3x11
                RenderText {#text} at (0,0) size 3x11
                  text run at (0,0) width 3: " "
            RenderTableCell {TD} at (246,22) size 3x11 [bgcolor=#027777] [r=2 c=82 rs=1 cs=1]
              RenderInline {FONT} at (0,0) size 3x11
                RenderText {#text} at (0,0) size 3x11
                  text run at (0,0) width 3: " "
            RenderTableCell {TD} at (249,22) size 3x11 [bgcolor=#027777] [r=2 c=83 rs=1 cs=1]
              RenderInline {FONT} at (0,0) size 3x11
                RenderText {#text} at (0,0) size 3x11
                  text run at (0,0) width 3: " "
            RenderTableCell {TD} at (252,22) size 3x11 [bgcolor=#027777] [r=2 c=84 rs=1 cs=1]
              RenderInline {FONT} at (0,0) size 3x11
                RenderText {#text} at (0,0) size 3x11
                  text run at (0,0) width 3: " "
            RenderTableCell {TD} at (255,22) size 3x11 [bgcolor=#027777] [r=2 c=85 rs=1 cs=1]
              RenderInline {FONT} at (0,0) size 3x11
                RenderText {#text} at (0,0) size 3x11
                  text run at (0,0) width 3: " "
            RenderTableCell {TD} at (258,22) size 3x11 [bgcolor=#027777] [r=2 c=86 rs=1 cs=1]
              RenderInline {FONT} at (0,0) size 3x11
                RenderText {#text} at (0,0) size 3x11
                  text run at (0,0) width 3: " "
            RenderTableCell {TD} at (261,22) size 3x11 [bgcolor=#027777] [r=2 c=87 rs=1 cs=1]
              RenderInline {FONT} at (0,0) size 3x11
                RenderText {#text} at (0,0) size 3x11
                  text run at (0,0) width 3: " "
            RenderTableCell {TD} at (264,22) size 3x11 [bgcolor=#027777] [r=2 c=88 rs=1 cs=1]
              RenderInline {FONT} at (0,0) size 3x11
                RenderText {#text} at (0,0) size 3x11
                  text run at (0,0) width 3: " "
            RenderTableCell {TD} at (267,22) size 3x11 [bgcolor=#027777] [r=2 c=89 rs=1 cs=1]
              RenderInline {FONT} at (0,0) size 3x11
                RenderText {#text} at (0,0) size 3x11
                  text run at (0,0) width 3: " "
            RenderTableCell {TD} at (270,22) size 3x11 [bgcolor=#027777] [r=2 c=90 rs=1 cs=1]
              RenderInline {FONT} at (0,0) size 3x11
                RenderText {#text} at (0,0) size 3x11
                  text run at (0,0) width 3: " "
            RenderTableCell {TD} at (273,22) size 3x11 [bgcolor=#027777] [r=2 c=91 rs=1 cs=1]
              RenderInline {FONT} at (0,0) size 3x11
                RenderText {#text} at (0,0) size 3x11
                  text run at (0,0) width 3: " "
            RenderTableCell {TD} at (276,22) size 3x11 [bgcolor=#026766] [r=2 c=92 rs=1 cs=1]
              RenderInline {FONT} at (0,0) size 3x11
                RenderText {#text} at (0,0) size 3x11
                  text run at (0,0) width 3: " "
            RenderTableCell {TD} at (279,22) size 3x11 [bgcolor=#044F4F] [r=2 c=93 rs=1 cs=1]
              RenderInline {FONT} at (0,0) size 3x11
                RenderText {#text} at (0,0) size 3x11
                  text run at (0,0) width 3: " "
            RenderTableCell {TD} at (282,22) size 3x11 [bgcolor=#647979] [r=2 c=94 rs=1 cs=1]
              RenderInline {FONT} at (0,0) size 3x11
                RenderText {#text} at (0,0) size 3x11
                  text run at (0,0) width 3: " "
            RenderTableCell {TD} at (285,22) size 3x11 [bgcolor=#BEC2C2] [r=2 c=95 rs=1 cs=1]
              RenderInline {FONT} at (0,0) size 3x11
                RenderText {#text} at (0,0) size 3x11
                  text run at (0,0) width 3: " "
            RenderTableCell {TD} at (288,22) size 3x11 [bgcolor=#E0EAE9] [r=2 c=96 rs=1 cs=1]
              RenderInline {FONT} at (0,0) size 3x11
                RenderText {#text} at (0,0) size 3x11
                  text run at (0,0) width 3: " "
            RenderTableCell {TD} at (291,22) size 3x11 [bgcolor=#FDFDFB] [r=2 c=97 rs=1 cs=1]
              RenderInline {FONT} at (0,0) size 3x11
                RenderText {#text} at (0,0) size 3x11
                  text run at (0,0) width 3: " "
            RenderTableCell {TD} at (294,22) size 3x11 [bgcolor=#FDFDFB] [r=2 c=98 rs=1 cs=1]
              RenderInline {FONT} at (0,0) size 3x11
                RenderText {#text} at (0,0) size 3x11
                  text run at (0,0) width 3: " "
            RenderTableCell {TD} at (297,22) size 3x11 [bgcolor=#FDFDFB] [r=2 c=99 rs=1 cs=1]
              RenderInline {FONT} at (0,0) size 3x11
                RenderText {#text} at (0,0) size 3x11
                  text run at (0,0) width 3: " "
          RenderTableRow {TR} at (0,33) size 300x11
            RenderTableCell {TD} at (0,33) size 3x11 [bgcolor=#FDFDFB] [r=3 c=0 rs=1 cs=1]
              RenderInline {FONT} at (0,0) size 3x11
                RenderText {#text} at (0,0) size 3x11
                  text run at (0,0) width 3: " "
            RenderTableCell {TD} at (3,33) size 3x11 [bgcolor=#FDFDFB] [r=3 c=1 rs=1 cs=1]
              RenderInline {FONT} at (0,0) size 3x11
                RenderText {#text} at (0,0) size 3x11
                  text run at (0,0) width 3: " "
            RenderTableCell {TD} at (6,33) size 3x11 [bgcolor=#FDFDFB] [r=3 c=2 rs=1 cs=1]
              RenderInline {FONT} at (0,0) size 3x11
                RenderText {#text} at (0,0) size 3x11
                  text run at (0,0) width 3: " "
            RenderTableCell {TD} at (9,33) size 3x11 [bgcolor=#FDFDFB] [r=3 c=3 rs=1 cs=1]
              RenderInline {FONT} at (0,0) size 3x11
                RenderText {#text} at (0,0) size 3x11
                  text run at (0,0) width 3: " "
            RenderTableCell {TD} at (12,33) size 3x11 [bgcolor=#FDFDFB] [r=3 c=4 rs=1 cs=1]
              RenderInline {FONT} at (0,0) size 3x11
                RenderText {#text} at (0,0) size 3x11
                  text run at (0,0) width 3: " "
            RenderTableCell {TD} at (15,33) size 3x11 [bgcolor=#66BABC] [r=3 c=5 rs=1 cs=1]
              RenderInline {FONT} at (0,0) size 3x11
                RenderText {#text} at (0,0) size 3x11
                  text run at (0,0) width 3: " "
            RenderTableCell {TD} at (18,33) size 3x11 [bgcolor=#158E8C] [r=3 c=6 rs=1 cs=1]
              RenderInline {FONT} at (0,0) size 3x11
                RenderText {#text} at (0,0) size 3x11
                  text run at (0,0) width 3: " "
            RenderTableCell {TD} at (21,33) size 3x11 [bgcolor=#048485] [r=3 c=7 rs=1 cs=1]
              RenderInline {FONT} at (0,0) size 3x11
                RenderText {#text} at (0,0) size 3x11
                  text run at (0,0) width 3: " "
            RenderTableCell {TD} at (24,33) size 3x11 [bgcolor=#027777] [r=3 c=8 rs=1 cs=1]
              RenderInline {FONT} at (0,0) size 3x11
                RenderText {#text} at (0,0) size 3x11
                  text run at (0,0) width 3: " "
            RenderTableCell {TD} at (27,33) size 3x11 [bgcolor=#027777] [r=3 c=9 rs=1 cs=1]
              RenderInline {FONT} at (0,0) size 3x11
                RenderText {#text} at (0,0) size 3x11
                  text run at (0,0) width 3: " "
            RenderTableCell {TD} at (30,33) size 3x11 [bgcolor=#026766] [r=3 c=10 rs=1 cs=1]
              RenderInline {FONT} at (0,0) size 3x11
                RenderText {#text} at (0,0) size 3x11
                  text run at (0,0) width 3: " "
            RenderTableCell {TD} at (33,33) size 3x11 [bgcolor=#026766] [r=3 c=11 rs=1 cs=1]
              RenderInline {FONT} at (0,0) size 3x11
                RenderText {#text} at (0,0) size 3x11
                  text run at (0,0) width 3: " "
            RenderTableCell {TD} at (36,33) size 3x11 [bgcolor=#025E5E] [r=3 c=12 rs=1 cs=1]
              RenderInline {FONT} at (0,0) size 3x11
                RenderText {#text} at (0,0) size 3x11
                  text run at (0,0) width 3: " "
            RenderTableCell {TD} at (39,33) size 3x11 [bgcolor=#044F4F] [r=3 c=13 rs=1 cs=1]
              RenderInline {FONT} at (0,0) size 3x11
                RenderText {#text} at (0,0) size 3x11
                  text run at (0,0) width 3: " "
            RenderTableCell {TD} at (42,33) size 3x11 [bgcolor=#044140] [r=3 c=14 rs=1 cs=1]
              RenderInline {FONT} at (0,0) size 3x11
                RenderText {#text} at (0,0) size 3x11
                  text run at (0,0) width 3: " "
            RenderTableCell {TD} at (45,33) size 3x11 [bgcolor=#223C3D] [r=3 c=15 rs=1 cs=1]
              RenderInline {FONT} at (0,0) size 3x11
                RenderText {#text} at (0,0) size 3x11
                  text run at (0,0) width 3: " "
            RenderTableCell {TD} at (48,33) size 3x11 [bgcolor=#344C4E] [r=3 c=16 rs=1 cs=1]
              RenderInline {FONT} at (0,0) size 3x11
                RenderText {#text} at (0,0) size 3x11
                  text run at (0,0) width 3: " "
            RenderTableCell {TD} at (51,33) size 3x11 [bgcolor=#4D4F4F] [r=3 c=17 rs=1 cs=1]
              RenderInline {FONT} at (0,0) size 3x11
                RenderText {#text} at (0,0) size 3x11
                  text run at (0,0) width 3: " "
            RenderTableCell {TD} at (54,33) size 3x11 [bgcolor=#1A5C5C] [r=3 c=18 rs=1 cs=1]
              RenderInline {FONT} at (0,0) size 3x11
                RenderText {#text} at (0,0) size 3x11
                  text run at (0,0) width 3: " "
            RenderTableCell {TD} at (57,33) size 3x11 [bgcolor=#026766] [r=3 c=19 rs=1 cs=1]
              RenderInline {FONT} at (0,0) size 3x11
                RenderText {#text} at (0,0) size 3x11
                  text run at (0,0) width 3: " "
            RenderTableCell {TD} at (60,33) size 3x11 [bgcolor=#026766] [r=3 c=20 rs=1 cs=1]
              RenderInline {FONT} at (0,0) size 3x11
                RenderText {#text} at (0,0) size 3x11
                  text run at (0,0) width 3: " "
            RenderTableCell {TD} at (63,33) size 3x11 [bgcolor=#026766] [r=3 c=21 rs=1 cs=1]
              RenderInline {FONT} at (0,0) size 3x11
                RenderText {#text} at (0,0) size 3x11
                  text run at (0,0) width 3: " "
            RenderTableCell {TD} at (66,33) size 3x11 [bgcolor=#026766] [r=3 c=22 rs=1 cs=1]
              RenderInline {FONT} at (0,0) size 3x11
                RenderText {#text} at (0,0) size 3x11
                  text run at (0,0) width 3: " "
            RenderTableCell {TD} at (69,33) size 3x11 [bgcolor=#026766] [r=3 c=23 rs=1 cs=1]
              RenderInline {FONT} at (0,0) size 3x11
                RenderText {#text} at (0,0) size 3x11
                  text run at (0,0) width 3: " "
            RenderTableCell {TD} at (72,33) size 3x11 [bgcolor=#026766] [r=3 c=24 rs=1 cs=1]
              RenderInline {FONT} at (0,0) size 3x11
                RenderText {#text} at (0,0) size 3x11
                  text run at (0,0) width 3: " "
            RenderTableCell {TD} at (75,33) size 3x11 [bgcolor=#026766] [r=3 c=25 rs=1 cs=1]
              RenderInline {FONT} at (0,0) size 3x11
                RenderText {#text} at (0,0) size 3x11
                  text run at (0,0) width 3: " "
            RenderTableCell {TD} at (78,33) size 3x11 [bgcolor=#025E5E] [r=3 c=26 rs=1 cs=1]
              RenderInline {FONT} at (0,0) size 3x11
                RenderText {#text} at (0,0) size 3x11
                  text run at (0,0) width 3: " "
            RenderTableCell {TD} at (81,33) size 3x11 [bgcolor=#1A6B6A] [r=3 c=27 rs=1 cs=1]
              RenderInline {FONT} at (0,0) size 3x11
                RenderText {#text} at (0,0) size 3x11
                  text run at (0,0) width 3: " "
            RenderTableCell {TD} at (84,33) size 3x11 [bgcolor=#7B918F] [r=3 c=28 rs=1 cs=1]
              RenderInline {FONT} at (0,0) size 3x11
                RenderText {#text} at (0,0) size 3x11
                  text run at (0,0) width 3: " "
            RenderTableCell {TD} at (87,33) size 3x11 [bgcolor=#A5A6A6] [r=3 c=29 rs=1 cs=1]
              RenderInline {FONT} at (0,0) size 3x11
                RenderText {#text} at (0,0) size 3x11
                  text run at (0,0) width 3: " "
            RenderTableCell {TD} at (90,33) size 3x11 [bgcolor=#B4B4B4] [r=3 c=30 rs=1 cs=1]
              RenderInline {FONT} at (0,0) size 3x11
                RenderText {#text} at (0,0) size 3x11
                  text run at (0,0) width 3: " "
            RenderTableCell {TD} at (93,33) size 3x11 [bgcolor=#B4B4B4] [r=3 c=31 rs=1 cs=1]
              RenderInline {FONT} at (0,0) size 3x11
                RenderText {#text} at (0,0) size 3x11
                  text run at (0,0) width 3: " "
            RenderTableCell {TD} at (96,33) size 3x11 [bgcolor=#B4B4B4] [r=3 c=32 rs=1 cs=1]
              RenderInline {FONT} at (0,0) size 3x11
                RenderText {#text} at (0,0) size 3x11
                  text run at (0,0) width 3: " "
            RenderTableCell {TD} at (99,33) size 3x11 [bgcolor=#B4B4B4] [r=3 c=33 rs=1 cs=1]
              RenderInline {FONT} at (0,0) size 3x11
                RenderText {#text} at (0,0) size 3x11
                  text run at (0,0) width 3: " "
            RenderTableCell {TD} at (102,33) size 3x11 [bgcolor=#B4B4B4] [r=3 c=34 rs=1 cs=1]
              RenderInline {FONT} at (0,0) size 3x11
                RenderText {#text} at (0,0) size 3x11
                  text run at (0,0) width 3: " "
            RenderTableCell {TD} at (105,33) size 3x11 [bgcolor=#A2B5B4] [r=3 c=35 rs=1 cs=1]
              RenderInline {FONT} at (0,0) size 3x11
                RenderText {#text} at (0,0) size 3x11
                  text run at (0,0) width 3: " "
            RenderTableCell {TD} at (108,33) size 3x11 [bgcolor=#048485] [r=3 c=36 rs=1 cs=1]
              RenderInline {FONT} at (0,0) size 3x11
                RenderText {#text} at (0,0) size 3x11
                  text run at (0,0) width 3: " "
            RenderTableCell {TD} at (111,33) size 3x11 [bgcolor=#027777] [r=3 c=37 rs=1 cs=1]
              RenderInline {FONT} at (0,0) size 3x11
                RenderText {#text} at (0,0) size 3x11
                  text run at (0,0) width 3: " "
            RenderTableCell {TD} at (114,33) size 3x11 [bgcolor=#026766] [r=3 c=38 rs=1 cs=1]
              RenderInline {FONT} at (0,0) size 3x11
                RenderText {#text} at (0,0) size 3x11
                  text run at (0,0) width 3: " "
            RenderTableCell {TD} at (117,33) size 3x11 [bgcolor=#026766] [r=3 c=39 rs=1 cs=1]
              RenderInline {FONT} at (0,0) size 3x11
                RenderText {#text} at (0,0) size 3x11
                  text run at (0,0) width 3: " "
            RenderTableCell {TD} at (120,33) size 3x11 [bgcolor=#026766] [r=3 c=40 rs=1 cs=1]
              RenderInline {FONT} at (0,0) size 3x11
                RenderText {#text} at (0,0) size 3x11
                  text run at (0,0) width 3: " "
            RenderTableCell {TD} at (123,33) size 3x11 [bgcolor=#026766] [r=3 c=41 rs=1 cs=1]
              RenderInline {FONT} at (0,0) size 3x11
                RenderText {#text} at (0,0) size 3x11
                  text run at (0,0) width 3: " "
            RenderTableCell {TD} at (126,33) size 3x11 [bgcolor=#026766] [r=3 c=42 rs=1 cs=1]
              RenderInline {FONT} at (0,0) size 3x11
                RenderText {#text} at (0,0) size 3x11
                  text run at (0,0) width 3: " "
            RenderTableCell {TD} at (129,33) size 3x11 [bgcolor=#026766] [r=3 c=43 rs=1 cs=1]
              RenderInline {FONT} at (0,0) size 3x11
                RenderText {#text} at (0,0) size 3x11
                  text run at (0,0) width 3: " "
            RenderTableCell {TD} at (132,33) size 3x11 [bgcolor=#026766] [r=3 c=44 rs=1 cs=1]
              RenderInline {FONT} at (0,0) size 3x11
                RenderText {#text} at (0,0) size 3x11
                  text run at (0,0) width 3: " "
            RenderTableCell {TD} at (135,33) size 3x11 [bgcolor=#026766] [r=3 c=45 rs=1 cs=1]
              RenderInline {FONT} at (0,0) size 3x11
                RenderText {#text} at (0,0) size 3x11
                  text run at (0,0) width 3: " "
            RenderTableCell {TD} at (138,33) size 3x11 [bgcolor=#026766] [r=3 c=46 rs=1 cs=1]
              RenderInline {FONT} at (0,0) size 3x11
                RenderText {#text} at (0,0) size 3x11
                  text run at (0,0) width 3: " "
            RenderTableCell {TD} at (141,33) size 3x11 [bgcolor=#026766] [r=3 c=47 rs=1 cs=1]
              RenderInline {FONT} at (0,0) size 3x11
                RenderText {#text} at (0,0) size 3x11
                  text run at (0,0) width 3: " "
            RenderTableCell {TD} at (144,33) size 3x11 [bgcolor=#026766] [r=3 c=48 rs=1 cs=1]
              RenderInline {FONT} at (0,0) size 3x11
                RenderText {#text} at (0,0) size 3x11
                  text run at (0,0) width 3: " "
            RenderTableCell {TD} at (147,33) size 3x11 [bgcolor=#026766] [r=3 c=49 rs=1 cs=1]
              RenderInline {FONT} at (0,0) size 3x11
                RenderText {#text} at (0,0) size 3x11
                  text run at (0,0) width 3: " "
            RenderTableCell {TD} at (150,33) size 3x11 [bgcolor=#026766] [r=3 c=50 rs=1 cs=1]
              RenderInline {FONT} at (0,0) size 3x11
                RenderText {#text} at (0,0) size 3x11
                  text run at (0,0) width 3: " "
            RenderTableCell {TD} at (153,33) size 3x11 [bgcolor=#026766] [r=3 c=51 rs=1 cs=1]
              RenderInline {FONT} at (0,0) size 3x11
                RenderText {#text} at (0,0) size 3x11
                  text run at (0,0) width 3: " "
            RenderTableCell {TD} at (156,33) size 3x11 [bgcolor=#026766] [r=3 c=52 rs=1 cs=1]
              RenderInline {FONT} at (0,0) size 3x11
                RenderText {#text} at (0,0) size 3x11
                  text run at (0,0) width 3: " "
            RenderTableCell {TD} at (159,33) size 3x11 [bgcolor=#027777] [r=3 c=53 rs=1 cs=1]
              RenderInline {FONT} at (0,0) size 3x11
                RenderText {#text} at (0,0) size 3x11
                  text run at (0,0) width 3: " "
            RenderTableCell {TD} at (162,33) size 3x11 [bgcolor=#026766] [r=3 c=54 rs=1 cs=1]
              RenderInline {FONT} at (0,0) size 3x11
                RenderText {#text} at (0,0) size 3x11
                  text run at (0,0) width 3: " "
            RenderTableCell {TD} at (165,33) size 3x11 [bgcolor=#044F4F] [r=3 c=55 rs=1 cs=1]
              RenderInline {FONT} at (0,0) size 3x11
                RenderText {#text} at (0,0) size 3x11
                  text run at (0,0) width 3: " "
            RenderTableCell {TD} at (168,33) size 3x11 [bgcolor=#044140] [r=3 c=56 rs=1 cs=1]
              RenderInline {FONT} at (0,0) size 3x11
                RenderText {#text} at (0,0) size 3x11
                  text run at (0,0) width 3: " "
            RenderTableCell {TD} at (171,33) size 3x11 [bgcolor=#515C5B] [r=3 c=57 rs=1 cs=1]
              RenderInline {FONT} at (0,0) size 3x11
                RenderText {#text} at (0,0) size 3x11
                  text run at (0,0) width 3: " "
            RenderTableCell {TD} at (174,33) size 3x11 [bgcolor=#848788] [r=3 c=58 rs=1 cs=1]
              RenderInline {FONT} at (0,0) size 3x11
                RenderText {#text} at (0,0) size 3x11
                  text run at (0,0) width 3: " "
            RenderTableCell {TD} at (177,33) size 3x11 [bgcolor=#A5A6A6] [r=3 c=59 rs=1 cs=1]
              RenderInline {FONT} at (0,0) size 3x11
                RenderText {#text} at (0,0) size 3x11
                  text run at (0,0) width 3: " "
            RenderTableCell {TD} at (180,33) size 3x11 [bgcolor=#B4B4B4] [r=3 c=60 rs=1 cs=1]
              RenderInline {FONT} at (0,0) size 3x11
                RenderText {#text} at (0,0) size 3x11
                  text run at (0,0) width 3: " "
            RenderTableCell {TD} at (183,33) size 3x11 [bgcolor=#B4B4B4] [r=3 c=61 rs=1 cs=1]
              RenderInline {FONT} at (0,0) size 3x11
                RenderText {#text} at (0,0) size 3x11
                  text run at (0,0) width 3: " "
            RenderTableCell {TD} at (186,33) size 3x11 [bgcolor=#B4B4B4] [r=3 c=62 rs=1 cs=1]
              RenderInline {FONT} at (0,0) size 3x11
                RenderText {#text} at (0,0) size 3x11
                  text run at (0,0) width 3: " "
            RenderTableCell {TD} at (189,33) size 3x11 [bgcolor=#B4B4B4] [r=3 c=63 rs=1 cs=1]
              RenderInline {FONT} at (0,0) size 3x11
                RenderText {#text} at (0,0) size 3x11
                  text run at (0,0) width 3: " "
            RenderTableCell {TD} at (192,33) size 3x11 [bgcolor=#72A3A1] [r=3 c=64 rs=1 cs=1]
              RenderInline {FONT} at (0,0) size 3x11
                RenderText {#text} at (0,0) size 3x11
                  text run at (0,0) width 3: " "
            RenderTableCell {TD} at (195,33) size 3x11 [bgcolor=#158E8C] [r=3 c=65 rs=1 cs=1]
              RenderInline {FONT} at (0,0) size 3x11
                RenderText {#text} at (0,0) size 3x11
                  text run at (0,0) width 3: " "
            RenderTableCell {TD} at (198,33) size 3x11 [bgcolor=#048485] [r=3 c=66 rs=1 cs=1]
              RenderInline {FONT} at (0,0) size 3x11
                RenderText {#text} at (0,0) size 3x11
                  text run at (0,0) width 3: " "
            RenderTableCell {TD} at (201,33) size 3x11 [bgcolor=#048485] [r=3 c=67 rs=1 cs=1]
              RenderInline {FONT} at (0,0) size 3x11
                RenderText {#text} at (0,0) size 3x11
                  text run at (0,0) width 3: " "
            RenderTableCell {TD} at (204,33) size 3x11 [bgcolor=#027777] [r=3 c=68 rs=1 cs=1]
              RenderInline {FONT} at (0,0) size 3x11
                RenderText {#text} at (0,0) size 3x11
                  text run at (0,0) width 3: " "
            RenderTableCell {TD} at (207,33) size 3x11 [bgcolor=#027777] [r=3 c=69 rs=1 cs=1]
              RenderInline {FONT} at (0,0) size 3x11
                RenderText {#text} at (0,0) size 3x11
                  text run at (0,0) width 3: " "
            RenderTableCell {TD} at (210,33) size 3x11 [bgcolor=#027777] [r=3 c=70 rs=1 cs=1]
              RenderInline {FONT} at (0,0) size 3x11
                RenderText {#text} at (0,0) size 3x11
                  text run at (0,0) width 3: " "
            RenderTableCell {TD} at (213,33) size 3x11 [bgcolor=#026766] [r=3 c=71 rs=1 cs=1]
              RenderInline {FONT} at (0,0) size 3x11
                RenderText {#text} at (0,0) size 3x11
                  text run at (0,0) width 3: " "
            RenderTableCell {TD} at (216,33) size 3x11 [bgcolor=#026766] [r=3 c=72 rs=1 cs=1]
              RenderInline {FONT} at (0,0) size 3x11
                RenderText {#text} at (0,0) size 3x11
                  text run at (0,0) width 3: " "
            RenderTableCell {TD} at (219,33) size 3x11 [bgcolor=#026766] [r=3 c=73 rs=1 cs=1]
              RenderInline {FONT} at (0,0) size 3x11
                RenderText {#text} at (0,0) size 3x11
                  text run at (0,0) width 3: " "
            RenderTableCell {TD} at (222,33) size 3x11 [bgcolor=#025E5E] [r=3 c=74 rs=1 cs=1]
              RenderInline {FONT} at (0,0) size 3x11
                RenderText {#text} at (0,0) size 3x11
                  text run at (0,0) width 3: " "
            RenderTableCell {TD} at (225,33) size 3x11 [bgcolor=#025E5E] [r=3 c=75 rs=1 cs=1]
              RenderInline {FONT} at (0,0) size 3x11
                RenderText {#text} at (0,0) size 3x11
                  text run at (0,0) width 3: " "
            RenderTableCell {TD} at (228,33) size 3x11 [bgcolor=#025E5E] [r=3 c=76 rs=1 cs=1]
              RenderInline {FONT} at (0,0) size 3x11
                RenderText {#text} at (0,0) size 3x11
                  text run at (0,0) width 3: " "
            RenderTableCell {TD} at (231,33) size 3x11 [bgcolor=#025E5E] [r=3 c=77 rs=1 cs=1]
              RenderInline {FONT} at (0,0) size 3x11
                RenderText {#text} at (0,0) size 3x11
                  text run at (0,0) width 3: " "
            RenderTableCell {TD} at (234,33) size 3x11 [bgcolor=#026766] [r=3 c=78 rs=1 cs=1]
              RenderInline {FONT} at (0,0) size 3x11
                RenderText {#text} at (0,0) size 3x11
                  text run at (0,0) width 3: " "
            RenderTableCell {TD} at (237,33) size 3x11 [bgcolor=#026766] [r=3 c=79 rs=1 cs=1]
              RenderInline {FONT} at (0,0) size 3x11
                RenderText {#text} at (0,0) size 3x11
                  text run at (0,0) width 3: " "
            RenderTableCell {TD} at (240,33) size 3x11 [bgcolor=#026766] [r=3 c=80 rs=1 cs=1]
              RenderInline {FONT} at (0,0) size 3x11
                RenderText {#text} at (0,0) size 3x11
                  text run at (0,0) width 3: " "
            RenderTableCell {TD} at (243,33) size 3x11 [bgcolor=#026766] [r=3 c=81 rs=1 cs=1]
              RenderInline {FONT} at (0,0) size 3x11
                RenderText {#text} at (0,0) size 3x11
                  text run at (0,0) width 3: " "
            RenderTableCell {TD} at (246,33) size 3x11 [bgcolor=#026766] [r=3 c=82 rs=1 cs=1]
              RenderInline {FONT} at (0,0) size 3x11
                RenderText {#text} at (0,0) size 3x11
                  text run at (0,0) width 3: " "
            RenderTableCell {TD} at (249,33) size 3x11 [bgcolor=#026766] [r=3 c=83 rs=1 cs=1]
              RenderInline {FONT} at (0,0) size 3x11
                RenderText {#text} at (0,0) size 3x11
                  text run at (0,0) width 3: " "
            RenderTableCell {TD} at (252,33) size 3x11 [bgcolor=#026766] [r=3 c=84 rs=1 cs=1]
              RenderInline {FONT} at (0,0) size 3x11
                RenderText {#text} at (0,0) size 3x11
                  text run at (0,0) width 3: " "
            RenderTableCell {TD} at (255,33) size 3x11 [bgcolor=#026766] [r=3 c=85 rs=1 cs=1]
              RenderInline {FONT} at (0,0) size 3x11
                RenderText {#text} at (0,0) size 3x11
                  text run at (0,0) width 3: " "
            RenderTableCell {TD} at (258,33) size 3x11 [bgcolor=#026766] [r=3 c=86 rs=1 cs=1]
              RenderInline {FONT} at (0,0) size 3x11
                RenderText {#text} at (0,0) size 3x11
                  text run at (0,0) width 3: " "
            RenderTableCell {TD} at (261,33) size 3x11 [bgcolor=#026766] [r=3 c=87 rs=1 cs=1]
              RenderInline {FONT} at (0,0) size 3x11
                RenderText {#text} at (0,0) size 3x11
                  text run at (0,0) width 3: " "
            RenderTableCell {TD} at (264,33) size 3x11 [bgcolor=#026766] [r=3 c=88 rs=1 cs=1]
              RenderInline {FONT} at (0,0) size 3x11
                RenderText {#text} at (0,0) size 3x11
                  text run at (0,0) width 3: " "
            RenderTableCell {TD} at (267,33) size 3x11 [bgcolor=#026766] [r=3 c=89 rs=1 cs=1]
              RenderInline {FONT} at (0,0) size 3x11
                RenderText {#text} at (0,0) size 3x11
                  text run at (0,0) width 3: " "
            RenderTableCell {TD} at (270,33) size 3x11 [bgcolor=#026766] [r=3 c=90 rs=1 cs=1]
              RenderInline {FONT} at (0,0) size 3x11
                RenderText {#text} at (0,0) size 3x11
                  text run at (0,0) width 3: " "
            RenderTableCell {TD} at (273,33) size 3x11 [bgcolor=#026766] [r=3 c=91 rs=1 cs=1]
              RenderInline {FONT} at (0,0) size 3x11
                RenderText {#text} at (0,0) size 3x11
                  text run at (0,0) width 3: " "
            RenderTableCell {TD} at (276,33) size 3x11 [bgcolor=#025E5E] [r=3 c=92 rs=1 cs=1]
              RenderInline {FONT} at (0,0) size 3x11
                RenderText {#text} at (0,0) size 3x11
                  text run at (0,0) width 3: " "
            RenderTableCell {TD} at (279,33) size 3x11 [bgcolor=#044140] [r=3 c=93 rs=1 cs=1]
              RenderInline {FONT} at (0,0) size 3x11
                RenderText {#text} at (0,0) size 3x11
                  text run at (0,0) width 3: " "
            RenderTableCell {TD} at (282,33) size 3x11 [bgcolor=#344C4E] [r=3 c=94 rs=1 cs=1]
              RenderInline {FONT} at (0,0) size 3x11
                RenderText {#text} at (0,0) size 3x11
                  text run at (0,0) width 3: " "
            RenderTableCell {TD} at (285,33) size 3x11 [bgcolor=#777878] [r=3 c=95 rs=1 cs=1]
              RenderInline {FONT} at (0,0) size 3x11
                RenderText {#text} at (0,0) size 3x11
                  text run at (0,0) width 3: " "
            RenderTableCell {TD} at (288,33) size 3x11 [bgcolor=#91A3A3] [r=3 c=96 rs=1 cs=1]
              RenderInline {FONT} at (0,0) size 3x11
                RenderText {#text} at (0,0) size 3x11
                  text run at (0,0) width 3: " "
            RenderTableCell {TD} at (291,33) size 3x11 [bgcolor=#B4B4B4] [r=3 c=97 rs=1 cs=1]
              RenderInline {FONT} at (0,0) size 3x11
                RenderText {#text} at (0,0) size 3x11
                  text run at (0,0) width 3: " "
            RenderTableCell {TD} at (294,33) size 3x11 [bgcolor=#A5A6A6] [r=3 c=98 rs=1 cs=1]
              RenderInline {FONT} at (0,0) size 3x11
                RenderText {#text} at (0,0) size 3x11
                  text run at (0,0) width 3: " "
            RenderTableCell {TD} at (297,33) size 3x11 [bgcolor=#848788] [r=3 c=99 rs=1 cs=1]
              RenderInline {FONT} at (0,0) size 3x11
                RenderText {#text} at (0,0) size 3x11
                  text run at (0,0) width 3: " "
          RenderTableRow {TR} at (0,44) size 300x11
            RenderTableCell {TD} at (0,44) size 3x11 [bgcolor=#FDFDFB] [r=4 c=0 rs=1 cs=1]
              RenderInline {FONT} at (0,0) size 3x11
                RenderText {#text} at (0,0) size 3x11
                  text run at (0,0) width 3: " "
            RenderTableCell {TD} at (3,44) size 3x11 [bgcolor=#FDFDFB] [r=4 c=1 rs=1 cs=1]
              RenderInline {FONT} at (0,0) size 3x11
                RenderText {#text} at (0,0) size 3x11
                  text run at (0,0) width 3: " "
            RenderTableCell {TD} at (6,44) size 3x11 [bgcolor=#FDFDFB] [r=4 c=2 rs=1 cs=1]
              RenderInline {FONT} at (0,0) size 3x11
                RenderText {#text} at (0,0) size 3x11
                  text run at (0,0) width 3: " "
            RenderTableCell {TD} at (9,44) size 3x11 [bgcolor=#EDEEEF] [r=4 c=3 rs=1 cs=1]
              RenderInline {FONT} at (0,0) size 3x11
                RenderText {#text} at (0,0) size 3x11
                  text run at (0,0) width 3: " "
            RenderTableCell {TD} at (12,44) size 3x11 [bgcolor=#66BABC] [r=4 c=4 rs=1 cs=1]
              RenderInline {FONT} at (0,0) size 3x11
                RenderText {#text} at (0,0) size 3x11
                  text run at (0,0) width 3: " "
            RenderTableCell {TD} at (15,44) size 3x11 [bgcolor=#048485] [r=4 c=5 rs=1 cs=1]
              RenderInline {FONT} at (0,0) size 3x11
                RenderText {#text} at (0,0) size 3x11
                  text run at (0,0) width 3: " "
            RenderTableCell {TD} at (18,44) size 3x11 [bgcolor=#048485] [r=4 c=6 rs=1 cs=1]
              RenderInline {FONT} at (0,0) size 3x11
                RenderText {#text} at (0,0) size 3x11
                  text run at (0,0) width 3: " "
            RenderTableCell {TD} at (21,44) size 3x11 [bgcolor=#027777] [r=4 c=7 rs=1 cs=1]
              RenderInline {FONT} at (0,0) size 3x11
                RenderText {#text} at (0,0) size 3x11
                  text run at (0,0) width 3: " "
            RenderTableCell {TD} at (24,44) size 3x11 [bgcolor=#026766] [r=4 c=8 rs=1 cs=1]
              RenderInline {FONT} at (0,0) size 3x11
                RenderText {#text} at (0,0) size 3x11
                  text run at (0,0) width 3: " "
            RenderTableCell {TD} at (27,44) size 3x11 [bgcolor=#026766] [r=4 c=9 rs=1 cs=1]
              RenderInline {FONT} at (0,0) size 3x11
                RenderText {#text} at (0,0) size 3x11
                  text run at (0,0) width 3: " "
            RenderTableCell {TD} at (30,44) size 3x11 [bgcolor=#026766] [r=4 c=10 rs=1 cs=1]
              RenderInline {FONT} at (0,0) size 3x11
                RenderText {#text} at (0,0) size 3x11
                  text run at (0,0) width 3: " "
            RenderTableCell {TD} at (33,44) size 3x11 [bgcolor=#026766] [r=4 c=11 rs=1 cs=1]
              RenderInline {FONT} at (0,0) size 3x11
                RenderText {#text} at (0,0) size 3x11
                  text run at (0,0) width 3: " "
            RenderTableCell {TD} at (36,44) size 3x11 [bgcolor=#025E5E] [r=4 c=12 rs=1 cs=1]
              RenderInline {FONT} at (0,0) size 3x11
                RenderText {#text} at (0,0) size 3x11
                  text run at (0,0) width 3: " "
            RenderTableCell {TD} at (39,44) size 3x11 [bgcolor=#044140] [r=4 c=13 rs=1 cs=1]
              RenderInline {FONT} at (0,0) size 3x11
                RenderText {#text} at (0,0) size 3x11
                  text run at (0,0) width 3: " "
            RenderTableCell {TD} at (42,44) size 3x11 [bgcolor=#083131] [r=4 c=14 rs=1 cs=1]
              RenderInline {FONT} at (0,0) size 3x11
                RenderText {#text} at (0,0) size 3x11
                  text run at (0,0) width 3: " "
            RenderTableCell {TD} at (45,44) size 3x11 [bgcolor=#3D4242] [r=4 c=15 rs=1 cs=1]
              RenderInline {FONT} at (0,0) size 3x11
                RenderText {#text} at (0,0) size 3x11
                  text run at (0,0) width 3: " "
            RenderTableCell {TD} at (48,44) size 3x11 [bgcolor=#515C5B] [r=4 c=16 rs=1 cs=1]
              RenderInline {FONT} at (0,0) size 3x11
                RenderText {#text} at (0,0) size 3x11
                  text run at (0,0) width 3: " "
            RenderTableCell {TD} at (51,44) size 3x11 [bgcolor=#696A69] [r=4 c=17 rs=1 cs=1]
              RenderInline {FONT} at (0,0) size 3x11
                RenderText {#text} at (0,0) size 3x11
                  text run at (0,0) width 3: " "
            RenderTableCell {TD} at (54,44) size 3x11 [bgcolor=#526B6B] [r=4 c=18 rs=1 cs=1]
              RenderInline {FONT} at (0,0) size 3x11
                RenderText {#text} at (0,0) size 3x11
                  text run at (0,0) width 3: " "
            RenderTableCell {TD} at (57,44) size 3x11 [bgcolor=#026766] [r=4 c=19 rs=1 cs=1]
              RenderInline {FONT} at (0,0) size 3x11
                RenderText {#text} at (0,0) size 3x11
                  text run at (0,0) width 3: " "
            RenderTableCell {TD} at (60,44) size 3x11 [bgcolor=#026766] [r=4 c=20 rs=1 cs=1]
              RenderInline {FONT} at (0,0) size 3x11
                RenderText {#text} at (0,0) size 3x11
                  text run at (0,0) width 3: " "
            RenderTableCell {TD} at (63,44) size 3x11 [bgcolor=#026766] [r=4 c=21 rs=1 cs=1]
              RenderInline {FONT} at (0,0) size 3x11
                RenderText {#text} at (0,0) size 3x11
                  text run at (0,0) width 3: " "
            RenderTableCell {TD} at (66,44) size 3x11 [bgcolor=#026766] [r=4 c=22 rs=1 cs=1]
              RenderInline {FONT} at (0,0) size 3x11
                RenderText {#text} at (0,0) size 3x11
                  text run at (0,0) width 3: " "
            RenderTableCell {TD} at (69,44) size 3x11 [bgcolor=#026766] [r=4 c=23 rs=1 cs=1]
              RenderInline {FONT} at (0,0) size 3x11
                RenderText {#text} at (0,0) size 3x11
                  text run at (0,0) width 3: " "
            RenderTableCell {TD} at (72,44) size 3x11 [bgcolor=#026766] [r=4 c=24 rs=1 cs=1]
              RenderInline {FONT} at (0,0) size 3x11
                RenderText {#text} at (0,0) size 3x11
                  text run at (0,0) width 3: " "
            RenderTableCell {TD} at (75,44) size 3x11 [bgcolor=#026766] [r=4 c=25 rs=1 cs=1]
              RenderInline {FONT} at (0,0) size 3x11
                RenderText {#text} at (0,0) size 3x11
                  text run at (0,0) width 3: " "
            RenderTableCell {TD} at (78,44) size 3x11 [bgcolor=#026766] [r=4 c=26 rs=1 cs=1]
              RenderInline {FONT} at (0,0) size 3x11
                RenderText {#text} at (0,0) size 3x11
                  text run at (0,0) width 3: " "
            RenderTableCell {TD} at (81,44) size 3x11 [bgcolor=#025E5E] [r=4 c=27 rs=1 cs=1]
              RenderInline {FONT} at (0,0) size 3x11
                RenderText {#text} at (0,0) size 3x11
                  text run at (0,0) width 3: " "
            RenderTableCell {TD} at (84,44) size 3x11 [bgcolor=#025E5E] [r=4 c=28 rs=1 cs=1]
              RenderInline {FONT} at (0,0) size 3x11
                RenderText {#text} at (0,0) size 3x11
                  text run at (0,0) width 3: " "
            RenderTableCell {TD} at (87,44) size 3x11 [bgcolor=#647979] [r=4 c=29 rs=1 cs=1]
              RenderInline {FONT} at (0,0) size 3x11
                RenderText {#text} at (0,0) size 3x11
                  text run at (0,0) width 3: " "
            RenderTableCell {TD} at (90,44) size 3x11 [bgcolor=#939494] [r=4 c=30 rs=1 cs=1]
              RenderInline {FONT} at (0,0) size 3x11
                RenderText {#text} at (0,0) size 3x11
                  text run at (0,0) width 3: " "
            RenderTableCell {TD} at (93,44) size 3x11 [bgcolor=#A5A6A6] [r=4 c=31 rs=1 cs=1]
              RenderInline {FONT} at (0,0) size 3x11
                RenderText {#text} at (0,0) size 3x11
                  text run at (0,0) width 3: " "
            RenderTableCell {TD} at (96,44) size 3x11 [bgcolor=#A5A6A6] [r=4 c=32 rs=1 cs=1]
              RenderInline {FONT} at (0,0) size 3x11
                RenderText {#text} at (0,0) size 3x11
                  text run at (0,0) width 3: " "
            RenderTableCell {TD} at (99,44) size 3x11 [bgcolor=#B4B4B4] [r=4 c=33 rs=1 cs=1]
              RenderInline {FONT} at (0,0) size 3x11
                RenderText {#text} at (0,0) size 3x11
                  text run at (0,0) width 3: " "
            RenderTableCell {TD} at (102,44) size 3x11 [bgcolor=#B4B4B4] [r=4 c=34 rs=1 cs=1]
              RenderInline {FONT} at (0,0) size 3x11
                RenderText {#text} at (0,0) size 3x11
                  text run at (0,0) width 3: " "
            RenderTableCell {TD} at (105,44) size 3x11 [bgcolor=#91A3A3] [r=4 c=35 rs=1 cs=1]
              RenderInline {FONT} at (0,0) size 3x11
                RenderText {#text} at (0,0) size 3x11
                  text run at (0,0) width 3: " "
            RenderTableCell {TD} at (108,44) size 3x11 [bgcolor=#048485] [r=4 c=36 rs=1 cs=1]
              RenderInline {FONT} at (0,0) size 3x11
                RenderText {#text} at (0,0) size 3x11
                  text run at (0,0) width 3: " "
            RenderTableCell {TD} at (111,44) size 3x11 [bgcolor=#027777] [r=4 c=37 rs=1 cs=1]
              RenderInline {FONT} at (0,0) size 3x11
                RenderText {#text} at (0,0) size 3x11
                  text run at (0,0) width 3: " "
            RenderTableCell {TD} at (114,44) size 3x11 [bgcolor=#026766] [r=4 c=38 rs=1 cs=1]
              RenderInline {FONT} at (0,0) size 3x11
                RenderText {#text} at (0,0) size 3x11
                  text run at (0,0) width 3: " "
            RenderTableCell {TD} at (117,44) size 3x11 [bgcolor=#026766] [r=4 c=39 rs=1 cs=1]
              RenderInline {FONT} at (0,0) size 3x11
                RenderText {#text} at (0,0) size 3x11
                  text run at (0,0) width 3: " "
            RenderTableCell {TD} at (120,44) size 3x11 [bgcolor=#026766] [r=4 c=40 rs=1 cs=1]
              RenderInline {FONT} at (0,0) size 3x11
                RenderText {#text} at (0,0) size 3x11
                  text run at (0,0) width 3: " "
            RenderTableCell {TD} at (123,44) size 3x11 [bgcolor=#026766] [r=4 c=41 rs=1 cs=1]
              RenderInline {FONT} at (0,0) size 3x11
                RenderText {#text} at (0,0) size 3x11
                  text run at (0,0) width 3: " "
            RenderTableCell {TD} at (126,44) size 3x11 [bgcolor=#026766] [r=4 c=42 rs=1 cs=1]
              RenderInline {FONT} at (0,0) size 3x11
                RenderText {#text} at (0,0) size 3x11
                  text run at (0,0) width 3: " "
            RenderTableCell {TD} at (129,44) size 3x11 [bgcolor=#026766] [r=4 c=43 rs=1 cs=1]
              RenderInline {FONT} at (0,0) size 3x11
                RenderText {#text} at (0,0) size 3x11
                  text run at (0,0) width 3: " "
            RenderTableCell {TD} at (132,44) size 3x11 [bgcolor=#026766] [r=4 c=44 rs=1 cs=1]
              RenderInline {FONT} at (0,0) size 3x11
                RenderText {#text} at (0,0) size 3x11
                  text run at (0,0) width 3: " "
            RenderTableCell {TD} at (135,44) size 3x11 [bgcolor=#026766] [r=4 c=45 rs=1 cs=1]
              RenderInline {FONT} at (0,0) size 3x11
                RenderText {#text} at (0,0) size 3x11
                  text run at (0,0) width 3: " "
            RenderTableCell {TD} at (138,44) size 3x11 [bgcolor=#026766] [r=4 c=46 rs=1 cs=1]
              RenderInline {FONT} at (0,0) size 3x11
                RenderText {#text} at (0,0) size 3x11
                  text run at (0,0) width 3: " "
            RenderTableCell {TD} at (141,44) size 3x11 [bgcolor=#026766] [r=4 c=47 rs=1 cs=1]
              RenderInline {FONT} at (0,0) size 3x11
                RenderText {#text} at (0,0) size 3x11
                  text run at (0,0) width 3: " "
            RenderTableCell {TD} at (144,44) size 3x11 [bgcolor=#026766] [r=4 c=48 rs=1 cs=1]
              RenderInline {FONT} at (0,0) size 3x11
                RenderText {#text} at (0,0) size 3x11
                  text run at (0,0) width 3: " "
            RenderTableCell {TD} at (147,44) size 3x11 [bgcolor=#026766] [r=4 c=49 rs=1 cs=1]
              RenderInline {FONT} at (0,0) size 3x11
                RenderText {#text} at (0,0) size 3x11
                  text run at (0,0) width 3: " "
            RenderTableCell {TD} at (150,44) size 3x11 [bgcolor=#026766] [r=4 c=50 rs=1 cs=1]
              RenderInline {FONT} at (0,0) size 3x11
                RenderText {#text} at (0,0) size 3x11
                  text run at (0,0) width 3: " "
            RenderTableCell {TD} at (153,44) size 3x11 [bgcolor=#026766] [r=4 c=51 rs=1 cs=1]
              RenderInline {FONT} at (0,0) size 3x11
                RenderText {#text} at (0,0) size 3x11
                  text run at (0,0) width 3: " "
            RenderTableCell {TD} at (156,44) size 3x11 [bgcolor=#026766] [r=4 c=52 rs=1 cs=1]
              RenderInline {FONT} at (0,0) size 3x11
                RenderText {#text} at (0,0) size 3x11
                  text run at (0,0) width 3: " "
            RenderTableCell {TD} at (159,44) size 3x11 [bgcolor=#025E5E] [r=4 c=53 rs=1 cs=1]
              RenderInline {FONT} at (0,0) size 3x11
                RenderText {#text} at (0,0) size 3x11
                  text run at (0,0) width 3: " "
            RenderTableCell {TD} at (162,44) size 3x11 [bgcolor=#025E5E] [r=4 c=54 rs=1 cs=1]
              RenderInline {FONT} at (0,0) size 3x11
                RenderText {#text} at (0,0) size 3x11
                  text run at (0,0) width 3: " "
            RenderTableCell {TD} at (165,44) size 3x11 [bgcolor=#044140] [r=4 c=55 rs=1 cs=1]
              RenderInline {FONT} at (0,0) size 3x11
                RenderText {#text} at (0,0) size 3x11
                  text run at (0,0) width 3: " "
            RenderTableCell {TD} at (168,44) size 3x11 [bgcolor=#083131] [r=4 c=56 rs=1 cs=1]
              RenderInline {FONT} at (0,0) size 3x11
                RenderText {#text} at (0,0) size 3x11
                  text run at (0,0) width 3: " "
            RenderTableCell {TD} at (171,44) size 3x11 [bgcolor=#4D4F4F] [r=4 c=57 rs=1 cs=1]
              RenderInline {FONT} at (0,0) size 3x11
                RenderText {#text} at (0,0) size 3x11
                  text run at (0,0) width 3: " "
            RenderTableCell {TD} at (174,44) size 3x11 [bgcolor=#777878] [r=4 c=58 rs=1 cs=1]
              RenderInline {FONT} at (0,0) size 3x11
                RenderText {#text} at (0,0) size 3x11
                  text run at (0,0) width 3: " "
            RenderTableCell {TD} at (177,44) size 3x11 [bgcolor=#939494] [r=4 c=59 rs=1 cs=1]
              RenderInline {FONT} at (0,0) size 3x11
                RenderText {#text} at (0,0) size 3x11
                  text run at (0,0) width 3: " "
            RenderTableCell {TD} at (180,44) size 3x11 [bgcolor=#A5A6A6] [r=4 c=60 rs=1 cs=1]
              RenderInline {FONT} at (0,0) size 3x11
                RenderText {#text} at (0,0) size 3x11
                  text run at (0,0) width 3: " "
            RenderTableCell {TD} at (183,44) size 3x11 [bgcolor=#B4B4B4] [r=4 c=61 rs=1 cs=1]
              RenderInline {FONT} at (0,0) size 3x11
                RenderText {#text} at (0,0) size 3x11
                  text run at (0,0) width 3: " "
            RenderTableCell {TD} at (186,44) size 3x11 [bgcolor=#A5A6A6] [r=4 c=62 rs=1 cs=1]
              RenderInline {FONT} at (0,0) size 3x11
                RenderText {#text} at (0,0) size 3x11
                  text run at (0,0) width 3: " "
            RenderTableCell {TD} at (189,44) size 3x11 [bgcolor=#589594] [r=4 c=63 rs=1 cs=1]
              RenderInline {FONT} at (0,0) size 3x11
                RenderText {#text} at (0,0) size 3x11
                  text run at (0,0) width 3: " "
            RenderTableCell {TD} at (192,44) size 3x11 [bgcolor=#048485] [r=4 c=64 rs=1 cs=1]
              RenderInline {FONT} at (0,0) size 3x11
                RenderText {#text} at (0,0) size 3x11
                  text run at (0,0) width 3: " "
            RenderTableCell {TD} at (195,44) size 3x11 [bgcolor=#048485] [r=4 c=65 rs=1 cs=1]
              RenderInline {FONT} at (0,0) size 3x11
                RenderText {#text} at (0,0) size 3x11
                  text run at (0,0) width 3: " "
            RenderTableCell {TD} at (198,44) size 3x11 [bgcolor=#027777] [r=4 c=66 rs=1 cs=1]
              RenderInline {FONT} at (0,0) size 3x11
                RenderText {#text} at (0,0) size 3x11
                  text run at (0,0) width 3: " "
            RenderTableCell {TD} at (201,44) size 3x11 [bgcolor=#027777] [r=4 c=67 rs=1 cs=1]
              RenderInline {FONT} at (0,0) size 3x11
                RenderText {#text} at (0,0) size 3x11
                  text run at (0,0) width 3: " "
            RenderTableCell {TD} at (204,44) size 3x11 [bgcolor=#026766] [r=4 c=68 rs=1 cs=1]
              RenderInline {FONT} at (0,0) size 3x11
                RenderText {#text} at (0,0) size 3x11
                  text run at (0,0) width 3: " "
            RenderTableCell {TD} at (207,44) size 3x11 [bgcolor=#026766] [r=4 c=69 rs=1 cs=1]
              RenderInline {FONT} at (0,0) size 3x11
                RenderText {#text} at (0,0) size 3x11
                  text run at (0,0) width 3: " "
            RenderTableCell {TD} at (210,44) size 3x11 [bgcolor=#026766] [r=4 c=70 rs=1 cs=1]
              RenderInline {FONT} at (0,0) size 3x11
                RenderText {#text} at (0,0) size 3x11
                  text run at (0,0) width 3: " "
            RenderTableCell {TD} at (213,44) size 3x11 [bgcolor=#026766] [r=4 c=71 rs=1 cs=1]
              RenderInline {FONT} at (0,0) size 3x11
                RenderText {#text} at (0,0) size 3x11
                  text run at (0,0) width 3: " "
            RenderTableCell {TD} at (216,44) size 3x11 [bgcolor=#025E5E] [r=4 c=72 rs=1 cs=1]
              RenderInline {FONT} at (0,0) size 3x11
                RenderText {#text} at (0,0) size 3x11
                  text run at (0,0) width 3: " "
            RenderTableCell {TD} at (219,44) size 3x11 [bgcolor=#025E5E] [r=4 c=73 rs=1 cs=1]
              RenderInline {FONT} at (0,0) size 3x11
                RenderText {#text} at (0,0) size 3x11
                  text run at (0,0) width 3: " "
            RenderTableCell {TD} at (222,44) size 3x11 [bgcolor=#044F4F] [r=4 c=74 rs=1 cs=1]
              RenderInline {FONT} at (0,0) size 3x11
                RenderText {#text} at (0,0) size 3x11
                  text run at (0,0) width 3: " "
            RenderTableCell {TD} at (225,44) size 3x11 [bgcolor=#044140] [r=4 c=75 rs=1 cs=1]
              RenderInline {FONT} at (0,0) size 3x11
                RenderText {#text} at (0,0) size 3x11
                  text run at (0,0) width 3: " "
            RenderTableCell {TD} at (228,44) size 3x11 [bgcolor=#044F4F] [r=4 c=76 rs=1 cs=1]
              RenderInline {FONT} at (0,0) size 3x11
                RenderText {#text} at (0,0) size 3x11
                  text run at (0,0) width 3: " "
            RenderTableCell {TD} at (231,44) size 3x11 [bgcolor=#044F4F] [r=4 c=77 rs=1 cs=1]
              RenderInline {FONT} at (0,0) size 3x11
                RenderText {#text} at (0,0) size 3x11
                  text run at (0,0) width 3: " "
            RenderTableCell {TD} at (234,44) size 3x11 [bgcolor=#025E5E] [r=4 c=78 rs=1 cs=1]
              RenderInline {FONT} at (0,0) size 3x11
                RenderText {#text} at (0,0) size 3x11
                  text run at (0,0) width 3: " "
            RenderTableCell {TD} at (237,44) size 3x11 [bgcolor=#026766] [r=4 c=79 rs=1 cs=1]
              RenderInline {FONT} at (0,0) size 3x11
                RenderText {#text} at (0,0) size 3x11
                  text run at (0,0) width 3: " "
            RenderTableCell {TD} at (240,44) size 3x11 [bgcolor=#026766] [r=4 c=80 rs=1 cs=1]
              RenderInline {FONT} at (0,0) size 3x11
                RenderText {#text} at (0,0) size 3x11
                  text run at (0,0) width 3: " "
            RenderTableCell {TD} at (243,44) size 3x11 [bgcolor=#026766] [r=4 c=81 rs=1 cs=1]
              RenderInline {FONT} at (0,0) size 3x11
                RenderText {#text} at (0,0) size 3x11
                  text run at (0,0) width 3: " "
            RenderTableCell {TD} at (246,44) size 3x11 [bgcolor=#026766] [r=4 c=82 rs=1 cs=1]
              RenderInline {FONT} at (0,0) size 3x11
                RenderText {#text} at (0,0) size 3x11
                  text run at (0,0) width 3: " "
            RenderTableCell {TD} at (249,44) size 3x11 [bgcolor=#026766] [r=4 c=83 rs=1 cs=1]
              RenderInline {FONT} at (0,0) size 3x11
                RenderText {#text} at (0,0) size 3x11
                  text run at (0,0) width 3: " "
            RenderTableCell {TD} at (252,44) size 3x11 [bgcolor=#026766] [r=4 c=84 rs=1 cs=1]
              RenderInline {FONT} at (0,0) size 3x11
                RenderText {#text} at (0,0) size 3x11
                  text run at (0,0) width 3: " "
            RenderTableCell {TD} at (255,44) size 3x11 [bgcolor=#026766] [r=4 c=85 rs=1 cs=1]
              RenderInline {FONT} at (0,0) size 3x11
                RenderText {#text} at (0,0) size 3x11
                  text run at (0,0) width 3: " "
            RenderTableCell {TD} at (258,44) size 3x11 [bgcolor=#026766] [r=4 c=86 rs=1 cs=1]
              RenderInline {FONT} at (0,0) size 3x11
                RenderText {#text} at (0,0) size 3x11
                  text run at (0,0) width 3: " "
            RenderTableCell {TD} at (261,44) size 3x11 [bgcolor=#026766] [r=4 c=87 rs=1 cs=1]
              RenderInline {FONT} at (0,0) size 3x11
                RenderText {#text} at (0,0) size 3x11
                  text run at (0,0) width 3: " "
            RenderTableCell {TD} at (264,44) size 3x11 [bgcolor=#026766] [r=4 c=88 rs=1 cs=1]
              RenderInline {FONT} at (0,0) size 3x11
                RenderText {#text} at (0,0) size 3x11
                  text run at (0,0) width 3: " "
            RenderTableCell {TD} at (267,44) size 3x11 [bgcolor=#026766] [r=4 c=89 rs=1 cs=1]
              RenderInline {FONT} at (0,0) size 3x11
                RenderText {#text} at (0,0) size 3x11
                  text run at (0,0) width 3: " "
            RenderTableCell {TD} at (270,44) size 3x11 [bgcolor=#026766] [r=4 c=90 rs=1 cs=1]
              RenderInline {FONT} at (0,0) size 3x11
                RenderText {#text} at (0,0) size 3x11
                  text run at (0,0) width 3: " "
            RenderTableCell {TD} at (273,44) size 3x11 [bgcolor=#025E5E] [r=4 c=91 rs=1 cs=1]
              RenderInline {FONT} at (0,0) size 3x11
                RenderText {#text} at (0,0) size 3x11
                  text run at (0,0) width 3: " "
            RenderTableCell {TD} at (276,44) size 3x11 [bgcolor=#044F4F] [r=4 c=92 rs=1 cs=1]
              RenderInline {FONT} at (0,0) size 3x11
                RenderText {#text} at (0,0) size 3x11
                  text run at (0,0) width 3: " "
            RenderTableCell {TD} at (279,44) size 3x11 [bgcolor=#044140] [r=4 c=93 rs=1 cs=1]
              RenderInline {FONT} at (0,0) size 3x11
                RenderText {#text} at (0,0) size 3x11
                  text run at (0,0) width 3: " "
            RenderTableCell {TD} at (282,44) size 3x11 [bgcolor=#3D4242] [r=4 c=94 rs=1 cs=1]
              RenderInline {FONT} at (0,0) size 3x11
                RenderText {#text} at (0,0) size 3x11
                  text run at (0,0) width 3: " "
            RenderTableCell {TD} at (285,44) size 3x11 [bgcolor=#696A69] [r=4 c=95 rs=1 cs=1]
              RenderInline {FONT} at (0,0) size 3x11
                RenderText {#text} at (0,0) size 3x11
                  text run at (0,0) width 3: " "
            RenderTableCell {TD} at (288,44) size 3x11 [bgcolor=#939494] [r=4 c=96 rs=1 cs=1]
              RenderInline {FONT} at (0,0) size 3x11
                RenderText {#text} at (0,0) size 3x11
                  text run at (0,0) width 3: " "
            RenderTableCell {TD} at (291,44) size 3x11 [bgcolor=#A5A6A6] [r=4 c=97 rs=1 cs=1]
              RenderInline {FONT} at (0,0) size 3x11
                RenderText {#text} at (0,0) size 3x11
                  text run at (0,0) width 3: " "
            RenderTableCell {TD} at (294,44) size 3x11 [bgcolor=#939494] [r=4 c=98 rs=1 cs=1]
              RenderInline {FONT} at (0,0) size 3x11
                RenderText {#text} at (0,0) size 3x11
                  text run at (0,0) width 3: " "
            RenderTableCell {TD} at (297,44) size 3x11 [bgcolor=#696A69] [r=4 c=99 rs=1 cs=1]
              RenderInline {FONT} at (0,0) size 3x11
                RenderText {#text} at (0,0) size 3x11
                  text run at (0,0) width 3: " "
          RenderTableRow {TR} at (0,55) size 300x11
            RenderTableCell {TD} at (0,55) size 3x11 [bgcolor=#FDFDFB] [r=5 c=0 rs=1 cs=1]
              RenderInline {FONT} at (0,0) size 3x11
                RenderText {#text} at (0,0) size 3x11
                  text run at (0,0) width 3: " "
            RenderTableCell {TD} at (3,55) size 3x11 [bgcolor=#FDFDFB] [r=5 c=1 rs=1 cs=1]
              RenderInline {FONT} at (0,0) size 3x11
                RenderText {#text} at (0,0) size 3x11
                  text run at (0,0) width 3: " "
            RenderTableCell {TD} at (6,55) size 3x11 [bgcolor=#FDFDFB] [r=5 c=2 rs=1 cs=1]
              RenderInline {FONT} at (0,0) size 3x11
                RenderText {#text} at (0,0) size 3x11
                  text run at (0,0) width 3: " "
            RenderTableCell {TD} at (9,55) size 3x11 [bgcolor=#7DBAB9] [r=5 c=3 rs=1 cs=1]
              RenderInline {FONT} at (0,0) size 3x11
                RenderText {#text} at (0,0) size 3x11
                  text run at (0,0) width 3: " "
            RenderTableCell {TD} at (12,55) size 3x11 [bgcolor=#048485] [r=5 c=4 rs=1 cs=1]
              RenderInline {FONT} at (0,0) size 3x11
                RenderText {#text} at (0,0) size 3x11
                  text run at (0,0) width 3: " "
            RenderTableCell {TD} at (15,55) size 3x11 [bgcolor=#048485] [r=5 c=5 rs=1 cs=1]
              RenderInline {FONT} at (0,0) size 3x11
                RenderText {#text} at (0,0) size 3x11
                  text run at (0,0) width 3: " "
            RenderTableCell {TD} at (18,55) size 3x11 [bgcolor=#027777] [r=5 c=6 rs=1 cs=1]
              RenderInline {FONT} at (0,0) size 3x11
                RenderText {#text} at (0,0) size 3x11
                  text run at (0,0) width 3: " "
            RenderTableCell {TD} at (21,55) size 3x11 [bgcolor=#026766] [r=5 c=7 rs=1 cs=1]
              RenderInline {FONT} at (0,0) size 3x11
                RenderText {#text} at (0,0) size 3x11
                  text run at (0,0) width 3: " "
            RenderTableCell {TD} at (24,55) size 3x11 [bgcolor=#026766] [r=5 c=8 rs=1 cs=1]
              RenderInline {FONT} at (0,0) size 3x11
                RenderText {#text} at (0,0) size 3x11
                  text run at (0,0) width 3: " "
            RenderTableCell {TD} at (27,55) size 3x11 [bgcolor=#026766] [r=5 c=9 rs=1 cs=1]
              RenderInline {FONT} at (0,0) size 3x11
                RenderText {#text} at (0,0) size 3x11
                  text run at (0,0) width 3: " "
            RenderTableCell {TD} at (30,55) size 3x11 [bgcolor=#026766] [r=5 c=10 rs=1 cs=1]
              RenderInline {FONT} at (0,0) size 3x11
                RenderText {#text} at (0,0) size 3x11
                  text run at (0,0) width 3: " "
            RenderTableCell {TD} at (33,55) size 3x11 [bgcolor=#025E5E] [r=5 c=11 rs=1 cs=1]
              RenderInline {FONT} at (0,0) size 3x11
                RenderText {#text} at (0,0) size 3x11
                  text run at (0,0) width 3: " "
            RenderTableCell {TD} at (36,55) size 3x11 [bgcolor=#025E5E] [r=5 c=12 rs=1 cs=1]
              RenderInline {FONT} at (0,0) size 3x11
                RenderText {#text} at (0,0) size 3x11
                  text run at (0,0) width 3: " "
            RenderTableCell {TD} at (39,55) size 3x11 [bgcolor=#044140] [r=5 c=13 rs=1 cs=1]
              RenderInline {FONT} at (0,0) size 3x11
                RenderText {#text} at (0,0) size 3x11
                  text run at (0,0) width 3: " "
            RenderTableCell {TD} at (42,55) size 3x11 [bgcolor=#223C3D] [r=5 c=14 rs=1 cs=1]
              RenderInline {FONT} at (0,0) size 3x11
                RenderText {#text} at (0,0) size 3x11
                  text run at (0,0) width 3: " "
            RenderTableCell {TD} at (45,55) size 3x11 [bgcolor=#4D4F4F] [r=5 c=15 rs=1 cs=1]
              RenderInline {FONT} at (0,0) size 3x11
                RenderText {#text} at (0,0) size 3x11
                  text run at (0,0) width 3: " "
            RenderTableCell {TD} at (48,55) size 3x11 [bgcolor=#696A69] [r=5 c=16 rs=1 cs=1]
              RenderInline {FONT} at (0,0) size 3x11
                RenderText {#text} at (0,0) size 3x11
                  text run at (0,0) width 3: " "
            RenderTableCell {TD} at (51,55) size 3x11 [bgcolor=#777878] [r=5 c=17 rs=1 cs=1]
              RenderInline {FONT} at (0,0) size 3x11
                RenderText {#text} at (0,0) size 3x11
                  text run at (0,0) width 3: " "
            RenderTableCell {TD} at (54,55) size 3x11 [bgcolor=#777878] [r=5 c=18 rs=1 cs=1]
              RenderInline {FONT} at (0,0) size 3x11
                RenderText {#text} at (0,0) size 3x11
                  text run at (0,0) width 3: " "
            RenderTableCell {TD} at (57,55) size 3x11 [bgcolor=#1E7A79] [r=5 c=19 rs=1 cs=1]
              RenderInline {FONT} at (0,0) size 3x11
                RenderText {#text} at (0,0) size 3x11
                  text run at (0,0) width 3: " "
            RenderTableCell {TD} at (60,55) size 3x11 [bgcolor=#027777] [r=5 c=20 rs=1 cs=1]
              RenderInline {FONT} at (0,0) size 3x11
                RenderText {#text} at (0,0) size 3x11
                  text run at (0,0) width 3: " "
            RenderTableCell {TD} at (63,55) size 3x11 [bgcolor=#026766] [r=5 c=21 rs=1 cs=1]
              RenderInline {FONT} at (0,0) size 3x11
                RenderText {#text} at (0,0) size 3x11
                  text run at (0,0) width 3: " "
            RenderTableCell {TD} at (66,55) size 3x11 [bgcolor=#026766] [r=5 c=22 rs=1 cs=1]
              RenderInline {FONT} at (0,0) size 3x11
                RenderText {#text} at (0,0) size 3x11
                  text run at (0,0) width 3: " "
            RenderTableCell {TD} at (69,55) size 3x11 [bgcolor=#026766] [r=5 c=23 rs=1 cs=1]
              RenderInline {FONT} at (0,0) size 3x11
                RenderText {#text} at (0,0) size 3x11
                  text run at (0,0) width 3: " "
            RenderTableCell {TD} at (72,55) size 3x11 [bgcolor=#026766] [r=5 c=24 rs=1 cs=1]
              RenderInline {FONT} at (0,0) size 3x11
                RenderText {#text} at (0,0) size 3x11
                  text run at (0,0) width 3: " "
            RenderTableCell {TD} at (75,55) size 3x11 [bgcolor=#026766] [r=5 c=25 rs=1 cs=1]
              RenderInline {FONT} at (0,0) size 3x11
                RenderText {#text} at (0,0) size 3x11
                  text run at (0,0) width 3: " "
            RenderTableCell {TD} at (78,55) size 3x11 [bgcolor=#026766] [r=5 c=26 rs=1 cs=1]
              RenderInline {FONT} at (0,0) size 3x11
                RenderText {#text} at (0,0) size 3x11
                  text run at (0,0) width 3: " "
            RenderTableCell {TD} at (81,55) size 3x11 [bgcolor=#025E5E] [r=5 c=27 rs=1 cs=1]
              RenderInline {FONT} at (0,0) size 3x11
                RenderText {#text} at (0,0) size 3x11
                  text run at (0,0) width 3: " "
            RenderTableCell {TD} at (84,55) size 3x11 [bgcolor=#025E5E] [r=5 c=28 rs=1 cs=1]
              RenderInline {FONT} at (0,0) size 3x11
                RenderText {#text} at (0,0) size 3x11
                  text run at (0,0) width 3: " "
            RenderTableCell {TD} at (87,55) size 3x11 [bgcolor=#025E5E] [r=5 c=29 rs=1 cs=1]
              RenderInline {FONT} at (0,0) size 3x11
                RenderText {#text} at (0,0) size 3x11
                  text run at (0,0) width 3: " "
            RenderTableCell {TD} at (90,55) size 3x11 [bgcolor=#526B6B] [r=5 c=30 rs=1 cs=1]
              RenderInline {FONT} at (0,0) size 3x11
                RenderText {#text} at (0,0) size 3x11
                  text run at (0,0) width 3: " "
            RenderTableCell {TD} at (93,55) size 3x11 [bgcolor=#848788] [r=5 c=31 rs=1 cs=1]
              RenderInline {FONT} at (0,0) size 3x11
                RenderText {#text} at (0,0) size 3x11
                  text run at (0,0) width 3: " "
            RenderTableCell {TD} at (96,55) size 3x11 [bgcolor=#939494] [r=5 c=32 rs=1 cs=1]
              RenderInline {FONT} at (0,0) size 3x11
                RenderText {#text} at (0,0) size 3x11
                  text run at (0,0) width 3: " "
            RenderTableCell {TD} at (99,55) size 3x11 [bgcolor=#939494] [r=5 c=33 rs=1 cs=1]
              RenderInline {FONT} at (0,0) size 3x11
                RenderText {#text} at (0,0) size 3x11
                  text run at (0,0) width 3: " "
            RenderTableCell {TD} at (102,55) size 3x11 [bgcolor=#91A3A3] [r=5 c=34 rs=1 cs=1]
              RenderInline {FONT} at (0,0) size 3x11
                RenderText {#text} at (0,0) size 3x11
                  text run at (0,0) width 3: " "
            RenderTableCell {TD} at (105,55) size 3x11 [bgcolor=#939494] [r=5 c=35 rs=1 cs=1]
              RenderInline {FONT} at (0,0) size 3x11
                RenderText {#text} at (0,0) size 3x11
                  text run at (0,0) width 3: " "
            RenderTableCell {TD} at (108,55) size 3x11 [bgcolor=#027777] [r=5 c=36 rs=1 cs=1]
              RenderInline {FONT} at (0,0) size 3x11
                RenderText {#text} at (0,0) size 3x11
                  text run at (0,0) width 3: " "
            RenderTableCell {TD} at (111,55) size 3x11 [bgcolor=#027777] [r=5 c=37 rs=1 cs=1]
              RenderInline {FONT} at (0,0) size 3x11
                RenderText {#text} at (0,0) size 3x11
                  text run at (0,0) width 3: " "
            RenderTableCell {TD} at (114,55) size 3x11 [bgcolor=#026766] [r=5 c=38 rs=1 cs=1]
              RenderInline {FONT} at (0,0) size 3x11
                RenderText {#text} at (0,0) size 3x11
                  text run at (0,0) width 3: " "
            RenderTableCell {TD} at (117,55) size 3x11 [bgcolor=#026766] [r=5 c=39 rs=1 cs=1]
              RenderInline {FONT} at (0,0) size 3x11
                RenderText {#text} at (0,0) size 3x11
                  text run at (0,0) width 3: " "
            RenderTableCell {TD} at (120,55) size 3x11 [bgcolor=#026766] [r=5 c=40 rs=1 cs=1]
              RenderInline {FONT} at (0,0) size 3x11
                RenderText {#text} at (0,0) size 3x11
                  text run at (0,0) width 3: " "
            RenderTableCell {TD} at (123,55) size 3x11 [bgcolor=#026766] [r=5 c=41 rs=1 cs=1]
              RenderInline {FONT} at (0,0) size 3x11
                RenderText {#text} at (0,0) size 3x11
                  text run at (0,0) width 3: " "
            RenderTableCell {TD} at (126,55) size 3x11 [bgcolor=#026766] [r=5 c=42 rs=1 cs=1]
              RenderInline {FONT} at (0,0) size 3x11
                RenderText {#text} at (0,0) size 3x11
                  text run at (0,0) width 3: " "
            RenderTableCell {TD} at (129,55) size 3x11 [bgcolor=#026766] [r=5 c=43 rs=1 cs=1]
              RenderInline {FONT} at (0,0) size 3x11
                RenderText {#text} at (0,0) size 3x11
                  text run at (0,0) width 3: " "
            RenderTableCell {TD} at (132,55) size 3x11 [bgcolor=#026766] [r=5 c=44 rs=1 cs=1]
              RenderInline {FONT} at (0,0) size 3x11
                RenderText {#text} at (0,0) size 3x11
                  text run at (0,0) width 3: " "
            RenderTableCell {TD} at (135,55) size 3x11 [bgcolor=#026766] [r=5 c=45 rs=1 cs=1]
              RenderInline {FONT} at (0,0) size 3x11
                RenderText {#text} at (0,0) size 3x11
                  text run at (0,0) width 3: " "
            RenderTableCell {TD} at (138,55) size 3x11 [bgcolor=#026766] [r=5 c=46 rs=1 cs=1]
              RenderInline {FONT} at (0,0) size 3x11
                RenderText {#text} at (0,0) size 3x11
                  text run at (0,0) width 3: " "
            RenderTableCell {TD} at (141,55) size 3x11 [bgcolor=#026766] [r=5 c=47 rs=1 cs=1]
              RenderInline {FONT} at (0,0) size 3x11
                RenderText {#text} at (0,0) size 3x11
                  text run at (0,0) width 3: " "
            RenderTableCell {TD} at (144,55) size 3x11 [bgcolor=#026766] [r=5 c=48 rs=1 cs=1]
              RenderInline {FONT} at (0,0) size 3x11
                RenderText {#text} at (0,0) size 3x11
                  text run at (0,0) width 3: " "
            RenderTableCell {TD} at (147,55) size 3x11 [bgcolor=#026766] [r=5 c=49 rs=1 cs=1]
              RenderInline {FONT} at (0,0) size 3x11
                RenderText {#text} at (0,0) size 3x11
                  text run at (0,0) width 3: " "
            RenderTableCell {TD} at (150,55) size 3x11 [bgcolor=#026766] [r=5 c=50 rs=1 cs=1]
              RenderInline {FONT} at (0,0) size 3x11
                RenderText {#text} at (0,0) size 3x11
                  text run at (0,0) width 3: " "
            RenderTableCell {TD} at (153,55) size 3x11 [bgcolor=#025E5E] [r=5 c=51 rs=1 cs=1]
              RenderInline {FONT} at (0,0) size 3x11
                RenderText {#text} at (0,0) size 3x11
                  text run at (0,0) width 3: " "
            RenderTableCell {TD} at (156,55) size 3x11 [bgcolor=#025E5E] [r=5 c=52 rs=1 cs=1]
              RenderInline {FONT} at (0,0) size 3x11
                RenderText {#text} at (0,0) size 3x11
                  text run at (0,0) width 3: " "
            RenderTableCell {TD} at (159,55) size 3x11 [bgcolor=#044F4F] [r=5 c=53 rs=1 cs=1]
              RenderInline {FONT} at (0,0) size 3x11
                RenderText {#text} at (0,0) size 3x11
                  text run at (0,0) width 3: " "
            RenderTableCell {TD} at (162,55) size 3x11 [bgcolor=#044140] [r=5 c=54 rs=1 cs=1]
              RenderInline {FONT} at (0,0) size 3x11
                RenderText {#text} at (0,0) size 3x11
                  text run at (0,0) width 3: " "
            RenderTableCell {TD} at (165,55) size 3x11 [bgcolor=#083131] [r=5 c=55 rs=1 cs=1]
              RenderInline {FONT} at (0,0) size 3x11
                RenderText {#text} at (0,0) size 3x11
                  text run at (0,0) width 3: " "
            RenderTableCell {TD} at (168,55) size 3x11 [bgcolor=#083131] [r=5 c=56 rs=1 cs=1]
              RenderInline {FONT} at (0,0) size 3x11
                RenderText {#text} at (0,0) size 3x11
                  text run at (0,0) width 3: " "
            RenderTableCell {TD} at (171,55) size 3x11 [bgcolor=#4D4F4F] [r=5 c=57 rs=1 cs=1]
              RenderInline {FONT} at (0,0) size 3x11
                RenderText {#text} at (0,0) size 3x11
                  text run at (0,0) width 3: " "
            RenderTableCell {TD} at (174,55) size 3x11 [bgcolor=#696A69] [r=5 c=58 rs=1 cs=1]
              RenderInline {FONT} at (0,0) size 3x11
                RenderText {#text} at (0,0) size 3x11
                  text run at (0,0) width 3: " "
            RenderTableCell {TD} at (177,55) size 3x11 [bgcolor=#939494] [r=5 c=59 rs=1 cs=1]
              RenderInline {FONT} at (0,0) size 3x11
                RenderText {#text} at (0,0) size 3x11
                  text run at (0,0) width 3: " "
            RenderTableCell {TD} at (180,55) size 3x11 [bgcolor=#939494] [r=5 c=60 rs=1 cs=1]
              RenderInline {FONT} at (0,0) size 3x11
                RenderText {#text} at (0,0) size 3x11
                  text run at (0,0) width 3: " "
            RenderTableCell {TD} at (183,55) size 3x11 [bgcolor=#939494] [r=5 c=61 rs=1 cs=1]
              RenderInline {FONT} at (0,0) size 3x11
                RenderText {#text} at (0,0) size 3x11
                  text run at (0,0) width 3: " "
            RenderTableCell {TD} at (186,55) size 3x11 [bgcolor=#469191] [r=5 c=62 rs=1 cs=1]
              RenderInline {FONT} at (0,0) size 3x11
                RenderText {#text} at (0,0) size 3x11
                  text run at (0,0) width 3: " "
            RenderTableCell {TD} at (189,55) size 3x11 [bgcolor=#048485] [r=5 c=63 rs=1 cs=1]
              RenderInline {FONT} at (0,0) size 3x11
                RenderText {#text} at (0,0) size 3x11
                  text run at (0,0) width 3: " "
            RenderTableCell {TD} at (192,55) size 3x11 [bgcolor=#048485] [r=5 c=64 rs=1 cs=1]
              RenderInline {FONT} at (0,0) size 3x11
                RenderText {#text} at (0,0) size 3x11
                  text run at (0,0) width 3: " "
            RenderTableCell {TD} at (195,55) size 3x11 [bgcolor=#027777] [r=5 c=65 rs=1 cs=1]
              RenderInline {FONT} at (0,0) size 3x11
                RenderText {#text} at (0,0) size 3x11
                  text run at (0,0) width 3: " "
            RenderTableCell {TD} at (198,55) size 3x11 [bgcolor=#026766] [r=5 c=66 rs=1 cs=1]
              RenderInline {FONT} at (0,0) size 3x11
                RenderText {#text} at (0,0) size 3x11
                  text run at (0,0) width 3: " "
            RenderTableCell {TD} at (201,55) size 3x11 [bgcolor=#026766] [r=5 c=67 rs=1 cs=1]
              RenderInline {FONT} at (0,0) size 3x11
                RenderText {#text} at (0,0) size 3x11
                  text run at (0,0) width 3: " "
            RenderTableCell {TD} at (204,55) size 3x11 [bgcolor=#026766] [r=5 c=68 rs=1 cs=1]
              RenderInline {FONT} at (0,0) size 3x11
                RenderText {#text} at (0,0) size 3x11
                  text run at (0,0) width 3: " "
            RenderTableCell {TD} at (207,55) size 3x11 [bgcolor=#026766] [r=5 c=69 rs=1 cs=1]
              RenderInline {FONT} at (0,0) size 3x11
                RenderText {#text} at (0,0) size 3x11
                  text run at (0,0) width 3: " "
            RenderTableCell {TD} at (210,55) size 3x11 [bgcolor=#026766] [r=5 c=70 rs=1 cs=1]
              RenderInline {FONT} at (0,0) size 3x11
                RenderText {#text} at (0,0) size 3x11
                  text run at (0,0) width 3: " "
            RenderTableCell {TD} at (213,55) size 3x11 [bgcolor=#025E5E] [r=5 c=71 rs=1 cs=1]
              RenderInline {FONT} at (0,0) size 3x11
                RenderText {#text} at (0,0) size 3x11
                  text run at (0,0) width 3: " "
            RenderTableCell {TD} at (216,55) size 3x11 [bgcolor=#044F4F] [r=5 c=72 rs=1 cs=1]
              RenderInline {FONT} at (0,0) size 3x11
                RenderText {#text} at (0,0) size 3x11
                  text run at (0,0) width 3: " "
            RenderTableCell {TD} at (219,55) size 3x11 [bgcolor=#044140] [r=5 c=73 rs=1 cs=1]
              RenderInline {FONT} at (0,0) size 3x11
                RenderText {#text} at (0,0) size 3x11
                  text run at (0,0) width 3: " "
            RenderTableCell {TD} at (222,55) size 3x11 [bgcolor=#083131] [r=5 c=74 rs=1 cs=1]
              RenderInline {FONT} at (0,0) size 3x11
                RenderText {#text} at (0,0) size 3x11
                  text run at (0,0) width 3: " "
            RenderTableCell {TD} at (225,55) size 3x11 [bgcolor=#083131] [r=5 c=75 rs=1 cs=1]
              RenderInline {FONT} at (0,0) size 3x11
                RenderText {#text} at (0,0) size 3x11
                  text run at (0,0) width 3: " "
            RenderTableCell {TD} at (228,55) size 3x11 [bgcolor=#223C3D] [r=5 c=76 rs=1 cs=1]
              RenderInline {FONT} at (0,0) size 3x11
                RenderText {#text} at (0,0) size 3x11
                  text run at (0,0) width 3: " "
            RenderTableCell {TD} at (231,55) size 3x11 [bgcolor=#274C4D] [r=5 c=77 rs=1 cs=1]
              RenderInline {FONT} at (0,0) size 3x11
                RenderText {#text} at (0,0) size 3x11
                  text run at (0,0) width 3: " "
            RenderTableCell {TD} at (234,55) size 3x11 [bgcolor=#025E5E] [r=5 c=78 rs=1 cs=1]
              RenderInline {FONT} at (0,0) size 3x11
                RenderText {#text} at (0,0) size 3x11
                  text run at (0,0) width 3: " "
            RenderTableCell {TD} at (237,55) size 3x11 [bgcolor=#026766] [r=5 c=79 rs=1 cs=1]
              RenderInline {FONT} at (0,0) size 3x11
                RenderText {#text} at (0,0) size 3x11
                  text run at (0,0) width 3: " "
            RenderTableCell {TD} at (240,55) size 3x11 [bgcolor=#026766] [r=5 c=80 rs=1 cs=1]
              RenderInline {FONT} at (0,0) size 3x11
                RenderText {#text} at (0,0) size 3x11
                  text run at (0,0) width 3: " "
            RenderTableCell {TD} at (243,55) size 3x11 [bgcolor=#026766] [r=5 c=81 rs=1 cs=1]
              RenderInline {FONT} at (0,0) size 3x11
                RenderText {#text} at (0,0) size 3x11
                  text run at (0,0) width 3: " "
            RenderTableCell {TD} at (246,55) size 3x11 [bgcolor=#026766] [r=5 c=82 rs=1 cs=1]
              RenderInline {FONT} at (0,0) size 3x11
                RenderText {#text} at (0,0) size 3x11
                  text run at (0,0) width 3: " "
            RenderTableCell {TD} at (249,55) size 3x11 [bgcolor=#026766] [r=5 c=83 rs=1 cs=1]
              RenderInline {FONT} at (0,0) size 3x11
                RenderText {#text} at (0,0) size 3x11
                  text run at (0,0) width 3: " "
            RenderTableCell {TD} at (252,55) size 3x11 [bgcolor=#026766] [r=5 c=84 rs=1 cs=1]
              RenderInline {FONT} at (0,0) size 3x11
                RenderText {#text} at (0,0) size 3x11
                  text run at (0,0) width 3: " "
            RenderTableCell {TD} at (255,55) size 3x11 [bgcolor=#026766] [r=5 c=85 rs=1 cs=1]
              RenderInline {FONT} at (0,0) size 3x11
                RenderText {#text} at (0,0) size 3x11
                  text run at (0,0) width 3: " "
            RenderTableCell {TD} at (258,55) size 3x11 [bgcolor=#026766] [r=5 c=86 rs=1 cs=1]
              RenderInline {FONT} at (0,0) size 3x11
                RenderText {#text} at (0,0) size 3x11
                  text run at (0,0) width 3: " "
            RenderTableCell {TD} at (261,55) size 3x11 [bgcolor=#026766] [r=5 c=87 rs=1 cs=1]
              RenderInline {FONT} at (0,0) size 3x11
                RenderText {#text} at (0,0) size 3x11
                  text run at (0,0) width 3: " "
            RenderTableCell {TD} at (264,55) size 3x11 [bgcolor=#026766] [r=5 c=88 rs=1 cs=1]
              RenderInline {FONT} at (0,0) size 3x11
                RenderText {#text} at (0,0) size 3x11
                  text run at (0,0) width 3: " "
            RenderTableCell {TD} at (267,55) size 3x11 [bgcolor=#026766] [r=5 c=89 rs=1 cs=1]
              RenderInline {FONT} at (0,0) size 3x11
                RenderText {#text} at (0,0) size 3x11
                  text run at (0,0) width 3: " "
            RenderTableCell {TD} at (270,55) size 3x11 [bgcolor=#026766] [r=5 c=90 rs=1 cs=1]
              RenderInline {FONT} at (0,0) size 3x11
                RenderText {#text} at (0,0) size 3x11
                  text run at (0,0) width 3: " "
            RenderTableCell {TD} at (273,55) size 3x11 [bgcolor=#025E5E] [r=5 c=91 rs=1 cs=1]
              RenderInline {FONT} at (0,0) size 3x11
                RenderText {#text} at (0,0) size 3x11
                  text run at (0,0) width 3: " "
            RenderTableCell {TD} at (276,55) size 3x11 [bgcolor=#044F4F] [r=5 c=92 rs=1 cs=1]
              RenderInline {FONT} at (0,0) size 3x11
                RenderText {#text} at (0,0) size 3x11
                  text run at (0,0) width 3: " "
            RenderTableCell {TD} at (279,55) size 3x11 [bgcolor=#044140] [r=5 c=93 rs=1 cs=1]
              RenderInline {FONT} at (0,0) size 3x11
                RenderText {#text} at (0,0) size 3x11
                  text run at (0,0) width 3: " "
            RenderTableCell {TD} at (282,55) size 3x11 [bgcolor=#223C3D] [r=5 c=94 rs=1 cs=1]
              RenderInline {FONT} at (0,0) size 3x11
                RenderText {#text} at (0,0) size 3x11
                  text run at (0,0) width 3: " "
            RenderTableCell {TD} at (285,55) size 3x11 [bgcolor=#696A69] [r=5 c=95 rs=1 cs=1]
              RenderInline {FONT} at (0,0) size 3x11
                RenderText {#text} at (0,0) size 3x11
                  text run at (0,0) width 3: " "
            RenderTableCell {TD} at (288,55) size 3x11 [bgcolor=#848788] [r=5 c=96 rs=1 cs=1]
              RenderInline {FONT} at (0,0) size 3x11
                RenderText {#text} at (0,0) size 3x11
                  text run at (0,0) width 3: " "
            RenderTableCell {TD} at (291,55) size 3x11 [bgcolor=#939494] [r=5 c=97 rs=1 cs=1]
              RenderInline {FONT} at (0,0) size 3x11
                RenderText {#text} at (0,0) size 3x11
                  text run at (0,0) width 3: " "
            RenderTableCell {TD} at (294,55) size 3x11 [bgcolor=#777878] [r=5 c=98 rs=1 cs=1]
              RenderInline {FONT} at (0,0) size 3x11
                RenderText {#text} at (0,0) size 3x11
                  text run at (0,0) width 3: " "
            RenderTableCell {TD} at (297,55) size 3x11 [bgcolor=#515C5B] [r=5 c=99 rs=1 cs=1]
              RenderInline {FONT} at (0,0) size 3x11
                RenderText {#text} at (0,0) size 3x11
                  text run at (0,0) width 3: " "
          RenderTableRow {TR} at (0,66) size 300x11
            RenderTableCell {TD} at (0,66) size 3x11 [bgcolor=#FDFDFB] [r=6 c=0 rs=1 cs=1]
              RenderInline {FONT} at (0,0) size 3x11
                RenderText {#text} at (0,0) size 3x11
                  text run at (0,0) width 3: " "
            RenderTableCell {TD} at (3,66) size 3x11 [bgcolor=#FDFDFB] [r=6 c=1 rs=1 cs=1]
              RenderInline {FONT} at (0,0) size 3x11
                RenderText {#text} at (0,0) size 3x11
                  text run at (0,0) width 3: " "
            RenderTableCell {TD} at (6,66) size 3x11 [bgcolor=#A4CCCC] [r=6 c=2 rs=1 cs=1]
              RenderInline {FONT} at (0,0) size 3x11
                RenderText {#text} at (0,0) size 3x11
                  text run at (0,0) width 3: " "
            RenderTableCell {TD} at (9,66) size 3x11 [bgcolor=#048485] [r=6 c=3 rs=1 cs=1]
              RenderInline {FONT} at (0,0) size 3x11
                RenderText {#text} at (0,0) size 3x11
                  text run at (0,0) width 3: " "
            RenderTableCell {TD} at (12,66) size 3x11 [bgcolor=#048485] [r=6 c=4 rs=1 cs=1]
              RenderInline {FONT} at (0,0) size 3x11
                RenderText {#text} at (0,0) size 3x11
                  text run at (0,0) width 3: " "
            RenderTableCell {TD} at (15,66) size 3x11 [bgcolor=#027777] [r=6 c=5 rs=1 cs=1]
              RenderInline {FONT} at (0,0) size 3x11
                RenderText {#text} at (0,0) size 3x11
                  text run at (0,0) width 3: " "
            RenderTableCell {TD} at (18,66) size 3x11 [bgcolor=#026766] [r=6 c=6 rs=1 cs=1]
              RenderInline {FONT} at (0,0) size 3x11
                RenderText {#text} at (0,0) size 3x11
                  text run at (0,0) width 3: " "
            RenderTableCell {TD} at (21,66) size 3x11 [bgcolor=#026766] [r=6 c=7 rs=1 cs=1]
              RenderInline {FONT} at (0,0) size 3x11
                RenderText {#text} at (0,0) size 3x11
                  text run at (0,0) width 3: " "
            RenderTableCell {TD} at (24,66) size 3x11 [bgcolor=#026766] [r=6 c=8 rs=1 cs=1]
              RenderInline {FONT} at (0,0) size 3x11
                RenderText {#text} at (0,0) size 3x11
                  text run at (0,0) width 3: " "
            RenderTableCell {TD} at (27,66) size 3x11 [bgcolor=#026766] [r=6 c=9 rs=1 cs=1]
              RenderInline {FONT} at (0,0) size 3x11
                RenderText {#text} at (0,0) size 3x11
                  text run at (0,0) width 3: " "
            RenderTableCell {TD} at (30,66) size 3x11 [bgcolor=#026766] [r=6 c=10 rs=1 cs=1]
              RenderInline {FONT} at (0,0) size 3x11
                RenderText {#text} at (0,0) size 3x11
                  text run at (0,0) width 3: " "
            RenderTableCell {TD} at (33,66) size 3x11 [bgcolor=#025E5E] [r=6 c=11 rs=1 cs=1]
              RenderInline {FONT} at (0,0) size 3x11
                RenderText {#text} at (0,0) size 3x11
                  text run at (0,0) width 3: " "
            RenderTableCell {TD} at (36,66) size 3x11 [bgcolor=#025E5E] [r=6 c=12 rs=1 cs=1]
              RenderInline {FONT} at (0,0) size 3x11
                RenderText {#text} at (0,0) size 3x11
                  text run at (0,0) width 3: " "
            RenderTableCell {TD} at (39,66) size 3x11 [bgcolor=#044140] [r=6 c=13 rs=1 cs=1]
              RenderInline {FONT} at (0,0) size 3x11
                RenderText {#text} at (0,0) size 3x11
                  text run at (0,0) width 3: " "
            RenderTableCell {TD} at (42,66) size 3x11 [bgcolor=#223C3D] [r=6 c=14 rs=1 cs=1]
              RenderInline {FONT} at (0,0) size 3x11
                RenderText {#text} at (0,0) size 3x11
                  text run at (0,0) width 3: " "
            RenderTableCell {TD} at (45,66) size 3x11 [bgcolor=#696A69] [r=6 c=15 rs=1 cs=1]
              RenderInline {FONT} at (0,0) size 3x11
                RenderText {#text} at (0,0) size 3x11
                  text run at (0,0) width 3: " "
            RenderTableCell {TD} at (48,66) size 3x11 [bgcolor=#A5A6A6] [r=6 c=16 rs=1 cs=1]
              RenderInline {FONT} at (0,0) size 3x11
                RenderText {#text} at (0,0) size 3x11
                  text run at (0,0) width 3: " "
            RenderTableCell {TD} at (51,66) size 3x11 [bgcolor=#B4B4B4] [r=6 c=17 rs=1 cs=1]
              RenderInline {FONT} at (0,0) size 3x11
                RenderText {#text} at (0,0) size 3x11
                  text run at (0,0) width 3: " "
            RenderTableCell {TD} at (54,66) size 3x11 [bgcolor=#848788] [r=6 c=18 rs=1 cs=1]
              RenderInline {FONT} at (0,0) size 3x11
                RenderText {#text} at (0,0) size 3x11
                  text run at (0,0) width 3: " "
            RenderTableCell {TD} at (57,66) size 3x11 [bgcolor=#1E7A79] [r=6 c=19 rs=1 cs=1]
              RenderInline {FONT} at (0,0) size 3x11
                RenderText {#text} at (0,0) size 3x11
                  text run at (0,0) width 3: " "
            RenderTableCell {TD} at (60,66) size 3x11 [bgcolor=#027777] [r=6 c=20 rs=1 cs=1]
              RenderInline {FONT} at (0,0) size 3x11
                RenderText {#text} at (0,0) size 3x11
                  text run at (0,0) width 3: " "
            RenderTableCell {TD} at (63,66) size 3x11 [bgcolor=#026766] [r=6 c=21 rs=1 cs=1]
              RenderInline {FONT} at (0,0) size 3x11
                RenderText {#text} at (0,0) size 3x11
                  text run at (0,0) width 3: " "
            RenderTableCell {TD} at (66,66) size 3x11 [bgcolor=#026766] [r=6 c=22 rs=1 cs=1]
              RenderInline {FONT} at (0,0) size 3x11
                RenderText {#text} at (0,0) size 3x11
                  text run at (0,0) width 3: " "
            RenderTableCell {TD} at (69,66) size 3x11 [bgcolor=#026766] [r=6 c=23 rs=1 cs=1]
              RenderInline {FONT} at (0,0) size 3x11
                RenderText {#text} at (0,0) size 3x11
                  text run at (0,0) width 3: " "
            RenderTableCell {TD} at (72,66) size 3x11 [bgcolor=#026766] [r=6 c=24 rs=1 cs=1]
              RenderInline {FONT} at (0,0) size 3x11
                RenderText {#text} at (0,0) size 3x11
                  text run at (0,0) width 3: " "
            RenderTableCell {TD} at (75,66) size 3x11 [bgcolor=#026766] [r=6 c=25 rs=1 cs=1]
              RenderInline {FONT} at (0,0) size 3x11
                RenderText {#text} at (0,0) size 3x11
                  text run at (0,0) width 3: " "
            RenderTableCell {TD} at (78,66) size 3x11 [bgcolor=#026766] [r=6 c=26 rs=1 cs=1]
              RenderInline {FONT} at (0,0) size 3x11
                RenderText {#text} at (0,0) size 3x11
                  text run at (0,0) width 3: " "
            RenderTableCell {TD} at (81,66) size 3x11 [bgcolor=#026766] [r=6 c=27 rs=1 cs=1]
              RenderInline {FONT} at (0,0) size 3x11
                RenderText {#text} at (0,0) size 3x11
                  text run at (0,0) width 3: " "
            RenderTableCell {TD} at (84,66) size 3x11 [bgcolor=#025E5E] [r=6 c=28 rs=1 cs=1]
              RenderInline {FONT} at (0,0) size 3x11
                RenderText {#text} at (0,0) size 3x11
                  text run at (0,0) width 3: " "
            RenderTableCell {TD} at (87,66) size 3x11 [bgcolor=#025E5E] [r=6 c=29 rs=1 cs=1]
              RenderInline {FONT} at (0,0) size 3x11
                RenderText {#text} at (0,0) size 3x11
                  text run at (0,0) width 3: " "
            RenderTableCell {TD} at (90,66) size 3x11 [bgcolor=#044F4F] [r=6 c=30 rs=1 cs=1]
              RenderInline {FONT} at (0,0) size 3x11
                RenderText {#text} at (0,0) size 3x11
                  text run at (0,0) width 3: " "
            RenderTableCell {TD} at (93,66) size 3x11 [bgcolor=#696A69] [r=6 c=31 rs=1 cs=1]
              RenderInline {FONT} at (0,0) size 3x11
                RenderText {#text} at (0,0) size 3x11
                  text run at (0,0) width 3: " "
            RenderTableCell {TD} at (96,66) size 3x11 [bgcolor=#848788] [r=6 c=32 rs=1 cs=1]
              RenderInline {FONT} at (0,0) size 3x11
                RenderText {#text} at (0,0) size 3x11
                  text run at (0,0) width 3: " "
            RenderTableCell {TD} at (99,66) size 3x11 [bgcolor=#939494] [r=6 c=33 rs=1 cs=1]
              RenderInline {FONT} at (0,0) size 3x11
                RenderText {#text} at (0,0) size 3x11
                  text run at (0,0) width 3: " "
            RenderTableCell {TD} at (102,66) size 3x11 [bgcolor=#939494] [r=6 c=34 rs=1 cs=1]
              RenderInline {FONT} at (0,0) size 3x11
                RenderText {#text} at (0,0) size 3x11
                  text run at (0,0) width 3: " "
            RenderTableCell {TD} at (105,66) size 3x11 [bgcolor=#7B918F] [r=6 c=35 rs=1 cs=1]
              RenderInline {FONT} at (0,0) size 3x11
                RenderText {#text} at (0,0) size 3x11
                  text run at (0,0) width 3: " "
            RenderTableCell {TD} at (108,66) size 3x11 [bgcolor=#027777] [r=6 c=36 rs=1 cs=1]
              RenderInline {FONT} at (0,0) size 3x11
                RenderText {#text} at (0,0) size 3x11
                  text run at (0,0) width 3: " "
            RenderTableCell {TD} at (111,66) size 3x11 [bgcolor=#027777] [r=6 c=37 rs=1 cs=1]
              RenderInline {FONT} at (0,0) size 3x11
                RenderText {#text} at (0,0) size 3x11
                  text run at (0,0) width 3: " "
            RenderTableCell {TD} at (114,66) size 3x11 [bgcolor=#026766] [r=6 c=38 rs=1 cs=1]
              RenderInline {FONT} at (0,0) size 3x11
                RenderText {#text} at (0,0) size 3x11
                  text run at (0,0) width 3: " "
            RenderTableCell {TD} at (117,66) size 3x11 [bgcolor=#026766] [r=6 c=39 rs=1 cs=1]
              RenderInline {FONT} at (0,0) size 3x11
                RenderText {#text} at (0,0) size 3x11
                  text run at (0,0) width 3: " "
            RenderTableCell {TD} at (120,66) size 3x11 [bgcolor=#026766] [r=6 c=40 rs=1 cs=1]
              RenderInline {FONT} at (0,0) size 3x11
                RenderText {#text} at (0,0) size 3x11
                  text run at (0,0) width 3: " "
            RenderTableCell {TD} at (123,66) size 3x11 [bgcolor=#026766] [r=6 c=41 rs=1 cs=1]
              RenderInline {FONT} at (0,0) size 3x11
                RenderText {#text} at (0,0) size 3x11
                  text run at (0,0) width 3: " "
            RenderTableCell {TD} at (126,66) size 3x11 [bgcolor=#026766] [r=6 c=42 rs=1 cs=1]
              RenderInline {FONT} at (0,0) size 3x11
                RenderText {#text} at (0,0) size 3x11
                  text run at (0,0) width 3: " "
            RenderTableCell {TD} at (129,66) size 3x11 [bgcolor=#026766] [r=6 c=43 rs=1 cs=1]
              RenderInline {FONT} at (0,0) size 3x11
                RenderText {#text} at (0,0) size 3x11
                  text run at (0,0) width 3: " "
            RenderTableCell {TD} at (132,66) size 3x11 [bgcolor=#026766] [r=6 c=44 rs=1 cs=1]
              RenderInline {FONT} at (0,0) size 3x11
                RenderText {#text} at (0,0) size 3x11
                  text run at (0,0) width 3: " "
            RenderTableCell {TD} at (135,66) size 3x11 [bgcolor=#026766] [r=6 c=45 rs=1 cs=1]
              RenderInline {FONT} at (0,0) size 3x11
                RenderText {#text} at (0,0) size 3x11
                  text run at (0,0) width 3: " "
            RenderTableCell {TD} at (138,66) size 3x11 [bgcolor=#026766] [r=6 c=46 rs=1 cs=1]
              RenderInline {FONT} at (0,0) size 3x11
                RenderText {#text} at (0,0) size 3x11
                  text run at (0,0) width 3: " "
            RenderTableCell {TD} at (141,66) size 3x11 [bgcolor=#026766] [r=6 c=47 rs=1 cs=1]
              RenderInline {FONT} at (0,0) size 3x11
                RenderText {#text} at (0,0) size 3x11
                  text run at (0,0) width 3: " "
            RenderTableCell {TD} at (144,66) size 3x11 [bgcolor=#469191] [r=6 c=48 rs=1 cs=1]
              RenderInline {FONT} at (0,0) size 3x11
                RenderText {#text} at (0,0) size 3x11
                  text run at (0,0) width 3: " "
            RenderTableCell {TD} at (147,66) size 3x11 [bgcolor=#72A3A1] [r=6 c=49 rs=1 cs=1]
              RenderInline {FONT} at (0,0) size 3x11
                RenderText {#text} at (0,0) size 3x11
                  text run at (0,0) width 3: " "
            RenderTableCell {TD} at (150,66) size 3x11 [bgcolor=#338686] [r=6 c=50 rs=1 cs=1]
              RenderInline {FONT} at (0,0) size 3x11
                RenderText {#text} at (0,0) size 3x11
                  text run at (0,0) width 3: " "
            RenderTableCell {TD} at (153,66) size 3x11 [bgcolor=#025E5E] [r=6 c=51 rs=1 cs=1]
              RenderInline {FONT} at (0,0) size 3x11
                RenderText {#text} at (0,0) size 3x11
                  text run at (0,0) width 3: " "
            RenderTableCell {TD} at (156,66) size 3x11 [bgcolor=#044140] [r=6 c=52 rs=1 cs=1]
              RenderInline {FONT} at (0,0) size 3x11
                RenderText {#text} at (0,0) size 3x11
                  text run at (0,0) width 3: " "
            RenderTableCell {TD} at (159,66) size 3x11 [bgcolor=#083131] [r=6 c=53 rs=1 cs=1]
              RenderInline {FONT} at (0,0) size 3x11
                RenderText {#text} at (0,0) size 3x11
                  text run at (0,0) width 3: " "
            RenderTableCell {TD} at (162,66) size 3x11 [bgcolor=#083131] [r=6 c=54 rs=1 cs=1]
              RenderInline {FONT} at (0,0) size 3x11
                RenderText {#text} at (0,0) size 3x11
                  text run at (0,0) width 3: " "
            RenderTableCell {TD} at (165,66) size 3x11 [bgcolor=#2D3433] [r=6 c=55 rs=1 cs=1]
              RenderInline {FONT} at (0,0) size 3x11
                RenderText {#text} at (0,0) size 3x11
                  text run at (0,0) width 3: " "
            RenderTableCell {TD} at (168,66) size 3x11 [bgcolor=#3D4242] [r=6 c=56 rs=1 cs=1]
              RenderInline {FONT} at (0,0) size 3x11
                RenderText {#text} at (0,0) size 3x11
                  text run at (0,0) width 3: " "
            RenderTableCell {TD} at (171,66) size 3x11 [bgcolor=#515C5B] [r=6 c=57 rs=1 cs=1]
              RenderInline {FONT} at (0,0) size 3x11
                RenderText {#text} at (0,0) size 3x11
                  text run at (0,0) width 3: " "
            RenderTableCell {TD} at (174,66) size 3x11 [bgcolor=#777878] [r=6 c=58 rs=1 cs=1]
              RenderInline {FONT} at (0,0) size 3x11
                RenderText {#text} at (0,0) size 3x11
                  text run at (0,0) width 3: " "
            RenderTableCell {TD} at (177,66) size 3x11 [bgcolor=#848788] [r=6 c=59 rs=1 cs=1]
              RenderInline {FONT} at (0,0) size 3x11
                RenderText {#text} at (0,0) size 3x11
                  text run at (0,0) width 3: " "
            RenderTableCell {TD} at (180,66) size 3x11 [bgcolor=#939494] [r=6 c=60 rs=1 cs=1]
              RenderInline {FONT} at (0,0) size 3x11
                RenderText {#text} at (0,0) size 3x11
                  text run at (0,0) width 3: " "
            RenderTableCell {TD} at (183,66) size 3x11 [bgcolor=#5A8787] [r=6 c=61 rs=1 cs=1]
              RenderInline {FONT} at (0,0) size 3x11
                RenderText {#text} at (0,0) size 3x11
                  text run at (0,0) width 3: " "
            RenderTableCell {TD} at (186,66) size 3x11 [bgcolor=#048485] [r=6 c=62 rs=1 cs=1]
              RenderInline {FONT} at (0,0) size 3x11
                RenderText {#text} at (0,0) size 3x11
                  text run at (0,0) width 3: " "
            RenderTableCell {TD} at (189,66) size 3x11 [bgcolor=#048485] [r=6 c=63 rs=1 cs=1]
              RenderInline {FONT} at (0,0) size 3x11
                RenderText {#text} at (0,0) size 3x11
                  text run at (0,0) width 3: " "
            RenderTableCell {TD} at (192,66) size 3x11 [bgcolor=#027777] [r=6 c=64 rs=1 cs=1]
              RenderInline {FONT} at (0,0) size 3x11
                RenderText {#text} at (0,0) size 3x11
                  text run at (0,0) width 3: " "
            RenderTableCell {TD} at (195,66) size 3x11 [bgcolor=#026766] [r=6 c=65 rs=1 cs=1]
              RenderInline {FONT} at (0,0) size 3x11
                RenderText {#text} at (0,0) size 3x11
                  text run at (0,0) width 3: " "
            RenderTableCell {TD} at (198,66) size 3x11 [bgcolor=#026766] [r=6 c=66 rs=1 cs=1]
              RenderInline {FONT} at (0,0) size 3x11
                RenderText {#text} at (0,0) size 3x11
                  text run at (0,0) width 3: " "
            RenderTableCell {TD} at (201,66) size 3x11 [bgcolor=#026766] [r=6 c=67 rs=1 cs=1]
              RenderInline {FONT} at (0,0) size 3x11
                RenderText {#text} at (0,0) size 3x11
                  text run at (0,0) width 3: " "
            RenderTableCell {TD} at (204,66) size 3x11 [bgcolor=#026766] [r=6 c=68 rs=1 cs=1]
              RenderInline {FONT} at (0,0) size 3x11
                RenderText {#text} at (0,0) size 3x11
                  text run at (0,0) width 3: " "
            RenderTableCell {TD} at (207,66) size 3x11 [bgcolor=#026766] [r=6 c=69 rs=1 cs=1]
              RenderInline {FONT} at (0,0) size 3x11
                RenderText {#text} at (0,0) size 3x11
                  text run at (0,0) width 3: " "
            RenderTableCell {TD} at (210,66) size 3x11 [bgcolor=#1A6B6A] [r=6 c=70 rs=1 cs=1]
              RenderInline {FONT} at (0,0) size 3x11
                RenderText {#text} at (0,0) size 3x11
                  text run at (0,0) width 3: " "
            RenderTableCell {TD} at (213,66) size 3x11 [bgcolor=#589594] [r=6 c=71 rs=1 cs=1]
              RenderInline {FONT} at (0,0) size 3x11
                RenderText {#text} at (0,0) size 3x11
                  text run at (0,0) width 3: " "
            RenderTableCell {TD} at (216,66) size 3x11 [bgcolor=#7B918F] [r=6 c=72 rs=1 cs=1]
              RenderInline {FONT} at (0,0) size 3x11
                RenderText {#text} at (0,0) size 3x11
                  text run at (0,0) width 3: " "
            RenderTableCell {TD} at (219,66) size 3x11 [bgcolor=#274C4D] [r=6 c=73 rs=1 cs=1]
              RenderInline {FONT} at (0,0) size 3x11
                RenderText {#text} at (0,0) size 3x11
                  text run at (0,0) width 3: " "
            RenderTableCell {TD} at (222,66) size 3x11 [bgcolor=#2D3433] [r=6 c=74 rs=1 cs=1]
              RenderInline {FONT} at (0,0) size 3x11
                RenderText {#text} at (0,0) size 3x11
                  text run at (0,0) width 3: " "
            RenderTableCell {TD} at (225,66) size 3x11 [bgcolor=#3D4242] [r=6 c=75 rs=1 cs=1]
              RenderInline {FONT} at (0,0) size 3x11
                RenderText {#text} at (0,0) size 3x11
                  text run at (0,0) width 3: " "
            RenderTableCell {TD} at (228,66) size 3x11 [bgcolor=#4D4F4F] [r=6 c=76 rs=1 cs=1]
              RenderInline {FONT} at (0,0) size 3x11
                RenderText {#text} at (0,0) size 3x11
                  text run at (0,0) width 3: " "
            RenderTableCell {TD} at (231,66) size 3x11 [bgcolor=#515C5B] [r=6 c=77 rs=1 cs=1]
              RenderInline {FONT} at (0,0) size 3x11
                RenderText {#text} at (0,0) size 3x11
                  text run at (0,0) width 3: " "
            RenderTableCell {TD} at (234,66) size 3x11 [bgcolor=#1A6B6A] [r=6 c=78 rs=1 cs=1]
              RenderInline {FONT} at (0,0) size 3x11
                RenderText {#text} at (0,0) size 3x11
                  text run at (0,0) width 3: " "
            RenderTableCell {TD} at (237,66) size 3x11 [bgcolor=#026766] [r=6 c=79 rs=1 cs=1]
              RenderInline {FONT} at (0,0) size 3x11
                RenderText {#text} at (0,0) size 3x11
                  text run at (0,0) width 3: " "
            RenderTableCell {TD} at (240,66) size 3x11 [bgcolor=#026766] [r=6 c=80 rs=1 cs=1]
              RenderInline {FONT} at (0,0) size 3x11
                RenderText {#text} at (0,0) size 3x11
                  text run at (0,0) width 3: " "
            RenderTableCell {TD} at (243,66) size 3x11 [bgcolor=#026766] [r=6 c=81 rs=1 cs=1]
              RenderInline {FONT} at (0,0) size 3x11
                RenderText {#text} at (0,0) size 3x11
                  text run at (0,0) width 3: " "
            RenderTableCell {TD} at (246,66) size 3x11 [bgcolor=#026766] [r=6 c=82 rs=1 cs=1]
              RenderInline {FONT} at (0,0) size 3x11
                RenderText {#text} at (0,0) size 3x11
                  text run at (0,0) width 3: " "
            RenderTableCell {TD} at (249,66) size 3x11 [bgcolor=#026766] [r=6 c=83 rs=1 cs=1]
              RenderInline {FONT} at (0,0) size 3x11
                RenderText {#text} at (0,0) size 3x11
                  text run at (0,0) width 3: " "
            RenderTableCell {TD} at (252,66) size 3x11 [bgcolor=#026766] [r=6 c=84 rs=1 cs=1]
              RenderInline {FONT} at (0,0) size 3x11
                RenderText {#text} at (0,0) size 3x11
                  text run at (0,0) width 3: " "
            RenderTableCell {TD} at (255,66) size 3x11 [bgcolor=#026766] [r=6 c=85 rs=1 cs=1]
              RenderInline {FONT} at (0,0) size 3x11
                RenderText {#text} at (0,0) size 3x11
                  text run at (0,0) width 3: " "
            RenderTableCell {TD} at (258,66) size 3x11 [bgcolor=#026766] [r=6 c=86 rs=1 cs=1]
              RenderInline {FONT} at (0,0) size 3x11
                RenderText {#text} at (0,0) size 3x11
                  text run at (0,0) width 3: " "
            RenderTableCell {TD} at (261,66) size 3x11 [bgcolor=#026766] [r=6 c=87 rs=1 cs=1]
              RenderInline {FONT} at (0,0) size 3x11
                RenderText {#text} at (0,0) size 3x11
                  text run at (0,0) width 3: " "
            RenderTableCell {TD} at (264,66) size 3x11 [bgcolor=#026766] [r=6 c=88 rs=1 cs=1]
              RenderInline {FONT} at (0,0) size 3x11
                RenderText {#text} at (0,0) size 3x11
                  text run at (0,0) width 3: " "
            RenderTableCell {TD} at (267,66) size 3x11 [bgcolor=#026766] [r=6 c=89 rs=1 cs=1]
              RenderInline {FONT} at (0,0) size 3x11
                RenderText {#text} at (0,0) size 3x11
                  text run at (0,0) width 3: " "
            RenderTableCell {TD} at (270,66) size 3x11 [bgcolor=#026766] [r=6 c=90 rs=1 cs=1]
              RenderInline {FONT} at (0,0) size 3x11
                RenderText {#text} at (0,0) size 3x11
                  text run at (0,0) width 3: " "
            RenderTableCell {TD} at (273,66) size 3x11 [bgcolor=#025E5E] [r=6 c=91 rs=1 cs=1]
              RenderInline {FONT} at (0,0) size 3x11
                RenderText {#text} at (0,0) size 3x11
                  text run at (0,0) width 3: " "
            RenderTableCell {TD} at (276,66) size 3x11 [bgcolor=#044F4F] [r=6 c=92 rs=1 cs=1]
              RenderInline {FONT} at (0,0) size 3x11
                RenderText {#text} at (0,0) size 3x11
                  text run at (0,0) width 3: " "
            RenderTableCell {TD} at (279,66) size 3x11 [bgcolor=#044140] [r=6 c=93 rs=1 cs=1]
              RenderInline {FONT} at (0,0) size 3x11
                RenderText {#text} at (0,0) size 3x11
                  text run at (0,0) width 3: " "
            RenderTableCell {TD} at (282,66) size 3x11 [bgcolor=#223C3D] [r=6 c=94 rs=1 cs=1]
              RenderInline {FONT} at (0,0) size 3x11
                RenderText {#text} at (0,0) size 3x11
                  text run at (0,0) width 3: " "
            RenderTableCell {TD} at (285,66) size 3x11 [bgcolor=#5E5F60] [r=6 c=95 rs=1 cs=1]
              RenderInline {FONT} at (0,0) size 3x11
                RenderText {#text} at (0,0) size 3x11
                  text run at (0,0) width 3: " "
            RenderTableCell {TD} at (288,66) size 3x11 [bgcolor=#777878] [r=6 c=96 rs=1 cs=1]
              RenderInline {FONT} at (0,0) size 3x11
                RenderText {#text} at (0,0) size 3x11
                  text run at (0,0) width 3: " "
            RenderTableCell {TD} at (291,66) size 3x11 [bgcolor=#848788] [r=6 c=97 rs=1 cs=1]
              RenderInline {FONT} at (0,0) size 3x11
                RenderText {#text} at (0,0) size 3x11
                  text run at (0,0) width 3: " "
            RenderTableCell {TD} at (294,66) size 3x11 [bgcolor=#777878] [r=6 c=98 rs=1 cs=1]
              RenderInline {FONT} at (0,0) size 3x11
                RenderText {#text} at (0,0) size 3x11
                  text run at (0,0) width 3: " "
            RenderTableCell {TD} at (297,66) size 3x11 [bgcolor=#4D4F4F] [r=6 c=99 rs=1 cs=1]
              RenderInline {FONT} at (0,0) size 3x11
                RenderText {#text} at (0,0) size 3x11
                  text run at (0,0) width 3: " "
          RenderTableRow {TR} at (0,77) size 300x11
            RenderTableCell {TD} at (0,77) size 3x11 [bgcolor=#FDFDFB] [r=7 c=0 rs=1 cs=1]
              RenderInline {FONT} at (0,0) size 3x11
                RenderText {#text} at (0,0) size 3x11
                  text run at (0,0) width 3: " "
            RenderTableCell {TD} at (3,77) size 3x11 [bgcolor=#EDEEEF] [r=7 c=1 rs=1 cs=1]
              RenderInline {FONT} at (0,0) size 3x11
                RenderText {#text} at (0,0) size 3x11
                  text run at (0,0) width 3: " "
            RenderTableCell {TD} at (6,77) size 3x11 [bgcolor=#249393] [r=7 c=2 rs=1 cs=1]
              RenderInline {FONT} at (0,0) size 3x11
                RenderText {#text} at (0,0) size 3x11
                  text run at (0,0) width 3: " "
            RenderTableCell {TD} at (9,77) size 3x11 [bgcolor=#048485] [r=7 c=3 rs=1 cs=1]
              RenderInline {FONT} at (0,0) size 3x11
                RenderText {#text} at (0,0) size 3x11
                  text run at (0,0) width 3: " "
            RenderTableCell {TD} at (12,77) size 3x11 [bgcolor=#027777] [r=7 c=4 rs=1 cs=1]
              RenderInline {FONT} at (0,0) size 3x11
                RenderText {#text} at (0,0) size 3x11
                  text run at (0,0) width 3: " "
            RenderTableCell {TD} at (15,77) size 3x11 [bgcolor=#026766] [r=7 c=5 rs=1 cs=1]
              RenderInline {FONT} at (0,0) size 3x11
                RenderText {#text} at (0,0) size 3x11
                  text run at (0,0) width 3: " "
            RenderTableCell {TD} at (18,77) size 3x11 [bgcolor=#026766] [r=7 c=6 rs=1 cs=1]
              RenderInline {FONT} at (0,0) size 3x11
                RenderText {#text} at (0,0) size 3x11
                  text run at (0,0) width 3: " "
            RenderTableCell {TD} at (21,77) size 3x11 [bgcolor=#026766] [r=7 c=7 rs=1 cs=1]
              RenderInline {FONT} at (0,0) size 3x11
                RenderText {#text} at (0,0) size 3x11
                  text run at (0,0) width 3: " "
            RenderTableCell {TD} at (24,77) size 3x11 [bgcolor=#026766] [r=7 c=8 rs=1 cs=1]
              RenderInline {FONT} at (0,0) size 3x11
                RenderText {#text} at (0,0) size 3x11
                  text run at (0,0) width 3: " "
            RenderTableCell {TD} at (27,77) size 3x11 [bgcolor=#026766] [r=7 c=9 rs=1 cs=1]
              RenderInline {FONT} at (0,0) size 3x11
                RenderText {#text} at (0,0) size 3x11
                  text run at (0,0) width 3: " "
            RenderTableCell {TD} at (30,77) size 3x11 [bgcolor=#026766] [r=7 c=10 rs=1 cs=1]
              RenderInline {FONT} at (0,0) size 3x11
                RenderText {#text} at (0,0) size 3x11
                  text run at (0,0) width 3: " "
            RenderTableCell {TD} at (33,77) size 3x11 [bgcolor=#025E5E] [r=7 c=11 rs=1 cs=1]
              RenderInline {FONT} at (0,0) size 3x11
                RenderText {#text} at (0,0) size 3x11
                  text run at (0,0) width 3: " "
            RenderTableCell {TD} at (36,77) size 3x11 [bgcolor=#025E5E] [r=7 c=12 rs=1 cs=1]
              RenderInline {FONT} at (0,0) size 3x11
                RenderText {#text} at (0,0) size 3x11
                  text run at (0,0) width 3: " "
            RenderTableCell {TD} at (39,77) size 3x11 [bgcolor=#044140] [r=7 c=13 rs=1 cs=1]
              RenderInline {FONT} at (0,0) size 3x11
                RenderText {#text} at (0,0) size 3x11
                  text run at (0,0) width 3: " "
            RenderTableCell {TD} at (42,77) size 3x11 [bgcolor=#223C3D] [r=7 c=14 rs=1 cs=1]
              RenderInline {FONT} at (0,0) size 3x11
                RenderText {#text} at (0,0) size 3x11
                  text run at (0,0) width 3: " "
            RenderTableCell {TD} at (45,77) size 3x11 [bgcolor=#848788] [r=7 c=15 rs=1 cs=1]
              RenderInline {FONT} at (0,0) size 3x11
                RenderText {#text} at (0,0) size 3x11
                  text run at (0,0) width 3: " "
            RenderTableCell {TD} at (48,77) size 3x11 [bgcolor=#FDFDFB] [r=7 c=16 rs=1 cs=1]
              RenderInline {FONT} at (0,0) size 3x11
                RenderText {#text} at (0,0) size 3x11
                  text run at (0,0) width 3: " "
            RenderTableCell {TD} at (51,77) size 3x11 [bgcolor=#FDFDFB] [r=7 c=17 rs=1 cs=1]
              RenderInline {FONT} at (0,0) size 3x11
                RenderText {#text} at (0,0) size 3x11
                  text run at (0,0) width 3: " "
            RenderTableCell {TD} at (54,77) size 3x11 [bgcolor=#4D4F4F] [r=7 c=18 rs=1 cs=1]
              RenderInline {FONT} at (0,0) size 3x11
                RenderText {#text} at (0,0) size 3x11
                  text run at (0,0) width 3: " "
            RenderTableCell {TD} at (57,77) size 3x11 [bgcolor=#1E7A79] [r=7 c=19 rs=1 cs=1]
              RenderInline {FONT} at (0,0) size 3x11
                RenderText {#text} at (0,0) size 3x11
                  text run at (0,0) width 3: " "
            RenderTableCell {TD} at (60,77) size 3x11 [bgcolor=#027777] [r=7 c=20 rs=1 cs=1]
              RenderInline {FONT} at (0,0) size 3x11
                RenderText {#text} at (0,0) size 3x11
                  text run at (0,0) width 3: " "
            RenderTableCell {TD} at (63,77) size 3x11 [bgcolor=#026766] [r=7 c=21 rs=1 cs=1]
              RenderInline {FONT} at (0,0) size 3x11
                RenderText {#text} at (0,0) size 3x11
                  text run at (0,0) width 3: " "
            RenderTableCell {TD} at (66,77) size 3x11 [bgcolor=#026766] [r=7 c=22 rs=1 cs=1]
              RenderInline {FONT} at (0,0) size 3x11
                RenderText {#text} at (0,0) size 3x11
                  text run at (0,0) width 3: " "
            RenderTableCell {TD} at (69,77) size 3x11 [bgcolor=#026766] [r=7 c=23 rs=1 cs=1]
              RenderInline {FONT} at (0,0) size 3x11
                RenderText {#text} at (0,0) size 3x11
                  text run at (0,0) width 3: " "
            RenderTableCell {TD} at (72,77) size 3x11 [bgcolor=#026766] [r=7 c=24 rs=1 cs=1]
              RenderInline {FONT} at (0,0) size 3x11
                RenderText {#text} at (0,0) size 3x11
                  text run at (0,0) width 3: " "
            RenderTableCell {TD} at (75,77) size 3x11 [bgcolor=#026766] [r=7 c=25 rs=1 cs=1]
              RenderInline {FONT} at (0,0) size 3x11
                RenderText {#text} at (0,0) size 3x11
                  text run at (0,0) width 3: " "
            RenderTableCell {TD} at (78,77) size 3x11 [bgcolor=#026766] [r=7 c=26 rs=1 cs=1]
              RenderInline {FONT} at (0,0) size 3x11
                RenderText {#text} at (0,0) size 3x11
                  text run at (0,0) width 3: " "
            RenderTableCell {TD} at (81,77) size 3x11 [bgcolor=#026766] [r=7 c=27 rs=1 cs=1]
              RenderInline {FONT} at (0,0) size 3x11
                RenderText {#text} at (0,0) size 3x11
                  text run at (0,0) width 3: " "
            RenderTableCell {TD} at (84,77) size 3x11 [bgcolor=#025E5E] [r=7 c=28 rs=1 cs=1]
              RenderInline {FONT} at (0,0) size 3x11
                RenderText {#text} at (0,0) size 3x11
                  text run at (0,0) width 3: " "
            RenderTableCell {TD} at (87,77) size 3x11 [bgcolor=#025E5E] [r=7 c=29 rs=1 cs=1]
              RenderInline {FONT} at (0,0) size 3x11
                RenderText {#text} at (0,0) size 3x11
                  text run at (0,0) width 3: " "
            RenderTableCell {TD} at (90,77) size 3x11 [bgcolor=#044F4F] [r=7 c=30 rs=1 cs=1]
              RenderInline {FONT} at (0,0) size 3x11
                RenderText {#text} at (0,0) size 3x11
                  text run at (0,0) width 3: " "
            RenderTableCell {TD} at (93,77) size 3x11 [bgcolor=#274C4D] [r=7 c=31 rs=1 cs=1]
              RenderInline {FONT} at (0,0) size 3x11
                RenderText {#text} at (0,0) size 3x11
                  text run at (0,0) width 3: " "
            RenderTableCell {TD} at (96,77) size 3x11 [bgcolor=#777878] [r=7 c=32 rs=1 cs=1]
              RenderInline {FONT} at (0,0) size 3x11
                RenderText {#text} at (0,0) size 3x11
                  text run at (0,0) width 3: " "
            RenderTableCell {TD} at (99,77) size 3x11 [bgcolor=#848788] [r=7 c=33 rs=1 cs=1]
              RenderInline {FONT} at (0,0) size 3x11
                RenderText {#text} at (0,0) size 3x11
                  text run at (0,0) width 3: " "
            RenderTableCell {TD} at (102,77) size 3x11 [bgcolor=#939494] [r=7 c=34 rs=1 cs=1]
              RenderInline {FONT} at (0,0) size 3x11
                RenderText {#text} at (0,0) size 3x11
                  text run at (0,0) width 3: " "
            RenderTableCell {TD} at (105,77) size 3x11 [bgcolor=#7B918F] [r=7 c=35 rs=1 cs=1]
              RenderInline {FONT} at (0,0) size 3x11
                RenderText {#text} at (0,0) size 3x11
                  text run at (0,0) width 3: " "
            RenderTableCell {TD} at (108,77) size 3x11 [bgcolor=#027777] [r=7 c=36 rs=1 cs=1]
              RenderInline {FONT} at (0,0) size 3x11
                RenderText {#text} at (0,0) size 3x11
                  text run at (0,0) width 3: " "
            RenderTableCell {TD} at (111,77) size 3x11 [bgcolor=#027777] [r=7 c=37 rs=1 cs=1]
              RenderInline {FONT} at (0,0) size 3x11
                RenderText {#text} at (0,0) size 3x11
                  text run at (0,0) width 3: " "
            RenderTableCell {TD} at (114,77) size 3x11 [bgcolor=#026766] [r=7 c=38 rs=1 cs=1]
              RenderInline {FONT} at (0,0) size 3x11
                RenderText {#text} at (0,0) size 3x11
                  text run at (0,0) width 3: " "
            RenderTableCell {TD} at (117,77) size 3x11 [bgcolor=#026766] [r=7 c=39 rs=1 cs=1]
              RenderInline {FONT} at (0,0) size 3x11
                RenderText {#text} at (0,0) size 3x11
                  text run at (0,0) width 3: " "
            RenderTableCell {TD} at (120,77) size 3x11 [bgcolor=#026766] [r=7 c=40 rs=1 cs=1]
              RenderInline {FONT} at (0,0) size 3x11
                RenderText {#text} at (0,0) size 3x11
                  text run at (0,0) width 3: " "
            RenderTableCell {TD} at (123,77) size 3x11 [bgcolor=#026766] [r=7 c=41 rs=1 cs=1]
              RenderInline {FONT} at (0,0) size 3x11
                RenderText {#text} at (0,0) size 3x11
                  text run at (0,0) width 3: " "
            RenderTableCell {TD} at (126,77) size 3x11 [bgcolor=#026766] [r=7 c=42 rs=1 cs=1]
              RenderInline {FONT} at (0,0) size 3x11
                RenderText {#text} at (0,0) size 3x11
                  text run at (0,0) width 3: " "
            RenderTableCell {TD} at (129,77) size 3x11 [bgcolor=#026766] [r=7 c=43 rs=1 cs=1]
              RenderInline {FONT} at (0,0) size 3x11
                RenderText {#text} at (0,0) size 3x11
                  text run at (0,0) width 3: " "
            RenderTableCell {TD} at (132,77) size 3x11 [bgcolor=#026766] [r=7 c=44 rs=1 cs=1]
              RenderInline {FONT} at (0,0) size 3x11
                RenderText {#text} at (0,0) size 3x11
                  text run at (0,0) width 3: " "
            RenderTableCell {TD} at (135,77) size 3x11 [bgcolor=#026766] [r=7 c=45 rs=1 cs=1]
              RenderInline {FONT} at (0,0) size 3x11
                RenderText {#text} at (0,0) size 3x11
                  text run at (0,0) width 3: " "
            RenderTableCell {TD} at (138,77) size 3x11 [bgcolor=#026766] [r=7 c=46 rs=1 cs=1]
              RenderInline {FONT} at (0,0) size 3x11
                RenderText {#text} at (0,0) size 3x11
                  text run at (0,0) width 3: " "
            RenderTableCell {TD} at (141,77) size 3x11 [bgcolor=#1A6B6A] [r=7 c=47 rs=1 cs=1]
              RenderInline {FONT} at (0,0) size 3x11
                RenderText {#text} at (0,0) size 3x11
                  text run at (0,0) width 3: " "
            RenderTableCell {TD} at (144,77) size 3x11 [bgcolor=#B6D0D1] [r=7 c=48 rs=1 cs=1]
              RenderInline {FONT} at (0,0) size 3x11
                RenderText {#text} at (0,0) size 3x11
                  text run at (0,0) width 3: " "
            RenderTableCell {TD} at (147,77) size 3x11 [bgcolor=#FDFDFB] [r=7 c=49 rs=1 cs=1]
              RenderInline {FONT} at (0,0) size 3x11
                RenderText {#text} at (0,0) size 3x11
                  text run at (0,0) width 3: " "
            RenderTableCell {TD} at (150,77) size 3x11 [bgcolor=#7B918F] [r=7 c=50 rs=1 cs=1]
              RenderInline {FONT} at (0,0) size 3x11
                RenderText {#text} at (0,0) size 3x11
                  text run at (0,0) width 3: " "
            RenderTableCell {TD} at (153,77) size 3x11 [bgcolor=#044140] [r=7 c=51 rs=1 cs=1]
              RenderInline {FONT} at (0,0) size 3x11
                RenderText {#text} at (0,0) size 3x11
                  text run at (0,0) width 3: " "
            RenderTableCell {TD} at (156,77) size 3x11 [bgcolor=#083131] [r=7 c=52 rs=1 cs=1]
              RenderInline {FONT} at (0,0) size 3x11
                RenderText {#text} at (0,0) size 3x11
                  text run at (0,0) width 3: " "
            RenderTableCell {TD} at (159,77) size 3x11 [bgcolor=#083131] [r=7 c=53 rs=1 cs=1]
              RenderInline {FONT} at (0,0) size 3x11
                RenderText {#text} at (0,0) size 3x11
                  text run at (0,0) width 3: " "
            RenderTableCell {TD} at (162,77) size 3x11 [bgcolor=#2D3433] [r=7 c=54 rs=1 cs=1]
              RenderInline {FONT} at (0,0) size 3x11
                RenderText {#text} at (0,0) size 3x11
                  text run at (0,0) width 3: " "
            RenderTableCell {TD} at (165,77) size 3x11 [bgcolor=#4D4F4F] [r=7 c=55 rs=1 cs=1]
              RenderInline {FONT} at (0,0) size 3x11
                RenderText {#text} at (0,0) size 3x11
                  text run at (0,0) width 3: " "
            RenderTableCell {TD} at (168,77) size 3x11 [bgcolor=#5E5F60] [r=7 c=56 rs=1 cs=1]
              RenderInline {FONT} at (0,0) size 3x11
                RenderText {#text} at (0,0) size 3x11
                  text run at (0,0) width 3: " "
            RenderTableCell {TD} at (171,77) size 3x11 [bgcolor=#777878] [r=7 c=57 rs=1 cs=1]
              RenderInline {FONT} at (0,0) size 3x11
                RenderText {#text} at (0,0) size 3x11
                  text run at (0,0) width 3: " "
            RenderTableCell {TD} at (174,77) size 3x11 [bgcolor=#848788] [r=7 c=58 rs=1 cs=1]
              RenderInline {FONT} at (0,0) size 3x11
                RenderText {#text} at (0,0) size 3x11
                  text run at (0,0) width 3: " "
            RenderTableCell {TD} at (177,77) size 3x11 [bgcolor=#939494] [r=7 c=59 rs=1 cs=1]
              RenderInline {FONT} at (0,0) size 3x11
                RenderText {#text} at (0,0) size 3x11
                  text run at (0,0) width 3: " "
            RenderTableCell {TD} at (180,77) size 3x11 [bgcolor=#939494] [r=7 c=60 rs=1 cs=1]
              RenderInline {FONT} at (0,0) size 3x11
                RenderText {#text} at (0,0) size 3x11
                  text run at (0,0) width 3: " "
            RenderTableCell {TD} at (183,77) size 3x11 [bgcolor=#1B8685] [r=7 c=61 rs=1 cs=1]
              RenderInline {FONT} at (0,0) size 3x11
                RenderText {#text} at (0,0) size 3x11
                  text run at (0,0) width 3: " "
            RenderTableCell {TD} at (186,77) size 3x11 [bgcolor=#048485] [r=7 c=62 rs=1 cs=1]
              RenderInline {FONT} at (0,0) size 3x11
                RenderText {#text} at (0,0) size 3x11
                  text run at (0,0) width 3: " "
            RenderTableCell {TD} at (189,77) size 3x11 [bgcolor=#027777] [r=7 c=63 rs=1 cs=1]
              RenderInline {FONT} at (0,0) size 3x11
                RenderText {#text} at (0,0) size 3x11
                  text run at (0,0) width 3: " "
            RenderTableCell {TD} at (192,77) size 3x11 [bgcolor=#026766] [r=7 c=64 rs=1 cs=1]
              RenderInline {FONT} at (0,0) size 3x11
                RenderText {#text} at (0,0) size 3x11
                  text run at (0,0) width 3: " "
            RenderTableCell {TD} at (195,77) size 3x11 [bgcolor=#026766] [r=7 c=65 rs=1 cs=1]
              RenderInline {FONT} at (0,0) size 3x11
                RenderText {#text} at (0,0) size 3x11
                  text run at (0,0) width 3: " "
            RenderTableCell {TD} at (198,77) size 3x11 [bgcolor=#026766] [r=7 c=66 rs=1 cs=1]
              RenderInline {FONT} at (0,0) size 3x11
                RenderText {#text} at (0,0) size 3x11
                  text run at (0,0) width 3: " "
            RenderTableCell {TD} at (201,77) size 3x11 [bgcolor=#026766] [r=7 c=67 rs=1 cs=1]
              RenderInline {FONT} at (0,0) size 3x11
                RenderText {#text} at (0,0) size 3x11
                  text run at (0,0) width 3: " "
            RenderTableCell {TD} at (204,77) size 3x11 [bgcolor=#026766] [r=7 c=68 rs=1 cs=1]
              RenderInline {FONT} at (0,0) size 3x11
                RenderText {#text} at (0,0) size 3x11
                  text run at (0,0) width 3: " "
            RenderTableCell {TD} at (207,77) size 3x11 [bgcolor=#026766] [r=7 c=69 rs=1 cs=1]
              RenderInline {FONT} at (0,0) size 3x11
                RenderText {#text} at (0,0) size 3x11
                  text run at (0,0) width 3: " "
            RenderTableCell {TD} at (210,77) size 3x11 [bgcolor=#1E7A79] [r=7 c=70 rs=1 cs=1]
              RenderInline {FONT} at (0,0) size 3x11
                RenderText {#text} at (0,0) size 3x11
                  text run at (0,0) width 3: " "
            RenderTableCell {TD} at (213,77) size 3x11 [bgcolor=#E0EAE9] [r=7 c=71 rs=1 cs=1]
              RenderInline {FONT} at (0,0) size 3x11
                RenderText {#text} at (0,0) size 3x11
                  text run at (0,0) width 3: " "
            RenderTableCell {TD} at (216,77) size 3x11 [bgcolor=#FDFDFB] [r=7 c=72 rs=1 cs=1]
              RenderInline {FONT} at (0,0) size 3x11
                RenderText {#text} at (0,0) size 3x11
                  text run at (0,0) width 3: " "
            RenderTableCell {TD} at (219,77) size 3x11 [bgcolor=#515C5B] [r=7 c=73 rs=1 cs=1]
              RenderInline {FONT} at (0,0) size 3x11
                RenderText {#text} at (0,0) size 3x11
                  text run at (0,0) width 3: " "
            RenderTableCell {TD} at (222,77) size 3x11 [bgcolor=#3D4242] [r=7 c=74 rs=1 cs=1]
              RenderInline {FONT} at (0,0) size 3x11
                RenderText {#text} at (0,0) size 3x11
                  text run at (0,0) width 3: " "
            RenderTableCell {TD} at (225,77) size 3x11 [bgcolor=#515C5B] [r=7 c=75 rs=1 cs=1]
              RenderInline {FONT} at (0,0) size 3x11
                RenderText {#text} at (0,0) size 3x11
                  text run at (0,0) width 3: " "
            RenderTableCell {TD} at (228,77) size 3x11 [bgcolor=#696A69] [r=7 c=76 rs=1 cs=1]
              RenderInline {FONT} at (0,0) size 3x11
                RenderText {#text} at (0,0) size 3x11
                  text run at (0,0) width 3: " "
            RenderTableCell {TD} at (231,77) size 3x11 [bgcolor=#777878] [r=7 c=77 rs=1 cs=1]
              RenderInline {FONT} at (0,0) size 3x11
                RenderText {#text} at (0,0) size 3x11
                  text run at (0,0) width 3: " "
            RenderTableCell {TD} at (234,77) size 3x11 [bgcolor=#1E7A79] [r=7 c=78 rs=1 cs=1]
              RenderInline {FONT} at (0,0) size 3x11
                RenderText {#text} at (0,0) size 3x11
                  text run at (0,0) width 3: " "
            RenderTableCell {TD} at (237,77) size 3x11 [bgcolor=#027777] [r=7 c=79 rs=1 cs=1]
              RenderInline {FONT} at (0,0) size 3x11
                RenderText {#text} at (0,0) size 3x11
                  text run at (0,0) width 3: " "
            RenderTableCell {TD} at (240,77) size 3x11 [bgcolor=#026766] [r=7 c=80 rs=1 cs=1]
              RenderInline {FONT} at (0,0) size 3x11
                RenderText {#text} at (0,0) size 3x11
                  text run at (0,0) width 3: " "
            RenderTableCell {TD} at (243,77) size 3x11 [bgcolor=#026766] [r=7 c=81 rs=1 cs=1]
              RenderInline {FONT} at (0,0) size 3x11
                RenderText {#text} at (0,0) size 3x11
                  text run at (0,0) width 3: " "
            RenderTableCell {TD} at (246,77) size 3x11 [bgcolor=#026766] [r=7 c=82 rs=1 cs=1]
              RenderInline {FONT} at (0,0) size 3x11
                RenderText {#text} at (0,0) size 3x11
                  text run at (0,0) width 3: " "
            RenderTableCell {TD} at (249,77) size 3x11 [bgcolor=#026766] [r=7 c=83 rs=1 cs=1]
              RenderInline {FONT} at (0,0) size 3x11
                RenderText {#text} at (0,0) size 3x11
                  text run at (0,0) width 3: " "
            RenderTableCell {TD} at (252,77) size 3x11 [bgcolor=#026766] [r=7 c=84 rs=1 cs=1]
              RenderInline {FONT} at (0,0) size 3x11
                RenderText {#text} at (0,0) size 3x11
                  text run at (0,0) width 3: " "
            RenderTableCell {TD} at (255,77) size 3x11 [bgcolor=#026766] [r=7 c=85 rs=1 cs=1]
              RenderInline {FONT} at (0,0) size 3x11
                RenderText {#text} at (0,0) size 3x11
                  text run at (0,0) width 3: " "
            RenderTableCell {TD} at (258,77) size 3x11 [bgcolor=#026766] [r=7 c=86 rs=1 cs=1]
              RenderInline {FONT} at (0,0) size 3x11
                RenderText {#text} at (0,0) size 3x11
                  text run at (0,0) width 3: " "
            RenderTableCell {TD} at (261,77) size 3x11 [bgcolor=#026766] [r=7 c=87 rs=1 cs=1]
              RenderInline {FONT} at (0,0) size 3x11
                RenderText {#text} at (0,0) size 3x11
                  text run at (0,0) width 3: " "
            RenderTableCell {TD} at (264,77) size 3x11 [bgcolor=#026766] [r=7 c=88 rs=1 cs=1]
              RenderInline {FONT} at (0,0) size 3x11
                RenderText {#text} at (0,0) size 3x11
                  text run at (0,0) width 3: " "
            RenderTableCell {TD} at (267,77) size 3x11 [bgcolor=#026766] [r=7 c=89 rs=1 cs=1]
              RenderInline {FONT} at (0,0) size 3x11
                RenderText {#text} at (0,0) size 3x11
                  text run at (0,0) width 3: " "
            RenderTableCell {TD} at (270,77) size 3x11 [bgcolor=#1E7A79] [r=7 c=90 rs=1 cs=1]
              RenderInline {FONT} at (0,0) size 3x11
                RenderText {#text} at (0,0) size 3x11
                  text run at (0,0) width 3: " "
            RenderTableCell {TD} at (273,77) size 3x11 [bgcolor=#8DB7B6] [r=7 c=91 rs=1 cs=1]
              RenderInline {FONT} at (0,0) size 3x11
                RenderText {#text} at (0,0) size 3x11
                  text run at (0,0) width 3: " "
            RenderTableCell {TD} at (276,77) size 3x11 [bgcolor=#97C1C0] [r=7 c=92 rs=1 cs=1]
              RenderInline {FONT} at (0,0) size 3x11
                RenderText {#text} at (0,0) size 3x11
                  text run at (0,0) width 3: " "
            RenderTableCell {TD} at (279,77) size 3x11 [bgcolor=#274C4D] [r=7 c=93 rs=1 cs=1]
              RenderInline {FONT} at (0,0) size 3x11
                RenderText {#text} at (0,0) size 3x11
                  text run at (0,0) width 3: " "
            RenderTableCell {TD} at (282,77) size 3x11 [bgcolor=#223C3D] [r=7 c=94 rs=1 cs=1]
              RenderInline {FONT} at (0,0) size 3x11
                RenderText {#text} at (0,0) size 3x11
                  text run at (0,0) width 3: " "
            RenderTableCell {TD} at (285,77) size 3x11 [bgcolor=#5E5F60] [r=7 c=95 rs=1 cs=1]
              RenderInline {FONT} at (0,0) size 3x11
                RenderText {#text} at (0,0) size 3x11
                  text run at (0,0) width 3: " "
            RenderTableCell {TD} at (288,77) size 3x11 [bgcolor=#777878] [r=7 c=96 rs=1 cs=1]
              RenderInline {FONT} at (0,0) size 3x11
                RenderText {#text} at (0,0) size 3x11
                  text run at (0,0) width 3: " "
            RenderTableCell {TD} at (291,77) size 3x11 [bgcolor=#848788] [r=7 c=97 rs=1 cs=1]
              RenderInline {FONT} at (0,0) size 3x11
                RenderText {#text} at (0,0) size 3x11
                  text run at (0,0) width 3: " "
            RenderTableCell {TD} at (294,77) size 3x11 [bgcolor=#777878] [r=7 c=98 rs=1 cs=1]
              RenderInline {FONT} at (0,0) size 3x11
                RenderText {#text} at (0,0) size 3x11
                  text run at (0,0) width 3: " "
            RenderTableCell {TD} at (297,77) size 3x11 [bgcolor=#4D4F4F] [r=7 c=99 rs=1 cs=1]
              RenderInline {FONT} at (0,0) size 3x11
                RenderText {#text} at (0,0) size 3x11
                  text run at (0,0) width 3: " "
          RenderTableRow {TR} at (0,88) size 300x11
            RenderTableCell {TD} at (0,88) size 3x11 [bgcolor=#FDFDFB] [r=8 c=0 rs=1 cs=1]
              RenderInline {FONT} at (0,0) size 3x11
                RenderText {#text} at (0,0) size 3x11
                  text run at (0,0) width 3: " "
            RenderTableCell {TD} at (3,88) size 3x11 [bgcolor=#97C1C0] [r=8 c=1 rs=1 cs=1]
              RenderInline {FONT} at (0,0) size 3x11
                RenderText {#text} at (0,0) size 3x11
                  text run at (0,0) width 3: " "
            RenderTableCell {TD} at (6,88) size 3x11 [bgcolor=#048485] [r=8 c=2 rs=1 cs=1]
              RenderInline {FONT} at (0,0) size 3x11
                RenderText {#text} at (0,0) size 3x11
                  text run at (0,0) width 3: " "
            RenderTableCell {TD} at (9,88) size 3x11 [bgcolor=#027777] [r=8 c=3 rs=1 cs=1]
              RenderInline {FONT} at (0,0) size 3x11
                RenderText {#text} at (0,0) size 3x11
                  text run at (0,0) width 3: " "
            RenderTableCell {TD} at (12,88) size 3x11 [bgcolor=#026766] [r=8 c=4 rs=1 cs=1]
              RenderInline {FONT} at (0,0) size 3x11
                RenderText {#text} at (0,0) size 3x11
                  text run at (0,0) width 3: " "
            RenderTableCell {TD} at (15,88) size 3x11 [bgcolor=#026766] [r=8 c=5 rs=1 cs=1]
              RenderInline {FONT} at (0,0) size 3x11
                RenderText {#text} at (0,0) size 3x11
                  text run at (0,0) width 3: " "
            RenderTableCell {TD} at (18,88) size 3x11 [bgcolor=#026766] [r=8 c=6 rs=1 cs=1]
              RenderInline {FONT} at (0,0) size 3x11
                RenderText {#text} at (0,0) size 3x11
                  text run at (0,0) width 3: " "
            RenderTableCell {TD} at (21,88) size 3x11 [bgcolor=#026766] [r=8 c=7 rs=1 cs=1]
              RenderInline {FONT} at (0,0) size 3x11
                RenderText {#text} at (0,0) size 3x11
                  text run at (0,0) width 3: " "
            RenderTableCell {TD} at (24,88) size 3x11 [bgcolor=#026766] [r=8 c=8 rs=1 cs=1]
              RenderInline {FONT} at (0,0) size 3x11
                RenderText {#text} at (0,0) size 3x11
                  text run at (0,0) width 3: " "
            RenderTableCell {TD} at (27,88) size 3x11 [bgcolor=#026766] [r=8 c=9 rs=1 cs=1]
              RenderInline {FONT} at (0,0) size 3x11
                RenderText {#text} at (0,0) size 3x11
                  text run at (0,0) width 3: " "
            RenderTableCell {TD} at (30,88) size 3x11 [bgcolor=#026766] [r=8 c=10 rs=1 cs=1]
              RenderInline {FONT} at (0,0) size 3x11
                RenderText {#text} at (0,0) size 3x11
                  text run at (0,0) width 3: " "
            RenderTableCell {TD} at (33,88) size 3x11 [bgcolor=#025E5E] [r=8 c=11 rs=1 cs=1]
              RenderInline {FONT} at (0,0) size 3x11
                RenderText {#text} at (0,0) size 3x11
                  text run at (0,0) width 3: " "
            RenderTableCell {TD} at (36,88) size 3x11 [bgcolor=#025E5E] [r=8 c=12 rs=1 cs=1]
              RenderInline {FONT} at (0,0) size 3x11
                RenderText {#text} at (0,0) size 3x11
                  text run at (0,0) width 3: " "
            RenderTableCell {TD} at (39,88) size 3x11 [bgcolor=#044140] [r=8 c=13 rs=1 cs=1]
              RenderInline {FONT} at (0,0) size 3x11
                RenderText {#text} at (0,0) size 3x11
                  text run at (0,0) width 3: " "
            RenderTableCell {TD} at (42,88) size 3x11 [bgcolor=#223C3D] [r=8 c=14 rs=1 cs=1]
              RenderInline {FONT} at (0,0) size 3x11
                RenderText {#text} at (0,0) size 3x11
                  text run at (0,0) width 3: " "
            RenderTableCell {TD} at (45,88) size 3x11 [bgcolor=#848788] [r=8 c=15 rs=1 cs=1]
              RenderInline {FONT} at (0,0) size 3x11
                RenderText {#text} at (0,0) size 3x11
                  text run at (0,0) width 3: " "
            RenderTableCell {TD} at (48,88) size 3x11 [bgcolor=#FDFDFB] [r=8 c=16 rs=1 cs=1]
              RenderInline {FONT} at (0,0) size 3x11
                RenderText {#text} at (0,0) size 3x11
                  text run at (0,0) width 3: " "
            RenderTableCell {TD} at (51,88) size 3x11 [bgcolor=#FDFDFB] [r=8 c=17 rs=1 cs=1]
              RenderInline {FONT} at (0,0) size 3x11
                RenderText {#text} at (0,0) size 3x11
                  text run at (0,0) width 3: " "
            RenderTableCell {TD} at (54,88) size 3x11 [bgcolor=#2D3433] [r=8 c=18 rs=1 cs=1]
              RenderInline {FONT} at (0,0) size 3x11
                RenderText {#text} at (0,0) size 3x11
                  text run at (0,0) width 3: " "
            RenderTableCell {TD} at (57,88) size 3x11 [bgcolor=#1E7A79] [r=8 c=19 rs=1 cs=1]
              RenderInline {FONT} at (0,0) size 3x11
                RenderText {#text} at (0,0) size 3x11
                  text run at (0,0) width 3: " "
            RenderTableCell {TD} at (60,88) size 3x11 [bgcolor=#027777] [r=8 c=20 rs=1 cs=1]
              RenderInline {FONT} at (0,0) size 3x11
                RenderText {#text} at (0,0) size 3x11
                  text run at (0,0) width 3: " "
            RenderTableCell {TD} at (63,88) size 3x11 [bgcolor=#026766] [r=8 c=21 rs=1 cs=1]
              RenderInline {FONT} at (0,0) size 3x11
                RenderText {#text} at (0,0) size 3x11
                  text run at (0,0) width 3: " "
            RenderTableCell {TD} at (66,88) size 3x11 [bgcolor=#026766] [r=8 c=22 rs=1 cs=1]
              RenderInline {FONT} at (0,0) size 3x11
                RenderText {#text} at (0,0) size 3x11
                  text run at (0,0) width 3: " "
            RenderTableCell {TD} at (69,88) size 3x11 [bgcolor=#026766] [r=8 c=23 rs=1 cs=1]
              RenderInline {FONT} at (0,0) size 3x11
                RenderText {#text} at (0,0) size 3x11
                  text run at (0,0) width 3: " "
            RenderTableCell {TD} at (72,88) size 3x11 [bgcolor=#026766] [r=8 c=24 rs=1 cs=1]
              RenderInline {FONT} at (0,0) size 3x11
                RenderText {#text} at (0,0) size 3x11
                  text run at (0,0) width 3: " "
            RenderTableCell {TD} at (75,88) size 3x11 [bgcolor=#026766] [r=8 c=25 rs=1 cs=1]
              RenderInline {FONT} at (0,0) size 3x11
                RenderText {#text} at (0,0) size 3x11
                  text run at (0,0) width 3: " "
            RenderTableCell {TD} at (78,88) size 3x11 [bgcolor=#026766] [r=8 c=26 rs=1 cs=1]
              RenderInline {FONT} at (0,0) size 3x11
                RenderText {#text} at (0,0) size 3x11
                  text run at (0,0) width 3: " "
            RenderTableCell {TD} at (81,88) size 3x11 [bgcolor=#026766] [r=8 c=27 rs=1 cs=1]
              RenderInline {FONT} at (0,0) size 3x11
                RenderText {#text} at (0,0) size 3x11
                  text run at (0,0) width 3: " "
            RenderTableCell {TD} at (84,88) size 3x11 [bgcolor=#026766] [r=8 c=28 rs=1 cs=1]
              RenderInline {FONT} at (0,0) size 3x11
                RenderText {#text} at (0,0) size 3x11
                  text run at (0,0) width 3: " "
            RenderTableCell {TD} at (87,88) size 3x11 [bgcolor=#025E5E] [r=8 c=29 rs=1 cs=1]
              RenderInline {FONT} at (0,0) size 3x11
                RenderText {#text} at (0,0) size 3x11
                  text run at (0,0) width 3: " "
            RenderTableCell {TD} at (90,88) size 3x11 [bgcolor=#044F4F] [r=8 c=30 rs=1 cs=1]
              RenderInline {FONT} at (0,0) size 3x11
                RenderText {#text} at (0,0) size 3x11
                  text run at (0,0) width 3: " "
            RenderTableCell {TD} at (93,88) size 3x11 [bgcolor=#044140] [r=8 c=31 rs=1 cs=1]
              RenderInline {FONT} at (0,0) size 3x11
                RenderText {#text} at (0,0) size 3x11
                  text run at (0,0) width 3: " "
            RenderTableCell {TD} at (96,88) size 3x11 [bgcolor=#515C5B] [r=8 c=32 rs=1 cs=1]
              RenderInline {FONT} at (0,0) size 3x11
                RenderText {#text} at (0,0) size 3x11
                  text run at (0,0) width 3: " "
            RenderTableCell {TD} at (99,88) size 3x11 [bgcolor=#777878] [r=8 c=33 rs=1 cs=1]
              RenderInline {FONT} at (0,0) size 3x11
                RenderText {#text} at (0,0) size 3x11
                  text run at (0,0) width 3: " "
            RenderTableCell {TD} at (102,88) size 3x11 [bgcolor=#939494] [r=8 c=34 rs=1 cs=1]
              RenderInline {FONT} at (0,0) size 3x11
                RenderText {#text} at (0,0) size 3x11
                  text run at (0,0) width 3: " "
            RenderTableCell {TD} at (105,88) size 3x11 [bgcolor=#7B918F] [r=8 c=35 rs=1 cs=1]
              RenderInline {FONT} at (0,0) size 3x11
                RenderText {#text} at (0,0) size 3x11
                  text run at (0,0) width 3: " "
            RenderTableCell {TD} at (108,88) size 3x11 [bgcolor=#027777] [r=8 c=36 rs=1 cs=1]
              RenderInline {FONT} at (0,0) size 3x11
                RenderText {#text} at (0,0) size 3x11
                  text run at (0,0) width 3: " "
            RenderTableCell {TD} at (111,88) size 3x11 [bgcolor=#027777] [r=8 c=37 rs=1 cs=1]
              RenderInline {FONT} at (0,0) size 3x11
                RenderText {#text} at (0,0) size 3x11
                  text run at (0,0) width 3: " "
            RenderTableCell {TD} at (114,88) size 3x11 [bgcolor=#026766] [r=8 c=38 rs=1 cs=1]
              RenderInline {FONT} at (0,0) size 3x11
                RenderText {#text} at (0,0) size 3x11
                  text run at (0,0) width 3: " "
            RenderTableCell {TD} at (117,88) size 3x11 [bgcolor=#026766] [r=8 c=39 rs=1 cs=1]
              RenderInline {FONT} at (0,0) size 3x11
                RenderText {#text} at (0,0) size 3x11
                  text run at (0,0) width 3: " "
            RenderTableCell {TD} at (120,88) size 3x11 [bgcolor=#026766] [r=8 c=40 rs=1 cs=1]
              RenderInline {FONT} at (0,0) size 3x11
                RenderText {#text} at (0,0) size 3x11
                  text run at (0,0) width 3: " "
            RenderTableCell {TD} at (123,88) size 3x11 [bgcolor=#026766] [r=8 c=41 rs=1 cs=1]
              RenderInline {FONT} at (0,0) size 3x11
                RenderText {#text} at (0,0) size 3x11
                  text run at (0,0) width 3: " "
            RenderTableCell {TD} at (126,88) size 3x11 [bgcolor=#026766] [r=8 c=42 rs=1 cs=1]
              RenderInline {FONT} at (0,0) size 3x11
                RenderText {#text} at (0,0) size 3x11
                  text run at (0,0) width 3: " "
            RenderTableCell {TD} at (129,88) size 3x11 [bgcolor=#026766] [r=8 c=43 rs=1 cs=1]
              RenderInline {FONT} at (0,0) size 3x11
                RenderText {#text} at (0,0) size 3x11
                  text run at (0,0) width 3: " "
            RenderTableCell {TD} at (132,88) size 3x11 [bgcolor=#026766] [r=8 c=44 rs=1 cs=1]
              RenderInline {FONT} at (0,0) size 3x11
                RenderText {#text} at (0,0) size 3x11
                  text run at (0,0) width 3: " "
            RenderTableCell {TD} at (135,88) size 3x11 [bgcolor=#026766] [r=8 c=45 rs=1 cs=1]
              RenderInline {FONT} at (0,0) size 3x11
                RenderText {#text} at (0,0) size 3x11
                  text run at (0,0) width 3: " "
            RenderTableCell {TD} at (138,88) size 3x11 [bgcolor=#026766] [r=8 c=46 rs=1 cs=1]
              RenderInline {FONT} at (0,0) size 3x11
                RenderText {#text} at (0,0) size 3x11
                  text run at (0,0) width 3: " "
            RenderTableCell {TD} at (141,88) size 3x11 [bgcolor=#1A6B6A] [r=8 c=47 rs=1 cs=1]
              RenderInline {FONT} at (0,0) size 3x11
                RenderText {#text} at (0,0) size 3x11
                  text run at (0,0) width 3: " "
            RenderTableCell {TD} at (144,88) size 3x11 [bgcolor=#B6D0D1] [r=8 c=48 rs=1 cs=1]
              RenderInline {FONT} at (0,0) size 3x11
                RenderText {#text} at (0,0) size 3x11
                  text run at (0,0) width 3: " "
            RenderTableCell {TD} at (147,88) size 3x11 [bgcolor=#FDFDFB] [r=8 c=49 rs=1 cs=1]
              RenderInline {FONT} at (0,0) size 3x11
                RenderText {#text} at (0,0) size 3x11
                  text run at (0,0) width 3: " "
            RenderTableCell {TD} at (150,88) size 3x11 [bgcolor=#848788] [r=8 c=50 rs=1 cs=1]
              RenderInline {FONT} at (0,0) size 3x11
                RenderText {#text} at (0,0) size 3x11
                  text run at (0,0) width 3: " "
            RenderTableCell {TD} at (153,88) size 3x11 [bgcolor=#083131] [r=8 c=51 rs=1 cs=1]
              RenderInline {FONT} at (0,0) size 3x11
                RenderText {#text} at (0,0) size 3x11
                  text run at (0,0) width 3: " "
            RenderTableCell {TD} at (156,88) size 3x11 [bgcolor=#083131] [r=8 c=52 rs=1 cs=1]
              RenderInline {FONT} at (0,0) size 3x11
                RenderText {#text} at (0,0) size 3x11
                  text run at (0,0) width 3: " "
            RenderTableCell {TD} at (159,88) size 3x11 [bgcolor=#3D4242] [r=8 c=53 rs=1 cs=1]
              RenderInline {FONT} at (0,0) size 3x11
                RenderText {#text} at (0,0) size 3x11
                  text run at (0,0) width 3: " "
            RenderTableCell {TD} at (162,88) size 3x11 [bgcolor=#4D4F4F] [r=8 c=54 rs=1 cs=1]
              RenderInline {FONT} at (0,0) size 3x11
                RenderText {#text} at (0,0) size 3x11
                  text run at (0,0) width 3: " "
            RenderTableCell {TD} at (165,88) size 3x11 [bgcolor=#696A69] [r=8 c=55 rs=1 cs=1]
              RenderInline {FONT} at (0,0) size 3x11
                RenderText {#text} at (0,0) size 3x11
                  text run at (0,0) width 3: " "
            RenderTableCell {TD} at (168,88) size 3x11 [bgcolor=#777878] [r=8 c=56 rs=1 cs=1]
              RenderInline {FONT} at (0,0) size 3x11
                RenderText {#text} at (0,0) size 3x11
                  text run at (0,0) width 3: " "
            RenderTableCell {TD} at (171,88) size 3x11 [bgcolor=#848788] [r=8 c=57 rs=1 cs=1]
              RenderInline {FONT} at (0,0) size 3x11
                RenderText {#text} at (0,0) size 3x11
                  text run at (0,0) width 3: " "
            RenderTableCell {TD} at (174,88) size 3x11 [bgcolor=#939494] [r=8 c=58 rs=1 cs=1]
              RenderInline {FONT} at (0,0) size 3x11
                RenderText {#text} at (0,0) size 3x11
                  text run at (0,0) width 3: " "
            RenderTableCell {TD} at (177,88) size 3x11 [bgcolor=#939494] [r=8 c=59 rs=1 cs=1]
              RenderInline {FONT} at (0,0) size 3x11
                RenderText {#text} at (0,0) size 3x11
                  text run at (0,0) width 3: " "
            RenderTableCell {TD} at (180,88) size 3x11 [bgcolor=#7B918F] [r=8 c=60 rs=1 cs=1]
              RenderInline {FONT} at (0,0) size 3x11
                RenderText {#text} at (0,0) size 3x11
                  text run at (0,0) width 3: " "
            RenderTableCell {TD} at (183,88) size 3x11 [bgcolor=#048485] [r=8 c=61 rs=1 cs=1]
              RenderInline {FONT} at (0,0) size 3x11
                RenderText {#text} at (0,0) size 3x11
                  text run at (0,0) width 3: " "
            RenderTableCell {TD} at (186,88) size 3x11 [bgcolor=#027777] [r=8 c=62 rs=1 cs=1]
              RenderInline {FONT} at (0,0) size 3x11
                RenderText {#text} at (0,0) size 3x11
                  text run at (0,0) width 3: " "
            RenderTableCell {TD} at (189,88) size 3x11 [bgcolor=#026766] [r=8 c=63 rs=1 cs=1]
              RenderInline {FONT} at (0,0) size 3x11
                RenderText {#text} at (0,0) size 3x11
                  text run at (0,0) width 3: " "
            RenderTableCell {TD} at (192,88) size 3x11 [bgcolor=#026766] [r=8 c=64 rs=1 cs=1]
              RenderInline {FONT} at (0,0) size 3x11
                RenderText {#text} at (0,0) size 3x11
                  text run at (0,0) width 3: " "
            RenderTableCell {TD} at (195,88) size 3x11 [bgcolor=#026766] [r=8 c=65 rs=1 cs=1]
              RenderInline {FONT} at (0,0) size 3x11
                RenderText {#text} at (0,0) size 3x11
                  text run at (0,0) width 3: " "
            RenderTableCell {TD} at (198,88) size 3x11 [bgcolor=#026766] [r=8 c=66 rs=1 cs=1]
              RenderInline {FONT} at (0,0) size 3x11
                RenderText {#text} at (0,0) size 3x11
                  text run at (0,0) width 3: " "
            RenderTableCell {TD} at (201,88) size 3x11 [bgcolor=#026766] [r=8 c=67 rs=1 cs=1]
              RenderInline {FONT} at (0,0) size 3x11
                RenderText {#text} at (0,0) size 3x11
                  text run at (0,0) width 3: " "
            RenderTableCell {TD} at (204,88) size 3x11 [bgcolor=#026766] [r=8 c=68 rs=1 cs=1]
              RenderInline {FONT} at (0,0) size 3x11
                RenderText {#text} at (0,0) size 3x11
                  text run at (0,0) width 3: " "
            RenderTableCell {TD} at (207,88) size 3x11 [bgcolor=#026766] [r=8 c=69 rs=1 cs=1]
              RenderInline {FONT} at (0,0) size 3x11
                RenderText {#text} at (0,0) size 3x11
                  text run at (0,0) width 3: " "
            RenderTableCell {TD} at (210,88) size 3x11 [bgcolor=#1E7A79] [r=8 c=70 rs=1 cs=1]
              RenderInline {FONT} at (0,0) size 3x11
                RenderText {#text} at (0,0) size 3x11
                  text run at (0,0) width 3: " "
            RenderTableCell {TD} at (213,88) size 3x11 [bgcolor=#E0EAE9] [r=8 c=71 rs=1 cs=1]
              RenderInline {FONT} at (0,0) size 3x11
                RenderText {#text} at (0,0) size 3x11
                  text run at (0,0) width 3: " "
            RenderTableCell {TD} at (216,88) size 3x11 [bgcolor=#FDFDFB] [r=8 c=72 rs=1 cs=1]
              RenderInline {FONT} at (0,0) size 3x11
                RenderText {#text} at (0,0) size 3x11
                  text run at (0,0) width 3: " "
            RenderTableCell {TD} at (219,88) size 3x11 [bgcolor=#4D4F4F] [r=8 c=73 rs=1 cs=1]
              RenderInline {FONT} at (0,0) size 3x11
                RenderText {#text} at (0,0) size 3x11
                  text run at (0,0) width 3: " "
            RenderTableCell {TD} at (222,88) size 3x11 [bgcolor=#515C5B] [r=8 c=74 rs=1 cs=1]
              RenderInline {FONT} at (0,0) size 3x11
                RenderText {#text} at (0,0) size 3x11
                  text run at (0,0) width 3: " "
            RenderTableCell {TD} at (225,88) size 3x11 [bgcolor=#777878] [r=8 c=75 rs=1 cs=1]
              RenderInline {FONT} at (0,0) size 3x11
                RenderText {#text} at (0,0) size 3x11
                  text run at (0,0) width 3: " "
            RenderTableCell {TD} at (228,88) size 3x11 [bgcolor=#848788] [r=8 c=76 rs=1 cs=1]
              RenderInline {FONT} at (0,0) size 3x11
                RenderText {#text} at (0,0) size 3x11
                  text run at (0,0) width 3: " "
            RenderTableCell {TD} at (231,88) size 3x11 [bgcolor=#848788] [r=8 c=77 rs=1 cs=1]
              RenderInline {FONT} at (0,0) size 3x11
                RenderText {#text} at (0,0) size 3x11
                  text run at (0,0) width 3: " "
            RenderTableCell {TD} at (234,88) size 3x11 [bgcolor=#1E7A79] [r=8 c=78 rs=1 cs=1]
              RenderInline {FONT} at (0,0) size 3x11
                RenderText {#text} at (0,0) size 3x11
                  text run at (0,0) width 3: " "
            RenderTableCell {TD} at (237,88) size 3x11 [bgcolor=#027777] [r=8 c=79 rs=1 cs=1]
              RenderInline {FONT} at (0,0) size 3x11
                RenderText {#text} at (0,0) size 3x11
                  text run at (0,0) width 3: " "
            RenderTableCell {TD} at (240,88) size 3x11 [bgcolor=#026766] [r=8 c=80 rs=1 cs=1]
              RenderInline {FONT} at (0,0) size 3x11
                RenderText {#text} at (0,0) size 3x11
                  text run at (0,0) width 3: " "
            RenderTableCell {TD} at (243,88) size 3x11 [bgcolor=#026766] [r=8 c=81 rs=1 cs=1]
              RenderInline {FONT} at (0,0) size 3x11
                RenderText {#text} at (0,0) size 3x11
                  text run at (0,0) width 3: " "
            RenderTableCell {TD} at (246,88) size 3x11 [bgcolor=#026766] [r=8 c=82 rs=1 cs=1]
              RenderInline {FONT} at (0,0) size 3x11
                RenderText {#text} at (0,0) size 3x11
                  text run at (0,0) width 3: " "
            RenderTableCell {TD} at (249,88) size 3x11 [bgcolor=#026766] [r=8 c=83 rs=1 cs=1]
              RenderInline {FONT} at (0,0) size 3x11
                RenderText {#text} at (0,0) size 3x11
                  text run at (0,0) width 3: " "
            RenderTableCell {TD} at (252,88) size 3x11 [bgcolor=#026766] [r=8 c=84 rs=1 cs=1]
              RenderInline {FONT} at (0,0) size 3x11
                RenderText {#text} at (0,0) size 3x11
                  text run at (0,0) width 3: " "
            RenderTableCell {TD} at (255,88) size 3x11 [bgcolor=#026766] [r=8 c=85 rs=1 cs=1]
              RenderInline {FONT} at (0,0) size 3x11
                RenderText {#text} at (0,0) size 3x11
                  text run at (0,0) width 3: " "
            RenderTableCell {TD} at (258,88) size 3x11 [bgcolor=#026766] [r=8 c=86 rs=1 cs=1]
              RenderInline {FONT} at (0,0) size 3x11
                RenderText {#text} at (0,0) size 3x11
                  text run at (0,0) width 3: " "
            RenderTableCell {TD} at (261,88) size 3x11 [bgcolor=#026766] [r=8 c=87 rs=1 cs=1]
              RenderInline {FONT} at (0,0) size 3x11
                RenderText {#text} at (0,0) size 3x11
                  text run at (0,0) width 3: " "
            RenderTableCell {TD} at (264,88) size 3x11 [bgcolor=#026766] [r=8 c=88 rs=1 cs=1]
              RenderInline {FONT} at (0,0) size 3x11
                RenderText {#text} at (0,0) size 3x11
                  text run at (0,0) width 3: " "
            RenderTableCell {TD} at (267,88) size 3x11 [bgcolor=#026766] [r=8 c=89 rs=1 cs=1]
              RenderInline {FONT} at (0,0) size 3x11
                RenderText {#text} at (0,0) size 3x11
                  text run at (0,0) width 3: " "
            RenderTableCell {TD} at (270,88) size 3x11 [bgcolor=#338686] [r=8 c=90 rs=1 cs=1]
              RenderInline {FONT} at (0,0) size 3x11
                RenderText {#text} at (0,0) size 3x11
                  text run at (0,0) width 3: " "
            RenderTableCell {TD} at (273,88) size 3x11 [bgcolor=#EDEEEF] [r=8 c=91 rs=1 cs=1]
              RenderInline {FONT} at (0,0) size 3x11
                RenderText {#text} at (0,0) size 3x11
                  text run at (0,0) width 3: " "
            RenderTableCell {TD} at (276,88) size 3x11 [bgcolor=#FDFDFB] [r=8 c=92 rs=1 cs=1]
              RenderInline {FONT} at (0,0) size 3x11
                RenderText {#text} at (0,0) size 3x11
                  text run at (0,0) width 3: " "
            RenderTableCell {TD} at (279,88) size 3x11 [bgcolor=#223C3D] [r=8 c=93 rs=1 cs=1]
              RenderInline {FONT} at (0,0) size 3x11
                RenderText {#text} at (0,0) size 3x11
                  text run at (0,0) width 3: " "
            RenderTableCell {TD} at (282,88) size 3x11 [bgcolor=#223C3D] [r=8 c=94 rs=1 cs=1]
              RenderInline {FONT} at (0,0) size 3x11
                RenderText {#text} at (0,0) size 3x11
                  text run at (0,0) width 3: " "
            RenderTableCell {TD} at (285,88) size 3x11 [bgcolor=#5E5F60] [r=8 c=95 rs=1 cs=1]
              RenderInline {FONT} at (0,0) size 3x11
                RenderText {#text} at (0,0) size 3x11
                  text run at (0,0) width 3: " "
            RenderTableCell {TD} at (288,88) size 3x11 [bgcolor=#777878] [r=8 c=96 rs=1 cs=1]
              RenderInline {FONT} at (0,0) size 3x11
                RenderText {#text} at (0,0) size 3x11
                  text run at (0,0) width 3: " "
            RenderTableCell {TD} at (291,88) size 3x11 [bgcolor=#848788] [r=8 c=97 rs=1 cs=1]
              RenderInline {FONT} at (0,0) size 3x11
                RenderText {#text} at (0,0) size 3x11
                  text run at (0,0) width 3: " "
            RenderTableCell {TD} at (294,88) size 3x11 [bgcolor=#777878] [r=8 c=98 rs=1 cs=1]
              RenderInline {FONT} at (0,0) size 3x11
                RenderText {#text} at (0,0) size 3x11
                  text run at (0,0) width 3: " "
            RenderTableCell {TD} at (297,88) size 3x11 [bgcolor=#4D4F4F] [r=8 c=99 rs=1 cs=1]
              RenderInline {FONT} at (0,0) size 3x11
                RenderText {#text} at (0,0) size 3x11
                  text run at (0,0) width 3: " "
          RenderTableRow {TR} at (0,99) size 300x11
            RenderTableCell {TD} at (0,99) size 3x11 [bgcolor=#EDEEEF] [r=9 c=0 rs=1 cs=1]
              RenderInline {FONT} at (0,0) size 3x11
                RenderText {#text} at (0,0) size 3x11
                  text run at (0,0) width 3: " "
            RenderTableCell {TD} at (3,99) size 3x11 [bgcolor=#44A3A2] [r=9 c=1 rs=1 cs=1]
              RenderInline {FONT} at (0,0) size 3x11
                RenderText {#text} at (0,0) size 3x11
                  text run at (0,0) width 3: " "
            RenderTableCell {TD} at (6,99) size 3x11 [bgcolor=#048485] [r=9 c=2 rs=1 cs=1]
              RenderInline {FONT} at (0,0) size 3x11
                RenderText {#text} at (0,0) size 3x11
                  text run at (0,0) width 3: " "
            RenderTableCell {TD} at (9,99) size 3x11 [bgcolor=#027777] [r=9 c=3 rs=1 cs=1]
              RenderInline {FONT} at (0,0) size 3x11
                RenderText {#text} at (0,0) size 3x11
                  text run at (0,0) width 3: " "
            RenderTableCell {TD} at (12,99) size 3x11 [bgcolor=#469191] [r=9 c=4 rs=1 cs=1]
              RenderInline {FONT} at (0,0) size 3x11
                RenderText {#text} at (0,0) size 3x11
                  text run at (0,0) width 3: " "
            RenderTableCell {TD} at (15,99) size 3x11 [bgcolor=#7CAEAF] [r=9 c=5 rs=1 cs=1]
              RenderInline {FONT} at (0,0) size 3x11
                RenderText {#text} at (0,0) size 3x11
                  text run at (0,0) width 3: " "
            RenderTableCell {TD} at (18,99) size 3x11 [bgcolor=#97C1C0] [r=9 c=6 rs=1 cs=1]
              RenderInline {FONT} at (0,0) size 3x11
                RenderText {#text} at (0,0) size 3x11
                  text run at (0,0) width 3: " "
            RenderTableCell {TD} at (21,99) size 3x11 [bgcolor=#97C1C0] [r=9 c=7 rs=1 cs=1]
              RenderInline {FONT} at (0,0) size 3x11
                RenderText {#text} at (0,0) size 3x11
                  text run at (0,0) width 3: " "
            RenderTableCell {TD} at (24,99) size 3x11 [bgcolor=#97C1C0] [r=9 c=8 rs=1 cs=1]
              RenderInline {FONT} at (0,0) size 3x11
                RenderText {#text} at (0,0) size 3x11
                  text run at (0,0) width 3: " "
            RenderTableCell {TD} at (27,99) size 3x11 [bgcolor=#7CAEAF] [r=9 c=9 rs=1 cs=1]
              RenderInline {FONT} at (0,0) size 3x11
                RenderText {#text} at (0,0) size 3x11
                  text run at (0,0) width 3: " "
            RenderTableCell {TD} at (30,99) size 3x11 [bgcolor=#469191] [r=9 c=10 rs=1 cs=1]
              RenderInline {FONT} at (0,0) size 3x11
                RenderText {#text} at (0,0) size 3x11
                  text run at (0,0) width 3: " "
            RenderTableCell {TD} at (33,99) size 3x11 [bgcolor=#1A6B6A] [r=9 c=11 rs=1 cs=1]
              RenderInline {FONT} at (0,0) size 3x11
                RenderText {#text} at (0,0) size 3x11
                  text run at (0,0) width 3: " "
            RenderTableCell {TD} at (36,99) size 3x11 [bgcolor=#025E5E] [r=9 c=12 rs=1 cs=1]
              RenderInline {FONT} at (0,0) size 3x11
                RenderText {#text} at (0,0) size 3x11
                  text run at (0,0) width 3: " "
            RenderTableCell {TD} at (39,99) size 3x11 [bgcolor=#044140] [r=9 c=13 rs=1 cs=1]
              RenderInline {FONT} at (0,0) size 3x11
                RenderText {#text} at (0,0) size 3x11
                  text run at (0,0) width 3: " "
            RenderTableCell {TD} at (42,99) size 3x11 [bgcolor=#223C3D] [r=9 c=14 rs=1 cs=1]
              RenderInline {FONT} at (0,0) size 3x11
                RenderText {#text} at (0,0) size 3x11
                  text run at (0,0) width 3: " "
            RenderTableCell {TD} at (45,99) size 3x11 [bgcolor=#848788] [r=9 c=15 rs=1 cs=1]
              RenderInline {FONT} at (0,0) size 3x11
                RenderText {#text} at (0,0) size 3x11
                  text run at (0,0) width 3: " "
            RenderTableCell {TD} at (48,99) size 3x11 [bgcolor=#FDFDFB] [r=9 c=16 rs=1 cs=1]
              RenderInline {FONT} at (0,0) size 3x11
                RenderText {#text} at (0,0) size 3x11
                  text run at (0,0) width 3: " "
            RenderTableCell {TD} at (51,99) size 3x11 [bgcolor=#FDFDFB] [r=9 c=17 rs=1 cs=1]
              RenderInline {FONT} at (0,0) size 3x11
                RenderText {#text} at (0,0) size 3x11
                  text run at (0,0) width 3: " "
            RenderTableCell {TD} at (54,99) size 3x11 [bgcolor=#2D3433] [r=9 c=18 rs=1 cs=1]
              RenderInline {FONT} at (0,0) size 3x11
                RenderText {#text} at (0,0) size 3x11
                  text run at (0,0) width 3: " "
            RenderTableCell {TD} at (57,99) size 3x11 [bgcolor=#1E7A79] [r=9 c=19 rs=1 cs=1]
              RenderInline {FONT} at (0,0) size 3x11
                RenderText {#text} at (0,0) size 3x11
                  text run at (0,0) width 3: " "
            RenderTableCell {TD} at (60,99) size 3x11 [bgcolor=#027777] [r=9 c=20 rs=1 cs=1]
              RenderInline {FONT} at (0,0) size 3x11
                RenderText {#text} at (0,0) size 3x11
                  text run at (0,0) width 3: " "
            RenderTableCell {TD} at (63,99) size 3x11 [bgcolor=#026766] [r=9 c=21 rs=1 cs=1]
              RenderInline {FONT} at (0,0) size 3x11
                RenderText {#text} at (0,0) size 3x11
                  text run at (0,0) width 3: " "
            RenderTableCell {TD} at (66,99) size 3x11 [bgcolor=#1E7A79] [r=9 c=22 rs=1 cs=1]
              RenderInline {FONT} at (0,0) size 3x11
                RenderText {#text} at (0,0) size 3x11
                  text run at (0,0) width 3: " "
            RenderTableCell {TD} at (69,99) size 3x11 [bgcolor=#469191] [r=9 c=23 rs=1 cs=1]
              RenderInline {FONT} at (0,0) size 3x11
                RenderText {#text} at (0,0) size 3x11
                  text run at (0,0) width 3: " "
            RenderTableCell {TD} at (72,99) size 3x11 [bgcolor=#7CAEAF] [r=9 c=24 rs=1 cs=1]
              RenderInline {FONT} at (0,0) size 3x11
                RenderText {#text} at (0,0) size 3x11
                  text run at (0,0) width 3: " "
            RenderTableCell {TD} at (75,99) size 3x11 [bgcolor=#97C1C0] [r=9 c=25 rs=1 cs=1]
              RenderInline {FONT} at (0,0) size 3x11
                RenderText {#text} at (0,0) size 3x11
                  text run at (0,0) width 3: " "
            RenderTableCell {TD} at (78,99) size 3x11 [bgcolor=#97C1C0] [r=9 c=26 rs=1 cs=1]
              RenderInline {FONT} at (0,0) size 3x11
                RenderText {#text} at (0,0) size 3x11
                  text run at (0,0) width 3: " "
            RenderTableCell {TD} at (81,99) size 3x11 [bgcolor=#97C1C0] [r=9 c=27 rs=1 cs=1]
              RenderInline {FONT} at (0,0) size 3x11
                RenderText {#text} at (0,0) size 3x11
                  text run at (0,0) width 3: " "
            RenderTableCell {TD} at (84,99) size 3x11 [bgcolor=#7CAEAF] [r=9 c=28 rs=1 cs=1]
              RenderInline {FONT} at (0,0) size 3x11
                RenderText {#text} at (0,0) size 3x11
                  text run at (0,0) width 3: " "
            RenderTableCell {TD} at (87,99) size 3x11 [bgcolor=#589594] [r=9 c=29 rs=1 cs=1]
              RenderInline {FONT} at (0,0) size 3x11
                RenderText {#text} at (0,0) size 3x11
                  text run at (0,0) width 3: " "
            RenderTableCell {TD} at (90,99) size 3x11 [bgcolor=#1E7A79] [r=9 c=30 rs=1 cs=1]
              RenderInline {FONT} at (0,0) size 3x11
                RenderText {#text} at (0,0) size 3x11
                  text run at (0,0) width 3: " "
            RenderTableCell {TD} at (93,99) size 3x11 [bgcolor=#044F4F] [r=9 c=31 rs=1 cs=1]
              RenderInline {FONT} at (0,0) size 3x11
                RenderText {#text} at (0,0) size 3x11
                  text run at (0,0) width 3: " "
            RenderTableCell {TD} at (96,99) size 3x11 [bgcolor=#344C4E] [r=9 c=32 rs=1 cs=1]
              RenderInline {FONT} at (0,0) size 3x11
                RenderText {#text} at (0,0) size 3x11
                  text run at (0,0) width 3: " "
            RenderTableCell {TD} at (99,99) size 3x11 [bgcolor=#696A69] [r=9 c=33 rs=1 cs=1]
              RenderInline {FONT} at (0,0) size 3x11
                RenderText {#text} at (0,0) size 3x11
                  text run at (0,0) width 3: " "
            RenderTableCell {TD} at (102,99) size 3x11 [bgcolor=#848788] [r=9 c=34 rs=1 cs=1]
              RenderInline {FONT} at (0,0) size 3x11
                RenderText {#text} at (0,0) size 3x11
                  text run at (0,0) width 3: " "
            RenderTableCell {TD} at (105,99) size 3x11 [bgcolor=#848788] [r=9 c=35 rs=1 cs=1]
              RenderInline {FONT} at (0,0) size 3x11
                RenderText {#text} at (0,0) size 3x11
                  text run at (0,0) width 3: " "
            RenderTableCell {TD} at (108,99) size 3x11 [bgcolor=#249393] [r=9 c=36 rs=1 cs=1]
              RenderInline {FONT} at (0,0) size 3x11
                RenderText {#text} at (0,0) size 3x11
                  text run at (0,0) width 3: " "
            RenderTableCell {TD} at (111,99) size 3x11 [bgcolor=#60A2A3] [r=9 c=37 rs=1 cs=1]
              RenderInline {FONT} at (0,0) size 3x11
                RenderText {#text} at (0,0) size 3x11
                  text run at (0,0) width 3: " "
            RenderTableCell {TD} at (114,99) size 3x11 [bgcolor=#8DB7B6] [r=9 c=38 rs=1 cs=1]
              RenderInline {FONT} at (0,0) size 3x11
                RenderText {#text} at (0,0) size 3x11
                  text run at (0,0) width 3: " "
            RenderTableCell {TD} at (117,99) size 3x11 [bgcolor=#97C1C0] [r=9 c=39 rs=1 cs=1]
              RenderInline {FONT} at (0,0) size 3x11
                RenderText {#text} at (0,0) size 3x11
                  text run at (0,0) width 3: " "
            RenderTableCell {TD} at (120,99) size 3x11 [bgcolor=#97C1C0] [r=9 c=40 rs=1 cs=1]
              RenderInline {FONT} at (0,0) size 3x11
                RenderText {#text} at (0,0) size 3x11
                  text run at (0,0) width 3: " "
            RenderTableCell {TD} at (123,99) size 3x11 [bgcolor=#8DB7B6] [r=9 c=41 rs=1 cs=1]
              RenderInline {FONT} at (0,0) size 3x11
                RenderText {#text} at (0,0) size 3x11
                  text run at (0,0) width 3: " "
            RenderTableCell {TD} at (126,99) size 3x11 [bgcolor=#60A2A3] [r=9 c=42 rs=1 cs=1]
              RenderInline {FONT} at (0,0) size 3x11
                RenderText {#text} at (0,0) size 3x11
                  text run at (0,0) width 3: " "
            RenderTableCell {TD} at (129,99) size 3x11 [bgcolor=#287A7A] [r=9 c=43 rs=1 cs=1]
              RenderInline {FONT} at (0,0) size 3x11
                RenderText {#text} at (0,0) size 3x11
                  text run at (0,0) width 3: " "
            RenderTableCell {TD} at (132,99) size 3x11 [bgcolor=#026766] [r=9 c=44 rs=1 cs=1]
              RenderInline {FONT} at (0,0) size 3x11
                RenderText {#text} at (0,0) size 3x11
                  text run at (0,0) width 3: " "
            RenderTableCell {TD} at (135,99) size 3x11 [bgcolor=#026766] [r=9 c=45 rs=1 cs=1]
              RenderInline {FONT} at (0,0) size 3x11
                RenderText {#text} at (0,0) size 3x11
                  text run at (0,0) width 3: " "
            RenderTableCell {TD} at (138,99) size 3x11 [bgcolor=#026766] [r=9 c=46 rs=1 cs=1]
              RenderInline {FONT} at (0,0) size 3x11
                RenderText {#text} at (0,0) size 3x11
                  text run at (0,0) width 3: " "
            RenderTableCell {TD} at (141,99) size 3x11 [bgcolor=#1A6B6A] [r=9 c=47 rs=1 cs=1]
              RenderInline {FONT} at (0,0) size 3x11
                RenderText {#text} at (0,0) size 3x11
                  text run at (0,0) width 3: " "
            RenderTableCell {TD} at (144,99) size 3x11 [bgcolor=#B6D0D1] [r=9 c=48 rs=1 cs=1]
              RenderInline {FONT} at (0,0) size 3x11
                RenderText {#text} at (0,0) size 3x11
                  text run at (0,0) width 3: " "
            RenderTableCell {TD} at (147,99) size 3x11 [bgcolor=#FDFDFB] [r=9 c=49 rs=1 cs=1]
              RenderInline {FONT} at (0,0) size 3x11
                RenderText {#text} at (0,0) size 3x11
                  text run at (0,0) width 3: " "
            RenderTableCell {TD} at (150,99) size 3x11 [bgcolor=#848788] [r=9 c=50 rs=1 cs=1]
              RenderInline {FONT} at (0,0) size 3x11
                RenderText {#text} at (0,0) size 3x11
                  text run at (0,0) width 3: " "
            RenderTableCell {TD} at (153,99) size 3x11 [bgcolor=#274C4D] [r=9 c=51 rs=1 cs=1]
              RenderInline {FONT} at (0,0) size 3x11
                RenderText {#text} at (0,0) size 3x11
                  text run at (0,0) width 3: " "
            RenderTableCell {TD} at (156,99) size 3x11 [bgcolor=#848788] [r=9 c=52 rs=1 cs=1]
              RenderInline {FONT} at (0,0) size 3x11
                RenderText {#text} at (0,0) size 3x11
                  text run at (0,0) width 3: " "
            RenderTableCell {TD} at (159,99) size 3x11 [bgcolor=#B4B4B4] [r=9 c=53 rs=1 cs=1]
              RenderInline {FONT} at (0,0) size 3x11
                RenderText {#text} at (0,0) size 3x11
                  text run at (0,0) width 3: " "
            RenderTableCell {TD} at (162,99) size 3x11 [bgcolor=#BEC2C2] [r=9 c=54 rs=1 cs=1]
              RenderInline {FONT} at (0,0) size 3x11
                RenderText {#text} at (0,0) size 3x11
                  text run at (0,0) width 3: " "
            RenderTableCell {TD} at (165,99) size 3x11 [bgcolor=#BEC2C2] [r=9 c=55 rs=1 cs=1]
              RenderInline {FONT} at (0,0) size 3x11
                RenderText {#text} at (0,0) size 3x11
                  text run at (0,0) width 3: " "
            RenderTableCell {TD} at (168,99) size 3x11 [bgcolor=#B4B4B4] [r=9 c=56 rs=1 cs=1]
              RenderInline {FONT} at (0,0) size 3x11
                RenderText {#text} at (0,0) size 3x11
                  text run at (0,0) width 3: " "
            RenderTableCell {TD} at (171,99) size 3x11 [bgcolor=#A5A6A6] [r=9 c=57 rs=1 cs=1]
              RenderInline {FONT} at (0,0) size 3x11
                RenderText {#text} at (0,0) size 3x11
                  text run at (0,0) width 3: " "
            RenderTableCell {TD} at (174,99) size 3x11 [bgcolor=#939494] [r=9 c=58 rs=1 cs=1]
              RenderInline {FONT} at (0,0) size 3x11
                RenderText {#text} at (0,0) size 3x11
                  text run at (0,0) width 3: " "
            RenderTableCell {TD} at (177,99) size 3x11 [bgcolor=#939494] [r=9 c=59 rs=1 cs=1]
              RenderInline {FONT} at (0,0) size 3x11
                RenderText {#text} at (0,0) size 3x11
                  text run at (0,0) width 3: " "
            RenderTableCell {TD} at (180,99) size 3x11 [bgcolor=#469191] [r=9 c=60 rs=1 cs=1]
              RenderInline {FONT} at (0,0) size 3x11
                RenderText {#text} at (0,0) size 3x11
                  text run at (0,0) width 3: " "
            RenderTableCell {TD} at (183,99) size 3x11 [bgcolor=#048485] [r=9 c=61 rs=1 cs=1]
              RenderInline {FONT} at (0,0) size 3x11
                RenderText {#text} at (0,0) size 3x11
                  text run at (0,0) width 3: " "
            RenderTableCell {TD} at (186,99) size 3x11 [bgcolor=#027777] [r=9 c=62 rs=1 cs=1]
              RenderInline {FONT} at (0,0) size 3x11
                RenderText {#text} at (0,0) size 3x11
                  text run at (0,0) width 3: " "
            RenderTableCell {TD} at (189,99) size 3x11 [bgcolor=#1A6B6A] [r=9 c=63 rs=1 cs=1]
              RenderInline {FONT} at (0,0) size 3x11
                RenderText {#text} at (0,0) size 3x11
                  text run at (0,0) width 3: " "
            RenderTableCell {TD} at (192,99) size 3x11 [bgcolor=#469191] [r=9 c=64 rs=1 cs=1]
              RenderInline {FONT} at (0,0) size 3x11
                RenderText {#text} at (0,0) size 3x11
                  text run at (0,0) width 3: " "
            RenderTableCell {TD} at (195,99) size 3x11 [bgcolor=#7CAEAF] [r=9 c=65 rs=1 cs=1]
              RenderInline {FONT} at (0,0) size 3x11
                RenderText {#text} at (0,0) size 3x11
                  text run at (0,0) width 3: " "
            RenderTableCell {TD} at (198,99) size 3x11 [bgcolor=#97C1C0] [r=9 c=66 rs=1 cs=1]
              RenderInline {FONT} at (0,0) size 3x11
                RenderText {#text} at (0,0) size 3x11
                  text run at (0,0) width 3: " "
            RenderTableCell {TD} at (201,99) size 3x11 [bgcolor=#97C1C0] [r=9 c=67 rs=1 cs=1]
              RenderInline {FONT} at (0,0) size 3x11
                RenderText {#text} at (0,0) size 3x11
                  text run at (0,0) width 3: " "
            RenderTableCell {TD} at (204,99) size 3x11 [bgcolor=#7CAEAF] [r=9 c=68 rs=1 cs=1]
              RenderInline {FONT} at (0,0) size 3x11
                RenderText {#text} at (0,0) size 3x11
                  text run at (0,0) width 3: " "
            RenderTableCell {TD} at (207,99) size 3x11 [bgcolor=#469191] [r=9 c=69 rs=1 cs=1]
              RenderInline {FONT} at (0,0) size 3x11
                RenderText {#text} at (0,0) size 3x11
                  text run at (0,0) width 3: " "
            RenderTableCell {TD} at (210,99) size 3x11 [bgcolor=#338686] [r=9 c=70 rs=1 cs=1]
              RenderInline {FONT} at (0,0) size 3x11
                RenderText {#text} at (0,0) size 3x11
                  text run at (0,0) width 3: " "
            RenderTableCell {TD} at (213,99) size 3x11 [bgcolor=#E0EAE9] [r=9 c=71 rs=1 cs=1]
              RenderInline {FONT} at (0,0) size 3x11
                RenderText {#text} at (0,0) size 3x11
                  text run at (0,0) width 3: " "
            RenderTableCell {TD} at (216,99) size 3x11 [bgcolor=#FDFDFB] [r=9 c=72 rs=1 cs=1]
              RenderInline {FONT} at (0,0) size 3x11
                RenderText {#text} at (0,0) size 3x11
                  text run at (0,0) width 3: " "
            RenderTableCell {TD} at (219,99) size 3x11 [bgcolor=#4D4F4F] [r=9 c=73 rs=1 cs=1]
              RenderInline {FONT} at (0,0) size 3x11
                RenderText {#text} at (0,0) size 3x11
                  text run at (0,0) width 3: " "
            RenderTableCell {TD} at (222,99) size 3x11 [bgcolor=#5E5F60] [r=9 c=74 rs=1 cs=1]
              RenderInline {FONT} at (0,0) size 3x11
                RenderText {#text} at (0,0) size 3x11
                  text run at (0,0) width 3: " "
            RenderTableCell {TD} at (225,99) size 3x11 [bgcolor=#777878] [r=9 c=75 rs=1 cs=1]
              RenderInline {FONT} at (0,0) size 3x11
                RenderText {#text} at (0,0) size 3x11
                  text run at (0,0) width 3: " "
            RenderTableCell {TD} at (228,99) size 3x11 [bgcolor=#939494] [r=9 c=76 rs=1 cs=1]
              RenderInline {FONT} at (0,0) size 3x11
                RenderText {#text} at (0,0) size 3x11
                  text run at (0,0) width 3: " "
            RenderTableCell {TD} at (231,99) size 3x11 [bgcolor=#939494] [r=9 c=77 rs=1 cs=1]
              RenderInline {FONT} at (0,0) size 3x11
                RenderText {#text} at (0,0) size 3x11
                  text run at (0,0) width 3: " "
            RenderTableCell {TD} at (234,99) size 3x11 [bgcolor=#589594] [r=9 c=78 rs=1 cs=1]
              RenderInline {FONT} at (0,0) size 3x11
                RenderText {#text} at (0,0) size 3x11
                  text run at (0,0) width 3: " "
            RenderTableCell {TD} at (237,99) size 3x11 [bgcolor=#5CADAE] [r=9 c=79 rs=1 cs=1]
              RenderInline {FONT} at (0,0) size 3x11
                RenderText {#text} at (0,0) size 3x11
                  text run at (0,0) width 3: " "
            RenderTableCell {TD} at (240,99) size 3x11 [bgcolor=#7DBAB9] [r=9 c=80 rs=1 cs=1]
              RenderInline {FONT} at (0,0) size 3x11
                RenderText {#text} at (0,0) size 3x11
                  text run at (0,0) width 3: " "
            RenderTableCell {TD} at (243,99) size 3x11 [bgcolor=#97C1C0] [r=9 c=81 rs=1 cs=1]
              RenderInline {FONT} at (0,0) size 3x11
                RenderText {#text} at (0,0) size 3x11
                  text run at (0,0) width 3: " "
            RenderTableCell {TD} at (246,99) size 3x11 [bgcolor=#97C1C0] [r=9 c=82 rs=1 cs=1]
              RenderInline {FONT} at (0,0) size 3x11
                RenderText {#text} at (0,0) size 3x11
                  text run at (0,0) width 3: " "
            RenderTableCell {TD} at (249,99) size 3x11 [bgcolor=#7CAEAF] [r=9 c=83 rs=1 cs=1]
              RenderInline {FONT} at (0,0) size 3x11
                RenderText {#text} at (0,0) size 3x11
                  text run at (0,0) width 3: " "
            RenderTableCell {TD} at (252,99) size 3x11 [bgcolor=#469191] [r=9 c=84 rs=1 cs=1]
              RenderInline {FONT} at (0,0) size 3x11
                RenderText {#text} at (0,0) size 3x11
                  text run at (0,0) width 3: " "
            RenderTableCell {TD} at (255,99) size 3x11 [bgcolor=#1E7A79] [r=9 c=85 rs=1 cs=1]
              RenderInline {FONT} at (0,0) size 3x11
                RenderText {#text} at (0,0) size 3x11
                  text run at (0,0) width 3: " "
            RenderTableCell {TD} at (258,99) size 3x11 [bgcolor=#026766] [r=9 c=86 rs=1 cs=1]
              RenderInline {FONT} at (0,0) size 3x11
                RenderText {#text} at (0,0) size 3x11
                  text run at (0,0) width 3: " "
            RenderTableCell {TD} at (261,99) size 3x11 [bgcolor=#026766] [r=9 c=87 rs=1 cs=1]
              RenderInline {FONT} at (0,0) size 3x11
                RenderText {#text} at (0,0) size 3x11
                  text run at (0,0) width 3: " "
            RenderTableCell {TD} at (264,99) size 3x11 [bgcolor=#026766] [r=9 c=88 rs=1 cs=1]
              RenderInline {FONT} at (0,0) size 3x11
                RenderText {#text} at (0,0) size 3x11
                  text run at (0,0) width 3: " "
            RenderTableCell {TD} at (267,99) size 3x11 [bgcolor=#469191] [r=9 c=89 rs=1 cs=1]
              RenderInline {FONT} at (0,0) size 3x11
                RenderText {#text} at (0,0) size 3x11
                  text run at (0,0) width 3: " "
            RenderTableCell {TD} at (270,99) size 3x11 [bgcolor=#7CAEAF] [r=9 c=90 rs=1 cs=1]
              RenderInline {FONT} at (0,0) size 3x11
                RenderText {#text} at (0,0) size 3x11
                  text run at (0,0) width 3: " "
            RenderTableCell {TD} at (273,99) size 3x11 [bgcolor=#EDEEEF] [r=9 c=91 rs=1 cs=1]
              RenderInline {FONT} at (0,0) size 3x11
                RenderText {#text} at (0,0) size 3x11
                  text run at (0,0) width 3: " "
            RenderTableCell {TD} at (276,99) size 3x11 [bgcolor=#FDFDFB] [r=9 c=92 rs=1 cs=1]
              RenderInline {FONT} at (0,0) size 3x11
                RenderText {#text} at (0,0) size 3x11
                  text run at (0,0) width 3: " "
            RenderTableCell {TD} at (279,99) size 3x11 [bgcolor=#848788] [r=9 c=93 rs=1 cs=1]
              RenderInline {FONT} at (0,0) size 3x11
                RenderText {#text} at (0,0) size 3x11
                  text run at (0,0) width 3: " "
            RenderTableCell {TD} at (282,99) size 3x11 [bgcolor=#848788] [r=9 c=94 rs=1 cs=1]
              RenderInline {FONT} at (0,0) size 3x11
                RenderText {#text} at (0,0) size 3x11
                  text run at (0,0) width 3: " "
            RenderTableCell {TD} at (285,99) size 3x11 [bgcolor=#777878] [r=9 c=95 rs=1 cs=1]
              RenderInline {FONT} at (0,0) size 3x11
                RenderText {#text} at (0,0) size 3x11
                  text run at (0,0) width 3: " "
            RenderTableCell {TD} at (288,99) size 3x11 [bgcolor=#777878] [r=9 c=96 rs=1 cs=1]
              RenderInline {FONT} at (0,0) size 3x11
                RenderText {#text} at (0,0) size 3x11
                  text run at (0,0) width 3: " "
            RenderTableCell {TD} at (291,99) size 3x11 [bgcolor=#848788] [r=9 c=97 rs=1 cs=1]
              RenderInline {FONT} at (0,0) size 3x11
                RenderText {#text} at (0,0) size 3x11
                  text run at (0,0) width 3: " "
            RenderTableCell {TD} at (294,99) size 3x11 [bgcolor=#777878] [r=9 c=98 rs=1 cs=1]
              RenderInline {FONT} at (0,0) size 3x11
                RenderText {#text} at (0,0) size 3x11
                  text run at (0,0) width 3: " "
            RenderTableCell {TD} at (297,99) size 3x11 [bgcolor=#4D4F4F] [r=9 c=99 rs=1 cs=1]
              RenderInline {FONT} at (0,0) size 3x11
                RenderText {#text} at (0,0) size 3x11
                  text run at (0,0) width 3: " "
          RenderTableRow {TR} at (0,110) size 300x11
            RenderTableCell {TD} at (0,110) size 3x11 [bgcolor=#E0EAE9] [r=10 c=0 rs=1 cs=1]
              RenderInline {FONT} at (0,0) size 3x11
                RenderText {#text} at (0,0) size 3x11
                  text run at (0,0) width 3: " "
            RenderTableCell {TD} at (3,110) size 3x11 [bgcolor=#249393] [r=10 c=1 rs=1 cs=1]
              RenderInline {FONT} at (0,0) size 3x11
                RenderText {#text} at (0,0) size 3x11
                  text run at (0,0) width 3: " "
            RenderTableCell {TD} at (6,110) size 3x11 [bgcolor=#1B8685] [r=10 c=2 rs=1 cs=1]
              RenderInline {FONT} at (0,0) size 3x11
                RenderText {#text} at (0,0) size 3x11
                  text run at (0,0) width 3: " "
            RenderTableCell {TD} at (9,110) size 3x11 [bgcolor=#A4CCCC] [r=10 c=3 rs=1 cs=1]
              RenderInline {FONT} at (0,0) size 3x11
                RenderText {#text} at (0,0) size 3x11
                  text run at (0,0) width 3: " "
            RenderTableCell {TD} at (12,110) size 3x11 [bgcolor=#EDEEEF] [r=10 c=4 rs=1 cs=1]
              RenderInline {FONT} at (0,0) size 3x11
                RenderText {#text} at (0,0) size 3x11
                  text run at (0,0) width 3: " "
            RenderTableCell {TD} at (15,110) size 3x11 [bgcolor=#CECFCF] [r=10 c=5 rs=1 cs=1]
              RenderInline {FONT} at (0,0) size 3x11
                RenderText {#text} at (0,0) size 3x11
                  text run at (0,0) width 3: " "
            RenderTableCell {TD} at (18,110) size 3x11 [bgcolor=#939494] [r=10 c=6 rs=1 cs=1]
              RenderInline {FONT} at (0,0) size 3x11
                RenderText {#text} at (0,0) size 3x11
                  text run at (0,0) width 3: " "
            RenderTableCell {TD} at (21,110) size 3x11 [bgcolor=#848788] [r=10 c=7 rs=1 cs=1]
              RenderInline {FONT} at (0,0) size 3x11
                RenderText {#text} at (0,0) size 3x11
                  text run at (0,0) width 3: " "
            RenderTableCell {TD} at (24,110) size 3x11 [bgcolor=#939494] [r=10 c=8 rs=1 cs=1]
              RenderInline {FONT} at (0,0) size 3x11
                RenderText {#text} at (0,0) size 3x11
                  text run at (0,0) width 3: " "
            RenderTableCell {TD} at (27,110) size 3x11 [bgcolor=#CECFCF] [r=10 c=9 rs=1 cs=1]
              RenderInline {FONT} at (0,0) size 3x11
                RenderText {#text} at (0,0) size 3x11
                  text run at (0,0) width 3: " "
            RenderTableCell {TD} at (30,110) size 3x11 [bgcolor=#EDEEEF] [r=10 c=10 rs=1 cs=1]
              RenderInline {FONT} at (0,0) size 3x11
                RenderText {#text} at (0,0) size 3x11
                  text run at (0,0) width 3: " "
            RenderTableCell {TD} at (33,110) size 3x11 [bgcolor=#A4CCCC] [r=10 c=11 rs=1 cs=1]
              RenderInline {FONT} at (0,0) size 3x11
                RenderText {#text} at (0,0) size 3x11
                  text run at (0,0) width 3: " "
            RenderTableCell {TD} at (36,110) size 3x11 [bgcolor=#1A6B6A] [r=10 c=12 rs=1 cs=1]
              RenderInline {FONT} at (0,0) size 3x11
                RenderText {#text} at (0,0) size 3x11
                  text run at (0,0) width 3: " "
            RenderTableCell {TD} at (39,110) size 3x11 [bgcolor=#044140] [r=10 c=13 rs=1 cs=1]
              RenderInline {FONT} at (0,0) size 3x11
                RenderText {#text} at (0,0) size 3x11
                  text run at (0,0) width 3: " "
            RenderTableCell {TD} at (42,110) size 3x11 [bgcolor=#223C3D] [r=10 c=14 rs=1 cs=1]
              RenderInline {FONT} at (0,0) size 3x11
                RenderText {#text} at (0,0) size 3x11
                  text run at (0,0) width 3: " "
            RenderTableCell {TD} at (45,110) size 3x11 [bgcolor=#848788] [r=10 c=15 rs=1 cs=1]
              RenderInline {FONT} at (0,0) size 3x11
                RenderText {#text} at (0,0) size 3x11
                  text run at (0,0) width 3: " "
            RenderTableCell {TD} at (48,110) size 3x11 [bgcolor=#FDFDFB] [r=10 c=16 rs=1 cs=1]
              RenderInline {FONT} at (0,0) size 3x11
                RenderText {#text} at (0,0) size 3x11
                  text run at (0,0) width 3: " "
            RenderTableCell {TD} at (51,110) size 3x11 [bgcolor=#FDFDFB] [r=10 c=17 rs=1 cs=1]
              RenderInline {FONT} at (0,0) size 3x11
                RenderText {#text} at (0,0) size 3x11
                  text run at (0,0) width 3: " "
            RenderTableCell {TD} at (54,110) size 3x11 [bgcolor=#2D3433] [r=10 c=18 rs=1 cs=1]
              RenderInline {FONT} at (0,0) size 3x11
                RenderText {#text} at (0,0) size 3x11
                  text run at (0,0) width 3: " "
            RenderTableCell {TD} at (57,110) size 3x11 [bgcolor=#1E7A79] [r=10 c=19 rs=1 cs=1]
              RenderInline {FONT} at (0,0) size 3x11
                RenderText {#text} at (0,0) size 3x11
                  text run at (0,0) width 3: " "
            RenderTableCell {TD} at (60,110) size 3x11 [bgcolor=#027777] [r=10 c=20 rs=1 cs=1]
              RenderInline {FONT} at (0,0) size 3x11
                RenderText {#text} at (0,0) size 3x11
                  text run at (0,0) width 3: " "
            RenderTableCell {TD} at (63,110) size 3x11 [bgcolor=#349392] [r=10 c=21 rs=1 cs=1]
              RenderInline {FONT} at (0,0) size 3x11
                RenderText {#text} at (0,0) size 3x11
                  text run at (0,0) width 3: " "
            RenderTableCell {TD} at (66,110) size 3x11 [bgcolor=#CADEDD] [r=10 c=22 rs=1 cs=1]
              RenderInline {FONT} at (0,0) size 3x11
                RenderText {#text} at (0,0) size 3x11
                  text run at (0,0) width 3: " "
            RenderTableCell {TD} at (69,110) size 3x11 [bgcolor=#EDEEEF] [r=10 c=23 rs=1 cs=1]
              RenderInline {FONT} at (0,0) size 3x11
                RenderText {#text} at (0,0) size 3x11
                  text run at (0,0) width 3: " "
            RenderTableCell {TD} at (72,110) size 3x11 [bgcolor=#BEC2C2] [r=10 c=24 rs=1 cs=1]
              RenderInline {FONT} at (0,0) size 3x11
                RenderText {#text} at (0,0) size 3x11
                  text run at (0,0) width 3: " "
            RenderTableCell {TD} at (75,110) size 3x11 [bgcolor=#939494] [r=10 c=25 rs=1 cs=1]
              RenderInline {FONT} at (0,0) size 3x11
                RenderText {#text} at (0,0) size 3x11
                  text run at (0,0) width 3: " "
            RenderTableCell {TD} at (78,110) size 3x11 [bgcolor=#848788] [r=10 c=26 rs=1 cs=1]
              RenderInline {FONT} at (0,0) size 3x11
                RenderText {#text} at (0,0) size 3x11
                  text run at (0,0) width 3: " "
            RenderTableCell {TD} at (81,110) size 3x11 [bgcolor=#939494] [r=10 c=27 rs=1 cs=1]
              RenderInline {FONT} at (0,0) size 3x11
                RenderText {#text} at (0,0) size 3x11
                  text run at (0,0) width 3: " "
            RenderTableCell {TD} at (84,110) size 3x11 [bgcolor=#BEC2C2] [r=10 c=28 rs=1 cs=1]
              RenderInline {FONT} at (0,0) size 3x11
                RenderText {#text} at (0,0) size 3x11
                  text run at (0,0) width 3: " "
            RenderTableCell {TD} at (87,110) size 3x11 [bgcolor=#EDEEEF] [r=10 c=29 rs=1 cs=1]
              RenderInline {FONT} at (0,0) size 3x11
                RenderText {#text} at (0,0) size 3x11
                  text run at (0,0) width 3: " "
            RenderTableCell {TD} at (90,110) size 3x11 [bgcolor=#CADEDD] [r=10 c=30 rs=1 cs=1]
              RenderInline {FONT} at (0,0) size 3x11
                RenderText {#text} at (0,0) size 3x11
                  text run at (0,0) width 3: " "
            RenderTableCell {TD} at (93,110) size 3x11 [bgcolor=#447877] [r=10 c=31 rs=1 cs=1]
              RenderInline {FONT} at (0,0) size 3x11
                RenderText {#text} at (0,0) size 3x11
                  text run at (0,0) width 3: " "
            RenderTableCell {TD} at (96,110) size 3x11 [bgcolor=#044140] [r=10 c=32 rs=1 cs=1]
              RenderInline {FONT} at (0,0) size 3x11
                RenderText {#text} at (0,0) size 3x11
                  text run at (0,0) width 3: " "
            RenderTableCell {TD} at (99,110) size 3x11 [bgcolor=#5E5F60] [r=10 c=33 rs=1 cs=1]
              RenderInline {FONT} at (0,0) size 3x11
                RenderText {#text} at (0,0) size 3x11
                  text run at (0,0) width 3: " "
            RenderTableCell {TD} at (102,110) size 3x11 [bgcolor=#777878] [r=10 c=34 rs=1 cs=1]
              RenderInline {FONT} at (0,0) size 3x11
                RenderText {#text} at (0,0) size 3x11
                  text run at (0,0) width 3: " "
            RenderTableCell {TD} at (105,110) size 3x11 [bgcolor=#B4B4B4] [r=10 c=35 rs=1 cs=1]
              RenderInline {FONT} at (0,0) size 3x11
                RenderText {#text} at (0,0) size 3x11
                  text run at (0,0) width 3: " "
            RenderTableCell {TD} at (108,110) size 3x11 [bgcolor=#E0EAE9] [r=10 c=36 rs=1 cs=1]
              RenderInline {FONT} at (0,0) size 3x11
                RenderText {#text} at (0,0) size 3x11
                  text run at (0,0) width 3: " "
            RenderTableCell {TD} at (111,110) size 3x11 [bgcolor=#EDEEEF] [r=10 c=37 rs=1 cs=1]
              RenderInline {FONT} at (0,0) size 3x11
                RenderText {#text} at (0,0) size 3x11
                  text run at (0,0) width 3: " "
            RenderTableCell {TD} at (114,110) size 3x11 [bgcolor=#A5A6A6] [r=10 c=38 rs=1 cs=1]
              RenderInline {FONT} at (0,0) size 3x11
                RenderText {#text} at (0,0) size 3x11
                  text run at (0,0) width 3: " "
            RenderTableCell {TD} at (117,110) size 3x11 [bgcolor=#848788] [r=10 c=39 rs=1 cs=1]
              RenderInline {FONT} at (0,0) size 3x11
                RenderText {#text} at (0,0) size 3x11
                  text run at (0,0) width 3: " "
            RenderTableCell {TD} at (120,110) size 3x11 [bgcolor=#848788] [r=10 c=40 rs=1 cs=1]
              RenderInline {FONT} at (0,0) size 3x11
                RenderText {#text} at (0,0) size 3x11
                  text run at (0,0) width 3: " "
            RenderTableCell {TD} at (123,110) size 3x11 [bgcolor=#A5A6A6] [r=10 c=41 rs=1 cs=1]
              RenderInline {FONT} at (0,0) size 3x11
                RenderText {#text} at (0,0) size 3x11
                  text run at (0,0) width 3: " "
            RenderTableCell {TD} at (126,110) size 3x11 [bgcolor=#E0EAE9] [r=10 c=42 rs=1 cs=1]
              RenderInline {FONT} at (0,0) size 3x11
                RenderText {#text} at (0,0) size 3x11
                  text run at (0,0) width 3: " "
            RenderTableCell {TD} at (129,110) size 3x11 [bgcolor=#E0EAE9] [r=10 c=43 rs=1 cs=1]
              RenderInline {FONT} at (0,0) size 3x11
                RenderText {#text} at (0,0) size 3x11
                  text run at (0,0) width 3: " "
            RenderTableCell {TD} at (132,110) size 3x11 [bgcolor=#589594] [r=10 c=44 rs=1 cs=1]
              RenderInline {FONT} at (0,0) size 3x11
                RenderText {#text} at (0,0) size 3x11
                  text run at (0,0) width 3: " "
            RenderTableCell {TD} at (135,110) size 3x11 [bgcolor=#026766] [r=10 c=45 rs=1 cs=1]
              RenderInline {FONT} at (0,0) size 3x11
                RenderText {#text} at (0,0) size 3x11
                  text run at (0,0) width 3: " "
            RenderTableCell {TD} at (138,110) size 3x11 [bgcolor=#026766] [r=10 c=46 rs=1 cs=1]
              RenderInline {FONT} at (0,0) size 3x11
                RenderText {#text} at (0,0) size 3x11
                  text run at (0,0) width 3: " "
            RenderTableCell {TD} at (141,110) size 3x11 [bgcolor=#1A6B6A] [r=10 c=47 rs=1 cs=1]
              RenderInline {FONT} at (0,0) size 3x11
                RenderText {#text} at (0,0) size 3x11
                  text run at (0,0) width 3: " "
            RenderTableCell {TD} at (144,110) size 3x11 [bgcolor=#B6D0D1] [r=10 c=48 rs=1 cs=1]
              RenderInline {FONT} at (0,0) size 3x11
                RenderText {#text} at (0,0) size 3x11
                  text run at (0,0) width 3: " "
            RenderTableCell {TD} at (147,110) size 3x11 [bgcolor=#FDFDFB] [r=10 c=49 rs=1 cs=1]
              RenderInline {FONT} at (0,0) size 3x11
                RenderText {#text} at (0,0) size 3x11
                  text run at (0,0) width 3: " "
            RenderTableCell {TD} at (150,110) size 3x11 [bgcolor=#CECFCF] [r=10 c=50 rs=1 cs=1]
              RenderInline {FONT} at (0,0) size 3x11
                RenderText {#text} at (0,0) size 3x11
                  text run at (0,0) width 3: " "
            RenderTableCell {TD} at (153,110) size 3x11 [bgcolor=#CECFCF] [r=10 c=51 rs=1 cs=1]
              RenderInline {FONT} at (0,0) size 3x11
                RenderText {#text} at (0,0) size 3x11
                  text run at (0,0) width 3: " "
            RenderTableCell {TD} at (156,110) size 3x11 [bgcolor=#B4B4B4] [r=10 c=52 rs=1 cs=1]
              RenderInline {FONT} at (0,0) size 3x11
                RenderText {#text} at (0,0) size 3x11
                  text run at (0,0) width 3: " "
            RenderTableCell {TD} at (159,110) size 3x11 [bgcolor=#939494] [r=10 c=53 rs=1 cs=1]
              RenderInline {FONT} at (0,0) size 3x11
                RenderText {#text} at (0,0) size 3x11
                  text run at (0,0) width 3: " "
            RenderTableCell {TD} at (162,110) size 3x11 [bgcolor=#848788] [r=10 c=54 rs=1 cs=1]
              RenderInline {FONT} at (0,0) size 3x11
                RenderText {#text} at (0,0) size 3x11
                  text run at (0,0) width 3: " "
            RenderTableCell {TD} at (165,110) size 3x11 [bgcolor=#A5A6A6] [r=10 c=55 rs=1 cs=1]
              RenderInline {FONT} at (0,0) size 3x11
                RenderText {#text} at (0,0) size 3x11
                  text run at (0,0) width 3: " "
            RenderTableCell {TD} at (168,110) size 3x11 [bgcolor=#FDFDFB] [r=10 c=56 rs=1 cs=1]
              RenderInline {FONT} at (0,0) size 3x11
                RenderText {#text} at (0,0) size 3x11
                  text run at (0,0) width 3: " "
            RenderTableCell {TD} at (171,110) size 3x11 [bgcolor=#EDEEEF] [r=10 c=57 rs=1 cs=1]
              RenderInline {FONT} at (0,0) size 3x11
                RenderText {#text} at (0,0) size 3x11
                  text run at (0,0) width 3: " "
            RenderTableCell {TD} at (174,110) size 3x11 [bgcolor=#B4B4B4] [r=10 c=58 rs=1 cs=1]
              RenderInline {FONT} at (0,0) size 3x11
                RenderText {#text} at (0,0) size 3x11
                  text run at (0,0) width 3: " "
            RenderTableCell {TD} at (177,110) size 3x11 [bgcolor=#939494] [r=10 c=59 rs=1 cs=1]
              RenderInline {FONT} at (0,0) size 3x11
                RenderText {#text} at (0,0) size 3x11
                  text run at (0,0) width 3: " "
            RenderTableCell {TD} at (180,110) size 3x11 [bgcolor=#1B8685] [r=10 c=60 rs=1 cs=1]
              RenderInline {FONT} at (0,0) size 3x11
                RenderText {#text} at (0,0) size 3x11
                  text run at (0,0) width 3: " "
            RenderTableCell {TD} at (183,110) size 3x11 [bgcolor=#027777] [r=10 c=61 rs=1 cs=1]
              RenderInline {FONT} at (0,0) size 3x11
                RenderText {#text} at (0,0) size 3x11
                  text run at (0,0) width 3: " "
            RenderTableCell {TD} at (186,110) size 3x11 [bgcolor=#349392] [r=10 c=62 rs=1 cs=1]
              RenderInline {FONT} at (0,0) size 3x11
                RenderText {#text} at (0,0) size 3x11
                  text run at (0,0) width 3: " "
            RenderTableCell {TD} at (189,110) size 3x11 [bgcolor=#B6D0D1] [r=10 c=63 rs=1 cs=1]
              RenderInline {FONT} at (0,0) size 3x11
                RenderText {#text} at (0,0) size 3x11
                  text run at (0,0) width 3: " "
            RenderTableCell {TD} at (192,110) size 3x11 [bgcolor=#EDEEEF] [r=10 c=64 rs=1 cs=1]
              RenderInline {FONT} at (0,0) size 3x11
                RenderText {#text} at (0,0) size 3x11
                  text run at (0,0) width 3: " "
            RenderTableCell {TD} at (195,110) size 3x11 [bgcolor=#CECFCF] [r=10 c=65 rs=1 cs=1]
              RenderInline {FONT} at (0,0) size 3x11
                RenderText {#text} at (0,0) size 3x11
                  text run at (0,0) width 3: " "
            RenderTableCell {TD} at (198,110) size 3x11 [bgcolor=#939494] [r=10 c=66 rs=1 cs=1]
              RenderInline {FONT} at (0,0) size 3x11
                RenderText {#text} at (0,0) size 3x11
                  text run at (0,0) width 3: " "
            RenderTableCell {TD} at (201,110) size 3x11 [bgcolor=#848788] [r=10 c=67 rs=1 cs=1]
              RenderInline {FONT} at (0,0) size 3x11
                RenderText {#text} at (0,0) size 3x11
                  text run at (0,0) width 3: " "
            RenderTableCell {TD} at (204,110) size 3x11 [bgcolor=#939494] [r=10 c=68 rs=1 cs=1]
              RenderInline {FONT} at (0,0) size 3x11
                RenderText {#text} at (0,0) size 3x11
                  text run at (0,0) width 3: " "
            RenderTableCell {TD} at (207,110) size 3x11 [bgcolor=#CECFCF] [r=10 c=69 rs=1 cs=1]
              RenderInline {FONT} at (0,0) size 3x11
                RenderText {#text} at (0,0) size 3x11
                  text run at (0,0) width 3: " "
            RenderTableCell {TD} at (210,110) size 3x11 [bgcolor=#B6D8D7] [r=10 c=70 rs=1 cs=1]
              RenderInline {FONT} at (0,0) size 3x11
                RenderText {#text} at (0,0) size 3x11
                  text run at (0,0) width 3: " "
            RenderTableCell {TD} at (213,110) size 3x11 [bgcolor=#EDEEEF] [r=10 c=71 rs=1 cs=1]
              RenderInline {FONT} at (0,0) size 3x11
                RenderText {#text} at (0,0) size 3x11
                  text run at (0,0) width 3: " "
            RenderTableCell {TD} at (216,110) size 3x11 [bgcolor=#FDFDFB] [r=10 c=72 rs=1 cs=1]
              RenderInline {FONT} at (0,0) size 3x11
                RenderText {#text} at (0,0) size 3x11
                  text run at (0,0) width 3: " "
            RenderTableCell {TD} at (219,110) size 3x11 [bgcolor=#4D4F4F] [r=10 c=73 rs=1 cs=1]
              RenderInline {FONT} at (0,0) size 3x11
                RenderText {#text} at (0,0) size 3x11
                  text run at (0,0) width 3: " "
            RenderTableCell {TD} at (222,110) size 3x11 [bgcolor=#5E5F60] [r=10 c=74 rs=1 cs=1]
              RenderInline {FONT} at (0,0) size 3x11
                RenderText {#text} at (0,0) size 3x11
                  text run at (0,0) width 3: " "
            RenderTableCell {TD} at (225,110) size 3x11 [bgcolor=#848788] [r=10 c=75 rs=1 cs=1]
              RenderInline {FONT} at (0,0) size 3x11
                RenderText {#text} at (0,0) size 3x11
                  text run at (0,0) width 3: " "
            RenderTableCell {TD} at (228,110) size 3x11 [bgcolor=#939494] [r=10 c=76 rs=1 cs=1]
              RenderInline {FONT} at (0,0) size 3x11
                RenderText {#text} at (0,0) size 3x11
                  text run at (0,0) width 3: " "
            RenderTableCell {TD} at (231,110) size 3x11 [bgcolor=#CECFCF] [r=10 c=77 rs=1 cs=1]
              RenderInline {FONT} at (0,0) size 3x11
                RenderText {#text} at (0,0) size 3x11
                  text run at (0,0) width 3: " "
            RenderTableCell {TD} at (234,110) size 3x11 [bgcolor=#EDEEEF] [r=10 c=78 rs=1 cs=1]
              RenderInline {FONT} at (0,0) size 3x11
                RenderText {#text} at (0,0) size 3x11
                  text run at (0,0) width 3: " "
            RenderTableCell {TD} at (237,110) size 3x11 [bgcolor=#DEDFDF] [r=10 c=79 rs=1 cs=1]
              RenderInline {FONT} at (0,0) size 3x11
                RenderText {#text} at (0,0) size 3x11
                  text run at (0,0) width 3: " "
            RenderTableCell {TD} at (240,110) size 3x11 [bgcolor=#A5A6A6] [r=10 c=80 rs=1 cs=1]
              RenderInline {FONT} at (0,0) size 3x11
                RenderText {#text} at (0,0) size 3x11
                  text run at (0,0) width 3: " "
            RenderTableCell {TD} at (243,110) size 3x11 [bgcolor=#848788] [r=10 c=81 rs=1 cs=1]
              RenderInline {FONT} at (0,0) size 3x11
                RenderText {#text} at (0,0) size 3x11
                  text run at (0,0) width 3: " "
            RenderTableCell {TD} at (246,110) size 3x11 [bgcolor=#939494] [r=10 c=82 rs=1 cs=1]
              RenderInline {FONT} at (0,0) size 3x11
                RenderText {#text} at (0,0) size 3x11
                  text run at (0,0) width 3: " "
            RenderTableCell {TD} at (249,110) size 3x11 [bgcolor=#BEC2C2] [r=10 c=83 rs=1 cs=1]
              RenderInline {FONT} at (0,0) size 3x11
                RenderText {#text} at (0,0) size 3x11
                  text run at (0,0) width 3: " "
            RenderTableCell {TD} at (252,110) size 3x11 [bgcolor=#EDEEEF] [r=10 c=84 rs=1 cs=1]
              RenderInline {FONT} at (0,0) size 3x11
                RenderText {#text} at (0,0) size 3x11
                  text run at (0,0) width 3: " "
            RenderTableCell {TD} at (255,110) size 3x11 [bgcolor=#CADEDD] [r=10 c=85 rs=1 cs=1]
              RenderInline {FONT} at (0,0) size 3x11
                RenderText {#text} at (0,0) size 3x11
                  text run at (0,0) width 3: " "
            RenderTableCell {TD} at (258,110) size 3x11 [bgcolor=#589594] [r=10 c=86 rs=1 cs=1]
              RenderInline {FONT} at (0,0) size 3x11
                RenderText {#text} at (0,0) size 3x11
                  text run at (0,0) width 3: " "
            RenderTableCell {TD} at (261,110) size 3x11 [bgcolor=#026766] [r=10 c=87 rs=1 cs=1]
              RenderInline {FONT} at (0,0) size 3x11
                RenderText {#text} at (0,0) size 3x11
                  text run at (0,0) width 3: " "
            RenderTableCell {TD} at (264,110) size 3x11 [bgcolor=#026766] [r=10 c=88 rs=1 cs=1]
              RenderInline {FONT} at (0,0) size 3x11
                RenderText {#text} at (0,0) size 3x11
                  text run at (0,0) width 3: " "
            RenderTableCell {TD} at (267,110) size 3x11 [bgcolor=#7CAEAF] [r=10 c=89 rs=1 cs=1]
              RenderInline {FONT} at (0,0) size 3x11
                RenderText {#text} at (0,0) size 3x11
                  text run at (0,0) width 3: " "
            RenderTableCell {TD} at (270,110) size 3x11 [bgcolor=#CECFCF] [r=10 c=90 rs=1 cs=1]
              RenderInline {FONT} at (0,0) size 3x11
                RenderText {#text} at (0,0) size 3x11
                  text run at (0,0) width 3: " "
            RenderTableCell {TD} at (273,110) size 3x11 [bgcolor=#FDFDFB] [r=10 c=91 rs=1 cs=1]
              RenderInline {FONT} at (0,0) size 3x11
                RenderText {#text} at (0,0) size 3x11
                  text run at (0,0) width 3: " "
            RenderTableCell {TD} at (276,110) size 3x11 [bgcolor=#FDFDFB] [r=10 c=92 rs=1 cs=1]
              RenderInline {FONT} at (0,0) size 3x11
                RenderText {#text} at (0,0) size 3x11
                  text run at (0,0) width 3: " "
            RenderTableCell {TD} at (279,110) size 3x11 [bgcolor=#BEC2C2] [r=10 c=93 rs=1 cs=1]
              RenderInline {FONT} at (0,0) size 3x11
                RenderText {#text} at (0,0) size 3x11
                  text run at (0,0) width 3: " "
            RenderTableCell {TD} at (282,110) size 3x11 [bgcolor=#B4B4B4] [r=10 c=94 rs=1 cs=1]
              RenderInline {FONT} at (0,0) size 3x11
                RenderText {#text} at (0,0) size 3x11
                  text run at (0,0) width 3: " "
            RenderTableCell {TD} at (285,110) size 3x11 [bgcolor=#696A69] [r=10 c=95 rs=1 cs=1]
              RenderInline {FONT} at (0,0) size 3x11
                RenderText {#text} at (0,0) size 3x11
                  text run at (0,0) width 3: " "
            RenderTableCell {TD} at (288,110) size 3x11 [bgcolor=#696A69] [r=10 c=96 rs=1 cs=1]
              RenderInline {FONT} at (0,0) size 3x11
                RenderText {#text} at (0,0) size 3x11
                  text run at (0,0) width 3: " "
            RenderTableCell {TD} at (291,110) size 3x11 [bgcolor=#848788] [r=10 c=97 rs=1 cs=1]
              RenderInline {FONT} at (0,0) size 3x11
                RenderText {#text} at (0,0) size 3x11
                  text run at (0,0) width 3: " "
            RenderTableCell {TD} at (294,110) size 3x11 [bgcolor=#777878] [r=10 c=98 rs=1 cs=1]
              RenderInline {FONT} at (0,0) size 3x11
                RenderText {#text} at (0,0) size 3x11
                  text run at (0,0) width 3: " "
            RenderTableCell {TD} at (297,110) size 3x11 [bgcolor=#4D4F4F] [r=10 c=99 rs=1 cs=1]
              RenderInline {FONT} at (0,0) size 3x11
                RenderText {#text} at (0,0) size 3x11
                  text run at (0,0) width 3: " "
          RenderTableRow {TR} at (0,121) size 300x11
            RenderTableCell {TD} at (0,121) size 3x11 [bgcolor=#A4CCCC] [r=11 c=0 rs=1 cs=1]
              RenderInline {FONT} at (0,0) size 3x11
                RenderText {#text} at (0,0) size 3x11
                  text run at (0,0) width 3: " "
            RenderTableCell {TD} at (3,121) size 3x11 [bgcolor=#048485] [r=11 c=1 rs=1 cs=1]
              RenderInline {FONT} at (0,0) size 3x11
                RenderText {#text} at (0,0) size 3x11
                  text run at (0,0) width 3: " "
            RenderTableCell {TD} at (6,121) size 3x11 [bgcolor=#7DBAB9] [r=11 c=2 rs=1 cs=1]
              RenderInline {FONT} at (0,0) size 3x11
                RenderText {#text} at (0,0) size 3x11
                  text run at (0,0) width 3: " "
            RenderTableCell {TD} at (9,121) size 3x11 [bgcolor=#FDFDFB] [r=11 c=3 rs=1 cs=1]
              RenderInline {FONT} at (0,0) size 3x11
                RenderText {#text} at (0,0) size 3x11
                  text run at (0,0) width 3: " "
            RenderTableCell {TD} at (12,121) size 3x11 [bgcolor=#CECFCF] [r=11 c=4 rs=1 cs=1]
              RenderInline {FONT} at (0,0) size 3x11
                RenderText {#text} at (0,0) size 3x11
                  text run at (0,0) width 3: " "
            RenderTableCell {TD} at (15,121) size 3x11 [bgcolor=#072323] [r=11 c=5 rs=1 cs=1]
              RenderInline {FONT} at (0,0) size 3x11
                RenderText {#text} at (0,0) size 3x11
                  text run at (0,0) width 3: " "
            RenderTableCell {TD} at (18,121) size 3x11 [bgcolor=#044140] [r=11 c=6 rs=1 cs=1]
              RenderInline {FONT} at (0,0) size 3x11
                RenderText {#text} at (0,0) size 3x11
                  text run at (0,0) width 3: " "
            RenderTableCell {TD} at (21,121) size 3x11 [bgcolor=#044F4F] [r=11 c=7 rs=1 cs=1]
              RenderInline {FONT} at (0,0) size 3x11
                RenderText {#text} at (0,0) size 3x11
                  text run at (0,0) width 3: " "
            RenderTableCell {TD} at (24,121) size 3x11 [bgcolor=#044F4F] [r=11 c=8 rs=1 cs=1]
              RenderInline {FONT} at (0,0) size 3x11
                RenderText {#text} at (0,0) size 3x11
                  text run at (0,0) width 3: " "
            RenderTableCell {TD} at (27,121) size 3x11 [bgcolor=#044F4F] [r=11 c=9 rs=1 cs=1]
              RenderInline {FONT} at (0,0) size 3x11
                RenderText {#text} at (0,0) size 3x11
                  text run at (0,0) width 3: " "
            RenderTableCell {TD} at (30,121) size 3x11 [bgcolor=#A2B5B4] [r=11 c=10 rs=1 cs=1]
              RenderInline {FONT} at (0,0) size 3x11
                RenderText {#text} at (0,0) size 3x11
                  text run at (0,0) width 3: " "
            RenderTableCell {TD} at (33,121) size 3x11 [bgcolor=#BEC2C2] [r=11 c=11 rs=1 cs=1]
              RenderInline {FONT} at (0,0) size 3x11
                RenderText {#text} at (0,0) size 3x11
                  text run at (0,0) width 3: " "
            RenderTableCell {TD} at (36,121) size 3x11 [bgcolor=#647979] [r=11 c=12 rs=1 cs=1]
              RenderInline {FONT} at (0,0) size 3x11
                RenderText {#text} at (0,0) size 3x11
                  text run at (0,0) width 3: " "
            RenderTableCell {TD} at (39,121) size 3x11 [bgcolor=#044140] [r=11 c=13 rs=1 cs=1]
              RenderInline {FONT} at (0,0) size 3x11
                RenderText {#text} at (0,0) size 3x11
                  text run at (0,0) width 3: " "
            RenderTableCell {TD} at (42,121) size 3x11 [bgcolor=#223C3D] [r=11 c=14 rs=1 cs=1]
              RenderInline {FONT} at (0,0) size 3x11
                RenderText {#text} at (0,0) size 3x11
                  text run at (0,0) width 3: " "
            RenderTableCell {TD} at (45,121) size 3x11 [bgcolor=#848788] [r=11 c=15 rs=1 cs=1]
              RenderInline {FONT} at (0,0) size 3x11
                RenderText {#text} at (0,0) size 3x11
                  text run at (0,0) width 3: " "
            RenderTableCell {TD} at (48,121) size 3x11 [bgcolor=#FDFDFB] [r=11 c=16 rs=1 cs=1]
              RenderInline {FONT} at (0,0) size 3x11
                RenderText {#text} at (0,0) size 3x11
                  text run at (0,0) width 3: " "
            RenderTableCell {TD} at (51,121) size 3x11 [bgcolor=#FDFDFB] [r=11 c=17 rs=1 cs=1]
              RenderInline {FONT} at (0,0) size 3x11
                RenderText {#text} at (0,0) size 3x11
                  text run at (0,0) width 3: " "
            RenderTableCell {TD} at (54,121) size 3x11 [bgcolor=#2D3433] [r=11 c=18 rs=1 cs=1]
              RenderInline {FONT} at (0,0) size 3x11
                RenderText {#text} at (0,0) size 3x11
                  text run at (0,0) width 3: " "
            RenderTableCell {TD} at (57,121) size 3x11 [bgcolor=#1E7A79] [r=11 c=19 rs=1 cs=1]
              RenderInline {FONT} at (0,0) size 3x11
                RenderText {#text} at (0,0) size 3x11
                  text run at (0,0) width 3: " "
            RenderTableCell {TD} at (60,121) size 3x11 [bgcolor=#027777] [r=11 c=20 rs=1 cs=1]
              RenderInline {FONT} at (0,0) size 3x11
                RenderText {#text} at (0,0) size 3x11
                  text run at (0,0) width 3: " "
            RenderTableCell {TD} at (63,121) size 3x11 [bgcolor=#A4CCCC] [r=11 c=21 rs=1 cs=1]
              RenderInline {FONT} at (0,0) size 3x11
                RenderText {#text} at (0,0) size 3x11
                  text run at (0,0) width 3: " "
            RenderTableCell {TD} at (66,121) size 3x11 [bgcolor=#DEDFDF] [r=11 c=22 rs=1 cs=1]
              RenderInline {FONT} at (0,0) size 3x11
                RenderText {#text} at (0,0) size 3x11
                  text run at (0,0) width 3: " "
            RenderTableCell {TD} at (69,121) size 3x11 [bgcolor=#848788] [r=11 c=23 rs=1 cs=1]
              RenderInline {FONT} at (0,0) size 3x11
                RenderText {#text} at (0,0) size 3x11
                  text run at (0,0) width 3: " "
            RenderTableCell {TD} at (72,121) size 3x11 [bgcolor=#072323] [r=11 c=24 rs=1 cs=1]
              RenderInline {FONT} at (0,0) size 3x11
                RenderText {#text} at (0,0) size 3x11
                  text run at (0,0) width 3: " "
            RenderTableCell {TD} at (75,121) size 3x11 [bgcolor=#044140] [r=11 c=25 rs=1 cs=1]
              RenderInline {FONT} at (0,0) size 3x11
                RenderText {#text} at (0,0) size 3x11
                  text run at (0,0) width 3: " "
            RenderTableCell {TD} at (78,121) size 3x11 [bgcolor=#044F4F] [r=11 c=26 rs=1 cs=1]
              RenderInline {FONT} at (0,0) size 3x11
                RenderText {#text} at (0,0) size 3x11
                  text run at (0,0) width 3: " "
            RenderTableCell {TD} at (81,121) size 3x11 [bgcolor=#044F4F] [r=11 c=27 rs=1 cs=1]
              RenderInline {FONT} at (0,0) size 3x11
                RenderText {#text} at (0,0) size 3x11
                  text run at (0,0) width 3: " "
            RenderTableCell {TD} at (84,121) size 3x11 [bgcolor=#044F4F] [r=11 c=28 rs=1 cs=1]
              RenderInline {FONT} at (0,0) size 3x11
                RenderText {#text} at (0,0) size 3x11
                  text run at (0,0) width 3: " "
            RenderTableCell {TD} at (87,121) size 3x11 [bgcolor=#A2B5B4] [r=11 c=29 rs=1 cs=1]
              RenderInline {FONT} at (0,0) size 3x11
                RenderText {#text} at (0,0) size 3x11
                  text run at (0,0) width 3: " "
            RenderTableCell {TD} at (90,121) size 3x11 [bgcolor=#FDFDFB] [r=11 c=30 rs=1 cs=1]
              RenderInline {FONT} at (0,0) size 3x11
                RenderText {#text} at (0,0) size 3x11
                  text run at (0,0) width 3: " "
            RenderTableCell {TD} at (93,121) size 3x11 [bgcolor=#A2B5B4] [r=11 c=31 rs=1 cs=1]
              RenderInline {FONT} at (0,0) size 3x11
                RenderText {#text} at (0,0) size 3x11
                  text run at (0,0) width 3: " "
            RenderTableCell {TD} at (96,121) size 3x11 [bgcolor=#083131] [r=11 c=32 rs=1 cs=1]
              RenderInline {FONT} at (0,0) size 3x11
                RenderText {#text} at (0,0) size 3x11
                  text run at (0,0) width 3: " "
            RenderTableCell {TD} at (99,121) size 3x11 [bgcolor=#515C5B] [r=11 c=33 rs=1 cs=1]
              RenderInline {FONT} at (0,0) size 3x11
                RenderText {#text} at (0,0) size 3x11
                  text run at (0,0) width 3: " "
            RenderTableCell {TD} at (102,121) size 3x11 [bgcolor=#848788] [r=11 c=34 rs=1 cs=1]
              RenderInline {FONT} at (0,0) size 3x11
                RenderText {#text} at (0,0) size 3x11
                  text run at (0,0) width 3: " "
            RenderTableCell {TD} at (105,121) size 3x11 [bgcolor=#EDEEEF] [r=11 c=35 rs=1 cs=1]
              RenderInline {FONT} at (0,0) size 3x11
                RenderText {#text} at (0,0) size 3x11
                  text run at (0,0) width 3: " "
            RenderTableCell {TD} at (108,121) size 3x11 [bgcolor=#FDFDFB] [r=11 c=36 rs=1 cs=1]
              RenderInline {FONT} at (0,0) size 3x11
                RenderText {#text} at (0,0) size 3x11
                  text run at (0,0) width 3: " "
            RenderTableCell {TD} at (111,121) size 3x11 [bgcolor=#5E5F60] [r=11 c=37 rs=1 cs=1]
              RenderInline {FONT} at (0,0) size 3x11
                RenderText {#text} at (0,0) size 3x11
                  text run at (0,0) width 3: " "
            RenderTableCell {TD} at (114,121) size 3x11 [bgcolor=#083131] [r=11 c=38 rs=1 cs=1]
              RenderInline {FONT} at (0,0) size 3x11
                RenderText {#text} at (0,0) size 3x11
                  text run at (0,0) width 3: " "
            RenderTableCell {TD} at (117,121) size 3x11 [bgcolor=#044F4F] [r=11 c=39 rs=1 cs=1]
              RenderInline {FONT} at (0,0) size 3x11
                RenderText {#text} at (0,0) size 3x11
                  text run at (0,0) width 3: " "
            RenderTableCell {TD} at (120,121) size 3x11 [bgcolor=#044F4F] [r=11 c=40 rs=1 cs=1]
              RenderInline {FONT} at (0,0) size 3x11
                RenderText {#text} at (0,0) size 3x11
                  text run at (0,0) width 3: " "
            RenderTableCell {TD} at (123,121) size 3x11 [bgcolor=#044F4F] [r=11 c=41 rs=1 cs=1]
              RenderInline {FONT} at (0,0) size 3x11
                RenderText {#text} at (0,0) size 3x11
                  text run at (0,0) width 3: " "
            RenderTableCell {TD} at (126,121) size 3x11 [bgcolor=#396B6A] [r=11 c=42 rs=1 cs=1]
              RenderInline {FONT} at (0,0) size 3x11
                RenderText {#text} at (0,0) size 3x11
                  text run at (0,0) width 3: " "
            RenderTableCell {TD} at (129,121) size 3x11 [bgcolor=#CECFCF] [r=11 c=43 rs=1 cs=1]
              RenderInline {FONT} at (0,0) size 3x11
                RenderText {#text} at (0,0) size 3x11
                  text run at (0,0) width 3: " "
            RenderTableCell {TD} at (132,121) size 3x11 [bgcolor=#A5A6A6] [r=11 c=44 rs=1 cs=1]
              RenderInline {FONT} at (0,0) size 3x11
                RenderText {#text} at (0,0) size 3x11
                  text run at (0,0) width 3: " "
            RenderTableCell {TD} at (135,121) size 3x11 [bgcolor=#1A5C5C] [r=11 c=45 rs=1 cs=1]
              RenderInline {FONT} at (0,0) size 3x11
                RenderText {#text} at (0,0) size 3x11
                  text run at (0,0) width 3: " "
            RenderTableCell {TD} at (138,121) size 3x11 [bgcolor=#026766] [r=11 c=46 rs=1 cs=1]
              RenderInline {FONT} at (0,0) size 3x11
                RenderText {#text} at (0,0) size 3x11
                  text run at (0,0) width 3: " "
            RenderTableCell {TD} at (141,121) size 3x11 [bgcolor=#1A6B6A] [r=11 c=47 rs=1 cs=1]
              RenderInline {FONT} at (0,0) size 3x11
                RenderText {#text} at (0,0) size 3x11
                  text run at (0,0) width 3: " "
            RenderTableCell {TD} at (144,121) size 3x11 [bgcolor=#B6D0D1] [r=11 c=48 rs=1 cs=1]
              RenderInline {FONT} at (0,0) size 3x11
                RenderText {#text} at (0,0) size 3x11
                  text run at (0,0) width 3: " "
            RenderTableCell {TD} at (147,121) size 3x11 [bgcolor=#FDFDFB] [r=11 c=49 rs=1 cs=1]
              RenderInline {FONT} at (0,0) size 3x11
                RenderText {#text} at (0,0) size 3x11
                  text run at (0,0) width 3: " "
            RenderTableCell {TD} at (150,121) size 3x11 [bgcolor=#EDEEEF] [r=11 c=50 rs=1 cs=1]
              RenderInline {FONT} at (0,0) size 3x11
                RenderText {#text} at (0,0) size 3x11
                  text run at (0,0) width 3: " "
            RenderTableCell {TD} at (153,121) size 3x11 [bgcolor=#4D4F4F] [r=11 c=51 rs=1 cs=1]
              RenderInline {FONT} at (0,0) size 3x11
                RenderText {#text} at (0,0) size 3x11
                  text run at (0,0) width 3: " "
            RenderTableCell {TD} at (156,121) size 3x11 [bgcolor=#1C2524] [r=11 c=52 rs=1 cs=1]
              RenderInline {FONT} at (0,0) size 3x11
                RenderText {#text} at (0,0) size 3x11
                  text run at (0,0) width 3: " "
            RenderTableCell {TD} at (159,121) size 3x11 [bgcolor=#3D4242] [r=11 c=53 rs=1 cs=1]
              RenderInline {FONT} at (0,0) size 3x11
                RenderText {#text} at (0,0) size 3x11
                  text run at (0,0) width 3: " "
            RenderTableCell {TD} at (162,121) size 3x11 [bgcolor=#696A69] [r=11 c=54 rs=1 cs=1]
              RenderInline {FONT} at (0,0) size 3x11
                RenderText {#text} at (0,0) size 3x11
                  text run at (0,0) width 3: " "
            RenderTableCell {TD} at (165,121) size 3x11 [bgcolor=#777878] [r=11 c=55 rs=1 cs=1]
              RenderInline {FONT} at (0,0) size 3x11
                RenderText {#text} at (0,0) size 3x11
                  text run at (0,0) width 3: " "
            RenderTableCell {TD} at (168,121) size 3x11 [bgcolor=#B4B4B4] [r=11 c=56 rs=1 cs=1]
              RenderInline {FONT} at (0,0) size 3x11
                RenderText {#text} at (0,0) size 3x11
                  text run at (0,0) width 3: " "
            RenderTableCell {TD} at (171,121) size 3x11 [bgcolor=#FDFDFB] [r=11 c=57 rs=1 cs=1]
              RenderInline {FONT} at (0,0) size 3x11
                RenderText {#text} at (0,0) size 3x11
                  text run at (0,0) width 3: " "
            RenderTableCell {TD} at (174,121) size 3x11 [bgcolor=#EDEEEF] [r=11 c=58 rs=1 cs=1]
              RenderInline {FONT} at (0,0) size 3x11
                RenderText {#text} at (0,0) size 3x11
                  text run at (0,0) width 3: " "
            RenderTableCell {TD} at (177,121) size 3x11 [bgcolor=#696A69] [r=11 c=59 rs=1 cs=1]
              RenderInline {FONT} at (0,0) size 3x11
                RenderText {#text} at (0,0) size 3x11
                  text run at (0,0) width 3: " "
            RenderTableCell {TD} at (180,121) size 3x11 [bgcolor=#1B8685] [r=11 c=60 rs=1 cs=1]
              RenderInline {FONT} at (0,0) size 3x11
                RenderText {#text} at (0,0) size 3x11
                  text run at (0,0) width 3: " "
            RenderTableCell {TD} at (183,121) size 3x11 [bgcolor=#1B8685] [r=11 c=61 rs=1 cs=1]
              RenderInline {FONT} at (0,0) size 3x11
                RenderText {#text} at (0,0) size 3x11
                  text run at (0,0) width 3: " "
            RenderTableCell {TD} at (186,121) size 3x11 [bgcolor=#E0EAE9] [r=11 c=62 rs=1 cs=1]
              RenderInline {FONT} at (0,0) size 3x11
                RenderText {#text} at (0,0) size 3x11
                  text run at (0,0) width 3: " "
            RenderTableCell {TD} at (189,121) size 3x11 [bgcolor=#FDFDFB] [r=11 c=63 rs=1 cs=1]
              RenderInline {FONT} at (0,0) size 3x11
                RenderText {#text} at (0,0) size 3x11
                  text run at (0,0) width 3: " "
            RenderTableCell {TD} at (192,121) size 3x11 [bgcolor=#777878] [r=11 c=64 rs=1 cs=1]
              RenderInline {FONT} at (0,0) size 3x11
                RenderText {#text} at (0,0) size 3x11
                  text run at (0,0) width 3: " "
            RenderTableCell {TD} at (195,121) size 3x11 [bgcolor=#072323] [r=11 c=65 rs=1 cs=1]
              RenderInline {FONT} at (0,0) size 3x11
                RenderText {#text} at (0,0) size 3x11
                  text run at (0,0) width 3: " "
            RenderTableCell {TD} at (198,121) size 3x11 [bgcolor=#044140] [r=11 c=66 rs=1 cs=1]
              RenderInline {FONT} at (0,0) size 3x11
                RenderText {#text} at (0,0) size 3x11
                  text run at (0,0) width 3: " "
            RenderTableCell {TD} at (201,121) size 3x11 [bgcolor=#044F4F] [r=11 c=67 rs=1 cs=1]
              RenderInline {FONT} at (0,0) size 3x11
                RenderText {#text} at (0,0) size 3x11
                  text run at (0,0) width 3: " "
            RenderTableCell {TD} at (204,121) size 3x11 [bgcolor=#044F4F] [r=11 c=68 rs=1 cs=1]
              RenderInline {FONT} at (0,0) size 3x11
                RenderText {#text} at (0,0) size 3x11
                  text run at (0,0) width 3: " "
            RenderTableCell {TD} at (207,121) size 3x11 [bgcolor=#1A5C5C] [r=11 c=69 rs=1 cs=1]
              RenderInline {FONT} at (0,0) size 3x11
                RenderText {#text} at (0,0) size 3x11
                  text run at (0,0) width 3: " "
            RenderTableCell {TD} at (210,121) size 3x11 [bgcolor=#A2B5B4] [r=11 c=70 rs=1 cs=1]
              RenderInline {FONT} at (0,0) size 3x11
                RenderText {#text} at (0,0) size 3x11
                  text run at (0,0) width 3: " "
            RenderTableCell {TD} at (213,121) size 3x11 [bgcolor=#FDFDFB] [r=11 c=71 rs=1 cs=1]
              RenderInline {FONT} at (0,0) size 3x11
                RenderText {#text} at (0,0) size 3x11
                  text run at (0,0) width 3: " "
            RenderTableCell {TD} at (216,121) size 3x11 [bgcolor=#FDFDFB] [r=11 c=72 rs=1 cs=1]
              RenderInline {FONT} at (0,0) size 3x11
                RenderText {#text} at (0,0) size 3x11
                  text run at (0,0) width 3: " "
            RenderTableCell {TD} at (219,121) size 3x11 [bgcolor=#4D4F4F] [r=11 c=73 rs=1 cs=1]
              RenderInline {FONT} at (0,0) size 3x11
                RenderText {#text} at (0,0) size 3x11
                  text run at (0,0) width 3: " "
            RenderTableCell {TD} at (222,121) size 3x11 [bgcolor=#5E5F60] [r=11 c=74 rs=1 cs=1]
              RenderInline {FONT} at (0,0) size 3x11
                RenderText {#text} at (0,0) size 3x11
                  text run at (0,0) width 3: " "
            RenderTableCell {TD} at (225,121) size 3x11 [bgcolor=#848788] [r=11 c=75 rs=1 cs=1]
              RenderInline {FONT} at (0,0) size 3x11
                RenderText {#text} at (0,0) size 3x11
                  text run at (0,0) width 3: " "
            RenderTableCell {TD} at (228,121) size 3x11 [bgcolor=#CECFCF] [r=11 c=76 rs=1 cs=1]
              RenderInline {FONT} at (0,0) size 3x11
                RenderText {#text} at (0,0) size 3x11
                  text run at (0,0) width 3: " "
            RenderTableCell {TD} at (231,121) size 3x11 [bgcolor=#FDFDFB] [r=11 c=77 rs=1 cs=1]
              RenderInline {FONT} at (0,0) size 3x11
                RenderText {#text} at (0,0) size 3x11
                  text run at (0,0) width 3: " "
            RenderTableCell {TD} at (234,121) size 3x11 [bgcolor=#B4B4B4] [r=11 c=78 rs=1 cs=1]
              RenderInline {FONT} at (0,0) size 3x11
                RenderText {#text} at (0,0) size 3x11
                  text run at (0,0) width 3: " "
            RenderTableCell {TD} at (237,121) size 3x11 [bgcolor=#1C2524] [r=11 c=79 rs=1 cs=1]
              RenderInline {FONT} at (0,0) size 3x11
                RenderText {#text} at (0,0) size 3x11
                  text run at (0,0) width 3: " "
            RenderTableCell {TD} at (240,121) size 3x11 [bgcolor=#044140] [r=11 c=80 rs=1 cs=1]
              RenderInline {FONT} at (0,0) size 3x11
                RenderText {#text} at (0,0) size 3x11
                  text run at (0,0) width 3: " "
            RenderTableCell {TD} at (243,121) size 3x11 [bgcolor=#044F4F] [r=11 c=81 rs=1 cs=1]
              RenderInline {FONT} at (0,0) size 3x11
                RenderText {#text} at (0,0) size 3x11
                  text run at (0,0) width 3: " "
            RenderTableCell {TD} at (246,121) size 3x11 [bgcolor=#044F4F] [r=11 c=82 rs=1 cs=1]
              RenderInline {FONT} at (0,0) size 3x11
                RenderText {#text} at (0,0) size 3x11
                  text run at (0,0) width 3: " "
            RenderTableCell {TD} at (249,121) size 3x11 [bgcolor=#044F4F] [r=11 c=83 rs=1 cs=1]
              RenderInline {FONT} at (0,0) size 3x11
                RenderText {#text} at (0,0) size 3x11
                  text run at (0,0) width 3: " "
            RenderTableCell {TD} at (252,121) size 3x11 [bgcolor=#447877] [r=11 c=84 rs=1 cs=1]
              RenderInline {FONT} at (0,0) size 3x11
                RenderText {#text} at (0,0) size 3x11
                  text run at (0,0) width 3: " "
            RenderTableCell {TD} at (255,121) size 3x11 [bgcolor=#EDEEEF] [r=11 c=85 rs=1 cs=1]
              RenderInline {FONT} at (0,0) size 3x11
                RenderText {#text} at (0,0) size 3x11
                  text run at (0,0) width 3: " "
            RenderTableCell {TD} at (258,121) size 3x11 [bgcolor=#FDFDFB] [r=11 c=86 rs=1 cs=1]
              RenderInline {FONT} at (0,0) size 3x11
                RenderText {#text} at (0,0) size 3x11
                  text run at (0,0) width 3: " "
            RenderTableCell {TD} at (261,121) size 3x11 [bgcolor=#5A8787] [r=11 c=87 rs=1 cs=1]
              RenderInline {FONT} at (0,0) size 3x11
                RenderText {#text} at (0,0) size 3x11
                  text run at (0,0) width 3: " "
            RenderTableCell {TD} at (264,121) size 3x11 [bgcolor=#025E5E] [r=11 c=88 rs=1 cs=1]
              RenderInline {FONT} at (0,0) size 3x11
                RenderText {#text} at (0,0) size 3x11
                  text run at (0,0) width 3: " "
            RenderTableCell {TD} at (267,121) size 3x11 [bgcolor=#025E5E] [r=11 c=89 rs=1 cs=1]
              RenderInline {FONT} at (0,0) size 3x11
                RenderText {#text} at (0,0) size 3x11
                  text run at (0,0) width 3: " "
            RenderTableCell {TD} at (270,121) size 3x11 [bgcolor=#396B6A] [r=11 c=90 rs=1 cs=1]
              RenderInline {FONT} at (0,0) size 3x11
                RenderText {#text} at (0,0) size 3x11
                  text run at (0,0) width 3: " "
            RenderTableCell {TD} at (273,121) size 3x11 [bgcolor=#E0EAE9] [r=11 c=91 rs=1 cs=1]
              RenderInline {FONT} at (0,0) size 3x11
                RenderText {#text} at (0,0) size 3x11
                  text run at (0,0) width 3: " "
            RenderTableCell {TD} at (276,121) size 3x11 [bgcolor=#FDFDFB] [r=11 c=92 rs=1 cs=1]
              RenderInline {FONT} at (0,0) size 3x11
                RenderText {#text} at (0,0) size 3x11
                  text run at (0,0) width 3: " "
            RenderTableCell {TD} at (279,121) size 3x11 [bgcolor=#2D3433] [r=11 c=93 rs=1 cs=1]
              RenderInline {FONT} at (0,0) size 3x11
                RenderText {#text} at (0,0) size 3x11
                  text run at (0,0) width 3: " "
            RenderTableCell {TD} at (282,121) size 3x11 [bgcolor=#1C2524] [r=11 c=94 rs=1 cs=1]
              RenderInline {FONT} at (0,0) size 3x11
                RenderText {#text} at (0,0) size 3x11
                  text run at (0,0) width 3: " "
            RenderTableCell {TD} at (285,121) size 3x11 [bgcolor=#3D4242] [r=11 c=95 rs=1 cs=1]
              RenderInline {FONT} at (0,0) size 3x11
                RenderText {#text} at (0,0) size 3x11
                  text run at (0,0) width 3: " "
            RenderTableCell {TD} at (288,121) size 3x11 [bgcolor=#777878] [r=11 c=96 rs=1 cs=1]
              RenderInline {FONT} at (0,0) size 3x11
                RenderText {#text} at (0,0) size 3x11
                  text run at (0,0) width 3: " "
            RenderTableCell {TD} at (291,121) size 3x11 [bgcolor=#848788] [r=11 c=97 rs=1 cs=1]
              RenderInline {FONT} at (0,0) size 3x11
                RenderText {#text} at (0,0) size 3x11
                  text run at (0,0) width 3: " "
            RenderTableCell {TD} at (294,121) size 3x11 [bgcolor=#777878] [r=11 c=98 rs=1 cs=1]
              RenderInline {FONT} at (0,0) size 3x11
                RenderText {#text} at (0,0) size 3x11
                  text run at (0,0) width 3: " "
            RenderTableCell {TD} at (297,121) size 3x11 [bgcolor=#4D4F4F] [r=11 c=99 rs=1 cs=1]
              RenderInline {FONT} at (0,0) size 3x11
                RenderText {#text} at (0,0) size 3x11
                  text run at (0,0) width 3: " "
          RenderTableRow {TR} at (0,132) size 300x11
            RenderTableCell {TD} at (0,132) size 3x11 [bgcolor=#97C1C0] [r=12 c=0 rs=1 cs=1]
              RenderInline {FONT} at (0,0) size 3x11
                RenderText {#text} at (0,0) size 3x11
                  text run at (0,0) width 3: " "
            RenderTableCell {TD} at (3,132) size 3x11 [bgcolor=#027777] [r=12 c=1 rs=1 cs=1]
              RenderInline {FONT} at (0,0) size 3x11
                RenderText {#text} at (0,0) size 3x11
                  text run at (0,0) width 3: " "
            RenderTableCell {TD} at (6,132) size 3x11 [bgcolor=#60A2A3] [r=12 c=2 rs=1 cs=1]
              RenderInline {FONT} at (0,0) size 3x11
                RenderText {#text} at (0,0) size 3x11
                  text run at (0,0) width 3: " "
            RenderTableCell {TD} at (9,132) size 3x11 [bgcolor=#EDEEEF] [r=12 c=3 rs=1 cs=1]
              RenderInline {FONT} at (0,0) size 3x11
                RenderText {#text} at (0,0) size 3x11
                  text run at (0,0) width 3: " "
            RenderTableCell {TD} at (12,132) size 3x11 [bgcolor=#FDFDFB] [r=12 c=4 rs=1 cs=1]
              RenderInline {FONT} at (0,0) size 3x11
                RenderText {#text} at (0,0) size 3x11
                  text run at (0,0) width 3: " "
            RenderTableCell {TD} at (15,132) size 3x11 [bgcolor=#A2B5B4] [r=12 c=5 rs=1 cs=1]
              RenderInline {FONT} at (0,0) size 3x11
                RenderText {#text} at (0,0) size 3x11
                  text run at (0,0) width 3: " "
            RenderTableCell {TD} at (18,132) size 3x11 [bgcolor=#72A3A1] [r=12 c=6 rs=1 cs=1]
              RenderInline {FONT} at (0,0) size 3x11
                RenderText {#text} at (0,0) size 3x11
                  text run at (0,0) width 3: " "
            RenderTableCell {TD} at (21,132) size 3x11 [bgcolor=#469191] [r=12 c=7 rs=1 cs=1]
              RenderInline {FONT} at (0,0) size 3x11
                RenderText {#text} at (0,0) size 3x11
                  text run at (0,0) width 3: " "
            RenderTableCell {TD} at (24,132) size 3x11 [bgcolor=#338686] [r=12 c=8 rs=1 cs=1]
              RenderInline {FONT} at (0,0) size 3x11
                RenderText {#text} at (0,0) size 3x11
                  text run at (0,0) width 3: " "
            RenderTableCell {TD} at (27,132) size 3x11 [bgcolor=#1E7A79] [r=12 c=9 rs=1 cs=1]
              RenderInline {FONT} at (0,0) size 3x11
                RenderText {#text} at (0,0) size 3x11
                  text run at (0,0) width 3: " "
            RenderTableCell {TD} at (30,132) size 3x11 [bgcolor=#1A6B6A] [r=12 c=10 rs=1 cs=1]
              RenderInline {FONT} at (0,0) size 3x11
                RenderText {#text} at (0,0) size 3x11
                  text run at (0,0) width 3: " "
            RenderTableCell {TD} at (33,132) size 3x11 [bgcolor=#044F4F] [r=12 c=11 rs=1 cs=1]
              RenderInline {FONT} at (0,0) size 3x11
                RenderText {#text} at (0,0) size 3x11
                  text run at (0,0) width 3: " "
            RenderTableCell {TD} at (36,132) size 3x11 [bgcolor=#044140] [r=12 c=12 rs=1 cs=1]
              RenderInline {FONT} at (0,0) size 3x11
                RenderText {#text} at (0,0) size 3x11
                  text run at (0,0) width 3: " "
            RenderTableCell {TD} at (39,132) size 3x11 [bgcolor=#044140] [r=12 c=13 rs=1 cs=1]
              RenderInline {FONT} at (0,0) size 3x11
                RenderText {#text} at (0,0) size 3x11
                  text run at (0,0) width 3: " "
            RenderTableCell {TD} at (42,132) size 3x11 [bgcolor=#223C3D] [r=12 c=14 rs=1 cs=1]
              RenderInline {FONT} at (0,0) size 3x11
                RenderText {#text} at (0,0) size 3x11
                  text run at (0,0) width 3: " "
            RenderTableCell {TD} at (45,132) size 3x11 [bgcolor=#848788] [r=12 c=15 rs=1 cs=1]
              RenderInline {FONT} at (0,0) size 3x11
                RenderText {#text} at (0,0) size 3x11
                  text run at (0,0) width 3: " "
            RenderTableCell {TD} at (48,132) size 3x11 [bgcolor=#FDFDFB] [r=12 c=16 rs=1 cs=1]
              RenderInline {FONT} at (0,0) size 3x11
                RenderText {#text} at (0,0) size 3x11
                  text run at (0,0) width 3: " "
            RenderTableCell {TD} at (51,132) size 3x11 [bgcolor=#FDFDFB] [r=12 c=17 rs=1 cs=1]
              RenderInline {FONT} at (0,0) size 3x11
                RenderText {#text} at (0,0) size 3x11
                  text run at (0,0) width 3: " "
            RenderTableCell {TD} at (54,132) size 3x11 [bgcolor=#2D3433] [r=12 c=18 rs=1 cs=1]
              RenderInline {FONT} at (0,0) size 3x11
                RenderText {#text} at (0,0) size 3x11
                  text run at (0,0) width 3: " "
            RenderTableCell {TD} at (57,132) size 3x11 [bgcolor=#1E7A79] [r=12 c=19 rs=1 cs=1]
              RenderInline {FONT} at (0,0) size 3x11
                RenderText {#text} at (0,0) size 3x11
                  text run at (0,0) width 3: " "
            RenderTableCell {TD} at (60,132) size 3x11 [bgcolor=#027777] [r=12 c=20 rs=1 cs=1]
              RenderInline {FONT} at (0,0) size 3x11
                RenderText {#text} at (0,0) size 3x11
                  text run at (0,0) width 3: " "
            RenderTableCell {TD} at (63,132) size 3x11 [bgcolor=#1A6B6A] [r=12 c=21 rs=1 cs=1]
              RenderInline {FONT} at (0,0) size 3x11
                RenderText {#text} at (0,0) size 3x11
                  text run at (0,0) width 3: " "
            RenderTableCell {TD} at (66,132) size 3x11 [bgcolor=#274C4D] [r=12 c=22 rs=1 cs=1]
              RenderInline {FONT} at (0,0) size 3x11
                RenderText {#text} at (0,0) size 3x11
                  text run at (0,0) width 3: " "
            RenderTableCell {TD} at (69,132) size 3x11 [bgcolor=#274C4D] [r=12 c=23 rs=1 cs=1]
              RenderInline {FONT} at (0,0) size 3x11
                RenderText {#text} at (0,0) size 3x11
                  text run at (0,0) width 3: " "
            RenderTableCell {TD} at (72,132) size 3x11 [bgcolor=#287A7A] [r=12 c=24 rs=1 cs=1]
              RenderInline {FONT} at (0,0) size 3x11
                RenderText {#text} at (0,0) size 3x11
                  text run at (0,0) width 3: " "
            RenderTableCell {TD} at (75,132) size 3x11 [bgcolor=#338686] [r=12 c=25 rs=1 cs=1]
              RenderInline {FONT} at (0,0) size 3x11
                RenderText {#text} at (0,0) size 3x11
                  text run at (0,0) width 3: " "
            RenderTableCell {TD} at (78,132) size 3x11 [bgcolor=#338686] [r=12 c=26 rs=1 cs=1]
              RenderInline {FONT} at (0,0) size 3x11
                RenderText {#text} at (0,0) size 3x11
                  text run at (0,0) width 3: " "
            RenderTableCell {TD} at (81,132) size 3x11 [bgcolor=#469191] [r=12 c=27 rs=1 cs=1]
              RenderInline {FONT} at (0,0) size 3x11
                RenderText {#text} at (0,0) size 3x11
                  text run at (0,0) width 3: " "
            RenderTableCell {TD} at (84,132) size 3x11 [bgcolor=#60A2A3] [r=12 c=28 rs=1 cs=1]
              RenderInline {FONT} at (0,0) size 3x11
                RenderText {#text} at (0,0) size 3x11
                  text run at (0,0) width 3: " "
            RenderTableCell {TD} at (87,132) size 3x11 [bgcolor=#CADEDD] [r=12 c=29 rs=1 cs=1]
              RenderInline {FONT} at (0,0) size 3x11
                RenderText {#text} at (0,0) size 3x11
                  text run at (0,0) width 3: " "
            RenderTableCell {TD} at (90,132) size 3x11 [bgcolor=#FDFDFB] [r=12 c=30 rs=1 cs=1]
              RenderInline {FONT} at (0,0) size 3x11
                RenderText {#text} at (0,0) size 3x11
                  text run at (0,0) width 3: " "
            RenderTableCell {TD} at (93,132) size 3x11 [bgcolor=#B4B4B4] [r=12 c=31 rs=1 cs=1]
              RenderInline {FONT} at (0,0) size 3x11
                RenderText {#text} at (0,0) size 3x11
                  text run at (0,0) width 3: " "
            RenderTableCell {TD} at (96,132) size 3x11 [bgcolor=#072323] [r=12 c=32 rs=1 cs=1]
              RenderInline {FONT} at (0,0) size 3x11
                RenderText {#text} at (0,0) size 3x11
                  text run at (0,0) width 3: " "
            RenderTableCell {TD} at (99,132) size 3x11 [bgcolor=#4D4F4F] [r=12 c=33 rs=1 cs=1]
              RenderInline {FONT} at (0,0) size 3x11
                RenderText {#text} at (0,0) size 3x11
                  text run at (0,0) width 3: " "
            RenderTableCell {TD} at (102,132) size 3x11 [bgcolor=#777878] [r=12 c=34 rs=1 cs=1]
              RenderInline {FONT} at (0,0) size 3x11
                RenderText {#text} at (0,0) size 3x11
                  text run at (0,0) width 3: " "
            RenderTableCell {TD} at (105,132) size 3x11 [bgcolor=#CECFCF] [r=12 c=35 rs=1 cs=1]
              RenderInline {FONT} at (0,0) size 3x11
                RenderText {#text} at (0,0) size 3x11
                  text run at (0,0) width 3: " "
            RenderTableCell {TD} at (108,132) size 3x11 [bgcolor=#FDFDFB] [r=12 c=36 rs=1 cs=1]
              RenderInline {FONT} at (0,0) size 3x11
                RenderText {#text} at (0,0) size 3x11
                  text run at (0,0) width 3: " "
            RenderTableCell {TD} at (111,132) size 3x11 [bgcolor=#CECFCF] [r=12 c=37 rs=1 cs=1]
              RenderInline {FONT} at (0,0) size 3x11
                RenderText {#text} at (0,0) size 3x11
                  text run at (0,0) width 3: " "
            RenderTableCell {TD} at (114,132) size 3x11 [bgcolor=#8DB7B6] [r=12 c=38 rs=1 cs=1]
              RenderInline {FONT} at (0,0) size 3x11
                RenderText {#text} at (0,0) size 3x11
                  text run at (0,0) width 3: " "
            RenderTableCell {TD} at (117,132) size 3x11 [bgcolor=#589594] [r=12 c=39 rs=1 cs=1]
              RenderInline {FONT} at (0,0) size 3x11
                RenderText {#text} at (0,0) size 3x11
                  text run at (0,0) width 3: " "
            RenderTableCell {TD} at (120,132) size 3x11 [bgcolor=#338686] [r=12 c=40 rs=1 cs=1]
              RenderInline {FONT} at (0,0) size 3x11
                RenderText {#text} at (0,0) size 3x11
                  text run at (0,0) width 3: " "
            RenderTableCell {TD} at (123,132) size 3x11 [bgcolor=#287A7A] [r=12 c=41 rs=1 cs=1]
              RenderInline {FONT} at (0,0) size 3x11
                RenderText {#text} at (0,0) size 3x11
                  text run at (0,0) width 3: " "
            RenderTableCell {TD} at (126,132) size 3x11 [bgcolor=#1E7A79] [r=12 c=42 rs=1 cs=1]
              RenderInline {FONT} at (0,0) size 3x11
                RenderText {#text} at (0,0) size 3x11
                  text run at (0,0) width 3: " "
            RenderTableCell {TD} at (129,132) size 3x11 [bgcolor=#1A5C5C] [r=12 c=43 rs=1 cs=1]
              RenderInline {FONT} at (0,0) size 3x11
                RenderText {#text} at (0,0) size 3x11
                  text run at (0,0) width 3: " "
            RenderTableCell {TD} at (132,132) size 3x11 [bgcolor=#044F4F] [r=12 c=44 rs=1 cs=1]
              RenderInline {FONT} at (0,0) size 3x11
                RenderText {#text} at (0,0) size 3x11
                  text run at (0,0) width 3: " "
            RenderTableCell {TD} at (135,132) size 3x11 [bgcolor=#044F4F] [r=12 c=45 rs=1 cs=1]
              RenderInline {FONT} at (0,0) size 3x11
                RenderText {#text} at (0,0) size 3x11
                  text run at (0,0) width 3: " "
            RenderTableCell {TD} at (138,132) size 3x11 [bgcolor=#026766] [r=12 c=46 rs=1 cs=1]
              RenderInline {FONT} at (0,0) size 3x11
                RenderText {#text} at (0,0) size 3x11
                  text run at (0,0) width 3: " "
            RenderTableCell {TD} at (141,132) size 3x11 [bgcolor=#1A6B6A] [r=12 c=47 rs=1 cs=1]
              RenderInline {FONT} at (0,0) size 3x11
                RenderText {#text} at (0,0) size 3x11
                  text run at (0,0) width 3: " "
            RenderTableCell {TD} at (144,132) size 3x11 [bgcolor=#B6D0D1] [r=12 c=48 rs=1 cs=1]
              RenderInline {FONT} at (0,0) size 3x11
                RenderText {#text} at (0,0) size 3x11
                  text run at (0,0) width 3: " "
            RenderTableCell {TD} at (147,132) size 3x11 [bgcolor=#FDFDFB] [r=12 c=49 rs=1 cs=1]
              RenderInline {FONT} at (0,0) size 3x11
                RenderText {#text} at (0,0) size 3x11
                  text run at (0,0) width 3: " "
            RenderTableCell {TD} at (150,132) size 3x11 [bgcolor=#A5A6A6] [r=12 c=50 rs=1 cs=1]
              RenderInline {FONT} at (0,0) size 3x11
                RenderText {#text} at (0,0) size 3x11
                  text run at (0,0) width 3: " "
            RenderTableCell {TD} at (153,132) size 3x11 [bgcolor=#072323] [r=12 c=51 rs=1 cs=1]
              RenderInline {FONT} at (0,0) size 3x11
                RenderText {#text} at (0,0) size 3x11
                  text run at (0,0) width 3: " "
            RenderTableCell {TD} at (156,132) size 3x11 [bgcolor=#3D4242] [r=12 c=52 rs=1 cs=1]
              RenderInline {FONT} at (0,0) size 3x11
                RenderText {#text} at (0,0) size 3x11
                  text run at (0,0) width 3: " "
            RenderTableCell {TD} at (159,132) size 3x11 [bgcolor=#696A69] [r=12 c=53 rs=1 cs=1]
              RenderInline {FONT} at (0,0) size 3x11
                RenderText {#text} at (0,0) size 3x11
                  text run at (0,0) width 3: " "
            RenderTableCell {TD} at (162,132) size 3x11 [bgcolor=#848788] [r=12 c=54 rs=1 cs=1]
              RenderInline {FONT} at (0,0) size 3x11
                RenderText {#text} at (0,0) size 3x11
                  text run at (0,0) width 3: " "
            RenderTableCell {TD} at (165,132) size 3x11 [bgcolor=#939494] [r=12 c=55 rs=1 cs=1]
              RenderInline {FONT} at (0,0) size 3x11
                RenderText {#text} at (0,0) size 3x11
                  text run at (0,0) width 3: " "
            RenderTableCell {TD} at (168,132) size 3x11 [bgcolor=#B4B4B4] [r=12 c=56 rs=1 cs=1]
              RenderInline {FONT} at (0,0) size 3x11
                RenderText {#text} at (0,0) size 3x11
                  text run at (0,0) width 3: " "
            RenderTableCell {TD} at (171,132) size 3x11 [bgcolor=#FDFDFB] [r=12 c=57 rs=1 cs=1]
              RenderInline {FONT} at (0,0) size 3x11
                RenderText {#text} at (0,0) size 3x11
                  text run at (0,0) width 3: " "
            RenderTableCell {TD} at (174,132) size 3x11 [bgcolor=#FDFDFB] [r=12 c=58 rs=1 cs=1]
              RenderInline {FONT} at (0,0) size 3x11
                RenderText {#text} at (0,0) size 3x11
                  text run at (0,0) width 3: " "
            RenderTableCell {TD} at (177,132) size 3x11 [bgcolor=#2D3433] [r=12 c=59 rs=1 cs=1]
              RenderInline {FONT} at (0,0) size 3x11
                RenderText {#text} at (0,0) size 3x11
                  text run at (0,0) width 3: " "
            RenderTableCell {TD} at (180,132) size 3x11 [bgcolor=#1E7A79] [r=12 c=60 rs=1 cs=1]
              RenderInline {FONT} at (0,0) size 3x11
                RenderText {#text} at (0,0) size 3x11
                  text run at (0,0) width 3: " "
            RenderTableCell {TD} at (183,132) size 3x11 [bgcolor=#66BABC] [r=12 c=61 rs=1 cs=1]
              RenderInline {FONT} at (0,0) size 3x11
                RenderText {#text} at (0,0) size 3x11
                  text run at (0,0) width 3: " "
            RenderTableCell {TD} at (186,132) size 3x11 [bgcolor=#FDFDFB] [r=12 c=62 rs=1 cs=1]
              RenderInline {FONT} at (0,0) size 3x11
                RenderText {#text} at (0,0) size 3x11
                  text run at (0,0) width 3: " "
            RenderTableCell {TD} at (189,132) size 3x11 [bgcolor=#DEDFDF] [r=12 c=63 rs=1 cs=1]
              RenderInline {FONT} at (0,0) size 3x11
                RenderText {#text} at (0,0) size 3x11
                  text run at (0,0) width 3: " "
            RenderTableCell {TD} at (192,132) size 3x11 [bgcolor=#072323] [r=12 c=64 rs=1 cs=1]
              RenderInline {FONT} at (0,0) size 3x11
                RenderText {#text} at (0,0) size 3x11
                  text run at (0,0) width 3: " "
            RenderTableCell {TD} at (195,132) size 3x11 [bgcolor=#025E5E] [r=12 c=65 rs=1 cs=1]
              RenderInline {FONT} at (0,0) size 3x11
                RenderText {#text} at (0,0) size 3x11
                  text run at (0,0) width 3: " "
            RenderTableCell {TD} at (198,132) size 3x11 [bgcolor=#026766] [r=12 c=66 rs=1 cs=1]
              RenderInline {FONT} at (0,0) size 3x11
                RenderText {#text} at (0,0) size 3x11
                  text run at (0,0) width 3: " "
            RenderTableCell {TD} at (201,132) size 3x11 [bgcolor=#026766] [r=12 c=67 rs=1 cs=1]
              RenderInline {FONT} at (0,0) size 3x11
                RenderText {#text} at (0,0) size 3x11
                  text run at (0,0) width 3: " "
            RenderTableCell {TD} at (204,132) size 3x11 [bgcolor=#026766] [r=12 c=68 rs=1 cs=1]
              RenderInline {FONT} at (0,0) size 3x11
                RenderText {#text} at (0,0) size 3x11
                  text run at (0,0) width 3: " "
            RenderTableCell {TD} at (207,132) size 3x11 [bgcolor=#026766] [r=12 c=69 rs=1 cs=1]
              RenderInline {FONT} at (0,0) size 3x11
                RenderText {#text} at (0,0) size 3x11
                  text run at (0,0) width 3: " "
            RenderTableCell {TD} at (210,132) size 3x11 [bgcolor=#287A7A] [r=12 c=70 rs=1 cs=1]
              RenderInline {FONT} at (0,0) size 3x11
                RenderText {#text} at (0,0) size 3x11
                  text run at (0,0) width 3: " "
            RenderTableCell {TD} at (213,132) size 3x11 [bgcolor=#EDEEEF] [r=12 c=71 rs=1 cs=1]
              RenderInline {FONT} at (0,0) size 3x11
                RenderText {#text} at (0,0) size 3x11
                  text run at (0,0) width 3: " "
            RenderTableCell {TD} at (216,132) size 3x11 [bgcolor=#FDFDFB] [r=12 c=72 rs=1 cs=1]
              RenderInline {FONT} at (0,0) size 3x11
                RenderText {#text} at (0,0) size 3x11
                  text run at (0,0) width 3: " "
            RenderTableCell {TD} at (219,132) size 3x11 [bgcolor=#4D4F4F] [r=12 c=73 rs=1 cs=1]
              RenderInline {FONT} at (0,0) size 3x11
                RenderText {#text} at (0,0) size 3x11
                  text run at (0,0) width 3: " "
            RenderTableCell {TD} at (222,132) size 3x11 [bgcolor=#5E5F60] [r=12 c=74 rs=1 cs=1]
              RenderInline {FONT} at (0,0) size 3x11
                RenderText {#text} at (0,0) size 3x11
                  text run at (0,0) width 3: " "
            RenderTableCell {TD} at (225,132) size 3x11 [bgcolor=#91A3A3] [r=12 c=75 rs=1 cs=1]
              RenderInline {FONT} at (0,0) size 3x11
                RenderText {#text} at (0,0) size 3x11
                  text run at (0,0) width 3: " "
            RenderTableCell {TD} at (228,132) size 3x11 [bgcolor=#FDFDFB] [r=12 c=76 rs=1 cs=1]
              RenderInline {FONT} at (0,0) size 3x11
                RenderText {#text} at (0,0) size 3x11
                  text run at (0,0) width 3: " "
            RenderTableCell {TD} at (231,132) size 3x11 [bgcolor=#DEDFDF] [r=12 c=77 rs=1 cs=1]
              RenderInline {FONT} at (0,0) size 3x11
                RenderText {#text} at (0,0) size 3x11
                  text run at (0,0) width 3: " "
            RenderTableCell {TD} at (234,132) size 3x11 [bgcolor=#3D4242] [r=12 c=78 rs=1 cs=1]
              RenderInline {FONT} at (0,0) size 3x11
                RenderText {#text} at (0,0) size 3x11
                  text run at (0,0) width 3: " "
            RenderTableCell {TD} at (237,132) size 3x11 [bgcolor=#025E5E] [r=12 c=79 rs=1 cs=1]
              RenderInline {FONT} at (0,0) size 3x11
                RenderText {#text} at (0,0) size 3x11
                  text run at (0,0) width 3: " "
            RenderTableCell {TD} at (240,132) size 3x11 [bgcolor=#026766] [r=12 c=80 rs=1 cs=1]
              RenderInline {FONT} at (0,0) size 3x11
                RenderText {#text} at (0,0) size 3x11
                  text run at (0,0) width 3: " "
            RenderTableCell {TD} at (243,132) size 3x11 [bgcolor=#026766] [r=12 c=81 rs=1 cs=1]
              RenderInline {FONT} at (0,0) size 3x11
                RenderText {#text} at (0,0) size 3x11
                  text run at (0,0) width 3: " "
            RenderTableCell {TD} at (246,132) size 3x11 [bgcolor=#026766] [r=12 c=82 rs=1 cs=1]
              RenderInline {FONT} at (0,0) size 3x11
                RenderText {#text} at (0,0) size 3x11
                  text run at (0,0) width 3: " "
            RenderTableCell {TD} at (249,132) size 3x11 [bgcolor=#026766] [r=12 c=83 rs=1 cs=1]
              RenderInline {FONT} at (0,0) size 3x11
                RenderText {#text} at (0,0) size 3x11
                  text run at (0,0) width 3: " "
            RenderTableCell {TD} at (252,132) size 3x11 [bgcolor=#026766] [r=12 c=84 rs=1 cs=1]
              RenderInline {FONT} at (0,0) size 3x11
                RenderText {#text} at (0,0) size 3x11
                  text run at (0,0) width 3: " "
            RenderTableCell {TD} at (255,132) size 3x11 [bgcolor=#7CAEAF] [r=12 c=85 rs=1 cs=1]
              RenderInline {FONT} at (0,0) size 3x11
                RenderText {#text} at (0,0) size 3x11
                  text run at (0,0) width 3: " "
            RenderTableCell {TD} at (258,132) size 3x11 [bgcolor=#FDFDFB] [r=12 c=86 rs=1 cs=1]
              RenderInline {FONT} at (0,0) size 3x11
                RenderText {#text} at (0,0) size 3x11
                  text run at (0,0) width 3: " "
            RenderTableCell {TD} at (261,132) size 3x11 [bgcolor=#BEC2C2] [r=12 c=87 rs=1 cs=1]
              RenderInline {FONT} at (0,0) size 3x11
                RenderText {#text} at (0,0) size 3x11
                  text run at (0,0) width 3: " "
            RenderTableCell {TD} at (264,132) size 3x11 [bgcolor=#1A5C5C] [r=12 c=88 rs=1 cs=1]
              RenderInline {FONT} at (0,0) size 3x11
                RenderText {#text} at (0,0) size 3x11
                  text run at (0,0) width 3: " "
            RenderTableCell {TD} at (267,132) size 3x11 [bgcolor=#026766] [r=12 c=89 rs=1 cs=1]
              RenderInline {FONT} at (0,0) size 3x11
                RenderText {#text} at (0,0) size 3x11
                  text run at (0,0) width 3: " "
            RenderTableCell {TD} at (270,132) size 3x11 [bgcolor=#338686] [r=12 c=90 rs=1 cs=1]
              RenderInline {FONT} at (0,0) size 3x11
                RenderText {#text} at (0,0) size 3x11
                  text run at (0,0) width 3: " "
            RenderTableCell {TD} at (273,132) size 3x11 [bgcolor=#EDEEEF] [r=12 c=91 rs=1 cs=1]
              RenderInline {FONT} at (0,0) size 3x11
                RenderText {#text} at (0,0) size 3x11
                  text run at (0,0) width 3: " "
            RenderTableCell {TD} at (276,132) size 3x11 [bgcolor=#FDFDFB] [r=12 c=92 rs=1 cs=1]
              RenderInline {FONT} at (0,0) size 3x11
                RenderText {#text} at (0,0) size 3x11
                  text run at (0,0) width 3: " "
            RenderTableCell {TD} at (279,132) size 3x11 [bgcolor=#2D3433] [r=12 c=93 rs=1 cs=1]
              RenderInline {FONT} at (0,0) size 3x11
                RenderText {#text} at (0,0) size 3x11
                  text run at (0,0) width 3: " "
            RenderTableCell {TD} at (282,132) size 3x11 [bgcolor=#223C3D] [r=12 c=94 rs=1 cs=1]
              RenderInline {FONT} at (0,0) size 3x11
                RenderText {#text} at (0,0) size 3x11
                  text run at (0,0) width 3: " "
            RenderTableCell {TD} at (285,132) size 3x11 [bgcolor=#5E5F60] [r=12 c=95 rs=1 cs=1]
              RenderInline {FONT} at (0,0) size 3x11
                RenderText {#text} at (0,0) size 3x11
                  text run at (0,0) width 3: " "
            RenderTableCell {TD} at (288,132) size 3x11 [bgcolor=#777878] [r=12 c=96 rs=1 cs=1]
              RenderInline {FONT} at (0,0) size 3x11
                RenderText {#text} at (0,0) size 3x11
                  text run at (0,0) width 3: " "
            RenderTableCell {TD} at (291,132) size 3x11 [bgcolor=#848788] [r=12 c=97 rs=1 cs=1]
              RenderInline {FONT} at (0,0) size 3x11
                RenderText {#text} at (0,0) size 3x11
                  text run at (0,0) width 3: " "
            RenderTableCell {TD} at (294,132) size 3x11 [bgcolor=#777878] [r=12 c=98 rs=1 cs=1]
              RenderInline {FONT} at (0,0) size 3x11
                RenderText {#text} at (0,0) size 3x11
                  text run at (0,0) width 3: " "
            RenderTableCell {TD} at (297,132) size 3x11 [bgcolor=#4D4F4F] [r=12 c=99 rs=1 cs=1]
              RenderInline {FONT} at (0,0) size 3x11
                RenderText {#text} at (0,0) size 3x11
                  text run at (0,0) width 3: " "
          RenderTableRow {TR} at (0,143) size 300x11
            RenderTableCell {TD} at (0,143) size 3x11 [bgcolor=#97C1C0] [r=13 c=0 rs=1 cs=1]
              RenderInline {FONT} at (0,0) size 3x11
                RenderText {#text} at (0,0) size 3x11
                  text run at (0,0) width 3: " "
            RenderTableCell {TD} at (3,143) size 3x11 [bgcolor=#027777] [r=13 c=1 rs=1 cs=1]
              RenderInline {FONT} at (0,0) size 3x11
                RenderText {#text} at (0,0) size 3x11
                  text run at (0,0) width 3: " "
            RenderTableCell {TD} at (6,143) size 3x11 [bgcolor=#027777] [r=13 c=2 rs=1 cs=1]
              RenderInline {FONT} at (0,0) size 3x11
                RenderText {#text} at (0,0) size 3x11
                  text run at (0,0) width 3: " "
            RenderTableCell {TD} at (9,143) size 3x11 [bgcolor=#447877] [r=13 c=3 rs=1 cs=1]
              RenderInline {FONT} at (0,0) size 3x11
                RenderText {#text} at (0,0) size 3x11
                  text run at (0,0) width 3: " "
            RenderTableCell {TD} at (12,143) size 3x11 [bgcolor=#939494] [r=13 c=4 rs=1 cs=1]
              RenderInline {FONT} at (0,0) size 3x11
                RenderText {#text} at (0,0) size 3x11
                  text run at (0,0) width 3: " "
            RenderTableCell {TD} at (15,143) size 3x11 [bgcolor=#CECFCF] [r=13 c=5 rs=1 cs=1]
              RenderInline {FONT} at (0,0) size 3x11
                RenderText {#text} at (0,0) size 3x11
                  text run at (0,0) width 3: " "
            RenderTableCell {TD} at (18,143) size 3x11 [bgcolor=#EDEEEF] [r=13 c=6 rs=1 cs=1]
              RenderInline {FONT} at (0,0) size 3x11
                RenderText {#text} at (0,0) size 3x11
                  text run at (0,0) width 3: " "
            RenderTableCell {TD} at (21,143) size 3x11 [bgcolor=#FDFDFB] [r=13 c=7 rs=1 cs=1]
              RenderInline {FONT} at (0,0) size 3x11
                RenderText {#text} at (0,0) size 3x11
                  text run at (0,0) width 3: " "
            RenderTableCell {TD} at (24,143) size 3x11 [bgcolor=#E0EAE9] [r=13 c=8 rs=1 cs=1]
              RenderInline {FONT} at (0,0) size 3x11
                RenderText {#text} at (0,0) size 3x11
                  text run at (0,0) width 3: " "
            RenderTableCell {TD} at (27,143) size 3x11 [bgcolor=#CADEDD] [r=13 c=9 rs=1 cs=1]
              RenderInline {FONT} at (0,0) size 3x11
                RenderText {#text} at (0,0) size 3x11
                  text run at (0,0) width 3: " "
            RenderTableCell {TD} at (30,143) size 3x11 [bgcolor=#B6D0D1] [r=13 c=10 rs=1 cs=1]
              RenderInline {FONT} at (0,0) size 3x11
                RenderText {#text} at (0,0) size 3x11
                  text run at (0,0) width 3: " "
            RenderTableCell {TD} at (33,143) size 3x11 [bgcolor=#7CAEAF] [r=13 c=11 rs=1 cs=1]
              RenderInline {FONT} at (0,0) size 3x11
                RenderText {#text} at (0,0) size 3x11
                  text run at (0,0) width 3: " "
            RenderTableCell {TD} at (36,143) size 3x11 [bgcolor=#1A6B6A] [r=13 c=12 rs=1 cs=1]
              RenderInline {FONT} at (0,0) size 3x11
                RenderText {#text} at (0,0) size 3x11
                  text run at (0,0) width 3: " "
            RenderTableCell {TD} at (39,143) size 3x11 [bgcolor=#044140] [r=13 c=13 rs=1 cs=1]
              RenderInline {FONT} at (0,0) size 3x11
                RenderText {#text} at (0,0) size 3x11
                  text run at (0,0) width 3: " "
            RenderTableCell {TD} at (42,143) size 3x11 [bgcolor=#223C3D] [r=13 c=14 rs=1 cs=1]
              RenderInline {FONT} at (0,0) size 3x11
                RenderText {#text} at (0,0) size 3x11
                  text run at (0,0) width 3: " "
            RenderTableCell {TD} at (45,143) size 3x11 [bgcolor=#848788] [r=13 c=15 rs=1 cs=1]
              RenderInline {FONT} at (0,0) size 3x11
                RenderText {#text} at (0,0) size 3x11
                  text run at (0,0) width 3: " "
            RenderTableCell {TD} at (48,143) size 3x11 [bgcolor=#FDFDFB] [r=13 c=16 rs=1 cs=1]
              RenderInline {FONT} at (0,0) size 3x11
                RenderText {#text} at (0,0) size 3x11
                  text run at (0,0) width 3: " "
            RenderTableCell {TD} at (51,143) size 3x11 [bgcolor=#FDFDFB] [r=13 c=17 rs=1 cs=1]
              RenderInline {FONT} at (0,0) size 3x11
                RenderText {#text} at (0,0) size 3x11
                  text run at (0,0) width 3: " "
            RenderTableCell {TD} at (54,143) size 3x11 [bgcolor=#2D3433] [r=13 c=18 rs=1 cs=1]
              RenderInline {FONT} at (0,0) size 3x11
                RenderText {#text} at (0,0) size 3x11
                  text run at (0,0) width 3: " "
            RenderTableCell {TD} at (57,143) size 3x11 [bgcolor=#1E7A79] [r=13 c=19 rs=1 cs=1]
              RenderInline {FONT} at (0,0) size 3x11
                RenderText {#text} at (0,0) size 3x11
                  text run at (0,0) width 3: " "
            RenderTableCell {TD} at (60,143) size 3x11 [bgcolor=#027777] [r=13 c=20 rs=1 cs=1]
              RenderInline {FONT} at (0,0) size 3x11
                RenderText {#text} at (0,0) size 3x11
                  text run at (0,0) width 3: " "
            RenderTableCell {TD} at (63,143) size 3x11 [bgcolor=#338686] [r=13 c=21 rs=1 cs=1]
              RenderInline {FONT} at (0,0) size 3x11
                RenderText {#text} at (0,0) size 3x11
                  text run at (0,0) width 3: " "
            RenderTableCell {TD} at (66,143) size 3x11 [bgcolor=#97C1C0] [r=13 c=22 rs=1 cs=1]
              RenderInline {FONT} at (0,0) size 3x11
                RenderText {#text} at (0,0) size 3x11
                  text run at (0,0) width 3: " "
            RenderTableCell {TD} at (69,143) size 3x11 [bgcolor=#CADEDD] [r=13 c=23 rs=1 cs=1]
              RenderInline {FONT} at (0,0) size 3x11
                RenderText {#text} at (0,0) size 3x11
                  text run at (0,0) width 3: " "
            RenderTableCell {TD} at (72,143) size 3x11 [bgcolor=#E0EAE9] [r=13 c=24 rs=1 cs=1]
              RenderInline {FONT} at (0,0) size 3x11
                RenderText {#text} at (0,0) size 3x11
                  text run at (0,0) width 3: " "
            RenderTableCell {TD} at (75,143) size 3x11 [bgcolor=#E0EAE9] [r=13 c=25 rs=1 cs=1]
              RenderInline {FONT} at (0,0) size 3x11
                RenderText {#text} at (0,0) size 3x11
                  text run at (0,0) width 3: " "
            RenderTableCell {TD} at (78,143) size 3x11 [bgcolor=#DEDFDF] [r=13 c=26 rs=1 cs=1]
              RenderInline {FONT} at (0,0) size 3x11
                RenderText {#text} at (0,0) size 3x11
                  text run at (0,0) width 3: " "
            RenderTableCell {TD} at (81,143) size 3x11 [bgcolor=#CECFCF] [r=13 c=27 rs=1 cs=1]
              RenderInline {FONT} at (0,0) size 3x11
                RenderText {#text} at (0,0) size 3x11
                  text run at (0,0) width 3: " "
            RenderTableCell {TD} at (84,143) size 3x11 [bgcolor=#B4B4B4] [r=13 c=28 rs=1 cs=1]
              RenderInline {FONT} at (0,0) size 3x11
                RenderText {#text} at (0,0) size 3x11
                  text run at (0,0) width 3: " "
            RenderTableCell {TD} at (87,143) size 3x11 [bgcolor=#CECFCF] [r=13 c=29 rs=1 cs=1]
              RenderInline {FONT} at (0,0) size 3x11
                RenderText {#text} at (0,0) size 3x11
                  text run at (0,0) width 3: " "
            RenderTableCell {TD} at (90,143) size 3x11 [bgcolor=#FDFDFB] [r=13 c=30 rs=1 cs=1]
              RenderInline {FONT} at (0,0) size 3x11
                RenderText {#text} at (0,0) size 3x11
                  text run at (0,0) width 3: " "
            RenderTableCell {TD} at (93,143) size 3x11 [bgcolor=#B4B4B4] [r=13 c=31 rs=1 cs=1]
              RenderInline {FONT} at (0,0) size 3x11
                RenderText {#text} at (0,0) size 3x11
                  text run at (0,0) width 3: " "
            RenderTableCell {TD} at (96,143) size 3x11 [bgcolor=#072323] [r=13 c=32 rs=1 cs=1]
              RenderInline {FONT} at (0,0) size 3x11
                RenderText {#text} at (0,0) size 3x11
                  text run at (0,0) width 3: " "
            RenderTableCell {TD} at (99,143) size 3x11 [bgcolor=#4D4F4F] [r=13 c=33 rs=1 cs=1]
              RenderInline {FONT} at (0,0) size 3x11
                RenderText {#text} at (0,0) size 3x11
                  text run at (0,0) width 3: " "
            RenderTableCell {TD} at (102,143) size 3x11 [bgcolor=#696A69] [r=13 c=34 rs=1 cs=1]
              RenderInline {FONT} at (0,0) size 3x11
                RenderText {#text} at (0,0) size 3x11
                  text run at (0,0) width 3: " "
            RenderTableCell {TD} at (105,143) size 3x11 [bgcolor=#848788] [r=13 c=35 rs=1 cs=1]
              RenderInline {FONT} at (0,0) size 3x11
                RenderText {#text} at (0,0) size 3x11
                  text run at (0,0) width 3: " "
            RenderTableCell {TD} at (108,143) size 3x11 [bgcolor=#7B918F] [r=13 c=36 rs=1 cs=1]
              RenderInline {FONT} at (0,0) size 3x11
                RenderText {#text} at (0,0) size 3x11
                  text run at (0,0) width 3: " "
            RenderTableCell {TD} at (111,143) size 3x11 [bgcolor=#B4B4B4] [r=13 c=37 rs=1 cs=1]
              RenderInline {FONT} at (0,0) size 3x11
                RenderText {#text} at (0,0) size 3x11
                  text run at (0,0) width 3: " "
            RenderTableCell {TD} at (114,143) size 3x11 [bgcolor=#DEDFDF] [r=13 c=38 rs=1 cs=1]
              RenderInline {FONT} at (0,0) size 3x11
                RenderText {#text} at (0,0) size 3x11
                  text run at (0,0) width 3: " "
            RenderTableCell {TD} at (117,143) size 3x11 [bgcolor=#FDFDFB] [r=13 c=39 rs=1 cs=1]
              RenderInline {FONT} at (0,0) size 3x11
                RenderText {#text} at (0,0) size 3x11
                  text run at (0,0) width 3: " "
            RenderTableCell {TD} at (120,143) size 3x11 [bgcolor=#EDEEEF] [r=13 c=40 rs=1 cs=1]
              RenderInline {FONT} at (0,0) size 3x11
                RenderText {#text} at (0,0) size 3x11
                  text run at (0,0) width 3: " "
            RenderTableCell {TD} at (123,143) size 3x11 [bgcolor=#E0EAE9] [r=13 c=41 rs=1 cs=1]
              RenderInline {FONT} at (0,0) size 3x11
                RenderText {#text} at (0,0) size 3x11
                  text run at (0,0) width 3: " "
            RenderTableCell {TD} at (126,143) size 3x11 [bgcolor=#CADEDD] [r=13 c=42 rs=1 cs=1]
              RenderInline {FONT} at (0,0) size 3x11
                RenderText {#text} at (0,0) size 3x11
                  text run at (0,0) width 3: " "
            RenderTableCell {TD} at (129,143) size 3x11 [bgcolor=#97C1C0] [r=13 c=43 rs=1 cs=1]
              RenderInline {FONT} at (0,0) size 3x11
                RenderText {#text} at (0,0) size 3x11
                  text run at (0,0) width 3: " "
            RenderTableCell {TD} at (132,143) size 3x11 [bgcolor=#469191] [r=13 c=44 rs=1 cs=1]
              RenderInline {FONT} at (0,0) size 3x11
                RenderText {#text} at (0,0) size 3x11
                  text run at (0,0) width 3: " "
            RenderTableCell {TD} at (135,143) size 3x11 [bgcolor=#026766] [r=13 c=45 rs=1 cs=1]
              RenderInline {FONT} at (0,0) size 3x11
                RenderText {#text} at (0,0) size 3x11
                  text run at (0,0) width 3: " "
            RenderTableCell {TD} at (138,143) size 3x11 [bgcolor=#026766] [r=13 c=46 rs=1 cs=1]
              RenderInline {FONT} at (0,0) size 3x11
                RenderText {#text} at (0,0) size 3x11
                  text run at (0,0) width 3: " "
            RenderTableCell {TD} at (141,143) size 3x11 [bgcolor=#1A6B6A] [r=13 c=47 rs=1 cs=1]
              RenderInline {FONT} at (0,0) size 3x11
                RenderText {#text} at (0,0) size 3x11
                  text run at (0,0) width 3: " "
            RenderTableCell {TD} at (144,143) size 3x11 [bgcolor=#B6D0D1] [r=13 c=48 rs=1 cs=1]
              RenderInline {FONT} at (0,0) size 3x11
                RenderText {#text} at (0,0) size 3x11
                  text run at (0,0) width 3: " "
            RenderTableCell {TD} at (147,143) size 3x11 [bgcolor=#FDFDFB] [r=13 c=49 rs=1 cs=1]
              RenderInline {FONT} at (0,0) size 3x11
                RenderText {#text} at (0,0) size 3x11
                  text run at (0,0) width 3: " "
            RenderTableCell {TD} at (150,143) size 3x11 [bgcolor=#848788] [r=13 c=50 rs=1 cs=1]
              RenderInline {FONT} at (0,0) size 3x11
                RenderText {#text} at (0,0) size 3x11
                  text run at (0,0) width 3: " "
            RenderTableCell {TD} at (153,143) size 3x11 [bgcolor=#072323] [r=13 c=51 rs=1 cs=1]
              RenderInline {FONT} at (0,0) size 3x11
                RenderText {#text} at (0,0) size 3x11
                  text run at (0,0) width 3: " "
            RenderTableCell {TD} at (156,143) size 3x11 [bgcolor=#3D4242] [r=13 c=52 rs=1 cs=1]
              RenderInline {FONT} at (0,0) size 3x11
                RenderText {#text} at (0,0) size 3x11
                  text run at (0,0) width 3: " "
            RenderTableCell {TD} at (159,143) size 3x11 [bgcolor=#696A69] [r=13 c=53 rs=1 cs=1]
              RenderInline {FONT} at (0,0) size 3x11
                RenderText {#text} at (0,0) size 3x11
                  text run at (0,0) width 3: " "
            RenderTableCell {TD} at (162,143) size 3x11 [bgcolor=#848788] [r=13 c=54 rs=1 cs=1]
              RenderInline {FONT} at (0,0) size 3x11
                RenderText {#text} at (0,0) size 3x11
                  text run at (0,0) width 3: " "
            RenderTableCell {TD} at (165,143) size 3x11 [bgcolor=#939494] [r=13 c=55 rs=1 cs=1]
              RenderInline {FONT} at (0,0) size 3x11
                RenderText {#text} at (0,0) size 3x11
                  text run at (0,0) width 3: " "
            RenderTableCell {TD} at (168,143) size 3x11 [bgcolor=#B4B4B4] [r=13 c=56 rs=1 cs=1]
              RenderInline {FONT} at (0,0) size 3x11
                RenderText {#text} at (0,0) size 3x11
                  text run at (0,0) width 3: " "
            RenderTableCell {TD} at (171,143) size 3x11 [bgcolor=#FDFDFB] [r=13 c=57 rs=1 cs=1]
              RenderInline {FONT} at (0,0) size 3x11
                RenderText {#text} at (0,0) size 3x11
                  text run at (0,0) width 3: " "
            RenderTableCell {TD} at (174,143) size 3x11 [bgcolor=#FDFDFB] [r=13 c=58 rs=1 cs=1]
              RenderInline {FONT} at (0,0) size 3x11
                RenderText {#text} at (0,0) size 3x11
                  text run at (0,0) width 3: " "
            RenderTableCell {TD} at (177,143) size 3x11 [bgcolor=#2D3433] [r=13 c=59 rs=1 cs=1]
              RenderInline {FONT} at (0,0) size 3x11
                RenderText {#text} at (0,0) size 3x11
                  text run at (0,0) width 3: " "
            RenderTableCell {TD} at (180,143) size 3x11 [bgcolor=#1E7A79] [r=13 c=60 rs=1 cs=1]
              RenderInline {FONT} at (0,0) size 3x11
                RenderText {#text} at (0,0) size 3x11
                  text run at (0,0) width 3: " "
            RenderTableCell {TD} at (183,143) size 3x11 [bgcolor=#7DBAB9] [r=13 c=61 rs=1 cs=1]
              RenderInline {FONT} at (0,0) size 3x11
                RenderText {#text} at (0,0) size 3x11
                  text run at (0,0) width 3: " "
            RenderTableCell {TD} at (186,143) size 3x11 [bgcolor=#FDFDFB] [r=13 c=62 rs=1 cs=1]
              RenderInline {FONT} at (0,0) size 3x11
                RenderText {#text} at (0,0) size 3x11
                  text run at (0,0) width 3: " "
            RenderTableCell {TD} at (189,143) size 3x11 [bgcolor=#BEC2C2] [r=13 c=63 rs=1 cs=1]
              RenderInline {FONT} at (0,0) size 3x11
                RenderText {#text} at (0,0) size 3x11
                  text run at (0,0) width 3: " "
            RenderTableCell {TD} at (192,143) size 3x11 [bgcolor=#083131] [r=13 c=64 rs=1 cs=1]
              RenderInline {FONT} at (0,0) size 3x11
                RenderText {#text} at (0,0) size 3x11
                  text run at (0,0) width 3: " "
            RenderTableCell {TD} at (195,143) size 3x11 [bgcolor=#026766] [r=13 c=65 rs=1 cs=1]
              RenderInline {FONT} at (0,0) size 3x11
                RenderText {#text} at (0,0) size 3x11
                  text run at (0,0) width 3: " "
            RenderTableCell {TD} at (198,143) size 3x11 [bgcolor=#026766] [r=13 c=66 rs=1 cs=1]
              RenderInline {FONT} at (0,0) size 3x11
                RenderText {#text} at (0,0) size 3x11
                  text run at (0,0) width 3: " "
            RenderTableCell {TD} at (201,143) size 3x11 [bgcolor=#026766] [r=13 c=67 rs=1 cs=1]
              RenderInline {FONT} at (0,0) size 3x11
                RenderText {#text} at (0,0) size 3x11
                  text run at (0,0) width 3: " "
            RenderTableCell {TD} at (204,143) size 3x11 [bgcolor=#026766] [r=13 c=68 rs=1 cs=1]
              RenderInline {FONT} at (0,0) size 3x11
                RenderText {#text} at (0,0) size 3x11
                  text run at (0,0) width 3: " "
            RenderTableCell {TD} at (207,143) size 3x11 [bgcolor=#026766] [r=13 c=69 rs=1 cs=1]
              RenderInline {FONT} at (0,0) size 3x11
                RenderText {#text} at (0,0) size 3x11
                  text run at (0,0) width 3: " "
            RenderTableCell {TD} at (210,143) size 3x11 [bgcolor=#1E7A79] [r=13 c=70 rs=1 cs=1]
              RenderInline {FONT} at (0,0) size 3x11
                RenderText {#text} at (0,0) size 3x11
                  text run at (0,0) width 3: " "
            RenderTableCell {TD} at (213,143) size 3x11 [bgcolor=#E0EAE9] [r=13 c=71 rs=1 cs=1]
              RenderInline {FONT} at (0,0) size 3x11
                RenderText {#text} at (0,0) size 3x11
                  text run at (0,0) width 3: " "
            RenderTableCell {TD} at (216,143) size 3x11 [bgcolor=#FDFDFB] [r=13 c=72 rs=1 cs=1]
              RenderInline {FONT} at (0,0) size 3x11
                RenderText {#text} at (0,0) size 3x11
                  text run at (0,0) width 3: " "
            RenderTableCell {TD} at (219,143) size 3x11 [bgcolor=#4D4F4F] [r=13 c=73 rs=1 cs=1]
              RenderInline {FONT} at (0,0) size 3x11
                RenderText {#text} at (0,0) size 3x11
                  text run at (0,0) width 3: " "
            RenderTableCell {TD} at (222,143) size 3x11 [bgcolor=#5E5F60] [r=13 c=74 rs=1 cs=1]
              RenderInline {FONT} at (0,0) size 3x11
                RenderText {#text} at (0,0) size 3x11
                  text run at (0,0) width 3: " "
            RenderTableCell {TD} at (225,143) size 3x11 [bgcolor=#B4B4B4] [r=13 c=75 rs=1 cs=1]
              RenderInline {FONT} at (0,0) size 3x11
                RenderText {#text} at (0,0) size 3x11
                  text run at (0,0) width 3: " "
            RenderTableCell {TD} at (228,143) size 3x11 [bgcolor=#FDFDFB] [r=13 c=76 rs=1 cs=1]
              RenderInline {FONT} at (0,0) size 3x11
                RenderText {#text} at (0,0) size 3x11
                  text run at (0,0) width 3: " "
            RenderTableCell {TD} at (231,143) size 3x11 [bgcolor=#BEC2C2] [r=13 c=77 rs=1 cs=1]
              RenderInline {FONT} at (0,0) size 3x11
                RenderText {#text} at (0,0) size 3x11
                  text run at (0,0) width 3: " "
            RenderTableCell {TD} at (234,143) size 3x11 [bgcolor=#274C4D] [r=13 c=78 rs=1 cs=1]
              RenderInline {FONT} at (0,0) size 3x11
                RenderText {#text} at (0,0) size 3x11
                  text run at (0,0) width 3: " "
            RenderTableCell {TD} at (237,143) size 3x11 [bgcolor=#027777] [r=13 c=79 rs=1 cs=1]
              RenderInline {FONT} at (0,0) size 3x11
                RenderText {#text} at (0,0) size 3x11
                  text run at (0,0) width 3: " "
            RenderTableCell {TD} at (240,143) size 3x11 [bgcolor=#026766] [r=13 c=80 rs=1 cs=1]
              RenderInline {FONT} at (0,0) size 3x11
                RenderText {#text} at (0,0) size 3x11
                  text run at (0,0) width 3: " "
            RenderTableCell {TD} at (243,143) size 3x11 [bgcolor=#026766] [r=13 c=81 rs=1 cs=1]
              RenderInline {FONT} at (0,0) size 3x11
                RenderText {#text} at (0,0) size 3x11
                  text run at (0,0) width 3: " "
            RenderTableCell {TD} at (246,143) size 3x11 [bgcolor=#026766] [r=13 c=82 rs=1 cs=1]
              RenderInline {FONT} at (0,0) size 3x11
                RenderText {#text} at (0,0) size 3x11
                  text run at (0,0) width 3: " "
            RenderTableCell {TD} at (249,143) size 3x11 [bgcolor=#026766] [r=13 c=83 rs=1 cs=1]
              RenderInline {FONT} at (0,0) size 3x11
                RenderText {#text} at (0,0) size 3x11
                  text run at (0,0) width 3: " "
            RenderTableCell {TD} at (252,143) size 3x11 [bgcolor=#026766] [r=13 c=84 rs=1 cs=1]
              RenderInline {FONT} at (0,0) size 3x11
                RenderText {#text} at (0,0) size 3x11
                  text run at (0,0) width 3: " "
            RenderTableCell {TD} at (255,143) size 3x11 [bgcolor=#469191] [r=13 c=85 rs=1 cs=1]
              RenderInline {FONT} at (0,0) size 3x11
                RenderText {#text} at (0,0) size 3x11
                  text run at (0,0) width 3: " "
            RenderTableCell {TD} at (258,143) size 3x11 [bgcolor=#FDFDFB] [r=13 c=86 rs=1 cs=1]
              RenderInline {FONT} at (0,0) size 3x11
                RenderText {#text} at (0,0) size 3x11
                  text run at (0,0) width 3: " "
            RenderTableCell {TD} at (261,143) size 3x11 [bgcolor=#DEDFDF] [r=13 c=87 rs=1 cs=1]
              RenderInline {FONT} at (0,0) size 3x11
                RenderText {#text} at (0,0) size 3x11
                  text run at (0,0) width 3: " "
            RenderTableCell {TD} at (264,143) size 3x11 [bgcolor=#274C4D] [r=13 c=88 rs=1 cs=1]
              RenderInline {FONT} at (0,0) size 3x11
                RenderText {#text} at (0,0) size 3x11
                  text run at (0,0) width 3: " "
            RenderTableCell {TD} at (267,143) size 3x11 [bgcolor=#026766] [r=13 c=89 rs=1 cs=1]
              RenderInline {FONT} at (0,0) size 3x11
                RenderText {#text} at (0,0) size 3x11
                  text run at (0,0) width 3: " "
            RenderTableCell {TD} at (270,143) size 3x11 [bgcolor=#338686] [r=13 c=90 rs=1 cs=1]
              RenderInline {FONT} at (0,0) size 3x11
                RenderText {#text} at (0,0) size 3x11
                  text run at (0,0) width 3: " "
            RenderTableCell {TD} at (273,143) size 3x11 [bgcolor=#EDEEEF] [r=13 c=91 rs=1 cs=1]
              RenderInline {FONT} at (0,0) size 3x11
                RenderText {#text} at (0,0) size 3x11
                  text run at (0,0) width 3: " "
            RenderTableCell {TD} at (276,143) size 3x11 [bgcolor=#FDFDFB] [r=13 c=92 rs=1 cs=1]
              RenderInline {FONT} at (0,0) size 3x11
                RenderText {#text} at (0,0) size 3x11
                  text run at (0,0) width 3: " "
            RenderTableCell {TD} at (279,143) size 3x11 [bgcolor=#2D3433] [r=13 c=93 rs=1 cs=1]
              RenderInline {FONT} at (0,0) size 3x11
                RenderText {#text} at (0,0) size 3x11
                  text run at (0,0) width 3: " "
            RenderTableCell {TD} at (282,143) size 3x11 [bgcolor=#223C3D] [r=13 c=94 rs=1 cs=1]
              RenderInline {FONT} at (0,0) size 3x11
                RenderText {#text} at (0,0) size 3x11
                  text run at (0,0) width 3: " "
            RenderTableCell {TD} at (285,143) size 3x11 [bgcolor=#5E5F60] [r=13 c=95 rs=1 cs=1]
              RenderInline {FONT} at (0,0) size 3x11
                RenderText {#text} at (0,0) size 3x11
                  text run at (0,0) width 3: " "
            RenderTableCell {TD} at (288,143) size 3x11 [bgcolor=#777878] [r=13 c=96 rs=1 cs=1]
              RenderInline {FONT} at (0,0) size 3x11
                RenderText {#text} at (0,0) size 3x11
                  text run at (0,0) width 3: " "
            RenderTableCell {TD} at (291,143) size 3x11 [bgcolor=#848788] [r=13 c=97 rs=1 cs=1]
              RenderInline {FONT} at (0,0) size 3x11
                RenderText {#text} at (0,0) size 3x11
                  text run at (0,0) width 3: " "
            RenderTableCell {TD} at (294,143) size 3x11 [bgcolor=#777878] [r=13 c=98 rs=1 cs=1]
              RenderInline {FONT} at (0,0) size 3x11
                RenderText {#text} at (0,0) size 3x11
                  text run at (0,0) width 3: " "
            RenderTableCell {TD} at (297,143) size 3x11 [bgcolor=#4D4F4F] [r=13 c=99 rs=1 cs=1]
              RenderInline {FONT} at (0,0) size 3x11
                RenderText {#text} at (0,0) size 3x11
                  text run at (0,0) width 3: " "
          RenderTableRow {TR} at (0,154) size 300x11
            RenderTableCell {TD} at (0,154) size 3x11 [bgcolor=#CADEDD] [r=14 c=0 rs=1 cs=1]
              RenderInline {FONT} at (0,0) size 3x11
                RenderText {#text} at (0,0) size 3x11
                  text run at (0,0) width 3: " "
            RenderTableCell {TD} at (3,154) size 3x11 [bgcolor=#1B8685] [r=14 c=1 rs=1 cs=1]
              RenderInline {FONT} at (0,0) size 3x11
                RenderText {#text} at (0,0) size 3x11
                  text run at (0,0) width 3: " "
            RenderTableCell {TD} at (6,154) size 3x11 [bgcolor=#1B8685] [r=14 c=2 rs=1 cs=1]
              RenderInline {FONT} at (0,0) size 3x11
                RenderText {#text} at (0,0) size 3x11
                  text run at (0,0) width 3: " "
            RenderTableCell {TD} at (9,154) size 3x11 [bgcolor=#287A7A] [r=14 c=3 rs=1 cs=1]
              RenderInline {FONT} at (0,0) size 3x11
                RenderText {#text} at (0,0) size 3x11
                  text run at (0,0) width 3: " "
            RenderTableCell {TD} at (12,154) size 3x11 [bgcolor=#026766] [r=14 c=4 rs=1 cs=1]
              RenderInline {FONT} at (0,0) size 3x11
                RenderText {#text} at (0,0) size 3x11
                  text run at (0,0) width 3: " "
            RenderTableCell {TD} at (15,154) size 3x11 [bgcolor=#044140] [r=14 c=5 rs=1 cs=1]
              RenderInline {FONT} at (0,0) size 3x11
                RenderText {#text} at (0,0) size 3x11
                  text run at (0,0) width 3: " "
            RenderTableCell {TD} at (18,154) size 3x11 [bgcolor=#044140] [r=14 c=6 rs=1 cs=1]
              RenderInline {FONT} at (0,0) size 3x11
                RenderText {#text} at (0,0) size 3x11
                  text run at (0,0) width 3: " "
            RenderTableCell {TD} at (21,154) size 3x11 [bgcolor=#274C4D] [r=14 c=7 rs=1 cs=1]
              RenderInline {FONT} at (0,0) size 3x11
                RenderText {#text} at (0,0) size 3x11
                  text run at (0,0) width 3: " "
            RenderTableCell {TD} at (24,154) size 3x11 [bgcolor=#425A5A] [r=14 c=8 rs=1 cs=1]
              RenderInline {FONT} at (0,0) size 3x11
                RenderText {#text} at (0,0) size 3x11
                  text run at (0,0) width 3: " "
            RenderTableCell {TD} at (27,154) size 3x11 [bgcolor=#647979] [r=14 c=9 rs=1 cs=1]
              RenderInline {FONT} at (0,0) size 3x11
                RenderText {#text} at (0,0) size 3x11
                  text run at (0,0) width 3: " "
            RenderTableCell {TD} at (30,154) size 3x11 [bgcolor=#CECFCF] [r=14 c=10 rs=1 cs=1]
              RenderInline {FONT} at (0,0) size 3x11
                RenderText {#text} at (0,0) size 3x11
                  text run at (0,0) width 3: " "
            RenderTableCell {TD} at (33,154) size 3x11 [bgcolor=#FDFDFB] [r=14 c=11 rs=1 cs=1]
              RenderInline {FONT} at (0,0) size 3x11
                RenderText {#text} at (0,0) size 3x11
                  text run at (0,0) width 3: " "
            RenderTableCell {TD} at (36,154) size 3x11 [bgcolor=#CADEDD] [r=14 c=12 rs=1 cs=1]
              RenderInline {FONT} at (0,0) size 3x11
                RenderText {#text} at (0,0) size 3x11
                  text run at (0,0) width 3: " "
            RenderTableCell {TD} at (39,154) size 3x11 [bgcolor=#044140] [r=14 c=13 rs=1 cs=1]
              RenderInline {FONT} at (0,0) size 3x11
                RenderText {#text} at (0,0) size 3x11
                  text run at (0,0) width 3: " "
            RenderTableCell {TD} at (42,154) size 3x11 [bgcolor=#223C3D] [r=14 c=14 rs=1 cs=1]
              RenderInline {FONT} at (0,0) size 3x11
                RenderText {#text} at (0,0) size 3x11
                  text run at (0,0) width 3: " "
            RenderTableCell {TD} at (45,154) size 3x11 [bgcolor=#848788] [r=14 c=15 rs=1 cs=1]
              RenderInline {FONT} at (0,0) size 3x11
                RenderText {#text} at (0,0) size 3x11
                  text run at (0,0) width 3: " "
            RenderTableCell {TD} at (48,154) size 3x11 [bgcolor=#FDFDFB] [r=14 c=16 rs=1 cs=1]
              RenderInline {FONT} at (0,0) size 3x11
                RenderText {#text} at (0,0) size 3x11
                  text run at (0,0) width 3: " "
            RenderTableCell {TD} at (51,154) size 3x11 [bgcolor=#FDFDFB] [r=14 c=17 rs=1 cs=1]
              RenderInline {FONT} at (0,0) size 3x11
                RenderText {#text} at (0,0) size 3x11
                  text run at (0,0) width 3: " "
            RenderTableCell {TD} at (54,154) size 3x11 [bgcolor=#2D3433] [r=14 c=18 rs=1 cs=1]
              RenderInline {FONT} at (0,0) size 3x11
                RenderText {#text} at (0,0) size 3x11
                  text run at (0,0) width 3: " "
            RenderTableCell {TD} at (57,154) size 3x11 [bgcolor=#1E7A79] [r=14 c=19 rs=1 cs=1]
              RenderInline {FONT} at (0,0) size 3x11
                RenderText {#text} at (0,0) size 3x11
                  text run at (0,0) width 3: " "
            RenderTableCell {TD} at (60,154) size 3x11 [bgcolor=#1B8685] [r=14 c=20 rs=1 cs=1]
              RenderInline {FONT} at (0,0) size 3x11
                RenderText {#text} at (0,0) size 3x11
                  text run at (0,0) width 3: " "
            RenderTableCell {TD} at (63,154) size 3x11 [bgcolor=#EDEEEF] [r=14 c=21 rs=1 cs=1]
              RenderInline {FONT} at (0,0) size 3x11
                RenderText {#text} at (0,0) size 3x11
                  text run at (0,0) width 3: " "
            RenderTableCell {TD} at (66,154) size 3x11 [bgcolor=#FDFDFB] [r=14 c=22 rs=1 cs=1]
              RenderInline {FONT} at (0,0) size 3x11
                RenderText {#text} at (0,0) size 3x11
                  text run at (0,0) width 3: " "
            RenderTableCell {TD} at (69,154) size 3x11 [bgcolor=#777878] [r=14 c=23 rs=1 cs=1]
              RenderInline {FONT} at (0,0) size 3x11
                RenderText {#text} at (0,0) size 3x11
                  text run at (0,0) width 3: " "
            RenderTableCell {TD} at (72,154) size 3x11 [bgcolor=#223C3D] [r=14 c=24 rs=1 cs=1]
              RenderInline {FONT} at (0,0) size 3x11
                RenderText {#text} at (0,0) size 3x11
                  text run at (0,0) width 3: " "
            RenderTableCell {TD} at (75,154) size 3x11 [bgcolor=#072323] [r=14 c=25 rs=1 cs=1]
              RenderInline {FONT} at (0,0) size 3x11
                RenderText {#text} at (0,0) size 3x11
                  text run at (0,0) width 3: " "
            RenderTableCell {TD} at (78,154) size 3x11 [bgcolor=#083131] [r=14 c=26 rs=1 cs=1]
              RenderInline {FONT} at (0,0) size 3x11
                RenderText {#text} at (0,0) size 3x11
                  text run at (0,0) width 3: " "
            RenderTableCell {TD} at (81,154) size 3x11 [bgcolor=#083131] [r=14 c=27 rs=1 cs=1]
              RenderInline {FONT} at (0,0) size 3x11
                RenderText {#text} at (0,0) size 3x11
                  text run at (0,0) width 3: " "
            RenderTableCell {TD} at (84,154) size 3x11 [bgcolor=#044140] [r=14 c=28 rs=1 cs=1]
              RenderInline {FONT} at (0,0) size 3x11
                RenderText {#text} at (0,0) size 3x11
                  text run at (0,0) width 3: " "
            RenderTableCell {TD} at (87,154) size 3x11 [bgcolor=#A2B5B4] [r=14 c=29 rs=1 cs=1]
              RenderInline {FONT} at (0,0) size 3x11
                RenderText {#text} at (0,0) size 3x11
                  text run at (0,0) width 3: " "
            RenderTableCell {TD} at (90,154) size 3x11 [bgcolor=#FDFDFB] [r=14 c=30 rs=1 cs=1]
              RenderInline {FONT} at (0,0) size 3x11
                RenderText {#text} at (0,0) size 3x11
                  text run at (0,0) width 3: " "
            RenderTableCell {TD} at (93,154) size 3x11 [bgcolor=#B4B4B4] [r=14 c=31 rs=1 cs=1]
              RenderInline {FONT} at (0,0) size 3x11
                RenderText {#text} at (0,0) size 3x11
                  text run at (0,0) width 3: " "
            RenderTableCell {TD} at (96,154) size 3x11 [bgcolor=#072323] [r=14 c=32 rs=1 cs=1]
              RenderInline {FONT} at (0,0) size 3x11
                RenderText {#text} at (0,0) size 3x11
                  text run at (0,0) width 3: " "
            RenderTableCell {TD} at (99,154) size 3x11 [bgcolor=#4D4F4F] [r=14 c=33 rs=1 cs=1]
              RenderInline {FONT} at (0,0) size 3x11
                RenderText {#text} at (0,0) size 3x11
                  text run at (0,0) width 3: " "
            RenderTableCell {TD} at (102,154) size 3x11 [bgcolor=#777878] [r=14 c=34 rs=1 cs=1]
              RenderInline {FONT} at (0,0) size 3x11
                RenderText {#text} at (0,0) size 3x11
                  text run at (0,0) width 3: " "
            RenderTableCell {TD} at (105,154) size 3x11 [bgcolor=#939494] [r=14 c=35 rs=1 cs=1]
              RenderInline {FONT} at (0,0) size 3x11
                RenderText {#text} at (0,0) size 3x11
                  text run at (0,0) width 3: " "
            RenderTableCell {TD} at (108,154) size 3x11 [bgcolor=#1B8685] [r=14 c=36 rs=1 cs=1]
              RenderInline {FONT} at (0,0) size 3x11
                RenderText {#text} at (0,0) size 3x11
                  text run at (0,0) width 3: " "
            RenderTableCell {TD} at (111,154) size 3x11 [bgcolor=#025E5E] [r=14 c=37 rs=1 cs=1]
              RenderInline {FONT} at (0,0) size 3x11
                RenderText {#text} at (0,0) size 3x11
                  text run at (0,0) width 3: " "
            RenderTableCell {TD} at (114,154) size 3x11 [bgcolor=#044140] [r=14 c=38 rs=1 cs=1]
              RenderInline {FONT} at (0,0) size 3x11
                RenderText {#text} at (0,0) size 3x11
                  text run at (0,0) width 3: " "
            RenderTableCell {TD} at (117,154) size 3x11 [bgcolor=#044140] [r=14 c=39 rs=1 cs=1]
              RenderInline {FONT} at (0,0) size 3x11
                RenderText {#text} at (0,0) size 3x11
                  text run at (0,0) width 3: " "
            RenderTableCell {TD} at (120,154) size 3x11 [bgcolor=#274C4D] [r=14 c=40 rs=1 cs=1]
              RenderInline {FONT} at (0,0) size 3x11
                RenderText {#text} at (0,0) size 3x11
                  text run at (0,0) width 3: " "
            RenderTableCell {TD} at (123,154) size 3x11 [bgcolor=#527274] [r=14 c=41 rs=1 cs=1]
              RenderInline {FONT} at (0,0) size 3x11
                RenderText {#text} at (0,0) size 3x11
                  text run at (0,0) width 3: " "
            RenderTableCell {TD} at (126,154) size 3x11 [bgcolor=#91A3A3] [r=14 c=42 rs=1 cs=1]
              RenderInline {FONT} at (0,0) size 3x11
                RenderText {#text} at (0,0) size 3x11
                  text run at (0,0) width 3: " "
            RenderTableCell {TD} at (129,154) size 3x11 [bgcolor=#EDEEEF] [r=14 c=43 rs=1 cs=1]
              RenderInline {FONT} at (0,0) size 3x11
                RenderText {#text} at (0,0) size 3x11
                  text run at (0,0) width 3: " "
            RenderTableCell {TD} at (132,154) size 3x11 [bgcolor=#FDFDFB] [r=14 c=44 rs=1 cs=1]
              RenderInline {FONT} at (0,0) size 3x11
                RenderText {#text} at (0,0) size 3x11
                  text run at (0,0) width 3: " "
            RenderTableCell {TD} at (135,154) size 3x11 [bgcolor=#5A8787] [r=14 c=45 rs=1 cs=1]
              RenderInline {FONT} at (0,0) size 3x11
                RenderText {#text} at (0,0) size 3x11
                  text run at (0,0) width 3: " "
            RenderTableCell {TD} at (138,154) size 3x11 [bgcolor=#026766] [r=14 c=46 rs=1 cs=1]
              RenderInline {FONT} at (0,0) size 3x11
                RenderText {#text} at (0,0) size 3x11
                  text run at (0,0) width 3: " "
            RenderTableCell {TD} at (141,154) size 3x11 [bgcolor=#1A6B6A] [r=14 c=47 rs=1 cs=1]
              RenderInline {FONT} at (0,0) size 3x11
                RenderText {#text} at (0,0) size 3x11
                  text run at (0,0) width 3: " "
            RenderTableCell {TD} at (144,154) size 3x11 [bgcolor=#B6D0D1] [r=14 c=48 rs=1 cs=1]
              RenderInline {FONT} at (0,0) size 3x11
                RenderText {#text} at (0,0) size 3x11
                  text run at (0,0) width 3: " "
            RenderTableCell {TD} at (147,154) size 3x11 [bgcolor=#FDFDFB] [r=14 c=49 rs=1 cs=1]
              RenderInline {FONT} at (0,0) size 3x11
                RenderText {#text} at (0,0) size 3x11
                  text run at (0,0) width 3: " "
            RenderTableCell {TD} at (150,154) size 3x11 [bgcolor=#848788] [r=14 c=50 rs=1 cs=1]
              RenderInline {FONT} at (0,0) size 3x11
                RenderText {#text} at (0,0) size 3x11
                  text run at (0,0) width 3: " "
            RenderTableCell {TD} at (153,154) size 3x11 [bgcolor=#072323] [r=14 c=51 rs=1 cs=1]
              RenderInline {FONT} at (0,0) size 3x11
                RenderText {#text} at (0,0) size 3x11
                  text run at (0,0) width 3: " "
            RenderTableCell {TD} at (156,154) size 3x11 [bgcolor=#3D4242] [r=14 c=52 rs=1 cs=1]
              RenderInline {FONT} at (0,0) size 3x11
                RenderText {#text} at (0,0) size 3x11
                  text run at (0,0) width 3: " "
            RenderTableCell {TD} at (159,154) size 3x11 [bgcolor=#696A69] [r=14 c=53 rs=1 cs=1]
              RenderInline {FONT} at (0,0) size 3x11
                RenderText {#text} at (0,0) size 3x11
                  text run at (0,0) width 3: " "
            RenderTableCell {TD} at (162,154) size 3x11 [bgcolor=#848788] [r=14 c=54 rs=1 cs=1]
              RenderInline {FONT} at (0,0) size 3x11
                RenderText {#text} at (0,0) size 3x11
                  text run at (0,0) width 3: " "
            RenderTableCell {TD} at (165,154) size 3x11 [bgcolor=#939494] [r=14 c=55 rs=1 cs=1]
              RenderInline {FONT} at (0,0) size 3x11
                RenderText {#text} at (0,0) size 3x11
                  text run at (0,0) width 3: " "
            RenderTableCell {TD} at (168,154) size 3x11 [bgcolor=#B4B4B4] [r=14 c=56 rs=1 cs=1]
              RenderInline {FONT} at (0,0) size 3x11
                RenderText {#text} at (0,0) size 3x11
                  text run at (0,0) width 3: " "
            RenderTableCell {TD} at (171,154) size 3x11 [bgcolor=#FDFDFB] [r=14 c=57 rs=1 cs=1]
              RenderInline {FONT} at (0,0) size 3x11
                RenderText {#text} at (0,0) size 3x11
                  text run at (0,0) width 3: " "
            RenderTableCell {TD} at (174,154) size 3x11 [bgcolor=#FDFDFB] [r=14 c=58 rs=1 cs=1]
              RenderInline {FONT} at (0,0) size 3x11
                RenderText {#text} at (0,0) size 3x11
                  text run at (0,0) width 3: " "
            RenderTableCell {TD} at (177,154) size 3x11 [bgcolor=#2D3433] [r=14 c=59 rs=1 cs=1]
              RenderInline {FONT} at (0,0) size 3x11
                RenderText {#text} at (0,0) size 3x11
                  text run at (0,0) width 3: " "
            RenderTableCell {TD} at (180,154) size 3x11 [bgcolor=#1E7A79] [r=14 c=60 rs=1 cs=1]
              RenderInline {FONT} at (0,0) size 3x11
                RenderText {#text} at (0,0) size 3x11
                  text run at (0,0) width 3: " "
            RenderTableCell {TD} at (183,154) size 3x11 [bgcolor=#60A2A3] [r=14 c=61 rs=1 cs=1]
              RenderInline {FONT} at (0,0) size 3x11
                RenderText {#text} at (0,0) size 3x11
                  text run at (0,0) width 3: " "
            RenderTableCell {TD} at (186,154) size 3x11 [bgcolor=#FDFDFB] [r=14 c=62 rs=1 cs=1]
              RenderInline {FONT} at (0,0) size 3x11
                RenderText {#text} at (0,0) size 3x11
                  text run at (0,0) width 3: " "
            RenderTableCell {TD} at (189,154) size 3x11 [bgcolor=#E0EAE9] [r=14 c=63 rs=1 cs=1]
              RenderInline {FONT} at (0,0) size 3x11
                RenderText {#text} at (0,0) size 3x11
                  text run at (0,0) width 3: " "
            RenderTableCell {TD} at (192,154) size 3x11 [bgcolor=#044140] [r=14 c=64 rs=1 cs=1]
              RenderInline {FONT} at (0,0) size 3x11
                RenderText {#text} at (0,0) size 3x11
                  text run at (0,0) width 3: " "
            RenderTableCell {TD} at (195,154) size 3x11 [bgcolor=#026766] [r=14 c=65 rs=1 cs=1]
              RenderInline {FONT} at (0,0) size 3x11
                RenderText {#text} at (0,0) size 3x11
                  text run at (0,0) width 3: " "
            RenderTableCell {TD} at (198,154) size 3x11 [bgcolor=#026766] [r=14 c=66 rs=1 cs=1]
              RenderInline {FONT} at (0,0) size 3x11
                RenderText {#text} at (0,0) size 3x11
                  text run at (0,0) width 3: " "
            RenderTableCell {TD} at (201,154) size 3x11 [bgcolor=#026766] [r=14 c=67 rs=1 cs=1]
              RenderInline {FONT} at (0,0) size 3x11
                RenderText {#text} at (0,0) size 3x11
                  text run at (0,0) width 3: " "
            RenderTableCell {TD} at (204,154) size 3x11 [bgcolor=#026766] [r=14 c=68 rs=1 cs=1]
              RenderInline {FONT} at (0,0) size 3x11
                RenderText {#text} at (0,0) size 3x11
                  text run at (0,0) width 3: " "
            RenderTableCell {TD} at (207,154) size 3x11 [bgcolor=#026766] [r=14 c=69 rs=1 cs=1]
              RenderInline {FONT} at (0,0) size 3x11
                RenderText {#text} at (0,0) size 3x11
                  text run at (0,0) width 3: " "
            RenderTableCell {TD} at (210,154) size 3x11 [bgcolor=#287A7A] [r=14 c=70 rs=1 cs=1]
              RenderInline {FONT} at (0,0) size 3x11
                RenderText {#text} at (0,0) size 3x11
                  text run at (0,0) width 3: " "
            RenderTableCell {TD} at (213,154) size 3x11 [bgcolor=#E0EAE9] [r=14 c=71 rs=1 cs=1]
              RenderInline {FONT} at (0,0) size 3x11
                RenderText {#text} at (0,0) size 3x11
                  text run at (0,0) width 3: " "
            RenderTableCell {TD} at (216,154) size 3x11 [bgcolor=#FDFDFB] [r=14 c=72 rs=1 cs=1]
              RenderInline {FONT} at (0,0) size 3x11
                RenderText {#text} at (0,0) size 3x11
                  text run at (0,0) width 3: " "
            RenderTableCell {TD} at (219,154) size 3x11 [bgcolor=#4D4F4F] [r=14 c=73 rs=1 cs=1]
              RenderInline {FONT} at (0,0) size 3x11
                RenderText {#text} at (0,0) size 3x11
                  text run at (0,0) width 3: " "
            RenderTableCell {TD} at (222,154) size 3x11 [bgcolor=#5E5F60] [r=14 c=74 rs=1 cs=1]
              RenderInline {FONT} at (0,0) size 3x11
                RenderText {#text} at (0,0) size 3x11
                  text run at (0,0) width 3: " "
            RenderTableCell {TD} at (225,154) size 3x11 [bgcolor=#A5A6A6] [r=14 c=75 rs=1 cs=1]
              RenderInline {FONT} at (0,0) size 3x11
                RenderText {#text} at (0,0) size 3x11
                  text run at (0,0) width 3: " "
            RenderTableCell {TD} at (228,154) size 3x11 [bgcolor=#FDFDFB] [r=14 c=76 rs=1 cs=1]
              RenderInline {FONT} at (0,0) size 3x11
                RenderText {#text} at (0,0) size 3x11
                  text run at (0,0) width 3: " "
            RenderTableCell {TD} at (231,154) size 3x11 [bgcolor=#DEDFDF] [r=14 c=77 rs=1 cs=1]
              RenderInline {FONT} at (0,0) size 3x11
                RenderText {#text} at (0,0) size 3x11
                  text run at (0,0) width 3: " "
            RenderTableCell {TD} at (234,154) size 3x11 [bgcolor=#396B6A] [r=14 c=78 rs=1 cs=1]
              RenderInline {FONT} at (0,0) size 3x11
                RenderText {#text} at (0,0) size 3x11
                  text run at (0,0) width 3: " "
            RenderTableCell {TD} at (237,154) size 3x11 [bgcolor=#027777] [r=14 c=79 rs=1 cs=1]
              RenderInline {FONT} at (0,0) size 3x11
                RenderText {#text} at (0,0) size 3x11
                  text run at (0,0) width 3: " "
            RenderTableCell {TD} at (240,154) size 3x11 [bgcolor=#026766] [r=14 c=80 rs=1 cs=1]
              RenderInline {FONT} at (0,0) size 3x11
                RenderText {#text} at (0,0) size 3x11
                  text run at (0,0) width 3: " "
            RenderTableCell {TD} at (243,154) size 3x11 [bgcolor=#026766] [r=14 c=81 rs=1 cs=1]
              RenderInline {FONT} at (0,0) size 3x11
                RenderText {#text} at (0,0) size 3x11
                  text run at (0,0) width 3: " "
            RenderTableCell {TD} at (246,154) size 3x11 [bgcolor=#026766] [r=14 c=82 rs=1 cs=1]
              RenderInline {FONT} at (0,0) size 3x11
                RenderText {#text} at (0,0) size 3x11
                  text run at (0,0) width 3: " "
            RenderTableCell {TD} at (249,154) size 3x11 [bgcolor=#026766] [r=14 c=83 rs=1 cs=1]
              RenderInline {FONT} at (0,0) size 3x11
                RenderText {#text} at (0,0) size 3x11
                  text run at (0,0) width 3: " "
            RenderTableCell {TD} at (252,154) size 3x11 [bgcolor=#026766] [r=14 c=84 rs=1 cs=1]
              RenderInline {FONT} at (0,0) size 3x11
                RenderText {#text} at (0,0) size 3x11
                  text run at (0,0) width 3: " "
            RenderTableCell {TD} at (255,154) size 3x11 [bgcolor=#7CAEAF] [r=14 c=85 rs=1 cs=1]
              RenderInline {FONT} at (0,0) size 3x11
                RenderText {#text} at (0,0) size 3x11
                  text run at (0,0) width 3: " "
            RenderTableCell {TD} at (258,154) size 3x11 [bgcolor=#FDFDFB] [r=14 c=86 rs=1 cs=1]
              RenderInline {FONT} at (0,0) size 3x11
                RenderText {#text} at (0,0) size 3x11
                  text run at (0,0) width 3: " "
            RenderTableCell {TD} at (261,154) size 3x11 [bgcolor=#BEC2C2] [r=14 c=87 rs=1 cs=1]
              RenderInline {FONT} at (0,0) size 3x11
                RenderText {#text} at (0,0) size 3x11
                  text run at (0,0) width 3: " "
            RenderTableCell {TD} at (264,154) size 3x11 [bgcolor=#223C3D] [r=14 c=88 rs=1 cs=1]
              RenderInline {FONT} at (0,0) size 3x11
                RenderText {#text} at (0,0) size 3x11
                  text run at (0,0) width 3: " "
            RenderTableCell {TD} at (267,154) size 3x11 [bgcolor=#026766] [r=14 c=89 rs=1 cs=1]
              RenderInline {FONT} at (0,0) size 3x11
                RenderText {#text} at (0,0) size 3x11
                  text run at (0,0) width 3: " "
            RenderTableCell {TD} at (270,154) size 3x11 [bgcolor=#338686] [r=14 c=90 rs=1 cs=1]
              RenderInline {FONT} at (0,0) size 3x11
                RenderText {#text} at (0,0) size 3x11
                  text run at (0,0) width 3: " "
            RenderTableCell {TD} at (273,154) size 3x11 [bgcolor=#EDEEEF] [r=14 c=91 rs=1 cs=1]
              RenderInline {FONT} at (0,0) size 3x11
                RenderText {#text} at (0,0) size 3x11
                  text run at (0,0) width 3: " "
            RenderTableCell {TD} at (276,154) size 3x11 [bgcolor=#FDFDFB] [r=14 c=92 rs=1 cs=1]
              RenderInline {FONT} at (0,0) size 3x11
                RenderText {#text} at (0,0) size 3x11
                  text run at (0,0) width 3: " "
            RenderTableCell {TD} at (279,154) size 3x11 [bgcolor=#2D3433] [r=14 c=93 rs=1 cs=1]
              RenderInline {FONT} at (0,0) size 3x11
                RenderText {#text} at (0,0) size 3x11
                  text run at (0,0) width 3: " "
            RenderTableCell {TD} at (282,154) size 3x11 [bgcolor=#223C3D] [r=14 c=94 rs=1 cs=1]
              RenderInline {FONT} at (0,0) size 3x11
                RenderText {#text} at (0,0) size 3x11
                  text run at (0,0) width 3: " "
            RenderTableCell {TD} at (285,154) size 3x11 [bgcolor=#5E5F60] [r=14 c=95 rs=1 cs=1]
              RenderInline {FONT} at (0,0) size 3x11
                RenderText {#text} at (0,0) size 3x11
                  text run at (0,0) width 3: " "
            RenderTableCell {TD} at (288,154) size 3x11 [bgcolor=#777878] [r=14 c=96 rs=1 cs=1]
              RenderInline {FONT} at (0,0) size 3x11
                RenderText {#text} at (0,0) size 3x11
                  text run at (0,0) width 3: " "
            RenderTableCell {TD} at (291,154) size 3x11 [bgcolor=#848788] [r=14 c=97 rs=1 cs=1]
              RenderInline {FONT} at (0,0) size 3x11
                RenderText {#text} at (0,0) size 3x11
                  text run at (0,0) width 3: " "
            RenderTableCell {TD} at (294,154) size 3x11 [bgcolor=#777878] [r=14 c=98 rs=1 cs=1]
              RenderInline {FONT} at (0,0) size 3x11
                RenderText {#text} at (0,0) size 3x11
                  text run at (0,0) width 3: " "
            RenderTableCell {TD} at (297,154) size 3x11 [bgcolor=#4D4F4F] [r=14 c=99 rs=1 cs=1]
              RenderInline {FONT} at (0,0) size 3x11
                RenderText {#text} at (0,0) size 3x11
                  text run at (0,0) width 3: " "
          RenderTableRow {TR} at (0,165) size 300x11
            RenderTableCell {TD} at (0,165) size 3x11 [bgcolor=#E0EAE9] [r=15 c=0 rs=1 cs=1]
              RenderInline {FONT} at (0,0) size 3x11
                RenderText {#text} at (0,0) size 3x11
                  text run at (0,0) width 3: " "
            RenderTableCell {TD} at (3,165) size 3x11 [bgcolor=#469191] [r=15 c=1 rs=1 cs=1]
              RenderInline {FONT} at (0,0) size 3x11
                RenderText {#text} at (0,0) size 3x11
                  text run at (0,0) width 3: " "
            RenderTableCell {TD} at (6,165) size 3x11 [bgcolor=#A4CCCC] [r=15 c=2 rs=1 cs=1]
              RenderInline {FONT} at (0,0) size 3x11
                RenderText {#text} at (0,0) size 3x11
                  text run at (0,0) width 3: " "
            RenderTableCell {TD} at (9,165) size 3x11 [bgcolor=#E0EAE9] [r=15 c=3 rs=1 cs=1]
              RenderInline {FONT} at (0,0) size 3x11
                RenderText {#text} at (0,0) size 3x11
                  text run at (0,0) width 3: " "
            RenderTableCell {TD} at (12,165) size 3x11 [bgcolor=#7CAEAF] [r=15 c=4 rs=1 cs=1]
              RenderInline {FONT} at (0,0) size 3x11
                RenderText {#text} at (0,0) size 3x11
                  text run at (0,0) width 3: " "
            RenderTableCell {TD} at (15,165) size 3x11 [bgcolor=#026766] [r=15 c=5 rs=1 cs=1]
              RenderInline {FONT} at (0,0) size 3x11
                RenderText {#text} at (0,0) size 3x11
                  text run at (0,0) width 3: " "
            RenderTableCell {TD} at (18,165) size 3x11 [bgcolor=#026766] [r=15 c=6 rs=1 cs=1]
              RenderInline {FONT} at (0,0) size 3x11
                RenderText {#text} at (0,0) size 3x11
                  text run at (0,0) width 3: " "
            RenderTableCell {TD} at (21,165) size 3x11 [bgcolor=#025E5E] [r=15 c=7 rs=1 cs=1]
              RenderInline {FONT} at (0,0) size 3x11
                RenderText {#text} at (0,0) size 3x11
                  text run at (0,0) width 3: " "
            RenderTableCell {TD} at (24,165) size 3x11 [bgcolor=#025E5E] [r=15 c=8 rs=1 cs=1]
              RenderInline {FONT} at (0,0) size 3x11
                RenderText {#text} at (0,0) size 3x11
                  text run at (0,0) width 3: " "
            RenderTableCell {TD} at (27,165) size 3x11 [bgcolor=#025E5E] [r=15 c=9 rs=1 cs=1]
              RenderInline {FONT} at (0,0) size 3x11
                RenderText {#text} at (0,0) size 3x11
                  text run at (0,0) width 3: " "
            RenderTableCell {TD} at (30,165) size 3x11 [bgcolor=#72A3A1] [r=15 c=10 rs=1 cs=1]
              RenderInline {FONT} at (0,0) size 3x11
                RenderText {#text} at (0,0) size 3x11
                  text run at (0,0) width 3: " "
            RenderTableCell {TD} at (33,165) size 3x11 [bgcolor=#FDFDFB] [r=15 c=11 rs=1 cs=1]
              RenderInline {FONT} at (0,0) size 3x11
                RenderText {#text} at (0,0) size 3x11
                  text run at (0,0) width 3: " "
            RenderTableCell {TD} at (36,165) size 3x11 [bgcolor=#EDEEEF] [r=15 c=12 rs=1 cs=1]
              RenderInline {FONT} at (0,0) size 3x11
                RenderText {#text} at (0,0) size 3x11
                  text run at (0,0) width 3: " "
            RenderTableCell {TD} at (39,165) size 3x11 [bgcolor=#072323] [r=15 c=13 rs=1 cs=1]
              RenderInline {FONT} at (0,0) size 3x11
                RenderText {#text} at (0,0) size 3x11
                  text run at (0,0) width 3: " "
            RenderTableCell {TD} at (42,165) size 3x11 [bgcolor=#223C3D] [r=15 c=14 rs=1 cs=1]
              RenderInline {FONT} at (0,0) size 3x11
                RenderText {#text} at (0,0) size 3x11
                  text run at (0,0) width 3: " "
            RenderTableCell {TD} at (45,165) size 3x11 [bgcolor=#848788] [r=15 c=15 rs=1 cs=1]
              RenderInline {FONT} at (0,0) size 3x11
                RenderText {#text} at (0,0) size 3x11
                  text run at (0,0) width 3: " "
            RenderTableCell {TD} at (48,165) size 3x11 [bgcolor=#FDFDFB] [r=15 c=16 rs=1 cs=1]
              RenderInline {FONT} at (0,0) size 3x11
                RenderText {#text} at (0,0) size 3x11
                  text run at (0,0) width 3: " "
            RenderTableCell {TD} at (51,165) size 3x11 [bgcolor=#FDFDFB] [r=15 c=17 rs=1 cs=1]
              RenderInline {FONT} at (0,0) size 3x11
                RenderText {#text} at (0,0) size 3x11
                  text run at (0,0) width 3: " "
            RenderTableCell {TD} at (54,165) size 3x11 [bgcolor=#2D3433] [r=15 c=18 rs=1 cs=1]
              RenderInline {FONT} at (0,0) size 3x11
                RenderText {#text} at (0,0) size 3x11
                  text run at (0,0) width 3: " "
            RenderTableCell {TD} at (57,165) size 3x11 [bgcolor=#1E7A79] [r=15 c=19 rs=1 cs=1]
              RenderInline {FONT} at (0,0) size 3x11
                RenderText {#text} at (0,0) size 3x11
                  text run at (0,0) width 3: " "
            RenderTableCell {TD} at (60,165) size 3x11 [bgcolor=#44A3A2] [r=15 c=20 rs=1 cs=1]
              RenderInline {FONT} at (0,0) size 3x11
                RenderText {#text} at (0,0) size 3x11
                  text run at (0,0) width 3: " "
            RenderTableCell {TD} at (63,165) size 3x11 [bgcolor=#FDFDFB] [r=15 c=21 rs=1 cs=1]
              RenderInline {FONT} at (0,0) size 3x11
                RenderText {#text} at (0,0) size 3x11
                  text run at (0,0) width 3: " "
            RenderTableCell {TD} at (66,165) size 3x11 [bgcolor=#FDFDFB] [r=15 c=22 rs=1 cs=1]
              RenderInline {FONT} at (0,0) size 3x11
                RenderText {#text} at (0,0) size 3x11
                  text run at (0,0) width 3: " "
            RenderTableCell {TD} at (69,165) size 3x11 [bgcolor=#223C3D] [r=15 c=23 rs=1 cs=1]
              RenderInline {FONT} at (0,0) size 3x11
                RenderText {#text} at (0,0) size 3x11
                  text run at (0,0) width 3: " "
            RenderTableCell {TD} at (72,165) size 3x11 [bgcolor=#025E5E] [r=15 c=24 rs=1 cs=1]
              RenderInline {FONT} at (0,0) size 3x11
                RenderText {#text} at (0,0) size 3x11
                  text run at (0,0) width 3: " "
            RenderTableCell {TD} at (75,165) size 3x11 [bgcolor=#025E5E] [r=15 c=25 rs=1 cs=1]
              RenderInline {FONT} at (0,0) size 3x11
                RenderText {#text} at (0,0) size 3x11
                  text run at (0,0) width 3: " "
            RenderTableCell {TD} at (78,165) size 3x11 [bgcolor=#026766] [r=15 c=26 rs=1 cs=1]
              RenderInline {FONT} at (0,0) size 3x11
                RenderText {#text} at (0,0) size 3x11
                  text run at (0,0) width 3: " "
            RenderTableCell {TD} at (81,165) size 3x11 [bgcolor=#026766] [r=15 c=27 rs=1 cs=1]
              RenderInline {FONT} at (0,0) size 3x11
                RenderText {#text} at (0,0) size 3x11
                  text run at (0,0) width 3: " "
            RenderTableCell {TD} at (84,165) size 3x11 [bgcolor=#338686] [r=15 c=28 rs=1 cs=1]
              RenderInline {FONT} at (0,0) size 3x11
                RenderText {#text} at (0,0) size 3x11
                  text run at (0,0) width 3: " "
            RenderTableCell {TD} at (87,165) size 3x11 [bgcolor=#E0EAE9] [r=15 c=29 rs=1 cs=1]
              RenderInline {FONT} at (0,0) size 3x11
                RenderText {#text} at (0,0) size 3x11
                  text run at (0,0) width 3: " "
            RenderTableCell {TD} at (90,165) size 3x11 [bgcolor=#FDFDFB] [r=15 c=30 rs=1 cs=1]
              RenderInline {FONT} at (0,0) size 3x11
                RenderText {#text} at (0,0) size 3x11
                  text run at (0,0) width 3: " "
            RenderTableCell {TD} at (93,165) size 3x11 [bgcolor=#B4B4B4] [r=15 c=31 rs=1 cs=1]
              RenderInline {FONT} at (0,0) size 3x11
                RenderText {#text} at (0,0) size 3x11
                  text run at (0,0) width 3: " "
            RenderTableCell {TD} at (96,165) size 3x11 [bgcolor=#1C2524] [r=15 c=32 rs=1 cs=1]
              RenderInline {FONT} at (0,0) size 3x11
                RenderText {#text} at (0,0) size 3x11
                  text run at (0,0) width 3: " "
            RenderTableCell {TD} at (99,165) size 3x11 [bgcolor=#4D4F4F] [r=15 c=33 rs=1 cs=1]
              RenderInline {FONT} at (0,0) size 3x11
                RenderText {#text} at (0,0) size 3x11
                  text run at (0,0) width 3: " "
            RenderTableCell {TD} at (102,165) size 3x11 [bgcolor=#939494] [r=15 c=34 rs=1 cs=1]
              RenderInline {FONT} at (0,0) size 3x11
                RenderText {#text} at (0,0) size 3x11
                  text run at (0,0) width 3: " "
            RenderTableCell {TD} at (105,165) size 3x11 [bgcolor=#EDEEEF] [r=15 c=35 rs=1 cs=1]
              RenderInline {FONT} at (0,0) size 3x11
                RenderText {#text} at (0,0) size 3x11
                  text run at (0,0) width 3: " "
            RenderTableCell {TD} at (108,165) size 3x11 [bgcolor=#CADEDD] [r=15 c=36 rs=1 cs=1]
              RenderInline {FONT} at (0,0) size 3x11
                RenderText {#text} at (0,0) size 3x11
                  text run at (0,0) width 3: " "
            RenderTableCell {TD} at (111,165) size 3x11 [bgcolor=#338686] [r=15 c=37 rs=1 cs=1]
              RenderInline {FONT} at (0,0) size 3x11
                RenderText {#text} at (0,0) size 3x11
                  text run at (0,0) width 3: " "
            RenderTableCell {TD} at (114,165) size 3x11 [bgcolor=#026766] [r=15 c=38 rs=1 cs=1]
              RenderInline {FONT} at (0,0) size 3x11
                RenderText {#text} at (0,0) size 3x11
                  text run at (0,0) width 3: " "
            RenderTableCell {TD} at (117,165) size 3x11 [bgcolor=#026766] [r=15 c=39 rs=1 cs=1]
              RenderInline {FONT} at (0,0) size 3x11
                RenderText {#text} at (0,0) size 3x11
                  text run at (0,0) width 3: " "
            RenderTableCell {TD} at (120,165) size 3x11 [bgcolor=#025E5E] [r=15 c=40 rs=1 cs=1]
              RenderInline {FONT} at (0,0) size 3x11
                RenderText {#text} at (0,0) size 3x11
                  text run at (0,0) width 3: " "
            RenderTableCell {TD} at (123,165) size 3x11 [bgcolor=#025E5E] [r=15 c=41 rs=1 cs=1]
              RenderInline {FONT} at (0,0) size 3x11
                RenderText {#text} at (0,0) size 3x11
                  text run at (0,0) width 3: " "
            RenderTableCell {TD} at (126,165) size 3x11 [bgcolor=#1A6B6A] [r=15 c=42 rs=1 cs=1]
              RenderInline {FONT} at (0,0) size 3x11
                RenderText {#text} at (0,0) size 3x11
                  text run at (0,0) width 3: " "
            RenderTableCell {TD} at (129,165) size 3x11 [bgcolor=#CADEDD] [r=15 c=43 rs=1 cs=1]
              RenderInline {FONT} at (0,0) size 3x11
                RenderText {#text} at (0,0) size 3x11
                  text run at (0,0) width 3: " "
            RenderTableCell {TD} at (132,165) size 3x11 [bgcolor=#FDFDFB] [r=15 c=44 rs=1 cs=1]
              RenderInline {FONT} at (0,0) size 3x11
                RenderText {#text} at (0,0) size 3x11
                  text run at (0,0) width 3: " "
            RenderTableCell {TD} at (135,165) size 3x11 [bgcolor=#777878] [r=15 c=45 rs=1 cs=1]
              RenderInline {FONT} at (0,0) size 3x11
                RenderText {#text} at (0,0) size 3x11
                  text run at (0,0) width 3: " "
            RenderTableCell {TD} at (138,165) size 3x11 [bgcolor=#044F4F] [r=15 c=46 rs=1 cs=1]
              RenderInline {FONT} at (0,0) size 3x11
                RenderText {#text} at (0,0) size 3x11
                  text run at (0,0) width 3: " "
            RenderTableCell {TD} at (141,165) size 3x11 [bgcolor=#1A6B6A] [r=15 c=47 rs=1 cs=1]
              RenderInline {FONT} at (0,0) size 3x11
                RenderText {#text} at (0,0) size 3x11
                  text run at (0,0) width 3: " "
            RenderTableCell {TD} at (144,165) size 3x11 [bgcolor=#B6D0D1] [r=15 c=48 rs=1 cs=1]
              RenderInline {FONT} at (0,0) size 3x11
                RenderText {#text} at (0,0) size 3x11
                  text run at (0,0) width 3: " "
            RenderTableCell {TD} at (147,165) size 3x11 [bgcolor=#FDFDFB] [r=15 c=49 rs=1 cs=1]
              RenderInline {FONT} at (0,0) size 3x11
                RenderText {#text} at (0,0) size 3x11
                  text run at (0,0) width 3: " "
            RenderTableCell {TD} at (150,165) size 3x11 [bgcolor=#848788] [r=15 c=50 rs=1 cs=1]
              RenderInline {FONT} at (0,0) size 3x11
                RenderText {#text} at (0,0) size 3x11
                  text run at (0,0) width 3: " "
            RenderTableCell {TD} at (153,165) size 3x11 [bgcolor=#072323] [r=15 c=51 rs=1 cs=1]
              RenderInline {FONT} at (0,0) size 3x11
                RenderText {#text} at (0,0) size 3x11
                  text run at (0,0) width 3: " "
            RenderTableCell {TD} at (156,165) size 3x11 [bgcolor=#3D4242] [r=15 c=52 rs=1 cs=1]
              RenderInline {FONT} at (0,0) size 3x11
                RenderText {#text} at (0,0) size 3x11
                  text run at (0,0) width 3: " "
            RenderTableCell {TD} at (159,165) size 3x11 [bgcolor=#696A69] [r=15 c=53 rs=1 cs=1]
              RenderInline {FONT} at (0,0) size 3x11
                RenderText {#text} at (0,0) size 3x11
                  text run at (0,0) width 3: " "
            RenderTableCell {TD} at (162,165) size 3x11 [bgcolor=#848788] [r=15 c=54 rs=1 cs=1]
              RenderInline {FONT} at (0,0) size 3x11
                RenderText {#text} at (0,0) size 3x11
                  text run at (0,0) width 3: " "
            RenderTableCell {TD} at (165,165) size 3x11 [bgcolor=#939494] [r=15 c=55 rs=1 cs=1]
              RenderInline {FONT} at (0,0) size 3x11
                RenderText {#text} at (0,0) size 3x11
                  text run at (0,0) width 3: " "
            RenderTableCell {TD} at (168,165) size 3x11 [bgcolor=#B4B4B4] [r=15 c=56 rs=1 cs=1]
              RenderInline {FONT} at (0,0) size 3x11
                RenderText {#text} at (0,0) size 3x11
                  text run at (0,0) width 3: " "
            RenderTableCell {TD} at (171,165) size 3x11 [bgcolor=#FDFDFB] [r=15 c=57 rs=1 cs=1]
              RenderInline {FONT} at (0,0) size 3x11
                RenderText {#text} at (0,0) size 3x11
                  text run at (0,0) width 3: " "
            RenderTableCell {TD} at (174,165) size 3x11 [bgcolor=#FDFDFB] [r=15 c=58 rs=1 cs=1]
              RenderInline {FONT} at (0,0) size 3x11
                RenderText {#text} at (0,0) size 3x11
                  text run at (0,0) width 3: " "
            RenderTableCell {TD} at (177,165) size 3x11 [bgcolor=#2D3433] [r=15 c=59 rs=1 cs=1]
              RenderInline {FONT} at (0,0) size 3x11
                RenderText {#text} at (0,0) size 3x11
                  text run at (0,0) width 3: " "
            RenderTableCell {TD} at (180,165) size 3x11 [bgcolor=#287A7A] [r=15 c=60 rs=1 cs=1]
              RenderInline {FONT} at (0,0) size 3x11
                RenderText {#text} at (0,0) size 3x11
                  text run at (0,0) width 3: " "
            RenderTableCell {TD} at (183,165) size 3x11 [bgcolor=#027777] [r=15 c=61 rs=1 cs=1]
              RenderInline {FONT} at (0,0) size 3x11
                RenderText {#text} at (0,0) size 3x11
                  text run at (0,0) width 3: " "
            RenderTableCell {TD} at (186,165) size 3x11 [bgcolor=#B6D8D7] [r=15 c=62 rs=1 cs=1]
              RenderInline {FONT} at (0,0) size 3x11
                RenderText {#text} at (0,0) size 3x11
                  text run at (0,0) width 3: " "
            RenderTableCell {TD} at (189,165) size 3x11 [bgcolor=#FDFDFB] [r=15 c=63 rs=1 cs=1]
              RenderInline {FONT} at (0,0) size 3x11
                RenderText {#text} at (0,0) size 3x11
                  text run at (0,0) width 3: " "
            RenderTableCell {TD} at (192,165) size 3x11 [bgcolor=#91A3A3] [r=15 c=64 rs=1 cs=1]
              RenderInline {FONT} at (0,0) size 3x11
                RenderText {#text} at (0,0) size 3x11
                  text run at (0,0) width 3: " "
            RenderTableCell {TD} at (195,165) size 3x11 [bgcolor=#1A6B6A] [r=15 c=65 rs=1 cs=1]
              RenderInline {FONT} at (0,0) size 3x11
                RenderText {#text} at (0,0) size 3x11
                  text run at (0,0) width 3: " "
            RenderTableCell {TD} at (198,165) size 3x11 [bgcolor=#026766] [r=15 c=66 rs=1 cs=1]
              RenderInline {FONT} at (0,0) size 3x11
                RenderText {#text} at (0,0) size 3x11
                  text run at (0,0) width 3: " "
            RenderTableCell {TD} at (201,165) size 3x11 [bgcolor=#026766] [r=15 c=67 rs=1 cs=1]
              RenderInline {FONT} at (0,0) size 3x11
                RenderText {#text} at (0,0) size 3x11
                  text run at (0,0) width 3: " "
            RenderTableCell {TD} at (204,165) size 3x11 [bgcolor=#026766] [r=15 c=68 rs=1 cs=1]
              RenderInline {FONT} at (0,0) size 3x11
                RenderText {#text} at (0,0) size 3x11
                  text run at (0,0) width 3: " "
            RenderTableCell {TD} at (207,165) size 3x11 [bgcolor=#1A6B6A] [r=15 c=69 rs=1 cs=1]
              RenderInline {FONT} at (0,0) size 3x11
                RenderText {#text} at (0,0) size 3x11
                  text run at (0,0) width 3: " "
            RenderTableCell {TD} at (210,165) size 3x11 [bgcolor=#8DB7B6] [r=15 c=70 rs=1 cs=1]
              RenderInline {FONT} at (0,0) size 3x11
                RenderText {#text} at (0,0) size 3x11
                  text run at (0,0) width 3: " "
            RenderTableCell {TD} at (213,165) size 3x11 [bgcolor=#FDFDFB] [r=15 c=71 rs=1 cs=1]
              RenderInline {FONT} at (0,0) size 3x11
                RenderText {#text} at (0,0) size 3x11
                  text run at (0,0) width 3: " "
            RenderTableCell {TD} at (216,165) size 3x11 [bgcolor=#FDFDFB] [r=15 c=72 rs=1 cs=1]
              RenderInline {FONT} at (0,0) size 3x11
                RenderText {#text} at (0,0) size 3x11
                  text run at (0,0) width 3: " "
            RenderTableCell {TD} at (219,165) size 3x11 [bgcolor=#4D4F4F] [r=15 c=73 rs=1 cs=1]
              RenderInline {FONT} at (0,0) size 3x11
                RenderText {#text} at (0,0) size 3x11
                  text run at (0,0) width 3: " "
            RenderTableCell {TD} at (222,165) size 3x11 [bgcolor=#5E5F60] [r=15 c=74 rs=1 cs=1]
              RenderInline {FONT} at (0,0) size 3x11
                RenderText {#text} at (0,0) size 3x11
                  text run at (0,0) width 3: " "
            RenderTableCell {TD} at (225,165) size 3x11 [bgcolor=#848788] [r=15 c=75 rs=1 cs=1]
              RenderInline {FONT} at (0,0) size 3x11
                RenderText {#text} at (0,0) size 3x11
                  text run at (0,0) width 3: " "
            RenderTableCell {TD} at (228,165) size 3x11 [bgcolor=#CECFCF] [r=15 c=76 rs=1 cs=1]
              RenderInline {FONT} at (0,0) size 3x11
                RenderText {#text} at (0,0) size 3x11
                  text run at (0,0) width 3: " "
            RenderTableCell {TD} at (231,165) size 3x11 [bgcolor=#FDFDFB] [r=15 c=77 rs=1 cs=1]
              RenderInline {FONT} at (0,0) size 3x11
                RenderText {#text} at (0,0) size 3x11
                  text run at (0,0) width 3: " "
            RenderTableCell {TD} at (234,165) size 3x11 [bgcolor=#A2B5B4] [r=15 c=78 rs=1 cs=1]
              RenderInline {FONT} at (0,0) size 3x11
                RenderText {#text} at (0,0) size 3x11
                  text run at (0,0) width 3: " "
            RenderTableCell {TD} at (237,165) size 3x11 [bgcolor=#1B8685] [r=15 c=79 rs=1 cs=1]
              RenderInline {FONT} at (0,0) size 3x11
                RenderText {#text} at (0,0) size 3x11
                  text run at (0,0) width 3: " "
            RenderTableCell {TD} at (240,165) size 3x11 [bgcolor=#026766] [r=15 c=80 rs=1 cs=1]
              RenderInline {FONT} at (0,0) size 3x11
                RenderText {#text} at (0,0) size 3x11
                  text run at (0,0) width 3: " "
            RenderTableCell {TD} at (243,165) size 3x11 [bgcolor=#026766] [r=15 c=81 rs=1 cs=1]
              RenderInline {FONT} at (0,0) size 3x11
                RenderText {#text} at (0,0) size 3x11
                  text run at (0,0) width 3: " "
            RenderTableCell {TD} at (246,165) size 3x11 [bgcolor=#026766] [r=15 c=82 rs=1 cs=1]
              RenderInline {FONT} at (0,0) size 3x11
                RenderText {#text} at (0,0) size 3x11
                  text run at (0,0) width 3: " "
            RenderTableCell {TD} at (249,165) size 3x11 [bgcolor=#026766] [r=15 c=83 rs=1 cs=1]
              RenderInline {FONT} at (0,0) size 3x11
                RenderText {#text} at (0,0) size 3x11
                  text run at (0,0) width 3: " "
            RenderTableCell {TD} at (252,165) size 3x11 [bgcolor=#338686] [r=15 c=84 rs=1 cs=1]
              RenderInline {FONT} at (0,0) size 3x11
                RenderText {#text} at (0,0) size 3x11
                  text run at (0,0) width 3: " "
            RenderTableCell {TD} at (255,165) size 3x11 [bgcolor=#E0EAE9] [r=15 c=85 rs=1 cs=1]
              RenderInline {FONT} at (0,0) size 3x11
                RenderText {#text} at (0,0) size 3x11
                  text run at (0,0) width 3: " "
            RenderTableCell {TD} at (258,165) size 3x11 [bgcolor=#EDEEEF] [r=15 c=86 rs=1 cs=1]
              RenderInline {FONT} at (0,0) size 3x11
                RenderText {#text} at (0,0) size 3x11
                  text run at (0,0) width 3: " "
            RenderTableCell {TD} at (261,165) size 3x11 [bgcolor=#515C5B] [r=15 c=87 rs=1 cs=1]
              RenderInline {FONT} at (0,0) size 3x11
                RenderText {#text} at (0,0) size 3x11
                  text run at (0,0) width 3: " "
            RenderTableCell {TD} at (264,165) size 3x11 [bgcolor=#044140] [r=15 c=88 rs=1 cs=1]
              RenderInline {FONT} at (0,0) size 3x11
                RenderText {#text} at (0,0) size 3x11
                  text run at (0,0) width 3: " "
            RenderTableCell {TD} at (267,165) size 3x11 [bgcolor=#026766] [r=15 c=89 rs=1 cs=1]
              RenderInline {FONT} at (0,0) size 3x11
                RenderText {#text} at (0,0) size 3x11
                  text run at (0,0) width 3: " "
            RenderTableCell {TD} at (270,165) size 3x11 [bgcolor=#338686] [r=15 c=90 rs=1 cs=1]
              RenderInline {FONT} at (0,0) size 3x11
                RenderText {#text} at (0,0) size 3x11
                  text run at (0,0) width 3: " "
            RenderTableCell {TD} at (273,165) size 3x11 [bgcolor=#EDEEEF] [r=15 c=91 rs=1 cs=1]
              RenderInline {FONT} at (0,0) size 3x11
                RenderText {#text} at (0,0) size 3x11
                  text run at (0,0) width 3: " "
            RenderTableCell {TD} at (276,165) size 3x11 [bgcolor=#FDFDFB] [r=15 c=92 rs=1 cs=1]
              RenderInline {FONT} at (0,0) size 3x11
                RenderText {#text} at (0,0) size 3x11
                  text run at (0,0) width 3: " "
            RenderTableCell {TD} at (279,165) size 3x11 [bgcolor=#2D3433] [r=15 c=93 rs=1 cs=1]
              RenderInline {FONT} at (0,0) size 3x11
                RenderText {#text} at (0,0) size 3x11
                  text run at (0,0) width 3: " "
            RenderTableCell {TD} at (282,165) size 3x11 [bgcolor=#223C3D] [r=15 c=94 rs=1 cs=1]
              RenderInline {FONT} at (0,0) size 3x11
                RenderText {#text} at (0,0) size 3x11
                  text run at (0,0) width 3: " "
            RenderTableCell {TD} at (285,165) size 3x11 [bgcolor=#5E5F60] [r=15 c=95 rs=1 cs=1]
              RenderInline {FONT} at (0,0) size 3x11
                RenderText {#text} at (0,0) size 3x11
                  text run at (0,0) width 3: " "
            RenderTableCell {TD} at (288,165) size 3x11 [bgcolor=#777878] [r=15 c=96 rs=1 cs=1]
              RenderInline {FONT} at (0,0) size 3x11
                RenderText {#text} at (0,0) size 3x11
                  text run at (0,0) width 3: " "
            RenderTableCell {TD} at (291,165) size 3x11 [bgcolor=#848788] [r=15 c=97 rs=1 cs=1]
              RenderInline {FONT} at (0,0) size 3x11
                RenderText {#text} at (0,0) size 3x11
                  text run at (0,0) width 3: " "
            RenderTableCell {TD} at (294,165) size 3x11 [bgcolor=#777878] [r=15 c=98 rs=1 cs=1]
              RenderInline {FONT} at (0,0) size 3x11
                RenderText {#text} at (0,0) size 3x11
                  text run at (0,0) width 3: " "
            RenderTableCell {TD} at (297,165) size 3x11 [bgcolor=#4D4F4F] [r=15 c=99 rs=1 cs=1]
              RenderInline {FONT} at (0,0) size 3x11
                RenderText {#text} at (0,0) size 3x11
                  text run at (0,0) width 3: " "
          RenderTableRow {TR} at (0,176) size 300x11
            RenderTableCell {TD} at (0,176) size 3x11 [bgcolor=#FDFDFB] [r=16 c=0 rs=1 cs=1]
              RenderInline {FONT} at (0,0) size 3x11
                RenderText {#text} at (0,0) size 3x11
                  text run at (0,0) width 3: " "
            RenderTableCell {TD} at (3,176) size 3x11 [bgcolor=#7CAEAF] [r=16 c=1 rs=1 cs=1]
              RenderInline {FONT} at (0,0) size 3x11
                RenderText {#text} at (0,0) size 3x11
                  text run at (0,0) width 3: " "
            RenderTableCell {TD} at (6,176) size 3x11 [bgcolor=#469191] [r=16 c=2 rs=1 cs=1]
              RenderInline {FONT} at (0,0) size 3x11
                RenderText {#text} at (0,0) size 3x11
                  text run at (0,0) width 3: " "
            RenderTableCell {TD} at (9,176) size 3x11 [bgcolor=#EDEEEF] [r=16 c=3 rs=1 cs=1]
              RenderInline {FONT} at (0,0) size 3x11
                RenderText {#text} at (0,0) size 3x11
                  text run at (0,0) width 3: " "
            RenderTableCell {TD} at (12,176) size 3x11 [bgcolor=#FDFDFB] [r=16 c=4 rs=1 cs=1]
              RenderInline {FONT} at (0,0) size 3x11
                RenderText {#text} at (0,0) size 3x11
                  text run at (0,0) width 3: " "
            RenderTableCell {TD} at (15,176) size 3x11 [bgcolor=#A4CCCC] [r=16 c=5 rs=1 cs=1]
              RenderInline {FONT} at (0,0) size 3x11
                RenderText {#text} at (0,0) size 3x11
                  text run at (0,0) width 3: " "
            RenderTableCell {TD} at (18,176) size 3x11 [bgcolor=#7CAEAF] [r=16 c=6 rs=1 cs=1]
              RenderInline {FONT} at (0,0) size 3x11
                RenderText {#text} at (0,0) size 3x11
                  text run at (0,0) width 3: " "
            RenderTableCell {TD} at (21,176) size 3x11 [bgcolor=#60A2A3] [r=16 c=7 rs=1 cs=1]
              RenderInline {FONT} at (0,0) size 3x11
                RenderText {#text} at (0,0) size 3x11
                  text run at (0,0) width 3: " "
            RenderTableCell {TD} at (24,176) size 3x11 [bgcolor=#72A3A1] [r=16 c=8 rs=1 cs=1]
              RenderInline {FONT} at (0,0) size 3x11
                RenderText {#text} at (0,0) size 3x11
                  text run at (0,0) width 3: " "
            RenderTableCell {TD} at (27,176) size 3x11 [bgcolor=#97C1C0] [r=16 c=9 rs=1 cs=1]
              RenderInline {FONT} at (0,0) size 3x11
                RenderText {#text} at (0,0) size 3x11
                  text run at (0,0) width 3: " "
            RenderTableCell {TD} at (30,176) size 3x11 [bgcolor=#E0EAE9] [r=16 c=10 rs=1 cs=1]
              RenderInline {FONT} at (0,0) size 3x11
                RenderText {#text} at (0,0) size 3x11
                  text run at (0,0) width 3: " "
            RenderTableCell {TD} at (33,176) size 3x11 [bgcolor=#EDEEEF] [r=16 c=11 rs=1 cs=1]
              RenderInline {FONT} at (0,0) size 3x11
                RenderText {#text} at (0,0) size 3x11
                  text run at (0,0) width 3: " "
            RenderTableCell {TD} at (36,176) size 3x11 [bgcolor=#696A69] [r=16 c=12 rs=1 cs=1]
              RenderInline {FONT} at (0,0) size 3x11
                RenderText {#text} at (0,0) size 3x11
                  text run at (0,0) width 3: " "
            RenderTableCell {TD} at (39,176) size 3x11 [bgcolor=#072323] [r=16 c=13 rs=1 cs=1]
              RenderInline {FONT} at (0,0) size 3x11
                RenderText {#text} at (0,0) size 3x11
                  text run at (0,0) width 3: " "
            RenderTableCell {TD} at (42,176) size 3x11 [bgcolor=#223C3D] [r=16 c=14 rs=1 cs=1]
              RenderInline {FONT} at (0,0) size 3x11
                RenderText {#text} at (0,0) size 3x11
                  text run at (0,0) width 3: " "
            RenderTableCell {TD} at (45,176) size 3x11 [bgcolor=#848788] [r=16 c=15 rs=1 cs=1]
              RenderInline {FONT} at (0,0) size 3x11
                RenderText {#text} at (0,0) size 3x11
                  text run at (0,0) width 3: " "
            RenderTableCell {TD} at (48,176) size 3x11 [bgcolor=#FDFDFB] [r=16 c=16 rs=1 cs=1]
              RenderInline {FONT} at (0,0) size 3x11
                RenderText {#text} at (0,0) size 3x11
                  text run at (0,0) width 3: " "
            RenderTableCell {TD} at (51,176) size 3x11 [bgcolor=#FDFDFB] [r=16 c=17 rs=1 cs=1]
              RenderInline {FONT} at (0,0) size 3x11
                RenderText {#text} at (0,0) size 3x11
                  text run at (0,0) width 3: " "
            RenderTableCell {TD} at (54,176) size 3x11 [bgcolor=#2D3433] [r=16 c=18 rs=1 cs=1]
              RenderInline {FONT} at (0,0) size 3x11
                RenderText {#text} at (0,0) size 3x11
                  text run at (0,0) width 3: " "
            RenderTableCell {TD} at (57,176) size 3x11 [bgcolor=#1E7A79] [r=16 c=19 rs=1 cs=1]
              RenderInline {FONT} at (0,0) size 3x11
                RenderText {#text} at (0,0) size 3x11
                  text run at (0,0) width 3: " "
            RenderTableCell {TD} at (60,176) size 3x11 [bgcolor=#1B8685] [r=16 c=20 rs=1 cs=1]
              RenderInline {FONT} at (0,0) size 3x11
                RenderText {#text} at (0,0) size 3x11
                  text run at (0,0) width 3: " "
            RenderTableCell {TD} at (63,176) size 3x11 [bgcolor=#CADEDD] [r=16 c=21 rs=1 cs=1]
              RenderInline {FONT} at (0,0) size 3x11
                RenderText {#text} at (0,0) size 3x11
                  text run at (0,0) width 3: " "
            RenderTableCell {TD} at (66,176) size 3x11 [bgcolor=#FDFDFB] [r=16 c=22 rs=1 cs=1]
              RenderInline {FONT} at (0,0) size 3x11
                RenderText {#text} at (0,0) size 3x11
                  text run at (0,0) width 3: " "
            RenderTableCell {TD} at (69,176) size 3x11 [bgcolor=#B6D0D1] [r=16 c=23 rs=1 cs=1]
              RenderInline {FONT} at (0,0) size 3x11
                RenderText {#text} at (0,0) size 3x11
                  text run at (0,0) width 3: " "
            RenderTableCell {TD} at (72,176) size 3x11 [bgcolor=#7CAEAF] [r=16 c=24 rs=1 cs=1]
              RenderInline {FONT} at (0,0) size 3x11
                RenderText {#text} at (0,0) size 3x11
                  text run at (0,0) width 3: " "
            RenderTableCell {TD} at (75,176) size 3x11 [bgcolor=#60A2A3] [r=16 c=25 rs=1 cs=1]
              RenderInline {FONT} at (0,0) size 3x11
                RenderText {#text} at (0,0) size 3x11
                  text run at (0,0) width 3: " "
            RenderTableCell {TD} at (78,176) size 3x11 [bgcolor=#7CAEAF] [r=16 c=26 rs=1 cs=1]
              RenderInline {FONT} at (0,0) size 3x11
                RenderText {#text} at (0,0) size 3x11
                  text run at (0,0) width 3: " "
            RenderTableCell {TD} at (81,176) size 3x11 [bgcolor=#A4CCCC] [r=16 c=27 rs=1 cs=1]
              RenderInline {FONT} at (0,0) size 3x11
                RenderText {#text} at (0,0) size 3x11
                  text run at (0,0) width 3: " "
            RenderTableCell {TD} at (84,176) size 3x11 [bgcolor=#DEDFDF] [r=16 c=28 rs=1 cs=1]
              RenderInline {FONT} at (0,0) size 3x11
                RenderText {#text} at (0,0) size 3x11
                  text run at (0,0) width 3: " "
            RenderTableCell {TD} at (87,176) size 3x11 [bgcolor=#BEC2C2] [r=16 c=29 rs=1 cs=1]
              RenderInline {FONT} at (0,0) size 3x11
                RenderText {#text} at (0,0) size 3x11
                  text run at (0,0) width 3: " "
            RenderTableCell {TD} at (90,176) size 3x11 [bgcolor=#FDFDFB] [r=16 c=30 rs=1 cs=1]
              RenderInline {FONT} at (0,0) size 3x11
                RenderText {#text} at (0,0) size 3x11
                  text run at (0,0) width 3: " "
            RenderTableCell {TD} at (93,176) size 3x11 [bgcolor=#DEDFDF] [r=16 c=31 rs=1 cs=1]
              RenderInline {FONT} at (0,0) size 3x11
                RenderText {#text} at (0,0) size 3x11
                  text run at (0,0) width 3: " "
            RenderTableCell {TD} at (96,176) size 3x11 [bgcolor=#939494] [r=16 c=32 rs=1 cs=1]
              RenderInline {FONT} at (0,0) size 3x11
                RenderText {#text} at (0,0) size 3x11
                  text run at (0,0) width 3: " "
            RenderTableCell {TD} at (99,176) size 3x11 [bgcolor=#696A69] [r=16 c=33 rs=1 cs=1]
              RenderInline {FONT} at (0,0) size 3x11
                RenderText {#text} at (0,0) size 3x11
                  text run at (0,0) width 3: " "
            RenderTableCell {TD} at (102,176) size 3x11 [bgcolor=#848788] [r=16 c=34 rs=1 cs=1]
              RenderInline {FONT} at (0,0) size 3x11
                RenderText {#text} at (0,0) size 3x11
                  text run at (0,0) width 3: " "
            RenderTableCell {TD} at (105,176) size 3x11 [bgcolor=#CECFCF] [r=16 c=35 rs=1 cs=1]
              RenderInline {FONT} at (0,0) size 3x11
                RenderText {#text} at (0,0) size 3x11
                  text run at (0,0) width 3: " "
            RenderTableCell {TD} at (108,176) size 3x11 [bgcolor=#FDFDFB] [r=16 c=36 rs=1 cs=1]
              RenderInline {FONT} at (0,0) size 3x11
                RenderText {#text} at (0,0) size 3x11
                  text run at (0,0) width 3: " "
            RenderTableCell {TD} at (111,176) size 3x11 [bgcolor=#DEDFDF] [r=16 c=37 rs=1 cs=1]
              RenderInline {FONT} at (0,0) size 3x11
                RenderText {#text} at (0,0) size 3x11
                  text run at (0,0) width 3: " "
            RenderTableCell {TD} at (114,176) size 3x11 [bgcolor=#8DB7B6] [r=16 c=38 rs=1 cs=1]
              RenderInline {FONT} at (0,0) size 3x11
                RenderText {#text} at (0,0) size 3x11
                  text run at (0,0) width 3: " "
            RenderTableCell {TD} at (117,176) size 3x11 [bgcolor=#72A3A1] [r=16 c=39 rs=1 cs=1]
              RenderInline {FONT} at (0,0) size 3x11
                RenderText {#text} at (0,0) size 3x11
                  text run at (0,0) width 3: " "
            RenderTableCell {TD} at (120,176) size 3x11 [bgcolor=#60A2A3] [r=16 c=40 rs=1 cs=1]
              RenderInline {FONT} at (0,0) size 3x11
                RenderText {#text} at (0,0) size 3x11
                  text run at (0,0) width 3: " "
            RenderTableCell {TD} at (123,176) size 3x11 [bgcolor=#7CAEAF] [r=16 c=41 rs=1 cs=1]
              RenderInline {FONT} at (0,0) size 3x11
                RenderText {#text} at (0,0) size 3x11
                  text run at (0,0) width 3: " "
            RenderTableCell {TD} at (126,176) size 3x11 [bgcolor=#B6D8D7] [r=16 c=42 rs=1 cs=1]
              RenderInline {FONT} at (0,0) size 3x11
                RenderText {#text} at (0,0) size 3x11
                  text run at (0,0) width 3: " "
            RenderTableCell {TD} at (129,176) size 3x11 [bgcolor=#FDFDFB] [r=16 c=43 rs=1 cs=1]
              RenderInline {FONT} at (0,0) size 3x11
                RenderText {#text} at (0,0) size 3x11
                  text run at (0,0) width 3: " "
            RenderTableCell {TD} at (132,176) size 3x11 [bgcolor=#B4B4B4] [r=16 c=44 rs=1 cs=1]
              RenderInline {FONT} at (0,0) size 3x11
                RenderText {#text} at (0,0) size 3x11
                  text run at (0,0) width 3: " "
            RenderTableCell {TD} at (135,176) size 3x11 [bgcolor=#1C2524] [r=16 c=45 rs=1 cs=1]
              RenderInline {FONT} at (0,0) size 3x11
                RenderText {#text} at (0,0) size 3x11
                  text run at (0,0) width 3: " "
            RenderTableCell {TD} at (138,176) size 3x11 [bgcolor=#025E5E] [r=16 c=46 rs=1 cs=1]
              RenderInline {FONT} at (0,0) size 3x11
                RenderText {#text} at (0,0) size 3x11
                  text run at (0,0) width 3: " "
            RenderTableCell {TD} at (141,176) size 3x11 [bgcolor=#1A6B6A] [r=16 c=47 rs=1 cs=1]
              RenderInline {FONT} at (0,0) size 3x11
                RenderText {#text} at (0,0) size 3x11
                  text run at (0,0) width 3: " "
            RenderTableCell {TD} at (144,176) size 3x11 [bgcolor=#B6D0D1] [r=16 c=48 rs=1 cs=1]
              RenderInline {FONT} at (0,0) size 3x11
                RenderText {#text} at (0,0) size 3x11
                  text run at (0,0) width 3: " "
            RenderTableCell {TD} at (147,176) size 3x11 [bgcolor=#FDFDFB] [r=16 c=49 rs=1 cs=1]
              RenderInline {FONT} at (0,0) size 3x11
                RenderText {#text} at (0,0) size 3x11
                  text run at (0,0) width 3: " "
            RenderTableCell {TD} at (150,176) size 3x11 [bgcolor=#848788] [r=16 c=50 rs=1 cs=1]
              RenderInline {FONT} at (0,0) size 3x11
                RenderText {#text} at (0,0) size 3x11
                  text run at (0,0) width 3: " "
            RenderTableCell {TD} at (153,176) size 3x11 [bgcolor=#072323] [r=16 c=51 rs=1 cs=1]
              RenderInline {FONT} at (0,0) size 3x11
                RenderText {#text} at (0,0) size 3x11
                  text run at (0,0) width 3: " "
            RenderTableCell {TD} at (156,176) size 3x11 [bgcolor=#3D4242] [r=16 c=52 rs=1 cs=1]
              RenderInline {FONT} at (0,0) size 3x11
                RenderText {#text} at (0,0) size 3x11
                  text run at (0,0) width 3: " "
            RenderTableCell {TD} at (159,176) size 3x11 [bgcolor=#696A69] [r=16 c=53 rs=1 cs=1]
              RenderInline {FONT} at (0,0) size 3x11
                RenderText {#text} at (0,0) size 3x11
                  text run at (0,0) width 3: " "
            RenderTableCell {TD} at (162,176) size 3x11 [bgcolor=#848788] [r=16 c=54 rs=1 cs=1]
              RenderInline {FONT} at (0,0) size 3x11
                RenderText {#text} at (0,0) size 3x11
                  text run at (0,0) width 3: " "
            RenderTableCell {TD} at (165,176) size 3x11 [bgcolor=#939494] [r=16 c=55 rs=1 cs=1]
              RenderInline {FONT} at (0,0) size 3x11
                RenderText {#text} at (0,0) size 3x11
                  text run at (0,0) width 3: " "
            RenderTableCell {TD} at (168,176) size 3x11 [bgcolor=#B4B4B4] [r=16 c=56 rs=1 cs=1]
              RenderInline {FONT} at (0,0) size 3x11
                RenderText {#text} at (0,0) size 3x11
                  text run at (0,0) width 3: " "
            RenderTableCell {TD} at (171,176) size 3x11 [bgcolor=#FDFDFB] [r=16 c=57 rs=1 cs=1]
              RenderInline {FONT} at (0,0) size 3x11
                RenderText {#text} at (0,0) size 3x11
                  text run at (0,0) width 3: " "
            RenderTableCell {TD} at (174,176) size 3x11 [bgcolor=#FDFDFB] [r=16 c=58 rs=1 cs=1]
              RenderInline {FONT} at (0,0) size 3x11
                RenderText {#text} at (0,0) size 3x11
                  text run at (0,0) width 3: " "
            RenderTableCell {TD} at (177,176) size 3x11 [bgcolor=#2D3433] [r=16 c=59 rs=1 cs=1]
              RenderInline {FONT} at (0,0) size 3x11
                RenderText {#text} at (0,0) size 3x11
                  text run at (0,0) width 3: " "
            RenderTableCell {TD} at (180,176) size 3x11 [bgcolor=#447877] [r=16 c=60 rs=1 cs=1]
              RenderInline {FONT} at (0,0) size 3x11
                RenderText {#text} at (0,0) size 3x11
                  text run at (0,0) width 3: " "
            RenderTableCell {TD} at (183,176) size 3x11 [bgcolor=#027777] [r=16 c=61 rs=1 cs=1]
              RenderInline {FONT} at (0,0) size 3x11
                RenderText {#text} at (0,0) size 3x11
                  text run at (0,0) width 3: " "
            RenderTableCell {TD} at (186,176) size 3x11 [bgcolor=#338686] [r=16 c=62 rs=1 cs=1]
              RenderInline {FONT} at (0,0) size 3x11
                RenderText {#text} at (0,0) size 3x11
                  text run at (0,0) width 3: " "
            RenderTableCell {TD} at (189,176) size 3x11 [bgcolor=#B6D0D1] [r=16 c=63 rs=1 cs=1]
              RenderInline {FONT} at (0,0) size 3x11
                RenderText {#text} at (0,0) size 3x11
                  text run at (0,0) width 3: " "
            RenderTableCell {TD} at (192,176) size 3x11 [bgcolor=#FDFDFB] [r=16 c=64 rs=1 cs=1]
              RenderInline {FONT} at (0,0) size 3x11
                RenderText {#text} at (0,0) size 3x11
                  text run at (0,0) width 3: " "
            RenderTableCell {TD} at (195,176) size 3x11 [bgcolor=#B6D0D1] [r=16 c=65 rs=1 cs=1]
              RenderInline {FONT} at (0,0) size 3x11
                RenderText {#text} at (0,0) size 3x11
                  text run at (0,0) width 3: " "
            RenderTableCell {TD} at (198,176) size 3x11 [bgcolor=#7CAEAF] [r=16 c=66 rs=1 cs=1]
              RenderInline {FONT} at (0,0) size 3x11
                RenderText {#text} at (0,0) size 3x11
                  text run at (0,0) width 3: " "
            RenderTableCell {TD} at (201,176) size 3x11 [bgcolor=#60A2A3] [r=16 c=67 rs=1 cs=1]
              RenderInline {FONT} at (0,0) size 3x11
                RenderText {#text} at (0,0) size 3x11
                  text run at (0,0) width 3: " "
            RenderTableCell {TD} at (204,176) size 3x11 [bgcolor=#7CAEAF] [r=16 c=68 rs=1 cs=1]
              RenderInline {FONT} at (0,0) size 3x11
                RenderText {#text} at (0,0) size 3x11
                  text run at (0,0) width 3: " "
            RenderTableCell {TD} at (207,176) size 3x11 [bgcolor=#CADEDD] [r=16 c=69 rs=1 cs=1]
              RenderInline {FONT} at (0,0) size 3x11
                RenderText {#text} at (0,0) size 3x11
                  text run at (0,0) width 3: " "
            RenderTableCell {TD} at (210,176) size 3x11 [bgcolor=#DEDFDF] [r=16 c=70 rs=1 cs=1]
              RenderInline {FONT} at (0,0) size 3x11
                RenderText {#text} at (0,0) size 3x11
                  text run at (0,0) width 3: " "
            RenderTableCell {TD} at (213,176) size 3x11 [bgcolor=#DEDFDF] [r=16 c=71 rs=1 cs=1]
              RenderInline {FONT} at (0,0) size 3x11
                RenderText {#text} at (0,0) size 3x11
                  text run at (0,0) width 3: " "
            RenderTableCell {TD} at (216,176) size 3x11 [bgcolor=#FDFDFB] [r=16 c=72 rs=1 cs=1]
              RenderInline {FONT} at (0,0) size 3x11
                RenderText {#text} at (0,0) size 3x11
                  text run at (0,0) width 3: " "
            RenderTableCell {TD} at (219,176) size 3x11 [bgcolor=#4D4F4F] [r=16 c=73 rs=1 cs=1]
              RenderInline {FONT} at (0,0) size 3x11
                RenderText {#text} at (0,0) size 3x11
                  text run at (0,0) width 3: " "
            RenderTableCell {TD} at (222,176) size 3x11 [bgcolor=#5E5F60] [r=16 c=74 rs=1 cs=1]
              RenderInline {FONT} at (0,0) size 3x11
                RenderText {#text} at (0,0) size 3x11
                  text run at (0,0) width 3: " "
            RenderTableCell {TD} at (225,176) size 3x11 [bgcolor=#848788] [r=16 c=75 rs=1 cs=1]
              RenderInline {FONT} at (0,0) size 3x11
                RenderText {#text} at (0,0) size 3x11
                  text run at (0,0) width 3: " "
            RenderTableCell {TD} at (228,176) size 3x11 [bgcolor=#939494] [r=16 c=76 rs=1 cs=1]
              RenderInline {FONT} at (0,0) size 3x11
                RenderText {#text} at (0,0) size 3x11
                  text run at (0,0) width 3: " "
            RenderTableCell {TD} at (231,176) size 3x11 [bgcolor=#BEC2C2] [r=16 c=77 rs=1 cs=1]
              RenderInline {FONT} at (0,0) size 3x11
                RenderText {#text} at (0,0) size 3x11
                  text run at (0,0) width 3: " "
            RenderTableCell {TD} at (234,176) size 3x11 [bgcolor=#FDFDFB] [r=16 c=78 rs=1 cs=1]
              RenderInline {FONT} at (0,0) size 3x11
                RenderText {#text} at (0,0) size 3x11
                  text run at (0,0) width 3: " "
            RenderTableCell {TD} at (237,176) size 3x11 [bgcolor=#CADEDD] [r=16 c=79 rs=1 cs=1]
              RenderInline {FONT} at (0,0) size 3x11
                RenderText {#text} at (0,0) size 3x11
                  text run at (0,0) width 3: " "
            RenderTableCell {TD} at (240,176) size 3x11 [bgcolor=#8DB7B6] [r=16 c=80 rs=1 cs=1]
              RenderInline {FONT} at (0,0) size 3x11
                RenderText {#text} at (0,0) size 3x11
                  text run at (0,0) width 3: " "
            RenderTableCell {TD} at (243,176) size 3x11 [bgcolor=#72A3A1] [r=16 c=81 rs=1 cs=1]
              RenderInline {FONT} at (0,0) size 3x11
                RenderText {#text} at (0,0) size 3x11
                  text run at (0,0) width 3: " "
            RenderTableCell {TD} at (246,176) size 3x11 [bgcolor=#72A3A1] [r=16 c=82 rs=1 cs=1]
              RenderInline {FONT} at (0,0) size 3x11
                RenderText {#text} at (0,0) size 3x11
                  text run at (0,0) width 3: " "
            RenderTableCell {TD} at (249,176) size 3x11 [bgcolor=#97C1C0] [r=16 c=83 rs=1 cs=1]
              RenderInline {FONT} at (0,0) size 3x11
                RenderText {#text} at (0,0) size 3x11
                  text run at (0,0) width 3: " "
            RenderTableCell {TD} at (252,176) size 3x11 [bgcolor=#EDEEEF] [r=16 c=84 rs=1 cs=1]
              RenderInline {FONT} at (0,0) size 3x11
                RenderText {#text} at (0,0) size 3x11
                  text run at (0,0) width 3: " "
            RenderTableCell {TD} at (255,176) size 3x11 [bgcolor=#DEDFDF] [r=16 c=85 rs=1 cs=1]
              RenderInline {FONT} at (0,0) size 3x11
                RenderText {#text} at (0,0) size 3x11
                  text run at (0,0) width 3: " "
            RenderTableCell {TD} at (258,176) size 3x11 [bgcolor=#696A69] [r=16 c=86 rs=1 cs=1]
              RenderInline {FONT} at (0,0) size 3x11
                RenderText {#text} at (0,0) size 3x11
                  text run at (0,0) width 3: " "
            RenderTableCell {TD} at (261,176) size 3x11 [bgcolor=#072323] [r=16 c=87 rs=1 cs=1]
              RenderInline {FONT} at (0,0) size 3x11
                RenderText {#text} at (0,0) size 3x11
                  text run at (0,0) width 3: " "
            RenderTableCell {TD} at (264,176) size 3x11 [bgcolor=#025E5E] [r=16 c=88 rs=1 cs=1]
              RenderInline {FONT} at (0,0) size 3x11
                RenderText {#text} at (0,0) size 3x11
                  text run at (0,0) width 3: " "
            RenderTableCell {TD} at (267,176) size 3x11 [bgcolor=#026766] [r=16 c=89 rs=1 cs=1]
              RenderInline {FONT} at (0,0) size 3x11
                RenderText {#text} at (0,0) size 3x11
                  text run at (0,0) width 3: " "
            RenderTableCell {TD} at (270,176) size 3x11 [bgcolor=#287A7A] [r=16 c=90 rs=1 cs=1]
              RenderInline {FONT} at (0,0) size 3x11
                RenderText {#text} at (0,0) size 3x11
                  text run at (0,0) width 3: " "
            RenderTableCell {TD} at (273,176) size 3x11 [bgcolor=#E0EAE9] [r=16 c=91 rs=1 cs=1]
              RenderInline {FONT} at (0,0) size 3x11
                RenderText {#text} at (0,0) size 3x11
                  text run at (0,0) width 3: " "
            RenderTableCell {TD} at (276,176) size 3x11 [bgcolor=#FDFDFB] [r=16 c=92 rs=1 cs=1]
              RenderInline {FONT} at (0,0) size 3x11
                RenderText {#text} at (0,0) size 3x11
                  text run at (0,0) width 3: " "
            RenderTableCell {TD} at (279,176) size 3x11 [bgcolor=#B4B4B4] [r=16 c=93 rs=1 cs=1]
              RenderInline {FONT} at (0,0) size 3x11
                RenderText {#text} at (0,0) size 3x11
                  text run at (0,0) width 3: " "
            RenderTableCell {TD} at (282,176) size 3x11 [bgcolor=#91A3A3] [r=16 c=94 rs=1 cs=1]
              RenderInline {FONT} at (0,0) size 3x11
                RenderText {#text} at (0,0) size 3x11
                  text run at (0,0) width 3: " "
            RenderTableCell {TD} at (285,176) size 3x11 [bgcolor=#848788] [r=16 c=95 rs=1 cs=1]
              RenderInline {FONT} at (0,0) size 3x11
                RenderText {#text} at (0,0) size 3x11
                  text run at (0,0) width 3: " "
            RenderTableCell {TD} at (288,176) size 3x11 [bgcolor=#777878] [r=16 c=96 rs=1 cs=1]
              RenderInline {FONT} at (0,0) size 3x11
                RenderText {#text} at (0,0) size 3x11
                  text run at (0,0) width 3: " "
            RenderTableCell {TD} at (291,176) size 3x11 [bgcolor=#848788] [r=16 c=97 rs=1 cs=1]
              RenderInline {FONT} at (0,0) size 3x11
                RenderText {#text} at (0,0) size 3x11
                  text run at (0,0) width 3: " "
            RenderTableCell {TD} at (294,176) size 3x11 [bgcolor=#777878] [r=16 c=98 rs=1 cs=1]
              RenderInline {FONT} at (0,0) size 3x11
                RenderText {#text} at (0,0) size 3x11
                  text run at (0,0) width 3: " "
            RenderTableCell {TD} at (297,176) size 3x11 [bgcolor=#4D4F4F] [r=16 c=99 rs=1 cs=1]
              RenderInline {FONT} at (0,0) size 3x11
                RenderText {#text} at (0,0) size 3x11
                  text run at (0,0) width 3: " "
          RenderTableRow {TR} at (0,187) size 300x11
            RenderTableCell {TD} at (0,187) size 3x11 [bgcolor=#FDFDFB] [r=17 c=0 rs=1 cs=1]
              RenderInline {FONT} at (0,0) size 3x11
                RenderText {#text} at (0,0) size 3x11
                  text run at (0,0) width 3: " "
            RenderTableCell {TD} at (3,187) size 3x11 [bgcolor=#CADEDD] [r=17 c=1 rs=1 cs=1]
              RenderInline {FONT} at (0,0) size 3x11
                RenderText {#text} at (0,0) size 3x11
                  text run at (0,0) width 3: " "
            RenderTableCell {TD} at (6,187) size 3x11 [bgcolor=#1A6B6A] [r=17 c=2 rs=1 cs=1]
              RenderInline {FONT} at (0,0) size 3x11
                RenderText {#text} at (0,0) size 3x11
                  text run at (0,0) width 3: " "
            RenderTableCell {TD} at (9,187) size 3x11 [bgcolor=#1A5C5C] [r=17 c=3 rs=1 cs=1]
              RenderInline {FONT} at (0,0) size 3x11
                RenderText {#text} at (0,0) size 3x11
                  text run at (0,0) width 3: " "
            RenderTableCell {TD} at (12,187) size 3x11 [bgcolor=#647979] [r=17 c=4 rs=1 cs=1]
              RenderInline {FONT} at (0,0) size 3x11
                RenderText {#text} at (0,0) size 3x11
                  text run at (0,0) width 3: " "
            RenderTableCell {TD} at (15,187) size 3x11 [bgcolor=#939494] [r=17 c=5 rs=1 cs=1]
              RenderInline {FONT} at (0,0) size 3x11
                RenderText {#text} at (0,0) size 3x11
                  text run at (0,0) width 3: " "
            RenderTableCell {TD} at (18,187) size 3x11 [bgcolor=#A5A6A6] [r=17 c=6 rs=1 cs=1]
              RenderInline {FONT} at (0,0) size 3x11
                RenderText {#text} at (0,0) size 3x11
                  text run at (0,0) width 3: " "
            RenderTableCell {TD} at (21,187) size 3x11 [bgcolor=#A5A6A6] [r=17 c=7 rs=1 cs=1]
              RenderInline {FONT} at (0,0) size 3x11
                RenderText {#text} at (0,0) size 3x11
                  text run at (0,0) width 3: " "
            RenderTableCell {TD} at (24,187) size 3x11 [bgcolor=#A5A6A6] [r=17 c=8 rs=1 cs=1]
              RenderInline {FONT} at (0,0) size 3x11
                RenderText {#text} at (0,0) size 3x11
                  text run at (0,0) width 3: " "
            RenderTableCell {TD} at (27,187) size 3x11 [bgcolor=#91A3A3] [r=17 c=9 rs=1 cs=1]
              RenderInline {FONT} at (0,0) size 3x11
                RenderText {#text} at (0,0) size 3x11
                  text run at (0,0) width 3: " "
            RenderTableCell {TD} at (30,187) size 3x11 [bgcolor=#696A69] [r=17 c=10 rs=1 cs=1]
              RenderInline {FONT} at (0,0) size 3x11
                RenderText {#text} at (0,0) size 3x11
                  text run at (0,0) width 3: " "
            RenderTableCell {TD} at (33,187) size 3x11 [bgcolor=#1C2524] [r=17 c=11 rs=1 cs=1]
              RenderInline {FONT} at (0,0) size 3x11
                RenderText {#text} at (0,0) size 3x11
                  text run at (0,0) width 3: " "
            RenderTableCell {TD} at (36,187) size 3x11 [bgcolor=#083131] [r=17 c=12 rs=1 cs=1]
              RenderInline {FONT} at (0,0) size 3x11
                RenderText {#text} at (0,0) size 3x11
                  text run at (0,0) width 3: " "
            RenderTableCell {TD} at (39,187) size 3x11 [bgcolor=#044140] [r=17 c=13 rs=1 cs=1]
              RenderInline {FONT} at (0,0) size 3x11
                RenderText {#text} at (0,0) size 3x11
                  text run at (0,0) width 3: " "
            RenderTableCell {TD} at (42,187) size 3x11 [bgcolor=#223C3D] [r=17 c=14 rs=1 cs=1]
              RenderInline {FONT} at (0,0) size 3x11
                RenderText {#text} at (0,0) size 3x11
                  text run at (0,0) width 3: " "
            RenderTableCell {TD} at (45,187) size 3x11 [bgcolor=#777878] [r=17 c=15 rs=1 cs=1]
              RenderInline {FONT} at (0,0) size 3x11
                RenderText {#text} at (0,0) size 3x11
                  text run at (0,0) width 3: " "
            RenderTableCell {TD} at (48,187) size 3x11 [bgcolor=#939494] [r=17 c=16 rs=1 cs=1]
              RenderInline {FONT} at (0,0) size 3x11
                RenderText {#text} at (0,0) size 3x11
                  text run at (0,0) width 3: " "
            RenderTableCell {TD} at (51,187) size 3x11 [bgcolor=#848788] [r=17 c=17 rs=1 cs=1]
              RenderInline {FONT} at (0,0) size 3x11
                RenderText {#text} at (0,0) size 3x11
                  text run at (0,0) width 3: " "
            RenderTableCell {TD} at (54,187) size 3x11 [bgcolor=#2D3433] [r=17 c=18 rs=1 cs=1]
              RenderInline {FONT} at (0,0) size 3x11
                RenderText {#text} at (0,0) size 3x11
                  text run at (0,0) width 3: " "
            RenderTableCell {TD} at (57,187) size 3x11 [bgcolor=#1E7A79] [r=17 c=19 rs=1 cs=1]
              RenderInline {FONT} at (0,0) size 3x11
                RenderText {#text} at (0,0) size 3x11
                  text run at (0,0) width 3: " "
            RenderTableCell {TD} at (60,187) size 3x11 [bgcolor=#027777] [r=17 c=20 rs=1 cs=1]
              RenderInline {FONT} at (0,0) size 3x11
                RenderText {#text} at (0,0) size 3x11
                  text run at (0,0) width 3: " "
            RenderTableCell {TD} at (63,187) size 3x11 [bgcolor=#1A6B6A] [r=17 c=21 rs=1 cs=1]
              RenderInline {FONT} at (0,0) size 3x11
                RenderText {#text} at (0,0) size 3x11
                  text run at (0,0) width 3: " "
            RenderTableCell {TD} at (66,187) size 3x11 [bgcolor=#5A8787] [r=17 c=22 rs=1 cs=1]
              RenderInline {FONT} at (0,0) size 3x11
                RenderText {#text} at (0,0) size 3x11
                  text run at (0,0) width 3: " "
            RenderTableCell {TD} at (69,187) size 3x11 [bgcolor=#A5A6A6] [r=17 c=23 rs=1 cs=1]
              RenderInline {FONT} at (0,0) size 3x11
                RenderText {#text} at (0,0) size 3x11
                  text run at (0,0) width 3: " "
            RenderTableCell {TD} at (72,187) size 3x11 [bgcolor=#A5A6A6] [r=17 c=24 rs=1 cs=1]
              RenderInline {FONT} at (0,0) size 3x11
                RenderText {#text} at (0,0) size 3x11
                  text run at (0,0) width 3: " "
            RenderTableCell {TD} at (75,187) size 3x11 [bgcolor=#A5A6A6] [r=17 c=25 rs=1 cs=1]
              RenderInline {FONT} at (0,0) size 3x11
                RenderText {#text} at (0,0) size 3x11
                  text run at (0,0) width 3: " "
            RenderTableCell {TD} at (78,187) size 3x11 [bgcolor=#939494] [r=17 c=26 rs=1 cs=1]
              RenderInline {FONT} at (0,0) size 3x11
                RenderText {#text} at (0,0) size 3x11
                  text run at (0,0) width 3: " "
            RenderTableCell {TD} at (81,187) size 3x11 [bgcolor=#696A69] [r=17 c=27 rs=1 cs=1]
              RenderInline {FONT} at (0,0) size 3x11
                RenderText {#text} at (0,0) size 3x11
                  text run at (0,0) width 3: " "
            RenderTableCell {TD} at (84,187) size 3x11 [bgcolor=#072323] [r=17 c=28 rs=1 cs=1]
              RenderInline {FONT} at (0,0) size 3x11
                RenderText {#text} at (0,0) size 3x11
                  text run at (0,0) width 3: " "
            RenderTableCell {TD} at (87,187) size 3x11 [bgcolor=#083131] [r=17 c=29 rs=1 cs=1]
              RenderInline {FONT} at (0,0) size 3x11
                RenderText {#text} at (0,0) size 3x11
                  text run at (0,0) width 3: " "
            RenderTableCell {TD} at (90,187) size 3x11 [bgcolor=#647979] [r=17 c=30 rs=1 cs=1]
              RenderInline {FONT} at (0,0) size 3x11
                RenderText {#text} at (0,0) size 3x11
                  text run at (0,0) width 3: " "
            RenderTableCell {TD} at (93,187) size 3x11 [bgcolor=#939494] [r=17 c=31 rs=1 cs=1]
              RenderInline {FONT} at (0,0) size 3x11
                RenderText {#text} at (0,0) size 3x11
                  text run at (0,0) width 3: " "
            RenderTableCell {TD} at (96,187) size 3x11 [bgcolor=#939494] [r=17 c=32 rs=1 cs=1]
              RenderInline {FONT} at (0,0) size 3x11
                RenderText {#text} at (0,0) size 3x11
                  text run at (0,0) width 3: " "
            RenderTableCell {TD} at (99,187) size 3x11 [bgcolor=#3D4242] [r=17 c=33 rs=1 cs=1]
              RenderInline {FONT} at (0,0) size 3x11
                RenderText {#text} at (0,0) size 3x11
                  text run at (0,0) width 3: " "
            RenderTableCell {TD} at (102,187) size 3x11 [bgcolor=#777878] [r=17 c=34 rs=1 cs=1]
              RenderInline {FONT} at (0,0) size 3x11
                RenderText {#text} at (0,0) size 3x11
                  text run at (0,0) width 3: " "
            RenderTableCell {TD} at (105,187) size 3x11 [bgcolor=#848788] [r=17 c=35 rs=1 cs=1]
              RenderInline {FONT} at (0,0) size 3x11
                RenderText {#text} at (0,0) size 3x11
                  text run at (0,0) width 3: " "
            RenderTableCell {TD} at (108,187) size 3x11 [bgcolor=#447877] [r=17 c=36 rs=1 cs=1]
              RenderInline {FONT} at (0,0) size 3x11
                RenderText {#text} at (0,0) size 3x11
                  text run at (0,0) width 3: " "
            RenderTableCell {TD} at (111,187) size 3x11 [bgcolor=#7B918F] [r=17 c=37 rs=1 cs=1]
              RenderInline {FONT} at (0,0) size 3x11
                RenderText {#text} at (0,0) size 3x11
                  text run at (0,0) width 3: " "
            RenderTableCell {TD} at (114,187) size 3x11 [bgcolor=#A5A6A6] [r=17 c=38 rs=1 cs=1]
              RenderInline {FONT} at (0,0) size 3x11
                RenderText {#text} at (0,0) size 3x11
                  text run at (0,0) width 3: " "
            RenderTableCell {TD} at (117,187) size 3x11 [bgcolor=#A5A6A6] [r=17 c=39 rs=1 cs=1]
              RenderInline {FONT} at (0,0) size 3x11
                RenderText {#text} at (0,0) size 3x11
                  text run at (0,0) width 3: " "
            RenderTableCell {TD} at (120,187) size 3x11 [bgcolor=#A5A6A6] [r=17 c=40 rs=1 cs=1]
              RenderInline {FONT} at (0,0) size 3x11
                RenderText {#text} at (0,0) size 3x11
                  text run at (0,0) width 3: " "
            RenderTableCell {TD} at (123,187) size 3x11 [bgcolor=#A5A6A6] [r=17 c=41 rs=1 cs=1]
              RenderInline {FONT} at (0,0) size 3x11
                RenderText {#text} at (0,0) size 3x11
                  text run at (0,0) width 3: " "
            RenderTableCell {TD} at (126,187) size 3x11 [bgcolor=#848788] [r=17 c=42 rs=1 cs=1]
              RenderInline {FONT} at (0,0) size 3x11
                RenderText {#text} at (0,0) size 3x11
                  text run at (0,0) width 3: " "
            RenderTableCell {TD} at (129,187) size 3x11 [bgcolor=#344C4E] [r=17 c=43 rs=1 cs=1]
              RenderInline {FONT} at (0,0) size 3x11
                RenderText {#text} at (0,0) size 3x11
                  text run at (0,0) width 3: " "
            RenderTableCell {TD} at (132,187) size 3x11 [bgcolor=#072323] [r=17 c=44 rs=1 cs=1]
              RenderInline {FONT} at (0,0) size 3x11
                RenderText {#text} at (0,0) size 3x11
                  text run at (0,0) width 3: " "
            RenderTableCell {TD} at (135,187) size 3x11 [bgcolor=#044F4F] [r=17 c=45 rs=1 cs=1]
              RenderInline {FONT} at (0,0) size 3x11
                RenderText {#text} at (0,0) size 3x11
                  text run at (0,0) width 3: " "
            RenderTableCell {TD} at (138,187) size 3x11 [bgcolor=#026766] [r=17 c=46 rs=1 cs=1]
              RenderInline {FONT} at (0,0) size 3x11
                RenderText {#text} at (0,0) size 3x11
                  text run at (0,0) width 3: " "
            RenderTableCell {TD} at (141,187) size 3x11 [bgcolor=#026766] [r=17 c=47 rs=1 cs=1]
              RenderInline {FONT} at (0,0) size 3x11
                RenderText {#text} at (0,0) size 3x11
                  text run at (0,0) width 3: " "
            RenderTableCell {TD} at (144,187) size 3x11 [bgcolor=#589594] [r=17 c=48 rs=1 cs=1]
              RenderInline {FONT} at (0,0) size 3x11
                RenderText {#text} at (0,0) size 3x11
                  text run at (0,0) width 3: " "
            RenderTableCell {TD} at (147,187) size 3x11 [bgcolor=#848788] [r=17 c=49 rs=1 cs=1]
              RenderInline {FONT} at (0,0) size 3x11
                RenderText {#text} at (0,0) size 3x11
                  text run at (0,0) width 3: " "
            RenderTableCell {TD} at (150,187) size 3x11 [bgcolor=#344C4E] [r=17 c=50 rs=1 cs=1]
              RenderInline {FONT} at (0,0) size 3x11
                RenderText {#text} at (0,0) size 3x11
                  text run at (0,0) width 3: " "
            RenderTableCell {TD} at (153,187) size 3x11 [bgcolor=#083131] [r=17 c=51 rs=1 cs=1]
              RenderInline {FONT} at (0,0) size 3x11
                RenderText {#text} at (0,0) size 3x11
                  text run at (0,0) width 3: " "
            RenderTableCell {TD} at (156,187) size 3x11 [bgcolor=#3D4242] [r=17 c=52 rs=1 cs=1]
              RenderInline {FONT} at (0,0) size 3x11
                RenderText {#text} at (0,0) size 3x11
                  text run at (0,0) width 3: " "
            RenderTableCell {TD} at (159,187) size 3x11 [bgcolor=#696A69] [r=17 c=53 rs=1 cs=1]
              RenderInline {FONT} at (0,0) size 3x11
                RenderText {#text} at (0,0) size 3x11
                  text run at (0,0) width 3: " "
            RenderTableCell {TD} at (162,187) size 3x11 [bgcolor=#848788] [r=17 c=54 rs=1 cs=1]
              RenderInline {FONT} at (0,0) size 3x11
                RenderText {#text} at (0,0) size 3x11
                  text run at (0,0) width 3: " "
            RenderTableCell {TD} at (165,187) size 3x11 [bgcolor=#939494] [r=17 c=55 rs=1 cs=1]
              RenderInline {FONT} at (0,0) size 3x11
                RenderText {#text} at (0,0) size 3x11
                  text run at (0,0) width 3: " "
            RenderTableCell {TD} at (168,187) size 3x11 [bgcolor=#A5A6A6] [r=17 c=56 rs=1 cs=1]
              RenderInline {FONT} at (0,0) size 3x11
                RenderText {#text} at (0,0) size 3x11
                  text run at (0,0) width 3: " "
            RenderTableCell {TD} at (171,187) size 3x11 [bgcolor=#91A3A3] [r=17 c=57 rs=1 cs=1]
              RenderInline {FONT} at (0,0) size 3x11
                RenderText {#text} at (0,0) size 3x11
                  text run at (0,0) width 3: " "
            RenderTableCell {TD} at (174,187) size 3x11 [bgcolor=#848788] [r=17 c=58 rs=1 cs=1]
              RenderInline {FONT} at (0,0) size 3x11
                RenderText {#text} at (0,0) size 3x11
                  text run at (0,0) width 3: " "
            RenderTableCell {TD} at (177,187) size 3x11 [bgcolor=#3D4242] [r=17 c=59 rs=1 cs=1]
              RenderInline {FONT} at (0,0) size 3x11
                RenderText {#text} at (0,0) size 3x11
                  text run at (0,0) width 3: " "
            RenderTableCell {TD} at (180,187) size 3x11 [bgcolor=#848788] [r=17 c=60 rs=1 cs=1]
              RenderInline {FONT} at (0,0) size 3x11
                RenderText {#text} at (0,0) size 3x11
                  text run at (0,0) width 3: " "
            RenderTableCell {TD} at (183,187) size 3x11 [bgcolor=#026766] [r=17 c=61 rs=1 cs=1]
              RenderInline {FONT} at (0,0) size 3x11
                RenderText {#text} at (0,0) size 3x11
                  text run at (0,0) width 3: " "
            RenderTableCell {TD} at (186,187) size 3x11 [bgcolor=#026766] [r=17 c=62 rs=1 cs=1]
              RenderInline {FONT} at (0,0) size 3x11
                RenderText {#text} at (0,0) size 3x11
                  text run at (0,0) width 3: " "
            RenderTableCell {TD} at (189,187) size 3x11 [bgcolor=#025E5E] [r=17 c=63 rs=1 cs=1]
              RenderInline {FONT} at (0,0) size 3x11
                RenderText {#text} at (0,0) size 3x11
                  text run at (0,0) width 3: " "
            RenderTableCell {TD} at (192,187) size 3x11 [bgcolor=#526B6B] [r=17 c=64 rs=1 cs=1]
              RenderInline {FONT} at (0,0) size 3x11
                RenderText {#text} at (0,0) size 3x11
                  text run at (0,0) width 3: " "
            RenderTableCell {TD} at (195,187) size 3x11 [bgcolor=#939494] [r=17 c=65 rs=1 cs=1]
              RenderInline {FONT} at (0,0) size 3x11
                RenderText {#text} at (0,0) size 3x11
                  text run at (0,0) width 3: " "
            RenderTableCell {TD} at (198,187) size 3x11 [bgcolor=#A5A6A6] [r=17 c=66 rs=1 cs=1]
              RenderInline {FONT} at (0,0) size 3x11
                RenderText {#text} at (0,0) size 3x11
                  text run at (0,0) width 3: " "
            RenderTableCell {TD} at (201,187) size 3x11 [bgcolor=#A5A6A6] [r=17 c=67 rs=1 cs=1]
              RenderInline {FONT} at (0,0) size 3x11
                RenderText {#text} at (0,0) size 3x11
                  text run at (0,0) width 3: " "
            RenderTableCell {TD} at (204,187) size 3x11 [bgcolor=#A5A6A6] [r=17 c=68 rs=1 cs=1]
              RenderInline {FONT} at (0,0) size 3x11
                RenderText {#text} at (0,0) size 3x11
                  text run at (0,0) width 3: " "
            RenderTableCell {TD} at (207,187) size 3x11 [bgcolor=#696A69] [r=17 c=69 rs=1 cs=1]
              RenderInline {FONT} at (0,0) size 3x11
                RenderText {#text} at (0,0) size 3x11
                  text run at (0,0) width 3: " "
            RenderTableCell {TD} at (210,187) size 3x11 [bgcolor=#083131] [r=17 c=70 rs=1 cs=1]
              RenderInline {FONT} at (0,0) size 3x11
                RenderText {#text} at (0,0) size 3x11
                  text run at (0,0) width 3: " "
            RenderTableCell {TD} at (213,187) size 3x11 [bgcolor=#647979] [r=17 c=71 rs=1 cs=1]
              RenderInline {FONT} at (0,0) size 3x11
                RenderText {#text} at (0,0) size 3x11
                  text run at (0,0) width 3: " "
            RenderTableCell {TD} at (216,187) size 3x11 [bgcolor=#848788] [r=17 c=72 rs=1 cs=1]
              RenderInline {FONT} at (0,0) size 3x11
                RenderText {#text} at (0,0) size 3x11
                  text run at (0,0) width 3: " "
            RenderTableCell {TD} at (219,187) size 3x11 [bgcolor=#2D3433] [r=17 c=73 rs=1 cs=1]
              RenderInline {FONT} at (0,0) size 3x11
                RenderText {#text} at (0,0) size 3x11
                  text run at (0,0) width 3: " "
            RenderTableCell {TD} at (222,187) size 3x11 [bgcolor=#5E5F60] [r=17 c=74 rs=1 cs=1]
              RenderInline {FONT} at (0,0) size 3x11
                RenderText {#text} at (0,0) size 3x11
                  text run at (0,0) width 3: " "
            RenderTableCell {TD} at (225,187) size 3x11 [bgcolor=#848788] [r=17 c=75 rs=1 cs=1]
              RenderInline {FONT} at (0,0) size 3x11
                RenderText {#text} at (0,0) size 3x11
                  text run at (0,0) width 3: " "
            RenderTableCell {TD} at (228,187) size 3x11 [bgcolor=#939494] [r=17 c=76 rs=1 cs=1]
              RenderInline {FONT} at (0,0) size 3x11
                RenderText {#text} at (0,0) size 3x11
                  text run at (0,0) width 3: " "
            RenderTableCell {TD} at (231,187) size 3x11 [bgcolor=#848788] [r=17 c=77 rs=1 cs=1]
              RenderInline {FONT} at (0,0) size 3x11
                RenderText {#text} at (0,0) size 3x11
                  text run at (0,0) width 3: " "
            RenderTableCell {TD} at (234,187) size 3x11 [bgcolor=#527274] [r=17 c=78 rs=1 cs=1]
              RenderInline {FONT} at (0,0) size 3x11
                RenderText {#text} at (0,0) size 3x11
                  text run at (0,0) width 3: " "
            RenderTableCell {TD} at (237,187) size 3x11 [bgcolor=#7B918F] [r=17 c=79 rs=1 cs=1]
              RenderInline {FONT} at (0,0) size 3x11
                RenderText {#text} at (0,0) size 3x11
                  text run at (0,0) width 3: " "
            RenderTableCell {TD} at (240,187) size 3x11 [bgcolor=#A5A6A6] [r=17 c=80 rs=1 cs=1]
              RenderInline {FONT} at (0,0) size 3x11
                RenderText {#text} at (0,0) size 3x11
                  text run at (0,0) width 3: " "
            RenderTableCell {TD} at (243,187) size 3x11 [bgcolor=#A5A6A6] [r=17 c=81 rs=1 cs=1]
              RenderInline {FONT} at (0,0) size 3x11
                RenderText {#text} at (0,0) size 3x11
                  text run at (0,0) width 3: " "
            RenderTableCell {TD} at (246,187) size 3x11 [bgcolor=#A5A6A6] [r=17 c=82 rs=1 cs=1]
              RenderInline {FONT} at (0,0) size 3x11
                RenderText {#text} at (0,0) size 3x11
                  text run at (0,0) width 3: " "
            RenderTableCell {TD} at (249,187) size 3x11 [bgcolor=#939494] [r=17 c=83 rs=1 cs=1]
              RenderInline {FONT} at (0,0) size 3x11
                RenderText {#text} at (0,0) size 3x11
                  text run at (0,0) width 3: " "
            RenderTableCell {TD} at (252,187) size 3x11 [bgcolor=#5E5F60] [r=17 c=84 rs=1 cs=1]
              RenderInline {FONT} at (0,0) size 3x11
                RenderText {#text} at (0,0) size 3x11
                  text run at (0,0) width 3: " "
            RenderTableCell {TD} at (255,187) size 3x11 [bgcolor=#072323] [r=17 c=85 rs=1 cs=1]
              RenderInline {FONT} at (0,0) size 3x11
                RenderText {#text} at (0,0) size 3x11
                  text run at (0,0) width 3: " "
            RenderTableCell {TD} at (258,187) size 3x11 [bgcolor=#044140] [r=17 c=86 rs=1 cs=1]
              RenderInline {FONT} at (0,0) size 3x11
                RenderText {#text} at (0,0) size 3x11
                  text run at (0,0) width 3: " "
            RenderTableCell {TD} at (261,187) size 3x11 [bgcolor=#026766] [r=17 c=87 rs=1 cs=1]
              RenderInline {FONT} at (0,0) size 3x11
                RenderText {#text} at (0,0) size 3x11
                  text run at (0,0) width 3: " "
            RenderTableCell {TD} at (264,187) size 3x11 [bgcolor=#026766] [r=17 c=88 rs=1 cs=1]
              RenderInline {FONT} at (0,0) size 3x11
                RenderText {#text} at (0,0) size 3x11
                  text run at (0,0) width 3: " "
            RenderTableCell {TD} at (267,187) size 3x11 [bgcolor=#026766] [r=17 c=89 rs=1 cs=1]
              RenderInline {FONT} at (0,0) size 3x11
                RenderText {#text} at (0,0) size 3x11
                  text run at (0,0) width 3: " "
            RenderTableCell {TD} at (270,187) size 3x11 [bgcolor=#026766] [r=17 c=90 rs=1 cs=1]
              RenderInline {FONT} at (0,0) size 3x11
                RenderText {#text} at (0,0) size 3x11
                  text run at (0,0) width 3: " "
            RenderTableCell {TD} at (273,187) size 3x11 [bgcolor=#287A7A] [r=17 c=91 rs=1 cs=1]
              RenderInline {FONT} at (0,0) size 3x11
                RenderText {#text} at (0,0) size 3x11
                  text run at (0,0) width 3: " "
            RenderTableCell {TD} at (276,187) size 3x11 [bgcolor=#939494] [r=17 c=92 rs=1 cs=1]
              RenderInline {FONT} at (0,0) size 3x11
                RenderText {#text} at (0,0) size 3x11
                  text run at (0,0) width 3: " "
            RenderTableCell {TD} at (279,187) size 3x11 [bgcolor=#939494] [r=17 c=93 rs=1 cs=1]
              RenderInline {FONT} at (0,0) size 3x11
                RenderText {#text} at (0,0) size 3x11
                  text run at (0,0) width 3: " "
            RenderTableCell {TD} at (282,187) size 3x11 [bgcolor=#939494] [r=17 c=94 rs=1 cs=1]
              RenderInline {FONT} at (0,0) size 3x11
                RenderText {#text} at (0,0) size 3x11
                  text run at (0,0) width 3: " "
            RenderTableCell {TD} at (285,187) size 3x11 [bgcolor=#4D4F4F] [r=17 c=95 rs=1 cs=1]
              RenderInline {FONT} at (0,0) size 3x11
                RenderText {#text} at (0,0) size 3x11
                  text run at (0,0) width 3: " "
            RenderTableCell {TD} at (288,187) size 3x11 [bgcolor=#696A69] [r=17 c=96 rs=1 cs=1]
              RenderInline {FONT} at (0,0) size 3x11
                RenderText {#text} at (0,0) size 3x11
                  text run at (0,0) width 3: " "
            RenderTableCell {TD} at (291,187) size 3x11 [bgcolor=#848788] [r=17 c=97 rs=1 cs=1]
              RenderInline {FONT} at (0,0) size 3x11
                RenderText {#text} at (0,0) size 3x11
                  text run at (0,0) width 3: " "
            RenderTableCell {TD} at (294,187) size 3x11 [bgcolor=#777878] [r=17 c=98 rs=1 cs=1]
              RenderInline {FONT} at (0,0) size 3x11
                RenderText {#text} at (0,0) size 3x11
                  text run at (0,0) width 3: " "
            RenderTableCell {TD} at (297,187) size 3x11 [bgcolor=#4D4F4F] [r=17 c=99 rs=1 cs=1]
              RenderInline {FONT} at (0,0) size 3x11
                RenderText {#text} at (0,0) size 3x11
                  text run at (0,0) width 3: " "
          RenderTableRow {TR} at (0,198) size 300x11
            RenderTableCell {TD} at (0,198) size 3x11 [bgcolor=#FDFDFB] [r=18 c=0 rs=1 cs=1]
              RenderInline {FONT} at (0,0) size 3x11
                RenderText {#text} at (0,0) size 3x11
                  text run at (0,0) width 3: " "
            RenderTableCell {TD} at (3,198) size 3x11 [bgcolor=#EDEEEF] [r=18 c=1 rs=1 cs=1]
              RenderInline {FONT} at (0,0) size 3x11
                RenderText {#text} at (0,0) size 3x11
                  text run at (0,0) width 3: " "
            RenderTableCell {TD} at (6,198) size 3x11 [bgcolor=#7CAEAF] [r=18 c=2 rs=1 cs=1]
              RenderInline {FONT} at (0,0) size 3x11
                RenderText {#text} at (0,0) size 3x11
                  text run at (0,0) width 3: " "
            RenderTableCell {TD} at (9,198) size 3x11 [bgcolor=#025E5E] [r=18 c=3 rs=1 cs=1]
              RenderInline {FONT} at (0,0) size 3x11
                RenderText {#text} at (0,0) size 3x11
                  text run at (0,0) width 3: " "
            RenderTableCell {TD} at (12,198) size 3x11 [bgcolor=#025E5E] [r=18 c=4 rs=1 cs=1]
              RenderInline {FONT} at (0,0) size 3x11
                RenderText {#text} at (0,0) size 3x11
                  text run at (0,0) width 3: " "
            RenderTableCell {TD} at (15,198) size 3x11 [bgcolor=#044F4F] [r=18 c=5 rs=1 cs=1]
              RenderInline {FONT} at (0,0) size 3x11
                RenderText {#text} at (0,0) size 3x11
                  text run at (0,0) width 3: " "
            RenderTableCell {TD} at (18,198) size 3x11 [bgcolor=#044F4F] [r=18 c=6 rs=1 cs=1]
              RenderInline {FONT} at (0,0) size 3x11
                RenderText {#text} at (0,0) size 3x11
                  text run at (0,0) width 3: " "
            RenderTableCell {TD} at (21,198) size 3x11 [bgcolor=#044F4F] [r=18 c=7 rs=1 cs=1]
              RenderInline {FONT} at (0,0) size 3x11
                RenderText {#text} at (0,0) size 3x11
                  text run at (0,0) width 3: " "
            RenderTableCell {TD} at (24,198) size 3x11 [bgcolor=#044F4F] [r=18 c=8 rs=1 cs=1]
              RenderInline {FONT} at (0,0) size 3x11
                RenderText {#text} at (0,0) size 3x11
                  text run at (0,0) width 3: " "
            RenderTableCell {TD} at (27,198) size 3x11 [bgcolor=#044F4F] [r=18 c=9 rs=1 cs=1]
              RenderInline {FONT} at (0,0) size 3x11
                RenderText {#text} at (0,0) size 3x11
                  text run at (0,0) width 3: " "
            RenderTableCell {TD} at (30,198) size 3x11 [bgcolor=#044F4F] [r=18 c=10 rs=1 cs=1]
              RenderInline {FONT} at (0,0) size 3x11
                RenderText {#text} at (0,0) size 3x11
                  text run at (0,0) width 3: " "
            RenderTableCell {TD} at (33,198) size 3x11 [bgcolor=#025E5E] [r=18 c=11 rs=1 cs=1]
              RenderInline {FONT} at (0,0) size 3x11
                RenderText {#text} at (0,0) size 3x11
                  text run at (0,0) width 3: " "
            RenderTableCell {TD} at (36,198) size 3x11 [bgcolor=#025E5E] [r=18 c=12 rs=1 cs=1]
              RenderInline {FONT} at (0,0) size 3x11
                RenderText {#text} at (0,0) size 3x11
                  text run at (0,0) width 3: " "
            RenderTableCell {TD} at (39,198) size 3x11 [bgcolor=#044140] [r=18 c=13 rs=1 cs=1]
              RenderInline {FONT} at (0,0) size 3x11
                RenderText {#text} at (0,0) size 3x11
                  text run at (0,0) width 3: " "
            RenderTableCell {TD} at (42,198) size 3x11 [bgcolor=#223C3D] [r=18 c=14 rs=1 cs=1]
              RenderInline {FONT} at (0,0) size 3x11
                RenderText {#text} at (0,0) size 3x11
                  text run at (0,0) width 3: " "
            RenderTableCell {TD} at (45,198) size 3x11 [bgcolor=#515C5B] [r=18 c=15 rs=1 cs=1]
              RenderInline {FONT} at (0,0) size 3x11
                RenderText {#text} at (0,0) size 3x11
                  text run at (0,0) width 3: " "
            RenderTableCell {TD} at (48,198) size 3x11 [bgcolor=#696A69] [r=18 c=16 rs=1 cs=1]
              RenderInline {FONT} at (0,0) size 3x11
                RenderText {#text} at (0,0) size 3x11
                  text run at (0,0) width 3: " "
            RenderTableCell {TD} at (51,198) size 3x11 [bgcolor=#777878] [r=18 c=17 rs=1 cs=1]
              RenderInline {FONT} at (0,0) size 3x11
                RenderText {#text} at (0,0) size 3x11
                  text run at (0,0) width 3: " "
            RenderTableCell {TD} at (54,198) size 3x11 [bgcolor=#777878] [r=18 c=18 rs=1 cs=1]
              RenderInline {FONT} at (0,0) size 3x11
                RenderText {#text} at (0,0) size 3x11
                  text run at (0,0) width 3: " "
            RenderTableCell {TD} at (57,198) size 3x11 [bgcolor=#1E7A79] [r=18 c=19 rs=1 cs=1]
              RenderInline {FONT} at (0,0) size 3x11
                RenderText {#text} at (0,0) size 3x11
                  text run at (0,0) width 3: " "
            RenderTableCell {TD} at (60,198) size 3x11 [bgcolor=#027777] [r=18 c=20 rs=1 cs=1]
              RenderInline {FONT} at (0,0) size 3x11
                RenderText {#text} at (0,0) size 3x11
                  text run at (0,0) width 3: " "
            RenderTableCell {TD} at (63,198) size 3x11 [bgcolor=#026766] [r=18 c=21 rs=1 cs=1]
              RenderInline {FONT} at (0,0) size 3x11
                RenderText {#text} at (0,0) size 3x11
                  text run at (0,0) width 3: " "
            RenderTableCell {TD} at (66,198) size 3x11 [bgcolor=#025E5E] [r=18 c=22 rs=1 cs=1]
              RenderInline {FONT} at (0,0) size 3x11
                RenderText {#text} at (0,0) size 3x11
                  text run at (0,0) width 3: " "
            RenderTableCell {TD} at (69,198) size 3x11 [bgcolor=#044F4F] [r=18 c=23 rs=1 cs=1]
              RenderInline {FONT} at (0,0) size 3x11
                RenderText {#text} at (0,0) size 3x11
                  text run at (0,0) width 3: " "
            RenderTableCell {TD} at (72,198) size 3x11 [bgcolor=#044F4F] [r=18 c=24 rs=1 cs=1]
              RenderInline {FONT} at (0,0) size 3x11
                RenderText {#text} at (0,0) size 3x11
                  text run at (0,0) width 3: " "
            RenderTableCell {TD} at (75,198) size 3x11 [bgcolor=#044F4F] [r=18 c=25 rs=1 cs=1]
              RenderInline {FONT} at (0,0) size 3x11
                RenderText {#text} at (0,0) size 3x11
                  text run at (0,0) width 3: " "
            RenderTableCell {TD} at (78,198) size 3x11 [bgcolor=#044140] [r=18 c=26 rs=1 cs=1]
              RenderInline {FONT} at (0,0) size 3x11
                RenderText {#text} at (0,0) size 3x11
                  text run at (0,0) width 3: " "
            RenderTableCell {TD} at (81,198) size 3x11 [bgcolor=#044F4F] [r=18 c=27 rs=1 cs=1]
              RenderInline {FONT} at (0,0) size 3x11
                RenderText {#text} at (0,0) size 3x11
                  text run at (0,0) width 3: " "
            RenderTableCell {TD} at (84,198) size 3x11 [bgcolor=#044F4F] [r=18 c=28 rs=1 cs=1]
              RenderInline {FONT} at (0,0) size 3x11
                RenderText {#text} at (0,0) size 3x11
                  text run at (0,0) width 3: " "
            RenderTableCell {TD} at (87,198) size 3x11 [bgcolor=#044140] [r=18 c=29 rs=1 cs=1]
              RenderInline {FONT} at (0,0) size 3x11
                RenderText {#text} at (0,0) size 3x11
                  text run at (0,0) width 3: " "
            RenderTableCell {TD} at (90,198) size 3x11 [bgcolor=#072323] [r=18 c=30 rs=1 cs=1]
              RenderInline {FONT} at (0,0) size 3x11
                RenderText {#text} at (0,0) size 3x11
                  text run at (0,0) width 3: " "
            RenderTableCell {TD} at (93,198) size 3x11 [bgcolor=#2D3433] [r=18 c=31 rs=1 cs=1]
              RenderInline {FONT} at (0,0) size 3x11
                RenderText {#text} at (0,0) size 3x11
                  text run at (0,0) width 3: " "
            RenderTableCell {TD} at (96,198) size 3x11 [bgcolor=#3D4242] [r=18 c=32 rs=1 cs=1]
              RenderInline {FONT} at (0,0) size 3x11
                RenderText {#text} at (0,0) size 3x11
                  text run at (0,0) width 3: " "
            RenderTableCell {TD} at (99,198) size 3x11 [bgcolor=#696A69] [r=18 c=33 rs=1 cs=1]
              RenderInline {FONT} at (0,0) size 3x11
                RenderText {#text} at (0,0) size 3x11
                  text run at (0,0) width 3: " "
            RenderTableCell {TD} at (102,198) size 3x11 [bgcolor=#848788] [r=18 c=34 rs=1 cs=1]
              RenderInline {FONT} at (0,0) size 3x11
                RenderText {#text} at (0,0) size 3x11
                  text run at (0,0) width 3: " "
            RenderTableCell {TD} at (105,198) size 3x11 [bgcolor=#848788] [r=18 c=35 rs=1 cs=1]
              RenderInline {FONT} at (0,0) size 3x11
                RenderText {#text} at (0,0) size 3x11
                  text run at (0,0) width 3: " "
            RenderTableCell {TD} at (108,198) size 3x11 [bgcolor=#027777] [r=18 c=36 rs=1 cs=1]
              RenderInline {FONT} at (0,0) size 3x11
                RenderText {#text} at (0,0) size 3x11
                  text run at (0,0) width 3: " "
            RenderTableCell {TD} at (111,198) size 3x11 [bgcolor=#026766] [r=18 c=37 rs=1 cs=1]
              RenderInline {FONT} at (0,0) size 3x11
                RenderText {#text} at (0,0) size 3x11
                  text run at (0,0) width 3: " "
            RenderTableCell {TD} at (114,198) size 3x11 [bgcolor=#025E5E] [r=18 c=38 rs=1 cs=1]
              RenderInline {FONT} at (0,0) size 3x11
                RenderText {#text} at (0,0) size 3x11
                  text run at (0,0) width 3: " "
            RenderTableCell {TD} at (117,198) size 3x11 [bgcolor=#044F4F] [r=18 c=39 rs=1 cs=1]
              RenderInline {FONT} at (0,0) size 3x11
                RenderText {#text} at (0,0) size 3x11
                  text run at (0,0) width 3: " "
            RenderTableCell {TD} at (120,198) size 3x11 [bgcolor=#044F4F] [r=18 c=40 rs=1 cs=1]
              RenderInline {FONT} at (0,0) size 3x11
                RenderText {#text} at (0,0) size 3x11
                  text run at (0,0) width 3: " "
            RenderTableCell {TD} at (123,198) size 3x11 [bgcolor=#044F4F] [r=18 c=41 rs=1 cs=1]
              RenderInline {FONT} at (0,0) size 3x11
                RenderText {#text} at (0,0) size 3x11
                  text run at (0,0) width 3: " "
            RenderTableCell {TD} at (126,198) size 3x11 [bgcolor=#044F4F] [r=18 c=42 rs=1 cs=1]
              RenderInline {FONT} at (0,0) size 3x11
                RenderText {#text} at (0,0) size 3x11
                  text run at (0,0) width 3: " "
            RenderTableCell {TD} at (129,198) size 3x11 [bgcolor=#044F4F] [r=18 c=43 rs=1 cs=1]
              RenderInline {FONT} at (0,0) size 3x11
                RenderText {#text} at (0,0) size 3x11
                  text run at (0,0) width 3: " "
            RenderTableCell {TD} at (132,198) size 3x11 [bgcolor=#025E5E] [r=18 c=44 rs=1 cs=1]
              RenderInline {FONT} at (0,0) size 3x11
                RenderText {#text} at (0,0) size 3x11
                  text run at (0,0) width 3: " "
            RenderTableCell {TD} at (135,198) size 3x11 [bgcolor=#026766] [r=18 c=45 rs=1 cs=1]
              RenderInline {FONT} at (0,0) size 3x11
                RenderText {#text} at (0,0) size 3x11
                  text run at (0,0) width 3: " "
            RenderTableCell {TD} at (138,198) size 3x11 [bgcolor=#026766] [r=18 c=46 rs=1 cs=1]
              RenderInline {FONT} at (0,0) size 3x11
                RenderText {#text} at (0,0) size 3x11
                  text run at (0,0) width 3: " "
            RenderTableCell {TD} at (141,198) size 3x11 [bgcolor=#026766] [r=18 c=47 rs=1 cs=1]
              RenderInline {FONT} at (0,0) size 3x11
                RenderText {#text} at (0,0) size 3x11
                  text run at (0,0) width 3: " "
            RenderTableCell {TD} at (144,198) size 3x11 [bgcolor=#025E5E] [r=18 c=48 rs=1 cs=1]
              RenderInline {FONT} at (0,0) size 3x11
                RenderText {#text} at (0,0) size 3x11
                  text run at (0,0) width 3: " "
            RenderTableCell {TD} at (147,198) size 3x11 [bgcolor=#044F4F] [r=18 c=49 rs=1 cs=1]
              RenderInline {FONT} at (0,0) size 3x11
                RenderText {#text} at (0,0) size 3x11
                  text run at (0,0) width 3: " "
            RenderTableCell {TD} at (150,198) size 3x11 [bgcolor=#044140] [r=18 c=50 rs=1 cs=1]
              RenderInline {FONT} at (0,0) size 3x11
                RenderText {#text} at (0,0) size 3x11
                  text run at (0,0) width 3: " "
            RenderTableCell {TD} at (153,198) size 3x11 [bgcolor=#083131] [r=18 c=51 rs=1 cs=1]
              RenderInline {FONT} at (0,0) size 3x11
                RenderText {#text} at (0,0) size 3x11
                  text run at (0,0) width 3: " "
            RenderTableCell {TD} at (156,198) size 3x11 [bgcolor=#3D4242] [r=18 c=52 rs=1 cs=1]
              RenderInline {FONT} at (0,0) size 3x11
                RenderText {#text} at (0,0) size 3x11
                  text run at (0,0) width 3: " "
            RenderTableCell {TD} at (159,198) size 3x11 [bgcolor=#696A69] [r=18 c=53 rs=1 cs=1]
              RenderInline {FONT} at (0,0) size 3x11
                RenderText {#text} at (0,0) size 3x11
                  text run at (0,0) width 3: " "
            RenderTableCell {TD} at (162,198) size 3x11 [bgcolor=#848788] [r=18 c=54 rs=1 cs=1]
              RenderInline {FONT} at (0,0) size 3x11
                RenderText {#text} at (0,0) size 3x11
                  text run at (0,0) width 3: " "
            RenderTableCell {TD} at (165,198) size 3x11 [bgcolor=#939494] [r=18 c=55 rs=1 cs=1]
              RenderInline {FONT} at (0,0) size 3x11
                RenderText {#text} at (0,0) size 3x11
                  text run at (0,0) width 3: " "
            RenderTableCell {TD} at (168,198) size 3x11 [bgcolor=#939494] [r=18 c=56 rs=1 cs=1]
              RenderInline {FONT} at (0,0) size 3x11
                RenderText {#text} at (0,0) size 3x11
                  text run at (0,0) width 3: " "
            RenderTableCell {TD} at (171,198) size 3x11 [bgcolor=#848788] [r=18 c=57 rs=1 cs=1]
              RenderInline {FONT} at (0,0) size 3x11
                RenderText {#text} at (0,0) size 3x11
                  text run at (0,0) width 3: " "
            RenderTableCell {TD} at (174,198) size 3x11 [bgcolor=#777878] [r=18 c=58 rs=1 cs=1]
              RenderInline {FONT} at (0,0) size 3x11
                RenderText {#text} at (0,0) size 3x11
                  text run at (0,0) width 3: " "
            RenderTableCell {TD} at (177,198) size 3x11 [bgcolor=#848788] [r=18 c=59 rs=1 cs=1]
              RenderInline {FONT} at (0,0) size 3x11
                RenderText {#text} at (0,0) size 3x11
                  text run at (0,0) width 3: " "
            RenderTableCell {TD} at (180,198) size 3x11 [bgcolor=#848788] [r=18 c=60 rs=1 cs=1]
              RenderInline {FONT} at (0,0) size 3x11
                RenderText {#text} at (0,0) size 3x11
                  text run at (0,0) width 3: " "
            RenderTableCell {TD} at (183,198) size 3x11 [bgcolor=#1A6B6A] [r=18 c=61 rs=1 cs=1]
              RenderInline {FONT} at (0,0) size 3x11
                RenderText {#text} at (0,0) size 3x11
                  text run at (0,0) width 3: " "
            RenderTableCell {TD} at (186,198) size 3x11 [bgcolor=#026766] [r=18 c=62 rs=1 cs=1]
              RenderInline {FONT} at (0,0) size 3x11
                RenderText {#text} at (0,0) size 3x11
                  text run at (0,0) width 3: " "
            RenderTableCell {TD} at (189,198) size 3x11 [bgcolor=#026766] [r=18 c=63 rs=1 cs=1]
              RenderInline {FONT} at (0,0) size 3x11
                RenderText {#text} at (0,0) size 3x11
                  text run at (0,0) width 3: " "
            RenderTableCell {TD} at (192,198) size 3x11 [bgcolor=#025E5E] [r=18 c=64 rs=1 cs=1]
              RenderInline {FONT} at (0,0) size 3x11
                RenderText {#text} at (0,0) size 3x11
                  text run at (0,0) width 3: " "
            RenderTableCell {TD} at (195,198) size 3x11 [bgcolor=#044F4F] [r=18 c=65 rs=1 cs=1]
              RenderInline {FONT} at (0,0) size 3x11
                RenderText {#text} at (0,0) size 3x11
                  text run at (0,0) width 3: " "
            RenderTableCell {TD} at (198,198) size 3x11 [bgcolor=#044F4F] [r=18 c=66 rs=1 cs=1]
              RenderInline {FONT} at (0,0) size 3x11
                RenderText {#text} at (0,0) size 3x11
                  text run at (0,0) width 3: " "
            RenderTableCell {TD} at (201,198) size 3x11 [bgcolor=#044F4F] [r=18 c=67 rs=1 cs=1]
              RenderInline {FONT} at (0,0) size 3x11
                RenderText {#text} at (0,0) size 3x11
                  text run at (0,0) width 3: " "
            RenderTableCell {TD} at (204,198) size 3x11 [bgcolor=#044F4F] [r=18 c=68 rs=1 cs=1]
              RenderInline {FONT} at (0,0) size 3x11
                RenderText {#text} at (0,0) size 3x11
                  text run at (0,0) width 3: " "
            RenderTableCell {TD} at (207,198) size 3x11 [bgcolor=#044F4F] [r=18 c=69 rs=1 cs=1]
              RenderInline {FONT} at (0,0) size 3x11
                RenderText {#text} at (0,0) size 3x11
                  text run at (0,0) width 3: " "
            RenderTableCell {TD} at (210,198) size 3x11 [bgcolor=#025E5E] [r=18 c=70 rs=1 cs=1]
              RenderInline {FONT} at (0,0) size 3x11
                RenderText {#text} at (0,0) size 3x11
                  text run at (0,0) width 3: " "
            RenderTableCell {TD} at (213,198) size 3x11 [bgcolor=#025E5E] [r=18 c=71 rs=1 cs=1]
              RenderInline {FONT} at (0,0) size 3x11
                RenderText {#text} at (0,0) size 3x11
                  text run at (0,0) width 3: " "
            RenderTableCell {TD} at (216,198) size 3x11 [bgcolor=#044140] [r=18 c=72 rs=1 cs=1]
              RenderInline {FONT} at (0,0) size 3x11
                RenderText {#text} at (0,0) size 3x11
                  text run at (0,0) width 3: " "
            RenderTableCell {TD} at (219,198) size 3x11 [bgcolor=#223C3D] [r=18 c=73 rs=1 cs=1]
              RenderInline {FONT} at (0,0) size 3x11
                RenderText {#text} at (0,0) size 3x11
                  text run at (0,0) width 3: " "
            RenderTableCell {TD} at (222,198) size 3x11 [bgcolor=#5E5F60] [r=18 c=74 rs=1 cs=1]
              RenderInline {FONT} at (0,0) size 3x11
                RenderText {#text} at (0,0) size 3x11
                  text run at (0,0) width 3: " "
            RenderTableCell {TD} at (225,198) size 3x11 [bgcolor=#777878] [r=18 c=75 rs=1 cs=1]
              RenderInline {FONT} at (0,0) size 3x11
                RenderText {#text} at (0,0) size 3x11
                  text run at (0,0) width 3: " "
            RenderTableCell {TD} at (228,198) size 3x11 [bgcolor=#939494] [r=18 c=76 rs=1 cs=1]
              RenderInline {FONT} at (0,0) size 3x11
                RenderText {#text} at (0,0) size 3x11
                  text run at (0,0) width 3: " "
            RenderTableCell {TD} at (231,198) size 3x11 [bgcolor=#939494] [r=18 c=77 rs=1 cs=1]
              RenderInline {FONT} at (0,0) size 3x11
                RenderText {#text} at (0,0) size 3x11
                  text run at (0,0) width 3: " "
            RenderTableCell {TD} at (234,198) size 3x11 [bgcolor=#1B8685] [r=18 c=78 rs=1 cs=1]
              RenderInline {FONT} at (0,0) size 3x11
                RenderText {#text} at (0,0) size 3x11
                  text run at (0,0) width 3: " "
            RenderTableCell {TD} at (237,198) size 3x11 [bgcolor=#026766] [r=18 c=79 rs=1 cs=1]
              RenderInline {FONT} at (0,0) size 3x11
                RenderText {#text} at (0,0) size 3x11
                  text run at (0,0) width 3: " "
            RenderTableCell {TD} at (240,198) size 3x11 [bgcolor=#025E5E] [r=18 c=80 rs=1 cs=1]
              RenderInline {FONT} at (0,0) size 3x11
                RenderText {#text} at (0,0) size 3x11
                  text run at (0,0) width 3: " "
            RenderTableCell {TD} at (243,198) size 3x11 [bgcolor=#044F4F] [r=18 c=81 rs=1 cs=1]
              RenderInline {FONT} at (0,0) size 3x11
                RenderText {#text} at (0,0) size 3x11
                  text run at (0,0) width 3: " "
            RenderTableCell {TD} at (246,198) size 3x11 [bgcolor=#044F4F] [r=18 c=82 rs=1 cs=1]
              RenderInline {FONT} at (0,0) size 3x11
                RenderText {#text} at (0,0) size 3x11
                  text run at (0,0) width 3: " "
            RenderTableCell {TD} at (249,198) size 3x11 [bgcolor=#044F4F] [r=18 c=83 rs=1 cs=1]
              RenderInline {FONT} at (0,0) size 3x11
                RenderText {#text} at (0,0) size 3x11
                  text run at (0,0) width 3: " "
            RenderTableCell {TD} at (252,198) size 3x11 [bgcolor=#044F4F] [r=18 c=84 rs=1 cs=1]
              RenderInline {FONT} at (0,0) size 3x11
                RenderText {#text} at (0,0) size 3x11
                  text run at (0,0) width 3: " "
            RenderTableCell {TD} at (255,198) size 3x11 [bgcolor=#025E5E] [r=18 c=85 rs=1 cs=1]
              RenderInline {FONT} at (0,0) size 3x11
                RenderText {#text} at (0,0) size 3x11
                  text run at (0,0) width 3: " "
            RenderTableCell {TD} at (258,198) size 3x11 [bgcolor=#026766] [r=18 c=86 rs=1 cs=1]
              RenderInline {FONT} at (0,0) size 3x11
                RenderText {#text} at (0,0) size 3x11
                  text run at (0,0) width 3: " "
            RenderTableCell {TD} at (261,198) size 3x11 [bgcolor=#026766] [r=18 c=87 rs=1 cs=1]
              RenderInline {FONT} at (0,0) size 3x11
                RenderText {#text} at (0,0) size 3x11
                  text run at (0,0) width 3: " "
            RenderTableCell {TD} at (264,198) size 3x11 [bgcolor=#026766] [r=18 c=88 rs=1 cs=1]
              RenderInline {FONT} at (0,0) size 3x11
                RenderText {#text} at (0,0) size 3x11
                  text run at (0,0) width 3: " "
            RenderTableCell {TD} at (267,198) size 3x11 [bgcolor=#026766] [r=18 c=89 rs=1 cs=1]
              RenderInline {FONT} at (0,0) size 3x11
                RenderText {#text} at (0,0) size 3x11
                  text run at (0,0) width 3: " "
            RenderTableCell {TD} at (270,198) size 3x11 [bgcolor=#026766] [r=18 c=90 rs=1 cs=1]
              RenderInline {FONT} at (0,0) size 3x11
                RenderText {#text} at (0,0) size 3x11
                  text run at (0,0) width 3: " "
            RenderTableCell {TD} at (273,198) size 3x11 [bgcolor=#025E5E] [r=18 c=91 rs=1 cs=1]
              RenderInline {FONT} at (0,0) size 3x11
                RenderText {#text} at (0,0) size 3x11
                  text run at (0,0) width 3: " "
            RenderTableCell {TD} at (276,198) size 3x11 [bgcolor=#044F4F] [r=18 c=92 rs=1 cs=1]
              RenderInline {FONT} at (0,0) size 3x11
                RenderText {#text} at (0,0) size 3x11
                  text run at (0,0) width 3: " "
            RenderTableCell {TD} at (279,198) size 3x11 [bgcolor=#083131] [r=18 c=93 rs=1 cs=1]
              RenderInline {FONT} at (0,0) size 3x11
                RenderText {#text} at (0,0) size 3x11
                  text run at (0,0) width 3: " "
            RenderTableCell {TD} at (282,198) size 3x11 [bgcolor=#1C2524] [r=18 c=94 rs=1 cs=1]
              RenderInline {FONT} at (0,0) size 3x11
                RenderText {#text} at (0,0) size 3x11
                  text run at (0,0) width 3: " "
            RenderTableCell {TD} at (285,198) size 3x11 [bgcolor=#4D4F4F] [r=18 c=95 rs=1 cs=1]
              RenderInline {FONT} at (0,0) size 3x11
                RenderText {#text} at (0,0) size 3x11
                  text run at (0,0) width 3: " "
            RenderTableCell {TD} at (288,198) size 3x11 [bgcolor=#777878] [r=18 c=96 rs=1 cs=1]
              RenderInline {FONT} at (0,0) size 3x11
                RenderText {#text} at (0,0) size 3x11
                  text run at (0,0) width 3: " "
            RenderTableCell {TD} at (291,198) size 3x11 [bgcolor=#848788] [r=18 c=97 rs=1 cs=1]
              RenderInline {FONT} at (0,0) size 3x11
                RenderText {#text} at (0,0) size 3x11
                  text run at (0,0) width 3: " "
            RenderTableCell {TD} at (294,198) size 3x11 [bgcolor=#777878] [r=18 c=98 rs=1 cs=1]
              RenderInline {FONT} at (0,0) size 3x11
                RenderText {#text} at (0,0) size 3x11
                  text run at (0,0) width 3: " "
            RenderTableCell {TD} at (297,198) size 3x11 [bgcolor=#4D4F4F] [r=18 c=99 rs=1 cs=1]
              RenderInline {FONT} at (0,0) size 3x11
                RenderText {#text} at (0,0) size 3x11
                  text run at (0,0) width 3: " "
          RenderTableRow {TR} at (0,209) size 300x11
            RenderTableCell {TD} at (0,209) size 3x11 [bgcolor=#FDFDFB] [r=19 c=0 rs=1 cs=1]
              RenderInline {FONT} at (0,0) size 3x11
                RenderText {#text} at (0,0) size 3x11
                  text run at (0,0) width 3: " "
            RenderTableCell {TD} at (3,209) size 3x11 [bgcolor=#FDFDFB] [r=19 c=1 rs=1 cs=1]
              RenderInline {FONT} at (0,0) size 3x11
                RenderText {#text} at (0,0) size 3x11
                  text run at (0,0) width 3: " "
            RenderTableCell {TD} at (6,209) size 3x11 [bgcolor=#DEDFDF] [r=19 c=2 rs=1 cs=1]
              RenderInline {FONT} at (0,0) size 3x11
                RenderText {#text} at (0,0) size 3x11
                  text run at (0,0) width 3: " "
            RenderTableCell {TD} at (9,209) size 3x11 [bgcolor=#5A8787] [r=19 c=3 rs=1 cs=1]
              RenderInline {FONT} at (0,0) size 3x11
                RenderText {#text} at (0,0) size 3x11
                  text run at (0,0) width 3: " "
            RenderTableCell {TD} at (12,209) size 3x11 [bgcolor=#025E5E] [r=19 c=4 rs=1 cs=1]
              RenderInline {FONT} at (0,0) size 3x11
                RenderText {#text} at (0,0) size 3x11
                  text run at (0,0) width 3: " "
            RenderTableCell {TD} at (15,209) size 3x11 [bgcolor=#025E5E] [r=19 c=5 rs=1 cs=1]
              RenderInline {FONT} at (0,0) size 3x11
                RenderText {#text} at (0,0) size 3x11
                  text run at (0,0) width 3: " "
            RenderTableCell {TD} at (18,209) size 3x11 [bgcolor=#025E5E] [r=19 c=6 rs=1 cs=1]
              RenderInline {FONT} at (0,0) size 3x11
                RenderText {#text} at (0,0) size 3x11
                  text run at (0,0) width 3: " "
            RenderTableCell {TD} at (21,209) size 3x11 [bgcolor=#026766] [r=19 c=7 rs=1 cs=1]
              RenderInline {FONT} at (0,0) size 3x11
                RenderText {#text} at (0,0) size 3x11
                  text run at (0,0) width 3: " "
            RenderTableCell {TD} at (24,209) size 3x11 [bgcolor=#026766] [r=19 c=8 rs=1 cs=1]
              RenderInline {FONT} at (0,0) size 3x11
                RenderText {#text} at (0,0) size 3x11
                  text run at (0,0) width 3: " "
            RenderTableCell {TD} at (27,209) size 3x11 [bgcolor=#026766] [r=19 c=9 rs=1 cs=1]
              RenderInline {FONT} at (0,0) size 3x11
                RenderText {#text} at (0,0) size 3x11
                  text run at (0,0) width 3: " "
            RenderTableCell {TD} at (30,209) size 3x11 [bgcolor=#026766] [r=19 c=10 rs=1 cs=1]
              RenderInline {FONT} at (0,0) size 3x11
                RenderText {#text} at (0,0) size 3x11
                  text run at (0,0) width 3: " "
            RenderTableCell {TD} at (33,209) size 3x11 [bgcolor=#025E5E] [r=19 c=11 rs=1 cs=1]
              RenderInline {FONT} at (0,0) size 3x11
                RenderText {#text} at (0,0) size 3x11
                  text run at (0,0) width 3: " "
            RenderTableCell {TD} at (36,209) size 3x11 [bgcolor=#025E5E] [r=19 c=12 rs=1 cs=1]
              RenderInline {FONT} at (0,0) size 3x11
                RenderText {#text} at (0,0) size 3x11
                  text run at (0,0) width 3: " "
            RenderTableCell {TD} at (39,209) size 3x11 [bgcolor=#044140] [r=19 c=13 rs=1 cs=1]
              RenderInline {FONT} at (0,0) size 3x11
                RenderText {#text} at (0,0) size 3x11
                  text run at (0,0) width 3: " "
            RenderTableCell {TD} at (42,209) size 3x11 [bgcolor=#223C3D] [r=19 c=14 rs=1 cs=1]
              RenderInline {FONT} at (0,0) size 3x11
                RenderText {#text} at (0,0) size 3x11
                  text run at (0,0) width 3: " "
            RenderTableCell {TD} at (45,209) size 3x11 [bgcolor=#4D4F4F] [r=19 c=15 rs=1 cs=1]
              RenderInline {FONT} at (0,0) size 3x11
                RenderText {#text} at (0,0) size 3x11
                  text run at (0,0) width 3: " "
            RenderTableCell {TD} at (48,209) size 3x11 [bgcolor=#777878] [r=19 c=16 rs=1 cs=1]
              RenderInline {FONT} at (0,0) size 3x11
                RenderText {#text} at (0,0) size 3x11
                  text run at (0,0) width 3: " "
            RenderTableCell {TD} at (51,209) size 3x11 [bgcolor=#848788] [r=19 c=17 rs=1 cs=1]
              RenderInline {FONT} at (0,0) size 3x11
                RenderText {#text} at (0,0) size 3x11
                  text run at (0,0) width 3: " "
            RenderTableCell {TD} at (54,209) size 3x11 [bgcolor=#848788] [r=19 c=18 rs=1 cs=1]
              RenderInline {FONT} at (0,0) size 3x11
                RenderText {#text} at (0,0) size 3x11
                  text run at (0,0) width 3: " "
            RenderTableCell {TD} at (57,209) size 3x11 [bgcolor=#1B8685] [r=19 c=19 rs=1 cs=1]
              RenderInline {FONT} at (0,0) size 3x11
                RenderText {#text} at (0,0) size 3x11
                  text run at (0,0) width 3: " "
            RenderTableCell {TD} at (60,209) size 3x11 [bgcolor=#027777] [r=19 c=20 rs=1 cs=1]
              RenderInline {FONT} at (0,0) size 3x11
                RenderText {#text} at (0,0) size 3x11
                  text run at (0,0) width 3: " "
            RenderTableCell {TD} at (63,209) size 3x11 [bgcolor=#026766] [r=19 c=21 rs=1 cs=1]
              RenderInline {FONT} at (0,0) size 3x11
                RenderText {#text} at (0,0) size 3x11
                  text run at (0,0) width 3: " "
            RenderTableCell {TD} at (66,209) size 3x11 [bgcolor=#026766] [r=19 c=22 rs=1 cs=1]
              RenderInline {FONT} at (0,0) size 3x11
                RenderText {#text} at (0,0) size 3x11
                  text run at (0,0) width 3: " "
            RenderTableCell {TD} at (69,209) size 3x11 [bgcolor=#026766] [r=19 c=23 rs=1 cs=1]
              RenderInline {FONT} at (0,0) size 3x11
                RenderText {#text} at (0,0) size 3x11
                  text run at (0,0) width 3: " "
            RenderTableCell {TD} at (72,209) size 3x11 [bgcolor=#025E5E] [r=19 c=24 rs=1 cs=1]
              RenderInline {FONT} at (0,0) size 3x11
                RenderText {#text} at (0,0) size 3x11
                  text run at (0,0) width 3: " "
            RenderTableCell {TD} at (75,209) size 3x11 [bgcolor=#025E5E] [r=19 c=25 rs=1 cs=1]
              RenderInline {FONT} at (0,0) size 3x11
                RenderText {#text} at (0,0) size 3x11
                  text run at (0,0) width 3: " "
            RenderTableCell {TD} at (78,209) size 3x11 [bgcolor=#025E5E] [r=19 c=26 rs=1 cs=1]
              RenderInline {FONT} at (0,0) size 3x11
                RenderText {#text} at (0,0) size 3x11
                  text run at (0,0) width 3: " "
            RenderTableCell {TD} at (81,209) size 3x11 [bgcolor=#044F4F] [r=19 c=27 rs=1 cs=1]
              RenderInline {FONT} at (0,0) size 3x11
                RenderText {#text} at (0,0) size 3x11
                  text run at (0,0) width 3: " "
            RenderTableCell {TD} at (84,209) size 3x11 [bgcolor=#044140] [r=19 c=28 rs=1 cs=1]
              RenderInline {FONT} at (0,0) size 3x11
                RenderText {#text} at (0,0) size 3x11
                  text run at (0,0) width 3: " "
            RenderTableCell {TD} at (87,209) size 3x11 [bgcolor=#072323] [r=19 c=29 rs=1 cs=1]
              RenderInline {FONT} at (0,0) size 3x11
                RenderText {#text} at (0,0) size 3x11
                  text run at (0,0) width 3: " "
            RenderTableCell {TD} at (90,209) size 3x11 [bgcolor=#2D3433] [r=19 c=30 rs=1 cs=1]
              RenderInline {FONT} at (0,0) size 3x11
                RenderText {#text} at (0,0) size 3x11
                  text run at (0,0) width 3: " "
            RenderTableCell {TD} at (93,209) size 3x11 [bgcolor=#4D4F4F] [r=19 c=31 rs=1 cs=1]
              RenderInline {FONT} at (0,0) size 3x11
                RenderText {#text} at (0,0) size 3x11
                  text run at (0,0) width 3: " "
            RenderTableCell {TD} at (96,209) size 3x11 [bgcolor=#5E5F60] [r=19 c=32 rs=1 cs=1]
              RenderInline {FONT} at (0,0) size 3x11
                RenderText {#text} at (0,0) size 3x11
                  text run at (0,0) width 3: " "
            RenderTableCell {TD} at (99,209) size 3x11 [bgcolor=#777878] [r=19 c=33 rs=1 cs=1]
              RenderInline {FONT} at (0,0) size 3x11
                RenderText {#text} at (0,0) size 3x11
                  text run at (0,0) width 3: " "
            RenderTableCell {TD} at (102,209) size 3x11 [bgcolor=#848788] [r=19 c=34 rs=1 cs=1]
              RenderInline {FONT} at (0,0) size 3x11
                RenderText {#text} at (0,0) size 3x11
                  text run at (0,0) width 3: " "
            RenderTableCell {TD} at (105,209) size 3x11 [bgcolor=#848788] [r=19 c=35 rs=1 cs=1]
              RenderInline {FONT} at (0,0) size 3x11
                RenderText {#text} at (0,0) size 3x11
                  text run at (0,0) width 3: " "
            RenderTableCell {TD} at (108,209) size 3x11 [bgcolor=#027777] [r=19 c=36 rs=1 cs=1]
              RenderInline {FONT} at (0,0) size 3x11
                RenderText {#text} at (0,0) size 3x11
                  text run at (0,0) width 3: " "
            RenderTableCell {TD} at (111,209) size 3x11 [bgcolor=#027777] [r=19 c=37 rs=1 cs=1]
              RenderInline {FONT} at (0,0) size 3x11
                RenderText {#text} at (0,0) size 3x11
                  text run at (0,0) width 3: " "
            RenderTableCell {TD} at (114,209) size 3x11 [bgcolor=#026766] [r=19 c=38 rs=1 cs=1]
              RenderInline {FONT} at (0,0) size 3x11
                RenderText {#text} at (0,0) size 3x11
                  text run at (0,0) width 3: " "
            RenderTableCell {TD} at (117,209) size 3x11 [bgcolor=#026766] [r=19 c=39 rs=1 cs=1]
              RenderInline {FONT} at (0,0) size 3x11
                RenderText {#text} at (0,0) size 3x11
                  text run at (0,0) width 3: " "
            RenderTableCell {TD} at (120,209) size 3x11 [bgcolor=#026766] [r=19 c=40 rs=1 cs=1]
              RenderInline {FONT} at (0,0) size 3x11
                RenderText {#text} at (0,0) size 3x11
                  text run at (0,0) width 3: " "
            RenderTableCell {TD} at (123,209) size 3x11 [bgcolor=#026766] [r=19 c=41 rs=1 cs=1]
              RenderInline {FONT} at (0,0) size 3x11
                RenderText {#text} at (0,0) size 3x11
                  text run at (0,0) width 3: " "
            RenderTableCell {TD} at (126,209) size 3x11 [bgcolor=#026766] [r=19 c=42 rs=1 cs=1]
              RenderInline {FONT} at (0,0) size 3x11
                RenderText {#text} at (0,0) size 3x11
                  text run at (0,0) width 3: " "
            RenderTableCell {TD} at (129,209) size 3x11 [bgcolor=#026766] [r=19 c=43 rs=1 cs=1]
              RenderInline {FONT} at (0,0) size 3x11
                RenderText {#text} at (0,0) size 3x11
                  text run at (0,0) width 3: " "
            RenderTableCell {TD} at (132,209) size 3x11 [bgcolor=#026766] [r=19 c=44 rs=1 cs=1]
              RenderInline {FONT} at (0,0) size 3x11
                RenderText {#text} at (0,0) size 3x11
                  text run at (0,0) width 3: " "
            RenderTableCell {TD} at (135,209) size 3x11 [bgcolor=#026766] [r=19 c=45 rs=1 cs=1]
              RenderInline {FONT} at (0,0) size 3x11
                RenderText {#text} at (0,0) size 3x11
                  text run at (0,0) width 3: " "
            RenderTableCell {TD} at (138,209) size 3x11 [bgcolor=#026766] [r=19 c=46 rs=1 cs=1]
              RenderInline {FONT} at (0,0) size 3x11
                RenderText {#text} at (0,0) size 3x11
                  text run at (0,0) width 3: " "
            RenderTableCell {TD} at (141,209) size 3x11 [bgcolor=#026766] [r=19 c=47 rs=1 cs=1]
              RenderInline {FONT} at (0,0) size 3x11
                RenderText {#text} at (0,0) size 3x11
                  text run at (0,0) width 3: " "
            RenderTableCell {TD} at (144,209) size 3x11 [bgcolor=#026766] [r=19 c=48 rs=1 cs=1]
              RenderInline {FONT} at (0,0) size 3x11
                RenderText {#text} at (0,0) size 3x11
                  text run at (0,0) width 3: " "
            RenderTableCell {TD} at (147,209) size 3x11 [bgcolor=#025E5E] [r=19 c=49 rs=1 cs=1]
              RenderInline {FONT} at (0,0) size 3x11
                RenderText {#text} at (0,0) size 3x11
                  text run at (0,0) width 3: " "
            RenderTableCell {TD} at (150,209) size 3x11 [bgcolor=#044F4F] [r=19 c=50 rs=1 cs=1]
              RenderInline {FONT} at (0,0) size 3x11
                RenderText {#text} at (0,0) size 3x11
                  text run at (0,0) width 3: " "
            RenderTableCell {TD} at (153,209) size 3x11 [bgcolor=#083131] [r=19 c=51 rs=1 cs=1]
              RenderInline {FONT} at (0,0) size 3x11
                RenderText {#text} at (0,0) size 3x11
                  text run at (0,0) width 3: " "
            RenderTableCell {TD} at (156,209) size 3x11 [bgcolor=#3D4242] [r=19 c=52 rs=1 cs=1]
              RenderInline {FONT} at (0,0) size 3x11
                RenderText {#text} at (0,0) size 3x11
                  text run at (0,0) width 3: " "
            RenderTableCell {TD} at (159,209) size 3x11 [bgcolor=#5E5F60] [r=19 c=53 rs=1 cs=1]
              RenderInline {FONT} at (0,0) size 3x11
                RenderText {#text} at (0,0) size 3x11
                  text run at (0,0) width 3: " "
            RenderTableCell {TD} at (162,209) size 3x11 [bgcolor=#777878] [r=19 c=54 rs=1 cs=1]
              RenderInline {FONT} at (0,0) size 3x11
                RenderText {#text} at (0,0) size 3x11
                  text run at (0,0) width 3: " "
            RenderTableCell {TD} at (165,209) size 3x11 [bgcolor=#848788] [r=19 c=55 rs=1 cs=1]
              RenderInline {FONT} at (0,0) size 3x11
                RenderText {#text} at (0,0) size 3x11
                  text run at (0,0) width 3: " "
            RenderTableCell {TD} at (168,209) size 3x11 [bgcolor=#939494] [r=19 c=56 rs=1 cs=1]
              RenderInline {FONT} at (0,0) size 3x11
                RenderText {#text} at (0,0) size 3x11
                  text run at (0,0) width 3: " "
            RenderTableCell {TD} at (171,209) size 3x11 [bgcolor=#939494] [r=19 c=57 rs=1 cs=1]
              RenderInline {FONT} at (0,0) size 3x11
                RenderText {#text} at (0,0) size 3x11
                  text run at (0,0) width 3: " "
            RenderTableCell {TD} at (174,209) size 3x11 [bgcolor=#939494] [r=19 c=58 rs=1 cs=1]
              RenderInline {FONT} at (0,0) size 3x11
                RenderText {#text} at (0,0) size 3x11
                  text run at (0,0) width 3: " "
            RenderTableCell {TD} at (177,209) size 3x11 [bgcolor=#939494] [r=19 c=59 rs=1 cs=1]
              RenderInline {FONT} at (0,0) size 3x11
                RenderText {#text} at (0,0) size 3x11
                  text run at (0,0) width 3: " "
            RenderTableCell {TD} at (180,209) size 3x11 [bgcolor=#848788] [r=19 c=60 rs=1 cs=1]
              RenderInline {FONT} at (0,0) size 3x11
                RenderText {#text} at (0,0) size 3x11
                  text run at (0,0) width 3: " "
            RenderTableCell {TD} at (183,209) size 3x11 [bgcolor=#527274] [r=19 c=61 rs=1 cs=1]
              RenderInline {FONT} at (0,0) size 3x11
                RenderText {#text} at (0,0) size 3x11
                  text run at (0,0) width 3: " "
            RenderTableCell {TD} at (186,209) size 3x11 [bgcolor=#026766] [r=19 c=62 rs=1 cs=1]
              RenderInline {FONT} at (0,0) size 3x11
                RenderText {#text} at (0,0) size 3x11
                  text run at (0,0) width 3: " "
            RenderTableCell {TD} at (189,209) size 3x11 [bgcolor=#026766] [r=19 c=63 rs=1 cs=1]
              RenderInline {FONT} at (0,0) size 3x11
                RenderText {#text} at (0,0) size 3x11
                  text run at (0,0) width 3: " "
            RenderTableCell {TD} at (192,209) size 3x11 [bgcolor=#026766] [r=19 c=64 rs=1 cs=1]
              RenderInline {FONT} at (0,0) size 3x11
                RenderText {#text} at (0,0) size 3x11
                  text run at (0,0) width 3: " "
            RenderTableCell {TD} at (195,209) size 3x11 [bgcolor=#026766] [r=19 c=65 rs=1 cs=1]
              RenderInline {FONT} at (0,0) size 3x11
                RenderText {#text} at (0,0) size 3x11
                  text run at (0,0) width 3: " "
            RenderTableCell {TD} at (198,209) size 3x11 [bgcolor=#026766] [r=19 c=66 rs=1 cs=1]
              RenderInline {FONT} at (0,0) size 3x11
                RenderText {#text} at (0,0) size 3x11
                  text run at (0,0) width 3: " "
            RenderTableCell {TD} at (201,209) size 3x11 [bgcolor=#026766] [r=19 c=67 rs=1 cs=1]
              RenderInline {FONT} at (0,0) size 3x11
                RenderText {#text} at (0,0) size 3x11
                  text run at (0,0) width 3: " "
            RenderTableCell {TD} at (204,209) size 3x11 [bgcolor=#026766] [r=19 c=68 rs=1 cs=1]
              RenderInline {FONT} at (0,0) size 3x11
                RenderText {#text} at (0,0) size 3x11
                  text run at (0,0) width 3: " "
            RenderTableCell {TD} at (207,209) size 3x11 [bgcolor=#026766] [r=19 c=69 rs=1 cs=1]
              RenderInline {FONT} at (0,0) size 3x11
                RenderText {#text} at (0,0) size 3x11
                  text run at (0,0) width 3: " "
            RenderTableCell {TD} at (210,209) size 3x11 [bgcolor=#026766] [r=19 c=70 rs=1 cs=1]
              RenderInline {FONT} at (0,0) size 3x11
                RenderText {#text} at (0,0) size 3x11
                  text run at (0,0) width 3: " "
            RenderTableCell {TD} at (213,209) size 3x11 [bgcolor=#025E5E] [r=19 c=71 rs=1 cs=1]
              RenderInline {FONT} at (0,0) size 3x11
                RenderText {#text} at (0,0) size 3x11
                  text run at (0,0) width 3: " "
            RenderTableCell {TD} at (216,209) size 3x11 [bgcolor=#025E5E] [r=19 c=72 rs=1 cs=1]
              RenderInline {FONT} at (0,0) size 3x11
                RenderText {#text} at (0,0) size 3x11
                  text run at (0,0) width 3: " "
            RenderTableCell {TD} at (219,209) size 3x11 [bgcolor=#044F4F] [r=19 c=73 rs=1 cs=1]
              RenderInline {FONT} at (0,0) size 3x11
                RenderText {#text} at (0,0) size 3x11
                  text run at (0,0) width 3: " "
            RenderTableCell {TD} at (222,209) size 3x11 [bgcolor=#425A5A] [r=19 c=74 rs=1 cs=1]
              RenderInline {FONT} at (0,0) size 3x11
                RenderText {#text} at (0,0) size 3x11
                  text run at (0,0) width 3: " "
            RenderTableCell {TD} at (225,209) size 3x11 [bgcolor=#777878] [r=19 c=75 rs=1 cs=1]
              RenderInline {FONT} at (0,0) size 3x11
                RenderText {#text} at (0,0) size 3x11
                  text run at (0,0) width 3: " "
            RenderTableCell {TD} at (228,209) size 3x11 [bgcolor=#848788] [r=19 c=76 rs=1 cs=1]
              RenderInline {FONT} at (0,0) size 3x11
                RenderText {#text} at (0,0) size 3x11
                  text run at (0,0) width 3: " "
            RenderTableCell {TD} at (231,209) size 3x11 [bgcolor=#848788] [r=19 c=77 rs=1 cs=1]
              RenderInline {FONT} at (0,0) size 3x11
                RenderText {#text} at (0,0) size 3x11
                  text run at (0,0) width 3: " "
            RenderTableCell {TD} at (234,209) size 3x11 [bgcolor=#1B8685] [r=19 c=78 rs=1 cs=1]
              RenderInline {FONT} at (0,0) size 3x11
                RenderText {#text} at (0,0) size 3x11
                  text run at (0,0) width 3: " "
            RenderTableCell {TD} at (237,209) size 3x11 [bgcolor=#027777] [r=19 c=79 rs=1 cs=1]
              RenderInline {FONT} at (0,0) size 3x11
                RenderText {#text} at (0,0) size 3x11
                  text run at (0,0) width 3: " "
            RenderTableCell {TD} at (240,209) size 3x11 [bgcolor=#026766] [r=19 c=80 rs=1 cs=1]
              RenderInline {FONT} at (0,0) size 3x11
                RenderText {#text} at (0,0) size 3x11
                  text run at (0,0) width 3: " "
            RenderTableCell {TD} at (243,209) size 3x11 [bgcolor=#026766] [r=19 c=81 rs=1 cs=1]
              RenderInline {FONT} at (0,0) size 3x11
                RenderText {#text} at (0,0) size 3x11
                  text run at (0,0) width 3: " "
            RenderTableCell {TD} at (246,209) size 3x11 [bgcolor=#026766] [r=19 c=82 rs=1 cs=1]
              RenderInline {FONT} at (0,0) size 3x11
                RenderText {#text} at (0,0) size 3x11
                  text run at (0,0) width 3: " "
            RenderTableCell {TD} at (249,209) size 3x11 [bgcolor=#026766] [r=19 c=83 rs=1 cs=1]
              RenderInline {FONT} at (0,0) size 3x11
                RenderText {#text} at (0,0) size 3x11
                  text run at (0,0) width 3: " "
            RenderTableCell {TD} at (252,209) size 3x11 [bgcolor=#026766] [r=19 c=84 rs=1 cs=1]
              RenderInline {FONT} at (0,0) size 3x11
                RenderText {#text} at (0,0) size 3x11
                  text run at (0,0) width 3: " "
            RenderTableCell {TD} at (255,209) size 3x11 [bgcolor=#026766] [r=19 c=85 rs=1 cs=1]
              RenderInline {FONT} at (0,0) size 3x11
                RenderText {#text} at (0,0) size 3x11
                  text run at (0,0) width 3: " "
            RenderTableCell {TD} at (258,209) size 3x11 [bgcolor=#026766] [r=19 c=86 rs=1 cs=1]
              RenderInline {FONT} at (0,0) size 3x11
                RenderText {#text} at (0,0) size 3x11
                  text run at (0,0) width 3: " "
            RenderTableCell {TD} at (261,209) size 3x11 [bgcolor=#026766] [r=19 c=87 rs=1 cs=1]
              RenderInline {FONT} at (0,0) size 3x11
                RenderText {#text} at (0,0) size 3x11
                  text run at (0,0) width 3: " "
            RenderTableCell {TD} at (264,209) size 3x11 [bgcolor=#026766] [r=19 c=88 rs=1 cs=1]
              RenderInline {FONT} at (0,0) size 3x11
                RenderText {#text} at (0,0) size 3x11
                  text run at (0,0) width 3: " "
            RenderTableCell {TD} at (267,209) size 3x11 [bgcolor=#026766] [r=19 c=89 rs=1 cs=1]
              RenderInline {FONT} at (0,0) size 3x11
                RenderText {#text} at (0,0) size 3x11
                  text run at (0,0) width 3: " "
            RenderTableCell {TD} at (270,209) size 3x11 [bgcolor=#026766] [r=19 c=90 rs=1 cs=1]
              RenderInline {FONT} at (0,0) size 3x11
                RenderText {#text} at (0,0) size 3x11
                  text run at (0,0) width 3: " "
            RenderTableCell {TD} at (273,209) size 3x11 [bgcolor=#025E5E] [r=19 c=91 rs=1 cs=1]
              RenderInline {FONT} at (0,0) size 3x11
                RenderText {#text} at (0,0) size 3x11
                  text run at (0,0) width 3: " "
            RenderTableCell {TD} at (276,209) size 3x11 [bgcolor=#044F4F] [r=19 c=92 rs=1 cs=1]
              RenderInline {FONT} at (0,0) size 3x11
                RenderText {#text} at (0,0) size 3x11
                  text run at (0,0) width 3: " "
            RenderTableCell {TD} at (279,209) size 3x11 [bgcolor=#044140] [r=19 c=93 rs=1 cs=1]
              RenderInline {FONT} at (0,0) size 3x11
                RenderText {#text} at (0,0) size 3x11
                  text run at (0,0) width 3: " "
            RenderTableCell {TD} at (282,209) size 3x11 [bgcolor=#223C3D] [r=19 c=94 rs=1 cs=1]
              RenderInline {FONT} at (0,0) size 3x11
                RenderText {#text} at (0,0) size 3x11
                  text run at (0,0) width 3: " "
            RenderTableCell {TD} at (285,209) size 3x11 [bgcolor=#515C5B] [r=19 c=95 rs=1 cs=1]
              RenderInline {FONT} at (0,0) size 3x11
                RenderText {#text} at (0,0) size 3x11
                  text run at (0,0) width 3: " "
            RenderTableCell {TD} at (288,209) size 3x11 [bgcolor=#777878] [r=19 c=96 rs=1 cs=1]
              RenderInline {FONT} at (0,0) size 3x11
                RenderText {#text} at (0,0) size 3x11
                  text run at (0,0) width 3: " "
            RenderTableCell {TD} at (291,209) size 3x11 [bgcolor=#848788] [r=19 c=97 rs=1 cs=1]
              RenderInline {FONT} at (0,0) size 3x11
                RenderText {#text} at (0,0) size 3x11
                  text run at (0,0) width 3: " "
            RenderTableCell {TD} at (294,209) size 3x11 [bgcolor=#696A69] [r=19 c=98 rs=1 cs=1]
              RenderInline {FONT} at (0,0) size 3x11
                RenderText {#text} at (0,0) size 3x11
                  text run at (0,0) width 3: " "
            RenderTableCell {TD} at (297,209) size 3x11 [bgcolor=#4D4F4F] [r=19 c=99 rs=1 cs=1]
              RenderInline {FONT} at (0,0) size 3x11
                RenderText {#text} at (0,0) size 3x11
                  text run at (0,0) width 3: " "
          RenderTableRow {TR} at (0,220) size 300x11
            RenderTableCell {TD} at (0,220) size 3x11 [bgcolor=#FDFDFB] [r=20 c=0 rs=1 cs=1]
              RenderInline {FONT} at (0,0) size 3x11
                RenderText {#text} at (0,0) size 3x11
                  text run at (0,0) width 3: " "
            RenderTableCell {TD} at (3,220) size 3x11 [bgcolor=#FDFDFB] [r=20 c=1 rs=1 cs=1]
              RenderInline {FONT} at (0,0) size 3x11
                RenderText {#text} at (0,0) size 3x11
                  text run at (0,0) width 3: " "
            RenderTableCell {TD} at (6,220) size 3x11 [bgcolor=#EDEEEF] [r=20 c=2 rs=1 cs=1]
              RenderInline {FONT} at (0,0) size 3x11
                RenderText {#text} at (0,0) size 3x11
                  text run at (0,0) width 3: " "
            RenderTableCell {TD} at (9,220) size 3x11 [bgcolor=#CECFCF] [r=20 c=3 rs=1 cs=1]
              RenderInline {FONT} at (0,0) size 3x11
                RenderText {#text} at (0,0) size 3x11
                  text run at (0,0) width 3: " "
            RenderTableCell {TD} at (12,220) size 3x11 [bgcolor=#5A8787] [r=20 c=4 rs=1 cs=1]
              RenderInline {FONT} at (0,0) size 3x11
                RenderText {#text} at (0,0) size 3x11
                  text run at (0,0) width 3: " "
            RenderTableCell {TD} at (15,220) size 3x11 [bgcolor=#044F4F] [r=20 c=5 rs=1 cs=1]
              RenderInline {FONT} at (0,0) size 3x11
                RenderText {#text} at (0,0) size 3x11
                  text run at (0,0) width 3: " "
            RenderTableCell {TD} at (18,220) size 3x11 [bgcolor=#025E5E] [r=20 c=6 rs=1 cs=1]
              RenderInline {FONT} at (0,0) size 3x11
                RenderText {#text} at (0,0) size 3x11
                  text run at (0,0) width 3: " "
            RenderTableCell {TD} at (21,220) size 3x11 [bgcolor=#025E5E] [r=20 c=7 rs=1 cs=1]
              RenderInline {FONT} at (0,0) size 3x11
                RenderText {#text} at (0,0) size 3x11
                  text run at (0,0) width 3: " "
            RenderTableCell {TD} at (24,220) size 3x11 [bgcolor=#025E5E] [r=20 c=8 rs=1 cs=1]
              RenderInline {FONT} at (0,0) size 3x11
                RenderText {#text} at (0,0) size 3x11
                  text run at (0,0) width 3: " "
            RenderTableCell {TD} at (27,220) size 3x11 [bgcolor=#026766] [r=20 c=9 rs=1 cs=1]
              RenderInline {FONT} at (0,0) size 3x11
                RenderText {#text} at (0,0) size 3x11
                  text run at (0,0) width 3: " "
            RenderTableCell {TD} at (30,220) size 3x11 [bgcolor=#026766] [r=20 c=10 rs=1 cs=1]
              RenderInline {FONT} at (0,0) size 3x11
                RenderText {#text} at (0,0) size 3x11
                  text run at (0,0) width 3: " "
            RenderTableCell {TD} at (33,220) size 3x11 [bgcolor=#025E5E] [r=20 c=11 rs=1 cs=1]
              RenderInline {FONT} at (0,0) size 3x11
                RenderText {#text} at (0,0) size 3x11
                  text run at (0,0) width 3: " "
            RenderTableCell {TD} at (36,220) size 3x11 [bgcolor=#025E5E] [r=20 c=12 rs=1 cs=1]
              RenderInline {FONT} at (0,0) size 3x11
                RenderText {#text} at (0,0) size 3x11
                  text run at (0,0) width 3: " "
            RenderTableCell {TD} at (39,220) size 3x11 [bgcolor=#044F4F] [r=20 c=13 rs=1 cs=1]
              RenderInline {FONT} at (0,0) size 3x11
                RenderText {#text} at (0,0) size 3x11
                  text run at (0,0) width 3: " "
            RenderTableCell {TD} at (42,220) size 3x11 [bgcolor=#044140] [r=20 c=14 rs=1 cs=1]
              RenderInline {FONT} at (0,0) size 3x11
                RenderText {#text} at (0,0) size 3x11
                  text run at (0,0) width 3: " "
            RenderTableCell {TD} at (45,220) size 3x11 [bgcolor=#3D4242] [r=20 c=15 rs=1 cs=1]
              RenderInline {FONT} at (0,0) size 3x11
                RenderText {#text} at (0,0) size 3x11
                  text run at (0,0) width 3: " "
            RenderTableCell {TD} at (48,220) size 3x11 [bgcolor=#515C5B] [r=20 c=16 rs=1 cs=1]
              RenderInline {FONT} at (0,0) size 3x11
                RenderText {#text} at (0,0) size 3x11
                  text run at (0,0) width 3: " "
            RenderTableCell {TD} at (51,220) size 3x11 [bgcolor=#696A69] [r=20 c=17 rs=1 cs=1]
              RenderInline {FONT} at (0,0) size 3x11
                RenderText {#text} at (0,0) size 3x11
                  text run at (0,0) width 3: " "
            RenderTableCell {TD} at (54,220) size 3x11 [bgcolor=#526B6B] [r=20 c=18 rs=1 cs=1]
              RenderInline {FONT} at (0,0) size 3x11
                RenderText {#text} at (0,0) size 3x11
                  text run at (0,0) width 3: " "
            RenderTableCell {TD} at (57,220) size 3x11 [bgcolor=#048485] [r=20 c=19 rs=1 cs=1]
              RenderInline {FONT} at (0,0) size 3x11
                RenderText {#text} at (0,0) size 3x11
                  text run at (0,0) width 3: " "
            RenderTableCell {TD} at (60,220) size 3x11 [bgcolor=#027777] [r=20 c=20 rs=1 cs=1]
              RenderInline {FONT} at (0,0) size 3x11
                RenderText {#text} at (0,0) size 3x11
                  text run at (0,0) width 3: " "
            RenderTableCell {TD} at (63,220) size 3x11 [bgcolor=#026766] [r=20 c=21 rs=1 cs=1]
              RenderInline {FONT} at (0,0) size 3x11
                RenderText {#text} at (0,0) size 3x11
                  text run at (0,0) width 3: " "
            RenderTableCell {TD} at (66,220) size 3x11 [bgcolor=#026766] [r=20 c=22 rs=1 cs=1]
              RenderInline {FONT} at (0,0) size 3x11
                RenderText {#text} at (0,0) size 3x11
                  text run at (0,0) width 3: " "
            RenderTableCell {TD} at (69,220) size 3x11 [bgcolor=#025E5E] [r=20 c=23 rs=1 cs=1]
              RenderInline {FONT} at (0,0) size 3x11
                RenderText {#text} at (0,0) size 3x11
                  text run at (0,0) width 3: " "
            RenderTableCell {TD} at (72,220) size 3x11 [bgcolor=#025E5E] [r=20 c=24 rs=1 cs=1]
              RenderInline {FONT} at (0,0) size 3x11
                RenderText {#text} at (0,0) size 3x11
                  text run at (0,0) width 3: " "
            RenderTableCell {TD} at (75,220) size 3x11 [bgcolor=#025E5E] [r=20 c=25 rs=1 cs=1]
              RenderInline {FONT} at (0,0) size 3x11
                RenderText {#text} at (0,0) size 3x11
                  text run at (0,0) width 3: " "
            RenderTableCell {TD} at (78,220) size 3x11 [bgcolor=#044F4F] [r=20 c=26 rs=1 cs=1]
              RenderInline {FONT} at (0,0) size 3x11
                RenderText {#text} at (0,0) size 3x11
                  text run at (0,0) width 3: " "
            RenderTableCell {TD} at (81,220) size 3x11 [bgcolor=#044140] [r=20 c=27 rs=1 cs=1]
              RenderInline {FONT} at (0,0) size 3x11
                RenderText {#text} at (0,0) size 3x11
                  text run at (0,0) width 3: " "
            RenderTableCell {TD} at (84,220) size 3x11 [bgcolor=#072323] [r=20 c=28 rs=1 cs=1]
              RenderInline {FONT} at (0,0) size 3x11
                RenderText {#text} at (0,0) size 3x11
                  text run at (0,0) width 3: " "
            RenderTableCell {TD} at (87,220) size 3x11 [bgcolor=#1C2524] [r=20 c=29 rs=1 cs=1]
              RenderInline {FONT} at (0,0) size 3x11
                RenderText {#text} at (0,0) size 3x11
                  text run at (0,0) width 3: " "
            RenderTableCell {TD} at (90,220) size 3x11 [bgcolor=#2D3433] [r=20 c=30 rs=1 cs=1]
              RenderInline {FONT} at (0,0) size 3x11
                RenderText {#text} at (0,0) size 3x11
                  text run at (0,0) width 3: " "
            RenderTableCell {TD} at (93,220) size 3x11 [bgcolor=#3D4242] [r=20 c=31 rs=1 cs=1]
              RenderInline {FONT} at (0,0) size 3x11
                RenderText {#text} at (0,0) size 3x11
                  text run at (0,0) width 3: " "
            RenderTableCell {TD} at (96,220) size 3x11 [bgcolor=#515C5B] [r=20 c=32 rs=1 cs=1]
              RenderInline {FONT} at (0,0) size 3x11
                RenderText {#text} at (0,0) size 3x11
                  text run at (0,0) width 3: " "
            RenderTableCell {TD} at (99,220) size 3x11 [bgcolor=#696A69] [r=20 c=33 rs=1 cs=1]
              RenderInline {FONT} at (0,0) size 3x11
                RenderText {#text} at (0,0) size 3x11
                  text run at (0,0) width 3: " "
            RenderTableCell {TD} at (102,220) size 3x11 [bgcolor=#696A69] [r=20 c=34 rs=1 cs=1]
              RenderInline {FONT} at (0,0) size 3x11
                RenderText {#text} at (0,0) size 3x11
                  text run at (0,0) width 3: " "
            RenderTableCell {TD} at (105,220) size 3x11 [bgcolor=#696A69] [r=20 c=35 rs=1 cs=1]
              RenderInline {FONT} at (0,0) size 3x11
                RenderText {#text} at (0,0) size 3x11
                  text run at (0,0) width 3: " "
            RenderTableCell {TD} at (108,220) size 3x11 [bgcolor=#027777] [r=20 c=36 rs=1 cs=1]
              RenderInline {FONT} at (0,0) size 3x11
                RenderText {#text} at (0,0) size 3x11
                  text run at (0,0) width 3: " "
            RenderTableCell {TD} at (111,220) size 3x11 [bgcolor=#027777] [r=20 c=37 rs=1 cs=1]
              RenderInline {FONT} at (0,0) size 3x11
                RenderText {#text} at (0,0) size 3x11
                  text run at (0,0) width 3: " "
            RenderTableCell {TD} at (114,220) size 3x11 [bgcolor=#026766] [r=20 c=38 rs=1 cs=1]
              RenderInline {FONT} at (0,0) size 3x11
                RenderText {#text} at (0,0) size 3x11
                  text run at (0,0) width 3: " "
            RenderTableCell {TD} at (117,220) size 3x11 [bgcolor=#026766] [r=20 c=39 rs=1 cs=1]
              RenderInline {FONT} at (0,0) size 3x11
                RenderText {#text} at (0,0) size 3x11
                  text run at (0,0) width 3: " "
            RenderTableCell {TD} at (120,220) size 3x11 [bgcolor=#026766] [r=20 c=40 rs=1 cs=1]
              RenderInline {FONT} at (0,0) size 3x11
                RenderText {#text} at (0,0) size 3x11
                  text run at (0,0) width 3: " "
            RenderTableCell {TD} at (123,220) size 3x11 [bgcolor=#026766] [r=20 c=41 rs=1 cs=1]
              RenderInline {FONT} at (0,0) size 3x11
                RenderText {#text} at (0,0) size 3x11
                  text run at (0,0) width 3: " "
            RenderTableCell {TD} at (126,220) size 3x11 [bgcolor=#026766] [r=20 c=42 rs=1 cs=1]
              RenderInline {FONT} at (0,0) size 3x11
                RenderText {#text} at (0,0) size 3x11
                  text run at (0,0) width 3: " "
            RenderTableCell {TD} at (129,220) size 3x11 [bgcolor=#026766] [r=20 c=43 rs=1 cs=1]
              RenderInline {FONT} at (0,0) size 3x11
                RenderText {#text} at (0,0) size 3x11
                  text run at (0,0) width 3: " "
            RenderTableCell {TD} at (132,220) size 3x11 [bgcolor=#026766] [r=20 c=44 rs=1 cs=1]
              RenderInline {FONT} at (0,0) size 3x11
                RenderText {#text} at (0,0) size 3x11
                  text run at (0,0) width 3: " "
            RenderTableCell {TD} at (135,220) size 3x11 [bgcolor=#026766] [r=20 c=45 rs=1 cs=1]
              RenderInline {FONT} at (0,0) size 3x11
                RenderText {#text} at (0,0) size 3x11
                  text run at (0,0) width 3: " "
            RenderTableCell {TD} at (138,220) size 3x11 [bgcolor=#026766] [r=20 c=46 rs=1 cs=1]
              RenderInline {FONT} at (0,0) size 3x11
                RenderText {#text} at (0,0) size 3x11
                  text run at (0,0) width 3: " "
            RenderTableCell {TD} at (141,220) size 3x11 [bgcolor=#026766] [r=20 c=47 rs=1 cs=1]
              RenderInline {FONT} at (0,0) size 3x11
                RenderText {#text} at (0,0) size 3x11
                  text run at (0,0) width 3: " "
            RenderTableCell {TD} at (144,220) size 3x11 [bgcolor=#025E5E] [r=20 c=48 rs=1 cs=1]
              RenderInline {FONT} at (0,0) size 3x11
                RenderText {#text} at (0,0) size 3x11
                  text run at (0,0) width 3: " "
            RenderTableCell {TD} at (147,220) size 3x11 [bgcolor=#025E5E] [r=20 c=49 rs=1 cs=1]
              RenderInline {FONT} at (0,0) size 3x11
                RenderText {#text} at (0,0) size 3x11
                  text run at (0,0) width 3: " "
            RenderTableCell {TD} at (150,220) size 3x11 [bgcolor=#044F4F] [r=20 c=50 rs=1 cs=1]
              RenderInline {FONT} at (0,0) size 3x11
                RenderText {#text} at (0,0) size 3x11
                  text run at (0,0) width 3: " "
            RenderTableCell {TD} at (153,220) size 3x11 [bgcolor=#083131] [r=20 c=51 rs=1 cs=1]
              RenderInline {FONT} at (0,0) size 3x11
                RenderText {#text} at (0,0) size 3x11
                  text run at (0,0) width 3: " "
            RenderTableCell {TD} at (156,220) size 3x11 [bgcolor=#2D3433] [r=20 c=52 rs=1 cs=1]
              RenderInline {FONT} at (0,0) size 3x11
                RenderText {#text} at (0,0) size 3x11
                  text run at (0,0) width 3: " "
            RenderTableCell {TD} at (159,220) size 3x11 [bgcolor=#4D4F4F] [r=20 c=53 rs=1 cs=1]
              RenderInline {FONT} at (0,0) size 3x11
                RenderText {#text} at (0,0) size 3x11
                  text run at (0,0) width 3: " "
            RenderTableCell {TD} at (162,220) size 3x11 [bgcolor=#5E5F60] [r=20 c=54 rs=1 cs=1]
              RenderInline {FONT} at (0,0) size 3x11
                RenderText {#text} at (0,0) size 3x11
                  text run at (0,0) width 3: " "
            RenderTableCell {TD} at (165,220) size 3x11 [bgcolor=#696A69] [r=20 c=55 rs=1 cs=1]
              RenderInline {FONT} at (0,0) size 3x11
                RenderText {#text} at (0,0) size 3x11
                  text run at (0,0) width 3: " "
            RenderTableCell {TD} at (168,220) size 3x11 [bgcolor=#696A69] [r=20 c=56 rs=1 cs=1]
              RenderInline {FONT} at (0,0) size 3x11
                RenderText {#text} at (0,0) size 3x11
                  text run at (0,0) width 3: " "
            RenderTableCell {TD} at (171,220) size 3x11 [bgcolor=#696A69] [r=20 c=57 rs=1 cs=1]
              RenderInline {FONT} at (0,0) size 3x11
                RenderText {#text} at (0,0) size 3x11
                  text run at (0,0) width 3: " "
            RenderTableCell {TD} at (174,220) size 3x11 [bgcolor=#696A69] [r=20 c=58 rs=1 cs=1]
              RenderInline {FONT} at (0,0) size 3x11
                RenderText {#text} at (0,0) size 3x11
                  text run at (0,0) width 3: " "
            RenderTableCell {TD} at (177,220) size 3x11 [bgcolor=#696A69] [r=20 c=59 rs=1 cs=1]
              RenderInline {FONT} at (0,0) size 3x11
                RenderText {#text} at (0,0) size 3x11
                  text run at (0,0) width 3: " "
            RenderTableCell {TD} at (180,220) size 3x11 [bgcolor=#696A69] [r=20 c=60 rs=1 cs=1]
              RenderInline {FONT} at (0,0) size 3x11
                RenderText {#text} at (0,0) size 3x11
                  text run at (0,0) width 3: " "
            RenderTableCell {TD} at (183,220) size 3x11 [bgcolor=#5E5F60] [r=20 c=61 rs=1 cs=1]
              RenderInline {FONT} at (0,0) size 3x11
                RenderText {#text} at (0,0) size 3x11
                  text run at (0,0) width 3: " "
            RenderTableCell {TD} at (186,220) size 3x11 [bgcolor=#1A5C5C] [r=20 c=62 rs=1 cs=1]
              RenderInline {FONT} at (0,0) size 3x11
                RenderText {#text} at (0,0) size 3x11
                  text run at (0,0) width 3: " "
            RenderTableCell {TD} at (189,220) size 3x11 [bgcolor=#025E5E] [r=20 c=63 rs=1 cs=1]
              RenderInline {FONT} at (0,0) size 3x11
                RenderText {#text} at (0,0) size 3x11
                  text run at (0,0) width 3: " "
            RenderTableCell {TD} at (192,220) size 3x11 [bgcolor=#025E5E] [r=20 c=64 rs=1 cs=1]
              RenderInline {FONT} at (0,0) size 3x11
                RenderText {#text} at (0,0) size 3x11
                  text run at (0,0) width 3: " "
            RenderTableCell {TD} at (195,220) size 3x11 [bgcolor=#025E5E] [r=20 c=65 rs=1 cs=1]
              RenderInline {FONT} at (0,0) size 3x11
                RenderText {#text} at (0,0) size 3x11
                  text run at (0,0) width 3: " "
            RenderTableCell {TD} at (198,220) size 3x11 [bgcolor=#026766] [r=20 c=66 rs=1 cs=1]
              RenderInline {FONT} at (0,0) size 3x11
                RenderText {#text} at (0,0) size 3x11
                  text run at (0,0) width 3: " "
            RenderTableCell {TD} at (201,220) size 3x11 [bgcolor=#026766] [r=20 c=67 rs=1 cs=1]
              RenderInline {FONT} at (0,0) size 3x11
                RenderText {#text} at (0,0) size 3x11
                  text run at (0,0) width 3: " "
            RenderTableCell {TD} at (204,220) size 3x11 [bgcolor=#026766] [r=20 c=68 rs=1 cs=1]
              RenderInline {FONT} at (0,0) size 3x11
                RenderText {#text} at (0,0) size 3x11
                  text run at (0,0) width 3: " "
            RenderTableCell {TD} at (207,220) size 3x11 [bgcolor=#026766] [r=20 c=69 rs=1 cs=1]
              RenderInline {FONT} at (0,0) size 3x11
                RenderText {#text} at (0,0) size 3x11
                  text run at (0,0) width 3: " "
            RenderTableCell {TD} at (210,220) size 3x11 [bgcolor=#026766] [r=20 c=70 rs=1 cs=1]
              RenderInline {FONT} at (0,0) size 3x11
                RenderText {#text} at (0,0) size 3x11
                  text run at (0,0) width 3: " "
            RenderTableCell {TD} at (213,220) size 3x11 [bgcolor=#026766] [r=20 c=71 rs=1 cs=1]
              RenderInline {FONT} at (0,0) size 3x11
                RenderText {#text} at (0,0) size 3x11
                  text run at (0,0) width 3: " "
            RenderTableCell {TD} at (216,220) size 3x11 [bgcolor=#025E5E] [r=20 c=72 rs=1 cs=1]
              RenderInline {FONT} at (0,0) size 3x11
                RenderText {#text} at (0,0) size 3x11
                  text run at (0,0) width 3: " "
            RenderTableCell {TD} at (219,220) size 3x11 [bgcolor=#025E5E] [r=20 c=73 rs=1 cs=1]
              RenderInline {FONT} at (0,0) size 3x11
                RenderText {#text} at (0,0) size 3x11
                  text run at (0,0) width 3: " "
            RenderTableCell {TD} at (222,220) size 3x11 [bgcolor=#026766] [r=20 c=74 rs=1 cs=1]
              RenderInline {FONT} at (0,0) size 3x11
                RenderText {#text} at (0,0) size 3x11
                  text run at (0,0) width 3: " "
            RenderTableCell {TD} at (225,220) size 3x11 [bgcolor=#026766] [r=20 c=75 rs=1 cs=1]
              RenderInline {FONT} at (0,0) size 3x11
                RenderText {#text} at (0,0) size 3x11
                  text run at (0,0) width 3: " "
            RenderTableCell {TD} at (228,220) size 3x11 [bgcolor=#1E7A79] [r=20 c=76 rs=1 cs=1]
              RenderInline {FONT} at (0,0) size 3x11
                RenderText {#text} at (0,0) size 3x11
                  text run at (0,0) width 3: " "
            RenderTableCell {TD} at (231,220) size 3x11 [bgcolor=#287A7A] [r=20 c=77 rs=1 cs=1]
              RenderInline {FONT} at (0,0) size 3x11
                RenderText {#text} at (0,0) size 3x11
                  text run at (0,0) width 3: " "
            RenderTableCell {TD} at (234,220) size 3x11 [bgcolor=#048485] [r=20 c=78 rs=1 cs=1]
              RenderInline {FONT} at (0,0) size 3x11
                RenderText {#text} at (0,0) size 3x11
                  text run at (0,0) width 3: " "
            RenderTableCell {TD} at (237,220) size 3x11 [bgcolor=#027777] [r=20 c=79 rs=1 cs=1]
              RenderInline {FONT} at (0,0) size 3x11
                RenderText {#text} at (0,0) size 3x11
                  text run at (0,0) width 3: " "
            RenderTableCell {TD} at (240,220) size 3x11 [bgcolor=#026766] [r=20 c=80 rs=1 cs=1]
              RenderInline {FONT} at (0,0) size 3x11
                RenderText {#text} at (0,0) size 3x11
                  text run at (0,0) width 3: " "
            RenderTableCell {TD} at (243,220) size 3x11 [bgcolor=#026766] [r=20 c=81 rs=1 cs=1]
              RenderInline {FONT} at (0,0) size 3x11
                RenderText {#text} at (0,0) size 3x11
                  text run at (0,0) width 3: " "
            RenderTableCell {TD} at (246,220) size 3x11 [bgcolor=#026766] [r=20 c=82 rs=1 cs=1]
              RenderInline {FONT} at (0,0) size 3x11
                RenderText {#text} at (0,0) size 3x11
                  text run at (0,0) width 3: " "
            RenderTableCell {TD} at (249,220) size 3x11 [bgcolor=#026766] [r=20 c=83 rs=1 cs=1]
              RenderInline {FONT} at (0,0) size 3x11
                RenderText {#text} at (0,0) size 3x11
                  text run at (0,0) width 3: " "
            RenderTableCell {TD} at (252,220) size 3x11 [bgcolor=#026766] [r=20 c=84 rs=1 cs=1]
              RenderInline {FONT} at (0,0) size 3x11
                RenderText {#text} at (0,0) size 3x11
                  text run at (0,0) width 3: " "
            RenderTableCell {TD} at (255,220) size 3x11 [bgcolor=#026766] [r=20 c=85 rs=1 cs=1]
              RenderInline {FONT} at (0,0) size 3x11
                RenderText {#text} at (0,0) size 3x11
                  text run at (0,0) width 3: " "
            RenderTableCell {TD} at (258,220) size 3x11 [bgcolor=#026766] [r=20 c=86 rs=1 cs=1]
              RenderInline {FONT} at (0,0) size 3x11
                RenderText {#text} at (0,0) size 3x11
                  text run at (0,0) width 3: " "
            RenderTableCell {TD} at (261,220) size 3x11 [bgcolor=#026766] [r=20 c=87 rs=1 cs=1]
              RenderInline {FONT} at (0,0) size 3x11
                RenderText {#text} at (0,0) size 3x11
                  text run at (0,0) width 3: " "
            RenderTableCell {TD} at (264,220) size 3x11 [bgcolor=#026766] [r=20 c=88 rs=1 cs=1]
              RenderInline {FONT} at (0,0) size 3x11
                RenderText {#text} at (0,0) size 3x11
                  text run at (0,0) width 3: " "
            RenderTableCell {TD} at (267,220) size 3x11 [bgcolor=#026766] [r=20 c=89 rs=1 cs=1]
              RenderInline {FONT} at (0,0) size 3x11
                RenderText {#text} at (0,0) size 3x11
                  text run at (0,0) width 3: " "
            RenderTableCell {TD} at (270,220) size 3x11 [bgcolor=#026766] [r=20 c=90 rs=1 cs=1]
              RenderInline {FONT} at (0,0) size 3x11
                RenderText {#text} at (0,0) size 3x11
                  text run at (0,0) width 3: " "
            RenderTableCell {TD} at (273,220) size 3x11 [bgcolor=#025E5E] [r=20 c=91 rs=1 cs=1]
              RenderInline {FONT} at (0,0) size 3x11
                RenderText {#text} at (0,0) size 3x11
                  text run at (0,0) width 3: " "
            RenderTableCell {TD} at (276,220) size 3x11 [bgcolor=#044F4F] [r=20 c=92 rs=1 cs=1]
              RenderInline {FONT} at (0,0) size 3x11
                RenderText {#text} at (0,0) size 3x11
                  text run at (0,0) width 3: " "
            RenderTableCell {TD} at (279,220) size 3x11 [bgcolor=#044140] [r=20 c=93 rs=1 cs=1]
              RenderInline {FONT} at (0,0) size 3x11
                RenderText {#text} at (0,0) size 3x11
                  text run at (0,0) width 3: " "
            RenderTableCell {TD} at (282,220) size 3x11 [bgcolor=#2D3433] [r=20 c=94 rs=1 cs=1]
              RenderInline {FONT} at (0,0) size 3x11
                RenderText {#text} at (0,0) size 3x11
                  text run at (0,0) width 3: " "
            RenderTableCell {TD} at (285,220) size 3x11 [bgcolor=#3D4242] [r=20 c=95 rs=1 cs=1]
              RenderInline {FONT} at (0,0) size 3x11
                RenderText {#text} at (0,0) size 3x11
                  text run at (0,0) width 3: " "
            RenderTableCell {TD} at (288,220) size 3x11 [bgcolor=#515C5B] [r=20 c=96 rs=1 cs=1]
              RenderInline {FONT} at (0,0) size 3x11
                RenderText {#text} at (0,0) size 3x11
                  text run at (0,0) width 3: " "
            RenderTableCell {TD} at (291,220) size 3x11 [bgcolor=#696A69] [r=20 c=97 rs=1 cs=1]
              RenderInline {FONT} at (0,0) size 3x11
                RenderText {#text} at (0,0) size 3x11
                  text run at (0,0) width 3: " "
            RenderTableCell {TD} at (294,220) size 3x11 [bgcolor=#515C5B] [r=20 c=98 rs=1 cs=1]
              RenderInline {FONT} at (0,0) size 3x11
                RenderText {#text} at (0,0) size 3x11
                  text run at (0,0) width 3: " "
            RenderTableCell {TD} at (297,220) size 3x11 [bgcolor=#3D4242] [r=20 c=99 rs=1 cs=1]
              RenderInline {FONT} at (0,0) size 3x11
                RenderText {#text} at (0,0) size 3x11
                  text run at (0,0) width 3: " "
          RenderTableRow {TR} at (0,231) size 300x11
            RenderTableCell {TD} at (0,231) size 3x11 [bgcolor=#FDFDFB] [r=21 c=0 rs=1 cs=1]
              RenderInline {FONT} at (0,0) size 3x11
                RenderText {#text} at (0,0) size 3x11
                  text run at (0,0) width 3: " "
            RenderTableCell {TD} at (3,231) size 3x11 [bgcolor=#FDFDFB] [r=21 c=1 rs=1 cs=1]
              RenderInline {FONT} at (0,0) size 3x11
                RenderText {#text} at (0,0) size 3x11
                  text run at (0,0) width 3: " "
            RenderTableCell {TD} at (6,231) size 3x11 [bgcolor=#FDFDFB] [r=21 c=2 rs=1 cs=1]
              RenderInline {FONT} at (0,0) size 3x11
                RenderText {#text} at (0,0) size 3x11
                  text run at (0,0) width 3: " "
            RenderTableCell {TD} at (9,231) size 3x11 [bgcolor=#EDEEEF] [r=21 c=3 rs=1 cs=1]
              RenderInline {FONT} at (0,0) size 3x11
                RenderText {#text} at (0,0) size 3x11
                  text run at (0,0) width 3: " "
            RenderTableCell {TD} at (12,231) size 3x11 [bgcolor=#CECFCF] [r=21 c=4 rs=1 cs=1]
              RenderInline {FONT} at (0,0) size 3x11
                RenderText {#text} at (0,0) size 3x11
                  text run at (0,0) width 3: " "
            RenderTableCell {TD} at (15,231) size 3x11 [bgcolor=#5A8787] [r=21 c=5 rs=1 cs=1]
              RenderInline {FONT} at (0,0) size 3x11
                RenderText {#text} at (0,0) size 3x11
                  text run at (0,0) width 3: " "
            RenderTableCell {TD} at (18,231) size 3x11 [bgcolor=#1A5C5C] [r=21 c=6 rs=1 cs=1]
              RenderInline {FONT} at (0,0) size 3x11
                RenderText {#text} at (0,0) size 3x11
                  text run at (0,0) width 3: " "
            RenderTableCell {TD} at (21,231) size 3x11 [bgcolor=#044F4F] [r=21 c=7 rs=1 cs=1]
              RenderInline {FONT} at (0,0) size 3x11
                RenderText {#text} at (0,0) size 3x11
                  text run at (0,0) width 3: " "
            RenderTableCell {TD} at (24,231) size 3x11 [bgcolor=#025E5E] [r=21 c=8 rs=1 cs=1]
              RenderInline {FONT} at (0,0) size 3x11
                RenderText {#text} at (0,0) size 3x11
                  text run at (0,0) width 3: " "
            RenderTableCell {TD} at (27,231) size 3x11 [bgcolor=#025E5E] [r=21 c=9 rs=1 cs=1]
              RenderInline {FONT} at (0,0) size 3x11
                RenderText {#text} at (0,0) size 3x11
                  text run at (0,0) width 3: " "
            RenderTableCell {TD} at (30,231) size 3x11 [bgcolor=#025E5E] [r=21 c=10 rs=1 cs=1]
              RenderInline {FONT} at (0,0) size 3x11
                RenderText {#text} at (0,0) size 3x11
                  text run at (0,0) width 3: " "
            RenderTableCell {TD} at (33,231) size 3x11 [bgcolor=#025E5E] [r=21 c=11 rs=1 cs=1]
              RenderInline {FONT} at (0,0) size 3x11
                RenderText {#text} at (0,0) size 3x11
                  text run at (0,0) width 3: " "
            RenderTableCell {TD} at (36,231) size 3x11 [bgcolor=#025E5E] [r=21 c=12 rs=1 cs=1]
              RenderInline {FONT} at (0,0) size 3x11
                RenderText {#text} at (0,0) size 3x11
                  text run at (0,0) width 3: " "
            RenderTableCell {TD} at (39,231) size 3x11 [bgcolor=#025E5E] [r=21 c=13 rs=1 cs=1]
              RenderInline {FONT} at (0,0) size 3x11
                RenderText {#text} at (0,0) size 3x11
                  text run at (0,0) width 3: " "
            RenderTableCell {TD} at (42,231) size 3x11 [bgcolor=#044F4F] [r=21 c=14 rs=1 cs=1]
              RenderInline {FONT} at (0,0) size 3x11
                RenderText {#text} at (0,0) size 3x11
                  text run at (0,0) width 3: " "
            RenderTableCell {TD} at (45,231) size 3x11 [bgcolor=#223C3D] [r=21 c=15 rs=1 cs=1]
              RenderInline {FONT} at (0,0) size 3x11
                RenderText {#text} at (0,0) size 3x11
                  text run at (0,0) width 3: " "
            RenderTableCell {TD} at (48,231) size 3x11 [bgcolor=#344C4E] [r=21 c=16 rs=1 cs=1]
              RenderInline {FONT} at (0,0) size 3x11
                RenderText {#text} at (0,0) size 3x11
                  text run at (0,0) width 3: " "
            RenderTableCell {TD} at (51,231) size 3x11 [bgcolor=#344C4E] [r=21 c=17 rs=1 cs=1]
              RenderInline {FONT} at (0,0) size 3x11
                RenderText {#text} at (0,0) size 3x11
                  text run at (0,0) width 3: " "
            RenderTableCell {TD} at (54,231) size 3x11 [bgcolor=#1A6B6A] [r=21 c=18 rs=1 cs=1]
              RenderInline {FONT} at (0,0) size 3x11
                RenderText {#text} at (0,0) size 3x11
                  text run at (0,0) width 3: " "
            RenderTableCell {TD} at (57,231) size 3x11 [bgcolor=#048485] [r=21 c=19 rs=1 cs=1]
              RenderInline {FONT} at (0,0) size 3x11
                RenderText {#text} at (0,0) size 3x11
                  text run at (0,0) width 3: " "
            RenderTableCell {TD} at (60,231) size 3x11 [bgcolor=#027777] [r=21 c=20 rs=1 cs=1]
              RenderInline {FONT} at (0,0) size 3x11
                RenderText {#text} at (0,0) size 3x11
                  text run at (0,0) width 3: " "
            RenderTableCell {TD} at (63,231) size 3x11 [bgcolor=#026766] [r=21 c=21 rs=1 cs=1]
              RenderInline {FONT} at (0,0) size 3x11
                RenderText {#text} at (0,0) size 3x11
                  text run at (0,0) width 3: " "
            RenderTableCell {TD} at (66,231) size 3x11 [bgcolor=#025E5E] [r=21 c=22 rs=1 cs=1]
              RenderInline {FONT} at (0,0) size 3x11
                RenderText {#text} at (0,0) size 3x11
                  text run at (0,0) width 3: " "
            RenderTableCell {TD} at (69,231) size 3x11 [bgcolor=#025E5E] [r=21 c=23 rs=1 cs=1]
              RenderInline {FONT} at (0,0) size 3x11
                RenderText {#text} at (0,0) size 3x11
                  text run at (0,0) width 3: " "
            RenderTableCell {TD} at (72,231) size 3x11 [bgcolor=#044F4F] [r=21 c=24 rs=1 cs=1]
              RenderInline {FONT} at (0,0) size 3x11
                RenderText {#text} at (0,0) size 3x11
                  text run at (0,0) width 3: " "
            RenderTableCell {TD} at (75,231) size 3x11 [bgcolor=#044140] [r=21 c=25 rs=1 cs=1]
              RenderInline {FONT} at (0,0) size 3x11
                RenderText {#text} at (0,0) size 3x11
                  text run at (0,0) width 3: " "
            RenderTableCell {TD} at (78,231) size 3x11 [bgcolor=#083131] [r=21 c=26 rs=1 cs=1]
              RenderInline {FONT} at (0,0) size 3x11
                RenderText {#text} at (0,0) size 3x11
                  text run at (0,0) width 3: " "
            RenderTableCell {TD} at (81,231) size 3x11 [bgcolor=#083131] [r=21 c=27 rs=1 cs=1]
              RenderInline {FONT} at (0,0) size 3x11
                RenderText {#text} at (0,0) size 3x11
                  text run at (0,0) width 3: " "
            RenderTableCell {TD} at (84,231) size 3x11 [bgcolor=#1C2524] [r=21 c=28 rs=1 cs=1]
              RenderInline {FONT} at (0,0) size 3x11
                RenderText {#text} at (0,0) size 3x11
                  text run at (0,0) width 3: " "
            RenderTableCell {TD} at (87,231) size 3x11 [bgcolor=#2D3433] [r=21 c=29 rs=1 cs=1]
              RenderInline {FONT} at (0,0) size 3x11
                RenderText {#text} at (0,0) size 3x11
                  text run at (0,0) width 3: " "
            RenderTableCell {TD} at (90,231) size 3x11 [bgcolor=#3D4242] [r=21 c=30 rs=1 cs=1]
              RenderInline {FONT} at (0,0) size 3x11
                RenderText {#text} at (0,0) size 3x11
                  text run at (0,0) width 3: " "
            RenderTableCell {TD} at (93,231) size 3x11 [bgcolor=#4D4F4F] [r=21 c=31 rs=1 cs=1]
              RenderInline {FONT} at (0,0) size 3x11
                RenderText {#text} at (0,0) size 3x11
                  text run at (0,0) width 3: " "
            RenderTableCell {TD} at (96,231) size 3x11 [bgcolor=#5E5F60] [r=21 c=32 rs=1 cs=1]
              RenderInline {FONT} at (0,0) size 3x11
                RenderText {#text} at (0,0) size 3x11
                  text run at (0,0) width 3: " "
            RenderTableCell {TD} at (99,231) size 3x11 [bgcolor=#696A69] [r=21 c=33 rs=1 cs=1]
              RenderInline {FONT} at (0,0) size 3x11
                RenderText {#text} at (0,0) size 3x11
                  text run at (0,0) width 3: " "
            RenderTableCell {TD} at (102,231) size 3x11 [bgcolor=#696A69] [r=21 c=34 rs=1 cs=1]
              RenderInline {FONT} at (0,0) size 3x11
                RenderText {#text} at (0,0) size 3x11
                  text run at (0,0) width 3: " "
            RenderTableCell {TD} at (105,231) size 3x11 [bgcolor=#5E5F60] [r=21 c=35 rs=1 cs=1]
              RenderInline {FONT} at (0,0) size 3x11
                RenderText {#text} at (0,0) size 3x11
                  text run at (0,0) width 3: " "
            RenderTableCell {TD} at (108,231) size 3x11 [bgcolor=#027777] [r=21 c=36 rs=1 cs=1]
              RenderInline {FONT} at (0,0) size 3x11
                RenderText {#text} at (0,0) size 3x11
                  text run at (0,0) width 3: " "
            RenderTableCell {TD} at (111,231) size 3x11 [bgcolor=#027777] [r=21 c=37 rs=1 cs=1]
              RenderInline {FONT} at (0,0) size 3x11
                RenderText {#text} at (0,0) size 3x11
                  text run at (0,0) width 3: " "
            RenderTableCell {TD} at (114,231) size 3x11 [bgcolor=#026766] [r=21 c=38 rs=1 cs=1]
              RenderInline {FONT} at (0,0) size 3x11
                RenderText {#text} at (0,0) size 3x11
                  text run at (0,0) width 3: " "
            RenderTableCell {TD} at (117,231) size 3x11 [bgcolor=#025E5E] [r=21 c=39 rs=1 cs=1]
              RenderInline {FONT} at (0,0) size 3x11
                RenderText {#text} at (0,0) size 3x11
                  text run at (0,0) width 3: " "
            RenderTableCell {TD} at (120,231) size 3x11 [bgcolor=#025E5E] [r=21 c=40 rs=1 cs=1]
              RenderInline {FONT} at (0,0) size 3x11
                RenderText {#text} at (0,0) size 3x11
                  text run at (0,0) width 3: " "
            RenderTableCell {TD} at (123,231) size 3x11 [bgcolor=#025E5E] [r=21 c=41 rs=1 cs=1]
              RenderInline {FONT} at (0,0) size 3x11
                RenderText {#text} at (0,0) size 3x11
                  text run at (0,0) width 3: " "
            RenderTableCell {TD} at (126,231) size 3x11 [bgcolor=#025E5E] [r=21 c=42 rs=1 cs=1]
              RenderInline {FONT} at (0,0) size 3x11
                RenderText {#text} at (0,0) size 3x11
                  text run at (0,0) width 3: " "
            RenderTableCell {TD} at (129,231) size 3x11 [bgcolor=#025E5E] [r=21 c=43 rs=1 cs=1]
              RenderInline {FONT} at (0,0) size 3x11
                RenderText {#text} at (0,0) size 3x11
                  text run at (0,0) width 3: " "
            RenderTableCell {TD} at (132,231) size 3x11 [bgcolor=#025E5E] [r=21 c=44 rs=1 cs=1]
              RenderInline {FONT} at (0,0) size 3x11
                RenderText {#text} at (0,0) size 3x11
                  text run at (0,0) width 3: " "
            RenderTableCell {TD} at (135,231) size 3x11 [bgcolor=#025E5E] [r=21 c=45 rs=1 cs=1]
              RenderInline {FONT} at (0,0) size 3x11
                RenderText {#text} at (0,0) size 3x11
                  text run at (0,0) width 3: " "
            RenderTableCell {TD} at (138,231) size 3x11 [bgcolor=#025E5E] [r=21 c=46 rs=1 cs=1]
              RenderInline {FONT} at (0,0) size 3x11
                RenderText {#text} at (0,0) size 3x11
                  text run at (0,0) width 3: " "
            RenderTableCell {TD} at (141,231) size 3x11 [bgcolor=#025E5E] [r=21 c=47 rs=1 cs=1]
              RenderInline {FONT} at (0,0) size 3x11
                RenderText {#text} at (0,0) size 3x11
                  text run at (0,0) width 3: " "
            RenderTableCell {TD} at (144,231) size 3x11 [bgcolor=#025E5E] [r=21 c=48 rs=1 cs=1]
              RenderInline {FONT} at (0,0) size 3x11
                RenderText {#text} at (0,0) size 3x11
                  text run at (0,0) width 3: " "
            RenderTableCell {TD} at (147,231) size 3x11 [bgcolor=#025E5E] [r=21 c=49 rs=1 cs=1]
              RenderInline {FONT} at (0,0) size 3x11
                RenderText {#text} at (0,0) size 3x11
                  text run at (0,0) width 3: " "
            RenderTableCell {TD} at (150,231) size 3x11 [bgcolor=#044F4F] [r=21 c=50 rs=1 cs=1]
              RenderInline {FONT} at (0,0) size 3x11
                RenderText {#text} at (0,0) size 3x11
                  text run at (0,0) width 3: " "
            RenderTableCell {TD} at (153,231) size 3x11 [bgcolor=#083131] [r=21 c=51 rs=1 cs=1]
              RenderInline {FONT} at (0,0) size 3x11
                RenderText {#text} at (0,0) size 3x11
                  text run at (0,0) width 3: " "
            RenderTableCell {TD} at (156,231) size 3x11 [bgcolor=#2D3433] [r=21 c=52 rs=1 cs=1]
              RenderInline {FONT} at (0,0) size 3x11
                RenderText {#text} at (0,0) size 3x11
                  text run at (0,0) width 3: " "
            RenderTableCell {TD} at (159,231) size 3x11 [bgcolor=#3D4242] [r=21 c=53 rs=1 cs=1]
              RenderInline {FONT} at (0,0) size 3x11
                RenderText {#text} at (0,0) size 3x11
                  text run at (0,0) width 3: " "
            RenderTableCell {TD} at (162,231) size 3x11 [bgcolor=#515C5B] [r=21 c=54 rs=1 cs=1]
              RenderInline {FONT} at (0,0) size 3x11
                RenderText {#text} at (0,0) size 3x11
                  text run at (0,0) width 3: " "
            RenderTableCell {TD} at (165,231) size 3x11 [bgcolor=#5E5F60] [r=21 c=55 rs=1 cs=1]
              RenderInline {FONT} at (0,0) size 3x11
                RenderText {#text} at (0,0) size 3x11
                  text run at (0,0) width 3: " "
            RenderTableCell {TD} at (168,231) size 3x11 [bgcolor=#696A69] [r=21 c=56 rs=1 cs=1]
              RenderInline {FONT} at (0,0) size 3x11
                RenderText {#text} at (0,0) size 3x11
                  text run at (0,0) width 3: " "
            RenderTableCell {TD} at (171,231) size 3x11 [bgcolor=#696A69] [r=21 c=57 rs=1 cs=1]
              RenderInline {FONT} at (0,0) size 3x11
                RenderText {#text} at (0,0) size 3x11
                  text run at (0,0) width 3: " "
            RenderTableCell {TD} at (174,231) size 3x11 [bgcolor=#696A69] [r=21 c=58 rs=1 cs=1]
              RenderInline {FONT} at (0,0) size 3x11
                RenderText {#text} at (0,0) size 3x11
                  text run at (0,0) width 3: " "
            RenderTableCell {TD} at (177,231) size 3x11 [bgcolor=#696A69] [r=21 c=59 rs=1 cs=1]
              RenderInline {FONT} at (0,0) size 3x11
                RenderText {#text} at (0,0) size 3x11
                  text run at (0,0) width 3: " "
            RenderTableCell {TD} at (180,231) size 3x11 [bgcolor=#696A69] [r=21 c=60 rs=1 cs=1]
              RenderInline {FONT} at (0,0) size 3x11
                RenderText {#text} at (0,0) size 3x11
                  text run at (0,0) width 3: " "
            RenderTableCell {TD} at (183,231) size 3x11 [bgcolor=#5E5F60] [r=21 c=61 rs=1 cs=1]
              RenderInline {FONT} at (0,0) size 3x11
                RenderText {#text} at (0,0) size 3x11
                  text run at (0,0) width 3: " "
            RenderTableCell {TD} at (186,231) size 3x11 [bgcolor=#425A5A] [r=21 c=62 rs=1 cs=1]
              RenderInline {FONT} at (0,0) size 3x11
                RenderText {#text} at (0,0) size 3x11
                  text run at (0,0) width 3: " "
            RenderTableCell {TD} at (189,231) size 3x11 [bgcolor=#1A5C5C] [r=21 c=63 rs=1 cs=1]
              RenderInline {FONT} at (0,0) size 3x11
                RenderText {#text} at (0,0) size 3x11
                  text run at (0,0) width 3: " "
            RenderTableCell {TD} at (192,231) size 3x11 [bgcolor=#044F4F] [r=21 c=64 rs=1 cs=1]
              RenderInline {FONT} at (0,0) size 3x11
                RenderText {#text} at (0,0) size 3x11
                  text run at (0,0) width 3: " "
            RenderTableCell {TD} at (195,231) size 3x11 [bgcolor=#025E5E] [r=21 c=65 rs=1 cs=1]
              RenderInline {FONT} at (0,0) size 3x11
                RenderText {#text} at (0,0) size 3x11
                  text run at (0,0) width 3: " "
            RenderTableCell {TD} at (198,231) size 3x11 [bgcolor=#025E5E] [r=21 c=66 rs=1 cs=1]
              RenderInline {FONT} at (0,0) size 3x11
                RenderText {#text} at (0,0) size 3x11
                  text run at (0,0) width 3: " "
            RenderTableCell {TD} at (201,231) size 3x11 [bgcolor=#025E5E] [r=21 c=67 rs=1 cs=1]
              RenderInline {FONT} at (0,0) size 3x11
                RenderText {#text} at (0,0) size 3x11
                  text run at (0,0) width 3: " "
            RenderTableCell {TD} at (204,231) size 3x11 [bgcolor=#025E5E] [r=21 c=68 rs=1 cs=1]
              RenderInline {FONT} at (0,0) size 3x11
                RenderText {#text} at (0,0) size 3x11
                  text run at (0,0) width 3: " "
            RenderTableCell {TD} at (207,231) size 3x11 [bgcolor=#025E5E] [r=21 c=69 rs=1 cs=1]
              RenderInline {FONT} at (0,0) size 3x11
                RenderText {#text} at (0,0) size 3x11
                  text run at (0,0) width 3: " "
            RenderTableCell {TD} at (210,231) size 3x11 [bgcolor=#026766] [r=21 c=70 rs=1 cs=1]
              RenderInline {FONT} at (0,0) size 3x11
                RenderText {#text} at (0,0) size 3x11
                  text run at (0,0) width 3: " "
            RenderTableCell {TD} at (213,231) size 3x11 [bgcolor=#026766] [r=21 c=71 rs=1 cs=1]
              RenderInline {FONT} at (0,0) size 3x11
                RenderText {#text} at (0,0) size 3x11
                  text run at (0,0) width 3: " "
            RenderTableCell {TD} at (216,231) size 3x11 [bgcolor=#026766] [r=21 c=72 rs=1 cs=1]
              RenderInline {FONT} at (0,0) size 3x11
                RenderText {#text} at (0,0) size 3x11
                  text run at (0,0) width 3: " "
            RenderTableCell {TD} at (219,231) size 3x11 [bgcolor=#026766] [r=21 c=73 rs=1 cs=1]
              RenderInline {FONT} at (0,0) size 3x11
                RenderText {#text} at (0,0) size 3x11
                  text run at (0,0) width 3: " "
            RenderTableCell {TD} at (222,231) size 3x11 [bgcolor=#026766] [r=21 c=74 rs=1 cs=1]
              RenderInline {FONT} at (0,0) size 3x11
                RenderText {#text} at (0,0) size 3x11
                  text run at (0,0) width 3: " "
            RenderTableCell {TD} at (225,231) size 3x11 [bgcolor=#026766] [r=21 c=75 rs=1 cs=1]
              RenderInline {FONT} at (0,0) size 3x11
                RenderText {#text} at (0,0) size 3x11
                  text run at (0,0) width 3: " "
            RenderTableCell {TD} at (228,231) size 3x11 [bgcolor=#027777] [r=21 c=76 rs=1 cs=1]
              RenderInline {FONT} at (0,0) size 3x11
                RenderText {#text} at (0,0) size 3x11
                  text run at (0,0) width 3: " "
            RenderTableCell {TD} at (231,231) size 3x11 [bgcolor=#027777] [r=21 c=77 rs=1 cs=1]
              RenderInline {FONT} at (0,0) size 3x11
                RenderText {#text} at (0,0) size 3x11
                  text run at (0,0) width 3: " "
            RenderTableCell {TD} at (234,231) size 3x11 [bgcolor=#027777] [r=21 c=78 rs=1 cs=1]
              RenderInline {FONT} at (0,0) size 3x11
                RenderText {#text} at (0,0) size 3x11
                  text run at (0,0) width 3: " "
            RenderTableCell {TD} at (237,231) size 3x11 [bgcolor=#026766] [r=21 c=79 rs=1 cs=1]
              RenderInline {FONT} at (0,0) size 3x11
                RenderText {#text} at (0,0) size 3x11
                  text run at (0,0) width 3: " "
            RenderTableCell {TD} at (240,231) size 3x11 [bgcolor=#026766] [r=21 c=80 rs=1 cs=1]
              RenderInline {FONT} at (0,0) size 3x11
                RenderText {#text} at (0,0) size 3x11
                  text run at (0,0) width 3: " "
            RenderTableCell {TD} at (243,231) size 3x11 [bgcolor=#026766] [r=21 c=81 rs=1 cs=1]
              RenderInline {FONT} at (0,0) size 3x11
                RenderText {#text} at (0,0) size 3x11
                  text run at (0,0) width 3: " "
            RenderTableCell {TD} at (246,231) size 3x11 [bgcolor=#026766] [r=21 c=82 rs=1 cs=1]
              RenderInline {FONT} at (0,0) size 3x11
                RenderText {#text} at (0,0) size 3x11
                  text run at (0,0) width 3: " "
            RenderTableCell {TD} at (249,231) size 3x11 [bgcolor=#026766] [r=21 c=83 rs=1 cs=1]
              RenderInline {FONT} at (0,0) size 3x11
                RenderText {#text} at (0,0) size 3x11
                  text run at (0,0) width 3: " "
            RenderTableCell {TD} at (252,231) size 3x11 [bgcolor=#026766] [r=21 c=84 rs=1 cs=1]
              RenderInline {FONT} at (0,0) size 3x11
                RenderText {#text} at (0,0) size 3x11
                  text run at (0,0) width 3: " "
            RenderTableCell {TD} at (255,231) size 3x11 [bgcolor=#026766] [r=21 c=85 rs=1 cs=1]
              RenderInline {FONT} at (0,0) size 3x11
                RenderText {#text} at (0,0) size 3x11
                  text run at (0,0) width 3: " "
            RenderTableCell {TD} at (258,231) size 3x11 [bgcolor=#026766] [r=21 c=86 rs=1 cs=1]
              RenderInline {FONT} at (0,0) size 3x11
                RenderText {#text} at (0,0) size 3x11
                  text run at (0,0) width 3: " "
            RenderTableCell {TD} at (261,231) size 3x11 [bgcolor=#026766] [r=21 c=87 rs=1 cs=1]
              RenderInline {FONT} at (0,0) size 3x11
                RenderText {#text} at (0,0) size 3x11
                  text run at (0,0) width 3: " "
            RenderTableCell {TD} at (264,231) size 3x11 [bgcolor=#026766] [r=21 c=88 rs=1 cs=1]
              RenderInline {FONT} at (0,0) size 3x11
                RenderText {#text} at (0,0) size 3x11
                  text run at (0,0) width 3: " "
            RenderTableCell {TD} at (267,231) size 3x11 [bgcolor=#026766] [r=21 c=89 rs=1 cs=1]
              RenderInline {FONT} at (0,0) size 3x11
                RenderText {#text} at (0,0) size 3x11
                  text run at (0,0) width 3: " "
            RenderTableCell {TD} at (270,231) size 3x11 [bgcolor=#026766] [r=21 c=90 rs=1 cs=1]
              RenderInline {FONT} at (0,0) size 3x11
                RenderText {#text} at (0,0) size 3x11
                  text run at (0,0) width 3: " "
            RenderTableCell {TD} at (273,231) size 3x11 [bgcolor=#025E5E] [r=21 c=91 rs=1 cs=1]
              RenderInline {FONT} at (0,0) size 3x11
                RenderText {#text} at (0,0) size 3x11
                  text run at (0,0) width 3: " "
            RenderTableCell {TD} at (276,231) size 3x11 [bgcolor=#044F4F] [r=21 c=92 rs=1 cs=1]
              RenderInline {FONT} at (0,0) size 3x11
                RenderText {#text} at (0,0) size 3x11
                  text run at (0,0) width 3: " "
            RenderTableCell {TD} at (279,231) size 3x11 [bgcolor=#044140] [r=21 c=93 rs=1 cs=1]
              RenderInline {FONT} at (0,0) size 3x11
                RenderText {#text} at (0,0) size 3x11
                  text run at (0,0) width 3: " "
            RenderTableCell {TD} at (282,231) size 3x11 [bgcolor=#1C2524] [r=21 c=94 rs=1 cs=1]
              RenderInline {FONT} at (0,0) size 3x11
                RenderText {#text} at (0,0) size 3x11
                  text run at (0,0) width 3: " "
            RenderTableCell {TD} at (285,231) size 3x11 [bgcolor=#3D4242] [r=21 c=95 rs=1 cs=1]
              RenderInline {FONT} at (0,0) size 3x11
                RenderText {#text} at (0,0) size 3x11
                  text run at (0,0) width 3: " "
            RenderTableCell {TD} at (288,231) size 3x11 [bgcolor=#515C5B] [r=21 c=96 rs=1 cs=1]
              RenderInline {FONT} at (0,0) size 3x11
                RenderText {#text} at (0,0) size 3x11
                  text run at (0,0) width 3: " "
            RenderTableCell {TD} at (291,231) size 3x11 [bgcolor=#5E5F60] [r=21 c=97 rs=1 cs=1]
              RenderInline {FONT} at (0,0) size 3x11
                RenderText {#text} at (0,0) size 3x11
                  text run at (0,0) width 3: " "
            RenderTableCell {TD} at (294,231) size 3x11 [bgcolor=#5E5F60] [r=21 c=98 rs=1 cs=1]
              RenderInline {FONT} at (0,0) size 3x11
                RenderText {#text} at (0,0) size 3x11
                  text run at (0,0) width 3: " "
            RenderTableCell {TD} at (297,231) size 3x11 [bgcolor=#515C5B] [r=21 c=99 rs=1 cs=1]
              RenderInline {FONT} at (0,0) size 3x11
                RenderText {#text} at (0,0) size 3x11
                  text run at (0,0) width 3: " "
          RenderTableRow {TR} at (0,242) size 300x11
            RenderTableCell {TD} at (0,242) size 3x11 [bgcolor=#FDFDFB] [r=22 c=0 rs=1 cs=1]
              RenderInline {FONT} at (0,0) size 3x11
                RenderText {#text} at (0,0) size 3x11
                  text run at (0,0) width 3: " "
            RenderTableCell {TD} at (3,242) size 3x11 [bgcolor=#FDFDFB] [r=22 c=1 rs=1 cs=1]
              RenderInline {FONT} at (0,0) size 3x11
                RenderText {#text} at (0,0) size 3x11
                  text run at (0,0) width 3: " "
            RenderTableCell {TD} at (6,242) size 3x11 [bgcolor=#FDFDFB] [r=22 c=2 rs=1 cs=1]
              RenderInline {FONT} at (0,0) size 3x11
                RenderText {#text} at (0,0) size 3x11
                  text run at (0,0) width 3: " "
            RenderTableCell {TD} at (9,242) size 3x11 [bgcolor=#FDFDFB] [r=22 c=3 rs=1 cs=1]
              RenderInline {FONT} at (0,0) size 3x11
                RenderText {#text} at (0,0) size 3x11
                  text run at (0,0) width 3: " "
            RenderTableCell {TD} at (12,242) size 3x11 [bgcolor=#EDEEEF] [r=22 c=4 rs=1 cs=1]
              RenderInline {FONT} at (0,0) size 3x11
                RenderText {#text} at (0,0) size 3x11
                  text run at (0,0) width 3: " "
            RenderTableCell {TD} at (15,242) size 3x11 [bgcolor=#CECFCF] [r=22 c=5 rs=1 cs=1]
              RenderInline {FONT} at (0,0) size 3x11
                RenderText {#text} at (0,0) size 3x11
                  text run at (0,0) width 3: " "
            RenderTableCell {TD} at (18,242) size 3x11 [bgcolor=#91A3A3] [r=22 c=6 rs=1 cs=1]
              RenderInline {FONT} at (0,0) size 3x11
                RenderText {#text} at (0,0) size 3x11
                  text run at (0,0) width 3: " "
            RenderTableCell {TD} at (21,242) size 3x11 [bgcolor=#305D5D] [r=22 c=7 rs=1 cs=1]
              RenderInline {FONT} at (0,0) size 3x11
                RenderText {#text} at (0,0) size 3x11
                  text run at (0,0) width 3: " "
            RenderTableCell {TD} at (24,242) size 3x11 [bgcolor=#044F4F] [r=22 c=8 rs=1 cs=1]
              RenderInline {FONT} at (0,0) size 3x11
                RenderText {#text} at (0,0) size 3x11
                  text run at (0,0) width 3: " "
            RenderTableCell {TD} at (27,242) size 3x11 [bgcolor=#044F4F] [r=22 c=9 rs=1 cs=1]
              RenderInline {FONT} at (0,0) size 3x11
                RenderText {#text} at (0,0) size 3x11
                  text run at (0,0) width 3: " "
            RenderTableCell {TD} at (30,242) size 3x11 [bgcolor=#044F4F] [r=22 c=10 rs=1 cs=1]
              RenderInline {FONT} at (0,0) size 3x11
                RenderText {#text} at (0,0) size 3x11
                  text run at (0,0) width 3: " "
            RenderTableCell {TD} at (33,242) size 3x11 [bgcolor=#025E5E] [r=22 c=11 rs=1 cs=1]
              RenderInline {FONT} at (0,0) size 3x11
                RenderText {#text} at (0,0) size 3x11
                  text run at (0,0) width 3: " "
            RenderTableCell {TD} at (36,242) size 3x11 [bgcolor=#025E5E] [r=22 c=12 rs=1 cs=1]
              RenderInline {FONT} at (0,0) size 3x11
                RenderText {#text} at (0,0) size 3x11
                  text run at (0,0) width 3: " "
            RenderTableCell {TD} at (39,242) size 3x11 [bgcolor=#025E5E] [r=22 c=13 rs=1 cs=1]
              RenderInline {FONT} at (0,0) size 3x11
                RenderText {#text} at (0,0) size 3x11
                  text run at (0,0) width 3: " "
            RenderTableCell {TD} at (42,242) size 3x11 [bgcolor=#025E5E] [r=22 c=14 rs=1 cs=1]
              RenderInline {FONT} at (0,0) size 3x11
                RenderText {#text} at (0,0) size 3x11
                  text run at (0,0) width 3: " "
            RenderTableCell {TD} at (45,242) size 3x11 [bgcolor=#026766] [r=22 c=15 rs=1 cs=1]
              RenderInline {FONT} at (0,0) size 3x11
                RenderText {#text} at (0,0) size 3x11
                  text run at (0,0) width 3: " "
            RenderTableCell {TD} at (48,242) size 3x11 [bgcolor=#027777] [r=22 c=16 rs=1 cs=1]
              RenderInline {FONT} at (0,0) size 3x11
                RenderText {#text} at (0,0) size 3x11
                  text run at (0,0) width 3: " "
            RenderTableCell {TD} at (51,242) size 3x11 [bgcolor=#027777] [r=22 c=17 rs=1 cs=1]
              RenderInline {FONT} at (0,0) size 3x11
                RenderText {#text} at (0,0) size 3x11
                  text run at (0,0) width 3: " "
            RenderTableCell {TD} at (54,242) size 3x11 [bgcolor=#027777] [r=22 c=18 rs=1 cs=1]
              RenderInline {FONT} at (0,0) size 3x11
                RenderText {#text} at (0,0) size 3x11
                  text run at (0,0) width 3: " "
            RenderTableCell {TD} at (57,242) size 3x11 [bgcolor=#027777] [r=22 c=19 rs=1 cs=1]
              RenderInline {FONT} at (0,0) size 3x11
                RenderText {#text} at (0,0) size 3x11
                  text run at (0,0) width 3: " "
            RenderTableCell {TD} at (60,242) size 3x11 [bgcolor=#025E5E] [r=22 c=20 rs=1 cs=1]
              RenderInline {FONT} at (0,0) size 3x11
                RenderText {#text} at (0,0) size 3x11
                  text run at (0,0) width 3: " "
            RenderTableCell {TD} at (63,242) size 3x11 [bgcolor=#044F4F] [r=22 c=21 rs=1 cs=1]
              RenderInline {FONT} at (0,0) size 3x11
                RenderText {#text} at (0,0) size 3x11
                  text run at (0,0) width 3: " "
            RenderTableCell {TD} at (66,242) size 3x11 [bgcolor=#044F4F] [r=22 c=22 rs=1 cs=1]
              RenderInline {FONT} at (0,0) size 3x11
                RenderText {#text} at (0,0) size 3x11
                  text run at (0,0) width 3: " "
            RenderTableCell {TD} at (69,242) size 3x11 [bgcolor=#044140] [r=22 c=23 rs=1 cs=1]
              RenderInline {FONT} at (0,0) size 3x11
                RenderText {#text} at (0,0) size 3x11
                  text run at (0,0) width 3: " "
            RenderTableCell {TD} at (72,242) size 3x11 [bgcolor=#083131] [r=22 c=24 rs=1 cs=1]
              RenderInline {FONT} at (0,0) size 3x11
                RenderText {#text} at (0,0) size 3x11
                  text run at (0,0) width 3: " "
            RenderTableCell {TD} at (75,242) size 3x11 [bgcolor=#083131] [r=22 c=25 rs=1 cs=1]
              RenderInline {FONT} at (0,0) size 3x11
                RenderText {#text} at (0,0) size 3x11
                  text run at (0,0) width 3: " "
            RenderTableCell {TD} at (78,242) size 3x11 [bgcolor=#3D4242] [r=22 c=26 rs=1 cs=1]
              RenderInline {FONT} at (0,0) size 3x11
                RenderText {#text} at (0,0) size 3x11
                  text run at (0,0) width 3: " "
            RenderTableCell {TD} at (81,242) size 3x11 [bgcolor=#5E5F60] [r=22 c=27 rs=1 cs=1]
              RenderInline {FONT} at (0,0) size 3x11
                RenderText {#text} at (0,0) size 3x11
                  text run at (0,0) width 3: " "
            RenderTableCell {TD} at (84,242) size 3x11 [bgcolor=#848788] [r=22 c=28 rs=1 cs=1]
              RenderInline {FONT} at (0,0) size 3x11
                RenderText {#text} at (0,0) size 3x11
                  text run at (0,0) width 3: " "
            RenderTableCell {TD} at (87,242) size 3x11 [bgcolor=#A5A6A6] [r=22 c=29 rs=1 cs=1]
              RenderInline {FONT} at (0,0) size 3x11
                RenderText {#text} at (0,0) size 3x11
                  text run at (0,0) width 3: " "
            RenderTableCell {TD} at (90,242) size 3x11 [bgcolor=#CECFCF] [r=22 c=30 rs=1 cs=1]
              RenderInline {FONT} at (0,0) size 3x11
                RenderText {#text} at (0,0) size 3x11
                  text run at (0,0) width 3: " "
            RenderTableCell {TD} at (93,242) size 3x11 [bgcolor=#EDEEEF] [r=22 c=31 rs=1 cs=1]
              RenderInline {FONT} at (0,0) size 3x11
                RenderText {#text} at (0,0) size 3x11
                  text run at (0,0) width 3: " "
            RenderTableCell {TD} at (96,242) size 3x11 [bgcolor=#FDFDFB] [r=22 c=32 rs=1 cs=1]
              RenderInline {FONT} at (0,0) size 3x11
                RenderText {#text} at (0,0) size 3x11
                  text run at (0,0) width 3: " "
            RenderTableCell {TD} at (99,242) size 3x11 [bgcolor=#FDFDFB] [r=22 c=33 rs=1 cs=1]
              RenderInline {FONT} at (0,0) size 3x11
                RenderText {#text} at (0,0) size 3x11
                  text run at (0,0) width 3: " "
            RenderTableCell {TD} at (102,242) size 3x11 [bgcolor=#FDFDFB] [r=22 c=34 rs=1 cs=1]
              RenderInline {FONT} at (0,0) size 3x11
                RenderText {#text} at (0,0) size 3x11
                  text run at (0,0) width 3: " "
            RenderTableCell {TD} at (105,242) size 3x11 [bgcolor=#EDEEEF] [r=22 c=35 rs=1 cs=1]
              RenderInline {FONT} at (0,0) size 3x11
                RenderText {#text} at (0,0) size 3x11
                  text run at (0,0) width 3: " "
            RenderTableCell {TD} at (108,242) size 3x11 [bgcolor=#027777] [r=22 c=36 rs=1 cs=1]
              RenderInline {FONT} at (0,0) size 3x11
                RenderText {#text} at (0,0) size 3x11
                  text run at (0,0) width 3: " "
            RenderTableCell {TD} at (111,242) size 3x11 [bgcolor=#026766] [r=22 c=37 rs=1 cs=1]
              RenderInline {FONT} at (0,0) size 3x11
                RenderText {#text} at (0,0) size 3x11
                  text run at (0,0) width 3: " "
            RenderTableCell {TD} at (114,242) size 3x11 [bgcolor=#025E5E] [r=22 c=38 rs=1 cs=1]
              RenderInline {FONT} at (0,0) size 3x11
                RenderText {#text} at (0,0) size 3x11
                  text run at (0,0) width 3: " "
            RenderTableCell {TD} at (117,242) size 3x11 [bgcolor=#044F4F] [r=22 c=39 rs=1 cs=1]
              RenderInline {FONT} at (0,0) size 3x11
                RenderText {#text} at (0,0) size 3x11
                  text run at (0,0) width 3: " "
            RenderTableCell {TD} at (120,242) size 3x11 [bgcolor=#044F4F] [r=22 c=40 rs=1 cs=1]
              RenderInline {FONT} at (0,0) size 3x11
                RenderText {#text} at (0,0) size 3x11
                  text run at (0,0) width 3: " "
            RenderTableCell {TD} at (123,242) size 3x11 [bgcolor=#044F4F] [r=22 c=41 rs=1 cs=1]
              RenderInline {FONT} at (0,0) size 3x11
                RenderText {#text} at (0,0) size 3x11
                  text run at (0,0) width 3: " "
            RenderTableCell {TD} at (126,242) size 3x11 [bgcolor=#044F4F] [r=22 c=42 rs=1 cs=1]
              RenderInline {FONT} at (0,0) size 3x11
                RenderText {#text} at (0,0) size 3x11
                  text run at (0,0) width 3: " "
            RenderTableCell {TD} at (129,242) size 3x11 [bgcolor=#044F4F] [r=22 c=43 rs=1 cs=1]
              RenderInline {FONT} at (0,0) size 3x11
                RenderText {#text} at (0,0) size 3x11
                  text run at (0,0) width 3: " "
            RenderTableCell {TD} at (132,242) size 3x11 [bgcolor=#044F4F] [r=22 c=44 rs=1 cs=1]
              RenderInline {FONT} at (0,0) size 3x11
                RenderText {#text} at (0,0) size 3x11
                  text run at (0,0) width 3: " "
            RenderTableCell {TD} at (135,242) size 3x11 [bgcolor=#044F4F] [r=22 c=45 rs=1 cs=1]
              RenderInline {FONT} at (0,0) size 3x11
                RenderText {#text} at (0,0) size 3x11
                  text run at (0,0) width 3: " "
            RenderTableCell {TD} at (138,242) size 3x11 [bgcolor=#044F4F] [r=22 c=46 rs=1 cs=1]
              RenderInline {FONT} at (0,0) size 3x11
                RenderText {#text} at (0,0) size 3x11
                  text run at (0,0) width 3: " "
            RenderTableCell {TD} at (141,242) size 3x11 [bgcolor=#044F4F] [r=22 c=47 rs=1 cs=1]
              RenderInline {FONT} at (0,0) size 3x11
                RenderText {#text} at (0,0) size 3x11
                  text run at (0,0) width 3: " "
            RenderTableCell {TD} at (144,242) size 3x11 [bgcolor=#044F4F] [r=22 c=48 rs=1 cs=1]
              RenderInline {FONT} at (0,0) size 3x11
                RenderText {#text} at (0,0) size 3x11
                  text run at (0,0) width 3: " "
            RenderTableCell {TD} at (147,242) size 3x11 [bgcolor=#044F4F] [r=22 c=49 rs=1 cs=1]
              RenderInline {FONT} at (0,0) size 3x11
                RenderText {#text} at (0,0) size 3x11
                  text run at (0,0) width 3: " "
            RenderTableCell {TD} at (150,242) size 3x11 [bgcolor=#044140] [r=22 c=50 rs=1 cs=1]
              RenderInline {FONT} at (0,0) size 3x11
                RenderText {#text} at (0,0) size 3x11
                  text run at (0,0) width 3: " "
            RenderTableCell {TD} at (153,242) size 3x11 [bgcolor=#083131] [r=22 c=51 rs=1 cs=1]
              RenderInline {FONT} at (0,0) size 3x11
                RenderText {#text} at (0,0) size 3x11
                  text run at (0,0) width 3: " "
            RenderTableCell {TD} at (156,242) size 3x11 [bgcolor=#696A69] [r=22 c=52 rs=1 cs=1]
              RenderInline {FONT} at (0,0) size 3x11
                RenderText {#text} at (0,0) size 3x11
                  text run at (0,0) width 3: " "
            RenderTableCell {TD} at (159,242) size 3x11 [bgcolor=#B4B4B4] [r=22 c=53 rs=1 cs=1]
              RenderInline {FONT} at (0,0) size 3x11
                RenderText {#text} at (0,0) size 3x11
                  text run at (0,0) width 3: " "
            RenderTableCell {TD} at (162,242) size 3x11 [bgcolor=#DEDFDF] [r=22 c=54 rs=1 cs=1]
              RenderInline {FONT} at (0,0) size 3x11
                RenderText {#text} at (0,0) size 3x11
                  text run at (0,0) width 3: " "
            RenderTableCell {TD} at (165,242) size 3x11 [bgcolor=#FDFDFB] [r=22 c=55 rs=1 cs=1]
              RenderInline {FONT} at (0,0) size 3x11
                RenderText {#text} at (0,0) size 3x11
                  text run at (0,0) width 3: " "
            RenderTableCell {TD} at (168,242) size 3x11 [bgcolor=#FDFDFB] [r=22 c=56 rs=1 cs=1]
              RenderInline {FONT} at (0,0) size 3x11
                RenderText {#text} at (0,0) size 3x11
                  text run at (0,0) width 3: " "
            RenderTableCell {TD} at (171,242) size 3x11 [bgcolor=#FDFDFB] [r=22 c=57 rs=1 cs=1]
              RenderInline {FONT} at (0,0) size 3x11
                RenderText {#text} at (0,0) size 3x11
                  text run at (0,0) width 3: " "
            RenderTableCell {TD} at (174,242) size 3x11 [bgcolor=#FDFDFB] [r=22 c=58 rs=1 cs=1]
              RenderInline {FONT} at (0,0) size 3x11
                RenderText {#text} at (0,0) size 3x11
                  text run at (0,0) width 3: " "
            RenderTableCell {TD} at (177,242) size 3x11 [bgcolor=#FDFDFB] [r=22 c=59 rs=1 cs=1]
              RenderInline {FONT} at (0,0) size 3x11
                RenderText {#text} at (0,0) size 3x11
                  text run at (0,0) width 3: " "
            RenderTableCell {TD} at (180,242) size 3x11 [bgcolor=#FDFDFB] [r=22 c=60 rs=1 cs=1]
              RenderInline {FONT} at (0,0) size 3x11
                RenderText {#text} at (0,0) size 3x11
                  text run at (0,0) width 3: " "
            RenderTableCell {TD} at (183,242) size 3x11 [bgcolor=#FDFDFB] [r=22 c=61 rs=1 cs=1]
              RenderInline {FONT} at (0,0) size 3x11
                RenderText {#text} at (0,0) size 3x11
                  text run at (0,0) width 3: " "
            RenderTableCell {TD} at (186,242) size 3x11 [bgcolor=#EDEEEF] [r=22 c=62 rs=1 cs=1]
              RenderInline {FONT} at (0,0) size 3x11
                RenderText {#text} at (0,0) size 3x11
                  text run at (0,0) width 3: " "
            RenderTableCell {TD} at (189,242) size 3x11 [bgcolor=#BEC2C2] [r=22 c=63 rs=1 cs=1]
              RenderInline {FONT} at (0,0) size 3x11
                RenderText {#text} at (0,0) size 3x11
                  text run at (0,0) width 3: " "
            RenderTableCell {TD} at (192,242) size 3x11 [bgcolor=#396B6A] [r=22 c=64 rs=1 cs=1]
              RenderInline {FONT} at (0,0) size 3x11
                RenderText {#text} at (0,0) size 3x11
                  text run at (0,0) width 3: " "
            RenderTableCell {TD} at (195,242) size 3x11 [bgcolor=#044F4F] [r=22 c=65 rs=1 cs=1]
              RenderInline {FONT} at (0,0) size 3x11
                RenderText {#text} at (0,0) size 3x11
                  text run at (0,0) width 3: " "
            RenderTableCell {TD} at (198,242) size 3x11 [bgcolor=#044F4F] [r=22 c=66 rs=1 cs=1]
              RenderInline {FONT} at (0,0) size 3x11
                RenderText {#text} at (0,0) size 3x11
                  text run at (0,0) width 3: " "
            RenderTableCell {TD} at (201,242) size 3x11 [bgcolor=#025E5E] [r=22 c=67 rs=1 cs=1]
              RenderInline {FONT} at (0,0) size 3x11
                RenderText {#text} at (0,0) size 3x11
                  text run at (0,0) width 3: " "
            RenderTableCell {TD} at (204,242) size 3x11 [bgcolor=#025E5E] [r=22 c=68 rs=1 cs=1]
              RenderInline {FONT} at (0,0) size 3x11
                RenderText {#text} at (0,0) size 3x11
                  text run at (0,0) width 3: " "
            RenderTableCell {TD} at (207,242) size 3x11 [bgcolor=#025E5E] [r=22 c=69 rs=1 cs=1]
              RenderInline {FONT} at (0,0) size 3x11
                RenderText {#text} at (0,0) size 3x11
                  text run at (0,0) width 3: " "
            RenderTableCell {TD} at (210,242) size 3x11 [bgcolor=#025E5E] [r=22 c=70 rs=1 cs=1]
              RenderInline {FONT} at (0,0) size 3x11
                RenderText {#text} at (0,0) size 3x11
                  text run at (0,0) width 3: " "
            RenderTableCell {TD} at (213,242) size 3x11 [bgcolor=#025E5E] [r=22 c=71 rs=1 cs=1]
              RenderInline {FONT} at (0,0) size 3x11
                RenderText {#text} at (0,0) size 3x11
                  text run at (0,0) width 3: " "
            RenderTableCell {TD} at (216,242) size 3x11 [bgcolor=#025E5E] [r=22 c=72 rs=1 cs=1]
              RenderInline {FONT} at (0,0) size 3x11
                RenderText {#text} at (0,0) size 3x11
                  text run at (0,0) width 3: " "
            RenderTableCell {TD} at (219,242) size 3x11 [bgcolor=#025E5E] [r=22 c=73 rs=1 cs=1]
              RenderInline {FONT} at (0,0) size 3x11
                RenderText {#text} at (0,0) size 3x11
                  text run at (0,0) width 3: " "
            RenderTableCell {TD} at (222,242) size 3x11 [bgcolor=#026766] [r=22 c=74 rs=1 cs=1]
              RenderInline {FONT} at (0,0) size 3x11
                RenderText {#text} at (0,0) size 3x11
                  text run at (0,0) width 3: " "
            RenderTableCell {TD} at (225,242) size 3x11 [bgcolor=#026766] [r=22 c=75 rs=1 cs=1]
              RenderInline {FONT} at (0,0) size 3x11
                RenderText {#text} at (0,0) size 3x11
                  text run at (0,0) width 3: " "
            RenderTableCell {TD} at (228,242) size 3x11 [bgcolor=#026766] [r=22 c=76 rs=1 cs=1]
              RenderInline {FONT} at (0,0) size 3x11
                RenderText {#text} at (0,0) size 3x11
                  text run at (0,0) width 3: " "
            RenderTableCell {TD} at (231,242) size 3x11 [bgcolor=#026766] [r=22 c=77 rs=1 cs=1]
              RenderInline {FONT} at (0,0) size 3x11
                RenderText {#text} at (0,0) size 3x11
                  text run at (0,0) width 3: " "
            RenderTableCell {TD} at (234,242) size 3x11 [bgcolor=#026766] [r=22 c=78 rs=1 cs=1]
              RenderInline {FONT} at (0,0) size 3x11
                RenderText {#text} at (0,0) size 3x11
                  text run at (0,0) width 3: " "
            RenderTableCell {TD} at (237,242) size 3x11 [bgcolor=#026766] [r=22 c=79 rs=1 cs=1]
              RenderInline {FONT} at (0,0) size 3x11
                RenderText {#text} at (0,0) size 3x11
                  text run at (0,0) width 3: " "
            RenderTableCell {TD} at (240,242) size 3x11 [bgcolor=#026766] [r=22 c=80 rs=1 cs=1]
              RenderInline {FONT} at (0,0) size 3x11
                RenderText {#text} at (0,0) size 3x11
                  text run at (0,0) width 3: " "
            RenderTableCell {TD} at (243,242) size 3x11 [bgcolor=#026766] [r=22 c=81 rs=1 cs=1]
              RenderInline {FONT} at (0,0) size 3x11
                RenderText {#text} at (0,0) size 3x11
                  text run at (0,0) width 3: " "
            RenderTableCell {TD} at (246,242) size 3x11 [bgcolor=#026766] [r=22 c=82 rs=1 cs=1]
              RenderInline {FONT} at (0,0) size 3x11
                RenderText {#text} at (0,0) size 3x11
                  text run at (0,0) width 3: " "
            RenderTableCell {TD} at (249,242) size 3x11 [bgcolor=#026766] [r=22 c=83 rs=1 cs=1]
              RenderInline {FONT} at (0,0) size 3x11
                RenderText {#text} at (0,0) size 3x11
                  text run at (0,0) width 3: " "
            RenderTableCell {TD} at (252,242) size 3x11 [bgcolor=#026766] [r=22 c=84 rs=1 cs=1]
              RenderInline {FONT} at (0,0) size 3x11
                RenderText {#text} at (0,0) size 3x11
                  text run at (0,0) width 3: " "
            RenderTableCell {TD} at (255,242) size 3x11 [bgcolor=#026766] [r=22 c=85 rs=1 cs=1]
              RenderInline {FONT} at (0,0) size 3x11
                RenderText {#text} at (0,0) size 3x11
                  text run at (0,0) width 3: " "
            RenderTableCell {TD} at (258,242) size 3x11 [bgcolor=#026766] [r=22 c=86 rs=1 cs=1]
              RenderInline {FONT} at (0,0) size 3x11
                RenderText {#text} at (0,0) size 3x11
                  text run at (0,0) width 3: " "
            RenderTableCell {TD} at (261,242) size 3x11 [bgcolor=#026766] [r=22 c=87 rs=1 cs=1]
              RenderInline {FONT} at (0,0) size 3x11
                RenderText {#text} at (0,0) size 3x11
                  text run at (0,0) width 3: " "
            RenderTableCell {TD} at (264,242) size 3x11 [bgcolor=#026766] [r=22 c=88 rs=1 cs=1]
              RenderInline {FONT} at (0,0) size 3x11
                RenderText {#text} at (0,0) size 3x11
                  text run at (0,0) width 3: " "
            RenderTableCell {TD} at (267,242) size 3x11 [bgcolor=#026766] [r=22 c=89 rs=1 cs=1]
              RenderInline {FONT} at (0,0) size 3x11
                RenderText {#text} at (0,0) size 3x11
                  text run at (0,0) width 3: " "
            RenderTableCell {TD} at (270,242) size 3x11 [bgcolor=#026766] [r=22 c=90 rs=1 cs=1]
              RenderInline {FONT} at (0,0) size 3x11
                RenderText {#text} at (0,0) size 3x11
                  text run at (0,0) width 3: " "
            RenderTableCell {TD} at (273,242) size 3x11 [bgcolor=#025E5E] [r=22 c=91 rs=1 cs=1]
              RenderInline {FONT} at (0,0) size 3x11
                RenderText {#text} at (0,0) size 3x11
                  text run at (0,0) width 3: " "
            RenderTableCell {TD} at (276,242) size 3x11 [bgcolor=#044F4F] [r=22 c=92 rs=1 cs=1]
              RenderInline {FONT} at (0,0) size 3x11
                RenderText {#text} at (0,0) size 3x11
                  text run at (0,0) width 3: " "
            RenderTableCell {TD} at (279,242) size 3x11 [bgcolor=#044140] [r=22 c=93 rs=1 cs=1]
              RenderInline {FONT} at (0,0) size 3x11
                RenderText {#text} at (0,0) size 3x11
                  text run at (0,0) width 3: " "
            RenderTableCell {TD} at (282,242) size 3x11 [bgcolor=#425A5A] [r=22 c=94 rs=1 cs=1]
              RenderInline {FONT} at (0,0) size 3x11
                RenderText {#text} at (0,0) size 3x11
                  text run at (0,0) width 3: " "
            RenderTableCell {TD} at (285,242) size 3x11 [bgcolor=#A5A6A6] [r=22 c=95 rs=1 cs=1]
              RenderInline {FONT} at (0,0) size 3x11
                RenderText {#text} at (0,0) size 3x11
                  text run at (0,0) width 3: " "
            RenderTableCell {TD} at (288,242) size 3x11 [bgcolor=#CECFCF] [r=22 c=96 rs=1 cs=1]
              RenderInline {FONT} at (0,0) size 3x11
                RenderText {#text} at (0,0) size 3x11
                  text run at (0,0) width 3: " "
            RenderTableCell {TD} at (291,242) size 3x11 [bgcolor=#FDFDFB] [r=22 c=97 rs=1 cs=1]
              RenderInline {FONT} at (0,0) size 3x11
                RenderText {#text} at (0,0) size 3x11
                  text run at (0,0) width 3: " "
            RenderTableCell {TD} at (294,242) size 3x11 [bgcolor=#FDFDFB] [r=22 c=98 rs=1 cs=1]
              RenderInline {FONT} at (0,0) size 3x11
                RenderText {#text} at (0,0) size 3x11
                  text run at (0,0) width 3: " "
            RenderTableCell {TD} at (297,242) size 3x11 [bgcolor=#FDFDFB] [r=22 c=99 rs=1 cs=1]
              RenderInline {FONT} at (0,0) size 3x11
                RenderText {#text} at (0,0) size 3x11
                  text run at (0,0) width 3: " "
          RenderTableRow {TR} at (0,253) size 300x11
            RenderTableCell {TD} at (0,253) size 3x11 [bgcolor=#FDFDFB] [r=23 c=0 rs=1 cs=1]
              RenderInline {FONT} at (0,0) size 3x11
                RenderText {#text} at (0,0) size 3x11
                  text run at (0,0) width 3: " "
            RenderTableCell {TD} at (3,253) size 3x11 [bgcolor=#FDFDFB] [r=23 c=1 rs=1 cs=1]
              RenderInline {FONT} at (0,0) size 3x11
                RenderText {#text} at (0,0) size 3x11
                  text run at (0,0) width 3: " "
            RenderTableCell {TD} at (6,253) size 3x11 [bgcolor=#FDFDFB] [r=23 c=2 rs=1 cs=1]
              RenderInline {FONT} at (0,0) size 3x11
                RenderText {#text} at (0,0) size 3x11
                  text run at (0,0) width 3: " "
            RenderTableCell {TD} at (9,253) size 3x11 [bgcolor=#FDFDFB] [r=23 c=3 rs=1 cs=1]
              RenderInline {FONT} at (0,0) size 3x11
                RenderText {#text} at (0,0) size 3x11
                  text run at (0,0) width 3: " "
            RenderTableCell {TD} at (12,253) size 3x11 [bgcolor=#FDFDFB] [r=23 c=4 rs=1 cs=1]
              RenderInline {FONT} at (0,0) size 3x11
                RenderText {#text} at (0,0) size 3x11
                  text run at (0,0) width 3: " "
            RenderTableCell {TD} at (15,253) size 3x11 [bgcolor=#EDEEEF] [r=23 c=5 rs=1 cs=1]
              RenderInline {FONT} at (0,0) size 3x11
                RenderText {#text} at (0,0) size 3x11
                  text run at (0,0) width 3: " "
            RenderTableCell {TD} at (18,253) size 3x11 [bgcolor=#DEDFDF] [r=23 c=6 rs=1 cs=1]
              RenderInline {FONT} at (0,0) size 3x11
                RenderText {#text} at (0,0) size 3x11
                  text run at (0,0) width 3: " "
            RenderTableCell {TD} at (21,253) size 3x11 [bgcolor=#B4B4B4] [r=23 c=7 rs=1 cs=1]
              RenderInline {FONT} at (0,0) size 3x11
                RenderText {#text} at (0,0) size 3x11
                  text run at (0,0) width 3: " "
            RenderTableCell {TD} at (24,253) size 3x11 [bgcolor=#848788] [r=23 c=8 rs=1 cs=1]
              RenderInline {FONT} at (0,0) size 3x11
                RenderText {#text} at (0,0) size 3x11
                  text run at (0,0) width 3: " "
            RenderTableCell {TD} at (27,253) size 3x11 [bgcolor=#305D5D] [r=23 c=9 rs=1 cs=1]
              RenderInline {FONT} at (0,0) size 3x11
                RenderText {#text} at (0,0) size 3x11
                  text run at (0,0) width 3: " "
            RenderTableCell {TD} at (30,253) size 3x11 [bgcolor=#044F4F] [r=23 c=10 rs=1 cs=1]
              RenderInline {FONT} at (0,0) size 3x11
                RenderText {#text} at (0,0) size 3x11
                  text run at (0,0) width 3: " "
            RenderTableCell {TD} at (33,253) size 3x11 [bgcolor=#044140] [r=23 c=11 rs=1 cs=1]
              RenderInline {FONT} at (0,0) size 3x11
                RenderText {#text} at (0,0) size 3x11
                  text run at (0,0) width 3: " "
            RenderTableCell {TD} at (36,253) size 3x11 [bgcolor=#044F4F] [r=23 c=12 rs=1 cs=1]
              RenderInline {FONT} at (0,0) size 3x11
                RenderText {#text} at (0,0) size 3x11
                  text run at (0,0) width 3: " "
            RenderTableCell {TD} at (39,253) size 3x11 [bgcolor=#044F4F] [r=23 c=13 rs=1 cs=1]
              RenderInline {FONT} at (0,0) size 3x11
                RenderText {#text} at (0,0) size 3x11
                  text run at (0,0) width 3: " "
            RenderTableCell {TD} at (42,253) size 3x11 [bgcolor=#044F4F] [r=23 c=14 rs=1 cs=1]
              RenderInline {FONT} at (0,0) size 3x11
                RenderText {#text} at (0,0) size 3x11
                  text run at (0,0) width 3: " "
            RenderTableCell {TD} at (45,253) size 3x11 [bgcolor=#044F4F] [r=23 c=15 rs=1 cs=1]
              RenderInline {FONT} at (0,0) size 3x11
                RenderText {#text} at (0,0) size 3x11
                  text run at (0,0) width 3: " "
            RenderTableCell {TD} at (48,253) size 3x11 [bgcolor=#025E5E] [r=23 c=16 rs=1 cs=1]
              RenderInline {FONT} at (0,0) size 3x11
                RenderText {#text} at (0,0) size 3x11
                  text run at (0,0) width 3: " "
            RenderTableCell {TD} at (51,253) size 3x11 [bgcolor=#025E5E] [r=23 c=17 rs=1 cs=1]
              RenderInline {FONT} at (0,0) size 3x11
                RenderText {#text} at (0,0) size 3x11
                  text run at (0,0) width 3: " "
            RenderTableCell {TD} at (54,253) size 3x11 [bgcolor=#044F4F] [r=23 c=18 rs=1 cs=1]
              RenderInline {FONT} at (0,0) size 3x11
                RenderText {#text} at (0,0) size 3x11
                  text run at (0,0) width 3: " "
            RenderTableCell {TD} at (57,253) size 3x11 [bgcolor=#044F4F] [r=23 c=19 rs=1 cs=1]
              RenderInline {FONT} at (0,0) size 3x11
                RenderText {#text} at (0,0) size 3x11
                  text run at (0,0) width 3: " "
            RenderTableCell {TD} at (60,253) size 3x11 [bgcolor=#044140] [r=23 c=20 rs=1 cs=1]
              RenderInline {FONT} at (0,0) size 3x11
                RenderText {#text} at (0,0) size 3x11
                  text run at (0,0) width 3: " "
            RenderTableCell {TD} at (63,253) size 3x11 [bgcolor=#044140] [r=23 c=21 rs=1 cs=1]
              RenderInline {FONT} at (0,0) size 3x11
                RenderText {#text} at (0,0) size 3x11
                  text run at (0,0) width 3: " "
            RenderTableCell {TD} at (66,253) size 3x11 [bgcolor=#083131] [r=23 c=22 rs=1 cs=1]
              RenderInline {FONT} at (0,0) size 3x11
                RenderText {#text} at (0,0) size 3x11
                  text run at (0,0) width 3: " "
            RenderTableCell {TD} at (69,253) size 3x11 [bgcolor=#083131] [r=23 c=23 rs=1 cs=1]
              RenderInline {FONT} at (0,0) size 3x11
                RenderText {#text} at (0,0) size 3x11
                  text run at (0,0) width 3: " "
            RenderTableCell {TD} at (72,253) size 3x11 [bgcolor=#344C4E] [r=23 c=24 rs=1 cs=1]
              RenderInline {FONT} at (0,0) size 3x11
                RenderText {#text} at (0,0) size 3x11
                  text run at (0,0) width 3: " "
            RenderTableCell {TD} at (75,253) size 3x11 [bgcolor=#5E5F60] [r=23 c=25 rs=1 cs=1]
              RenderInline {FONT} at (0,0) size 3x11
                RenderText {#text} at (0,0) size 3x11
                  text run at (0,0) width 3: " "
            RenderTableCell {TD} at (78,253) size 3x11 [bgcolor=#777878] [r=23 c=26 rs=1 cs=1]
              RenderInline {FONT} at (0,0) size 3x11
                RenderText {#text} at (0,0) size 3x11
                  text run at (0,0) width 3: " "
            RenderTableCell {TD} at (81,253) size 3x11 [bgcolor=#939494] [r=23 c=27 rs=1 cs=1]
              RenderInline {FONT} at (0,0) size 3x11
                RenderText {#text} at (0,0) size 3x11
                  text run at (0,0) width 3: " "
            RenderTableCell {TD} at (84,253) size 3x11 [bgcolor=#B4B4B4] [r=23 c=28 rs=1 cs=1]
              RenderInline {FONT} at (0,0) size 3x11
                RenderText {#text} at (0,0) size 3x11
                  text run at (0,0) width 3: " "
            RenderTableCell {TD} at (87,253) size 3x11 [bgcolor=#CECFCF] [r=23 c=29 rs=1 cs=1]
              RenderInline {FONT} at (0,0) size 3x11
                RenderText {#text} at (0,0) size 3x11
                  text run at (0,0) width 3: " "
            RenderTableCell {TD} at (90,253) size 3x11 [bgcolor=#EDEEEF] [r=23 c=30 rs=1 cs=1]
              RenderInline {FONT} at (0,0) size 3x11
                RenderText {#text} at (0,0) size 3x11
                  text run at (0,0) width 3: " "
            RenderTableCell {TD} at (93,253) size 3x11 [bgcolor=#FDFDFB] [r=23 c=31 rs=1 cs=1]
              RenderInline {FONT} at (0,0) size 3x11
                RenderText {#text} at (0,0) size 3x11
                  text run at (0,0) width 3: " "
            RenderTableCell {TD} at (96,253) size 3x11 [bgcolor=#FDFDFB] [r=23 c=32 rs=1 cs=1]
              RenderInline {FONT} at (0,0) size 3x11
                RenderText {#text} at (0,0) size 3x11
                  text run at (0,0) width 3: " "
            RenderTableCell {TD} at (99,253) size 3x11 [bgcolor=#FDFDFB] [r=23 c=33 rs=1 cs=1]
              RenderInline {FONT} at (0,0) size 3x11
                RenderText {#text} at (0,0) size 3x11
                  text run at (0,0) width 3: " "
            RenderTableCell {TD} at (102,253) size 3x11 [bgcolor=#FDFDFB] [r=23 c=34 rs=1 cs=1]
              RenderInline {FONT} at (0,0) size 3x11
                RenderText {#text} at (0,0) size 3x11
                  text run at (0,0) width 3: " "
            RenderTableCell {TD} at (105,253) size 3x11 [bgcolor=#E0EAE9] [r=23 c=35 rs=1 cs=1]
              RenderInline {FONT} at (0,0) size 3x11
                RenderText {#text} at (0,0) size 3x11
                  text run at (0,0) width 3: " "
            RenderTableCell {TD} at (108,253) size 3x11 [bgcolor=#025E5E] [r=23 c=36 rs=1 cs=1]
              RenderInline {FONT} at (0,0) size 3x11
                RenderText {#text} at (0,0) size 3x11
                  text run at (0,0) width 3: " "
            RenderTableCell {TD} at (111,253) size 3x11 [bgcolor=#044F4F] [r=23 c=37 rs=1 cs=1]
              RenderInline {FONT} at (0,0) size 3x11
                RenderText {#text} at (0,0) size 3x11
                  text run at (0,0) width 3: " "
            RenderTableCell {TD} at (114,253) size 3x11 [bgcolor=#044140] [r=23 c=38 rs=1 cs=1]
              RenderInline {FONT} at (0,0) size 3x11
                RenderText {#text} at (0,0) size 3x11
                  text run at (0,0) width 3: " "
            RenderTableCell {TD} at (117,253) size 3x11 [bgcolor=#044140] [r=23 c=39 rs=1 cs=1]
              RenderInline {FONT} at (0,0) size 3x11
                RenderText {#text} at (0,0) size 3x11
                  text run at (0,0) width 3: " "
            RenderTableCell {TD} at (120,253) size 3x11 [bgcolor=#044140] [r=23 c=40 rs=1 cs=1]
              RenderInline {FONT} at (0,0) size 3x11
                RenderText {#text} at (0,0) size 3x11
                  text run at (0,0) width 3: " "
            RenderTableCell {TD} at (123,253) size 3x11 [bgcolor=#044140] [r=23 c=41 rs=1 cs=1]
              RenderInline {FONT} at (0,0) size 3x11
                RenderText {#text} at (0,0) size 3x11
                  text run at (0,0) width 3: " "
            RenderTableCell {TD} at (126,253) size 3x11 [bgcolor=#044140] [r=23 c=42 rs=1 cs=1]
              RenderInline {FONT} at (0,0) size 3x11
                RenderText {#text} at (0,0) size 3x11
                  text run at (0,0) width 3: " "
            RenderTableCell {TD} at (129,253) size 3x11 [bgcolor=#044140] [r=23 c=43 rs=1 cs=1]
              RenderInline {FONT} at (0,0) size 3x11
                RenderText {#text} at (0,0) size 3x11
                  text run at (0,0) width 3: " "
            RenderTableCell {TD} at (132,253) size 3x11 [bgcolor=#044140] [r=23 c=44 rs=1 cs=1]
              RenderInline {FONT} at (0,0) size 3x11
                RenderText {#text} at (0,0) size 3x11
                  text run at (0,0) width 3: " "
            RenderTableCell {TD} at (135,253) size 3x11 [bgcolor=#044140] [r=23 c=45 rs=1 cs=1]
              RenderInline {FONT} at (0,0) size 3x11
                RenderText {#text} at (0,0) size 3x11
                  text run at (0,0) width 3: " "
            RenderTableCell {TD} at (138,253) size 3x11 [bgcolor=#044140] [r=23 c=46 rs=1 cs=1]
              RenderInline {FONT} at (0,0) size 3x11
                RenderText {#text} at (0,0) size 3x11
                  text run at (0,0) width 3: " "
            RenderTableCell {TD} at (141,253) size 3x11 [bgcolor=#044140] [r=23 c=47 rs=1 cs=1]
              RenderInline {FONT} at (0,0) size 3x11
                RenderText {#text} at (0,0) size 3x11
                  text run at (0,0) width 3: " "
            RenderTableCell {TD} at (144,253) size 3x11 [bgcolor=#044140] [r=23 c=48 rs=1 cs=1]
              RenderInline {FONT} at (0,0) size 3x11
                RenderText {#text} at (0,0) size 3x11
                  text run at (0,0) width 3: " "
            RenderTableCell {TD} at (147,253) size 3x11 [bgcolor=#044140] [r=23 c=49 rs=1 cs=1]
              RenderInline {FONT} at (0,0) size 3x11
                RenderText {#text} at (0,0) size 3x11
                  text run at (0,0) width 3: " "
            RenderTableCell {TD} at (150,253) size 3x11 [bgcolor=#083131] [r=23 c=50 rs=1 cs=1]
              RenderInline {FONT} at (0,0) size 3x11
                RenderText {#text} at (0,0) size 3x11
                  text run at (0,0) width 3: " "
            RenderTableCell {TD} at (153,253) size 3x11 [bgcolor=#072323] [r=23 c=51 rs=1 cs=1]
              RenderInline {FONT} at (0,0) size 3x11
                RenderText {#text} at (0,0) size 3x11
                  text run at (0,0) width 3: " "
            RenderTableCell {TD} at (156,253) size 3x11 [bgcolor=#647979] [r=23 c=52 rs=1 cs=1]
              RenderInline {FONT} at (0,0) size 3x11
                RenderText {#text} at (0,0) size 3x11
                  text run at (0,0) width 3: " "
            RenderTableCell {TD} at (159,253) size 3x11 [bgcolor=#B4B4B4] [r=23 c=53 rs=1 cs=1]
              RenderInline {FONT} at (0,0) size 3x11
                RenderText {#text} at (0,0) size 3x11
                  text run at (0,0) width 3: " "
            RenderTableCell {TD} at (162,253) size 3x11 [bgcolor=#E0EAE9] [r=23 c=54 rs=1 cs=1]
              RenderInline {FONT} at (0,0) size 3x11
                RenderText {#text} at (0,0) size 3x11
                  text run at (0,0) width 3: " "
            RenderTableCell {TD} at (165,253) size 3x11 [bgcolor=#FDFDFB] [r=23 c=55 rs=1 cs=1]
              RenderInline {FONT} at (0,0) size 3x11
                RenderText {#text} at (0,0) size 3x11
                  text run at (0,0) width 3: " "
            RenderTableCell {TD} at (168,253) size 3x11 [bgcolor=#FDFDFB] [r=23 c=56 rs=1 cs=1]
              RenderInline {FONT} at (0,0) size 3x11
                RenderText {#text} at (0,0) size 3x11
                  text run at (0,0) width 3: " "
            RenderTableCell {TD} at (171,253) size 3x11 [bgcolor=#FDFDFB] [r=23 c=57 rs=1 cs=1]
              RenderInline {FONT} at (0,0) size 3x11
                RenderText {#text} at (0,0) size 3x11
                  text run at (0,0) width 3: " "
            RenderTableCell {TD} at (174,253) size 3x11 [bgcolor=#FDFDFB] [r=23 c=58 rs=1 cs=1]
              RenderInline {FONT} at (0,0) size 3x11
                RenderText {#text} at (0,0) size 3x11
                  text run at (0,0) width 3: " "
            RenderTableCell {TD} at (177,253) size 3x11 [bgcolor=#FDFDFB] [r=23 c=59 rs=1 cs=1]
              RenderInline {FONT} at (0,0) size 3x11
                RenderText {#text} at (0,0) size 3x11
                  text run at (0,0) width 3: " "
            RenderTableCell {TD} at (180,253) size 3x11 [bgcolor=#FDFDFB] [r=23 c=60 rs=1 cs=1]
              RenderInline {FONT} at (0,0) size 3x11
                RenderText {#text} at (0,0) size 3x11
                  text run at (0,0) width 3: " "
            RenderTableCell {TD} at (183,253) size 3x11 [bgcolor=#FDFDFB] [r=23 c=61 rs=1 cs=1]
              RenderInline {FONT} at (0,0) size 3x11
                RenderText {#text} at (0,0) size 3x11
                  text run at (0,0) width 3: " "
            RenderTableCell {TD} at (186,253) size 3x11 [bgcolor=#FDFDFB] [r=23 c=62 rs=1 cs=1]
              RenderInline {FONT} at (0,0) size 3x11
                RenderText {#text} at (0,0) size 3x11
                  text run at (0,0) width 3: " "
            RenderTableCell {TD} at (189,253) size 3x11 [bgcolor=#E0EAE9] [r=23 c=63 rs=1 cs=1]
              RenderInline {FONT} at (0,0) size 3x11
                RenderText {#text} at (0,0) size 3x11
                  text run at (0,0) width 3: " "
            RenderTableCell {TD} at (192,253) size 3x11 [bgcolor=#BEC2C2] [r=23 c=64 rs=1 cs=1]
              RenderInline {FONT} at (0,0) size 3x11
                RenderText {#text} at (0,0) size 3x11
                  text run at (0,0) width 3: " "
            RenderTableCell {TD} at (195,253) size 3x11 [bgcolor=#7B918F] [r=23 c=65 rs=1 cs=1]
              RenderInline {FONT} at (0,0) size 3x11
                RenderText {#text} at (0,0) size 3x11
                  text run at (0,0) width 3: " "
            RenderTableCell {TD} at (198,253) size 3x11 [bgcolor=#305D5D] [r=23 c=66 rs=1 cs=1]
              RenderInline {FONT} at (0,0) size 3x11
                RenderText {#text} at (0,0) size 3x11
                  text run at (0,0) width 3: " "
            RenderTableCell {TD} at (201,253) size 3x11 [bgcolor=#044F4F] [r=23 c=67 rs=1 cs=1]
              RenderInline {FONT} at (0,0) size 3x11
                RenderText {#text} at (0,0) size 3x11
                  text run at (0,0) width 3: " "
            RenderTableCell {TD} at (204,253) size 3x11 [bgcolor=#044F4F] [r=23 c=68 rs=1 cs=1]
              RenderInline {FONT} at (0,0) size 3x11
                RenderText {#text} at (0,0) size 3x11
                  text run at (0,0) width 3: " "
            RenderTableCell {TD} at (207,253) size 3x11 [bgcolor=#044F4F] [r=23 c=69 rs=1 cs=1]
              RenderInline {FONT} at (0,0) size 3x11
                RenderText {#text} at (0,0) size 3x11
                  text run at (0,0) width 3: " "
            RenderTableCell {TD} at (210,253) size 3x11 [bgcolor=#044F4F] [r=23 c=70 rs=1 cs=1]
              RenderInline {FONT} at (0,0) size 3x11
                RenderText {#text} at (0,0) size 3x11
                  text run at (0,0) width 3: " "
            RenderTableCell {TD} at (213,253) size 3x11 [bgcolor=#044F4F] [r=23 c=71 rs=1 cs=1]
              RenderInline {FONT} at (0,0) size 3x11
                RenderText {#text} at (0,0) size 3x11
                  text run at (0,0) width 3: " "
            RenderTableCell {TD} at (216,253) size 3x11 [bgcolor=#044F4F] [r=23 c=72 rs=1 cs=1]
              RenderInline {FONT} at (0,0) size 3x11
                RenderText {#text} at (0,0) size 3x11
                  text run at (0,0) width 3: " "
            RenderTableCell {TD} at (219,253) size 3x11 [bgcolor=#025E5E] [r=23 c=73 rs=1 cs=1]
              RenderInline {FONT} at (0,0) size 3x11
                RenderText {#text} at (0,0) size 3x11
                  text run at (0,0) width 3: " "
            RenderTableCell {TD} at (222,253) size 3x11 [bgcolor=#025E5E] [r=23 c=74 rs=1 cs=1]
              RenderInline {FONT} at (0,0) size 3x11
                RenderText {#text} at (0,0) size 3x11
                  text run at (0,0) width 3: " "
            RenderTableCell {TD} at (225,253) size 3x11 [bgcolor=#025E5E] [r=23 c=75 rs=1 cs=1]
              RenderInline {FONT} at (0,0) size 3x11
                RenderText {#text} at (0,0) size 3x11
                  text run at (0,0) width 3: " "
            RenderTableCell {TD} at (228,253) size 3x11 [bgcolor=#025E5E] [r=23 c=76 rs=1 cs=1]
              RenderInline {FONT} at (0,0) size 3x11
                RenderText {#text} at (0,0) size 3x11
                  text run at (0,0) width 3: " "
            RenderTableCell {TD} at (231,253) size 3x11 [bgcolor=#025E5E] [r=23 c=77 rs=1 cs=1]
              RenderInline {FONT} at (0,0) size 3x11
                RenderText {#text} at (0,0) size 3x11
                  text run at (0,0) width 3: " "
            RenderTableCell {TD} at (234,253) size 3x11 [bgcolor=#026766] [r=23 c=78 rs=1 cs=1]
              RenderInline {FONT} at (0,0) size 3x11
                RenderText {#text} at (0,0) size 3x11
                  text run at (0,0) width 3: " "
            RenderTableCell {TD} at (237,253) size 3x11 [bgcolor=#026766] [r=23 c=79 rs=1 cs=1]
              RenderInline {FONT} at (0,0) size 3x11
                RenderText {#text} at (0,0) size 3x11
                  text run at (0,0) width 3: " "
            RenderTableCell {TD} at (240,253) size 3x11 [bgcolor=#026766] [r=23 c=80 rs=1 cs=1]
              RenderInline {FONT} at (0,0) size 3x11
                RenderText {#text} at (0,0) size 3x11
                  text run at (0,0) width 3: " "
            RenderTableCell {TD} at (243,253) size 3x11 [bgcolor=#026766] [r=23 c=81 rs=1 cs=1]
              RenderInline {FONT} at (0,0) size 3x11
                RenderText {#text} at (0,0) size 3x11
                  text run at (0,0) width 3: " "
            RenderTableCell {TD} at (246,253) size 3x11 [bgcolor=#026766] [r=23 c=82 rs=1 cs=1]
              RenderInline {FONT} at (0,0) size 3x11
                RenderText {#text} at (0,0) size 3x11
                  text run at (0,0) width 3: " "
            RenderTableCell {TD} at (249,253) size 3x11 [bgcolor=#026766] [r=23 c=83 rs=1 cs=1]
              RenderInline {FONT} at (0,0) size 3x11
                RenderText {#text} at (0,0) size 3x11
                  text run at (0,0) width 3: " "
            RenderTableCell {TD} at (252,253) size 3x11 [bgcolor=#026766] [r=23 c=84 rs=1 cs=1]
              RenderInline {FONT} at (0,0) size 3x11
                RenderText {#text} at (0,0) size 3x11
                  text run at (0,0) width 3: " "
            RenderTableCell {TD} at (255,253) size 3x11 [bgcolor=#026766] [r=23 c=85 rs=1 cs=1]
              RenderInline {FONT} at (0,0) size 3x11
                RenderText {#text} at (0,0) size 3x11
                  text run at (0,0) width 3: " "
            RenderTableCell {TD} at (258,253) size 3x11 [bgcolor=#026766] [r=23 c=86 rs=1 cs=1]
              RenderInline {FONT} at (0,0) size 3x11
                RenderText {#text} at (0,0) size 3x11
                  text run at (0,0) width 3: " "
            RenderTableCell {TD} at (261,253) size 3x11 [bgcolor=#026766] [r=23 c=87 rs=1 cs=1]
              RenderInline {FONT} at (0,0) size 3x11
                RenderText {#text} at (0,0) size 3x11
                  text run at (0,0) width 3: " "
            RenderTableCell {TD} at (264,253) size 3x11 [bgcolor=#026766] [r=23 c=88 rs=1 cs=1]
              RenderInline {FONT} at (0,0) size 3x11
                RenderText {#text} at (0,0) size 3x11
                  text run at (0,0) width 3: " "
            RenderTableCell {TD} at (267,253) size 3x11 [bgcolor=#026766] [r=23 c=89 rs=1 cs=1]
              RenderInline {FONT} at (0,0) size 3x11
                RenderText {#text} at (0,0) size 3x11
                  text run at (0,0) width 3: " "
            RenderTableCell {TD} at (270,253) size 3x11 [bgcolor=#026766] [r=23 c=90 rs=1 cs=1]
              RenderInline {FONT} at (0,0) size 3x11
                RenderText {#text} at (0,0) size 3x11
                  text run at (0,0) width 3: " "
            RenderTableCell {TD} at (273,253) size 3x11 [bgcolor=#025E5E] [r=23 c=91 rs=1 cs=1]
              RenderInline {FONT} at (0,0) size 3x11
                RenderText {#text} at (0,0) size 3x11
                  text run at (0,0) width 3: " "
            RenderTableCell {TD} at (276,253) size 3x11 [bgcolor=#044F4F] [r=23 c=92 rs=1 cs=1]
              RenderInline {FONT} at (0,0) size 3x11
                RenderText {#text} at (0,0) size 3x11
                  text run at (0,0) width 3: " "
            RenderTableCell {TD} at (279,253) size 3x11 [bgcolor=#044140] [r=23 c=93 rs=1 cs=1]
              RenderInline {FONT} at (0,0) size 3x11
                RenderText {#text} at (0,0) size 3x11
                  text run at (0,0) width 3: " "
            RenderTableCell {TD} at (282,253) size 3x11 [bgcolor=#425A5A] [r=23 c=94 rs=1 cs=1]
              RenderInline {FONT} at (0,0) size 3x11
                RenderText {#text} at (0,0) size 3x11
                  text run at (0,0) width 3: " "
            RenderTableCell {TD} at (285,253) size 3x11 [bgcolor=#A5A6A6] [r=23 c=95 rs=1 cs=1]
              RenderInline {FONT} at (0,0) size 3x11
                RenderText {#text} at (0,0) size 3x11
                  text run at (0,0) width 3: " "
            RenderTableCell {TD} at (288,253) size 3x11 [bgcolor=#CECFCF] [r=23 c=96 rs=1 cs=1]
              RenderInline {FONT} at (0,0) size 3x11
                RenderText {#text} at (0,0) size 3x11
                  text run at (0,0) width 3: " "
            RenderTableCell {TD} at (291,253) size 3x11 [bgcolor=#FDFDFB] [r=23 c=97 rs=1 cs=1]
              RenderInline {FONT} at (0,0) size 3x11
                RenderText {#text} at (0,0) size 3x11
                  text run at (0,0) width 3: " "
            RenderTableCell {TD} at (294,253) size 3x11 [bgcolor=#FDFDFB] [r=23 c=98 rs=1 cs=1]
              RenderInline {FONT} at (0,0) size 3x11
                RenderText {#text} at (0,0) size 3x11
                  text run at (0,0) width 3: " "
            RenderTableCell {TD} at (297,253) size 3x11 [bgcolor=#FDFDFB] [r=23 c=99 rs=1 cs=1]
              RenderInline {FONT} at (0,0) size 3x11
                RenderText {#text} at (0,0) size 3x11
                  text run at (0,0) width 3: " "
          RenderTableRow {TR} at (0,264) size 300x11
            RenderTableCell {TD} at (0,264) size 3x11 [bgcolor=#FDFDFB] [r=24 c=0 rs=1 cs=1]
              RenderInline {FONT} at (0,0) size 3x11
                RenderText {#text} at (0,0) size 3x11
                  text run at (0,0) width 3: " "
            RenderTableCell {TD} at (3,264) size 3x11 [bgcolor=#FDFDFB] [r=24 c=1 rs=1 cs=1]
              RenderInline {FONT} at (0,0) size 3x11
                RenderText {#text} at (0,0) size 3x11
                  text run at (0,0) width 3: " "
            RenderTableCell {TD} at (6,264) size 3x11 [bgcolor=#FDFDFB] [r=24 c=2 rs=1 cs=1]
              RenderInline {FONT} at (0,0) size 3x11
                RenderText {#text} at (0,0) size 3x11
                  text run at (0,0) width 3: " "
            RenderTableCell {TD} at (9,264) size 3x11 [bgcolor=#FDFDFB] [r=24 c=3 rs=1 cs=1]
              RenderInline {FONT} at (0,0) size 3x11
                RenderText {#text} at (0,0) size 3x11
                  text run at (0,0) width 3: " "
            RenderTableCell {TD} at (12,264) size 3x11 [bgcolor=#FDFDFB] [r=24 c=4 rs=1 cs=1]
              RenderInline {FONT} at (0,0) size 3x11
                RenderText {#text} at (0,0) size 3x11
                  text run at (0,0) width 3: " "
            RenderTableCell {TD} at (15,264) size 3x11 [bgcolor=#FDFDFB] [r=24 c=5 rs=1 cs=1]
              RenderInline {FONT} at (0,0) size 3x11
                RenderText {#text} at (0,0) size 3x11
                  text run at (0,0) width 3: " "
            RenderTableCell {TD} at (18,264) size 3x11 [bgcolor=#EDEEEF] [r=24 c=6 rs=1 cs=1]
              RenderInline {FONT} at (0,0) size 3x11
                RenderText {#text} at (0,0) size 3x11
                  text run at (0,0) width 3: " "
            RenderTableCell {TD} at (21,264) size 3x11 [bgcolor=#DEDFDF] [r=24 c=7 rs=1 cs=1]
              RenderInline {FONT} at (0,0) size 3x11
                RenderText {#text} at (0,0) size 3x11
                  text run at (0,0) width 3: " "
            RenderTableCell {TD} at (24,264) size 3x11 [bgcolor=#CECFCF] [r=24 c=8 rs=1 cs=1]
              RenderInline {FONT} at (0,0) size 3x11
                RenderText {#text} at (0,0) size 3x11
                  text run at (0,0) width 3: " "
            RenderTableCell {TD} at (27,264) size 3x11 [bgcolor=#B4B4B4] [r=24 c=9 rs=1 cs=1]
              RenderInline {FONT} at (0,0) size 3x11
                RenderText {#text} at (0,0) size 3x11
                  text run at (0,0) width 3: " "
            RenderTableCell {TD} at (30,264) size 3x11 [bgcolor=#848788] [r=24 c=10 rs=1 cs=1]
              RenderInline {FONT} at (0,0) size 3x11
                RenderText {#text} at (0,0) size 3x11
                  text run at (0,0) width 3: " "
            RenderTableCell {TD} at (33,264) size 3x11 [bgcolor=#527274] [r=24 c=11 rs=1 cs=1]
              RenderInline {FONT} at (0,0) size 3x11
                RenderText {#text} at (0,0) size 3x11
                  text run at (0,0) width 3: " "
            RenderTableCell {TD} at (36,264) size 3x11 [bgcolor=#305D5D] [r=24 c=12 rs=1 cs=1]
              RenderInline {FONT} at (0,0) size 3x11
                RenderText {#text} at (0,0) size 3x11
                  text run at (0,0) width 3: " "
            RenderTableCell {TD} at (39,264) size 3x11 [bgcolor=#044140] [r=24 c=13 rs=1 cs=1]
              RenderInline {FONT} at (0,0) size 3x11
                RenderText {#text} at (0,0) size 3x11
                  text run at (0,0) width 3: " "
            RenderTableCell {TD} at (42,264) size 3x11 [bgcolor=#044140] [r=24 c=14 rs=1 cs=1]
              RenderInline {FONT} at (0,0) size 3x11
                RenderText {#text} at (0,0) size 3x11
                  text run at (0,0) width 3: " "
            RenderTableCell {TD} at (45,264) size 3x11 [bgcolor=#044140] [r=24 c=15 rs=1 cs=1]
              RenderInline {FONT} at (0,0) size 3x11
                RenderText {#text} at (0,0) size 3x11
                  text run at (0,0) width 3: " "
            RenderTableCell {TD} at (48,264) size 3x11 [bgcolor=#044140] [r=24 c=16 rs=1 cs=1]
              RenderInline {FONT} at (0,0) size 3x11
                RenderText {#text} at (0,0) size 3x11
                  text run at (0,0) width 3: " "
            RenderTableCell {TD} at (51,264) size 3x11 [bgcolor=#044140] [r=24 c=17 rs=1 cs=1]
              RenderInline {FONT} at (0,0) size 3x11
                RenderText {#text} at (0,0) size 3x11
                  text run at (0,0) width 3: " "
            RenderTableCell {TD} at (54,264) size 3x11 [bgcolor=#044140] [r=24 c=18 rs=1 cs=1]
              RenderInline {FONT} at (0,0) size 3x11
                RenderText {#text} at (0,0) size 3x11
                  text run at (0,0) width 3: " "
            RenderTableCell {TD} at (57,264) size 3x11 [bgcolor=#044140] [r=24 c=19 rs=1 cs=1]
              RenderInline {FONT} at (0,0) size 3x11
                RenderText {#text} at (0,0) size 3x11
                  text run at (0,0) width 3: " "
            RenderTableCell {TD} at (60,264) size 3x11 [bgcolor=#223C3D] [r=24 c=20 rs=1 cs=1]
              RenderInline {FONT} at (0,0) size 3x11
                RenderText {#text} at (0,0) size 3x11
                  text run at (0,0) width 3: " "
            RenderTableCell {TD} at (63,264) size 3x11 [bgcolor=#344C4E] [r=24 c=21 rs=1 cs=1]
              RenderInline {FONT} at (0,0) size 3x11
                RenderText {#text} at (0,0) size 3x11
                  text run at (0,0) width 3: " "
            RenderTableCell {TD} at (66,264) size 3x11 [bgcolor=#515C5B] [r=24 c=22 rs=1 cs=1]
              RenderInline {FONT} at (0,0) size 3x11
                RenderText {#text} at (0,0) size 3x11
                  text run at (0,0) width 3: " "
            RenderTableCell {TD} at (69,264) size 3x11 [bgcolor=#696A69] [r=24 c=23 rs=1 cs=1]
              RenderInline {FONT} at (0,0) size 3x11
                RenderText {#text} at (0,0) size 3x11
                  text run at (0,0) width 3: " "
            RenderTableCell {TD} at (72,264) size 3x11 [bgcolor=#848788] [r=24 c=24 rs=1 cs=1]
              RenderInline {FONT} at (0,0) size 3x11
                RenderText {#text} at (0,0) size 3x11
                  text run at (0,0) width 3: " "
            RenderTableCell {TD} at (75,264) size 3x11 [bgcolor=#939494] [r=24 c=25 rs=1 cs=1]
              RenderInline {FONT} at (0,0) size 3x11
                RenderText {#text} at (0,0) size 3x11
                  text run at (0,0) width 3: " "
            RenderTableCell {TD} at (78,264) size 3x11 [bgcolor=#B4B4B4] [r=24 c=26 rs=1 cs=1]
              RenderInline {FONT} at (0,0) size 3x11
                RenderText {#text} at (0,0) size 3x11
                  text run at (0,0) width 3: " "
            RenderTableCell {TD} at (81,264) size 3x11 [bgcolor=#BEC2C2] [r=24 c=27 rs=1 cs=1]
              RenderInline {FONT} at (0,0) size 3x11
                RenderText {#text} at (0,0) size 3x11
                  text run at (0,0) width 3: " "
            RenderTableCell {TD} at (84,264) size 3x11 [bgcolor=#DEDFDF] [r=24 c=28 rs=1 cs=1]
              RenderInline {FONT} at (0,0) size 3x11
                RenderText {#text} at (0,0) size 3x11
                  text run at (0,0) width 3: " "
            RenderTableCell {TD} at (87,264) size 3x11 [bgcolor=#EDEEEF] [r=24 c=29 rs=1 cs=1]
              RenderInline {FONT} at (0,0) size 3x11
                RenderText {#text} at (0,0) size 3x11
                  text run at (0,0) width 3: " "
            RenderTableCell {TD} at (90,264) size 3x11 [bgcolor=#FDFDFB] [r=24 c=30 rs=1 cs=1]
              RenderInline {FONT} at (0,0) size 3x11
                RenderText {#text} at (0,0) size 3x11
                  text run at (0,0) width 3: " "
            RenderTableCell {TD} at (93,264) size 3x11 [bgcolor=#FDFDFB] [r=24 c=31 rs=1 cs=1]
              RenderInline {FONT} at (0,0) size 3x11
                RenderText {#text} at (0,0) size 3x11
                  text run at (0,0) width 3: " "
            RenderTableCell {TD} at (96,264) size 3x11 [bgcolor=#FDFDFB] [r=24 c=32 rs=1 cs=1]
              RenderInline {FONT} at (0,0) size 3x11
                RenderText {#text} at (0,0) size 3x11
                  text run at (0,0) width 3: " "
            RenderTableCell {TD} at (99,264) size 3x11 [bgcolor=#FDFDFB] [r=24 c=33 rs=1 cs=1]
              RenderInline {FONT} at (0,0) size 3x11
                RenderText {#text} at (0,0) size 3x11
                  text run at (0,0) width 3: " "
            RenderTableCell {TD} at (102,264) size 3x11 [bgcolor=#FDFDFB] [r=24 c=34 rs=1 cs=1]
              RenderInline {FONT} at (0,0) size 3x11
                RenderText {#text} at (0,0) size 3x11
                  text run at (0,0) width 3: " "
            RenderTableCell {TD} at (105,264) size 3x11 [bgcolor=#EDEEEF] [r=24 c=35 rs=1 cs=1]
              RenderInline {FONT} at (0,0) size 3x11
                RenderText {#text} at (0,0) size 3x11
                  text run at (0,0) width 3: " "
            RenderTableCell {TD} at (108,264) size 3x11 [bgcolor=#91A3A3] [r=24 c=36 rs=1 cs=1]
              RenderInline {FONT} at (0,0) size 3x11
                RenderText {#text} at (0,0) size 3x11
                  text run at (0,0) width 3: " "
            RenderTableCell {TD} at (111,264) size 3x11 [bgcolor=#7B918F] [r=24 c=37 rs=1 cs=1]
              RenderInline {FONT} at (0,0) size 3x11
                RenderText {#text} at (0,0) size 3x11
                  text run at (0,0) width 3: " "
            RenderTableCell {TD} at (114,264) size 3x11 [bgcolor=#526B6B] [r=24 c=38 rs=1 cs=1]
              RenderInline {FONT} at (0,0) size 3x11
                RenderText {#text} at (0,0) size 3x11
                  text run at (0,0) width 3: " "
            RenderTableCell {TD} at (117,264) size 3x11 [bgcolor=#515C5B] [r=24 c=39 rs=1 cs=1]
              RenderInline {FONT} at (0,0) size 3x11
                RenderText {#text} at (0,0) size 3x11
                  text run at (0,0) width 3: " "
            RenderTableCell {TD} at (120,264) size 3x11 [bgcolor=#515C5B] [r=24 c=40 rs=1 cs=1]
              RenderInline {FONT} at (0,0) size 3x11
                RenderText {#text} at (0,0) size 3x11
                  text run at (0,0) width 3: " "
            RenderTableCell {TD} at (123,264) size 3x11 [bgcolor=#515C5B] [r=24 c=41 rs=1 cs=1]
              RenderInline {FONT} at (0,0) size 3x11
                RenderText {#text} at (0,0) size 3x11
                  text run at (0,0) width 3: " "
            RenderTableCell {TD} at (126,264) size 3x11 [bgcolor=#515C5B] [r=24 c=42 rs=1 cs=1]
              RenderInline {FONT} at (0,0) size 3x11
                RenderText {#text} at (0,0) size 3x11
                  text run at (0,0) width 3: " "
            RenderTableCell {TD} at (129,264) size 3x11 [bgcolor=#515C5B] [r=24 c=43 rs=1 cs=1]
              RenderInline {FONT} at (0,0) size 3x11
                RenderText {#text} at (0,0) size 3x11
                  text run at (0,0) width 3: " "
            RenderTableCell {TD} at (132,264) size 3x11 [bgcolor=#515C5B] [r=24 c=44 rs=1 cs=1]
              RenderInline {FONT} at (0,0) size 3x11
                RenderText {#text} at (0,0) size 3x11
                  text run at (0,0) width 3: " "
            RenderTableCell {TD} at (135,264) size 3x11 [bgcolor=#515C5B] [r=24 c=45 rs=1 cs=1]
              RenderInline {FONT} at (0,0) size 3x11
                RenderText {#text} at (0,0) size 3x11
                  text run at (0,0) width 3: " "
            RenderTableCell {TD} at (138,264) size 3x11 [bgcolor=#515C5B] [r=24 c=46 rs=1 cs=1]
              RenderInline {FONT} at (0,0) size 3x11
                RenderText {#text} at (0,0) size 3x11
                  text run at (0,0) width 3: " "
            RenderTableCell {TD} at (141,264) size 3x11 [bgcolor=#515C5B] [r=24 c=47 rs=1 cs=1]
              RenderInline {FONT} at (0,0) size 3x11
                RenderText {#text} at (0,0) size 3x11
                  text run at (0,0) width 3: " "
            RenderTableCell {TD} at (144,264) size 3x11 [bgcolor=#515C5B] [r=24 c=48 rs=1 cs=1]
              RenderInline {FONT} at (0,0) size 3x11
                RenderText {#text} at (0,0) size 3x11
                  text run at (0,0) width 3: " "
            RenderTableCell {TD} at (147,264) size 3x11 [bgcolor=#515C5B] [r=24 c=49 rs=1 cs=1]
              RenderInline {FONT} at (0,0) size 3x11
                RenderText {#text} at (0,0) size 3x11
                  text run at (0,0) width 3: " "
            RenderTableCell {TD} at (150,264) size 3x11 [bgcolor=#515C5B] [r=24 c=50 rs=1 cs=1]
              RenderInline {FONT} at (0,0) size 3x11
                RenderText {#text} at (0,0) size 3x11
                  text run at (0,0) width 3: " "
            RenderTableCell {TD} at (153,264) size 3x11 [bgcolor=#515C5B] [r=24 c=51 rs=1 cs=1]
              RenderInline {FONT} at (0,0) size 3x11
                RenderText {#text} at (0,0) size 3x11
                  text run at (0,0) width 3: " "
            RenderTableCell {TD} at (156,264) size 3x11 [bgcolor=#848788] [r=24 c=52 rs=1 cs=1]
              RenderInline {FONT} at (0,0) size 3x11
                RenderText {#text} at (0,0) size 3x11
                  text run at (0,0) width 3: " "
            RenderTableCell {TD} at (159,264) size 3x11 [bgcolor=#B4B4B4] [r=24 c=53 rs=1 cs=1]
              RenderInline {FONT} at (0,0) size 3x11
                RenderText {#text} at (0,0) size 3x11
                  text run at (0,0) width 3: " "
            RenderTableCell {TD} at (162,264) size 3x11 [bgcolor=#EDEEEF] [r=24 c=54 rs=1 cs=1]
              RenderInline {FONT} at (0,0) size 3x11
                RenderText {#text} at (0,0) size 3x11
                  text run at (0,0) width 3: " "
            RenderTableCell {TD} at (165,264) size 3x11 [bgcolor=#FDFDFB] [r=24 c=55 rs=1 cs=1]
              RenderInline {FONT} at (0,0) size 3x11
                RenderText {#text} at (0,0) size 3x11
                  text run at (0,0) width 3: " "
            RenderTableCell {TD} at (168,264) size 3x11 [bgcolor=#FDFDFB] [r=24 c=56 rs=1 cs=1]
              RenderInline {FONT} at (0,0) size 3x11
                RenderText {#text} at (0,0) size 3x11
                  text run at (0,0) width 3: " "
            RenderTableCell {TD} at (171,264) size 3x11 [bgcolor=#FDFDFB] [r=24 c=57 rs=1 cs=1]
              RenderInline {FONT} at (0,0) size 3x11
                RenderText {#text} at (0,0) size 3x11
                  text run at (0,0) width 3: " "
            RenderTableCell {TD} at (174,264) size 3x11 [bgcolor=#FDFDFB] [r=24 c=58 rs=1 cs=1]
              RenderInline {FONT} at (0,0) size 3x11
                RenderText {#text} at (0,0) size 3x11
                  text run at (0,0) width 3: " "
            RenderTableCell {TD} at (177,264) size 3x11 [bgcolor=#FDFDFB] [r=24 c=59 rs=1 cs=1]
              RenderInline {FONT} at (0,0) size 3x11
                RenderText {#text} at (0,0) size 3x11
                  text run at (0,0) width 3: " "
            RenderTableCell {TD} at (180,264) size 3x11 [bgcolor=#FDFDFB] [r=24 c=60 rs=1 cs=1]
              RenderInline {FONT} at (0,0) size 3x11
                RenderText {#text} at (0,0) size 3x11
                  text run at (0,0) width 3: " "
            RenderTableCell {TD} at (183,264) size 3x11 [bgcolor=#FDFDFB] [r=24 c=61 rs=1 cs=1]
              RenderInline {FONT} at (0,0) size 3x11
                RenderText {#text} at (0,0) size 3x11
                  text run at (0,0) width 3: " "
            RenderTableCell {TD} at (186,264) size 3x11 [bgcolor=#FDFDFB] [r=24 c=62 rs=1 cs=1]
              RenderInline {FONT} at (0,0) size 3x11
                RenderText {#text} at (0,0) size 3x11
                  text run at (0,0) width 3: " "
            RenderTableCell {TD} at (189,264) size 3x11 [bgcolor=#FDFDFB] [r=24 c=63 rs=1 cs=1]
              RenderInline {FONT} at (0,0) size 3x11
                RenderText {#text} at (0,0) size 3x11
                  text run at (0,0) width 3: " "
            RenderTableCell {TD} at (192,264) size 3x11 [bgcolor=#E0EAE9] [r=24 c=64 rs=1 cs=1]
              RenderInline {FONT} at (0,0) size 3x11
                RenderText {#text} at (0,0) size 3x11
                  text run at (0,0) width 3: " "
            RenderTableCell {TD} at (195,264) size 3x11 [bgcolor=#CECFCF] [r=24 c=65 rs=1 cs=1]
              RenderInline {FONT} at (0,0) size 3x11
                RenderText {#text} at (0,0) size 3x11
                  text run at (0,0) width 3: " "
            RenderTableCell {TD} at (198,264) size 3x11 [bgcolor=#B4B4B4] [r=24 c=66 rs=1 cs=1]
              RenderInline {FONT} at (0,0) size 3x11
                RenderText {#text} at (0,0) size 3x11
                  text run at (0,0) width 3: " "
            RenderTableCell {TD} at (201,264) size 3x11 [bgcolor=#848788] [r=24 c=67 rs=1 cs=1]
              RenderInline {FONT} at (0,0) size 3x11
                RenderText {#text} at (0,0) size 3x11
                  text run at (0,0) width 3: " "
            RenderTableCell {TD} at (204,264) size 3x11 [bgcolor=#526B6B] [r=24 c=68 rs=1 cs=1]
              RenderInline {FONT} at (0,0) size 3x11
                RenderText {#text} at (0,0) size 3x11
                  text run at (0,0) width 3: " "
            RenderTableCell {TD} at (207,264) size 3x11 [bgcolor=#044140] [r=24 c=69 rs=1 cs=1]
              RenderInline {FONT} at (0,0) size 3x11
                RenderText {#text} at (0,0) size 3x11
                  text run at (0,0) width 3: " "
            RenderTableCell {TD} at (210,264) size 3x11 [bgcolor=#044140] [r=24 c=70 rs=1 cs=1]
              RenderInline {FONT} at (0,0) size 3x11
                RenderText {#text} at (0,0) size 3x11
                  text run at (0,0) width 3: " "
            RenderTableCell {TD} at (213,264) size 3x11 [bgcolor=#044140] [r=24 c=71 rs=1 cs=1]
              RenderInline {FONT} at (0,0) size 3x11
                RenderText {#text} at (0,0) size 3x11
                  text run at (0,0) width 3: " "
            RenderTableCell {TD} at (216,264) size 3x11 [bgcolor=#044140] [r=24 c=72 rs=1 cs=1]
              RenderInline {FONT} at (0,0) size 3x11
                RenderText {#text} at (0,0) size 3x11
                  text run at (0,0) width 3: " "
            RenderTableCell {TD} at (219,264) size 3x11 [bgcolor=#044140] [r=24 c=73 rs=1 cs=1]
              RenderInline {FONT} at (0,0) size 3x11
                RenderText {#text} at (0,0) size 3x11
                  text run at (0,0) width 3: " "
            RenderTableCell {TD} at (222,264) size 3x11 [bgcolor=#044140] [r=24 c=74 rs=1 cs=1]
              RenderInline {FONT} at (0,0) size 3x11
                RenderText {#text} at (0,0) size 3x11
                  text run at (0,0) width 3: " "
            RenderTableCell {TD} at (225,264) size 3x11 [bgcolor=#044140] [r=24 c=75 rs=1 cs=1]
              RenderInline {FONT} at (0,0) size 3x11
                RenderText {#text} at (0,0) size 3x11
                  text run at (0,0) width 3: " "
            RenderTableCell {TD} at (228,264) size 3x11 [bgcolor=#044F4F] [r=24 c=76 rs=1 cs=1]
              RenderInline {FONT} at (0,0) size 3x11
                RenderText {#text} at (0,0) size 3x11
                  text run at (0,0) width 3: " "
            RenderTableCell {TD} at (231,264) size 3x11 [bgcolor=#025E5E] [r=24 c=77 rs=1 cs=1]
              RenderInline {FONT} at (0,0) size 3x11
                RenderText {#text} at (0,0) size 3x11
                  text run at (0,0) width 3: " "
            RenderTableCell {TD} at (234,264) size 3x11 [bgcolor=#025E5E] [r=24 c=78 rs=1 cs=1]
              RenderInline {FONT} at (0,0) size 3x11
                RenderText {#text} at (0,0) size 3x11
                  text run at (0,0) width 3: " "
            RenderTableCell {TD} at (237,264) size 3x11 [bgcolor=#026766] [r=24 c=79 rs=1 cs=1]
              RenderInline {FONT} at (0,0) size 3x11
                RenderText {#text} at (0,0) size 3x11
                  text run at (0,0) width 3: " "
            RenderTableCell {TD} at (240,264) size 3x11 [bgcolor=#026766] [r=24 c=80 rs=1 cs=1]
              RenderInline {FONT} at (0,0) size 3x11
                RenderText {#text} at (0,0) size 3x11
                  text run at (0,0) width 3: " "
            RenderTableCell {TD} at (243,264) size 3x11 [bgcolor=#026766] [r=24 c=81 rs=1 cs=1]
              RenderInline {FONT} at (0,0) size 3x11
                RenderText {#text} at (0,0) size 3x11
                  text run at (0,0) width 3: " "
            RenderTableCell {TD} at (246,264) size 3x11 [bgcolor=#026766] [r=24 c=82 rs=1 cs=1]
              RenderInline {FONT} at (0,0) size 3x11
                RenderText {#text} at (0,0) size 3x11
                  text run at (0,0) width 3: " "
            RenderTableCell {TD} at (249,264) size 3x11 [bgcolor=#026766] [r=24 c=83 rs=1 cs=1]
              RenderInline {FONT} at (0,0) size 3x11
                RenderText {#text} at (0,0) size 3x11
                  text run at (0,0) width 3: " "
            RenderTableCell {TD} at (252,264) size 3x11 [bgcolor=#026766] [r=24 c=84 rs=1 cs=1]
              RenderInline {FONT} at (0,0) size 3x11
                RenderText {#text} at (0,0) size 3x11
                  text run at (0,0) width 3: " "
            RenderTableCell {TD} at (255,264) size 3x11 [bgcolor=#026766] [r=24 c=85 rs=1 cs=1]
              RenderInline {FONT} at (0,0) size 3x11
                RenderText {#text} at (0,0) size 3x11
                  text run at (0,0) width 3: " "
            RenderTableCell {TD} at (258,264) size 3x11 [bgcolor=#026766] [r=24 c=86 rs=1 cs=1]
              RenderInline {FONT} at (0,0) size 3x11
                RenderText {#text} at (0,0) size 3x11
                  text run at (0,0) width 3: " "
            RenderTableCell {TD} at (261,264) size 3x11 [bgcolor=#026766] [r=24 c=87 rs=1 cs=1]
              RenderInline {FONT} at (0,0) size 3x11
                RenderText {#text} at (0,0) size 3x11
                  text run at (0,0) width 3: " "
            RenderTableCell {TD} at (264,264) size 3x11 [bgcolor=#026766] [r=24 c=88 rs=1 cs=1]
              RenderInline {FONT} at (0,0) size 3x11
                RenderText {#text} at (0,0) size 3x11
                  text run at (0,0) width 3: " "
            RenderTableCell {TD} at (267,264) size 3x11 [bgcolor=#026766] [r=24 c=89 rs=1 cs=1]
              RenderInline {FONT} at (0,0) size 3x11
                RenderText {#text} at (0,0) size 3x11
                  text run at (0,0) width 3: " "
            RenderTableCell {TD} at (270,264) size 3x11 [bgcolor=#026766] [r=24 c=90 rs=1 cs=1]
              RenderInline {FONT} at (0,0) size 3x11
                RenderText {#text} at (0,0) size 3x11
                  text run at (0,0) width 3: " "
            RenderTableCell {TD} at (273,264) size 3x11 [bgcolor=#025E5E] [r=24 c=91 rs=1 cs=1]
              RenderInline {FONT} at (0,0) size 3x11
                RenderText {#text} at (0,0) size 3x11
                  text run at (0,0) width 3: " "
            RenderTableCell {TD} at (276,264) size 3x11 [bgcolor=#044F4F] [r=24 c=92 rs=1 cs=1]
              RenderInline {FONT} at (0,0) size 3x11
                RenderText {#text} at (0,0) size 3x11
                  text run at (0,0) width 3: " "
            RenderTableCell {TD} at (279,264) size 3x11 [bgcolor=#083131] [r=24 c=93 rs=1 cs=1]
              RenderInline {FONT} at (0,0) size 3x11
                RenderText {#text} at (0,0) size 3x11
                  text run at (0,0) width 3: " "
            RenderTableCell {TD} at (282,264) size 3x11 [bgcolor=#425A5A] [r=24 c=94 rs=1 cs=1]
              RenderInline {FONT} at (0,0) size 3x11
                RenderText {#text} at (0,0) size 3x11
                  text run at (0,0) width 3: " "
            RenderTableCell {TD} at (285,264) size 3x11 [bgcolor=#A5A6A6] [r=24 c=95 rs=1 cs=1]
              RenderInline {FONT} at (0,0) size 3x11
                RenderText {#text} at (0,0) size 3x11
                  text run at (0,0) width 3: " "
            RenderTableCell {TD} at (288,264) size 3x11 [bgcolor=#CECFCF] [r=24 c=96 rs=1 cs=1]
              RenderInline {FONT} at (0,0) size 3x11
                RenderText {#text} at (0,0) size 3x11
                  text run at (0,0) width 3: " "
            RenderTableCell {TD} at (291,264) size 3x11 [bgcolor=#FDFDFB] [r=24 c=97 rs=1 cs=1]
              RenderInline {FONT} at (0,0) size 3x11
                RenderText {#text} at (0,0) size 3x11
                  text run at (0,0) width 3: " "
            RenderTableCell {TD} at (294,264) size 3x11 [bgcolor=#FDFDFB] [r=24 c=98 rs=1 cs=1]
              RenderInline {FONT} at (0,0) size 3x11
                RenderText {#text} at (0,0) size 3x11
                  text run at (0,0) width 3: " "
            RenderTableCell {TD} at (297,264) size 3x11 [bgcolor=#FDFDFB] [r=24 c=99 rs=1 cs=1]
              RenderInline {FONT} at (0,0) size 3x11
                RenderText {#text} at (0,0) size 3x11
                  text run at (0,0) width 3: " "
          RenderTableRow {TR} at (0,275) size 300x11
            RenderTableCell {TD} at (0,275) size 3x11 [bgcolor=#FDFDFB] [r=25 c=0 rs=1 cs=1]
              RenderInline {FONT} at (0,0) size 3x11
                RenderText {#text} at (0,0) size 3x11
                  text run at (0,0) width 3: " "
            RenderTableCell {TD} at (3,275) size 3x11 [bgcolor=#FDFDFB] [r=25 c=1 rs=1 cs=1]
              RenderInline {FONT} at (0,0) size 3x11
                RenderText {#text} at (0,0) size 3x11
                  text run at (0,0) width 3: " "
            RenderTableCell {TD} at (6,275) size 3x11 [bgcolor=#FDFDFB] [r=25 c=2 rs=1 cs=1]
              RenderInline {FONT} at (0,0) size 3x11
                RenderText {#text} at (0,0) size 3x11
                  text run at (0,0) width 3: " "
            RenderTableCell {TD} at (9,275) size 3x11 [bgcolor=#FDFDFB] [r=25 c=3 rs=1 cs=1]
              RenderInline {FONT} at (0,0) size 3x11
                RenderText {#text} at (0,0) size 3x11
                  text run at (0,0) width 3: " "
            RenderTableCell {TD} at (12,275) size 3x11 [bgcolor=#FDFDFB] [r=25 c=4 rs=1 cs=1]
              RenderInline {FONT} at (0,0) size 3x11
                RenderText {#text} at (0,0) size 3x11
                  text run at (0,0) width 3: " "
            RenderTableCell {TD} at (15,275) size 3x11 [bgcolor=#FDFDFB] [r=25 c=5 rs=1 cs=1]
              RenderInline {FONT} at (0,0) size 3x11
                RenderText {#text} at (0,0) size 3x11
                  text run at (0,0) width 3: " "
            RenderTableCell {TD} at (18,275) size 3x11 [bgcolor=#FDFDFB] [r=25 c=6 rs=1 cs=1]
              RenderInline {FONT} at (0,0) size 3x11
                RenderText {#text} at (0,0) size 3x11
                  text run at (0,0) width 3: " "
            RenderTableCell {TD} at (21,275) size 3x11 [bgcolor=#FDFDFB] [r=25 c=7 rs=1 cs=1]
              RenderInline {FONT} at (0,0) size 3x11
                RenderText {#text} at (0,0) size 3x11
                  text run at (0,0) width 3: " "
            RenderTableCell {TD} at (24,275) size 3x11 [bgcolor=#EDEEEF] [r=25 c=8 rs=1 cs=1]
              RenderInline {FONT} at (0,0) size 3x11
                RenderText {#text} at (0,0) size 3x11
                  text run at (0,0) width 3: " "
            RenderTableCell {TD} at (27,275) size 3x11 [bgcolor=#DEDFDF] [r=25 c=9 rs=1 cs=1]
              RenderInline {FONT} at (0,0) size 3x11
                RenderText {#text} at (0,0) size 3x11
                  text run at (0,0) width 3: " "
            RenderTableCell {TD} at (30,275) size 3x11 [bgcolor=#CECFCF] [r=25 c=10 rs=1 cs=1]
              RenderInline {FONT} at (0,0) size 3x11
                RenderText {#text} at (0,0) size 3x11
                  text run at (0,0) width 3: " "
            RenderTableCell {TD} at (33,275) size 3x11 [bgcolor=#BEC2C2] [r=25 c=11 rs=1 cs=1]
              RenderInline {FONT} at (0,0) size 3x11
                RenderText {#text} at (0,0) size 3x11
                  text run at (0,0) width 3: " "
            RenderTableCell {TD} at (36,275) size 3x11 [bgcolor=#A5A6A6] [r=25 c=12 rs=1 cs=1]
              RenderInline {FONT} at (0,0) size 3x11
                RenderText {#text} at (0,0) size 3x11
                  text run at (0,0) width 3: " "
            RenderTableCell {TD} at (39,275) size 3x11 [bgcolor=#939494] [r=25 c=13 rs=1 cs=1]
              RenderInline {FONT} at (0,0) size 3x11
                RenderText {#text} at (0,0) size 3x11
                  text run at (0,0) width 3: " "
            RenderTableCell {TD} at (42,275) size 3x11 [bgcolor=#848788] [r=25 c=14 rs=1 cs=1]
              RenderInline {FONT} at (0,0) size 3x11
                RenderText {#text} at (0,0) size 3x11
                  text run at (0,0) width 3: " "
            RenderTableCell {TD} at (45,275) size 3x11 [bgcolor=#848788] [r=25 c=15 rs=1 cs=1]
              RenderInline {FONT} at (0,0) size 3x11
                RenderText {#text} at (0,0) size 3x11
                  text run at (0,0) width 3: " "
            RenderTableCell {TD} at (48,275) size 3x11 [bgcolor=#848788] [r=25 c=16 rs=1 cs=1]
              RenderInline {FONT} at (0,0) size 3x11
                RenderText {#text} at (0,0) size 3x11
                  text run at (0,0) width 3: " "
            RenderTableCell {TD} at (51,275) size 3x11 [bgcolor=#848788] [r=25 c=17 rs=1 cs=1]
              RenderInline {FONT} at (0,0) size 3x11
                RenderText {#text} at (0,0) size 3x11
                  text run at (0,0) width 3: " "
            RenderTableCell {TD} at (54,275) size 3x11 [bgcolor=#848788] [r=25 c=18 rs=1 cs=1]
              RenderInline {FONT} at (0,0) size 3x11
                RenderText {#text} at (0,0) size 3x11
                  text run at (0,0) width 3: " "
            RenderTableCell {TD} at (57,275) size 3x11 [bgcolor=#848788] [r=25 c=19 rs=1 cs=1]
              RenderInline {FONT} at (0,0) size 3x11
                RenderText {#text} at (0,0) size 3x11
                  text run at (0,0) width 3: " "
            RenderTableCell {TD} at (60,275) size 3x11 [bgcolor=#848788] [r=25 c=20 rs=1 cs=1]
              RenderInline {FONT} at (0,0) size 3x11
                RenderText {#text} at (0,0) size 3x11
                  text run at (0,0) width 3: " "
            RenderTableCell {TD} at (63,275) size 3x11 [bgcolor=#939494] [r=25 c=21 rs=1 cs=1]
              RenderInline {FONT} at (0,0) size 3x11
                RenderText {#text} at (0,0) size 3x11
                  text run at (0,0) width 3: " "
            RenderTableCell {TD} at (66,275) size 3x11 [bgcolor=#939494] [r=25 c=22 rs=1 cs=1]
              RenderInline {FONT} at (0,0) size 3x11
                RenderText {#text} at (0,0) size 3x11
                  text run at (0,0) width 3: " "
            RenderTableCell {TD} at (69,275) size 3x11 [bgcolor=#A5A6A6] [r=25 c=23 rs=1 cs=1]
              RenderInline {FONT} at (0,0) size 3x11
                RenderText {#text} at (0,0) size 3x11
                  text run at (0,0) width 3: " "
            RenderTableCell {TD} at (72,275) size 3x11 [bgcolor=#B4B4B4] [r=25 c=24 rs=1 cs=1]
              RenderInline {FONT} at (0,0) size 3x11
                RenderText {#text} at (0,0) size 3x11
                  text run at (0,0) width 3: " "
            RenderTableCell {TD} at (75,275) size 3x11 [bgcolor=#CECFCF] [r=25 c=25 rs=1 cs=1]
              RenderInline {FONT} at (0,0) size 3x11
                RenderText {#text} at (0,0) size 3x11
                  text run at (0,0) width 3: " "
            RenderTableCell {TD} at (78,275) size 3x11 [bgcolor=#DEDFDF] [r=25 c=26 rs=1 cs=1]
              RenderInline {FONT} at (0,0) size 3x11
                RenderText {#text} at (0,0) size 3x11
                  text run at (0,0) width 3: " "
            RenderTableCell {TD} at (81,275) size 3x11 [bgcolor=#EDEEEF] [r=25 c=27 rs=1 cs=1]
              RenderInline {FONT} at (0,0) size 3x11
                RenderText {#text} at (0,0) size 3x11
                  text run at (0,0) width 3: " "
            RenderTableCell {TD} at (84,275) size 3x11 [bgcolor=#FDFDFB] [r=25 c=28 rs=1 cs=1]
              RenderInline {FONT} at (0,0) size 3x11
                RenderText {#text} at (0,0) size 3x11
                  text run at (0,0) width 3: " "
            RenderTableCell {TD} at (87,275) size 3x11 [bgcolor=#FDFDFB] [r=25 c=29 rs=1 cs=1]
              RenderInline {FONT} at (0,0) size 3x11
                RenderText {#text} at (0,0) size 3x11
                  text run at (0,0) width 3: " "
            RenderTableCell {TD} at (90,275) size 3x11 [bgcolor=#FDFDFB] [r=25 c=30 rs=1 cs=1]
              RenderInline {FONT} at (0,0) size 3x11
                RenderText {#text} at (0,0) size 3x11
                  text run at (0,0) width 3: " "
            RenderTableCell {TD} at (93,275) size 3x11 [bgcolor=#FDFDFB] [r=25 c=31 rs=1 cs=1]
              RenderInline {FONT} at (0,0) size 3x11
                RenderText {#text} at (0,0) size 3x11
                  text run at (0,0) width 3: " "
            RenderTableCell {TD} at (96,275) size 3x11 [bgcolor=#FDFDFB] [r=25 c=32 rs=1 cs=1]
              RenderInline {FONT} at (0,0) size 3x11
                RenderText {#text} at (0,0) size 3x11
                  text run at (0,0) width 3: " "
            RenderTableCell {TD} at (99,275) size 3x11 [bgcolor=#FDFDFB] [r=25 c=33 rs=1 cs=1]
              RenderInline {FONT} at (0,0) size 3x11
                RenderText {#text} at (0,0) size 3x11
                  text run at (0,0) width 3: " "
            RenderTableCell {TD} at (102,275) size 3x11 [bgcolor=#FDFDFB] [r=25 c=34 rs=1 cs=1]
              RenderInline {FONT} at (0,0) size 3x11
                RenderText {#text} at (0,0) size 3x11
                  text run at (0,0) width 3: " "
            RenderTableCell {TD} at (105,275) size 3x11 [bgcolor=#FDFDFB] [r=25 c=35 rs=1 cs=1]
              RenderInline {FONT} at (0,0) size 3x11
                RenderText {#text} at (0,0) size 3x11
                  text run at (0,0) width 3: " "
            RenderTableCell {TD} at (108,275) size 3x11 [bgcolor=#E0EAE9] [r=25 c=36 rs=1 cs=1]
              RenderInline {FONT} at (0,0) size 3x11
                RenderText {#text} at (0,0) size 3x11
                  text run at (0,0) width 3: " "
            RenderTableCell {TD} at (111,275) size 3x11 [bgcolor=#CECFCF] [r=25 c=37 rs=1 cs=1]
              RenderInline {FONT} at (0,0) size 3x11
                RenderText {#text} at (0,0) size 3x11
                  text run at (0,0) width 3: " "
            RenderTableCell {TD} at (114,275) size 3x11 [bgcolor=#B4B4B4] [r=25 c=38 rs=1 cs=1]
              RenderInline {FONT} at (0,0) size 3x11
                RenderText {#text} at (0,0) size 3x11
                  text run at (0,0) width 3: " "
            RenderTableCell {TD} at (117,275) size 3x11 [bgcolor=#A5A6A6] [r=25 c=39 rs=1 cs=1]
              RenderInline {FONT} at (0,0) size 3x11
                RenderText {#text} at (0,0) size 3x11
                  text run at (0,0) width 3: " "
            RenderTableCell {TD} at (120,275) size 3x11 [bgcolor=#A5A6A6] [r=25 c=40 rs=1 cs=1]
              RenderInline {FONT} at (0,0) size 3x11
                RenderText {#text} at (0,0) size 3x11
                  text run at (0,0) width 3: " "
            RenderTableCell {TD} at (123,275) size 3x11 [bgcolor=#A5A6A6] [r=25 c=41 rs=1 cs=1]
              RenderInline {FONT} at (0,0) size 3x11
                RenderText {#text} at (0,0) size 3x11
                  text run at (0,0) width 3: " "
            RenderTableCell {TD} at (126,275) size 3x11 [bgcolor=#A5A6A6] [r=25 c=42 rs=1 cs=1]
              RenderInline {FONT} at (0,0) size 3x11
                RenderText {#text} at (0,0) size 3x11
                  text run at (0,0) width 3: " "
            RenderTableCell {TD} at (129,275) size 3x11 [bgcolor=#A5A6A6] [r=25 c=43 rs=1 cs=1]
              RenderInline {FONT} at (0,0) size 3x11
                RenderText {#text} at (0,0) size 3x11
                  text run at (0,0) width 3: " "
            RenderTableCell {TD} at (132,275) size 3x11 [bgcolor=#A5A6A6] [r=25 c=44 rs=1 cs=1]
              RenderInline {FONT} at (0,0) size 3x11
                RenderText {#text} at (0,0) size 3x11
                  text run at (0,0) width 3: " "
            RenderTableCell {TD} at (135,275) size 3x11 [bgcolor=#A5A6A6] [r=25 c=45 rs=1 cs=1]
              RenderInline {FONT} at (0,0) size 3x11
                RenderText {#text} at (0,0) size 3x11
                  text run at (0,0) width 3: " "
            RenderTableCell {TD} at (138,275) size 3x11 [bgcolor=#A5A6A6] [r=25 c=46 rs=1 cs=1]
              RenderInline {FONT} at (0,0) size 3x11
                RenderText {#text} at (0,0) size 3x11
                  text run at (0,0) width 3: " "
            RenderTableCell {TD} at (141,275) size 3x11 [bgcolor=#A5A6A6] [r=25 c=47 rs=1 cs=1]
              RenderInline {FONT} at (0,0) size 3x11
                RenderText {#text} at (0,0) size 3x11
                  text run at (0,0) width 3: " "
            RenderTableCell {TD} at (144,275) size 3x11 [bgcolor=#A5A6A6] [r=25 c=48 rs=1 cs=1]
              RenderInline {FONT} at (0,0) size 3x11
                RenderText {#text} at (0,0) size 3x11
                  text run at (0,0) width 3: " "
            RenderTableCell {TD} at (147,275) size 3x11 [bgcolor=#A5A6A6] [r=25 c=49 rs=1 cs=1]
              RenderInline {FONT} at (0,0) size 3x11
                RenderText {#text} at (0,0) size 3x11
                  text run at (0,0) width 3: " "
            RenderTableCell {TD} at (150,275) size 3x11 [bgcolor=#A5A6A6] [r=25 c=50 rs=1 cs=1]
              RenderInline {FONT} at (0,0) size 3x11
                RenderText {#text} at (0,0) size 3x11
                  text run at (0,0) width 3: " "
            RenderTableCell {TD} at (153,275) size 3x11 [bgcolor=#A5A6A6] [r=25 c=51 rs=1 cs=1]
              RenderInline {FONT} at (0,0) size 3x11
                RenderText {#text} at (0,0) size 3x11
                  text run at (0,0) width 3: " "
            RenderTableCell {TD} at (156,275) size 3x11 [bgcolor=#B4B4B4] [r=25 c=52 rs=1 cs=1]
              RenderInline {FONT} at (0,0) size 3x11
                RenderText {#text} at (0,0) size 3x11
                  text run at (0,0) width 3: " "
            RenderTableCell {TD} at (159,275) size 3x11 [bgcolor=#CECFCF] [r=25 c=53 rs=1 cs=1]
              RenderInline {FONT} at (0,0) size 3x11
                RenderText {#text} at (0,0) size 3x11
                  text run at (0,0) width 3: " "
            RenderTableCell {TD} at (162,275) size 3x11 [bgcolor=#EDEEEF] [r=25 c=54 rs=1 cs=1]
              RenderInline {FONT} at (0,0) size 3x11
                RenderText {#text} at (0,0) size 3x11
                  text run at (0,0) width 3: " "
            RenderTableCell {TD} at (165,275) size 3x11 [bgcolor=#FDFDFB] [r=25 c=55 rs=1 cs=1]
              RenderInline {FONT} at (0,0) size 3x11
                RenderText {#text} at (0,0) size 3x11
                  text run at (0,0) width 3: " "
            RenderTableCell {TD} at (168,275) size 3x11 [bgcolor=#FDFDFB] [r=25 c=56 rs=1 cs=1]
              RenderInline {FONT} at (0,0) size 3x11
                RenderText {#text} at (0,0) size 3x11
                  text run at (0,0) width 3: " "
            RenderTableCell {TD} at (171,275) size 3x11 [bgcolor=#FDFDFB] [r=25 c=57 rs=1 cs=1]
              RenderInline {FONT} at (0,0) size 3x11
                RenderText {#text} at (0,0) size 3x11
                  text run at (0,0) width 3: " "
            RenderTableCell {TD} at (174,275) size 3x11 [bgcolor=#FDFDFB] [r=25 c=58 rs=1 cs=1]
              RenderInline {FONT} at (0,0) size 3x11
                RenderText {#text} at (0,0) size 3x11
                  text run at (0,0) width 3: " "
            RenderTableCell {TD} at (177,275) size 3x11 [bgcolor=#FDFDFB] [r=25 c=59 rs=1 cs=1]
              RenderInline {FONT} at (0,0) size 3x11
                RenderText {#text} at (0,0) size 3x11
                  text run at (0,0) width 3: " "
            RenderTableCell {TD} at (180,275) size 3x11 [bgcolor=#FDFDFB] [r=25 c=60 rs=1 cs=1]
              RenderInline {FONT} at (0,0) size 3x11
                RenderText {#text} at (0,0) size 3x11
                  text run at (0,0) width 3: " "
            RenderTableCell {TD} at (183,275) size 3x11 [bgcolor=#FDFDFB] [r=25 c=61 rs=1 cs=1]
              RenderInline {FONT} at (0,0) size 3x11
                RenderText {#text} at (0,0) size 3x11
                  text run at (0,0) width 3: " "
            RenderTableCell {TD} at (186,275) size 3x11 [bgcolor=#FDFDFB] [r=25 c=62 rs=1 cs=1]
              RenderInline {FONT} at (0,0) size 3x11
                RenderText {#text} at (0,0) size 3x11
                  text run at (0,0) width 3: " "
            RenderTableCell {TD} at (189,275) size 3x11 [bgcolor=#FDFDFB] [r=25 c=63 rs=1 cs=1]
              RenderInline {FONT} at (0,0) size 3x11
                RenderText {#text} at (0,0) size 3x11
                  text run at (0,0) width 3: " "
            RenderTableCell {TD} at (192,275) size 3x11 [bgcolor=#FDFDFB] [r=25 c=64 rs=1 cs=1]
              RenderInline {FONT} at (0,0) size 3x11
                RenderText {#text} at (0,0) size 3x11
                  text run at (0,0) width 3: " "
            RenderTableCell {TD} at (195,275) size 3x11 [bgcolor=#EDEEEF] [r=25 c=65 rs=1 cs=1]
              RenderInline {FONT} at (0,0) size 3x11
                RenderText {#text} at (0,0) size 3x11
                  text run at (0,0) width 3: " "
            RenderTableCell {TD} at (198,275) size 3x11 [bgcolor=#DEDFDF] [r=25 c=66 rs=1 cs=1]
              RenderInline {FONT} at (0,0) size 3x11
                RenderText {#text} at (0,0) size 3x11
                  text run at (0,0) width 3: " "
            RenderTableCell {TD} at (201,275) size 3x11 [bgcolor=#CECFCF] [r=25 c=67 rs=1 cs=1]
              RenderInline {FONT} at (0,0) size 3x11
                RenderText {#text} at (0,0) size 3x11
                  text run at (0,0) width 3: " "
            RenderTableCell {TD} at (204,275) size 3x11 [bgcolor=#B4B4B4] [r=25 c=68 rs=1 cs=1]
              RenderInline {FONT} at (0,0) size 3x11
                RenderText {#text} at (0,0) size 3x11
                  text run at (0,0) width 3: " "
            RenderTableCell {TD} at (207,275) size 3x11 [bgcolor=#91A3A3] [r=25 c=69 rs=1 cs=1]
              RenderInline {FONT} at (0,0) size 3x11
                RenderText {#text} at (0,0) size 3x11
                  text run at (0,0) width 3: " "
            RenderTableCell {TD} at (210,275) size 3x11 [bgcolor=#848788] [r=25 c=70 rs=1 cs=1]
              RenderInline {FONT} at (0,0) size 3x11
                RenderText {#text} at (0,0) size 3x11
                  text run at (0,0) width 3: " "
            RenderTableCell {TD} at (213,275) size 3x11 [bgcolor=#777878] [r=25 c=71 rs=1 cs=1]
              RenderInline {FONT} at (0,0) size 3x11
                RenderText {#text} at (0,0) size 3x11
                  text run at (0,0) width 3: " "
            RenderTableCell {TD} at (216,275) size 3x11 [bgcolor=#526B6B] [r=25 c=72 rs=1 cs=1]
              RenderInline {FONT} at (0,0) size 3x11
                RenderText {#text} at (0,0) size 3x11
                  text run at (0,0) width 3: " "
            RenderTableCell {TD} at (219,275) size 3x11 [bgcolor=#425A5A] [r=25 c=73 rs=1 cs=1]
              RenderInline {FONT} at (0,0) size 3x11
                RenderText {#text} at (0,0) size 3x11
                  text run at (0,0) width 3: " "
            RenderTableCell {TD} at (222,275) size 3x11 [bgcolor=#425A5A] [r=25 c=74 rs=1 cs=1]
              RenderInline {FONT} at (0,0) size 3x11
                RenderText {#text} at (0,0) size 3x11
                  text run at (0,0) width 3: " "
            RenderTableCell {TD} at (225,275) size 3x11 [bgcolor=#305D5D] [r=25 c=75 rs=1 cs=1]
              RenderInline {FONT} at (0,0) size 3x11
                RenderText {#text} at (0,0) size 3x11
                  text run at (0,0) width 3: " "
            RenderTableCell {TD} at (228,275) size 3x11 [bgcolor=#305D5D] [r=25 c=76 rs=1 cs=1]
              RenderInline {FONT} at (0,0) size 3x11
                RenderText {#text} at (0,0) size 3x11
                  text run at (0,0) width 3: " "
            RenderTableCell {TD} at (231,275) size 3x11 [bgcolor=#305D5D] [r=25 c=77 rs=1 cs=1]
              RenderInline {FONT} at (0,0) size 3x11
                RenderText {#text} at (0,0) size 3x11
                  text run at (0,0) width 3: " "
            RenderTableCell {TD} at (234,275) size 3x11 [bgcolor=#026766] [r=25 c=78 rs=1 cs=1]
              RenderInline {FONT} at (0,0) size 3x11
                RenderText {#text} at (0,0) size 3x11
                  text run at (0,0) width 3: " "
            RenderTableCell {TD} at (237,275) size 3x11 [bgcolor=#026766] [r=25 c=79 rs=1 cs=1]
              RenderInline {FONT} at (0,0) size 3x11
                RenderText {#text} at (0,0) size 3x11
                  text run at (0,0) width 3: " "
            RenderTableCell {TD} at (240,275) size 3x11 [bgcolor=#026766] [r=25 c=80 rs=1 cs=1]
              RenderInline {FONT} at (0,0) size 3x11
                RenderText {#text} at (0,0) size 3x11
                  text run at (0,0) width 3: " "
            RenderTableCell {TD} at (243,275) size 3x11 [bgcolor=#026766] [r=25 c=81 rs=1 cs=1]
              RenderInline {FONT} at (0,0) size 3x11
                RenderText {#text} at (0,0) size 3x11
                  text run at (0,0) width 3: " "
            RenderTableCell {TD} at (246,275) size 3x11 [bgcolor=#026766] [r=25 c=82 rs=1 cs=1]
              RenderInline {FONT} at (0,0) size 3x11
                RenderText {#text} at (0,0) size 3x11
                  text run at (0,0) width 3: " "
            RenderTableCell {TD} at (249,275) size 3x11 [bgcolor=#026766] [r=25 c=83 rs=1 cs=1]
              RenderInline {FONT} at (0,0) size 3x11
                RenderText {#text} at (0,0) size 3x11
                  text run at (0,0) width 3: " "
            RenderTableCell {TD} at (252,275) size 3x11 [bgcolor=#026766] [r=25 c=84 rs=1 cs=1]
              RenderInline {FONT} at (0,0) size 3x11
                RenderText {#text} at (0,0) size 3x11
                  text run at (0,0) width 3: " "
            RenderTableCell {TD} at (255,275) size 3x11 [bgcolor=#026766] [r=25 c=85 rs=1 cs=1]
              RenderInline {FONT} at (0,0) size 3x11
                RenderText {#text} at (0,0) size 3x11
                  text run at (0,0) width 3: " "
            RenderTableCell {TD} at (258,275) size 3x11 [bgcolor=#026766] [r=25 c=86 rs=1 cs=1]
              RenderInline {FONT} at (0,0) size 3x11
                RenderText {#text} at (0,0) size 3x11
                  text run at (0,0) width 3: " "
            RenderTableCell {TD} at (261,275) size 3x11 [bgcolor=#026766] [r=25 c=87 rs=1 cs=1]
              RenderInline {FONT} at (0,0) size 3x11
                RenderText {#text} at (0,0) size 3x11
                  text run at (0,0) width 3: " "
            RenderTableCell {TD} at (264,275) size 3x11 [bgcolor=#026766] [r=25 c=88 rs=1 cs=1]
              RenderInline {FONT} at (0,0) size 3x11
                RenderText {#text} at (0,0) size 3x11
                  text run at (0,0) width 3: " "
            RenderTableCell {TD} at (267,275) size 3x11 [bgcolor=#026766] [r=25 c=89 rs=1 cs=1]
              RenderInline {FONT} at (0,0) size 3x11
                RenderText {#text} at (0,0) size 3x11
                  text run at (0,0) width 3: " "
            RenderTableCell {TD} at (270,275) size 3x11 [bgcolor=#025E5E] [r=25 c=90 rs=1 cs=1]
              RenderInline {FONT} at (0,0) size 3x11
                RenderText {#text} at (0,0) size 3x11
                  text run at (0,0) width 3: " "
            RenderTableCell {TD} at (273,275) size 3x11 [bgcolor=#025E5E] [r=25 c=91 rs=1 cs=1]
              RenderInline {FONT} at (0,0) size 3x11
                RenderText {#text} at (0,0) size 3x11
                  text run at (0,0) width 3: " "
            RenderTableCell {TD} at (276,275) size 3x11 [bgcolor=#044140] [r=25 c=92 rs=1 cs=1]
              RenderInline {FONT} at (0,0) size 3x11
                RenderText {#text} at (0,0) size 3x11
                  text run at (0,0) width 3: " "
            RenderTableCell {TD} at (279,275) size 3x11 [bgcolor=#083131] [r=25 c=93 rs=1 cs=1]
              RenderInline {FONT} at (0,0) size 3x11
                RenderText {#text} at (0,0) size 3x11
                  text run at (0,0) width 3: " "
            RenderTableCell {TD} at (282,275) size 3x11 [bgcolor=#5E5F60] [r=25 c=94 rs=1 cs=1]
              RenderInline {FONT} at (0,0) size 3x11
                RenderText {#text} at (0,0) size 3x11
                  text run at (0,0) width 3: " "
            RenderTableCell {TD} at (285,275) size 3x11 [bgcolor=#A5A6A6] [r=25 c=95 rs=1 cs=1]
              RenderInline {FONT} at (0,0) size 3x11
                RenderText {#text} at (0,0) size 3x11
                  text run at (0,0) width 3: " "
            RenderTableCell {TD} at (288,275) size 3x11 [bgcolor=#DEDFDF] [r=25 c=96 rs=1 cs=1]
              RenderInline {FONT} at (0,0) size 3x11
                RenderText {#text} at (0,0) size 3x11
                  text run at (0,0) width 3: " "
            RenderTableCell {TD} at (291,275) size 3x11 [bgcolor=#FDFDFB] [r=25 c=97 rs=1 cs=1]
              RenderInline {FONT} at (0,0) size 3x11
                RenderText {#text} at (0,0) size 3x11
                  text run at (0,0) width 3: " "
            RenderTableCell {TD} at (294,275) size 3x11 [bgcolor=#FDFDFB] [r=25 c=98 rs=1 cs=1]
              RenderInline {FONT} at (0,0) size 3x11
                RenderText {#text} at (0,0) size 3x11
                  text run at (0,0) width 3: " "
            RenderTableCell {TD} at (297,275) size 3x11 [bgcolor=#FDFDFB] [r=25 c=99 rs=1 cs=1]
              RenderInline {FONT} at (0,0) size 3x11
                RenderText {#text} at (0,0) size 3x11
                  text run at (0,0) width 3: " "
          RenderTableRow {TR} at (0,286) size 300x11
            RenderTableCell {TD} at (0,286) size 3x11 [bgcolor=#FDFDFB] [r=26 c=0 rs=1 cs=1]
              RenderInline {FONT} at (0,0) size 3x11
                RenderText {#text} at (0,0) size 3x11
                  text run at (0,0) width 3: " "
            RenderTableCell {TD} at (3,286) size 3x11 [bgcolor=#FDFDFB] [r=26 c=1 rs=1 cs=1]
              RenderInline {FONT} at (0,0) size 3x11
                RenderText {#text} at (0,0) size 3x11
                  text run at (0,0) width 3: " "
            RenderTableCell {TD} at (6,286) size 3x11 [bgcolor=#FDFDFB] [r=26 c=2 rs=1 cs=1]
              RenderInline {FONT} at (0,0) size 3x11
                RenderText {#text} at (0,0) size 3x11
                  text run at (0,0) width 3: " "
            RenderTableCell {TD} at (9,286) size 3x11 [bgcolor=#FDFDFB] [r=26 c=3 rs=1 cs=1]
              RenderInline {FONT} at (0,0) size 3x11
                RenderText {#text} at (0,0) size 3x11
                  text run at (0,0) width 3: " "
            RenderTableCell {TD} at (12,286) size 3x11 [bgcolor=#FDFDFB] [r=26 c=4 rs=1 cs=1]
              RenderInline {FONT} at (0,0) size 3x11
                RenderText {#text} at (0,0) size 3x11
                  text run at (0,0) width 3: " "
            RenderTableCell {TD} at (15,286) size 3x11 [bgcolor=#FDFDFB] [r=26 c=5 rs=1 cs=1]
              RenderInline {FONT} at (0,0) size 3x11
                RenderText {#text} at (0,0) size 3x11
                  text run at (0,0) width 3: " "
            RenderTableCell {TD} at (18,286) size 3x11 [bgcolor=#FDFDFB] [r=26 c=6 rs=1 cs=1]
              RenderInline {FONT} at (0,0) size 3x11
                RenderText {#text} at (0,0) size 3x11
                  text run at (0,0) width 3: " "
            RenderTableCell {TD} at (21,286) size 3x11 [bgcolor=#FDFDFB] [r=26 c=7 rs=1 cs=1]
              RenderInline {FONT} at (0,0) size 3x11
                RenderText {#text} at (0,0) size 3x11
                  text run at (0,0) width 3: " "
            RenderTableCell {TD} at (24,286) size 3x11 [bgcolor=#FDFDFB] [r=26 c=8 rs=1 cs=1]
              RenderInline {FONT} at (0,0) size 3x11
                RenderText {#text} at (0,0) size 3x11
                  text run at (0,0) width 3: " "
            RenderTableCell {TD} at (27,286) size 3x11 [bgcolor=#FDFDFB] [r=26 c=9 rs=1 cs=1]
              RenderInline {FONT} at (0,0) size 3x11
                RenderText {#text} at (0,0) size 3x11
                  text run at (0,0) width 3: " "
            RenderTableCell {TD} at (30,286) size 3x11 [bgcolor=#EDEEEF] [r=26 c=10 rs=1 cs=1]
              RenderInline {FONT} at (0,0) size 3x11
                RenderText {#text} at (0,0) size 3x11
                  text run at (0,0) width 3: " "
            RenderTableCell {TD} at (33,286) size 3x11 [bgcolor=#EDEEEF] [r=26 c=11 rs=1 cs=1]
              RenderInline {FONT} at (0,0) size 3x11
                RenderText {#text} at (0,0) size 3x11
                  text run at (0,0) width 3: " "
            RenderTableCell {TD} at (36,286) size 3x11 [bgcolor=#DEDFDF] [r=26 c=12 rs=1 cs=1]
              RenderInline {FONT} at (0,0) size 3x11
                RenderText {#text} at (0,0) size 3x11
                  text run at (0,0) width 3: " "
            RenderTableCell {TD} at (39,286) size 3x11 [bgcolor=#CECFCF] [r=26 c=13 rs=1 cs=1]
              RenderInline {FONT} at (0,0) size 3x11
                RenderText {#text} at (0,0) size 3x11
                  text run at (0,0) width 3: " "
            RenderTableCell {TD} at (42,286) size 3x11 [bgcolor=#CECFCF] [r=26 c=14 rs=1 cs=1]
              RenderInline {FONT} at (0,0) size 3x11
                RenderText {#text} at (0,0) size 3x11
                  text run at (0,0) width 3: " "
            RenderTableCell {TD} at (45,286) size 3x11 [bgcolor=#BEC2C2] [r=26 c=15 rs=1 cs=1]
              RenderInline {FONT} at (0,0) size 3x11
                RenderText {#text} at (0,0) size 3x11
                  text run at (0,0) width 3: " "
            RenderTableCell {TD} at (48,286) size 3x11 [bgcolor=#BEC2C2] [r=26 c=16 rs=1 cs=1]
              RenderInline {FONT} at (0,0) size 3x11
                RenderText {#text} at (0,0) size 3x11
                  text run at (0,0) width 3: " "
            RenderTableCell {TD} at (51,286) size 3x11 [bgcolor=#BEC2C2] [r=26 c=17 rs=1 cs=1]
              RenderInline {FONT} at (0,0) size 3x11
                RenderText {#text} at (0,0) size 3x11
                  text run at (0,0) width 3: " "
            RenderTableCell {TD} at (54,286) size 3x11 [bgcolor=#BEC2C2] [r=26 c=18 rs=1 cs=1]
              RenderInline {FONT} at (0,0) size 3x11
                RenderText {#text} at (0,0) size 3x11
                  text run at (0,0) width 3: " "
            RenderTableCell {TD} at (57,286) size 3x11 [bgcolor=#BEC2C2] [r=26 c=19 rs=1 cs=1]
              RenderInline {FONT} at (0,0) size 3x11
                RenderText {#text} at (0,0) size 3x11
                  text run at (0,0) width 3: " "
            RenderTableCell {TD} at (60,286) size 3x11 [bgcolor=#BEC2C2] [r=26 c=20 rs=1 cs=1]
              RenderInline {FONT} at (0,0) size 3x11
                RenderText {#text} at (0,0) size 3x11
                  text run at (0,0) width 3: " "
            RenderTableCell {TD} at (63,286) size 3x11 [bgcolor=#CECFCF] [r=26 c=21 rs=1 cs=1]
              RenderInline {FONT} at (0,0) size 3x11
                RenderText {#text} at (0,0) size 3x11
                  text run at (0,0) width 3: " "
            RenderTableCell {TD} at (66,286) size 3x11 [bgcolor=#CECFCF] [r=26 c=22 rs=1 cs=1]
              RenderInline {FONT} at (0,0) size 3x11
                RenderText {#text} at (0,0) size 3x11
                  text run at (0,0) width 3: " "
            RenderTableCell {TD} at (69,286) size 3x11 [bgcolor=#DEDFDF] [r=26 c=23 rs=1 cs=1]
              RenderInline {FONT} at (0,0) size 3x11
                RenderText {#text} at (0,0) size 3x11
                  text run at (0,0) width 3: " "
            RenderTableCell {TD} at (72,286) size 3x11 [bgcolor=#E0EAE9] [r=26 c=24 rs=1 cs=1]
              RenderInline {FONT} at (0,0) size 3x11
                RenderText {#text} at (0,0) size 3x11
                  text run at (0,0) width 3: " "
            RenderTableCell {TD} at (75,286) size 3x11 [bgcolor=#EDEEEF] [r=26 c=25 rs=1 cs=1]
              RenderInline {FONT} at (0,0) size 3x11
                RenderText {#text} at (0,0) size 3x11
                  text run at (0,0) width 3: " "
            RenderTableCell {TD} at (78,286) size 3x11 [bgcolor=#FDFDFB] [r=26 c=26 rs=1 cs=1]
              RenderInline {FONT} at (0,0) size 3x11
                RenderText {#text} at (0,0) size 3x11
                  text run at (0,0) width 3: " "
            RenderTableCell {TD} at (81,286) size 3x11 [bgcolor=#FDFDFB] [r=26 c=27 rs=1 cs=1]
              RenderInline {FONT} at (0,0) size 3x11
                RenderText {#text} at (0,0) size 3x11
                  text run at (0,0) width 3: " "
            RenderTableCell {TD} at (84,286) size 3x11 [bgcolor=#FDFDFB] [r=26 c=28 rs=1 cs=1]
              RenderInline {FONT} at (0,0) size 3x11
                RenderText {#text} at (0,0) size 3x11
                  text run at (0,0) width 3: " "
            RenderTableCell {TD} at (87,286) size 3x11 [bgcolor=#FDFDFB] [r=26 c=29 rs=1 cs=1]
              RenderInline {FONT} at (0,0) size 3x11
                RenderText {#text} at (0,0) size 3x11
                  text run at (0,0) width 3: " "
            RenderTableCell {TD} at (90,286) size 3x11 [bgcolor=#FDFDFB] [r=26 c=30 rs=1 cs=1]
              RenderInline {FONT} at (0,0) size 3x11
                RenderText {#text} at (0,0) size 3x11
                  text run at (0,0) width 3: " "
            RenderTableCell {TD} at (93,286) size 3x11 [bgcolor=#FDFDFB] [r=26 c=31 rs=1 cs=1]
              RenderInline {FONT} at (0,0) size 3x11
                RenderText {#text} at (0,0) size 3x11
                  text run at (0,0) width 3: " "
            RenderTableCell {TD} at (96,286) size 3x11 [bgcolor=#FDFDFB] [r=26 c=32 rs=1 cs=1]
              RenderInline {FONT} at (0,0) size 3x11
                RenderText {#text} at (0,0) size 3x11
                  text run at (0,0) width 3: " "
            RenderTableCell {TD} at (99,286) size 3x11 [bgcolor=#FDFDFB] [r=26 c=33 rs=1 cs=1]
              RenderInline {FONT} at (0,0) size 3x11
                RenderText {#text} at (0,0) size 3x11
                  text run at (0,0) width 3: " "
            RenderTableCell {TD} at (102,286) size 3x11 [bgcolor=#FDFDFB] [r=26 c=34 rs=1 cs=1]
              RenderInline {FONT} at (0,0) size 3x11
                RenderText {#text} at (0,0) size 3x11
                  text run at (0,0) width 3: " "
            RenderTableCell {TD} at (105,286) size 3x11 [bgcolor=#FDFDFB] [r=26 c=35 rs=1 cs=1]
              RenderInline {FONT} at (0,0) size 3x11
                RenderText {#text} at (0,0) size 3x11
                  text run at (0,0) width 3: " "
            RenderTableCell {TD} at (108,286) size 3x11 [bgcolor=#FDFDFB] [r=26 c=36 rs=1 cs=1]
              RenderInline {FONT} at (0,0) size 3x11
                RenderText {#text} at (0,0) size 3x11
                  text run at (0,0) width 3: " "
            RenderTableCell {TD} at (111,286) size 3x11 [bgcolor=#EDEEEF] [r=26 c=37 rs=1 cs=1]
              RenderInline {FONT} at (0,0) size 3x11
                RenderText {#text} at (0,0) size 3x11
                  text run at (0,0) width 3: " "
            RenderTableCell {TD} at (114,286) size 3x11 [bgcolor=#DEDFDF] [r=26 c=38 rs=1 cs=1]
              RenderInline {FONT} at (0,0) size 3x11
                RenderText {#text} at (0,0) size 3x11
                  text run at (0,0) width 3: " "
            RenderTableCell {TD} at (117,286) size 3x11 [bgcolor=#DEDFDF] [r=26 c=39 rs=1 cs=1]
              RenderInline {FONT} at (0,0) size 3x11
                RenderText {#text} at (0,0) size 3x11
                  text run at (0,0) width 3: " "
            RenderTableCell {TD} at (120,286) size 3x11 [bgcolor=#DEDFDF] [r=26 c=40 rs=1 cs=1]
              RenderInline {FONT} at (0,0) size 3x11
                RenderText {#text} at (0,0) size 3x11
                  text run at (0,0) width 3: " "
            RenderTableCell {TD} at (123,286) size 3x11 [bgcolor=#DEDFDF] [r=26 c=41 rs=1 cs=1]
              RenderInline {FONT} at (0,0) size 3x11
                RenderText {#text} at (0,0) size 3x11
                  text run at (0,0) width 3: " "
            RenderTableCell {TD} at (126,286) size 3x11 [bgcolor=#DEDFDF] [r=26 c=42 rs=1 cs=1]
              RenderInline {FONT} at (0,0) size 3x11
                RenderText {#text} at (0,0) size 3x11
                  text run at (0,0) width 3: " "
            RenderTableCell {TD} at (129,286) size 3x11 [bgcolor=#DEDFDF] [r=26 c=43 rs=1 cs=1]
              RenderInline {FONT} at (0,0) size 3x11
                RenderText {#text} at (0,0) size 3x11
                  text run at (0,0) width 3: " "
            RenderTableCell {TD} at (132,286) size 3x11 [bgcolor=#DEDFDF] [r=26 c=44 rs=1 cs=1]
              RenderInline {FONT} at (0,0) size 3x11
                RenderText {#text} at (0,0) size 3x11
                  text run at (0,0) width 3: " "
            RenderTableCell {TD} at (135,286) size 3x11 [bgcolor=#DEDFDF] [r=26 c=45 rs=1 cs=1]
              RenderInline {FONT} at (0,0) size 3x11
                RenderText {#text} at (0,0) size 3x11
                  text run at (0,0) width 3: " "
            RenderTableCell {TD} at (138,286) size 3x11 [bgcolor=#DEDFDF] [r=26 c=46 rs=1 cs=1]
              RenderInline {FONT} at (0,0) size 3x11
                RenderText {#text} at (0,0) size 3x11
                  text run at (0,0) width 3: " "
            RenderTableCell {TD} at (141,286) size 3x11 [bgcolor=#DEDFDF] [r=26 c=47 rs=1 cs=1]
              RenderInline {FONT} at (0,0) size 3x11
                RenderText {#text} at (0,0) size 3x11
                  text run at (0,0) width 3: " "
            RenderTableCell {TD} at (144,286) size 3x11 [bgcolor=#DEDFDF] [r=26 c=48 rs=1 cs=1]
              RenderInline {FONT} at (0,0) size 3x11
                RenderText {#text} at (0,0) size 3x11
                  text run at (0,0) width 3: " "
            RenderTableCell {TD} at (147,286) size 3x11 [bgcolor=#DEDFDF] [r=26 c=49 rs=1 cs=1]
              RenderInline {FONT} at (0,0) size 3x11
                RenderText {#text} at (0,0) size 3x11
                  text run at (0,0) width 3: " "
            RenderTableCell {TD} at (150,286) size 3x11 [bgcolor=#DEDFDF] [r=26 c=50 rs=1 cs=1]
              RenderInline {FONT} at (0,0) size 3x11
                RenderText {#text} at (0,0) size 3x11
                  text run at (0,0) width 3: " "
            RenderTableCell {TD} at (153,286) size 3x11 [bgcolor=#DEDFDF] [r=26 c=51 rs=1 cs=1]
              RenderInline {FONT} at (0,0) size 3x11
                RenderText {#text} at (0,0) size 3x11
                  text run at (0,0) width 3: " "
            RenderTableCell {TD} at (156,286) size 3x11 [bgcolor=#DEDFDF] [r=26 c=52 rs=1 cs=1]
              RenderInline {FONT} at (0,0) size 3x11
                RenderText {#text} at (0,0) size 3x11
                  text run at (0,0) width 3: " "
            RenderTableCell {TD} at (159,286) size 3x11 [bgcolor=#EDEEEF] [r=26 c=53 rs=1 cs=1]
              RenderInline {FONT} at (0,0) size 3x11
                RenderText {#text} at (0,0) size 3x11
                  text run at (0,0) width 3: " "
            RenderTableCell {TD} at (162,286) size 3x11 [bgcolor=#FDFDFB] [r=26 c=54 rs=1 cs=1]
              RenderInline {FONT} at (0,0) size 3x11
                RenderText {#text} at (0,0) size 3x11
                  text run at (0,0) width 3: " "
            RenderTableCell {TD} at (165,286) size 3x11 [bgcolor=#FDFDFB] [r=26 c=55 rs=1 cs=1]
              RenderInline {FONT} at (0,0) size 3x11
                RenderText {#text} at (0,0) size 3x11
                  text run at (0,0) width 3: " "
            RenderTableCell {TD} at (168,286) size 3x11 [bgcolor=#FDFDFB] [r=26 c=56 rs=1 cs=1]
              RenderInline {FONT} at (0,0) size 3x11
                RenderText {#text} at (0,0) size 3x11
                  text run at (0,0) width 3: " "
            RenderTableCell {TD} at (171,286) size 3x11 [bgcolor=#FDFDFB] [r=26 c=57 rs=1 cs=1]
              RenderInline {FONT} at (0,0) size 3x11
                RenderText {#text} at (0,0) size 3x11
                  text run at (0,0) width 3: " "
            RenderTableCell {TD} at (174,286) size 3x11 [bgcolor=#FDFDFB] [r=26 c=58 rs=1 cs=1]
              RenderInline {FONT} at (0,0) size 3x11
                RenderText {#text} at (0,0) size 3x11
                  text run at (0,0) width 3: " "
            RenderTableCell {TD} at (177,286) size 3x11 [bgcolor=#FDFDFB] [r=26 c=59 rs=1 cs=1]
              RenderInline {FONT} at (0,0) size 3x11
                RenderText {#text} at (0,0) size 3x11
                  text run at (0,0) width 3: " "
            RenderTableCell {TD} at (180,286) size 3x11 [bgcolor=#FDFDFB] [r=26 c=60 rs=1 cs=1]
              RenderInline {FONT} at (0,0) size 3x11
                RenderText {#text} at (0,0) size 3x11
                  text run at (0,0) width 3: " "
            RenderTableCell {TD} at (183,286) size 3x11 [bgcolor=#FDFDFB] [r=26 c=61 rs=1 cs=1]
              RenderInline {FONT} at (0,0) size 3x11
                RenderText {#text} at (0,0) size 3x11
                  text run at (0,0) width 3: " "
            RenderTableCell {TD} at (186,286) size 3x11 [bgcolor=#FDFDFB] [r=26 c=62 rs=1 cs=1]
              RenderInline {FONT} at (0,0) size 3x11
                RenderText {#text} at (0,0) size 3x11
                  text run at (0,0) width 3: " "
            RenderTableCell {TD} at (189,286) size 3x11 [bgcolor=#FDFDFB] [r=26 c=63 rs=1 cs=1]
              RenderInline {FONT} at (0,0) size 3x11
                RenderText {#text} at (0,0) size 3x11
                  text run at (0,0) width 3: " "
            RenderTableCell {TD} at (192,286) size 3x11 [bgcolor=#FDFDFB] [r=26 c=64 rs=1 cs=1]
              RenderInline {FONT} at (0,0) size 3x11
                RenderText {#text} at (0,0) size 3x11
                  text run at (0,0) width 3: " "
            RenderTableCell {TD} at (195,286) size 3x11 [bgcolor=#FDFDFB] [r=26 c=65 rs=1 cs=1]
              RenderInline {FONT} at (0,0) size 3x11
                RenderText {#text} at (0,0) size 3x11
                  text run at (0,0) width 3: " "
            RenderTableCell {TD} at (198,286) size 3x11 [bgcolor=#FDFDFB] [r=26 c=66 rs=1 cs=1]
              RenderInline {FONT} at (0,0) size 3x11
                RenderText {#text} at (0,0) size 3x11
                  text run at (0,0) width 3: " "
            RenderTableCell {TD} at (201,286) size 3x11 [bgcolor=#EDEEEF] [r=26 c=67 rs=1 cs=1]
              RenderInline {FONT} at (0,0) size 3x11
                RenderText {#text} at (0,0) size 3x11
                  text run at (0,0) width 3: " "
            RenderTableCell {TD} at (204,286) size 3x11 [bgcolor=#DEDFDF] [r=26 c=68 rs=1 cs=1]
              RenderInline {FONT} at (0,0) size 3x11
                RenderText {#text} at (0,0) size 3x11
                  text run at (0,0) width 3: " "
            RenderTableCell {TD} at (207,286) size 3x11 [bgcolor=#CECFCF] [r=26 c=69 rs=1 cs=1]
              RenderInline {FONT} at (0,0) size 3x11
                RenderText {#text} at (0,0) size 3x11
                  text run at (0,0) width 3: " "
            RenderTableCell {TD} at (210,286) size 3x11 [bgcolor=#BEC2C2] [r=26 c=70 rs=1 cs=1]
              RenderInline {FONT} at (0,0) size 3x11
                RenderText {#text} at (0,0) size 3x11
                  text run at (0,0) width 3: " "
            RenderTableCell {TD} at (213,286) size 3x11 [bgcolor=#B4B4B4] [r=26 c=71 rs=1 cs=1]
              RenderInline {FONT} at (0,0) size 3x11
                RenderText {#text} at (0,0) size 3x11
                  text run at (0,0) width 3: " "
            RenderTableCell {TD} at (216,286) size 3x11 [bgcolor=#B4B4B4] [r=26 c=72 rs=1 cs=1]
              RenderInline {FONT} at (0,0) size 3x11
                RenderText {#text} at (0,0) size 3x11
                  text run at (0,0) width 3: " "
            RenderTableCell {TD} at (219,286) size 3x11 [bgcolor=#A5A6A6] [r=26 c=73 rs=1 cs=1]
              RenderInline {FONT} at (0,0) size 3x11
                RenderText {#text} at (0,0) size 3x11
                  text run at (0,0) width 3: " "
            RenderTableCell {TD} at (222,286) size 3x11 [bgcolor=#91A3A3] [r=26 c=74 rs=1 cs=1]
              RenderInline {FONT} at (0,0) size 3x11
                RenderText {#text} at (0,0) size 3x11
                  text run at (0,0) width 3: " "
            RenderTableCell {TD} at (225,286) size 3x11 [bgcolor=#939494] [r=26 c=75 rs=1 cs=1]
              RenderInline {FONT} at (0,0) size 3x11
                RenderText {#text} at (0,0) size 3x11
                  text run at (0,0) width 3: " "
            RenderTableCell {TD} at (228,286) size 3x11 [bgcolor=#939494] [r=26 c=76 rs=1 cs=1]
              RenderInline {FONT} at (0,0) size 3x11
                RenderText {#text} at (0,0) size 3x11
                  text run at (0,0) width 3: " "
            RenderTableCell {TD} at (231,286) size 3x11 [bgcolor=#5A8787] [r=26 c=77 rs=1 cs=1]
              RenderInline {FONT} at (0,0) size 3x11
                RenderText {#text} at (0,0) size 3x11
                  text run at (0,0) width 3: " "
            RenderTableCell {TD} at (234,286) size 3x11 [bgcolor=#027777] [r=26 c=78 rs=1 cs=1]
              RenderInline {FONT} at (0,0) size 3x11
                RenderText {#text} at (0,0) size 3x11
                  text run at (0,0) width 3: " "
            RenderTableCell {TD} at (237,286) size 3x11 [bgcolor=#026766] [r=26 c=79 rs=1 cs=1]
              RenderInline {FONT} at (0,0) size 3x11
                RenderText {#text} at (0,0) size 3x11
                  text run at (0,0) width 3: " "
            RenderTableCell {TD} at (240,286) size 3x11 [bgcolor=#026766] [r=26 c=80 rs=1 cs=1]
              RenderInline {FONT} at (0,0) size 3x11
                RenderText {#text} at (0,0) size 3x11
                  text run at (0,0) width 3: " "
            RenderTableCell {TD} at (243,286) size 3x11 [bgcolor=#026766] [r=26 c=81 rs=1 cs=1]
              RenderInline {FONT} at (0,0) size 3x11
                RenderText {#text} at (0,0) size 3x11
                  text run at (0,0) width 3: " "
            RenderTableCell {TD} at (246,286) size 3x11 [bgcolor=#026766] [r=26 c=82 rs=1 cs=1]
              RenderInline {FONT} at (0,0) size 3x11
                RenderText {#text} at (0,0) size 3x11
                  text run at (0,0) width 3: " "
            RenderTableCell {TD} at (249,286) size 3x11 [bgcolor=#026766] [r=26 c=83 rs=1 cs=1]
              RenderInline {FONT} at (0,0) size 3x11
                RenderText {#text} at (0,0) size 3x11
                  text run at (0,0) width 3: " "
            RenderTableCell {TD} at (252,286) size 3x11 [bgcolor=#026766] [r=26 c=84 rs=1 cs=1]
              RenderInline {FONT} at (0,0) size 3x11
                RenderText {#text} at (0,0) size 3x11
                  text run at (0,0) width 3: " "
            RenderTableCell {TD} at (255,286) size 3x11 [bgcolor=#026766] [r=26 c=85 rs=1 cs=1]
              RenderInline {FONT} at (0,0) size 3x11
                RenderText {#text} at (0,0) size 3x11
                  text run at (0,0) width 3: " "
            RenderTableCell {TD} at (258,286) size 3x11 [bgcolor=#026766] [r=26 c=86 rs=1 cs=1]
              RenderInline {FONT} at (0,0) size 3x11
                RenderText {#text} at (0,0) size 3x11
                  text run at (0,0) width 3: " "
            RenderTableCell {TD} at (261,286) size 3x11 [bgcolor=#026766] [r=26 c=87 rs=1 cs=1]
              RenderInline {FONT} at (0,0) size 3x11
                RenderText {#text} at (0,0) size 3x11
                  text run at (0,0) width 3: " "
            RenderTableCell {TD} at (264,286) size 3x11 [bgcolor=#026766] [r=26 c=88 rs=1 cs=1]
              RenderInline {FONT} at (0,0) size 3x11
                RenderText {#text} at (0,0) size 3x11
                  text run at (0,0) width 3: " "
            RenderTableCell {TD} at (267,286) size 3x11 [bgcolor=#025E5E] [r=26 c=89 rs=1 cs=1]
              RenderInline {FONT} at (0,0) size 3x11
                RenderText {#text} at (0,0) size 3x11
                  text run at (0,0) width 3: " "
            RenderTableCell {TD} at (270,286) size 3x11 [bgcolor=#025E5E] [r=26 c=90 rs=1 cs=1]
              RenderInline {FONT} at (0,0) size 3x11
                RenderText {#text} at (0,0) size 3x11
                  text run at (0,0) width 3: " "
            RenderTableCell {TD} at (273,286) size 3x11 [bgcolor=#044F4F] [r=26 c=91 rs=1 cs=1]
              RenderInline {FONT} at (0,0) size 3x11
                RenderText {#text} at (0,0) size 3x11
                  text run at (0,0) width 3: " "
            RenderTableCell {TD} at (276,286) size 3x11 [bgcolor=#044140] [r=26 c=92 rs=1 cs=1]
              RenderInline {FONT} at (0,0) size 3x11
                RenderText {#text} at (0,0) size 3x11
                  text run at (0,0) width 3: " "
            RenderTableCell {TD} at (279,286) size 3x11 [bgcolor=#083131] [r=26 c=93 rs=1 cs=1]
              RenderInline {FONT} at (0,0) size 3x11
                RenderText {#text} at (0,0) size 3x11
                  text run at (0,0) width 3: " "
            RenderTableCell {TD} at (282,286) size 3x11 [bgcolor=#777878] [r=26 c=94 rs=1 cs=1]
              RenderInline {FONT} at (0,0) size 3x11
                RenderText {#text} at (0,0) size 3x11
                  text run at (0,0) width 3: " "
            RenderTableCell {TD} at (285,286) size 3x11 [bgcolor=#B4B4B4] [r=26 c=95 rs=1 cs=1]
              RenderInline {FONT} at (0,0) size 3x11
                RenderText {#text} at (0,0) size 3x11
                  text run at (0,0) width 3: " "
            RenderTableCell {TD} at (288,286) size 3x11 [bgcolor=#DEDFDF] [r=26 c=96 rs=1 cs=1]
              RenderInline {FONT} at (0,0) size 3x11
                RenderText {#text} at (0,0) size 3x11
                  text run at (0,0) width 3: " "
            RenderTableCell {TD} at (291,286) size 3x11 [bgcolor=#FDFDFB] [r=26 c=97 rs=1 cs=1]
              RenderInline {FONT} at (0,0) size 3x11
                RenderText {#text} at (0,0) size 3x11
                  text run at (0,0) width 3: " "
            RenderTableCell {TD} at (294,286) size 3x11 [bgcolor=#FDFDFB] [r=26 c=98 rs=1 cs=1]
              RenderInline {FONT} at (0,0) size 3x11
                RenderText {#text} at (0,0) size 3x11
                  text run at (0,0) width 3: " "
            RenderTableCell {TD} at (297,286) size 3x11 [bgcolor=#FDFDFB] [r=26 c=99 rs=1 cs=1]
              RenderInline {FONT} at (0,0) size 3x11
                RenderText {#text} at (0,0) size 3x11
                  text run at (0,0) width 3: " "
          RenderTableRow {TR} at (0,297) size 300x11
            RenderTableCell {TD} at (0,297) size 3x11 [bgcolor=#FDFDFB] [r=27 c=0 rs=1 cs=1]
              RenderInline {FONT} at (0,0) size 3x11
                RenderText {#text} at (0,0) size 3x11
                  text run at (0,0) width 3: " "
            RenderTableCell {TD} at (3,297) size 3x11 [bgcolor=#FDFDFB] [r=27 c=1 rs=1 cs=1]
              RenderInline {FONT} at (0,0) size 3x11
                RenderText {#text} at (0,0) size 3x11
                  text run at (0,0) width 3: " "
            RenderTableCell {TD} at (6,297) size 3x11 [bgcolor=#FDFDFB] [r=27 c=2 rs=1 cs=1]
              RenderInline {FONT} at (0,0) size 3x11
                RenderText {#text} at (0,0) size 3x11
                  text run at (0,0) width 3: " "
            RenderTableCell {TD} at (9,297) size 3x11 [bgcolor=#FDFDFB] [r=27 c=3 rs=1 cs=1]
              RenderInline {FONT} at (0,0) size 3x11
                RenderText {#text} at (0,0) size 3x11
                  text run at (0,0) width 3: " "
            RenderTableCell {TD} at (12,297) size 3x11 [bgcolor=#FDFDFB] [r=27 c=4 rs=1 cs=1]
              RenderInline {FONT} at (0,0) size 3x11
                RenderText {#text} at (0,0) size 3x11
                  text run at (0,0) width 3: " "
            RenderTableCell {TD} at (15,297) size 3x11 [bgcolor=#FDFDFB] [r=27 c=5 rs=1 cs=1]
              RenderInline {FONT} at (0,0) size 3x11
                RenderText {#text} at (0,0) size 3x11
                  text run at (0,0) width 3: " "
            RenderTableCell {TD} at (18,297) size 3x11 [bgcolor=#FDFDFB] [r=27 c=6 rs=1 cs=1]
              RenderInline {FONT} at (0,0) size 3x11
                RenderText {#text} at (0,0) size 3x11
                  text run at (0,0) width 3: " "
            RenderTableCell {TD} at (21,297) size 3x11 [bgcolor=#FDFDFB] [r=27 c=7 rs=1 cs=1]
              RenderInline {FONT} at (0,0) size 3x11
                RenderText {#text} at (0,0) size 3x11
                  text run at (0,0) width 3: " "
            RenderTableCell {TD} at (24,297) size 3x11 [bgcolor=#FDFDFB] [r=27 c=8 rs=1 cs=1]
              RenderInline {FONT} at (0,0) size 3x11
                RenderText {#text} at (0,0) size 3x11
                  text run at (0,0) width 3: " "
            RenderTableCell {TD} at (27,297) size 3x11 [bgcolor=#FDFDFB] [r=27 c=9 rs=1 cs=1]
              RenderInline {FONT} at (0,0) size 3x11
                RenderText {#text} at (0,0) size 3x11
                  text run at (0,0) width 3: " "
            RenderTableCell {TD} at (30,297) size 3x11 [bgcolor=#FDFDFB] [r=27 c=10 rs=1 cs=1]
              RenderInline {FONT} at (0,0) size 3x11
                RenderText {#text} at (0,0) size 3x11
                  text run at (0,0) width 3: " "
            RenderTableCell {TD} at (33,297) size 3x11 [bgcolor=#FDFDFB] [r=27 c=11 rs=1 cs=1]
              RenderInline {FONT} at (0,0) size 3x11
                RenderText {#text} at (0,0) size 3x11
                  text run at (0,0) width 3: " "
            RenderTableCell {TD} at (36,297) size 3x11 [bgcolor=#FDFDFB] [r=27 c=12 rs=1 cs=1]
              RenderInline {FONT} at (0,0) size 3x11
                RenderText {#text} at (0,0) size 3x11
                  text run at (0,0) width 3: " "
            RenderTableCell {TD} at (39,297) size 3x11 [bgcolor=#EDEEEF] [r=27 c=13 rs=1 cs=1]
              RenderInline {FONT} at (0,0) size 3x11
                RenderText {#text} at (0,0) size 3x11
                  text run at (0,0) width 3: " "
            RenderTableCell {TD} at (42,297) size 3x11 [bgcolor=#EDEEEF] [r=27 c=14 rs=1 cs=1]
              RenderInline {FONT} at (0,0) size 3x11
                RenderText {#text} at (0,0) size 3x11
                  text run at (0,0) width 3: " "
            RenderTableCell {TD} at (45,297) size 3x11 [bgcolor=#EDEEEF] [r=27 c=15 rs=1 cs=1]
              RenderInline {FONT} at (0,0) size 3x11
                RenderText {#text} at (0,0) size 3x11
                  text run at (0,0) width 3: " "
            RenderTableCell {TD} at (48,297) size 3x11 [bgcolor=#EDEEEF] [r=27 c=16 rs=1 cs=1]
              RenderInline {FONT} at (0,0) size 3x11
                RenderText {#text} at (0,0) size 3x11
                  text run at (0,0) width 3: " "
            RenderTableCell {TD} at (51,297) size 3x11 [bgcolor=#EDEEEF] [r=27 c=17 rs=1 cs=1]
              RenderInline {FONT} at (0,0) size 3x11
                RenderText {#text} at (0,0) size 3x11
                  text run at (0,0) width 3: " "
            RenderTableCell {TD} at (54,297) size 3x11 [bgcolor=#EDEEEF] [r=27 c=18 rs=1 cs=1]
              RenderInline {FONT} at (0,0) size 3x11
                RenderText {#text} at (0,0) size 3x11
                  text run at (0,0) width 3: " "
            RenderTableCell {TD} at (57,297) size 3x11 [bgcolor=#EDEEEF] [r=27 c=19 rs=1 cs=1]
              RenderInline {FONT} at (0,0) size 3x11
                RenderText {#text} at (0,0) size 3x11
                  text run at (0,0) width 3: " "
            RenderTableCell {TD} at (60,297) size 3x11 [bgcolor=#EDEEEF] [r=27 c=20 rs=1 cs=1]
              RenderInline {FONT} at (0,0) size 3x11
                RenderText {#text} at (0,0) size 3x11
                  text run at (0,0) width 3: " "
            RenderTableCell {TD} at (63,297) size 3x11 [bgcolor=#EDEEEF] [r=27 c=21 rs=1 cs=1]
              RenderInline {FONT} at (0,0) size 3x11
                RenderText {#text} at (0,0) size 3x11
                  text run at (0,0) width 3: " "
            RenderTableCell {TD} at (66,297) size 3x11 [bgcolor=#EDEEEF] [r=27 c=22 rs=1 cs=1]
              RenderInline {FONT} at (0,0) size 3x11
                RenderText {#text} at (0,0) size 3x11
                  text run at (0,0) width 3: " "
            RenderTableCell {TD} at (69,297) size 3x11 [bgcolor=#FDFDFB] [r=27 c=23 rs=1 cs=1]
              RenderInline {FONT} at (0,0) size 3x11
                RenderText {#text} at (0,0) size 3x11
                  text run at (0,0) width 3: " "
            RenderTableCell {TD} at (72,297) size 3x11 [bgcolor=#FDFDFB] [r=27 c=24 rs=1 cs=1]
              RenderInline {FONT} at (0,0) size 3x11
                RenderText {#text} at (0,0) size 3x11
                  text run at (0,0) width 3: " "
            RenderTableCell {TD} at (75,297) size 3x11 [bgcolor=#FDFDFB] [r=27 c=25 rs=1 cs=1]
              RenderInline {FONT} at (0,0) size 3x11
                RenderText {#text} at (0,0) size 3x11
                  text run at (0,0) width 3: " "
            RenderTableCell {TD} at (78,297) size 3x11 [bgcolor=#FDFDFB] [r=27 c=26 rs=1 cs=1]
              RenderInline {FONT} at (0,0) size 3x11
                RenderText {#text} at (0,0) size 3x11
                  text run at (0,0) width 3: " "
            RenderTableCell {TD} at (81,297) size 3x11 [bgcolor=#FDFDFB] [r=27 c=27 rs=1 cs=1]
              RenderInline {FONT} at (0,0) size 3x11
                RenderText {#text} at (0,0) size 3x11
                  text run at (0,0) width 3: " "
            RenderTableCell {TD} at (84,297) size 3x11 [bgcolor=#FDFDFB] [r=27 c=28 rs=1 cs=1]
              RenderInline {FONT} at (0,0) size 3x11
                RenderText {#text} at (0,0) size 3x11
                  text run at (0,0) width 3: " "
            RenderTableCell {TD} at (87,297) size 3x11 [bgcolor=#FDFDFB] [r=27 c=29 rs=1 cs=1]
              RenderInline {FONT} at (0,0) size 3x11
                RenderText {#text} at (0,0) size 3x11
                  text run at (0,0) width 3: " "
            RenderTableCell {TD} at (90,297) size 3x11 [bgcolor=#FDFDFB] [r=27 c=30 rs=1 cs=1]
              RenderInline {FONT} at (0,0) size 3x11
                RenderText {#text} at (0,0) size 3x11
                  text run at (0,0) width 3: " "
            RenderTableCell {TD} at (93,297) size 3x11 [bgcolor=#FDFDFB] [r=27 c=31 rs=1 cs=1]
              RenderInline {FONT} at (0,0) size 3x11
                RenderText {#text} at (0,0) size 3x11
                  text run at (0,0) width 3: " "
            RenderTableCell {TD} at (96,297) size 3x11 [bgcolor=#FDFDFB] [r=27 c=32 rs=1 cs=1]
              RenderInline {FONT} at (0,0) size 3x11
                RenderText {#text} at (0,0) size 3x11
                  text run at (0,0) width 3: " "
            RenderTableCell {TD} at (99,297) size 3x11 [bgcolor=#FDFDFB] [r=27 c=33 rs=1 cs=1]
              RenderInline {FONT} at (0,0) size 3x11
                RenderText {#text} at (0,0) size 3x11
                  text run at (0,0) width 3: " "
            RenderTableCell {TD} at (102,297) size 3x11 [bgcolor=#FDFDFB] [r=27 c=34 rs=1 cs=1]
              RenderInline {FONT} at (0,0) size 3x11
                RenderText {#text} at (0,0) size 3x11
                  text run at (0,0) width 3: " "
            RenderTableCell {TD} at (105,297) size 3x11 [bgcolor=#FDFDFB] [r=27 c=35 rs=1 cs=1]
              RenderInline {FONT} at (0,0) size 3x11
                RenderText {#text} at (0,0) size 3x11
                  text run at (0,0) width 3: " "
            RenderTableCell {TD} at (108,297) size 3x11 [bgcolor=#FDFDFB] [r=27 c=36 rs=1 cs=1]
              RenderInline {FONT} at (0,0) size 3x11
                RenderText {#text} at (0,0) size 3x11
                  text run at (0,0) width 3: " "
            RenderTableCell {TD} at (111,297) size 3x11 [bgcolor=#FDFDFB] [r=27 c=37 rs=1 cs=1]
              RenderInline {FONT} at (0,0) size 3x11
                RenderText {#text} at (0,0) size 3x11
                  text run at (0,0) width 3: " "
            RenderTableCell {TD} at (114,297) size 3x11 [bgcolor=#FDFDFB] [r=27 c=38 rs=1 cs=1]
              RenderInline {FONT} at (0,0) size 3x11
                RenderText {#text} at (0,0) size 3x11
                  text run at (0,0) width 3: " "
            RenderTableCell {TD} at (117,297) size 3x11 [bgcolor=#FDFDFB] [r=27 c=39 rs=1 cs=1]
              RenderInline {FONT} at (0,0) size 3x11
                RenderText {#text} at (0,0) size 3x11
                  text run at (0,0) width 3: " "
            RenderTableCell {TD} at (120,297) size 3x11 [bgcolor=#FDFDFB] [r=27 c=40 rs=1 cs=1]
              RenderInline {FONT} at (0,0) size 3x11
                RenderText {#text} at (0,0) size 3x11
                  text run at (0,0) width 3: " "
            RenderTableCell {TD} at (123,297) size 3x11 [bgcolor=#FDFDFB] [r=27 c=41 rs=1 cs=1]
              RenderInline {FONT} at (0,0) size 3x11
                RenderText {#text} at (0,0) size 3x11
                  text run at (0,0) width 3: " "
            RenderTableCell {TD} at (126,297) size 3x11 [bgcolor=#FDFDFB] [r=27 c=42 rs=1 cs=1]
              RenderInline {FONT} at (0,0) size 3x11
                RenderText {#text} at (0,0) size 3x11
                  text run at (0,0) width 3: " "
            RenderTableCell {TD} at (129,297) size 3x11 [bgcolor=#FDFDFB] [r=27 c=43 rs=1 cs=1]
              RenderInline {FONT} at (0,0) size 3x11
                RenderText {#text} at (0,0) size 3x11
                  text run at (0,0) width 3: " "
            RenderTableCell {TD} at (132,297) size 3x11 [bgcolor=#FDFDFB] [r=27 c=44 rs=1 cs=1]
              RenderInline {FONT} at (0,0) size 3x11
                RenderText {#text} at (0,0) size 3x11
                  text run at (0,0) width 3: " "
            RenderTableCell {TD} at (135,297) size 3x11 [bgcolor=#FDFDFB] [r=27 c=45 rs=1 cs=1]
              RenderInline {FONT} at (0,0) size 3x11
                RenderText {#text} at (0,0) size 3x11
                  text run at (0,0) width 3: " "
            RenderTableCell {TD} at (138,297) size 3x11 [bgcolor=#FDFDFB] [r=27 c=46 rs=1 cs=1]
              RenderInline {FONT} at (0,0) size 3x11
                RenderText {#text} at (0,0) size 3x11
                  text run at (0,0) width 3: " "
            RenderTableCell {TD} at (141,297) size 3x11 [bgcolor=#FDFDFB] [r=27 c=47 rs=1 cs=1]
              RenderInline {FONT} at (0,0) size 3x11
                RenderText {#text} at (0,0) size 3x11
                  text run at (0,0) width 3: " "
            RenderTableCell {TD} at (144,297) size 3x11 [bgcolor=#FDFDFB] [r=27 c=48 rs=1 cs=1]
              RenderInline {FONT} at (0,0) size 3x11
                RenderText {#text} at (0,0) size 3x11
                  text run at (0,0) width 3: " "
            RenderTableCell {TD} at (147,297) size 3x11 [bgcolor=#FDFDFB] [r=27 c=49 rs=1 cs=1]
              RenderInline {FONT} at (0,0) size 3x11
                RenderText {#text} at (0,0) size 3x11
                  text run at (0,0) width 3: " "
            RenderTableCell {TD} at (150,297) size 3x11 [bgcolor=#FDFDFB] [r=27 c=50 rs=1 cs=1]
              RenderInline {FONT} at (0,0) size 3x11
                RenderText {#text} at (0,0) size 3x11
                  text run at (0,0) width 3: " "
            RenderTableCell {TD} at (153,297) size 3x11 [bgcolor=#FDFDFB] [r=27 c=51 rs=1 cs=1]
              RenderInline {FONT} at (0,0) size 3x11
                RenderText {#text} at (0,0) size 3x11
                  text run at (0,0) width 3: " "
            RenderTableCell {TD} at (156,297) size 3x11 [bgcolor=#FDFDFB] [r=27 c=52 rs=1 cs=1]
              RenderInline {FONT} at (0,0) size 3x11
                RenderText {#text} at (0,0) size 3x11
                  text run at (0,0) width 3: " "
            RenderTableCell {TD} at (159,297) size 3x11 [bgcolor=#FDFDFB] [r=27 c=53 rs=1 cs=1]
              RenderInline {FONT} at (0,0) size 3x11
                RenderText {#text} at (0,0) size 3x11
                  text run at (0,0) width 3: " "
            RenderTableCell {TD} at (162,297) size 3x11 [bgcolor=#FDFDFB] [r=27 c=54 rs=1 cs=1]
              RenderInline {FONT} at (0,0) size 3x11
                RenderText {#text} at (0,0) size 3x11
                  text run at (0,0) width 3: " "
            RenderTableCell {TD} at (165,297) size 3x11 [bgcolor=#FDFDFB] [r=27 c=55 rs=1 cs=1]
              RenderInline {FONT} at (0,0) size 3x11
                RenderText {#text} at (0,0) size 3x11
                  text run at (0,0) width 3: " "
            RenderTableCell {TD} at (168,297) size 3x11 [bgcolor=#FDFDFB] [r=27 c=56 rs=1 cs=1]
              RenderInline {FONT} at (0,0) size 3x11
                RenderText {#text} at (0,0) size 3x11
                  text run at (0,0) width 3: " "
            RenderTableCell {TD} at (171,297) size 3x11 [bgcolor=#FDFDFB] [r=27 c=57 rs=1 cs=1]
              RenderInline {FONT} at (0,0) size 3x11
                RenderText {#text} at (0,0) size 3x11
                  text run at (0,0) width 3: " "
            RenderTableCell {TD} at (174,297) size 3x11 [bgcolor=#FDFDFB] [r=27 c=58 rs=1 cs=1]
              RenderInline {FONT} at (0,0) size 3x11
                RenderText {#text} at (0,0) size 3x11
                  text run at (0,0) width 3: " "
            RenderTableCell {TD} at (177,297) size 3x11 [bgcolor=#FDFDFB] [r=27 c=59 rs=1 cs=1]
              RenderInline {FONT} at (0,0) size 3x11
                RenderText {#text} at (0,0) size 3x11
                  text run at (0,0) width 3: " "
            RenderTableCell {TD} at (180,297) size 3x11 [bgcolor=#FDFDFB] [r=27 c=60 rs=1 cs=1]
              RenderInline {FONT} at (0,0) size 3x11
                RenderText {#text} at (0,0) size 3x11
                  text run at (0,0) width 3: " "
            RenderTableCell {TD} at (183,297) size 3x11 [bgcolor=#FDFDFB] [r=27 c=61 rs=1 cs=1]
              RenderInline {FONT} at (0,0) size 3x11
                RenderText {#text} at (0,0) size 3x11
                  text run at (0,0) width 3: " "
            RenderTableCell {TD} at (186,297) size 3x11 [bgcolor=#FDFDFB] [r=27 c=62 rs=1 cs=1]
              RenderInline {FONT} at (0,0) size 3x11
                RenderText {#text} at (0,0) size 3x11
                  text run at (0,0) width 3: " "
            RenderTableCell {TD} at (189,297) size 3x11 [bgcolor=#FDFDFB] [r=27 c=63 rs=1 cs=1]
              RenderInline {FONT} at (0,0) size 3x11
                RenderText {#text} at (0,0) size 3x11
                  text run at (0,0) width 3: " "
            RenderTableCell {TD} at (192,297) size 3x11 [bgcolor=#FDFDFB] [r=27 c=64 rs=1 cs=1]
              RenderInline {FONT} at (0,0) size 3x11
                RenderText {#text} at (0,0) size 3x11
                  text run at (0,0) width 3: " "
            RenderTableCell {TD} at (195,297) size 3x11 [bgcolor=#B6D8D7] [r=27 c=65 rs=1 cs=1]
              RenderInline {FONT} at (0,0) size 3x11
                RenderText {#text} at (0,0) size 3x11
                  text run at (0,0) width 3: " "
            RenderTableCell {TD} at (198,297) size 3x11 [bgcolor=#5CADAE] [r=27 c=66 rs=1 cs=1]
              RenderInline {FONT} at (0,0) size 3x11
                RenderText {#text} at (0,0) size 3x11
                  text run at (0,0) width 3: " "
            RenderTableCell {TD} at (201,297) size 3x11 [bgcolor=#7DBAB9] [r=27 c=67 rs=1 cs=1]
              RenderInline {FONT} at (0,0) size 3x11
                RenderText {#text} at (0,0) size 3x11
                  text run at (0,0) width 3: " "
            RenderTableCell {TD} at (204,297) size 3x11 [bgcolor=#97C1C0] [r=27 c=68 rs=1 cs=1]
              RenderInline {FONT} at (0,0) size 3x11
                RenderText {#text} at (0,0) size 3x11
                  text run at (0,0) width 3: " "
            RenderTableCell {TD} at (207,297) size 3x11 [bgcolor=#A4CCCC] [r=27 c=69 rs=1 cs=1]
              RenderInline {FONT} at (0,0) size 3x11
                RenderText {#text} at (0,0) size 3x11
                  text run at (0,0) width 3: " "
            RenderTableCell {TD} at (210,297) size 3x11 [bgcolor=#B6D0D1] [r=27 c=70 rs=1 cs=1]
              RenderInline {FONT} at (0,0) size 3x11
                RenderText {#text} at (0,0) size 3x11
                  text run at (0,0) width 3: " "
            RenderTableCell {TD} at (213,297) size 3x11 [bgcolor=#B6D0D1] [r=27 c=71 rs=1 cs=1]
              RenderInline {FONT} at (0,0) size 3x11
                RenderText {#text} at (0,0) size 3x11
                  text run at (0,0) width 3: " "
            RenderTableCell {TD} at (216,297) size 3x11 [bgcolor=#B6D0D1] [r=27 c=72 rs=1 cs=1]
              RenderInline {FONT} at (0,0) size 3x11
                RenderText {#text} at (0,0) size 3x11
                  text run at (0,0) width 3: " "
            RenderTableCell {TD} at (219,297) size 3x11 [bgcolor=#B6D0D1] [r=27 c=73 rs=1 cs=1]
              RenderInline {FONT} at (0,0) size 3x11
                RenderText {#text} at (0,0) size 3x11
                  text run at (0,0) width 3: " "
            RenderTableCell {TD} at (222,297) size 3x11 [bgcolor=#BEC2C2] [r=27 c=74 rs=1 cs=1]
              RenderInline {FONT} at (0,0) size 3x11
                RenderText {#text} at (0,0) size 3x11
                  text run at (0,0) width 3: " "
            RenderTableCell {TD} at (225,297) size 3x11 [bgcolor=#A2B5B4] [r=27 c=75 rs=1 cs=1]
              RenderInline {FONT} at (0,0) size 3x11
                RenderText {#text} at (0,0) size 3x11
                  text run at (0,0) width 3: " "
            RenderTableCell {TD} at (228,297) size 3x11 [bgcolor=#60A2A3] [r=27 c=76 rs=1 cs=1]
              RenderInline {FONT} at (0,0) size 3x11
                RenderText {#text} at (0,0) size 3x11
                  text run at (0,0) width 3: " "
            RenderTableCell {TD} at (231,297) size 3x11 [bgcolor=#1B8685] [r=27 c=77 rs=1 cs=1]
              RenderInline {FONT} at (0,0) size 3x11
                RenderText {#text} at (0,0) size 3x11
                  text run at (0,0) width 3: " "
            RenderTableCell {TD} at (234,297) size 3x11 [bgcolor=#027777] [r=27 c=78 rs=1 cs=1]
              RenderInline {FONT} at (0,0) size 3x11
                RenderText {#text} at (0,0) size 3x11
                  text run at (0,0) width 3: " "
            RenderTableCell {TD} at (237,297) size 3x11 [bgcolor=#026766] [r=27 c=79 rs=1 cs=1]
              RenderInline {FONT} at (0,0) size 3x11
                RenderText {#text} at (0,0) size 3x11
                  text run at (0,0) width 3: " "
            RenderTableCell {TD} at (240,297) size 3x11 [bgcolor=#026766] [r=27 c=80 rs=1 cs=1]
              RenderInline {FONT} at (0,0) size 3x11
                RenderText {#text} at (0,0) size 3x11
                  text run at (0,0) width 3: " "
            RenderTableCell {TD} at (243,297) size 3x11 [bgcolor=#026766] [r=27 c=81 rs=1 cs=1]
              RenderInline {FONT} at (0,0) size 3x11
                RenderText {#text} at (0,0) size 3x11
                  text run at (0,0) width 3: " "
            RenderTableCell {TD} at (246,297) size 3x11 [bgcolor=#026766] [r=27 c=82 rs=1 cs=1]
              RenderInline {FONT} at (0,0) size 3x11
                RenderText {#text} at (0,0) size 3x11
                  text run at (0,0) width 3: " "
            RenderTableCell {TD} at (249,297) size 3x11 [bgcolor=#026766] [r=27 c=83 rs=1 cs=1]
              RenderInline {FONT} at (0,0) size 3x11
                RenderText {#text} at (0,0) size 3x11
                  text run at (0,0) width 3: " "
            RenderTableCell {TD} at (252,297) size 3x11 [bgcolor=#026766] [r=27 c=84 rs=1 cs=1]
              RenderInline {FONT} at (0,0) size 3x11
                RenderText {#text} at (0,0) size 3x11
                  text run at (0,0) width 3: " "
            RenderTableCell {TD} at (255,297) size 3x11 [bgcolor=#026766] [r=27 c=85 rs=1 cs=1]
              RenderInline {FONT} at (0,0) size 3x11
                RenderText {#text} at (0,0) size 3x11
                  text run at (0,0) width 3: " "
            RenderTableCell {TD} at (258,297) size 3x11 [bgcolor=#025E5E] [r=27 c=86 rs=1 cs=1]
              RenderInline {FONT} at (0,0) size 3x11
                RenderText {#text} at (0,0) size 3x11
                  text run at (0,0) width 3: " "
            RenderTableCell {TD} at (261,297) size 3x11 [bgcolor=#025E5E] [r=27 c=87 rs=1 cs=1]
              RenderInline {FONT} at (0,0) size 3x11
                RenderText {#text} at (0,0) size 3x11
                  text run at (0,0) width 3: " "
            RenderTableCell {TD} at (264,297) size 3x11 [bgcolor=#025E5E] [r=27 c=88 rs=1 cs=1]
              RenderInline {FONT} at (0,0) size 3x11
                RenderText {#text} at (0,0) size 3x11
                  text run at (0,0) width 3: " "
            RenderTableCell {TD} at (267,297) size 3x11 [bgcolor=#025E5E] [r=27 c=89 rs=1 cs=1]
              RenderInline {FONT} at (0,0) size 3x11
                RenderText {#text} at (0,0) size 3x11
                  text run at (0,0) width 3: " "
            RenderTableCell {TD} at (270,297) size 3x11 [bgcolor=#044F4F] [r=27 c=90 rs=1 cs=1]
              RenderInline {FONT} at (0,0) size 3x11
                RenderText {#text} at (0,0) size 3x11
                  text run at (0,0) width 3: " "
            RenderTableCell {TD} at (273,297) size 3x11 [bgcolor=#044140] [r=27 c=91 rs=1 cs=1]
              RenderInline {FONT} at (0,0) size 3x11
                RenderText {#text} at (0,0) size 3x11
                  text run at (0,0) width 3: " "
            RenderTableCell {TD} at (276,297) size 3x11 [bgcolor=#072323] [r=27 c=92 rs=1 cs=1]
              RenderInline {FONT} at (0,0) size 3x11
                RenderText {#text} at (0,0) size 3x11
                  text run at (0,0) width 3: " "
            RenderTableCell {TD} at (279,297) size 3x11 [bgcolor=#4D4F4F] [r=27 c=93 rs=1 cs=1]
              RenderInline {FONT} at (0,0) size 3x11
                RenderText {#text} at (0,0) size 3x11
                  text run at (0,0) width 3: " "
            RenderTableCell {TD} at (282,297) size 3x11 [bgcolor=#848788] [r=27 c=94 rs=1 cs=1]
              RenderInline {FONT} at (0,0) size 3x11
                RenderText {#text} at (0,0) size 3x11
                  text run at (0,0) width 3: " "
            RenderTableCell {TD} at (285,297) size 3x11 [bgcolor=#BEC2C2] [r=27 c=95 rs=1 cs=1]
              RenderInline {FONT} at (0,0) size 3x11
                RenderText {#text} at (0,0) size 3x11
                  text run at (0,0) width 3: " "
            RenderTableCell {TD} at (288,297) size 3x11 [bgcolor=#EDEEEF] [r=27 c=96 rs=1 cs=1]
              RenderInline {FONT} at (0,0) size 3x11
                RenderText {#text} at (0,0) size 3x11
                  text run at (0,0) width 3: " "
            RenderTableCell {TD} at (291,297) size 3x11 [bgcolor=#FDFDFB] [r=27 c=97 rs=1 cs=1]
              RenderInline {FONT} at (0,0) size 3x11
                RenderText {#text} at (0,0) size 3x11
                  text run at (0,0) width 3: " "
            RenderTableCell {TD} at (294,297) size 3x11 [bgcolor=#FDFDFB] [r=27 c=98 rs=1 cs=1]
              RenderInline {FONT} at (0,0) size 3x11
                RenderText {#text} at (0,0) size 3x11
                  text run at (0,0) width 3: " "
            RenderTableCell {TD} at (297,297) size 3x11 [bgcolor=#FDFDFB] [r=27 c=99 rs=1 cs=1]
              RenderInline {FONT} at (0,0) size 3x11
                RenderText {#text} at (0,0) size 3x11
                  text run at (0,0) width 3: " "
          RenderTableRow {TR} at (0,308) size 300x11
            RenderTableCell {TD} at (0,308) size 3x11 [bgcolor=#FDFDFB] [r=28 c=0 rs=1 cs=1]
              RenderInline {FONT} at (0,0) size 3x11
                RenderText {#text} at (0,0) size 3x11
                  text run at (0,0) width 3: " "
            RenderTableCell {TD} at (3,308) size 3x11 [bgcolor=#FDFDFB] [r=28 c=1 rs=1 cs=1]
              RenderInline {FONT} at (0,0) size 3x11
                RenderText {#text} at (0,0) size 3x11
                  text run at (0,0) width 3: " "
            RenderTableCell {TD} at (6,308) size 3x11 [bgcolor=#FDFDFB] [r=28 c=2 rs=1 cs=1]
              RenderInline {FONT} at (0,0) size 3x11
                RenderText {#text} at (0,0) size 3x11
                  text run at (0,0) width 3: " "
            RenderTableCell {TD} at (9,308) size 3x11 [bgcolor=#FDFDFB] [r=28 c=3 rs=1 cs=1]
              RenderInline {FONT} at (0,0) size 3x11
                RenderText {#text} at (0,0) size 3x11
                  text run at (0,0) width 3: " "
            RenderTableCell {TD} at (12,308) size 3x11 [bgcolor=#FDFDFB] [r=28 c=4 rs=1 cs=1]
              RenderInline {FONT} at (0,0) size 3x11
                RenderText {#text} at (0,0) size 3x11
                  text run at (0,0) width 3: " "
            RenderTableCell {TD} at (15,308) size 3x11 [bgcolor=#FDFDFB] [r=28 c=5 rs=1 cs=1]
              RenderInline {FONT} at (0,0) size 3x11
                RenderText {#text} at (0,0) size 3x11
                  text run at (0,0) width 3: " "
            RenderTableCell {TD} at (18,308) size 3x11 [bgcolor=#FDFDFB] [r=28 c=6 rs=1 cs=1]
              RenderInline {FONT} at (0,0) size 3x11
                RenderText {#text} at (0,0) size 3x11
                  text run at (0,0) width 3: " "
            RenderTableCell {TD} at (21,308) size 3x11 [bgcolor=#FDFDFB] [r=28 c=7 rs=1 cs=1]
              RenderInline {FONT} at (0,0) size 3x11
                RenderText {#text} at (0,0) size 3x11
                  text run at (0,0) width 3: " "
            RenderTableCell {TD} at (24,308) size 3x11 [bgcolor=#FDFDFB] [r=28 c=8 rs=1 cs=1]
              RenderInline {FONT} at (0,0) size 3x11
                RenderText {#text} at (0,0) size 3x11
                  text run at (0,0) width 3: " "
            RenderTableCell {TD} at (27,308) size 3x11 [bgcolor=#FDFDFB] [r=28 c=9 rs=1 cs=1]
              RenderInline {FONT} at (0,0) size 3x11
                RenderText {#text} at (0,0) size 3x11
                  text run at (0,0) width 3: " "
            RenderTableCell {TD} at (30,308) size 3x11 [bgcolor=#FDFDFB] [r=28 c=10 rs=1 cs=1]
              RenderInline {FONT} at (0,0) size 3x11
                RenderText {#text} at (0,0) size 3x11
                  text run at (0,0) width 3: " "
            RenderTableCell {TD} at (33,308) size 3x11 [bgcolor=#FDFDFB] [r=28 c=11 rs=1 cs=1]
              RenderInline {FONT} at (0,0) size 3x11
                RenderText {#text} at (0,0) size 3x11
                  text run at (0,0) width 3: " "
            RenderTableCell {TD} at (36,308) size 3x11 [bgcolor=#FDFDFB] [r=28 c=12 rs=1 cs=1]
              RenderInline {FONT} at (0,0) size 3x11
                RenderText {#text} at (0,0) size 3x11
                  text run at (0,0) width 3: " "
            RenderTableCell {TD} at (39,308) size 3x11 [bgcolor=#FDFDFB] [r=28 c=13 rs=1 cs=1]
              RenderInline {FONT} at (0,0) size 3x11
                RenderText {#text} at (0,0) size 3x11
                  text run at (0,0) width 3: " "
            RenderTableCell {TD} at (42,308) size 3x11 [bgcolor=#FDFDFB] [r=28 c=14 rs=1 cs=1]
              RenderInline {FONT} at (0,0) size 3x11
                RenderText {#text} at (0,0) size 3x11
                  text run at (0,0) width 3: " "
            RenderTableCell {TD} at (45,308) size 3x11 [bgcolor=#FDFDFB] [r=28 c=15 rs=1 cs=1]
              RenderInline {FONT} at (0,0) size 3x11
                RenderText {#text} at (0,0) size 3x11
                  text run at (0,0) width 3: " "
            RenderTableCell {TD} at (48,308) size 3x11 [bgcolor=#FDFDFB] [r=28 c=16 rs=1 cs=1]
              RenderInline {FONT} at (0,0) size 3x11
                RenderText {#text} at (0,0) size 3x11
                  text run at (0,0) width 3: " "
            RenderTableCell {TD} at (51,308) size 3x11 [bgcolor=#FDFDFB] [r=28 c=17 rs=1 cs=1]
              RenderInline {FONT} at (0,0) size 3x11
                RenderText {#text} at (0,0) size 3x11
                  text run at (0,0) width 3: " "
            RenderTableCell {TD} at (54,308) size 3x11 [bgcolor=#FDFDFB] [r=28 c=18 rs=1 cs=1]
              RenderInline {FONT} at (0,0) size 3x11
                RenderText {#text} at (0,0) size 3x11
                  text run at (0,0) width 3: " "
            RenderTableCell {TD} at (57,308) size 3x11 [bgcolor=#FDFDFB] [r=28 c=19 rs=1 cs=1]
              RenderInline {FONT} at (0,0) size 3x11
                RenderText {#text} at (0,0) size 3x11
                  text run at (0,0) width 3: " "
            RenderTableCell {TD} at (60,308) size 3x11 [bgcolor=#FDFDFB] [r=28 c=20 rs=1 cs=1]
              RenderInline {FONT} at (0,0) size 3x11
                RenderText {#text} at (0,0) size 3x11
                  text run at (0,0) width 3: " "
            RenderTableCell {TD} at (63,308) size 3x11 [bgcolor=#FDFDFB] [r=28 c=21 rs=1 cs=1]
              RenderInline {FONT} at (0,0) size 3x11
                RenderText {#text} at (0,0) size 3x11
                  text run at (0,0) width 3: " "
            RenderTableCell {TD} at (66,308) size 3x11 [bgcolor=#FDFDFB] [r=28 c=22 rs=1 cs=1]
              RenderInline {FONT} at (0,0) size 3x11
                RenderText {#text} at (0,0) size 3x11
                  text run at (0,0) width 3: " "
            RenderTableCell {TD} at (69,308) size 3x11 [bgcolor=#FDFDFB] [r=28 c=23 rs=1 cs=1]
              RenderInline {FONT} at (0,0) size 3x11
                RenderText {#text} at (0,0) size 3x11
                  text run at (0,0) width 3: " "
            RenderTableCell {TD} at (72,308) size 3x11 [bgcolor=#FDFDFB] [r=28 c=24 rs=1 cs=1]
              RenderInline {FONT} at (0,0) size 3x11
                RenderText {#text} at (0,0) size 3x11
                  text run at (0,0) width 3: " "
            RenderTableCell {TD} at (75,308) size 3x11 [bgcolor=#FDFDFB] [r=28 c=25 rs=1 cs=1]
              RenderInline {FONT} at (0,0) size 3x11
                RenderText {#text} at (0,0) size 3x11
                  text run at (0,0) width 3: " "
            RenderTableCell {TD} at (78,308) size 3x11 [bgcolor=#FDFDFB] [r=28 c=26 rs=1 cs=1]
              RenderInline {FONT} at (0,0) size 3x11
                RenderText {#text} at (0,0) size 3x11
                  text run at (0,0) width 3: " "
            RenderTableCell {TD} at (81,308) size 3x11 [bgcolor=#FDFDFB] [r=28 c=27 rs=1 cs=1]
              RenderInline {FONT} at (0,0) size 3x11
                RenderText {#text} at (0,0) size 3x11
                  text run at (0,0) width 3: " "
            RenderTableCell {TD} at (84,308) size 3x11 [bgcolor=#FDFDFB] [r=28 c=28 rs=1 cs=1]
              RenderInline {FONT} at (0,0) size 3x11
                RenderText {#text} at (0,0) size 3x11
                  text run at (0,0) width 3: " "
            RenderTableCell {TD} at (87,308) size 3x11 [bgcolor=#FDFDFB] [r=28 c=29 rs=1 cs=1]
              RenderInline {FONT} at (0,0) size 3x11
                RenderText {#text} at (0,0) size 3x11
                  text run at (0,0) width 3: " "
            RenderTableCell {TD} at (90,308) size 3x11 [bgcolor=#FDFDFB] [r=28 c=30 rs=1 cs=1]
              RenderInline {FONT} at (0,0) size 3x11
                RenderText {#text} at (0,0) size 3x11
                  text run at (0,0) width 3: " "
            RenderTableCell {TD} at (93,308) size 3x11 [bgcolor=#FDFDFB] [r=28 c=31 rs=1 cs=1]
              RenderInline {FONT} at (0,0) size 3x11
                RenderText {#text} at (0,0) size 3x11
                  text run at (0,0) width 3: " "
            RenderTableCell {TD} at (96,308) size 3x11 [bgcolor=#FDFDFB] [r=28 c=32 rs=1 cs=1]
              RenderInline {FONT} at (0,0) size 3x11
                RenderText {#text} at (0,0) size 3x11
                  text run at (0,0) width 3: " "
            RenderTableCell {TD} at (99,308) size 3x11 [bgcolor=#FDFDFB] [r=28 c=33 rs=1 cs=1]
              RenderInline {FONT} at (0,0) size 3x11
                RenderText {#text} at (0,0) size 3x11
                  text run at (0,0) width 3: " "
            RenderTableCell {TD} at (102,308) size 3x11 [bgcolor=#FDFDFB] [r=28 c=34 rs=1 cs=1]
              RenderInline {FONT} at (0,0) size 3x11
                RenderText {#text} at (0,0) size 3x11
                  text run at (0,0) width 3: " "
            RenderTableCell {TD} at (105,308) size 3x11 [bgcolor=#FDFDFB] [r=28 c=35 rs=1 cs=1]
              RenderInline {FONT} at (0,0) size 3x11
                RenderText {#text} at (0,0) size 3x11
                  text run at (0,0) width 3: " "
            RenderTableCell {TD} at (108,308) size 3x11 [bgcolor=#FDFDFB] [r=28 c=36 rs=1 cs=1]
              RenderInline {FONT} at (0,0) size 3x11
                RenderText {#text} at (0,0) size 3x11
                  text run at (0,0) width 3: " "
            RenderTableCell {TD} at (111,308) size 3x11 [bgcolor=#FDFDFB] [r=28 c=37 rs=1 cs=1]
              RenderInline {FONT} at (0,0) size 3x11
                RenderText {#text} at (0,0) size 3x11
                  text run at (0,0) width 3: " "
            RenderTableCell {TD} at (114,308) size 3x11 [bgcolor=#FDFDFB] [r=28 c=38 rs=1 cs=1]
              RenderInline {FONT} at (0,0) size 3x11
                RenderText {#text} at (0,0) size 3x11
                  text run at (0,0) width 3: " "
            RenderTableCell {TD} at (117,308) size 3x11 [bgcolor=#FDFDFB] [r=28 c=39 rs=1 cs=1]
              RenderInline {FONT} at (0,0) size 3x11
                RenderText {#text} at (0,0) size 3x11
                  text run at (0,0) width 3: " "
            RenderTableCell {TD} at (120,308) size 3x11 [bgcolor=#FDFDFB] [r=28 c=40 rs=1 cs=1]
              RenderInline {FONT} at (0,0) size 3x11
                RenderText {#text} at (0,0) size 3x11
                  text run at (0,0) width 3: " "
            RenderTableCell {TD} at (123,308) size 3x11 [bgcolor=#FDFDFB] [r=28 c=41 rs=1 cs=1]
              RenderInline {FONT} at (0,0) size 3x11
                RenderText {#text} at (0,0) size 3x11
                  text run at (0,0) width 3: " "
            RenderTableCell {TD} at (126,308) size 3x11 [bgcolor=#FDFDFB] [r=28 c=42 rs=1 cs=1]
              RenderInline {FONT} at (0,0) size 3x11
                RenderText {#text} at (0,0) size 3x11
                  text run at (0,0) width 3: " "
            RenderTableCell {TD} at (129,308) size 3x11 [bgcolor=#FDFDFB] [r=28 c=43 rs=1 cs=1]
              RenderInline {FONT} at (0,0) size 3x11
                RenderText {#text} at (0,0) size 3x11
                  text run at (0,0) width 3: " "
            RenderTableCell {TD} at (132,308) size 3x11 [bgcolor=#FDFDFB] [r=28 c=44 rs=1 cs=1]
              RenderInline {FONT} at (0,0) size 3x11
                RenderText {#text} at (0,0) size 3x11
                  text run at (0,0) width 3: " "
            RenderTableCell {TD} at (135,308) size 3x11 [bgcolor=#FDFDFB] [r=28 c=45 rs=1 cs=1]
              RenderInline {FONT} at (0,0) size 3x11
                RenderText {#text} at (0,0) size 3x11
                  text run at (0,0) width 3: " "
            RenderTableCell {TD} at (138,308) size 3x11 [bgcolor=#FDFDFB] [r=28 c=46 rs=1 cs=1]
              RenderInline {FONT} at (0,0) size 3x11
                RenderText {#text} at (0,0) size 3x11
                  text run at (0,0) width 3: " "
            RenderTableCell {TD} at (141,308) size 3x11 [bgcolor=#FDFDFB] [r=28 c=47 rs=1 cs=1]
              RenderInline {FONT} at (0,0) size 3x11
                RenderText {#text} at (0,0) size 3x11
                  text run at (0,0) width 3: " "
            RenderTableCell {TD} at (144,308) size 3x11 [bgcolor=#FDFDFB] [r=28 c=48 rs=1 cs=1]
              RenderInline {FONT} at (0,0) size 3x11
                RenderText {#text} at (0,0) size 3x11
                  text run at (0,0) width 3: " "
            RenderTableCell {TD} at (147,308) size 3x11 [bgcolor=#FDFDFB] [r=28 c=49 rs=1 cs=1]
              RenderInline {FONT} at (0,0) size 3x11
                RenderText {#text} at (0,0) size 3x11
                  text run at (0,0) width 3: " "
            RenderTableCell {TD} at (150,308) size 3x11 [bgcolor=#FDFDFB] [r=28 c=50 rs=1 cs=1]
              RenderInline {FONT} at (0,0) size 3x11
                RenderText {#text} at (0,0) size 3x11
                  text run at (0,0) width 3: " "
            RenderTableCell {TD} at (153,308) size 3x11 [bgcolor=#FDFDFB] [r=28 c=51 rs=1 cs=1]
              RenderInline {FONT} at (0,0) size 3x11
                RenderText {#text} at (0,0) size 3x11
                  text run at (0,0) width 3: " "
            RenderTableCell {TD} at (156,308) size 3x11 [bgcolor=#FDFDFB] [r=28 c=52 rs=1 cs=1]
              RenderInline {FONT} at (0,0) size 3x11
                RenderText {#text} at (0,0) size 3x11
                  text run at (0,0) width 3: " "
            RenderTableCell {TD} at (159,308) size 3x11 [bgcolor=#FDFDFB] [r=28 c=53 rs=1 cs=1]
              RenderInline {FONT} at (0,0) size 3x11
                RenderText {#text} at (0,0) size 3x11
                  text run at (0,0) width 3: " "
            RenderTableCell {TD} at (162,308) size 3x11 [bgcolor=#FDFDFB] [r=28 c=54 rs=1 cs=1]
              RenderInline {FONT} at (0,0) size 3x11
                RenderText {#text} at (0,0) size 3x11
                  text run at (0,0) width 3: " "
            RenderTableCell {TD} at (165,308) size 3x11 [bgcolor=#FDFDFB] [r=28 c=55 rs=1 cs=1]
              RenderInline {FONT} at (0,0) size 3x11
                RenderText {#text} at (0,0) size 3x11
                  text run at (0,0) width 3: " "
            RenderTableCell {TD} at (168,308) size 3x11 [bgcolor=#FDFDFB] [r=28 c=56 rs=1 cs=1]
              RenderInline {FONT} at (0,0) size 3x11
                RenderText {#text} at (0,0) size 3x11
                  text run at (0,0) width 3: " "
            RenderTableCell {TD} at (171,308) size 3x11 [bgcolor=#FDFDFB] [r=28 c=57 rs=1 cs=1]
              RenderInline {FONT} at (0,0) size 3x11
                RenderText {#text} at (0,0) size 3x11
                  text run at (0,0) width 3: " "
            RenderTableCell {TD} at (174,308) size 3x11 [bgcolor=#FDFDFB] [r=28 c=58 rs=1 cs=1]
              RenderInline {FONT} at (0,0) size 3x11
                RenderText {#text} at (0,0) size 3x11
                  text run at (0,0) width 3: " "
            RenderTableCell {TD} at (177,308) size 3x11 [bgcolor=#FDFDFB] [r=28 c=59 rs=1 cs=1]
              RenderInline {FONT} at (0,0) size 3x11
                RenderText {#text} at (0,0) size 3x11
                  text run at (0,0) width 3: " "
            RenderTableCell {TD} at (180,308) size 3x11 [bgcolor=#FDFDFB] [r=28 c=60 rs=1 cs=1]
              RenderInline {FONT} at (0,0) size 3x11
                RenderText {#text} at (0,0) size 3x11
                  text run at (0,0) width 3: " "
            RenderTableCell {TD} at (183,308) size 3x11 [bgcolor=#FDFDFB] [r=28 c=61 rs=1 cs=1]
              RenderInline {FONT} at (0,0) size 3x11
                RenderText {#text} at (0,0) size 3x11
                  text run at (0,0) width 3: " "
            RenderTableCell {TD} at (186,308) size 3x11 [bgcolor=#FDFDFB] [r=28 c=62 rs=1 cs=1]
              RenderInline {FONT} at (0,0) size 3x11
                RenderText {#text} at (0,0) size 3x11
                  text run at (0,0) width 3: " "
            RenderTableCell {TD} at (189,308) size 3x11 [bgcolor=#FDFDFB] [r=28 c=63 rs=1 cs=1]
              RenderInline {FONT} at (0,0) size 3x11
                RenderText {#text} at (0,0) size 3x11
                  text run at (0,0) width 3: " "
            RenderTableCell {TD} at (192,308) size 3x11 [bgcolor=#FDFDFB] [r=28 c=64 rs=1 cs=1]
              RenderInline {FONT} at (0,0) size 3x11
                RenderText {#text} at (0,0) size 3x11
                  text run at (0,0) width 3: " "
            RenderTableCell {TD} at (195,308) size 3x11 [bgcolor=#97C1C0] [r=28 c=65 rs=1 cs=1]
              RenderInline {FONT} at (0,0) size 3x11
                RenderText {#text} at (0,0) size 3x11
                  text run at (0,0) width 3: " "
            RenderTableCell {TD} at (198,308) size 3x11 [bgcolor=#048485] [r=28 c=66 rs=1 cs=1]
              RenderInline {FONT} at (0,0) size 3x11
                RenderText {#text} at (0,0) size 3x11
                  text run at (0,0) width 3: " "
            RenderTableCell {TD} at (201,308) size 3x11 [bgcolor=#027777] [r=28 c=67 rs=1 cs=1]
              RenderInline {FONT} at (0,0) size 3x11
                RenderText {#text} at (0,0) size 3x11
                  text run at (0,0) width 3: " "
            RenderTableCell {TD} at (204,308) size 3x11 [bgcolor=#027777] [r=28 c=68 rs=1 cs=1]
              RenderInline {FONT} at (0,0) size 3x11
                RenderText {#text} at (0,0) size 3x11
                  text run at (0,0) width 3: " "
            RenderTableCell {TD} at (207,308) size 3x11 [bgcolor=#027777] [r=28 c=69 rs=1 cs=1]
              RenderInline {FONT} at (0,0) size 3x11
                RenderText {#text} at (0,0) size 3x11
                  text run at (0,0) width 3: " "
            RenderTableCell {TD} at (210,308) size 3x11 [bgcolor=#027777] [r=28 c=70 rs=1 cs=1]
              RenderInline {FONT} at (0,0) size 3x11
                RenderText {#text} at (0,0) size 3x11
                  text run at (0,0) width 3: " "
            RenderTableCell {TD} at (213,308) size 3x11 [bgcolor=#027777] [r=28 c=71 rs=1 cs=1]
              RenderInline {FONT} at (0,0) size 3x11
                RenderText {#text} at (0,0) size 3x11
                  text run at (0,0) width 3: " "
            RenderTableCell {TD} at (216,308) size 3x11 [bgcolor=#027777] [r=28 c=72 rs=1 cs=1]
              RenderInline {FONT} at (0,0) size 3x11
                RenderText {#text} at (0,0) size 3x11
                  text run at (0,0) width 3: " "
            RenderTableCell {TD} at (219,308) size 3x11 [bgcolor=#027777] [r=28 c=73 rs=1 cs=1]
              RenderInline {FONT} at (0,0) size 3x11
                RenderText {#text} at (0,0) size 3x11
                  text run at (0,0) width 3: " "
            RenderTableCell {TD} at (222,308) size 3x11 [bgcolor=#048485] [r=28 c=74 rs=1 cs=1]
              RenderInline {FONT} at (0,0) size 3x11
                RenderText {#text} at (0,0) size 3x11
                  text run at (0,0) width 3: " "
            RenderTableCell {TD} at (225,308) size 3x11 [bgcolor=#048485] [r=28 c=75 rs=1 cs=1]
              RenderInline {FONT} at (0,0) size 3x11
                RenderText {#text} at (0,0) size 3x11
                  text run at (0,0) width 3: " "
            RenderTableCell {TD} at (228,308) size 3x11 [bgcolor=#048485] [r=28 c=76 rs=1 cs=1]
              RenderInline {FONT} at (0,0) size 3x11
                RenderText {#text} at (0,0) size 3x11
                  text run at (0,0) width 3: " "
            RenderTableCell {TD} at (231,308) size 3x11 [bgcolor=#027777] [r=28 c=77 rs=1 cs=1]
              RenderInline {FONT} at (0,0) size 3x11
                RenderText {#text} at (0,0) size 3x11
                  text run at (0,0) width 3: " "
            RenderTableCell {TD} at (234,308) size 3x11 [bgcolor=#026766] [r=28 c=78 rs=1 cs=1]
              RenderInline {FONT} at (0,0) size 3x11
                RenderText {#text} at (0,0) size 3x11
                  text run at (0,0) width 3: " "
            RenderTableCell {TD} at (237,308) size 3x11 [bgcolor=#026766] [r=28 c=79 rs=1 cs=1]
              RenderInline {FONT} at (0,0) size 3x11
                RenderText {#text} at (0,0) size 3x11
                  text run at (0,0) width 3: " "
            RenderTableCell {TD} at (240,308) size 3x11 [bgcolor=#026766] [r=28 c=80 rs=1 cs=1]
              RenderInline {FONT} at (0,0) size 3x11
                RenderText {#text} at (0,0) size 3x11
                  text run at (0,0) width 3: " "
            RenderTableCell {TD} at (243,308) size 3x11 [bgcolor=#025E5E] [r=28 c=81 rs=1 cs=1]
              RenderInline {FONT} at (0,0) size 3x11
                RenderText {#text} at (0,0) size 3x11
                  text run at (0,0) width 3: " "
            RenderTableCell {TD} at (246,308) size 3x11 [bgcolor=#025E5E] [r=28 c=82 rs=1 cs=1]
              RenderInline {FONT} at (0,0) size 3x11
                RenderText {#text} at (0,0) size 3x11
                  text run at (0,0) width 3: " "
            RenderTableCell {TD} at (249,308) size 3x11 [bgcolor=#025E5E] [r=28 c=83 rs=1 cs=1]
              RenderInline {FONT} at (0,0) size 3x11
                RenderText {#text} at (0,0) size 3x11
                  text run at (0,0) width 3: " "
            RenderTableCell {TD} at (252,308) size 3x11 [bgcolor=#025E5E] [r=28 c=84 rs=1 cs=1]
              RenderInline {FONT} at (0,0) size 3x11
                RenderText {#text} at (0,0) size 3x11
                  text run at (0,0) width 3: " "
            RenderTableCell {TD} at (255,308) size 3x11 [bgcolor=#025E5E] [r=28 c=85 rs=1 cs=1]
              RenderInline {FONT} at (0,0) size 3x11
                RenderText {#text} at (0,0) size 3x11
                  text run at (0,0) width 3: " "
            RenderTableCell {TD} at (258,308) size 3x11 [bgcolor=#025E5E] [r=28 c=86 rs=1 cs=1]
              RenderInline {FONT} at (0,0) size 3x11
                RenderText {#text} at (0,0) size 3x11
                  text run at (0,0) width 3: " "
            RenderTableCell {TD} at (261,308) size 3x11 [bgcolor=#025E5E] [r=28 c=87 rs=1 cs=1]
              RenderInline {FONT} at (0,0) size 3x11
                RenderText {#text} at (0,0) size 3x11
                  text run at (0,0) width 3: " "
            RenderTableCell {TD} at (264,308) size 3x11 [bgcolor=#044F4F] [r=28 c=88 rs=1 cs=1]
              RenderInline {FONT} at (0,0) size 3x11
                RenderText {#text} at (0,0) size 3x11
                  text run at (0,0) width 3: " "
            RenderTableCell {TD} at (267,308) size 3x11 [bgcolor=#044140] [r=28 c=89 rs=1 cs=1]
              RenderInline {FONT} at (0,0) size 3x11
                RenderText {#text} at (0,0) size 3x11
                  text run at (0,0) width 3: " "
            RenderTableCell {TD} at (270,308) size 3x11 [bgcolor=#083131] [r=28 c=90 rs=1 cs=1]
              RenderInline {FONT} at (0,0) size 3x11
                RenderText {#text} at (0,0) size 3x11
                  text run at (0,0) width 3: " "
            RenderTableCell {TD} at (273,308) size 3x11 [bgcolor=#072323] [r=28 c=91 rs=1 cs=1]
              RenderInline {FONT} at (0,0) size 3x11
                RenderText {#text} at (0,0) size 3x11
                  text run at (0,0) width 3: " "
            RenderTableCell {TD} at (276,308) size 3x11 [bgcolor=#4D4F4F] [r=28 c=92 rs=1 cs=1]
              RenderInline {FONT} at (0,0) size 3x11
                RenderText {#text} at (0,0) size 3x11
                  text run at (0,0) width 3: " "
            RenderTableCell {TD} at (279,308) size 3x11 [bgcolor=#777878] [r=28 c=93 rs=1 cs=1]
              RenderInline {FONT} at (0,0) size 3x11
                RenderText {#text} at (0,0) size 3x11
                  text run at (0,0) width 3: " "
            RenderTableCell {TD} at (282,308) size 3x11 [bgcolor=#A5A6A6] [r=28 c=94 rs=1 cs=1]
              RenderInline {FONT} at (0,0) size 3x11
                RenderText {#text} at (0,0) size 3x11
                  text run at (0,0) width 3: " "
            RenderTableCell {TD} at (285,308) size 3x11 [bgcolor=#DEDFDF] [r=28 c=95 rs=1 cs=1]
              RenderInline {FONT} at (0,0) size 3x11
                RenderText {#text} at (0,0) size 3x11
                  text run at (0,0) width 3: " "
            RenderTableCell {TD} at (288,308) size 3x11 [bgcolor=#EDEEEF] [r=28 c=96 rs=1 cs=1]
              RenderInline {FONT} at (0,0) size 3x11
                RenderText {#text} at (0,0) size 3x11
                  text run at (0,0) width 3: " "
            RenderTableCell {TD} at (291,308) size 3x11 [bgcolor=#FDFDFB] [r=28 c=97 rs=1 cs=1]
              RenderInline {FONT} at (0,0) size 3x11
                RenderText {#text} at (0,0) size 3x11
                  text run at (0,0) width 3: " "
            RenderTableCell {TD} at (294,308) size 3x11 [bgcolor=#FDFDFB] [r=28 c=98 rs=1 cs=1]
              RenderInline {FONT} at (0,0) size 3x11
                RenderText {#text} at (0,0) size 3x11
                  text run at (0,0) width 3: " "
            RenderTableCell {TD} at (297,308) size 3x11 [bgcolor=#FDFDFB] [r=28 c=99 rs=1 cs=1]
              RenderInline {FONT} at (0,0) size 3x11
                RenderText {#text} at (0,0) size 3x11
                  text run at (0,0) width 3: " "
          RenderTableRow {TR} at (0,319) size 300x11
            RenderTableCell {TD} at (0,319) size 3x11 [bgcolor=#FDFDFB] [r=29 c=0 rs=1 cs=1]
              RenderInline {FONT} at (0,0) size 3x11
                RenderText {#text} at (0,0) size 3x11
                  text run at (0,0) width 3: " "
            RenderTableCell {TD} at (3,319) size 3x11 [bgcolor=#FDFDFB] [r=29 c=1 rs=1 cs=1]
              RenderInline {FONT} at (0,0) size 3x11
                RenderText {#text} at (0,0) size 3x11
                  text run at (0,0) width 3: " "
            RenderTableCell {TD} at (6,319) size 3x11 [bgcolor=#FDFDFB] [r=29 c=2 rs=1 cs=1]
              RenderInline {FONT} at (0,0) size 3x11
                RenderText {#text} at (0,0) size 3x11
                  text run at (0,0) width 3: " "
            RenderTableCell {TD} at (9,319) size 3x11 [bgcolor=#FDFDFB] [r=29 c=3 rs=1 cs=1]
              RenderInline {FONT} at (0,0) size 3x11
                RenderText {#text} at (0,0) size 3x11
                  text run at (0,0) width 3: " "
            RenderTableCell {TD} at (12,319) size 3x11 [bgcolor=#FDFDFB] [r=29 c=4 rs=1 cs=1]
              RenderInline {FONT} at (0,0) size 3x11
                RenderText {#text} at (0,0) size 3x11
                  text run at (0,0) width 3: " "
            RenderTableCell {TD} at (15,319) size 3x11 [bgcolor=#FDFDFB] [r=29 c=5 rs=1 cs=1]
              RenderInline {FONT} at (0,0) size 3x11
                RenderText {#text} at (0,0) size 3x11
                  text run at (0,0) width 3: " "
            RenderTableCell {TD} at (18,319) size 3x11 [bgcolor=#FDFDFB] [r=29 c=6 rs=1 cs=1]
              RenderInline {FONT} at (0,0) size 3x11
                RenderText {#text} at (0,0) size 3x11
                  text run at (0,0) width 3: " "
            RenderTableCell {TD} at (21,319) size 3x11 [bgcolor=#FDFDFB] [r=29 c=7 rs=1 cs=1]
              RenderInline {FONT} at (0,0) size 3x11
                RenderText {#text} at (0,0) size 3x11
                  text run at (0,0) width 3: " "
            RenderTableCell {TD} at (24,319) size 3x11 [bgcolor=#FDFDFB] [r=29 c=8 rs=1 cs=1]
              RenderInline {FONT} at (0,0) size 3x11
                RenderText {#text} at (0,0) size 3x11
                  text run at (0,0) width 3: " "
            RenderTableCell {TD} at (27,319) size 3x11 [bgcolor=#FDFDFB] [r=29 c=9 rs=1 cs=1]
              RenderInline {FONT} at (0,0) size 3x11
                RenderText {#text} at (0,0) size 3x11
                  text run at (0,0) width 3: " "
            RenderTableCell {TD} at (30,319) size 3x11 [bgcolor=#FDFDFB] [r=29 c=10 rs=1 cs=1]
              RenderInline {FONT} at (0,0) size 3x11
                RenderText {#text} at (0,0) size 3x11
                  text run at (0,0) width 3: " "
            RenderTableCell {TD} at (33,319) size 3x11 [bgcolor=#FDFDFB] [r=29 c=11 rs=1 cs=1]
              RenderInline {FONT} at (0,0) size 3x11
                RenderText {#text} at (0,0) size 3x11
                  text run at (0,0) width 3: " "
            RenderTableCell {TD} at (36,319) size 3x11 [bgcolor=#FDFDFB] [r=29 c=12 rs=1 cs=1]
              RenderInline {FONT} at (0,0) size 3x11
                RenderText {#text} at (0,0) size 3x11
                  text run at (0,0) width 3: " "
            RenderTableCell {TD} at (39,319) size 3x11 [bgcolor=#FDFDFB] [r=29 c=13 rs=1 cs=1]
              RenderInline {FONT} at (0,0) size 3x11
                RenderText {#text} at (0,0) size 3x11
                  text run at (0,0) width 3: " "
            RenderTableCell {TD} at (42,319) size 3x11 [bgcolor=#FDFDFB] [r=29 c=14 rs=1 cs=1]
              RenderInline {FONT} at (0,0) size 3x11
                RenderText {#text} at (0,0) size 3x11
                  text run at (0,0) width 3: " "
            RenderTableCell {TD} at (45,319) size 3x11 [bgcolor=#FDFDFB] [r=29 c=15 rs=1 cs=1]
              RenderInline {FONT} at (0,0) size 3x11
                RenderText {#text} at (0,0) size 3x11
                  text run at (0,0) width 3: " "
            RenderTableCell {TD} at (48,319) size 3x11 [bgcolor=#FDFDFB] [r=29 c=16 rs=1 cs=1]
              RenderInline {FONT} at (0,0) size 3x11
                RenderText {#text} at (0,0) size 3x11
                  text run at (0,0) width 3: " "
            RenderTableCell {TD} at (51,319) size 3x11 [bgcolor=#FDFDFB] [r=29 c=17 rs=1 cs=1]
              RenderInline {FONT} at (0,0) size 3x11
                RenderText {#text} at (0,0) size 3x11
                  text run at (0,0) width 3: " "
            RenderTableCell {TD} at (54,319) size 3x11 [bgcolor=#FDFDFB] [r=29 c=18 rs=1 cs=1]
              RenderInline {FONT} at (0,0) size 3x11
                RenderText {#text} at (0,0) size 3x11
                  text run at (0,0) width 3: " "
            RenderTableCell {TD} at (57,319) size 3x11 [bgcolor=#FDFDFB] [r=29 c=19 rs=1 cs=1]
              RenderInline {FONT} at (0,0) size 3x11
                RenderText {#text} at (0,0) size 3x11
                  text run at (0,0) width 3: " "
            RenderTableCell {TD} at (60,319) size 3x11 [bgcolor=#FDFDFB] [r=29 c=20 rs=1 cs=1]
              RenderInline {FONT} at (0,0) size 3x11
                RenderText {#text} at (0,0) size 3x11
                  text run at (0,0) width 3: " "
            RenderTableCell {TD} at (63,319) size 3x11 [bgcolor=#FDFDFB] [r=29 c=21 rs=1 cs=1]
              RenderInline {FONT} at (0,0) size 3x11
                RenderText {#text} at (0,0) size 3x11
                  text run at (0,0) width 3: " "
            RenderTableCell {TD} at (66,319) size 3x11 [bgcolor=#FDFDFB] [r=29 c=22 rs=1 cs=1]
              RenderInline {FONT} at (0,0) size 3x11
                RenderText {#text} at (0,0) size 3x11
                  text run at (0,0) width 3: " "
            RenderTableCell {TD} at (69,319) size 3x11 [bgcolor=#FDFDFB] [r=29 c=23 rs=1 cs=1]
              RenderInline {FONT} at (0,0) size 3x11
                RenderText {#text} at (0,0) size 3x11
                  text run at (0,0) width 3: " "
            RenderTableCell {TD} at (72,319) size 3x11 [bgcolor=#FDFDFB] [r=29 c=24 rs=1 cs=1]
              RenderInline {FONT} at (0,0) size 3x11
                RenderText {#text} at (0,0) size 3x11
                  text run at (0,0) width 3: " "
            RenderTableCell {TD} at (75,319) size 3x11 [bgcolor=#FDFDFB] [r=29 c=25 rs=1 cs=1]
              RenderInline {FONT} at (0,0) size 3x11
                RenderText {#text} at (0,0) size 3x11
                  text run at (0,0) width 3: " "
            RenderTableCell {TD} at (78,319) size 3x11 [bgcolor=#FDFDFB] [r=29 c=26 rs=1 cs=1]
              RenderInline {FONT} at (0,0) size 3x11
                RenderText {#text} at (0,0) size 3x11
                  text run at (0,0) width 3: " "
            RenderTableCell {TD} at (81,319) size 3x11 [bgcolor=#FDFDFB] [r=29 c=27 rs=1 cs=1]
              RenderInline {FONT} at (0,0) size 3x11
                RenderText {#text} at (0,0) size 3x11
                  text run at (0,0) width 3: " "
            RenderTableCell {TD} at (84,319) size 3x11 [bgcolor=#FDFDFB] [r=29 c=28 rs=1 cs=1]
              RenderInline {FONT} at (0,0) size 3x11
                RenderText {#text} at (0,0) size 3x11
                  text run at (0,0) width 3: " "
            RenderTableCell {TD} at (87,319) size 3x11 [bgcolor=#FDFDFB] [r=29 c=29 rs=1 cs=1]
              RenderInline {FONT} at (0,0) size 3x11
                RenderText {#text} at (0,0) size 3x11
                  text run at (0,0) width 3: " "
            RenderTableCell {TD} at (90,319) size 3x11 [bgcolor=#FDFDFB] [r=29 c=30 rs=1 cs=1]
              RenderInline {FONT} at (0,0) size 3x11
                RenderText {#text} at (0,0) size 3x11
                  text run at (0,0) width 3: " "
            RenderTableCell {TD} at (93,319) size 3x11 [bgcolor=#FDFDFB] [r=29 c=31 rs=1 cs=1]
              RenderInline {FONT} at (0,0) size 3x11
                RenderText {#text} at (0,0) size 3x11
                  text run at (0,0) width 3: " "
            RenderTableCell {TD} at (96,319) size 3x11 [bgcolor=#FDFDFB] [r=29 c=32 rs=1 cs=1]
              RenderInline {FONT} at (0,0) size 3x11
                RenderText {#text} at (0,0) size 3x11
                  text run at (0,0) width 3: " "
            RenderTableCell {TD} at (99,319) size 3x11 [bgcolor=#FDFDFB] [r=29 c=33 rs=1 cs=1]
              RenderInline {FONT} at (0,0) size 3x11
                RenderText {#text} at (0,0) size 3x11
                  text run at (0,0) width 3: " "
            RenderTableCell {TD} at (102,319) size 3x11 [bgcolor=#FDFDFB] [r=29 c=34 rs=1 cs=1]
              RenderInline {FONT} at (0,0) size 3x11
                RenderText {#text} at (0,0) size 3x11
                  text run at (0,0) width 3: " "
            RenderTableCell {TD} at (105,319) size 3x11 [bgcolor=#FDFDFB] [r=29 c=35 rs=1 cs=1]
              RenderInline {FONT} at (0,0) size 3x11
                RenderText {#text} at (0,0) size 3x11
                  text run at (0,0) width 3: " "
            RenderTableCell {TD} at (108,319) size 3x11 [bgcolor=#FDFDFB] [r=29 c=36 rs=1 cs=1]
              RenderInline {FONT} at (0,0) size 3x11
                RenderText {#text} at (0,0) size 3x11
                  text run at (0,0) width 3: " "
            RenderTableCell {TD} at (111,319) size 3x11 [bgcolor=#FDFDFB] [r=29 c=37 rs=1 cs=1]
              RenderInline {FONT} at (0,0) size 3x11
                RenderText {#text} at (0,0) size 3x11
                  text run at (0,0) width 3: " "
            RenderTableCell {TD} at (114,319) size 3x11 [bgcolor=#FDFDFB] [r=29 c=38 rs=1 cs=1]
              RenderInline {FONT} at (0,0) size 3x11
                RenderText {#text} at (0,0) size 3x11
                  text run at (0,0) width 3: " "
            RenderTableCell {TD} at (117,319) size 3x11 [bgcolor=#FDFDFB] [r=29 c=39 rs=1 cs=1]
              RenderInline {FONT} at (0,0) size 3x11
                RenderText {#text} at (0,0) size 3x11
                  text run at (0,0) width 3: " "
            RenderTableCell {TD} at (120,319) size 3x11 [bgcolor=#FDFDFB] [r=29 c=40 rs=1 cs=1]
              RenderInline {FONT} at (0,0) size 3x11
                RenderText {#text} at (0,0) size 3x11
                  text run at (0,0) width 3: " "
            RenderTableCell {TD} at (123,319) size 3x11 [bgcolor=#FDFDFB] [r=29 c=41 rs=1 cs=1]
              RenderInline {FONT} at (0,0) size 3x11
                RenderText {#text} at (0,0) size 3x11
                  text run at (0,0) width 3: " "
            RenderTableCell {TD} at (126,319) size 3x11 [bgcolor=#FDFDFB] [r=29 c=42 rs=1 cs=1]
              RenderInline {FONT} at (0,0) size 3x11
                RenderText {#text} at (0,0) size 3x11
                  text run at (0,0) width 3: " "
            RenderTableCell {TD} at (129,319) size 3x11 [bgcolor=#FDFDFB] [r=29 c=43 rs=1 cs=1]
              RenderInline {FONT} at (0,0) size 3x11
                RenderText {#text} at (0,0) size 3x11
                  text run at (0,0) width 3: " "
            RenderTableCell {TD} at (132,319) size 3x11 [bgcolor=#FDFDFB] [r=29 c=44 rs=1 cs=1]
              RenderInline {FONT} at (0,0) size 3x11
                RenderText {#text} at (0,0) size 3x11
                  text run at (0,0) width 3: " "
            RenderTableCell {TD} at (135,319) size 3x11 [bgcolor=#FDFDFB] [r=29 c=45 rs=1 cs=1]
              RenderInline {FONT} at (0,0) size 3x11
                RenderText {#text} at (0,0) size 3x11
                  text run at (0,0) width 3: " "
            RenderTableCell {TD} at (138,319) size 3x11 [bgcolor=#FDFDFB] [r=29 c=46 rs=1 cs=1]
              RenderInline {FONT} at (0,0) size 3x11
                RenderText {#text} at (0,0) size 3x11
                  text run at (0,0) width 3: " "
            RenderTableCell {TD} at (141,319) size 3x11 [bgcolor=#FDFDFB] [r=29 c=47 rs=1 cs=1]
              RenderInline {FONT} at (0,0) size 3x11
                RenderText {#text} at (0,0) size 3x11
                  text run at (0,0) width 3: " "
            RenderTableCell {TD} at (144,319) size 3x11 [bgcolor=#FDFDFB] [r=29 c=48 rs=1 cs=1]
              RenderInline {FONT} at (0,0) size 3x11
                RenderText {#text} at (0,0) size 3x11
                  text run at (0,0) width 3: " "
            RenderTableCell {TD} at (147,319) size 3x11 [bgcolor=#FDFDFB] [r=29 c=49 rs=1 cs=1]
              RenderInline {FONT} at (0,0) size 3x11
                RenderText {#text} at (0,0) size 3x11
                  text run at (0,0) width 3: " "
            RenderTableCell {TD} at (150,319) size 3x11 [bgcolor=#FDFDFB] [r=29 c=50 rs=1 cs=1]
              RenderInline {FONT} at (0,0) size 3x11
                RenderText {#text} at (0,0) size 3x11
                  text run at (0,0) width 3: " "
            RenderTableCell {TD} at (153,319) size 3x11 [bgcolor=#FDFDFB] [r=29 c=51 rs=1 cs=1]
              RenderInline {FONT} at (0,0) size 3x11
                RenderText {#text} at (0,0) size 3x11
                  text run at (0,0) width 3: " "
            RenderTableCell {TD} at (156,319) size 3x11 [bgcolor=#FDFDFB] [r=29 c=52 rs=1 cs=1]
              RenderInline {FONT} at (0,0) size 3x11
                RenderText {#text} at (0,0) size 3x11
                  text run at (0,0) width 3: " "
            RenderTableCell {TD} at (159,319) size 3x11 [bgcolor=#FDFDFB] [r=29 c=53 rs=1 cs=1]
              RenderInline {FONT} at (0,0) size 3x11
                RenderText {#text} at (0,0) size 3x11
                  text run at (0,0) width 3: " "
            RenderTableCell {TD} at (162,319) size 3x11 [bgcolor=#FDFDFB] [r=29 c=54 rs=1 cs=1]
              RenderInline {FONT} at (0,0) size 3x11
                RenderText {#text} at (0,0) size 3x11
                  text run at (0,0) width 3: " "
            RenderTableCell {TD} at (165,319) size 3x11 [bgcolor=#FDFDFB] [r=29 c=55 rs=1 cs=1]
              RenderInline {FONT} at (0,0) size 3x11
                RenderText {#text} at (0,0) size 3x11
                  text run at (0,0) width 3: " "
            RenderTableCell {TD} at (168,319) size 3x11 [bgcolor=#FDFDFB] [r=29 c=56 rs=1 cs=1]
              RenderInline {FONT} at (0,0) size 3x11
                RenderText {#text} at (0,0) size 3x11
                  text run at (0,0) width 3: " "
            RenderTableCell {TD} at (171,319) size 3x11 [bgcolor=#FDFDFB] [r=29 c=57 rs=1 cs=1]
              RenderInline {FONT} at (0,0) size 3x11
                RenderText {#text} at (0,0) size 3x11
                  text run at (0,0) width 3: " "
            RenderTableCell {TD} at (174,319) size 3x11 [bgcolor=#FDFDFB] [r=29 c=58 rs=1 cs=1]
              RenderInline {FONT} at (0,0) size 3x11
                RenderText {#text} at (0,0) size 3x11
                  text run at (0,0) width 3: " "
            RenderTableCell {TD} at (177,319) size 3x11 [bgcolor=#FDFDFB] [r=29 c=59 rs=1 cs=1]
              RenderInline {FONT} at (0,0) size 3x11
                RenderText {#text} at (0,0) size 3x11
                  text run at (0,0) width 3: " "
            RenderTableCell {TD} at (180,319) size 3x11 [bgcolor=#FDFDFB] [r=29 c=60 rs=1 cs=1]
              RenderInline {FONT} at (0,0) size 3x11
                RenderText {#text} at (0,0) size 3x11
                  text run at (0,0) width 3: " "
            RenderTableCell {TD} at (183,319) size 3x11 [bgcolor=#FDFDFB] [r=29 c=61 rs=1 cs=1]
              RenderInline {FONT} at (0,0) size 3x11
                RenderText {#text} at (0,0) size 3x11
                  text run at (0,0) width 3: " "
            RenderTableCell {TD} at (186,319) size 3x11 [bgcolor=#FDFDFB] [r=29 c=62 rs=1 cs=1]
              RenderInline {FONT} at (0,0) size 3x11
                RenderText {#text} at (0,0) size 3x11
                  text run at (0,0) width 3: " "
            RenderTableCell {TD} at (189,319) size 3x11 [bgcolor=#FDFDFB] [r=29 c=63 rs=1 cs=1]
              RenderInline {FONT} at (0,0) size 3x11
                RenderText {#text} at (0,0) size 3x11
                  text run at (0,0) width 3: " "
            RenderTableCell {TD} at (192,319) size 3x11 [bgcolor=#FDFDFB] [r=29 c=64 rs=1 cs=1]
              RenderInline {FONT} at (0,0) size 3x11
                RenderText {#text} at (0,0) size 3x11
                  text run at (0,0) width 3: " "
            RenderTableCell {TD} at (195,319) size 3x11 [bgcolor=#8DB7B6] [r=29 c=65 rs=1 cs=1]
              RenderInline {FONT} at (0,0) size 3x11
                RenderText {#text} at (0,0) size 3x11
                  text run at (0,0) width 3: " "
            RenderTableCell {TD} at (198,319) size 3x11 [bgcolor=#026766] [r=29 c=66 rs=1 cs=1]
              RenderInline {FONT} at (0,0) size 3x11
                RenderText {#text} at (0,0) size 3x11
                  text run at (0,0) width 3: " "
            RenderTableCell {TD} at (201,319) size 3x11 [bgcolor=#025E5E] [r=29 c=67 rs=1 cs=1]
              RenderInline {FONT} at (0,0) size 3x11
                RenderText {#text} at (0,0) size 3x11
                  text run at (0,0) width 3: " "
            RenderTableCell {TD} at (204,319) size 3x11 [bgcolor=#025E5E] [r=29 c=68 rs=1 cs=1]
              RenderInline {FONT} at (0,0) size 3x11
                RenderText {#text} at (0,0) size 3x11
                  text run at (0,0) width 3: " "
            RenderTableCell {TD} at (207,319) size 3x11 [bgcolor=#025E5E] [r=29 c=69 rs=1 cs=1]
              RenderInline {FONT} at (0,0) size 3x11
                RenderText {#text} at (0,0) size 3x11
                  text run at (0,0) width 3: " "
            RenderTableCell {TD} at (210,319) size 3x11 [bgcolor=#026766] [r=29 c=70 rs=1 cs=1]
              RenderInline {FONT} at (0,0) size 3x11
                RenderText {#text} at (0,0) size 3x11
                  text run at (0,0) width 3: " "
            RenderTableCell {TD} at (213,319) size 3x11 [bgcolor=#026766] [r=29 c=71 rs=1 cs=1]
              RenderInline {FONT} at (0,0) size 3x11
                RenderText {#text} at (0,0) size 3x11
                  text run at (0,0) width 3: " "
            RenderTableCell {TD} at (216,319) size 3x11 [bgcolor=#026766] [r=29 c=72 rs=1 cs=1]
              RenderInline {FONT} at (0,0) size 3x11
                RenderText {#text} at (0,0) size 3x11
                  text run at (0,0) width 3: " "
            RenderTableCell {TD} at (219,319) size 3x11 [bgcolor=#026766] [r=29 c=73 rs=1 cs=1]
              RenderInline {FONT} at (0,0) size 3x11
                RenderText {#text} at (0,0) size 3x11
                  text run at (0,0) width 3: " "
            RenderTableCell {TD} at (222,319) size 3x11 [bgcolor=#026766] [r=29 c=74 rs=1 cs=1]
              RenderInline {FONT} at (0,0) size 3x11
                RenderText {#text} at (0,0) size 3x11
                  text run at (0,0) width 3: " "
            RenderTableCell {TD} at (225,319) size 3x11 [bgcolor=#026766] [r=29 c=75 rs=1 cs=1]
              RenderInline {FONT} at (0,0) size 3x11
                RenderText {#text} at (0,0) size 3x11
                  text run at (0,0) width 3: " "
            RenderTableCell {TD} at (228,319) size 3x11 [bgcolor=#026766] [r=29 c=76 rs=1 cs=1]
              RenderInline {FONT} at (0,0) size 3x11
                RenderText {#text} at (0,0) size 3x11
                  text run at (0,0) width 3: " "
            RenderTableCell {TD} at (231,319) size 3x11 [bgcolor=#026766] [r=29 c=77 rs=1 cs=1]
              RenderInline {FONT} at (0,0) size 3x11
                RenderText {#text} at (0,0) size 3x11
                  text run at (0,0) width 3: " "
            RenderTableCell {TD} at (234,319) size 3x11 [bgcolor=#025E5E] [r=29 c=78 rs=1 cs=1]
              RenderInline {FONT} at (0,0) size 3x11
                RenderText {#text} at (0,0) size 3x11
                  text run at (0,0) width 3: " "
            RenderTableCell {TD} at (237,319) size 3x11 [bgcolor=#025E5E] [r=29 c=79 rs=1 cs=1]
              RenderInline {FONT} at (0,0) size 3x11
                RenderText {#text} at (0,0) size 3x11
                  text run at (0,0) width 3: " "
            RenderTableCell {TD} at (240,319) size 3x11 [bgcolor=#025E5E] [r=29 c=80 rs=1 cs=1]
              RenderInline {FONT} at (0,0) size 3x11
                RenderText {#text} at (0,0) size 3x11
                  text run at (0,0) width 3: " "
            RenderTableCell {TD} at (243,319) size 3x11 [bgcolor=#025E5E] [r=29 c=81 rs=1 cs=1]
              RenderInline {FONT} at (0,0) size 3x11
                RenderText {#text} at (0,0) size 3x11
                  text run at (0,0) width 3: " "
            RenderTableCell {TD} at (246,319) size 3x11 [bgcolor=#025E5E] [r=29 c=82 rs=1 cs=1]
              RenderInline {FONT} at (0,0) size 3x11
                RenderText {#text} at (0,0) size 3x11
                  text run at (0,0) width 3: " "
            RenderTableCell {TD} at (249,319) size 3x11 [bgcolor=#044F4F] [r=29 c=83 rs=1 cs=1]
              RenderInline {FONT} at (0,0) size 3x11
                RenderText {#text} at (0,0) size 3x11
                  text run at (0,0) width 3: " "
            RenderTableCell {TD} at (252,319) size 3x11 [bgcolor=#044F4F] [r=29 c=84 rs=1 cs=1]
              RenderInline {FONT} at (0,0) size 3x11
                RenderText {#text} at (0,0) size 3x11
                  text run at (0,0) width 3: " "
            RenderTableCell {TD} at (255,319) size 3x11 [bgcolor=#044F4F] [r=29 c=85 rs=1 cs=1]
              RenderInline {FONT} at (0,0) size 3x11
                RenderText {#text} at (0,0) size 3x11
                  text run at (0,0) width 3: " "
            RenderTableCell {TD} at (258,319) size 3x11 [bgcolor=#044F4F] [r=29 c=86 rs=1 cs=1]
              RenderInline {FONT} at (0,0) size 3x11
                RenderText {#text} at (0,0) size 3x11
                  text run at (0,0) width 3: " "
            RenderTableCell {TD} at (261,319) size 3x11 [bgcolor=#044140] [r=29 c=87 rs=1 cs=1]
              RenderInline {FONT} at (0,0) size 3x11
                RenderText {#text} at (0,0) size 3x11
                  text run at (0,0) width 3: " "
            RenderTableCell {TD} at (264,319) size 3x11 [bgcolor=#083131] [r=29 c=88 rs=1 cs=1]
              RenderInline {FONT} at (0,0) size 3x11
                RenderText {#text} at (0,0) size 3x11
                  text run at (0,0) width 3: " "
            RenderTableCell {TD} at (267,319) size 3x11 [bgcolor=#083131] [r=29 c=89 rs=1 cs=1]
              RenderInline {FONT} at (0,0) size 3x11
                RenderText {#text} at (0,0) size 3x11
                  text run at (0,0) width 3: " "
            RenderTableCell {TD} at (270,319) size 3x11 [bgcolor=#223C3D] [r=29 c=90 rs=1 cs=1]
              RenderInline {FONT} at (0,0) size 3x11
                RenderText {#text} at (0,0) size 3x11
                  text run at (0,0) width 3: " "
            RenderTableCell {TD} at (273,319) size 3x11 [bgcolor=#515C5B] [r=29 c=91 rs=1 cs=1]
              RenderInline {FONT} at (0,0) size 3x11
                RenderText {#text} at (0,0) size 3x11
                  text run at (0,0) width 3: " "
            RenderTableCell {TD} at (276,319) size 3x11 [bgcolor=#777878] [r=29 c=92 rs=1 cs=1]
              RenderInline {FONT} at (0,0) size 3x11
                RenderText {#text} at (0,0) size 3x11
                  text run at (0,0) width 3: " "
            RenderTableCell {TD} at (279,319) size 3x11 [bgcolor=#A5A6A6] [r=29 c=93 rs=1 cs=1]
              RenderInline {FONT} at (0,0) size 3x11
                RenderText {#text} at (0,0) size 3x11
                  text run at (0,0) width 3: " "
            RenderTableCell {TD} at (282,319) size 3x11 [bgcolor=#CECFCF] [r=29 c=94 rs=1 cs=1]
              RenderInline {FONT} at (0,0) size 3x11
                RenderText {#text} at (0,0) size 3x11
                  text run at (0,0) width 3: " "
            RenderTableCell {TD} at (285,319) size 3x11 [bgcolor=#EDEEEF] [r=29 c=95 rs=1 cs=1]
              RenderInline {FONT} at (0,0) size 3x11
                RenderText {#text} at (0,0) size 3x11
                  text run at (0,0) width 3: " "
            RenderTableCell {TD} at (288,319) size 3x11 [bgcolor=#FDFDFB] [r=29 c=96 rs=1 cs=1]
              RenderInline {FONT} at (0,0) size 3x11
                RenderText {#text} at (0,0) size 3x11
                  text run at (0,0) width 3: " "
            RenderTableCell {TD} at (291,319) size 3x11 [bgcolor=#FDFDFB] [r=29 c=97 rs=1 cs=1]
              RenderInline {FONT} at (0,0) size 3x11
                RenderText {#text} at (0,0) size 3x11
                  text run at (0,0) width 3: " "
            RenderTableCell {TD} at (294,319) size 3x11 [bgcolor=#FDFDFB] [r=29 c=98 rs=1 cs=1]
              RenderInline {FONT} at (0,0) size 3x11
                RenderText {#text} at (0,0) size 3x11
                  text run at (0,0) width 3: " "
            RenderTableCell {TD} at (297,319) size 3x11 [bgcolor=#FDFDFB] [r=29 c=99 rs=1 cs=1]
              RenderInline {FONT} at (0,0) size 3x11
                RenderText {#text} at (0,0) size 3x11
                  text run at (0,0) width 3: " "
          RenderTableRow {TR} at (0,330) size 300x11
            RenderTableCell {TD} at (0,330) size 3x11 [bgcolor=#FDFDFB] [r=30 c=0 rs=1 cs=1]
              RenderInline {FONT} at (0,0) size 3x11
                RenderText {#text} at (0,0) size 3x11
                  text run at (0,0) width 3: " "
            RenderTableCell {TD} at (3,330) size 3x11 [bgcolor=#FDFDFB] [r=30 c=1 rs=1 cs=1]
              RenderInline {FONT} at (0,0) size 3x11
                RenderText {#text} at (0,0) size 3x11
                  text run at (0,0) width 3: " "
            RenderTableCell {TD} at (6,330) size 3x11 [bgcolor=#FDFDFB] [r=30 c=2 rs=1 cs=1]
              RenderInline {FONT} at (0,0) size 3x11
                RenderText {#text} at (0,0) size 3x11
                  text run at (0,0) width 3: " "
            RenderTableCell {TD} at (9,330) size 3x11 [bgcolor=#FDFDFB] [r=30 c=3 rs=1 cs=1]
              RenderInline {FONT} at (0,0) size 3x11
                RenderText {#text} at (0,0) size 3x11
                  text run at (0,0) width 3: " "
            RenderTableCell {TD} at (12,330) size 3x11 [bgcolor=#FDFDFB] [r=30 c=4 rs=1 cs=1]
              RenderInline {FONT} at (0,0) size 3x11
                RenderText {#text} at (0,0) size 3x11
                  text run at (0,0) width 3: " "
            RenderTableCell {TD} at (15,330) size 3x11 [bgcolor=#FDFDFB] [r=30 c=5 rs=1 cs=1]
              RenderInline {FONT} at (0,0) size 3x11
                RenderText {#text} at (0,0) size 3x11
                  text run at (0,0) width 3: " "
            RenderTableCell {TD} at (18,330) size 3x11 [bgcolor=#FDFDFB] [r=30 c=6 rs=1 cs=1]
              RenderInline {FONT} at (0,0) size 3x11
                RenderText {#text} at (0,0) size 3x11
                  text run at (0,0) width 3: " "
            RenderTableCell {TD} at (21,330) size 3x11 [bgcolor=#FDFDFB] [r=30 c=7 rs=1 cs=1]
              RenderInline {FONT} at (0,0) size 3x11
                RenderText {#text} at (0,0) size 3x11
                  text run at (0,0) width 3: " "
            RenderTableCell {TD} at (24,330) size 3x11 [bgcolor=#FDFDFB] [r=30 c=8 rs=1 cs=1]
              RenderInline {FONT} at (0,0) size 3x11
                RenderText {#text} at (0,0) size 3x11
                  text run at (0,0) width 3: " "
            RenderTableCell {TD} at (27,330) size 3x11 [bgcolor=#FDFDFB] [r=30 c=9 rs=1 cs=1]
              RenderInline {FONT} at (0,0) size 3x11
                RenderText {#text} at (0,0) size 3x11
                  text run at (0,0) width 3: " "
            RenderTableCell {TD} at (30,330) size 3x11 [bgcolor=#FDFDFB] [r=30 c=10 rs=1 cs=1]
              RenderInline {FONT} at (0,0) size 3x11
                RenderText {#text} at (0,0) size 3x11
                  text run at (0,0) width 3: " "
            RenderTableCell {TD} at (33,330) size 3x11 [bgcolor=#FDFDFB] [r=30 c=11 rs=1 cs=1]
              RenderInline {FONT} at (0,0) size 3x11
                RenderText {#text} at (0,0) size 3x11
                  text run at (0,0) width 3: " "
            RenderTableCell {TD} at (36,330) size 3x11 [bgcolor=#FDFDFB] [r=30 c=12 rs=1 cs=1]
              RenderInline {FONT} at (0,0) size 3x11
                RenderText {#text} at (0,0) size 3x11
                  text run at (0,0) width 3: " "
            RenderTableCell {TD} at (39,330) size 3x11 [bgcolor=#FDFDFB] [r=30 c=13 rs=1 cs=1]
              RenderInline {FONT} at (0,0) size 3x11
                RenderText {#text} at (0,0) size 3x11
                  text run at (0,0) width 3: " "
            RenderTableCell {TD} at (42,330) size 3x11 [bgcolor=#FDFDFB] [r=30 c=14 rs=1 cs=1]
              RenderInline {FONT} at (0,0) size 3x11
                RenderText {#text} at (0,0) size 3x11
                  text run at (0,0) width 3: " "
            RenderTableCell {TD} at (45,330) size 3x11 [bgcolor=#FDFDFB] [r=30 c=15 rs=1 cs=1]
              RenderInline {FONT} at (0,0) size 3x11
                RenderText {#text} at (0,0) size 3x11
                  text run at (0,0) width 3: " "
            RenderTableCell {TD} at (48,330) size 3x11 [bgcolor=#FDFDFB] [r=30 c=16 rs=1 cs=1]
              RenderInline {FONT} at (0,0) size 3x11
                RenderText {#text} at (0,0) size 3x11
                  text run at (0,0) width 3: " "
            RenderTableCell {TD} at (51,330) size 3x11 [bgcolor=#FDFDFB] [r=30 c=17 rs=1 cs=1]
              RenderInline {FONT} at (0,0) size 3x11
                RenderText {#text} at (0,0) size 3x11
                  text run at (0,0) width 3: " "
            RenderTableCell {TD} at (54,330) size 3x11 [bgcolor=#FDFDFB] [r=30 c=18 rs=1 cs=1]
              RenderInline {FONT} at (0,0) size 3x11
                RenderText {#text} at (0,0) size 3x11
                  text run at (0,0) width 3: " "
            RenderTableCell {TD} at (57,330) size 3x11 [bgcolor=#FDFDFB] [r=30 c=19 rs=1 cs=1]
              RenderInline {FONT} at (0,0) size 3x11
                RenderText {#text} at (0,0) size 3x11
                  text run at (0,0) width 3: " "
            RenderTableCell {TD} at (60,330) size 3x11 [bgcolor=#FDFDFB] [r=30 c=20 rs=1 cs=1]
              RenderInline {FONT} at (0,0) size 3x11
                RenderText {#text} at (0,0) size 3x11
                  text run at (0,0) width 3: " "
            RenderTableCell {TD} at (63,330) size 3x11 [bgcolor=#FDFDFB] [r=30 c=21 rs=1 cs=1]
              RenderInline {FONT} at (0,0) size 3x11
                RenderText {#text} at (0,0) size 3x11
                  text run at (0,0) width 3: " "
            RenderTableCell {TD} at (66,330) size 3x11 [bgcolor=#FDFDFB] [r=30 c=22 rs=1 cs=1]
              RenderInline {FONT} at (0,0) size 3x11
                RenderText {#text} at (0,0) size 3x11
                  text run at (0,0) width 3: " "
            RenderTableCell {TD} at (69,330) size 3x11 [bgcolor=#FDFDFB] [r=30 c=23 rs=1 cs=1]
              RenderInline {FONT} at (0,0) size 3x11
                RenderText {#text} at (0,0) size 3x11
                  text run at (0,0) width 3: " "
            RenderTableCell {TD} at (72,330) size 3x11 [bgcolor=#FDFDFB] [r=30 c=24 rs=1 cs=1]
              RenderInline {FONT} at (0,0) size 3x11
                RenderText {#text} at (0,0) size 3x11
                  text run at (0,0) width 3: " "
            RenderTableCell {TD} at (75,330) size 3x11 [bgcolor=#FDFDFB] [r=30 c=25 rs=1 cs=1]
              RenderInline {FONT} at (0,0) size 3x11
                RenderText {#text} at (0,0) size 3x11
                  text run at (0,0) width 3: " "
            RenderTableCell {TD} at (78,330) size 3x11 [bgcolor=#FDFDFB] [r=30 c=26 rs=1 cs=1]
              RenderInline {FONT} at (0,0) size 3x11
                RenderText {#text} at (0,0) size 3x11
                  text run at (0,0) width 3: " "
            RenderTableCell {TD} at (81,330) size 3x11 [bgcolor=#FDFDFB] [r=30 c=27 rs=1 cs=1]
              RenderInline {FONT} at (0,0) size 3x11
                RenderText {#text} at (0,0) size 3x11
                  text run at (0,0) width 3: " "
            RenderTableCell {TD} at (84,330) size 3x11 [bgcolor=#FDFDFB] [r=30 c=28 rs=1 cs=1]
              RenderInline {FONT} at (0,0) size 3x11
                RenderText {#text} at (0,0) size 3x11
                  text run at (0,0) width 3: " "
            RenderTableCell {TD} at (87,330) size 3x11 [bgcolor=#FDFDFB] [r=30 c=29 rs=1 cs=1]
              RenderInline {FONT} at (0,0) size 3x11
                RenderText {#text} at (0,0) size 3x11
                  text run at (0,0) width 3: " "
            RenderTableCell {TD} at (90,330) size 3x11 [bgcolor=#FDFDFB] [r=30 c=30 rs=1 cs=1]
              RenderInline {FONT} at (0,0) size 3x11
                RenderText {#text} at (0,0) size 3x11
                  text run at (0,0) width 3: " "
            RenderTableCell {TD} at (93,330) size 3x11 [bgcolor=#FDFDFB] [r=30 c=31 rs=1 cs=1]
              RenderInline {FONT} at (0,0) size 3x11
                RenderText {#text} at (0,0) size 3x11
                  text run at (0,0) width 3: " "
            RenderTableCell {TD} at (96,330) size 3x11 [bgcolor=#FDFDFB] [r=30 c=32 rs=1 cs=1]
              RenderInline {FONT} at (0,0) size 3x11
                RenderText {#text} at (0,0) size 3x11
                  text run at (0,0) width 3: " "
            RenderTableCell {TD} at (99,330) size 3x11 [bgcolor=#FDFDFB] [r=30 c=33 rs=1 cs=1]
              RenderInline {FONT} at (0,0) size 3x11
                RenderText {#text} at (0,0) size 3x11
                  text run at (0,0) width 3: " "
            RenderTableCell {TD} at (102,330) size 3x11 [bgcolor=#FDFDFB] [r=30 c=34 rs=1 cs=1]
              RenderInline {FONT} at (0,0) size 3x11
                RenderText {#text} at (0,0) size 3x11
                  text run at (0,0) width 3: " "
            RenderTableCell {TD} at (105,330) size 3x11 [bgcolor=#FDFDFB] [r=30 c=35 rs=1 cs=1]
              RenderInline {FONT} at (0,0) size 3x11
                RenderText {#text} at (0,0) size 3x11
                  text run at (0,0) width 3: " "
            RenderTableCell {TD} at (108,330) size 3x11 [bgcolor=#FDFDFB] [r=30 c=36 rs=1 cs=1]
              RenderInline {FONT} at (0,0) size 3x11
                RenderText {#text} at (0,0) size 3x11
                  text run at (0,0) width 3: " "
            RenderTableCell {TD} at (111,330) size 3x11 [bgcolor=#FDFDFB] [r=30 c=37 rs=1 cs=1]
              RenderInline {FONT} at (0,0) size 3x11
                RenderText {#text} at (0,0) size 3x11
                  text run at (0,0) width 3: " "
            RenderTableCell {TD} at (114,330) size 3x11 [bgcolor=#FDFDFB] [r=30 c=38 rs=1 cs=1]
              RenderInline {FONT} at (0,0) size 3x11
                RenderText {#text} at (0,0) size 3x11
                  text run at (0,0) width 3: " "
            RenderTableCell {TD} at (117,330) size 3x11 [bgcolor=#FDFDFB] [r=30 c=39 rs=1 cs=1]
              RenderInline {FONT} at (0,0) size 3x11
                RenderText {#text} at (0,0) size 3x11
                  text run at (0,0) width 3: " "
            RenderTableCell {TD} at (120,330) size 3x11 [bgcolor=#FDFDFB] [r=30 c=40 rs=1 cs=1]
              RenderInline {FONT} at (0,0) size 3x11
                RenderText {#text} at (0,0) size 3x11
                  text run at (0,0) width 3: " "
            RenderTableCell {TD} at (123,330) size 3x11 [bgcolor=#FDFDFB] [r=30 c=41 rs=1 cs=1]
              RenderInline {FONT} at (0,0) size 3x11
                RenderText {#text} at (0,0) size 3x11
                  text run at (0,0) width 3: " "
            RenderTableCell {TD} at (126,330) size 3x11 [bgcolor=#FDFDFB] [r=30 c=42 rs=1 cs=1]
              RenderInline {FONT} at (0,0) size 3x11
                RenderText {#text} at (0,0) size 3x11
                  text run at (0,0) width 3: " "
            RenderTableCell {TD} at (129,330) size 3x11 [bgcolor=#FDFDFB] [r=30 c=43 rs=1 cs=1]
              RenderInline {FONT} at (0,0) size 3x11
                RenderText {#text} at (0,0) size 3x11
                  text run at (0,0) width 3: " "
            RenderTableCell {TD} at (132,330) size 3x11 [bgcolor=#FDFDFB] [r=30 c=44 rs=1 cs=1]
              RenderInline {FONT} at (0,0) size 3x11
                RenderText {#text} at (0,0) size 3x11
                  text run at (0,0) width 3: " "
            RenderTableCell {TD} at (135,330) size 3x11 [bgcolor=#FDFDFB] [r=30 c=45 rs=1 cs=1]
              RenderInline {FONT} at (0,0) size 3x11
                RenderText {#text} at (0,0) size 3x11
                  text run at (0,0) width 3: " "
            RenderTableCell {TD} at (138,330) size 3x11 [bgcolor=#FDFDFB] [r=30 c=46 rs=1 cs=1]
              RenderInline {FONT} at (0,0) size 3x11
                RenderText {#text} at (0,0) size 3x11
                  text run at (0,0) width 3: " "
            RenderTableCell {TD} at (141,330) size 3x11 [bgcolor=#FDFDFB] [r=30 c=47 rs=1 cs=1]
              RenderInline {FONT} at (0,0) size 3x11
                RenderText {#text} at (0,0) size 3x11
                  text run at (0,0) width 3: " "
            RenderTableCell {TD} at (144,330) size 3x11 [bgcolor=#FDFDFB] [r=30 c=48 rs=1 cs=1]
              RenderInline {FONT} at (0,0) size 3x11
                RenderText {#text} at (0,0) size 3x11
                  text run at (0,0) width 3: " "
            RenderTableCell {TD} at (147,330) size 3x11 [bgcolor=#FDFDFB] [r=30 c=49 rs=1 cs=1]
              RenderInline {FONT} at (0,0) size 3x11
                RenderText {#text} at (0,0) size 3x11
                  text run at (0,0) width 3: " "
            RenderTableCell {TD} at (150,330) size 3x11 [bgcolor=#FDFDFB] [r=30 c=50 rs=1 cs=1]
              RenderInline {FONT} at (0,0) size 3x11
                RenderText {#text} at (0,0) size 3x11
                  text run at (0,0) width 3: " "
            RenderTableCell {TD} at (153,330) size 3x11 [bgcolor=#FDFDFB] [r=30 c=51 rs=1 cs=1]
              RenderInline {FONT} at (0,0) size 3x11
                RenderText {#text} at (0,0) size 3x11
                  text run at (0,0) width 3: " "
            RenderTableCell {TD} at (156,330) size 3x11 [bgcolor=#FDFDFB] [r=30 c=52 rs=1 cs=1]
              RenderInline {FONT} at (0,0) size 3x11
                RenderText {#text} at (0,0) size 3x11
                  text run at (0,0) width 3: " "
            RenderTableCell {TD} at (159,330) size 3x11 [bgcolor=#FDFDFB] [r=30 c=53 rs=1 cs=1]
              RenderInline {FONT} at (0,0) size 3x11
                RenderText {#text} at (0,0) size 3x11
                  text run at (0,0) width 3: " "
            RenderTableCell {TD} at (162,330) size 3x11 [bgcolor=#FDFDFB] [r=30 c=54 rs=1 cs=1]
              RenderInline {FONT} at (0,0) size 3x11
                RenderText {#text} at (0,0) size 3x11
                  text run at (0,0) width 3: " "
            RenderTableCell {TD} at (165,330) size 3x11 [bgcolor=#FDFDFB] [r=30 c=55 rs=1 cs=1]
              RenderInline {FONT} at (0,0) size 3x11
                RenderText {#text} at (0,0) size 3x11
                  text run at (0,0) width 3: " "
            RenderTableCell {TD} at (168,330) size 3x11 [bgcolor=#FDFDFB] [r=30 c=56 rs=1 cs=1]
              RenderInline {FONT} at (0,0) size 3x11
                RenderText {#text} at (0,0) size 3x11
                  text run at (0,0) width 3: " "
            RenderTableCell {TD} at (171,330) size 3x11 [bgcolor=#FDFDFB] [r=30 c=57 rs=1 cs=1]
              RenderInline {FONT} at (0,0) size 3x11
                RenderText {#text} at (0,0) size 3x11
                  text run at (0,0) width 3: " "
            RenderTableCell {TD} at (174,330) size 3x11 [bgcolor=#FDFDFB] [r=30 c=58 rs=1 cs=1]
              RenderInline {FONT} at (0,0) size 3x11
                RenderText {#text} at (0,0) size 3x11
                  text run at (0,0) width 3: " "
            RenderTableCell {TD} at (177,330) size 3x11 [bgcolor=#FDFDFB] [r=30 c=59 rs=1 cs=1]
              RenderInline {FONT} at (0,0) size 3x11
                RenderText {#text} at (0,0) size 3x11
                  text run at (0,0) width 3: " "
            RenderTableCell {TD} at (180,330) size 3x11 [bgcolor=#FDFDFB] [r=30 c=60 rs=1 cs=1]
              RenderInline {FONT} at (0,0) size 3x11
                RenderText {#text} at (0,0) size 3x11
                  text run at (0,0) width 3: " "
            RenderTableCell {TD} at (183,330) size 3x11 [bgcolor=#FDFDFB] [r=30 c=61 rs=1 cs=1]
              RenderInline {FONT} at (0,0) size 3x11
                RenderText {#text} at (0,0) size 3x11
                  text run at (0,0) width 3: " "
            RenderTableCell {TD} at (186,330) size 3x11 [bgcolor=#FDFDFB] [r=30 c=62 rs=1 cs=1]
              RenderInline {FONT} at (0,0) size 3x11
                RenderText {#text} at (0,0) size 3x11
                  text run at (0,0) width 3: " "
            RenderTableCell {TD} at (189,330) size 3x11 [bgcolor=#FDFDFB] [r=30 c=63 rs=1 cs=1]
              RenderInline {FONT} at (0,0) size 3x11
                RenderText {#text} at (0,0) size 3x11
                  text run at (0,0) width 3: " "
            RenderTableCell {TD} at (192,330) size 3x11 [bgcolor=#FDFDFB] [r=30 c=64 rs=1 cs=1]
              RenderInline {FONT} at (0,0) size 3x11
                RenderText {#text} at (0,0) size 3x11
                  text run at (0,0) width 3: " "
            RenderTableCell {TD} at (195,330) size 3x11 [bgcolor=#CECFCF] [r=30 c=65 rs=1 cs=1]
              RenderInline {FONT} at (0,0) size 3x11
                RenderText {#text} at (0,0) size 3x11
                  text run at (0,0) width 3: " "
            RenderTableCell {TD} at (198,330) size 3x11 [bgcolor=#7B918F] [r=30 c=66 rs=1 cs=1]
              RenderInline {FONT} at (0,0) size 3x11
                RenderText {#text} at (0,0) size 3x11
                  text run at (0,0) width 3: " "
            RenderTableCell {TD} at (201,330) size 3x11 [bgcolor=#305D5D] [r=30 c=67 rs=1 cs=1]
              RenderInline {FONT} at (0,0) size 3x11
                RenderText {#text} at (0,0) size 3x11
                  text run at (0,0) width 3: " "
            RenderTableCell {TD} at (204,330) size 3x11 [bgcolor=#044140] [r=30 c=68 rs=1 cs=1]
              RenderInline {FONT} at (0,0) size 3x11
                RenderText {#text} at (0,0) size 3x11
                  text run at (0,0) width 3: " "
            RenderTableCell {TD} at (207,330) size 3x11 [bgcolor=#044140] [r=30 c=69 rs=1 cs=1]
              RenderInline {FONT} at (0,0) size 3x11
                RenderText {#text} at (0,0) size 3x11
                  text run at (0,0) width 3: " "
            RenderTableCell {TD} at (210,330) size 3x11 [bgcolor=#044140] [r=30 c=70 rs=1 cs=1]
              RenderInline {FONT} at (0,0) size 3x11
                RenderText {#text} at (0,0) size 3x11
                  text run at (0,0) width 3: " "
            RenderTableCell {TD} at (213,330) size 3x11 [bgcolor=#044F4F] [r=30 c=71 rs=1 cs=1]
              RenderInline {FONT} at (0,0) size 3x11
                RenderText {#text} at (0,0) size 3x11
                  text run at (0,0) width 3: " "
            RenderTableCell {TD} at (216,330) size 3x11 [bgcolor=#044F4F] [r=30 c=72 rs=1 cs=1]
              RenderInline {FONT} at (0,0) size 3x11
                RenderText {#text} at (0,0) size 3x11
                  text run at (0,0) width 3: " "
            RenderTableCell {TD} at (219,330) size 3x11 [bgcolor=#044F4F] [r=30 c=73 rs=1 cs=1]
              RenderInline {FONT} at (0,0) size 3x11
                RenderText {#text} at (0,0) size 3x11
                  text run at (0,0) width 3: " "
            RenderTableCell {TD} at (222,330) size 3x11 [bgcolor=#044F4F] [r=30 c=74 rs=1 cs=1]
              RenderInline {FONT} at (0,0) size 3x11
                RenderText {#text} at (0,0) size 3x11
                  text run at (0,0) width 3: " "
            RenderTableCell {TD} at (225,330) size 3x11 [bgcolor=#044F4F] [r=30 c=75 rs=1 cs=1]
              RenderInline {FONT} at (0,0) size 3x11
                RenderText {#text} at (0,0) size 3x11
                  text run at (0,0) width 3: " "
            RenderTableCell {TD} at (228,330) size 3x11 [bgcolor=#044F4F] [r=30 c=76 rs=1 cs=1]
              RenderInline {FONT} at (0,0) size 3x11
                RenderText {#text} at (0,0) size 3x11
                  text run at (0,0) width 3: " "
            RenderTableCell {TD} at (231,330) size 3x11 [bgcolor=#044F4F] [r=30 c=77 rs=1 cs=1]
              RenderInline {FONT} at (0,0) size 3x11
                RenderText {#text} at (0,0) size 3x11
                  text run at (0,0) width 3: " "
            RenderTableCell {TD} at (234,330) size 3x11 [bgcolor=#044140] [r=30 c=78 rs=1 cs=1]
              RenderInline {FONT} at (0,0) size 3x11
                RenderText {#text} at (0,0) size 3x11
                  text run at (0,0) width 3: " "
            RenderTableCell {TD} at (237,330) size 3x11 [bgcolor=#044140] [r=30 c=79 rs=1 cs=1]
              RenderInline {FONT} at (0,0) size 3x11
                RenderText {#text} at (0,0) size 3x11
                  text run at (0,0) width 3: " "
            RenderTableCell {TD} at (240,330) size 3x11 [bgcolor=#044140] [r=30 c=80 rs=1 cs=1]
              RenderInline {FONT} at (0,0) size 3x11
                RenderText {#text} at (0,0) size 3x11
                  text run at (0,0) width 3: " "
            RenderTableCell {TD} at (243,330) size 3x11 [bgcolor=#044140] [r=30 c=81 rs=1 cs=1]
              RenderInline {FONT} at (0,0) size 3x11
                RenderText {#text} at (0,0) size 3x11
                  text run at (0,0) width 3: " "
            RenderTableCell {TD} at (246,330) size 3x11 [bgcolor=#044140] [r=30 c=82 rs=1 cs=1]
              RenderInline {FONT} at (0,0) size 3x11
                RenderText {#text} at (0,0) size 3x11
                  text run at (0,0) width 3: " "
            RenderTableCell {TD} at (249,330) size 3x11 [bgcolor=#044140] [r=30 c=83 rs=1 cs=1]
              RenderInline {FONT} at (0,0) size 3x11
                RenderText {#text} at (0,0) size 3x11
                  text run at (0,0) width 3: " "
            RenderTableCell {TD} at (252,330) size 3x11 [bgcolor=#044140] [r=30 c=84 rs=1 cs=1]
              RenderInline {FONT} at (0,0) size 3x11
                RenderText {#text} at (0,0) size 3x11
                  text run at (0,0) width 3: " "
            RenderTableCell {TD} at (255,330) size 3x11 [bgcolor=#083131] [r=30 c=85 rs=1 cs=1]
              RenderInline {FONT} at (0,0) size 3x11
                RenderText {#text} at (0,0) size 3x11
                  text run at (0,0) width 3: " "
            RenderTableCell {TD} at (258,330) size 3x11 [bgcolor=#083131] [r=30 c=86 rs=1 cs=1]
              RenderInline {FONT} at (0,0) size 3x11
                RenderText {#text} at (0,0) size 3x11
                  text run at (0,0) width 3: " "
            RenderTableCell {TD} at (261,330) size 3x11 [bgcolor=#083131] [r=30 c=87 rs=1 cs=1]
              RenderInline {FONT} at (0,0) size 3x11
                RenderText {#text} at (0,0) size 3x11
                  text run at (0,0) width 3: " "
            RenderTableCell {TD} at (264,330) size 3x11 [bgcolor=#344C4E] [r=30 c=88 rs=1 cs=1]
              RenderInline {FONT} at (0,0) size 3x11
                RenderText {#text} at (0,0) size 3x11
                  text run at (0,0) width 3: " "
            RenderTableCell {TD} at (267,330) size 3x11 [bgcolor=#515C5B] [r=30 c=89 rs=1 cs=1]
              RenderInline {FONT} at (0,0) size 3x11
                RenderText {#text} at (0,0) size 3x11
                  text run at (0,0) width 3: " "
            RenderTableCell {TD} at (270,330) size 3x11 [bgcolor=#777878] [r=30 c=90 rs=1 cs=1]
              RenderInline {FONT} at (0,0) size 3x11
                RenderText {#text} at (0,0) size 3x11
                  text run at (0,0) width 3: " "
            RenderTableCell {TD} at (273,330) size 3x11 [bgcolor=#939494] [r=30 c=91 rs=1 cs=1]
              RenderInline {FONT} at (0,0) size 3x11
                RenderText {#text} at (0,0) size 3x11
                  text run at (0,0) width 3: " "
            RenderTableCell {TD} at (276,330) size 3x11 [bgcolor=#A5A6A6] [r=30 c=92 rs=1 cs=1]
              RenderInline {FONT} at (0,0) size 3x11
                RenderText {#text} at (0,0) size 3x11
                  text run at (0,0) width 3: " "
            RenderTableCell {TD} at (279,330) size 3x11 [bgcolor=#CECFCF] [r=30 c=93 rs=1 cs=1]
              RenderInline {FONT} at (0,0) size 3x11
                RenderText {#text} at (0,0) size 3x11
                  text run at (0,0) width 3: " "
            RenderTableCell {TD} at (282,330) size 3x11 [bgcolor=#E0EAE9] [r=30 c=94 rs=1 cs=1]
              RenderInline {FONT} at (0,0) size 3x11
                RenderText {#text} at (0,0) size 3x11
                  text run at (0,0) width 3: " "
            RenderTableCell {TD} at (285,330) size 3x11 [bgcolor=#FDFDFB] [r=30 c=95 rs=1 cs=1]
              RenderInline {FONT} at (0,0) size 3x11
                RenderText {#text} at (0,0) size 3x11
                  text run at (0,0) width 3: " "
            RenderTableCell {TD} at (288,330) size 3x11 [bgcolor=#FDFDFB] [r=30 c=96 rs=1 cs=1]
              RenderInline {FONT} at (0,0) size 3x11
                RenderText {#text} at (0,0) size 3x11
                  text run at (0,0) width 3: " "
            RenderTableCell {TD} at (291,330) size 3x11 [bgcolor=#FDFDFB] [r=30 c=97 rs=1 cs=1]
              RenderInline {FONT} at (0,0) size 3x11
                RenderText {#text} at (0,0) size 3x11
                  text run at (0,0) width 3: " "
            RenderTableCell {TD} at (294,330) size 3x11 [bgcolor=#FDFDFB] [r=30 c=98 rs=1 cs=1]
              RenderInline {FONT} at (0,0) size 3x11
                RenderText {#text} at (0,0) size 3x11
                  text run at (0,0) width 3: " "
            RenderTableCell {TD} at (297,330) size 3x11 [bgcolor=#FDFDFB] [r=30 c=99 rs=1 cs=1]
              RenderInline {FONT} at (0,0) size 3x11
                RenderText {#text} at (0,0) size 3x11
                  text run at (0,0) width 3: " "
          RenderTableRow {TR} at (0,341) size 300x11
            RenderTableCell {TD} at (0,341) size 3x11 [bgcolor=#FDFDFB] [r=31 c=0 rs=1 cs=1]
              RenderInline {FONT} at (0,0) size 3x11
                RenderText {#text} at (0,0) size 3x11
                  text run at (0,0) width 3: " "
            RenderTableCell {TD} at (3,341) size 3x11 [bgcolor=#FDFDFB] [r=31 c=1 rs=1 cs=1]
              RenderInline {FONT} at (0,0) size 3x11
                RenderText {#text} at (0,0) size 3x11
                  text run at (0,0) width 3: " "
            RenderTableCell {TD} at (6,341) size 3x11 [bgcolor=#FDFDFB] [r=31 c=2 rs=1 cs=1]
              RenderInline {FONT} at (0,0) size 3x11
                RenderText {#text} at (0,0) size 3x11
                  text run at (0,0) width 3: " "
            RenderTableCell {TD} at (9,341) size 3x11 [bgcolor=#FDFDFB] [r=31 c=3 rs=1 cs=1]
              RenderInline {FONT} at (0,0) size 3x11
                RenderText {#text} at (0,0) size 3x11
                  text run at (0,0) width 3: " "
            RenderTableCell {TD} at (12,341) size 3x11 [bgcolor=#FDFDFB] [r=31 c=4 rs=1 cs=1]
              RenderInline {FONT} at (0,0) size 3x11
                RenderText {#text} at (0,0) size 3x11
                  text run at (0,0) width 3: " "
            RenderTableCell {TD} at (15,341) size 3x11 [bgcolor=#FDFDFB] [r=31 c=5 rs=1 cs=1]
              RenderInline {FONT} at (0,0) size 3x11
                RenderText {#text} at (0,0) size 3x11
                  text run at (0,0) width 3: " "
            RenderTableCell {TD} at (18,341) size 3x11 [bgcolor=#FDFDFB] [r=31 c=6 rs=1 cs=1]
              RenderInline {FONT} at (0,0) size 3x11
                RenderText {#text} at (0,0) size 3x11
                  text run at (0,0) width 3: " "
            RenderTableCell {TD} at (21,341) size 3x11 [bgcolor=#FDFDFB] [r=31 c=7 rs=1 cs=1]
              RenderInline {FONT} at (0,0) size 3x11
                RenderText {#text} at (0,0) size 3x11
                  text run at (0,0) width 3: " "
            RenderTableCell {TD} at (24,341) size 3x11 [bgcolor=#FDFDFB] [r=31 c=8 rs=1 cs=1]
              RenderInline {FONT} at (0,0) size 3x11
                RenderText {#text} at (0,0) size 3x11
                  text run at (0,0) width 3: " "
            RenderTableCell {TD} at (27,341) size 3x11 [bgcolor=#FDFDFB] [r=31 c=9 rs=1 cs=1]
              RenderInline {FONT} at (0,0) size 3x11
                RenderText {#text} at (0,0) size 3x11
                  text run at (0,0) width 3: " "
            RenderTableCell {TD} at (30,341) size 3x11 [bgcolor=#FDFDFB] [r=31 c=10 rs=1 cs=1]
              RenderInline {FONT} at (0,0) size 3x11
                RenderText {#text} at (0,0) size 3x11
                  text run at (0,0) width 3: " "
            RenderTableCell {TD} at (33,341) size 3x11 [bgcolor=#FDFDFB] [r=31 c=11 rs=1 cs=1]
              RenderInline {FONT} at (0,0) size 3x11
                RenderText {#text} at (0,0) size 3x11
                  text run at (0,0) width 3: " "
            RenderTableCell {TD} at (36,341) size 3x11 [bgcolor=#FDFDFB] [r=31 c=12 rs=1 cs=1]
              RenderInline {FONT} at (0,0) size 3x11
                RenderText {#text} at (0,0) size 3x11
                  text run at (0,0) width 3: " "
            RenderTableCell {TD} at (39,341) size 3x11 [bgcolor=#FDFDFB] [r=31 c=13 rs=1 cs=1]
              RenderInline {FONT} at (0,0) size 3x11
                RenderText {#text} at (0,0) size 3x11
                  text run at (0,0) width 3: " "
            RenderTableCell {TD} at (42,341) size 3x11 [bgcolor=#FDFDFB] [r=31 c=14 rs=1 cs=1]
              RenderInline {FONT} at (0,0) size 3x11
                RenderText {#text} at (0,0) size 3x11
                  text run at (0,0) width 3: " "
            RenderTableCell {TD} at (45,341) size 3x11 [bgcolor=#FDFDFB] [r=31 c=15 rs=1 cs=1]
              RenderInline {FONT} at (0,0) size 3x11
                RenderText {#text} at (0,0) size 3x11
                  text run at (0,0) width 3: " "
            RenderTableCell {TD} at (48,341) size 3x11 [bgcolor=#FDFDFB] [r=31 c=16 rs=1 cs=1]
              RenderInline {FONT} at (0,0) size 3x11
                RenderText {#text} at (0,0) size 3x11
                  text run at (0,0) width 3: " "
            RenderTableCell {TD} at (51,341) size 3x11 [bgcolor=#FDFDFB] [r=31 c=17 rs=1 cs=1]
              RenderInline {FONT} at (0,0) size 3x11
                RenderText {#text} at (0,0) size 3x11
                  text run at (0,0) width 3: " "
            RenderTableCell {TD} at (54,341) size 3x11 [bgcolor=#FDFDFB] [r=31 c=18 rs=1 cs=1]
              RenderInline {FONT} at (0,0) size 3x11
                RenderText {#text} at (0,0) size 3x11
                  text run at (0,0) width 3: " "
            RenderTableCell {TD} at (57,341) size 3x11 [bgcolor=#FDFDFB] [r=31 c=19 rs=1 cs=1]
              RenderInline {FONT} at (0,0) size 3x11
                RenderText {#text} at (0,0) size 3x11
                  text run at (0,0) width 3: " "
            RenderTableCell {TD} at (60,341) size 3x11 [bgcolor=#FDFDFB] [r=31 c=20 rs=1 cs=1]
              RenderInline {FONT} at (0,0) size 3x11
                RenderText {#text} at (0,0) size 3x11
                  text run at (0,0) width 3: " "
            RenderTableCell {TD} at (63,341) size 3x11 [bgcolor=#FDFDFB] [r=31 c=21 rs=1 cs=1]
              RenderInline {FONT} at (0,0) size 3x11
                RenderText {#text} at (0,0) size 3x11
                  text run at (0,0) width 3: " "
            RenderTableCell {TD} at (66,341) size 3x11 [bgcolor=#FDFDFB] [r=31 c=22 rs=1 cs=1]
              RenderInline {FONT} at (0,0) size 3x11
                RenderText {#text} at (0,0) size 3x11
                  text run at (0,0) width 3: " "
            RenderTableCell {TD} at (69,341) size 3x11 [bgcolor=#FDFDFB] [r=31 c=23 rs=1 cs=1]
              RenderInline {FONT} at (0,0) size 3x11
                RenderText {#text} at (0,0) size 3x11
                  text run at (0,0) width 3: " "
            RenderTableCell {TD} at (72,341) size 3x11 [bgcolor=#FDFDFB] [r=31 c=24 rs=1 cs=1]
              RenderInline {FONT} at (0,0) size 3x11
                RenderText {#text} at (0,0) size 3x11
                  text run at (0,0) width 3: " "
            RenderTableCell {TD} at (75,341) size 3x11 [bgcolor=#FDFDFB] [r=31 c=25 rs=1 cs=1]
              RenderInline {FONT} at (0,0) size 3x11
                RenderText {#text} at (0,0) size 3x11
                  text run at (0,0) width 3: " "
            RenderTableCell {TD} at (78,341) size 3x11 [bgcolor=#FDFDFB] [r=31 c=26 rs=1 cs=1]
              RenderInline {FONT} at (0,0) size 3x11
                RenderText {#text} at (0,0) size 3x11
                  text run at (0,0) width 3: " "
            RenderTableCell {TD} at (81,341) size 3x11 [bgcolor=#FDFDFB] [r=31 c=27 rs=1 cs=1]
              RenderInline {FONT} at (0,0) size 3x11
                RenderText {#text} at (0,0) size 3x11
                  text run at (0,0) width 3: " "
            RenderTableCell {TD} at (84,341) size 3x11 [bgcolor=#FDFDFB] [r=31 c=28 rs=1 cs=1]
              RenderInline {FONT} at (0,0) size 3x11
                RenderText {#text} at (0,0) size 3x11
                  text run at (0,0) width 3: " "
            RenderTableCell {TD} at (87,341) size 3x11 [bgcolor=#FDFDFB] [r=31 c=29 rs=1 cs=1]
              RenderInline {FONT} at (0,0) size 3x11
                RenderText {#text} at (0,0) size 3x11
                  text run at (0,0) width 3: " "
            RenderTableCell {TD} at (90,341) size 3x11 [bgcolor=#FDFDFB] [r=31 c=30 rs=1 cs=1]
              RenderInline {FONT} at (0,0) size 3x11
                RenderText {#text} at (0,0) size 3x11
                  text run at (0,0) width 3: " "
            RenderTableCell {TD} at (93,341) size 3x11 [bgcolor=#FDFDFB] [r=31 c=31 rs=1 cs=1]
              RenderInline {FONT} at (0,0) size 3x11
                RenderText {#text} at (0,0) size 3x11
                  text run at (0,0) width 3: " "
            RenderTableCell {TD} at (96,341) size 3x11 [bgcolor=#FDFDFB] [r=31 c=32 rs=1 cs=1]
              RenderInline {FONT} at (0,0) size 3x11
                RenderText {#text} at (0,0) size 3x11
                  text run at (0,0) width 3: " "
            RenderTableCell {TD} at (99,341) size 3x11 [bgcolor=#FDFDFB] [r=31 c=33 rs=1 cs=1]
              RenderInline {FONT} at (0,0) size 3x11
                RenderText {#text} at (0,0) size 3x11
                  text run at (0,0) width 3: " "
            RenderTableCell {TD} at (102,341) size 3x11 [bgcolor=#FDFDFB] [r=31 c=34 rs=1 cs=1]
              RenderInline {FONT} at (0,0) size 3x11
                RenderText {#text} at (0,0) size 3x11
                  text run at (0,0) width 3: " "
            RenderTableCell {TD} at (105,341) size 3x11 [bgcolor=#FDFDFB] [r=31 c=35 rs=1 cs=1]
              RenderInline {FONT} at (0,0) size 3x11
                RenderText {#text} at (0,0) size 3x11
                  text run at (0,0) width 3: " "
            RenderTableCell {TD} at (108,341) size 3x11 [bgcolor=#FDFDFB] [r=31 c=36 rs=1 cs=1]
              RenderInline {FONT} at (0,0) size 3x11
                RenderText {#text} at (0,0) size 3x11
                  text run at (0,0) width 3: " "
            RenderTableCell {TD} at (111,341) size 3x11 [bgcolor=#FDFDFB] [r=31 c=37 rs=1 cs=1]
              RenderInline {FONT} at (0,0) size 3x11
                RenderText {#text} at (0,0) size 3x11
                  text run at (0,0) width 3: " "
            RenderTableCell {TD} at (114,341) size 3x11 [bgcolor=#FDFDFB] [r=31 c=38 rs=1 cs=1]
              RenderInline {FONT} at (0,0) size 3x11
                RenderText {#text} at (0,0) size 3x11
                  text run at (0,0) width 3: " "
            RenderTableCell {TD} at (117,341) size 3x11 [bgcolor=#FDFDFB] [r=31 c=39 rs=1 cs=1]
              RenderInline {FONT} at (0,0) size 3x11
                RenderText {#text} at (0,0) size 3x11
                  text run at (0,0) width 3: " "
            RenderTableCell {TD} at (120,341) size 3x11 [bgcolor=#FDFDFB] [r=31 c=40 rs=1 cs=1]
              RenderInline {FONT} at (0,0) size 3x11
                RenderText {#text} at (0,0) size 3x11
                  text run at (0,0) width 3: " "
            RenderTableCell {TD} at (123,341) size 3x11 [bgcolor=#FDFDFB] [r=31 c=41 rs=1 cs=1]
              RenderInline {FONT} at (0,0) size 3x11
                RenderText {#text} at (0,0) size 3x11
                  text run at (0,0) width 3: " "
            RenderTableCell {TD} at (126,341) size 3x11 [bgcolor=#FDFDFB] [r=31 c=42 rs=1 cs=1]
              RenderInline {FONT} at (0,0) size 3x11
                RenderText {#text} at (0,0) size 3x11
                  text run at (0,0) width 3: " "
            RenderTableCell {TD} at (129,341) size 3x11 [bgcolor=#FDFDFB] [r=31 c=43 rs=1 cs=1]
              RenderInline {FONT} at (0,0) size 3x11
                RenderText {#text} at (0,0) size 3x11
                  text run at (0,0) width 3: " "
            RenderTableCell {TD} at (132,341) size 3x11 [bgcolor=#FDFDFB] [r=31 c=44 rs=1 cs=1]
              RenderInline {FONT} at (0,0) size 3x11
                RenderText {#text} at (0,0) size 3x11
                  text run at (0,0) width 3: " "
            RenderTableCell {TD} at (135,341) size 3x11 [bgcolor=#FDFDFB] [r=31 c=45 rs=1 cs=1]
              RenderInline {FONT} at (0,0) size 3x11
                RenderText {#text} at (0,0) size 3x11
                  text run at (0,0) width 3: " "
            RenderTableCell {TD} at (138,341) size 3x11 [bgcolor=#FDFDFB] [r=31 c=46 rs=1 cs=1]
              RenderInline {FONT} at (0,0) size 3x11
                RenderText {#text} at (0,0) size 3x11
                  text run at (0,0) width 3: " "
            RenderTableCell {TD} at (141,341) size 3x11 [bgcolor=#FDFDFB] [r=31 c=47 rs=1 cs=1]
              RenderInline {FONT} at (0,0) size 3x11
                RenderText {#text} at (0,0) size 3x11
                  text run at (0,0) width 3: " "
            RenderTableCell {TD} at (144,341) size 3x11 [bgcolor=#FDFDFB] [r=31 c=48 rs=1 cs=1]
              RenderInline {FONT} at (0,0) size 3x11
                RenderText {#text} at (0,0) size 3x11
                  text run at (0,0) width 3: " "
            RenderTableCell {TD} at (147,341) size 3x11 [bgcolor=#FDFDFB] [r=31 c=49 rs=1 cs=1]
              RenderInline {FONT} at (0,0) size 3x11
                RenderText {#text} at (0,0) size 3x11
                  text run at (0,0) width 3: " "
            RenderTableCell {TD} at (150,341) size 3x11 [bgcolor=#FDFDFB] [r=31 c=50 rs=1 cs=1]
              RenderInline {FONT} at (0,0) size 3x11
                RenderText {#text} at (0,0) size 3x11
                  text run at (0,0) width 3: " "
            RenderTableCell {TD} at (153,341) size 3x11 [bgcolor=#FDFDFB] [r=31 c=51 rs=1 cs=1]
              RenderInline {FONT} at (0,0) size 3x11
                RenderText {#text} at (0,0) size 3x11
                  text run at (0,0) width 3: " "
            RenderTableCell {TD} at (156,341) size 3x11 [bgcolor=#FDFDFB] [r=31 c=52 rs=1 cs=1]
              RenderInline {FONT} at (0,0) size 3x11
                RenderText {#text} at (0,0) size 3x11
                  text run at (0,0) width 3: " "
            RenderTableCell {TD} at (159,341) size 3x11 [bgcolor=#FDFDFB] [r=31 c=53 rs=1 cs=1]
              RenderInline {FONT} at (0,0) size 3x11
                RenderText {#text} at (0,0) size 3x11
                  text run at (0,0) width 3: " "
            RenderTableCell {TD} at (162,341) size 3x11 [bgcolor=#FDFDFB] [r=31 c=54 rs=1 cs=1]
              RenderInline {FONT} at (0,0) size 3x11
                RenderText {#text} at (0,0) size 3x11
                  text run at (0,0) width 3: " "
            RenderTableCell {TD} at (165,341) size 3x11 [bgcolor=#FDFDFB] [r=31 c=55 rs=1 cs=1]
              RenderInline {FONT} at (0,0) size 3x11
                RenderText {#text} at (0,0) size 3x11
                  text run at (0,0) width 3: " "
            RenderTableCell {TD} at (168,341) size 3x11 [bgcolor=#FDFDFB] [r=31 c=56 rs=1 cs=1]
              RenderInline {FONT} at (0,0) size 3x11
                RenderText {#text} at (0,0) size 3x11
                  text run at (0,0) width 3: " "
            RenderTableCell {TD} at (171,341) size 3x11 [bgcolor=#FDFDFB] [r=31 c=57 rs=1 cs=1]
              RenderInline {FONT} at (0,0) size 3x11
                RenderText {#text} at (0,0) size 3x11
                  text run at (0,0) width 3: " "
            RenderTableCell {TD} at (174,341) size 3x11 [bgcolor=#FDFDFB] [r=31 c=58 rs=1 cs=1]
              RenderInline {FONT} at (0,0) size 3x11
                RenderText {#text} at (0,0) size 3x11
                  text run at (0,0) width 3: " "
            RenderTableCell {TD} at (177,341) size 3x11 [bgcolor=#FDFDFB] [r=31 c=59 rs=1 cs=1]
              RenderInline {FONT} at (0,0) size 3x11
                RenderText {#text} at (0,0) size 3x11
                  text run at (0,0) width 3: " "
            RenderTableCell {TD} at (180,341) size 3x11 [bgcolor=#FDFDFB] [r=31 c=60 rs=1 cs=1]
              RenderInline {FONT} at (0,0) size 3x11
                RenderText {#text} at (0,0) size 3x11
                  text run at (0,0) width 3: " "
            RenderTableCell {TD} at (183,341) size 3x11 [bgcolor=#FDFDFB] [r=31 c=61 rs=1 cs=1]
              RenderInline {FONT} at (0,0) size 3x11
                RenderText {#text} at (0,0) size 3x11
                  text run at (0,0) width 3: " "
            RenderTableCell {TD} at (186,341) size 3x11 [bgcolor=#FDFDFB] [r=31 c=62 rs=1 cs=1]
              RenderInline {FONT} at (0,0) size 3x11
                RenderText {#text} at (0,0) size 3x11
                  text run at (0,0) width 3: " "
            RenderTableCell {TD} at (189,341) size 3x11 [bgcolor=#FDFDFB] [r=31 c=63 rs=1 cs=1]
              RenderInline {FONT} at (0,0) size 3x11
                RenderText {#text} at (0,0) size 3x11
                  text run at (0,0) width 3: " "
            RenderTableCell {TD} at (192,341) size 3x11 [bgcolor=#FDFDFB] [r=31 c=64 rs=1 cs=1]
              RenderInline {FONT} at (0,0) size 3x11
                RenderText {#text} at (0,0) size 3x11
                  text run at (0,0) width 3: " "
            RenderTableCell {TD} at (195,341) size 3x11 [bgcolor=#EDEEEF] [r=31 c=65 rs=1 cs=1]
              RenderInline {FONT} at (0,0) size 3x11
                RenderText {#text} at (0,0) size 3x11
                  text run at (0,0) width 3: " "
            RenderTableCell {TD} at (198,341) size 3x11 [bgcolor=#DEDFDF] [r=31 c=66 rs=1 cs=1]
              RenderInline {FONT} at (0,0) size 3x11
                RenderText {#text} at (0,0) size 3x11
                  text run at (0,0) width 3: " "
            RenderTableCell {TD} at (201,341) size 3x11 [bgcolor=#B4B4B4] [r=31 c=67 rs=1 cs=1]
              RenderInline {FONT} at (0,0) size 3x11
                RenderText {#text} at (0,0) size 3x11
                  text run at (0,0) width 3: " "
            RenderTableCell {TD} at (204,341) size 3x11 [bgcolor=#91A3A3] [r=31 c=68 rs=1 cs=1]
              RenderInline {FONT} at (0,0) size 3x11
                RenderText {#text} at (0,0) size 3x11
                  text run at (0,0) width 3: " "
            RenderTableCell {TD} at (207,341) size 3x11 [bgcolor=#848788] [r=31 c=69 rs=1 cs=1]
              RenderInline {FONT} at (0,0) size 3x11
                RenderText {#text} at (0,0) size 3x11
                  text run at (0,0) width 3: " "
            RenderTableCell {TD} at (210,341) size 3x11 [bgcolor=#647979] [r=31 c=70 rs=1 cs=1]
              RenderInline {FONT} at (0,0) size 3x11
                RenderText {#text} at (0,0) size 3x11
                  text run at (0,0) width 3: " "
            RenderTableCell {TD} at (213,341) size 3x11 [bgcolor=#515C5B] [r=31 c=71 rs=1 cs=1]
              RenderInline {FONT} at (0,0) size 3x11
                RenderText {#text} at (0,0) size 3x11
                  text run at (0,0) width 3: " "
            RenderTableCell {TD} at (216,341) size 3x11 [bgcolor=#425A5A] [r=31 c=72 rs=1 cs=1]
              RenderInline {FONT} at (0,0) size 3x11
                RenderText {#text} at (0,0) size 3x11
                  text run at (0,0) width 3: " "
            RenderTableCell {TD} at (219,341) size 3x11 [bgcolor=#344C4E] [r=31 c=73 rs=1 cs=1]
              RenderInline {FONT} at (0,0) size 3x11
                RenderText {#text} at (0,0) size 3x11
                  text run at (0,0) width 3: " "
            RenderTableCell {TD} at (222,341) size 3x11 [bgcolor=#344C4E] [r=31 c=74 rs=1 cs=1]
              RenderInline {FONT} at (0,0) size 3x11
                RenderText {#text} at (0,0) size 3x11
                  text run at (0,0) width 3: " "
            RenderTableCell {TD} at (225,341) size 3x11 [bgcolor=#344C4E] [r=31 c=75 rs=1 cs=1]
              RenderInline {FONT} at (0,0) size 3x11
                RenderText {#text} at (0,0) size 3x11
                  text run at (0,0) width 3: " "
            RenderTableCell {TD} at (228,341) size 3x11 [bgcolor=#274C4D] [r=31 c=76 rs=1 cs=1]
              RenderInline {FONT} at (0,0) size 3x11
                RenderText {#text} at (0,0) size 3x11
                  text run at (0,0) width 3: " "
            RenderTableCell {TD} at (231,341) size 3x11 [bgcolor=#274C4D] [r=31 c=77 rs=1 cs=1]
              RenderInline {FONT} at (0,0) size 3x11
                RenderText {#text} at (0,0) size 3x11
                  text run at (0,0) width 3: " "
            RenderTableCell {TD} at (234,341) size 3x11 [bgcolor=#223C3D] [r=31 c=78 rs=1 cs=1]
              RenderInline {FONT} at (0,0) size 3x11
                RenderText {#text} at (0,0) size 3x11
                  text run at (0,0) width 3: " "
            RenderTableCell {TD} at (237,341) size 3x11 [bgcolor=#274C4D] [r=31 c=79 rs=1 cs=1]
              RenderInline {FONT} at (0,0) size 3x11
                RenderText {#text} at (0,0) size 3x11
                  text run at (0,0) width 3: " "
            RenderTableCell {TD} at (240,341) size 3x11 [bgcolor=#274C4D] [r=31 c=80 rs=1 cs=1]
              RenderInline {FONT} at (0,0) size 3x11
                RenderText {#text} at (0,0) size 3x11
                  text run at (0,0) width 3: " "
            RenderTableCell {TD} at (243,341) size 3x11 [bgcolor=#274C4D] [r=31 c=81 rs=1 cs=1]
              RenderInline {FONT} at (0,0) size 3x11
                RenderText {#text} at (0,0) size 3x11
                  text run at (0,0) width 3: " "
            RenderTableCell {TD} at (246,341) size 3x11 [bgcolor=#344C4E] [r=31 c=82 rs=1 cs=1]
              RenderInline {FONT} at (0,0) size 3x11
                RenderText {#text} at (0,0) size 3x11
                  text run at (0,0) width 3: " "
            RenderTableCell {TD} at (249,341) size 3x11 [bgcolor=#344C4E] [r=31 c=83 rs=1 cs=1]
              RenderInline {FONT} at (0,0) size 3x11
                RenderText {#text} at (0,0) size 3x11
                  text run at (0,0) width 3: " "
            RenderTableCell {TD} at (252,341) size 3x11 [bgcolor=#344C4E] [r=31 c=84 rs=1 cs=1]
              RenderInline {FONT} at (0,0) size 3x11
                RenderText {#text} at (0,0) size 3x11
                  text run at (0,0) width 3: " "
            RenderTableCell {TD} at (255,341) size 3x11 [bgcolor=#5E5F60] [r=31 c=85 rs=1 cs=1]
              RenderInline {FONT} at (0,0) size 3x11
                RenderText {#text} at (0,0) size 3x11
                  text run at (0,0) width 3: " "
            RenderTableCell {TD} at (258,341) size 3x11 [bgcolor=#777878] [r=31 c=86 rs=1 cs=1]
              RenderInline {FONT} at (0,0) size 3x11
                RenderText {#text} at (0,0) size 3x11
                  text run at (0,0) width 3: " "
            RenderTableCell {TD} at (261,341) size 3x11 [bgcolor=#848788] [r=31 c=87 rs=1 cs=1]
              RenderInline {FONT} at (0,0) size 3x11
                RenderText {#text} at (0,0) size 3x11
                  text run at (0,0) width 3: " "
            RenderTableCell {TD} at (264,341) size 3x11 [bgcolor=#848788] [r=31 c=88 rs=1 cs=1]
              RenderInline {FONT} at (0,0) size 3x11
                RenderText {#text} at (0,0) size 3x11
                  text run at (0,0) width 3: " "
            RenderTableCell {TD} at (267,341) size 3x11 [bgcolor=#939494] [r=31 c=89 rs=1 cs=1]
              RenderInline {FONT} at (0,0) size 3x11
                RenderText {#text} at (0,0) size 3x11
                  text run at (0,0) width 3: " "
            RenderTableCell {TD} at (270,341) size 3x11 [bgcolor=#B4B4B4] [r=31 c=90 rs=1 cs=1]
              RenderInline {FONT} at (0,0) size 3x11
                RenderText {#text} at (0,0) size 3x11
                  text run at (0,0) width 3: " "
            RenderTableCell {TD} at (273,341) size 3x11 [bgcolor=#BEC2C2] [r=31 c=91 rs=1 cs=1]
              RenderInline {FONT} at (0,0) size 3x11
                RenderText {#text} at (0,0) size 3x11
                  text run at (0,0) width 3: " "
            RenderTableCell {TD} at (276,341) size 3x11 [bgcolor=#DEDFDF] [r=31 c=92 rs=1 cs=1]
              RenderInline {FONT} at (0,0) size 3x11
                RenderText {#text} at (0,0) size 3x11
                  text run at (0,0) width 3: " "
            RenderTableCell {TD} at (279,341) size 3x11 [bgcolor=#EDEEEF] [r=31 c=93 rs=1 cs=1]
              RenderInline {FONT} at (0,0) size 3x11
                RenderText {#text} at (0,0) size 3x11
                  text run at (0,0) width 3: " "
            RenderTableCell {TD} at (282,341) size 3x11 [bgcolor=#FDFDFB] [r=31 c=94 rs=1 cs=1]
              RenderInline {FONT} at (0,0) size 3x11
                RenderText {#text} at (0,0) size 3x11
                  text run at (0,0) width 3: " "
            RenderTableCell {TD} at (285,341) size 3x11 [bgcolor=#FDFDFB] [r=31 c=95 rs=1 cs=1]
              RenderInline {FONT} at (0,0) size 3x11
                RenderText {#text} at (0,0) size 3x11
                  text run at (0,0) width 3: " "
            RenderTableCell {TD} at (288,341) size 3x11 [bgcolor=#FDFDFB] [r=31 c=96 rs=1 cs=1]
              RenderInline {FONT} at (0,0) size 3x11
                RenderText {#text} at (0,0) size 3x11
                  text run at (0,0) width 3: " "
            RenderTableCell {TD} at (291,341) size 3x11 [bgcolor=#FDFDFB] [r=31 c=97 rs=1 cs=1]
              RenderInline {FONT} at (0,0) size 3x11
                RenderText {#text} at (0,0) size 3x11
                  text run at (0,0) width 3: " "
            RenderTableCell {TD} at (294,341) size 3x11 [bgcolor=#FDFDFB] [r=31 c=98 rs=1 cs=1]
              RenderInline {FONT} at (0,0) size 3x11
                RenderText {#text} at (0,0) size 3x11
                  text run at (0,0) width 3: " "
            RenderTableCell {TD} at (297,341) size 3x11 [bgcolor=#FDFDFB] [r=31 c=99 rs=1 cs=1]
              RenderInline {FONT} at (0,0) size 3x11
                RenderText {#text} at (0,0) size 3x11
                  text run at (0,0) width 3: " "
          RenderTableRow {TR} at (0,352) size 300x11
            RenderTableCell {TD} at (0,352) size 3x11 [bgcolor=#FDFDFB] [r=32 c=0 rs=1 cs=1]
              RenderInline {FONT} at (0,0) size 3x11
                RenderText {#text} at (0,0) size 3x11
                  text run at (0,0) width 3: " "
            RenderTableCell {TD} at (3,352) size 3x11 [bgcolor=#FDFDFB] [r=32 c=1 rs=1 cs=1]
              RenderInline {FONT} at (0,0) size 3x11
                RenderText {#text} at (0,0) size 3x11
                  text run at (0,0) width 3: " "
            RenderTableCell {TD} at (6,352) size 3x11 [bgcolor=#FDFDFB] [r=32 c=2 rs=1 cs=1]
              RenderInline {FONT} at (0,0) size 3x11
                RenderText {#text} at (0,0) size 3x11
                  text run at (0,0) width 3: " "
            RenderTableCell {TD} at (9,352) size 3x11 [bgcolor=#FDFDFB] [r=32 c=3 rs=1 cs=1]
              RenderInline {FONT} at (0,0) size 3x11
                RenderText {#text} at (0,0) size 3x11
                  text run at (0,0) width 3: " "
            RenderTableCell {TD} at (12,352) size 3x11 [bgcolor=#FDFDFB] [r=32 c=4 rs=1 cs=1]
              RenderInline {FONT} at (0,0) size 3x11
                RenderText {#text} at (0,0) size 3x11
                  text run at (0,0) width 3: " "
            RenderTableCell {TD} at (15,352) size 3x11 [bgcolor=#FDFDFB] [r=32 c=5 rs=1 cs=1]
              RenderInline {FONT} at (0,0) size 3x11
                RenderText {#text} at (0,0) size 3x11
                  text run at (0,0) width 3: " "
            RenderTableCell {TD} at (18,352) size 3x11 [bgcolor=#FDFDFB] [r=32 c=6 rs=1 cs=1]
              RenderInline {FONT} at (0,0) size 3x11
                RenderText {#text} at (0,0) size 3x11
                  text run at (0,0) width 3: " "
            RenderTableCell {TD} at (21,352) size 3x11 [bgcolor=#FDFDFB] [r=32 c=7 rs=1 cs=1]
              RenderInline {FONT} at (0,0) size 3x11
                RenderText {#text} at (0,0) size 3x11
                  text run at (0,0) width 3: " "
            RenderTableCell {TD} at (24,352) size 3x11 [bgcolor=#FDFDFB] [r=32 c=8 rs=1 cs=1]
              RenderInline {FONT} at (0,0) size 3x11
                RenderText {#text} at (0,0) size 3x11
                  text run at (0,0) width 3: " "
            RenderTableCell {TD} at (27,352) size 3x11 [bgcolor=#FDFDFB] [r=32 c=9 rs=1 cs=1]
              RenderInline {FONT} at (0,0) size 3x11
                RenderText {#text} at (0,0) size 3x11
                  text run at (0,0) width 3: " "
            RenderTableCell {TD} at (30,352) size 3x11 [bgcolor=#FDFDFB] [r=32 c=10 rs=1 cs=1]
              RenderInline {FONT} at (0,0) size 3x11
                RenderText {#text} at (0,0) size 3x11
                  text run at (0,0) width 3: " "
            RenderTableCell {TD} at (33,352) size 3x11 [bgcolor=#FDFDFB] [r=32 c=11 rs=1 cs=1]
              RenderInline {FONT} at (0,0) size 3x11
                RenderText {#text} at (0,0) size 3x11
                  text run at (0,0) width 3: " "
            RenderTableCell {TD} at (36,352) size 3x11 [bgcolor=#FDFDFB] [r=32 c=12 rs=1 cs=1]
              RenderInline {FONT} at (0,0) size 3x11
                RenderText {#text} at (0,0) size 3x11
                  text run at (0,0) width 3: " "
            RenderTableCell {TD} at (39,352) size 3x11 [bgcolor=#FDFDFB] [r=32 c=13 rs=1 cs=1]
              RenderInline {FONT} at (0,0) size 3x11
                RenderText {#text} at (0,0) size 3x11
                  text run at (0,0) width 3: " "
            RenderTableCell {TD} at (42,352) size 3x11 [bgcolor=#FDFDFB] [r=32 c=14 rs=1 cs=1]
              RenderInline {FONT} at (0,0) size 3x11
                RenderText {#text} at (0,0) size 3x11
                  text run at (0,0) width 3: " "
            RenderTableCell {TD} at (45,352) size 3x11 [bgcolor=#FDFDFB] [r=32 c=15 rs=1 cs=1]
              RenderInline {FONT} at (0,0) size 3x11
                RenderText {#text} at (0,0) size 3x11
                  text run at (0,0) width 3: " "
            RenderTableCell {TD} at (48,352) size 3x11 [bgcolor=#FDFDFB] [r=32 c=16 rs=1 cs=1]
              RenderInline {FONT} at (0,0) size 3x11
                RenderText {#text} at (0,0) size 3x11
                  text run at (0,0) width 3: " "
            RenderTableCell {TD} at (51,352) size 3x11 [bgcolor=#FDFDFB] [r=32 c=17 rs=1 cs=1]
              RenderInline {FONT} at (0,0) size 3x11
                RenderText {#text} at (0,0) size 3x11
                  text run at (0,0) width 3: " "
            RenderTableCell {TD} at (54,352) size 3x11 [bgcolor=#FDFDFB] [r=32 c=18 rs=1 cs=1]
              RenderInline {FONT} at (0,0) size 3x11
                RenderText {#text} at (0,0) size 3x11
                  text run at (0,0) width 3: " "
            RenderTableCell {TD} at (57,352) size 3x11 [bgcolor=#FDFDFB] [r=32 c=19 rs=1 cs=1]
              RenderInline {FONT} at (0,0) size 3x11
                RenderText {#text} at (0,0) size 3x11
                  text run at (0,0) width 3: " "
            RenderTableCell {TD} at (60,352) size 3x11 [bgcolor=#FDFDFB] [r=32 c=20 rs=1 cs=1]
              RenderInline {FONT} at (0,0) size 3x11
                RenderText {#text} at (0,0) size 3x11
                  text run at (0,0) width 3: " "
            RenderTableCell {TD} at (63,352) size 3x11 [bgcolor=#FDFDFB] [r=32 c=21 rs=1 cs=1]
              RenderInline {FONT} at (0,0) size 3x11
                RenderText {#text} at (0,0) size 3x11
                  text run at (0,0) width 3: " "
            RenderTableCell {TD} at (66,352) size 3x11 [bgcolor=#FDFDFB] [r=32 c=22 rs=1 cs=1]
              RenderInline {FONT} at (0,0) size 3x11
                RenderText {#text} at (0,0) size 3x11
                  text run at (0,0) width 3: " "
            RenderTableCell {TD} at (69,352) size 3x11 [bgcolor=#FDFDFB] [r=32 c=23 rs=1 cs=1]
              RenderInline {FONT} at (0,0) size 3x11
                RenderText {#text} at (0,0) size 3x11
                  text run at (0,0) width 3: " "
            RenderTableCell {TD} at (72,352) size 3x11 [bgcolor=#FDFDFB] [r=32 c=24 rs=1 cs=1]
              RenderInline {FONT} at (0,0) size 3x11
                RenderText {#text} at (0,0) size 3x11
                  text run at (0,0) width 3: " "
            RenderTableCell {TD} at (75,352) size 3x11 [bgcolor=#FDFDFB] [r=32 c=25 rs=1 cs=1]
              RenderInline {FONT} at (0,0) size 3x11
                RenderText {#text} at (0,0) size 3x11
                  text run at (0,0) width 3: " "
            RenderTableCell {TD} at (78,352) size 3x11 [bgcolor=#FDFDFB] [r=32 c=26 rs=1 cs=1]
              RenderInline {FONT} at (0,0) size 3x11
                RenderText {#text} at (0,0) size 3x11
                  text run at (0,0) width 3: " "
            RenderTableCell {TD} at (81,352) size 3x11 [bgcolor=#FDFDFB] [r=32 c=27 rs=1 cs=1]
              RenderInline {FONT} at (0,0) size 3x11
                RenderText {#text} at (0,0) size 3x11
                  text run at (0,0) width 3: " "
            RenderTableCell {TD} at (84,352) size 3x11 [bgcolor=#FDFDFB] [r=32 c=28 rs=1 cs=1]
              RenderInline {FONT} at (0,0) size 3x11
                RenderText {#text} at (0,0) size 3x11
                  text run at (0,0) width 3: " "
            RenderTableCell {TD} at (87,352) size 3x11 [bgcolor=#FDFDFB] [r=32 c=29 rs=1 cs=1]
              RenderInline {FONT} at (0,0) size 3x11
                RenderText {#text} at (0,0) size 3x11
                  text run at (0,0) width 3: " "
            RenderTableCell {TD} at (90,352) size 3x11 [bgcolor=#FDFDFB] [r=32 c=30 rs=1 cs=1]
              RenderInline {FONT} at (0,0) size 3x11
                RenderText {#text} at (0,0) size 3x11
                  text run at (0,0) width 3: " "
            RenderTableCell {TD} at (93,352) size 3x11 [bgcolor=#FDFDFB] [r=32 c=31 rs=1 cs=1]
              RenderInline {FONT} at (0,0) size 3x11
                RenderText {#text} at (0,0) size 3x11
                  text run at (0,0) width 3: " "
            RenderTableCell {TD} at (96,352) size 3x11 [bgcolor=#FDFDFB] [r=32 c=32 rs=1 cs=1]
              RenderInline {FONT} at (0,0) size 3x11
                RenderText {#text} at (0,0) size 3x11
                  text run at (0,0) width 3: " "
            RenderTableCell {TD} at (99,352) size 3x11 [bgcolor=#FDFDFB] [r=32 c=33 rs=1 cs=1]
              RenderInline {FONT} at (0,0) size 3x11
                RenderText {#text} at (0,0) size 3x11
                  text run at (0,0) width 3: " "
            RenderTableCell {TD} at (102,352) size 3x11 [bgcolor=#FDFDFB] [r=32 c=34 rs=1 cs=1]
              RenderInline {FONT} at (0,0) size 3x11
                RenderText {#text} at (0,0) size 3x11
                  text run at (0,0) width 3: " "
            RenderTableCell {TD} at (105,352) size 3x11 [bgcolor=#FDFDFB] [r=32 c=35 rs=1 cs=1]
              RenderInline {FONT} at (0,0) size 3x11
                RenderText {#text} at (0,0) size 3x11
                  text run at (0,0) width 3: " "
            RenderTableCell {TD} at (108,352) size 3x11 [bgcolor=#FDFDFB] [r=32 c=36 rs=1 cs=1]
              RenderInline {FONT} at (0,0) size 3x11
                RenderText {#text} at (0,0) size 3x11
                  text run at (0,0) width 3: " "
            RenderTableCell {TD} at (111,352) size 3x11 [bgcolor=#FDFDFB] [r=32 c=37 rs=1 cs=1]
              RenderInline {FONT} at (0,0) size 3x11
                RenderText {#text} at (0,0) size 3x11
                  text run at (0,0) width 3: " "
            RenderTableCell {TD} at (114,352) size 3x11 [bgcolor=#FDFDFB] [r=32 c=38 rs=1 cs=1]
              RenderInline {FONT} at (0,0) size 3x11
                RenderText {#text} at (0,0) size 3x11
                  text run at (0,0) width 3: " "
            RenderTableCell {TD} at (117,352) size 3x11 [bgcolor=#FDFDFB] [r=32 c=39 rs=1 cs=1]
              RenderInline {FONT} at (0,0) size 3x11
                RenderText {#text} at (0,0) size 3x11
                  text run at (0,0) width 3: " "
            RenderTableCell {TD} at (120,352) size 3x11 [bgcolor=#FDFDFB] [r=32 c=40 rs=1 cs=1]
              RenderInline {FONT} at (0,0) size 3x11
                RenderText {#text} at (0,0) size 3x11
                  text run at (0,0) width 3: " "
            RenderTableCell {TD} at (123,352) size 3x11 [bgcolor=#FDFDFB] [r=32 c=41 rs=1 cs=1]
              RenderInline {FONT} at (0,0) size 3x11
                RenderText {#text} at (0,0) size 3x11
                  text run at (0,0) width 3: " "
            RenderTableCell {TD} at (126,352) size 3x11 [bgcolor=#FDFDFB] [r=32 c=42 rs=1 cs=1]
              RenderInline {FONT} at (0,0) size 3x11
                RenderText {#text} at (0,0) size 3x11
                  text run at (0,0) width 3: " "
            RenderTableCell {TD} at (129,352) size 3x11 [bgcolor=#FDFDFB] [r=32 c=43 rs=1 cs=1]
              RenderInline {FONT} at (0,0) size 3x11
                RenderText {#text} at (0,0) size 3x11
                  text run at (0,0) width 3: " "
            RenderTableCell {TD} at (132,352) size 3x11 [bgcolor=#FDFDFB] [r=32 c=44 rs=1 cs=1]
              RenderInline {FONT} at (0,0) size 3x11
                RenderText {#text} at (0,0) size 3x11
                  text run at (0,0) width 3: " "
            RenderTableCell {TD} at (135,352) size 3x11 [bgcolor=#FDFDFB] [r=32 c=45 rs=1 cs=1]
              RenderInline {FONT} at (0,0) size 3x11
                RenderText {#text} at (0,0) size 3x11
                  text run at (0,0) width 3: " "
            RenderTableCell {TD} at (138,352) size 3x11 [bgcolor=#FDFDFB] [r=32 c=46 rs=1 cs=1]
              RenderInline {FONT} at (0,0) size 3x11
                RenderText {#text} at (0,0) size 3x11
                  text run at (0,0) width 3: " "
            RenderTableCell {TD} at (141,352) size 3x11 [bgcolor=#FDFDFB] [r=32 c=47 rs=1 cs=1]
              RenderInline {FONT} at (0,0) size 3x11
                RenderText {#text} at (0,0) size 3x11
                  text run at (0,0) width 3: " "
            RenderTableCell {TD} at (144,352) size 3x11 [bgcolor=#FDFDFB] [r=32 c=48 rs=1 cs=1]
              RenderInline {FONT} at (0,0) size 3x11
                RenderText {#text} at (0,0) size 3x11
                  text run at (0,0) width 3: " "
            RenderTableCell {TD} at (147,352) size 3x11 [bgcolor=#FDFDFB] [r=32 c=49 rs=1 cs=1]
              RenderInline {FONT} at (0,0) size 3x11
                RenderText {#text} at (0,0) size 3x11
                  text run at (0,0) width 3: " "
            RenderTableCell {TD} at (150,352) size 3x11 [bgcolor=#FDFDFB] [r=32 c=50 rs=1 cs=1]
              RenderInline {FONT} at (0,0) size 3x11
                RenderText {#text} at (0,0) size 3x11
                  text run at (0,0) width 3: " "
            RenderTableCell {TD} at (153,352) size 3x11 [bgcolor=#FDFDFB] [r=32 c=51 rs=1 cs=1]
              RenderInline {FONT} at (0,0) size 3x11
                RenderText {#text} at (0,0) size 3x11
                  text run at (0,0) width 3: " "
            RenderTableCell {TD} at (156,352) size 3x11 [bgcolor=#FDFDFB] [r=32 c=52 rs=1 cs=1]
              RenderInline {FONT} at (0,0) size 3x11
                RenderText {#text} at (0,0) size 3x11
                  text run at (0,0) width 3: " "
            RenderTableCell {TD} at (159,352) size 3x11 [bgcolor=#FDFDFB] [r=32 c=53 rs=1 cs=1]
              RenderInline {FONT} at (0,0) size 3x11
                RenderText {#text} at (0,0) size 3x11
                  text run at (0,0) width 3: " "
            RenderTableCell {TD} at (162,352) size 3x11 [bgcolor=#FDFDFB] [r=32 c=54 rs=1 cs=1]
              RenderInline {FONT} at (0,0) size 3x11
                RenderText {#text} at (0,0) size 3x11
                  text run at (0,0) width 3: " "
            RenderTableCell {TD} at (165,352) size 3x11 [bgcolor=#FDFDFB] [r=32 c=55 rs=1 cs=1]
              RenderInline {FONT} at (0,0) size 3x11
                RenderText {#text} at (0,0) size 3x11
                  text run at (0,0) width 3: " "
            RenderTableCell {TD} at (168,352) size 3x11 [bgcolor=#FDFDFB] [r=32 c=56 rs=1 cs=1]
              RenderInline {FONT} at (0,0) size 3x11
                RenderText {#text} at (0,0) size 3x11
                  text run at (0,0) width 3: " "
            RenderTableCell {TD} at (171,352) size 3x11 [bgcolor=#FDFDFB] [r=32 c=57 rs=1 cs=1]
              RenderInline {FONT} at (0,0) size 3x11
                RenderText {#text} at (0,0) size 3x11
                  text run at (0,0) width 3: " "
            RenderTableCell {TD} at (174,352) size 3x11 [bgcolor=#FDFDFB] [r=32 c=58 rs=1 cs=1]
              RenderInline {FONT} at (0,0) size 3x11
                RenderText {#text} at (0,0) size 3x11
                  text run at (0,0) width 3: " "
            RenderTableCell {TD} at (177,352) size 3x11 [bgcolor=#FDFDFB] [r=32 c=59 rs=1 cs=1]
              RenderInline {FONT} at (0,0) size 3x11
                RenderText {#text} at (0,0) size 3x11
                  text run at (0,0) width 3: " "
            RenderTableCell {TD} at (180,352) size 3x11 [bgcolor=#FDFDFB] [r=32 c=60 rs=1 cs=1]
              RenderInline {FONT} at (0,0) size 3x11
                RenderText {#text} at (0,0) size 3x11
                  text run at (0,0) width 3: " "
            RenderTableCell {TD} at (183,352) size 3x11 [bgcolor=#FDFDFB] [r=32 c=61 rs=1 cs=1]
              RenderInline {FONT} at (0,0) size 3x11
                RenderText {#text} at (0,0) size 3x11
                  text run at (0,0) width 3: " "
            RenderTableCell {TD} at (186,352) size 3x11 [bgcolor=#FDFDFB] [r=32 c=62 rs=1 cs=1]
              RenderInline {FONT} at (0,0) size 3x11
                RenderText {#text} at (0,0) size 3x11
                  text run at (0,0) width 3: " "
            RenderTableCell {TD} at (189,352) size 3x11 [bgcolor=#FDFDFB] [r=32 c=63 rs=1 cs=1]
              RenderInline {FONT} at (0,0) size 3x11
                RenderText {#text} at (0,0) size 3x11
                  text run at (0,0) width 3: " "
            RenderTableCell {TD} at (192,352) size 3x11 [bgcolor=#FDFDFB] [r=32 c=64 rs=1 cs=1]
              RenderInline {FONT} at (0,0) size 3x11
                RenderText {#text} at (0,0) size 3x11
                  text run at (0,0) width 3: " "
            RenderTableCell {TD} at (195,352) size 3x11 [bgcolor=#FDFDFB] [r=32 c=65 rs=1 cs=1]
              RenderInline {FONT} at (0,0) size 3x11
                RenderText {#text} at (0,0) size 3x11
                  text run at (0,0) width 3: " "
            RenderTableCell {TD} at (198,352) size 3x11 [bgcolor=#EDEEEF] [r=32 c=66 rs=1 cs=1]
              RenderInline {FONT} at (0,0) size 3x11
                RenderText {#text} at (0,0) size 3x11
                  text run at (0,0) width 3: " "
            RenderTableCell {TD} at (201,352) size 3x11 [bgcolor=#DEDFDF] [r=32 c=67 rs=1 cs=1]
              RenderInline {FONT} at (0,0) size 3x11
                RenderText {#text} at (0,0) size 3x11
                  text run at (0,0) width 3: " "
            RenderTableCell {TD} at (204,352) size 3x11 [bgcolor=#CECFCF] [r=32 c=68 rs=1 cs=1]
              RenderInline {FONT} at (0,0) size 3x11
                RenderText {#text} at (0,0) size 3x11
                  text run at (0,0) width 3: " "
            RenderTableCell {TD} at (207,352) size 3x11 [bgcolor=#BEC2C2] [r=32 c=69 rs=1 cs=1]
              RenderInline {FONT} at (0,0) size 3x11
                RenderText {#text} at (0,0) size 3x11
                  text run at (0,0) width 3: " "
            RenderTableCell {TD} at (210,352) size 3x11 [bgcolor=#B4B4B4] [r=32 c=70 rs=1 cs=1]
              RenderInline {FONT} at (0,0) size 3x11
                RenderText {#text} at (0,0) size 3x11
                  text run at (0,0) width 3: " "
            RenderTableCell {TD} at (213,352) size 3x11 [bgcolor=#B4B4B4] [r=32 c=71 rs=1 cs=1]
              RenderInline {FONT} at (0,0) size 3x11
                RenderText {#text} at (0,0) size 3x11
                  text run at (0,0) width 3: " "
            RenderTableCell {TD} at (216,352) size 3x11 [bgcolor=#A5A6A6] [r=32 c=72 rs=1 cs=1]
              RenderInline {FONT} at (0,0) size 3x11
                RenderText {#text} at (0,0) size 3x11
                  text run at (0,0) width 3: " "
            RenderTableCell {TD} at (219,352) size 3x11 [bgcolor=#91A3A3] [r=32 c=73 rs=1 cs=1]
              RenderInline {FONT} at (0,0) size 3x11
                RenderText {#text} at (0,0) size 3x11
                  text run at (0,0) width 3: " "
            RenderTableCell {TD} at (222,352) size 3x11 [bgcolor=#939494] [r=32 c=74 rs=1 cs=1]
              RenderInline {FONT} at (0,0) size 3x11
                RenderText {#text} at (0,0) size 3x11
                  text run at (0,0) width 3: " "
            RenderTableCell {TD} at (225,352) size 3x11 [bgcolor=#939494] [r=32 c=75 rs=1 cs=1]
              RenderInline {FONT} at (0,0) size 3x11
                RenderText {#text} at (0,0) size 3x11
                  text run at (0,0) width 3: " "
            RenderTableCell {TD} at (228,352) size 3x11 [bgcolor=#939494] [r=32 c=76 rs=1 cs=1]
              RenderInline {FONT} at (0,0) size 3x11
                RenderText {#text} at (0,0) size 3x11
                  text run at (0,0) width 3: " "
            RenderTableCell {TD} at (231,352) size 3x11 [bgcolor=#939494] [r=32 c=77 rs=1 cs=1]
              RenderInline {FONT} at (0,0) size 3x11
                RenderText {#text} at (0,0) size 3x11
                  text run at (0,0) width 3: " "
            RenderTableCell {TD} at (234,352) size 3x11 [bgcolor=#848788] [r=32 c=78 rs=1 cs=1]
              RenderInline {FONT} at (0,0) size 3x11
                RenderText {#text} at (0,0) size 3x11
                  text run at (0,0) width 3: " "
            RenderTableCell {TD} at (237,352) size 3x11 [bgcolor=#939494] [r=32 c=79 rs=1 cs=1]
              RenderInline {FONT} at (0,0) size 3x11
                RenderText {#text} at (0,0) size 3x11
                  text run at (0,0) width 3: " "
            RenderTableCell {TD} at (240,352) size 3x11 [bgcolor=#939494] [r=32 c=80 rs=1 cs=1]
              RenderInline {FONT} at (0,0) size 3x11
                RenderText {#text} at (0,0) size 3x11
                  text run at (0,0) width 3: " "
            RenderTableCell {TD} at (243,352) size 3x11 [bgcolor=#939494] [r=32 c=81 rs=1 cs=1]
              RenderInline {FONT} at (0,0) size 3x11
                RenderText {#text} at (0,0) size 3x11
                  text run at (0,0) width 3: " "
            RenderTableCell {TD} at (246,352) size 3x11 [bgcolor=#939494] [r=32 c=82 rs=1 cs=1]
              RenderInline {FONT} at (0,0) size 3x11
                RenderText {#text} at (0,0) size 3x11
                  text run at (0,0) width 3: " "
            RenderTableCell {TD} at (249,352) size 3x11 [bgcolor=#939494] [r=32 c=83 rs=1 cs=1]
              RenderInline {FONT} at (0,0) size 3x11
                RenderText {#text} at (0,0) size 3x11
                  text run at (0,0) width 3: " "
            RenderTableCell {TD} at (252,352) size 3x11 [bgcolor=#939494] [r=32 c=84 rs=1 cs=1]
              RenderInline {FONT} at (0,0) size 3x11
                RenderText {#text} at (0,0) size 3x11
                  text run at (0,0) width 3: " "
            RenderTableCell {TD} at (255,352) size 3x11 [bgcolor=#A5A6A6] [r=32 c=85 rs=1 cs=1]
              RenderInline {FONT} at (0,0) size 3x11
                RenderText {#text} at (0,0) size 3x11
                  text run at (0,0) width 3: " "
            RenderTableCell {TD} at (258,352) size 3x11 [bgcolor=#A5A6A6] [r=32 c=86 rs=1 cs=1]
              RenderInline {FONT} at (0,0) size 3x11
                RenderText {#text} at (0,0) size 3x11
                  text run at (0,0) width 3: " "
            RenderTableCell {TD} at (261,352) size 3x11 [bgcolor=#B4B4B4] [r=32 c=87 rs=1 cs=1]
              RenderInline {FONT} at (0,0) size 3x11
                RenderText {#text} at (0,0) size 3x11
                  text run at (0,0) width 3: " "
            RenderTableCell {TD} at (264,352) size 3x11 [bgcolor=#BEC2C2] [r=32 c=88 rs=1 cs=1]
              RenderInline {FONT} at (0,0) size 3x11
                RenderText {#text} at (0,0) size 3x11
                  text run at (0,0) width 3: " "
            RenderTableCell {TD} at (267,352) size 3x11 [bgcolor=#CECFCF] [r=32 c=89 rs=1 cs=1]
              RenderInline {FONT} at (0,0) size 3x11
                RenderText {#text} at (0,0) size 3x11
                  text run at (0,0) width 3: " "
            RenderTableCell {TD} at (270,352) size 3x11 [bgcolor=#DEDFDF] [r=32 c=90 rs=1 cs=1]
              RenderInline {FONT} at (0,0) size 3x11
                RenderText {#text} at (0,0) size 3x11
                  text run at (0,0) width 3: " "
            RenderTableCell {TD} at (273,352) size 3x11 [bgcolor=#EDEEEF] [r=32 c=91 rs=1 cs=1]
              RenderInline {FONT} at (0,0) size 3x11
                RenderText {#text} at (0,0) size 3x11
                  text run at (0,0) width 3: " "
            RenderTableCell {TD} at (276,352) size 3x11 [bgcolor=#FDFDFB] [r=32 c=92 rs=1 cs=1]
              RenderInline {FONT} at (0,0) size 3x11
                RenderText {#text} at (0,0) size 3x11
                  text run at (0,0) width 3: " "
            RenderTableCell {TD} at (279,352) size 3x11 [bgcolor=#FDFDFB] [r=32 c=93 rs=1 cs=1]
              RenderInline {FONT} at (0,0) size 3x11
                RenderText {#text} at (0,0) size 3x11
                  text run at (0,0) width 3: " "
            RenderTableCell {TD} at (282,352) size 3x11 [bgcolor=#FDFDFB] [r=32 c=94 rs=1 cs=1]
              RenderInline {FONT} at (0,0) size 3x11
                RenderText {#text} at (0,0) size 3x11
                  text run at (0,0) width 3: " "
            RenderTableCell {TD} at (285,352) size 3x11 [bgcolor=#FDFDFB] [r=32 c=95 rs=1 cs=1]
              RenderInline {FONT} at (0,0) size 3x11
                RenderText {#text} at (0,0) size 3x11
                  text run at (0,0) width 3: " "
            RenderTableCell {TD} at (288,352) size 3x11 [bgcolor=#FDFDFB] [r=32 c=96 rs=1 cs=1]
              RenderInline {FONT} at (0,0) size 3x11
                RenderText {#text} at (0,0) size 3x11
                  text run at (0,0) width 3: " "
            RenderTableCell {TD} at (291,352) size 3x11 [bgcolor=#FDFDFB] [r=32 c=97 rs=1 cs=1]
              RenderInline {FONT} at (0,0) size 3x11
                RenderText {#text} at (0,0) size 3x11
                  text run at (0,0) width 3: " "
            RenderTableCell {TD} at (294,352) size 3x11 [bgcolor=#FDFDFB] [r=32 c=98 rs=1 cs=1]
              RenderInline {FONT} at (0,0) size 3x11
                RenderText {#text} at (0,0) size 3x11
                  text run at (0,0) width 3: " "
            RenderTableCell {TD} at (297,352) size 3x11 [bgcolor=#FDFDFB] [r=32 c=99 rs=1 cs=1]
              RenderInline {FONT} at (0,0) size 3x11
                RenderText {#text} at (0,0) size 3x11
                  text run at (0,0) width 3: " "
          RenderTableRow {TR} at (0,363) size 300x11
            RenderTableCell {TD} at (0,363) size 3x11 [bgcolor=#FDFDFB] [r=33 c=0 rs=1 cs=1]
              RenderInline {FONT} at (0,0) size 3x11
                RenderText {#text} at (0,0) size 3x11
                  text run at (0,0) width 3: " "
            RenderTableCell {TD} at (3,363) size 3x11 [bgcolor=#FDFDFB] [r=33 c=1 rs=1 cs=1]
              RenderInline {FONT} at (0,0) size 3x11
                RenderText {#text} at (0,0) size 3x11
                  text run at (0,0) width 3: " "
            RenderTableCell {TD} at (6,363) size 3x11 [bgcolor=#FDFDFB] [r=33 c=2 rs=1 cs=1]
              RenderInline {FONT} at (0,0) size 3x11
                RenderText {#text} at (0,0) size 3x11
                  text run at (0,0) width 3: " "
            RenderTableCell {TD} at (9,363) size 3x11 [bgcolor=#FDFDFB] [r=33 c=3 rs=1 cs=1]
              RenderInline {FONT} at (0,0) size 3x11
                RenderText {#text} at (0,0) size 3x11
                  text run at (0,0) width 3: " "
            RenderTableCell {TD} at (12,363) size 3x11 [bgcolor=#FDFDFB] [r=33 c=4 rs=1 cs=1]
              RenderInline {FONT} at (0,0) size 3x11
                RenderText {#text} at (0,0) size 3x11
                  text run at (0,0) width 3: " "
            RenderTableCell {TD} at (15,363) size 3x11 [bgcolor=#FDFDFB] [r=33 c=5 rs=1 cs=1]
              RenderInline {FONT} at (0,0) size 3x11
                RenderText {#text} at (0,0) size 3x11
                  text run at (0,0) width 3: " "
            RenderTableCell {TD} at (18,363) size 3x11 [bgcolor=#FDFDFB] [r=33 c=6 rs=1 cs=1]
              RenderInline {FONT} at (0,0) size 3x11
                RenderText {#text} at (0,0) size 3x11
                  text run at (0,0) width 3: " "
            RenderTableCell {TD} at (21,363) size 3x11 [bgcolor=#FDFDFB] [r=33 c=7 rs=1 cs=1]
              RenderInline {FONT} at (0,0) size 3x11
                RenderText {#text} at (0,0) size 3x11
                  text run at (0,0) width 3: " "
            RenderTableCell {TD} at (24,363) size 3x11 [bgcolor=#FDFDFB] [r=33 c=8 rs=1 cs=1]
              RenderInline {FONT} at (0,0) size 3x11
                RenderText {#text} at (0,0) size 3x11
                  text run at (0,0) width 3: " "
            RenderTableCell {TD} at (27,363) size 3x11 [bgcolor=#FDFDFB] [r=33 c=9 rs=1 cs=1]
              RenderInline {FONT} at (0,0) size 3x11
                RenderText {#text} at (0,0) size 3x11
                  text run at (0,0) width 3: " "
            RenderTableCell {TD} at (30,363) size 3x11 [bgcolor=#FDFDFB] [r=33 c=10 rs=1 cs=1]
              RenderInline {FONT} at (0,0) size 3x11
                RenderText {#text} at (0,0) size 3x11
                  text run at (0,0) width 3: " "
            RenderTableCell {TD} at (33,363) size 3x11 [bgcolor=#FDFDFB] [r=33 c=11 rs=1 cs=1]
              RenderInline {FONT} at (0,0) size 3x11
                RenderText {#text} at (0,0) size 3x11
                  text run at (0,0) width 3: " "
            RenderTableCell {TD} at (36,363) size 3x11 [bgcolor=#FDFDFB] [r=33 c=12 rs=1 cs=1]
              RenderInline {FONT} at (0,0) size 3x11
                RenderText {#text} at (0,0) size 3x11
                  text run at (0,0) width 3: " "
            RenderTableCell {TD} at (39,363) size 3x11 [bgcolor=#FDFDFB] [r=33 c=13 rs=1 cs=1]
              RenderInline {FONT} at (0,0) size 3x11
                RenderText {#text} at (0,0) size 3x11
                  text run at (0,0) width 3: " "
            RenderTableCell {TD} at (42,363) size 3x11 [bgcolor=#FDFDFB] [r=33 c=14 rs=1 cs=1]
              RenderInline {FONT} at (0,0) size 3x11
                RenderText {#text} at (0,0) size 3x11
                  text run at (0,0) width 3: " "
            RenderTableCell {TD} at (45,363) size 3x11 [bgcolor=#FDFDFB] [r=33 c=15 rs=1 cs=1]
              RenderInline {FONT} at (0,0) size 3x11
                RenderText {#text} at (0,0) size 3x11
                  text run at (0,0) width 3: " "
            RenderTableCell {TD} at (48,363) size 3x11 [bgcolor=#FDFDFB] [r=33 c=16 rs=1 cs=1]
              RenderInline {FONT} at (0,0) size 3x11
                RenderText {#text} at (0,0) size 3x11
                  text run at (0,0) width 3: " "
            RenderTableCell {TD} at (51,363) size 3x11 [bgcolor=#FDFDFB] [r=33 c=17 rs=1 cs=1]
              RenderInline {FONT} at (0,0) size 3x11
                RenderText {#text} at (0,0) size 3x11
                  text run at (0,0) width 3: " "
            RenderTableCell {TD} at (54,363) size 3x11 [bgcolor=#FDFDFB] [r=33 c=18 rs=1 cs=1]
              RenderInline {FONT} at (0,0) size 3x11
                RenderText {#text} at (0,0) size 3x11
                  text run at (0,0) width 3: " "
            RenderTableCell {TD} at (57,363) size 3x11 [bgcolor=#FDFDFB] [r=33 c=19 rs=1 cs=1]
              RenderInline {FONT} at (0,0) size 3x11
                RenderText {#text} at (0,0) size 3x11
                  text run at (0,0) width 3: " "
            RenderTableCell {TD} at (60,363) size 3x11 [bgcolor=#FDFDFB] [r=33 c=20 rs=1 cs=1]
              RenderInline {FONT} at (0,0) size 3x11
                RenderText {#text} at (0,0) size 3x11
                  text run at (0,0) width 3: " "
            RenderTableCell {TD} at (63,363) size 3x11 [bgcolor=#FDFDFB] [r=33 c=21 rs=1 cs=1]
              RenderInline {FONT} at (0,0) size 3x11
                RenderText {#text} at (0,0) size 3x11
                  text run at (0,0) width 3: " "
            RenderTableCell {TD} at (66,363) size 3x11 [bgcolor=#FDFDFB] [r=33 c=22 rs=1 cs=1]
              RenderInline {FONT} at (0,0) size 3x11
                RenderText {#text} at (0,0) size 3x11
                  text run at (0,0) width 3: " "
            RenderTableCell {TD} at (69,363) size 3x11 [bgcolor=#FDFDFB] [r=33 c=23 rs=1 cs=1]
              RenderInline {FONT} at (0,0) size 3x11
                RenderText {#text} at (0,0) size 3x11
                  text run at (0,0) width 3: " "
            RenderTableCell {TD} at (72,363) size 3x11 [bgcolor=#FDFDFB] [r=33 c=24 rs=1 cs=1]
              RenderInline {FONT} at (0,0) size 3x11
                RenderText {#text} at (0,0) size 3x11
                  text run at (0,0) width 3: " "
            RenderTableCell {TD} at (75,363) size 3x11 [bgcolor=#FDFDFB] [r=33 c=25 rs=1 cs=1]
              RenderInline {FONT} at (0,0) size 3x11
                RenderText {#text} at (0,0) size 3x11
                  text run at (0,0) width 3: " "
            RenderTableCell {TD} at (78,363) size 3x11 [bgcolor=#FDFDFB] [r=33 c=26 rs=1 cs=1]
              RenderInline {FONT} at (0,0) size 3x11
                RenderText {#text} at (0,0) size 3x11
                  text run at (0,0) width 3: " "
            RenderTableCell {TD} at (81,363) size 3x11 [bgcolor=#FDFDFB] [r=33 c=27 rs=1 cs=1]
              RenderInline {FONT} at (0,0) size 3x11
                RenderText {#text} at (0,0) size 3x11
                  text run at (0,0) width 3: " "
            RenderTableCell {TD} at (84,363) size 3x11 [bgcolor=#FDFDFB] [r=33 c=28 rs=1 cs=1]
              RenderInline {FONT} at (0,0) size 3x11
                RenderText {#text} at (0,0) size 3x11
                  text run at (0,0) width 3: " "
            RenderTableCell {TD} at (87,363) size 3x11 [bgcolor=#FDFDFB] [r=33 c=29 rs=1 cs=1]
              RenderInline {FONT} at (0,0) size 3x11
                RenderText {#text} at (0,0) size 3x11
                  text run at (0,0) width 3: " "
            RenderTableCell {TD} at (90,363) size 3x11 [bgcolor=#FDFDFB] [r=33 c=30 rs=1 cs=1]
              RenderInline {FONT} at (0,0) size 3x11
                RenderText {#text} at (0,0) size 3x11
                  text run at (0,0) width 3: " "
            RenderTableCell {TD} at (93,363) size 3x11 [bgcolor=#FDFDFB] [r=33 c=31 rs=1 cs=1]
              RenderInline {FONT} at (0,0) size 3x11
                RenderText {#text} at (0,0) size 3x11
                  text run at (0,0) width 3: " "
            RenderTableCell {TD} at (96,363) size 3x11 [bgcolor=#FDFDFB] [r=33 c=32 rs=1 cs=1]
              RenderInline {FONT} at (0,0) size 3x11
                RenderText {#text} at (0,0) size 3x11
                  text run at (0,0) width 3: " "
            RenderTableCell {TD} at (99,363) size 3x11 [bgcolor=#FDFDFB] [r=33 c=33 rs=1 cs=1]
              RenderInline {FONT} at (0,0) size 3x11
                RenderText {#text} at (0,0) size 3x11
                  text run at (0,0) width 3: " "
            RenderTableCell {TD} at (102,363) size 3x11 [bgcolor=#FDFDFB] [r=33 c=34 rs=1 cs=1]
              RenderInline {FONT} at (0,0) size 3x11
                RenderText {#text} at (0,0) size 3x11
                  text run at (0,0) width 3: " "
            RenderTableCell {TD} at (105,363) size 3x11 [bgcolor=#FDFDFB] [r=33 c=35 rs=1 cs=1]
              RenderInline {FONT} at (0,0) size 3x11
                RenderText {#text} at (0,0) size 3x11
                  text run at (0,0) width 3: " "
            RenderTableCell {TD} at (108,363) size 3x11 [bgcolor=#FDFDFB] [r=33 c=36 rs=1 cs=1]
              RenderInline {FONT} at (0,0) size 3x11
                RenderText {#text} at (0,0) size 3x11
                  text run at (0,0) width 3: " "
            RenderTableCell {TD} at (111,363) size 3x11 [bgcolor=#FDFDFB] [r=33 c=37 rs=1 cs=1]
              RenderInline {FONT} at (0,0) size 3x11
                RenderText {#text} at (0,0) size 3x11
                  text run at (0,0) width 3: " "
            RenderTableCell {TD} at (114,363) size 3x11 [bgcolor=#FDFDFB] [r=33 c=38 rs=1 cs=1]
              RenderInline {FONT} at (0,0) size 3x11
                RenderText {#text} at (0,0) size 3x11
                  text run at (0,0) width 3: " "
            RenderTableCell {TD} at (117,363) size 3x11 [bgcolor=#FDFDFB] [r=33 c=39 rs=1 cs=1]
              RenderInline {FONT} at (0,0) size 3x11
                RenderText {#text} at (0,0) size 3x11
                  text run at (0,0) width 3: " "
            RenderTableCell {TD} at (120,363) size 3x11 [bgcolor=#FDFDFB] [r=33 c=40 rs=1 cs=1]
              RenderInline {FONT} at (0,0) size 3x11
                RenderText {#text} at (0,0) size 3x11
                  text run at (0,0) width 3: " "
            RenderTableCell {TD} at (123,363) size 3x11 [bgcolor=#FDFDFB] [r=33 c=41 rs=1 cs=1]
              RenderInline {FONT} at (0,0) size 3x11
                RenderText {#text} at (0,0) size 3x11
                  text run at (0,0) width 3: " "
            RenderTableCell {TD} at (126,363) size 3x11 [bgcolor=#FDFDFB] [r=33 c=42 rs=1 cs=1]
              RenderInline {FONT} at (0,0) size 3x11
                RenderText {#text} at (0,0) size 3x11
                  text run at (0,0) width 3: " "
            RenderTableCell {TD} at (129,363) size 3x11 [bgcolor=#FDFDFB] [r=33 c=43 rs=1 cs=1]
              RenderInline {FONT} at (0,0) size 3x11
                RenderText {#text} at (0,0) size 3x11
                  text run at (0,0) width 3: " "
            RenderTableCell {TD} at (132,363) size 3x11 [bgcolor=#FDFDFB] [r=33 c=44 rs=1 cs=1]
              RenderInline {FONT} at (0,0) size 3x11
                RenderText {#text} at (0,0) size 3x11
                  text run at (0,0) width 3: " "
            RenderTableCell {TD} at (135,363) size 3x11 [bgcolor=#FDFDFB] [r=33 c=45 rs=1 cs=1]
              RenderInline {FONT} at (0,0) size 3x11
                RenderText {#text} at (0,0) size 3x11
                  text run at (0,0) width 3: " "
            RenderTableCell {TD} at (138,363) size 3x11 [bgcolor=#FDFDFB] [r=33 c=46 rs=1 cs=1]
              RenderInline {FONT} at (0,0) size 3x11
                RenderText {#text} at (0,0) size 3x11
                  text run at (0,0) width 3: " "
            RenderTableCell {TD} at (141,363) size 3x11 [bgcolor=#FDFDFB] [r=33 c=47 rs=1 cs=1]
              RenderInline {FONT} at (0,0) size 3x11
                RenderText {#text} at (0,0) size 3x11
                  text run at (0,0) width 3: " "
            RenderTableCell {TD} at (144,363) size 3x11 [bgcolor=#FDFDFB] [r=33 c=48 rs=1 cs=1]
              RenderInline {FONT} at (0,0) size 3x11
                RenderText {#text} at (0,0) size 3x11
                  text run at (0,0) width 3: " "
            RenderTableCell {TD} at (147,363) size 3x11 [bgcolor=#FDFDFB] [r=33 c=49 rs=1 cs=1]
              RenderInline {FONT} at (0,0) size 3x11
                RenderText {#text} at (0,0) size 3x11
                  text run at (0,0) width 3: " "
            RenderTableCell {TD} at (150,363) size 3x11 [bgcolor=#FDFDFB] [r=33 c=50 rs=1 cs=1]
              RenderInline {FONT} at (0,0) size 3x11
                RenderText {#text} at (0,0) size 3x11
                  text run at (0,0) width 3: " "
            RenderTableCell {TD} at (153,363) size 3x11 [bgcolor=#FDFDFB] [r=33 c=51 rs=1 cs=1]
              RenderInline {FONT} at (0,0) size 3x11
                RenderText {#text} at (0,0) size 3x11
                  text run at (0,0) width 3: " "
            RenderTableCell {TD} at (156,363) size 3x11 [bgcolor=#FDFDFB] [r=33 c=52 rs=1 cs=1]
              RenderInline {FONT} at (0,0) size 3x11
                RenderText {#text} at (0,0) size 3x11
                  text run at (0,0) width 3: " "
            RenderTableCell {TD} at (159,363) size 3x11 [bgcolor=#FDFDFB] [r=33 c=53 rs=1 cs=1]
              RenderInline {FONT} at (0,0) size 3x11
                RenderText {#text} at (0,0) size 3x11
                  text run at (0,0) width 3: " "
            RenderTableCell {TD} at (162,363) size 3x11 [bgcolor=#FDFDFB] [r=33 c=54 rs=1 cs=1]
              RenderInline {FONT} at (0,0) size 3x11
                RenderText {#text} at (0,0) size 3x11
                  text run at (0,0) width 3: " "
            RenderTableCell {TD} at (165,363) size 3x11 [bgcolor=#FDFDFB] [r=33 c=55 rs=1 cs=1]
              RenderInline {FONT} at (0,0) size 3x11
                RenderText {#text} at (0,0) size 3x11
                  text run at (0,0) width 3: " "
            RenderTableCell {TD} at (168,363) size 3x11 [bgcolor=#FDFDFB] [r=33 c=56 rs=1 cs=1]
              RenderInline {FONT} at (0,0) size 3x11
                RenderText {#text} at (0,0) size 3x11
                  text run at (0,0) width 3: " "
            RenderTableCell {TD} at (171,363) size 3x11 [bgcolor=#FDFDFB] [r=33 c=57 rs=1 cs=1]
              RenderInline {FONT} at (0,0) size 3x11
                RenderText {#text} at (0,0) size 3x11
                  text run at (0,0) width 3: " "
            RenderTableCell {TD} at (174,363) size 3x11 [bgcolor=#FDFDFB] [r=33 c=58 rs=1 cs=1]
              RenderInline {FONT} at (0,0) size 3x11
                RenderText {#text} at (0,0) size 3x11
                  text run at (0,0) width 3: " "
            RenderTableCell {TD} at (177,363) size 3x11 [bgcolor=#FDFDFB] [r=33 c=59 rs=1 cs=1]
              RenderInline {FONT} at (0,0) size 3x11
                RenderText {#text} at (0,0) size 3x11
                  text run at (0,0) width 3: " "
            RenderTableCell {TD} at (180,363) size 3x11 [bgcolor=#FDFDFB] [r=33 c=60 rs=1 cs=1]
              RenderInline {FONT} at (0,0) size 3x11
                RenderText {#text} at (0,0) size 3x11
                  text run at (0,0) width 3: " "
            RenderTableCell {TD} at (183,363) size 3x11 [bgcolor=#FDFDFB] [r=33 c=61 rs=1 cs=1]
              RenderInline {FONT} at (0,0) size 3x11
                RenderText {#text} at (0,0) size 3x11
                  text run at (0,0) width 3: " "
            RenderTableCell {TD} at (186,363) size 3x11 [bgcolor=#FDFDFB] [r=33 c=62 rs=1 cs=1]
              RenderInline {FONT} at (0,0) size 3x11
                RenderText {#text} at (0,0) size 3x11
                  text run at (0,0) width 3: " "
            RenderTableCell {TD} at (189,363) size 3x11 [bgcolor=#FDFDFB] [r=33 c=63 rs=1 cs=1]
              RenderInline {FONT} at (0,0) size 3x11
                RenderText {#text} at (0,0) size 3x11
                  text run at (0,0) width 3: " "
            RenderTableCell {TD} at (192,363) size 3x11 [bgcolor=#FDFDFB] [r=33 c=64 rs=1 cs=1]
              RenderInline {FONT} at (0,0) size 3x11
                RenderText {#text} at (0,0) size 3x11
                  text run at (0,0) width 3: " "
            RenderTableCell {TD} at (195,363) size 3x11 [bgcolor=#FDFDFB] [r=33 c=65 rs=1 cs=1]
              RenderInline {FONT} at (0,0) size 3x11
                RenderText {#text} at (0,0) size 3x11
                  text run at (0,0) width 3: " "
            RenderTableCell {TD} at (198,363) size 3x11 [bgcolor=#FDFDFB] [r=33 c=66 rs=1 cs=1]
              RenderInline {FONT} at (0,0) size 3x11
                RenderText {#text} at (0,0) size 3x11
                  text run at (0,0) width 3: " "
            RenderTableCell {TD} at (201,363) size 3x11 [bgcolor=#FDFDFB] [r=33 c=67 rs=1 cs=1]
              RenderInline {FONT} at (0,0) size 3x11
                RenderText {#text} at (0,0) size 3x11
                  text run at (0,0) width 3: " "
            RenderTableCell {TD} at (204,363) size 3x11 [bgcolor=#EDEEEF] [r=33 c=68 rs=1 cs=1]
              RenderInline {FONT} at (0,0) size 3x11
                RenderText {#text} at (0,0) size 3x11
                  text run at (0,0) width 3: " "
            RenderTableCell {TD} at (207,363) size 3x11 [bgcolor=#EDEEEF] [r=33 c=69 rs=1 cs=1]
              RenderInline {FONT} at (0,0) size 3x11
                RenderText {#text} at (0,0) size 3x11
                  text run at (0,0) width 3: " "
            RenderTableCell {TD} at (210,363) size 3x11 [bgcolor=#E0EAE9] [r=33 c=70 rs=1 cs=1]
              RenderInline {FONT} at (0,0) size 3x11
                RenderText {#text} at (0,0) size 3x11
                  text run at (0,0) width 3: " "
            RenderTableCell {TD} at (213,363) size 3x11 [bgcolor=#DEDFDF] [r=33 c=71 rs=1 cs=1]
              RenderInline {FONT} at (0,0) size 3x11
                RenderText {#text} at (0,0) size 3x11
                  text run at (0,0) width 3: " "
            RenderTableCell {TD} at (216,363) size 3x11 [bgcolor=#DEDFDF] [r=33 c=72 rs=1 cs=1]
              RenderInline {FONT} at (0,0) size 3x11
                RenderText {#text} at (0,0) size 3x11
                  text run at (0,0) width 3: " "
            RenderTableCell {TD} at (219,363) size 3x11 [bgcolor=#CECFCF] [r=33 c=73 rs=1 cs=1]
              RenderInline {FONT} at (0,0) size 3x11
                RenderText {#text} at (0,0) size 3x11
                  text run at (0,0) width 3: " "
            RenderTableCell {TD} at (222,363) size 3x11 [bgcolor=#CECFCF] [r=33 c=74 rs=1 cs=1]
              RenderInline {FONT} at (0,0) size 3x11
                RenderText {#text} at (0,0) size 3x11
                  text run at (0,0) width 3: " "
            RenderTableCell {TD} at (225,363) size 3x11 [bgcolor=#CECFCF] [r=33 c=75 rs=1 cs=1]
              RenderInline {FONT} at (0,0) size 3x11
                RenderText {#text} at (0,0) size 3x11
                  text run at (0,0) width 3: " "
            RenderTableCell {TD} at (228,363) size 3x11 [bgcolor=#CECFCF] [r=33 c=76 rs=1 cs=1]
              RenderInline {FONT} at (0,0) size 3x11
                RenderText {#text} at (0,0) size 3x11
                  text run at (0,0) width 3: " "
            RenderTableCell {TD} at (231,363) size 3x11 [bgcolor=#CECFCF] [r=33 c=77 rs=1 cs=1]
              RenderInline {FONT} at (0,0) size 3x11
                RenderText {#text} at (0,0) size 3x11
                  text run at (0,0) width 3: " "
            RenderTableCell {TD} at (234,363) size 3x11 [bgcolor=#CECFCF] [r=33 c=78 rs=1 cs=1]
              RenderInline {FONT} at (0,0) size 3x11
                RenderText {#text} at (0,0) size 3x11
                  text run at (0,0) width 3: " "
            RenderTableCell {TD} at (237,363) size 3x11 [bgcolor=#CECFCF] [r=33 c=79 rs=1 cs=1]
              RenderInline {FONT} at (0,0) size 3x11
                RenderText {#text} at (0,0) size 3x11
                  text run at (0,0) width 3: " "
            RenderTableCell {TD} at (240,363) size 3x11 [bgcolor=#CECFCF] [r=33 c=80 rs=1 cs=1]
              RenderInline {FONT} at (0,0) size 3x11
                RenderText {#text} at (0,0) size 3x11
                  text run at (0,0) width 3: " "
            RenderTableCell {TD} at (243,363) size 3x11 [bgcolor=#CECFCF] [r=33 c=81 rs=1 cs=1]
              RenderInline {FONT} at (0,0) size 3x11
                RenderText {#text} at (0,0) size 3x11
                  text run at (0,0) width 3: " "
            RenderTableCell {TD} at (246,363) size 3x11 [bgcolor=#CECFCF] [r=33 c=82 rs=1 cs=1]
              RenderInline {FONT} at (0,0) size 3x11
                RenderText {#text} at (0,0) size 3x11
                  text run at (0,0) width 3: " "
            RenderTableCell {TD} at (249,363) size 3x11 [bgcolor=#CECFCF] [r=33 c=83 rs=1 cs=1]
              RenderInline {FONT} at (0,0) size 3x11
                RenderText {#text} at (0,0) size 3x11
                  text run at (0,0) width 3: " "
            RenderTableCell {TD} at (252,363) size 3x11 [bgcolor=#CECFCF] [r=33 c=84 rs=1 cs=1]
              RenderInline {FONT} at (0,0) size 3x11
                RenderText {#text} at (0,0) size 3x11
                  text run at (0,0) width 3: " "
            RenderTableCell {TD} at (255,363) size 3x11 [bgcolor=#CECFCF] [r=33 c=85 rs=1 cs=1]
              RenderInline {FONT} at (0,0) size 3x11
                RenderText {#text} at (0,0) size 3x11
                  text run at (0,0) width 3: " "
            RenderTableCell {TD} at (258,363) size 3x11 [bgcolor=#DEDFDF] [r=33 c=86 rs=1 cs=1]
              RenderInline {FONT} at (0,0) size 3x11
                RenderText {#text} at (0,0) size 3x11
                  text run at (0,0) width 3: " "
            RenderTableCell {TD} at (261,363) size 3x11 [bgcolor=#E0EAE9] [r=33 c=87 rs=1 cs=1]
              RenderInline {FONT} at (0,0) size 3x11
                RenderText {#text} at (0,0) size 3x11
                  text run at (0,0) width 3: " "
            RenderTableCell {TD} at (264,363) size 3x11 [bgcolor=#EDEEEF] [r=33 c=88 rs=1 cs=1]
              RenderInline {FONT} at (0,0) size 3x11
                RenderText {#text} at (0,0) size 3x11
                  text run at (0,0) width 3: " "
            RenderTableCell {TD} at (267,363) size 3x11 [bgcolor=#EDEEEF] [r=33 c=89 rs=1 cs=1]
              RenderInline {FONT} at (0,0) size 3x11
                RenderText {#text} at (0,0) size 3x11
                  text run at (0,0) width 3: " "
            RenderTableCell {TD} at (270,363) size 3x11 [bgcolor=#FDFDFB] [r=33 c=90 rs=1 cs=1]
              RenderInline {FONT} at (0,0) size 3x11
                RenderText {#text} at (0,0) size 3x11
                  text run at (0,0) width 3: " "
            RenderTableCell {TD} at (273,363) size 3x11 [bgcolor=#FDFDFB] [r=33 c=91 rs=1 cs=1]
              RenderInline {FONT} at (0,0) size 3x11
                RenderText {#text} at (0,0) size 3x11
                  text run at (0,0) width 3: " "
            RenderTableCell {TD} at (276,363) size 3x11 [bgcolor=#FDFDFB] [r=33 c=92 rs=1 cs=1]
              RenderInline {FONT} at (0,0) size 3x11
                RenderText {#text} at (0,0) size 3x11
                  text run at (0,0) width 3: " "
            RenderTableCell {TD} at (279,363) size 3x11 [bgcolor=#FDFDFB] [r=33 c=93 rs=1 cs=1]
              RenderInline {FONT} at (0,0) size 3x11
                RenderText {#text} at (0,0) size 3x11
                  text run at (0,0) width 3: " "
            RenderTableCell {TD} at (282,363) size 3x11 [bgcolor=#FDFDFB] [r=33 c=94 rs=1 cs=1]
              RenderInline {FONT} at (0,0) size 3x11
                RenderText {#text} at (0,0) size 3x11
                  text run at (0,0) width 3: " "
            RenderTableCell {TD} at (285,363) size 3x11 [bgcolor=#FDFDFB] [r=33 c=95 rs=1 cs=1]
              RenderInline {FONT} at (0,0) size 3x11
                RenderText {#text} at (0,0) size 3x11
                  text run at (0,0) width 3: " "
            RenderTableCell {TD} at (288,363) size 3x11 [bgcolor=#FDFDFB] [r=33 c=96 rs=1 cs=1]
              RenderInline {FONT} at (0,0) size 3x11
                RenderText {#text} at (0,0) size 3x11
                  text run at (0,0) width 3: " "
            RenderTableCell {TD} at (291,363) size 3x11 [bgcolor=#FDFDFB] [r=33 c=97 rs=1 cs=1]
              RenderInline {FONT} at (0,0) size 3x11
                RenderText {#text} at (0,0) size 3x11
                  text run at (0,0) width 3: " "
            RenderTableCell {TD} at (294,363) size 3x11 [bgcolor=#FDFDFB] [r=33 c=98 rs=1 cs=1]
              RenderInline {FONT} at (0,0) size 3x11
                RenderText {#text} at (0,0) size 3x11
                  text run at (0,0) width 3: " "
            RenderTableCell {TD} at (297,363) size 3x11 [bgcolor=#FDFDFB] [r=33 c=99 rs=1 cs=1]
              RenderInline {FONT} at (0,0) size 3x11
                RenderText {#text} at (0,0) size 3x11
                  text run at (0,0) width 3: " "
