layer at (0,0) size 800x1228
  RenderView at (0,0) size 800x600
layer at (0,0) size 800x1228
  RenderBlock {HTML} at (0,0) size 800x1228
    RenderBody {BODY} at (8,8) size 784x1212
      RenderBlock {H1} at (0,0) size 784x32
        RenderText {#text} at (0,1) size 393x30
          text run at (0,1) width 393: "Example 6: Table Stress Test"
      RenderBlock {PRE} at (0,50) size 784x16 [color=#FF0000]
        RenderText {#text} at (0,0) size 136x16
          text run at (0,0) width 136: "Resize document for maximum effect"
      RenderBlock (anonymous) at (0,80) size 784x16
        RenderBR {BR} at (0,0) size 0x16
      RenderBlock {H2} at (0,113) size 784x24
        RenderText {#text} at (0,0) size 509x23
          text run at (0,0) width 509: "Auto-width tables with spans nested 8 levels deep"
      RenderTable {TABLE} at (0,154) size 784x326 [bgcolor=#FF0000] [border: (1px outset #808080)]
        RenderTableSection {TBODY} at (1,1) size 782x324
          RenderTableRow {TR} at (0,2) size 782x20
            RenderTableCell {TD} at (2,2) size 28x20 [border: (1px inset #808080)] [r=0 c=0 rs=1 cs=1]
              RenderText {#text} at (2,2) size 24x16
                text run at (2,2) width 24: "Cell"
            RenderTableCell {TD} at (32,2) size 748x298 [border: (1px inset #808080)] [r=0 c=1 rs=2 cs=2]
              RenderTable {TABLE} at (2,2) size 744x294 [bgcolor=#ADD8E6] [border: (1px outset #808080)]
                RenderTableSection {TBODY} at (1,1) size 742x292
                  RenderTableRow {TR} at (0,2) size 742x20
                    RenderTableCell {TD} at (2,2) size 28x20 [border: (1px inset #808080)] [r=0 c=0 rs=1 cs=1]
                      RenderText {#text} at (2,2) size 24x16
                        text run at (2,2) width 24: "Cell"
                    RenderTableCell {TD} at (32,2) size 708x266 [border: (1px inset #808080)] [r=0 c=1 rs=2 cs=2]
                      RenderTable {TABLE} at (2,2) size 704x262 [bgcolor=#90EE90] [border: (1px outset #808080)]
                        RenderTableSection {TBODY} at (1,1) size 702x260
                          RenderTableRow {TR} at (0,2) size 702x20
                            RenderTableCell {TD} at (2,2) size 28x20 [border: (1px inset #808080)] [r=0 c=0 rs=1 cs=1]
                              RenderText {#text} at (2,2) size 24x16
                                text run at (2,2) width 24: "Cell"
                            RenderTableCell {TD} at (32,2) size 668x234 [border: (1px inset #808080)] [r=0 c=1 rs=2 cs=2]
                              RenderTable {TABLE} at (2,2) size 664x230 [border: (1px outset #808080)]
                                RenderTableSection {TBODY} at (1,1) size 662x228
                                  RenderTableRow {TR} at (0,2) size 662x20
                                    RenderTableCell {TD} at (2,2) size 28x20 [border: (1px inset #808080)] [r=0 c=0 rs=1 cs=1]
                                      RenderText {#text} at (2,2) size 24x16
                                        text run at (2,2) width 24: "Cell"
                                    RenderTableCell {TD} at (32,2) size 628x202 [border: (1px inset #808080)] [r=0 c=1 rs=2 cs=2]
                                      RenderTable {TABLE} at (2,2) size 624x198 [bgcolor=#FFA500] [border: (1px outset #808080)]
                                        RenderTableSection {TBODY} at (1,1) size 622x196
                                          RenderTableRow {TR} at (0,2) size 622x20
                                            RenderTableCell {TD} at (2,2) size 28x20 [border: (1px inset #808080)] [r=0 c=0 rs=1 cs=1]
                                              RenderText {#text} at (2,2) size 24x16
                                                text run at (2,2) width 24: "Cell"
                                            RenderTableCell {TD} at (32,2) size 588x170 [border: (1px inset #808080)] [r=0 c=1 rs=2 cs=2]
                                              RenderTable {TABLE} at (2,2) size 584x166 [bgcolor=#FF0000] [border: (1px outset #808080)]
                                                RenderTableSection {TBODY} at (1,1) size 582x164
                                                  RenderTableRow {TR} at (0,2) size 582x20
                                                    RenderTableCell {TD} at (2,2) size 28x20 [border: (1px inset #808080)] [r=0 c=0 rs=1 cs=1]
                                                      RenderText {#text} at (2,2) size 24x16
                                                        text run at (2,2) width 24: "Cell"
                                                    RenderTableCell {TD} at (32,2) size 548x138 [border: (1px inset #808080)] [r=0 c=1 rs=2 cs=2]
                                                      RenderTable {TABLE} at (2,2) size 544x134 [bgcolor=#ADD8E6] [border: (1px outset #808080)]
                                                        RenderTableSection {TBODY} at (1,1) size 542x132
                                                          RenderTableRow {TR} at (0,2) size 542x20
                                                            RenderTableCell {TD} at (2,2) size 28x20 [border: (1px inset #808080)] [r=0 c=0 rs=1 cs=1]
                                                              RenderText {#text} at (2,2) size 24x16
                                                                text run at (2,2) width 24: "Cell"
                                                            RenderTableCell {TD} at (32,2) size 508x90 [border: (1px inset #808080)] [r=0 c=1 rs=2 cs=2]
                                                              RenderTable {TABLE} at (2,2) size 504x86 [bgcolor=#90EE90] [border: (1px outset #808080)]
                                                                RenderTableSection {TBODY} at (1,1) size 502x84
                                                                  RenderTableRow {TR} at (0,2) size 502x20
                                                                    RenderTableCell {TD} at (2,2) size 28x20 [border: (1px inset #808080)] [r=0 c=0 rs=1 cs=1]
                                                                      RenderText {#text} at (2,2) size 24x16
                                                                        text run at (2,2) width 24: "Cell"
                                                                    RenderTableCell {TD} at (32,5) size 468x36 [border: (1px inset #808080)] [r=0 c=1 rs=2 cs=2]
                                                                      RenderText {#text} at (2,2) size 452x32
                                                                        text run at (2,2) width 384: "Cell, and stuff to test out table cell layout. This should be long "
                                                                        text run at (386,2) width 68: "enough for"
                                                                        text run at (2,18) width 45: "testing."
                                                                  RenderTableRow {TR} at (0,24) size 502x20
                                                                    RenderTableCell {TD} at (2,24) size 28x20 [border: (1px inset #808080)] [r=1 c=0 rs=1 cs=1]
                                                                      RenderText {#text} at (2,2) size 24x16
                                                                        text run at (2,2) width 24: "Cell"
                                                                  RenderTableRow {TR} at (0,46) size 502x36
                                                                    RenderTableCell {TD} at (2,54) size 28x20 [border: (1px inset #808080)] [r=2 c=0 rs=1 cs=1]
                                                                      RenderText {#text} at (2,2) size 24x16
                                                                        text run at (2,2) width 24: "Cell"
                                                                    RenderTableCell {TD} at (32,46) size 438x36 [border: (1px inset #808080)] [r=2 c=1 rs=1 cs=1]
                                                                      RenderText {#text} at (2,2) size 431x32
                                                                        text run at (2,2) width 384: "Cell, and stuff to test out table cell layout. This should be long "
                                                                        text run at (386,2) width 47: "enough"
                                                                        text run at (2,18) width 66: "for testing."
                                                                    RenderTableCell {TD} at (472,54) size 28x20 [border: (1px inset #808080)] [r=2 c=2 rs=1 cs=1]
                                                                      RenderText {#text} at (2,2) size 24x16
                                                                        text run at (2,2) width 24: "Cell"
                                                          RenderTableRow {TR} at (0,24) size 542x68
                                                            RenderTableCell {TD} at (2,48) size 28x20 [border: (1px inset #808080)] [r=1 c=0 rs=1 cs=1]
                                                              RenderText {#text} at (2,2) size 24x16
                                                                text run at (2,2) width 24: "Cell"
                                                          RenderTableRow {TR} at (0,94) size 542x36
                                                            RenderTableCell {TD} at (2,102) size 28x20 [border: (1px inset #808080)] [r=2 c=0 rs=1 cs=1]
                                                              RenderText {#text} at (2,2) size 24x16
                                                                text run at (2,2) width 24: "Cell"
                                                            RenderTableCell {TD} at (32,94) size 478x36 [border: (1px inset #808080)] [r=2 c=1 rs=1 cs=1]
                                                              RenderText {#text} at (2,2) size 452x32
                                                                text run at (2,2) width 384: "Cell, and stuff to test out table cell layout. This should be long "
                                                                text run at (386,2) width 68: "enough for"
                                                                text run at (2,18) width 45: "testing."
                                                            RenderTableCell {TD} at (512,102) size 28x20 [border: (1px inset #808080)] [r=2 c=2 rs=1 cs=1]
                                                              RenderText {#text} at (2,2) size 24x16
                                                                text run at (2,2) width 24: "Cell"
                                                  RenderTableRow {TR} at (0,24) size 582x116
                                                    RenderTableCell {TD} at (2,72) size 28x20 [border: (1px inset #808080)] [r=1 c=0 rs=1 cs=1]
                                                      RenderText {#text} at (2,2) size 24x16
                                                        text run at (2,2) width 24: "Cell"
                                                  RenderTableRow {TR} at (0,142) size 582x20
                                                    RenderTableCell {TD} at (2,142) size 28x20 [border: (1px inset #808080)] [r=2 c=0 rs=1 cs=1]
                                                      RenderText {#text} at (2,2) size 24x16
                                                        text run at (2,2) width 24: "Cell"
                                                    RenderTableCell {TD} at (32,142) size 516x20 [border: (1px inset #808080)] [r=2 c=1 rs=1 cs=1]
                                                      RenderText {#text} at (2,2) size 501x16
                                                        text run at (2,2) width 384: "Cell, and stuff to test out table cell layout. This should be long "
                                                        text run at (386,2) width 117: "enough for testing."
                                                    RenderTableCell {TD} at (550,142) size 30x20 [border: (1px inset #808080)] [r=2 c=2 rs=1 cs=1]
                                                      RenderText {#text} at (2,2) size 24x16
                                                        text run at (2,2) width 24: "Cell"
                                          RenderTableRow {TR} at (0,24) size 622x148
                                            RenderTableCell {TD} at (2,88) size 28x20 [border: (1px inset #808080)] [r=1 c=0 rs=1 cs=1]
                                              RenderText {#text} at (2,2) size 24x16
                                                text run at (2,2) width 24: "Cell"
                                          RenderTableRow {TR} at (0,174) size 622x20
                                            RenderTableCell {TD} at (2,174) size 28x20 [border: (1px inset #808080)] [r=2 c=0 rs=1 cs=1]
                                              RenderText {#text} at (2,2) size 24x16
                                                text run at (2,2) width 24: "Cell"
                                            RenderTableCell {TD} at (32,174) size 554x20 [border: (1px inset #808080)] [r=2 c=1 rs=1 cs=1]
                                              RenderText {#text} at (2,2) size 501x16
                                                text run at (2,2) width 384: "Cell, and stuff to test out table cell layout. This should be long "
                                                text run at (386,2) width 117: "enough for testing."
                                            RenderTableCell {TD} at (588,174) size 32x20 [border: (1px inset #808080)] [r=2 c=2 rs=1 cs=1]
                                              RenderText {#text} at (2,2) size 24x16
                                                text run at (2,2) width 24: "Cell"
                                  RenderTableRow {TR} at (0,24) size 662x180
                                    RenderTableCell {TD} at (2,104) size 28x20 [border: (1px inset #808080)] [r=1 c=0 rs=1 cs=1]
                                      RenderText {#text} at (2,2) size 24x16
                                        text run at (2,2) width 24: "Cell"
                                  RenderTableRow {TR} at (0,206) size 662x20
                                    RenderTableCell {TD} at (2,206) size 28x20 [border: (1px inset #808080)] [r=2 c=0 rs=1 cs=1]
                                      RenderText {#text} at (2,2) size 24x16
                                        text run at (2,2) width 24: "Cell"
                                    RenderTableCell {TD} at (32,206) size 592x20 [border: (1px inset #808080)] [r=2 c=1 rs=1 cs=1]
                                      RenderText {#text} at (2,2) size 501x16
                                        text run at (2,2) width 384: "Cell, and stuff to test out table cell layout. This should be long "
                                        text run at (386,2) width 117: "enough for testing."
                                    RenderTableCell {TD} at (626,206) size 34x20 [border: (1px inset #808080)] [r=2 c=2 rs=1 cs=1]
                                      RenderText {#text} at (2,2) size 24x16
                                        text run at (2,2) width 24: "Cell"
                          RenderTableRow {TR} at (0,24) size 702x212
                            RenderTableCell {TD} at (2,120) size 28x20 [border: (1px inset #808080)] [r=1 c=0 rs=1 cs=1]
                              RenderText {#text} at (2,2) size 24x16
                                text run at (2,2) width 24: "Cell"
                          RenderTableRow {TR} at (0,238) size 702x20
                            RenderTableCell {TD} at (2,238) size 28x20 [border: (1px inset #808080)] [r=2 c=0 rs=1 cs=1]
                              RenderText {#text} at (2,2) size 24x16
                                text run at (2,2) width 24: "Cell"
                            RenderTableCell {TD} at (32,238) size 630x20 [border: (1px inset #808080)] [r=2 c=1 rs=1 cs=1]
                              RenderText {#text} at (2,2) size 501x16
                                text run at (2,2) width 384: "Cell, and stuff to test out table cell layout. This should be long "
                                text run at (386,2) width 117: "enough for testing."
                            RenderTableCell {TD} at (664,238) size 36x20 [border: (1px inset #808080)] [r=2 c=2 rs=1 cs=1]
                              RenderText {#text} at (2,2) size 24x16
                                text run at (2,2) width 24: "Cell"
                  RenderTableRow {TR} at (0,24) size 742x244
                    RenderTableCell {TD} at (2,136) size 28x20 [border: (1px inset #808080)] [r=1 c=0 rs=1 cs=1]
                      RenderText {#text} at (2,2) size 24x16
                        text run at (2,2) width 24: "Cell"
                  RenderTableRow {TR} at (0,270) size 742x20
                    RenderTableCell {TD} at (2,270) size 28x20 [border: (1px inset #808080)] [r=2 c=0 rs=1 cs=1]
                      RenderText {#text} at (2,2) size 24x16
                        text run at (2,2) width 24: "Cell"
                    RenderTableCell {TD} at (32,270) size 668x20 [border: (1px inset #808080)] [r=2 c=1 rs=1 cs=1]
                      RenderText {#text} at (2,2) size 501x16
                        text run at (2,2) width 384: "Cell, and stuff to test out table cell layout. This should be long "
                        text run at (386,2) width 117: "enough for testing."
                    RenderTableCell {TD} at (702,270) size 38x20 [border: (1px inset #808080)] [r=2 c=2 rs=1 cs=1]
                      RenderText {#text} at (2,2) size 24x16
                        text run at (2,2) width 24: "Cell"
          RenderTableRow {TR} at (0,24) size 782x276
            RenderTableCell {TD} at (2,152) size 28x20 [border: (1px inset #808080)] [r=1 c=0 rs=1 cs=1]
              RenderText {#text} at (2,2) size 24x16
                text run at (2,2) width 24: "Cell"
          RenderTableRow {TR} at (0,302) size 782x20
            RenderTableCell {TD} at (2,302) size 28x20 [border: (1px inset #808080)] [r=2 c=0 rs=1 cs=1]
              RenderText {#text} at (2,2) size 24x16
                text run at (2,2) width 24: "Cell"
            RenderTableCell {TD} at (32,302) size 706x20 [border: (1px inset #808080)] [r=2 c=1 rs=1 cs=1]
              RenderText {#text} at (2,2) size 501x16
                text run at (2,2) width 384: "Cell, and stuff to test out table cell layout. This should be long "
                text run at (386,2) width 117: "enough for testing."
            RenderTableCell {TD} at (740,302) size 40x20 [border: (1px inset #808080)] [r=2 c=2 rs=1 cs=1]
              RenderText {#text} at (2,2) size 24x16
                text run at (2,2) width 24: "Cell"
      RenderBlock (anonymous) at (0,480) size 784x16
        RenderBR {BR} at (0,0) size 0x16
      RenderBlock {H2} at (0,513) size 784x24
        RenderText {#text} at (0,0) size 399x23
          text run at (0,0) width 399: "100% width tables nested 6 levels deep"
      RenderTable {TABLE} at (0,554) size 784x658 [bgcolor=#FFFF00] [border: (1px outset #808080)]
        RenderTableSection {TBODY} at (1,1) size 782x656
          RenderTableRow {TR} at (0,2) size 782x20
            RenderTableCell {TD} at (2,2) size 628x20 [border: (1px inset #808080)] [r=0 c=0 rs=1 cs=1]
              RenderText {#text} at (2,2) size 52x16
                text run at (2,2) width 52: "Cell one"
            RenderTableCell {TD} at (632,2) size 73x20 [border: (1px inset #808080)] [r=0 c=1 rs=1 cs=1]
              RenderText {#text} at (2,2) size 32x16
                text run at (2,2) width 32: "Cell2"
            RenderTableCell {TD} at (707,2) size 73x20 [border: (1px inset #808080)] [r=0 c=2 rs=1 cs=1]
              RenderText {#text} at (2,2) size 36x16
                text run at (2,2) width 36: "Cell 3"
          RenderTableRow {TR} at (0,24) size 782x20
            RenderTableCell {TD} at (2,24) size 628x20 [border: (1px inset #808080)] [r=1 c=0 rs=1 cs=1]
              RenderText {#text} at (2,2) size 36x16
                text run at (2,2) width 36: "Cell 4"
            RenderTableCell {TD} at (632,24) size 73x20 [border: (1px inset #808080)] [r=1 c=1 rs=1 cs=1]
              RenderText {#text} at (2,2) size 36x16
                text run at (2,2) width 36: "Cell 5"
            RenderTableCell {TD} at (707,24) size 73x20 [border: (1px inset #808080)] [r=1 c=2 rs=1 cs=1]
              RenderText {#text} at (2,2) size 36x16
                text run at (2,2) width 36: "Cell 6"
          RenderTableRow {TR} at (0,46) size 782x608
            RenderTableCell {TD} at (2,46) size 628x608 [border: (1px inset #808080)] [r=2 c=0 rs=1 cs=1]
              RenderTable {TABLE} at (2,2) size 624x588 [bgcolor=#D3D3D3]
                RenderTableSection {TBODY} at (0,0) size 624x588
                  RenderTableRow {TR} at (0,2) size 624x18
                    RenderTableCell {TD} at (2,2) size 18x18 [r=0 c=0 rs=1 cs=1]
                      RenderText {#text} at (1,1) size 8x16
                        text run at (1,1) width 8: "1"
                    RenderTableCell {TD} at (22,2) size 579x18 [r=0 c=1 rs=1 cs=1]
                      RenderText {#text} at (1,1) size 8x16
                        text run at (1,1) width 8: "2"
                    RenderTableCell {TD} at (603,2) size 19x18 [r=0 c=2 rs=1 cs=1]
                      RenderText {#text} at (1,1) size 8x16
                        text run at (1,1) width 8: "3"
                  RenderTableRow {TR} at (0,22) size 624x544
                    RenderTableCell {TD} at (2,285) size 18x18 [r=1 c=0 rs=1 cs=1]
                      RenderText {#text} at (1,1) size 8x16
                        text run at (1,1) width 8: "4"
                    RenderTableCell {TD} at (22,22) size 579x544 [r=1 c=1 rs=1 cs=1]
                      RenderTable {TABLE} at (1,1) size 577x526 [bgcolor=#ADD8E6] [border: (1px outset #808080)]
                        RenderTableSection {TBODY} at (1,1) size 575x524
                          RenderTableRow {TR} at (0,2) size 575x476
                            RenderTableCell {TD} at (2,230) size 22x20 [border: (1px inset #808080)] [r=0 c=0 rs=1 cs=1]
                              RenderText {#text} at (2,2) size 8x16
                                text run at (2,2) width 8: "1"
                            RenderTableCell {TD} at (26,2) size 522x476 [border: (1px inset #808080)] [r=0 c=1 rs=1 cs=1]
                              RenderTable {TABLE} at (2,2) size 518x456 [bgcolor=#FF0000] [border: (1px outset #808080)]
                                RenderTableSection {TBODY} at (1,1) size 516x454
                                  RenderTableRow {TR} at (0,2) size 516x20
                                    RenderTableCell {TD} at (2,2) size 23x20 [border: (1px inset #808080)] [r=0 c=0 rs=1 cs=1]
                                      RenderText {#text} at (2,2) size 8x16
                                        text run at (2,2) width 8: "1"
                                    RenderTableCell {TD} at (27,2) size 23x20 [border: (1px inset #808080)] [r=0 c=1 rs=1 cs=1]
                                      RenderText {#text} at (2,2) size 8x16
                                        text run at (2,2) width 8: "2"
                                    RenderTableCell {TD} at (52,2) size 411x20 [border: (1px inset #808080)] [r=0 c=2 rs=1 cs=1]
                                      RenderText {#text} at (2,2) size 8x16
                                        text run at (2,2) width 8: "3"
                                    RenderTableCell {TD} at (465,2) size 23x20 [border: (1px inset #808080)] [r=0 c=3 rs=1 cs=1]
                                      RenderText {#text} at (2,2) size 8x16
                                        text run at (2,2) width 8: "4"
                                    RenderTableCell {TD} at (490,2) size 24x20 [border: (1px inset #808080)] [r=0 c=4 rs=1 cs=1]
                                      RenderText {#text} at (2,2) size 8x16
                                        text run at (2,2) width 8: "5"
                                  RenderTableRow {TR} at (0,24) size 516x362
                                    RenderTableCell {TD} at (2,195) size 23x20 [border: (1px inset #808080)] [r=1 c=0 rs=1 cs=1]
                                      RenderText {#text} at (2,2) size 8x16
                                        text run at (2,2) width 8: "6"
                                    RenderTableCell {TD} at (27,195) size 23x20 [border: (1px inset #808080)] [r=1 c=1 rs=1 cs=1]
                                      RenderText {#text} at (2,2) size 8x16
                                        text run at (2,2) width 8: "7"
                                    RenderTableCell {TD} at (52,24) size 411x362 [border: (1px inset #808080)] [r=1 c=2 rs=1 cs=1]
                                      RenderTable {TABLE} at (2,2) size 407x342 [bgcolor=#008000] [border: (1px outset #808080)]
                                        RenderTableSection {TBODY} at (1,1) size 405x340
                                          RenderTableRow {TR} at (0,2) size 405x20
                                            RenderTableCell {TD} at (2,2) size 24x20 [border: (1px inset #808080)] [r=0 c=0 rs=1 cs=1]
                                              RenderText {#text} at (2,2) size 8x16
                                                text run at (2,2) width 8: "a"
                                            RenderTableCell {TD} at (28,2) size 24x20 [border: (1px inset #808080)] [r=0 c=1 rs=1 cs=1]
                                              RenderText {#text} at (2,2) size 7x16
                                                text run at (2,2) width 7: "b"
                                            RenderTableCell {TD} at (54,2) size 296x20 [border: (1px inset #808080)] [r=0 c=2 rs=1 cs=1]
                                              RenderText {#text} at (2,2) size 7x16
                                                text run at (2,2) width 7: "c"
                                            RenderTableCell {TD} at (352,2) size 24x20 [border: (1px inset #808080)] [r=0 c=3 rs=1 cs=1]
                                              RenderText {#text} at (2,2) size 8x16
                                                text run at (2,2) width 8: "d"
                                            RenderTableCell {TD} at (378,2) size 25x20 [border: (1px inset #808080)] [r=0 c=4 rs=1 cs=1]
                                              RenderText {#text} at (2,2) size 8x16
                                                text run at (2,2) width 8: "e"
                                          RenderTableRow {TR} at (0,24) size 405x20
                                            RenderTableCell {TD} at (2,24) size 24x20 [border: (1px inset #808080)] [r=1 c=0 rs=1 cs=1]
                                              RenderText {#text} at (2,2) size 4x16
                                                text run at (2,2) width 4: "f"
                                            RenderTableCell {TD} at (28,24) size 24x20 [border: (1px inset #808080)] [r=1 c=1 rs=1 cs=1]
                                              RenderText {#text} at (2,2) size 8x16
                                                text run at (2,2) width 8: "g"
                                            RenderTableCell {TD} at (54,24) size 296x20 [border: (1px inset #808080)] [r=1 c=2 rs=1 cs=1]
                                              RenderText {#text} at (2,2) size 8x16
                                                text run at (2,2) width 8: "h"
                                            RenderTableCell {TD} at (352,24) size 24x20 [border: (1px inset #808080)] [r=1 c=3 rs=1 cs=1]
                                              RenderText {#text} at (2,2) size 3x16
                                                text run at (2,2) width 3: "i"
                                            RenderTableCell {TD} at (378,24) size 25x20 [border: (1px inset #808080)] [r=1 c=4 rs=1 cs=1]
                                              RenderText {#text} at (2,2) size 3x16
                                                text run at (2,2) width 3: "j"
                                          RenderTableRow {TR} at (0,46) size 405x248
                                            RenderTableCell {TD} at (2,160) size 24x20 [border: (1px inset #808080)] [r=2 c=0 rs=1 cs=1]
                                              RenderText {#text} at (2,2) size 7x16
                                                text run at (2,2) width 7: "k"
                                            RenderTableCell {TD} at (28,160) size 24x20 [border: (1px inset #808080)] [r=2 c=1 rs=1 cs=1]
                                              RenderText {#text} at (2,2) size 3x16
                                                text run at (2,2) width 3: "l"
                                            RenderTableCell {TD} at (54,46) size 296x248 [border: (1px inset #808080)] [r=2 c=2 rs=1 cs=1]
                                              RenderTable {TABLE} at (2,2) size 292x228 [bgcolor=#800080] [border: (1px outset #808080)]
                                                RenderTableSection {TBODY} at (1,1) size 290x226
                                                  RenderTableRow {TR} at (0,2) size 290x20
                                                    RenderTableCell {TD} at (2,2) size 25x20 [border: (1px inset #808080)] [r=0 c=0 rs=1 cs=1]
                                                      RenderText {#text} at (2,2) size 8x16
                                                        text run at (2,2) width 8: "a"
                                                    RenderTableCell {TD} at (29,2) size 25x20 [border: (1px inset #808080)] [r=0 c=1 rs=1 cs=1]
                                                      RenderText {#text} at (2,2) size 7x16
                                                        text run at (2,2) width 7: "b"
                                                    RenderTableCell {TD} at (56,2) size 175x20 [border: (1px inset #808080)] [r=0 c=2 rs=1 cs=1]
                                                      RenderText {#text} at (2,2) size 7x16
                                                        text run at (2,2) width 7: "c"
                                                    RenderTableCell {TD} at (233,2) size 26x20 [border: (1px inset #808080)] [r=0 c=3 rs=1 cs=1]
                                                      RenderText {#text} at (2,2) size 8x16
                                                        text run at (2,2) width 8: "d"
                                                    RenderTableCell {TD} at (261,2) size 27x20 [border: (1px inset #808080)] [r=0 c=4 rs=1 cs=1]
                                                      RenderText {#text} at (2,2) size 8x16
                                                        text run at (2,2) width 8: "e"
                                                  RenderTableRow {TR} at (0,24) size 290x20
                                                    RenderTableCell {TD} at (2,24) size 25x20 [border: (1px inset #808080)] [r=1 c=0 rs=1 cs=1]
                                                      RenderText {#text} at (2,2) size 4x16
                                                        text run at (2,2) width 4: "f"
                                                    RenderTableCell {TD} at (29,24) size 25x20 [border: (1px inset #808080)] [r=1 c=1 rs=1 cs=1]
                                                      RenderText {#text} at (2,2) size 8x16
                                                        text run at (2,2) width 8: "g"
                                                    RenderTableCell {TD} at (56,24) size 175x20 [border: (1px inset #808080)] [r=1 c=2 rs=1 cs=1]
                                                      RenderText {#text} at (2,2) size 8x16
                                                        text run at (2,2) width 8: "h"
                                                    RenderTableCell {TD} at (233,24) size 26x20 [border: (1px inset #808080)] [r=1 c=3 rs=1 cs=1]
                                                      RenderText {#text} at (2,2) size 3x16
                                                        text run at (2,2) width 3: "i"
                                                    RenderTableCell {TD} at (261,24) size 27x20 [border: (1px inset #808080)] [r=1 c=4 rs=1 cs=1]
                                                      RenderText {#text} at (2,2) size 3x16
                                                        text run at (2,2) width 3: "j"
                                                  RenderTableRow {TR} at (0,46) size 290x134
                                                    RenderTableCell {TD} at (2,103) size 25x20 [border: (1px inset #808080)] [r=2 c=0 rs=1 cs=1]
                                                      RenderText {#text} at (2,2) size 7x16
                                                        text run at (2,2) width 7: "k"
                                                    RenderTableCell {TD} at (29,103) size 25x20 [border: (1px inset #808080)] [r=2 c=1 rs=1 cs=1]
                                                      RenderText {#text} at (2,2) size 3x16
                                                        text run at (2,2) width 3: "l"
                                                    RenderTableCell {TD} at (56,46) size 175x134 [border: (1px inset #808080)] [r=2 c=2 rs=1 cs=1]
                                                      RenderTable {TABLE} at (2,2) size 171x114 [bgcolor=#FFA500] [border: (1px outset #808080)]
                                                        RenderTableSection {TBODY} at (1,1) size 169x112
                                                          RenderTableRow {TR} at (0,2) size 169x20
                                                            RenderTableCell {TD} at (2,2) size 29x20 [border: (1px inset #808080)] [r=0 c=0 rs=1 cs=1]
                                                              RenderText {#text} at (2,2) size 8x16
                                                                text run at (2,2) width 8: "a"
                                                            RenderTableCell {TD} at (33,2) size 30x20 [border: (1px inset #808080)] [r=0 c=1 rs=1 cs=1]
                                                              RenderText {#text} at (2,2) size 7x16
                                                                text run at (2,2) width 7: "b"
                                                            RenderTableCell {TD} at (65,2) size 37x20 [border: (1px inset #808080)] [r=0 c=2 rs=1 cs=1]
                                                              RenderText {#text} at (2,2) size 7x16
                                                                text run at (2,2) width 7: "c"
                                                            RenderTableCell {TD} at (104,2) size 30x20 [border: (1px inset #808080)] [r=0 c=3 rs=1 cs=1]
                                                              RenderText {#text} at (2,2) size 8x16
                                                                text run at (2,2) width 8: "d"
                                                            RenderTableCell {TD} at (136,2) size 31x20 [border: (1px inset #808080)] [r=0 c=4 rs=1 cs=1]
                                                              RenderText {#text} at (2,2) size 8x16
                                                                text run at (2,2) width 8: "e"
                                                          RenderTableRow {TR} at (0,24) size 169x20
                                                            RenderTableCell {TD} at (2,24) size 29x20 [border: (1px inset #808080)] [r=1 c=0 rs=1 cs=1]
                                                              RenderText {#text} at (2,2) size 4x16
                                                                text run at (2,2) width 4: "f"
                                                            RenderTableCell {TD} at (33,24) size 30x20 [border: (1px inset #808080)] [r=1 c=1 rs=1 cs=1]
                                                              RenderText {#text} at (2,2) size 8x16
                                                                text run at (2,2) width 8: "g"
                                                            RenderTableCell {TD} at (65,24) size 37x20 [border: (1px inset #808080)] [r=1 c=2 rs=1 cs=1]
                                                              RenderText {#text} at (2,2) size 8x16
                                                                text run at (2,2) width 8: "h"
                                                            RenderTableCell {TD} at (104,24) size 30x20 [border: (1px inset #808080)] [r=1 c=3 rs=1 cs=1]
                                                              RenderText {#text} at (2,2) size 3x16
                                                                text run at (2,2) width 3: "i"
                                                            RenderTableCell {TD} at (136,24) size 31x20 [border: (1px inset #808080)] [r=1 c=4 rs=1 cs=1]
                                                              RenderText {#text} at (2,2) size 3x16
                                                                text run at (2,2) width 3: "j"
                                                          RenderTableRow {TR} at (0,46) size 169x20
                                                            RenderTableCell {TD} at (2,46) size 29x20 [border: (1px inset #808080)] [r=2 c=0 rs=1 cs=1]
                                                              RenderText {#text} at (2,2) size 7x16
                                                                text run at (2,2) width 7: "k"
                                                            RenderTableCell {TD} at (33,46) size 30x20 [border: (1px inset #808080)] [r=2 c=1 rs=1 cs=1]
                                                              RenderText {#text} at (2,2) size 3x16
                                                                text run at (2,2) width 3: "l"
                                                            RenderTableCell {TD} at (65,46) size 37x20 [border: (1px inset #808080)] [r=2 c=2 rs=1 cs=1]
                                                              RenderText {#text} at (2,2) size 11x16
                                                                text run at (2,2) width 11: "m"
                                                            RenderTableCell {TD} at (104,46) size 30x20 [border: (1px inset #808080)] [r=2 c=3 rs=1 cs=1]
                                                              RenderText {#text} at (2,2) size 8x16
                                                                text run at (2,2) width 8: "n"
                                                            RenderTableCell {TD} at (136,46) size 31x20 [border: (1px inset #808080)] [r=2 c=4 rs=1 cs=1]
                                                              RenderText {#text} at (2,2) size 8x16
                                                                text run at (2,2) width 8: "o"
                                                          RenderTableRow {TR} at (0,68) size 169x20
                                                            RenderTableCell {TD} at (2,68) size 29x20 [border: (1px inset #808080)] [r=3 c=0 rs=1 cs=1]
                                                              RenderText {#text} at (2,2) size 8x16
                                                                text run at (2,2) width 8: "p"
                                                            RenderTableCell {TD} at (33,68) size 30x20 [border: (1px inset #808080)] [r=3 c=1 rs=1 cs=1]
                                                              RenderText {#text} at (2,2) size 8x16
                                                                text run at (2,2) width 8: "q"
                                                            RenderTableCell {TD} at (65,68) size 37x20 [border: (1px inset #808080)] [r=3 c=2 rs=1 cs=1]
                                                              RenderText {#text} at (2,2) size 5x16
                                                                text run at (2,2) width 5: "r"
                                                            RenderTableCell {TD} at (104,68) size 30x20 [border: (1px inset #808080)] [r=3 c=3 rs=1 cs=1]
                                                              RenderText {#text} at (2,2) size 7x16
                                                                text run at (2,2) width 7: "s"
                                                            RenderTableCell {TD} at (136,68) size 31x20 [border: (1px inset #808080)] [r=3 c=4 rs=1 cs=1]
                                                              RenderText {#text} at (2,2) size 4x16
                                                                text run at (2,2) width 4: "t"
                                                          RenderTableRow {TR} at (0,90) size 169x20
                                                            RenderTableCell {TD} at (2,90) size 29x20 [border: (1px inset #808080)] [r=4 c=0 rs=1 cs=1]
                                                              RenderText {#text} at (2,2) size 7x16
                                                                text run at (2,2) width 7: "u"
                                                            RenderTableCell {TD} at (33,90) size 30x20 [border: (1px inset #808080)] [r=4 c=1 rs=1 cs=1]
                                                              RenderText {#text} at (2,2) size 7x16
                                                                text run at (2,2) width 7: "v"
                                                            RenderTableCell {TD} at (65,90) size 37x20 [border: (1px inset #808080)] [r=4 c=2 rs=1 cs=1]
                                                              RenderText {#text} at (2,2) size 10x16
                                                                text run at (2,2) width 10: "w"
                                                            RenderTableCell {TD} at (104,90) size 30x20 [border: (1px inset #808080)] [r=4 c=3 rs=1 cs=1]
                                                              RenderText {#text} at (2,2) size 7x16
                                                                text run at (2,2) width 7: "x"
                                                            RenderTableCell {TD} at (136,90) size 31x20 [border: (1px inset #808080)] [r=4 c=4 rs=1 cs=1]
                                                              RenderText {#text} at (2,2) size 7x16
                                                                text run at (2,2) width 7: "y"
                                                      RenderBlock (anonymous) at (2,116) size 171x16
                                                        RenderText {#text} at (0,0) size 4x16
                                                          text run at (0,0) width 4: " "
                                                    RenderTableCell {TD} at (233,103) size 26x20 [border: (1px inset #808080)] [r=2 c=3 rs=1 cs=1]
                                                      RenderText {#text} at (2,2) size 8x16
                                                        text run at (2,2) width 8: "n"
                                                    RenderTableCell {TD} at (261,103) size 27x20 [border: (1px inset #808080)] [r=2 c=4 rs=1 cs=1]
                                                      RenderText {#text} at (2,2) size 8x16
                                                        text run at (2,2) width 8: "o"
                                                  RenderTableRow {TR} at (0,182) size 290x20
                                                    RenderTableCell {TD} at (2,182) size 25x20 [border: (1px inset #808080)] [r=3 c=0 rs=1 cs=1]
                                                      RenderText {#text} at (2,2) size 8x16
                                                        text run at (2,2) width 8: "p"
                                                    RenderTableCell {TD} at (29,182) size 25x20 [border: (1px inset #808080)] [r=3 c=1 rs=1 cs=1]
                                                      RenderText {#text} at (2,2) size 8x16
                                                        text run at (2,2) width 8: "q"
                                                    RenderTableCell {TD} at (56,182) size 175x20 [border: (1px inset #808080)] [r=3 c=2 rs=1 cs=1]
                                                      RenderText {#text} at (2,2) size 5x16
                                                        text run at (2,2) width 5: "r"
                                                    RenderTableCell {TD} at (233,182) size 26x20 [border: (1px inset #808080)] [r=3 c=3 rs=1 cs=1]
                                                      RenderText {#text} at (2,2) size 7x16
                                                        text run at (2,2) width 7: "s"
                                                    RenderTableCell {TD} at (261,182) size 27x20 [border: (1px inset #808080)] [r=3 c=4 rs=1 cs=1]
                                                      RenderText {#text} at (2,2) size 4x16
                                                        text run at (2,2) width 4: "t"
                                                  RenderTableRow {TR} at (0,204) size 290x20
                                                    RenderTableCell {TD} at (2,204) size 25x20 [border: (1px inset #808080)] [r=4 c=0 rs=1 cs=1]
                                                      RenderText {#text} at (2,2) size 7x16
                                                        text run at (2,2) width 7: "u"
                                                    RenderTableCell {TD} at (29,204) size 25x20 [border: (1px inset #808080)] [r=4 c=1 rs=1 cs=1]
                                                      RenderText {#text} at (2,2) size 7x16
                                                        text run at (2,2) width 7: "v"
                                                    RenderTableCell {TD} at (56,204) size 175x20 [border: (1px inset #808080)] [r=4 c=2 rs=1 cs=1]
                                                      RenderText {#text} at (2,2) size 10x16
                                                        text run at (2,2) width 10: "w"
                                                    RenderTableCell {TD} at (233,204) size 26x20 [border: (1px inset #808080)] [r=4 c=3 rs=1 cs=1]
                                                      RenderText {#text} at (2,2) size 7x16
                                                        text run at (2,2) width 7: "x"
                                                    RenderTableCell {TD} at (261,204) size 27x20 [border: (1px inset #808080)] [r=4 c=4 rs=1 cs=1]
                                                      RenderText {#text} at (2,2) size 7x16
                                                        text run at (2,2) width 7: "y"
                                              RenderBlock (anonymous) at (2,230) size 292x16
                                                RenderText {#text} at (0,0) size 4x16
                                                  text run at (0,0) width 4: " "
                                            RenderTableCell {TD} at (352,160) size 24x20 [border: (1px inset #808080)] [r=2 c=3 rs=1 cs=1]
                                              RenderText {#text} at (2,2) size 8x16
                                                text run at (2,2) width 8: "n"
                                            RenderTableCell {TD} at (378,160) size 25x20 [border: (1px inset #808080)] [r=2 c=4 rs=1 cs=1]
                                              RenderText {#text} at (2,2) size 8x16
                                                text run at (2,2) width 8: "o"
                                          RenderTableRow {TR} at (0,296) size 405x20
                                            RenderTableCell {TD} at (2,296) size 24x20 [border: (1px inset #808080)] [r=3 c=0 rs=1 cs=1]
                                              RenderText {#text} at (2,2) size 8x16
                                                text run at (2,2) width 8: "p"
                                            RenderTableCell {TD} at (28,296) size 24x20 [border: (1px inset #808080)] [r=3 c=1 rs=1 cs=1]
                                              RenderText {#text} at (2,2) size 8x16
                                                text run at (2,2) width 8: "q"
                                            RenderTableCell {TD} at (54,296) size 296x20 [border: (1px inset #808080)] [r=3 c=2 rs=1 cs=1]
                                              RenderText {#text} at (2,2) size 5x16
                                                text run at (2,2) width 5: "r"
                                            RenderTableCell {TD} at (352,296) size 24x20 [border: (1px inset #808080)] [r=3 c=3 rs=1 cs=1]
                                              RenderText {#text} at (2,2) size 7x16
                                                text run at (2,2) width 7: "s"
                                            RenderTableCell {TD} at (378,296) size 25x20 [border: (1px inset #808080)] [r=3 c=4 rs=1 cs=1]
                                              RenderText {#text} at (2,2) size 4x16
                                                text run at (2,2) width 4: "t"
                                          RenderTableRow {TR} at (0,318) size 405x20
                                            RenderTableCell {TD} at (2,318) size 24x20 [border: (1px inset #808080)] [r=4 c=0 rs=1 cs=1]
                                              RenderText {#text} at (2,2) size 7x16
                                                text run at (2,2) width 7: "u"
                                            RenderTableCell {TD} at (28,318) size 24x20 [border: (1px inset #808080)] [r=4 c=1 rs=1 cs=1]
                                              RenderText {#text} at (2,2) size 7x16
                                                text run at (2,2) width 7: "v"
                                            RenderTableCell {TD} at (54,318) size 296x20 [border: (1px inset #808080)] [r=4 c=2 rs=1 cs=1]
                                              RenderText {#text} at (2,2) size 10x16
                                                text run at (2,2) width 10: "w"
                                            RenderTableCell {TD} at (352,318) size 24x20 [border: (1px inset #808080)] [r=4 c=3 rs=1 cs=1]
                                              RenderText {#text} at (2,2) size 7x16
                                                text run at (2,2) width 7: "x"
                                            RenderTableCell {TD} at (378,318) size 25x20 [border: (1px inset #808080)] [r=4 c=4 rs=1 cs=1]
                                              RenderText {#text} at (2,2) size 7x16
                                                text run at (2,2) width 7: "y"
                                      RenderBlock (anonymous) at (2,344) size 407x16
                                        RenderText {#text} at (0,0) size 4x16
                                          text run at (0,0) width 4: " "
                                    RenderTableCell {TD} at (465,195) size 23x20 [border: (1px inset #808080)] [r=1 c=3 rs=1 cs=1]
                                      RenderText {#text} at (2,2) size 8x16
                                        text run at (2,2) width 8: "9"
                                    RenderTableCell {TD} at (490,195) size 24x20 [border: (1px inset #808080)] [r=1 c=4 rs=1 cs=1]
                                      RenderText {#text} at (2,2) size 8x16
                                        text run at (2,2) width 8: "0"
                                  RenderTableRow {TR} at (0,388) size 516x20
                                    RenderTableCell {TD} at (2,388) size 23x20 [border: (1px inset #808080)] [r=2 c=0 rs=1 cs=1]
                                      RenderText {#text} at (2,2) size 8x16
                                        text run at (2,2) width 8: "a"
                                    RenderTableCell {TD} at (27,388) size 23x20 [border: (1px inset #808080)] [r=2 c=1 rs=1 cs=1]
                                      RenderText {#text} at (2,2) size 7x16
                                        text run at (2,2) width 7: "b"
                                    RenderTableCell {TD} at (52,388) size 411x20 [border: (1px inset #808080)] [r=2 c=2 rs=1 cs=1]
                                      RenderText {#text} at (2,2) size 7x16
                                        text run at (2,2) width 7: "c"
                                    RenderTableCell {TD} at (465,388) size 23x20 [border: (1px inset #808080)] [r=2 c=3 rs=1 cs=1]
                                      RenderText {#text} at (2,2) size 8x16
                                        text run at (2,2) width 8: "d"
                                    RenderTableCell {TD} at (490,388) size 24x20 [border: (1px inset #808080)] [r=2 c=4 rs=1 cs=1]
                                      RenderText {#text} at (2,2) size 8x16
                                        text run at (2,2) width 8: "e"
                                  RenderTableRow {TR} at (0,410) size 516x20
                                    RenderTableCell {TD} at (2,410) size 23x20 [border: (1px inset #808080)] [r=3 c=0 rs=1 cs=1]
                                      RenderText {#text} at (2,2) size 4x16
                                        text run at (2,2) width 4: "f"
                                    RenderTableCell {TD} at (27,410) size 23x20 [border: (1px inset #808080)] [r=3 c=1 rs=1 cs=1]
                                      RenderText {#text} at (2,2) size 8x16
                                        text run at (2,2) width 8: "g"
                                    RenderTableCell {TD} at (52,410) size 411x20 [border: (1px inset #808080)] [r=3 c=2 rs=1 cs=1]
                                      RenderText {#text} at (2,2) size 8x16
                                        text run at (2,2) width 8: "h"
                                    RenderTableCell {TD} at (465,410) size 23x20 [border: (1px inset #808080)] [r=3 c=3 rs=1 cs=1]
                                      RenderText {#text} at (2,2) size 3x16
                                        text run at (2,2) width 3: "i"
                                    RenderTableCell {TD} at (490,410) size 24x20 [border: (1px inset #808080)] [r=3 c=4 rs=1 cs=1]
                                      RenderText {#text} at (2,2) size 3x16
                                        text run at (2,2) width 3: "j"
                                  RenderTableRow {TR} at (0,432) size 516x20
                                    RenderTableCell {TD} at (2,432) size 23x20 [border: (1px inset #808080)] [r=4 c=0 rs=1 cs=1]
                                      RenderText {#text} at (2,2) size 7x16
                                        text run at (2,2) width 7: "k"
                                    RenderTableCell {TD} at (27,432) size 23x20 [border: (1px inset #808080)] [r=4 c=1 rs=1 cs=1]
                                      RenderText {#text} at (2,2) size 3x16
                                        text run at (2,2) width 3: "l"
                                    RenderTableCell {TD} at (52,432) size 411x20 [border: (1px inset #808080)] [r=4 c=2 rs=1 cs=1]
                                      RenderText {#text} at (2,2) size 11x16
                                        text run at (2,2) width 11: "m"
                                    RenderTableCell {TD} at (465,432) size 23x20 [border: (1px inset #808080)] [r=4 c=3 rs=1 cs=1]
                                      RenderText {#text} at (2,2) size 8x16
                                        text run at (2,2) width 8: "n"
                                    RenderTableCell {TD} at (490,432) size 24x20 [border: (1px inset #808080)] [r=4 c=4 rs=1 cs=1]
                                      RenderText {#text} at (2,2) size 8x16
                                        text run at (2,2) width 8: "o"
                              RenderBlock (anonymous) at (2,458) size 518x16
                                RenderText {#text} at (0,0) size 4x16
                                  text run at (0,0) width 4: " "
                            RenderTableCell {TD} at (550,230) size 23x20 [border: (1px inset #808080)] [r=0 c=2 rs=1 cs=1]
                              RenderText {#text} at (2,2) size 8x16
                                text run at (2,2) width 8: "3"
                          RenderTableRow {TR} at (0,480) size 575x20
                            RenderTableCell {TD} at (2,480) size 22x20 [border: (1px inset #808080)] [r=1 c=0 rs=1 cs=1]
                              RenderText {#text} at (2,2) size 8x16
                                text run at (2,2) width 8: "4"
                            RenderTableCell {TD} at (26,480) size 522x20 [border: (1px inset #808080)] [r=1 c=1 rs=1 cs=1]
                              RenderText {#text} at (2,2) size 8x16
                                text run at (2,2) width 8: "5"
                            RenderTableCell {TD} at (550,480) size 23x20 [border: (1px inset #808080)] [r=1 c=2 rs=1 cs=1]
                              RenderText {#text} at (2,2) size 8x16
                                text run at (2,2) width 8: "6"
                          RenderTableRow {TR} at (0,502) size 575x20
                            RenderTableCell {TD} at (2,502) size 22x20 [border: (1px inset #808080)] [r=2 c=0 rs=1 cs=1]
                              RenderText {#text} at (2,2) size 8x16
                                text run at (2,2) width 8: "7"
                            RenderTableCell {TD} at (26,502) size 522x20 [border: (1px inset #808080)] [r=2 c=1 rs=1 cs=1]
                              RenderText {#text} at (2,2) size 8x16
                                text run at (2,2) width 8: "8"
                            RenderTableCell {TD} at (550,502) size 23x20 [border: (1px inset #808080)] [r=2 c=2 rs=1 cs=1]
                              RenderText {#text} at (2,2) size 8x16
                                text run at (2,2) width 8: "9"
                      RenderBlock (anonymous) at (1,527) size 577x16
                        RenderText {#text} at (0,0) size 4x16
                          text run at (0,0) width 4: " "
                    RenderTableCell {TD} at (603,285) size 19x18 [r=1 c=2 rs=1 cs=1]
                      RenderText {#text} at (1,1) size 8x16
                        text run at (1,1) width 8: "6"
                  RenderTableRow {TR} at (0,568) size 624x18
                    RenderTableCell {TD} at (2,568) size 18x18 [r=2 c=0 rs=1 cs=1]
                      RenderText {#text} at (1,1) size 8x16
                        text run at (1,1) width 8: "7"
                    RenderTableCell {TD} at (22,568) size 579x18 [r=2 c=1 rs=1 cs=1]
                      RenderText {#text} at (1,1) size 8x16
                        text run at (1,1) width 8: "8"
                    RenderTableCell {TD} at (603,568) size 19x18 [r=2 c=2 rs=1 cs=1]
                      RenderText {#text} at (1,1) size 8x16
                        text run at (1,1) width 8: "9"
              RenderBlock (anonymous) at (2,590) size 624x16
                RenderText {#text} at (0,0) size 4x16
                  text run at (0,0) width 4: " "
            RenderTableCell {TD} at (632,340) size 73x20 [border: (1px inset #808080)] [r=2 c=1 rs=1 cs=1]
              RenderText {#text} at (2,2) size 8x16
                text run at (2,2) width 8: "8"
            RenderTableCell {TD} at (707,340) size 73x20 [border: (1px inset #808080)] [r=2 c=2 rs=1 cs=1]
              RenderText {#text} at (2,2) size 8x16
                text run at (2,2) width 8: "9"
