layer at (0,0) size 696x1303
  RenderView at (0,0) size 96x26
layer at (0,0) size 696x1303
  RenderBlock {HTML} at (0,0) size 96x1303
    RenderBody {BODY} at (8,8) size 80x1281 [bgcolor=#FFFFFF]
      RenderBlock {H1} at (0,0) size 80x128
        RenderText {#text} at (0,1) size 117x126
          text run at (0,1) width 117: "Example"
          text run at (0,33) width 25: "3:"
          text run at (0,65) width 76: "Basic"
          text run at (0,97) width 90: "Tables"
      RenderBlock {H2} at (0,146) size 80x120
        RenderText {#text} at (0,0) size 91x119
          text run at (0,0) width 70: "Simple"
          text run at (0,24) width 56: "table,"
          text run at (0,48) width 43: "75%"
          text run at (0,72) width 61: "width,"
          text run at (0,96) width 91: "border=1"
      RenderTable {TABLE} at (0,283) size 127x116 [border: (1px outset #808080)]
        RenderTableSection {TBODY} at (1,1) size 125x114
          RenderTableRow {TR} at (0,2) size 125x36
            RenderTableCell {TD} at (2,2) size 27x36 [bgcolor=#0000FF] [border: (1px inset #808080)] [r=0 c=0 rs=1 cs=1]
              RenderText {#text} at (2,2) size 21x32
                text run at (2,2) width 21: "cell"
                text run at (2,18) width 15: "bg"
            RenderTableCell {TD} at (31,10) size 44x20 [border: (1px inset #808080)] [r=0 c=1 rs=1 cs=1]
              RenderText {#text} at (2,2) size 27x16
                text run at (2,2) width 27: "Two"
            RenderTableCell {TD} at (77,10) size 46x20 [border: (1px inset #808080)] [r=0 c=2 rs=1 cs=1]
              RenderText {#text} at (2,2) size 38x16
                text run at (2,2) width 38: "Three"
          RenderTableRow {TR} at (0,40) size 125x20
            RenderTableCell {TD} at (2,40) size 27x20 [border: (1px inset #808080)] [r=1 c=0 rs=1 cs=1]
              RenderText {#text} at (2,2) size 19x16
                text run at (2,2) width 19: "left"
            RenderTableCell {TD} at (31,40) size 44x20 [border: (1px inset #808080)] [r=1 c=1 rs=1 cs=1]
              RenderText {#text} at (2,2) size 40x16
                text run at (2,2) width 40: "center"
            RenderTableCell {TD} at (77,40) size 46x20 [border: (1px inset #808080)] [r=1 c=2 rs=1 cs=1]
              RenderText {#text} at (16,2) size 28x16
                text run at (16,2) width 28: "right"
          RenderTableRow {TR} at (0,62) size 125x50 [bgcolor=#FFFF00]
            RenderTableCell {TD} at (2,69) size 27x36 [border: (1px inset #808080)] [r=2 c=0 rs=1 cs=1]
              RenderText {#text} at (2,2) size 23x32
                text run at (2,2) width 23: "row"
                text run at (2,18) width 15: "bg"
            RenderTableCell {TD} at (31,62) size 44x20 [border: (1px inset #808080)] [r=2 c=1 rs=1 cs=1]
              RenderText {#text} at (2,2) size 20x16
                text run at (2,2) width 20: "top"
            RenderTableCell {TD} at (77,92) size 46x20 [border: (1px inset #808080)] [r=2 c=2 rs=1 cs=1]
              RenderText {#text} at (2,2) size 42x16
                text run at (2,2) width 42: "bottom"
      RenderBlock {H2} at (0,416) size 80x144
        RenderText {#text} at (0,0) size 91x143
          text run at (0,0) width 44: "Row"
          text run at (0,24) width 58: "Span,"
          text run at (0,48) width 45: "auto"
          text run at (0,72) width 55: "width"
          text run at (0,96) width 56: "table,"
          text run at (0,120) width 91: "border=5"
      RenderTable {TABLE} at (0,577) size 134x258 [border: (5px outset #808080)]
        RenderTableSection {TBODY} at (5,5) size 124x248
          RenderTableRow {TR} at (0,2) size 124x20
            RenderTableCell {TD} at (2,2) size 52x68 [border: (1px inset #808080)] [r=0 c=0 rs=2 cs=1]
              RenderText {#text} at (2,2) size 48x64
                text run at (2,2) width 48: "c0r[0-1]"
                text run at (2,18) width 42: "Data 1"
                text run at (2,34) width 48: "span=2"
                text run at (2,50) width 30: "rows"
            RenderTableCell {TD} at (56,2) size 32x20 [border: (1px inset #808080)] [r=0 c=1 rs=1 cs=1]
              RenderText {#text} at (2,2) size 28x16
                text run at (2,2) width 28: "c0r0"
            RenderTableCell {TD} at (90,2) size 32x20 [border: (1px inset #808080)] [r=0 c=2 rs=1 cs=1]
              RenderText {#text} at (2,2) size 28x16
                text run at (2,2) width 28: "c1r0"
          RenderTableRow {TR} at (0,24) size 124x46
            RenderTableCell {TD} at (56,37) size 32x20 [border: (1px inset #808080)] [r=1 c=1 rs=1 cs=1]
              RenderText {#text} at (2,2) size 28x16
                text run at (2,2) width 28: "c0r1"
            RenderTableCell {TD} at (90,37) size 32x20 [border: (1px inset #808080)] [r=1 c=2 rs=1 cs=1]
              RenderText {#text} at (2,2) size 28x16
                text run at (2,2) width 28: "c1r1"
          RenderTableRow {TR} at (0,72) size 124x20
            RenderTableCell {TD} at (2,84) size 52x84 [border: (1px inset #808080)] [r=2 c=0 rs=5 cs=1]
              RenderText {#text} at (2,2) size 48x80
                text run at (2,2) width 36: "c0r[2-"
                text run at (2,18) width 45: "6],Data"
                text run at (2,34) width 8: "2"
                text run at (2,50) width 48: "span=5"
                text run at (2,66) width 30: "rows"
            RenderTableCell {TD} at (56,72) size 32x20 [border: (1px inset #808080)] [r=2 c=1 rs=1 cs=1]
              RenderText {#text} at (2,2) size 28x16
                text run at (2,2) width 28: "c0r2"
            RenderTableCell {TD} at (90,72) size 32x20 [border: (1px inset #808080)] [r=2 c=2 rs=1 cs=1]
              RenderText {#text} at (2,2) size 28x16
                text run at (2,2) width 28: "c1r2"
          RenderTableRow {TR} at (0,94) size 124x20
            RenderTableCell {TD} at (56,94) size 32x20 [border: (1px inset #808080)] [r=3 c=1 rs=1 cs=1]
              RenderText {#text} at (2,2) size 28x16
                text run at (2,2) width 28: "c0r3"
            RenderTableCell {TD} at (90,94) size 32x20 [border: (1px inset #808080)] [r=3 c=2 rs=1 cs=1]
              RenderText {#text} at (2,2) size 28x16
                text run at (2,2) width 28: "c1r3"
          RenderTableRow {TR} at (0,116) size 124x20
            RenderTableCell {TD} at (56,116) size 32x20 [border: (1px inset #808080)] [r=4 c=1 rs=1 cs=1]
              RenderText {#text} at (2,2) size 28x16
                text run at (2,2) width 28: "c0r4"
            RenderTableCell {TD} at (90,116) size 32x20 [border: (1px inset #808080)] [r=4 c=2 rs=1 cs=1]
              RenderText {#text} at (2,2) size 28x16
                text run at (2,2) width 28: "c1r4"
          RenderTableRow {TR} at (0,138) size 124x20
            RenderTableCell {TD} at (56,138) size 32x20 [border: (1px inset #808080)] [r=5 c=1 rs=1 cs=1]
              RenderText {#text} at (2,2) size 28x16
                text run at (2,2) width 28: "c0r5"
            RenderTableCell {TD} at (90,138) size 32x20 [border: (1px inset #808080)] [r=5 c=2 rs=1 cs=1]
              RenderText {#text} at (2,2) size 28x16
                text run at (2,2) width 28: "c1r5"
          RenderTableRow {TR} at (0,160) size 124x20
            RenderTableCell {TD} at (56,160) size 32x20 [border: (1px inset #808080)] [r=6 c=1 rs=1 cs=1]
              RenderText {#text} at (2,2) size 28x16
                text run at (2,2) width 28: "c0r6"
            RenderTableCell {TD} at (90,160) size 32x20 [border: (1px inset #808080)] [r=6 c=2 rs=1 cs=1]
              RenderText {#text} at (2,2) size 28x16
                text run at (2,2) width 28: "c1r6"
          RenderTableRow {TR} at (0,182) size 124x20
            RenderTableCell {TD} at (2,188) size 52x52 [border: (1px inset #808080)] [r=7 c=0 rs=3 cs=1]
              RenderText {#text} at (2,2) size 48x48
                text run at (2,2) width 48: "c0r[7-9]"
                text run at (2,18) width 48: "span=3"
                text run at (2,34) width 30: "rows"
            RenderTableCell {TD} at (56,182) size 32x20 [border: (1px inset #808080)] [r=7 c=1 rs=1 cs=1]
              RenderText {#text} at (2,2) size 28x16
                text run at (2,2) width 28: "c0r7"
            RenderTableCell {TD} at (90,182) size 32x20 [border: (1px inset #808080)] [r=7 c=2 rs=1 cs=1]
              RenderText {#text} at (2,2) size 28x16
                text run at (2,2) width 28: "c1r7"
          RenderTableRow {TR} at (0,204) size 124x20
            RenderTableCell {TD} at (56,204) size 32x20 [border: (1px inset #808080)] [r=8 c=1 rs=1 cs=1]
              RenderText {#text} at (2,2) size 28x16
                text run at (2,2) width 28: "c0r8"
            RenderTableCell {TD} at (90,204) size 32x20 [border: (1px inset #808080)] [r=8 c=2 rs=1 cs=1]
              RenderText {#text} at (2,2) size 28x16
                text run at (2,2) width 28: "c1r8"
          RenderTableRow {TR} at (0,226) size 124x20
            RenderTableCell {TD} at (56,226) size 32x20 [border: (1px inset #808080)] [r=9 c=1 rs=1 cs=1]
              RenderText {#text} at (2,2) size 28x16
                text run at (2,2) width 28: "c0r9"
            RenderTableCell {TD} at (90,226) size 32x20 [border: (1px inset #808080)] [r=9 c=2 rs=1 cs=1]
              RenderText {#text} at (2,2) size 28x16
                text run at (2,2) width 28: "c1r9"
      RenderBlock {H2} at (0,852) size 80x120
        RenderText {#text} at (0,0) size 55x119
          text run at (0,0) width 34: "Col"
          text run at (0,24) width 52: "Span"
          text run at (0,48) width 45: "auto"
          text run at (0,72) width 55: "width"
          text run at (0,96) width 50: "table"
      RenderTable {TABLE} at (0,989) size 688x86 [border: (1px outset #808080)]
        RenderTableSection {TBODY} at (1,1) size 686x84
          RenderTableRow {TR} at (0,2) size 686x20
            RenderTableCell {TD} at (2,2) size 270x20 [border: (1px inset #808080)] [r=0 c=0 rs=1 cs=8]
              RenderText {#text} at (2,2) size 103x16
                text run at (2,2) width 103: "r0c[0-7], span=8"
            RenderTableCell {TD} at (274,2) size 410x20 [border: (1px inset #808080)] [r=0 c=8 rs=1 cs=10]
              RenderText {#text} at (2,2) size 159x16
                text run at (2,2) width 159: "r0col[8-17], span=10 cols"
          RenderTableRow {TR} at (0,24) size 686x36
            RenderTableCell {TD} at (2,24) size 100x36 [border: (1px inset #808080)] [r=1 c=0 rs=1 cs=3]
              RenderText {#text} at (2,2) size 51x32
                text run at (2,2) width 51: "r1c[0-2],"
                text run at (2,18) width 48: "span=3"
            RenderTableCell {TD} at (104,32) size 168x20 [border: (1px inset #808080)] [r=1 c=3 rs=1 cs=5]
              RenderText {#text} at (2,2) size 103x16
                text run at (2,2) width 103: "r1c[3-7], span=5"
            RenderTableCell {TD} at (274,32) size 284x20 [border: (1px inset #808080)] [r=1 c=8 rs=1 cs=7]
              RenderText {#text} at (2,2) size 111x16
                text run at (2,2) width 111: "r1c[8-14], span=7"
            RenderTableCell {TD} at (560,32) size 124x20 [border: (1px inset #808080)] [r=1 c=15 rs=1 cs=3]
              RenderText {#text} at (2,2) size 119x16
                text run at (2,2) width 119: "r1c[15-17], span=3"
          RenderTableRow {TR} at (0,62) size 686x20
            RenderTableCell {TD} at (2,62) size 32x20 [border: (1px inset #808080)] [r=2 c=0 rs=1 cs=1]
              RenderText {#text} at (2,2) size 28x16
                text run at (2,2) width 28: "r2c0"
            RenderTableCell {TD} at (36,62) size 32x20 [border: (1px inset #808080)] [r=2 c=1 rs=1 cs=1]
              RenderText {#text} at (2,2) size 28x16
                text run at (2,2) width 28: "r2c1"
            RenderTableCell {TD} at (70,62) size 32x20 [border: (1px inset #808080)] [r=2 c=2 rs=1 cs=1]
              RenderText {#text} at (2,2) size 28x16
                text run at (2,2) width 28: "r2c3"
            RenderTableCell {TD} at (104,62) size 32x20 [border: (1px inset #808080)] [r=2 c=3 rs=1 cs=1]
              RenderText {#text} at (2,2) size 28x16
                text run at (2,2) width 28: "r2c4"
            RenderTableCell {TD} at (138,62) size 32x20 [border: (1px inset #808080)] [r=2 c=4 rs=1 cs=1]
              RenderText {#text} at (2,2) size 28x16
                text run at (2,2) width 28: "r2c5"
            RenderTableCell {TD} at (172,62) size 32x20 [border: (1px inset #808080)] [r=2 c=5 rs=1 cs=1]
              RenderText {#text} at (2,2) size 28x16
                text run at (2,2) width 28: "r2c6"
            RenderTableCell {TD} at (206,62) size 32x20 [border: (1px inset #808080)] [r=2 c=6 rs=1 cs=1]
              RenderText {#text} at (2,2) size 28x16
                text run at (2,2) width 28: "r2c7"
            RenderTableCell {TD} at (240,62) size 32x20 [border: (1px inset #808080)] [r=2 c=7 rs=1 cs=1]
              RenderText {#text} at (2,2) size 28x16
                text run at (2,2) width 28: "r2c8"
            RenderTableCell {TD} at (274,62) size 32x20 [border: (1px inset #808080)] [r=2 c=8 rs=1 cs=1]
              RenderText {#text} at (2,2) size 28x16
                text run at (2,2) width 28: "r2c9"
            RenderTableCell {TD} at (308,62) size 40x20 [border: (1px inset #808080)] [r=2 c=9 rs=1 cs=1]
              RenderText {#text} at (2,2) size 36x16
                text run at (2,2) width 36: "r2c10"
            RenderTableCell {TD} at (350,62) size 40x20 [border: (1px inset #808080)] [r=2 c=10 rs=1 cs=1]
              RenderText {#text} at (2,2) size 36x16
                text run at (2,2) width 36: "r2c11"
            RenderTableCell {TD} at (392,62) size 40x20 [border: (1px inset #808080)] [r=2 c=11 rs=1 cs=1]
              RenderText {#text} at (2,2) size 36x16
                text run at (2,2) width 36: "r2c12"
            RenderTableCell {TD} at (434,62) size 40x20 [border: (1px inset #808080)] [r=2 c=12 rs=1 cs=1]
              RenderText {#text} at (2,2) size 36x16
                text run at (2,2) width 36: "r2c13"
            RenderTableCell {TD} at (476,62) size 40x20 [border: (1px inset #808080)] [r=2 c=13 rs=1 cs=1]
              RenderText {#text} at (2,2) size 36x16
                text run at (2,2) width 36: "r2c14"
            RenderTableCell {TD} at (518,62) size 40x20 [border: (1px inset #808080)] [r=2 c=14 rs=1 cs=1]
              RenderText {#text} at (2,2) size 36x16
                text run at (2,2) width 36: "r2c15"
            RenderTableCell {TD} at (560,62) size 40x20 [border: (1px inset #808080)] [r=2 c=15 rs=1 cs=1]
              RenderText {#text} at (2,2) size 36x16
                text run at (2,2) width 36: "r2c16"
            RenderTableCell {TD} at (602,62) size 40x20 [border: (1px inset #808080)] [r=2 c=16 rs=1 cs=1]
              RenderText {#text} at (2,2) size 36x16
                text run at (2,2) width 36: "r2c17"
            RenderTableCell {TD} at (644,62) size 40x20 [border: (1px inset #808080)] [r=2 c=17 rs=1 cs=1]
              RenderText {#text} at (2,2) size 36x16
                text run at (2,2) width 36: "r2c18"
      RenderBlock {H2} at (0,1092) size 80x72
        RenderText {#text} at (0,0) size 78x71
          text run at (0,0) width 44: "Row"
          text run at (0,24) width 78: "and Col"
          text run at (0,48) width 52: "Span"
      RenderTable {TABLE} at (0,1181) size 140x70 [border: (1px outset #808080)]
        RenderTableSection {TBODY} at (1,1) size 138x68
          RenderTableRow {TR} at (0,2) size 138x20
            RenderTableCell {TD} at (2,5) size 66x36 [border: (1px inset #808080)] [r=0 c=0 rs=2 cs=2]
              RenderText {#text} at (2,2) size 56x32
                text run at (2,2) width 56: "r[0-2]c[0-"
                text run at (2,18) width 12: "1]"
            RenderTableCell {TD} at (70,2) size 32x20 [border: (1px inset #808080)] [r=0 c=2 rs=1 cs=1]
              RenderText {#text} at (2,2) size 28x16
                text run at (2,2) width 28: "r0c2"
            RenderTableCell {TD} at (104,2) size 32x20 [border: (1px inset #808080)] [r=0 c=3 rs=1 cs=1]
              RenderText {#text} at (2,2) size 28x16
                text run at (2,2) width 28: "r0c3"
          RenderTableRow {TR} at (0,24) size 138x20
            RenderTableCell {TD} at (70,24) size 32x20 [border: (1px inset #808080)] [r=1 c=2 rs=1 cs=1]
              RenderText {#text} at (2,2) size 28x16
                text run at (2,2) width 28: "r1c2"
            RenderTableCell {TD} at (104,24) size 32x20 [border: (1px inset #808080)] [r=1 c=3 rs=1 cs=1]
              RenderText {#text} at (2,2) size 28x16
                text run at (2,2) width 28: "r1c3"
          RenderTableRow {TR} at (0,46) size 138x20
            RenderTableCell {TD} at (2,46) size 32x20 [border: (1px inset #808080)] [r=2 c=0 rs=1 cs=1]
              RenderText {#text} at (2,2) size 28x16
                text run at (2,2) width 28: "r2c0"
            RenderTableCell {TD} at (36,46) size 32x20 [border: (1px inset #808080)] [r=2 c=1 rs=1 cs=1]
              RenderText {#text} at (2,2) size 28x16
                text run at (2,2) width 28: "r2c1"
            RenderTableCell {TD} at (70,46) size 32x20 [border: (1px inset #808080)] [r=2 c=2 rs=1 cs=1]
              RenderText {#text} at (2,2) size 28x16
                text run at (2,2) width 28: "r2c2"
            RenderTableCell {TD} at (104,46) size 32x20 [border: (1px inset #808080)] [r=2 c=3 rs=1 cs=1]
              RenderText {#text} at (2,2) size 28x16
                text run at (2,2) width 28: "r2c3"
      RenderBlock {P} at (0,1265) size 80x16
        RenderText {#text} at (0,0) size 4x16
          text run at (0,0) width 4: " "
