layer at (0,0) size 379x6083
  RenderView at (0,0) size 96x26
layer at (0,0) size 379x6083
  RenderBlock {HTML} at (0,0) size 96x6083
    RenderBody {BODY} at (8,8) size 80x6061 [bgcolor=#FFDEAD]
      RenderBlock {H1} at (0,0) size 80x256
        RenderInline {FONT} at (0,0) size 159x254 [color=#FF0000]
          RenderText {#text} at (0,1) size 159x94
            text run at (0,1) width 159: "Acceptance"
            text run at (0,33) width 58: "Test"
            text run at (0,65) width 68: "Case"
          RenderBR {BR} at (68,91) size 0x0
          RenderText {#text} at (0,97) size 122x158
            text run at (0,97) width 59: "Web"
            text run at (0,129) width 122: "Browser:"
            text run at (0,161) width 59: "Web"
            text run at (0,193) width 65: "View"
            text run at (0,225) width 95: "(HTML)"
      RenderBlock {P} at (0,274) size 80x96
        RenderInline {FONT} at (0,0) size 109x95 [color=#FF0000]
          RenderInline {B} at (0,0) size 109x95
            RenderText {#text} at (0,0) size 109x95
              text run at (0,0) width 63: "Table:"
              text run at (0,24) width 73: "<TH> &"
              text run at (0,48) width 52: "<TD>"
              text run at (0,72) width 109: "ROWSPAN"
        RenderText {#text} at (0,0) size 0x0
      RenderBlock {HR} at (0,384) size 80x2 [border: (1px inset #000000)]
      RenderBlock (anonymous) at (0,393) size 80x480
        RenderText {#text} at (0,0) size 73x80
          text run at (0,0) width 27: "This"
          text run at (0,16) width 73: "acceptance"
          text run at (0,32) width 57: "test case"
          text run at (0,48) width 54: "tests the"
          text run at (0,64) width 50: "optional"
        RenderInline {B} at (0,0) size 34x16
          RenderText {#text} at (0,80) size 34x16
            text run at (0,80) width 34: "<TH>"
        RenderText {#text} at (34,80) size 14x16
          text run at (34,80) width 14: " &"
        RenderInline {B} at (0,0) size 35x16
          RenderText {#text} at (0,96) size 35x16
            text run at (0,96) width 35: "<TD>"
        RenderText {#text} at (35,96) size 24x16
          text run at (35,96) width 24: " tag"
        RenderInline {B} at (0,0) size 78x16
          RenderText {#text} at (0,112) size 78x16
            text run at (0,112) width 78: "ROWSPAN"
        RenderText {#text} at (0,128) size 79x192
          text run at (0,128) width 50: "attribute"
          text run at (0,144) width 43: "which, "
          text run at (43,144) width 34: "when"
          text run at (0,160) width 69: "placed in a"
          text run at (0,176) width 79: "table header"
          text run at (0,192) width 72: "or data tag,"
          text run at (0,208) width 55: "specifies"
          text run at (0,224) width 64: "how many"
          text run at (0,240) width 54: "rows the"
          text run at (0,256) width 79: "table header"
          text run at (0,272) width 70: "or data cell"
          text run at (0,288) width 57: "will span."
          text run at (0,304) width 25: "The"
        RenderInline {B} at (0,0) size 78x16
          RenderText {#text} at (0,320) size 78x16
            text run at (0,320) width 78: "ROWSPAN"
        RenderText {#text} at (0,336) size 79x144
          text run at (0,336) width 64: "attribute is"
          text run at (0,352) width 55: "set to an"
          text run at (0,368) width 44: "integer"
          text run at (0,384) width 71: "value equal"
          text run at (0,400) width 70: "the number"
          text run at (0,416) width 70: "of rows the"
          text run at (0,432) width 79: "table header"
          text run at (0,448) width 70: "or data cell"
          text run at (0,464) width 41: "spans."
      RenderBlock {P} at (0,887) size 80x32
        RenderInline {B} at (0,0) size 89x32
          RenderText {#text} at (0,0) size 89x32
            text run at (0,0) width 29: "Test"
            text run at (0,16) width 89: "Instructions:"
        RenderText {#text} at (0,0) size 0x0
      RenderBlock {OL} at (0,933) size 80x1486
        RenderListItem {LI} at (40,0) size 40x224
          RenderListMarker at (-19,0) size 15x16: "1"
          RenderText {#text} at (0,0) size 55x224
            text run at (0,0) width 36: "Verify"
            text run at (0,16) width 24: "that"
            text run at (0,32) width 20: "the"
            text run at (0,48) width 45: "sample"
            text run at (0,64) width 23: "text"
            text run at (0,80) width 51: "displays"
            text run at (0,96) width 15: "as"
            text run at (0,112) width 39: "stated"
            text run at (0,128) width 11: "in"
            text run at (0,144) width 31: "each"
            text run at (0,160) width 36: "of the"
            text run at (0,176) width 55: "following"
            text run at (0,192) width 23: "test"
            text run at (0,208) width 40: "cases:"
        RenderBlock {P} at (40,238) size 40x402
          RenderTable {TABLE} at (0,0) size 132x402 [bgcolor=#F08080]
            RenderTableSection {TBODY} at (0,0) size 132x402
              RenderTableRow {TR} at (0,2) size 132x126
                RenderTableCell {TD} at (2,34) size 47x62 [r=0 c=0 rs=1 cs=1]
                  RenderInline {A} at (0,0) size 33x48 [color=#0000EE]
                    RenderText {#text} at (7,7) size 33x48
                      text run at (7,7) width 28: "Test"
                      text run at (7,23) width 33: "Case"
                      text run at (7,39) width 16: "#1"
                RenderTableCell {TD} at (51,2) size 79x126 [r=0 c=1 rs=1 cs=1]
                  RenderInline {FONT} at (0,0) size 65x112 [color=#0000FF]
                    RenderInline {B} at (0,0) size 65x112
                      RenderText {#text} at (7,7) size 65x112
                        text run at (7,7) width 34: "table"
                        text run at (7,23) width 28: "with"
                        text run at (7,39) width 48: "header"
                        text run at (7,55) width 32: "cells"
                        text run at (7,71) width 65: "spanning"
                        text run at (7,87) width 55: "multiple"
                        text run at (7,103) width 33: "rows"
              RenderTableRow {TR} at (0,130) size 132x110
                RenderTableCell {TD} at (2,154) size 47x62 [r=1 c=0 rs=1 cs=1]
                  RenderInline {A} at (0,0) size 33x48 [color=#0000EE]
                    RenderText {#text} at (7,7) size 33x48
                      text run at (7,7) width 28: "Test"
                      text run at (7,23) width 33: "Case"
                      text run at (7,39) width 16: "#2"
                RenderTableCell {TD} at (51,130) size 79x110 [r=1 c=1 rs=1 cs=1]
                  RenderInline {FONT} at (0,0) size 65x96 [color=#0000FF]
                    RenderInline {B} at (0,0) size 65x96
                      RenderText {#text} at (7,7) size 65x96
                        text run at (7,7) width 34: "table"
                        text run at (7,23) width 62: "with data"
                        text run at (7,39) width 32: "cells"
                        text run at (7,55) width 65: "spanning"
                        text run at (7,71) width 55: "multiple"
                        text run at (7,87) width 33: "rows"
              RenderTableRow {TR} at (0,242) size 132x158
                RenderTableCell {TD} at (2,290) size 47x62 [r=2 c=0 rs=1 cs=1]
                  RenderInline {A} at (0,0) size 33x48 [color=#0000EE]
                    RenderText {#text} at (7,7) size 33x48
                      text run at (7,7) width 28: "Test"
                      text run at (7,23) width 33: "Case"
                      text run at (7,39) width 16: "#3"
                RenderTableCell {TD} at (51,242) size 79x158 [r=2 c=1 rs=1 cs=1]
                  RenderInline {FONT} at (0,0) size 65x144 [color=#0000FF]
                    RenderInline {B} at (0,0) size 65x144
                      RenderText {#text} at (7,7) size 65x144
                        text run at (7,7) width 34: "table"
                        text run at (7,23) width 28: "with"
                        text run at (7,39) width 47: "nested"
                        text run at (7,55) width 63: "header &"
                        text run at (7,71) width 30: "data"
                        text run at (7,87) width 32: "cells"
                        text run at (7,103) width 65: "spanning"
                        text run at (7,119) width 55: "multiple"
                        text run at (7,135) width 33: "rows"
        RenderBlock {P} at (40,654) size 40x0
        RenderListItem {LI} at (40,654) size 40x176
          RenderListMarker at (-19,0) size 15x16: "2"
          RenderText {#text} at (0,0) size 69x128
            text run at (0,0) width 36: "Verify"
            text run at (0,16) width 24: "that"
            text run at (0,32) width 20: "the"
            text run at (0,48) width 30: "table"
            text run at (0,64) width 10: "is"
            text run at (0,80) width 69: "maintained"
            text run at (0,96) width 34: "when"
            text run at (0,112) width 22: "you"
          RenderInline {B} at (0,0) size 124x16
            RenderText {#text} at (0,128) size 124x16
              text run at (0,128) width 124: "minimize/maximize"
          RenderText {#text} at (0,144) size 46x32
            text run at (0,144) width 20: "the"
            text run at (0,160) width 46: "screen."
        RenderListItem {LI} at (40,830) size 40x224
          RenderListMarker at (-19,0) size 15x16: "3"
          RenderText {#text} at (0,0) size 69x128
            text run at (0,0) width 36: "Verify"
            text run at (0,16) width 24: "that"
            text run at (0,32) width 20: "the"
            text run at (0,48) width 30: "table"
            text run at (0,64) width 10: "is"
            text run at (0,80) width 69: "maintained"
            text run at (0,96) width 34: "when"
            text run at (0,112) width 22: "you"
          RenderInline {B} at (0,0) size 36x64
            RenderText {#text} at (0,128) size 36x64
              text run at (0,128) width 18: "re-"
              text run at (0,144) width 26: "size"
              text run at (0,160) width 36: "left &"
              text run at (0,176) width 33: "right"
          RenderText {#text} at (0,192) size 46x32
            text run at (0,192) width 20: "the"
            text run at (0,208) width 46: "screen."
        RenderListItem {LI} at (40,1054) size 40x224
          RenderListMarker at (-19,0) size 15x16: "4"
          RenderText {#text} at (0,0) size 69x128
            text run at (0,0) width 36: "Verify"
            text run at (0,16) width 24: "that"
            text run at (0,32) width 20: "the"
            text run at (0,48) width 30: "table"
            text run at (0,64) width 10: "is"
            text run at (0,80) width 69: "maintained"
            text run at (0,96) width 34: "when"
            text run at (0,112) width 22: "you"
          RenderInline {B} at (0,0) size 49x64
            RenderText {#text} at (0,128) size 49x64
              text run at (0,128) width 18: "re-"
              text run at (0,144) width 26: "size"
              text run at (0,160) width 38: "top &"
              text run at (0,176) width 49: "bottom"
          RenderText {#text} at (0,192) size 46x32
            text run at (0,192) width 20: "the"
            text run at (0,208) width 46: "screen."
        RenderListItem {LI} at (40,1278) size 40x160
          RenderListMarker at (-19,0) size 15x16: "5"
          RenderText {#text} at (0,0) size 69x160
            text run at (0,0) width 36: "Verify"
            text run at (0,16) width 17: "re-"
            text run at (0,32) width 31: "draw"
            text run at (0,48) width 34: "takes"
            text run at (0,64) width 34: "place"
            text run at (0,80) width 54: "correctly"
            text run at (0,96) width 29: "after"
            text run at (0,112) width 69: "maximizing"
            text run at (0,128) width 20: "the"
            text run at (0,144) width 46: "screen."
        RenderListItem {LI} at (40,1438) size 40x48
          RenderListMarker at (-19,0) size 15x16: "6"
          RenderText {#text} at (0,0) size 40x48
            text run at (0,0) width 36: "Verify"
            text run at (0,16) width 40: "reload"
            text run at (0,32) width 40: "works."
      RenderBlock {HR} at (0,2433) size 80x2 [border: (1px inset #000000)]
      RenderBlock {P} at (0,2449) size 80x147
        RenderTable {TABLE} at (0,0) size 125x147 [bgcolor=#F08080] [border: (1px outset #808080)]
          RenderTableSection {TBODY} at (1,1) size 123x145
            RenderTableRow {TR} at (0,2) size 123x141
              RenderTableCell {TH} at (2,2) size 119x141 [border: (1px inset #808080)] [r=0 c=0 rs=1 cs=1]
                RenderInline {A} at (0,0) size 0x0
                RenderText {#text} at (11,11) size 94x16
                  text run at (11,11) width 94: "Test Case #1:"
                RenderInline {FONT} at (0,0) size 92x64 [color=#0000FF]
                  RenderText {#text} at (11,27) size 92x64
                    text run at (11,27) width 66: "table with"
                    text run at (11,43) width 84: "header cells"
                    text run at (11,59) width 65: "spanning"
                    text run at (11,75) width 92: "multiple rows"
                RenderText {#text} at (0,0) size 0x0
                RenderInline {FONT} at (0,0) size 97x38
                  RenderInline {I} at (0,0) size 97x38
                    RenderText {#text} at (11,91) size 97x38
                      text run at (11,91) width 63: "(using &ltTH"
                      text run at (11,104) width 97: "ROWSPAN=integer"
                      text run at (11,117) width 58: "value> tag)"
                RenderText {#text} at (0,0) size 0x0
      RenderBlock {P} at (0,2610) size 80x764
        RenderBlock (anonymous) at (0,0) size 80x16
          RenderBR {BR} at (0,0) size 0x16
        RenderTable {TABLE} at (0,16) size 106x748 [bgcolor=#FFD700] [border: (1px outset #808080)]
          RenderTableSection {TBODY} at (1,1) size 104x746
            RenderTableRow {TR} at (0,2) size 104x742
              RenderTableCell {TD} at (2,2) size 100x742 [border: (1px inset #808080)] [r=0 c=0 rs=1 cs=1]
                RenderInline {FONT} at (0,0) size 78x720 [color=#FF0000]
                  RenderInline {B} at (0,0) size 78x720
                    RenderText {#text} at (11,11) size 76x96
                      text run at (11,11) width 39: "In the"
                      text run at (11,27) width 62: "following"
                      text run at (11,43) width 49: "sample"
                      text run at (11,59) width 64: "table you"
                      text run at (11,75) width 76: "should see"
                      text run at (11,91) width 53: "that the"
                    RenderInline {FONT} at (0,0) size 78x16 [color=#0000FF]
                      RenderText {#text} at (11,107) size 78x16
                        text run at (11,107) width 78: "ROWSPAN"
                    RenderText {#text} at (11,123) size 71x128
                      text run at (11,123) width 59: "attribute"
                      text run at (11,139) width 71: "applies an"
                      text run at (11,155) width 49: "integer"
                      text run at (11,171) width 37: "value"
                      text run at (11,187) width 56: "equal to"
                      text run at (11,203) width 22: "the"
                      text run at (11,219) width 70: "number of"
                      text run at (11,235) width 59: "rows the"
                    RenderInline {FONT} at (0,0) size 60x16 [color=#0000FF]
                      RenderText {#text} at (11,251) size 60x16
                        text run at (11,251) width 60: "HEADER"
                    RenderText {#text} at (11,267) size 78x464
                      text run at (11,267) width 58: "cell is to"
                      text run at (11,283) width 71: "span. This"
                      text run at (11,299) width 55: "tells the"
                      text run at (11,315) width 74: "browser to"
                      text run at (11,331) width 62: "make the"
                      text run at (11,347) width 34: "table"
                      text run at (11,363) width 76: "header cell"
                      text run at (11,379) width 77: "occupy the"
                      text run at (11,395) width 36: "same"
                      text run at (11,411) width 51: "vertical"
                      text run at (11,427) width 61: "space as"
                      text run at (11,443) width 75: "the integer"
                      text run at (11,459) width 70: "number of"
                      text run at (11,475) width 32: "cells"
                      text run at (11,491) width 62: "specified"
                      text run at (11,507) width 50: "in rows"
                      text run at (11,523) width 61: "above or"
                      text run at (11,539) width 57: "below it."
                      text run at (11,555) width 25: "The"
                      text run at (11,571) width 56: "browser"
                      text run at (11,587) width 61: "flows the"
                      text run at (11,603) width 78: "contents of"
                      text run at (11,619) width 22: "the"
                      text run at (11,635) width 65: "spanning"
                      text run at (11,651) width 42: "cell to"
                      text run at (11,667) width 77: "occupy the"
                      text run at (11,683) width 40: "entire"
                      text run at (11,699) width 60: "spanned"
                      text run at (11,715) width 45: "space."
                RenderInline {B} at (0,0) size 0x0
      RenderBlock {P} at (0,3388) size 80x32
        RenderBR {BR} at (0,0) size 0x16
        RenderBR {BR} at (0,16) size 0x16
      RenderBlock {UL} at (0,3434) size 80x400
        RenderTable {TABLE} at (40,0) size 277x400 [border: (1px outset #808080)]
          RenderBlock {CAPTION} at (0,0) size 275x16
            RenderText {#text} at (0,0) size 39x16
              text run at (0,0) width 39: "Table "
            RenderInline {B} at (0,0) size 88x16
              RenderText {#text} at (39,0) size 88x16
                text run at (39,0) width 88: "Header Cells"
            RenderText {#text} at (127,0) size 147x16
              text run at (127,0) width 147: " spanning multiple rows"
          RenderTableSection {TBODY} at (1,17) size 275x382
            RenderTableRow {TR} at (0,2) size 275x36
              RenderTableCell {TH} at (2,5) size 55x68 [bgcolor=#FFE4C4] [border: (1px inset #808080)] [r=0 c=0 rs=2 cs=1]
                RenderText {#text} at (3,2) size 49x32
                  text run at (3,2) width 49: "Header"
                  text run at (23,18) width 8: "1"
                RenderBR {BR} at (31,31) size 0x0
                RenderText {#text} at (2,34) size 51x32
                  text run at (2,34) width 51: "span=2"
                  text run at (11,50) width 33: "rows"
              RenderTableCell {TD} at (59,2) size 22x36 [bgcolor=#EE82EE] [border: (1px inset #808080)] [r=0 c=1 rs=1 cs=1]
                RenderText {#text} at (2,2) size 18x32
                  text run at (2,2) width 18: "col"
                  text run at (2,18) width 8: "1"
              RenderTableCell {TD} at (83,2) size 22x36 [bgcolor=#EE82EE] [border: (1px inset #808080)] [r=0 c=2 rs=1 cs=1]
                RenderText {#text} at (2,2) size 18x32
                  text run at (2,2) width 18: "col"
                  text run at (2,18) width 8: "2"
              RenderTableCell {TD} at (107,2) size 22x36 [bgcolor=#EE82EE] [border: (1px inset #808080)] [r=0 c=3 rs=1 cs=1]
                RenderText {#text} at (2,2) size 18x32
                  text run at (2,2) width 18: "col"
                  text run at (2,18) width 8: "3"
              RenderTableCell {TD} at (131,2) size 22x36 [bgcolor=#EE82EE] [border: (1px inset #808080)] [r=0 c=4 rs=1 cs=1]
                RenderText {#text} at (2,2) size 18x32
                  text run at (2,2) width 18: "col"
                  text run at (2,18) width 8: "4"
              RenderTableCell {TD} at (155,2) size 22x36 [bgcolor=#EE82EE] [border: (1px inset #808080)] [r=0 c=5 rs=1 cs=1]
                RenderText {#text} at (2,2) size 18x32
                  text run at (2,2) width 18: "col"
                  text run at (2,18) width 8: "5"
              RenderTableCell {TD} at (179,2) size 22x36 [bgcolor=#EE82EE] [border: (1px inset #808080)] [r=0 c=6 rs=1 cs=1]
                RenderText {#text} at (2,2) size 18x32
                  text run at (2,2) width 18: "col"
                  text run at (2,18) width 8: "6"
              RenderTableCell {TD} at (203,2) size 22x36 [bgcolor=#EE82EE] [border: (1px inset #808080)] [r=0 c=7 rs=1 cs=1]
                RenderText {#text} at (2,2) size 18x32
                  text run at (2,2) width 18: "col"
                  text run at (2,18) width 8: "7"
              RenderTableCell {TD} at (227,2) size 22x36 [bgcolor=#EE82EE] [border: (1px inset #808080)] [r=0 c=8 rs=1 cs=1]
                RenderText {#text} at (2,2) size 18x32
                  text run at (2,2) width 18: "col"
                  text run at (2,18) width 8: "8"
              RenderTableCell {TD} at (251,2) size 22x36 [bgcolor=#EE82EE] [border: (1px inset #808080)] [r=0 c=9 rs=1 cs=1]
                RenderText {#text} at (2,2) size 18x32
                  text run at (2,2) width 18: "col"
                  text run at (2,18) width 8: "9"
            RenderTableRow {TR} at (0,40) size 275x36
              RenderTableCell {TD} at (59,40) size 22x36 [bgcolor=#EE82EE] [border: (1px inset #808080)] [r=1 c=1 rs=1 cs=1]
                RenderText {#text} at (2,2) size 18x32
                  text run at (2,2) width 18: "col"
                  text run at (2,18) width 8: "1"
              RenderTableCell {TD} at (83,40) size 22x36 [bgcolor=#EE82EE] [border: (1px inset #808080)] [r=1 c=2 rs=1 cs=1]
                RenderText {#text} at (2,2) size 18x32
                  text run at (2,2) width 18: "col"
                  text run at (2,18) width 8: "2"
              RenderTableCell {TD} at (107,40) size 22x36 [bgcolor=#EE82EE] [border: (1px inset #808080)] [r=1 c=3 rs=1 cs=1]
                RenderText {#text} at (2,2) size 18x32
                  text run at (2,2) width 18: "col"
                  text run at (2,18) width 8: "3"
              RenderTableCell {TD} at (131,40) size 22x36 [bgcolor=#EE82EE] [border: (1px inset #808080)] [r=1 c=4 rs=1 cs=1]
                RenderText {#text} at (2,2) size 18x32
                  text run at (2,2) width 18: "col"
                  text run at (2,18) width 8: "4"
              RenderTableCell {TD} at (155,40) size 22x36 [bgcolor=#EE82EE] [border: (1px inset #808080)] [r=1 c=5 rs=1 cs=1]
                RenderText {#text} at (2,2) size 18x32
                  text run at (2,2) width 18: "col"
                  text run at (2,18) width 8: "5"
              RenderTableCell {TD} at (179,40) size 22x36 [bgcolor=#EE82EE] [border: (1px inset #808080)] [r=1 c=6 rs=1 cs=1]
                RenderText {#text} at (2,2) size 18x32
                  text run at (2,2) width 18: "col"
                  text run at (2,18) width 8: "6"
              RenderTableCell {TD} at (203,40) size 22x36 [bgcolor=#EE82EE] [border: (1px inset #808080)] [r=1 c=7 rs=1 cs=1]
                RenderText {#text} at (2,2) size 18x32
                  text run at (2,2) width 18: "col"
                  text run at (2,18) width 8: "7"
              RenderTableCell {TD} at (227,40) size 22x36 [bgcolor=#EE82EE] [border: (1px inset #808080)] [r=1 c=8 rs=1 cs=1]
                RenderText {#text} at (2,2) size 18x32
                  text run at (2,2) width 18: "col"
                  text run at (2,18) width 8: "8"
              RenderTableCell {TD} at (251,40) size 22x36 [bgcolor=#EE82EE] [border: (1px inset #808080)] [r=1 c=9 rs=1 cs=1]
                RenderText {#text} at (2,2) size 18x32
                  text run at (2,2) width 18: "col"
                  text run at (2,18) width 8: "9"
            RenderTableRow {TR} at (0,78) size 275x36
              RenderTableCell {TH} at (2,138) size 55x68 [bgcolor=#FFE4C4] [border: (1px inset #808080)] [r=2 c=0 rs=5 cs=1]
                RenderText {#text} at (3,2) size 49x32
                  text run at (3,2) width 49: "Header"
                  text run at (23,18) width 8: "2"
                RenderBR {BR} at (31,31) size 0x0
                RenderText {#text} at (2,34) size 51x32
                  text run at (2,34) width 51: "span=5"
                  text run at (11,50) width 33: "rows"
              RenderTableCell {TD} at (59,78) size 22x36 [bgcolor=#90EE90] [border: (1px inset #808080)] [r=2 c=1 rs=1 cs=1]
                RenderText {#text} at (2,2) size 18x32
                  text run at (2,2) width 18: "col"
                  text run at (2,18) width 8: "1"
              RenderTableCell {TD} at (83,78) size 22x36 [bgcolor=#90EE90] [border: (1px inset #808080)] [r=2 c=2 rs=1 cs=1]
                RenderText {#text} at (2,2) size 18x32
                  text run at (2,2) width 18: "col"
                  text run at (2,18) width 8: "2"
              RenderTableCell {TD} at (107,78) size 22x36 [bgcolor=#90EE90] [border: (1px inset #808080)] [r=2 c=3 rs=1 cs=1]
                RenderText {#text} at (2,2) size 18x32
                  text run at (2,2) width 18: "col"
                  text run at (2,18) width 8: "3"
              RenderTableCell {TD} at (131,78) size 22x36 [bgcolor=#90EE90] [border: (1px inset #808080)] [r=2 c=4 rs=1 cs=1]
                RenderText {#text} at (2,2) size 18x32
                  text run at (2,2) width 18: "col"
                  text run at (2,18) width 8: "4"
              RenderTableCell {TD} at (155,78) size 22x36 [bgcolor=#90EE90] [border: (1px inset #808080)] [r=2 c=5 rs=1 cs=1]
                RenderText {#text} at (2,2) size 18x32
                  text run at (2,2) width 18: "col"
                  text run at (2,18) width 8: "5"
              RenderTableCell {TD} at (179,78) size 22x36 [bgcolor=#90EE90] [border: (1px inset #808080)] [r=2 c=6 rs=1 cs=1]
                RenderText {#text} at (2,2) size 18x32
                  text run at (2,2) width 18: "col"
                  text run at (2,18) width 8: "6"
              RenderTableCell {TD} at (203,78) size 22x36 [bgcolor=#90EE90] [border: (1px inset #808080)] [r=2 c=7 rs=1 cs=1]
                RenderText {#text} at (2,2) size 18x32
                  text run at (2,2) width 18: "col"
                  text run at (2,18) width 8: "7"
              RenderTableCell {TD} at (227,78) size 22x36 [bgcolor=#90EE90] [border: (1px inset #808080)] [r=2 c=8 rs=1 cs=1]
                RenderText {#text} at (2,2) size 18x32
                  text run at (2,2) width 18: "col"
                  text run at (2,18) width 8: "8"
              RenderTableCell {TD} at (251,78) size 22x36 [bgcolor=#90EE90] [border: (1px inset #808080)] [r=2 c=9 rs=1 cs=1]
                RenderText {#text} at (2,2) size 18x32
                  text run at (2,2) width 18: "col"
                  text run at (2,18) width 8: "9"
            RenderTableRow {TR} at (0,116) size 275x36
              RenderTableCell {TD} at (59,116) size 22x36 [bgcolor=#90EE90] [border: (1px inset #808080)] [r=3 c=1 rs=1 cs=1]
                RenderText {#text} at (2,2) size 18x32
                  text run at (2,2) width 18: "col"
                  text run at (2,18) width 8: "1"
              RenderTableCell {TD} at (83,116) size 22x36 [bgcolor=#90EE90] [border: (1px inset #808080)] [r=3 c=2 rs=1 cs=1]
                RenderText {#text} at (2,2) size 18x32
                  text run at (2,2) width 18: "col"
                  text run at (2,18) width 8: "2"
              RenderTableCell {TD} at (107,116) size 22x36 [bgcolor=#90EE90] [border: (1px inset #808080)] [r=3 c=3 rs=1 cs=1]
                RenderText {#text} at (2,2) size 18x32
                  text run at (2,2) width 18: "col"
                  text run at (2,18) width 8: "3"
              RenderTableCell {TD} at (131,116) size 22x36 [bgcolor=#90EE90] [border: (1px inset #808080)] [r=3 c=4 rs=1 cs=1]
                RenderText {#text} at (2,2) size 18x32
                  text run at (2,2) width 18: "col"
                  text run at (2,18) width 8: "4"
              RenderTableCell {TD} at (155,116) size 22x36 [bgcolor=#90EE90] [border: (1px inset #808080)] [r=3 c=5 rs=1 cs=1]
                RenderText {#text} at (2,2) size 18x32
                  text run at (2,2) width 18: "col"
                  text run at (2,18) width 8: "5"
              RenderTableCell {TD} at (179,116) size 22x36 [bgcolor=#90EE90] [border: (1px inset #808080)] [r=3 c=6 rs=1 cs=1]
                RenderText {#text} at (2,2) size 18x32
                  text run at (2,2) width 18: "col"
                  text run at (2,18) width 8: "6"
              RenderTableCell {TD} at (203,116) size 22x36 [bgcolor=#90EE90] [border: (1px inset #808080)] [r=3 c=7 rs=1 cs=1]
                RenderText {#text} at (2,2) size 18x32
                  text run at (2,2) width 18: "col"
                  text run at (2,18) width 8: "7"
              RenderTableCell {TD} at (227,116) size 22x36 [bgcolor=#90EE90] [border: (1px inset #808080)] [r=3 c=8 rs=1 cs=1]
                RenderText {#text} at (2,2) size 18x32
                  text run at (2,2) width 18: "col"
                  text run at (2,18) width 8: "8"
              RenderTableCell {TD} at (251,116) size 22x36 [bgcolor=#90EE90] [border: (1px inset #808080)] [r=3 c=9 rs=1 cs=1]
                RenderText {#text} at (2,2) size 18x32
                  text run at (2,2) width 18: "col"
                  text run at (2,18) width 8: "9"
            RenderTableRow {TR} at (0,154) size 275x36 [bgcolor=#FFE4C4]
              RenderTableCell {TD} at (59,154) size 22x36 [bgcolor=#90EE90] [border: (1px inset #808080)] [r=4 c=1 rs=1 cs=1]
                RenderText {#text} at (2,2) size 18x32
                  text run at (2,2) width 18: "col"
                  text run at (2,18) width 8: "1"
              RenderTableCell {TD} at (83,154) size 22x36 [bgcolor=#90EE90] [border: (1px inset #808080)] [r=4 c=2 rs=1 cs=1]
                RenderText {#text} at (2,2) size 18x32
                  text run at (2,2) width 18: "col"
                  text run at (2,18) width 8: "2"
              RenderTableCell {TD} at (107,154) size 22x36 [bgcolor=#90EE90] [border: (1px inset #808080)] [r=4 c=3 rs=1 cs=1]
                RenderText {#text} at (2,2) size 18x32
                  text run at (2,2) width 18: "col"
                  text run at (2,18) width 8: "3"
              RenderTableCell {TD} at (131,154) size 22x36 [bgcolor=#90EE90] [border: (1px inset #808080)] [r=4 c=4 rs=1 cs=1]
                RenderText {#text} at (2,2) size 18x32
                  text run at (2,2) width 18: "col"
                  text run at (2,18) width 8: "4"
              RenderTableCell {TD} at (155,154) size 22x36 [bgcolor=#90EE90] [border: (1px inset #808080)] [r=4 c=5 rs=1 cs=1]
                RenderText {#text} at (2,2) size 18x32
                  text run at (2,2) width 18: "col"
                  text run at (2,18) width 8: "5"
              RenderTableCell {TD} at (179,154) size 22x36 [bgcolor=#90EE90] [border: (1px inset #808080)] [r=4 c=6 rs=1 cs=1]
                RenderText {#text} at (2,2) size 18x32
                  text run at (2,2) width 18: "col"
                  text run at (2,18) width 8: "6"
              RenderTableCell {TD} at (203,154) size 22x36 [bgcolor=#90EE90] [border: (1px inset #808080)] [r=4 c=7 rs=1 cs=1]
                RenderText {#text} at (2,2) size 18x32
                  text run at (2,2) width 18: "col"
                  text run at (2,18) width 8: "7"
              RenderTableCell {TD} at (227,154) size 22x36 [bgcolor=#90EE90] [border: (1px inset #808080)] [r=4 c=8 rs=1 cs=1]
                RenderText {#text} at (2,2) size 18x32
                  text run at (2,2) width 18: "col"
                  text run at (2,18) width 8: "8"
              RenderTableCell {TD} at (251,154) size 22x36 [bgcolor=#90EE90] [border: (1px inset #808080)] [r=4 c=9 rs=1 cs=1]
                RenderText {#text} at (2,2) size 18x32
                  text run at (2,2) width 18: "col"
                  text run at (2,18) width 8: "9"
            RenderTableRow {TR} at (0,192) size 275x36
              RenderTableCell {TD} at (59,192) size 22x36 [bgcolor=#90EE90] [border: (1px inset #808080)] [r=5 c=1 rs=1 cs=1]
                RenderText {#text} at (2,2) size 18x32
                  text run at (2,2) width 18: "col"
                  text run at (2,18) width 8: "1"
              RenderTableCell {TD} at (83,192) size 22x36 [bgcolor=#90EE90] [border: (1px inset #808080)] [r=5 c=2 rs=1 cs=1]
                RenderText {#text} at (2,2) size 18x32
                  text run at (2,2) width 18: "col"
                  text run at (2,18) width 8: "2"
              RenderTableCell {TD} at (107,192) size 22x36 [bgcolor=#90EE90] [border: (1px inset #808080)] [r=5 c=3 rs=1 cs=1]
                RenderText {#text} at (2,2) size 18x32
                  text run at (2,2) width 18: "col"
                  text run at (2,18) width 8: "3"
              RenderTableCell {TD} at (131,192) size 22x36 [bgcolor=#90EE90] [border: (1px inset #808080)] [r=5 c=4 rs=1 cs=1]
                RenderText {#text} at (2,2) size 18x32
                  text run at (2,2) width 18: "col"
                  text run at (2,18) width 8: "4"
              RenderTableCell {TD} at (155,192) size 22x36 [bgcolor=#90EE90] [border: (1px inset #808080)] [r=5 c=5 rs=1 cs=1]
                RenderText {#text} at (2,2) size 18x32
                  text run at (2,2) width 18: "col"
                  text run at (2,18) width 8: "5"
              RenderTableCell {TD} at (179,192) size 22x36 [bgcolor=#90EE90] [border: (1px inset #808080)] [r=5 c=6 rs=1 cs=1]
                RenderText {#text} at (2,2) size 18x32
                  text run at (2,2) width 18: "col"
                  text run at (2,18) width 8: "6"
              RenderTableCell {TD} at (203,192) size 22x36 [bgcolor=#90EE90] [border: (1px inset #808080)] [r=5 c=7 rs=1 cs=1]
                RenderText {#text} at (2,2) size 18x32
                  text run at (2,2) width 18: "col"
                  text run at (2,18) width 8: "7"
              RenderTableCell {TD} at (227,192) size 22x36 [bgcolor=#90EE90] [border: (1px inset #808080)] [r=5 c=8 rs=1 cs=1]
                RenderText {#text} at (2,2) size 18x32
                  text run at (2,2) width 18: "col"
                  text run at (2,18) width 8: "8"
              RenderTableCell {TD} at (251,192) size 22x36 [bgcolor=#90EE90] [border: (1px inset #808080)] [r=5 c=9 rs=1 cs=1]
                RenderText {#text} at (2,2) size 18x32
                  text run at (2,2) width 18: "col"
                  text run at (2,18) width 8: "9"
            RenderTableRow {TR} at (0,230) size 275x36
              RenderTableCell {TD} at (59,230) size 22x36 [bgcolor=#90EE90] [border: (1px inset #808080)] [r=6 c=1 rs=1 cs=1]
                RenderText {#text} at (2,2) size 18x32
                  text run at (2,2) width 18: "col"
                  text run at (2,18) width 8: "1"
              RenderTableCell {TD} at (83,230) size 22x36 [bgcolor=#90EE90] [border: (1px inset #808080)] [r=6 c=2 rs=1 cs=1]
                RenderText {#text} at (2,2) size 18x32
                  text run at (2,2) width 18: "col"
                  text run at (2,18) width 8: "2"
              RenderTableCell {TD} at (107,230) size 22x36 [bgcolor=#90EE90] [border: (1px inset #808080)] [r=6 c=3 rs=1 cs=1]
                RenderText {#text} at (2,2) size 18x32
                  text run at (2,2) width 18: "col"
                  text run at (2,18) width 8: "3"
              RenderTableCell {TD} at (131,230) size 22x36 [bgcolor=#90EE90] [border: (1px inset #808080)] [r=6 c=4 rs=1 cs=1]
                RenderText {#text} at (2,2) size 18x32
                  text run at (2,2) width 18: "col"
                  text run at (2,18) width 8: "4"
              RenderTableCell {TD} at (155,230) size 22x36 [bgcolor=#90EE90] [border: (1px inset #808080)] [r=6 c=5 rs=1 cs=1]
                RenderText {#text} at (2,2) size 18x32
                  text run at (2,2) width 18: "col"
                  text run at (2,18) width 8: "5"
              RenderTableCell {TD} at (179,230) size 22x36 [bgcolor=#90EE90] [border: (1px inset #808080)] [r=6 c=6 rs=1 cs=1]
                RenderText {#text} at (2,2) size 18x32
                  text run at (2,2) width 18: "col"
                  text run at (2,18) width 8: "6"
              RenderTableCell {TD} at (203,230) size 22x36 [bgcolor=#90EE90] [border: (1px inset #808080)] [r=6 c=7 rs=1 cs=1]
                RenderText {#text} at (2,2) size 18x32
                  text run at (2,2) width 18: "col"
                  text run at (2,18) width 8: "7"
              RenderTableCell {TD} at (227,230) size 22x36 [bgcolor=#90EE90] [border: (1px inset #808080)] [r=6 c=8 rs=1 cs=1]
                RenderText {#text} at (2,2) size 18x32
                  text run at (2,2) width 18: "col"
                  text run at (2,18) width 8: "8"
              RenderTableCell {TD} at (251,230) size 22x36 [bgcolor=#90EE90] [border: (1px inset #808080)] [r=6 c=9 rs=1 cs=1]
                RenderText {#text} at (2,2) size 18x32
                  text run at (2,2) width 18: "col"
                  text run at (2,18) width 8: "9"
            RenderTableRow {TR} at (0,268) size 275x36
              RenderTableCell {TH} at (2,290) size 55x68 [bgcolor=#FFE4C4] [border: (1px inset #808080)] [r=7 c=0 rs=3 cs=1]
                RenderText {#text} at (3,2) size 49x32
                  text run at (3,2) width 49: "Header"
                  text run at (23,18) width 8: "3"
                RenderBR {BR} at (31,31) size 0x0
                RenderText {#text} at (2,34) size 51x32
                  text run at (2,34) width 51: "span=3"
                  text run at (11,50) width 33: "rows"
              RenderTableCell {TD} at (59,268) size 22x36 [bgcolor=#ADD8E6] [border: (1px inset #808080)] [r=7 c=1 rs=1 cs=1]
                RenderText {#text} at (2,2) size 18x32
                  text run at (2,2) width 18: "col"
                  text run at (2,18) width 8: "1"
              RenderTableCell {TD} at (83,268) size 22x36 [bgcolor=#ADD8E6] [border: (1px inset #808080)] [r=7 c=2 rs=1 cs=1]
                RenderText {#text} at (2,2) size 18x32
                  text run at (2,2) width 18: "col"
                  text run at (2,18) width 8: "2"
              RenderTableCell {TD} at (107,268) size 22x36 [bgcolor=#ADD8E6] [border: (1px inset #808080)] [r=7 c=3 rs=1 cs=1]
                RenderText {#text} at (2,2) size 18x32
                  text run at (2,2) width 18: "col"
                  text run at (2,18) width 8: "3"
              RenderTableCell {TD} at (131,268) size 22x36 [bgcolor=#ADD8E6] [border: (1px inset #808080)] [r=7 c=4 rs=1 cs=1]
                RenderText {#text} at (2,2) size 18x32
                  text run at (2,2) width 18: "col"
                  text run at (2,18) width 8: "4"
              RenderTableCell {TD} at (155,268) size 22x36 [bgcolor=#ADD8E6] [border: (1px inset #808080)] [r=7 c=5 rs=1 cs=1]
                RenderText {#text} at (2,2) size 18x32
                  text run at (2,2) width 18: "col"
                  text run at (2,18) width 8: "5"
              RenderTableCell {TD} at (179,268) size 22x36 [bgcolor=#ADD8E6] [border: (1px inset #808080)] [r=7 c=6 rs=1 cs=1]
                RenderText {#text} at (2,2) size 18x32
                  text run at (2,2) width 18: "col"
                  text run at (2,18) width 8: "6"
              RenderTableCell {TD} at (203,268) size 22x36 [bgcolor=#ADD8E6] [border: (1px inset #808080)] [r=7 c=7 rs=1 cs=1]
                RenderText {#text} at (2,2) size 18x32
                  text run at (2,2) width 18: "col"
                  text run at (2,18) width 8: "7"
              RenderTableCell {TD} at (227,268) size 22x36 [bgcolor=#ADD8E6] [border: (1px inset #808080)] [r=7 c=8 rs=1 cs=1]
                RenderText {#text} at (2,2) size 18x32
                  text run at (2,2) width 18: "col"
                  text run at (2,18) width 8: "8"
              RenderTableCell {TD} at (251,268) size 22x36 [bgcolor=#ADD8E6] [border: (1px inset #808080)] [r=7 c=9 rs=1 cs=1]
                RenderText {#text} at (2,2) size 18x32
                  text run at (2,2) width 18: "col"
                  text run at (2,18) width 8: "9"
            RenderTableRow {TR} at (0,306) size 275x36
              RenderTableCell {TD} at (59,306) size 22x36 [bgcolor=#ADD8E6] [border: (1px inset #808080)] [r=8 c=1 rs=1 cs=1]
                RenderText {#text} at (2,2) size 18x32
                  text run at (2,2) width 18: "col"
                  text run at (2,18) width 8: "1"
              RenderTableCell {TD} at (83,306) size 22x36 [bgcolor=#ADD8E6] [border: (1px inset #808080)] [r=8 c=2 rs=1 cs=1]
                RenderText {#text} at (2,2) size 18x32
                  text run at (2,2) width 18: "col"
                  text run at (2,18) width 8: "2"
              RenderTableCell {TD} at (107,306) size 22x36 [bgcolor=#ADD8E6] [border: (1px inset #808080)] [r=8 c=3 rs=1 cs=1]
                RenderText {#text} at (2,2) size 18x32
                  text run at (2,2) width 18: "col"
                  text run at (2,18) width 8: "3"
              RenderTableCell {TD} at (131,306) size 22x36 [bgcolor=#ADD8E6] [border: (1px inset #808080)] [r=8 c=4 rs=1 cs=1]
                RenderText {#text} at (2,2) size 18x32
                  text run at (2,2) width 18: "col"
                  text run at (2,18) width 8: "4"
              RenderTableCell {TD} at (155,306) size 22x36 [bgcolor=#ADD8E6] [border: (1px inset #808080)] [r=8 c=5 rs=1 cs=1]
                RenderText {#text} at (2,2) size 18x32
                  text run at (2,2) width 18: "col"
                  text run at (2,18) width 8: "5"
              RenderTableCell {TD} at (179,306) size 22x36 [bgcolor=#ADD8E6] [border: (1px inset #808080)] [r=8 c=6 rs=1 cs=1]
                RenderText {#text} at (2,2) size 18x32
                  text run at (2,2) width 18: "col"
                  text run at (2,18) width 8: "6"
              RenderTableCell {TD} at (203,306) size 22x36 [bgcolor=#ADD8E6] [border: (1px inset #808080)] [r=8 c=7 rs=1 cs=1]
                RenderText {#text} at (2,2) size 18x32
                  text run at (2,2) width 18: "col"
                  text run at (2,18) width 8: "7"
              RenderTableCell {TD} at (227,306) size 22x36 [bgcolor=#ADD8E6] [border: (1px inset #808080)] [r=8 c=8 rs=1 cs=1]
                RenderText {#text} at (2,2) size 18x32
                  text run at (2,2) width 18: "col"
                  text run at (2,18) width 8: "8"
              RenderTableCell {TD} at (251,306) size 22x36 [bgcolor=#ADD8E6] [border: (1px inset #808080)] [r=8 c=9 rs=1 cs=1]
                RenderText {#text} at (2,2) size 18x32
                  text run at (2,2) width 18: "col"
                  text run at (2,18) width 8: "9"
            RenderTableRow {TR} at (0,344) size 275x36
              RenderTableCell {TD} at (59,344) size 22x36 [bgcolor=#ADD8E6] [border: (1px inset #808080)] [r=9 c=1 rs=1 cs=1]
                RenderText {#text} at (2,2) size 18x32
                  text run at (2,2) width 18: "col"
                  text run at (2,18) width 8: "1"
              RenderTableCell {TD} at (83,344) size 22x36 [bgcolor=#ADD8E6] [border: (1px inset #808080)] [r=9 c=2 rs=1 cs=1]
                RenderText {#text} at (2,2) size 18x32
                  text run at (2,2) width 18: "col"
                  text run at (2,18) width 8: "2"
              RenderTableCell {TD} at (107,344) size 22x36 [bgcolor=#ADD8E6] [border: (1px inset #808080)] [r=9 c=3 rs=1 cs=1]
                RenderText {#text} at (2,2) size 18x32
                  text run at (2,2) width 18: "col"
                  text run at (2,18) width 8: "3"
              RenderTableCell {TD} at (131,344) size 22x36 [bgcolor=#ADD8E6] [border: (1px inset #808080)] [r=9 c=4 rs=1 cs=1]
                RenderText {#text} at (2,2) size 18x32
                  text run at (2,2) width 18: "col"
                  text run at (2,18) width 8: "4"
              RenderTableCell {TD} at (155,344) size 22x36 [bgcolor=#ADD8E6] [border: (1px inset #808080)] [r=9 c=5 rs=1 cs=1]
                RenderText {#text} at (2,2) size 18x32
                  text run at (2,2) width 18: "col"
                  text run at (2,18) width 8: "5"
              RenderTableCell {TD} at (179,344) size 22x36 [bgcolor=#ADD8E6] [border: (1px inset #808080)] [r=9 c=6 rs=1 cs=1]
                RenderText {#text} at (2,2) size 18x32
                  text run at (2,2) width 18: "col"
                  text run at (2,18) width 8: "6"
              RenderTableCell {TD} at (203,344) size 22x36 [bgcolor=#ADD8E6] [border: (1px inset #808080)] [r=9 c=7 rs=1 cs=1]
                RenderText {#text} at (2,2) size 18x32
                  text run at (2,2) width 18: "col"
                  text run at (2,18) width 8: "7"
              RenderTableCell {TD} at (227,344) size 22x36 [bgcolor=#ADD8E6] [border: (1px inset #808080)] [r=9 c=8 rs=1 cs=1]
                RenderText {#text} at (2,2) size 18x32
                  text run at (2,2) width 18: "col"
                  text run at (2,18) width 8: "8"
              RenderTableCell {TD} at (251,344) size 22x36 [bgcolor=#ADD8E6] [border: (1px inset #808080)] [r=9 c=9 rs=1 cs=1]
                RenderText {#text} at (2,2) size 18x32
                  text run at (2,2) width 18: "col"
                  text run at (2,18) width 8: "9"
      RenderBlock {P} at (0,3848) size 80x0
      RenderBlock {HR} at (0,3848) size 80x2 [border: (1px inset #000000)]
      RenderBlock {P} at (0,3864) size 80x147
        RenderTable {TABLE} at (0,0) size 125x147 [bgcolor=#F08080] [border: (1px outset #808080)]
          RenderTableSection {TBODY} at (1,1) size 123x145
            RenderTableRow {TR} at (0,2) size 123x141
              RenderTableCell {TH} at (2,2) size 119x141 [border: (1px inset #808080)] [r=0 c=0 rs=1 cs=1]
                RenderInline {A} at (0,0) size 0x0
                RenderText {#text} at (11,11) size 94x16
                  text run at (11,11) width 94: "Test Case #2:"
                RenderInline {FONT} at (0,0) size 92x64 [color=#0000FF]
                  RenderText {#text} at (11,27) size 92x64
                    text run at (11,27) width 66: "table with"
                    text run at (11,43) width 66: "data cells"
                    text run at (11,59) width 65: "spanning"
                    text run at (11,75) width 92: "multiple rows"
                RenderText {#text} at (0,0) size 0x0
                RenderInline {FONT} at (0,0) size 97x38
                  RenderInline {I} at (0,0) size 97x38
                    RenderText {#text} at (11,91) size 97x38
                      text run at (11,91) width 64: "(using &ltTD"
                      text run at (11,104) width 97: "ROWSPAN=integer"
                      text run at (11,117) width 58: "value> tag)"
                RenderText {#text} at (0,0) size 0x0
      RenderBlock {P} at (0,4025) size 80x764
        RenderBlock (anonymous) at (0,0) size 80x16
          RenderBR {BR} at (0,0) size 0x16
        RenderTable {TABLE} at (0,16) size 106x748 [bgcolor=#FFD700] [border: (1px outset #808080)]
          RenderTableSection {TBODY} at (1,1) size 104x746
            RenderTableRow {TR} at (0,2) size 104x742
              RenderTableCell {TD} at (2,2) size 100x742 [border: (1px inset #808080)] [r=0 c=0 rs=1 cs=1]
                RenderInline {FONT} at (0,0) size 78x720 [color=#FF0000]
                  RenderInline {B} at (0,0) size 78x720
                    RenderText {#text} at (11,11) size 76x96
                      text run at (11,11) width 39: "In the"
                      text run at (11,27) width 62: "following"
                      text run at (11,43) width 49: "sample"
                      text run at (11,59) width 64: "table you"
                      text run at (11,75) width 76: "should see"
                      text run at (11,91) width 53: "that the"
                    RenderInline {FONT} at (0,0) size 78x16 [color=#0000FF]
                      RenderText {#text} at (11,107) size 78x16
                        text run at (11,107) width 78: "ROWSPAN"
                    RenderText {#text} at (11,123) size 71x128
                      text run at (11,123) width 59: "attribute"
                      text run at (11,139) width 71: "applies an"
                      text run at (11,155) width 49: "integer"
                      text run at (11,171) width 37: "value"
                      text run at (11,187) width 56: "equal to"
                      text run at (11,203) width 22: "the"
                      text run at (11,219) width 70: "number of"
                      text run at (11,235) width 59: "rows the"
                    RenderInline {FONT} at (0,0) size 39x16 [color=#0000FF]
                      RenderText {#text} at (11,251) size 39x16
                        text run at (11,251) width 39: "DATA"
                    RenderText {#text} at (50,251) size 78x480
                      text run at (50,251) width 28: " cell"
                      text run at (11,267) width 72: "is to span."
                      text run at (11,283) width 33: "This "
                      text run at (44,283) width 29: "tells"
                      text run at (11,299) width 22: "the"
                      text run at (11,315) width 74: "browser to"
                      text run at (11,331) width 62: "make the"
                      text run at (11,347) width 68: "table data"
                      text run at (11,363) width 24: "cell"
                      text run at (11,379) width 77: "occupy the"
                      text run at (11,395) width 36: "same"
                      text run at (11,411) width 51: "vertical"
                      text run at (11,427) width 61: "space as"
                      text run at (11,443) width 75: "the integer"
                      text run at (11,459) width 70: "number of"
                      text run at (11,475) width 32: "cells"
                      text run at (11,491) width 62: "specified"
                      text run at (11,507) width 50: "in rows"
                      text run at (11,523) width 61: "above or"
                      text run at (11,539) width 57: "below it."
                      text run at (11,555) width 25: "The"
                      text run at (11,571) width 56: "browser"
                      text run at (11,587) width 61: "flows the"
                      text run at (11,603) width 78: "contents of"
                      text run at (11,619) width 22: "the"
                      text run at (11,635) width 65: "spanning"
                      text run at (11,651) width 42: "cell to"
                      text run at (11,667) width 77: "occupy the"
                      text run at (11,683) width 40: "entire"
                      text run at (11,699) width 60: "spanned"
                      text run at (11,715) width 45: "space."
                RenderInline {B} at (0,0) size 0x0
      RenderBlock {P} at (0,4803) size 80x32
        RenderBR {BR} at (0,0) size 0x16
        RenderBR {BR} at (0,16) size 0x16
      RenderBlock {UL} at (0,4849) size 80x400
        RenderTable {TABLE} at (40,0) size 315x400 [border: (1px outset #808080)]
          RenderBlock {CAPTION} at (0,0) size 313x16
            RenderText {#text} at (28,0) size 39x16
              text run at (28,0) width 39: "Table "
            RenderInline {B} at (0,0) size 71x16
              RenderText {#text} at (67,0) size 71x16
                text run at (67,0) width 71: "Data Cells"
            RenderText {#text} at (138,0) size 147x16
              text run at (138,0) width 147: " spanning multiple rows"
          RenderTableSection {TBODY} at (1,17) size 313x382
            RenderTableRow {TR} at (0,2) size 313x36
              RenderTableCell {TH} at (2,10) size 39x20 [bgcolor=#EE82EE] [border: (1px inset #808080)] [r=0 c=0 rs=1 cs=1]
                RenderText {#text} at (2,2) size 35x16
                  text run at (2,2) width 35: "Head"
              RenderTableCell {TD} at (43,13) size 52x52 [bgcolor=#FFFACD] [border: (1px inset #808080)] [r=0 c=1 rs=2 cs=1]
                RenderText {#text} at (2,2) size 42x16
                  text run at (2,2) width 42: "Data 1"
                RenderBR {BR} at (44,15) size 0x0
                RenderText {#text} at (2,18) size 48x32
                  text run at (2,18) width 48: "span=2"
                  text run at (2,34) width 30: "rows"
              RenderTableCell {TD} at (97,2) size 22x36 [bgcolor=#EE82EE] [border: (1px inset #808080)] [r=0 c=2 rs=1 cs=1]
                RenderText {#text} at (2,2) size 18x32
                  text run at (2,2) width 18: "col"
                  text run at (2,18) width 8: "1"
              RenderTableCell {TD} at (121,2) size 22x36 [bgcolor=#EE82EE] [border: (1px inset #808080)] [r=0 c=3 rs=1 cs=1]
                RenderText {#text} at (2,2) size 18x32
                  text run at (2,2) width 18: "col"
                  text run at (2,18) width 8: "2"
              RenderTableCell {TD} at (145,2) size 22x36 [bgcolor=#EE82EE] [border: (1px inset #808080)] [r=0 c=4 rs=1 cs=1]
                RenderText {#text} at (2,2) size 18x32
                  text run at (2,2) width 18: "col"
                  text run at (2,18) width 8: "3"
              RenderTableCell {TD} at (169,2) size 22x36 [bgcolor=#EE82EE] [border: (1px inset #808080)] [r=0 c=5 rs=1 cs=1]
                RenderText {#text} at (2,2) size 18x32
                  text run at (2,2) width 18: "col"
                  text run at (2,18) width 8: "4"
              RenderTableCell {TD} at (193,2) size 22x36 [bgcolor=#EE82EE] [border: (1px inset #808080)] [r=0 c=6 rs=1 cs=1]
                RenderText {#text} at (2,2) size 18x32
                  text run at (2,2) width 18: "col"
                  text run at (2,18) width 8: "5"
              RenderTableCell {TD} at (217,2) size 22x36 [bgcolor=#EE82EE] [border: (1px inset #808080)] [r=0 c=7 rs=1 cs=1]
                RenderText {#text} at (2,2) size 18x32
                  text run at (2,2) width 18: "col"
                  text run at (2,18) width 8: "6"
              RenderTableCell {TD} at (241,2) size 22x36 [bgcolor=#EE82EE] [border: (1px inset #808080)] [r=0 c=8 rs=1 cs=1]
                RenderText {#text} at (2,2) size 18x32
                  text run at (2,2) width 18: "col"
                  text run at (2,18) width 8: "7"
              RenderTableCell {TD} at (265,2) size 22x36 [bgcolor=#EE82EE] [border: (1px inset #808080)] [r=0 c=9 rs=1 cs=1]
                RenderText {#text} at (2,2) size 18x32
                  text run at (2,2) width 18: "col"
                  text run at (2,18) width 8: "8"
              RenderTableCell {TD} at (289,2) size 22x36 [bgcolor=#EE82EE] [border: (1px inset #808080)] [r=0 c=10 rs=1 cs=1]
                RenderText {#text} at (2,2) size 18x32
                  text run at (2,2) width 18: "col"
                  text run at (2,18) width 8: "9"
            RenderTableRow {TR} at (0,40) size 313x36
              RenderTableCell {TH} at (2,48) size 39x20 [bgcolor=#EE82EE] [border: (1px inset #808080)] [r=1 c=0 rs=1 cs=1]
                RenderText {#text} at (2,2) size 35x16
                  text run at (2,2) width 35: "Head"
              RenderTableCell {TD} at (97,40) size 22x36 [bgcolor=#EE82EE] [border: (1px inset #808080)] [r=1 c=2 rs=1 cs=1]
                RenderText {#text} at (2,2) size 18x32
                  text run at (2,2) width 18: "col"
                  text run at (2,18) width 8: "1"
              RenderTableCell {TD} at (121,40) size 22x36 [bgcolor=#EE82EE] [border: (1px inset #808080)] [r=1 c=3 rs=1 cs=1]
                RenderText {#text} at (2,2) size 18x32
                  text run at (2,2) width 18: "col"
                  text run at (2,18) width 8: "2"
              RenderTableCell {TD} at (145,40) size 22x36 [bgcolor=#EE82EE] [border: (1px inset #808080)] [r=1 c=4 rs=1 cs=1]
                RenderText {#text} at (2,2) size 18x32
                  text run at (2,2) width 18: "col"
                  text run at (2,18) width 8: "3"
              RenderTableCell {TD} at (169,40) size 22x36 [bgcolor=#EE82EE] [border: (1px inset #808080)] [r=1 c=5 rs=1 cs=1]
                RenderText {#text} at (2,2) size 18x32
                  text run at (2,2) width 18: "col"
                  text run at (2,18) width 8: "4"
              RenderTableCell {TD} at (193,40) size 22x36 [bgcolor=#EE82EE] [border: (1px inset #808080)] [r=1 c=6 rs=1 cs=1]
                RenderText {#text} at (2,2) size 18x32
                  text run at (2,2) width 18: "col"
                  text run at (2,18) width 8: "5"
              RenderTableCell {TD} at (217,40) size 22x36 [bgcolor=#EE82EE] [border: (1px inset #808080)] [r=1 c=7 rs=1 cs=1]
                RenderText {#text} at (2,2) size 18x32
                  text run at (2,2) width 18: "col"
                  text run at (2,18) width 8: "6"
              RenderTableCell {TD} at (241,40) size 22x36 [bgcolor=#EE82EE] [border: (1px inset #808080)] [r=1 c=8 rs=1 cs=1]
                RenderText {#text} at (2,2) size 18x32
                  text run at (2,2) width 18: "col"
                  text run at (2,18) width 8: "7"
              RenderTableCell {TD} at (265,40) size 22x36 [bgcolor=#EE82EE] [border: (1px inset #808080)] [r=1 c=9 rs=1 cs=1]
                RenderText {#text} at (2,2) size 18x32
                  text run at (2,2) width 18: "col"
                  text run at (2,18) width 8: "8"
              RenderTableCell {TD} at (289,40) size 22x36 [bgcolor=#EE82EE] [border: (1px inset #808080)] [r=1 c=10 rs=1 cs=1]
                RenderText {#text} at (2,2) size 18x32
                  text run at (2,2) width 18: "col"
                  text run at (2,18) width 8: "9"
            RenderTableRow {TR} at (0,78) size 313x36
              RenderTableCell {TH} at (2,86) size 39x20 [bgcolor=#90EE90] [border: (1px inset #808080)] [r=2 c=0 rs=1 cs=1]
                RenderText {#text} at (2,2) size 35x16
                  text run at (2,2) width 35: "Head"
              RenderTableCell {TD} at (43,146) size 52x52 [bgcolor=#FFFACD] [border: (1px inset #808080)] [r=2 c=1 rs=5 cs=1]
                RenderText {#text} at (2,2) size 42x16
                  text run at (2,2) width 42: "Data 2"
                RenderBR {BR} at (44,15) size 0x0
                RenderText {#text} at (2,18) size 48x32
                  text run at (2,18) width 48: "span=5"
                  text run at (2,34) width 30: "rows"
              RenderTableCell {TD} at (97,78) size 22x36 [bgcolor=#90EE90] [border: (1px inset #808080)] [r=2 c=2 rs=1 cs=1]
                RenderText {#text} at (2,2) size 18x32
                  text run at (2,2) width 18: "col"
                  text run at (2,18) width 8: "1"
              RenderTableCell {TD} at (121,78) size 22x36 [bgcolor=#90EE90] [border: (1px inset #808080)] [r=2 c=3 rs=1 cs=1]
                RenderText {#text} at (2,2) size 18x32
                  text run at (2,2) width 18: "col"
                  text run at (2,18) width 8: "2"
              RenderTableCell {TD} at (145,78) size 22x36 [bgcolor=#90EE90] [border: (1px inset #808080)] [r=2 c=4 rs=1 cs=1]
                RenderText {#text} at (2,2) size 18x32
                  text run at (2,2) width 18: "col"
                  text run at (2,18) width 8: "3"
              RenderTableCell {TD} at (169,78) size 22x36 [bgcolor=#90EE90] [border: (1px inset #808080)] [r=2 c=5 rs=1 cs=1]
                RenderText {#text} at (2,2) size 18x32
                  text run at (2,2) width 18: "col"
                  text run at (2,18) width 8: "4"
              RenderTableCell {TD} at (193,78) size 22x36 [bgcolor=#90EE90] [border: (1px inset #808080)] [r=2 c=6 rs=1 cs=1]
                RenderText {#text} at (2,2) size 18x32
                  text run at (2,2) width 18: "col"
                  text run at (2,18) width 8: "5"
              RenderTableCell {TD} at (217,78) size 22x36 [bgcolor=#90EE90] [border: (1px inset #808080)] [r=2 c=7 rs=1 cs=1]
                RenderText {#text} at (2,2) size 18x32
                  text run at (2,2) width 18: "col"
                  text run at (2,18) width 8: "6"
              RenderTableCell {TD} at (241,78) size 22x36 [bgcolor=#90EE90] [border: (1px inset #808080)] [r=2 c=8 rs=1 cs=1]
                RenderText {#text} at (2,2) size 18x32
                  text run at (2,2) width 18: "col"
                  text run at (2,18) width 8: "7"
              RenderTableCell {TD} at (265,78) size 22x36 [bgcolor=#90EE90] [border: (1px inset #808080)] [r=2 c=9 rs=1 cs=1]
                RenderText {#text} at (2,2) size 18x32
                  text run at (2,2) width 18: "col"
                  text run at (2,18) width 8: "8"
              RenderTableCell {TD} at (289,78) size 22x36 [bgcolor=#90EE90] [border: (1px inset #808080)] [r=2 c=10 rs=1 cs=1]
                RenderText {#text} at (2,2) size 18x32
                  text run at (2,2) width 18: "col"
                  text run at (2,18) width 8: "9"
            RenderTableRow {TR} at (0,116) size 313x36
              RenderTableCell {TH} at (2,124) size 39x20 [bgcolor=#90EE90] [border: (1px inset #808080)] [r=3 c=0 rs=1 cs=1]
                RenderText {#text} at (2,2) size 35x16
                  text run at (2,2) width 35: "Head"
              RenderTableCell {TD} at (97,116) size 22x36 [bgcolor=#90EE90] [border: (1px inset #808080)] [r=3 c=2 rs=1 cs=1]
                RenderText {#text} at (2,2) size 18x32
                  text run at (2,2) width 18: "col"
                  text run at (2,18) width 8: "1"
              RenderTableCell {TD} at (121,116) size 22x36 [bgcolor=#90EE90] [border: (1px inset #808080)] [r=3 c=3 rs=1 cs=1]
                RenderText {#text} at (2,2) size 18x32
                  text run at (2,2) width 18: "col"
                  text run at (2,18) width 8: "2"
              RenderTableCell {TD} at (145,116) size 22x36 [bgcolor=#90EE90] [border: (1px inset #808080)] [r=3 c=4 rs=1 cs=1]
                RenderText {#text} at (2,2) size 18x32
                  text run at (2,2) width 18: "col"
                  text run at (2,18) width 8: "3"
              RenderTableCell {TD} at (169,116) size 22x36 [bgcolor=#90EE90] [border: (1px inset #808080)] [r=3 c=5 rs=1 cs=1]
                RenderText {#text} at (2,2) size 18x32
                  text run at (2,2) width 18: "col"
                  text run at (2,18) width 8: "4"
              RenderTableCell {TD} at (193,116) size 22x36 [bgcolor=#90EE90] [border: (1px inset #808080)] [r=3 c=6 rs=1 cs=1]
                RenderText {#text} at (2,2) size 18x32
                  text run at (2,2) width 18: "col"
                  text run at (2,18) width 8: "5"
              RenderTableCell {TD} at (217,116) size 22x36 [bgcolor=#90EE90] [border: (1px inset #808080)] [r=3 c=7 rs=1 cs=1]
                RenderText {#text} at (2,2) size 18x32
                  text run at (2,2) width 18: "col"
                  text run at (2,18) width 8: "6"
              RenderTableCell {TD} at (241,116) size 22x36 [bgcolor=#90EE90] [border: (1px inset #808080)] [r=3 c=8 rs=1 cs=1]
                RenderText {#text} at (2,2) size 18x32
                  text run at (2,2) width 18: "col"
                  text run at (2,18) width 8: "7"
              RenderTableCell {TD} at (265,116) size 22x36 [bgcolor=#90EE90] [border: (1px inset #808080)] [r=3 c=9 rs=1 cs=1]
                RenderText {#text} at (2,2) size 18x32
                  text run at (2,2) width 18: "col"
                  text run at (2,18) width 8: "8"
              RenderTableCell {TD} at (289,116) size 22x36 [bgcolor=#90EE90] [border: (1px inset #808080)] [r=3 c=10 rs=1 cs=1]
                RenderText {#text} at (2,2) size 18x32
                  text run at (2,2) width 18: "col"
                  text run at (2,18) width 8: "9"
            RenderTableRow {TR} at (0,154) size 313x36
              RenderTableCell {TH} at (2,162) size 39x20 [bgcolor=#90EE90] [border: (1px inset #808080)] [r=4 c=0 rs=1 cs=1]
                RenderText {#text} at (2,2) size 35x16
                  text run at (2,2) width 35: "Head"
              RenderTableCell {TD} at (97,154) size 22x36 [bgcolor=#90EE90] [border: (1px inset #808080)] [r=4 c=2 rs=1 cs=1]
                RenderText {#text} at (2,2) size 18x32
                  text run at (2,2) width 18: "col"
                  text run at (2,18) width 8: "1"
              RenderTableCell {TD} at (121,154) size 22x36 [bgcolor=#90EE90] [border: (1px inset #808080)] [r=4 c=3 rs=1 cs=1]
                RenderText {#text} at (2,2) size 18x32
                  text run at (2,2) width 18: "col"
                  text run at (2,18) width 8: "2"
              RenderTableCell {TD} at (145,154) size 22x36 [bgcolor=#90EE90] [border: (1px inset #808080)] [r=4 c=4 rs=1 cs=1]
                RenderText {#text} at (2,2) size 18x32
                  text run at (2,2) width 18: "col"
                  text run at (2,18) width 8: "3"
              RenderTableCell {TD} at (169,154) size 22x36 [bgcolor=#90EE90] [border: (1px inset #808080)] [r=4 c=5 rs=1 cs=1]
                RenderText {#text} at (2,2) size 18x32
                  text run at (2,2) width 18: "col"
                  text run at (2,18) width 8: "4"
              RenderTableCell {TD} at (193,154) size 22x36 [bgcolor=#90EE90] [border: (1px inset #808080)] [r=4 c=6 rs=1 cs=1]
                RenderText {#text} at (2,2) size 18x32
                  text run at (2,2) width 18: "col"
                  text run at (2,18) width 8: "5"
              RenderTableCell {TD} at (217,154) size 22x36 [bgcolor=#90EE90] [border: (1px inset #808080)] [r=4 c=7 rs=1 cs=1]
                RenderText {#text} at (2,2) size 18x32
                  text run at (2,2) width 18: "col"
                  text run at (2,18) width 8: "6"
              RenderTableCell {TD} at (241,154) size 22x36 [bgcolor=#90EE90] [border: (1px inset #808080)] [r=4 c=8 rs=1 cs=1]
                RenderText {#text} at (2,2) size 18x32
                  text run at (2,2) width 18: "col"
                  text run at (2,18) width 8: "7"
              RenderTableCell {TD} at (265,154) size 22x36 [bgcolor=#90EE90] [border: (1px inset #808080)] [r=4 c=9 rs=1 cs=1]
                RenderText {#text} at (2,2) size 18x32
                  text run at (2,2) width 18: "col"
                  text run at (2,18) width 8: "8"
              RenderTableCell {TD} at (289,154) size 22x36 [bgcolor=#90EE90] [border: (1px inset #808080)] [r=4 c=10 rs=1 cs=1]
                RenderText {#text} at (2,2) size 18x32
                  text run at (2,2) width 18: "col"
                  text run at (2,18) width 8: "9"
            RenderTableRow {TR} at (0,192) size 313x36
              RenderTableCell {TH} at (2,200) size 39x20 [bgcolor=#90EE90] [border: (1px inset #808080)] [r=5 c=0 rs=1 cs=1]
                RenderText {#text} at (2,2) size 35x16
                  text run at (2,2) width 35: "Head"
              RenderTableCell {TD} at (97,192) size 22x36 [bgcolor=#90EE90] [border: (1px inset #808080)] [r=5 c=2 rs=1 cs=1]
                RenderText {#text} at (2,2) size 18x32
                  text run at (2,2) width 18: "col"
                  text run at (2,18) width 8: "1"
              RenderTableCell {TD} at (121,192) size 22x36 [bgcolor=#90EE90] [border: (1px inset #808080)] [r=5 c=3 rs=1 cs=1]
                RenderText {#text} at (2,2) size 18x32
                  text run at (2,2) width 18: "col"
                  text run at (2,18) width 8: "2"
              RenderTableCell {TD} at (145,192) size 22x36 [bgcolor=#90EE90] [border: (1px inset #808080)] [r=5 c=4 rs=1 cs=1]
                RenderText {#text} at (2,2) size 18x32
                  text run at (2,2) width 18: "col"
                  text run at (2,18) width 8: "3"
              RenderTableCell {TD} at (169,192) size 22x36 [bgcolor=#90EE90] [border: (1px inset #808080)] [r=5 c=5 rs=1 cs=1]
                RenderText {#text} at (2,2) size 18x32
                  text run at (2,2) width 18: "col"
                  text run at (2,18) width 8: "4"
              RenderTableCell {TD} at (193,192) size 22x36 [bgcolor=#90EE90] [border: (1px inset #808080)] [r=5 c=6 rs=1 cs=1]
                RenderText {#text} at (2,2) size 18x32
                  text run at (2,2) width 18: "col"
                  text run at (2,18) width 8: "5"
              RenderTableCell {TD} at (217,192) size 22x36 [bgcolor=#90EE90] [border: (1px inset #808080)] [r=5 c=7 rs=1 cs=1]
                RenderText {#text} at (2,2) size 18x32
                  text run at (2,2) width 18: "col"
                  text run at (2,18) width 8: "6"
              RenderTableCell {TD} at (241,192) size 22x36 [bgcolor=#90EE90] [border: (1px inset #808080)] [r=5 c=8 rs=1 cs=1]
                RenderText {#text} at (2,2) size 18x32
                  text run at (2,2) width 18: "col"
                  text run at (2,18) width 8: "7"
              RenderTableCell {TD} at (265,192) size 22x36 [bgcolor=#90EE90] [border: (1px inset #808080)] [r=5 c=9 rs=1 cs=1]
                RenderText {#text} at (2,2) size 18x32
                  text run at (2,2) width 18: "col"
                  text run at (2,18) width 8: "8"
              RenderTableCell {TD} at (289,192) size 22x36 [bgcolor=#90EE90] [border: (1px inset #808080)] [r=5 c=10 rs=1 cs=1]
                RenderText {#text} at (2,2) size 18x32
                  text run at (2,2) width 18: "col"
                  text run at (2,18) width 8: "9"
            RenderTableRow {TR} at (0,230) size 313x36
              RenderTableCell {TH} at (2,238) size 39x20 [bgcolor=#90EE90] [border: (1px inset #808080)] [r=6 c=0 rs=1 cs=1]
                RenderText {#text} at (2,2) size 35x16
                  text run at (2,2) width 35: "Head"
              RenderTableCell {TD} at (97,230) size 22x36 [bgcolor=#90EE90] [border: (1px inset #808080)] [r=6 c=2 rs=1 cs=1]
                RenderText {#text} at (2,2) size 18x32
                  text run at (2,2) width 18: "col"
                  text run at (2,18) width 8: "1"
              RenderTableCell {TD} at (121,230) size 22x36 [bgcolor=#90EE90] [border: (1px inset #808080)] [r=6 c=3 rs=1 cs=1]
                RenderText {#text} at (2,2) size 18x32
                  text run at (2,2) width 18: "col"
                  text run at (2,18) width 8: "2"
              RenderTableCell {TD} at (145,230) size 22x36 [bgcolor=#90EE90] [border: (1px inset #808080)] [r=6 c=4 rs=1 cs=1]
                RenderText {#text} at (2,2) size 18x32
                  text run at (2,2) width 18: "col"
                  text run at (2,18) width 8: "3"
              RenderTableCell {TD} at (169,230) size 22x36 [bgcolor=#90EE90] [border: (1px inset #808080)] [r=6 c=5 rs=1 cs=1]
                RenderText {#text} at (2,2) size 18x32
                  text run at (2,2) width 18: "col"
                  text run at (2,18) width 8: "4"
              RenderTableCell {TD} at (193,230) size 22x36 [bgcolor=#90EE90] [border: (1px inset #808080)] [r=6 c=6 rs=1 cs=1]
                RenderText {#text} at (2,2) size 18x32
                  text run at (2,2) width 18: "col"
                  text run at (2,18) width 8: "5"
              RenderTableCell {TD} at (217,230) size 22x36 [bgcolor=#90EE90] [border: (1px inset #808080)] [r=6 c=7 rs=1 cs=1]
                RenderText {#text} at (2,2) size 18x32
                  text run at (2,2) width 18: "col"
                  text run at (2,18) width 8: "6"
              RenderTableCell {TD} at (241,230) size 22x36 [bgcolor=#90EE90] [border: (1px inset #808080)] [r=6 c=8 rs=1 cs=1]
                RenderText {#text} at (2,2) size 18x32
                  text run at (2,2) width 18: "col"
                  text run at (2,18) width 8: "7"
              RenderTableCell {TD} at (265,230) size 22x36 [bgcolor=#90EE90] [border: (1px inset #808080)] [r=6 c=9 rs=1 cs=1]
                RenderText {#text} at (2,2) size 18x32
                  text run at (2,2) width 18: "col"
                  text run at (2,18) width 8: "8"
              RenderTableCell {TD} at (289,230) size 22x36 [bgcolor=#90EE90] [border: (1px inset #808080)] [r=6 c=10 rs=1 cs=1]
                RenderText {#text} at (2,2) size 18x32
                  text run at (2,2) width 18: "col"
                  text run at (2,18) width 8: "9"
            RenderTableRow {TR} at (0,268) size 313x36
              RenderTableCell {TH} at (2,276) size 39x20 [bgcolor=#ADD8E6] [border: (1px inset #808080)] [r=7 c=0 rs=1 cs=1]
                RenderText {#text} at (2,2) size 35x16
                  text run at (2,2) width 35: "Head"
              RenderTableCell {TD} at (43,298) size 52x52 [bgcolor=#FFFACD] [border: (1px inset #808080)] [r=7 c=1 rs=3 cs=1]
                RenderText {#text} at (2,2) size 42x16
                  text run at (2,2) width 42: "Data 3"
                RenderBR {BR} at (44,15) size 0x0
                RenderText {#text} at (2,18) size 48x32
                  text run at (2,18) width 48: "span=3"
                  text run at (2,34) width 30: "rows"
              RenderTableCell {TD} at (97,268) size 22x36 [bgcolor=#ADD8E6] [border: (1px inset #808080)] [r=7 c=2 rs=1 cs=1]
                RenderText {#text} at (2,2) size 18x32
                  text run at (2,2) width 18: "col"
                  text run at (2,18) width 8: "1"
              RenderTableCell {TD} at (121,268) size 22x36 [bgcolor=#ADD8E6] [border: (1px inset #808080)] [r=7 c=3 rs=1 cs=1]
                RenderText {#text} at (2,2) size 18x32
                  text run at (2,2) width 18: "col"
                  text run at (2,18) width 8: "2"
              RenderTableCell {TD} at (145,268) size 22x36 [bgcolor=#ADD8E6] [border: (1px inset #808080)] [r=7 c=4 rs=1 cs=1]
                RenderText {#text} at (2,2) size 18x32
                  text run at (2,2) width 18: "col"
                  text run at (2,18) width 8: "3"
              RenderTableCell {TD} at (169,268) size 22x36 [bgcolor=#ADD8E6] [border: (1px inset #808080)] [r=7 c=5 rs=1 cs=1]
                RenderText {#text} at (2,2) size 18x32
                  text run at (2,2) width 18: "col"
                  text run at (2,18) width 8: "4"
              RenderTableCell {TD} at (193,268) size 22x36 [bgcolor=#ADD8E6] [border: (1px inset #808080)] [r=7 c=6 rs=1 cs=1]
                RenderText {#text} at (2,2) size 18x32
                  text run at (2,2) width 18: "col"
                  text run at (2,18) width 8: "5"
              RenderTableCell {TD} at (217,268) size 22x36 [bgcolor=#ADD8E6] [border: (1px inset #808080)] [r=7 c=7 rs=1 cs=1]
                RenderText {#text} at (2,2) size 18x32
                  text run at (2,2) width 18: "col"
                  text run at (2,18) width 8: "6"
              RenderTableCell {TD} at (241,268) size 22x36 [bgcolor=#ADD8E6] [border: (1px inset #808080)] [r=7 c=8 rs=1 cs=1]
                RenderText {#text} at (2,2) size 18x32
                  text run at (2,2) width 18: "col"
                  text run at (2,18) width 8: "7"
              RenderTableCell {TD} at (265,268) size 22x36 [bgcolor=#ADD8E6] [border: (1px inset #808080)] [r=7 c=9 rs=1 cs=1]
                RenderText {#text} at (2,2) size 18x32
                  text run at (2,2) width 18: "col"
                  text run at (2,18) width 8: "8"
              RenderTableCell {TD} at (289,268) size 22x36 [bgcolor=#ADD8E6] [border: (1px inset #808080)] [r=7 c=10 rs=1 cs=1]
                RenderText {#text} at (2,2) size 18x32
                  text run at (2,2) width 18: "col"
                  text run at (2,18) width 8: "9"
            RenderTableRow {TR} at (0,306) size 313x36
              RenderTableCell {TH} at (2,314) size 39x20 [bgcolor=#ADD8E6] [border: (1px inset #808080)] [r=8 c=0 rs=1 cs=1]
                RenderText {#text} at (2,2) size 35x16
                  text run at (2,2) width 35: "Head"
              RenderTableCell {TD} at (97,306) size 22x36 [bgcolor=#ADD8E6] [border: (1px inset #808080)] [r=8 c=2 rs=1 cs=1]
                RenderText {#text} at (2,2) size 18x32
                  text run at (2,2) width 18: "col"
                  text run at (2,18) width 8: "1"
              RenderTableCell {TD} at (121,306) size 22x36 [bgcolor=#ADD8E6] [border: (1px inset #808080)] [r=8 c=3 rs=1 cs=1]
                RenderText {#text} at (2,2) size 18x32
                  text run at (2,2) width 18: "col"
                  text run at (2,18) width 8: "2"
              RenderTableCell {TD} at (145,306) size 22x36 [bgcolor=#ADD8E6] [border: (1px inset #808080)] [r=8 c=4 rs=1 cs=1]
                RenderText {#text} at (2,2) size 18x32
                  text run at (2,2) width 18: "col"
                  text run at (2,18) width 8: "3"
              RenderTableCell {TD} at (169,306) size 22x36 [bgcolor=#ADD8E6] [border: (1px inset #808080)] [r=8 c=5 rs=1 cs=1]
                RenderText {#text} at (2,2) size 18x32
                  text run at (2,2) width 18: "col"
                  text run at (2,18) width 8: "4"
              RenderTableCell {TD} at (193,306) size 22x36 [bgcolor=#ADD8E6] [border: (1px inset #808080)] [r=8 c=6 rs=1 cs=1]
                RenderText {#text} at (2,2) size 18x32
                  text run at (2,2) width 18: "col"
                  text run at (2,18) width 8: "5"
              RenderTableCell {TD} at (217,306) size 22x36 [bgcolor=#ADD8E6] [border: (1px inset #808080)] [r=8 c=7 rs=1 cs=1]
                RenderText {#text} at (2,2) size 18x32
                  text run at (2,2) width 18: "col"
                  text run at (2,18) width 8: "6"
              RenderTableCell {TD} at (241,306) size 22x36 [bgcolor=#ADD8E6] [border: (1px inset #808080)] [r=8 c=8 rs=1 cs=1]
                RenderText {#text} at (2,2) size 18x32
                  text run at (2,2) width 18: "col"
                  text run at (2,18) width 8: "7"
              RenderTableCell {TD} at (265,306) size 22x36 [bgcolor=#ADD8E6] [border: (1px inset #808080)] [r=8 c=9 rs=1 cs=1]
                RenderText {#text} at (2,2) size 18x32
                  text run at (2,2) width 18: "col"
                  text run at (2,18) width 8: "8"
              RenderTableCell {TD} at (289,306) size 22x36 [bgcolor=#ADD8E6] [border: (1px inset #808080)] [r=8 c=10 rs=1 cs=1]
                RenderText {#text} at (2,2) size 18x32
                  text run at (2,2) width 18: "col"
                  text run at (2,18) width 8: "9"
            RenderTableRow {TR} at (0,344) size 313x36
              RenderTableCell {TH} at (2,352) size 39x20 [bgcolor=#ADD8E6] [border: (1px inset #808080)] [r=9 c=0 rs=1 cs=1]
                RenderText {#text} at (2,2) size 35x16
                  text run at (2,2) width 35: "Head"
              RenderTableCell {TD} at (97,344) size 22x36 [bgcolor=#ADD8E6] [border: (1px inset #808080)] [r=9 c=2 rs=1 cs=1]
                RenderText {#text} at (2,2) size 18x32
                  text run at (2,2) width 18: "col"
                  text run at (2,18) width 8: "1"
              RenderTableCell {TD} at (121,344) size 22x36 [bgcolor=#ADD8E6] [border: (1px inset #808080)] [r=9 c=3 rs=1 cs=1]
                RenderText {#text} at (2,2) size 18x32
                  text run at (2,2) width 18: "col"
                  text run at (2,18) width 8: "2"
              RenderTableCell {TD} at (145,344) size 22x36 [bgcolor=#ADD8E6] [border: (1px inset #808080)] [r=9 c=4 rs=1 cs=1]
                RenderText {#text} at (2,2) size 18x32
                  text run at (2,2) width 18: "col"
                  text run at (2,18) width 8: "3"
              RenderTableCell {TD} at (169,344) size 22x36 [bgcolor=#ADD8E6] [border: (1px inset #808080)] [r=9 c=5 rs=1 cs=1]
                RenderText {#text} at (2,2) size 18x32
                  text run at (2,2) width 18: "col"
                  text run at (2,18) width 8: "4"
              RenderTableCell {TD} at (193,344) size 22x36 [bgcolor=#ADD8E6] [border: (1px inset #808080)] [r=9 c=6 rs=1 cs=1]
                RenderText {#text} at (2,2) size 18x32
                  text run at (2,2) width 18: "col"
                  text run at (2,18) width 8: "5"
              RenderTableCell {TD} at (217,344) size 22x36 [bgcolor=#ADD8E6] [border: (1px inset #808080)] [r=9 c=7 rs=1 cs=1]
                RenderText {#text} at (2,2) size 18x32
                  text run at (2,2) width 18: "col"
                  text run at (2,18) width 8: "6"
              RenderTableCell {TD} at (241,344) size 22x36 [bgcolor=#ADD8E6] [border: (1px inset #808080)] [r=9 c=8 rs=1 cs=1]
                RenderText {#text} at (2,2) size 18x32
                  text run at (2,2) width 18: "col"
                  text run at (2,18) width 8: "7"
              RenderTableCell {TD} at (265,344) size 22x36 [bgcolor=#ADD8E6] [border: (1px inset #808080)] [r=9 c=9 rs=1 cs=1]
                RenderText {#text} at (2,2) size 18x32
                  text run at (2,2) width 18: "col"
                  text run at (2,18) width 8: "8"
              RenderTableCell {TD} at (289,344) size 22x36 [bgcolor=#ADD8E6] [border: (1px inset #808080)] [r=9 c=10 rs=1 cs=1]
                RenderText {#text} at (2,2) size 18x32
                  text run at (2,2) width 18: "col"
                  text run at (2,18) width 8: "9"
      RenderBlock {P} at (0,5263) size 80x0
      RenderBlock {HR} at (0,5263) size 80x2 [border: (1px inset #000000)]
      RenderBlock {P} at (0,5279) size 80x205
        RenderTable {TABLE} at (0,0) size 125x205 [bgcolor=#F08080] [border: (1px outset #808080)]
          RenderTableSection {TBODY} at (1,1) size 123x203
            RenderTableRow {TR} at (0,2) size 123x199
              RenderTableCell {TH} at (2,2) size 119x199 [border: (1px inset #808080)] [r=0 c=0 rs=1 cs=1]
                RenderInline {A} at (0,0) size 0x0
                RenderText {#text} at (11,11) size 94x16
                  text run at (11,11) width 94: "Test Case #3:"
                RenderInline {FONT} at (0,0) size 97x96 [color=#0000FF]
                  RenderText {#text} at (11,27) size 97x96
                    text run at (11,27) width 66: "table with"
                    text run at (11,43) width 47: "nested"
                    text run at (11,59) width 97: "header & data"
                    text run at (11,75) width 32: "cells"
                    text run at (11,91) width 65: "spanning"
                    text run at (11,107) width 92: "multiple rows"
                RenderText {#text} at (0,0) size 0x0
                RenderInline {FONT} at (0,0) size 97x64
                  RenderInline {I} at (0,0) size 97x64
                    RenderText {#text} at (11,123) size 97x64
                      text run at (11,123) width 63: "(using &ltTH"
                      text run at (11,136) width 97: "ROWSPAN=integer"
                      text run at (11,149) width 66: "value> &ltTD"
                      text run at (11,162) width 97: "ROWSPAN=integer"
                      text run at (11,175) width 58: "value> tag)"
                RenderText {#text} at (0,0) size 0x0
      RenderBlock {P} at (0,5498) size 80x32
        RenderBR {BR} at (0,0) size 0x16
        RenderBR {BR} at (0,16) size 0x16
      RenderBlock {UL} at (0,5544) size 80x416
        RenderTable {TABLE} at (40,0) size 331x416 [border: (1px outset #808080)]
          RenderBlock {CAPTION} at (0,0) size 329x32
            RenderText {#text} at (1,0) size 88x16
              text run at (1,0) width 88: "Nested Table "
            RenderInline {B} at (0,0) size 88x16
              RenderText {#text} at (89,0) size 88x16
                text run at (89,0) width 88: "Header Cells"
            RenderText {#text} at (177,0) size 18x16
              text run at (177,0) width 18: " & "
            RenderInline {B} at (0,0) size 71x16
              RenderText {#text} at (195,0) size 71x16
                text run at (195,0) width 71: "Data Cells"
            RenderText {#text} at (266,0) size 204x32
              text run at (266,0) width 62: " spanning"
              text run at (124,16) width 81: "multiple rows"
          RenderTableSection {TBODY} at (1,33) size 329x382
            RenderTableRow {TR} at (0,2) size 329x36
              RenderTableCell {TH} at (2,100) size 55x68 [bgcolor=#FFE4C4] [border: (1px inset #808080)] [r=0 c=0 rs=7 cs=1]
                RenderText {#text} at (3,2) size 49x32
                  text run at (3,2) width 49: "Header"
                  text run at (23,18) width 8: "1"
                RenderBR {BR} at (31,31) size 0x0
                RenderText {#text} at (2,34) size 51x32
                  text run at (2,34) width 51: "span=7"
                  text run at (11,50) width 33: "rows"
                RenderText {#text} at (0,0) size 0x0
              RenderTableCell {TD} at (59,13) size 52x52 [bgcolor=#FFFACD] [border: (1px inset #808080)] [r=0 c=1 rs=2 cs=1]
                RenderText {#text} at (2,2) size 42x16
                  text run at (2,2) width 42: "Data 1"
                RenderBR {BR} at (44,15) size 0x0
                RenderText {#text} at (2,18) size 48x32
                  text run at (2,18) width 48: "span=2"
                  text run at (2,34) width 30: "rows"
              RenderTableCell {TD} at (113,2) size 22x36 [bgcolor=#EE82EE] [border: (1px inset #808080)] [r=0 c=2 rs=1 cs=1]
                RenderText {#text} at (2,2) size 18x32
                  text run at (2,2) width 18: "col"
                  text run at (2,18) width 8: "1"
              RenderTableCell {TD} at (137,2) size 22x36 [bgcolor=#EE82EE] [border: (1px inset #808080)] [r=0 c=3 rs=1 cs=1]
                RenderText {#text} at (2,2) size 18x32
                  text run at (2,2) width 18: "col"
                  text run at (2,18) width 8: "2"
              RenderTableCell {TD} at (161,2) size 22x36 [bgcolor=#EE82EE] [border: (1px inset #808080)] [r=0 c=4 rs=1 cs=1]
                RenderText {#text} at (2,2) size 18x32
                  text run at (2,2) width 18: "col"
                  text run at (2,18) width 8: "3"
              RenderTableCell {TD} at (185,2) size 22x36 [bgcolor=#EE82EE] [border: (1px inset #808080)] [r=0 c=5 rs=1 cs=1]
                RenderText {#text} at (2,2) size 18x32
                  text run at (2,2) width 18: "col"
                  text run at (2,18) width 8: "4"
              RenderTableCell {TD} at (209,2) size 22x36 [bgcolor=#EE82EE] [border: (1px inset #808080)] [r=0 c=6 rs=1 cs=1]
                RenderText {#text} at (2,2) size 18x32
                  text run at (2,2) width 18: "col"
                  text run at (2,18) width 8: "5"
              RenderTableCell {TD} at (233,2) size 22x36 [bgcolor=#EE82EE] [border: (1px inset #808080)] [r=0 c=7 rs=1 cs=1]
                RenderText {#text} at (2,2) size 18x32
                  text run at (2,2) width 18: "col"
                  text run at (2,18) width 8: "6"
              RenderTableCell {TD} at (257,2) size 22x36 [bgcolor=#EE82EE] [border: (1px inset #808080)] [r=0 c=8 rs=1 cs=1]
                RenderText {#text} at (2,2) size 18x32
                  text run at (2,2) width 18: "col"
                  text run at (2,18) width 8: "7"
              RenderTableCell {TD} at (281,2) size 22x36 [bgcolor=#EE82EE] [border: (1px inset #808080)] [r=0 c=9 rs=1 cs=1]
                RenderText {#text} at (2,2) size 18x32
                  text run at (2,2) width 18: "col"
                  text run at (2,18) width 8: "8"
              RenderTableCell {TD} at (305,2) size 22x36 [bgcolor=#EE82EE] [border: (1px inset #808080)] [r=0 c=10 rs=1 cs=1]
                RenderText {#text} at (2,2) size 18x32
                  text run at (2,2) width 18: "col"
                  text run at (2,18) width 8: "9"
            RenderTableRow {TR} at (0,40) size 329x36
              RenderTableCell {TD} at (113,40) size 22x36 [bgcolor=#EE82EE] [border: (1px inset #808080)] [r=1 c=2 rs=1 cs=1]
                RenderText {#text} at (2,2) size 18x32
                  text run at (2,2) width 18: "col"
                  text run at (2,18) width 8: "1"
              RenderTableCell {TD} at (137,40) size 22x36 [bgcolor=#EE82EE] [border: (1px inset #808080)] [r=1 c=3 rs=1 cs=1]
                RenderText {#text} at (2,2) size 18x32
                  text run at (2,2) width 18: "col"
                  text run at (2,18) width 8: "2"
              RenderTableCell {TD} at (161,40) size 22x36 [bgcolor=#EE82EE] [border: (1px inset #808080)] [r=1 c=4 rs=1 cs=1]
                RenderText {#text} at (2,2) size 18x32
                  text run at (2,2) width 18: "col"
                  text run at (2,18) width 8: "3"
              RenderTableCell {TD} at (185,40) size 22x36 [bgcolor=#EE82EE] [border: (1px inset #808080)] [r=1 c=5 rs=1 cs=1]
                RenderText {#text} at (2,2) size 18x32
                  text run at (2,2) width 18: "col"
                  text run at (2,18) width 8: "4"
              RenderTableCell {TD} at (209,40) size 22x36 [bgcolor=#EE82EE] [border: (1px inset #808080)] [r=1 c=6 rs=1 cs=1]
                RenderText {#text} at (2,2) size 18x32
                  text run at (2,2) width 18: "col"
                  text run at (2,18) width 8: "5"
              RenderTableCell {TD} at (233,40) size 22x36 [bgcolor=#EE82EE] [border: (1px inset #808080)] [r=1 c=7 rs=1 cs=1]
                RenderText {#text} at (2,2) size 18x32
                  text run at (2,2) width 18: "col"
                  text run at (2,18) width 8: "6"
              RenderTableCell {TD} at (257,40) size 22x36 [bgcolor=#EE82EE] [border: (1px inset #808080)] [r=1 c=8 rs=1 cs=1]
                RenderText {#text} at (2,2) size 18x32
                  text run at (2,2) width 18: "col"
                  text run at (2,18) width 8: "7"
              RenderTableCell {TD} at (281,40) size 22x36 [bgcolor=#EE82EE] [border: (1px inset #808080)] [r=1 c=9 rs=1 cs=1]
                RenderText {#text} at (2,2) size 18x32
                  text run at (2,2) width 18: "col"
                  text run at (2,18) width 8: "8"
              RenderTableCell {TD} at (305,40) size 22x36 [bgcolor=#EE82EE] [border: (1px inset #808080)] [r=1 c=10 rs=1 cs=1]
                RenderText {#text} at (2,2) size 18x32
                  text run at (2,2) width 18: "col"
                  text run at (2,18) width 8: "9"
            RenderTableRow {TR} at (0,78) size 329x36
              RenderTableCell {TD} at (59,146) size 52x52 [bgcolor=#FFFACD] [border: (1px inset #808080)] [r=2 c=1 rs=5 cs=1]
                RenderText {#text} at (2,2) size 42x16
                  text run at (2,2) width 42: "Data 2"
                RenderBR {BR} at (44,15) size 0x0
                RenderText {#text} at (2,18) size 48x32
                  text run at (2,18) width 48: "span=5"
                  text run at (2,34) width 30: "rows"
              RenderTableCell {TD} at (113,78) size 22x36 [bgcolor=#90EE90] [border: (1px inset #808080)] [r=2 c=2 rs=1 cs=1]
                RenderText {#text} at (2,2) size 18x32
                  text run at (2,2) width 18: "col"
                  text run at (2,18) width 8: "1"
              RenderTableCell {TD} at (137,78) size 22x36 [bgcolor=#90EE90] [border: (1px inset #808080)] [r=2 c=3 rs=1 cs=1]
                RenderText {#text} at (2,2) size 18x32
                  text run at (2,2) width 18: "col"
                  text run at (2,18) width 8: "2"
              RenderTableCell {TD} at (161,78) size 22x36 [bgcolor=#90EE90] [border: (1px inset #808080)] [r=2 c=4 rs=1 cs=1]
                RenderText {#text} at (2,2) size 18x32
                  text run at (2,2) width 18: "col"
                  text run at (2,18) width 8: "3"
              RenderTableCell {TD} at (185,78) size 22x36 [bgcolor=#90EE90] [border: (1px inset #808080)] [r=2 c=5 rs=1 cs=1]
                RenderText {#text} at (2,2) size 18x32
                  text run at (2,2) width 18: "col"
                  text run at (2,18) width 8: "4"
              RenderTableCell {TD} at (209,78) size 22x36 [bgcolor=#90EE90] [border: (1px inset #808080)] [r=2 c=6 rs=1 cs=1]
                RenderText {#text} at (2,2) size 18x32
                  text run at (2,2) width 18: "col"
                  text run at (2,18) width 8: "5"
              RenderTableCell {TD} at (233,78) size 22x36 [bgcolor=#90EE90] [border: (1px inset #808080)] [r=2 c=7 rs=1 cs=1]
                RenderText {#text} at (2,2) size 18x32
                  text run at (2,2) width 18: "col"
                  text run at (2,18) width 8: "6"
              RenderTableCell {TD} at (257,78) size 22x36 [bgcolor=#90EE90] [border: (1px inset #808080)] [r=2 c=8 rs=1 cs=1]
                RenderText {#text} at (2,2) size 18x32
                  text run at (2,2) width 18: "col"
                  text run at (2,18) width 8: "7"
              RenderTableCell {TD} at (281,78) size 22x36 [bgcolor=#90EE90] [border: (1px inset #808080)] [r=2 c=9 rs=1 cs=1]
                RenderText {#text} at (2,2) size 18x32
                  text run at (2,2) width 18: "col"
                  text run at (2,18) width 8: "8"
              RenderTableCell {TD} at (305,78) size 22x36 [bgcolor=#90EE90] [border: (1px inset #808080)] [r=2 c=10 rs=1 cs=1]
                RenderText {#text} at (2,2) size 18x32
                  text run at (2,2) width 18: "col"
                  text run at (2,18) width 8: "9"
            RenderTableRow {TR} at (0,116) size 329x36
              RenderTableCell {TD} at (113,116) size 22x36 [bgcolor=#90EE90] [border: (1px inset #808080)] [r=3 c=2 rs=1 cs=1]
                RenderText {#text} at (2,2) size 18x32
                  text run at (2,2) width 18: "col"
                  text run at (2,18) width 8: "1"
              RenderTableCell {TD} at (137,116) size 22x36 [bgcolor=#90EE90] [border: (1px inset #808080)] [r=3 c=3 rs=1 cs=1]
                RenderText {#text} at (2,2) size 18x32
                  text run at (2,2) width 18: "col"
                  text run at (2,18) width 8: "2"
              RenderTableCell {TD} at (161,116) size 22x36 [bgcolor=#90EE90] [border: (1px inset #808080)] [r=3 c=4 rs=1 cs=1]
                RenderText {#text} at (2,2) size 18x32
                  text run at (2,2) width 18: "col"
                  text run at (2,18) width 8: "3"
              RenderTableCell {TD} at (185,116) size 22x36 [bgcolor=#90EE90] [border: (1px inset #808080)] [r=3 c=5 rs=1 cs=1]
                RenderText {#text} at (2,2) size 18x32
                  text run at (2,2) width 18: "col"
                  text run at (2,18) width 8: "4"
              RenderTableCell {TD} at (209,116) size 22x36 [bgcolor=#90EE90] [border: (1px inset #808080)] [r=3 c=6 rs=1 cs=1]
                RenderText {#text} at (2,2) size 18x32
                  text run at (2,2) width 18: "col"
                  text run at (2,18) width 8: "5"
              RenderTableCell {TD} at (233,116) size 22x36 [bgcolor=#90EE90] [border: (1px inset #808080)] [r=3 c=7 rs=1 cs=1]
                RenderText {#text} at (2,2) size 18x32
                  text run at (2,2) width 18: "col"
                  text run at (2,18) width 8: "6"
              RenderTableCell {TD} at (257,116) size 22x36 [bgcolor=#90EE90] [border: (1px inset #808080)] [r=3 c=8 rs=1 cs=1]
                RenderText {#text} at (2,2) size 18x32
                  text run at (2,2) width 18: "col"
                  text run at (2,18) width 8: "7"
              RenderTableCell {TD} at (281,116) size 22x36 [bgcolor=#90EE90] [border: (1px inset #808080)] [r=3 c=9 rs=1 cs=1]
                RenderText {#text} at (2,2) size 18x32
                  text run at (2,2) width 18: "col"
                  text run at (2,18) width 8: "8"
              RenderTableCell {TD} at (305,116) size 22x36 [bgcolor=#90EE90] [border: (1px inset #808080)] [r=3 c=10 rs=1 cs=1]
                RenderText {#text} at (2,2) size 18x32
                  text run at (2,2) width 18: "col"
                  text run at (2,18) width 8: "9"
            RenderTableRow {TR} at (0,154) size 329x36
              RenderTableCell {TD} at (113,154) size 22x36 [bgcolor=#90EE90] [border: (1px inset #808080)] [r=4 c=2 rs=1 cs=1]
                RenderText {#text} at (2,2) size 18x32
                  text run at (2,2) width 18: "col"
                  text run at (2,18) width 8: "1"
              RenderTableCell {TD} at (137,154) size 22x36 [bgcolor=#90EE90] [border: (1px inset #808080)] [r=4 c=3 rs=1 cs=1]
                RenderText {#text} at (2,2) size 18x32
                  text run at (2,2) width 18: "col"
                  text run at (2,18) width 8: "2"
              RenderTableCell {TD} at (161,154) size 22x36 [bgcolor=#90EE90] [border: (1px inset #808080)] [r=4 c=4 rs=1 cs=1]
                RenderText {#text} at (2,2) size 18x32
                  text run at (2,2) width 18: "col"
                  text run at (2,18) width 8: "3"
              RenderTableCell {TD} at (185,154) size 22x36 [bgcolor=#90EE90] [border: (1px inset #808080)] [r=4 c=5 rs=1 cs=1]
                RenderText {#text} at (2,2) size 18x32
                  text run at (2,2) width 18: "col"
                  text run at (2,18) width 8: "4"
              RenderTableCell {TD} at (209,154) size 22x36 [bgcolor=#90EE90] [border: (1px inset #808080)] [r=4 c=6 rs=1 cs=1]
                RenderText {#text} at (2,2) size 18x32
                  text run at (2,2) width 18: "col"
                  text run at (2,18) width 8: "5"
              RenderTableCell {TD} at (233,154) size 22x36 [bgcolor=#90EE90] [border: (1px inset #808080)] [r=4 c=7 rs=1 cs=1]
                RenderText {#text} at (2,2) size 18x32
                  text run at (2,2) width 18: "col"
                  text run at (2,18) width 8: "6"
              RenderTableCell {TD} at (257,154) size 22x36 [bgcolor=#90EE90] [border: (1px inset #808080)] [r=4 c=8 rs=1 cs=1]
                RenderText {#text} at (2,2) size 18x32
                  text run at (2,2) width 18: "col"
                  text run at (2,18) width 8: "7"
              RenderTableCell {TD} at (281,154) size 22x36 [bgcolor=#90EE90] [border: (1px inset #808080)] [r=4 c=9 rs=1 cs=1]
                RenderText {#text} at (2,2) size 18x32
                  text run at (2,2) width 18: "col"
                  text run at (2,18) width 8: "8"
              RenderTableCell {TD} at (305,154) size 22x36 [bgcolor=#90EE90] [border: (1px inset #808080)] [r=4 c=10 rs=1 cs=1]
                RenderText {#text} at (2,2) size 18x32
                  text run at (2,2) width 18: "col"
                  text run at (2,18) width 8: "9"
            RenderTableRow {TR} at (0,192) size 329x36
              RenderTableCell {TD} at (113,192) size 22x36 [bgcolor=#90EE90] [border: (1px inset #808080)] [r=5 c=2 rs=1 cs=1]
                RenderText {#text} at (2,2) size 18x32
                  text run at (2,2) width 18: "col"
                  text run at (2,18) width 8: "1"
              RenderTableCell {TD} at (137,192) size 22x36 [bgcolor=#90EE90] [border: (1px inset #808080)] [r=5 c=3 rs=1 cs=1]
                RenderText {#text} at (2,2) size 18x32
                  text run at (2,2) width 18: "col"
                  text run at (2,18) width 8: "2"
              RenderTableCell {TD} at (161,192) size 22x36 [bgcolor=#90EE90] [border: (1px inset #808080)] [r=5 c=4 rs=1 cs=1]
                RenderText {#text} at (2,2) size 18x32
                  text run at (2,2) width 18: "col"
                  text run at (2,18) width 8: "3"
              RenderTableCell {TD} at (185,192) size 22x36 [bgcolor=#90EE90] [border: (1px inset #808080)] [r=5 c=5 rs=1 cs=1]
                RenderText {#text} at (2,2) size 18x32
                  text run at (2,2) width 18: "col"
                  text run at (2,18) width 8: "4"
              RenderTableCell {TD} at (209,192) size 22x36 [bgcolor=#90EE90] [border: (1px inset #808080)] [r=5 c=6 rs=1 cs=1]
                RenderText {#text} at (2,2) size 18x32
                  text run at (2,2) width 18: "col"
                  text run at (2,18) width 8: "5"
              RenderTableCell {TD} at (233,192) size 22x36 [bgcolor=#90EE90] [border: (1px inset #808080)] [r=5 c=7 rs=1 cs=1]
                RenderText {#text} at (2,2) size 18x32
                  text run at (2,2) width 18: "col"
                  text run at (2,18) width 8: "6"
              RenderTableCell {TD} at (257,192) size 22x36 [bgcolor=#90EE90] [border: (1px inset #808080)] [r=5 c=8 rs=1 cs=1]
                RenderText {#text} at (2,2) size 18x32
                  text run at (2,2) width 18: "col"
                  text run at (2,18) width 8: "7"
              RenderTableCell {TD} at (281,192) size 22x36 [bgcolor=#90EE90] [border: (1px inset #808080)] [r=5 c=9 rs=1 cs=1]
                RenderText {#text} at (2,2) size 18x32
                  text run at (2,2) width 18: "col"
                  text run at (2,18) width 8: "8"
              RenderTableCell {TD} at (305,192) size 22x36 [bgcolor=#90EE90] [border: (1px inset #808080)] [r=5 c=10 rs=1 cs=1]
                RenderText {#text} at (2,2) size 18x32
                  text run at (2,2) width 18: "col"
                  text run at (2,18) width 8: "9"
            RenderTableRow {TR} at (0,230) size 329x36
              RenderTableCell {TD} at (113,230) size 22x36 [bgcolor=#90EE90] [border: (1px inset #808080)] [r=6 c=2 rs=1 cs=1]
                RenderText {#text} at (2,2) size 18x32
                  text run at (2,2) width 18: "col"
                  text run at (2,18) width 8: "1"
              RenderTableCell {TD} at (137,230) size 22x36 [bgcolor=#90EE90] [border: (1px inset #808080)] [r=6 c=3 rs=1 cs=1]
                RenderText {#text} at (2,2) size 18x32
                  text run at (2,2) width 18: "col"
                  text run at (2,18) width 8: "2"
              RenderTableCell {TD} at (161,230) size 22x36 [bgcolor=#90EE90] [border: (1px inset #808080)] [r=6 c=4 rs=1 cs=1]
                RenderText {#text} at (2,2) size 18x32
                  text run at (2,2) width 18: "col"
                  text run at (2,18) width 8: "3"
              RenderTableCell {TD} at (185,230) size 22x36 [bgcolor=#90EE90] [border: (1px inset #808080)] [r=6 c=5 rs=1 cs=1]
                RenderText {#text} at (2,2) size 18x32
                  text run at (2,2) width 18: "col"
                  text run at (2,18) width 8: "4"
              RenderTableCell {TD} at (209,230) size 22x36 [bgcolor=#90EE90] [border: (1px inset #808080)] [r=6 c=6 rs=1 cs=1]
                RenderText {#text} at (2,2) size 18x32
                  text run at (2,2) width 18: "col"
                  text run at (2,18) width 8: "5"
              RenderTableCell {TD} at (233,230) size 22x36 [bgcolor=#90EE90] [border: (1px inset #808080)] [r=6 c=7 rs=1 cs=1]
                RenderText {#text} at (2,2) size 18x32
                  text run at (2,2) width 18: "col"
                  text run at (2,18) width 8: "6"
              RenderTableCell {TD} at (257,230) size 22x36 [bgcolor=#90EE90] [border: (1px inset #808080)] [r=6 c=8 rs=1 cs=1]
                RenderText {#text} at (2,2) size 18x32
                  text run at (2,2) width 18: "col"
                  text run at (2,18) width 8: "7"
              RenderTableCell {TD} at (281,230) size 22x36 [bgcolor=#90EE90] [border: (1px inset #808080)] [r=6 c=9 rs=1 cs=1]
                RenderText {#text} at (2,2) size 18x32
                  text run at (2,2) width 18: "col"
                  text run at (2,18) width 8: "8"
              RenderTableCell {TD} at (305,230) size 22x36 [bgcolor=#90EE90] [border: (1px inset #808080)] [r=6 c=10 rs=1 cs=1]
                RenderText {#text} at (2,2) size 18x32
                  text run at (2,2) width 18: "col"
                  text run at (2,18) width 8: "9"
            RenderTableRow {TR} at (0,268) size 329x36
              RenderTableCell {TH} at (2,290) size 55x68 [bgcolor=#FFE4C4] [border: (1px inset #808080)] [r=7 c=0 rs=3 cs=1]
                RenderText {#text} at (3,2) size 49x32
                  text run at (3,2) width 49: "Header"
                  text run at (23,18) width 8: "2"
                RenderBR {BR} at (31,31) size 0x0
                RenderText {#text} at (2,34) size 51x32
                  text run at (2,34) width 51: "span=3"
                  text run at (11,50) width 33: "rows"
                RenderText {#text} at (0,0) size 0x0
              RenderTableCell {TD} at (59,298) size 52x52 [bgcolor=#FFFACD] [border: (1px inset #808080)] [r=7 c=1 rs=3 cs=1]
                RenderText {#text} at (2,2) size 42x16
                  text run at (2,2) width 42: "Data 3"
                RenderBR {BR} at (44,15) size 0x0
                RenderText {#text} at (2,18) size 48x32
                  text run at (2,18) width 48: "span=3"
                  text run at (2,34) width 30: "rows"
              RenderTableCell {TD} at (113,268) size 22x36 [bgcolor=#ADD8E6] [border: (1px inset #808080)] [r=7 c=2 rs=1 cs=1]
                RenderText {#text} at (2,2) size 18x32
                  text run at (2,2) width 18: "col"
                  text run at (2,18) width 8: "1"
              RenderTableCell {TD} at (137,268) size 22x36 [bgcolor=#ADD8E6] [border: (1px inset #808080)] [r=7 c=3 rs=1 cs=1]
                RenderText {#text} at (2,2) size 18x32
                  text run at (2,2) width 18: "col"
                  text run at (2,18) width 8: "2"
              RenderTableCell {TD} at (161,268) size 22x36 [bgcolor=#ADD8E6] [border: (1px inset #808080)] [r=7 c=4 rs=1 cs=1]
                RenderText {#text} at (2,2) size 18x32
                  text run at (2,2) width 18: "col"
                  text run at (2,18) width 8: "3"
              RenderTableCell {TD} at (185,268) size 22x36 [bgcolor=#ADD8E6] [border: (1px inset #808080)] [r=7 c=5 rs=1 cs=1]
                RenderText {#text} at (2,2) size 18x32
                  text run at (2,2) width 18: "col"
                  text run at (2,18) width 8: "4"
              RenderTableCell {TD} at (209,268) size 22x36 [bgcolor=#ADD8E6] [border: (1px inset #808080)] [r=7 c=6 rs=1 cs=1]
                RenderText {#text} at (2,2) size 18x32
                  text run at (2,2) width 18: "col"
                  text run at (2,18) width 8: "5"
              RenderTableCell {TD} at (233,268) size 22x36 [bgcolor=#ADD8E6] [border: (1px inset #808080)] [r=7 c=7 rs=1 cs=1]
                RenderText {#text} at (2,2) size 18x32
                  text run at (2,2) width 18: "col"
                  text run at (2,18) width 8: "6"
              RenderTableCell {TD} at (257,268) size 22x36 [bgcolor=#ADD8E6] [border: (1px inset #808080)] [r=7 c=8 rs=1 cs=1]
                RenderText {#text} at (2,2) size 18x32
                  text run at (2,2) width 18: "col"
                  text run at (2,18) width 8: "7"
              RenderTableCell {TD} at (281,268) size 22x36 [bgcolor=#ADD8E6] [border: (1px inset #808080)] [r=7 c=9 rs=1 cs=1]
                RenderText {#text} at (2,2) size 18x32
                  text run at (2,2) width 18: "col"
                  text run at (2,18) width 8: "8"
              RenderTableCell {TD} at (305,268) size 22x36 [bgcolor=#ADD8E6] [border: (1px inset #808080)] [r=7 c=10 rs=1 cs=1]
                RenderText {#text} at (2,2) size 18x32
                  text run at (2,2) width 18: "col"
                  text run at (2,18) width 8: "9"
            RenderTableRow {TR} at (0,306) size 329x36
              RenderTableCell {TD} at (113,306) size 22x36 [bgcolor=#ADD8E6] [border: (1px inset #808080)] [r=8 c=2 rs=1 cs=1]
                RenderText {#text} at (2,2) size 18x32
                  text run at (2,2) width 18: "col"
                  text run at (2,18) width 8: "1"
              RenderTableCell {TD} at (137,306) size 22x36 [bgcolor=#ADD8E6] [border: (1px inset #808080)] [r=8 c=3 rs=1 cs=1]
                RenderText {#text} at (2,2) size 18x32
                  text run at (2,2) width 18: "col"
                  text run at (2,18) width 8: "2"
              RenderTableCell {TD} at (161,306) size 22x36 [bgcolor=#ADD8E6] [border: (1px inset #808080)] [r=8 c=4 rs=1 cs=1]
                RenderText {#text} at (2,2) size 18x32
                  text run at (2,2) width 18: "col"
                  text run at (2,18) width 8: "3"
              RenderTableCell {TD} at (185,306) size 22x36 [bgcolor=#ADD8E6] [border: (1px inset #808080)] [r=8 c=5 rs=1 cs=1]
                RenderText {#text} at (2,2) size 18x32
                  text run at (2,2) width 18: "col"
                  text run at (2,18) width 8: "4"
              RenderTableCell {TD} at (209,306) size 22x36 [bgcolor=#ADD8E6] [border: (1px inset #808080)] [r=8 c=6 rs=1 cs=1]
                RenderText {#text} at (2,2) size 18x32
                  text run at (2,2) width 18: "col"
                  text run at (2,18) width 8: "5"
              RenderTableCell {TD} at (233,306) size 22x36 [bgcolor=#ADD8E6] [border: (1px inset #808080)] [r=8 c=7 rs=1 cs=1]
                RenderText {#text} at (2,2) size 18x32
                  text run at (2,2) width 18: "col"
                  text run at (2,18) width 8: "6"
              RenderTableCell {TD} at (257,306) size 22x36 [bgcolor=#ADD8E6] [border: (1px inset #808080)] [r=8 c=8 rs=1 cs=1]
                RenderText {#text} at (2,2) size 18x32
                  text run at (2,2) width 18: "col"
                  text run at (2,18) width 8: "7"
              RenderTableCell {TD} at (281,306) size 22x36 [bgcolor=#ADD8E6] [border: (1px inset #808080)] [r=8 c=9 rs=1 cs=1]
                RenderText {#text} at (2,2) size 18x32
                  text run at (2,2) width 18: "col"
                  text run at (2,18) width 8: "8"
              RenderTableCell {TD} at (305,306) size 22x36 [bgcolor=#ADD8E6] [border: (1px inset #808080)] [r=8 c=10 rs=1 cs=1]
                RenderText {#text} at (2,2) size 18x32
                  text run at (2,2) width 18: "col"
                  text run at (2,18) width 8: "9"
            RenderTableRow {TR} at (0,344) size 329x36
              RenderTableCell {TD} at (113,344) size 22x36 [bgcolor=#ADD8E6] [border: (1px inset #808080)] [r=9 c=2 rs=1 cs=1]
                RenderText {#text} at (2,2) size 18x32
                  text run at (2,2) width 18: "col"
                  text run at (2,18) width 8: "1"
              RenderTableCell {TD} at (137,344) size 22x36 [bgcolor=#ADD8E6] [border: (1px inset #808080)] [r=9 c=3 rs=1 cs=1]
                RenderText {#text} at (2,2) size 18x32
                  text run at (2,2) width 18: "col"
                  text run at (2,18) width 8: "2"
              RenderTableCell {TD} at (161,344) size 22x36 [bgcolor=#ADD8E6] [border: (1px inset #808080)] [r=9 c=4 rs=1 cs=1]
                RenderText {#text} at (2,2) size 18x32
                  text run at (2,2) width 18: "col"
                  text run at (2,18) width 8: "3"
              RenderTableCell {TD} at (185,344) size 22x36 [bgcolor=#ADD8E6] [border: (1px inset #808080)] [r=9 c=5 rs=1 cs=1]
                RenderText {#text} at (2,2) size 18x32
                  text run at (2,2) width 18: "col"
                  text run at (2,18) width 8: "4"
              RenderTableCell {TD} at (209,344) size 22x36 [bgcolor=#ADD8E6] [border: (1px inset #808080)] [r=9 c=6 rs=1 cs=1]
                RenderText {#text} at (2,2) size 18x32
                  text run at (2,2) width 18: "col"
                  text run at (2,18) width 8: "5"
              RenderTableCell {TD} at (233,344) size 22x36 [bgcolor=#ADD8E6] [border: (1px inset #808080)] [r=9 c=7 rs=1 cs=1]
                RenderText {#text} at (2,2) size 18x32
                  text run at (2,2) width 18: "col"
                  text run at (2,18) width 8: "6"
              RenderTableCell {TD} at (257,344) size 22x36 [bgcolor=#ADD8E6] [border: (1px inset #808080)] [r=9 c=8 rs=1 cs=1]
                RenderText {#text} at (2,2) size 18x32
                  text run at (2,2) width 18: "col"
                  text run at (2,18) width 8: "7"
              RenderTableCell {TD} at (281,344) size 22x36 [bgcolor=#ADD8E6] [border: (1px inset #808080)] [r=9 c=9 rs=1 cs=1]
                RenderText {#text} at (2,2) size 18x32
                  text run at (2,2) width 18: "col"
                  text run at (2,18) width 8: "8"
              RenderTableCell {TD} at (305,344) size 22x36 [bgcolor=#ADD8E6] [border: (1px inset #808080)] [r=9 c=10 rs=1 cs=1]
                RenderText {#text} at (2,2) size 18x32
                  text run at (2,2) width 18: "col"
                  text run at (2,18) width 8: "9"
      RenderBlock {P} at (0,5974) size 80x0
      RenderBlock {HR} at (0,5974) size 80x2 [border: (1px inset #000000)]
      RenderBlock (anonymous) at (0,5983) size 80x48
        RenderImage {IMG} at (0,0) size 13x13
        RenderText {#text} at (13,0) size 68x32
          text run at (13,0) width 55: " Created"
          text run at (0,16) width 66: "9/19/96 by"
        RenderInline {A} at (0,0) size 80x16 [color=#0000EE]
          RenderText {#text} at (0,32) size 80x16
            text run at (0,32) width 80: "Ronald Greti"
        RenderBR {BR} at (80,45) size 0x0
      RenderBlock {P} at (0,6045) size 80x16
        RenderBR {BR} at (0,0) size 0x16
