layer at (0,0) size 800x600
  RenderView at (0,0) size 800x600
layer at (0,0) size 800x600
  RenderBlock {HTML} at (0,0) size 800x600
    RenderBody {BODY} at (8,8) size 784x584
      RenderBlock (anonymous) at (0,0) size 784x19
        RenderText {#text} at (0,0) size 252x19
          text run at (0,0) width 252: "The textareas below should not overlap."
      RenderTable {TABLE} at (0,19) size 784x52
        RenderTableSection {TBODY} at (0,0) size 784x52
          RenderTableRow {TR} at (0,1) size 784x50
            RenderTableCell {TD} at (1,1) size 204x50 [r=0 c=0 rs=1 cs=1]
            RenderTableCell {TD} at (206,1) size 8x50 [r=0 c=1 rs=1 cs=1]
            RenderTableCell {TD} at (215,1) size 8x50 [r=0 c=2 rs=1 cs=1]
            RenderTableCell {TD} at (224,15) size 559x21 [r=0 c=3 rs=1 cs=1]
              RenderText {#text} at (1,1) size 4x19
                text run at (1,1) width 4: " "
      RenderBlock (anonymous) at (0,71) size 784x38
        RenderBR {BR} at (0,0) size 0x19
        RenderBR {BR} at (0,19) size 0x19
      RenderTable {TABLE} at (0,109) size 784x52
        RenderTableSection {TBODY} at (0,0) size 784x52
          RenderTableRow {TR} at (0,1) size 784x50
            RenderTableCell {TD} at (1,1) size 294x50 [r=0 c=0 rs=1 cs=1]
            RenderTableCell {TD} at (296,1) size 8x50 [r=0 c=1 rs=1 cs=1]
            RenderTableCell {TD} at (305,1) size 8x50 [r=0 c=2 rs=1 cs=1]
            RenderTableCell {TD} at (314,15) size 469x21 [r=0 c=3 rs=1 cs=1]
              RenderText {#text} at (1,1) size 4x19
                text run at (1,1) width 4: " "
layer at (10,31) size 202x44 clip at (11,32) size 200x42
  RenderTextControl {TEXTAREA} at (1,3) size 202x44 [bgcolor=#FFFFFF] [border: (1px solid #000000)]
    RenderBlock {DIV} at (3,3) size 196x19
      RenderText {#text} at (0,0) size 27x19
        text run at (0,0) width 27: "one"
layer at (215,31) size 6x44 clip at (0,0) size 0x0 scrollWidth 14 scrollHeight 61
  RenderTextControl {TEXTAREA} at (1,3) size 6x44 [bgcolor=#FFFFFF] [border: (1px solid #000000)]
    RenderBlock {DIV} at (3,3) size 0x57
      RenderText {#text} at (0,0) size 12x57
        text run at (0,0) width 4: "t"
        text run at (0,19) width 12: "w"
        text run at (0,38) width 9: "o"
layer at (224,31) size 6x44 clip at (0,0) size 0x0 scrollWidth 11 scrollHeight 99
  RenderTextControl {TEXTAREA} at (1,3) size 6x44 [bgcolor=#FFFFFF] [border: (1px solid #000000)]
    RenderBlock {DIV} at (3,3) size 0x95
      RenderText {#text} at (0,0) size 9x95
        text run at (0,0) width 4: "t"
        text run at (0,19) width 9: "h"
        text run at (0,38) width 5: "r"
        text run at (0,57) width 9: "e"
        text run at (0,76) width 9: "e"
layer at (10,121) size 292x44 clip at (11,122) size 290x42
  RenderTextControl {TEXTAREA} at (1,3) size 292x44 [bgcolor=#FFFFFF] [border: (1px solid #000000)]
    RenderBlock {DIV} at (3,3) size 286x19
      RenderText {#text} at (0,0) size 96x19
        text run at (0,0) width 96: "one two three"
layer at (305,121) size 6x44 clip at (0,0) size 0x0 scrollWidth 14 scrollHeight 61
  RenderTextControl {TEXTAREA} at (1,3) size 6x44 [bgcolor=#FFFFFF] [border: (1px solid #000000)]
    RenderBlock {DIV} at (3,3) size 0x57
      RenderText {#text} at (0,0) size 12x57
        text run at (0,0) width 4: "t"
        text run at (0,19) width 12: "w"
        text run at (0,38) width 9: "o"
layer at (314,121) size 6x44 clip at (0,0) size 0x0 scrollWidth 11 scrollHeight 99
  RenderTextControl {TEXTAREA} at (1,3) size 6x44 [bgcolor=#FFFFFF] [border: (1px solid #000000)]
    RenderBlock {DIV} at (3,3) size 0x95
      RenderText {#text} at (0,0) size 9x95
        text run at (0,0) width 4: "t"
        text run at (0,19) width 9: "h"
        text run at (0,38) width 5: "r"
        text run at (0,57) width 9: "e"
        text run at (0,76) width 9: "e"
