layer at (0,0) size 800x600
  RenderView at (0,0) size 800x600
layer at (0,0) size 800x148
  RenderBlock {HTML} at (0,0) size 800x148
    RenderBody {BODY} at (8,8) size 784x132
      RenderBlock {DIV} at (0,0) size 784x132
        RenderBlock {ADDRESS} at (16,0) size 768x21
          RenderText {#text} at (0,0) size 259x21
            text run at (0,0) width 259: "A first address with normal background"
        RenderBlock {ADDRESS} at (16,37) size 768x21
          RenderText {#text} at (0,0) size 279x21
            text run at (0,0) width 279: "A second address with normal background"
        RenderBlock {ADDRESS} at (16,74) size 768x21 [bgcolor=#00FF00]
          RenderText {#text} at (0,0) size 347x21
            text run at (0,0) width 347: "A third address that should have a green background"
        RenderBlock (anonymous) at (0,111) size 784x21
          RenderText {#text} at (0,0) size 333x21
            text run at (0,0) width 333: "This div contains 3 addresses above this sentence."
