layer at (0,0) size 800x600
  RenderView at (0,0) size 800x600
layer at (0,0) size 800x146
  RenderBlock {HTML} at (0,0) size 800x146
    RenderBody {BODY} at (8,8) size 784x122
      RenderBlock {DIV} at (0,0) size 784x85
        RenderTable {TABLE} at (0,0) size 126x85 [border: (1px outset #808080)]
          RenderTableSection {TBODY} at (1,1) size 124x83
            RenderTableRow {TR} at (0,2) size 124x25
              RenderTableCell {TD} at (2,2) size 24x25 [border: (1px inset #808080)] [r=0 c=0 rs=1 cs=1]
                RenderText {#text} at (2,2) size 20x21
                  text run at (2,2) width 20: "1.1"
              RenderTableCell {TD} at (28,2) size 24x25 [border: (1px inset #808080)] [r=0 c=1 rs=1 cs=1]
                RenderText {#text} at (2,2) size 20x21
                  text run at (2,2) width 20: "1.2"
              RenderTableCell {TD} at (54,2) size 68x25 [bgcolor=#00FF00] [border: (1px inset #808080)] [r=0 c=2 rs=1 cs=1]
                RenderText {#text} at (2,2) size 64x21
                  text run at (2,2) width 64: "green cell"
            RenderTableRow {TR} at (0,29) size 124x25
              RenderTableCell {TD} at (2,29) size 24x25 [border: (1px inset #808080)] [r=1 c=0 rs=1 cs=1]
                RenderText {#text} at (2,2) size 20x21
                  text run at (2,2) width 20: "2.1"
              RenderTableCell {TD} at (28,29) size 24x25 [border: (1px inset #808080)] [r=1 c=1 rs=1 cs=1]
                RenderText {#text} at (2,2) size 20x21
                  text run at (2,2) width 20: "2.2"
              RenderTableCell {TD} at (54,29) size 68x25 [bgcolor=#00FF00] [border: (1px inset #808080)] [r=1 c=2 rs=1 cs=1]
                RenderText {#text} at (2,2) size 64x21
                  text run at (2,2) width 64: "green cell"
            RenderTableRow {TR} at (0,56) size 124x25
              RenderTableCell {TD} at (2,56) size 24x25 [border: (1px inset #808080)] [r=2 c=0 rs=1 cs=1]
                RenderText {#text} at (2,2) size 20x21
                  text run at (2,2) width 20: "3.1"
              RenderTableCell {TD} at (28,56) size 24x25 [border: (1px inset #808080)] [r=2 c=1 rs=1 cs=1]
                RenderText {#text} at (2,2) size 20x21
                  text run at (2,2) width 20: "3.2"
              RenderTableCell {TD} at (54,56) size 68x25 [bgcolor=#00FF00] [border: (1px inset #808080)] [r=2 c=2 rs=1 cs=1]
                RenderText {#text} at (2,2) size 64x21
                  text run at (2,2) width 64: "green cell"
      RenderBlock {P} at (0,101) size 784x21
        RenderInline {SPAN} at (0,0) size 472x21 [bgcolor=#00FF00]
          RenderText {#text} at (0,0) size 472x21
            text run at (0,0) width 299: "This paragraph contains a span that should "
            text run at (299,0) width 173: "have a green background"
        RenderText {#text} at (472,0) size 150x21
          text run at (472,0) width 150: " and some text after it."
