layer at (0,0) size 800x600
  RenderView at (0,0) size 800x600
layer at (0,0) size 800x600
  RenderBlock {HTML} at (0,0) size 800x600
    RenderBody {BODY} at (8,8) size 784x584 [bgcolor=#CCCCCC]
      RenderBlock {P} at (0,0) size 784x21
        RenderText {#text} at (0,0) size 380x21
          text run at (0,0) width 380: "The style declarations which apply to the text below are:"
      RenderBlock {PRE} at (0,37) size 784x32
        RenderText {#text} at (0,0) size 109x32
          text run at (0,0) width 109: ".one {color: green;}"
          text run at (109,0) width 0: " "
          text run at (0,16) width 0: " "
      RenderBlock {HR} at (0,82) size 784x2 [border: (1px inset #000000)]
      RenderBlock {P} at (0,100) size 784x21 [color=#008000]
        RenderText {#text} at (0,0) size 206x21
          text run at (0,0) width 206: "This sentence should be green."
      RenderBlock {P} at (0,137) size 784x21 [color=#008000]
        RenderText {#text} at (0,0) size 206x21
          text run at (0,0) width 206: "This sentence should be green."
      RenderTable {TABLE} at (0,174) size 228x97 [border: (1px outset #808080)]
        RenderTableSection {TBODY} at (1,1) size 226x95
          RenderTableRow {TR} at (0,0) size 226x29
            RenderTableCell {TD} at (0,0) size 226x29 [bgcolor=#C0C0C0] [border: (1px inset #808080)] [r=0 c=0 rs=1 cs=2]
              RenderInline {STRONG} at (0,0) size 163x21
                RenderText {#text} at (4,4) size 163x21
                  text run at (4,4) width 163: "TABLE Testing Section"
          RenderTableRow {TR} at (0,29) size 226x66
            RenderTableCell {TD} at (0,47) size 12x29 [bgcolor=#C0C0C0] [border: (1px inset #808080)] [r=1 c=0 rs=1 cs=1]
              RenderText {#text} at (4,4) size 4x21
                text run at (4,4) width 4: " "
            RenderTableCell {TD} at (12,29) size 214x66 [border: (1px inset #808080)] [r=1 c=1 rs=1 cs=1]
              RenderBlock {P} at (4,4) size 206x21 [color=#008000]
                RenderText {#text} at (0,0) size 206x21
                  text run at (0,0) width 206: "This sentence should be green."
              RenderBlock {P} at (4,41) size 206x21 [color=#008000]
                RenderText {#text} at (0,0) size 206x21
                  text run at (0,0) width 206: "This sentence should be green."
