layer at (0,0) size 480x360
  RenderView at (0,0) size 480x360
    RenderSVGContainer {svg} at (0.50,0.50) size 495x359
      RenderSVGText {text} at (10,340) size 480x46
        RenderSVGInlineText {#text} at (0,-36) size 264x46
          text run at (0,-36) width 264: "$Revision: 1.7 $"
      RenderPath {rect} at (0.50,0.50) size 479x359 [stroke={[type=SOLID] [color=#000000]}] [data="M1.00,1.00L479.00,1.00L479.00,359.00L1.00,359.00"]
      RenderSVGText {text} at (240,25) size 480x18
        RenderSVGInlineText {#text} at (-66,-14) size 133x18
          text run at (-66,-14) width 133: "<animateTransform>"
      RenderSVGHiddenContainer {defs} at (0,0) size 0x0
        RenderSVGContainer {g} at (-45,-45) size 90x90
          RenderPath {circle} at (-41.00,-41.00) size 82.00x82.00 [stroke={[type=SOLID] [color=#C0C0C0] [stroke width=2.00]}] [data="M40.00,0.00L39.92,2.51L39.68,5.01L39.29,7.50L38.74,9.95L38.04,12.36L37.19,14.72L36.19,17.03L35.05,19.27L33.77,21.43L32.36,23.51L30.82,25.50L29.16,27.38L27.38,29.16L25.50,30.82L23.51,32.36L21.43,33.77L19.27,35.05L17.03,36.19L14.72,37.19L12.36,38.04L9.95,38.74L7.50,39.29L5.01,39.68L2.51,39.92L-0.00,40.00L-2.51,39.92L-5.01,39.68L-7.50,39.29L-9.95,38.74L-12.36,38.04L-14.72,37.19L-17.03,36.19L-19.27,35.05L-21.43,33.77L-23.51,32.36L-25.50,30.82L-27.38,29.16L-29.16,27.38L-30.82,25.50L-32.36,23.51L-33.77,21.43L-35.05,19.27L-36.19,17.03L-37.19,14.72L-38.04,12.36L-38.74,9.95L-39.29,7.50L-39.68,5.01L-39.92,2.51L-40.00,-0.00L-39.92,-2.51L-39.68,-5.01L-39.29,-7.50L-38.74,-9.95L-38.04,-12.36L-37.19,-14.72L-36.19,-17.03L-35.05,-19.27L-33.77,-21.43L-32.36,-23.51L-30.82,-25.50L-29.16,-27.38L-27.38,-29.16L-25.50,-30.82L-23.51,-32.36L-21.43,-33.77L-19.27,-35.05L-17.03,-36.19L-14.72,-37.19L-12.36,-38.04L-9.95,-38.74L-7.50,-39.29L-5.01,-39.68L-2.51,-39.92L0.00,-40.00L2.51,-39.92L5.01,-39.68L7.50,-39.29L9.95,-38.74L12.36,-38.04L14.72,-37.19L17.03,-36.19L19.27,-35.05L21.43,-33.77L23.51,-32.36L25.50,-30.82L27.38,-29.16L29.16,-27.38L30.82,-25.50L32.36,-23.51L33.77,-21.43L35.05,-19.27L36.19,-17.03L37.19,-14.72L38.04,-12.36L38.74,-9.95L39.29,-7.50L39.68,-5.01L39.92,-2.51"]
          RenderPath {line} at (-45,-0.50) size 90x1 [stroke={[type=SOLID] [color=#C0C0C0]}] [data="M-45.00,0.00L45.00,0.00"]
          RenderPath {line} at (-0.50,-45) size 1x90 [stroke={[type=SOLID] [color=#C0C0C0]}] [data="M0.00,-45.00L0.00,45.00"]
      RenderSVGContainer {g} at (14.50,34.50) size 481x301
        RenderSVGContainer {g} at (18,68.08) size 84x100.92 [transform={m=((1.00,0.00)(0.00,1.00)) t=(60.00,90.00)}]
          RenderPath {rect} at (43,73) size 34x34 [stroke={[type=SOLID] [color=#808080] [stroke width=4.00]}] [fill={[type=SOLID] [color=#E6E6E6]}] [data="M-15.00,-15.00L15.00,-15.00L15.00,15.00L-15.00,15.00"]
          RenderPath {rect} at (38.08,68.08) size 43.84x43.84 [transform={m=((0.71,0.71)(-0.71,0.71)) t=(0.00,0.00)}] [stroke={[type=SOLID] [color=#FFB400]}] [data="M-15.00,-15.00L15.00,-15.00L15.00,15.00L-15.00,15.00"]
          RenderPath {rect} at (39.75,69.75) size 40.50x40.50 [transform={m=((0.38,0.92)(-0.92,0.38)) t=(0.00,0.00)}] [stroke={[type=SOLID] [color=#FFB400]}] [data="M-15.00,-15.00L15.00,-15.00L15.00,15.00L-15.00,15.00"]
          RenderPath {rect} at (44.50,74.50) size 31x31 [transform={m=((-0.00,1.00)(-1.00,-0.00)) t=(0.00,0.00)}] [stroke={[type=SOLID] [color=#FFB400]}] [data="M-15.00,-15.00L15.00,-15.00L15.00,15.00L-15.00,15.00"]
          RenderSVGText {text} at (0,60) size 480x18
            RenderSVGInlineText {#text} at (-42,-14) size 84x18
              text run at (-42,-14) width 84: "same rotation"
          RenderSVGText {text} at (0,75) size 480x18
            RenderSVGInlineText {#text} at (-19,-14) size 38x18
              text run at (-19,-14) width 38: "center"
        RenderSVGContainer {g} at (128,68.08) size 105x100.92 [transform={m=((1.00,0.00)(0.00,1.00)) t=(180.00,90.00)}]
          RenderPath {rect} at (163,73) size 34x34 [stroke={[type=SOLID] [color=#808080] [stroke width=4.00]}] [fill={[type=SOLID] [color=#E6E6E6]}] [data="M-15.00,-15.00L15.00,-15.00L15.00,15.00L-15.00,15.00"]
          RenderPath {rect} at (158.08,68.08) size 43.84x43.84 [transform={m=((0.71,0.71)(-0.71,0.71)) t=(0.00,0.00)}] [stroke={[type=SOLID] [color=#FFB400]}] [data="M-15.00,-15.00L15.00,-15.00L15.00,15.00L-15.00,15.00"]
          RenderPath {rect} at (148.19,72.05) size 40.50x40.50 [transform={m=((0.38,0.92)(-0.92,0.38)) t=(-11.56,2.30)}] [stroke={[type=SOLID] [color=#FFB400]}] [data="M-15.00,-15.00L15.00,-15.00L15.00,15.00L-15.00,15.00"]
          RenderPath {rect} at (134.50,74.50) size 31x31 [transform={m=((-0.00,1.00)(-1.00,-0.00)) t=(-30.00,-0.00)}] [stroke={[type=SOLID] [color=#FFB400]}] [data="M-15.00,-15.00L15.00,-15.00L15.00,15.00L-15.00,15.00"]
          RenderSVGText {text} at (0,60) size 480x18
            RenderSVGInlineText {#text} at (-52,-14) size 105x18
              text run at (-52,-14) width 105: "different rotation"
          RenderSVGText {text} at (0,75) size 480x18
            RenderSVGInlineText {#text} at (-22,-14) size 44x18
              text run at (-22,-14) width 44: "centers"
        RenderSVGContainer {g} at (244.50,34.50) size 111x134.50 [transform={m=((1.00,0.00)(0.00,1.00)) t=(300.00,90.00)}]
          RenderPath {rect} at (283,73) size 34x34 [stroke={[type=SOLID] [color=#808080] [stroke width=4.00]}] [fill={[type=SOLID] [color=#E6E6E6]}] [data="M-15.00,-15.00L15.00,-15.00L15.00,15.00L-15.00,15.00"]
          RenderPath {rect} at (244.50,114.50) size 31x31 [transform={m=((1.00,0.00)(0.00,1.00)) t=(-40.00,40.00)}] [stroke={[type=SOLID] [color=#FFB400]}] [data="M-15.00,-15.00L15.00,-15.00L15.00,15.00L-15.00,15.00"]
          RenderPath {rect} at (284.50,74.50) size 31x31 [stroke={[type=SOLID] [color=#FFB400]}] [data="M-15.00,-15.00L15.00,-15.00L15.00,15.00L-15.00,15.00"]
          RenderPath {rect} at (324.50,34.50) size 31x31 [transform={m=((1.00,0.00)(0.00,1.00)) t=(40.00,-40.00)}] [stroke={[type=SOLID] [color=#FFB400]}] [data="M-15.00,-15.00L15.00,-15.00L15.00,15.00L-15.00,15.00"]
          RenderSVGText {text} at (0,75) size 480x18
            RenderSVGInlineText {#text} at (-53,-14) size 106x18
              text run at (-53,-14) width 106: "paced translation"
        RenderSVGContainer {g} at (364.50,34.50) size 111x134.50 [transform={m=((1.00,0.00)(0.00,1.00)) t=(420.00,90.00)}]
          RenderPath {rect} at (403,73) size 34x34 [stroke={[type=SOLID] [color=#808080] [stroke width=4.00]}] [fill={[type=SOLID] [color=#E6E6E6]}] [data="M-15.00,-15.00L15.00,-15.00L15.00,15.00L-15.00,15.00"]
          RenderPath {rect} at (364.50,114.50) size 31x31 [transform={m=((1.00,0.00)(0.00,1.00)) t=(-40.00,40.00)}] [stroke={[type=SOLID] [color=#FFB400]}] [data="M-15.00,-15.00L15.00,-15.00L15.00,15.00L-15.00,15.00"]
          RenderPath {rect} at (384.50,54.50) size 31x31 [transform={m=((1.00,0.00)(0.00,1.00)) t=(-20.00,-20.00)}] [stroke={[type=SOLID] [color=#FFB400]}] [data="M-15.00,-15.00L15.00,-15.00L15.00,15.00L-15.00,15.00"]
          RenderPath {rect} at (444.50,34.50) size 31x31 [transform={m=((1.00,0.00)(0.00,1.00)) t=(40.00,-40.00)}] [stroke={[type=SOLID] [color=#FFB400]}] [data="M-15.00,-15.00L15.00,-15.00L15.00,15.00L-15.00,15.00"]
          RenderSVGText {text} at (0,75) size 480x18
            RenderSVGInlineText {#text} at (-52,-14) size 104x18
              text run at (-52,-14) width 104: "linear translation"
        RenderSVGContainer {g} at (14.50,189.50) size 91x94.50 [transform={m=((1.00,0.00)(0.00,1.00)) t=(60.00,220.00)}]
          RenderPath {rect} at (45,205) size 30x30 [fill={[type=SOLID] [color=#E6E6E6]}] [data="M-15.00,-15.00L15.00,-15.00L15.00,15.00L-15.00,15.00"]
          RenderPath {rect} at (44.50,189.50) size 31x61 [stroke={[type=SOLID] [color=#FFB400]}] [data="M-15.00,-30.00L15.00,-30.00L15.00,30.00L-15.00,30.00"]
          RenderPath {rect} at (14.50,197) size 91x46 [stroke={[type=SOLID] [color=#FFB400]}] [data="M-45.00,-22.50L45.00,-22.50L45.00,22.50L-45.00,22.50"]
          RenderPath {rect} at (44.50,204.50) size 31x31 [stroke={[type=SOLID] [color=#FFB400]}] [data="M-15.00,-15.00L15.00,-15.00L15.00,15.00L-15.00,15.00"]
          RenderSVGText {text} at (0,60) size 480x18
            RenderSVGInlineText {#text} at (-36,-14) size 72x18
              text run at (-36,-14) width 72: "paced scale"
        RenderSVGContainer {g} at (134.50,189.50) size 91x94.50 [transform={m=((1.00,0.00)(0.00,1.00)) t=(180.00,220.00)}]
          RenderPath {rect} at (165,205) size 30x30 [fill={[type=SOLID] [color=#E6E6E6]}] [data="M-15.00,-15.00L15.00,-15.00L15.00,15.00L-15.00,15.00"]
          RenderPath {rect} at (164.50,189.50) size 31x61 [stroke={[type=SOLID] [color=#FFB400]}] [data="M-15.00,-30.00L15.00,-30.00L15.00,30.00L-15.00,30.00"]
          RenderPath {rect} at (134.50,189.50) size 91x61 [stroke={[type=SOLID] [color=#FFB400]}] [data="M-45.00,-30.00L45.00,-30.00L45.00,30.00L-45.00,30.00"]
          RenderPath {rect} at (164.50,204.50) size 31x31 [stroke={[type=SOLID] [color=#FFB400]}] [data="M-15.00,-15.00L15.00,-15.00L15.00,15.00L-15.00,15.00"]
          RenderSVGText {text} at (0,60) size 480x18
            RenderSVGInlineText {#text} at (-35,-14) size 70x18
              text run at (-35,-14) width 70: "linear scale"
        RenderSVGContainer {g} at (256,203) size 119.50x132.50 [transform={m=((1.00,0.00)(0.00,1.00)) t=(300.00,220.00)}]
          RenderPath {rect} at (283,203) size 34x34 [stroke={[type=SOLID] [color=#808080] [stroke width=4.00]}] [fill={[type=SOLID] [color=#E6E6E6]}] [data="M-15.00,-15.00L15.00,-15.00L15.00,15.00L-15.00,15.00"]
          RenderPath {rect} at (284.50,204.50) size 31x31 [stroke={[type=SOLID] [color=#FFB400]}] [data="M-15.00,-15.00L15.00,-15.00L15.00,15.00L-15.00,15.00"]
          RenderPath {rect} at (289.50,209.50) size 31x31 [transform={m=((-0.00,1.00)(-1.00,-0.00)) t=(5.00,5.00)}] [stroke={[type=SOLID] [color=#FFB400]}] [data="M-15.00,-15.00L15.00,-15.00L15.00,15.00L-15.00,15.00"]
          RenderPath {rect} at (344.50,304.50) size 31x31 [transform={m=((-1.00,-0.00)(0.00,-1.00)) t=(60.00,100.00)}] [stroke={[type=SOLID] [color=#FFB400]}] [data="M-15.00,-15.00L15.00,-15.00L15.00,15.00L-15.00,15.00"]
          RenderSVGText {text} at (0,75) size 480x18
            RenderSVGInlineText {#text} at (-44,-14) size 89x18
              text run at (-44,-14) width 89: "paced rotation"
        RenderSVGContainer {g} at (377,202.83) size 118.50x132.67 [transform={m=((1.00,0.00)(0.00,1.00)) t=(420.00,220.00)}]
          RenderPath {rect} at (403,203) size 34x34 [stroke={[type=SOLID] [color=#808080] [stroke width=4.00]}] [fill={[type=SOLID] [color=#E6E6E6]}] [data="M-15.00,-15.00L15.00,-15.00L15.00,15.00L-15.00,15.00"]
          RenderPath {rect} at (404.50,204.50) size 31x31 [stroke={[type=SOLID] [color=#FFB400]}] [data="M-15.00,-15.00L15.00,-15.00L15.00,15.00L-15.00,15.00"]
          RenderPath {rect} at (379.54,202.83) size 43.84x43.84 [transform={m=((0.71,0.71)(-0.71,0.71)) t=(-18.54,4.75)}] [stroke={[type=SOLID] [color=#FFB400]}] [data="M-15.00,-15.00L15.00,-15.00L15.00,15.00L-15.00,15.00"]
          RenderPath {rect} at (464.50,304.50) size 31x31 [transform={m=((-1.00,-0.00)(0.00,-1.00)) t=(60.00,100.00)}] [stroke={[type=SOLID] [color=#FFB400]}] [data="M-15.00,-15.00L15.00,-15.00L15.00,15.00L-15.00,15.00"]
          RenderSVGText {text} at (0,75) size 480x18
            RenderSVGInlineText {#text} at (-43,-14) size 87x18
              text run at (-43,-14) width 87: "linear rotation"
