layer at (0,0) size 480x360
  RenderView at (0,0) size 480x360
    RenderSVGContainer {svg} at (0.50,0.50) size 479x359
      RenderSVGContainer {g} at (56,11.47) size 357.60x172.53 [transform={m=((0.80,0.00)(0.00,0.80)) t=(40.00,0.00)}]
        RenderPath {path} at (57.60,12.77) size 55.20x109.63 [stroke={[type=SOLID] [color=#000000]}] [fill={[type=SOLID] [color=#CCCCCC]}] [data="M26.50,32.50L33.50,32.50L40.50,29.50L47.50,23.50L61.50,17.50L73.50,16.50L74.50,33.50L73.50,50.50L73.50,64.50L72.50,77.50L72.50,90.50L72.50,105.50L71.50,126.50L89.50,128.50L90.50,138.50L89.50,151.50L72.50,151.50L54.50,152.50L38.50,152.50L27.50,152.50L28.50,139.50L30.50,127.50L44.50,125.50L46.50,112.50L47.50,99.50L46.50,87.50L48.50,73.50L48.50,53.50L34.50,52.50L22.50,52.50L22.50,51.50L22.50,41.50L22.50,33.50"]
        RenderPath {path} at (126.12,12.80) size 93.94x107.23 [stroke={[type=SOLID] [color=#000000]}] [fill={[type=SOLID] [color=#CCCCCC]}] [data="M108.50,38.50L123.50,26.50L148.50,16.50L172.50,17.50L188.50,19.50L202.50,23.50L206.50,26.50L210.50,37.50L213.50,44.50L215.50,57.50L209.50,68.50L203.50,81.50L187.50,98.50L164.50,120.50L206.50,121.50L224.50,121.50L220.50,149.50L194.50,147.50L181.50,147.50L167.50,146.50L150.50,147.50L133.50,149.50L117.50,148.50L117.50,136.50L118.50,124.50L133.50,115.50L151.50,97.50L170.50,78.50L186.50,59.50L179.50,43.50L159.50,35.50L139.50,40.50L125.50,49.50"]
        RenderPath {path} at (238.10,15.19) size 69.10x104.81 [stroke={[type=SOLID] [color=#000000]}] [fill={[type=SOLID] [color=#CCCCCC]}] [data="M248.50,38.50L276.50,22.50L298.50,19.50L316.50,26.50L332.50,40.50L331.50,57.50L322.50,70.50L307.50,76.50L314.50,80.50L324.50,86.50L333.50,99.50L333.50,121.50L327.50,130.50L312.50,143.50L292.50,149.50L270.50,148.50L248.50,142.50L252.50,114.50L267.50,119.50L282.50,119.50L297.50,115.50L304.50,109.50L295.50,99.50L284.50,92.50L277.50,84.50L270.50,74.50L281.50,66.50L293.50,60.50L297.50,50.50L292.50,45.50L281.50,45.50L274.50,49.50L266.50,53.50"]
        RenderPath {path} at (332.80,12) size 80.80x112.01 [stroke={[type=SOLID] [color=#000000]}] [fill={[type=SOLID] [color=#CCCCCC]}] [data="M427.50,17.50L439.50,15.50L449.50,15.50L449.50,29.50L447.50,44.50L447.50,59.50L465.50,60.50L466.50,74.50L465.50,89.50L450.50,87.50L449.50,102.50L449.50,123.50L449.50,140.50L449.50,153.50L420.50,154.50L421.50,137.50L420.50,123.50L420.50,111.50L419.50,99.50L392.50,97.50L367.50,99.50L366.50,79.50L367.50,69.50L376.50,43.50L381.50,27.50L384.50,17.50L412.50,16.50L406.50,36.50L400.50,49.50L394.50,70.50L419.50,71.50L423.50,49.50L424.50,33.50"]
        RenderPath {circle} at (56,136) size 48x48 [fill={[type=SOLID] [color=#CCCCCC]}] [data="M80.00,200.00L79.94,201.88L79.76,203.76L79.47,205.62L79.06,207.46L78.53,209.27L77.89,211.04L77.14,212.77L76.29,214.45L75.33,216.07L74.27,217.63L73.12,219.12L71.87,220.54L70.54,221.87L69.12,223.12L67.63,224.27L66.07,225.33L64.45,226.29L62.77,227.14L61.04,227.89L59.27,228.53L57.46,229.06L55.62,229.47L53.76,229.76L51.88,229.94L50.00,230.00L48.12,229.94L46.24,229.76L44.38,229.47L42.54,229.06L40.73,228.53L38.96,227.89L37.23,227.14L35.55,226.29L33.93,225.33L32.37,224.27L30.88,223.12L29.46,221.87L28.13,220.54L26.88,219.12L25.73,217.63L24.67,216.07L23.71,214.45L22.86,212.77L22.11,211.04L21.47,209.27L20.94,207.46L20.53,205.62L20.24,203.76L20.06,201.88L20.00,200.00L20.06,198.12L20.24,196.24L20.53,194.38L20.94,192.54L21.47,190.73L22.11,188.96L22.86,187.23L23.71,185.55L24.67,183.93L25.73,182.37L26.88,180.88L28.13,179.46L29.46,178.13L30.88,176.88L32.37,175.73L33.93,174.67L35.55,173.71L37.23,172.86L38.96,172.11L40.73,171.47L42.54,170.94L44.38,170.53L46.24,170.24L48.12,170.06L50.00,170.00L51.88,170.06L53.76,170.24L55.62,170.53L57.46,170.94L59.27,171.47L61.04,172.11L62.77,172.86L64.45,173.71L66.07,174.67L67.63,175.73L69.12,176.88L70.54,178.13L71.87,179.46L73.12,180.88L74.27,182.37L75.33,183.93L76.29,185.55L77.14,187.23L77.89,188.96L78.53,190.73L79.06,192.54L79.47,194.38L79.76,196.24L79.94,198.12"]
        RenderPath {circle} at (154.40,136) size 48x48 [fill={[type=SOLID] [color=#CCCCCC]}] [data="M203.00,200.00L202.94,201.88L202.76,203.76L202.47,205.62L202.06,207.46L201.53,209.27L200.89,211.04L200.14,212.77L199.29,214.45L198.33,216.07L197.27,217.63L196.12,219.12L194.87,220.54L193.54,221.87L192.12,223.12L190.63,224.27L189.07,225.33L187.45,226.29L185.77,227.14L184.04,227.89L182.27,228.53L180.46,229.06L178.62,229.47L176.76,229.76L174.88,229.94L173.00,230.00L171.12,229.94L169.24,229.76L167.38,229.47L165.54,229.06L163.73,228.53L161.96,227.89L160.23,227.14L158.55,226.29L156.93,225.33L155.37,224.27L153.88,223.12L152.46,221.87L151.13,220.54L149.88,219.12L148.73,217.63L147.67,216.07L146.71,214.45L145.86,212.77L145.11,211.04L144.47,209.27L143.94,207.46L143.53,205.62L143.24,203.76L143.06,201.88L143.00,200.00L143.06,198.12L143.24,196.24L143.53,194.38L143.94,192.54L144.47,190.73L145.11,188.96L145.86,187.23L146.71,185.55L147.67,183.93L148.73,182.37L149.88,180.88L151.13,179.46L152.46,178.13L153.88,176.88L155.37,175.73L156.93,174.67L158.55,173.71L160.23,172.86L161.96,172.11L163.73,171.47L165.54,170.94L167.38,170.53L169.24,170.24L171.12,170.06L173.00,170.00L174.88,170.06L176.76,170.24L178.62,170.53L180.46,170.94L182.27,171.47L184.04,172.11L185.77,172.86L187.45,173.71L189.07,174.67L190.63,175.73L192.12,176.88L193.54,178.13L194.87,179.46L196.12,180.88L197.27,182.37L198.33,183.93L199.29,185.55L200.14,187.23L200.89,188.96L201.53,190.73L202.06,192.54L202.47,194.38L202.76,196.24L202.94,198.12"]
        RenderPath {circle} at (253.60,136) size 48x48 [fill={[type=SOLID] [color=#CCCCCC]}] [data="M327.00,200.00L326.94,201.88L326.76,203.76L326.47,205.62L326.06,207.46L325.53,209.27L324.89,211.04L324.14,212.77L323.29,214.45L322.33,216.07L321.27,217.63L320.12,219.12L318.87,220.54L317.54,221.87L316.12,223.12L314.63,224.27L313.07,225.33L311.45,226.29L309.77,227.14L308.04,227.89L306.27,228.53L304.46,229.06L302.62,229.47L300.76,229.76L298.88,229.94L297.00,230.00L295.12,229.94L293.24,229.76L291.38,229.47L289.54,229.06L287.73,228.53L285.96,227.89L284.23,227.14L282.55,226.29L280.93,225.33L279.37,224.27L277.88,223.12L276.46,221.87L275.13,220.54L273.88,219.12L272.73,217.63L271.67,216.07L270.71,214.45L269.86,212.77L269.11,211.04L268.47,209.27L267.94,207.46L267.53,205.62L267.24,203.76L267.06,201.88L267.00,200.00L267.06,198.12L267.24,196.24L267.53,194.38L267.94,192.54L268.47,190.73L269.11,188.96L269.86,187.23L270.71,185.55L271.67,183.93L272.73,182.37L273.88,180.88L275.13,179.46L276.46,178.13L277.88,176.88L279.37,175.73L280.93,174.67L282.55,173.71L284.23,172.86L285.96,172.11L287.73,171.47L289.54,170.94L291.38,170.53L293.24,170.24L295.12,170.06L297.00,170.00L298.88,170.06L300.76,170.24L302.62,170.53L304.46,170.94L306.27,171.47L308.04,172.11L309.77,172.86L311.45,173.71L313.07,174.67L314.63,175.73L316.12,176.88L317.54,178.13L318.87,179.46L320.12,180.88L321.27,182.37L322.33,183.93L323.29,185.55L324.14,187.23L324.89,188.96L325.53,190.73L326.06,192.54L326.47,194.38L326.76,196.24L326.94,198.12"]
        RenderPath {circle} at (352,136) size 48x48 [fill={[type=SOLID] [color=#CCCCCC]}] [data="M450.00,200.00L449.94,201.88L449.76,203.76L449.47,205.62L449.06,207.46L448.53,209.27L447.89,211.04L447.14,212.77L446.29,214.45L445.33,216.07L444.27,217.63L443.12,219.12L441.87,220.54L440.54,221.87L439.12,223.12L437.63,224.27L436.07,225.33L434.45,226.29L432.77,227.14L431.04,227.89L429.27,228.53L427.46,229.06L425.62,229.47L423.76,229.76L421.88,229.94L420.00,230.00L418.12,229.94L416.24,229.76L414.38,229.47L412.54,229.06L410.73,228.53L408.96,227.89L407.23,227.14L405.55,226.29L403.93,225.33L402.37,224.27L400.88,223.12L399.46,221.87L398.13,220.54L396.88,219.12L395.73,217.63L394.67,216.07L393.71,214.45L392.86,212.77L392.11,211.04L391.47,209.27L390.94,207.46L390.53,205.62L390.24,203.76L390.06,201.88L390.00,200.00L390.06,198.12L390.24,196.24L390.53,194.38L390.94,192.54L391.47,190.73L392.11,188.96L392.86,187.23L393.71,185.55L394.67,183.93L395.73,182.37L396.88,180.88L398.13,179.46L399.46,178.13L400.88,176.88L402.37,175.73L403.93,174.67L405.55,173.71L407.23,172.86L408.96,172.11L410.73,171.47L412.54,170.94L414.38,170.53L416.24,170.24L418.12,170.06L420.00,170.00L421.88,170.06L423.76,170.24L425.62,170.53L427.46,170.94L429.27,171.47L431.04,172.11L432.77,172.86L434.45,173.71L436.07,174.67L437.63,175.73L439.12,176.88L440.54,178.13L441.87,179.46L443.12,180.88L444.27,182.37L445.33,183.93L446.29,185.55L447.14,187.23L447.89,188.96L448.53,190.73L449.06,192.54L449.47,194.38L449.76,196.24L449.94,198.12"]
        RenderPath {path} at (56.40,11.47) size 57.61x112.13 [stroke={[type=SOLID] [color=#000000] [stroke width=4.00]}] [fill={[type=SOLID] [color=#CC0066]}] [data="M26.50,32.50L33.50,32.50L40.50,29.50L47.50,23.50L61.50,17.50L73.50,16.50L74.50,33.50L73.50,50.50L73.50,64.50L72.50,77.50L72.50,90.50L72.50,105.50L71.50,126.50L89.50,128.50L90.50,138.50L89.50,151.50L72.50,151.50L54.50,152.50L38.50,152.50L27.50,152.50L28.50,139.50L30.50,127.50L44.50,125.50L46.50,112.50L47.50,99.50L46.50,87.50L48.50,73.50L48.50,53.50L34.50,52.50L22.50,52.50L22.50,51.50L22.50,41.50L22.50,33.50"]
        RenderPath {circle} at (56,136) size 48x48 [fill={[type=SOLID] [color=#CC0066]}] [data="M80.00,200.00L79.94,201.88L79.76,203.76L79.47,205.62L79.06,207.46L78.53,209.27L77.89,211.04L77.14,212.77L76.29,214.45L75.33,216.07L74.27,217.63L73.12,219.12L71.87,220.54L70.54,221.87L69.12,223.12L67.63,224.27L66.07,225.33L64.45,226.29L62.77,227.14L61.04,227.89L59.27,228.53L57.46,229.06L55.62,229.47L53.76,229.76L51.88,229.94L50.00,230.00L48.12,229.94L46.24,229.76L44.38,229.47L42.54,229.06L40.73,228.53L38.96,227.89L37.23,227.14L35.55,226.29L33.93,225.33L32.37,224.27L30.88,223.12L29.46,221.87L28.13,220.54L26.88,219.12L25.73,217.63L24.67,216.07L23.71,214.45L22.86,212.77L22.11,211.04L21.47,209.27L20.94,207.46L20.53,205.62L20.24,203.76L20.06,201.88L20.00,200.00L20.06,198.12L20.24,196.24L20.53,194.38L20.94,192.54L21.47,190.73L22.11,188.96L22.86,187.23L23.71,185.55L24.67,183.93L25.73,182.37L26.88,180.88L28.13,179.46L29.46,178.13L30.88,176.88L32.37,175.73L33.93,174.67L35.55,173.71L37.23,172.86L38.96,172.11L40.73,171.47L42.54,170.94L44.38,170.53L46.24,170.24L48.12,170.06L50.00,170.00L51.88,170.06L53.76,170.24L55.62,170.53L57.46,170.94L59.27,171.47L61.04,172.11L62.77,172.86L64.45,173.71L66.07,174.67L67.63,175.73L69.12,176.88L70.54,178.13L71.87,179.46L73.12,180.88L74.27,182.37L75.33,183.93L76.29,185.55L77.14,187.23L77.89,188.96L78.53,190.73L79.06,192.54L79.47,194.38L79.76,196.24L79.94,198.12"]
      RenderSVGText {text} at (5,225) size 480x32
        RenderSVGInlineText {#text} at (0,-25) size 419x32
          text run at (0,-25) width 234: "Animation on the 'd' "
          text run at (234,-25) width 185: "attribute of path."
      RenderSVGText {text} at (5,255) size 480x22
        RenderSVGInlineText {#text} at (0,-17) size 325x22
          text run at (0,-17) width 325: "Digit should match outline at indicated time."
      RenderSVGText {text} at (5,275) size 480x22
        RenderSVGInlineText {#text} at (0,-17) size 385x22
          text run at (0,-17) width 385: "Filled circle should follow morphing digit discretely."
      RenderSVGText {text} at (10,340) size 480x46
        RenderSVGInlineText {#text} at (0,-36) size 264x46
          text run at (0,-36) width 264: "$Revision: 1.7 $"
      RenderPath {rect} at (0.50,0.50) size 479x359 [stroke={[type=SOLID] [color=#000000]}] [data="M1.00,1.00L479.00,1.00L479.00,359.00L1.00,359.00"]
