layer at (0,0) size 480x360
  RenderView at (0,0) size 480x360
    RenderSVGContainer {svg} at (0.50,0.50) size 479x359
      RenderSVGContainer {g} at (7.70,15.20) size 204.60x47.70 [transform={m=((0.60,0.00)(0.00,0.60)) t=(110.00,50.00)}]
        RenderSVGText {text} at (-160,-30) size 480x36 [color=#CCCCCC]
          RenderSVGInlineText {#text} at (0,-28) size 15x36
            text run at (0,-28) width 15: "0"
        RenderSVGText {text} at (-50,-30) size 480x36 [color=#CCCCCC]
          RenderSVGInlineText {#text} at (0,-28) size 86x36
            text run at (0,-28) width 86: "0.8-3.2"
        RenderSVGText {text} at (140,-30) size 480x36 [color=#CCCCCC]
          RenderSVGInlineText {#text} at (0,-28) size 15x36
            text run at (0,-28) width 15: "4"
        RenderSVGContainer {g} at (20.00,49.70) size 178.80x0.60
          RenderPath {polyline} at (20.00,49.70) size 178.80x0.60 [stroke={[type=SOLID] [color=#888888] [dash array={10.00, 6.00}]}] [data="M-150.00,0.00L0.00,0.00L150.00,0.00"]
        RenderSVGContainer {g} at (7.70,37.70) size 204.60x24.60
          RenderPath {circle} at (7.70,37.70) size 24.60x24.60 [stroke={[type=SOLID] [color=#555555]}] [fill={[type=SOLID] [color=#CCCCCC]}] [data="M-130.00,0.00L-130.04,1.26L-130.16,2.51L-130.35,3.75L-130.63,4.97L-130.98,6.18L-131.40,7.36L-131.90,8.52L-132.47,9.64L-133.11,10.72L-133.82,11.76L-134.59,12.75L-135.42,13.69L-136.31,14.58L-137.25,15.41L-138.24,16.18L-139.28,16.89L-140.36,17.53L-141.48,18.10L-142.64,18.60L-143.82,19.02L-145.03,19.37L-146.25,19.65L-147.49,19.84L-148.74,19.96L-150.00,20.00L-151.26,19.96L-152.51,19.84L-153.75,19.65L-154.97,19.37L-156.18,19.02L-157.36,18.60L-158.52,18.10L-159.64,17.53L-160.72,16.89L-161.76,16.18L-162.75,15.41L-163.69,14.58L-164.58,13.69L-165.41,12.75L-166.18,11.76L-166.89,10.72L-167.53,9.64L-168.10,8.52L-168.60,7.36L-169.02,6.18L-169.37,4.97L-169.65,3.75L-169.84,2.51L-169.96,1.26L-170.00,-0.00L-169.96,-1.26L-169.84,-2.51L-169.65,-3.75L-169.37,-4.97L-169.02,-6.18L-168.60,-7.36L-168.10,-8.52L-167.53,-9.64L-166.89,-10.72L-166.18,-11.76L-165.41,-12.75L-164.58,-13.69L-163.69,-14.58L-162.75,-15.41L-161.76,-16.18L-160.72,-16.89L-159.64,-17.53L-158.52,-18.10L-157.36,-18.60L-156.18,-19.02L-154.97,-19.37L-153.75,-19.65L-152.51,-19.84L-151.26,-19.96L-150.00,-20.00L-148.74,-19.96L-147.49,-19.84L-146.25,-19.65L-145.03,-19.37L-143.82,-19.02L-142.64,-18.60L-141.48,-18.10L-140.36,-17.53L-139.28,-16.89L-138.24,-16.18L-137.25,-15.41L-136.31,-14.58L-135.42,-13.69L-134.59,-12.75L-133.82,-11.76L-133.11,-10.72L-132.47,-9.64L-131.90,-8.52L-131.40,-7.36L-130.98,-6.18L-130.63,-4.97L-130.35,-3.75L-130.16,-2.51L-130.04,-1.26"]
          RenderPath {circle} at (97.70,37.70) size 24.60x24.60 [stroke={[type=SOLID] [color=#555555]}] [fill={[type=SOLID] [color=#CCCCCC]}] [data="M20.00,0.00L19.96,1.26L19.84,2.51L19.65,3.75L19.37,4.97L19.02,6.18L18.60,7.36L18.10,8.52L17.53,9.64L16.89,10.72L16.18,11.76L15.41,12.75L14.58,13.69L13.69,14.58L12.75,15.41L11.76,16.18L10.72,16.89L9.64,17.53L8.52,18.10L7.36,18.60L6.18,19.02L4.97,19.37L3.75,19.65L2.51,19.84L1.26,19.96L-0.00,20.00L-1.26,19.96L-2.51,19.84L-3.75,19.65L-4.97,19.37L-6.18,19.02L-7.36,18.60L-8.52,18.10L-9.64,17.53L-10.72,16.89L-11.76,16.18L-12.75,15.41L-13.69,14.58L-14.58,13.69L-15.41,12.75L-16.18,11.76L-16.89,10.72L-17.53,9.64L-18.10,8.52L-18.60,7.36L-19.02,6.18L-19.37,4.97L-19.65,3.75L-19.84,2.51L-19.96,1.26L-20.00,-0.00L-19.96,-1.26L-19.84,-2.51L-19.65,-3.75L-19.37,-4.97L-19.02,-6.18L-18.60,-7.36L-18.10,-8.52L-17.53,-9.64L-16.89,-10.72L-16.18,-11.76L-15.41,-12.75L-14.58,-13.69L-13.69,-14.58L-12.75,-15.41L-11.76,-16.18L-10.72,-16.89L-9.64,-17.53L-8.52,-18.10L-7.36,-18.60L-6.18,-19.02L-4.97,-19.37L-3.75,-19.65L-2.51,-19.84L-1.26,-19.96L0.00,-20.00L1.26,-19.96L2.51,-19.84L3.75,-19.65L4.97,-19.37L6.18,-19.02L7.36,-18.60L8.52,-18.10L9.64,-17.53L10.72,-16.89L11.76,-16.18L12.75,-15.41L13.69,-14.58L14.58,-13.69L15.41,-12.75L16.18,-11.76L16.89,-10.72L17.53,-9.64L18.10,-8.52L18.60,-7.36L19.02,-6.18L19.37,-4.97L19.65,-3.75L19.84,-2.51L19.96,-1.26"]
          RenderPath {circle} at (187.70,37.70) size 24.60x24.60 [stroke={[type=SOLID] [color=#555555]}] [fill={[type=SOLID] [color=#CCCCCC]}] [data="M170.00,0.00L169.96,1.26L169.84,2.51L169.65,3.75L169.37,4.97L169.02,6.18L168.60,7.36L168.10,8.52L167.53,9.64L166.89,10.72L166.18,11.76L165.41,12.75L164.58,13.69L163.69,14.58L162.75,15.41L161.76,16.18L160.72,16.89L159.64,17.53L158.52,18.10L157.36,18.60L156.18,19.02L154.97,19.37L153.75,19.65L152.51,19.84L151.26,19.96L150.00,20.00L148.74,19.96L147.49,19.84L146.25,19.65L145.03,19.37L143.82,19.02L142.64,18.60L141.48,18.10L140.36,17.53L139.28,16.89L138.24,16.18L137.25,15.41L136.31,14.58L135.42,13.69L134.59,12.75L133.82,11.76L133.11,10.72L132.47,9.64L131.90,8.52L131.40,7.36L130.98,6.18L130.63,4.97L130.35,3.75L130.16,2.51L130.04,1.26L130.00,-0.00L130.04,-1.26L130.16,-2.51L130.35,-3.75L130.63,-4.97L130.98,-6.18L131.40,-7.36L131.90,-8.52L132.47,-9.64L133.11,-10.72L133.82,-11.76L134.59,-12.75L135.42,-13.69L136.31,-14.58L137.25,-15.41L138.24,-16.18L139.28,-16.89L140.36,-17.53L141.48,-18.10L142.64,-18.60L143.82,-19.02L145.03,-19.37L146.25,-19.65L147.49,-19.84L148.74,-19.96L150.00,-20.00L151.26,-19.96L152.51,-19.84L153.75,-19.65L154.97,-19.37L156.18,-19.02L157.36,-18.60L158.52,-18.10L159.64,-17.53L160.72,-16.89L161.76,-16.18L162.75,-15.41L163.69,-14.58L164.58,-13.69L165.41,-12.75L166.18,-11.76L166.89,-10.72L167.53,-9.64L168.10,-8.52L168.60,-7.36L169.02,-6.18L169.37,-4.97L169.65,-3.75L169.84,-2.51L169.96,-1.26"]
        RenderPath {circle} at (97.10,37.10) size 25.80x25.80 [stroke={[type=SOLID] [color=#000000] [stroke width=3.00]}] [fill={[type=SOLID] [color=#CC0066]}] [data="M20.00,0.00L19.96,1.26L19.84,2.51L19.65,3.75L19.37,4.97L19.02,6.18L18.60,7.36L18.10,8.52L17.53,9.64L16.89,10.72L16.18,11.76L15.41,12.75L14.58,13.69L13.69,14.58L12.75,15.41L11.76,16.18L10.72,16.89L9.64,17.53L8.52,18.10L7.36,18.60L6.18,19.02L4.97,19.37L3.75,19.65L2.51,19.84L1.26,19.96L-0.00,20.00L-1.26,19.96L-2.51,19.84L-3.75,19.65L-4.97,19.37L-6.18,19.02L-7.36,18.60L-8.52,18.10L-9.64,17.53L-10.72,16.89L-11.76,16.18L-12.75,15.41L-13.69,14.58L-14.58,13.69L-15.41,12.75L-16.18,11.76L-16.89,10.72L-17.53,9.64L-18.10,8.52L-18.60,7.36L-19.02,6.18L-19.37,4.97L-19.65,3.75L-19.84,2.51L-19.96,1.26L-20.00,-0.00L-19.96,-1.26L-19.84,-2.51L-19.65,-3.75L-19.37,-4.97L-19.02,-6.18L-18.60,-7.36L-18.10,-8.52L-17.53,-9.64L-16.89,-10.72L-16.18,-11.76L-15.41,-12.75L-14.58,-13.69L-13.69,-14.58L-12.75,-15.41L-11.76,-16.18L-10.72,-16.89L-9.64,-17.53L-8.52,-18.10L-7.36,-18.60L-6.18,-19.02L-4.97,-19.37L-3.75,-19.65L-2.51,-19.84L-1.26,-19.96L0.00,-20.00L1.26,-19.96L2.51,-19.84L3.75,-19.65L4.97,-19.37L6.18,-19.02L7.36,-18.60L8.52,-18.10L9.64,-17.53L10.72,-16.89L11.76,-16.18L12.75,-15.41L13.69,-14.58L14.58,-13.69L15.41,-12.75L16.18,-11.76L16.89,-10.72L17.53,-9.64L18.10,-8.52L18.60,-7.36L19.02,-6.18L19.37,-4.97L19.65,-3.75L19.84,-2.51L19.96,-1.26"]
      RenderSVGContainer {g} at (267.70,15.20) size 204.60x47.70 [transform={m=((0.60,0.00)(0.00,0.60)) t=(370.00,50.00)}]
        RenderSVGText {text} at (-160,-30) size 480x36 [color=#CCCCCC]
          RenderSVGInlineText {#text} at (0,-28) size 15x36
            text run at (0,-28) width 15: "0"
        RenderSVGText {text} at (-100,-30) size 480x36 [color=#CCCCCC]
          RenderSVGInlineText {#text} at (0,-28) size 15x36
            text run at (0,-28) width 15: "2"
        RenderSVGText {text} at (80,-30) size 480x36 [color=#CCCCCC]
          RenderSVGInlineText {#text} at (0,-28) size 15x36
            text run at (0,-28) width 15: "2"
        RenderSVGText {text} at (140,-30) size 480x36 [color=#CCCCCC]
          RenderSVGInlineText {#text} at (0,-28) size 15x36
            text run at (0,-28) width 15: "4"
        RenderSVGContainer {g} at (280,49.70) size 178.80x0.60
          RenderPath {polyline} at (280,49.70) size 34.80x0.60 [stroke={[type=SOLID] [color=#888888] [dash array={10.00, 6.00}]}] [data="M-150.00,0.00L-90.00,0.00"]
          RenderPath {polyline} at (424,49.70) size 34.80x0.60 [stroke={[type=SOLID] [color=#888888] [dash array={10.00, 6.00}]}] [data="M90.00,0.00L150.00,0.00"]
        RenderSVGContainer {g} at (267.70,37.70) size 204.60x24.60
          RenderPath {circle} at (267.70,37.70) size 24.60x24.60 [stroke={[type=SOLID] [color=#555555]}] [fill={[type=SOLID] [color=#CCCCCC]}] [data="M-130.00,0.00L-130.04,1.26L-130.16,2.51L-130.35,3.75L-130.63,4.97L-130.98,6.18L-131.40,7.36L-131.90,8.52L-132.47,9.64L-133.11,10.72L-133.82,11.76L-134.59,12.75L-135.42,13.69L-136.31,14.58L-137.25,15.41L-138.24,16.18L-139.28,16.89L-140.36,17.53L-141.48,18.10L-142.64,18.60L-143.82,19.02L-145.03,19.37L-146.25,19.65L-147.49,19.84L-148.74,19.96L-150.00,20.00L-151.26,19.96L-152.51,19.84L-153.75,19.65L-154.97,19.37L-156.18,19.02L-157.36,18.60L-158.52,18.10L-159.64,17.53L-160.72,16.89L-161.76,16.18L-162.75,15.41L-163.69,14.58L-164.58,13.69L-165.41,12.75L-166.18,11.76L-166.89,10.72L-167.53,9.64L-168.10,8.52L-168.60,7.36L-169.02,6.18L-169.37,4.97L-169.65,3.75L-169.84,2.51L-169.96,1.26L-170.00,-0.00L-169.96,-1.26L-169.84,-2.51L-169.65,-3.75L-169.37,-4.97L-169.02,-6.18L-168.60,-7.36L-168.10,-8.52L-167.53,-9.64L-166.89,-10.72L-166.18,-11.76L-165.41,-12.75L-164.58,-13.69L-163.69,-14.58L-162.75,-15.41L-161.76,-16.18L-160.72,-16.89L-159.64,-17.53L-158.52,-18.10L-157.36,-18.60L-156.18,-19.02L-154.97,-19.37L-153.75,-19.65L-152.51,-19.84L-151.26,-19.96L-150.00,-20.00L-148.74,-19.96L-147.49,-19.84L-146.25,-19.65L-145.03,-19.37L-143.82,-19.02L-142.64,-18.60L-141.48,-18.10L-140.36,-17.53L-139.28,-16.89L-138.24,-16.18L-137.25,-15.41L-136.31,-14.58L-135.42,-13.69L-134.59,-12.75L-133.82,-11.76L-133.11,-10.72L-132.47,-9.64L-131.90,-8.52L-131.40,-7.36L-130.98,-6.18L-130.63,-4.97L-130.35,-3.75L-130.16,-2.51L-130.04,-1.26"]
          RenderPath {circle} at (303.70,37.70) size 24.60x24.60 [stroke={[type=SOLID] [color=#555555]}] [fill={[type=SOLID] [color=#CCCCCC]}] [data="M-70.00,0.00L-70.04,1.26L-70.16,2.51L-70.35,3.75L-70.63,4.97L-70.98,6.18L-71.40,7.36L-71.90,8.52L-72.47,9.64L-73.11,10.72L-73.82,11.76L-74.59,12.75L-75.42,13.69L-76.31,14.58L-77.25,15.41L-78.24,16.18L-79.28,16.89L-80.36,17.53L-81.48,18.10L-82.64,18.60L-83.82,19.02L-85.03,19.37L-86.25,19.65L-87.49,19.84L-88.74,19.96L-90.00,20.00L-91.26,19.96L-92.51,19.84L-93.75,19.65L-94.97,19.37L-96.18,19.02L-97.36,18.60L-98.52,18.10L-99.64,17.53L-100.72,16.89L-101.76,16.18L-102.75,15.41L-103.69,14.58L-104.58,13.69L-105.41,12.75L-106.18,11.76L-106.89,10.72L-107.53,9.64L-108.10,8.52L-108.60,7.36L-109.02,6.18L-109.37,4.97L-109.65,3.75L-109.84,2.51L-109.96,1.26L-110.00,-0.00L-109.96,-1.26L-109.84,-2.51L-109.65,-3.75L-109.37,-4.97L-109.02,-6.18L-108.60,-7.36L-108.10,-8.52L-107.53,-9.64L-106.89,-10.72L-106.18,-11.76L-105.41,-12.75L-104.58,-13.69L-103.69,-14.58L-102.75,-15.41L-101.76,-16.18L-100.72,-16.89L-99.64,-17.53L-98.52,-18.10L-97.36,-18.60L-96.18,-19.02L-94.97,-19.37L-93.75,-19.65L-92.51,-19.84L-91.26,-19.96L-90.00,-20.00L-88.74,-19.96L-87.49,-19.84L-86.25,-19.65L-85.03,-19.37L-83.82,-19.02L-82.64,-18.60L-81.48,-18.10L-80.36,-17.53L-79.28,-16.89L-78.24,-16.18L-77.25,-15.41L-76.31,-14.58L-75.42,-13.69L-74.59,-12.75L-73.82,-11.76L-73.11,-10.72L-72.47,-9.64L-71.90,-8.52L-71.40,-7.36L-70.98,-6.18L-70.63,-4.97L-70.35,-3.75L-70.16,-2.51L-70.04,-1.26"]
          RenderPath {circle} at (411.70,37.70) size 24.60x24.60 [stroke={[type=SOLID] [color=#555555]}] [fill={[type=SOLID] [color=#CCCCCC]}] [data="M110.00,0.00L109.96,1.26L109.84,2.51L109.65,3.75L109.37,4.97L109.02,6.18L108.60,7.36L108.10,8.52L107.53,9.64L106.89,10.72L106.18,11.76L105.41,12.75L104.58,13.69L103.69,14.58L102.75,15.41L101.76,16.18L100.72,16.89L99.64,17.53L98.52,18.10L97.36,18.60L96.18,19.02L94.97,19.37L93.75,19.65L92.51,19.84L91.26,19.96L90.00,20.00L88.74,19.96L87.49,19.84L86.25,19.65L85.03,19.37L83.82,19.02L82.64,18.60L81.48,18.10L80.36,17.53L79.28,16.89L78.24,16.18L77.25,15.41L76.31,14.58L75.42,13.69L74.59,12.75L73.82,11.76L73.11,10.72L72.47,9.64L71.90,8.52L71.40,7.36L70.98,6.18L70.63,4.97L70.35,3.75L70.16,2.51L70.04,1.26L70.00,-0.00L70.04,-1.26L70.16,-2.51L70.35,-3.75L70.63,-4.97L70.98,-6.18L71.40,-7.36L71.90,-8.52L72.47,-9.64L73.11,-10.72L73.82,-11.76L74.59,-12.75L75.42,-13.69L76.31,-14.58L77.25,-15.41L78.24,-16.18L79.28,-16.89L80.36,-17.53L81.48,-18.10L82.64,-18.60L83.82,-19.02L85.03,-19.37L86.25,-19.65L87.49,-19.84L88.74,-19.96L90.00,-20.00L91.26,-19.96L92.51,-19.84L93.75,-19.65L94.97,-19.37L96.18,-19.02L97.36,-18.60L98.52,-18.10L99.64,-17.53L100.72,-16.89L101.76,-16.18L102.75,-15.41L103.69,-14.58L104.58,-13.69L105.41,-12.75L106.18,-11.76L106.89,-10.72L107.53,-9.64L108.10,-8.52L108.60,-7.36L109.02,-6.18L109.37,-4.97L109.65,-3.75L109.84,-2.51L109.96,-1.26"]
          RenderPath {circle} at (447.70,37.70) size 24.60x24.60 [stroke={[type=SOLID] [color=#555555]}] [fill={[type=SOLID] [color=#CCCCCC]}] [data="M170.00,0.00L169.96,1.26L169.84,2.51L169.65,3.75L169.37,4.97L169.02,6.18L168.60,7.36L168.10,8.52L167.53,9.64L166.89,10.72L166.18,11.76L165.41,12.75L164.58,13.69L163.69,14.58L162.75,15.41L161.76,16.18L160.72,16.89L159.64,17.53L158.52,18.10L157.36,18.60L156.18,19.02L154.97,19.37L153.75,19.65L152.51,19.84L151.26,19.96L150.00,20.00L148.74,19.96L147.49,19.84L146.25,19.65L145.03,19.37L143.82,19.02L142.64,18.60L141.48,18.10L140.36,17.53L139.28,16.89L138.24,16.18L137.25,15.41L136.31,14.58L135.42,13.69L134.59,12.75L133.82,11.76L133.11,10.72L132.47,9.64L131.90,8.52L131.40,7.36L130.98,6.18L130.63,4.97L130.35,3.75L130.16,2.51L130.04,1.26L130.00,-0.00L130.04,-1.26L130.16,-2.51L130.35,-3.75L130.63,-4.97L130.98,-6.18L131.40,-7.36L131.90,-8.52L132.47,-9.64L133.11,-10.72L133.82,-11.76L134.59,-12.75L135.42,-13.69L136.31,-14.58L137.25,-15.41L138.24,-16.18L139.28,-16.89L140.36,-17.53L141.48,-18.10L142.64,-18.60L143.82,-19.02L145.03,-19.37L146.25,-19.65L147.49,-19.84L148.74,-19.96L150.00,-20.00L151.26,-19.96L152.51,-19.84L153.75,-19.65L154.97,-19.37L156.18,-19.02L157.36,-18.60L158.52,-18.10L159.64,-17.53L160.72,-16.89L161.76,-16.18L162.75,-15.41L163.69,-14.58L164.58,-13.69L165.41,-12.75L166.18,-11.76L166.89,-10.72L167.53,-9.64L168.10,-8.52L168.60,-7.36L169.02,-6.18L169.37,-4.97L169.65,-3.75L169.84,-2.51L169.96,-1.26"]
        RenderPath {circle} at (357.10,37.10) size 25.80x25.80 [stroke={[type=SOLID] [color=#000000] [stroke width=3.00]}] [fill={[type=SOLID] [color=#CC0066]}] [data="M20.00,0.00L19.96,1.26L19.84,2.51L19.65,3.75L19.37,4.97L19.02,6.18L18.60,7.36L18.10,8.52L17.53,9.64L16.89,10.72L16.18,11.76L15.41,12.75L14.58,13.69L13.69,14.58L12.75,15.41L11.76,16.18L10.72,16.89L9.64,17.53L8.52,18.10L7.36,18.60L6.18,19.02L4.97,19.37L3.75,19.65L2.51,19.84L1.26,19.96L-0.00,20.00L-1.26,19.96L-2.51,19.84L-3.75,19.65L-4.97,19.37L-6.18,19.02L-7.36,18.60L-8.52,18.10L-9.64,17.53L-10.72,16.89L-11.76,16.18L-12.75,15.41L-13.69,14.58L-14.58,13.69L-15.41,12.75L-16.18,11.76L-16.89,10.72L-17.53,9.64L-18.10,8.52L-18.60,7.36L-19.02,6.18L-19.37,4.97L-19.65,3.75L-19.84,2.51L-19.96,1.26L-20.00,-0.00L-19.96,-1.26L-19.84,-2.51L-19.65,-3.75L-19.37,-4.97L-19.02,-6.18L-18.60,-7.36L-18.10,-8.52L-17.53,-9.64L-16.89,-10.72L-16.18,-11.76L-15.41,-12.75L-14.58,-13.69L-13.69,-14.58L-12.75,-15.41L-11.76,-16.18L-10.72,-16.89L-9.64,-17.53L-8.52,-18.10L-7.36,-18.60L-6.18,-19.02L-4.97,-19.37L-3.75,-19.65L-2.51,-19.84L-1.26,-19.96L0.00,-20.00L1.26,-19.96L2.51,-19.84L3.75,-19.65L4.97,-19.37L6.18,-19.02L7.36,-18.60L8.52,-18.10L9.64,-17.53L10.72,-16.89L11.76,-16.18L12.75,-15.41L13.69,-14.58L14.58,-13.69L15.41,-12.75L16.18,-11.76L16.89,-10.72L17.53,-9.64L18.10,-8.52L18.60,-7.36L19.02,-6.18L19.37,-4.97L19.65,-3.75L19.84,-2.51L19.96,-1.26"]
      RenderSVGContainer {g} at (34.70,127.20) size 150.60x69.60 [transform={m=((0.60,0.00)(0.00,0.60)) t=(110.00,180.00)}]
        RenderSVGText {text} at (-115,-30) size 480x36 [color=#CCCCCC]
          RenderSVGInlineText {#text} at (0,-28) size 15x36
            text run at (0,-28) width 15: "3"
        RenderSVGText {text} at (-85,-60) size 480x36 [color=#CCCCCC]
          RenderSVGInlineText {#text} at (0,-28) size 38x36
            text run at (0,-28) width 38: "2.6"
        RenderSVGText {text} at (60,-60) size 480x36 [color=#CCCCCC]
          RenderSVGInlineText {#text} at (0,-28) size 15x36
            text run at (0,-28) width 15: "0"
        RenderSVGText {text} at (95,-30) size 480x36 [color=#CCCCCC]
          RenderSVGInlineText {#text} at (0,-28) size 15x36
            text run at (0,-28) width 15: "1"
        RenderSVGText {text} at (-75,20) size 480x36 [color=#CCCCCC]
          RenderSVGInlineText {#text} at (0,-28) size 15x36
            text run at (0,-28) width 15: "4"
        RenderSVGText {text} at (40,20) size 480x36 [color=#CCCCCC]
          RenderSVGInlineText {#text} at (0,-28) size 38x36
            text run at (0,-28) width 38: "1.4"
        RenderSVGContainer {g} at (46.82,143.70) size 126.36x36.54
          RenderPath {polyline} at (46.82,143.70) size 126.36x36.54 [stroke={[type=SOLID] [color=#888888] [dash array={10.00, 6.00}]}] [data="M-105.00,0.00L-25.00,-60.00L25.00,-60.00L105.00,0.00"]
        RenderSVGContainer {g} at (34.70,149.70) size 150.60x42.60
          RenderPath {circle} at (34.70,167.70) size 24.60x24.60 [stroke={[type=SOLID] [color=#555555]}] [fill={[type=SOLID] [color=#CCCCCC]}] [data="M-85.00,0.00L-85.04,1.26L-85.16,2.51L-85.35,3.75L-85.63,4.97L-85.98,6.18L-86.40,7.36L-86.90,8.52L-87.47,9.64L-88.11,10.72L-88.82,11.76L-89.59,12.75L-90.42,13.69L-91.31,14.58L-92.25,15.41L-93.24,16.18L-94.28,16.89L-95.36,17.53L-96.48,18.10L-97.64,18.60L-98.82,19.02L-100.03,19.37L-101.25,19.65L-102.49,19.84L-103.74,19.96L-105.00,20.00L-106.26,19.96L-107.51,19.84L-108.75,19.65L-109.97,19.37L-111.18,19.02L-112.36,18.60L-113.52,18.10L-114.64,17.53L-115.72,16.89L-116.76,16.18L-117.75,15.41L-118.69,14.58L-119.58,13.69L-120.41,12.75L-121.18,11.76L-121.89,10.72L-122.53,9.64L-123.10,8.52L-123.60,7.36L-124.02,6.18L-124.37,4.97L-124.65,3.75L-124.84,2.51L-124.96,1.26L-125.00,-0.00L-124.96,-1.26L-124.84,-2.51L-124.65,-3.75L-124.37,-4.97L-124.02,-6.18L-123.60,-7.36L-123.10,-8.52L-122.53,-9.64L-121.89,-10.72L-121.18,-11.76L-120.41,-12.75L-119.58,-13.69L-118.69,-14.58L-117.75,-15.41L-116.76,-16.18L-115.72,-16.89L-114.64,-17.53L-113.52,-18.10L-112.36,-18.60L-111.18,-19.02L-109.97,-19.37L-108.75,-19.65L-107.51,-19.84L-106.26,-19.96L-105.00,-20.00L-103.74,-19.96L-102.49,-19.84L-101.25,-19.65L-100.03,-19.37L-98.82,-19.02L-97.64,-18.60L-96.48,-18.10L-95.36,-17.53L-94.28,-16.89L-93.24,-16.18L-92.25,-15.41L-91.31,-14.58L-90.42,-13.69L-89.59,-12.75L-88.82,-11.76L-88.11,-10.72L-87.47,-9.64L-86.90,-8.52L-86.40,-7.36L-85.98,-6.18L-85.63,-4.97L-85.35,-3.75L-85.16,-2.51L-85.04,-1.26"]
          RenderPath {circle} at (58.70,149.70) size 24.60x24.60 [stroke={[type=SOLID] [color=#555555]}] [fill={[type=SOLID] [color=#CCCCCC]}] [data="M-45.00,-30.00L-45.04,-28.74L-45.16,-27.49L-45.35,-26.25L-45.63,-25.03L-45.98,-23.82L-46.40,-22.64L-46.90,-21.48L-47.47,-20.36L-48.11,-19.28L-48.82,-18.24L-49.59,-17.25L-50.42,-16.31L-51.31,-15.42L-52.25,-14.59L-53.24,-13.82L-54.28,-13.11L-55.36,-12.47L-56.48,-11.90L-57.64,-11.40L-58.82,-10.98L-60.03,-10.63L-61.25,-10.35L-62.49,-10.16L-63.74,-10.04L-65.00,-10.00L-66.26,-10.04L-67.51,-10.16L-68.75,-10.35L-69.97,-10.63L-71.18,-10.98L-72.36,-11.40L-73.52,-11.90L-74.64,-12.47L-75.72,-13.11L-76.76,-13.82L-77.75,-14.59L-78.69,-15.42L-79.58,-16.31L-80.41,-17.25L-81.18,-18.24L-81.89,-19.28L-82.53,-20.36L-83.10,-21.48L-83.60,-22.64L-84.02,-23.82L-84.37,-25.03L-84.65,-26.25L-84.84,-27.49L-84.96,-28.74L-85.00,-30.00L-84.96,-31.26L-84.84,-32.51L-84.65,-33.75L-84.37,-34.97L-84.02,-36.18L-83.60,-37.36L-83.10,-38.52L-82.53,-39.64L-81.89,-40.72L-81.18,-41.76L-80.41,-42.75L-79.58,-43.69L-78.69,-44.58L-77.75,-45.41L-76.76,-46.18L-75.72,-46.89L-74.64,-47.53L-73.52,-48.10L-72.36,-48.60L-71.18,-49.02L-69.97,-49.37L-68.75,-49.65L-67.51,-49.84L-66.26,-49.96L-65.00,-50.00L-63.74,-49.96L-62.49,-49.84L-61.25,-49.65L-60.03,-49.37L-58.82,-49.02L-57.64,-48.60L-56.48,-48.10L-55.36,-47.53L-54.28,-46.89L-53.24,-46.18L-52.25,-45.41L-51.31,-44.58L-50.42,-43.69L-49.59,-42.75L-48.82,-41.76L-48.11,-40.72L-47.47,-39.64L-46.90,-38.52L-46.40,-37.36L-45.98,-36.18L-45.63,-34.97L-45.35,-33.75L-45.16,-32.51L-45.04,-31.26"]
          RenderPath {circle} at (136.70,149.70) size 24.60x24.60 [stroke={[type=SOLID] [color=#555555]}] [fill={[type=SOLID] [color=#CCCCCC]}] [data="M85.00,-30.00L84.96,-28.74L84.84,-27.49L84.65,-26.25L84.37,-25.03L84.02,-23.82L83.60,-22.64L83.10,-21.48L82.53,-20.36L81.89,-19.28L81.18,-18.24L80.41,-17.25L79.58,-16.31L78.69,-15.42L77.75,-14.59L76.76,-13.82L75.72,-13.11L74.64,-12.47L73.52,-11.90L72.36,-11.40L71.18,-10.98L69.97,-10.63L68.75,-10.35L67.51,-10.16L66.26,-10.04L65.00,-10.00L63.74,-10.04L62.49,-10.16L61.25,-10.35L60.03,-10.63L58.82,-10.98L57.64,-11.40L56.48,-11.90L55.36,-12.47L54.28,-13.11L53.24,-13.82L52.25,-14.59L51.31,-15.42L50.42,-16.31L49.59,-17.25L48.82,-18.24L48.11,-19.28L47.47,-20.36L46.90,-21.48L46.40,-22.64L45.98,-23.82L45.63,-25.03L45.35,-26.25L45.16,-27.49L45.04,-28.74L45.00,-30.00L45.04,-31.26L45.16,-32.51L45.35,-33.75L45.63,-34.97L45.98,-36.18L46.40,-37.36L46.90,-38.52L47.47,-39.64L48.11,-40.72L48.82,-41.76L49.59,-42.75L50.42,-43.69L51.31,-44.58L52.25,-45.41L53.24,-46.18L54.28,-46.89L55.36,-47.53L56.48,-48.10L57.64,-48.60L58.82,-49.02L60.03,-49.37L61.25,-49.65L62.49,-49.84L63.74,-49.96L65.00,-50.00L66.26,-49.96L67.51,-49.84L68.75,-49.65L69.97,-49.37L71.18,-49.02L72.36,-48.60L73.52,-48.10L74.64,-47.53L75.72,-46.89L76.76,-46.18L77.75,-45.41L78.69,-44.58L79.58,-43.69L80.41,-42.75L81.18,-41.76L81.89,-40.72L82.53,-39.64L83.10,-38.52L83.60,-37.36L84.02,-36.18L84.37,-34.97L84.65,-33.75L84.84,-32.51L84.96,-31.26"]
          RenderPath {circle} at (160.70,167.70) size 24.60x24.60 [stroke={[type=SOLID] [color=#555555]}] [fill={[type=SOLID] [color=#CCCCCC]}] [data="M125.00,0.00L124.96,1.26L124.84,2.51L124.65,3.75L124.37,4.97L124.02,6.18L123.60,7.36L123.10,8.52L122.53,9.64L121.89,10.72L121.18,11.76L120.41,12.75L119.58,13.69L118.69,14.58L117.75,15.41L116.76,16.18L115.72,16.89L114.64,17.53L113.52,18.10L112.36,18.60L111.18,19.02L109.97,19.37L108.75,19.65L107.51,19.84L106.26,19.96L105.00,20.00L103.74,19.96L102.49,19.84L101.25,19.65L100.03,19.37L98.82,19.02L97.64,18.60L96.48,18.10L95.36,17.53L94.28,16.89L93.24,16.18L92.25,15.41L91.31,14.58L90.42,13.69L89.59,12.75L88.82,11.76L88.11,10.72L87.47,9.64L86.90,8.52L86.40,7.36L85.98,6.18L85.63,4.97L85.35,3.75L85.16,2.51L85.04,1.26L85.00,-0.00L85.04,-1.26L85.16,-2.51L85.35,-3.75L85.63,-4.97L85.98,-6.18L86.40,-7.36L86.90,-8.52L87.47,-9.64L88.11,-10.72L88.82,-11.76L89.59,-12.75L90.42,-13.69L91.31,-14.58L92.25,-15.41L93.24,-16.18L94.28,-16.89L95.36,-17.53L96.48,-18.10L97.64,-18.60L98.82,-19.02L100.03,-19.37L101.25,-19.65L102.49,-19.84L103.74,-19.96L105.00,-20.00L106.26,-19.96L107.51,-19.84L108.75,-19.65L109.97,-19.37L111.18,-19.02L112.36,-18.60L113.52,-18.10L114.64,-17.53L115.72,-16.89L116.76,-16.18L117.75,-15.41L118.69,-14.58L119.58,-13.69L120.41,-12.75L121.18,-11.76L121.89,-10.72L122.53,-9.64L123.10,-8.52L123.60,-7.36L124.02,-6.18L124.37,-4.97L124.65,-3.75L124.84,-2.51L124.96,-1.26"]
        RenderPath {circle} at (97.10,167.10) size 25.80x25.80 [stroke={[type=SOLID] [color=#000000] [stroke width=3.00]}] [fill={[type=SOLID] [color=#CC0066]}] [data="M20.00,0.00L19.96,1.26L19.84,2.51L19.65,3.75L19.37,4.97L19.02,6.18L18.60,7.36L18.10,8.52L17.53,9.64L16.89,10.72L16.18,11.76L15.41,12.75L14.58,13.69L13.69,14.58L12.75,15.41L11.76,16.18L10.72,16.89L9.64,17.53L8.52,18.10L7.36,18.60L6.18,19.02L4.97,19.37L3.75,19.65L2.51,19.84L1.26,19.96L-0.00,20.00L-1.26,19.96L-2.51,19.84L-3.75,19.65L-4.97,19.37L-6.18,19.02L-7.36,18.60L-8.52,18.10L-9.64,17.53L-10.72,16.89L-11.76,16.18L-12.75,15.41L-13.69,14.58L-14.58,13.69L-15.41,12.75L-16.18,11.76L-16.89,10.72L-17.53,9.64L-18.10,8.52L-18.60,7.36L-19.02,6.18L-19.37,4.97L-19.65,3.75L-19.84,2.51L-19.96,1.26L-20.00,-0.00L-19.96,-1.26L-19.84,-2.51L-19.65,-3.75L-19.37,-4.97L-19.02,-6.18L-18.60,-7.36L-18.10,-8.52L-17.53,-9.64L-16.89,-10.72L-16.18,-11.76L-15.41,-12.75L-14.58,-13.69L-13.69,-14.58L-12.75,-15.41L-11.76,-16.18L-10.72,-16.89L-9.64,-17.53L-8.52,-18.10L-7.36,-18.60L-6.18,-19.02L-4.97,-19.37L-3.75,-19.65L-2.51,-19.84L-1.26,-19.96L0.00,-20.00L1.26,-19.96L2.51,-19.84L3.75,-19.65L4.97,-19.37L6.18,-19.02L7.36,-18.60L8.52,-18.10L9.64,-17.53L10.72,-16.89L11.76,-16.18L12.75,-15.41L13.69,-14.58L14.58,-13.69L15.41,-12.75L16.18,-11.76L16.89,-10.72L17.53,-9.64L18.10,-8.52L18.60,-7.36L19.02,-6.18L19.37,-4.97L19.65,-3.75L19.84,-2.51L19.96,-1.26"]
      RenderSVGContainer {g} at (282.70,125.20) size 174.60x69.60 [transform={m=((0.60,0.00)(0.00,0.60)) t=(370.00,160.00)}]
        RenderSVGText {text} at (-135,-30) size 480x36 [color=#CCCCCC]
          RenderSVGInlineText {#text} at (0,-28) size 15x36
            text run at (0,-28) width 15: "3"
        RenderSVGText {text} at (-95,-30) size 480x36 [color=#CCCCCC]
          RenderSVGInlineText {#text} at (0,-28) size 38x36
            text run at (0,-28) width 38: "2.6"
        RenderSVGText {text} at (65,-30) size 480x36 [color=#CCCCCC]
          RenderSVGInlineText {#text} at (0,-28) size 15x36
            text run at (0,-28) width 15: "0"
        RenderSVGText {text} at (115,-30) size 480x36 [color=#CCCCCC]
          RenderSVGInlineText {#text} at (0,-28) size 15x36
            text run at (0,-28) width 15: "1"
        RenderSVGText {text} at (-85,50) size 480x36 [color=#CCCCCC]
          RenderSVGInlineText {#text} at (0,-28) size 15x36
            text run at (0,-28) width 15: "4"
        RenderSVGText {text} at (50,50) size 480x36 [color=#CCCCCC]
          RenderSVGInlineText {#text} at (0,-28) size 38x36
            text run at (0,-28) width 38: "1.4"
        RenderSVGContainer {g} at (295,159.70) size 150x0.60
          RenderPath {polyline} at (295,159.70) size 150x0.60 [stroke={[type=SOLID] [color=#888888] [dash array={10.00, 6.00}]}] [data="M-125.00,0.00L125.00,0.00"]
        RenderSVGContainer {g} at (282.70,147.70) size 174.60x24.60
          RenderPath {circle} at (282.70,147.70) size 24.60x24.60 [stroke={[type=SOLID] [color=#555555]}] [fill={[type=SOLID] [color=#CCCCCC]}] [data="M-105.00,0.00L-105.04,1.26L-105.16,2.51L-105.35,3.75L-105.63,4.97L-105.98,6.18L-106.40,7.36L-106.90,8.52L-107.47,9.64L-108.11,10.72L-108.82,11.76L-109.59,12.75L-110.42,13.69L-111.31,14.58L-112.25,15.41L-113.24,16.18L-114.28,16.89L-115.36,17.53L-116.48,18.10L-117.64,18.60L-118.82,19.02L-120.03,19.37L-121.25,19.65L-122.49,19.84L-123.74,19.96L-125.00,20.00L-126.26,19.96L-127.51,19.84L-128.75,19.65L-129.97,19.37L-131.18,19.02L-132.36,18.60L-133.52,18.10L-134.64,17.53L-135.72,16.89L-136.76,16.18L-137.75,15.41L-138.69,14.58L-139.58,13.69L-140.41,12.75L-141.18,11.76L-141.89,10.72L-142.53,9.64L-143.10,8.52L-143.60,7.36L-144.02,6.18L-144.37,4.97L-144.65,3.75L-144.84,2.51L-144.96,1.26L-145.00,-0.00L-144.96,-1.26L-144.84,-2.51L-144.65,-3.75L-144.37,-4.97L-144.02,-6.18L-143.60,-7.36L-143.10,-8.52L-142.53,-9.64L-141.89,-10.72L-141.18,-11.76L-140.41,-12.75L-139.58,-13.69L-138.69,-14.58L-137.75,-15.41L-136.76,-16.18L-135.72,-16.89L-134.64,-17.53L-133.52,-18.10L-132.36,-18.60L-131.18,-19.02L-129.97,-19.37L-128.75,-19.65L-127.51,-19.84L-126.26,-19.96L-125.00,-20.00L-123.74,-19.96L-122.49,-19.84L-121.25,-19.65L-120.03,-19.37L-118.82,-19.02L-117.64,-18.60L-116.48,-18.10L-115.36,-17.53L-114.28,-16.89L-113.24,-16.18L-112.25,-15.41L-111.31,-14.58L-110.42,-13.69L-109.59,-12.75L-108.82,-11.76L-108.11,-10.72L-107.47,-9.64L-106.90,-8.52L-106.40,-7.36L-105.98,-6.18L-105.63,-4.97L-105.35,-3.75L-105.16,-2.51L-105.04,-1.26"]
          RenderPath {circle} at (312.70,147.70) size 24.60x24.60 [stroke={[type=SOLID] [color=#555555]}] [fill={[type=SOLID] [color=#CCCCCC]}] [data="M-55.00,0.00L-55.04,1.26L-55.16,2.51L-55.35,3.75L-55.63,4.97L-55.98,6.18L-56.40,7.36L-56.90,8.52L-57.47,9.64L-58.11,10.72L-58.82,11.76L-59.59,12.75L-60.42,13.69L-61.31,14.58L-62.25,15.41L-63.24,16.18L-64.28,16.89L-65.36,17.53L-66.48,18.10L-67.64,18.60L-68.82,19.02L-70.03,19.37L-71.25,19.65L-72.49,19.84L-73.74,19.96L-75.00,20.00L-76.26,19.96L-77.51,19.84L-78.75,19.65L-79.97,19.37L-81.18,19.02L-82.36,18.60L-83.52,18.10L-84.64,17.53L-85.72,16.89L-86.76,16.18L-87.75,15.41L-88.69,14.58L-89.58,13.69L-90.41,12.75L-91.18,11.76L-91.89,10.72L-92.53,9.64L-93.10,8.52L-93.60,7.36L-94.02,6.18L-94.37,4.97L-94.65,3.75L-94.84,2.51L-94.96,1.26L-95.00,-0.00L-94.96,-1.26L-94.84,-2.51L-94.65,-3.75L-94.37,-4.97L-94.02,-6.18L-93.60,-7.36L-93.10,-8.52L-92.53,-9.64L-91.89,-10.72L-91.18,-11.76L-90.41,-12.75L-89.58,-13.69L-88.69,-14.58L-87.75,-15.41L-86.76,-16.18L-85.72,-16.89L-84.64,-17.53L-83.52,-18.10L-82.36,-18.60L-81.18,-19.02L-79.97,-19.37L-78.75,-19.65L-77.51,-19.84L-76.26,-19.96L-75.00,-20.00L-73.74,-19.96L-72.49,-19.84L-71.25,-19.65L-70.03,-19.37L-68.82,-19.02L-67.64,-18.60L-66.48,-18.10L-65.36,-17.53L-64.28,-16.89L-63.24,-16.18L-62.25,-15.41L-61.31,-14.58L-60.42,-13.69L-59.59,-12.75L-58.82,-11.76L-58.11,-10.72L-57.47,-9.64L-56.90,-8.52L-56.40,-7.36L-55.98,-6.18L-55.63,-4.97L-55.35,-3.75L-55.16,-2.51L-55.04,-1.26"]
          RenderPath {circle} at (402.70,147.70) size 24.60x24.60 [stroke={[type=SOLID] [color=#555555]}] [fill={[type=SOLID] [color=#CCCCCC]}] [data="M95.00,0.00L94.96,1.26L94.84,2.51L94.65,3.75L94.37,4.97L94.02,6.18L93.60,7.36L93.10,8.52L92.53,9.64L91.89,10.72L91.18,11.76L90.41,12.75L89.58,13.69L88.69,14.58L87.75,15.41L86.76,16.18L85.72,16.89L84.64,17.53L83.52,18.10L82.36,18.60L81.18,19.02L79.97,19.37L78.75,19.65L77.51,19.84L76.26,19.96L75.00,20.00L73.74,19.96L72.49,19.84L71.25,19.65L70.03,19.37L68.82,19.02L67.64,18.60L66.48,18.10L65.36,17.53L64.28,16.89L63.24,16.18L62.25,15.41L61.31,14.58L60.42,13.69L59.59,12.75L58.82,11.76L58.11,10.72L57.47,9.64L56.90,8.52L56.40,7.36L55.98,6.18L55.63,4.97L55.35,3.75L55.16,2.51L55.04,1.26L55.00,-0.00L55.04,-1.26L55.16,-2.51L55.35,-3.75L55.63,-4.97L55.98,-6.18L56.40,-7.36L56.90,-8.52L57.47,-9.64L58.11,-10.72L58.82,-11.76L59.59,-12.75L60.42,-13.69L61.31,-14.58L62.25,-15.41L63.24,-16.18L64.28,-16.89L65.36,-17.53L66.48,-18.10L67.64,-18.60L68.82,-19.02L70.03,-19.37L71.25,-19.65L72.49,-19.84L73.74,-19.96L75.00,-20.00L76.26,-19.96L77.51,-19.84L78.75,-19.65L79.97,-19.37L81.18,-19.02L82.36,-18.60L83.52,-18.10L84.64,-17.53L85.72,-16.89L86.76,-16.18L87.75,-15.41L88.69,-14.58L89.58,-13.69L90.41,-12.75L91.18,-11.76L91.89,-10.72L92.53,-9.64L93.10,-8.52L93.60,-7.36L94.02,-6.18L94.37,-4.97L94.65,-3.75L94.84,-2.51L94.96,-1.26"]
          RenderPath {circle} at (432.70,147.70) size 24.60x24.60 [stroke={[type=SOLID] [color=#555555]}] [fill={[type=SOLID] [color=#CCCCCC]}] [data="M145.00,0.00L144.96,1.26L144.84,2.51L144.65,3.75L144.37,4.97L144.02,6.18L143.60,7.36L143.10,8.52L142.53,9.64L141.89,10.72L141.18,11.76L140.41,12.75L139.58,13.69L138.69,14.58L137.75,15.41L136.76,16.18L135.72,16.89L134.64,17.53L133.52,18.10L132.36,18.60L131.18,19.02L129.97,19.37L128.75,19.65L127.51,19.84L126.26,19.96L125.00,20.00L123.74,19.96L122.49,19.84L121.25,19.65L120.03,19.37L118.82,19.02L117.64,18.60L116.48,18.10L115.36,17.53L114.28,16.89L113.24,16.18L112.25,15.41L111.31,14.58L110.42,13.69L109.59,12.75L108.82,11.76L108.11,10.72L107.47,9.64L106.90,8.52L106.40,7.36L105.98,6.18L105.63,4.97L105.35,3.75L105.16,2.51L105.04,1.26L105.00,-0.00L105.04,-1.26L105.16,-2.51L105.35,-3.75L105.63,-4.97L105.98,-6.18L106.40,-7.36L106.90,-8.52L107.47,-9.64L108.11,-10.72L108.82,-11.76L109.59,-12.75L110.42,-13.69L111.31,-14.58L112.25,-15.41L113.24,-16.18L114.28,-16.89L115.36,-17.53L116.48,-18.10L117.64,-18.60L118.82,-19.02L120.03,-19.37L121.25,-19.65L122.49,-19.84L123.74,-19.96L125.00,-20.00L126.26,-19.96L127.51,-19.84L128.75,-19.65L129.97,-19.37L131.18,-19.02L132.36,-18.60L133.52,-18.10L134.64,-17.53L135.72,-16.89L136.76,-16.18L137.75,-15.41L138.69,-14.58L139.58,-13.69L140.41,-12.75L141.18,-11.76L141.89,-10.72L142.53,-9.64L143.10,-8.52L143.60,-7.36L144.02,-6.18L144.37,-4.97L144.65,-3.75L144.84,-2.51L144.96,-1.26"]
        RenderPath {circle} at (357.10,147.10) size 25.80x25.80 [stroke={[type=SOLID] [color=#000000] [stroke width=3.00]}] [fill={[type=SOLID] [color=#CC0066]}] [data="M20.00,0.00L19.96,1.26L19.84,2.51L19.65,3.75L19.37,4.97L19.02,6.18L18.60,7.36L18.10,8.52L17.53,9.64L16.89,10.72L16.18,11.76L15.41,12.75L14.58,13.69L13.69,14.58L12.75,15.41L11.76,16.18L10.72,16.89L9.64,17.53L8.52,18.10L7.36,18.60L6.18,19.02L4.97,19.37L3.75,19.65L2.51,19.84L1.26,19.96L-0.00,20.00L-1.26,19.96L-2.51,19.84L-3.75,19.65L-4.97,19.37L-6.18,19.02L-7.36,18.60L-8.52,18.10L-9.64,17.53L-10.72,16.89L-11.76,16.18L-12.75,15.41L-13.69,14.58L-14.58,13.69L-15.41,12.75L-16.18,11.76L-16.89,10.72L-17.53,9.64L-18.10,8.52L-18.60,7.36L-19.02,6.18L-19.37,4.97L-19.65,3.75L-19.84,2.51L-19.96,1.26L-20.00,-0.00L-19.96,-1.26L-19.84,-2.51L-19.65,-3.75L-19.37,-4.97L-19.02,-6.18L-18.60,-7.36L-18.10,-8.52L-17.53,-9.64L-16.89,-10.72L-16.18,-11.76L-15.41,-12.75L-14.58,-13.69L-13.69,-14.58L-12.75,-15.41L-11.76,-16.18L-10.72,-16.89L-9.64,-17.53L-8.52,-18.10L-7.36,-18.60L-6.18,-19.02L-4.97,-19.37L-3.75,-19.65L-2.51,-19.84L-1.26,-19.96L0.00,-20.00L1.26,-19.96L2.51,-19.84L3.75,-19.65L4.97,-19.37L6.18,-19.02L7.36,-18.60L8.52,-18.10L9.64,-17.53L10.72,-16.89L11.76,-16.18L12.75,-15.41L13.69,-14.58L14.58,-13.69L15.41,-12.75L16.18,-11.76L16.89,-10.72L17.53,-9.64L18.10,-8.52L18.60,-7.36L19.02,-6.18L19.37,-4.97L19.65,-3.75L19.84,-2.51L19.96,-1.26"]
      RenderSVGText {text} at (5,235) size 480x32
        RenderSVGInlineText {#text} at (0,-25) size 367x32
          text run at (0,-25) width 367: "Test of keyPoints and keyTimes."
      RenderSVGText {text} at (5,265) size 480x22
        RenderSVGInlineText {#text} at (0,-17) size 392x22
          text run at (0,-17) width 392: "Number indicates the circle's passing time in seconds."
      RenderSVGText {text} at (10,340) size 480x46
        RenderSVGInlineText {#text} at (0,-36) size 264x46
          text run at (0,-36) width 264: "$Revision: 1.8 $"
      RenderPath {rect} at (0.50,0.50) size 479x359 [stroke={[type=SOLID] [color=#000000]}] [data="M1.00,1.00L479.00,1.00L479.00,359.00L1.00,359.00"]
