layer at (0,0) size 480x360
  RenderView at (0,0) size 480x360
    RenderSVGContainer {svg} at (-34.85,-66.71) size 511.85x423.71
      RenderSVGContainer {g} at (-34.85,-66.71) size 496.85x378.71
        RenderSVGText {text} at (7,8) size 480x9
          RenderSVGInlineText {#text} at (0,-7) size 62x9
            text run at (0,-7) width 62: "Test a motion path"
        RenderSVGText {text} at (10,18) size 480x9 [color=#FF0000]
          RenderSVGInlineText {#text} at (0,-7) size 56x9
            text run at (0,-7) width 56: "'mpath' element."
        RenderSVGContainer {g} at (-34.85,-66.71) size 496.85x378.71
          RenderPath {path} at (87.78,160.76) size 303.44x99.26 [stroke={[type=SOLID] [color=#000000]}] [data="M15.00,43.00C15.00,43.00,36.00,20.00,65.00,33.00"]
          RenderPath {rect} at (57,195) size 66x66 [stroke={[type=SOLID] [color=#000000]}] [fill={[type=SOLID] [color=#FFCCCC]}] [data="M10.00,33.00L20.00,33.00L20.00,43.00L10.00,43.00"]
          RenderSVGText {text} at (7,50) size 480x9
            RenderSVGInlineText {#text} at (0,-7) size 20x9
              text run at (0,-7) width 20: "0 sec."
          RenderPath {rect} at (357,135) size 66x66 [stroke={[type=SOLID] [color=#000000]}] [fill={[type=SOLID] [color=#FFCCCC]}] [data="M60.00,23.00L70.00,23.00L70.00,33.00L60.00,33.00"]
          RenderSVGText {text} at (52,40) size 480x9
            RenderSVGInlineText {#text} at (0,-7) size 25x9
              text run at (0,-7) width 25: "6+ sec."
          RenderPath {path} at (-34.85,-66.71) size 69.71x69.71 [stroke={[type=SOLID] [color=#FF0000]}] [fill={[type=SOLID] [color=#0000FF]}] [data="M-5.00,0.00L0.00,-10.00L5.00,0.00"]
      RenderSVGText {text} at (5,57) size 480x8
        RenderSVGInlineText {#text} at (0,-6) size 42x8
          text run at (0,-6) width 42: "$Revision: 1.8 $"
      RenderPath {rect} at (3,3) size 474x354 [stroke={[type=SOLID] [color=#000000]}] [data="M1.00,1.00L79.00,1.00L79.00,59.00L1.00,59.00"]
