layer at (0,0) size 480x360
  RenderView at (0,0) size 480x360
    RenderSVGContainer {svg} at (0,0) size 479.50x359.50
      RenderSVGContainer {g} at (0,0) size 458.75x348.75
        RenderSVGHiddenContainer {defs} at (0,0) size 0x0
          RenderSVGContainer {g} at (0,0) size 135x135
            RenderPath {rect} at (0,0) size 90x90 [fill={[type=SOLID] [color=#FF0000]}] [data="M0.00,0.00L90.00,0.00L90.00,90.00L0.00,90.00"]
            RenderPath {rect} at (45,45) size 90x90 [fill={[type=SOLID] [color=#FFFF00]}] [data="M45.00,45.00L135.00,45.00L135.00,135.00L45.00,135.00"]
          RenderSVGContainer {g} at (-13.75,-13.75) size 162.50x162.50
            RenderPath {rect} at (-0.25,-0.25) size 135.50x135.50 [stroke={[type=SOLID] [color=#0000FF] [stroke width=0.50]}] [data="M0.00,0.00L135.00,0.00L135.00,135.00L0.00,135.00"]
            RenderPath {rect} at (-13.75,-13.75) size 162.50x162.50 [stroke={[type=SOLID] [color=#0000FF] [stroke width=0.50]}] [data="M-13.50,-13.50L148.50,-13.50L148.50,148.50L-13.50,148.50"]
        RenderSVGContainer {use} at (0,0) size 135x135
          RenderSVGContainer {g} at (0,0) size 135x135
            RenderSVGContainer {g} at (0,0) size 135x135
              RenderPath {rect} at (0,0) size 90x90 [fill={[type=SOLID] [color=#FF0000]}] [data="M0.00,0.00L90.00,0.00L90.00,90.00L0.00,90.00"]
              RenderPath {rect} at (45,45) size 90x90 [fill={[type=SOLID] [color=#FFFF00]}] [data="M45.00,45.00L135.00,45.00L135.00,135.00L45.00,135.00"]
        RenderSVGContainer {g} at (296.25,1.25) size 162.50x162.50 [transform={m=((1.00,0.00)(0.00,1.00)) t=(310.00,15.00)}]
          RenderSVGContainer {use} at (310,15) size 135x135 [filter=#blur]
            RenderSVGContainer {g} at (310,15) size 135x135
              RenderSVGContainer {g} at (310,15) size 135x135
                RenderPath {rect} at (310,15) size 90x90 [fill={[type=SOLID] [color=#FF0000]}] [data="M0.00,0.00L90.00,0.00L90.00,90.00L0.00,90.00"]
                RenderPath {rect} at (355,60) size 90x90 [fill={[type=SOLID] [color=#FFFF00]}] [data="M45.00,45.00L135.00,45.00L135.00,135.00L45.00,135.00"]
          RenderSVGContainer {use} at (296.25,1.25) size 162.50x162.50
            RenderSVGContainer {g} at (296.25,1.25) size 162.50x162.50
              RenderSVGContainer {g} at (296.25,1.25) size 162.50x162.50
                RenderPath {rect} at (309.75,14.75) size 135.50x135.50 [stroke={[type=SOLID] [color=#0000FF] [stroke width=0.50]}] [data="M0.00,0.00L135.00,0.00L135.00,135.00L0.00,135.00"]
                RenderPath {rect} at (296.25,1.25) size 162.50x162.50 [stroke={[type=SOLID] [color=#0000FF] [stroke width=0.50]}] [data="M-13.50,-13.50L148.50,-13.50L148.50,148.50L-13.50,148.50"]
        RenderSVGContainer {g} at (296.25,186.25) size 162.50x162.50 [transform={m=((1.00,0.00)(0.00,1.00)) t=(310.00,200.00)}]
          RenderSVGContainer {use} at (310,200) size 135x135 [filter=#blurxy]
            RenderSVGContainer {g} at (310,200) size 135x135
              RenderSVGContainer {g} at (310,200) size 135x135
                RenderPath {rect} at (310,200) size 90x90 [fill={[type=SOLID] [color=#FF0000]}] [data="M0.00,0.00L90.00,0.00L90.00,90.00L0.00,90.00"]
                RenderPath {rect} at (355,245) size 90x90 [fill={[type=SOLID] [color=#FFFF00]}] [data="M45.00,45.00L135.00,45.00L135.00,135.00L45.00,135.00"]
          RenderSVGContainer {use} at (296.25,186.25) size 162.50x162.50
            RenderSVGContainer {g} at (296.25,186.25) size 162.50x162.50
              RenderSVGContainer {g} at (296.25,186.25) size 162.50x162.50
                RenderPath {rect} at (309.75,199.75) size 135.50x135.50 [stroke={[type=SOLID] [color=#0000FF] [stroke width=0.50]}] [data="M0.00,0.00L135.00,0.00L135.00,135.00L0.00,135.00"]
                RenderPath {rect} at (296.25,186.25) size 162.50x162.50 [stroke={[type=SOLID] [color=#0000FF] [stroke width=0.50]}] [data="M-13.50,-13.50L148.50,-13.50L148.50,148.50L-13.50,148.50"]
      RenderSVGText {text} at (10,340) size 480x46
        RenderSVGInlineText {#text} at (0,-36) size 264x46
          text run at (0,-36) width 264: "$Revision: 1.6 $"
      RenderPath {rect} at (0.50,0.50) size 479x359 [stroke={[type=SOLID] [color=#000000]}] [data="M1.00,1.00L479.00,1.00L479.00,359.00L1.00,359.00"]
