layer at (0,0) size 480x360
  RenderView at (0,0) size 480x360
    RenderSVGContainer {svg} at (0.50,0.50) size 479x359
      RenderSVGContainer {g} at (20.20,10.20) size 439.60x289.60 [transform={m=((1.00,0.00)(0.00,1.00)) t=(15.00,-60.00)}]
        RenderSVGHiddenContainer {defs} at (0,0) size 0x0
          RenderPath {path} at (0,0) size 150x150 [fill={[type=SOLID] [color=#00FFFF]}] [data="M0.00,0.00L150.00,0.00L150.00,150.00"]
          RenderPath {path} at (0,0) size 150x150 [fill={[type=SOLID] [color=#FF00FF]}] [data="M0.00,0.00L0.00,150.00L150.00,0.00"]
          RenderPath {path} at (0,0) size 150x150 [fill={[type=SOLID] [color=#00FFFF] [opacity=0.50]}] [data="M0.00,0.00L150.00,0.00L150.00,150.00"]
          RenderPath {path} at (0,0) size 150x150 [fill={[type=SOLID] [color=#FF00FF] [opacity=0.50]}] [data="M0.00,0.00L0.00,150.00L150.00,0.00"]
        RenderSVGContainer {g} at (20.20,10.20) size 439.60x289.60 [transform={m=((0.40,0.00)(0.00,0.40)) t=(5.00,70.00)}]
          RenderPath {rect} at (20.20,10.20) size 439.60x289.60 [stroke={[type=SOLID] [color=#0000FF]}] [data="M1.00,1.00L1099.00,1.00L1099.00,724.00L1.00,724.00"]
          RenderSVGText {text} at (100,75) size 480x73
            RenderSVGInlineText {#text} at (0,-60) size 765x73
              text run at (0,-60) width 765: "on first Row : opacity 1.0"
          RenderSVGText {text} at (100,180) size 480x73
            RenderSVGInlineText {#text} at (0,-60) size 792x73
              text run at (0,-60) width 792: "on second row opacity 0.5"
          RenderSVGContainer {g} at (26,102) size 60x165.20 [transform={m=((1.00,0.00)(0.00,1.00)) t=(15.00,230.00)}]
            RenderPath {rect} at (26,102) size 60x60 [fill={[type=SOLID] [color=#000000]}] [filter=#over] [data="M0.00,0.00L150.00,0.00L150.00,150.00L0.00,150.00"]
            RenderSVGText {text} at (10,400) size 480x73
              RenderSVGInlineText {#text} at (0,-60) size 134x73
                text run at (0,-60) width 134: "over"
          RenderSVGContainer {g} at (26,182) size 60x60 [transform={m=((1.00,0.00)(0.00,1.00)) t=(15.00,430.00)}]
            RenderPath {rect} at (26,182) size 60x60 [fill={[type=SOLID] [color=#000000]}] [filter=#over50] [data="M0.00,0.00L150.00,0.00L150.00,150.00L0.00,150.00"]
          RenderSVGContainer {g} at (98,102) size 60x165.20 [transform={m=((1.00,0.00)(0.00,1.00)) t=(195.00,230.00)}]
            RenderPath {rect} at (98,102) size 60x60 [fill={[type=SOLID] [color=#000000]}] [filter=#in] [data="M0.00,0.00L150.00,0.00L150.00,150.00L0.00,150.00"]
            RenderSVGText {text} at (10,400) size 480x73
              RenderSVGInlineText {#text} at (0,-60) size 54x73
                text run at (0,-60) width 54: "in"
          RenderSVGContainer {g} at (98,182) size 60x60 [transform={m=((1.00,0.00)(0.00,1.00)) t=(195.00,430.00)}]
            RenderPath {rect} at (98,182) size 60x60 [fill={[type=SOLID] [color=#000000]}] [filter=#in50] [data="M0.00,0.00L150.00,0.00L150.00,150.00L0.00,150.00"]
          RenderSVGContainer {g} at (170,102) size 60x165.20 [transform={m=((1.00,0.00)(0.00,1.00)) t=(375.00,230.00)}]
            RenderPath {rect} at (170,102) size 60x60 [fill={[type=SOLID] [color=#000000]}] [filter=#out] [data="M0.00,0.00L150.00,0.00L150.00,150.00L0.00,150.00"]
            RenderSVGText {text} at (10,400) size 480x73
              RenderSVGInlineText {#text} at (0,-60) size 98x73
                text run at (0,-60) width 98: "out"
          RenderSVGContainer {g} at (170,182) size 60x60 [transform={m=((1.00,0.00)(0.00,1.00)) t=(375.00,430.00)}]
            RenderPath {rect} at (170,182) size 60x60 [fill={[type=SOLID] [color=#000000]}] [filter=#out50] [data="M0.00,0.00L150.00,0.00L150.00,150.00L0.00,150.00"]
          RenderSVGContainer {g} at (242,102) size 60x165.20 [transform={m=((1.00,0.00)(0.00,1.00)) t=(555.00,230.00)}]
            RenderPath {rect} at (242,102) size 60x60 [fill={[type=SOLID] [color=#000000]}] [filter=#atop] [data="M0.00,0.00L150.00,0.00L150.00,150.00L0.00,150.00"]
            RenderSVGText {text} at (10,400) size 480x73
              RenderSVGInlineText {#text} at (0,-60) size 133x73
                text run at (0,-60) width 133: "atop"
          RenderSVGContainer {g} at (242,182) size 60x60 [transform={m=((1.00,0.00)(0.00,1.00)) t=(555.00,430.00)}]
            RenderPath {rect} at (242,182) size 60x60 [fill={[type=SOLID] [color=#000000]}] [filter=#atop50] [data="M0.00,0.00L150.00,0.00L150.00,150.00L0.00,150.00"]
          RenderSVGContainer {g} at (314,102) size 60x165.20 [transform={m=((1.00,0.00)(0.00,1.00)) t=(735.00,230.00)}]
            RenderPath {rect} at (314,102) size 60x60 [fill={[type=SOLID] [color=#000000]}] [filter=#xor] [data="M0.00,0.00L150.00,0.00L150.00,150.00L0.00,150.00"]
            RenderSVGText {text} at (10,400) size 480x73
              RenderSVGInlineText {#text} at (0,-60) size 98x73
                text run at (0,-60) width 98: "xor"
          RenderSVGContainer {g} at (314,182) size 60x60 [transform={m=((1.00,0.00)(0.00,1.00)) t=(735.00,430.00)}]
            RenderPath {rect} at (314,182) size 60x60 [fill={[type=SOLID] [color=#000000]}] [filter=#xor50] [data="M0.00,0.00L150.00,0.00L150.00,150.00L0.00,150.00"]
          RenderSVGContainer {g} at (376,102) size 70x193.20 [transform={m=((1.00,0.00)(0.00,1.00)) t=(915.00,230.00)}]
            RenderPath {rect} at (386,102) size 60x60 [fill={[type=SOLID] [color=#000000]}] [filter=#arithmetic] [data="M0.00,0.00L150.00,0.00L150.00,150.00L0.00,150.00"]
            RenderSVGText {text} at (-25,400) size 480x73
              RenderSVGInlineText {#text} at (0,-60) size 167x73
                text run at (0,-60) width 167: "arith-"
            RenderSVGText {text} at (-25,470) size 480x73
              RenderSVGInlineText {#text} at (0,-60) size 165x73
                text run at (0,-60) width 165: "metic"
          RenderSVGContainer {g} at (386,182) size 60x60 [transform={m=((1.00,0.00)(0.00,1.00)) t=(915.00,430.00)}]
            RenderPath {rect} at (386,182) size 60x60 [fill={[type=SOLID] [color=#000000]}] [filter=#arithmetic50] [data="M0.00,0.00L150.00,0.00L150.00,150.00L0.00,150.00"]
      RenderSVGText {text} at (10,340) size 480x46
        RenderSVGInlineText {#text} at (0,-36) size 264x46
          text run at (0,-36) width 264: "$Revision: 1.5 $"
      RenderPath {rect} at (0.50,0.50) size 479x359 [stroke={[type=SOLID] [color=#000000]}] [data="M1.00,1.00L479.00,1.00L479.00,359.00L1.00,359.00"]
