layer at (0,0) size 480x360
  RenderView at (0,0) size 480x360
    RenderSVGContainer {svg} at (0.50,0.50) size 479x359
      RenderSVGContainer {g} at (30,4) size 408x302
        RenderSVGHiddenContainer {defs} at (0,0) size 0x0
        RenderSVGText {text} at (30,40) size 480x44
          RenderSVGInlineText {#text} at (0,-36) size 408x44
            text run at (0,-36) width 408: "'onload' event attribute."
        RenderSVGContainer {g} at (47.50,45) size 363x261
          RenderSVGContainer {g} at (47.50,45) size 110x128 [transform={m=((1.00,0.00)(0.00,1.00)) t=(77.50,45.00)}]
            RenderPath {rect} at (77.50,45) size 80x80 [fill={[type=SOLID] [color=#0000FF]}] [data="M0.00,0.00L80.00,0.00L80.00,80.00L0.00,80.00"]
            RenderSVGText {text} at (-30,120) size 480x44 [color=#FF0000]
              RenderSVGInlineText {#text} at (0,-36) size 95x44
                text run at (0,-36) width 95: "1: No"
          RenderSVGContainer {g} at (172.50,45) size 113x128 [transform={m=((1.00,0.00)(0.00,1.00)) t=(202.50,45.00)}]
            RenderPath {rect} at (202.50,45) size 80x80 [fill={[type=SOLID] [color=#0000FF]}] [data="M0.00,0.00L80.00,0.00L80.00,80.00L0.00,80.00"]
            RenderSVGText {text} at (-30,120) size 480x44 [color=#FF0000]
              RenderSVGInlineText {#text} at (0,-36) size 113x44
                text run at (0,-36) width 113: "2: Yes"
          RenderSVGContainer {g} at (297.50,45) size 113x128 [transform={m=((1.00,0.00)(0.00,1.00)) t=(327.50,45.00)}]
            RenderSVGContainer {g} at (327.50,45) size 80x80
              RenderPath {rect} at (327.50,45) size 80x80 [fill={[type=SOLID] [color=#0000FF]}] [data="M0.00,0.00L80.00,0.00L80.00,80.00L0.00,80.00"]
            RenderSVGText {text} at (-30,120) size 480x44 [color=#FF0000]
              RenderSVGInlineText {#text} at (0,-36) size 113x44
                text run at (0,-36) width 113: "3: Yes"
          RenderSVGContainer {g} at (47.50,178) size 113x128 [transform={m=((1.00,0.00)(0.00,1.00)) t=(77.50,178.00)}]
            RenderSVGContainer {svg} at (77.50,178) size 80x80
              RenderPath {rect} at (77.50,178) size 80x80 [fill={[type=SOLID] [color=#0000FF]}] [data="M0.00,0.00L80.00,0.00L80.00,80.00L0.00,80.00"]
            RenderSVGText {text} at (-30,120) size 480x44 [color=#FF0000]
              RenderSVGInlineText {#text} at (0,-36) size 113x44
                text run at (0,-36) width 113: "4: Yes"
          RenderSVGContainer {g} at (172.50,178) size 110x128 [transform={m=((1.00,0.00)(0.00,1.00)) t=(202.50,178.00)}]
            RenderSVGContainer {g} at (202.50,178) size 80x80
              RenderPath {rect} at (202.50,178) size 80x80 [fill={[type=SOLID] [color=#0000FF]}] [data="M0.00,0.00L80.00,0.00L80.00,80.00L0.00,80.00"]
            RenderSVGText {text} at (-30,120) size 480x44 [color=#FF0000]
              RenderSVGInlineText {#text} at (0,-36) size 95x44
                text run at (0,-36) width 95: "5: No"
          RenderSVGContainer {g} at (297.50,178) size 113x128 [transform={m=((1.00,0.00)(0.00,1.00)) t=(327.50,178.00)}]
            RenderPath {rect} at (327.50,178) size 80x80 [fill={[type=SOLID] [color=#0000FF]}] [data="M0.00,0.00L80.00,0.00L80.00,80.00L0.00,80.00"]
            RenderSVGText {text} at (-30,120) size 480x44 [color=#FF0000]
              RenderSVGInlineText {#text} at (0,-36) size 113x44
                text run at (0,-36) width 113: "6: Yes"
      RenderSVGText {text} at (10,340) size 480x46
        RenderSVGInlineText {#text} at (0,-36) size 264x46
          text run at (0,-36) width 264: "$Revision: 1.2 $"
      RenderPath {rect} at (0.50,0.50) size 479x359 [stroke={[type=SOLID] [color=#000000]}] [data="M1.00,1.00L479.00,1.00L479.00,359.00L1.00,359.00"]
