layer at (0,0) size 480x360
  RenderView at (0,0) size 480x360
    RenderSVGContainer {svg} at (0.50,0.50) size 479x359
      RenderSVGContainer {g} at (40,9) size 410x279
        RenderSVGText {text} at (40,42) size 480x41
          RenderSVGInlineText {#text} at (0,-33) size 410x41
            text run at (0,-33) width 410: "Basic paint: fill properties."
        RenderPath {rect} at (74.50,69.50) size 101x161 [stroke={[type=SOLID] [color=#000000]}] [data="M75.00,70.00L175.00,70.00L175.00,230.00L75.00,230.00"]
        RenderPath {rect} at (274.50,69.50) size 101x161 [stroke={[type=SOLID] [color=#000000]}] [fill={[type=SOLID] [color=#FF0000]}] [data="M275.00,70.00L375.00,70.00L375.00,230.00L275.00,230.00"]
        RenderSVGText {text} at (75,280) size 480x41
          RenderSVGInlineText {#text} at (0,-33) size 161x41
            text run at (0,-33) width 161: "fill=\"none\""
        RenderSVGText {text} at (275,280) size 480x41
          RenderSVGInlineText {#text} at (0,-33) size 133x41
            text run at (0,-33) width 133: "fill=\"red\""
      RenderSVGText {text} at (10,340) size 480x46
        RenderSVGInlineText {#text} at (0,-36) size 264x46
          text run at (0,-36) width 264: "$Revision: 1.6 $"
      RenderPath {rect} at (0.50,0.50) size 479x359 [stroke={[type=SOLID] [color=#000000]}] [data="M1.00,1.00L479.00,1.00L479.00,359.00L1.00,359.00"]
