layer at (0,0) size 480x360
  RenderView at (0,0) size 480x360
    RenderSVGContainer {svg} at (0.50,0.50) size 479x359
      RenderSVGContainer {g} at (20,18) size 399x260
        RenderSVGText {text} at (100,40) size 480x28
          RenderSVGInlineText {#text} at (0,-22) size 258x28
            text run at (0,-22) width 258: "Mouse event handlers test."
        RenderSVGContainer {g} at (20,61) size 399x109.50 [transform={m=((1.00,0.00)(0.00,1.00)) t=(60.00,140.00)}]
          RenderSVGText {text} at (-40,-50) size 480x37
            RenderSVGInlineText {#text} at (0,-29) size 84x37
              text run at (0,-29) width 84: "Target"
          RenderSVGText {text} at (60,7) size 480x28
            RenderSVGInlineText {#text} at (0,-22) size 299x28
              text run at (0,-22) width 299: "Use the target to trigger events"
          RenderSVGContainer {g} at (29.50,109.50) size 61.00x61.00
            RenderPath {circle} at (29.50,109.50) size 61.00x61.00 [stroke={[type=SOLID] [color=#000000]}] [fill={[type=SOLID] [color=#CCCCCC]}] [data="M30.00,0.00L29.94,1.88L29.76,3.76L29.47,5.62L29.06,7.46L28.53,9.27L27.89,11.04L27.14,12.77L26.29,14.45L25.33,16.07L24.27,17.63L23.12,19.12L21.87,20.54L20.54,21.87L19.12,23.12L17.63,24.27L16.07,25.33L14.45,26.29L12.77,27.14L11.04,27.89L9.27,28.53L7.46,29.06L5.62,29.47L3.76,29.76L1.88,29.94L-0.00,30.00L-1.88,29.94L-3.76,29.76L-5.62,29.47L-7.46,29.06L-9.27,28.53L-11.04,27.89L-12.77,27.14L-14.45,26.29L-16.07,25.33L-17.63,24.27L-19.12,23.12L-20.54,21.87L-21.87,20.54L-23.12,19.12L-24.27,17.63L-25.33,16.07L-26.29,14.45L-27.14,12.77L-27.89,11.04L-28.53,9.27L-29.06,7.46L-29.47,5.62L-29.76,3.76L-29.94,1.88L-30.00,-0.00L-29.94,-1.88L-29.76,-3.76L-29.47,-5.62L-29.06,-7.46L-28.53,-9.27L-27.89,-11.04L-27.14,-12.77L-26.29,-14.45L-25.33,-16.07L-24.27,-17.63L-23.12,-19.12L-21.87,-20.54L-20.54,-21.87L-19.12,-23.12L-17.63,-24.27L-16.07,-25.33L-14.45,-26.29L-12.77,-27.14L-11.04,-27.89L-9.27,-28.53L-7.46,-29.06L-5.62,-29.47L-3.76,-29.76L-1.88,-29.94L0.00,-30.00L1.88,-29.94L3.76,-29.76L5.62,-29.47L7.46,-29.06L9.27,-28.53L11.04,-27.89L12.77,-27.14L14.45,-26.29L16.07,-25.33L17.63,-24.27L19.12,-23.12L20.54,-21.87L21.87,-20.54L23.12,-19.12L24.27,-17.63L25.33,-16.07L26.29,-14.45L27.14,-12.77L27.89,-11.04L28.53,-9.27L29.06,-7.46L29.47,-5.62L29.76,-3.76L29.94,-1.88"]
            RenderPath {line} at (30,140) size 60x0 [fill={[type=SOLID] [color=#000000]}] [data="M-30.00,0.00L30.00,0.00"]
            RenderPath {line} at (60,110) size 0x60 [fill={[type=SOLID] [color=#000000]}] [data="M0.00,-30.00L0.00,30.00"]
        RenderSVGContainer {g} at (50,181) size 167x97
          RenderSVGContainer {g} at (50,181) size 167x97 [transform={m=((1.00,0.00)(0.00,1.00)) t=(65.00,190.00)}]
            RenderSVGContainer {g} at (75,181) size 142x97
              RenderSVGText {text} at (10,20) size 480x37
                RenderSVGInlineText {#text} at (0,-29) size 126x37
                  text run at (0,-29) width 126: "onfocusin"
              RenderSVGText {text} at (10,50) size 480x37
                RenderSVGInlineText {#text} at (0,-29) size 142x37
                  text run at (0,-29) width 142: "onfocusout"
              RenderSVGText {text} at (10,80) size 480x37
                RenderSVGInlineText {#text} at (0,-29) size 131x37
                  text run at (0,-29) width 131: "onactivate"
            RenderSVGContainer {g} at (50,192) size 20x80
              RenderPath {rect} at (50,192) size 20x20 [fill={[type=SOLID] [color=#008000]}] [data="M-15.00,2.00L5.00,2.00L5.00,22.00L-15.00,22.00"]
              RenderPath {rect} at (50,192) size 20x20 [fill={[type=SOLID] [color=#FF0000]}] [data="M-15.00,2.00L5.00,2.00L5.00,22.00L-15.00,22.00"]
              RenderPath {rect} at (50,222) size 20x20 [fill={[type=SOLID] [color=#008000]}] [data="M-15.00,32.00L5.00,32.00L5.00,52.00L-15.00,52.00"]
              RenderPath {rect} at (50,222) size 20x20 [fill={[type=SOLID] [color=#FF0000]}] [data="M-15.00,32.00L5.00,32.00L5.00,52.00L-15.00,52.00"]
              RenderPath {rect} at (50,252) size 20x20 [fill={[type=SOLID] [color=#008000]}] [data="M-15.00,62.00L5.00,62.00L5.00,82.00L-15.00,82.00"]
              RenderPath {rect} at (50,252) size 20x20 [fill={[type=SOLID] [color=#FF0000]}] [data="M-15.00,62.00L5.00,62.00L5.00,82.00L-15.00,82.00"]
      RenderSVGText {text} at (10,340) size 480x46
        RenderSVGInlineText {#text} at (0,-36) size 264x46
          text run at (0,-36) width 264: "$Revision: 1.1 $"
      RenderPath {rect} at (0.50,0.50) size 479x359 [stroke={[type=SOLID] [color=#000000]}] [data="M1.00,1.00L479.00,1.00L479.00,359.00L1.00,359.00"]
