layer at (0,0) size 480x360
  RenderView at (0,0) size 480x360
    RenderSVGContainer {svg} at (-100.50,-50.50) size 580.00x410.00
      RenderSVGContainer {g} at (-100.50,-50.50) size 451.00x351.00
        RenderPath {ellipse} at (-100.50,-50.50) size 201.00x101.00 [stroke={[type=SOLID] [color=#000000]}] [fill={[type=SOLID] [color=#FF0000]}] [data="M100.00,0.00L99.80,3.14L99.21,6.27L98.23,9.37L96.86,12.43L95.11,15.45L92.98,18.41L90.48,21.29L87.63,24.09L84.43,26.79L80.90,29.39L77.05,31.87L72.90,34.23L68.45,36.45L63.74,38.53L58.78,40.45L53.58,42.22L48.18,43.82L42.58,45.24L36.81,46.49L30.90,47.55L24.87,48.43L18.74,49.11L12.53,49.61L6.28,49.90L-0.00,50.00L-6.28,49.90L-12.53,49.61L-18.74,49.11L-24.87,48.43L-30.90,47.55L-36.81,46.49L-42.58,45.24L-48.18,43.82L-53.58,42.22L-58.78,40.45L-63.74,38.53L-68.45,36.45L-72.90,34.23L-77.05,31.87L-80.90,29.39L-84.43,26.79L-87.63,24.09L-90.48,21.29L-92.98,18.41L-95.11,15.45L-96.86,12.43L-98.23,9.37L-99.21,6.27L-99.80,3.14L-100.00,-0.00L-99.80,-3.14L-99.21,-6.27L-98.23,-9.37L-96.86,-12.43L-95.11,-15.45L-92.98,-18.41L-90.48,-21.29L-87.63,-24.09L-84.43,-26.79L-80.90,-29.39L-77.05,-31.87L-72.90,-34.23L-68.45,-36.45L-63.74,-38.53L-58.78,-40.45L-53.58,-42.22L-48.18,-43.82L-42.58,-45.24L-36.81,-46.49L-30.90,-47.55L-24.87,-48.43L-18.74,-49.11L-12.53,-49.61L-6.28,-49.90L0.00,-50.00L6.28,-49.90L12.53,-49.61L18.74,-49.11L24.87,-48.43L30.90,-47.55L36.81,-46.49L42.58,-45.24L48.18,-43.82L53.58,-42.22L58.78,-40.45L63.74,-38.53L68.45,-36.45L72.90,-34.23L77.05,-31.87L80.90,-29.39L84.43,-26.79L87.63,-24.09L90.48,-21.29L92.98,-18.41L95.11,-15.45L96.86,-12.43L98.23,-9.37L99.21,-6.27L99.80,-3.14"]
        RenderPath {ellipse} at (0,0) size 0x0 [stroke={[type=SOLID] [color=#000000]}] [fill={[type=SOLID] [color=#FF0000]}] [data=""]
        RenderPath {ellipse} at (0,0) size 0x0 [stroke={[type=SOLID] [color=#000000]}] [fill={[type=SOLID] [color=#FF0000]}] [data=""]
        RenderPath {ellipse} at (149.50,199.50) size 201.00x101.00 [stroke={[type=SOLID] [color=#000000]}] [fill={[type=SOLID] [color=#FF0000]}] [data="M350.00,250.00L349.80,253.14L349.21,256.27L348.23,259.37L346.86,262.43L345.11,265.45L342.98,268.41L340.48,271.29L337.63,274.09L334.43,276.79L330.90,279.39L327.05,281.87L322.90,284.23L318.45,286.45L313.74,288.53L308.78,290.45L303.58,292.22L298.18,293.82L292.58,295.24L286.81,296.49L280.90,297.55L274.87,298.43L268.74,299.11L262.53,299.61L256.28,299.90L250.00,300.00L243.72,299.90L237.47,299.61L231.26,299.11L225.13,298.43L219.10,297.55L213.19,296.49L207.42,295.24L201.82,293.82L196.42,292.22L191.22,290.45L186.26,288.53L181.55,286.45L177.10,284.23L172.95,281.87L169.10,279.39L165.57,276.79L162.37,274.09L159.52,271.29L157.02,268.41L154.89,265.45L153.14,262.43L151.77,259.37L150.79,256.27L150.20,253.14L150.00,250.00L150.20,246.86L150.79,243.73L151.77,240.63L153.14,237.57L154.89,234.55L157.02,231.59L159.52,228.71L162.37,225.91L165.57,223.21L169.10,220.61L172.95,218.13L177.10,215.77L181.55,213.55L186.26,211.47L191.22,209.55L196.42,207.78L201.82,206.18L207.42,204.76L213.19,203.51L219.10,202.45L225.13,201.57L231.26,200.89L237.47,200.39L243.72,200.10L250.00,200.00L256.28,200.10L262.53,200.39L268.74,200.89L274.87,201.57L280.90,202.45L286.81,203.51L292.58,204.76L298.18,206.18L303.58,207.78L308.78,209.55L313.74,211.47L318.45,213.55L322.90,215.77L327.05,218.13L330.90,220.61L334.43,223.21L337.63,225.91L340.48,228.71L342.98,231.59L345.11,234.55L346.86,237.57L348.23,240.63L349.21,243.73L349.80,246.86"]
      RenderSVGText {text} at (10,340) size 480x46
        RenderSVGInlineText {#text} at (0,-36) size 264x46
          text run at (0,-36) width 264: "$Revision: 1.3 $"
      RenderPath {rect} at (0.50,0.50) size 479x359 [stroke={[type=SOLID] [color=#000000]}] [data="M1.00,1.00L479.00,1.00L479.00,359.00L1.00,359.00"]
