layer at (0,0) size 480x360
  RenderView at (0,0) size 480x360
    RenderSVGContainer {svg} at (0.50,0.50) size 479x359
      RenderSVGContainer {g} at (20,128) size 375x97
        RenderSVGContainer {g} at (20,128) size 375x97
          RenderSVGContainer {switch} at (20,128) size 375x97
            RenderSVGContainer {g} at (20,128) size 375x97
              RenderSVGText {text} at (20,220) size 480x27
                RenderSVGInlineText {#text} at (0,-22) size 375x27
                  text run at (0,-22) width 375: "Why can't they just speak English ?"
              RenderSVGText {text} at (230,150) size 480x27
                RenderSVGInlineText {#text} at (0,-22) size 133x27
                  text run at (0,-22) width 133: "English (US)"
      RenderSVGText {text} at (10,340) size 480x46
        RenderSVGInlineText {#text} at (0,-36) size 264x46
          text run at (0,-36) width 264: "$Revision: 1.8 $"
      RenderPath {rect} at (0.50,0.50) size 479x359 [stroke={[type=SOLID] [color=#000000]}] [data="M1.00,1.00L479.00,1.00L479.00,359.00L1.00,359.00"]
