layer at (0,0) size 480x360
  RenderView at (0,0) size 480x360
    RenderSVGContainer {svg} at (0.50,0.50) size 481.50x359
      RenderSVGContainer {g} at (10,50) size 472x162
        RenderPath {rect} at (150,50) size 162x162 [fill={[type=SOLID] [color=#AAFF44]}] [data="M150.00,50.00L312.00,50.00L312.00,212.00L150.00,212.00"]
        RenderPath {rect} at (310,50) size 162x162 [fill={[type=SOLID] [color=#FFAA66]}] [data="M310.00,50.00L472.00,50.00L472.00,212.00L310.00,212.00"]
        RenderImage {image} at (0,0) size 162x150
        RenderImage {image} at (0,0) size 162x150
        RenderImage {image} at (0,0) size 162x150
      RenderSVGText {text} at (10,340) size 480x46
        RenderSVGInlineText {#text} at (0,-36) size 264x46
          text run at (0,-36) width 264: "$Revision: 1.3 $"
      RenderPath {rect} at (0.50,0.50) size 479x359 [stroke={[type=SOLID] [color=#000000]}] [data="M1.00,1.00L479.00,1.00L479.00,359.00L1.00,359.00"]
