layer at (0,0) size 480x360
  RenderView at (0,0) size 480x360
    RenderSVGContainer {svg} at (0.50,0.50) size 479x359
      RenderSVGContainer {g} at (50,186) size 148x18
        RenderPath {rect} at (0,0) size 0x0 [fill={[type=SOLID] [color=#FF0000]}] [data=""]
        RenderSVGText {text} at (50,200) size 480x18
          RenderSVGInlineText {#text} at (0,-14) size 148x18
            text run at (0,-14) width 148: "DOM API is supported"
      RenderSVGText {text} at (10,340) size 480x36
        RenderSVGInlineText {#text} at (0,-28) size 198x36
          text run at (0,-28) width 198: "$Revision: 1.3 $"
      RenderPath {rect} at (0.50,0.50) size 479x359 [stroke={[type=SOLID] [color=#000000]}] [data="M1.00,1.00L479.00,1.00L479.00,359.00L1.00,359.00"]
