layer at (0,0) size 480x360
  RenderView at (0,0) size 480x360
    RenderSVGContainer {svg} at (0,0.50) size 479.50x359
      RenderSVGContainer {g} at (0,150) size 220x150
        RenderSVGContainer {switch} at (0,150) size 220x150
          RenderPath {rect} at (0,150) size 220x150 [fill={[type=SOLID] [color=#008000]}] [data="M0.00,150.00L220.00,150.00L220.00,300.00L0.00,300.00"]
      RenderSVGText {text} at (10,340) size 480x46
        RenderSVGInlineText {#text} at (0,-36) size 264x46
          text run at (0,-36) width 264: "$Revision: 1.6 $"
      RenderPath {rect} at (0.50,0.50) size 479x359 [stroke={[type=SOLID] [color=#000000]}] [data="M1.00,1.00L479.00,1.00L479.00,359.00L1.00,359.00"]
