layer at (0,0) size 480x360
  RenderView at (0,0) size 480x360
    RenderSVGContainer {svg} at (0,0.50) size 482x359
      RenderSVGContainer {g} at (0,50) size 482x170
        RenderPath {rect} at (0,50) size 160x170 [fill={[type=SOLID] [color=#000000]}] [data="M0.00,50.00L160.00,50.00L160.00,220.00L0.00,220.00"]
        RenderPath {rect} at (160,50) size 160x170 [fill={[type=SOLID] [color=#992200]}] [data="M160.00,50.00L320.00,50.00L320.00,220.00L160.00,220.00"]
        RenderPath {rect} at (320,50) size 160x170 [fill={[type=SOLID] [color=#002299]}] [data="M320.00,50.00L480.00,50.00L480.00,220.00L320.00,220.00"]
        RenderImage {image} at (0,0) size 162x150
        RenderImage {image} at (0,0) size 162x150
        RenderImage {image} at (0,0) size 162x150
      RenderSVGText {text} at (10,340) size 480x46
        RenderSVGInlineText {#text} at (0,-36) size 264x46
          text run at (0,-36) width 264: "$Revision: 1.5 $"
      RenderPath {rect} at (0.50,0.50) size 479x359 [stroke={[type=SOLID] [color=#000000]}] [data="M1.00,1.00L479.00,1.00L479.00,359.00L1.00,359.00"]
