layer at (0,0) size 480x360
  RenderView at (0,0) size 480x360
    RenderSVGContainer {svg} at (0.50,0.50) size 479x359
      RenderSVGContainer {g} at (128,72) size 224x136
        RenderSVGContainer {g} at (128,72) size 224x136
          RenderSVGText {text} at (240,100) size 480x36
            RenderSVGInlineText {#text} at (-93,-28) size 186x36
              text run at (-93,-28) width 186: "Good morning!"
          RenderSVGText {text} at (240,200) size 480x36
            RenderSVGInlineText {#text} at (-112,-28) size 112x36
              text run at (-112,-28) width 86: "Bonne "
            RenderSVGTSpan {tspan} at (0,0) size 128x36
              RenderSVGInlineText {#text} at (-26,-28) size 128x36
                text run at (-26,-28) width 128: "avant-midi"
            RenderSVGInlineText {#text} at (102,-28) size 10x36
              text run at (102,-28) width 10: "!"
      RenderSVGText {text} at (10,340) size 480x46
        RenderSVGInlineText {#text} at (0,-36) size 264x46
          text run at (0,-36) width 264: "$Revision: 1.5 $"
      RenderPath {rect} at (0.50,0.50) size 479x359 [stroke={[type=SOLID] [color=#000000]}] [data="M1.00,1.00L479.00,1.00L479.00,359.00L1.00,359.00"]
