layer at (0,0) size 480x360
  RenderView at (0,0) size 480x360
    RenderSVGContainer {svg} at (0.50,0.50) size 479x359
      RenderSVGContainer {g} at (20,28) size 306x268
        RenderSVGContainer {g} at (20,28) size 306x268
          RenderSVGText {text} at (20,80) size 480x27
            RenderSVGInlineText {#text} at (0,-22) size 198x27
              text run at (0,-22) width 198: "A serifed face \x{753B}\x{50CF}"
          RenderSVGText {text} at (20,160) size 480x27
            RenderSVGInlineText {#text} at (0,-22) size 233x27
              text run at (0,-22) width 233: "A sans-serif face \x{753B}\x{50CF}"
          RenderSVGText {text} at (20,240) size 480x27
            RenderSVGInlineText {#text} at (0,-20) size 286x27
              text run at (0,-20) width 286: "A mono (iW) face \x{753B}\x{50CF}"
          RenderSVGContainer {g} at (40,28) size 286x188
            RenderSVGText {text} at (40,50) size 480x28 [color=#800000]
              RenderSVGInlineText {#text} at (0,-22) size 190x28
                text run at (0,-22) width 190: "A serifed face \x{753B}\x{50CF}"
            RenderSVGText {text} at (40,130) size 480x28 [color=#800000]
              RenderSVGInlineText {#text} at (0,-22) size 233x28
                text run at (0,-22) width 233: "A sans-serif face \x{753B}\x{50CF}"
            RenderSVGText {text} at (40,210) size 480x28 [color=#800000]
              RenderSVGInlineText {#text} at (0,-22) size 286x28
                text run at (0,-22) width 286: "A mono (iW) face \x{753B}\x{50CF}"
          RenderSVGText {text} at (40,290) size 480x28 [color=#008000]
            RenderSVGInlineText {#text} at (0,-22) size 224x28
              text run at (0,-22) width 224: "This must be displayed"
      RenderSVGText {text} at (10,340) size 480x46
        RenderSVGInlineText {#text} at (0,-36) size 264x46
          text run at (0,-36) width 264: "$Revision: 1.5 $"
      RenderPath {rect} at (0.50,0.50) size 479x359 [stroke={[type=SOLID] [color=#000000]}] [data="M1.00,1.00L479.00,1.00L479.00,359.00L1.00,359.00"]
