layer at (0,0) size 480x360
  RenderView at (0,0) size 480x360
    RenderSVGContainer {svg} at (1.50,1.50) size 477x357
      RenderSVGContainer {g} at (4.50,3) size 471x330
        RenderSVGText {text} at (14,10) size 480x11
          RenderSVGInlineText {#text} at (0,-9) size 114x11
            text run at (0,-9) width 114: "Basic test of 'textLength'"
        RenderSVGText {text} at (10,20) size 480x11
          RenderSVGInlineText {#text} at (0,-9) size 132x11
            text run at (0,-9) width 132: "and 'lengthAdjust' attributes."
        RenderSVGContainer {g} at (4.50,69) size 471x66
          RenderSVGContainer {g} at (9,69) size 450x27
            RenderSVGText {text} at (3,30) size 480x9 [color=#0000FF]
              RenderSVGInlineText {#text} at (0,-7) size 48x9
                text run at (0,-7) width 48: "Line to Stretch"
            RenderSVGText {text} at (75,30) size 480x9 [color=#0000FF]
              RenderSVGInlineText {#text} at (0,-7) size 78x9
                text run at (0,-7) width 78: "this is a line to squeeze"
          RenderSVGContainer {g} at (4.50,94.50) size 471x13.50
            RenderPath {line} at (6,94.50) size 162x3 [stroke={[type=SOLID] [color=#FF0000]}] [fill={[type=SOLID] [color=#000000]}] [data="M2.00,32.00L56.00,32.00"]
            RenderPath {line} at (4.50,96) size 3x12 [stroke={[type=SOLID] [color=#FF0000]}] [fill={[type=SOLID] [color=#000000]}] [data="M2.00,32.00L2.00,36.00"]
            RenderPath {line} at (166.50,96) size 3x12 [stroke={[type=SOLID] [color=#FF0000]}] [fill={[type=SOLID] [color=#000000]}] [data="M56.00,32.00L56.00,36.00"]
            RenderPath {line} at (222,94.50) size 252x3 [stroke={[type=SOLID] [color=#FF0000]}] [fill={[type=SOLID] [color=#000000]}] [data="M74.00,32.00L158.00,32.00"]
            RenderPath {line} at (220.50,96) size 3x12 [stroke={[type=SOLID] [color=#FF0000]}] [fill={[type=SOLID] [color=#000000]}] [data="M74.00,32.00L74.00,36.00"]
            RenderPath {line} at (472.50,96) size 3x12 [stroke={[type=SOLID] [color=#FF0000]}] [fill={[type=SOLID] [color=#000000]}] [data="M158.00,32.00L158.00,36.00"]
          RenderSVGContainer {g} at (18,99) size 366x36
            RenderSVGText {text} at (6,38) size 480x6
              RenderSVGInlineText {#text} at (0,-5) size 48x6
                text run at (0,-5) width 48: "textLength: default"
            RenderSVGText {text} at (6,44) size 480x6
              RenderSVGInlineText {#text} at (0,-5) size 52x6
                text run at (0,-5) width 52: "lengthAdjust: default"
            RenderSVGText {text} at (76,38) size 480x6
              RenderSVGInlineText {#text} at (0,-5) size 48x6
                text run at (0,-5) width 48: "textLength: default"
            RenderSVGText {text} at (76,44) size 480x6
              RenderSVGInlineText {#text} at (0,-5) size 52x6
                text run at (0,-5) width 52: "lengthAdjust: default"
        RenderSVGContainer {g} at (4.50,135) size 454.50x66 [transform={m=((1.00,0.00)(0.00,1.00)) t=(0.00,22.00)}]
          RenderSVGContainer {g} at (9,135) size 450x27
            RenderSVGText {text} at (3,30) size 480x9 [color=#0000FF]
              RenderSVGInlineText {#text} at (0,-7) size 48x9
                text run at (0,-7) width 48: "Line to Stretch"
            RenderSVGText {text} at (75,30) size 480x9 [color=#0000FF]
              RenderSVGInlineText {#text} at (0,-7) size 78x9
                text run at (0,-7) width 78: "this is a line to squeeze"
          RenderSVGContainer {g} at (4.50,160.50) size 420x13.50
            RenderPath {line} at (6,160.50) size 201x3 [stroke={[type=SOLID] [color=#FF0000]}] [fill={[type=SOLID] [color=#000000]}] [data="M2.00,32.00L69.00,32.00"]
            RenderPath {line} at (4.50,162) size 3x12 [stroke={[type=SOLID] [color=#FF0000]}] [fill={[type=SOLID] [color=#000000]}] [data="M2.00,32.00L2.00,36.00"]
            RenderPath {line} at (205.50,162) size 3x12 [stroke={[type=SOLID] [color=#FF0000]}] [fill={[type=SOLID] [color=#000000]}] [data="M69.00,32.00L69.00,36.00"]
            RenderPath {line} at (222,160.50) size 201x3 [stroke={[type=SOLID] [color=#FF0000]}] [fill={[type=SOLID] [color=#000000]}] [data="M74.00,32.00L141.00,32.00"]
            RenderPath {line} at (220.50,162) size 3x12 [stroke={[type=SOLID] [color=#FF0000]}] [fill={[type=SOLID] [color=#000000]}] [data="M74.00,32.00L74.00,36.00"]
            RenderPath {line} at (421.50,162) size 3x12 [stroke={[type=SOLID] [color=#FF0000]}] [fill={[type=SOLID] [color=#000000]}] [data="M141.00,32.00L141.00,36.00"]
          RenderSVGContainer {g} at (18,165) size 396x36
            RenderSVGText {text} at (6,38) size 480x6
              RenderSVGInlineText {#text} at (0,-5) size 59x6
                text run at (0,-5) width 59: "textLength: 25% longer"
            RenderSVGText {text} at (6,44) size 480x6
              RenderSVGInlineText {#text} at (0,-5) size 52x6
                text run at (0,-5) width 52: "lengthAdjust: default"
            RenderSVGText {text} at (76,38) size 480x6
              RenderSVGInlineText {#text} at (0,-5) size 62x6
                text run at (0,-5) width 62: "textLength: 15% shorter"
            RenderSVGText {text} at (76,44) size 480x6
              RenderSVGInlineText {#text} at (0,-5) size 52x6
                text run at (0,-5) width 52: "lengthAdjust: default"
        RenderSVGContainer {g} at (4.50,201) size 454.50x66 [transform={m=((1.00,0.00)(0.00,1.00)) t=(0.00,44.00)}]
          RenderSVGContainer {g} at (9,201) size 450x27
            RenderSVGText {text} at (3,30) size 480x9 [color=#0000FF]
              RenderSVGInlineText {#text} at (0,-7) size 48x9
                text run at (0,-7) width 48: "Line to Stretch"
            RenderSVGText {text} at (75,30) size 480x9 [color=#0000FF]
              RenderSVGInlineText {#text} at (0,-7) size 78x9
                text run at (0,-7) width 78: "this is a line to squeeze"
          RenderSVGContainer {g} at (4.50,226.50) size 420x13.50
            RenderPath {line} at (6,226.50) size 201x3 [stroke={[type=SOLID] [color=#FF0000]}] [fill={[type=SOLID] [color=#000000]}] [data="M2.00,32.00L69.00,32.00"]
            RenderPath {line} at (4.50,228) size 3x12 [stroke={[type=SOLID] [color=#FF0000]}] [fill={[type=SOLID] [color=#000000]}] [data="M2.00,32.00L2.00,36.00"]
            RenderPath {line} at (205.50,228) size 3x12 [stroke={[type=SOLID] [color=#FF0000]}] [fill={[type=SOLID] [color=#000000]}] [data="M69.00,32.00L69.00,36.00"]
            RenderPath {line} at (222,226.50) size 201x3 [stroke={[type=SOLID] [color=#FF0000]}] [fill={[type=SOLID] [color=#000000]}] [data="M74.00,32.00L141.00,32.00"]
            RenderPath {line} at (220.50,228) size 3x12 [stroke={[type=SOLID] [color=#FF0000]}] [fill={[type=SOLID] [color=#000000]}] [data="M74.00,32.00L74.00,36.00"]
            RenderPath {line} at (421.50,228) size 3x12 [stroke={[type=SOLID] [color=#FF0000]}] [fill={[type=SOLID] [color=#000000]}] [data="M141.00,32.00L141.00,36.00"]
          RenderSVGContainer {g} at (9,231) size 405x36
            RenderSVGText {text} at (3,38) size 480x6
              RenderSVGInlineText {#text} at (0,-5) size 59x6
                text run at (0,-5) width 59: "textLength: 25% longer"
            RenderSVGText {text} at (3,44) size 480x6
              RenderSVGInlineText {#text} at (0,-5) size 54x6
                text run at (0,-5) width 54: "lengthAdjust: spacing"
            RenderSVGText {text} at (76,38) size 480x6
              RenderSVGInlineText {#text} at (0,-5) size 62x6
                text run at (0,-5) width 62: "textLength: 15% shorter"
            RenderSVGText {text} at (76,44) size 480x6
              RenderSVGInlineText {#text} at (0,-5) size 54x6
                text run at (0,-5) width 54: "lengthAdjust: spacing"
        RenderSVGContainer {g} at (4.50,267) size 454.50x66 [transform={m=((1.00,0.00)(0.00,1.00)) t=(0.00,66.00)}]
          RenderSVGContainer {g} at (9,267) size 450x27
            RenderSVGText {text} at (3,30) size 480x9 [color=#0000FF]
              RenderSVGInlineText {#text} at (0,-7) size 48x9
                text run at (0,-7) width 48: "Line to Stretch"
            RenderSVGText {text} at (75,30) size 480x9 [color=#0000FF]
              RenderSVGInlineText {#text} at (0,-7) size 78x9
                text run at (0,-7) width 78: "this is a line to squeeze"
          RenderSVGContainer {g} at (4.50,292.50) size 420x13.50
            RenderPath {line} at (6,292.50) size 201x3 [stroke={[type=SOLID] [color=#FF0000]}] [fill={[type=SOLID] [color=#000000]}] [data="M2.00,32.00L69.00,32.00"]
            RenderPath {line} at (4.50,294) size 3x12 [stroke={[type=SOLID] [color=#FF0000]}] [fill={[type=SOLID] [color=#000000]}] [data="M2.00,32.00L2.00,36.00"]
            RenderPath {line} at (205.50,294) size 3x12 [stroke={[type=SOLID] [color=#FF0000]}] [fill={[type=SOLID] [color=#000000]}] [data="M69.00,32.00L69.00,36.00"]
            RenderPath {line} at (222,292.50) size 201x3 [stroke={[type=SOLID] [color=#FF0000]}] [fill={[type=SOLID] [color=#000000]}] [data="M74.00,32.00L141.00,32.00"]
            RenderPath {line} at (220.50,294) size 3x12 [stroke={[type=SOLID] [color=#FF0000]}] [fill={[type=SOLID] [color=#000000]}] [data="M74.00,32.00L74.00,36.00"]
            RenderPath {line} at (421.50,294) size 3x12 [stroke={[type=SOLID] [color=#FF0000]}] [fill={[type=SOLID] [color=#000000]}] [data="M141.00,32.00L141.00,36.00"]
          RenderSVGContainer {g} at (18,297) size 396x36
            RenderSVGText {text} at (6,38) size 480x6
              RenderSVGInlineText {#text} at (0,-5) size 59x6
                text run at (0,-5) width 59: "textLength: 25% longer"
            RenderSVGText {text} at (6,44) size 480x6
              RenderSVGInlineText {#text} at (0,-5) size 47x6
                text run at (0,-5) width 47: "lengthAdjust: sAG"
            RenderSVGText {text} at (76,38) size 480x6
              RenderSVGInlineText {#text} at (0,-5) size 62x6
                text run at (0,-5) width 62: "textLength: 20% shorter"
            RenderSVGText {text} at (76,44) size 480x6
              RenderSVGInlineText {#text} at (0,-5) size 47x6
                text run at (0,-5) width 47: "lengthAdjust: sAG"
      RenderSVGText {text} at (5,117) size 480x9
        RenderSVGInlineText {#text} at (0,-7) size 52x9
          text run at (0,-7) width 52: "$Revision: 1.7 $"
      RenderPath {rect} at (1.50,1.50) size 477x357 [stroke={[type=SOLID] [color=#000000]}] [data="M1.00,1.00L159.00,1.00L159.00,119.00L1.00,119.00"]
