layer at (0,0) size 800x600
  RenderView at (0,0) size 800x600
layer at (0,0) size 800x600
  RenderBlock {HTML} at (0,0) size 800x600
    RenderBody {BODY} at (8,8) size 784x584
      RenderBlock {P} at (0,0) size 784x36
        RenderText {#text} at (0,0) size 770x36
          text run at (0,0) width 657: "The test verified that if user use delete key to move to the end of a word that is marked as autocorrected, "
          text run at (657,0) width 113: "the autocorrection"
          text run at (0,18) width 515: "underline will remain. You should see phrase \"it's a message\", in which the word "
          text run at (515,18) width 182: "'message' has blue underline."
      RenderBlock {P} at (0,52) size 784x54 [color=#008000]
        RenderText {#text} at (0,0) size 774x54
          text run at (0,0) width 393: "Note, this test can fail due to user specific spell checking data. "
          text run at (393,0) width 373: "If the user has previously dismissed 'message' as the correct"
          text run at (0,18) width 216: "spelling of 'mesage' several times, "
          text run at (216,18) width 558: "the spell checker will not provide 'message' as a suggestion anymore. To fix this, remove"
          text run at (0,36) width 185: "all files in ~/Library/Spelling."
      RenderBlock (anonymous) at (0,122) size 784x140
        RenderText {#text} at (0,0) size 0x0
      RenderBlock {DIV} at (0,262) size 784x0
layer at (10,132) size 581x136 clip at (11,133) size 579x134
  RenderTextControl {TEXTAREA} at (2,2) size 581x136 [bgcolor=#FFFFFF] [border: (1px solid #000000)]
    RenderBlock {DIV} at (3,3) size 575x13
      RenderText {#text} at (0,0) size 76x13
        text run at (0,0) width 76: "it's a message"
caret: position 14 of child 0 {#text} of child 0 {DIV} of child 5 {TEXTAREA} of body
