layer at (0,0) size 480x360
  RenderView at (0,0) size 480x360
    RenderSVGContainer {svg} at (0.50,0.50) size 479x359
      RenderSVGContainer {g} at (20,26) size 432x233
        RenderSVGContainer {g} at (20,26) size 432x233
          RenderSVGContainer {g} at (20,26) size 202x233 [transform={m=((1.00,0.00)(0.00,1.00)) t=(20.00,50.00)}]
            RenderSVGText {text} at (0,203) size 480x33
              RenderSVGInlineText {#text} at (0,-27) size 107x33
                text run at (0,-27) width 107: "0-2 sec."
            RenderSVGText {text} at (0,170) size 480x33
              RenderSVGInlineText {#text} at (0,-27) size 107x33
                text run at (0,-27) width 107: "2-4 sec."
            RenderSVGText {text} at (0,114) size 480x33
              RenderSVGInlineText {#text} at (0,-27) size 107x33
                text run at (0,-27) width 107: "4-6 sec."
            RenderSVGText {text} at (3,3) size 480x33
              RenderSVGInlineText {#text} at (0,-27) size 98x33
                text run at (0,-27) width 98: "6+ sec."
            RenderSVGContainer {g} at (140,48) size 50x204
              RenderPath {line} at (140,248) size 50x4 [stroke={[type=SOLID] [color=#880000] [stroke width=4.00]}] [fill={[type=SOLID] [color=#000000]}] [data="M120.00,200.00L170.00,200.00"]
              RenderPath {line} at (140,215) size 50x4 [stroke={[type=SOLID] [color=#880000] [stroke width=4.00]}] [fill={[type=SOLID] [color=#000000]}] [data="M120.00,167.00L170.00,167.00"]
              RenderPath {line} at (140,159) size 50x4 [stroke={[type=SOLID] [color=#880000] [stroke width=4.00]}] [fill={[type=SOLID] [color=#000000]}] [data="M120.00,111.00L170.00,111.00"]
              RenderPath {line} at (140,48) size 50x4 [stroke={[type=SOLID] [color=#880000] [stroke width=4.00]}] [fill={[type=SOLID] [color=#000000]}] [data="M120.00,0.00L170.00,0.00"]
            RenderPath {rect} at (158,38) size 64x214 [stroke={[type=SOLID] [color=#FF00FF] [stroke width=4.00]}] [fill={[type=SOLID] [color=#FFAA44]}] [data="M140.00,-10.00L200.00,-10.00L200.00,200.00L140.00,200.00"]
          RenderSVGContainer {g} at (250,26) size 202x233 [transform={m=((1.00,0.00)(0.00,1.00)) t=(250.00,50.00)}]
            RenderSVGText {text} at (0,203) size 480x33
              RenderSVGInlineText {#text} at (0,-27) size 107x33
                text run at (0,-27) width 107: "0-2 sec."
            RenderSVGText {text} at (0,170) size 480x33
              RenderSVGInlineText {#text} at (0,-27) size 107x33
                text run at (0,-27) width 107: "2-4 sec."
            RenderSVGText {text} at (0,114) size 480x33
              RenderSVGInlineText {#text} at (0,-27) size 107x33
                text run at (0,-27) width 107: "4-6 sec."
            RenderSVGText {text} at (3,3) size 480x33
              RenderSVGInlineText {#text} at (0,-27) size 98x33
                text run at (0,-27) width 98: "6+ sec."
            RenderSVGContainer {g} at (370,48) size 50x204
              RenderPath {line} at (370,248) size 50x4 [stroke={[type=SOLID] [color=#880000] [stroke width=4.00]}] [fill={[type=SOLID] [color=#000000]}] [data="M120.00,200.00L170.00,200.00"]
              RenderPath {line} at (370,215) size 50x4 [stroke={[type=SOLID] [color=#880000] [stroke width=4.00]}] [fill={[type=SOLID] [color=#000000]}] [data="M120.00,167.00L170.00,167.00"]
              RenderPath {line} at (370,159) size 50x4 [stroke={[type=SOLID] [color=#880000] [stroke width=4.00]}] [fill={[type=SOLID] [color=#000000]}] [data="M120.00,111.00L170.00,111.00"]
              RenderPath {line} at (370,48) size 50x4 [stroke={[type=SOLID] [color=#880000] [stroke width=4.00]}] [fill={[type=SOLID] [color=#000000]}] [data="M120.00,0.00L170.00,0.00"]
            RenderPath {rect} at (388,38) size 64x14 [stroke={[type=SOLID] [color=#FF00FF] [stroke width=4.00]}] [fill={[type=SOLID] [color=#FFAA44]}] [data="M140.00,-10.00L200.00,-10.00L200.00,0.00L140.00,0.00"]
      RenderSVGText {text} at (10,340) size 480x46
        RenderSVGInlineText {#text} at (0,-36) size 264x46
          text run at (0,-36) width 264: "$Revision: 1.1 $"
      RenderPath {rect} at (0.50,0.50) size 479x359 [stroke={[type=SOLID] [color=#000000]}] [data="M1.00,1.00L479.00,1.00L479.00,359.00L1.00,359.00"]
