layer at (0,0) size 480x360
  RenderView at (0,0) size 480x360
    RenderSVGContainer {svg} at (0.50,0.50) size 479x359
      RenderSVGText {text} at (10,340) size 480x46
        RenderSVGInlineText {#text} at (0,-36) size 264x46
          text run at (0,-36) width 264: "$Revision: 1.7 $"
      RenderPath {rect} at (0.50,0.50) size 479x359 [stroke={[type=SOLID] [color=#000000]}] [data="M1.00,1.00L479.00,1.00L479.00,359.00L1.00,359.00"]
      RenderSVGText {text} at (240,30) size 480x23
        RenderSVGInlineText {#text} at (-49,-18) size 99x23
          text run at (-49,-18) width 99: "repeatCount"
      RenderSVGContainer {g} at (160,92) size 236.50x127 [transform={m=((1.00,0.00)(0.00,1.00)) t=(130.00,80.00)}]
        RenderSVGContainer {g} at (160,112) size 179x107 [transform={m=((1.00,0.00)(0.00,1.00)) t=(120.00,45.00)}]
          RenderSVGText {text} at (0,0) size 480x17
            RenderSVGInlineText {#text} at (-179,-13) size 179x17
              text run at (-179,-13) width 179: "dur=5s repeatCount unspecified"
          RenderSVGText {text} at (0,25) size 480x17
            RenderSVGInlineText {#text} at (-126,-13) size 126x17
              text run at (-126,-13) width 126: "dur=1s repeatCount=5"
          RenderSVGText {text} at (0,50) size 480x17
            RenderSVGInlineText {#text} at (-144,-13) size 144x17
              text run at (-144,-13) width 144: "dur=10s repeatCount=0.5"
          RenderSVGText {text} at (0,75) size 480x17
            RenderSVGInlineText {#text} at (-173,-13) size 173x17
              text run at (-173,-13) width 173: "dur=1s repeatCount=indefinite"
          RenderSVGText {text} at (0,90) size 480x17
            RenderSVGInlineText {#text} at (-40,-13) size 40x17
              text run at (-40,-13) width 40: "end=5s"
        RenderSVGContainer {g} at (304,92) size 68x17 [transform={m=((1.00,0.00)(0.00,1.00)) t=(180.00,25.00)}]
          RenderSVGText {text} at (0,0) size 480x17
            RenderSVGInlineText {#text} at (-12,-13) size 24x17
              text run at (-12,-13) width 24: "> 5s"
          RenderSVGText {text} at (80,0) size 480x17
            RenderSVGInlineText {#text} at (-14,-13) size 29x17
              text run at (-14,-13) width 29: "0s-5s"
        RenderSVGContainer {g} at (303.50,113.50) size 93x88 [transform={m=((1.00,0.00)(0.00,1.00)) t=(180.00,40.00)}]
          RenderSVGContainer {defs} at (303.50,113.50) size 13x13
            RenderPath {rect} at (303.50,113.50) size 13x13 [stroke={[type=SOLID] [color=#000000]}] [fill={[type=SOLID] [color=#CCCCCC]}] [data="M-6.00,-6.00L6.00,-6.00L6.00,6.00L-6.00,6.00"]
          RenderSVGContainer {g} at (303.50,113.50) size 93x13
            RenderSVGContainer {use} at (303.50,113.50) size 13x13
              RenderSVGContainer {g} at (303.50,113.50) size 13x13
                RenderPath {rect} at (303.50,113.50) size 13x13 [stroke={[type=SOLID] [color=#000000]}] [fill={[type=SOLID] [color=#CCCCCC]}] [data="M-6.00,-6.00L6.00,-6.00L6.00,6.00L-6.00,6.00"]
            RenderSVGContainer {use} at (383.50,113.50) size 13x13
              RenderSVGContainer {g} at (383.50,113.50) size 13x13 [transform={m=((1.00,0.00)(0.00,1.00)) t=(80.00,0.00)}]
                RenderPath {rect} at (383.50,113.50) size 13x13 [stroke={[type=SOLID] [color=#000000]}] [fill={[type=SOLID] [color=#CCCCCC]}] [data="M-6.00,-6.00L6.00,-6.00L6.00,6.00L-6.00,6.00"]
            RenderPath {rect} at (303.50,113.50) size 13x13 [stroke={[type=SOLID] [color=#000000]}] [fill={[type=SOLID] [color=#CC0066]}] [data="M-6.00,-6.00L6.00,-6.00L6.00,6.00L-6.00,6.00"]
          RenderSVGContainer {g} at (303.50,138.50) size 93x13 [transform={m=((1.00,0.00)(0.00,1.00)) t=(0.00,25.00)}]
            RenderSVGContainer {use} at (303.50,138.50) size 13x13
              RenderSVGContainer {g} at (303.50,138.50) size 13x13
                RenderPath {rect} at (303.50,138.50) size 13x13 [stroke={[type=SOLID] [color=#000000]}] [fill={[type=SOLID] [color=#CCCCCC]}] [data="M-6.00,-6.00L6.00,-6.00L6.00,6.00L-6.00,6.00"]
            RenderSVGContainer {use} at (383.50,138.50) size 13x13
              RenderSVGContainer {g} at (383.50,138.50) size 13x13 [transform={m=((1.00,0.00)(0.00,1.00)) t=(80.00,0.00)}]
                RenderPath {rect} at (383.50,138.50) size 13x13 [stroke={[type=SOLID] [color=#000000]}] [fill={[type=SOLID] [color=#CCCCCC]}] [data="M-6.00,-6.00L6.00,-6.00L6.00,6.00L-6.00,6.00"]
            RenderPath {rect} at (303.50,138.50) size 13x13 [stroke={[type=SOLID] [color=#000000]}] [fill={[type=SOLID] [color=#CC0066]}] [data="M-6.00,-6.00L6.00,-6.00L6.00,6.00L-6.00,6.00"]
          RenderSVGContainer {g} at (303.50,163.50) size 93x13 [transform={m=((1.00,0.00)(0.00,1.00)) t=(0.00,50.00)}]
            RenderSVGContainer {use} at (303.50,163.50) size 13x13
              RenderSVGContainer {g} at (303.50,163.50) size 13x13
                RenderPath {rect} at (303.50,163.50) size 13x13 [stroke={[type=SOLID] [color=#000000]}] [fill={[type=SOLID] [color=#CCCCCC]}] [data="M-6.00,-6.00L6.00,-6.00L6.00,6.00L-6.00,6.00"]
            RenderSVGContainer {use} at (383.50,163.50) size 13x13
              RenderSVGContainer {g} at (383.50,163.50) size 13x13 [transform={m=((1.00,0.00)(0.00,1.00)) t=(80.00,0.00)}]
                RenderPath {rect} at (383.50,163.50) size 13x13 [stroke={[type=SOLID] [color=#000000]}] [fill={[type=SOLID] [color=#CCCCCC]}] [data="M-6.00,-6.00L6.00,-6.00L6.00,6.00L-6.00,6.00"]
            RenderPath {rect} at (303.50,163.50) size 13x13 [stroke={[type=SOLID] [color=#000000]}] [fill={[type=SOLID] [color=#CC0066]}] [data="M-6.00,-6.00L6.00,-6.00L6.00,6.00L-6.00,6.00"]
          RenderSVGContainer {g} at (303.50,188.50) size 93x13 [transform={m=((1.00,0.00)(0.00,1.00)) t=(0.00,75.00)}]
            RenderSVGContainer {use} at (303.50,188.50) size 13x13
              RenderSVGContainer {g} at (303.50,188.50) size 13x13
                RenderPath {rect} at (303.50,188.50) size 13x13 [stroke={[type=SOLID] [color=#000000]}] [fill={[type=SOLID] [color=#CCCCCC]}] [data="M-6.00,-6.00L6.00,-6.00L6.00,6.00L-6.00,6.00"]
            RenderSVGContainer {use} at (383.50,188.50) size 13x13
              RenderSVGContainer {g} at (383.50,188.50) size 13x13 [transform={m=((1.00,0.00)(0.00,1.00)) t=(80.00,0.00)}]
                RenderPath {rect} at (383.50,188.50) size 13x13 [stroke={[type=SOLID] [color=#000000]}] [fill={[type=SOLID] [color=#CCCCCC]}] [data="M-6.00,-6.00L6.00,-6.00L6.00,6.00L-6.00,6.00"]
            RenderPath {rect} at (303.50,188.50) size 13x13 [stroke={[type=SOLID] [color=#000000]}] [fill={[type=SOLID] [color=#CC0066]}] [data="M-6.00,-6.00L6.00,-6.00L6.00,6.00L-6.00,6.00"]
