layer at (0,0) size 480x360
  RenderView at (0,0) size 480x360
    RenderSVGContainer {svg} at (0.50,0.50) size 479x359
      RenderSVGText {text} at (10,340) size 480x46
        RenderSVGInlineText {#text} at (0,-36) size 264x46
          text run at (0,-36) width 264: "$Revision: 1.7 $"
      RenderPath {rect} at (0.50,0.50) size 479x359 [stroke={[type=SOLID] [color=#000000]}] [data="M1.00,1.00L479.00,1.00L479.00,359.00L1.00,359.00"]
      RenderSVGText {text} at (240,30) size 480x23
        RenderSVGInlineText {#text} at (-40,-18) size 81x23
          text run at (-40,-18) width 81: "repeatDur"
      RenderSVGContainer {g} at (83,92) size 322x162 [transform={m=((1.00,0.00)(0.00,1.00)) t=(130.00,80.00)}]
        RenderSVGContainer {g} at (83,112) size 167x142 [transform={m=((1.00,0.00)(0.00,1.00)) t=(120.00,45.00)}]
          RenderSVGText {text} at (0,0) size 480x17
            RenderSVGInlineText {#text} at (-167,-13) size 167x17
              text run at (-167,-13) width 167: "dur=5s repeatDur unspecified"
          RenderSVGText {text} at (0,25) size 480x17
            RenderSVGInlineText {#text} at (-119,-13) size 119x17
              text run at (-119,-13) width 119: "dur=1s repeatDur=5s"
          RenderSVGText {text} at (0,50) size 480x17
            RenderSVGInlineText {#text} at (-130,-13) size 130x17
              text run at (-130,-13) width 130: "dur=0.5s repeatDur=5s"
          RenderSVGText {text} at (0,75) size 480x17
            RenderSVGInlineText {#text} at (-161,-13) size 161x17
              text run at (-161,-13) width 161: "dur=1s repeatDur=indefinite"
          RenderSVGText {text} at (0,90) size 480x17
            RenderSVGInlineText {#text} at (-40,-13) size 40x17
              text run at (-40,-13) width 40: "end=5s"
          RenderSVGText {text} at (0,125) size 480x17
            RenderSVGInlineText {#text} at (-130,-13) size 130x17
              text run at (-130,-13) width 130: "dur=0.7s repeatDur=5s"
        RenderSVGContainer {g} at (298,92) size 107x17 [transform={m=((1.00,0.00)(0.00,1.00)) t=(180.00,25.00)}]
          RenderSVGText {text} at (0,0) size 480x17
            RenderSVGInlineText {#text} at (-12,-13) size 24x17
              text run at (-12,-13) width 24: "> 5s"
          RenderSVGText {text} at (80,0) size 480x17
            RenderSVGInlineText {#text} at (-14,-13) size 29x17
              text run at (-14,-13) width 29: "0s-5s"
        RenderSVGContainer {g} at (303.50,113.50) size 13x138 [transform={m=((1.00,0.00)(0.00,1.00)) t=(180.00,40.00)}]
          RenderSVGHiddenContainer {defs} at (0,0) size 0x0
            RenderPath {rect} at (-6.50,-6.50) size 13x13 [stroke={[type=SOLID] [color=#000000]}] [fill={[type=SOLID] [color=#CCCCCC]}] [data="M-6.00,-6.00L6.00,-6.00L6.00,6.00L-6.00,6.00"]
          RenderSVGContainer {g} at (303.50,113.50) size 13x13
            RenderPath {rect} at (303.50,113.50) size 13x13 [stroke={[type=SOLID] [color=#000000]}] [fill={[type=SOLID] [color=#CC0066]}] [data="M-6.00,-6.00L6.00,-6.00L6.00,6.00L-6.00,6.00"]
          RenderSVGContainer {g} at (303.50,138.50) size 13x13 [transform={m=((1.00,0.00)(0.00,1.00)) t=(0.00,25.00)}]
            RenderPath {rect} at (303.50,138.50) size 13x13 [stroke={[type=SOLID] [color=#000000]}] [fill={[type=SOLID] [color=#CC0066]}] [data="M-6.00,-6.00L6.00,-6.00L6.00,6.00L-6.00,6.00"]
          RenderSVGContainer {g} at (303.50,163.50) size 13x13 [transform={m=((1.00,0.00)(0.00,1.00)) t=(0.00,50.00)}]
            RenderPath {rect} at (303.50,163.50) size 13x13 [stroke={[type=SOLID] [color=#000000]}] [fill={[type=SOLID] [color=#CC0066]}] [data="M-6.00,-6.00L6.00,-6.00L6.00,6.00L-6.00,6.00"]
          RenderSVGContainer {g} at (303.50,188.50) size 13x13 [transform={m=((1.00,0.00)(0.00,1.00)) t=(0.00,75.00)}]
            RenderPath {rect} at (303.50,188.50) size 13x13 [stroke={[type=SOLID] [color=#000000]}] [fill={[type=SOLID] [color=#CC0066]}] [data="M-6.00,-6.00L6.00,-6.00L6.00,6.00L-6.00,6.00"]
          RenderSVGContainer {g} at (303.50,238.50) size 13x13 [transform={m=((1.00,0.00)(0.00,1.00)) t=(0.00,125.00)}]
            RenderPath {rect} at (303.50,238.50) size 13x13 [stroke={[type=SOLID] [color=#000000]}] [fill={[type=SOLID] [color=#CC0066]}] [data="M-6.00,-6.00L6.00,-6.00L6.00,6.00L-6.00,6.00"]
