layer at (0,0) size 480x360
  RenderView at (0,0) size 480x360
    RenderSVGContainer {svg} at (0.50,0.50) size 479x359
      RenderSVGText {text} at (10,340) size 480x46
        RenderSVGInlineText {#text} at (0,-36) size 264x46
          text run at (0,-36) width 264: "$Revision: 1.7 $"
      RenderPath {rect} at (0.50,0.50) size 479x359 [stroke={[type=SOLID] [color=#000000]}] [data="M1.00,1.00L479.00,1.00L479.00,359.00L1.00,359.00"]
      RenderSVGText {text} at (240,30) size 480x23
        RenderSVGInlineText {#text} at (-17,-18) size 35x23
          text run at (-17,-18) width 35: "max"
      RenderSVGText {text} at (240,190) size 480x23
        RenderSVGInlineText {#text} at (-46,-18) size 93x23
          text run at (-46,-18) width 93: "min & max"
      RenderSVGContainer {g} at (72,42) size 273x237 [transform={m=((1.00,0.00)(0.00,1.00)) t=(100.00,30.00)}]
        RenderSVGContainer {g} at (72,62) size 148x217 [transform={m=((1.00,0.00)(0.00,1.00)) t=(120.00,45.00)}]
          RenderSVGText {text} at (0,0) size 480x17
            RenderSVGInlineText {#text} at (-88,-13) size 88x17
              text run at (-88,-13) width 88: "no max / media"
          RenderSVGText {text} at (0,25) size 480x17
            RenderSVGInlineText {#text} at (-106,-13) size 106x17
              text run at (-106,-13) width 106: "invalid max values"
          RenderSVGText {text} at (0,50) size 480x17
            RenderSVGInlineText {#text} at (-96,-13) size 96x17
              text run at (-96,-13) width 96: "max < active dur"
          RenderSVGText {text} at (0,75) size 480x17
            RenderSVGInlineText {#text} at (-96,-13) size 96x17
              text run at (-96,-13) width 96: "max > active dur"
          RenderSVGText {text} at (0,150) size 480x17
            RenderSVGInlineText {#text} at (-62,-13) size 62x17
              text run at (-62,-13) width 62: "min < max"
          RenderSVGText {text} at (0,175) size 480x17
            RenderSVGInlineText {#text} at (-62,-13) size 62x17
              text run at (-62,-13) width 62: "min = max"
          RenderSVGText {text} at (0,200) size 480x17
            RenderSVGInlineText {#text} at (-148,-13) size 148x17
              text run at (-148,-13) width 148: "min > max (both ignored)"
        RenderSVGContainer {g} at (238,42) size 107x17 [transform={m=((1.00,0.00)(0.00,1.00)) t=(150.00,25.00)}]
          RenderSVGText {text} at (0,0) size 480x17
            RenderSVGInlineText {#text} at (-12,-13) size 24x17
              text run at (-12,-13) width 24: "> 5s"
          RenderSVGText {text} at (80,0) size 480x17
            RenderSVGInlineText {#text} at (-14,-13) size 29x17
              text run at (-14,-13) width 29: "0s-5s"
        RenderSVGContainer {g} at (243.50,63.50) size 33x213 [transform={m=((1.00,0.00)(0.00,1.00)) t=(150.00,40.00)}]
          RenderSVGHiddenContainer {defs} at (0,0) size 0x0
            RenderPath {rect} at (-6.50,-6.50) size 13x13 [stroke={[type=SOLID] [color=#000000]}] [fill={[type=SOLID] [color=#CCCCCC]}] [data="M-6.00,-6.00L6.00,-6.00L6.00,6.00L-6.00,6.00"]
          RenderSVGContainer {g} at (243.50,63.50) size 33x13
            RenderPath {rect} at (243.50,63.50) size 13x13 [stroke={[type=SOLID] [color=#000000]}] [fill={[type=SOLID] [color=#CC0066]}] [data="M-6.00,-6.00L6.00,-6.00L6.00,6.00L-6.00,6.00"]
            RenderSVGContainer {g} at (263.50,63.50) size 13x13 [transform={m=((1.00,0.00)(0.00,1.00)) t=(20.00,0.00)}]
              RenderPath {rect} at (263.50,63.50) size 13x13 [stroke={[type=SOLID] [color=#000000]}] [fill={[type=SOLID] [color=#CC0066]}] [data="M-6.00,-6.00L6.00,-6.00L6.00,6.00L-6.00,6.00"]
          RenderSVGContainer {g} at (243.50,88.50) size 33x13 [transform={m=((1.00,0.00)(0.00,1.00)) t=(0.00,25.00)}]
            RenderPath {rect} at (243.50,88.50) size 13x13 [stroke={[type=SOLID] [color=#000000]}] [fill={[type=SOLID] [color=#CC0066]}] [data="M-6.00,-6.00L6.00,-6.00L6.00,6.00L-6.00,6.00"]
            RenderSVGContainer {g} at (263.50,88.50) size 13x13 [transform={m=((1.00,0.00)(0.00,1.00)) t=(20.00,0.00)}]
              RenderPath {rect} at (263.50,88.50) size 13x13 [stroke={[type=SOLID] [color=#000000]}] [fill={[type=SOLID] [color=#CC0066]}] [data="M-6.00,-6.00L6.00,-6.00L6.00,6.00L-6.00,6.00"]
          RenderSVGContainer {g} at (243.50,113.50) size 13x13 [transform={m=((1.00,0.00)(0.00,1.00)) t=(0.00,50.00)}]
            RenderPath {rect} at (243.50,113.50) size 13x13 [stroke={[type=SOLID] [color=#000000]}] [fill={[type=SOLID] [color=#CC0066]}] [data="M-6.00,-6.00L6.00,-6.00L6.00,6.00L-6.00,6.00"]
          RenderSVGContainer {g} at (243.50,138.50) size 13x13 [transform={m=((1.00,0.00)(0.00,1.00)) t=(0.00,75.00)}]
            RenderPath {rect} at (243.50,138.50) size 13x13 [stroke={[type=SOLID] [color=#000000]}] [fill={[type=SOLID] [color=#CC0066]}] [data="M-6.00,-6.00L6.00,-6.00L6.00,6.00L-6.00,6.00"]
          RenderSVGContainer {g} at (243.50,213.50) size 13x13 [transform={m=((1.00,0.00)(0.00,1.00)) t=(0.00,150.00)}]
            RenderPath {rect} at (243.50,213.50) size 13x13 [stroke={[type=SOLID] [color=#000000]}] [fill={[type=SOLID] [color=#CC0066]}] [data="M-6.00,-6.00L6.00,-6.00L6.00,6.00L-6.00,6.00"]
          RenderSVGContainer {g} at (243.50,238.50) size 13x13 [transform={m=((1.00,0.00)(0.00,1.00)) t=(0.00,175.00)}]
            RenderPath {rect} at (243.50,238.50) size 13x13 [stroke={[type=SOLID] [color=#000000]}] [fill={[type=SOLID] [color=#CC0066]}] [data="M-6.00,-6.00L6.00,-6.00L6.00,6.00L-6.00,6.00"]
          RenderSVGContainer {g} at (243.50,263.50) size 13x13 [transform={m=((1.00,0.00)(0.00,1.00)) t=(0.00,200.00)}]
            RenderPath {rect} at (243.50,263.50) size 13x13 [stroke={[type=SOLID] [color=#000000]}] [fill={[type=SOLID] [color=#CC0066]}] [data="M-6.00,-6.00L6.00,-6.00L6.00,6.00L-6.00,6.00"]
