layer at (0,0) size 480x360
  RenderView at (0,0) size 480x360
    RenderSVGContainer {svg} at (-34.85,-66.71) size 511.85x423.71
      RenderSVGContainer {g} at (-34.85,-66.71) size 457.85x378.71
        RenderSVGText {text} at (8,8) size 480x9
          RenderSVGInlineText {#text} at (0,-7) size 62x9
            text run at (0,-7) width 62: "Test a motion path"
        RenderSVGText {text} at (11,18) size 480x9 [color=#FF0000]
          RenderSVGInlineText {#text} at (0,-7) size 57x9
            text run at (0,-7) width 57: "'values' attribute."
        RenderSVGContainer {g} at (-34.85,-66.71) size 457.85x378.71
          RenderPath {path} at (88.62,177) size 301.38x83.66 [stroke={[type=SOLID] [color=#000000]}] [data="M15.00,43.00L40.00,30.00L65.00,30.00"]
          RenderPath {rect} at (57,195) size 66x66 [stroke={[type=SOLID] [color=#000000]}] [fill={[type=SOLID] [color=#FFCCCC]}] [data="M10.00,33.00L20.00,33.00L20.00,43.00L10.00,43.00"]
          RenderSVGText {text} at (7,50) size 480x9
            RenderSVGInlineText {#text} at (0,-7) size 20x9
              text run at (0,-7) width 20: "0 sec."
          RenderPath {rect} at (207,117) size 66x66 [stroke={[type=SOLID] [color=#000000]}] [fill={[type=SOLID] [color=#FFCCCC]}] [data="M35.00,20.00L45.00,20.00L45.00,30.00L35.00,30.00"]
          RenderSVGText {text} at (37,37) size 480x9
            RenderSVGInlineText {#text} at (0,-7) size 9x9
              text run at (0,-7) width 9: "3+"
          RenderPath {rect} at (357,117) size 66x66 [stroke={[type=SOLID] [color=#000000]}] [fill={[type=SOLID] [color=#FFCCCC]}] [data="M60.00,20.00L70.00,20.00L70.00,30.00L60.00,30.00"]
          RenderSVGText {text} at (60,37) size 480x9
            RenderSVGInlineText {#text} at (0,-7) size 9x9
              text run at (0,-7) width 9: "6+"
          RenderPath {path} at (-34.85,-66.71) size 69.71x69.71 [stroke={[type=SOLID] [color=#FF0000]}] [fill={[type=SOLID] [color=#0000FF]}] [data="M-5.00,0.00L0.00,-10.00L5.00,0.00"]
      RenderSVGText {text} at (5,57) size 480x8
        RenderSVGInlineText {#text} at (0,-6) size 42x8
          text run at (0,-6) width 42: "$Revision: 1.8 $"
      RenderPath {rect} at (3,3) size 474x354 [stroke={[type=SOLID] [color=#000000]}] [data="M1.00,1.00L79.00,1.00L79.00,59.00L1.00,59.00"]
