CONSOLE MESSAGE: line 185: Error: Problem parsing points="20,10,0,10,15,20,10,2,5,20,20,10"
CONSOLE MESSAGE: line 187: Error: Problem parsing points="20,10,0,10,15,20,10,2,5,20,20,10"
CONSOLE MESSAGE: line 191: Error: Problem parsing points="20,10,0,10,15,20,10,2,5,20,20,10"
CONSOLE MESSAGE: line 191: Error: Problem parsing points="20,10,0,10,15,20,10,2,5,20,20,10"
CONSOLE MESSAGE: line 192: Error: Problem parsing points="20,10,0,10,15,20,10,2,5,20,20,10"
CONSOLE MESSAGE: line 192: Error: Problem parsing points="20,10,0,10,15,20,10,2,5,20,20,10"
CONSOLE MESSAGE: line 193: Error: Problem parsing points="20,10,0,10,15,20,10,2,5,20,20,10"
CONSOLE MESSAGE: line 193: Error: Problem parsing points="20,10,0,10,15,20,10,2,5,20,20,10"
CONSOLE MESSAGE: line 195: Error: Problem parsing points="20,10,0,10,15,20,10,2,5,20,20,10"
CONSOLE MESSAGE: line 202: Error: Problem parsing points="20,10,0,10,15,20,10,2,5,20,20,10"
CONSOLE MESSAGE: line 209: Error: Problem parsing points="20,10,0,10,15,20,10,2,5,20,20,10"
CONSOLE MESSAGE: line 316: Error: Problem parsing points="5,2,20,5,5,8"
CONSOLE MESSAGE: line 318: Error: Problem parsing points="5,2,20,5,5,8"
CONSOLE MESSAGE: line 322: Error: Problem parsing points="5,2,20,5,5,8"
CONSOLE MESSAGE: line 322: Error: Problem parsing points="5,2,20,5,5,8"
CONSOLE MESSAGE: line 323: Error: Problem parsing points="5,2,20,5,5,8"
CONSOLE MESSAGE: line 323: Error: Problem parsing points="5,2,20,5,5,8"
CONSOLE MESSAGE: line 324: Error: Problem parsing points="5,2,20,5,5,8"
CONSOLE MESSAGE: line 324: Error: Problem parsing points="5,2,20,5,5,8"
CONSOLE MESSAGE: line 326: Error: Problem parsing points="5,2,20,5,5,8"
CONSOLE MESSAGE: line 333: Error: Problem parsing points="5,2,20,5,5,8"
CONSOLE MESSAGE: line 340: Error: Problem parsing points="5,2,20,5,5,8"
CONSOLE MESSAGE: line 349: Error: Problem parsing points="5,0,20,5,5,10"
CONSOLE MESSAGE: line 350: Error: Problem parsing points="5,0,20,5,5,10"
CONSOLE MESSAGE: line 353: Error: Problem parsing points="5,0,20,5,5,10"
CONSOLE MESSAGE: line 353: Error: Problem parsing points="5,0,20,5,5,10"
CONSOLE MESSAGE: line 354: Error: Problem parsing points="5,0,20,5,5,10"
CONSOLE MESSAGE: line 354: Error: Problem parsing points="5,0,20,5,5,10"
CONSOLE MESSAGE: line 355: Error: Problem parsing points="5,0,20,5,5,10"
CONSOLE MESSAGE: line 355: Error: Problem parsing points="5,0,20,5,5,10"
CONSOLE MESSAGE: line 357: Error: Problem parsing points="5,0,20,5,5,10"
CONSOLE MESSAGE: line 364: Error: Problem parsing points="5,0,20,5,5,10"
CONSOLE MESSAGE: line 371: Error: Problem parsing points="5,0,20,5,5,10"
layer at (0,0) size 480x360
  RenderView at (0,0) size 480x360
    RenderSVGContainer {svg} at (0.50,0.50) size 479x359
      RenderSVGText {text} at (10,340) size 480x46
        RenderSVGInlineText {#text} at (0,-36) size 284x46
          text run at (0,-36) width 284: "$Revision: 1.10 $"
      RenderPath {rect} at (0.50,0.50) size 479x359 [stroke={[type=SOLID] [color=#000000]}] [data="M1.00,1.00L479.00,1.00L479.00,359.00L1.00,359.00"]
      RenderSVGText {text} at (240,25) size 480x23
        RenderSVGInlineText {#text} at (-34,-18) size 69x23
          text run at (-34,-18) width 69: "graphics"
      RenderSVGContainer {g} at (28,45) size 411.74x243 [transform={m=((1.00,0.00)(0.00,1.00)) t=(80.00,75.00)}]
        RenderSVGContainer {g} at (28,74) size 82x214 [transform={m=((1.00,0.00)(0.00,1.00)) t=(30.00,10.00)}]
          RenderSVGText {text} at (0,0) size 480x14
            RenderSVGInlineText {#text} at (-13,-11) size 13x14
              text run at (-13,-11) width 13: "fill"
          RenderSVGText {text} at (0,20) size 480x14
            RenderSVGInlineText {#text} at (-35,-11) size 35x14
              text run at (-35,-11) width 35: "fill-rule"
          RenderSVGText {text} at (0,40) size 480x14
            RenderSVGInlineText {#text} at (-29,-11) size 29x14
              text run at (-29,-11) width 29: "stroke"
          RenderSVGText {text} at (0,60) size 480x14
            RenderSVGInlineText {#text} at (-60,-11) size 60x14
              text run at (-60,-11) width 60: "stroke-width"
          RenderSVGText {text} at (0,80) size 480x14
            RenderSVGInlineText {#text} at (-66,-11) size 66x14
              text run at (-66,-11) width 66: "stroke-linecap"
          RenderSVGText {text} at (0,100) size 480x14
            RenderSVGInlineText {#text} at (-68,-11) size 68x14
              text run at (-68,-11) width 68: "stroke-linejoin"
          RenderSVGText {text} at (0,120) size 480x14
            RenderSVGInlineText {#text} at (-78,-11) size 78x14
              text run at (-78,-11) width 78: "stroke-miterlimit"
          RenderSVGText {text} at (0,140) size 480x14
            RenderSVGInlineText {#text} at (-82,-11) size 82x14
              text run at (-82,-11) width 82: "stroke-dashoffset"
          RenderSVGText {text} at (0,160) size 480x14
            RenderSVGInlineText {#text} at (-34,-11) size 34x14
              text run at (-34,-11) width 34: "display"
          RenderSVGText {text} at (0,180) size 480x14
            RenderSVGInlineText {#text} at (-41,-11) size 41x14
              text run at (-41,-11) width 41: "visibility"
          RenderSVGText {text} at (0,200) size 480x14
            RenderSVGInlineText {#text} at (-24,-11) size 24x14
              text run at (-24,-11) width 24: "color"
        RenderSVGContainer {g} at (172,45) size 244x17 [transform={m=((1.00,0.00)(0.00,1.00)) t=(90.00,-20.00)}]
          RenderSVGText {text} at (20,3) size 480x17
            RenderSVGInlineText {#text} at (-18,-13) size 37x17
              text run at (-18,-13) width 37: "<text>"
          RenderSVGText {text} at (130,3) size 480x17
            RenderSVGInlineText {#text} at (-11,-13) size 23x17
              text run at (-11,-13) width 23: "<g>"
          RenderSVGText {text} at (235,3) size 480x17
            RenderSVGInlineText {#text} at (-11,-13) size 22x17
              text run at (-11,-13) width 22: "<a>"
        RenderSVGContainer {g} at (155,75) size 284.74x208 [transform={m=((1.00,0.00)(0.00,1.00)) t=(80.00,0.00)}]
          RenderPath {rect} at (170,75) size 8x8 [fill={[type=SOLID] [color=#CCCCCC]}] [data="M10.00,0.00L18.00,0.00L18.00,8.00L10.00,8.00"]
          RenderSVGContainer {g} at (170,75) size 258x8
            RenderSVGContainer {defs} at (170,75) size 38x8
              RenderSVGContainer {g} at (170,75) size 38x8
                RenderPath {rect} at (170,75) size 8x8 [fill={[type=SOLID] [color=#CCCCCC]}] [data="M10.00,0.00L18.00,0.00L18.00,8.00L10.00,8.00"]
                RenderPath {rect} at (200,75) size 8x8 [transform={m=((1.00,0.00)(0.00,1.00)) t=(30.00,0.00)}] [fill={[type=SOLID] [color=#CCCCCC]}] [data="M10.00,0.00L18.00,0.00L18.00,8.00L10.00,8.00"]
            RenderSVGContainer {use} at (170,75) size 38x8
              RenderSVGContainer {g} at (170,75) size 38x8
                RenderSVGContainer {g} at (170,75) size 38x8
                  RenderPath {rect} at (170,75) size 8x8 [fill={[type=SOLID] [color=#CCCCCC]}] [data="M10.00,0.00L18.00,0.00L18.00,8.00L10.00,8.00"]
                  RenderPath {rect} at (200,75) size 8x8 [transform={m=((1.00,0.00)(0.00,1.00)) t=(30.00,0.00)}] [fill={[type=SOLID] [color=#CCCCCC]}] [data="M10.00,0.00L18.00,0.00L18.00,8.00L10.00,8.00"]
            RenderSVGContainer {use} at (280,75) size 38x8
              RenderSVGContainer {g} at (280,75) size 38x8 [transform={m=((1.00,0.00)(0.00,1.00)) t=(110.00,0.00)}]
                RenderSVGContainer {g} at (280,75) size 38x8
                  RenderPath {rect} at (280,75) size 8x8 [fill={[type=SOLID] [color=#CCCCCC]}] [data="M10.00,0.00L18.00,0.00L18.00,8.00L10.00,8.00"]
                  RenderPath {rect} at (310,75) size 8x8 [transform={m=((1.00,0.00)(0.00,1.00)) t=(30.00,0.00)}] [fill={[type=SOLID] [color=#CCCCCC]}] [data="M10.00,0.00L18.00,0.00L18.00,8.00L10.00,8.00"]
            RenderSVGContainer {use} at (390,75) size 38x8
              RenderSVGContainer {g} at (390,75) size 38x8 [transform={m=((1.00,0.00)(0.00,1.00)) t=(220.00,0.00)}]
                RenderSVGContainer {g} at (390,75) size 38x8
                  RenderPath {rect} at (390,75) size 8x8 [fill={[type=SOLID] [color=#CCCCCC]}] [data="M10.00,0.00L18.00,0.00L18.00,8.00L10.00,8.00"]
                  RenderPath {rect} at (420,75) size 8x8 [transform={m=((1.00,0.00)(0.00,1.00)) t=(30.00,0.00)}] [fill={[type=SOLID] [color=#CCCCCC]}] [data="M10.00,0.00L18.00,0.00L18.00,8.00L10.00,8.00"]
            RenderPath {rect} at (170,75) size 8x8 [fill={[type=SOLID] [color=#CC0066]}] [data="M10.00,0.00L18.00,0.00L18.00,8.00L10.00,8.00"]
            RenderSVGContainer {g} at (280,75) size 8x8 [transform={m=((1.00,0.00)(0.00,1.00)) t=(110.00,0.00)}]
              RenderPath {rect} at (280,75) size 8x8 [fill={[type=SOLID] [color=#CC0066]}] [data="M10.00,0.00L18.00,0.00L18.00,8.00L10.00,8.00"]
            RenderSVGContainer {a} at (390,75) size 8x8 [transform={m=((1.00,0.00)(0.00,1.00)) t=(220.00,0.00)}]
              RenderPath {rect} at (390,75) size 8x8 [fill={[type=SOLID] [color=#CC0066]}] [data="M10.00,0.00L18.00,0.00L18.00,8.00L10.00,8.00"]
          RenderSVGContainer {g} at (163.35,90.13) size 271.93x21.03 [transform={m=((1.00,0.00)(0.00,1.00)) t=(5.00,15.00)}]
            RenderSVGContainer {defs} at (163.35,90.13) size 51.93x21.03
              RenderSVGContainer {g} at (163.35,90.13) size 51.93x21.03
                RenderPath {polyline} at (163.35,90.13) size 21.93x21.03 [stroke={[type=SOLID] [color=#CCCCCC]}] [fill={[type=SOLID] [color=#CCCCCC]}] [data="M20.00,10.00L0.00,10.00L15.00,20.00L10.00,2.00L5.00,20.00L20.00,10.00"]
                RenderPath {polyline} at (193.35,90.13) size 21.93x21.03 [transform={m=((1.00,0.00)(0.00,1.00)) t=(30.00,0.00)}] [stroke={[type=SOLID] [color=#CCCCCC]}] [fill={[type=SOLID] [color=#CCCCCC] [fill rule=EVEN-ODD]}] [data="M20.00,10.00L0.00,10.00L15.00,20.00L10.00,2.00L5.00,20.00L20.00,10.00"]
            RenderSVGContainer {use} at (163.35,90.13) size 51.93x21.03
              RenderSVGContainer {g} at (163.35,90.13) size 51.93x21.03
                RenderSVGContainer {g} at (163.35,90.13) size 51.93x21.03
                  RenderPath {polyline} at (163.35,90.13) size 21.93x21.03 [stroke={[type=SOLID] [color=#CCCCCC]}] [fill={[type=SOLID] [color=#CCCCCC]}] [data="M20.00,10.00L0.00,10.00L15.00,20.00L10.00,2.00L5.00,20.00L20.00,10.00"]
                  RenderPath {polyline} at (193.35,90.13) size 21.93x21.03 [transform={m=((1.00,0.00)(0.00,1.00)) t=(30.00,0.00)}] [stroke={[type=SOLID] [color=#CCCCCC]}] [fill={[type=SOLID] [color=#CCCCCC] [fill rule=EVEN-ODD]}] [data="M20.00,10.00L0.00,10.00L15.00,20.00L10.00,2.00L5.00,20.00L20.00,10.00"]
            RenderSVGContainer {use} at (273.35,90.13) size 51.93x21.03
              RenderSVGContainer {g} at (273.35,90.13) size 51.93x21.03 [transform={m=((1.00,0.00)(0.00,1.00)) t=(110.00,0.00)}]
                RenderSVGContainer {g} at (273.35,90.13) size 51.93x21.03
                  RenderPath {polyline} at (273.35,90.13) size 21.93x21.03 [stroke={[type=SOLID] [color=#CCCCCC]}] [fill={[type=SOLID] [color=#CCCCCC]}] [data="M20.00,10.00L0.00,10.00L15.00,20.00L10.00,2.00L5.00,20.00L20.00,10.00"]
                  RenderPath {polyline} at (303.35,90.13) size 21.93x21.03 [transform={m=((1.00,0.00)(0.00,1.00)) t=(30.00,0.00)}] [stroke={[type=SOLID] [color=#CCCCCC]}] [fill={[type=SOLID] [color=#CCCCCC] [fill rule=EVEN-ODD]}] [data="M20.00,10.00L0.00,10.00L15.00,20.00L10.00,2.00L5.00,20.00L20.00,10.00"]
            RenderSVGContainer {use} at (383.35,90.13) size 51.93x21.03
              RenderSVGContainer {g} at (383.35,90.13) size 51.93x21.03 [transform={m=((1.00,0.00)(0.00,1.00)) t=(220.00,0.00)}]
                RenderSVGContainer {g} at (383.35,90.13) size 51.93x21.03
                  RenderPath {polyline} at (383.35,90.13) size 21.93x21.03 [stroke={[type=SOLID] [color=#CCCCCC]}] [fill={[type=SOLID] [color=#CCCCCC]}] [data="M20.00,10.00L0.00,10.00L15.00,20.00L10.00,2.00L5.00,20.00L20.00,10.00"]
                  RenderPath {polyline} at (413.35,90.13) size 21.93x21.03 [transform={m=((1.00,0.00)(0.00,1.00)) t=(30.00,0.00)}] [stroke={[type=SOLID] [color=#CCCCCC]}] [fill={[type=SOLID] [color=#CCCCCC] [fill rule=EVEN-ODD]}] [data="M20.00,10.00L0.00,10.00L15.00,20.00L10.00,2.00L5.00,20.00L20.00,10.00"]
            RenderPath {polyline} at (163.35,90.13) size 21.93x21.03 [stroke={[type=SOLID] [color=#CC0066]}] [fill={[type=SOLID] [color=#CC0066]}] [data="M20.00,10.00L0.00,10.00L15.00,20.00L10.00,2.00L5.00,20.00L20.00,10.00"]
            RenderSVGContainer {g} at (273.35,90.13) size 21.93x21.03 [transform={m=((1.00,0.00)(0.00,1.00)) t=(110.00,0.00)}]
              RenderPath {polyline} at (273.35,90.13) size 21.93x21.03 [stroke={[type=SOLID] [color=#CC0066]}] [fill={[type=SOLID] [color=#CC0066]}] [data="M20.00,10.00L0.00,10.00L15.00,20.00L10.00,2.00L5.00,20.00L20.00,10.00"]
            RenderSVGContainer {a} at (383.35,90.13) size 21.93x21.03 [transform={m=((1.00,0.00)(0.00,1.00)) t=(220.00,0.00)}]
              RenderPath {polyline} at (383.35,90.13) size 21.93x21.03 [stroke={[type=SOLID] [color=#CC0066]}] [fill={[type=SOLID] [color=#CC0066]}] [data="M20.00,10.00L0.00,10.00L15.00,20.00L10.00,2.00L5.00,20.00L20.00,10.00"]
          RenderSVGContainer {g} at (170,120) size 258x8 [transform={m=((1.00,0.00)(0.00,1.00)) t=(0.00,45.00)}]
            RenderSVGContainer {defs} at (170,120) size 38x8
              RenderSVGContainer {g} at (170,120) size 38x8
                RenderPath {rect} at (170,120) size 8x8 [fill={[type=SOLID] [color=#CCCCCC]}] [data="M10.00,0.00L18.00,0.00L18.00,8.00L10.00,8.00"]
                RenderPath {rect} at (200,120) size 8x8 [transform={m=((1.00,0.00)(0.00,1.00)) t=(30.00,0.00)}] [fill={[type=SOLID] [color=#CCCCCC]}] [data="M10.00,0.00L18.00,0.00L18.00,8.00L10.00,8.00"]
            RenderSVGContainer {use} at (170,120) size 38x8
              RenderSVGContainer {g} at (170,120) size 38x8
                RenderSVGContainer {g} at (170,120) size 38x8
                  RenderPath {rect} at (170,120) size 8x8 [fill={[type=SOLID] [color=#CCCCCC]}] [data="M10.00,0.00L18.00,0.00L18.00,8.00L10.00,8.00"]
                  RenderPath {rect} at (200,120) size 8x8 [transform={m=((1.00,0.00)(0.00,1.00)) t=(30.00,0.00)}] [fill={[type=SOLID] [color=#CCCCCC]}] [data="M10.00,0.00L18.00,0.00L18.00,8.00L10.00,8.00"]
            RenderSVGContainer {use} at (280,120) size 38x8
              RenderSVGContainer {g} at (280,120) size 38x8 [transform={m=((1.00,0.00)(0.00,1.00)) t=(110.00,0.00)}]
                RenderSVGContainer {g} at (280,120) size 38x8
                  RenderPath {rect} at (280,120) size 8x8 [fill={[type=SOLID] [color=#CCCCCC]}] [data="M10.00,0.00L18.00,0.00L18.00,8.00L10.00,8.00"]
                  RenderPath {rect} at (310,120) size 8x8 [transform={m=((1.00,0.00)(0.00,1.00)) t=(30.00,0.00)}] [fill={[type=SOLID] [color=#CCCCCC]}] [data="M10.00,0.00L18.00,0.00L18.00,8.00L10.00,8.00"]
            RenderSVGContainer {use} at (390,120) size 38x8
              RenderSVGContainer {g} at (390,120) size 38x8 [transform={m=((1.00,0.00)(0.00,1.00)) t=(220.00,0.00)}]
                RenderSVGContainer {g} at (390,120) size 38x8
                  RenderPath {rect} at (390,120) size 8x8 [fill={[type=SOLID] [color=#CCCCCC]}] [data="M10.00,0.00L18.00,0.00L18.00,8.00L10.00,8.00"]
                  RenderPath {rect} at (420,120) size 8x8 [transform={m=((1.00,0.00)(0.00,1.00)) t=(30.00,0.00)}] [fill={[type=SOLID] [color=#CCCCCC]}] [data="M10.00,0.00L18.00,0.00L18.00,8.00L10.00,8.00"]
            RenderPath {rect} at (170,120) size 8x8 [data="M10.00,0.00L18.00,0.00L18.00,8.00L10.00,8.00"]
            RenderSVGContainer {g} at (280,120) size 8x8 [transform={m=((1.00,0.00)(0.00,1.00)) t=(110.00,0.00)}]
              RenderPath {rect} at (280,120) size 8x8 [data="M10.00,0.00L18.00,0.00L18.00,8.00L10.00,8.00"]
            RenderSVGContainer {a} at (390,120) size 8x8 [transform={m=((1.00,0.00)(0.00,1.00)) t=(220.00,0.00)}]
              RenderPath {rect} at (390,120) size 8x8 [data="M10.00,0.00L18.00,0.00L18.00,8.00L10.00,8.00"]
          RenderSVGContainer {g} at (169.69,133.44) size 261.56x11.12 [transform={m=((1.00,0.00)(0.00,1.00)) t=(0.00,60.00)}]
            RenderSVGContainer {defs} at (169.69,133.44) size 41.56x11.12
              RenderSVGContainer {g} at (169.69,133.44) size 41.56x11.12
                RenderPath {line} at (169.69,134.61) size 10.62x8.78 [stroke={[type=SOLID] [color=#CCCCCC]}] [fill={[type=SOLID] [color=#CC0066]}] [data="M10.00,8.00L20.00,0.00"]
                RenderPath {line} at (198.75,133.44) size 12.50x11.12 [transform={m=((1.00,0.00)(0.00,1.00)) t=(30.00,0.00)}] [stroke={[type=SOLID] [color=#CCCCCC] [stroke width=4.00]}] [fill={[type=SOLID] [color=#CC0066]}] [data="M10.00,8.00L20.00,0.00"]
            RenderSVGContainer {use} at (169.69,133.44) size 41.56x11.12
              RenderSVGContainer {g} at (169.69,133.44) size 41.56x11.12
                RenderSVGContainer {g} at (169.69,133.44) size 41.56x11.12
                  RenderPath {line} at (169.69,134.61) size 10.62x8.78 [stroke={[type=SOLID] [color=#CCCCCC]}] [fill={[type=SOLID] [color=#CC0066]}] [data="M10.00,8.00L20.00,0.00"]
                  RenderPath {line} at (198.75,133.44) size 12.50x11.12 [transform={m=((1.00,0.00)(0.00,1.00)) t=(30.00,0.00)}] [stroke={[type=SOLID] [color=#CCCCCC] [stroke width=4.00]}] [fill={[type=SOLID] [color=#CC0066]}] [data="M10.00,8.00L20.00,0.00"]
            RenderSVGContainer {use} at (279.69,133.44) size 41.56x11.12
              RenderSVGContainer {g} at (279.69,133.44) size 41.56x11.12 [transform={m=((1.00,0.00)(0.00,1.00)) t=(110.00,0.00)}]
                RenderSVGContainer {g} at (279.69,133.44) size 41.56x11.12
                  RenderPath {line} at (279.69,134.61) size 10.62x8.78 [stroke={[type=SOLID] [color=#CCCCCC]}] [fill={[type=SOLID] [color=#CC0066]}] [data="M10.00,8.00L20.00,0.00"]
                  RenderPath {line} at (308.75,133.44) size 12.50x11.12 [transform={m=((1.00,0.00)(0.00,1.00)) t=(30.00,0.00)}] [stroke={[type=SOLID] [color=#CCCCCC] [stroke width=4.00]}] [fill={[type=SOLID] [color=#CC0066]}] [data="M10.00,8.00L20.00,0.00"]
            RenderSVGContainer {use} at (389.69,133.44) size 41.56x11.12
              RenderSVGContainer {g} at (389.69,133.44) size 41.56x11.12 [transform={m=((1.00,0.00)(0.00,1.00)) t=(220.00,0.00)}]
                RenderSVGContainer {g} at (389.69,133.44) size 41.56x11.12
                  RenderPath {line} at (389.69,134.61) size 10.62x8.78 [stroke={[type=SOLID] [color=#CCCCCC]}] [fill={[type=SOLID] [color=#CC0066]}] [data="M10.00,8.00L20.00,0.00"]
                  RenderPath {line} at (418.75,133.44) size 12.50x11.12 [transform={m=((1.00,0.00)(0.00,1.00)) t=(30.00,0.00)}] [stroke={[type=SOLID] [color=#CCCCCC] [stroke width=4.00]}] [fill={[type=SOLID] [color=#CC0066]}] [data="M10.00,8.00L20.00,0.00"]
            RenderPath {line} at (169.69,134.61) size 10.62x8.78 [stroke={[type=SOLID] [color=#CC0066]}] [fill={[type=SOLID] [color=#CC0066]}] [data="M10.00,8.00L20.00,0.00"]
            RenderSVGContainer {g} at (279.69,134.61) size 10.62x8.78 [transform={m=((1.00,0.00)(0.00,1.00)) t=(110.00,0.00)}]
              RenderPath {line} at (279.69,134.61) size 10.62x8.78 [stroke={[type=SOLID] [color=#CC0066]}] [fill={[type=SOLID] [color=#CC0066]}] [data="M10.00,8.00L20.00,0.00"]
            RenderSVGContainer {a} at (389.69,134.61) size 10.62x8.78 [transform={m=((1.00,0.00)(0.00,1.00)) t=(220.00,0.00)}]
              RenderPath {line} at (389.69,134.61) size 10.62x8.78 [stroke={[type=SOLID] [color=#CC0066]}] [fill={[type=SOLID] [color=#CC0066]}] [data="M10.00,8.00L20.00,0.00"]
          RenderSVGContainer {g} at (168.75,152.75) size 263.50x12.50 [transform={m=((1.00,0.00)(0.00,1.00)) t=(0.00,80.00)}]
            RenderSVGContainer {defs} at (168.75,152.75) size 43.50x12.50
              RenderSVGContainer {g} at (168.75,152.75) size 43.50x12.50
                RenderPath {line} at (168.75,153.44) size 12.50x11.12 [stroke={[type=SOLID] [color=#CCCCCC] [stroke width=4.00]}] [fill={[type=SOLID] [color=#CC0066]}] [data="M10.00,8.00L20.00,0.00"]
                RenderPath {line} at (197.75,152.75) size 14.50x12.50 [transform={m=((1.00,0.00)(0.00,1.00)) t=(30.00,0.00)}] [stroke={[type=SOLID] [color=#CCCCCC] [stroke width=4.00] [line cap=ROUND]}] [fill={[type=SOLID] [color=#CC0066]}] [data="M10.00,8.00L20.00,0.00"]
            RenderSVGContainer {use} at (168.75,152.75) size 43.50x12.50
              RenderSVGContainer {g} at (168.75,152.75) size 43.50x12.50
                RenderSVGContainer {g} at (168.75,152.75) size 43.50x12.50
                  RenderPath {line} at (168.75,153.44) size 12.50x11.12 [stroke={[type=SOLID] [color=#CCCCCC] [stroke width=4.00]}] [fill={[type=SOLID] [color=#CC0066]}] [data="M10.00,8.00L20.00,0.00"]
                  RenderPath {line} at (197.75,152.75) size 14.50x12.50 [transform={m=((1.00,0.00)(0.00,1.00)) t=(30.00,0.00)}] [stroke={[type=SOLID] [color=#CCCCCC] [stroke width=4.00] [line cap=ROUND]}] [fill={[type=SOLID] [color=#CC0066]}] [data="M10.00,8.00L20.00,0.00"]
            RenderSVGContainer {use} at (278.75,152.75) size 43.50x12.50
              RenderSVGContainer {g} at (278.75,152.75) size 43.50x12.50 [transform={m=((1.00,0.00)(0.00,1.00)) t=(110.00,0.00)}]
                RenderSVGContainer {g} at (278.75,152.75) size 43.50x12.50
                  RenderPath {line} at (278.75,153.44) size 12.50x11.12 [stroke={[type=SOLID] [color=#CCCCCC] [stroke width=4.00]}] [fill={[type=SOLID] [color=#CC0066]}] [data="M10.00,8.00L20.00,0.00"]
                  RenderPath {line} at (307.75,152.75) size 14.50x12.50 [transform={m=((1.00,0.00)(0.00,1.00)) t=(30.00,0.00)}] [stroke={[type=SOLID] [color=#CCCCCC] [stroke width=4.00] [line cap=ROUND]}] [fill={[type=SOLID] [color=#CC0066]}] [data="M10.00,8.00L20.00,0.00"]
            RenderSVGContainer {use} at (388.75,152.75) size 43.50x12.50
              RenderSVGContainer {g} at (388.75,152.75) size 43.50x12.50 [transform={m=((1.00,0.00)(0.00,1.00)) t=(220.00,0.00)}]
                RenderSVGContainer {g} at (388.75,152.75) size 43.50x12.50
                  RenderPath {line} at (388.75,153.44) size 12.50x11.12 [stroke={[type=SOLID] [color=#CCCCCC] [stroke width=4.00]}] [fill={[type=SOLID] [color=#CC0066]}] [data="M10.00,8.00L20.00,0.00"]
                  RenderPath {line} at (417.75,152.75) size 14.50x12.50 [transform={m=((1.00,0.00)(0.00,1.00)) t=(30.00,0.00)}] [stroke={[type=SOLID] [color=#CCCCCC] [stroke width=4.00] [line cap=ROUND]}] [fill={[type=SOLID] [color=#CC0066]}] [data="M10.00,8.00L20.00,0.00"]
            RenderPath {line} at (168.75,153.44) size 12.50x11.12 [stroke={[type=SOLID] [color=#CC0066] [stroke width=4.00]}] [fill={[type=SOLID] [color=#CC0066]}] [data="M10.00,8.00L20.00,0.00"]
            RenderSVGContainer {g} at (278.75,153.44) size 12.50x11.12 [transform={m=((1.00,0.00)(0.00,1.00)) t=(110.00,0.00)}]
              RenderPath {line} at (278.75,153.44) size 12.50x11.12 [stroke={[type=SOLID] [color=#CC0066] [stroke width=4.00]}] [fill={[type=SOLID] [color=#CC0066]}] [data="M10.00,8.00L20.00,0.00"]
            RenderSVGContainer {a} at (388.75,153.44) size 12.50x11.12 [transform={m=((1.00,0.00)(0.00,1.00)) t=(220.00,0.00)}]
              RenderPath {line} at (388.75,153.44) size 12.50x11.12 [stroke={[type=SOLID] [color=#CC0066] [stroke width=4.00]}] [fill={[type=SOLID] [color=#CC0066]}] [data="M10.00,8.00L20.00,0.00"]
          RenderSVGContainer {g} at (169.71,175.53) size 265.59x8.94 [transform={m=((1.00,0.00)(0.00,1.00)) t=(5.00,100.00)}]
            RenderSVGContainer {defs} at (169.71,175.53) size 45.59x8.94
              RenderSVGContainer {g} at (169.71,175.53) size 45.59x8.94
                RenderPath {polyline} at (169.71,175.53) size 22.94x8.94 [stroke={[type=SOLID] [color=#CCCCCC] [stroke width=3.00] [miter limit=10]}] [data="M5.00,2.00L20.00,5.00L5.00,8.00"]
                RenderPath {polyline} at (199.71,175.53) size 15.59x8.94 [transform={m=((1.00,0.00)(0.00,1.00)) t=(30.00,0.00)}] [stroke={[type=SOLID] [color=#CCCCCC] [stroke width=3.00] [miter limit=10] [line join=BEVEL]}] [data="M5.00,2.00L20.00,5.00L5.00,8.00"]
            RenderSVGContainer {use} at (169.71,175.53) size 45.59x8.94
              RenderSVGContainer {g} at (169.71,175.53) size 45.59x8.94
                RenderSVGContainer {g} at (169.71,175.53) size 45.59x8.94
                  RenderPath {polyline} at (169.71,175.53) size 22.94x8.94 [stroke={[type=SOLID] [color=#CCCCCC] [stroke width=3.00] [miter limit=10]}] [data="M5.00,2.00L20.00,5.00L5.00,8.00"]
                  RenderPath {polyline} at (199.71,175.53) size 15.59x8.94 [transform={m=((1.00,0.00)(0.00,1.00)) t=(30.00,0.00)}] [stroke={[type=SOLID] [color=#CCCCCC] [stroke width=3.00] [miter limit=10] [line join=BEVEL]}] [data="M5.00,2.00L20.00,5.00L5.00,8.00"]
            RenderSVGContainer {use} at (279.71,175.53) size 45.59x8.94
              RenderSVGContainer {g} at (279.71,175.53) size 45.59x8.94 [transform={m=((1.00,0.00)(0.00,1.00)) t=(110.00,0.00)}]
                RenderSVGContainer {g} at (279.71,175.53) size 45.59x8.94
                  RenderPath {polyline} at (279.71,175.53) size 22.94x8.94 [stroke={[type=SOLID] [color=#CCCCCC] [stroke width=3.00] [miter limit=10]}] [data="M5.00,2.00L20.00,5.00L5.00,8.00"]
                  RenderPath {polyline} at (309.71,175.53) size 15.59x8.94 [transform={m=((1.00,0.00)(0.00,1.00)) t=(30.00,0.00)}] [stroke={[type=SOLID] [color=#CCCCCC] [stroke width=3.00] [miter limit=10] [line join=BEVEL]}] [data="M5.00,2.00L20.00,5.00L5.00,8.00"]
            RenderSVGContainer {use} at (389.71,175.53) size 45.59x8.94
              RenderSVGContainer {g} at (389.71,175.53) size 45.59x8.94 [transform={m=((1.00,0.00)(0.00,1.00)) t=(220.00,0.00)}]
                RenderSVGContainer {g} at (389.71,175.53) size 45.59x8.94
                  RenderPath {polyline} at (389.71,175.53) size 22.94x8.94 [stroke={[type=SOLID] [color=#CCCCCC] [stroke width=3.00] [miter limit=10]}] [data="M5.00,2.00L20.00,5.00L5.00,8.00"]
                  RenderPath {polyline} at (419.71,175.53) size 15.59x8.94 [transform={m=((1.00,0.00)(0.00,1.00)) t=(30.00,0.00)}] [stroke={[type=SOLID] [color=#CCCCCC] [stroke width=3.00] [miter limit=10] [line join=BEVEL]}] [data="M5.00,2.00L20.00,5.00L5.00,8.00"]
            RenderPath {polyline} at (169.71,175.53) size 22.94x8.94 [stroke={[type=SOLID] [color=#CC0066] [stroke width=3.00] [miter limit=10]}] [data="M5.00,2.00L20.00,5.00L5.00,8.00"]
            RenderSVGContainer {g} at (279.71,175.53) size 22.94x8.94 [transform={m=((1.00,0.00)(0.00,1.00)) t=(110.00,0.00)}]
              RenderPath {polyline} at (279.71,175.53) size 22.94x8.94 [stroke={[type=SOLID] [color=#CC0066] [stroke width=3.00] [miter limit=10]}] [data="M5.00,2.00L20.00,5.00L5.00,8.00"]
            RenderSVGContainer {a} at (389.71,175.53) size 22.94x8.94 [transform={m=((1.00,0.00)(0.00,1.00)) t=(220.00,0.00)}]
              RenderPath {polyline} at (389.71,175.53) size 22.94x8.94 [stroke={[type=SOLID] [color=#CC0066] [stroke width=3.00] [miter limit=10]}] [data="M5.00,2.00L20.00,5.00L5.00,8.00"]
          RenderSVGContainer {g} at (169.53,193.58) size 270.22x12.85 [transform={m=((1.00,0.00)(0.00,1.00)) t=(5.00,120.00)}]
            RenderSVGContainer {defs} at (169.53,193.58) size 50.22x12.85
              RenderSVGContainer {g} at (169.53,193.58) size 50.22x12.85
                RenderPath {polyline} at (169.53,193.58) size 15.95x12.85 [stroke={[type=SOLID] [color=#CCCCCC] [stroke width=3.00] [miter limit=1]}] [data="M5.00,0.00L20.00,5.00L5.00,10.00"]
                RenderPath {polyline} at (199.53,193.58) size 20.22x12.85 [transform={m=((1.00,0.00)(0.00,1.00)) t=(30.00,0.00)}] [stroke={[type=SOLID] [color=#CCCCCC] [stroke width=3.00] [miter limit=10]}] [data="M5.00,0.00L20.00,5.00L5.00,10.00"]
            RenderSVGContainer {use} at (169.53,193.58) size 50.22x12.85
              RenderSVGContainer {g} at (169.53,193.58) size 50.22x12.85
                RenderSVGContainer {g} at (169.53,193.58) size 50.22x12.85
                  RenderPath {polyline} at (169.53,193.58) size 15.95x12.85 [stroke={[type=SOLID] [color=#CCCCCC] [stroke width=3.00] [miter limit=1]}] [data="M5.00,0.00L20.00,5.00L5.00,10.00"]
                  RenderPath {polyline} at (199.53,193.58) size 20.22x12.85 [transform={m=((1.00,0.00)(0.00,1.00)) t=(30.00,0.00)}] [stroke={[type=SOLID] [color=#CCCCCC] [stroke width=3.00] [miter limit=10]}] [data="M5.00,0.00L20.00,5.00L5.00,10.00"]
            RenderSVGContainer {use} at (279.53,193.58) size 50.22x12.85
              RenderSVGContainer {g} at (279.53,193.58) size 50.22x12.85 [transform={m=((1.00,0.00)(0.00,1.00)) t=(110.00,0.00)}]
                RenderSVGContainer {g} at (279.53,193.58) size 50.22x12.85
                  RenderPath {polyline} at (279.53,193.58) size 15.95x12.85 [stroke={[type=SOLID] [color=#CCCCCC] [stroke width=3.00] [miter limit=1]}] [data="M5.00,0.00L20.00,5.00L5.00,10.00"]
                  RenderPath {polyline} at (309.53,193.58) size 20.22x12.85 [transform={m=((1.00,0.00)(0.00,1.00)) t=(30.00,0.00)}] [stroke={[type=SOLID] [color=#CCCCCC] [stroke width=3.00] [miter limit=10]}] [data="M5.00,0.00L20.00,5.00L5.00,10.00"]
            RenderSVGContainer {use} at (389.53,193.58) size 50.22x12.85
              RenderSVGContainer {g} at (389.53,193.58) size 50.22x12.85 [transform={m=((1.00,0.00)(0.00,1.00)) t=(220.00,0.00)}]
                RenderSVGContainer {g} at (389.53,193.58) size 50.22x12.85
                  RenderPath {polyline} at (389.53,193.58) size 15.95x12.85 [stroke={[type=SOLID] [color=#CCCCCC] [stroke width=3.00] [miter limit=1]}] [data="M5.00,0.00L20.00,5.00L5.00,10.00"]
                  RenderPath {polyline} at (419.53,193.58) size 20.22x12.85 [transform={m=((1.00,0.00)(0.00,1.00)) t=(30.00,0.00)}] [stroke={[type=SOLID] [color=#CCCCCC] [stroke width=3.00] [miter limit=10]}] [data="M5.00,0.00L20.00,5.00L5.00,10.00"]
            RenderPath {polyline} at (169.53,193.58) size 15.95x12.85 [stroke={[type=SOLID] [color=#CC0066] [stroke width=3.00] [miter limit=1]}] [data="M5.00,0.00L20.00,5.00L5.00,10.00"]
            RenderSVGContainer {g} at (279.53,193.58) size 15.95x12.85 [transform={m=((1.00,0.00)(0.00,1.00)) t=(110.00,0.00)}]
              RenderPath {polyline} at (279.53,193.58) size 15.95x12.85 [stroke={[type=SOLID] [color=#CC0066] [stroke width=3.00] [miter limit=1]}] [data="M5.00,0.00L20.00,5.00L5.00,10.00"]
            RenderSVGContainer {a} at (389.53,193.58) size 15.95x12.85 [transform={m=((1.00,0.00)(0.00,1.00)) t=(220.00,0.00)}]
              RenderPath {polyline} at (389.53,193.58) size 15.95x12.85 [stroke={[type=SOLID] [color=#CC0066] [stroke width=3.00] [miter limit=1]}] [data="M5.00,0.00L20.00,5.00L5.00,10.00"]
          RenderSVGContainer {g} at (155,218.50) size 281.50x3 [transform={m=((1.00,0.00)(0.00,1.00)) t=(-5.00,145.00)}]
            RenderSVGContainer {defs} at (155,218.50) size 61.50x3
              RenderSVGContainer {g} at (155,218.50) size 61.50x3
                RenderPath {line} at (155,218.50) size 25x3 [stroke={[type=SOLID] [color=#CCCCCC] [stroke width=3.00] [dash array={3.00, 4.00, 5.00}]}] [fill={[type=SOLID] [color=#CC0066]}] [data="M0.00,0.00L25.00,0.00"]
                RenderPath {line} at (196.50,218.50) size 20x3 [transform={m=((1.00,0.00)(0.00,1.00)) t=(40.00,0.00)}] [stroke={[type=SOLID] [color=#CCCCCC] [stroke width=3.00] [dash offset=5.50] [dash array={3.00, 4.00, 5.00}]}] [fill={[type=SOLID] [color=#CC0066]}] [data="M0.00,0.00L25.00,0.00"]
            RenderSVGContainer {use} at (155,218.50) size 61.50x3
              RenderSVGContainer {g} at (155,218.50) size 61.50x3
                RenderSVGContainer {g} at (155,218.50) size 61.50x3
                  RenderPath {line} at (155,218.50) size 25x3 [stroke={[type=SOLID] [color=#CCCCCC] [stroke width=3.00] [dash array={3.00, 4.00, 5.00}]}] [fill={[type=SOLID] [color=#CC0066]}] [data="M0.00,0.00L25.00,0.00"]
                  RenderPath {line} at (196.50,218.50) size 20x3 [transform={m=((1.00,0.00)(0.00,1.00)) t=(40.00,0.00)}] [stroke={[type=SOLID] [color=#CCCCCC] [stroke width=3.00] [dash offset=5.50] [dash array={3.00, 4.00, 5.00}]}] [fill={[type=SOLID] [color=#CC0066]}] [data="M0.00,0.00L25.00,0.00"]
            RenderSVGContainer {use} at (265,218.50) size 61.50x3
              RenderSVGContainer {g} at (265,218.50) size 61.50x3 [transform={m=((1.00,0.00)(0.00,1.00)) t=(110.00,0.00)}]
                RenderSVGContainer {g} at (265,218.50) size 61.50x3
                  RenderPath {line} at (265,218.50) size 25x3 [stroke={[type=SOLID] [color=#CCCCCC] [stroke width=3.00] [dash array={3.00, 4.00, 5.00}]}] [fill={[type=SOLID] [color=#CC0066]}] [data="M0.00,0.00L25.00,0.00"]
                  RenderPath {line} at (306.50,218.50) size 20x3 [transform={m=((1.00,0.00)(0.00,1.00)) t=(40.00,0.00)}] [stroke={[type=SOLID] [color=#CCCCCC] [stroke width=3.00] [dash offset=5.50] [dash array={3.00, 4.00, 5.00}]}] [fill={[type=SOLID] [color=#CC0066]}] [data="M0.00,0.00L25.00,0.00"]
            RenderSVGContainer {use} at (375,218.50) size 61.50x3
              RenderSVGContainer {g} at (375,218.50) size 61.50x3 [transform={m=((1.00,0.00)(0.00,1.00)) t=(220.00,0.00)}]
                RenderSVGContainer {g} at (375,218.50) size 61.50x3
                  RenderPath {line} at (375,218.50) size 25x3 [stroke={[type=SOLID] [color=#CCCCCC] [stroke width=3.00] [dash array={3.00, 4.00, 5.00}]}] [fill={[type=SOLID] [color=#CC0066]}] [data="M0.00,0.00L25.00,0.00"]
                  RenderPath {line} at (416.50,218.50) size 20x3 [transform={m=((1.00,0.00)(0.00,1.00)) t=(40.00,0.00)}] [stroke={[type=SOLID] [color=#CCCCCC] [stroke width=3.00] [dash offset=5.50] [dash array={3.00, 4.00, 5.00}]}] [fill={[type=SOLID] [color=#CC0066]}] [data="M0.00,0.00L25.00,0.00"]
            RenderPath {line} at (155,218.50) size 25x3 [stroke={[type=SOLID] [color=#CC0066] [stroke width=3.00] [dash array={3.00, 4.00, 5.00}]}] [fill={[type=SOLID] [color=#CC0066]}] [data="M0.00,0.00L25.00,0.00"]
            RenderSVGContainer {g} at (265,218.50) size 25x3 [transform={m=((1.00,0.00)(0.00,1.00)) t=(110.00,0.00)}]
              RenderPath {line} at (265,218.50) size 25x3 [stroke={[type=SOLID] [color=#CC0066] [stroke width=3.00] [dash array={3.00, 4.00, 5.00}]}] [fill={[type=SOLID] [color=#CC0066]}] [data="M0.00,0.00L25.00,0.00"]
            RenderSVGContainer {a} at (375,218.50) size 25x3 [transform={m=((1.00,0.00)(0.00,1.00)) t=(220.00,0.00)}]
              RenderPath {line} at (375,218.50) size 25x3 [stroke={[type=SOLID] [color=#CC0066] [stroke width=3.00] [dash array={3.00, 4.00, 5.00}]}] [fill={[type=SOLID] [color=#CC0066]}] [data="M0.00,0.00L25.00,0.00"]
          RenderSVGContainer {g} at (170,235) size 258x8 [transform={m=((1.00,0.00)(0.00,1.00)) t=(0.00,160.00)}]
            RenderSVGContainer {defs} at (170,235) size 38x8
              RenderSVGContainer {g} at (170,235) size 38x8
                RenderPath {rect} at (170,235) size 8x8 [fill={[type=SOLID] [color=#CCCCCC]}] [data="M10.00,0.00L18.00,0.00L18.00,8.00L10.00,8.00"]
                RenderPath {rect} at (200,235) size 8x8 [transform={m=((1.00,0.00)(0.00,1.00)) t=(30.00,0.00)}] [fill={[type=SOLID] [color=#CCCCCC]}] [data="M10.00,0.00L18.00,0.00L18.00,8.00L10.00,8.00"]
            RenderSVGContainer {use} at (170,235) size 38x8
              RenderSVGContainer {g} at (170,235) size 38x8
                RenderSVGContainer {g} at (170,235) size 38x8
                  RenderPath {rect} at (170,235) size 8x8 [fill={[type=SOLID] [color=#CCCCCC]}] [data="M10.00,0.00L18.00,0.00L18.00,8.00L10.00,8.00"]
                  RenderPath {rect} at (200,235) size 8x8 [transform={m=((1.00,0.00)(0.00,1.00)) t=(30.00,0.00)}] [fill={[type=SOLID] [color=#CCCCCC]}] [data="M10.00,0.00L18.00,0.00L18.00,8.00L10.00,8.00"]
            RenderSVGContainer {use} at (280,235) size 38x8
              RenderSVGContainer {g} at (280,235) size 38x8 [transform={m=((1.00,0.00)(0.00,1.00)) t=(110.00,0.00)}]
                RenderSVGContainer {g} at (280,235) size 38x8
                  RenderPath {rect} at (280,235) size 8x8 [fill={[type=SOLID] [color=#CCCCCC]}] [data="M10.00,0.00L18.00,0.00L18.00,8.00L10.00,8.00"]
                  RenderPath {rect} at (310,235) size 8x8 [transform={m=((1.00,0.00)(0.00,1.00)) t=(30.00,0.00)}] [fill={[type=SOLID] [color=#CCCCCC]}] [data="M10.00,0.00L18.00,0.00L18.00,8.00L10.00,8.00"]
            RenderSVGContainer {use} at (390,235) size 38x8
              RenderSVGContainer {g} at (390,235) size 38x8 [transform={m=((1.00,0.00)(0.00,1.00)) t=(220.00,0.00)}]
                RenderSVGContainer {g} at (390,235) size 38x8
                  RenderPath {rect} at (390,235) size 8x8 [fill={[type=SOLID] [color=#CCCCCC]}] [data="M10.00,0.00L18.00,0.00L18.00,8.00L10.00,8.00"]
                  RenderPath {rect} at (420,235) size 8x8 [transform={m=((1.00,0.00)(0.00,1.00)) t=(30.00,0.00)}] [fill={[type=SOLID] [color=#CCCCCC]}] [data="M10.00,0.00L18.00,0.00L18.00,8.00L10.00,8.00"]
            RenderPath {rect} at (170,235) size 8x8 [fill={[type=SOLID] [color=#CC0066]}] [data="M10.00,0.00L18.00,0.00L18.00,8.00L10.00,8.00"]
            RenderSVGContainer {g} at (280,235) size 8x8 [transform={m=((1.00,0.00)(0.00,1.00)) t=(110.00,0.00)}]
              RenderPath {rect} at (280,235) size 8x8 [fill={[type=SOLID] [color=#CC0066]}] [data="M10.00,0.00L18.00,0.00L18.00,8.00L10.00,8.00"]
            RenderSVGContainer {a} at (390,235) size 8x8 [transform={m=((1.00,0.00)(0.00,1.00)) t=(220.00,0.00)}]
              RenderPath {rect} at (390,235) size 8x8 [fill={[type=SOLID] [color=#CC0066]}] [data="M10.00,0.00L18.00,0.00L18.00,8.00L10.00,8.00"]
          RenderSVGContainer {g} at (170,255) size 258x8 [transform={m=((1.00,0.00)(0.00,1.00)) t=(0.00,180.00)}]
            RenderSVGContainer {defs} at (170,255) size 38x8
              RenderSVGContainer {g} at (170,255) size 38x8
                RenderPath {rect} at (170,255) size 8x8 [fill={[type=SOLID] [color=#CCCCCC]}] [data="M10.00,0.00L18.00,0.00L18.00,8.00L10.00,8.00"]
                RenderPath {rect} at (200,255) size 8x8 [transform={m=((1.00,0.00)(0.00,1.00)) t=(30.00,0.00)}] [fill={[type=SOLID] [color=#CCCCCC]}] [data="M10.00,0.00L18.00,0.00L18.00,8.00L10.00,8.00"]
            RenderSVGContainer {use} at (170,255) size 38x8
              RenderSVGContainer {g} at (170,255) size 38x8
                RenderSVGContainer {g} at (170,255) size 38x8
                  RenderPath {rect} at (170,255) size 8x8 [fill={[type=SOLID] [color=#CCCCCC]}] [data="M10.00,0.00L18.00,0.00L18.00,8.00L10.00,8.00"]
                  RenderPath {rect} at (200,255) size 8x8 [transform={m=((1.00,0.00)(0.00,1.00)) t=(30.00,0.00)}] [fill={[type=SOLID] [color=#CCCCCC]}] [data="M10.00,0.00L18.00,0.00L18.00,8.00L10.00,8.00"]
            RenderSVGContainer {use} at (280,255) size 38x8
              RenderSVGContainer {g} at (280,255) size 38x8 [transform={m=((1.00,0.00)(0.00,1.00)) t=(110.00,0.00)}]
                RenderSVGContainer {g} at (280,255) size 38x8
                  RenderPath {rect} at (280,255) size 8x8 [fill={[type=SOLID] [color=#CCCCCC]}] [data="M10.00,0.00L18.00,0.00L18.00,8.00L10.00,8.00"]
                  RenderPath {rect} at (310,255) size 8x8 [transform={m=((1.00,0.00)(0.00,1.00)) t=(30.00,0.00)}] [fill={[type=SOLID] [color=#CCCCCC]}] [data="M10.00,0.00L18.00,0.00L18.00,8.00L10.00,8.00"]
            RenderSVGContainer {use} at (390,255) size 38x8
              RenderSVGContainer {g} at (390,255) size 38x8 [transform={m=((1.00,0.00)(0.00,1.00)) t=(220.00,0.00)}]
                RenderSVGContainer {g} at (390,255) size 38x8
                  RenderPath {rect} at (390,255) size 8x8 [fill={[type=SOLID] [color=#CCCCCC]}] [data="M10.00,0.00L18.00,0.00L18.00,8.00L10.00,8.00"]
                  RenderPath {rect} at (420,255) size 8x8 [transform={m=((1.00,0.00)(0.00,1.00)) t=(30.00,0.00)}] [fill={[type=SOLID] [color=#CCCCCC]}] [data="M10.00,0.00L18.00,0.00L18.00,8.00L10.00,8.00"]
            RenderPath {rect} at (170,255) size 8x8 [fill={[type=SOLID] [color=#CC0066]}] [data="M10.00,0.00L18.00,0.00L18.00,8.00L10.00,8.00"]
            RenderSVGContainer {g} at (280,255) size 8x8 [transform={m=((1.00,0.00)(0.00,1.00)) t=(110.00,0.00)}]
              RenderPath {rect} at (280,255) size 8x8 [fill={[type=SOLID] [color=#CC0066]}] [data="M10.00,0.00L18.00,0.00L18.00,8.00L10.00,8.00"]
            RenderSVGContainer {a} at (390,255) size 8x8 [transform={m=((1.00,0.00)(0.00,1.00)) t=(220.00,0.00)}]
              RenderPath {rect} at (390,255) size 8x8 [fill={[type=SOLID] [color=#CC0066]}] [data="M10.00,0.00L18.00,0.00L18.00,8.00L10.00,8.00"]
          RenderSVGContainer {g} at (170,275) size 258x8 [transform={m=((1.00,0.00)(0.00,1.00)) t=(0.00,200.00)}]
            RenderSVGContainer {defs} at (170,275) size 38x8
              RenderSVGContainer {g} at (170,275) size 38x8
                RenderPath {rect} at (170,275) size 8x8 [fill={[type=SOLID] [color=#CCCCCC]}] [data="M10.00,0.00L18.00,0.00L18.00,8.00L10.00,8.00"]
                RenderPath {rect} at (200,275) size 8x8 [transform={m=((1.00,0.00)(0.00,1.00)) t=(30.00,0.00)}] [fill={[type=SOLID] [color=#CCCCCC]}] [data="M10.00,0.00L18.00,0.00L18.00,8.00L10.00,8.00"]
            RenderSVGContainer {use} at (170,275) size 38x8
              RenderSVGContainer {g} at (170,275) size 38x8
                RenderSVGContainer {g} at (170,275) size 38x8
                  RenderPath {rect} at (170,275) size 8x8 [fill={[type=SOLID] [color=#CCCCCC]}] [data="M10.00,0.00L18.00,0.00L18.00,8.00L10.00,8.00"]
                  RenderPath {rect} at (200,275) size 8x8 [transform={m=((1.00,0.00)(0.00,1.00)) t=(30.00,0.00)}] [fill={[type=SOLID] [color=#CCCCCC]}] [data="M10.00,0.00L18.00,0.00L18.00,8.00L10.00,8.00"]
            RenderSVGContainer {use} at (280,275) size 38x8
              RenderSVGContainer {g} at (280,275) size 38x8 [transform={m=((1.00,0.00)(0.00,1.00)) t=(110.00,0.00)}]
                RenderSVGContainer {g} at (280,275) size 38x8
                  RenderPath {rect} at (280,275) size 8x8 [fill={[type=SOLID] [color=#CCCCCC]}] [data="M10.00,0.00L18.00,0.00L18.00,8.00L10.00,8.00"]
                  RenderPath {rect} at (310,275) size 8x8 [transform={m=((1.00,0.00)(0.00,1.00)) t=(30.00,0.00)}] [fill={[type=SOLID] [color=#CCCCCC]}] [data="M10.00,0.00L18.00,0.00L18.00,8.00L10.00,8.00"]
            RenderSVGContainer {use} at (390,275) size 38x8
              RenderSVGContainer {g} at (390,275) size 38x8 [transform={m=((1.00,0.00)(0.00,1.00)) t=(220.00,0.00)}]
                RenderSVGContainer {g} at (390,275) size 38x8
                  RenderPath {rect} at (390,275) size 8x8 [fill={[type=SOLID] [color=#CCCCCC]}] [data="M10.00,0.00L18.00,0.00L18.00,8.00L10.00,8.00"]
                  RenderPath {rect} at (420,275) size 8x8 [transform={m=((1.00,0.00)(0.00,1.00)) t=(30.00,0.00)}] [fill={[type=SOLID] [color=#CCCCCC]}] [data="M10.00,0.00L18.00,0.00L18.00,8.00L10.00,8.00"]
            RenderPath {rect} at (170,275) size 8x8 [fill={[type=SOLID] [color=#CC0066]}] [data="M10.00,0.00L18.00,0.00L18.00,8.00L10.00,8.00"]
            RenderSVGContainer {g} at (280,275) size 8x8 [transform={m=((1.00,0.00)(0.00,1.00)) t=(110.00,0.00)}]
              RenderPath {rect} at (280,275) size 8x8 [fill={[type=SOLID] [color=#CC0066]}] [data="M10.00,0.00L18.00,0.00L18.00,8.00L10.00,8.00"]
            RenderSVGContainer {a} at (390,275) size 8x8 [transform={m=((1.00,0.00)(0.00,1.00)) t=(220.00,0.00)}]
              RenderPath {rect} at (390,275) size 8x8 [fill={[type=SOLID] [color=#CC0066]}] [data="M10.00,0.00L18.00,0.00L18.00,8.00L10.00,8.00"]
