layer at (0,0) size 480x360
  RenderView at (0,0) size 480x360
    KCanvasContainer {svg} at (0.50,0.50) size 479x359
      KCanvasContainer {g} at (80,128) size 347x84
        RenderSVGText {text} at (0,0) size 480x16
          RenderText {#text} at (0,0) size 414x16
            text run at (0,0) width 414: "Test animation options for specifying the target attribute/property."
        KCanvasContainer {g} at (80,128) size 347x84 [transform={m=((1.00,0.00)(0.00,1.00)) t=(0.00,50.00)}]
          RenderSVGText {text} at (0,0) size 480x16
            RenderText {#text} at (0,0) size 51x16
              text run at (0,0) width 51: "0-3 sec."
          KCanvasItem {line} at (80,208.50) size 120x3 [stroke={[type=SOLID] [color=#008000] [stroke width=3.00]}] [data="M80.00,160.00L200.00,160.00"]
          RenderSVGText {text} at (0,0) size 480x16
            RenderText {#text} at (0,0) size 54x16
              text run at (0,0) width 54: "at 6 sec."
          KCanvasItem {line} at (80,168.50) size 120x3 [stroke={[type=SOLID] [color=#008000] [stroke width=3.00]}] [data="M80.00,120.00L200.00,120.00"]
          KCanvasItem {rect} at (98,128) size 104x84 [stroke={[type=SOLID] [color=#FF00FF] [stroke width=4.00]}] [fill={[type=SOLID] [color=#FFFF00]}] [data="M100.00,80.00L200.00,80.00L200.00,160.00L100.00,160.00"]
          RenderSVGText {text} at (0,0) size 480x16
            RenderText {#text} at (0,0) size 51x16
              text run at (0,0) width 51: "0-6 sec."
          KCanvasItem {line} at (305,208.50) size 120x3 [stroke={[type=SOLID] [color=#008000] [stroke width=3.00]}] [data="M305.00,160.00L425.00,160.00"]
          RenderSVGText {text} at (0,0) size 480x16
            RenderText {#text} at (0,0) size 54x16
              text run at (0,0) width 54: "at 9 sec."
          KCanvasItem {line} at (305,168.50) size 120x3 [stroke={[type=SOLID] [color=#008000] [stroke width=3.00]}] [data="M305.00,120.00L425.00,120.00"]
          KCanvasItem {rect} at (323,128) size 104x84 [stroke={[type=SOLID] [color=#FF00FF] [stroke width=4.00]}] [fill={[type=SOLID] [color=#FFFF00]}] [data="M325.00,80.00L425.00,80.00L425.00,160.00L325.00,160.00"]
      RenderSVGText {text} at (0,0) size 480x46
        RenderText {#text} at (0,0) size 264x46
          text run at (0,0) width 264: "$Revision: 1.1 $"
      KCanvasItem {rect} at (0.50,0.50) size 479x359 [stroke={[type=SOLID] [color=#000000]}] [data="M1.00,1.00L479.00,1.00L479.00,359.00L1.00,359.00"]
