layer at (0,0) size 480x360
  RenderView at (0,0) size 480x360
    RenderSVGContainer {svg} at (0.50,0.50) size 479x359
      RenderSVGText {text} at (10,340) size 480x46
        RenderSVGInlineText {#text} at (0,-36) size 264x46
          text run at (0,-36) width 264: "$Revision: 1.7 $"
      RenderPath {rect} at (0.50,0.50) size 479x359 [stroke={[type=SOLID] [color=#000000]}] [data="M1.00,1.00L479.00,1.00L479.00,359.00L1.00,359.00"]
      RenderSVGText {text} at (240,30) size 480x23
        RenderSVGInlineText {#text} at (-16,-18) size 32x23
          text run at (-16,-18) width 32: "min"
      RenderSVGContainer {g} at (147,62) size 209.50x217 [transform={m=((1.00,0.00)(0.00,1.00)) t=(100.00,50.00)}]
        RenderSVGContainer {g} at (147,82) size 145x197 [transform={m=((1.00,0.00)(0.00,1.00)) t=(120.00,45.00)}]
          RenderSVGText {text} at (0,0) size 480x17
            RenderSVGInlineText {#text} at (-86,-13) size 86x17
              text run at (-86,-13) width 86: "no min / media"
          RenderSVGText {text} at (0,25) size 480x17
            RenderSVGInlineText {#text} at (-65,-13) size 65x17
              text run at (-65,-13) width 65: "invalid min"
          RenderSVGText {text} at (0,50) size 480x17
            RenderSVGInlineText {#text} at (-94,-13) size 94x17
              text run at (-94,-13) width 94: "min < active dur"
          RenderSVGText {text} at (0,75) size 480x17
            RenderSVGInlineText {#text} at (-94,-13) size 94x17
              text run at (-94,-13) width 94: "min > active dur"
          RenderSVGText {text} at (0,100) size 480x17
            RenderSVGInlineText {#text} at (-95,-13) size 95x17
              text run at (-95,-13) width 95: "min < repeat dur"
          RenderSVGText {text} at (0,125) size 480x17
            RenderSVGInlineText {#text} at (-145,-13) size 145x17
              text run at (-145,-13) width 145: "min > repeat dur, remove"
          RenderSVGText {text} at (0,180) size 480x17
            RenderSVGInlineText {#text} at (-137,-13) size 137x17
              text run at (-137,-13) width 137: "min > repeat dur, freeze"
        RenderSVGContainer {g} at (242,62) size 70x197 [transform={m=((1.00,0.00)(0.00,1.00)) t=(150.00,25.00)}]
          RenderSVGText {text} at (0,0) size 480x17
            RenderSVGInlineText {#text} at (-12,-13) size 24x17
              text run at (-12,-13) width 24: "> 5s"
          RenderSVGText {text} at (80,0) size 480x17
            RenderSVGInlineText {#text} at (-14,-13) size 29x17
              text run at (-14,-13) width 29: "0s-5s"
          RenderSVGContainer {g} at (242,242) size 66x17 [transform={m=((1.00,0.00)(0.00,1.00)) t=(0.00,180.00)}]
            RenderSVGText {text} at (0,0) size 480x17
              RenderSVGInlineText {#text} at (-15,-13) size 31x17
                text run at (-15,-13) width 31: "never"
            RenderSVGText {text} at (80,0) size 480x17
              RenderSVGInlineText {#text} at (-12,-13) size 24x17
                text run at (-12,-13) width 24: "> 0s"
        RenderSVGContainer {g} at (243.50,83.50) size 113x193 [transform={m=((1.00,0.00)(0.00,1.00)) t=(150.00,40.00)}]
          RenderSVGContainer {defs} at (243.50,83.50) size 13x13
            RenderPath {rect} at (243.50,83.50) size 13x13 [stroke={[type=SOLID] [color=#000000]}] [fill={[type=SOLID] [color=#CCCCCC]}] [data="M-6.00,-6.00L6.00,-6.00L6.00,6.00L-6.00,6.00"]
          RenderSVGContainer {g} at (243.50,83.50) size 113x13
            RenderSVGContainer {use} at (243.50,83.50) size 13x13
              RenderSVGContainer {g} at (243.50,83.50) size 13x13
                RenderPath {rect} at (243.50,83.50) size 13x13 [stroke={[type=SOLID] [color=#000000]}] [fill={[type=SOLID] [color=#CCCCCC]}] [data="M-6.00,-6.00L6.00,-6.00L6.00,6.00L-6.00,6.00"]
            RenderSVGContainer {use} at (323.50,83.50) size 13x13
              RenderSVGContainer {g} at (323.50,83.50) size 13x13 [transform={m=((1.00,0.00)(0.00,1.00)) t=(80.00,0.00)}]
                RenderPath {rect} at (323.50,83.50) size 13x13 [stroke={[type=SOLID] [color=#000000]}] [fill={[type=SOLID] [color=#CCCCCC]}] [data="M-6.00,-6.00L6.00,-6.00L6.00,6.00L-6.00,6.00"]
            RenderPath {rect} at (243.50,83.50) size 13x13 [stroke={[type=SOLID] [color=#000000]}] [fill={[type=SOLID] [color=#CC0066]}] [data="M-6.00,-6.00L6.00,-6.00L6.00,6.00L-6.00,6.00"]
            RenderSVGContainer {g} at (263.50,83.50) size 93x13 [transform={m=((1.00,0.00)(0.00,1.00)) t=(20.00,0.00)}]
              RenderSVGContainer {use} at (263.50,83.50) size 13x13
                RenderSVGContainer {g} at (263.50,83.50) size 13x13
                  RenderPath {rect} at (263.50,83.50) size 13x13 [stroke={[type=SOLID] [color=#000000]}] [fill={[type=SOLID] [color=#CCCCCC]}] [data="M-6.00,-6.00L6.00,-6.00L6.00,6.00L-6.00,6.00"]
              RenderSVGContainer {use} at (343.50,83.50) size 13x13
                RenderSVGContainer {g} at (343.50,83.50) size 13x13 [transform={m=((1.00,0.00)(0.00,1.00)) t=(80.00,0.00)}]
                  RenderPath {rect} at (343.50,83.50) size 13x13 [stroke={[type=SOLID] [color=#000000]}] [fill={[type=SOLID] [color=#CCCCCC]}] [data="M-6.00,-6.00L6.00,-6.00L6.00,6.00L-6.00,6.00"]
              RenderPath {rect} at (263.50,83.50) size 13x13 [stroke={[type=SOLID] [color=#000000]}] [fill={[type=SOLID] [color=#CC0066]}] [data="M-6.00,-6.00L6.00,-6.00L6.00,6.00L-6.00,6.00"]
          RenderSVGContainer {g} at (243.50,108.50) size 93x13 [transform={m=((1.00,0.00)(0.00,1.00)) t=(0.00,25.00)}]
            RenderSVGContainer {use} at (243.50,108.50) size 13x13
              RenderSVGContainer {g} at (243.50,108.50) size 13x13
                RenderPath {rect} at (243.50,108.50) size 13x13 [stroke={[type=SOLID] [color=#000000]}] [fill={[type=SOLID] [color=#CCCCCC]}] [data="M-6.00,-6.00L6.00,-6.00L6.00,6.00L-6.00,6.00"]
            RenderSVGContainer {use} at (323.50,108.50) size 13x13
              RenderSVGContainer {g} at (323.50,108.50) size 13x13 [transform={m=((1.00,0.00)(0.00,1.00)) t=(80.00,0.00)}]
                RenderPath {rect} at (323.50,108.50) size 13x13 [stroke={[type=SOLID] [color=#000000]}] [fill={[type=SOLID] [color=#CCCCCC]}] [data="M-6.00,-6.00L6.00,-6.00L6.00,6.00L-6.00,6.00"]
            RenderPath {rect} at (243.50,108.50) size 13x13 [stroke={[type=SOLID] [color=#000000]}] [fill={[type=SOLID] [color=#CC0066]}] [data="M-6.00,-6.00L6.00,-6.00L6.00,6.00L-6.00,6.00"]
          RenderSVGContainer {g} at (243.50,133.50) size 93x13 [transform={m=((1.00,0.00)(0.00,1.00)) t=(0.00,50.00)}]
            RenderSVGContainer {use} at (243.50,133.50) size 13x13
              RenderSVGContainer {g} at (243.50,133.50) size 13x13
                RenderPath {rect} at (243.50,133.50) size 13x13 [stroke={[type=SOLID] [color=#000000]}] [fill={[type=SOLID] [color=#CCCCCC]}] [data="M-6.00,-6.00L6.00,-6.00L6.00,6.00L-6.00,6.00"]
            RenderSVGContainer {use} at (323.50,133.50) size 13x13
              RenderSVGContainer {g} at (323.50,133.50) size 13x13 [transform={m=((1.00,0.00)(0.00,1.00)) t=(80.00,0.00)}]
                RenderPath {rect} at (323.50,133.50) size 13x13 [stroke={[type=SOLID] [color=#000000]}] [fill={[type=SOLID] [color=#CCCCCC]}] [data="M-6.00,-6.00L6.00,-6.00L6.00,6.00L-6.00,6.00"]
            RenderPath {rect} at (243.50,133.50) size 13x13 [stroke={[type=SOLID] [color=#000000]}] [fill={[type=SOLID] [color=#CC0066]}] [data="M-6.00,-6.00L6.00,-6.00L6.00,6.00L-6.00,6.00"]
          RenderSVGContainer {g} at (243.50,158.50) size 93x13 [transform={m=((1.00,0.00)(0.00,1.00)) t=(0.00,75.00)}]
            RenderSVGContainer {use} at (243.50,158.50) size 13x13
              RenderSVGContainer {g} at (243.50,158.50) size 13x13
                RenderPath {rect} at (243.50,158.50) size 13x13 [stroke={[type=SOLID] [color=#000000]}] [fill={[type=SOLID] [color=#CCCCCC]}] [data="M-6.00,-6.00L6.00,-6.00L6.00,6.00L-6.00,6.00"]
            RenderSVGContainer {use} at (323.50,158.50) size 13x13
              RenderSVGContainer {g} at (323.50,158.50) size 13x13 [transform={m=((1.00,0.00)(0.00,1.00)) t=(80.00,0.00)}]
                RenderPath {rect} at (323.50,158.50) size 13x13 [stroke={[type=SOLID] [color=#000000]}] [fill={[type=SOLID] [color=#CCCCCC]}] [data="M-6.00,-6.00L6.00,-6.00L6.00,6.00L-6.00,6.00"]
            RenderPath {rect} at (243.50,158.50) size 13x13 [stroke={[type=SOLID] [color=#000000]}] [fill={[type=SOLID] [color=#CC0066]}] [data="M-6.00,-6.00L6.00,-6.00L6.00,6.00L-6.00,6.00"]
          RenderSVGContainer {g} at (243.50,183.50) size 93x13 [transform={m=((1.00,0.00)(0.00,1.00)) t=(0.00,100.00)}]
            RenderSVGContainer {use} at (243.50,183.50) size 13x13
              RenderSVGContainer {g} at (243.50,183.50) size 13x13
                RenderPath {rect} at (243.50,183.50) size 13x13 [stroke={[type=SOLID] [color=#000000]}] [fill={[type=SOLID] [color=#CCCCCC]}] [data="M-6.00,-6.00L6.00,-6.00L6.00,6.00L-6.00,6.00"]
            RenderSVGContainer {use} at (323.50,183.50) size 13x13
              RenderSVGContainer {g} at (323.50,183.50) size 13x13 [transform={m=((1.00,0.00)(0.00,1.00)) t=(80.00,0.00)}]
                RenderPath {rect} at (323.50,183.50) size 13x13 [stroke={[type=SOLID] [color=#000000]}] [fill={[type=SOLID] [color=#CCCCCC]}] [data="M-6.00,-6.00L6.00,-6.00L6.00,6.00L-6.00,6.00"]
            RenderPath {rect} at (243.50,183.50) size 13x13 [stroke={[type=SOLID] [color=#000000]}] [fill={[type=SOLID] [color=#CC0066]}] [data="M-6.00,-6.00L6.00,-6.00L6.00,6.00L-6.00,6.00"]
          RenderSVGContainer {g} at (243.50,208.50) size 93x13 [transform={m=((1.00,0.00)(0.00,1.00)) t=(0.00,125.00)}]
            RenderSVGContainer {use} at (243.50,208.50) size 13x13
              RenderSVGContainer {g} at (243.50,208.50) size 13x13
                RenderPath {rect} at (243.50,208.50) size 13x13 [stroke={[type=SOLID] [color=#000000]}] [fill={[type=SOLID] [color=#CCCCCC]}] [data="M-6.00,-6.00L6.00,-6.00L6.00,6.00L-6.00,6.00"]
            RenderSVGContainer {use} at (323.50,208.50) size 13x13
              RenderSVGContainer {g} at (323.50,208.50) size 13x13 [transform={m=((1.00,0.00)(0.00,1.00)) t=(80.00,0.00)}]
                RenderPath {rect} at (323.50,208.50) size 13x13 [stroke={[type=SOLID] [color=#000000]}] [fill={[type=SOLID] [color=#CCCCCC]}] [data="M-6.00,-6.00L6.00,-6.00L6.00,6.00L-6.00,6.00"]
            RenderPath {rect} at (243.50,208.50) size 13x13 [stroke={[type=SOLID] [color=#000000]}] [fill={[type=SOLID] [color=#CC0066]}] [data="M-6.00,-6.00L6.00,-6.00L6.00,6.00L-6.00,6.00"]
          RenderSVGContainer {g} at (243.50,263.50) size 93x13 [transform={m=((1.00,0.00)(0.00,1.00)) t=(0.00,180.00)}]
            RenderSVGContainer {use} at (243.50,263.50) size 13x13
              RenderSVGContainer {g} at (243.50,263.50) size 13x13
                RenderPath {rect} at (243.50,263.50) size 13x13 [stroke={[type=SOLID] [color=#000000]}] [fill={[type=SOLID] [color=#CCCCCC]}] [data="M-6.00,-6.00L6.00,-6.00L6.00,6.00L-6.00,6.00"]
            RenderSVGContainer {use} at (323.50,263.50) size 13x13
              RenderSVGContainer {g} at (323.50,263.50) size 13x13 [transform={m=((1.00,0.00)(0.00,1.00)) t=(80.00,0.00)}]
                RenderPath {rect} at (323.50,263.50) size 13x13 [stroke={[type=SOLID] [color=#000000]}] [fill={[type=SOLID] [color=#CCCCCC]}] [data="M-6.00,-6.00L6.00,-6.00L6.00,6.00L-6.00,6.00"]
            RenderPath {rect} at (243.50,263.50) size 13x13 [stroke={[type=SOLID] [color=#000000]}] [fill={[type=SOLID] [color=#CC0066]}] [data="M-6.00,-6.00L6.00,-6.00L6.00,6.00L-6.00,6.00"]
