layer at (0,0) size 480x360
  RenderView at (0,0) size 480x360
    KCanvasContainer {svg} at (0.50,0.50) size 479x359
      KCanvasContainer {g} at (24.50,49.50) size 401x241
        KCanvasContainer {g} at (24.50,49.50) size 401x241
          RenderSVGText {text} at (0,0) size 465x15
            RenderText {#text} at (0,0) size 129x15
              text run at (0,0) width 129: "Yellow rect at time 0s"
          KCanvasItem {rect} at (199.50,134.50) size 51x51 [stroke={[type=SOLID] [color=#000000]}] [data="M200.00,135.00L250.00,135.00L250.00,185.00L200.00,185.00"]
          RenderSVGText {text} at (0,0) size 465x15
            RenderText {#text} at (0,0) size 129x15
              text run at (0,0) width 129: "Yellow rect at time 3s"
          KCanvasItem {rect} at (141.17,106.17) size 167.67x112.67 [stroke={[type=SOLID] [color=#0000FF]}] [data="M141.67,106.67L308.33,106.67L308.33,218.33L141.67,218.33"]
          RenderSVGText {text} at (0,0) size 465x15
            RenderText {#text} at (0,0) size 129x15
              text run at (0,0) width 129: "Yellow rect at time 9s"
          KCanvasItem {rect} at (24.50,49.50) size 401x241 [stroke={[type=SOLID] [color=#0000FF]}] [data="M25.00,50.00L425.00,50.00L425.00,290.00L25.00,290.00"]
        KCanvasItem {rect} at (200,135) size 50x50 [opacity=0.50] [fill={[type=SOLID] [color=#FFFF00]}] [data="M200.00,135.00L250.00,135.00L250.00,185.00L200.00,185.00"]
      RenderSVGText {text} at (0,0) size 465x46
        RenderText {#text} at (0,0) size 264x46
          text run at (0,0) width 264: "$Revision: 1.1 $"
      KCanvasItem {rect} at (0.50,0.50) size 479x359 [stroke={[type=SOLID] [color=#000000]}] [data="M1.00,1.00L479.00,1.00L479.00,359.00L1.00,359.00"]
