layer at (0,0) size 480x360
  RenderView at (0,0) size 480x360
    RenderSVGContainer {svg} at (0.50,0.50) size 479x359
      RenderSVGText {text} at (10,340) size 480x46
        RenderSVGInlineText {#text} at (0,-36) size 264x46
          text run at (0,-36) width 264: "$Revision: 1.6 $"
      RenderPath {rect} at (0.50,0.50) size 479x359 [stroke={[type=SOLID] [color=#000000]}] [data="M1.00,1.00L479.00,1.00L479.00,359.00L1.00,359.00"]
      RenderSVGText {text} at (240,30) size 480x23
        RenderSVGInlineText {#text} at (-51,-18) size 103x23
          text run at (-51,-18) width 103: "multiple end"
      RenderSVGContainer {g} at (143,52) size 165x227 [transform={m=((1.00,0.00)(0.00,1.00)) t=(100.00,100.00)}]
        RenderSVGContainer {g} at (143,112) size 73x167 [transform={m=((1.00,0.00)(0.00,1.00)) t=(80.00,25.00)}]
          RenderSVGText {text} at (0,0) size 480x17
            RenderSVGInlineText {#text} at (-48,-13) size 48x17
              text run at (-48,-13) width 48: "2 offsets"
          RenderSVGText {text} at (0,25) size 480x17
            RenderSVGInlineText {#text} at (-69,-13) size 69x17
              text run at (-69,-13) width 69: "2 sync bases"
          RenderSVGText {text} at (0,50) size 480x17
            RenderSVGInlineText {#text} at (-45,-13) size 45x17
              text run at (-45,-13) width 45: "2 repeat"
          RenderSVGText {text} at (0,100) size 480x17
            RenderSVGInlineText {#text} at (-69,-13) size 69x17
              text run at (-69,-13) width 69: "2 event base"
          RenderSVGText {text} at (0,125) size 480x17
            RenderSVGInlineText {#text} at (-73,-13) size 73x17
              text run at (-73,-13) width 73: "2 accessKeys"
          RenderSVGText {text} at (0,150) size 480x17
            RenderSVGInlineText {#text} at (-26,-13) size 26x17
              text run at (-26,-13) width 26: "misc"
        RenderSVGContainer {g} at (243,52) size 65x57 [transform={m=((1.00,0.00)(0.00,1.00)) t=(150.00,5.00)}]
          RenderSVGText {text} at (0,0) size 480x17
            RenderSVGInlineText {#text} at (-12,-13) size 24x17
              text run at (-12,-13) width 24: "0-1s"
          RenderSVGText {text} at (0,-20) size 480x17
            RenderSVGInlineText {#text} at (-14,-13) size 29x17
              text run at (-14,-13) width 29: "2s-4s"
          RenderSVGText {text} at (0,-40) size 480x17
            RenderSVGInlineText {#text} at (-12,-13) size 24x17
              text run at (-12,-13) width 24: "> 5s"
          RenderSVGContainer {g} at (284,72) size 24x37 [transform={m=((1.00,0.00)(0.00,1.00)) t=(40.00,0.00)}]
            RenderSVGText {text} at (0,0) size 480x17
              RenderSVGInlineText {#text} at (-12,-13) size 24x17
                text run at (-12,-13) width 24: "1-2s"
            RenderSVGText {text} at (0,-20) size 480x17
              RenderSVGInlineText {#text} at (-12,-13) size 24x17
                text run at (-12,-13) width 24: "4-5s"
        RenderSVGContainer {g} at (243.50,113.50) size 53x163 [transform={m=((1.00,0.00)(0.00,1.00)) t=(150.00,20.00)}]
          RenderSVGContainer {defs} at (243.50,113.50) size 13x13
            RenderPath {rect} at (243.50,113.50) size 13x13 [stroke={[type=SOLID] [color=#000000]}] [fill={[type=SOLID] [color=#CCCCCC]}] [data="M-6.00,-6.00L6.00,-6.00L6.00,6.00L-6.00,6.00"]
          RenderSVGContainer {g} at (243.50,113.50) size 53x13
            RenderSVGContainer {use} at (243.50,113.50) size 13x13
              RenderSVGContainer {g} at (243.50,113.50) size 13x13
                RenderPath {rect} at (243.50,113.50) size 13x13 [stroke={[type=SOLID] [color=#000000]}] [fill={[type=SOLID] [color=#CCCCCC]}] [data="M-6.00,-6.00L6.00,-6.00L6.00,6.00L-6.00,6.00"]
            RenderSVGContainer {use} at (283.50,113.50) size 13x13
              RenderSVGContainer {g} at (283.50,113.50) size 13x13 [transform={m=((1.00,0.00)(0.00,1.00)) t=(40.00,0.00)}]
                RenderPath {rect} at (283.50,113.50) size 13x13 [stroke={[type=SOLID] [color=#000000]}] [fill={[type=SOLID] [color=#CCCCCC]}] [data="M-6.00,-6.00L6.00,-6.00L6.00,6.00L-6.00,6.00"]
            RenderPath {rect} at (243.50,113.50) size 13x13 [stroke={[type=SOLID] [color=#000000]}] [fill={[type=SOLID] [color=#CC0066]}] [data="M-6.00,-6.00L6.00,-6.00L6.00,6.00L-6.00,6.00"]
          RenderSVGContainer {g} at (243.50,138.50) size 53x13 [transform={m=((1.00,0.00)(0.00,1.00)) t=(0.00,25.00)}]
            RenderSVGContainer {use} at (243.50,138.50) size 13x13
              RenderSVGContainer {g} at (243.50,138.50) size 13x13
                RenderPath {rect} at (243.50,138.50) size 13x13 [stroke={[type=SOLID] [color=#000000]}] [fill={[type=SOLID] [color=#CCCCCC]}] [data="M-6.00,-6.00L6.00,-6.00L6.00,6.00L-6.00,6.00"]
            RenderSVGContainer {use} at (283.50,138.50) size 13x13
              RenderSVGContainer {g} at (283.50,138.50) size 13x13 [transform={m=((1.00,0.00)(0.00,1.00)) t=(40.00,0.00)}]
                RenderPath {rect} at (283.50,138.50) size 13x13 [stroke={[type=SOLID] [color=#000000]}] [fill={[type=SOLID] [color=#CCCCCC]}] [data="M-6.00,-6.00L6.00,-6.00L6.00,6.00L-6.00,6.00"]
            RenderPath {rect} at (243.50,138.50) size 13x13 [stroke={[type=SOLID] [color=#000000]}] [fill={[type=SOLID] [color=#CC0066]}] [data="M-6.00,-6.00L6.00,-6.00L6.00,6.00L-6.00,6.00"]
          RenderSVGContainer {g} at (243.50,163.50) size 53x13 [transform={m=((1.00,0.00)(0.00,1.00)) t=(0.00,50.00)}]
            RenderSVGContainer {use} at (243.50,163.50) size 13x13
              RenderSVGContainer {g} at (243.50,163.50) size 13x13
                RenderPath {rect} at (243.50,163.50) size 13x13 [stroke={[type=SOLID] [color=#000000]}] [fill={[type=SOLID] [color=#CCCCCC]}] [data="M-6.00,-6.00L6.00,-6.00L6.00,6.00L-6.00,6.00"]
            RenderSVGContainer {use} at (283.50,163.50) size 13x13
              RenderSVGContainer {g} at (283.50,163.50) size 13x13 [transform={m=((1.00,0.00)(0.00,1.00)) t=(40.00,0.00)}]
                RenderPath {rect} at (283.50,163.50) size 13x13 [stroke={[type=SOLID] [color=#000000]}] [fill={[type=SOLID] [color=#CCCCCC]}] [data="M-6.00,-6.00L6.00,-6.00L6.00,6.00L-6.00,6.00"]
            RenderPath {rect} at (243.50,163.50) size 13x13 [stroke={[type=SOLID] [color=#000000]}] [fill={[type=SOLID] [color=#CC0066]}] [data="M-6.00,-6.00L6.00,-6.00L6.00,6.00L-6.00,6.00"]
          RenderSVGContainer {g} at (243.50,213.50) size 53x13 [transform={m=((1.00,0.00)(0.00,1.00)) t=(0.00,100.00)}]
            RenderSVGContainer {use} at (243.50,213.50) size 13x13
              RenderSVGContainer {g} at (243.50,213.50) size 13x13
                RenderPath {rect} at (243.50,213.50) size 13x13 [stroke={[type=SOLID] [color=#000000]}] [fill={[type=SOLID] [color=#CCCCCC]}] [data="M-6.00,-6.00L6.00,-6.00L6.00,6.00L-6.00,6.00"]
            RenderSVGContainer {use} at (283.50,213.50) size 13x13
              RenderSVGContainer {g} at (283.50,213.50) size 13x13 [transform={m=((1.00,0.00)(0.00,1.00)) t=(40.00,0.00)}]
                RenderPath {rect} at (283.50,213.50) size 13x13 [stroke={[type=SOLID] [color=#000000]}] [fill={[type=SOLID] [color=#CCCCCC]}] [data="M-6.00,-6.00L6.00,-6.00L6.00,6.00L-6.00,6.00"]
            RenderPath {rect} at (243.50,213.50) size 13x13 [stroke={[type=SOLID] [color=#000000]}] [fill={[type=SOLID] [color=#CC0066]}] [data="M-6.00,-6.00L6.00,-6.00L6.00,6.00L-6.00,6.00"]
          RenderSVGContainer {g} at (243.50,238.50) size 53x13 [transform={m=((1.00,0.00)(0.00,1.00)) t=(0.00,125.00)}]
            RenderSVGContainer {use} at (243.50,238.50) size 13x13
              RenderSVGContainer {g} at (243.50,238.50) size 13x13
                RenderPath {rect} at (243.50,238.50) size 13x13 [stroke={[type=SOLID] [color=#000000]}] [fill={[type=SOLID] [color=#CCCCCC]}] [data="M-6.00,-6.00L6.00,-6.00L6.00,6.00L-6.00,6.00"]
            RenderSVGContainer {use} at (283.50,238.50) size 13x13
              RenderSVGContainer {g} at (283.50,238.50) size 13x13 [transform={m=((1.00,0.00)(0.00,1.00)) t=(40.00,0.00)}]
                RenderPath {rect} at (283.50,238.50) size 13x13 [stroke={[type=SOLID] [color=#000000]}] [fill={[type=SOLID] [color=#CCCCCC]}] [data="M-6.00,-6.00L6.00,-6.00L6.00,6.00L-6.00,6.00"]
            RenderPath {rect} at (243.50,238.50) size 13x13 [stroke={[type=SOLID] [color=#000000]}] [fill={[type=SOLID] [color=#CC0066]}] [data="M-6.00,-6.00L6.00,-6.00L6.00,6.00L-6.00,6.00"]
          RenderSVGContainer {g} at (243.50,263.50) size 53x13 [transform={m=((1.00,0.00)(0.00,1.00)) t=(0.00,150.00)}]
            RenderSVGContainer {use} at (243.50,263.50) size 13x13
              RenderSVGContainer {g} at (243.50,263.50) size 13x13
                RenderPath {rect} at (243.50,263.50) size 13x13 [stroke={[type=SOLID] [color=#000000]}] [fill={[type=SOLID] [color=#CCCCCC]}] [data="M-6.00,-6.00L6.00,-6.00L6.00,6.00L-6.00,6.00"]
            RenderSVGContainer {use} at (283.50,263.50) size 13x13
              RenderSVGContainer {g} at (283.50,263.50) size 13x13 [transform={m=((1.00,0.00)(0.00,1.00)) t=(40.00,0.00)}]
                RenderPath {rect} at (283.50,263.50) size 13x13 [stroke={[type=SOLID] [color=#000000]}] [fill={[type=SOLID] [color=#CCCCCC]}] [data="M-6.00,-6.00L6.00,-6.00L6.00,6.00L-6.00,6.00"]
            RenderPath {rect} at (243.50,263.50) size 13x13 [stroke={[type=SOLID] [color=#000000]}] [fill={[type=SOLID] [color=#CC0066]}] [data="M-6.00,-6.00L6.00,-6.00L6.00,6.00L-6.00,6.00"]
