layer at (0,0) size 480x360
  RenderView at (0,0) size 480x360
    KCanvasContainer {svg} at (0.50,0.50) size 479x359
      KCanvasContainer {defs} at (0,0) size 0x0
      KCanvasContainer {g} at (0,0) size 0x0
        KCanvasContainer {g} at (0,0) size 0x0
          KCanvasContainer {g} at (0,0) size 0x0
            RenderSVGText {text} at (0,0) size 480x46
              RenderText {#text} at (0,0) size 190x46
                text run at (0,0) width 190: "Sample 123"
            RenderSVGText {text} at (0,0) size 480x69
              RenderText {#text} at (0,0) size 286x69
                text run at (0,0) width 286: "Sample 123"
            RenderSVGText {text} at (0,0) size 480x18
              RenderText {#text} at (0,0) size 75x18
                text run at (0,0) width 75: "Sample 123"
      RenderSVGText {text} at (0,0) size 480x46
        RenderText {#text} at (0,0) size 264x46
          text run at (0,0) width 264: "$Revision: 1.1 $"
      KCanvasItem {rect} at (0.50,0.50) size 479x359 [stroke={[type=SOLID] [color=#000000]}] [data="M1.00,1.00L479.00,1.00L479.00,359.00L1.00,359.00"]
