layer at (0,0) size 480x360
  RenderView at (0,0) size 480x360
    KCanvasContainer {svg} at (0.50,0.50) size 479x359
      KCanvasContainer {defs} at (0,0) size 0x0
      KCanvasContainer {g} at (0,0) size 0x0
        KCanvasContainer {g} at (0,0) size 0x0
          RenderSVGText {text} at (0,0) size 480x23
            RenderText {#text} at (0,0) size 149x23
              text run at (0,0) width 149: "Text from 0s to 3s"
          RenderSVGText {text} at (0,0) size 480x23
            RenderText {#text} at (0,0) size 80x23
              text run at (0,0) width 80: "Text at 6s"
          RenderSVGText {text} at (0,0) size 480x23
            RenderText {#text} at (0,0) size 80x23
              text run at (0,0) width 80: "Text at 9s"
        KCanvasContainer {g} at (0,0) size 0x0
          RenderSVGText {text} at (0,0) size 480x23
            RenderText {#text} at (0,0) size 77x23
              text run at (0,0) width 77: "It's alive!"
          RenderSVGText {text} at (0,0) size 480x46
            RenderText {#text} at (0,0) size 148x46
              text run at (0,0) width 148: "It's alive!"
          RenderSVGText {text} at (0,0) size 480x69
            RenderText {#text} at (0,0) size 224x69
              text run at (0,0) width 224: "It's alive!"
        KCanvasContainer {g} at (50,90) size 0x0 [transform={m=((1.00,0.00)(0.00,1.00)) t=(50.00,90.00)}]
          RenderSVGText {text} at (0,0) size 480x23
            RenderText {#text} at (0,0) size 77x23
              text run at (0,0) width 77: "It's alive!"
            RenderText {#text} at (0,0) size 0x0
            RenderText {#text} at (0,0) size 0x0
            RenderText {#text} at (0,0) size 0x0
      RenderSVGText {text} at (0,0) size 480x46
        RenderText {#text} at (0,0) size 264x46
          text run at (0,0) width 264: "$Revision: 1.1 $"
      KCanvasItem {rect} at (0.50,0.50) size 479x359 [stroke={[type=SOLID] [color=#000000]}] [data="M1.00,1.00L479.00,1.00L479.00,359.00L1.00,359.00"]
