layer at (0,0) size 480x360
  RenderView at (0,0) size 480x360
    RenderSVGContainer {svg} at (0.50,0.50) size 479x359
      RenderSVGContainer {g} at (5,49.50) size 472x242.50
        RenderSVGContainer {g} at (5,82) size 472x210
          RenderSVGText {text} at (5,90) size 480x10
            RenderSVGInlineText {#text} at (0,-8) size 32x10
              text run at (0,-8) width 32: "Stroked"
          RenderSVGText {text} at (5,195) size 480x10
            RenderSVGInlineText {#text} at (0,-8) size 42x10
              text run at (0,-8) width 42: "Unstroked"
          RenderSVGText {text} at (50,135) size 480x10
            RenderSVGInlineText {#text} at (0,-8) size 61x10
              text run at (0,-8) width 61: "Zero width rect"
          RenderSVGText {text} at (130,135) size 480x10
            RenderSVGInlineText {#text} at (0,-8) size 65x10
              text run at (0,-8) width 65: "Zero height rect"
          RenderSVGText {text} at (210,135) size 480x10
            RenderSVGInlineText {#text} at (0,-8) size 71x10
              text run at (0,-8) width 71: "Zero radius circle"
          RenderSVGText {text} at (315,135) size 480x10
            RenderSVGInlineText {#text} at (0,-8) size 83x10
              text run at (0,-8) width 83: "Zero x radius ellipse"
          RenderSVGText {text} at (394,135) size 480x10
            RenderSVGInlineText {#text} at (0,-8) size 83x10
              text run at (0,-8) width 83: "Zero y radius ellipse"
          RenderSVGText {text} at (210,290) size 480x10
            RenderSVGInlineText {#text} at (0,-8) size 63x10
              text run at (0,-8) width 63: "Zero length line"
        RenderSVGContainer {g} at (49.50,49.50) size 380x221
          RenderPath {rect} at (49.50,49.50) size 36x61 [stroke={[type=SOLID] [color=#000000]}] [data="M50.00,50.00L85.00,50.00L85.00,110.00L50.00,110.00"]
          RenderPath {rect} at (49.50,154.50) size 36x61 [stroke={[type=SOLID] [color=#000000]}] [data="M50.00,155.00L85.00,155.00L85.00,215.00L50.00,215.00"]
          RenderPath {rect} at (129.50,49.50) size 36x61 [stroke={[type=SOLID] [color=#000000]}] [data="M130.00,50.00L165.00,50.00L165.00,110.00L130.00,110.00"]
          RenderPath {rect} at (129.50,154.50) size 36x61 [stroke={[type=SOLID] [color=#000000]}] [data="M130.00,155.00L165.00,155.00L165.00,215.00L130.00,215.00"]
          RenderPath {rect} at (209.50,49.50) size 61x61 [stroke={[type=SOLID] [color=#000000]}] [data="M210.00,50.00L270.00,50.00L270.00,110.00L210.00,110.00"]
          RenderPath {rect} at (209.50,154.50) size 61x61 [stroke={[type=SOLID] [color=#000000]}] [data="M210.00,155.00L270.00,155.00L270.00,215.00L210.00,215.00"]
          RenderPath {rect} at (314.50,49.50) size 36x61 [stroke={[type=SOLID] [color=#000000]}] [data="M315.00,50.00L350.00,50.00L350.00,110.00L315.00,110.00"]
          RenderPath {rect} at (314.50,154.50) size 36x61 [stroke={[type=SOLID] [color=#000000]}] [data="M315.00,155.00L350.00,155.00L350.00,215.00L315.00,215.00"]
          RenderPath {rect} at (393.50,49.50) size 36x61 [stroke={[type=SOLID] [color=#000000]}] [data="M394.00,50.00L429.00,50.00L429.00,110.00L394.00,110.00"]
          RenderPath {rect} at (393.50,154.50) size 36x61 [stroke={[type=SOLID] [color=#000000]}] [data="M394.00,155.00L429.00,155.00L429.00,215.00L394.00,215.00"]
          RenderPath {rect} at (209.50,259.50) size 61x11 [stroke={[type=SOLID] [color=#000000]}] [data="M210.00,260.00L270.00,260.00L270.00,270.00L210.00,270.00"]
        RenderPath {rect} at (54.50,55) size 1x50 [stroke={[type=SOLID] [color=#000000]}] [fill={[type=SOLID] [color=#00FF00]}] [data="M55.00,55.00L55.00,55.00L55.00,105.00L55.00,105.00"]
        RenderPath {rect} at (135,54.50) size 25x1 [stroke={[type=SOLID] [color=#000000]}] [fill={[type=SOLID] [color=#00FF00]}] [data="M135.00,55.00L160.00,55.00L160.00,55.00L135.00,55.00"]
        RenderPath {rect} at (55,160) size 0x50 [fill={[type=SOLID] [color=#FF0000]}] [data="M55.00,160.00L55.00,160.00L55.00,210.00L55.00,210.00"]
        RenderPath {rect} at (135,160) size 25x0 [fill={[type=SOLID] [color=#FF0000]}] [data="M135.00,160.00L160.00,160.00L160.00,160.00L135.00,160.00"]
      RenderSVGText {text} at (10,340) size 480x46
        RenderSVGInlineText {#text} at (0,-36) size 284x46
          text run at (0,-36) width 284: "$Revision: 1.16 $"
      RenderPath {rect} at (0.50,0.50) size 479x359 [stroke={[type=SOLID] [color=#000000]}] [data="M1.00,1.00L479.00,1.00L479.00,359.00L1.00,359.00"]
