layer at (0,0) size 480x360
  RenderView at (0,0) size 480x360
    KCanvasContainer {svg} at (0.50,0.50) size 479x359
      KCanvasContainer {g} at (158,45) size 304x255
        KCanvasItem {line} at (188,45) size 4x255 [stroke={[type=SOLID] [color=#880000] [stroke width=4.00]}] [fill={[type=SOLID] [color=#000000]}] [data="M190.00,45.00L190.00,300.00"]
        KCanvasItem {line} at (458,45) size 4x255 [stroke={[type=SOLID] [color=#880000] [stroke width=4.00]}] [fill={[type=SOLID] [color=#000000]}] [data="M460.00,45.00L460.00,300.00"]
        RenderSVGText {text} at (0,0) size 480x34
          RenderText {#text} at (0,0) size 107x33
            text run at (0,0) width 107: "0-2 sec."
        RenderSVGText {text} at (0,0) size 480x34
          RenderText {#text} at (0,0) size 98x33
            text run at (0,0) width 98: "5+ sec."
        KCanvasContainer {g} at (158,58) size 34x34
          KCanvasItem {rect} at (158,58) size 34x34 [stroke={[type=SOLID] [color=#FF00FF] [stroke width=4.00]}] [fill={[type=SOLID] [color=#FFAA44]}] [data="M160.00,60.00L190.00,60.00L190.00,90.00L160.00,90.00"]
          RenderSVGText {text} at (0,0) size 480x34
            RenderText {#text} at (0,0) size 93x33
              text run at (0,0) width 93: "from to"
        KCanvasContainer {g} at (158,98) size 34x34
          KCanvasItem {rect} at (158,98) size 34x34 [stroke={[type=SOLID] [color=#FF00FF] [stroke width=4.00]}] [fill={[type=SOLID] [color=#FFAA44]}] [data="M160.00,100.00L190.00,100.00L190.00,130.00L160.00,130.00"]
          RenderSVGText {text} at (0,0) size 480x34
            RenderText {#text} at (0,0) size 100x33
              text run at (0,0) width 100: "from by"
        KCanvasContainer {g} at (158,138) size 34x34
          KCanvasItem {rect} at (158,138) size 34x34 [stroke={[type=SOLID] [color=#FF00FF] [stroke width=4.00]}] [fill={[type=SOLID] [color=#FFAA44]}] [data="M160.00,140.00L190.00,140.00L190.00,170.00L160.00,170.00"]
          RenderSVGText {text} at (0,0) size 480x34
            RenderText {#text} at (0,0) size 32x33
              text run at (0,0) width 32: "by"
        KCanvasContainer {g} at (158,178) size 34x34
          KCanvasItem {rect} at (158,178) size 34x34 [stroke={[type=SOLID] [color=#FF00FF] [stroke width=4.00]}] [fill={[type=SOLID] [color=#FFAA44]}] [data="M160.00,180.00L190.00,180.00L190.00,210.00L160.00,210.00"]
          RenderSVGText {text} at (0,0) size 480x34
            RenderText {#text} at (0,0) size 25x33
              text run at (0,0) width 25: "to"
        KCanvasContainer {g} at (158,218) size 34x34
          KCanvasItem {rect} at (158,218) size 34x34 [stroke={[type=SOLID] [color=#FF00FF] [stroke width=4.00]}] [fill={[type=SOLID] [color=#FFAA44]}] [data="M160.00,220.00L190.00,220.00L190.00,250.00L160.00,250.00"]
          RenderSVGText {text} at (0,0) size 480x34
            RenderText {#text} at (0,0) size 88x33
              text run at (0,0) width 88: "values"
        KCanvasContainer {g} at (158,258) size 34x34
          KCanvasItem {rect} at (158,258) size 34x34 [stroke={[type=SOLID] [color=#FF00FF] [stroke width=4.00]}] [fill={[type=SOLID] [color=#FFAA44]}] [data="M160.00,260.00L190.00,260.00L190.00,290.00L160.00,290.00"]
          RenderSVGText {text} at (0,0) size 480x34
            RenderText {#text} at (0,0) size 88x33
              text run at (0,0) width 88: "values"
      RenderSVGText {text} at (0,0) size 480x46
        RenderText {#text} at (0,0) size 264x46
          text run at (0,0) width 264: "$Revision: 1.1 $"
      KCanvasItem {rect} at (0.50,0.50) size 479x359 [stroke={[type=SOLID] [color=#000000]}] [data="M1.00,1.00L479.00,1.00L479.00,359.00L1.00,359.00"]
