layer at (0,0) size 480x360
  RenderView at (0,0) size 480x360
    RenderSVGContainer {svg} at (-16.62,-32.24) size 496.12x391.74
      RenderSVGContainer {g} at (-16.62,-32.24) size 458.62x295.24
        RenderSVGText {text} at (225,25) size 480x16
          RenderSVGInlineText {#text} at (-137,-13) size 275x16
            text run at (-137,-13) width 275: "Test rotate='auto' and rotate='auto-reverse'"
        RenderSVGContainer {g} at (-16.62,-32.24) size 458.62x295.24
          RenderPath {path} at (24,167.10) size 151.71x57.90 [stroke={[type=SOLID] [color=#000000] [stroke width=2.00]}] [data="M25.00,225.00C25.00,175.00,125.00,150.00,175.00,200.00"]
          RenderPath {rect} at (8,193) size 34x34 [stroke={[type=SOLID] [color=#000000] [stroke width=4.00]}] [fill={[type=SOLID] [color=#FFCCCC]}] [data="M10.00,195.00L40.00,195.00L40.00,225.00L10.00,225.00"]
          RenderSVGText {text} at (25,240) size 480x14
            RenderSVGInlineText {#text} at (-16,-11) size 32x14
              text run at (-16,-11) width 32: "0 sec."
          RenderPath {rect} at (158,168) size 34x34 [stroke={[type=SOLID] [color=#000000] [stroke width=4.00]}] [fill={[type=SOLID] [color=#FFCCCC]}] [data="M160.00,170.00L190.00,170.00L190.00,200.00L160.00,200.00"]
          RenderSVGText {text} at (175,215) size 480x14
            RenderSVGInlineText {#text} at (-19,-11) size 39x14
              text run at (-19,-11) width 39: "6+ sec."
          RenderPath {path} at (-16.62,-32.24) size 33.24x33.24 [stroke={[type=SOLID] [color=#FF0000] [stroke width=2.00]}] [fill={[type=SOLID] [color=#0000FF]}] [data="M-15.00,0.00L0.00,-30.00L15.00,0.00"]
          RenderSVGText {text} at (100,260) size 480x16
            RenderSVGInlineText {#text} at (-39,-13) size 79x16
              text run at (-39,-13) width 79: "rotate='auto'"
          RenderPath {path} at (274,167.10) size 151.71x57.90 [stroke={[type=SOLID] [color=#000000] [stroke width=2.00]}] [data="M275.00,225.00C275.00,175.00,375.00,150.00,425.00,200.00"]
          RenderPath {rect} at (258,193) size 34x34 [stroke={[type=SOLID] [color=#000000] [stroke width=4.00]}] [fill={[type=SOLID] [color=#FFCCCC]}] [data="M260.00,195.00L290.00,195.00L290.00,225.00L260.00,225.00"]
          RenderSVGText {text} at (275,240) size 480x14
            RenderSVGInlineText {#text} at (-16,-11) size 32x14
              text run at (-16,-11) width 32: "0 sec."
          RenderPath {rect} at (408,168) size 34x34 [stroke={[type=SOLID] [color=#000000] [stroke width=4.00]}] [fill={[type=SOLID] [color=#FFCCCC]}] [data="M410.00,170.00L440.00,170.00L440.00,200.00L410.00,200.00"]
          RenderSVGText {text} at (425,215) size 480x14
            RenderSVGInlineText {#text} at (-19,-11) size 39x14
              text run at (-19,-11) width 39: "6+ sec."
          RenderPath {path} at (-16.62,-32.24) size 33.24x33.24 [stroke={[type=SOLID] [color=#FF0000] [stroke width=2.00]}] [fill={[type=SOLID] [color=#0000FF]}] [data="M-15.00,0.00L0.00,-30.00L15.00,0.00"]
          RenderSVGText {text} at (350,260) size 480x16
            RenderSVGInlineText {#text} at (-66,-13) size 132x16
              text run at (-66,-13) width 132: "rotate='auto-reverse'"
      RenderSVGText {text} at (10,340) size 480x46
        RenderSVGInlineText {#text} at (0,-36) size 264x46
          text run at (0,-36) width 264: "$Revision: 1.8 $"
      RenderPath {rect} at (0.50,0.50) size 479x359 [stroke={[type=SOLID] [color=#000000]}] [data="M1.00,1.00L479.00,1.00L479.00,359.00L1.00,359.00"]
