layer at (0,0) size 480x360
  RenderView at (0,0) size 480x360
    RenderSVGContainer {svg} at (0.50,0.50) size 479x359
      RenderSVGText {text} at (10,340) size 480x46
        RenderSVGInlineText {#text} at (0,-36) size 284x46
          text run at (0,-36) width 284: "$Revision: 1.10 $"
      RenderPath {rect} at (0.50,0.50) size 479x359 [stroke={[type=SOLID] [color=#000000]}] [data="M1.00,1.00L479.00,1.00L479.00,359.00L1.00,359.00"]
      RenderSVGText {text} at (240,30) size 480x23
        RenderSVGInlineText {#text} at (-15,-18) size 31x23
          text run at (-15,-18) width 31: "text"
      RenderSVGContainer {g} at (39,60) size 403x225 [transform={m=((1.00,0.00)(0.00,1.00)) t=(80.00,80.00)}]
        RenderSVGContainer {g} at (39,92) size 66x192 [transform={m=((1.00,0.00)(0.00,1.00)) t=(20.00,10.00)}]
          RenderSVGText {text} at (5,15) size 480x17
            RenderSVGInlineText {#text} at (-55,-13) size 55x17
              text run at (-55,-13) width 55: "transform"
          RenderSVGText {text} at (5,50) size 480x17
            RenderSVGInlineText {#text} at (-64,-13) size 64x17
              text run at (-64,-13) width 64: "text-anchor"
          RenderSVGText {text} at (5,85) size 480x17
            RenderSVGInlineText {#text} at (-49,-13) size 49x17
              text run at (-49,-13) width 49: "font-size"
          RenderSVGText {text} at (5,120) size 480x17
            RenderSVGInlineText {#text} at (-65,-13) size 65x17
              text run at (-65,-13) width 65: "font-family"
          RenderSVGText {text} at (5,155) size 480x17
            RenderSVGInlineText {#text} at (-54,-13) size 54x17
              text run at (-54,-13) width 54: "font-style"
          RenderSVGText {text} at (5,190) size 480x17
            RenderSVGInlineText {#text} at (-66,-13) size 66x17
              text run at (-66,-13) width 66: "font-weight"
        RenderSVGContainer {g} at (172,60) size 259x17 [transform={m=((1.00,0.00)(0.00,1.00)) t=(90.00,-10.00)}]
          RenderSVGText {text} at (20,3) size 480x17
            RenderSVGInlineText {#text} at (-18,-13) size 37x17
              text run at (-18,-13) width 37: "<text>"
          RenderSVGText {text} at (135,3) size 480x17
            RenderSVGInlineText {#text} at (-11,-13) size 23x17
              text run at (-11,-13) width 23: "<g>"
          RenderSVGText {text} at (250,3) size 480x17
            RenderSVGInlineText {#text} at (-11,-13) size 22x17
              text run at (-11,-13) width 22: "<a>"
        RenderSVGContainer {g} at (170,87) size 272x198 [transform={m=((1.00,0.00)(0.00,1.00)) t=(80.00,5.00)}]
          RenderSVGText {text} at (10,20) size 480x23
            RenderSVGInlineText {#text} at (0,-18) size 14x23
              text run at (0,-18) width 14: "A"
          RenderSVGContainer {g} at (170,87) size 264x23
            RenderSVGHiddenContainer {defs} at (0,0) size 0x0
              RenderSVGContainer {g} at (10,2) size 44x23
                RenderSVGText {text} at (10,20) size 480x23
                  RenderSVGInlineText {#text} at (0,-18) size 14x23
                    text run at (0,-18) width 14: "A"
                RenderSVGText {text} at (10,20) size 480x23
                  RenderSVGInlineText {#text} at (0,-18) size 14x23
                    text run at (0,-18) width 14: "A"
            RenderSVGContainer {use} at (170,87) size 44x23
              RenderSVGContainer {g} at (170,87) size 44x23
                RenderSVGContainer {g} at (170,87) size 44x23
                  RenderSVGText {text} at (10,20) size 480x23
                    RenderSVGInlineText {#text} at (0,-18) size 14x23
                      text run at (0,-18) width 14: "A"
                  RenderSVGText {text} at (10,20) size 480x23
                    RenderSVGInlineText {#text} at (0,-18) size 14x23
                      text run at (0,-18) width 14: "A"
            RenderSVGContainer {use} at (280,87) size 44x23
              RenderSVGContainer {g} at (280,87) size 44x23 [transform={m=((1.00,0.00)(0.00,1.00)) t=(110.00,0.00)}]
                RenderSVGContainer {g} at (280,87) size 44x23
                  RenderSVGText {text} at (10,20) size 480x23
                    RenderSVGInlineText {#text} at (0,-18) size 14x23
                      text run at (0,-18) width 14: "A"
                  RenderSVGText {text} at (10,20) size 480x23
                    RenderSVGInlineText {#text} at (0,-18) size 14x23
                      text run at (0,-18) width 14: "A"
            RenderSVGContainer {use} at (390,87) size 44x23
              RenderSVGContainer {g} at (390,87) size 44x23 [transform={m=((1.00,0.00)(0.00,1.00)) t=(220.00,0.00)}]
                RenderSVGContainer {g} at (390,87) size 44x23
                  RenderSVGText {text} at (10,20) size 480x23
                    RenderSVGInlineText {#text} at (0,-18) size 14x23
                      text run at (0,-18) width 14: "A"
                  RenderSVGText {text} at (10,20) size 480x23
                    RenderSVGInlineText {#text} at (0,-18) size 14x23
                      text run at (0,-18) width 14: "A"
            RenderSVGText {text} at (10,20) size 480x23
              RenderSVGInlineText {#text} at (0,-18) size 14x23
                text run at (0,-18) width 14: "A"
              RenderSVGInlineText {#text} at (0,0) size 0x0
            RenderSVGContainer {g} at (280,87) size 14x23 [transform={m=((1.00,0.00)(0.00,1.00)) t=(110.00,0.00)}]
              RenderSVGText {text} at (10,20) size 480x23
                RenderSVGInlineText {#text} at (0,-18) size 14x23
                  text run at (0,-18) width 14: "A"
            RenderSVGContainer {a} at (390,87) size 14x23 [transform={m=((1.00,0.00)(0.00,1.00)) t=(220.00,0.00)}]
              RenderSVGText {text} at (10,20) size 480x23
                RenderSVGInlineText {#text} at (0,-18) size 14x23
                  text run at (0,-18) width 14: "A"
          RenderSVGContainer {g} at (170,122) size 260x23 [transform={m=((1.00,0.00)(0.00,1.00)) t=(0.00,35.00)}]
            RenderSVGHiddenContainer {defs} at (0,0) size 0x0
              RenderSVGContainer {g} at (10,2) size 40x23
                RenderSVGText {text} at (10,20) size 480x23
                  RenderSVGInlineText {#text} at (0,-18) size 14x23
                    text run at (0,-18) width 14: "A"
                RenderSVGText {text} at (10,20) size 480x23
                  RenderSVGInlineText {#text} at (-14,-18) size 14x23
                    text run at (-14,-18) width 14: "A"
            RenderSVGContainer {use} at (170,122) size 40x23
              RenderSVGContainer {g} at (170,122) size 40x23
                RenderSVGContainer {g} at (170,122) size 40x23
                  RenderSVGText {text} at (10,20) size 480x23
                    RenderSVGInlineText {#text} at (0,-18) size 14x23
                      text run at (0,-18) width 14: "A"
                  RenderSVGText {text} at (10,20) size 480x23
                    RenderSVGInlineText {#text} at (-14,-18) size 14x23
                      text run at (-14,-18) width 14: "A"
            RenderSVGContainer {use} at (280,122) size 40x23
              RenderSVGContainer {g} at (280,122) size 40x23 [transform={m=((1.00,0.00)(0.00,1.00)) t=(110.00,0.00)}]
                RenderSVGContainer {g} at (280,122) size 40x23
                  RenderSVGText {text} at (10,20) size 480x23
                    RenderSVGInlineText {#text} at (0,-18) size 14x23
                      text run at (0,-18) width 14: "A"
                  RenderSVGText {text} at (10,20) size 480x23
                    RenderSVGInlineText {#text} at (-14,-18) size 14x23
                      text run at (-14,-18) width 14: "A"
            RenderSVGContainer {use} at (390,122) size 40x23
              RenderSVGContainer {g} at (390,122) size 40x23 [transform={m=((1.00,0.00)(0.00,1.00)) t=(220.00,0.00)}]
                RenderSVGContainer {g} at (390,122) size 40x23
                  RenderSVGText {text} at (10,20) size 480x23
                    RenderSVGInlineText {#text} at (0,-18) size 14x23
                      text run at (0,-18) width 14: "A"
                  RenderSVGText {text} at (10,20) size 480x23
                    RenderSVGInlineText {#text} at (-14,-18) size 14x23
                      text run at (-14,-18) width 14: "A"
            RenderSVGText {text} at (10,20) size 480x23
              RenderSVGInlineText {#text} at (0,-18) size 14x23
                text run at (0,-18) width 14: "A"
              RenderSVGInlineText {#text} at (0,0) size 0x0
              RenderSVGInlineText {#text} at (0,0) size 0x0
            RenderSVGContainer {g} at (280,122) size 14x23
              RenderSVGText {text} at (120,20) size 480x23
                RenderSVGInlineText {#text} at (0,-18) size 14x23
                  text run at (0,-18) width 14: "A"
                RenderSVGInlineText {#text} at (0,0) size 0x0
            RenderSVGContainer {a} at (390,122) size 14x23
              RenderSVGText {text} at (230,20) size 480x23
                RenderSVGInlineText {#text} at (0,-18) size 14x23
                  text run at (0,-18) width 14: "A"
                RenderSVGInlineText {#text} at (0,0) size 0x0
          RenderSVGContainer {g} at (170,147) size 272x36 [transform={m=((1.00,0.00)(0.00,1.00)) t=(0.00,70.00)}]
            RenderSVGHiddenContainer {defs} at (0,0) size 0x0
              RenderSVGContainer {g} at (10,-8) size 52x36
                RenderSVGText {text} at (10,20) size 480x23
                  RenderSVGInlineText {#text} at (0,-18) size 14x23
                    text run at (0,-18) width 14: "A"
                RenderSVGText {text} at (40,20) size 480x36
                  RenderSVGInlineText {#text} at (0,-28) size 22x36
                    text run at (0,-28) width 22: "A"
            RenderSVGContainer {use} at (170,147) size 52x36
              RenderSVGContainer {g} at (170,147) size 52x36
                RenderSVGContainer {g} at (170,147) size 52x36
                  RenderSVGText {text} at (10,20) size 480x23
                    RenderSVGInlineText {#text} at (0,-18) size 14x23
                      text run at (0,-18) width 14: "A"
                  RenderSVGText {text} at (40,20) size 480x36
                    RenderSVGInlineText {#text} at (0,-28) size 22x36
                      text run at (0,-28) width 22: "A"
            RenderSVGContainer {use} at (280,147) size 52x36
              RenderSVGContainer {g} at (280,147) size 52x36 [transform={m=((1.00,0.00)(0.00,1.00)) t=(110.00,0.00)}]
                RenderSVGContainer {g} at (280,147) size 52x36
                  RenderSVGText {text} at (10,20) size 480x23
                    RenderSVGInlineText {#text} at (0,-18) size 14x23
                      text run at (0,-18) width 14: "A"
                  RenderSVGText {text} at (40,20) size 480x36
                    RenderSVGInlineText {#text} at (0,-28) size 22x36
                      text run at (0,-28) width 22: "A"
            RenderSVGContainer {use} at (390,147) size 52x36
              RenderSVGContainer {g} at (390,147) size 52x36 [transform={m=((1.00,0.00)(0.00,1.00)) t=(220.00,0.00)}]
                RenderSVGContainer {g} at (390,147) size 52x36
                  RenderSVGText {text} at (10,20) size 480x23
                    RenderSVGInlineText {#text} at (0,-18) size 14x23
                      text run at (0,-18) width 14: "A"
                  RenderSVGText {text} at (40,20) size 480x36
                    RenderSVGInlineText {#text} at (0,-28) size 22x36
                      text run at (0,-28) width 22: "A"
            RenderSVGText {text} at (10,20) size 480x23
              RenderSVGInlineText {#text} at (0,-18) size 14x23
                text run at (0,-18) width 14: "A"
              RenderSVGInlineText {#text} at (0,0) size 0x0
              RenderSVGInlineText {#text} at (0,0) size 0x0
            RenderSVGContainer {g} at (280,157) size 14x23
              RenderSVGText {text} at (120,20) size 480x23
                RenderSVGInlineText {#text} at (0,-18) size 14x23
                  text run at (0,-18) width 14: "A"
                RenderSVGInlineText {#text} at (0,0) size 0x0
            RenderSVGContainer {a} at (390,157) size 14x23
              RenderSVGText {text} at (230,20) size 480x23
                RenderSVGInlineText {#text} at (0,-18) size 14x23
                  text run at (0,-18) width 14: "A"
                RenderSVGInlineText {#text} at (0,0) size 0x0
          RenderSVGContainer {g} at (170,182) size 272x36 [transform={m=((1.00,0.00)(0.00,1.00)) t=(0.00,105.00)}]
            RenderSVGHiddenContainer {defs} at (0,0) size 0x0
              RenderSVGContainer {g} at (10,-8) size 52x36
                RenderSVGText {text} at (10,20) size 480x35
                  RenderSVGInlineText {#text} at (0,-28) size 20x35
                    text run at (0,-28) width 20: "A"
                RenderSVGText {text} at (40,20) size 480x36
                  RenderSVGInlineText {#text} at (0,-28) size 22x36
                    text run at (0,-28) width 22: "A"
            RenderSVGContainer {use} at (170,182) size 52x36
              RenderSVGContainer {g} at (170,182) size 52x36
                RenderSVGContainer {g} at (170,182) size 52x36
                  RenderSVGText {text} at (10,20) size 480x35
                    RenderSVGInlineText {#text} at (0,-28) size 20x35
                      text run at (0,-28) width 20: "A"
                  RenderSVGText {text} at (40,20) size 480x36
                    RenderSVGInlineText {#text} at (0,-28) size 22x36
                      text run at (0,-28) width 22: "A"
            RenderSVGContainer {use} at (280,182) size 52x36
              RenderSVGContainer {g} at (280,182) size 52x36 [transform={m=((1.00,0.00)(0.00,1.00)) t=(110.00,0.00)}]
                RenderSVGContainer {g} at (280,182) size 52x36
                  RenderSVGText {text} at (10,20) size 480x35
                    RenderSVGInlineText {#text} at (0,-28) size 20x35
                      text run at (0,-28) width 20: "A"
                  RenderSVGText {text} at (40,20) size 480x36
                    RenderSVGInlineText {#text} at (0,-28) size 22x36
                      text run at (0,-28) width 22: "A"
            RenderSVGContainer {use} at (390,182) size 52x36
              RenderSVGContainer {g} at (390,182) size 52x36 [transform={m=((1.00,0.00)(0.00,1.00)) t=(220.00,0.00)}]
                RenderSVGContainer {g} at (390,182) size 52x36
                  RenderSVGText {text} at (10,20) size 480x35
                    RenderSVGInlineText {#text} at (0,-28) size 20x35
                      text run at (0,-28) width 20: "A"
                  RenderSVGText {text} at (40,20) size 480x36
                    RenderSVGInlineText {#text} at (0,-28) size 22x36
                      text run at (0,-28) width 22: "A"
            RenderSVGText {text} at (10,20) size 480x35
              RenderSVGInlineText {#text} at (0,-28) size 20x35
                text run at (0,-28) width 20: "A"
              RenderSVGInlineText {#text} at (0,0) size 0x0
              RenderSVGInlineText {#text} at (0,0) size 0x0
            RenderSVGContainer {g} at (280,182) size 20x35 [transform={m=((1.00,0.00)(0.00,1.00)) t=(110.00,0.00)}]
              RenderSVGText {text} at (10,20) size 480x35
                RenderSVGInlineText {#text} at (0,-28) size 20x35
                  text run at (0,-28) width 20: "A"
                RenderSVGInlineText {#text} at (0,0) size 0x0
            RenderSVGContainer {a} at (390,182) size 20x35 [transform={m=((1.00,0.00)(0.00,1.00)) t=(220.00,0.00)}]
              RenderSVGText {text} at (10,20) size 480x35
                RenderSVGInlineText {#text} at (0,-28) size 20x35
                  text run at (0,-28) width 20: "A"
                RenderSVGInlineText {#text} at (0,0) size 0x0
          RenderSVGContainer {g} at (170,227) size 262x23 [transform={m=((1.00,0.00)(0.00,1.00)) t=(0.00,140.00)}]
            RenderSVGHiddenContainer {defs} at (0,0) size 0x0
              RenderSVGContainer {g} at (10,2) size 42x23
                RenderSVGText {text} at (10,20) size 480x23
                  RenderSVGInlineText {#text} at (0,-18) size 14x23
                    text run at (0,-18) width 14: "A"
                RenderSVGText {text} at (40,20) size 480x23
                  RenderSVGInlineText {#text} at (0,-18) size 12x23
                    text run at (0,-18) width 12: "A"
            RenderSVGContainer {use} at (170,227) size 42x23
              RenderSVGContainer {g} at (170,227) size 42x23
                RenderSVGContainer {g} at (170,227) size 42x23
                  RenderSVGText {text} at (10,20) size 480x23
                    RenderSVGInlineText {#text} at (0,-18) size 14x23
                      text run at (0,-18) width 14: "A"
                  RenderSVGText {text} at (40,20) size 480x23
                    RenderSVGInlineText {#text} at (0,-18) size 12x23
                      text run at (0,-18) width 12: "A"
            RenderSVGContainer {use} at (280,227) size 42x23
              RenderSVGContainer {g} at (280,227) size 42x23 [transform={m=((1.00,0.00)(0.00,1.00)) t=(110.00,0.00)}]
                RenderSVGContainer {g} at (280,227) size 42x23
                  RenderSVGText {text} at (10,20) size 480x23
                    RenderSVGInlineText {#text} at (0,-18) size 14x23
                      text run at (0,-18) width 14: "A"
                  RenderSVGText {text} at (40,20) size 480x23
                    RenderSVGInlineText {#text} at (0,-18) size 12x23
                      text run at (0,-18) width 12: "A"
            RenderSVGContainer {use} at (390,227) size 42x23
              RenderSVGContainer {g} at (390,227) size 42x23 [transform={m=((1.00,0.00)(0.00,1.00)) t=(220.00,0.00)}]
                RenderSVGContainer {g} at (390,227) size 42x23
                  RenderSVGText {text} at (10,20) size 480x23
                    RenderSVGInlineText {#text} at (0,-18) size 14x23
                      text run at (0,-18) width 14: "A"
                  RenderSVGText {text} at (40,20) size 480x23
                    RenderSVGInlineText {#text} at (0,-18) size 12x23
                      text run at (0,-18) width 12: "A"
            RenderSVGText {text} at (10,20) size 480x23
              RenderSVGInlineText {#text} at (0,-18) size 14x23
                text run at (0,-18) width 14: "A"
              RenderSVGInlineText {#text} at (0,0) size 0x0
              RenderSVGInlineText {#text} at (0,0) size 0x0
            RenderSVGContainer {g} at (280,227) size 14x23 [transform={m=((1.00,0.00)(0.00,1.00)) t=(110.00,0.00)}]
              RenderSVGText {text} at (10,20) size 480x23
                RenderSVGInlineText {#text} at (0,-18) size 14x23
                  text run at (0,-18) width 14: "A"
                RenderSVGInlineText {#text} at (0,0) size 0x0
            RenderSVGContainer {g} at (390,227) size 14x23 [transform={m=((1.00,0.00)(0.00,1.00)) t=(220.00,0.00)}]
              RenderSVGText {text} at (10,20) size 480x23
                RenderSVGInlineText {#text} at (0,-18) size 14x23
                  text run at (0,-18) width 14: "A"
                RenderSVGInlineText {#text} at (0,0) size 0x0
          RenderSVGContainer {g} at (170,262) size 264x23 [transform={m=((1.00,0.00)(0.00,1.00)) t=(0.00,175.00)}]
            RenderSVGHiddenContainer {defs} at (0,0) size 0x0
              RenderSVGContainer {g} at (10,2) size 44x23
                RenderSVGText {text} at (10,20) size 480x23
                  RenderSVGInlineText {#text} at (0,-18) size 14x23
                    text run at (0,-18) width 14: "A"
                RenderSVGText {text} at (40,20) size 480x23
                  RenderSVGInlineText {#text} at (0,-18) size 14x23
                    text run at (0,-18) width 14: "A"
            RenderSVGContainer {use} at (170,262) size 44x23
              RenderSVGContainer {g} at (170,262) size 44x23
                RenderSVGContainer {g} at (170,262) size 44x23
                  RenderSVGText {text} at (10,20) size 480x23
                    RenderSVGInlineText {#text} at (0,-18) size 14x23
                      text run at (0,-18) width 14: "A"
                  RenderSVGText {text} at (40,20) size 480x23
                    RenderSVGInlineText {#text} at (0,-18) size 14x23
                      text run at (0,-18) width 14: "A"
            RenderSVGContainer {use} at (280,262) size 44x23
              RenderSVGContainer {g} at (280,262) size 44x23 [transform={m=((1.00,0.00)(0.00,1.00)) t=(110.00,0.00)}]
                RenderSVGContainer {g} at (280,262) size 44x23
                  RenderSVGText {text} at (10,20) size 480x23
                    RenderSVGInlineText {#text} at (0,-18) size 14x23
                      text run at (0,-18) width 14: "A"
                  RenderSVGText {text} at (40,20) size 480x23
                    RenderSVGInlineText {#text} at (0,-18) size 14x23
                      text run at (0,-18) width 14: "A"
            RenderSVGContainer {use} at (390,262) size 44x23
              RenderSVGContainer {g} at (390,262) size 44x23 [transform={m=((1.00,0.00)(0.00,1.00)) t=(220.00,0.00)}]
                RenderSVGContainer {g} at (390,262) size 44x23
                  RenderSVGText {text} at (10,20) size 480x23
                    RenderSVGInlineText {#text} at (0,-18) size 14x23
                      text run at (0,-18) width 14: "A"
                  RenderSVGText {text} at (40,20) size 480x23
                    RenderSVGInlineText {#text} at (0,-18) size 14x23
                      text run at (0,-18) width 14: "A"
            RenderSVGText {text} at (10,20) size 480x23
              RenderSVGInlineText {#text} at (0,-18) size 14x23
                text run at (0,-18) width 14: "A"
              RenderSVGInlineText {#text} at (0,0) size 0x0
              RenderSVGInlineText {#text} at (0,0) size 0x0
            RenderSVGContainer {g} at (280,262) size 14x23 [transform={m=((1.00,0.00)(0.00,1.00)) t=(110.00,0.00)}]
              RenderSVGText {text} at (10,20) size 480x23
                RenderSVGInlineText {#text} at (0,-18) size 14x23
                  text run at (0,-18) width 14: "A"
                RenderSVGInlineText {#text} at (0,0) size 0x0
            RenderSVGContainer {g} at (390,262) size 14x23 [transform={m=((1.00,0.00)(0.00,1.00)) t=(220.00,0.00)}]
              RenderSVGText {text} at (10,20) size 480x23
                RenderSVGInlineText {#text} at (0,-18) size 14x23
                  text run at (0,-18) width 14: "A"
                RenderSVGInlineText {#text} at (0,0) size 0x0
