layer at (0,0) size 480x360
  RenderView at (0,0) size 480x360
    KCanvasContainer {svg} at (0.50,0.50) size 479x359
      KCanvasContainer {g} at (0.50,0.50) size 479x359
        KCanvasContainer {g} at (30,18) size 91x273
          KCanvasItem {rect} at (58,18) size 54x204 [stroke={[type=SOLID] [color=#DFDFDF] [stroke width=4.00]}] [fill={[type=SOLID] [color=#DFDFDF]}] [data="M60.00,20.00L110.00,20.00L110.00,220.00L60.00,220.00"]
          KCanvasItem {line} at (40,218) size 60x4 [stroke={[type=SOLID] [color=#880000] [stroke width=4.00]}] [data="M40.00,220.00L100.00,220.00"]
          KCanvasItem {line} at (40,118) size 60x4 [stroke={[type=SOLID] [color=#880000] [stroke width=4.00]}] [data="M40.00,120.00L100.00,120.00"]
          KCanvasItem {rect} at (58,18) size 54x24 [stroke={[type=SOLID] [color=#008855] [stroke width=4.00]}] [fill={[type=SOLID] [color=#00FF55]}] [data="M60.00,20.00L110.00,20.00L110.00,40.00L60.00,40.00"]
          RenderSVGText {text} at (30,285) size 480x33
            RenderSVGInlineText {#text} at (0,-27) size 91x33
              text run at (0,-27) width 91: "anim.5"
        KCanvasContainer {g} at (140,18) size 91x273 [transform={m=((1.00,0.00)(0.00,1.00)) t=(110.00,0.00)}]
          KCanvasItem {rect} at (168,18) size 54x204 [stroke={[type=SOLID] [color=#DFDFDF] [stroke width=4.00]}] [fill={[type=SOLID] [color=#DFDFDF]}] [data="M60.00,20.00L110.00,20.00L110.00,220.00L60.00,220.00"]
          KCanvasItem {line} at (150,218) size 60x4 [stroke={[type=SOLID] [color=#880000] [stroke width=4.00]}] [data="M40.00,220.00L100.00,220.00"]
          KCanvasItem {line} at (150,118) size 60x4 [stroke={[type=SOLID] [color=#880000] [stroke width=4.00]}] [data="M40.00,120.00L100.00,120.00"]
          KCanvasItem {rect} at (168,18) size 54x24 [stroke={[type=SOLID] [color=#008855] [stroke width=4.00]}] [fill={[type=SOLID] [color=#00FF55]}] [data="M60.00,20.00L110.00,20.00L110.00,40.00L60.00,40.00"]
          RenderSVGText {text} at (30,285) size 480x33
            RenderSVGInlineText {#text} at (0,-27) size 91x33
              text run at (0,-27) width 91: "anim.6"
        KCanvasContainer {g} at (250,18) size 91x273 [transform={m=((1.00,0.00)(0.00,1.00)) t=(220.00,0.00)}]
          KCanvasItem {rect} at (278,18) size 54x204 [stroke={[type=SOLID] [color=#DFDFDF] [stroke width=4.00]}] [fill={[type=SOLID] [color=#DFDFDF]}] [data="M60.00,20.00L110.00,20.00L110.00,220.00L60.00,220.00"]
          KCanvasItem {line} at (260,218) size 60x4 [stroke={[type=SOLID] [color=#880000] [stroke width=4.00]}] [data="M40.00,220.00L100.00,220.00"]
          KCanvasItem {line} at (260,118) size 60x4 [stroke={[type=SOLID] [color=#880000] [stroke width=4.00]}] [data="M40.00,120.00L100.00,120.00"]
          KCanvasItem {rect} at (278,18) size 54x24 [stroke={[type=SOLID] [color=#008855] [stroke width=4.00]}] [fill={[type=SOLID] [color=#00FF55]}] [data="M60.00,20.00L110.00,20.00L110.00,40.00L60.00,40.00"]
          RenderSVGText {text} at (30,285) size 480x33
            RenderSVGInlineText {#text} at (0,-27) size 91x33
              text run at (0,-27) width 91: "anim.7"
        KCanvasContainer {g} at (360,18) size 91x273 [transform={m=((1.00,0.00)(0.00,1.00)) t=(330.00,0.00)}]
          KCanvasItem {rect} at (388,18) size 54x204 [stroke={[type=SOLID] [color=#DFDFDF] [stroke width=4.00]}] [fill={[type=SOLID] [color=#DFDFDF]}] [data="M60.00,20.00L110.00,20.00L110.00,220.00L60.00,220.00"]
          KCanvasItem {line} at (370,218) size 60x4 [stroke={[type=SOLID] [color=#880000] [stroke width=4.00]}] [data="M40.00,220.00L100.00,220.00"]
          KCanvasItem {line} at (370,118) size 60x4 [stroke={[type=SOLID] [color=#880000] [stroke width=4.00]}] [data="M40.00,120.00L100.00,120.00"]
          KCanvasItem {rect} at (388,18) size 54x24 [stroke={[type=SOLID] [color=#008855] [stroke width=4.00]}] [fill={[type=SOLID] [color=#00FF55]}] [data="M60.00,20.00L110.00,20.00L110.00,40.00L60.00,40.00"]
          RenderSVGText {text} at (30,285) size 480x33
            RenderSVGInlineText {#text} at (0,-27) size 91x33
              text run at (0,-27) width 91: "anim.8"
        RenderSVGText {text} at (10,340) size 480x44
          RenderSVGInlineText {#text} at (0,-36) size 285x44
            text run at (0,-36) width 285: "$Revision: 1.1 $"
        KCanvasItem {rect} at (0.50,0.50) size 479x359 [stroke={[type=SOLID] [color=#000000]}] [data="M1.00,1.00L479.00,1.00L479.00,359.00L1.00,359.00"]
