CONSOLE MESSAGE: line 109: Error: Problem parsing points="20,10,0,10,15,20,10,2,5,20,20,10"
CONSOLE MESSAGE: line 110: Error: Problem parsing points="20,10,0,10,15,20,10,2,5,20,20,10"
CONSOLE MESSAGE: line 113: Error: Problem parsing points="20,10,0,10,15,20,10,2,5,20,20,10"
CONSOLE MESSAGE: line 113: Error: Problem parsing points="20,10,0,10,15,20,10,2,5,20,20,10"
CONSOLE MESSAGE: line 114: Error: Problem parsing points="20,10,0,10,15,20,10,2,5,20,20,10"
CONSOLE MESSAGE: line 114: Error: Problem parsing points="20,10,0,10,15,20,10,2,5,20,20,10"
CONSOLE MESSAGE: line 115: Error: Problem parsing points="20,10,0,10,15,20,10,2,5,20,20,10"
CONSOLE MESSAGE: line 115: Error: Problem parsing points="20,10,0,10,15,20,10,2,5,20,20,10"
CONSOLE MESSAGE: line 117: Error: Problem parsing points="20,10,0,10,15,20,10,2,5,20,20,10"
CONSOLE MESSAGE: line 125: Error: Problem parsing points="20,10,0,10,15,20,10,2,5,20,20,10"
CONSOLE MESSAGE: line 131: Error: Problem parsing points="20,10,0,10,15,20,10,2,5,20,20,10"
CONSOLE MESSAGE: line 229: Error: Problem parsing points="5,2,20,5,5,8"
CONSOLE MESSAGE: line 230: Error: Problem parsing points="5,2,20,5,5,8"
CONSOLE MESSAGE: line 233: Error: Problem parsing points="5,2,20,5,5,8"
CONSOLE MESSAGE: line 233: Error: Problem parsing points="5,2,20,5,5,8"
CONSOLE MESSAGE: line 234: Error: Problem parsing points="5,2,20,5,5,8"
CONSOLE MESSAGE: line 234: Error: Problem parsing points="5,2,20,5,5,8"
CONSOLE MESSAGE: line 235: Error: Problem parsing points="5,2,20,5,5,8"
CONSOLE MESSAGE: line 235: Error: Problem parsing points="5,2,20,5,5,8"
CONSOLE MESSAGE: line 237: Error: Problem parsing points="5,2,20,5,5,8"
CONSOLE MESSAGE: line 245: Error: Problem parsing points="5,2,20,5,5,8"
CONSOLE MESSAGE: line 251: Error: Problem parsing points="5,2,20,5,5,8"
CONSOLE MESSAGE: line 258: Error: Problem parsing points="5,0,20,5,5,10"
CONSOLE MESSAGE: line 259: Error: Problem parsing points="5,0,20,5,5,10"
CONSOLE MESSAGE: line 262: Error: Problem parsing points="5,0,20,5,5,10"
CONSOLE MESSAGE: line 262: Error: Problem parsing points="5,0,20,5,5,10"
CONSOLE MESSAGE: line 263: Error: Problem parsing points="5,0,20,5,5,10"
CONSOLE MESSAGE: line 263: Error: Problem parsing points="5,0,20,5,5,10"
CONSOLE MESSAGE: line 264: Error: Problem parsing points="5,0,20,5,5,10"
CONSOLE MESSAGE: line 264: Error: Problem parsing points="5,0,20,5,5,10"
CONSOLE MESSAGE: line 266: Error: Problem parsing points="5,0,20,5,5,10"
CONSOLE MESSAGE: line 274: Error: Problem parsing points="5,0,20,5,5,10"
CONSOLE MESSAGE: line 280: Error: Problem parsing points="5,0,20,5,5,10"
layer at (0,0) size 480x360
  RenderView at (0,0) size 480x360
    RenderSVGContainer {svg} at (0.50,0.50) size 479x359
      RenderSVGText {text} at (240,25) size 480x23
        RenderSVGInlineText {#text} at (-34,-18) size 69x23
          text run at (-34,-18) width 69: "graphics"
      RenderSVGContainer {g} at (28,45) size 411.74x243 [transform={m=((1.00,0.00)(0.00,1.00)) t=(80.00,75.00)}]
        RenderSVGContainer {g} at (28,74) size 82x214 [transform={m=((1.00,0.00)(0.00,1.00)) t=(30.00,10.00)}]
          RenderSVGText {text} at (0,0) size 480x14
            RenderSVGInlineText {#text} at (-13,-11) size 13x14
              text run at (-13,-11) width 13: "fill"
          RenderSVGText {text} at (0,20) size 480x14
            RenderSVGInlineText {#text} at (-35,-11) size 35x14
              text run at (-35,-11) width 35: "fill-rule"
          RenderSVGText {text} at (0,40) size 480x14
            RenderSVGInlineText {#text} at (-29,-11) size 29x14
              text run at (-29,-11) width 29: "stroke"
          RenderSVGText {text} at (0,60) size 480x14
            RenderSVGInlineText {#text} at (-60,-11) size 60x14
              text run at (-60,-11) width 60: "stroke-width"
          RenderSVGText {text} at (0,80) size 480x14
            RenderSVGInlineText {#text} at (-66,-11) size 66x14
              text run at (-66,-11) width 66: "stroke-linecap"
          RenderSVGText {text} at (0,100) size 480x14
            RenderSVGInlineText {#text} at (-68,-11) size 68x14
              text run at (-68,-11) width 68: "stroke-linejoin"
          RenderSVGText {text} at (0,120) size 480x14
            RenderSVGInlineText {#text} at (-78,-11) size 78x14
              text run at (-78,-11) width 78: "stroke-miterlimit"
          RenderSVGText {text} at (0,140) size 480x14
            RenderSVGInlineText {#text} at (-82,-11) size 82x14
              text run at (-82,-11) width 82: "stroke-dashoffset"
          RenderSVGText {text} at (0,160) size 480x14
            RenderSVGInlineText {#text} at (-34,-11) size 34x14
              text run at (-34,-11) width 34: "display"
          RenderSVGText {text} at (0,180) size 480x14
            RenderSVGInlineText {#text} at (-41,-11) size 41x14
              text run at (-41,-11) width 41: "visibility"
          RenderSVGText {text} at (0,200) size 480x14
            RenderSVGInlineText {#text} at (-24,-11) size 24x14
              text run at (-24,-11) width 24: "color"
        RenderSVGContainer {g} at (168,45) size 248x17 [transform={m=((1.00,0.00)(0.00,1.00)) t=(90.00,-20.00)}]
          RenderSVGText {text} at (20,3) size 480x17
            RenderSVGInlineText {#text} at (-22,-13) size 44x17
              text run at (-22,-13) width 44: "element"
          RenderSVGText {text} at (130,3) size 480x17
            RenderSVGInlineText {#text} at (-11,-13) size 23x17
              text run at (-11,-13) width 23: "<g>"
          RenderSVGText {text} at (235,3) size 480x17
            RenderSVGInlineText {#text} at (-11,-13) size 22x17
              text run at (-11,-13) width 22: "<a>"
        RenderSVGContainer {g} at (155,69) size 284.74x214 [transform={m=((1.00,0.00)(0.00,1.00)) t=(80.00,0.00)}]
          RenderSVGContainer {g} at (170,69) size 258x14
            RenderSVGHiddenContainer {defs} at (0,0) size 0x0
              RenderSVGContainer {g} at (10,-6) size 38x4
                RenderPath {rect} at (10,-6) size 8x4 [fill={[type=SOLID] [color=#CC0066]}] [data="M10.00,-6.00L18.00,-6.00L18.00,-2.00L10.00,-2.00"]
                RenderPath {rect} at (25,-6) size 8x4 [transform={m=((1.00,0.00)(0.00,1.00)) t=(15.00,0.00)}] [fill={[type=SOLID] [color=#E65233]}] [data="M10.00,-6.00L18.00,-6.00L18.00,-2.00L10.00,-2.00"]
                RenderPath {rect} at (40,-6) size 8x4 [transform={m=((1.00,0.00)(0.00,1.00)) t=(30.00,0.00)}] [fill={[type=SOLID] [color=#FFA500]}] [data="M10.00,-6.00L18.00,-6.00L18.00,-2.00L10.00,-2.00"]
            RenderSVGContainer {use} at (170,69) size 38x4
              RenderSVGContainer {g} at (170,69) size 38x4
                RenderSVGContainer {g} at (170,69) size 38x4
                  RenderPath {rect} at (170,69) size 8x4 [fill={[type=SOLID] [color=#CC0066]}] [data="M10.00,-6.00L18.00,-6.00L18.00,-2.00L10.00,-2.00"]
                  RenderPath {rect} at (185,69) size 8x4 [transform={m=((1.00,0.00)(0.00,1.00)) t=(15.00,0.00)}] [fill={[type=SOLID] [color=#E65233]}] [data="M10.00,-6.00L18.00,-6.00L18.00,-2.00L10.00,-2.00"]
                  RenderPath {rect} at (200,69) size 8x4 [transform={m=((1.00,0.00)(0.00,1.00)) t=(30.00,0.00)}] [fill={[type=SOLID] [color=#FFA500]}] [data="M10.00,-6.00L18.00,-6.00L18.00,-2.00L10.00,-2.00"]
            RenderSVGContainer {use} at (280,69) size 38x4
              RenderSVGContainer {g} at (280,69) size 38x4 [transform={m=((1.00,0.00)(0.00,1.00)) t=(110.00,0.00)}]
                RenderSVGContainer {g} at (280,69) size 38x4
                  RenderPath {rect} at (280,69) size 8x4 [fill={[type=SOLID] [color=#CC0066]}] [data="M10.00,-6.00L18.00,-6.00L18.00,-2.00L10.00,-2.00"]
                  RenderPath {rect} at (295,69) size 8x4 [transform={m=((1.00,0.00)(0.00,1.00)) t=(15.00,0.00)}] [fill={[type=SOLID] [color=#E65233]}] [data="M10.00,-6.00L18.00,-6.00L18.00,-2.00L10.00,-2.00"]
                  RenderPath {rect} at (310,69) size 8x4 [transform={m=((1.00,0.00)(0.00,1.00)) t=(30.00,0.00)}] [fill={[type=SOLID] [color=#FFA500]}] [data="M10.00,-6.00L18.00,-6.00L18.00,-2.00L10.00,-2.00"]
            RenderSVGContainer {use} at (390,69) size 38x4
              RenderSVGContainer {g} at (390,69) size 38x4 [transform={m=((1.00,0.00)(0.00,1.00)) t=(220.00,0.00)}]
                RenderSVGContainer {g} at (390,69) size 38x4
                  RenderPath {rect} at (390,69) size 8x4 [fill={[type=SOLID] [color=#CC0066]}] [data="M10.00,-6.00L18.00,-6.00L18.00,-2.00L10.00,-2.00"]
                  RenderPath {rect} at (405,69) size 8x4 [transform={m=((1.00,0.00)(0.00,1.00)) t=(15.00,0.00)}] [fill={[type=SOLID] [color=#E65233]}] [data="M10.00,-6.00L18.00,-6.00L18.00,-2.00L10.00,-2.00"]
                  RenderPath {rect} at (420,69) size 8x4 [transform={m=((1.00,0.00)(0.00,1.00)) t=(30.00,0.00)}] [fill={[type=SOLID] [color=#FFA500]}] [data="M10.00,-6.00L18.00,-6.00L18.00,-2.00L10.00,-2.00"]
            RenderPath {rect} at (170,75) size 8x8 [fill={[type=SOLID] [color=#CC0066]}] [data="M10.00,0.00L18.00,0.00L18.00,8.00L10.00,8.00"]
            RenderSVGContainer {g} at (280,75) size 8x8 [transform={m=((1.00,0.00)(0.00,1.00)) t=(110.00,0.00)}]
              RenderPath {rect} at (280,75) size 8x8 [fill={[type=SOLID] [color=#CC0066]}] [data="M10.00,0.00L18.00,0.00L18.00,8.00L10.00,8.00"]
            RenderSVGContainer {a} at (390,75) size 8x8 [transform={m=((1.00,0.00)(0.00,1.00)) t=(220.00,0.00)}]
              RenderPath {rect} at (390,75) size 8x8 [fill={[type=SOLID] [color=#CC0066]}] [data="M10.00,0.00L18.00,0.00L18.00,8.00L10.00,8.00"]
          RenderSVGContainer {g} at (163.35,90.13) size 271.65x21.03 [transform={m=((1.00,0.00)(0.00,1.00)) t=(5.00,15.00)}]
            RenderSVGHiddenContainer {defs} at (0,0) size 0x0
              RenderSVGContainer {g} at (0,2) size 50x18
                RenderPath {polyline} at (0,2) size 20x18 [fill={[type=SOLID] [color=#CCCCCC]}] [data="M20.00,10.00L0.00,10.00L15.00,20.00L10.00,2.00L5.00,20.00L20.00,10.00"]
                RenderPath {polyline} at (30,2) size 20x18 [transform={m=((1.00,0.00)(0.00,1.00)) t=(30.00,0.00)}] [fill={[type=SOLID] [color=#CCCCCC] [fill rule=EVEN-ODD]}] [data="M20.00,10.00L0.00,10.00L15.00,20.00L10.00,2.00L5.00,20.00L20.00,10.00"]
            RenderSVGContainer {use} at (165,92) size 50x18
              RenderSVGContainer {g} at (165,92) size 50x18
                RenderSVGContainer {g} at (165,92) size 50x18
                  RenderPath {polyline} at (165,92) size 20x18 [fill={[type=SOLID] [color=#CCCCCC]}] [data="M20.00,10.00L0.00,10.00L15.00,20.00L10.00,2.00L5.00,20.00L20.00,10.00"]
                  RenderPath {polyline} at (195,92) size 20x18 [transform={m=((1.00,0.00)(0.00,1.00)) t=(30.00,0.00)}] [fill={[type=SOLID] [color=#CCCCCC] [fill rule=EVEN-ODD]}] [data="M20.00,10.00L0.00,10.00L15.00,20.00L10.00,2.00L5.00,20.00L20.00,10.00"]
            RenderSVGContainer {use} at (275,92) size 50x18
              RenderSVGContainer {g} at (275,92) size 50x18 [transform={m=((1.00,0.00)(0.00,1.00)) t=(110.00,0.00)}]
                RenderSVGContainer {g} at (275,92) size 50x18
                  RenderPath {polyline} at (275,92) size 20x18 [fill={[type=SOLID] [color=#CCCCCC]}] [data="M20.00,10.00L0.00,10.00L15.00,20.00L10.00,2.00L5.00,20.00L20.00,10.00"]
                  RenderPath {polyline} at (305,92) size 20x18 [transform={m=((1.00,0.00)(0.00,1.00)) t=(30.00,0.00)}] [fill={[type=SOLID] [color=#CCCCCC] [fill rule=EVEN-ODD]}] [data="M20.00,10.00L0.00,10.00L15.00,20.00L10.00,2.00L5.00,20.00L20.00,10.00"]
            RenderSVGContainer {use} at (385,92) size 50x18
              RenderSVGContainer {g} at (385,92) size 50x18 [transform={m=((1.00,0.00)(0.00,1.00)) t=(220.00,0.00)}]
                RenderSVGContainer {g} at (385,92) size 50x18
                  RenderPath {polyline} at (385,92) size 20x18 [fill={[type=SOLID] [color=#CCCCCC]}] [data="M20.00,10.00L0.00,10.00L15.00,20.00L10.00,2.00L5.00,20.00L20.00,10.00"]
                  RenderPath {polyline} at (415,92) size 20x18 [transform={m=((1.00,0.00)(0.00,1.00)) t=(30.00,0.00)}] [fill={[type=SOLID] [color=#CCCCCC] [fill rule=EVEN-ODD]}] [data="M20.00,10.00L0.00,10.00L15.00,20.00L10.00,2.00L5.00,20.00L20.00,10.00"]
            RenderPath {polyline} at (163.35,90.13) size 21.93x21.03 [stroke={[type=SOLID] [color=#CC0066]}] [fill={[type=SOLID] [color=#CC0066]}] [data="M20.00,10.00L0.00,10.00L15.00,20.00L10.00,2.00L5.00,20.00L20.00,10.00"]
            RenderSVGContainer {g} at (273.35,90.13) size 21.93x21.03 [transform={m=((1.00,0.00)(0.00,1.00)) t=(110.00,0.00)}]
              RenderPath {polyline} at (273.35,90.13) size 21.93x21.03 [stroke={[type=SOLID] [color=#CC0066]}] [fill={[type=SOLID] [color=#CC0066]}] [data="M20.00,10.00L0.00,10.00L15.00,20.00L10.00,2.00L5.00,20.00L20.00,10.00"]
            RenderSVGContainer {a} at (383.35,90.13) size 21.93x21.03 [transform={m=((1.00,0.00)(0.00,1.00)) t=(220.00,0.00)}]
              RenderPath {polyline} at (383.35,90.13) size 21.93x21.03 [stroke={[type=SOLID] [color=#CC0066]}] [fill={[type=SOLID] [color=#CC0066]}] [data="M20.00,10.00L0.00,10.00L15.00,20.00L10.00,2.00L5.00,20.00L20.00,10.00"]
          RenderSVGContainer {g} at (168,118) size 262x12 [transform={m=((1.00,0.00)(0.00,1.00)) t=(0.00,45.00)}]
            RenderSVGHiddenContainer {defs} at (0,0) size 0x0
              RenderSVGContainer {g} at (8,-2) size 42x12
                RenderPath {rect} at (8,-2) size 12x12 [stroke={[type=SOLID] [color=#CC0066] [stroke width=4.00]}] [data="M10.00,0.00L18.00,0.00L18.00,8.00L10.00,8.00"]
                RenderPath {rect} at (23,-2) size 12x12 [transform={m=((1.00,0.00)(0.00,1.00)) t=(15.00,0.00)}] [stroke={[type=SOLID] [color=#E65233] [stroke width=4.00]}] [data="M10.00,0.00L18.00,0.00L18.00,8.00L10.00,8.00"]
                RenderPath {rect} at (38,-2) size 12x12 [transform={m=((1.00,0.00)(0.00,1.00)) t=(30.00,0.00)}] [stroke={[type=SOLID] [color=#FFA500] [stroke width=4.00]}] [data="M10.00,0.00L18.00,0.00L18.00,8.00L10.00,8.00"]
            RenderSVGContainer {use} at (168,118) size 42x12
              RenderSVGContainer {g} at (168,118) size 42x12
                RenderSVGContainer {g} at (168,118) size 42x12
                  RenderPath {rect} at (168,118) size 12x12 [stroke={[type=SOLID] [color=#CC0066] [stroke width=4.00]}] [data="M10.00,0.00L18.00,0.00L18.00,8.00L10.00,8.00"]
                  RenderPath {rect} at (183,118) size 12x12 [transform={m=((1.00,0.00)(0.00,1.00)) t=(15.00,0.00)}] [stroke={[type=SOLID] [color=#E65233] [stroke width=4.00]}] [data="M10.00,0.00L18.00,0.00L18.00,8.00L10.00,8.00"]
                  RenderPath {rect} at (198,118) size 12x12 [transform={m=((1.00,0.00)(0.00,1.00)) t=(30.00,0.00)}] [stroke={[type=SOLID] [color=#FFA500] [stroke width=4.00]}] [data="M10.00,0.00L18.00,0.00L18.00,8.00L10.00,8.00"]
            RenderSVGContainer {use} at (278,118) size 42x12
              RenderSVGContainer {g} at (278,118) size 42x12 [transform={m=((1.00,0.00)(0.00,1.00)) t=(110.00,0.00)}]
                RenderSVGContainer {g} at (278,118) size 42x12
                  RenderPath {rect} at (278,118) size 12x12 [stroke={[type=SOLID] [color=#CC0066] [stroke width=4.00]}] [data="M10.00,0.00L18.00,0.00L18.00,8.00L10.00,8.00"]
                  RenderPath {rect} at (293,118) size 12x12 [transform={m=((1.00,0.00)(0.00,1.00)) t=(15.00,0.00)}] [stroke={[type=SOLID] [color=#E65233] [stroke width=4.00]}] [data="M10.00,0.00L18.00,0.00L18.00,8.00L10.00,8.00"]
                  RenderPath {rect} at (308,118) size 12x12 [transform={m=((1.00,0.00)(0.00,1.00)) t=(30.00,0.00)}] [stroke={[type=SOLID] [color=#FFA500] [stroke width=4.00]}] [data="M10.00,0.00L18.00,0.00L18.00,8.00L10.00,8.00"]
            RenderSVGContainer {use} at (388,118) size 42x12
              RenderSVGContainer {g} at (388,118) size 42x12 [transform={m=((1.00,0.00)(0.00,1.00)) t=(220.00,0.00)}]
                RenderSVGContainer {g} at (388,118) size 42x12
                  RenderPath {rect} at (388,118) size 12x12 [stroke={[type=SOLID] [color=#CC0066] [stroke width=4.00]}] [data="M10.00,0.00L18.00,0.00L18.00,8.00L10.00,8.00"]
                  RenderPath {rect} at (403,118) size 12x12 [transform={m=((1.00,0.00)(0.00,1.00)) t=(15.00,0.00)}] [stroke={[type=SOLID] [color=#E65233] [stroke width=4.00]}] [data="M10.00,0.00L18.00,0.00L18.00,8.00L10.00,8.00"]
                  RenderPath {rect} at (418,118) size 12x12 [transform={m=((1.00,0.00)(0.00,1.00)) t=(30.00,0.00)}] [stroke={[type=SOLID] [color=#FFA500] [stroke width=4.00]}] [data="M10.00,0.00L18.00,0.00L18.00,8.00L10.00,8.00"]
            RenderPath {rect} at (170,120) size 8x8 [data="M10.00,0.00L18.00,0.00L18.00,8.00L10.00,8.00"]
            RenderSVGContainer {g} at (280,120) size 8x8 [transform={m=((1.00,0.00)(0.00,1.00)) t=(110.00,0.00)}]
              RenderPath {rect} at (280,120) size 8x8 [data="M10.00,0.00L18.00,0.00L18.00,8.00L10.00,8.00"]
            RenderSVGContainer {a} at (390,120) size 8x8 [transform={m=((1.00,0.00)(0.00,1.00)) t=(220.00,0.00)}]
              RenderPath {rect} at (390,120) size 8x8 [data="M10.00,0.00L18.00,0.00L18.00,8.00L10.00,8.00"]
          RenderSVGContainer {g} at (170,135.50) size 260x8 [transform={m=((1.00,0.00)(0.00,1.00)) t=(0.00,60.00)}]
            RenderSVGHiddenContainer {defs} at (0,0) size 0x0
              RenderSVGContainer {g} at (10,0.50) size 40x5
                RenderPath {line} at (10,2.50) size 10x1 [stroke={[type=SOLID] [color=#808080]}] [fill={[type=SOLID] [color=#CC0066]}] [data="M10.00,3.00L20.00,3.00"]
                RenderPath {line} at (40,0.50) size 10x5 [transform={m=((1.00,0.00)(0.00,1.00)) t=(30.00,0.00)}] [stroke={[type=SOLID] [color=#808080] [stroke width=5.00]}] [fill={[type=SOLID] [color=#CC0066]}] [data="M10.00,3.00L20.00,3.00"]
            RenderSVGContainer {use} at (170,135.50) size 40x5
              RenderSVGContainer {g} at (170,135.50) size 40x5
                RenderSVGContainer {g} at (170,135.50) size 40x5
                  RenderPath {line} at (170,137.50) size 10x1 [stroke={[type=SOLID] [color=#808080]}] [fill={[type=SOLID] [color=#CC0066]}] [data="M10.00,3.00L20.00,3.00"]
                  RenderPath {line} at (200,135.50) size 10x5 [transform={m=((1.00,0.00)(0.00,1.00)) t=(30.00,0.00)}] [stroke={[type=SOLID] [color=#808080] [stroke width=5.00]}] [fill={[type=SOLID] [color=#CC0066]}] [data="M10.00,3.00L20.00,3.00"]
            RenderSVGContainer {use} at (280,135.50) size 40x5
              RenderSVGContainer {g} at (280,135.50) size 40x5 [transform={m=((1.00,0.00)(0.00,1.00)) t=(110.00,0.00)}]
                RenderSVGContainer {g} at (280,135.50) size 40x5
                  RenderPath {line} at (280,137.50) size 10x1 [stroke={[type=SOLID] [color=#808080]}] [fill={[type=SOLID] [color=#CC0066]}] [data="M10.00,3.00L20.00,3.00"]
                  RenderPath {line} at (310,135.50) size 10x5 [transform={m=((1.00,0.00)(0.00,1.00)) t=(30.00,0.00)}] [stroke={[type=SOLID] [color=#808080] [stroke width=5.00]}] [fill={[type=SOLID] [color=#CC0066]}] [data="M10.00,3.00L20.00,3.00"]
            RenderSVGContainer {use} at (390,135.50) size 40x5
              RenderSVGContainer {g} at (390,135.50) size 40x5 [transform={m=((1.00,0.00)(0.00,1.00)) t=(220.00,0.00)}]
                RenderSVGContainer {g} at (390,135.50) size 40x5
                  RenderPath {line} at (390,137.50) size 10x1 [stroke={[type=SOLID] [color=#808080]}] [fill={[type=SOLID] [color=#CC0066]}] [data="M10.00,3.00L20.00,3.00"]
                  RenderPath {line} at (420,135.50) size 10x5 [transform={m=((1.00,0.00)(0.00,1.00)) t=(30.00,0.00)}] [stroke={[type=SOLID] [color=#808080] [stroke width=5.00]}] [fill={[type=SOLID] [color=#CC0066]}] [data="M10.00,3.00L20.00,3.00"]
            RenderPath {line} at (170,142.50) size 10x1 [stroke={[type=SOLID] [color=#808080]}] [fill={[type=SOLID] [color=#CC0066]}] [data="M10.00,8.00L20.00,8.00"]
            RenderSVGContainer {g} at (280,142.50) size 10x1 [transform={m=((1.00,0.00)(0.00,1.00)) t=(110.00,0.00)}]
              RenderPath {line} at (280,142.50) size 10x1 [stroke={[type=SOLID] [color=#808080]}] [fill={[type=SOLID] [color=#CC0066]}] [data="M10.00,8.00L20.00,8.00"]
            RenderSVGContainer {a} at (390,142.50) size 10x1 [transform={m=((1.00,0.00)(0.00,1.00)) t=(220.00,0.00)}]
              RenderPath {line} at (390,142.50) size 10x1 [stroke={[type=SOLID] [color=#808080]}] [fill={[type=SOLID] [color=#CC0066]}] [data="M10.00,8.00L20.00,8.00"]
          RenderSVGContainer {g} at (170,157) size 258x12 [transform={m=((1.00,0.00)(0.00,1.00)) t=(0.00,80.00)}]
            RenderSVGHiddenContainer {defs} at (0,0) size 0x0
              RenderSVGContainer {g} at (10,2) size 38x12
                RenderPath {line} at (10,2) size 2x12 [stroke={[type=SOLID] [color=#CCCCCC] [stroke width=12.00]}] [fill={[type=SOLID] [color=#CC0066]}] [data="M10.00,8.00L12.00,8.00"]
                RenderPath {line} at (34,2) size 14x12 [transform={m=((1.00,0.00)(0.00,1.00)) t=(30.00,0.00)}] [stroke={[type=SOLID] [color=#CCCCCC] [stroke width=12.00] [line cap=ROUND]}] [fill={[type=SOLID] [color=#CC0066]}] [data="M10.00,8.00L12.00,8.00"]
            RenderSVGContainer {use} at (170,157) size 38x12
              RenderSVGContainer {g} at (170,157) size 38x12
                RenderSVGContainer {g} at (170,157) size 38x12
                  RenderPath {line} at (170,157) size 2x12 [stroke={[type=SOLID] [color=#CCCCCC] [stroke width=12.00]}] [fill={[type=SOLID] [color=#CC0066]}] [data="M10.00,8.00L12.00,8.00"]
                  RenderPath {line} at (194,157) size 14x12 [transform={m=((1.00,0.00)(0.00,1.00)) t=(30.00,0.00)}] [stroke={[type=SOLID] [color=#CCCCCC] [stroke width=12.00] [line cap=ROUND]}] [fill={[type=SOLID] [color=#CC0066]}] [data="M10.00,8.00L12.00,8.00"]
            RenderSVGContainer {use} at (280,157) size 38x12
              RenderSVGContainer {g} at (280,157) size 38x12 [transform={m=((1.00,0.00)(0.00,1.00)) t=(110.00,0.00)}]
                RenderSVGContainer {g} at (280,157) size 38x12
                  RenderPath {line} at (280,157) size 2x12 [stroke={[type=SOLID] [color=#CCCCCC] [stroke width=12.00]}] [fill={[type=SOLID] [color=#CC0066]}] [data="M10.00,8.00L12.00,8.00"]
                  RenderPath {line} at (304,157) size 14x12 [transform={m=((1.00,0.00)(0.00,1.00)) t=(30.00,0.00)}] [stroke={[type=SOLID] [color=#CCCCCC] [stroke width=12.00] [line cap=ROUND]}] [fill={[type=SOLID] [color=#CC0066]}] [data="M10.00,8.00L12.00,8.00"]
            RenderSVGContainer {use} at (390,157) size 38x12
              RenderSVGContainer {g} at (390,157) size 38x12 [transform={m=((1.00,0.00)(0.00,1.00)) t=(220.00,0.00)}]
                RenderSVGContainer {g} at (390,157) size 38x12
                  RenderPath {line} at (390,157) size 2x12 [stroke={[type=SOLID] [color=#CCCCCC] [stroke width=12.00]}] [fill={[type=SOLID] [color=#CC0066]}] [data="M10.00,8.00L12.00,8.00"]
                  RenderPath {line} at (414,157) size 14x12 [transform={m=((1.00,0.00)(0.00,1.00)) t=(30.00,0.00)}] [stroke={[type=SOLID] [color=#CCCCCC] [stroke width=12.00] [line cap=ROUND]}] [fill={[type=SOLID] [color=#CC0066]}] [data="M10.00,8.00L12.00,8.00"]
            RenderPath {line} at (170,157) size 2x12 [stroke={[type=SOLID] [color=#CC0066] [stroke width=12.00]}] [fill={[type=SOLID] [color=#CC0066]}] [data="M10.00,8.00L12.00,8.00"]
            RenderSVGContainer {g} at (280,157) size 2x12 [transform={m=((1.00,0.00)(0.00,1.00)) t=(110.00,0.00)}]
              RenderPath {line} at (280,157) size 2x12 [stroke={[type=SOLID] [color=#CC0066] [stroke width=12.00]}] [fill={[type=SOLID] [color=#CC0066]}] [data="M10.00,8.00L12.00,8.00"]
            RenderSVGContainer {a} at (390,157) size 2x12 [transform={m=((1.00,0.00)(0.00,1.00)) t=(220.00,0.00)}]
              RenderPath {line} at (390,157) size 2x12 [stroke={[type=SOLID] [color=#CC0066] [stroke width=12.00]}] [fill={[type=SOLID] [color=#CC0066]}] [data="M10.00,8.00L12.00,8.00"]
          RenderSVGContainer {g} at (169.71,175.53) size 265.59x8.94 [transform={m=((1.00,0.00)(0.00,1.00)) t=(5.00,100.00)}]
            RenderSVGHiddenContainer {defs} at (0,0) size 0x0
              RenderSVGContainer {g} at (4.71,0.53) size 45.59x8.94
                RenderPath {polyline} at (4.71,0.53) size 22.94x8.94 [stroke={[type=SOLID] [color=#CCCCCC] [stroke width=3.00] [miter limit=10.00]}] [data="M5.00,2.00L20.00,5.00L5.00,8.00"]
                RenderPath {polyline} at (34.71,0.53) size 15.59x8.94 [transform={m=((1.00,0.00)(0.00,1.00)) t=(30.00,0.00)}] [stroke={[type=SOLID] [color=#CCCCCC] [stroke width=3.00] [miter limit=10.00] [line join=BEVEL]}] [data="M5.00,2.00L20.00,5.00L5.00,8.00"]
            RenderSVGContainer {use} at (169.71,175.53) size 45.59x8.94
              RenderSVGContainer {g} at (169.71,175.53) size 45.59x8.94
                RenderSVGContainer {g} at (169.71,175.53) size 45.59x8.94
                  RenderPath {polyline} at (169.71,175.53) size 22.94x8.94 [stroke={[type=SOLID] [color=#CCCCCC] [stroke width=3.00] [miter limit=10.00]}] [data="M5.00,2.00L20.00,5.00L5.00,8.00"]
                  RenderPath {polyline} at (199.71,175.53) size 15.59x8.94 [transform={m=((1.00,0.00)(0.00,1.00)) t=(30.00,0.00)}] [stroke={[type=SOLID] [color=#CCCCCC] [stroke width=3.00] [miter limit=10.00] [line join=BEVEL]}] [data="M5.00,2.00L20.00,5.00L5.00,8.00"]
            RenderSVGContainer {use} at (279.71,175.53) size 45.59x8.94
              RenderSVGContainer {g} at (279.71,175.53) size 45.59x8.94 [transform={m=((1.00,0.00)(0.00,1.00)) t=(110.00,0.00)}]
                RenderSVGContainer {g} at (279.71,175.53) size 45.59x8.94
                  RenderPath {polyline} at (279.71,175.53) size 22.94x8.94 [stroke={[type=SOLID] [color=#CCCCCC] [stroke width=3.00] [miter limit=10.00]}] [data="M5.00,2.00L20.00,5.00L5.00,8.00"]
                  RenderPath {polyline} at (309.71,175.53) size 15.59x8.94 [transform={m=((1.00,0.00)(0.00,1.00)) t=(30.00,0.00)}] [stroke={[type=SOLID] [color=#CCCCCC] [stroke width=3.00] [miter limit=10.00] [line join=BEVEL]}] [data="M5.00,2.00L20.00,5.00L5.00,8.00"]
            RenderSVGContainer {use} at (389.71,175.53) size 45.59x8.94
              RenderSVGContainer {g} at (389.71,175.53) size 45.59x8.94 [transform={m=((1.00,0.00)(0.00,1.00)) t=(220.00,0.00)}]
                RenderSVGContainer {g} at (389.71,175.53) size 45.59x8.94
                  RenderPath {polyline} at (389.71,175.53) size 22.94x8.94 [stroke={[type=SOLID] [color=#CCCCCC] [stroke width=3.00] [miter limit=10.00]}] [data="M5.00,2.00L20.00,5.00L5.00,8.00"]
                  RenderPath {polyline} at (419.71,175.53) size 15.59x8.94 [transform={m=((1.00,0.00)(0.00,1.00)) t=(30.00,0.00)}] [stroke={[type=SOLID] [color=#CCCCCC] [stroke width=3.00] [miter limit=10.00] [line join=BEVEL]}] [data="M5.00,2.00L20.00,5.00L5.00,8.00"]
            RenderPath {polyline} at (169.71,175.53) size 22.94x8.94 [stroke={[type=SOLID] [color=#CC0066] [stroke width=3.00] [miter limit=10.00]}] [data="M5.00,2.00L20.00,5.00L5.00,8.00"]
            RenderSVGContainer {g} at (279.71,175.53) size 22.94x8.94 [transform={m=((1.00,0.00)(0.00,1.00)) t=(110.00,0.00)}]
              RenderPath {polyline} at (279.71,175.53) size 22.94x8.94 [stroke={[type=SOLID] [color=#CC0066] [stroke width=3.00] [miter limit=10.00]}] [data="M5.00,2.00L20.00,5.00L5.00,8.00"]
            RenderSVGContainer {a} at (389.71,175.53) size 22.94x8.94 [transform={m=((1.00,0.00)(0.00,1.00)) t=(220.00,0.00)}]
              RenderPath {polyline} at (389.71,175.53) size 22.94x8.94 [stroke={[type=SOLID] [color=#CC0066] [stroke width=3.00] [miter limit=10.00]}] [data="M5.00,2.00L20.00,5.00L5.00,8.00"]
          RenderSVGContainer {g} at (169.53,193.58) size 270.22x12.85 [transform={m=((1.00,0.00)(0.00,1.00)) t=(5.00,120.00)}]
            RenderSVGHiddenContainer {defs} at (0,0) size 0x0
              RenderSVGContainer {g} at (4.53,-1.42) size 50.22x12.85
                RenderPath {polyline} at (4.53,-1.42) size 15.95x12.85 [stroke={[type=SOLID] [color=#CCCCCC] [stroke width=3.00] [miter limit=1.00]}] [data="M5.00,0.00L20.00,5.00L5.00,10.00"]
                RenderPath {polyline} at (34.53,-1.42) size 20.22x12.85 [transform={m=((1.00,0.00)(0.00,1.00)) t=(30.00,0.00)}] [stroke={[type=SOLID] [color=#CCCCCC] [stroke width=3.00] [miter limit=10.00]}] [data="M5.00,0.00L20.00,5.00L5.00,10.00"]
            RenderSVGContainer {use} at (169.53,193.58) size 50.22x12.85
              RenderSVGContainer {g} at (169.53,193.58) size 50.22x12.85
                RenderSVGContainer {g} at (169.53,193.58) size 50.22x12.85
                  RenderPath {polyline} at (169.53,193.58) size 15.95x12.85 [stroke={[type=SOLID] [color=#CCCCCC] [stroke width=3.00] [miter limit=1.00]}] [data="M5.00,0.00L20.00,5.00L5.00,10.00"]
                  RenderPath {polyline} at (199.53,193.58) size 20.22x12.85 [transform={m=((1.00,0.00)(0.00,1.00)) t=(30.00,0.00)}] [stroke={[type=SOLID] [color=#CCCCCC] [stroke width=3.00] [miter limit=10.00]}] [data="M5.00,0.00L20.00,5.00L5.00,10.00"]
            RenderSVGContainer {use} at (279.53,193.58) size 50.22x12.85
              RenderSVGContainer {g} at (279.53,193.58) size 50.22x12.85 [transform={m=((1.00,0.00)(0.00,1.00)) t=(110.00,0.00)}]
                RenderSVGContainer {g} at (279.53,193.58) size 50.22x12.85
                  RenderPath {polyline} at (279.53,193.58) size 15.95x12.85 [stroke={[type=SOLID] [color=#CCCCCC] [stroke width=3.00] [miter limit=1.00]}] [data="M5.00,0.00L20.00,5.00L5.00,10.00"]
                  RenderPath {polyline} at (309.53,193.58) size 20.22x12.85 [transform={m=((1.00,0.00)(0.00,1.00)) t=(30.00,0.00)}] [stroke={[type=SOLID] [color=#CCCCCC] [stroke width=3.00] [miter limit=10.00]}] [data="M5.00,0.00L20.00,5.00L5.00,10.00"]
            RenderSVGContainer {use} at (389.53,193.58) size 50.22x12.85
              RenderSVGContainer {g} at (389.53,193.58) size 50.22x12.85 [transform={m=((1.00,0.00)(0.00,1.00)) t=(220.00,0.00)}]
                RenderSVGContainer {g} at (389.53,193.58) size 50.22x12.85
                  RenderPath {polyline} at (389.53,193.58) size 15.95x12.85 [stroke={[type=SOLID] [color=#CCCCCC] [stroke width=3.00] [miter limit=1.00]}] [data="M5.00,0.00L20.00,5.00L5.00,10.00"]
                  RenderPath {polyline} at (419.53,193.58) size 20.22x12.85 [transform={m=((1.00,0.00)(0.00,1.00)) t=(30.00,0.00)}] [stroke={[type=SOLID] [color=#CCCCCC] [stroke width=3.00] [miter limit=10.00]}] [data="M5.00,0.00L20.00,5.00L5.00,10.00"]
            RenderPath {polyline} at (169.53,193.58) size 15.95x12.85 [stroke={[type=SOLID] [color=#CC0066] [stroke width=3.00] [miter limit=1.00]}] [data="M5.00,0.00L20.00,5.00L5.00,10.00"]
            RenderSVGContainer {g} at (279.53,193.58) size 15.95x12.85 [transform={m=((1.00,0.00)(0.00,1.00)) t=(110.00,0.00)}]
              RenderPath {polyline} at (279.53,193.58) size 15.95x12.85 [stroke={[type=SOLID] [color=#CC0066] [stroke width=3.00] [miter limit=1.00]}] [data="M5.00,0.00L20.00,5.00L5.00,10.00"]
            RenderSVGContainer {a} at (389.53,193.58) size 15.95x12.85 [transform={m=((1.00,0.00)(0.00,1.00)) t=(220.00,0.00)}]
              RenderPath {polyline} at (389.53,193.58) size 15.95x12.85 [stroke={[type=SOLID] [color=#CC0066] [stroke width=3.00] [miter limit=1.00]}] [data="M5.00,0.00L20.00,5.00L5.00,10.00"]
          RenderSVGContainer {g} at (155,218.50) size 281.50x3 [transform={m=((1.00,0.00)(0.00,1.00)) t=(-5.00,145.00)}]
            RenderSVGHiddenContainer {defs} at (0,0) size 0x0
              RenderSVGContainer {g} at (0,-1.50) size 61.50x3
                RenderPath {line} at (0,-1.50) size 25x3 [stroke={[type=SOLID] [color=#CCCCCC] [stroke width=3.00] [dash array={3.00, 4.00, 5.00}]}] [fill={[type=SOLID] [color=#CC0066]}] [data="M0.00,0.00L25.00,0.00"]
                RenderPath {line} at (41.50,-1.50) size 20x3 [transform={m=((1.00,0.00)(0.00,1.00)) t=(40.00,0.00)}] [stroke={[type=SOLID] [color=#CCCCCC] [stroke width=3.00] [dash offset=5.50] [dash array={3.00, 4.00, 5.00}]}] [fill={[type=SOLID] [color=#CC0066]}] [data="M0.00,0.00L25.00,0.00"]
            RenderSVGContainer {use} at (155,218.50) size 61.50x3
              RenderSVGContainer {g} at (155,218.50) size 61.50x3
                RenderSVGContainer {g} at (155,218.50) size 61.50x3
                  RenderPath {line} at (155,218.50) size 25x3 [stroke={[type=SOLID] [color=#CCCCCC] [stroke width=3.00] [dash array={3.00, 4.00, 5.00}]}] [fill={[type=SOLID] [color=#CC0066]}] [data="M0.00,0.00L25.00,0.00"]
                  RenderPath {line} at (196.50,218.50) size 20x3 [transform={m=((1.00,0.00)(0.00,1.00)) t=(40.00,0.00)}] [stroke={[type=SOLID] [color=#CCCCCC] [stroke width=3.00] [dash offset=5.50] [dash array={3.00, 4.00, 5.00}]}] [fill={[type=SOLID] [color=#CC0066]}] [data="M0.00,0.00L25.00,0.00"]
            RenderSVGContainer {use} at (265,218.50) size 61.50x3
              RenderSVGContainer {g} at (265,218.50) size 61.50x3 [transform={m=((1.00,0.00)(0.00,1.00)) t=(110.00,0.00)}]
                RenderSVGContainer {g} at (265,218.50) size 61.50x3
                  RenderPath {line} at (265,218.50) size 25x3 [stroke={[type=SOLID] [color=#CCCCCC] [stroke width=3.00] [dash array={3.00, 4.00, 5.00}]}] [fill={[type=SOLID] [color=#CC0066]}] [data="M0.00,0.00L25.00,0.00"]
                  RenderPath {line} at (306.50,218.50) size 20x3 [transform={m=((1.00,0.00)(0.00,1.00)) t=(40.00,0.00)}] [stroke={[type=SOLID] [color=#CCCCCC] [stroke width=3.00] [dash offset=5.50] [dash array={3.00, 4.00, 5.00}]}] [fill={[type=SOLID] [color=#CC0066]}] [data="M0.00,0.00L25.00,0.00"]
            RenderSVGContainer {use} at (375,218.50) size 61.50x3
              RenderSVGContainer {g} at (375,218.50) size 61.50x3 [transform={m=((1.00,0.00)(0.00,1.00)) t=(220.00,0.00)}]
                RenderSVGContainer {g} at (375,218.50) size 61.50x3
                  RenderPath {line} at (375,218.50) size 25x3 [stroke={[type=SOLID] [color=#CCCCCC] [stroke width=3.00] [dash array={3.00, 4.00, 5.00}]}] [fill={[type=SOLID] [color=#CC0066]}] [data="M0.00,0.00L25.00,0.00"]
                  RenderPath {line} at (416.50,218.50) size 20x3 [transform={m=((1.00,0.00)(0.00,1.00)) t=(40.00,0.00)}] [stroke={[type=SOLID] [color=#CCCCCC] [stroke width=3.00] [dash offset=5.50] [dash array={3.00, 4.00, 5.00}]}] [fill={[type=SOLID] [color=#CC0066]}] [data="M0.00,0.00L25.00,0.00"]
            RenderPath {line} at (155,218.50) size 25x3 [stroke={[type=SOLID] [color=#CC0066] [stroke width=3.00] [dash array={3.00, 4.00, 5.00}]}] [fill={[type=SOLID] [color=#CC0066]}] [data="M0.00,0.00L25.00,0.00"]
            RenderSVGContainer {g} at (265,218.50) size 25x3 [transform={m=((1.00,0.00)(0.00,1.00)) t=(110.00,0.00)}]
              RenderPath {line} at (265,218.50) size 25x3 [stroke={[type=SOLID] [color=#CC0066] [stroke width=3.00] [dash array={3.00, 4.00, 5.00}]}] [fill={[type=SOLID] [color=#CC0066]}] [data="M0.00,0.00L25.00,0.00"]
            RenderSVGContainer {a} at (375,218.50) size 25x3 [transform={m=((1.00,0.00)(0.00,1.00)) t=(220.00,0.00)}]
              RenderPath {line} at (375,218.50) size 25x3 [stroke={[type=SOLID] [color=#CC0066] [stroke width=3.00] [dash array={3.00, 4.00, 5.00}]}] [fill={[type=SOLID] [color=#CC0066]}] [data="M0.00,0.00L25.00,0.00"]
          RenderSVGContainer {g} at (170,235) size 228x8 [transform={m=((1.00,0.00)(0.00,1.00)) t=(0.00,160.00)}]
            RenderSVGHiddenContainer {defs} at (0,0) size 0x0
              RenderSVGContainer {g} at (10,0) size 8x8
                RenderPath {rect} at (10,0) size 8x8 [fill={[type=SOLID] [color=#CCCCCC]}] [data="M10.00,0.00L18.00,0.00L18.00,8.00L10.00,8.00"]
            RenderSVGContainer {use} at (170,235) size 8x8
              RenderSVGContainer {g} at (170,235) size 8x8
                RenderSVGContainer {g} at (170,235) size 8x8
                  RenderPath {rect} at (170,235) size 8x8 [fill={[type=SOLID] [color=#CCCCCC]}] [data="M10.00,0.00L18.00,0.00L18.00,8.00L10.00,8.00"]
            RenderSVGContainer {use} at (280,235) size 8x8
              RenderSVGContainer {g} at (280,235) size 8x8 [transform={m=((1.00,0.00)(0.00,1.00)) t=(110.00,0.00)}]
                RenderSVGContainer {g} at (280,235) size 8x8
                  RenderPath {rect} at (280,235) size 8x8 [fill={[type=SOLID] [color=#CCCCCC]}] [data="M10.00,0.00L18.00,0.00L18.00,8.00L10.00,8.00"]
            RenderSVGContainer {use} at (390,235) size 8x8
              RenderSVGContainer {g} at (390,235) size 8x8 [transform={m=((1.00,0.00)(0.00,1.00)) t=(220.00,0.00)}]
                RenderSVGContainer {g} at (390,235) size 8x8
                  RenderPath {rect} at (390,235) size 8x8 [fill={[type=SOLID] [color=#CCCCCC]}] [data="M10.00,0.00L18.00,0.00L18.00,8.00L10.00,8.00"]
            RenderPath {rect} at (170,235) size 8x8 [fill={[type=SOLID] [color=#CC0066]}] [data="M10.00,0.00L18.00,0.00L18.00,8.00L10.00,8.00"]
            RenderSVGContainer {g} at (280,235) size 8x8 [transform={m=((1.00,0.00)(0.00,1.00)) t=(110.00,0.00)}]
              RenderPath {rect} at (280,235) size 8x8 [fill={[type=SOLID] [color=#CC0066]}] [data="M10.00,0.00L18.00,0.00L18.00,8.00L10.00,8.00"]
            RenderSVGContainer {a} at (390,235) size 8x8 [transform={m=((1.00,0.00)(0.00,1.00)) t=(220.00,0.00)}]
              RenderPath {rect} at (390,235) size 8x8 [fill={[type=SOLID] [color=#CC0066]}] [data="M10.00,0.00L18.00,0.00L18.00,8.00L10.00,8.00"]
          RenderSVGContainer {g} at (170,255) size 258x8 [transform={m=((1.00,0.00)(0.00,1.00)) t=(0.00,180.00)}]
            RenderSVGHiddenContainer {defs} at (0,0) size 0x0
              RenderSVGContainer {g} at (10,0) size 38x8
                RenderPath {rect} at (10,0) size 8x8 [fill={[type=SOLID] [color=#CCCCCC]}] [data="M10.00,0.00L18.00,0.00L18.00,8.00L10.00,8.00"]
                RenderPath {rect} at (40,0) size 8x8 [transform={m=((1.00,0.00)(0.00,1.00)) t=(30.00,0.00)}] [fill={[type=SOLID] [color=#CCCCCC]}] [data="M10.00,0.00L18.00,0.00L18.00,8.00L10.00,8.00"]
            RenderSVGContainer {use} at (170,255) size 38x8
              RenderSVGContainer {g} at (170,255) size 38x8
                RenderSVGContainer {g} at (170,255) size 38x8
                  RenderPath {rect} at (170,255) size 8x8 [fill={[type=SOLID] [color=#CCCCCC]}] [data="M10.00,0.00L18.00,0.00L18.00,8.00L10.00,8.00"]
                  RenderPath {rect} at (200,255) size 8x8 [transform={m=((1.00,0.00)(0.00,1.00)) t=(30.00,0.00)}] [fill={[type=SOLID] [color=#CCCCCC]}] [data="M10.00,0.00L18.00,0.00L18.00,8.00L10.00,8.00"]
            RenderSVGContainer {use} at (280,255) size 38x8
              RenderSVGContainer {g} at (280,255) size 38x8 [transform={m=((1.00,0.00)(0.00,1.00)) t=(110.00,0.00)}]
                RenderSVGContainer {g} at (280,255) size 38x8
                  RenderPath {rect} at (280,255) size 8x8 [fill={[type=SOLID] [color=#CCCCCC]}] [data="M10.00,0.00L18.00,0.00L18.00,8.00L10.00,8.00"]
                  RenderPath {rect} at (310,255) size 8x8 [transform={m=((1.00,0.00)(0.00,1.00)) t=(30.00,0.00)}] [fill={[type=SOLID] [color=#CCCCCC]}] [data="M10.00,0.00L18.00,0.00L18.00,8.00L10.00,8.00"]
            RenderSVGContainer {use} at (390,255) size 38x8
              RenderSVGContainer {g} at (390,255) size 38x8 [transform={m=((1.00,0.00)(0.00,1.00)) t=(220.00,0.00)}]
                RenderSVGContainer {g} at (390,255) size 38x8
                  RenderPath {rect} at (390,255) size 8x8 [fill={[type=SOLID] [color=#CCCCCC]}] [data="M10.00,0.00L18.00,0.00L18.00,8.00L10.00,8.00"]
                  RenderPath {rect} at (420,255) size 8x8 [transform={m=((1.00,0.00)(0.00,1.00)) t=(30.00,0.00)}] [fill={[type=SOLID] [color=#CCCCCC]}] [data="M10.00,0.00L18.00,0.00L18.00,8.00L10.00,8.00"]
            RenderPath {rect} at (170,255) size 8x8 [fill={[type=SOLID] [color=#CC0066]}] [data="M10.00,0.00L18.00,0.00L18.00,8.00L10.00,8.00"]
            RenderSVGContainer {g} at (280,255) size 8x8 [transform={m=((1.00,0.00)(0.00,1.00)) t=(110.00,0.00)}]
              RenderPath {rect} at (280,255) size 8x8 [fill={[type=SOLID] [color=#CC0066]}] [data="M10.00,0.00L18.00,0.00L18.00,8.00L10.00,8.00"]
            RenderSVGContainer {a} at (390,255) size 8x8 [transform={m=((1.00,0.00)(0.00,1.00)) t=(220.00,0.00)}]
              RenderPath {rect} at (390,255) size 8x8 [fill={[type=SOLID] [color=#CC0066]}] [data="M10.00,0.00L18.00,0.00L18.00,8.00L10.00,8.00"]
          RenderSVGContainer {g} at (170,269) size 258x14 [transform={m=((1.00,0.00)(0.00,1.00)) t=(0.00,200.00)}]
            RenderSVGHiddenContainer {defs} at (0,0) size 0x0
              RenderSVGContainer {g} at (10,-6) size 38x4
                RenderPath {rect} at (10,-6) size 8x4 [fill={[type=SOLID] [color=#CC0066]}] [data="M10.00,-6.00L18.00,-6.00L18.00,-2.00L10.00,-2.00"]
                RenderPath {rect} at (25,-6) size 8x4 [transform={m=((1.00,0.00)(0.00,1.00)) t=(15.00,0.00)}] [fill={[type=SOLID] [color=#E65233]}] [data="M10.00,-6.00L18.00,-6.00L18.00,-2.00L10.00,-2.00"]
                RenderPath {rect} at (40,-6) size 8x4 [transform={m=((1.00,0.00)(0.00,1.00)) t=(30.00,0.00)}] [fill={[type=SOLID] [color=#FFA500]}] [data="M10.00,-6.00L18.00,-6.00L18.00,-2.00L10.00,-2.00"]
            RenderSVGContainer {use} at (170,269) size 38x4
              RenderSVGContainer {g} at (170,269) size 38x4
                RenderSVGContainer {g} at (170,269) size 38x4
                  RenderPath {rect} at (170,269) size 8x4 [fill={[type=SOLID] [color=#CC0066]}] [data="M10.00,-6.00L18.00,-6.00L18.00,-2.00L10.00,-2.00"]
                  RenderPath {rect} at (185,269) size 8x4 [transform={m=((1.00,0.00)(0.00,1.00)) t=(15.00,0.00)}] [fill={[type=SOLID] [color=#E65233]}] [data="M10.00,-6.00L18.00,-6.00L18.00,-2.00L10.00,-2.00"]
                  RenderPath {rect} at (200,269) size 8x4 [transform={m=((1.00,0.00)(0.00,1.00)) t=(30.00,0.00)}] [fill={[type=SOLID] [color=#FFA500]}] [data="M10.00,-6.00L18.00,-6.00L18.00,-2.00L10.00,-2.00"]
            RenderSVGContainer {use} at (280,269) size 38x4
              RenderSVGContainer {g} at (280,269) size 38x4 [transform={m=((1.00,0.00)(0.00,1.00)) t=(110.00,0.00)}]
                RenderSVGContainer {g} at (280,269) size 38x4
                  RenderPath {rect} at (280,269) size 8x4 [fill={[type=SOLID] [color=#CC0066]}] [data="M10.00,-6.00L18.00,-6.00L18.00,-2.00L10.00,-2.00"]
                  RenderPath {rect} at (295,269) size 8x4 [transform={m=((1.00,0.00)(0.00,1.00)) t=(15.00,0.00)}] [fill={[type=SOLID] [color=#E65233]}] [data="M10.00,-6.00L18.00,-6.00L18.00,-2.00L10.00,-2.00"]
                  RenderPath {rect} at (310,269) size 8x4 [transform={m=((1.00,0.00)(0.00,1.00)) t=(30.00,0.00)}] [fill={[type=SOLID] [color=#FFA500]}] [data="M10.00,-6.00L18.00,-6.00L18.00,-2.00L10.00,-2.00"]
            RenderSVGContainer {use} at (390,269) size 38x4
              RenderSVGContainer {g} at (390,269) size 38x4 [transform={m=((1.00,0.00)(0.00,1.00)) t=(220.00,0.00)}]
                RenderSVGContainer {g} at (390,269) size 38x4
                  RenderPath {rect} at (390,269) size 8x4 [fill={[type=SOLID] [color=#CC0066]}] [data="M10.00,-6.00L18.00,-6.00L18.00,-2.00L10.00,-2.00"]
                  RenderPath {rect} at (405,269) size 8x4 [transform={m=((1.00,0.00)(0.00,1.00)) t=(15.00,0.00)}] [fill={[type=SOLID] [color=#E65233]}] [data="M10.00,-6.00L18.00,-6.00L18.00,-2.00L10.00,-2.00"]
                  RenderPath {rect} at (420,269) size 8x4 [transform={m=((1.00,0.00)(0.00,1.00)) t=(30.00,0.00)}] [fill={[type=SOLID] [color=#FFA500]}] [data="M10.00,-6.00L18.00,-6.00L18.00,-2.00L10.00,-2.00"]
            RenderPath {rect} at (170,275) size 8x8 [fill={[type=SOLID] [color=#CC0066]}] [data="M10.00,0.00L18.00,0.00L18.00,8.00L10.00,8.00"]
            RenderSVGContainer {g} at (280,275) size 8x8 [transform={m=((1.00,0.00)(0.00,1.00)) t=(110.00,0.00)}]
              RenderPath {rect} at (280,275) size 8x8 [fill={[type=SOLID] [color=#CC0066]}] [data="M10.00,0.00L18.00,0.00L18.00,8.00L10.00,8.00"]
            RenderSVGContainer {a} at (390,275) size 8x8 [transform={m=((1.00,0.00)(0.00,1.00)) t=(220.00,0.00)}]
              RenderPath {rect} at (390,275) size 8x8 [fill={[type=SOLID] [color=#CC0066]}] [data="M10.00,0.00L18.00,0.00L18.00,8.00L10.00,8.00"]
      RenderSVGText {text} at (10,340) size 480x46
        RenderSVGInlineText {#text} at (0,-36) size 264x46
          text run at (0,-36) width 264: "$Revision: 1.9 $"
      RenderPath {rect} at (0.50,0.50) size 479x359 [stroke={[type=SOLID] [color=#000000]}] [data="M1.00,1.00L479.00,1.00L479.00,359.00L1.00,359.00"]
