layer at (0,0) size 480x360
  RenderView at (0,0) size 480x360
    RenderSVGContainer {svg} at (0.50,0.50) size 479x359
      RenderSVGText {text} at (10,340) size 480x46
        RenderSVGInlineText {#text} at (0,-36) size 264x46
          text run at (0,-36) width 264: "$Revision: 1.7 $"
      RenderPath {rect} at (0.50,0.50) size 479x359 [stroke={[type=SOLID] [color=#000000]}] [data="M1.00,1.00L479.00,1.00L479.00,359.00L1.00,359.00"]
      RenderSVGText {text} at (240,25) size 480x18
        RenderSVGInlineText {#text} at (-66,-14) size 133x18
          text run at (-66,-14) width 133: "<animateTransform>"
      RenderSVGHiddenContainer {defs} at (0,0) size 0x0
        RenderSVGContainer {g} at (-45,-45) size 90x90
          RenderPath {circle} at (-41.00,-41.00) size 82.00x82.00 [stroke={[type=SOLID] [color=#C0C0C0] [stroke width=2.00]}] [data="M40.00,0.00L39.92,2.51L39.68,5.01L39.29,7.50L38.74,9.95L38.04,12.36L37.19,14.72L36.19,17.03L35.05,19.27L33.77,21.43L32.36,23.51L30.82,25.50L29.16,27.38L27.38,29.16L25.50,30.82L23.51,32.36L21.43,33.77L19.27,35.05L17.03,36.19L14.72,37.19L12.36,38.04L9.95,38.74L7.50,39.29L5.01,39.68L2.51,39.92L-0.00,40.00L-2.51,39.92L-5.01,39.68L-7.50,39.29L-9.95,38.74L-12.36,38.04L-14.72,37.19L-17.03,36.19L-19.27,35.05L-21.43,33.77L-23.51,32.36L-25.50,30.82L-27.38,29.16L-29.16,27.38L-30.82,25.50L-32.36,23.51L-33.77,21.43L-35.05,19.27L-36.19,17.03L-37.19,14.72L-38.04,12.36L-38.74,9.95L-39.29,7.50L-39.68,5.01L-39.92,2.51L-40.00,-0.00L-39.92,-2.51L-39.68,-5.01L-39.29,-7.50L-38.74,-9.95L-38.04,-12.36L-37.19,-14.72L-36.19,-17.03L-35.05,-19.27L-33.77,-21.43L-32.36,-23.51L-30.82,-25.50L-29.16,-27.38L-27.38,-29.16L-25.50,-30.82L-23.51,-32.36L-21.43,-33.77L-19.27,-35.05L-17.03,-36.19L-14.72,-37.19L-12.36,-38.04L-9.95,-38.74L-7.50,-39.29L-5.01,-39.68L-2.51,-39.92L0.00,-40.00L2.51,-39.92L5.01,-39.68L7.50,-39.29L9.95,-38.74L12.36,-38.04L14.72,-37.19L17.03,-36.19L19.27,-35.05L21.43,-33.77L23.51,-32.36L25.50,-30.82L27.38,-29.16L29.16,-27.38L30.82,-25.50L32.36,-23.51L33.77,-21.43L35.05,-19.27L36.19,-17.03L37.19,-14.72L38.04,-12.36L38.74,-9.95L39.29,-7.50L39.68,-5.01L39.92,-2.51"]
          RenderPath {line} at (-45,-0.50) size 90x1 [stroke={[type=SOLID] [color=#C0C0C0]}] [data="M-45.00,0.00L45.00,0.00"]
          RenderPath {line} at (-0.50,-45) size 1x90 [stroke={[type=SOLID] [color=#C0C0C0]}] [data="M0.00,-45.00L0.00,45.00"]
      RenderSVGContainer {g} at (15,45) size 447.00x254
        RenderSVGContainer {g} at (15,45) size 90x109 [transform={m=((1.00,0.00)(0.00,1.00)) t=(60.00,90.00)}]
          RenderSVGContainer {use} at (15,45) size 90x90
            RenderSVGContainer {g} at (15,45) size 90x90
              RenderSVGContainer {g} at (15,45) size 90x90
                RenderPath {circle} at (19.00,49.00) size 82.00x82.00 [stroke={[type=SOLID] [color=#C0C0C0] [stroke width=2.00]}] [data="M40.00,0.00L39.92,2.51L39.68,5.01L39.29,7.50L38.74,9.95L38.04,12.36L37.19,14.72L36.19,17.03L35.05,19.27L33.77,21.43L32.36,23.51L30.82,25.50L29.16,27.38L27.38,29.16L25.50,30.82L23.51,32.36L21.43,33.77L19.27,35.05L17.03,36.19L14.72,37.19L12.36,38.04L9.95,38.74L7.50,39.29L5.01,39.68L2.51,39.92L-0.00,40.00L-2.51,39.92L-5.01,39.68L-7.50,39.29L-9.95,38.74L-12.36,38.04L-14.72,37.19L-17.03,36.19L-19.27,35.05L-21.43,33.77L-23.51,32.36L-25.50,30.82L-27.38,29.16L-29.16,27.38L-30.82,25.50L-32.36,23.51L-33.77,21.43L-35.05,19.27L-36.19,17.03L-37.19,14.72L-38.04,12.36L-38.74,9.95L-39.29,7.50L-39.68,5.01L-39.92,2.51L-40.00,-0.00L-39.92,-2.51L-39.68,-5.01L-39.29,-7.50L-38.74,-9.95L-38.04,-12.36L-37.19,-14.72L-36.19,-17.03L-35.05,-19.27L-33.77,-21.43L-32.36,-23.51L-30.82,-25.50L-29.16,-27.38L-27.38,-29.16L-25.50,-30.82L-23.51,-32.36L-21.43,-33.77L-19.27,-35.05L-17.03,-36.19L-14.72,-37.19L-12.36,-38.04L-9.95,-38.74L-7.50,-39.29L-5.01,-39.68L-2.51,-39.92L0.00,-40.00L2.51,-39.92L5.01,-39.68L7.50,-39.29L9.95,-38.74L12.36,-38.04L14.72,-37.19L17.03,-36.19L19.27,-35.05L21.43,-33.77L23.51,-32.36L25.50,-30.82L27.38,-29.16L29.16,-27.38L30.82,-25.50L32.36,-23.51L33.77,-21.43L35.05,-19.27L36.19,-17.03L37.19,-14.72L38.04,-12.36L38.74,-9.95L39.29,-7.50L39.68,-5.01L39.92,-2.51"]
                RenderPath {line} at (15,89.50) size 90x1 [stroke={[type=SOLID] [color=#C0C0C0]}] [data="M-45.00,0.00L45.00,0.00"]
                RenderPath {line} at (59.50,45) size 1x90 [stroke={[type=SOLID] [color=#C0C0C0]}] [data="M0.00,-45.00L0.00,45.00"]
          RenderPath {line} at (60,90) size 0x0 [stroke={[type=SOLID] [color=#C0C0C0] [stroke width=15.00] [line cap=ROUND]}] [fill={[type=SOLID] [color=#000000]}] [data=""]
          RenderPath {line} at (60,90) size 0x0 [transform={m=((-0.00,1.00)(-1.00,-0.00)) t=(0.00,0.00)}] [stroke={[type=SOLID] [color=#C0C0C0] [stroke width=15.00] [line cap=ROUND]}] [fill={[type=SOLID] [color=#000000]}] [data=""]
          RenderPath {line} at (60,90) size 0x0 [transform={m=((-1.00,-0.00)(0.00,-1.00)) t=(0.00,0.00)}] [stroke={[type=SOLID] [color=#C0C0C0] [stroke width=15.00] [line cap=ROUND]}] [fill={[type=SOLID] [color=#000000]}] [data=""]
          RenderPath {line} at (60,90) size 0x0 [transform={m=((0.00,-1.00)(1.00,0.00)) t=(0.00,0.00)}] [stroke={[type=SOLID] [color=#C0C0C0] [stroke width=15.00] [line cap=ROUND]}] [fill={[type=SOLID] [color=#000000]}] [data=""]
          RenderPath {line} at (55,85) size 50x10 [stroke={[type=SOLID] [color=#C85050] [stroke width=10.00] [line cap=ROUND]}] [fill={[type=SOLID] [color=#000000]}] [data="M0.00,0.00L40.00,0.00"]
          RenderSVGText {text} at (0,60) size 480x18
            RenderSVGInlineText {#text} at (-35,-14) size 71x18
              text run at (-35,-14) width 71: "type=rotate"
        RenderSVGContainer {g} at (125,62.50) size 110x91.50 [transform={m=((1.00,0.00)(0.00,1.00)) t=(180.00,110.00)}]
          RenderPath {line} at (172.50,62.50) size 15x55 [stroke={[type=SOLID] [color=#C0C0C0] [stroke width=15.00] [line cap=ROUND]}] [fill={[type=SOLID] [color=#000000]}] [data="M0.00,0.00L0.00,-40.00"]
          RenderPath {line} at (125,62.50) size 70x55 [transform={m=((1.00,0.00)(1.00,1.00)) t=(0.00,0.00)}] [stroke={[type=SOLID] [color=#C0C0C0] [stroke width=15.00] [line cap=ROUND]}] [fill={[type=SOLID] [color=#000000]}] [data="M0.00,0.00L0.00,-40.00"]
          RenderPath {line} at (165,62.50) size 70x55 [transform={m=((1.00,0.00)(-1.00,1.00)) t=(0.00,0.00)}] [stroke={[type=SOLID] [color=#C0C0C0] [stroke width=15.00] [line cap=ROUND]}] [fill={[type=SOLID] [color=#000000]}] [data="M0.00,0.00L0.00,-40.00"]
          RenderPath {line} at (175,65) size 10x50 [stroke={[type=SOLID] [color=#C85050] [stroke width=10.00] [line cap=ROUND]}] [fill={[type=SOLID] [color=#000000]}] [data="M0.00,0.00L0.00,-40.00"]
          RenderSVGText {text} at (0,40) size 480x18
            RenderSVGInlineText {#text} at (-40,-14) size 81x18
              text run at (-40,-14) width 81: "type=skewX"
        RenderSVGContainer {g} at (260,55.08) size 81x98.92 [transform={m=((1.00,0.00)(0.00,1.00)) t=(300.00,90.00)}]
          RenderSVGContainer {g} at (267.50,55.08) size 55x69.85 [transform={m=((1.00,0.00)(0.00,1.00)) t=(15.00,0.00)}]
            RenderPath {line} at (267.50,82.50) size 55x15 [stroke={[type=SOLID] [color=#C0C0C0] [stroke width=15.00] [line cap=ROUND]}] [fill={[type=SOLID] [color=#000000]}] [data="M0.00,0.00L-40.00,0.00"]
            RenderPath {line} at (267.50,55.08) size 55x46.75 [transform={m=((1.00,0.58)(0.00,1.00)) t=(0.00,0.00)}] [stroke={[type=SOLID] [color=#C0C0C0] [stroke width=15.00] [line cap=ROUND]}] [fill={[type=SOLID] [color=#000000]}] [data="M0.00,0.00L-40.00,0.00"]
            RenderPath {line} at (267.50,78.17) size 55x46.75 [transform={m=((1.00,-0.58)(0.00,1.00)) t=(0.00,0.00)}] [stroke={[type=SOLID] [color=#C0C0C0] [stroke width=15.00] [line cap=ROUND]}] [fill={[type=SOLID] [color=#000000]}] [data="M0.00,0.00L-40.00,0.00"]
            RenderPath {line} at (270,85) size 50x10 [stroke={[type=SOLID] [color=#C85050] [stroke width=10.00] [line cap=ROUND]}] [fill={[type=SOLID] [color=#000000]}] [data="M0.00,0.00L-40.00,0.00"]
          RenderSVGText {text} at (0,60) size 480x18
            RenderSVGInlineText {#text} at (-40,-14) size 81x18
              text run at (-40,-14) width 81: "type=skewY"
        RenderSVGContainer {g} at (378.00,48.00) size 84.00x121.00 [transform={m=((1.00,0.00)(0.00,1.00)) t=(420.00,90.00)}]
          RenderPath {circle} at (378.00,48.00) size 84.00x84.00 [stroke={[type=SOLID] [color=#C0C0C0] [stroke width=4.00]}] [data="M40.00,0.00L39.92,2.51L39.68,5.01L39.29,7.50L38.74,9.95L38.04,12.36L37.19,14.72L36.19,17.03L35.05,19.27L33.77,21.43L32.36,23.51L30.82,25.50L29.16,27.38L27.38,29.16L25.50,30.82L23.51,32.36L21.43,33.77L19.27,35.05L17.03,36.19L14.72,37.19L12.36,38.04L9.95,38.74L7.50,39.29L5.01,39.68L2.51,39.92L-0.00,40.00L-2.51,39.92L-5.01,39.68L-7.50,39.29L-9.95,38.74L-12.36,38.04L-14.72,37.19L-17.03,36.19L-19.27,35.05L-21.43,33.77L-23.51,32.36L-25.50,30.82L-27.38,29.16L-29.16,27.38L-30.82,25.50L-32.36,23.51L-33.77,21.43L-35.05,19.27L-36.19,17.03L-37.19,14.72L-38.04,12.36L-38.74,9.95L-39.29,7.50L-39.68,5.01L-39.92,2.51L-40.00,-0.00L-39.92,-2.51L-39.68,-5.01L-39.29,-7.50L-38.74,-9.95L-38.04,-12.36L-37.19,-14.72L-36.19,-17.03L-35.05,-19.27L-33.77,-21.43L-32.36,-23.51L-30.82,-25.50L-29.16,-27.38L-27.38,-29.16L-25.50,-30.82L-23.51,-32.36L-21.43,-33.77L-19.27,-35.05L-17.03,-36.19L-14.72,-37.19L-12.36,-38.04L-9.95,-38.74L-7.50,-39.29L-5.01,-39.68L-2.51,-39.92L0.00,-40.00L2.51,-39.92L5.01,-39.68L7.50,-39.29L9.95,-38.74L12.36,-38.04L14.72,-37.19L17.03,-36.19L19.27,-35.05L21.43,-33.77L23.51,-32.36L25.50,-30.82L27.38,-29.16L29.16,-27.38L30.82,-25.50L32.36,-23.51L33.77,-21.43L35.05,-19.27L36.19,-17.03L37.19,-14.72L38.04,-12.36L38.74,-9.95L39.29,-7.50L39.68,-5.01L39.92,-2.51"]
          RenderPath {circle} at (388.00,58.00) size 64.00x64.00 [stroke={[type=SOLID] [color=#C0C0C0] [stroke width=4.00]}] [data="M30.00,0.00L29.94,1.88L29.76,3.76L29.47,5.62L29.06,7.46L28.53,9.27L27.89,11.04L27.14,12.77L26.29,14.45L25.33,16.07L24.27,17.63L23.12,19.12L21.87,20.54L20.54,21.87L19.12,23.12L17.63,24.27L16.07,25.33L14.45,26.29L12.77,27.14L11.04,27.89L9.27,28.53L7.46,29.06L5.62,29.47L3.76,29.76L1.88,29.94L-0.00,30.00L-1.88,29.94L-3.76,29.76L-5.62,29.47L-7.46,29.06L-9.27,28.53L-11.04,27.89L-12.77,27.14L-14.45,26.29L-16.07,25.33L-17.63,24.27L-19.12,23.12L-20.54,21.87L-21.87,20.54L-23.12,19.12L-24.27,17.63L-25.33,16.07L-26.29,14.45L-27.14,12.77L-27.89,11.04L-28.53,9.27L-29.06,7.46L-29.47,5.62L-29.76,3.76L-29.94,1.88L-30.00,-0.00L-29.94,-1.88L-29.76,-3.76L-29.47,-5.62L-29.06,-7.46L-28.53,-9.27L-27.89,-11.04L-27.14,-12.77L-26.29,-14.45L-25.33,-16.07L-24.27,-17.63L-23.12,-19.12L-21.87,-20.54L-20.54,-21.87L-19.12,-23.12L-17.63,-24.27L-16.07,-25.33L-14.45,-26.29L-12.77,-27.14L-11.04,-27.89L-9.27,-28.53L-7.46,-29.06L-5.62,-29.47L-3.76,-29.76L-1.88,-29.94L0.00,-30.00L1.88,-29.94L3.76,-29.76L5.62,-29.47L7.46,-29.06L9.27,-28.53L11.04,-27.89L12.77,-27.14L14.45,-26.29L16.07,-25.33L17.63,-24.27L19.12,-23.12L20.54,-21.87L21.87,-20.54L23.12,-19.12L24.27,-17.63L25.33,-16.07L26.29,-14.45L27.14,-12.77L27.89,-11.04L28.53,-9.27L29.06,-7.46L29.47,-5.62L29.76,-3.76L29.94,-1.88"]
          RenderPath {circle} at (398.00,68.00) size 44.00x44.00 [stroke={[type=SOLID] [color=#C0C0C0] [stroke width=4.00]}] [data="M20.00,0.00L19.96,1.26L19.84,2.51L19.65,3.75L19.37,4.97L19.02,6.18L18.60,7.36L18.10,8.52L17.53,9.64L16.89,10.72L16.18,11.76L15.41,12.75L14.58,13.69L13.69,14.58L12.75,15.41L11.76,16.18L10.72,16.89L9.64,17.53L8.52,18.10L7.36,18.60L6.18,19.02L4.97,19.37L3.75,19.65L2.51,19.84L1.26,19.96L-0.00,20.00L-1.26,19.96L-2.51,19.84L-3.75,19.65L-4.97,19.37L-6.18,19.02L-7.36,18.60L-8.52,18.10L-9.64,17.53L-10.72,16.89L-11.76,16.18L-12.75,15.41L-13.69,14.58L-14.58,13.69L-15.41,12.75L-16.18,11.76L-16.89,10.72L-17.53,9.64L-18.10,8.52L-18.60,7.36L-19.02,6.18L-19.37,4.97L-19.65,3.75L-19.84,2.51L-19.96,1.26L-20.00,-0.00L-19.96,-1.26L-19.84,-2.51L-19.65,-3.75L-19.37,-4.97L-19.02,-6.18L-18.60,-7.36L-18.10,-8.52L-17.53,-9.64L-16.89,-10.72L-16.18,-11.76L-15.41,-12.75L-14.58,-13.69L-13.69,-14.58L-12.75,-15.41L-11.76,-16.18L-10.72,-16.89L-9.64,-17.53L-8.52,-18.10L-7.36,-18.60L-6.18,-19.02L-4.97,-19.37L-3.75,-19.65L-2.51,-19.84L-1.26,-19.96L0.00,-20.00L1.26,-19.96L2.51,-19.84L3.75,-19.65L4.97,-19.37L6.18,-19.02L7.36,-18.60L8.52,-18.10L9.64,-17.53L10.72,-16.89L11.76,-16.18L12.75,-15.41L13.69,-14.58L14.58,-13.69L15.41,-12.75L16.18,-11.76L16.89,-10.72L17.53,-9.64L18.10,-8.52L18.60,-7.36L19.02,-6.18L19.37,-4.97L19.65,-3.75L19.84,-2.51L19.96,-1.26"]
          RenderPath {circle} at (408.00,78.00) size 24.00x24.00 [stroke={[type=SOLID] [color=#C0C0C0] [stroke width=4.00]}] [data="M10.00,0.00L9.98,0.63L9.92,1.25L9.82,1.87L9.69,2.49L9.51,3.09L9.30,3.68L9.05,4.26L8.76,4.82L8.44,5.36L8.09,5.88L7.71,6.37L7.29,6.85L6.85,7.29L6.37,7.71L5.88,8.09L5.36,8.44L4.82,8.76L4.26,9.05L3.68,9.30L3.09,9.51L2.49,9.69L1.87,9.82L1.25,9.92L0.63,9.98L-0.00,10.00L-0.63,9.98L-1.25,9.92L-1.87,9.82L-2.49,9.69L-3.09,9.51L-3.68,9.30L-4.26,9.05L-4.82,8.76L-5.36,8.44L-5.88,8.09L-6.37,7.71L-6.85,7.29L-7.29,6.85L-7.71,6.37L-8.09,5.88L-8.44,5.36L-8.76,4.82L-9.05,4.26L-9.30,3.68L-9.51,3.09L-9.69,2.49L-9.82,1.87L-9.92,1.25L-9.98,0.63L-10.00,-0.00L-9.98,-0.63L-9.92,-1.25L-9.82,-1.87L-9.69,-2.49L-9.51,-3.09L-9.30,-3.68L-9.05,-4.26L-8.76,-4.82L-8.44,-5.36L-8.09,-5.88L-7.71,-6.37L-7.29,-6.85L-6.85,-7.29L-6.37,-7.71L-5.88,-8.09L-5.36,-8.44L-4.82,-8.76L-4.26,-9.05L-3.68,-9.30L-3.09,-9.51L-2.49,-9.69L-1.87,-9.82L-1.25,-9.92L-0.63,-9.98L0.00,-10.00L0.63,-9.98L1.25,-9.92L1.87,-9.82L2.49,-9.69L3.09,-9.51L3.68,-9.30L4.26,-9.05L4.82,-8.76L5.36,-8.44L5.88,-8.09L6.37,-7.71L6.85,-7.29L7.29,-6.85L7.71,-6.37L8.09,-5.88L8.44,-5.36L8.76,-4.82L9.05,-4.26L9.30,-3.68L9.51,-3.09L9.69,-2.49L9.82,-1.87L9.92,-1.25L9.98,-0.63"]
          RenderPath {circle} at (380,50) size 80x80 [transform={m=((4.00,0.00)(0.00,4.00)) t=(0.00,0.00)}] [fill={[type=SOLID] [color=#C85050]}] [data="M10.00,0.00L9.98,0.63L9.92,1.25L9.82,1.87L9.69,2.49L9.51,3.09L9.30,3.68L9.05,4.26L8.76,4.82L8.44,5.36L8.09,5.88L7.71,6.37L7.29,6.85L6.85,7.29L6.37,7.71L5.88,8.09L5.36,8.44L4.82,8.76L4.26,9.05L3.68,9.30L3.09,9.51L2.49,9.69L1.87,9.82L1.25,9.92L0.63,9.98L-0.00,10.00L-0.63,9.98L-1.25,9.92L-1.87,9.82L-2.49,9.69L-3.09,9.51L-3.68,9.30L-4.26,9.05L-4.82,8.76L-5.36,8.44L-5.88,8.09L-6.37,7.71L-6.85,7.29L-7.29,6.85L-7.71,6.37L-8.09,5.88L-8.44,5.36L-8.76,4.82L-9.05,4.26L-9.30,3.68L-9.51,3.09L-9.69,2.49L-9.82,1.87L-9.92,1.25L-9.98,0.63L-10.00,-0.00L-9.98,-0.63L-9.92,-1.25L-9.82,-1.87L-9.69,-2.49L-9.51,-3.09L-9.30,-3.68L-9.05,-4.26L-8.76,-4.82L-8.44,-5.36L-8.09,-5.88L-7.71,-6.37L-7.29,-6.85L-6.85,-7.29L-6.37,-7.71L-5.88,-8.09L-5.36,-8.44L-4.82,-8.76L-4.26,-9.05L-3.68,-9.30L-3.09,-9.51L-2.49,-9.69L-1.87,-9.82L-1.25,-9.92L-0.63,-9.98L0.00,-10.00L0.63,-9.98L1.25,-9.92L1.87,-9.82L2.49,-9.69L3.09,-9.51L3.68,-9.30L4.26,-9.05L4.82,-8.76L5.36,-8.44L5.88,-8.09L6.37,-7.71L6.85,-7.29L7.29,-6.85L7.71,-6.37L8.09,-5.88L8.44,-5.36L8.76,-4.82L9.05,-4.26L9.30,-3.68L9.51,-3.09L9.69,-2.49L9.82,-1.87L9.92,-1.25L9.98,-0.63"]
          RenderSVGText {text} at (0,60) size 480x18
            RenderSVGInlineText {#text} at (-33,-14) size 67x18
              text run at (-33,-14) width 67: "type=scale"
          RenderSVGText {text} at (0,75) size 480x18
            RenderSVGInlineText {#text} at (-34,-14) size 69x18
              text run at (-34,-14) width 69: "(sx and sy)"
        RenderSVGContainer {g} at (15,175) size 90x124 [transform={m=((1.00,0.00)(0.00,1.00)) t=(20.00,180.00)}]
          RenderSVGContainer {use} at (15,175) size 90x90
            RenderSVGContainer {g} at (15,175) size 90x90 [transform={m=((1.00,0.00)(0.00,1.00)) t=(40.00,40.00)}]
              RenderSVGContainer {g} at (15,175) size 90x90
                RenderPath {circle} at (19.00,179.00) size 82.00x82.00 [stroke={[type=SOLID] [color=#C0C0C0] [stroke width=2.00]}] [data="M40.00,0.00L39.92,2.51L39.68,5.01L39.29,7.50L38.74,9.95L38.04,12.36L37.19,14.72L36.19,17.03L35.05,19.27L33.77,21.43L32.36,23.51L30.82,25.50L29.16,27.38L27.38,29.16L25.50,30.82L23.51,32.36L21.43,33.77L19.27,35.05L17.03,36.19L14.72,37.19L12.36,38.04L9.95,38.74L7.50,39.29L5.01,39.68L2.51,39.92L-0.00,40.00L-2.51,39.92L-5.01,39.68L-7.50,39.29L-9.95,38.74L-12.36,38.04L-14.72,37.19L-17.03,36.19L-19.27,35.05L-21.43,33.77L-23.51,32.36L-25.50,30.82L-27.38,29.16L-29.16,27.38L-30.82,25.50L-32.36,23.51L-33.77,21.43L-35.05,19.27L-36.19,17.03L-37.19,14.72L-38.04,12.36L-38.74,9.95L-39.29,7.50L-39.68,5.01L-39.92,2.51L-40.00,-0.00L-39.92,-2.51L-39.68,-5.01L-39.29,-7.50L-38.74,-9.95L-38.04,-12.36L-37.19,-14.72L-36.19,-17.03L-35.05,-19.27L-33.77,-21.43L-32.36,-23.51L-30.82,-25.50L-29.16,-27.38L-27.38,-29.16L-25.50,-30.82L-23.51,-32.36L-21.43,-33.77L-19.27,-35.05L-17.03,-36.19L-14.72,-37.19L-12.36,-38.04L-9.95,-38.74L-7.50,-39.29L-5.01,-39.68L-2.51,-39.92L0.00,-40.00L2.51,-39.92L5.01,-39.68L7.50,-39.29L9.95,-38.74L12.36,-38.04L14.72,-37.19L17.03,-36.19L19.27,-35.05L21.43,-33.77L23.51,-32.36L25.50,-30.82L27.38,-29.16L29.16,-27.38L30.82,-25.50L32.36,-23.51L33.77,-21.43L35.05,-19.27L36.19,-17.03L37.19,-14.72L38.04,-12.36L38.74,-9.95L39.29,-7.50L39.68,-5.01L39.92,-2.51"]
                RenderPath {line} at (15,219.50) size 90x1 [stroke={[type=SOLID] [color=#C0C0C0]}] [data="M-45.00,0.00L45.00,0.00"]
                RenderPath {line} at (59.50,175) size 1x90 [stroke={[type=SOLID] [color=#C0C0C0]}] [data="M0.00,-45.00L0.00,45.00"]
          RenderPath {line} at (20,180) size 0x0 [stroke={[type=SOLID] [color=#C0C0C0] [stroke width=15.00] [line cap=ROUND]}] [fill={[type=SOLID] [color=#000000]}] [data=""]
          RenderPath {line} at (100,180) size 0x0 [transform={m=((-0.00,1.00)(-1.00,-0.00)) t=(80.00,0.00)}] [stroke={[type=SOLID] [color=#C0C0C0] [stroke width=15.00] [line cap=ROUND]}] [fill={[type=SOLID] [color=#000000]}] [data=""]
          RenderPath {line} at (100,260) size 0x0 [transform={m=((-1.00,-0.00)(0.00,-1.00)) t=(80.00,80.00)}] [stroke={[type=SOLID] [color=#C0C0C0] [stroke width=15.00] [line cap=ROUND]}] [fill={[type=SOLID] [color=#000000]}] [data=""]
          RenderPath {line} at (20,260) size 0x0 [transform={m=((0.00,-1.00)(1.00,0.00)) t=(-0.00,80.00)}] [stroke={[type=SOLID] [color=#C0C0C0] [stroke width=15.00] [line cap=ROUND]}] [fill={[type=SOLID] [color=#000000]}] [data=""]
          RenderPath {line} at (55,215) size 50x10 [stroke={[type=SOLID] [color=#C85050] [stroke width=10.00] [line cap=ROUND]}] [fill={[type=SOLID] [color=#000000]}] [data="M40.00,40.00L80.00,40.00"]
          RenderSVGText {text} at (40,100) size 480x18
            RenderSVGInlineText {#text} at (-35,-14) size 71x18
              text run at (-35,-14) width 71: "type=rotate"
          RenderSVGText {text} at (40,115) size 480x18
            RenderSVGInlineText {#text} at (-38,-14) size 76x18
              text run at (-38,-14) width 76: "(with cx/cy)"
        RenderSVGContainer {g} at (128.00,208.00) size 104.00x91.00 [transform={m=((1.00,0.00)(0.00,1.00)) t=(180.00,220.00)}]
          RenderPath {circle} at (128.00,208.00) size 24.00x24.00 [stroke={[type=SOLID] [color=#C0C0C0] [stroke width=4.00]}] [data="M-30.00,0.00L-30.02,0.63L-30.08,1.25L-30.18,1.87L-30.31,2.49L-30.49,3.09L-30.70,3.68L-30.95,4.26L-31.24,4.82L-31.56,5.36L-31.91,5.88L-32.29,6.37L-32.71,6.85L-33.15,7.29L-33.63,7.71L-34.12,8.09L-34.64,8.44L-35.18,8.76L-35.74,9.05L-36.32,9.30L-36.91,9.51L-37.51,9.69L-38.13,9.82L-38.75,9.92L-39.37,9.98L-40.00,10.00L-40.63,9.98L-41.25,9.92L-41.87,9.82L-42.49,9.69L-43.09,9.51L-43.68,9.30L-44.26,9.05L-44.82,8.76L-45.36,8.44L-45.88,8.09L-46.37,7.71L-46.85,7.29L-47.29,6.85L-47.71,6.37L-48.09,5.88L-48.44,5.36L-48.76,4.82L-49.05,4.26L-49.30,3.68L-49.51,3.09L-49.69,2.49L-49.82,1.87L-49.92,1.25L-49.98,0.63L-50.00,-0.00L-49.98,-0.63L-49.92,-1.25L-49.82,-1.87L-49.69,-2.49L-49.51,-3.09L-49.30,-3.68L-49.05,-4.26L-48.76,-4.82L-48.44,-5.36L-48.09,-5.88L-47.71,-6.37L-47.29,-6.85L-46.85,-7.29L-46.37,-7.71L-45.88,-8.09L-45.36,-8.44L-44.82,-8.76L-44.26,-9.05L-43.68,-9.30L-43.09,-9.51L-42.49,-9.69L-41.87,-9.82L-41.25,-9.92L-40.63,-9.98L-40.00,-10.00L-39.37,-9.98L-38.75,-9.92L-38.13,-9.82L-37.51,-9.69L-36.91,-9.51L-36.32,-9.30L-35.74,-9.05L-35.18,-8.76L-34.64,-8.44L-34.12,-8.09L-33.63,-7.71L-33.15,-7.29L-32.71,-6.85L-32.29,-6.37L-31.91,-5.88L-31.56,-5.36L-31.24,-4.82L-30.95,-4.26L-30.70,-3.68L-30.49,-3.09L-30.31,-2.49L-30.18,-1.87L-30.08,-1.25L-30.02,-0.63"]
          RenderPath {circle} at (148.00,208.00) size 24.00x24.00 [stroke={[type=SOLID] [color=#C0C0C0] [stroke width=4.00]}] [data="M-10.00,0.00L-10.02,0.63L-10.08,1.25L-10.18,1.87L-10.31,2.49L-10.49,3.09L-10.70,3.68L-10.95,4.26L-11.24,4.82L-11.56,5.36L-11.91,5.88L-12.29,6.37L-12.71,6.85L-13.15,7.29L-13.63,7.71L-14.12,8.09L-14.64,8.44L-15.18,8.76L-15.74,9.05L-16.32,9.30L-16.91,9.51L-17.51,9.69L-18.13,9.82L-18.75,9.92L-19.37,9.98L-20.00,10.00L-20.63,9.98L-21.25,9.92L-21.87,9.82L-22.49,9.69L-23.09,9.51L-23.68,9.30L-24.26,9.05L-24.82,8.76L-25.36,8.44L-25.88,8.09L-26.37,7.71L-26.85,7.29L-27.29,6.85L-27.71,6.37L-28.09,5.88L-28.44,5.36L-28.76,4.82L-29.05,4.26L-29.30,3.68L-29.51,3.09L-29.69,2.49L-29.82,1.87L-29.92,1.25L-29.98,0.63L-30.00,-0.00L-29.98,-0.63L-29.92,-1.25L-29.82,-1.87L-29.69,-2.49L-29.51,-3.09L-29.30,-3.68L-29.05,-4.26L-28.76,-4.82L-28.44,-5.36L-28.09,-5.88L-27.71,-6.37L-27.29,-6.85L-26.85,-7.29L-26.37,-7.71L-25.88,-8.09L-25.36,-8.44L-24.82,-8.76L-24.26,-9.05L-23.68,-9.30L-23.09,-9.51L-22.49,-9.69L-21.87,-9.82L-21.25,-9.92L-20.63,-9.98L-20.00,-10.00L-19.37,-9.98L-18.75,-9.92L-18.13,-9.82L-17.51,-9.69L-16.91,-9.51L-16.32,-9.30L-15.74,-9.05L-15.18,-8.76L-14.64,-8.44L-14.12,-8.09L-13.63,-7.71L-13.15,-7.29L-12.71,-6.85L-12.29,-6.37L-11.91,-5.88L-11.56,-5.36L-11.24,-4.82L-10.95,-4.26L-10.70,-3.68L-10.49,-3.09L-10.31,-2.49L-10.18,-1.87L-10.08,-1.25L-10.02,-0.63"]
          RenderPath {circle} at (168.00,208.00) size 24.00x24.00 [stroke={[type=SOLID] [color=#C0C0C0] [stroke width=4.00]}] [data="M10.00,0.00L9.98,0.63L9.92,1.25L9.82,1.87L9.69,2.49L9.51,3.09L9.30,3.68L9.05,4.26L8.76,4.82L8.44,5.36L8.09,5.88L7.71,6.37L7.29,6.85L6.85,7.29L6.37,7.71L5.88,8.09L5.36,8.44L4.82,8.76L4.26,9.05L3.68,9.30L3.09,9.51L2.49,9.69L1.87,9.82L1.25,9.92L0.63,9.98L-0.00,10.00L-0.63,9.98L-1.25,9.92L-1.87,9.82L-2.49,9.69L-3.09,9.51L-3.68,9.30L-4.26,9.05L-4.82,8.76L-5.36,8.44L-5.88,8.09L-6.37,7.71L-6.85,7.29L-7.29,6.85L-7.71,6.37L-8.09,5.88L-8.44,5.36L-8.76,4.82L-9.05,4.26L-9.30,3.68L-9.51,3.09L-9.69,2.49L-9.82,1.87L-9.92,1.25L-9.98,0.63L-10.00,-0.00L-9.98,-0.63L-9.92,-1.25L-9.82,-1.87L-9.69,-2.49L-9.51,-3.09L-9.30,-3.68L-9.05,-4.26L-8.76,-4.82L-8.44,-5.36L-8.09,-5.88L-7.71,-6.37L-7.29,-6.85L-6.85,-7.29L-6.37,-7.71L-5.88,-8.09L-5.36,-8.44L-4.82,-8.76L-4.26,-9.05L-3.68,-9.30L-3.09,-9.51L-2.49,-9.69L-1.87,-9.82L-1.25,-9.92L-0.63,-9.98L0.00,-10.00L0.63,-9.98L1.25,-9.92L1.87,-9.82L2.49,-9.69L3.09,-9.51L3.68,-9.30L4.26,-9.05L4.82,-8.76L5.36,-8.44L5.88,-8.09L6.37,-7.71L6.85,-7.29L7.29,-6.85L7.71,-6.37L8.09,-5.88L8.44,-5.36L8.76,-4.82L9.05,-4.26L9.30,-3.68L9.51,-3.09L9.69,-2.49L9.82,-1.87L9.92,-1.25L9.98,-0.63"]
          RenderPath {circle} at (188.00,208.00) size 24.00x24.00 [stroke={[type=SOLID] [color=#C0C0C0] [stroke width=4.00]}] [data="M30.00,0.00L29.98,0.63L29.92,1.25L29.82,1.87L29.69,2.49L29.51,3.09L29.30,3.68L29.05,4.26L28.76,4.82L28.44,5.36L28.09,5.88L27.71,6.37L27.29,6.85L26.85,7.29L26.37,7.71L25.88,8.09L25.36,8.44L24.82,8.76L24.26,9.05L23.68,9.30L23.09,9.51L22.49,9.69L21.87,9.82L21.25,9.92L20.63,9.98L20.00,10.00L19.37,9.98L18.75,9.92L18.13,9.82L17.51,9.69L16.91,9.51L16.32,9.30L15.74,9.05L15.18,8.76L14.64,8.44L14.12,8.09L13.63,7.71L13.15,7.29L12.71,6.85L12.29,6.37L11.91,5.88L11.56,5.36L11.24,4.82L10.95,4.26L10.70,3.68L10.49,3.09L10.31,2.49L10.18,1.87L10.08,1.25L10.02,0.63L10.00,-0.00L10.02,-0.63L10.08,-1.25L10.18,-1.87L10.31,-2.49L10.49,-3.09L10.70,-3.68L10.95,-4.26L11.24,-4.82L11.56,-5.36L11.91,-5.88L12.29,-6.37L12.71,-6.85L13.15,-7.29L13.63,-7.71L14.12,-8.09L14.64,-8.44L15.18,-8.76L15.74,-9.05L16.32,-9.30L16.91,-9.51L17.51,-9.69L18.13,-9.82L18.75,-9.92L19.37,-9.98L20.00,-10.00L20.63,-9.98L21.25,-9.92L21.87,-9.82L22.49,-9.69L23.09,-9.51L23.68,-9.30L24.26,-9.05L24.82,-8.76L25.36,-8.44L25.88,-8.09L26.37,-7.71L26.85,-7.29L27.29,-6.85L27.71,-6.37L28.09,-5.88L28.44,-5.36L28.76,-4.82L29.05,-4.26L29.30,-3.68L29.51,-3.09L29.69,-2.49L29.82,-1.87L29.92,-1.25L29.98,-0.63"]
          RenderPath {circle} at (208.00,208.00) size 24.00x24.00 [stroke={[type=SOLID] [color=#C0C0C0] [stroke width=4.00]}] [data="M50.00,0.00L49.98,0.63L49.92,1.25L49.82,1.87L49.69,2.49L49.51,3.09L49.30,3.68L49.05,4.26L48.76,4.82L48.44,5.36L48.09,5.88L47.71,6.37L47.29,6.85L46.85,7.29L46.37,7.71L45.88,8.09L45.36,8.44L44.82,8.76L44.26,9.05L43.68,9.30L43.09,9.51L42.49,9.69L41.87,9.82L41.25,9.92L40.63,9.98L40.00,10.00L39.37,9.98L38.75,9.92L38.13,9.82L37.51,9.69L36.91,9.51L36.32,9.30L35.74,9.05L35.18,8.76L34.64,8.44L34.12,8.09L33.63,7.71L33.15,7.29L32.71,6.85L32.29,6.37L31.91,5.88L31.56,5.36L31.24,4.82L30.95,4.26L30.70,3.68L30.49,3.09L30.31,2.49L30.18,1.87L30.08,1.25L30.02,0.63L30.00,-0.00L30.02,-0.63L30.08,-1.25L30.18,-1.87L30.31,-2.49L30.49,-3.09L30.70,-3.68L30.95,-4.26L31.24,-4.82L31.56,-5.36L31.91,-5.88L32.29,-6.37L32.71,-6.85L33.15,-7.29L33.63,-7.71L34.12,-8.09L34.64,-8.44L35.18,-8.76L35.74,-9.05L36.32,-9.30L36.91,-9.51L37.51,-9.69L38.13,-9.82L38.75,-9.92L39.37,-9.98L40.00,-10.00L40.63,-9.98L41.25,-9.92L41.87,-9.82L42.49,-9.69L43.09,-9.51L43.68,-9.30L44.26,-9.05L44.82,-8.76L45.36,-8.44L45.88,-8.09L46.37,-7.71L46.85,-7.29L47.29,-6.85L47.71,-6.37L48.09,-5.88L48.44,-5.36L48.76,-4.82L49.05,-4.26L49.30,-3.68L49.51,-3.09L49.69,-2.49L49.82,-1.87L49.92,-1.25L49.98,-0.63"]
          RenderPath {circle} at (134,214) size 12x12 [transform={m=((1.00,0.00)(0.00,1.00)) t=(-40.00,0.00)}] [fill={[type=SOLID] [color=#C85050]}] [data="M6.00,0.00L5.99,0.38L5.95,0.75L5.89,1.12L5.81,1.49L5.71,1.85L5.58,2.21L5.43,2.55L5.26,2.89L5.07,3.21L4.85,3.53L4.62,3.82L4.37,4.11L4.11,4.37L3.82,4.62L3.53,4.85L3.21,5.07L2.89,5.26L2.55,5.43L2.21,5.58L1.85,5.71L1.49,5.81L1.12,5.89L0.75,5.95L0.38,5.99L-0.00,6.00L-0.38,5.99L-0.75,5.95L-1.12,5.89L-1.49,5.81L-1.85,5.71L-2.21,5.58L-2.55,5.43L-2.89,5.26L-3.21,5.07L-3.53,4.85L-3.82,4.62L-4.11,4.37L-4.37,4.11L-4.62,3.82L-4.85,3.53L-5.07,3.21L-5.26,2.89L-5.43,2.55L-5.58,2.21L-5.71,1.85L-5.81,1.49L-5.89,1.12L-5.95,0.75L-5.99,0.38L-6.00,-0.00L-5.99,-0.38L-5.95,-0.75L-5.89,-1.12L-5.81,-1.49L-5.71,-1.85L-5.58,-2.21L-5.43,-2.55L-5.26,-2.89L-5.07,-3.21L-4.85,-3.53L-4.62,-3.82L-4.37,-4.11L-4.11,-4.37L-3.82,-4.62L-3.53,-4.85L-3.21,-5.07L-2.89,-5.26L-2.55,-5.43L-2.21,-5.58L-1.85,-5.71L-1.49,-5.81L-1.12,-5.89L-0.75,-5.95L-0.38,-5.99L0.00,-6.00L0.38,-5.99L0.75,-5.95L1.12,-5.89L1.49,-5.81L1.85,-5.71L2.21,-5.58L2.55,-5.43L2.89,-5.26L3.21,-5.07L3.53,-4.85L3.82,-4.62L4.11,-4.37L4.37,-4.11L4.62,-3.82L4.85,-3.53L5.07,-3.21L5.26,-2.89L5.43,-2.55L5.58,-2.21L5.71,-1.85L5.81,-1.49L5.89,-1.12L5.95,-0.75L5.99,-0.38"]
          RenderSVGText {text} at (0,60) size 480x18
            RenderSVGInlineText {#text} at (-44,-14) size 88x18
              text run at (-44,-14) width 88: "type=translate"
          RenderSVGText {text} at (0,75) size 480x18
            RenderSVGInlineText {#text} at (-27,-14) size 54x18
              text run at (-27,-14) width 54: "(tx only)"
        RenderSVGContainer {g} at (248.00,178.00) size 104.00x121.00 [transform={m=((1.00,0.00)(0.00,1.00)) t=(300.00,220.00)}]
          RenderPath {circle} at (248.00,238.00) size 24.00x24.00 [stroke={[type=SOLID] [color=#C0C0C0] [stroke width=4.00]}] [data="M-30.00,30.00L-30.02,30.63L-30.08,31.25L-30.18,31.87L-30.31,32.49L-30.49,33.09L-30.70,33.68L-30.95,34.26L-31.24,34.82L-31.56,35.36L-31.91,35.88L-32.29,36.37L-32.71,36.85L-33.15,37.29L-33.63,37.71L-34.12,38.09L-34.64,38.44L-35.18,38.76L-35.74,39.05L-36.32,39.30L-36.91,39.51L-37.51,39.69L-38.13,39.82L-38.75,39.92L-39.37,39.98L-40.00,40.00L-40.63,39.98L-41.25,39.92L-41.87,39.82L-42.49,39.69L-43.09,39.51L-43.68,39.30L-44.26,39.05L-44.82,38.76L-45.36,38.44L-45.88,38.09L-46.37,37.71L-46.85,37.29L-47.29,36.85L-47.71,36.37L-48.09,35.88L-48.44,35.36L-48.76,34.82L-49.05,34.26L-49.30,33.68L-49.51,33.09L-49.69,32.49L-49.82,31.87L-49.92,31.25L-49.98,30.63L-50.00,30.00L-49.98,29.37L-49.92,28.75L-49.82,28.13L-49.69,27.51L-49.51,26.91L-49.30,26.32L-49.05,25.74L-48.76,25.18L-48.44,24.64L-48.09,24.12L-47.71,23.63L-47.29,23.15L-46.85,22.71L-46.37,22.29L-45.88,21.91L-45.36,21.56L-44.82,21.24L-44.26,20.95L-43.68,20.70L-43.09,20.49L-42.49,20.31L-41.87,20.18L-41.25,20.08L-40.63,20.02L-40.00,20.00L-39.37,20.02L-38.75,20.08L-38.13,20.18L-37.51,20.31L-36.91,20.49L-36.32,20.70L-35.74,20.95L-35.18,21.24L-34.64,21.56L-34.12,21.91L-33.63,22.29L-33.15,22.71L-32.71,23.15L-32.29,23.63L-31.91,24.12L-31.56,24.64L-31.24,25.18L-30.95,25.74L-30.70,26.32L-30.49,26.91L-30.31,27.51L-30.18,28.13L-30.08,28.75L-30.02,29.37"]
          RenderPath {circle} at (268.00,223.00) size 24.00x24.00 [stroke={[type=SOLID] [color=#C0C0C0] [stroke width=4.00]}] [data="M-10.00,15.00L-10.02,15.63L-10.08,16.25L-10.18,16.87L-10.31,17.49L-10.49,18.09L-10.70,18.68L-10.95,19.26L-11.24,19.82L-11.56,20.36L-11.91,20.88L-12.29,21.37L-12.71,21.85L-13.15,22.29L-13.63,22.71L-14.12,23.09L-14.64,23.44L-15.18,23.76L-15.74,24.05L-16.32,24.30L-16.91,24.51L-17.51,24.69L-18.13,24.82L-18.75,24.92L-19.37,24.98L-20.00,25.00L-20.63,24.98L-21.25,24.92L-21.87,24.82L-22.49,24.69L-23.09,24.51L-23.68,24.30L-24.26,24.05L-24.82,23.76L-25.36,23.44L-25.88,23.09L-26.37,22.71L-26.85,22.29L-27.29,21.85L-27.71,21.37L-28.09,20.88L-28.44,20.36L-28.76,19.82L-29.05,19.26L-29.30,18.68L-29.51,18.09L-29.69,17.49L-29.82,16.87L-29.92,16.25L-29.98,15.63L-30.00,15.00L-29.98,14.37L-29.92,13.75L-29.82,13.13L-29.69,12.51L-29.51,11.91L-29.30,11.32L-29.05,10.74L-28.76,10.18L-28.44,9.64L-28.09,9.12L-27.71,8.63L-27.29,8.15L-26.85,7.71L-26.37,7.29L-25.88,6.91L-25.36,6.56L-24.82,6.24L-24.26,5.95L-23.68,5.70L-23.09,5.49L-22.49,5.31L-21.87,5.18L-21.25,5.08L-20.63,5.02L-20.00,5.00L-19.37,5.02L-18.75,5.08L-18.13,5.18L-17.51,5.31L-16.91,5.49L-16.32,5.70L-15.74,5.95L-15.18,6.24L-14.64,6.56L-14.12,6.91L-13.63,7.29L-13.15,7.71L-12.71,8.15L-12.29,8.63L-11.91,9.12L-11.56,9.64L-11.24,10.18L-10.95,10.74L-10.70,11.32L-10.49,11.91L-10.31,12.51L-10.18,13.13L-10.08,13.75L-10.02,14.37"]
          RenderPath {circle} at (288.00,208.00) size 24.00x24.00 [stroke={[type=SOLID] [color=#C0C0C0] [stroke width=4.00]}] [data="M10.00,0.00L9.98,0.63L9.92,1.25L9.82,1.87L9.69,2.49L9.51,3.09L9.30,3.68L9.05,4.26L8.76,4.82L8.44,5.36L8.09,5.88L7.71,6.37L7.29,6.85L6.85,7.29L6.37,7.71L5.88,8.09L5.36,8.44L4.82,8.76L4.26,9.05L3.68,9.30L3.09,9.51L2.49,9.69L1.87,9.82L1.25,9.92L0.63,9.98L-0.00,10.00L-0.63,9.98L-1.25,9.92L-1.87,9.82L-2.49,9.69L-3.09,9.51L-3.68,9.30L-4.26,9.05L-4.82,8.76L-5.36,8.44L-5.88,8.09L-6.37,7.71L-6.85,7.29L-7.29,6.85L-7.71,6.37L-8.09,5.88L-8.44,5.36L-8.76,4.82L-9.05,4.26L-9.30,3.68L-9.51,3.09L-9.69,2.49L-9.82,1.87L-9.92,1.25L-9.98,0.63L-10.00,-0.00L-9.98,-0.63L-9.92,-1.25L-9.82,-1.87L-9.69,-2.49L-9.51,-3.09L-9.30,-3.68L-9.05,-4.26L-8.76,-4.82L-8.44,-5.36L-8.09,-5.88L-7.71,-6.37L-7.29,-6.85L-6.85,-7.29L-6.37,-7.71L-5.88,-8.09L-5.36,-8.44L-4.82,-8.76L-4.26,-9.05L-3.68,-9.30L-3.09,-9.51L-2.49,-9.69L-1.87,-9.82L-1.25,-9.92L-0.63,-9.98L0.00,-10.00L0.63,-9.98L1.25,-9.92L1.87,-9.82L2.49,-9.69L3.09,-9.51L3.68,-9.30L4.26,-9.05L4.82,-8.76L5.36,-8.44L5.88,-8.09L6.37,-7.71L6.85,-7.29L7.29,-6.85L7.71,-6.37L8.09,-5.88L8.44,-5.36L8.76,-4.82L9.05,-4.26L9.30,-3.68L9.51,-3.09L9.69,-2.49L9.82,-1.87L9.92,-1.25L9.98,-0.63"]
          RenderPath {circle} at (308.00,193.00) size 24.00x24.00 [stroke={[type=SOLID] [color=#C0C0C0] [stroke width=4.00]}] [data="M30.00,-15.00L29.98,-14.37L29.92,-13.75L29.82,-13.13L29.69,-12.51L29.51,-11.91L29.30,-11.32L29.05,-10.74L28.76,-10.18L28.44,-9.64L28.09,-9.12L27.71,-8.63L27.29,-8.15L26.85,-7.71L26.37,-7.29L25.88,-6.91L25.36,-6.56L24.82,-6.24L24.26,-5.95L23.68,-5.70L23.09,-5.49L22.49,-5.31L21.87,-5.18L21.25,-5.08L20.63,-5.02L20.00,-5.00L19.37,-5.02L18.75,-5.08L18.13,-5.18L17.51,-5.31L16.91,-5.49L16.32,-5.70L15.74,-5.95L15.18,-6.24L14.64,-6.56L14.12,-6.91L13.63,-7.29L13.15,-7.71L12.71,-8.15L12.29,-8.63L11.91,-9.12L11.56,-9.64L11.24,-10.18L10.95,-10.74L10.70,-11.32L10.49,-11.91L10.31,-12.51L10.18,-13.13L10.08,-13.75L10.02,-14.37L10.00,-15.00L10.02,-15.63L10.08,-16.25L10.18,-16.87L10.31,-17.49L10.49,-18.09L10.70,-18.68L10.95,-19.26L11.24,-19.82L11.56,-20.36L11.91,-20.88L12.29,-21.37L12.71,-21.85L13.15,-22.29L13.63,-22.71L14.12,-23.09L14.64,-23.44L15.18,-23.76L15.74,-24.05L16.32,-24.30L16.91,-24.51L17.51,-24.69L18.13,-24.82L18.75,-24.92L19.37,-24.98L20.00,-25.00L20.63,-24.98L21.25,-24.92L21.87,-24.82L22.49,-24.69L23.09,-24.51L23.68,-24.30L24.26,-24.05L24.82,-23.76L25.36,-23.44L25.88,-23.09L26.37,-22.71L26.85,-22.29L27.29,-21.85L27.71,-21.37L28.09,-20.88L28.44,-20.36L28.76,-19.82L29.05,-19.26L29.30,-18.68L29.51,-18.09L29.69,-17.49L29.82,-16.87L29.92,-16.25L29.98,-15.63"]
          RenderPath {circle} at (328.00,178.00) size 24.00x24.00 [stroke={[type=SOLID] [color=#C0C0C0] [stroke width=4.00]}] [data="M50.00,-30.00L49.98,-29.37L49.92,-28.75L49.82,-28.13L49.69,-27.51L49.51,-26.91L49.30,-26.32L49.05,-25.74L48.76,-25.18L48.44,-24.64L48.09,-24.12L47.71,-23.63L47.29,-23.15L46.85,-22.71L46.37,-22.29L45.88,-21.91L45.36,-21.56L44.82,-21.24L44.26,-20.95L43.68,-20.70L43.09,-20.49L42.49,-20.31L41.87,-20.18L41.25,-20.08L40.63,-20.02L40.00,-20.00L39.37,-20.02L38.75,-20.08L38.13,-20.18L37.51,-20.31L36.91,-20.49L36.32,-20.70L35.74,-20.95L35.18,-21.24L34.64,-21.56L34.12,-21.91L33.63,-22.29L33.15,-22.71L32.71,-23.15L32.29,-23.63L31.91,-24.12L31.56,-24.64L31.24,-25.18L30.95,-25.74L30.70,-26.32L30.49,-26.91L30.31,-27.51L30.18,-28.13L30.08,-28.75L30.02,-29.37L30.00,-30.00L30.02,-30.63L30.08,-31.25L30.18,-31.87L30.31,-32.49L30.49,-33.09L30.70,-33.68L30.95,-34.26L31.24,-34.82L31.56,-35.36L31.91,-35.88L32.29,-36.37L32.71,-36.85L33.15,-37.29L33.63,-37.71L34.12,-38.09L34.64,-38.44L35.18,-38.76L35.74,-39.05L36.32,-39.30L36.91,-39.51L37.51,-39.69L38.13,-39.82L38.75,-39.92L39.37,-39.98L40.00,-40.00L40.63,-39.98L41.25,-39.92L41.87,-39.82L42.49,-39.69L43.09,-39.51L43.68,-39.30L44.26,-39.05L44.82,-38.76L45.36,-38.44L45.88,-38.09L46.37,-37.71L46.85,-37.29L47.29,-36.85L47.71,-36.37L48.09,-35.88L48.44,-35.36L48.76,-34.82L49.05,-34.26L49.30,-33.68L49.51,-33.09L49.69,-32.49L49.82,-31.87L49.92,-31.25L49.98,-30.63"]
          RenderPath {circle} at (254,244) size 12x12 [transform={m=((1.00,0.00)(0.00,1.00)) t=(-40.00,30.00)}] [fill={[type=SOLID] [color=#C85050]}] [data="M6.00,0.00L5.99,0.38L5.95,0.75L5.89,1.12L5.81,1.49L5.71,1.85L5.58,2.21L5.43,2.55L5.26,2.89L5.07,3.21L4.85,3.53L4.62,3.82L4.37,4.11L4.11,4.37L3.82,4.62L3.53,4.85L3.21,5.07L2.89,5.26L2.55,5.43L2.21,5.58L1.85,5.71L1.49,5.81L1.12,5.89L0.75,5.95L0.38,5.99L-0.00,6.00L-0.38,5.99L-0.75,5.95L-1.12,5.89L-1.49,5.81L-1.85,5.71L-2.21,5.58L-2.55,5.43L-2.89,5.26L-3.21,5.07L-3.53,4.85L-3.82,4.62L-4.11,4.37L-4.37,4.11L-4.62,3.82L-4.85,3.53L-5.07,3.21L-5.26,2.89L-5.43,2.55L-5.58,2.21L-5.71,1.85L-5.81,1.49L-5.89,1.12L-5.95,0.75L-5.99,0.38L-6.00,-0.00L-5.99,-0.38L-5.95,-0.75L-5.89,-1.12L-5.81,-1.49L-5.71,-1.85L-5.58,-2.21L-5.43,-2.55L-5.26,-2.89L-5.07,-3.21L-4.85,-3.53L-4.62,-3.82L-4.37,-4.11L-4.11,-4.37L-3.82,-4.62L-3.53,-4.85L-3.21,-5.07L-2.89,-5.26L-2.55,-5.43L-2.21,-5.58L-1.85,-5.71L-1.49,-5.81L-1.12,-5.89L-0.75,-5.95L-0.38,-5.99L0.00,-6.00L0.38,-5.99L0.75,-5.95L1.12,-5.89L1.49,-5.81L1.85,-5.71L2.21,-5.58L2.55,-5.43L2.89,-5.26L3.21,-5.07L3.53,-4.85L3.82,-4.62L4.11,-4.37L4.37,-4.11L4.62,-3.82L4.85,-3.53L5.07,-3.21L5.26,-2.89L5.43,-2.55L5.58,-2.21L5.71,-1.85L5.81,-1.49L5.89,-1.12L5.95,-0.75L5.99,-0.38"]
          RenderSVGText {text} at (0,60) size 480x18
            RenderSVGInlineText {#text} at (-44,-14) size 88x18
              text run at (-44,-14) width 88: "type=translate"
          RenderSVGText {text} at (0,75) size 480x18
            RenderSVGInlineText {#text} at (-32,-14) size 65x18
              text run at (-32,-14) width 65: "(tx and ty)"
        RenderSVGContainer {g} at (378.00,178.00) size 84.00x121.00 [transform={m=((1.00,0.00)(0.00,1.00)) t=(420.00,220.00)}]
          RenderPath {circle} at (378.00,178.00) size 84.00x84.00 [transform={m=((4.00,0.00)(0.00,4.00)) t=(0.00,0.00)}] [stroke={[type=SOLID] [color=#C0C0C0]}] [data="M10.00,0.00L9.98,0.63L9.92,1.25L9.82,1.87L9.69,2.49L9.51,3.09L9.30,3.68L9.05,4.26L8.76,4.82L8.44,5.36L8.09,5.88L7.71,6.37L7.29,6.85L6.85,7.29L6.37,7.71L5.88,8.09L5.36,8.44L4.82,8.76L4.26,9.05L3.68,9.30L3.09,9.51L2.49,9.69L1.87,9.82L1.25,9.92L0.63,9.98L-0.00,10.00L-0.63,9.98L-1.25,9.92L-1.87,9.82L-2.49,9.69L-3.09,9.51L-3.68,9.30L-4.26,9.05L-4.82,8.76L-5.36,8.44L-5.88,8.09L-6.37,7.71L-6.85,7.29L-7.29,6.85L-7.71,6.37L-8.09,5.88L-8.44,5.36L-8.76,4.82L-9.05,4.26L-9.30,3.68L-9.51,3.09L-9.69,2.49L-9.82,1.87L-9.92,1.25L-9.98,0.63L-10.00,-0.00L-9.98,-0.63L-9.92,-1.25L-9.82,-1.87L-9.69,-2.49L-9.51,-3.09L-9.30,-3.68L-9.05,-4.26L-8.76,-4.82L-8.44,-5.36L-8.09,-5.88L-7.71,-6.37L-7.29,-6.85L-6.85,-7.29L-6.37,-7.71L-5.88,-8.09L-5.36,-8.44L-4.82,-8.76L-4.26,-9.05L-3.68,-9.30L-3.09,-9.51L-2.49,-9.69L-1.87,-9.82L-1.25,-9.92L-0.63,-9.98L0.00,-10.00L0.63,-9.98L1.25,-9.92L1.87,-9.82L2.49,-9.69L3.09,-9.51L3.68,-9.30L4.26,-9.05L4.82,-8.76L5.36,-8.44L5.88,-8.09L6.37,-7.71L6.85,-7.29L7.29,-6.85L7.71,-6.37L8.09,-5.88L8.44,-5.36L8.76,-4.82L9.05,-4.26L9.30,-3.68L9.51,-3.09L9.69,-2.49L9.82,-1.87L9.92,-1.25L9.98,-0.63"]
          RenderPath {circle} at (388.00,188.00) size 64.00x64.00 [transform={m=((3.00,0.00)(0.00,3.00)) t=(0.00,0.00)}] [stroke={[type=SOLID] [color=#C0C0C0] [stroke width=1.33]}] [data="M10.00,0.00L9.98,0.63L9.92,1.25L9.82,1.87L9.69,2.49L9.51,3.09L9.30,3.68L9.05,4.26L8.76,4.82L8.44,5.36L8.09,5.88L7.71,6.37L7.29,6.85L6.85,7.29L6.37,7.71L5.88,8.09L5.36,8.44L4.82,8.76L4.26,9.05L3.68,9.30L3.09,9.51L2.49,9.69L1.87,9.82L1.25,9.92L0.63,9.98L-0.00,10.00L-0.63,9.98L-1.25,9.92L-1.87,9.82L-2.49,9.69L-3.09,9.51L-3.68,9.30L-4.26,9.05L-4.82,8.76L-5.36,8.44L-5.88,8.09L-6.37,7.71L-6.85,7.29L-7.29,6.85L-7.71,6.37L-8.09,5.88L-8.44,5.36L-8.76,4.82L-9.05,4.26L-9.30,3.68L-9.51,3.09L-9.69,2.49L-9.82,1.87L-9.92,1.25L-9.98,0.63L-10.00,-0.00L-9.98,-0.63L-9.92,-1.25L-9.82,-1.87L-9.69,-2.49L-9.51,-3.09L-9.30,-3.68L-9.05,-4.26L-8.76,-4.82L-8.44,-5.36L-8.09,-5.88L-7.71,-6.37L-7.29,-6.85L-6.85,-7.29L-6.37,-7.71L-5.88,-8.09L-5.36,-8.44L-4.82,-8.76L-4.26,-9.05L-3.68,-9.30L-3.09,-9.51L-2.49,-9.69L-1.87,-9.82L-1.25,-9.92L-0.63,-9.98L0.00,-10.00L0.63,-9.98L1.25,-9.92L1.87,-9.82L2.49,-9.69L3.09,-9.51L3.68,-9.30L4.26,-9.05L4.82,-8.76L5.36,-8.44L5.88,-8.09L6.37,-7.71L6.85,-7.29L7.29,-6.85L7.71,-6.37L8.09,-5.88L8.44,-5.36L8.76,-4.82L9.05,-4.26L9.30,-3.68L9.51,-3.09L9.69,-2.49L9.82,-1.87L9.92,-1.25L9.98,-0.63"]
          RenderPath {circle} at (398.00,198.00) size 44.00x44.00 [transform={m=((2.00,0.00)(0.00,2.00)) t=(0.00,0.00)}] [stroke={[type=SOLID] [color=#C0C0C0] [stroke width=2.00]}] [data="M10.00,0.00L9.98,0.63L9.92,1.25L9.82,1.87L9.69,2.49L9.51,3.09L9.30,3.68L9.05,4.26L8.76,4.82L8.44,5.36L8.09,5.88L7.71,6.37L7.29,6.85L6.85,7.29L6.37,7.71L5.88,8.09L5.36,8.44L4.82,8.76L4.26,9.05L3.68,9.30L3.09,9.51L2.49,9.69L1.87,9.82L1.25,9.92L0.63,9.98L-0.00,10.00L-0.63,9.98L-1.25,9.92L-1.87,9.82L-2.49,9.69L-3.09,9.51L-3.68,9.30L-4.26,9.05L-4.82,8.76L-5.36,8.44L-5.88,8.09L-6.37,7.71L-6.85,7.29L-7.29,6.85L-7.71,6.37L-8.09,5.88L-8.44,5.36L-8.76,4.82L-9.05,4.26L-9.30,3.68L-9.51,3.09L-9.69,2.49L-9.82,1.87L-9.92,1.25L-9.98,0.63L-10.00,-0.00L-9.98,-0.63L-9.92,-1.25L-9.82,-1.87L-9.69,-2.49L-9.51,-3.09L-9.30,-3.68L-9.05,-4.26L-8.76,-4.82L-8.44,-5.36L-8.09,-5.88L-7.71,-6.37L-7.29,-6.85L-6.85,-7.29L-6.37,-7.71L-5.88,-8.09L-5.36,-8.44L-4.82,-8.76L-4.26,-9.05L-3.68,-9.30L-3.09,-9.51L-2.49,-9.69L-1.87,-9.82L-1.25,-9.92L-0.63,-9.98L0.00,-10.00L0.63,-9.98L1.25,-9.92L1.87,-9.82L2.49,-9.69L3.09,-9.51L3.68,-9.30L4.26,-9.05L4.82,-8.76L5.36,-8.44L5.88,-8.09L6.37,-7.71L6.85,-7.29L7.29,-6.85L7.71,-6.37L8.09,-5.88L8.44,-5.36L8.76,-4.82L9.05,-4.26L9.30,-3.68L9.51,-3.09L9.69,-2.49L9.82,-1.87L9.92,-1.25L9.98,-0.63"]
          RenderPath {circle} at (408.00,208.00) size 24.00x24.00 [stroke={[type=SOLID] [color=#C0C0C0] [stroke width=4.00]}] [data="M10.00,0.00L9.98,0.63L9.92,1.25L9.82,1.87L9.69,2.49L9.51,3.09L9.30,3.68L9.05,4.26L8.76,4.82L8.44,5.36L8.09,5.88L7.71,6.37L7.29,6.85L6.85,7.29L6.37,7.71L5.88,8.09L5.36,8.44L4.82,8.76L4.26,9.05L3.68,9.30L3.09,9.51L2.49,9.69L1.87,9.82L1.25,9.92L0.63,9.98L-0.00,10.00L-0.63,9.98L-1.25,9.92L-1.87,9.82L-2.49,9.69L-3.09,9.51L-3.68,9.30L-4.26,9.05L-4.82,8.76L-5.36,8.44L-5.88,8.09L-6.37,7.71L-6.85,7.29L-7.29,6.85L-7.71,6.37L-8.09,5.88L-8.44,5.36L-8.76,4.82L-9.05,4.26L-9.30,3.68L-9.51,3.09L-9.69,2.49L-9.82,1.87L-9.92,1.25L-9.98,0.63L-10.00,-0.00L-9.98,-0.63L-9.92,-1.25L-9.82,-1.87L-9.69,-2.49L-9.51,-3.09L-9.30,-3.68L-9.05,-4.26L-8.76,-4.82L-8.44,-5.36L-8.09,-5.88L-7.71,-6.37L-7.29,-6.85L-6.85,-7.29L-6.37,-7.71L-5.88,-8.09L-5.36,-8.44L-4.82,-8.76L-4.26,-9.05L-3.68,-9.30L-3.09,-9.51L-2.49,-9.69L-1.87,-9.82L-1.25,-9.92L-0.63,-9.98L0.00,-10.00L0.63,-9.98L1.25,-9.92L1.87,-9.82L2.49,-9.69L3.09,-9.51L3.68,-9.30L4.26,-9.05L4.82,-8.76L5.36,-8.44L5.88,-8.09L6.37,-7.71L6.85,-7.29L7.29,-6.85L7.71,-6.37L8.09,-5.88L8.44,-5.36L8.76,-4.82L9.05,-4.26L9.30,-3.68L9.51,-3.09L9.69,-2.49L9.82,-1.87L9.92,-1.25L9.98,-0.63"]
          RenderPath {circle} at (380,180) size 80x80 [transform={m=((4.00,0.00)(0.00,4.00)) t=(0.00,0.00)}] [fill={[type=SOLID] [color=#C85050]}] [data="M10.00,0.00L9.98,0.63L9.92,1.25L9.82,1.87L9.69,2.49L9.51,3.09L9.30,3.68L9.05,4.26L8.76,4.82L8.44,5.36L8.09,5.88L7.71,6.37L7.29,6.85L6.85,7.29L6.37,7.71L5.88,8.09L5.36,8.44L4.82,8.76L4.26,9.05L3.68,9.30L3.09,9.51L2.49,9.69L1.87,9.82L1.25,9.92L0.63,9.98L-0.00,10.00L-0.63,9.98L-1.25,9.92L-1.87,9.82L-2.49,9.69L-3.09,9.51L-3.68,9.30L-4.26,9.05L-4.82,8.76L-5.36,8.44L-5.88,8.09L-6.37,7.71L-6.85,7.29L-7.29,6.85L-7.71,6.37L-8.09,5.88L-8.44,5.36L-8.76,4.82L-9.05,4.26L-9.30,3.68L-9.51,3.09L-9.69,2.49L-9.82,1.87L-9.92,1.25L-9.98,0.63L-10.00,-0.00L-9.98,-0.63L-9.92,-1.25L-9.82,-1.87L-9.69,-2.49L-9.51,-3.09L-9.30,-3.68L-9.05,-4.26L-8.76,-4.82L-8.44,-5.36L-8.09,-5.88L-7.71,-6.37L-7.29,-6.85L-6.85,-7.29L-6.37,-7.71L-5.88,-8.09L-5.36,-8.44L-4.82,-8.76L-4.26,-9.05L-3.68,-9.30L-3.09,-9.51L-2.49,-9.69L-1.87,-9.82L-1.25,-9.92L-0.63,-9.98L0.00,-10.00L0.63,-9.98L1.25,-9.92L1.87,-9.82L2.49,-9.69L3.09,-9.51L3.68,-9.30L4.26,-9.05L4.82,-8.76L5.36,-8.44L5.88,-8.09L6.37,-7.71L6.85,-7.29L7.29,-6.85L7.71,-6.37L8.09,-5.88L8.44,-5.36L8.76,-4.82L9.05,-4.26L9.30,-3.68L9.51,-3.09L9.69,-2.49L9.82,-1.87L9.92,-1.25L9.98,-0.63"]
          RenderSVGText {text} at (0,60) size 480x18
            RenderSVGInlineText {#text} at (-33,-14) size 67x18
              text run at (-33,-14) width 67: "type=scale"
          RenderSVGText {text} at (0,75) size 480x18
            RenderSVGInlineText {#text} at (-28,-14) size 56x18
              text run at (-28,-14) width 56: "(sx only)"
