layer at (0,0) size 480x360
  RenderView at (0,0) size 480x360
    RenderSVGContainer {svg} at (0.50,0.50) size 479x359
      RenderSVGText {text} at (10,340) size 480x46
        RenderSVGInlineText {#text} at (0,-36) size 284x46
          text run at (0,-36) width 284: "$Revision: 1.11 $"
      RenderPath {rect} at (0.50,0.50) size 479x359 [stroke={[type=SOLID] [color=#000000]}] [data="M1.00,1.00L479.00,1.00L479.00,359.00L1.00,359.00"]
      RenderSVGText {text} at (240,25) size 480x18
        RenderSVGInlineText {#text} at (-107,-14) size 215x18
          text run at (-107,-14) width 215: "<animateTransform> on structure,"
      RenderSVGText {text} at (240,45) size 480x18
        RenderSVGInlineText {#text} at (-96,-14) size 193x18
          text run at (-96,-14) width 193: "hyperlinking and text elements"
      RenderSVGContainer {g} at (29.50,59.50) size 421x224.50
        RenderSVGContainer {g} at (29.50,59.50) size 61x94.50 [transform={m=((1.00,0.00)(0.00,1.00)) t=(60.00,90.00)}]
          RenderSVGContainer {g} at (29.50,59.50) size 61x61
            RenderPath {path} at (59.50,59.50) size 31x31 [stroke={[type=SOLID] [color=#FFB400]}] [fill={[type=SOLID] [color=#E6E6E6]}] [data="M0.00,0.00C30.00,0.00,30.00,0.00,30.00,-30.00C0.00,-30.00,0.00,-30.00,0.00,0.00"]
            RenderPath {path} at (59.50,89.50) size 31x31 [transform={m=((-0.00,1.00)(-1.00,-0.00)) t=(0.00,0.00)}] [stroke={[type=SOLID] [color=#FFB400]}] [fill={[type=SOLID] [color=#E6E6E6]}] [data="M0.00,0.00C30.00,0.00,30.00,0.00,30.00,-30.00C0.00,-30.00,0.00,-30.00,0.00,0.00"]
            RenderPath {path} at (29.50,89.50) size 31x31 [transform={m=((-1.00,-0.00)(0.00,-1.00)) t=(0.00,0.00)}] [stroke={[type=SOLID] [color=#FFB400]}] [fill={[type=SOLID] [color=#E6E6E6]}] [data="M0.00,0.00C30.00,0.00,30.00,0.00,30.00,-30.00C0.00,-30.00,0.00,-30.00,0.00,0.00"]
            RenderPath {path} at (29.50,59.50) size 31x31 [transform={m=((0.00,-1.00)(1.00,0.00)) t=(0.00,0.00)}] [stroke={[type=SOLID] [color=#FFB400]}] [fill={[type=SOLID] [color=#E6E6E6]}] [data="M0.00,0.00C30.00,0.00,30.00,0.00,30.00,-30.00C0.00,-30.00,0.00,-30.00,0.00,0.00"]
            RenderPath {rect} at (44.50,74.50) size 31x31 [stroke={[type=SOLID] [color=#FFB400]}] [fill={[type=SOLID] [color=#E6E6E6]}] [data="M-15.00,-15.00L15.00,-15.00L15.00,15.00L-15.00,15.00"]
          RenderSVGText {text} at (0,60) size 480x18
            RenderSVGInlineText {#text} at (-13,-14) size 26x18
              text run at (-13,-14) width 26: "<g>"
        RenderSVGContainer {g} at (147.80,67.80) size 64.40x86.20 [transform={m=((1.00,0.00)(0.00,1.00)) t=(180.00,110.00)}]
          RenderSVGContainer {g} at (147.80,67.80) size 64.40x54.40
            RenderSVGContainer {use} at (147.80,67.80) size 24.40x24.40 [transform={m=((0.40,0.00)(0.00,0.40)) t=(-20.00,-30.00)}]
              RenderSVGContainer {g} at (147.80,67.80) size 24.40x24.40
                RenderSVGContainer {g} at (147.80,67.80) size 24.40x24.40
                  RenderPath {path} at (159.80,67.80) size 12.40x12.40 [stroke={[type=SOLID] [color=#FFB400]}] [fill={[type=SOLID] [color=#E6E6E6]}] [data="M0.00,0.00C30.00,0.00,30.00,0.00,30.00,-30.00C0.00,-30.00,0.00,-30.00,0.00,0.00"]
                  RenderPath {path} at (159.80,79.80) size 12.40x12.40 [transform={m=((-0.00,1.00)(-1.00,-0.00)) t=(0.00,0.00)}] [stroke={[type=SOLID] [color=#FFB400]}] [fill={[type=SOLID] [color=#E6E6E6]}] [data="M0.00,0.00C30.00,0.00,30.00,0.00,30.00,-30.00C0.00,-30.00,0.00,-30.00,0.00,0.00"]
                  RenderPath {path} at (147.80,79.80) size 12.40x12.40 [transform={m=((-1.00,-0.00)(0.00,-1.00)) t=(0.00,0.00)}] [stroke={[type=SOLID] [color=#FFB400]}] [fill={[type=SOLID] [color=#E6E6E6]}] [data="M0.00,0.00C30.00,0.00,30.00,0.00,30.00,-30.00C0.00,-30.00,0.00,-30.00,0.00,0.00"]
                  RenderPath {path} at (147.80,67.80) size 12.40x12.40 [transform={m=((0.00,-1.00)(1.00,0.00)) t=(0.00,0.00)}] [stroke={[type=SOLID] [color=#FFB400]}] [fill={[type=SOLID] [color=#E6E6E6]}] [data="M0.00,0.00C30.00,0.00,30.00,0.00,30.00,-30.00C0.00,-30.00,0.00,-30.00,0.00,0.00"]
                  RenderPath {rect} at (153.80,73.80) size 12.40x12.40 [stroke={[type=SOLID] [color=#FFB400]}] [fill={[type=SOLID] [color=#E6E6E6]}] [data="M-15.00,-15.00L15.00,-15.00L15.00,15.00L-15.00,15.00"]
            RenderSVGContainer {use} at (147.80,97.80) size 24.40x24.40 [transform={m=((0.40,0.00)(0.00,0.40)) t=(-20.00,0.00)}]
              RenderSVGContainer {g} at (147.80,97.80) size 24.40x24.40
                RenderSVGContainer {g} at (147.80,97.80) size 24.40x24.40
                  RenderPath {path} at (159.80,97.80) size 12.40x12.40 [stroke={[type=SOLID] [color=#FFB400]}] [fill={[type=SOLID] [color=#E6E6E6]}] [data="M0.00,0.00C30.00,0.00,30.00,0.00,30.00,-30.00C0.00,-30.00,0.00,-30.00,0.00,0.00"]
                  RenderPath {path} at (159.80,109.80) size 12.40x12.40 [transform={m=((-0.00,1.00)(-1.00,-0.00)) t=(0.00,0.00)}] [stroke={[type=SOLID] [color=#FFB400]}] [fill={[type=SOLID] [color=#E6E6E6]}] [data="M0.00,0.00C30.00,0.00,30.00,0.00,30.00,-30.00C0.00,-30.00,0.00,-30.00,0.00,0.00"]
                  RenderPath {path} at (147.80,109.80) size 12.40x12.40 [transform={m=((-1.00,-0.00)(0.00,-1.00)) t=(0.00,0.00)}] [stroke={[type=SOLID] [color=#FFB400]}] [fill={[type=SOLID] [color=#E6E6E6]}] [data="M0.00,0.00C30.00,0.00,30.00,0.00,30.00,-30.00C0.00,-30.00,0.00,-30.00,0.00,0.00"]
                  RenderPath {path} at (147.80,97.80) size 12.40x12.40 [transform={m=((0.00,-1.00)(1.00,0.00)) t=(0.00,0.00)}] [stroke={[type=SOLID] [color=#FFB400]}] [fill={[type=SOLID] [color=#E6E6E6]}] [data="M0.00,0.00C30.00,0.00,30.00,0.00,30.00,-30.00C0.00,-30.00,0.00,-30.00,0.00,0.00"]
                  RenderPath {rect} at (153.80,103.80) size 12.40x12.40 [stroke={[type=SOLID] [color=#FFB400]}] [fill={[type=SOLID] [color=#E6E6E6]}] [data="M-15.00,-15.00L15.00,-15.00L15.00,15.00L-15.00,15.00"]
            RenderSVGContainer {use} at (187.80,67.80) size 24.40x24.40 [transform={m=((0.40,0.00)(0.00,0.40)) t=(20.00,-30.00)}]
              RenderSVGContainer {g} at (187.80,67.80) size 24.40x24.40
                RenderSVGContainer {g} at (187.80,67.80) size 24.40x24.40
                  RenderPath {path} at (199.80,67.80) size 12.40x12.40 [stroke={[type=SOLID] [color=#FFB400]}] [fill={[type=SOLID] [color=#E6E6E6]}] [data="M0.00,0.00C30.00,0.00,30.00,0.00,30.00,-30.00C0.00,-30.00,0.00,-30.00,0.00,0.00"]
                  RenderPath {path} at (199.80,79.80) size 12.40x12.40 [transform={m=((-0.00,1.00)(-1.00,-0.00)) t=(0.00,0.00)}] [stroke={[type=SOLID] [color=#FFB400]}] [fill={[type=SOLID] [color=#E6E6E6]}] [data="M0.00,0.00C30.00,0.00,30.00,0.00,30.00,-30.00C0.00,-30.00,0.00,-30.00,0.00,0.00"]
                  RenderPath {path} at (187.80,79.80) size 12.40x12.40 [transform={m=((-1.00,-0.00)(0.00,-1.00)) t=(0.00,0.00)}] [stroke={[type=SOLID] [color=#FFB400]}] [fill={[type=SOLID] [color=#E6E6E6]}] [data="M0.00,0.00C30.00,0.00,30.00,0.00,30.00,-30.00C0.00,-30.00,0.00,-30.00,0.00,0.00"]
                  RenderPath {path} at (187.80,67.80) size 12.40x12.40 [transform={m=((0.00,-1.00)(1.00,0.00)) t=(0.00,0.00)}] [stroke={[type=SOLID] [color=#FFB400]}] [fill={[type=SOLID] [color=#E6E6E6]}] [data="M0.00,0.00C30.00,0.00,30.00,0.00,30.00,-30.00C0.00,-30.00,0.00,-30.00,0.00,0.00"]
                  RenderPath {rect} at (193.80,73.80) size 12.40x12.40 [stroke={[type=SOLID] [color=#FFB400]}] [fill={[type=SOLID] [color=#E6E6E6]}] [data="M-15.00,-15.00L15.00,-15.00L15.00,15.00L-15.00,15.00"]
            RenderSVGContainer {use} at (187.80,97.80) size 24.40x24.40 [transform={m=((0.40,0.00)(0.00,0.40)) t=(20.00,0.00)}]
              RenderSVGContainer {g} at (187.80,97.80) size 24.40x24.40
                RenderSVGContainer {g} at (187.80,97.80) size 24.40x24.40
                  RenderPath {path} at (199.80,97.80) size 12.40x12.40 [stroke={[type=SOLID] [color=#FFB400]}] [fill={[type=SOLID] [color=#E6E6E6]}] [data="M0.00,0.00C30.00,0.00,30.00,0.00,30.00,-30.00C0.00,-30.00,0.00,-30.00,0.00,0.00"]
                  RenderPath {path} at (199.80,109.80) size 12.40x12.40 [transform={m=((-0.00,1.00)(-1.00,-0.00)) t=(0.00,0.00)}] [stroke={[type=SOLID] [color=#FFB400]}] [fill={[type=SOLID] [color=#E6E6E6]}] [data="M0.00,0.00C30.00,0.00,30.00,0.00,30.00,-30.00C0.00,-30.00,0.00,-30.00,0.00,0.00"]
                  RenderPath {path} at (187.80,109.80) size 12.40x12.40 [transform={m=((-1.00,-0.00)(0.00,-1.00)) t=(0.00,0.00)}] [stroke={[type=SOLID] [color=#FFB400]}] [fill={[type=SOLID] [color=#E6E6E6]}] [data="M0.00,0.00C30.00,0.00,30.00,0.00,30.00,-30.00C0.00,-30.00,0.00,-30.00,0.00,0.00"]
                  RenderPath {path} at (187.80,97.80) size 12.40x12.40 [transform={m=((0.00,-1.00)(1.00,0.00)) t=(0.00,0.00)}] [stroke={[type=SOLID] [color=#FFB400]}] [fill={[type=SOLID] [color=#E6E6E6]}] [data="M0.00,0.00C30.00,0.00,30.00,0.00,30.00,-30.00C0.00,-30.00,0.00,-30.00,0.00,0.00"]
                  RenderPath {rect} at (193.80,103.80) size 12.40x12.40 [stroke={[type=SOLID] [color=#FFB400]}] [fill={[type=SOLID] [color=#E6E6E6]}] [data="M-15.00,-15.00L15.00,-15.00L15.00,15.00L-15.00,15.00"]
          RenderSVGText {text} at (0,40) size 480x18
            RenderSVGInlineText {#text} at (-19,-14) size 39x18
              text run at (-19,-14) width 39: "<use>"
        RenderSVGContainer {g} at (270,60) size 60x94 [transform={m=((1.00,0.00)(0.00,1.00)) t=(300.00,90.00)}]
          RenderImage {image} at (0,0) size 60x60
          RenderSVGText {text} at (0,60) size 480x18
            RenderSVGInlineText {#text} at (-28,-14) size 56x18
              text run at (-28,-14) width 56: "<image>"
        RenderSVGContainer {g} at (389.50,59.50) size 61x94.50 [transform={m=((1.00,0.00)(0.00,1.00)) t=(420.00,90.00)}]
          RenderSVGContainer {switch} at (389.50,59.50) size 61x61
            RenderSVGContainer {g} at (389.50,59.50) size 61x61
              RenderPath {path} at (419.50,59.50) size 31x31 [stroke={[type=SOLID] [color=#FFB400]}] [fill={[type=SOLID] [color=#E6E6E6]}] [data="M0.00,0.00C30.00,0.00,30.00,0.00,30.00,-30.00C0.00,-30.00,0.00,-30.00,0.00,0.00"]
              RenderPath {path} at (419.50,89.50) size 31x31 [transform={m=((-0.00,1.00)(-1.00,-0.00)) t=(0.00,0.00)}] [stroke={[type=SOLID] [color=#FFB400]}] [fill={[type=SOLID] [color=#E6E6E6]}] [data="M0.00,0.00C30.00,0.00,30.00,0.00,30.00,-30.00C0.00,-30.00,0.00,-30.00,0.00,0.00"]
              RenderPath {path} at (389.50,89.50) size 31x31 [transform={m=((-1.00,-0.00)(0.00,-1.00)) t=(0.00,0.00)}] [stroke={[type=SOLID] [color=#FFB400]}] [fill={[type=SOLID] [color=#E6E6E6]}] [data="M0.00,0.00C30.00,0.00,30.00,0.00,30.00,-30.00C0.00,-30.00,0.00,-30.00,0.00,0.00"]
              RenderPath {path} at (389.50,59.50) size 31x31 [transform={m=((0.00,-1.00)(1.00,0.00)) t=(0.00,0.00)}] [stroke={[type=SOLID] [color=#FFB400]}] [fill={[type=SOLID] [color=#E6E6E6]}] [data="M0.00,0.00C30.00,0.00,30.00,0.00,30.00,-30.00C0.00,-30.00,0.00,-30.00,0.00,0.00"]
              RenderPath {rect} at (404.50,74.50) size 31x31 [stroke={[type=SOLID] [color=#FFB400]}] [fill={[type=SOLID] [color=#E6E6E6]}] [data="M-15.00,-15.00L15.00,-15.00L15.00,15.00L-15.00,15.00"]
          RenderSVGText {text} at (0,60) size 480x18
            RenderSVGInlineText {#text} at (-29,-14) size 59x18
              text run at (-29,-14) width 59: "<switch>"
        RenderSVGContainer {g} at (29.50,189.50) size 61x94.50 [transform={m=((1.00,0.00)(0.00,1.00)) t=(60.00,220.00)}]
          RenderSVGContainer {a} at (29.50,189.50) size 61x61
            RenderSVGContainer {g} at (29.50,189.50) size 61x61
              RenderPath {path} at (59.50,189.50) size 31x31 [stroke={[type=SOLID] [color=#FFB400]}] [fill={[type=SOLID] [color=#E6E6E6]}] [data="M0.00,0.00C30.00,0.00,30.00,0.00,30.00,-30.00C0.00,-30.00,0.00,-30.00,0.00,0.00"]
              RenderPath {path} at (59.50,219.50) size 31x31 [transform={m=((-0.00,1.00)(-1.00,-0.00)) t=(0.00,0.00)}] [stroke={[type=SOLID] [color=#FFB400]}] [fill={[type=SOLID] [color=#E6E6E6]}] [data="M0.00,0.00C30.00,0.00,30.00,0.00,30.00,-30.00C0.00,-30.00,0.00,-30.00,0.00,0.00"]
              RenderPath {path} at (29.50,219.50) size 31x31 [transform={m=((-1.00,-0.00)(0.00,-1.00)) t=(0.00,0.00)}] [stroke={[type=SOLID] [color=#FFB400]}] [fill={[type=SOLID] [color=#E6E6E6]}] [data="M0.00,0.00C30.00,0.00,30.00,0.00,30.00,-30.00C0.00,-30.00,0.00,-30.00,0.00,0.00"]
              RenderPath {path} at (29.50,189.50) size 31x31 [transform={m=((0.00,-1.00)(1.00,0.00)) t=(0.00,0.00)}] [stroke={[type=SOLID] [color=#FFB400]}] [fill={[type=SOLID] [color=#E6E6E6]}] [data="M0.00,0.00C30.00,0.00,30.00,0.00,30.00,-30.00C0.00,-30.00,0.00,-30.00,0.00,0.00"]
              RenderPath {rect} at (44.50,204.50) size 31x31 [stroke={[type=SOLID] [color=#FFB400]}] [fill={[type=SOLID] [color=#E6E6E6]}] [data="M-15.00,-15.00L15.00,-15.00L15.00,15.00L-15.00,15.00"]
          RenderSVGText {text} at (0,60) size 480x18
            RenderSVGInlineText {#text} at (-12,-14) size 25x18
              text run at (-12,-14) width 25: "<a>"
        RenderSVGContainer {g} at (150,184) size 60x100 [transform={m=((1.00,0.00)(0.00,1.00)) t=(180.00,220.00)}]
          RenderSVGHiddenContainer {defs} at (0,0) size 0x0
          RenderSVGText {text} at (0,0) size 480x46 [color=#FFB400]
            RenderSVGInlineText {#text} at (-30,-36) size 60x46
              text run at (-30,-36) width 60: "123"
          RenderSVGText {text} at (0,60) size 480x18
            RenderSVGInlineText {#text} at (-20,-14) size 41x18
              text run at (-20,-14) width 41: "<text>"
