layer at (0,0) size 480x360
  RenderView at (0,0) size 480x360
    KCanvasContainer {svg} at (0.50,0.50) size 479x359
      KCanvasContainer {g} at (14,26) size 413x221
        RenderSVGText {text} at (225,40) size 480x17
          RenderSVGInlineText {#text} at (-197,-14) size 394x17
            text run at (-197,-14) width 394: "Test animation options for specifying the target element."
        KCanvasContainer {g} at (14,78) size 413x169
          RenderSVGText {text} at (80,244) size 480x16
            RenderSVGInlineText {#text} at (-66,-13) size 66x16
              text run at (-66,-13) width 66: "0 to 3 sec."
          KCanvasItem {line} at (80,238.50) size 120x3 [stroke={[type=SOLID] [color=#008000] [stroke width=3.00]}] [data="M80.00,240.00L200.00,240.00"]
          RenderSVGText {text} at (80,124) size 480x16
            RenderSVGInlineText {#text} at (-54,-13) size 54x16
              text run at (-54,-13) width 54: "at 6 sec."
          KCanvasItem {line} at (80,118.50) size 120x3 [stroke={[type=SOLID] [color=#008000] [stroke width=3.00]}] [data="M80.00,120.00L200.00,120.00"]
          KCanvasItem {rect} at (98,78) size 104x164 [stroke={[type=SOLID] [color=#0000FF] [stroke width=4.00]}] [fill={[type=SOLID] [color=#FF0000]}] [data="M100.00,80.00L200.00,80.00L200.00,240.00L100.00,240.00"]
          RenderSVGText {text} at (305,244) size 480x16
            RenderSVGInlineText {#text} at (-66,-13) size 66x16
              text run at (-66,-13) width 66: "0 to 6 sec."
          KCanvasItem {line} at (305,238.50) size 120x3 [stroke={[type=SOLID] [color=#008000] [stroke width=3.00]}] [data="M305.00,240.00L425.00,240.00"]
          RenderSVGText {text} at (305,124) size 480x16
            RenderSVGInlineText {#text} at (-54,-13) size 54x16
              text run at (-54,-13) width 54: "at 9 sec."
          KCanvasItem {line} at (305,118.50) size 120x3 [stroke={[type=SOLID] [color=#008000] [stroke width=3.00]}] [data="M305.00,120.00L425.00,120.00"]
          KCanvasItem {rect} at (323,78) size 104x164 [stroke={[type=SOLID] [color=#0000FF] [stroke width=4.00]}] [fill={[type=SOLID] [color=#FF0000]}] [data="M325.00,80.00L425.00,80.00L425.00,240.00L325.00,240.00"]
      RenderSVGText {text} at (10,340) size 480x46
        RenderSVGInlineText {#text} at (0,-36) size 264x46
          text run at (0,-36) width 264: "$Revision: 1.1 $"
      KCanvasItem {rect} at (0.50,0.50) size 479x359 [stroke={[type=SOLID] [color=#000000]}] [data="M1.00,1.00L479.00,1.00L479.00,359.00L1.00,359.00"]
