layer at (0,0) size 480x360
  RenderView at (0,0) size 480x360
    RenderSVGContainer {svg} at (0.50,0.50) size 479x359
      RenderSVGText {text} at (240,25) size 480x18
        RenderSVGInlineText {#text} at (-95,-14) size 191x18
          text run at (-95,-14) width 191: "<animate> of x/y/width/height"
      RenderSVGContainer {g} at (9,39) size 456x250
        RenderSVGContainer {g} at (19,54.50) size 83x99.50 [transform={m=((1.00,0.00)(0.00,1.00)) t=(60.00,90.00)}]
          RenderSVGContainer {defs} at (39.50,69.50) size 41x41
            RenderPath {rect} at (57,87) size 6x6 [fill={[type=SOLID] [color=#000000]}] [data="M-3.00,-3.00L3.00,-3.00L3.00,3.00L-3.00,3.00"]
            RenderSVGContainer {g} at (41.50,71.50) size 37x37
              RenderSVGContainer {use} at (41.50,71.50) size 7x7
                RenderSVGContainer {g} at (41.50,71.50) size 7x7 [transform={m=((1.00,0.00)(0.00,1.00)) t=(-15.00,-15.00)}]
                  RenderPath {rect} at (41.50,71.50) size 7x7 [stroke={[type=SOLID] [color=#FFB400]}] [fill={[type=SOLID] [color=#E6E6E6]}] [data="M-3.00,-3.00L3.00,-3.00L3.00,3.00L-3.00,3.00"]
              RenderSVGContainer {use} at (71.50,71.50) size 7x7
                RenderSVGContainer {g} at (71.50,71.50) size 7x7 [transform={m=((1.00,0.00)(0.00,1.00)) t=(15.00,-15.00)}]
                  RenderPath {rect} at (71.50,71.50) size 7x7 [stroke={[type=SOLID] [color=#FFB400]}] [fill={[type=SOLID] [color=#E6E6E6]}] [data="M-3.00,-3.00L3.00,-3.00L3.00,3.00L-3.00,3.00"]
              RenderSVGContainer {use} at (71.50,101.50) size 7x7
                RenderSVGContainer {g} at (71.50,101.50) size 7x7 [transform={m=((1.00,0.00)(0.00,1.00)) t=(15.00,15.00)}]
                  RenderPath {rect} at (71.50,101.50) size 7x7 [stroke={[type=SOLID] [color=#FFB400]}] [fill={[type=SOLID] [color=#E6E6E6]}] [data="M-3.00,-3.00L3.00,-3.00L3.00,3.00L-3.00,3.00"]
              RenderSVGContainer {use} at (41.50,101.50) size 7x7
                RenderSVGContainer {g} at (41.50,101.50) size 7x7 [transform={m=((1.00,0.00)(0.00,1.00)) t=(-15.00,15.00)}]
                  RenderPath {rect} at (41.50,101.50) size 7x7 [stroke={[type=SOLID] [color=#FFB400]}] [fill={[type=SOLID] [color=#E6E6E6]}] [data="M-3.00,-3.00L3.00,-3.00L3.00,3.00L-3.00,3.00"]
            RenderPath {path} at (39.50,69.50) size 41x41 [stroke={[type=SOLID] [color=#FFB400]}] [fill={[type=SOLID] [color=#E6E6E6]}] [data="M0.00,0.00C13.33,0.00,20.00,-6.67,20.00,-20.00C6.67,-20.00,0.00,-13.33,0.00,0.00C0.00,-13.33,-6.67,-20.00,-20.00,-20.00C-20.00,-6.67,-13.33,0.00,0.00,0.00C-13.33,0.00,-20.00,6.67,-20.00,20.00C-6.67,20.00,0.00,13.33,0.00,0.00C0.00,13.33,6.67,20.00,20.00,20.00C20.00,6.67,13.33,0.00,0.00,0.00"]
          RenderSVGContainer {use} at (24.50,54.50) size 41x41
            RenderSVGContainer {g} at (24.50,54.50) size 41x41 [transform={m=((1.00,0.00)(0.00,1.00)) t=(-15.00,-15.00)}]
              RenderPath {path} at (24.50,54.50) size 41x41 [stroke={[type=SOLID] [color=#FFB400]}] [fill={[type=SOLID] [color=#E6E6E6]}] [data="M0.00,0.00C13.33,0.00,20.00,-6.67,20.00,-20.00C6.67,-20.00,0.00,-13.33,0.00,0.00C0.00,-13.33,-6.67,-20.00,-20.00,-20.00C-20.00,-6.67,-13.33,0.00,0.00,0.00C-13.33,0.00,-20.00,6.67,-20.00,20.00C-6.67,20.00,0.00,13.33,0.00,0.00C0.00,13.33,6.67,20.00,20.00,20.00C20.00,6.67,13.33,0.00,0.00,0.00"]
          RenderSVGContainer {use} at (41.50,71.50) size 37x37
            RenderSVGContainer {g} at (41.50,71.50) size 37x37
              RenderSVGContainer {g} at (41.50,71.50) size 37x37
                RenderSVGContainer {use} at (41.50,71.50) size 7x7
                  RenderSVGContainer {g} at (41.50,71.50) size 7x7 [transform={m=((1.00,0.00)(0.00,1.00)) t=(-15.00,-15.00)}]
                    RenderPath {rect} at (41.50,71.50) size 7x7 [stroke={[type=SOLID] [color=#FFB400]}] [fill={[type=SOLID] [color=#E6E6E6]}] [data="M-3.00,-3.00L3.00,-3.00L3.00,3.00L-3.00,3.00"]
                RenderSVGContainer {use} at (71.50,71.50) size 7x7
                  RenderSVGContainer {g} at (71.50,71.50) size 7x7 [transform={m=((1.00,0.00)(0.00,1.00)) t=(15.00,-15.00)}]
                    RenderPath {rect} at (71.50,71.50) size 7x7 [stroke={[type=SOLID] [color=#FFB400]}] [fill={[type=SOLID] [color=#E6E6E6]}] [data="M-3.00,-3.00L3.00,-3.00L3.00,3.00L-3.00,3.00"]
                RenderSVGContainer {use} at (71.50,101.50) size 7x7
                  RenderSVGContainer {g} at (71.50,101.50) size 7x7 [transform={m=((1.00,0.00)(0.00,1.00)) t=(15.00,15.00)}]
                    RenderPath {rect} at (71.50,101.50) size 7x7 [stroke={[type=SOLID] [color=#FFB400]}] [fill={[type=SOLID] [color=#E6E6E6]}] [data="M-3.00,-3.00L3.00,-3.00L3.00,3.00L-3.00,3.00"]
                RenderSVGContainer {use} at (41.50,101.50) size 7x7
                  RenderSVGContainer {g} at (41.50,101.50) size 7x7 [transform={m=((1.00,0.00)(0.00,1.00)) t=(-15.00,15.00)}]
                    RenderPath {rect} at (41.50,101.50) size 7x7 [stroke={[type=SOLID] [color=#FFB400]}] [fill={[type=SOLID] [color=#E6E6E6]}] [data="M-3.00,-3.00L3.00,-3.00L3.00,3.00L-3.00,3.00"]
          RenderSVGText {text} at (0,60) size 480x18
            RenderSVGInlineText {#text} at (-41,-14) size 83x18
              text run at (-41,-14) width 83: "x/y on <use>"
        RenderSVGContainer {g} at (130,71.50) size 100x82.50 [transform={m=((1.00,0.00)(0.00,1.00)) t=(180.00,90.00)}]
          RenderImage {image} at (0,0) size 50x50
          RenderSVGContainer {use} at (161.50,71.50) size 37x37
            RenderSVGContainer {g} at (161.50,71.50) size 37x37
              RenderSVGContainer {g} at (161.50,71.50) size 37x37
                RenderSVGContainer {use} at (161.50,71.50) size 7x7
                  RenderSVGContainer {g} at (161.50,71.50) size 7x7 [transform={m=((1.00,0.00)(0.00,1.00)) t=(-15.00,-15.00)}]
                    RenderPath {rect} at (161.50,71.50) size 7x7 [stroke={[type=SOLID] [color=#FFB400]}] [fill={[type=SOLID] [color=#E6E6E6]}] [data="M-3.00,-3.00L3.00,-3.00L3.00,3.00L-3.00,3.00"]
                RenderSVGContainer {use} at (191.50,71.50) size 7x7
                  RenderSVGContainer {g} at (191.50,71.50) size 7x7 [transform={m=((1.00,0.00)(0.00,1.00)) t=(15.00,-15.00)}]
                    RenderPath {rect} at (191.50,71.50) size 7x7 [stroke={[type=SOLID] [color=#FFB400]}] [fill={[type=SOLID] [color=#E6E6E6]}] [data="M-3.00,-3.00L3.00,-3.00L3.00,3.00L-3.00,3.00"]
                RenderSVGContainer {use} at (191.50,101.50) size 7x7
                  RenderSVGContainer {g} at (191.50,101.50) size 7x7 [transform={m=((1.00,0.00)(0.00,1.00)) t=(15.00,15.00)}]
                    RenderPath {rect} at (191.50,101.50) size 7x7 [stroke={[type=SOLID] [color=#FFB400]}] [fill={[type=SOLID] [color=#E6E6E6]}] [data="M-3.00,-3.00L3.00,-3.00L3.00,3.00L-3.00,3.00"]
                RenderSVGContainer {use} at (161.50,101.50) size 7x7
                  RenderSVGContainer {g} at (161.50,101.50) size 7x7 [transform={m=((1.00,0.00)(0.00,1.00)) t=(-15.00,15.00)}]
                    RenderPath {rect} at (161.50,101.50) size 7x7 [stroke={[type=SOLID] [color=#FFB400]}] [fill={[type=SOLID] [color=#E6E6E6]}] [data="M-3.00,-3.00L3.00,-3.00L3.00,3.00L-3.00,3.00"]
          RenderSVGText {text} at (0,60) size 480x18
            RenderSVGInlineText {#text} at (-50,-14) size 100x18
              text run at (-50,-14) width 100: "x/y on <image>"
        RenderSVGContainer {g} at (258,71.50) size 85x82.50 [transform={m=((1.00,0.00)(0.00,1.00)) t=(300.00,90.00)}]
          RenderPath {rect} at (284.50,74.50) size 51x21 [stroke={[type=SOLID] [color=#FFB400]}] [fill={[type=SOLID] [color=#000000]}] [data="M-15.00,-15.00L35.00,-15.00L35.00,5.00L-15.00,5.00"]
          RenderSVGContainer {use} at (281.50,71.50) size 37x37
            RenderSVGContainer {g} at (281.50,71.50) size 37x37
              RenderSVGContainer {g} at (281.50,71.50) size 37x37
                RenderSVGContainer {use} at (281.50,71.50) size 7x7
                  RenderSVGContainer {g} at (281.50,71.50) size 7x7 [transform={m=((1.00,0.00)(0.00,1.00)) t=(-15.00,-15.00)}]
                    RenderPath {rect} at (281.50,71.50) size 7x7 [stroke={[type=SOLID] [color=#FFB400]}] [fill={[type=SOLID] [color=#E6E6E6]}] [data="M-3.00,-3.00L3.00,-3.00L3.00,3.00L-3.00,3.00"]
                RenderSVGContainer {use} at (311.50,71.50) size 7x7
                  RenderSVGContainer {g} at (311.50,71.50) size 7x7 [transform={m=((1.00,0.00)(0.00,1.00)) t=(15.00,-15.00)}]
                    RenderPath {rect} at (311.50,71.50) size 7x7 [stroke={[type=SOLID] [color=#FFB400]}] [fill={[type=SOLID] [color=#E6E6E6]}] [data="M-3.00,-3.00L3.00,-3.00L3.00,3.00L-3.00,3.00"]
                RenderSVGContainer {use} at (311.50,101.50) size 7x7
                  RenderSVGContainer {g} at (311.50,101.50) size 7x7 [transform={m=((1.00,0.00)(0.00,1.00)) t=(15.00,15.00)}]
                    RenderPath {rect} at (311.50,101.50) size 7x7 [stroke={[type=SOLID] [color=#FFB400]}] [fill={[type=SOLID] [color=#E6E6E6]}] [data="M-3.00,-3.00L3.00,-3.00L3.00,3.00L-3.00,3.00"]
                RenderSVGContainer {use} at (281.50,101.50) size 7x7
                  RenderSVGContainer {g} at (281.50,101.50) size 7x7 [transform={m=((1.00,0.00)(0.00,1.00)) t=(-15.00,15.00)}]
                    RenderPath {rect} at (281.50,101.50) size 7x7 [stroke={[type=SOLID] [color=#FFB400]}] [fill={[type=SOLID] [color=#E6E6E6]}] [data="M-3.00,-3.00L3.00,-3.00L3.00,3.00L-3.00,3.00"]
          RenderSVGText {text} at (0,60) size 480x18
            RenderSVGInlineText {#text} at (-42,-14) size 85x18
              text run at (-42,-14) width 85: "x/y on <rect>"
        RenderSVGContainer {g} at (258,71.50) size 85x82.50 [transform={m=((1.00,0.00)(0.00,1.00)) t=(300.00,90.00)}]
          RenderPath {rect} at (284.50,74.50) size 51x21 [stroke={[type=SOLID] [color=#FFB400]}] [fill={[type=SOLID] [color=#000000]}] [data="M-15.00,-15.00L35.00,-15.00L35.00,5.00L-15.00,5.00"]
          RenderSVGContainer {use} at (281.50,71.50) size 37x37
            RenderSVGContainer {g} at (281.50,71.50) size 37x37
              RenderSVGContainer {g} at (281.50,71.50) size 37x37
                RenderSVGContainer {use} at (281.50,71.50) size 7x7
                  RenderSVGContainer {g} at (281.50,71.50) size 7x7 [transform={m=((1.00,0.00)(0.00,1.00)) t=(-15.00,-15.00)}]
                    RenderPath {rect} at (281.50,71.50) size 7x7 [stroke={[type=SOLID] [color=#FFB400]}] [fill={[type=SOLID] [color=#E6E6E6]}] [data="M-3.00,-3.00L3.00,-3.00L3.00,3.00L-3.00,3.00"]
                RenderSVGContainer {use} at (311.50,71.50) size 7x7
                  RenderSVGContainer {g} at (311.50,71.50) size 7x7 [transform={m=((1.00,0.00)(0.00,1.00)) t=(15.00,-15.00)}]
                    RenderPath {rect} at (311.50,71.50) size 7x7 [stroke={[type=SOLID] [color=#FFB400]}] [fill={[type=SOLID] [color=#E6E6E6]}] [data="M-3.00,-3.00L3.00,-3.00L3.00,3.00L-3.00,3.00"]
                RenderSVGContainer {use} at (311.50,101.50) size 7x7
                  RenderSVGContainer {g} at (311.50,101.50) size 7x7 [transform={m=((1.00,0.00)(0.00,1.00)) t=(15.00,15.00)}]
                    RenderPath {rect} at (311.50,101.50) size 7x7 [stroke={[type=SOLID] [color=#FFB400]}] [fill={[type=SOLID] [color=#E6E6E6]}] [data="M-3.00,-3.00L3.00,-3.00L3.00,3.00L-3.00,3.00"]
                RenderSVGContainer {use} at (281.50,101.50) size 7x7
                  RenderSVGContainer {g} at (281.50,101.50) size 7x7 [transform={m=((1.00,0.00)(0.00,1.00)) t=(-15.00,15.00)}]
                    RenderPath {rect} at (281.50,101.50) size 7x7 [stroke={[type=SOLID] [color=#FFB400]}] [fill={[type=SOLID] [color=#E6E6E6]}] [data="M-3.00,-3.00L3.00,-3.00L3.00,3.00L-3.00,3.00"]
          RenderSVGText {text} at (0,60) size 480x18
            RenderSVGInlineText {#text} at (-42,-14) size 85x18
              text run at (-42,-14) width 85: "x/y on <rect>"
        RenderSVGContainer {g} at (378,39) size 87x115 [transform={m=((1.00,0.00)(0.00,1.00)) t=(420.00,90.00)}]
          RenderSVGContainer {defs} at (420,90) size 0x0
          RenderSVGText {text} at (-15,-15) size 480x46
            RenderSVGInlineText {#text} at (0,-36) size 60x46
              text run at (0,-36) width 60: "123"
          RenderSVGContainer {use} at (401.50,71.50) size 37x37
            RenderSVGContainer {g} at (401.50,71.50) size 37x37
              RenderSVGContainer {g} at (401.50,71.50) size 37x37
                RenderSVGContainer {use} at (401.50,71.50) size 7x7
                  RenderSVGContainer {g} at (401.50,71.50) size 7x7 [transform={m=((1.00,0.00)(0.00,1.00)) t=(-15.00,-15.00)}]
                    RenderPath {rect} at (401.50,71.50) size 7x7 [stroke={[type=SOLID] [color=#FFB400]}] [fill={[type=SOLID] [color=#E6E6E6]}] [data="M-3.00,-3.00L3.00,-3.00L3.00,3.00L-3.00,3.00"]
                RenderSVGContainer {use} at (431.50,71.50) size 7x7
                  RenderSVGContainer {g} at (431.50,71.50) size 7x7 [transform={m=((1.00,0.00)(0.00,1.00)) t=(15.00,-15.00)}]
                    RenderPath {rect} at (431.50,71.50) size 7x7 [stroke={[type=SOLID] [color=#FFB400]}] [fill={[type=SOLID] [color=#E6E6E6]}] [data="M-3.00,-3.00L3.00,-3.00L3.00,3.00L-3.00,3.00"]
                RenderSVGContainer {use} at (431.50,101.50) size 7x7
                  RenderSVGContainer {g} at (431.50,101.50) size 7x7 [transform={m=((1.00,0.00)(0.00,1.00)) t=(15.00,15.00)}]
                    RenderPath {rect} at (431.50,101.50) size 7x7 [stroke={[type=SOLID] [color=#FFB400]}] [fill={[type=SOLID] [color=#E6E6E6]}] [data="M-3.00,-3.00L3.00,-3.00L3.00,3.00L-3.00,3.00"]
                RenderSVGContainer {use} at (401.50,101.50) size 7x7
                  RenderSVGContainer {g} at (401.50,101.50) size 7x7 [transform={m=((1.00,0.00)(0.00,1.00)) t=(-15.00,15.00)}]
                    RenderPath {rect} at (401.50,101.50) size 7x7 [stroke={[type=SOLID] [color=#FFB400]}] [fill={[type=SOLID] [color=#E6E6E6]}] [data="M-3.00,-3.00L3.00,-3.00L3.00,3.00L-3.00,3.00"]
          RenderSVGText {text} at (0,60) size 480x18
            RenderSVGInlineText {#text} at (-42,-14) size 85x18
              text run at (-42,-14) width 85: "x/y on <rect>"
        RenderSVGContainer {g} at (9,159) size 103x115 [transform={m=((1.00,0.00)(0.00,1.00)) t=(60.00,210.00)}]
          RenderSVGContainer {defs} at (41.50,191.50) size 37x37
            RenderSVGContainer {g} at (41.50,191.50) size 37x37
              RenderSVGContainer {use} at (41.50,191.50) size 7x7
                RenderSVGContainer {g} at (41.50,191.50) size 7x7 [transform={m=((1.00,0.00)(0.00,1.00)) t=(-15.00,-15.00)}]
                  RenderPath {rect} at (41.50,191.50) size 7x7 [stroke={[type=SOLID] [color=#FFB400]}] [fill={[type=SOLID] [color=#E6E6E6]}] [data="M-3.00,-3.00L3.00,-3.00L3.00,3.00L-3.00,3.00"]
              RenderSVGContainer {use} at (71.50,191.50) size 7x7
                RenderSVGContainer {g} at (71.50,191.50) size 7x7 [transform={m=((1.00,0.00)(0.00,1.00)) t=(15.00,-15.00)}]
                  RenderPath {rect} at (71.50,191.50) size 7x7 [stroke={[type=SOLID] [color=#FFB400]}] [fill={[type=SOLID] [color=#E6E6E6]}] [data="M-3.00,-3.00L3.00,-3.00L3.00,3.00L-3.00,3.00"]
              RenderSVGContainer {use} at (71.50,221.50) size 7x7
                RenderSVGContainer {g} at (71.50,221.50) size 7x7 [transform={m=((1.00,0.00)(0.00,1.00)) t=(15.00,15.00)}]
                  RenderPath {rect} at (71.50,221.50) size 7x7 [stroke={[type=SOLID] [color=#FFB400]}] [fill={[type=SOLID] [color=#E6E6E6]}] [data="M-3.00,-3.00L3.00,-3.00L3.00,3.00L-3.00,3.00"]
              RenderSVGContainer {use} at (41.50,221.50) size 7x7
                RenderSVGContainer {g} at (41.50,221.50) size 7x7 [transform={m=((1.00,0.00)(0.00,1.00)) t=(-15.00,15.00)}]
                  RenderPath {rect} at (41.50,221.50) size 7x7 [stroke={[type=SOLID] [color=#FFB400]}] [fill={[type=SOLID] [color=#E6E6E6]}] [data="M-3.00,-3.00L3.00,-3.00L3.00,3.00L-3.00,3.00"]
          RenderSVGText {text} at (-35,-15) size 480x46
            RenderSVGInlineText {#text} at (0,-36) size 40x46
              text run at (0,-36) width 40: "12"
          RenderSVGContainer {use} at (21.50,191.50) size 37x37
            RenderSVGContainer {g} at (21.50,191.50) size 37x37 [transform={m=((1.00,0.00)(0.00,1.00)) t=(-20.00,0.00)}]
              RenderSVGContainer {g} at (21.50,191.50) size 37x37
                RenderSVGContainer {use} at (21.50,191.50) size 7x7
                  RenderSVGContainer {g} at (21.50,191.50) size 7x7 [transform={m=((1.00,0.00)(0.00,1.00)) t=(-15.00,-15.00)}]
                    RenderPath {rect} at (21.50,191.50) size 7x7 [stroke={[type=SOLID] [color=#FFB400]}] [fill={[type=SOLID] [color=#E6E6E6]}] [data="M-3.00,-3.00L3.00,-3.00L3.00,3.00L-3.00,3.00"]
                RenderSVGContainer {use} at (51.50,191.50) size 7x7
                  RenderSVGContainer {g} at (51.50,191.50) size 7x7 [transform={m=((1.00,0.00)(0.00,1.00)) t=(15.00,-15.00)}]
                    RenderPath {rect} at (51.50,191.50) size 7x7 [stroke={[type=SOLID] [color=#FFB400]}] [fill={[type=SOLID] [color=#E6E6E6]}] [data="M-3.00,-3.00L3.00,-3.00L3.00,3.00L-3.00,3.00"]
                RenderSVGContainer {use} at (51.50,221.50) size 7x7
                  RenderSVGContainer {g} at (51.50,221.50) size 7x7 [transform={m=((1.00,0.00)(0.00,1.00)) t=(15.00,15.00)}]
                    RenderPath {rect} at (51.50,221.50) size 7x7 [stroke={[type=SOLID] [color=#FFB400]}] [fill={[type=SOLID] [color=#E6E6E6]}] [data="M-3.00,-3.00L3.00,-3.00L3.00,3.00L-3.00,3.00"]
                RenderSVGContainer {use} at (21.50,221.50) size 7x7
                  RenderSVGContainer {g} at (21.50,221.50) size 7x7 [transform={m=((1.00,0.00)(0.00,1.00)) t=(-15.00,15.00)}]
                    RenderPath {rect} at (21.50,221.50) size 7x7 [stroke={[type=SOLID] [color=#FFB400]}] [fill={[type=SOLID] [color=#E6E6E6]}] [data="M-3.00,-3.00L3.00,-3.00L3.00,3.00L-3.00,3.00"]
          RenderSVGContainer {use} at (61.50,191.50) size 37x37
            RenderSVGContainer {g} at (61.50,191.50) size 37x37 [transform={m=((1.00,0.00)(0.00,1.00)) t=(20.00,0.00)}]
              RenderSVGContainer {g} at (61.50,191.50) size 37x37
                RenderSVGContainer {use} at (61.50,191.50) size 7x7
                  RenderSVGContainer {g} at (61.50,191.50) size 7x7 [transform={m=((1.00,0.00)(0.00,1.00)) t=(-15.00,-15.00)}]
                    RenderPath {rect} at (61.50,191.50) size 7x7 [stroke={[type=SOLID] [color=#FFB400]}] [fill={[type=SOLID] [color=#E6E6E6]}] [data="M-3.00,-3.00L3.00,-3.00L3.00,3.00L-3.00,3.00"]
                RenderSVGContainer {use} at (91.50,191.50) size 7x7
                  RenderSVGContainer {g} at (91.50,191.50) size 7x7 [transform={m=((1.00,0.00)(0.00,1.00)) t=(15.00,-15.00)}]
                    RenderPath {rect} at (91.50,191.50) size 7x7 [stroke={[type=SOLID] [color=#FFB400]}] [fill={[type=SOLID] [color=#E6E6E6]}] [data="M-3.00,-3.00L3.00,-3.00L3.00,3.00L-3.00,3.00"]
                RenderSVGContainer {use} at (91.50,221.50) size 7x7
                  RenderSVGContainer {g} at (91.50,221.50) size 7x7 [transform={m=((1.00,0.00)(0.00,1.00)) t=(15.00,15.00)}]
                    RenderPath {rect} at (91.50,221.50) size 7x7 [stroke={[type=SOLID] [color=#FFB400]}] [fill={[type=SOLID] [color=#E6E6E6]}] [data="M-3.00,-3.00L3.00,-3.00L3.00,3.00L-3.00,3.00"]
                RenderSVGContainer {use} at (61.50,221.50) size 7x7
                  RenderSVGContainer {g} at (61.50,221.50) size 7x7 [transform={m=((1.00,0.00)(0.00,1.00)) t=(-15.00,15.00)}]
                    RenderPath {rect} at (61.50,221.50) size 7x7 [stroke={[type=SOLID] [color=#FFB400]}] [fill={[type=SOLID] [color=#E6E6E6]}] [data="M-3.00,-3.00L3.00,-3.00L3.00,3.00L-3.00,3.00"]
          RenderSVGText {text} at (0,60) size 480x18
            RenderSVGInlineText {#text} at (-51,-14) size 103x18
              text run at (-51,-14) width 103: "x/y on <text>(2)"
        RenderSVGContainer {g} at (139.50,169.50) size 81x119.50 [transform={m=((1.00,0.00)(0.00,1.00)) t=(180.00,210.00)}]
          RenderImage {image} at (0,0) size 50x50
          RenderPath {rect} at (139.50,169.50) size 51x51 [stroke={[type=SOLID] [color=#FFB400]}] [data="M-40.00,-40.00L10.00,-40.00L10.00,10.00L-40.00,10.00"]
          RenderPath {rect} at (139.50,169.50) size 81x21 [stroke={[type=SOLID] [color=#FFB400]}] [data="M-40.00,-40.00L40.00,-40.00L40.00,-20.00L-40.00,-20.00"]
          RenderPath {rect} at (139.50,169.50) size 21x81 [stroke={[type=SOLID] [color=#FFB400]}] [data="M-40.00,-40.00L-20.00,-40.00L-20.00,40.00L-40.00,40.00"]
          RenderSVGText {text} at (0,60) size 480x18
            RenderSVGInlineText {#text} at (-39,-14) size 79x18
              text run at (-39,-14) width 79: "width/height"
          RenderSVGText {text} at (0,75) size 480x18
            RenderSVGInlineText {#text} at (-38,-14) size 76x18
              text run at (-38,-14) width 76: "on <image>"
        RenderSVGContainer {g} at (259.50,169.50) size 81x119.50 [transform={m=((1.00,0.00)(0.00,1.00)) t=(300.00,210.00)}]
          RenderPath {rect} at (260,170) size 50x50 [fill={[type=SOLID] [color=#808080]}] [data="M-40.00,-40.00L10.00,-40.00L10.00,10.00L-40.00,10.00"]
          RenderPath {rect} at (259.50,169.50) size 51x51 [stroke={[type=SOLID] [color=#FFB400]}] [data="M-40.00,-40.00L10.00,-40.00L10.00,10.00L-40.00,10.00"]
          RenderPath {rect} at (259.50,169.50) size 81x21 [stroke={[type=SOLID] [color=#FFB400]}] [data="M-40.00,-40.00L40.00,-40.00L40.00,-20.00L-40.00,-20.00"]
          RenderPath {rect} at (259.50,169.50) size 21x81 [stroke={[type=SOLID] [color=#FFB400]}] [data="M-40.00,-40.00L-20.00,-40.00L-20.00,40.00L-40.00,40.00"]
          RenderSVGText {text} at (0,60) size 480x18
            RenderSVGInlineText {#text} at (-39,-14) size 79x18
              text run at (-39,-14) width 79: "width/height"
          RenderSVGText {text} at (0,75) size 480x18
            RenderSVGInlineText {#text} at (-30,-14) size 61x18
              text run at (-30,-14) width 61: "on <rect>"
      RenderSVGText {text} at (10,340) size 480x46
        RenderSVGInlineText {#text} at (0,-36) size 264x46
          text run at (0,-36) width 264: "$Revision: 1.8 $"
      RenderPath {rect} at (0.50,0.50) size 479x359 [stroke={[type=SOLID] [color=#000000]}] [data="M1.00,1.00L479.00,1.00L479.00,359.00L1.00,359.00"]
