layer at (0,0) size 480x360
  RenderView at (0,0) size 480x360
    RenderSVGContainer {svg} at (0.50,0.50) size 479x359
      RenderSVGText {text} at (10,340) size 480x46
        RenderSVGInlineText {#text} at (0,-36) size 264x46
          text run at (0,-36) width 264: "$Revision: 1.6 $"
      RenderPath {rect} at (0.50,0.50) size 479x359 [stroke={[type=SOLID] [color=#000000]}] [data="M1.00,1.00L479.00,1.00L479.00,359.00L1.00,359.00"]
      RenderSVGText {text} at (240,30) size 480x23
        RenderSVGInlineText {#text} at (-22,-18) size 45x23
          text run at (-22,-18) width 45: "begin"
      RenderSVGContainer {g} at (113,57) size 237x213 [transform={m=((1.00,0.00)(0.00,1.00)) t=(100.00,80.00)}]
        RenderSVGContainer {g} at (113,72) size 67x192 [transform={m=((1.00,0.00)(0.00,1.00)) t=(80.00,5.00)}]
          RenderSVGText {text} at (0,0) size 480x17
            RenderSVGInlineText {#text} at (-64,-13) size 64x17
              text run at (-64,-13) width 64: "unspecified"
          RenderSVGText {text} at (0,25) size 480x17
            RenderSVGInlineText {#text} at (-32,-13) size 32x17
              text run at (-32,-13) width 32: "offset"
          RenderSVGText {text} at (0,50) size 480x17
            RenderSVGInlineText {#text} at (-58,-13) size 58x17
              text run at (-58,-13) width 58: "event base"
          RenderSVGText {text} at (0,75) size 480x17
            RenderSVGInlineText {#text} at (-53,-13) size 53x17
              text run at (-53,-13) width 53: "sync base"
          RenderSVGText {text} at (0,100) size 480x17
            RenderSVGInlineText {#text} at (-54,-13) size 54x17
              text run at (-54,-13) width 54: "indefinite"
          RenderSVGText {text} at (0,125) size 480x17
            RenderSVGInlineText {#text} at (-44,-13) size 44x17
              text run at (-44,-13) width 44: "repeat()"
          RenderSVGText {text} at (0,150) size 480x17
            RenderSVGInlineText {#text} at (-67,-13) size 67x17
              text run at (-67,-13) width 67: "accessKey()"
          RenderSVGText {text} at (0,175) size 480x17
            RenderSVGInlineText {#text} at (-64,-13) size 64x17
              text run at (-64,-13) width 64: "wallclock()"
        RenderSVGContainer {g} at (196,57) size 153x10 [transform={m=((1.00,0.00)(0.00,1.00)) t=(100.00,-15.00)}]
          RenderSVGText {text} at (0,0) size 480x10
            RenderSVGInlineText {#text} at (-4,-8) size 9x10
              text run at (-4,-8) width 9: "0s"
          RenderSVGText {text} at (12,0) size 480x10
            RenderSVGInlineText {#text} at (-4,-8) size 9x10
              text run at (-4,-8) width 9: "1s"
          RenderSVGText {text} at (24,0) size 480x10
            RenderSVGInlineText {#text} at (-4,-8) size 9x10
              text run at (-4,-8) width 9: "2s"
          RenderSVGText {text} at (36,0) size 480x10
            RenderSVGInlineText {#text} at (-4,-8) size 9x10
              text run at (-4,-8) width 9: "3s"
          RenderSVGText {text} at (48,0) size 480x10
            RenderSVGInlineText {#text} at (-4,-8) size 9x10
              text run at (-4,-8) width 9: "4s"
          RenderSVGText {text} at (60,0) size 480x10
            RenderSVGInlineText {#text} at (-4,-8) size 9x10
              text run at (-4,-8) width 9: "5s"
          RenderSVGText {text} at (72,0) size 480x10
            RenderSVGInlineText {#text} at (-4,-8) size 9x10
              text run at (-4,-8) width 9: "6s"
          RenderSVGText {text} at (84,0) size 480x10
            RenderSVGInlineText {#text} at (-4,-8) size 9x10
              text run at (-4,-8) width 9: "7s"
          RenderSVGText {text} at (96,0) size 480x10
            RenderSVGInlineText {#text} at (-4,-8) size 9x10
              text run at (-4,-8) width 9: "8s"
          RenderSVGText {text} at (120,0) size 480x10
            RenderSVGInlineText {#text} at (-4,-8) size 9x10
              text run at (-4,-8) width 9: "0s"
          RenderSVGText {text} at (132,0) size 480x10
            RenderSVGInlineText {#text} at (-4,-8) size 9x10
              text run at (-4,-8) width 9: "1s"
          RenderSVGText {text} at (144,0) size 480x10
            RenderSVGInlineText {#text} at (-4,-8) size 9x10
              text run at (-4,-8) width 9: "2s"
        RenderSVGContainer {g} at (194,70) size 156x200 [transform={m=((1.00,0.00)(0.00,8.00)) t=(94.00,-10.00)}]
          RenderPath {rect} at (194,70) size 12x200 [fill={[type=SOLID] [color=#EEEEEE]}] [data="M0.00,0.00L12.00,0.00L12.00,25.00L0.00,25.00"]
          RenderPath {rect} at (206,70) size 12x200 [fill={[type=SOLID] [color=#DDDDDD]}] [data="M12.00,0.00L24.00,0.00L24.00,25.00L12.00,25.00"]
          RenderPath {rect} at (218,70) size 12x200 [fill={[type=SOLID] [color=#EEEEEE]}] [data="M24.00,0.00L36.00,0.00L36.00,25.00L24.00,25.00"]
          RenderPath {rect} at (230,70) size 12x200 [fill={[type=SOLID] [color=#DDDDDD]}] [data="M36.00,0.00L48.00,0.00L48.00,25.00L36.00,25.00"]
          RenderPath {rect} at (242,70) size 12x200 [fill={[type=SOLID] [color=#EEEEEE]}] [data="M48.00,0.00L60.00,0.00L60.00,25.00L48.00,25.00"]
          RenderPath {rect} at (254,70) size 12x200 [fill={[type=SOLID] [color=#DDDDDD]}] [data="M60.00,0.00L72.00,0.00L72.00,25.00L60.00,25.00"]
          RenderPath {rect} at (266,70) size 12x200 [fill={[type=SOLID] [color=#EEEEEE]}] [data="M72.00,0.00L84.00,0.00L84.00,25.00L72.00,25.00"]
          RenderPath {rect} at (278,70) size 12x200 [fill={[type=SOLID] [color=#DDDDDD]}] [data="M84.00,0.00L96.00,0.00L96.00,25.00L84.00,25.00"]
          RenderPath {rect} at (290,70) size 12x200 [fill={[type=SOLID] [color=#EEEEEE]}] [data="M96.00,0.00L108.00,0.00L108.00,25.00L96.00,25.00"]
          RenderPath {rect} at (314,70) size 12x200 [fill={[type=SOLID] [color=#EEEEEE]}] [data="M120.00,0.00L132.00,0.00L132.00,25.00L120.00,25.00"]
          RenderPath {rect} at (326,70) size 12x200 [fill={[type=SOLID] [color=#DDDDDD]}] [data="M132.00,0.00L144.00,0.00L144.00,25.00L132.00,25.00"]
          RenderPath {rect} at (338,70) size 12x200 [fill={[type=SOLID] [color=#EEEEEE]}] [data="M144.00,0.00L156.00,0.00L156.00,25.00L144.00,25.00"]
        RenderSVGContainer {g} at (194,74) size 156x187 [transform={m=((1.00,0.00)(0.00,1.00)) t=(100.00,0.00)}]
          RenderSVGContainer {g} at (194,74) size 12x12
            RenderPath {rect} at (194,74) size 12x12 [fill={[type=SOLID] [color=#FF3333]}] [data="M-6.00,-6.00L6.00,-6.00L6.00,6.00L-6.00,6.00"]
          RenderSVGContainer {g} at (218,99) size 12x12 [transform={m=((1.00,0.00)(0.00,1.00)) t=(0.00,25.00)}]
            RenderPath {rect} at (218,99) size 12x12 [transform={m=((1.00,0.00)(0.00,1.00)) t=(24.00,0.00)}] [fill={[type=SOLID] [color=#FF3333]}] [data="M-6.00,-6.00L6.00,-6.00L6.00,6.00L-6.00,6.00"]
          RenderSVGContainer {g} at (314,124) size 36x12 [transform={m=((1.00,0.00)(0.00,1.00)) t=(0.00,50.00)}]
            RenderPath {rect} at (314,124) size 12x12 [transform={m=((1.00,0.00)(0.00,1.00)) t=(120.00,0.00)}] [fill={[type=SOLID] [color=#FF3333]}] [data="M-6.00,-6.00L6.00,-6.00L6.00,6.00L-6.00,6.00"]
            RenderPath {rect} at (338,124) size 12x12 [transform={m=((1.00,0.00)(0.00,1.00)) t=(144.00,0.00)}] [fill={[type=SOLID] [color=#FF3333]}] [data="M-6.00,-6.00L6.00,-6.00L6.00,6.00L-6.00,6.00"]
          RenderSVGContainer {g} at (218,149) size 84x12 [transform={m=((1.00,0.00)(0.00,1.00)) t=(0.00,75.00)}]
            RenderPath {rect} at (218,149) size 12x12 [transform={m=((1.00,0.00)(0.00,1.00)) t=(24.00,0.00)}] [fill={[type=SOLID] [color=#FF3333]}] [data="M-6.00,-6.00L6.00,-6.00L6.00,6.00L-6.00,6.00"]
            RenderPath {rect} at (242,149) size 12x12 [transform={m=((1.00,0.00)(0.00,1.00)) t=(48.00,0.00)}] [fill={[type=SOLID] [color=#FF3333]}] [data="M-6.00,-6.00L6.00,-6.00L6.00,6.00L-6.00,6.00"]
            RenderPath {rect} at (266,149) size 12x12 [transform={m=((1.00,0.00)(0.00,1.00)) t=(72.00,0.00)}] [fill={[type=SOLID] [color=#FF3333]}] [data="M-6.00,-6.00L6.00,-6.00L6.00,6.00L-6.00,6.00"]
            RenderPath {rect} at (290,149) size 12x12 [transform={m=((1.00,0.00)(0.00,1.00)) t=(96.00,0.00)}] [fill={[type=SOLID] [color=#FF3333]}] [data="M-6.00,-6.00L6.00,-6.00L6.00,6.00L-6.00,6.00"]
          RenderSVGContainer {g} at (194,174) size 12x12 [transform={m=((1.00,0.00)(0.00,1.00)) t=(0.00,100.00)}]
            RenderPath {rect} at (194,174) size 12x12 [fill={[type=SOLID] [color=#33FF33]}] [data="M-6.00,-6.00L6.00,-6.00L6.00,6.00L-6.00,6.00"]
          RenderSVGContainer {g} at (230,199) size 36x12 [transform={m=((1.00,0.00)(0.00,1.00)) t=(0.00,125.00)}]
            RenderPath {rect} at (230,199) size 12x12 [transform={m=((1.00,0.00)(0.00,1.00)) t=(36.00,0.00)}] [fill={[type=SOLID] [color=#FF3333]}] [data="M-6.00,-6.00L6.00,-6.00L6.00,6.00L-6.00,6.00"]
            RenderPath {rect} at (254,199) size 12x12 [transform={m=((1.00,0.00)(0.00,1.00)) t=(60.00,0.00)}] [fill={[type=SOLID] [color=#FF3333]}] [data="M-6.00,-6.00L6.00,-6.00L6.00,6.00L-6.00,6.00"]
          RenderSVGContainer {g} at (314,224) size 36x12 [transform={m=((1.00,0.00)(0.00,1.00)) t=(0.00,150.00)}]
            RenderPath {rect} at (314,224) size 12x12 [transform={m=((1.00,0.00)(0.00,1.00)) t=(120.00,0.00)}] [fill={[type=SOLID] [color=#FF3333]}] [data="M-6.00,-6.00L6.00,-6.00L6.00,6.00L-6.00,6.00"]
            RenderPath {rect} at (338,224) size 12x12 [transform={m=((1.00,0.00)(0.00,1.00)) t=(144.00,0.00)}] [fill={[type=SOLID] [color=#FF3333]}] [data="M-6.00,-6.00L6.00,-6.00L6.00,6.00L-6.00,6.00"]
          RenderSVGContainer {g} at (194,249) size 12x12 [transform={m=((1.00,0.00)(0.00,1.00)) t=(0.00,175.00)}]
            RenderPath {rect} at (194,249) size 12x12 [fill={[type=SOLID] [color=#33FF33]}] [data="M-6.00,-6.00L6.00,-6.00L6.00,6.00L-6.00,6.00"]
