CONSOLE MESSAGE: line 32: Error: Problem parsing points="248.5,38.5 276.5,22.5 298.5,19.5 316.5,26.5 332.5,40.5 331.5,57.5 322.5,70.5 307.5,76.5             314.5,80.5 324.5,86.5 333.5,99.5 333.5,121.5 327.5,130.5 312.5,143.5 292.5,149.5             270.5,148.5 248.5,142.5 252.5,114.5 267.5,119.5 282.5,119.5 297.5,115.5             304.5,109.5 295.5,99.5 284.5,92.5 277.5,84.5 270.5,74.5 281.5,66.5 293.5,60.5             297.5,50.5 292.5,45.5 281.5,45.5 274.5,49.5 266.5,53.5"
CONSOLE MESSAGE: line 34: Error: Problem parsing points="108.5,38.5 123.5,26.5 148.5,16.5 172.5,17.5 188.5,19.5 202.5,23.5 206.5,26.5 210.5,37.5          213.5,44.5 215.5,57.5 209.5,68.5 203.5,81.5 187.5,98.5 164.5,120.5 206.5,121.5          224.5,121.5 220.5,149.5 194.5,147.5 181.5,147.5 167.5,146.5 150.5,147.5          133.5,149.5 117.5,148.5 117.5,136.5 118.5,124.5 133.5,115.5 151.5,97.5 170.5,78.5          186.5,59.5 179.5,43.5 159.5,35.5 139.5,40.5 125.5,49.5"
CONSOLE MESSAGE: line 36: Error: Problem parsing points="26.5,32.5 33.5,32.5 40.5,29.5 47.5,23.5 61.5,17.5 73.5,16.5 74.5,33.5 73.5,50.5 73.5,64.5          72.5,77.5 72.5,90.5 72.5,105.5 71.5,126.5 89.5,128.5 90.5,138.5 89.5,151.5          72.5,151.5 54.5,152.5 38.5,152.5 27.5,152.5 28.5,139.5 30.5,127.5 44.5,125.5          46.5,112.5 47.5,99.5 46.5,87.5 48.5,73.5 48.5,53.5 34.5,52.5 22.5,52.5          22.5,51.5 22.5,41.5 22.5,33.5"
CONSOLE MESSAGE: line 38: Error: Problem parsing points="427.5,17.5 439.5,15.5 449.5,15.5 449.5,29.5 447.5,44.5 447.5,59.5 465.5,60.5 466.5,74.5          465.5,89.5 450.5,87.5 449.5,102.5 449.5,123.5 449.5,140.5 449.5,153.5          420.5,154.5 421.5,137.5 420.5,123.5 420.5,111.5 419.5,99.5 392.5,97.5 367.5,99.5          366.5,79.5 367.5,69.5 376.5,43.5 381.5,27.5 384.5,17.5 412.5,16.5 406.5,36.5          400.5,49.5 394.5,70.5 419.5,71.5 423.5,49.5 424.5,33.5"
CONSOLE MESSAGE: line 41: Error: Problem parsing points="26.5,32.5 33.5,32.5 40.5,29.5 47.5,23.5 61.5,17.5 73.5,16.5 74.5,33.5 73.5,50.5 73.5,64.5              72.5,77.5 72.5,90.5 72.5,105.5 71.5,126.5 89.5,128.5 90.5,138.5 89.5,151.5              72.5,151.5 54.5,152.5 38.5,152.5 27.5,152.5 28.5,139.5 30.5,127.5 44.5,125.5              46.5,112.5 47.5,99.5 46.5,87.5 48.5,73.5 48.5,53.5 34.5,52.5 22.5,52.5              22.5,51.5 22.5,41.5 22.5,33.5"
layer at (0,0) size 480x360
  RenderView at (0,0) size 480x360
    RenderSVGContainer {svg} at (0.50,0.50) size 479x359
      RenderSVGContainer {g} at (52,11.47) size 361.60x180.53 [transform={m=((0.80,0.00)(0.00,0.80)) t=(40.00,0.00)}]
        RenderPath {polygon} at (238.10,15.19) size 69.10x104.81 [stroke={[type=SOLID] [color=#000000]}] [fill={[type=SOLID] [color=#CCCCCC]}] [data="M248.50,38.50L276.50,22.50L298.50,19.50L316.50,26.50L332.50,40.50L331.50,57.50L322.50,70.50L307.50,76.50L314.50,80.50L324.50,86.50L333.50,99.50L333.50,121.50L327.50,130.50L312.50,143.50L292.50,149.50L270.50,148.50L248.50,142.50L252.50,114.50L267.50,119.50L282.50,119.50L297.50,115.50L304.50,109.50L295.50,99.50L284.50,92.50L277.50,84.50L270.50,74.50L281.50,66.50L293.50,60.50L297.50,50.50L292.50,45.50L281.50,45.50L274.50,49.50L266.50,53.50"]
        RenderPath {polygon} at (126.12,12.80) size 93.94x107.23 [stroke={[type=SOLID] [color=#000000]}] [fill={[type=SOLID] [color=#CCCCCC]}] [data="M108.50,38.50L123.50,26.50L148.50,16.50L172.50,17.50L188.50,19.50L202.50,23.50L206.50,26.50L210.50,37.50L213.50,44.50L215.50,57.50L209.50,68.50L203.50,81.50L187.50,98.50L164.50,120.50L206.50,121.50L224.50,121.50L220.50,149.50L194.50,147.50L181.50,147.50L167.50,146.50L150.50,147.50L133.50,149.50L117.50,148.50L117.50,136.50L118.50,124.50L133.50,115.50L151.50,97.50L170.50,78.50L186.50,59.50L179.50,43.50L159.50,35.50L139.50,40.50L125.50,49.50"]
        RenderPath {polygon} at (57.60,12.77) size 55.20x109.63 [stroke={[type=SOLID] [color=#000000]}] [fill={[type=SOLID] [color=#CCCCCC]}] [data="M26.50,32.50L33.50,32.50L40.50,29.50L47.50,23.50L61.50,17.50L73.50,16.50L74.50,33.50L73.50,50.50L73.50,64.50L72.50,77.50L72.50,90.50L72.50,105.50L71.50,126.50L89.50,128.50L90.50,138.50L89.50,151.50L72.50,151.50L54.50,152.50L38.50,152.50L27.50,152.50L28.50,139.50L30.50,127.50L44.50,125.50L46.50,112.50L47.50,99.50L46.50,87.50L48.50,73.50L48.50,53.50L34.50,52.50L22.50,52.50L22.50,51.50L22.50,41.50L22.50,33.50"]
        RenderPath {polygon} at (332.80,12) size 80.80x112.01 [stroke={[type=SOLID] [color=#000000]}] [fill={[type=SOLID] [color=#CCCCCC]}] [data="M427.50,17.50L439.50,15.50L449.50,15.50L449.50,29.50L447.50,44.50L447.50,59.50L465.50,60.50L466.50,74.50L465.50,89.50L450.50,87.50L449.50,102.50L449.50,123.50L449.50,140.50L449.50,153.50L420.50,154.50L421.50,137.50L420.50,123.50L420.50,111.50L419.50,99.50L392.50,97.50L367.50,99.50L366.50,79.50L367.50,69.50L376.50,43.50L381.50,27.50L384.50,17.50L412.50,16.50L406.50,36.50L400.50,49.50L394.50,70.50L419.50,71.50L423.50,49.50L424.50,33.50"]
        RenderPath {polygon} at (56.40,11.47) size 57.61x112.13 [stroke={[type=SOLID] [color=#000000] [stroke width=4.00]}] [fill={[type=SOLID] [color=#CC0066]}] [data="M26.50,32.50L33.50,32.50L40.50,29.50L47.50,23.50L61.50,17.50L73.50,16.50L74.50,33.50L73.50,50.50L73.50,64.50L72.50,77.50L72.50,90.50L72.50,105.50L71.50,126.50L89.50,128.50L90.50,138.50L89.50,151.50L72.50,151.50L54.50,152.50L38.50,152.50L27.50,152.50L28.50,139.50L30.50,127.50L44.50,125.50L46.50,112.50L47.50,99.50L46.50,87.50L48.50,73.50L48.50,53.50L34.50,52.50L22.50,52.50L22.50,51.50L22.50,41.50L22.50,33.50"]
        RenderSVGContainer {g} at (52,144) size 48x48 [transform={m=((0.30,0.00)(0.00,0.30)) t=(-135.00,150.00)}]
          RenderPath {path} at (52,144) size 48x48 [fill={[type=SOLID] [color=#CCCCCC]}] [data="M500.00,100.00L500.00,300.00L700.00,300.00L700.00,100.00L550.00,100.00L550.00,250.00L650.00,250.00L650.00,100.00L500.00,100.00"]
        RenderSVGContainer {g} at (152.80,144) size 48x48 [transform={m=((0.30,0.00)(0.00,0.30)) t=(-9.00,150.00)}]
          RenderPath {path} at (152.80,144) size 48x48 [fill={[type=SOLID] [color=#CCCCCC] [fill rule=EVEN-ODD]}] [data="M500.00,100.00L500.00,300.00L700.00,300.00L700.00,100.00L550.00,100.00L550.00,250.00L650.00,250.00L650.00,100.00L500.00,100.00"]
        RenderSVGContainer {g} at (253.60,144) size 48x48 [transform={m=((0.30,0.00)(0.00,0.30)) t=(117.00,150.00)}]
          RenderPath {path} at (253.60,144) size 48x48 [fill={[type=SOLID] [color=#CCCCCC] [fill rule=EVEN-ODD]}] [data="M500.00,100.00L500.00,300.00L700.00,300.00L700.00,100.00L550.00,100.00L550.00,250.00L650.00,250.00L650.00,100.00L500.00,100.00"]
        RenderSVGContainer {g} at (354.40,144) size 48x48 [transform={m=((0.30,0.00)(0.00,0.30)) t=(243.00,150.00)}]
          RenderPath {path} at (354.40,144) size 48x48 [fill={[type=SOLID] [color=#CCCCCC] [fill rule=EVEN-ODD]}] [data="M500.00,100.00L500.00,300.00L700.00,300.00L700.00,100.00L550.00,100.00L550.00,250.00L650.00,250.00L650.00,100.00L500.00,100.00"]
      RenderSVGText {text} at (5,225) size 480x32
        RenderSVGInlineText {#text} at (0,-25) size 405x32
          text run at (0,-25) width 405: "Animation on: 'points' and 'fill-rule'."
      RenderSVGText {text} at (5,255) size 480x22
        RenderSVGInlineText {#text} at (0,-17) size 325x22
          text run at (0,-17) width 325: "Digit should match outline at indicated time."
      RenderSVGText {text} at (5,275) size 480x22
        RenderSVGInlineText {#text} at (0,-17) size 392x22
          text run at (0,-17) width 392: "Filled square should follow morphing digit discretely."
      RenderSVGText {text} at (10,340) size 480x46
        RenderSVGInlineText {#text} at (0,-36) size 264x46
          text run at (0,-36) width 264: "$Revision: 1.7 $"
      RenderPath {rect} at (0.50,0.50) size 479x359 [stroke={[type=SOLID] [color=#000000]}] [data="M1.00,1.00L479.00,1.00L479.00,359.00L1.00,359.00"]
