layer at (0,0) size 480x360
  RenderView at (0,0) size 480x360
    RenderSVGContainer {svg} at (0.50,0.50) size 479x359
      RenderSVGText {text} at (10,340) size 480x46
        RenderSVGInlineText {#text} at (0,-36) size 264x46
          text run at (0,-36) width 264: "$Revision: 1.9 $"
      RenderPath {rect} at (0.50,0.50) size 479x359 [stroke={[type=SOLID] [color=#000000]}] [data="M1.00,1.00L479.00,1.00L479.00,359.00L1.00,359.00"]
      RenderSVGText {text} at (240,25) size 480x18
        RenderSVGInlineText {#text} at (-76,-14) size 152x18
          text run at (-76,-14) width 152: "<animate> on xlink:href"
      RenderSVGContainer {g} at (38,59.50) size 440x214.50
        RenderSVGContainer {g} at (49,82) size 45x23 [transform={m=((1.00,0.00)(0.00,1.00)) t=(60.00,90.00)}]
          RenderSVGText {text} at (0,10) size 480x23
            RenderSVGInlineText {#text} at (-22,-18) size 45x23
              text run at (-22,-18) width 45: "<set>"
        RenderSVGContainer {g} at (149.50,59.50) size 61.00x94.50 [transform={m=((1.00,0.00)(0.00,1.00)) t=(180.00,90.00)}]
          RenderSVGContainer {a} at (149.50,59.50) size 61.00x61.00
            RenderPath {circle} at (149.50,59.50) size 61.00x61.00 [stroke={[type=SOLID] [color=#FFB400]}] [fill={[type=SOLID] [color=#E6E6E6]}] [data="M30.00,0.00L29.94,1.88L29.76,3.76L29.47,5.62L29.06,7.46L28.53,9.27L27.89,11.04L27.14,12.77L26.29,14.45L25.33,16.07L24.27,17.63L23.12,19.12L21.87,20.54L20.54,21.87L19.12,23.12L17.63,24.27L16.07,25.33L14.45,26.29L12.77,27.14L11.04,27.89L9.27,28.53L7.46,29.06L5.62,29.47L3.76,29.76L1.88,29.94L0.00,30.00L-1.88,29.94L-3.76,29.76L-5.62,29.47L-7.46,29.06L-9.27,28.53L-11.04,27.89L-12.77,27.14L-14.45,26.29L-16.07,25.33L-17.63,24.27L-19.12,23.12L-20.54,21.87L-21.87,20.54L-23.12,19.12L-24.27,17.63L-25.33,16.07L-26.29,14.45L-27.14,12.77L-27.89,11.04L-28.53,9.27L-29.06,7.46L-29.47,5.62L-29.76,3.76L-29.94,1.88L-30.00,0.00L-29.94,-1.88L-29.76,-3.76L-29.47,-5.62L-29.06,-7.46L-28.53,-9.27L-27.89,-11.04L-27.14,-12.77L-26.29,-14.45L-25.33,-16.07L-24.27,-17.63L-23.12,-19.12L-21.87,-20.54L-20.54,-21.87L-19.12,-23.12L-17.63,-24.27L-16.07,-25.33L-14.45,-26.29L-12.77,-27.14L-11.04,-27.89L-9.27,-28.53L-7.46,-29.06L-5.62,-29.47L-3.76,-29.76L-1.88,-29.94L-0.00,-30.00L1.88,-29.94L3.76,-29.76L5.62,-29.47L7.46,-29.06L9.27,-28.53L11.04,-27.89L12.77,-27.14L14.45,-26.29L16.07,-25.33L17.63,-24.27L19.12,-23.12L20.54,-21.87L21.87,-20.54L23.12,-19.12L24.27,-17.63L25.33,-16.07L26.29,-14.45L27.14,-12.77L27.89,-11.04L28.53,-9.27L29.06,-7.46L29.47,-5.62L29.76,-3.76L29.94,-1.88"]
            RenderSVGText {text} at (0,10) size 480x36
              RenderSVGInlineText {#text} at (-15,-28) size 30x36
                text run at (-15,-28) width 30: "38"
            RenderSVGText {text} at (0,10) size 480x36
              RenderSVGInlineText {#text} at (-15,-28) size 30x36
                text run at (-15,-28) width 30: "02"
          RenderSVGText {text} at (0,60) size 480x18
            RenderSVGInlineText {#text} at (-12,-14) size 25x18
              text run at (-12,-14) width 25: "<a>"
        RenderSVGContainer {g} at (270,60) size 72x94 [transform={m=((1.00,0.00)(0.00,1.00)) t=(300.00,90.00)}]
          RenderImage {image} at (0,0) size 60x60
          RenderSVGText {text} at (0,60) size 480x18
            RenderSVGInlineText {#text} at (-28,-14) size 56x18
              text run at (-28,-14) width 56: "<image>"
        RenderSVGContainer {g} at (401,62) size 77x92 [transform={m=((1.00,0.00)(0.00,1.00)) t=(420.00,90.00)}]
          RenderSVGContainer {defs} at (420,76) size 41x18
            RenderSVGText {text} at (0,0) size 480x18
              RenderSVGInlineText {#text} at (0,-14) size 41x18
                text run at (0,-14) width 41: "Use A"
            RenderSVGText {text} at (0,0) size 480x18
              RenderSVGInlineText {#text} at (0,-14) size 40x18
                text run at (0,-14) width 40: "Use B"
            RenderSVGText {text} at (0,0) size 480x18
              RenderSVGInlineText {#text} at (0,-14) size 40x18
                text run at (0,-14) width 40: "Use C"
          RenderSVGContainer {use} at (401,62) size 77x36
            RenderSVGContainer {g} at (401,62) size 77x36
              RenderSVGText {text} at (0,0) size 480x36
                RenderSVGInlineText {#text} at (-38,-28) size 77x36
                  text run at (-38,-28) width 77: "Use A"
          RenderSVGText {text} at (0,60) size 480x18
            RenderSVGInlineText {#text} at (-19,-14) size 39x18
              text run at (-19,-14) width 39: "<use>"
        RenderSVGContainer {g} at (38,202) size 87x23 [transform={m=((1.00,0.00)(0.00,1.00)) t=(60.00,210.00)}]
          RenderSVGText {text} at (0,10) size 480x23
            RenderSVGInlineText {#text} at (-43,-18) size 87x23
              text run at (-43,-18) width 87: "<animate>"
        RenderSVGContainer {g} at (149.50,179.50) size 61.00x94.50 [transform={m=((1.00,0.00)(0.00,1.00)) t=(180.00,210.00)}]
          RenderSVGContainer {a} at (149.50,179.50) size 61.00x61.00
            RenderPath {circle} at (149.50,179.50) size 61.00x61.00 [stroke={[type=SOLID] [color=#FFB400]}] [fill={[type=SOLID] [color=#E6E6E6]}] [data="M30.00,0.00L29.94,1.88L29.76,3.76L29.47,5.62L29.06,7.46L28.53,9.27L27.89,11.04L27.14,12.77L26.29,14.45L25.33,16.07L24.27,17.63L23.12,19.12L21.87,20.54L20.54,21.87L19.12,23.12L17.63,24.27L16.07,25.33L14.45,26.29L12.77,27.14L11.04,27.89L9.27,28.53L7.46,29.06L5.62,29.47L3.76,29.76L1.88,29.94L0.00,30.00L-1.88,29.94L-3.76,29.76L-5.62,29.47L-7.46,29.06L-9.27,28.53L-11.04,27.89L-12.77,27.14L-14.45,26.29L-16.07,25.33L-17.63,24.27L-19.12,23.12L-20.54,21.87L-21.87,20.54L-23.12,19.12L-24.27,17.63L-25.33,16.07L-26.29,14.45L-27.14,12.77L-27.89,11.04L-28.53,9.27L-29.06,7.46L-29.47,5.62L-29.76,3.76L-29.94,1.88L-30.00,0.00L-29.94,-1.88L-29.76,-3.76L-29.47,-5.62L-29.06,-7.46L-28.53,-9.27L-27.89,-11.04L-27.14,-12.77L-26.29,-14.45L-25.33,-16.07L-24.27,-17.63L-23.12,-19.12L-21.87,-20.54L-20.54,-21.87L-19.12,-23.12L-17.63,-24.27L-16.07,-25.33L-14.45,-26.29L-12.77,-27.14L-11.04,-27.89L-9.27,-28.53L-7.46,-29.06L-5.62,-29.47L-3.76,-29.76L-1.88,-29.94L-0.00,-30.00L1.88,-29.94L3.76,-29.76L5.62,-29.47L7.46,-29.06L9.27,-28.53L11.04,-27.89L12.77,-27.14L14.45,-26.29L16.07,-25.33L17.63,-24.27L19.12,-23.12L20.54,-21.87L21.87,-20.54L23.12,-19.12L24.27,-17.63L25.33,-16.07L26.29,-14.45L27.14,-12.77L27.89,-11.04L28.53,-9.27L29.06,-7.46L29.47,-5.62L29.76,-3.76L29.94,-1.88"]
            RenderSVGText {text} at (0,10) size 480x36
              RenderSVGInlineText {#text} at (-15,-28) size 30x36
                text run at (-15,-28) width 30: "09"
            RenderSVGText {text} at (0,10) size 480x36
              RenderSVGInlineText {#text} at (-15,-28) size 30x36
                text run at (-15,-28) width 30: "03"
          RenderSVGText {text} at (0,60) size 480x18
            RenderSVGInlineText {#text} at (-12,-14) size 25x18
              text run at (-12,-14) width 25: "<a>"
        RenderSVGContainer {g} at (270,180) size 72x94 [transform={m=((1.00,0.00)(0.00,1.00)) t=(300.00,210.00)}]
          RenderImage {image} at (0,0) size 60x60
          RenderSVGText {text} at (0,60) size 480x18
            RenderSVGInlineText {#text} at (-28,-14) size 56x18
              text run at (-28,-14) width 56: "<image>"
        RenderSVGContainer {g} at (401,182) size 77x92 [transform={m=((1.00,0.00)(0.00,1.00)) t=(420.00,210.00)}]
          RenderSVGContainer {use} at (401,182) size 77x36
            RenderSVGContainer {g} at (401,182) size 77x36
              RenderSVGText {text} at (0,0) size 480x36
                RenderSVGInlineText {#text} at (-38,-28) size 77x36
                  text run at (-38,-28) width 77: "Use A"
          RenderSVGText {text} at (0,60) size 480x18
            RenderSVGInlineText {#text} at (-19,-14) size 39x18
              text run at (-19,-14) width 39: "<use>"
