KRenderingPaintServer {id="grad" [type=LINEAR-GRADIENT] [stops=[(0.05,#6600FF), (0.50,#FF0000), (0.95,#FFFF66)]] [start=(0,0)] [end=(100,0)]}
layer at (0,0) size 480x360
  RenderView at (0,0) size 480x360
    RenderSVGContainer {svg} at (0.50,0.50) size 479x359
      RenderSVGContainer {g} at (60,18.00) size 360x277.00
        RenderSVGContainer {defs} at (0,0) size 0x0
        RenderSVGContainer {g} at (70,18.00) size 342.00x124.00
          RenderSVGContainer {g} at (70,18.00) size 342.00x124.00
            RenderPath {circle} at (70,20) size 120x120 [fill={[type=SOLID] [color=#FF0000]}] [data="M190.00,80.00L189.88,83.77L189.53,87.52L188.94,91.24L188.11,94.92L187.06,98.54L185.79,102.09L184.29,105.55L182.58,108.91L180.66,112.15L178.54,115.27L176.23,118.25L173.74,121.07L171.07,123.74L168.25,126.23L165.27,128.54L162.15,130.66L158.91,132.58L155.55,134.29L152.09,135.79L148.54,137.06L144.92,138.11L141.24,138.94L137.52,139.53L133.77,139.88L130.00,140.00L126.23,139.88L122.48,139.53L118.76,138.94L115.08,138.11L111.46,137.06L107.91,135.79L104.45,134.29L101.09,132.58L97.85,130.66L94.73,128.54L91.75,126.23L88.93,123.74L86.26,121.07L83.77,118.25L81.46,115.27L79.34,112.15L77.42,108.91L75.71,105.55L74.21,102.09L72.94,98.54L71.89,94.92L71.06,91.24L70.47,87.52L70.12,83.77L70.00,80.00L70.12,76.23L70.47,72.48L71.06,68.76L71.89,65.08L72.94,61.46L74.21,57.91L75.71,54.45L77.42,51.09L79.34,47.85L81.46,44.73L83.77,41.75L86.26,38.93L88.93,36.26L91.75,33.77L94.73,31.46L97.85,29.34L101.09,27.42L104.45,25.71L107.91,24.21L111.46,22.94L115.08,21.89L118.76,21.06L122.48,20.47L126.23,20.12L130.00,20.00L133.77,20.12L137.52,20.47L141.24,21.06L144.92,21.89L148.54,22.94L152.09,24.21L155.55,25.71L158.91,27.42L162.15,29.34L165.27,31.46L168.25,33.77L171.07,36.26L173.74,38.93L176.23,41.75L178.54,44.73L180.66,47.85L182.58,51.09L184.29,54.45L185.79,57.91L187.06,61.46L188.11,65.08L188.94,68.76L189.53,72.48L189.88,76.23"]
            RenderPath {circle} at (288.00,18.00) size 124.00x124.00 [stroke={[type=SOLID] [color=#FF0000] [stroke width=4.00]}] [data="M410.00,80.00L409.88,83.77L409.53,87.52L408.94,91.24L408.11,94.92L407.06,98.54L405.79,102.09L404.29,105.55L402.58,108.91L400.66,112.15L398.54,115.27L396.23,118.25L393.74,121.07L391.07,123.74L388.25,126.23L385.27,128.54L382.15,130.66L378.91,132.58L375.55,134.29L372.09,135.79L368.54,137.06L364.92,138.11L361.24,138.94L357.52,139.53L353.77,139.88L350.00,140.00L346.23,139.88L342.48,139.53L338.76,138.94L335.08,138.11L331.46,137.06L327.91,135.79L324.45,134.29L321.09,132.58L317.85,130.66L314.73,128.54L311.75,126.23L308.93,123.74L306.26,121.07L303.77,118.25L301.46,115.27L299.34,112.15L297.42,108.91L295.71,105.55L294.21,102.09L292.94,98.54L291.89,94.92L291.06,91.24L290.47,87.52L290.12,83.77L290.00,80.00L290.12,76.23L290.47,72.48L291.06,68.76L291.89,65.08L292.94,61.46L294.21,57.91L295.71,54.45L297.42,51.09L299.34,47.85L301.46,44.73L303.77,41.75L306.26,38.93L308.93,36.26L311.75,33.77L314.73,31.46L317.85,29.34L321.09,27.42L324.45,25.71L327.91,24.21L331.46,22.94L335.08,21.89L338.76,21.06L342.48,20.47L346.23,20.12L350.00,20.00L353.77,20.12L357.52,20.47L361.24,21.06L364.92,21.89L368.54,22.94L372.09,24.21L375.55,25.71L378.91,27.42L382.15,29.34L385.27,31.46L388.25,33.77L391.07,36.26L393.74,38.93L396.23,41.75L398.54,44.73L400.66,47.85L402.58,51.09L404.29,54.45L405.79,57.91L407.06,61.46L408.11,65.08L408.94,68.76L409.53,72.48L409.88,76.23"]
        RenderSVGContainer {g} at (60,215) size 360x80
          RenderSVGContainer {g} at (60,215) size 360x80
            RenderPath {rect} at (60,215) size 360x80 [fill={[type=LINEAR-GRADIENT] [stops=[(0.05,#6600FF), (0.50,#FF0000), (0.95,#FFFF66)]] [start=(0,0)] [end=(100,0)]}] [data="M60.00,215.00L420.00,215.00L420.00,295.00L60.00,295.00"]
        RenderSVGContainer {g} at (120,142) size 263x71
          RenderSVGText {text} at (120,170) size 480x36
            RenderSVGInlineText {#text} at (0,-28) size 34x36
              text run at (0,-28) width 34: "fill"
          RenderSVGText {text} at (310,170) size 480x36
            RenderSVGInlineText {#text} at (0,-28) size 73x36
              text run at (0,-28) width 73: "stroke"
          RenderSVGText {text} at (180,205) size 480x36
            RenderSVGInlineText {#text} at (0,-28) size 121x36
              text run at (0,-28) width 121: "stop-color"
      RenderSVGText {text} at (10,340) size 480x46
        RenderSVGInlineText {#text} at (0,-36) size 264x46
          text run at (0,-36) width 264: "$Revision: 1.1 $"
      RenderPath {rect} at (0.50,0.50) size 479x359 [stroke={[type=SOLID] [color=#000000]}] [data="M1.00,1.00L479.00,1.00L479.00,359.00L1.00,359.00"]
