layer at (0,0) size 480x360
  RenderView at (0,0) size 480x360
    KCanvasContainer {svg} at (0,0) size 2000x2000
      KCanvasContainer {g} at (0,0) size 2000x2000
        KCanvasContainer {g} at (0,0) size 2000x2000
          KCanvasItem {rect} at (0,0) size 2000x2000 [fill={[type=SOLID] [color=#FF0000]}] [data="M0.00,0.00L2000.00,0.00L2000.00,2000.00L0.00,2000.00"]
          KCanvasItem {rect} at (0,0) size 480x360 [fill={[type=SOLID] [color=#FFFFFF]}] [data="M0.00,0.00L480.00,0.00L480.00,360.00L0.00,360.00"]
        RenderSVGText {text} at (125,20) size 480x14
          RenderSVGInlineText {#text} at (0,-11) size 181x14
            text run at (0,-11) width 181: "Initial viewport and CSS units test"
        KCanvasContainer {g} at (20,66) size 371x197 [transform={m=((1.00,0.00)(0.00,1.00)) t=(0.00,60.00)}]
          RenderSVGText {text} at (20,18) size 480x15
            RenderSVGInlineText {#text} at (0,-12) size 21x15
              text run at (0,-12) width 21: "200"
          RenderSVGText {text} at (230,20) size 480x15
            RenderSVGInlineText {#text} at (0,-12) size 161x15
              text run at (0,-12) width 161: "User space units (no specifier)"
          KCanvasItem {rect} at (20,80) size 200x1 [fill={[type=SOLID] [color=#000000]}] [data="M20.00,20.00L220.00,20.00L220.00,21.00L20.00,21.00"]
          RenderSVGText {text} at (20,38) size 480x15
            RenderSVGInlineText {#text} at (0,-12) size 38x15
              text run at (0,-12) width 38: "200 px"
          RenderSVGText {text} at (230,40) size 480x15
            RenderSVGInlineText {#text} at (0,-12) size 58x15
              text run at (0,-12) width 58: "Pixels (px)"
          KCanvasItem {rect} at (20,100) size 200x1 [fill={[type=SOLID] [color=#000000]}] [data="M20.00,40.00L220.00,40.00L220.00,41.00L20.00,41.00"]
          RenderSVGText {text} at (20,58) size 480x15
            RenderSVGInlineText {#text} at (0,-12) size 177x15
              text run at (0,-12) width 177: "20 em = 200 px (font-size=10px)"
          RenderSVGText {text} at (230,60) size 480x15
            RenderSVGInlineText {#text} at (0,-12) size 136x15
              text run at (0,-12) width 136: "Relative to font size (em)"
          KCanvasContainer {g} at (20,120) size 200x1
            KCanvasItem {rect} at (20,120) size 200x1 [fill={[type=SOLID] [color=#000000]}] [data="M20.00,60.00L220.00,60.00L220.00,61.00L20.00,61.00"]
          RenderSVGText {text} at (20,78) size 480x15
            RenderSVGInlineText {#text} at (0,-12) size 30x15
              text run at (0,-12) width 30: "40 ex"
          RenderSVGText {text} at (230,80) size 480x15
            RenderSVGInlineText {#text} at (0,-12) size 158x15
              text run at (0,-12) width 158: "Relative to font x-height (ex)"
          KCanvasContainer {g} at (20,140) size 200x1
            KCanvasItem {rect} at (20,140) size 200x1 [fill={[type=SOLID] [color=#000000]}] [data="M20.00,80.00L220.00,80.00L220.00,81.00L20.00,81.00"]
          RenderSVGText {text} at (20,98) size 480x15
            RenderSVGInlineText {#text} at (0,-12) size 93x15
              text run at (0,-12) width 93: "41.67% = 200 px"
          RenderSVGText {text} at (230,100) size 480x15
            RenderSVGInlineText {#text} at (0,-12) size 81x15
              text run at (0,-12) width 81: "Percentage (%)"
          KCanvasItem {rect} at (20,160) size 200.02x1 [fill={[type=SOLID] [color=#000000]}] [data="M20.00,100.00L220.02,100.00L220.02,101.00L20.00,101.00"]
          RenderSVGText {text} at (20,118) size 480x15
            RenderSVGInlineText {#text} at (0,-12) size 21x15
              text run at (0,-12) width 21: "1 in"
          RenderSVGText {text} at (230,120) size 480x15
            RenderSVGInlineText {#text} at (0,-12) size 57x15
              text run at (0,-12) width 57: "Inches (in)"
          KCanvasItem {rect} at (20,180) size 90x1 [fill={[type=SOLID] [color=#000000]}] [data="M20.00,120.00L110.00,120.00L110.00,121.00L20.00,121.00"]
          RenderSVGText {text} at (20,138) size 480x15
            RenderSVGInlineText {#text} at (0,-12) size 77x15
              text run at (0,-12) width 77: "2.54 cm = 1 in"
          RenderSVGText {text} at (230,140) size 480x15
            RenderSVGInlineText {#text} at (0,-12) size 92x15
              text run at (0,-12) width 92: "Centimeters (cm)"
          KCanvasItem {rect} at (20,200) size 90x1 [fill={[type=SOLID] [color=#000000]}] [data="M20.00,140.00L110.00,140.00L110.00,141.00L20.00,141.00"]
          RenderSVGText {text} at (20,158) size 480x15
            RenderSVGInlineText {#text} at (0,-12) size 81x15
              text run at (0,-12) width 81: "25.4 mm = 1 in"
          RenderSVGText {text} at (230,160) size 480x15
            RenderSVGInlineText {#text} at (0,-12) size 94x15
              text run at (0,-12) width 94: "Millimeters (mm)"
          KCanvasItem {rect} at (20,220) size 90x1 [fill={[type=SOLID] [color=#000000]}] [data="M20.00,160.00L110.00,160.00L110.00,161.00L20.00,161.00"]
          RenderSVGText {text} at (20,178) size 480x15
            RenderSVGInlineText {#text} at (0,-12) size 59x15
              text run at (0,-12) width 59: "72pt = 1 in"
          RenderSVGText {text} at (230,180) size 480x15
            RenderSVGInlineText {#text} at (0,-12) size 56x15
              text run at (0,-12) width 56: "Points (pt)"
          KCanvasItem {rect} at (20,240) size 90x1 [fill={[type=SOLID] [color=#000000]}] [data="M20.00,180.00L110.00,180.00L110.00,181.00L20.00,181.00"]
          RenderSVGText {text} at (20,198) size 480x15
            RenderSVGInlineText {#text} at (0,-12) size 54x15
              text run at (0,-12) width 54: "6pc = 1 in"
          RenderSVGText {text} at (230,200) size 480x15
            RenderSVGInlineText {#text} at (0,-12) size 52x15
              text run at (0,-12) width 52: "Picas (pc)"
          KCanvasItem {rect} at (20,260) size 90x1 [fill={[type=SOLID] [color=#000000]}] [data="M20.00,200.00L110.00,200.00L110.00,201.00L20.00,201.00"]
      RenderSVGText {text} at (10,340) size 480x46
        RenderSVGInlineText {#text} at (0,-36) size 264x46
          text run at (0,-36) width 264: "$Revision: 1.1 $"
      KCanvasItem {rect} at (0.50,0.50) size 479x359 [stroke={[type=SOLID] [color=#000000]}] [data="M1.00,1.00L479.00,1.00L479.00,359.00L1.00,359.00"]
