layer at (0,0) size 480x360
  RenderCanvas at (0,0) size 480x360
    KCanvasContainer {svg} at (0.50,0.50) size 479x359
      KCanvasContainer {g} at (156,95) size 112.50x112.50 [transform={m=((1.00,0.00)(0.00,1.00)) t=(0.00,30.00)}]
        KCanvasContainer {g} at (156,95) size 112.50x112.50
          KCanvasContainer {g} at (160,145) size 100x100 [transform={m=((2.50,0.00)(0.00,2.50)) t=(60.00,45.00)}]
            KCanvasContainer {g} at (160,250) size 100x100 [transform={m=((2.00,0.00)(0.00,2.00)) t=(40.00,10.00)}]
              KCanvasItem {rect} at (160,250) size 100x5 [fill={[type=SOLID] [color=#0000FF]}] [data="M0.00,0.00L20.00,0.00L20.00,1.00L0.00,1.00"]
              KCanvasItem {rect} at (160,250) size 5x100 [fill={[type=SOLID] [color=#FF0000]}] [data="M0.00,0.00L1.00,0.00L1.00,20.00L0.00,20.00"]
          KCanvasContainer {g} at (156,140) size 112.50x112.50 [transform={m=((2.50,0.00)(0.00,2.50)) t=(-364.00,-230.00)}]
            RenderSVGText {text} at (0,0) size 465x18
              RenderText {TEXT} at (0,0) size 53x18
                text run at (0,0) width 53: "scale (2)"
            KCanvasItem {rect} at (156,140) size 12.50x12.50 [fill={[type=SOLID] [color=#000000]}] [data="M208.00,118.00L213.00,118.00L213.00,123.00L208.00,123.00"]
            KCanvasItem {rect} at (256,140) size 12.50x12.50 [fill={[type=SOLID] [color=#0000FF]}] [data="M248.00,118.00L253.00,118.00L253.00,123.00L248.00,123.00"]
            KCanvasItem {rect} at (156,240) size 12.50x12.50 [fill={[type=SOLID] [color=#FF0000]}] [data="M208.00,158.00L213.00,158.00L213.00,163.00L208.00,163.00"]
      RenderSVGText {text} at (0,0) size 465x46
        RenderText {TEXT} at (0,0) size 314x46
          text run at (0,0) width 314: "$Revision$"
      KCanvasItem {rect} at (0.50,0.50) size 479x359 [stroke={[type=SOLID] [color=#000000]}] [data="M1.00,1.00L479.00,1.00L479.00,359.00L1.00,359.00"]
