layer at (0,0) size 480x360
  RenderView at (0,0) size 480x360
    KCanvasContainer {svg} at (0.50,0.50) size 479x359
      KCanvasContainer {g} at (10,70) size 420x225 [transform={m=((1.00,0.00)(0.00,1.00)) t=(0.00,30.00)}]
        KCanvasContainer {g} at (10,70) size 420x225
          RenderSVGText {text} at (0,0) size 480x10
            RenderText {#text} at (0,0) size 45x10
              text run at (0,0) width 45: "Raster to fit"
          KCanvasContainer {g} at (20,70) size 40x40 [transform={m=((1.00,0.00)(0.00,1.00)) t=(20.00,40.00)}]
            RenderImage {image} at (0,0) size 40x40
          RenderSVGText {text} at (0,0) size 480x10
            RenderText {#text} at (0,0) size 42x10
              text run at (0,0) width 42: "Viewport 1"
          KCanvasContainer {g} at (10,150) size 50x30 [transform={m=((1.00,0.00)(0.00,1.00)) t=(10.00,120.00)}]
            KCanvasItem {rect} at (10,150) size 50x30 [stroke={[type=SOLID] [color=#0000FF]}] [data="M0.50,0.50L49.50,0.50L49.50,29.50L0.50,29.50"]
          RenderSVGText {text} at (0,0) size 480x10
            RenderText {#text} at (0,0) size 42x10
              text run at (0,0) width 42: "Viewport 2"
          KCanvasContainer {g} at (20,220) size 30x60 [transform={m=((1.00,0.00)(0.00,1.00)) t=(20.00,190.00)}]
            KCanvasItem {rect} at (20,220) size 30x60 [stroke={[type=SOLID] [color=#0000FF]}] [data="M0.50,0.50L29.50,0.50L29.50,59.50L0.50,59.50"]
          KCanvasContainer {g} at (120,80) size 120x80 [transform={m=((1.00,0.00)(0.00,1.00)) t=(120.00,50.00)}]
            RenderSVGText {text} at (0,0) size 480x10
              RenderText {#text} at (0,0) size 112x10
                text run at (0,0) width 112: "---------- meet --------------------"
            KCanvasContainer {g} at (120,80) size 50x30
              RenderSVGText {text} at (0,0) size 480x10
                RenderText {#text} at (0,0) size 26x10
                  text run at (0,0) width 26: "xMin*"
              KCanvasItem {rect} at (120,80) size 50x30 [stroke={[type=SOLID] [color=#0000FF]}] [data="M0.50,0.50L49.50,0.50L49.50,29.50L0.50,29.50"]
              RenderImage {image} at (0,0) size 50x30
            KCanvasContainer {g} at (190,80) size 50x30 [transform={m=((1.00,0.00)(0.00,1.00)) t=(70.00,0.00)}]
              RenderSVGText {text} at (0,0) size 480x10
                RenderText {#text} at (0,0) size 26x10
                  text run at (0,0) width 26: "xMid*"
              KCanvasItem {rect} at (190,80) size 50x30 [stroke={[type=SOLID] [color=#0000FF]}] [data="M0.50,0.50L49.50,0.50L49.50,29.50L0.50,29.50"]
              RenderImage {image} at (0,0) size 50x30
            KCanvasContainer {g} at (120,130) size 50x30 [transform={m=((1.00,0.00)(0.00,1.00)) t=(0.00,50.00)}]
              RenderSVGText {text} at (0,0) size 480x10
                RenderText {#text} at (0,0) size 27x10
                  text run at (0,0) width 27: "xMax*"
              KCanvasItem {rect} at (120,130) size 50x30 [stroke={[type=SOLID] [color=#0000FF]}] [data="M0.50,0.50L49.50,0.50L49.50,29.50L0.50,29.50"]
              RenderImage {image} at (0,0) size 50x30
          KCanvasContainer {g} at (300,80) size 130x60 [transform={m=((1.00,0.00)(0.00,1.00)) t=(300.00,50.00)}]
            RenderSVGText {text} at (0,0) size 480x10
              RenderText {#text} at (0,0) size 124x10
                text run at (0,0) width 124: "---------- meet ------------------------"
            KCanvasContainer {g} at (300,80) size 30x60
              RenderSVGText {text} at (0,0) size 480x10
                RenderText {#text} at (0,0) size 27x10
                  text run at (0,0) width 27: "*YMin"
              KCanvasItem {rect} at (300,80) size 30x60 [stroke={[type=SOLID] [color=#0000FF]}] [data="M0.50,0.50L29.50,0.50L29.50,59.50L0.50,59.50"]
              RenderImage {image} at (0,0) size 30x60
            KCanvasContainer {g} at (350,80) size 30x60 [transform={m=((1.00,0.00)(0.00,1.00)) t=(50.00,0.00)}]
              RenderSVGText {text} at (0,0) size 480x10
                RenderText {#text} at (0,0) size 27x10
                  text run at (0,0) width 27: "*YMid"
              KCanvasItem {rect} at (350,80) size 30x60 [stroke={[type=SOLID] [color=#0000FF]}] [data="M0.50,0.50L29.50,0.50L29.50,59.50L0.50,59.50"]
              RenderImage {image} at (0,0) size 30x60
            KCanvasContainer {g} at (400,80) size 30x60 [transform={m=((1.00,0.00)(0.00,1.00)) t=(100.00,0.00)}]
              RenderSVGText {text} at (0,0) size 480x10
                RenderText {#text} at (0,0) size 28x10
                  text run at (0,0) width 28: "*YMax"
              KCanvasItem {rect} at (400,80) size 30x60 [stroke={[type=SOLID] [color=#0000FF]}] [data="M0.50,0.50L29.50,0.50L29.50,59.50L0.50,59.50"]
              RenderImage {image} at (0,0) size 30x60
          KCanvasContainer {g} at (120,215) size 130x60 [transform={m=((1.00,0.00)(0.00,1.00)) t=(120.00,185.00)}]
            RenderSVGText {text} at (0,0) size 480x10
              RenderText {#text} at (0,0) size 127x10
                text run at (0,0) width 127: "---------- slice -------------------------"
            KCanvasContainer {g} at (120,215) size 30x60
              RenderSVGText {text} at (0,0) size 480x10
                RenderText {#text} at (0,0) size 26x10
                  text run at (0,0) width 26: "xMin*"
              KCanvasItem {rect} at (120,215) size 30x60 [stroke={[type=SOLID] [color=#0000FF]}] [data="M0.50,0.50L29.50,0.50L29.50,59.50L0.50,59.50"]
              RenderImage {image} at (0,0) size 30x60
            KCanvasContainer {g} at (170,215) size 30x60 [transform={m=((1.00,0.00)(0.00,1.00)) t=(50.00,0.00)}]
              RenderSVGText {text} at (0,0) size 480x10
                RenderText {#text} at (0,0) size 26x10
                  text run at (0,0) width 26: "xMid*"
              KCanvasItem {rect} at (170,215) size 30x60 [stroke={[type=SOLID] [color=#0000FF]}] [data="M0.50,0.50L29.50,0.50L29.50,59.50L0.50,59.50"]
              RenderImage {image} at (0,0) size 30x60
            KCanvasContainer {g} at (220,215) size 30x60 [transform={m=((1.00,0.00)(0.00,1.00)) t=(100.00,0.00)}]
              RenderSVGText {text} at (0,0) size 480x10
                RenderText {#text} at (0,0) size 27x10
                  text run at (0,0) width 27: "xMax*"
              KCanvasItem {rect} at (220,215) size 30x60 [stroke={[type=SOLID] [color=#0000FF]}] [data="M0.50,0.50L29.50,0.50L29.50,59.50L0.50,59.50"]
              RenderImage {image} at (0,0) size 30x60
          KCanvasContainer {g} at (300,215) size 120x80 [transform={m=((1.00,0.00)(0.00,1.00)) t=(300.00,185.00)}]
            RenderSVGText {text} at (0,0) size 480x10
              RenderText {#text} at (0,0) size 115x10
                text run at (0,0) width 115: "---------- slice ---------------------"
            KCanvasContainer {g} at (300,215) size 50x30
              RenderSVGText {text} at (0,0) size 480x10
                RenderText {#text} at (0,0) size 27x10
                  text run at (0,0) width 27: "*YMin"
              KCanvasItem {rect} at (300,215) size 50x30 [stroke={[type=SOLID] [color=#0000FF]}] [data="M0.50,0.50L49.50,0.50L49.50,29.50L0.50,29.50"]
              RenderImage {image} at (0,0) size 50x30
            KCanvasContainer {g} at (370,215) size 50x30 [transform={m=((1.00,0.00)(0.00,1.00)) t=(70.00,0.00)}]
              RenderSVGText {text} at (0,0) size 480x10
                RenderText {#text} at (0,0) size 27x10
                  text run at (0,0) width 27: "*YMid"
              KCanvasItem {rect} at (370,215) size 50x30 [stroke={[type=SOLID] [color=#0000FF]}] [data="M0.50,0.50L49.50,0.50L49.50,29.50L0.50,29.50"]
              RenderImage {image} at (0,0) size 50x30
            KCanvasContainer {g} at (300,265) size 50x30 [transform={m=((1.00,0.00)(0.00,1.00)) t=(0.00,50.00)}]
              RenderSVGText {text} at (0,0) size 480x10
                RenderText {#text} at (0,0) size 28x10
                  text run at (0,0) width 28: "*YMax"
              KCanvasItem {rect} at (300,265) size 50x30 [stroke={[type=SOLID] [color=#0000FF]}] [data="M0.50,0.50L49.50,0.50L49.50,29.50L0.50,29.50"]
              RenderImage {image} at (0,0) size 50x30
      RenderSVGText {text} at (0,0) size 480x46
        RenderText {#text} at (0,0) size 264x46
          text run at (0,0) width 264: "$Revision: 1.1 $"
      KCanvasItem {rect} at (0.50,0.50) size 479x359 [stroke={[type=SOLID] [color=#000000]}] [data="M1.00,1.00L479.00,1.00L479.00,359.00L1.00,359.00"]
