KCanvasResource {id="MyFilter" [type=FILTER]  [bounding box=at (0,0) size 200x120] [bounding box mode=0] [effects=[[type=GAUSSIAN-BLUR] [in="SourceAlpha"] [result="blur"] [subregion="at (0,0) size 200x120"] [std dev. x=4.00 y=4.00], [type=OFFSET] [in="blur"] [result="offsetBlur"] [subregion="at (0,0) size 200x120"] [dx=4.00 dy=4.00], [type=COMPOSITE] [in="SourceGraphic"] [subregion="at (0,0) size 200x120"] [in2="offsetBlur"] [k1=0.00 k2=0.00 k3=0.00 k4=0.00]]]}
layer at (0,0) size 480x360
  RenderView at (0,0) size 480x360
    RenderSVGContainer {svg} at (-6.67,0.50) size 486.17x359
      RenderSVGContainer {g} at (-6.67,0.50) size 213.33x119
        RenderSVGContainer {svg} at (-10,0.75) size 320x178.50
          RenderSVGContainer {defs} at (0,0) size 0x0
          RenderPath {rect} at (0.75,0.75) size 298.50x178.50 [stroke={[type=SOLID] [color=#0000FF]}] [fill={[type=SOLID] [color=#888888]}] [data="M1.00,1.00L199.00,1.00L199.00,119.00L1.00,119.00"]
          RenderSVGContainer {g} at (-10,37.50) size 320x105 [filter=#MyFilter]
            RenderSVGContainer {g} at (-10,37.50) size 320x105
              RenderPath {path} at (-10,37.50) size 320x105 [stroke={[type=SOLID] [color=#D90000] [stroke width=10.00]}] [data="M50.00,90.00C0.00,90.00,0.00,30.00,50.00,30.00L150.00,30.00C200.00,30.00,200.00,90.00,150.00,90.00"]
              RenderPath {path} at (45,60) size 210x60 [fill={[type=SOLID] [color=#D90000]}] [data="M60.00,80.00C30.00,80.00,30.00,40.00,60.00,40.00L140.00,40.00C170.00,40.00,170.00,80.00,140.00,80.00"]
              RenderSVGContainer {g} at (78,46.50) size 145.50x81
                RenderSVGText {text} at (52,76) size 480x54
                  RenderSVGInlineText {#text} at (0,-45) size 97x54
                    text run at (0,-45) width 97: "SVG"
      RenderSVGText {text} at (10,340) size 480x46
        RenderSVGInlineText {#text} at (0,-36) size 264x46
          text run at (0,-36) width 264: "$Revision: 1.7 $"
      RenderPath {rect} at (0.50,0.50) size 479x359 [stroke={[type=SOLID] [color=#000000]}] [data="M1.00,1.00L479.00,1.00L479.00,359.00L1.00,359.00"]
