layer at (0,0) size 480x360
  RenderView at (0,0) size 480x360
    RenderSVGContainer {svg} at (0.50,0.50) size 479x359
      RenderSVGContainer {g} at (23,25) size 404x273
        RenderSVGContainer {g} at (23,25) size 404x273
          RenderSVGHiddenContainer {defs} at (0,0) size 0x0
          RenderPath {rect} at (25,25) size 100x75 [fill={[type=SOLID] [color=#000000]}] [filter=#Turb1] [data="M25.00,25.00L125.00,25.00L125.00,100.00L25.00,100.00"]
          RenderSVGText {text} at (75,117) size 480x12
            RenderSVGInlineText {#text} at (-41,-10) size 82x12
              text run at (-41,-10) width 82: "type=turbulence"
          RenderSVGText {text} at (75,129) size 480x12
            RenderSVGInlineText {#text} at (-52,-10) size 104x12
              text run at (-52,-10) width 104: "baseFrequency=0.05"
          RenderSVGText {text} at (75,141) size 480x12
            RenderSVGInlineText {#text} at (-38,-10) size 76x12
              text run at (-38,-10) width 76: "numOctaves=2"
          RenderPath {rect} at (175,25) size 100x75 [fill={[type=SOLID] [color=#000000]}] [filter=#Turb2] [data="M175.00,25.00L275.00,25.00L275.00,100.00L175.00,100.00"]
          RenderSVGText {text} at (225,117) size 480x12
            RenderSVGInlineText {#text} at (-41,-10) size 82x12
              text run at (-41,-10) width 82: "type=turbulence"
          RenderSVGText {text} at (225,129) size 480x12
            RenderSVGInlineText {#text} at (-49,-10) size 98x12
              text run at (-49,-10) width 98: "baseFrequency=0.1"
          RenderSVGText {text} at (225,141) size 480x12
            RenderSVGInlineText {#text} at (-38,-10) size 76x12
              text run at (-38,-10) width 76: "numOctaves=2"
          RenderPath {rect} at (325,25) size 100x75 [fill={[type=SOLID] [color=#000000]}] [filter=#Turb3] [data="M325.00,25.00L425.00,25.00L425.00,100.00L325.00,100.00"]
          RenderSVGText {text} at (375,117) size 480x12
            RenderSVGInlineText {#text} at (-41,-10) size 82x12
              text run at (-41,-10) width 82: "type=turbulence"
          RenderSVGText {text} at (375,129) size 480x12
            RenderSVGInlineText {#text} at (-52,-10) size 104x12
              text run at (-52,-10) width 104: "baseFrequency=0.05"
          RenderSVGText {text} at (375,141) size 480x12
            RenderSVGInlineText {#text} at (-38,-10) size 76x12
              text run at (-38,-10) width 76: "numOctaves=8"
          RenderPath {rect} at (25,180) size 100x75 [fill={[type=SOLID] [color=#000000]}] [filter=#Turb4] [data="M25.00,180.00L125.00,180.00L125.00,255.00L25.00,255.00"]
          RenderSVGText {text} at (75,272) size 480x12
            RenderSVGInlineText {#text} at (-44,-10) size 89x12
              text run at (-44,-10) width 89: "type=fractalNoise"
          RenderSVGText {text} at (75,284) size 480x12
            RenderSVGInlineText {#text} at (-49,-10) size 98x12
              text run at (-49,-10) width 98: "baseFrequency=0.1"
          RenderSVGText {text} at (75,296) size 480x12
            RenderSVGInlineText {#text} at (-38,-10) size 76x12
              text run at (-38,-10) width 76: "numOctaves=4"
          RenderPath {rect} at (175,180) size 100x75 [fill={[type=SOLID] [color=#000000]}] [filter=#Turb5] [data="M175.00,180.00L275.00,180.00L275.00,255.00L175.00,255.00"]
          RenderSVGText {text} at (225,272) size 480x12
            RenderSVGInlineText {#text} at (-44,-10) size 89x12
              text run at (-44,-10) width 89: "type=fractalNoise"
          RenderSVGText {text} at (225,284) size 480x12
            RenderSVGInlineText {#text} at (-49,-10) size 98x12
              text run at (-49,-10) width 98: "baseFrequency=0.4"
          RenderSVGText {text} at (225,296) size 480x12
            RenderSVGInlineText {#text} at (-38,-10) size 76x12
              text run at (-38,-10) width 76: "numOctaves=4"
          RenderPath {rect} at (325,180) size 100x75 [fill={[type=SOLID] [color=#000000]}] [filter=#Turb6] [data="M325.00,180.00L425.00,180.00L425.00,255.00L325.00,255.00"]
          RenderSVGText {text} at (375,272) size 480x12
            RenderSVGInlineText {#text} at (-44,-10) size 89x12
              text run at (-44,-10) width 89: "type=fractalNoise"
          RenderSVGText {text} at (375,284) size 480x12
            RenderSVGInlineText {#text} at (-49,-10) size 98x12
              text run at (-49,-10) width 98: "baseFrequency=0.1"
          RenderSVGText {text} at (375,296) size 480x12
            RenderSVGInlineText {#text} at (-38,-10) size 76x12
              text run at (-38,-10) width 76: "numOctaves=1"
      RenderSVGText {text} at (10,340) size 480x46
        RenderSVGInlineText {#text} at (0,-36) size 264x46
          text run at (0,-36) width 264: "$Revision: 1.1 $"
      RenderPath {rect} at (0.50,0.50) size 479x359 [stroke={[type=SOLID] [color=#000000]}] [data="M1.00,1.00L479.00,1.00L479.00,359.00L1.00,359.00"]
