KCanvasResource {id="distantLightA" [type=FILTER]  [effects=[[type=DIFFUSE-LIGHTING] [in="SourceGraphic"] [subregion="at (0,0) size 480x360"] [surface scale=10.00] [diffuse constant=1.00] [kernel unit length 0.00, 0.00]]]}
KCanvasResource {id="distantLightB" [type=FILTER]  [effects=[[type=DIFFUSE-LIGHTING] [in="SourceGraphic"] [subregion="at (0,0) size 480x360"] [surface scale=10.00] [diffuse constant=1.00] [kernel unit length 0.00, 0.00]]]}
KCanvasResource {id="distantLightC" [type=FILTER]  [effects=[[type=DIFFUSE-LIGHTING] [in="SourceGraphic"] [subregion="at (0,0) size 480x360"] [surface scale=10.00] [diffuse constant=1.00] [kernel unit length 0.00, 0.00]]]}
KCanvasResource {id="distantLightD" [type=FILTER]  [effects=[[type=DIFFUSE-LIGHTING] [in="SourceGraphic"] [subregion="at (0,0) size 480x360"] [surface scale=10.00] [diffuse constant=1.00] [kernel unit length 0.00, 0.00]]]}
KCanvasResource {id="pointLightA" [type=FILTER]  [effects=[[type=DIFFUSE-LIGHTING] [in="SourceGraphic"] [subregion="at (0,0) size 480x360"] [surface scale=10.00] [diffuse constant=1.00] [kernel unit length 0.00, 0.00]]]}
KCanvasResource {id="pointLightB" [type=FILTER]  [effects=[[type=DIFFUSE-LIGHTING] [in="SourceGraphic"] [subregion="at (0,0) size 480x360"] [surface scale=10.00] [diffuse constant=1.00] [kernel unit length 0.00, 0.00]]]}
KCanvasResource {id="pointLightC" [type=FILTER]  [effects=[[type=DIFFUSE-LIGHTING] [in="SourceGraphic"] [subregion="at (0,0) size 480x360"] [surface scale=10.00] [diffuse constant=1.00] [kernel unit length 0.00, 0.00]]]}
KCanvasResource {id="pointLightD" [type=FILTER]  [effects=[[type=DIFFUSE-LIGHTING] [in="SourceGraphic"] [subregion="at (0,0) size 480x360"] [surface scale=10.00] [diffuse constant=1.00] [kernel unit length 0.00, 0.00]]]}
KCanvasResource {id="spotLightA" [type=FILTER]  [effects=[[type=DIFFUSE-LIGHTING] [in="SourceGraphic"] [subregion="at (0,0) size 480x360"] [surface scale=10.00] [diffuse constant=1.00] [kernel unit length 0.00, 0.00]]]}
KCanvasResource {id="spotLightB" [type=FILTER]  [effects=[[type=DIFFUSE-LIGHTING] [in="SourceGraphic"] [subregion="at (0,0) size 480x360"] [surface scale=10.00] [diffuse constant=1.00] [kernel unit length 0.00, 0.00]]]}
KCanvasResource {id="spotLightC" [type=FILTER]  [effects=[[type=DIFFUSE-LIGHTING] [in="SourceGraphic"] [subregion="at (0,0) size 480x360"] [surface scale=10.00] [diffuse constant=1.00] [kernel unit length 0.00, 0.00]]]}
KCanvasResource {id="spotLightD" [type=FILTER]  [effects=[[type=DIFFUSE-LIGHTING] [in="SourceGraphic"] [subregion="at (0,0) size 480x360"] [surface scale=10.00] [diffuse constant=1.00] [kernel unit length 0.00, 0.00]]]}
layer at (0,0) size 480x360
  RenderView at (0,0) size 480x360
    RenderSVGContainer {svg} at (0.50,0.50) size 536.50x359
      RenderSVGContainer {g} at (57,9) size 480x266
        RenderSVGText {text} at (240,20) size 480x14
          RenderSVGInlineText {#text} at (-126,-11) size 253x14
            text run at (-126,-11) width 253: "Filters: feDistantLight, fePointLight, feSpotLight"
        RenderSVGContainer {defs} at (0,0) size 0x0
        RenderSVGContainer {g} at (70,36) size 353x64 [transform={m=((1.00,0.00)(0.00,1.00)) t=(0.00,40.00)}]
          RenderSVGText {text} at (70,10) size 480x18
            RenderSVGInlineText {#text} at (0,-14) size 353x18
              text run at (0,-14) width 353: "Various values for feDistantLight azimuth and elevation"
          RenderSVGText {text} at (70,25) size 480x18
            RenderSVGInlineText {#text} at (0,-14) size 34x18
              text run at (0,-14) width 34: "(0, 0)"
          RenderSVGText {text} at (165,25) size 480x18
            RenderSVGInlineText {#text} at (0,-14) size 42x18
              text run at (0,-14) width 42: "(45, 0)"
          RenderSVGText {text} at (260,25) size 480x18
            RenderSVGInlineText {#text} at (0,-14) size 42x18
              text run at (0,-14) width 42: "(0, 45)"
          RenderSVGText {text} at (355,25) size 480x18
            RenderSVGInlineText {#text} at (0,-14) size 50x18
              text run at (0,-14) width 50: "(45, 45)"
          RenderImage {image} at (0,0) size 50x30
          RenderImage {image} at (0,0) size 50x30
          RenderImage {image} at (0,0) size 50x30
          RenderImage {image} at (0,0) size 50x30
        RenderSVGContainer {g} at (70,116) size 359x33 [transform={m=((1.00,0.00)(0.00,1.00)) t=(0.00,120.00)}]
          RenderSVGText {text} at (70,10) size 480x18
            RenderSVGInlineText {#text} at (0,-14) size 274x18
              text run at (0,-14) width 274: "Various values for fePointLight's x, y and z"
          RenderSVGText {text} at (70,25) size 480x18
            RenderSVGInlineText {#text} at (0,-14) size 58x18
              text run at (0,-14) width 58: "(0, 0, 10)"
          RenderSVGText {text} at (165,25) size 480x18
            RenderSVGInlineText {#text} at (0,-14) size 66x18
              text run at (0,-14) width 66: "(50, 0, 10)"
          RenderSVGText {text} at (260,25) size 480x18
            RenderSVGInlineText {#text} at (0,-14) size 66x18
              text run at (0,-14) width 66: "(0, 30, 10)"
          RenderSVGText {text} at (355,25) size 480x18
            RenderSVGInlineText {#text} at (0,-14) size 74x18
              text run at (0,-14) width 74: "(50, 30, 10)"
        RenderSVGContainer {g} at (70,150) size 335x30
          RenderImage {image} at (0,0) size 50x30
          RenderImage {image} at (0,0) size 50x30
          RenderImage {image} at (0,0) size 50x30
          RenderImage {image} at (0,0) size 50x30
        RenderSVGContainer {g} at (70,196) size 467x48 [transform={m=((1.00,0.00)(0.00,1.00)) t=(0.00,210.00)}]
          RenderSVGText {text} at (70,0) size 480x18
            RenderSVGInlineText {#text} at (0,-14) size 467x18
              text run at (0,-14) width 467: "Various values for feSpotLight's x, y, z, pointsAtX, pointsAtY, pointsAtZ"
          RenderSVGText {text} at (70,15) size 480x18
            RenderSVGInlineText {#text} at (0,-14) size 66x18
              text run at (0,-14) width 66: "(25, 0, 25)"
          RenderSVGText {text} at (70,30) size 480x18
            RenderSVGInlineText {#text} at (0,-14) size 66x18
              text run at (0,-14) width 66: "(25, 30, 0)"
          RenderSVGText {text} at (165,15) size 480x18
            RenderSVGInlineText {#text} at (0,-14) size 74x18
              text run at (0,-14) width 74: "(25, 30, 25)"
          RenderSVGText {text} at (165,30) size 480x18
            RenderSVGInlineText {#text} at (0,-14) size 58x18
              text run at (0,-14) width 58: "(25, 0, 0)"
          RenderSVGText {text} at (260,30) size 480x18
            RenderSVGInlineText {#text} at (0,-14) size 33x18
              text run at (0,-14) width 33: "np=1"
          RenderSVGText {text} at (355,30) size 480x18
            RenderSVGInlineText {#text} at (0,-14) size 146x18
              text run at (0,-14) width 146: "limitingConeAngle=30"
        RenderSVGContainer {g} at (70,245) size 335x30
          RenderPath {rect} at (70,245) size 50x30 [transform={m=((1.00,0.00)(0.00,1.00)) t=(70.00,245.00)}] [fill={[type=SOLID] [color=#000000]}] [filter=#spotLightA] [data="M0.00,0.00L50.00,0.00L50.00,30.00L0.00,30.00"]
          RenderPath {rect} at (165,245) size 50x30 [transform={m=((1.00,0.00)(0.00,1.00)) t=(165.00,245.00)}] [fill={[type=SOLID] [color=#000000]}] [filter=#spotLightB] [data="M0.00,0.00L50.00,0.00L50.00,30.00L0.00,30.00"]
          RenderPath {rect} at (260,245) size 50x30 [transform={m=((1.00,0.00)(0.00,1.00)) t=(260.00,245.00)}] [fill={[type=SOLID] [color=#000000]}] [filter=#spotLightC] [data="M0.00,0.00L50.00,0.00L50.00,30.00L0.00,30.00"]
          RenderPath {rect} at (355,245) size 50x30 [transform={m=((1.00,0.00)(0.00,1.00)) t=(355.00,245.00)}] [fill={[type=SOLID] [color=#000000]}] [filter=#spotLightD] [data="M0.00,0.00L50.00,0.00L50.00,30.00L0.00,30.00"]
      RenderSVGText {text} at (10,340) size 480x46
        RenderSVGInlineText {#text} at (0,-36) size 264x46
          text run at (0,-36) width 264: "$Revision: 1.8 $"
      RenderPath {rect} at (0.50,0.50) size 479x359 [stroke={[type=SOLID] [color=#000000]}] [data="M1.00,1.00L479.00,1.00L479.00,359.00L1.00,359.00"]
