KCanvasResource {id="feTileFilter" [type=FILTER]  [bounding box=at (115,40) size 250x250] [bounding box mode=0] [effects=[[type=FLOOD]  [subregion="at (115,40) size 54x19"] [color=#FF0000] [opacity=1.00], [type=OFFSET]  [result="offset"] [subregion="at (115,40) size 50x25"] [dx=6.00 dy=6.00],  [subregion="at (0,0) size 480x360"]]]}
layer at (0,0) size 480x360
  RenderView at (0,0) size 480x360
    RenderSVGContainer {svg} at (0.50,0.50) size 479x359
      RenderSVGContainer {g} at (114,11) size 252x280
        RenderSVGText {text} at (240,25) size 480x17
          RenderSVGInlineText {#text} at (-94,-14) size 189x17
            text run at (-94,-14) width 189: "feTile filter test: a tiled pattern"
        RenderSVGContainer {defs} at (0,0) size 0x0
        RenderSVGContainer {g} at (0,0) size 0x0 [filter=#feTileFilter]
        RenderPath {rect} at (114,39) size 252x252 [stroke={[type=SOLID] [color=#0000FF] [stroke width=2.00]}] [data="M115.00,40.00L365.00,40.00L365.00,290.00L115.00,290.00"]
        RenderPath {rect} at (214.50,114.50) size 51x26 [stroke={[type=SOLID] [color=#000000]}] [fill={[type=SOLID] [color=#0000FF] [opacity=0.50]}] [data="M215.00,115.00L265.00,115.00L265.00,140.00L215.00,140.00"]
      RenderSVGText {text} at (10,340) size 480x46
        RenderSVGInlineText {#text} at (0,-36) size 264x46
          text run at (0,-36) width 264: "$Revision: 1.1 $"
      RenderPath {rect} at (0.50,0.50) size 479x359 [stroke={[type=SOLID] [color=#000000]}] [data="M1.00,1.00L479.00,1.00L479.00,359.00L1.00,359.00"]
