KCanvasResource {id="FOMTest" [type=FILTER]  [bounding box=at (0.00%,0.00%) size 250.00%x400.00%] [effects=[[type=OFFSET]  [result="Off1"] [subregion="at (0,0) size 480x360"] [dx=40.00 dy=30.00], [type=FLOOD]  [result="F1"] [subregion="at (0,0) size 480x360"] [color=#408000] [opacity=0.80], [type=COMPOSITE]  [result="C1"] [subregion="at (0,0) size 480x360"] [in2="Off1"] [k1=0.00 k2=0.00 k3=0.00 k4=0.00], [type=OFFSET] [in="SourceGraphic"] [result="Off2"] [subregion="at (0,0) size 480x360"] [dx=80.00 dy=60.00], [type=FLOOD]  [result="F2"] [subregion="at (0,0) size 480x360"] [color=#408000] [opacity=0.60], [type=COMPOSITE]  [result="C2"] [subregion="at (0,0) size 480x360"] [in2="Off2"] [k1=0.00 k2=0.00 k3=0.00 k4=0.00], [type=OFFSET] [in="SourceGraphic"] [result="Off3"] [subregion="at (0,0) size 480x360"] [dx=120.00 dy=90.00], [type=FLOOD]  [result="F3"] [subregion="at (0,0) size 480x360"] [color=#408000] [opacity=0.40], [type=COMPOSITE]  [result="C3"] [subregion="at (0,0) size 480x360"] [in2="Off3"] [k1=0.00 k2=0.00 k3=0.00 k4=0.00], [type=MERGE]  [subregion="at (0,0) size 480x360"][merge inputs=[C3, C2, C1, SourceGraphic]]]]}
layer at (0,0) size 480x360
  RenderView at (0,0) size 480x360
    RenderSVGContainer {svg} at (0.50,0.50) size 479x359
      RenderSVGContainer {g} at (109,10) size 142x181
        RenderSVGHiddenContainer {defs} at (0,0) size 0x0
        RenderPath {circle} at (120,10) size 80x80 [fill={[type=SOLID] [color=#000000]}] [filter=#FOMTest] [data="M200.00,50.00L199.92,52.51L199.68,55.01L199.29,57.50L198.74,59.95L198.04,62.36L197.19,64.72L196.19,67.03L195.05,69.27L193.77,71.43L192.36,73.51L190.82,75.50L189.16,77.38L187.38,79.16L185.50,80.82L183.51,82.36L181.43,83.77L179.27,85.05L177.03,86.19L174.72,87.19L172.36,88.04L169.95,88.74L167.50,89.29L165.01,89.68L162.51,89.92L160.00,90.00L157.49,89.92L154.99,89.68L152.50,89.29L150.05,88.74L147.64,88.04L145.28,87.19L142.97,86.19L140.73,85.05L138.57,83.77L136.49,82.36L134.50,80.82L132.62,79.16L130.84,77.38L129.18,75.50L127.64,73.51L126.23,71.43L124.95,69.27L123.81,67.03L122.81,64.72L121.96,62.36L121.26,59.95L120.71,57.50L120.32,55.01L120.08,52.51L120.00,50.00L120.08,47.49L120.32,44.99L120.71,42.50L121.26,40.05L121.96,37.64L122.81,35.28L123.81,32.97L124.95,30.73L126.23,28.57L127.64,26.49L129.18,24.50L130.84,22.62L132.62,20.84L134.50,19.18L136.49,17.64L138.57,16.23L140.73,14.95L142.97,13.81L145.28,12.81L147.64,11.96L150.05,11.26L152.50,10.71L154.99,10.32L157.49,10.08L160.00,10.00L162.51,10.08L165.01,10.32L167.50,10.71L169.95,11.26L172.36,11.96L174.72,12.81L177.03,13.81L179.27,14.95L181.43,16.23L183.51,17.64L185.50,19.18L187.38,20.84L189.16,22.62L190.82,24.50L192.36,26.49L193.77,28.57L195.05,30.73L196.19,32.97L197.19,35.28L198.04,37.64L198.74,40.05L199.29,42.50L199.68,44.99L199.92,47.49"]
        RenderPath {path} at (109,79) size 22x22 [transform={m=((1.00,0.00)(0.00,1.00)) t=(120.00,90.00)}] [fill={[type=SOLID] [color=#000000]}] [data="M-1.00,-11.00L1.00,-11.00L1.00,-1.00L11.00,-1.00L11.00,1.00L1.00,1.00L1.00,11.00L-1.00,11.00L-1.00,1.00L-11.00,1.00L-11.00,-1.00L-1.00,-1.00L-1.00,-11.00"]
        RenderPath {path} at (149,109) size 22x22 [transform={m=((1.00,0.00)(0.00,1.00)) t=(160.00,120.00)}] [fill={[type=SOLID] [color=#408000] [opacity=0.80]}] [data="M-1.00,-11.00L1.00,-11.00L1.00,-1.00L11.00,-1.00L11.00,1.00L1.00,1.00L1.00,11.00L-1.00,11.00L-1.00,1.00L-11.00,1.00L-11.00,-1.00L-1.00,-1.00L-1.00,-11.00"]
        RenderPath {path} at (189,139) size 22x22 [transform={m=((1.00,0.00)(0.00,1.00)) t=(200.00,150.00)}] [fill={[type=SOLID] [color=#408000] [opacity=0.60]}] [data="M-1.00,-11.00L1.00,-11.00L1.00,-1.00L11.00,-1.00L11.00,1.00L1.00,1.00L1.00,11.00L-1.00,11.00L-1.00,1.00L-11.00,1.00L-11.00,-1.00L-1.00,-1.00L-1.00,-11.00"]
        RenderPath {path} at (229,169) size 22x22 [transform={m=((1.00,0.00)(0.00,1.00)) t=(240.00,180.00)}] [fill={[type=SOLID] [color=#408000] [opacity=0.40]}] [data="M-1.00,-11.00L1.00,-11.00L1.00,-1.00L11.00,-1.00L11.00,1.00L1.00,1.00L1.00,11.00L-1.00,11.00L-1.00,1.00L-11.00,1.00L-11.00,-1.00L-1.00,-1.00L-1.00,-11.00"]
      RenderSVGText {text} at (10,340) size 480x46
        RenderSVGInlineText {#text} at (0,-36) size 264x46
          text run at (0,-36) width 264: "$Revision: 1.3 $"
      RenderPath {rect} at (0.50,0.50) size 479x359 [stroke={[type=SOLID] [color=#000000]}] [data="M1.00,1.00L479.00,1.00L479.00,359.00L1.00,359.00"]
