KCanvasResource {id="over" [type=FILTER]  [bounding box=at (0,0) size 1x1] [effect bounding box mode=0] [effects=[[type=IMAGE]  [result="blue"] [subregion="at (0,0) size 480x360"], [type=IMAGE]  [result="red"] [subregion="at (0,0) size 480x360"], [type=COMPOSITE] [in="red"] [subregion="at (0,0) size 480x360"] [in2="blue"] [k1=0.00 k2=0.00 k3=0.00 k4=0.00]]]}
KCanvasResource {id="over50" [type=FILTER]  [bounding box=at (0,0) size 1x1] [effect bounding box mode=0] [effects=[[type=IMAGE]  [result="blue"] [subregion="at (0,0) size 480x360"], [type=IMAGE]  [result="red"] [subregion="at (0,0) size 480x360"], [type=COMPOSITE] [in="red"] [subregion="at (0,0) size 480x360"] [in2="blue"] [k1=0.00 k2=0.00 k3=0.00 k4=0.00]]]}
KCanvasResource {id="in" [type=FILTER]  [bounding box=at (0,0) size 1x1] [effect bounding box mode=0] [effects=[[type=IMAGE]  [result="blue"] [subregion="at (0,0) size 480x360"], [type=IMAGE]  [result="red"] [subregion="at (0,0) size 480x360"], [type=COMPOSITE] [in="red"] [subregion="at (0,0) size 480x360"] [in2="blue"] [k1=0.00 k2=0.00 k3=0.00 k4=0.00]]]}
KCanvasResource {id="in50" [type=FILTER]  [bounding box=at (0,0) size 1x1] [effect bounding box mode=0] [effects=[[type=IMAGE]  [result="blue"] [subregion="at (0,0) size 480x360"], [type=IMAGE]  [result="red"] [subregion="at (0,0) size 480x360"], [type=COMPOSITE] [in="red"] [subregion="at (0,0) size 480x360"] [in2="blue"] [k1=0.00 k2=0.00 k3=0.00 k4=0.00]]]}
KCanvasResource {id="out" [type=FILTER]  [bounding box=at (0,0) size 1x1] [effect bounding box mode=0] [effects=[[type=IMAGE]  [result="blue"] [subregion="at (0,0) size 480x360"], [type=IMAGE]  [result="red"] [subregion="at (0,0) size 480x360"], [type=COMPOSITE] [in="red"] [subregion="at (0,0) size 480x360"] [in2="blue"] [k1=0.00 k2=0.00 k3=0.00 k4=0.00]]]}
KCanvasResource {id="out50" [type=FILTER]  [bounding box=at (0,0) size 1x1] [effect bounding box mode=0] [effects=[[type=IMAGE]  [result="blue"] [subregion="at (0,0) size 480x360"], [type=IMAGE]  [result="red"] [subregion="at (0,0) size 480x360"], [type=COMPOSITE] [in="red"] [subregion="at (0,0) size 480x360"] [in2="blue"] [k1=0.00 k2=0.00 k3=0.00 k4=0.00]]]}
KCanvasResource {id="atop" [type=FILTER]  [bounding box=at (0,0) size 1x1] [effect bounding box mode=0] [effects=[[type=IMAGE]  [result="blue"] [subregion="at (0,0) size 480x360"], [type=IMAGE]  [result="red"] [subregion="at (0,0) size 480x360"], [type=COMPOSITE] [in="red"] [subregion="at (0,0) size 480x360"] [in2="blue"] [k1=0.00 k2=0.00 k3=0.00 k4=0.00]]]}
KCanvasResource {id="atop50" [type=FILTER]  [bounding box=at (0,0) size 1x1] [effect bounding box mode=0] [effects=[[type=IMAGE]  [result="blue"] [subregion="at (0,0) size 480x360"], [type=IMAGE]  [result="red"] [subregion="at (0,0) size 480x360"], [type=COMPOSITE] [in="red"] [subregion="at (0,0) size 480x360"] [in2="blue"] [k1=0.00 k2=0.00 k3=0.00 k4=0.00]]]}
KCanvasResource {id="xor" [type=FILTER]  [bounding box=at (0,0) size 1x1] [effect bounding box mode=0] [effects=[[type=IMAGE]  [result="blue"] [subregion="at (0,0) size 480x360"], [type=IMAGE]  [result="red"] [subregion="at (0,0) size 480x360"], [type=COMPOSITE] [in="red"] [subregion="at (0,0) size 480x360"] [in2="blue"] [k1=0.00 k2=0.00 k3=0.00 k4=0.00]]]}
KCanvasResource {id="xor50" [type=FILTER]  [bounding box=at (0,0) size 1x1] [effect bounding box mode=0] [effects=[[type=IMAGE]  [result="blue"] [subregion="at (0,0) size 480x360"], [type=IMAGE]  [result="red"] [subregion="at (0,0) size 480x360"], [type=COMPOSITE] [in="red"] [subregion="at (0,0) size 480x360"] [in2="blue"] [k1=0.00 k2=0.00 k3=0.00 k4=0.00]]]}
KCanvasResource {id="arithmetic" [type=FILTER]  [bounding box=at (0,0) size 1x1] [effect bounding box mode=0] [effects=[[type=IMAGE]  [result="blue"] [subregion="at (0,0) size 480x360"], [type=IMAGE]  [result="red"] [subregion="at (0,0) size 480x360"], [type=COMPOSITE] [in="red"] [subregion="at (0,0) size 480x360"] [in2="blue"] [k1=0.50 k2=0.50 k3=0.50 k4=0.50]]]}
KCanvasResource {id="arithmetic50" [type=FILTER]  [bounding box=at (0,0) size 1x1] [effect bounding box mode=0] [effects=[[type=IMAGE]  [result="blue"] [subregion="at (0,0) size 480x360"], [type=IMAGE]  [result="red"] [subregion="at (0,0) size 480x360"], [type=COMPOSITE] [in="red"] [subregion="at (0,0) size 480x360"] [in2="blue"] [k1=0.50 k2=0.50 k3=0.50 k4=0.50]]]}
layer at (0,0) size 480x360
  RenderView at (0,0) size 480x360
    KCanvasContainer {svg} at (0.50,0.50) size 479x359
      KCanvasContainer {g} at (20.20,10.20) size 439.60x289.60 [transform={m=((1.00,0.00)(0.00,1.00)) t=(15.00,-60.00)}]
        KCanvasContainer {g} at (20.20,10.20) size 439.60x289.60 [transform={m=((0.40,0.00)(0.00,0.40)) t=(5.00,70.00)}]
          KCanvasItem {rect} at (20.20,10.20) size 439.60x289.60 [stroke={[type=SOLID] [color=#0000FF]}] [data="M1.00,1.00L1099.00,1.00L1099.00,724.00L1.00,724.00"]
          RenderSVGText {text} at (0,0) size 465x146
            RenderText {#text} at (0,0) size 409x146
              text run at (0,0) width 409: "on first Row :"
              text run at (0,73) width 335: "opacity 1.0"
          RenderSVGText {text} at (0,0) size 465x146
            RenderText {#text} at (0,0) size 436x146
              text run at (0,0) width 436: "on second row"
              text run at (0,73) width 335: "opacity 0.5"
          KCanvasContainer {g} at (26,102) size 60x60 [transform={m=((1.00,0.00)(0.00,1.00)) t=(15.00,230.00)}]
            KCanvasItem {rect} at (26,102) size 60x60 [fill={[type=SOLID] [color=#000000]}] [filter=#over] [data="M0.00,0.00L150.00,0.00L150.00,150.00L0.00,150.00"]
            RenderSVGText {text} at (0,0) size 465x73
              RenderText {#text} at (0,0) size 134x73
                text run at (0,0) width 134: "over"
          KCanvasContainer {g} at (26,182) size 60x60 [transform={m=((1.00,0.00)(0.00,1.00)) t=(15.00,430.00)}]
            KCanvasItem {rect} at (26,182) size 60x60 [fill={[type=SOLID] [color=#000000]}] [filter=#over50] [data="M0.00,0.00L150.00,0.00L150.00,150.00L0.00,150.00"]
          KCanvasContainer {g} at (98,102) size 60x60 [transform={m=((1.00,0.00)(0.00,1.00)) t=(195.00,230.00)}]
            KCanvasItem {rect} at (98,102) size 60x60 [fill={[type=SOLID] [color=#000000]}] [filter=#in] [data="M0.00,0.00L150.00,0.00L150.00,150.00L0.00,150.00"]
            RenderSVGText {text} at (0,0) size 465x73
              RenderText {#text} at (0,0) size 54x73
                text run at (0,0) width 54: "in"
          KCanvasContainer {g} at (98,182) size 60x60 [transform={m=((1.00,0.00)(0.00,1.00)) t=(195.00,430.00)}]
            KCanvasItem {rect} at (98,182) size 60x60 [fill={[type=SOLID] [color=#000000]}] [filter=#in50] [data="M0.00,0.00L150.00,0.00L150.00,150.00L0.00,150.00"]
          KCanvasContainer {g} at (170,102) size 60x60 [transform={m=((1.00,0.00)(0.00,1.00)) t=(375.00,230.00)}]
            KCanvasItem {rect} at (170,102) size 60x60 [fill={[type=SOLID] [color=#000000]}] [filter=#out] [data="M0.00,0.00L150.00,0.00L150.00,150.00L0.00,150.00"]
            RenderSVGText {text} at (0,0) size 465x73
              RenderText {#text} at (0,0) size 98x73
                text run at (0,0) width 98: "out"
          KCanvasContainer {g} at (170,182) size 60x60 [transform={m=((1.00,0.00)(0.00,1.00)) t=(375.00,430.00)}]
            KCanvasItem {rect} at (170,182) size 60x60 [fill={[type=SOLID] [color=#000000]}] [filter=#out50] [data="M0.00,0.00L150.00,0.00L150.00,150.00L0.00,150.00"]
          KCanvasContainer {g} at (242,102) size 60x60 [transform={m=((1.00,0.00)(0.00,1.00)) t=(555.00,230.00)}]
            KCanvasItem {rect} at (242,102) size 60x60 [fill={[type=SOLID] [color=#000000]}] [filter=#atop] [data="M0.00,0.00L150.00,0.00L150.00,150.00L0.00,150.00"]
            RenderSVGText {text} at (0,0) size 465x73
              RenderText {#text} at (0,0) size 133x73
                text run at (0,0) width 133: "atop"
          KCanvasContainer {g} at (242,182) size 60x60 [transform={m=((1.00,0.00)(0.00,1.00)) t=(555.00,430.00)}]
            KCanvasItem {rect} at (242,182) size 60x60 [fill={[type=SOLID] [color=#000000]}] [filter=#atop50] [data="M0.00,0.00L150.00,0.00L150.00,150.00L0.00,150.00"]
          KCanvasContainer {g} at (314,102) size 60x60 [transform={m=((1.00,0.00)(0.00,1.00)) t=(735.00,230.00)}]
            KCanvasItem {rect} at (314,102) size 60x60 [fill={[type=SOLID] [color=#000000]}] [filter=#xor] [data="M0.00,0.00L150.00,0.00L150.00,150.00L0.00,150.00"]
            RenderSVGText {text} at (0,0) size 465x73
              RenderText {#text} at (0,0) size 98x73
                text run at (0,0) width 98: "xor"
          KCanvasContainer {g} at (314,182) size 60x60 [transform={m=((1.00,0.00)(0.00,1.00)) t=(735.00,430.00)}]
            KCanvasItem {rect} at (314,182) size 60x60 [fill={[type=SOLID] [color=#000000]}] [filter=#xor50] [data="M0.00,0.00L150.00,0.00L150.00,150.00L0.00,150.00"]
          KCanvasContainer {g} at (386,102) size 60x60 [transform={m=((1.00,0.00)(0.00,1.00)) t=(915.00,230.00)}]
            KCanvasItem {rect} at (386,102) size 60x60 [fill={[type=SOLID] [color=#000000]}] [filter=#arithmetic] [data="M0.00,0.00L150.00,0.00L150.00,150.00L0.00,150.00"]
            RenderSVGText {text} at (0,0) size 465x73
              RenderText {#text} at (0,0) size 167x73
                text run at (0,0) width 167: "arith-"
            RenderSVGText {text} at (0,0) size 465x73
              RenderText {#text} at (0,0) size 165x73
                text run at (0,0) width 165: "metic"
          KCanvasContainer {g} at (386,182) size 60x60 [transform={m=((1.00,0.00)(0.00,1.00)) t=(915.00,430.00)}]
            KCanvasItem {rect} at (386,182) size 60x60 [fill={[type=SOLID] [color=#000000]}] [filter=#arithmetic50] [data="M0.00,0.00L150.00,0.00L150.00,150.00L0.00,150.00"]
      RenderSVGText {text} at (0,0) size 465x46
        RenderText {#text} at (0,0) size 264x46
          text run at (0,0) width 264: "$Revision: 1.1 $"
      KCanvasItem {rect} at (0.50,0.50) size 479x359 [stroke={[type=SOLID] [color=#000000]}] [data="M1.00,1.00L479.00,1.00L479.00,359.00L1.00,359.00"]
