KCanvasResource {id="convolve1" [type=FILTER]  [bounding box=at (0,0) size 100x100] [effect bounding box mode=0]}
KCanvasResource {id="convolve2" [type=FILTER]  [bounding box=at (0,0) size 100x100] [effect bounding box mode=0]}
KCanvasResource {id="convolve3" [type=FILTER]  [bounding box=at (0,0) size 100x100] [effect bounding box mode=0]}
KCanvasResource {id="convolve4" [type=FILTER]  [bounding box=at (0,0) size 100x100] [effect bounding box mode=0]}
KCanvasResource {id="convolve5" [type=FILTER]  [bounding box=at (0,0) size 100x100] [effect bounding box mode=0]}
KCanvasResource {id="convolve6" [type=FILTER]  [bounding box=at (0,0) size 100x100] [effect bounding box mode=0]}
layer at (0,0) size 480x360
  RenderCanvas at (0,0) size 480x360
    KCanvasContainer {svg} at (0.50,0.50) size 479x359
      KCanvasContainer {g} at (30,70) size 350x156
        KCanvasContainer {g} at (30,70) size 350x156 [transform={m=((1.00,0.00)(0.00,1.00)) t=(20.00,40.00)}]
          KCanvasContainer {g} at (30,70) size 350x156
            RenderSVGText {text} at (0,0) size 465x18
              RenderText {TEXT} at (0,0) size 66x18
                text run at (0,0) width 66: "Blur (3x3)"
            KCanvasContainer {g} at (30,70) size 50x63
              KCanvasItem {image} at (30,70) size 50x63 [fill={[type=IMAGE] [bounding box=at (0,0) size 50x63]}] [filter=#convolve1] [data="M10.00,30.00L60.00,30.00L60.00,93.00L10.00,93.00"]
            RenderSVGText {text} at (0,0) size 465x18
              RenderText {TEXT} at (0,0) size 136x18
                text run at (0,0) width 136: "Edge Detection (3x3)"
            KCanvasContainer {g} at (180,70) size 50x63 [transform={m=((1.00,0.00)(0.00,1.00)) t=(150.00,0.00)}]
              KCanvasItem {image} at (180,70) size 50x63 [fill={[type=IMAGE] [bounding box=at (0,0) size 50x63]}] [filter=#convolve2] [data="M10.00,30.00L60.00,30.00L60.00,93.00L10.00,93.00"]
            RenderSVGText {text} at (0,0) size 465x18
              RenderText {TEXT} at (0,0) size 110x18
                text run at (0,0) width 110: "Sharpening (3x3)"
            KCanvasContainer {g} at (330,70) size 50x63 [transform={m=((1.00,0.00)(0.00,1.00)) t=(300.00,0.00)}]
              KCanvasItem {image} at (330,70) size 50x63 [fill={[type=IMAGE] [bounding box=at (0,0) size 50x63]}] [filter=#convolve3] [data="M10.00,30.00L60.00,30.00L60.00,93.00L10.00,93.00"]
            RenderSVGText {text} at (0,0) size 465x18
              RenderText {TEXT} at (0,0) size 108x18
                text run at (0,0) width 108: "Embossing (3x3)"
            KCanvasContainer {g} at (30,163) size 50x63 [transform={m=((1.00,0.00)(0.00,1.00)) t=(0.00,93.00)}]
              KCanvasItem {image} at (30,163) size 50x63 [fill={[type=IMAGE] [bounding box=at (0,0) size 50x63]}] [filter=#convolve4] [data="M10.00,30.00L60.00,30.00L60.00,93.00L10.00,93.00"]
            RenderSVGText {text} at (0,0) size 465x18
              RenderText {TEXT} at (0,0) size 134x18
                text run at (0,0) width 134: "Horizontal blur (3x1)"
            KCanvasContainer {g} at (180,163) size 50x63 [transform={m=((1.00,0.00)(0.00,1.00)) t=(150.00,93.00)}]
              KCanvasItem {image} at (180,163) size 50x63 [fill={[type=IMAGE] [bounding box=at (0,0) size 50x63]}] [filter=#convolve5] [data="M10.00,30.00L60.00,30.00L60.00,93.00L10.00,93.00"]
            RenderSVGText {text} at (0,0) size 465x18
              RenderText {TEXT} at (0,0) size 117x18
                text run at (0,0) width 117: "Vertical blur (1x3)"
            KCanvasContainer {g} at (330,163) size 50x63 [transform={m=((1.00,0.00)(0.00,1.00)) t=(300.00,93.00)}]
              KCanvasItem {image} at (330,163) size 50x63 [fill={[type=IMAGE] [bounding box=at (0,0) size 50x63]}] [filter=#convolve6] [data="M10.00,30.00L60.00,30.00L60.00,93.00L10.00,93.00"]
      RenderSVGText {text} at (0,0) size 465x46
        RenderText {TEXT} at (0,0) size 314x46
          text run at (0,0) width 314: "$Revision$"
      KCanvasItem {rect} at (0.50,0.50) size 479x359 [stroke={[type=SOLID] [color=#000000]}] [data="M1.00,1.00L479.00,1.00L479.00,359.00L1.00,359.00"]
