KCanvasResource {id="DispMapChecker" [type=FILTER]  [bounding box=at (0,0) size 100x100] [effect bounding box mode=0] [effects=[[type=IMAGE] ]]}
KCanvasResource {id="RotateMap" [type=FILTER]  [bounding box=at (0,0) size 100x100] [effect bounding box mode=0] [effects=[[type=IMAGE] ]]}
KCanvasResource {id="SphereMap" [type=FILTER]  [bounding box=at (0,0) size 100x100] [effect bounding box mode=0] [effects=[[type=IMAGE] ]]}
KCanvasResource {id="RotateMapTest" [type=FILTER]  [bounding box=at (0,0) size 100x100] [effect bounding box mode=0] [effects=[[type=IMAGE]  [result="Map"], [type=IMAGE]  [result="Texture"]]]}
KCanvasResource {id="SphereMapTest" [type=FILTER]  [bounding box=at (0,0) size 100x100] [effect bounding box mode=0] [effects=[[type=IMAGE]  [result="Map"], [type=IMAGE]  [result="Texture"]]]}
layer at (0,0) size 480x360
  RenderCanvas at (0,0) size 480x360
    KCanvasContainer {svg} at (0.50,0.50) size 479x359
      KCanvasContainer {g} at (15,15) size 414x313
        KCanvasContainer {g} at (15,15) size 414x313
          KCanvasItem {rect} at (15,15) size 128x128 [fill={[type=SOLID] [color=#000000]}] [filter=#DispMapChecker] [data="M15.00,15.00L143.00,15.00L143.00,143.00L15.00,143.00"]
          KCanvasItem {rect} at (20,115) size 118x20 [fill={[type=SOLID] [color=#DDDDDD]}] [data="M20.00,115.00L138.00,115.00L138.00,135.00L20.00,135.00"]
          RenderSVGText {text} at (0,0) size 465x14
            RenderText {TEXT} at (0,0) size 115x14
              text run at (0,0) width 115: "Checkerboard Image"
          KCanvasItem {rect} at (158,15) size 128x128 [fill={[type=SOLID] [color=#000000]}] [filter=#RotateMap] [data="M158.00,15.00L286.00,15.00L286.00,143.00L158.00,143.00"]
          KCanvasItem {rect} at (163,112) size 118x30 [fill={[type=SOLID] [color=#DDDDDD]}] [data="M163.00,112.00L281.00,112.00L281.00,142.00L163.00,142.00"]
          RenderSVGText {text} at (0,0) size 465x0
          KCanvasItem {rect} at (301,15) size 128x128 [fill={[type=SOLID] [color=#000000]}] [filter=#RotateMapTest] [data="M301.00,15.00L429.00,15.00L429.00,143.00L301.00,143.00"]
          KCanvasItem {rect} at (323.99,37.99) size 82.03x82.03 [transform={m=((30.07,10.94)(-10.94,30.07)) t=(365.00,79.00)}] [fill={[type=SOLID] [color=#0000FF] [opacity=0.50]}] [data="M-1.00,-1.00L1.00,-1.00L1.00,1.00L-1.00,1.00"]
          RenderSVGText {text} at (0,0) size 465x0
          KCanvasItem {rect} at (15,158) size 128x128 [fill={[type=SOLID] [color=#000000]}] [filter=#DispMapChecker] [data="M15.00,158.00L143.00,158.00L143.00,286.00L15.00,286.00"]
          KCanvasItem {rect} at (20,258) size 118x20 [fill={[type=SOLID] [color=#DDDDDD]}] [data="M20.00,258.00L138.00,258.00L138.00,278.00L20.00,278.00"]
          RenderSVGText {text} at (0,0) size 465x14
            RenderText {TEXT} at (0,0) size 115x14
              text run at (0,0) width 115: "Checkerboard Image"
          KCanvasItem {rect} at (158,158) size 128x128 [fill={[type=SOLID] [color=#000000]}] [filter=#SphereMap] [data="M158.00,158.00L286.00,158.00L286.00,286.00L158.00,286.00"]
          KCanvasItem {rect} at (163,255) size 118x30 [fill={[type=SOLID] [color=#DDDDDD]}] [data="M163.00,255.00L281.00,255.00L281.00,285.00L163.00,285.00"]
          RenderSVGText {text} at (0,0) size 465x0
          KCanvasItem {rect} at (301,200) size 128x128 [fill={[type=SOLID] [color=#000000]}] [filter=#SphereMapTest] [data="M301.00,200.00L429.00,200.00L429.00,328.00L301.00,328.00"]
          RenderSVGText {text} at (0,0) size 465x14
            RenderText {TEXT} at (0,0) size 35x14
              text run at (0,0) width 35: "Result"
      RenderSVGText {text} at (0,0) size 465x46
        RenderText {TEXT} at (0,0) size 314x46
          text run at (0,0) width 314: "$Revision$"
      KCanvasItem {rect} at (0.50,0.50) size 479x359 [stroke={[type=SOLID] [color=#000000]}] [data="M1.00,1.00L479.00,1.00L479.00,359.00L1.00,359.00"]
