KCanvasResource {id="image" [type=FILTER]  [bounding box=at (-10.00%,-10.00%) size 120.00%x120.00%] [effects=[[type=IMAGE]  [subregion="at (145,50) size 190x190"]]]}
layer at (0,0) size 480x360
  RenderView at (0,0) size 480x360
    RenderSVGContainer {svg} at (0,0) size 480x360
      RenderSVGContainer {g} at (0,0) size 480x360
        RenderSVGContainer {defs} at (0,0) size 0x0
        RenderSVGText {text} at (240,20) size 480x14
          RenderSVGInlineText {#text} at (-92,-11) size 185x14
            text run at (-92,-11) width 185: "Basic test of feImage filter support."
        RenderPath {rect} at (0,0) size 480x360 [fill={[type=SOLID] [color=#000000]}] [filter=#image] [data="M0.00,0.00L480.00,0.00L480.00,360.00L0.00,360.00"]
      RenderSVGText {text} at (10,340) size 480x46
        RenderSVGInlineText {#text} at (0,-36) size 264x46
          text run at (0,-36) width 264: "$Revision: 1.3 $"
      RenderPath {rect} at (0.50,0.50) size 479x359 [stroke={[type=SOLID] [color=#000000]}] [data="M1.00,1.00L479.00,1.00L479.00,359.00L1.00,359.00"]
