layer at (0,0) size 480x360
  RenderView at (0,0) size 480x360
    RenderSVGContainer {svg} at (0.50,0.50) size 482.50x359
      RenderSVGContainer {g} at (9.50,12) size 473.50x264
        RenderSVGHiddenContainer {defs} at (0,0) size 0x0
          RenderSVGContainer {g} at (-2,-12) size 14x14
            RenderPath {line} at (-0.50,-12) size 1x12 [stroke={[type=SOLID] [color=#FF0000]}] [fill={[type=SOLID] [color=#000000]}] [data="M0.00,0.00L0.00,-12.00"]
            RenderPath {line} at (0,-0.50) size 12x1 [stroke={[type=SOLID] [color=#FF0000]}] [fill={[type=SOLID] [color=#000000]}] [data="M0.00,0.00L12.00,0.00"]
            RenderPath {rect} at (-2,-2) size 4x4 [fill={[type=SOLID] [color=#FF0000]}] [data="M-2.00,-2.00L2.00,-2.00L2.00,2.00L-2.00,2.00"]
          RenderSVGContainer {g} at (-0.50,-0.50) size 201x51
            RenderPath {rect} at (0,0) size 200x20 [fill={[type=SOLID] [color=#EEEEEE]}] [data="M0.00,0.00L200.00,0.00L200.00,20.00L0.00,20.00"]
            RenderPath {rect} at (0,20) size 200x30 [fill={[type=SOLID] [color=#CCCCCC]}] [data="M0.00,20.00L200.00,20.00L200.00,50.00L0.00,50.00"]
            RenderPath {rect} at (-0.50,-0.50) size 201x51 [stroke={[type=SOLID] [color=#000000]}] [data="M0.00,0.00L200.00,0.00L200.00,50.00L0.00,50.00"]
        RenderSVGText {text} at (240,30) size 480x23
          RenderSVGInlineText {#text} at (-34,-18) size 68x23
            text run at (-34,-18) width 68: "<hkern>"
        RenderSVGContainer {g} at (9.50,59.50) size 473.50x216.50 [transform={m=((1.00,0.00)(0.00,1.00)) t=(30.00,60.00)}]
          RenderSVGContainer {g} at (9.50,59.50) size 98.50x51.50
            RenderSVGContainer {g} at (9.50,59.50) size 21x51
              RenderPath {rect} at (9.50,59.50) size 21x51 [stroke={[type=SOLID] [color=#000000]}] [data="M-20.00,0.00L0.00,0.00L0.00,50.00L-20.00,50.00"]
              RenderSVGText {text} at (0,0) size 480x18
                RenderSVGInlineText {#text} at (-20,-14) size 41x18
                  text run at (-20,-14) width 41: "font A"
            RenderSVGText {text} at (5,15) size 480x14
              RenderSVGInlineText {#text} at (0,-11) size 73x14
                text run at (0,-11) width 73: "u1=\"1\" u2=\"2\""
            RenderSVGContainer {g} at (35,85) size 20x26 [transform={m=((2.00,0.00)(0.00,2.00)) t=(5.00,45.00)}]
              RenderSVGText {text} at (0,0) size 480x13
                RenderSVGInlineText {#text} at (0,-10) size 10x13
                  text run at (0,-10) width 10: "12"
          RenderSVGContainer {g} at (9.50,114.50) size 163.50x51.50 [transform={m=((1.00,0.00)(0.00,1.00)) t=(0.00,55.00)}]
            RenderSVGContainer {g} at (9.50,114.50) size 21x51
              RenderPath {rect} at (9.50,114.50) size 21x51 [stroke={[type=SOLID] [color=#000000]}] [data="M-20.00,0.00L0.00,0.00L0.00,50.00L-20.00,50.00"]
              RenderSVGText {text} at (0,0) size 480x18
                RenderSVGInlineText {#text} at (-20,-14) size 40x18
                  text run at (-20,-14) width 40: "font B"
            RenderSVGText {text} at (5,15) size 480x18
              RenderSVGInlineText {#text} at (0,-14) size 138x18
                text run at (0,-14) width 138: "g1=\"gl_1\" g2=\"gl_2\""
            RenderSVGContainer {g} at (35,140) size 20x26 [transform={m=((2.00,0.00)(0.00,2.00)) t=(5.00,45.00)}]
              RenderSVGText {text} at (0,0) size 480x13
                RenderSVGInlineText {#text} at (0,-10) size 10x13
                  text run at (0,-10) width 10: "12"
          RenderSVGContainer {g} at (9.50,169.50) size 265.50x51.50 [transform={m=((1.00,0.00)(0.00,1.00)) t=(0.00,110.00)}]
            RenderSVGContainer {g} at (9.50,169.50) size 21x51
              RenderPath {rect} at (9.50,169.50) size 21x51 [stroke={[type=SOLID] [color=#000000]}] [data="M-20.00,0.00L0.00,0.00L0.00,50.00L-20.00,50.00"]
              RenderSVGText {text} at (0,0) size 480x18
                RenderSVGInlineText {#text} at (-20,-14) size 40x18
                  text run at (-20,-14) width 40: "font C"
            RenderSVGText {text} at (5,15) size 480x18
              RenderSVGInlineText {#text} at (0,-14) size 240x18
                text run at (0,-14) width 240: "u1=\"1\" u2=\"2\" g1=\"gl_3\" g2=\"gl_4\""
            RenderSVGContainer {g} at (35,195) size 40x26 [transform={m=((2.00,0.00)(0.00,2.00)) t=(5.00,45.00)}]
              RenderSVGText {text} at (0,0) size 480x13
                RenderSVGInlineText {#text} at (0,-10) size 20x13
                  text run at (0,-10) width 20: "1234"
          RenderSVGContainer {g} at (9.50,224.50) size 147.50x51.50 [transform={m=((1.00,0.00)(0.00,1.00)) t=(0.00,165.00)}]
            RenderSVGContainer {g} at (9.50,224.50) size 21x51
              RenderPath {rect} at (9.50,224.50) size 21x51 [stroke={[type=SOLID] [color=#000000]}] [data="M-20.00,0.00L0.00,0.00L0.00,50.00L-20.00,50.00"]
              RenderSVGText {text} at (0,0) size 480x18
                RenderSVGInlineText {#text} at (-20,-14) size 41x18
                  text run at (-20,-14) width 41: "font D"
            RenderSVGText {text} at (5,15) size 480x18
              RenderSVGInlineText {#text} at (0,-14) size 122x18
                text run at (0,-14) width 122: "u1=\"1,3\" u2=\"2,4\""
            RenderSVGContainer {g} at (35,250) size 40x26 [transform={m=((2.00,0.00)(0.00,2.00)) t=(5.00,45.00)}]
              RenderSVGText {text} at (0,0) size 480x13
                RenderSVGInlineText {#text} at (0,-10) size 20x13
                  text run at (0,-10) width 20: "1234"
          RenderSVGContainer {g} at (249.50,59.50) size 227.50x51.50 [transform={m=((1.00,0.00)(0.00,1.00)) t=(240.00,0.00)}]
            RenderSVGContainer {g} at (249.50,59.50) size 21x51
              RenderPath {rect} at (249.50,59.50) size 21x51 [stroke={[type=SOLID] [color=#000000]}] [data="M-20.00,0.00L0.00,0.00L0.00,50.00L-20.00,50.00"]
              RenderSVGText {text} at (0,0) size 480x18
                RenderSVGInlineText {#text} at (-19,-14) size 39x18
                  text run at (-19,-14) width 39: "font E"
            RenderSVGText {text} at (5,15) size 480x18
              RenderSVGInlineText {#text} at (0,-14) size 202x18
                text run at (0,-14) width 202: "g1=\"gl_1,gl_3\" g2=\"gl_2,gl_4\""
            RenderSVGContainer {g} at (275,85) size 40x26 [transform={m=((2.00,0.00)(0.00,2.00)) t=(5.00,45.00)}]
              RenderSVGText {text} at (0,0) size 480x13
                RenderSVGInlineText {#text} at (0,-10) size 20x13
                  text run at (0,-10) width 20: "1234"
          RenderSVGContainer {g} at (249.50,114.50) size 233.50x51.50 [transform={m=((1.00,0.00)(0.00,1.00)) t=(240.00,55.00)}]
            RenderSVGContainer {g} at (249.50,114.50) size 21x51
              RenderPath {rect} at (249.50,114.50) size 21x51 [stroke={[type=SOLID] [color=#000000]}] [data="M-20.00,0.00L0.00,0.00L0.00,50.00L-20.00,50.00"]
              RenderSVGText {text} at (0,0) size 480x18
                RenderSVGInlineText {#text} at (-19,-14) size 38x18
                  text run at (-19,-14) width 38: "font F"
            RenderSVGText {text} at (5,15) size 480x18
              RenderSVGInlineText {#text} at (0,-14) size 208x18
                text run at (0,-14) width 208: "u1=\"U+003?\" u2=\"U+0031-34\""
            RenderSVGContainer {g} at (275,140) size 40x26 [transform={m=((2.00,0.00)(0.00,2.00)) t=(5.00,45.00)}]
              RenderSVGText {text} at (0,0) size 480x13
                RenderSVGInlineText {#text} at (0,-10) size 20x13
                  text run at (0,-10) width 20: "1234"
          RenderSVGContainer {g} at (249.50,169.50) size 143.50x51.50 [transform={m=((1.00,0.00)(0.00,1.00)) t=(240.00,110.00)}]
            RenderSVGContainer {g} at (249.50,169.50) size 21x51
              RenderPath {rect} at (249.50,169.50) size 21x51 [stroke={[type=SOLID] [color=#000000]}] [data="M-20.00,0.00L0.00,0.00L0.00,50.00L-20.00,50.00"]
              RenderSVGText {text} at (0,0) size 480x18
                RenderSVGInlineText {#text} at (-20,-14) size 41x18
                  text run at (-20,-14) width 41: "font G"
            RenderSVGText {text} at (5,15) size 480x18
              RenderSVGInlineText {#text} at (0,-14) size 118x18
                text run at (0,-14) width 118: "u1=\"1\" g2=\"gl_2\""
            RenderSVGContainer {g} at (275,195) size 20x26 [transform={m=((2.00,0.00)(0.00,2.00)) t=(5.00,45.00)}]
              RenderSVGText {text} at (0,0) size 480x13
                RenderSVGInlineText {#text} at (0,-10) size 10x13
                  text run at (0,-10) width 10: "12"
        RenderSVGContainer {g} at (320,100) size 0x0 [transform={m=((1.00,0.00)(0.00,1.00)) t=(320.00,100.00)}]
      RenderSVGHiddenContainer {defs} at (0,0) size 0x0
      RenderSVGText {text} at (10,340) size 480x46
        RenderSVGInlineText {#text} at (0,-36) size 264x46
          text run at (0,-36) width 264: "$Revision: 1.9 $"
      RenderPath {rect} at (0.50,0.50) size 479x359 [stroke={[type=SOLID] [color=#000000]}] [data="M1.00,1.00L479.00,1.00L479.00,359.00L1.00,359.00"]
