layer at (0,0) size 480x360
  RenderView at (0,0) size 480x360
    RenderSVGContainer {svg} at (0.50,0.50) size 479x359
      RenderSVGContainer {g} at (20,22) size 349x226
        RenderSVGText {text} at (240,50) size 480x36
          RenderSVGInlineText {#text} at (-128,-28) size 257x36
            text run at (-128,-28) width 257: "<font> horiz-origin-x"
        RenderSVGHiddenContainer {defs} at (0,0) size 0x0
          RenderSVGContainer {g} at (-4,-40) size 8x44
            RenderPath {line} at (-0.50,-40) size 1x40 [stroke={[type=SOLID] [color=#FF0000]}] [fill={[type=SOLID] [color=#000000]}] [data="M0.00,0.00L0.00,-40.00"]
            RenderPath {rect} at (-4,-4) size 8x8 [fill={[type=SOLID] [color=#8888FF]}] [data="M-4.00,-4.00L4.00,-4.00L4.00,4.00L-4.00,4.00"]
          RenderSVGContainer {g} at (-4,-40) size 19.50x44
            RenderPath {line} at (-0.50,-40) size 1x40 [stroke={[type=SOLID] [color=#FF0000]}] [fill={[type=SOLID] [color=#000000]}] [data="M0.00,0.00L0.00,-40.00"]
            RenderPath {line} at (14.50,-40) size 1x40 [stroke={[type=SOLID] [color=#FF0000]}] [fill={[type=SOLID] [color=#000000]}] [data="M15.00,0.00L15.00,-40.00"]
            RenderPath {line} at (0,-0.50) size 15x1 [stroke={[type=SOLID] [color=#FF0000]}] [fill={[type=SOLID] [color=#000000]}] [data="M0.00,0.00L15.00,0.00"]
            RenderPath {rect} at (-4,-4) size 8x8 [fill={[type=SOLID] [color=#8888FF]}] [data="M-4.00,-4.00L4.00,-4.00L4.00,4.00L-4.00,4.00"]
          RenderSVGContainer {g} at (-4,-40) size 34.50x44
            RenderPath {line} at (-0.50,-40) size 1x40 [stroke={[type=SOLID] [color=#FF0000]}] [fill={[type=SOLID] [color=#000000]}] [data="M0.00,0.00L0.00,-40.00"]
            RenderPath {line} at (29.50,-40) size 1x40 [stroke={[type=SOLID] [color=#FF0000]}] [fill={[type=SOLID] [color=#000000]}] [data="M30.00,0.00L30.00,-40.00"]
            RenderPath {line} at (0,-0.50) size 30x1 [stroke={[type=SOLID] [color=#FF0000]}] [fill={[type=SOLID] [color=#000000]}] [data="M0.00,0.00L30.00,0.00"]
            RenderPath {rect} at (-4,-4) size 8x8 [fill={[type=SOLID] [color=#8888FF]}] [data="M-4.00,-4.00L4.00,-4.00L4.00,4.00L-4.00,4.00"]
        RenderSVGContainer {g} at (20,92) size 300x156 [transform={m=((1.00,0.00)(0.00,1.00)) t=(20.00,120.00)}]
          RenderSVGContainer {g} at (20,92) size 300x36
            RenderSVGText {text} at (0,0) size 480x17
              RenderSVGInlineText {#text} at (0,-13) size 169x17
                text run at (0,-13) width 169: "horiz-origin-x unspecified (0)"
            RenderSVGText {text} at (240,0) size 480x36
              RenderSVGInlineText {#text} at (0,-28) size 60x36
                text run at (0,-28) width 60: "1234"
          RenderSVGContainer {g} at (20,152) size 300x36 [transform={m=((1.00,0.00)(0.00,1.00)) t=(0.00,60.00)}]
            RenderSVGText {text} at (0,0) size 480x17
              RenderSVGInlineText {#text} at (0,-13) size 109x17
                text run at (0,-13) width 109: "horiz-origin-x=500"
            RenderSVGText {text} at (240,0) size 480x36
              RenderSVGInlineText {#text} at (0,-28) size 60x36
                text run at (0,-28) width 60: "1234"
          RenderSVGContainer {g} at (20,212) size 300x36 [transform={m=((1.00,0.00)(0.00,1.00)) t=(0.00,120.00)}]
            RenderSVGText {text} at (0,0) size 480x17
              RenderSVGInlineText {#text} at (0,-13) size 171x17
                text run at (0,-13) width 171: "horiz-adv-x=1000 but ignored"
            RenderSVGText {text} at (240,0) size 480x36
              RenderSVGInlineText {#text} at (0,-28) size 60x36
                text run at (0,-28) width 60: "1234"
      RenderSVGText {text} at (10,340) size 480x46
        RenderSVGInlineText {#text} at (0,-36) size 264x46
          text run at (0,-36) width 264: "$Revision: 1.9 $"
      RenderPath {rect} at (0.50,0.50) size 479x359 [stroke={[type=SOLID] [color=#000000]}] [data="M1.00,1.00L479.00,1.00L479.00,359.00L1.00,359.00"]
