layer at (0,0) size 480x360
  RenderView at (0,0) size 480x360
    RenderSVGContainer {svg} at (0.50,0.50) size 479x359
      RenderSVGContainer {g} at (20,22) size 335x186
        RenderSVGText {text} at (240,50) size 480x36
          RenderSVGInlineText {#text} at (-114,-28) size 229x36
            text run at (-114,-28) width 229: "<font> horiz-adv-x"
        RenderSVGHiddenContainer {defs} at (0,0) size 0x0
          RenderSVGContainer {g} at (-4,-20) size 8x24
            RenderPath {line} at (-0.50,-20) size 1x20 [stroke={[type=SOLID] [color=#FF0000]}] [fill={[type=SOLID] [color=#000000]}] [data="M0.00,0.00L0.00,-20.00"]
            RenderPath {rect} at (-4,-4) size 8x8 [fill={[type=SOLID] [color=#8888FF]}] [data="M-4.00,-4.00L4.00,-4.00L4.00,4.00L-4.00,4.00"]
        RenderSVGContainer {g} at (20,92) size 270x116 [transform={m=((1.00,0.00)(0.00,1.00)) t=(20.00,120.00)}]
          RenderSVGContainer {g} at (20,92) size 270x36
            RenderSVGText {text} at (0,0) size 480x17
              RenderSVGInlineText {#text} at (0,-13) size 102x17
                text run at (0,-13) width 102: "horiz-adv-x=1000"
            RenderSVGText {text} at (240,0) size 480x36
              RenderSVGInlineText {#text} at (0,-28) size 30x36
                text run at (0,-28) width 30: "12"
          RenderSVGContainer {g} at (20,132) size 270x36 [transform={m=((1.00,0.00)(0.00,1.00)) t=(0.00,40.00)}]
            RenderSVGText {text} at (0,0) size 480x17
              RenderSVGInlineText {#text} at (0,-13) size 102x17
                text run at (0,-13) width 102: "horiz-adv-x=2000"
            RenderSVGText {text} at (240,0) size 480x36
              RenderSVGInlineText {#text} at (0,-28) size 30x36
                text run at (0,-28) width 30: "12"
          RenderSVGContainer {g} at (20,172) size 270x36 [transform={m=((1.00,0.00)(0.00,1.00)) t=(0.00,80.00)}]
            RenderSVGText {text} at (0,0) size 480x17
              RenderSVGInlineText {#text} at (0,-13) size 171x17
                text run at (0,-13) width 171: "horiz-adv-x=1000 but ignored"
            RenderSVGText {text} at (240,0) size 480x36
              RenderSVGInlineText {#text} at (0,-28) size 30x36
                text run at (0,-28) width 30: "12"
      RenderSVGText {text} at (10,340) size 480x46
        RenderSVGInlineText {#text} at (0,-36) size 284x46
          text run at (0,-36) width 284: "$Revision: 1.10 $"
      RenderPath {rect} at (0.50,0.50) size 479x359 [stroke={[type=SOLID] [color=#000000]}] [data="M1.00,1.00L479.00,1.00L479.00,359.00L1.00,359.00"]
