layer at (0,0) size 480x360
  RenderCanvas at (0,0) size 480x360
    KCanvasContainer {svg} at (3,3) size 480x360
      KCanvasContainer {g} at (57.00,129.00) size 366.00x126.00
        RenderSVGText {text} at (0,0) size 465x10
          RenderText {#text} at (0,0) size 92x10
            text run at (0,0) width 92: "Test \"disable\" value of"
        RenderSVGText {text} at (0,0) size 465x10
          RenderText {#text} at (0,0) size 94x10
            text run at (0,0) width 94: "zoomAndPan attribute."
        KCanvasContainer {g} at (57.00,129.00) size 366.00x126.00
          KCanvasItem {circle} at (57.00,129.00) size 126.00x126.00 [stroke={[type=SOLID] [color=#0000FF]}] [fill={[type=SOLID] [color=#000000]}] [data="M30.00,32.00L29.98,32.63L29.92,33.25L29.82,33.87L29.69,34.49L29.51,35.09L29.30,35.68L29.05,36.26L28.76,36.82L28.44,37.36L28.09,37.88L27.71,38.37L27.29,38.85L26.85,39.29L26.37,39.71L25.88,40.09L25.36,40.44L24.82,40.76L24.26,41.05L23.68,41.30L23.09,41.51L22.49,41.69L21.87,41.82L21.25,41.92L20.63,41.98L20.00,42.00L19.37,41.98L18.75,41.92L18.13,41.82L17.51,41.69L16.91,41.51L16.32,41.30L15.74,41.05L15.18,40.76L14.64,40.44L14.12,40.09L13.63,39.71L13.15,39.29L12.71,38.85L12.29,38.37L11.91,37.88L11.56,37.36L11.24,36.82L10.95,36.26L10.70,35.68L10.49,35.09L10.31,34.49L10.18,33.87L10.08,33.25L10.02,32.63L10.00,32.00L10.02,31.37L10.08,30.75L10.18,30.13L10.31,29.51L10.49,28.91L10.70,28.32L10.95,27.74L11.24,27.18L11.56,26.64L11.91,26.12L12.29,25.63L12.71,25.15L13.15,24.71L13.63,24.29L14.12,23.91L14.64,23.56L15.18,23.24L15.74,22.95L16.32,22.70L16.91,22.49L17.51,22.31L18.13,22.18L18.75,22.08L19.37,22.02L20.00,22.00L20.63,22.02L21.25,22.08L21.87,22.18L22.49,22.31L23.09,22.49L23.68,22.70L24.26,22.95L24.82,23.24L25.36,23.56L25.88,23.91L26.37,24.29L26.85,24.71L27.29,25.15L27.71,25.63L28.09,26.12L28.44,26.64L28.76,27.18L29.05,27.74L29.30,28.32L29.51,28.91L29.69,29.51L29.82,30.13L29.92,30.75L29.98,31.37"]
          KCanvasItem {circle} at (117.00,129.00) size 126.00x126.00 [stroke={[type=SOLID] [color=#0000FF]}] [fill={[type=SOLID] [color=#000000]}] [data="M40.00,32.00L39.98,32.63L39.92,33.25L39.82,33.87L39.69,34.49L39.51,35.09L39.30,35.68L39.05,36.26L38.76,36.82L38.44,37.36L38.09,37.88L37.71,38.37L37.29,38.85L36.85,39.29L36.37,39.71L35.88,40.09L35.36,40.44L34.82,40.76L34.26,41.05L33.68,41.30L33.09,41.51L32.49,41.69L31.87,41.82L31.25,41.92L30.63,41.98L30.00,42.00L29.37,41.98L28.75,41.92L28.13,41.82L27.51,41.69L26.91,41.51L26.32,41.30L25.74,41.05L25.18,40.76L24.64,40.44L24.12,40.09L23.63,39.71L23.15,39.29L22.71,38.85L22.29,38.37L21.91,37.88L21.56,37.36L21.24,36.82L20.95,36.26L20.70,35.68L20.49,35.09L20.31,34.49L20.18,33.87L20.08,33.25L20.02,32.63L20.00,32.00L20.02,31.37L20.08,30.75L20.18,30.13L20.31,29.51L20.49,28.91L20.70,28.32L20.95,27.74L21.24,27.18L21.56,26.64L21.91,26.12L22.29,25.63L22.71,25.15L23.15,24.71L23.63,24.29L24.12,23.91L24.64,23.56L25.18,23.24L25.74,22.95L26.32,22.70L26.91,22.49L27.51,22.31L28.13,22.18L28.75,22.08L29.37,22.02L30.00,22.00L30.63,22.02L31.25,22.08L31.87,22.18L32.49,22.31L33.09,22.49L33.68,22.70L34.26,22.95L34.82,23.24L35.36,23.56L35.88,23.91L36.37,24.29L36.85,24.71L37.29,25.15L37.71,25.63L38.09,26.12L38.44,26.64L38.76,27.18L39.05,27.74L39.30,28.32L39.51,28.91L39.69,29.51L39.82,30.13L39.92,30.75L39.98,31.37"]
          KCanvasItem {circle} at (297.00,129.00) size 126.00x126.00 [stroke={[type=SOLID] [color=#0000FF]}] [fill={[type=SOLID] [color=#000000]}] [data="M70.00,32.00L69.98,32.63L69.92,33.25L69.82,33.87L69.69,34.49L69.51,35.09L69.30,35.68L69.05,36.26L68.76,36.82L68.44,37.36L68.09,37.88L67.71,38.37L67.29,38.85L66.85,39.29L66.37,39.71L65.88,40.09L65.36,40.44L64.82,40.76L64.26,41.05L63.68,41.30L63.09,41.51L62.49,41.69L61.87,41.82L61.25,41.92L60.63,41.98L60.00,42.00L59.37,41.98L58.75,41.92L58.13,41.82L57.51,41.69L56.91,41.51L56.32,41.30L55.74,41.05L55.18,40.76L54.64,40.44L54.12,40.09L53.63,39.71L53.15,39.29L52.71,38.85L52.29,38.37L51.91,37.88L51.56,37.36L51.24,36.82L50.95,36.26L50.70,35.68L50.49,35.09L50.31,34.49L50.18,33.87L50.08,33.25L50.02,32.63L50.00,32.00L50.02,31.37L50.08,30.75L50.18,30.13L50.31,29.51L50.49,28.91L50.70,28.32L50.95,27.74L51.24,27.18L51.56,26.64L51.91,26.12L52.29,25.63L52.71,25.15L53.15,24.71L53.63,24.29L54.12,23.91L54.64,23.56L55.18,23.24L55.74,22.95L56.32,22.70L56.91,22.49L57.51,22.31L58.13,22.18L58.75,22.08L59.37,22.02L60.00,22.00L60.63,22.02L61.25,22.08L61.87,22.18L62.49,22.31L63.09,22.49L63.68,22.70L64.26,22.95L64.82,23.24L65.36,23.56L65.88,23.91L66.37,24.29L66.85,24.71L67.29,25.15L67.71,25.63L68.09,26.12L68.44,26.64L68.76,27.18L69.05,27.74L69.30,28.32L69.51,28.91L69.69,29.51L69.82,30.13L69.92,30.75L69.98,31.37"]
          KCanvasItem {circle} at (237.00,129.00) size 126.00x126.00 [stroke={[type=SOLID] [color=#0000FF]}] [fill={[type=SOLID] [color=#000000]}] [data="M60.00,32.00L59.98,32.63L59.92,33.25L59.82,33.87L59.69,34.49L59.51,35.09L59.30,35.68L59.05,36.26L58.76,36.82L58.44,37.36L58.09,37.88L57.71,38.37L57.29,38.85L56.85,39.29L56.37,39.71L55.88,40.09L55.36,40.44L54.82,40.76L54.26,41.05L53.68,41.30L53.09,41.51L52.49,41.69L51.87,41.82L51.25,41.92L50.63,41.98L50.00,42.00L49.37,41.98L48.75,41.92L48.13,41.82L47.51,41.69L46.91,41.51L46.32,41.30L45.74,41.05L45.18,40.76L44.64,40.44L44.12,40.09L43.63,39.71L43.15,39.29L42.71,38.85L42.29,38.37L41.91,37.88L41.56,37.36L41.24,36.82L40.95,36.26L40.70,35.68L40.49,35.09L40.31,34.49L40.18,33.87L40.08,33.25L40.02,32.63L40.00,32.00L40.02,31.37L40.08,30.75L40.18,30.13L40.31,29.51L40.49,28.91L40.70,28.32L40.95,27.74L41.24,27.18L41.56,26.64L41.91,26.12L42.29,25.63L42.71,25.15L43.15,24.71L43.63,24.29L44.12,23.91L44.64,23.56L45.18,23.24L45.74,22.95L46.32,22.70L46.91,22.49L47.51,22.31L48.13,22.18L48.75,22.08L49.37,22.02L50.00,22.00L50.63,22.02L51.25,22.08L51.87,22.18L52.49,22.31L53.09,22.49L53.68,22.70L54.26,22.95L54.82,23.24L55.36,23.56L55.88,23.91L56.37,24.29L56.85,24.71L57.29,25.15L57.71,25.63L58.09,26.12L58.44,26.64L58.76,27.18L59.05,27.74L59.30,28.32L59.51,28.91L59.69,29.51L59.82,30.13L59.92,30.75L59.98,31.37"]
          KCanvasItem {circle} at (177.00,129.00) size 126.00x126.00 [stroke={[type=SOLID] [color=#0000FF]}] [fill={[type=SOLID] [color=#000000]}] [data="M50.00,32.00L49.98,32.63L49.92,33.25L49.82,33.87L49.69,34.49L49.51,35.09L49.30,35.68L49.05,36.26L48.76,36.82L48.44,37.36L48.09,37.88L47.71,38.37L47.29,38.85L46.85,39.29L46.37,39.71L45.88,40.09L45.36,40.44L44.82,40.76L44.26,41.05L43.68,41.30L43.09,41.51L42.49,41.69L41.87,41.82L41.25,41.92L40.63,41.98L40.00,42.00L39.37,41.98L38.75,41.92L38.13,41.82L37.51,41.69L36.91,41.51L36.32,41.30L35.74,41.05L35.18,40.76L34.64,40.44L34.12,40.09L33.63,39.71L33.15,39.29L32.71,38.85L32.29,38.37L31.91,37.88L31.56,37.36L31.24,36.82L30.95,36.26L30.70,35.68L30.49,35.09L30.31,34.49L30.18,33.87L30.08,33.25L30.02,32.63L30.00,32.00L30.02,31.37L30.08,30.75L30.18,30.13L30.31,29.51L30.49,28.91L30.70,28.32L30.95,27.74L31.24,27.18L31.56,26.64L31.91,26.12L32.29,25.63L32.71,25.15L33.15,24.71L33.63,24.29L34.12,23.91L34.64,23.56L35.18,23.24L35.74,22.95L36.32,22.70L36.91,22.49L37.51,22.31L38.13,22.18L38.75,22.08L39.37,22.02L40.00,22.00L40.63,22.02L41.25,22.08L41.87,22.18L42.49,22.31L43.09,22.49L43.68,22.70L44.26,22.95L44.82,23.24L45.36,23.56L45.88,23.91L46.37,24.29L46.85,24.71L47.29,25.15L47.71,25.63L48.09,26.12L48.44,26.64L48.76,27.18L49.05,27.74L49.30,28.32L49.51,28.91L49.69,29.51L49.82,30.13L49.92,30.75L49.98,31.37"]
      RenderSVGText {text} at (0,0) size 465x10
        RenderText {#text} at (0,0) size 64x10
          text run at (0,0) width 64: "$Revision: 1.1 $"
      KCanvasItem {rect} at (3,3) size 480x360 [stroke={[type=SOLID] [color=#000000]}] [data="M1.00,1.00L80.00,1.00L80.00,60.00L1.00,60.00"]
