layer at (0,0) size 480x360
  RenderView at (0,0) size 480x360
    RenderSVGContainer {svg} at (0.50,0.50) size 479x359
      RenderSVGContainer {g} at (9.50,4) size 462.50x281.50
        RenderSVGHiddenContainer {defs} at (0,0) size 0x0
        RenderSVGText {text} at (60,40) size 480x44
          RenderSVGInlineText {#text} at (0,-36) size 318x44
            text run at (0,-36) width 318: "Event bubbling - c"
        RenderSVGContainer {g} at (9.50,54.50) size 461x231
          RenderPath {rect} at (9.50,54.50) size 461x231 [stroke={[type=SOLID] [color=#000000]}] [fill={[type=SOLID] [color=#EEEEEE]}] [data="M10.00,55.00L470.00,55.00L470.00,285.00L10.00,285.00"]
        RenderSVGContainer {g} at (20,54) size 452x224
          RenderSVGContainer {a} at (20,54) size 452x224
            RenderSVGText {text} at (20,90) size 480x44
              RenderSVGInlineText {#text} at (0,-36) size 415x44
                text run at (0,-36) width 415: "String turns red on click"
            RenderSVGContainer {g} at (20,124) size 387x83
              RenderSVGText {text} at (60,160) size 480x44
                RenderSVGInlineText {#text} at (0,-36) size 338x44
                  text run at (0,-36) width 338: "String hyperlinks to"
              RenderSVGText {text} at (20,200) size 480x37
                RenderSVGInlineText {#text} at (0,-30) size 387x37
                  text run at (0,-30) width 387: "interact-order-03b-targ.svg"
            RenderSVGText {text} at (30,270) size 480x44
              RenderSVGInlineText {#text} at (0,-36) size 442x44
                text run at (0,-36) width 442: "All strings are selectable."
      RenderSVGText {text} at (10,340) size 480x46
        RenderSVGInlineText {#text} at (0,-36) size 264x46
          text run at (0,-36) width 264: "$Revision: 1.2 $"
      RenderPath {rect} at (0.50,0.50) size 479x359 [stroke={[type=SOLID] [color=#000000]}] [data="M1.00,1.00L479.00,1.00L479.00,359.00L1.00,359.00"]
