layer at (0,0) size 480x360
  RenderView at (0,0) size 480x360
    KCanvasContainer {svg} at (0.50,0.50) size 479x359
      KCanvasContainer {g} at (9.50,9) size 461x291.50
        KCanvasContainer {defs} at (0,0) size 0x0
        RenderSVGText {text} at (60,45) size 480x44
          RenderSVGInlineText {#text} at (0,-36) size 320x44
            text run at (0,-36) width 320: "Event bubbling - a"
        KCanvasContainer {g} at (9.50,59.50) size 461x241
          KCanvasItem {rect} at (9.50,59.50) size 461x121 [stroke={[type=SOLID] [color=#000000]}] [fill={[type=SOLID] [color=#EEEEEE]}] [data="M10.00,60.00L470.00,60.00L470.00,180.00L10.00,180.00"]
          KCanvasItem {rect} at (9.50,179.50) size 461x121 [stroke={[type=SOLID] [color=#000000]}] [fill={[type=SOLID] [color=#FFFFFF]}] [data="M10.00,180.00L470.00,180.00L470.00,300.00L10.00,300.00"]
        KCanvasContainer {g} at (20,70) size 413x220
          KCanvasContainer {g} at (20,70) size 100x220
            KCanvasItem {circle} at (20,70) size 100x100 [fill={[type=SOLID] [color=#000000]}] [data="M120.00,120.00L119.90,123.14L119.61,126.27L119.11,129.37L118.43,132.43L117.55,135.45L116.49,138.41L115.24,141.29L113.82,144.09L112.22,146.79L110.45,149.39L108.53,151.87L106.45,154.23L104.23,156.45L101.87,158.53L99.39,160.45L96.79,162.22L94.09,163.82L91.29,165.24L88.41,166.49L85.45,167.55L82.43,168.43L79.37,169.11L76.27,169.61L73.14,169.90L70.00,170.00L66.86,169.90L63.73,169.61L60.63,169.11L57.57,168.43L54.55,167.55L51.59,166.49L48.71,165.24L45.91,163.82L43.21,162.22L40.61,160.45L38.13,158.53L35.77,156.45L33.55,154.23L31.47,151.87L29.55,149.39L27.78,146.79L26.18,144.09L24.76,141.29L23.51,138.41L22.45,135.45L21.57,132.43L20.89,129.37L20.39,126.27L20.10,123.14L20.00,120.00L20.10,116.86L20.39,113.73L20.89,110.63L21.57,107.57L22.45,104.55L23.51,101.59L24.76,98.71L26.18,95.91L27.78,93.21L29.55,90.61L31.47,88.13L33.55,85.77L35.77,83.55L38.13,81.47L40.61,79.55L43.21,77.78L45.91,76.18L48.71,74.76L51.59,73.51L54.55,72.45L57.57,71.57L60.63,70.89L63.73,70.39L66.86,70.10L70.00,70.00L73.14,70.10L76.27,70.39L79.37,70.89L82.43,71.57L85.45,72.45L88.41,73.51L91.29,74.76L94.09,76.18L96.79,77.78L99.39,79.55L101.87,81.47L104.23,83.55L106.45,85.77L108.53,88.13L110.45,90.61L112.22,93.21L113.82,95.91L115.24,98.71L116.49,101.59L117.55,104.55L118.43,107.57L119.11,110.63L119.61,113.73L119.90,116.86"]
            KCanvasItem {circle} at (20,190) size 100x100 [fill={[type=SOLID] [color=#000000]}] [data="M120.00,240.00L119.90,243.14L119.61,246.27L119.11,249.37L118.43,252.43L117.55,255.45L116.49,258.41L115.24,261.29L113.82,264.09L112.22,266.79L110.45,269.39L108.53,271.87L106.45,274.23L104.23,276.45L101.87,278.53L99.39,280.45L96.79,282.22L94.09,283.82L91.29,285.24L88.41,286.49L85.45,287.55L82.43,288.43L79.37,289.11L76.27,289.61L73.14,289.90L70.00,290.00L66.86,289.90L63.73,289.61L60.63,289.11L57.57,288.43L54.55,287.55L51.59,286.49L48.71,285.24L45.91,283.82L43.21,282.22L40.61,280.45L38.13,278.53L35.77,276.45L33.55,274.23L31.47,271.87L29.55,269.39L27.78,266.79L26.18,264.09L24.76,261.29L23.51,258.41L22.45,255.45L21.57,252.43L20.89,249.37L20.39,246.27L20.10,243.14L20.00,240.00L20.10,236.86L20.39,233.73L20.89,230.63L21.57,227.57L22.45,224.55L23.51,221.59L24.76,218.71L26.18,215.91L27.78,213.21L29.55,210.61L31.47,208.13L33.55,205.77L35.77,203.55L38.13,201.47L40.61,199.55L43.21,197.78L45.91,196.18L48.71,194.76L51.59,193.51L54.55,192.45L57.57,191.57L60.63,190.89L63.73,190.39L66.86,190.10L70.00,190.00L73.14,190.10L76.27,190.39L79.37,190.89L82.43,191.57L85.45,192.45L88.41,193.51L91.29,194.76L94.09,196.18L96.79,197.78L99.39,199.55L101.87,201.47L104.23,203.55L106.45,205.77L108.53,208.13L110.45,210.61L112.22,213.21L113.82,215.91L115.24,218.71L116.49,221.59L117.55,224.55L118.43,227.57L119.11,230.63L119.61,233.73L119.90,236.86"]
          RenderSVGText {text} at (150,110) size 480x44
            RenderSVGInlineText {#text} at (0,-36) size 283x44
              text run at (0,-36) width 283: "Pointer in circle,"
          RenderSVGText {text} at (150,150) size 480x44
            RenderSVGInlineText {#text} at (0,-36) size 260x44
              text run at (0,-36) width 260: "circle turns red"
          RenderSVGText {text} at (150,230) size 480x44
            RenderSVGInlineText {#text} at (0,-36) size 283x44
              text run at (0,-36) width 283: "Pointer in circle,"
          RenderSVGText {text} at (150,270) size 480x44
            RenderSVGInlineText {#text} at (0,-36) size 278x44
              text run at (0,-36) width 278: "circle turns blue"
      RenderSVGText {text} at (10,340) size 480x46
        RenderSVGInlineText {#text} at (0,-36) size 264x46
          text run at (0,-36) width 264: "$Revision: 1.1 $"
      KCanvasItem {rect} at (0.50,0.50) size 479x359 [stroke={[type=SOLID] [color=#000000]}] [data="M1.00,1.00L479.00,1.00L479.00,359.00L1.00,359.00"]
