layer at (0,0) size 480x360
  RenderView at (0,0) size 480x360
    KCanvasContainer {svg} at (0.50,0.50) size 479x359
      KCanvasContainer {g} at (115.29,1) size 294.71x334
        KCanvasContainer {defs} at (0,0) size 0x0
        RenderSVGText {text} at (240,25) size 480x31
          RenderSVGInlineText {#text} at (-63,-24) size 126x31
            text run at (-63,-24) width 126: "Text Cursor"
          RenderSVGInlineText {#text} at (0,0) size 0x0
        KCanvasItem {rect} at (118.50,38.50) size 243x239 [stroke={[type=SOLID] [color=#666666] [stroke width=3.00]}] [data="M120.00,40.00L360.00,40.00L360.00,276.00L120.00,276.00"]
        KCanvasContainer {g} at (148,70) size 184x176
          KCanvasContainer {g} at (148,70) size 84x32
            KCanvasItem {rect} at (148,70) size 80x32 [fill={[type=SOLID] [color=#666666]}] [data="M148.00,70.00L228.00,70.00L228.00,102.00L148.00,102.00"]
            RenderSVGText {text} at (154,90) size 480x20
              RenderSVGInlineText {#text} at (0,-16) size 78x20
                text run at (0,-16) width 78: "crosshair"
          KCanvasContainer {g} at (148,118) size 80x32
            KCanvasItem {rect} at (148,118) size 80x32 [fill={[type=SOLID] [color=#666666]}] [data="M148.00,118.00L228.00,118.00L228.00,150.00L148.00,150.00"]
            RenderSVGText {text} at (154,138) size 480x20
              RenderSVGInlineText {#text} at (0,-16) size 61x20
                text run at (0,-16) width 61: "default"
          KCanvasContainer {g} at (148,166) size 80x32
            KCanvasItem {rect} at (148,166) size 80x32 [fill={[type=SOLID] [color=#666666]}] [data="M148.00,166.00L228.00,166.00L228.00,198.00L148.00,198.00"]
            RenderSVGText {text} at (154,186) size 480x20
              RenderSVGInlineText {#text} at (0,-16) size 62x20
                text run at (0,-16) width 62: "pointer"
          KCanvasContainer {g} at (148,214) size 80x32
            KCanvasItem {rect} at (148,214) size 80x32 [fill={[type=SOLID] [color=#666666]}] [data="M148.00,214.00L228.00,214.00L228.00,246.00L148.00,246.00"]
            RenderSVGText {text} at (154,235) size 480x20
              RenderSVGInlineText {#text} at (0,-16) size 46x20
                text run at (0,-16) width 46: "move"
          KCanvasContainer {g} at (252,70) size 80x32
            KCanvasItem {rect} at (252,70) size 80x32 [fill={[type=SOLID] [color=#666666]}] [data="M252.00,70.00L332.00,70.00L332.00,102.00L252.00,102.00"]
            RenderSVGText {text} at (258,90) size 480x20
              RenderSVGInlineText {#text} at (0,-16) size 35x20
                text run at (0,-16) width 35: "text"
          KCanvasContainer {g} at (252,118) size 80x32
            KCanvasItem {rect} at (252,118) size 80x32 [fill={[type=SOLID] [color=#666666]}] [data="M252.00,118.00L332.00,118.00L332.00,150.00L252.00,150.00"]
            RenderSVGText {text} at (258,138) size 480x20
              RenderSVGInlineText {#text} at (0,-16) size 36x20
                text run at (0,-16) width 36: "wait"
          KCanvasContainer {g} at (252,166) size 80x32
            KCanvasItem {rect} at (252,166) size 80x32 [fill={[type=SOLID] [color=#666666]}] [data="M252.00,166.00L332.00,166.00L332.00,198.00L252.00,198.00"]
            RenderSVGText {text} at (258,186) size 480x20
              RenderSVGInlineText {#text} at (0,-16) size 36x20
                text run at (0,-16) width 36: "help"
          KCanvasContainer {g} at (252,214) size 80x32
            KCanvasItem {rect} at (252,214) size 80x32 [fill={[type=SOLID] [color=#666666]}] [data="M252.00,214.00L332.00,214.00L332.00,246.00L252.00,246.00"]
            RenderSVGText {text} at (258,235) size 480x20
              RenderSVGInlineText {#text} at (0,-16) size 46x20
                text run at (0,-16) width 46: "<url>"
        KCanvasContainer {g} at (115.29,35.26) size 249.41x245.48
          KCanvasItem {polygon} at (115.50,35.50) size 33.71x33.71 [stroke={[type=SOLID] [color=#000000]}] [fill={[type=SOLID] [color=#990000]}] [data="M116.00,36.00L116.00,68.00L148.00,36.00"]
          KCanvasItem {polygon} at (330.79,35.50) size 33.71x33.71 [stroke={[type=SOLID] [color=#000000]}] [fill={[type=SOLID] [color=#990000]}] [data="M364.00,36.00L364.00,68.00L332.00,36.00"]
          KCanvasItem {polygon} at (330.79,246.79) size 33.71x33.71 [stroke={[type=SOLID] [color=#000000]}] [fill={[type=SOLID] [color=#990000]}] [data="M364.00,280.00L332.00,280.00L364.00,248.00"]
          KCanvasItem {polygon} at (115.50,246.79) size 33.71x33.71 [stroke={[type=SOLID] [color=#000000]}] [fill={[type=SOLID] [color=#990000]}] [data="M116.00,280.00L148.00,280.00L116.00,248.00"]
          KCanvasItem {polygon} at (339.50,132.79) size 25.21x50.41 [stroke={[type=SOLID] [color=#000000]}] [fill={[type=SOLID] [color=#990000]}] [data="M340.00,134.00L340.00,182.00L364.00,158.00"]
          KCanvasItem {polygon} at (115.29,132.79) size 25.21x50.41 [stroke={[type=SOLID] [color=#000000]}] [fill={[type=SOLID] [color=#990000]}] [data="M116.00,158.00L140.00,134.00L140.00,182.00"]
          KCanvasItem {polygon} at (212.83,35.26) size 52.27x28.54 [stroke={[type=SOLID] [color=#000000]}] [fill={[type=SOLID] [color=#990000]}] [data="M240.00,36.00L264.00,63.30L214.00,63.30"]
          KCanvasItem {polygon} at (212.83,252.20) size 52.27x28.54 [stroke={[type=SOLID] [color=#000000]}] [fill={[type=SOLID] [color=#990000]}] [data="M240.00,280.00L264.00,252.70L214.00,252.70"]
        KCanvasContainer {g} at (370,295) size 40x40
          KCanvasItem {circle} at (374,299) size 32x32 [fill={[type=SOLID] [color=#FFFFCC]}] [data="M406.00,315.00L405.97,316.00L405.87,317.01L405.72,318.00L405.50,318.98L405.22,319.94L404.88,320.89L404.48,321.81L404.02,322.71L403.51,323.57L402.94,324.40L402.33,325.20L401.66,325.95L400.95,326.66L400.20,327.33L399.40,327.94L398.57,328.51L397.71,329.02L396.81,329.48L395.89,329.88L394.94,330.22L393.98,330.50L393.00,330.72L392.01,330.87L391.00,330.97L390.00,331.00L389.00,330.97L387.99,330.87L387.00,330.72L386.02,330.50L385.06,330.22L384.11,329.88L383.19,329.48L382.29,329.02L381.43,328.51L380.60,327.94L379.80,327.33L379.05,326.66L378.34,325.95L377.67,325.20L377.06,324.40L376.49,323.57L375.98,322.71L375.52,321.81L375.12,320.89L374.78,319.94L374.50,318.98L374.28,318.00L374.13,317.01L374.03,316.00L374.00,315.00L374.03,314.00L374.13,312.99L374.28,312.00L374.50,311.02L374.78,310.06L375.12,309.11L375.52,308.19L375.98,307.29L376.49,306.43L377.06,305.60L377.67,304.80L378.34,304.05L379.05,303.34L379.80,302.67L380.60,302.06L381.43,301.49L382.29,300.98L383.19,300.52L384.11,300.12L385.06,299.78L386.02,299.50L387.00,299.28L387.99,299.13L389.00,299.03L390.00,299.00L391.00,299.03L392.01,299.13L393.00,299.28L393.98,299.50L394.94,299.78L395.89,300.12L396.81,300.52L397.71,300.98L398.57,301.49L399.40,302.06L400.20,302.67L400.95,303.34L401.66,304.05L402.33,304.80L402.94,305.60L403.51,306.43L404.02,307.29L404.48,308.19L404.88,309.11L405.22,310.06L405.50,311.02L405.72,312.00L405.87,312.99L405.97,314.00"]
          KCanvasItem {polyline} at (389.50,295) size 1x40 [stroke={[type=SOLID] [color=#000000]}] [fill={[type=SOLID] [color=#000000]}] [data="M390.00,295.00L390.00,335.00"]
          KCanvasItem {polyline} at (370,314.50) size 40x1 [stroke={[type=SOLID] [color=#000000]}] [fill={[type=SOLID] [color=#000000]}] [data="M370.00,315.00L410.00,315.00"]
          KCanvasItem {circle} at (384,309) size 12x12 [fill={[type=SOLID] [color=#FFFFFF]}] [data="M396.00,315.00L395.99,315.38L395.95,315.75L395.89,316.12L395.81,316.49L395.71,316.85L395.58,317.21L395.43,317.55L395.26,317.89L395.07,318.21L394.85,318.53L394.62,318.82L394.37,319.11L394.11,319.37L393.82,319.62L393.53,319.85L393.21,320.07L392.89,320.26L392.55,320.43L392.21,320.58L391.85,320.71L391.49,320.81L391.12,320.89L390.75,320.95L390.38,320.99L390.00,321.00L389.62,320.99L389.25,320.95L388.88,320.89L388.51,320.81L388.15,320.71L387.79,320.58L387.45,320.43L387.11,320.26L386.79,320.07L386.47,319.85L386.18,319.62L385.89,319.37L385.63,319.11L385.38,318.82L385.15,318.53L384.93,318.21L384.74,317.89L384.57,317.55L384.42,317.21L384.29,316.85L384.19,316.49L384.11,316.12L384.05,315.75L384.01,315.38L384.00,315.00L384.01,314.62L384.05,314.25L384.11,313.88L384.19,313.51L384.29,313.15L384.42,312.79L384.57,312.45L384.74,312.11L384.93,311.79L385.15,311.47L385.38,311.18L385.63,310.89L385.89,310.63L386.18,310.38L386.47,310.15L386.79,309.93L387.11,309.74L387.45,309.57L387.79,309.42L388.15,309.29L388.51,309.19L388.88,309.11L389.25,309.05L389.62,309.01L390.00,309.00L390.38,309.01L390.75,309.05L391.12,309.11L391.49,309.19L391.85,309.29L392.21,309.42L392.55,309.57L392.89,309.74L393.21,309.93L393.53,310.15L393.82,310.38L394.11,310.63L394.37,310.89L394.62,311.18L394.85,311.47L395.07,311.79L395.26,312.11L395.43,312.45L395.58,312.79L395.71,313.15L395.81,313.51L395.89,313.88L395.95,314.25L395.99,314.62"]
          KCanvasContainer {a} at (388,313) size 4x4
            KCanvasItem {circle} at (388,313) size 4x4 [fill={[type=SOLID] [color=#000000]}] [data="M392.00,315.00L392.00,315.13L391.98,315.25L391.96,315.37L391.94,315.50L391.90,315.62L391.86,315.74L391.81,315.85L391.75,315.96L391.69,316.07L391.62,316.18L391.54,316.27L391.46,316.37L391.37,316.46L391.27,316.54L391.18,316.62L391.07,316.69L390.96,316.75L390.85,316.81L390.74,316.86L390.62,316.90L390.50,316.94L390.37,316.96L390.25,316.98L390.13,317.00L390.00,317.00L389.87,317.00L389.75,316.98L389.63,316.96L389.50,316.94L389.38,316.90L389.26,316.86L389.15,316.81L389.04,316.75L388.93,316.69L388.82,316.62L388.73,316.54L388.63,316.46L388.54,316.37L388.46,316.27L388.38,316.18L388.31,316.07L388.25,315.96L388.19,315.85L388.14,315.74L388.10,315.62L388.06,315.50L388.04,315.37L388.02,315.25L388.00,315.13L388.00,315.00L388.00,314.87L388.02,314.75L388.04,314.63L388.06,314.50L388.10,314.38L388.14,314.26L388.19,314.15L388.25,314.04L388.31,313.93L388.38,313.82L388.46,313.73L388.54,313.63L388.63,313.54L388.73,313.46L388.82,313.38L388.93,313.31L389.04,313.25L389.15,313.19L389.26,313.14L389.38,313.10L389.50,313.06L389.63,313.04L389.75,313.02L389.87,313.00L390.00,313.00L390.13,313.00L390.25,313.02L390.37,313.04L390.50,313.06L390.62,313.10L390.74,313.14L390.85,313.19L390.96,313.25L391.07,313.31L391.18,313.38L391.27,313.46L391.37,313.54L391.46,313.63L391.54,313.73L391.62,313.82L391.69,313.93L391.75,314.04L391.81,314.15L391.86,314.26L391.90,314.38L391.94,314.50L391.96,314.63L391.98,314.75L392.00,314.87"]
      RenderSVGText {text} at (10,340) size 480x46
        RenderSVGInlineText {#text} at (0,-36) size 264x46
          text run at (0,-36) width 264: "$Revision: 1.3 $"
      KCanvasItem {rect} at (0.50,0.50) size 479x359 [stroke={[type=SOLID] [color=#000000]}] [data="M1.00,1.00L479.00,1.00L479.00,359.00L1.00,359.00"]
