layer at (0,0) size 480x360
  RenderView at (0,0) size 480x360
    RenderSVGContainer {svg} at (0.50,0.50) size 479x359
      RenderSVGContainer {g} at (18.50,5) size 416.50x248.12
        RenderSVGText {text} at (75,16) size 480x14
          RenderSVGInlineText {#text} at (0,-11) size 246x14
            text run at (0,-11) width 246: "Simple exercise of xlink attributes on the 'a' element."
        RenderSVGContainer {a} at (134.19,121.50) size 131.62x131.62
          RenderPath {path} at (134.19,121.50) size 131.62x131.62 [stroke={[type=SOLID] [color=#0000FF]}] [fill={[type=SOLID] [color=#00FF00]}] [data="M135.00,122.00L265.00,122.00L200.00,252.00"]
        RenderSVGText {text} at (160,116) size 480x14
          RenderSVGInlineText {#text} at (0,-11) size 69x14
            text run at (0,-11) width 69: "Click for TOC"
        RenderSVGText {text} at (25,172) size 480x14
          RenderSVGInlineText {#text} at (0,-11) size 77x14
            text run at (0,-11) width 77: "Link to local file"
        RenderSVGText {text} at (25,182) size 480x14
          RenderSVGInlineText {#text} at (0,-11) size 81x14
            text run at (0,-11) width 81: "linkingToc-t.svg."
        RenderPath {rect} at (18.50,159.50) size 101x27 [stroke={[type=SOLID] [color=#000000]}] [data="M19.00,160.00L119.00,160.00L119.00,186.00L19.00,186.00"]
        RenderSVGText {text} at (275,144) size 480x13
          RenderSVGInlineText {#text} at (0,-10) size 82x13
            text run at (0,-10) width 82: "xlink:type=\"simple\""
        RenderSVGText {text} at (275,155) size 480x13
          RenderSVGInlineText {#text} at (0,-10) size 86x13
            text run at (0,-10) width 86: "xlink:show=\"replace\""
        RenderSVGText {text} at (275,166) size 480x13
          RenderSVGInlineText {#text} at (0,-10) size 107x13
            text run at (0,-10) width 107: "xlink:actuate=\"onRequest\""
        RenderSVGText {text} at (275,177) size 480x13
          RenderSVGInlineText {#text} at (0,-10) size 120x13
            text run at (0,-10) width 120: "xlink:href=\"linkingToc-t.svg\""
        RenderSVGText {text} at (275,188) size 480x13
          RenderSVGInlineText {#text} at (0,-10) size 117x13
            text run at (0,-10) width 117: "xlink:role=\"figure-out-a-role\""
        RenderSVGText {text} at (275,199) size 480x13
          RenderSVGInlineText {#text} at (0,-10) size 160x13
            text run at (0,-10) width 160: "xlink:title=\"TOC of Linking BE tests.\""
        RenderSVGText {text} at (275,210) size 480x13
          RenderSVGInlineText {#text} at (0,-10) size 55x13
            text run at (0,-10) width 55: "target=\"_self\""
      RenderSVGText {text} at (10,340) size 480x46
        RenderSVGInlineText {#text} at (0,-36) size 264x46
          text run at (0,-36) width 264: "$Revision: 1.8 $"
      RenderPath {rect} at (0.50,0.50) size 479x359 [stroke={[type=SOLID] [color=#000000]}] [data="M1.00,1.00L479.00,1.00L479.00,359.00L1.00,359.00"]
