layer at (0,0) size 480x360
  RenderCanvas at (0,0) size 480x360
    KCanvasContainer {svg} at (0.50,0.50) size 479x359
      KCanvasContainer {g} at (164.50,26.96) size 247.50x254.08
        RenderSVGText {text} at (0,0) size 465x14
          RenderText {TEXT} at (0,0) size 195x14
            text run at (0,0) width 195: "Basic out-bound links and the 'a' element."
        KCanvasContainer {a} at (164.50,26.96) size 146.30x74.08
          KCanvasItem {path} at (164.50,26.96) size 146.30x74.08 [stroke={[type=SOLID] [color=#0000FF]}] [fill={[type=SOLID] [color=#FFFF00]}] [data="M165.00,40.00L265.00,40.00L265.00,28.00L310.00,64.00L265.00,100.00L265.00,88.00L165.00,88.00"]
        KCanvasContainer {g} at (164.50,116.96) size 146.30x74.08 [transform={m=((1.00,0.00)(0.00,1.00)) t=(0.00,90.00)}]
          KCanvasContainer {a} at (164.50,116.96) size 146.30x74.08
            KCanvasItem {path} at (164.50,116.96) size 146.30x74.08 [stroke={[type=SOLID] [color=#0000FF]}] [fill={[type=SOLID] [color=#00FF00]}] [data="M165.00,40.00L265.00,40.00L265.00,28.00L310.00,64.00L265.00,100.00L265.00,88.00L165.00,88.00"]
        KCanvasContainer {g} at (164.50,206.96) size 146.30x74.08 [transform={m=((1.00,0.00)(0.00,1.00)) t=(0.00,180.00)}]
          KCanvasContainer {a} at (164.50,206.96) size 146.30x74.08
            KCanvasItem {path} at (164.50,206.96) size 146.30x74.08 [stroke={[type=SOLID] [color=#0000FF]}] [fill={[type=SOLID] [color=#00FFFF]}] [data="M165.00,40.00L265.00,40.00L265.00,28.00L310.00,64.00L265.00,100.00L265.00,88.00L165.00,88.00"]
        KCanvasItem {circle} at (368.00,131.00) size 44.00x44.00 [stroke={[type=SOLID] [color=#00FF00] [stroke width=4.00]}] [fill={[type=SOLID] [color=#FFFF00]}] [data="M410.00,153.00L409.96,154.26L409.84,155.51L409.65,156.75L409.37,157.97L409.02,159.18L408.60,160.36L408.10,161.52L407.53,162.64L406.89,163.72L406.18,164.76L405.41,165.75L404.58,166.69L403.69,167.58L402.75,168.41L401.76,169.18L400.72,169.89L399.64,170.53L398.52,171.10L397.36,171.60L396.18,172.02L394.97,172.37L393.75,172.65L392.51,172.84L391.26,172.96L390.00,173.00L388.74,172.96L387.49,172.84L386.25,172.65L385.03,172.37L383.82,172.02L382.64,171.60L381.48,171.10L380.36,170.53L379.28,169.89L378.24,169.18L377.25,168.41L376.31,167.58L375.42,166.69L374.59,165.75L373.82,164.76L373.11,163.72L372.47,162.64L371.90,161.52L371.40,160.36L370.98,159.18L370.63,157.97L370.35,156.75L370.16,155.51L370.04,154.26L370.00,153.00L370.04,151.74L370.16,150.49L370.35,149.25L370.63,148.03L370.98,146.82L371.40,145.64L371.90,144.48L372.47,143.36L373.11,142.28L373.82,141.24L374.59,140.25L375.42,139.31L376.31,138.42L377.25,137.59L378.24,136.82L379.28,136.11L380.36,135.47L381.48,134.90L382.64,134.40L383.82,133.98L385.03,133.63L386.25,133.35L387.49,133.16L388.74,133.04L390.00,133.00L391.26,133.04L392.51,133.16L393.75,133.35L394.97,133.63L396.18,133.98L397.36,134.40L398.52,134.90L399.64,135.47L400.72,136.11L401.76,136.82L402.75,137.59L403.69,138.42L404.58,139.31L405.41,140.25L406.18,141.24L406.89,142.28L407.53,143.36L408.10,144.48L408.60,145.64L409.02,146.82L409.37,148.03L409.65,149.25L409.84,150.49L409.96,151.74"]
        RenderSVGText {text} at (0,0) size 465x13
          RenderText {TEXT} at (0,0) size 76x13
            text run at (0,0) width 76: "id=\"internal-circle\""
      RenderSVGText {text} at (0,0) size 465x46
        RenderText {TEXT} at (0,0) size 314x46
          text run at (0,0) width 314: "$Revision$"
      KCanvasItem {rect} at (0.50,0.50) size 479x359 [stroke={[type=SOLID] [color=#000000]}] [data="M1.00,1.00L479.00,1.00L479.00,359.00L1.00,359.00"]
