layer at (0,0) size 480x360
  RenderView at (0,0) size 480x360
    KCanvasContainer {svg} at (0.50,0.50) size 479x359
      KCanvasContainer {g} at (35.50,28.50) size 410x270
        RenderSVGText {text} at (0,0) size 480x14
          RenderText {#text} at (0,0) size 298x14
            text run at (0,0) width 298: "Link test of the 'view' element and its attributes, 1 of 2, internal."
        KCanvasContainer {g} at (150,130) size 125x85 [transform={m=((1.00,0.00)(0.00,1.00)) t=(-150.00,75.00)}]
          KCanvasItem {rect} at (150,130) size 125x85 [fill={[type=SOLID] [color=#AAAAAA]}] [data="M300.00,55.00L425.00,55.00L425.00,140.00L300.00,140.00"]
          KCanvasContainer {a} at (-150,75) size 0x0
            RenderSVGText {text} at (0,0) size 480x18
              RenderText {#text} at (0,0) size 103x18
                text run at (0,0) width 103: "Go to Rectangle"
          KCanvasContainer {a} at (-150,75) size 0x0
            RenderSVGText {text} at (0,0) size 480x18
              RenderText {#text} at (0,0) size 83x18
                text run at (0,0) width 83: "Go to Ellipse"
          KCanvasContainer {a} at (-150,75) size 0x0
            RenderSVGText {text} at (0,0) size 480x18
              RenderText {#text} at (0,0) size 78x18
                text run at (0,0) width 78: "Go to Circle"
          KCanvasContainer {a} at (-150,75) size 0x0
            RenderSVGText {text} at (0,0) size 480x18
              RenderText {#text} at (0,0) size 93x18
                text run at (0,0) width 93: "Go to Polygon"
          RenderSVGText {text} at (0,0) size 480x14
            RenderText {#text} at (0,0) size 91x14
              text run at (0,0) width 91: "Click element's line"
          RenderSVGText {text} at (0,0) size 480x14
            RenderText {#text} at (0,0) size 82x14
              text run at (0,0) width 82: "to link to its view"
        KCanvasItem {rect} at (295,36) size 135x68 [fill={[type=SOLID] [color=#FF0000]}] [data="M295.00,36.00L430.00,36.00L430.00,104.00L295.00,104.00"]
        RenderSVGText {text} at (0,0) size 480x18
          RenderText {#text} at (0,0) size 63x18
            text run at (0,0) width 63: "Rectangle"
        KCanvasItem {rect} at (291.50,28.50) size 142x92 [stroke={[type=SOLID] [color=#000000]}] [data="M292.00,29.00L433.00,29.00L433.00,120.00L292.00,120.00"]
        RenderSVGText {text} at (0,0) size 480x13
          RenderText {#text} at (0,0) size 116x13
            text run at (0,0) width 116: "No view attributes except id."
        KCanvasItem {ellipse} at (298,219) size 144x64 [fill={[type=SOLID] [color=#0000FF]}] [data="M442.00,251.00L441.86,253.01L441.43,255.01L440.72,257.00L439.74,258.96L438.48,260.89L436.94,262.78L435.15,264.62L433.09,266.42L430.79,268.15L428.25,269.81L425.48,271.40L422.49,272.91L419.29,274.33L415.89,275.66L412.32,276.89L408.58,278.02L404.69,279.04L400.66,279.95L396.50,280.75L392.25,281.43L387.91,281.99L383.49,282.43L379.02,282.75L374.52,282.94L370.00,283.00L365.48,282.94L360.98,282.75L356.51,282.43L352.09,281.99L347.75,281.43L343.50,280.75L339.34,279.95L335.31,279.04L331.42,278.02L327.68,276.89L324.11,275.66L320.71,274.33L317.51,272.91L314.52,271.40L311.75,269.81L309.21,268.15L306.91,266.42L304.85,264.62L303.06,262.78L301.52,260.89L300.26,258.96L299.28,257.00L298.57,255.01L298.14,253.01L298.00,251.00L298.14,248.99L298.57,246.99L299.28,245.00L300.26,243.04L301.52,241.11L303.06,239.22L304.85,237.38L306.91,235.58L309.21,233.85L311.75,232.19L314.52,230.60L317.51,229.09L320.71,227.67L324.11,226.34L327.68,225.11L331.42,223.98L335.31,222.96L339.34,222.05L343.50,221.25L347.75,220.57L352.09,220.01L356.51,219.57L360.98,219.25L365.48,219.06L370.00,219.00L374.52,219.06L379.02,219.25L383.49,219.57L387.91,220.01L392.25,220.57L396.50,221.25L400.66,222.05L404.69,222.96L408.58,223.98L412.32,225.11L415.89,226.34L419.29,227.67L422.49,229.09L425.48,230.60L428.25,232.19L430.79,233.85L433.09,235.58L435.15,237.38L436.94,239.22L438.48,241.11L439.74,243.04L440.72,245.00L441.43,246.99L441.86,248.99"]
        RenderSVGText {text} at (0,0) size 480x18
          RenderText {#text} at (0,0) size 43x18
            text run at (0,0) width 43: "Ellipse"
        KCanvasItem {rect} at (294.50,215.50) size 151x83 [stroke={[type=SOLID] [color=#000000]}] [data="M295.00,216.00L445.00,216.00L445.00,298.00L295.00,298.00"]
        RenderSVGText {text} at (0,0) size 480x13
          RenderText {#text} at (0,0) size 112x13
            text run at (0,0) width 112: "viewBox, should fill frame."
        KCanvasItem {circle} at (49,32) size 72x72 [fill={[type=SOLID] [color=#FFFF00]}] [data="M121.00,68.00L120.93,70.26L120.72,72.51L120.36,74.75L119.87,76.95L119.24,79.12L118.47,81.25L117.57,83.33L116.55,85.34L115.40,87.29L114.12,89.16L112.74,90.95L111.24,92.64L109.64,94.24L107.95,95.74L106.16,97.12L104.29,98.40L102.34,99.55L100.33,100.57L98.25,101.47L96.12,102.24L93.95,102.87L91.75,103.36L89.51,103.72L87.26,103.93L85.00,104.00L82.74,103.93L80.49,103.72L78.25,103.36L76.05,102.87L73.88,102.24L71.75,101.47L69.67,100.57L67.66,99.55L65.71,98.40L63.84,97.12L62.05,95.74L60.36,94.24L58.76,92.64L57.26,90.95L55.88,89.16L54.60,87.29L53.45,85.34L52.43,83.33L51.53,81.25L50.76,79.12L50.13,76.95L49.64,74.75L49.28,72.51L49.07,70.26L49.00,68.00L49.07,65.74L49.28,63.49L49.64,61.25L50.13,59.05L50.76,56.88L51.53,54.75L52.43,52.67L53.45,50.66L54.60,48.71L55.88,46.84L57.26,45.05L58.76,43.36L60.36,41.76L62.05,40.26L63.84,38.88L65.71,37.60L67.66,36.45L69.67,35.43L71.75,34.53L73.88,33.76L76.05,33.13L78.25,32.64L80.49,32.28L82.74,32.07L85.00,32.00L87.26,32.07L89.51,32.28L91.75,32.64L93.95,33.13L96.12,33.76L98.25,34.53L100.33,35.43L102.34,36.45L104.29,37.60L106.16,38.88L107.95,40.26L109.64,41.76L111.24,43.36L112.74,45.05L114.12,46.84L115.40,48.71L116.55,50.66L117.57,52.67L118.47,54.75L119.24,56.88L119.87,59.05L120.36,61.25L120.72,63.49L120.93,65.74"]
        RenderSVGText {text} at (0,0) size 480x18
          RenderText {#text} at (0,0) size 38x18
            text run at (0,0) width 38: "Circle"
        KCanvasItem {rect} at (35.50,28.50) size 99x92 [stroke={[type=SOLID] [color=#000000]}] [data="M36.00,29.00L134.00,29.00L134.00,120.00L36.00,120.00"]
        RenderSVGText {text} at (0,0) size 480x13
          RenderText {#text} at (0,0) size 100x13
            text run at (0,0) width 100: "viewBox & non-uniform"
        RenderSVGText {text} at (0,0) size 480x13
          RenderText {#text} at (0,0) size 81x13
            text run at (0,0) width 81: "preserveAspectRatio"
        KCanvasItem {polygon} at (39,211) size 95x72 [fill={[type=SOLID] [color=#008000]}] [data="M87.00,211.00L134.00,238.00L116.00,283.00L57.00,283.00L39.00,238.00L87.00,211.00"]
        RenderSVGText {text} at (0,0) size 480x18
          RenderText {#text} at (0,0) size 53x18
            text run at (0,0) width 53: "Polygon"
        KCanvasItem {rect} at (35.50,207.50) size 101x90 [stroke={[type=SOLID] [color=#000000]}] [data="M36.00,208.00L136.00,208.00L136.00,297.00L36.00,297.00"]
        RenderSVGText {text} at (0,0) size 480x13
          RenderText {#text} at (0,0) size 77x13
            text run at (0,0) width 77: "viewTarget, should"
        RenderSVGText {text} at (0,0) size 480x13
          RenderText {#text} at (0,0) size 73x13
            text run at (0,0) width 73: "highlight polygon"
      RenderSVGText {text} at (0,0) size 480x46
        RenderText {#text} at (0,0) size 264x46
          text run at (0,0) width 264: "$Revision: 1.1 $"
      KCanvasItem {rect} at (0.50,0.50) size 479x359 [stroke={[type=SOLID] [color=#000000]}] [data="M1.00,1.00L479.00,1.00L479.00,359.00L1.00,359.00"]
