KCanvasResource {id="clip1" [type=CLIPPER] [clip data=[[winding=NON-ZERO] [path=M200.00,10.00L260.00,10.00L260.00,110.00L200.00,110.00]]]}
KCanvasResource {id="clip2" [type=CLIPPER] [clip data=[[winding=NON-ZERO] [path=M90.00,150.00L165.00,150.00L165.00,225.00L90.00,225.00], [winding=NON-ZERO] [path=M225.00,160.00L290.00,160.00L290.00,225.00L225.00,225.00]]]}
layer at (0,0) size 480x360
  RenderView at (0,0) size 480x360
    RenderSVGContainer {svg} at (0.50,0.50) size 479x359
      RenderSVGContainer {g} at (17.50,17.50) size 445x268.50
        RenderSVGContainer {defs} at (0,0) size 0x0
        RenderPath {rect} at (17.50,17.50) size 445x65 [stroke={[type=SOLID] [color=#000000] [stroke width=5.00]}] [fill={[type=SOLID] [color=#FF0000]}] [clip path="#clip1"] [data="M20.00,20.00L460.00,20.00L460.00,80.00L20.00,80.00"]
        RenderSVGText {text} at (20,130) size 480x33
          RenderSVGInlineText {#text} at (0,-27) size 325x33
            text run at (0,-27) width 325: "Rectangle being clipped"
        RenderSVGContainer {g} at (112.50,153) size 329.50x129.50 [clip path="#clip2"]
          RenderPath {rect} at (112.50,187.50) size 230x45 [stroke={[type=SOLID] [color=#0000FF] [stroke width=5.00]}] [fill={[type=SOLID] [color=#00FFFF]}] [data="M115.00,190.00L340.00,190.00L340.00,230.00L115.00,230.00"]
          RenderPath {rect} at (112.50,237.50) size 230x45 [stroke={[type=SOLID] [color=#008000] [stroke width=5.00]}] [fill={[type=SOLID] [color=#00FF00]}] [data="M115.00,240.00L340.00,240.00L340.00,280.00L115.00,280.00"]
          RenderSVGText {text} at (115,180) size 480x33
            RenderSVGInlineText {#text} at (0,-27) size 327x33
              text run at (0,-27) width 327: "Line of text to be clipped"
        RenderSVGText {text} at (20,280) size 480x33
          RenderSVGInlineText {#text} at (0,-27) size 272x33
            text run at (0,-27) width 272: "Group being clipped"
      RenderSVGText {text} at (10,340) size 480x46
        RenderSVGInlineText {#text} at (0,-36) size 264x46
          text run at (0,-36) width 264: "$Revision: 1.1 $"
      RenderPath {rect} at (0.50,0.50) size 479x359 [stroke={[type=SOLID] [color=#000000]}] [data="M1.00,1.00L479.00,1.00L479.00,359.00L1.00,359.00"]
