KCanvasResource {id="sample" [type=CLIPPER] [clip data=[]]}
layer at (0,0) size 480x360
  RenderCanvas at (0,0) size 480x360
    KCanvasContainer {svg} at (0,0) size 479.50x359.50
      KCanvasContainer {g} at (0,0) size 410x160
        KCanvasContainer {g} at (0,0) size 410x140
          RenderImage {image} at (0,0) size 410x140
          RenderSVGText {text} at (0,0) size 465x122
            RenderText {TEXT} at (0,0) size 353x122
              text run at (0,0) width 353: "Clip Test"
        KCanvasContainer {g} at (0,0) size 410x160
          RenderImage {image} at (0,0) size 410x160
      RenderSVGText {text} at (0,0) size 465x46
        RenderText {TEXT} at (0,0) size 264x46
          text run at (0,0) width 264: "$Revision: 1.3 $"
      KCanvasItem {rect} at (0.50,0.50) size 479x359 [stroke={[type=SOLID] [color=#000000]}] [data="M1.00,1.00L479.00,1.00L479.00,359.00L1.00,359.00"]
