KCanvasResource {id="clip1" [type=CLIPPER] [clip data=[[winding=EVEN-ODD] [path=M200.00,40.00L220.00,40.00L220.00,100.00L240.00,100.00L240.00,80.00L180.00,80.00L180.00,60.00L260.00,60.00L260.00,120.00L200.00,120.00L200.00,40.00]]]}
KCanvasResource {id="clip2" [type=CLIPPER] [clip data=[[winding=NON-ZERO] [path=M200.00,170.00L220.00,170.00L220.00,230.00L240.00,230.00L240.00,210.00L180.00,210.00L180.00,190.00L260.00,190.00L260.00,250.00L200.00,250.00L200.00,170.00]]]}
layer at (0,0) size 480x360
  RenderCanvas at (0,0) size 480x360
    KCanvasContainer {svg} at (0.50,0.50) size 479x359
      KCanvasContainer {g} at (50,30) size 350x230
        RenderSVGText {text} at (0,0) size 465x16
          RenderText {#text} at (0,0) size 164x16
            text run at (0,0) width 164: "Test for clip-rule property."
        KCanvasItem {rect} at (50,30) size 350x100 [fill={[type=SOLID] [color=#FF0000]}] [clip path="#clip1"] [data="M50.00,30.00L400.00,30.00L400.00,130.00L50.00,130.00"]
        RenderSVGText {text} at (0,0) size 465x14
          RenderText {#text} at (0,0) size 99x14
            text run at (0,0) width 99: "clip-rule=evenodd"
        KCanvasItem {rect} at (50,160) size 350x100 [fill={[type=SOLID] [color=#0000FF]}] [clip path="#clip2"] [data="M50.00,160.00L400.00,160.00L400.00,260.00L50.00,260.00"]
        RenderSVGText {text} at (0,0) size 465x14
          RenderText {#text} at (0,0) size 92x14
            text run at (0,0) width 92: "cliprule=nonzero"
      RenderSVGText {text} at (0,0) size 465x46
        RenderText {#text} at (0,0) size 264x46
          text run at (0,0) width 264: "$Revision: 1.1 $"
      KCanvasItem {rect} at (0.50,0.50) size 479x359 [stroke={[type=SOLID] [color=#000000]}] [data="M1.00,1.00L479.00,1.00L479.00,359.00L1.00,359.00"]
