KCanvasResource {id="one" [type=CLIPPER] [clip data=[[winding=NON-ZERO] [bounding box mode=1] [path=M0.50,0.50L0.50,0.51L0.50,0.53L0.50,0.54L0.49,0.55L0.49,0.56L0.49,0.57L0.48,0.59L0.48,0.60L0.47,0.61L0.46,0.62L0.45,0.63L0.45,0.64L0.44,0.65L0.43,0.65L0.42,0.66L0.41,0.67L0.40,0.68L0.39,0.68L0.37,0.69L0.36,0.69L0.35,0.69L0.34,0.70L0.33,0.70L0.31,0.70L0.30,0.70L0.29,0.70L0.27,0.70L0.26,0.70L0.25,0.69L0.24,0.69L0.23,0.69L0.21,0.68L0.20,0.68L0.19,0.67L0.18,0.66L0.17,0.65L0.16,0.65L0.15,0.64L0.15,0.63L0.14,0.62L0.13,0.61L0.12,0.60L0.12,0.59L0.11,0.57L0.11,0.56L0.11,0.55L0.10,0.54L0.10,0.53L0.10,0.51L0.10,0.50L0.10,0.49L0.10,0.47L0.10,0.46L0.11,0.45L0.11,0.44L0.11,0.43L0.12,0.41L0.12,0.40L0.13,0.39L0.14,0.38L0.15,0.37L0.15,0.36L0.16,0.35L0.17,0.35L0.18,0.34L0.19,0.33L0.20,0.32L0.21,0.32L0.23,0.31L0.24,0.31L0.25,0.31L0.26,0.30L0.27,0.30L0.29,0.30L0.30,0.30L0.31,0.30L0.33,0.30L0.34,0.30L0.35,0.31L0.36,0.31L0.37,0.31L0.39,0.32L0.40,0.32L0.41,0.33L0.42,0.34L0.43,0.35L0.44,0.35L0.45,0.36L0.45,0.37L0.46,0.38L0.47,0.39L0.48,0.40L0.48,0.41L0.49,0.43L0.49,0.44L0.49,0.45L0.50,0.46L0.50,0.47L0.50,0.49], [winding=NON-ZERO] [bounding box mode=1] [path=M0.90,0.50L0.90,0.51L0.90,0.53L0.90,0.54L0.89,0.55L0.89,0.56L0.89,0.57L0.88,0.59L0.88,0.60L0.87,0.61L0.86,0.62L0.85,0.63L0.85,0.64L0.84,0.65L0.83,0.65L0.82,0.66L0.81,0.67L0.80,0.68L0.79,0.68L0.77,0.69L0.76,0.69L0.75,0.69L0.74,0.70L0.73,0.70L0.71,0.70L0.70,0.70L0.69,0.70L0.67,0.70L0.66,0.70L0.65,0.69L0.64,0.69L0.63,0.69L0.61,0.68L0.60,0.68L0.59,0.67L0.58,0.66L0.57,0.65L0.56,0.65L0.55,0.64L0.55,0.63L0.54,0.62L0.53,0.61L0.52,0.60L0.52,0.59L0.51,0.57L0.51,0.56L0.51,0.55L0.50,0.54L0.50,0.53L0.50,0.51L0.50,0.50L0.50,0.49L0.50,0.47L0.50,0.46L0.51,0.45L0.51,0.44L0.51,0.43L0.52,0.41L0.52,0.40L0.53,0.39L0.54,0.38L0.55,0.37L0.55,0.36L0.56,0.35L0.57,0.35L0.58,0.34L0.59,0.33L0.60,0.32L0.61,0.32L0.63,0.31L0.64,0.31L0.65,0.31L0.66,0.30L0.67,0.30L0.69,0.30L0.70,0.30L0.71,0.30L0.73,0.30L0.74,0.30L0.75,0.31L0.76,0.31L0.77,0.31L0.79,0.32L0.80,0.32L0.81,0.33L0.82,0.34L0.83,0.35L0.84,0.35L0.85,0.36L0.85,0.37L0.86,0.38L0.87,0.39L0.88,0.40L0.88,0.41L0.89,0.43L0.89,0.44L0.89,0.45L0.90,0.46L0.90,0.47L0.90,0.49]]]}
KCanvasResource {id="two" [type=MASKER]}
layer at (0,0) size 480x360
  RenderView at (0,0) size 480x360
    RenderSVGContainer {svg} at (0.03,0) size 479.47x359.50
      RenderSVGText {text} at (240,35) size 480x22
        RenderSVGInlineText {#text} at (-177,-17) size 355x22
          text run at (-177,-17) width 355: "Testing stroke inclusion for 'clip-path' and 'mask'"
      RenderSVGContainer {defs} at (0,0) size 0x0
      RenderPath {rect} at (150,0) size 200x200 [fill={[type=SOLID] [color=#00008B]}] [clip path="#one"] [data="M150.00,0.00L350.00,0.00L350.00,200.00L150.00,200.00"]
      RenderSVGText {text} at (50,110) size 480x18
        RenderSVGInlineText {#text} at (0,-14) size 111x18
          text run at (0,-14) width 111: "With a 'clip-path':"
      RenderSVGContainer {defs} at (0.03,0.23) size 0.87x0.55
        RenderSVGContainer {mask} at (0.03,0.23) size 0.87x0.55
          RenderPath {circle} at (0.03,0.23) size 0.55x0.55 [stroke={[type=SOLID] [color=#FF0000] [stroke width=0.15]}] [fill={[type=SOLID] [color=#0000FF]}] [data="M0.50,0.50L0.50,0.51L0.50,0.53L0.50,0.54L0.49,0.55L0.49,0.56L0.49,0.57L0.48,0.59L0.48,0.60L0.47,0.61L0.46,0.62L0.45,0.63L0.45,0.64L0.44,0.65L0.43,0.65L0.42,0.66L0.41,0.67L0.40,0.68L0.39,0.68L0.37,0.69L0.36,0.69L0.35,0.69L0.34,0.70L0.33,0.70L0.31,0.70L0.30,0.70L0.29,0.70L0.27,0.70L0.26,0.70L0.25,0.69L0.24,0.69L0.23,0.69L0.21,0.68L0.20,0.68L0.19,0.67L0.18,0.66L0.17,0.65L0.16,0.65L0.15,0.64L0.15,0.63L0.14,0.62L0.13,0.61L0.12,0.60L0.12,0.59L0.11,0.57L0.11,0.56L0.11,0.55L0.10,0.54L0.10,0.53L0.10,0.51L0.10,0.50L0.10,0.49L0.10,0.47L0.10,0.46L0.11,0.45L0.11,0.44L0.11,0.43L0.12,0.41L0.12,0.40L0.13,0.39L0.14,0.38L0.15,0.37L0.15,0.36L0.16,0.35L0.17,0.35L0.18,0.34L0.19,0.33L0.20,0.32L0.21,0.32L0.23,0.31L0.24,0.31L0.25,0.31L0.26,0.30L0.27,0.30L0.29,0.30L0.30,0.30L0.31,0.30L0.33,0.30L0.34,0.30L0.35,0.31L0.36,0.31L0.37,0.31L0.39,0.32L0.40,0.32L0.41,0.33L0.42,0.34L0.43,0.35L0.44,0.35L0.45,0.36L0.45,0.37L0.46,0.38L0.47,0.39L0.48,0.40L0.48,0.41L0.49,0.43L0.49,0.44L0.49,0.45L0.50,0.46L0.50,0.47L0.50,0.49"]
          RenderPath {circle} at (0.50,0.30) size 0.40x0.40 [fill={[type=SOLID] [color=#0000FF]}] [data="M0.90,0.50L0.90,0.51L0.90,0.53L0.90,0.54L0.89,0.55L0.89,0.56L0.89,0.57L0.88,0.59L0.88,0.60L0.87,0.61L0.86,0.62L0.85,0.63L0.85,0.64L0.84,0.65L0.83,0.65L0.82,0.66L0.81,0.67L0.80,0.68L0.79,0.68L0.77,0.69L0.76,0.69L0.75,0.69L0.74,0.70L0.73,0.70L0.71,0.70L0.70,0.70L0.69,0.70L0.67,0.70L0.66,0.70L0.65,0.69L0.64,0.69L0.63,0.69L0.61,0.68L0.60,0.68L0.59,0.67L0.58,0.66L0.57,0.65L0.56,0.65L0.55,0.64L0.55,0.63L0.54,0.62L0.53,0.61L0.52,0.60L0.52,0.59L0.51,0.57L0.51,0.56L0.51,0.55L0.50,0.54L0.50,0.53L0.50,0.51L0.50,0.50L0.50,0.49L0.50,0.47L0.50,0.46L0.51,0.45L0.51,0.44L0.51,0.43L0.52,0.41L0.52,0.40L0.53,0.39L0.54,0.38L0.55,0.37L0.55,0.36L0.56,0.35L0.57,0.35L0.58,0.34L0.59,0.33L0.60,0.32L0.61,0.32L0.63,0.31L0.64,0.31L0.65,0.31L0.66,0.30L0.67,0.30L0.69,0.30L0.70,0.30L0.71,0.30L0.73,0.30L0.74,0.30L0.75,0.31L0.76,0.31L0.77,0.31L0.79,0.32L0.80,0.32L0.81,0.33L0.82,0.34L0.83,0.35L0.84,0.35L0.85,0.36L0.85,0.37L0.86,0.38L0.87,0.39L0.88,0.40L0.88,0.41L0.89,0.43L0.89,0.44L0.89,0.45L0.90,0.46L0.90,0.47L0.90,0.49"]
      RenderPath {rect} at (150,150) size 200x200 [fill={[type=SOLID] [color=#00008B]}] [data="M150.00,150.00L350.00,150.00L350.00,350.00L150.00,350.00"]
      RenderSVGText {text} at (50,260) size 480x18
        RenderSVGInlineText {#text} at (0,-14) size 89x18
          text run at (0,-14) width 89: "With a 'mask':"
      RenderSVGText {text} at (10,340) size 480x46
        RenderSVGInlineText {#text} at (0,-36) size 264x46
          text run at (0,-36) width 264: "$Revision: 1.7 $"
      RenderPath {rect} at (0.50,0.50) size 479x359 [stroke={[type=SOLID] [color=#000000]}] [data="M1.00,1.00L479.00,1.00L479.00,359.00L1.00,359.00"]
