KCanvasResource {id="mask1" [type=MASKER]}
KRenderingPaintServer {id="Grad1" [type=LINEAR-GRADIENT] [stops=[(0.00,#FFFFFF), (1.00,#FFFFFF7F)]] [bounding box mode=0] [start=(60,50)] [end=(60,120)]}
KCanvasResource {id="mask2" [type=MASKER]}
KCanvasResource {id="mask3" [type=MASKER]}
layer at (0,0) size 480x360
  RenderView at (0,0) size 480x360
    RenderSVGContainer {svg} at (0.50,0.50) size 479x359
      RenderSVGContainer {g} at (10,7) size 390x301
        RenderSVGHiddenContainer {defs} at (0,0) size 0x0
        RenderSVGText {text} at (10,20) size 480x16
          RenderSVGInlineText {#text} at (0,-13) size 139x16
            text run at (0,-13) width 139: "Test for mask support"
        RenderPath {rect} at (10,30) size 100x260 [fill={[type=SOLID] [color=#FF0000]}] [data="M10.00,30.00L110.00,30.00L110.00,290.00L10.00,290.00"]
        RenderSVGContainer {mask} at (60,50) size 100x60
          RenderSVGHiddenContainer {defs} at (0,0) size 0x0
            RenderSVGHiddenContainer {linearGradient} at (0,0) size 0x0
              RenderSVGGradientStop {stop} at (0,0) size 0x0
              RenderSVGGradientStop {stop} at (0,0) size 0x0
          RenderPath {rect} at (60,50) size 100x60 [fill={[type=LINEAR-GRADIENT] [stops=[(0.00,#FFFFFF), (1.00,#FFFFFF7F)]] [bounding box mode=0] [start=(60,50)] [end=(60,120)]}] [data="M60.00,50.00L160.00,50.00L160.00,110.00L60.00,110.00"]
        RenderPath {rect} at (60,50) size 100x60 [fill={[type=SOLID] [color=#00FF00]}] [data="M60.00,50.00L160.00,50.00L160.00,110.00L60.00,110.00"]
        RenderSVGText {text} at (200,65) size 480x14
          RenderSVGInlineText {#text} at (0,-11) size 163x14
            text run at (0,-11) width 163: "Mask with linear gradient from"
        RenderSVGText {text} at (200,80) size 480x14
          RenderSVGInlineText {#text} at (0,-11) size 135x14
            text run at (0,-11) width 135: "opacity=1 to opactity=0.5"
        RenderSVGContainer {mask} at (60,120) size 100x30
          RenderPath {rect} at (60,120) size 100x30 [fill={[type=SOLID] [color=#FFFFFF] [opacity=0.50]}] [data="M60.00,120.00L160.00,120.00L160.00,150.00L60.00,150.00"]
        RenderPath {rect} at (60,120) size 100x30 [fill={[type=SOLID] [color=#00FF00]}] [data="M60.00,120.00L160.00,120.00L160.00,150.00L60.00,150.00"]
        RenderSVGText {text} at (200,135) size 480x14
          RenderSVGInlineText {#text} at (0,-11) size 173x14
            text run at (0,-11) width 173: "Mask with uniform opacity of 0.5"
        RenderPath {rect} at (60,160) size 100x30 [fill={[type=SOLID] [color=#00FF00] [opacity=0.50]}] [data="M60.00,160.00L160.00,160.00L160.00,190.00L60.00,190.00"]
        RenderSVGText {text} at (200,175) size 480x14
          RenderSVGInlineText {#text} at (0,-11) size 200x14
            text run at (0,-11) width 200: "Rectangle with uniform opacity of 0.5"
        RenderSVGContainer {mask} at (60,200) size 200x100
          RenderPath {rect} at (60,200) size 200x25 [fill={[type=SOLID] [color=#FFFFFF] [opacity=0.50]}] [data="M60.00,200.00L260.00,200.00L260.00,225.00L60.00,225.00"]
          RenderPath {rect} at (60,225) size 200x25 [fill={[type=SOLID] [color=#FFFFFF] [opacity=0.20]}] [data="M60.00,225.00L260.00,225.00L260.00,250.00L60.00,250.00"]
          RenderPath {rect} at (60,250) size 200x25 [fill={[type=SOLID] [color=#FFFFFF]}] [data="M60.00,250.00L260.00,250.00L260.00,275.00L60.00,275.00"]
          RenderPath {rect} at (60,275) size 200x25 [fill={[type=SOLID] [color=#FFFFFF] [opacity=0.70]}] [data="M60.00,275.00L260.00,275.00L260.00,300.00L60.00,300.00"]
        RenderSVGText {text} at (60,280) size 480x128
          RenderSVGInlineText {#text} at (0,-100) size 219x128
            text run at (0,-100) width 219: "SVG"
        RenderSVGText {text} at (200,225) size 480x14
          RenderSVGInlineText {#text} at (0,-11) size 200x14
            text run at (0,-11) width 200: "Text with mask containing rectangles"
        RenderSVGText {text} at (200,240) size 480x14
          RenderSVGInlineText {#text} at (0,-11) size 105x14
            text run at (0,-11) width 105: "of various opacities"
      RenderSVGText {text} at (10,340) size 480x46
        RenderSVGInlineText {#text} at (0,-36) size 264x46
          text run at (0,-36) width 264: "$Revision: 1.7 $"
      RenderPath {rect} at (0.50,0.50) size 479x359 [stroke={[type=SOLID] [color=#000000]}] [data="M1.00,1.00L479.00,1.00L479.00,359.00L1.00,359.00"]
