layer at (0,0) size 480x360
  RenderView at (0,0) size 480x360
    RenderSVGContainer {svg} at (0,0) size 479.50x359.50
      RenderSVGContainer {g} at (0,0) size 272.66x276.81 [transform={m=((1.20,0.00)(0.00,1.20)) t=(0.00,0.00)}]
        RenderSVGContainer {g} at (0,0) size 272.66x276.81
          RenderSVGContainer {g} at (0,0) size 272.66x276.81
            RenderPath {path} at (28.76,8.61) size 242.60x268.20 [fill={[type=SOLID] [color=#000000]}] [data="M132.39,113.18C132.78,110.53,133.36,106.99,134.07,102.92C126.47,97.26,114.80,88.43,107.30,76.93L105.64,76.26C110.97,91.43,130.64,109.09,132.39,113.18L147.97,128.43C147.97,128.43,157.97,139.09,160.14,142.26C162.30,145.43,163.64,149.43,161.47,152.09C159.80,151.09,156.64,146.76,153.47,142.93C153.47,142.93,146.47,141.43,139.64,141.59C139.64,141.59,142.30,147.09,143.47,149.59C144.03,150.80,143.93,151.73,143.53,152.64C149.77,157.47,155.79,166.44,159.63,171.09C163.63,175.93,165.18,179.91,171.80,181.26C182.47,183.43,188.47,188.76,191.47,191.26C194.47,193.76,194.47,195.26,193.30,196.09C193.30,196.09,189.13,197.59,182.30,198.09C175.47,198.59,169.97,194.76,167.13,194.76C162.80,194.59,160.80,191.76,159.30,188.43C157.80,185.09,154.80,183.59,150.13,180.76C145.84,178.15,135.28,172.87,131.08,166.59C126.29,169.75,120.44,172.34,113.64,174.93L112.30,173.59C110.37,174.37,107.76,175.11,104.73,175.52C106.84,181.69,112.65,190.64,114.89,192.43C117.39,194.43,119.14,196.68,119.14,198.93C119.14,201.18,118.39,204.43,115.39,208.43C114.89,221.43,109.39,228.18,102.89,230.68C98.39,215.68,102.39,205.43,104.39,199.43C104.39,199.43,96.91,192.61,91.45,186.82C92.18,190.80,92.92,194.52,93.64,197.76C93.64,197.76,92.40,199.34,90.14,198.59C81.47,195.76,67.97,188.26,62.80,182.26C60.13,174.43,56.30,148.59,55.13,137.93C55.13,137.93,49.97,136.59,44.97,135.26C44.97,135.26,44.30,134.93,43.47,131.76C43.47,131.76,37.80,130.09,31.64,128.76C25.47,127.43,25.97,126.09,24.97,122.59C23.97,119.09,25.64,94.09,27.47,85.93C29.30,77.76,37.97,63.76,43.30,57.93C43.30,57.93,42.29,57.79,41.47,55.43C35.63,38.76,33.63,28.09,40.80,17.76C47.97,7.43,60.97,11.76,67.47,14.93C73.97,18.09,74.14,23.26,75.64,25.76C77.14,28.26,75.97,30.59,77.64,32.93C95.30,39.93,104.47,49.59,116.47,60.09C123.97,63.76,130.13,69.76,135.13,73.93C136.26,74.86,137.46,76.08,138.69,77.45C140.13,69.79,141.55,62.51,142.63,57.18C145.63,42.43,152.13,10.18,152.88,7.93L155.88,8.18C185.13,8.43,225.63,7.18,225.63,7.18C225.88,27.43,225.88,69.68,225.88,81.43C225.88,93.18,225.88,120.43,226.13,123.68C226.13,123.68,222.38,125.68,217.80,126.43C218.80,126.59,219.47,128.93,217.63,129.76C214.63,129.93,192.30,129.93,184.63,128.76C183.39,128.57,181.71,128.43,179.76,128.34C182.20,130.82,188.66,137.18,199.38,146.18L199.13,154.43L190.13,154.68L158.18,128.25C153.52,128.33,149.66,128.43,147.97,128.43L132.38,113.18"]
            RenderPath {path} at (0,0) size 74.61x162.55 [fill={[type=SOLID] [color=#000000]}] [data="M60.65,1.36C59.81,2.27,58.85,3.62,57.80,5.30C56.60,4.23,54.06,2.08,51.46,0.73L49.55,3.14L55.61,9.02C55.48,9.26,55.35,9.50,55.21,9.75C46.57,3.13,43.44,0.55,43.44,0.55L41.05,3.32C45.02,7.95,50.50,12.24,52.94,14.05C52.73,14.46,52.52,14.88,52.31,15.30C39.42,5.65,34.45,0.92,34.45,0.92L31.73,3.86C39.38,11.19,47.65,18.62,49.76,20.50C49.55,20.92,49.35,21.35,49.14,21.78C36.80,12.69,27.99,4.37,25.42,0.45L23.03,3.21C31.14,11.75,43.35,22.42,47.26,25.80C47.05,26.24,46.85,26.68,46.64,27.13C37.12,20.82,32.01,15.82,27.71,11.70C23.20,7.38,17.98,1.92,15.90,0.00L13.02,3.12C20.74,11.62,38.13,27.12,44.64,31.52C44.40,32.06,44.15,32.59,43.91,33.12C30.32,22.46,10.72,5.18,6.99,2.36L4.90,4.45C13.77,13.52,36.57,33.78,41.52,38.49C41.22,39.16,40.92,39.83,40.63,40.49C25.88,27.82,2.66,6.87,2.66,6.87L1.12,9.94C11.61,20.51,35.07,42.48,38.38,45.58C38.12,46.16,37.87,46.74,37.62,47.29C22.51,33.53,7.85,20.48,3.40,16.85L1.16,19.28C12.30,30.26,31.64,47.80,35.74,51.51C35.42,52.22,35.12,52.90,34.83,53.52C21.06,40.37,5.95,27.06,2.68,23.89L0.30,26.82C8.99,35.28,30.01,54.56,33.04,57.33C32.74,57.99,32.39,58.74,32.01,59.58C18.26,46.58,5.61,34.76,2.87,32.55L0.62,34.65C10.57,45.47,26.96,60.55,30.44,63.10C30.12,63.82,29.78,64.58,29.43,65.38C16.33,52.83,2.68,40.23,2.68,40.23L0.46,42.99C9.52,52.67,23.60,66.03,27.80,69.11C27.50,69.79,27.20,70.50,26.89,71.21C15.54,60.60,2.70,49.07,2.70,49.07C1.24,49.97,0.00,52.35,0.00,52.35C11.33,63.22,22.14,73.12,24.95,75.69C24.69,76.29,24.42,76.91,24.16,77.53C8.77,63.63,2.36,57.09,2.36,57.09L0.48,60.01C8.90,68.86,19.28,79.07,22.25,81.97C22.10,82.33,21.94,82.70,21.78,83.07C10.82,74.06,2.94,67.41,2.94,67.41L1.21,69.82C9.58,77.94,17.67,84.80,20.16,86.88C19.91,87.45,19.67,88.02,19.43,88.59C10.26,82.02,3.12,75.75,3.12,75.75L1.26,79.49C9.43,87.43,15.64,92.39,17.27,93.67C17.03,94.25,16.78,94.82,16.54,95.40C7.16,87.79,4.13,84.38,4.13,84.38L1.77,87.81C7.21,93.49,13.15,97.56,15.09,98.83C14.84,99.42,14.59,100.01,14.34,100.61L3.63,92.57L1.75,95.48L12.46,105.06C12.31,105.42,12.16,105.78,12.01,106.14L3.40,99.42L1.68,102.16L10.47,109.80C10.20,110.46,9.92,111.12,9.65,111.77L3.20,106.77L1.46,109.17L7.97,115.79C7.78,116.25,7.59,116.70,7.41,117.15L2.31,113.64L0.93,116.53L5.89,120.81C5.74,121.16,5.60,121.50,5.46,121.84L2.91,120.29L1.70,123.34L3.90,125.62C2.56,128.88,1.39,131.75,0.47,134.06L3.19,135.46C4.40,132.24,34.42,62.13,39.19,52.27C43.97,42.40,60.58,7.70,62.17,1.80L60.65,1.36"]
            RenderPath {path} at (160.96,8.61) size 111.70x143.70 [fill={[type=SOLID] [color=#FFFFFF]}] [data="M142.80,106.26C141.80,106.76,139.80,107.26,137.80,105.76C137.80,105.76,134.14,118.09,135.14,123.43C138.80,125.26,177.97,125.93,187.80,125.93C204.64,125.93,213.97,126.93,217.80,126.43C222.39,125.68,226.14,123.68,226.14,123.68C225.89,120.43,225.89,93.18,225.89,81.43C225.89,69.68,227.22,27.07,225.64,7.18C225.64,7.18,185.14,8.43,155.89,8.18C156.39,13.93,153.49,26.01,151.89,32.43C150.39,38.43,146.89,57.68,141.96,81.32C145.21,85.36,148.46,89.79,150.97,92.60C150.97,92.60,151.06,94.29,150.78,96.12C154.64,97.18,157.26,99.18,158.76,101.43C160.26,103.68,161.01,107.05,160.14,109.30C160.76,112.43,160.64,114.68,159.26,115.05C157.89,115.43,156.76,116.05,154.76,115.30C153.89,118.55,153.51,118.80,153.51,118.80C151.76,118.80,151.14,118.68,151.14,118.68C148.14,114.55,142.47,110.85,142.80,106.26"]
            RenderPath {path} at (188.56,22.31) size 67.20x73.20 [fill={[type=SOLID] [color=#000000]}] [data="M207.30,18.59C207.30,18.59,188.30,24.76,168.14,31.93C168.14,31.93,168.85,37.94,169.75,43.33C165.12,45.49,160.66,47.57,157.14,49.26C157.14,49.26,162.14,67.26,167.47,79.59C170.30,77.43,190.47,67.76,204.64,59.93C204.64,59.93,203.75,57.07,202.48,53.09C204.29,52.51,210.36,50.54,211.64,50.26C213.14,49.93,213.14,47.43,213.14,47.43C213.14,47.43,208.80,25.76,207.30,18.59"]
            RenderPath {path} at (99.76,115.91) size 68.80x93.52 [fill={[type=SOLID] [color=#FFFFFF]}] [data="M133.47,159.43C127.43,165.14,106.85,174.52,88.63,170.06C86.80,158.29,85.28,146.83,84.64,140.43C83.30,127.26,83.14,113.26,83.14,113.26C90.14,114.09,94.47,112.93,94.47,112.93C94.14,108.93,94.97,103.43,94.97,103.43C97.47,106.59,101.97,108.43,103.30,105.26C104.64,102.09,105.80,96.59,105.80,96.59C109.30,98.76,115.80,106.26,121.64,115.59C127.47,124.93,133.47,134.43,136.97,142.09C140.47,149.76,139.63,153.59,133.47,159.43"]
            RenderPath {path} at (173.78,117.71) size 15.38x21.25 [fill={[type=SOLID] [color=#FFFFFF]}] [data="M150.30,98.09C149.73,99.70,146.88,102.72,144.82,104.61C145.51,109.18,148.39,112.80,149.76,113.80C151.14,114.80,152.51,115.80,152.51,115.80C153.14,113.68,152.26,111.55,149.39,110.18C149.01,109.18,150.14,107.18,151.14,108.18C152.14,109.18,153.14,108.55,153.14,108.55C155.01,111.30,155.26,112.68,155.26,112.68L157.26,113.18C157.26,110.05,156.64,108.68,157.64,106.93C156.64,103.18,155.34,99.89,150.30,98.09"]
            RenderPath {path} at (107.12,208.88) size 31.35x54.14 [fill={[type=SOLID] [color=#FFFFFF]}] [data="M115.39,197.68C113.89,204.93,112.14,210.93,110.89,213.93C109.64,216.93,110.14,219.18,106.14,218.93C102.89,217.43,102.64,215.18,103.89,210.43C105.14,205.68,107.39,201.43,107.39,198.18C100.80,191.03,93.51,183.60,90.31,180.36C89.95,178.29,89.60,176.18,89.26,174.06C93.32,175.45,97.29,175.90,100.87,175.82C104.20,184.53,111.92,193.98,115.39,197.68"]
            RenderPath {path} at (160.41,186.58) size 59.76x46.53 [fill={[type=SOLID] [color=#FFFFFF]}] [data="M141.64,155.76C141.69,155.67,141.74,155.57,141.80,155.48C149.32,163.59,154.06,170.34,156.47,172.60C158.97,174.93,162.97,181.26,166.47,182.43C169.97,183.60,178.30,186.60,180.80,187.76C183.30,188.93,183.47,189.59,182.97,191.43C182.47,193.26,181.64,194.26,175.97,193.60C170.30,192.93,164.14,192.10,163.80,189.76C163.47,187.43,156.47,180.26,151.97,178.26C147.90,176.45,136.35,169.61,133.67,164.74C136.95,162.20,139.62,159.29,141.64,155.76"]
            RenderPath {path} at (195.59,153.77) size 36.18x27.65 [fill={[type=SOLID] [color=#FFFFFF]}] [data="M193.14,150.93L190.14,151.18C177.01,139.92,167.11,131.62,162.99,128.18C164.96,128.16,166.98,128.14,168.98,128.14C178.57,138.41,193.14,150.93,193.14,150.93"]
            RenderPath {path} at (193.76,42.71) size 47.20x46.60 [fill={[type=SOLID] [color=#FFFFFF]}] [data="M169.30,74.43C164.64,62.59,161.47,50.76,161.47,50.76C174.80,44.43,193.47,35.59,193.47,35.59C195.97,44.76,200.80,58.93,200.80,58.93C184.97,66.43,169.30,74.43,169.30,74.43"]
            RenderPath {path} at (205.76,27.71) size 45.80x33.07 [fill={[type=SOLID] [color=#FFFFFF]}] [data="M201.70,50.65C199.49,43.79,196.58,34.98,194.97,31.09C192.75,32.57,182.91,37.19,172.99,41.82C172.63,40.32,171.74,36.32,171.47,33.26C173.97,32.76,193.80,26.59,204.97,23.09C205.30,25.93,207.30,35.93,209.64,48.26C208.51,49.01,203.93,50.13,201.70,50.65"]
            RenderPath {path} at (145.56,80.36) size 31.40x33.20 [fill={[type=SOLID] [color=#FFFFFF]}] [data="M121.64,69.30L121.30,66.97C126.64,70.30,141.97,84.97,147.47,92.64C147.47,94.64,145.64,93.97,144.64,92.97C143.64,91.97,140.97,87.80,135.64,82.47C130.30,77.14,123.64,69.14,121.64,69.30"]
            RenderPath {path} at (96.56,44.56) size 46.40x44.40 [fill={[type=SOLID] [color=#FFFFFF]}] [data="M119.14,74.14C118.47,67.30,115.80,62.80,107.14,55.64C98.47,48.47,87.30,38.97,80.47,37.14C81.64,38.30,81.97,39.47,81.97,39.47C91.14,44.14,107.64,58.30,111.47,63.80C115.30,69.30,117.80,73.80,119.14,74.14"]
            RenderPath {path} at (75.14,192.41) size 6.99x6.23 [fill={[type=SOLID] [color=#FFFFFF]}] [data="M68.44,165.53C68.21,164.40,68.00,163.32,67.79,162.28C65.81,161.90,63.88,161.01,62.62,160.34C62.82,161.51,63.02,162.66,63.22,163.79C65.16,164.52,67.13,165.14,68.44,165.53"]
            RenderPath {path} at (77.05,203.25) size 7.49x6.86 [fill={[type=SOLID] [color=#FFFFFF]}] [data="M69.66,171.42C67.31,170.54,65.35,169.80,64.21,169.38C64.42,170.58,64.63,171.72,64.83,172.79C67.09,173.62,69.09,174.48,70.45,175.10C70.17,173.83,69.91,172.60,69.66,171.42"]
            RenderPath {path} at (73.36,181.49) size 6.55x5.66 [fill={[type=SOLID] [color=#FFFFFF]}] [data="M61.59,154.13C63.82,154.98,65.49,155.57,66.59,155.95C66.40,154.95,66.24,154.02,66.08,153.15C64.83,152.81,63.16,152.23,61.13,151.24C61.28,152.20,61.43,153.16,61.59,154.13"]
            RenderPath {path} at (78.95,213.57) size 8.51x9.70 [fill={[type=SOLID] [color=#FFFFFF]}] [data="M65.79,177.97C66.16,179.92,66.39,181.05,66.39,181.05C66.39,181.05,69.64,184.80,72.89,186.05C72.57,184.67,72.26,183.32,71.97,182.01C69.57,180.94,67.17,179.11,65.79,177.97"]
            RenderPath {path} at (71.86,171.36) size 6.00x3.66 [fill={[type=SOLID] [color=#FFFFFF]}] [data="M64.88,145.85C64.71,144.64,64.64,144.05,64.64,144.05L59.88,142.80C59.98,143.48,60.07,144.17,60.17,144.86C62.14,145.36,63.72,145.66,64.88,145.85"]
            RenderPath {path} at (49.76,112.96) size 38.60x21.20 [fill={[type=SOLID] [color=#FFFFFF]}] [data="M41.47,94.14C41.97,99.64,44.30,109.47,44.30,109.47L51.63,110.30L53.13,111.80C54.13,108.14,56.63,106.47,59.63,106.64C62.63,106.80,72.80,106.64,72.80,106.64C72.97,102.14,73.64,95.64,73.64,95.64C71.64,99.64,70.14,100.47,67.30,99.80C64.47,99.14,45.13,94.30,41.47,94.14"]
            RenderPath {path} at (53.16,105.36) size 33x11.20 [fill={[type=SOLID] [color=#FFFFFF]}] [data="M44.30,90.64L46.47,87.80C58.14,89.30,71.80,93.47,71.80,93.47C71.80,93.47,70.80,96.30,69.14,97.14C56.80,94.47,44.30,90.64,44.30,90.64"]
            RenderPath {path} at (58.96,129.96) size 33.40x26.40 [fill={[type=SOLID] [color=#FFFFFF]}] [data="M49.64,114.97C49.14,117.14,49.14,123.47,49.14,123.47C52.47,123.47,53.97,123.97,53.80,125.30C55.30,125.47,56.64,126.80,56.64,126.80C59.47,126.47,61.80,128.13,65.80,128.30C69.80,128.47,71.30,130.30,74.30,127.64C70.80,127.80,65.14,127.47,64.80,125.30C69.14,124.97,73.97,125.64,75.14,124.80C75.97,123.80,75.14,123.14,75.14,123.14C69.97,123.14,63.97,122.80,64.14,121.14C64.30,119.47,68.47,120.80,70.64,120.97C72.80,121.14,76.64,121.30,76.80,119.47C76.97,117.64,73.97,118.64,71.97,118.64C69.97,118.64,64.47,118.80,64.64,117.14C64.80,115.47,66.64,116.14,70.14,116.30C73.64,116.47,76.14,116.30,76.30,114.97C73.30,114.47,68.80,113.64,66.47,113.30C64.14,112.97,60.97,113.14,60.97,113.14C60.47,111.47,62.30,110.30,64.97,110.97C67.64,111.64,69.97,111.64,69.97,111.64C69.97,111.64,73.47,110.97,72.47,109.97C71.47,108.97,65.14,109.64,61.97,108.97C58.80,108.30,55.80,108.64,55.14,111.14C54.47,113.64,54.31,115.47,49.64,114.97"]
            RenderPath {path} at (61.96,153.96) size 22.00x8.60 [fill={[type=SOLID] [color=#FFFFFF]}] [data="M52.97,128.30C52.80,131.30,51.64,132.80,51.64,132.80C58.64,133.97,65.30,134.80,67.47,135.47C69.97,133.80,69.97,131.47,69.97,131.47C63.97,131.30,58.97,130.30,52.97,128.30"]
            RenderPath {path} at (32.36,71.36) size 41.20x76.80 [fill={[type=SOLID] [color=#FFFFFF]}] [data="M48.30,83.80C48.62,83.16,49.01,82.42,49.46,81.61C45.85,78.65,42.97,76.64,42.97,76.64C43.50,75.59,44.01,74.62,44.51,73.71C47.16,76.41,49.55,78.15,50.92,79.05C51.31,78.41,51.71,77.74,52.13,77.07C49.64,75.21,47.07,72.97,45.63,71.69C46.13,70.82,46.62,70.01,47.09,69.27C49.37,71.73,52.57,73.56,53.95,74.29C54.31,73.76,54.68,73.24,55.05,72.72C52.24,70.56,50.14,68.08,48.98,66.56C49.61,65.74,50.22,65.04,50.83,64.43C53.56,66.97,56.04,68.90,57.29,69.84C57.60,69.47,57.91,69.11,58.23,68.76C55.65,66.34,53.56,63.86,52.71,62.81C53.40,62.33,54.09,61.94,54.80,61.63C56.55,64.19,58.78,66.10,59.97,67.02C60.42,66.62,60.87,66.26,61.30,65.97L57.80,61.80C57.80,61.80,53.30,60.63,46.64,59.47C43.80,61.97,36.47,73.47,32.97,79.97C29.47,86.47,27.97,102.47,27.80,108.13C27.64,113.80,26.97,120.13,28.30,123.47C28.30,123.47,28.81,123.44,29.67,123.38C29.74,120.11,29.47,117.13,29.47,117.13C29.47,117.13,30.11,117.06,31.14,116.97L31.14,123.28C31.78,123.23,32.51,123.16,33.30,123.09L33.30,116.79C33.83,116.75,34.39,116.71,34.97,116.68L35.98,122.81C36.41,122.76,36.85,122.70,37.30,122.64L37.30,116.56C38.06,116.53,38.82,116.51,39.56,116.50L39.88,122.28C40.80,122.13,41.72,121.97,42.61,121.79L42.50,116.58C43.18,116.63,43.79,116.70,44.30,116.80L45.28,121.19C45.34,121.17,45.41,121.15,45.47,121.14C45.64,118.47,45.80,114.80,47.14,113.14C47.14,113.14,42.80,112.30,39.30,111.47C35.80,110.64,32.14,112.80,32.14,112.80L31.14,109.63C31.14,109.63,33.47,109.47,36.97,106.47C36.97,106.47,38.30,103.63,39.30,99.47C39.30,99.47,39.80,96.80,38.80,94.47C37.80,92.13,38.97,90.47,40.47,90.47C40.47,90.47,42.14,89.47,43.30,86.47C42.47,85.47,42.97,83.63,41.13,82.13L42.13,78.63C42.13,78.63,44.47,81.47,48.30,83.80"]
            RenderPath {path} at (81.76,67.76) size 28.40x37.40 [fill={[type=SOLID] [color=#FFFFFF]}] [data="M72.47,87.64C69.47,77.64,68.14,66.30,68.14,66.30C69.97,66.47,71.14,64.64,70.97,62.97C70.80,61.30,71.14,59.14,71.14,59.14C73.64,59.14,77.97,61.80,77.64,56.97L79.47,56.47L78.80,57.80C84.47,60.30,88.97,65.80,91.80,68.80C91.64,71.97,90.47,73.64,90.47,73.64C82.97,65.14,79.80,61.97,72.97,60.14C72.14,59.97,71.80,60.97,71.80,60.97C75.47,72.47,79.47,79.47,78.30,85.80C77.14,87.64,72.47,87.64,72.47,87.64"]
            RenderPath {path} at (86.16,67.96) size 4.20x2.60 [fill={[type=SOLID] [color=#FFFFFF]}] [data="M71.80,57.14C73.14,56.64,75.30,56.97,75.30,56.97L75.30,57.97C75.30,57.97,73.47,58.80,71.80,57.14"]
            RenderPath {path} at (71.56,67.16) size 11.60x10.00 [fill={[type=SOLID] [color=#FFFFFF]}] [data="M69.30,59.47C68.80,61.47,68.47,64.30,68.47,64.30C65.64,63.80,61.47,62.13,60.14,59.30C59.97,57.47,59.64,55.97,59.64,55.97C63.80,58.30,67.47,59.80,69.30,59.47"]
            RenderPath {path} at (50.36,17.76) size 31.60x10.20 [fill={[type=SOLID] [color=#FFFFFF]}] [data="M61.04,22.64C62.31,22.62,65.45,22.43,68.30,21.14C66.80,14.80,51.80,15.47,49.30,15.97C46.80,16.47,43.30,19.80,41.97,22.64C42.38,22.71,42.79,22.78,43.21,22.84C43.56,21.87,43.98,21.42,44.18,21.24C44.72,21.09,45.24,20.97,45.76,20.85L45.64,23.12C46.08,23.16,46.53,23.19,46.98,23.22C47.26,22.58,47.82,21.33,48.35,20.34C49.27,20.19,50.15,20.08,51.00,20.01L50.37,23.30C51.10,23.30,51.82,23.29,52.52,23.27L53.54,19.93C54.66,19.95,55.74,20.05,56.80,20.22L56.80,23.02C57.08,23.00,57.34,22.98,57.59,22.96L58.79,20.63C59.50,20.80,60.20,21.01,60.91,21.25L61.04,22.64"]
            RenderPath {path} at (66.76,30.53) size 33.85x36.00 [fill={[type=SOLID] [color=#FFFFFF]}] [data="M80.72,45.95C79.50,47.88,77.10,49.07,75.89,49.18C75.89,49.18,77.15,46.54,79.39,44.18C79.97,43.70,79.97,42.95,79.27,42.53C78.80,42.77,78.07,43.19,77.39,43.80C76.26,44.80,74.64,43.55,74.14,42.30C74.92,40.85,77.49,40.89,79.10,40.47C79.72,39.95,78.97,39.13,78.97,39.13C76.14,36.13,71.80,34.80,71.80,32.30C71.80,30.89,72.17,29.79,72.50,29.11C71.86,29.23,71.03,28.75,70.88,28.18C70.68,27.37,70.56,26.81,69.48,25.44C69.33,25.53,69.18,25.62,69.03,25.72C69.43,26.74,70.02,28.24,70.76,29.93C72.14,33.05,68.64,32.55,68.51,31.05C68.42,29.93,67.77,28.40,66.82,27.12C66.70,27.20,66.58,27.28,66.47,27.36C67.22,29.23,67.78,31.85,68.26,34.17C68.88,37.17,65.88,36.42,65.63,35.17C65.43,34.15,64.80,31.62,63.56,29.43C63.43,29.53,63.30,29.63,63.18,29.73C63.74,32.01,64.12,35.37,64.51,37.30C65.01,39.80,62.13,39.80,61.88,37.80C61.67,36.10,61.64,34.86,60.64,31.92C60.43,32.12,60.23,32.32,60.03,32.53C60.04,35.65,60.02,41.02,59.76,43.18C59.38,46.30,56.88,45.55,57.01,44.18C57.12,42.98,56.85,41.02,56.94,36.41C56.89,36.49,56.85,36.56,56.80,36.63C55.97,41.97,55.63,49.47,61.63,52.13C67.63,54.80,75.93,55.45,79.63,52.63C83.84,50.07,80.72,48.32,80.72,45.95"]
            RenderSVGContainer {g} at (73.96,43.26) size 78x158.65
              RenderPath {path} at (116.34,172.54) size 14.33x8.09 [fill={[type=SOLID] [color=#000000]}] [data="M108.89,146.16C108.06,145.37,107.25,144.58,106.46,143.79C103.13,145.62,98.85,146.95,96.95,147.49C97.55,148.49,98.17,149.51,98.80,150.53C104.43,148.94,107.46,147.19,108.89,146.16"]
              RenderPath {path} at (112.39,165.82) size 12.38x7.86 [fill={[type=SOLID] [color=#000000]}] [data="M101.19,138.18C99.01,139.89,95.21,141.32,93.66,141.86C94.16,142.76,94.71,143.72,95.30,144.73C99.51,143.63,102.35,142.22,103.97,141.24C102.98,140.19,102.04,139.17,101.19,138.18"]
              RenderPath {path} at (120.57,178.20) size 16.08x9.24 [fill={[type=SOLID] [color=#000000]}] [data="M102.35,156.19C108.22,154.57,112.05,152.15,113.88,150.79C113.04,150.04,112.20,149.27,111.37,148.50C108.64,150.95,102.68,152.66,100.47,153.22C101.10,154.22,101.73,155.22,102.35,156.20"]
              RenderPath {path} at (129.89,190.67) size 22.07x11.24 [fill={[type=SOLID] [color=#000000]}] [data="M123.28,158.89C119.32,161.68,111.34,164.38,108.24,165.37C109.41,167.16,110.14,168.26,110.14,168.26C110.14,168.26,122.64,164.93,126.64,161.59C125.74,160.90,124.60,159.98,123.28,158.89"]
              RenderPath {path} at (125.27,184.80) size 18.46x9.97 [fill={[type=SOLID] [color=#000000]}] [data="M117.50,154.00C114.47,156.28,107.29,158.54,104.39,159.40C105.04,160.43,105.67,161.40,106.26,162.31C112.61,160.35,117.39,157.54,119.77,155.96C119.04,155.33,118.28,154.68,117.50,154.00"]
              RenderPath {path} at (109.36,160.51) size 9.84x6.08 [fill={[type=SOLID] [color=#000000]}] [data="M99.33,135.91C98.75,135.16,98.24,134.44,97.80,133.76C95.47,135.26,91.14,136.76,91.14,136.76C91.31,137.28,91.62,137.98,92.04,138.83C94.80,138.82,97.02,138.05,99.33,135.91"]
              RenderPath {path} at (73.96,43.26) size 12.15x10.35 [fill={[type=SOLID] [color=#000000]}] [data="M66.39,44.68C68.51,42.93,71.76,40.43,71.51,37.43L70.26,36.80L70.14,36.05C65.01,39.30,62.39,40.43,61.64,41.05C62.51,42.93,64.14,42.43,64.14,42.43C66.26,41.30,68.14,40.05,68.14,40.05C66.26,42.18,65.64,43.18,65.64,43.18C65.64,43.18,65.51,44.05,66.39,44.68"]
        RenderSVGContainer {g} at (194.83,50.21) size 44.74x32.81 [transform={m=((0.04,-0.02)(0.02,0.04)) t=(153.00,58.00)}]
          RenderSVGContainer {g} at (194.83,50.21) size 41.80x27.04
            RenderPath {ellipse} at (197.77,73.78) size 3.95x3.48 [stroke={[type=SOLID] [color=#426942]}] [fill={[type=SOLID] [color=#73BF73]}] [data="M222.00,210.00L221.95,211.13L221.79,212.26L221.52,213.37L221.15,214.48L220.68,215.56L220.10,216.63L219.43,217.66L218.66,218.67L217.80,219.64L216.84,220.58L215.80,221.47L214.68,222.32L213.48,223.12L212.21,223.87L210.87,224.56L209.47,225.20L208.01,225.77L206.50,226.29L204.94,226.74L203.34,227.12L201.71,227.43L200.06,227.68L198.38,227.86L196.70,227.96L195.00,228.00L193.30,227.96L191.62,227.86L189.94,227.68L188.29,227.43L186.66,227.12L185.06,226.74L183.50,226.29L181.99,225.77L180.53,225.20L179.13,224.56L177.79,223.87L176.52,223.12L175.32,222.32L174.20,221.47L173.16,220.58L172.20,219.64L171.34,218.67L170.57,217.66L169.90,216.63L169.32,215.56L168.85,214.48L168.48,213.37L168.21,212.26L168.05,211.13L168.00,210.00L168.05,208.87L168.21,207.74L168.48,206.63L168.85,205.52L169.32,204.44L169.90,203.37L170.57,202.34L171.34,201.33L172.20,200.36L173.16,199.42L174.20,198.53L175.32,197.68L176.52,196.88L177.79,196.13L179.13,195.44L180.53,194.80L181.99,194.23L183.50,193.71L185.06,193.26L186.66,192.88L188.29,192.57L189.94,192.32L191.62,192.14L193.30,192.04L195.00,192.00L196.70,192.04L198.38,192.14L200.06,192.32L201.71,192.57L203.34,192.88L204.94,193.26L206.50,193.71L208.01,194.23L209.47,194.80L210.87,195.44L212.21,196.13L213.48,196.88L214.68,197.68L215.80,198.53L216.84,199.42L217.80,200.36L218.66,201.33L219.43,202.34L220.10,203.37L220.68,204.44L221.15,205.52L221.52,206.63L221.79,207.74L221.95,208.87"]
            RenderPath {ellipse} at (208.30,50.35) size 25.12x14.27 [stroke={[type=SOLID] [color=#426942]}] [fill={[type=SOLID] [color=#73BF73]}] [data="M870.00,102.00L869.56,103.13L868.23,104.26L866.01,105.37L862.93,106.48L858.99,107.56L854.20,108.63L848.59,109.66L842.17,110.67L834.97,111.64L827.03,112.58L818.37,113.47L809.02,114.32L799.02,115.12L788.42,115.87L777.25,116.56L765.56,117.20L753.39,117.77L740.80,118.29L727.83,118.74L714.53,119.12L700.96,119.43L687.16,119.68L673.20,119.86L659.13,119.96L645.00,120.00L630.87,119.96L616.80,119.86L602.84,119.68L589.04,119.43L575.47,119.12L562.17,118.74L549.20,118.29L536.61,117.77L524.44,117.20L512.75,116.56L501.58,115.87L490.98,115.12L480.98,114.32L471.63,113.47L462.97,112.58L455.03,111.64L447.83,110.67L441.41,109.66L435.80,108.63L431.01,107.56L427.07,106.48L423.99,105.37L421.77,104.26L420.44,103.13L420.00,102.00L420.44,100.87L421.77,99.74L423.99,98.63L427.07,97.52L431.01,96.44L435.80,95.37L441.41,94.34L447.83,93.33L455.03,92.36L462.97,91.42L471.63,90.53L480.98,89.68L490.98,88.88L501.58,88.13L512.75,87.44L524.44,86.80L536.61,86.23L549.20,85.71L562.17,85.26L575.47,84.88L589.04,84.57L602.84,84.32L616.80,84.14L630.87,84.04L645.00,84.00L659.13,84.04L673.20,84.14L687.16,84.32L700.96,84.57L714.53,84.88L727.83,85.26L740.80,85.71L753.39,86.23L765.56,86.80L777.25,87.44L788.42,88.13L799.02,88.88L809.02,89.68L818.37,90.53L827.03,91.42L834.97,92.36L842.17,93.33L848.59,94.34L854.20,95.37L858.99,96.44L862.93,97.52L866.01,98.63L868.23,99.74L869.56,100.87"]
            RenderPath {ellipse} at (209.50,53.10) size 25.66x14.54 [stroke={[type=SOLID] [color=#426942]}] [fill={[type=SOLID] [color=#73BF73]}] [data="M875.00,156.00L874.55,157.13L873.19,158.26L870.93,159.37L867.77,160.48L863.74,161.56L858.85,162.63L853.11,163.66L846.55,164.67L839.20,165.64L831.07,166.58L822.22,167.47L812.66,168.32L802.45,169.12L791.61,169.87L780.19,170.56L768.24,171.20L755.80,171.77L742.93,172.29L729.67,172.74L716.07,173.12L702.20,173.43L688.10,173.68L673.83,173.86L659.44,173.96L645.00,174.00L630.56,173.96L616.17,173.86L601.90,173.68L587.80,173.43L573.93,173.12L560.33,172.74L547.07,172.29L534.20,171.77L521.76,171.20L509.81,170.56L498.39,169.87L487.55,169.12L477.34,168.32L467.78,167.47L458.93,166.58L450.80,165.64L443.45,164.67L436.89,163.66L431.15,162.63L426.26,161.56L422.23,160.48L419.07,159.37L416.81,158.26L415.45,157.13L415.00,156.00L415.45,154.87L416.81,153.74L419.07,152.63L422.23,151.52L426.26,150.44L431.15,149.37L436.89,148.34L443.45,147.33L450.80,146.36L458.93,145.42L467.78,144.53L477.34,143.68L487.55,142.88L498.39,142.13L509.81,141.44L521.76,140.80L534.20,140.23L547.07,139.71L560.33,139.26L573.93,138.88L587.80,138.57L601.90,138.32L616.17,138.14L630.56,138.04L645.00,138.00L659.44,138.04L673.83,138.14L688.10,138.32L702.20,138.57L716.07,138.88L729.67,139.26L742.93,139.71L755.80,140.23L768.24,140.80L780.19,141.44L791.61,142.13L802.45,142.88L812.66,143.68L822.22,144.53L831.07,145.42L839.20,146.36L846.55,147.33L853.11,148.34L858.85,149.37L863.74,150.44L867.77,151.52L870.93,152.63L873.19,153.74L874.55,154.87"]
          RenderSVGContainer {g} at (215.89,58.50) size 18.76x15.30
            RenderPath {rect} at (220.60,60.89) size 6.41x4.73 [stroke={[type=SOLID] [color=#847542]}] [fill={[type=SOLID] [color=#FFDF7B]}] [data="M595.00,192.00L695.00,192.00L695.00,228.00L595.00,228.00"]
            RenderPath {rect} at (217.36,61.38) size 15.82x9.52 [stroke={[type=SOLID] [color=#847542]}] [fill={[type=SOLID] [color=#FFDF7B]}] [data="M507.00,246.00L783.00,246.00L783.00,282.00L507.00,282.00"]
            RenderPath {rect} at (223.38,66.58) size 6.73x4.89 [stroke={[type=SOLID] [color=#847542]}] [fill={[type=SOLID] [color=#FFDF7B]}] [data="M592.00,300.00L698.00,300.00L698.00,336.00L592.00,336.00"]
          RenderSVGContainer {g} at (197.22,59.09) size 27.33x23.00
            RenderPath {path} at (197.22,63.63) size 14.52x10.83 [stroke={[type=SOLID] [color=#5A59CE]}] [data="M201.00,193.00C212.00,170.00,215.00,158.00,240.00,143.00C279.00,122.00,377.00,112.00,428.00,107.00"]
            RenderPath {path} at (199.51,66.66) size 12.17x7.78 [stroke={[type=SOLID] [color=#5A59CE]}] [data="M216.00,200.00C224.00,196.00,232.00,193.00,240.00,191.00C311.00,174.00,390.00,165.00,423.00,161.00"]
            RenderPath {path} at (201.12,64.59) size 20.02x10.24 [stroke={[type=SOLID] [color=#5A59CE]}] [data="M221.00,210.00C295.00,210.00,497.00,210.00,595.00,210.00"]
            RenderPath {path} at (201.12,64.59) size 20.02x10.24 [stroke={[type=SOLID] [color=#5A59CE]}] [data="M221.00,210.00C295.00,210.00,497.00,210.00,595.00,210.00"]
            RenderPath {path} at (201.12,67.55) size 16.74x10.31 [stroke={[type=SOLID] [color=#5A59CE]}] [data="M216.00,220.00C224.00,224.00,232.00,227.00,240.00,229.00C334.00,252.00,444.00,261.00,506.00,264.00"]
            RenderPath {path} at (200.50,65.60) size 23.90x16.49 [stroke={[type=SOLID] [color=#5A59CE]}] [data="M201.00,227.00C212.00,253.00,215.00,265.00,240.00,280.00C352.00,344.00,508.00,337.00,592.00,325.00"]
          RenderSVGContainer {g} at (208.86,58.76) size 15.78x16.99
            RenderPath {polygon} at (209.13,63.31) size 0.65x0.65 [fill={[type=SOLID] [color=#5A59CE]}] [data="M433.00,107.00L425.00,111.00L425.00,103.00"]
            RenderPath {polygon} at (210.33,66.33) size 0.65x0.65 [fill={[type=SOLID] [color=#5A59CE]}] [data="M428.00,160.00L421.00,165.00L420.00,157.00"]
            RenderPath {polygon} at (220.86,64.27) size 0.65x0.65 [fill={[type=SOLID] [color=#5A59CE]}] [data="M600.00,210.00L592.00,214.00L592.00,206.00"]
            RenderPath {polygon} at (217.57,69.58) size 0.65x0.65 [fill={[type=SOLID] [color=#5A59CE]}] [data="M511.00,264.00L503.00,268.00L503.00,260.00"]
            RenderPath {polygon} at (223.78,70.50) size 0.70x0.67 [fill={[type=SOLID] [color=#5A59CE]}] [data="M597.00,324.00L590.00,329.00L588.00,321.00"]
          RenderSVGContainer {g} at (195.65,53.57) size 38.18x28.48
            RenderSVGText {text} at (458,105) size 480x12 [color=#426942]
              RenderSVGInlineText {#text} at (0,-10) size 316x12
                text run at (0,-10) width 316: "http://prismstandard.org/vocabularies/1.0/resourcetype.xml#birdsEye"
            RenderSVGText {text} at (453,159) size 480x12 [color=#426942]
              RenderSVGInlineText {#text} at (0,-10) size 322x12
                text run at (0,-10) width 322: "http://prismstandard.org/vocabularies/1.0/resourcetype.xml#illustration"
            RenderSVGText {text} at (604,213) size 480x12 [color=#426942]
              RenderSVGInlineText {#text} at (0,-10) size 68x12
                text run at (0,-10) width 68: "image/svg+xml"
            RenderSVGText {text} at (530,267) size 480x12 [color=#426942]
              RenderSVGInlineText {#text} at (0,-10) size 197x12
                text run at (0,-10) width 197: "Line drawing of woman in antique attire, ..."
            RenderSVGText {text} at (177,213) size 480x12 [color=#426942]
              RenderSVGInlineText {#text} at (0,-10) size 31x12
                text run at (0,-10) width 31: "online:"
            RenderSVGText {text} at (601,321) size 480x12 [color=#426942]
              RenderSVGInlineText {#text} at (0,-10) size 74x12
                text run at (0,-10) width 74: "Sibyll Trelawney"
          RenderSVGContainer {g} at (199.02,62.91) size 15.25x15.01
            RenderSVGText {text} at (256,158) size 480x12 [color=#5A59CE]
              RenderSVGInlineText {#text} at (0,-10) size 162x12
                text run at (0,-10) width 162: "http://purl.org/dc/elements/1.1/type"
            RenderSVGText {text} at (250,206) size 480x12 [color=#5A59CE]
              RenderSVGInlineText {#text} at (0,-10) size 171x12
                text run at (0,-10) width 171: "http://purl.org/dc/elements/1.1/format"
            RenderSVGText {text} at (250,276) size 480x12 [color=#5A59CE]
              RenderSVGInlineText {#text} at (0,-10) size 175x12
                text run at (0,-10) width 175: "http://purl.org/dc/elements/1.1/subject"
            RenderSVGText {text} at (256,105) size 480x12 [color=#5A59CE]
              RenderSVGInlineText {#text} at (0,-10) size 162x12
                text run at (0,-10) width 162: "http://purl.org/dc/elements/1.1/type"
            RenderSVGText {text} at (240,225) size 480x12 [color=#5A59CE]
              RenderSVGInlineText {#text} at (0,-10) size 192x12
                text run at (0,-10) width 192: "http://purl.org/dc/elements/1.1/description"
      RenderSVGText {text} at (10,340) size 480x46
        RenderSVGInlineText {#text} at (0,-36) size 264x46
          text run at (0,-36) width 264: "$Revision: 1.7 $"
      RenderPath {rect} at (0.50,0.50) size 479x359 [stroke={[type=SOLID] [color=#000000]}] [data="M1.00,1.00L479.00,1.00L479.00,359.00L1.00,359.00"]
