layer at (0,0) size 480x360
  RenderView at (0,0) size 480x360
    RenderSVGContainer {svg} at (0.50,0.50) size 483.50x359
      RenderSVGContainer {g} at (10,7) size 474x281
        RenderSVGText {text} at (10,40) size 480x41
          RenderSVGInlineText {#text} at (0,-33) size 474x41
            text run at (0,-33) width 474: "Basic paint: stroke properties."
        RenderPath {path} at (144.25,54.25) size 217.24x71.50 [stroke={[type=SOLID] [color=#FF0000] [stroke width=30.00] [line cap=ROUND]}] [data="M160.00,70.00L360.00,90.00L160.00,110.00"]
        RenderPath {path} at (158.51,175.07) size 202.99x69.85 [stroke={[type=SOLID] [color=#FF0000] [stroke width=30.00] [miter limit=1]}] [data="M160.00,190.00L360.00,210.00L160.00,230.00"]
        RenderSVGText {text} at (60,160) size 480x44
          RenderSVGInlineText {#text} at (0,-36) size 399x44
            text run at (0,-36) width 399: "stroke-linecap=\"round\""
        RenderSVGText {text} at (130,280) size 480x44
          RenderSVGInlineText {#text} at (0,-36) size 282x44
            text run at (0,-36) width 282: "stroke-miter=\"1\""
      RenderSVGText {text} at (10,340) size 480x46
        RenderSVGInlineText {#text} at (0,-36) size 284x46
          text run at (0,-36) width 284: "$Revision: 1.10 $"
      RenderPath {rect} at (0.50,0.50) size 479x359 [stroke={[type=SOLID] [color=#000000]}] [data="M1.00,1.00L479.00,1.00L479.00,359.00L1.00,359.00"]
