KCanvasResource {id="overflowHiddenClip1" [type=CLIPPER] [clip data=[[winding=NON-ZERO] [path=M0.00,0.00L2.00,0.00L2.00,2.00L0.00,2.00]]]}
KCanvasResource {id="overflowHiddenClip" [type=CLIPPER] [clip data=[[winding=NON-ZERO] [path=M0.00,0.00L4.00,0.00L4.00,4.00L0.00,4.00]]]}
KCanvasResource {id="marker1" [type=MARKER] [angle=0.00] [ref x=5.00 y=5.00]}
KCanvasResource {id="marker2" [type=MARKER] [angle=0.00] [ref x=10.00 y=10.00]}
KCanvasResource {id="marker3" [type=MARKER] [angle=0.00] [ref x=10.00 y=10.00]}
KCanvasResource {id="marker4" [type=MARKER] [angle=0.00] [ref x=5.00 y=5.00]}
layer at (0,0) size 480x360
  RenderView at (0,0) size 480x360
    KCanvasContainer {svg} at (-4,-4) size 483.50x363.50
      KCanvasContainer {g} at (-4,-4) size 455.20x255.20
        KCanvasContainer {defs} at (0,0) size 0x0
        RenderSVGText {text} at (0,0) size 480x16
          RenderText {#text} at (0,0) size 184x16
            text run at (0,0) width 184: "Marker Rendering Properties"
        KCanvasContainer {g} at (0,0) size 208x118
          KCanvasContainer {marker} at (0,0) size 10x10
            KCanvasItem {rect} at (0,0) size 10x10 [fill={[type=SOLID] [color=#000000]}] [data="M0.00,0.00L10.00,0.00L10.00,10.00L0.00,10.00"]
          RenderSVGText {text} at (0,0) size 480x11
            RenderText {#text} at (0,0) size 54x11
              text run at (0,0) width 54: "Fill Property"
          KCanvasItem {path} at (30,60) size 50x50 [fill={[type=SOLID] [color=#000000]}] [start marker=#marker1] [middle marker=#marker1] [end marker=#marker1] [data="M30.00,60.00L80.00,60.00L80.00,110.00"]
          KCanvasContainer {g} at (142,52) size 66x66 [transform={m=((1.00,0.00)(0.00,1.00)) t=(120.00,0.00)}]
            KCanvasItem {path} at (150,60) size 50x50 [fill={[type=SOLID] [color=#000000]}] [data="M30.00,60.00L80.00,60.00L80.00,110.00"]
            KCanvasContainer {g} at (142,52) size 16x16 [transform={m=((8.00,0.00)(0.00,8.00)) t=(22.00,52.00)}]
              KCanvasContainer {g} at (142,52) size 16x16 [clip path="#overflowHiddenClip1"]
                KCanvasContainer {g} at (142,52) size 16x16 [transform={m=((0.20,0.00)(0.00,0.20)) t=(0.00,0.00)}]
                  KCanvasItem {rect} at (142,52) size 16x16 [fill={[type=SOLID] [color=#000000]}] [data="M0.00,0.00L10.00,0.00L10.00,10.00L0.00,10.00"]
            KCanvasContainer {g} at (192,52) size 16x16 [transform={m=((8.00,0.00)(0.00,8.00)) t=(72.00,52.00)}]
              KCanvasContainer {g} at (192,52) size 16x16 [clip path="#overflowHiddenClip1"]
                KCanvasContainer {g} at (192,52) size 16x16 [transform={m=((0.20,0.00)(0.00,0.20)) t=(0.00,0.00)}]
                  KCanvasItem {rect} at (192,52) size 16x16 [fill={[type=SOLID] [color=#000000]}] [data="M0.00,0.00L10.00,0.00L10.00,10.00L0.00,10.00"]
            KCanvasContainer {g} at (192,102) size 16x16 [transform={m=((8.00,0.00)(0.00,8.00)) t=(72.00,102.00)}]
              KCanvasContainer {g} at (192,102) size 16x16 [clip path="#overflowHiddenClip1"]
                KCanvasContainer {g} at (192,102) size 16x16 [transform={m=((0.20,0.00)(0.00,0.20)) t=(0.00,0.00)}]
                  KCanvasItem {rect} at (192,102) size 16x16 [fill={[type=SOLID] [color=#000000]}] [data="M0.00,0.00L10.00,0.00L10.00,10.00L0.00,10.00"]
        KCanvasContainer {g} at (-2,-2) size 451.60x121.60
          KCanvasContainer {marker} at (-2,-2) size 24x24
            KCanvasItem {rect} at (-2,-2) size 24x24 [stroke={[type=SOLID] [color=#000000] [stroke width=4.00]}] [data="M0.00,0.00L20.00,0.00L20.00,20.00L0.00,20.00"]
          RenderSVGText {text} at (0,0) size 480x11
            RenderText {#text} at (0,0) size 72x11
              text run at (0,0) width 72: "Stroke Property"
          KCanvasItem {path} at (265.17,58) size 56.83x56.83 [stroke={[type=SOLID] [color=#000000] [stroke width=4.00]}] [start marker=#marker2] [middle marker=#marker2] [end marker=#marker2] [data="M270.00,60.00L320.00,60.00L320.00,110.00"]
          KCanvasContainer {g} at (380.40,50.40) size 69.20x69.20 [transform={m=((1.00,0.00)(0.00,1.00)) t=(120.00,0.00)}]
            KCanvasItem {path} at (385.17,58) size 56.83x56.83 [stroke={[type=SOLID] [color=#000000] [stroke width=4.00]}] [data="M270.00,60.00L320.00,60.00L320.00,110.00"]
            KCanvasContainer {g} at (380.40,50.40) size 19.20x19.20 [transform={m=((4.00,0.00)(0.00,4.00)) t=(262.00,52.00)}]
              KCanvasContainer {g} at (380.40,50.40) size 19.20x19.20 [clip path="#overflowHiddenClip"]
                KCanvasContainer {g} at (380.40,50.40) size 19.20x19.20 [transform={m=((0.20,0.00)(0.00,0.20)) t=(0.00,0.00)}]
                  KCanvasItem {rect} at (380.40,50.40) size 19.20x19.20 [stroke={[type=SOLID] [color=#000000] [stroke width=4.00]}] [data="M0.00,0.00L20.00,0.00L20.00,20.00L0.00,20.00"]
            KCanvasContainer {g} at (430.40,50.40) size 19.20x19.20 [transform={m=((4.00,0.00)(0.00,4.00)) t=(312.00,52.00)}]
              KCanvasContainer {g} at (430.40,50.40) size 19.20x19.20 [clip path="#overflowHiddenClip"]
                KCanvasContainer {g} at (430.40,50.40) size 19.20x19.20 [transform={m=((0.20,0.00)(0.00,0.20)) t=(0.00,0.00)}]
                  KCanvasItem {rect} at (430.40,50.40) size 19.20x19.20 [stroke={[type=SOLID] [color=#000000] [stroke width=4.00]}] [data="M0.00,0.00L20.00,0.00L20.00,20.00L0.00,20.00"]
            KCanvasContainer {g} at (430.40,100.40) size 19.20x19.20 [transform={m=((4.00,0.00)(0.00,4.00)) t=(312.00,102.00)}]
              KCanvasContainer {g} at (430.40,100.40) size 19.20x19.20 [clip path="#overflowHiddenClip"]
                KCanvasContainer {g} at (430.40,100.40) size 19.20x19.20 [transform={m=((0.20,0.00)(0.00,0.20)) t=(0.00,0.00)}]
                  KCanvasItem {rect} at (430.40,100.40) size 19.20x19.20 [stroke={[type=SOLID] [color=#000000] [stroke width=4.00]}] [data="M0.00,0.00L20.00,0.00L20.00,20.00L0.00,20.00"]
        KCanvasContainer {g} at (-4,-4) size 28x28
          KCanvasContainer {marker} at (-4,-4) size 28x28
            KCanvasItem {rect} at (-4,-4) size 28x28 [stroke={[type=SOLID] [color=#000000] [stroke width=8.00]}] [fill={[type=SOLID] [color=#008000]}] [data="M0.00,0.00L20.00,0.00L20.00,20.00L0.00,20.00"]
          KCanvasContainer {marker} at (-2,-2) size 14x14
            KCanvasItem {rect} at (-2,-2) size 14x14 [stroke={[type=SOLID] [color=#0000FF] [stroke width=4.00]}] [fill={[type=SOLID] [color=#000000]}] [data="M0.00,0.00L10.00,0.00L10.00,10.00L0.00,10.00"]
        KCanvasContainer {g} at (25.17,178.80) size 186.03x72.40
          RenderSVGText {text} at (0,0) size 480x11
            RenderText {#text} at (0,0) size 77x11
              text run at (0,0) width 77: "Mixed Properties"
          KCanvasItem {path} at (25.17,188) size 56.83x56.83 [stroke={[type=SOLID] [color=#800080] [stroke width=4.00]}] [fill={[type=SOLID] [color=#FF0000]}] [start marker=#marker3] [middle marker=#marker3] [end marker=#marker3] [data="M30.00,190.00L80.00,190.00L80.00,240.00"]
          KCanvasContainer {g} at (138.80,178.80) size 72.40x72.40 [transform={m=((1.00,0.00)(0.00,1.00)) t=(120.00,0.00)}]
            KCanvasItem {path} at (145.17,188) size 56.83x56.83 [stroke={[type=SOLID] [color=#800080] [stroke width=4.00]}] [fill={[type=SOLID] [color=#FF0000]}] [data="M30.00,190.00L80.00,190.00L80.00,240.00"]
            KCanvasContainer {g} at (138.80,178.80) size 72.40x72.40
              KCanvasContainer {g} at (138.80,178.80) size 22.40x22.40 [transform={m=((4.00,0.00)(0.00,4.00)) t=(22.00,182.00)}]
                KCanvasContainer {g} at (138.80,178.80) size 22.40x22.40 [clip path="#overflowHiddenClip"]
                  KCanvasContainer {g} at (138.80,178.80) size 22.40x22.40 [transform={m=((0.20,0.00)(0.00,0.20)) t=(0.00,0.00)}]
                    KCanvasItem {rect} at (138.80,178.80) size 22.40x22.40 [stroke={[type=SOLID] [color=#000000] [stroke width=8.00]}] [fill={[type=SOLID] [color=#008000]}] [data="M0.00,0.00L20.00,0.00L20.00,20.00L0.00,20.00"]
              KCanvasContainer {g} at (188.80,178.80) size 22.40x22.40 [transform={m=((4.00,0.00)(0.00,4.00)) t=(72.00,182.00)}]
                KCanvasContainer {g} at (188.80,178.80) size 22.40x22.40 [clip path="#overflowHiddenClip"]
                  KCanvasContainer {g} at (188.80,178.80) size 22.40x22.40 [transform={m=((0.20,0.00)(0.00,0.20)) t=(0.00,0.00)}]
                    KCanvasItem {rect} at (188.80,178.80) size 22.40x22.40 [stroke={[type=SOLID] [color=#000000] [stroke width=8.00]}] [fill={[type=SOLID] [color=#008000]}] [data="M0.00,0.00L20.00,0.00L20.00,20.00L0.00,20.00"]
              KCanvasContainer {g} at (188.80,228.80) size 22.40x22.40 [transform={m=((4.00,0.00)(0.00,4.00)) t=(72.00,232.00)}]
                KCanvasContainer {g} at (188.80,228.80) size 22.40x22.40 [clip path="#overflowHiddenClip"]
                  KCanvasContainer {g} at (188.80,228.80) size 22.40x22.40 [transform={m=((0.20,0.00)(0.00,0.20)) t=(0.00,0.00)}]
                    KCanvasItem {rect} at (188.80,228.80) size 22.40x22.40 [stroke={[type=SOLID] [color=#000000] [stroke width=8.00]}] [fill={[type=SOLID] [color=#008000]}] [data="M0.00,0.00L20.00,0.00L20.00,20.00L0.00,20.00"]
        KCanvasContainer {g} at (265.17,178.80) size 186.03x72.40
          RenderSVGText {text} at (0,0) size 480x11
            RenderText {#text} at (0,0) size 77x11
              text run at (0,0) width 77: "Mixed Properties"
          KCanvasItem {path} at (265.17,188) size 56.83x56.83 [stroke={[type=SOLID] [color=#800080] [stroke width=4.00]}] [fill={[type=SOLID] [color=#FF0000]}] [start marker=#marker4] [middle marker=#marker4] [end marker=#marker4] [data="M270.00,190.00L320.00,190.00L320.00,240.00"]
          KCanvasContainer {g} at (378.80,178.80) size 72.40x72.40 [transform={m=((1.00,0.00)(0.00,1.00)) t=(120.00,0.00)}]
            KCanvasItem {path} at (385.17,188) size 56.83x56.83 [stroke={[type=SOLID] [color=#800080] [stroke width=4.00]}] [fill={[type=SOLID] [color=#FF0000]}] [data="M270.00,190.00L320.00,190.00L320.00,240.00"]
            KCanvasContainer {g} at (378.80,178.80) size 72.40x72.40
              KCanvasContainer {g} at (378.80,178.80) size 22.40x22.40 [transform={m=((4.00,0.00)(0.00,4.00)) t=(262.00,182.00)}]
                KCanvasContainer {g} at (378.80,178.80) size 22.40x22.40 [clip path="#overflowHiddenClip"]
                  KCanvasContainer {g} at (378.80,178.80) size 22.40x22.40 [transform={m=((0.40,0.00)(0.00,0.40)) t=(0.00,0.00)}]
                    KCanvasItem {rect} at (378.80,178.80) size 22.40x22.40 [stroke={[type=SOLID] [color=#0000FF] [stroke width=4.00]}] [fill={[type=SOLID] [color=#000000]}] [data="M0.00,0.00L10.00,0.00L10.00,10.00L0.00,10.00"]
              KCanvasContainer {g} at (428.80,178.80) size 22.40x22.40 [transform={m=((4.00,0.00)(0.00,4.00)) t=(312.00,182.00)}]
                KCanvasContainer {g} at (428.80,178.80) size 22.40x22.40 [clip path="#overflowHiddenClip"]
                  KCanvasContainer {g} at (428.80,178.80) size 22.40x22.40 [transform={m=((0.40,0.00)(0.00,0.40)) t=(0.00,0.00)}]
                    KCanvasItem {rect} at (428.80,178.80) size 22.40x22.40 [stroke={[type=SOLID] [color=#0000FF] [stroke width=4.00]}] [fill={[type=SOLID] [color=#000000]}] [data="M0.00,0.00L10.00,0.00L10.00,10.00L0.00,10.00"]
              KCanvasContainer {g} at (428.80,228.80) size 22.40x22.40 [transform={m=((4.00,0.00)(0.00,4.00)) t=(312.00,232.00)}]
                KCanvasContainer {g} at (428.80,228.80) size 22.40x22.40 [clip path="#overflowHiddenClip"]
                  KCanvasContainer {g} at (428.80,228.80) size 22.40x22.40 [transform={m=((0.40,0.00)(0.00,0.40)) t=(0.00,0.00)}]
                    KCanvasItem {rect} at (428.80,228.80) size 22.40x22.40 [stroke={[type=SOLID] [color=#0000FF] [stroke width=4.00]}] [fill={[type=SOLID] [color=#000000]}] [data="M0.00,0.00L10.00,0.00L10.00,10.00L0.00,10.00"]
      RenderSVGText {text} at (0,0) size 480x46
        RenderText {#text} at (0,0) size 264x46
          text run at (0,0) width 264: "$Revision: 1.1 $"
      KCanvasItem {rect} at (0.50,0.50) size 479x359 [stroke={[type=SOLID] [color=#000000]}] [data="M1.00,1.00L479.00,1.00L479.00,359.00L1.00,359.00"]
