layer at (0,0) size 480x360
  RenderView at (0,0) size 480x360
    RenderSVGContainer {svg} at (0.50,0.50) size 483.50x359
      RenderSVGContainer {g} at (10,27) size 474x239
        RenderSVGText {text} at (10,60) size 480x41
          RenderSVGInlineText {#text} at (0,-33) size 474x41
            text run at (0,-33) width 474: "Basic paint: stroke properties."
        RenderPath {path} at (50,107.50) size 370x25 [stroke={[type=SOLID] [color=#FF0000] [stroke width=25.00] [dash array={10.00, 10.00}]}] [data="M50.00,120.00L430.00,120.00"]
        RenderPath {path} at (60,127.50) size 370x25 [stroke={[type=SOLID] [color=#000000] [stroke width=25.00] [dash offset=10.00] [dash array={10.00, 10.00}]}] [data="M50.00,140.00L430.00,140.00"]
        RenderSVGText {text} at (65,210) size 480x33
          RenderSVGInlineText {#text} at (0,-27) size 351x33
            text run at (0,-27) width 351: "stroke-dasharray=\"10, 10\""
        RenderSVGText {text} at (75,260) size 480x33
          RenderSVGInlineText {#text} at (0,-27) size 305x33
            text run at (0,-27) width 305: "stroke-dashoffset=\"10\""
      RenderSVGText {text} at (10,340) size 480x46
        RenderSVGInlineText {#text} at (0,-36) size 284x46
          text run at (0,-36) width 284: "$Revision: 1.10 $"
      RenderPath {rect} at (0.50,0.50) size 479x359 [stroke={[type=SOLID] [color=#000000]}] [data="M1.00,1.00L479.00,1.00L479.00,359.00L1.00,359.00"]
