CONSOLE MESSAGE: line 59: Error: Problem parsing points="100,60 120,140 140,60 160,140 180,60 180,100 100,100"
CONSOLE MESSAGE: line 60: Error: Problem parsing points="190,60 210,140 230,60 250,140 270,60 270,100 190,100"
CONSOLE MESSAGE: line 68: Error: Problem parsing points="100,60 120,140 140,60 160,140 180,60 180,100 100,100"
CONSOLE MESSAGE: line 69: Error: Problem parsing points="190,60 210,140 230,60 250,140 270,60 270,100 190,100"
KCanvasResource {id="marker1" [type=MARKER] [angle=0.00] [ref x=50.00 y=50.00]}
KCanvasResource {id="marker2" [type=MARKER] [angle=0.00] [ref x=100.00 y=100.00]}
layer at (0,0) size 480x360
  RenderView at (0,0) size 480x360
    RenderSVGContainer {svg} at (0.50,0.50) size 479x359
      RenderSVGHiddenContainer {defs} at (0,0) size 0x0
        RenderSVGContainer {marker} at (0,0) size 5x5
          RenderPath {rect} at (0,0) size 5x5 [fill={[type=SOLID] [color=#4169E1]}] [data="M0.00,0.00L100.00,0.00L100.00,100.00L0.00,100.00"]
        RenderSVGContainer {marker} at (0,0) size 15x15
          RenderPath {rect} at (0,0) size 15x15 [fill={[type=SOLID] [color=#FF0000]}] [data="M0.00,0.00L200.00,0.00L200.00,200.00L0.00,200.00"]
      RenderSVGText {text} at (240,28) size 480x23
        RenderSVGInlineText {#text} at (-87,-18) size 174x23
          text run at (-87,-18) width 174: "'marker' property test"
      RenderSVGText {text} at (240,70) size 480x23
        RenderSVGInlineText {#text} at (-70,-18) size 140x23
          text run at (-70,-18) width 140: "'marker' property"
      RenderSVGContainer {g} at (59.50,79.50) size 360.83x81 [transform={m=((1.00,0.00)(0.00,1.00)) t=(50.00,20.00)}] [start marker=#marker1] [middle marker=#marker1] [end marker=#marker1]
        RenderPath {path} at (59.50,79.50) size 81x81 [stroke={[type=SOLID] [color=#000000]}] [fill={[type=SOLID] [color=#FFD700] [fill rule=EVEN-ODD]}] [start marker=#marker1] [middle marker=#marker1] [end marker=#marker1] [data="M10.00,60.00C63.33,60.00,90.00,86.67,90.00,140.00C36.67,140.00,10.00,113.33,10.00,60.00M10.00,140.00C10.00,86.67,36.67,60.00,90.00,60.00C90.00,113.33,63.33,140.00,10.00,140.00M50.00,70.00L80.00,100.00L50.00,130.00L20.00,100.00"]
        RenderPath {polygon} at (149.50,79.88) size 81x80.24 [stroke={[type=SOLID] [color=#000000]}] [fill={[type=SOLID] [color=#FFD700] [fill rule=EVEN-ODD]}] [start marker=#marker1] [middle marker=#marker1] [end marker=#marker1] [data="M100.00,60.00L120.00,140.00L140.00,60.00L160.00,140.00L180.00,60.00L180.00,100.00L100.00,100.00"]
        RenderPath {polyline} at (239.51,79.88) size 80.99x80.24 [stroke={[type=SOLID] [color=#000000]}] [fill={[type=SOLID] [color=#FFD700] [fill rule=EVEN-ODD]}] [start marker=#marker1] [middle marker=#marker1] [end marker=#marker1] [data="M190.00,60.00L210.00,140.00L230.00,60.00L250.00,140.00L270.00,60.00L270.00,100.00L190.00,100.00"]
        RenderPath {line} at (329.67,79.63) size 90.66x80.75 [stroke={[type=SOLID] [color=#000000]}] [fill={[type=SOLID] [color=#FFD700] [fill rule=EVEN-ODD]}] [start marker=#marker1] [middle marker=#marker1] [end marker=#marker1] [data="M280.00,60.00L370.00,140.00"]
        RenderPath {line} at (329.67,79.63) size 90.66x80.75 [stroke={[type=SOLID] [color=#000000]}] [fill={[type=SOLID] [color=#FFD700] [fill rule=EVEN-ODD]}] [start marker=#marker1] [middle marker=#marker1] [end marker=#marker1] [data="M370.00,60.00L280.00,140.00"]
      RenderSVGText {text} at (240,200) size 480x23
        RenderSVGInlineText {#text} at (-213,-18) size 426x23
          text run at (-213,-18) width 426: "'marker-start', 'marker-mid' & 'marker-end' attribute"
      RenderSVGContainer {g} at (59.50,209.50) size 360.83x81 [transform={m=((1.00,0.00)(0.00,1.00)) t=(50.00,150.00)}] [start marker=#marker1] [middle marker=#marker1] [end marker=#marker1]
        RenderPath {path} at (59.50,209.50) size 81x81 [stroke={[type=SOLID] [color=#000000]}] [fill={[type=SOLID] [color=#FFD700] [fill rule=EVEN-ODD]}] [start marker=#marker1] [middle marker=#marker1] [end marker=#marker1] [data="M10.00,60.00C63.33,60.00,90.00,86.67,90.00,140.00C36.67,140.00,10.00,113.33,10.00,60.00M10.00,140.00C10.00,86.67,36.67,60.00,90.00,60.00C90.00,113.33,63.33,140.00,10.00,140.00M50.00,70.00L80.00,100.00L50.00,130.00L20.00,100.00"]
        RenderPath {polygon} at (149.50,209.88) size 81x80.24 [stroke={[type=SOLID] [color=#000000]}] [fill={[type=SOLID] [color=#FFD700] [fill rule=EVEN-ODD]}] [start marker=#marker1] [middle marker=#marker1] [end marker=#marker1] [data="M100.00,60.00L120.00,140.00L140.00,60.00L160.00,140.00L180.00,60.00L180.00,100.00L100.00,100.00"]
        RenderPath {polyline} at (239.51,209.88) size 80.99x80.24 [stroke={[type=SOLID] [color=#000000]}] [fill={[type=SOLID] [color=#FFD700] [fill rule=EVEN-ODD]}] [start marker=#marker1] [middle marker=#marker1] [end marker=#marker1] [data="M190.00,60.00L210.00,140.00L230.00,60.00L250.00,140.00L270.00,60.00L270.00,100.00L190.00,100.00"]
        RenderPath {line} at (329.67,209.63) size 90.66x80.75 [stroke={[type=SOLID] [color=#000000]}] [fill={[type=SOLID] [color=#FFD700] [fill rule=EVEN-ODD]}] [start marker=#marker1] [middle marker=#marker1] [end marker=#marker1] [data="M280.00,60.00L370.00,140.00"]
        RenderPath {line} at (329.67,209.63) size 90.66x80.75 [stroke={[type=SOLID] [color=#000000]}] [fill={[type=SOLID] [color=#FFD700] [fill rule=EVEN-ODD]}] [start marker=#marker1] [middle marker=#marker1] [end marker=#marker1] [data="M370.00,60.00L280.00,140.00"]
      RenderSVGText {text} at (10,340) size 480x46
        RenderSVGInlineText {#text} at (0,-36) size 264x46
          text run at (0,-36) width 264: "$Revision: 1.9 $"
      RenderPath {rect} at (0.50,0.50) size 479x359 [stroke={[type=SOLID] [color=#000000]}] [data="M1.00,1.00L479.00,1.00L479.00,359.00L1.00,359.00"]
