layer at (0,0) size 480x360
  RenderView at (0,0) size 480x360
    RenderSVGContainer {svg} at (0.50,0.50) size 483.50x359
      RenderSVGContainer {g} at (10,7) size 474x281
        RenderSVGText {text} at (10,40) size 480x41
          RenderSVGInlineText {#text} at (0,-33) size 474x41
            text run at (0,-33) width 474: "Basic paint: stroke properties."
        RenderPath {rect} at (90,70) size 300x50 [fill={[type=SOLID] [color=#0000FF]}] [data="M90.00,70.00L390.00,70.00L390.00,120.00L90.00,120.00"]
        RenderPath {rect} at (80,180) size 320x70 [stroke={[type=SOLID] [color=#FF0000] [stroke width=20.00]}] [fill={[type=SOLID] [color=#0000FF]}] [data="M90.00,190.00L390.00,190.00L390.00,240.00L90.00,240.00"]
        RenderSVGText {text} at (140,150) size 480x44
          RenderSVGInlineText {#text} at (0,-36) size 207x44
            text run at (0,-36) width 207: "stroke:none"
        RenderSVGText {text} at (148,280) size 480x44
          RenderSVGInlineText {#text} at (0,-36) size 176x44
            text run at (0,-36) width 176: "stroke:red"
      RenderSVGText {text} at (10,340) size 480x46
        RenderSVGInlineText {#text} at (0,-36) size 264x46
          text run at (0,-36) width 264: "$Revision: 1.1 $"
      RenderPath {rect} at (0.50,0.50) size 479x359 [stroke={[type=SOLID] [color=#000000]}] [data="M1.00,1.00L479.00,1.00L479.00,359.00L1.00,359.00"]
