layer at (0,0) size 480x360
  RenderView at (0,0) size 480x360
    KCanvasContainer {svg} at (0.50,0.50) size 479x359
      KCanvasContainer {g} at (80,60) size 320x190
        RenderSVGText {text} at (0,0) size 480x42
          RenderText {#text} at (0,0) size 474x41
            text run at (0,0) width 474: "Basic paint: stroke properties."
        KCanvasItem {rect} at (80,60) size 320x70 [stroke={[type=SOLID] [color=#FF0000] [stroke width=20.00]}] [data="M90.00,70.00L390.00,70.00L390.00,120.00L90.00,120.00"]
        KCanvasItem {rect} at (80,180) size 320x70 [stroke={[type=SOLID] [color=#FF0000] [stroke width=20.00] [line join=ROUND]}] [data="M90.00,190.00L390.00,190.00L390.00,240.00L90.00,240.00"]
        RenderSVGText {text} at (0,0) size 480x45
          RenderText {#text} at (0,0) size 269x44
            text run at (0,0) width 269: "stroke-width:20"
        RenderSVGText {text} at (0,0) size 480x45
          RenderText {#text} at (0,0) size 357x44
            text run at (0,0) width 357: "stroke-linejoin:round"
      RenderSVGText {text} at (0,0) size 480x46
        RenderText {#text} at (0,0) size 264x46
          text run at (0,0) width 264: "$Revision: 1.1 $"
      KCanvasItem {rect} at (0.50,0.50) size 479x359 [stroke={[type=SOLID] [color=#000000]}] [data="M1.00,1.00L479.00,1.00L479.00,359.00L1.00,359.00"]
