KRenderingPaintServer {id="gradientDefault" [type=LINEAR-GRADIENT] [stops=[(0.00,#FFFFFF), (0.33,#0000FF), (0.66,#FF0000), (1.00,#FFFF00)]] [start=(0,0)] [end=(100,0)]}
KRenderingPaintServer {id="gradientSRGB" [type=LINEAR-GRADIENT] [stops=[(0.00,#FFFFFF), (0.33,#0000FF), (0.66,#FF0000), (1.00,#FFFF00)]] [start=(0,0)] [end=(100,0)]}
KRenderingPaintServer {id="gradientLinearRGB" [type=LINEAR-GRADIENT] [stops=[(0.00,#FFFFFF), (0.33,#0000FF), (0.66,#FF0000), (1.00,#FFFF00)]] [start=(0,0)] [end=(100,0)]}
layer at (0,0) size 480x360
  RenderView at (0,0) size 480x360
    KCanvasContainer {svg} at (0.50,0.50) size 479x359
      KCanvasContainer {g} at (36.50,66.50) size 307.00x214.00
        KCanvasContainer {defs} at (0,0) size 0x0
        RenderSVGText {text} at (0,0) size 465x27
          RenderText {#text} at (0,0) size 454x27
            text run at (0,0) width 454: "Basic test of color-interpolation property."
        KCanvasContainer {g} at (36.50,66.50) size 307.00x54.00 [transform={m=((1.00,0.00)(0.00,1.00)) t=(40.00,80.00)}]
          KCanvasItem {rect} at (39.50,79.50) size 301x41 [stroke={[type=SOLID] [color=#000000]}] [fill={[type=LINEAR-GRADIENT] [stops=[(0.00,#FFFFFF), (0.33,#0000FF), (0.66,#FF0000), (1.00,#FFFF00)]] [start=(0,0)] [end=(100,0)]}] [data="M0.00,0.00L300.00,0.00L300.00,40.00L0.00,40.00"]
          KCanvasItem {circle} at (36.50,66.50) size 7.00x7.00 [stroke={[type=SOLID] [color=#000000]}] [fill={[type=SOLID] [color=#FFFFFF]}] [data="M3.00,-10.00L2.99,-9.81L2.98,-9.62L2.95,-9.44L2.91,-9.25L2.85,-9.07L2.79,-8.90L2.71,-8.72L2.63,-8.55L2.53,-8.39L2.43,-8.24L2.31,-8.09L2.19,-7.95L2.05,-7.81L1.91,-7.69L1.76,-7.57L1.61,-7.47L1.45,-7.37L1.28,-7.29L1.10,-7.21L0.93,-7.15L0.75,-7.09L0.56,-7.05L0.38,-7.02L0.19,-7.01L0.00,-7.00L-0.19,-7.01L-0.38,-7.02L-0.56,-7.05L-0.75,-7.09L-0.93,-7.15L-1.10,-7.21L-1.28,-7.29L-1.45,-7.37L-1.61,-7.47L-1.76,-7.57L-1.91,-7.69L-2.05,-7.81L-2.19,-7.95L-2.31,-8.09L-2.43,-8.24L-2.53,-8.39L-2.63,-8.55L-2.71,-8.72L-2.79,-8.90L-2.85,-9.07L-2.91,-9.25L-2.95,-9.44L-2.98,-9.62L-2.99,-9.81L-3.00,-10.00L-2.99,-10.19L-2.98,-10.38L-2.95,-10.56L-2.91,-10.75L-2.85,-10.93L-2.79,-11.10L-2.71,-11.28L-2.63,-11.45L-2.53,-11.61L-2.43,-11.76L-2.31,-11.91L-2.19,-12.05L-2.05,-12.19L-1.91,-12.31L-1.76,-12.43L-1.61,-12.53L-1.45,-12.63L-1.28,-12.71L-1.10,-12.79L-0.93,-12.85L-0.75,-12.91L-0.56,-12.95L-0.38,-12.98L-0.19,-12.99L-0.00,-13.00L0.19,-12.99L0.38,-12.98L0.56,-12.95L0.75,-12.91L0.93,-12.85L1.10,-12.79L1.28,-12.71L1.45,-12.63L1.61,-12.53L1.76,-12.43L1.91,-12.31L2.05,-12.19L2.19,-12.05L2.31,-11.91L2.43,-11.76L2.53,-11.61L2.63,-11.45L2.71,-11.28L2.79,-11.10L2.85,-10.93L2.91,-10.75L2.95,-10.56L2.98,-10.38L2.99,-10.19"]
          KCanvasItem {line} at (39.50,73) size 1x47 [stroke={[type=SOLID] [color=#000000]}] [fill={[type=SOLID] [color=#000000]}] [data="M0.00,-7.00L0.00,40.00"]
          KCanvasItem {rect} at (87.50,97.50) size 5x5 [stroke={[type=SOLID] [color=#000000]}] [fill={[type=SOLID] [color=#8080FF]}] [data="M48.00,18.00L52.00,18.00L52.00,22.00L48.00,22.00"]
          KCanvasItem {line} at (89.50,95) size 1x10 [stroke={[type=SOLID] [color=#8080FF]}] [fill={[type=SOLID] [color=#000000]}] [data="M50.00,15.00L50.00,25.00"]
          KCanvasItem {circle} at (136.50,66.50) size 7.00x7.00 [stroke={[type=SOLID] [color=#000000]}] [fill={[type=SOLID] [color=#0000FF]}] [data="M103.00,-10.00L102.99,-9.81L102.98,-9.62L102.95,-9.44L102.91,-9.25L102.85,-9.07L102.79,-8.90L102.71,-8.72L102.63,-8.55L102.53,-8.39L102.43,-8.24L102.31,-8.09L102.19,-7.95L102.05,-7.81L101.91,-7.69L101.76,-7.57L101.61,-7.47L101.45,-7.37L101.28,-7.29L101.10,-7.21L100.93,-7.15L100.75,-7.09L100.56,-7.05L100.38,-7.02L100.19,-7.01L100.00,-7.00L99.81,-7.01L99.62,-7.02L99.44,-7.05L99.25,-7.09L99.07,-7.15L98.90,-7.21L98.72,-7.29L98.55,-7.37L98.39,-7.47L98.24,-7.57L98.09,-7.69L97.95,-7.81L97.81,-7.95L97.69,-8.09L97.57,-8.24L97.47,-8.39L97.37,-8.55L97.29,-8.72L97.21,-8.90L97.15,-9.07L97.09,-9.25L97.05,-9.44L97.02,-9.62L97.01,-9.81L97.00,-10.00L97.01,-10.19L97.02,-10.38L97.05,-10.56L97.09,-10.75L97.15,-10.93L97.21,-11.10L97.29,-11.28L97.37,-11.45L97.47,-11.61L97.57,-11.76L97.69,-11.91L97.81,-12.05L97.95,-12.19L98.09,-12.31L98.24,-12.43L98.39,-12.53L98.55,-12.63L98.72,-12.71L98.90,-12.79L99.07,-12.85L99.25,-12.91L99.44,-12.95L99.62,-12.98L99.81,-12.99L100.00,-13.00L100.19,-12.99L100.38,-12.98L100.56,-12.95L100.75,-12.91L100.93,-12.85L101.10,-12.79L101.28,-12.71L101.45,-12.63L101.61,-12.53L101.76,-12.43L101.91,-12.31L102.05,-12.19L102.19,-12.05L102.31,-11.91L102.43,-11.76L102.53,-11.61L102.63,-11.45L102.71,-11.28L102.79,-11.10L102.85,-10.93L102.91,-10.75L102.95,-10.56L102.98,-10.38L102.99,-10.19"]
          KCanvasItem {line} at (139.50,73) size 1x47 [transform={m=((1.00,0.00)(0.00,1.00)) t=(100.00,0.00)}] [stroke={[type=SOLID] [color=#000000]}] [fill={[type=SOLID] [color=#000000]}] [data="M0.00,-7.00L0.00,40.00"]
          KCanvasItem {rect} at (187.50,97.50) size 5x5 [stroke={[type=SOLID] [color=#000000]}] [fill={[type=SOLID] [color=#800080]}] [data="M148.00,18.00L152.00,18.00L152.00,22.00L148.00,22.00"]
          KCanvasItem {line} at (189.50,95) size 1x10 [stroke={[type=SOLID] [color=#800080]}] [fill={[type=SOLID] [color=#000000]}] [data="M150.00,15.00L150.00,25.00"]
          KCanvasItem {circle} at (236.50,66.50) size 7.00x7.00 [stroke={[type=SOLID] [color=#000000]}] [fill={[type=SOLID] [color=#FF0000]}] [data="M203.00,-10.00L202.99,-9.81L202.98,-9.62L202.95,-9.44L202.91,-9.25L202.85,-9.07L202.79,-8.90L202.71,-8.72L202.63,-8.55L202.53,-8.39L202.43,-8.24L202.31,-8.09L202.19,-7.95L202.05,-7.81L201.91,-7.69L201.76,-7.57L201.61,-7.47L201.45,-7.37L201.28,-7.29L201.10,-7.21L200.93,-7.15L200.75,-7.09L200.56,-7.05L200.38,-7.02L200.19,-7.01L200.00,-7.00L199.81,-7.01L199.62,-7.02L199.44,-7.05L199.25,-7.09L199.07,-7.15L198.90,-7.21L198.72,-7.29L198.55,-7.37L198.39,-7.47L198.24,-7.57L198.09,-7.69L197.95,-7.81L197.81,-7.95L197.69,-8.09L197.57,-8.24L197.47,-8.39L197.37,-8.55L197.29,-8.72L197.21,-8.90L197.15,-9.07L197.09,-9.25L197.05,-9.44L197.02,-9.62L197.01,-9.81L197.00,-10.00L197.01,-10.19L197.02,-10.38L197.05,-10.56L197.09,-10.75L197.15,-10.93L197.21,-11.10L197.29,-11.28L197.37,-11.45L197.47,-11.61L197.57,-11.76L197.69,-11.91L197.81,-12.05L197.95,-12.19L198.09,-12.31L198.24,-12.43L198.39,-12.53L198.55,-12.63L198.72,-12.71L198.90,-12.79L199.07,-12.85L199.25,-12.91L199.44,-12.95L199.62,-12.98L199.81,-12.99L200.00,-13.00L200.19,-12.99L200.38,-12.98L200.56,-12.95L200.75,-12.91L200.93,-12.85L201.10,-12.79L201.28,-12.71L201.45,-12.63L201.61,-12.53L201.76,-12.43L201.91,-12.31L202.05,-12.19L202.19,-12.05L202.31,-11.91L202.43,-11.76L202.53,-11.61L202.63,-11.45L202.71,-11.28L202.79,-11.10L202.85,-10.93L202.91,-10.75L202.95,-10.56L202.98,-10.38L202.99,-10.19"]
          KCanvasItem {line} at (239.50,73) size 1x47 [transform={m=((1.00,0.00)(0.00,1.00)) t=(200.00,0.00)}] [stroke={[type=SOLID] [color=#000000]}] [fill={[type=SOLID] [color=#000000]}] [data="M0.00,-7.00L0.00,40.00"]
          KCanvasItem {rect} at (287.50,97.50) size 5x5 [stroke={[type=SOLID] [color=#000000]}] [fill={[type=SOLID] [color=#FF8000]}] [data="M248.00,18.00L252.00,18.00L252.00,22.00L248.00,22.00"]
          KCanvasItem {line} at (289.50,95) size 1x10 [stroke={[type=SOLID] [color=#FF8000]}] [fill={[type=SOLID] [color=#000000]}] [data="M250.00,15.00L250.00,25.00"]
          KCanvasItem {circle} at (336.50,66.50) size 7.00x7.00 [stroke={[type=SOLID] [color=#000000]}] [fill={[type=SOLID] [color=#FFFF00]}] [data="M303.00,-10.00L302.99,-9.81L302.98,-9.62L302.95,-9.44L302.91,-9.25L302.85,-9.07L302.79,-8.90L302.71,-8.72L302.63,-8.55L302.53,-8.39L302.43,-8.24L302.31,-8.09L302.19,-7.95L302.05,-7.81L301.91,-7.69L301.76,-7.57L301.61,-7.47L301.45,-7.37L301.28,-7.29L301.10,-7.21L300.93,-7.15L300.75,-7.09L300.56,-7.05L300.38,-7.02L300.19,-7.01L300.00,-7.00L299.81,-7.01L299.62,-7.02L299.44,-7.05L299.25,-7.09L299.07,-7.15L298.90,-7.21L298.72,-7.29L298.55,-7.37L298.39,-7.47L298.24,-7.57L298.09,-7.69L297.95,-7.81L297.81,-7.95L297.69,-8.09L297.57,-8.24L297.47,-8.39L297.37,-8.55L297.29,-8.72L297.21,-8.90L297.15,-9.07L297.09,-9.25L297.05,-9.44L297.02,-9.62L297.01,-9.81L297.00,-10.00L297.01,-10.19L297.02,-10.38L297.05,-10.56L297.09,-10.75L297.15,-10.93L297.21,-11.10L297.29,-11.28L297.37,-11.45L297.47,-11.61L297.57,-11.76L297.69,-11.91L297.81,-12.05L297.95,-12.19L298.09,-12.31L298.24,-12.43L298.39,-12.53L298.55,-12.63L298.72,-12.71L298.90,-12.79L299.07,-12.85L299.25,-12.91L299.44,-12.95L299.62,-12.98L299.81,-12.99L300.00,-13.00L300.19,-12.99L300.38,-12.98L300.56,-12.95L300.75,-12.91L300.93,-12.85L301.10,-12.79L301.28,-12.71L301.45,-12.63L301.61,-12.53L301.76,-12.43L301.91,-12.31L302.05,-12.19L302.19,-12.05L302.31,-11.91L302.43,-11.76L302.53,-11.61L302.63,-11.45L302.71,-11.28L302.79,-11.10L302.85,-10.93L302.91,-10.75L302.95,-10.56L302.98,-10.38L302.99,-10.19"]
          KCanvasItem {line} at (339.50,73) size 1x47 [transform={m=((1.00,0.00)(0.00,1.00)) t=(300.00,0.00)}] [stroke={[type=SOLID] [color=#000000]}] [fill={[type=SOLID] [color=#000000]}] [data="M0.00,-7.00L0.00,40.00"]
          RenderSVGText {text} at (0,0) size 465x19
            RenderText {#text} at (0,0) size 118x19
              text run at (0,0) width 118: "default (sRGB)"
        KCanvasContainer {g} at (36.50,146.50) size 307.00x54.00 [transform={m=((1.00,0.00)(0.00,1.00)) t=(40.00,160.00)}]
          KCanvasItem {rect} at (39.50,159.50) size 301x41 [stroke={[type=SOLID] [color=#000000]}] [fill={[type=LINEAR-GRADIENT] [stops=[(0.00,#FFFFFF), (0.33,#0000FF), (0.66,#FF0000), (1.00,#FFFF00)]] [start=(0,0)] [end=(100,0)]}] [data="M0.00,0.00L300.00,0.00L300.00,40.00L0.00,40.00"]
          KCanvasItem {circle} at (36.50,146.50) size 7.00x7.00 [stroke={[type=SOLID] [color=#000000]}] [fill={[type=SOLID] [color=#FFFFFF]}] [data="M3.00,-10.00L2.99,-9.81L2.98,-9.62L2.95,-9.44L2.91,-9.25L2.85,-9.07L2.79,-8.90L2.71,-8.72L2.63,-8.55L2.53,-8.39L2.43,-8.24L2.31,-8.09L2.19,-7.95L2.05,-7.81L1.91,-7.69L1.76,-7.57L1.61,-7.47L1.45,-7.37L1.28,-7.29L1.10,-7.21L0.93,-7.15L0.75,-7.09L0.56,-7.05L0.38,-7.02L0.19,-7.01L0.00,-7.00L-0.19,-7.01L-0.38,-7.02L-0.56,-7.05L-0.75,-7.09L-0.93,-7.15L-1.10,-7.21L-1.28,-7.29L-1.45,-7.37L-1.61,-7.47L-1.76,-7.57L-1.91,-7.69L-2.05,-7.81L-2.19,-7.95L-2.31,-8.09L-2.43,-8.24L-2.53,-8.39L-2.63,-8.55L-2.71,-8.72L-2.79,-8.90L-2.85,-9.07L-2.91,-9.25L-2.95,-9.44L-2.98,-9.62L-2.99,-9.81L-3.00,-10.00L-2.99,-10.19L-2.98,-10.38L-2.95,-10.56L-2.91,-10.75L-2.85,-10.93L-2.79,-11.10L-2.71,-11.28L-2.63,-11.45L-2.53,-11.61L-2.43,-11.76L-2.31,-11.91L-2.19,-12.05L-2.05,-12.19L-1.91,-12.31L-1.76,-12.43L-1.61,-12.53L-1.45,-12.63L-1.28,-12.71L-1.10,-12.79L-0.93,-12.85L-0.75,-12.91L-0.56,-12.95L-0.38,-12.98L-0.19,-12.99L-0.00,-13.00L0.19,-12.99L0.38,-12.98L0.56,-12.95L0.75,-12.91L0.93,-12.85L1.10,-12.79L1.28,-12.71L1.45,-12.63L1.61,-12.53L1.76,-12.43L1.91,-12.31L2.05,-12.19L2.19,-12.05L2.31,-11.91L2.43,-11.76L2.53,-11.61L2.63,-11.45L2.71,-11.28L2.79,-11.10L2.85,-10.93L2.91,-10.75L2.95,-10.56L2.98,-10.38L2.99,-10.19"]
          KCanvasItem {line} at (39.50,153) size 1x47 [stroke={[type=SOLID] [color=#000000]}] [fill={[type=SOLID] [color=#000000]}] [data="M0.00,-7.00L0.00,40.00"]
          KCanvasItem {rect} at (87.50,177.50) size 5x5 [stroke={[type=SOLID] [color=#000000]}] [fill={[type=SOLID] [color=#8080FF]}] [data="M48.00,18.00L52.00,18.00L52.00,22.00L48.00,22.00"]
          KCanvasItem {line} at (89.50,175) size 1x10 [stroke={[type=SOLID] [color=#8080FF]}] [fill={[type=SOLID] [color=#000000]}] [data="M50.00,15.00L50.00,25.00"]
          KCanvasItem {circle} at (136.50,146.50) size 7.00x7.00 [stroke={[type=SOLID] [color=#000000]}] [fill={[type=SOLID] [color=#0000FF]}] [data="M103.00,-10.00L102.99,-9.81L102.98,-9.62L102.95,-9.44L102.91,-9.25L102.85,-9.07L102.79,-8.90L102.71,-8.72L102.63,-8.55L102.53,-8.39L102.43,-8.24L102.31,-8.09L102.19,-7.95L102.05,-7.81L101.91,-7.69L101.76,-7.57L101.61,-7.47L101.45,-7.37L101.28,-7.29L101.10,-7.21L100.93,-7.15L100.75,-7.09L100.56,-7.05L100.38,-7.02L100.19,-7.01L100.00,-7.00L99.81,-7.01L99.62,-7.02L99.44,-7.05L99.25,-7.09L99.07,-7.15L98.90,-7.21L98.72,-7.29L98.55,-7.37L98.39,-7.47L98.24,-7.57L98.09,-7.69L97.95,-7.81L97.81,-7.95L97.69,-8.09L97.57,-8.24L97.47,-8.39L97.37,-8.55L97.29,-8.72L97.21,-8.90L97.15,-9.07L97.09,-9.25L97.05,-9.44L97.02,-9.62L97.01,-9.81L97.00,-10.00L97.01,-10.19L97.02,-10.38L97.05,-10.56L97.09,-10.75L97.15,-10.93L97.21,-11.10L97.29,-11.28L97.37,-11.45L97.47,-11.61L97.57,-11.76L97.69,-11.91L97.81,-12.05L97.95,-12.19L98.09,-12.31L98.24,-12.43L98.39,-12.53L98.55,-12.63L98.72,-12.71L98.90,-12.79L99.07,-12.85L99.25,-12.91L99.44,-12.95L99.62,-12.98L99.81,-12.99L100.00,-13.00L100.19,-12.99L100.38,-12.98L100.56,-12.95L100.75,-12.91L100.93,-12.85L101.10,-12.79L101.28,-12.71L101.45,-12.63L101.61,-12.53L101.76,-12.43L101.91,-12.31L102.05,-12.19L102.19,-12.05L102.31,-11.91L102.43,-11.76L102.53,-11.61L102.63,-11.45L102.71,-11.28L102.79,-11.10L102.85,-10.93L102.91,-10.75L102.95,-10.56L102.98,-10.38L102.99,-10.19"]
          KCanvasItem {line} at (139.50,153) size 1x47 [transform={m=((1.00,0.00)(0.00,1.00)) t=(100.00,0.00)}] [stroke={[type=SOLID] [color=#000000]}] [fill={[type=SOLID] [color=#000000]}] [data="M0.00,-7.00L0.00,40.00"]
          KCanvasItem {rect} at (187.50,177.50) size 5x5 [stroke={[type=SOLID] [color=#000000]}] [fill={[type=SOLID] [color=#800080]}] [data="M148.00,18.00L152.00,18.00L152.00,22.00L148.00,22.00"]
          KCanvasItem {line} at (189.50,175) size 1x10 [stroke={[type=SOLID] [color=#800080]}] [fill={[type=SOLID] [color=#000000]}] [data="M150.00,15.00L150.00,25.00"]
          KCanvasItem {circle} at (236.50,146.50) size 7.00x7.00 [stroke={[type=SOLID] [color=#000000]}] [fill={[type=SOLID] [color=#FF0000]}] [data="M203.00,-10.00L202.99,-9.81L202.98,-9.62L202.95,-9.44L202.91,-9.25L202.85,-9.07L202.79,-8.90L202.71,-8.72L202.63,-8.55L202.53,-8.39L202.43,-8.24L202.31,-8.09L202.19,-7.95L202.05,-7.81L201.91,-7.69L201.76,-7.57L201.61,-7.47L201.45,-7.37L201.28,-7.29L201.10,-7.21L200.93,-7.15L200.75,-7.09L200.56,-7.05L200.38,-7.02L200.19,-7.01L200.00,-7.00L199.81,-7.01L199.62,-7.02L199.44,-7.05L199.25,-7.09L199.07,-7.15L198.90,-7.21L198.72,-7.29L198.55,-7.37L198.39,-7.47L198.24,-7.57L198.09,-7.69L197.95,-7.81L197.81,-7.95L197.69,-8.09L197.57,-8.24L197.47,-8.39L197.37,-8.55L197.29,-8.72L197.21,-8.90L197.15,-9.07L197.09,-9.25L197.05,-9.44L197.02,-9.62L197.01,-9.81L197.00,-10.00L197.01,-10.19L197.02,-10.38L197.05,-10.56L197.09,-10.75L197.15,-10.93L197.21,-11.10L197.29,-11.28L197.37,-11.45L197.47,-11.61L197.57,-11.76L197.69,-11.91L197.81,-12.05L197.95,-12.19L198.09,-12.31L198.24,-12.43L198.39,-12.53L198.55,-12.63L198.72,-12.71L198.90,-12.79L199.07,-12.85L199.25,-12.91L199.44,-12.95L199.62,-12.98L199.81,-12.99L200.00,-13.00L200.19,-12.99L200.38,-12.98L200.56,-12.95L200.75,-12.91L200.93,-12.85L201.10,-12.79L201.28,-12.71L201.45,-12.63L201.61,-12.53L201.76,-12.43L201.91,-12.31L202.05,-12.19L202.19,-12.05L202.31,-11.91L202.43,-11.76L202.53,-11.61L202.63,-11.45L202.71,-11.28L202.79,-11.10L202.85,-10.93L202.91,-10.75L202.95,-10.56L202.98,-10.38L202.99,-10.19"]
          KCanvasItem {line} at (239.50,153) size 1x47 [transform={m=((1.00,0.00)(0.00,1.00)) t=(200.00,0.00)}] [stroke={[type=SOLID] [color=#000000]}] [fill={[type=SOLID] [color=#000000]}] [data="M0.00,-7.00L0.00,40.00"]
          KCanvasItem {rect} at (287.50,177.50) size 5x5 [stroke={[type=SOLID] [color=#000000]}] [fill={[type=SOLID] [color=#FF8000]}] [data="M248.00,18.00L252.00,18.00L252.00,22.00L248.00,22.00"]
          KCanvasItem {line} at (289.50,175) size 1x10 [stroke={[type=SOLID] [color=#FF8000]}] [fill={[type=SOLID] [color=#000000]}] [data="M250.00,15.00L250.00,25.00"]
          KCanvasItem {circle} at (336.50,146.50) size 7.00x7.00 [stroke={[type=SOLID] [color=#000000]}] [fill={[type=SOLID] [color=#FFFF00]}] [data="M303.00,-10.00L302.99,-9.81L302.98,-9.62L302.95,-9.44L302.91,-9.25L302.85,-9.07L302.79,-8.90L302.71,-8.72L302.63,-8.55L302.53,-8.39L302.43,-8.24L302.31,-8.09L302.19,-7.95L302.05,-7.81L301.91,-7.69L301.76,-7.57L301.61,-7.47L301.45,-7.37L301.28,-7.29L301.10,-7.21L300.93,-7.15L300.75,-7.09L300.56,-7.05L300.38,-7.02L300.19,-7.01L300.00,-7.00L299.81,-7.01L299.62,-7.02L299.44,-7.05L299.25,-7.09L299.07,-7.15L298.90,-7.21L298.72,-7.29L298.55,-7.37L298.39,-7.47L298.24,-7.57L298.09,-7.69L297.95,-7.81L297.81,-7.95L297.69,-8.09L297.57,-8.24L297.47,-8.39L297.37,-8.55L297.29,-8.72L297.21,-8.90L297.15,-9.07L297.09,-9.25L297.05,-9.44L297.02,-9.62L297.01,-9.81L297.00,-10.00L297.01,-10.19L297.02,-10.38L297.05,-10.56L297.09,-10.75L297.15,-10.93L297.21,-11.10L297.29,-11.28L297.37,-11.45L297.47,-11.61L297.57,-11.76L297.69,-11.91L297.81,-12.05L297.95,-12.19L298.09,-12.31L298.24,-12.43L298.39,-12.53L298.55,-12.63L298.72,-12.71L298.90,-12.79L299.07,-12.85L299.25,-12.91L299.44,-12.95L299.62,-12.98L299.81,-12.99L300.00,-13.00L300.19,-12.99L300.38,-12.98L300.56,-12.95L300.75,-12.91L300.93,-12.85L301.10,-12.79L301.28,-12.71L301.45,-12.63L301.61,-12.53L301.76,-12.43L301.91,-12.31L302.05,-12.19L302.19,-12.05L302.31,-11.91L302.43,-11.76L302.53,-11.61L302.63,-11.45L302.71,-11.28L302.79,-11.10L302.85,-10.93L302.91,-10.75L302.95,-10.56L302.98,-10.38L302.99,-10.19"]
          KCanvasItem {line} at (339.50,153) size 1x47 [transform={m=((1.00,0.00)(0.00,1.00)) t=(300.00,0.00)}] [stroke={[type=SOLID] [color=#000000]}] [fill={[type=SOLID] [color=#000000]}] [data="M0.00,-7.00L0.00,40.00"]
          RenderSVGText {text} at (0,0) size 465x19
            RenderText {#text} at (0,0) size 42x19
              text run at (0,0) width 42: "sRGB"
        KCanvasContainer {g} at (36.50,226.50) size 307.00x54.00 [transform={m=((1.00,0.00)(0.00,1.00)) t=(40.00,240.00)}]
          KCanvasItem {rect} at (39.50,239.50) size 301x41 [stroke={[type=SOLID] [color=#000000]}] [fill={[type=LINEAR-GRADIENT] [stops=[(0.00,#FFFFFF), (0.33,#0000FF), (0.66,#FF0000), (1.00,#FFFF00)]] [start=(0,0)] [end=(100,0)]}] [data="M0.00,0.00L300.00,0.00L300.00,40.00L0.00,40.00"]
          KCanvasItem {circle} at (36.50,226.50) size 7.00x7.00 [stroke={[type=SOLID] [color=#000000]}] [fill={[type=SOLID] [color=#FFFFFF]}] [data="M3.00,-10.00L2.99,-9.81L2.98,-9.62L2.95,-9.44L2.91,-9.25L2.85,-9.07L2.79,-8.90L2.71,-8.72L2.63,-8.55L2.53,-8.39L2.43,-8.24L2.31,-8.09L2.19,-7.95L2.05,-7.81L1.91,-7.69L1.76,-7.57L1.61,-7.47L1.45,-7.37L1.28,-7.29L1.10,-7.21L0.93,-7.15L0.75,-7.09L0.56,-7.05L0.38,-7.02L0.19,-7.01L0.00,-7.00L-0.19,-7.01L-0.38,-7.02L-0.56,-7.05L-0.75,-7.09L-0.93,-7.15L-1.10,-7.21L-1.28,-7.29L-1.45,-7.37L-1.61,-7.47L-1.76,-7.57L-1.91,-7.69L-2.05,-7.81L-2.19,-7.95L-2.31,-8.09L-2.43,-8.24L-2.53,-8.39L-2.63,-8.55L-2.71,-8.72L-2.79,-8.90L-2.85,-9.07L-2.91,-9.25L-2.95,-9.44L-2.98,-9.62L-2.99,-9.81L-3.00,-10.00L-2.99,-10.19L-2.98,-10.38L-2.95,-10.56L-2.91,-10.75L-2.85,-10.93L-2.79,-11.10L-2.71,-11.28L-2.63,-11.45L-2.53,-11.61L-2.43,-11.76L-2.31,-11.91L-2.19,-12.05L-2.05,-12.19L-1.91,-12.31L-1.76,-12.43L-1.61,-12.53L-1.45,-12.63L-1.28,-12.71L-1.10,-12.79L-0.93,-12.85L-0.75,-12.91L-0.56,-12.95L-0.38,-12.98L-0.19,-12.99L-0.00,-13.00L0.19,-12.99L0.38,-12.98L0.56,-12.95L0.75,-12.91L0.93,-12.85L1.10,-12.79L1.28,-12.71L1.45,-12.63L1.61,-12.53L1.76,-12.43L1.91,-12.31L2.05,-12.19L2.19,-12.05L2.31,-11.91L2.43,-11.76L2.53,-11.61L2.63,-11.45L2.71,-11.28L2.79,-11.10L2.85,-10.93L2.91,-10.75L2.95,-10.56L2.98,-10.38L2.99,-10.19"]
          KCanvasItem {line} at (39.50,233) size 1x47 [stroke={[type=SOLID] [color=#000000]}] [fill={[type=SOLID] [color=#000000]}] [data="M0.00,-7.00L0.00,40.00"]
          KCanvasItem {rect} at (87.50,257.50) size 5x5 [stroke={[type=SOLID] [color=#000000]}] [fill={[type=SOLID] [color=#8080FF]}] [data="M48.00,18.00L52.00,18.00L52.00,22.00L48.00,22.00"]
          KCanvasItem {line} at (89.50,255) size 1x10 [stroke={[type=SOLID] [color=#8080FF]}] [fill={[type=SOLID] [color=#000000]}] [data="M50.00,15.00L50.00,25.00"]
          KCanvasItem {circle} at (136.50,226.50) size 7.00x7.00 [stroke={[type=SOLID] [color=#000000]}] [fill={[type=SOLID] [color=#0000FF]}] [data="M103.00,-10.00L102.99,-9.81L102.98,-9.62L102.95,-9.44L102.91,-9.25L102.85,-9.07L102.79,-8.90L102.71,-8.72L102.63,-8.55L102.53,-8.39L102.43,-8.24L102.31,-8.09L102.19,-7.95L102.05,-7.81L101.91,-7.69L101.76,-7.57L101.61,-7.47L101.45,-7.37L101.28,-7.29L101.10,-7.21L100.93,-7.15L100.75,-7.09L100.56,-7.05L100.38,-7.02L100.19,-7.01L100.00,-7.00L99.81,-7.01L99.62,-7.02L99.44,-7.05L99.25,-7.09L99.07,-7.15L98.90,-7.21L98.72,-7.29L98.55,-7.37L98.39,-7.47L98.24,-7.57L98.09,-7.69L97.95,-7.81L97.81,-7.95L97.69,-8.09L97.57,-8.24L97.47,-8.39L97.37,-8.55L97.29,-8.72L97.21,-8.90L97.15,-9.07L97.09,-9.25L97.05,-9.44L97.02,-9.62L97.01,-9.81L97.00,-10.00L97.01,-10.19L97.02,-10.38L97.05,-10.56L97.09,-10.75L97.15,-10.93L97.21,-11.10L97.29,-11.28L97.37,-11.45L97.47,-11.61L97.57,-11.76L97.69,-11.91L97.81,-12.05L97.95,-12.19L98.09,-12.31L98.24,-12.43L98.39,-12.53L98.55,-12.63L98.72,-12.71L98.90,-12.79L99.07,-12.85L99.25,-12.91L99.44,-12.95L99.62,-12.98L99.81,-12.99L100.00,-13.00L100.19,-12.99L100.38,-12.98L100.56,-12.95L100.75,-12.91L100.93,-12.85L101.10,-12.79L101.28,-12.71L101.45,-12.63L101.61,-12.53L101.76,-12.43L101.91,-12.31L102.05,-12.19L102.19,-12.05L102.31,-11.91L102.43,-11.76L102.53,-11.61L102.63,-11.45L102.71,-11.28L102.79,-11.10L102.85,-10.93L102.91,-10.75L102.95,-10.56L102.98,-10.38L102.99,-10.19"]
          KCanvasItem {line} at (139.50,233) size 1x47 [transform={m=((1.00,0.00)(0.00,1.00)) t=(100.00,0.00)}] [stroke={[type=SOLID] [color=#000000]}] [fill={[type=SOLID] [color=#000000]}] [data="M0.00,-7.00L0.00,40.00"]
          KCanvasItem {rect} at (187.50,257.50) size 5x5 [stroke={[type=SOLID] [color=#000000]}] [fill={[type=SOLID] [color=#800080]}] [data="M148.00,18.00L152.00,18.00L152.00,22.00L148.00,22.00"]
          KCanvasItem {line} at (189.50,255) size 1x10 [stroke={[type=SOLID] [color=#800080]}] [fill={[type=SOLID] [color=#000000]}] [data="M150.00,15.00L150.00,25.00"]
          KCanvasItem {circle} at (236.50,226.50) size 7.00x7.00 [stroke={[type=SOLID] [color=#000000]}] [fill={[type=SOLID] [color=#FF0000]}] [data="M203.00,-10.00L202.99,-9.81L202.98,-9.62L202.95,-9.44L202.91,-9.25L202.85,-9.07L202.79,-8.90L202.71,-8.72L202.63,-8.55L202.53,-8.39L202.43,-8.24L202.31,-8.09L202.19,-7.95L202.05,-7.81L201.91,-7.69L201.76,-7.57L201.61,-7.47L201.45,-7.37L201.28,-7.29L201.10,-7.21L200.93,-7.15L200.75,-7.09L200.56,-7.05L200.38,-7.02L200.19,-7.01L200.00,-7.00L199.81,-7.01L199.62,-7.02L199.44,-7.05L199.25,-7.09L199.07,-7.15L198.90,-7.21L198.72,-7.29L198.55,-7.37L198.39,-7.47L198.24,-7.57L198.09,-7.69L197.95,-7.81L197.81,-7.95L197.69,-8.09L197.57,-8.24L197.47,-8.39L197.37,-8.55L197.29,-8.72L197.21,-8.90L197.15,-9.07L197.09,-9.25L197.05,-9.44L197.02,-9.62L197.01,-9.81L197.00,-10.00L197.01,-10.19L197.02,-10.38L197.05,-10.56L197.09,-10.75L197.15,-10.93L197.21,-11.10L197.29,-11.28L197.37,-11.45L197.47,-11.61L197.57,-11.76L197.69,-11.91L197.81,-12.05L197.95,-12.19L198.09,-12.31L198.24,-12.43L198.39,-12.53L198.55,-12.63L198.72,-12.71L198.90,-12.79L199.07,-12.85L199.25,-12.91L199.44,-12.95L199.62,-12.98L199.81,-12.99L200.00,-13.00L200.19,-12.99L200.38,-12.98L200.56,-12.95L200.75,-12.91L200.93,-12.85L201.10,-12.79L201.28,-12.71L201.45,-12.63L201.61,-12.53L201.76,-12.43L201.91,-12.31L202.05,-12.19L202.19,-12.05L202.31,-11.91L202.43,-11.76L202.53,-11.61L202.63,-11.45L202.71,-11.28L202.79,-11.10L202.85,-10.93L202.91,-10.75L202.95,-10.56L202.98,-10.38L202.99,-10.19"]
          KCanvasItem {line} at (239.50,233) size 1x47 [transform={m=((1.00,0.00)(0.00,1.00)) t=(200.00,0.00)}] [stroke={[type=SOLID] [color=#000000]}] [fill={[type=SOLID] [color=#000000]}] [data="M0.00,-7.00L0.00,40.00"]
          KCanvasItem {rect} at (287.50,257.50) size 5x5 [stroke={[type=SOLID] [color=#000000]}] [fill={[type=SOLID] [color=#FF8000]}] [data="M248.00,18.00L252.00,18.00L252.00,22.00L248.00,22.00"]
          KCanvasItem {line} at (289.50,255) size 1x10 [stroke={[type=SOLID] [color=#FF8000]}] [fill={[type=SOLID] [color=#000000]}] [data="M250.00,15.00L250.00,25.00"]
          KCanvasItem {circle} at (336.50,226.50) size 7.00x7.00 [stroke={[type=SOLID] [color=#000000]}] [fill={[type=SOLID] [color=#FFFF00]}] [data="M303.00,-10.00L302.99,-9.81L302.98,-9.62L302.95,-9.44L302.91,-9.25L302.85,-9.07L302.79,-8.90L302.71,-8.72L302.63,-8.55L302.53,-8.39L302.43,-8.24L302.31,-8.09L302.19,-7.95L302.05,-7.81L301.91,-7.69L301.76,-7.57L301.61,-7.47L301.45,-7.37L301.28,-7.29L301.10,-7.21L300.93,-7.15L300.75,-7.09L300.56,-7.05L300.38,-7.02L300.19,-7.01L300.00,-7.00L299.81,-7.01L299.62,-7.02L299.44,-7.05L299.25,-7.09L299.07,-7.15L298.90,-7.21L298.72,-7.29L298.55,-7.37L298.39,-7.47L298.24,-7.57L298.09,-7.69L297.95,-7.81L297.81,-7.95L297.69,-8.09L297.57,-8.24L297.47,-8.39L297.37,-8.55L297.29,-8.72L297.21,-8.90L297.15,-9.07L297.09,-9.25L297.05,-9.44L297.02,-9.62L297.01,-9.81L297.00,-10.00L297.01,-10.19L297.02,-10.38L297.05,-10.56L297.09,-10.75L297.15,-10.93L297.21,-11.10L297.29,-11.28L297.37,-11.45L297.47,-11.61L297.57,-11.76L297.69,-11.91L297.81,-12.05L297.95,-12.19L298.09,-12.31L298.24,-12.43L298.39,-12.53L298.55,-12.63L298.72,-12.71L298.90,-12.79L299.07,-12.85L299.25,-12.91L299.44,-12.95L299.62,-12.98L299.81,-12.99L300.00,-13.00L300.19,-12.99L300.38,-12.98L300.56,-12.95L300.75,-12.91L300.93,-12.85L301.10,-12.79L301.28,-12.71L301.45,-12.63L301.61,-12.53L301.76,-12.43L301.91,-12.31L302.05,-12.19L302.19,-12.05L302.31,-11.91L302.43,-11.76L302.53,-11.61L302.63,-11.45L302.71,-11.28L302.79,-11.10L302.85,-10.93L302.91,-10.75L302.95,-10.56L302.98,-10.38L302.99,-10.19"]
          KCanvasItem {line} at (339.50,233) size 1x47 [transform={m=((1.00,0.00)(0.00,1.00)) t=(300.00,0.00)}] [stroke={[type=SOLID] [color=#000000]}] [fill={[type=SOLID] [color=#000000]}] [data="M0.00,-7.00L0.00,40.00"]
          RenderSVGText {text} at (0,0) size 465x19
            RenderText {#text} at (0,0) size 79x19
              text run at (0,0) width 79: "linearRGB"
      RenderSVGText {text} at (0,0) size 465x46
        RenderText {#text} at (0,0) size 264x46
          text run at (0,0) width 264: "$Revision: 1.1 $"
      KCanvasItem {rect} at (0.50,0.50) size 479x359 [stroke={[type=SOLID] [color=#000000]}] [data="M1.00,1.00L479.00,1.00L479.00,359.00L1.00,359.00"]
