layer at (0,0) size 480x360
  RenderView at (0,0) size 480x360
    RenderSVGContainer {svg} at (0.50,0.50) size 479x359
      RenderSVGContainer {g} at (16.51,99) size 395.62x164.70
        RenderSVGContainer {g} at (16.51,99) size 395.62x164.70 [transform={m=((1.80,0.00)(0.00,1.80)) t=(0.00,0.00)}]
          RenderPath {path} at (16.51,99) size 190.18x164.70 [stroke={[type=SOLID] [color=#000000]}] [data="M62.00,56.00L113.96,146.00L10.04,146.00L62.00,56.00M62.00,71.00L100.97,138.50L23.06,138.50L62.03,71.00"]
          RenderPath {path} at (225.07,100.80) size 187.06x162 [fill={[type=SOLID] [color=#FF0000] [fill rule=EVEN-ODD]}] [data="M177.00,56.00L228.96,146.00L125.04,146.00L177.00,56.00M177.00,71.00L215.97,138.50L138.03,138.50L177.00,71.00"]
      RenderSVGText {text} at (10,340) size 480x46
        RenderSVGInlineText {#text} at (0,-36) size 264x46
          text run at (0,-36) width 264: "$Revision: 1.2 $"
      RenderPath {rect} at (0.50,0.50) size 479x359 [stroke={[type=SOLID] [color=#000000]}] [data="M1.00,1.00L479.00,1.00L479.00,359.00L1.00,359.00"]
