layer at (0,0) size 480x360
  RenderView at (0,0) size 480x360
    RenderSVGContainer {svg} at (0.50,0.50) size 479x359
      RenderSVGContainer {g} at (68.40,34.20) size 367.20x203.40
        RenderSVGContainer {g} at (68.40,34.20) size 367.20x203.40 [transform={m=((1.80,0.00)(0.00,1.80)) t=(-360.00,-270.00)}]
          RenderSVGText {text} at (288,180) size 480x14
            RenderSVGInlineText {#text} at (0,-11) size 48x14
              text run at (0,-11) width 48: "m, h, v, h"
          RenderSVGText {text} at (288,194) size 480x14
            RenderSVGInlineText {#text} at (0,-11) size 44x14
              text run at (0,-11) width 44: "v, h, v, h"
          RenderSVGText {text} at (304,208) size 480x14
            RenderSVGInlineText {#text} at (0,-11) size 18x14
              text run at (0,-11) width 18: "v, z"
          RenderPath {path} at (71.10,71.10) size 163.80x163.80 [stroke={[type=SOLID] [color=#000000]}] [data="M240.00,190.00L270.00,190.00L270.00,220.00L300.00,220.00L300.00,250.00L330.00,250.00L330.00,280.00L240.00,280.00L240.00,190.00"]
          RenderPath {rect} at (68.40,68.40) size 7.20x7.20 [fill={[type=SOLID] [color=#0000FF]}] [data="M238.00,188.00L242.00,188.00L242.00,192.00L238.00,192.00"]
          RenderPath {rect} at (122.40,68.40) size 7.20x7.20 [fill={[type=SOLID] [color=#0000FF]}] [data="M268.00,188.00L272.00,188.00L272.00,192.00L268.00,192.00"]
          RenderPath {rect} at (122.40,122.40) size 7.20x7.20 [fill={[type=SOLID] [color=#0000FF]}] [data="M268.00,218.00L272.00,218.00L272.00,222.00L268.00,222.00"]
          RenderPath {rect} at (176.40,122.40) size 7.20x7.20 [fill={[type=SOLID] [color=#0000FF]}] [data="M298.00,218.00L302.00,218.00L302.00,222.00L298.00,222.00"]
          RenderPath {rect} at (176.40,176.40) size 7.20x7.20 [fill={[type=SOLID] [color=#0000FF]}] [data="M298.00,248.00L302.00,248.00L302.00,252.00L298.00,252.00"]
          RenderPath {rect} at (230.40,176.40) size 7.20x7.20 [fill={[type=SOLID] [color=#0000FF]}] [data="M328.00,248.00L332.00,248.00L332.00,252.00L328.00,252.00"]
          RenderPath {rect} at (230.40,230.40) size 7.20x7.20 [fill={[type=SOLID] [color=#0000FF]}] [data="M328.00,278.00L332.00,278.00L332.00,282.00L328.00,282.00"]
          RenderPath {rect} at (68.40,230.40) size 7.20x7.20 [fill={[type=SOLID] [color=#0000FF]}] [data="M238.00,278.00L242.00,278.00L242.00,282.00L238.00,282.00"]
          RenderPath {path} at (270.00,72.00) size 162x162 [fill={[type=SOLID] [color=#FFFF00]}] [data="M350.00,190.00L380.00,190.00L380.00,220.00L410.00,220.00L410.00,250.00L440.00,250.00L440.00,280.00L350.00,280.00L350.00,190.00"]
          RenderPath {rect} at (266.40,68.40) size 7.20x7.20 [fill={[type=SOLID] [color=#0000FF]}] [data="M348.00,188.00L352.00,188.00L352.00,192.00L348.00,192.00"]
          RenderPath {rect} at (320.40,68.40) size 7.20x7.20 [fill={[type=SOLID] [color=#0000FF]}] [data="M378.00,188.00L382.00,188.00L382.00,192.00L378.00,192.00"]
          RenderPath {rect} at (320.40,122.40) size 7.20x7.20 [fill={[type=SOLID] [color=#0000FF]}] [data="M378.00,218.00L382.00,218.00L382.00,222.00L378.00,222.00"]
          RenderPath {rect} at (374.40,122.40) size 7.20x7.20 [fill={[type=SOLID] [color=#0000FF]}] [data="M408.00,218.00L412.00,218.00L412.00,222.00L408.00,222.00"]
          RenderPath {rect} at (374.40,176.40) size 7.20x7.20 [fill={[type=SOLID] [color=#0000FF]}] [data="M408.00,248.00L412.00,248.00L412.00,252.00L408.00,252.00"]
          RenderPath {rect} at (428.40,176.40) size 7.20x7.20 [fill={[type=SOLID] [color=#0000FF]}] [data="M438.00,248.00L442.00,248.00L442.00,252.00L438.00,252.00"]
          RenderPath {rect} at (428.40,230.40) size 7.20x7.20 [fill={[type=SOLID] [color=#0000FF]}] [data="M438.00,278.00L442.00,278.00L442.00,282.00L438.00,282.00"]
          RenderPath {rect} at (266.40,230.40) size 7.20x7.20 [fill={[type=SOLID] [color=#0000FF]}] [data="M348.00,278.00L352.00,278.00L352.00,282.00L348.00,282.00"]
      RenderSVGText {text} at (10,340) size 480x46
        RenderSVGInlineText {#text} at (0,-36) size 264x46
          text run at (0,-36) width 264: "$Revision: 1.1 $"
      RenderPath {rect} at (0.50,0.50) size 479x359 [stroke={[type=SOLID] [color=#000000]}] [data="M1.00,1.00L479.00,1.00L479.00,359.00L1.00,359.00"]
