layer at (0,0) size 480x360
  RenderView at (0,0) size 480x360
    RenderSVGContainer {svg} at (0.50,0.50) size 479x359
      RenderSVGContainer {g} at (14.47,12) size 401.26x225.60
        RenderSVGText {text} at (75,34) size 480x27
          RenderSVGInlineText {#text} at (0,-22) size 306x27
            text run at (0,-22) width 306: "Lines drawn with commands:"
        RenderSVGText {text} at (180,64) size 480x27
          RenderSVGInlineText {#text} at (0,-22) size 85x27
            text run at (0,-22) width 85: "m and z"
        RenderSVGContainer {g} at (14.47,68.40) size 401.26x169.20 [transform={m=((1.80,0.00)(0.00,1.80)) t=(0.00,-270.00)}]
          RenderPath {path} at (16.51,70.20) size 190.18x164.70 [stroke={[type=SOLID] [color=#000000]}] [data="M62.00,190.00L113.96,280.00L10.04,280.00L62.00,190.00M62.00,205.00L100.97,272.50L23.06,272.50L62.03,205.00"]
          RenderPath {rect} at (108,68.40) size 7.20x7.20 [fill={[type=SOLID] [color=#FF0000]}] [data="M60.00,188.00L64.00,188.00L64.00,192.00L60.00,192.00"]
          RenderPath {rect} at (201.53,230.40) size 7.20x7.20 [fill={[type=SOLID] [color=#FF0000]}] [data="M111.96,278.00L115.96,278.00L115.96,282.00L111.96,282.00"]
          RenderPath {rect} at (14.47,230.40) size 7.20x7.20 [fill={[type=SOLID] [color=#FF0000]}] [data="M8.04,278.00L12.04,278.00L12.04,282.00L8.04,282.00"]
          RenderPath {rect} at (108,95.40) size 7.20x7.20 [fill={[type=SOLID] [color=#FF0000]}] [data="M60.00,203.00L64.00,203.00L64.00,207.00L60.00,207.00"]
          RenderPath {rect} at (178.15,216.90) size 7.20x7.20 [fill={[type=SOLID] [color=#FF0000]}] [data="M98.97,270.50L102.97,270.50L102.97,274.50L98.97,274.50"]
          RenderPath {rect} at (37.85,216.90) size 7.20x7.20 [fill={[type=SOLID] [color=#FF0000]}] [data="M21.03,270.50L25.03,270.50L25.03,274.50L21.03,274.50"]
          RenderPath {path} at (225.07,72.00) size 187.06x162 [fill={[type=SOLID] [color=#00C000] [fill rule=EVEN-ODD]}] [data="M177.00,190.00L228.96,280.00L125.04,280.00L177.00,190.00M177.00,205.00L215.97,272.50L138.06,272.50L177.03,205.00"]
          RenderPath {rect} at (315,68.40) size 7.20x7.20 [fill={[type=SOLID] [color=#FF0000]}] [data="M175.00,188.00L179.00,188.00L179.00,192.00L175.00,192.00"]
          RenderPath {rect} at (408.53,230.40) size 7.20x7.20 [fill={[type=SOLID] [color=#FF0000]}] [data="M226.96,278.00L230.96,278.00L230.96,282.00L226.96,282.00"]
          RenderPath {rect} at (221.47,230.40) size 7.20x7.20 [fill={[type=SOLID] [color=#FF0000]}] [data="M123.04,278.00L127.04,278.00L127.04,282.00L123.04,282.00"]
          RenderPath {rect} at (315,95.40) size 7.20x7.20 [fill={[type=SOLID] [color=#FF0000]}] [data="M175.00,203.00L179.00,203.00L179.00,207.00L175.00,207.00"]
          RenderPath {rect} at (385.15,216.90) size 7.20x7.20 [fill={[type=SOLID] [color=#FF0000]}] [data="M213.97,270.50L217.97,270.50L217.97,274.50L213.97,274.50"]
          RenderPath {rect} at (244.85,216.90) size 7.20x7.20 [fill={[type=SOLID] [color=#FF0000]}] [data="M136.03,270.50L140.03,270.50L140.03,274.50L136.03,274.50"]
      RenderSVGText {text} at (10,340) size 480x46
        RenderSVGInlineText {#text} at (0,-36) size 284x46
          text run at (0,-36) width 284: "$Revision: 1.11 $"
      RenderPath {rect} at (0.50,0.50) size 479x359 [stroke={[type=SOLID] [color=#000000]}] [data="M1.00,1.00L479.00,1.00L479.00,359.00L1.00,359.00"]
