KRenderingPaintServer {id="Grad1" [type=RADIAL-GRADIENT] [stops=[(0.00,#000000), (1.00,#FF0000)]] [bounding box mode=0] [center=(75,100)] [focal=(75,100)] [radius=130.00]}
KRenderingPaintServer {id="Grad2" [type=RADIAL-GRADIENT] [stops=[(0.00,#FF0000), (1.00,#FFFF00)]] [bounding box mode=0] [center=(295,100)] [focal=(295,100)] [radius=150.00]}
KRenderingPaintServer {id="Grad3" [type=RADIAL-GRADIENT] [stops=[(0.00,#000000), (1.00,#FFFF00)]] [bounding box mode=0] [center=(225,180)] [focal=(225,180)] [radius=90.00]}
KRenderingPaintServer {id="Grad4" [type=RADIAL-GRADIENT] [stops=[(0.00,#000000), (1.00,#FF0000)]] [bounding box mode=0] [center=(225,245)] [focal=(225,245)] [radius=90.00]}
layer at (0,0) size 480x360
  RenderCanvas at (0,0) size 480x360
    KCanvasContainer {svg} at (0.50,0.50) size 479x359
      KCanvasContainer {g} at (10,10) size 430x140
        KCanvasItem {rect} at (10,10) size 210x140 [fill={[type=RADIAL-GRADIENT] [stops=[(0.00,#000000), (1.00,#FF0000)]] [bounding box mode=0] [center=(75,100)] [focal=(75,100)] [radius=130.00]}] [data="M10.00,10.00L220.00,10.00L220.00,150.00L10.00,150.00"]
        RenderSVGText {text} at (0,0) size 465x14
          RenderText {TEXT} at (0,0) size 183x14
            text run at (0,0) width 183: "Radial gradient on fill of rectangle"
        KCanvasItem {rect} at (230,10) size 210x140 [stroke={[type=RADIAL-GRADIENT] [stops=[(0.00,#FF0000), (1.00,#FFFF00)]] [bounding box mode=0] [center=(295,100)] [focal=(295,100)] [radius=150.00] [stroke width=40.00]}] [data="M250.00,30.00L420.00,30.00L420.00,130.00L250.00,130.00"]
        RenderSVGText {text} at (0,0) size 465x14
          RenderText {TEXT} at (0,0) size 204x14
            text run at (0,0) width 204: "Radial gradient on stroke of rectangle"
        RenderSVGText {text} at (0,0) size 465x58
          RenderText {TEXT} at (0,1) size 419x58
            text run at (0,1) width 419: "Gradient on text fill"
        RenderSVGText {text} at (0,0) size 465x14
          RenderText {TEXT} at (0,0) size 209x14
            text run at (0,0) width 209: "Radial gradient on text, black to yellow"
        RenderSVGText {text} at (0,0) size 465x52
          RenderText {TEXT} at (0,0) size 460x52
            text run at (0,0) width 460: "Gradient on text stroke"
        RenderSVGText {text} at (0,0) size 465x14
          RenderText {TEXT} at (0,0) size 241x14
            text run at (0,0) width 241: "Radial gradient on stroke of text, black to red"
      RenderSVGText {text} at (0,0) size 465x46
        RenderText {TEXT} at (0,0) size 264x46
          text run at (0,0) width 264: "$Revision: 1.1 $"
      KCanvasItem {rect} at (0.50,0.50) size 479x359 [stroke={[type=SOLID] [color=#000000]}] [data="M1.00,1.00L479.00,1.00L479.00,359.00L1.00,359.00"]
