KRenderingPaintServer {id="Gradient" [type=LINEAR-GRADIENT] [stops=[(0.00,#0000FF), (1.00,#FF0000)]] [bounding box mode=0] [start=(10,10)] [end=(440,10)]}
layer at (0,0) size 480x360
  RenderView at (0,0) size 480x360
    KCanvasContainer {svg} at (0.50,0.50) size 479x359
      KCanvasContainer {g} at (10,15) size 430x210 [transform={m=((1.00,0.00)(0.00,1.50)) t=(0.00,0.00)}]
        KCanvasItem {rect} at (10,15) size 430x90 [fill={[type=LINEAR-GRADIENT] [stops=[(0.00,#0000FF), (1.00,#FF0000)]] [bounding box mode=0] [start=(10,10)] [end=(440,10)]}] [data="M10.00,10.00L440.00,10.00L440.00,70.00L10.00,70.00"]
        RenderSVGText {text} at (0,0) size 480x28
          RenderText {#text} at (0,0) size 316x27
            text run at (0,0) width 316: "Linear gradient filled rectangle"
        KCanvasItem {rect} at (15,150) size 420x75 [stroke={[type=LINEAR-GRADIENT] [stops=[(0.00,#0000FF), (1.00,#FF0000)]] [bounding box mode=0] [start=(10,10)] [end=(440,10)] [stroke width=20.00]}] [data="M25.00,110.00L425.00,110.00L425.00,140.00L25.00,140.00"]
        RenderSVGText {text} at (0,0) size 480x28
          RenderText {#text} at (0,0) size 393x27
            text run at (0,0) width 393: "Linear gradient on stroke of rectangle"
      RenderSVGText {text} at (0,0) size 480x46
        RenderText {#text} at (0,0) size 264x46
          text run at (0,0) width 264: "$Revision: 1.1 $"
      KCanvasItem {rect} at (0.50,0.50) size 479x359 [stroke={[type=SOLID] [color=#000000]}] [data="M1.00,1.00L479.00,1.00L479.00,359.00L1.00,359.00"]
