KRenderingPaintServer {id="Grad1a" [type=LINEAR-GRADIENT] [stops=[(0.00,#0000FF), (1.00,#FF0000)]] [start=(0,0)] [end=(100,0)]}
KRenderingPaintServer {id="Grad1b" [type=LINEAR-GRADIENT] [stops=[(0.00,#0000FF), (1.00,#FF0000)]] [start=(0,0)] [end=(100,0)]}
layer at (0,0) size 480x360
  RenderView at (0,0) size 480x360
    KCanvasContainer {svg} at (0.50,0.50) size 479x359
      KCanvasContainer {g} at (20,20) size 440x246
        KCanvasItem {rect} at (20,20) size 440x80 [fill={[type=LINEAR-GRADIENT] [stops=[(0.00,#0000FF), (1.00,#FF0000)]] [start=(0,0)] [end=(100,0)]}] [data="M20.00,20.00L460.00,20.00L460.00,100.00L20.00,100.00"]
        RenderSVGText {text} at (20,130) size 480x33
          RenderSVGInlineText {#text} at (0,-27) size 211x33
            text run at (0,-27) width 211: "Linear gradient."
        KCanvasItem {rect} at (20,150) size 440x80 [fill={[type=LINEAR-GRADIENT] [stops=[(0.00,#0000FF), (1.00,#FF0000)]] [start=(0,0)] [end=(100,0)]}] [data="M20.00,150.00L460.00,150.00L460.00,230.00L20.00,230.00"]
        RenderSVGText {text} at (20,260) size 480x33
          RenderSVGInlineText {#text} at (0,-27) size 378x33
            text run at (0,-27) width 378: "Referencing gradient below."
      RenderSVGText {text} at (10,340) size 480x46
        RenderSVGInlineText {#text} at (0,-36) size 264x46
          text run at (0,-36) width 264: "$Revision: 1.1 $"
      KCanvasItem {rect} at (0.50,0.50) size 479x359 [stroke={[type=SOLID] [color=#000000]}] [data="M1.00,1.00L479.00,1.00L479.00,359.00L1.00,359.00"]
