KRenderingPaintServer {id="defs1" [type=LINEAR-GRADIENT] [stops=[(0.00,#0000FF), (1.00,#FF0000)]] [start=(0,0)] [end=(1,0)]}
KRenderingPaintServer {id="defs2" [type=RADIAL-GRADIENT] [stops=[(0.00,#000000), (1.00,#FF0000)]] [center=(0.50,0.50)] [focal=(0.50,0.50)] [radius=0.50]}
layer at (0,0) size 480x360
  RenderView at (0,0) size 480x360
    RenderSVGContainer {svg} at (0.50,0.50) size 479x359
      RenderSVGContainer {g} at (20,20) size 440x210
        RenderPath {rect} at (20,20) size 440x80 [fill={[type=LINEAR-GRADIENT] [stops=[(0.00,#0000FF), (1.00,#FF0000)]] [start=(0,0)] [end=(1,0)]}] [data="M20.00,20.00L460.00,20.00L460.00,100.00L20.00,100.00"]
        RenderPath {rect} at (20,150) size 440x80 [fill={[type=RADIAL-GRADIENT] [stops=[(0.00,#000000), (1.00,#FF0000)]] [center=(0.50,0.50)] [focal=(0.50,0.50)] [radius=0.50]}] [data="M20.00,150.00L460.00,150.00L460.00,230.00L20.00,230.00"]
      RenderSVGText {text} at (10,340) size 480x46
        RenderSVGInlineText {#text} at (0,-36) size 264x46
          text run at (0,-36) width 264: "$Revision: 1.3 $"
      RenderPath {rect} at (0.50,0.50) size 479x359 [stroke={[type=SOLID] [color=#000000]}] [data="M1.00,1.00L479.00,1.00L479.00,359.00L1.00,359.00"]
