KRenderingPaintServer {id="Gradient" [type=LINEAR-GRADIENT] [stops=[(0.00,#0000FF), (1.00,#FF0000)]] [bounding box mode=0] [start=(10,10)] [end=(440,10)]}
layer at (0,0) size 480x360
  RenderView at (0,0) size 480x360
    RenderSVGContainer {svg} at (0.50,0.50) size 479x359
      RenderSVGHiddenContainer {defs} at (0,0) size 0x0
      RenderSVGContainer {g} at (17,13.50) size 423x252 [transform={m=((1.00,0.00)(0.00,1.50)) t=(0.00,0.00)}]
        RenderSVGHiddenContainer {linearGradient} at (0,0) size 0x0
          RenderSVGGradientStop {stop} at (0,0) size 0x0
          RenderSVGGradientStop {stop} at (0,0) size 0x0
        RenderSVGText {text} at (20,70) size 480x78
          RenderSVGInlineText {#text} at (0,-61) size 420x78
            text run at (0,-61) width 420: "Gradient on fill"
        RenderSVGText {text} at (20,160) size 480x63 [color=#FFFFFF]
          RenderSVGInlineText {#text} at (0,-49) size 410x63
            text run at (0,-49) width 410: "Gradient on stroke"
      RenderSVGText {text} at (40,145) size 480x36
        RenderSVGInlineText {#text} at (0,-28) size 342x36
          text run at (0,-28) width 342: "Linear gradient on filled text"
      RenderSVGText {text} at (30,280) size 480x36
        RenderSVGInlineText {#text} at (0,-28) size 386x36
          text run at (0,-28) width 386: "Linear gradient on stroke of text"
      RenderSVGText {text} at (10,340) size 480x59
        RenderSVGInlineText {#text} at (0,-46) size 330x59
          text run at (0,-46) width 330: "$Revision: 1.7 $"
      RenderPath {rect} at (0.50,0.50) size 479x359 [stroke={[type=SOLID] [color=#000000]}] [data="M1.00,1.00L479.00,1.00L479.00,359.00L1.00,359.00"]
