KRenderingPaintServer {id="grad1a" [type=RADIAL-GRADIENT] [stops=[(0.00,#00000000), (0.50,#00008B), (1.00,#00000000)]] [center=(0.10,0.10)] [focal=(0,0)] [radius=0.75]}
KRenderingPaintServer {id="grad2a" [type=RADIAL-GRADIENT] [stops=[(0.00,#00000000), (0.50,#00008B), (1.00,#00000000)]] [center=(0.10,0.10)] [focal=(0.17,0)] [radius=0.75]}
KRenderingPaintServer {id="grad4a" [type=RADIAL-GRADIENT] [stops=[(0.00,#00000000), (0.50,#00008B), (1.00,#00000000)]] [center=(0.10,0.10)] [focal=(0.50,0)] [radius=0.75]}
KRenderingPaintServer {id="grad6a" [type=RADIAL-GRADIENT] [stops=[(0.00,#00000000), (0.50,#00008B), (1.00,#00000000)]] [center=(0.10,0.10)] [focal=(0.83,0)] [radius=0.75]}
KRenderingPaintServer {id="grad1b" [type=RADIAL-GRADIENT] [stops=[(0.00,#00000000), (0.50,#00008B), (1.00,#00000000)]] [center=(0.10,0.10)] [focal=(0,0.25)] [radius=0.75]}
KRenderingPaintServer {id="grad2b" [type=RADIAL-GRADIENT] [stops=[(0.00,#00000000), (0.50,#00008B), (1.00,#00000000)]] [center=(0.10,0.10)] [focal=(0.17,0.25)] [radius=0.75]}
KRenderingPaintServer {id="grad4b" [type=RADIAL-GRADIENT] [stops=[(0.00,#00000000), (0.50,#00008B), (1.00,#00000000)]] [center=(0.10,0.10)] [focal=(0.50,0.25)] [radius=0.75]}
KRenderingPaintServer {id="grad6b" [type=RADIAL-GRADIENT] [stops=[(0.00,#00000000), (0.50,#00008B), (1.00,#00000000)]] [center=(0.10,0.10)] [focal=(0.83,0.25)] [radius=0.75]}
KRenderingPaintServer {id="grad1c" [type=RADIAL-GRADIENT] [stops=[(0.00,#00000000), (0.50,#00008B), (1.00,#00000000)]] [center=(0.10,0.10)] [focal=(0,0.50)] [radius=0.75]}
KRenderingPaintServer {id="grad2c" [type=RADIAL-GRADIENT] [stops=[(0.00,#00000000), (0.50,#00008B), (1.00,#00000000)]] [center=(0.10,0.10)] [focal=(0.17,0.50)] [radius=0.75]}
KRenderingPaintServer {id="grad4c" [type=RADIAL-GRADIENT] [stops=[(0.00,#00000000), (0.50,#00008B), (1.00,#00000000)]] [center=(0.10,0.10)] [focal=(0.50,0.50)] [radius=0.75]}
KRenderingPaintServer {id="grad6c" [type=RADIAL-GRADIENT] [stops=[(0.00,#00000000), (0.50,#00008B), (1.00,#00000000)]] [center=(0.10,0.10)] [focal=(0.83,0.50)] [radius=0.75]}
KRenderingPaintServer {id="grad1d" [type=RADIAL-GRADIENT] [stops=[(0.00,#00000000), (0.50,#00008B), (1.00,#00000000)]] [center=(0.10,0.10)] [focal=(0,0.75)] [radius=0.75]}
KRenderingPaintServer {id="grad2d" [type=RADIAL-GRADIENT] [stops=[(0.00,#00000000), (0.50,#00008B), (1.00,#00000000)]] [center=(0.10,0.10)] [focal=(0.17,0.75)] [radius=0.75]}
KRenderingPaintServer {id="grad4d" [type=RADIAL-GRADIENT] [stops=[(0.00,#00000000), (0.50,#00008B), (1.00,#00000000)]] [center=(0.10,0.10)] [focal=(0.50,0.75)] [radius=0.75]}
KRenderingPaintServer {id="grad6d" [type=RADIAL-GRADIENT] [stops=[(0.00,#00000000), (0.50,#00008B), (1.00,#00000000)]] [center=(0.10,0.10)] [focal=(0.83,0.75)] [radius=0.75]}
layer at (0,0) size 480x360
  RenderView at (0,0) size 480x360
    RenderSVGContainer {svg} at (0.50,0.50) size 479x359
      RenderSVGText {text} at (240,30) size 480x23
        RenderSVGInlineText {#text} at (-109,-18) size 218x23
          text run at (-109,-18) width 218: "Radial gradient focal point"
      RenderSVGHiddenContainer {defs} at (0,0) size 0x0
        RenderSVGContainer {g} at (0,0) size 100x60
          RenderPath {rect} at (0,0) size 100x60 [fill={[type=SOLID] [color=#FFFF00]}] [data="M0.00,0.00L100.00,0.00L100.00,60.00L0.00,60.00"]
          RenderPath {rect} at (0,0) size 10x60 [fill={[type=SOLID] [color=#FFD700]}] [data="M0.00,0.00L10.00,0.00L10.00,60.00L0.00,60.00"]
          RenderPath {rect} at (15,0) size 10x60 [fill={[type=SOLID] [color=#FFA500]}] [data="M15.00,0.00L25.00,0.00L25.00,60.00L15.00,60.00"]
          RenderPath {rect} at (30,0) size 10x60 [fill={[type=SOLID] [color=#FF0000]}] [data="M30.00,0.00L40.00,0.00L40.00,60.00L30.00,60.00"]
          RenderPath {rect} at (45,0) size 10x60 [fill={[type=SOLID] [color=#FFD700]}] [data="M45.00,0.00L55.00,0.00L55.00,60.00L45.00,60.00"]
          RenderPath {rect} at (60,0) size 10x60 [fill={[type=SOLID] [color=#FF0000]}] [data="M60.00,0.00L70.00,0.00L70.00,60.00L60.00,60.00"]
          RenderPath {rect} at (75,0) size 10x60 [fill={[type=SOLID] [color=#FFA500]}] [data="M75.00,0.00L85.00,0.00L85.00,60.00L75.00,60.00"]
          RenderPath {rect} at (90,0) size 10x60 [fill={[type=SOLID] [color=#FFD700]}] [data="M90.00,0.00L100.00,0.00L100.00,60.00L90.00,60.00"]
          RenderPath {rect} at (0,0) size 100x60 [fill={[type=SOLID] [color=#000000]}] [data="M0.00,0.00L100.00,0.00L100.00,60.00L0.00,60.00"]
      RenderSVGHiddenContainer {defs} at (0,0) size 0x0
        RenderSVGHiddenContainer {radialGradient} at (0,0) size 0x0
          RenderSVGGradientStop {stop} at (0,0) size 0x0
          RenderSVGGradientStop {stop} at (0,0) size 0x0
          RenderSVGGradientStop {stop} at (0,0) size 0x0
        RenderSVGHiddenContainer {radialGradient} at (0,0) size 0x0
          RenderSVGGradientStop {stop} at (0,0) size 0x0
          RenderSVGGradientStop {stop} at (0,0) size 0x0
          RenderSVGGradientStop {stop} at (0,0) size 0x0
        RenderSVGHiddenContainer {radialGradient} at (0,0) size 0x0
          RenderSVGGradientStop {stop} at (0,0) size 0x0
          RenderSVGGradientStop {stop} at (0,0) size 0x0
          RenderSVGGradientStop {stop} at (0,0) size 0x0
        RenderSVGHiddenContainer {radialGradient} at (0,0) size 0x0
          RenderSVGGradientStop {stop} at (0,0) size 0x0
          RenderSVGGradientStop {stop} at (0,0) size 0x0
          RenderSVGGradientStop {stop} at (0,0) size 0x0
        RenderSVGHiddenContainer {radialGradient} at (0,0) size 0x0
          RenderSVGGradientStop {stop} at (0,0) size 0x0
          RenderSVGGradientStop {stop} at (0,0) size 0x0
          RenderSVGGradientStop {stop} at (0,0) size 0x0
        RenderSVGHiddenContainer {radialGradient} at (0,0) size 0x0
          RenderSVGGradientStop {stop} at (0,0) size 0x0
          RenderSVGGradientStop {stop} at (0,0) size 0x0
          RenderSVGGradientStop {stop} at (0,0) size 0x0
        RenderSVGHiddenContainer {radialGradient} at (0,0) size 0x0
          RenderSVGGradientStop {stop} at (0,0) size 0x0
          RenderSVGGradientStop {stop} at (0,0) size 0x0
          RenderSVGGradientStop {stop} at (0,0) size 0x0
        RenderSVGHiddenContainer {radialGradient} at (0,0) size 0x0
          RenderSVGGradientStop {stop} at (0,0) size 0x0
          RenderSVGGradientStop {stop} at (0,0) size 0x0
          RenderSVGGradientStop {stop} at (0,0) size 0x0
        RenderSVGHiddenContainer {radialGradient} at (0,0) size 0x0
          RenderSVGGradientStop {stop} at (0,0) size 0x0
          RenderSVGGradientStop {stop} at (0,0) size 0x0
          RenderSVGGradientStop {stop} at (0,0) size 0x0
        RenderSVGHiddenContainer {radialGradient} at (0,0) size 0x0
          RenderSVGGradientStop {stop} at (0,0) size 0x0
          RenderSVGGradientStop {stop} at (0,0) size 0x0
          RenderSVGGradientStop {stop} at (0,0) size 0x0
        RenderSVGHiddenContainer {radialGradient} at (0,0) size 0x0
          RenderSVGGradientStop {stop} at (0,0) size 0x0
          RenderSVGGradientStop {stop} at (0,0) size 0x0
          RenderSVGGradientStop {stop} at (0,0) size 0x0
        RenderSVGHiddenContainer {radialGradient} at (0,0) size 0x0
          RenderSVGGradientStop {stop} at (0,0) size 0x0
          RenderSVGGradientStop {stop} at (0,0) size 0x0
          RenderSVGGradientStop {stop} at (0,0) size 0x0
        RenderSVGHiddenContainer {radialGradient} at (0,0) size 0x0
          RenderSVGGradientStop {stop} at (0,0) size 0x0
          RenderSVGGradientStop {stop} at (0,0) size 0x0
          RenderSVGGradientStop {stop} at (0,0) size 0x0
        RenderSVGHiddenContainer {radialGradient} at (0,0) size 0x0
          RenderSVGGradientStop {stop} at (0,0) size 0x0
          RenderSVGGradientStop {stop} at (0,0) size 0x0
          RenderSVGGradientStop {stop} at (0,0) size 0x0
        RenderSVGHiddenContainer {radialGradient} at (0,0) size 0x0
          RenderSVGGradientStop {stop} at (0,0) size 0x0
          RenderSVGGradientStop {stop} at (0,0) size 0x0
          RenderSVGGradientStop {stop} at (0,0) size 0x0
        RenderSVGHiddenContainer {radialGradient} at (0,0) size 0x0
          RenderSVGGradientStop {stop} at (0,0) size 0x0
          RenderSVGGradientStop {stop} at (0,0) size 0x0
          RenderSVGGradientStop {stop} at (0,0) size 0x0
      RenderSVGContainer {g} at (0,0) size 0x0
      RenderSVGText {text} at (10,340) size 480x36
        RenderSVGInlineText {#text} at (0,-28) size 198x36
          text run at (0,-28) width 198: "$Revision: 1.7 $"
      RenderPath {rect} at (0.50,0.50) size 479x359 [stroke={[type=SOLID] [color=#000000]}] [data="M1.00,1.00L479.00,1.00L479.00,359.00L1.00,359.00"]
