KRenderingPaintServer {id="Grad2a" [type=RADIAL-GRADIENT] [stops=[(0.00,#000000), (1.00,#FFA500)]] [center=(50,50)] [focal=(50,50)] [radius=50.00]}
KRenderingPaintServer {id="Grad2b" [type=RADIAL-GRADIENT] [stops=[(0.00,#000000), (1.00,#FFA500)]] [bounding box mode=0] [center=(240,190)] [focal=(240,190)] [radius=40.00]}
layer at (0,0) size 480x360
  RenderCanvas at (0,0) size 480x360
    KCanvasContainer {svg} at (0.50,0.50) size 479x359
      KCanvasContainer {g} at (20,20) size 440x210
        KCanvasItem {rect} at (20,20) size 440x80 [fill={[type=RADIAL-GRADIENT] [stops=[(0.00,#000000), (1.00,#FFA500)]] [center=(50,50)] [focal=(50,50)] [radius=50.00]}] [data="M20.00,20.00L460.00,20.00L460.00,100.00L20.00,100.00"]
        RenderSVGText {text} at (0,0) size 465x34
          RenderText {#text} at (0,0) size 213x33
            text run at (0,0) width 213: "Radial gradient."
        KCanvasItem {rect} at (20,150) size 440x80 [fill={[type=RADIAL-GRADIENT] [stops=[(0.00,#000000), (1.00,#FFA500)]] [bounding box mode=0] [center=(240,190)] [focal=(240,190)] [radius=40.00]}] [data="M20.00,150.00L460.00,150.00L460.00,230.00L20.00,230.00"]
        RenderSVGText {text} at (0,0) size 465x34
          RenderText {#text} at (0,0) size 378x33
            text run at (0,0) width 378: "Referencing gradient below."
      RenderSVGText {text} at (0,0) size 465x46
        RenderText {#text} at (0,0) size 264x46
          text run at (0,0) width 264: "$Revision: 1.1 $"
      KCanvasItem {rect} at (0.50,0.50) size 479x359 [stroke={[type=SOLID] [color=#000000]}] [data="M1.00,1.00L479.00,1.00L479.00,359.00L1.00,359.00"]
