KRenderingPaintServer {id="Grad1" [type=LINEAR-GRADIENT] [stops=[]] [start=(0,0)] [end=(100,100)]}
KRenderingPaintServer {id="Grad2" [type=RADIAL-GRADIENT] [stops=[]] [bounding box mode=0] [center=(240,210)] [focal=(240,210)] [radius=220.00]}
layer at (0,0) size 480x360
  RenderCanvas at (0,0) size 480x360
    KCanvasContainer {svg} at (0.50,0.50) size 479x359
      KCanvasContainer {g} at (20,20) size 440x210
        RenderSVGText {text} at (0,0) size 465x69
          RenderText {TEXT} at (0,1) size 318x69
            text run at (0,1) width 318: "Background"
        KCanvasItem {rect} at (20,20) size 440x80 [fill={[type=LINEAR-GRADIENT] [stops=[]] [start=(0,0)] [end=(100,100)]}] [data="M20.00,20.00L460.00,20.00L460.00,100.00L20.00,100.00"]
        RenderSVGText {text} at (0,0) size 465x69
          RenderText {TEXT} at (0,1) size 318x69
            text run at (0,1) width 318: "Background"
        KCanvasItem {rect} at (20,150) size 440x80 [fill={[type=RADIAL-GRADIENT] [stops=[]] [bounding box mode=0] [center=(240,210)] [focal=(240,210)] [radius=220.00]}] [data="M20.00,150.00L460.00,150.00L460.00,230.00L20.00,230.00"]
      RenderSVGText {text} at (0,0) size 465x46
        RenderText {TEXT} at (0,0) size 314x46
          text run at (0,0) width 314: "$Revision$"
      KCanvasItem {rect} at (0.50,0.50) size 479x359 [stroke={[type=SOLID] [color=#000000]}] [data="M1.00,1.00L479.00,1.00L479.00,359.00L1.00,359.00"]
