KRenderingPaintServer {id="defs1" [type=LINEAR-GRADIENT] [stops=[]] [start=(0,0)] [end=(0,0)]}
KRenderingPaintServer {id="defs2" [type=LINEAR-GRADIENT] [stops=[(1.00,#000000)]] [start=(0,0)] [end=(1,0)]}
KRenderingPaintServer {id="defs3" [type=LINEAR-GRADIENT] [stops=[(0.00,#FFFF00), (0.25,#FF0000), (0.50,#008000), (0.10,#0000FF)]] [start=(0,0)] [end=(1,0)]}
layer at (0,0) size 480x360
  RenderView at (0,0) size 480x360
    RenderSVGContainer {svg} at (0.50,0.50) size 479x359
      RenderSVGContainer {g} at (19.50,9.50) size 441x280.50
        RenderPath {rect} at (19.50,9.50) size 441x81 [stroke={[type=SOLID] [color=#FF0000]}] [fill={[type=LINEAR-GRADIENT] [stops=[]] [start=(0,0)] [end=(0,0)]}] [data="M20.00,10.00L460.00,10.00L460.00,90.00L20.00,90.00"]
        RenderPath {rect} at (20,110) size 440x80 [fill={[type=LINEAR-GRADIENT] [stops=[(1.00,#000000)]] [start=(0,0)] [end=(1,0)]}] [data="M20.00,110.00L460.00,110.00L460.00,190.00L20.00,190.00"]
        RenderPath {rect} at (20,210) size 440x80 [fill={[type=LINEAR-GRADIENT] [stops=[(0.00,#FFFF00), (0.25,#FF0000), (0.50,#008000), (0.10,#0000FF)]] [start=(0,0)] [end=(1,0)]}] [data="M20.00,210.00L460.00,210.00L460.00,290.00L20.00,290.00"]
      RenderSVGText {text} at (10,340) size 480x46
        RenderSVGInlineText {#text} at (0,-36) size 264x46
          text run at (0,-36) width 264: "$Revision: 1.3 $"
      RenderPath {rect} at (0.50,0.50) size 479x359 [stroke={[type=SOLID] [color=#000000]}] [data="M1.00,1.00L479.00,1.00L479.00,359.00L1.00,359.00"]
