layer at (0,0) size 480x360
  RenderView at (0,0) size 480x360
    RenderSVGContainer {svg} at (0.50,0.50) size 479x359
      RenderSVGContainer {g} at (26,25) size 388x239
        RenderSVGContainer {g} at (26,25) size 388x239 [transform={m=((1.00,0.00)(0.00,1.00)) t=(30.00,80.00)}]
          RenderSVGContainer {g} at (26,76) size 188x188
            RenderPath {path} at (26,76) size 188x188 [stroke={[type=SOLID] [color=#FF0000] [stroke width=8.00]}] [fill={[type=SOLID] [color=#FFFF00]}] [data="M60.00,0.00L120.00,0.00L180.00,60.00L180.00,120.00L120.00,180.00L60.00,180.00L0.00,120.00L0.00,60.00"]
          RenderSVGContainer {g} at (226,76) size 188x188 [transform={m=((1.00,0.00)(0.00,1.00)) t=(200.00,0.00)}]
            RenderPath {path} at (226,76) size 188x188 [stroke={[type=SOLID] [color=#000000] [stroke width=8.00]}] [fill={[type=SOLID] [color=#0000FF]}] [data="M60.00,0.00L120.00,0.00L180.00,60.00L180.00,120.00L120.00,180.00L60.00,180.00L0.00,120.00L0.00,60.00"]
          RenderSVGText {text} at (70,-30) size 480x32
            RenderSVGInlineText {#text} at (0,-25) size 230x32
              text run at (0,-25) width 230: "Shape fill and stroke"
      RenderSVGText {text} at (10,340) size 480x46
        RenderSVGInlineText {#text} at (0,-36) size 264x46
          text run at (0,-36) width 264: "$Revision: 1.1 $"
      RenderPath {rect} at (0.50,0.50) size 479x359 [stroke={[type=SOLID] [color=#000000]}] [data="M1.00,1.00L479.00,1.00L479.00,359.00L1.00,359.00"]
