layer at (0,0) size 480x360
  RenderView at (0,0) size 480x360
    KCanvasContainer {svg} at (0.50,0.50) size 479x359
      KCanvasContainer {g} at (0.50,0.50) size 479x359
        RenderSVGText {text} at (0,0) size 465x36
          RenderText {#text} at (0,0) size 135x36
            text run at (0,0) width 135: "Text stroke"
        KCanvasContainer {g} at (0,0) size 0x0
          RenderSVGText {text} at (0,0) size 465x345
            RenderText {#text} at (0,0) size 217x345
              text run at (0,0) width 217: "A"
          RenderSVGText {text} at (0,0) size 465x345
            RenderText {#text} at (0,0) size 200x345
              text run at (0,0) width 200: "B"
        RenderSVGText {text} at (0,0) size 465x46
          RenderText {#text} at (0,0) size 264x46
            text run at (0,0) width 264: "$Revision: 1.1 $"
        KCanvasItem {rect} at (0.50,0.50) size 479x359 [stroke={[type=SOLID] [color=#000000]}] [data="M1.00,1.00L479.00,1.00L479.00,359.00L1.00,359.00"]
