layer at (0,0) size 480x360
  RenderView at (0,0) size 480x360
    RenderSVGContainer {svg} at (0.50,-32.40) size 487.30x391.90
      RenderSVGContainer {g} at (35.10,-32.40) size 452.70x347.40
        RenderSVGContainer {defs} at (0,0) size 0x0
        RenderSVGContainer {g} at (35.10,-32.40) size 452.70x347.40 [transform={m=((1.80,0.00)(0.00,1.80)) t=(0.00,0.00)}]
          RenderPath {rect} at (36,18) size 414x279 [fill={[type=SOLID] [color=#C0C0C0]}] [data="M20.00,10.00L250.00,10.00L250.00,165.00L20.00,165.00"]
          RenderPath {line} at (58.50,18) size 27x297 [stroke={[type=SOLID] [color=#FFFFFF] [stroke width=15.00]}] [fill={[type=SOLID] [color=#000000]}] [data="M40.00,10.00L40.00,175.00"]
          RenderPath {line} at (112.50,18) size 27x297 [stroke={[type=SOLID] [color=#FFFFFF] [stroke width=15.00]}] [fill={[type=SOLID] [color=#000000]}] [data="M70.00,10.00L70.00,175.00"]
          RenderPath {line} at (166.50,18) size 27x297 [stroke={[type=SOLID] [color=#FFFFFF] [stroke width=15.00]}] [fill={[type=SOLID] [color=#000000]}] [data="M100.00,10.00L100.00,175.00"]
          RenderPath {line} at (220.50,18) size 27x297 [stroke={[type=SOLID] [color=#FFFFFF] [stroke width=15.00]}] [fill={[type=SOLID] [color=#000000]}] [data="M130.00,10.00L130.00,175.00"]
          RenderPath {line} at (274.50,18) size 27x297 [stroke={[type=SOLID] [color=#FFFFFF] [stroke width=15.00]}] [fill={[type=SOLID] [color=#000000]}] [data="M160.00,10.00L160.00,175.00"]
          RenderPath {line} at (328.50,18) size 27x297 [stroke={[type=SOLID] [color=#FFFFFF] [stroke width=15.00]}] [fill={[type=SOLID] [color=#000000]}] [data="M190.00,10.00L190.00,175.00"]
          RenderPath {line} at (382.50,18) size 27x297 [stroke={[type=SOLID] [color=#FFFFFF] [stroke width=15.00]}] [fill={[type=SOLID] [color=#000000]}] [data="M220.00,10.00L220.00,175.00"]
          RenderPath {line} at (436.50,18) size 27x297 [stroke={[type=SOLID] [color=#FFFFFF] [stroke width=15.00]}] [fill={[type=SOLID] [color=#000000]}] [data="M250.00,10.00L250.00,175.00"]
          RenderPath {rect} at (35.10,17.10) size 415.80x280.80 [stroke={[type=SOLID] [color=#000000]}] [data="M20.00,10.00L250.00,10.00L250.00,165.00L20.00,165.00"]
          RenderSVGText {text} at (30,90) size 480x138
            RenderSVGInlineText {#text} at (0,-108) size 241x138
              text run at (0,-108) width 241: "SVG"
          RenderPath {rect} at (126,99) size 234x126 [fill={[type=SOLID] [color=#820032]}] [data="M70.00,55.00L200.00,55.00L200.00,125.00L70.00,125.00"]
          RenderImage {image} at (0,0) size 80x80
      RenderSVGText {text} at (10,340) size 480x46
        RenderSVGInlineText {#text} at (0,-36) size 264x46
          text run at (0,-36) width 264: "$Revision: 1.6 $"
      RenderPath {rect} at (0.50,0.50) size 479x359 [stroke={[type=SOLID] [color=#000000]}] [data="M1.00,1.00L479.00,1.00L479.00,359.00L1.00,359.00"]
