layer at (0,0) size 480x360
  RenderCanvas at (0,0) size 480x360
    KCanvasContainer {svg} at (0.50,0.50) size 479x359
      KCanvasContainer {g} at (0,0) size 0x0
        RenderSVGText {text} at (0,0) size 465x36
          RenderText {#text} at (0,0) size 96x36
            text run at (0,0) width 96: "Text fill"
        KCanvasContainer {g} at (0,0) size 0x0
          RenderSVGText {text} at (0,0) size 465x345
            RenderText {#text} at (0,0) size 200x345
              text run at (0,0) width 200: "A"
          RenderSVGText {text} at (0,0) size 465x345
            RenderText {#text} at (0,0) size 200x345
              text run at (0,0) width 200: "A"
      RenderSVGText {text} at (0,0) size 465x46
        RenderText {#text} at (0,0) size 264x46
          text run at (0,0) width 264: "$Revision: 1.1 $"
      KCanvasItem {rect} at (0.50,0.50) size 479x359 [stroke={[type=SOLID] [color=#000000]}] [data="M1.00,1.00L479.00,1.00L479.00,359.00L1.00,359.00"]
