layer at (0,0) size 480x360
  RenderCanvas at (0,0) size 480x360
    KCanvasContainer {svg} at (0.50,0.50) size 479x359
      KCanvasContainer {g} at (29.50,109.50) size 61.00x162.50
        RenderSVGText {text} at (0,0) size 465x28
          RenderText {TEXT} at (0,0) size 258x28
            text run at (0,0) width 258: "Mouse event handlers test."
        KCanvasContainer {g} at (29.50,109.50) size 61.00x61.00 [transform={m=((1.00,0.00)(0.00,1.00)) t=(60.00,140.00)}]
          RenderSVGText {text} at (0,0) size 465x37
            RenderText {TEXT} at (0,0) size 84x37
              text run at (0,0) width 84: "Target"
          RenderSVGText {text} at (0,0) size 465x28
            RenderText {TEXT} at (0,0) size 299x28
              text run at (0,0) width 299: "Use the target to trigger events"
          KCanvasContainer {g} at (29.50,109.50) size 61.00x61.00
            KCanvasItem {circle} at (29.50,109.50) size 61.00x61.00 [stroke={[type=SOLID] [color=#000000]}] [fill={[type=SOLID] [color=#CCCCCC]}] [data="M30.00,0.00L29.94,1.88L29.76,3.76L29.47,5.62L29.06,7.46L28.53,9.27L27.89,11.04L27.14,12.77L26.29,14.45L25.33,16.07L24.27,17.63L23.12,19.12L21.87,20.54L20.54,21.87L19.12,23.12L17.63,24.27L16.07,25.33L14.45,26.29L12.77,27.14L11.04,27.89L9.27,28.53L7.46,29.06L5.62,29.47L3.76,29.76L1.88,29.94L0.00,30.00L-1.88,29.94L-3.76,29.76L-5.62,29.47L-7.46,29.06L-9.27,28.53L-11.04,27.89L-12.77,27.14L-14.45,26.29L-16.07,25.33L-17.63,24.27L-19.12,23.12L-20.54,21.87L-21.87,20.54L-23.12,19.12L-24.27,17.63L-25.33,16.07L-26.29,14.45L-27.14,12.77L-27.89,11.04L-28.53,9.27L-29.06,7.46L-29.47,5.62L-29.76,3.76L-29.94,1.88L-30.00,0.00L-29.94,-1.88L-29.76,-3.76L-29.47,-5.62L-29.06,-7.46L-28.53,-9.27L-27.89,-11.04L-27.14,-12.77L-26.29,-14.45L-25.33,-16.07L-24.27,-17.63L-23.12,-19.12L-21.87,-20.54L-20.54,-21.87L-19.12,-23.12L-17.63,-24.27L-16.07,-25.33L-14.45,-26.29L-12.77,-27.14L-11.04,-27.89L-9.27,-28.53L-7.46,-29.06L-5.62,-29.47L-3.76,-29.76L-1.88,-29.94L-0.00,-30.00L1.88,-29.94L3.76,-29.76L5.62,-29.47L7.46,-29.06L9.27,-28.53L11.04,-27.89L12.77,-27.14L14.45,-26.29L16.07,-25.33L17.63,-24.27L19.12,-23.12L20.54,-21.87L21.87,-20.54L23.12,-19.12L24.27,-17.63L25.33,-16.07L26.29,-14.45L27.14,-12.77L27.89,-11.04L28.53,-9.27L29.06,-7.46L29.47,-5.62L29.76,-3.76L29.94,-1.88"]
            KCanvasItem {line} at (30,140) size 60x0 [fill={[type=SOLID] [color=#000000]}] [data="M-30.00,0.00L30.00,0.00"]
            KCanvasItem {line} at (60,110) size 0x60 [fill={[type=SOLID] [color=#000000]}] [data="M0.00,-30.00L0.00,30.00"]
        KCanvasContainer {g} at (50,192) size 20x80
          KCanvasContainer {g} at (50,192) size 20x80 [transform={m=((1.00,0.00)(0.00,1.00)) t=(65.00,190.00)}]
            KCanvasContainer {g} at (65,190) size 0x0
              RenderSVGText {text} at (0,0) size 465x37
                RenderText {TEXT} at (0,0) size 172x37
                  text run at (0,0) width 172: "onmouseover"
              RenderSVGText {text} at (0,0) size 465x37
                RenderText {TEXT} at (0,0) size 186x37
                  text run at (0,0) width 186: "onmousemove"
              RenderSVGText {text} at (0,0) size 465x37
                RenderText {TEXT} at (0,0) size 156x37
                  text run at (0,0) width 156: "onmouseout"
            KCanvasContainer {g} at (50,192) size 20x80
              KCanvasItem {rect} at (50,192) size 20x20 [fill={[type=SOLID] [color=#008000]}] [data="M-15.00,2.00L5.00,2.00L5.00,22.00L-15.00,22.00"]
              KCanvasItem {rect} at (50,192) size 20x20 [fill={[type=SOLID] [color=#FF0000]}] [data="M-15.00,2.00L5.00,2.00L5.00,22.00L-15.00,22.00"]
              KCanvasItem {rect} at (50,222) size 20x20 [fill={[type=SOLID] [color=#008000]}] [data="M-15.00,32.00L5.00,32.00L5.00,52.00L-15.00,52.00"]
              KCanvasItem {rect} at (50,222) size 20x20 [fill={[type=SOLID] [color=#FF0000]}] [data="M-15.00,32.00L5.00,32.00L5.00,52.00L-15.00,52.00"]
              KCanvasItem {rect} at (50,252) size 20x20 [fill={[type=SOLID] [color=#008000]}] [data="M-15.00,62.00L5.00,62.00L5.00,82.00L-15.00,82.00"]
              KCanvasItem {rect} at (50,252) size 20x20 [fill={[type=SOLID] [color=#FF0000]}] [data="M-15.00,62.00L5.00,62.00L5.00,82.00L-15.00,82.00"]
      RenderSVGText {text} at (0,0) size 465x46
        RenderText {TEXT} at (0,0) size 314x46
          text run at (0,0) width 314: "$Revision$"
      KCanvasItem {rect} at (0.50,0.50) size 479x359 [stroke={[type=SOLID] [color=#000000]}] [data="M1.00,1.00L479.00,1.00L479.00,359.00L1.00,359.00"]
