layer at (0,0) size 480x360
  RenderView at (0,0) size 480x360
    RenderSVGContainer {svg} at (-50.50,-50.50) size 530.00x410.00
      RenderSVGContainer {g} at (-50.50,-50.50) size 201.00x201.00
        RenderPath {circle} at (-50.50,-50.50) size 101.00x101.00 [stroke={[type=SOLID] [color=#000000]}] [fill={[type=SOLID] [color=#FF0000]}] [data="M50.00,0.00L49.90,3.14L49.61,6.27L49.11,9.37L48.43,12.43L47.55,15.45L46.49,18.41L45.24,21.29L43.82,24.09L42.22,26.79L40.45,29.39L38.53,31.87L36.45,34.23L34.23,36.45L31.87,38.53L29.39,40.45L26.79,42.22L24.09,43.82L21.29,45.24L18.41,46.49L15.45,47.55L12.43,48.43L9.37,49.11L6.27,49.61L3.14,49.90L0.00,50.00L-3.14,49.90L-6.27,49.61L-9.37,49.11L-12.43,48.43L-15.45,47.55L-18.41,46.49L-21.29,45.24L-24.09,43.82L-26.79,42.22L-29.39,40.45L-31.87,38.53L-34.23,36.45L-36.45,34.23L-38.53,31.87L-40.45,29.39L-42.22,26.79L-43.82,24.09L-45.24,21.29L-46.49,18.41L-47.55,15.45L-48.43,12.43L-49.11,9.37L-49.61,6.27L-49.90,3.14L-50.00,0.00L-49.90,-3.14L-49.61,-6.27L-49.11,-9.37L-48.43,-12.43L-47.55,-15.45L-46.49,-18.41L-45.24,-21.29L-43.82,-24.09L-42.22,-26.79L-40.45,-29.39L-38.53,-31.87L-36.45,-34.23L-34.23,-36.45L-31.87,-38.53L-29.39,-40.45L-26.79,-42.22L-24.09,-43.82L-21.29,-45.24L-18.41,-46.49L-15.45,-47.55L-12.43,-48.43L-9.37,-49.11L-6.27,-49.61L-3.14,-49.90L-0.00,-50.00L3.14,-49.90L6.27,-49.61L9.37,-49.11L12.43,-48.43L15.45,-47.55L18.41,-46.49L21.29,-45.24L24.09,-43.82L26.79,-42.22L29.39,-40.45L31.87,-38.53L34.23,-36.45L36.45,-34.23L38.53,-31.87L40.45,-29.39L42.22,-26.79L43.82,-24.09L45.24,-21.29L46.49,-18.41L47.55,-15.45L48.43,-12.43L49.11,-9.37L49.61,-6.27L49.90,-3.14"]
        RenderPath {circle} at (-50.50,49.50) size 101.00x101.00 [stroke={[type=SOLID] [color=#000000]}] [fill={[type=SOLID] [color=#FF0000]}] [data="M50.00,100.00L49.90,103.14L49.61,106.27L49.11,109.37L48.43,112.43L47.55,115.45L46.49,118.41L45.24,121.29L43.82,124.09L42.22,126.79L40.45,129.39L38.53,131.87L36.45,134.23L34.23,136.45L31.87,138.53L29.39,140.45L26.79,142.22L24.09,143.82L21.29,145.24L18.41,146.49L15.45,147.55L12.43,148.43L9.37,149.11L6.27,149.61L3.14,149.90L0.00,150.00L-3.14,149.90L-6.27,149.61L-9.37,149.11L-12.43,148.43L-15.45,147.55L-18.41,146.49L-21.29,145.24L-24.09,143.82L-26.79,142.22L-29.39,140.45L-31.87,138.53L-34.23,136.45L-36.45,134.23L-38.53,131.87L-40.45,129.39L-42.22,126.79L-43.82,124.09L-45.24,121.29L-46.49,118.41L-47.55,115.45L-48.43,112.43L-49.11,109.37L-49.61,106.27L-49.90,103.14L-50.00,100.00L-49.90,96.86L-49.61,93.73L-49.11,90.63L-48.43,87.57L-47.55,84.55L-46.49,81.59L-45.24,78.71L-43.82,75.91L-42.22,73.21L-40.45,70.61L-38.53,68.13L-36.45,65.77L-34.23,63.55L-31.87,61.47L-29.39,59.55L-26.79,57.78L-24.09,56.18L-21.29,54.76L-18.41,53.51L-15.45,52.45L-12.43,51.57L-9.37,50.89L-6.27,50.39L-3.14,50.10L-0.00,50.00L3.14,50.10L6.27,50.39L9.37,50.89L12.43,51.57L15.45,52.45L18.41,53.51L21.29,54.76L24.09,56.18L26.79,57.78L29.39,59.55L31.87,61.47L34.23,63.55L36.45,65.77L38.53,68.13L40.45,70.61L42.22,73.21L43.82,75.91L45.24,78.71L46.49,81.59L47.55,84.55L48.43,87.57L49.11,90.63L49.61,93.73L49.90,96.86"]
        RenderPath {circle} at (49.50,-50.50) size 101.00x101.00 [stroke={[type=SOLID] [color=#000000]}] [fill={[type=SOLID] [color=#FF0000]}] [data="M150.00,0.00L149.90,3.14L149.61,6.27L149.11,9.37L148.43,12.43L147.55,15.45L146.49,18.41L145.24,21.29L143.82,24.09L142.22,26.79L140.45,29.39L138.53,31.87L136.45,34.23L134.23,36.45L131.87,38.53L129.39,40.45L126.79,42.22L124.09,43.82L121.29,45.24L118.41,46.49L115.45,47.55L112.43,48.43L109.37,49.11L106.27,49.61L103.14,49.90L100.00,50.00L96.86,49.90L93.73,49.61L90.63,49.11L87.57,48.43L84.55,47.55L81.59,46.49L78.71,45.24L75.91,43.82L73.21,42.22L70.61,40.45L68.13,38.53L65.77,36.45L63.55,34.23L61.47,31.87L59.55,29.39L57.78,26.79L56.18,24.09L54.76,21.29L53.51,18.41L52.45,15.45L51.57,12.43L50.89,9.37L50.39,6.27L50.10,3.14L50.00,0.00L50.10,-3.14L50.39,-6.27L50.89,-9.37L51.57,-12.43L52.45,-15.45L53.51,-18.41L54.76,-21.29L56.18,-24.09L57.78,-26.79L59.55,-29.39L61.47,-31.87L63.55,-34.23L65.77,-36.45L68.13,-38.53L70.61,-40.45L73.21,-42.22L75.91,-43.82L78.71,-45.24L81.59,-46.49L84.55,-47.55L87.57,-48.43L90.63,-49.11L93.73,-49.61L96.86,-49.90L100.00,-50.00L103.14,-49.90L106.27,-49.61L109.37,-49.11L112.43,-48.43L115.45,-47.55L118.41,-46.49L121.29,-45.24L124.09,-43.82L126.79,-42.22L129.39,-40.45L131.87,-38.53L134.23,-36.45L136.45,-34.23L138.53,-31.87L140.45,-29.39L142.22,-26.79L143.82,-24.09L145.24,-21.29L146.49,-18.41L147.55,-15.45L148.43,-12.43L149.11,-9.37L149.61,-6.27L149.90,-3.14"]
        RenderPath {circle} at (49.50,49.50) size 101.00x101.00 [stroke={[type=SOLID] [color=#000000]}] [fill={[type=SOLID] [color=#FF0000]}] [data="M150.00,100.00L149.90,103.14L149.61,106.27L149.11,109.37L148.43,112.43L147.55,115.45L146.49,118.41L145.24,121.29L143.82,124.09L142.22,126.79L140.45,129.39L138.53,131.87L136.45,134.23L134.23,136.45L131.87,138.53L129.39,140.45L126.79,142.22L124.09,143.82L121.29,145.24L118.41,146.49L115.45,147.55L112.43,148.43L109.37,149.11L106.27,149.61L103.14,149.90L100.00,150.00L96.86,149.90L93.73,149.61L90.63,149.11L87.57,148.43L84.55,147.55L81.59,146.49L78.71,145.24L75.91,143.82L73.21,142.22L70.61,140.45L68.13,138.53L65.77,136.45L63.55,134.23L61.47,131.87L59.55,129.39L57.78,126.79L56.18,124.09L54.76,121.29L53.51,118.41L52.45,115.45L51.57,112.43L50.89,109.37L50.39,106.27L50.10,103.14L50.00,100.00L50.10,96.86L50.39,93.73L50.89,90.63L51.57,87.57L52.45,84.55L53.51,81.59L54.76,78.71L56.18,75.91L57.78,73.21L59.55,70.61L61.47,68.13L63.55,65.77L65.77,63.55L68.13,61.47L70.61,59.55L73.21,57.78L75.91,56.18L78.71,54.76L81.59,53.51L84.55,52.45L87.57,51.57L90.63,50.89L93.73,50.39L96.86,50.10L100.00,50.00L103.14,50.10L106.27,50.39L109.37,50.89L112.43,51.57L115.45,52.45L118.41,53.51L121.29,54.76L124.09,56.18L126.79,57.78L129.39,59.55L131.87,61.47L134.23,63.55L136.45,65.77L138.53,68.13L140.45,70.61L142.22,73.21L143.82,75.91L145.24,78.71L146.49,81.59L147.55,84.55L148.43,87.57L149.11,90.63L149.61,93.73L149.90,96.86"]
      RenderSVGText {text} at (10,340) size 480x46
        RenderSVGInlineText {#text} at (0,-36) size 264x46
          text run at (0,-36) width 264: "$Revision: 1.3 $"
      RenderPath {rect} at (0.50,0.50) size 479x359 [stroke={[type=SOLID] [color=#000000]}] [data="M1.00,1.00L479.00,1.00L479.00,359.00L1.00,359.00"]
