CONSOLE MESSAGE: line 50: Error: Problem parsing points="59,45,95,63,108,105,82,139,39,140,11,107,19,65"
CONSOLE MESSAGE: line 52: Error: Problem parsing points="179,45,218,63,228,105,202,139,159,140,131,107,139,65,179,45"
CONSOLE MESSAGE: line 57: Error: Problem parsing points="350,45 375,80 410,95 375,110 350,145 325,120 290,95 325,70,350,45"
CONSOLE MESSAGE: line 62: Error: Problem parsing points="59,185,98,203,108,245,82,279,39,280,11,247,19,205,59,185"
CONSOLE MESSAGE: line 64: Error: Problem parsing points="179,185,218,203,228,245,202,279,159,280,131,247,139,205"
CONSOLE MESSAGE: line 68: Error: Problem parsing points="270,225 300,245 320,225 340,245 280,280                   390,280 420,240 280,185"
layer at (0,0) size 480x360
  RenderView at (0,0) size 480x360
    RenderSVGContainer {svg} at (0.50,0.50) size 479x359
      RenderSVGContainer {g} at (6.71,40.37) size 419.64x243.67
        RenderPath {polygon} at (10.46,44.44) size 98.09x96.06 [stroke={[type=SOLID] [color=#000000]}] [data="M59.00,45.00L95.00,63.00L108.00,105.00L82.00,139.00L39.00,140.00L11.00,107.00L19.00,65.00"]
        RenderPath {polygon} at (131,45) size 97x95 [fill={[type=SOLID] [color=#FF0000]}] [data="M179.00,45.00L218.00,63.00L228.00,105.00L202.00,139.00L159.00,140.00L131.00,107.00L139.00,65.00L179.00,45.00"]
        RenderPath {polygon} at (284.84,40.37) size 132.78x109.25 [stroke={[type=SOLID] [color=#000000] [stroke width=6.00]}] [fill={[type=SOLID] [color=#0000FF]}] [data="M350.00,45.00L375.00,80.00L410.00,95.00L375.00,110.00L350.00,145.00L325.00,120.00L290.00,95.00L325.00,70.00L350.00,45.00"]
        RenderPath {polygon} at (6.71,180.56) size 105.62x103.48 [stroke={[type=SOLID] [color=#0000FF] [stroke width=8.00]}] [data="M59.00,185.00L98.00,203.00L108.00,245.00L82.00,279.00L39.00,280.00L11.00,247.00L19.00,205.00L59.00,185.00"]
        RenderPath {polygon} at (126.71,180.56) size 105.62x103.48 [stroke={[type=SOLID] [color=#0000FF] [stroke width=8.00]}] [fill={[type=SOLID] [color=#00FF00]}] [data="M179.00,185.00L218.00,203.00L228.00,245.00L202.00,279.00L159.00,280.00L131.00,247.00L139.00,205.00"]
        RenderPath {polygon} at (265.20,179.61) size 161.15x104.39 [stroke={[type=SOLID] [color=#00FF00] [stroke width=8.00]}] [data="M270.00,225.00L300.00,245.00L320.00,225.00L340.00,245.00L280.00,280.00L390.00,280.00L420.00,240.00L280.00,185.00"]
      RenderSVGText {text} at (10,340) size 480x46
        RenderSVGInlineText {#text} at (0,-36) size 264x46
          text run at (0,-36) width 264: "$Revision: 1.7 $"
      RenderPath {rect} at (0.50,0.50) size 479x359 [stroke={[type=SOLID] [color=#000000]}] [data="M1.00,1.00L479.00,1.00L479.00,359.00L1.00,359.00"]
