layer at (0,0) size 480x360
  RenderView at (0,0) size 480x360
    KCanvasContainer {svg} at (0.50,0.50) size 479x359
      KCanvasContainer {g} at (25,45.92) size 445x209.08
        KCanvasContainer {g} at (37.12,45.92) size 380.11x95.16
          KCanvasItem {line} at (37.12,49.67) size 75.76x87.65 [stroke={[type=SOLID] [color=#000000]}] [data="M37.50,137.00L112.50,50.00"]
          KCanvasItem {line} at (110.61,48.37) size 78.79x90.26 [stroke={[type=SOLID] [color=#FF0000] [stroke width=5.00]}] [data="M112.50,137.00L187.50,50.00"]
          KCanvasItem {line} at (184.66,47.55) size 80.68x91.90 [stroke={[type=SOLID] [color=#008000] [stroke width=7.50]}] [data="M187.50,137.00L262.50,50.00"]
          KCanvasItem {line} at (258.71,46.74) size 82.57x93.53 [stroke={[type=SOLID] [color=#0000FF] [stroke width=10.00]}] [data="M262.50,137.00L337.50,50.00"]
          KCanvasItem {line} at (332.77,45.92) size 84.47x95.16 [stroke={[type=SOLID] [color=#FF00FF] [stroke width=12.50]}] [data="M337.50,137.00L412.50,50.00"]
        KCanvasContainer {g} at (170,199.50) size 150x51
          KCanvasItem {line} at (170,199.50) size 50x1 [stroke={[type=SOLID] [color=#000000]}] [fill={[type=SOLID] [color=#000000]}] [data="M170.00,200.00L220.00,200.00"]
          KCanvasItem {line} at (219.50,200) size 1x50 [stroke={[type=SOLID] [color=#000000]}] [fill={[type=SOLID] [color=#000000]}] [data="M220.00,200.00L220.00,250.00"]
          KCanvasItem {line} at (220,249.50) size 50x1 [stroke={[type=SOLID] [color=#000000]}] [fill={[type=SOLID] [color=#000000]}] [data="M220.00,250.00L270.00,250.00"]
          KCanvasItem {line} at (269.50,200) size 1x50 [stroke={[type=SOLID] [color=#000000]}] [fill={[type=SOLID] [color=#000000]}] [data="M270.00,250.00L270.00,200.00"]
          KCanvasItem {line} at (270,199.50) size 50x1 [stroke={[type=SOLID] [color=#000000]}] [fill={[type=SOLID] [color=#000000]}] [data="M270.00,200.00L320.00,200.00"]
        KCanvasContainer {g} at (25,195) size 150x60
          KCanvasItem {line} at (25,195) size 50x10 [stroke={[type=SOLID] [color=#0000FF] [stroke width=10.00]}] [fill={[type=SOLID] [color=#000000]}] [data="M25.00,200.00L75.00,200.00"]
          KCanvasItem {line} at (70,200) size 10x50 [stroke={[type=SOLID] [color=#0000FF] [stroke width=10.00]}] [fill={[type=SOLID] [color=#000000]}] [data="M75.00,200.00L75.00,250.00"]
          KCanvasItem {line} at (75,245) size 50x10 [stroke={[type=SOLID] [color=#0000FF] [stroke width=10.00]}] [fill={[type=SOLID] [color=#000000]}] [data="M75.00,250.00L125.00,250.00"]
          KCanvasItem {line} at (120,200) size 10x50 [stroke={[type=SOLID] [color=#0000FF] [stroke width=10.00]}] [fill={[type=SOLID] [color=#000000]}] [data="M125.00,250.00L125.00,200.00"]
          KCanvasItem {line} at (125,195) size 50x10 [stroke={[type=SOLID] [color=#0000FF] [stroke width=10.00]}] [fill={[type=SOLID] [color=#000000]}] [data="M125.00,200.00L175.00,200.00"]
        KCanvasContainer {g} at (320,195) size 150x60
          KCanvasItem {line} at (370,245) size 50x10 [stroke={[type=SOLID] [color=#000000] [stroke width=10.00]}] [fill={[type=SOLID] [color=#000000]}] [data="M370.00,250.00L420.00,250.00"]
          KCanvasItem {line} at (420,195) size 50x10 [stroke={[type=SOLID] [color=#FF00FF] [stroke width=10.00]}] [fill={[type=SOLID] [color=#000000]}] [data="M420.00,200.00L470.00,200.00"]
          KCanvasItem {line} at (320,195) size 50x10 [stroke={[type=SOLID] [color=#0000FF] [stroke width=10.00]}] [fill={[type=SOLID] [color=#000000]}] [data="M320.00,200.00L370.00,200.00"]
          KCanvasItem {line} at (365,200) size 10x50 [stroke={[type=SOLID] [color=#008000] [stroke width=10.00]}] [fill={[type=SOLID] [color=#000000]}] [data="M370.00,200.00L370.00,250.00"]
          KCanvasItem {line} at (415,200) size 10x50 [stroke={[type=SOLID] [color=#FF0000] [stroke width=10.00]}] [fill={[type=SOLID] [color=#000000]}] [data="M420.00,250.00L420.00,200.00"]
      RenderSVGText {text} at (0,0) size 465x46
        RenderText {#text} at (0,0) size 264x46
          text run at (0,0) width 264: "$Revision: 1.1 $"
      KCanvasItem {rect} at (0.50,0.50) size 479x359 [stroke={[type=SOLID] [color=#000000]}] [data="M1.00,1.00L479.00,1.00L479.00,359.00L1.00,359.00"]
