layer at (0,0) size 480x360
  RenderView at (0,0) size 480x360
    RenderSVGContainer {svg} at (0.50,0.50) size 479x359
      RenderSVGContainer {g} at (50,48) size 380x172 [transform={m=((1.00,0.00)(0.00,1.00)) t=(10.00,0.00)}]
        RenderSVGContainer {g} at (50,48) size 100x172 [transform={m=((1.00,0.00)(0.00,1.00)) t=(40.00,100.00)}]
          RenderSVGText {text} at (50,-30) size 480x28
            RenderSVGInlineText {#text} at (-12,-22) size 24x28
              text run at (-12,-22) width 24: "no"
          RenderSVGText {text} at (50,0) size 480x28
            RenderSVGInlineText {#text} at (-44,-22) size 88x28
              text run at (-44,-22) width 88: "xml:base"
          RenderImage {image} at (0,0) size 100x100
        RenderSVGContainer {g} at (190,48) size 100x172 [transform={m=((1.00,0.00)(0.00,1.00)) t=(180.00,100.00)}]
          RenderSVGText {text} at (50,-30) size 480x28
            RenderSVGInlineText {#text} at (-44,-22) size 88x28
              text run at (-44,-22) width 88: "xml:base"
          RenderSVGText {text} at (50,0) size 480x28
            RenderSVGInlineText {#text} at (-45,-22) size 90x28
              text run at (-45,-22) width 90: "on image"
          RenderImage {image} at (0,0) size 100x100
        RenderSVGContainer {g} at (330,48) size 100x172 [transform={m=((1.00,0.00)(0.00,1.00)) t=(320.00,100.00)}]
          RenderSVGText {text} at (50,-30) size 480x28
            RenderSVGInlineText {#text} at (-44,-22) size 88x28
              text run at (-44,-22) width 88: "xml:base"
          RenderSVGText {text} at (50,0) size 480x28
            RenderSVGInlineText {#text} at (-45,-22) size 91x28
              text run at (-45,-22) width 91: "on parent"
          RenderImage {image} at (0,0) size 100x100
      RenderSVGText {text} at (10,340) size 480x46
        RenderSVGInlineText {#text} at (0,-36) size 264x46
          text run at (0,-36) width 264: "$Revision: 1.9 $"
      RenderPath {rect} at (0.50,0.50) size 479x359 [stroke={[type=SOLID] [color=#000000]}] [data="M1.00,1.00L479.00,1.00L479.00,359.00L1.00,359.00"]
