KRenderingPaintServer {id="linearGrad1" [type=LINEAR-GRADIENT] [stops=[(0.00,#4169E1), (0.33,#FFFFFF), (0.50,#00008B), (0.66,#FFFFFF), (1.00,#4169E1)]] [start=(0,0)] [end=(1,1)]}
KRenderingPaintServer {id="radialGrad1" [type=RADIAL-GRADIENT] [stops=[(0.00,#4169E1), (0.33,#FFFFFF), (0.50,#00008B), (0.66,#FFFFFF), (1.00,#4169E1)]] [center=(0.50,0.50)] [focal=(0.15,0.15)] [radius=0.50]}
layer at (0,0) size 480x360
  RenderView at (0,0) size 480x360
    RenderSVGContainer {svg} at (0.50,0.50) size 479x359
      RenderSVGContainer {g} at (0,0) size 0x0
        RenderSVGContainer {defs} at (0,0) size 0x0
        RenderSVGContainer {use} at (0,0) size 0x0
        RenderSVGContainer {use} at (0,0) size 0x0
        RenderSVGContainer {use} at (0,0) size 0x0
        RenderSVGContainer {use} at (0,0) size 0x0
      RenderSVGText {text} at (240,35) size 480x28
        RenderSVGInlineText {#text} at (-200,-22) size 400x28
          text run at (-200,-22) width 400: "External references and computed values"
      RenderSVGText {text} at (10,340) size 480x46
        RenderSVGInlineText {#text} at (0,-36) size 264x46
          text run at (0,-36) width 264: "$Revision: 1.6 $"
      RenderPath {rect} at (0.50,0.50) size 479x359 [stroke={[type=SOLID] [color=#000000]}] [data="M1.00,1.00L479.00,1.00L479.00,359.00L1.00,359.00"]
