CONSOLE MESSAGE: line 134: Error: Problem parsing points="10.5,0 21,21 0,7 21,7 0,21"
CONSOLE MESSAGE: line 154: Error: Problem parsing points="3,40 11,10 19,40"
CONSOLE MESSAGE: line 158: Error: Problem parsing points="3,40 11,10 19,40"
CONSOLE MESSAGE: line 205: Error: Problem parsing points="10.5,0 21,21 0,7 21,7 0,21"
CONSOLE MESSAGE: line 225: Error: Problem parsing points="3,40 11,10 19,40"
CONSOLE MESSAGE: line 229: Error: Problem parsing points="3,40 11,10 19,40"
layer at (0,0) size 480x360
  RenderView at (0,0) size 480x360
    RenderSVGContainer {svg} at (0.50,0.50) size 479x359
      RenderSVGContainer {g} at (55.50,43.00) size 375x212.50
        RenderSVGContainer {g} at (55.50,44.50) size 375x211 [transform={m=((-0.00,-1.00)(1.00,-0.00)) t=(70.00,150.00)}]
          RenderSVGHiddenContainer {defs} at (0,0) size 0x0
            RenderPath {rect} at (-5.50,-14.50) size 111x23 [stroke={[type=SOLID] [color=#000000]}] [data="M-5.00,-14.00L105.00,-14.00L105.00,8.00L-5.00,8.00"]
            RenderPath {rect} at (-5.50,-14.50) size 51x23 [stroke={[type=SOLID] [color=#000000]}] [data="M-5.00,-14.00L45.00,-14.00L45.00,8.00L-5.00,8.00"]
          RenderSVGContainer {use} at (55.50,44.50) size 23x111
            RenderSVGContainer {g} at (55.50,44.50) size 23x111
              RenderPath {rect} at (55.50,44.50) size 23x111 [stroke={[type=SOLID] [color=#000000]}] [data="M-5.00,-14.00L105.00,-14.00L105.00,8.00L-5.00,8.00"]
          RenderSVGContainer {use} at (77.50,44.50) size 23x111
            RenderSVGContainer {g} at (77.50,44.50) size 23x111 [transform={m=((1.00,0.00)(0.00,1.00)) t=(0.00,22.00)}]
              RenderPath {rect} at (77.50,44.50) size 23x111 [stroke={[type=SOLID] [color=#000000]}] [data="M-5.00,-14.00L105.00,-14.00L105.00,8.00L-5.00,8.00"]
          RenderSVGContainer {use} at (99.50,44.50) size 23x111
            RenderSVGContainer {g} at (99.50,44.50) size 23x111 [transform={m=((1.00,0.00)(0.00,1.00)) t=(0.00,44.00)}]
              RenderPath {rect} at (99.50,44.50) size 23x111 [stroke={[type=SOLID] [color=#000000]}] [data="M-5.00,-14.00L105.00,-14.00L105.00,8.00L-5.00,8.00"]
          RenderSVGContainer {use} at (121.50,44.50) size 23x111
            RenderSVGContainer {g} at (121.50,44.50) size 23x111 [transform={m=((1.00,0.00)(0.00,1.00)) t=(0.00,66.00)}]
              RenderPath {rect} at (121.50,44.50) size 23x111 [stroke={[type=SOLID] [color=#000000]}] [data="M-5.00,-14.00L105.00,-14.00L105.00,8.00L-5.00,8.00"]
          RenderSVGContainer {use} at (143.50,44.50) size 23x111
            RenderSVGContainer {g} at (143.50,44.50) size 23x111 [transform={m=((1.00,0.00)(0.00,1.00)) t=(0.00,88.00)}]
              RenderPath {rect} at (143.50,44.50) size 23x111 [stroke={[type=SOLID] [color=#000000]}] [data="M-5.00,-14.00L105.00,-14.00L105.00,8.00L-5.00,8.00"]
          RenderSVGContainer {use} at (165.50,44.50) size 23x111
            RenderSVGContainer {g} at (165.50,44.50) size 23x111 [transform={m=((1.00,0.00)(0.00,1.00)) t=(0.00,110.00)}]
              RenderPath {rect} at (165.50,44.50) size 23x111 [stroke={[type=SOLID] [color=#000000]}] [data="M-5.00,-14.00L105.00,-14.00L105.00,8.00L-5.00,8.00"]
          RenderSVGContainer {use} at (187.50,44.50) size 23x111
            RenderSVGContainer {g} at (187.50,44.50) size 23x111 [transform={m=((1.00,0.00)(0.00,1.00)) t=(0.00,132.00)}]
              RenderPath {rect} at (187.50,44.50) size 23x111 [stroke={[type=SOLID] [color=#000000]}] [data="M-5.00,-14.00L105.00,-14.00L105.00,8.00L-5.00,8.00"]
          RenderSVGContainer {use} at (209.50,44.50) size 23x111
            RenderSVGContainer {g} at (209.50,44.50) size 23x111 [transform={m=((1.00,0.00)(0.00,1.00)) t=(0.00,154.00)}]
              RenderPath {rect} at (209.50,44.50) size 23x111 [stroke={[type=SOLID] [color=#000000]}] [data="M-5.00,-14.00L105.00,-14.00L105.00,8.00L-5.00,8.00"]
          RenderSVGContainer {use} at (231.50,44.50) size 23x111
            RenderSVGContainer {g} at (231.50,44.50) size 23x111 [transform={m=((1.00,0.00)(0.00,1.00)) t=(0.00,176.00)}]
              RenderPath {rect} at (231.50,44.50) size 23x111 [stroke={[type=SOLID] [color=#000000]}] [data="M-5.00,-14.00L105.00,-14.00L105.00,8.00L-5.00,8.00"]
          RenderSVGContainer {use} at (253.50,44.50) size 23x111
            RenderSVGContainer {g} at (253.50,44.50) size 23x111 [transform={m=((1.00,0.00)(0.00,1.00)) t=(0.00,198.00)}]
              RenderPath {rect} at (253.50,44.50) size 23x111 [stroke={[type=SOLID] [color=#000000]}] [data="M-5.00,-14.00L105.00,-14.00L105.00,8.00L-5.00,8.00"]
          RenderSVGContainer {use} at (275.50,44.50) size 23x111
            RenderSVGContainer {g} at (275.50,44.50) size 23x111 [transform={m=((1.00,0.00)(0.00,1.00)) t=(0.00,220.00)}]
              RenderPath {rect} at (275.50,44.50) size 23x111 [stroke={[type=SOLID] [color=#000000]}] [data="M-5.00,-14.00L105.00,-14.00L105.00,8.00L-5.00,8.00"]
          RenderSVGContainer {use} at (297.50,44.50) size 23x111
            RenderSVGContainer {g} at (297.50,44.50) size 23x111 [transform={m=((1.00,0.00)(0.00,1.00)) t=(0.00,242.00)}]
              RenderPath {rect} at (297.50,44.50) size 23x111 [stroke={[type=SOLID] [color=#000000]}] [data="M-5.00,-14.00L105.00,-14.00L105.00,8.00L-5.00,8.00"]
          RenderSVGContainer {use} at (319.50,44.50) size 23x111
            RenderSVGContainer {g} at (319.50,44.50) size 23x111 [transform={m=((1.00,0.00)(0.00,1.00)) t=(0.00,264.00)}]
              RenderPath {rect} at (319.50,44.50) size 23x111 [stroke={[type=SOLID] [color=#000000]}] [data="M-5.00,-14.00L105.00,-14.00L105.00,8.00L-5.00,8.00"]
          RenderSVGContainer {use} at (341.50,44.50) size 23x111
            RenderSVGContainer {g} at (341.50,44.50) size 23x111 [transform={m=((1.00,0.00)(0.00,1.00)) t=(0.00,286.00)}]
              RenderPath {rect} at (341.50,44.50) size 23x111 [stroke={[type=SOLID] [color=#000000]}] [data="M-5.00,-14.00L105.00,-14.00L105.00,8.00L-5.00,8.00"]
          RenderSVGContainer {use} at (363.50,44.50) size 23x111
            RenderSVGContainer {g} at (363.50,44.50) size 23x111 [transform={m=((1.00,0.00)(0.00,1.00)) t=(0.00,308.00)}]
              RenderPath {rect} at (363.50,44.50) size 23x111 [stroke={[type=SOLID] [color=#000000]}] [data="M-5.00,-14.00L105.00,-14.00L105.00,8.00L-5.00,8.00"]
          RenderSVGContainer {use} at (385.50,44.50) size 23x111
            RenderSVGContainer {g} at (385.50,44.50) size 23x111 [transform={m=((1.00,0.00)(0.00,1.00)) t=(0.00,330.00)}]
              RenderPath {rect} at (385.50,44.50) size 23x111 [stroke={[type=SOLID] [color=#000000]}] [data="M-5.00,-14.00L105.00,-14.00L105.00,8.00L-5.00,8.00"]
          RenderSVGContainer {use} at (407.50,44.50) size 23x111
            RenderSVGContainer {g} at (407.50,44.50) size 23x111 [transform={m=((1.00,0.00)(0.00,1.00)) t=(0.00,352.00)}]
              RenderPath {rect} at (407.50,44.50) size 23x111 [stroke={[type=SOLID] [color=#000000]}] [data="M-5.00,-14.00L105.00,-14.00L105.00,8.00L-5.00,8.00"]
          RenderSVGContainer {g} at (55.50,154.50) size 375x51 [transform={m=((1.00,0.00)(0.00,1.00)) t=(-50.00,0.00)}]
            RenderSVGContainer {use} at (55.50,154.50) size 23x51
              RenderSVGContainer {g} at (55.50,154.50) size 23x51
                RenderPath {rect} at (55.50,154.50) size 23x51 [stroke={[type=SOLID] [color=#000000]}] [data="M-5.00,-14.00L45.00,-14.00L45.00,8.00L-5.00,8.00"]
            RenderSVGContainer {use} at (77.50,154.50) size 23x51
              RenderSVGContainer {g} at (77.50,154.50) size 23x51 [transform={m=((1.00,0.00)(0.00,1.00)) t=(0.00,22.00)}]
                RenderPath {rect} at (77.50,154.50) size 23x51 [stroke={[type=SOLID] [color=#000000]}] [data="M-5.00,-14.00L45.00,-14.00L45.00,8.00L-5.00,8.00"]
            RenderSVGContainer {use} at (99.50,154.50) size 23x51
              RenderSVGContainer {g} at (99.50,154.50) size 23x51 [transform={m=((1.00,0.00)(0.00,1.00)) t=(0.00,44.00)}]
                RenderPath {rect} at (99.50,154.50) size 23x51 [stroke={[type=SOLID] [color=#000000]}] [data="M-5.00,-14.00L45.00,-14.00L45.00,8.00L-5.00,8.00"]
            RenderSVGContainer {use} at (121.50,154.50) size 23x51
              RenderSVGContainer {g} at (121.50,154.50) size 23x51 [transform={m=((1.00,0.00)(0.00,1.00)) t=(0.00,66.00)}]
                RenderPath {rect} at (121.50,154.50) size 23x51 [stroke={[type=SOLID] [color=#000000]}] [data="M-5.00,-14.00L45.00,-14.00L45.00,8.00L-5.00,8.00"]
            RenderSVGContainer {use} at (143.50,154.50) size 23x51
              RenderSVGContainer {g} at (143.50,154.50) size 23x51 [transform={m=((1.00,0.00)(0.00,1.00)) t=(0.00,88.00)}]
                RenderPath {rect} at (143.50,154.50) size 23x51 [stroke={[type=SOLID] [color=#000000]}] [data="M-5.00,-14.00L45.00,-14.00L45.00,8.00L-5.00,8.00"]
            RenderSVGContainer {use} at (165.50,154.50) size 23x51
              RenderSVGContainer {g} at (165.50,154.50) size 23x51 [transform={m=((1.00,0.00)(0.00,1.00)) t=(0.00,110.00)}]
                RenderPath {rect} at (165.50,154.50) size 23x51 [stroke={[type=SOLID] [color=#000000]}] [data="M-5.00,-14.00L45.00,-14.00L45.00,8.00L-5.00,8.00"]
            RenderSVGContainer {use} at (187.50,154.50) size 23x51
              RenderSVGContainer {g} at (187.50,154.50) size 23x51 [transform={m=((1.00,0.00)(0.00,1.00)) t=(0.00,132.00)}]
                RenderPath {rect} at (187.50,154.50) size 23x51 [stroke={[type=SOLID] [color=#000000]}] [data="M-5.00,-14.00L45.00,-14.00L45.00,8.00L-5.00,8.00"]
            RenderSVGContainer {use} at (209.50,154.50) size 23x51
              RenderSVGContainer {g} at (209.50,154.50) size 23x51 [transform={m=((1.00,0.00)(0.00,1.00)) t=(0.00,154.00)}]
                RenderPath {rect} at (209.50,154.50) size 23x51 [stroke={[type=SOLID] [color=#000000]}] [data="M-5.00,-14.00L45.00,-14.00L45.00,8.00L-5.00,8.00"]
            RenderSVGContainer {use} at (231.50,154.50) size 23x51
              RenderSVGContainer {g} at (231.50,154.50) size 23x51 [transform={m=((1.00,0.00)(0.00,1.00)) t=(0.00,176.00)}]
                RenderPath {rect} at (231.50,154.50) size 23x51 [stroke={[type=SOLID] [color=#000000]}] [data="M-5.00,-14.00L45.00,-14.00L45.00,8.00L-5.00,8.00"]
            RenderSVGContainer {use} at (253.50,154.50) size 23x51
              RenderSVGContainer {g} at (253.50,154.50) size 23x51 [transform={m=((1.00,0.00)(0.00,1.00)) t=(0.00,198.00)}]
                RenderPath {rect} at (253.50,154.50) size 23x51 [stroke={[type=SOLID] [color=#000000]}] [data="M-5.00,-14.00L45.00,-14.00L45.00,8.00L-5.00,8.00"]
            RenderSVGContainer {use} at (275.50,154.50) size 23x51
              RenderSVGContainer {g} at (275.50,154.50) size 23x51 [transform={m=((1.00,0.00)(0.00,1.00)) t=(0.00,220.00)}]
                RenderPath {rect} at (275.50,154.50) size 23x51 [stroke={[type=SOLID] [color=#000000]}] [data="M-5.00,-14.00L45.00,-14.00L45.00,8.00L-5.00,8.00"]
            RenderSVGContainer {use} at (297.50,154.50) size 23x51
              RenderSVGContainer {g} at (297.50,154.50) size 23x51 [transform={m=((1.00,0.00)(0.00,1.00)) t=(0.00,242.00)}]
                RenderPath {rect} at (297.50,154.50) size 23x51 [stroke={[type=SOLID] [color=#000000]}] [data="M-5.00,-14.00L45.00,-14.00L45.00,8.00L-5.00,8.00"]
            RenderSVGContainer {use} at (319.50,154.50) size 23x51
              RenderSVGContainer {g} at (319.50,154.50) size 23x51 [transform={m=((1.00,0.00)(0.00,1.00)) t=(0.00,264.00)}]
                RenderPath {rect} at (319.50,154.50) size 23x51 [stroke={[type=SOLID] [color=#000000]}] [data="M-5.00,-14.00L45.00,-14.00L45.00,8.00L-5.00,8.00"]
            RenderSVGContainer {use} at (341.50,154.50) size 23x51
              RenderSVGContainer {g} at (341.50,154.50) size 23x51 [transform={m=((1.00,0.00)(0.00,1.00)) t=(0.00,286.00)}]
                RenderPath {rect} at (341.50,154.50) size 23x51 [stroke={[type=SOLID] [color=#000000]}] [data="M-5.00,-14.00L45.00,-14.00L45.00,8.00L-5.00,8.00"]
            RenderSVGContainer {use} at (363.50,154.50) size 23x51
              RenderSVGContainer {g} at (363.50,154.50) size 23x51 [transform={m=((1.00,0.00)(0.00,1.00)) t=(0.00,308.00)}]
                RenderPath {rect} at (363.50,154.50) size 23x51 [stroke={[type=SOLID] [color=#000000]}] [data="M-5.00,-14.00L45.00,-14.00L45.00,8.00L-5.00,8.00"]
            RenderSVGContainer {use} at (385.50,154.50) size 23x51
              RenderSVGContainer {g} at (385.50,154.50) size 23x51 [transform={m=((1.00,0.00)(0.00,1.00)) t=(0.00,330.00)}]
                RenderPath {rect} at (385.50,154.50) size 23x51 [stroke={[type=SOLID] [color=#000000]}] [data="M-5.00,-14.00L45.00,-14.00L45.00,8.00L-5.00,8.00"]
            RenderSVGContainer {use} at (407.50,154.50) size 23x51
              RenderSVGContainer {g} at (407.50,154.50) size 23x51 [transform={m=((1.00,0.00)(0.00,1.00)) t=(0.00,352.00)}]
                RenderPath {rect} at (407.50,154.50) size 23x51 [stroke={[type=SOLID] [color=#000000]}] [data="M-5.00,-14.00L45.00,-14.00L45.00,8.00L-5.00,8.00"]
          RenderSVGContainer {g} at (55.50,204.50) size 375x51 [transform={m=((1.00,0.00)(0.00,1.00)) t=(-100.00,0.00)}]
            RenderSVGContainer {use} at (55.50,204.50) size 23x51
              RenderSVGContainer {g} at (55.50,204.50) size 23x51
                RenderPath {rect} at (55.50,204.50) size 23x51 [stroke={[type=SOLID] [color=#000000]}] [data="M-5.00,-14.00L45.00,-14.00L45.00,8.00L-5.00,8.00"]
            RenderSVGContainer {use} at (77.50,204.50) size 23x51
              RenderSVGContainer {g} at (77.50,204.50) size 23x51 [transform={m=((1.00,0.00)(0.00,1.00)) t=(0.00,22.00)}]
                RenderPath {rect} at (77.50,204.50) size 23x51 [stroke={[type=SOLID] [color=#000000]}] [data="M-5.00,-14.00L45.00,-14.00L45.00,8.00L-5.00,8.00"]
            RenderSVGContainer {use} at (99.50,204.50) size 23x51
              RenderSVGContainer {g} at (99.50,204.50) size 23x51 [transform={m=((1.00,0.00)(0.00,1.00)) t=(0.00,44.00)}]
                RenderPath {rect} at (99.50,204.50) size 23x51 [stroke={[type=SOLID] [color=#000000]}] [data="M-5.00,-14.00L45.00,-14.00L45.00,8.00L-5.00,8.00"]
            RenderSVGContainer {use} at (121.50,204.50) size 23x51
              RenderSVGContainer {g} at (121.50,204.50) size 23x51 [transform={m=((1.00,0.00)(0.00,1.00)) t=(0.00,66.00)}]
                RenderPath {rect} at (121.50,204.50) size 23x51 [stroke={[type=SOLID] [color=#000000]}] [data="M-5.00,-14.00L45.00,-14.00L45.00,8.00L-5.00,8.00"]
            RenderSVGContainer {use} at (143.50,204.50) size 23x51
              RenderSVGContainer {g} at (143.50,204.50) size 23x51 [transform={m=((1.00,0.00)(0.00,1.00)) t=(0.00,88.00)}]
                RenderPath {rect} at (143.50,204.50) size 23x51 [stroke={[type=SOLID] [color=#000000]}] [data="M-5.00,-14.00L45.00,-14.00L45.00,8.00L-5.00,8.00"]
            RenderSVGContainer {use} at (165.50,204.50) size 23x51
              RenderSVGContainer {g} at (165.50,204.50) size 23x51 [transform={m=((1.00,0.00)(0.00,1.00)) t=(0.00,110.00)}]
                RenderPath {rect} at (165.50,204.50) size 23x51 [stroke={[type=SOLID] [color=#000000]}] [data="M-5.00,-14.00L45.00,-14.00L45.00,8.00L-5.00,8.00"]
            RenderSVGContainer {use} at (187.50,204.50) size 23x51
              RenderSVGContainer {g} at (187.50,204.50) size 23x51 [transform={m=((1.00,0.00)(0.00,1.00)) t=(0.00,132.00)}]
                RenderPath {rect} at (187.50,204.50) size 23x51 [stroke={[type=SOLID] [color=#000000]}] [data="M-5.00,-14.00L45.00,-14.00L45.00,8.00L-5.00,8.00"]
            RenderSVGContainer {use} at (209.50,204.50) size 23x51
              RenderSVGContainer {g} at (209.50,204.50) size 23x51 [transform={m=((1.00,0.00)(0.00,1.00)) t=(0.00,154.00)}]
                RenderPath {rect} at (209.50,204.50) size 23x51 [stroke={[type=SOLID] [color=#000000]}] [data="M-5.00,-14.00L45.00,-14.00L45.00,8.00L-5.00,8.00"]
            RenderSVGContainer {use} at (231.50,204.50) size 23x51
              RenderSVGContainer {g} at (231.50,204.50) size 23x51 [transform={m=((1.00,0.00)(0.00,1.00)) t=(0.00,176.00)}]
                RenderPath {rect} at (231.50,204.50) size 23x51 [stroke={[type=SOLID] [color=#000000]}] [data="M-5.00,-14.00L45.00,-14.00L45.00,8.00L-5.00,8.00"]
            RenderSVGContainer {use} at (253.50,204.50) size 23x51
              RenderSVGContainer {g} at (253.50,204.50) size 23x51 [transform={m=((1.00,0.00)(0.00,1.00)) t=(0.00,198.00)}]
                RenderPath {rect} at (253.50,204.50) size 23x51 [stroke={[type=SOLID] [color=#000000]}] [data="M-5.00,-14.00L45.00,-14.00L45.00,8.00L-5.00,8.00"]
            RenderSVGContainer {use} at (275.50,204.50) size 23x51
              RenderSVGContainer {g} at (275.50,204.50) size 23x51 [transform={m=((1.00,0.00)(0.00,1.00)) t=(0.00,220.00)}]
                RenderPath {rect} at (275.50,204.50) size 23x51 [stroke={[type=SOLID] [color=#000000]}] [data="M-5.00,-14.00L45.00,-14.00L45.00,8.00L-5.00,8.00"]
            RenderSVGContainer {use} at (297.50,204.50) size 23x51
              RenderSVGContainer {g} at (297.50,204.50) size 23x51 [transform={m=((1.00,0.00)(0.00,1.00)) t=(0.00,242.00)}]
                RenderPath {rect} at (297.50,204.50) size 23x51 [stroke={[type=SOLID] [color=#000000]}] [data="M-5.00,-14.00L45.00,-14.00L45.00,8.00L-5.00,8.00"]
            RenderSVGContainer {use} at (319.50,204.50) size 23x51
              RenderSVGContainer {g} at (319.50,204.50) size 23x51 [transform={m=((1.00,0.00)(0.00,1.00)) t=(0.00,264.00)}]
                RenderPath {rect} at (319.50,204.50) size 23x51 [stroke={[type=SOLID] [color=#000000]}] [data="M-5.00,-14.00L45.00,-14.00L45.00,8.00L-5.00,8.00"]
            RenderSVGContainer {use} at (341.50,204.50) size 23x51
              RenderSVGContainer {g} at (341.50,204.50) size 23x51 [transform={m=((1.00,0.00)(0.00,1.00)) t=(0.00,286.00)}]
                RenderPath {rect} at (341.50,204.50) size 23x51 [stroke={[type=SOLID] [color=#000000]}] [data="M-5.00,-14.00L45.00,-14.00L45.00,8.00L-5.00,8.00"]
            RenderSVGContainer {use} at (363.50,204.50) size 23x51
              RenderSVGContainer {g} at (363.50,204.50) size 23x51 [transform={m=((1.00,0.00)(0.00,1.00)) t=(0.00,308.00)}]
                RenderPath {rect} at (363.50,204.50) size 23x51 [stroke={[type=SOLID] [color=#000000]}] [data="M-5.00,-14.00L45.00,-14.00L45.00,8.00L-5.00,8.00"]
            RenderSVGContainer {use} at (385.50,204.50) size 23x51
              RenderSVGContainer {g} at (385.50,204.50) size 23x51 [transform={m=((1.00,0.00)(0.00,1.00)) t=(0.00,330.00)}]
                RenderPath {rect} at (385.50,204.50) size 23x51 [stroke={[type=SOLID] [color=#000000]}] [data="M-5.00,-14.00L45.00,-14.00L45.00,8.00L-5.00,8.00"]
            RenderSVGContainer {use} at (407.50,204.50) size 23x51
              RenderSVGContainer {g} at (407.50,204.50) size 23x51 [transform={m=((1.00,0.00)(0.00,1.00)) t=(0.00,352.00)}]
                RenderPath {rect} at (407.50,204.50) size 23x51 [stroke={[type=SOLID] [color=#000000]}] [data="M-5.00,-14.00L45.00,-14.00L45.00,8.00L-5.00,8.00"]
        RenderSVGContainer {g} at (56.00,43.00) size 370x107 [transform={m=((-0.00,-1.00)(1.00,-0.00)) t=(70.00,150.00)}]
          RenderSVGText {text} at (0,0) size 480x18
            RenderSVGInlineText {#text} at (0,-14) size 32x18
              text run at (0,-14) width 32: "color"
          RenderSVGText {text} at (0,22) size 480x18
            RenderSVGInlineText {#text} at (0,-14) size 45x18
              text run at (0,-14) width 45: "display"
          RenderSVGText {text} at (0,44) size 480x18
            RenderSVGInlineText {#text} at (0,-14) size 17x18
              text run at (0,-14) width 17: "fill"
          RenderSVGText {text} at (0,66) size 480x18
            RenderSVGInlineText {#text} at (0,-14) size 46x18
              text run at (0,-14) width 46: "fill-rule"
          RenderSVGText {text} at (0,88) size 480x18
            RenderSVGInlineText {#text} at (0,-14) size 38x18
              text run at (0,-14) width 38: "stroke"
          RenderSVGText {text} at (0,110) size 480x18
            RenderSVGInlineText {#text} at (0,-14) size 104x18
              text run at (0,-14) width 104: "stroke-dasharray"
          RenderSVGText {text} at (0,132) size 480x18
            RenderSVGInlineText {#text} at (0,-14) size 107x18
              text run at (0,-14) width 107: "stroke-dashoffset"
          RenderSVGText {text} at (0,154) size 480x18
            RenderSVGInlineText {#text} at (0,-14) size 88x18
              text run at (0,-14) width 88: "stroke-linecap"
          RenderSVGText {text} at (0,176) size 480x18
            RenderSVGInlineText {#text} at (0,-14) size 90x18
              text run at (0,-14) width 90: "stroke-linejoin"
          RenderSVGText {text} at (0,198) size 480x18
            RenderSVGInlineText {#text} at (0,-14) size 103x18
              text run at (0,-14) width 103: "stroke-miterlimit"
          RenderSVGText {text} at (0,220) size 480x18
            RenderSVGInlineText {#text} at (0,-14) size 79x18
              text run at (0,-14) width 79: "stroke-width"
          RenderSVGText {text} at (0,242) size 480x18
            RenderSVGInlineText {#text} at (0,-14) size 54x18
              text run at (0,-14) width 54: "visibility"
          RenderSVGText {text} at (0,264) size 480x18
            RenderSVGInlineText {#text} at (0,-14) size 70x18
              text run at (0,-14) width 70: "font-family"
          RenderSVGText {text} at (0,286) size 480x18
            RenderSVGInlineText {#text} at (0,-14) size 54x18
              text run at (0,-14) width 54: "font-size"
          RenderSVGText {text} at (0,308) size 480x18
            RenderSVGInlineText {#text} at (0,-14) size 59x18
              text run at (0,-14) width 59: "font-style"
          RenderSVGText {text} at (0,330) size 480x18
            RenderSVGInlineText {#text} at (0,-14) size 73x18
              text run at (0,-14) width 73: "font-weight"
          RenderSVGText {text} at (0,352) size 480x18
            RenderSVGInlineText {#text} at (0,-14) size 71x18
              text run at (0,-14) width 71: "text-anchor"
        RenderSVGContainer {g} at (59,160) size 367x40 [transform={m=((1.00,0.00)(0.00,1.00)) t=(56.00,155.00)}]
          RenderSVGContainer {g} at (59,165) size 16x32
            RenderPath {rect} at (59,165) size 16x32 [fill={[type=SOLID] [color=#00FF00]}] [data="M3.00,10.00L19.00,10.00L19.00,42.00L3.00,42.00"]
          RenderSVGContainer {g} at (103,165) size 16x32 [transform={m=((1.00,0.00)(0.00,1.00)) t=(44.00,0.00)}]
            RenderPath {rect} at (103,165) size 16x32 [fill={[type=SOLID] [color=#00FF00]}] [data="M3.00,10.00L19.00,10.00L19.00,42.00L3.00,42.00"]
          RenderSVGContainer {g} at (125,170) size 14.70x14.70 [transform={m=((1.00,0.00)(0.00,1.00)) t=(66.00,0.00)}]
            RenderPath {polygon} at (125,170) size 14.70x14.70 [transform={m=((0.70,0.00)(0.00,0.70)) t=(3.00,15.00)}] [fill={[type=SOLID] [color=#00FF00] [fill rule=EVEN-ODD]}] [data="M10.50,0.00L21.00,21.00L0.00,7.00L21.00,7.00L0.00,21.00"]
          RenderSVGContainer {g} at (146.50,164.50) size 17x33 [transform={m=((1.00,0.00)(0.00,1.00)) t=(88.00,0.00)}]
            RenderPath {rect} at (146.50,164.50) size 17x33 [stroke={[type=SOLID] [color=#00FF00]}] [data="M3.00,10.00L19.00,10.00L19.00,42.00L3.00,42.00"]
          RenderSVGContainer {g} at (176,160) size 2x35 [transform={m=((1.00,0.00)(0.00,1.00)) t=(110.00,0.00)}]
            RenderPath {line} at (176,160) size 2x35 [stroke={[type=SOLID] [color=#00FF00] [stroke width=2.00] [dash array={2.00, 2.00, 5.00, 5.00}]}] [fill={[type=SOLID] [color=#000000]}] [data="M11.00,5.00L11.00,40.00"]
          RenderSVGContainer {g} at (198,160) size 2x33 [transform={m=((1.00,0.00)(0.00,1.00)) t=(132.00,0.00)}]
            RenderPath {line} at (198,160) size 2x33 [stroke={[type=SOLID] [color=#00FF00] [stroke width=2.00] [dash offset=4.00] [dash array={2.00, 2.00, 5.00, 5.00}]}] [fill={[type=SOLID] [color=#000000]}] [data="M11.00,5.00L11.00,40.00"]
          RenderSVGContainer {g} at (216,160) size 10x40 [transform={m=((1.00,0.00)(0.00,1.00)) t=(154.00,0.00)}]
            RenderPath {line} at (216,160) size 10x40 [stroke={[type=SOLID] [color=#00FF00] [stroke width=10.00] [line cap=ROUND]}] [fill={[type=SOLID] [color=#000000]}] [data="M11.00,10.00L11.00,40.00"]
          RenderSVGContainer {g} at (232.58,161.88) size 20.83x33.76 [transform={m=((1.00,0.00)(0.00,1.00)) t=(176.00,0.00)}]
            RenderPath {polyline} at (232.58,161.88) size 20.83x33.76 [stroke={[type=SOLID] [color=#00FF00] [stroke width=5.00] [line join=ROUND]}] [data="M3.00,40.00L11.00,10.00L19.00,40.00"]
          RenderSVGContainer {g} at (254.58,164.36) size 20.83x31.29 [transform={m=((1.00,0.00)(0.00,1.00)) t=(198.00,0.00)}]
            RenderPath {polyline} at (254.58,164.36) size 20.83x31.29 [stroke={[type=SOLID] [color=#00FF00] [stroke width=5.00] [miter limit=1]}] [data="M3.00,40.00L11.00,10.00L19.00,40.00"]
          RenderSVGContainer {g} at (284.50,165) size 5x30 [transform={m=((1.00,0.00)(0.00,1.00)) t=(220.00,0.00)}]
            RenderPath {line} at (284.50,165) size 5x30 [stroke={[type=SOLID] [color=#00FF00] [stroke width=5.00]}] [fill={[type=SOLID] [color=#000000]}] [data="M11.00,10.00L11.00,40.00"]
          RenderSVGContainer {g} at (308.50,165) size 1x30 [transform={m=((1.00,0.00)(0.00,1.00)) t=(242.00,0.00)}]
            RenderPath {line} at (308.50,165) size 1x30 [stroke={[type=SOLID] [color=#00FF00]}] [fill={[type=SOLID] [color=#000000]}] [data="M11.00,10.00L11.00,40.00"]
          RenderSVGContainer {g} at (324,167) size 14x23 [transform={m=((1.00,0.00)(0.00,1.00)) t=(264.00,0.00)}]
            RenderSVGText {text} at (11,30) size 480x23
              RenderSVGInlineText {#text} at (-7,-18) size 14x23
                text run at (-7,-18) width 14: "A"
          RenderSVGContainer {g} at (350,175) size 7x13 [transform={m=((1.00,0.00)(0.00,1.00)) t=(286.00,0.00)}]
            RenderSVGText {text} at (11,30) size 480x13
              RenderSVGInlineText {#text} at (-3,-10) size 7x13
                text run at (-3,-10) width 7: "A"
          RenderSVGContainer {g} at (369,167) size 12x23 [transform={m=((1.00,0.00)(0.00,1.00)) t=(308.00,0.00)}]
            RenderSVGText {text} at (11,30) size 480x23
              RenderSVGInlineText {#text} at (-6,-18) size 12x23
                text run at (-6,-18) width 12: "A"
          RenderSVGContainer {g} at (390,167) size 14x23 [transform={m=((1.00,0.00)(0.00,1.00)) t=(330.00,0.00)}]
            RenderSVGText {text} at (11,30) size 480x23
              RenderSVGInlineText {#text} at (-7,-18) size 14x23
                text run at (-7,-18) width 14: "A"
          RenderSVGContainer {g} at (412,167) size 14x23 [transform={m=((1.00,0.00)(0.00,1.00)) t=(352.00,0.00)}]
            RenderSVGText {text} at (11,30) size 480x23
              RenderSVGInlineText {#text} at (-7,-18) size 14x23
                text run at (-7,-18) width 14: "A"
        RenderSVGContainer {g} at (59,210) size 367x40 [transform={m=((1.00,0.00)(0.00,1.00)) t=(56.00,205.00)}]
          RenderSVGContainer {g} at (59,215) size 16x32
            RenderPath {rect} at (59,215) size 16x32 [fill={[type=SOLID] [color=#00FF00]}] [data="M3.00,10.00L19.00,10.00L19.00,42.00L3.00,42.00"]
          RenderSVGContainer {g} at (78,205) size 0x0 [transform={m=((1.00,0.00)(0.00,1.00)) t=(22.00,0.00)}]
          RenderSVGContainer {g} at (103,215) size 16x32 [transform={m=((1.00,0.00)(0.00,1.00)) t=(44.00,0.00)}]
            RenderPath {rect} at (103,215) size 16x32 [fill={[type=SOLID] [color=#00FF00]}] [data="M3.00,10.00L19.00,10.00L19.00,42.00L3.00,42.00"]
          RenderSVGContainer {g} at (125,220) size 14.70x14.70 [transform={m=((1.00,0.00)(0.00,1.00)) t=(66.00,0.00)}]
            RenderPath {polygon} at (125,220) size 14.70x14.70 [transform={m=((0.70,0.00)(0.00,0.70)) t=(3.00,15.00)}] [fill={[type=SOLID] [color=#00FF00] [fill rule=EVEN-ODD]}] [data="M10.50,0.00L21.00,21.00L0.00,7.00L21.00,7.00L0.00,21.00"]
          RenderSVGContainer {g} at (146.50,214.50) size 17x33 [transform={m=((1.00,0.00)(0.00,1.00)) t=(88.00,0.00)}]
            RenderPath {rect} at (146.50,214.50) size 17x33 [stroke={[type=SOLID] [color=#00FF00]}] [data="M3.00,10.00L19.00,10.00L19.00,42.00L3.00,42.00"]
          RenderSVGContainer {g} at (176,210) size 2x35 [transform={m=((1.00,0.00)(0.00,1.00)) t=(110.00,0.00)}]
            RenderPath {line} at (176,210) size 2x35 [stroke={[type=SOLID] [color=#00FF00] [stroke width=2.00] [dash array={2.00, 2.00, 5.00, 5.00}]}] [fill={[type=SOLID] [color=#000000]}] [data="M11.00,5.00L11.00,40.00"]
          RenderSVGContainer {g} at (198,210) size 2x33 [transform={m=((1.00,0.00)(0.00,1.00)) t=(132.00,0.00)}]
            RenderPath {line} at (198,210) size 2x33 [stroke={[type=SOLID] [color=#00FF00] [stroke width=2.00] [dash offset=4.00] [dash array={2.00, 2.00, 5.00, 5.00}]}] [fill={[type=SOLID] [color=#000000]}] [data="M11.00,5.00L11.00,40.00"]
          RenderSVGContainer {g} at (216,210) size 10x40 [transform={m=((1.00,0.00)(0.00,1.00)) t=(154.00,0.00)}]
            RenderPath {line} at (216,210) size 10x40 [stroke={[type=SOLID] [color=#00FF00] [stroke width=10.00] [line cap=ROUND]}] [fill={[type=SOLID] [color=#000000]}] [data="M11.00,10.00L11.00,40.00"]
          RenderSVGContainer {g} at (232.58,211.88) size 20.83x33.76 [transform={m=((1.00,0.00)(0.00,1.00)) t=(176.00,0.00)}]
            RenderPath {polyline} at (232.58,211.88) size 20.83x33.76 [stroke={[type=SOLID] [color=#00FF00] [stroke width=5.00] [line join=ROUND]}] [data="M3.00,40.00L11.00,10.00L19.00,40.00"]
          RenderSVGContainer {g} at (254.58,214.36) size 20.83x31.29 [transform={m=((1.00,0.00)(0.00,1.00)) t=(198.00,0.00)}]
            RenderPath {polyline} at (254.58,214.36) size 20.83x31.29 [stroke={[type=SOLID] [color=#00FF00] [stroke width=5.00] [miter limit=1]}] [data="M3.00,40.00L11.00,10.00L19.00,40.00"]
          RenderSVGContainer {g} at (284.50,215) size 5x30 [transform={m=((1.00,0.00)(0.00,1.00)) t=(220.00,0.00)}]
            RenderPath {line} at (284.50,215) size 5x30 [stroke={[type=SOLID] [color=#00FF00] [stroke width=5.00]}] [fill={[type=SOLID] [color=#000000]}] [data="M11.00,10.00L11.00,40.00"]
          RenderSVGContainer {g} at (308.50,215) size 1x30 [transform={m=((1.00,0.00)(0.00,1.00)) t=(242.00,0.00)}]
            RenderPath {line} at (308.50,215) size 1x30 [stroke={[type=SOLID] [color=#00FF00]}] [fill={[type=SOLID] [color=#000000]}] [data="M11.00,10.00L11.00,40.00"]
          RenderSVGContainer {g} at (324,217) size 14x23 [transform={m=((1.00,0.00)(0.00,1.00)) t=(264.00,0.00)}]
            RenderSVGText {text} at (11,30) size 480x23
              RenderSVGInlineText {#text} at (-7,-18) size 14x23
                text run at (-7,-18) width 14: "A"
          RenderSVGContainer {g} at (350,225) size 7x13 [transform={m=((1.00,0.00)(0.00,1.00)) t=(286.00,0.00)}]
            RenderSVGText {text} at (11,30) size 480x13
              RenderSVGInlineText {#text} at (-3,-10) size 7x13
                text run at (-3,-10) width 7: "A"
          RenderSVGContainer {g} at (369,217) size 12x23 [transform={m=((1.00,0.00)(0.00,1.00)) t=(308.00,0.00)}]
            RenderSVGText {text} at (11,30) size 480x23
              RenderSVGInlineText {#text} at (-6,-18) size 12x23
                text run at (-6,-18) width 12: "A"
          RenderSVGContainer {g} at (390,217) size 14x23 [transform={m=((1.00,0.00)(0.00,1.00)) t=(330.00,0.00)}]
            RenderSVGText {text} at (11,30) size 480x23
              RenderSVGInlineText {#text} at (-7,-18) size 14x23
                text run at (-7,-18) width 14: "A"
          RenderSVGContainer {g} at (412,217) size 14x23 [transform={m=((1.00,0.00)(0.00,1.00)) t=(352.00,0.00)}]
            RenderSVGText {text} at (11,30) size 480x23
              RenderSVGInlineText {#text} at (-7,-18) size 14x23
                text run at (-7,-18) width 14: "A"
      RenderSVGText {text} at (10,340) size 480x46
        RenderSVGInlineText {#text} at (0,-36) size 264x46
          text run at (0,-36) width 264: "$Revision: 1.6 $"
      RenderPath {rect} at (0.50,0.50) size 479x359 [stroke={[type=SOLID] [color=#000000]}] [data="M1.00,1.00L479.00,1.00L479.00,359.00L1.00,359.00"]
