layer at (0,0) size 480x360
  RenderView at (0,0) size 480x360
    RenderSVGContainer {svg} at (0.50,0.50) size 479x359
      RenderSVGContainer {g} at (10,22) size 422x228
        RenderSVGContainer {g} at (10,22) size 422x228
          RenderSVGText {text} at (10,30) size 480x10
            RenderSVGInlineText {#text} at (0,-8) size 38x10
              text run at (0,-8) width 38: "SVG to fit"
          RenderSVGContainer {g} at (20,40) size 50x50 [transform={m=((1.00,0.00)(0.00,1.00)) t=(20.00,40.00)}]
            RenderImage {image} at (0,0) size 50x50
          RenderSVGText {text} at (10,110) size 480x10
            RenderSVGInlineText {#text} at (0,-8) size 42x10
              text run at (0,-8) width 42: "Viewport 1"
          RenderSVGContainer {g} at (10,120) size 50x30 [transform={m=((1.00,0.00)(0.00,1.00)) t=(10.00,120.00)}]
            RenderPath {rect} at (10,120) size 50x30 [stroke={[type=SOLID] [color=#0000FF]}] [data="M0.50,0.50L49.50,0.50L49.50,29.50L0.50,29.50"]
          RenderSVGText {text} at (10,180) size 480x10
            RenderSVGInlineText {#text} at (0,-8) size 42x10
              text run at (0,-8) width 42: "Viewport 2"
          RenderSVGContainer {g} at (20,190) size 30x60 [transform={m=((1.00,0.00)(0.00,1.00)) t=(20.00,190.00)}]
            RenderPath {rect} at (20,190) size 30x60 [stroke={[type=SOLID] [color=#0000FF]}] [data="M0.50,0.50L29.50,0.50L29.50,59.50L0.50,59.50"]
          RenderSVGContainer {g} at (100,22) size 82x58 [transform={m=((1.00,0.00)(0.00,1.00)) t=(100.00,50.00)}]
            RenderSVGText {text} at (0,-20) size 480x10
              RenderSVGInlineText {#text} at (0,-8) size 82x10
                text run at (0,-8) width 82: "---------- meet ----------"
            RenderSVGContainer {g} at (130,37) size 50x43 [transform={m=((1.00,0.00)(0.00,1.00)) t=(30.00,0.00)}]
              RenderSVGText {text} at (0,-5) size 480x10
                RenderSVGInlineText {#text} at (0,-8) size 26x10
                  text run at (0,-8) width 26: "xMid*"
              RenderPath {rect} at (130,50) size 50x30 [stroke={[type=SOLID] [color=#0000FF]}] [data="M0.50,0.50L49.50,0.50L49.50,29.50L0.50,29.50"]
              RenderImage {image} at (0,0) size 50x30
          RenderSVGContainer {g} at (230,22) size 82x88 [transform={m=((1.00,0.00)(0.00,1.00)) t=(230.00,50.00)}]
            RenderSVGText {text} at (0,-20) size 480x10
              RenderSVGInlineText {#text} at (0,-8) size 82x10
                text run at (0,-8) width 82: "---------- meet ----------"
            RenderSVGContainer {g} at (260,37) size 30x73 [transform={m=((1.00,0.00)(0.00,1.00)) t=(30.00,0.00)}]
              RenderSVGText {text} at (0,-5) size 480x10
                RenderSVGInlineText {#text} at (0,-8) size 27x10
                  text run at (0,-8) width 27: "*YMid"
              RenderPath {rect} at (260,50) size 30x60 [stroke={[type=SOLID] [color=#0000FF]}] [data="M0.50,0.50L29.50,0.50L29.50,59.50L0.50,59.50"]
              RenderImage {image} at (0,0) size 30x60
          RenderSVGContainer {g} at (350,22) size 82x88 [transform={m=((1.00,0.00)(0.00,1.00)) t=(350.00,50.00)}]
            RenderSVGText {text} at (0,-20) size 480x10
              RenderSVGInlineText {#text} at (0,-8) size 82x10
                text run at (0,-8) width 82: "---------- meet ----------"
            RenderSVGContainer {g} at (380,37) size 30x73 [transform={m=((1.00,0.00)(0.00,1.00)) t=(30.00,0.00)}]
              RenderSVGText {text} at (0,-5) size 480x10
                RenderSVGInlineText {#text} at (0,-8) size 24x10
                  text run at (0,-8) width 24: "*none"
              RenderPath {rect} at (380,50) size 30x60 [stroke={[type=SOLID] [color=#0000FF]}] [data="M0.50,0.50L29.50,0.50L29.50,59.50L0.50,59.50"]
              RenderImage {image} at (0,0) size 30x60
      RenderSVGText {text} at (10,340) size 480x46
        RenderSVGInlineText {#text} at (0,-36) size 284x46
          text run at (0,-36) width 284: "$Revision: 1.11 $"
      RenderPath {rect} at (0.50,0.50) size 479x359 [stroke={[type=SOLID] [color=#000000]}] [data="M1.00,1.00L479.00,1.00L479.00,359.00L1.00,359.00"]
