layer at (0,0) size 480x360
  RenderView at (0,0) size 480x360
    KCanvasContainer {svg} at (0,0) size 479.50x359.50
      KCanvasContainer {g} at (0,0) size 240x180
        KCanvasContainer {svg} at (0,0) size 240x180
          KCanvasItem {rect} at (0,0) size 240x180 [fill={[type=SOLID] [color=#FF0000]}] [data="M0.00,0.00L240.00,0.00L240.00,180.00L0.00,180.00"]
        KCanvasContainer {svg} at (0,0) size 240x180
          KCanvasItem {rect} at (0,0) size 240x180 [fill={[type=SOLID] [color=#0000FF]}] [data="M0.00,0.00L240.00,0.00L240.00,180.00L0.00,180.00"]
          KCanvasContainer {svg} at (0,0) size 120x90
            KCanvasItem {rect} at (0,0) size 120x90 [fill={[type=SOLID] [color=#FFFF00]}] [data="M0.00,0.00L120.00,0.00L120.00,90.00L0.00,90.00"]
      RenderSVGText {text} at (0,0) size 480x46
        RenderText {#text} at (0,0) size 264x46
          text run at (0,0) width 264: "$Revision: 1.1 $"
      KCanvasItem {rect} at (0.50,0.50) size 479x359 [stroke={[type=SOLID] [color=#000000]}] [data="M1.00,1.00L479.00,1.00L479.00,359.00L1.00,359.00"]
