layer at (0,0) size 480x360
  RenderView at (0,0) size 480x360
    KCanvasContainer {svg} at (0.50,0.50) size 479x359
      KCanvasContainer {g} at (0,0) size 0x0
      RenderSVGText {text} at (0,0) size 465x36
        RenderText {#text} at (0,0) size 198x36
          text run at (0,0) width 198: "$Revision: 1.1 $"
      KCanvasItem {rect} at (0.50,0.50) size 479x359 [stroke={[type=SOLID] [color=#000000]}] [data="M1.00,1.00L479.00,1.00L479.00,359.00L1.00,359.00"]
      RenderSVGText {text} at (0,0) size 465x36
        RenderText {#text} at (0,0) size 46x36
          text run at (0,0) width 46: "xml"
      RenderSVGText {text} at (0,0) size 465x36
        RenderText {#text} at (0,0) size 46x36
          text run at (0,0) width 46: "true"
      RenderSVGText {text} at (0,0) size 465x36
        RenderText {#text} at (0,0) size 129x36
          text run at (0,0) width 129: "stylesheets"
      RenderSVGText {text} at (0,0) size 465x36
        RenderText {#text} at (0,0) size 46x36
          text run at (0,0) width 46: "true"
      RenderSVGText {text} at (0,0) size 465x36
        RenderText {#text} at (0,0) size 70x36
          text run at (0,0) width 70: "views"
      RenderSVGText {text} at (0,0) size 465x36
        RenderText {#text} at (0,0) size 46x36
          text run at (0,0) width 46: "true"
      RenderSVGText {text} at (0,0) size 465x36
        RenderText {#text} at (0,0) size 52x36
          text run at (0,0) width 52: "css2"
      RenderSVGText {text} at (0,0) size 465x36
        RenderText {#text} at (0,0) size 46x36
          text run at (0,0) width 46: "true"
      RenderSVGText {text} at (0,0) size 465x36
        RenderText {#text} at (0,0) size 76x36
          text run at (0,0) width 76: "events"
      RenderSVGText {text} at (0,0) size 465x36
        RenderText {#text} at (0,0) size 46x36
          text run at (0,0) width 46: "true"
