layer at (0,0) size 480x360
  RenderView at (0,0) size 480x360
    RenderSVGContainer {svg} at (0.50,0.50) size 479x359
      RenderSVGContainer {g} at (0,0) size 0x0
      RenderSVGText {text} at (10,340) size 480x36
        RenderSVGInlineText {#text} at (0,-28) size 198x36
          text run at (0,-28) width 198: "$Revision: 1.1 $"
      RenderPath {rect} at (0.50,0.50) size 479x359 [stroke={[type=SOLID] [color=#000000]}] [data="M1.00,1.00L479.00,1.00L479.00,359.00L1.00,359.00"]
      RenderSVGText {text} at (5,45) size 480x36
        RenderSVGInlineText {#text} at (0,-28) size 279x36
          text run at (0,-28) width 279: "org.w3c.dom.svg.static"
      RenderSVGText {text} at (385,45) size 480x36
        RenderSVGInlineText {#text} at (0,-28) size 56x36
          text run at (0,-28) width 56: "false"
      RenderSVGText {text} at (5,85) size 480x36
        RenderSVGInlineText {#text} at (0,-28) size 335x36
          text run at (0,-28) width 335: "org.w3c.dom.svg.animation"
      RenderSVGText {text} at (385,85) size 480x36
        RenderSVGInlineText {#text} at (0,-28) size 56x36
          text run at (0,-28) width 56: "false"
      RenderSVGText {text} at (5,125) size 480x36
        RenderSVGInlineText {#text} at (0,-28) size 319x36
          text run at (0,-28) width 319: "org.w3c.dom.svg.dynamic"
      RenderSVGText {text} at (385,125) size 480x36
        RenderSVGInlineText {#text} at (0,-28) size 56x36
          text run at (0,-28) width 56: "false"
      RenderSVGText {text} at (5,165) size 480x36
        RenderSVGInlineText {#text} at (0,-28) size 246x36
          text run at (0,-28) width 246: "org.w3c.dom.svg.all"
      RenderSVGText {text} at (385,165) size 480x36
        RenderSVGInlineText {#text} at (0,-28) size 56x36
          text run at (0,-28) width 56: "false"
      RenderSVGText {text} at (5,205) size 480x36
        RenderSVGInlineText {#text} at (0,-28) size 185x36
          text run at (0,-28) width 185: "org.w3c.svg.all"
      RenderSVGText {text} at (385,205) size 480x36
        RenderSVGInlineText {#text} at (0,-28) size 56x36
          text run at (0,-28) width 56: "false"
