layer at (0,0) size 480x360
  RenderCanvas at (0,0) size 480x360
    KCanvasContainer {svg} at (0,0.50) size 479.50x359
      KCanvasContainer {g} at (0,150) size 220x150
        KCanvasContainer {switch} at (0,150) size 220x150
          KCanvasItem {rect} at (0,150) size 220x150 [fill={[type=SOLID] [color=#008000]}] [data="M0.00,150.00L220.00,150.00L220.00,300.00L0.00,300.00"]
      RenderSVGText {text} at (0,0) size 465x46
        RenderText {TEXT} at (0,0) size 314x46
          text run at (0,0) width 314: "$Revision$"
      KCanvasItem {rect} at (0.50,0.50) size 479x359 [stroke={[type=SOLID] [color=#000000]}] [data="M1.00,1.00L479.00,1.00L479.00,359.00L1.00,359.00"]
