layer at (0,0) size 480x360
  RenderView at (0,0) size 480x360
    KCanvasContainer {svg} at (0.50,0.50) size 479x359
      KCanvasContainer {g} at (40,86) size 276x124
        KCanvasItem {rect} at (50,160) size 50x50 [fill={[type=SOLID] [color=#000000]}] [data="M50.00,160.00L100.00,160.00L100.00,210.00L50.00,210.00"]
        KCanvasItem {rect} at (40,150) size 50x50 [fill={[type=SOLID] [color=#FF0000]}] [data="M40.00,150.00L90.00,150.00L90.00,200.00L40.00,200.00"]
        RenderSVGText {text} at (50,100) size 480x18
          RenderSVGInlineText {#text} at (0,-14) size 266x18
            text run at (0,-14) width 266: "This document's root identifier is: svg-root"
      RenderSVGText {text} at (10,340) size 480x36
        RenderSVGInlineText {#text} at (0,-28) size 198x36
          text run at (0,-28) width 198: "$Revision: 1.1 $"
      KCanvasItem {rect} at (0.50,0.50) size 479x359 [stroke={[type=SOLID] [color=#000000]}] [data="M1.00,1.00L479.00,1.00L479.00,359.00L1.00,359.00"]
