KRenderingPaintServer {id="ygw" [type=RADIAL-GRADIENT] [stops=[(0.00,#FFFF00), (0.50,#008000), (1.00,#FFFFFF)]] [center=(50,50)] [focal=(50,50)] [radius=50.00]}
KRenderingPaintServer {id="yrw" [type=RADIAL-GRADIENT] [stops=[(0.00,#FFFF00), (0.50,#770000), (1.00,#FFFFFF)]] [center=(50,50)] [focal=(50,50)] [radius=50.00]}
layer at (0,0) size 480x360
  RenderView at (0,0) size 480x360
    RenderSVGContainer {svg} at (0.50,0.50) size 479x359
      RenderSVGContainer {g} at (40,20) size 380.50x260
        RenderSVGContainer {g} at (239.50,79.50) size 181.00x121.00
          RenderSVGContainer {g} at (239.50,79.50) size 181.00x121.00
            RenderPath {ellipse} at (239.50,79.50) size 181.00x121.00 [stroke={[type=SOLID] [color=#555555]}] [fill={[type=SOLID] [color=#FFFF00]}] [data="M420.00,140.00L419.82,143.77L419.29,147.52L418.41,151.24L417.17,154.92L415.60,158.54L413.68,162.09L411.43,165.55L408.87,168.91L405.99,172.15L402.81,175.27L399.35,178.25L395.61,181.07L391.61,183.74L387.37,186.23L382.90,188.54L378.22,190.66L373.36,192.58L368.32,194.29L363.13,195.79L357.81,197.06L352.38,198.11L346.86,198.94L341.28,199.53L335.65,199.88L330.00,200.00L324.35,199.88L318.72,199.53L313.14,198.94L307.62,198.11L302.19,197.06L296.87,195.79L291.68,194.29L286.64,192.58L281.78,190.66L277.10,188.54L272.63,186.23L268.39,183.74L264.39,181.07L260.65,178.25L257.19,175.27L254.01,172.15L251.13,168.91L248.57,165.55L246.32,162.09L244.40,158.54L242.83,154.92L241.59,151.24L240.71,147.52L240.18,143.77L240.00,140.00L240.18,136.23L240.71,132.48L241.59,128.76L242.83,125.08L244.40,121.46L246.32,117.91L248.57,114.45L251.13,111.09L254.01,107.85L257.19,104.73L260.65,101.75L264.39,98.93L268.39,96.26L272.63,93.77L277.10,91.46L281.78,89.34L286.64,87.42L291.68,85.71L296.87,84.21L302.19,82.94L307.62,81.89L313.14,81.06L318.72,80.47L324.35,80.12L330.00,80.00L335.65,80.12L341.28,80.47L346.86,81.06L352.38,81.89L357.81,82.94L363.13,84.21L368.32,85.71L373.36,87.42L378.22,89.34L382.90,91.46L387.37,93.77L391.61,96.26L395.61,98.93L399.35,101.75L402.81,104.73L405.99,107.85L408.87,111.09L411.43,114.45L413.68,117.91L415.60,121.46L417.17,125.08L418.41,128.76L419.29,132.48L419.82,136.23"]
        RenderPath {rect} at (40,20) size 180x120 [fill={[type=RADIAL-GRADIENT] [stops=[(0.00,#FFFF00), (0.50,#008000), (1.00,#FFFFFF)]] [center=(50,50)] [focal=(50,50)] [radius=50.00]}] [data="M40.00,20.00L220.00,20.00L220.00,140.00L40.00,140.00"]
        RenderPath {rect} at (40,160) size 180x120 [fill={[type=RADIAL-GRADIENT] [stops=[(0.00,#FFFF00), (0.50,#770000), (1.00,#FFFFFF)]] [center=(50,50)] [focal=(50,50)] [radius=50.00]}] [data="M40.00,160.00L220.00,160.00L220.00,280.00L40.00,280.00"]
      RenderSVGText {text} at (10,340) size 480x46
        RenderSVGInlineText {#text} at (0,-36) size 264x46
          text run at (0,-36) width 264: "$Revision: 1.1 $"
      RenderPath {rect} at (0.50,0.50) size 479x359 [stroke={[type=SOLID] [color=#000000]}] [data="M1.00,1.00L479.00,1.00L479.00,359.00L1.00,359.00"]
