layer at (0,0) size 480x360
  RenderView at (0,0) size 480x360
    RenderSVGContainer {svg} at (0.50,0.50) size 479x359
      RenderSVGContainer {g} at (140,70) size 200x160
        RenderPath {circle} at (160,70) size 160x160 [fill={[type=SOLID] [color=#0000FF]}] [data="M320.00,150.00L319.84,155.02L319.37,160.03L318.58,164.99L317.49,169.90L316.08,174.72L314.38,179.45L312.39,184.06L310.10,188.54L307.55,192.87L304.72,197.02L301.64,200.99L298.32,204.76L294.76,208.32L290.99,211.64L287.02,214.72L282.87,217.55L278.54,220.10L274.06,222.39L269.45,224.38L264.72,226.08L259.90,227.49L254.99,228.58L250.03,229.37L245.02,229.84L240.00,230.00L234.98,229.84L229.97,229.37L225.01,228.58L220.10,227.49L215.28,226.08L210.55,224.38L205.94,222.39L201.46,220.10L197.13,217.55L192.98,214.72L189.01,211.64L185.24,208.32L181.68,204.76L178.36,200.99L175.28,197.02L172.45,192.87L169.90,188.54L167.61,184.06L165.62,179.45L163.92,174.72L162.51,169.90L161.42,164.99L160.63,160.03L160.16,155.02L160.00,150.00L160.16,144.98L160.63,139.97L161.42,135.01L162.51,130.10L163.92,125.28L165.62,120.55L167.61,115.94L169.90,111.46L172.45,107.13L175.28,102.98L178.36,99.01L181.68,95.24L185.24,91.68L189.01,88.36L192.98,85.28L197.13,82.45L201.46,79.90L205.94,77.61L210.55,75.62L215.28,73.92L220.10,72.51L225.01,71.42L229.97,70.63L234.98,70.16L240.00,70.00L245.02,70.16L250.03,70.63L254.99,71.42L259.90,72.51L264.72,73.92L269.45,75.62L274.06,77.61L278.54,79.90L282.87,82.45L287.02,85.28L290.99,88.36L294.76,91.68L298.32,95.24L301.64,99.01L304.72,102.98L307.55,107.13L310.10,111.46L312.39,115.94L314.38,120.55L316.08,125.28L317.49,130.10L318.58,135.01L319.37,139.97L319.84,144.98"]
        RenderSVGContainer {g} at (140,70) size 200x160
          RenderPath {rect} at (140,70) size 200x160 [fill={[type=SOLID] [color=#008000]}] [data="M140.00,70.00L340.00,70.00L340.00,230.00L140.00,230.00"]
      RenderSVGText {text} at (10,340) size 480x46
        RenderSVGInlineText {#text} at (0,-36) size 264x46
          text run at (0,-36) width 264: "$Revision: 1.1 $"
      RenderPath {rect} at (0.50,0.50) size 479x359 [stroke={[type=SOLID] [color=#000000]}] [data="M1.00,1.00L479.00,1.00L479.00,359.00L1.00,359.00"]
