layer at (0,0) size 480x360
  RenderView at (0,0) size 480x360
    RenderSVGContainer {svg} at (0.50,0.50) size 479x359
      RenderSVGContainer {g} at (150,142) size 260x106
        RenderSVGContainer {g} at (150,142) size 260x106
          RenderSVGText {text} at (50,100) size 480x0
          RenderSVGText {text} at (250,100) size 480x0
          RenderSVGText {text} at (50,170) size 480x0
          RenderSVGText {text} at (250,170) size 480x36
            RenderSVGInlineText {#text} at (0,-28) size 160x36
              text run at (0,-28) width 160: "And me, too!"
          RenderSVGText {text} at (150,240) size 480x36
            RenderSVGInlineText {#text} at (0,-28) size 116x36
              text run at (0,-28) width 116: "Select me"
      RenderSVGText {text} at (10,340) size 480x46
        RenderSVGInlineText {#text} at (0,-36) size 264x46
          text run at (0,-36) width 264: "$Revision: 1.5 $"
      RenderPath {rect} at (0.50,0.50) size 479x359 [stroke={[type=SOLID] [color=#000000]}] [data="M1.00,1.00L479.00,1.00L479.00,359.00L1.00,359.00"]
