CONSOLE MESSAGE: line 72: Error: Problem parsing points="300,100, 320,120, 340,110, 360,120, 390,90, 340,70"
CONSOLE MESSAGE: line 86: Error: Problem parsing points="300,100, 320,120, 340,110, 360,120, 390,90, 340,70"
layer at (0,0) size 480x360
  RenderView at (0,0) size 480x360
    RenderSVGContainer {svg} at (0.50,0) size 479x359.50
      RenderSVGContainer {g} at (40,0) size 434x280
        RenderSVGHiddenContainer {defs} at (0,0) size 0x0
          RenderSVGHiddenContainer {defs} at (0,0) size 0x0
        RenderSVGText {text} at (40,14) size 480x17
          RenderSVGInlineText {#text} at (0,-14) size 245x17
            text run at (0,-14) width 245: "Rectangle should be red not green"
        RenderSVGText {text} at (40,36) size 480x17
          RenderSVGInlineText {#text} at (0,-14) size 434x17
            text run at (0,-14) width 72: "This tests "
            text run at (72,-14) width 362: "element (GI) selectors: <rect /> and the selector rect"
        RenderSVGContainer {g} at (130,70) size 260x60
          RenderPath {circle} at (130,70) size 60x60 [fill={[type=SOLID] [color=#008000]}] [data="M190.00,100.00L189.94,101.88L189.76,103.76L189.47,105.62L189.06,107.46L188.53,109.27L187.89,111.04L187.14,112.77L186.29,114.45L185.33,116.07L184.27,117.63L183.12,119.12L181.87,120.54L180.54,121.87L179.12,123.12L177.63,124.27L176.07,125.33L174.45,126.29L172.77,127.14L171.04,127.89L169.27,128.53L167.46,129.06L165.62,129.47L163.76,129.76L161.88,129.94L160.00,130.00L158.12,129.94L156.24,129.76L154.38,129.47L152.54,129.06L150.73,128.53L148.96,127.89L147.23,127.14L145.55,126.29L143.93,125.33L142.37,124.27L140.88,123.12L139.46,121.87L138.13,120.54L136.88,119.12L135.73,117.63L134.67,116.07L133.71,114.45L132.86,112.77L132.11,111.04L131.47,109.27L130.94,107.46L130.53,105.62L130.24,103.76L130.06,101.88L130.00,100.00L130.06,98.12L130.24,96.24L130.53,94.38L130.94,92.54L131.47,90.73L132.11,88.96L132.86,87.23L133.71,85.55L134.67,83.93L135.73,82.37L136.88,80.88L138.13,79.46L139.46,78.13L140.88,76.88L142.37,75.73L143.93,74.67L145.55,73.71L147.23,72.86L148.96,72.11L150.73,71.47L152.54,70.94L154.38,70.53L156.24,70.24L158.12,70.06L160.00,70.00L161.88,70.06L163.76,70.24L165.62,70.53L167.46,70.94L169.27,71.47L171.04,72.11L172.77,72.86L174.45,73.71L176.07,74.67L177.63,75.73L179.12,76.88L180.54,78.13L181.87,79.46L183.12,80.88L184.27,82.37L185.33,83.93L186.29,85.55L187.14,87.23L187.89,88.96L188.53,90.73L189.06,92.54L189.47,94.38L189.76,96.24L189.94,98.12"]
          RenderPath {rect} at (220,80) size 60x40 [fill={[type=SOLID] [color=#FF0000]}] [data="M220.00,80.00L280.00,80.00L280.00,120.00L220.00,120.00"]
          RenderPath {polygon} at (300,70) size 90x50 [fill={[type=SOLID] [color=#008000]}] [data="M300.00,100.00L320.00,120.00L340.00,110.00L360.00,120.00L390.00,90.00L340.00,70.00"]
        RenderSVGContainer {g} at (40,150) size 368x130 [transform={m=((1.00,0.00)(0.00,1.00)) t=(0.00,150.00)}]
          RenderSVGText {text} at (40,14) size 480x17
            RenderSVGInlineText {#text} at (0,-14) size 343x17
              text run at (0,-14) width 343: "Circle should be red not green; rectangle still red"
          RenderSVGText {text} at (40,36) size 480x17
            RenderSVGInlineText {#text} at (0,-14) size 368x17
              text run at (0,-14) width 72: "This tests "
              text run at (72,-14) width 296: "class selectors: <circle class=\"warning\" />"
          RenderSVGText {text} at (40,58) size 480x17
            RenderSVGInlineText {#text} at (0,-14) size 178x17
              text run at (0,-14) width 178: "and the selector .warning"
          RenderSVGContainer {g} at (130,220) size 260x60
            RenderPath {circle} at (130,220) size 60x60 [fill={[type=SOLID] [color=#FF0000]}] [data="M190.00,100.00L189.94,101.88L189.76,103.76L189.47,105.62L189.06,107.46L188.53,109.27L187.89,111.04L187.14,112.77L186.29,114.45L185.33,116.07L184.27,117.63L183.12,119.12L181.87,120.54L180.54,121.87L179.12,123.12L177.63,124.27L176.07,125.33L174.45,126.29L172.77,127.14L171.04,127.89L169.27,128.53L167.46,129.06L165.62,129.47L163.76,129.76L161.88,129.94L160.00,130.00L158.12,129.94L156.24,129.76L154.38,129.47L152.54,129.06L150.73,128.53L148.96,127.89L147.23,127.14L145.55,126.29L143.93,125.33L142.37,124.27L140.88,123.12L139.46,121.87L138.13,120.54L136.88,119.12L135.73,117.63L134.67,116.07L133.71,114.45L132.86,112.77L132.11,111.04L131.47,109.27L130.94,107.46L130.53,105.62L130.24,103.76L130.06,101.88L130.00,100.00L130.06,98.12L130.24,96.24L130.53,94.38L130.94,92.54L131.47,90.73L132.11,88.96L132.86,87.23L133.71,85.55L134.67,83.93L135.73,82.37L136.88,80.88L138.13,79.46L139.46,78.13L140.88,76.88L142.37,75.73L143.93,74.67L145.55,73.71L147.23,72.86L148.96,72.11L150.73,71.47L152.54,70.94L154.38,70.53L156.24,70.24L158.12,70.06L160.00,70.00L161.88,70.06L163.76,70.24L165.62,70.53L167.46,70.94L169.27,71.47L171.04,72.11L172.77,72.86L174.45,73.71L176.07,74.67L177.63,75.73L179.12,76.88L180.54,78.13L181.87,79.46L183.12,80.88L184.27,82.37L185.33,83.93L186.29,85.55L187.14,87.23L187.89,88.96L188.53,90.73L189.06,92.54L189.47,94.38L189.76,96.24L189.94,98.12"]
            RenderPath {rect} at (220,230) size 60x40 [fill={[type=SOLID] [color=#FF0000]}] [data="M220.00,80.00L280.00,80.00L280.00,120.00L220.00,120.00"]
            RenderPath {polygon} at (300,220) size 90x50 [fill={[type=SOLID] [color=#008000]}] [data="M300.00,100.00L320.00,120.00L340.00,110.00L360.00,120.00L390.00,90.00L340.00,70.00"]
      RenderSVGText {text} at (10,340) size 480x46
        RenderSVGInlineText {#text} at (0,-36) size 264x46
          text run at (0,-36) width 264: "$Revision: 1.3 $"
      RenderPath {rect} at (0.50,0.50) size 479x359 [stroke={[type=SOLID] [color=#000000]}] [data="M1.00,1.00L479.00,1.00L479.00,359.00L1.00,359.00"]
