layer at (0,0) size 480x360
  RenderView at (0,0) size 480x360
    RenderSVGContainer {svg} at (0.50,0.50) size 479x359
      RenderSVGContainer {g} at (60,22) size 362x315
        RenderSVGText {text} at (360,50) size 480x35
          RenderSVGInlineText {#text} at (0,-28) size 49x35
            text run at (0,-28) width 49: "100"
        RenderSVGText {text} at (360,85) size 480x35
          RenderSVGInlineText {#text} at (0,-28) size 53x35
            text run at (0,-28) width 53: "200"
        RenderSVGText {text} at (360,120) size 480x35
          RenderSVGInlineText {#text} at (0,-28) size 53x35
            text run at (0,-28) width 53: "300"
        RenderSVGText {text} at (360,155) size 480x35
          RenderSVGInlineText {#text} at (0,-28) size 53x35
            text run at (0,-28) width 53: "400"
        RenderSVGText {text} at (360,190) size 480x35
          RenderSVGInlineText {#text} at (0,-28) size 52x35
            text run at (0,-28) width 52: "500"
        RenderSVGText {text} at (360,225) size 480x35
          RenderSVGInlineText {#text} at (0,-28) size 61x35
            text run at (0,-28) width 61: "600"
        RenderSVGText {text} at (360,260) size 480x35
          RenderSVGInlineText {#text} at (0,-28) size 59x35
            text run at (0,-28) width 59: "700"
        RenderSVGText {text} at (360,295) size 480x35
          RenderSVGInlineText {#text} at (0,-28) size 62x35
            text run at (0,-28) width 62: "800"
        RenderSVGText {text} at (360,330) size 480x35
          RenderSVGInlineText {#text} at (0,-28) size 61x35
            text run at (0,-28) width 61: "900"
        RenderSVGText {text} at (60,80) size 480x35
          RenderSVGInlineText {#text} at (0,-28) size 177x35
            text run at (0,-28) width 177: "This is bold"
        RenderSVGText {text} at (60,130) size 480x35
          RenderSVGInlineText {#text} at (0,-28) size 190x35
            text run at (0,-28) width 190: "This is normal"
        RenderSVGContainer {g} at (60,152) size 213x35
          RenderSVGText {text} at (60,180) size 480x35
            RenderSVGInlineText {#text} at (0,-28) size 213x35
              text run at (0,-28) width 213: "Blue is bolder"
        RenderSVGContainer {g} at (60,202) size 184x35
          RenderSVGText {text} at (60,230) size 480x35
            RenderSVGInlineText {#text} at (0,-28) size 184x35
              text run at (0,-28) width 184: "Blue is lighter"
      RenderSVGText {text} at (10,340) size 480x46
        RenderSVGInlineText {#text} at (0,-36) size 264x46
          text run at (0,-36) width 264: "$Revision: 1.7 $"
      RenderPath {rect} at (0.50,0.50) size 479x359 [stroke={[type=SOLID] [color=#000000]}] [data="M1.00,1.00L479.00,1.00L479.00,359.00L1.00,359.00"]
