layer at (0,0) size 480x360
  RenderView at (0,0) size 480x360
    RenderSVGContainer {svg} at (0.50,0.50) size 696.50x359
      RenderSVGContainer {g} at (10,6) size 687x236
        RenderSVGText {text} at (10,20) size 480x17
          RenderSVGInlineText {#text} at (0,-14) size 138x17
            text run at (0,-14) width 138: "Test horizontal text."
        RenderSVGContainer {g} at (10,45) size 687x197
          RenderSVGText {text} at (10,60) size 480x17
            RenderSVGInlineText {#text} at (0,-15) size 378x17
              text run at (0,-15) width 378: "Polish: Mog\x{119} je\x{15B}\x{107} szk\x{142}o, i mi nie szkodzi."
          RenderSVGText {text} at (10,90) size 480x17
            RenderSVGInlineText {#text} at (0,-15) size 655x17
              text run at (0,-15) width 655: "Russian: \x{42F} \x{43C}\x{43E}\x{433}\x{443} \x{435}\x{441}\x{442}\x{44C} \x{441}\x{442}\x{435}\x{43A}\x{43B}\x{43E}, \x{44D}\x{442}\x{43E} \x{43C}\x{43D}\x{435} \x{43D}\x{435} \x{432}\x{440}\x{435}\x{434}\x{438}\x{442}."
          RenderSVGText {text} at (10,120) size 480x15
            RenderSVGInlineText {#text} at (0,-13) size 687x15
              text run at (0,-13) width 687: "Greek: \x{39C}\x{3C0}\x{3BF}\x{3C1}\x{3CE} \x{3BD}\x{3B1} \x{3C6}\x{3AC}\x{3C9} \x{3C3}\x{3C0}\x{3B1}\x{3C3}\x{3BC}\x{3AD}\x{3BD}\x{3B1} \x{3B3}\x{3C5}\x{3B1}\x{3BB}\x{3B9}\x{3AC} \x{3C7}\x{3C9}\x{3C1}\x{3AF}\x{3C2} \x{3BD}\x{3B1} \x{3C0}\x{3AC}\x{3B8}\x{3C9} \x{3C4}\x{3AF}\x{3C0}\x{3BF}\x{3C4}\x{3B1}."
          RenderSVGText {text} at (10,150) size 480x17
            RenderSVGInlineText {#text} at (0,-15) size 485x17
              text run at (0,-15) width 54: "Text \""
              text run at (54,-15) width 305 RTL: "\x{5D0}\x{5E0}\x{5D9} \x{5D9}\x{5DB}\x{5D5}\x{5DC} \x{5DC}\x{5D0}\x{5DB}\x{5D5}\x{5DC} \x{5D6}\x{5DB}\x{5D5}\x{5DB}\x{5D9}\x{5EA} \x{5D5}\x{5D6}\x{5D4} \x{5DC}\x{5D0} \x{5DE}\x{5D6}\x{5D9}\x{5E7} \x{5DC}\x{5D9}"
              text run at (359,-15) width 126: "\" is in Hebrew"
          RenderSVGText {text} at (10,180) size 480x17
            RenderSVGInlineText {#text} at (0,-15) size 439x17
              text run at (0,-15) width 81: "Yiddish: "
              text run at (81,-15) width 349 RTL: "\x{5D0}\x{5D9}\x{5DA} \x{5E7}\x{5E2}\x{5DF} \x{5E2}\x{5E1}\x{5DF} \x{5D2}\x{5DC}\x{5D0}\x{5B8}\x{5D6} \x{5D0}\x{5D5}\x{5DF} \x{5E2}\x{5E1} \x{5D8}\x{5D5}\x{5D8} \x{5DE}\x{5D9}\x{5E8} \x{5E0}\x{5D9}\x{5E9}\x{5D8} \x{5F0}\x{5F2}"
              text run at (430,-15) width 9: "."
          RenderSVGText {text} at (10,210) size 480x17
            RenderSVGInlineText {#text} at (0,-15) size 276x17
              text run at (0,-15) width 276: "Chinese:\x{6211}\x{80FD}\x{541E}\x{4E0B}\x{73BB}\x{7483}\x{800C}\x{4E0D}\x{4F24}\x{8EAB}\x{4F53}\x{3002}"
          RenderSVGText {text} at (10,240) size 480x15
            RenderSVGInlineText {#text} at (0,-13) size 455x15
              text run at (0,-13) width 455: "Japanese: \x{79C1}\x{306F}\x{30AC}\x{30E9}\x{30B9}\x{3092}\x{98DF}\x{3079}\x{3089}\x{308C}\x{307E}\x{3059}\x{3002}\x{305D}\x{308C}\x{306F}\x{79C1}\x{3092}\x{50B7}\x{3064}\x{3051}\x{307E}\x{305B}\x{3093}\x{3002}"
      RenderSVGText {text} at (10,340) size 480x46
        RenderSVGInlineText {#text} at (0,-36) size 284x46
          text run at (0,-36) width 284: "$Revision: 1.10 $"
      RenderPath {rect} at (0.50,0.50) size 479x359 [stroke={[type=SOLID] [color=#000000]}] [data="M1.00,1.00L479.00,1.00L479.00,359.00L1.00,359.00"]
