layer at (0,0) size 480x360
  RenderView at (0,0) size 480x360
    KCanvasContainer {svg} at (0.50,0.50) size 479x359
      KCanvasContainer {g} at (5,9) size 452x277
        RenderSVGText {text} at (5,40) size 480x38
          RenderSVGInlineText {#text} at (0,-31) size 435x38
            text run at (0,-31) width 435: "Test 'text-anchor' (horizontal)"
        KCanvasContainer {g} at (20,103) size 437x183
          KCanvasContainer {g} at (227,103) size 230x33 [transform={m=((1.00,0.00)(0.00,1.00)) t=(230.00,130.00)}]
            KCanvasItem {line} at (230,129.50) size 50x1 [stroke={[type=SOLID] [color=#000000]}] [fill={[type=SOLID] [color=#000000]}] [data="M0.00,0.00L50.00,0.00"]
            KCanvasItem {circle} at (227,127) size 6x6 [fill={[type=SOLID] [color=#000000]}] [data="M3.00,0.00L2.99,0.19L2.98,0.38L2.95,0.56L2.91,0.75L2.85,0.93L2.79,1.10L2.71,1.28L2.63,1.45L2.53,1.61L2.43,1.76L2.31,1.91L2.19,2.05L2.05,2.19L1.91,2.31L1.76,2.43L1.61,2.53L1.45,2.63L1.28,2.71L1.10,2.79L0.93,2.85L0.75,2.91L0.56,2.95L0.38,2.98L0.19,2.99L0.00,3.00L-0.19,2.99L-0.38,2.98L-0.56,2.95L-0.75,2.91L-0.93,2.85L-1.10,2.79L-1.28,2.71L-1.45,2.63L-1.61,2.53L-1.76,2.43L-1.91,2.31L-2.05,2.19L-2.19,2.05L-2.31,1.91L-2.43,1.76L-2.53,1.61L-2.63,1.45L-2.71,1.28L-2.79,1.10L-2.85,0.93L-2.91,0.75L-2.95,0.56L-2.98,0.38L-2.99,0.19L-3.00,0.00L-2.99,-0.19L-2.98,-0.38L-2.95,-0.56L-2.91,-0.75L-2.85,-0.93L-2.79,-1.10L-2.71,-1.28L-2.63,-1.45L-2.53,-1.61L-2.43,-1.76L-2.31,-1.91L-2.19,-2.05L-2.05,-2.19L-1.91,-2.31L-1.76,-2.43L-1.61,-2.53L-1.45,-2.63L-1.28,-2.71L-1.10,-2.79L-0.93,-2.85L-0.75,-2.91L-0.56,-2.95L-0.38,-2.98L-0.19,-2.99L-0.00,-3.00L0.19,-2.99L0.38,-2.98L0.56,-2.95L0.75,-2.91L0.93,-2.85L1.10,-2.79L1.28,-2.71L1.45,-2.63L1.61,-2.53L1.76,-2.43L1.91,-2.31L2.05,-2.19L2.19,-2.05L2.31,-1.91L2.43,-1.76L2.53,-1.61L2.63,-1.45L2.71,-1.28L2.79,-1.10L2.85,-0.93L2.91,-0.75L2.95,-0.56L2.98,-0.38L2.99,-0.19"]
            RenderSVGText {text} at (0,0) size 480x33
              RenderSVGInlineText {#text} at (0,-27) size 227x33
                text run at (0,-27) width 227: "text-anchor:none"
          KCanvasContainer {g} at (227,153) size 220x33 [transform={m=((1.00,0.00)(0.00,1.00)) t=(230.00,180.00)}]
            KCanvasItem {line} at (230,179.50) size 50x1 [stroke={[type=SOLID] [color=#000000]}] [fill={[type=SOLID] [color=#000000]}] [data="M0.00,0.00L50.00,0.00"]
            KCanvasItem {circle} at (227,177) size 6x6 [fill={[type=SOLID] [color=#000000]}] [data="M3.00,0.00L2.99,0.19L2.98,0.38L2.95,0.56L2.91,0.75L2.85,0.93L2.79,1.10L2.71,1.28L2.63,1.45L2.53,1.61L2.43,1.76L2.31,1.91L2.19,2.05L2.05,2.19L1.91,2.31L1.76,2.43L1.61,2.53L1.45,2.63L1.28,2.71L1.10,2.79L0.93,2.85L0.75,2.91L0.56,2.95L0.38,2.98L0.19,2.99L0.00,3.00L-0.19,2.99L-0.38,2.98L-0.56,2.95L-0.75,2.91L-0.93,2.85L-1.10,2.79L-1.28,2.71L-1.45,2.63L-1.61,2.53L-1.76,2.43L-1.91,2.31L-2.05,2.19L-2.19,2.05L-2.31,1.91L-2.43,1.76L-2.53,1.61L-2.63,1.45L-2.71,1.28L-2.79,1.10L-2.85,0.93L-2.91,0.75L-2.95,0.56L-2.98,0.38L-2.99,0.19L-3.00,0.00L-2.99,-0.19L-2.98,-0.38L-2.95,-0.56L-2.91,-0.75L-2.85,-0.93L-2.79,-1.10L-2.71,-1.28L-2.63,-1.45L-2.53,-1.61L-2.43,-1.76L-2.31,-1.91L-2.19,-2.05L-2.05,-2.19L-1.91,-2.31L-1.76,-2.43L-1.61,-2.53L-1.45,-2.63L-1.28,-2.71L-1.10,-2.79L-0.93,-2.85L-0.75,-2.91L-0.56,-2.95L-0.38,-2.98L-0.19,-2.99L-0.00,-3.00L0.19,-2.99L0.38,-2.98L0.56,-2.95L0.75,-2.91L0.93,-2.85L1.10,-2.79L1.28,-2.71L1.45,-2.63L1.61,-2.53L1.76,-2.43L1.91,-2.31L2.05,-2.19L2.19,-2.05L2.31,-1.91L2.43,-1.76L2.53,-1.61L2.63,-1.45L2.71,-1.28L2.79,-1.10L2.85,-0.93L2.91,-0.75L2.95,-0.56L2.98,-0.38L2.99,-0.19"]
            RenderSVGText {text} at (0,0) size 480x33
              RenderSVGInlineText {#text} at (0,-27) size 217x33
                text run at (0,-27) width 217: "text-anchor:start"
          KCanvasContainer {g} at (106,203) size 249x33 [transform={m=((1.00,0.00)(0.00,1.00)) t=(230.00,230.00)}]
            KCanvasItem {line} at (205,229.50) size 50x1 [stroke={[type=SOLID] [color=#000000]}] [fill={[type=SOLID] [color=#000000]}] [data="M-25.00,0.00L25.00,0.00"]
            KCanvasItem {circle} at (227,227) size 6x6 [fill={[type=SOLID] [color=#000000]}] [data="M3.00,0.00L2.99,0.19L2.98,0.38L2.95,0.56L2.91,0.75L2.85,0.93L2.79,1.10L2.71,1.28L2.63,1.45L2.53,1.61L2.43,1.76L2.31,1.91L2.19,2.05L2.05,2.19L1.91,2.31L1.76,2.43L1.61,2.53L1.45,2.63L1.28,2.71L1.10,2.79L0.93,2.85L0.75,2.91L0.56,2.95L0.38,2.98L0.19,2.99L0.00,3.00L-0.19,2.99L-0.38,2.98L-0.56,2.95L-0.75,2.91L-0.93,2.85L-1.10,2.79L-1.28,2.71L-1.45,2.63L-1.61,2.53L-1.76,2.43L-1.91,2.31L-2.05,2.19L-2.19,2.05L-2.31,1.91L-2.43,1.76L-2.53,1.61L-2.63,1.45L-2.71,1.28L-2.79,1.10L-2.85,0.93L-2.91,0.75L-2.95,0.56L-2.98,0.38L-2.99,0.19L-3.00,0.00L-2.99,-0.19L-2.98,-0.38L-2.95,-0.56L-2.91,-0.75L-2.85,-0.93L-2.79,-1.10L-2.71,-1.28L-2.63,-1.45L-2.53,-1.61L-2.43,-1.76L-2.31,-1.91L-2.19,-2.05L-2.05,-2.19L-1.91,-2.31L-1.76,-2.43L-1.61,-2.53L-1.45,-2.63L-1.28,-2.71L-1.10,-2.79L-0.93,-2.85L-0.75,-2.91L-0.56,-2.95L-0.38,-2.98L-0.19,-2.99L-0.00,-3.00L0.19,-2.99L0.38,-2.98L0.56,-2.95L0.75,-2.91L0.93,-2.85L1.10,-2.79L1.28,-2.71L1.45,-2.63L1.61,-2.53L1.76,-2.43L1.91,-2.31L2.05,-2.19L2.19,-2.05L2.31,-1.91L2.43,-1.76L2.53,-1.61L2.63,-1.45L2.71,-1.28L2.79,-1.10L2.85,-0.93L2.91,-0.75L2.95,-0.56L2.98,-0.38L2.99,-0.19"]
            RenderSVGText {text} at (0,0) size 480x33
              RenderSVGInlineText {#text} at (-124,-27) size 249x33
                text run at (-124,-27) width 249: "text-anchor:middle"
          KCanvasContainer {g} at (20,253) size 213x33 [transform={m=((1.00,0.00)(0.00,1.00)) t=(230.00,280.00)}]
            KCanvasItem {line} at (180,279.50) size 50x1 [stroke={[type=SOLID] [color=#000000]}] [fill={[type=SOLID] [color=#000000]}] [data="M-50.00,0.00L0.00,0.00"]
            KCanvasItem {circle} at (227,277) size 6x6 [fill={[type=SOLID] [color=#000000]}] [data="M3.00,0.00L2.99,0.19L2.98,0.38L2.95,0.56L2.91,0.75L2.85,0.93L2.79,1.10L2.71,1.28L2.63,1.45L2.53,1.61L2.43,1.76L2.31,1.91L2.19,2.05L2.05,2.19L1.91,2.31L1.76,2.43L1.61,2.53L1.45,2.63L1.28,2.71L1.10,2.79L0.93,2.85L0.75,2.91L0.56,2.95L0.38,2.98L0.19,2.99L0.00,3.00L-0.19,2.99L-0.38,2.98L-0.56,2.95L-0.75,2.91L-0.93,2.85L-1.10,2.79L-1.28,2.71L-1.45,2.63L-1.61,2.53L-1.76,2.43L-1.91,2.31L-2.05,2.19L-2.19,2.05L-2.31,1.91L-2.43,1.76L-2.53,1.61L-2.63,1.45L-2.71,1.28L-2.79,1.10L-2.85,0.93L-2.91,0.75L-2.95,0.56L-2.98,0.38L-2.99,0.19L-3.00,0.00L-2.99,-0.19L-2.98,-0.38L-2.95,-0.56L-2.91,-0.75L-2.85,-0.93L-2.79,-1.10L-2.71,-1.28L-2.63,-1.45L-2.53,-1.61L-2.43,-1.76L-2.31,-1.91L-2.19,-2.05L-2.05,-2.19L-1.91,-2.31L-1.76,-2.43L-1.61,-2.53L-1.45,-2.63L-1.28,-2.71L-1.10,-2.79L-0.93,-2.85L-0.75,-2.91L-0.56,-2.95L-0.38,-2.98L-0.19,-2.99L-0.00,-3.00L0.19,-2.99L0.38,-2.98L0.56,-2.95L0.75,-2.91L0.93,-2.85L1.10,-2.79L1.28,-2.71L1.45,-2.63L1.61,-2.53L1.76,-2.43L1.91,-2.31L2.05,-2.19L2.19,-2.05L2.31,-1.91L2.43,-1.76L2.53,-1.61L2.63,-1.45L2.71,-1.28L2.79,-1.10L2.85,-0.93L2.91,-0.75L2.95,-0.56L2.98,-0.38L2.99,-0.19"]
            RenderSVGText {text} at (0,0) size 480x33
              RenderSVGInlineText {#text} at (-210,-27) size 210x33
                text run at (-210,-27) width 210: "text-anchor:end"
      RenderSVGText {text} at (10,340) size 480x46
        RenderSVGInlineText {#text} at (0,-36) size 264x46
          text run at (0,-36) width 264: "$Revision: 1.1 $"
      KCanvasItem {rect} at (0.50,0.50) size 479x359 [stroke={[type=SOLID] [color=#000000]}] [data="M1.00,1.00L479.00,1.00L479.00,359.00L1.00,359.00"]
