layer at (0,0) size 480x360
  RenderView at (0,0) size 480x360
    RenderSVGContainer {svg} at (0.50,0.50) size 479x359.50
      RenderSVGContainer {g} at (10,9) size 376x321
        RenderSVGHiddenContainer {defs} at (0,0) size 0x0
        RenderSVGHiddenContainer {defs} at (0,0) size 0x0
          RenderSVGContainer {g} at (-4,-15) size 8x19
            RenderPath {line} at (-0.50,-15) size 1x15 [stroke={[type=SOLID] [color=#FF0000]}] [fill={[type=SOLID] [color=#000000]}] [data="M0.00,0.00L0.00,-15.00"]
            RenderPath {rect} at (-4,-4) size 8x8 [fill={[type=SOLID] [color=#000000]}] [data="M-4.00,-4.00L4.00,-4.00L4.00,4.00L-4.00,4.00"]
        RenderSVGContainer {g} at (10,56) size 44x258 [transform={m=((1.00,0.00)(0.00,1.00)) t=(10.00,40.00)}]
          RenderSVGText {text} at (0,30) size 480x18
            RenderSVGInlineText {#text} at (0,-14) size 44x18
              text run at (0,-14) width 44: "1.x 1.y"
          RenderSVGText {text} at (0,60) size 480x18
            RenderSVGInlineText {#text} at (0,-14) size 44x18
              text run at (0,-14) width 44: "4.x 1.y"
          RenderSVGText {text} at (0,90) size 480x18
            RenderSVGInlineText {#text} at (0,-14) size 44x18
              text run at (0,-14) width 44: "2.x 1.y"
          RenderSVGText {text} at (0,120) size 480x18
            RenderSVGInlineText {#text} at (0,-14) size 44x18
              text run at (0,-14) width 44: "1.x 4.y"
          RenderSVGText {text} at (0,150) size 480x18
            RenderSVGInlineText {#text} at (0,-14) size 44x18
              text run at (0,-14) width 44: "4.x 4.y"
          RenderSVGText {text} at (0,180) size 480x18
            RenderSVGInlineText {#text} at (0,-14) size 44x18
              text run at (0,-14) width 44: "2.x 4.y"
          RenderSVGText {text} at (0,210) size 480x18
            RenderSVGInlineText {#text} at (0,-14) size 44x18
              text run at (0,-14) width 44: "1.x 2.y"
          RenderSVGText {text} at (0,240) size 480x18
            RenderSVGInlineText {#text} at (0,-14) size 44x18
              text run at (0,-14) width 44: "4.x 2.y"
          RenderSVGText {text} at (0,270) size 480x18
            RenderSVGInlineText {#text} at (0,-14) size 44x18
              text run at (0,-14) width 44: "2.x 2.y"
        RenderSVGContainer {g} at (115,9) size 71x321 [transform={m=((1.00,0.00)(0.00,1.00)) t=(150.00,40.00)}]
          RenderSVGText {text} at (0,-17) size 480x18
            RenderSVGInlineText {#text} at (-35,-14) size 71x18
              text run at (-35,-14) width 71: "text-anchor"
          RenderSVGText {text} at (0,-3) size 480x18
            RenderSVGInlineText {#text} at (-13,-14) size 26x18
              text run at (-13,-14) width 26: "start"
          RenderPath {line} at (149.50,50) size 1x280 [stroke={[type=SOLID] [color=#FF0000]}] [fill={[type=SOLID] [color=#000000]}] [data="M0.00,10.00L0.00,290.00"]
          RenderSVGContainer {g} at (150,60) size 30x243
            RenderSVGText {text} at (0,30) size 480x13
              RenderSVGInlineText {#text} at (0,-10) size 20x13
                text run at (0,-10) width 20: "1234"
            RenderSVGText {text} at (10,60) size 480x13
              RenderSVGInlineText {#text} at (0,-10) size 20x13
                text run at (0,-10) width 20: "1234"
            RenderSVGText {text} at (10,90) size 480x13
              RenderSVGInlineText {#text} at (0,-10) size 20x13
                text run at (0,-10) width 20: "1234"
            RenderSVGContainer {g} at (150,140) size 20x13 [transform={m=((1.00,0.00)(0.00,1.00)) t=(0.00,120.00)}]
              RenderSVGText {text} at (0,-10) size 480x13
                RenderSVGInlineText {#text} at (0,-10) size 20x13
                  text run at (0,-10) width 20: "1234"
            RenderSVGContainer {g} at (160,170) size 20x13 [transform={m=((1.00,0.00)(0.00,1.00)) t=(0.00,150.00)}]
              RenderSVGText {text} at (10,-10) size 480x13
                RenderSVGInlineText {#text} at (0,-10) size 20x13
                  text run at (0,-10) width 20: "1234"
            RenderSVGContainer {g} at (160,200) size 20x13 [transform={m=((1.00,0.00)(0.00,1.00)) t=(0.00,180.00)}]
              RenderSVGText {text} at (10,-10) size 480x13
                RenderSVGInlineText {#text} at (0,-10) size 20x13
                  text run at (0,-10) width 20: "1234"
            RenderSVGContainer {g} at (150,230) size 20x13 [transform={m=((1.00,0.00)(0.00,1.00)) t=(0.00,210.00)}]
              RenderSVGText {text} at (0,-10) size 480x13
                RenderSVGInlineText {#text} at (0,-10) size 20x13
                  text run at (0,-10) width 20: "1234"
            RenderSVGContainer {g} at (160,260) size 20x13 [transform={m=((1.00,0.00)(0.00,1.00)) t=(0.00,240.00)}]
              RenderSVGText {text} at (10,-10) size 480x13
                RenderSVGInlineText {#text} at (0,-10) size 20x13
                  text run at (0,-10) width 20: "1234"
            RenderSVGContainer {g} at (160,290) size 20x13 [transform={m=((1.00,0.00)(0.00,1.00)) t=(0.00,270.00)}]
              RenderSVGText {text} at (10,-10) size 480x13
                RenderSVGInlineText {#text} at (0,-10) size 20x13
                  text run at (0,-10) width 20: "1234"
        RenderSVGContainer {g} at (215,9) size 71x321 [transform={m=((1.00,0.00)(0.00,1.00)) t=(250.00,40.00)}]
          RenderSVGText {text} at (0,-17) size 480x18
            RenderSVGInlineText {#text} at (-35,-14) size 71x18
              text run at (-35,-14) width 71: "text-anchor"
          RenderSVGText {text} at (0,-3) size 480x18
            RenderSVGInlineText {#text} at (-21,-14) size 43x18
              text run at (-21,-14) width 43: "middle"
          RenderPath {line} at (249.50,50) size 1x280 [stroke={[type=SOLID] [color=#FF0000]}] [fill={[type=SOLID] [color=#000000]}] [data="M0.00,10.00L0.00,290.00"]
        RenderSVGContainer {g} at (315,9) size 71x321 [transform={m=((1.00,0.00)(0.00,1.00)) t=(350.00,40.00)}]
          RenderSVGText {text} at (0,-17) size 480x18
            RenderSVGInlineText {#text} at (-35,-14) size 71x18
              text run at (-35,-14) width 71: "text-anchor"
          RenderSVGText {text} at (0,-3) size 480x18
            RenderSVGInlineText {#text} at (-11,-14) size 23x18
              text run at (-11,-14) width 23: "end"
          RenderPath {line} at (349.50,50) size 1x280 [stroke={[type=SOLID] [color=#FF0000]}] [fill={[type=SOLID] [color=#000000]}] [data="M0.00,10.00L0.00,290.00"]
      RenderSVGText {text} at (10,350) size 480x46
        RenderSVGInlineText {#text} at (0,-36) size 264x46
          text run at (0,-36) width 264: "$Revision: 1.8 $"
      RenderPath {rect} at (0.50,0.50) size 479x359 [stroke={[type=SOLID] [color=#000000]}] [data="M1.00,1.00L479.00,1.00L479.00,359.00L1.00,359.00"]
