layer at (0,0) size 480x360
  RenderView at (0,0) size 480x360
    RenderSVGContainer {svg} at (0.50,-6) size 485.50x365.50
      RenderSVGContainer {g} at (17,-6) size 469x261
        RenderSVGText {text} at (19,60) size 480x77 [color=#FF0000]
          RenderSVGInlineText {#text} at (0,-64) size 395x77
            text run at (0,-64) width 395: "Normal Text"
        RenderSVGText {text} at (19,120) size 480x77 [color=#FF0000]
          RenderSVGInlineText {#text} at (0,-64) size 345x77
            text run at (0,-64) width 345: "Fill opacity"
        RenderSVGText {text} at (19,180) size 480x77 [color=#FF0000]
          RenderSVGInlineText {#text} at (0,-64) size 465x77
            text run at (0,-64) width 465: "Stroke opacity"
        RenderSVGText {text} at (19,240) size 480x77 [color=#FF0000]
          RenderSVGInlineText {#text} at (0,-64) size 242x77
            text run at (0,-64) width 242: "Opacity"
      RenderSVGText {text} at (10,340) size 480x46
        RenderSVGInlineText {#text} at (0,-36) size 264x46
          text run at (0,-36) width 264: "$Revision: 1.3 $"
      RenderPath {rect} at (0.50,0.50) size 479x359 [stroke={[type=SOLID] [color=#000000]}] [data="M1.00,1.00L479.00,1.00L479.00,359.00L1.00,359.00"]
