layer at (0,0) size 480x360
  RenderCanvas at (0,0) size 480x360
    KCanvasContainer {svg} at (0.50,0.50) size 479x359
      KCanvasContainer {g} at (17,73.75) size 454x225
        RenderSVGText {text} at (0,0) size 465x18
          RenderText {TEXT} at (0,0) size 420x18
            text run at (0,0) width 420: "Basics of tspan: changing visual properties and positioning."
        KCanvasContainer {g} at (47,73.75) size 311.50x54.50
          RenderSVGText {text} at (0,0) size 465x18
            RenderText {TEXT} at (0,0) size 56x18
              text run at (0,0) width 56: "You are"
            RenderText {TEXT} at (56,0) size 71x18
              text run at (56,0) width 71: "a banana."
          KCanvasItem {rect} at (47,73.75) size 311.50x54.50 [stroke={[type=SOLID] [color=#000000]}] [data="M47.50,74.25L358.00,74.25L358.00,127.75L47.50,127.75"]
          RenderSVGText {text} at (0,0) size 465x18
            RenderText {TEXT} at (0,0) size 208x18
              text run at (0,0) width 208: "Text: \"You are not a banana.\""
          RenderSVGText {text} at (0,0) size 465x18
            RenderText {TEXT} at (0,0) size 284x18
              text run at (0,0) width 284: "'tspan' changes visual attributes of \"not\","
          RenderSVGText {text} at (0,0) size 465x18
            RenderText {TEXT} at (0,0) size 83x18
              text run at (0,0) width 83: "to red, bold."
        KCanvasContainer {g} at (224.50,178.50) size 246.50x54.50
          RenderSVGText {text} at (0,0) size 465x18
            RenderText {TEXT} at (0,0) size 54x18
              text run at (0,0) width 54: "But you"
          KCanvasItem {rect} at (224.50,178.50) size 246.50x54.50 [stroke={[type=SOLID] [color=#000000]}] [data="M225.00,179.00L470.50,179.00L470.50,232.50L225.00,232.50"]
          RenderSVGText {text} at (0,0) size 465x18
            RenderText {TEXT} at (0,0) size 197x18
              text run at (0,0) width 197: "Text: \"But you are a peach!\""
          RenderSVGText {text} at (0,0) size 465x18
            RenderText {TEXT} at (0,0) size 227x18
              text run at (0,0) width 227: "Using dx,dy, 'tspan' raises \"are\","
          RenderSVGText {text} at (0,0) size 465x18
            RenderText {TEXT} at (0,0) size 173x18
              text run at (0,0) width 173: "'tspan' lowers \"a peach!\""
        KCanvasContainer {g} at (17,244.25) size 336.50x54.50
          RenderSVGText {text} at (0,0) size 465x0
          KCanvasItem {rect} at (17,244.25) size 336.50x54.50 [stroke={[type=SOLID] [color=#000000]}] [data="M17.50,244.75L353.00,244.75L353.00,298.25L17.50,298.25"]
          RenderSVGText {text} at (0,0) size 465x18
            RenderText {TEXT} at (0,0) size 161x18
              text run at (0,0) width 161: "Text: \"Cute and fuzzy.\""
          RenderSVGText {text} at (0,0) size 465x18
            RenderText {TEXT} at (0,0) size 318x18
              text run at (0,0) width 318: "'tspan' char-by-char placement of \"Cute and\","
          RenderSVGText {text} at (0,0) size 465x18
            RenderText {TEXT} at (0,0) size 258x18
              text run at (0,0) width 258: "'tspan' char-by-char \"fuzzy\", below it."
      RenderSVGText {text} at (0,0) size 465x46
        RenderText {TEXT} at (0,0) size 314x46
          text run at (0,0) width 314: "$Revision$"
      KCanvasItem {rect} at (0.50,0.50) size 479x359 [stroke={[type=SOLID] [color=#000000]}] [data="M1.00,1.00L479.00,1.00L479.00,359.00L1.00,359.00"]
