layer at (0,0) size 480x360
  RenderView at (0,0) size 480x360
    RenderSVGContainer {svg} at (0.50,0.50) size 479x359
      RenderSVGContainer {g} at (24,52) size 412x196
        RenderSVGText {text} at (460,80) size 480x36
          RenderSVGInlineText {#text} at (-341,-28) size 341x36
            text run at (-341,-28) width 341 RTL: "\x{644}\x{645}\x{627}\x{630}\x{627} \x{644}\x{627} \x{64A}\x{62A}\x{643}\x{644}\x{645}\x{648}\x{646} \x{627}\x{644}\x{644}\x{651}\x{63A}\x{629} \x{627}\x{644}\x{639}\x{631}\x{628}\x{64A}\x{629} \x{641}\x{62D}\x{633}\x{628}\x{61F}"
        RenderSVGText {text} at (460,160) size 480x41
          RenderSVGInlineText {#text} at (-412,-32) size 412x41
            text run at (-412,-32) width 412 RTL: "\x{644}\x{645}\x{627}\x{630}\x{627} \x{644}\x{627} \x{64A}\x{62A}\x{643}\x{644}\x{645}\x{648}\x{646} \x{627}\x{644}\x{644}\x{651}\x{63A}\x{629} \x{627}\x{644}\x{639}\x{631}\x{628}\x{64A}\x{629} \x{641}\x{62D}\x{633}\x{628}\x{61F}"
        RenderSVGText {text} at (460,240) size 480x36
          RenderSVGInlineText {#text} at (-341,-28) size 341x36
            text run at (-341,-28) width 341 RTL: "\x{644}\x{645}\x{627}\x{630}\x{627} \x{644}\x{627} \x{64A}\x{62A}\x{643}\x{644}\x{645}\x{648}\x{646} \x{627}\x{644}\x{644}\x{651}\x{63A}\x{629} \x{627}\x{644}\x{639}\x{631}\x{628}\x{64A}\x{629} \x{641}\x{62D}\x{633}\x{628}\x{61F}"
      RenderSVGText {text} at (10,340) size 480x46
        RenderSVGInlineText {#text} at (0,-36) size 264x46
          text run at (0,-36) width 264: "$Revision: 1.4 $"
      RenderPath {rect} at (0.50,0.50) size 479x359 [stroke={[type=SOLID] [color=#000000]}] [data="M1.00,1.00L479.00,1.00L479.00,359.00L1.00,359.00"]
