layer at (0,0) size 480x360
  RenderView at (0,0) size 480x360
    KCanvasContainer {svg} at (0.50,-2) size 669.50x361.50
      KCanvasContainer {g} at (70,-2) size 600x87
        KCanvasContainer {g} at (70,-2) size 600x87
          RenderSVGText {text} at (70,10) size 480x14
            RenderSVGInlineText {#text} at (0,-12) size 294x14
              text run at (0,-12) width 294: "Text \"\x{6211}\x{80FD}\x{541E}\x{4E0B}\x{73BB}\x{7483}\x{800C}\x{4E0D}\x{4F24}\x{8EAB}\x{4F53}\x{3002}\" in Chinese"
          RenderSVGText {text} at (230,10) size 480x13
            RenderSVGInlineText {#text} at (0,-11) size 395x13
              text run at (0,-11) width 395: "Japanese: \x{79C1}\x{306F}\x{30AC}\x{30E9}\x{30B9}\x{3092}\x{98DF}\x{3079}\x{3089}\x{308C}\x{307E}\x{3059}\x{3002}\x{305D}\x{308C}\x{306F}\x{79C1}\x{3092}\x{50B7}\x{3064}\x{3051}\x{307E}\x{305B}\x{3093}\x{3002}"
          RenderSVGText {text} at (370,13) size 480x10
            RenderSVGInlineText {#text} at (0,-9) size 300x10
              text run at (0,-9) width 300: "Japanese: \x{79C1}\x{306F}\x{30AC}\x{30E9}\x{30B9}\x{3092}\x{98DF}\x{3079}\x{3089}\x{308C}\x{307E}\x{3059}\x{3002}\x{305D}\x{308C}\x{306F}\x{79C1}\x{3092}\x{50B7}\x{3064}\x{3051}\x{307E}\x{305B}\x{3093}\x{3002}"
          RenderSVGText {text} at (120,80) size 480x33
            RenderSVGInlineText {#text} at (0,-28) size 160x33
              text run at (0,-28) width 160: "xt \"\x{6211}\x{80FD}\x{541E}"
          RenderSVGText {text} at (280,80) size 480x36
            RenderSVGInlineText {#text} at (0,-31) size 144x36
              text run at (0,-31) width 144: "se: \x{79C1}\x{306F}"
          RenderSVGText {text} at (420,80) size 480x33
            RenderSVGInlineText {#text} at (0,-28) size 128x33
              text run at (0,-28) width 128: "se: \x{79C1}\x{306F}"
      RenderSVGText {text} at (10,340) size 480x46
        RenderSVGInlineText {#text} at (0,-36) size 264x46
          text run at (0,-36) width 264: "$Revision: 1.1 $"
      KCanvasItem {rect} at (0.50,0.50) size 479x359 [stroke={[type=SOLID] [color=#000000]}] [data="M1.00,1.00L479.00,1.00L479.00,359.00L1.00,359.00"]
