layer at (0,0) size 480x360
  RenderCanvas at (0,0) size 480x360
    KCanvasContainer {svg} at (0.50,0.50) size 479x359
      KCanvasContainer {g} at (0,0) size 0x0
        RenderSVGText {text} at (0,0) size 465x90
          RenderText {TEXT} at (0,0) size 338x90
            text run at (0,0) width 338: "Test 'baseline-shift'"
            text run at (0,45) width 132: "(vertic.)"
        KCanvasContainer {g} at (0,0) size 0x0
          KCanvasContainer {g} at (90,60) size 0x0 [transform={m=((1.00,0.00)(0.00,1.00)) t=(90.00,60.00)}]
            RenderSVGText {text} at (0,0) size 465x34
              RenderText {TEXT} at (0,0) size 25x34
                text run at (0,0) width 25: "te"
              RenderText {TEXT} at (25,0) size 23x34
                text run at (25,0) width 23: "xt"
            RenderSVGText {text} at (0,0) size 465x34
              RenderText {TEXT} at (0,0) size 25x34
                text run at (0,0) width 25: "te"
              RenderText {TEXT} at (25,0) size 23x34
                text run at (25,0) width 23: "xt"
            RenderSVGText {text} at (0,0) size 465x34
              RenderText {TEXT} at (0,0) size 25x34
                text run at (0,0) width 25: "te"
              RenderText {TEXT} at (25,0) size 8x34
                text run at (25,0) width 8: "t"
            RenderSVGText {text} at (0,0) size 465x34
              RenderText {TEXT} at (0,0) size 25x34
                text run at (0,0) width 25: "te"
              RenderText {TEXT} at (25,0) size 8x34
                text run at (25,0) width 8: "t"
      RenderSVGText {text} at (0,0) size 465x46
        RenderText {TEXT} at (0,0) size 264x46
          text run at (0,0) width 264: "$Revision: 1.1 $"
      KCanvasItem {rect} at (0.50,0.50) size 479x359 [stroke={[type=SOLID] [color=#000000]}] [data="M1.00,1.00L479.00,1.00L479.00,359.00L1.00,359.00"]
