layer at (0,0) size 480x360
  RenderView at (0,0) size 480x360
    RenderSVGContainer {svg} at (0.50,0.50) size 479x359
      RenderSVGContainer {g} at (0.50,0.50) size 479x359
        RenderSVGText {text} at (10,20) size 480x17
          RenderSVGInlineText {#text} at (0,-14) size 304x17
            text run at (0,-14) width 304: "Test single line and multiline text selection."
        RenderSVGContainer {g} at (25,51) size 359x217
          RenderSVGText {text} at (25,65) size 480x17
            RenderSVGInlineText {#text} at (0,-14) size 252x17
              text run at (0,-14) width 252: "Here is a stand-alone 'text' element."
          RenderSVGText {text} at (25,90) size 480x17
            RenderSVGInlineText {#text} at (0,-14) size 296x17
              text run at (0,-14) width 296: "Here is a second 'text' element just below."
          RenderSVGText {text} at (25,115) size 480x17
            RenderSVGInlineText {#text} at (0,-14) size 338x17
              text run at (0,-14) width 338: "Because these are four separate 'text' elements,"
          RenderSVGText {text} at (25,140) size 480x17
            RenderSVGInlineText {#text} at (0,-14) size 322x17
              text run at (0,-14) width 322: "text selection should not go across lines here."
          RenderSVGText {text} at (0,0) size 480x92
            RenderSVGTSpan {tspan} at (0,0) size 355x17
              RenderSVGInlineText {#text} at (25,176) size 355x17
                text run at (25,176) width 355: "However, these lines of text are achieved by using"
            RenderSVGInlineText {#text} at (380,176) size 4x17
              text run at (380,176) width 4: " "
            RenderSVGTSpan {tspan} at (0,0) size 347x17
              RenderSVGInlineText {#text} at (25,201) size 347x17
                text run at (25,201) width 347: "one 'tspan' per line, all contained within the same"
            RenderSVGInlineText {#text} at (372,201) size 4x17
              text run at (372,201) width 4: " "
            RenderSVGTSpan {tspan} at (0,0) size 340x17
              RenderSVGInlineText {#text} at (25,226) size 340x17
                text run at (25,226) width 340: "'text' element, so you should be able to select all"
            RenderSVGInlineText {#text} at (365,226) size 4x17
              text run at (365,226) width 4: " "
            RenderSVGTSpan {tspan} at (0,0) size 189x17
              RenderSVGInlineText {#text} at (25,251) size 189x17
                text run at (25,251) width 189: "four lines at the same time."
            RenderSVGInlineText {#text} at (0,0) size 0x0
        RenderSVGText {text} at (10,340) size 480x46
          RenderSVGInlineText {#text} at (0,-36) size 264x46
            text run at (0,-36) width 264: "$Revision: 1.8 $"
        RenderPath {rect} at (0.50,0.50) size 479x359 [stroke={[type=SOLID] [color=#000000]}] [data="M1.00,1.00L479.00,1.00L479.00,359.00L1.00,359.00"]
