layer at (0,0) size 480x360
  RenderView at (0,0) size 480x360
    RenderSVGContainer {svg} at (0.50,0.50) size 479x359
      RenderSVGContainer {g} at (30,59) size 126x154
        RenderSVGHiddenContainer {defs} at (0,0) size 0x0
        RenderSVGHiddenContainer {defs} at (0,0) size 0x0
          RenderSVGContainer {g} at (-4,-15) size 8x19
            RenderPath {line} at (-0.50,-15) size 1x15 [stroke={[type=SOLID] [color=#FF0000]}] [fill={[type=SOLID] [color=#000000]}] [data="M0.00,0.00L0.00,-15.00"]
            RenderPath {rect} at (-4,-4) size 8x8 [fill={[type=SOLID] [color=#000000]}] [data="M-4.00,-4.00L4.00,-4.00L4.00,4.00L-4.00,4.00"]
        RenderSVGContainer {g} at (30,59) size 126x154 [transform={m=((1.00,0.00)(0.00,1.00)) t=(20.00,30.00)}]
          RenderSVGContainer {g} at (30,59) size 71x154 [transform={m=((1.00,0.00)(0.00,1.00)) t=(10.00,40.00)}]
            RenderSVGText {text} at (0,0) size 480x14
              RenderSVGInlineText {#text} at (0,-11) size 62x14
                text run at (0,-11) width 62: "x positioning"
            RenderSVGText {text} at (0,40) size 480x14
              RenderSVGInlineText {#text} at (0,-11) size 62x14
                text run at (0,-11) width 62: "y positioning"
            RenderSVGText {text} at (0,140) size 480x14
              RenderSVGInlineText {#text} at (0,-11) size 71x14
                text run at (0,-11) width 71: "x/y positioning"
          RenderSVGContainer {g} at (130,60) size 26x13 [transform={m=((1.00,0.00)(0.00,1.00)) t=(100.00,40.00)}]
            RenderSVGText {text} at (10,0) size 480x13
              RenderSVGInlineText {#text} at (0,-10) size 26x13
                text run at (0,-10) width 26: "fi1234"
          RenderSVGContainer {g} at (120,90) size 26x13 [transform={m=((1.00,0.00)(0.00,1.00)) t=(100.00,80.00)}]
            RenderSVGText {text} at (0,-10) size 480x13
              RenderSVGInlineText {#text} at (0,-10) size 26x13
                text run at (0,-10) width 26: "fi1234"
          RenderSVGContainer {g} at (130,190) size 26x13 [transform={m=((1.00,0.00)(0.00,1.00)) t=(100.00,180.00)}]
            RenderSVGText {text} at (10,-10) size 480x13
              RenderSVGInlineText {#text} at (0,-10) size 26x13
                text run at (0,-10) width 26: "fi1234"
      RenderSVGText {text} at (10,340) size 480x46
        RenderSVGInlineText {#text} at (0,-36) size 264x46
          text run at (0,-36) width 264: "$Revision: 1.9 $"
      RenderPath {rect} at (0.50,0.50) size 479x359 [stroke={[type=SOLID] [color=#000000]}] [data="M1.00,1.00L479.00,1.00L479.00,359.00L1.00,359.00"]
