layer at (0,0) size 480x360
  RenderView at (0,0) size 480x360
    KCanvasContainer {svg} at (0.50,0.50) size 479x359
      KCanvasContainer {g} at (224.50,75) size 1x150
        RenderSVGText {text} at (0,0) size 480x45
          RenderText {#text} at (0,0) size 346x44
            text run at (0,0) width 346: "Test of 'text-anchor'"
        KCanvasItem {line} at (224.50,75) size 1x150 [stroke={[type=SOLID] [color=#FF0000]}] [fill={[type=SOLID] [color=#000000]}] [data="M225.00,75.00L225.00,225.00"]
        KCanvasContainer {g} at (0,0) size 0x0
          RenderSVGText {text} at (0,0) size 480x68
            RenderText {#text} at (0,0) size 229x33
              text run at (0,0) width 229: "Begin with \"end\","
            RenderInline {tspan} at (0,0) size 474x67
              RenderText {#text} at (229,0) size 474x67
                text run at (229,0) width 245: " switch to \"middle\""
                text run at (0,34) width 147: "in a tspan, "
            RenderInline {tspan} at (0,0) size 244x33
              RenderText {#text} at (147,34) size 244x33
                text run at (147,34) width 244: "and \"start\" ends it."
      RenderSVGText {text} at (0,0) size 480x46
        RenderText {#text} at (0,0) size 264x46
          text run at (0,0) width 264: "$Revision: 1.1 $"
      KCanvasItem {rect} at (0.50,0.50) size 479x359 [stroke={[type=SOLID] [color=#000000]}] [data="M1.00,1.00L479.00,1.00L479.00,359.00L1.00,359.00"]
