layer at (0,0) size 480x360
  RenderView at (0,0) size 480x360
    KCanvasContainer {svg} at (0.50,0.50) size 479x359
      KCanvasContainer {g} at (24.50,144.50) size 351x157
        RenderSVGText {text} at (0,0) size 480x39
          RenderText {#text} at (0,0) size 427x39
            text run at (0,0) width 427: "Basic: xml:space attribute"
        RenderSVGText {text} at (0,0) size 480x39
          RenderText {#text} at (0,0) size 373x39
            text run at (0,0) width 373: "& whitespace handling."
        RenderSVGText {text} at (0,0) size 480x45
          RenderText {#text} at (0,0) size 414x44
            text run at (0,0) width 414: "WS with indented lines."
        RenderSVGText {text} at (0,0) size 480x45
          RenderText {#text} at (0,0) size 414x44
            text run at (0,0) width 414: "WS with indented lines."
        KCanvasItem {rect} at (24.50,144.50) size 351x37 [stroke={[type=SOLID] [color=#000000]}] [data="M25.00,145.00L375.00,145.00L375.00,181.00L25.00,181.00"]
        RenderSVGText {text} at (0,0) size 480x45
          RenderText {#text} at (0,0) size 337x44
            text run at (0,0) width 337: "xml:space='default'"
        RenderSVGText {text} at (0,0) size 480x45
          RenderText {#text} at (0,0) size 411x44
            text run at (0,0) width 76: "WS "
            text run at (76,0) width 335: "non-indented lines."
        RenderSVGText {text} at (0,0) size 480x45
          RenderText {#text} at (0,0) size 411x44
            text run at (0,0) width 411: "WS non-indented lines."
        KCanvasItem {rect} at (24.50,264.50) size 351x37 [stroke={[type=SOLID] [color=#000000]}] [data="M25.00,265.00L375.00,265.00L375.00,301.00L25.00,301.00"]
        RenderSVGText {text} at (0,0) size 480x45
          RenderText {#text} at (0,0) size 337x44
            text run at (0,0) width 337: "xml:space='default'"
      RenderSVGText {text} at (0,0) size 480x46
        RenderText {#text} at (0,0) size 264x46
          text run at (0,0) width 264: "$Revision: 1.1 $"
      KCanvasItem {rect} at (0.50,0.50) size 479x359 [stroke={[type=SOLID] [color=#000000]}] [data="M1.00,1.00L479.00,1.00L479.00,359.00L1.00,359.00"]
