layer at (0,0) size 480x360
  RenderView at (0,0) size 480x360
    RenderSVGContainer {svg} at (0.50,0.50) size 479x359
      RenderSVGContainer {g} at (5,4) size 463x256
        RenderSVGText {text} at (5,40) size 480x44
          RenderSVGInlineText {#text} at (0,-36) size 346x44
            text run at (0,-36) width 346: "Test of 'text-anchor'"
        RenderSVGHiddenContainer {defs} at (0,0) size 0x0
          RenderSVGText {text} at (0,0) size 480x18
            RenderSVGInlineText {#text} at (0,-14) size 75x18
              text run at (0,-14) width 75: "end text tref"
          RenderPath {path} at (-5,260) size 225x0 [fill={[type=SOLID] [color=#000000]}] [data="M-5.00,260.00L220.00,260.00"]
        RenderSVGText {text} at (20,80) size 480x33
          RenderSVGInlineText {#text} at (0,-27) size 218x33
            text run at (0,-27) width 218: "Tspan, tref, toap"
        RenderPath {line} at (219.50,120) size 1x140 [stroke={[type=SOLID] [color=#FF0000]}] [fill={[type=SOLID] [color=#000000]}] [data="M220.00,120.00L220.00,260.00"]
        RenderSVGContainer {g} at (62,113) size 406x113
          RenderSVGText {text} at (220,140) size 480x33
            RenderSVGInlineText {#text} at (0,-27) size 122x33
              text run at (0,-27) width 122: "start text "
            RenderSVGTSpan {tspan} at (0,0) size 126x33
              RenderSVGInlineText {#text} at (122,-27) size 126x33
                text run at (122,-27) width 126: "red tspan"
          RenderSVGText {text} at (220,180) size 480x33
            RenderSVGInlineText {#text} at (-152,-27) size 154x33
              text run at (-152,-27) width 154: "middle text "
            RenderSVGTSpan {tspan} at (0,0) size 150x33
              RenderSVGInlineText {#text} at (2,-27) size 150x33
                text run at (2,-27) width 150: "bold tspan"
          RenderSVGText {text} at (220,220) size 480x33
            RenderSVGInline {tref} at (0,0) size 158x33
              RenderSVGInlineText {#text} at (-158,-27) size 158x33
                text run at (-158,-27) width 158: "end text tref"
            RenderSVGInlineText {#text} at (0,0) size 0x0
          RenderSVGText {text} at (0,0) size 480x0
      RenderSVGText {text} at (10,340) size 480x46
        RenderSVGInlineText {#text} at (0,-36) size 264x46
          text run at (0,-36) width 264: "$Revision: 1.5 $"
      RenderPath {rect} at (0.50,0.50) size 479x359 [stroke={[type=SOLID] [color=#000000]}] [data="M1.00,1.00L479.00,1.00L479.00,359.00L1.00,359.00"]
