layer at (0,0) size 480x360
  RenderView at (0,0) size 480x360
    RenderSVGContainer {svg} at (0.50,0.50) size 479x359
      RenderSVGContainer {g} at (5,4) size 413x283
        RenderSVGContainer {defs} at (0,0) size 0x0
        RenderSVGText {text} at (5,40) size 480x44
          RenderSVGInlineText {#text} at (0,-36) size 363x44
            text run at (0,-36) width 363: "Test left-to-right text."
        RenderSVGContainer {g} at (10,60) size 408x157
          RenderSVGText {text} at (10,75) size 480x17
            RenderSVGInlineText {#text} at (0,-15) size 297x17
              text run at (0,-15) width 297: "Polish: Mog\x{119} je\x{15B}\x{107} szk\x{142}o, i mi ..."
          RenderSVGText {text} at (10,110) size 480x17
            RenderSVGInlineText {#text} at (0,-15) size 408x17
              text run at (0,-15) width 408: "Russian: \x{42F} \x{43C}\x{43E}\x{433}\x{443} \x{435}\x{441}\x{442}\x{44C} \x{441}\x{442}\x{435}\x{43A}\x{43B}\x{43E}, ..."
          RenderSVGText {text} at (10,145) size 480x17
            RenderSVGInlineText {#text} at (0,-15) size 271x17
              text run at (0,-15) width 271: "Greek: \x{39C}\x{3C0}\x{3BF}\x{3C1}\x{3CE} \x{3BD}\x{3B1} \x{3C6}\x{3AC}\x{3C9} ..."
          RenderSVGText {text} at (10,180) size 480x17
            RenderSVGInlineText {#text} at (0,-15) size 282x17
              text run at (0,-15) width 72: "Hebrew: "
              text run at (72,-15) width 174 RTL: "\x{5D0}\x{5E0}\x{5D9} \x{5D9}\x{5DB}\x{5D5}\x{5DC} \x{5DC}\x{5D0}\x{5DB}\x{5D5}\x{5DC} \x{5D6}\x{5DB}\x{5D5}\x{5DB}\x{5D9}\x{5EA}"
              text run at (246,-15) width 36: " ..."
          RenderSVGText {text} at (10,215) size 480x17
            RenderSVGInlineText {#text} at (0,-15) size 289x17
              text run at (0,-15) width 81: "Yiddish: "
              text run at (81,-15) width 172 RTL: "\x{5D0}\x{5D9}\x{5DA} \x{5E7}\x{5E2}\x{5DF} \x{5E2}\x{5E1}\x{5DF} \x{5D2}\x{5DC}\x{5D0}\x{5B8}\x{5D6} \x{5D0}\x{5D5}\x{5DF}"
              text run at (253,-15) width 36: " ..."
        RenderSVGContainer {g} at (10,234) size 266x20
          RenderSVGText {text} at (10,250) size 480x20
            RenderSVGInlineText {#text} at (0,-16) size 266x20
              text run at (0,-16) width 266: "Chinese:\x{6211}\x{80FD}\x{541E}\x{4E0B}\x{73BB}\x{7483}\x{800C}\x{4E0D}\x{4F24}\x{8EAB}\x{4F53}\x{3002}"
        RenderSVGContainer {g} at (10,270) size 277x17
          RenderSVGText {text} at (10,285) size 480x17
            RenderSVGInlineText {#text} at (0,-15) size 277x17
              text run at (0,-15) width 277: "Japanese: \x{79C1}\x{306F}\x{30AC}\x{30E9}\x{30B9}\x{3092}\x{98DF}\x{3079}\x{307E}\x{3059}\x{3002}"
      RenderSVGText {text} at (10,340) size 480x46
        RenderSVGInlineText {#text} at (0,-36) size 264x46
          text run at (0,-36) width 264: "$Revision: 1.7 $"
      RenderPath {rect} at (0.50,0.50) size 479x359 [stroke={[type=SOLID] [color=#000000]}] [data="M1.00,1.00L479.00,1.00L479.00,359.00L1.00,359.00"]
