layer at (0,0) size 480x360
  RenderView at (0,0) size 480x360
    RenderSVGContainer {svg} at (0.50,0.50) size 479x359
      RenderSVGContainer {g} at (72.50,14) size 283.50x206
        RenderSVGText {text} at (75,25) size 480x14
          RenderSVGInlineText {#text} at (0,-11) size 281x14
            text run at (0,-11) width 281: "Test 'tref' element with an external referenced string."
        RenderSVGText {text} at (75,200) size 480x0
          RenderSVGInline {tref} at (0,0) size 0x0
          RenderSVGInlineText {#text} at (0,0) size 0x0
        RenderPath {rect} at (72.50,182.50) size 261x23 [stroke={[type=SOLID] [color=#000000]}] [data="M73.00,183.00L333.00,183.00L333.00,205.00L73.00,205.00"]
        RenderSVGText {text} at (73,217) size 480x14
          RenderSVGInlineText {#text} at (0,-11) size 154x14
            text run at (0,-11) width 154: "'tref' to a string in another file"
      RenderSVGText {text} at (10,340) size 480x46
        RenderSVGInlineText {#text} at (0,-36) size 264x46
          text run at (0,-36) width 264: "$Revision: 1.6 $"
      RenderPath {rect} at (0.50,0.50) size 479x359 [stroke={[type=SOLID] [color=#000000]}] [data="M1.00,1.00L479.00,1.00L479.00,359.00L1.00,359.00"]
