layer at (0,0) size 480x360
  RenderView at (0,0) size 480x360
    KCanvasContainer {svg} at (0.50,0.50) size 479x359
      KCanvasContainer {g} at (0,0) size 0x0
        KCanvasContainer {g} at (0,0) size 0x0
          RenderSVGText {text} at (0,0) size 480x27
            RenderText {#text} at (0,0) size 198x27
              text run at (0,0) width 198: "A serifed face \x{753B}\x{50CF}"
          RenderSVGText {text} at (0,0) size 480x28
            RenderText {#text} at (0,0) size 233x27
              text run at (0,0) width 233: "A sans-serif face \x{753B}\x{50CF}"
          RenderSVGText {text} at (0,0) size 480x27
            RenderText {#text} at (0,0) size 286x27
              text run at (0,0) width 286: "A mono (iW) face \x{753B}\x{50CF}"
          KCanvasContainer {g} at (0,0) size 0x0
            RenderSVGText {text} at (0,0) size 480x28
              RenderText {#text} at (0,0) size 190x28
                text run at (0,0) width 190: "A serifed face \x{753B}\x{50CF}"
            RenderSVGText {text} at (0,0) size 480x28
              RenderText {#text} at (0,0) size 233x28
                text run at (0,0) width 233: "A sans-serif face \x{753B}\x{50CF}"
            RenderSVGText {text} at (0,0) size 480x28
              RenderText {#text} at (0,0) size 286x28
                text run at (0,0) width 286: "A mono (iW) face \x{753B}\x{50CF}"
          RenderSVGText {text} at (0,0) size 480x28
            RenderText {#text} at (0,0) size 224x28
              text run at (0,0) width 224: "This must be displayed"
      RenderSVGText {text} at (0,0) size 480x46
        RenderText {#text} at (0,0) size 264x46
          text run at (0,0) width 264: "$Revision: 1.1 $"
      KCanvasItem {rect} at (0.50,0.50) size 479x359 [stroke={[type=SOLID] [color=#000000]}] [data="M1.00,1.00L479.00,1.00L479.00,359.00L1.00,359.00"]
