layer at (0,0) size 480x360
  RenderCanvas at (0,0) size 480x360
    KCanvasContainer {svg} at (0.50,0.50) size 479x359
      KCanvasContainer {g} at (0,0) size 0x0
        RenderSVGText {text} at (0,0) size 465x18
          RenderText {TEXT} at (0,0) size 150x18
            text run at (0,0) width 150: "Test 'text-decoration'."
        KCanvasContainer {g} at (0,0) size 0x0
          RenderSVGText {text} at (0,0) size 465x28
            RenderText {TEXT} at (0,0) size 122x28
              text run at (0,0) width 122: "Normal text"
          RenderSVGText {text} at (0,0) size 465x28
            RenderText {TEXT} at (0,0) size 227x28
              text run at (0,0) width 227: "Text with line-through"
          RenderSVGText {text} at (0,0) size 465x28
            RenderText {TEXT} at (0,0) size 159x28
              text run at (0,0) width 159: "Underlined text"
          RenderSVGText {text} at (0,0) size 465x0
      RenderSVGText {text} at (0,0) size 465x46
        RenderText {TEXT} at (0,0) size 264x46
          text run at (0,0) width 264: "$Revision: 1.1 $"
      KCanvasItem {rect} at (0.50,0.50) size 479x359 [stroke={[type=SOLID] [color=#000000]}] [data="M1.00,1.00L479.00,1.00L479.00,359.00L1.00,359.00"]
