layer at (0,0) size 480x360
  RenderView at (0,0) size 480x360
    RenderSVGContainer {svg} at (0.50,0.50) size 479x359
      RenderSVGContainer {g} at (15,29) size 396x190
        RenderSVGContainer {defs} at (0,0) size 0x0
        RenderSVGText {text} at (15,60) size 480x22
          RenderSVGInlineText {#text} at (0,-17) size 241x22
            text run at (0,-17) width 241: "font-family = \"Haettenschweiler\""
        RenderSVGText {text} at (340,60) size 480x35
          RenderSVGInlineText {#text} at (0,-31) size 41x35
            text run at (0,-31) width 41: "ABC"
        RenderSVGText {text} at (15,110) size 480x22
          RenderSVGInlineText {#text} at (0,-17) size 213x22
            text run at (0,-17) width 213: "font-family = \"Charlesworth\""
        RenderSVGText {text} at (340,110) size 480x40
          RenderSVGInlineText {#text} at (0,-31) size 71x40
            text run at (0,-31) width 71: "ABC"
        RenderSVGText {text} at (15,160) size 480x22
          RenderSVGInlineText {#text} at (0,-17) size 215x22
            text run at (0,-17) width 215: "font-family = \"Invalid Name\""
        RenderSVGText {text} at (340,160) size 480x40
          RenderSVGInlineText {#text} at (0,-31) size 71x40
            text run at (0,-31) width 71: "ABC"
        RenderSVGText {text} at (15,210) size 480x22
          RenderSVGInlineText {#text} at (0,-17) size 195x22
            text run at (0,-17) width 195: "font-family = not specified"
        RenderSVGText {text} at (340,210) size 480x40
          RenderSVGInlineText {#text} at (0,-31) size 71x40
            text run at (0,-31) width 71: "ABC"
      RenderSVGText {text} at (10,340) size 480x46
        RenderSVGInlineText {#text} at (0,-36) size 264x46
          text run at (0,-36) width 264: "$Revision: 1.5 $"
      RenderPath {rect} at (0.50,0.50) size 479x359 [stroke={[type=SOLID] [color=#000000]}] [data="M1.00,1.00L479.00,1.00L479.00,359.00L1.00,359.00"]
