layer at (0,0) size 480x360
  RenderView at (0,0) size 480x360
    RenderSVGContainer {svg} at (0.50,-110) size 479x469.50
      RenderSVGContainer {g} at (10,-110) size 342.80x413
        RenderSVGContainer {g} at (10,-110) size 342.80x413
          RenderSVGContainer {g} at (16.97,-110) size 335.83x274.44 [transform={m=((1.00,0.00)(0.00,1.00)) t=(70.00,-60.00)}]
            RenderSVGText {text} at (30,150) size 480x23
              RenderSVGInlineText {#text} at (0,-18) size 344x23
                text run at (0,-18) width 344: "Rotated Text for testing SVGLocatable"
            RenderSVGText {text} at (100,130) size 480x23
              RenderSVGInlineText {#text} at (0,-18) size 304x23
                text run at (0,-18) width 304: "Some other text with id 'otherText'"
            RenderSVGContainer {svg} at (75,-55) size 100x100
              RenderPath {circle} at (75,-55) size 100x100 [fill={[type=SOLID] [color=#FF0000]}] [data="M50.00,0.00L49.90,3.14L49.61,6.27L49.11,9.37L48.43,12.43L47.55,15.45L46.49,18.41L45.24,21.29L43.82,24.09L42.22,26.79L40.45,29.39L38.53,31.87L36.45,34.23L34.23,36.45L31.87,38.53L29.39,40.45L26.79,42.22L24.09,43.82L21.29,45.24L18.41,46.49L15.45,47.55L12.43,48.43L9.37,49.11L6.27,49.61L3.14,49.90L0.00,50.00L-3.14,49.90L-6.27,49.61L-9.37,49.11L-12.43,48.43L-15.45,47.55L-18.41,46.49L-21.29,45.24L-24.09,43.82L-26.79,42.22L-29.39,40.45L-31.87,38.53L-34.23,36.45L-36.45,34.23L-38.53,31.87L-40.45,29.39L-42.22,26.79L-43.82,24.09L-45.24,21.29L-46.49,18.41L-47.55,15.45L-48.43,12.43L-49.11,9.37L-49.61,6.27L-49.90,3.14L-50.00,0.00L-49.90,-3.14L-49.61,-6.27L-49.11,-9.37L-48.43,-12.43L-47.55,-15.45L-46.49,-18.41L-45.24,-21.29L-43.82,-24.09L-42.22,-26.79L-40.45,-29.39L-38.53,-31.87L-36.45,-34.23L-34.23,-36.45L-31.87,-38.53L-29.39,-40.45L-26.79,-42.22L-24.09,-43.82L-21.29,-45.24L-18.41,-46.49L-15.45,-47.55L-12.43,-48.43L-9.37,-49.11L-6.27,-49.61L-3.14,-49.90L-0.00,-50.00L3.14,-49.90L6.27,-49.61L9.37,-49.11L12.43,-48.43L15.45,-47.55L18.41,-46.49L21.29,-45.24L24.09,-43.82L26.79,-42.22L29.39,-40.45L31.87,-38.53L34.23,-36.45L36.45,-34.23L38.53,-31.87L40.45,-29.39L42.22,-26.79L43.82,-24.09L45.24,-21.29L46.49,-18.41L47.55,-15.45L48.43,-12.43L49.11,-9.37L49.61,-6.27L49.90,-3.14"]
          RenderSVGText {text} at (10,200) size 480x14
            RenderSVGInlineText {#text} at (0,-11) size 280x14
              text run at (0,-11) width 280: ".getScreenCTM(): 0.42,0.42,-0.42,0.42,70.00,-60.00"
          RenderSVGText {text} at (10,220) size 480x14
            RenderSVGInlineText {#text} at (0,-11) size 241x14
              text run at (0,-11) width 241: ".getCTM(): 0.42,0.42,-0.42,0.42,70.00,-60.00"
          RenderSVGText {text} at (10,240) size 480x14
            RenderSVGInlineText {#text} at (0,-11) size 311x14
              text run at (0,-11) width 311: ".getTransformToElement(): 0.42,0.42,-0.42,0.42,0.00,0.00"
          RenderSVGText {text} at (10,260) size 480x14
            RenderSVGInlineText {#text} at (0,-11) size 339x14
              text run at (0,-11) width 339: ".getBBox() for 'redCircle': .x=-50,.y=-50,.width=100,.height=100"
          RenderSVGText {text} at (10,280) size 480x14
            RenderSVGInlineText {#text} at (0,-11) size 253x14
              text run at (0,-11) width 253: ".farthestViewportElement of redCircle=svg-root"
          RenderSVGText {text} at (10,300) size 480x14
            RenderSVGInlineText {#text} at (0,-11) size 272x14
              text run at (0,-11) width 272: ".nearestViewportElement of redCircle=nestedSVG"
      RenderSVGText {text} at (10,340) size 480x46
        RenderSVGInlineText {#text} at (0,-36) size 264x46
          text run at (0,-36) width 264: "$Revision: 1.1 $"
      RenderPath {rect} at (0.50,0.50) size 479x359 [stroke={[type=SOLID] [color=#000000]}] [data="M1.00,1.00L479.00,1.00L479.00,359.00L1.00,359.00"]
